Java HotSpot(TM) 64-Bit Server VM (24.80-b11) for linux-amd64 JRE (1.7.0_80-b15), built on Apr 10 2015 19:53:14 by "java_re" with gcc 4.3.0 20080428 (Red Hat 4.3.0-8)
Memory: 4k page, physical 8000092k(5531224k free), swap 8218620k(8218620k free)
CommandLine flags: -XX:InitialHeapSize=50556928 -XX:MaxHeapSize=50556928 -XX:+PrintGC -XX:+PrintGCApplicationConcurrentTime -XX:+PrintGCApplicationStoppedTime -XX:+PrintGCDetails -XX:+PrintGCTimeStamps -XX:-UseAdaptiveSizePolicy -XX:+UseCMSInitiatingOccupancyOnly -XX:+UseCompressedOops -XX:+UseParallelGC 
1.011: Application time: 0.9863180 seconds
1.011: Total time for which application threads were stopped: 0.0000420 seconds, Stopping threads took: 0.0000090 seconds
4.030: Application time: 3.0191070 seconds
4.030: Total time for which application threads were stopped: 0.0000650 seconds, Stopping threads took: 0.0000110 seconds
14.792: Application time: 10.7626750 seconds
14.792: Total time for which application threads were stopped: 0.0000230 seconds, Stopping threads took: 0.0000080 seconds
14.793: Application time: 0.0000270 seconds
14.793: Total time for which application threads were stopped: 0.0000070 seconds, Stopping threads took: 0.0000030 seconds
14.794: Application time: 0.0013940 seconds
14.794: Total time for which application threads were stopped: 0.0000110 seconds, Stopping threads took: 0.0000050 seconds
14.816: Application time: 0.0220900 seconds
14.816: Total time for which application threads were stopped: 0.0000440 seconds, Stopping threads took: 0.0000120 seconds
14.828: Application time: 0.0122640 seconds
14.828: [GC [PSYoungGen: 9622K->2042K(14848K)] 9622K->3231K(48128K), 0.0021910 secs] [Times: user=0.01 sys=0.00, real=0.00 secs] 
14.831: [Full GC [PSYoungGen: 2042K->0K(14848K)] [ParOldGen: 1188K->3145K(33280K)] 3231K->3145K(48128K) [PSPermGen: 5075K->5074K(21504K)], 0.0114560 secs] [Times: user=0.04 sys=0.00, real=0.01 secs] 
14.842: Total time for which application threads were stopped: 0.0137670 seconds, Stopping threads took: 0.0000050 seconds
14.842: Application time: 0.0000390 seconds
14.842: [GC [PSYoungGen: 0K->0K(14848K)] 3145K->3145K(48128K), 0.0002740 secs] [Times: user=0.01 sys=0.00, real=0.00 secs] 
14.842: [Full GC [PSYoungGen: 0K->0K(14848K)] [ParOldGen: 3145K->3145K(33280K)] 3145K->3145K(48128K) [PSPermGen: 5074K->5074K(21504K)], 0.0041290 secs] [Times: user=0.01 sys=0.00, real=0.01 secs] 
14.847: Total time for which application threads were stopped: 0.0044960 seconds, Stopping threads took: 0.0000130 seconds
14.847: Application time: 0.0000900 seconds
14.847: Total time for which application threads were stopped: 0.0000250 seconds, Stopping threads took: 0.0000160 seconds
14.847: Application time: 0.0000140 seconds
14.847: Total time for which application threads were stopped: 0.0000140 seconds, Stopping threads took: 0.0000090 seconds
14.847: Application time: 0.0000120 seconds
14.847: Total time for which application threads were stopped: 0.0000180 seconds, Stopping threads took: 0.0000140 seconds
14.847: Application time: 0.0000150 seconds
14.847: Total time for which application threads were stopped: 0.0000170 seconds, Stopping threads took: 0.0000130 seconds
14.847: Application time: 0.0000110 seconds
14.847: Total time for which application threads were stopped: 0.0000090 seconds, Stopping threads took: 0.0000050 seconds
14.847: Application time: 0.0000100 seconds
14.847: Total time for which application threads were stopped: 0.0000130 seconds, Stopping threads took: 0.0000090 seconds
14.847: Application time: 0.0000110 seconds
14.847: Total time for which application threads were stopped: 0.0000130 seconds, Stopping threads took: 0.0000090 seconds
14.847: Application time: 0.0000170 seconds
14.847: Total time for which application threads were stopped: 0.0000160 seconds, Stopping threads took: 0.0000120 seconds
14.847: Application time: 0.0000110 seconds
14.847: Total time for which application threads were stopped: 0.0000180 seconds, Stopping threads took: 0.0000140 seconds
14.847: Application time: 0.0000100 seconds
14.847: Total time for which application threads were stopped: 0.0000180 seconds, Stopping threads took: 0.0000150 seconds
14.847: Application time: 0.0000150 seconds
14.847: Total time for which application threads were stopped: 0.0000160 seconds, Stopping threads took: 0.0000120 seconds
14.847: Application time: 0.0000140 seconds
14.847: Total time for which application threads were stopped: 0.0000210 seconds, Stopping threads took: 0.0000170 seconds
14.847: Application time: 0.0000140 seconds
14.847: Total time for which application threads were stopped: 0.0000170 seconds, Stopping threads took: 0.0000130 seconds
14.847: Application time: 0.0000140 seconds
14.847: Total time for which application threads were stopped: 0.0000160 seconds, Stopping threads took: 0.0000130 seconds
14.847: Application time: 0.0000290 seconds
14.847: Total time for which application threads were stopped: 0.0000140 seconds, Stopping threads took: 0.0000100 seconds
14.847: Application time: 0.0000140 seconds
14.847: Total time for which application threads were stopped: 0.0000160 seconds, Stopping threads took: 0.0000110 seconds
14.847: Application time: 0.0000140 seconds
14.847: Total time for which application threads were stopped: 0.0000130 seconds, Stopping threads took: 0.0000090 seconds
14.847: Application time: 0.0000130 seconds
14.847: Total time for which application threads were stopped: 0.0000130 seconds, Stopping threads took: 0.0000090 seconds
14.847: Application time: 0.0000130 seconds
14.847: Total time for which application threads were stopped: 0.0000130 seconds, Stopping threads took: 0.0000090 seconds
14.847: Application time: 0.0000130 seconds
14.847: Total time for which application threads were stopped: 0.0000200 seconds, Stopping threads took: 0.0000090 seconds
14.848: Application time: 0.0003880 seconds
14.848: Total time for which application threads were stopped: 0.0000130 seconds, Stopping threads took: 0.0000050 seconds
14.850: Application time: 0.0019400 seconds
14.850: Total time for which application threads were stopped: 0.0000650 seconds, Stopping threads took: 0.0000580 seconds
14.850: Application time: 0.0000690 seconds
14.850: Total time for which application threads were stopped: 0.0000600 seconds, Stopping threads took: 0.0000500 seconds
14.850: Application time: 0.0004810 seconds
14.850: Total time for which application threads were stopped: 0.0000230 seconds, Stopping threads took: 0.0000130 seconds
14.877: Application time: 0.0269400 seconds
14.877: Total time for which application threads were stopped: 0.0000950 seconds, Stopping threads took: 0.0000600 seconds
15.008: Application time: 0.1309680 seconds
15.009: [GC [PSYoungGen: 12722K->2046K(14848K)] 15868K->10649K(48128K), 0.0017730 secs] [Times: user=0.01 sys=0.00, real=0.00 secs] 
15.010: Total time for which application threads were stopped: 0.0019420 seconds, Stopping threads took: 0.0001000 seconds
15.011: Application time: 0.0002400 seconds
15.011: Total time for which application threads were stopped: 0.0001650 seconds, Stopping threads took: 0.0001460 seconds
15.011: Application time: 0.0000250 seconds
15.011: Total time for which application threads were stopped: 0.0002620 seconds, Stopping threads took: 0.0002520 seconds
15.011: Application time: 0.0000230 seconds
15.011: Total time for which application threads were stopped: 0.0001930 seconds, Stopping threads took: 0.0001840 seconds
15.024: Application time: 0.0125650 seconds
15.024: Total time for which application threads were stopped: 0.0000800 seconds, Stopping threads took: 0.0000640 seconds
15.024: Application time: 0.0000250 seconds
15.024: Total time for which application threads were stopped: 0.0000330 seconds, Stopping threads took: 0.0000260 seconds
15.024: Application time: 0.0000150 seconds
15.024: Total time for which application threads were stopped: 0.0000340 seconds, Stopping threads took: 0.0000280 seconds
15.024: Application time: 0.0000110 seconds
15.024: Total time for which application threads were stopped: 0.0000220 seconds, Stopping threads took: 0.0000170 seconds
15.024: Application time: 0.0000090 seconds
15.024: Total time for which application threads were stopped: 0.0000220 seconds, Stopping threads took: 0.0000180 seconds
15.024: Application time: 0.0000100 seconds
15.024: Total time for which application threads were stopped: 0.0000190 seconds, Stopping threads took: 0.0000140 seconds
15.024: Application time: 0.0000110 seconds
15.024: Total time for which application threads were stopped: 0.0000240 seconds, Stopping threads took: 0.0000190 seconds
15.024: Application time: 0.0000090 seconds
15.024: Total time for which application threads were stopped: 0.0000240 seconds, Stopping threads took: 0.0000200 seconds
15.024: Application time: 0.0000090 seconds
15.024: Total time for which application threads were stopped: 0.0000220 seconds, Stopping threads took: 0.0000170 seconds
15.143: Application time: 0.1183710 seconds
15.195: [GC [PSYoungGen: 14797K->1964K(14848K)] 23401K->13302K(48128K), 0.0011390 secs] [Times: user=0.01 sys=0.00, real=0.00 secs] 
15.196: Total time for which application threads were stopped: 0.0535640 seconds, Stopping threads took: 0.0523490 seconds
15.298: Application time: 0.1019740 seconds
15.368: [GC [PSYoungGen: 14665K->1459K(14848K)] 26003K->12797K(48128K), 0.0006470 secs] [Times: user=0.00 sys=0.00, real=0.00 secs] 
15.368: Total time for which application threads were stopped: 0.0700940 seconds, Stopping threads took: 0.0693490 seconds
15.470: Application time: 0.1018910 seconds
15.534: [GC [PSYoungGen: 14121K->646K(14848K)] 25459K->11984K(48128K), 0.0005010 secs] [Times: user=0.00 sys=0.00, real=0.00 secs] 
15.534: Total time for which application threads were stopped: 0.0640400 seconds, Stopping threads took: 0.0634470 seconds
15.630: Application time: 0.0962590 seconds
15.695: [GC [PSYoungGen: 13253K->256K(14848K)] 24591K->11594K(48128K), 0.0004910 secs] [Times: user=0.00 sys=0.00, real=0.00 secs] 
15.696: Total time for which application threads were stopped: 0.0650790 seconds, Stopping threads took: 0.0645040 seconds
15.791: Application time: 0.0954420 seconds
15.850: [GC [PSYoungGen: 12924K->1037K(14848K)] 24262K->12375K(48128K), 0.0006090 secs] [Times: user=0.00 sys=0.00, real=0.00 secs] 
15.851: Total time for which application threads were stopped: 0.0599820 seconds, Stopping threads took: 0.0592830 seconds
15.951: Application time: 0.1005230 seconds
16.011: [GC [PSYoungGen: 13584K->662K(14848K)] 24922K->12000K(48128K), 0.0005190 secs] [Times: user=0.00 sys=0.00, real=0.00 secs] 
16.011: Total time for which application threads were stopped: 0.0598820 seconds, Stopping threads took: 0.0592650 seconds
16.103: Application time: 0.0914470 seconds
16.175: [GC [PSYoungGen: 13389K->451K(14848K)] 24727K->11789K(48128K), 0.0004650 secs] [Times: user=0.00 sys=0.00, real=0.00 secs] 
16.175: Total time for which application threads were stopped: 0.0724810 seconds, Stopping threads took: 0.0719310 seconds
16.256: Application time: 0.0811150 seconds
16.317: [GC [PSYoungGen: 13070K->1916K(14848K)] 24408K->13644K(48128K), 0.0009150 secs] [Times: user=0.01 sys=0.00, real=0.00 secs] 
16.318: Total time for which application threads were stopped: 0.0614680 seconds, Stopping threads took: 0.0604800 seconds
16.427: Application time: 0.1087010 seconds
16.496: [GC [PSYoungGen: 14629K->1037K(14848K)] 26358K->12766K(48128K), 0.0006020 secs] [Times: user=0.01 sys=0.00, real=0.00 secs] 
16.497: Total time for which application threads were stopped: 0.0700460 seconds, Stopping threads took: 0.0693760 seconds
16.598: Application time: 0.1018280 seconds
16.665: [GC [PSYoungGen: 13789K->678K(14848K)] 25518K->12407K(48128K), 0.0005390 secs] [Times: user=0.00 sys=0.00, real=0.01 secs] 
16.665: Total time for which application threads were stopped: 0.0667580 seconds, Stopping threads took: 0.0661410 seconds
16.750: Application time: 0.0846590 seconds
16.812: [GC [PSYoungGen: 13352K->320K(14848K)] 25081K->12048K(48128K), 0.0004590 secs] [Times: user=0.00 sys=0.00, real=0.00 secs] 
16.813: Total time for which application threads were stopped: 0.0627670 seconds, Stopping threads took: 0.0622450 seconds
16.891: Application time: 0.0780590 seconds
16.935: [GC [PSYoungGen: 12779K->758K(14848K)] 24508K->12487K(48128K), 0.0005280 secs] [Times: user=0.00 sys=0.00, real=0.00 secs] 
16.935: Total time for which application threads were stopped: 0.0444810 seconds, Stopping threads took: 0.0438910 seconds
17.018: Application time: 0.0823990 seconds
17.081: [GC [PSYoungGen: 13471K->563K(14848K)] 25200K->12292K(48128K), 0.0005080 secs] [Times: user=0.00 sys=0.00, real=0.00 secs] 
17.081: Total time for which application threads were stopped: 0.0638600 seconds, Stopping threads took: 0.0632890 seconds
17.161: Application time: 0.0798130 seconds
17.216: [GC [PSYoungGen: 13276K->336K(14848K)] 25005K->12064K(48128K), 0.0004570 secs] [Times: user=0.00 sys=0.00, real=0.00 secs] 
17.217: Total time for which application threads were stopped: 0.0552700 seconds, Stopping threads took: 0.0547370 seconds
17.297: Application time: 0.0802360 seconds
17.365: [GC [PSYoungGen: 12951K->1149K(14848K)] 24680K->12942K(48128K), 0.0006190 secs] [Times: user=0.00 sys=0.00, real=0.01 secs] 
17.366: Total time for which application threads were stopped: 0.0688670 seconds, Stopping threads took: 0.0681760 seconds
17.449: Application time: 0.0835160 seconds
17.503: [GC [PSYoungGen: 13667K->758K(14848K)] 25459K->12575K(48128K), 0.0006220 secs] [Times: user=0.00 sys=0.00, real=0.00 secs] 
17.503: Total time for which application threads were stopped: 0.0540930 seconds, Stopping threads took: 0.0534070 seconds
17.586: Application time: 0.0830850 seconds
17.652: [GC [PSYoungGen: 13471K->579K(14848K)] 25288K->12396K(48128K), 0.0004780 secs] [Times: user=0.00 sys=0.00, real=0.00 secs] 
17.652: Total time for which application threads were stopped: 0.0660340 seconds, Stopping threads took: 0.0654830 seconds
17.746: Application time: 0.0932490 seconds
17.802: [GC [PSYoungGen: 12999K->1181K(14848K)] 24816K->12998K(48128K), 0.0007190 secs] [Times: user=0.01 sys=0.00, real=0.00 secs] 
17.802: Total time for which application threads were stopped: 0.0566620 seconds, Stopping threads took: 0.0558670 seconds
17.885: Application time: 0.0830510 seconds
17.948: [GC [PSYoungGen: 13777K->774K(14848K)] 25593K->12591K(48128K), 0.0005100 secs] [Times: user=0.00 sys=0.00, real=0.00 secs] 
17.949: Total time for which application threads were stopped: 0.0633010 seconds, Stopping threads took: 0.0627220 seconds
18.031: Application time: 0.0821340 seconds
18.087: [GC [PSYoungGen: 13566K->563K(14848K)] 25382K->12380K(48128K), 0.0004730 secs] [Times: user=0.00 sys=0.00, real=0.00 secs] 
18.088: Total time for which application threads were stopped: 0.0569470 seconds, Stopping threads took: 0.0564080 seconds
18.185: Application time: 0.0972090 seconds
18.234: [GC [PSYoungGen: 13335K->1344K(14848K)] 25151K->13161K(48128K), 0.0008030 secs] [Times: user=0.00 sys=0.00, real=0.00 secs] 
18.235: Total time for which application threads were stopped: 0.0502710 seconds, Stopping threads took: 0.0493770 seconds
18.346: Application time: 0.1105630 seconds
18.402: [GC [PSYoungGen: 13823K->694K(14848K)] 25640K->12511K(48128K), 0.0006430 secs] [Times: user=0.00 sys=0.00, real=0.00 secs] 
18.402: Total time for which application threads were stopped: 0.0564500 seconds, Stopping threads took: 0.0557080 seconds
18.486: Application time: 0.0832880 seconds
18.539: [GC [PSYoungGen: 13407K->579K(14848K)] 25224K->12396K(48128K), 0.0005520 secs] [Times: user=0.00 sys=0.00, real=0.00 secs] 
18.539: Total time for which application threads were stopped: 0.0538320 seconds, Stopping threads took: 0.0532160 seconds
18.623: Application time: 0.0834950 seconds
18.687: [GC [PSYoungGen: 13370K->320K(14848K)] 25187K->12152K(48128K), 0.0004380 secs] [Times: user=0.00 sys=0.00, real=0.00 secs] 
18.687: Total time for which application threads were stopped: 0.0643820 seconds, Stopping threads took: 0.0638790 seconds
18.766: Application time: 0.0784740 seconds
18.806: [GC [PSYoungGen: 12935K->1117K(14848K)] 24768K->12974K(48128K), 0.0006040 secs] [Times: user=0.00 sys=0.00, real=0.00 secs] 
18.806: Total time for which application threads were stopped: 0.0406210 seconds, Stopping threads took: 0.0399290 seconds
18.905: Application time: 0.0984250 seconds
18.967: [GC [PSYoungGen: 13811K->1914K(14848K)] 25667K->13795K(48128K), 0.0007860 secs] [Times: user=0.00 sys=0.00, real=0.00 secs] 
18.968: Total time for which application threads were stopped: 0.0629960 seconds, Stopping threads took: 0.0621220 seconds
19.071: Application time: 0.1030310 seconds
19.135: [GC [PSYoungGen: 14530K->547K(14848K)] 26410K->12460K(48128K), 0.0006230 secs] [Times: user=0.00 sys=0.00, real=0.00 secs] 
19.135: Total time for which application threads were stopped: 0.0644280 seconds, Stopping threads took: 0.0637140 seconds
19.216: Application time: 0.0812230 seconds
19.281: [GC [PSYoungGen: 13260K->320K(14848K)] 25173K->12232K(48128K), 0.0004030 secs] [Times: user=0.00 sys=0.00, real=0.00 secs] 
19.281: Total time for which application threads were stopped: 0.0648270 seconds, Stopping threads took: 0.0643590 seconds
19.363: Application time: 0.0817460 seconds
19.418: [GC [PSYoungGen: 12935K->1133K(14848K)] 24848K->13046K(48128K), 0.0005960 secs] [Times: user=0.01 sys=0.00, real=0.00 secs] 
19.419: Total time for which application threads were stopped: 0.0556020 seconds, Stopping threads took: 0.0549340 seconds
19.524: Application time: 0.1058340 seconds
19.584: [GC [PSYoungGen: 13807K->774K(14848K)] 25720K->12687K(48128K), 0.0005500 secs] [Times: user=0.00 sys=0.00, real=0.01 secs] 
19.586: Total time for which application threads were stopped: 0.0614350 seconds, Stopping threads took: 0.0597450 seconds
19.670: Application time: 0.0835910 seconds
19.731: [GC [PSYoungGen: 13487K->531K(14848K)] 25400K->12444K(48128K), 0.0006500 secs] [Times: user=0.00 sys=0.00, real=0.00 secs] 
19.732: Total time for which application threads were stopped: 0.0623530 seconds, Stopping threads took: 0.0616290 seconds
19.824: Application time: 0.0919560 seconds
19.878: [GC [PSYoungGen: 13186K->1133K(14848K)] 25098K->13046K(48128K), 0.0006660 secs] [Times: user=0.01 sys=0.00, real=0.00 secs] 
19.878: Total time for which application threads were stopped: 0.0545330 seconds, Stopping threads took: 0.0537950 seconds
19.963: Application time: 0.0850050 seconds
20.025: [GC [PSYoungGen: 13846K->922K(14848K)] 25759K->12834K(48128K), 0.0005440 secs] [Times: user=0.00 sys=0.00, real=0.01 secs] 
20.025: Total time for which application threads were stopped: 0.0620640 seconds, Stopping threads took: 0.0614420 seconds
20.125: Application time: 0.1000160 seconds
20.194: [GC [PSYoungGen: 13596K->547K(14848K)] 25508K->12468K(48128K), 0.0007100 secs] [Times: user=0.00 sys=0.00, real=0.00 secs] 
20.195: Total time for which application threads were stopped: 0.0695910 seconds, Stopping threads took: 0.0687930 seconds
20.287: Application time: 0.0917470 seconds
20.340: [GC [PSYoungGen: 13162K->1328K(14848K)] 25083K->13265K(48128K), 0.0007540 secs] [Times: user=0.00 sys=0.00, real=0.00 secs] 
20.341: Total time for which application threads were stopped: 0.0541840 seconds, Stopping threads took: 0.0533660 seconds
20.439: Application time: 0.0980810 seconds
20.507: [GC [PSYoungGen: 14041K->1133K(14848K)] 25978K->13086K(48128K), 0.0008460 secs] [Times: user=0.00 sys=0.00, real=0.00 secs] 
20.508: Total time for which application threads were stopped: 0.0684400 seconds, Stopping threads took: 0.0675020 seconds
20.593: Application time: 0.0857180 seconds
20.646: [GC [PSYoungGen: 13748K->1930K(14848K)] 25701K->13891K(48128K), 0.0010050 secs] [Times: user=0.00 sys=0.00, real=0.00 secs] 
20.648: Total time for which application threads were stopped: 0.0542750 seconds, Stopping threads took: 0.0531830 seconds
20.743: Application time: 0.0955370 seconds
20.798: [GC [PSYoungGen: 14624K->1962K(14848K)] 26584K->14704K(48128K), 0.0011070 secs] [Times: user=0.00 sys=0.00, real=0.00 secs] 
20.799: Total time for which application threads were stopped: 0.0562520 seconds, Stopping threads took: 0.0550470 seconds
20.900: Application time: 0.1008660 seconds
20.968: [GC [PSYoungGen: 14675K->304K(14848K)] 27417K->13054K(48128K), 0.0006450 secs] [Times: user=0.00 sys=0.00, real=0.00 secs] 
20.969: Total time for which application threads were stopped: 0.0683600 seconds, Stopping threads took: 0.0676180 seconds
21.047: Application time: 0.0788600 seconds
21.090: [GC [PSYoungGen: 12919K->1181K(14848K)] 25669K->13931K(48128K), 0.0006560 secs] [Times: user=0.01 sys=0.01, real=0.00 secs] 
21.091: Total time for which application threads were stopped: 0.0431550 seconds, Stopping threads took: 0.0424340 seconds
21.174: Application time: 0.0831040 seconds
21.237: [GC [PSYoungGen: 13777K->758K(14848K)] 26527K->13532K(48128K), 0.0007150 secs] [Times: user=0.01 sys=0.00, real=0.00 secs] 
21.238: Total time for which application threads were stopped: 0.0639280 seconds, Stopping threads took: 0.0631260 seconds
21.325: Application time: 0.0871320 seconds
21.388: [GC [PSYoungGen: 13432K->320K(14848K)] 26206K->13094K(48128K), 0.0006270 secs] [Times: user=0.00 sys=0.00, real=0.00 secs] 
21.389: Total time for which application threads were stopped: 0.0642280 seconds, Stopping threads took: 0.0635060 seconds
21.466: Application time: 0.0771820 seconds
21.507: [GC [PSYoungGen: 13013K->1165K(14848K)] 25787K->13939K(48128K), 0.0007140 secs] [Times: user=0.00 sys=0.00, real=0.00 secs] 
21.508: Total time for which application threads were stopped: 0.0420610 seconds, Stopping threads took: 0.0412580 seconds
21.593: Application time: 0.0844290 seconds
21.654: [GC [PSYoungGen: 13839K->742K(14848K)] 26613K->13516K(48128K), 0.0005080 secs] [Times: user=0.01 sys=0.00, real=0.00 secs] 
21.655: Total time for which application threads were stopped: 0.0618900 seconds, Stopping threads took: 0.0613140 seconds
21.755: Application time: 0.1003270 seconds
21.823: [GC [PSYoungGen: 13534K->531K(14848K)] 26308K->13321K(48128K), 0.0006450 secs] [Times: user=0.00 sys=0.00, real=0.00 secs] 
21.824: Total time for which application threads were stopped: 0.0692610 seconds, Stopping threads took: 0.0685260 seconds
21.906: Application time: 0.0815100 seconds
21.969: [GC [PSYoungGen: 13244K->368K(14848K)] 26034K->13158K(48128K), 0.0004480 secs] [Times: user=0.00 sys=0.00, real=0.00 secs] 
21.969: Total time for which application threads were stopped: 0.0636470 seconds, Stopping threads took: 0.0631050 seconds
22.063: Application time: 0.0932530 seconds
22.106: [GC [PSYoungGen: 12983K->1149K(14848K)] 25773K->13947K(48128K), 0.0007600 secs] [Times: user=0.00 sys=0.00, real=0.00 secs] 
22.107: Total time for which application threads were stopped: 0.0446510 seconds, Stopping threads took: 0.0438000 seconds
22.198: Application time: 0.0911410 seconds
22.250: [GC [PSYoungGen: 13843K->1962K(14848K)] 26640K->14760K(48128K), 0.0008180 secs] [Times: user=0.00 sys=0.00, real=0.00 secs] 
22.251: Total time for which application threads were stopped: 0.0523770 seconds, Stopping threads took: 0.0514730 seconds
22.350: Application time: 0.0994400 seconds
22.418: [GC [PSYoungGen: 14577K->579K(14848K)] 27375K->13393K(48128K), 0.0005700 secs] [Times: user=0.00 sys=0.00, real=0.00 secs] 
22.419: Total time for which application threads were stopped: 0.0685280 seconds, Stopping threads took: 0.0678700 seconds
22.516: Application time: 0.0973750 seconds
22.578: [GC [PSYoungGen: 13292K->368K(14848K)] 26106K->13182K(48128K), 0.0004950 secs] [Times: user=0.00 sys=0.00, real=0.00 secs] 
22.579: Total time for which application threads were stopped: 0.0628600 seconds, Stopping threads took: 0.0622860 seconds
22.660: Application time: 0.0809560 seconds
22.723: [GC [PSYoungGen: 12983K->1165K(14848K)] 25797K->13979K(48128K), 0.0006630 secs] [Times: user=0.00 sys=0.00, real=0.00 secs] 
22.723: Total time for which application threads were stopped: 0.0635450 seconds, Stopping threads took: 0.0628120 seconds
22.808: Application time: 0.0849810 seconds
22.859: [GC [PSYoungGen: 13858K->1962K(14848K)] 26672K->14776K(48128K), 0.0010240 secs] [Times: user=0.00 sys=0.00, real=0.00 secs] 
22.860: Total time for which application threads were stopped: 0.0512560 seconds, Stopping threads took: 0.0501400 seconds
22.960: Application time: 0.0998560 seconds
23.029: [GC [PSYoungGen: 14656K->579K(14848K)] 27470K->13401K(48128K), 0.0006450 secs] [Times: user=0.00 sys=0.00, real=0.00 secs] 
23.030: Total time for which application threads were stopped: 0.0699500 seconds, Stopping threads took: 0.0692110 seconds
23.108: Application time: 0.0786170 seconds
23.150: [GC [PSYoungGen: 13234K->1133K(14848K)] 26056K->13955K(48128K), 0.0008070 secs] [Times: user=0.00 sys=0.01, real=0.00 secs] 
23.151: Total time for which application threads were stopped: 0.0425170 seconds, Stopping threads took: 0.0416140 seconds
23.232: Application time: 0.0816820 seconds
23.299: [GC [PSYoungGen: 13729K->806K(14848K)] 26551K->13628K(48128K), 0.0006090 secs] [Times: user=0.00 sys=0.00, real=0.00 secs] 
23.300: Total time for which application threads were stopped: 0.0673100 seconds, Stopping threads took: 0.0666140 seconds
23.401: Application time: 0.1013950 seconds
23.463: [GC [PSYoungGen: 13598K->563K(14848K)] 26420K->13401K(48128K), 0.0005130 secs] [Times: user=0.00 sys=0.00, real=0.00 secs] 
23.463: Total time for which application threads were stopped: 0.0622480 seconds, Stopping threads took: 0.0616430 seconds
23.546: Application time: 0.0832050 seconds
23.611: [GC [PSYoungGen: 13354K->304K(14848K)] 26192K->13150K(48128K), 0.0005830 secs] [Times: user=0.00 sys=0.00, real=0.00 secs] 
23.611: Total time for which application threads were stopped: 0.0649970 seconds, Stopping threads took: 0.0643520 seconds
23.692: Application time: 0.0801950 seconds
23.733: [GC [PSYoungGen: 12919K->1133K(14848K)] 25765K->13995K(48128K), 0.0008620 secs] [Times: user=0.00 sys=0.00, real=0.01 secs] 
23.734: Total time for which application threads were stopped: 0.0419860 seconds, Stopping threads took: 0.0410210 seconds
23.819: Application time: 0.0848970 seconds
23.875: [GC [PSYoungGen: 13651K->774K(14848K)] 26513K->13644K(48128K), 0.0006590 secs] [Times: user=0.01 sys=0.00, real=0.00 secs] 
23.876: Total time for which application threads were stopped: 0.0574850 seconds, Stopping threads took: 0.0567620 seconds
23.963: Application time: 0.0872010 seconds
24.004: [GC [PSYoungGen: 13390K->1555K(14848K)] 26260K->14433K(48128K), 0.0009160 secs] [Times: user=0.00 sys=0.00, real=0.00 secs] 
24.005: Total time for which application threads were stopped: 0.0415300 seconds, Stopping threads took: 0.0405420 seconds
24.101: Application time: 0.0963690 seconds
24.168: [GC [PSYoungGen: 14269K->1392K(14848K)] 27146K->14270K(48128K), 0.0006580 secs] [Times: user=0.01 sys=0.00, real=0.00 secs] 
24.169: Total time for which application threads were stopped: 0.0679170 seconds, Stopping threads took: 0.0671600 seconds
24.271: Application time: 0.1017850 seconds
24.336: [GC [PSYoungGen: 14105K->1181K(14848K)] 26983K->14059K(48128K), 0.0007810 secs] [Times: user=0.01 sys=0.01, real=0.00 secs] 
24.337: Total time for which application threads were stopped: 0.0659000 seconds, Stopping threads took: 0.0650180 seconds
24.421: Application time: 0.0842440 seconds
24.478: [GC [PSYoungGen: 13777K->726K(14848K)] 26655K->13612K(48128K), 0.0006470 secs] [Times: user=0.01 sys=0.00, real=0.00 secs] 
24.478: Total time for which application threads were stopped: 0.0574330 seconds, Stopping threads took: 0.0567210 seconds
24.560: Application time: 0.0819370 seconds
24.625: [GC [PSYoungGen: 13518K->611K(14848K)] 26404K->13497K(48128K), 0.0005200 secs] [Times: user=0.01 sys=0.00, real=0.01 secs] 
24.626: Total time for which application threads were stopped: 0.0656580 seconds, Stopping threads took: 0.0641240 seconds
24.714: Application time: 0.0879910 seconds
24.776: [GC [PSYoungGen: 13383K->1360K(14848K)] 26269K->14246K(48128K), 0.0008660 secs] [Times: user=0.00 sys=0.00, real=0.00 secs] 
24.777: Total time for which application threads were stopped: 0.0626490 seconds, Stopping threads took: 0.0616920 seconds
24.885: Application time: 0.1081550 seconds
24.952: [GC [PSYoungGen: 14152K->1149K(14848K)] 27038K->14075K(48128K), 0.0008210 secs] [Times: user=0.00 sys=0.00, real=0.01 secs] 
24.953: Total time for which application threads were stopped: 0.0682830 seconds, Stopping threads took: 0.0673590 seconds
25.037: Application time: 0.0842100 seconds
25.101: [GC [PSYoungGen: 13745K->758K(14848K)] 26671K->13700K(48128K), 0.0004830 secs] [Times: user=0.00 sys=0.00, real=0.00 secs] 
25.101: Total time for which application threads were stopped: 0.0636750 seconds, Stopping threads took: 0.0631250 seconds
25.190: Application time: 0.0885090 seconds
25.236: [GC [PSYoungGen: 13530K->1556K(14848K)] 26472K->14506K(48128K), 0.0007350 secs] [Times: user=0.00 sys=0.00, real=0.00 secs] 
25.237: Total time for which application threads were stopped: 0.0471930 seconds, Stopping threads took: 0.0463740 seconds
25.337: Application time: 0.1003830 seconds
25.406: [GC [PSYoungGen: 14269K->1344K(14848K)] 27219K->14310K(48128K), 0.0008880 secs] [Times: user=0.00 sys=0.00, real=0.00 secs] 
25.407: Total time for which application threads were stopped: 0.0693960 seconds, Stopping threads took: 0.0684150 seconds
25.512: Application time: 0.1056460 seconds
25.580: [GC [PSYoungGen: 14057K->1165K(14848K)] 27023K->14139K(48128K), 0.0006310 secs] [Times: user=0.00 sys=0.00, real=0.00 secs] 
25.581: Total time for which application threads were stopped: 0.0684730 seconds, Stopping threads took: 0.0677640 seconds
25.662: Application time: 0.0815590 seconds
25.728: [GC [PSYoungGen: 13683K->726K(14848K)] 26657K->13716K(48128K), 0.0004730 secs] [Times: user=0.01 sys=0.00, real=0.00 secs] 
25.729: Total time for which application threads were stopped: 0.0664860 seconds, Stopping threads took: 0.0659500 seconds
25.812: Application time: 0.0837230 seconds
25.868: [GC [PSYoungGen: 13517K->547K(14848K)] 26507K->13561K(48128K), 0.0004730 secs] [Times: user=0.00 sys=0.00, real=0.00 secs] 
25.868: Total time for which application threads were stopped: 0.0559580 seconds, Stopping threads took: 0.0554220 seconds
25.958: Application time: 0.0894050 seconds
26.029: [GC [PSYoungGen: 13260K->304K(14848K)] 26274K->13318K(48128K), 0.0005010 secs] [Times: user=0.00 sys=0.00, real=0.00 secs] 
26.030: Total time for which application threads were stopped: 0.0717960 seconds, Stopping threads took: 0.0712250 seconds
26.108: Application time: 0.0780620 seconds
26.150: [GC [PSYoungGen: 12997K->1181K(14848K)] 26011K->14195K(48128K), 0.0006420 secs] [Times: user=0.00 sys=0.00, real=0.00 secs] 
26.151: Total time for which application threads were stopped: 0.0429570 seconds, Stopping threads took: 0.0422330 seconds
26.235: Application time: 0.0843140 seconds
26.302: [GC [PSYoungGen: 13855K->678K(14848K)] 26869K->13692K(48128K), 0.0005350 secs] [Times: user=0.00 sys=0.00, real=0.00 secs] 
26.302: Total time for which application threads were stopped: 0.0672610 seconds, Stopping threads took: 0.0666630 seconds
26.390: Application time: 0.0874690 seconds
26.453: [GC [PSYoungGen: 13391K->579K(14848K)] 26405K->13593K(48128K), 0.0006610 secs] [Times: user=0.00 sys=0.00, real=0.01 secs] 
26.454: Total time for which application threads were stopped: 0.0639060 seconds, Stopping threads took: 0.0631510 seconds
26.532: Application time: 0.0786640 seconds
26.575: [GC [PSYoungGen: 13351K->2044K(14848K)] 26365K->15448K(48128K), 0.0009850 secs] [Times: user=0.00 sys=0.00, real=0.00 secs] 
26.576: Total time for which application threads were stopped: 0.0433690 seconds, Stopping threads took: 0.0422960 seconds
26.658: Application time: 0.0824080 seconds
26.725: [GC [PSYoungGen: 14757K->1149K(14848K)] 28162K->14561K(48128K), 0.0006300 secs] [Times: user=0.01 sys=0.00, real=0.01 secs] 
26.726: Total time for which application threads were stopped: 0.0676250 seconds, Stopping threads took: 0.0669200 seconds
26.810: Application time: 0.0843230 seconds
26.874: [GC [PSYoungGen: 13940K->986K(14848K)] 27353K->14414K(48128K), 0.0005310 secs] [Times: user=0.00 sys=0.00, real=0.00 secs] 
26.875: Total time for which application threads were stopped: 0.0649180 seconds, Stopping threads took: 0.0643230 seconds
26.971: Application time: 0.0962070 seconds
27.037: [GC [PSYoungGen: 13777K->742K(14848K)] 27205K->14195K(48128K), 0.0005050 secs] [Times: user=0.01 sys=0.00, real=0.00 secs] 
27.037: Total time for which application threads were stopped: 0.0661940 seconds, Stopping threads took: 0.0656150 seconds
27.120: Application time: 0.0829060 seconds
27.184: [GC [PSYoungGen: 13455K->563K(14848K)] 26908K->14031K(48128K), 0.0006420 secs] [Times: user=0.00 sys=0.00, real=0.00 secs] 
27.185: Total time for which application threads were stopped: 0.0646450 seconds, Stopping threads took: 0.0639180 seconds
27.268: Application time: 0.0827990 seconds
27.332: [GC [PSYoungGen: 13276K->304K(14848K)] 26745K->13788K(48128K), 0.0004940 secs] [Times: user=0.00 sys=0.00, real=0.00 secs] 
27.332: Total time for which application threads were stopped: 0.0644460 seconds, Stopping threads took: 0.0638800 seconds
27.410: Application time: 0.0777280 seconds
27.450: [GC [PSYoungGen: 12919K->2028K(14848K)] 26404K->15724K(48128K), 0.0009610 secs] [Times: user=0.01 sys=0.00, real=0.00 secs] 
27.451: Total time for which application threads were stopped: 0.0408680 seconds, Stopping threads took: 0.0398370 seconds
27.548: Application time: 0.0970630 seconds
27.618: [GC [PSYoungGen: 14624K->1865K(14848K)] 28320K->15561K(48128K), 0.0008380 secs] [Times: user=0.01 sys=0.00, real=0.00 secs] 
27.619: Total time for which application threads were stopped: 0.0710940 seconds, Stopping threads took: 0.0701670 seconds
27.702: Application time: 0.0832600 seconds
27.769: [GC [PSYoungGen: 14656K->579K(14848K)] 28352K->14275K(48128K), 0.0004530 secs] [Times: user=0.00 sys=0.00, real=0.00 secs] 
27.769: Total time for which application threads were stopped: 0.0670450 seconds, Stopping threads took: 0.0665240 seconds
27.851: Application time: 0.0819110 seconds
27.905: [GC [PSYoungGen: 13370K->352K(14848K)] 27066K->14048K(48128K), 0.0004860 secs] [Times: user=0.00 sys=0.00, real=0.01 secs] 
27.906: Total time for which application threads were stopped: 0.0544740 seconds, Stopping threads took: 0.0539160 seconds
27.984: Application time: 0.0784740 seconds
28.026: [GC [PSYoungGen: 13124K->2012K(14848K)] 26820K->15919K(48128K), 0.0009380 secs] [Times: user=0.01 sys=0.00, real=0.00 secs] 
28.027: Total time for which application threads were stopped: 0.0427010 seconds, Stopping threads took: 0.0416970 seconds
28.110: Application time: 0.0834190 seconds
28.179: [GC [PSYoungGen: 14608K->758K(14848K)] 28515K->14666K(48128K), 0.0005430 secs] [Times: user=0.01 sys=0.00, real=0.00 secs] 
28.179: Total time for which application threads were stopped: 0.0691880 seconds, Stopping threads took: 0.0685770 seconds
28.263: Application time: 0.0834800 seconds
28.327: [GC [PSYoungGen: 13549K->563K(14848K)] 27457K->14478K(48128K), 0.0005310 secs] [Times: user=0.00 sys=0.00, real=0.00 secs] 
28.327: Total time for which application threads were stopped: 0.0644970 seconds, Stopping threads took: 0.0638810 seconds
28.408: Application time: 0.0810570 seconds
28.468: [GC [PSYoungGen: 13276K->336K(14848K)] 27191K->14275K(48128K), 0.0004900 secs] [Times: user=0.00 sys=0.00, real=0.00 secs] 
28.468: Total time for which application threads were stopped: 0.0598810 seconds, Stopping threads took: 0.0593160 seconds
28.546: Application time: 0.0774810 seconds
28.585: [GC [PSYoungGen: 13127K->2044K(14848K)] 27066K->17350K(48128K), 0.0011620 secs] [Times: user=0.01 sys=0.00, real=0.00 secs] 
28.587: Total time for which application threads were stopped: 0.0407940 seconds, Stopping threads took: 0.0395550 seconds
28.684: Application time: 0.0978400 seconds
28.752: [GC [PSYoungGen: 14464K->790K(14848K)] 29771K->16105K(48128K), 0.0005730 secs] [Times: user=0.00 sys=0.00, real=0.00 secs] 
28.753: Total time for which application threads were stopped: 0.0685160 seconds, Stopping threads took: 0.0678750 seconds
28.837: Application time: 0.0842220 seconds
28.900: [GC [PSYoungGen: 13503K->595K(14848K)] 28818K->15909K(48128K), 0.0006220 secs] [Times: user=0.00 sys=0.00, real=0.00 secs] 
28.901: Total time for which application threads were stopped: 0.0639000 seconds, Stopping threads took: 0.0631900 seconds
28.983: Application time: 0.0815850 seconds
29.041: [GC [PSYoungGen: 13308K->368K(14848K)] 28623K->15690K(48128K), 0.0004490 secs] [Times: user=0.01 sys=0.00, real=0.00 secs] 
29.041: Total time for which application threads were stopped: 0.0585240 seconds, Stopping threads took: 0.0579800 seconds
29.119: Application time: 0.0783270 seconds
29.160: [GC [PSYoungGen: 13061K->1133K(14848K)] 28384K->16479K(48128K), 0.0006620 secs] [Times: user=0.00 sys=0.00, real=0.00 secs] 
29.161: Total time for which application threads were stopped: 0.0412230 seconds, Stopping threads took: 0.0404710 seconds
29.265: Application time: 0.1039010 seconds
29.330: [GC [PSYoungGen: 13651K->790K(14848K)] 28997K->16137K(48128K), 0.0005950 secs] [Times: user=0.00 sys=0.00, real=0.00 secs] 
29.331: Total time for which application threads were stopped: 0.0662410 seconds, Stopping threads took: 0.0655750 seconds
29.429: Application time: 0.0983900 seconds
29.494: [GC [PSYoungGen: 13465K->320K(14848K)] 28811K->15666K(48128K), 0.0004650 secs] [Times: user=0.00 sys=0.00, real=0.00 secs] 
29.494: Total time for which application threads were stopped: 0.0650160 seconds, Stopping threads took: 0.0644790 seconds
29.574: Application time: 0.0794750 seconds
29.615: [GC [PSYoungGen: 13072K->1962K(14848K)] 28418K->17504K(48128K), 0.0008790 secs] [Times: user=0.00 sys=0.00, real=0.00 secs] 
29.616: Total time for which application threads were stopped: 0.0425190 seconds, Stopping threads took: 0.0415650 seconds
29.699: Application time: 0.0828800 seconds
29.756: [GC [PSYoungGen: 14578K->1849K(14848K)] 30119K->17398K(48128K), 0.0007900 secs] [Times: user=0.00 sys=0.00, real=0.00 secs] 
29.757: Total time for which application threads were stopped: 0.0581240 seconds, Stopping threads took: 0.0565590 seconds
29.841: Application time: 0.0839990 seconds
29.913: [GC [PSYoungGen: 14640K->531K(14848K)] 30190K->16097K(48128K), 0.0007450 secs] [Times: user=0.00 sys=0.00, real=0.01 secs] 
29.914: Total time for which application threads were stopped: 0.0724640 seconds, Stopping threads took: 0.0716060 seconds
29.995: Application time: 0.0813530 seconds
30.050: [GC [PSYoungGen: 13244K->320K(14848K)] 28810K->15909K(48128K), 0.0004350 secs] [Times: user=0.00 sys=0.00, real=0.00 secs] 
30.050: Total time for which application threads were stopped: 0.0552490 seconds, Stopping threads took: 0.0547390 seconds
30.129: Application time: 0.0784980 seconds
30.170: [GC [PSYoungGen: 13013K->1165K(14848K)] 28603K->16771K(48128K), 0.0006370 secs] [Times: user=0.00 sys=0.00, real=0.00 secs] 
30.171: Total time for which application threads were stopped: 0.0416560 seconds, Stopping threads took: 0.0409370 seconds
30.253: Application time: 0.0827690 seconds
30.319: [GC [PSYoungGen: 13683K->790K(14848K)] 29289K->16404K(48128K), 0.0006990 secs] [Times: user=0.00 sys=0.00, real=0.00 secs] 
30.320: Total time for which application threads were stopped: 0.0664110 seconds, Stopping threads took: 0.0656250 seconds
30.407: Application time: 0.0877050 seconds
30.478: [GC [PSYoungGen: 13503K->547K(14848K)] 29117K->16185K(48128K), 0.0005370 secs] [Times: user=0.00 sys=0.00, real=0.00 secs] 
30.479: Total time for which application threads were stopped: 0.0711830 seconds, Stopping threads took: 0.0705610 seconds
30.561: Application time: 0.0821010 seconds
30.619: [GC [PSYoungGen: 13338K->336K(14848K)] 28976K->15973K(48128K), 0.0004530 secs] [Times: user=0.00 sys=0.00, real=0.00 secs] 
30.620: Total time for which application threads were stopped: 0.0588920 seconds, Stopping threads took: 0.0583740 seconds
30.698: Application time: 0.0787730 seconds
30.738: [GC [PSYoungGen: 12951K->1133K(14848K)] 28589K->16787K(48128K), 0.0006090 secs] [Times: user=0.01 sys=0.00, real=0.00 secs] 
30.739: Total time for which application threads were stopped: 0.0402020 seconds, Stopping threads took: 0.0395100 seconds
30.823: Application time: 0.0842610 seconds
30.888: [GC [PSYoungGen: 13846K->986K(14848K)] 29500K->16639K(48128K), 0.0005430 secs] [Times: user=0.00 sys=0.00, real=0.00 secs] 
30.888: Total time for which application threads were stopped: 0.0653810 seconds, Stopping threads took: 0.0647690 seconds
30.984: Application time: 0.0957920 seconds
31.048: [GC [PSYoungGen: 13660K->579K(14848K)] 29314K->16233K(48128K), 0.0005090 secs] [Times: user=0.01 sys=0.00, real=0.00 secs] 
31.049: Total time for which application threads were stopped: 0.0647850 seconds, Stopping threads took: 0.0642100 seconds
31.127: Application time: 0.0777770 seconds
31.170: [GC [PSYoungGen: 13351K->1296K(14848K)] 29005K->16950K(48128K), 0.0008730 secs] [Times: user=0.00 sys=0.00, real=0.00 secs] 
31.170: Total time for which application threads were stopped: 0.0438160 seconds, Stopping threads took: 0.0428540 seconds
31.276: Application time: 0.1051070 seconds
31.339: [GC [PSYoungGen: 14087K->1117K(14848K)] 29741K->16787K(48128K), 0.0006810 secs] [Times: user=0.00 sys=0.00, real=0.00 secs] 
31.340: Total time for which application threads were stopped: 0.0645210 seconds, Stopping threads took: 0.0637380 seconds
31.423: Application time: 0.0830450 seconds
31.481: [GC [PSYoungGen: 13713K->774K(14848K)] 29383K->16444K(48128K), 0.0005470 secs] [Times: user=0.00 sys=0.00, real=0.00 secs] 
31.482: Total time for which application threads were stopped: 0.0589020 seconds, Stopping threads took: 0.0582670 seconds
31.565: Application time: 0.0834740 seconds
31.628: [GC [PSYoungGen: 13487K->595K(14848K)] 29157K->16273K(48128K), 0.0005080 secs] [Times: user=0.01 sys=0.00, real=0.00 secs] 
31.629: Total time for which application threads were stopped: 0.0634570 seconds, Stopping threads took: 0.0628810 seconds
31.711: Application time: 0.0821560 seconds
31.776: [GC [PSYoungGen: 13386K->352K(14848K)] 29064K->16053K(48128K), 0.0005060 secs] [Times: user=0.00 sys=0.00, real=0.00 secs] 
31.777: Total time for which application threads were stopped: 0.0654280 seconds, Stopping threads took: 0.0648370 seconds
31.855: Application time: 0.0785830 seconds
31.897: [GC [PSYoungGen: 13045K->1149K(14848K)] 28747K->16851K(48128K), 0.0006230 secs] [Times: user=0.01 sys=0.00, real=0.00 secs] 
31.898: Total time for which application threads were stopped: 0.0428040 seconds, Stopping threads took: 0.0421120 seconds
31.982: Application time: 0.0841660 seconds
32.037: [GC [PSYoungGen: 13667K->758K(14848K)] 29369K->16468K(48128K), 0.0004610 secs] [Times: user=0.00 sys=0.00, real=0.00 secs] 
32.038: Total time for which application threads were stopped: 0.0554150 seconds, Stopping threads took: 0.0548860 seconds
32.121: Application time: 0.0831590 seconds
32.192: [GC [PSYoungGen: 13471K->595K(14848K)] 29181K->16305K(48128K), 0.0005390 secs] [Times: user=0.00 sys=0.00, real=0.00 secs] 
32.193: Total time for which application threads were stopped: 0.0718870 seconds, Stopping threads took: 0.0712780 seconds
32.286: Application time: 0.0934480 seconds
32.350: [GC [PSYoungGen: 13210K->1360K(14848K)] 28920K->17078K(48128K), 0.0008050 secs] [Times: user=0.00 sys=0.00, real=0.00 secs] 
32.351: Total time for which application threads were stopped: 0.0647010 seconds, Stopping threads took: 0.0638260 seconds
32.451: Application time: 0.1003470 seconds
32.518: [GC [PSYoungGen: 14073K->1133K(14848K)] 29791K->16851K(48128K), 0.0007260 secs] [Times: user=0.01 sys=0.00, real=0.00 secs] 
32.518: Total time for which application threads were stopped: 0.0673280 seconds, Stopping threads took: 0.0665050 seconds
32.601: Application time: 0.0829640 seconds
32.666: [GC [PSYoungGen: 13885K->774K(14848K)] 29603K->16492K(48128K), 0.0005080 secs] [Times: user=0.00 sys=0.00, real=0.00 secs] 
32.667: Total time for which application threads were stopped: 0.0651820 seconds, Stopping threads took: 0.0645890 seconds
32.749: Application time: 0.0823960 seconds
32.814: [GC [PSYoungGen: 13565K->595K(14848K)] 29283K->16321K(48128K), 0.0007580 secs] [Times: user=0.00 sys=0.00, real=0.00 secs] 
32.815: Total time for which application threads were stopped: 0.0662610 seconds, Stopping threads took: 0.0654130 seconds
32.903: Application time: 0.0881800 seconds
32.975: [GC [PSYoungGen: 13308K->256K(14848K)] 29034K->15981K(48128K), 0.0006210 secs] [Times: user=0.00 sys=0.00, real=0.00 secs] 
32.976: Total time for which application threads were stopped: 0.0724960 seconds, Stopping threads took: 0.0717760 seconds
33.055: Application time: 0.0794610 seconds
33.098: [GC [PSYoungGen: 12949K->1197K(14848K)] 28675K->16923K(48128K), 0.0006830 secs] [Times: user=0.01 sys=0.00, real=0.00 secs] 
33.098: Total time for which application threads were stopped: 0.0430070 seconds, Stopping threads took: 0.0422460 seconds
33.183: Application time: 0.0844830 seconds
33.247: [GC [PSYoungGen: 13793K->758K(14848K)] 29519K->16500K(48128K), 0.0005520 secs] [Times: user=0.01 sys=0.00, real=0.00 secs] 
33.247: Total time for which application threads were stopped: 0.0645500 seconds, Stopping threads took: 0.0639110 seconds
33.345: Application time: 0.0974280 seconds
33.383: [GC [PSYoungGen: 13374K->1571K(14848K)] 29116K->17321K(48128K), 0.0007940 secs] [Times: user=0.00 sys=0.00, real=0.00 secs] 
33.384: Total time for which application threads were stopped: 0.0387090 seconds, Stopping threads took: 0.0378390 seconds
33.483: Application time: 0.0992400 seconds
33.550: [GC [PSYoungGen: 14363K->1328K(14848K)] 30113K->17086K(48128K), 0.0008080 secs] [Times: user=0.00 sys=0.00, real=0.00 secs] 
33.551: Total time for which application threads were stopped: 0.0683080 seconds, Stopping threads took: 0.0674190 seconds
33.655: Application time: 0.1035300 seconds
33.721: [GC [PSYoungGen: 14120K->1165K(14848K)] 29878K->16939K(48128K), 0.0005800 secs] [Times: user=0.00 sys=0.00, real=0.00 secs] 
33.722: Total time for which application threads were stopped: 0.0672590 seconds, Stopping threads took: 0.0666010 seconds
33.808: Application time: 0.0863880 seconds
33.871: [GC [PSYoungGen: 13683K->774K(14848K)] 29457K->16548K(48128K), 0.0005280 secs] [Times: user=0.00 sys=0.00, real=0.00 secs] 
33.871: Total time for which application threads were stopped: 0.0630730 seconds, Stopping threads took: 0.0624590 seconds
33.953: Application time: 0.0812570 seconds
34.019: [GC [PSYoungGen: 13566K->547K(14848K)] 29339K->16345K(48128K), 0.0004720 secs] [Times: user=0.01 sys=0.00, real=0.00 secs] 
34.019: Total time for which application threads were stopped: 0.0664390 seconds, Stopping threads took: 0.0659020 seconds
34.101: Application time: 0.0817200 seconds
34.157: [GC [PSYoungGen: 13338K->304K(14848K)] 29136K->16117K(48128K), 0.0004040 secs] [Times: user=0.00 sys=0.00, real=0.00 secs] 
34.158: Total time for which application threads were stopped: 0.0567560 seconds, Stopping threads took: 0.0562870 seconds
34.236: Application time: 0.0789230 seconds
34.279: [GC [PSYoungGen: 12997K->1165K(14848K)] 28811K->16979K(48128K), 0.0005850 secs] [Times: user=0.00 sys=0.00, real=0.00 secs] 
34.279: Total time for which application threads were stopped: 0.0429870 seconds, Stopping threads took: 0.0423230 seconds
34.363: Application time: 0.0834990 seconds
34.413: [GC [PSYoungGen: 13858K->1978K(14848K)] 29672K->17792K(48128K), 0.0007500 secs] [Times: user=0.00 sys=0.00, real=0.01 secs] 
34.413: Total time for which application threads were stopped: 0.0503880 seconds, Stopping threads took: 0.0495700 seconds
34.516: Application time: 0.1029000 seconds
34.584: [GC [PSYoungGen: 14672K->579K(14848K)] 30486K->16393K(48128K), 0.0004970 secs] [Times: user=0.01 sys=0.00, real=0.00 secs] 
34.584: Total time for which application threads were stopped: 0.0678010 seconds, Stopping threads took: 0.0672340 seconds
34.668: Application time: 0.0835490 seconds
34.732: [GC [PSYoungGen: 13292K->304K(14848K)] 29106K->16117K(48128K), 0.0004540 secs] [Times: user=0.00 sys=0.00, real=0.00 secs] 
34.732: Total time for which application threads were stopped: 0.0644970 seconds, Stopping threads took: 0.0639730 seconds
34.812: Application time: 0.0795770 seconds
34.855: [GC [PSYoungGen: 12997K->1133K(14848K)] 28811K->16955K(48128K), 0.0006320 secs] [Times: user=0.00 sys=0.00, real=0.00 secs] 
34.856: Total time for which application threads were stopped: 0.0445920 seconds, Stopping threads took: 0.0429060 seconds
34.961: Application time: 0.1042710 seconds
35.029: [GC [PSYoungGen: 13651K->774K(14848K)] 29473K->16612K(48128K), 0.0005370 secs] [Times: user=0.00 sys=0.00, real=0.00 secs] 
35.029: Total time for which application threads were stopped: 0.0686230 seconds, Stopping threads took: 0.0680160 seconds
35.111: Application time: 0.0822030 seconds
35.171: [GC [PSYoungGen: 13448K->304K(14848K)] 29286K->16141K(48128K), 0.0004620 secs] [Times: user=0.00 sys=0.00, real=0.00 secs] 
35.171: Total time for which application threads were stopped: 0.0597820 seconds, Stopping threads took: 0.0592520 seconds
35.252: Application time: 0.0807870 seconds
35.294: [GC [PSYoungGen: 12997K->1133K(14848K)] 28835K->16987K(48128K), 0.0006980 secs] [Times: user=0.00 sys=0.00, real=0.00 secs] 
35.294: Total time for which application threads were stopped: 0.0425230 seconds, Stopping threads took: 0.0417380 seconds
35.381: Application time: 0.0870030 seconds
35.450: [GC [PSYoungGen: 13846K->970K(14848K)] 29700K->16839K(48128K), 0.0006950 secs] [Times: user=0.01 sys=0.00, real=0.00 secs] 
35.451: Total time for which application threads were stopped: 0.0692400 seconds, Stopping threads took: 0.0684540 seconds
35.534: Application time: 0.0829900 seconds
35.599: [GC [PSYoungGen: 13683K->790K(14848K)] 29552K->16660K(48128K), 0.0006210 secs] [Times: user=0.00 sys=0.00, real=0.00 secs] 
35.599: Total time for which application threads were stopped: 0.0656560 seconds, Stopping threads took: 0.0649580 seconds
35.681: Application time: 0.0819330 seconds
35.743: [GC [PSYoungGen: 13503K->547K(14848K)] 29373K->16433K(48128K), 0.0006380 secs] [Times: user=0.00 sys=0.00, real=0.00 secs] 
35.743: Total time for which application threads were stopped: 0.0619750 seconds, Stopping threads took: 0.0612710 seconds
35.822: Application time: 0.0789970 seconds
35.864: [GC [PSYoungGen: 13319K->1360K(14848K)] 29205K->17254K(48128K), 0.0007400 secs] [Times: user=0.00 sys=0.00, real=0.00 secs] 
35.865: Total time for which application threads were stopped: 0.0422310 seconds, Stopping threads took: 0.0414020 seconds
35.965: Application time: 0.1000650 seconds
36.030: [GC [PSYoungGen: 14151K->1133K(14848K)] 30045K->17027K(48128K), 0.0006360 secs] [Times: user=0.00 sys=0.00, real=0.00 secs] 
36.031: Total time for which application threads were stopped: 0.0661670 seconds, Stopping threads took: 0.0654280 seconds
36.117: Application time: 0.0867220 seconds
36.156: [GC [PSYoungGen: 13905K->1946K(14848K)] 29798K->17848K(48128K), 0.0009350 secs] [Times: user=0.01 sys=0.00, real=0.00 secs] 
36.157: Total time for which application threads were stopped: 0.0393480 seconds, Stopping threads took: 0.0383260 seconds
36.239: Application time: 0.0824240 seconds
36.298: [GC [PSYoungGen: 14659K->1735K(14848K)] 30561K->17645K(48128K), 0.0009740 secs] [Times: user=0.01 sys=0.00, real=0.00 secs] 
36.299: Total time for which application threads were stopped: 0.0600370 seconds, Stopping threads took: 0.0589750 seconds
36.398: Application time: 0.0982400 seconds
36.466: [GC [PSYoungGen: 14448K->1539K(14848K)] 30358K->17465K(48128K), 0.0009440 secs] [Times: user=0.01 sys=0.00, real=0.00 secs] 
36.467: Total time for which application threads were stopped: 0.0692250 seconds, Stopping threads took: 0.0681910 seconds
36.559: Application time: 0.0918260 seconds
36.625: [GC [PSYoungGen: 14252K->1328K(14848K)] 30178K->17262K(48128K), 0.0008960 secs] [Times: user=0.01 sys=0.00, real=0.01 secs] 
36.626: Total time for which application threads were stopped: 0.0671470 seconds, Stopping threads took: 0.0661690 seconds
36.730: Application time: 0.1038800 seconds
36.784: [GC [PSYoungGen: 14120K->1133K(14848K)] 30054K->17083K(48128K), 0.0006300 secs] [Times: user=0.00 sys=0.00, real=0.00 secs] 
36.785: Total time for which application threads were stopped: 0.0549450 seconds, Stopping threads took: 0.0542430 seconds
36.868: Application time: 0.0835390 seconds
36.928: [GC [PSYoungGen: 13846K->970K(14848K)] 29796K->16919K(48128K), 0.0006410 secs] [Times: user=0.01 sys=0.00, real=0.00 secs] 
36.929: Total time for which application threads were stopped: 0.0605540 seconds, Stopping threads took: 0.0598240 seconds
37.025: Application time: 0.0965880 seconds
37.093: [GC [PSYoungGen: 13761K->726K(14848K)] 29711K->16684K(48128K), 0.0005530 secs] [Times: user=0.00 sys=0.00, real=0.00 secs] 
37.094: Total time for which application threads were stopped: 0.0687170 seconds, Stopping threads took: 0.0680970 seconds
37.176: Application time: 0.0818810 seconds
37.234: [GC [PSYoungGen: 13517K->547K(14848K)] 29475K->16505K(48128K), 0.0005340 secs] [Times: user=0.00 sys=0.00, real=0.00 secs] 
37.234: Total time for which application threads were stopped: 0.0582310 seconds, Stopping threads took: 0.0576210 seconds
37.313: Application time: 0.0791810 seconds
37.355: [GC [PSYoungGen: 13319K->1344K(14848K)] 29277K->17310K(48128K), 0.0006750 secs] [Times: user=0.00 sys=0.00, real=0.00 secs] 
37.356: Total time for which application threads were stopped: 0.0425900 seconds, Stopping threads took: 0.0418240 seconds
37.461: Application time: 0.1049980 seconds
37.527: [GC [PSYoungGen: 14057K->1149K(14848K)] 30023K->17123K(48128K), 0.0007060 secs] [Times: user=0.01 sys=0.00, real=0.00 secs] 
37.528: Total time for which application threads were stopped: 0.0672180 seconds, Stopping threads took: 0.0664310 seconds
37.612: Application time: 0.0834700 seconds
37.664: [GC [PSYoungGen: 13745K->774K(14848K)] 29719K->16748K(48128K), 0.0005240 secs] [Times: user=0.01 sys=0.00, real=0.00 secs] 
37.665: Total time for which application threads were stopped: 0.0531470 seconds, Stopping threads took: 0.0525560 seconds
37.748: Application time: 0.0837740 seconds
37.813: [GC [PSYoungGen: 13565K->595K(14848K)] 29539K->16569K(48128K), 0.0004860 secs] [Times: user=0.00 sys=0.00, real=0.00 secs] 
37.814: Total time for which application threads were stopped: 0.0652320 seconds, Stopping threads took: 0.0646750 seconds
37.895: Application time: 0.0812760 seconds
37.955: [GC [PSYoungGen: 13386K->320K(14848K)] 29360K->16293K(48128K), 0.0005840 secs] [Times: user=0.01 sys=0.00, real=0.00 secs] 
37.955: Total time for which application threads were stopped: 0.0601180 seconds, Stopping threads took: 0.0594470 seconds
38.035: Application time: 0.0793960 seconds
38.075: [GC [PSYoungGen: 12935K->1149K(14848K)] 28909K->17139K(48128K), 0.0005680 secs] [Times: user=0.00 sys=0.00, real=0.00 secs] 
38.076: Total time for which application threads were stopped: 0.0415010 seconds, Stopping threads took: 0.0408640 seconds
38.181: Application time: 0.1052310 seconds
38.245: [GC [PSYoungGen: 13667K->758K(14848K)] 29657K->16764K(48128K), 0.0004850 secs] [Times: user=0.01 sys=0.00, real=0.00 secs] 
38.245: Total time for which application threads were stopped: 0.0637910 seconds, Stopping threads took: 0.0632380 seconds
38.336: Application time: 0.0908160 seconds
38.376: [GC [PSYoungGen: 13452K->1540K(14848K)] 29458K->17553K(48128K), 0.0006460 secs] [Times: user=0.00 sys=0.00, real=0.00 secs] 
38.377: Total time for which application threads were stopped: 0.0412400 seconds, Stopping threads took: 0.0405220 seconds
38.475: Application time: 0.0979740 seconds
38.539: [GC [PSYoungGen: 14331K->1360K(14848K)] 30345K->17374K(48128K), 0.0006660 secs] [Times: user=0.00 sys=0.00, real=0.00 secs] 
38.540: Total time for which application threads were stopped: 0.0649710 seconds, Stopping threads took: 0.0642140 seconds
38.642: Application time: 0.1015290 seconds
38.701: [GC [PSYoungGen: 14152K->1133K(14848K)] 30165K->17147K(48128K), 0.0006630 secs] [Times: user=0.01 sys=0.00, real=0.00 secs] 
38.701: Total time for which application threads were stopped: 0.0596240 seconds, Stopping threads took: 0.0588650 seconds
38.786: Application time: 0.0843340 seconds
38.845: [GC [PSYoungGen: 13807K->790K(14848K)] 29821K->16804K(48128K), 0.0006460 secs] [Times: user=0.00 sys=0.00, real=0.01 secs] 
38.845: Total time for which application threads were stopped: 0.0599050 seconds, Stopping threads took: 0.0591690 seconds
38.928: Application time: 0.0827440 seconds
38.995: [GC [PSYoungGen: 13503K->1685K(14848K)] 29517K->17715K(48128K), 0.0008830 secs] [Times: user=0.00 sys=0.00, real=0.00 secs] 
38.996: Total time for which application threads were stopped: 0.0679110 seconds, Stopping threads took: 0.0669230 seconds
39.079: Application time: 0.0825380 seconds
39.144: [GC [PSYoungGen: 14398K->304K(14848K)] 30428K->16333K(48128K), 0.0005060 secs] [Times: user=0.00 sys=0.00, real=0.00 secs] 
39.145: Total time for which application threads were stopped: 0.0661750 seconds, Stopping threads took: 0.0655830 seconds
39.223: Application time: 0.0778990 seconds
39.264: [GC [PSYoungGen: 12919K->1165K(14848K)] 28949K->17203K(48128K), 0.0008660 secs] [Times: user=0.00 sys=0.00, real=0.00 secs] 
39.265: Total time for which application threads were stopped: 0.0417800 seconds, Stopping threads took: 0.0408230 seconds
39.348: Application time: 0.0838930 seconds
39.412: [GC [PSYoungGen: 13839K->758K(14848K)] 29877K->16804K(48128K), 0.0005430 secs] [Times: user=0.00 sys=0.00, real=0.00 secs] 
39.412: Total time for which application threads were stopped: 0.0636930 seconds, Stopping threads took: 0.0630700 seconds
39.495: Application time: 0.0826890 seconds
39.553: [GC [PSYoungGen: 13471K->547K(14848K)] 29517K->16609K(48128K), 0.0004960 secs] [Times: user=0.00 sys=0.00, real=0.01 secs] 
39.553: Total time for which application threads were stopped: 0.0582940 seconds, Stopping threads took: 0.0577230 seconds
39.636: Application time: 0.0829240 seconds
39.700: [GC [PSYoungGen: 13338K->352K(14848K)] 29400K->16413K(48128K), 0.0004340 secs] [Times: user=0.00 sys=0.00, real=0.00 secs] 
39.700: Total time for which application threads were stopped: 0.0641270 seconds, Stopping threads took: 0.0636250 seconds
39.779: Application time: 0.0785870 seconds
39.821: [GC [PSYoungGen: 12967K->2044K(14848K)] 29029K->18317K(48128K), 0.0008760 secs] [Times: user=0.00 sys=0.00, real=0.00 secs] 
39.822: Total time for which application threads were stopped: 0.0434200 seconds, Stopping threads took: 0.0424730 seconds
39.905: Application time: 0.0826470 seconds
39.975: [GC [PSYoungGen: 14640K->758K(14848K)] 30913K->17039K(48128K), 0.0005390 secs] [Times: user=0.00 sys=0.00, real=0.00 secs] 
39.977: Total time for which application threads were stopped: 0.0720960 seconds, Stopping threads took: 0.0703860 seconds
40.065: Application time: 0.0882090 seconds
40.107: [GC [PSYoungGen: 13549K->1978K(14848K)] 29831K->19049K(48128K), 0.0011820 secs] [Times: user=0.01 sys=0.00, real=0.00 secs] 
40.109: Total time for which application threads were stopped: 0.0433680 seconds, Stopping threads took: 0.0420830 seconds
40.192: Application time: 0.0833990 seconds
40.260: [GC [PSYoungGen: 14672K->1344K(14848K)] 31742K->18415K(48128K), 0.0008850 secs] [Times: user=0.00 sys=0.00, real=0.00 secs] 
40.261: Total time for which application threads were stopped: 0.0691750 seconds, Stopping threads took: 0.0681940 seconds
40.368: Application time: 0.1069770 seconds
40.428: [GC [PSYoungGen: 13823K->758K(14848K)] 30894K->17829K(48128K), 0.0005400 secs] [Times: user=0.00 sys=0.00, real=0.00 secs] 
40.429: Total time for which application threads were stopped: 0.0605350 seconds, Stopping threads took: 0.0599290 seconds
40.512: Application time: 0.0833650 seconds
40.574: [GC [PSYoungGen: 13471K->579K(14848K)] 30542K->17657K(48128K), 0.0006030 secs] [Times: user=0.00 sys=0.00, real=0.00 secs] 
40.575: Total time for which application threads were stopped: 0.0629400 seconds, Stopping threads took: 0.0622490 seconds
40.657: Application time: 0.0825450 seconds
40.717: [GC [PSYoungGen: 13370K->336K(14848K)] 30449K->17430K(48128K), 0.0004580 secs] [Times: user=0.00 sys=0.00, real=0.00 secs] 
40.717: Total time for which application threads were stopped: 0.0598250 seconds, Stopping threads took: 0.0592990 seconds
40.796: Application time: 0.0783210 seconds
40.837: [GC [PSYoungGen: 12951K->1962K(14848K)] 30045K->20448K(48128K), 0.0010710 secs] [Times: user=0.01 sys=0.00, real=0.00 secs] 
40.838: Total time for which application threads were stopped: 0.0424590 seconds, Stopping threads took: 0.0413190 seconds
40.936: Application time: 0.0979470 seconds
41.005: [GC [PSYoungGen: 14558K->774K(14848K)] 33044K->19268K(48128K), 0.0007210 secs] [Times: user=0.01 sys=0.00, real=0.00 secs] 
41.006: Total time for which application threads were stopped: 0.0701920 seconds, Stopping threads took: 0.0693810 seconds
41.089: Application time: 0.0827140 seconds
41.155: [GC [PSYoungGen: 13487K->579K(14848K)] 31981K->19073K(48128K), 0.0005010 secs] [Times: user=0.01 sys=0.00, real=0.00 secs] 
41.156: Total time for which application threads were stopped: 0.0670050 seconds, Stopping threads took: 0.0664120 seconds
41.238: Application time: 0.0818670 seconds
41.293: [GC [PSYoungGen: 13292K->368K(14848K)] 31786K->18861K(48128K), 0.0004780 secs] [Times: user=0.00 sys=0.00, real=0.01 secs] 
41.293: Total time for which application threads were stopped: 0.0553010 seconds, Stopping threads took: 0.0547460 seconds
41.373: Application time: 0.0794720 seconds
41.414: [GC [PSYoungGen: 13140K->1181K(14848K)] 31633K->19675K(48128K), 0.0005510 secs] [Times: user=0.01 sys=0.00, real=0.00 secs] 
41.414: Total time for which application threads were stopped: 0.0416590 seconds, Stopping threads took: 0.0410460 seconds
41.498: Application time: 0.0834970 seconds
41.563: [GC [PSYoungGen: 13699K->774K(14848K)] 32192K->19284K(48128K), 0.0006960 secs] [Times: user=0.00 sys=0.00, real=0.00 secs] 
41.564: Total time for which application threads were stopped: 0.0658580 seconds, Stopping threads took: 0.0650750 seconds
41.651: Application time: 0.0869140 seconds
41.693: [GC [PSYoungGen: 13468K->1572K(14848K)] 31978K->20081K(48128K), 0.0007360 secs] [Times: user=0.01 sys=0.00, real=0.01 secs] 
41.694: Total time for which application threads were stopped: 0.0430680 seconds, Stopping threads took: 0.0422370 seconds
41.793: Application time: 0.0996670 seconds
41.863: [GC [PSYoungGen: 14246K->1133K(14848K)] 32755K->19659K(48128K), 0.0006490 secs] [Times: user=0.00 sys=0.00, real=0.00 secs] 
41.863: Total time for which application threads were stopped: 0.0702100 seconds, Stopping threads took: 0.0694840 seconds
41.949: Application time: 0.0851650 seconds
42.011: [GC [PSYoungGen: 13846K->1002K(14848K)] 32372K->19527K(48128K), 0.0005610 secs] [Times: user=0.01 sys=0.00, real=0.00 secs] 
42.011: Total time for which application threads were stopped: 0.0627770 seconds, Stopping threads took: 0.0621510 seconds
42.109: Application time: 0.0974490 seconds
42.175: [GC [PSYoungGen: 13715K->774K(14848K)] 32240K->19308K(48128K), 0.0005890 secs] [Times: user=0.00 sys=0.00, real=0.00 secs] 
42.176: Total time for which application threads were stopped: 0.0671900 seconds, Stopping threads took: 0.0665100 seconds
42.264: Application time: 0.0882180 seconds
42.337: [GC [PSYoungGen: 13566K->579K(14848K)] 32099K->19129K(48128K), 0.0005880 secs] [Times: user=0.00 sys=0.00, real=0.00 secs] 
42.338: Total time for which application threads were stopped: 0.0737770 seconds, Stopping threads took: 0.0730980 seconds
42.436: Application time: 0.0976630 seconds
42.491: [GC [PSYoungGen: 13194K->1376K(14848K)] 31744K->19934K(48128K), 0.0006370 secs] [Times: user=0.00 sys=0.00, real=0.00 secs] 
42.491: Total time for which application threads were stopped: 0.0554610 seconds, Stopping threads took: 0.0547460 seconds
42.573: Application time: 0.0820020 seconds
42.638: [GC [PSYoungGen: 13972K->954K(14848K)] 32530K->19519K(48128K), 0.0006340 secs] [Times: user=0.00 sys=0.00, real=0.00 secs] 
42.639: Total time for which application threads were stopped: 0.0654790 seconds, Stopping threads took: 0.0647560 seconds
42.742: Application time: 0.1032840 seconds
42.811: [GC [PSYoungGen: 13745K->790K(14848K)] 32310K->19356K(48128K), 0.0005260 secs] [Times: user=0.01 sys=0.00, real=0.00 secs] 
42.811: Total time for which application threads were stopped: 0.0691520 seconds, Stopping threads took: 0.0685370 seconds
42.894: Application time: 0.0824660 seconds
42.950: [GC [PSYoungGen: 13464K->352K(14848K)] 32030K->18933K(48128K), 0.0004570 secs] [Times: user=0.00 sys=0.00, real=0.00 secs] 
42.950: Total time for which application threads were stopped: 0.0566080 seconds, Stopping threads took: 0.0560830 seconds
43.029: Application time: 0.0786980 seconds
43.071: [GC [PSYoungGen: 12967K->1117K(14848K)] 31549K->19699K(48128K), 0.0008950 secs] [Times: user=0.00 sys=0.00, real=0.00 secs] 
43.072: Total time for which application threads were stopped: 0.0426380 seconds, Stopping threads took: 0.0416630 seconds
43.156: Application time: 0.0842320 seconds
43.220: [GC [PSYoungGen: 13713K->758K(14848K)] 32295K->19356K(48128K), 0.0006260 secs] [Times: user=0.00 sys=0.00, real=0.00 secs] 
43.220: Total time for which application threads were stopped: 0.0646570 seconds, Stopping threads took: 0.0639630 seconds
43.305: Application time: 0.0842730 seconds
43.365: [GC [PSYoungGen: 13521K->547K(14848K)] 32119K->19145K(48128K), 0.0007200 secs] [Times: user=0.00 sys=0.00, real=0.01 secs] 
43.366: Total time for which application threads were stopped: 0.0609370 seconds, Stopping threads took: 0.0601470 seconds
43.449: Application time: 0.0830910 seconds
43.512: [GC [PSYoungGen: 13288K->352K(14848K)] 31886K->18949K(48128K), 0.0006680 secs] [Times: user=0.00 sys=0.00, real=0.00 secs] 
43.513: Total time for which application threads were stopped: 0.0640980 seconds, Stopping threads took: 0.0633530 seconds
43.590: Application time: 0.0776550 seconds
43.630: [GC [PSYoungGen: 12967K->2028K(14848K)] 31565K->20837K(48128K), 0.0011460 secs] [Times: user=0.01 sys=0.00, real=0.00 secs] 
43.632: Total time for which application threads were stopped: 0.0411290 seconds, Stopping threads took: 0.0398850 seconds
43.735: Application time: 0.1034390 seconds
43.800: [GC [PSYoungGen: 14624K->758K(14848K)] 33433K->19567K(48128K), 0.0005980 secs] [Times: user=0.01 sys=0.00, real=0.00 secs] 
43.801: Total time for which application threads were stopped: 0.0660340 seconds, Stopping threads took: 0.0653420 seconds
43.884: Application time: 0.0830470 seconds
43.948: [GC [PSYoungGen: 13550K->547K(14848K)] 32359K->19364K(48128K), 0.0004900 secs] [Times: user=0.00 sys=0.00, real=0.00 secs] 
43.949: Total time for which application threads were stopped: 0.0646550 seconds, Stopping threads took: 0.0640780 seconds
44.038: Application time: 0.0889940 seconds
44.097: [GC [PSYoungGen: 13241K->2044K(14848K)] 32058K->21260K(48128K), 0.0012000 secs] [Times: user=0.00 sys=0.00, real=0.00 secs] 
44.098: Total time for which application threads were stopped: 0.0603820 seconds, Stopping threads took: 0.0590880 seconds
44.180: Application time: 0.0817180 seconds
44.247: [GC [PSYoungGen: 14835K->1149K(14848K)] 34051K->20365K(48128K), 0.0007070 secs] [Times: user=0.01 sys=0.01, real=0.00 secs] 
44.247: Total time for which application threads were stopped: 0.0673190 seconds, Stopping threads took: 0.0665330 seconds
44.330: Application time: 0.0829820 seconds
44.395: [GC [PSYoungGen: 13667K->790K(14848K)] 32882K->20006K(48128K), 0.0006810 secs] [Times: user=0.00 sys=0.00, real=0.00 secs] 
44.396: Total time for which application threads were stopped: 0.0653680 seconds, Stopping threads took: 0.0645970 seconds
44.486: Application time: 0.0899140 seconds
44.540: [GC [PSYoungGen: 13562K->1587K(14848K)] 32778K->20811K(48128K), 0.0007840 secs] [Times: user=0.00 sys=0.00, real=0.00 secs] 
44.541: Total time for which application threads were stopped: 0.0553240 seconds, Stopping threads took: 0.0544530 seconds
44.623: Application time: 0.0819270 seconds
44.686: [GC [PSYoungGen: 14105K->1181K(14848K)] 33329K->20405K(48128K), 0.0006110 secs] [Times: user=0.00 sys=0.00, real=0.00 secs] 
44.687: Total time for which application threads were stopped: 0.0641310 seconds, Stopping threads took: 0.0634290 seconds
44.787: Application time: 0.1001550 seconds
44.854: [GC [PSYoungGen: 13777K->742K(14848K)] 33001K->19982K(48128K), 0.0005970 secs] [Times: user=0.00 sys=0.00, real=0.00 secs] 
44.854: Total time for which application threads were stopped: 0.0673000 seconds, Stopping threads took: 0.0666250 seconds
44.939: Application time: 0.0849690 seconds
45.009: [GC [PSYoungGen: 13533K->547K(14848K)] 32773K->19795K(48128K), 0.0005480 secs] [Times: user=0.00 sys=0.00, real=0.00 secs] 
45.010: Total time for which application threads were stopped: 0.0702660 seconds, Stopping threads took: 0.0696440 seconds
45.090: Application time: 0.0808110 seconds
45.163: [GC [PSYoungGen: 13260K->336K(14848K)] 32508K->19599K(48128K), 0.0007010 secs] [Times: user=0.00 sys=0.00, real=0.00 secs] 
45.164: Total time for which application threads were stopped: 0.0733010 seconds, Stopping threads took: 0.0725130 seconds
45.241: Application time: 0.0773730 seconds
45.282: [GC [PSYoungGen: 12951K->1197K(14848K)] 32215K->20461K(48128K), 0.0008180 secs] [Times: user=0.00 sys=0.00, real=0.00 secs] 
45.283: Total time for which application threads were stopped: 0.0415350 seconds, Stopping threads took: 0.0406320 seconds
45.383: Application time: 0.1002570 seconds
45.449: [GC [PSYoungGen: 13871K->710K(14848K)] 33135K->19990K(48128K), 0.0005040 secs] [Times: user=0.00 sys=0.00, real=0.00 secs] 
45.450: Total time for which application threads were stopped: 0.0675490 seconds, Stopping threads took: 0.0658130 seconds
45.534: Application time: 0.0832970 seconds
45.595: [GC [PSYoungGen: 13423K->563K(14848K)] 32703K->19867K(48128K), 0.0006210 secs] [Times: user=0.00 sys=0.00, real=0.00 secs] 
45.596: Total time for which application threads were stopped: 0.0620320 seconds, Stopping threads took: 0.0613250 seconds
45.675: Application time: 0.0791830 seconds
45.736: [GC [PSYoungGen: 13354K->368K(14848K)] 32658K->19671K(48128K), 0.0005060 secs] [Times: user=0.01 sys=0.00, real=0.00 secs] 
45.736: Total time for which application threads were stopped: 0.0612640 seconds, Stopping threads took: 0.0606740 seconds
45.815: Application time: 0.0789660 seconds
45.857: [GC [PSYoungGen: 13139K->1149K(14848K)] 32443K->20453K(48128K), 0.0006130 secs] [Times: user=0.00 sys=0.01, real=0.00 secs] 
45.858: Total time for which application threads were stopped: 0.0424630 seconds, Stopping threads took: 0.0417850 seconds
45.943: Application time: 0.0851110 seconds
46.006: [GC [PSYoungGen: 13667K->742K(14848K)] 32970K->20062K(48128K), 0.0005070 secs] [Times: user=0.01 sys=0.00, real=0.00 secs] 
46.006: Total time for which application threads were stopped: 0.0635950 seconds, Stopping threads took: 0.0630140 seconds
46.090: Application time: 0.0836980 seconds
46.147: [GC [PSYoungGen: 13455K->563K(14848K)] 32775K->19899K(48128K), 0.0004770 secs] [Times: user=0.00 sys=0.00, real=0.00 secs] 
46.147: Total time for which application threads were stopped: 0.0573330 seconds, Stopping threads took: 0.0567900 seconds
46.230: Application time: 0.0823420 seconds
46.286: [GC [PSYoungGen: 13257K->1376K(14848K)] 32592K->20728K(48128K), 0.0006710 secs] [Times: user=0.00 sys=0.00, real=0.00 secs] 
46.286: Total time for which application threads were stopped: 0.0564850 seconds, Stopping threads took: 0.0557450 seconds
46.367: Application time: 0.0805950 seconds
46.406: [GC [PSYoungGen: 14089K->1978K(14848K)] 33441K->22705K(48128K), 0.0010970 secs] [Times: user=0.00 sys=0.00, real=0.00 secs] 
46.407: Total time for which application threads were stopped: 0.0400540 seconds, Stopping threads took: 0.0388630 seconds
46.513: Application time: 0.1060060 seconds
46.584: [GC [PSYoungGen: 14574K->742K(14848K)] 35301K->21469K(48128K), 0.0005450 secs] [Times: user=0.00 sys=0.00, real=0.00 secs] 
46.585: Total time for which application threads were stopped: 0.0719730 seconds, Stopping threads took: 0.0713570 seconds
46.685: Application time: 0.0999190 seconds
46.750: [GC [PSYoungGen: 13534K->547K(14848K)] 34261K->21282K(48128K), 0.0006050 secs] [Times: user=0.00 sys=0.00, real=0.00 secs] 
46.751: Total time for which application threads were stopped: 0.0658220 seconds, Stopping threads took: 0.0651240 seconds
46.832: Application time: 0.0817710 seconds
46.897: [GC [PSYoungGen: 13338K->352K(14848K)] 34073K->21087K(48128K), 0.0006630 secs] [Times: user=0.00 sys=0.00, real=0.00 secs] 
46.898: Total time for which application threads were stopped: 0.0651710 seconds, Stopping threads took: 0.0644230 seconds
46.978: Application time: 0.0799280 seconds
47.019: [GC [PSYoungGen: 12967K->1165K(14848K)] 33702K->21908K(48128K), 0.0006570 secs] [Times: user=0.00 sys=0.00, real=0.00 secs] 
47.019: Total time for which application threads were stopped: 0.0417330 seconds, Stopping threads took: 0.0409840 seconds
47.123: Application time: 0.1039050 seconds
47.186: [GC [PSYoungGen: 13839K->758K(14848K)] 34582K->21525K(48128K), 0.0005950 secs] [Times: user=0.00 sys=0.00, real=0.00 secs] 
47.186: Total time for which application threads were stopped: 0.0633020 seconds, Stopping threads took: 0.0626060 seconds
47.274: Application time: 0.0875410 seconds
47.331: [GC [PSYoungGen: 13452K->1572K(14848K)] 34219K->22338K(48128K), 0.0008240 secs] [Times: user=0.00 sys=0.00, real=0.00 secs] 
47.331: Total time for which application threads were stopped: 0.0574770 seconds, Stopping threads took: 0.0565620 seconds
47.428: Application time: 0.0969910 seconds
47.495: [GC [PSYoungGen: 14363K->1376K(14848K)] 35130K->22143K(48128K), 0.0009120 secs] [Times: user=0.00 sys=0.00, real=0.00 secs] 
47.496: Total time for which application threads were stopped: 0.0670880 seconds, Stopping threads took: 0.0661040 seconds
47.592: Application time: 0.0959780 seconds
47.662: [GC [PSYoungGen: 14089K->1133K(14848K)] 34856K->21916K(48128K), 0.0008060 secs] [Times: user=0.00 sys=0.00, real=0.00 secs] 
47.663: Total time for which application threads were stopped: 0.0714100 seconds, Stopping threads took: 0.0705100 seconds
47.747: Application time: 0.0836560 seconds
47.805: [GC [PSYoungGen: 13651K->758K(14848K)] 34434K->21541K(48128K), 0.0006850 secs] [Times: user=0.01 sys=0.00, real=0.00 secs] 
47.806: Total time for which application threads were stopped: 0.0591690 seconds, Stopping threads took: 0.0584030 seconds
47.889: Application time: 0.0832580 seconds
47.947: [GC [PSYoungGen: 13550K->563K(14848K)] 34333K->21354K(48128K), 0.0005630 secs] [Times: user=0.00 sys=0.00, real=0.00 secs] 
47.947: Total time for which application threads were stopped: 0.0580770 seconds, Stopping threads took: 0.0574470 seconds
48.028: Application time: 0.0809330 seconds
48.071: [GC [PSYoungGen: 13276K->1897K(14848K)] 34067K->24453K(48128K), 0.0011950 secs] [Times: user=0.00 sys=0.00, real=0.00 secs] 
48.073: Total time for which application threads were stopped: 0.0445030 seconds, Stopping threads took: 0.0432330 seconds
48.178: Application time: 0.1052810 seconds
48.248: [GC [PSYoungGen: 14512K->1165K(14848K)] 37069K->23722K(48128K), 0.0006100 secs] [Times: user=0.00 sys=0.00, real=0.00 secs] 
48.249: Total time for which application threads were stopped: 0.0708940 seconds, Stopping threads took: 0.0702140 seconds
48.334: Application time: 0.0853650 seconds
48.400: [GC [PSYoungGen: 13918K->758K(14848K)] 36474K->23315K(48128K), 0.0004860 secs] [Times: user=0.01 sys=0.00, real=0.00 secs] 
48.400: Total time for which application threads were stopped: 0.0660640 seconds, Stopping threads took: 0.0655010 seconds
48.484: Application time: 0.0833390 seconds
48.544: [GC [PSYoungGen: 13471K->579K(14848K)] 36028K->23144K(48128K), 0.0005230 secs] [Times: user=0.00 sys=0.00, real=0.00 secs] 
48.545: Total time for which application threads were stopped: 0.0613480 seconds, Stopping threads took: 0.0607330 seconds
48.627: Application time: 0.0825790 seconds
48.685: [GC [PSYoungGen: 13292K->368K(14848K)] 35857K->22932K(48128K), 0.0004500 secs] [Times: user=0.00 sys=0.00, real=0.00 secs] 
48.685: Total time for which application threads were stopped: 0.0575740 seconds, Stopping threads took: 0.0570540 seconds
48.764: Application time: 0.0789640 seconds
48.806: [GC [PSYoungGen: 12983K->2044K(14848K)] 35548K->24820K(48128K), 0.0011830 secs] [Times: user=0.00 sys=0.00, real=0.00 secs] 
48.808: Total time for which application threads were stopped: 0.0436410 seconds, Stopping threads took: 0.0423660 seconds
48.897: Application time: 0.0892910 seconds
48.965: [GC [PSYoungGen: 14699K->1783K(14848K)] 37475K->24567K(48128K), 0.0009060 secs] [Times: user=0.01 sys=0.00, real=0.01 secs] 
48.966: Total time for which application threads were stopped: 0.0688540 seconds, Stopping threads took: 0.0678510 seconds
49.073: Application time: 0.1073460 seconds
49.136: [GC [PSYoungGen: 14476K->368K(14848K)] 37260K->23168K(48128K), 0.0005020 secs] [Times: user=0.00 sys=0.00, real=0.00 secs] 
49.136: Total time for which application threads were stopped: 0.0631430 seconds, Stopping threads took: 0.0625730 seconds
49.214: Application time: 0.0779220 seconds
49.254: [GC [PSYoungGen: 12983K->1165K(14848K)] 35783K->23965K(48128K), 0.0006120 secs] [Times: user=0.00 sys=0.00, real=0.00 secs] 
49.255: Total time for which application threads were stopped: 0.0408080 seconds, Stopping threads took: 0.0401260 seconds
49.341: Application time: 0.0859890 seconds
49.402: [GC [PSYoungGen: 13878K->986K(14848K)] 36678K->23802K(48128K), 0.0006460 secs] [Times: user=0.00 sys=0.00, real=0.00 secs] 
49.403: Total time for which application threads were stopped: 0.0617580 seconds, Stopping threads took: 0.0610230 seconds
49.501: Application time: 0.0985690 seconds
49.563: [GC [PSYoungGen: 13699K->742K(14848K)] 36515K->23574K(48128K), 0.0008130 secs] [Times: user=0.00 sys=0.00, real=0.00 secs] 
49.564: Total time for which application threads were stopped: 0.0621520 seconds, Stopping threads took: 0.0612370 seconds
49.647: Application time: 0.0832550 seconds
49.711: [GC [PSYoungGen: 13534K->531K(14848K)] 36366K->23379K(48128K), 0.0007310 secs] [Times: user=0.00 sys=0.00, real=0.00 secs] 
49.712: Total time for which application threads were stopped: 0.0652370 seconds, Stopping threads took: 0.0644170 seconds
49.790: Application time: 0.0778900 seconds
49.834: [GC [PSYoungGen: 13303K->1328K(14848K)] 36151K->24176K(48128K), 0.0007630 secs] [Times: user=0.01 sys=0.00, real=0.00 secs] 
49.834: Total time for which application threads were stopped: 0.0444350 seconds, Stopping threads took: 0.0435920 seconds
49.942: Application time: 0.1075720 seconds
50.003: [GC [PSYoungGen: 14120K->1149K(14848K)] 36968K->23997K(48128K), 0.0008450 secs] [Times: user=0.00 sys=0.00, real=0.00 secs] 
50.003: Total time for which application threads were stopped: 0.0615060 seconds, Stopping threads took: 0.0605690 seconds
50.086: Application time: 0.0829340 seconds
50.151: [GC [PSYoungGen: 13667K->758K(14848K)] 36515K->23614K(48128K), 0.0005440 secs] [Times: user=0.00 sys=0.00, real=0.00 secs] 
50.151: Total time for which application threads were stopped: 0.0648410 seconds, Stopping threads took: 0.0642230 seconds
50.234: Application time: 0.0831150 seconds
50.296: [GC [PSYoungGen: 13471K->595K(14848K)] 36328K->23451K(48128K), 0.0005480 secs] [Times: user=0.00 sys=0.00, real=0.00 secs] 
50.297: Total time for which application threads were stopped: 0.0627330 seconds, Stopping threads took: 0.0620910 seconds
50.376: Application time: 0.0792750 seconds
50.419: [GC [PSYoungGen: 13367K->1328K(14848K)] 36223K->24184K(48128K), 0.0008200 secs] [Times: user=0.00 sys=0.00, real=0.00 secs] 
50.419: Total time for which application threads were stopped: 0.0430550 seconds, Stopping threads took: 0.0421590 seconds
50.526: Application time: 0.1062460 seconds
50.583: [GC [PSYoungGen: 14041K->1133K(14848K)] 36898K->24005K(48128K), 0.0006820 secs] [Times: user=0.00 sys=0.00, real=0.00 secs] 
50.584: Total time for which application threads were stopped: 0.0587690 seconds, Stopping threads took: 0.0571630 seconds
50.690: Application time: 0.1060150 seconds
50.756: [GC [PSYoungGen: 13651K->774K(14848K)] 36523K->23646K(48128K), 0.0007500 secs] [Times: user=0.00 sys=0.00, real=0.00 secs] 
50.757: Total time for which application threads were stopped: 0.0663630 seconds, Stopping threads took: 0.0655130 seconds
50.852: Application time: 0.0955120 seconds
50.918: [GC [PSYoungGen: 13448K->320K(14848K)] 36321K->23192K(48128K), 0.0004980 secs] [Times: user=0.00 sys=0.00, real=0.00 secs] 
50.918: Total time for which application threads were stopped: 0.0661900 seconds, Stopping threads took: 0.0656290 seconds
50.995: Application time: 0.0770110 seconds
51.039: [GC [PSYoungGen: 12935K->1865K(14848K)] 35807K->25127K(48128K), 0.0008970 secs] [Times: user=0.00 sys=0.00, real=0.00 secs] 
51.040: Total time for which application threads were stopped: 0.0445110 seconds, Stopping threads took: 0.0435380 seconds
51.146: Application time: 0.1063280 seconds
51.199: [GC [PSYoungGen: 14636K->1962K(14848K)] 37899K->25233K(48128K), 0.0007920 secs] [Times: user=0.01 sys=0.00, real=0.00 secs] 
51.199: Total time for which application threads were stopped: 0.0530870 seconds, Stopping threads took: 0.0522250 seconds
51.300: Application time: 0.1005720 seconds
51.364: [GC [PSYoungGen: 14656K->579K(14848K)] 37927K->23866K(48128K), 0.0005220 secs] [Times: user=0.00 sys=0.00, real=0.00 secs] 
51.365: Total time for which application threads were stopped: 0.0648510 seconds, Stopping threads took: 0.0642560 seconds
51.448: Application time: 0.0830940 seconds
51.513: [GC [PSYoungGen: 13292K->336K(14848K)] 36579K->23622K(48128K), 0.0005100 secs] [Times: user=0.00 sys=0.00, real=0.01 secs] 
51.513: Total time for which application threads were stopped: 0.0654880 seconds, Stopping threads took: 0.0648850 seconds
51.593: Application time: 0.0798150 seconds
51.633: [GC [PSYoungGen: 13029K->1149K(14848K)] 36316K->24436K(48128K), 0.0007230 secs] [Times: user=0.00 sys=0.00, real=0.00 secs] 
51.634: Total time for which application threads were stopped: 0.0406660 seconds, Stopping threads took: 0.0398550 seconds
51.716: Application time: 0.0823000 seconds
51.771: [GC [PSYoungGen: 13667K->758K(14848K)] 36954K->24045K(48128K), 0.0006000 secs] [Times: user=0.00 sys=0.00, real=0.00 secs] 
51.772: Total time for which application threads were stopped: 0.0555970 seconds, Stopping threads took: 0.0549060 seconds
51.856: Application time: 0.0842750 seconds
51.914: [GC [PSYoungGen: 13550K->515K(14848K)] 36836K->23826K(48128K), 0.0005680 secs] [Times: user=0.01 sys=0.00, real=0.00 secs] 
51.914: Total time for which application threads were stopped: 0.0579940 seconds, Stopping threads took: 0.0573540 seconds
51.995: Application time: 0.0810610 seconds
52.062: [GC [PSYoungGen: 13228K->352K(14848K)] 36539K->23678K(48128K), 0.0005360 secs] [Times: user=0.00 sys=0.00, real=0.00 secs] 
52.063: Total time for which application threads were stopped: 0.0678780 seconds, Stopping threads took: 0.0672770 seconds
52.141: Application time: 0.0778320 seconds
52.183: [GC [PSYoungGen: 13045K->1865K(14848K)] 36372K->25598K(48128K), 0.0009230 secs] [Times: user=0.01 sys=0.00, real=0.00 secs] 
52.184: Total time for which application threads were stopped: 0.0428170 seconds, Stopping threads took: 0.0418220 seconds
52.268: Application time: 0.0843520 seconds
52.333: [GC [PSYoungGen: 14382K->742K(14848K)] 38116K->24476K(48128K), 0.0005620 secs] [Times: user=0.00 sys=0.00, real=0.01 secs] 
52.333: Total time for which application threads were stopped: 0.0653780 seconds, Stopping threads took: 0.0647450 seconds
52.416: Application time: 0.0829030 seconds
52.480: [GC [PSYoungGen: 13416K->336K(14848K)] 37150K->24069K(48128K), 0.0004680 secs] [Times: user=0.00 sys=0.00, real=0.00 secs] 
52.481: Total time for which application threads were stopped: 0.0641940 seconds, Stopping threads took: 0.0636280 seconds
52.559: Application time: 0.0781020 seconds
52.600: [GC [PSYoungGen: 12951K->1978K(14848K)] 36684K->27087K(48128K), 0.0013080 secs] [Times: user=0.01 sys=0.00, real=0.00 secs] 
52.601: Total time for which application threads were stopped: 0.0425090 seconds, Stopping threads took: 0.0411280 seconds
52.681: Application time: 0.0802980 seconds
52.754: [GC [PSYoungGen: 14652K->774K(14848K)] 39761K->25883K(48128K), 0.0008080 secs] [Times: user=0.00 sys=0.00, real=0.00 secs] 
52.755: Total time for which application threads were stopped: 0.0736510 seconds, Stopping threads took: 0.0727500 seconds
52.838: Application time: 0.0827700 seconds
52.903: [GC [PSYoungGen: 13565K->547K(14848K)] 38674K->25656K(48128K), 0.0004590 secs] [Times: user=0.00 sys=0.00, real=0.00 secs] 
52.903: Total time for which application threads were stopped: 0.0650900 seconds, Stopping threads took: 0.0645560 seconds
52.985: Application time: 0.0822120 seconds
53.042: [GC [PSYoungGen: 13260K->304K(14848K)] 38369K->25428K(48128K), 0.0006370 secs] [Times: user=0.01 sys=0.00, real=0.00 secs] 
53.043: Total time for which application threads were stopped: 0.0573000 seconds, Stopping threads took: 0.0565750 seconds
53.121: Application time: 0.0784710 seconds
53.161: [GC [PSYoungGen: 12997K->1881K(14848K)] 38122K->27396K(48128K), 0.0010130 secs] [Times: user=0.00 sys=0.00, real=0.00 secs] 
53.162: Total time for which application threads were stopped: 0.0411570 seconds, Stopping threads took: 0.0400490 seconds
53.245: Application time: 0.0832000 seconds
53.311: [GC [PSYoungGen: 14398K->1864K(14848K)] 39914K->27388K(48128K), 0.0008130 secs] [Times: user=0.01 sys=0.00, real=0.00 secs] 
53.312: Total time for which application threads were stopped: 0.0663700 seconds, Stopping threads took: 0.0654850 seconds
53.394: Application time: 0.0825690 seconds
53.464: [GC [PSYoungGen: 14578K->563K(14848K)] 40101K->26102K(48128K), 0.0004560 secs] [Times: user=0.00 sys=0.00, real=0.00 secs] 
53.465: Total time for which application threads were stopped: 0.0704010 seconds, Stopping threads took: 0.0698820 seconds
53.547: Application time: 0.0826020 seconds
53.613: [GC [PSYoungGen: 13276K->336K(14848K)] 38815K->25875K(48128K), 0.0005410 secs] [Times: user=0.00 sys=0.00, real=0.01 secs] 
53.613: Total time for which application threads were stopped: 0.0658570 seconds, Stopping threads took: 0.0652310 seconds
53.691: Application time: 0.0782000 seconds
53.733: [GC [PSYoungGen: 13108K->1133K(14848K)] 38647K->26696K(48128K), 0.0006340 secs] [Times: user=0.01 sys=0.00, real=0.00 secs] 
53.734: Total time for which application threads were stopped: 0.0426500 seconds, Stopping threads took: 0.0419250 seconds
53.816: Application time: 0.0820500 seconds
53.874: [GC [PSYoungGen: 13807K->774K(14848K)] 39370K->26338K(48128K), 0.0007660 secs] [Times: user=0.00 sys=0.00, real=0.00 secs] 
53.875: Total time for which application threads were stopped: 0.0588400 seconds, Stopping threads took: 0.0579810 seconds
53.966: Application time: 0.0915800 seconds
54.020: [GC [PSYoungGen: 13390K->1523K(14848K)] 38953K->27095K(48128K), 0.0008250 secs] [Times: user=0.01 sys=0.00, real=0.00 secs] 
54.021: Total time for which application threads were stopped: 0.0540170 seconds, Stopping threads took: 0.0531240 seconds
54.118: Application time: 0.0974900 seconds
54.184: [GC [PSYoungGen: 14315K->1376K(14848K)] 39886K->26948K(48128K), 0.0008370 secs] [Times: user=0.01 sys=0.00, real=0.00 secs] 
54.185: Total time for which application threads were stopped: 0.0667010 seconds, Stopping threads took: 0.0657630 seconds
54.288: Application time: 0.1033110 seconds
54.345: [GC [PSYoungGen: 14089K->1133K(14848K)] 39661K->26720K(48128K), 0.0005680 secs] [Times: user=0.00 sys=0.00, real=0.00 secs] 
54.346: Total time for which application threads were stopped: 0.0579010 seconds, Stopping threads took: 0.0572720 seconds
54.438: Application time: 0.0917030 seconds
54.507: [GC [PSYoungGen: 13885K->710K(14848K)] 39473K->26298K(48128K), 0.0005850 secs] [Times: user=0.01 sys=0.01, real=0.00 secs] 
54.508: Total time for which application threads were stopped: 0.0700860 seconds, Stopping threads took: 0.0694380 seconds
54.592: Application time: 0.0841000 seconds
54.648: [GC [PSYoungGen: 13423K->579K(14848K)] 39011K->26174K(48128K), 0.0005000 secs] [Times: user=0.00 sys=0.00, real=0.00 secs] 
54.648: Total time for which application threads were stopped: 0.0566650 seconds, Stopping threads took: 0.0560990 seconds
54.731: Application time: 0.0820280 seconds
54.796: [GC [PSYoungGen: 13292K->352K(14848K)] 38887K->25947K(48128K), 0.0004670 secs] [Times: user=0.00 sys=0.00, real=0.00 secs] 
54.796: Total time for which application threads were stopped: 0.0659330 seconds, Stopping threads took: 0.0653730 seconds
54.876: Application time: 0.0791260 seconds
54.919: [GC [PSYoungGen: 12967K->1865K(14848K)] 38562K->27859K(48128K), 0.0009300 secs] [Times: user=0.00 sys=0.00, real=0.00 secs] 
54.920: Total time for which application threads were stopped: 0.0439640 seconds, Stopping threads took: 0.0429410 seconds
55.002: Application time: 0.0821260 seconds
55.063: [GC [PSYoungGen: 14480K->1898K(14848K)] 40474K->27900K(48128K), 0.0010390 secs] [Times: user=0.01 sys=0.00, real=0.00 secs] 
55.064: Total time for which application threads were stopped: 0.0623280 seconds, Stopping threads took: 0.0612170 seconds
55.147: Application time: 0.0827970 seconds
55.214: [GC [PSYoungGen: 14494K->1571K(14848K)] 40496K->27574K(48128K), 0.0009240 secs] [Times: user=0.00 sys=0.00, real=0.00 secs] 
55.214: Total time for which application threads were stopped: 0.0676640 seconds, Stopping threads took: 0.0666480 seconds
55.313: Application time: 0.0984840 seconds
55.383: [GC [PSYoungGen: 14363K->1344K(14848K)] 40365K->27370K(48128K), 0.0008840 secs] [Times: user=0.00 sys=0.00, real=0.00 secs] 
55.384: Total time for which application threads were stopped: 0.0707790 seconds, Stopping threads took: 0.0698200 seconds
55.482: Application time: 0.0981970 seconds
55.542: [GC [PSYoungGen: 14057K->1181K(14848K)] 40083K->27207K(48128K), 0.0008670 secs] [Times: user=0.00 sys=0.00, real=0.00 secs] 
55.543: Total time for which application threads were stopped: 0.0612650 seconds, Stopping threads took: 0.0603050 seconds
55.641: Application time: 0.0981390 seconds
55.697: [GC [PSYoungGen: 13855K->1881K(14848K)] 39881K->27907K(48128K), 0.0007320 secs] [Times: user=0.00 sys=0.00, real=0.00 secs] 
55.698: Total time for which application threads were stopped: 0.0565680 seconds, Stopping threads took: 0.0557640 seconds
55.791: Application time: 0.0932150 seconds
55.859: [GC [PSYoungGen: 14672K->547K(14848K)] 40698K->26573K(48128K), 0.0005150 secs] [Times: user=0.00 sys=0.00, real=0.00 secs] 
55.859: Total time for which application threads were stopped: 0.0681700 seconds, Stopping threads took: 0.0675880 seconds
55.958: Application time: 0.0990370 seconds
56.011: [GC [PSYoungGen: 13162K->1328K(14848K)] 39188K->27370K(48128K), 0.0007210 secs] [Times: user=0.00 sys=0.00, real=0.00 secs] 
56.012: Total time for which application threads were stopped: 0.0532300 seconds, Stopping threads took: 0.0524310 seconds
56.109: Application time: 0.0978880 seconds
56.170: [GC [PSYoungGen: 14119K->1149K(14848K)] 40161K->27199K(48128K), 0.0006800 secs] [Times: user=0.00 sys=0.00, real=0.00 secs] 
56.170: Total time for which application threads were stopped: 0.0609370 seconds, Stopping threads took: 0.0601830 seconds
56.260: Application time: 0.0898700 seconds
56.326: [GC [PSYoungGen: 13940K->970K(14848K)] 39990K->27020K(48128K), 0.0005980 secs] [Times: user=0.00 sys=0.00, real=0.00 secs] 
56.327: Total time for which application threads were stopped: 0.0664560 seconds, Stopping threads took: 0.0657940 seconds
56.409: Application time: 0.0823930 seconds
56.463: [GC [PSYoungGen: 13761K->726K(14848K)] 39811K->26792K(48128K), 0.0008120 secs] [Times: user=0.01 sys=0.00, real=0.00 secs] 
56.464: Total time for which application threads were stopped: 0.0548920 seconds, Stopping threads took: 0.0540090 seconds
56.561: Application time: 0.0974620 seconds
56.625: [GC [PSYoungGen: 13517K->595K(14848K)] 39584K->26661K(48128K), 0.0005510 secs] [Times: user=0.01 sys=0.00, real=0.00 secs] 
56.626: Total time for which application threads were stopped: 0.0644710 seconds, Stopping threads took: 0.0638430 seconds
56.707: Application time: 0.0810530 seconds
56.766: [GC [PSYoungGen: 13386K->336K(14848K)] 39452K->26410K(48128K), 0.0004380 secs] [Times: user=0.01 sys=0.00, real=0.00 secs] 
56.766: Total time for which application threads were stopped: 0.0593740 seconds, Stopping threads took: 0.0588710 seconds
56.845: Application time: 0.0782960 seconds
56.885: [GC [PSYoungGen: 12951K->2044K(14848K)] 39025K->28313K(48128K), 0.0009390 secs] [Times: user=0.00 sys=0.00, real=0.01 secs] 
56.886: Total time for which application threads were stopped: 0.0410300 seconds, Stopping threads took: 0.0400180 seconds
56.971: Application time: 0.0854300 seconds
57.039: [GC [PSYoungGen: 14640K->774K(14848K)] 40909K->27044K(48128K), 0.0005910 secs] [Times: user=0.00 sys=0.00, real=0.00 secs] 
57.039: Total time for which application threads were stopped: 0.0681820 seconds, Stopping threads took: 0.0674910 seconds
57.128: Application time: 0.0885750 seconds
57.198: [GC [PSYoungGen: 13565K->579K(14848K)] 39835K->26848K(48128K), 0.0005180 secs] [Times: user=0.00 sys=0.00, real=0.00 secs] 
57.199: Total time for which application threads were stopped: 0.0706220 seconds, Stopping threads took: 0.0700260 seconds
57.283: Application time: 0.0845670 seconds
57.348: [GC [PSYoungGen: 13292K->288K(14848K)] 39561K->26557K(48128K), 0.0005270 secs] [Times: user=0.00 sys=0.00, real=0.00 secs] 
57.348: Total time for which application threads were stopped: 0.0650180 seconds, Stopping threads took: 0.0644120 seconds
57.427: Application time: 0.0784850 seconds
57.469: [GC [PSYoungGen: 12981K->1101K(14848K)] 39251K->27378K(48128K), 0.0005960 secs] [Times: user=0.01 sys=0.00, real=0.00 secs] 
57.469: Total time for which application threads were stopped: 0.0426160 seconds, Stopping threads took: 0.0419500 seconds
57.559: Application time: 0.0900490 seconds
57.619: [GC [PSYoungGen: 13619K->1865K(14848K)] 39896K->28166K(48128K), 0.0008230 secs] [Times: user=0.00 sys=0.00, real=0.00 secs] 
57.620: Total time for which application threads were stopped: 0.0605200 seconds, Stopping threads took: 0.0596280 seconds
57.724: Application time: 0.1043060 seconds
57.788: [GC [PSYoungGen: 14656K->579K(14848K)] 40957K->26880K(48128K), 0.0005160 secs] [Times: user=0.01 sys=0.00, real=0.00 secs] 
57.789: Total time for which application threads were stopped: 0.0646220 seconds, Stopping threads took: 0.0640310 seconds
57.872: Application time: 0.0828640 seconds
57.930: [GC [PSYoungGen: 13370K->336K(14848K)] 39671K->26645K(48128K), 0.0004710 secs] [Times: user=0.01 sys=0.00, real=0.00 secs] 
57.930: Total time for which application threads were stopped: 0.0584070 seconds, Stopping threads took: 0.0578700 seconds
58.010: Application time: 0.0796020 seconds
58.050: [GC [PSYoungGen: 12951K->1133K(14848K)] 39260K->27458K(48128K), 0.0006320 secs] [Times: user=0.01 sys=0.00, real=0.00 secs] 
58.051: Total time for which application threads were stopped: 0.0411850 seconds, Stopping threads took: 0.0404870 seconds
58.137: Application time: 0.0863160 seconds
58.199: [GC [PSYoungGen: 13846K->1002K(14848K)] 40171K->27327K(48128K), 0.0006240 secs] [Times: user=0.01 sys=0.00, real=0.00 secs] 
58.200: Total time for which application threads were stopped: 0.0624340 seconds, Stopping threads took: 0.0617430 seconds
58.296: Application time: 0.0967310 seconds
58.366: [GC [PSYoungGen: 13676K->579K(14848K)] 40001K->26912K(48128K), 0.0004870 secs] [Times: user=0.00 sys=0.00, real=0.00 secs] 
58.367: Total time for which application threads were stopped: 0.0702440 seconds, Stopping threads took: 0.0696790 seconds
58.446: Application time: 0.0794480 seconds
58.489: [GC [PSYoungGen: 13351K->1344K(14848K)] 39684K->27694K(48128K), 0.0007140 secs] [Times: user=0.01 sys=0.00, real=0.00 secs] 
58.490: Total time for which application threads were stopped: 0.0434940 seconds, Stopping threads took: 0.0427120 seconds
58.593: Application time: 0.1034590 seconds
58.654: [GC [PSYoungGen: 14057K->1165K(14848K)] 40407K->27522K(48128K), 0.0006910 secs] [Times: user=0.00 sys=0.00, real=0.00 secs] 
58.655: Total time for which application threads were stopped: 0.0617670 seconds, Stopping threads took: 0.0609870 seconds
58.741: Application time: 0.0861840 seconds
58.803: [GC [PSYoungGen: 13878K->970K(14848K)] 40235K->27343K(48128K), 0.0006630 secs] [Times: user=0.00 sys=0.00, real=0.00 secs] 
58.803: Total time for which application threads were stopped: 0.0623680 seconds, Stopping threads took: 0.0616150 seconds
58.903: Application time: 0.0997540 seconds
58.968: [GC [PSYoungGen: 13761K->710K(14848K)] 40134K->27092K(48128K), 0.0005460 secs] [Times: user=0.00 sys=0.00, real=0.00 secs] 
58.969: Total time for which application threads were stopped: 0.0659150 seconds, Stopping threads took: 0.0652750 seconds
59.053: Application time: 0.0837570 seconds
59.116: [GC [PSYoungGen: 13384K->336K(14848K)] 39766K->26717K(48128K), 0.0007430 secs] [Times: user=0.00 sys=0.00, real=0.00 secs] 
59.117: Total time for which application threads were stopped: 0.0644570 seconds, Stopping threads took: 0.0636190 seconds
59.195: Application time: 0.0781220 seconds
59.237: [GC [PSYoungGen: 12951K->2028K(14848K)] 39332K->28613K(48128K), 0.0008810 secs] [Times: user=0.00 sys=0.00, real=0.00 secs] 
59.238: Total time for which application threads were stopped: 0.0426240 seconds, Stopping threads took: 0.0416730 seconds
59.342: Application time: 0.1042840 seconds
59.409: [GC [PSYoungGen: 14624K->742K(14848K)] 41208K->27335K(48128K), 0.0004890 secs] [Times: user=0.00 sys=0.00, real=0.00 secs] 
59.409: Total time for which application threads were stopped: 0.0668120 seconds, Stopping threads took: 0.0662550 seconds
59.491: Application time: 0.0824450 seconds
59.556: [GC [PSYoungGen: 13455K->579K(14848K)] 40048K->27172K(48128K), 0.0005420 secs] [Times: user=0.00 sys=0.00, real=0.00 secs] 
59.556: Total time for which application threads were stopped: 0.0649640 seconds, Stopping threads took: 0.0643370 seconds
59.645: Application time: 0.0884690 seconds
59.704: [GC [PSYoungGen: 13194K->1376K(14848K)] 39787K->27977K(48128K), 0.0006800 secs] [Times: user=0.00 sys=0.00, real=0.00 secs] 
59.705: Total time for which application threads were stopped: 0.0599440 seconds, Stopping threads took: 0.0591940 seconds
59.800: Application time: 0.0951740 seconds
59.870: [GC [PSYoungGen: 14167K->1149K(14848K)] 40768K->27750K(48128K), 0.0005840 secs] [Times: user=0.00 sys=0.01, real=0.00 secs] 
59.871: Total time for which application threads were stopped: 0.0708030 seconds, Stopping threads took: 0.0701440 seconds
59.955: Application time: 0.0842960 seconds
60.008: [GC [PSYoungGen: 13745K->742K(14848K)] 40346K->27367K(48128K), 0.0006770 secs] [Times: user=0.00 sys=0.00, real=0.00 secs] 
60.008: Total time for which application threads were stopped: 0.0531270 seconds, Stopping threads took: 0.0523780 seconds
60.093: Application time: 0.0851740 seconds
60.161: [GC [PSYoungGen: 13534K->563K(14848K)] 40158K->27212K(48128K), 0.0005130 secs] [Times: user=0.01 sys=0.00, real=0.00 secs] 
60.161: Total time for which application threads were stopped: 0.0679580 seconds, Stopping threads took: 0.0673700 seconds
60.244: Application time: 0.0823190 seconds
60.300: [GC [PSYoungGen: 13354K->368K(14848K)] 40003K->27016K(48128K), 0.0004310 secs] [Times: user=0.00 sys=0.00, real=0.00 secs] 
60.302: Total time for which application threads were stopped: 0.0583040 seconds, Stopping threads took: 0.0566780 seconds
60.380: Application time: 0.0777940 seconds
60.423: [GC [PSYoungGen: 12983K->2044K(14848K)] 39632K->28888K(48128K), 0.0008690 secs] [Times: user=0.01 sys=0.01, real=0.00 secs] 
60.424: Total time for which application threads were stopped: 0.0437930 seconds, Stopping threads took: 0.0428580 seconds
60.526: Application time: 0.1028410 seconds
60.589: [GC [PSYoungGen: 14718K->758K(14848K)] 41562K->27610K(48128K), 0.0005530 secs] [Times: user=0.00 sys=0.00, real=0.00 secs] 
60.590: Total time for which application threads were stopped: 0.0631660 seconds, Stopping threads took: 0.0625480 seconds
60.677: Application time: 0.0876190 seconds
60.740: [GC [PSYoungGen: 13549K->595K(14848K)] 40401K->27455K(48128K), 0.0004940 secs] [Times: user=0.00 sys=0.00, real=0.00 secs] 
60.740: Total time for which application threads were stopped: 0.0630120 seconds, Stopping threads took: 0.0624430 seconds
60.822: Application time: 0.0814870 seconds
60.887: [GC [PSYoungGen: 13386K->336K(14848K)] 40246K->27196K(48128K), 0.0007000 secs] [Times: user=0.00 sys=0.00, real=0.00 secs] 
60.888: Total time for which application threads were stopped: 0.0663020 seconds, Stopping threads took: 0.0655140 seconds
60.967: Application time: 0.0786320 seconds
61.008: [GC [PSYoungGen: 12951K->1165K(14848K)] 39811K->28025K(48128K), 0.0007040 secs] [Times: user=0.01 sys=0.01, real=0.00 secs] 
61.009: Total time for which application threads were stopped: 0.0423330 seconds, Stopping threads took: 0.0415380 seconds
61.093: Application time: 0.0839170 seconds
61.150: [GC [PSYoungGen: 13683K->758K(14848K)] 40543K->27634K(48128K), 0.0005340 secs] [Times: user=0.00 sys=0.00, real=0.00 secs] 
61.151: Total time for which application threads were stopped: 0.0578040 seconds, Stopping threads took: 0.0572030 seconds
61.236: Application time: 0.0856210 seconds
61.273: [GC [PSYoungGen: 13374K->2044K(14848K)] 40250K->29530K(48128K), 0.0010830 secs] [Times: user=0.01 sys=0.00, real=0.00 secs] 
61.274: Total time for which application threads were stopped: 0.0379280 seconds, Stopping threads took: 0.0367420 seconds
61.376: Application time: 0.1018400 seconds
61.447: [GC [PSYoungGen: 14835K->1344K(14848K)] 42321K->28830K(48128K), 0.0008330 secs] [Times: user=0.00 sys=0.00, real=0.00 secs] 
61.448: Total time for which application threads were stopped: 0.0719770 seconds, Stopping threads took: 0.0710500 seconds
61.556: Application time: 0.1082500 seconds
61.619: [GC [PSYoungGen: 14057K->1181K(14848K)] 41543K->28675K(48128K), 0.0008040 secs] [Times: user=0.00 sys=0.00, real=0.00 secs] 
61.620: Total time for which application threads were stopped: 0.0630950 seconds, Stopping threads took: 0.0622070 seconds
61.703: Application time: 0.0831590 seconds
61.767: [GC [PSYoungGen: 13972K->986K(14848K)] 41466K->28479K(48128K), 0.0008800 secs] [Times: user=0.00 sys=0.00, real=0.00 secs] 
61.768: Total time for which application threads were stopped: 0.0655950 seconds, Stopping threads took: 0.0646250 seconds
61.868: Application time: 0.0993650 seconds
61.930: [GC [PSYoungGen: 13659K->547K(14848K)] 41153K->28041K(48128K), 0.0005690 secs] [Times: user=0.00 sys=0.00, real=0.00 secs] 
61.931: Total time for which application threads were stopped: 0.0633440 seconds, Stopping threads took: 0.0626770 seconds
62.009: Application time: 0.0785120 seconds
62.052: [GC [PSYoungGen: 13319K->1344K(14848K)] 40813K->28846K(48128K), 0.0006910 secs] [Times: user=0.01 sys=0.00, real=0.00 secs] 
62.052: Total time for which application threads were stopped: 0.0428390 seconds, Stopping threads took: 0.0420530 seconds
62.154: Application time: 0.1018290 seconds
62.214: [GC [PSYoungGen: 14057K->1117K(14848K)] 41559K->28627K(48128K), 0.0008930 secs] [Times: user=0.00 sys=0.00, real=0.00 secs] 
62.215: Total time for which application threads were stopped: 0.0605920 seconds, Stopping threads took: 0.0596030 seconds
62.298: Application time: 0.0829090 seconds
62.359: [GC [PSYoungGen: 13713K->710K(14848K)] 41223K->28236K(48128K), 0.0005480 secs] [Times: user=0.00 sys=0.00, real=0.00 secs] 
62.359: Total time for which application threads were stopped: 0.0617720 seconds, Stopping threads took: 0.0611350 seconds
62.459: Application time: 0.0997390 seconds
62.527: [GC [PSYoungGen: 13502K->531K(14848K)] 41028K->28065K(48128K), 0.0007260 secs] [Times: user=0.01 sys=0.00, real=0.00 secs] 
62.527: Total time for which application threads were stopped: 0.0680950 seconds, Stopping threads took: 0.0672740 seconds
62.608: Application time: 0.0809020 seconds
62.674: [GC [PSYoungGen: 13244K->304K(14848K)] 40778K->27838K(48128K), 0.0006420 secs] [Times: user=0.00 sys=0.00, real=0.00 secs] 
62.675: Total time for which application threads were stopped: 0.0666650 seconds, Stopping threads took: 0.0659540 seconds
62.755: Application time: 0.0800850 seconds
62.794: [GC [PSYoungGen: 12919K->1197K(14848K)] 40453K->28739K(48128K), 0.0006660 secs] [Times: user=0.01 sys=0.00, real=0.00 secs] 
62.795: Total time for which application threads were stopped: 0.0399480 seconds, Stopping threads took: 0.0392160 seconds
62.877: Application time: 0.0823750 seconds
62.936: [GC [PSYoungGen: 13715K->726K(14848K)] 41257K->28284K(48128K), 0.0005530 secs] [Times: user=0.00 sys=0.00, real=0.00 secs] 
62.936: Total time for which application threads were stopped: 0.0588730 seconds, Stopping threads took: 0.0582480 seconds
63.018: Application time: 0.0821690 seconds
63.084: [GC [PSYoungGen: 13439K->563K(14848K)] 40997K->28129K(48128K), 0.0006020 secs] [Times: user=0.00 sys=0.00, real=0.00 secs] 
63.085: Total time for which application threads were stopped: 0.0667140 seconds, Stopping threads took: 0.0660060 seconds
63.164: Application time: 0.0787870 seconds
63.205: [GC [PSYoungGen: 13335K->1881K(14848K)] 40901K->30032K(48128K), 0.0011450 secs] [Times: user=0.01 sys=0.00, real=0.01 secs] 
63.206: Total time for which application threads were stopped: 0.0423120 seconds, Stopping threads took: 0.0410940 seconds
63.306: Application time: 0.0997340 seconds
63.373: [GC [PSYoungGen: 14594K->1165K(14848K)] 42746K->29317K(48128K), 0.0007050 secs] [Times: user=0.00 sys=0.00, real=0.00 secs] 
63.374: Total time for which application threads were stopped: 0.0679700 seconds, Stopping threads took: 0.0672010 seconds
63.466: Application time: 0.0925720 seconds
63.536: [GC [PSYoungGen: 13839K->742K(14848K)] 41991K->28894K(48128K), 0.0005290 secs] [Times: user=0.00 sys=0.00, real=0.00 secs] 
63.537: Total time for which application threads were stopped: 0.0704550 seconds, Stopping threads took: 0.0698430 seconds
63.620: Application time: 0.0832610 seconds
63.676: [GC [PSYoungGen: 13533K->547K(14848K)] 41685K->28707K(48128K), 0.0005070 secs] [Times: user=0.00 sys=0.00, real=0.00 secs] 
63.677: Total time for which application threads were stopped: 0.0566640 seconds, Stopping threads took: 0.0560840 seconds
63.756: Application time: 0.0792210 seconds
63.796: [GC [PSYoungGen: 13319K->1865K(14848K)] 41479K->30610K(48128K), 0.0009990 secs] [Times: user=0.00 sys=0.00, real=0.00 secs] 
63.797: Total time for which application threads were stopped: 0.0406060 seconds, Stopping threads took: 0.0395360 seconds
63.904: Application time: 0.1074370 seconds
63.967: [GC [PSYoungGen: 14578K->1085K(14848K)] 43324K->29839K(48128K), 0.0006490 secs] [Times: user=0.00 sys=0.00, real=0.00 secs] 
63.968: Total time for which application threads were stopped: 0.0636520 seconds, Stopping threads took: 0.0629350 seconds
64.076: Application time: 0.1085770 seconds
64.138: [GC [PSYoungGen: 13681K->742K(14848K)] 42435K->29504K(48128K), 0.0005290 secs] [Times: user=0.00 sys=0.00, real=0.00 secs] 
64.139: Total time for which application threads were stopped: 0.0623930 seconds, Stopping threads took: 0.0617960 seconds
64.222: Application time: 0.0832250 seconds
64.278: [GC [PSYoungGen: 13455K->547K(14848K)] 42217K->29325K(48128K), 0.0006560 secs] [Times: user=0.00 sys=0.00, real=0.00 secs] 
64.279: Total time for which application threads were stopped: 0.0569540 seconds, Stopping threads took: 0.0562160 seconds
64.362: Application time: 0.0831120 seconds
64.428: [GC [PSYoungGen: 13260K->320K(14848K)] 42038K->29097K(48128K), 0.0005750 secs] [Times: user=0.00 sys=0.00, real=0.00 secs] 
64.428: Total time for which application threads were stopped: 0.0664800 seconds, Stopping threads took: 0.0658210 seconds
64.507: Application time: 0.0785710 seconds
64.550: [GC [PSYoungGen: 13013K->1117K(14848K)] 41791K->29911K(48128K), 0.0007630 secs] [Times: user=0.01 sys=0.00, real=0.00 secs] 
64.551: Total time for which application threads were stopped: 0.0438200 seconds, Stopping threads took: 0.0429620 seconds
64.634: Application time: 0.0827820 seconds
64.700: [GC [PSYoungGen: 13713K->806K(14848K)] 42507K->29608K(48128K), 0.0008480 secs] [Times: user=0.01 sys=0.00, real=0.00 secs] 
64.701: Total time for which application threads were stopped: 0.0673480 seconds, Stopping threads took: 0.0664110 seconds
64.800: Application time: 0.0987230 seconds
64.870: [GC [PSYoungGen: 13519K->547K(14848K)] 42321K->29349K(48128K), 0.0005980 secs] [Times: user=0.00 sys=0.00, real=0.00 secs] 
64.870: Total time for which application threads were stopped: 0.0706980 seconds, Stopping threads took: 0.0700000 seconds
64.952: Application time: 0.0818070 seconds
65.016: [GC [PSYoungGen: 13260K->352K(14848K)] 42062K->29153K(48128K), 0.0005050 secs] [Times: user=0.01 sys=0.00, real=0.00 secs] 
65.016: Total time for which application threads were stopped: 0.0640580 seconds, Stopping threads took: 0.0634770 seconds
65.094: Application time: 0.0778430 seconds
65.135: [GC [PSYoungGen: 12967K->1149K(14848K)] 41769K->29951K(48128K), 0.0006220 secs] [Times: user=0.01 sys=0.00, real=0.00 secs] 
65.135: Total time for which application threads were stopped: 0.0412870 seconds, Stopping threads took: 0.0405900 seconds
65.235: Application time: 0.0996120 seconds
65.304: [GC [PSYoungGen: 13823K->742K(14848K)] 42625K->29544K(48128K), 0.0005060 secs] [Times: user=0.00 sys=0.00, real=0.01 secs] 
65.306: Total time for which application threads were stopped: 0.0707620 seconds, Stopping threads took: 0.0690880 seconds
65.405: Application time: 0.0993310 seconds
65.477: [GC [PSYoungGen: 13416K->352K(14848K)] 42218K->29185K(48128K), 0.0006960 secs] [Times: user=0.00 sys=0.00, real=0.00 secs] 
65.478: Total time for which application threads were stopped: 0.0726940 seconds, Stopping threads took: 0.0718910 seconds
65.558: Application time: 0.0804120 seconds
65.599: [GC [PSYoungGen: 13045K->1133K(14848K)] 41879K->29967K(48128K), 0.0006420 secs] [Times: user=0.01 sys=0.00, real=0.00 secs] 
65.600: Total time for which application threads were stopped: 0.0414380 seconds, Stopping threads took: 0.0407080 seconds
65.683: Application time: 0.0834310 seconds
65.735: [GC [PSYoungGen: 13651K->710K(14848K)] 42485K->29560K(48128K), 0.0005470 secs] [Times: user=0.00 sys=0.00, real=0.00 secs] 
65.736: Total time for which application threads were stopped: 0.0529200 seconds, Stopping threads took: 0.0523040 seconds
65.818: Application time: 0.0824310 seconds
65.884: [GC [PSYoungGen: 13385K->368K(14848K)] 42235K->29233K(48128K), 0.0004690 secs] [Times: user=0.00 sys=0.00, real=0.00 secs] 
65.884: Total time for which application threads were stopped: 0.0657790 seconds, Stopping threads took: 0.0652330 seconds
65.964: Application time: 0.0796020 seconds
66.006: [GC [PSYoungGen: 13061K->1165K(14848K)] 41927K->30063K(48128K), 0.0006650 secs] [Times: user=0.01 sys=0.00, real=0.00 secs] 
66.006: Total time for which application threads were stopped: 0.0425420 seconds, Stopping threads took: 0.0417790 seconds
66.091: Application time: 0.0845650 seconds
66.147: [GC [PSYoungGen: 13878K->970K(14848K)] 42776K->29867K(48128K), 0.0005540 secs] [Times: user=0.00 sys=0.00, real=0.00 secs] 
66.148: Total time for which application threads were stopped: 0.0567340 seconds, Stopping threads took: 0.0560880 seconds
66.248: Application time: 0.1004050 seconds
66.316: [GC [PSYoungGen: 13683K->742K(14848K)] 42580K->29648K(48128K), 0.0006300 secs] [Times: user=0.00 sys=0.00, real=0.00 secs] 
66.317: Total time for which application threads were stopped: 0.0688840 seconds, Stopping threads took: 0.0681660 seconds
66.401: Application time: 0.0836320 seconds
66.464: [GC [PSYoungGen: 13455K->611K(14848K)] 42361K->29517K(48128K), 0.0006700 secs] [Times: user=0.00 sys=0.00, real=0.00 secs] 
66.465: Total time for which application threads were stopped: 0.0638360 seconds, Stopping threads took: 0.0631020 seconds
66.545: Application time: 0.0809710 seconds
66.602: [GC [PSYoungGen: 13324K->336K(14848K)] 42230K->29241K(48128K), 0.0005080 secs] [Times: user=0.00 sys=0.00, real=0.00 secs] 
66.602: Total time for which application threads were stopped: 0.0569250 seconds, Stopping threads took: 0.0563450 seconds
66.681: Application time: 0.0789910 seconds
66.723: [GC [PSYoungGen: 13029K->1149K(14848K)] 41935K->30071K(48128K), 0.0006820 secs] [Times: user=0.01 sys=0.00, real=0.00 secs] 
66.724: Total time for which application threads were stopped: 0.0426670 seconds, Stopping threads took: 0.0419080 seconds
66.807: Application time: 0.0832080 seconds
66.872: [GC [PSYoungGen: 13667K->726K(14848K)] 42589K->29664K(48128K), 0.0006010 secs] [Times: user=0.00 sys=0.00, real=0.00 secs] 
66.872: Total time for which application threads were stopped: 0.0650060 seconds, Stopping threads took: 0.0643400 seconds
66.953: Application time: 0.0810120 seconds
67.006: [GC [PSYoungGen: 13439K->595K(14848K)] 42377K->29533K(48128K), 0.0006840 secs] [Times: user=0.01 sys=0.00, real=0.00 secs] 
67.007: Total time for which application threads were stopped: 0.0537350 seconds, Stopping threads took: 0.0529640 seconds
67.085: Application time: 0.0783850 seconds
67.127: [GC [PSYoungGen: 13015K->1848K(14848K)] 41953K->30786K(48128K), 0.0010030 secs] [Times: user=0.01 sys=0.00, real=0.00 secs] 
67.128: Total time for which application threads were stopped: 0.0429910 seconds, Stopping threads took: 0.0418890 seconds
67.212: Application time: 0.0836270 seconds
67.280: [GC [PSYoungGen: 14640K->595K(14848K)] 43578K->29533K(48128K), 0.0005220 secs] [Times: user=0.00 sys=0.00, real=0.00 secs] 
67.281: Total time for which application threads were stopped: 0.0684910 seconds, Stopping threads took: 0.0678800 seconds
67.363: Application time: 0.0826530 seconds
67.428: [GC [PSYoungGen: 13308K->384K(14848K)] 42246K->29329K(48128K), 0.0005630 secs] [Times: user=0.01 sys=0.00, real=0.00 secs] 
67.428: Total time for which application threads were stopped: 0.0651890 seconds, Stopping threads took: 0.0645400 seconds
67.508: Application time: 0.0800490 seconds
67.549: [GC [PSYoungGen: 12999K->1165K(14848K)] 41945K->30127K(48128K), 0.0008790 secs] [Times: user=0.01 sys=0.00, real=0.00 secs] 
67.550: Total time for which application threads were stopped: 0.0415870 seconds, Stopping threads took: 0.0406360 seconds
67.633: Application time: 0.0826650 seconds
67.692: [GC [PSYoungGen: 13683K->726K(14848K)] 42645K->29712K(48128K), 0.0006150 secs] [Times: user=0.01 sys=0.00, real=0.00 secs] 
67.692: Total time for which application threads were stopped: 0.0594700 seconds, Stopping threads took: 0.0587710 seconds
67.779: Application time: 0.0866700 seconds
67.845: [GC [PSYoungGen: 13420K->1572K(14848K)] 42406K->30557K(48128K), 0.0007070 secs] [Times: user=0.00 sys=0.00, real=0.01 secs] 
67.846: Total time for which application threads were stopped: 0.0669510 seconds, Stopping threads took: 0.0661730 seconds
67.945: Application time: 0.0995760 seconds
68.012: [GC [PSYoungGen: 14285K->1344K(14848K)] 43270K->30346K(48128K), 0.0006570 secs] [Times: user=0.00 sys=0.00, real=0.00 secs] 
68.013: Total time for which application threads were stopped: 0.0676440 seconds, Stopping threads took: 0.0669140 seconds
68.096: Application time: 0.0834230 seconds
68.142: [GC [PSYoungGen: 14057K->1865K(14848K)] 43059K->31265K(48128K), 0.0009110 secs] [Times: user=0.00 sys=0.00, real=0.00 secs] 
68.143: Total time for which application threads were stopped: 0.0469680 seconds, Stopping threads took: 0.0459880 seconds
68.226: Application time: 0.0827290 seconds
68.297: [GC [PSYoungGen: 14460K->710K(14848K)] 43861K->30111K(48128K), 0.0005620 secs] [Times: user=0.00 sys=0.00, real=0.00 secs] 
68.297: Total time for which application threads were stopped: 0.0711220 seconds, Stopping threads took: 0.0704800 seconds
68.382: Application time: 0.0844860 seconds
68.444: [GC [PSYoungGen: 13502K->579K(14848K)] 42902K->29979K(48128K), 0.0004400 secs] [Times: user=0.00 sys=0.00, real=0.00 secs] 
68.444: Total time for which application threads were stopped: 0.0624470 seconds, Stopping threads took: 0.0619450 seconds
68.523: Application time: 0.0791770 seconds
68.566: [GC [PSYoungGen: 13351K->1312K(14848K)] 42751K->30713K(48128K), 0.0006530 secs] [Times: user=0.00 sys=0.00, real=0.00 secs] 
68.567: Total time for which application threads were stopped: 0.0432470 seconds, Stopping threads took: 0.0425270 seconds
68.675: Application time: 0.1079750 seconds
68.731: [GC [PSYoungGen: 13791K->710K(14848K)] 43192K->30111K(48128K), 0.0005940 secs] [Times: user=0.00 sys=0.00, real=0.00 secs] 
68.732: Total time for which application threads were stopped: 0.0574910 seconds, Stopping threads took: 0.0568090 seconds
68.816: Application time: 0.0843580 seconds
68.882: [GC [PSYoungGen: 13423K->499K(14848K)] 42824K->29907K(48128K), 0.0007110 secs] [Times: user=0.00 sys=0.00, real=0.00 secs] 
68.882: Total time for which application threads were stopped: 0.0658370 seconds, Stopping threads took: 0.0650340 seconds
68.964: Application time: 0.0816850 seconds
69.028: [GC [PSYoungGen: 13212K->352K(14848K)] 42621K->29760K(48128K), 0.0006330 secs] [Times: user=0.00 sys=0.00, real=0.00 secs] 
69.029: Total time for which application threads were stopped: 0.0646360 seconds, Stopping threads took: 0.0639270 seconds
69.107: Application time: 0.0781750 seconds
69.147: [GC [PSYoungGen: 12967K->1149K(14848K)] 42376K->30557K(48128K), 0.0008680 secs] [Times: user=0.00 sys=0.00, real=0.00 secs] 
69.147: Total time for which application threads were stopped: 0.0406660 seconds, Stopping threads took: 0.0397110 seconds
69.234: Application time: 0.0868570 seconds
69.306: [GC [PSYoungGen: 13745K->1865K(14848K)] 43154K->31281K(48128K), 0.0007920 secs] [Times: user=0.01 sys=0.00, real=0.00 secs] 
69.307: Total time for which application threads were stopped: 0.0727600 seconds, Stopping threads took: 0.0718790 seconds
69.390: Application time: 0.0832990 seconds
69.455: [GC [PSYoungGen: 14480K->1572K(14848K)] 43896K->30996K(48128K), 0.0008160 secs] [Times: user=0.01 sys=0.00, real=0.00 secs] 
69.456: Total time for which application threads were stopped: 0.0656570 seconds, Stopping threads took: 0.0647510 seconds
69.557: Application time: 0.1006500 seconds
69.624: [GC [PSYoungGen: 14363K->1344K(14848K)] 43787K->30769K(48128K), 0.0009330 secs] [Times: user=0.00 sys=0.00, real=0.01 secs] 
69.625: Total time for which application threads were stopped: 0.0684180 seconds, Stopping threads took: 0.0673920 seconds
69.729: Application time: 0.1037570 seconds
69.797: [GC [PSYoungGen: 14057K->1165K(14848K)] 43482K->30589K(48128K), 0.0006100 secs] [Times: user=0.01 sys=0.00, real=0.00 secs] 
69.798: Total time for which application threads were stopped: 0.0688440 seconds, Stopping threads took: 0.0681560 seconds
69.905: Application time: 0.1076160 seconds
69.972: [GC [PSYoungGen: 13839K->790K(14848K)] 43264K->30215K(48128K), 0.0006240 secs] [Times: user=0.00 sys=0.00, real=0.00 secs] 
69.972: Total time for which application threads were stopped: 0.0670910 seconds, Stopping threads took: 0.0663880 seconds
70.055: Application time: 0.0824380 seconds
70.116: [GC [PSYoungGen: 13503K->563K(14848K)] 42928K->30011K(48128K), 0.0007150 secs] [Times: user=0.01 sys=0.00, real=0.00 secs] 
70.116: Total time for which application threads were stopped: 0.0613970 seconds, Stopping threads took: 0.0605950 seconds
70.194: Application time: 0.0780550 seconds
70.236: [GC [PSYoungGen: 13335K->1296K(14848K)] 42783K->30745K(48128K), 0.0009540 secs] [Times: user=0.00 sys=0.01, real=0.00 secs] 
70.237: Total time for which application threads were stopped: 0.0430970 seconds, Stopping threads took: 0.0420470 seconds
70.342: Application time: 0.1046620 seconds
70.408: [GC [PSYoungGen: 14088K->1165K(14848K)] 43536K->30613K(48128K), 0.0006900 secs] [Times: user=0.00 sys=0.00, real=0.00 secs] 
70.410: Total time for which application threads were stopped: 0.0679790 seconds, Stopping threads took: 0.0663140 seconds
70.494: Application time: 0.0836500 seconds
70.557: [GC [PSYoungGen: 13761K->758K(14848K)] 43210K->30223K(48128K), 0.0007880 secs] [Times: user=0.01 sys=0.00, real=0.00 secs] 
70.558: Total time for which application threads were stopped: 0.0639800 seconds, Stopping threads took: 0.0631180 seconds
70.644: Application time: 0.0858330 seconds
70.702: [GC [PSYoungGen: 13374K->1524K(14848K)] 42838K->31004K(48128K), 0.0008740 secs] [Times: user=0.00 sys=0.00, real=0.00 secs] 
70.702: Total time for which application threads were stopped: 0.0588660 seconds, Stopping threads took: 0.0579020 seconds
70.802: Application time: 0.0993930 seconds
70.868: [GC [PSYoungGen: 14237K->1360K(14848K)] 43717K->30849K(48128K), 0.0007370 secs] [Times: user=0.01 sys=0.00, real=0.00 secs] 
70.869: Total time for which application threads were stopped: 0.0670540 seconds, Stopping threads took: 0.0662260 seconds
70.968: Application time: 0.0986520 seconds
71.038: [GC [PSYoungGen: 14073K->1149K(14848K)] 43562K->30653K(48128K), 0.0005890 secs] [Times: user=0.00 sys=0.00, real=0.00 secs] 
71.039: Total time for which application threads were stopped: 0.0712600 seconds, Stopping threads took: 0.0705860 seconds
71.137: Application time: 0.0977110 seconds
71.206: [GC [PSYoungGen: 13667K->742K(14848K)] 43171K->30247K(48128K), 0.0005390 secs] [Times: user=0.00 sys=0.00, real=0.00 secs] 
71.207: Total time for which application threads were stopped: 0.0705150 seconds, Stopping threads took: 0.0698770 seconds
71.290: Application time: 0.0832480 seconds
71.355: [GC [PSYoungGen: 13495K->304K(14848K)] 42999K->29808K(48128K), 0.0006850 secs] [Times: user=0.01 sys=0.00, real=0.00 secs] 
71.356: Total time for which application threads were stopped: 0.0658440 seconds, Stopping threads took: 0.0650670 seconds
71.435: Application time: 0.0786440 seconds
71.477: [GC [PSYoungGen: 12997K->1165K(14848K)] 42502K->30669K(48128K), 0.0006520 secs] [Times: user=0.01 sys=0.00, real=0.00 secs] 
71.478: Total time for which application threads were stopped: 0.0433640 seconds, Stopping threads took: 0.0426190 seconds
71.563: Application time: 0.0848450 seconds
71.627: [GC [PSYoungGen: 13683K->742K(14848K)] 43187K->30271K(48128K), 0.0008640 secs] [Times: user=0.00 sys=0.01, real=0.00 secs] 
71.628: Total time for which application threads were stopped: 0.0645740 seconds, Stopping threads took: 0.0636470 seconds
71.710: Application time: 0.0820290 seconds
71.769: [GC [PSYoungGen: 13455K->595K(14848K)] 42984K->30123K(48128K), 0.0004710 secs] [Times: user=0.00 sys=0.00, real=0.00 secs] 
71.770: Total time for which application threads were stopped: 0.0599000 seconds, Stopping threads took: 0.0593450 seconds
71.863: Application time: 0.0932800 seconds
71.920: [GC [PSYoungGen: 13289K->1376K(14848K)] 42817K->30921K(48128K), 0.0007020 secs] [Times: user=0.01 sys=0.00, real=0.00 secs] 
71.920: Total time for which application threads were stopped: 0.0576400 seconds, Stopping threads took: 0.0568690 seconds
72.001: Application time: 0.0809400 seconds
72.075: [GC [PSYoungGen: 14167K->1181K(14848K)] 43712K->30725K(48128K), 0.0006420 secs] [Times: user=0.01 sys=0.00, real=0.00 secs] 
72.076: Total time for which application threads were stopped: 0.0741340 seconds, Stopping threads took: 0.0734230 seconds
72.178: Application time: 0.1027480 seconds
72.249: [GC [PSYoungGen: 13855K->710K(14848K)] 43400K->30271K(48128K), 0.0005700 secs] [Times: user=0.00 sys=0.00, real=0.00 secs] 
72.250: Total time for which application threads were stopped: 0.0715900 seconds, Stopping threads took: 0.0709480 seconds
72.333: Application time: 0.0829760 seconds
72.396: [GC [PSYoungGen: 13423K->579K(14848K)] 42984K->30139K(48128K), 0.0004900 secs] [Times: user=0.00 sys=0.00, real=0.00 secs] 
72.397: Total time for which application threads were stopped: 0.0639790 seconds, Stopping threads took: 0.0634150 seconds
72.478: Application time: 0.0816140 seconds
72.517: [GC [PSYoungGen: 13292K->1442K(14848K)] 42853K->31018K(48128K), 0.0009140 secs] [Times: user=0.01 sys=0.00, real=0.00 secs] 
72.518: Total time for which application threads were stopped: 0.0391550 seconds, Stopping threads took: 0.0381720 seconds
72.602: Application time: 0.0841030 seconds
72.655: [GC [PSYoungGen: 14135K->1117K(14848K)] 43712K->30709K(48128K), 0.0005790 secs] [Times: user=0.00 sys=0.00, real=0.00 secs] 
72.655: Total time for which application threads were stopped: 0.0534840 seconds, Stopping threads took: 0.0528410 seconds
72.761: Application time: 0.1060730 seconds
72.824: [GC [PSYoungGen: 13791K->710K(14848K)] 43384K->30311K(48128K), 0.0005170 secs] [Times: user=0.01 sys=0.00, real=0.00 secs] 
72.825: Total time for which application threads were stopped: 0.0634070 seconds, Stopping threads took: 0.0628040 seconds
72.907: Application time: 0.0821840 seconds
72.974: [GC [PSYoungGen: 13423K->579K(14848K)] 43024K->30179K(48128K), 0.0007130 secs] [Times: user=0.01 sys=0.00, real=0.00 secs] 
72.974: Total time for which application threads were stopped: 0.0675140 seconds, Stopping threads took: 0.0667000 seconds
73.057: Application time: 0.0821650 seconds
73.121: [GC [PSYoungGen: 13370K->368K(14848K)] 42971K->29968K(48128K), 0.0004290 secs] [Times: user=0.00 sys=0.00, real=0.00 secs] 
73.121: Total time for which application threads were stopped: 0.0646760 seconds, Stopping threads took: 0.0641630 seconds
73.201: Application time: 0.0802070 seconds
73.243: [GC [PSYoungGen: 13061K->1149K(14848K)] 42662K->30749K(48128K), 0.0006780 secs] [Times: user=0.01 sys=0.00, real=0.00 secs] 
73.244: Total time for which application threads were stopped: 0.0426960 seconds, Stopping threads took: 0.0419490 seconds
73.327: Application time: 0.0829500 seconds
73.382: [GC [PSYoungGen: 13667K->1881K(14848K)] 43267K->31481K(48128K), 0.0009410 secs] [Times: user=0.01 sys=0.00, real=0.00 secs] 
73.383: Total time for which application threads were stopped: 0.0561430 seconds, Stopping threads took: 0.0551080 seconds
73.467: Application time: 0.0838960 seconds
73.535: [GC [PSYoungGen: 14594K->547K(14848K)] 44194K->30163K(48128K), 0.0005430 secs] [Times: user=0.00 sys=0.00, real=0.00 secs] 
73.535: Total time for which application threads were stopped: 0.0682090 seconds, Stopping threads took: 0.0675870 seconds
73.619: Application time: 0.0833100 seconds
73.684: [GC [PSYoungGen: 13338K->304K(14848K)] 42955K->29928K(48128K), 0.0004870 secs] [Times: user=0.00 sys=0.00, real=0.00 secs] 
73.684: Total time for which application threads were stopped: 0.0653710 seconds, Stopping threads took: 0.0648130 seconds
73.763: Application time: 0.0788300 seconds
73.805: [GC [PSYoungGen: 12997K->1865K(14848K)] 42622K->31880K(48128K), 0.0009930 secs] [Times: user=0.00 sys=0.00, real=0.00 secs] 
73.806: Total time for which application threads were stopped: 0.0435340 seconds, Stopping threads took: 0.0424470 seconds
73.909: Application time: 0.1028840 seconds
73.976: [GC [PSYoungGen: 14461K->758K(14848K)] 44476K->30773K(48128K), 0.0008060 secs] [Times: user=0.01 sys=0.00, real=0.00 secs] 
73.976: Total time for which application threads were stopped: 0.0670620 seconds, Stopping threads took: 0.0661790 seconds
74.059: Application time: 0.0830680 seconds
74.114: [GC [PSYoungGen: 13549K->563K(14848K)] 43565K->30586K(48128K), 0.0006180 secs] [Times: user=0.00 sys=0.00, real=0.00 secs] 
74.115: Total time for which application threads were stopped: 0.0557080 seconds, Stopping threads took: 0.0549920 seconds
74.197: Application time: 0.0820310 seconds
74.263: [GC [PSYoungGen: 13354K->336K(14848K)] 43377K->30375K(48128K), 0.0005140 secs] [Times: user=0.00 sys=0.00, real=0.00 secs] 
74.263: Total time for which application threads were stopped: 0.0663350 seconds, Stopping threads took: 0.0657350 seconds
74.345: Application time: 0.0818770 seconds
74.386: [GC [PSYoungGen: 13029K->1117K(14848K)] 43068K->31172K(48128K), 0.0006000 secs] [Times: user=0.00 sys=0.00, real=0.00 secs] 
74.386: Total time for which application threads were stopped: 0.0410610 seconds, Stopping threads took: 0.0403900 seconds
74.490: Application time: 0.1033840 seconds
74.550: [GC [PSYoungGen: 13635K->710K(14848K)] 43690K->30765K(48128K), 0.0005590 secs] [Times: user=0.00 sys=0.00, real=0.00 secs] 
74.550: Total time for which application threads were stopped: 0.0604460 seconds, Stopping threads took: 0.0598220 seconds
74.633: Application time: 0.0825990 seconds
74.696: [GC [PSYoungGen: 13423K->547K(14848K)] 43479K->30602K(48128K), 0.0007510 secs] [Times: user=0.00 sys=0.00, real=0.00 secs] 
74.697: Total time for which application threads were stopped: 0.0641270 seconds, Stopping threads took: 0.0632930 seconds
74.778: Application time: 0.0812330 seconds
74.836: [GC [PSYoungGen: 13338K->368K(14848K)] 43393K->30439K(48128K), 0.0004860 secs] [Times: user=0.00 sys=0.00, real=0.00 secs] 
74.837: Total time for which application threads were stopped: 0.0584130 seconds, Stopping threads took: 0.0578380 seconds
74.916: Application time: 0.0790930 seconds
74.958: [GC [PSYoungGen: 13061K->1165K(14848K)] 43132K->31252K(48128K), 0.0008830 secs] [Times: user=0.00 sys=0.00, real=0.00 secs] 
74.959: Total time for which application threads were stopped: 0.0428190 seconds, Stopping threads took: 0.0418440 seconds
75.042: Application time: 0.0830040 seconds
75.107: [GC [PSYoungGen: 13761K->694K(14848K)] 43848K->30781K(48128K), 0.0007170 secs] [Times: user=0.01 sys=0.00, real=0.00 secs] 
75.108: Total time for which application threads were stopped: 0.0664090 seconds, Stopping threads took: 0.0656040 seconds
75.190: Application time: 0.0822900 seconds
75.250: [GC [PSYoungGen: 13486K->547K(14848K)] 43573K->30642K(48128K), 0.0005340 secs] [Times: user=0.01 sys=0.00, real=0.00 secs] 
75.251: Total time for which application threads were stopped: 0.0603790 seconds, Stopping threads took: 0.0597490 seconds
75.343: Application time: 0.0920970 seconds
75.412: [GC [PSYoungGen: 13260K->304K(14848K)] 43355K->30415K(48128K), 0.0006440 secs] [Times: user=0.00 sys=0.01, real=0.01 secs] 
75.414: Total time for which application threads were stopped: 0.0711610 seconds, Stopping threads took: 0.0694750 seconds
75.493: Application time: 0.0790090 seconds
75.536: [GC [PSYoungGen: 12997K->1149K(14848K)] 43109K->31260K(48128K), 0.0007720 secs] [Times: user=0.00 sys=0.00, real=0.00 secs] 
75.536: Total time for which application threads were stopped: 0.0435170 seconds, Stopping threads took: 0.0426550 seconds
75.642: Application time: 0.1056450 seconds
75.700: [GC [PSYoungGen: 13745K->742K(14848K)] 43856K->30853K(48128K), 0.0005670 secs] [Times: user=0.01 sys=0.00, real=0.00 secs] 
75.701: Total time for which application threads were stopped: 0.0585030 seconds, Stopping threads took: 0.0578420 seconds
75.783: Application time: 0.0820240 seconds
75.846: [GC [PSYoungGen: 13455K->563K(14848K)] 43567K->30690K(48128K), 0.0006430 secs] [Times: user=0.01 sys=0.00, real=0.00 secs] 
75.846: Total time for which application threads were stopped: 0.0638270 seconds, Stopping threads took: 0.0631020 seconds
75.928: Application time: 0.0810780 seconds
75.992: [GC [PSYoungGen: 13354K->352K(14848K)] 43482K->30503K(48128K), 0.0005480 secs] [Times: user=0.00 sys=0.00, real=0.00 secs] 
75.993: Total time for which application threads were stopped: 0.0653220 seconds, Stopping threads took: 0.0647080 seconds
76.071: Application time: 0.0779640 seconds
76.114: [GC [PSYoungGen: 12967K->1133K(14848K)] 43118K->31308K(48128K), 0.0007050 secs] [Times: user=0.01 sys=0.00, real=0.00 secs] 
76.115: Total time for which application threads were stopped: 0.0439010 seconds, Stopping threads took: 0.0431050 seconds
76.198: Application time: 0.0832430 seconds
76.262: [GC [PSYoungGen: 13807K->742K(14848K)] 43982K->30933K(48128K), 0.0005650 secs] [Times: user=0.00 sys=0.00, real=0.00 secs] 
76.263: Total time for which application threads were stopped: 0.0647200 seconds, Stopping threads took: 0.0640870 seconds
76.347: Application time: 0.0847580 seconds
76.389: [GC [PSYoungGen: 13533K->1637K(14848K)] 43725K->31844K(48128K), 0.0007190 secs] [Times: user=0.00 sys=0.00, real=0.00 secs] 
76.389: Total time for which application threads were stopped: 0.0418980 seconds, Stopping threads took: 0.0411040 seconds
76.471: Application time: 0.0819060 seconds
76.536: [GC [PSYoungGen: 14331K->1360K(14848K)] 44538K->31575K(48128K), 0.0006760 secs] [Times: user=0.00 sys=0.00, real=0.00 secs] 
76.536: Total time for which application threads were stopped: 0.0650700 seconds, Stopping threads took: 0.0643240 seconds
76.638: Application time: 0.1020450 seconds
76.706: [GC [PSYoungGen: 14152K->1181K(14848K)] 44367K->31396K(48128K), 0.0006310 secs] [Times: user=0.01 sys=0.00, real=0.00 secs] 
76.707: Total time for which application threads were stopped: 0.0686140 seconds, Stopping threads took: 0.0679180 seconds
76.809: Application time: 0.1020940 seconds
76.869: [GC [PSYoungGen: 13699K->758K(14848K)] 43914K->30973K(48128K), 0.0005290 secs] [Times: user=0.01 sys=0.00, real=0.00 secs] 
76.870: Total time for which application threads were stopped: 0.0604060 seconds, Stopping threads took: 0.0598100 seconds
76.951: Application time: 0.0819730 seconds
77.010: [GC [PSYoungGen: 13471K->531K(14848K)] 43687K->30762K(48128K), 0.0004610 secs] [Times: user=0.00 sys=0.00, real=0.00 secs] 
77.011: Total time for which application threads were stopped: 0.0593140 seconds, Stopping threads took: 0.0587770 seconds
77.090: Application time: 0.0796960 seconds
77.134: [GC [PSYoungGen: 13322K->1978K(14848K)] 43553K->32803K(48128K), 0.0010180 secs] [Times: user=0.01 sys=0.00, real=0.00 secs] 
77.135: Total time for which application threads were stopped: 0.0442880 seconds, Stopping threads took: 0.0432050 seconds
77.230: Application time: 0.0955950 seconds
77.304: [GC [PSYoungGen: 14593K->1181K(14848K)] 45419K->32014K(48128K), 0.0006500 secs] [Times: user=0.00 sys=0.00, real=0.00 secs] 
77.304: Total time for which application threads were stopped: 0.0738440 seconds, Stopping threads took: 0.0731220 seconds
77.388: Application time: 0.0841210 seconds
77.453: [GC [PSYoungGen: 13855K->742K(14848K)] 44688K->31583K(48128K), 0.0005730 secs] [Times: user=0.00 sys=0.00, real=0.01 secs] 
77.453: Total time for which application threads were stopped: 0.0647820 seconds, Stopping threads took: 0.0641380 seconds
77.536: Application time: 0.0829680 seconds
77.589: [GC [PSYoungGen: 13533K->579K(14848K)] 44375K->31420K(48128K), 0.0004650 secs] [Times: user=0.00 sys=0.00, real=0.00 secs] 
77.589: Total time for which application threads were stopped: 0.0530380 seconds, Stopping threads took: 0.0524930 seconds
77.684: Application time: 0.0951000 seconds
77.752: [GC [PSYoungGen: 13292K->352K(14848K)] 44133K->31209K(48128K), 0.0004540 secs] [Times: user=0.00 sys=0.00, real=0.00 secs] 
77.753: Total time for which application threads were stopped: 0.0686740 seconds, Stopping threads took: 0.0681540 seconds
77.831: Application time: 0.0785280 seconds
77.872: [GC [PSYoungGen: 12967K->1117K(14848K)] 43824K->31990K(48128K), 0.0006160 secs] [Times: user=0.01 sys=0.00, real=0.00 secs] 
77.873: Total time for which application threads were stopped: 0.0410490 seconds, Stopping threads took: 0.0403670 seconds
77.957: Application time: 0.0845220 seconds
78.022: [GC [PSYoungGen: 13635K->742K(14848K)] 44508K->31615K(48128K), 0.0005060 secs] [Times: user=0.01 sys=0.00, real=0.00 secs] 
78.022: Total time for which application threads were stopped: 0.0650030 seconds, Stopping threads took: 0.0644290 seconds
78.106: Application time: 0.0837600 seconds
78.163: [GC [PSYoungGen: 13416K->320K(14848K)] 44289K->31201K(48128K), 0.0005720 secs] [Times: user=0.00 sys=0.00, real=0.00 secs] 
78.164: Total time for which application threads were stopped: 0.0578970 seconds, Stopping threads took: 0.0572430 seconds
78.242: Application time: 0.0785930 seconds
78.283: [GC [PSYoungGen: 13013K->1181K(14848K)] 43894K->32062K(48128K), 0.0007240 secs] [Times: user=0.00 sys=0.00, real=0.00 secs] 
78.284: Total time for which application threads were stopped: 0.0418280 seconds, Stopping threads took: 0.0410100 seconds
78.368: Application time: 0.0834910 seconds
78.427: [GC [PSYoungGen: 13699K->694K(14848K)] 44580K->31599K(48128K), 0.0006330 secs] [Times: user=0.00 sys=0.00, real=0.00 secs] 
78.427: Total time for which application threads were stopped: 0.0597280 seconds, Stopping threads took: 0.0590040 seconds
78.524: Application time: 0.0962530 seconds
78.593: [GC [PSYoungGen: 13368K->368K(14848K)] 44274K->31289K(48128K), 0.0004810 secs] [Times: user=0.00 sys=0.00, real=0.01 secs] 
78.593: Total time for which application threads were stopped: 0.0695680 seconds, Stopping threads took: 0.0690170 seconds
78.671: Application time: 0.0775440 seconds
78.713: [GC [PSYoungGen: 12983K->1181K(14848K)] 43904K->32118K(48128K), 0.0008350 secs] [Times: user=0.00 sys=0.00, real=0.00 secs] 
78.714: Total time for which application threads were stopped: 0.0434250 seconds, Stopping threads took: 0.0424940 seconds
78.796: Application time: 0.0821090 seconds
78.853: [GC [PSYoungGen: 13855K->726K(14848K)] 44792K->31687K(48128K), 0.0006250 secs] [Times: user=0.00 sys=0.00, real=0.01 secs] 
78.853: Total time for which application threads were stopped: 0.0571790 seconds, Stopping threads took: 0.0564890 seconds
78.936: Application time: 0.0828410 seconds
79.002: [GC [PSYoungGen: 13518K->531K(14848K)] 44479K->31492K(48128K), 0.0005500 secs] [Times: user=0.00 sys=0.00, real=0.00 secs] 
79.003: Total time for which application threads were stopped: 0.0662310 seconds, Stopping threads took: 0.0655900 seconds
79.085: Application time: 0.0825960 seconds
79.140: [GC [PSYoungGen: 13244K->336K(14848K)] 44205K->31297K(48128K), 0.0006870 secs] [Times: user=0.00 sys=0.00, real=0.00 secs] 
79.140: Total time for which application threads were stopped: 0.0551930 seconds, Stopping threads took: 0.0544210 seconds
79.218: Application time: 0.0778860 seconds
79.260: [GC [PSYoungGen: 12951K->2028K(14848K)] 43912K->33208K(48128K), 0.0009330 secs] [Times: user=0.01 sys=0.00, real=0.00 secs] 
79.261: Total time for which application threads were stopped: 0.0430150 seconds, Stopping threads took: 0.0419800 seconds
79.346: Application time: 0.0849450 seconds
79.408: [GC [PSYoungGen: 14643K->1914K(14848K)] 45824K->33095K(48128K), 0.0010330 secs] [Times: user=0.00 sys=0.00, real=0.00 secs] 
79.410: Total time for which application threads were stopped: 0.0633560 seconds, Stopping threads took: 0.0622520 seconds
79.512: Application time: 0.1027490 seconds
79.580: [GC [PSYoungGen: 14530K->547K(14848K)] 45710K->31735K(48128K), 0.0005200 secs] [Times: user=0.00 sys=0.00, real=0.00 secs] 
79.581: Total time for which application threads were stopped: 0.0686490 seconds, Stopping threads took: 0.0680630 seconds
79.660: Application time: 0.0790510 seconds
79.702: [GC [PSYoungGen: 13319K->1865K(14848K)] 44507K->33647K(48128K), 0.0009810 secs] [Times: user=0.01 sys=0.00, real=0.00 secs] 
79.703: Total time for which application threads were stopped: 0.0431930 seconds, Stopping threads took: 0.0421390 seconds
79.787: Application time: 0.0838180 seconds
79.850: [GC [PSYoungGen: 14656K->1181K(14848K)] 46438K->32963K(48128K), 0.0006710 secs] [Times: user=0.00 sys=0.00, real=0.00 secs] 
79.851: Total time for which application threads were stopped: 0.0639510 seconds, Stopping threads took: 0.0632030 seconds
79.935: Application time: 0.0840980 seconds
79.997: [GC [PSYoungGen: 13972K->938K(14848K)] 45754K->32720K(48128K), 0.0006160 secs] [Times: user=0.00 sys=0.00, real=0.00 secs] 
79.997: Total time for which application threads were stopped: 0.0620750 seconds, Stopping threads took: 0.0613940 seconds
80.080: Application time: 0.0824620 seconds
80.137: [GC [PSYoungGen: 13651K->742K(14848K)] 45433K->32525K(48128K), 0.0005450 secs] [Times: user=0.00 sys=0.00, real=0.00 secs] 
80.138: Total time for which application threads were stopped: 0.0580320 seconds, Stopping threads took: 0.0574200 seconds
80.236: Application time: 0.0986510 seconds
80.303: [GC [PSYoungGen: 13534K->595K(14848K)] 45316K->32385K(48128K), 0.0005090 secs] [Times: user=0.00 sys=0.00, real=0.00 secs] 
80.304: Total time for which application threads were stopped: 0.0672040 seconds, Stopping threads took: 0.0666260 seconds
80.396: Application time: 0.0926040 seconds
80.457: [GC [PSYoungGen: 13367K->1312K(14848K)] 45157K->33127K(48128K), 0.0006450 secs] [Times: user=0.00 sys=0.00, real=0.00 secs] 
80.459: Total time for which application threads were stopped: 0.0627080 seconds, Stopping threads took: 0.0611330 seconds
80.564: Application time: 0.1054440 seconds
80.624: [GC [PSYoungGen: 14025K->1149K(14848K)] 45840K->32963K(48128K), 0.0006300 secs] [Times: user=0.00 sys=0.00, real=0.00 secs] 
80.625: Total time for which application threads were stopped: 0.0603590 seconds, Stopping threads took: 0.0596380 seconds
80.710: Application time: 0.0858640 seconds
80.771: [GC [PSYoungGen: 13940K->986K(14848K)] 45755K->32808K(48128K), 0.0005910 secs] [Times: user=0.00 sys=0.00, real=0.00 secs] 
80.772: Total time for which application threads were stopped: 0.0611640 seconds, Stopping threads took: 0.0605120 seconds
80.868: Application time: 0.0961260 seconds
80.919: [GC [PSYoungGen: 13601K->1751K(14848K)] 45423K->33573K(48128K), 0.0009140 secs] [Times: user=0.00 sys=0.00, real=0.00 secs] 
80.920: Total time for which application threads were stopped: 0.0520040 seconds, Stopping threads took: 0.0510180 seconds
81.021: Application time: 0.1015050 seconds
81.091: [GC [PSYoungGen: 14464K->1556K(14848K)] 46286K->33394K(48128K), 0.0009200 secs] [Times: user=0.00 sys=0.00, real=0.00 secs] 
81.092: Total time for which application threads were stopped: 0.0709090 seconds, Stopping threads took: 0.0698960 seconds
81.195: Application time: 0.1024160 seconds
81.260: [GC [PSYoungGen: 14230K->1165K(14848K)] 46068K->33019K(48128K), 0.0008070 secs] [Times: user=0.01 sys=0.00, real=0.00 secs] 
81.261: Total time for which application threads were stopped: 0.0660190 seconds, Stopping threads took: 0.0651190 seconds
81.345: Application time: 0.0845160 seconds
81.408: [GC [PSYoungGen: 13683K->774K(14848K)] 45537K->32629K(48128K), 0.0007320 secs] [Times: user=0.00 sys=0.00, real=0.00 secs] 
81.409: Total time for which application threads were stopped: 0.0635480 seconds, Stopping threads took: 0.0627270 seconds
81.507: Application time: 0.0986500 seconds
81.577: [GC [PSYoungGen: 13566K->579K(14848K)] 45420K->32433K(48128K), 0.0005260 secs] [Times: user=0.00 sys=0.00, real=0.00 secs] 
81.577: Total time for which application threads were stopped: 0.0697760 seconds, Stopping threads took: 0.0691560 seconds
81.660: Application time: 0.0824200 seconds
81.724: [GC [PSYoungGen: 13370K->336K(14848K)] 45225K->32190K(48128K), 0.0006660 secs] [Times: user=0.01 sys=0.00, real=0.00 secs] 
81.725: Total time for which application threads were stopped: 0.0651030 seconds, Stopping threads took: 0.0643380 seconds
81.804: Application time: 0.0791840 seconds
81.843: [GC [PSYoungGen: 13107K->1149K(14848K)] 44962K->33003K(48128K), 0.0006850 secs] [Times: user=0.00 sys=0.00, real=0.00 secs] 
81.844: Total time for which application threads were stopped: 0.0401960 seconds, Stopping threads took: 0.0394200 seconds
81.927: Application time: 0.0826590 seconds
81.984: [GC [PSYoungGen: 13667K->758K(14848K)] 45521K->32629K(48128K), 0.0006470 secs] [Times: user=0.00 sys=0.00, real=0.00 secs] 
81.985: Total time for which application threads were stopped: 0.0582220 seconds, Stopping threads took: 0.0575100 seconds
82.073: Application time: 0.0880310 seconds
82.113: [GC [PSYoungGen: 13549K->1946K(14848K)] 45420K->34614K(48128K), 0.0010130 secs] [Times: user=0.01 sys=0.00, real=0.01 secs] 
82.114: Total time for which application threads were stopped: 0.0406830 seconds, Stopping threads took: 0.0395960 seconds
82.196: Application time: 0.0827480 seconds
82.268: [GC [PSYoungGen: 14659K->304K(14848K)] 47327K->32979K(48128K), 0.0006350 secs] [Times: user=0.00 sys=0.00, real=0.00 secs] 
82.269: Total time for which application threads were stopped: 0.0721220 seconds, Stopping threads took: 0.0713830 seconds
82.348: Application time: 0.0792180 seconds
82.388: [GC-- [PSYoungGen: 13095K->13095K(14848K)] 45771K->46747K(48640K), 0.0011010 secs] [Times: user=0.01 sys=0.00, real=0.00 secs] 
82.389: [Full GC [PSYoungGen: 13095K->0K(14848K)] [ParOldGen: 33652K->4317K(33792K)] 46747K->4317K(48640K) [PSPermGen: 5116K->5113K(21504K)], 0.0074790 secs] [Times: user=0.03 sys=0.00, real=0.01 secs] 
82.397: Total time for which application threads were stopped: 0.0490060 seconds, Stopping threads took: 0.0403130 seconds
82.499: Application time: 0.1017720 seconds
82.568: [GC [PSYoungGen: 12498K->614K(14848K)] 16815K->4932K(48640K), 0.0004950 secs] [Times: user=0.01 sys=0.00, real=0.00 secs] 
82.568: Total time for which application threads were stopped: 0.0695530 seconds, Stopping threads took: 0.0689850 seconds
82.651: Application time: 0.0830420 seconds
82.717: [GC [PSYoungGen: 13327K->387K(14848K)] 17645K->4704K(48640K), 0.0005450 secs] [Times: user=0.00 sys=0.00, real=0.00 secs] 
82.717: Total time for which application threads were stopped: 0.0659200 seconds, Stopping threads took: 0.0653000 seconds
82.797: Application time: 0.0804000 seconds
82.854: [GC [PSYoungGen: 13178K->224K(14848K)] 17496K->4541K(48640K), 0.0005730 secs] [Times: user=0.01 sys=0.00, real=0.00 secs] 
82.855: Total time for which application threads were stopped: 0.0572660 seconds, Stopping threads took: 0.0566000 seconds
82.934: Application time: 0.0789520 seconds
82.977: [GC [PSYoungGen: 12839K->1005K(14848K)] 17157K->5322K(48640K), 0.0005920 secs] [Times: user=0.00 sys=0.00, real=0.00 secs] 
82.978: Total time for which application threads were stopped: 0.0442760 seconds, Stopping threads took: 0.0436180 seconds
83.083: Application time: 0.1045200 seconds
83.143: [GC [PSYoungGen: 13523K->582K(14848K)] 17840K->4900K(48640K), 0.0005160 secs] [Times: user=0.00 sys=0.00, real=0.00 secs] 
83.144: Total time for which application threads were stopped: 0.0610560 seconds, Stopping threads took: 0.0604600 seconds
83.228: Application time: 0.0841490 seconds
83.268: [GC [PSYoungGen: 13256K->1298K(14848K)] 17574K->5615K(48640K), 0.0007220 secs] [Times: user=0.00 sys=0.00, real=0.00 secs] 
83.268: Total time for which application threads were stopped: 0.0405560 seconds, Stopping threads took: 0.0397640 seconds
83.352: Application time: 0.0836320 seconds
83.415: [GC [PSYoungGen: 13913K->1069K(14848K)] 18231K->5386K(48640K), 0.0005820 secs] [Times: user=0.00 sys=0.00, real=0.00 secs] 
83.416: Total time for which application threads were stopped: 0.0641280 seconds, Stopping threads took: 0.0634690 seconds
83.499: Application time: 0.0827990 seconds
83.563: [GC [PSYoungGen: 13743K->694K(14848K)] 18060K->5012K(48640K), 0.0006670 secs] [Times: user=0.00 sys=0.00, real=0.00 secs] 
83.564: Total time for which application threads were stopped: 0.0650060 seconds, Stopping threads took: 0.0642530 seconds
83.649: Application time: 0.0851590 seconds
83.704: [GC [PSYoungGen: 13388K->1540K(14848K)] 17705K->5857K(48640K), 0.0006580 secs] [Times: user=0.01 sys=0.00, real=0.00 secs] 
83.704: Total time for which application threads were stopped: 0.0553140 seconds, Stopping threads took: 0.0545910 seconds
83.802: Application time: 0.0978140 seconds
83.868: [GC [PSYoungGen: 14252K->1328K(14848K)] 18570K->5646K(48640K), 0.0008750 secs] [Times: user=0.00 sys=0.00, real=0.00 secs] 
83.869: Total time for which application threads were stopped: 0.0664480 seconds, Stopping threads took: 0.0654940 seconds
83.975: Application time: 0.1060110 seconds
84.036: [GC [PSYoungGen: 14041K->1069K(14848K)] 18359K->5386K(48640K), 0.0006610 secs] [Times: user=0.00 sys=0.00, real=0.00 secs] 
84.037: Total time for which application threads were stopped: 0.0624750 seconds, Stopping threads took: 0.0617280 seconds
84.120: Application time: 0.0827990 seconds
84.173: [GC [PSYoungGen: 13665K->742K(14848K)] 17983K->5060K(48640K), 0.0004920 secs] [Times: user=0.00 sys=0.00, real=0.00 secs] 
84.173: Total time for which application threads were stopped: 0.0531310 seconds, Stopping threads took: 0.0525510 seconds
84.255: Application time: 0.0820140 seconds
84.320: [GC [PSYoungGen: 13417K->384K(14848K)] 17734K->4701K(48640K), 0.0006880 secs] [Times: user=0.00 sys=0.00, real=0.00 secs] 
84.320: Total time for which application threads were stopped: 0.0652190 seconds, Stopping threads took: 0.0644450 seconds
84.398: Application time: 0.0778390 seconds
84.440: [GC [PSYoungGen: 12999K->1117K(14848K)] 17317K->5434K(48640K), 0.0006720 secs] [Times: user=0.01 sys=0.00, real=0.00 secs] 
84.440: Total time for which application threads were stopped: 0.0422470 seconds, Stopping threads took: 0.0414850 seconds
84.544: Application time: 0.1032960 seconds
84.606: [GC [PSYoungGen: 13635K->742K(14848K)] 17952K->5060K(48640K), 0.0005400 secs] [Times: user=0.01 sys=0.00, real=0.00 secs] 
84.607: Total time for which application threads were stopped: 0.0633060 seconds, Stopping threads took: 0.0626810 seconds
84.689: Application time: 0.0818520 seconds
84.746: [GC [PSYoungGen: 13533K->563K(14848K)] 17851K->4920K(48640K), 0.0004480 secs] [Times: user=0.00 sys=0.00, real=0.00 secs] 
84.746: Total time for which application threads were stopped: 0.0573570 seconds, Stopping threads took: 0.0568440 seconds
84.829: Application time: 0.0824690 seconds
84.894: [GC [PSYoungGen: 13276K->384K(14848K)] 17634K->4741K(48640K), 0.0005240 secs] [Times: user=0.00 sys=0.00, real=0.00 secs] 
84.895: Total time for which application threads were stopped: 0.0663090 seconds, Stopping threads took: 0.0656940 seconds
84.975: Application time: 0.0799200 seconds
85.016: [GC [PSYoungGen: 13155K->1117K(14848K)] 17513K->5482K(48640K), 0.0008020 secs] [Times: user=0.00 sys=0.00, real=0.00 secs] 
85.017: Total time for which application threads were stopped: 0.0423020 seconds, Stopping threads took: 0.0414020 seconds
85.118: Application time: 0.1012890 seconds
85.186: [GC [PSYoungGen: 13635K->726K(14848K)] 18000K->5092K(48640K), 0.0006060 secs] [Times: user=0.01 sys=0.00, real=0.00 secs] 
85.187: Total time for which application threads were stopped: 0.0683430 seconds, Stopping threads took: 0.0676440 seconds
85.270: Application time: 0.0834820 seconds
85.331: [GC [PSYoungGen: 13518K->563K(14848K)] 17883K->4929K(48640K), 0.0005530 secs] [Times: user=0.00 sys=0.00, real=0.00 secs] 
85.332: Total time for which application threads were stopped: 0.0616910 seconds, Stopping threads took: 0.0610680 seconds
85.429: Application time: 0.0966370 seconds
85.499: [GC [PSYoungGen: 13354K->320K(14848K)] 17720K->4701K(48640K), 0.0004690 secs] [Times: user=0.00 sys=0.00, real=0.00 secs] 
85.500: Total time for which application threads were stopped: 0.0714380 seconds, Stopping threads took: 0.0698470 seconds
85.579: Application time: 0.0788610 seconds
85.620: [GC [PSYoungGen: 13013K->1181K(14848K)] 17395K->5562K(48640K), 0.0006000 secs] [Times: user=0.00 sys=0.00, real=0.00 secs] 
85.620: Total time for which application threads were stopped: 0.0415010 seconds, Stopping threads took: 0.0408320 seconds
85.704: Application time: 0.0837740 seconds
85.770: [GC [PSYoungGen: 13972K->970K(14848K)] 18354K->5375K(48640K), 0.0005600 secs] [Times: user=0.01 sys=0.00, real=0.00 secs] 
85.770: Total time for which application threads were stopped: 0.0658510 seconds, Stopping threads took: 0.0652220 seconds
85.852: Application time: 0.0817700 seconds
85.910: [GC [PSYoungGen: 13761K->758K(14848K)] 18166K->5180K(48640K), 0.0005480 secs] [Times: user=0.01 sys=0.00, real=0.00 secs] 
85.911: Total time for which application threads were stopped: 0.0592150 seconds, Stopping threads took: 0.0586020 seconds
85.993: Application time: 0.0823670 seconds
86.059: [GC [PSYoungGen: 13471K->579K(14848K)] 17893K->5001K(48640K), 0.0004340 secs] [Times: user=0.00 sys=0.00, real=0.00 secs] 
86.059: Total time for which application threads were stopped: 0.0655840 seconds, Stopping threads took: 0.0650860 seconds
86.142: Application time: 0.0827990 seconds
86.201: [GC [PSYoungGen: 13370K->368K(14848K)] 17792K->4789K(48640K), 0.0004150 secs] [Times: user=0.00 sys=0.00, real=0.00 secs] 
86.201: Total time for which application threads were stopped: 0.0596150 seconds, Stopping threads took: 0.0591370 seconds
86.280: Application time: 0.0786080 seconds
86.320: [GC [PSYoungGen: 12983K->1117K(14848K)] 17405K->5546K(48640K), 0.0005480 secs] [Times: user=0.00 sys=0.00, real=0.00 secs] 
86.321: Total time for which application threads were stopped: 0.0409260 seconds, Stopping threads took: 0.0403050 seconds
86.405: Application time: 0.0843880 seconds
86.468: [GC [PSYoungGen: 13713K->790K(14848K)] 18142K->5236K(48640K), 0.0005190 secs] [Times: user=0.00 sys=0.00, real=0.00 secs] 
86.469: Total time for which application threads were stopped: 0.0632600 seconds, Stopping threads took: 0.0626550 seconds
86.558: Application time: 0.0891800 seconds
86.613: [GC [PSYoungGen: 13503K->563K(14848K)] 17949K->5008K(48640K), 0.0005090 secs] [Times: user=0.00 sys=0.00, real=0.00 secs] 
86.614: Total time for which application threads were stopped: 0.0561650 seconds, Stopping threads took: 0.0555880 seconds
86.696: Application time: 0.0819340 seconds
86.762: [GC [PSYoungGen: 13352K->368K(14848K)] 17798K->4813K(48640K), 0.0004600 secs] [Times: user=0.00 sys=0.00, real=0.00 secs] 
86.762: Total time for which application threads were stopped: 0.0663450 seconds, Stopping threads took: 0.0658210 seconds
86.841: Application time: 0.0784120 seconds
86.880: [GC [PSYoungGen: 13061K->1994K(14848K)] 17507K->7815K(48640K), 0.0012310 secs] [Times: user=0.01 sys=0.00, real=0.00 secs] 
86.881: Total time for which application threads were stopped: 0.0407640 seconds, Stopping threads took: 0.0394460 seconds
86.987: Application time: 0.1060330 seconds
87.063: [GC [PSYoungGen: 14668K->710K(14848K)] 20489K->6531K(48640K), 0.0005410 secs] [Times: user=0.00 sys=0.00, real=0.00 secs] 
87.064: Total time for which application threads were stopped: 0.0763240 seconds, Stopping threads took: 0.0756890 seconds
87.150: Application time: 0.0865260 seconds
87.193: [GC [PSYoungGen: 13326K->1962K(14848K)] 19147K->9557K(48640K), 0.0013100 secs] [Times: user=0.01 sys=0.00, real=0.00 secs] 
87.195: Total time for which application threads were stopped: 0.0442770 seconds, Stopping threads took: 0.0428900 seconds
87.301: Application time: 0.1060920 seconds
87.378: [GC [PSYoungGen: 14675K->1376K(14848K)] 22270K->8971K(48640K), 0.0008420 secs] [Times: user=0.00 sys=0.00, real=0.00 secs] 
87.379: Total time for which application threads were stopped: 0.0784170 seconds, Stopping threads took: 0.0774850 seconds
87.487: Application time: 0.1074730 seconds
87.560: [GC [PSYoungGen: 14050K->970K(14848K)] 21645K->8572K(48640K), 0.0008830 secs] [Times: user=0.00 sys=0.00, real=0.00 secs] 
87.561: Total time for which application threads were stopped: 0.0741770 seconds, Stopping threads took: 0.0731950 seconds
87.650: Application time: 0.0888680 seconds
87.720: [GC [PSYoungGen: 13683K->774K(14848K)] 21285K->8393K(48640K), 0.0005330 secs] [Times: user=0.01 sys=0.00, real=0.00 secs] 
87.721: Total time for which application threads were stopped: 0.0712000 seconds, Stopping threads took: 0.0705980 seconds
87.810: Application time: 0.0887090 seconds
87.874: [GC [PSYoungGen: 13487K->531K(14848K)] 21106K->8158K(48640K), 0.0007300 secs] [Times: user=0.00 sys=0.00, real=0.00 secs] 
87.874: Total time for which application threads were stopped: 0.0648470 seconds, Stopping threads took: 0.0640510 seconds
87.962: Application time: 0.0880660 seconds
88.033: [GC [PSYoungGen: 13322K->352K(14848K)] 20949K->7986K(48640K), 0.0004660 secs] [Times: user=0.00 sys=0.00, real=0.00 secs] 
88.034: Total time for which application threads were stopped: 0.0713420 seconds, Stopping threads took: 0.0708040 seconds
88.119: Application time: 0.0852070 seconds
88.164: [GC [PSYoungGen: 12967K->1978K(14848K)] 20602K->10996K(48640K), 0.0013180 secs] [Times: user=0.01 sys=0.00, real=0.01 secs] 
88.165: Total time for which application threads were stopped: 0.0460800 seconds, Stopping threads took: 0.0446770 seconds
88.275: Application time: 0.1103420 seconds
88.355: [GC [PSYoungGen: 14770K->970K(14848K)] 23788K->9988K(48640K), 0.0008850 secs] [Times: user=0.00 sys=0.00, real=0.00 secs] 
88.356: Total time for which application threads were stopped: 0.0801220 seconds, Stopping threads took: 0.0791620 seconds
88.458: Application time: 0.1024910 seconds
88.510: [GC [PSYoungGen: 13761K->1962K(14848K)] 22779K->11965K(48640K), 0.0011330 secs] [Times: user=0.01 sys=0.00, real=0.00 secs] 
88.512: Total time for which application threads were stopped: 0.0535260 seconds, Stopping threads took: 0.0523250 seconds
88.602: Application time: 0.0904420 seconds
88.675: [GC [PSYoungGen: 14734K->1588K(14848K)] 24736K->11590K(48640K), 0.0007710 secs] [Times: user=0.00 sys=0.00, real=0.00 secs] 
88.676: Total time for which application threads were stopped: 0.0737270 seconds, Stopping threads took: 0.0728550 seconds
88.775: Application time: 0.0987560 seconds
88.849: [GC [PSYoungGen: 14379K->1344K(14848K)] 24381K->11355K(48640K), 0.0008550 secs] [Times: user=0.01 sys=0.00, real=0.00 secs] 
88.850: Total time for which application threads were stopped: 0.0751270 seconds, Stopping threads took: 0.0741970 seconds
88.960: Application time: 0.1107470 seconds
89.031: [GC [PSYoungGen: 14136K->1165K(14848K)] 24146K->11176K(48640K), 0.0008280 secs] [Times: user=0.01 sys=0.00, real=0.00 secs] 
89.032: Total time for which application threads were stopped: 0.0717420 seconds, Stopping threads took: 0.0708220 seconds
89.139: Application time: 0.1069780 seconds
89.215: [GC [PSYoungGen: 13780K->1946K(14848K)] 23791K->11973K(48640K), 0.0007850 secs] [Times: user=0.01 sys=0.00, real=0.00 secs] 
89.216: Total time for which application threads were stopped: 0.0767840 seconds, Stopping threads took: 0.0759010 seconds
89.324: Application time: 0.1075530 seconds
89.398: [GC [PSYoungGen: 14640K->547K(14848K)] 24666K->10582K(48640K), 0.0007190 secs] [Times: user=0.00 sys=0.00, real=0.00 secs] 
89.398: Total time for which application threads were stopped: 0.0749810 seconds, Stopping threads took: 0.0741760 seconds
89.486: Application time: 0.0879250 seconds
89.558: [GC [PSYoungGen: 13260K->336K(14848K)] 23295K->10378K(48640K), 0.0004720 secs] [Times: user=0.00 sys=0.00, real=0.00 secs] 
89.559: Total time for which application threads were stopped: 0.0721070 seconds, Stopping threads took: 0.0715420 seconds
89.644: Application time: 0.0850600 seconds
89.688: [GC [PSYoungGen: 13029K->1881K(14848K)] 23072K->12314K(48640K), 0.0009860 secs] [Times: user=0.00 sys=0.00, real=0.00 secs] 
89.689: Total time for which application threads were stopped: 0.0453520 seconds, Stopping threads took: 0.0442670 seconds
89.800: Application time: 0.1114800 seconds
89.872: [GC [PSYoungGen: 14594K->986K(14848K)] 25027K->11419K(48640K), 0.0006060 secs] [Times: user=0.00 sys=0.00, real=0.00 secs] 
89.872: Total time for which application threads were stopped: 0.0720430 seconds, Stopping threads took: 0.0713560 seconds
89.962: Application time: 0.0891060 seconds
90.025: [GC [PSYoungGen: 13699K->726K(14848K)] 24132K->11168K(48640K), 0.0005270 secs] [Times: user=0.00 sys=0.00, real=0.00 secs] 
90.026: Total time for which application threads were stopped: 0.0640950 seconds, Stopping threads took: 0.0635010 seconds
90.114: Application time: 0.0882280 seconds
90.186: [GC [PSYoungGen: 13400K->320K(14848K)] 23842K->10761K(48640K), 0.0004820 secs] [Times: user=0.00 sys=0.00, real=0.00 secs] 
90.186: Total time for which application threads were stopped: 0.0721180 seconds, Stopping threads took: 0.0715680 seconds
90.271: Application time: 0.0851170 seconds
90.317: [GC [PSYoungGen: 13033K->1978K(14848K)] 23474K->12810K(48640K), 0.0009670 secs] [Times: user=0.01 sys=0.00, real=0.00 secs] 
90.318: Total time for which application threads were stopped: 0.0472690 seconds, Stopping threads took: 0.0462350 seconds
90.407: Application time: 0.0887250 seconds
90.471: [GC [PSYoungGen: 14691K->1946K(14848K)] 25523K->12981K(48640K), 0.0008690 secs] [Times: user=0.00 sys=0.00, real=0.00 secs] 
90.472: Total time for which application threads were stopped: 0.0651430 seconds, Stopping threads took: 0.0641910 seconds
90.574: Application time: 0.1020070 seconds
90.652: [GC [PSYoungGen: 14699K->1735K(14848K)] 25734K->12770K(48640K), 0.0007730 secs] [Times: user=0.00 sys=0.00, real=0.01 secs] 
90.653: Total time for which application threads were stopped: 0.0790670 seconds, Stopping threads took: 0.0775180 seconds
90.758: Application time: 0.1044210 seconds
90.834: [GC [PSYoungGen: 14428K->1394K(14848K)] 25464K->12437K(48640K), 0.0008050 secs] [Times: user=0.01 sys=0.00, real=0.00 secs] 
90.835: Total time for which application threads were stopped: 0.0772870 seconds, Stopping threads took: 0.0763960 seconds
90.920: Application time: 0.0850610 seconds
90.977: [GC [PSYoungGen: 14087K->1165K(14848K)] 25131K->12224K(48640K), 0.0008240 secs] [Times: user=0.00 sys=0.00, real=0.00 secs] 
90.978: Total time for which application threads were stopped: 0.0577440 seconds, Stopping threads took: 0.0568360 seconds
91.085: Application time: 0.1066940 seconds
91.148: [GC [PSYoungGen: 13683K->774K(14848K)] 24742K->11842K(48640K), 0.0006860 secs] [Times: user=0.01 sys=0.00, real=0.00 secs] 
91.149: Total time for which application threads were stopped: 0.0639200 seconds, Stopping threads took: 0.0631410 seconds
91.232: Application time: 0.0836700 seconds
91.298: [GC [PSYoungGen: 13487K->515K(14848K)] 24555K->11590K(48640K), 0.0006120 secs] [Times: user=0.00 sys=0.00, real=0.00 secs] 
91.299: Total time for which application threads were stopped: 0.0664520 seconds, Stopping threads took: 0.0657760 seconds
91.386: Application time: 0.0874030 seconds
91.444: [GC [PSYoungGen: 13130K->1376K(14848K)] 24206K->12459K(48640K), 0.0006010 secs] [Times: user=0.00 sys=0.00, real=0.00 secs] 
91.445: Total time for which application threads were stopped: 0.0589530 seconds, Stopping threads took: 0.0582760 seconds
91.547: Application time: 0.1018450 seconds
91.614: [GC [PSYoungGen: 13855K->726K(14848K)] 24938K->11809K(48640K), 0.0004720 secs] [Times: user=0.00 sys=0.00, real=0.00 secs] 
91.615: Total time for which application threads were stopped: 0.0680840 seconds, Stopping threads took: 0.0675330 seconds
91.697: Application time: 0.0816110 seconds
91.762: [GC [PSYoungGen: 13517K->547K(14848K)] 24601K->11638K(48640K), 0.0004370 secs] [Times: user=0.00 sys=0.00, real=0.00 secs] 
91.763: Total time for which application threads were stopped: 0.0663050 seconds, Stopping threads took: 0.0658070 seconds
91.854: Application time: 0.0908000 seconds
91.912: [GC [PSYoungGen: 13260K->320K(14848K)] 24351K->11411K(48640K), 0.0006310 secs] [Times: user=0.01 sys=0.00, real=0.00 secs] 
91.912: Total time for which application threads were stopped: 0.0586300 seconds, Stopping threads took: 0.0579160 seconds
91.992: Application time: 0.0793080 seconds
92.033: [GC [PSYoungGen: 13111K->1930K(14848K)] 24202K->13420K(48640K), 0.0010960 secs] [Times: user=0.00 sys=0.00, real=0.01 secs] 
92.034: Total time for which application threads were stopped: 0.0422970 seconds, Stopping threads took: 0.0411070 seconds
92.119: Application time: 0.0847560 seconds
92.186: [GC [PSYoungGen: 14350K->790K(14848K)] 25840K->12280K(48640K), 0.0006350 secs] [Times: user=0.00 sys=0.00, real=0.00 secs] 
92.186: Total time for which application threads were stopped: 0.0677630 seconds, Stopping threads took: 0.0670270 seconds
92.277: Application time: 0.0908100 seconds
92.346: [GC [PSYoungGen: 13465K->320K(14848K)] 24955K->11809K(48640K), 0.0005350 secs] [Times: user=0.00 sys=0.00, real=0.00 secs] 
92.346: Total time for which application threads were stopped: 0.0692380 seconds, Stopping threads took: 0.0686100 seconds
92.424: Application time: 0.0777880 seconds
92.463: [GC [PSYoungGen: 12935K->1946K(14848K)] 24425K->14819K(48640K), 0.0011920 secs] [Times: user=0.01 sys=0.00, real=0.00 secs] 
92.464: Total time for which application threads were stopped: 0.0399860 seconds, Stopping threads took: 0.0387180 seconds
92.567: Application time: 0.1026670 seconds
92.634: [GC [PSYoungGen: 14464K->758K(14848K)] 27337K->13631K(48640K), 0.0004990 secs] [Times: user=0.01 sys=0.00, real=0.00 secs] 
92.634: Total time for which application threads were stopped: 0.0672300 seconds, Stopping threads took: 0.0666610 seconds
92.717: Application time: 0.0826470 seconds
92.782: [GC [PSYoungGen: 13550K->547K(14848K)] 26423K->13420K(48640K), 0.0005820 secs] [Times: user=0.00 sys=0.00, real=0.00 secs] 
92.783: Total time for which application threads were stopped: 0.0658390 seconds, Stopping threads took: 0.0651830 seconds
92.864: Application time: 0.0817940 seconds
92.929: [GC [PSYoungGen: 13338K->336K(14848K)] 26211K->13225K(48640K), 0.0005970 secs] [Times: user=0.00 sys=0.00, real=0.00 secs] 
92.929: Total time for which application threads were stopped: 0.0649420 seconds, Stopping threads took: 0.0642520 seconds
93.008: Application time: 0.0786910 seconds
93.049: [GC [PSYoungGen: 13029K->1117K(14848K)] 25918K->14014K(48640K), 0.0006270 secs] [Times: user=0.00 sys=0.00, real=0.00 secs] 
93.050: Total time for which application threads were stopped: 0.0419140 seconds, Stopping threads took: 0.0412240 seconds
93.133: Application time: 0.0834100 seconds
93.186: [GC [PSYoungGen: 13635K->726K(14848K)] 26532K->13639K(48640K), 0.0005700 secs] [Times: user=0.00 sys=0.00, real=0.00 secs] 
93.187: Total time for which application threads were stopped: 0.0535560 seconds, Stopping threads took: 0.0529180 seconds
93.270: Application time: 0.0826610 seconds
93.335: [GC [PSYoungGen: 13518K->547K(14848K)] 26431K->13460K(48640K), 0.0004540 secs] [Times: user=0.01 sys=0.00, real=0.00 secs] 
93.335: Total time for which application threads were stopped: 0.0657440 seconds, Stopping threads took: 0.0651910 seconds
93.426: Application time: 0.0907990 seconds
93.484: [GC [PSYoungGen: 13319K->1392K(14848K)] 26232K->14305K(48640K), 0.0007320 secs] [Times: user=0.00 sys=0.00, real=0.00 secs] 
93.485: Total time for which application threads were stopped: 0.0589030 seconds, Stopping threads took: 0.0580880 seconds
93.587: Application time: 0.1017020 seconds
93.655: [GC [PSYoungGen: 14105K->1165K(14848K)] 27019K->14078K(48640K), 0.0006550 secs] [Times: user=0.00 sys=0.00, real=0.00 secs] 
93.655: Total time for which application threads were stopped: 0.0684090 seconds, Stopping threads took: 0.0676860 seconds
93.740: Application time: 0.0845560 seconds
93.803: [GC [PSYoungGen: 13683K->726K(14848K)] 26596K->13655K(48640K), 0.0005120 secs] [Times: user=0.00 sys=0.00, real=0.00 secs] 
93.803: Total time for which application threads were stopped: 0.0633700 seconds, Stopping threads took: 0.0627950 seconds
93.904: Application time: 0.1010470 seconds
93.962: [GC [PSYoungGen: 13518K->547K(14848K)] 26447K->13500K(48640K), 0.0004840 secs] [Times: user=0.00 sys=0.00, real=0.00 secs] 
93.963: Total time for which application threads were stopped: 0.0583550 seconds, Stopping threads took: 0.0577950 seconds
94.045: Application time: 0.0827540 seconds
94.108: [GC [PSYoungGen: 13338K->336K(14848K)] 26291K->13289K(48640K), 0.0004770 secs] [Times: user=0.00 sys=0.00, real=0.00 secs] 
94.109: Total time for which application threads were stopped: 0.0634950 seconds, Stopping threads took: 0.0629490 seconds
94.188: Application time: 0.0788510 seconds
94.229: [GC [PSYoungGen: 13029K->1197K(14848K)] 25982K->14166K(48640K), 0.0005800 secs] [Times: user=0.00 sys=0.00, real=0.00 secs] 
94.230: Total time for which application threads were stopped: 0.0422040 seconds, Stopping threads took: 0.0415580 seconds
94.312: Application time: 0.0821650 seconds
94.376: [GC [PSYoungGen: 13715K->790K(14848K)] 26684K->13759K(48640K), 0.0005800 secs] [Times: user=0.00 sys=0.00, real=0.00 secs] 
94.377: Total time for which application threads were stopped: 0.0647500 seconds, Stopping threads took: 0.0641040 seconds
94.471: Application time: 0.0946810 seconds
94.536: [GC [PSYoungGen: 13464K->352K(14848K)] 26433K->13353K(48640K), 0.0004280 secs] [Times: user=0.00 sys=0.00, real=0.00 secs] 
94.536: Total time for which application threads were stopped: 0.0647680 seconds, Stopping threads took: 0.0642680 seconds
94.615: Application time: 0.0788310 seconds
94.655: [GC [PSYoungGen: 12967K->1133K(14848K)] 25968K->14134K(48640K), 0.0006600 secs] [Times: user=0.00 sys=0.00, real=0.00 secs] 
94.655: Total time for which application threads were stopped: 0.0401890 seconds, Stopping threads took: 0.0394610 seconds
94.737: Application time: 0.0816660 seconds
94.796: [GC [PSYoungGen: 13807K->790K(14848K)] 26808K->13791K(48640K), 0.0005640 secs] [Times: user=0.00 sys=0.00, real=0.00 secs] 
94.796: Total time for which application threads were stopped: 0.0593400 seconds, Stopping threads took: 0.0586870 seconds
94.879: Application time: 0.0824780 seconds
94.949: [GC [PSYoungGen: 13503K->563K(14848K)] 26505K->13580K(48640K), 0.0007110 secs] [Times: user=0.01 sys=0.00, real=0.00 secs] 
94.950: Total time for which application threads were stopped: 0.0714770 seconds, Stopping threads took: 0.0706890 seconds
95.037: Application time: 0.0871840 seconds
95.084: [GC [PSYoungGen: 13257K->1392K(14848K)] 26274K->14425K(48640K), 0.0007760 secs] [Times: user=0.01 sys=0.00, real=0.00 secs] 
95.084: Total time for which application threads were stopped: 0.0469110 seconds, Stopping threads took: 0.0460350 seconds
95.184: Application time: 0.0997030 seconds
95.263: [GC [PSYoungGen: 14105K->1117K(14848K)] 27138K->14166K(48640K), 0.0008860 secs] [Times: user=0.00 sys=0.00, real=0.00 secs] 
95.264: Total time for which application threads were stopped: 0.0798940 seconds, Stopping threads took: 0.0789140 seconds
95.361: Application time: 0.0969430 seconds
95.432: [GC [PSYoungGen: 13732K->1946K(14848K)] 26781K->14995K(48640K), 0.0008600 secs] [Times: user=0.01 sys=0.00, real=0.01 secs] 
95.433: Total time for which application threads were stopped: 0.0722930 seconds, Stopping threads took: 0.0713360 seconds
95.539: Application time: 0.1055970 seconds
95.613: [GC [PSYoungGen: 14718K->579K(14848K)] 27767K->13636K(48640K), 0.0005000 secs] [Times: user=0.00 sys=0.00, real=0.01 secs] 
95.614: Total time for which application threads were stopped: 0.0747520 seconds, Stopping threads took: 0.0741490 seconds
95.702: Application time: 0.0883090 seconds
95.770: [GC [PSYoungGen: 13292K->288K(14848K)] 26349K->13353K(48640K), 0.0004730 secs] [Times: user=0.00 sys=0.00, real=0.00 secs] 
95.772: Total time for which application threads were stopped: 0.0700300 seconds, Stopping threads took: 0.0684490 seconds
95.857: Application time: 0.0849570 seconds
95.903: [GC [PSYoungGen: 12981K->1149K(14848K)] 26046K->14214K(48640K), 0.0006600 secs] [Times: user=0.01 sys=0.00, real=0.00 secs] 
95.904: Total time for which application threads were stopped: 0.0472490 seconds, Stopping threads took: 0.0465170 seconds
95.995: Application time: 0.0911390 seconds
96.064: [GC [PSYoungGen: 13862K->970K(14848K)] 26927K->14035K(48640K), 0.0006340 secs] [Times: user=0.00 sys=0.01, real=0.01 secs] 
96.065: Total time for which application threads were stopped: 0.0698850 seconds, Stopping threads took: 0.0691740 seconds
96.169: Application time: 0.1035010 seconds
96.225: [GC [PSYoungGen: 13585K->1767K(14848K)] 26650K->14840K(48640K), 0.0006810 secs] [Times: user=0.00 sys=0.00, real=0.01 secs] 
96.226: Total time for which application threads were stopped: 0.0571170 seconds, Stopping threads took: 0.0563600 seconds
96.335: Application time: 0.1090170 seconds
96.415: [GC [PSYoungGen: 14539K->336K(14848K)] 27612K->13417K(48640K), 0.0005090 secs] [Times: user=0.00 sys=0.00, real=0.00 secs] 
96.415: Total time for which application threads were stopped: 0.0805700 seconds, Stopping threads took: 0.0799660 seconds
96.502: Application time: 0.0863100 seconds
96.547: [GC [PSYoungGen: 13029K->1149K(14848K)] 26110K->14238K(48640K), 0.0008540 secs] [Times: user=0.00 sys=0.00, real=0.00 secs] 
96.548: Total time for which application threads were stopped: 0.0462050 seconds, Stopping threads took: 0.0452480 seconds
96.639: Application time: 0.0913580 seconds
96.710: [GC [PSYoungGen: 13667K->790K(14848K)] 26756K->13879K(48640K), 0.0005480 secs] [Times: user=0.00 sys=0.00, real=0.00 secs] 
96.711: Total time for which application threads were stopped: 0.0718380 seconds, Stopping threads took: 0.0712210 seconds
96.799: Application time: 0.0878980 seconds
96.870: [GC [PSYoungGen: 13465K->304K(14848K)] 26554K->13401K(48640K), 0.0006600 secs] [Times: user=0.00 sys=0.00, real=0.00 secs] 
96.871: Total time for which application threads were stopped: 0.0718500 seconds, Stopping threads took: 0.0711050 seconds
96.957: Application time: 0.0858070 seconds
97.002: [GC [PSYoungGen: 12919K->1165K(14848K)] 26016K->14262K(48640K), 0.0007180 secs] [Times: user=0.00 sys=0.00, real=0.00 secs] 
97.003: Total time for which application threads were stopped: 0.0460540 seconds, Stopping threads took: 0.0452430 seconds
97.092: Application time: 0.0890580 seconds
97.165: [GC [PSYoungGen: 13761K->774K(14848K)] 26858K->13887K(48640K), 0.0006980 secs] [Times: user=0.00 sys=0.00, real=0.01 secs] 
97.165: Total time for which application threads were stopped: 0.0736620 seconds, Stopping threads took: 0.0728660 seconds
97.254: Application time: 0.0888440 seconds
97.321: [GC [PSYoungGen: 13487K->515K(14848K)] 26600K->13628K(48640K), 0.0005800 secs] [Times: user=0.01 sys=0.00, real=0.00 secs] 
97.322: Total time for which application threads were stopped: 0.0673730 seconds, Stopping threads took: 0.0667010 seconds
97.420: Application time: 0.0986330 seconds
97.498: [GC [PSYoungGen: 13306K->1442K(14848K)] 26419K->14563K(48640K), 0.0007290 secs] [Times: user=0.00 sys=0.00, real=0.00 secs] 
97.499: Total time for which application threads were stopped: 0.0783220 seconds, Stopping threads took: 0.0775110 seconds
97.588: Application time: 0.0893990 seconds
97.655: [GC [PSYoungGen: 14135K->1149K(14848K)] 27257K->14270K(48640K), 0.0005850 secs] [Times: user=0.00 sys=0.00, real=0.00 secs] 
97.655: Total time for which application threads were stopped: 0.0671890 seconds, Stopping threads took: 0.0665290 seconds
97.761: Application time: 0.1059870 seconds
97.838: [GC [PSYoungGen: 13667K->774K(14848K)] 26788K->13895K(48640K), 0.0005480 secs] [Times: user=0.00 sys=0.00, real=0.00 secs] 
97.838: Total time for which application threads were stopped: 0.0769660 seconds, Stopping threads took: 0.0763440 seconds
97.934: Application time: 0.0960830 seconds
98.002: [GC [PSYoungGen: 13565K->531K(14848K)] 26687K->13660K(48640K), 0.0005090 secs] [Times: user=0.00 sys=0.00, real=0.00 secs] 
98.002: Total time for which application threads were stopped: 0.0680640 seconds, Stopping threads took: 0.0674810 seconds
98.091: Application time: 0.0884290 seconds
98.163: [GC [PSYoungGen: 13244K->320K(14848K)] 26373K->13449K(48640K), 0.0005170 secs] [Times: user=0.00 sys=0.00, real=0.00 secs] 
98.163: Total time for which application threads were stopped: 0.0726630 seconds, Stopping threads took: 0.0720590 seconds
98.248: Application time: 0.0846220 seconds
98.294: [GC [PSYoungGen: 13091K->1149K(14848K)] 26221K->14294K(48640K), 0.0007840 secs] [Times: user=0.00 sys=0.00, real=0.00 secs] 
98.295: Total time for which application threads were stopped: 0.0466250 seconds, Stopping threads took: 0.0457680 seconds
98.384: Application time: 0.0897370 seconds
98.455: [GC [PSYoungGen: 13745K->742K(14848K)] 26890K->13887K(48640K), 0.0006390 secs] [Times: user=0.00 sys=0.00, real=0.00 secs] 
98.456: Total time for which application threads were stopped: 0.0717410 seconds, Stopping threads took: 0.0710060 seconds
98.546: Application time: 0.0894440 seconds
98.611: [GC [PSYoungGen: 13533K->563K(14848K)] 26679K->13708K(48640K), 0.0006920 secs] [Times: user=0.01 sys=0.00, real=0.00 secs] 
98.612: Total time for which application threads were stopped: 0.0662260 seconds, Stopping threads took: 0.0654320 seconds
98.700: Application time: 0.0883190 seconds
98.770: [GC [PSYoungGen: 13354K->320K(14848K)] 26499K->13473K(48640K), 0.0004330 secs] [Times: user=0.01 sys=0.00, real=0.00 secs] 
98.771: Total time for which application threads were stopped: 0.0705750 seconds, Stopping threads took: 0.0700780 seconds
98.855: Application time: 0.0845380 seconds
98.898: [GC [PSYoungGen: 12935K->1165K(14848K)] 26088K->14326K(48640K), 0.0006370 secs] [Times: user=0.01 sys=0.00, real=0.00 secs] 
98.898: Total time for which application threads were stopped: 0.0429810 seconds, Stopping threads took: 0.0422780 seconds
98.981: Application time: 0.0828980 seconds
99.047: [GC [PSYoungGen: 13761K->758K(14848K)] 26922K->13919K(48640K), 0.0005050 secs] [Times: user=0.01 sys=0.00, real=0.00 secs] 
99.047: Total time for which application threads were stopped: 0.0662960 seconds, Stopping threads took: 0.0657220 seconds
99.147: Application time: 0.0996060 seconds
99.215: [GC [PSYoungGen: 13550K->563K(14848K)] 26711K->13732K(48640K), 0.0004690 secs] [Times: user=0.01 sys=0.00, real=0.00 secs] 
99.216: Total time for which application threads were stopped: 0.0687910 seconds, Stopping threads took: 0.0682310 seconds
99.296: Application time: 0.0805250 seconds
99.363: [GC [PSYoungGen: 13276K->1458K(14848K)] 26445K->14627K(48640K), 0.0007570 secs] [Times: user=0.00 sys=0.00, real=0.00 secs] 
99.363: Total time for which application threads were stopped: 0.0670500 seconds, Stopping threads took: 0.0661990 seconds
99.447: Application time: 0.0837250 seconds
99.511: [GC [PSYoungGen: 14151K->1165K(14848K)] 27321K->14342K(48640K), 0.0007560 secs] [Times: user=0.00 sys=0.00, real=0.00 secs] 
99.512: Total time for which application threads were stopped: 0.0644940 seconds, Stopping threads took: 0.0636570 seconds
99.596: Application time: 0.0843480 seconds
99.648: [GC [PSYoungGen: 13683K->726K(14848K)] 26860K->13903K(48640K), 0.0005720 secs] [Times: user=0.00 sys=0.00, real=0.00 secs] 
99.649: Total time for which application threads were stopped: 0.0530440 seconds, Stopping threads took: 0.0524050 seconds
99.731: Application time: 0.0816930 seconds
99.795: [GC [PSYoungGen: 13439K->595K(14848K)] 26616K->13788K(48640K), 0.0005010 secs] [Times: user=0.00 sys=0.00, real=0.00 secs] 
99.796: Total time for which application threads were stopped: 0.0651980 seconds, Stopping threads took: 0.0646070 seconds
99.878: Application time: 0.0818590 seconds
99.934: [GC [PSYoungGen: 13386K->320K(14848K)] 26579K->13521K(48640K), 0.0004050 secs] [Times: user=0.00 sys=0.00, real=0.00 secs] 
99.934: Total time for which application threads were stopped: 0.0566890 seconds, Stopping threads took: 0.0562170 seconds
100.013: Application time: 0.0782920 seconds
100.054: [GC [PSYoungGen: 12779K->742K(14848K)] 25980K->13943K(48640K), 0.0006710 secs] [Times: user=0.00 sys=0.00, real=0.00 secs] 
100.054: Total time for which application threads were stopped: 0.0414900 seconds, Stopping threads took: 0.0407570 seconds
100.137: Application time: 0.0824330 seconds
100.200: [GC [PSYoungGen: 13534K->579K(14848K)] 26735K->13788K(48640K), 0.0005910 secs] [Times: user=0.00 sys=0.00, real=0.00 secs] 
100.201: Total time for which application threads were stopped: 0.0639670 seconds, Stopping threads took: 0.0632940 seconds
100.290: Application time: 0.0896460 seconds
100.351: [GC [PSYoungGen: 13292K->1474K(14848K)] 26501K->14683K(48640K), 0.0008940 secs] [Times: user=0.00 sys=0.00, real=0.00 secs] 
100.352: Total time for which application threads were stopped: 0.0616190 seconds, Stopping threads took: 0.0606360 seconds
100.434: Application time: 0.0817910 seconds
100.499: [GC [PSYoungGen: 14089K->1133K(14848K)] 27298K->14358K(48640K), 0.0008470 secs] [Times: user=0.01 sys=0.00, real=0.00 secs] 
100.500: Total time for which application threads were stopped: 0.0660540 seconds, Stopping threads took: 0.0651150 seconds
100.583: Application time: 0.0829490 seconds
100.640: [GC [PSYoungGen: 13651K->710K(14848K)] 26876K->13951K(48640K), 0.0007060 secs] [Times: user=0.00 sys=0.00, real=0.00 secs] 
100.641: Total time for which application threads were stopped: 0.0584510 seconds, Stopping threads took: 0.0576570 seconds
100.722: Application time: 0.0811080 seconds
100.781: [GC [PSYoungGen: 13404K->1555K(14848K)] 26645K->14813K(48640K), 0.0007310 secs] [Times: user=0.00 sys=0.00, real=0.00 secs] 
100.782: Total time for which application threads were stopped: 0.0600470 seconds, Stopping threads took: 0.0583610 seconds
100.882: Application time: 0.0999250 seconds
100.948: [GC [PSYoungGen: 14347K->1376K(14848K)] 27604K->14641K(48640K), 0.0009480 secs] [Times: user=0.01 sys=0.00, real=0.00 secs] 
100.949: Total time for which application threads were stopped: 0.0669960 seconds, Stopping threads took: 0.0659650 seconds
101.051: Application time: 0.1018230 seconds
101.117: [GC [PSYoungGen: 14089K->1149K(14848K)] 27355K->14414K(48640K), 0.0006730 secs] [Times: user=0.01 sys=0.00, real=0.00 secs] 
101.117: Total time for which application threads were stopped: 0.0661200 seconds, Stopping threads took: 0.0653530 seconds
101.201: Application time: 0.0842560 seconds
101.264: [GC [PSYoungGen: 13862K->970K(14848K)] 27127K->14243K(48640K), 0.0005540 secs] [Times: user=0.01 sys=0.00, real=0.00 secs] 
101.265: Total time for which application threads were stopped: 0.0633700 seconds, Stopping threads took: 0.0627490 seconds
101.365: Application time: 0.0996780 seconds
101.425: [GC [PSYoungGen: 13644K->579K(14848K)] 26917K->13860K(48640K), 0.0004760 secs] [Times: user=0.00 sys=0.00, real=0.00 secs] 
101.426: Total time for which application threads were stopped: 0.0613910 seconds, Stopping threads took: 0.0608490 seconds
101.520: Application time: 0.0941740 seconds
101.588: [GC [PSYoungGen: 13370K->336K(14848K)] 26651K->13617K(48640K), 0.0005040 secs] [Times: user=0.00 sys=0.00, real=0.00 secs] 
101.588: Total time for which application threads were stopped: 0.0681240 seconds, Stopping threads took: 0.0675440 seconds
101.668: Application time: 0.0799920 seconds
101.709: [GC [PSYoungGen: 13029K->1165K(14848K)] 26310K->14454K(48640K), 0.0005600 secs] [Times: user=0.00 sys=0.01, real=0.00 secs] 
101.709: Total time for which application threads were stopped: 0.0410630 seconds, Stopping threads took: 0.0404380 seconds
101.816: Application time: 0.1072120 seconds
101.880: [GC [PSYoungGen: 13839K->758K(14848K)] 27128K->14047K(48640K), 0.0007200 secs] [Times: user=0.00 sys=0.00, real=0.00 secs] 
101.881: Total time for which application threads were stopped: 0.0642090 seconds, Stopping threads took: 0.0634010 seconds
101.964: Application time: 0.0835740 seconds
102.032: [GC [PSYoungGen: 13471K->547K(14848K)] 26761K->13836K(48640K), 0.0007210 secs] [Times: user=0.01 sys=0.00, real=0.00 secs] 
102.033: Total time for which application threads were stopped: 0.0686130 seconds, Stopping threads took: 0.0678070 seconds
102.116: Application time: 0.0833070 seconds
102.169: [GC [PSYoungGen: 13260K->352K(14848K)] 26549K->13657K(48640K), 0.0005580 secs] [Times: user=0.00 sys=0.00, real=0.00 secs] 
102.170: Total time for which application threads were stopped: 0.0533530 seconds, Stopping threads took: 0.0527220 seconds
102.248: Application time: 0.0786900 seconds
102.288: [GC [PSYoungGen: 13045K->1865K(14848K)] 26350K->15568K(48640K), 0.0011040 secs] [Times: user=0.01 sys=0.00, real=0.00 secs] 
102.289: Total time for which application threads were stopped: 0.0404670 seconds, Stopping threads took: 0.0392790 seconds
102.373: Application time: 0.0840970 seconds
102.440: [GC [PSYoungGen: 14578K->970K(14848K)] 28281K->14681K(48640K), 0.0006020 secs] [Times: user=0.00 sys=0.01, real=0.00 secs] 
102.441: Total time for which application threads were stopped: 0.0682730 seconds, Stopping threads took: 0.0675760 seconds
102.539: Application time: 0.0980780 seconds
102.606: [GC [PSYoungGen: 13683K->790K(14848K)] 27394K->14502K(48640K), 0.0006570 secs] [Times: user=0.00 sys=0.00, real=0.00 secs] 
102.607: Total time for which application threads were stopped: 0.0678510 seconds, Stopping threads took: 0.0671030 seconds
102.702: Application time: 0.0946450 seconds
102.772: [GC [PSYoungGen: 13581K->595K(14848K)] 27293K->14307K(48640K), 0.0005640 secs] [Times: user=0.00 sys=0.00, real=0.00 secs] 
102.772: Total time for which application threads were stopped: 0.0704270 seconds, Stopping threads took: 0.0697870 seconds
102.852: Application time: 0.0795520 seconds
102.894: [GC [PSYoungGen: 13367K->1344K(14848K)] 27079K->15056K(48640K), 0.0006870 secs] [Times: user=0.00 sys=0.00, real=0.00 secs] 
102.895: Total time for which application threads were stopped: 0.0430840 seconds, Stopping threads took: 0.0423290 seconds
103.005: Application time: 0.1100710 seconds
103.060: [GC [PSYoungGen: 14135K->1149K(14848K)] 27847K->14869K(48640K), 0.0006820 secs] [Times: user=0.00 sys=0.00, real=0.00 secs] 
103.061: Total time for which application threads were stopped: 0.0561120 seconds, Stopping threads took: 0.0553620 seconds
103.146: Application time: 0.0848570 seconds
103.209: [GC [PSYoungGen: 13667K->742K(14848K)] 27386K->14478K(48640K), 0.0005380 secs] [Times: user=0.01 sys=0.00, real=0.00 secs] 
103.210: Total time for which application threads were stopped: 0.0638240 seconds, Stopping threads took: 0.0632130 seconds
103.294: Application time: 0.0841230 seconds
103.345: [GC [PSYoungGen: 13533K->547K(14848K)] 27269K->14283K(48640K), 0.0004960 secs] [Times: user=0.00 sys=0.00, real=0.00 secs] 
103.346: Total time for which application threads were stopped: 0.0520400 seconds, Stopping threads took: 0.0514560 seconds
103.424: Application time: 0.0780520 seconds
103.463: [GC [PSYoungGen: 13319K->1360K(14848K)] 27055K->15096K(48640K), 0.0006780 secs] [Times: user=0.00 sys=0.00, real=0.00 secs] 
103.464: Total time for which application threads were stopped: 0.0401410 seconds, Stopping threads took: 0.0393930 seconds
103.566: Application time: 0.1024090 seconds
103.627: [GC [PSYoungGen: 14073K->1117K(14848K)] 27809K->14861K(48640K), 0.0005990 secs] [Times: user=0.00 sys=0.00, real=0.00 secs] 
103.627: Total time for which application threads were stopped: 0.0608510 seconds, Stopping threads took: 0.0601880 seconds
103.711: Application time: 0.0834420 seconds
103.775: [GC [PSYoungGen: 13713K->790K(14848K)] 27457K->14542K(48640K), 0.0005280 secs] [Times: user=0.00 sys=0.00, real=0.00 secs] 
103.775: Total time for which application threads were stopped: 0.0647500 seconds, Stopping threads took: 0.0641470 seconds
103.859: Application time: 0.0832120 seconds
103.915: [GC [PSYoungGen: 13503K->611K(14848K)] 27255K->14371K(48640K), 0.0005210 secs] [Times: user=0.00 sys=0.00, real=0.00 secs] 
103.916: Total time for which application threads were stopped: 0.0573590 seconds, Stopping threads took: 0.0567640 seconds
104.015: Application time: 0.0990980 seconds
104.081: [GC [PSYoungGen: 13324K->368K(14848K)] 27084K->14143K(48640K), 0.0004550 secs] [Times: user=0.00 sys=0.00, real=0.00 secs] 
104.081: Total time for which application threads were stopped: 0.0662650 seconds, Stopping threads took: 0.0657420 seconds
104.160: Application time: 0.0783270 seconds
104.202: [GC [PSYoungGen: 12983K->1165K(14848K)] 26759K->14941K(48640K), 0.0006380 secs] [Times: user=0.01 sys=0.00, real=0.00 secs] 
104.203: Total time for which application threads were stopped: 0.0433380 seconds, Stopping threads took: 0.0426290 seconds
104.286: Application time: 0.0828260 seconds
104.347: [GC [PSYoungGen: 13956K->970K(14848K)] 27732K->14745K(48640K), 0.0006970 secs] [Times: user=0.00 sys=0.00, real=0.00 secs] 
104.348: Total time for which application threads were stopped: 0.0617790 seconds, Stopping threads took: 0.0610020 seconds
104.437: Application time: 0.0896980 seconds
104.498: [GC [PSYoungGen: 13761K->742K(14848K)] 27536K->14526K(48640K), 0.0004980 secs] [Times: user=0.00 sys=0.00, real=0.00 secs] 
104.499: Total time for which application threads were stopped: 0.0613440 seconds, Stopping threads took: 0.0607520 seconds
104.596: Application time: 0.0972380 seconds
104.661: [GC [PSYoungGen: 13534K->563K(14848K)] 27317K->14347K(48640K), 0.0005940 secs] [Times: user=0.01 sys=0.00, real=0.00 secs] 
104.662: Total time for which application threads were stopped: 0.0656840 seconds, Stopping threads took: 0.0650220 seconds
104.745: Application time: 0.0835830 seconds
104.803: [GC [PSYoungGen: 13354K->320K(14848K)] 27138K->14103K(48640K), 0.0005620 secs] [Times: user=0.00 sys=0.00, real=0.00 secs] 
104.803: Total time for which application threads were stopped: 0.0581270 seconds, Stopping threads took: 0.0574900 seconds
104.881: Application time: 0.0781170 seconds
104.921: [GC [PSYoungGen: 13013K->1149K(14848K)] 26797K->14941K(48640K), 0.0005970 secs] [Times: user=0.00 sys=0.00, real=0.00 secs] 
104.921: Total time for which application threads were stopped: 0.0398310 seconds, Stopping threads took: 0.0391610 seconds
105.020: Application time: 0.0991140 seconds
105.086: [GC [PSYoungGen: 13745K->726K(14848K)] 27537K->14526K(48640K), 0.0005250 secs] [Times: user=0.01 sys=0.00, real=0.00 secs] 
105.087: Total time for which application threads were stopped: 0.0662380 seconds, Stopping threads took: 0.0656190 seconds
105.169: Application time: 0.0823240 seconds
105.227: [GC [PSYoungGen: 13518K->547K(14848K)] 27317K->14355K(48640K), 0.0008010 secs] [Times: user=0.00 sys=0.00, real=0.00 secs] 
105.228: Total time for which application threads were stopped: 0.0591900 seconds, Stopping threads took: 0.0583020 seconds
105.309: Application time: 0.0811640 seconds
105.375: [GC [PSYoungGen: 13338K->320K(14848K)] 27146K->14127K(48640K), 0.0007640 secs] [Times: user=0.00 sys=0.00, real=0.00 secs] 
105.376: Total time for which application threads were stopped: 0.0668950 seconds, Stopping threads took: 0.0660380 seconds
105.455: Application time: 0.0782650 seconds
105.495: [GC [PSYoungGen: 13033K->1914K(14848K)] 26840K->16121K(48640K), 0.0009130 secs] [Times: user=0.00 sys=0.00, real=0.00 secs] 
105.496: Total time for which application threads were stopped: 0.0411400 seconds, Stopping threads took: 0.0401570 seconds
105.580: Application time: 0.0840330 seconds
105.648: [GC [PSYoungGen: 14334K->774K(14848K)] 28541K->14989K(48640K), 0.0007100 secs] [Times: user=0.00 sys=0.00, real=0.00 secs] 
105.649: Total time for which application threads were stopped: 0.0688570 seconds, Stopping threads took: 0.0680480 seconds
105.732: Application time: 0.0833000 seconds
105.797: [GC [PSYoungGen: 13487K->595K(14848K)] 27702K->14809K(48640K), 0.0021210 secs] [Times: user=0.00 sys=0.00, real=0.00 secs] 
105.799: Total time for which application threads were stopped: 0.0672890 seconds, Stopping threads took: 0.0650890 seconds
105.880: Application time: 0.0813010 seconds
105.933: [GC [PSYoungGen: 13386K->320K(14848K)] 27601K->14542K(48640K), 0.0004510 secs] [Times: user=0.00 sys=0.00, real=0.00 secs] 
105.934: Total time for which application threads were stopped: 0.0534240 seconds, Stopping threads took: 0.0529100 seconds
106.013: Application time: 0.0788200 seconds
106.052: [GC [PSYoungGen: 13092K->1181K(14848K)] 27314K->15403K(48640K), 0.0006480 secs] [Times: user=0.00 sys=0.00, real=0.00 secs] 
106.053: Total time for which application threads were stopped: 0.0402200 seconds, Stopping threads took: 0.0395010 seconds
106.160: Application time: 0.1070650 seconds
106.218: [GC [PSYoungGen: 13855K->742K(14848K)] 28078K->14965K(48640K), 0.0005310 secs] [Times: user=0.00 sys=0.00, real=0.00 secs] 
106.219: Total time for which application threads were stopped: 0.0589960 seconds, Stopping threads took: 0.0583890 seconds
106.302: Application time: 0.0827260 seconds
106.358: [GC [PSYoungGen: 13455K->563K(14848K)] 27678K->14785K(48640K), 0.0005310 secs] [Times: user=0.00 sys=0.00, real=0.00 secs] 
106.358: Total time for which application threads were stopped: 0.0564280 seconds, Stopping threads took: 0.0558280 seconds
106.440: Application time: 0.0818860 seconds
106.507: [GC [PSYoungGen: 13276K->336K(14848K)] 27498K->14574K(48640K), 0.0005250 secs] [Times: user=0.00 sys=0.00, real=0.00 secs] 
106.507: Total time for which application threads were stopped: 0.0673400 seconds, Stopping threads took: 0.0667230 seconds
106.586: Application time: 0.0784340 seconds
106.629: [GC [PSYoungGen: 13029K->1133K(14848K)] 27268K->15379K(48640K), 0.0005670 secs] [Times: user=0.00 sys=0.00, real=0.00 secs] 
106.629: Total time for which application threads were stopped: 0.0433160 seconds, Stopping threads took: 0.0426860 seconds
106.713: Application time: 0.0835490 seconds
106.766: [GC [PSYoungGen: 13846K->1002K(14848K)] 28092K->15256K(48640K), 0.0005890 secs] [Times: user=0.00 sys=0.00, real=0.00 secs] 
106.766: Total time for which application threads were stopped: 0.0534390 seconds, Stopping threads took: 0.0527770 seconds
106.863: Application time: 0.0971330 seconds
106.929: [GC [PSYoungGen: 13715K->758K(14848K)] 27969K->15021K(48640K), 0.0005240 secs] [Times: user=0.00 sys=0.00, real=0.00 secs] 
106.930: Total time for which application threads were stopped: 0.0664030 seconds, Stopping threads took: 0.0658060 seconds
107.014: Application time: 0.0847110 seconds
107.069: [GC [PSYoungGen: 13452K->1556K(14848K)] 27714K->15834K(48640K), 0.0007820 secs] [Times: user=0.00 sys=0.00, real=0.00 secs] 
107.070: Total time for which application threads were stopped: 0.0552320 seconds, Stopping threads took: 0.0543570 seconds
107.169: Application time: 0.0990850 seconds
107.232: [GC [PSYoungGen: 14230K->1181K(14848K)] 28508K->15475K(48640K), 0.0008270 secs] [Times: user=0.01 sys=0.00, real=0.00 secs] 
107.233: Total time for which application threads were stopped: 0.0643370 seconds, Stopping threads took: 0.0634380 seconds
107.317: Application time: 0.0840700 seconds
107.377: [GC [PSYoungGen: 13777K->742K(14848K)] 28071K->15045K(48640K), 0.0006090 secs] [Times: user=0.00 sys=0.00, real=0.00 secs] 
107.378: Total time for which application threads were stopped: 0.0606080 seconds, Stopping threads took: 0.0599190 seconds
107.460: Application time: 0.0824440 seconds
107.526: [GC [PSYoungGen: 13533K->547K(14848K)] 27836K->14857K(48640K), 0.0005940 secs] [Times: user=0.00 sys=0.00, real=0.00 secs] 
107.527: Total time for which application threads were stopped: 0.0667390 seconds, Stopping threads took: 0.0660570 seconds
107.609: Application time: 0.0819890 seconds
107.667: [GC [PSYoungGen: 13260K->320K(14848K)] 27570K->14630K(48640K), 0.0006010 secs] [Times: user=0.00 sys=0.00, real=0.00 secs] 
107.668: Total time for which application threads were stopped: 0.0588580 seconds, Stopping threads took: 0.0581620 seconds
107.745: Application time: 0.0775990 seconds
107.788: [GC [PSYoungGen: 13013K->1165K(14848K)] 27324K->15475K(48640K), 0.0007860 secs] [Times: user=0.00 sys=0.00, real=0.00 secs] 
107.789: Total time for which application threads were stopped: 0.0437050 seconds, Stopping threads took: 0.0428330 seconds
107.882: Application time: 0.0924450 seconds
107.949: [GC [PSYoungGen: 13761K->758K(14848K)] 28071K->15069K(48640K), 0.0005470 secs] [Times: user=0.00 sys=0.01, real=0.00 secs] 
107.949: Total time for which application threads were stopped: 0.0675880 seconds, Stopping threads took: 0.0669550 seconds
108.037: Application time: 0.0881540 seconds
108.103: [GC [PSYoungGen: 13471K->579K(14848K)] 27782K->14897K(48640K), 0.0007240 secs] [Times: user=0.00 sys=0.00, real=0.00 secs] 
108.103: Total time for which application threads were stopped: 0.0661470 seconds, Stopping threads took: 0.0653390 seconds
108.185: Application time: 0.0814450 seconds
108.247: [GC [PSYoungGen: 13292K->336K(14848K)] 27610K->14662K(48640K), 0.0004840 secs] [Times: user=0.00 sys=0.00, real=0.00 secs] 
108.248: Total time for which application threads were stopped: 0.0629600 seconds, Stopping threads took: 0.0624100 seconds
108.326: Application time: 0.0782400 seconds
108.369: [GC [PSYoungGen: 13107K->2044K(14848K)] 27434K->16574K(48640K), 0.0008770 secs] [Times: user=0.00 sys=0.00, real=0.00 secs] 
108.370: Total time for which application threads were stopped: 0.0437730 seconds, Stopping threads took: 0.0428230 seconds
108.460: Application time: 0.0897380 seconds
108.529: [GC [PSYoungGen: 14562K->742K(14848K)] 29091K->15272K(48640K), 0.0005100 secs] [Times: user=0.00 sys=0.00, real=0.00 secs] 
108.529: Total time for which application threads were stopped: 0.0696810 seconds, Stopping threads took: 0.0690940 seconds
108.613: Application time: 0.0839080 seconds
108.676: [GC [PSYoungGen: 13533K->595K(14848K)] 28063K->15125K(48640K), 0.0005130 secs] [Times: user=0.01 sys=0.00, real=0.00 secs] 
108.677: Total time for which application threads were stopped: 0.0633940 seconds, Stopping threads took: 0.0628050 seconds
108.759: Application time: 0.0821770 seconds
108.825: [GC [PSYoungGen: 13308K->336K(14848K)] 27838K->14873K(48640K), 0.0004230 secs] [Times: user=0.00 sys=0.00, real=0.01 secs] 
108.825: Total time for which application threads were stopped: 0.0665910 seconds, Stopping threads took: 0.0660990 seconds
108.904: Application time: 0.0786260 seconds
108.943: [GC [PSYoungGen: 13107K->2044K(14848K)] 27645K->16777K(48640K), 0.0008720 secs] [Times: user=0.00 sys=0.00, real=0.00 secs] 
108.944: Total time for which application threads were stopped: 0.0401480 seconds, Stopping threads took: 0.0392080 seconds
109.047: Application time: 0.1028070 seconds
109.113: [GC [PSYoungGen: 14640K->774K(14848K)] 29373K->15507K(48640K), 0.0005700 secs] [Times: user=0.00 sys=0.00, real=0.01 secs] 
109.113: Total time for which application threads were stopped: 0.0663700 seconds, Stopping threads took: 0.0657030 seconds
109.198: Application time: 0.0847780 seconds
109.257: [GC [PSYoungGen: 13487K->563K(14848K)] 28220K->15304K(48640K), 0.0005260 secs] [Times: user=0.00 sys=0.00, real=0.00 secs] 
109.258: Total time for which application threads were stopped: 0.0597430 seconds, Stopping threads took: 0.0591560 seconds
109.356: Application time: 0.0978650 seconds
109.422: [GC [PSYoungGen: 13354K->320K(14848K)] 28095K->15069K(48640K), 0.0004940 secs] [Times: user=0.01 sys=0.00, real=0.00 secs] 
109.423: Total time for which application threads were stopped: 0.0671040 seconds, Stopping threads took: 0.0665450 seconds
109.502: Application time: 0.0792550 seconds
109.542: [GC [PSYoungGen: 12935K->1181K(14848K)] 27684K->15938K(48640K), 0.0006400 secs] [Times: user=0.00 sys=0.00, real=0.00 secs] 
109.542: Total time for which application threads were stopped: 0.0403390 seconds, Stopping threads took: 0.0396330 seconds
109.624: Application time: 0.0819140 seconds
109.683: [GC [PSYoungGen: 13699K->726K(14848K)] 28456K->15491K(48640K), 0.0005270 secs] [Times: user=0.01 sys=0.00, real=0.00 secs] 
109.683: Total time for which application threads were stopped: 0.0589210 seconds, Stopping threads took: 0.0583210 seconds
109.784: Application time: 0.1006750 seconds
109.851: [GC [PSYoungGen: 13479K->352K(14848K)] 28244K->15117K(48640K), 0.0004250 secs] [Times: user=0.00 sys=0.00, real=0.00 secs] 
109.851: Total time for which application threads were stopped: 0.0671100 seconds, Stopping threads took: 0.0666180 seconds
109.931: Application time: 0.0799650 seconds
109.973: [GC [PSYoungGen: 12967K->1181K(14848K)] 27732K->15954K(48640K), 0.0005670 secs] [Times: user=0.00 sys=0.00, real=0.01 secs] 
109.974: Total time for which application threads were stopped: 0.0425400 seconds, Stopping threads took: 0.0419090 seconds
110.058: Application time: 0.0842360 seconds
110.115: [GC [PSYoungGen: 13972K->986K(14848K)] 28745K->15767K(48640K), 0.0005930 secs] [Times: user=0.00 sys=0.00, real=0.00 secs] 
110.115: Total time for which application threads were stopped: 0.0575390 seconds, Stopping threads took: 0.0568770 seconds
110.199: Application time: 0.0837110 seconds
110.263: [GC [PSYoungGen: 13699K->742K(14848K)] 28480K->15523K(48640K), 0.0004880 secs] [Times: user=0.00 sys=0.00, real=0.00 secs] 
110.264: Total time for which application threads were stopped: 0.0645570 seconds, Stopping threads took: 0.0639980 seconds
110.346: Application time: 0.0823190 seconds
110.398: [GC [PSYoungGen: 13455K->579K(14848K)] 28236K->15360K(48640K), 0.0004500 secs] [Times: user=0.00 sys=0.00, real=0.00 secs] 
110.398: Total time for which application threads were stopped: 0.0525120 seconds, Stopping threads took: 0.0519920 seconds
110.486: Application time: 0.0874320 seconds
110.548: [GC [PSYoungGen: 13272K->1360K(14848K)] 28053K->16157K(48640K), 0.0006760 secs] [Times: user=0.00 sys=0.00, real=0.00 secs] 
110.549: Total time for which application threads were stopped: 0.0632130 seconds, Stopping threads took: 0.0624660 seconds
110.652: Application time: 0.1026590 seconds
110.715: [GC [PSYoungGen: 14073K->1149K(14848K)] 28870K->15946K(48640K), 0.0006590 secs] [Times: user=0.00 sys=0.00, real=0.00 secs] 
110.715: Total time for which application threads were stopped: 0.0636050 seconds, Stopping threads took: 0.0628810 seconds
110.819: Application time: 0.1037410 seconds
110.886: [GC [PSYoungGen: 13745K->790K(14848K)] 28542K->15595K(48640K), 0.0005060 secs] [Times: user=0.00 sys=0.00, real=0.00 secs] 
110.888: Total time for which application threads were stopped: 0.0685450 seconds, Stopping threads took: 0.0669160 seconds
110.971: Application time: 0.0833730 seconds
111.030: [GC [PSYoungGen: 13581K->547K(14848K)] 28387K->15352K(48640K), 0.0006690 secs] [Times: user=0.01 sys=0.00, real=0.00 secs] 
111.031: Total time for which application threads were stopped: 0.0600200 seconds, Stopping threads took: 0.0592650 seconds
111.111: Application time: 0.0800190 seconds
111.152: [GC [PSYoungGen: 13202K->1181K(14848K)] 28007K->15994K(48640K), 0.0006010 secs] [Times: user=0.00 sys=0.00, real=0.00 secs] 
111.153: Total time for which application threads were stopped: 0.0415570 seconds, Stopping threads took: 0.0408840 seconds
111.237: Application time: 0.0841270 seconds
111.302: [GC [PSYoungGen: 13894K->986K(14848K)] 28707K->15807K(48640K), 0.0006000 secs] [Times: user=0.00 sys=0.00, real=0.00 secs] 
111.303: Total time for which application threads were stopped: 0.0662140 seconds, Stopping threads took: 0.0655490 seconds
111.388: Application time: 0.0846220 seconds
111.444: [GC [PSYoungGen: 13777K->774K(14848K)] 28598K->15595K(48640K), 0.0005160 secs] [Times: user=0.01 sys=0.00, real=0.00 secs] 
111.445: Total time for which application threads were stopped: 0.0570520 seconds, Stopping threads took: 0.0564610 seconds
111.526: Application time: 0.0815480 seconds
111.568: [GC [PSYoungGen: 13487K->1994K(14848K)] 28308K->17605K(48640K), 0.0011490 secs] [Times: user=0.01 sys=0.00, real=0.00 secs] 
111.569: Total time for which application threads were stopped: 0.0432420 seconds, Stopping threads took: 0.0419920 seconds
111.655: Application time: 0.0857610 seconds
111.727: [GC [PSYoungGen: 14707K->352K(14848K)] 30318K->15962K(48640K), 0.0007010 secs] [Times: user=0.00 sys=0.00, real=0.00 secs] 
111.727: Total time for which application threads were stopped: 0.0720640 seconds, Stopping threads took: 0.0712690 seconds
111.806: Application time: 0.0790980 seconds
111.849: [GC [PSYoungGen: 12967K->2028K(14848K)] 28577K->17834K(48640K), 0.0008670 secs] [Times: user=0.00 sys=0.00, real=0.00 secs] 
111.850: Total time for which application threads were stopped: 0.0431730 seconds, Stopping threads took: 0.0422150 seconds
111.934: Application time: 0.0849290 seconds
112.003: [GC [PSYoungGen: 14624K->790K(14848K)] 30430K->16604K(48640K), 0.0005810 secs] [Times: user=0.00 sys=0.00, real=0.00 secs] 
112.004: Total time for which application threads were stopped: 0.0694470 seconds, Stopping threads took: 0.0687620 seconds
112.091: Application time: 0.0872300 seconds
112.164: [GC [PSYoungGen: 13503K->595K(14848K)] 29317K->16409K(48640K), 0.0004990 secs] [Times: user=0.00 sys=0.00, real=0.00 secs] 
112.164: Total time for which application threads were stopped: 0.0731990 seconds, Stopping threads took: 0.0726340 seconds
112.249: Application time: 0.0844470 seconds
112.287: [GC [PSYoungGen: 13367K->2028K(14848K)] 29180K->18248K(48640K), 0.0009750 secs] [Times: user=0.01 sys=0.00, real=0.00 secs] 
112.288: Total time for which application threads were stopped: 0.0395390 seconds, Stopping threads took: 0.0384910 seconds
112.371: Application time: 0.0826480 seconds
112.439: [GC [PSYoungGen: 14819K->1165K(14848K)] 31040K->17385K(48640K), 0.0007620 secs] [Times: user=0.00 sys=0.00, real=0.00 secs] 
112.440: Total time for which application threads were stopped: 0.0689330 seconds, Stopping threads took: 0.0680970 seconds
112.523: Application time: 0.0827330 seconds
112.587: [GC [PSYoungGen: 13917K->758K(14848K)] 30138K->16979K(48640K), 0.0006740 secs] [Times: user=0.00 sys=0.00, real=0.00 secs] 
112.588: Total time for which application threads were stopped: 0.0652260 seconds, Stopping threads took: 0.0644740 seconds
112.676: Application time: 0.0879040 seconds
112.720: [GC [PSYoungGen: 13471K->1653K(14848K)] 29692K->17882K(48640K), 0.0007240 secs] [Times: user=0.01 sys=0.00, real=0.00 secs] 
112.721: Total time for which application threads were stopped: 0.0449870 seconds, Stopping threads took: 0.0441830 seconds
112.803: Application time: 0.0827010 seconds
112.873: [GC [PSYoungGen: 14444K->304K(14848K)] 30673K->16532K(48640K), 0.0004960 secs] [Times: user=0.00 sys=0.00, real=0.00 secs] 
112.874: Total time for which application threads were stopped: 0.0702020 seconds, Stopping threads took: 0.0696150 seconds
112.952: Application time: 0.0781110 seconds
112.993: [GC [PSYoungGen: 12919K->1165K(14848K)] 29147K->17401K(48640K), 0.0007700 secs] [Times: user=0.00 sys=0.00, real=0.01 secs] 
112.994: Total time for which application threads were stopped: 0.0418270 seconds, Stopping threads took: 0.0409690 seconds
113.079: Application time: 0.0849560 seconds
113.141: [GC [PSYoungGen: 13683K->774K(14848K)] 29919K->17019K(48640K), 0.0005250 secs] [Times: user=0.01 sys=0.00, real=0.00 secs] 
113.141: Total time for which application threads were stopped: 0.0625280 seconds, Stopping threads took: 0.0619270 seconds
113.231: Application time: 0.0893930 seconds
113.276: [GC [PSYoungGen: 13487K->1962K(14848K)] 29732K->19004K(48640K), 0.0009820 secs] [Times: user=0.01 sys=0.00, real=0.00 secs] 
113.277: Total time for which application threads were stopped: 0.0460980 seconds, Stopping threads took: 0.0450400 seconds
113.381: Application time: 0.1039630 seconds
113.448: [GC [PSYoungGen: 14753K->288K(14848K)] 31795K->17329K(48640K), 0.0004510 secs] [Times: user=0.00 sys=0.00, real=0.00 secs] 
113.448: Total time for which application threads were stopped: 0.0678050 seconds, Stopping threads took: 0.0672830 seconds
113.527: Application time: 0.0790480 seconds
113.569: [GC [PSYoungGen: 12903K->1881K(14848K)] 29945K->19321K(48640K), 0.0008590 secs] [Times: user=0.01 sys=0.01, real=0.00 secs] 
113.570: Total time for which application threads were stopped: 0.0424660 seconds, Stopping threads took: 0.0415390 seconds
113.654: Application time: 0.0840600 seconds
113.712: [GC [PSYoungGen: 14476K->1849K(14848K)] 31917K->19289K(48640K), 0.0009490 secs] [Times: user=0.00 sys=0.01, real=0.01 secs] 
113.713: Total time for which application threads were stopped: 0.0593630 seconds, Stopping threads took: 0.0583250 seconds
113.796: Application time: 0.0828700 seconds
113.868: [GC [PSYoungGen: 14640K->563K(14848K)] 32080K->18003K(48640K), 0.0004570 secs] [Times: user=0.00 sys=0.00, real=0.00 secs] 
113.868: Total time for which application threads were stopped: 0.0721780 seconds, Stopping threads took: 0.0716520 seconds
113.957: Application time: 0.0888490 seconds
114.023: [GC [PSYoungGen: 13363K->1458K(14848K)] 30803K->18898K(48640K), 0.0007140 secs] [Times: user=0.00 sys=0.00, real=0.00 secs] 
114.024: Total time for which application threads were stopped: 0.0664040 seconds, Stopping threads took: 0.0656270 seconds
114.120: Application time: 0.0967950 seconds
114.186: [GC [PSYoungGen: 14143K->1149K(14848K)] 31584K->18605K(48640K), 0.0006770 secs] [Times: user=0.01 sys=0.00, real=0.00 secs] 
114.186: Total time for which application threads were stopped: 0.0659920 seconds, Stopping threads took: 0.0652210 seconds
114.270: Application time: 0.0838140 seconds
114.325: [GC [PSYoungGen: 13823K->758K(14848K)] 31279K->18215K(48640K), 0.0006140 secs] [Times: user=0.00 sys=0.00, real=0.01 secs] 
114.325: Total time for which application threads were stopped: 0.0550060 seconds, Stopping threads took: 0.0542940 seconds
114.408: Application time: 0.0823470 seconds
114.472: [GC [PSYoungGen: 13550K->563K(14848K)] 31006K->18027K(48640K), 0.0007110 secs] [Times: user=0.01 sys=0.00, real=0.00 secs] 
114.473: Total time for which application threads were stopped: 0.0652940 seconds, Stopping threads took: 0.0645040 seconds
114.555: Application time: 0.0818870 seconds
114.609: [GC [PSYoungGen: 13276K->320K(14848K)] 30740K->17792K(48640K), 0.0004920 secs] [Times: user=0.00 sys=0.00, real=0.00 secs] 
114.610: Total time for which application threads were stopped: 0.0549270 seconds, Stopping threads took: 0.0543570 seconds
114.687: Application time: 0.0777530 seconds
114.729: [GC [PSYoungGen: 12935K->1133K(14848K)] 30407K->18613K(48640K), 0.0006010 secs] [Times: user=0.00 sys=0.00, real=0.00 secs] 
114.729: Total time for which application threads were stopped: 0.0417680 seconds, Stopping threads took: 0.0410950 seconds
114.813: Application time: 0.0839020 seconds
114.878: [GC [PSYoungGen: 13651K->758K(14848K)] 31131K->18239K(48640K), 0.0005220 secs] [Times: user=0.00 sys=0.00, real=0.00 secs] 
114.879: Total time for which application threads were stopped: 0.0655210 seconds, Stopping threads took: 0.0649270 seconds
114.964: Application time: 0.0857280 seconds
115.034: [GC [PSYoungGen: 13471K->563K(14848K)] 30952K->18059K(48640K), 0.0005720 secs] [Times: user=0.00 sys=0.00, real=0.00 secs] 
115.034: Total time for which application threads were stopped: 0.0697140 seconds, Stopping threads took: 0.0690540 seconds
115.116: Application time: 0.0816310 seconds
115.177: [GC [PSYoungGen: 13276K->304K(14848K)] 30772K->17800K(48640K), 0.0006050 secs] [Times: user=0.01 sys=0.00, real=0.00 secs] 
115.177: Total time for which application threads were stopped: 0.0614120 seconds, Stopping threads took: 0.0607230 seconds
115.256: Application time: 0.0787030 seconds
115.296: [GC [PSYoungGen: 13056K->1881K(14848K)] 30552K->20744K(48640K), 0.0011220 secs] [Times: user=0.01 sys=0.00, real=0.00 secs] 
115.297: Total time for which application threads were stopped: 0.0410490 seconds, Stopping threads took: 0.0398580 seconds
115.381: Application time: 0.0839530 seconds
115.452: [GC [PSYoungGen: 14574K->790K(14848K)] 33438K->19654K(48640K), 0.0006060 secs] [Times: user=0.00 sys=0.00, real=0.00 secs] 
115.452: Total time for which application threads were stopped: 0.0712900 seconds, Stopping threads took: 0.0706030 seconds
115.543: Application time: 0.0911320 seconds
115.611: [GC [PSYoungGen: 13503K->579K(14848K)] 32367K->19451K(48640K), 0.0005710 secs] [Times: user=0.01 sys=0.00, real=0.00 secs] 
115.612: Total time for which application threads were stopped: 0.0683210 seconds, Stopping threads took: 0.0676800 seconds
115.691: Application time: 0.0793030 seconds
115.738: [GC [PSYoungGen: 13351K->1328K(14848K)] 32222K->20200K(48640K), 0.0006070 secs] [Times: user=0.00 sys=0.00, real=0.00 secs] 
115.739: Total time for which application threads were stopped: 0.0475770 seconds, Stopping threads took: 0.0469010 seconds
115.846: Application time: 0.1077560 seconds
115.907: [GC [PSYoungGen: 14120K->1133K(14848K)] 32991K->20012K(48640K), 0.0005830 secs] [Times: user=0.00 sys=0.00, real=0.00 secs] 
115.909: Total time for which application threads were stopped: 0.0625530 seconds, Stopping threads took: 0.0610010 seconds
116.009: Application time: 0.1006380 seconds
116.067: [GC [PSYoungGen: 13650K->758K(14848K)] 32530K->19646K(48640K), 0.0005380 secs] [Times: user=0.00 sys=0.00, real=0.00 secs] 
116.068: Total time for which application threads were stopped: 0.0585810 seconds, Stopping threads took: 0.0579710 seconds
116.147: Application time: 0.0793290 seconds
116.191: [GC [PSYoungGen: 13452K->1994K(14848K)] 32339K->22648K(48640K), 0.0013110 secs] [Times: user=0.01 sys=0.00, real=0.00 secs] 
116.192: Total time for which application threads were stopped: 0.0444700 seconds, Stopping threads took: 0.0430680 seconds
116.297: Application time: 0.1054660 seconds
116.366: [GC [PSYoungGen: 14707K->1344K(14848K)] 35361K->22006K(48640K), 0.0008570 secs] [Times: user=0.01 sys=0.00, real=0.00 secs] 
116.367: Total time for which application threads were stopped: 0.0698080 seconds, Stopping threads took: 0.0688630 seconds
116.473: Application time: 0.1054830 seconds
116.539: [GC [PSYoungGen: 14057K->1181K(14848K)] 34719K->21866K(48640K), 0.0007560 secs] [Times: user=0.00 sys=0.00, real=0.00 secs] 
116.540: Total time for which application threads were stopped: 0.0670700 seconds, Stopping threads took: 0.0662220 seconds
116.623: Application time: 0.0830260 seconds
116.677: [GC [PSYoungGen: 13699K->806K(14848K)] 34384K->21508K(48640K), 0.0006320 secs] [Times: user=0.00 sys=0.00, real=0.00 secs] 
116.678: Total time for which application threads were stopped: 0.0554270 seconds, Stopping threads took: 0.0546960 seconds
116.778: Application time: 0.0997930 seconds
116.838: [GC [PSYoungGen: 13422K->1572K(14848K)] 34123K->22273K(48640K), 0.0008080 secs] [Times: user=0.00 sys=0.00, real=0.00 secs] 
116.838: Total time for which application threads were stopped: 0.0604690 seconds, Stopping threads took: 0.0595720 seconds
116.937: Application time: 0.0986000 seconds
117.006: [GC [PSYoungGen: 14050K->922K(14848K)] 34752K->21623K(48640K), 0.0006440 secs] [Times: user=0.00 sys=0.00, real=0.00 secs] 
117.006: Total time for which application threads were stopped: 0.0692290 seconds, Stopping threads took: 0.0684890 seconds
117.107: Application time: 0.1006980 seconds
117.174: [GC [PSYoungGen: 13674K->547K(14848K)] 34375K->21248K(48640K), 0.0005270 secs] [Times: user=0.00 sys=0.00, real=0.00 secs] 
117.174: Total time for which application threads were stopped: 0.0673230 seconds, Stopping threads took: 0.0667260 seconds
117.256: Application time: 0.0821310 seconds
117.322: [GC [PSYoungGen: 13260K->304K(14848K)] 33962K->21005K(48640K), 0.0004830 secs] [Times: user=0.00 sys=0.00, real=0.00 secs] 
117.323: Total time for which application threads were stopped: 0.0664510 seconds, Stopping threads took: 0.0658920 seconds
117.404: Application time: 0.0815990 seconds
117.442: [GC [PSYoungGen: 12997K->1133K(14848K)] 33699K->21834K(48640K), 0.0006750 secs] [Times: user=0.01 sys=0.00, real=0.00 secs] 
117.443: Total time for which application threads were stopped: 0.0383240 seconds, Stopping threads took: 0.0375560 seconds
117.550: Application time: 0.1071140 seconds
117.615: [GC [PSYoungGen: 13651K->726K(14848K)] 34352K->21436K(48640K), 0.0007590 secs] [Times: user=0.00 sys=0.00, real=0.00 secs] 
117.616: Total time for which application threads were stopped: 0.0656080 seconds, Stopping threads took: 0.0647570 seconds
117.698: Application time: 0.0821040 seconds
117.758: [GC [PSYoungGen: 13518K->595K(14848K)] 34227K->21320K(48640K), 0.0005830 secs] [Times: user=0.00 sys=0.00, real=0.00 secs] 
117.758: Total time for which application threads were stopped: 0.0608270 seconds, Stopping threads took: 0.0601520 seconds
117.841: Application time: 0.0825460 seconds
117.907: [GC [PSYoungGen: 13386K->352K(14848K)] 34112K->21077K(48640K), 0.0004180 secs] [Times: user=0.01 sys=0.00, real=0.00 secs] 
117.907: Total time for which application threads were stopped: 0.0660350 seconds, Stopping threads took: 0.0655450 seconds
117.985: Application time: 0.0784000 seconds
118.029: [GC [PSYoungGen: 12967K->1149K(14848K)] 33693K->21882K(48640K), 0.0006080 secs] [Times: user=0.00 sys=0.00, real=0.00 secs] 
118.030: Total time for which application threads were stopped: 0.0442590 seconds, Stopping threads took: 0.0435800 seconds
118.112: Application time: 0.0820360 seconds
118.178: [GC [PSYoungGen: 13667K->774K(14848K)] 34400K->21524K(48640K), 0.0005420 secs] [Times: user=0.00 sys=0.00, real=0.00 secs] 
118.179: Total time for which application threads were stopped: 0.0669460 seconds, Stopping threads took: 0.0663390 seconds
118.260: Application time: 0.0817370 seconds
118.326: [GC [PSYoungGen: 13565K->579K(14848K)] 34315K->21328K(48640K), 0.0005600 secs] [Times: user=0.01 sys=0.00, real=0.00 secs] 
118.326: Total time for which application threads were stopped: 0.0657950 seconds, Stopping threads took: 0.0651660 seconds
118.411: Application time: 0.0844450 seconds
118.479: [GC [PSYoungGen: 13370K->304K(14848K)] 34120K->21061K(48640K), 0.0006550 secs] [Times: user=0.00 sys=0.00, real=0.00 secs] 
118.479: Total time for which application threads were stopped: 0.0687720 seconds, Stopping threads took: 0.0680240 seconds
118.558: Application time: 0.0781460 seconds
118.598: [GC [PSYoungGen: 12997K->1149K(14848K)] 33755K->21906K(48640K), 0.0006140 secs] [Times: user=0.01 sys=0.00, real=0.00 secs] 
118.598: Total time for which application threads were stopped: 0.0406540 seconds, Stopping threads took: 0.0399640 seconds
118.682: Application time: 0.0835570 seconds
118.746: [GC [PSYoungGen: 13745K->758K(14848K)] 34502K->21516K(48640K), 0.0004930 secs] [Times: user=0.00 sys=0.00, real=0.00 secs] 
118.746: Total time for which application threads were stopped: 0.0646540 seconds, Stopping threads took: 0.0640710 seconds
118.834: Application time: 0.0873380 seconds
118.894: [GC [PSYoungGen: 13374K->1540K(14848K)] 34131K->22297K(48640K), 0.0008210 secs] [Times: user=0.01 sys=0.00, real=0.00 secs] 
118.895: Total time for which application threads were stopped: 0.0611700 seconds, Stopping threads took: 0.0602600 seconds
118.992: Application time: 0.0969930 seconds
119.059: [GC [PSYoungGen: 14253K->1344K(14848K)] 35010K->22102K(48640K), 0.0006870 secs] [Times: user=0.01 sys=0.00, real=0.00 secs] 
119.060: Total time for which application threads were stopped: 0.0680270 seconds, Stopping threads took: 0.0672380 seconds
119.161: Application time: 0.1012050 seconds
119.225: [GC [PSYoungGen: 14057K->1165K(14848K)] 34815K->21938K(48640K), 0.0006240 secs] [Times: user=0.00 sys=0.00, real=0.01 secs] 
119.225: Total time for which application threads were stopped: 0.0639410 seconds, Stopping threads took: 0.0632450 seconds
119.328: Application time: 0.1025150 seconds
119.384: [GC [PSYoungGen: 13800K->547K(14848K)] 34574K->21328K(48640K), 0.0004770 secs] [Times: user=0.00 sys=0.00, real=0.00 secs] 
119.385: Total time for which application threads were stopped: 0.0569850 seconds, Stopping threads took: 0.0564390 seconds
119.464: Application time: 0.0795590 seconds
119.533: [GC [PSYoungGen: 13260K->304K(14848K)] 34042K->21085K(48640K), 0.0004760 secs] [Times: user=0.00 sys=0.00, real=0.00 secs] 
119.534: Total time for which application threads were stopped: 0.0694200 seconds, Stopping threads took: 0.0688800 seconds
119.612: Application time: 0.0786100 seconds
119.655: [GC [PSYoungGen: 12919K->1149K(14848K)] 33700K->21938K(48640K), 0.0005830 secs] [Times: user=0.01 sys=0.00, real=0.00 secs] 
119.656: Total time for which application threads were stopped: 0.0437240 seconds, Stopping threads took: 0.0430630 seconds
119.747: Application time: 0.0913570 seconds
119.814: [GC [PSYoungGen: 13745K->774K(14848K)] 34534K->21564K(48640K), 0.0005430 secs] [Times: user=0.00 sys=0.00, real=0.00 secs] 
119.814: Total time for which application threads were stopped: 0.0667960 seconds, Stopping threads took: 0.0661600 seconds
119.896: Application time: 0.0819550 seconds
119.958: [GC [PSYoungGen: 13468K->1555K(14848K)] 34257K->22353K(48640K), 0.0006840 secs] [Times: user=0.00 sys=0.00, real=0.00 secs] 
119.959: Total time for which application threads were stopped: 0.0627270 seconds, Stopping threads took: 0.0619570 seconds
120.058: Application time: 0.0987700 seconds
120.126: [GC [PSYoungGen: 14268K->1360K(14848K)] 35066K->22174K(48640K), 0.0007210 secs] [Times: user=0.01 sys=0.00, real=0.00 secs] 
120.126: Total time for which application threads were stopped: 0.0686880 seconds, Stopping threads took: 0.0678770 seconds
120.231: Application time: 0.1048540 seconds
120.293: [GC [PSYoungGen: 14151K->1133K(14848K)] 34965K->21946K(48640K), 0.0008450 secs] [Times: user=0.00 sys=0.00, real=0.00 secs] 
120.294: Total time for which application threads were stopped: 0.0630970 seconds, Stopping threads took: 0.0621520 seconds
120.376: Application time: 0.0821190 seconds
120.441: [GC [PSYoungGen: 13729K->742K(14848K)] 34542K->21556K(48640K), 0.0005990 secs] [Times: user=0.00 sys=0.00, real=0.00 secs] 
120.441: Total time for which application threads were stopped: 0.0647580 seconds, Stopping threads took: 0.0640730 seconds
120.524: Application time: 0.0833510 seconds
120.582: [GC [PSYoungGen: 13455K->579K(14848K)] 34269K->21400K(48640K), 0.0007110 secs] [Times: user=0.00 sys=0.00, real=0.00 secs] 
120.583: Total time for which application threads were stopped: 0.0581470 seconds, Stopping threads took: 0.0573490 seconds
120.665: Application time: 0.0820520 seconds
120.731: [GC [PSYoungGen: 13370K->352K(14848K)] 34192K->21181K(48640K), 0.0004920 secs] [Times: user=0.00 sys=0.00, real=0.00 secs] 
120.731: Total time for which application threads were stopped: 0.0666570 seconds, Stopping threads took: 0.0660950 seconds
120.811: Application time: 0.0798560 seconds
120.851: [GC [PSYoungGen: 13045K->1149K(14848K)] 33875K->21986K(48640K), 0.0006100 secs] [Times: user=0.00 sys=0.00, real=0.00 secs] 
120.852: Total time for which application threads were stopped: 0.0403750 seconds, Stopping threads took: 0.0396870 seconds
120.935: Application time: 0.0838550 seconds
120.990: [GC [PSYoungGen: 13667K->742K(14848K)] 34504K->21588K(48640K), 0.0005160 secs] [Times: user=0.00 sys=0.00, real=0.00 secs] 
120.992: Total time for which application threads were stopped: 0.0564900 seconds, Stopping threads took: 0.0549100 seconds
121.092: Application time: 0.0996340 seconds
121.159: [GC [PSYoungGen: 13416K->352K(14848K)] 34262K->21197K(48640K), 0.0006630 secs] [Times: user=0.00 sys=0.00, real=0.00 secs] 
121.160: Total time for which application threads were stopped: 0.0684510 seconds, Stopping threads took: 0.0676970 seconds
121.239: Application time: 0.0790170 seconds
121.281: [GC [PSYoungGen: 12967K->1181K(14848K)] 33813K->22026K(48640K), 0.0007170 secs] [Times: user=0.00 sys=0.00, real=0.00 secs] 
121.282: Total time for which application threads were stopped: 0.0427130 seconds, Stopping threads took: 0.0419230 seconds
121.366: Application time: 0.0843990 seconds
121.428: [GC [PSYoungGen: 13777K->758K(14848K)] 34622K->21604K(48640K), 0.0005310 secs] [Times: user=0.01 sys=0.00, real=0.00 secs] 
121.429: Total time for which application threads were stopped: 0.0625130 seconds, Stopping threads took: 0.0619000 seconds
121.519: Application time: 0.0906720 seconds
121.585: [GC [PSYoungGen: 13549K->579K(14848K)] 34395K->21432K(48640K), 0.0005590 secs] [Times: user=0.00 sys=0.00, real=0.01 secs] 
121.586: Total time for which application threads were stopped: 0.0662570 seconds, Stopping threads took: 0.0656190 seconds
121.668: Application time: 0.0820740 seconds
121.721: [GC [PSYoungGen: 13292K->336K(14848K)] 34146K->21189K(48640K), 0.0004540 secs] [Times: user=0.00 sys=0.00, real=0.00 secs] 
121.722: Total time for which application threads were stopped: 0.0542550 seconds, Stopping threads took: 0.0537410 seconds
121.800: Application time: 0.0780630 seconds
121.840: [GC [PSYoungGen: 13029K->1149K(14848K)] 33883K->22002K(48640K), 0.0006780 secs] [Times: user=0.00 sys=0.00, real=0.00 secs] 
121.841: Total time for which application threads were stopped: 0.0411610 seconds, Stopping threads took: 0.0404120 seconds
121.947: Application time: 0.1060290 seconds
122.009: [GC [PSYoungGen: 13667K->774K(14848K)] 34520K->21636K(48640K), 0.0005690 secs] [Times: user=0.00 sys=0.00, real=0.00 secs] 
122.010: Total time for which application threads were stopped: 0.0626080 seconds, Stopping threads took: 0.0619620 seconds
122.090: Application time: 0.0803770 seconds
122.131: [GC [PSYoungGen: 13390K->1555K(14848K)] 34251K->22425K(48640K), 0.0006790 secs] [Times: user=0.00 sys=0.01, real=0.00 secs] 
122.132: Total time for which application threads were stopped: 0.0413580 seconds, Stopping threads took: 0.0406140 seconds
122.232: Application time: 0.1005180 seconds
122.296: [GC [PSYoungGen: 14347K->1392K(14848K)] 35216K->22262K(48640K), 0.0006680 secs] [Times: user=0.00 sys=0.00, real=0.00 secs] 
122.296: Total time for which application threads were stopped: 0.0642700 seconds, Stopping threads took: 0.0635120 seconds
122.403: Application time: 0.1068830 seconds
122.460: [GC [PSYoungGen: 13949K->790K(14848K)] 34819K->21668K(48640K), 0.0006870 secs] [Times: user=0.01 sys=0.00, real=0.00 secs] 
122.460: Total time for which application threads were stopped: 0.0570340 seconds, Stopping threads took: 0.0562790 seconds
122.549: Application time: 0.0883300 seconds
122.617: [GC [PSYoungGen: 13503K->547K(14848K)] 34381K->21432K(48640K), 0.0004960 secs] [Times: user=0.00 sys=0.00, real=0.00 secs] 
122.618: Total time for which application threads were stopped: 0.0690710 seconds, Stopping threads took: 0.0685050 seconds
122.700: Application time: 0.0823820 seconds
122.766: [GC [PSYoungGen: 13260K->336K(14848K)] 34146K->21221K(48640K), 0.0005350 secs] [Times: user=0.00 sys=0.00, real=0.00 secs] 
122.767: Total time for which application threads were stopped: 0.0665870 seconds, Stopping threads took: 0.0659690 seconds
122.849: Application time: 0.0820600 seconds
122.905: [GC [PSYoungGen: 13107K->1133K(14848K)] 33993K->22026K(48640K), 0.0006870 secs] [Times: user=0.00 sys=0.00, real=0.01 secs] 
122.906: Total time for which application threads were stopped: 0.0568300 seconds, Stopping threads took: 0.0560640 seconds
123.012: Application time: 0.1061280 seconds
123.083: [GC [PSYoungGen: 13729K->774K(14848K)] 34622K->21676K(48640K), 0.0007550 secs] [Times: user=0.01 sys=0.00, real=0.00 secs] 
123.084: Total time for which application threads were stopped: 0.0719170 seconds, Stopping threads took: 0.0710760 seconds
123.175: Application time: 0.0910630 seconds
123.213: [GC [PSYoungGen: 13468K->2044K(14848K)] 34369K->23531K(48640K), 0.0012400 secs] [Times: user=0.01 sys=0.00, real=0.01 secs] 
123.214: Total time for which application threads were stopped: 0.0395780 seconds, Stopping threads took: 0.0382560 seconds
123.310: Application time: 0.0958890 seconds
123.383: [GC [PSYoungGen: 14757K->1376K(14848K)] 36244K->22872K(48640K), 0.0006850 secs] [Times: user=0.00 sys=0.00, real=0.00 secs] 
123.384: Total time for which application threads were stopped: 0.0739210 seconds, Stopping threads took: 0.0731410 seconds
123.491: Application time: 0.1073680 seconds
123.549: [GC [PSYoungGen: 14089K->1133K(14848K)] 35585K->22628K(48640K), 0.0006480 secs] [Times: user=0.00 sys=0.00, real=0.00 secs] 
123.550: Total time for which application threads were stopped: 0.0587420 seconds, Stopping threads took: 0.0580280 seconds
123.632: Application time: 0.0822730 seconds
123.699: [GC [PSYoungGen: 13651K->790K(14848K)] 35146K->22294K(48640K), 0.0006820 secs] [Times: user=0.01 sys=0.00, real=0.00 secs] 
123.699: Total time for which application threads were stopped: 0.0669750 seconds, Stopping threads took: 0.0662280 seconds
123.784: Application time: 0.0844970 seconds
123.846: [GC [PSYoungGen: 13590K->515K(14848K)] 35094K->22026K(48640K), 0.0004810 secs] [Times: user=0.00 sys=0.00, real=0.00 secs] 
123.846: Total time for which application threads were stopped: 0.0621770 seconds, Stopping threads took: 0.0616140 seconds
123.940: Application time: 0.0938730 seconds
124.006: [GC [PSYoungGen: 13296K->304K(14848K)] 34808K->21815K(48640K), 0.0006880 secs] [Times: user=0.00 sys=0.00, real=0.00 secs] 
124.006: Total time for which application threads were stopped: 0.0663920 seconds, Stopping threads took: 0.0656130 seconds
124.085: Application time: 0.0785680 seconds
124.127: [GC [PSYoungGen: 13076K->1149K(14848K)] 34587K->22668K(48640K), 0.0006090 secs] [Times: user=0.00 sys=0.00, real=0.00 secs] 
124.127: Total time for which application threads were stopped: 0.0425310 seconds, Stopping threads took: 0.0418410 seconds
124.233: Application time: 0.1052170 seconds
124.299: [GC [PSYoungGen: 13667K->774K(14848K)] 35186K->22294K(48640K), 0.0007950 secs] [Times: user=0.00 sys=0.00, real=0.00 secs] 
124.300: Total time for which application threads were stopped: 0.0671310 seconds, Stopping threads took: 0.0662430 seconds
124.387: Application time: 0.0867830 seconds
124.456: [GC [PSYoungGen: 13487K->579K(14848K)] 35007K->22098K(48640K), 0.0005470 secs] [Times: user=0.01 sys=0.00, real=0.00 secs] 
124.456: Total time for which application threads were stopped: 0.0695800 seconds, Stopping threads took: 0.0689430 seconds
124.536: Application time: 0.0796610 seconds
124.577: [GC [PSYoungGen: 13351K->1865K(14848K)] 34870K->23978K(48640K), 0.0009490 secs] [Times: user=0.01 sys=0.00, real=0.00 secs] 
124.578: Total time for which application threads were stopped: 0.0420580 seconds, Stopping threads took: 0.0410410 seconds
124.684: Application time: 0.1056610 seconds
124.750: [GC [PSYoungGen: 14578K->1149K(14848K)] 36691K->23270K(48640K), 0.0005950 secs] [Times: user=0.00 sys=0.00, real=0.00 secs] 
124.751: Total time for which application threads were stopped: 0.0671850 seconds, Stopping threads took: 0.0665200 seconds
124.835: Application time: 0.0840860 seconds
124.891: [GC [PSYoungGen: 13745K->774K(14848K)] 35866K->22896K(48640K), 0.0004920 secs] [Times: user=0.00 sys=0.00, real=0.00 secs] 
124.892: Total time for which application threads were stopped: 0.0570240 seconds, Stopping threads took: 0.0564710 seconds
124.974: Application time: 0.0819980 seconds
125.039: [GC [PSYoungGen: 13565K->579K(14848K)] 35687K->22700K(48640K), 0.0005820 secs] [Times: user=0.00 sys=0.00, real=0.00 secs] 
125.039: Total time for which application threads were stopped: 0.0653540 seconds, Stopping threads took: 0.0646960 seconds
125.122: Application time: 0.0824130 seconds
125.175: [GC [PSYoungGen: 13292K->336K(14848K)] 35413K->22473K(48640K), 0.0006640 secs] [Times: user=0.00 sys=0.00, real=0.00 secs] 
125.176: Total time for which application threads were stopped: 0.0543410 seconds, Stopping threads took: 0.0535910 seconds
125.255: Application time: 0.0792160 seconds
125.298: [GC [PSYoungGen: 13029K->1165K(14848K)] 35167K->23310K(48640K), 0.0005980 secs] [Times: user=0.00 sys=0.00, real=0.00 secs] 
125.298: Total time for which application threads were stopped: 0.0431240 seconds, Stopping threads took: 0.0424590 seconds
125.401: Application time: 0.1029720 seconds
125.464: [GC [PSYoungGen: 13683K->758K(14848K)] 35828K->22912K(48640K), 0.0007370 secs] [Times: user=0.00 sys=0.00, real=0.01 secs] 
125.465: Total time for which application threads were stopped: 0.0638520 seconds, Stopping threads took: 0.0630220 seconds
125.569: Application time: 0.1039730 seconds
125.635: [GC [PSYoungGen: 13433K->368K(14848K)] 35586K->22521K(48640K), 0.0005880 secs] [Times: user=0.00 sys=0.00, real=0.00 secs] 
125.636: Total time for which application threads were stopped: 0.0666950 seconds, Stopping threads took: 0.0660170 seconds
125.715: Application time: 0.0791860 seconds
125.759: [GC [PSYoungGen: 13061K->1165K(14848K)] 35215K->23318K(48640K), 0.0007130 secs] [Times: user=0.00 sys=0.00, real=0.00 secs] 
125.760: Total time for which application threads were stopped: 0.0445980 seconds, Stopping threads took: 0.0437970 seconds
125.857: Application time: 0.0969100 seconds
125.922: [GC [PSYoungGen: 13683K->790K(14848K)] 35836K->22944K(48640K), 0.0005020 secs] [Times: user=0.00 sys=0.00, real=0.00 secs] 
125.922: Total time for which application threads were stopped: 0.0655030 seconds, Stopping threads took: 0.0649340 seconds
126.022: Application time: 0.0995940 seconds
126.088: [GC [PSYoungGen: 13503K->547K(14848K)] 35657K->22716K(48640K), 0.0005430 secs] [Times: user=0.00 sys=0.00, real=0.00 secs] 
126.090: Total time for which application threads were stopped: 0.0682650 seconds, Stopping threads took: 0.0666950 seconds
126.174: Application time: 0.0837520 seconds
126.235: [GC [PSYoungGen: 13338K->336K(14848K)] 35508K->22513K(48640K), 0.0005550 secs] [Times: user=0.00 sys=0.00, real=0.00 secs] 
126.236: Total time for which application threads were stopped: 0.0623430 seconds, Stopping threads took: 0.0617010 seconds
126.316: Application time: 0.0795880 seconds
126.359: [GC [PSYoungGen: 12951K->1181K(14848K)] 35128K->23374K(48640K), 0.0008110 secs] [Times: user=0.00 sys=0.00, real=0.00 secs] 
126.360: Total time for which application threads were stopped: 0.0440130 seconds, Stopping threads took: 0.0431240 seconds
126.459: Application time: 0.0990100 seconds
126.519: [GC [PSYoungGen: 13777K->790K(14848K)] 35970K->22984K(48640K), 0.0007910 secs] [Times: user=0.00 sys=0.00, real=0.00 secs] 
126.520: Total time for which application threads were stopped: 0.0615370 seconds, Stopping threads took: 0.0606770 seconds
126.607: Application time: 0.0868540 seconds
126.680: [GC [PSYoungGen: 13503K->547K(14848K)] 35697K->22740K(48640K), 0.0004920 secs] [Times: user=0.00 sys=0.00, real=0.00 secs] 
126.680: Total time for which application threads were stopped: 0.0730720 seconds, Stopping threads took: 0.0724920 seconds
126.776: Application time: 0.0959730 seconds
126.842: [GC [PSYoungGen: 13347K->288K(14848K)] 35540K->22489K(48640K), 0.0006630 secs] [Times: user=0.00 sys=0.00, real=0.00 secs] 
126.842: Total time for which application threads were stopped: 0.0663710 seconds, Stopping threads took: 0.0656310 seconds
126.921: Application time: 0.0785040 seconds
126.960: [GC [PSYoungGen: 13032K->1946K(14848K)] 35233K->24343K(48640K), 0.0009940 secs] [Times: user=0.00 sys=0.00, real=0.00 secs] 
126.961: Total time for which application threads were stopped: 0.0402790 seconds, Stopping threads took: 0.0392140 seconds
127.069: Application time: 0.1074730 seconds
127.129: [GC [PSYoungGen: 14640K->790K(14848K)] 37036K->23203K(48640K), 0.0007660 secs] [Times: user=0.00 sys=0.00, real=0.00 secs] 
127.130: Total time for which application threads were stopped: 0.0615800 seconds, Stopping threads took: 0.0607200 seconds
127.214: Application time: 0.0835330 seconds
127.284: [GC [PSYoungGen: 13503K->563K(14848K)] 35916K->22992K(48640K), 0.0005340 secs] [Times: user=0.00 sys=0.00, real=0.00 secs] 
127.284: Total time for which application threads were stopped: 0.0702390 seconds, Stopping threads took: 0.0696370 seconds
127.363: Application time: 0.0793240 seconds
127.406: [GC [PSYoungGen: 13061K->1149K(14848K)] 35490K->23578K(48640K), 0.0006240 secs] [Times: user=0.00 sys=0.00, real=0.00 secs] 
127.407: Total time for which application threads were stopped: 0.0434380 seconds, Stopping threads took: 0.0427380 seconds
127.492: Application time: 0.0851040 seconds
127.556: [GC [PSYoungGen: 13842K->1946K(14848K)] 36271K->24383K(48640K), 0.0007770 secs] [Times: user=0.01 sys=0.00, real=0.00 secs] 
127.557: Total time for which application threads were stopped: 0.0651290 seconds, Stopping threads took: 0.0642810 seconds
127.659: Application time: 0.1020660 seconds
127.722: [GC [PSYoungGen: 14464K->1524K(14848K)] 36901K->23960K(48640K), 0.0009270 secs] [Times: user=0.00 sys=0.00, real=0.00 secs] 
127.723: Total time for which application threads were stopped: 0.0637390 seconds, Stopping threads took: 0.0627190 seconds
127.819: Application time: 0.0965640 seconds
127.888: [GC [PSYoungGen: 14237K->1312K(14848K)] 36673K->23757K(48640K), 0.0007240 secs] [Times: user=0.00 sys=0.00, real=0.00 secs] 
127.889: Total time for which application threads were stopped: 0.0696830 seconds, Stopping threads took: 0.0688680 seconds
127.993: Application time: 0.1038350 seconds
128.047: [GC [PSYoungGen: 14025K->1165K(14848K)] 36470K->23626K(48640K), 0.0006520 secs] [Times: user=0.00 sys=0.00, real=0.00 secs] 
128.047: Total time for which application threads were stopped: 0.0544420 seconds, Stopping threads took: 0.0537140 seconds
128.131: Application time: 0.0831110 seconds
128.188: [GC [PSYoungGen: 13761K->790K(14848K)] 36222K->23251K(48640K), 0.0005190 secs] [Times: user=0.00 sys=0.00, real=0.00 secs] 
128.188: Total time for which application threads were stopped: 0.0577720 seconds, Stopping threads took: 0.0571890 seconds
128.283: Application time: 0.0943820 seconds
128.352: [GC [PSYoungGen: 13582K->563K(14848K)] 36042K->23024K(48640K), 0.0005120 secs] [Times: user=0.00 sys=0.00, real=0.00 secs] 
128.353: Total time for which application threads were stopped: 0.0699960 seconds, Stopping threads took: 0.0694200 seconds
128.434: Application time: 0.0813320 seconds
128.499: [GC [PSYoungGen: 13276K->320K(14848K)] 35737K->22788K(48640K), 0.0005730 secs] [Times: user=0.00 sys=0.00, real=0.00 secs] 
128.500: Total time for which application threads were stopped: 0.0656700 seconds, Stopping threads took: 0.0650210 seconds
128.579: Application time: 0.0788490 seconds
128.619: [GC [PSYoungGen: 13091K->1149K(14848K)] 35560K->23618K(48640K), 0.0006350 secs] [Times: user=0.00 sys=0.00, real=0.00 secs] 
128.619: Total time for which application threads were stopped: 0.0409390 seconds, Stopping threads took: 0.0402290 seconds
128.701: Application time: 0.0818820 seconds
128.767: [GC [PSYoungGen: 13745K->726K(14848K)] 36214K->23203K(48640K), 0.0006010 secs] [Times: user=0.00 sys=0.00, real=0.00 secs] 
128.768: Total time for which application threads were stopped: 0.0664120 seconds, Stopping threads took: 0.0657410 seconds
128.864: Application time: 0.0961540 seconds
128.929: [GC [PSYoungGen: 13518K->563K(14848K)] 35994K->23040K(48640K), 0.0005020 secs] [Times: user=0.00 sys=0.00, real=0.00 secs] 
128.929: Total time for which application threads were stopped: 0.0651000 seconds, Stopping threads took: 0.0645120 seconds
129.008: Application time: 0.0785240 seconds
129.051: [GC [PSYoungGen: 13335K->1376K(14848K)] 35812K->23861K(48640K), 0.0007440 secs] [Times: user=0.01 sys=0.00, real=0.00 secs] 
129.052: Total time for which application threads were stopped: 0.0444460 seconds, Stopping threads took: 0.0436090 seconds
129.155: Application time: 0.1027670 seconds
129.217: [GC [PSYoungGen: 14089K->1181K(14848K)] 36574K->23674K(48640K), 0.0006110 secs] [Times: user=0.00 sys=0.00, real=0.00 secs] 
129.218: Total time for which application threads were stopped: 0.0627490 seconds, Stopping threads took: 0.0620580 seconds
129.320: Application time: 0.1022350 seconds
129.385: [GC [PSYoungGen: 13699K->790K(14848K)] 36191K->23291K(48640K), 0.0006170 secs] [Times: user=0.00 sys=0.00, real=0.01 secs] 
129.385: Total time for which application threads were stopped: 0.0655850 seconds, Stopping threads took: 0.0648780 seconds
129.482: Application time: 0.0966670 seconds
129.549: [GC [PSYoungGen: 13503K->579K(14848K)] 36004K->23080K(48640K), 0.0005300 secs] [Times: user=0.00 sys=0.00, real=0.00 secs] 
129.550: Total time for which application threads were stopped: 0.0680010 seconds, Stopping threads took: 0.0674050 seconds
129.632: Application time: 0.0817630 seconds
129.689: [GC [PSYoungGen: 13292K->352K(14848K)] 35793K->22868K(48640K), 0.0005330 secs] [Times: user=0.00 sys=0.00, real=0.00 secs] 
129.690: Total time for which application threads were stopped: 0.0579030 seconds, Stopping threads took: 0.0572700 seconds
129.769: Application time: 0.0793530 seconds
129.808: [GC [PSYoungGen: 12967K->1149K(14848K)] 35484K->23674K(48640K), 0.0006610 secs] [Times: user=0.00 sys=0.00, real=0.00 secs] 
129.809: Total time for which application threads were stopped: 0.0400870 seconds, Stopping threads took: 0.0393310 seconds
129.915: Application time: 0.1057010 seconds
129.978: [GC [PSYoungGen: 13823K->790K(14848K)] 36348K->23315K(48640K), 0.0005330 secs] [Times: user=0.00 sys=0.00, real=0.00 secs] 
129.979: Total time for which application threads were stopped: 0.0641110 seconds, Stopping threads took: 0.0634850 seconds
130.070: Application time: 0.0911100 seconds
130.141: [GC [PSYoungGen: 13582K->547K(14848K)] 36106K->23072K(48640K), 0.0005290 secs] [Times: user=0.00 sys=0.00, real=0.00 secs] 
130.141: Total time for which application threads were stopped: 0.0710760 seconds, Stopping threads took: 0.0704610 seconds
130.226: Application time: 0.0852970 seconds
130.289: [GC [PSYoungGen: 13338K->320K(14848K)] 35863K->22844K(48640K), 0.0004690 secs] [Times: user=0.00 sys=0.00, real=0.00 secs] 
130.290: Total time for which application threads were stopped: 0.0630690 seconds, Stopping threads took: 0.0625280 seconds
130.368: Application time: 0.0787200 seconds
130.410: [GC [PSYoungGen: 13013K->1117K(14848K)] 35538K->23650K(48640K), 0.0006410 secs] [Times: user=0.01 sys=0.00, real=0.00 secs] 
130.410: Total time for which application threads were stopped: 0.0421390 seconds, Stopping threads took: 0.0414240 seconds
130.512: Application time: 0.1018100 seconds
130.584: [GC [PSYoungGen: 13791K->710K(14848K)] 36324K->23251K(48640K), 0.0004900 secs] [Times: user=0.00 sys=0.00, real=0.00 secs] 
130.584: Total time for which application threads were stopped: 0.0720070 seconds, Stopping threads took: 0.0714490 seconds
130.668: Application time: 0.0833980 seconds
130.724: [GC [PSYoungGen: 13423K->547K(14848K)] 35964K->23088K(48640K), 0.0004410 secs] [Times: user=0.01 sys=0.00, real=0.00 secs] 
130.725: Total time for which application threads were stopped: 0.0572820 seconds, Stopping threads took: 0.0567810 seconds
130.807: Application time: 0.0822780 seconds
130.871: [GC [PSYoungGen: 13338K->352K(14848K)] 35879K->22908K(48640K), 0.0004130 secs] [Times: user=0.00 sys=0.00, real=0.00 secs] 
130.872: Total time for which application threads were stopped: 0.0646680 seconds, Stopping threads took: 0.0641940 seconds
130.950: Application time: 0.0782510 seconds
130.990: [GC [PSYoungGen: 12967K->1881K(14848K)] 35524K->24836K(48640K), 0.0010170 secs] [Times: user=0.01 sys=0.00, real=0.00 secs] 
130.991: Total time for which application threads were stopped: 0.0413440 seconds, Stopping threads took: 0.0402500 seconds
131.075: Application time: 0.0837310 seconds
131.139: [GC [PSYoungGen: 14398K->758K(14848K)] 37354K->23722K(48640K), 0.0005300 secs] [Times: user=0.00 sys=0.00, real=0.00 secs] 
131.142: Total time for which application threads were stopped: 0.0664790 seconds, Stopping threads took: 0.0635890 seconds
131.243: Application time: 0.1010300 seconds
131.310: [GC [PSYoungGen: 13550K->547K(14848K)] 36513K->23518K(48640K), 0.0007650 secs] [Times: user=0.01 sys=0.00, real=0.00 secs] 
131.310: Total time for which application threads were stopped: 0.0675970 seconds, Stopping threads took: 0.0667610 seconds
131.394: Application time: 0.0837440 seconds
131.452: [GC [PSYoungGen: 13260K->288K(14848K)] 36231K->23259K(48640K), 0.0006000 secs] [Times: user=0.01 sys=0.00, real=0.00 secs] 
131.452: Total time for which application threads were stopped: 0.0581370 seconds, Stopping threads took: 0.0574730 seconds
131.530: Application time: 0.0777320 seconds
131.572: [GC [PSYoungGen: 12903K->2028K(14848K)] 35874K->25195K(48640K), 0.0008770 secs] [Times: user=0.01 sys=0.00, real=0.00 secs] 
131.573: Total time for which application threads were stopped: 0.0426690 seconds, Stopping threads took: 0.0416930 seconds
131.657: Application time: 0.0845640 seconds
131.727: [GC [PSYoungGen: 14702K->774K(14848K)] 37869K->23941K(48640K), 0.0005770 secs] [Times: user=0.00 sys=0.00, real=0.00 secs] 
131.728: Total time for which application threads were stopped: 0.0704440 seconds, Stopping threads took: 0.0697750 seconds
131.825: Application time: 0.0968990 seconds
131.891: [GC [PSYoungGen: 13448K->320K(14848K)] 36615K->23486K(48640K), 0.0004800 secs] [Times: user=0.00 sys=0.00, real=0.00 secs] 
131.892: Total time for which application threads were stopped: 0.0670650 seconds, Stopping threads took: 0.0665180 seconds
131.970: Application time: 0.0782000 seconds
132.012: [GC [PSYoungGen: 12935K->1165K(14848K)] 36102K->24332K(48640K), 0.0006250 secs] [Times: user=0.01 sys=0.00, real=0.00 secs] 
132.013: Total time for which application threads were stopped: 0.0430160 seconds, Stopping threads took: 0.0423230 seconds
132.097: Application time: 0.0846790 seconds
132.159: [GC [PSYoungGen: 13761K->710K(14848K)] 36928K->23885K(48640K), 0.0005240 secs] [Times: user=0.00 sys=0.00, real=0.00 secs] 
132.159: Total time for which application threads were stopped: 0.0616580 seconds, Stopping threads took: 0.0610560 seconds
132.254: Application time: 0.0952440 seconds
132.320: [GC [PSYoungGen: 13384K->352K(14848K)] 36559K->23542K(48640K), 0.0004770 secs] [Times: user=0.00 sys=0.00, real=0.00 secs] 
132.321: Total time for which application threads were stopped: 0.0664130 seconds, Stopping threads took: 0.0658630 seconds
132.400: Application time: 0.0793690 seconds
132.440: [GC [PSYoungGen: 12967K->1213K(14848K)] 36158K->24412K(48640K), 0.0006670 secs] [Times: user=0.00 sys=0.00, real=0.00 secs] 
132.441: Total time for which application threads were stopped: 0.0407120 seconds, Stopping threads took: 0.0399760 seconds
132.523: Application time: 0.0821230 seconds
132.582: [GC [PSYoungGen: 13731K->790K(14848K)] 36929K->24005K(48640K), 0.0007320 secs] [Times: user=0.00 sys=0.00, real=0.00 secs] 
132.583: Total time for which application threads were stopped: 0.0596910 seconds, Stopping threads took: 0.0588920 seconds
132.666: Application time: 0.0831830 seconds
132.731: [GC [PSYoungGen: 13503K->563K(14848K)] 36718K->23786K(48640K), 0.0004960 secs] [Times: user=0.00 sys=0.00, real=0.00 secs] 
132.731: Total time for which application threads were stopped: 0.0654620 seconds, Stopping threads took: 0.0648810 seconds
132.813: Application time: 0.0814530 seconds
132.874: [GC [PSYoungGen: 13354K->352K(14848K)] 36577K->23574K(48640K), 0.0004550 secs] [Times: user=0.00 sys=0.00, real=0.00 secs] 
132.874: Total time for which application threads were stopped: 0.0612330 seconds, Stopping threads took: 0.0607130 seconds
132.952: Application time: 0.0783020 seconds
132.995: [GC [PSYoungGen: 13045K->1865K(14848K)] 36268K->25486K(48640K), 0.0009200 secs] [Times: user=0.01 sys=0.00, real=0.00 secs] 
132.996: Total time for which application threads were stopped: 0.0432720 seconds, Stopping threads took: 0.0422840 seconds
133.079: Application time: 0.0837330 seconds
133.146: [GC [PSYoungGen: 14656K->2044K(14848K)] 38277K->25665K(48640K), 0.0008810 secs] [Times: user=0.00 sys=0.00, real=0.00 secs] 
133.147: Total time for which application threads were stopped: 0.0675480 seconds, Stopping threads took: 0.0665960 seconds
133.250: Application time: 0.1027410 seconds
133.319: [GC [PSYoungGen: 14835K->790K(14848K)] 38456K->24412K(48640K), 0.0006580 secs] [Times: user=0.00 sys=0.00, real=0.00 secs] 
133.320: Total time for which application threads were stopped: 0.0699760 seconds, Stopping threads took: 0.0692360 seconds
133.404: Application time: 0.0840400 seconds
133.445: [GC [PSYoungGen: 13503K->1637K(14848K)] 37125K->25267K(48640K), 0.0007820 secs] [Times: user=0.00 sys=0.00, real=0.01 secs] 
133.445: Total time for which application threads were stopped: 0.0416710 seconds, Stopping threads took: 0.0408190 seconds
133.527: Application time: 0.0813780 seconds
133.589: [GC [PSYoungGen: 14331K->1360K(14848K)] 37960K->24990K(48640K), 0.0006240 secs] [Times: user=0.00 sys=0.00, real=0.00 secs] 
133.589: Total time for which application threads were stopped: 0.0624800 seconds, Stopping threads took: 0.0617850 seconds
133.690: Application time: 0.1005280 seconds
133.753: [GC [PSYoungGen: 14073K->1133K(14848K)] 37703K->24762K(48640K), 0.0005900 secs] [Times: user=0.00 sys=0.00, real=0.01 secs] 
133.753: Total time for which application threads were stopped: 0.0634210 seconds, Stopping threads took: 0.0627620 seconds
133.838: Application time: 0.0852650 seconds
133.900: [GC [PSYoungGen: 13807K->742K(14848K)] 37437K->24388K(48640K), 0.0004930 secs] [Times: user=0.00 sys=0.00, real=0.00 secs] 
133.901: Total time for which application threads were stopped: 0.0620950 seconds, Stopping threads took: 0.0615280 seconds
133.982: Application time: 0.0811570 seconds
134.037: [GC [PSYoungGen: 13455K->579K(14848K)] 37101K->24240K(48640K), 0.0004900 secs] [Times: user=0.00 sys=0.00, real=0.00 secs] 
134.037: Total time for which application threads were stopped: 0.0554690 seconds, Stopping threads took: 0.0549100 seconds
134.120: Application time: 0.0827430 seconds
134.185: [GC [PSYoungGen: 13370K->368K(14848K)] 37032K->24029K(48640K), 0.0007490 secs] [Times: user=0.01 sys=0.00, real=0.01 secs] 
134.185: Total time for which application threads were stopped: 0.0654690 seconds, Stopping threads took: 0.0646330 seconds
134.264: Application time: 0.0782440 seconds
134.307: [GC [PSYoungGen: 13159K->1946K(14848K)] 36820K->26006K(48640K), 0.0012120 secs] [Times: user=0.00 sys=0.00, real=0.00 secs] 
134.308: Total time for which application threads were stopped: 0.0445090 seconds, Stopping threads took: 0.0432080 seconds
134.393: Application time: 0.0849640 seconds
134.462: [GC [PSYoungGen: 14562K->970K(14848K)] 38622K->25038K(48640K), 0.0006340 secs] [Times: user=0.00 sys=0.00, real=0.00 secs] 
134.462: Total time for which application threads were stopped: 0.0692980 seconds, Stopping threads took: 0.0685590 seconds
134.565: Application time: 0.1021360 seconds
134.629: [GC [PSYoungGen: 13761K->790K(14848K)] 37829K->24858K(48640K), 0.0006240 secs] [Times: user=0.00 sys=0.00, real=0.00 secs] 
134.629: Total time for which application threads were stopped: 0.0648660 seconds, Stopping threads took: 0.0641570 seconds
134.716: Application time: 0.0870160 seconds
134.785: [GC [PSYoungGen: 13503K->515K(14848K)] 37571K->24583K(48640K), 0.0005500 secs] [Times: user=0.00 sys=0.00, real=0.00 secs] 
134.785: Total time for which application threads were stopped: 0.0686420 seconds, Stopping threads took: 0.0680030 seconds
134.866: Application time: 0.0812230 seconds
134.934: [GC [PSYoungGen: 13306K->416K(14848K)] 37374K->24484K(48640K), 0.0006420 secs] [Times: user=0.01 sys=0.00, real=0.00 secs] 
134.935: Total time for which application threads were stopped: 0.0685110 seconds, Stopping threads took: 0.0677850 seconds
135.014: Application time: 0.0787040 seconds
135.055: [GC [PSYoungGen: 13188K->2028K(14848K)] 37256K->26299K(48640K), 0.0009360 secs] [Times: user=0.01 sys=0.00, real=0.00 secs] 
135.056: Total time for which application threads were stopped: 0.0424880 seconds, Stopping threads took: 0.0414710 seconds
135.139: Application time: 0.0834200 seconds
135.207: [GC [PSYoungGen: 14741K->970K(14848K)] 39012K->25249K(48640K), 0.0006160 secs] [Times: user=0.00 sys=0.00, real=0.00 secs] 
135.208: Total time for which application threads were stopped: 0.0686790 seconds, Stopping threads took: 0.0679940 seconds
135.305: Application time: 0.0971640 seconds
135.374: [GC [PSYoungGen: 13615K->547K(14848K)] 37895K->24834K(48640K), 0.0005070 secs] [Times: user=0.00 sys=0.00, real=0.00 secs] 
135.374: Total time for which application threads were stopped: 0.0689670 seconds, Stopping threads took: 0.0683930 seconds
135.457: Application time: 0.0830560 seconds
135.514: [GC [PSYoungGen: 13288K->336K(14848K)] 37575K->24631K(48640K), 0.0004300 secs] [Times: user=0.00 sys=0.00, real=0.00 secs] 
135.515: Total time for which application threads were stopped: 0.0576030 seconds, Stopping threads took: 0.0571070 seconds
135.593: Application time: 0.0777470 seconds
135.635: [GC [PSYoungGen: 12951K->1880K(14848K)] 37246K->26567K(48640K), 0.0009220 secs] [Times: user=0.01 sys=0.00, real=0.00 secs] 
135.636: Total time for which application threads were stopped: 0.0435770 seconds, Stopping threads took: 0.0425720 seconds
135.720: Application time: 0.0833260 seconds
135.784: [GC [PSYoungGen: 14574K->1898K(14848K)] 39260K->26592K(48640K), 0.0009670 secs] [Times: user=0.01 sys=0.00, real=0.00 secs] 
135.785: Total time for which application threads were stopped: 0.0651130 seconds, Stopping threads took: 0.0640720 seconds
135.888: Application time: 0.1030960 seconds
135.951: [GC [PSYoungGen: 14514K->563K(14848K)] 39208K->25257K(48640K), 0.0005070 secs] [Times: user=0.00 sys=0.00, real=0.00 secs] 
135.952: Total time for which application threads were stopped: 0.0641800 seconds, Stopping threads took: 0.0636030 seconds
136.033: Application time: 0.0813480 seconds
136.088: [GC [PSYoungGen: 13354K->320K(14848K)] 38048K->25022K(48640K), 0.0004460 secs] [Times: user=0.00 sys=0.00, real=0.00 secs] 
136.088: Total time for which application threads were stopped: 0.0551070 seconds, Stopping threads took: 0.0545990 seconds
136.089: Application time: 0.0008090 seconds
136.090: Total time for which application threads were stopped: 0.0003430 seconds, Stopping threads took: 0.0003250 seconds
136.166: Application time: 0.0768210 seconds
136.204: [GC [PSYoungGen: 13081K->1946K(14848K)] 37783K->27039K(48640K), 0.0009530 secs] [Times: user=0.00 sys=0.00, real=0.01 secs] 
136.205: Total time for which application threads were stopped: 0.0388550 seconds, Stopping threads took: 0.0372680 seconds
136.281: Application time: 0.0759950 seconds
136.290: Total time for which application threads were stopped: 0.0082450 seconds, Stopping threads took: 0.0081890 seconds
136.290: Application time: 0.0009120 seconds
136.291: Total time for which application threads were stopped: 0.0003850 seconds, Stopping threads took: 0.0003470 seconds
136.329: Application time: 0.0383230 seconds
136.364: [GC [PSYoungGen: 14659K->826K(14848K)] 39752K->25926K(48640K), 0.0006960 secs] [Times: user=0.01 sys=0.00, real=0.00 secs] 
136.364: Total time for which application threads were stopped: 0.0351410 seconds, Stopping threads took: 0.0343940 seconds
136.455: Application time: 0.0911760 seconds
136.509: [GC [PSYoungGen: 13532K->614K(14848K)] 38633K->25731K(48640K), 0.0006170 secs] [Times: user=0.00 sys=0.00, real=0.00 secs] 
136.510: Total time for which application threads were stopped: 0.0541440 seconds, Stopping threads took: 0.0534640 seconds
136.510: Application time: 0.0004770 seconds
136.510: Total time for which application threads were stopped: 0.0001100 seconds, Stopping threads took: 0.0000960 seconds
136.643: Application time: 0.1332820 seconds
136.685: Total time for which application threads were stopped: 0.0414980 seconds, Stopping threads took: 0.0414740 seconds
136.685: Application time: 0.0002720 seconds
136.685: [GC [PSYoungGen: 13376K->1395K(14848K)] 38492K->26512K(48640K), 0.0006340 secs] [Times: user=0.00 sys=0.00, real=0.00 secs] 
136.686: Total time for which application threads were stopped: 0.0006960 seconds, Stopping threads took: 0.0000130 seconds
136.766: Application time: 0.0799170 seconds
136.766: Total time for which application threads were stopped: 0.0000570 seconds, Stopping threads took: 0.0000330 seconds
136.917: Application time: 0.1511770 seconds
136.917: Total time for which application threads were stopped: 0.0000380 seconds, Stopping threads took: 0.0000220 seconds
136.918: Application time: 0.0009360 seconds
136.918: [GC [PSYoungGen: 13814K->2045K(14848K)] 38931K->29809K(48640K), 0.0013640 secs] [Times: user=0.01 sys=0.01, real=0.00 secs] 
136.920: Total time for which application threads were stopped: 0.0015880 seconds, Stopping threads took: 0.0001660 seconds
137.023: Application time: 0.1035240 seconds
137.091: [GC [PSYoungGen: 14513K->694K(14848K)] 42277K->28458K(48640K), 0.0005440 secs] [Times: user=0.00 sys=0.00, real=0.00 secs] 
137.092: Total time for which application threads were stopped: 0.0684370 seconds, Stopping threads took: 0.0678220 seconds
137.187: Application time: 0.0955560 seconds
137.250: [GC [PSYoungGen: 13351K->320K(14848K)] 41115K->28092K(48640K), 0.0006080 secs] [Times: user=0.00 sys=0.00, real=0.00 secs] 
137.250: Total time for which application threads were stopped: 0.0632670 seconds, Stopping threads took: 0.0625690 seconds
137.329: Application time: 0.0788530 seconds
137.371: [GC [PSYoungGen: 13021K->1101K(14848K)] 40793K->28881K(48640K), 0.0006380 secs] [Times: user=0.00 sys=0.00, real=0.00 secs] 
137.372: Total time for which application threads were stopped: 0.0428090 seconds, Stopping threads took: 0.0421000 seconds
137.457: Application time: 0.0844850 seconds
137.516: [GC [PSYoungGen: 13669K->710K(14848K)] 41450K->28490K(48640K), 0.0005070 secs] [Times: user=0.00 sys=0.00, real=0.00 secs] 
137.516: Total time for which application threads were stopped: 0.0595140 seconds, Stopping threads took: 0.0589410 seconds
137.611: Application time: 0.0953270 seconds
137.676: [GC [PSYoungGen: 13451K->515K(14848K)] 41231K->28303K(48640K), 0.0004630 secs] [Times: user=0.00 sys=0.00, real=0.00 secs] 
137.677: Total time for which application threads were stopped: 0.0655220 seconds, Stopping threads took: 0.0649940 seconds
137.758: Application time: 0.0812920 seconds
137.800: [GC [PSYoungGen: 13143K->1296K(14848K)] 40931K->29092K(48640K), 0.0008810 secs] [Times: user=0.00 sys=0.01, real=0.00 secs] 
137.801: Total time for which application threads were stopped: 0.0423230 seconds, Stopping threads took: 0.0413670 seconds
137.899: Application time: 0.0980810 seconds
137.964: [GC [PSYoungGen: 14012K->1117K(14848K)] 41808K->28913K(48640K), 0.0006640 secs] [Times: user=0.00 sys=0.00, real=0.00 secs] 
137.965: Total time for which application threads were stopped: 0.0661250 seconds, Stopping threads took: 0.0653610 seconds
138.047: Application time: 0.0824210 seconds
138.102: [GC [PSYoungGen: 13635K->694K(14848K)] 41431K->28498K(48640K), 0.0007390 secs] [Times: user=0.00 sys=0.00, real=0.00 secs] 
138.103: Total time for which application threads were stopped: 0.0555600 seconds, Stopping threads took: 0.0547300 seconds
138.188: Application time: 0.0856540 seconds
138.254: [GC [PSYoungGen: 13407K->547K(14848K)] 41211K->28351K(48640K), 0.0006630 secs] [Times: user=0.00 sys=0.00, real=0.00 secs] 
138.255: Total time for which application threads were stopped: 0.0660860 seconds, Stopping threads took: 0.0653370 seconds
138.334: Application time: 0.0791430 seconds
138.376: [GC [PSYoungGen: 13319K->1328K(14848K)] 41123K->29140K(48640K), 0.0008860 secs] [Times: user=0.00 sys=0.00, real=0.00 secs] 
138.377: Total time for which application threads were stopped: 0.0429020 seconds, Stopping threads took: 0.0419460 seconds
138.474: Application time: 0.0973920 seconds
138.543: [GC [PSYoungGen: 13807K->758K(14848K)] 41619K->28586K(48640K), 0.0005150 secs] [Times: user=0.00 sys=0.00, real=0.00 secs] 
138.544: Total time for which application threads were stopped: 0.0698420 seconds, Stopping threads took: 0.0692500 seconds
138.625: Application time: 0.0810330 seconds
138.691: [GC [PSYoungGen: 13432K->400K(14848K)] 41260K->28228K(48640K), 0.0006250 secs] [Times: user=0.00 sys=0.00, real=0.00 secs] 
138.692: Total time for which application threads were stopped: 0.0672040 seconds, Stopping threads took: 0.0664930 seconds
138.770: Application time: 0.0782740 seconds
138.811: [GC [PSYoungGen: 13171K->1881K(14848K)] 40999K->30099K(48640K), 0.0011560 secs] [Times: user=0.00 sys=0.00, real=0.00 secs] 
138.813: Total time for which application threads were stopped: 0.0421890 seconds, Stopping threads took: 0.0409400 seconds
138.897: Application time: 0.0842730 seconds
138.964: [GC [PSYoungGen: 14398K->758K(14848K)] 42617K->28977K(48640K), 0.0008060 secs] [Times: user=0.01 sys=0.00, real=0.01 secs] 
138.965: Total time for which application threads were stopped: 0.0683590 seconds, Stopping threads took: 0.0674610 seconds
139.052: Application time: 0.0867770 seconds
139.118: [GC [PSYoungGen: 13374K->1571K(14848K)] 41592K->29870K(48640K), 0.0007970 secs] [Times: user=0.01 sys=0.00, real=0.00 secs] 
139.119: Total time for which application threads were stopped: 0.0667410 seconds, Stopping threads took: 0.0658570 seconds
139.219: Application time: 0.1007640 seconds
139.284: [GC [PSYoungGen: 14284K->1360K(14848K)] 42583K->29691K(48640K), 0.0008440 secs] [Times: user=0.01 sys=0.00, real=0.00 secs] 
139.285: Total time for which application threads were stopped: 0.0651880 seconds, Stopping threads took: 0.0642640 seconds
139.392: Application time: 0.1073040 seconds
139.452: [GC [PSYoungGen: 14073K->1149K(14848K)] 42404K->29480K(48640K), 0.0006170 secs] [Times: user=0.00 sys=0.01, real=0.00 secs] 
139.452: Total time for which application threads were stopped: 0.0602780 seconds, Stopping threads took: 0.0595920 seconds
139.552: Application time: 0.0994200 seconds
139.616: [GC [PSYoungGen: 13667K->774K(14848K)] 41997K->29105K(48640K), 0.0007420 secs] [Times: user=0.01 sys=0.00, real=0.00 secs] 
139.617: Total time for which application threads were stopped: 0.0648470 seconds, Stopping threads took: 0.0640190 seconds
139.702: Application time: 0.0853230 seconds
139.771: [GC [PSYoungGen: 13487K->531K(14848K)] 41818K->28862K(48640K), 0.0006810 secs] [Times: user=0.00 sys=0.00, real=0.00 secs] 
139.772: Total time for which application threads were stopped: 0.0702200 seconds, Stopping threads took: 0.0694390 seconds
139.854: Application time: 0.0816840 seconds
139.919: [GC [PSYoungGen: 13322K->304K(14848K)] 41653K->28634K(48640K), 0.0004910 secs] [Times: user=0.01 sys=0.00, real=0.00 secs] 
139.920: Total time for which application threads were stopped: 0.0662680 seconds, Stopping threads took: 0.0657010 seconds
139.998: Application time: 0.0781170 seconds
140.038: [GC [PSYoungGen: 12997K->1181K(14848K)] 41328K->29512K(48640K), 0.0006290 secs] [Times: user=0.01 sys=0.00, real=0.00 secs] 
140.039: Total time for which application threads were stopped: 0.0404050 seconds, Stopping threads took: 0.0397090 seconds
140.143: Application time: 0.1047710 seconds
140.190: [GC [PSYoungGen: 13953K->1978K(14848K)] 42284K->30309K(48640K), 0.0007960 secs] [Times: user=0.00 sys=0.00, real=0.00 secs] 
140.191: Total time for which application threads were stopped: 0.0471990 seconds, Stopping threads took: 0.0463270 seconds
140.273: Application time: 0.0828920 seconds
140.342: [GC [PSYoungGen: 14750K->563K(14848K)] 43081K->28894K(48640K), 0.0004730 secs] [Times: user=0.00 sys=0.00, real=0.00 secs] 
140.343: Total time for which application threads were stopped: 0.0693330 seconds, Stopping threads took: 0.0687760 seconds
140.427: Application time: 0.0840350 seconds
140.472: [GC [PSYoungGen: 13335K->1344K(14848K)] 41665K->29675K(48640K), 0.0006430 secs] [Times: user=0.00 sys=0.00, real=0.00 secs] 
140.473: Total time for which application threads were stopped: 0.0457510 seconds, Stopping threads took: 0.0450400 seconds
140.574: Application time: 0.1016200 seconds
140.637: [GC [PSYoungGen: 14057K->1181K(14848K)] 42388K->29544K(48640K), 0.0006360 secs] [Times: user=0.01 sys=0.00, real=0.00 secs] 
140.638: Total time for which application threads were stopped: 0.0637250 seconds, Stopping threads took: 0.0629930 seconds
140.722: Application time: 0.0837220 seconds
140.782: [GC [PSYoungGen: 13699K->758K(14848K)] 42061K->29137K(48640K), 0.0006730 secs] [Times: user=0.00 sys=0.00, real=0.00 secs] 
140.783: Total time for which application threads were stopped: 0.0612740 seconds, Stopping threads took: 0.0605340 seconds
140.867: Application time: 0.0838850 seconds
140.930: [GC [PSYoungGen: 13374K->1556K(14848K)] 41752K->29966K(48640K), 0.0007570 secs] [Times: user=0.01 sys=0.00, real=0.00 secs] 
140.931: Total time for which application threads were stopped: 0.0644110 seconds, Stopping threads took: 0.0635780 seconds
141.016: Application time: 0.0847900 seconds
141.084: [GC [PSYoungGen: 14268K->1376K(14848K)] 42679K->29811K(48640K), 0.0006960 secs] [Times: user=0.01 sys=0.00, real=0.00 secs] 
141.085: Total time for which application threads were stopped: 0.0687940 seconds, Stopping threads took: 0.0680250 seconds
141.187: Application time: 0.1020900 seconds
141.242: [GC [PSYoungGen: 14089K->1181K(14848K)] 42524K->29616K(48640K), 0.0006140 secs] [Times: user=0.00 sys=0.00, real=0.00 secs] 
141.243: Total time for which application threads were stopped: 0.0562620 seconds, Stopping threads took: 0.0546210 seconds
141.329: Application time: 0.0857250 seconds
141.386: [GC [PSYoungGen: 13777K->774K(14848K)] 42211K->29209K(48640K), 0.0005850 secs] [Times: user=0.00 sys=0.00, real=0.00 secs] 
141.387: Total time for which application threads were stopped: 0.0577370 seconds, Stopping threads took: 0.0570620 seconds
141.482: Application time: 0.0957850 seconds
141.549: [GC [PSYoungGen: 13487K->611K(14848K)] 41922K->29046K(48640K), 0.0005390 secs] [Times: user=0.00 sys=0.00, real=0.00 secs] 
141.550: Total time for which application threads were stopped: 0.0671670 seconds, Stopping threads took: 0.0665480 seconds
141.637: Application time: 0.0871040 seconds
141.706: [GC [PSYoungGen: 13383K->1344K(14848K)] 41818K->29779K(48640K), 0.0008980 secs] [Times: user=0.00 sys=0.00, real=0.00 secs] 
141.707: Total time for which application threads were stopped: 0.0699900 seconds, Stopping threads took: 0.0689950 seconds
141.818: Application time: 0.1112900 seconds
141.875: [GC [PSYoungGen: 13901K->774K(14848K)] 42336K->29209K(48640K), 0.0005150 secs] [Times: user=0.00 sys=0.00, real=0.00 secs] 
141.876: Total time for which application threads were stopped: 0.0577130 seconds, Stopping threads took: 0.0570850 seconds
141.959: Application time: 0.0835510 seconds
142.016: [GC [PSYoungGen: 13487K->563K(14848K)] 41922K->28998K(48640K), 0.0005200 secs] [Times: user=0.01 sys=0.00, real=0.00 secs] 
142.017: Total time for which application threads were stopped: 0.0577430 seconds, Stopping threads took: 0.0571320 seconds
142.099: Application time: 0.0821390 seconds
142.165: [GC [PSYoungGen: 13276K->336K(14848K)] 41711K->28778K(48640K), 0.0004780 secs] [Times: user=0.00 sys=0.00, real=0.01 secs] 
142.166: Total time for which application threads were stopped: 0.0664830 seconds, Stopping threads took: 0.0659250 seconds
142.245: Application time: 0.0798080 seconds
142.286: [GC [PSYoungGen: 13029K->1149K(14848K)] 41472K->29600K(48640K), 0.0007420 secs] [Times: user=0.01 sys=0.00, real=0.00 secs] 
142.287: Total time for which application threads were stopped: 0.0413560 seconds, Stopping threads took: 0.0405400 seconds
142.371: Application time: 0.0844150 seconds
142.428: [GC [PSYoungGen: 13667K->774K(14848K)] 42117K->29233K(48640K), 0.0005960 secs] [Times: user=0.00 sys=0.00, real=0.00 secs] 
142.428: Total time for which application threads were stopped: 0.0570130 seconds, Stopping threads took: 0.0563210 seconds
142.511: Application time: 0.0827670 seconds
142.571: [GC [PSYoungGen: 13566K->579K(14848K)] 42024K->29046K(48640K), 0.0004500 secs] [Times: user=0.00 sys=0.00, real=0.00 secs] 
142.572: Total time for which application threads were stopped: 0.0607270 seconds, Stopping threads took: 0.0602100 seconds
142.653: Application time: 0.0817320 seconds
142.719: [GC [PSYoungGen: 13292K->336K(14848K)] 41759K->28810K(48640K), 0.0004580 secs] [Times: user=0.01 sys=0.00, real=0.00 secs] 
142.719: Total time for which application threads were stopped: 0.0659390 seconds, Stopping threads took: 0.0654040 seconds
142.799: Application time: 0.0799540 seconds
142.842: [GC [PSYoungGen: 13029K->1117K(14848K)] 41504K->29592K(48640K), 0.0007480 secs] [Times: user=0.00 sys=0.00, real=0.00 secs] 
142.842: Total time for which application threads were stopped: 0.0429860 seconds, Stopping threads took: 0.0421480 seconds
142.925: Application time: 0.0825480 seconds
142.998: [GC [PSYoungGen: 13713K->806K(14848K)] 42188K->29281K(48640K), 0.0006130 secs] [Times: user=0.01 sys=0.00, real=0.00 secs] 
142.998: Total time for which application threads were stopped: 0.0734060 seconds, Stopping threads took: 0.0726950 seconds
143.087: Application time: 0.0887220 seconds
143.153: [GC [PSYoungGen: 13519K->531K(14848K)] 41994K->29006K(48640K), 0.0005640 secs] [Times: user=0.00 sys=0.00, real=0.01 secs] 
143.153: Total time for which application threads were stopped: 0.0661830 seconds, Stopping threads took: 0.0655170 seconds
143.251: Application time: 0.0982250 seconds
143.293: [GC [PSYoungGen: 13224K->1424K(14848K)] 41699K->29899K(48640K), 0.0009500 secs] [Times: user=0.00 sys=0.00, real=0.01 secs] 
143.294: Total time for which application threads were stopped: 0.0426430 seconds, Stopping threads took: 0.0416030 seconds
143.384: Application time: 0.0895030 seconds
143.453: [GC [PSYoungGen: 13903K->758K(14848K)] 42378K->29233K(48640K), 0.0006490 secs] [Times: user=0.00 sys=0.00, real=0.00 secs] 
143.454: Total time for which application threads were stopped: 0.0704250 seconds, Stopping threads took: 0.0696800 seconds
143.541: Application time: 0.0874650 seconds
143.597: [GC [PSYoungGen: 13550K->1978K(14848K)] 42024K->31250K(48640K), 0.0009910 secs] [Times: user=0.01 sys=0.00, real=0.00 secs] 
143.598: Total time for which application threads were stopped: 0.0564680 seconds, Stopping threads took: 0.0554060 seconds
143.703: Application time: 0.1048050 seconds
143.776: [GC [PSYoungGen: 14769K->368K(14848K)] 44041K->29640K(48640K), 0.0005630 secs] [Times: user=0.00 sys=0.00, real=0.00 secs] 
143.777: Total time for which application threads were stopped: 0.0739440 seconds, Stopping threads took: 0.0733080 seconds
143.862: Application time: 0.0851340 seconds
143.906: [GC [PSYoungGen: 13081K->1946K(14848K)] 42353K->31617K(48640K), 0.0010390 secs] [Times: user=0.01 sys=0.00, real=0.00 secs] 
143.907: Total time for which application threads were stopped: 0.0453130 seconds, Stopping threads took: 0.0441880 seconds
143.998: Application time: 0.0904460 seconds
144.073: [GC [PSYoungGen: 14366K->710K(14848K)] 44037K->30389K(48640K), 0.0005740 secs] [Times: user=0.00 sys=0.00, real=0.01 secs] 
144.074: Total time for which application threads were stopped: 0.0760100 seconds, Stopping threads took: 0.0753380 seconds
144.162: Application time: 0.0886760 seconds
144.239: [GC [PSYoungGen: 13501K->595K(14848K)] 43180K->30274K(48640K), 0.0005250 secs] [Times: user=0.01 sys=0.00, real=0.00 secs] 
144.239: Total time for which application threads were stopped: 0.0771250 seconds, Stopping threads took: 0.0765110 seconds
144.329: Application time: 0.0896230 seconds
144.371: [GC [PSYoungGen: 13093K->1181K(14848K)] 42772K->30860K(48640K), 0.0006430 secs] [Times: user=0.01 sys=0.00, real=0.00 secs] 
144.371: Total time for which application threads were stopped: 0.0424410 seconds, Stopping threads took: 0.0417260 seconds
144.468: Application time: 0.0962370 seconds
144.541: [GC [PSYoungGen: 13894K->970K(14848K)] 43573K->30656K(48640K), 0.0007170 secs] [Times: user=0.00 sys=0.00, real=0.00 secs] 
144.542: Total time for which application threads were stopped: 0.0740620 seconds, Stopping threads took: 0.0732680 seconds
144.631: Application time: 0.0892650 seconds
144.695: [GC [PSYoungGen: 13683K->758K(14848K)] 43369K->30445K(48640K), 0.0005630 secs] [Times: user=0.00 sys=0.00, real=0.00 secs] 
144.696: Total time for which application threads were stopped: 0.0647850 seconds, Stopping threads took: 0.0641480 seconds
144.798: Application time: 0.1025470 seconds
144.870: [GC [PSYoungGen: 13471K->547K(14848K)] 43158K->30242K(48640K), 0.0005150 secs] [Times: user=0.00 sys=0.00, real=0.00 secs] 
144.871: Total time for which application threads were stopped: 0.0726380 seconds, Stopping threads took: 0.0720530 seconds
144.959: Application time: 0.0876360 seconds
145.023: [GC [PSYoungGen: 13260K->336K(14848K)] 42955K->30030K(48640K), 0.0005640 secs] [Times: user=0.00 sys=0.00, real=0.00 secs] 
145.024: Total time for which application threads were stopped: 0.0653150 seconds, Stopping threads took: 0.0646810 seconds
145.110: Application time: 0.0862600 seconds
145.155: [GC [PSYoungGen: 12795K->774K(14848K)] 42490K->30477K(48640K), 0.0008060 secs] [Times: user=0.00 sys=0.00, real=0.00 secs] 
145.156: Total time for which application threads were stopped: 0.0457820 seconds, Stopping threads took: 0.0448950 seconds
145.245: Application time: 0.0885600 seconds
145.316: [GC [PSYoungGen: 13527K->336K(14848K)] 43229K->30046K(48640K), 0.0007690 secs] [Times: user=0.00 sys=0.00, real=0.00 secs] 
145.317: Total time for which application threads were stopped: 0.0726700 seconds, Stopping threads took: 0.0718110 seconds
145.403: Application time: 0.0857670 seconds
145.446: [GC [PSYoungGen: 12951K->2028K(14848K)] 42662K->31934K(48640K), 0.0009640 secs] [Times: user=0.00 sys=0.00, real=0.00 secs] 
145.447: Total time for which application threads were stopped: 0.0441200 seconds, Stopping threads took: 0.0430590 seconds
145.538: Application time: 0.0907650 seconds
145.612: [GC [PSYoungGen: 14819K->970K(14848K)] 44725K->30884K(48640K), 0.0007900 secs] [Times: user=0.01 sys=0.00, real=0.01 secs] 
145.613: Total time for which application threads were stopped: 0.0752360 seconds, Stopping threads took: 0.0743460 seconds
145.719: Application time: 0.1053950 seconds
145.787: [GC [PSYoungGen: 13682K->694K(14848K)] 43596K->30616K(48640K), 0.0006310 secs] [Times: user=0.00 sys=0.00, real=0.00 secs] 
145.788: Total time for which application threads were stopped: 0.0694350 seconds, Stopping threads took: 0.0687240 seconds
145.875: Application time: 0.0873910 seconds
145.943: [GC [PSYoungGen: 13485K->563K(14848K)] 43407K->30493K(48640K), 0.0005530 secs] [Times: user=0.00 sys=0.00, real=0.00 secs] 
145.944: Total time for which application threads were stopped: 0.0683570 seconds, Stopping threads took: 0.0677280 seconds
146.034: Application time: 0.0905910 seconds
146.097: [GC [PSYoungGen: 13276K->1930K(14848K)] 43206K->32454K(48640K), 0.0010470 secs] [Times: user=0.00 sys=0.00, real=0.00 secs] 
146.098: Total time for which application threads were stopped: 0.0635790 seconds, Stopping threads took: 0.0624550 seconds
146.188: Application time: 0.0905470 seconds
146.257: [GC [PSYoungGen: 14643K->1930K(14848K)] 45167K->32845K(48640K), 0.0009460 secs] [Times: user=0.01 sys=0.00, real=0.00 secs] 
146.258: Total time for which application threads were stopped: 0.0697650 seconds, Stopping threads took: 0.0682180 seconds
146.350: Application time: 0.0916370 seconds
146.413: [GC [PSYoungGen: 14643K->1930K(14848K)] 45558K->33040K(48640K), 0.0009150 secs] [Times: user=0.01 sys=0.00, real=0.01 secs] 
146.414: Total time for which application threads were stopped: 0.0637270 seconds, Stopping threads took: 0.0627220 seconds
146.504: Application time: 0.0900220 seconds
146.578: [GC [PSYoungGen: 14546K->742K(14848K)] 45655K->31860K(48640K), 0.0006370 secs] [Times: user=0.00 sys=0.00, real=0.00 secs] 
146.579: Total time for which application threads were stopped: 0.0749980 seconds, Stopping threads took: 0.0742630 seconds
146.667: Application time: 0.0887720 seconds
146.738: [GC [PSYoungGen: 13455K->547K(14848K)] 44573K->31673K(48640K), 0.0006730 secs] [Times: user=0.00 sys=0.00, real=0.00 secs] 
146.738: Total time for which application threads were stopped: 0.0710460 seconds, Stopping threads took: 0.0702920 seconds
146.824: Application time: 0.0854350 seconds
146.871: [GC [PSYoungGen: 13319K->1344K(14848K)] 44445K->32470K(48640K), 0.0007780 secs] [Times: user=0.00 sys=0.00, real=0.00 secs] 
146.871: Total time for which application threads were stopped: 0.0475970 seconds, Stopping threads took: 0.0467440 seconds
146.971: Application time: 0.0996000 seconds
147.029: [GC [PSYoungGen: 13960K->1703K(14848K)] 45086K->32829K(48640K), 0.0009550 secs] [Times: user=0.00 sys=0.00, real=0.00 secs] 
147.030: Total time for which application threads were stopped: 0.0592480 seconds, Stopping threads took: 0.0581790 seconds
147.133: Application time: 0.1025520 seconds
147.198: [GC [PSYoungGen: 14318K->336K(14848K)] 45444K->31461K(48640K), 0.0007160 secs] [Times: user=0.00 sys=0.00, real=0.00 secs] 
147.199: Total time for which application threads were stopped: 0.0657270 seconds, Stopping threads took: 0.0649380 seconds
147.278: Application time: 0.0792740 seconds
147.317: [GC [PSYoungGen: 12951K->1165K(14848K)] 44077K->32291K(48640K), 0.0007410 secs] [Times: user=0.00 sys=0.00, real=0.00 secs] 
147.318: Total time for which application threads were stopped: 0.0403630 seconds, Stopping threads took: 0.0395400 seconds
147.404: Application time: 0.0860090 seconds
147.467: [GC [PSYoungGen: 13878K->954K(14848K)] 45004K->32087K(48640K), 0.0006310 secs] [Times: user=0.00 sys=0.00, real=0.00 secs] 
147.467: Total time for which application threads were stopped: 0.0631490 seconds, Stopping threads took: 0.0624510 seconds
147.567: Application time: 0.0992540 seconds
147.630: [GC [PSYoungGen: 13667K->790K(14848K)] 44800K->31940K(48640K), 0.0005290 secs] [Times: user=0.00 sys=0.00, real=0.00 secs] 
147.630: Total time for which application threads were stopped: 0.0636770 seconds, Stopping threads took: 0.0630670 seconds
147.728: Application time: 0.0979800 seconds
147.797: [GC [PSYoungGen: 13503K->579K(14848K)] 44653K->31729K(48640K), 0.0005820 secs] [Times: user=0.01 sys=0.00, real=0.00 secs] 
147.797: Total time for which application threads were stopped: 0.0688530 seconds, Stopping threads took: 0.0681740 seconds
147.878: Application time: 0.0811820 seconds
147.945: [GC [PSYoungGen: 13370K->368K(14848K)] 44520K->31525K(48640K), 0.0005650 secs] [Times: user=0.00 sys=0.00, real=0.00 secs] 
147.946: Total time for which application threads were stopped: 0.0675850 seconds, Stopping threads took: 0.0669510 seconds
148.024: Application time: 0.0778810 seconds
148.064: [GC [PSYoungGen: 13081K->1881K(14848K)] 44239K->34601K(48640K), 0.0011830 secs] [Times: user=0.00 sys=0.00, real=0.00 secs] 
148.065: Total time for which application threads were stopped: 0.0410240 seconds, Stopping threads took: 0.0397660 seconds
148.146: Application time: 0.0814230 seconds
148.218: [GC [PSYoungGen: 14301K->790K(14848K)] 47021K->33519K(48640K), 0.0006860 secs] [Times: user=0.00 sys=0.00, real=0.00 secs] 
148.219: Total time for which application threads were stopped: 0.0725150 seconds, Stopping threads took: 0.0717480 seconds
148.301: Application time: 0.0820930 seconds
148.368: [GC [PSYoungGen: 13503K->579K(14848K)] 46232K->33307K(48640K), 0.0006580 secs] [Times: user=0.00 sys=0.00, real=0.00 secs] 
148.368: Total time for which application threads were stopped: 0.0674550 seconds, Stopping threads took: 0.0667040 seconds
148.446: Application time: 0.0779970 seconds
148.486: [GC [PSYoungGen: 13312K->1133K(14848K)] 46041K->33861K(48640K), 0.0006080 secs] [Times: user=0.00 sys=0.00, real=0.00 secs] 
148.487: Total time for which application threads were stopped: 0.0405120 seconds, Stopping threads took: 0.0398090 seconds
148.571: Application time: 0.0838580 seconds
148.624: [GC [PSYoungGen: 13807K->742K(14848K)] 46536K->33471K(48640K), 0.0004800 secs] [Times: user=0.00 sys=0.00, real=0.00 secs] 
148.625: Total time for which application threads were stopped: 0.0540710 seconds, Stopping threads took: 0.0535240 seconds
148.723: Application time: 0.0982460 seconds
148.788: [GC [PSYoungGen: 13455K->579K(14848K)] 46184K->33307K(48640K), 0.0005330 secs] [Times: user=0.00 sys=0.00, real=0.00 secs] 
148.789: Total time for which application threads were stopped: 0.0657880 seconds, Stopping threads took: 0.0651810 seconds
148.871: Application time: 0.0821470 seconds
148.936: [GC [PSYoungGen: 13370K->336K(14848K)] 46099K->33064K(48640K), 0.0005660 secs] [Times: user=0.01 sys=0.00, real=0.00 secs] 
148.936: Total time for which application threads were stopped: 0.0653530 seconds, Stopping threads took: 0.0647020 seconds
149.015: Application time: 0.0789620 seconds
149.057: [GC [PSYoungGen: 13049K->1962K(14848K)] 45777K->35089K(48640K), 0.0010360 secs] [Times: user=0.00 sys=0.00, real=0.00 secs] 
149.058: [Full GC [PSYoungGen: 1962K->0K(14848K)] [ParOldGen: 33127K->3304K(33792K)] 35089K->3304K(48640K) [PSPermGen: 5146K->5146K(21504K)], 0.0047350 secs] [Times: user=0.02 sys=0.00, real=0.00 secs] 
149.063: Total time for which application threads were stopped: 0.0475770 seconds, Stopping threads took: 0.0416810 seconds
149.152: Application time: 0.0895860 seconds
149.219: [GC [PSYoungGen: 12791K->1949K(14848K)] 16095K->5254K(48640K), 0.0007460 secs] [Times: user=0.01 sys=0.00, real=0.00 secs] 
149.220: Total time for which application threads were stopped: 0.0677160 seconds, Stopping threads took: 0.0668760 seconds
149.324: Application time: 0.1033010 seconds
149.390: [GC [PSYoungGen: 14565K->550K(14848K)] 17869K->3855K(48640K), 0.0004740 secs] [Times: user=0.00 sys=0.00, real=0.00 secs] 
149.390: Total time for which application threads were stopped: 0.0666620 seconds, Stopping threads took: 0.0661090 seconds
149.473: Application time: 0.0832610 seconds
149.536: [GC [PSYoungGen: 13263K->419K(14848K)] 16568K->3723K(48640K), 0.0003670 secs] [Times: user=0.00 sys=0.00, real=0.00 secs] 
149.537: Total time for which application threads were stopped: 0.0634450 seconds, Stopping threads took: 0.0630140 seconds
149.632: Application time: 0.0947050 seconds
149.695: [GC [PSYoungGen: 13132K->160K(14848K)] 16436K->3464K(48640K), 0.0004410 secs] [Times: user=0.00 sys=0.00, real=0.00 secs] 
149.695: Total time for which application threads were stopped: 0.0635800 seconds, Stopping threads took: 0.0630730 seconds
149.772: Application time: 0.0771490 seconds
149.813: [GC [PSYoungGen: 12775K->1916K(14848K)] 16079K->5416K(48640K), 0.0008350 secs] [Times: user=0.00 sys=0.00, real=0.01 secs] 
149.814: Total time for which application threads were stopped: 0.0414860 seconds, Stopping threads took: 0.0405740 seconds
149.923: Application time: 0.1087770 seconds
149.986: [GC [PSYoungGen: 14668K->614K(14848K)] 18168K->4114K(48640K), 0.0004480 secs] [Times: user=0.00 sys=0.00, real=0.00 secs] 
149.987: Total time for which application threads were stopped: 0.0641960 seconds, Stopping threads took: 0.0636660 seconds
150.067: Application time: 0.0800080 seconds
150.107: [GC [PSYoungGen: 13308K->1411K(14848K)] 16808K->4911K(48640K), 0.0007040 secs] [Times: user=0.00 sys=0.00, real=0.00 secs] 
150.108: Total time for which application threads were stopped: 0.0409560 seconds, Stopping threads took: 0.0401820 seconds
150.208: Application time: 0.1002410 seconds
150.271: [GC [PSYoungGen: 14203K->1280K(14848K)] 17703K->4780K(48640K), 0.0006000 secs] [Times: user=0.00 sys=0.00, real=0.00 secs] 
150.272: Total time for which application threads were stopped: 0.0640180 seconds, Stopping threads took: 0.0633500 seconds
150.378: Application time: 0.1055720 seconds
150.438: [GC [PSYoungGen: 13993K->1133K(14848K)] 17493K->4633K(48640K), 0.0005540 secs] [Times: user=0.00 sys=0.00, real=0.00 secs] 
150.439: Total time for which application threads were stopped: 0.0612670 seconds, Stopping threads took: 0.0606510 seconds
150.521: Application time: 0.0818590 seconds
150.584: [GC [PSYoungGen: 13807K->774K(14848K)] 17307K->4274K(48640K), 0.0005300 secs] [Times: user=0.00 sys=0.00, real=0.00 secs] 
150.585: Total time for which application threads were stopped: 0.0638050 seconds, Stopping threads took: 0.0631850 seconds
150.667: Application time: 0.0827860 seconds
150.721: [GC [PSYoungGen: 13565K->579K(14848K)] 17065K->4079K(48640K), 0.0004990 secs] [Times: user=0.01 sys=0.00, real=0.00 secs] 
150.721: Total time for which application threads were stopped: 0.0540560 seconds, Stopping threads took: 0.0534860 seconds
150.803: Application time: 0.0821180 seconds
150.868: [GC [PSYoungGen: 13292K->352K(14848K)] 16792K->3851K(48640K), 0.0004100 secs] [Times: user=0.00 sys=0.00, real=0.00 secs] 
150.868: Total time for which application threads were stopped: 0.0644700 seconds, Stopping threads took: 0.0639920 seconds
150.946: Application time: 0.0776670 seconds
150.988: [GC [PSYoungGen: 12967K->1165K(14848K)] 16467K->4665K(48640K), 0.0005550 secs] [Times: user=0.01 sys=0.00, real=0.00 secs] 
150.989: Total time for which application threads were stopped: 0.0433410 seconds, Stopping threads took: 0.0427220 seconds
151.073: Application time: 0.0842490 seconds
151.129: [GC [PSYoungGen: 13683K->742K(14848K)] 17182K->4242K(48640K), 0.0005980 secs] [Times: user=0.01 sys=0.00, real=0.00 secs] 
151.130: Total time for which application threads were stopped: 0.0567180 seconds, Stopping threads took: 0.0560420 seconds
151.213: Application time: 0.0829310 seconds
151.278: [GC [PSYoungGen: 13533K->563K(14848K)] 17033K->4063K(48640K), 0.0004840 secs] [Times: user=0.00 sys=0.00, real=0.00 secs] 
151.280: Total time for which application threads were stopped: 0.0668300 seconds, Stopping threads took: 0.0652080 seconds
151.360: Application time: 0.0800110 seconds
151.400: [GC [PSYoungGen: 13335K->1360K(14848K)] 16834K->4892K(48640K), 0.0006570 secs] [Times: user=0.00 sys=0.00, real=0.00 secs] 
151.401: Total time for which application threads were stopped: 0.0410380 seconds, Stopping threads took: 0.0403100 seconds
151.507: Application time: 0.1062920 seconds
151.569: [GC [PSYoungGen: 14073K->1149K(14848K)] 17605K->4681K(48640K), 0.0005360 secs] [Times: user=0.01 sys=0.00, real=0.00 secs] 
151.570: Total time for which application threads were stopped: 0.0624700 seconds, Stopping threads took: 0.0618640 seconds
151.666: Application time: 0.0968050 seconds
151.732: [GC [PSYoungGen: 13745K->742K(14848K)] 17277K->4274K(48640K), 0.0005590 secs] [Times: user=0.00 sys=0.00, real=0.00 secs] 
151.732: Total time for which application threads were stopped: 0.0657510 seconds, Stopping threads took: 0.0651130 seconds
151.815: Application time: 0.0830530 seconds
151.879: [GC [PSYoungGen: 13533K->499K(14848K)] 17065K->4031K(48640K), 0.0004880 secs] [Times: user=0.01 sys=0.00, real=0.00 secs] 
151.879: Total time for which application threads were stopped: 0.0643050 seconds, Stopping threads took: 0.0637510 seconds
151.960: Application time: 0.0804180 seconds
152.027: [GC [PSYoungGen: 13212K->352K(14848K)] 16744K->3883K(48640K), 0.0006140 secs] [Times: user=0.00 sys=0.00, real=0.00 secs] 
152.027: Total time for which application threads were stopped: 0.0673430 seconds, Stopping threads took: 0.0666590 seconds
152.105: Application time: 0.0781800 seconds
152.148: [GC [PSYoungGen: 13124K->1117K(14848K)] 16655K->4673K(48640K), 0.0005760 secs] [Times: user=0.00 sys=0.00, real=0.00 secs] 
152.149: Total time for which application threads were stopped: 0.0433730 seconds, Stopping threads took: 0.0427230 seconds
152.232: Application time: 0.0830120 seconds
152.294: [GC [PSYoungGen: 13635K->710K(14848K)] 17190K->4274K(48640K), 0.0007350 secs] [Times: user=0.00 sys=0.00, real=0.00 secs] 
152.295: Total time for which application threads were stopped: 0.0631150 seconds, Stopping threads took: 0.0623050 seconds
152.379: Application time: 0.0841410 seconds
152.444: [GC [PSYoungGen: 13502K->547K(14848K)] 17065K->4119K(48640K), 0.0004720 secs] [Times: user=0.00 sys=0.00, real=0.00 secs] 
152.444: Total time for which application threads were stopped: 0.0651540 seconds, Stopping threads took: 0.0646120 seconds
152.525: Application time: 0.0809090 seconds
152.580: [GC [PSYoungGen: 13338K->352K(14848K)] 16910K->3923K(48640K), 0.0004230 secs] [Times: user=0.00 sys=0.00, real=0.00 secs] 
152.580: Total time for which application threads were stopped: 0.0553230 seconds, Stopping threads took: 0.0548310 seconds
152.662: Application time: 0.0817260 seconds
152.711: [GC [PSYoungGen: 12967K->1149K(14848K)] 16539K->4745K(48640K), 0.0006560 secs] [Times: user=0.01 sys=0.00, real=0.00 secs] 
152.712: Total time for which application threads were stopped: 0.0493080 seconds, Stopping threads took: 0.0485810 seconds
152.795: Application time: 0.0837170 seconds
152.860: [GC [PSYoungGen: 13667K->758K(14848K)] 17262K->4362K(48640K), 0.0007220 secs] [Times: user=0.00 sys=0.00, real=0.00 secs] 
152.860: Total time for which application threads were stopped: 0.0652000 seconds, Stopping threads took: 0.0643800 seconds
152.942: Application time: 0.0812470 seconds
153.007: [GC [PSYoungGen: 13471K->547K(14848K)] 17075K->4151K(48640K), 0.0004590 secs] [Times: user=0.00 sys=0.00, real=0.00 secs] 
153.008: Total time for which application threads were stopped: 0.0660890 seconds, Stopping threads took: 0.0655420 seconds
153.104: Application time: 0.0965550 seconds
153.163: [GC [PSYoungGen: 13338K->336K(14848K)] 16942K->3939K(48640K), 0.0004140 secs] [Times: user=0.00 sys=0.00, real=0.00 secs] 
153.164: Total time for which application threads were stopped: 0.0594320 seconds, Stopping threads took: 0.0589370 seconds
153.243: Application time: 0.0795030 seconds
153.284: [GC [PSYoungGen: 13029K->1149K(14848K)] 16633K->4753K(48640K), 0.0005980 secs] [Times: user=0.00 sys=0.00, real=0.00 secs] 
153.285: Total time for which application threads were stopped: 0.0417060 seconds, Stopping threads took: 0.0410340 seconds
153.391: Application time: 0.1056490 seconds
153.455: [GC [PSYoungGen: 13667K->758K(14848K)] 17270K->4378K(48640K), 0.0005430 secs] [Times: user=0.00 sys=0.00, real=0.00 secs] 
153.456: Total time for which application threads were stopped: 0.0652080 seconds, Stopping threads took: 0.0645840 seconds
153.544: Application time: 0.0883270 seconds
153.600: [GC [PSYoungGen: 13530K->1572K(14848K)] 17150K->5199K(48640K), 0.0006870 secs] [Times: user=0.00 sys=0.00, real=0.00 secs] 
153.601: Total time for which application threads were stopped: 0.0565530 seconds, Stopping threads took: 0.0557900 seconds
153.698: Application time: 0.0968580 seconds
153.765: [GC [PSYoungGen: 14363K->1344K(14848K)] 17990K->4972K(48640K), 0.0007110 secs] [Times: user=0.00 sys=0.00, real=0.00 secs] 
153.766: Total time for which application threads were stopped: 0.0686340 seconds, Stopping threads took: 0.0678530 seconds
153.866: Application time: 0.0998040 seconds
153.934: [GC [PSYoungGen: 13901K->726K(14848K)] 17529K->4362K(48640K), 0.0005600 secs] [Times: user=0.00 sys=0.00, real=0.00 secs] 
153.934: Total time for which application threads were stopped: 0.0683160 seconds, Stopping threads took: 0.0676870 seconds
154.023: Application time: 0.0888610 seconds
154.096: [GC [PSYoungGen: 13439K->563K(14848K)] 17075K->4215K(48640K), 0.0006570 secs] [Times: user=0.00 sys=0.00, real=0.00 secs] 
154.096: Total time for which application threads were stopped: 0.0731810 seconds, Stopping threads took: 0.0724200 seconds
154.180: Application time: 0.0838620 seconds
154.231: [GC [PSYoungGen: 13276K->288K(14848K)] 16928K->3939K(48640K), 0.0003840 secs] [Times: user=0.00 sys=0.00, real=0.00 secs] 
154.231: Total time for which application threads were stopped: 0.0512310 seconds, Stopping threads took: 0.0507800 seconds
154.310: Application time: 0.0780840 seconds
154.350: [GC [PSYoungGen: 12903K->1149K(14848K)] 16555K->4809K(48640K), 0.0006070 secs] [Times: user=0.01 sys=0.00, real=0.00 secs] 
154.351: Total time for which application threads were stopped: 0.0413240 seconds, Stopping threads took: 0.0406450 seconds
154.434: Application time: 0.0832670 seconds
154.498: [GC [PSYoungGen: 13667K->758K(14848K)] 17326K->4418K(48640K), 0.0004740 secs] [Times: user=0.00 sys=0.00, real=0.00 secs] 
154.499: Total time for which application threads were stopped: 0.0645760 seconds, Stopping threads took: 0.0640290 seconds
154.589: Application time: 0.0901050 seconds
154.661: [GC [PSYoungGen: 13549K->531K(14848K)] 17209K->4199K(48640K), 0.0005940 secs] [Times: user=0.00 sys=0.00, real=0.00 secs] 
154.662: Total time for which application threads were stopped: 0.0729860 seconds, Stopping threads took: 0.0722950 seconds
154.745: Application time: 0.0828700 seconds
154.798: [GC [PSYoungGen: 13244K->304K(14848K)] 16912K->3979K(48640K), 0.0003920 secs] [Times: user=0.00 sys=0.00, real=0.00 secs] 
154.799: Total time for which application threads were stopped: 0.0540570 seconds, Stopping threads took: 0.0535950 seconds
154.877: Application time: 0.0779490 seconds
154.916: [GC [PSYoungGen: 13017K->1897K(14848K)] 16692K->7135K(48640K), 0.0012200 secs] [Times: user=0.01 sys=0.00, real=0.00 secs] 
154.917: Total time for which application threads were stopped: 0.0404760 seconds, Stopping threads took: 0.0391850 seconds
155.021: Application time: 0.1039480 seconds
155.088: [GC [PSYoungGen: 14473K->742K(14848K)] 19711K->5981K(48640K), 0.0007360 secs] [Times: user=0.00 sys=0.00, real=0.00 secs] 
155.089: Total time for which application threads were stopped: 0.0678310 seconds, Stopping threads took: 0.0670010 seconds
155.183: Application time: 0.0942220 seconds
155.253: [GC [PSYoungGen: 13533K->563K(14848K)] 18772K->5801K(48640K), 0.0005050 secs] [Times: user=0.01 sys=0.00, real=0.01 secs] 
155.253: Total time for which application threads were stopped: 0.0699870 seconds, Stopping threads took: 0.0693870 seconds
155.332: Application time: 0.0783400 seconds
155.373: [GC [PSYoungGen: 13335K->1328K(14848K)] 18573K->6575K(48640K), 0.0006730 secs] [Times: user=0.00 sys=0.00, real=0.00 secs] 
155.374: Total time for which application threads were stopped: 0.0426250 seconds, Stopping threads took: 0.0418840 seconds
155.477: Application time: 0.1024880 seconds
155.535: [GC [PSYoungGen: 14120K->1165K(14848K)] 19366K->6419K(48640K), 0.0007520 secs] [Times: user=0.01 sys=0.00, real=0.00 secs] 
155.535: Total time for which application threads were stopped: 0.0587250 seconds, Stopping threads took: 0.0578780 seconds
155.620: Application time: 0.0841950 seconds
155.673: [GC [PSYoungGen: 13683K->742K(14848K)] 18937K->5997K(48640K), 0.0007420 secs] [Times: user=0.01 sys=0.00, real=0.01 secs] 
155.674: Total time for which application threads were stopped: 0.0540680 seconds, Stopping threads took: 0.0532460 seconds
155.754: Application time: 0.0804490 seconds
155.820: [GC [PSYoungGen: 13534K->547K(14848K)] 18788K->5809K(48640K), 0.0005990 secs] [Times: user=0.00 sys=0.00, real=0.00 secs] 
155.821: Total time for which application threads were stopped: 0.0664740 seconds, Stopping threads took: 0.0657930 seconds
155.903: Application time: 0.0824970 seconds
155.961: [GC [PSYoungGen: 13260K->304K(14848K)] 18522K->5574K(48640K), 0.0006220 secs] [Times: user=0.00 sys=0.00, real=0.00 secs] 
155.962: Total time for which application threads were stopped: 0.0589730 seconds, Stopping threads took: 0.0582650 seconds
156.041: Application time: 0.0787840 seconds
156.083: [GC [PSYoungGen: 12919K->1165K(14848K)] 18189K->6443K(48640K), 0.0005610 secs] [Times: user=0.00 sys=0.00, real=0.00 secs] 
156.084: Total time for which application threads were stopped: 0.0426910 seconds, Stopping threads took: 0.0420440 seconds
156.189: Application time: 0.1052770 seconds
156.252: [GC [PSYoungGen: 13683K->774K(14848K)] 18961K->6053K(48640K), 0.0005850 secs] [Times: user=0.00 sys=0.00, real=0.00 secs] 
156.253: Total time for which application threads were stopped: 0.0638850 seconds, Stopping threads took: 0.0632270 seconds
156.341: Application time: 0.0887600 seconds
156.411: [GC [PSYoungGen: 13565K->595K(14848K)] 18844K->5873K(48640K), 0.0004380 secs] [Times: user=0.00 sys=0.00, real=0.00 secs] 
156.412: Total time for which application threads were stopped: 0.0709180 seconds, Stopping threads took: 0.0693240 seconds
156.494: Application time: 0.0819460 seconds
156.552: [GC [PSYoungGen: 13386K->336K(14848K)] 18664K->5614K(48640K), 0.0004930 secs] [Times: user=0.00 sys=0.00, real=0.00 secs] 
156.553: Total time for which application threads were stopped: 0.0584560 seconds, Stopping threads took: 0.0578670 seconds
156.631: Application time: 0.0783180 seconds
156.674: [GC [PSYoungGen: 13029K->1165K(14848K)] 18308K->6443K(48640K), 0.0006750 secs] [Times: user=0.00 sys=0.00, real=0.00 secs] 
156.675: Total time for which application threads were stopped: 0.0436930 seconds, Stopping threads took: 0.0429280 seconds
156.758: Application time: 0.0835240 seconds
156.823: [GC [PSYoungGen: 13937K->1962K(14848K)] 19215K->7248K(48640K), 0.0008370 secs] [Times: user=0.00 sys=0.00, real=0.00 secs] 
156.824: Total time for which application threads were stopped: 0.0660000 seconds, Stopping threads took: 0.0650910 seconds
156.907: Application time: 0.0824450 seconds
156.975: [GC [PSYoungGen: 14734K->499K(14848K)] 20020K->5785K(48640K), 0.0004970 secs] [Times: user=0.00 sys=0.00, real=0.00 secs] 
156.975: Total time for which application threads were stopped: 0.0685770 seconds, Stopping threads took: 0.0680020 seconds
157.057: Application time: 0.0812260 seconds
157.123: [GC [PSYoungGen: 13212K->352K(14848K)] 18498K->5638K(48640K), 0.0004320 secs] [Times: user=0.00 sys=0.00, real=0.00 secs] 
157.123: Total time for which application threads were stopped: 0.0664270 seconds, Stopping threads took: 0.0659070 seconds
157.201: Application time: 0.0784490 seconds
157.243: [GC [PSYoungGen: 13045K->1133K(14848K)] 18332K->6427K(48640K), 0.0006880 secs] [Times: user=0.00 sys=0.00, real=0.00 secs] 
157.243: Total time for which application threads were stopped: 0.0417750 seconds, Stopping threads took: 0.0409970 seconds
157.330: Application time: 0.0864130 seconds
157.380: [GC [PSYoungGen: 13846K->954K(14848K)] 19140K->6256K(48640K), 0.0005810 secs] [Times: user=0.00 sys=0.00, real=0.00 secs] 
157.380: Total time for which application threads were stopped: 0.0508070 seconds, Stopping threads took: 0.0501560 seconds
157.480: Application time: 0.0999880 seconds
157.549: [GC [PSYoungGen: 13667K->742K(14848K)] 18969K->6053K(48640K), 0.0006650 secs] [Times: user=0.00 sys=0.00, real=0.00 secs] 
157.550: Total time for which application threads were stopped: 0.0696150 seconds, Stopping threads took: 0.0688750 seconds
157.635: Application time: 0.0847170 seconds
157.687: [GC [PSYoungGen: 13455K->499K(14848K)] 18766K->5817K(48640K), 0.0006810 secs] [Times: user=0.00 sys=0.00, real=0.00 secs] 
157.687: Total time for which application threads were stopped: 0.0525780 seconds, Stopping threads took: 0.0518150 seconds
157.769: Application time: 0.0818160 seconds
157.835: [GC [PSYoungGen: 13290K->368K(14848K)] 18609K->5686K(48640K), 0.0004210 secs] [Times: user=0.01 sys=0.00, real=0.00 secs] 
157.835: Total time for which application threads were stopped: 0.0660980 seconds, Stopping threads took: 0.0656030 seconds
157.914: Application time: 0.0782570 seconds
157.953: [GC [PSYoungGen: 12983K->2044K(14848K)] 18301K->7574K(48640K), 0.0008590 secs] [Times: user=0.00 sys=0.00, real=0.01 secs] 
157.954: Total time for which application threads were stopped: 0.0402210 seconds, Stopping threads took: 0.0392830 seconds
158.036: Application time: 0.0825250 seconds
158.104: [GC [PSYoungGen: 14640K->742K(14848K)] 20169K->6272K(48640K), 0.0006100 secs] [Times: user=0.00 sys=0.00, real=0.00 secs] 
158.104: Total time for which application threads were stopped: 0.0680360 seconds, Stopping threads took: 0.0673430 seconds
158.188: Application time: 0.0834310 seconds
158.245: [GC [PSYoungGen: 13533K->531K(14848K)] 19063K->6061K(48640K), 0.0007400 secs] [Times: user=0.00 sys=0.00, real=0.01 secs] 
158.246: Total time for which application threads were stopped: 0.0579430 seconds, Stopping threads took: 0.0571150 seconds
158.326: Application time: 0.0801910 seconds
158.393: [GC [PSYoungGen: 13322K->352K(14848K)] 18852K->5881K(48640K), 0.0004540 secs] [Times: user=0.00 sys=0.00, real=0.01 secs] 
158.393: Total time for which application threads were stopped: 0.0672960 seconds, Stopping threads took: 0.0667630 seconds
158.471: Application time: 0.0778300 seconds
158.513: [GC [PSYoungGen: 13104K->1881K(14848K)] 18634K->8785K(48640K), 0.0011020 secs] [Times: user=0.00 sys=0.00, real=0.01 secs] 
158.514: Total time for which application threads were stopped: 0.0431430 seconds, Stopping threads took: 0.0419690 seconds
158.612: Application time: 0.0982940 seconds
158.682: [GC [PSYoungGen: 14496K->774K(14848K)] 21401K->7695K(48640K), 0.0004650 secs] [Times: user=0.01 sys=0.00, real=0.00 secs] 
158.682: Total time for which application threads were stopped: 0.0697240 seconds, Stopping threads took: 0.0691780 seconds
158.766: Application time: 0.0839080 seconds
158.830: [GC [PSYoungGen: 13487K->547K(14848K)] 20408K->7476K(48640K), 0.0004590 secs] [Times: user=0.00 sys=0.00, real=0.00 secs] 
158.831: Total time for which application threads were stopped: 0.0645920 seconds, Stopping threads took: 0.0640460 seconds
158.915: Application time: 0.0842540 seconds
158.967: [GC [PSYoungGen: 13240K->1865K(14848K)] 20169K->9395K(48640K), 0.0009540 secs] [Times: user=0.01 sys=0.00, real=0.00 secs] 
158.968: Total time for which application threads were stopped: 0.0530260 seconds, Stopping threads took: 0.0519980 seconds
159.077: Application time: 0.1091540 seconds
159.144: [GC [PSYoungGen: 14577K->1165K(14848K)] 22108K->8704K(48640K), 0.0006070 secs] [Times: user=0.01 sys=0.00, real=0.00 secs] 
159.145: Total time for which application threads were stopped: 0.0676120 seconds, Stopping threads took: 0.0669050 seconds
159.247: Application time: 0.1024730 seconds
159.310: [GC [PSYoungGen: 13761K->774K(14848K)] 21300K->8313K(48640K), 0.0007100 secs] [Times: user=0.00 sys=0.00, real=0.00 secs] 
159.311: Total time for which application threads were stopped: 0.0633990 seconds, Stopping threads took: 0.0625850 seconds
159.394: Application time: 0.0833140 seconds
159.459: [GC [PSYoungGen: 13487K->563K(14848K)] 21026K->8110K(48640K), 0.0005880 secs] [Times: user=0.00 sys=0.00, real=0.00 secs] 
159.460: Total time for which application threads were stopped: 0.0658630 seconds, Stopping threads took: 0.0651980 seconds
159.542: Application time: 0.0820380 seconds
159.607: [GC [PSYoungGen: 13276K->336K(14848K)] 20823K->7882K(48640K), 0.0007030 secs] [Times: user=0.01 sys=0.01, real=0.00 secs] 
159.608: Total time for which application threads were stopped: 0.0661590 seconds, Stopping threads took: 0.0653780 seconds
159.686: Application time: 0.0783260 seconds
159.728: [GC [PSYoungGen: 12951K->1865K(14848K)] 20498K->9802K(48640K), 0.0009490 secs] [Times: user=0.01 sys=0.00, real=0.00 secs] 
159.729: Total time for which application threads were stopped: 0.0424370 seconds, Stopping threads took: 0.0414130 seconds
159.814: Application time: 0.0847700 seconds
159.882: [GC [PSYoungGen: 14539K->758K(14848K)] 22476K->8696K(48640K), 0.0005340 secs] [Times: user=0.00 sys=0.00, real=0.00 secs] 
159.883: Total time for which application threads were stopped: 0.0694080 seconds, Stopping threads took: 0.0687750 seconds
159.982: Application time: 0.0991630 seconds
160.049: [GC [PSYoungGen: 13432K->304K(14848K)] 21370K->8249K(48640K), 0.0003970 secs] [Times: user=0.00 sys=0.00, real=0.00 secs] 
160.049: Total time for which application threads were stopped: 0.0672100 seconds, Stopping threads took: 0.0667470 seconds
160.128: Application time: 0.0785170 seconds
160.168: [GC [PSYoungGen: 12997K->1165K(14848K)] 20943K->9110K(48640K), 0.0005750 secs] [Times: user=0.00 sys=0.00, real=0.00 secs] 
160.169: Total time for which application threads were stopped: 0.0411600 seconds, Stopping threads took: 0.0405120 seconds
160.254: Application time: 0.0845760 seconds
160.316: [GC [PSYoungGen: 13761K->790K(14848K)] 21706K->8744K(48640K), 0.0005500 secs] [Times: user=0.00 sys=0.00, real=0.00 secs] 
160.317: Total time for which application threads were stopped: 0.0631580 seconds, Stopping threads took: 0.0625430 seconds
160.402: Application time: 0.0853640 seconds
160.453: [GC [PSYoungGen: 13406K->2044K(14848K)] 21359K->10591K(48640K), 0.0009090 secs] [Times: user=0.01 sys=0.00, real=0.01 secs] 
160.454: Total time for which application threads were stopped: 0.0515600 seconds, Stopping threads took: 0.0505720 seconds
160.561: Application time: 0.1071540 seconds
160.625: [GC [PSYoungGen: 14757K->1392K(14848K)] 23304K->9948K(48640K), 0.0006420 secs] [Times: user=0.00 sys=0.00, real=0.01 secs] 
160.625: Total time for which application threads were stopped: 0.0643550 seconds, Stopping threads took: 0.0636310 seconds
160.724: Application time: 0.0992090 seconds
160.788: [GC [PSYoungGen: 14183K->1149K(14848K)] 22739K->9720K(48640K), 0.0007120 secs] [Times: user=0.00 sys=0.00, real=0.00 secs] 
160.789: Total time for which application threads were stopped: 0.0647080 seconds, Stopping threads took: 0.0639020 seconds
160.873: Application time: 0.0837000 seconds
160.933: [GC [PSYoungGen: 13745K->710K(14848K)] 22316K->9282K(48640K), 0.0007450 secs] [Times: user=0.00 sys=0.00, real=0.00 secs] 
160.934: Total time for which application threads were stopped: 0.0613410 seconds, Stopping threads took: 0.0605030 seconds
161.017: Application time: 0.0826550 seconds
161.074: [GC [PSYoungGen: 13423K->547K(14848K)] 21995K->9118K(48640K), 0.0005510 secs] [Times: user=0.00 sys=0.00, real=0.00 secs] 
161.074: Total time for which application threads were stopped: 0.0574020 seconds, Stopping threads took: 0.0567540 seconds
161.157: Application time: 0.0831170 seconds
161.222: [GC [PSYoungGen: 13260K->304K(14848K)] 21832K->8883K(48640K), 0.0004310 secs] [Times: user=0.00 sys=0.00, real=0.00 secs] 
161.222: Total time for which application threads were stopped: 0.0650350 seconds, Stopping threads took: 0.0645170 seconds
161.300: Application time: 0.0779900 seconds
161.340: [GC [PSYoungGen: 13075K->1881K(14848K)] 21655K->10851K(48640K), 0.0010530 secs] [Times: user=0.00 sys=0.00, real=0.00 secs] 
161.341: Total time for which application threads were stopped: 0.0402700 seconds, Stopping threads took: 0.0391230 seconds
161.425: Application time: 0.0839230 seconds
161.490: [GC [PSYoungGen: 14496K->1962K(14848K)] 23466K->10940K(48640K), 0.0008210 secs] [Times: user=0.00 sys=0.00, real=0.00 secs] 
161.492: Total time for which application threads were stopped: 0.0672270 seconds, Stopping threads took: 0.0655510 seconds
161.594: Application time: 0.1021120 seconds
161.659: [GC [PSYoungGen: 14714K->1572K(14848K)] 23692K->10550K(48640K), 0.0007490 secs] [Times: user=0.00 sys=0.01, real=0.00 secs] 
161.660: Total time for which application threads were stopped: 0.0659710 seconds, Stopping threads took: 0.0651160 seconds
161.748: Application time: 0.0883770 seconds
161.818: [GC [PSYoungGen: 14363K->1360K(14848K)] 23341K->10338K(48640K), 0.0008960 secs] [Times: user=0.00 sys=0.00, real=0.00 secs] 
161.819: Total time for which application threads were stopped: 0.0703310 seconds, Stopping threads took: 0.0693400 seconds
161.924: Application time: 0.1053000 seconds
161.990: [GC [PSYoungGen: 14073K->1069K(14848K)] 23051K->10047K(48640K), 0.0006080 secs] [Times: user=0.01 sys=0.00, real=0.00 secs] 
161.991: Total time for which application threads were stopped: 0.0668460 seconds, Stopping threads took: 0.0661650 seconds
162.077: Application time: 0.0861160 seconds
162.133: [GC [PSYoungGen: 13587K->742K(14848K)] 22565K->9728K(48640K), 0.0007120 secs] [Times: user=0.01 sys=0.00, real=0.01 secs] 
162.134: Total time for which application threads were stopped: 0.0568780 seconds, Stopping threads took: 0.0560980 seconds
162.217: Application time: 0.0830400 seconds
162.280: [GC [PSYoungGen: 13455K->531K(14848K)] 22441K->9525K(48640K), 0.0005200 secs] [Times: user=0.00 sys=0.00, real=0.00 secs] 
162.280: Total time for which application threads were stopped: 0.0633630 seconds, Stopping threads took: 0.0627640 seconds
162.370: Application time: 0.0900160 seconds
162.434: [GC [PSYoungGen: 13303K->1360K(14848K)] 22297K->10362K(48640K), 0.0006070 secs] [Times: user=0.01 sys=0.00, real=0.00 secs] 
162.435: Total time for which application threads were stopped: 0.0646490 seconds, Stopping threads took: 0.0639770 seconds
162.532: Application time: 0.0972790 seconds
162.584: [GC [PSYoungGen: 14073K->1881K(14848K)] 23075K->11281K(48640K), 0.0008990 secs] [Times: user=0.01 sys=0.00, real=0.00 secs] 
162.585: Total time for which application threads were stopped: 0.0525290 seconds, Stopping threads took: 0.0515580 seconds
162.669: Application time: 0.0842190 seconds
162.736: [GC [PSYoungGen: 14398K->710K(14848K)] 23799K->10111K(48640K), 0.0005580 secs] [Times: user=0.00 sys=0.00, real=0.00 secs] 
162.737: Total time for which application threads were stopped: 0.0681800 seconds, Stopping threads took: 0.0675510 seconds
162.820: Application time: 0.0824780 seconds
162.877: [GC [PSYoungGen: 13326K->1556K(14848K)] 22726K->10956K(48640K), 0.0007090 secs] [Times: user=0.00 sys=0.00, real=0.00 secs] 
162.878: Total time for which application threads were stopped: 0.0582430 seconds, Stopping threads took: 0.0574570 seconds
162.977: Application time: 0.0995990 seconds
163.049: [GC [PSYoungGen: 14347K->1344K(14848K)] 23748K->10753K(48640K), 0.0006460 secs] [Times: user=0.01 sys=0.00, real=0.00 secs] 
163.050: Total time for which application threads were stopped: 0.0722060 seconds, Stopping threads took: 0.0714880 seconds
163.150: Application time: 0.1006820 seconds
163.218: [GC [PSYoungGen: 13823K->742K(14848K)] 23232K->10159K(48640K), 0.0005500 secs] [Times: user=0.00 sys=0.00, real=0.00 secs] 
163.219: Total time for which application threads were stopped: 0.0684640 seconds, Stopping threads took: 0.0678360 seconds
163.305: Application time: 0.0867270 seconds
163.366: [GC [PSYoungGen: 13416K->336K(14848K)] 22833K->9752K(48640K), 0.0003950 secs] [Times: user=0.00 sys=0.00, real=0.00 secs] 
163.366: Total time for which application threads were stopped: 0.0606420 seconds, Stopping threads took: 0.0601600 seconds
163.444: Application time: 0.0780250 seconds
163.485: [GC [PSYoungGen: 13029K->1880K(14848K)] 22446K->11688K(48640K), 0.0008460 secs] [Times: user=0.00 sys=0.00, real=0.01 secs] 
163.486: Total time for which application threads were stopped: 0.0414520 seconds, Stopping threads took: 0.0405230 seconds
163.593: Application time: 0.1069280 seconds
163.660: [GC [PSYoungGen: 14398K->726K(14848K)] 24206K->10542K(48640K), 0.0005400 secs] [Times: user=0.00 sys=0.00, real=0.00 secs] 
163.660: Total time for which application threads were stopped: 0.0676380 seconds, Stopping threads took: 0.0670260 seconds
163.744: Application time: 0.0834690 seconds
163.783: [GC [PSYoungGen: 13518K->1978K(14848K)] 23333K->12575K(48640K), 0.0009520 secs] [Times: user=0.01 sys=0.00, real=0.00 secs] 
163.784: Total time for which application threads were stopped: 0.0406190 seconds, Stopping threads took: 0.0395980 seconds
163.890: Application time: 0.1059520 seconds
163.954: [GC [PSYoungGen: 14593K->1392K(14848K)] 25190K->11997K(48640K), 0.0006710 secs] [Times: user=0.00 sys=0.00, real=0.00 secs] 
163.955: Total time for which application threads were stopped: 0.0643570 seconds, Stopping threads took: 0.0636190 seconds
164.054: Application time: 0.0996560 seconds
164.122: [GC [PSYoungGen: 14105K->1149K(14848K)] 24710K->11762K(48640K), 0.0007430 secs] [Times: user=0.01 sys=0.00, real=0.00 secs] 
164.123: Total time for which application threads were stopped: 0.0685430 seconds, Stopping threads took: 0.0677200 seconds
164.218: Application time: 0.0954460 seconds
164.272: [GC [PSYoungGen: 13843K->1930K(14848K)] 24455K->12543K(48640K), 0.0008990 secs] [Times: user=0.00 sys=0.00, real=0.00 secs] 
164.273: Total time for which application threads were stopped: 0.0545140 seconds, Stopping threads took: 0.0535240 seconds
164.374: Application time: 0.1011200 seconds
164.437: [GC [PSYoungGen: 14643K->1767K(14848K)] 25256K->12380K(48640K), 0.0009940 secs] [Times: user=0.01 sys=0.00, real=0.00 secs] 
164.438: Total time for which application threads were stopped: 0.0644610 seconds, Stopping threads took: 0.0633880 seconds
164.522: Application time: 0.0837950 seconds
164.585: [GC [PSYoungGen: 14558K->1588K(14848K)] 25171K->12200K(48640K), 0.0007550 secs] [Times: user=0.00 sys=0.00, real=0.01 secs] 
164.585: Total time for which application threads were stopped: 0.0631750 seconds, Stopping threads took: 0.0623300 seconds
164.679: Application time: 0.0941480 seconds
164.744: [GC [PSYoungGen: 14379K->1344K(14848K)] 24991K->11965K(48640K), 0.0006830 secs] [Times: user=0.00 sys=0.00, real=0.00 secs] 
164.745: Total time for which application threads were stopped: 0.0655660 seconds, Stopping threads took: 0.0647960 seconds
164.851: Application time: 0.1063860 seconds
164.916: [GC [PSYoungGen: 14057K->1165K(14848K)] 24678K->11786K(48640K), 0.0006250 secs] [Times: user=0.00 sys=0.00, real=0.00 secs] 
164.916: Total time for which application threads were stopped: 0.0647630 seconds, Stopping threads took: 0.0640660 seconds
165.017: Application time: 0.1008580 seconds
165.082: [GC [PSYoungGen: 13917K->758K(14848K)] 24538K->11379K(48640K), 0.0005020 secs] [Times: user=0.00 sys=0.00, real=0.00 secs] 
165.082: Total time for which application threads were stopped: 0.0654140 seconds, Stopping threads took: 0.0648430 seconds
165.167: Application time: 0.0846460 seconds
165.231: [GC [PSYoungGen: 13471K->563K(14848K)] 24092K->11184K(48640K), 0.0004630 secs] [Times: user=0.00 sys=0.00, real=0.00 secs] 
165.231: Total time for which application threads were stopped: 0.0639870 seconds, Stopping threads took: 0.0634600 seconds
165.313: Application time: 0.0821140 seconds
165.379: [GC [PSYoungGen: 13276K->336K(14848K)] 23897K->10964K(48640K), 0.0005370 secs] [Times: user=0.01 sys=0.00, real=0.00 secs] 
165.380: Total time for which application threads were stopped: 0.0663760 seconds, Stopping threads took: 0.0657560 seconds
165.458: Application time: 0.0785220 seconds
165.498: [GC [PSYoungGen: 13029K->2044K(14848K)] 23658K->12876K(48640K), 0.0008780 secs] [Times: user=0.01 sys=0.00, real=0.00 secs] 
165.498: Total time for which application threads were stopped: 0.0403660 seconds, Stopping threads took: 0.0394170 seconds
165.581: Application time: 0.0828430 seconds
165.648: [GC [PSYoungGen: 14835K->986K(14848K)] 25667K->11826K(48640K), 0.0006040 secs] [Times: user=0.01 sys=0.00, real=0.00 secs] 
165.649: Total time for which application threads were stopped: 0.0676720 seconds, Stopping threads took: 0.0669980 seconds
165.734: Application time: 0.0847620 seconds
165.787: [GC [PSYoungGen: 13699K->710K(14848K)] 24539K->11558K(48640K), 0.0005430 secs] [Times: user=0.01 sys=0.00, real=0.00 secs] 
165.787: Total time for which application threads were stopped: 0.0534290 seconds, Stopping threads took: 0.0528160 seconds
165.881: Application time: 0.0936880 seconds
165.947: [GC [PSYoungGen: 13404K->1588K(14848K)] 24252K->12436K(48640K), 0.0007850 secs] [Times: user=0.00 sys=0.00, real=0.00 secs] 
165.948: Total time for which application threads were stopped: 0.0666630 seconds, Stopping threads took: 0.0657860 seconds
166.029: Application time: 0.0810990 seconds
166.085: [GC [PSYoungGen: 14105K->1946K(14848K)] 24953K->14170K(48640K), 0.0013620 secs] [Times: user=0.01 sys=0.00, real=0.01 secs] 
166.086: Total time for which application threads were stopped: 0.0573920 seconds, Stopping threads took: 0.0559330 seconds
166.193: Application time: 0.1065430 seconds
166.263: [GC [PSYoungGen: 14542K->774K(14848K)] 26765K->12998K(48640K), 0.0005350 secs] [Times: user=0.01 sys=0.00, real=0.00 secs] 
166.263: Total time for which application threads were stopped: 0.0705990 seconds, Stopping threads took: 0.0699910 seconds
166.350: Application time: 0.0864940 seconds
166.415: [GC [PSYoungGen: 13526K->336K(14848K)] 25750K->12559K(48640K), 0.0004410 secs] [Times: user=0.00 sys=0.00, real=0.00 secs] 
166.415: Total time for which application threads were stopped: 0.0657900 seconds, Stopping threads took: 0.0652770 seconds
166.494: Application time: 0.0785490 seconds
166.534: [GC [PSYoungGen: 12951K->2028K(14848K)] 25174K->14455K(48640K), 0.0008770 secs] [Times: user=0.00 sys=0.00, real=0.00 secs] 
166.535: Total time for which application threads were stopped: 0.0407150 seconds, Stopping threads took: 0.0397580 seconds
166.619: Application time: 0.0838130 seconds
166.685: [GC [PSYoungGen: 14741K->986K(14848K)] 27168K->13412K(48640K), 0.0005420 secs] [Times: user=0.00 sys=0.00, real=0.01 secs] 
166.685: Total time for which application threads were stopped: 0.0668360 seconds, Stopping threads took: 0.0662230 seconds
166.779: Application time: 0.0932410 seconds
166.846: [GC [PSYoungGen: 13699K->758K(14848K)] 26125K->13193K(48640K), 0.0005550 secs] [Times: user=0.00 sys=0.00, real=0.00 secs] 
166.847: Total time for which application threads were stopped: 0.0679300 seconds, Stopping threads took: 0.0673070 seconds
166.942: Application time: 0.0952280 seconds
167.008: [GC [PSYoungGen: 13433K->320K(14848K)] 25867K->12762K(48640K), 0.0004490 secs] [Times: user=0.00 sys=0.00, real=0.00 secs] 
167.009: Total time for which application threads were stopped: 0.0668640 seconds, Stopping threads took: 0.0663470 seconds
167.087: Application time: 0.0779130 seconds
167.127: [GC [PSYoungGen: 12935K->1181K(14848K)] 25378K->13624K(48640K), 0.0005940 secs] [Times: user=0.00 sys=0.00, real=0.00 secs] 
167.127: Total time for which application threads were stopped: 0.0407890 seconds, Stopping threads took: 0.0401130 seconds
167.210: Application time: 0.0829100 seconds
167.275: [GC [PSYoungGen: 13699K->790K(14848K)] 26141K->13241K(48640K), 0.0005470 secs] [Times: user=0.00 sys=0.00, real=0.00 secs] 
167.275: Total time for which application threads were stopped: 0.0650340 seconds, Stopping threads took: 0.0644090 seconds
167.357: Application time: 0.0816270 seconds
167.423: [GC [PSYoungGen: 13582K->563K(14848K)] 26032K->13014K(48640K), 0.0005780 secs] [Times: user=0.00 sys=0.00, real=0.00 secs] 
167.424: Total time for which application threads were stopped: 0.0666490 seconds, Stopping threads took: 0.0659820 seconds
167.507: Application time: 0.0830010 seconds
167.563: [GC [PSYoungGen: 13354K->368K(14848K)] 25805K->12818K(48640K), 0.0008110 secs] [Times: user=0.00 sys=0.00, real=0.00 secs] 
167.564: Total time for which application threads were stopped: 0.0576460 seconds, Stopping threads took: 0.0567710 seconds
167.644: Application time: 0.0795470 seconds
167.685: [GC [PSYoungGen: 12983K->1165K(14848K)] 25434K->13624K(48640K), 0.0006260 secs] [Times: user=0.00 sys=0.00, real=0.00 secs] 
167.686: Total time for which application threads were stopped: 0.0420450 seconds, Stopping threads took: 0.0413390 seconds
167.792: Application time: 0.1059120 seconds
167.847: [GC [PSYoungGen: 13917K->774K(14848K)] 26376K->13249K(48640K), 0.0004960 secs] [Times: user=0.00 sys=0.00, real=0.00 secs] 
167.848: Total time for which application threads were stopped: 0.0559110 seconds, Stopping threads took: 0.0553450 seconds
167.947: Application time: 0.0995480 seconds
168.012: [GC [PSYoungGen: 13565K->579K(14848K)] 26040K->13054K(48640K), 0.0004730 secs] [Times: user=0.00 sys=0.00, real=0.00 secs] 
168.012: Total time for which application threads were stopped: 0.0650980 seconds, Stopping threads took: 0.0645390 seconds
168.095: Application time: 0.0825920 seconds
168.154: [GC [PSYoungGen: 13292K->336K(14848K)] 25767K->12818K(48640K), 0.0006540 secs] [Times: user=0.00 sys=0.00, real=0.00 secs] 
168.155: Total time for which application threads were stopped: 0.0596830 seconds, Stopping threads took: 0.0589400 seconds
168.233: Application time: 0.0782570 seconds
168.273: [GC [PSYoungGen: 12951K->2044K(14848K)] 25434K->14722K(48640K), 0.0011490 secs] [Times: user=0.01 sys=0.00, real=0.00 secs] 
168.275: Total time for which application threads were stopped: 0.0417430 seconds, Stopping threads took: 0.0404870 seconds
168.378: Application time: 0.1032550 seconds
168.444: [GC [PSYoungGen: 14562K->742K(14848K)] 27240K->13428K(48640K), 0.0005210 secs] [Times: user=0.01 sys=0.00, real=0.00 secs] 
168.445: Total time for which application threads were stopped: 0.0670890 seconds, Stopping threads took: 0.0664950 seconds
168.543: Application time: 0.0977800 seconds
168.592: [GC [PSYoungGen: 13533K->1685K(14848K)] 26219K->14379K(48640K), 0.0007090 secs] [Times: user=0.01 sys=0.00, real=0.00 secs] 
168.593: Total time for which application threads were stopped: 0.0501810 seconds, Stopping threads took: 0.0494040 seconds
168.676: Application time: 0.0832590 seconds
168.739: [GC [PSYoungGen: 14379K->1376K(14848K)] 27073K->14070K(48640K), 0.0007040 secs] [Times: user=0.00 sys=0.00, real=0.00 secs] 
168.740: Total time for which application threads were stopped: 0.0633200 seconds, Stopping threads took: 0.0625500 seconds
168.840: Application time: 0.1005880 seconds
168.907: [GC [PSYoungGen: 14168K->1165K(14848K)] 26862K->13859K(48640K), 0.0006760 secs] [Times: user=0.01 sys=0.00, real=0.00 secs] 
168.907: Total time for which application threads were stopped: 0.0673000 seconds, Stopping threads took: 0.0665380 seconds
169.004: Application time: 0.0970180 seconds
169.065: [GC [PSYoungGen: 13683K->758K(14848K)] 26377K->13452K(48640K), 0.0006120 secs] [Times: user=0.01 sys=0.00, real=0.00 secs] 
169.066: Total time for which application threads were stopped: 0.0613550 seconds, Stopping threads took: 0.0606680 seconds
169.157: Application time: 0.0907780 seconds
169.228: [GC [PSYoungGen: 13549K->563K(14848K)] 26243K->13273K(48640K), 0.0004890 secs] [Times: user=0.01 sys=0.00, real=0.00 secs] 
169.229: Total time for which application threads were stopped: 0.0720550 seconds, Stopping threads took: 0.0714810 seconds
169.311: Application time: 0.0826050 seconds
169.369: [GC [PSYoungGen: 13363K->336K(14848K)] 26073K->13046K(48640K), 0.0004240 secs] [Times: user=0.00 sys=0.00, real=0.00 secs] 
169.370: Total time for which application threads were stopped: 0.0583410 seconds, Stopping threads took: 0.0578500 seconds
169.453: Application time: 0.0831460 seconds
169.522: [GC [PSYoungGen: 13019K->1133K(14848K)] 25729K->13843K(48640K), 0.0008760 secs] [Times: user=0.00 sys=0.00, real=0.00 secs] 
169.523: Total time for which application threads were stopped: 0.0698040 seconds, Stopping threads took: 0.0688250 seconds
169.627: Application time: 0.1048560 seconds
169.690: [GC [PSYoungGen: 13729K->774K(14848K)] 26439K->13492K(48640K), 0.0006580 secs] [Times: user=0.00 sys=0.00, real=0.00 secs] 
169.691: Total time for which application threads were stopped: 0.0632010 seconds, Stopping threads took: 0.0624530 seconds
169.774: Application time: 0.0830840 seconds
169.819: [GC [PSYoungGen: 13390K->1571K(14848K)] 26108K->14297K(48640K), 0.0009010 secs] [Times: user=0.01 sys=0.00, real=0.00 secs] 
169.820: Total time for which application threads were stopped: 0.0461640 seconds, Stopping threads took: 0.0451760 seconds
169.920: Application time: 0.1006040 seconds
169.982: [GC [PSYoungGen: 14363K->1392K(14848K)] 27089K->14118K(48640K), 0.0007260 secs] [Times: user=0.00 sys=0.00, real=0.00 secs] 
169.983: Total time for which application threads were stopped: 0.0626990 seconds, Stopping threads took: 0.0618770 seconds
170.086: Application time: 0.1032060 seconds
170.151: [GC [PSYoungGen: 14105K->1165K(14848K)] 26831K->13899K(48640K), 0.0006190 secs] [Times: user=0.00 sys=0.00, real=0.00 secs] 
170.152: Total time for which application threads were stopped: 0.0652630 seconds, Stopping threads took: 0.0645380 seconds
170.263: Application time: 0.1108760 seconds
170.322: [GC [PSYoungGen: 13839K->774K(14848K)] 26573K->13516K(48640K), 0.0005140 secs] [Times: user=0.00 sys=0.00, real=0.00 secs] 
170.323: Total time for which application threads were stopped: 0.0602240 seconds, Stopping threads took: 0.0596420 seconds
170.406: Application time: 0.0837300 seconds
170.471: [GC [PSYoungGen: 13487K->595K(14848K)] 26229K->13337K(48640K), 0.0004790 secs] [Times: user=0.00 sys=0.00, real=0.00 secs] 
170.472: Total time for which application threads were stopped: 0.0652630 seconds, Stopping threads took: 0.0647160 seconds
170.555: Application time: 0.0828200 seconds
170.612: [GC [PSYoungGen: 13308K->304K(14848K)] 26050K->13046K(48640K), 0.0003940 secs] [Times: user=0.00 sys=0.00, real=0.00 secs] 
170.612: Total time for which application threads were stopped: 0.0574620 seconds, Stopping threads took: 0.0570060 seconds
170.691: Application time: 0.0786160 seconds
170.732: [GC [PSYoungGen: 12997K->1133K(14848K)] 25739K->13875K(48640K), 0.0006260 secs] [Times: user=0.00 sys=0.00, real=0.00 secs] 
170.733: Total time for which application threads were stopped: 0.0419220 seconds, Stopping threads took: 0.0412140 seconds
170.835: Application time: 0.1027590 seconds
170.900: [GC [PSYoungGen: 13807K->758K(14848K)] 26549K->13508K(48640K), 0.0005440 secs] [Times: user=0.01 sys=0.00, real=0.00 secs] 
170.901: Total time for which application threads were stopped: 0.0655400 seconds, Stopping threads took: 0.0649240 seconds
171.001: Application time: 0.1003190 seconds
171.071: [GC [PSYoungGen: 13471K->563K(14848K)] 26221K->13321K(48640K), 0.0004610 secs] [Times: user=0.00 sys=0.00, real=0.00 secs] 
171.071: Total time for which application threads were stopped: 0.0701990 seconds, Stopping threads took: 0.0696740 seconds
171.151: Application time: 0.0795260 seconds
171.216: [GC [PSYoungGen: 13354K->336K(14848K)] 26112K->13110K(48640K), 0.0004590 secs] [Times: user=0.00 sys=0.00, real=0.00 secs] 
171.217: Total time for which application threads were stopped: 0.0659120 seconds, Stopping threads took: 0.0653830 seconds
171.299: Application time: 0.0823180 seconds
171.338: [GC [PSYoungGen: 13029K->1181K(14848K)] 25803K->13955K(48640K), 0.0005890 secs] [Times: user=0.00 sys=0.00, real=0.00 secs] 
171.339: Total time for which application threads were stopped: 0.0395010 seconds, Stopping threads took: 0.0388300 seconds
171.439: Application time: 0.1005370 seconds
171.504: [GC [PSYoungGen: 13699K->694K(14848K)] 26473K->13476K(48640K), 0.0006380 secs] [Times: user=0.00 sys=0.00, real=0.00 secs] 
171.505: Total time for which application threads were stopped: 0.0653640 seconds, Stopping threads took: 0.0646360 seconds
171.586: Application time: 0.0816170 seconds
171.648: [GC [PSYoungGen: 13486K->563K(14848K)] 26268K->13353K(48640K), 0.0004860 secs] [Times: user=0.01 sys=0.00, real=0.00 secs] 
171.650: Total time for which application threads were stopped: 0.0636090 seconds, Stopping threads took: 0.0619050 seconds
171.747: Application time: 0.0973490 seconds
171.811: [GC [PSYoungGen: 13257K->1392K(14848K)] 26047K->14190K(48640K), 0.0007640 secs] [Times: user=0.00 sys=0.00, real=0.00 secs] 
171.811: Total time for which application threads were stopped: 0.0641660 seconds, Stopping threads took: 0.0633080 seconds
171.905: Application time: 0.0940600 seconds
171.942: [GC [PSYoungGen: 14105K->1946K(14848K)] 26903K->16119K(48640K), 0.0013220 secs] [Times: user=0.00 sys=0.00, real=0.00 secs] 
171.943: Total time for which application threads were stopped: 0.0375970 seconds, Stopping threads took: 0.0361850 seconds
172.024: Application time: 0.0805810 seconds
172.096: [GC [PSYoungGen: 14737K->986K(14848K)] 28911K->15159K(48640K), 0.0007670 secs] [Times: user=0.00 sys=0.00, real=0.00 secs] 
172.097: Total time for which application threads were stopped: 0.0736120 seconds, Stopping threads took: 0.0727740 seconds
172.196: Application time: 0.0992790 seconds
172.262: [GC [PSYoungGen: 13699K->742K(14848K)] 27872K->14923K(48640K), 0.0004570 secs] [Times: user=0.00 sys=0.00, real=0.00 secs] 
172.262: Total time for which application threads were stopped: 0.0660130 seconds, Stopping threads took: 0.0654910 seconds
172.350: Application time: 0.0878780 seconds
172.404: [GC [PSYoungGen: 13514K->1572K(14848K)] 27695K->15753K(48640K), 0.0008320 secs] [Times: user=0.00 sys=0.00, real=0.01 secs] 
172.405: Total time for which application threads were stopped: 0.0548230 seconds, Stopping threads took: 0.0539150 seconds
172.503: Application time: 0.0977170 seconds
172.574: [GC [PSYoungGen: 14285K->1360K(14848K)] 28466K->15557K(48640K), 0.0006720 secs] [Times: user=0.00 sys=0.00, real=0.00 secs] 
172.575: Total time for which application threads were stopped: 0.0719760 seconds, Stopping threads took: 0.0712170 seconds
172.682: Application time: 0.1067410 seconds
172.741: [GC [PSYoungGen: 14151K->1149K(14848K)] 28349K->15346K(48640K), 0.0005960 secs] [Times: user=0.01 sys=0.00, real=0.00 secs] 
172.741: Total time for which application threads were stopped: 0.0597430 seconds, Stopping threads took: 0.0590790 seconds
172.847: Application time: 0.1054710 seconds
172.911: [GC [PSYoungGen: 13745K->774K(14848K)] 27942K->14971K(48640K), 0.0005350 secs] [Times: user=0.00 sys=0.00, real=0.00 secs] 
172.912: Total time for which application threads were stopped: 0.0646920 seconds, Stopping threads took: 0.0640860 seconds
173.012: Application time: 0.1003960 seconds
173.078: [GC [PSYoungGen: 13566K->563K(14848K)] 27763K->14768K(48640K), 0.0005110 secs] [Times: user=0.00 sys=0.00, real=0.00 secs] 
173.079: Total time for which application threads were stopped: 0.0665700 seconds, Stopping threads took: 0.0659760 seconds
173.162: Application time: 0.0834890 seconds
173.220: [GC [PSYoungGen: 13354K->336K(14848K)] 27560K->14549K(48640K), 0.0004280 secs] [Times: user=0.00 sys=0.00, real=0.00 secs] 
173.220: Total time for which application threads were stopped: 0.0581440 seconds, Stopping threads took: 0.0576530 seconds
173.301: Application time: 0.0807370 seconds
173.354: [GC [PSYoungGen: 13029K->1165K(14848K)] 27243K->15378K(48640K), 0.0006590 secs] [Times: user=0.00 sys=0.00, real=0.00 secs] 
173.355: Total time for which application threads were stopped: 0.0537970 seconds, Stopping threads took: 0.0530680 seconds
173.453: Application time: 0.0980480 seconds
173.521: [GC [PSYoungGen: 13683K->774K(14848K)] 27896K->14995K(48640K), 0.0006220 secs] [Times: user=0.00 sys=0.00, real=0.00 secs] 
173.522: Total time for which application threads were stopped: 0.0688770 seconds, Stopping threads took: 0.0681860 seconds
173.620: Application time: 0.0981420 seconds
173.688: [GC [PSYoungGen: 13487K->595K(14848K)] 27709K->14824K(48640K), 0.0005790 secs] [Times: user=0.00 sys=0.00, real=0.00 secs] 
173.689: Total time for which application threads were stopped: 0.0689590 seconds, Stopping threads took: 0.0682840 seconds
173.769: Application time: 0.0805660 seconds
173.837: [GC [PSYoungGen: 13386K->320K(14848K)] 27616K->14549K(48640K), 0.0006030 secs] [Times: user=0.01 sys=0.00, real=0.00 secs] 
173.838: Total time for which application threads were stopped: 0.0682750 seconds, Stopping threads took: 0.0675770 seconds
173.917: Application time: 0.0793390 seconds
173.960: [GC [PSYoungGen: 13013K->2044K(14848K)] 27242K->16476K(48640K), 0.0009590 secs] [Times: user=0.01 sys=0.00, real=0.00 secs] 
173.961: Total time for which application threads were stopped: 0.0439630 seconds, Stopping threads took: 0.0429310 seconds
174.044: Application time: 0.0831890 seconds
174.109: [GC [PSYoungGen: 14835K->954K(14848K)] 29268K->15394K(48640K), 0.0005940 secs] [Times: user=0.00 sys=0.00, real=0.00 secs] 
174.109: Total time for which application threads were stopped: 0.0651020 seconds, Stopping threads took: 0.0644120 seconds
174.190: Application time: 0.0813150 seconds
174.252: [GC [PSYoungGen: 13667K->742K(14848K)] 28107K->15183K(48640K), 0.0006970 secs] [Times: user=0.00 sys=0.00, real=0.01 secs] 
174.253: Total time for which application threads were stopped: 0.0626880 seconds, Stopping threads took: 0.0618940 seconds
174.336: Application time: 0.0825080 seconds
174.397: [GC [PSYoungGen: 13455K->563K(14848K)] 27896K->15011K(48640K), 0.0006420 secs] [Times: user=0.00 sys=0.00, real=0.00 secs] 
174.398: Total time for which application threads were stopped: 0.0619670 seconds, Stopping threads took: 0.0612590 seconds
174.484: Application time: 0.0861390 seconds
174.523: [GC [PSYoungGen: 13354K->1962K(14848K)] 27803K->16997K(48640K), 0.0010420 secs] [Times: user=0.00 sys=0.00, real=0.00 secs] 
174.524: Total time for which application threads were stopped: 0.0399450 seconds, Stopping threads took: 0.0388100 seconds
174.621: Application time: 0.0971990 seconds
174.692: [GC [PSYoungGen: 14421K->790K(14848K)] 29456K->15833K(48640K), 0.0005150 secs] [Times: user=0.00 sys=0.00, real=0.00 secs] 
174.692: Total time for which application threads were stopped: 0.0712440 seconds, Stopping threads took: 0.0706560 seconds
174.786: Application time: 0.0941340 seconds
174.855: [GC [PSYoungGen: 13503K->531K(14848K)] 28546K->15573K(48640K), 0.0005310 secs] [Times: user=0.00 sys=0.00, real=0.00 secs] 
174.856: Total time for which application threads were stopped: 0.0694100 seconds, Stopping threads took: 0.0687960 seconds
174.940: Application time: 0.0843810 seconds
174.995: [GC [PSYoungGen: 13322K->352K(14848K)] 28365K->15402K(48640K), 0.0004230 secs] [Times: user=0.00 sys=0.00, real=0.00 secs] 
174.996: Total time for which application threads were stopped: 0.0556290 seconds, Stopping threads took: 0.0551370 seconds
175.074: Application time: 0.0781760 seconds
175.114: [GC [PSYoungGen: 13065K->1978K(14848K)] 28115K->17435K(48640K), 0.0010320 secs] [Times: user=0.00 sys=0.00, real=0.00 secs] 
175.115: Total time for which application threads were stopped: 0.0413000 seconds, Stopping threads took: 0.0401960 seconds
175.198: Application time: 0.0828970 seconds
175.269: [GC [PSYoungGen: 14398K->774K(14848K)] 29855K->16239K(48640K), 0.0007530 secs] [Times: user=0.00 sys=0.00, real=0.00 secs] 
175.270: Total time for which application threads were stopped: 0.0717300 seconds, Stopping threads took: 0.0709000 seconds
175.358: Application time: 0.0879490 seconds
175.429: [GC [PSYoungGen: 13487K->579K(14848K)] 28953K->16052K(48640K), 0.0006860 secs] [Times: user=0.00 sys=0.00, real=0.00 secs] 
175.430: Total time for which application threads were stopped: 0.0722760 seconds, Stopping threads took: 0.0714950 seconds
175.509: Application time: 0.0790600 seconds
175.550: [GC [PSYoungGen: 13351K->1328K(14848K)] 28824K->16809K(48640K), 0.0006920 secs] [Times: user=0.01 sys=0.00, real=0.00 secs] 
175.551: Total time for which application threads were stopped: 0.0414130 seconds, Stopping threads took: 0.0406300 seconds
175.655: Application time: 0.1045800 seconds
175.721: [GC [PSYoungGen: 14041K->1165K(14848K)] 29523K->16646K(48640K), 0.0005700 secs] [Times: user=0.00 sys=0.00, real=0.00 secs] 
175.722: Total time for which application threads were stopped: 0.0663410 seconds, Stopping threads took: 0.0657030 seconds
175.806: Application time: 0.0843430 seconds
175.857: [GC [PSYoungGen: 13761K->758K(14848K)] 29242K->16239K(48640K), 0.0005280 secs] [Times: user=0.01 sys=0.00, real=0.00 secs] 
175.857: Total time for which application threads were stopped: 0.0513140 seconds, Stopping threads took: 0.0507120 seconds
175.941: Application time: 0.0834010 seconds
175.998: [GC [PSYoungGen: 13452K->1572K(14848K)] 28933K->17061K(48640K), 0.0008210 secs] [Times: user=0.00 sys=0.00, real=0.00 secs] 
175.999: Total time for which application threads were stopped: 0.0586000 seconds, Stopping threads took: 0.0576760 seconds
176.096: Application time: 0.0964010 seconds
176.155: [GC [PSYoungGen: 14246K->1165K(14848K)] 29735K->16662K(48640K), 0.0006700 secs] [Times: user=0.00 sys=0.00, real=0.00 secs] 
176.156: Total time for which application threads were stopped: 0.0601340 seconds, Stopping threads took: 0.0593700 seconds
176.237: Application time: 0.0809070 seconds
176.296: [GC [PSYoungGen: 13761K->726K(14848K)] 29258K->16231K(48640K), 0.0007400 secs] [Times: user=0.01 sys=0.00, real=0.00 secs] 
176.297: Total time for which application threads were stopped: 0.0598860 seconds, Stopping threads took: 0.0590550 seconds
176.380: Application time: 0.0834960 seconds
176.445: [GC [PSYoungGen: 13439K->579K(14848K)] 28945K->16084K(48640K), 0.0005020 secs] [Times: user=0.00 sys=0.00, real=0.00 secs] 
176.446: Total time for which application threads were stopped: 0.0657110 seconds, Stopping threads took: 0.0651120 seconds
176.527: Application time: 0.0814950 seconds
176.583: [GC [PSYoungGen: 13292K->352K(14848K)] 28797K->15857K(48640K), 0.0007640 secs] [Times: user=0.00 sys=0.00, real=0.00 secs] 
176.584: Total time for which application threads were stopped: 0.0565320 seconds, Stopping threads took: 0.0556700 seconds
176.662: Application time: 0.0778060 seconds
176.704: [GC [PSYoungGen: 12967K->1865K(14848K)] 28472K->17768K(48640K), 0.0009040 secs] [Times: user=0.00 sys=0.00, real=0.01 secs] 
176.706: Total time for which application threads were stopped: 0.0443260 seconds, Stopping threads took: 0.0427240 seconds
176.789: Application time: 0.0829290 seconds
176.855: [GC [PSYoungGen: 14461K->774K(14848K)] 30364K->16686K(48640K), 0.0006690 secs] [Times: user=0.00 sys=0.00, real=0.00 secs] 
176.856: Total time for which application threads were stopped: 0.0668790 seconds, Stopping threads took: 0.0661140 seconds
176.958: Application time: 0.1019150 seconds
177.021: [GC [PSYoungGen: 13566K->579K(14848K)] 29477K->16491K(48640K), 0.0006120 secs] [Times: user=0.00 sys=0.00, real=0.00 secs] 
177.021: Total time for which application threads were stopped: 0.0636550 seconds, Stopping threads took: 0.0629510 seconds
177.104: Application time: 0.0827480 seconds
177.166: [GC [PSYoungGen: 13292K->336K(14848K)] 29204K->16255K(48640K), 0.0004260 secs] [Times: user=0.00 sys=0.00, real=0.00 secs] 
177.166: Total time for which application threads were stopped: 0.0623900 seconds, Stopping threads took: 0.0618870 seconds
177.245: Application time: 0.0787730 seconds
177.285: [GC [PSYoungGen: 13107K->1165K(14848K)] 29027K->17085K(48640K), 0.0006660 secs] [Times: user=0.00 sys=0.00, real=0.01 secs] 
177.286: Total time for which application threads were stopped: 0.0403660 seconds, Stopping threads took: 0.0396270 seconds
177.370: Application time: 0.0841090 seconds
177.423: [GC [PSYoungGen: 13683K->790K(14848K)] 29602K->16710K(48640K), 0.0005260 secs] [Times: user=0.00 sys=0.00, real=0.00 secs] 
177.424: Total time for which application threads were stopped: 0.0542470 seconds, Stopping threads took: 0.0536410 seconds
177.505: Application time: 0.0814130 seconds
177.562: [GC [PSYoungGen: 13562K->1572K(14848K)] 29482K->17491K(48640K), 0.0009050 secs] [Times: user=0.01 sys=0.00, real=0.00 secs] 
177.563: Total time for which application threads were stopped: 0.0571910 seconds, Stopping threads took: 0.0562150 seconds
177.666: Application time: 0.1033820 seconds
177.727: [GC [PSYoungGen: 14284K->1344K(14848K)] 30204K->17272K(48640K), 0.0008320 secs] [Times: user=0.00 sys=0.00, real=0.00 secs] 
177.728: Total time for which application threads were stopped: 0.0618500 seconds, Stopping threads took: 0.0609160 seconds
177.830: Application time: 0.1025960 seconds
177.897: [GC [PSYoungGen: 13823K->742K(14848K)] 29751K->16670K(48640K), 0.0007600 secs] [Times: user=0.01 sys=0.00, real=0.00 secs] 
177.898: Total time for which application threads were stopped: 0.0672320 seconds, Stopping threads took: 0.0663760 seconds
177.981: Application time: 0.0833690 seconds
178.044: [GC [PSYoungGen: 13455K->579K(14848K)] 29383K->16515K(48640K), 0.0005390 secs] [Times: user=0.00 sys=0.00, real=0.00 secs] 
178.045: Total time for which application threads were stopped: 0.0637390 seconds, Stopping threads took: 0.0631190 seconds
178.134: Application time: 0.0897200 seconds
178.175: [GC [PSYoungGen: 13097K->1962K(14848K)] 29032K->18297K(48640K), 0.0011430 secs] [Times: user=0.00 sys=0.00, real=0.00 secs] 
178.176: Total time for which application threads were stopped: 0.0413460 seconds, Stopping threads took: 0.0401260 seconds
178.259: Application time: 0.0831490 seconds
178.323: [GC [PSYoungGen: 14656K->1865K(14848K)] 30990K->18402K(48640K), 0.0008380 secs] [Times: user=0.00 sys=0.00, real=0.00 secs] 
178.324: Total time for which application threads were stopped: 0.0650980 seconds, Stopping threads took: 0.0641780 seconds
178.407: Application time: 0.0830870 seconds
178.465: [GC [PSYoungGen: 14284K->1556K(14848K)] 30822K->18101K(48640K), 0.0006560 secs] [Times: user=0.00 sys=0.01, real=0.00 secs] 
178.466: Total time for which application threads were stopped: 0.0590410 seconds, Stopping threads took: 0.0583160 seconds
178.567: Application time: 0.1007420 seconds
178.630: [GC [PSYoungGen: 14347K->1344K(14848K)] 30893K->17890K(48640K), 0.0006860 secs] [Times: user=0.00 sys=0.00, real=0.00 secs] 
178.631: Total time for which application threads were stopped: 0.0636340 seconds, Stopping threads took: 0.0628790 seconds
178.737: Application time: 0.1066020 seconds
178.798: [GC [PSYoungGen: 14057K->1149K(14848K)] 30603K->17695K(48640K), 0.0007270 secs] [Times: user=0.00 sys=0.00, real=0.00 secs] 
178.798: Total time for which application threads were stopped: 0.0611500 seconds, Stopping threads took: 0.0603500 seconds
178.886: Application time: 0.0881960 seconds
178.955: [GC [PSYoungGen: 13823K->758K(14848K)] 30369K->17304K(48640K), 0.0006320 secs] [Times: user=0.00 sys=0.00, real=0.00 secs] 
178.955: Total time for which application threads were stopped: 0.0689530 seconds, Stopping threads took: 0.0682350 seconds
179.046: Application time: 0.0901460 seconds
179.117: [GC [PSYoungGen: 13471K->579K(14848K)] 30017K->17133K(48640K), 0.0004890 secs] [Times: user=0.00 sys=0.00, real=0.00 secs] 
179.117: Total time for which application threads were stopped: 0.0715910 seconds, Stopping threads took: 0.0710380 seconds
179.195: Application time: 0.0782880 seconds
179.235: [GC [PSYoungGen: 13351K->1328K(14848K)] 29905K->17890K(48640K), 0.0006340 secs] [Times: user=0.00 sys=0.00, real=0.00 secs] 
179.236: Total time for which application threads were stopped: 0.0404010 seconds, Stopping threads took: 0.0396960 seconds
179.341: Application time: 0.1047340 seconds
179.388: [GC [PSYoungGen: 14100K->1930K(14848K)] 30662K->18687K(48640K), 0.0009090 secs] [Times: user=0.01 sys=0.00, real=0.00 secs] 
179.389: Total time for which application threads were stopped: 0.0483600 seconds, Stopping threads took: 0.0473560 seconds
179.495: Application time: 0.1064570 seconds
179.560: [GC [PSYoungGen: 14546K->774K(14848K)] 31303K->17539K(48640K), 0.0006820 secs] [Times: user=0.00 sys=0.00, real=0.00 secs] 
179.561: Total time for which application threads were stopped: 0.0652500 seconds, Stopping threads took: 0.0644640 seconds
179.650: Application time: 0.0889470 seconds
179.717: [GC [PSYoungGen: 13487K->547K(14848K)] 30252K->17312K(48640K), 0.0005420 secs] [Times: user=0.00 sys=0.00, real=0.00 secs] 
179.717: Total time for which application threads were stopped: 0.0675750 seconds, Stopping threads took: 0.0669430 seconds
179.798: Application time: 0.0810360 seconds
179.854: [GC [PSYoungGen: 13260K->288K(14848K)] 30025K->17061K(48640K), 0.0004540 secs] [Times: user=0.00 sys=0.00, real=0.00 secs] 
179.855: Total time for which application threads were stopped: 0.0563500 seconds, Stopping threads took: 0.0558300 seconds
179.934: Application time: 0.0795020 seconds
179.976: [GC [PSYoungGen: 12903K->1165K(14848K)] 29676K->17938K(48640K), 0.0006240 secs] [Times: user=0.01 sys=0.00, real=0.00 secs] 
179.976: Total time for which application threads were stopped: 0.0422640 seconds, Stopping threads took: 0.0415720 seconds
180.060: Application time: 0.0836280 seconds
180.123: [GC [PSYoungGen: 13761K->742K(14848K)] 30534K->17523K(48640K), 0.0006540 secs] [Times: user=0.00 sys=0.00, real=0.00 secs] 
180.124: Total time for which application threads were stopped: 0.0640720 seconds, Stopping threads took: 0.0633420 seconds
180.206: Application time: 0.0814170 seconds
180.264: [GC [PSYoungGen: 13534K->563K(14848K)] 30315K->17344K(48640K), 0.0005010 secs] [Times: user=0.00 sys=0.00, real=0.00 secs] 
180.265: Total time for which application threads were stopped: 0.0590000 seconds, Stopping threads took: 0.0584280 seconds
180.346: Application time: 0.0816370 seconds
180.411: [GC [PSYoungGen: 13354K->320K(14848K)] 30135K->17101K(48640K), 0.0004160 secs] [Times: user=0.00 sys=0.00, real=0.00 secs] 
180.412: Total time for which application threads were stopped: 0.0654220 seconds, Stopping threads took: 0.0649420 seconds
180.490: Application time: 0.0781820 seconds
180.529: [GC [PSYoungGen: 12935K->2028K(14848K)] 29716K->19012K(48640K), 0.0008940 secs] [Times: user=0.01 sys=0.00, real=0.00 secs] 
180.530: Total time for which application threads were stopped: 0.0404790 seconds, Stopping threads took: 0.0395120 seconds
180.636: Application time: 0.1059480 seconds
180.701: [GC [PSYoungGen: 14702K->758K(14848K)] 31687K->17743K(48640K), 0.0004980 secs] [Times: user=0.00 sys=0.00, real=0.00 secs] 
180.701: Total time for which application threads were stopped: 0.0649910 seconds, Stopping threads took: 0.0644110 seconds
180.783: Application time: 0.0816750 seconds
180.848: [GC [PSYoungGen: 13549K->531K(14848K)] 30534K->17523K(48640K), 0.0007270 secs] [Times: user=0.00 sys=0.00, real=0.00 secs] 
180.849: Total time for which application threads were stopped: 0.0662360 seconds, Stopping threads took: 0.0654270 seconds
180.930: Application time: 0.0813750 seconds
180.996: [GC [PSYoungGen: 13322K->352K(14848K)] 30315K->17344K(48640K), 0.0006110 secs] [Times: user=0.01 sys=0.00, real=0.00 secs] 
180.997: Total time for which application threads were stopped: 0.0662210 seconds, Stopping threads took: 0.0655220 seconds
181.075: Application time: 0.0783960 seconds
181.116: [GC [PSYoungGen: 12967K->1149K(14848K)] 29959K->18149K(48640K), 0.0007340 secs] [Times: user=0.00 sys=0.00, real=0.00 secs] 
181.117: Total time for which application threads were stopped: 0.0416080 seconds, Stopping threads took: 0.0408000 seconds
181.199: Application time: 0.0823200 seconds
181.266: [GC [PSYoungGen: 13745K->758K(14848K)] 30745K->17759K(48640K), 0.0007510 secs] [Times: user=0.00 sys=0.00, real=0.00 secs] 
181.267: Total time for which application threads were stopped: 0.0681490 seconds, Stopping threads took: 0.0672970 seconds
181.356: Application time: 0.0890940 seconds
181.412: [GC [PSYoungGen: 13471K->531K(14848K)] 30472K->17539K(48640K), 0.0004970 secs] [Times: user=0.00 sys=0.00, real=0.00 secs] 
181.412: Total time for which application threads were stopped: 0.0561960 seconds, Stopping threads took: 0.0556000 seconds
181.511: Application time: 0.0981010 seconds
181.569: [GC [PSYoungGen: 13225K->1360K(14848K)] 30233K->18377K(48640K), 0.0006250 secs] [Times: user=0.00 sys=0.00, real=0.00 secs] 
181.570: Total time for which application threads were stopped: 0.0590630 seconds, Stopping threads took: 0.0583660 seconds
181.673: Application time: 0.1033170 seconds
181.740: [GC [PSYoungGen: 14152K->1133K(14848K)] 31168K->18149K(48640K), 0.0009320 secs] [Times: user=0.01 sys=0.00, real=0.00 secs] 
181.742: Total time for which application threads were stopped: 0.0686290 seconds, Stopping threads took: 0.0670640 seconds
181.841: Application time: 0.0989240 seconds
181.903: [GC [PSYoungGen: 13826K->1946K(14848K)] 30843K->18963K(48640K), 0.0007620 secs] [Times: user=0.00 sys=0.00, real=0.00 secs] 
181.903: Total time for which application threads were stopped: 0.0629100 seconds, Stopping threads took: 0.0620690 seconds
181.992: Application time: 0.0890160 seconds
182.063: [GC [PSYoungGen: 14562K->547K(14848K)] 31578K->17563K(48640K), 0.0005410 secs] [Times: user=0.00 sys=0.00, real=0.00 secs] 
182.063: Total time for which application threads were stopped: 0.0708020 seconds, Stopping threads took: 0.0701860 seconds
182.144: Application time: 0.0806400 seconds
182.200: [GC [PSYoungGen: 13260K->304K(14848K)] 30276K->17320K(48640K), 0.0005210 secs] [Times: user=0.00 sys=0.00, real=0.00 secs] 
182.200: Total time for which application threads were stopped: 0.0564170 seconds, Stopping threads took: 0.0558270 seconds
182.278: Application time: 0.0778370 seconds
182.322: [GC [PSYoungGen: 12997K->1133K(14848K)] 30014K->18157K(48640K), 0.0006280 secs] [Times: user=0.01 sys=0.00, real=0.00 secs] 
182.322: Total time for which application threads were stopped: 0.0441760 seconds, Stopping threads took: 0.0434530 seconds
182.429: Application time: 0.1064440 seconds
182.493: [GC [PSYoungGen: 13807K->758K(14848K)] 30832K->17791K(48640K), 0.0005890 secs] [Times: user=0.01 sys=0.00, real=0.00 secs] 
182.494: Total time for which application threads were stopped: 0.0652720 seconds, Stopping threads took: 0.0645860 seconds
182.582: Application time: 0.0878410 seconds
182.655: [GC [PSYoungGen: 13549K->547K(14848K)] 30582K->17587K(48640K), 0.0005810 secs] [Times: user=0.01 sys=0.00, real=0.00 secs] 
182.655: Total time for which application threads were stopped: 0.0733410 seconds, Stopping threads took: 0.0726750 seconds
182.737: Application time: 0.0816500 seconds
182.797: [GC [PSYoungGen: 13260K->336K(14848K)] 30301K->17376K(48640K), 0.0005000 secs] [Times: user=0.00 sys=0.00, real=0.00 secs] 
182.797: Total time for which application threads were stopped: 0.0603200 seconds, Stopping threads took: 0.0597250 seconds
182.876: Application time: 0.0784330 seconds
182.918: [GC [PSYoungGen: 12951K->1133K(14848K)] 29991K->18181K(48640K), 0.0007060 secs] [Times: user=0.01 sys=0.00, real=0.00 secs] 
182.919: Total time for which application threads were stopped: 0.0433340 seconds, Stopping threads took: 0.0425400 seconds
183.024: Application time: 0.1051400 seconds
183.084: [GC [PSYoungGen: 13807K->790K(14848K)] 30856K->17847K(48640K), 0.0005930 secs] [Times: user=0.01 sys=0.00, real=0.00 secs] 
183.084: Total time for which application threads were stopped: 0.0600400 seconds, Stopping threads took: 0.0593400 seconds
183.171: Application time: 0.0867210 seconds
183.208: [GC [PSYoungGen: 13484K->1881K(14848K)] 30540K->19726K(48640K), 0.0010410 secs] [Times: user=0.00 sys=0.00, real=0.00 secs] 
183.209: Total time for which application threads were stopped: 0.0379310 seconds, Stopping threads took: 0.0368150 seconds
183.295: Application time: 0.0857860 seconds
183.363: [GC [PSYoungGen: 14593K->1376K(14848K)] 32439K->19222K(48640K), 0.0007230 secs] [Times: user=0.00 sys=0.00, real=0.00 secs] 
183.364: Total time for which application threads were stopped: 0.0691090 seconds, Stopping threads took: 0.0683120 seconds
183.466: Application time: 0.1021570 seconds
183.527: [GC [PSYoungGen: 14167K->1149K(14848K)] 32013K->19003K(48640K), 0.0011760 secs] [Times: user=0.01 sys=0.00, real=0.00 secs] 
183.528: Total time for which application threads were stopped: 0.0626030 seconds, Stopping threads took: 0.0613340 seconds
183.612: Application time: 0.0836200 seconds
183.671: [GC [PSYoungGen: 13745K->790K(14848K)] 31599K->18644K(48640K), 0.0006370 secs] [Times: user=0.00 sys=0.00, real=0.00 secs] 
183.672: Total time for which application threads were stopped: 0.0595030 seconds, Stopping threads took: 0.0587850 seconds
183.759: Application time: 0.0874410 seconds
183.826: [GC [PSYoungGen: 13503K->1669K(14848K)] 31357K->19531K(48640K), 0.0007100 secs] [Times: user=0.01 sys=0.00, real=0.00 secs] 
183.827: Total time for which application threads were stopped: 0.0679610 seconds, Stopping threads took: 0.0671780 seconds
183.909: Application time: 0.0821630 seconds
183.970: [GC [PSYoungGen: 14285K->1360K(14848K)] 32146K->19238K(48640K), 0.0007960 secs] [Times: user=0.00 sys=0.00, real=0.00 secs] 
183.970: Total time for which application threads were stopped: 0.0612810 seconds, Stopping threads took: 0.0604170 seconds
184.070: Application time: 0.0993760 seconds
184.136: [GC [PSYoungGen: 14151K->1197K(14848K)] 32029K->19083K(48640K), 0.0008160 secs] [Times: user=0.01 sys=0.00, real=0.00 secs] 
184.137: Total time for which application threads were stopped: 0.0672250 seconds, Stopping threads took: 0.0663120 seconds
184.222: Application time: 0.0847970 seconds
184.279: [GC [PSYoungGen: 13793K->726K(14848K)] 31678K->18612K(48640K), 0.0004770 secs] [Times: user=0.01 sys=0.00, real=0.00 secs] 
184.280: Total time for which application threads were stopped: 0.0577440 seconds, Stopping threads took: 0.0571920 seconds
184.362: Application time: 0.0827050 seconds
184.430: [GC [PSYoungGen: 13518K->547K(14848K)] 31403K->18433K(48640K), 0.0005680 secs] [Times: user=0.00 sys=0.00, real=0.00 secs] 
184.431: Total time for which application threads were stopped: 0.0684180 seconds, Stopping threads took: 0.0677580 seconds
184.510: Application time: 0.0796720 seconds
184.552: [GC [PSYoungGen: 13260K->1410K(14848K)] 31146K->19304K(48640K), 0.0008500 secs] [Times: user=0.00 sys=0.00, real=0.00 secs] 
184.552: Total time for which application threads were stopped: 0.0420110 seconds, Stopping threads took: 0.0410740 seconds
184.635: Application time: 0.0821800 seconds
184.689: [GC [PSYoungGen: 14103K->1165K(14848K)] 31997K->19067K(48640K), 0.0007660 secs] [Times: user=0.00 sys=0.00, real=0.00 secs] 
184.690: Total time for which application threads were stopped: 0.0553990 seconds, Stopping threads took: 0.0545520 seconds
184.791: Application time: 0.1007930 seconds
184.852: [GC [PSYoungGen: 13839K->726K(14848K)] 31741K->18636K(48640K), 0.0006850 secs] [Times: user=0.01 sys=0.00, real=0.00 secs] 
184.852: Total time for which application threads were stopped: 0.0615820 seconds, Stopping threads took: 0.0607970 seconds
184.935: Application time: 0.0821790 seconds
184.994: [GC [PSYoungGen: 13518K->595K(14848K)] 31427K->18505K(48640K), 0.0006560 secs] [Times: user=0.00 sys=0.00, real=0.00 secs] 
184.995: Total time for which application threads were stopped: 0.0603600 seconds, Stopping threads took: 0.0596140 seconds
185.077: Application time: 0.0823330 seconds
185.143: [GC [PSYoungGen: 13386K->336K(14848K)] 31296K->18245K(48640K), 0.0004830 secs] [Times: user=0.00 sys=0.00, real=0.00 secs] 
185.143: Total time for which application threads were stopped: 0.0660900 seconds, Stopping threads took: 0.0655200 seconds
185.222: Application time: 0.0783200 seconds
185.264: [GC [PSYoungGen: 12951K->1133K(14848K)] 30861K->19051K(48640K), 0.0006940 secs] [Times: user=0.00 sys=0.00, real=0.01 secs] 
185.265: Total time for which application threads were stopped: 0.0435170 seconds, Stopping threads took: 0.0427330 seconds
185.347: Application time: 0.0821860 seconds
185.413: [GC [PSYoungGen: 13729K->790K(14848K)] 31647K->18716K(48640K), 0.0005780 secs] [Times: user=0.00 sys=0.00, real=0.00 secs] 
185.414: Total time for which application threads were stopped: 0.0666820 seconds, Stopping threads took: 0.0660130 seconds
185.498: Application time: 0.0834590 seconds
185.565: [GC [PSYoungGen: 13503K->563K(14848K)] 31429K->18489K(48640K), 0.0004940 secs] [Times: user=0.00 sys=0.00, real=0.00 secs] 
185.566: Total time for which application threads were stopped: 0.0680570 seconds, Stopping threads took: 0.0674880 seconds
185.648: Application time: 0.0822950 seconds
185.700: [GC [PSYoungGen: 13354K->336K(14848K)] 31280K->18269K(48640K), 0.0004620 secs] [Times: user=0.00 sys=0.00, real=0.00 secs] 
185.701: Total time for which application threads were stopped: 0.0530700 seconds, Stopping threads took: 0.0525390 seconds
185.780: Application time: 0.0786910 seconds
185.820: [GC [PSYoungGen: 12951K->1117K(14848K)] 30885K->19059K(48640K), 0.0006160 secs] [Times: user=0.00 sys=0.00, real=0.00 secs] 
185.821: Total time for which application threads were stopped: 0.0409750 seconds, Stopping threads took: 0.0402930 seconds
185.925: Application time: 0.1042020 seconds
185.985: [GC [PSYoungGen: 13713K->742K(14848K)] 31655K->18684K(48640K), 0.0005690 secs] [Times: user=0.00 sys=0.00, real=0.01 secs] 
185.985: Total time for which application threads were stopped: 0.0606410 seconds, Stopping threads took: 0.0599760 seconds
186.068: Application time: 0.0829440 seconds
186.133: [GC [PSYoungGen: 13455K->579K(14848K)] 31397K->18521K(48640K), 0.0005170 secs] [Times: user=0.00 sys=0.00, real=0.00 secs] 
186.134: Total time for which application threads were stopped: 0.0654400 seconds, Stopping threads took: 0.0648300 seconds
186.215: Application time: 0.0814730 seconds
186.273: [GC [PSYoungGen: 13370K->304K(14848K)] 31312K->18261K(48640K), 0.0004320 secs] [Times: user=0.00 sys=0.00, real=0.01 secs] 
186.273: Total time for which application threads were stopped: 0.0577930 seconds, Stopping threads took: 0.0572940 seconds
186.352: Application time: 0.0785370 seconds
186.395: [GC [PSYoungGen: 13075K->1165K(14848K)] 31033K->19131K(48640K), 0.0005940 secs] [Times: user=0.00 sys=0.00, real=0.00 secs] 
186.396: Total time for which application threads were stopped: 0.0439430 seconds, Stopping threads took: 0.0432730 seconds
186.480: Application time: 0.0847540 seconds
186.543: [GC [PSYoungGen: 13683K->774K(14848K)] 31648K->18748K(48640K), 0.0005500 secs] [Times: user=0.00 sys=0.00, real=0.00 secs] 
186.544: Total time for which application threads were stopped: 0.0633870 seconds, Stopping threads took: 0.0627370 seconds
186.644: Application time: 0.1002780 seconds
186.709: [GC [PSYoungGen: 13566K->547K(14848K)] 31539K->18521K(48640K), 0.0005600 secs] [Times: user=0.00 sys=0.00, real=0.00 secs] 
186.710: Total time for which application threads were stopped: 0.0655150 seconds, Stopping threads took: 0.0648810 seconds
186.793: Application time: 0.0837530 seconds
186.845: [GC [PSYoungGen: 13260K->336K(14848K)] 31234K->18317K(48640K), 0.0004450 secs] [Times: user=0.01 sys=0.00, real=0.00 secs] 
186.847: Total time for which application threads were stopped: 0.0532830 seconds, Stopping threads took: 0.0517080 seconds
186.925: Application time: 0.0782680 seconds
186.967: [GC [PSYoungGen: 13127K->1962K(14848K)] 31109K->20343K(48640K), 0.0009860 secs] [Times: user=0.00 sys=0.00, real=0.00 secs] 
186.968: Total time for which application threads were stopped: 0.0434710 seconds, Stopping threads took: 0.0423930 seconds
187.053: Application time: 0.0847030 seconds
187.122: [GC [PSYoungGen: 14461K->758K(14848K)] 32841K->19147K(48640K), 0.0005300 secs] [Times: user=0.00 sys=0.00, real=0.00 secs] 
187.122: Total time for which application threads were stopped: 0.0693910 seconds, Stopping threads took: 0.0687820 seconds
187.204: Application time: 0.0815960 seconds
187.268: [GC [PSYoungGen: 13550K->563K(14848K)] 31938K->18959K(48640K), 0.0004810 secs] [Times: user=0.00 sys=0.00, real=0.00 secs] 
187.268: Total time for which application threads were stopped: 0.0641290 seconds, Stopping threads took: 0.0635820 seconds
187.351: Application time: 0.0832630 seconds
187.406: [GC [PSYoungGen: 13276K->352K(14848K)] 31672K->18748K(48640K), 0.0004960 secs] [Times: user=0.00 sys=0.00, real=0.00 secs] 
187.406: Total time for which application threads were stopped: 0.0548250 seconds, Stopping threads took: 0.0542610 seconds
187.488: Application time: 0.0812760 seconds
187.525: [GC [PSYoungGen: 13045K->1133K(14848K)] 31442K->19537K(48640K), 0.0006180 secs] [Times: user=0.01 sys=0.00, real=0.01 secs] 
187.526: Total time for which application threads were stopped: 0.0381230 seconds, Stopping threads took: 0.0374310 seconds
187.609: Application time: 0.0837650 seconds
187.674: [GC [PSYoungGen: 13729K->774K(14848K)] 32133K->19179K(48640K), 0.0006520 secs] [Times: user=0.00 sys=0.00, real=0.00 secs] 
187.674: Total time for which application threads were stopped: 0.0649500 seconds, Stopping threads took: 0.0642200 seconds
187.762: Application time: 0.0871790 seconds
187.834: [GC [PSYoungGen: 13468K->1572K(14848K)] 31872K->19984K(48640K), 0.0006710 secs] [Times: user=0.00 sys=0.00, real=0.00 secs] 
187.834: Total time for which application threads were stopped: 0.0727280 seconds, Stopping threads took: 0.0719800 seconds
187.933: Application time: 0.0991700 seconds
187.996: [GC [PSYoungGen: 14363K->1328K(14848K)] 32775K->19741K(48640K), 0.0007700 secs] [Times: user=0.00 sys=0.00, real=0.00 secs] 
187.997: Total time for which application threads were stopped: 0.0634300 seconds, Stopping threads took: 0.0625720 seconds
188.095: Application time: 0.0983790 seconds
188.165: [GC [PSYoungGen: 14119K->1165K(14848K)] 32532K->19585K(48640K), 0.0005970 secs] [Times: user=0.00 sys=0.00, real=0.00 secs] 
188.166: Total time for which application threads were stopped: 0.0706570 seconds, Stopping threads took: 0.0699890 seconds
188.269: Application time: 0.1030420 seconds
188.335: [GC [PSYoungGen: 13683K->790K(14848K)] 32103K->19211K(48640K), 0.0007030 secs] [Times: user=0.00 sys=0.00, real=0.00 secs] 
188.335: Total time for which application threads were stopped: 0.0663650 seconds, Stopping threads took: 0.0655760 seconds
188.424: Application time: 0.0883090 seconds
188.482: [GC [PSYoungGen: 13503K->1653K(14848K)] 31924K->20082K(48640K), 0.0008610 secs] [Times: user=0.00 sys=0.00, real=0.00 secs] 
188.483: Total time for which application threads were stopped: 0.0592300 seconds, Stopping threads took: 0.0582780 seconds
188.565: Application time: 0.0822170 seconds
188.628: [GC [PSYoungGen: 14073K->1181K(14848K)] 32502K->19617K(48640K), 0.0007050 secs] [Times: user=0.00 sys=0.00, real=0.00 secs] 
188.629: Total time for which application threads were stopped: 0.0636240 seconds, Stopping threads took: 0.0628350 seconds
188.732: Application time: 0.1030180 seconds
188.764: [GC [PSYoungGen: 13952K->1946K(14848K)] 32389K->20383K(48640K), 0.0007700 secs] [Times: user=0.01 sys=0.00, real=0.01 secs] 
188.765: Total time for which application threads were stopped: 0.0334050 seconds, Stopping threads took: 0.0325700 seconds
188.867: Application time: 0.1016170 seconds
188.927: [GC [PSYoungGen: 14620K->1556K(14848K)] 33057K->20008K(48640K), 0.0008700 secs] [Times: user=0.01 sys=0.00, real=0.00 secs] 
188.928: Total time for which application threads were stopped: 0.0611770 seconds, Stopping threads took: 0.0602020 seconds
189.024: Application time: 0.0957650 seconds
189.093: [GC [PSYoungGen: 14269K->1376K(14848K)] 32721K->19829K(48640K), 0.0008790 secs] [Times: user=0.00 sys=0.00, real=0.01 secs] 
189.094: Total time for which application threads were stopped: 0.0699750 seconds, Stopping threads took: 0.0690010 seconds
189.198: Application time: 0.1046530 seconds
189.258: [GC [PSYoungGen: 14089K->1165K(14848K)] 32542K->19633K(48640K), 0.0006110 secs] [Times: user=0.00 sys=0.00, real=0.00 secs] 
189.259: Total time for which application threads were stopped: 0.0603750 seconds, Stopping threads took: 0.0596740 seconds
189.343: Application time: 0.0841720 seconds
189.408: [GC [PSYoungGen: 13956K->1002K(14848K)] 32425K->19478K(48640K), 0.0006500 secs] [Times: user=0.00 sys=0.00, real=0.00 secs] 
189.409: Total time for which application threads were stopped: 0.0662290 seconds, Stopping threads took: 0.0654770 seconds
189.499: Application time: 0.0899290 seconds
189.557: [GC [PSYoungGen: 13422K->1556K(14848K)] 31898K->20040K(48640K), 0.0007220 secs] [Times: user=0.01 sys=0.00, real=0.00 secs] 
189.558: Total time for which application threads were stopped: 0.0587730 seconds, Stopping threads took: 0.0579730 seconds
189.653: Application time: 0.0951120 seconds
189.722: [GC [PSYoungGen: 14308K->1181K(14848K)] 32792K->19665K(48640K), 0.0006170 secs] [Times: user=0.01 sys=0.00, real=0.00 secs] 
189.723: Total time for which application threads were stopped: 0.0700690 seconds, Stopping threads took: 0.0693850 seconds
189.806: Application time: 0.0831170 seconds
189.872: [GC [PSYoungGen: 13699K->806K(14848K)] 32183K->19307K(48640K), 0.0005910 secs] [Times: user=0.00 sys=0.00, real=0.00 secs] 
189.873: Total time for which application threads were stopped: 0.0663570 seconds, Stopping threads took: 0.0656780 seconds
189.959: Application time: 0.0863190 seconds
189.998: [GC [PSYoungGen: 13519K->1978K(14848K)] 32020K->21268K(48640K), 0.0011140 secs] [Times: user=0.00 sys=0.00, real=0.00 secs] 
189.999: Total time for which application threads were stopped: 0.0401840 seconds, Stopping threads took: 0.0389710 seconds
190.094: Application time: 0.0948550 seconds
190.163: [GC [PSYoungGen: 14691K->304K(14848K)] 33981K->19601K(48640K), 0.0006610 secs] [Times: user=0.00 sys=0.00, real=0.00 secs] 
190.164: Total time for which application threads were stopped: 0.0699340 seconds, Stopping threads took: 0.0691720 seconds
190.243: Application time: 0.0794890 seconds
190.287: [GC [PSYoungGen: 12919K->1181K(14848K)] 32217K->20487K(48640K), 0.0006370 secs] [Times: user=0.01 sys=0.00, real=0.00 secs] 
190.288: Total time for which application threads were stopped: 0.0447080 seconds, Stopping threads took: 0.0440010 seconds
190.371: Application time: 0.0828450 seconds
190.434: [GC [PSYoungGen: 13855K->806K(14848K)] 33161K->20120K(48640K), 0.0006890 secs] [Times: user=0.00 sys=0.00, real=0.00 secs] 
190.435: Total time for which application threads were stopped: 0.0636390 seconds, Stopping threads took: 0.0628620 seconds
190.528: Application time: 0.0934380 seconds
190.596: [GC [PSYoungGen: 13597K->579K(14848K)] 32911K->19893K(48640K), 0.0004650 secs] [Times: user=0.01 sys=0.00, real=0.00 secs] 
190.597: Total time for which application threads were stopped: 0.0687360 seconds, Stopping threads took: 0.0681980 seconds
190.680: Application time: 0.0827810 seconds
190.744: [GC [PSYoungGen: 13370K->320K(14848K)] 32684K->19633K(48640K), 0.0004860 secs] [Times: user=0.00 sys=0.00, real=0.00 secs] 
190.744: Total time for which application threads were stopped: 0.0647710 seconds, Stopping threads took: 0.0642050 seconds
190.823: Application time: 0.0787950 seconds
190.867: [GC [PSYoungGen: 12935K->1149K(14848K)] 32249K->20463K(48640K), 0.0006180 secs] [Times: user=0.00 sys=0.00, real=0.00 secs] 
190.868: Total time for which application threads were stopped: 0.0446400 seconds, Stopping threads took: 0.0439530 seconds
190.950: Application time: 0.0824920 seconds
191.020: [GC [PSYoungGen: 13745K->742K(14848K)] 33059K->20064K(48640K), 0.0004960 secs] [Times: user=0.00 sys=0.00, real=0.00 secs] 
191.020: Total time for which application threads were stopped: 0.0699590 seconds, Stopping threads took: 0.0693890 seconds
191.108: Application time: 0.0880470 seconds
191.153: [GC [PSYoungGen: 13241K->1392K(14848K)] 32562K->20722K(48640K), 0.0007270 secs] [Times: user=0.00 sys=0.00, real=0.00 secs] 
191.154: Total time for which application threads were stopped: 0.0456450 seconds, Stopping threads took: 0.0448360 seconds
191.256: Application time: 0.1024770 seconds
191.336: [GC [PSYoungGen: 14183K->1149K(14848K)] 33513K->20479K(48640K), 0.0006500 secs] [Times: user=0.00 sys=0.00, real=0.00 secs] 
191.336: Total time for which application threads were stopped: 0.0798570 seconds, Stopping threads took: 0.0791270 seconds
191.427: Application time: 0.0904460 seconds
191.493: [GC [PSYoungGen: 13667K->742K(14848K)] 32996K->20072K(48640K), 0.0006760 secs] [Times: user=0.00 sys=0.00, real=0.00 secs] 
191.494: Total time for which application threads were stopped: 0.0672510 seconds, Stopping threads took: 0.0664800 seconds
191.584: Application time: 0.0904060 seconds
191.647: [GC [PSYoungGen: 13416K->352K(14848K)] 32746K->19689K(48640K), 0.0005350 secs] [Times: user=0.00 sys=0.00, real=0.00 secs] 
191.648: Total time for which application threads were stopped: 0.0633670 seconds, Stopping threads took: 0.0627430 seconds
191.732: Application time: 0.0839010 seconds
191.779: [GC [PSYoungGen: 12967K->2028K(14848K)] 32305K->21561K(48640K), 0.0009390 secs] [Times: user=0.01 sys=0.00, real=0.00 secs] 
191.780: Total time for which application threads were stopped: 0.0483170 seconds, Stopping threads took: 0.0472760 seconds
191.869: Application time: 0.0894210 seconds
191.939: [GC [PSYoungGen: 14546K->1849K(14848K)] 34079K->21390K(48640K), 0.0009160 secs] [Times: user=0.01 sys=0.00, real=0.00 secs] 
191.941: Total time for which application threads were stopped: 0.0712170 seconds, Stopping threads took: 0.0696050 seconds
192.031: Application time: 0.0899680 seconds
192.105: [GC [PSYoungGen: 14640K->547K(14848K)] 34181K->20088K(48640K), 0.0005520 secs] [Times: user=0.00 sys=0.00, real=0.01 secs] 
192.105: Total time for which application threads were stopped: 0.0746230 seconds, Stopping threads took: 0.0739950 seconds
192.195: Application time: 0.0899770 seconds
192.268: [GC [PSYoungGen: 13338K->352K(14848K)] 32879K->19893K(48640K), 0.0006390 secs] [Times: user=0.00 sys=0.00, real=0.00 secs] 
192.269: Total time for which application threads were stopped: 0.0734760 seconds, Stopping threads took: 0.0727460 seconds
192.353: Application time: 0.0843580 seconds
192.398: [GC [PSYoungGen: 12967K->1962K(14848K)] 32508K->22871K(48640K), 0.0011730 secs] [Times: user=0.01 sys=0.00, real=0.00 secs] 
192.399: Total time for which application threads were stopped: 0.0459340 seconds, Stopping threads took: 0.0446610 seconds
192.489: Application time: 0.0899410 seconds
192.569: [GC [PSYoungGen: 14558K->758K(14848K)] 35466K->21667K(48640K), 0.0005510 secs] [Times: user=0.00 sys=0.00, real=0.00 secs] 
192.570: Total time for which application threads were stopped: 0.0807260 seconds, Stopping threads took: 0.0800870 seconds
192.658: Application time: 0.0884220 seconds
192.729: [GC [PSYoungGen: 13550K->563K(14848K)] 34458K->21479K(48640K), 0.0005190 secs] [Times: user=0.01 sys=0.00, real=0.00 secs] 
192.730: Total time for which application threads were stopped: 0.0717550 seconds, Stopping threads took: 0.0711640 seconds
192.819: Application time: 0.0887680 seconds
192.880: [GC [PSYoungGen: 13276K->352K(14848K)] 34192K->21276K(48640K), 0.0005420 secs] [Times: user=0.00 sys=0.00, real=0.00 secs] 
192.881: Total time for which application threads were stopped: 0.0624060 seconds, Stopping threads took: 0.0617680 seconds
192.965: Application time: 0.0841880 seconds
192.970: [GC [PSYoungGen: 13045K->1897K(14848K)] 33969K->25368K(48640K), 0.0016210 secs] [Times: user=0.01 sys=0.00, real=0.00 secs] 
192.971: Total time for which application threads were stopped: 0.0060960 seconds, Stopping threads took: 0.0043930 seconds
193.076: Application time: 0.1051250 seconds
193.154: [GC [PSYoungGen: 14649K->726K(14848K)] 38120K->24198K(48640K), 0.0007280 secs] [Times: user=0.01 sys=0.00, real=0.00 secs] 
193.155: Total time for which application threads were stopped: 0.0781390 seconds, Stopping threads took: 0.0773070 seconds
193.244: Application time: 0.0897410 seconds
193.312: [GC [PSYoungGen: 13439K->563K(14848K)] 36911K->24042K(48640K), 0.0007960 secs] [Times: user=0.00 sys=0.00, real=0.00 secs] 
193.313: Total time for which application threads were stopped: 0.0687650 seconds, Stopping threads took: 0.0678780 seconds
193.401: Application time: 0.0882550 seconds
193.471: [GC [PSYoungGen: 13276K->336K(14848K)] 36755K->23823K(48640K), 0.0005550 secs] [Times: user=0.00 sys=0.00, real=0.00 secs] 
193.471: Total time for which application threads were stopped: 0.0700520 seconds, Stopping threads took: 0.0694160 seconds
193.556: Application time: 0.0849720 seconds
193.601: [GC [PSYoungGen: 12951K->2044K(14848K)] 36438K->25735K(48640K), 0.0010400 secs] [Times: user=0.00 sys=0.00, real=0.00 secs] 
193.602: Total time for which application threads were stopped: 0.0455890 seconds, Stopping threads took: 0.0444490 seconds
193.707: Application time: 0.1050330 seconds
193.781: [GC [PSYoungGen: 14718K->726K(14848K)] 38409K->24417K(48640K), 0.0005550 secs] [Times: user=0.00 sys=0.00, real=0.00 secs] 
193.782: Total time for which application threads were stopped: 0.0748750 seconds, Stopping threads took: 0.0742110 seconds
193.871: Application time: 0.0889500 seconds
193.941: [GC [PSYoungGen: 13517K->547K(14848K)] 37208K->24246K(48640K), 0.0006270 secs] [Times: user=0.00 sys=0.00, real=0.00 secs] 
193.942: Total time for which application threads were stopped: 0.0711540 seconds, Stopping threads took: 0.0704530 seconds
194.031: Application time: 0.0895450 seconds
194.094: [GC [PSYoungGen: 13260K->320K(14848K)] 36959K->24018K(48640K), 0.0006630 secs] [Times: user=0.01 sys=0.00, real=0.00 secs] 
194.094: Total time for which application threads were stopped: 0.0629430 seconds, Stopping threads took: 0.0621910 seconds
194.180: Application time: 0.0858690 seconds
194.225: [GC [PSYoungGen: 12935K->1117K(14848K)] 36634K->24816K(48640K), 0.0007250 secs] [Times: user=0.01 sys=0.00, real=0.01 secs] 
194.225: Total time for which application threads were stopped: 0.0451700 seconds, Stopping threads took: 0.0443520 seconds
194.334: Application time: 0.1083230 seconds
194.406: [GC [PSYoungGen: 13830K->986K(14848K)] 37529K->24692K(48640K), 0.0006180 secs] [Times: user=0.01 sys=0.00, real=0.00 secs] 
194.407: Total time for which application threads were stopped: 0.0732210 seconds, Stopping threads took: 0.0725190 seconds
194.496: Application time: 0.0890420 seconds
194.565: [GC [PSYoungGen: 13777K->742K(14848K)] 37483K->24457K(48640K), 0.0005240 secs] [Times: user=0.01 sys=0.00, real=0.01 secs] 
194.565: Total time for which application threads were stopped: 0.0693650 seconds, Stopping threads took: 0.0687680 seconds
194.653: Application time: 0.0873800 seconds
194.717: [GC [PSYoungGen: 13534K->563K(14848K)] 37248K->24278K(48640K), 0.0004860 secs] [Times: user=0.00 sys=0.00, real=0.00 secs] 
194.718: Total time for which application threads were stopped: 0.0648420 seconds, Stopping threads took: 0.0642820 seconds
194.813: Application time: 0.0954550 seconds
194.880: [GC [PSYoungGen: 13335K->1392K(14848K)] 37050K->25115K(48640K), 0.0007450 secs] [Times: user=0.00 sys=0.00, real=0.00 secs] 
194.880: Total time for which application threads were stopped: 0.0672050 seconds, Stopping threads took: 0.0663700 seconds
194.967: Application time: 0.0869720 seconds
195.032: [GC [PSYoungGen: 14105K->1117K(14848K)] 37828K->24856K(48640K), 0.0006080 secs] [Times: user=0.01 sys=0.00, real=0.00 secs] 
195.033: Total time for which application threads were stopped: 0.0654950 seconds, Stopping threads took: 0.0648090 seconds
195.121: Application time: 0.0886150 seconds
195.187: [GC [PSYoungGen: 13713K->694K(14848K)] 37452K->24433K(48640K), 0.0005620 secs] [Times: user=0.00 sys=0.00, real=0.00 secs] 
195.187: Total time for which application threads were stopped: 0.0660700 seconds, Stopping threads took: 0.0654410 seconds
195.269: Application time: 0.0815020 seconds
195.331: [GC [PSYoungGen: 13369K->304K(14848K)] 37107K->24050K(48640K), 0.0006490 secs] [Times: user=0.00 sys=0.00, real=0.00 secs] 
195.332: Total time for which application threads were stopped: 0.0629820 seconds, Stopping threads took: 0.0622600 seconds
195.411: Application time: 0.0789180 seconds
195.450: [GC [PSYoungGen: 12919K->2012K(14848K)] 36666K->25962K(48640K), 0.0010880 secs] [Times: user=0.01 sys=0.00, real=0.00 secs] 
195.451: Total time for which application threads were stopped: 0.0402810 seconds, Stopping threads took: 0.0391000 seconds
195.535: Application time: 0.0840990 seconds
195.591: [GC [PSYoungGen: 14803K->1881K(14848K)] 38753K->26026K(48640K), 0.0009710 secs] [Times: user=0.00 sys=0.00, real=0.00 secs] 
195.592: Total time for which application threads were stopped: 0.0571850 seconds, Stopping threads took: 0.0561130 seconds
195.676: Application time: 0.0836710 seconds
195.744: [GC [PSYoungGen: 14594K->774K(14848K)] 38739K->24920K(48640K), 0.0005840 secs] [Times: user=0.01 sys=0.00, real=0.00 secs] 
195.745: Total time for which application threads were stopped: 0.0684160 seconds, Stopping threads took: 0.0677550 seconds
195.826: Application time: 0.0817020 seconds
195.864: [GC [PSYoungGen: 13487K->1653K(14848K)] 37633K->25799K(48640K), 0.0007680 secs] [Times: user=0.01 sys=0.00, real=0.00 secs] 
195.865: Total time for which application threads were stopped: 0.0385250 seconds, Stopping threads took: 0.0376740 seconds
195.948: Application time: 0.0834270 seconds
196.015: [GC [PSYoungGen: 14366K->352K(14848K)] 38512K->24513K(48640K), 0.0005010 secs] [Times: user=0.01 sys=0.00, real=0.00 secs] 
196.016: Total time for which application threads were stopped: 0.0674120 seconds, Stopping threads took: 0.0668420 seconds
196.094: Application time: 0.0786920 seconds
196.135: [GC [PSYoungGen: 13143K->1946K(14848K)] 37304K->26506K(48640K), 0.0010630 secs] [Times: user=0.00 sys=0.00, real=0.00 secs] 
196.137: Total time for which application threads were stopped: 0.0422290 seconds, Stopping threads took: 0.0410660 seconds
196.219: Application time: 0.0829610 seconds
196.288: [GC [PSYoungGen: 14444K->742K(14848K)] 39005K->25302K(48640K), 0.0005170 secs] [Times: user=0.00 sys=0.00, real=0.00 secs] 
196.288: Total time for which application threads were stopped: 0.0686400 seconds, Stopping threads took: 0.0680510 seconds
196.373: Application time: 0.0844440 seconds
196.437: [GC [PSYoungGen: 13455K->579K(14848K)] 38015K->25139K(48640K), 0.0005650 secs] [Times: user=0.01 sys=0.00, real=0.00 secs] 
196.437: Total time for which application threads were stopped: 0.0648610 seconds, Stopping threads took: 0.0642190 seconds
196.515: Application time: 0.0779700 seconds
196.558: [GC [PSYoungGen: 13312K->1864K(14848K)] 37872K->26815K(48640K), 0.0008920 secs] [Times: user=0.00 sys=0.00, real=0.00 secs] 
196.559: Total time for which application threads were stopped: 0.0430970 seconds, Stopping threads took: 0.0421110 seconds
196.641: Application time: 0.0823910 seconds
196.706: [GC [PSYoungGen: 14578K->970K(14848K)] 39528K->25928K(48640K), 0.0007560 secs] [Times: user=0.00 sys=0.00, real=0.00 secs] 
196.707: Total time for which application threads were stopped: 0.0657780 seconds, Stopping threads took: 0.0649200 seconds
196.801: Application time: 0.0944880 seconds
196.871: [GC [PSYoungGen: 13683K->742K(14848K)] 38641K->25709K(48640K), 0.0005860 secs] [Times: user=0.00 sys=0.00, real=0.00 secs] 
196.872: Total time for which application threads were stopped: 0.0705250 seconds, Stopping threads took: 0.0698430 seconds
196.954: Application time: 0.0822010 seconds
197.013: [GC [PSYoungGen: 13455K->611K(14848K)] 38422K->25594K(48640K), 0.0005030 secs] [Times: user=0.00 sys=0.01, real=0.00 secs] 
197.015: Total time for which application threads were stopped: 0.0610010 seconds, Stopping threads took: 0.0594300 seconds
197.093: Application time: 0.0780350 seconds
197.133: [GC [PSYoungGen: 13383K->1376K(14848K)] 38366K->26359K(48640K), 0.0007510 secs] [Times: user=0.00 sys=0.00, real=0.00 secs] 
197.134: Total time for which application threads were stopped: 0.0411150 seconds, Stopping threads took: 0.0402890 seconds
197.236: Application time: 0.1014370 seconds
197.301: [GC [PSYoungGen: 14089K->1133K(14848K)] 39072K->26124K(48640K), 0.0007290 secs] [Times: user=0.00 sys=0.00, real=0.00 secs] 
197.301: Total time for which application threads were stopped: 0.0658670 seconds, Stopping threads took: 0.0650570 seconds
197.385: Application time: 0.0836060 seconds
197.441: [GC [PSYoungGen: 13651K->742K(14848K)] 38641K->25741K(48640K), 0.0006180 secs] [Times: user=0.00 sys=0.00, real=0.00 secs] 
197.442: Total time for which application threads were stopped: 0.0567750 seconds, Stopping threads took: 0.0560720 seconds
197.524: Application time: 0.0820530 seconds
197.590: [GC [PSYoungGen: 13455K->579K(14848K)] 38454K->25578K(48640K), 0.0005160 secs] [Times: user=0.00 sys=0.00, real=0.00 secs] 
197.590: Total time for which application threads were stopped: 0.0665710 seconds, Stopping threads took: 0.0659900 seconds
197.678: Application time: 0.0878530 seconds
197.743: [GC [PSYoungGen: 12999K->1213K(14848K)] 37998K->26220K(48640K), 0.0006600 secs] [Times: user=0.01 sys=0.00, real=0.00 secs] 
197.743: Total time for which application threads were stopped: 0.0651450 seconds, Stopping threads took: 0.0644110 seconds
197.845: Application time: 0.1016320 seconds
197.908: [GC [PSYoungGen: 13848K->547K(14848K)] 38855K->25554K(48640K), 0.0004970 secs] [Times: user=0.00 sys=0.00, real=0.00 secs] 
197.909: Total time for which application threads were stopped: 0.0638470 seconds, Stopping threads took: 0.0632720 seconds
197.990: Application time: 0.0809740 seconds
198.044: [GC [PSYoungGen: 13338K->352K(14848K)] 38345K->25358K(48640K), 0.0004450 secs] [Times: user=0.00 sys=0.00, real=0.00 secs] 
198.044: Total time for which application threads were stopped: 0.0543040 seconds, Stopping threads took: 0.0537850 seconds
198.122: Application time: 0.0783370 seconds
198.162: [GC [PSYoungGen: 12967K->2028K(14848K)] 37974K->27230K(48640K), 0.0008910 secs] [Times: user=0.00 sys=0.00, real=0.00 secs] 
198.163: Total time for which application threads were stopped: 0.0407150 seconds, Stopping threads took: 0.0397530 seconds
198.246: Application time: 0.0824290 seconds
198.317: [GC [PSYoungGen: 14741K->1002K(14848K)] 39943K->26212K(48640K), 0.0005900 secs] [Times: user=0.00 sys=0.00, real=0.00 secs] 
198.318: Total time for which application threads were stopped: 0.0720300 seconds, Stopping threads took: 0.0713700 seconds
198.413: Application time: 0.0952110 seconds
198.481: [GC [PSYoungGen: 13793K->774K(14848K)] 39003K->25992K(48640K), 0.0004960 secs] [Times: user=0.00 sys=0.00, real=0.00 secs] 
198.481: Total time for which application threads were stopped: 0.0684870 seconds, Stopping threads took: 0.0679130 seconds
198.564: Application time: 0.0826620 seconds
198.620: [GC [PSYoungGen: 13566K->515K(14848K)] 38784K->25733K(48640K), 0.0005110 secs] [Times: user=0.00 sys=0.00, real=0.00 secs] 
198.621: Total time for which application threads were stopped: 0.0569770 seconds, Stopping threads took: 0.0563980 seconds
198.703: Application time: 0.0819660 seconds
198.767: [GC [PSYoungGen: 13228K->336K(14848K)] 38446K->25562K(48640K), 0.0005370 secs] [Times: user=0.00 sys=0.00, real=0.00 secs] 
198.768: Total time for which application threads were stopped: 0.0650710 seconds, Stopping threads took: 0.0644470 seconds
198.847: Application time: 0.0788580 seconds
198.888: [GC [PSYoungGen: 12951K->1117K(14848K)] 38177K->26343K(48640K), 0.0006440 secs] [Times: user=0.01 sys=0.00, real=0.00 secs] 
198.889: Total time for which application threads were stopped: 0.0417670 seconds, Stopping threads took: 0.0410510 seconds
198.973: Application time: 0.0842700 seconds
199.031: [GC [PSYoungGen: 13635K->726K(14848K)] 38861K->25952K(48640K), 0.0005710 secs] [Times: user=0.00 sys=0.00, real=0.00 secs] 
199.031: Total time for which application threads were stopped: 0.0582560 seconds, Stopping threads took: 0.0576060 seconds
199.118: Application time: 0.0867900 seconds
199.190: [GC [PSYoungGen: 13400K->304K(14848K)] 38627K->25530K(48640K), 0.0004840 secs] [Times: user=0.00 sys=0.00, real=0.00 secs] 
199.190: Total time for which application threads were stopped: 0.0721880 seconds, Stopping threads took: 0.0716320 seconds
199.275: Application time: 0.0852800 seconds
199.319: [GC [PSYoungGen: 13075K->2028K(14848K)] 38302K->27457K(48640K), 0.0009640 secs] [Times: user=0.00 sys=0.00, real=0.00 secs] 
199.320: Total time for which application threads were stopped: 0.0443990 seconds, Stopping threads took: 0.0433580 seconds
199.409: Application time: 0.0891090 seconds
199.480: [GC [PSYoungGen: 14721K->1946K(14848K)] 40151K->27376K(48640K), 0.0008570 secs] [Times: user=0.00 sys=0.00, real=0.00 secs] 
199.481: Total time for which application threads were stopped: 0.0715720 seconds, Stopping threads took: 0.0706450 seconds
199.584: Application time: 0.1030860 seconds
199.658: [GC [PSYoungGen: 14640K->563K(14848K)] 40069K->25992K(48640K), 0.0005160 secs] [Times: user=0.01 sys=0.00, real=0.00 secs] 
199.659: Total time for which application threads were stopped: 0.0752380 seconds, Stopping threads took: 0.0746420 seconds
199.746: Application time: 0.0874540 seconds
199.820: [GC [PSYoungGen: 13276K->336K(14848K)] 38705K->25765K(48640K), 0.0006200 secs] [Times: user=0.00 sys=0.00, real=0.00 secs] 
199.821: Total time for which application threads were stopped: 0.0747710 seconds, Stopping threads took: 0.0740730 seconds
199.906: Application time: 0.0851180 seconds
199.951: [GC [PSYoungGen: 13029K->1865K(14848K)] 38459K->27685K(48640K), 0.0008720 secs] [Times: user=0.01 sys=0.00, real=0.00 secs] 
199.952: Total time for which application threads were stopped: 0.0455350 seconds, Stopping threads took: 0.0445880 seconds
200.040: Application time: 0.0882750 seconds
200.109: [GC [PSYoungGen: 14382K->1865K(14848K)] 40202K->27701K(48640K), 0.0009250 secs] [Times: user=0.01 sys=0.00, real=0.00 secs] 
200.110: Total time for which application threads were stopped: 0.0703490 seconds, Stopping threads took: 0.0693430 seconds
200.199: Application time: 0.0890680 seconds
200.272: [GC [PSYoungGen: 14480K->1524K(14848K)] 40316K->27368K(48640K), 0.0006760 secs] [Times: user=0.00 sys=0.00, real=0.00 secs] 
200.272: Total time for which application threads were stopped: 0.0727160 seconds, Stopping threads took: 0.0719580 seconds
200.373: Application time: 0.1009190 seconds
200.443: [GC [PSYoungGen: 14315K->1312K(14848K)] 40159K->27156K(48640K), 0.0007580 secs] [Times: user=0.00 sys=0.00, real=0.00 secs] 
200.444: Total time for which application threads were stopped: 0.0707650 seconds, Stopping threads took: 0.0699330 seconds
200.556: Application time: 0.1118110 seconds
200.630: [GC [PSYoungGen: 14025K->1133K(14848K)] 39869K->26977K(48640K), 0.0006910 secs] [Times: user=0.00 sys=0.00, real=0.00 secs] 
200.630: Total time for which application threads were stopped: 0.0747330 seconds, Stopping threads took: 0.0739520 seconds
200.720: Application time: 0.0891200 seconds
200.790: [GC [PSYoungGen: 13807K->790K(14848K)] 39651K->26642K(48640K), 0.0006040 secs] [Times: user=0.00 sys=0.00, real=0.00 secs] 
200.790: Total time for which application threads were stopped: 0.0708760 seconds, Stopping threads took: 0.0701650 seconds
200.883: Application time: 0.0921170 seconds
200.957: [GC [PSYoungGen: 13582K->579K(14848K)] 39434K->26447K(48640K), 0.0005660 secs] [Times: user=0.00 sys=0.00, real=0.00 secs] 
200.957: Total time for which application threads were stopped: 0.0747790 seconds, Stopping threads took: 0.0741190 seconds
201.045: Application time: 0.0879840 seconds
201.112: [GC [PSYoungGen: 13370K->336K(14848K)] 39238K->26204K(48640K), 0.0005160 secs] [Times: user=0.01 sys=0.00, real=0.00 secs] 
201.112: Total time for which application threads were stopped: 0.0668080 seconds, Stopping threads took: 0.0662230 seconds
201.197: Application time: 0.0847410 seconds
201.243: [GC [PSYoungGen: 13029K->2028K(14848K)] 38897K->28091K(48640K), 0.0009480 secs] [Times: user=0.01 sys=0.00, real=0.00 secs] 
201.244: Total time for which application threads were stopped: 0.0473510 seconds, Stopping threads took: 0.0463230 seconds
201.333: Application time: 0.0888900 seconds
201.408: [GC [PSYoungGen: 14546K->774K(14848K)] 40609K->26838K(48640K), 0.0005340 secs] [Times: user=0.00 sys=0.00, real=0.00 secs] 
201.408: Total time for which application threads were stopped: 0.0749840 seconds, Stopping threads took: 0.0743470 seconds
201.500: Application time: 0.0916510 seconds
201.573: [GC [PSYoungGen: 13487K->563K(14848K)] 39551K->26634K(48640K), 0.0005510 secs] [Times: user=0.01 sys=0.00, real=0.00 secs] 
201.574: Total time for which application threads were stopped: 0.0739030 seconds, Stopping threads took: 0.0732760 seconds
201.667: Application time: 0.0930780 seconds
201.708: [GC [PSYoungGen: 13335K->1865K(14848K)] 39406K->28530K(48640K), 0.0011020 secs] [Times: user=0.01 sys=0.00, real=0.00 secs] 
201.709: Total time for which application threads were stopped: 0.0423950 seconds, Stopping threads took: 0.0412140 seconds
201.819: Application time: 0.1101370 seconds
201.893: [GC [PSYoungGen: 14578K->1181K(14848K)] 41243K->27854K(48640K), 0.0006740 secs] [Times: user=0.00 sys=0.00, real=0.01 secs] 
201.893: Total time for which application threads were stopped: 0.0740250 seconds, Stopping threads took: 0.0732750 seconds
202.001: Application time: 0.1076960 seconds
202.069: [GC [PSYoungGen: 13699K->710K(14848K)] 40372K->27392K(48640K), 0.0005890 secs] [Times: user=0.00 sys=0.00, real=0.00 secs] 
202.070: Total time for which application threads were stopped: 0.0694500 seconds, Stopping threads took: 0.0678370 seconds
202.160: Application time: 0.0890760 seconds
202.219: [GC [PSYoungGen: 13423K->563K(14848K)] 40105K->27244K(48640K), 0.0006030 secs] [Times: user=0.00 sys=0.00, real=0.00 secs] 
202.219: Total time for which application threads were stopped: 0.0597600 seconds, Stopping threads took: 0.0590670 seconds
202.307: Application time: 0.0878500 seconds
202.378: [GC [PSYoungGen: 13354K->304K(14848K)] 40036K->27001K(48640K), 0.0005440 secs] [Times: user=0.00 sys=0.00, real=0.00 secs] 
202.379: Total time for which application threads were stopped: 0.0717120 seconds, Stopping threads took: 0.0710940 seconds
202.464: Application time: 0.0850730 seconds
202.468: [GC [PSYoungGen: 12763K->1913K(14848K)] 39461K->30758K(48640K), 0.0014200 secs] [Times: user=0.01 sys=0.00, real=0.00 secs] 
202.470: Total time for which application threads were stopped: 0.0058160 seconds, Stopping threads took: 0.0043160 seconds
202.573: Application time: 0.1030460 seconds
202.651: [GC [PSYoungGen: 14625K->579K(14848K)] 43471K->29425K(48640K), 0.0005750 secs] [Times: user=0.00 sys=0.00, real=0.00 secs] 
202.652: Total time for which application threads were stopped: 0.0788230 seconds, Stopping threads took: 0.0781410 seconds
202.747: Application time: 0.0956620 seconds
202.803: [GC [PSYoungGen: 13273K->1328K(14848K)] 42119K->30182K(48640K), 0.0007770 secs] [Times: user=0.00 sys=0.00, real=0.00 secs] 
202.803: Total time for which application threads were stopped: 0.0561170 seconds, Stopping threads took: 0.0552440 seconds
202.908: Application time: 0.1041310 seconds
202.980: [GC [PSYoungGen: 14041K->1149K(14848K)] 42895K->30003K(48640K), 0.0008390 secs] [Times: user=0.01 sys=0.00, real=0.00 secs] 
202.981: Total time for which application threads were stopped: 0.0736650 seconds, Stopping threads took: 0.0727330 seconds
203.067: Application time: 0.0860760 seconds
203.135: [GC [PSYoungGen: 13745K->742K(14848K)] 42599K->29604K(48640K), 0.0006270 secs] [Times: user=0.00 sys=0.00, real=0.00 secs] 
203.135: Total time for which application threads were stopped: 0.0681090 seconds, Stopping threads took: 0.0673860 seconds
203.219: Application time: 0.0837800 seconds
203.275: [GC [PSYoungGen: 13455K->515K(14848K)] 42317K->29385K(48640K), 0.0005850 secs] [Times: user=0.01 sys=0.00, real=0.00 secs] 
203.276: Total time for which application threads were stopped: 0.0567370 seconds, Stopping threads took: 0.0560760 seconds
203.358: Application time: 0.0817440 seconds
203.423: [GC [PSYoungGen: 13304K->336K(14848K)] 42174K->29213K(48640K), 0.0004830 secs] [Times: user=0.00 sys=0.00, real=0.00 secs] 
203.423: Total time for which application threads were stopped: 0.0655240 seconds, Stopping threads took: 0.0649740 seconds
203.501: Application time: 0.0781140 seconds
203.543: [GC [PSYoungGen: 13029K->1133K(14848K)] 41907K->30019K(48640K), 0.0005890 secs] [Times: user=0.00 sys=0.00, real=0.00 secs] 
203.544: Total time for which application threads were stopped: 0.0424320 seconds, Stopping threads took: 0.0417710 seconds
203.636: Application time: 0.0922230 seconds
203.704: [GC [PSYoungGen: 13651K->806K(14848K)] 42537K->29692K(48640K), 0.0007280 secs] [Times: user=0.00 sys=0.00, real=0.00 secs] 
203.705: Total time for which application threads were stopped: 0.0686270 seconds, Stopping threads took: 0.0677970 seconds
203.800: Application time: 0.0958220 seconds
203.868: [GC [PSYoungGen: 13597K->515K(14848K)] 42483K->29401K(48640K), 0.0005920 secs] [Times: user=0.00 sys=0.00, real=0.00 secs] 
203.869: Total time for which application threads were stopped: 0.0681390 seconds, Stopping threads took: 0.0674430 seconds
203.947: Application time: 0.0786200 seconds
203.987: [GC [PSYoungGen: 13287K->2044K(14848K)] 42173K->31328K(48640K), 0.0010620 secs] [Times: user=0.01 sys=0.00, real=0.00 secs] 
203.988: Total time for which application threads were stopped: 0.0411900 seconds, Stopping threads took: 0.0400310 seconds
204.076: Application time: 0.0879210 seconds
204.149: [GC [PSYoungGen: 14757K->1149K(14848K)] 44042K->30433K(48640K), 0.0006260 secs] [Times: user=0.00 sys=0.00, real=0.00 secs] 
204.149: Total time for which application threads were stopped: 0.0730920 seconds, Stopping threads took: 0.0723900 seconds
204.233: Application time: 0.0832380 seconds
204.298: [GC [PSYoungGen: 13667K->726K(14848K)] 42951K->30011K(48640K), 0.0006790 secs] [Times: user=0.00 sys=0.00, real=0.00 secs] 
204.298: Total time for which application threads were stopped: 0.0657320 seconds, Stopping threads took: 0.0649770 seconds
204.381: Application time: 0.0826010 seconds
204.436: [GC [PSYoungGen: 13401K->352K(14848K)] 42685K->29636K(48640K), 0.0004310 secs] [Times: user=0.01 sys=0.01, real=0.00 secs] 
204.437: Total time for which application threads were stopped: 0.0556360 seconds, Stopping threads took: 0.0551240 seconds
204.515: Application time: 0.0781020 seconds
204.558: [GC [PSYoungGen: 13045K->1133K(14848K)] 42330K->30425K(48640K), 0.0007810 secs] [Times: user=0.00 sys=0.00, real=0.00 secs] 
204.559: Total time for which application threads were stopped: 0.0442750 seconds, Stopping threads took: 0.0434240 seconds
204.644: Application time: 0.0849980 seconds
204.701: [GC [PSYoungGen: 13826K->1914K(14848K)] 43119K->31215K(48640K), 0.0008370 secs] [Times: user=0.01 sys=0.00, real=0.00 secs] 
204.702: Total time for which application threads were stopped: 0.0579390 seconds, Stopping threads took: 0.0570250 seconds
204.801: Application time: 0.0991530 seconds
204.873: [GC [PSYoungGen: 14530K->579K(14848K)] 43830K->29879K(48640K), 0.0004650 secs] [Times: user=0.00 sys=0.00, real=0.00 secs] 
204.874: Total time for which application threads were stopped: 0.0724490 seconds, Stopping threads took: 0.0719100 seconds
204.957: Application time: 0.0838290 seconds
205.022: [GC [PSYoungGen: 13292K->272K(14848K)] 42593K->29580K(48640K), 0.0004950 secs] [Times: user=0.01 sys=0.00, real=0.00 secs] 
205.023: Total time for which application threads were stopped: 0.0655520 seconds, Stopping threads took: 0.0649820 seconds
205.102: Application time: 0.0789060 seconds
205.143: [GC [PSYoungGen: 12887K->1865K(14848K)] 42196K->31564K(48640K), 0.0009140 secs] [Times: user=0.01 sys=0.00, real=0.00 secs] 
205.144: Total time for which application threads were stopped: 0.0422190 seconds, Stopping threads took: 0.0412110 seconds
205.228: Application time: 0.0836980 seconds
205.295: [GC [PSYoungGen: 14460K->758K(14848K)] 44160K->30465K(48640K), 0.0005560 secs] [Times: user=0.00 sys=0.00, real=0.00 secs] 
205.295: Total time for which application threads were stopped: 0.0674430 seconds, Stopping threads took: 0.0667990 seconds
205.380: Application time: 0.0845210 seconds
205.444: [GC [PSYoungGen: 13549K->547K(14848K)] 43257K->30254K(48640K), 0.0004490 secs] [Times: user=0.01 sys=0.00, real=0.00 secs] 
205.445: Total time for which application threads were stopped: 0.0651260 seconds, Stopping threads took: 0.0646110 seconds
205.524: Application time: 0.0792760 seconds
205.564: [GC [PSYoungGen: 13319K->1296K(14848K)] 43026K->31011K(48640K), 0.0007230 secs] [Times: user=0.00 sys=0.00, real=0.00 secs] 
205.565: Total time for which application threads were stopped: 0.0405020 seconds, Stopping threads took: 0.0396800 seconds
205.672: Application time: 0.1077090 seconds
205.730: [GC [PSYoungGen: 14009K->1101K(14848K)] 43725K->30824K(48640K), 0.0006050 secs] [Times: user=0.00 sys=0.00, real=0.00 secs] 
205.731: Total time for which application threads were stopped: 0.0583140 seconds, Stopping threads took: 0.0576360 seconds
205.818: Application time: 0.0869620 seconds
205.886: [GC [PSYoungGen: 13697K->758K(14848K)] 43420K->30481K(48640K), 0.0006870 secs] [Times: user=0.00 sys=0.00, real=0.00 secs] 
205.887: Total time for which application threads were stopped: 0.0694080 seconds, Stopping threads took: 0.0686320 seconds
205.971: Application time: 0.0835250 seconds
206.034: [GC [PSYoungGen: 13433K->304K(14848K)] 43156K->30035K(48640K), 0.0006420 secs] [Times: user=0.00 sys=0.00, real=0.00 secs] 
206.035: Total time for which application threads were stopped: 0.0644180 seconds, Stopping threads took: 0.0637110 seconds
206.113: Application time: 0.0778230 seconds
206.154: [GC [PSYoungGen: 12919K->1133K(14848K)] 42650K->30872K(48640K), 0.0006360 secs] [Times: user=0.00 sys=0.00, real=0.00 secs] 
206.155: Total time for which application threads were stopped: 0.0418740 seconds, Stopping threads took: 0.0411540 seconds
206.238: Application time: 0.0834250 seconds
206.303: [GC [PSYoungGen: 13651K->710K(14848K)] 43390K->30449K(48640K), 0.0005790 secs] [Times: user=0.00 sys=0.00, real=0.00 secs] 
206.303: Total time for which application threads were stopped: 0.0650480 seconds, Stopping threads took: 0.0644010 seconds
206.391: Application time: 0.0881680 seconds
206.460: [GC [PSYoungGen: 13423K->547K(14848K)] 43163K->30286K(48640K), 0.0005000 secs] [Times: user=0.00 sys=0.00, real=0.00 secs] 
206.461: Total time for which application threads were stopped: 0.0695560 seconds, Stopping threads took: 0.0689860 seconds
206.543: Application time: 0.0815920 seconds
206.608: [GC [PSYoungGen: 13338K->352K(14848K)] 43077K->30099K(48640K), 0.0005580 secs] [Times: user=0.00 sys=0.00, real=0.00 secs] 
206.608: Total time for which application threads were stopped: 0.0658270 seconds, Stopping threads took: 0.0651820 seconds
206.686: Application time: 0.0777380 seconds
206.729: [GC [PSYoungGen: 12967K->1980K(14848K)] 42714K->31930K(48640K), 0.0012210 secs] [Times: user=0.01 sys=0.00, real=0.00 secs] 
206.730: Total time for which application threads were stopped: 0.0436860 seconds, Stopping threads took: 0.0423800 seconds
206.812: Application time: 0.0818980 seconds
206.876: [GC [PSYoungGen: 14498K->1833K(14848K)] 44448K->31799K(48640K), 0.0008120 secs] [Times: user=0.00 sys=0.00, real=0.00 secs] 
206.877: Total time for which application threads were stopped: 0.0650520 seconds, Stopping threads took: 0.0641430 seconds
206.961: Application time: 0.0839760 seconds
207.037: [GC [PSYoungGen: 14585K->368K(14848K)] 44552K->30334K(48640K), 0.0006500 secs] [Times: user=0.00 sys=0.00, real=0.00 secs] 
207.038: Total time for which application threads were stopped: 0.0771500 seconds, Stopping threads took: 0.0764100 seconds
207.123: Application time: 0.0849860 seconds
207.171: [GC [PSYoungGen: 13061K->1117K(14848K)] 43028K->31083K(48640K), 0.0006360 secs] [Times: user=0.00 sys=0.00, real=0.00 secs] 
207.172: Total time for which application threads were stopped: 0.0492900 seconds, Stopping threads took: 0.0476270 seconds
207.262: Application time: 0.0896900 seconds
207.333: [GC [PSYoungGen: 13830K->1002K(14848K)] 43797K->30968K(48640K), 0.0006470 secs] [Times: user=0.00 sys=0.00, real=0.01 secs] 
207.333: Total time for which application threads were stopped: 0.0714440 seconds, Stopping threads took: 0.0706940 seconds
207.426: Application time: 0.0923950 seconds
207.474: [GC [PSYoungGen: 13578K->1572K(14848K)] 43545K->31546K(48640K), 0.0009030 secs] [Times: user=0.00 sys=0.00, real=0.00 secs] 
207.474: Total time for which application threads were stopped: 0.0488030 seconds, Stopping threads took: 0.0478300 seconds
207.573: Application time: 0.0989470 seconds
207.649: [GC [PSYoungGen: 14285K->1865K(14848K)] 44259K->32441K(48640K), 0.0010540 secs] [Times: user=0.01 sys=0.00, real=0.00 secs] 
207.650: Total time for which application threads were stopped: 0.0763110 seconds, Stopping threads took: 0.0751500 seconds
207.740: Application time: 0.0902880 seconds
207.804: [GC [PSYoungGen: 14656K->1865K(14848K)] 45232K->32840K(48640K), 0.0009860 secs] [Times: user=0.01 sys=0.00, real=0.01 secs] 
207.805: Total time for which application threads were stopped: 0.0652240 seconds, Stopping threads took: 0.0641380 seconds
207.895: Application time: 0.0896400 seconds
207.959: [GC [PSYoungGen: 14480K->1898K(14848K)] 45455K->32873K(48640K), 0.0009520 secs] [Times: user=0.01 sys=0.00, real=0.00 secs] 
207.960: Total time for which application threads were stopped: 0.0653400 seconds, Stopping threads took: 0.0642830 seconds
208.063: Application time: 0.1027960 seconds
208.139: [GC [PSYoungGen: 14514K->595K(14848K)] 45489K->31586K(48640K), 0.0005420 secs] [Times: user=0.00 sys=0.00, real=0.00 secs] 
208.140: Total time for which application threads were stopped: 0.0769770 seconds, Stopping threads took: 0.0763620 seconds
208.228: Application time: 0.0883020 seconds
208.298: [GC [PSYoungGen: 13308K->288K(14848K)] 44299K->31287K(48640K), 0.0008110 secs] [Times: user=0.00 sys=0.00, real=0.00 secs] 
208.299: Total time for which application threads were stopped: 0.0705180 seconds, Stopping threads took: 0.0696290 seconds
208.384: Application time: 0.0855720 seconds
208.431: [GC [PSYoungGen: 13059K->1149K(14848K)] 44059K->32148K(48640K), 0.0006670 secs] [Times: user=0.00 sys=0.00, real=0.00 secs] 
208.432: Total time for which application threads were stopped: 0.0473490 seconds, Stopping threads took: 0.0465900 seconds
208.521: Application time: 0.0893750 seconds
208.590: [GC [PSYoungGen: 13667K->790K(14848K)] 44666K->31789K(48640K), 0.0006360 secs] [Times: user=0.01 sys=0.00, real=0.00 secs] 
208.591: Total time for which application threads were stopped: 0.0698350 seconds, Stopping threads took: 0.0691030 seconds
208.680: Application time: 0.0885390 seconds
208.750: [GC [PSYoungGen: 13581K->563K(14848K)] 44581K->31562K(48640K), 0.0005220 secs] [Times: user=0.00 sys=0.00, real=0.00 secs] 
208.750: Total time for which application threads were stopped: 0.0705470 seconds, Stopping threads took: 0.0699340 seconds
208.836: Application time: 0.0855970 seconds
208.882: [GC [PSYoungGen: 13335K->2028K(14848K)] 44334K->33426K(48640K), 0.0009670 secs] [Times: user=0.00 sys=0.00, real=0.00 secs] 
208.883: Total time for which application threads were stopped: 0.0472140 seconds, Stopping threads took: 0.0461680 seconds
208.994: Application time: 0.1110670 seconds
209.064: [GC [PSYoungGen: 14819K->1133K(14848K)] 46217K->32531K(48640K), 0.0006840 secs] [Times: user=0.01 sys=0.00, real=0.01 secs] 
209.065: Total time for which application threads were stopped: 0.0711500 seconds, Stopping threads took: 0.0703930 seconds
209.173: Application time: 0.1076720 seconds
209.229: [GC [PSYoungGen: 13826K->1930K(14848K)] 45224K->33328K(48640K), 0.0008380 secs] [Times: user=0.01 sys=0.00, real=0.00 secs] 
209.229: Total time for which application threads were stopped: 0.0566890 seconds, Stopping threads took: 0.0557640 seconds
209.337: Application time: 0.1076400 seconds
209.416: [GC [PSYoungGen: 14546K->547K(14848K)] 45943K->31953K(48640K), 0.0006000 secs] [Times: user=0.00 sys=0.00, real=0.00 secs] 
209.416: Total time for which application threads were stopped: 0.0791880 seconds, Stopping threads took: 0.0784940 seconds
209.505: Application time: 0.0883690 seconds
209.574: [GC [PSYoungGen: 13338K->368K(14848K)] 44744K->31781K(48640K), 0.0006610 secs] [Times: user=0.01 sys=0.00, real=0.00 secs] 
209.575: Total time for which application threads were stopped: 0.0702740 seconds, Stopping threads took: 0.0695170 seconds
209.660: Application time: 0.0848430 seconds
209.706: [GC [PSYoungGen: 12983K->1865K(14848K)] 44397K->33669K(48640K), 0.0011290 secs] [Times: user=0.01 sys=0.00, real=0.00 secs] 
209.707: Total time for which application threads were stopped: 0.0476310 seconds, Stopping threads took: 0.0464020 seconds
209.796: Application time: 0.0889320 seconds
209.866: [GC [PSYoungGen: 14285K->1783K(14848K)] 46089K->33595K(48640K), 0.0008630 secs] [Times: user=0.00 sys=0.00, real=0.00 secs] 
209.867: Total time for which application threads were stopped: 0.0707540 seconds, Stopping threads took: 0.0698120 seconds
209.971: Application time: 0.1034000 seconds
210.050: [GC [PSYoungGen: 14398K->352K(14848K)] 46211K->32164K(48640K), 0.0004960 secs] [Times: user=0.00 sys=0.00, real=0.00 secs] 
210.050: Total time for which application threads were stopped: 0.0795420 seconds, Stopping threads took: 0.0789700 seconds
210.136: Application time: 0.0854750 seconds
210.181: [GC [PSYoungGen: 13123K->1085K(14848K)] 44936K->32905K(48640K), 0.0006420 secs] [Times: user=0.00 sys=0.00, real=0.00 secs] 
210.181: Total time for which application threads were stopped: 0.0457320 seconds, Stopping threads took: 0.0450210 seconds
210.272: Application time: 0.0902260 seconds
210.341: [GC [PSYoungGen: 13681K->742K(14848K)] 45501K->32563K(48640K), 0.0005320 secs] [Times: user=0.00 sys=0.00, real=0.00 secs] 
210.341: Total time for which application threads were stopped: 0.0698580 seconds, Stopping threads took: 0.0692560 seconds
210.429: Application time: 0.0878980 seconds
210.501: [GC [PSYoungGen: 13417K->368K(14848K)] 45237K->32188K(48640K), 0.0004910 secs] [Times: user=0.00 sys=0.00, real=0.00 secs] 
210.501: Total time for which application threads were stopped: 0.0719400 seconds, Stopping threads took: 0.0713690 seconds
210.587: Application time: 0.0857220 seconds
210.635: [GC [PSYoungGen: 12983K->1149K(14848K)] 44803K->32969K(48640K), 0.0006960 secs] [Times: user=0.00 sys=0.00, real=0.00 secs] 
210.635: Total time for which application threads were stopped: 0.0484160 seconds, Stopping threads took: 0.0476430 seconds
210.740: Application time: 0.1044670 seconds
210.815: [GC [PSYoungGen: 13745K->758K(14848K)] 45565K->32595K(48640K), 0.0006170 secs] [Times: user=0.01 sys=0.00, real=0.00 secs] 
210.816: Total time for which application threads were stopped: 0.0756720 seconds, Stopping threads took: 0.0749620 seconds
210.906: Application time: 0.0901370 seconds
210.962: [GC [PSYoungGen: 13471K->579K(14848K)] 45308K->32415K(48640K), 0.0005110 secs] [Times: user=0.00 sys=0.00, real=0.00 secs] 
210.963: Total time for which application threads were stopped: 0.0573720 seconds, Stopping threads took: 0.0567920 seconds
211.044: Application time: 0.0812560 seconds
211.108: [GC [PSYoungGen: 13370K->320K(14848K)] 45207K->32164K(48640K), 0.0004650 secs] [Times: user=0.00 sys=0.00, real=0.00 secs] 
211.109: Total time for which application threads were stopped: 0.0642890 seconds, Stopping threads took: 0.0637450 seconds
211.187: Application time: 0.0788850 seconds
211.227: [GC [PSYoungGen: 12935K->1117K(14848K)] 44779K->32969K(48640K), 0.0005890 secs] [Times: user=0.00 sys=0.00, real=0.00 secs] 
211.227: Total time for which application threads were stopped: 0.0400250 seconds, Stopping threads took: 0.0393700 seconds
211.310: Application time: 0.0826250 seconds
211.371: [GC [PSYoungGen: 13635K->758K(14848K)] 45487K->32619K(48640K), 0.0007370 secs] [Times: user=0.01 sys=0.00, real=0.00 secs] 
211.372: Total time for which application threads were stopped: 0.0616260 seconds, Stopping threads took: 0.0608000 seconds
211.454: Application time: 0.0825120 seconds
211.508: [GC [PSYoungGen: 13549K->563K(14848K)] 45410K->32431K(48640K), 0.0006040 secs] [Times: user=0.00 sys=0.00, real=0.00 secs] 
211.508: Total time for which application threads were stopped: 0.0538850 seconds, Stopping threads took: 0.0532150 seconds
211.590: Application time: 0.0821490 seconds
211.655: [GC [PSYoungGen: 13354K->288K(14848K)] 45222K->32156K(48640K), 0.0005810 secs] [Times: user=0.00 sys=0.00, real=0.00 secs] 
211.655: Total time for which application threads were stopped: 0.0650260 seconds, Stopping threads took: 0.0643680 seconds
211.733: Application time: 0.0780220 seconds
211.774: [GC [PSYoungGen: 12981K->1117K(14848K)] 44850K->32993K(48640K), 0.0006440 secs] [Times: user=0.00 sys=0.00, real=0.00 secs] 
211.775: Total time for which application threads were stopped: 0.0413460 seconds, Stopping threads took: 0.0406230 seconds
211.857: Application time: 0.0818910 seconds
211.921: [GC [PSYoungGen: 13713K->742K(14848K)] 45589K->32619K(48640K), 0.0006610 secs] [Times: user=0.01 sys=0.00, real=0.00 secs] 
211.921: Total time for which application threads were stopped: 0.0647760 seconds, Stopping threads took: 0.0640470 seconds
212.005: Application time: 0.0836860 seconds
212.070: [GC [PSYoungGen: 13417K->352K(14848K)] 45293K->32228K(48640K), 0.0004300 secs] [Times: user=0.00 sys=0.00, real=0.00 secs] 
212.070: Total time for which application threads were stopped: 0.0652390 seconds, Stopping threads took: 0.0647410 seconds
212.149: Application time: 0.0789690 seconds
212.192: [GC [PSYoungGen: 13045K->1117K(14848K)] 44922K->32993K(48640K), 0.0006210 secs] [Times: user=0.00 sys=0.00, real=0.01 secs] 
212.194: Total time for which application threads were stopped: 0.0444920 seconds, Stopping threads took: 0.0428790 seconds
212.277: Application time: 0.0830060 seconds
212.340: [GC [PSYoungGen: 13635K->758K(14848K)] 45511K->32643K(48640K), 0.0006250 secs] [Times: user=0.00 sys=0.00, real=0.00 secs] 
212.340: Total time for which application threads were stopped: 0.0636270 seconds, Stopping threads took: 0.0629070 seconds
212.429: Application time: 0.0881990 seconds
212.487: [GC [PSYoungGen: 13471K->499K(14848K)] 45356K->32391K(48640K), 0.0005620 secs] [Times: user=0.00 sys=0.00, real=0.00 secs] 
212.488: Total time for which application threads were stopped: 0.0593750 seconds, Stopping threads took: 0.0587220 seconds
212.570: Application time: 0.0822840 seconds
212.635: [GC [PSYoungGen: 13212K->336K(14848K)] 45104K->32236K(48640K), 0.0006300 secs] [Times: user=0.00 sys=0.00, real=0.00 secs] 
212.636: Total time for which application threads were stopped: 0.0654030 seconds, Stopping threads took: 0.0646850 seconds
212.714: Application time: 0.0783860 seconds
212.757: [GC [PSYoungGen: 13029K->1165K(14848K)] 44930K->33065K(48640K), 0.0007040 secs] [Times: user=0.00 sys=0.00, real=0.00 secs] 
212.757: Total time for which application threads were stopped: 0.0433630 seconds, Stopping threads took: 0.0425740 seconds
212.841: Application time: 0.0834160 seconds
212.898: [GC [PSYoungGen: 13683K->726K(14848K)] 45583K->32635K(48640K), 0.0004910 secs] [Times: user=0.00 sys=0.00, real=0.00 secs] 
212.898: Total time for which application threads were stopped: 0.0575270 seconds, Stopping threads took: 0.0569670 seconds
212.979: Application time: 0.0803210 seconds
213.044: [GC [PSYoungGen: 13439K->563K(14848K)] 45348K->32471K(48640K), 0.0004950 secs] [Times: user=0.00 sys=0.00, real=0.00 secs] 
213.044: Total time for which application threads were stopped: 0.0655610 seconds, Stopping threads took: 0.0649970 seconds
213.125: Application time: 0.0808540 seconds
213.182: [GC [PSYoungGen: 13335K->1328K(14848K)] 45243K->33245K(48640K), 0.0006960 secs] [Times: user=0.01 sys=0.00, real=0.00 secs] 
213.183: Total time for which application threads were stopped: 0.0580180 seconds, Stopping threads took: 0.0572510 seconds
213.286: Application time: 0.1029550 seconds
213.351: [GC [PSYoungGen: 13807K->758K(14848K)] 45724K->32675K(48640K), 0.0005280 secs] [Times: user=0.00 sys=0.00, real=0.00 secs] 
213.352: Total time for which application threads were stopped: 0.0656630 seconds, Stopping threads took: 0.0650630 seconds
213.438: Application time: 0.0858080 seconds
213.500: [GC [PSYoungGen: 13549K->579K(14848K)] 45466K->32495K(48640K), 0.0005690 secs] [Times: user=0.00 sys=0.00, real=0.00 secs] 
213.501: Total time for which application threads were stopped: 0.0629220 seconds, Stopping threads took: 0.0622640 seconds
213.582: Application time: 0.0813220 seconds
213.648: [GC [PSYoungGen: 13292K->336K(14848K)] 45208K->32260K(48640K), 0.0005350 secs] [Times: user=0.00 sys=0.00, real=0.00 secs] 
213.648: Total time for which application threads were stopped: 0.0662690 seconds, Stopping threads took: 0.0656460 seconds
213.726: Application time: 0.0777390 seconds
213.768: [GC [PSYoungGen: 13029K->1165K(14848K)] 44954K->33097K(48640K), 0.0006930 secs] [Times: user=0.00 sys=0.00, real=0.00 secs] 
213.769: Total time for which application threads were stopped: 0.0430680 seconds, Stopping threads took: 0.0422830 seconds
213.853: Application time: 0.0842130 seconds
213.920: [GC [PSYoungGen: 13858K->1914K(14848K)] 45791K->33855K(48640K), 0.0008590 secs] [Times: user=0.01 sys=0.01, real=0.00 secs] 
213.920: Total time for which application threads were stopped: 0.0673520 seconds, Stopping threads took: 0.0664060 seconds
214.017: Application time: 0.0966890 seconds
214.090: [GC [PSYoungGen: 14608K->515K(14848K)] 46548K->32463K(48640K), 0.0005200 secs] [Times: user=0.00 sys=0.00, real=0.00 secs] 
214.090: Total time for which application threads were stopped: 0.0730310 seconds, Stopping threads took: 0.0724430 seconds
214.171: Application time: 0.0809320 seconds
214.238: [GC [PSYoungGen: 13228K->368K(14848K)] 45176K->32324K(48640K), 0.0004300 secs] [Times: user=0.00 sys=0.00, real=0.00 secs] 
214.238: Total time for which application threads were stopped: 0.0669130 seconds, Stopping threads took: 0.0664180 seconds
214.316: Application time: 0.0780110 seconds
214.358: [GC [PSYoungGen: 12983K->2028K(14848K)] 44939K->34188K(48640K), 0.0008750 secs] [Times: user=0.00 sys=0.00, real=0.00 secs] 
214.359: Total time for which application threads were stopped: 0.0427680 seconds, Stopping threads took: 0.0418180 seconds
214.461: Application time: 0.1016870 seconds
214.523: [GC [PSYoungGen: 14624K->790K(14848K)] 46783K->32950K(48640K), 0.0005370 secs] [Times: user=0.00 sys=0.00, real=0.00 secs] 
214.524: Total time for which application threads were stopped: 0.0634670 seconds, Stopping threads took: 0.0628480 seconds
214.607: Application time: 0.0832050 seconds
214.672: [GC [PSYoungGen: 13503K->579K(14848K)] 45663K->32739K(48640K), 0.0004640 secs] [Times: user=0.01 sys=0.00, real=0.00 secs] 
214.672: Total time for which application threads were stopped: 0.0649190 seconds, Stopping threads took: 0.0643830 seconds
214.753: Application time: 0.0804940 seconds
214.809: [GC [PSYoungGen: 13370K->368K(14848K)] 45530K->32527K(48640K), 0.0005160 secs] [Times: user=0.00 sys=0.00, real=0.00 secs] 
214.810: Total time for which application threads were stopped: 0.0574050 seconds, Stopping threads took: 0.0568190 seconds
214.889: Application time: 0.0785080 seconds
214.932: [GC [PSYoungGen: 13159K->1914K(14848K)] 45319K->34473K(48640K), 0.0010230 secs] [Times: user=0.00 sys=0.00, real=0.01 secs] 
214.933: Total time for which application threads were stopped: 0.0445510 seconds, Stopping threads took: 0.0434310 seconds
215.017: Application time: 0.0842520 seconds
215.085: [GC [PSYoungGen: 14491K->742K(14848K)] 47049K->33301K(48640K), 0.0006250 secs] [Times: user=0.00 sys=0.00, real=0.00 secs] 
215.086: Total time for which application threads were stopped: 0.0687490 seconds, Stopping threads took: 0.0680210 seconds
215.171: Application time: 0.0848830 seconds
215.234: [GC [PSYoungGen: 13455K->547K(14848K)] 46014K->33105K(48640K), 0.0006490 secs] [Times: user=0.01 sys=0.00, real=0.00 secs] 
215.235: Total time for which application threads were stopped: 0.0639150 seconds, Stopping threads took: 0.0631770 seconds
215.317: Application time: 0.0819060 seconds
215.372: [GC [PSYoungGen: 13338K->320K(14848K)] 45897K->32886K(48640K), 0.0004660 secs] [Times: user=0.00 sys=0.00, real=0.00 secs] 
215.373: Total time for which application threads were stopped: 0.0559890 seconds, Stopping threads took: 0.0554490 seconds
215.453: Application time: 0.0797030 seconds
215.492: [GC [PSYoungGen: 12935K->1149K(14848K)] 45501K->33723K(48640K), 0.0006390 secs] [Times: user=0.00 sys=0.00, real=0.00 secs] 
215.493: Total time for which application threads were stopped: 0.0401800 seconds, Stopping threads took: 0.0394670 seconds
215.577: Application time: 0.0841480 seconds
215.640: [GC [PSYoungGen: 13795K->806K(14848K)] 46369K->33397K(48640K), 0.0005970 secs] [Times: user=0.00 sys=0.00, real=0.00 secs] 
215.641: Total time for which application threads were stopped: 0.0636670 seconds, Stopping threads took: 0.0629860 seconds
215.722: Application time: 0.0816350 seconds
215.788: [GC [PSYoungGen: 13430K->320K(14848K)] 46021K->32910K(48640K), 0.0004560 secs] [Times: user=0.01 sys=0.00, real=0.00 secs] 
215.788: Total time for which application threads were stopped: 0.0659860 seconds, Stopping threads took: 0.0654630 seconds
215.866: Application time: 0.0774180 seconds
215.906: [GC [PSYoungGen: 12935K->2044K(14848K)] 45525K->34846K(48640K), 0.0010840 secs] [Times: user=0.01 sys=0.00, real=0.00 secs] 
215.907: Total time for which application threads were stopped: 0.0418550 seconds, Stopping threads took: 0.0406970 seconds
215.990: Application time: 0.0827470 seconds
216.059: [GC [PSYoungGen: 14757K->986K(14848K)] 47559K->33795K(48640K), 0.0006380 secs] [Times: user=0.01 sys=0.00, real=0.00 secs] 
216.060: Total time for which application threads were stopped: 0.0698640 seconds, Stopping threads took: 0.0691420 seconds
216.158: Application time: 0.0975560 seconds
216.223: [GC [PSYoungGen: 13699K->774K(14848K)] 46508K->33592K(48640K), 0.0005310 secs] [Times: user=0.00 sys=0.00, real=0.00 secs] 
216.224: Total time for which application threads were stopped: 0.0661910 seconds, Stopping threads took: 0.0655550 seconds
216.310: Application time: 0.0858550 seconds
216.381: [GC [PSYoungGen: 13448K->336K(14848K)] 46266K->33153K(48640K), 0.0004280 secs] [Times: user=0.00 sys=0.00, real=0.00 secs] 
216.381: Total time for which application threads were stopped: 0.0714180 seconds, Stopping threads took: 0.0709240 seconds
216.459: Application time: 0.0776720 seconds
216.502: [GC [PSYoungGen: 12951K->1085K(14848K)] 45769K->33903K(48640K), 0.0006380 secs] [Times: user=0.00 sys=0.00, real=0.00 secs] 
216.502: Total time for which application threads were stopped: 0.0434990 seconds, Stopping threads took: 0.0427870 seconds
216.586: Application time: 0.0836350 seconds
216.650: [GC [PSYoungGen: 13681K->758K(14848K)] 46499K->33584K(48640K), 0.0007080 secs] [Times: user=0.00 sys=0.00, real=0.00 secs] 
216.651: Total time for which application threads were stopped: 0.0650460 seconds, Stopping threads took: 0.0642600 seconds
216.741: Application time: 0.0896320 seconds
216.799: [GC [PSYoungGen: 13432K->352K(14848K)] 46258K->33177K(48640K), 0.0006300 secs] [Times: user=0.00 sys=0.00, real=0.00 secs] 
216.800: Total time for which application threads were stopped: 0.0594250 seconds, Stopping threads took: 0.0586940 seconds
216.877: Application time: 0.0770630 seconds
216.919: [GC [PSYoungGen: 12967K->1865K(14848K)] 45793K->35097K(48640K), 0.0009180 secs] [Times: user=0.00 sys=0.00, real=0.00 secs] 
216.920: Total time for which application threads were stopped: 0.0431580 seconds, Stopping threads took: 0.0421450 seconds
217.003: Application time: 0.0831220 seconds
217.071: [GC [PSYoungGen: 14382K->774K(14848K)] 47615K->34015K(48640K), 0.0007910 secs] [Times: user=0.00 sys=0.00, real=0.00 secs] 
217.072: Total time for which application threads were stopped: 0.0687380 seconds, Stopping threads took: 0.0678530 seconds
217.156: Application time: 0.0841940 seconds
217.222: [GC [PSYoungGen: 13566K->531K(14848K)] 46806K->33779K(48640K), 0.0005590 secs] [Times: user=0.00 sys=0.00, real=0.00 secs] 
217.224: Total time for which application threads were stopped: 0.0672690 seconds, Stopping threads took: 0.0656540 seconds
217.304: Application time: 0.0803720 seconds
217.345: [GC-- [PSYoungGen: 13303K->13303K(14848K)] 46551K->46942K(48640K), 0.0010100 secs] [Times: user=0.01 sys=0.00, real=0.01 secs] 
217.346: [Full GC [PSYoungGen: 13303K->0K(14848K)] [ParOldGen: 33639K->3393K(33792K)] 46942K->3393K(48640K) [PSPermGen: 5147K->5147K(21504K)], 0.0044300 secs] [Times: user=0.01 sys=0.01, real=0.00 secs] 
217.350: Total time for which application threads were stopped: 0.0462390 seconds, Stopping threads took: 0.0406660 seconds
217.457: Application time: 0.1066660 seconds
217.526: [GC [PSYoungGen: 12713K->909K(14848K)] 16106K->4302K(48640K), 0.0005430 secs] [Times: user=0.00 sys=0.00, real=0.00 secs] 
217.527: Total time for which application threads were stopped: 0.0700610 seconds, Stopping threads took: 0.0694350 seconds
217.613: Application time: 0.0857220 seconds
217.675: [GC [PSYoungGen: 13700K->809K(14848K)] 17093K->4203K(48640K), 0.0005020 secs] [Times: user=0.01 sys=0.00, real=0.00 secs] 
217.676: Total time for which application threads were stopped: 0.0632980 seconds, Stopping threads took: 0.0627280 seconds
217.777: Application time: 0.1011860 seconds
217.832: [GC [PSYoungGen: 13601K->582K(14848K)] 16994K->3975K(48640K), 0.0004140 secs] [Times: user=0.01 sys=0.00, real=0.00 secs] 
217.832: Total time for which application threads were stopped: 0.0550480 seconds, Stopping threads took: 0.0545690 seconds
217.915: Application time: 0.0824770 seconds
217.979: [GC [PSYoungGen: 13295K->419K(14848K)] 16688K->3812K(48640K), 0.0003690 secs] [Times: user=0.00 sys=0.00, real=0.00 secs] 
217.979: Total time for which application threads were stopped: 0.0647900 seconds, Stopping threads took: 0.0643430 seconds
218.063: Application time: 0.0831460 seconds
218.130: [GC [PSYoungGen: 13132K->160K(14848K)] 16525K->3553K(48640K), 0.0004260 secs] [Times: user=0.01 sys=0.00, real=0.00 secs] 
218.130: Total time for which application threads were stopped: 0.0674720 seconds, Stopping threads took: 0.0669560 seconds
218.209: Application time: 0.0785950 seconds
218.249: [GC [PSYoungGen: 12775K->1037K(14848K)] 16168K->4430K(48640K), 0.0005730 secs] [Times: user=0.00 sys=0.00, real=0.00 secs] 
218.250: Total time for which application threads were stopped: 0.0409600 seconds, Stopping threads took: 0.0403120 seconds
218.351: Application time: 0.1014790 seconds
218.412: [GC [PSYoungGen: 13711K->614K(14848K)] 17104K->4007K(48640K), 0.0004780 secs] [Times: user=0.00 sys=0.00, real=0.00 secs] 
218.412: Total time for which application threads were stopped: 0.0613490 seconds, Stopping threads took: 0.0608000 seconds
218.497: Application time: 0.0840730 seconds
218.549: [GC [PSYoungGen: 13405K->435K(14848K)] 16799K->3828K(48640K), 0.0005930 secs] [Times: user=0.00 sys=0.00, real=0.00 secs] 
218.549: Total time for which application threads were stopped: 0.0526950 seconds, Stopping threads took: 0.0520060 seconds
218.629: Application time: 0.0796520 seconds
218.696: [GC [PSYoungGen: 13148K->256K(14848K)] 16541K->3649K(48640K), 0.0004950 secs] [Times: user=0.00 sys=0.00, real=0.00 secs] 
218.696: Total time for which application threads were stopped: 0.0672760 seconds, Stopping threads took: 0.0666930 seconds
218.775: Application time: 0.0784080 seconds
218.815: [GC [PSYoungGen: 12871K->1069K(14848K)] 16264K->4462K(48640K), 0.0007660 secs] [Times: user=0.01 sys=0.00, real=0.00 secs] 
218.816: Total time for which application threads were stopped: 0.0414090 seconds, Stopping threads took: 0.0405510 seconds
218.905: Application time: 0.0887770 seconds
218.962: [GC [PSYoungGen: 13743K->694K(14848K)] 17136K->4087K(48640K), 0.0005820 secs] [Times: user=0.00 sys=0.00, real=0.00 secs] 
218.963: Total time for which application threads were stopped: 0.0581060 seconds, Stopping threads took: 0.0574500 seconds
219.050: Application time: 0.0870280 seconds
219.124: [GC [PSYoungGen: 13369K->320K(14848K)] 16762K->3713K(48640K), 0.0004990 secs] [Times: user=0.01 sys=0.00, real=0.00 secs] 
219.124: Total time for which application threads were stopped: 0.0744890 seconds, Stopping threads took: 0.0738900 seconds
219.209: Application time: 0.0848990 seconds
219.255: [GC [PSYoungGen: 12935K->1181K(14848K)] 16328K->4574K(48640K), 0.0006080 secs] [Times: user=0.01 sys=0.00, real=0.00 secs] 
219.256: Total time for which application threads were stopped: 0.0467380 seconds, Stopping threads took: 0.0460310 seconds
219.347: Application time: 0.0904960 seconds
219.403: [GC [PSYoungGen: 13875K->1914K(14848K)] 17268K->5307K(48640K), 0.0010070 secs] [Times: user=0.01 sys=0.00, real=0.00 secs] 
219.404: Total time for which application threads were stopped: 0.0576250 seconds, Stopping threads took: 0.0565320 seconds
219.494: Application time: 0.0897020 seconds
219.566: [GC [PSYoungGen: 14530K->515K(14848K)] 17923K->3908K(48640K), 0.0006250 secs] [Times: user=0.00 sys=0.00, real=0.00 secs] 
219.567: Total time for which application threads were stopped: 0.0730320 seconds, Stopping threads took: 0.0723100 seconds
219.656: Application time: 0.0888150 seconds
219.726: [GC [PSYoungGen: 13228K->352K(14848K)] 16621K->3769K(48640K), 0.0006080 secs] [Times: user=0.00 sys=0.00, real=0.00 secs] 
219.727: Total time for which application threads were stopped: 0.0708490 seconds, Stopping threads took: 0.0701610 seconds
219.812: Application time: 0.0855850 seconds
219.859: [GC [PSYoungGen: 13045K->1994K(14848K)] 16462K->6795K(48640K), 0.0012420 secs] [Times: user=0.01 sys=0.00, real=0.00 secs] 
219.860: Total time for which application threads were stopped: 0.0479300 seconds, Stopping threads took: 0.0465910 seconds
219.969: Application time: 0.1088390 seconds
220.045: [GC [PSYoungGen: 14512K->758K(14848K)] 19312K->5575K(48640K), 0.0008390 secs] [Times: user=0.00 sys=0.00, real=0.01 secs] 
220.046: Total time for which application threads were stopped: 0.0767960 seconds, Stopping threads took: 0.0758590 seconds
220.134: Application time: 0.0887530 seconds
220.211: [GC [PSYoungGen: 13550K->547K(14848K)] 18366K->5363K(48640K), 0.0007130 secs] [Times: user=0.00 sys=0.00, real=0.00 secs] 
220.212: Total time for which application threads were stopped: 0.0771570 seconds, Stopping threads took: 0.0763480 seconds
220.300: Application time: 0.0878890 seconds
220.357: [GC [PSYoungGen: 13162K->1392K(14848K)] 17979K->6209K(48640K), 0.0008900 secs] [Times: user=0.01 sys=0.00, real=0.00 secs] 
220.358: Total time for which application threads were stopped: 0.0587120 seconds, Stopping threads took: 0.0577400 seconds
220.462: Application time: 0.1032900 seconds
220.536: [GC [PSYoungGen: 13949K->758K(14848K)] 18766K->5575K(48640K), 0.0005370 secs] [Times: user=0.00 sys=0.00, real=0.00 secs] 
220.537: Total time for which application threads were stopped: 0.0751080 seconds, Stopping threads took: 0.0744800 seconds
220.639: Application time: 0.1018740 seconds
220.684: [GC [PSYoungGen: 13530K->2012K(14848K)] 18346K->7438K(48640K), 0.0010080 secs] [Times: user=0.01 sys=0.00, real=0.00 secs] 
220.685: Total time for which application threads were stopped: 0.0463680 seconds, Stopping threads took: 0.0452630 seconds
220.791: Application time: 0.1062010 seconds
220.868: [GC [PSYoungGen: 14725K->1344K(14848K)] 20151K->6787K(48640K), 0.0007310 secs] [Times: user=0.00 sys=0.00, real=0.00 secs] 
220.868: Total time for which application threads were stopped: 0.0772300 seconds, Stopping threads took: 0.0763890 seconds
220.973: Application time: 0.1048860 seconds
221.050: [GC [PSYoungGen: 14057K->1149K(14848K)] 19500K->6591K(48640K), 0.0006840 secs] [Times: user=0.00 sys=0.00, real=0.00 secs] 
221.051: Total time for which application threads were stopped: 0.0778350 seconds, Stopping threads took: 0.0770730 seconds
221.159: Application time: 0.1076650 seconds
221.232: [GC [PSYoungGen: 13667K->758K(14848K)] 19109K->6201K(48640K), 0.0004860 secs] [Times: user=0.00 sys=0.00, real=0.00 secs] 
221.232: Total time for which application threads were stopped: 0.0734810 seconds, Stopping threads took: 0.0729190 seconds
221.334: Application time: 0.1014340 seconds
221.412: [GC [PSYoungGen: 13471K->563K(14848K)] 18914K->6021K(48640K), 0.0006170 secs] [Times: user=0.00 sys=0.00, real=0.00 secs] 
221.412: Total time for which application threads were stopped: 0.0787320 seconds, Stopping threads took: 0.0780380 seconds
221.509: Application time: 0.0967530 seconds
221.585: [GC [PSYoungGen: 13354K->320K(14848K)] 18813K->5802K(48640K), 0.0005440 secs] [Times: user=0.00 sys=0.00, real=0.01 secs] 
221.585: Total time for which application threads were stopped: 0.0763550 seconds, Stopping threads took: 0.0757350 seconds
221.670: Application time: 0.0847730 seconds
221.714: [GC [PSYoungGen: 13013K->1978K(14848K)] 18496K->8828K(48640K), 0.0011980 secs] [Times: user=0.01 sys=0.00, real=0.00 secs] 
221.715: Total time for which application threads were stopped: 0.0444740 seconds, Stopping threads took: 0.0431920 seconds
221.808: Application time: 0.0930900 seconds
221.887: [GC [PSYoungGen: 14691K->986K(14848K)] 21541K->7843K(48640K), 0.0005590 secs] [Times: user=0.00 sys=0.00, real=0.00 secs] 
221.888: Total time for which application threads were stopped: 0.0798400 seconds, Stopping threads took: 0.0792070 seconds
221.992: Application time: 0.1044140 seconds
222.065: [GC [PSYoungGen: 13660K->563K(14848K)] 20517K->7421K(48640K), 0.0004720 secs] [Times: user=0.00 sys=0.00, real=0.01 secs] 
222.065: Total time for which application threads were stopped: 0.0731510 seconds, Stopping threads took: 0.0725920 seconds
222.154: Application time: 0.0886840 seconds
222.224: [GC [PSYoungGen: 13354K->320K(14848K)] 20212K->7177K(48640K), 0.0005140 secs] [Times: user=0.00 sys=0.00, real=0.01 secs] 
222.226: Total time for which application threads were stopped: 0.0719900 seconds, Stopping threads took: 0.0704230 seconds
222.314: Application time: 0.0883200 seconds
222.387: [GC [PSYoungGen: 12935K->1149K(14848K)] 19793K->8014K(48640K), 0.0006060 secs] [Times: user=0.00 sys=0.00, real=0.00 secs] 
222.388: Total time for which application threads were stopped: 0.0732580 seconds, Stopping threads took: 0.0725770 seconds
222.487: Application time: 0.0990620 seconds
222.562: [GC [PSYoungGen: 13823K->742K(14848K)] 20689K->7608K(48640K), 0.0005480 secs] [Times: user=0.01 sys=0.00, real=0.00 secs] 
222.563: Total time for which application threads were stopped: 0.0761970 seconds, Stopping threads took: 0.0755750 seconds
222.652: Application time: 0.0891950 seconds
222.717: [GC [PSYoungGen: 13534K->563K(14848K)] 20399K->7437K(48640K), 0.0006630 secs] [Times: user=0.00 sys=0.00, real=0.00 secs] 
222.717: Total time for which application threads were stopped: 0.0652340 seconds, Stopping threads took: 0.0644630 seconds
222.805: Application time: 0.0879740 seconds
222.880: [GC [PSYoungGen: 13276K->304K(14848K)] 20150K->7177K(48640K), 0.0005520 secs] [Times: user=0.00 sys=0.00, real=0.00 secs] 
222.881: Total time for which application threads were stopped: 0.0753860 seconds, Stopping threads took: 0.0747380 seconds
222.965: Application time: 0.0848270 seconds
223.007: [GC [PSYoungGen: 12919K->2028K(14848K)] 19793K->9105K(48640K), 0.0011070 secs] [Times: user=0.01 sys=0.00, real=0.00 secs] 
223.008: Total time for which application threads were stopped: 0.0430040 seconds, Stopping threads took: 0.0418050 seconds
223.090: Application time: 0.0816910 seconds
223.159: [GC [PSYoungGen: 14741K->938K(14848K)] 21818K->8023K(48640K), 0.0007600 secs] [Times: user=0.01 sys=0.00, real=0.00 secs] 
223.160: Total time for which application threads were stopped: 0.0699420 seconds, Stopping threads took: 0.0690870 seconds
223.261: Application time: 0.1013120 seconds
223.325: [GC [PSYoungGen: 13553K->1735K(14848K)] 20638K->8820K(48640K), 0.0008810 secs] [Times: user=0.00 sys=0.00, real=0.01 secs] 
223.326: Total time for which application threads were stopped: 0.0644900 seconds, Stopping threads took: 0.0635060 seconds
223.427: Application time: 0.1011590 seconds
223.488: [GC [PSYoungGen: 14409K->1360K(14848K)] 21494K->8445K(48640K), 0.0007480 secs] [Times: user=0.00 sys=0.00, real=0.00 secs] 
223.489: Total time for which application threads were stopped: 0.0620770 seconds, Stopping threads took: 0.0612510 seconds
223.589: Application time: 0.0998910 seconds
223.640: [GC [PSYoungGen: 13839K->1849K(14848K)] 20924K->8933K(48640K), 0.0007660 secs] [Times: user=0.01 sys=0.00, real=0.00 secs] 
223.641: Total time for which application threads were stopped: 0.0515220 seconds, Stopping threads took: 0.0506850 seconds
223.724: Application time: 0.0832830 seconds
223.791: [GC [PSYoungGen: 14640K->595K(14848K)] 21725K->7680K(48640K), 0.0004420 secs] [Times: user=0.00 sys=0.00, real=0.00 secs] 
223.792: Total time for which application threads were stopped: 0.0679050 seconds, Stopping threads took: 0.0673920 seconds
223.873: Application time: 0.0813650 seconds
223.936: [GC [PSYoungGen: 13308K->288K(14848K)] 20393K->7381K(48640K), 0.0004760 secs] [Times: user=0.00 sys=0.00, real=0.00 secs] 
223.937: Total time for which application threads were stopped: 0.0637290 seconds, Stopping threads took: 0.0631780 seconds
224.015: Application time: 0.0784780 seconds
224.058: [GC [PSYoungGen: 13060K->1149K(14848K)] 20153K->8250K(48640K), 0.0005820 secs] [Times: user=0.00 sys=0.00, real=0.00 secs] 
224.058: Total time for which application threads were stopped: 0.0430470 seconds, Stopping threads took: 0.0423990 seconds
224.141: Application time: 0.0825500 seconds
224.204: [GC [PSYoungGen: 13667K->726K(14848K)] 20768K->7827K(48640K), 0.0004520 secs] [Times: user=0.00 sys=0.00, real=0.00 secs] 
224.205: Total time for which application threads were stopped: 0.0637430 seconds, Stopping threads took: 0.0632190 seconds
224.287: Application time: 0.0823650 seconds
224.336: [GC [PSYoungGen: 13439K->1669K(14848K)] 20540K->8778K(48640K), 0.0007880 secs] [Times: user=0.01 sys=0.00, real=0.00 secs] 
224.337: Total time for which application threads were stopped: 0.0502580 seconds, Stopping threads took: 0.0493970 seconds
224.423: Application time: 0.0859920 seconds
224.494: [GC [PSYoungGen: 14382K->320K(14848K)] 21491K->7437K(48640K), 0.0004170 secs] [Times: user=0.00 sys=0.00, real=0.00 secs] 
224.494: Total time for which application threads were stopped: 0.0707040 seconds, Stopping threads took: 0.0702040 seconds
224.573: Application time: 0.0785870 seconds
224.612: [GC [PSYoungGen: 12935K->1117K(14848K)] 20052K->8234K(48640K), 0.0006110 secs] [Times: user=0.00 sys=0.00, real=0.01 secs] 
224.613: Total time for which application threads were stopped: 0.0405660 seconds, Stopping threads took: 0.0398820 seconds
224.696: Application time: 0.0831250 seconds
224.759: [GC [PSYoungGen: 13713K->694K(14848K)] 20830K->7819K(48640K), 0.0005340 secs] [Times: user=0.00 sys=0.00, real=0.00 secs] 
224.760: Total time for which application threads were stopped: 0.0636580 seconds, Stopping threads took: 0.0630550 seconds
224.846: Application time: 0.0861650 seconds
224.917: [GC [PSYoungGen: 13486K->579K(14848K)] 20611K->7720K(48640K), 0.0006400 secs] [Times: user=0.00 sys=0.00, real=0.00 secs] 
224.918: Total time for which application threads were stopped: 0.0720490 seconds, Stopping threads took: 0.0713130 seconds
225.001: Application time: 0.0830330 seconds
225.067: [GC [PSYoungGen: 13370K->336K(14848K)] 20511K->7477K(48640K), 0.0004440 secs] [Times: user=0.00 sys=0.00, real=0.00 secs] 
225.067: Total time for which application threads were stopped: 0.0658280 seconds, Stopping threads took: 0.0652870 seconds
225.146: Application time: 0.0791520 seconds
225.186: [GC [PSYoungGen: 12795K->742K(14848K)] 19936K->7883K(48640K), 0.0005600 secs] [Times: user=0.01 sys=0.00, real=0.00 secs] 
225.186: Total time for which application threads were stopped: 0.0401260 seconds, Stopping threads took: 0.0394780 seconds
225.268: Application time: 0.0815680 seconds
225.332: [GC [PSYoungGen: 13455K->563K(14848K)] 20596K->7704K(48640K), 0.0004890 secs] [Times: user=0.00 sys=0.00, real=0.00 secs] 
225.332: Total time for which application threads were stopped: 0.0643510 seconds, Stopping threads took: 0.0637960 seconds
225.415: Application time: 0.0830590 seconds
225.471: [GC [PSYoungGen: 13354K->304K(14848K)] 20495K->7445K(48640K), 0.0004060 secs] [Times: user=0.00 sys=0.00, real=0.00 secs] 
225.471: Total time for which application threads were stopped: 0.0559930 seconds, Stopping threads took: 0.0555220 seconds
225.549: Application time: 0.0773590 seconds
225.589: [GC [PSYoungGen: 12919K->1865K(14848K)] 20060K->9404K(48640K), 0.0009650 secs] [Times: user=0.00 sys=0.00, real=0.00 secs] 
225.590: Total time for which application threads were stopped: 0.0416310 seconds, Stopping threads took: 0.0405590 seconds
225.674: Application time: 0.0837400 seconds
225.742: [GC [PSYoungGen: 14382K->742K(14848K)] 21922K->8290K(48640K), 0.0005510 secs] [Times: user=0.00 sys=0.00, real=0.00 secs] 
225.743: Total time for which application threads were stopped: 0.0689200 seconds, Stopping threads took: 0.0682960 seconds
225.825: Application time: 0.0824310 seconds
225.891: [GC [PSYoungGen: 13455K->563K(14848K)] 21003K->8118K(48640K), 0.0004770 secs] [Times: user=0.00 sys=0.00, real=0.00 secs] 
225.892: Total time for which application threads were stopped: 0.0662220 seconds, Stopping threads took: 0.0656770 seconds
225.973: Application time: 0.0812360 seconds
226.039: [GC [PSYoungGen: 13354K->320K(14848K)] 20910K->7875K(48640K), 0.0004550 secs] [Times: user=0.00 sys=0.00, real=0.00 secs] 
226.039: Total time for which application threads were stopped: 0.0665070 seconds, Stopping threads took: 0.0659840 seconds
226.118: Application time: 0.0787260 seconds
226.158: [GC [PSYoungGen: 12935K->1165K(14848K)] 20491K->8728K(48640K), 0.0005720 secs] [Times: user=0.00 sys=0.00, real=0.00 secs] 
226.158: Total time for which application threads were stopped: 0.0403530 seconds, Stopping threads took: 0.0396980 seconds
226.243: Application time: 0.0845340 seconds
226.308: [GC [PSYoungGen: 13956K->938K(14848K)] 21520K->8501K(48640K), 0.0005440 secs] [Times: user=0.00 sys=0.00, real=0.00 secs] 
226.309: Total time for which application threads were stopped: 0.0657220 seconds, Stopping threads took: 0.0651090 seconds
226.392: Application time: 0.0829350 seconds
226.447: [GC [PSYoungGen: 13612K->579K(14848K)] 21175K->8143K(48640K), 0.0004650 secs] [Times: user=0.00 sys=0.00, real=0.00 secs] 
226.448: Total time for which application threads were stopped: 0.0562550 seconds, Stopping threads took: 0.0557240 seconds
226.531: Application time: 0.0826640 seconds
226.595: [GC [PSYoungGen: 13370K->368K(14848K)] 20934K->7931K(48640K), 0.0004750 secs] [Times: user=0.00 sys=0.00, real=0.00 secs] 
226.596: Total time for which application threads were stopped: 0.0652610 seconds, Stopping threads took: 0.0647100 seconds
226.675: Application time: 0.0796060 seconds
226.714: [GC [PSYoungGen: 13061K->1101K(14848K)] 20625K->8664K(48640K), 0.0006130 secs] [Times: user=0.00 sys=0.00, real=0.00 secs] 
226.715: Total time for which application threads were stopped: 0.0393110 seconds, Stopping threads took: 0.0386190 seconds
226.795: Application time: 0.0802800 seconds
226.863: [GC [PSYoungGen: 13697K->726K(14848K)] 21260K->8306K(48640K), 0.0004810 secs] [Times: user=0.00 sys=0.00, real=0.00 secs] 
226.863: Total time for which application threads were stopped: 0.0682100 seconds, Stopping threads took: 0.0676650 seconds
226.946: Application time: 0.0830070 seconds
227.011: [GC [PSYoungGen: 13518K->595K(14848K)] 21097K->8182K(48640K), 0.0006180 secs] [Times: user=0.01 sys=0.00, real=0.00 secs] 
227.011: Total time for which application threads were stopped: 0.0652080 seconds, Stopping threads took: 0.0645020 seconds
227.099: Application time: 0.0877120 seconds
227.164: [GC [PSYoungGen: 13386K->352K(14848K)] 20974K->7947K(48640K), 0.0004400 secs] [Times: user=0.00 sys=0.00, real=0.00 secs] 
227.165: Total time for which application threads were stopped: 0.0656780 seconds, Stopping threads took: 0.0651650 seconds
227.250: Application time: 0.0848910 seconds
227.297: [GC [PSYoungGen: 13065K->1994K(14848K)] 20660K->9988K(48640K), 0.0010560 secs] [Times: user=0.00 sys=0.00, real=0.00 secs] 
227.298: Total time for which application threads were stopped: 0.0484010 seconds, Stopping threads took: 0.0467810 seconds
227.388: Application time: 0.0903400 seconds
227.462: [GC [PSYoungGen: 14414K->742K(14848K)] 22409K->8736K(48640K), 0.0008220 secs] [Times: user=0.00 sys=0.00, real=0.00 secs] 
227.463: Total time for which application threads were stopped: 0.0741110 seconds, Stopping threads took: 0.0731910 seconds
227.552: Application time: 0.0897650 seconds
227.624: [GC [PSYoungGen: 13455K->579K(14848K)] 21450K->8581K(48640K), 0.0005580 secs] [Times: user=0.00 sys=0.00, real=0.00 secs] 
227.625: Total time for which application threads were stopped: 0.0723360 seconds, Stopping threads took: 0.0716850 seconds
227.714: Application time: 0.0898030 seconds
227.777: [GC [PSYoungGen: 13370K->336K(14848K)] 21373K->8338K(48640K), 0.0005930 secs] [Times: user=0.00 sys=0.00, real=0.00 secs] 
227.778: Total time for which application threads were stopped: 0.0635680 seconds, Stopping threads took: 0.0628950 seconds
227.864: Application time: 0.0855670 seconds
227.910: [GC [PSYoungGen: 12951K->1149K(14848K)] 20953K->9151K(48640K), 0.0005910 secs] [Times: user=0.00 sys=0.00, real=0.00 secs] 
227.910: Total time for which application threads were stopped: 0.0465660 seconds, Stopping threads took: 0.0458920 seconds
228.020: Application time: 0.1094860 seconds
228.095: [GC [PSYoungGen: 13745K->758K(14848K)] 21747K->8760K(48640K), 0.0005860 secs] [Times: user=0.00 sys=0.00, real=0.00 secs] 
228.096: Total time for which application threads were stopped: 0.0760070 seconds, Stopping threads took: 0.0753460 seconds
228.184: Application time: 0.0884080 seconds
228.256: [GC [PSYoungGen: 13433K->384K(14848K)] 21435K->8394K(48640K), 0.0006420 secs] [Times: user=0.00 sys=0.00, real=0.00 secs] 
228.257: Total time for which application threads were stopped: 0.0724360 seconds, Stopping threads took: 0.0717040 seconds
228.343: Application time: 0.0860640 seconds
228.390: [GC [PSYoungGen: 13077K->1133K(14848K)] 21088K->9143K(48640K), 0.0005710 secs] [Times: user=0.00 sys=0.00, real=0.00 secs] 
228.390: Total time for which application threads were stopped: 0.0478580 seconds, Stopping threads took: 0.0472060 seconds
228.498: Application time: 0.1077710 seconds
228.554: [GC [PSYoungGen: 13748K->1914K(14848K)] 21758K->9932K(48640K), 0.0010680 secs] [Times: user=0.01 sys=0.00, real=0.00 secs] 
228.555: Total time for which application threads were stopped: 0.0568460 seconds, Stopping threads took: 0.0556720 seconds
228.655: Application time: 0.0997650 seconds
228.734: [GC [PSYoungGen: 14608K->579K(14848K)] 22626K->8605K(48640K), 0.0004700 secs] [Times: user=0.00 sys=0.00, real=0.00 secs] 
228.734: Total time for which application threads were stopped: 0.0792610 seconds, Stopping threads took: 0.0786970 seconds
228.823: Application time: 0.0884770 seconds
228.893: [GC [PSYoungGen: 13370K->336K(14848K)] 21396K->8370K(48640K), 0.0004640 secs] [Times: user=0.00 sys=0.00, real=0.01 secs] 
228.893: Total time for which application threads were stopped: 0.0708130 seconds, Stopping threads took: 0.0702830 seconds
228.979: Application time: 0.0855160 seconds
229.022: [GC [PSYoungGen: 13029K->2044K(14848K)] 21064K->10281K(48640K), 0.0008930 secs] [Times: user=0.01 sys=0.00, real=0.00 secs] 
229.023: Total time for which application threads were stopped: 0.0437810 seconds, Stopping threads took: 0.0428130 seconds
229.118: Application time: 0.0948210 seconds
229.190: [GC [PSYoungGen: 14562K->806K(14848K)] 22799K->9052K(48640K), 0.0006060 secs] [Times: user=0.01 sys=0.00, real=0.00 secs] 
229.191: Total time for which application threads were stopped: 0.0733290 seconds, Stopping threads took: 0.0726400 seconds
229.279: Application time: 0.0881670 seconds
229.354: [GC [PSYoungGen: 13519K->579K(14848K)] 21765K->8832K(48640K), 0.0004890 secs] [Times: user=0.00 sys=0.00, real=0.00 secs] 
229.354: Total time for which application threads were stopped: 0.0753730 seconds, Stopping threads took: 0.0748150 seconds
229.443: Application time: 0.0884880 seconds
229.513: [GC [PSYoungGen: 13292K->400K(14848K)] 21546K->8661K(48640K), 0.0005430 secs] [Times: user=0.00 sys=0.00, real=0.00 secs] 
229.514: Total time for which application threads were stopped: 0.0710160 seconds, Stopping threads took: 0.0703770 seconds
229.599: Application time: 0.0853820 seconds
229.642: [GC [PSYoungGen: 13171K->1880K(14848K)] 21433K->10533K(48640K), 0.0009100 secs] [Times: user=0.00 sys=0.00, real=0.00 secs] 
229.643: Total time for which application threads were stopped: 0.0436820 seconds, Stopping threads took: 0.0426940 seconds
229.751: Application time: 0.1075510 seconds
229.826: [GC [PSYoungGen: 14476K->774K(14848K)] 23129K->9426K(48640K), 0.0005370 secs] [Times: user=0.00 sys=0.00, real=0.00 secs] 
229.827: Total time for which application threads were stopped: 0.0762630 seconds, Stopping threads took: 0.0756290 seconds
229.915: Application time: 0.0884560 seconds
229.977: [GC [PSYoungGen: 13566K->563K(14848K)] 22218K->9215K(48640K), 0.0005430 secs] [Times: user=0.00 sys=0.00, real=0.00 secs] 
229.977: Total time for which application threads were stopped: 0.0619710 seconds, Stopping threads took: 0.0613510 seconds
230.065: Application time: 0.0878090 seconds
230.138: [GC [PSYoungGen: 13354K->320K(14848K)] 22006K->8980K(48640K), 0.0004390 secs] [Times: user=0.00 sys=0.00, real=0.00 secs] 
230.139: Total time for which application threads were stopped: 0.0735950 seconds, Stopping threads took: 0.0730850 seconds
230.225: Application time: 0.0861020 seconds
230.268: [GC [PSYoungGen: 12779K->726K(14848K)] 21439K->9386K(48640K), 0.0007180 secs] [Times: user=0.00 sys=0.00, real=0.00 secs] 
230.268: Total time for which application threads were stopped: 0.0436100 seconds, Stopping threads took: 0.0427940 seconds
230.358: Application time: 0.0899170 seconds
230.421: [GC [PSYoungGen: 13439K->579K(14848K)] 22100K->9247K(48640K), 0.0007110 secs] [Times: user=0.01 sys=0.00, real=0.00 secs] 
230.422: Total time for which application threads were stopped: 0.0635770 seconds, Stopping threads took: 0.0627590 seconds
230.512: Application time: 0.0901340 seconds
230.558: [GC [PSYoungGen: 13194K->1344K(14848K)] 21862K->10020K(48640K), 0.0006640 secs] [Times: user=0.00 sys=0.00, real=0.00 secs] 
230.559: Total time for which application threads were stopped: 0.0469860 seconds, Stopping threads took: 0.0462480 seconds
230.662: Application time: 0.1031050 seconds
230.743: [GC [PSYoungGen: 14057K->1165K(14848K)] 22733K->9849K(48640K), 0.0005820 secs] [Times: user=0.00 sys=0.00, real=0.00 secs] 
230.744: Total time for which application threads were stopped: 0.0815470 seconds, Stopping threads took: 0.0808980 seconds
230.833: Application time: 0.0897970 seconds
230.892: [GC [PSYoungGen: 13683K->790K(14848K)] 22367K->9474K(48640K), 0.0004980 secs] [Times: user=0.00 sys=0.00, real=0.00 secs] 
230.893: Total time for which application threads were stopped: 0.0592660 seconds, Stopping threads took: 0.0586980 seconds
230.993: Application time: 0.1002230 seconds
231.061: [GC [PSYoungGen: 13503K->531K(14848K)] 22188K->9223K(48640K), 0.0004660 secs] [Times: user=0.00 sys=0.00, real=0.00 secs] 
231.062: Total time for which application threads were stopped: 0.0689700 seconds, Stopping threads took: 0.0684220 seconds
231.144: Application time: 0.0816870 seconds
231.208: [GC [PSYoungGen: 13244K->384K(14848K)] 21936K->9084K(48640K), 0.0004600 secs] [Times: user=0.00 sys=0.00, real=0.00 secs] 
231.209: Total time for which application threads were stopped: 0.0649910 seconds, Stopping threads took: 0.0644380 seconds
231.290: Application time: 0.0812730 seconds
231.330: [GC [PSYoungGen: 12999K->1149K(14848K)] 21699K->9865K(48640K), 0.0008470 secs] [Times: user=0.01 sys=0.00, real=0.00 secs] 
231.331: Total time for which application threads were stopped: 0.0408090 seconds, Stopping threads took: 0.0398770 seconds
231.414: Application time: 0.0831170 seconds
231.471: [GC [PSYoungGen: 13823K->742K(14848K)] 22539K->9458K(48640K), 0.0004700 secs] [Times: user=0.00 sys=0.00, real=0.00 secs] 
231.472: Total time for which application threads were stopped: 0.0577670 seconds, Stopping threads took: 0.0572230 seconds
231.553: Application time: 0.0819070 seconds
231.619: [GC [PSYoungGen: 13417K->336K(14848K)] 22133K->9052K(48640K), 0.0004620 secs] [Times: user=0.00 sys=0.00, real=0.00 secs] 
231.619: Total time for which application threads were stopped: 0.0658770 seconds, Stopping threads took: 0.0653410 seconds
231.701: Application time: 0.0814830 seconds
231.757: [GC [PSYoungGen: 13108K->1165K(14848K)] 21824K->9881K(48640K), 0.0005890 secs] [Times: user=0.00 sys=0.00, real=0.00 secs] 
231.757: Total time for which application threads were stopped: 0.0563680 seconds, Stopping threads took: 0.0556900 seconds
231.840: Application time: 0.0823720 seconds
231.906: [GC [PSYoungGen: 13683K->806K(14848K)] 22399K->9530K(48640K), 0.0008430 secs] [Times: user=0.01 sys=0.00, real=0.00 secs] 
231.907: Total time for which application threads were stopped: 0.0671380 seconds, Stopping threads took: 0.0662060 seconds
232.005: Application time: 0.0978050 seconds
232.074: [GC [PSYoungGen: 13480K->352K(14848K)] 22205K->9084K(48640K), 0.0004900 secs] [Times: user=0.00 sys=0.00, real=0.00 secs] 
232.075: Total time for which application threads were stopped: 0.0701770 seconds, Stopping threads took: 0.0696110 seconds
232.152: Application time: 0.0777860 seconds
232.192: [GC [PSYoungGen: 12967K->2028K(14848K)] 21699K->10963K(48640K), 0.0009240 secs] [Times: user=0.00 sys=0.00, real=0.01 secs] 
232.193: Total time for which application threads were stopped: 0.0406260 seconds, Stopping threads took: 0.0396000 seconds
232.277: Application time: 0.0838080 seconds
232.345: [GC [PSYoungGen: 14741K->954K(14848K)] 23676K->9897K(48640K), 0.0005470 secs] [Times: user=0.01 sys=0.00, real=0.01 secs] 
232.346: Total time for which application threads were stopped: 0.0694660 seconds, Stopping threads took: 0.0678540 seconds
232.431: Application time: 0.0849410 seconds
232.497: [GC [PSYoungGen: 13667K->742K(14848K)] 22610K->9694K(48640K), 0.0006020 secs] [Times: user=0.00 sys=0.01, real=0.00 secs] 
232.498: Total time for which application threads were stopped: 0.0662590 seconds, Stopping threads took: 0.0655830 seconds
232.579: Application time: 0.0816140 seconds
232.636: [GC [PSYoungGen: 13455K->579K(14848K)] 22407K->9530K(48640K), 0.0005520 secs] [Times: user=0.00 sys=0.00, real=0.00 secs] 
232.636: Total time for which application threads were stopped: 0.0569980 seconds, Stopping threads took: 0.0563580 seconds
232.719: Application time: 0.0830960 seconds
232.784: [GC [PSYoungGen: 13292K->352K(14848K)] 22244K->9303K(48640K), 0.0006660 secs] [Times: user=0.00 sys=0.00, real=0.00 secs] 
232.784: Total time for which application threads were stopped: 0.0650650 seconds, Stopping threads took: 0.0642990 seconds
232.863: Application time: 0.0783590 seconds
232.908: [GC [PSYoungGen: 13045K->2028K(14848K)] 21997K->11175K(48640K), 0.0009430 secs] [Times: user=0.01 sys=0.00, real=0.00 secs] 
232.909: Total time for which application threads were stopped: 0.0464330 seconds, Stopping threads took: 0.0453960 seconds
232.999: Application time: 0.0898690 seconds
233.071: [GC [PSYoungGen: 14800K->1946K(14848K)] 23947K->11093K(48640K), 0.0008440 secs] [Times: user=0.00 sys=0.00, real=0.00 secs] 
233.072: Total time for which application threads were stopped: 0.0725500 seconds, Stopping threads took: 0.0716300 seconds
233.175: Application time: 0.1035580 seconds
233.240: [GC [PSYoungGen: 14640K->579K(14848K)] 23787K->9726K(48640K), 0.0004860 secs] [Times: user=0.01 sys=0.00, real=0.00 secs] 
233.241: Total time for which application threads were stopped: 0.0657120 seconds, Stopping threads took: 0.0651530 seconds
233.321: Application time: 0.0799450 seconds
233.360: [GC [PSYoungGen: 13351K->1360K(14848K)] 22498K->10507K(48640K), 0.0007570 secs] [Times: user=0.00 sys=0.00, real=0.00 secs] 
233.361: Total time for which application threads were stopped: 0.0402310 seconds, Stopping threads took: 0.0393630 seconds
233.464: Application time: 0.1032570 seconds
233.534: [GC [PSYoungGen: 14073K->1165K(14848K)] 23220K->10312K(48640K), 0.0006980 secs] [Times: user=0.00 sys=0.00, real=0.00 secs] 
233.535: Total time for which application threads were stopped: 0.0703570 seconds, Stopping threads took: 0.0695690 seconds
233.618: Application time: 0.0833670 seconds
233.676: [GC [PSYoungGen: 13956K->970K(14848K)] 23103K->10132K(48640K), 0.0005850 secs] [Times: user=0.00 sys=0.00, real=0.00 secs] 
233.676: Total time for which application threads were stopped: 0.0581640 seconds, Stopping threads took: 0.0575030 seconds
233.773: Application time: 0.0969580 seconds
233.836: [GC [PSYoungGen: 13761K->790K(14848K)] 22924K->9961K(48640K), 0.0005190 secs] [Times: user=0.00 sys=0.00, real=0.00 secs] 
233.837: Total time for which application threads were stopped: 0.0638480 seconds, Stopping threads took: 0.0632400 seconds
233.920: Application time: 0.0826110 seconds
233.975: [GC [PSYoungGen: 13503K->563K(14848K)] 22674K->9742K(48640K), 0.0005240 secs] [Times: user=0.01 sys=0.00, real=0.00 secs] 
233.975: Total time for which application threads were stopped: 0.0555410 seconds, Stopping threads took: 0.0549400 seconds
234.057: Application time: 0.0818090 seconds
234.117: [GC [PSYoungGen: 13276K->320K(14848K)] 22455K->9498K(48640K), 0.0004890 secs] [Times: user=0.00 sys=0.00, real=0.00 secs] 
234.118: Total time for which application threads were stopped: 0.0605680 seconds, Stopping threads took: 0.0599910 seconds
234.195: Application time: 0.0778480 seconds
234.239: [GC [PSYoungGen: 12935K->1165K(14848K)] 22114K->10352K(48640K), 0.0006740 secs] [Times: user=0.01 sys=0.00, real=0.00 secs] 
234.239: Total time for which application threads were stopped: 0.0438480 seconds, Stopping threads took: 0.0430810 seconds
234.323: Application time: 0.0841460 seconds
234.387: [GC [PSYoungGen: 13956K->986K(14848K)] 23143K->10172K(48640K), 0.0005000 secs] [Times: user=0.00 sys=0.00, real=0.00 secs] 
234.387: Total time for which application threads were stopped: 0.0639880 seconds, Stopping threads took: 0.0634200 seconds
234.484: Application time: 0.0961930 seconds
234.543: [GC [PSYoungGen: 13777K->758K(14848K)] 22963K->9945K(48640K), 0.0005970 secs] [Times: user=0.00 sys=0.00, real=0.00 secs] 
234.543: Total time for which application threads were stopped: 0.0595320 seconds, Stopping threads took: 0.0588320 seconds
234.625: Application time: 0.0814340 seconds
234.687: [GC [PSYoungGen: 13550K->579K(14848K)] 22737K->9766K(48640K), 0.0006270 secs] [Times: user=0.00 sys=0.00, real=0.00 secs] 
234.687: Total time for which application threads were stopped: 0.0629000 seconds, Stopping threads took: 0.0621800 seconds
234.771: Application time: 0.0839530 seconds
234.835: [GC [PSYoungGen: 13292K->352K(14848K)] 22479K->9538K(48640K), 0.0004910 secs] [Times: user=0.00 sys=0.00, real=0.00 secs] 
234.836: Total time for which application threads were stopped: 0.0640860 seconds, Stopping threads took: 0.0635300 seconds
234.914: Application time: 0.0782330 seconds
234.955: [GC [PSYoungGen: 13045K->1117K(14848K)] 22232K->10304K(48640K), 0.0006540 secs] [Times: user=0.01 sys=0.00, real=0.00 secs] 
234.956: Total time for which application threads were stopped: 0.0419130 seconds, Stopping threads took: 0.0411870 seconds
235.042: Application time: 0.0861600 seconds
235.101: [GC [PSYoungGen: 13869K->774K(14848K)] 23056K->9969K(48640K), 0.0005460 secs] [Times: user=0.00 sys=0.01, real=0.00 secs] 
235.101: Total time for which application threads were stopped: 0.0594970 seconds, Stopping threads took: 0.0588750 seconds
235.190: Application time: 0.0890180 seconds
235.263: [GC [PSYoungGen: 13566K->531K(14848K)] 22760K->9734K(48640K), 0.0004720 secs] [Times: user=0.01 sys=0.00, real=0.00 secs] 
235.263: Total time for which application threads were stopped: 0.0726810 seconds, Stopping threads took: 0.0721380 seconds
235.353: Application time: 0.0901860 seconds
235.427: [GC [PSYoungGen: 13244K->368K(14848K)] 22447K->9578K(48640K), 0.0004540 secs] [Times: user=0.00 sys=0.00, real=0.00 secs] 
235.428: Total time for which application threads were stopped: 0.0743350 seconds, Stopping threads took: 0.0738070 seconds
235.513: Application time: 0.0852580 seconds
235.556: [GC [PSYoungGen: 12983K->1881K(14848K)] 22194K->11498K(48640K), 0.0008650 secs] [Times: user=0.00 sys=0.00, real=0.00 secs] 
235.557: Total time for which application threads were stopped: 0.0445110 seconds, Stopping threads took: 0.0435760 seconds
235.651: Application time: 0.0935790 seconds
235.724: [GC [PSYoungGen: 14398K->742K(14848K)] 24016K->10360K(48640K), 0.0005570 secs] [Times: user=0.00 sys=0.00, real=0.00 secs] 
235.725: Total time for which application threads were stopped: 0.0737440 seconds, Stopping threads took: 0.0731050 seconds
235.814: Application time: 0.0893620 seconds
235.879: [GC [PSYoungGen: 13455K->531K(14848K)] 23073K->10156K(48640K), 0.0008060 secs] [Times: user=0.00 sys=0.00, real=0.00 secs] 
235.880: Total time for which application threads were stopped: 0.0660620 seconds, Stopping threads took: 0.0651660 seconds
235.969: Application time: 0.0888260 seconds
236.039: [GC [PSYoungGen: 13244K->304K(14848K)] 22870K->9937K(48640K), 0.0004610 secs] [Times: user=0.00 sys=0.00, real=0.00 secs] 
236.039: Total time for which application threads were stopped: 0.0703790 seconds, Stopping threads took: 0.0698300 seconds
236.125: Application time: 0.0852260 seconds
236.171: [GC [PSYoungGen: 12919K->1149K(14848K)] 22552K->10782K(48640K), 0.0006170 secs] [Times: user=0.00 sys=0.00, real=0.00 secs] 
236.171: Total time for which application threads were stopped: 0.0466970 seconds, Stopping threads took: 0.0460060 seconds
236.276: Application time: 0.1052030 seconds
236.348: [GC [PSYoungGen: 13784K->563K(14848K)] 23417K->10196K(48640K), 0.0004630 secs] [Times: user=0.00 sys=0.00, real=0.00 secs] 
236.349: Total time for which application threads were stopped: 0.0724830 seconds, Stopping threads took: 0.0719430 seconds
236.437: Application time: 0.0881340 seconds
236.503: [GC [PSYoungGen: 13363K->336K(14848K)] 22996K->9969K(48640K), 0.0004730 secs] [Times: user=0.00 sys=0.00, real=0.00 secs] 
236.503: Total time for which application threads were stopped: 0.0663590 seconds, Stopping threads took: 0.0658150 seconds
236.588: Application time: 0.0848470 seconds
236.631: [GC [PSYoungGen: 13117K->1962K(14848K)] 22750K->11994K(48640K), 0.0009770 secs] [Times: user=0.01 sys=0.00, real=0.00 secs] 
236.632: Total time for which application threads were stopped: 0.0441430 seconds, Stopping threads took: 0.0430950 seconds
236.723: Application time: 0.0901670 seconds
236.791: [GC [PSYoungGen: 14753K->1978K(14848K)] 24786K->12214K(48640K), 0.0008850 secs] [Times: user=0.01 sys=0.00, real=0.00 secs] 
236.792: Total time for which application threads were stopped: 0.0690630 seconds, Stopping threads took: 0.0681110 seconds
236.900: Application time: 0.1083850 seconds
236.976: [GC [PSYoungGen: 14593K->790K(14848K)] 24829K->11034K(48640K), 0.0005120 secs] [Times: user=0.00 sys=0.00, real=0.00 secs] 
236.976: Total time for which application threads were stopped: 0.0761330 seconds, Stopping threads took: 0.0755400 seconds
237.068: Application time: 0.0920610 seconds
237.148: [GC [PSYoungGen: 13503K->483K(14848K)] 23747K->10726K(48640K), 0.0004720 secs] [Times: user=0.00 sys=0.00, real=0.00 secs] 
237.149: Total time for which application threads were stopped: 0.0807110 seconds, Stopping threads took: 0.0801680 seconds
237.238: Application time: 0.0886310 seconds
237.309: [GC [PSYoungGen: 13274K->320K(14848K)] 23518K->10571K(48640K), 0.0006040 secs] [Times: user=0.01 sys=0.00, real=0.00 secs] 
237.309: Total time for which application threads were stopped: 0.0715890 seconds, Stopping threads took: 0.0708910 seconds
237.395: Application time: 0.0853530 seconds
237.440: [GC [PSYoungGen: 12935K->2044K(14848K)] 23186K->12499K(48640K), 0.0009160 secs] [Times: user=0.00 sys=0.00, real=0.00 secs] 
237.441: Total time for which application threads were stopped: 0.0462320 seconds, Stopping threads took: 0.0452420 seconds
237.531: Application time: 0.0906890 seconds
237.601: [GC [PSYoungGen: 14659K->1930K(14848K)] 25114K->12393K(48640K), 0.0008120 secs] [Times: user=0.00 sys=0.00, real=0.00 secs] 
237.602: Total time for which application threads were stopped: 0.0706990 seconds, Stopping threads took: 0.0698100 seconds
237.708: Application time: 0.1053500 seconds
237.783: [GC [PSYoungGen: 14545K->595K(14848K)] 25008K->11058K(48640K), 0.0004490 secs] [Times: user=0.00 sys=0.00, real=0.00 secs] 
237.783: Total time for which application threads were stopped: 0.0758510 seconds, Stopping threads took: 0.0753270 seconds
237.872: Application time: 0.0887310 seconds
237.938: [GC [PSYoungGen: 13386K->336K(14848K)] 23849K->10798K(48640K), 0.0005620 secs] [Times: user=0.00 sys=0.00, real=0.00 secs] 
237.939: Total time for which application threads were stopped: 0.0664240 seconds, Stopping threads took: 0.0657880 seconds
238.028: Application time: 0.0894990 seconds
238.080: [GC [PSYoungGen: 13068K->970K(14848K)] 23531K->11432K(48640K), 0.0006270 secs] [Times: user=0.00 sys=0.00, real=0.00 secs] 
238.080: Total time for which application threads were stopped: 0.0522550 seconds, Stopping threads took: 0.0515510 seconds
238.169: Application time: 0.0883750 seconds
238.239: [GC [PSYoungGen: 13761K->790K(14848K)] 24223K->11253K(48640K), 0.0006870 secs] [Times: user=0.01 sys=0.00, real=0.00 secs] 
238.239: Total time for which application threads were stopped: 0.0707690 seconds, Stopping threads took: 0.0699800 seconds
238.333: Application time: 0.0937290 seconds
238.408: [GC [PSYoungGen: 13582K->611K(14848K)] 24044K->11074K(48640K), 0.0004560 secs] [Times: user=0.00 sys=0.00, real=0.00 secs] 
238.409: Total time for which application threads were stopped: 0.0757430 seconds, Stopping threads took: 0.0752170 seconds
238.497: Application time: 0.0877390 seconds
238.567: [GC [PSYoungGen: 13324K->320K(14848K)] 23787K->10782K(48640K), 0.0004350 secs] [Times: user=0.00 sys=0.00, real=0.00 secs] 
238.567: Total time for which application threads were stopped: 0.0706000 seconds, Stopping threads took: 0.0700830 seconds
238.652: Application time: 0.0850050 seconds
238.696: [GC [PSYoungGen: 12935K->1165K(14848K)] 23398K->11636K(48640K), 0.0009370 secs] [Times: user=0.00 sys=0.00, real=0.00 secs] 
238.697: Total time for which application threads were stopped: 0.0448540 seconds, Stopping threads took: 0.0438220 seconds
238.786: Application time: 0.0885770 seconds
238.831: [GC [PSYoungGen: 13780K->1978K(14848K)] 24251K->12457K(48640K), 0.0010450 secs] [Times: user=0.01 sys=0.00, real=0.00 secs] 
238.832: Total time for which application threads were stopped: 0.0462390 seconds, Stopping threads took: 0.0450940 seconds
238.933: Application time: 0.1011930 seconds
239.012: [GC [PSYoungGen: 14594K->579K(14848K)] 25072K->11066K(48640K), 0.0004650 secs] [Times: user=0.00 sys=0.00, real=0.00 secs] 
239.012: Total time for which application threads were stopped: 0.0789280 seconds, Stopping threads took: 0.0783910 seconds
239.094: Application time: 0.0820910 seconds
239.151: [GC [PSYoungGen: 13370K->352K(14848K)] 23857K->10846K(48640K), 0.0004470 secs] [Times: user=0.00 sys=0.00, real=0.00 secs] 
239.152: Total time for which application threads were stopped: 0.0575950 seconds, Stopping threads took: 0.0570730 seconds
239.231: Application time: 0.0792110 seconds
239.271: [GC [PSYoungGen: 12967K->1149K(14848K)] 23462K->11644K(48640K), 0.0006320 secs] [Times: user=0.00 sys=0.00, real=0.00 secs] 
239.271: Total time for which application threads were stopped: 0.0405000 seconds, Stopping threads took: 0.0397960 seconds
239.355: Application time: 0.0834220 seconds
239.420: [GC [PSYoungGen: 13667K->790K(14848K)] 24161K->11285K(48640K), 0.0005360 secs] [Times: user=0.00 sys=0.00, real=0.00 secs] 
239.420: Total time for which application threads were stopped: 0.0653080 seconds, Stopping threads took: 0.0646730 seconds
239.502: Application time: 0.0814620 seconds
239.558: [GC [PSYoungGen: 13543K->352K(14848K)] 24038K->10854K(48640K), 0.0004690 secs] [Times: user=0.00 sys=0.00, real=0.00 secs] 
239.558: Total time for which application threads were stopped: 0.0567830 seconds, Stopping threads took: 0.0562440 seconds
239.637: Application time: 0.0787770 seconds
239.678: [GC [PSYoungGen: 12967K->2044K(14848K)] 23470K->12742K(48640K), 0.0008330 secs] [Times: user=0.00 sys=0.00, real=0.00 secs] 
239.678: Total time for which application threads were stopped: 0.0411330 seconds, Stopping threads took: 0.0402230 seconds
239.777: Application time: 0.0983730 seconds
239.846: [GC [PSYoungGen: 14796K->774K(14848K)] 25494K->11472K(48640K), 0.0004990 secs] [Times: user=0.00 sys=0.00, real=0.00 secs] 
239.846: Total time for which application threads were stopped: 0.0696180 seconds, Stopping threads took: 0.0690460 seconds
239.944: Application time: 0.0975700 seconds
240.010: [GC [PSYoungGen: 13487K->611K(14848K)] 24185K->11309K(48640K), 0.0005810 secs] [Times: user=0.00 sys=0.00, real=0.00 secs] 
240.011: Total time for which application threads were stopped: 0.0666280 seconds, Stopping threads took: 0.0659490 seconds
240.092: Application time: 0.0816300 seconds
240.156: [GC [PSYoungGen: 13324K->304K(14848K)] 24022K->11010K(48640K), 0.0004430 secs] [Times: user=0.01 sys=0.00, real=0.00 secs] 
240.157: Total time for which application threads were stopped: 0.0646850 seconds, Stopping threads took: 0.0641770 seconds
240.235: Application time: 0.0778130 seconds
240.277: [GC [PSYoungGen: 12997K->1149K(14848K)] 23703K->11863K(48640K), 0.0005980 secs] [Times: user=0.00 sys=0.00, real=0.00 secs] 
240.278: Total time for which application threads were stopped: 0.0427970 seconds, Stopping threads took: 0.0421270 seconds
240.382: Application time: 0.1042380 seconds
240.445: [GC [PSYoungGen: 13862K->938K(14848K)] 24576K->11660K(48640K), 0.0005280 secs] [Times: user=0.00 sys=0.00, real=0.01 secs] 
240.446: Total time for which application threads were stopped: 0.0638200 seconds, Stopping threads took: 0.0632180 seconds
240.533: Application time: 0.0875230 seconds
240.599: [GC [PSYoungGen: 13436K->1540K(14848K)] 24158K->12270K(48640K), 0.0008900 secs] [Times: user=0.01 sys=0.00, real=0.00 secs] 
240.600: Total time for which application threads were stopped: 0.0669960 seconds, Stopping threads took: 0.0660070 seconds
240.695: Application time: 0.0946710 seconds
240.764: [GC [PSYoungGen: 14253K->1328K(14848K)] 24983K->12058K(48640K), 0.0007640 secs] [Times: user=0.01 sys=0.00, real=0.00 secs] 
240.764: Total time for which application threads were stopped: 0.0695300 seconds, Stopping threads took: 0.0686850 seconds
240.872: Application time: 0.1081710 seconds
240.934: [GC [PSYoungGen: 14041K->1133K(14848K)] 24771K->11863K(48640K), 0.0006830 secs] [Times: user=0.00 sys=0.01, real=0.00 secs] 
240.934: Total time for which application threads were stopped: 0.0619660 seconds, Stopping threads took: 0.0612030 seconds
241.018: Application time: 0.0838460 seconds
241.083: [GC [PSYoungGen: 13807K->774K(14848K)] 24537K->11504K(48640K), 0.0005430 secs] [Times: user=0.00 sys=0.00, real=0.00 secs] 
241.084: Total time for which application threads were stopped: 0.0654600 seconds, Stopping threads took: 0.0648390 seconds
241.166: Application time: 0.0822460 seconds
241.220: [GC [PSYoungGen: 13487K->579K(14848K)] 24217K->11309K(48640K), 0.0007010 secs] [Times: user=0.01 sys=0.00, real=0.00 secs] 
241.221: Total time for which application threads were stopped: 0.0545700 seconds, Stopping threads took: 0.0537690 seconds
241.302: Application time: 0.0810590 seconds
241.355: [GC [PSYoungGen: 13351K->1376K(14848K)] 24081K->12114K(48640K), 0.0008280 secs] [Times: user=0.01 sys=0.00, real=0.00 secs] 
241.356: Total time for which application threads were stopped: 0.0541240 seconds, Stopping threads took: 0.0532280 seconds
241.453: Application time: 0.0969350 seconds
241.524: [GC [PSYoungGen: 14167K->1149K(14848K)] 24905K->11887K(48640K), 0.0006970 secs] [Times: user=0.01 sys=0.00, real=0.00 secs] 
241.524: Total time for which application threads were stopped: 0.0717460 seconds, Stopping threads took: 0.0709530 seconds
241.606: Application time: 0.0820180 seconds
241.672: [GC [PSYoungGen: 13823K->758K(14848K)] 24561K->11496K(48640K), 0.0005410 secs] [Times: user=0.01 sys=0.00, real=0.00 secs] 
241.672: Total time for which application threads were stopped: 0.0658550 seconds, Stopping threads took: 0.0652440 seconds
241.757: Application time: 0.0851160 seconds
241.827: [GC [PSYoungGen: 13471K->531K(14848K)] 24209K->11277K(48640K), 0.0004950 secs] [Times: user=0.00 sys=0.00, real=0.00 secs] 
241.827: Total time for which application threads were stopped: 0.0698840 seconds, Stopping threads took: 0.0693180 seconds
241.910: Application time: 0.0823010 seconds
241.975: [GC [PSYoungGen: 13244K->336K(14848K)] 23990K->11082K(48640K), 0.0005020 secs] [Times: user=0.00 sys=0.00, real=0.00 secs] 
241.976: Total time for which application threads were stopped: 0.0659180 seconds, Stopping threads took: 0.0653270 seconds
242.054: Application time: 0.0784910 seconds
242.097: [GC [PSYoungGen: 12951K->1149K(14848K)] 23697K->11903K(48640K), 0.0006450 secs] [Times: user=0.00 sys=0.00, real=0.00 secs] 
242.098: Total time for which application threads were stopped: 0.0437960 seconds, Stopping threads took: 0.0430760 seconds
242.201: Application time: 0.1033670 seconds
242.263: [GC [PSYoungGen: 13667K->1801K(14848K)] 24421K->12555K(48640K), 0.0007660 secs] [Times: user=0.01 sys=0.00, real=0.00 secs] 
242.264: Total time for which application threads were stopped: 0.0623680 seconds, Stopping threads took: 0.0615100 seconds
242.348: Application time: 0.0844050 seconds
242.415: [GC [PSYoungGen: 14514K->547K(14848K)] 25268K->11301K(48640K), 0.0004800 secs] [Times: user=0.00 sys=0.00, real=0.00 secs] 
242.416: Total time for which application threads were stopped: 0.0677080 seconds, Stopping threads took: 0.0671290 seconds
242.512: Application time: 0.0967990 seconds
242.577: [GC [PSYoungGen: 13338K->320K(14848K)] 24092K->11082K(48640K), 0.0004430 secs] [Times: user=0.00 sys=0.00, real=0.00 secs] 
242.579: Total time for which application threads were stopped: 0.0660660 seconds, Stopping threads took: 0.0644310 seconds
242.659: Application time: 0.0804200 seconds
242.700: [GC [PSYoungGen: 13013K->1133K(14848K)] 23775K->11895K(48640K), 0.0006890 secs] [Times: user=0.01 sys=0.00, real=0.00 secs] 
242.701: Total time for which application threads were stopped: 0.0420900 seconds, Stopping threads took: 0.0413060 seconds
242.785: Application time: 0.0834860 seconds
242.850: [GC [PSYoungGen: 13807K->774K(14848K)] 24569K->11544K(48640K), 0.0005890 secs] [Times: user=0.00 sys=0.00, real=0.00 secs] 
242.851: Total time for which application threads were stopped: 0.0660010 seconds, Stopping threads took: 0.0653360 seconds
242.935: Application time: 0.0839400 seconds
242.990: [GC [PSYoungGen: 13448K->352K(14848K)] 24219K->11122K(48640K), 0.0005090 secs] [Times: user=0.00 sys=0.00, real=0.00 secs] 
242.990: Total time for which application threads were stopped: 0.0557030 seconds, Stopping threads took: 0.0551190 seconds
243.069: Application time: 0.0792400 seconds
243.110: [GC [PSYoungGen: 12967K->1133K(14848K)] 23737K->11903K(48640K), 0.0005810 secs] [Times: user=0.00 sys=0.00, real=0.00 secs] 
243.110: Total time for which application threads were stopped: 0.0407960 seconds, Stopping threads took: 0.0401500 seconds
243.193: Application time: 0.0828510 seconds
243.258: [GC [PSYoungGen: 13729K->758K(14848K)] 24499K->11536K(48640K), 0.0005630 secs] [Times: user=0.00 sys=0.00, real=0.00 secs] 
243.258: Total time for which application threads were stopped: 0.0652830 seconds, Stopping threads took: 0.0646520 seconds
243.343: Application time: 0.0846510 seconds
243.400: [GC [PSYoungGen: 13452K->1572K(14848K)] 24230K->12350K(48640K), 0.0007380 secs] [Times: user=0.00 sys=0.00, real=0.00 secs] 
243.401: Total time for which application threads were stopped: 0.0576610 seconds, Stopping threads took: 0.0568350 seconds
243.500: Application time: 0.0996120 seconds
243.569: [GC [PSYoungGen: 14285K->1360K(14848K)] 25063K->12146K(48640K), 0.0006820 secs] [Times: user=0.01 sys=0.00, real=0.00 secs] 
243.570: Total time for which application threads were stopped: 0.0692020 seconds, Stopping threads took: 0.0684390 seconds
243.674: Application time: 0.1042170 seconds
243.742: [GC [PSYoungGen: 14073K->1165K(14848K)] 24859K->11959K(48640K), 0.0005990 secs] [Times: user=0.00 sys=0.00, real=0.00 secs] 
243.743: Total time for which application threads were stopped: 0.0688300 seconds, Stopping threads took: 0.0681590 seconds
243.845: Application time: 0.1027830 seconds
243.904: [GC [PSYoungGen: 13683K->742K(14848K)] 24477K->11544K(48640K), 0.0005580 secs] [Times: user=0.00 sys=0.00, real=0.00 secs] 
243.905: Total time for which application threads were stopped: 0.0592760 seconds, Stopping threads took: 0.0586450 seconds
243.987: Application time: 0.0822700 seconds
244.052: [GC [PSYoungGen: 13455K->547K(14848K)] 24257K->11349K(48640K), 0.0006500 secs] [Times: user=0.00 sys=0.00, real=0.00 secs] 
244.052: Total time for which application threads were stopped: 0.0652620 seconds, Stopping threads took: 0.0645410 seconds
244.135: Application time: 0.0824460 seconds
244.199: [GC [PSYoungGen: 13347K->288K(14848K)] 24149K->11090K(48640K), 0.0006440 secs] [Times: user=0.01 sys=0.00, real=0.00 secs] 
244.200: Total time for which application threads were stopped: 0.0652040 seconds, Stopping threads took: 0.0644860 seconds
244.278: Application time: 0.0781120 seconds
244.332: [GC [PSYoungGen: 13030K->1930K(14848K)] 23832K->12928K(48640K), 0.0010750 secs] [Times: user=0.01 sys=0.00, real=0.01 secs] 
244.333: Total time for which application threads were stopped: 0.0554030 seconds, Stopping threads took: 0.0542310 seconds
244.417: Application time: 0.0837120 seconds
244.481: [GC [PSYoungGen: 14643K->1994K(14848K)] 25641K->12992K(48640K), 0.0008990 secs] [Times: user=0.00 sys=0.00, real=0.00 secs] 
244.482: Total time for which application threads were stopped: 0.0650100 seconds, Stopping threads took: 0.0640130 seconds
244.586: Application time: 0.1035880 seconds
244.650: [GC [PSYoungGen: 14766K->531K(14848K)] 25764K->11528K(48640K), 0.0004940 secs] [Times: user=0.00 sys=0.00, real=0.00 secs] 
244.650: Total time for which application threads were stopped: 0.0646280 seconds, Stopping threads took: 0.0640640 seconds
244.738: Application time: 0.0879970 seconds
244.808: [GC [PSYoungGen: 13244K->336K(14848K)] 24241K->11349K(48640K), 0.0004340 secs] [Times: user=0.00 sys=0.00, real=0.00 secs] 
244.809: Total time for which application threads were stopped: 0.0705230 seconds, Stopping threads took: 0.0700070 seconds
244.887: Application time: 0.0784310 seconds
244.928: [GC [PSYoungGen: 12951K->2044K(14848K)] 23964K->13261K(48640K), 0.0009930 secs] [Times: user=0.01 sys=0.00, real=0.00 secs] 
244.929: Total time for which application threads were stopped: 0.0421270 seconds, Stopping threads took: 0.0410420 seconds
245.017: Application time: 0.0880390 seconds
245.060: [GC [PSYoungGen: 14737K->1865K(14848K)] 25954K->14261K(48640K), 0.0010570 secs] [Times: user=0.01 sys=0.00, real=0.00 secs] 
245.061: Total time for which application threads were stopped: 0.0432540 seconds, Stopping threads took: 0.0421280 seconds
245.170: Application time: 0.1090000 seconds
245.243: [GC [PSYoungGen: 14558K->531K(14848K)] 26955K->12936K(48640K), 0.0006320 secs] [Times: user=0.00 sys=0.00, real=0.00 secs] 
245.244: Total time for which application threads were stopped: 0.0738840 seconds, Stopping threads took: 0.0731610 seconds
245.327: Application time: 0.0835480 seconds
245.387: [GC [PSYoungGen: 13244K->336K(14848K)] 25649K->12740K(48640K), 0.0006890 secs] [Times: user=0.00 sys=0.00, real=0.00 secs] 
245.387: Total time for which application threads were stopped: 0.0601170 seconds, Stopping threads took: 0.0593340 seconds
245.465: Application time: 0.0774790 seconds
245.506: [GC [PSYoungGen: 13029K->1881K(14848K)] 25434K->14684K(48640K), 0.0010390 secs] [Times: user=0.00 sys=0.00, real=0.00 secs] 
245.507: Total time for which application threads were stopped: 0.0422840 seconds, Stopping threads took: 0.0411520 seconds
245.590: Application time: 0.0833780 seconds
245.659: [GC [PSYoungGen: 14594K->970K(14848K)] 27397K->13781K(48640K), 0.0006480 secs] [Times: user=0.00 sys=0.00, real=0.00 secs] 
245.660: Total time for which application threads were stopped: 0.0697220 seconds, Stopping threads took: 0.0689810 seconds
245.760: Application time: 0.1002320 seconds
245.825: [GC [PSYoungGen: 13761K->774K(14848K)] 26572K->13586K(48640K), 0.0005780 secs] [Times: user=0.00 sys=0.00, real=0.01 secs] 
245.825: Total time for which application threads were stopped: 0.0651150 seconds, Stopping threads took: 0.0644420 seconds
245.925: Application time: 0.0994040 seconds
245.988: [GC [PSYoungGen: 13537K->595K(14848K)] 26349K->13406K(48640K), 0.0004710 secs] [Times: user=0.01 sys=0.00, real=0.00 secs] 
245.988: Total time for which application threads were stopped: 0.0631950 seconds, Stopping threads took: 0.0626450 seconds
246.067: Application time: 0.0786530 seconds
246.110: [GC [PSYoungGen: 13317K->2044K(14848K)] 26128K->15246K(48640K), 0.0011940 secs] [Times: user=0.01 sys=0.00, real=0.00 secs] 
246.111: Total time for which application threads were stopped: 0.0440390 seconds, Stopping threads took: 0.0427460 seconds
246.194: Application time: 0.0836900 seconds
246.258: [GC [PSYoungGen: 14718K->954K(14848K)] 27920K->14156K(48640K), 0.0007840 secs] [Times: user=0.00 sys=0.00, real=0.00 secs] 
246.258: Total time for which application threads were stopped: 0.0639480 seconds, Stopping threads took: 0.0630740 seconds
246.357: Application time: 0.0987350 seconds
246.423: [GC [PSYoungGen: 13667K->726K(14848K)] 26869K->13936K(48640K), 0.0006410 secs] [Times: user=0.01 sys=0.00, real=0.00 secs] 
246.424: Total time for which application threads were stopped: 0.0664510 seconds, Stopping threads took: 0.0657240 seconds
246.507: Application time: 0.0833950 seconds
246.572: [GC [PSYoungGen: 13439K->563K(14848K)] 26649K->13781K(48640K), 0.0004950 secs] [Times: user=0.00 sys=0.00, real=0.00 secs] 
246.572: Total time for which application threads were stopped: 0.0653170 seconds, Stopping threads took: 0.0647480 seconds
246.654: Application time: 0.0815780 seconds
246.708: [GC [PSYoungGen: 13276K->336K(14848K)] 26494K->13554K(48640K), 0.0004290 secs] [Times: user=0.00 sys=0.00, real=0.00 secs] 
246.708: Total time for which application threads were stopped: 0.0545290 seconds, Stopping threads took: 0.0540350 seconds
246.788: Application time: 0.0793480 seconds
246.829: [GC [PSYoungGen: 13029K->1181K(14848K)] 26247K->14407K(48640K), 0.0006240 secs] [Times: user=0.00 sys=0.00, real=0.00 secs] 
246.830: Total time for which application threads were stopped: 0.0420440 seconds, Stopping threads took: 0.0413530 seconds
246.913: Application time: 0.0830490 seconds
246.981: [GC [PSYoungGen: 13855K->790K(14848K)] 27081K->14016K(48640K), 0.0005640 secs] [Times: user=0.00 sys=0.00, real=0.00 secs] 
246.982: Total time for which application threads were stopped: 0.0691820 seconds, Stopping threads took: 0.0685450 seconds
247.066: Application time: 0.0835050 seconds
247.127: [GC [PSYoungGen: 13503K->1637K(14848K)] 26729K->14863K(48640K), 0.0008940 secs] [Times: user=0.00 sys=0.01, real=0.00 secs] 
247.128: Total time for which application threads were stopped: 0.0621890 seconds, Stopping threads took: 0.0611980 seconds
247.229: Application time: 0.1012100 seconds
247.297: [GC [PSYoungGen: 14429K->320K(14848K)] 27655K->13554K(48640K), 0.0005380 secs] [Times: user=0.01 sys=0.00, real=0.00 secs] 
247.297: Total time for which application threads were stopped: 0.0682070 seconds, Stopping threads took: 0.0675940 seconds
247.375: Application time: 0.0781980 seconds
247.415: [GC [PSYoungGen: 12935K->2044K(14848K)] 26169K->15481K(48640K), 0.0008460 secs] [Times: user=0.01 sys=0.00, real=0.00 secs] 
247.416: Total time for which application threads were stopped: 0.0403930 seconds, Stopping threads took: 0.0394780 seconds
247.499: Application time: 0.0829000 seconds
247.567: [GC [PSYoungGen: 14718K->758K(14848K)] 28155K->14196K(48640K), 0.0007470 secs] [Times: user=0.01 sys=0.00, real=0.00 secs] 
247.568: Total time for which application threads were stopped: 0.0691500 seconds, Stopping threads took: 0.0683240 seconds
247.651: Application time: 0.0827030 seconds
247.715: [GC [PSYoungGen: 13550K->531K(14848K)] 26987K->13976K(48640K), 0.0004840 secs] [Times: user=0.00 sys=0.00, real=0.00 secs] 
247.717: Total time for which application threads were stopped: 0.0662130 seconds, Stopping threads took: 0.0645730 seconds
247.800: Application time: 0.0828980 seconds
247.857: [GC [PSYoungGen: 13322K->320K(14848K)] 26768K->13765K(48640K), 0.0004030 secs] [Times: user=0.00 sys=0.00, real=0.00 secs] 
247.857: Total time for which application threads were stopped: 0.0573610 seconds, Stopping threads took: 0.0568910 seconds
247.936: Application time: 0.0786470 seconds
247.975: [GC [PSYoungGen: 12935K->1133K(14848K)] 26380K->14586K(48640K), 0.0006270 secs] [Times: user=0.00 sys=0.00, real=0.00 secs] 
247.976: Total time for which application threads were stopped: 0.0401760 seconds, Stopping threads took: 0.0394740 seconds
248.059: Application time: 0.0835980 seconds
248.123: [GC [PSYoungGen: 13729K->774K(14848K)] 27182K->14228K(48640K), 0.0006130 secs] [Times: user=0.00 sys=0.00, real=0.00 secs] 
248.124: Total time for which application threads were stopped: 0.0644450 seconds, Stopping threads took: 0.0637550 seconds
248.207: Application time: 0.0833840 seconds
248.267: [GC [PSYoungGen: 13566K->579K(14848K)] 27019K->14040K(48640K), 0.0004610 secs] [Times: user=0.01 sys=0.00, real=0.00 secs] 
248.267: Total time for which application threads were stopped: 0.0598030 seconds, Stopping threads took: 0.0592610 seconds
248.348: Application time: 0.0814060 seconds
248.392: [GC [PSYoungGen: 13194K->2044K(14848K)] 26656K->15904K(48640K), 0.0009900 secs] [Times: user=0.01 sys=0.00, real=0.00 secs] 
248.393: Total time for which application threads were stopped: 0.0440800 seconds, Stopping threads took: 0.0429980 seconds
248.498: Application time: 0.1058470 seconds
248.563: [GC [PSYoungGen: 14757K->1133K(14848K)] 28617K->14993K(48640K), 0.0007410 secs] [Times: user=0.00 sys=0.00, real=0.00 secs] 
248.563: Total time for which application threads were stopped: 0.0648910 seconds, Stopping threads took: 0.0640510 seconds
248.647: Application time: 0.0839670 seconds
248.711: [GC [PSYoungGen: 13846K->986K(14848K)] 27706K->14846K(48640K), 0.0005480 secs] [Times: user=0.00 sys=0.00, real=0.00 secs] 
248.711: Total time for which application threads were stopped: 0.0641010 seconds, Stopping threads took: 0.0634860 seconds
248.794: Application time: 0.0828040 seconds
248.851: [GC [PSYoungGen: 13777K->790K(14848K)] 27637K->14650K(48640K), 0.0005430 secs] [Times: user=0.00 sys=0.00, real=0.00 secs] 
248.851: Total time for which application threads were stopped: 0.0571250 seconds, Stopping threads took: 0.0565060 seconds
248.939: Application time: 0.0874710 seconds
249.008: [GC [PSYoungGen: 13503K->579K(14848K)] 27363K->14447K(48640K), 0.0005010 secs] [Times: user=0.01 sys=0.00, real=0.00 secs] 
249.009: Total time for which application threads were stopped: 0.0702110 seconds, Stopping threads took: 0.0696390 seconds
249.088: Application time: 0.0787920 seconds
249.130: [GC [PSYoungGen: 13234K->1865K(14848K)] 27102K->16131K(48640K), 0.0010080 secs] [Times: user=0.01 sys=0.00, real=0.00 secs] 
249.131: Total time for which application threads were stopped: 0.0429070 seconds, Stopping threads took: 0.0418080 seconds
249.215: Application time: 0.0839510 seconds
249.271: [GC [PSYoungGen: 14480K->1962K(14848K)] 28747K->16229K(48640K), 0.0009910 secs] [Times: user=0.01 sys=0.00, real=0.00 secs] 
249.272: Total time for which application threads were stopped: 0.0577010 seconds, Stopping threads took: 0.0566190 seconds
249.372: Application time: 0.1000550 seconds
249.440: [GC [PSYoungGen: 14734K->595K(14848K)] 29001K->14878K(48640K), 0.0005070 secs] [Times: user=0.00 sys=0.00, real=0.00 secs] 
249.441: Total time for which application threads were stopped: 0.0685700 seconds, Stopping threads took: 0.0679840 seconds
249.524: Application time: 0.0825330 seconds
249.588: [GC [PSYoungGen: 13395K->320K(14848K)] 27678K->14602K(48640K), 0.0006360 secs] [Times: user=0.00 sys=0.00, real=0.00 secs] 
249.588: Total time for which application threads were stopped: 0.0648910 seconds, Stopping threads took: 0.0641660 seconds
249.667: Application time: 0.0782130 seconds
249.709: [GC [PSYoungGen: 13003K->1149K(14848K)] 27286K->15440K(48640K), 0.0005870 secs] [Times: user=0.01 sys=0.00, real=0.00 secs] 
249.710: Total time for which application threads were stopped: 0.0428770 seconds, Stopping threads took: 0.0422200 seconds
249.804: Application time: 0.0945750 seconds
249.868: [GC [PSYoungGen: 13667K->758K(14848K)] 27957K->15057K(48640K), 0.0005180 secs] [Times: user=0.00 sys=0.00, real=0.00 secs] 
249.869: Total time for which application threads were stopped: 0.0648910 seconds, Stopping threads took: 0.0643040 seconds
249.956: Application time: 0.0871110 seconds
250.020: [GC [PSYoungGen: 13471K->563K(14848K)] 27770K->14870K(48640K), 0.0005190 secs] [Times: user=0.00 sys=0.00, real=0.00 secs] 
250.021: Total time for which application threads were stopped: 0.0645230 seconds, Stopping threads took: 0.0639170 seconds
250.115: Application time: 0.0940720 seconds
250.185: [GC [PSYoungGen: 13276K->336K(14848K)] 27583K->14642K(48640K), 0.0004250 secs] [Times: user=0.01 sys=0.00, real=0.01 secs] 
250.185: Total time for which application threads were stopped: 0.0704610 seconds, Stopping threads took: 0.0699720 seconds
250.263: Application time: 0.0774860 seconds
250.305: [GC [PSYoungGen: 12951K->1165K(14848K)] 27258K->15480K(48640K), 0.0006490 secs] [Times: user=0.00 sys=0.00, real=0.01 secs] 
250.306: Total time for which application threads were stopped: 0.0429720 seconds, Stopping threads took: 0.0422550 seconds
250.389: Application time: 0.0831100 seconds
250.444: [GC [PSYoungGen: 13683K->742K(14848K)] 27997K->15065K(48640K), 0.0007380 secs] [Times: user=0.00 sys=0.00, real=0.00 secs] 
250.445: Total time for which application threads were stopped: 0.0561480 seconds, Stopping threads took: 0.0553190 seconds
250.527: Application time: 0.0820730 seconds
250.591: [GC [PSYoungGen: 13416K->304K(14848K)] 27739K->14626K(48640K), 0.0005170 secs] [Times: user=0.00 sys=0.00, real=0.00 secs] 
250.592: Total time for which application threads were stopped: 0.0648680 seconds, Stopping threads took: 0.0642530 seconds
250.670: Application time: 0.0778080 seconds
250.713: [GC [PSYoungGen: 13056K->1962K(14848K)] 27379K->16480K(48640K), 0.0008450 secs] [Times: user=0.00 sys=0.00, real=0.01 secs] 
250.714: Total time for which application threads were stopped: 0.0439750 seconds, Stopping threads took: 0.0430560 seconds
250.813: Application time: 0.0992850 seconds
250.881: [GC [PSYoungGen: 14578K->758K(14848K)] 29096K->15276K(48640K), 0.0005040 secs] [Times: user=0.01 sys=0.00, real=0.00 secs] 
250.881: Total time for which application threads were stopped: 0.0682070 seconds, Stopping threads took: 0.0676280 seconds
250.965: Application time: 0.0839710 seconds
251.036: [GC [PSYoungGen: 13550K->579K(14848K)] 28068K->15105K(48640K), 0.0004670 secs] [Times: user=0.00 sys=0.00, real=0.00 secs] 
251.037: Total time for which application threads were stopped: 0.0716350 seconds, Stopping threads took: 0.0710940 seconds
251.128: Application time: 0.0907920 seconds
251.200: [GC [PSYoungGen: 13370K->320K(14848K)] 27896K->14846K(48640K), 0.0006400 secs] [Times: user=0.00 sys=0.00, real=0.00 secs] 
251.200: Total time for which application threads were stopped: 0.0726140 seconds, Stopping threads took: 0.0718960 seconds
251.285: Application time: 0.0851950 seconds
251.332: [GC [PSYoungGen: 12935K->1181K(14848K)] 27461K->15715K(48640K), 0.0006340 secs] [Times: user=0.00 sys=0.00, real=0.00 secs] 
251.332: Total time for which application threads were stopped: 0.0469200 seconds, Stopping threads took: 0.0462100 seconds
251.423: Application time: 0.0902200 seconds
251.479: [GC [PSYoungGen: 13679K->1767K(14848K)] 28213K->16301K(48640K), 0.0007730 secs] [Times: user=0.01 sys=0.00, real=0.00 secs] 
251.480: Total time for which application threads were stopped: 0.0576190 seconds, Stopping threads took: 0.0567720 seconds
251.586: Application time: 0.1062120 seconds
251.663: [GC [PSYoungGen: 14382K->304K(14848K)] 28916K->14846K(48640K), 0.0005490 secs] [Times: user=0.00 sys=0.00, real=0.00 secs] 
251.663: Total time for which application threads were stopped: 0.0770750 seconds, Stopping threads took: 0.0764280 seconds
251.749: Application time: 0.0857050 seconds
251.792: [GC [PSYoungGen: 13017K->1881K(14848K)] 27559K->17993K(48640K), 0.0013360 secs] [Times: user=0.00 sys=0.00, real=0.01 secs] 
251.793: Total time for which application threads were stopped: 0.0443510 seconds, Stopping threads took: 0.0429240 seconds
251.883: Application time: 0.0891190 seconds
251.957: [GC [PSYoungGen: 14594K->1962K(14848K)] 30706K->18278K(48640K), 0.0010500 secs] [Times: user=0.00 sys=0.00, real=0.00 secs] 
251.958: Total time for which application threads were stopped: 0.0750260 seconds, Stopping threads took: 0.0738940 seconds
252.060: Application time: 0.1021900 seconds
252.138: [GC [PSYoungGen: 14578K->790K(14848K)] 30893K->17106K(48640K), 0.0005500 secs] [Times: user=0.00 sys=0.00, real=0.00 secs] 
252.139: Total time for which application threads were stopped: 0.0789260 seconds, Stopping threads took: 0.0782970 seconds
252.230: Application time: 0.0912730 seconds
252.282: [GC [PSYoungGen: 13445K->1424K(14848K)] 29761K->17740K(48640K), 0.0007790 secs] [Times: user=0.00 sys=0.00, real=0.00 secs] 
252.283: Total time for which application threads were stopped: 0.0528410 seconds, Stopping threads took: 0.0519740 seconds
252.373: Application time: 0.0901580 seconds
252.444: [GC [PSYoungGen: 14215K->1133K(14848K)] 30531K->17449K(48640K), 0.0006130 secs] [Times: user=0.00 sys=0.00, real=0.00 secs] 
252.444: Total time for which application threads were stopped: 0.0712240 seconds, Stopping threads took: 0.0705360 seconds
252.534: Application time: 0.0894480 seconds
252.599: [GC [PSYoungGen: 13729K->774K(14848K)] 30045K->17090K(48640K), 0.0006030 secs] [Times: user=0.00 sys=0.00, real=0.00 secs] 
252.600: Total time for which application threads were stopped: 0.0661260 seconds, Stopping threads took: 0.0654510 seconds
252.705: Application time: 0.1047690 seconds
252.782: [GC [PSYoungGen: 13566K->547K(14848K)] 29881K->16863K(48640K), 0.0005030 secs] [Times: user=0.01 sys=0.00, real=0.00 secs] 
252.784: Total time for which application threads were stopped: 0.0790700 seconds, Stopping threads took: 0.0774190 seconds
252.872: Application time: 0.0887820 seconds
252.942: [GC [PSYoungGen: 13338K->352K(14848K)] 29654K->16675K(48640K), 0.0005080 secs] [Times: user=0.01 sys=0.00, real=0.00 secs] 
252.942: Total time for which application threads were stopped: 0.0700170 seconds, Stopping threads took: 0.0694130 seconds
253.028: Application time: 0.0854610 seconds
253.073: [GC [PSYoungGen: 13045K->1165K(14848K)] 29369K->17497K(48640K), 0.0006590 secs] [Times: user=0.00 sys=0.00, real=0.01 secs] 
253.073: Total time for which application threads were stopped: 0.0454340 seconds, Stopping threads took: 0.0446890 seconds
253.164: Application time: 0.0902870 seconds
253.229: [GC [PSYoungGen: 13878K->1001K(14848K)] 30210K->17333K(48640K), 0.0006850 secs] [Times: user=0.00 sys=0.00, real=0.00 secs] 
253.230: Total time for which application threads were stopped: 0.0661840 seconds, Stopping threads took: 0.0654300 seconds
253.320: Application time: 0.0898880 seconds
253.386: [GC [PSYoungGen: 13714K->774K(14848K)] 30046K->17114K(48640K), 0.0007040 secs] [Times: user=0.00 sys=0.00, real=0.00 secs] 
253.387: Total time for which application threads were stopped: 0.0671420 seconds, Stopping threads took: 0.0663460 seconds
253.475: Application time: 0.0885930 seconds
253.547: [GC [PSYoungGen: 13390K->1555K(14848K)] 29730K->17903K(48640K), 0.0010880 secs] [Times: user=0.00 sys=0.00, real=0.00 secs] 
253.549: Total time for which application threads were stopped: 0.0730650 seconds, Stopping threads took: 0.0718790 seconds
253.636: Application time: 0.0872410 seconds
253.700: [GC [PSYoungGen: 14229K->1149K(14848K)] 30577K->17497K(48640K), 0.0006050 secs] [Times: user=0.01 sys=0.00, real=0.00 secs] 
253.701: Total time for which application threads were stopped: 0.0649160 seconds, Stopping threads took: 0.0642270 seconds
253.790: Application time: 0.0888680 seconds
253.863: [GC [PSYoungGen: 13862K->970K(14848K)] 30210K->17325K(48640K), 0.0005870 secs] [Times: user=0.00 sys=0.00, real=0.00 secs] 
253.863: Total time for which application threads were stopped: 0.0737820 seconds, Stopping threads took: 0.0731160 seconds
253.955: Application time: 0.0912620 seconds
254.022: [GC [PSYoungGen: 13761K->1817K(14848K)] 30117K->18172K(48640K), 0.0008640 secs] [Times: user=0.00 sys=0.00, real=0.00 secs] 
254.023: Total time for which application threads were stopped: 0.0681890 seconds, Stopping threads took: 0.0672500 seconds
254.111: Application time: 0.0883030 seconds
254.184: [GC [PSYoungGen: 14608K->563K(14848K)] 30964K->16919K(48640K), 0.0005050 secs] [Times: user=0.01 sys=0.00, real=0.00 secs] 
254.185: Total time for which application threads were stopped: 0.0737620 seconds, Stopping threads took: 0.0731770 seconds
254.272: Application time: 0.0874900 seconds
254.340: [GC [PSYoungGen: 13354K->304K(14848K)] 29710K->16659K(48640K), 0.0006780 secs] [Times: user=0.01 sys=0.00, real=0.00 secs] 
254.340: Total time for which application threads were stopped: 0.0679650 seconds, Stopping threads took: 0.0671800 seconds
254.426: Application time: 0.0851990 seconds
254.473: [GC [PSYoungGen: 12919K->1133K(14848K)] 29275K->17489K(48640K), 0.0006880 secs] [Times: user=0.01 sys=0.00, real=0.00 secs] 
254.474: Total time for which application threads were stopped: 0.0485260 seconds, Stopping threads took: 0.0477630 seconds
254.562: Application time: 0.0882980 seconds
254.635: [GC [PSYoungGen: 13729K->758K(14848K)] 30085K->17122K(48640K), 0.0006910 secs] [Times: user=0.00 sys=0.00, real=0.00 secs] 
254.636: Total time for which application threads were stopped: 0.0732900 seconds, Stopping threads took: 0.0725230 seconds
254.726: Application time: 0.0899750 seconds
254.787: [GC [PSYoungGen: 13550K->547K(14848K)] 29913K->16919K(48640K), 0.0004700 secs] [Times: user=0.00 sys=0.00, real=0.00 secs] 
254.787: Total time for which application threads were stopped: 0.0618210 seconds, Stopping threads took: 0.0612590 seconds
254.875: Application time: 0.0877810 seconds
254.946: [GC [PSYoungGen: 13260K->272K(14848K)] 29632K->16651K(48640K), 0.0004590 secs] [Times: user=0.00 sys=0.00, real=0.00 secs] 
254.946: Total time for which application threads were stopped: 0.0708120 seconds, Stopping threads took: 0.0702720 seconds
255.030: Application time: 0.0838640 seconds
255.072: [GC [PSYoungGen: 12965K->1165K(14848K)] 29345K->17553K(48640K), 0.0006350 secs] [Times: user=0.00 sys=0.00, real=0.00 secs] 
255.073: Total time for which application threads were stopped: 0.0426940 seconds, Stopping threads took: 0.0419880 seconds
255.157: Application time: 0.0840090 seconds
255.219: [GC [PSYoungGen: 13683K->758K(14848K)] 30071K->17154K(48640K), 0.0005250 secs] [Times: user=0.00 sys=0.00, real=0.00 secs] 
255.220: Total time for which application threads were stopped: 0.0629820 seconds, Stopping threads took: 0.0623910 seconds
255.314: Application time: 0.0943430 seconds
255.380: [GC [PSYoungGen: 13550K->563K(14848K)] 29945K->16967K(48640K), 0.0005030 secs] [Times: user=0.00 sys=0.00, real=0.00 secs] 
255.381: Total time for which application threads were stopped: 0.0667910 seconds, Stopping threads took: 0.0662200 seconds
255.464: Application time: 0.0827590 seconds
255.528: [GC [PSYoungGen: 13354K->352K(14848K)] 29758K->16755K(48640K), 0.0004290 secs] [Times: user=0.00 sys=0.00, real=0.00 secs] 
255.528: Total time for which application threads were stopped: 0.0646450 seconds, Stopping threads took: 0.0641370 seconds
255.606: Application time: 0.0781440 seconds
255.647: [GC [PSYoungGen: 13045K->1133K(14848K)] 29449K->17537K(48640K), 0.0008690 secs] [Times: user=0.00 sys=0.00, real=0.00 secs] 
255.648: Total time for which application threads were stopped: 0.0419720 seconds, Stopping threads took: 0.0410300 seconds
255.731: Application time: 0.0831550 seconds
255.791: [GC [PSYoungGen: 13807K->758K(14848K)] 30211K->17162K(48640K), 0.0006860 secs] [Times: user=0.00 sys=0.00, real=0.00 secs] 
255.792: Total time for which application threads were stopped: 0.0605850 seconds, Stopping threads took: 0.0598200 seconds
255.879: Application time: 0.0873620 seconds
255.938: [GC [PSYoungGen: 13471K->1962K(14848K)] 29875K->19155K(48640K), 0.0010760 secs] [Times: user=0.01 sys=0.00, real=0.00 secs] 
255.939: Total time for which application threads were stopped: 0.0593210 seconds, Stopping threads took: 0.0581530 seconds
256.023: Application time: 0.0844670 seconds
256.092: [GC [PSYoungGen: 14656K->1344K(14848K)] 31849K->18537K(48640K), 0.0008460 secs] [Times: user=0.00 sys=0.00, real=0.00 secs] 
256.093: Total time for which application threads were stopped: 0.0696360 seconds, Stopping threads took: 0.0686840 seconds
256.191: Application time: 0.0976740 seconds
256.250: [GC [PSYoungGen: 14057K->1165K(14848K)] 31250K->18366K(48640K), 0.0005860 secs] [Times: user=0.00 sys=0.00, real=0.00 secs] 
256.251: Total time for which application threads were stopped: 0.0604220 seconds, Stopping threads took: 0.0597630 seconds
256.343: Application time: 0.0919650 seconds
256.400: [GC [PSYoungGen: 13859K->1994K(14848K)] 31060K->19203K(48640K), 0.0009020 secs] [Times: user=0.01 sys=0.00, real=0.00 secs] 
256.401: Total time for which application threads were stopped: 0.0584070 seconds, Stopping threads took: 0.0574310 seconds
256.483: Application time: 0.0819310 seconds
256.548: [GC [PSYoungGen: 14512K->1555K(14848K)] 31721K->18773K(48640K), 0.0007590 secs] [Times: user=0.01 sys=0.00, real=0.00 secs] 
256.548: Total time for which application threads were stopped: 0.0650370 seconds, Stopping threads took: 0.0642110 seconds
256.643: Application time: 0.0950340 seconds
256.706: [GC [PSYoungGen: 14269K->1360K(14848K)] 31486K->18577K(48640K), 0.0008250 secs] [Times: user=0.01 sys=0.00, real=0.00 secs] 
256.707: Total time for which application threads were stopped: 0.0639870 seconds, Stopping threads took: 0.0630620 seconds
256.807: Application time: 0.0993710 seconds
256.875: [GC [PSYoungGen: 14132K->1930K(14848K)] 31349K->19351K(48640K), 0.0008800 secs] [Times: user=0.01 sys=0.00, real=0.00 secs] 
256.876: Total time for which application threads were stopped: 0.0696380 seconds, Stopping threads took: 0.0686800 seconds
256.973: Application time: 0.0971340 seconds
257.039: [GC [PSYoungGen: 14546K->1865K(14848K)] 31966K->19293K(48640K), 0.0008060 secs] [Times: user=0.01 sys=0.00, real=0.00 secs] 
257.040: Total time for which application threads were stopped: 0.0664180 seconds, Stopping threads took: 0.0655350 seconds
257.126: Application time: 0.0863950 seconds
257.196: [GC [PSYoungGen: 14656K->515K(14848K)] 32084K->17943K(48640K), 0.0005050 secs] [Times: user=0.00 sys=0.00, real=0.00 secs] 
257.197: Total time for which application threads were stopped: 0.0705560 seconds, Stopping threads took: 0.0699800 seconds
257.276: Application time: 0.0796140 seconds
257.320: [GC [PSYoungGen: 13287K->1360K(14848K)] 30715K->18797K(48640K), 0.0007990 secs] [Times: user=0.00 sys=0.00, real=0.00 secs] 
257.321: Total time for which application threads were stopped: 0.0443230 seconds, Stopping threads took: 0.0434390 seconds
257.431: Application time: 0.1106540 seconds
257.493: [GC [PSYoungGen: 14151K->1149K(14848K)] 31588K->18585K(48640K), 0.0006350 secs] [Times: user=0.01 sys=0.00, real=0.01 secs] 
257.494: Total time for which application threads were stopped: 0.0620690 seconds, Stopping threads took: 0.0613680 seconds
257.578: Application time: 0.0843350 seconds
257.633: [GC [PSYoungGen: 13666K->774K(14848K)] 31103K->18219K(48640K), 0.0005860 secs] [Times: user=0.00 sys=0.01, real=0.01 secs] 
257.633: Total time for which application threads were stopped: 0.0554350 seconds, Stopping threads took: 0.0547780 seconds
257.716: Application time: 0.0822900 seconds
257.782: [GC [PSYoungGen: 13566K->563K(14848K)] 31010K->18015K(48640K), 0.0005190 secs] [Times: user=0.00 sys=0.00, real=0.00 secs] 
257.783: Total time for which application threads were stopped: 0.0674870 seconds, Stopping threads took: 0.0659420 seconds
257.865: Application time: 0.0823750 seconds
257.929: [GC [PSYoungGen: 13276K->336K(14848K)] 30729K->17796K(48640K), 0.0006630 secs] [Times: user=0.00 sys=0.00, real=0.00 secs] 
257.930: Total time for which application threads were stopped: 0.0641680 seconds, Stopping threads took: 0.0634340 seconds
258.009: Application time: 0.0795300 seconds
258.050: [GC [PSYoungGen: 12951K->1117K(14848K)] 30411K->18585K(48640K), 0.0008690 secs] [Times: user=0.00 sys=0.00, real=0.00 secs] 
258.051: Total time for which application threads were stopped: 0.0414990 seconds, Stopping threads took: 0.0405610 seconds
258.152: Application time: 0.1010450 seconds
258.215: [GC [PSYoungGen: 13791K->1848K(14848K)] 31260K->19317K(48640K), 0.0009970 secs] [Times: user=0.01 sys=0.00, real=0.00 secs] 
258.216: Total time for which application threads were stopped: 0.0646340 seconds, Stopping threads took: 0.0635420 seconds
258.300: Application time: 0.0832420 seconds
258.369: [GC [PSYoungGen: 14640K->547K(14848K)] 32108K->18023K(48640K), 0.0007120 secs] [Times: user=0.00 sys=0.00, real=0.00 secs] 
258.370: Total time for which application threads were stopped: 0.0706270 seconds, Stopping threads took: 0.0698220 seconds
258.452: Application time: 0.0814880 seconds
258.516: [GC [PSYoungGen: 13338K->352K(14848K)] 30815K->17828K(48640K), 0.0004730 secs] [Times: user=0.01 sys=0.00, real=0.00 secs] 
258.517: Total time for which application threads were stopped: 0.0652050 seconds, Stopping threads took: 0.0646570 seconds
258.595: Application time: 0.0784050 seconds
258.635: [GC [PSYoungGen: 12967K->1133K(14848K)] 30444K->18617K(48640K), 0.0006480 secs] [Times: user=0.01 sys=0.00, real=0.00 secs] 
258.636: Total time for which application threads were stopped: 0.0404220 seconds, Stopping threads took: 0.0396980 seconds
258.718: Application time: 0.0823920 seconds
258.773: [GC [PSYoungGen: 13651K->710K(14848K)] 31135K->18195K(48640K), 0.0005340 secs] [Times: user=0.01 sys=0.00, real=0.00 secs] 
258.774: Total time for which application threads were stopped: 0.0557440 seconds, Stopping threads took: 0.0551410 seconds
258.863: Application time: 0.0892560 seconds
258.937: [GC [PSYoungGen: 13502K->483K(14848K)] 30986K->17967K(48640K), 0.0005090 secs] [Times: user=0.00 sys=0.00, real=0.00 secs] 
258.937: Total time for which application threads were stopped: 0.0739190 seconds, Stopping threads took: 0.0733450 seconds
259.019: Application time: 0.0816880 seconds
259.065: [GC [PSYoungGen: 13177K->1376K(14848K)] 30661K->18869K(48640K), 0.0007090 secs] [Times: user=0.00 sys=0.00, real=0.00 secs] 
259.066: Total time for which application threads were stopped: 0.0471660 seconds, Stopping threads took: 0.0463830 seconds
259.167: Application time: 0.1007700 seconds
259.236: [GC [PSYoungGen: 14168K->1149K(14848K)] 31660K->18641K(48640K), 0.0006460 secs] [Times: user=0.00 sys=0.00, real=0.00 secs] 
259.237: Total time for which application threads were stopped: 0.0700690 seconds, Stopping threads took: 0.0693460 seconds
259.326: Application time: 0.0893170 seconds
259.397: [GC [PSYoungGen: 13667K->758K(14848K)] 31159K->18259K(48640K), 0.0007000 secs] [Times: user=0.00 sys=0.00, real=0.00 secs] 
259.398: Total time for which application threads were stopped: 0.0719040 seconds, Stopping threads took: 0.0711210 seconds
259.487: Application time: 0.0885520 seconds
259.548: [GC [PSYoungGen: 13550K->547K(14848K)] 31050K->18055K(48640K), 0.0006060 secs] [Times: user=0.00 sys=0.00, real=0.00 secs] 
259.548: Total time for which application threads were stopped: 0.0618610 seconds, Stopping threads took: 0.0611730 seconds
259.651: Application time: 0.1026170 seconds
259.728: [GC [PSYoungGen: 13338K->336K(14848K)] 30847K->17852K(48640K), 0.0005680 secs] [Times: user=0.00 sys=0.00, real=0.00 secs] 
259.728: Total time for which application threads were stopped: 0.0771310 seconds, Stopping threads took: 0.0764760 seconds
259.814: Application time: 0.0857240 seconds
259.857: [GC [PSYoungGen: 12951K->1165K(14848K)] 30467K->18681K(48640K), 0.0006070 secs] [Times: user=0.00 sys=0.00, real=0.00 secs] 
259.858: Total time for which application threads were stopped: 0.0440880 seconds, Stopping threads took: 0.0434070 seconds
259.969: Application time: 0.1108240 seconds
260.040: [GC [PSYoungGen: 13761K->758K(14848K)] 31277K->18283K(48640K), 0.0007910 secs] [Times: user=0.01 sys=0.00, real=0.00 secs] 
260.041: Total time for which application threads were stopped: 0.0723290 seconds, Stopping threads took: 0.0714510 seconds
260.136: Application time: 0.0947470 seconds
260.204: [GC [PSYoungGen: 13432K->272K(14848K)] 30957K->17796K(48640K), 0.0005570 secs] [Times: user=0.00 sys=0.01, real=0.00 secs] 
260.205: Total time for which application threads were stopped: 0.0690990 seconds, Stopping threads took: 0.0684720 seconds
260.291: Application time: 0.0857800 seconds
260.337: [GC [PSYoungGen: 12887K->1149K(14848K)] 30411K->18673K(48640K), 0.0007460 secs] [Times: user=0.00 sys=0.00, real=0.00 secs] 
260.338: Total time for which application threads were stopped: 0.0467890 seconds, Stopping threads took: 0.0459310 seconds
260.427: Application time: 0.0892350 seconds
260.499: [GC [PSYoungGen: 13745K->758K(14848K)] 31269K->18291K(48640K), 0.0007610 secs] [Times: user=0.00 sys=0.00, real=0.00 secs] 
260.500: Total time for which application threads were stopped: 0.0730270 seconds, Stopping threads took: 0.0721780 seconds
260.589: Application time: 0.0889000 seconds
260.661: [GC [PSYoungGen: 13471K->579K(14848K)] 31004K->18119K(48640K), 0.0005070 secs] [Times: user=0.00 sys=0.00, real=0.00 secs] 
260.661: Total time for which application threads were stopped: 0.0727160 seconds, Stopping threads took: 0.0721160 seconds
260.749: Application time: 0.0874390 seconds
260.791: [GC [PSYoungGen: 13097K->1897K(14848K)] 30637K->21008K(48640K), 0.0014230 secs] [Times: user=0.01 sys=0.00, real=0.00 secs] 
260.793: Total time for which application threads were stopped: 0.0438460 seconds, Stopping threads took: 0.0423460 seconds
260.892: Application time: 0.0990210 seconds
260.964: [GC [PSYoungGen: 14395K->742K(14848K)] 33506K->19853K(48640K), 0.0005590 secs] [Times: user=0.00 sys=0.00, real=0.00 secs] 
260.965: Total time for which application threads were stopped: 0.0729690 seconds, Stopping threads took: 0.0723040 seconds
261.055: Application time: 0.0898020 seconds
261.125: [GC [PSYoungGen: 13533K->579K(14848K)] 32645K->19690K(48640K), 0.0005260 secs] [Times: user=0.01 sys=0.00, real=0.01 secs] 
261.125: Total time for which application threads were stopped: 0.0705920 seconds, Stopping threads took: 0.0699740 seconds
261.210: Application time: 0.0850410 seconds
261.256: [GC [PSYoungGen: 13351K->1344K(14848K)] 32462K->20463K(48640K), 0.0008170 secs] [Times: user=0.00 sys=0.00, real=0.00 secs] 
261.257: Total time for which application threads were stopped: 0.0466980 seconds, Stopping threads took: 0.0458110 seconds
261.365: Application time: 0.1082360 seconds
261.440: [GC [PSYoungGen: 14057K->1213K(14848K)] 33176K->20340K(48640K), 0.0006540 secs] [Times: user=0.00 sys=0.00, real=0.00 secs] 
261.441: Total time for which application threads were stopped: 0.0756900 seconds, Stopping threads took: 0.0749610 seconds
261.541: Application time: 0.1006170 seconds
261.609: [GC [PSYoungGen: 13809K->742K(14848K)] 32936K->19877K(48640K), 0.0005710 secs] [Times: user=0.00 sys=0.00, real=0.00 secs] 
261.610: Total time for which application threads were stopped: 0.0682900 seconds, Stopping threads took: 0.0676370 seconds
261.699: Application time: 0.0894780 seconds
261.769: [GC [PSYoungGen: 13534K->563K(14848K)] 32669K->19698K(48640K), 0.0008080 secs] [Times: user=0.00 sys=0.00, real=0.00 secs] 
261.770: Total time for which application threads were stopped: 0.0709030 seconds, Stopping threads took: 0.0700000 seconds
261.860: Application time: 0.0894170 seconds
261.926: [GC [PSYoungGen: 13354K->352K(14848K)] 32489K->19495K(48640K), 0.0006750 secs] [Times: user=0.00 sys=0.00, real=0.00 secs] 
261.927: Total time for which application threads were stopped: 0.0673970 seconds, Stopping threads took: 0.0666500 seconds
262.013: Application time: 0.0857680 seconds
262.056: [GC [PSYoungGen: 13045K->2028K(14848K)] 32188K->21374K(48640K), 0.0009390 secs] [Times: user=0.00 sys=0.00, real=0.00 secs] 
262.057: Total time for which application threads were stopped: 0.0440970 seconds, Stopping threads took: 0.0430600 seconds
262.146: Application time: 0.0897190 seconds
262.221: [GC [PSYoungGen: 14546K->742K(14848K)] 33892K->20089K(48640K), 0.0007090 secs] [Times: user=0.00 sys=0.00, real=0.00 secs] 
262.222: Total time for which application threads were stopped: 0.0754440 seconds, Stopping threads took: 0.0746470 seconds
262.311: Application time: 0.0891040 seconds
262.381: [GC [PSYoungGen: 13455K->563K(14848K)] 32802K->19917K(48640K), 0.0007430 secs] [Times: user=0.00 sys=0.00, real=0.00 secs] 
262.382: Total time for which application threads were stopped: 0.0710950 seconds, Stopping threads took: 0.0702630 seconds
262.470: Application time: 0.0877410 seconds
262.532: [GC [PSYoungGen: 13354K->336K(14848K)] 32709K->19698K(48640K), 0.0004330 secs] [Times: user=0.01 sys=0.00, real=0.00 secs] 
262.533: Total time for which application threads were stopped: 0.0626690 seconds, Stopping threads took: 0.0621680 seconds
262.617: Application time: 0.0847860 seconds
262.664: [GC [PSYoungGen: 13029K->2028K(14848K)] 32392K->21586K(48640K), 0.0008840 secs] [Times: user=0.00 sys=0.00, real=0.00 secs] 
262.665: Total time for which application threads were stopped: 0.0476030 seconds, Stopping threads took: 0.0466470 seconds
262.756: Application time: 0.0907570 seconds
262.830: [GC [PSYoungGen: 14546K->806K(14848K)] 34103K->20372K(48640K), 0.0006920 secs] [Times: user=0.00 sys=0.00, real=0.00 secs] 
262.831: Total time for which application threads were stopped: 0.0754790 seconds, Stopping threads took: 0.0737420 seconds
262.923: Application time: 0.0918300 seconds
262.982: [GC [PSYoungGen: 13597K->1637K(14848K)] 33163K->21203K(48640K), 0.0010600 secs] [Times: user=0.01 sys=0.00, real=0.00 secs] 
262.983: Total time for which application threads were stopped: 0.0602680 seconds, Stopping threads took: 0.0591240 seconds
263.068: Application time: 0.0850700 seconds
263.132: [GC [PSYoungGen: 14057K->1181K(14848K)] 33623K->20747K(48640K), 0.0008600 secs] [Times: user=0.00 sys=0.00, real=0.01 secs] 
263.133: Total time for which application threads were stopped: 0.0648010 seconds, Stopping threads took: 0.0638560 seconds
263.233: Application time: 0.0997720 seconds
263.300: [GC [PSYoungGen: 13855K->710K(14848K)] 33421K->20284K(48640K), 0.0005820 secs] [Times: user=0.00 sys=0.00, real=0.00 secs] 
263.301: Total time for which application threads were stopped: 0.0679840 seconds, Stopping threads took: 0.0673320 seconds
263.385: Application time: 0.0838480 seconds
263.444: [GC [PSYoungGen: 13384K->320K(14848K)] 32958K->19901K(48640K), 0.0004480 secs] [Times: user=0.00 sys=0.00, real=0.00 secs] 
263.445: Total time for which application threads were stopped: 0.0600650 seconds, Stopping threads took: 0.0595370 seconds
263.524: Application time: 0.0788300 seconds
263.565: [GC [PSYoungGen: 12935K->1117K(14848K)] 32517K->20707K(48640K), 0.0006260 secs] [Times: user=0.00 sys=0.01, real=0.01 secs] 
263.566: Total time for which application threads were stopped: 0.0419410 seconds, Stopping threads took: 0.0412460 seconds
263.651: Application time: 0.0852580 seconds
263.705: [GC [PSYoungGen: 13635K->742K(14848K)] 33224K->20332K(48640K), 0.0004870 secs] [Times: user=0.00 sys=0.00, real=0.01 secs] 
263.705: Total time for which application threads were stopped: 0.0543330 seconds, Stopping threads took: 0.0537800 seconds
263.788: Application time: 0.0829320 seconds
263.851: [GC [PSYoungGen: 13455K->563K(14848K)] 33045K->20161K(48640K), 0.0005330 secs] [Times: user=0.00 sys=0.00, real=0.00 secs] 
263.852: Total time for which application threads were stopped: 0.0638450 seconds, Stopping threads took: 0.0632420 seconds
263.933: Application time: 0.0804990 seconds
263.988: [GC [PSYoungGen: 13354K->320K(14848K)] 32952K->19925K(48640K), 0.0004570 secs] [Times: user=0.01 sys=0.00, real=0.00 secs] 
263.988: Total time for which application threads were stopped: 0.0555400 seconds, Stopping threads took: 0.0550050 seconds
264.066: Application time: 0.0783270 seconds
264.107: [GC [PSYoungGen: 13013K->1101K(14848K)] 32619K->20723K(48640K), 0.0005560 secs] [Times: user=0.01 sys=0.00, real=0.00 secs] 
264.108: Total time for which application threads were stopped: 0.0413870 seconds, Stopping threads took: 0.0407610 seconds
264.193: Application time: 0.0848580 seconds
264.256: [GC [PSYoungGen: 13697K->742K(14848K)] 33319K->20372K(48640K), 0.0005840 secs] [Times: user=0.00 sys=0.00, real=0.00 secs] 
264.256: Total time for which application threads were stopped: 0.0637530 seconds, Stopping threads took: 0.0630790 seconds
264.340: Application time: 0.0834340 seconds
264.396: [GC [PSYoungGen: 13534K->531K(14848K)] 33163K->20161K(48640K), 0.0005910 secs] [Times: user=0.00 sys=0.00, real=0.00 secs] 
264.396: Total time for which application threads were stopped: 0.0565180 seconds, Stopping threads took: 0.0558510 seconds
264.495: Application time: 0.0988690 seconds
264.558: [GC [PSYoungGen: 13244K->352K(14848K)] 32874K->19981K(48640K), 0.0006270 secs] [Times: user=0.00 sys=0.01, real=0.00 secs] 
264.559: Total time for which application threads were stopped: 0.0634810 seconds, Stopping threads took: 0.0627500 seconds
264.637: Application time: 0.0784110 seconds
264.680: [GC [PSYoungGen: 13045K->1117K(14848K)] 32675K->20755K(48640K), 0.0006940 secs] [Times: user=0.00 sys=0.00, real=0.00 secs] 
264.680: Total time for which application threads were stopped: 0.0432690 seconds, Stopping threads took: 0.0425030 seconds
264.764: Application time: 0.0838780 seconds
264.828: [GC [PSYoungGen: 13713K->726K(14848K)] 33351K->20372K(48640K), 0.0006160 secs] [Times: user=0.00 sys=0.00, real=0.00 secs] 
264.829: Total time for which application threads were stopped: 0.0644750 seconds, Stopping threads took: 0.0637900 seconds
264.910: Application time: 0.0817460 seconds
264.970: [GC [PSYoungGen: 13517K->531K(14848K)] 33163K->20177K(48640K), 0.0004490 secs] [Times: user=0.00 sys=0.00, real=0.00 secs] 
264.971: Total time for which application threads were stopped: 0.0601580 seconds, Stopping threads took: 0.0596400 seconds
265.053: Application time: 0.0825520 seconds
265.117: [GC [PSYoungGen: 13322K->368K(14848K)] 32968K->20021K(48640K), 0.0004520 secs] [Times: user=0.00 sys=0.00, real=0.00 secs] 
265.117: Total time for which application threads were stopped: 0.0642040 seconds, Stopping threads took: 0.0636740 seconds
265.196: Application time: 0.0784190 seconds
265.236: [GC [PSYoungGen: 12983K->1165K(14848K)] 32637K->20819K(48640K), 0.0006740 secs] [Times: user=0.01 sys=0.00, real=0.00 secs] 
265.236: Total time for which application threads were stopped: 0.0404410 seconds, Stopping threads took: 0.0396950 seconds
265.340: Application time: 0.1035930 seconds
265.401: [GC [PSYoungGen: 13761K->790K(14848K)] 33415K->20452K(48640K), 0.0005740 secs] [Times: user=0.00 sys=0.00, real=0.00 secs] 
265.402: Total time for which application threads were stopped: 0.0619060 seconds, Stopping threads took: 0.0612580 seconds
265.485: Application time: 0.0833320 seconds
265.543: [GC [PSYoungGen: 13582K->563K(14848K)] 33243K->20233K(48640K), 0.0004880 secs] [Times: user=0.00 sys=0.00, real=0.00 secs] 
265.544: Total time for which application threads were stopped: 0.0583720 seconds, Stopping threads took: 0.0578170 seconds
265.625: Application time: 0.0813330 seconds
265.689: [GC [PSYoungGen: 13276K->304K(14848K)] 32946K->19973K(48640K), 0.0005030 secs] [Times: user=0.00 sys=0.00, real=0.00 secs] 
265.690: Total time for which application threads were stopped: 0.0649440 seconds, Stopping threads took: 0.0643600 seconds
265.769: Application time: 0.0789890 seconds
265.809: [GC [PSYoungGen: 12919K->1165K(14848K)] 32589K->20835K(48640K), 0.0005720 secs] [Times: user=0.00 sys=0.00, real=0.00 secs] 
265.810: Total time for which application threads were stopped: 0.0408780 seconds, Stopping threads took: 0.0402340 seconds
265.893: Application time: 0.0830820 seconds
265.956: [GC [PSYoungGen: 13683K->758K(14848K)] 33352K->20428K(48640K), 0.0005150 secs] [Times: user=0.01 sys=0.00, real=0.00 secs] 
265.957: Total time for which application threads were stopped: 0.0642010 seconds, Stopping threads took: 0.0636160 seconds
266.040: Application time: 0.0826890 seconds
266.103: [GC [PSYoungGen: 13511K->320K(14848K)] 33181K->19997K(48640K), 0.0004670 secs] [Times: user=0.00 sys=0.00, real=0.00 secs] 
266.104: Total time for which application threads were stopped: 0.0642020 seconds, Stopping threads took: 0.0636660 seconds
266.182: Application time: 0.0781880 seconds
266.226: [GC [PSYoungGen: 12935K->1165K(14848K)] 32613K->20851K(48640K), 0.0005760 secs] [Times: user=0.01 sys=0.00, real=0.00 secs] 
266.226: Total time for which application threads were stopped: 0.0441760 seconds, Stopping threads took: 0.0435200 seconds
266.329: Application time: 0.1029380 seconds
266.392: [GC [PSYoungGen: 13761K->726K(14848K)] 33447K->20420K(48640K), 0.0005520 secs] [Times: user=0.00 sys=0.00, real=0.00 secs] 
266.393: Total time for which application threads were stopped: 0.0636780 seconds, Stopping threads took: 0.0630510 seconds
266.475: Application time: 0.0817610 seconds
266.540: [GC [PSYoungGen: 13518K->563K(14848K)] 33211K->20265K(48640K), 0.0004640 secs] [Times: user=0.00 sys=0.00, real=0.00 secs] 
266.540: Total time for which application threads were stopped: 0.0657910 seconds, Stopping threads took: 0.0652640 seconds
266.636: Application time: 0.0953600 seconds
266.702: [GC [PSYoungGen: 13354K->352K(14848K)] 33056K->20053K(48640K), 0.0006730 secs] [Times: user=0.00 sys=0.00, real=0.00 secs] 
266.703: Total time for which application threads were stopped: 0.0671070 seconds, Stopping threads took: 0.0663490 seconds
266.783: Application time: 0.0797820 seconds
266.822: [GC [PSYoungGen: 12967K->1149K(14848K)] 32669K->20859K(48640K), 0.0006430 secs] [Times: user=0.01 sys=0.00, real=0.00 secs] 
266.822: Total time for which application threads were stopped: 0.0395910 seconds, Stopping threads took: 0.0388450 seconds
266.906: Application time: 0.0835040 seconds
266.969: [GC [PSYoungGen: 13862K->970K(14848K)] 33572K->20687K(48640K), 0.0006230 secs] [Times: user=0.01 sys=0.00, real=0.00 secs] 
266.970: Total time for which application threads were stopped: 0.0642830 seconds, Stopping threads took: 0.0635920 seconds
267.059: Application time: 0.0887120 seconds
267.110: [GC [PSYoungGen: 13761K->1864K(14848K)] 33479K->21590K(48640K), 0.0008430 secs] [Times: user=0.01 sys=0.00, real=0.00 secs] 
267.111: Total time for which application threads were stopped: 0.0520070 seconds, Stopping threads took: 0.0510880 seconds
267.192: Application time: 0.0814610 seconds
267.262: [GC [PSYoungGen: 14656K->579K(14848K)] 34381K->20313K(48640K), 0.0005090 secs] [Times: user=0.00 sys=0.00, real=0.00 secs] 
267.263: Total time for which application threads were stopped: 0.0702920 seconds, Stopping threads took: 0.0696860 seconds
267.344: Application time: 0.0812800 seconds
267.381: [GC [PSYoungGen: 13370K->1458K(14848K)] 33104K->21192K(48640K), 0.0007880 secs] [Times: user=0.01 sys=0.00, real=0.00 secs] 
267.382: Total time for which application threads were stopped: 0.0383850 seconds, Stopping threads took: 0.0375180 seconds
267.464: Application time: 0.0817810 seconds
267.529: [GC [PSYoungGen: 14073K->1117K(14848K)] 33807K->20859K(48640K), 0.0007150 secs] [Times: user=0.00 sys=0.00, real=0.00 secs] 
267.529: Total time for which application threads were stopped: 0.0654300 seconds, Stopping threads took: 0.0646210 seconds
267.614: Application time: 0.0844650 seconds
267.671: [GC [PSYoungGen: 13791K->758K(14848K)] 33533K->20508K(48640K), 0.0006060 secs] [Times: user=0.00 sys=0.00, real=0.00 secs] 
267.672: Total time for which application threads were stopped: 0.0580850 seconds, Stopping threads took: 0.0574130 seconds
267.771: Application time: 0.0994670 seconds
267.837: [GC [PSYoungGen: 13432K->336K(14848K)] 33182K->20085K(48640K), 0.0004290 secs] [Times: user=0.00 sys=0.00, real=0.00 secs] 
267.839: Total time for which application threads were stopped: 0.0673380 seconds, Stopping threads took: 0.0657060 seconds
267.917: Application time: 0.0781040 seconds
267.959: [GC [PSYoungGen: 12951K->1149K(14848K)] 32701K->20899K(48640K), 0.0006080 secs] [Times: user=0.00 sys=0.00, real=0.00 secs] 
267.959: Total time for which application threads were stopped: 0.0423990 seconds, Stopping threads took: 0.0417190 seconds
268.060: Application time: 0.1006640 seconds
268.128: [GC [PSYoungGen: 13745K->774K(14848K)] 33495K->20524K(48640K), 0.0006280 secs] [Times: user=0.00 sys=0.00, real=0.00 secs] 
268.129: Total time for which application threads were stopped: 0.0690780 seconds, Stopping threads took: 0.0683750 seconds
268.212: Application time: 0.0827540 seconds
268.278: [GC [PSYoungGen: 13487K->563K(14848K)] 33237K->20321K(48640K), 0.0004890 secs] [Times: user=0.00 sys=0.00, real=0.00 secs] 
268.279: Total time for which application threads were stopped: 0.0667990 seconds, Stopping threads took: 0.0662100 seconds
268.363: Application time: 0.0841670 seconds
268.407: [GC [PSYoungGen: 13178K->1344K(14848K)] 32936K->21102K(48640K), 0.0008090 secs] [Times: user=0.01 sys=0.00, real=0.00 secs] 
268.408: Total time for which application threads were stopped: 0.0453540 seconds, Stopping threads took: 0.0444560 seconds
268.502: Application time: 0.0943000 seconds
268.571: [GC [PSYoungGen: 14057K->1149K(14848K)] 33815K->20923K(48640K), 0.0006400 secs] [Times: user=0.01 sys=0.00, real=0.00 secs] 
268.572: Total time for which application threads were stopped: 0.0695220 seconds, Stopping threads took: 0.0687740 seconds
268.655: Application time: 0.0830590 seconds
268.721: [GC [PSYoungGen: 13745K->758K(14848K)] 33519K->20540K(48640K), 0.0006890 secs] [Times: user=0.01 sys=0.00, real=0.00 secs] 
268.722: Total time for which application threads were stopped: 0.0666910 seconds, Stopping threads took: 0.0659290 seconds
268.804: Application time: 0.0828300 seconds
268.873: [GC [PSYoungGen: 13471K->531K(14848K)] 33253K->20321K(48640K), 0.0005120 secs] [Times: user=0.01 sys=0.00, real=0.00 secs] 
268.874: Total time for which application threads were stopped: 0.0692560 seconds, Stopping threads took: 0.0686550 seconds
268.955: Application time: 0.0813210 seconds
269.018: [GC [PSYoungGen: 13322K->352K(14848K)] 33112K->20141K(48640K), 0.0006570 secs] [Times: user=0.00 sys=0.00, real=0.00 secs] 
269.019: Total time for which application threads were stopped: 0.0637290 seconds, Stopping threads took: 0.0630050 seconds
269.097: Application time: 0.0782780 seconds
269.140: [GC [PSYoungGen: 13045K->1864K(14848K)] 32835K->22045K(48640K), 0.0011460 secs] [Times: user=0.01 sys=0.00, real=0.00 secs] 
269.141: Total time for which application threads were stopped: 0.0437020 seconds, Stopping threads took: 0.0424740 seconds
269.225: Application time: 0.0841530 seconds
269.290: [GC [PSYoungGen: 14558K->1962K(14848K)] 34738K->22151K(48640K), 0.0010770 secs] [Times: user=0.01 sys=0.00, real=0.00 secs] 
269.291: Total time for which application threads were stopped: 0.0664320 seconds, Stopping threads took: 0.0652610 seconds
269.391: Application time: 0.0994270 seconds
269.457: [GC [PSYoungGen: 14617K->352K(14848K)] 34805K->20548K(48640K), 0.0004700 secs] [Times: user=0.00 sys=0.00, real=0.00 secs] 
269.458: Total time for which application threads were stopped: 0.0669590 seconds, Stopping threads took: 0.0664180 seconds
269.536: Application time: 0.0786710 seconds
269.578: [GC [PSYoungGen: 13045K->1149K(14848K)] 33242K->21353K(48640K), 0.0006440 secs] [Times: user=0.00 sys=0.00, real=0.00 secs] 
269.579: Total time for which application threads were stopped: 0.0424090 seconds, Stopping threads took: 0.0416970 seconds
269.661: Application time: 0.0818550 seconds
269.721: [GC [PSYoungGen: 13667K->758K(14848K)] 33871K->20963K(48640K), 0.0005680 secs] [Times: user=0.00 sys=0.00, real=0.00 secs] 
269.721: Total time for which application threads were stopped: 0.0605270 seconds, Stopping threads took: 0.0598780 seconds
269.808: Application time: 0.0867550 seconds
269.881: [GC [PSYoungGen: 13471K->595K(14848K)] 33676K->20807K(48640K), 0.0006650 secs] [Times: user=0.00 sys=0.00, real=0.00 secs] 
269.882: Total time for which application threads were stopped: 0.0739370 seconds, Stopping threads took: 0.0731900 seconds
269.964: Application time: 0.0817880 seconds
270.028: [GC [PSYoungGen: 13308K->336K(14848K)] 33520K->20556K(48640K), 0.0004710 secs] [Times: user=0.00 sys=0.00, real=0.00 secs] 
270.029: Total time for which application threads were stopped: 0.0651080 seconds, Stopping threads took: 0.0645680 seconds
270.108: Application time: 0.0794310 seconds
270.148: [GC [PSYoungGen: 12951K->1149K(14848K)] 33171K->21369K(48640K), 0.0006150 secs] [Times: user=0.00 sys=0.00, real=0.00 secs] 
270.148: Total time for which application threads were stopped: 0.0402110 seconds, Stopping threads took: 0.0395260 seconds
270.231: Application time: 0.0821790 seconds
270.297: [GC [PSYoungGen: 13745K->742K(14848K)] 33965K->20971K(48640K), 0.0005000 secs] [Times: user=0.00 sys=0.00, real=0.00 secs] 
270.297: Total time for which application threads were stopped: 0.0664900 seconds, Stopping threads took: 0.0659200 seconds
270.380: Application time: 0.0823560 seconds
270.434: [GC [PSYoungGen: 13455K->563K(14848K)] 33684K->20791K(48640K), 0.0004820 secs] [Times: user=0.00 sys=0.00, real=0.00 secs] 
270.435: Total time for which application threads were stopped: 0.0551240 seconds, Stopping threads took: 0.0545720 seconds
270.518: Application time: 0.0832080 seconds
270.583: [GC [PSYoungGen: 13276K->368K(14848K)] 33504K->20596K(48640K), 0.0006190 secs] [Times: user=0.00 sys=0.00, real=0.00 secs] 
270.583: Total time for which application threads were stopped: 0.0653990 seconds, Stopping threads took: 0.0647120 seconds
270.661: Application time: 0.0775670 seconds
270.666: [GC [PSYoungGen: 13061K->2044K(14848K)] 33290K->24656K(48640K), 0.0014980 secs] [Times: user=0.01 sys=0.00, real=0.00 secs] 
270.668: Total time for which application threads were stopped: 0.0068460 seconds, Stopping threads took: 0.0052720 seconds
270.753: Application time: 0.0855080 seconds
270.823: [GC [PSYoungGen: 14796K->1849K(14848K)] 37408K->24469K(48640K), 0.0008060 secs] [Times: user=0.00 sys=0.00, real=0.00 secs] 
270.824: Total time for which application threads were stopped: 0.0704080 seconds, Stopping threads took: 0.0695200 seconds
270.908: Application time: 0.0839900 seconds
270.968: [GC [PSYoungGen: 14604K->1556K(14848K)] 37225K->24176K(48640K), 0.0007620 secs] [Times: user=0.00 sys=0.00, real=0.00 secs] 
270.968: Total time for which application threads were stopped: 0.0607630 seconds, Stopping threads took: 0.0599300 seconds
271.066: Application time: 0.0978580 seconds
271.135: [GC [PSYoungGen: 14167K->1165K(14848K)] 36788K->23793K(48640K), 0.0008520 secs] [Times: user=0.00 sys=0.00, real=0.00 secs] 
271.136: Total time for which application threads were stopped: 0.0698960 seconds, Stopping threads took: 0.0689730 seconds
271.222: Application time: 0.0855560 seconds
271.284: [GC [PSYoungGen: 13683K->774K(14848K)] 36311K->23411K(48640K), 0.0005780 secs] [Times: user=0.00 sys=0.00, real=0.00 secs] 
271.284: Total time for which application threads were stopped: 0.0624870 seconds, Stopping threads took: 0.0618300 seconds
271.367: Application time: 0.0823950 seconds
271.424: [GC [PSYoungGen: 13487K->563K(14848K)] 36124K->23207K(48640K), 0.0005450 secs] [Times: user=0.00 sys=0.00, real=0.00 secs] 
271.425: Total time for which application threads were stopped: 0.0583120 seconds, Stopping threads took: 0.0576890 seconds
271.507: Application time: 0.0816890 seconds
271.573: [GC [PSYoungGen: 13276K->352K(14848K)] 35920K->23004K(48640K), 0.0005360 secs] [Times: user=0.01 sys=0.00, real=0.01 secs] 
271.574: Total time for which application threads were stopped: 0.0670400 seconds, Stopping threads took: 0.0664320 seconds
271.651: Application time: 0.0777430 seconds
271.692: [GC [PSYoungGen: 13045K->1133K(14848K)] 35697K->23793K(48640K), 0.0005900 secs] [Times: user=0.00 sys=0.00, real=0.00 secs] 
271.693: Total time for which application threads were stopped: 0.0417110 seconds, Stopping threads took: 0.0410480 seconds
271.777: Application time: 0.0843120 seconds
271.829: [GC [PSYoungGen: 13651K->774K(14848K)] 36311K->23435K(48640K), 0.0006440 secs] [Times: user=0.00 sys=0.00, real=0.00 secs] 
271.830: Total time for which application threads were stopped: 0.0521210 seconds, Stopping threads took: 0.0513870 seconds
271.913: Application time: 0.0830830 seconds
271.975: [GC [PSYoungGen: 13487K->547K(14848K)] 36148K->23207K(48640K), 0.0004930 secs] [Times: user=0.00 sys=0.00, real=0.00 secs] 
271.976: Total time for which application threads were stopped: 0.0633670 seconds, Stopping threads took: 0.0628010 seconds
272.071: Application time: 0.0945480 seconds
272.139: [GC [PSYoungGen: 13338K->352K(14848K)] 35999K->23012K(48640K), 0.0004260 secs] [Times: user=0.00 sys=0.00, real=0.00 secs] 
272.140: Total time for which application threads were stopped: 0.0693380 seconds, Stopping threads took: 0.0688350 seconds
272.219: Application time: 0.0786750 seconds
272.261: [GC [PSYoungGen: 13143K->1946K(14848K)] 35803K->24997K(48640K), 0.0009000 secs] [Times: user=0.01 sys=0.00, real=0.00 secs] 
272.262: Total time for which application threads were stopped: 0.0432790 seconds, Stopping threads took: 0.0423050 seconds
272.346: Application time: 0.0842070 seconds
272.407: [GC [PSYoungGen: 14738K->1978K(14848K)] 37789K->25232K(48640K), 0.0010460 secs] [Times: user=0.01 sys=0.00, real=0.00 secs] 
272.409: Total time for which application threads were stopped: 0.0624860 seconds, Stopping threads took: 0.0613570 seconds
272.504: Application time: 0.0952560 seconds
272.575: [GC [PSYoungGen: 14633K->579K(14848K)] 37887K->23833K(48640K), 0.0005650 secs] [Times: user=0.00 sys=0.00, real=0.00 secs] 
272.575: Total time for which application threads were stopped: 0.0717230 seconds, Stopping threads took: 0.0710530 seconds
272.657: Application time: 0.0819090 seconds
272.721: [GC [PSYoungGen: 13292K->320K(14848K)] 36546K->23574K(48640K), 0.0005500 secs] [Times: user=0.00 sys=0.00, real=0.00 secs] 
272.721: Total time for which application threads were stopped: 0.0637850 seconds, Stopping threads took: 0.0631660 seconds
272.800: Application time: 0.0788210 seconds
272.839: [GC [PSYoungGen: 12935K->1149K(14848K)] 36189K->24411K(48640K), 0.0006740 secs] [Times: user=0.00 sys=0.00, real=0.00 secs] 
272.841: Total time for which application threads were stopped: 0.0405680 seconds, Stopping threads took: 0.0389790 seconds
272.926: Application time: 0.0849770 seconds
272.986: [GC [PSYoungGen: 13745K->758K(14848K)] 37007K->24029K(48640K), 0.0008100 secs] [Times: user=0.00 sys=0.00, real=0.00 secs] 
272.987: Total time for which application threads were stopped: 0.0617100 seconds, Stopping threads took: 0.0608170 seconds
273.075: Application time: 0.0877940 seconds
273.140: [GC [PSYoungGen: 13549K->595K(14848K)] 36820K->23873K(48640K), 0.0005400 secs] [Times: user=0.00 sys=0.00, real=0.00 secs] 
273.141: Total time for which application threads were stopped: 0.0655930 seconds, Stopping threads took: 0.0649750 seconds
273.239: Application time: 0.0979230 seconds
273.305: [GC [PSYoungGen: 13308K->336K(14848K)] 36586K->23622K(48640K), 0.0004600 secs] [Times: user=0.00 sys=0.00, real=0.00 secs] 
273.305: Total time for which application threads were stopped: 0.0664650 seconds, Stopping threads took: 0.0659410 seconds
273.383: Application time: 0.0778750 seconds
273.423: [GC [PSYoungGen: 12951K->1133K(14848K)] 36237K->24419K(48640K), 0.0006300 secs] [Times: user=0.00 sys=0.00, real=0.00 secs] 
273.424: Total time for which application threads were stopped: 0.0410490 seconds, Stopping threads took: 0.0403430 seconds
273.507: Application time: 0.0835110 seconds
273.573: [GC [PSYoungGen: 13729K->726K(14848K)] 37015K->24013K(48640K), 0.0005360 secs] [Times: user=0.00 sys=0.00, real=0.00 secs] 
273.573: Total time for which application threads were stopped: 0.0655620 seconds, Stopping threads took: 0.0649590 seconds
273.654: Application time: 0.0812250 seconds
273.714: [GC [PSYoungGen: 13439K->547K(14848K)] 36726K->23833K(48640K), 0.0004990 secs] [Times: user=0.00 sys=0.00, real=0.00 secs] 
273.714: Total time for which application threads were stopped: 0.0600490 seconds, Stopping threads took: 0.0594720 seconds
273.807: Application time: 0.0926130 seconds
273.857: [GC [PSYoungGen: 13319K->1312K(14848K)] 36605K->24607K(48640K), 0.0008880 secs] [Times: user=0.00 sys=0.00, real=0.00 secs] 
273.858: Total time for which application threads were stopped: 0.0513970 seconds, Stopping threads took: 0.0504250 seconds
273.963: Application time: 0.1046240 seconds
274.021: [GC [PSYoungGen: 13791K->774K(14848K)] 37086K->24069K(48640K), 0.0007850 secs] [Times: user=0.00 sys=0.00, real=0.00 secs] 
274.022: Total time for which application threads were stopped: 0.0585910 seconds, Stopping threads took: 0.0577320 seconds
274.104: Application time: 0.0819970 seconds
274.145: [GC [PSYoungGen: 13390K->1865K(14848K)] 36684K->25940K(48640K), 0.0010380 secs] [Times: user=0.00 sys=0.00, real=0.00 secs] 
274.146: Total time for which application threads were stopped: 0.0426180 seconds, Stopping threads took: 0.0414790 seconds
274.253: Application time: 0.1071120 seconds
274.314: [GC [PSYoungGen: 14656K->2028K(14848K)] 38731K->26502K(48640K), 0.0010550 secs] [Times: user=0.00 sys=0.00, real=0.00 secs] 
274.315: Total time for which application threads were stopped: 0.0614280 seconds, Stopping threads took: 0.0602630 seconds
274.406: Application time: 0.0914220 seconds
274.476: [GC [PSYoungGen: 14741K->1133K(14848K)] 39215K->25615K(48640K), 0.0007160 secs] [Times: user=0.00 sys=0.00, real=0.00 secs] 
274.477: Total time for which application threads were stopped: 0.0705580 seconds, Stopping threads took: 0.0697520 seconds
274.560: Application time: 0.0829050 seconds
274.626: [GC [PSYoungGen: 13651K->726K(14848K)] 38133K->25216K(48640K), 0.0005810 secs] [Times: user=0.00 sys=0.00, real=0.00 secs] 
274.626: Total time for which application threads were stopped: 0.0665230 seconds, Stopping threads took: 0.0658710 seconds
274.709: Application time: 0.0825440 seconds
274.764: [GC [PSYoungGen: 13518K->595K(14848K)] 38008K->25093K(48640K), 0.0004620 secs] [Times: user=0.00 sys=0.00, real=0.00 secs] 
274.764: Total time for which application threads were stopped: 0.0554080 seconds, Stopping threads took: 0.0548750 seconds
274.842: Application time: 0.0778950 seconds
274.882: [GC [PSYoungGen: 13367K->1880K(14848K)] 37865K->26965K(48640K), 0.0009610 secs] [Times: user=0.01 sys=0.00, real=0.00 secs] 
274.883: Total time for which application threads were stopped: 0.0414520 seconds, Stopping threads took: 0.0404120 seconds
274.989: Application time: 0.1057290 seconds
275.054: [GC [PSYoungGen: 14594K->1149K(14848K)] 39678K->26233K(48640K), 0.0008170 secs] [Times: user=0.00 sys=0.00, real=0.00 secs] 
275.054: Total time for which application threads were stopped: 0.0651940 seconds, Stopping threads took: 0.0642810 seconds
275.143: Application time: 0.0887370 seconds
275.214: [GC [PSYoungGen: 13667K->710K(14848K)] 38751K->25802K(48640K), 0.0006790 secs] [Times: user=0.00 sys=0.00, real=0.00 secs] 
275.214: Total time for which application threads were stopped: 0.0710960 seconds, Stopping threads took: 0.0703410 seconds
275.313: Application time: 0.0986860 seconds
275.382: [GC [PSYoungGen: 13404K->1556K(14848K)] 38496K->26656K(48640K), 0.0008340 secs] [Times: user=0.01 sys=0.00, real=0.00 secs] 
275.383: Total time for which application threads were stopped: 0.0702670 seconds, Stopping threads took: 0.0693380 seconds
275.486: Application time: 0.1029560 seconds
275.564: [GC [PSYoungGen: 14347K->1296K(14848K)] 39447K->26396K(48640K), 0.0007280 secs] [Times: user=0.01 sys=0.00, real=0.00 secs] 
275.565: Total time for which application threads were stopped: 0.0783870 seconds, Stopping threads took: 0.0775710 seconds
275.668: Application time: 0.1037390 seconds
275.740: [GC [PSYoungGen: 13775K->742K(14848K)] 38876K->25842K(48640K), 0.0007110 secs] [Times: user=0.00 sys=0.00, real=0.00 secs] 
275.741: Total time for which application threads were stopped: 0.0727180 seconds, Stopping threads took: 0.0719100 seconds
275.831: Application time: 0.0898350 seconds
275.899: [GC [PSYoungGen: 13455K->547K(14848K)] 38556K->25655K(48640K), 0.0005150 secs] [Times: user=0.00 sys=0.00, real=0.00 secs] 
275.900: Total time for which application threads were stopped: 0.0688110 seconds, Stopping threads took: 0.0682230 seconds
275.988: Application time: 0.0880150 seconds
276.044: [GC [PSYoungGen: 13260K->1458K(14848K)] 38368K->26566K(48640K), 0.0007790 secs] [Times: user=0.00 sys=0.00, real=0.00 secs] 
276.045: Total time for which application threads were stopped: 0.0571070 seconds, Stopping threads took: 0.0562350 seconds
276.134: Application time: 0.0891160 seconds
276.204: [GC [PSYoungGen: 14152K->1181K(14848K)] 39260K->26297K(48640K), 0.0006360 secs] [Times: user=0.00 sys=0.00, real=0.00 secs] 
276.205: Total time for which application threads were stopped: 0.0710140 seconds, Stopping threads took: 0.0702700 seconds
276.294: Application time: 0.0886190 seconds
276.365: [GC [PSYoungGen: 13699K->774K(14848K)] 38815K->25898K(48640K), 0.0005990 secs] [Times: user=0.00 sys=0.00, real=0.01 secs] 
276.366: Total time for which application threads were stopped: 0.0720230 seconds, Stopping threads took: 0.0713440 seconds
276.454: Application time: 0.0884370 seconds
276.525: [GC [PSYoungGen: 13565K->547K(14848K)] 38690K->25671K(48640K), 0.0004840 secs] [Times: user=0.00 sys=0.01, real=0.01 secs] 
276.526: Total time for which application threads were stopped: 0.0715510 seconds, Stopping threads took: 0.0710000 seconds
276.612: Application time: 0.0869360 seconds
276.675: [GC [PSYoungGen: 13338K->1426K(14848K)] 38463K->26558K(48640K), 0.0011180 secs] [Times: user=0.00 sys=0.00, real=0.00 secs] 
276.676: Total time for which application threads were stopped: 0.0634390 seconds, Stopping threads took: 0.0622300 seconds
276.767: Application time: 0.0908230 seconds
276.839: [GC [PSYoungGen: 14119K->1197K(14848K)] 39252K->26329K(48640K), 0.0008950 secs] [Times: user=0.01 sys=0.00, real=0.00 secs] 
276.840: Total time for which application threads were stopped: 0.0736360 seconds, Stopping threads took: 0.0726310 seconds
276.930: Application time: 0.0893810 seconds
276.992: [GC [PSYoungGen: 13715K->758K(14848K)] 38847K->25891K(48640K), 0.0005880 secs] [Times: user=0.00 sys=0.00, real=0.00 secs] 
276.993: Total time for which application threads were stopped: 0.0631890 seconds, Stopping threads took: 0.0625080 seconds
277.083: Application time: 0.0901030 seconds
277.153: [GC [PSYoungGen: 13471K->563K(14848K)] 38604K->25703K(48640K), 0.0005280 secs] [Times: user=0.00 sys=0.00, real=0.01 secs] 
277.153: Total time for which application threads were stopped: 0.0701100 seconds, Stopping threads took: 0.0695090 seconds
277.238: Application time: 0.0850960 seconds
277.282: [GC [PSYoungGen: 13335K->2044K(14848K)] 38475K->27583K(48640K), 0.0010370 secs] [Times: user=0.00 sys=0.00, real=0.00 secs] 
277.283: Total time for which application threads were stopped: 0.0446210 seconds, Stopping threads took: 0.0434950 seconds
277.378: Application time: 0.0952310 seconds
277.457: [GC [PSYoungGen: 14523K->758K(14848K)] 40062K->26297K(48640K), 0.0005970 secs] [Times: user=0.00 sys=0.00, real=0.00 secs] 
277.458: Total time for which application threads were stopped: 0.0799800 seconds, Stopping threads took: 0.0792830 seconds
277.550: Application time: 0.0915110 seconds
277.617: [GC [PSYoungGen: 13452K->1540K(14848K)] 38991K->27078K(48640K), 0.0009800 secs] [Times: user=0.00 sys=0.00, real=0.00 secs] 
277.618: Total time for which application threads were stopped: 0.0678850 seconds, Stopping threads took: 0.0668100 seconds
277.719: Application time: 0.1010690 seconds
277.796: [GC [PSYoungGen: 14253K->1360K(14848K)] 39791K->26907K(48640K), 0.0007780 secs] [Times: user=0.01 sys=0.00, real=0.00 secs] 
277.797: Total time for which application threads were stopped: 0.0786300 seconds, Stopping threads took: 0.0777500 seconds
277.909: Application time: 0.1113540 seconds
277.982: [GC [PSYoungGen: 14151K->1149K(14848K)] 39698K->26712K(48640K), 0.0006710 secs] [Times: user=0.00 sys=0.00, real=0.00 secs] 
277.983: Total time for which application threads were stopped: 0.0748220 seconds, Stopping threads took: 0.0730670 seconds
278.073: Application time: 0.0900670 seconds
278.144: [GC [PSYoungGen: 13862K->970K(14848K)] 39425K->26540K(48640K), 0.0007320 secs] [Times: user=0.01 sys=0.00, real=0.00 secs] 
278.145: Total time for which application threads were stopped: 0.0713590 seconds, Stopping threads took: 0.0705360 seconds
278.243: Application time: 0.0983300 seconds
278.303: [GC [PSYoungGen: 13683K->1849K(14848K)] 39253K->27419K(48640K), 0.0010190 secs] [Times: user=0.01 sys=0.00, real=0.00 secs] 
278.304: Total time for which application threads were stopped: 0.0610880 seconds, Stopping threads took: 0.0599830 seconds
278.394: Application time: 0.0894780 seconds
278.468: [GC [PSYoungGen: 14640K->563K(14848K)] 40211K->26134K(48640K), 0.0005650 secs] [Times: user=0.01 sys=0.00, real=0.00 secs] 
278.469: Total time for which application threads were stopped: 0.0752490 seconds, Stopping threads took: 0.0746060 seconds
278.558: Application time: 0.0893770 seconds
278.602: [GC [PSYoungGen: 13276K->1442K(14848K)] 38847K->27021K(48640K), 0.0008610 secs] [Times: user=0.00 sys=0.00, real=0.00 secs] 
278.603: Total time for which application threads were stopped: 0.0443170 seconds, Stopping threads took: 0.0433550 seconds
278.692: Application time: 0.0897270 seconds
278.761: [GC [PSYoungGen: 14136K->1133K(14848K)] 39714K->26712K(48640K), 0.0009380 secs] [Times: user=0.00 sys=0.00, real=0.00 secs] 
278.762: Total time for which application threads were stopped: 0.0693960 seconds, Stopping threads took: 0.0683670 seconds
278.868: Application time: 0.1065760 seconds
278.935: [GC [PSYoungGen: 13729K->758K(14848K)] 39308K->26345K(48640K), 0.0008370 secs] [Times: user=0.01 sys=0.00, real=0.00 secs] 
278.936: Total time for which application threads were stopped: 0.0674270 seconds, Stopping threads took: 0.0664920 seconds
279.039: Application time: 0.1032920 seconds
279.110: [GC [PSYoungGen: 13433K->352K(14848K)] 39020K->25946K(48640K), 0.0004380 secs] [Times: user=0.00 sys=0.00, real=0.00 secs] 
279.111: Total time for which application threads were stopped: 0.0717500 seconds, Stopping threads took: 0.0712130 seconds
279.190: Application time: 0.0790200 seconds
279.232: [GC [PSYoungGen: 12967K->1101K(14848K)] 38562K->26704K(48640K), 0.0006940 secs] [Times: user=0.00 sys=0.00, real=0.01 secs] 
279.233: Total time for which application threads were stopped: 0.0432860 seconds, Stopping threads took: 0.0424980 seconds
279.319: Application time: 0.0855080 seconds
279.376: [GC [PSYoungGen: 13697K->710K(14848K)] 39300K->26313K(48640K), 0.0005680 secs] [Times: user=0.01 sys=0.00, real=0.00 secs] 
279.377: Total time for which application threads were stopped: 0.0578760 seconds, Stopping threads took: 0.0572400 seconds
279.463: Application time: 0.0868910 seconds
279.533: [GC [PSYoungGen: 13384K->352K(14848K)] 38987K->25954K(48640K), 0.0005270 secs] [Times: user=0.00 sys=0.00, real=0.00 secs] 
279.534: Total time for which application threads were stopped: 0.0701600 seconds, Stopping threads took: 0.0695590 seconds
279.613: Application time: 0.0793420 seconds
279.654: [GC [PSYoungGen: 12967K->1865K(14848K)] 38570K->27866K(48640K), 0.0008840 secs] [Times: user=0.00 sys=0.00, real=0.00 secs] 
279.655: Total time for which application threads were stopped: 0.0421960 seconds, Stopping threads took: 0.0412290 seconds
279.738: Application time: 0.0829660 seconds
279.810: [GC [PSYoungGen: 14382K->742K(14848K)] 40384K->26752K(48640K), 0.0005980 secs] [Times: user=0.00 sys=0.00, real=0.00 secs] 
279.810: Total time for which application threads were stopped: 0.0721600 seconds, Stopping threads took: 0.0714900 seconds
279.891: Application time: 0.0811560 seconds
279.958: [GC [PSYoungGen: 13455K->611K(14848K)] 39465K->26628K(48640K), 0.0005290 secs] [Times: user=0.00 sys=0.00, real=0.00 secs] 
279.958: Total time for which application threads were stopped: 0.0668600 seconds, Stopping threads took: 0.0662620 seconds
280.040: Application time: 0.0815580 seconds
280.097: [GC [PSYoungGen: 13402K->336K(14848K)] 39420K->26353K(48640K), 0.0004400 secs] [Times: user=0.00 sys=0.00, real=0.00 secs] 
280.098: Total time for which application threads were stopped: 0.0578970 seconds, Stopping threads took: 0.0573890 seconds
280.176: Application time: 0.0784530 seconds
280.218: [GC [PSYoungGen: 12951K->2044K(14848K)] 38969K->28265K(48640K), 0.0010980 secs] [Times: user=0.01 sys=0.00, real=0.00 secs] 
280.220: Total time for which application threads were stopped: 0.0432840 seconds, Stopping threads took: 0.0420830 seconds
280.304: Application time: 0.0842490 seconds
280.371: [GC [PSYoungGen: 14640K->710K(14848K)] 40861K->26931K(48640K), 0.0006990 secs] [Times: user=0.00 sys=0.00, real=0.00 secs] 
280.372: Total time for which application threads were stopped: 0.0679230 seconds, Stopping threads took: 0.0671470 seconds
280.454: Application time: 0.0825280 seconds
280.520: [GC [PSYoungGen: 13384K->336K(14848K)] 39605K->26556K(48640K), 0.0006060 secs] [Times: user=0.00 sys=0.00, real=0.00 secs] 
280.520: Total time for which application threads were stopped: 0.0659710 seconds, Stopping threads took: 0.0652780 seconds
280.598: Application time: 0.0776680 seconds
280.638: [GC [PSYoungGen: 12951K->2012K(14848K)] 39172K->28436K(48640K), 0.0010020 secs] [Times: user=0.00 sys=0.00, real=0.00 secs] 
280.639: Total time for which application threads were stopped: 0.0410590 seconds, Stopping threads took: 0.0399810 seconds
280.744: Application time: 0.1047160 seconds
280.804: [GC [PSYoungGen: 14705K->1962K(14848K)] 41130K->28386K(48640K), 0.0007870 secs] [Times: user=0.00 sys=0.00, real=0.00 secs] 
280.805: Total time for which application threads were stopped: 0.0612340 seconds, Stopping threads took: 0.0603690 seconds
280.894: Application time: 0.0895130 seconds
280.959: [GC [PSYoungGen: 14578K->515K(14848K)] 41002K->26947K(48640K), 0.0004640 secs] [Times: user=0.00 sys=0.00, real=0.00 secs] 
280.960: Total time for which application threads were stopped: 0.0652490 seconds, Stopping threads took: 0.0647110 seconds
281.038: Application time: 0.0787040 seconds
281.078: [GC [PSYoungGen: 13287K->2044K(14848K)] 39719K->28875K(48640K), 0.0009370 secs] [Times: user=0.00 sys=0.00, real=0.00 secs] 
281.079: Total time for which application threads were stopped: 0.0401310 seconds, Stopping threads took: 0.0391100 seconds
281.178: Application time: 0.0998710 seconds
281.245: [GC [PSYoungGen: 14835K->2044K(14848K)] 41666K->29078K(48640K), 0.0010640 secs] [Times: user=0.01 sys=0.00, real=0.01 secs] 
281.246: Total time for which application threads were stopped: 0.0676100 seconds, Stopping threads took: 0.0664470 seconds
281.350: Application time: 0.1042550 seconds
281.417: [GC [PSYoungGen: 14562K->726K(14848K)] 41596K->27760K(48640K), 0.0005280 secs] [Times: user=0.00 sys=0.00, real=0.00 secs] 
281.418: Total time for which application threads were stopped: 0.0675830 seconds, Stopping threads took: 0.0669790 seconds
281.511: Application time: 0.0933170 seconds
281.579: [GC [PSYoungGen: 13518K->563K(14848K)] 40552K->27605K(48640K), 0.0006840 secs] [Times: user=0.00 sys=0.00, real=0.00 secs] 
281.579: Total time for which application threads were stopped: 0.0681690 seconds, Stopping threads took: 0.0673900 seconds
281.659: Application time: 0.0801220 seconds
281.725: [GC [PSYoungGen: 13354K->288K(14848K)] 40396K->27338K(48640K), 0.0006010 secs] [Times: user=0.00 sys=0.00, real=0.01 secs] 
281.725: Total time for which application threads were stopped: 0.0660150 seconds, Stopping threads took: 0.0653340 seconds
281.804: Application time: 0.0790110 seconds
281.845: [GC [PSYoungGen: 12981K->1133K(14848K)] 40031K->28183K(48640K), 0.0005720 secs] [Times: user=0.00 sys=0.00, real=0.01 secs] 
281.845: Total time for which application threads were stopped: 0.0406850 seconds, Stopping threads took: 0.0400460 seconds
281.938: Application time: 0.0930650 seconds
282.009: [GC [PSYoungGen: 13729K->758K(14848K)] 40779K->27808K(48640K), 0.0005220 secs] [Times: user=0.01 sys=0.00, real=0.00 secs] 
282.009: Total time for which application threads were stopped: 0.0711580 seconds, Stopping threads took: 0.0705320 seconds
282.102: Application time: 0.0922690 seconds
282.173: [GC [PSYoungGen: 13471K->531K(14848K)] 40522K->27581K(48640K), 0.0005390 secs] [Times: user=0.00 sys=0.00, real=0.00 secs] 
282.174: Total time for which application threads were stopped: 0.0722460 seconds, Stopping threads took: 0.0716340 seconds
282.257: Application time: 0.0831370 seconds
282.321: [GC [PSYoungGen: 13244K->352K(14848K)] 40294K->27410K(48640K), 0.0004880 secs] [Times: user=0.00 sys=0.00, real=0.00 secs] 
282.321: Total time for which application threads were stopped: 0.0643200 seconds, Stopping threads took: 0.0637600 seconds
282.401: Application time: 0.0794850 seconds
282.441: [GC [PSYoungGen: 12967K->1117K(14848K)] 40025K->28175K(48640K), 0.0006510 secs] [Times: user=0.00 sys=0.00, real=0.00 secs] 
282.442: Total time for which application threads were stopped: 0.0407610 seconds, Stopping threads took: 0.0400300 seconds
282.524: Application time: 0.0824590 seconds
282.580: [GC [PSYoungGen: 13713K->726K(14848K)] 40771K->27792K(48640K), 0.0005520 secs] [Times: user=0.00 sys=0.00, real=0.00 secs] 
282.580: Total time for which application threads were stopped: 0.0560740 seconds, Stopping threads took: 0.0554450 seconds
282.662: Application time: 0.0818350 seconds
282.719: [GC [PSYoungGen: 13401K->336K(14848K)] 40467K->27410K(48640K), 0.0004760 secs] [Times: user=0.00 sys=0.00, real=0.00 secs] 
282.720: Total time for which application threads were stopped: 0.0579390 seconds, Stopping threads took: 0.0573960 seconds
282.798: Application time: 0.0783190 seconds
282.840: [GC [PSYoungGen: 12951K->1133K(14848K)] 40025K->28207K(48640K), 0.0006490 secs] [Times: user=0.00 sys=0.00, real=0.00 secs] 
282.841: Total time for which application threads were stopped: 0.0427410 seconds, Stopping threads took: 0.0420200 seconds
282.924: Application time: 0.0834880 seconds
282.988: [GC [PSYoungGen: 13651K->678K(14848K)] 40725K->27760K(48640K), 0.0005460 secs] [Times: user=0.00 sys=0.00, real=0.00 secs] 
282.989: Total time for which application threads were stopped: 0.0646380 seconds, Stopping threads took: 0.0630970 seconds
283.073: Application time: 0.0843280 seconds
283.133: [GC [PSYoungGen: 13469K->563K(14848K)] 40552K->27645K(48640K), 0.0005760 secs] [Times: user=0.00 sys=0.00, real=0.00 secs] 
283.134: Total time for which application threads were stopped: 0.0602650 seconds, Stopping threads took: 0.0596020 seconds
283.232: Application time: 0.0984310 seconds
283.274: [GC [PSYoungGen: 13022K->2026K(14848K)] 40104K->30288K(48640K), 0.0010580 secs] [Times: user=0.01 sys=0.00, real=0.00 secs] 
283.275: Total time for which application threads were stopped: 0.0431830 seconds, Stopping threads took: 0.0420480 seconds
283.387: Application time: 0.1119800 seconds
283.455: [GC [PSYoungGen: 14817K->742K(14848K)] 43079K->29012K(48640K), 0.0005150 secs] [Times: user=0.01 sys=0.00, real=0.00 secs] 
283.456: Total time for which application threads were stopped: 0.0686130 seconds, Stopping threads took: 0.0680010 seconds
283.544: Application time: 0.0884440 seconds
283.611: [GC [PSYoungGen: 13455K->595K(14848K)] 41725K->28865K(48640K), 0.0006710 secs] [Times: user=0.00 sys=0.00, real=0.00 secs] 
283.611: Total time for which application threads were stopped: 0.0668480 seconds, Stopping threads took: 0.0661050 seconds
283.698: Application time: 0.0869650 seconds
283.759: [GC [PSYoungGen: 13210K->1312K(14848K)] 41480K->29590K(48640K), 0.0007030 secs] [Times: user=0.00 sys=0.00, real=0.00 secs] 
283.760: Total time for which application threads were stopped: 0.0615070 seconds, Stopping threads took: 0.0607030 seconds
283.850: Application time: 0.0906460 seconds
283.897: [GC [PSYoungGen: 13928K->1994K(14848K)] 42206K->30476K(48640K), 0.0011190 secs] [Times: user=0.00 sys=0.00, real=0.00 secs] 
283.898: Total time for which application threads were stopped: 0.0476950 seconds, Stopping threads took: 0.0465000 seconds
283.987: Application time: 0.0887420 seconds
284.057: [GC [PSYoungGen: 14609K->1833K(14848K)] 43091K->30322K(48640K), 0.0009430 secs] [Times: user=0.00 sys=0.00, real=0.00 secs] 
284.058: Total time for which application threads were stopped: 0.0713750 seconds, Stopping threads took: 0.0703560 seconds
284.147: Application time: 0.0885810 seconds
284.210: [GC [PSYoungGen: 14604K->1572K(14848K)] 43094K->30069K(48640K), 0.0007020 secs] [Times: user=0.00 sys=0.00, real=0.00 secs] 
284.211: Total time for which application threads were stopped: 0.0638260 seconds, Stopping threads took: 0.0630490 seconds
284.314: Application time: 0.1029320 seconds
284.387: [GC [PSYoungGen: 14285K->1344K(14848K)] 42782K->29842K(48640K), 0.0006710 secs] [Times: user=0.01 sys=0.00, real=0.00 secs] 
284.388: Total time for which application threads were stopped: 0.0741580 seconds, Stopping threads took: 0.0734000 seconds
284.496: Application time: 0.1081450 seconds
284.567: [GC [PSYoungGen: 14135K->1085K(14848K)] 42633K->29582K(48640K), 0.0007230 secs] [Times: user=0.01 sys=0.00, real=0.00 secs] 
284.568: Total time for which application threads were stopped: 0.0722440 seconds, Stopping threads took: 0.0714260 seconds
284.659: Application time: 0.0911900 seconds
284.728: [GC [PSYoungGen: 13798K->986K(14848K)] 42295K->29483K(48640K), 0.0005490 secs] [Times: user=0.00 sys=0.00, real=0.00 secs] 
284.729: Total time for which application threads were stopped: 0.0697800 seconds, Stopping threads took: 0.0691630 seconds
284.833: Application time: 0.1034900 seconds
284.892: [GC [PSYoungGen: 13562K->1912K(14848K)] 42060K->31199K(48640K), 0.0012140 secs] [Times: user=0.00 sys=0.00, real=0.01 secs] 
284.893: Total time for which application threads were stopped: 0.0606500 seconds, Stopping threads took: 0.0593360 seconds
284.990: Application time: 0.0964730 seconds
285.069: [GC [PSYoungGen: 14625K->1312K(14848K)] 43912K->30607K(48640K), 0.0009210 secs] [Times: user=0.00 sys=0.00, real=0.00 secs] 
285.070: Total time for which application threads were stopped: 0.0806710 seconds, Stopping threads took: 0.0796520 seconds
285.182: Application time: 0.1121360 seconds
285.255: [GC [PSYoungGen: 13791K->758K(14848K)] 43086K->30053K(48640K), 0.0007780 secs] [Times: user=0.00 sys=0.00, real=0.00 secs] 
285.256: Total time for which application threads were stopped: 0.0732570 seconds, Stopping threads took: 0.0723820 seconds
285.347: Application time: 0.0913170 seconds
285.417: [GC [PSYoungGen: 13550K->563K(14848K)] 42844K->29858K(48640K), 0.0007090 secs] [Times: user=0.00 sys=0.00, real=0.00 secs] 
285.418: Total time for which application threads were stopped: 0.0707650 seconds, Stopping threads took: 0.0699670 seconds
285.510: Application time: 0.0924120 seconds
285.581: [GC [PSYoungGen: 13276K->304K(14848K)] 42571K->29606K(48640K), 0.0004660 secs] [Times: user=0.00 sys=0.00, real=0.00 secs] 
285.581: Total time for which application threads were stopped: 0.0711570 seconds, Stopping threads took: 0.0706210 seconds
285.666: Application time: 0.0848870 seconds
285.712: [GC [PSYoungGen: 12997K->2012K(14848K)] 42300K->31518K(48640K), 0.0009900 secs] [Times: user=0.00 sys=0.00, real=0.01 secs] 
285.713: Total time for which application threads were stopped: 0.0468620 seconds, Stopping threads took: 0.0457770 seconds
285.816: Application time: 0.1030670 seconds
285.893: [GC [PSYoungGen: 14608K->758K(14848K)] 44114K->30272K(48640K), 0.0005110 secs] [Times: user=0.00 sys=0.00, real=0.01 secs] 
285.893: Total time for which application threads were stopped: 0.0769360 seconds, Stopping threads took: 0.0763470 seconds
285.982: Application time: 0.0888850 seconds
286.052: [GC [PSYoungGen: 13471K->579K(14848K)] 42985K->30093K(48640K), 0.0006060 secs] [Times: user=0.00 sys=0.00, real=0.01 secs] 
286.053: Total time for which application threads were stopped: 0.0710430 seconds, Stopping threads took: 0.0703450 seconds
286.141: Application time: 0.0881220 seconds
286.213: [GC [PSYoungGen: 13292K->352K(14848K)] 42806K->29866K(48640K), 0.0006190 secs] [Times: user=0.00 sys=0.00, real=0.00 secs] 
286.214: Total time for which application threads were stopped: 0.0728400 seconds, Stopping threads took: 0.0721500 seconds
286.300: Application time: 0.0854650 seconds
286.346: [GC [PSYoungGen: 12967K->1181K(14848K)] 42481K->30695K(48640K), 0.0007700 secs] [Times: user=0.00 sys=0.00, real=0.00 secs] 
286.347: Total time for which application threads were stopped: 0.0473730 seconds, Stopping threads took: 0.0465290 seconds
286.441: Application time: 0.0942570 seconds
286.515: [GC [PSYoungGen: 13699K->1865K(14848K)] 43213K->31379K(48640K), 0.0008760 secs] [Times: user=0.00 sys=0.00, real=0.00 secs] 
286.516: Total time for which application threads were stopped: 0.0749440 seconds, Stopping threads took: 0.0739940 seconds
286.606: Application time: 0.0903480 seconds
286.676: [GC [PSYoungGen: 14539K->320K(14848K)] 44053K->29842K(48640K), 0.0005030 secs] [Times: user=0.01 sys=0.00, real=0.00 secs] 
286.676: Total time for which application threads were stopped: 0.0699050 seconds, Stopping threads took: 0.0693130 seconds
286.762: Application time: 0.0859030 seconds
286.808: [GC [PSYoungGen: 13091K->1117K(14848K)] 42613K->30639K(48640K), 0.0006460 secs] [Times: user=0.00 sys=0.00, real=0.00 secs] 
286.809: Total time for which application threads were stopped: 0.0466610 seconds, Stopping threads took: 0.0459260 seconds
286.898: Application time: 0.0890540 seconds
286.964: [GC [PSYoungGen: 13713K->758K(14848K)] 43235K->30288K(48640K), 0.0005210 secs] [Times: user=0.00 sys=0.00, real=0.00 secs] 
286.965: Total time for which application threads were stopped: 0.0667440 seconds, Stopping threads took: 0.0661520 seconds
287.066: Application time: 0.1017070 seconds
287.137: [GC [PSYoungGen: 13452K->1571K(14848K)] 42982K->31102K(48640K), 0.0008230 secs] [Times: user=0.00 sys=0.00, real=0.00 secs] 
287.137: Total time for which application threads were stopped: 0.0709050 seconds, Stopping threads took: 0.0699900 seconds
287.219: Application time: 0.0816480 seconds
287.274: [GC [PSYoungGen: 14363K->1280K(14848K)] 43893K->30818K(48640K), 0.0006490 secs] [Times: user=0.00 sys=0.00, real=0.00 secs] 
287.275: Total time for which application threads were stopped: 0.0556500 seconds, Stopping threads took: 0.0549180 seconds
287.376: Application time: 0.1017500 seconds
287.437: [GC [PSYoungGen: 13993K->1117K(14848K)] 43531K->30655K(48640K), 0.0006970 secs] [Times: user=0.00 sys=0.00, real=0.00 secs] 
287.438: Total time for which application threads were stopped: 0.0611040 seconds, Stopping threads took: 0.0603110 seconds
287.521: Application time: 0.0831530 seconds
287.573: [GC [PSYoungGen: 13830K->954K(14848K)] 43368K->30500K(48640K), 0.0006170 secs] [Times: user=0.00 sys=0.00, real=0.00 secs] 
287.574: Total time for which application threads were stopped: 0.0530480 seconds, Stopping threads took: 0.0523600 seconds
287.671: Application time: 0.0968530 seconds
287.723: [GC [PSYoungGen: 13452K->1572K(14848K)] 42998K->31126K(48640K), 0.0007780 secs] [Times: user=0.00 sys=0.00, real=0.00 secs] 
287.724: Total time for which application threads were stopped: 0.0536090 seconds, Stopping threads took: 0.0527580 seconds
287.826: Application time: 0.1014130 seconds
287.890: [GC [PSYoungGen: 14285K->1312K(14848K)] 43839K->30866K(48640K), 0.0006730 secs] [Times: user=0.00 sys=0.00, real=0.00 secs] 
287.891: Total time for which application threads were stopped: 0.0655540 seconds, Stopping threads took: 0.0647990 seconds
287.995: Application time: 0.1033720 seconds
288.057: [GC [PSYoungGen: 14025K->1133K(14848K)] 43579K->30695K(48640K), 0.0006390 secs] [Times: user=0.01 sys=0.00, real=0.00 secs] 
288.059: Total time for which application threads were stopped: 0.0642720 seconds, Stopping threads took: 0.0626600 seconds
288.144: Application time: 0.0854620 seconds
288.207: [GC [PSYoungGen: 13729K->694K(14848K)] 43291K->30264K(48640K), 0.0005060 secs] [Times: user=0.00 sys=0.00, real=0.00 secs] 
288.208: Total time for which application threads were stopped: 0.0636180 seconds, Stopping threads took: 0.0630440 seconds
288.290: Application time: 0.0820470 seconds
288.358: [GC [PSYoungGen: 13368K->320K(14848K)] 42939K->29890K(48640K), 0.0005160 secs] [Times: user=0.00 sys=0.00, real=0.00 secs] 
288.359: Total time for which application threads were stopped: 0.0688110 seconds, Stopping threads took: 0.0682210 seconds
288.441: Application time: 0.0818950 seconds
288.490: [GC [PSYoungGen: 12935K->1133K(14848K)] 42505K->30703K(48640K), 0.0006950 secs] [Times: user=0.00 sys=0.00, real=0.00 secs] 
288.491: Total time for which application threads were stopped: 0.0502610 seconds, Stopping threads took: 0.0494590 seconds
288.588: Application time: 0.0974910 seconds
288.655: [GC [PSYoungGen: 13807K->710K(14848K)] 43377K->30280K(48640K), 0.0005770 secs] [Times: user=0.00 sys=0.00, real=0.00 secs] 
288.655: Total time for which application threads were stopped: 0.0669440 seconds, Stopping threads took: 0.0662750 seconds
288.739: Application time: 0.0832370 seconds
288.797: [GC [PSYoungGen: 13423K->563K(14848K)] 42993K->30133K(48640K), 0.0004920 secs] [Times: user=0.00 sys=0.00, real=0.00 secs] 
288.797: Total time for which application threads were stopped: 0.0585010 seconds, Stopping threads took: 0.0579360 seconds
288.879: Application time: 0.0823400 seconds
288.937: [GC [PSYoungGen: 13237K->1930K(14848K)] 42807K->31899K(48640K), 0.0008740 secs] [Times: user=0.01 sys=0.00, real=0.00 secs] 
288.938: Total time for which application threads were stopped: 0.0583000 seconds, Stopping threads took: 0.0573530 seconds
289.027: Application time: 0.0889270 seconds
289.095: [GC [PSYoungGen: 14643K->1898K(14848K)] 44612K->32070K(48640K), 0.0008690 secs] [Times: user=0.00 sys=0.00, real=0.00 secs] 
289.096: Total time for which application threads were stopped: 0.0693110 seconds, Stopping threads took: 0.0683490 seconds
289.201: Application time: 0.1045850 seconds
289.266: [GC [PSYoungGen: 14514K->726K(14848K)] 44686K->30906K(48640K), 0.0007860 secs] [Times: user=0.00 sys=0.00, real=0.00 secs] 
289.267: Total time for which application threads were stopped: 0.0663130 seconds, Stopping threads took: 0.0654310 seconds
289.350: Application time: 0.0828080 seconds
289.414: [GC [PSYoungGen: 13439K->531K(14848K)] 43619K->30719K(48640K), 0.0006540 secs] [Times: user=0.00 sys=0.00, real=0.00 secs] 
289.415: Total time for which application threads were stopped: 0.0654390 seconds, Stopping threads took: 0.0647190 seconds
289.496: Application time: 0.0809090 seconds
289.552: [GC [PSYoungGen: 13322K->368K(14848K)] 43510K->30564K(48640K), 0.0004630 secs] [Times: user=0.00 sys=0.00, real=0.00 secs] 
289.553: Total time for which application threads were stopped: 0.0567520 seconds, Stopping threads took: 0.0562200 seconds
289.633: Application time: 0.0796930 seconds
289.675: [GC [PSYoungGen: 13139K->1133K(14848K)] 43335K->31329K(48640K), 0.0006590 secs] [Times: user=0.01 sys=0.00, real=0.00 secs] 
289.676: Total time for which application threads were stopped: 0.0432110 seconds, Stopping threads took: 0.0424640 seconds
289.757: Application time: 0.0811490 seconds
289.823: [GC [PSYoungGen: 13729K->774K(14848K)] 43925K->30970K(48640K), 0.0005070 secs] [Times: user=0.00 sys=0.00, real=0.00 secs] 
289.823: Total time for which application threads were stopped: 0.0664350 seconds, Stopping threads took: 0.0658640 seconds
289.906: Application time: 0.0823200 seconds
289.963: [GC [PSYoungGen: 13487K->531K(14848K)] 43683K->30735K(48640K), 0.0005000 secs] [Times: user=0.01 sys=0.00, real=0.00 secs] 
289.964: Total time for which application threads were stopped: 0.0581880 seconds, Stopping threads took: 0.0576160 seconds
290.046: Application time: 0.0817010 seconds
290.111: [GC [PSYoungGen: 13244K->304K(14848K)] 43448K->30508K(48640K), 0.0004790 secs] [Times: user=0.00 sys=0.00, real=0.00 secs] 
290.111: Total time for which application threads were stopped: 0.0656500 seconds, Stopping threads took: 0.0650990 seconds
290.189: Application time: 0.0775010 seconds
290.231: [GC [PSYoungGen: 13076K->1149K(14848K)] 43280K->31353K(48640K), 0.0006010 secs] [Times: user=0.01 sys=0.00, real=0.00 secs] 
290.232: Total time for which application threads were stopped: 0.0432240 seconds, Stopping threads took: 0.0425440 seconds
290.316: Application time: 0.0838180 seconds
290.377: [GC [PSYoungGen: 13745K->774K(14848K)] 43949K->30986K(48640K), 0.0005250 secs] [Times: user=0.00 sys=0.00, real=0.00 secs] 
290.377: Total time for which application threads were stopped: 0.0614480 seconds, Stopping threads took: 0.0608500 seconds
290.461: Application time: 0.0833440 seconds
290.524: [GC [PSYoungGen: 13487K->595K(14848K)] 43699K->30815K(48640K), 0.0004910 secs] [Times: user=0.00 sys=0.00, real=0.00 secs] 
290.525: Total time for which application threads were stopped: 0.0639790 seconds, Stopping threads took: 0.0634190 seconds
290.606: Application time: 0.0813920 seconds
290.663: [GC [PSYoungGen: 13308K->336K(14848K)] 43528K->30556K(48640K), 0.0004450 secs] [Times: user=0.00 sys=0.00, real=0.00 secs] 
290.664: Total time for which application threads were stopped: 0.0579230 seconds, Stopping threads took: 0.0573810 seconds
290.742: Application time: 0.0783070 seconds
290.782: [GC [PSYoungGen: 13125K->1930K(14848K)] 43345K->32549K(48640K), 0.0008730 secs] [Times: user=0.00 sys=0.00, real=0.00 secs] 
290.783: Total time for which application threads were stopped: 0.0406220 seconds, Stopping threads took: 0.0396700 seconds
290.867: Application time: 0.0838370 seconds
290.934: [GC [PSYoungGen: 14624K->970K(14848K)] 45243K->31588K(48640K), 0.0005700 secs] [Times: user=0.00 sys=0.00, real=0.00 secs] 
290.935: Total time for which application threads were stopped: 0.0684840 seconds, Stopping threads took: 0.0678410 seconds
291.022: Application time: 0.0868670 seconds
291.088: [GC [PSYoungGen: 13663K->1703K(14848K)] 44282K->32330K(48640K), 0.0007770 secs] [Times: user=0.00 sys=0.00, real=0.00 secs] 
291.089: Total time for which application threads were stopped: 0.0671910 seconds, Stopping threads took: 0.0663450 seconds
291.195: Application time: 0.1056740 seconds
291.258: [GC [PSYoungGen: 14318K->384K(14848K)] 44945K->31010K(48640K), 0.0005370 secs] [Times: user=0.00 sys=0.00, real=0.00 secs] 
291.259: Total time for which application threads were stopped: 0.0640710 seconds, Stopping threads took: 0.0634590 seconds
291.337: Application time: 0.0782610 seconds
291.380: [GC [PSYoungGen: 13077K->1133K(14848K)] 43704K->31760K(48640K), 0.0006780 secs] [Times: user=0.00 sys=0.00, real=0.00 secs] 
291.380: Total time for which application threads were stopped: 0.0431740 seconds, Stopping threads took: 0.0424040 seconds
291.463: Application time: 0.0824170 seconds
291.510: [GC [PSYoungGen: 13826K->1946K(14848K)] 44453K->32573K(48640K), 0.0008400 secs] [Times: user=0.00 sys=0.00, real=0.00 secs] 
291.511: Total time for which application threads were stopped: 0.0480450 seconds, Stopping threads took: 0.0471310 seconds
291.614: Application time: 0.1028490 seconds
291.678: [GC [PSYoungGen: 14718K->531K(14848K)] 45345K->31166K(48640K), 0.0006180 secs] [Times: user=0.00 sys=0.00, real=0.00 secs] 
291.679: Total time for which application threads were stopped: 0.0654550 seconds, Stopping threads took: 0.0647420 seconds
291.761: Application time: 0.0819920 seconds
291.823: [GC [PSYoungGen: 13322K->336K(14848K)] 43957K->30978K(48640K), 0.0007130 secs] [Times: user=0.01 sys=0.00, real=0.00 secs] 
291.824: Total time for which application threads were stopped: 0.0626420 seconds, Stopping threads took: 0.0618410 seconds
291.903: Application time: 0.0789870 seconds
291.945: [GC [PSYoungGen: 13049K->1930K(14848K)] 43691K->32972K(48640K), 0.0011510 secs] [Times: user=0.01 sys=0.00, real=0.01 secs] 
291.946: Total time for which application threads were stopped: 0.0429670 seconds, Stopping threads took: 0.0417140 seconds
292.030: Application time: 0.0843940 seconds
292.095: [GC [PSYoungGen: 14350K->758K(14848K)] 45392K->31800K(48640K), 0.0006290 secs] [Times: user=0.00 sys=0.00, real=0.00 secs] 
292.095: Total time for which application threads were stopped: 0.0652210 seconds, Stopping threads took: 0.0645170 seconds
292.178: Application time: 0.0823720 seconds
292.238: [GC [PSYoungGen: 13471K->547K(14848K)] 44513K->31588K(48640K), 0.0006810 secs] [Times: user=0.00 sys=0.00, real=0.00 secs] 
292.239: Total time for which application threads were stopped: 0.0608340 seconds, Stopping threads took: 0.0600530 seconds
292.321: Application time: 0.0823210 seconds
292.358: [GC [PSYoungGen: 13260K->1458K(14848K)] 44301K->32507K(48640K), 0.0006560 secs] [Times: user=0.00 sys=0.00, real=0.00 secs] 
292.359: Total time for which application threads were stopped: 0.0382030 seconds, Stopping threads took: 0.0374810 seconds
292.443: Application time: 0.0843510 seconds
292.508: [GC [PSYoungGen: 14151K->1181K(14848K)] 45201K->32238K(48640K), 0.0007810 secs] [Times: user=0.00 sys=0.00, real=0.00 secs] 
292.508: Total time for which application threads were stopped: 0.0649710 seconds, Stopping threads took: 0.0640910 seconds
292.609: Application time: 0.1001990 seconds
292.676: [GC [PSYoungGen: 13777K->710K(14848K)] 44834K->31768K(48640K), 0.0006250 secs] [Times: user=0.00 sys=0.00, real=0.00 secs] 
292.677: Total time for which application threads were stopped: 0.0683390 seconds, Stopping threads took: 0.0676420 seconds
292.758: Application time: 0.0808590 seconds
292.824: [GC [PSYoungGen: 13502K->547K(14848K)] 44559K->31604K(48640K), 0.0006360 secs] [Times: user=0.00 sys=0.00, real=0.00 secs] 
292.825: Total time for which application threads were stopped: 0.0670930 seconds, Stopping threads took: 0.0663790 seconds
292.919: Application time: 0.0937810 seconds
292.979: [GC [PSYoungGen: 13319K->1881K(14848K)] 44376K->33532K(48640K), 0.0010710 secs] [Times: user=0.00 sys=0.00, real=0.00 secs] 
292.980: Total time for which application threads were stopped: 0.0615650 seconds, Stopping threads took: 0.0604010 seconds
293.072: Application time: 0.0915310 seconds
293.139: [GC [PSYoungGen: 14672K->1149K(14848K)] 46323K->32808K(48640K), 0.0005900 secs] [Times: user=0.00 sys=0.00, real=0.00 secs] 
293.140: Total time for which application threads were stopped: 0.0682380 seconds, Stopping threads took: 0.0675670 seconds
293.240: Application time: 0.0997120 seconds
293.306: [GC [PSYoungGen: 13745K->726K(14848K)] 45404K->32394K(48640K), 0.0005620 secs] [Times: user=0.00 sys=0.00, real=0.00 secs] 
293.307: Total time for which application threads were stopped: 0.0672780 seconds, Stopping threads took: 0.0666410 seconds
293.390: Application time: 0.0833250 seconds
293.454: [GC [PSYoungGen: 13518K->531K(14848K)] 45185K->32198K(48640K), 0.0007190 secs] [Times: user=0.00 sys=0.00, real=0.00 secs] 
293.455: Total time for which application threads were stopped: 0.0645410 seconds, Stopping threads took: 0.0637430 seconds
293.536: Application time: 0.0813970 seconds
293.602: [GC [PSYoungGen: 13244K->320K(14848K)] 44911K->31995K(48640K), 0.0005450 secs] [Times: user=0.00 sys=0.00, real=0.00 secs] 
293.603: Total time for which application threads were stopped: 0.0664850 seconds, Stopping threads took: 0.0658660 seconds
293.682: Application time: 0.0795340 seconds
293.726: [GC [PSYoungGen: 12935K->1101K(14848K)] 44610K->32784K(48640K), 0.0006240 secs] [Times: user=0.00 sys=0.00, real=0.00 secs] 
293.727: Total time for which application threads were stopped: 0.0446130 seconds, Stopping threads took: 0.0439060 seconds
293.810: Application time: 0.0826520 seconds
293.871: [GC [PSYoungGen: 13619K->758K(14848K)] 45302K->32450K(48640K), 0.0005380 secs] [Times: user=0.00 sys=0.00, real=0.00 secs] 
293.871: Total time for which application threads were stopped: 0.0616110 seconds, Stopping threads took: 0.0609940 seconds
293.955: Application time: 0.0834540 seconds
294.010: [GC [PSYoungGen: 13471K->499K(14848K)] 45163K->32198K(48640K), 0.0005790 secs] [Times: user=0.00 sys=0.00, real=0.00 secs] 
294.011: Total time for which application threads were stopped: 0.0558600 seconds, Stopping threads took: 0.0551940 seconds
294.093: Application time: 0.0822800 seconds
294.158: [GC [PSYoungGen: 13212K->320K(14848K)] 44911K->32019K(48640K), 0.0004600 secs] [Times: user=0.00 sys=0.00, real=0.00 secs] 
294.159: Total time for which application threads were stopped: 0.0659620 seconds, Stopping threads took: 0.0654200 seconds
294.237: Application time: 0.0784600 seconds
294.280: [GC [PSYoungGen: 13072K->1946K(14848K)] 44771K->33841K(48640K), 0.0010500 secs] [Times: user=0.00 sys=0.00, real=0.00 secs] 
294.281: Total time for which application threads were stopped: 0.0442290 seconds, Stopping threads took: 0.0430780 seconds
294.364: Application time: 0.0826150 seconds
294.430: [GC [PSYoungGen: 14640K->710K(14848K)] 46534K->32605K(48640K), 0.0007080 secs] [Times: user=0.01 sys=0.00, real=0.00 secs] 
294.430: Total time for which application threads were stopped: 0.0663640 seconds, Stopping threads took: 0.0655710 seconds
294.514: Application time: 0.0839430 seconds
294.575: [GC [PSYoungGen: 13502K->547K(14848K)] 45396K->32442K(48640K), 0.0004590 secs] [Times: user=0.00 sys=0.00, real=0.00 secs] 
294.575: Total time for which application threads were stopped: 0.0608160 seconds, Stopping threads took: 0.0602830 seconds
294.653: Application time: 0.0782600 seconds
294.693: [GC [PSYoungGen: 13319K->1328K(14848K)] 45213K->33231K(48640K), 0.0006680 secs] [Times: user=0.00 sys=0.01, real=0.01 secs] 
294.693: Total time for which application threads were stopped: 0.0398700 seconds, Stopping threads took: 0.0391260 seconds
294.796: Application time: 0.1028570 seconds
294.861: [GC [PSYoungGen: 14041K->1165K(14848K)] 45944K->33076K(48640K), 0.0009280 secs] [Times: user=0.00 sys=0.00, real=0.00 secs] 
294.862: Total time for which application threads were stopped: 0.0658840 seconds, Stopping threads took: 0.0648650 seconds
294.952: Application time: 0.0901630 seconds
295.022: [GC [PSYoungGen: 13761K->726K(14848K)] 45672K->32645K(48640K), 0.0005980 secs] [Times: user=0.00 sys=0.00, real=0.00 secs] 
295.022: Total time for which application threads were stopped: 0.0701860 seconds, Stopping threads took: 0.0695180 seconds
295.105: Application time: 0.0824980 seconds
295.169: [GC [PSYoungGen: 13439K->563K(14848K)] 45358K->32490K(48640K), 0.0006060 secs] [Times: user=0.00 sys=0.00, real=0.00 secs] 
295.169: Total time for which application threads were stopped: 0.0642120 seconds, Stopping threads took: 0.0635340 seconds
295.252: Application time: 0.0825430 seconds
295.307: [GC [PSYoungGen: 13276K->336K(14848K)] 45203K->32270K(48640K), 0.0004280 secs] [Times: user=0.00 sys=0.00, real=0.00 secs] 
295.307: Total time for which application threads were stopped: 0.0557340 seconds, Stopping threads took: 0.0552390 seconds
295.385: Application time: 0.0780660 seconds
295.425: [GC [PSYoungGen: 12951K->1181K(14848K)] 44886K->33124K(48640K), 0.0006380 secs] [Times: user=0.00 sys=0.00, real=0.00 secs] 
295.426: Total time for which application threads were stopped: 0.0402920 seconds, Stopping threads took: 0.0395740 seconds
295.528: Application time: 0.1023140 seconds
295.597: [GC [PSYoungGen: 13699K->742K(14848K)] 45641K->32701K(48640K), 0.0005280 secs] [Times: user=0.01 sys=0.00, real=0.00 secs] 
295.597: Total time for which application threads were stopped: 0.0690190 seconds, Stopping threads took: 0.0684250 seconds
295.681: Application time: 0.0834480 seconds
295.737: [GC [PSYoungGen: 13455K->531K(14848K)] 45414K->32490K(48640K), 0.0004580 secs] [Times: user=0.00 sys=0.00, real=0.00 secs] 
295.738: Total time for which application threads were stopped: 0.0569820 seconds, Stopping threads took: 0.0564560 seconds
295.816: Application time: 0.0783740 seconds
295.855: [GC [PSYoungGen: 13303K->1344K(14848K)] 45261K->33303K(48640K), 0.0007090 secs] [Times: user=0.00 sys=0.00, real=0.00 secs] 
295.856: Total time for which application threads were stopped: 0.0401030 seconds, Stopping threads took: 0.0393200 seconds
295.963: Application time: 0.1067490 seconds
296.025: [GC [PSYoungGen: 13823K->758K(14848K)] 45782K->32717K(48640K), 0.0007560 secs] [Times: user=0.00 sys=0.00, real=0.01 secs] 
296.026: Total time for which application threads were stopped: 0.0627550 seconds, Stopping threads took: 0.0619160 seconds
296.108: Application time: 0.0821110 seconds
296.169: [GC [PSYoungGen: 13433K->352K(14848K)] 45391K->32310K(48640K), 0.0006110 secs] [Times: user=0.00 sys=0.00, real=0.00 secs] 
296.169: Total time for which application threads were stopped: 0.0614620 seconds, Stopping threads took: 0.0607820 seconds
296.248: Application time: 0.0790110 seconds
296.290: [GC [PSYoungGen: 13065K->1930K(14848K)] 45023K->34279K(48640K), 0.0010950 secs] [Times: user=0.01 sys=0.00, real=0.00 secs] 
296.291: Total time for which application threads were stopped: 0.0427930 seconds, Stopping threads took: 0.0416190 seconds
296.374: Application time: 0.0832530 seconds
296.439: [GC [PSYoungGen: 14721K->1978K(14848K)] 47071K->34531K(48640K), 0.0009710 secs] [Times: user=0.01 sys=0.00, real=0.00 secs] 
296.440: Total time for which application threads were stopped: 0.0655860 seconds, Stopping threads took: 0.0645390 seconds
296.539: Application time: 0.0993010 seconds
296.604: [GC [PSYoungGen: 14769K->2044K(14848K)] 47322K->35589K(48640K), 0.0011380 secs] [Times: user=0.01 sys=0.00, real=0.01 secs] 
296.605: [Full GC [PSYoungGen: 2044K->0K(14848K)] [ParOldGen: 33545K->4006K(33792K)] 35589K->4006K(48640K) [PSPermGen: 5149K->5149K(21504K)], 0.0046890 secs] [Times: user=0.02 sys=0.00, real=0.00 secs] 
296.610: Total time for which application threads were stopped: 0.0710410 seconds, Stopping threads took: 0.0650910 seconds
296.718: Application time: 0.1076000 seconds
296.787: [GC [PSYoungGen: 12615K->419K(14848K)] 16621K->4425K(48640K), 0.0003900 secs] [Times: user=0.00 sys=0.00, real=0.00 secs] 
296.787: Total time for which application threads were stopped: 0.0697400 seconds, Stopping threads took: 0.0692750 seconds
296.870: Application time: 0.0823520 seconds
296.929: [GC [PSYoungGen: 13132K->192K(14848K)] 17138K->4198K(48640K), 0.0003620 secs] [Times: user=0.00 sys=0.00, real=0.00 secs] 
296.930: Total time for which application threads were stopped: 0.0598210 seconds, Stopping threads took: 0.0593940 seconds
297.009: Application time: 0.0793400 seconds
297.052: [GC [PSYoungGen: 12807K->973K(14848K)] 16813K->4979K(48640K), 0.0007480 secs] [Times: user=0.00 sys=0.00, real=0.00 secs] 
297.053: Total time for which application threads were stopped: 0.0440340 seconds, Stopping threads took: 0.0432170 seconds
297.138: Application time: 0.0849420 seconds
297.202: [GC [PSYoungGen: 13491K->582K(14848K)] 17497K->4589K(48640K), 0.0005250 secs] [Times: user=0.00 sys=0.00, real=0.00 secs] 
297.203: Total time for which application threads were stopped: 0.0645370 seconds, Stopping threads took: 0.0639160 seconds
297.285: Application time: 0.0824030 seconds
297.350: [GC [PSYoungGen: 13373K->387K(14848K)] 17380K->4393K(48640K), 0.0003590 secs] [Times: user=0.00 sys=0.00, real=0.00 secs] 
297.351: Total time for which application threads were stopped: 0.0656490 seconds, Stopping threads took: 0.0652010 seconds
297.429: Application time: 0.0781130 seconds
297.469: [GC [PSYoungGen: 13159K->1981K(14848K)] 17165K->7355K(48640K), 0.0013630 secs] [Times: user=0.00 sys=0.00, real=0.00 secs] 
297.470: Total time for which application threads were stopped: 0.0413120 seconds, Stopping threads took: 0.0398510 seconds
297.581: Application time: 0.1105300 seconds
297.647: [GC [PSYoungGen: 14773K->1005K(14848K)] 20146K->6378K(48640K), 0.0007460 secs] [Times: user=0.00 sys=0.00, real=0.00 secs] 
297.648: Total time for which application threads were stopped: 0.0676030 seconds, Stopping threads took: 0.0667840 seconds
297.734: Application time: 0.0855710 seconds
297.796: [GC [PSYoungGen: 13796K->874K(14848K)] 19170K->6247K(48640K), 0.0005320 secs] [Times: user=0.01 sys=0.00, real=0.00 secs] 
297.798: Total time for which application threads were stopped: 0.0640870 seconds, Stopping threads took: 0.0622960 seconds
297.888: Application time: 0.0902910 seconds
297.959: [GC [PSYoungGen: 13547K->531K(14848K)] 18921K->5905K(48640K), 0.0005050 secs] [Times: user=0.00 sys=0.00, real=0.00 secs] 
297.959: Total time for which application threads were stopped: 0.0711880 seconds, Stopping threads took: 0.0705910 seconds
298.042: Application time: 0.0829880 seconds
298.103: [GC [PSYoungGen: 13322K->336K(14848K)] 18696K->5709K(48640K), 0.0004260 secs] [Times: user=0.01 sys=0.00, real=0.00 secs] 
298.104: Total time for which application threads were stopped: 0.0615470 seconds, Stopping threads took: 0.0610540 seconds
298.186: Application time: 0.0816840 seconds
298.223: [GC [PSYoungGen: 12951K->1149K(14848K)] 18325K->6522K(48640K), 0.0006100 secs] [Times: user=0.00 sys=0.00, real=0.00 secs] 
298.224: Total time for which application threads were stopped: 0.0385030 seconds, Stopping threads took: 0.0378140 seconds
298.307: Application time: 0.0829380 seconds
298.371: [GC [PSYoungGen: 13667K->790K(14848K)] 19040K->6164K(48640K), 0.0005400 secs] [Times: user=0.00 sys=0.00, real=0.00 secs] 
298.372: Total time for which application threads were stopped: 0.0647990 seconds, Stopping threads took: 0.0641780 seconds
298.455: Application time: 0.0829030 seconds
298.496: [GC [PSYoungGen: 13503K->1962K(14848K)] 18877K->8117K(48640K), 0.0012710 secs] [Times: user=0.00 sys=0.00, real=0.00 secs] 
298.497: Total time for which application threads were stopped: 0.0422750 seconds, Stopping threads took: 0.0409290 seconds
298.602: Application time: 0.1054790 seconds
298.670: [GC [PSYoungGen: 14675K->352K(14848K)] 20830K->6507K(48640K), 0.0005800 secs] [Times: user=0.01 sys=0.00, real=0.00 secs] 
298.670: Total time for which application threads were stopped: 0.0679300 seconds, Stopping threads took: 0.0672760 seconds
298.749: Application time: 0.0784590 seconds
298.791: [GC [PSYoungGen: 13065K->1978K(14848K)] 19220K->8524K(48640K), 0.0009490 secs] [Times: user=0.01 sys=0.00, real=0.00 secs] 
298.792: Total time for which application threads were stopped: 0.0426870 seconds, Stopping threads took: 0.0416650 seconds
298.875: Application time: 0.0834930 seconds
298.945: [GC [PSYoungGen: 14750K->970K(14848K)] 21296K->7531K(48640K), 0.0005970 secs] [Times: user=0.00 sys=0.00, real=0.00 secs] 
298.946: Total time for which application threads were stopped: 0.0708790 seconds, Stopping threads took: 0.0702020 seconds
299.043: Application time: 0.0972350 seconds
299.111: [GC [PSYoungGen: 13683K->774K(14848K)] 20244K->7336K(48640K), 0.0004740 secs] [Times: user=0.00 sys=0.00, real=0.00 secs] 
299.112: Total time for which application threads were stopped: 0.0683780 seconds, Stopping threads took: 0.0678370 seconds
299.200: Application time: 0.0882840 seconds
299.259: [GC [PSYoungGen: 13448K->1442K(14848K)] 20010K->8003K(48640K), 0.0006300 secs] [Times: user=0.00 sys=0.00, real=0.00 secs] 
299.260: Total time for which application threads were stopped: 0.0597000 seconds, Stopping threads took: 0.0590030 seconds
299.347: Application time: 0.0876530 seconds
299.416: [GC [PSYoungGen: 13901K->694K(14848K)] 20463K->7256K(48640K), 0.0005990 secs] [Times: user=0.00 sys=0.00, real=0.00 secs] 
299.417: Total time for which application threads were stopped: 0.0697490 seconds, Stopping threads took: 0.0690750 seconds
299.500: Application time: 0.0829700 seconds
299.564: [GC [PSYoungGen: 13407K->547K(14848K)] 19969K->7124K(48640K), 0.0004870 secs] [Times: user=0.00 sys=0.00, real=0.00 secs] 
299.565: Total time for which application threads were stopped: 0.0648660 seconds, Stopping threads took: 0.0643030 seconds
299.655: Application time: 0.0901390 seconds
299.718: [GC [PSYoungGen: 13260K->352K(14848K)] 19838K->6945K(48640K), 0.0004310 secs] [Times: user=0.00 sys=0.00, real=0.00 secs] 
299.719: Total time for which application threads were stopped: 0.0636580 seconds, Stopping threads took: 0.0631300 seconds
299.797: Application time: 0.0789520 seconds
299.841: [GC [PSYoungGen: 13045K->1149K(14848K)] 19639K->7758K(48640K), 0.0006030 secs] [Times: user=0.00 sys=0.00, real=0.00 secs] 
299.841: Total time for which application threads were stopped: 0.0438110 seconds, Stopping threads took: 0.0431370 seconds
299.925: Application time: 0.0833100 seconds
299.986: [GC [PSYoungGen: 13667K->742K(14848K)] 20276K->7360K(48640K), 0.0004560 secs] [Times: user=0.00 sys=0.00, real=0.00 secs] 
299.986: Total time for which application threads were stopped: 0.0614830 seconds, Stopping threads took: 0.0609590 seconds
300.067: Application time: 0.0809660 seconds
300.134: [GC [PSYoungGen: 13455K->515K(14848K)] 20073K->7149K(48640K), 0.0007650 secs] [Times: user=0.00 sys=0.00, real=0.00 secs] 
300.135: Total time for which application threads were stopped: 0.0677640 seconds, Stopping threads took: 0.0668970 seconds
300.223: Application time: 0.0881530 seconds
300.286: [GC [PSYoungGen: 13130K->1360K(14848K)] 19764K->8002K(48640K), 0.0007250 secs] [Times: user=0.00 sys=0.00, real=0.00 secs] 
300.286: Total time for which application threads were stopped: 0.0634570 seconds, Stopping threads took: 0.0626450 seconds
300.382: Application time: 0.0953080 seconds
300.454: [GC [PSYoungGen: 14073K->1133K(14848K)] 20715K->7774K(48640K), 0.0007700 secs] [Times: user=0.01 sys=0.00, real=0.00 secs] 
300.455: Total time for which application threads were stopped: 0.0731110 seconds, Stopping threads took: 0.0722650 seconds
300.555: Application time: 0.1001990 seconds
300.623: [GC [PSYoungGen: 13807K->710K(14848K)] 20449K->7352K(48640K), 0.0005600 secs] [Times: user=0.00 sys=0.00, real=0.00 secs] 
300.624: Total time for which application threads were stopped: 0.0687420 seconds, Stopping threads took: 0.0680870 seconds
300.707: Application time: 0.0835740 seconds
300.763: [GC [PSYoungGen: 13423K->563K(14848K)] 20065K->7205K(48640K), 0.0004720 secs] [Times: user=0.00 sys=0.00, real=0.00 secs] 
300.764: Total time for which application threads were stopped: 0.0561720 seconds, Stopping threads took: 0.0556040 seconds
300.844: Application time: 0.0808930 seconds
300.907: [GC [PSYoungGen: 13354K->352K(14848K)] 19996K->6993K(48640K), 0.0006230 secs] [Times: user=0.01 sys=0.00, real=0.00 secs] 
300.907: Total time for which application threads were stopped: 0.0627750 seconds, Stopping threads took: 0.0620730 seconds
300.986: Application time: 0.0784770 seconds
301.025: [GC [PSYoungGen: 12987K->1930K(14848K)] 19629K->8572K(48640K), 0.0008570 secs] [Times: user=0.01 sys=0.00, real=0.00 secs] 
301.026: Total time for which application threads were stopped: 0.0404860 seconds, Stopping threads took: 0.0395560 seconds
301.122: Application time: 0.0955980 seconds
301.190: [GC [PSYoungGen: 14546K->579K(14848K)] 21187K->7229K(48640K), 0.0004900 secs] [Times: user=0.01 sys=0.00, real=0.00 secs] 
301.191: Total time for which application threads were stopped: 0.0691850 seconds, Stopping threads took: 0.0686180 seconds
301.273: Application time: 0.0815260 seconds
301.334: [GC [PSYoungGen: 13292K->336K(14848K)] 19942K->6985K(48640K), 0.0005620 secs] [Times: user=0.00 sys=0.00, real=0.00 secs] 
301.335: Total time for which application threads were stopped: 0.0624290 seconds, Stopping threads took: 0.0617800 seconds
301.416: Application time: 0.0806010 seconds
301.455: [GC [PSYoungGen: 13029K->1149K(14848K)] 19679K->7806K(48640K), 0.0005570 secs] [Times: user=0.00 sys=0.00, real=0.00 secs] 
301.456: Total time for which application threads were stopped: 0.0400950 seconds, Stopping threads took: 0.0394720 seconds
301.563: Application time: 0.1073560 seconds
301.618: [GC [PSYoungGen: 13667K->742K(14848K)] 20324K->7408K(48640K), 0.0005170 secs] [Times: user=0.01 sys=0.00, real=0.00 secs] 
301.619: Total time for which application threads were stopped: 0.0557270 seconds, Stopping threads took: 0.0551380 seconds
301.700: Application time: 0.0813480 seconds
301.765: [GC [PSYoungGen: 13455K->579K(14848K)] 20121K->7244K(48640K), 0.0004880 secs] [Times: user=0.00 sys=0.00, real=0.01 secs] 
301.765: Total time for which application threads were stopped: 0.0650680 seconds, Stopping threads took: 0.0645100 seconds
301.848: Application time: 0.0824090 seconds
301.899: [GC [PSYoungGen: 13292K->336K(14848K)] 19958K->7001K(48640K), 0.0004420 secs] [Times: user=0.01 sys=0.00, real=0.00 secs] 
301.899: Total time for which application threads were stopped: 0.0517440 seconds, Stopping threads took: 0.0512240 seconds
301.979: Application time: 0.0793540 seconds
302.018: [GC [PSYoungGen: 13029K->1117K(14848K)] 19695K->7790K(48640K), 0.0005670 secs] [Times: user=0.00 sys=0.00, real=0.00 secs] 
302.019: Total time for which application threads were stopped: 0.0402500 seconds, Stopping threads took: 0.0396120 seconds
302.121: Application time: 0.1019650 seconds
302.183: [GC [PSYoungGen: 13635K->758K(14848K)] 20308K->7432K(48640K), 0.0005700 secs] [Times: user=0.01 sys=0.00, real=0.00 secs] 
302.184: Total time for which application threads were stopped: 0.0627700 seconds, Stopping threads took: 0.0621060 seconds
302.267: Application time: 0.0833760 seconds
302.330: [GC [PSYoungGen: 13550K->547K(14848K)] 20223K->7220K(48640K), 0.0006850 secs] [Times: user=0.00 sys=0.00, real=0.00 secs] 
302.331: Total time for which application threads were stopped: 0.0640540 seconds, Stopping threads took: 0.0632800 seconds
302.410: Application time: 0.0791180 seconds
302.454: [GC [PSYoungGen: 13319K->1360K(14848K)] 19992K->8034K(48640K), 0.0007840 secs] [Times: user=0.01 sys=0.00, real=0.00 secs] 
302.455: Total time for which application threads were stopped: 0.0446080 seconds, Stopping threads took: 0.0437360 seconds
302.558: Application time: 0.1036200 seconds
302.620: [GC [PSYoungGen: 14152K->1149K(14848K)] 20825K->7822K(48640K), 0.0006080 secs] [Times: user=0.01 sys=0.00, real=0.00 secs] 
302.621: Total time for which application threads were stopped: 0.0624940 seconds, Stopping threads took: 0.0618130 seconds
302.705: Application time: 0.0842410 seconds
302.769: [GC [PSYoungGen: 13667K->774K(14848K)] 20340K->7456K(48640K), 0.0005620 secs] [Times: user=0.00 sys=0.00, real=0.00 secs] 
302.770: Total time for which application threads were stopped: 0.0645050 seconds, Stopping threads took: 0.0638670 seconds
302.855: Application time: 0.0857410 seconds
302.929: [GC [PSYoungGen: 13449K->320K(14848K)] 20130K->7001K(48640K), 0.0004430 secs] [Times: user=0.00 sys=0.00, real=0.00 secs] 
302.929: Total time for which application threads were stopped: 0.0735680 seconds, Stopping threads took: 0.0730580 seconds
303.008: Application time: 0.0787040 seconds
303.050: [GC [PSYoungGen: 13013K->1149K(14848K)] 19695K->7838K(48640K), 0.0006300 secs] [Times: user=0.00 sys=0.01, real=0.00 secs] 
303.051: Total time for which application threads were stopped: 0.0434000 seconds, Stopping threads took: 0.0426880 seconds
303.149: Application time: 0.0976050 seconds
303.216: [GC [PSYoungGen: 13667K->742K(14848K)] 20356K->7440K(48640K), 0.0005080 secs] [Times: user=0.00 sys=0.00, real=0.00 secs] 
303.216: Total time for which application threads were stopped: 0.0672930 seconds, Stopping threads took: 0.0666910 seconds
303.301: Application time: 0.0849140 seconds
303.362: [GC [PSYoungGen: 13455K->579K(14848K)] 20153K->7276K(48640K), 0.0004750 secs] [Times: user=0.00 sys=0.00, real=0.00 secs] 
303.363: Total time for which application threads were stopped: 0.0618530 seconds, Stopping threads took: 0.0613090 seconds
303.444: Application time: 0.0809320 seconds
303.497: [GC [PSYoungGen: 13370K->304K(14848K)] 20068K->7001K(48640K), 0.0004140 secs] [Times: user=0.00 sys=0.00, real=0.00 secs] 
303.497: Total time for which application threads were stopped: 0.0536990 seconds, Stopping threads took: 0.0532140 seconds
303.576: Application time: 0.0783320 seconds
303.615: [GC [PSYoungGen: 12919K->1946K(14848K)] 19617K->10019K(48640K), 0.0012110 secs] [Times: user=0.01 sys=0.00, real=0.00 secs] 
303.617: Total time for which application threads were stopped: 0.0408910 seconds, Stopping threads took: 0.0395940 seconds
303.699: Application time: 0.0824710 seconds
303.771: [GC [PSYoungGen: 14620K->774K(14848K)] 22693K->8847K(48640K), 0.0005190 secs] [Times: user=0.00 sys=0.00, real=0.00 secs] 
303.772: Total time for which application threads were stopped: 0.0723400 seconds, Stopping threads took: 0.0717250 seconds
303.854: Application time: 0.0827050 seconds
303.919: [GC [PSYoungGen: 13487K->563K(14848K)] 21560K->8636K(48640K), 0.0004890 secs] [Times: user=0.00 sys=0.00, real=0.00 secs] 
303.920: Total time for which application threads were stopped: 0.0654900 seconds, Stopping threads took: 0.0649330 seconds
304.003: Application time: 0.0836660 seconds
304.060: [GC [PSYoungGen: 13276K->320K(14848K)] 21349K->8392K(48640K), 0.0004790 secs] [Times: user=0.00 sys=0.00, real=0.00 secs] 
304.060: Total time for which application threads were stopped: 0.0569280 seconds, Stopping threads took: 0.0563800 seconds
304.138: Application time: 0.0781410 seconds
304.184: [GC [PSYoungGen: 13013K->1165K(14848K)] 21086K->9246K(48640K), 0.0006770 secs] [Times: user=0.01 sys=0.00, real=0.00 secs] 
304.185: Total time for which application threads were stopped: 0.0462200 seconds, Stopping threads took: 0.0454440 seconds
304.269: Application time: 0.0838410 seconds
304.332: [GC [PSYoungGen: 13917K->742K(14848K)] 21998K->8823K(48640K), 0.0004800 secs] [Times: user=0.00 sys=0.00, real=0.00 secs] 
304.332: Total time for which application threads were stopped: 0.0639550 seconds, Stopping threads took: 0.0633990 seconds
304.415: Application time: 0.0825790 seconds
304.479: [GC [PSYoungGen: 13455K->611K(14848K)] 21536K->8700K(48640K), 0.0005900 secs] [Times: user=0.00 sys=0.00, real=0.00 secs] 
304.480: Total time for which application threads were stopped: 0.0646550 seconds, Stopping threads took: 0.0639750 seconds
304.560: Application time: 0.0804910 seconds
304.616: [GC [PSYoungGen: 13324K->352K(14848K)] 21413K->8448K(48640K), 0.0004230 secs] [Times: user=0.00 sys=0.00, real=0.00 secs] 
304.616: Total time for which application threads were stopped: 0.0558450 seconds, Stopping threads took: 0.0553530 seconds
304.695: Application time: 0.0790460 seconds
304.737: [GC [PSYoungGen: 13045K->1133K(14848K)] 21142K->9238K(48640K), 0.0005790 secs] [Times: user=0.00 sys=0.00, real=0.00 secs] 
304.738: Total time for which application threads were stopped: 0.0428880 seconds, Stopping threads took: 0.0422260 seconds
304.822: Application time: 0.0842430 seconds
304.886: [GC [PSYoungGen: 13924K->1002K(14848K)] 22029K->9106K(48640K), 0.0007460 secs] [Times: user=0.01 sys=0.00, real=0.00 secs] 
304.887: Total time for which application threads were stopped: 0.0646820 seconds, Stopping threads took: 0.0638450 seconds
304.986: Application time: 0.0987160 seconds
305.052: [GC [PSYoungGen: 13715K->742K(14848K)] 21819K->8855K(48640K), 0.0006340 secs] [Times: user=0.00 sys=0.00, real=0.00 secs] 
305.053: Total time for which application threads were stopped: 0.0672110 seconds, Stopping threads took: 0.0665070 seconds
305.151: Application time: 0.0984000 seconds
305.215: [GC [PSYoungGen: 13416K->320K(14848K)] 21529K->8440K(48640K), 0.0004120 secs] [Times: user=0.00 sys=0.00, real=0.00 secs] 
305.216: Total time for which application threads were stopped: 0.0642990 seconds, Stopping threads took: 0.0638230 seconds
305.294: Application time: 0.0782800 seconds
305.338: [GC [PSYoungGen: 12935K->1165K(14848K)] 21056K->9286K(48640K), 0.0006070 secs] [Times: user=0.00 sys=0.00, real=0.00 secs] 
305.338: Total time for which application threads were stopped: 0.0443460 seconds, Stopping threads took: 0.0436650 seconds
305.423: Application time: 0.0850750 seconds
305.487: [GC [PSYoungGen: 13956K->986K(14848K)] 22077K->9106K(48640K), 0.0005120 secs] [Times: user=0.01 sys=0.00, real=0.00 secs] 
305.487: Total time for which application threads were stopped: 0.0641710 seconds, Stopping threads took: 0.0635940 seconds
305.570: Application time: 0.0829180 seconds
305.627: [GC [PSYoungGen: 13699K->790K(14848K)] 21819K->8919K(48640K), 0.0004850 secs] [Times: user=0.00 sys=0.00, real=0.00 secs] 
305.628: Total time for which application threads were stopped: 0.0572230 seconds, Stopping threads took: 0.0566720 seconds
305.727: Application time: 0.0990470 seconds
305.790: [GC [PSYoungGen: 13582K->547K(14848K)] 21710K->8676K(48640K), 0.0007250 secs] [Times: user=0.00 sys=0.00, real=0.00 secs] 
305.791: Total time for which application threads were stopped: 0.0639130 seconds, Stopping threads took: 0.0631270 seconds
305.887: Application time: 0.0964280 seconds
305.953: [GC [PSYoungGen: 13260K->320K(14848K)] 21389K->8456K(48640K), 0.0004220 secs] [Times: user=0.00 sys=0.00, real=0.00 secs] 
305.954: Total time for which application threads were stopped: 0.0669230 seconds, Stopping threads took: 0.0664210 seconds
306.033: Application time: 0.0793280 seconds
306.077: [GC [PSYoungGen: 13013K->1865K(14848K)] 21150K->10392K(48640K), 0.0008650 secs] [Times: user=0.00 sys=0.00, real=0.00 secs] 
306.078: Total time for which application threads were stopped: 0.0444250 seconds, Stopping threads took: 0.0434910 seconds
306.182: Application time: 0.1039320 seconds
306.251: [GC [PSYoungGen: 14656K->970K(14848K)] 23183K->9497K(48640K), 0.0005130 secs] [Times: user=0.01 sys=0.00, real=0.00 secs] 
306.252: Total time for which application threads were stopped: 0.0703300 seconds, Stopping threads took: 0.0697440 seconds
306.346: Application time: 0.0941410 seconds
306.416: [GC [PSYoungGen: 13644K->563K(14848K)] 22171K->9106K(48640K), 0.0006220 secs] [Times: user=0.01 sys=0.00, real=0.00 secs] 
306.417: Total time for which application threads were stopped: 0.0709370 seconds, Stopping threads took: 0.0702170 seconds
306.503: Application time: 0.0864360 seconds
306.561: [GC [PSYoungGen: 12983K->1133K(14848K)] 21526K->9692K(48640K), 0.0007970 secs] [Times: user=0.00 sys=0.00, real=0.00 secs] 
306.562: Total time for which application threads were stopped: 0.0585300 seconds, Stopping threads took: 0.0576530 seconds
306.668: Application time: 0.1057720 seconds
306.729: [GC [PSYoungGen: 13651K->758K(14848K)] 22210K->9318K(48640K), 0.0007110 secs] [Times: user=0.00 sys=0.00, real=0.00 secs] 
306.730: Total time for which application threads were stopped: 0.0620300 seconds, Stopping threads took: 0.0612340 seconds
306.813: Application time: 0.0827930 seconds
306.876: [GC [PSYoungGen: 13471K->579K(14848K)] 22031K->9138K(48640K), 0.0004890 secs] [Times: user=0.00 sys=0.00, real=0.00 secs] 
306.877: Total time for which application threads were stopped: 0.0639920 seconds, Stopping threads took: 0.0634400 seconds
306.959: Application time: 0.0821480 seconds
307.020: [GC [PSYoungGen: 13370K->304K(14848K)] 21930K->8871K(48640K), 0.0003760 secs] [Times: user=0.00 sys=0.00, real=0.00 secs] 
307.020: Total time for which application threads were stopped: 0.0612890 seconds, Stopping threads took: 0.0608550 seconds
307.100: Application time: 0.0799960 seconds
307.146: [GC [PSYoungGen: 12997K->1149K(14848K)] 21565K->9724K(48640K), 0.0006720 secs] [Times: user=0.00 sys=0.00, real=0.00 secs] 
307.147: Total time for which application threads were stopped: 0.0468130 seconds, Stopping threads took: 0.0460550 seconds
307.234: Application time: 0.0875920 seconds
307.310: [GC [PSYoungGen: 13745K->758K(14848K)] 22320K->9334K(48640K), 0.0005930 secs] [Times: user=0.00 sys=0.00, real=0.00 secs] 
307.310: Total time for which application threads were stopped: 0.0760070 seconds, Stopping threads took: 0.0753390 seconds
307.404: Application time: 0.0936380 seconds
307.450: [GC [PSYoungGen: 13550K->1653K(14848K)] 22125K->10237K(48640K), 0.0009410 secs] [Times: user=0.01 sys=0.00, real=0.00 secs] 
307.451: Total time for which application threads were stopped: 0.0472710 seconds, Stopping threads took: 0.0462540 seconds
307.553: Application time: 0.1021270 seconds
307.625: [GC [PSYoungGen: 14425K->1328K(14848K)] 23008K->9912K(48640K), 0.0007450 secs] [Times: user=0.01 sys=0.00, real=0.00 secs] 
307.626: Total time for which application threads were stopped: 0.0725760 seconds, Stopping threads took: 0.0717580 seconds
307.739: Application time: 0.1131950 seconds
307.813: [GC [PSYoungGen: 14041K->1133K(14848K)] 22625K->9724K(48640K), 0.0006230 secs] [Times: user=0.00 sys=0.00, real=0.00 secs] 
307.814: Total time for which application threads were stopped: 0.0747420 seconds, Stopping threads took: 0.0740230 seconds
307.903: Application time: 0.0887760 seconds
307.975: [GC [PSYoungGen: 13729K->742K(14848K)] 22320K->9334K(48640K), 0.0006740 secs] [Times: user=0.01 sys=0.00, real=0.00 secs] 
307.977: Total time for which application threads were stopped: 0.0743230 seconds, Stopping threads took: 0.0726300 seconds
308.067: Application time: 0.0897770 seconds
308.141: [GC [PSYoungGen: 13534K->579K(14848K)] 22125K->9178K(48640K), 0.0005790 secs] [Times: user=0.00 sys=0.00, real=0.00 secs] 
308.141: Total time for which application threads were stopped: 0.0743890 seconds, Stopping threads took: 0.0737160 seconds
308.229: Application time: 0.0876580 seconds
308.289: [GC [PSYoungGen: 13292K->352K(14848K)] 21891K->8951K(48640K), 0.0004270 secs] [Times: user=0.00 sys=0.00, real=0.00 secs] 
308.290: Total time for which application threads were stopped: 0.0605750 seconds, Stopping threads took: 0.0600810 seconds
308.374: Application time: 0.0842960 seconds
308.418: [GC [PSYoungGen: 12967K->2028K(14848K)] 21566K->10831K(48640K), 0.0008740 secs] [Times: user=0.00 sys=0.00, real=0.00 secs] 
308.419: Total time for which application threads were stopped: 0.0449250 seconds, Stopping threads took: 0.0439670 seconds
308.508: Application time: 0.0891710 seconds
308.579: [GC [PSYoungGen: 14643K->1946K(14848K)] 23446K->10757K(48640K), 0.0007720 secs] [Times: user=0.01 sys=0.00, real=0.00 secs] 
308.580: Total time for which application threads were stopped: 0.0716450 seconds, Stopping threads took: 0.0708020 seconds
308.688: Application time: 0.1084420 seconds
308.764: [GC [PSYoungGen: 14640K->563K(14848K)] 23451K->9382K(48640K), 0.0005210 secs] [Times: user=0.00 sys=0.00, real=0.00 secs] 
308.764: Total time for which application threads were stopped: 0.0762100 seconds, Stopping threads took: 0.0756220 seconds
308.853: Application time: 0.0883020 seconds
308.915: [GC [PSYoungGen: 13276K->288K(14848K)] 22095K->9106K(48640K), 0.0006590 secs] [Times: user=0.00 sys=0.00, real=0.00 secs] 
308.915: Total time for which application threads were stopped: 0.0628920 seconds, Stopping threads took: 0.0621640 seconds
309.001: Application time: 0.0852300 seconds
309.045: [GC [PSYoungGen: 12747K->726K(14848K)] 21566K->9545K(48640K), 0.0006850 secs] [Times: user=0.00 sys=0.00, real=0.01 secs] 
309.046: Total time for which application threads were stopped: 0.0450700 seconds, Stopping threads took: 0.0443040 seconds
309.133: Application time: 0.0873840 seconds
309.205: [GC [PSYoungGen: 13517K->531K(14848K)] 22336K->9350K(48640K), 0.0004970 secs] [Times: user=0.00 sys=0.00, real=0.01 secs] 
309.205: Total time for which application threads were stopped: 0.0723940 seconds, Stopping threads took: 0.0718190 seconds
309.294: Application time: 0.0882720 seconds
309.358: [GC [PSYoungGen: 13322K->1442K(14848K)] 22141K->10269K(48640K), 0.0006890 secs] [Times: user=0.00 sys=0.00, real=0.00 secs] 
309.358: Total time for which application threads were stopped: 0.0646720 seconds, Stopping threads took: 0.0638910 seconds
309.448: Application time: 0.0890830 seconds
309.519: [GC [PSYoungGen: 14057K->1133K(14848K)] 22884K->9968K(48640K), 0.0006630 secs] [Times: user=0.00 sys=0.00, real=0.00 secs] 
309.519: Total time for which application threads were stopped: 0.0717120 seconds, Stopping threads took: 0.0709740 seconds
309.624: Application time: 0.1048080 seconds
309.701: [GC [PSYoungGen: 13807K->742K(14848K)] 22642K->9585K(48640K), 0.0004720 secs] [Times: user=0.00 sys=0.00, real=0.00 secs] 
309.702: Total time for which application threads were stopped: 0.0776170 seconds, Stopping threads took: 0.0770630 seconds
309.789: Application time: 0.0868990 seconds
309.854: [GC [PSYoungGen: 13455K->547K(14848K)] 22298K->9398K(48640K), 0.0007290 secs] [Times: user=0.00 sys=0.00, real=0.00 secs] 
309.855: Total time for which application threads were stopped: 0.0664930 seconds, Stopping threads took: 0.0656930 seconds
309.944: Application time: 0.0888650 seconds
310.014: [GC [PSYoungGen: 13260K->352K(14848K)] 22111K->9210K(48640K), 0.0006600 secs] [Times: user=0.00 sys=0.00, real=0.00 secs] 
310.015: Total time for which application threads were stopped: 0.0708340 seconds, Stopping threads took: 0.0700930 seconds
310.100: Application time: 0.0852740 seconds
310.147: [GC [PSYoungGen: 12967K->1149K(14848K)] 21826K->10008K(48640K), 0.0006430 secs] [Times: user=0.00 sys=0.00, real=0.00 secs] 
310.148: Total time for which application threads were stopped: 0.0477150 seconds, Stopping threads took: 0.0469910 seconds
310.238: Application time: 0.0899870 seconds
310.306: [GC [PSYoungGen: 13745K->774K(14848K)] 22604K->9641K(48640K), 0.0005960 secs] [Times: user=0.01 sys=0.00, real=0.00 secs] 
310.307: Total time for which application threads were stopped: 0.0689520 seconds, Stopping threads took: 0.0682800 seconds
310.397: Application time: 0.0902020 seconds
310.478: [GC [PSYoungGen: 13390K->1572K(14848K)] 22256K->10446K(48640K), 0.0007510 secs] [Times: user=0.01 sys=0.00, real=0.00 secs] 
310.479: Total time for which application threads were stopped: 0.0817960 seconds, Stopping threads took: 0.0809680 seconds
310.581: Application time: 0.1021050 seconds
310.655: [GC [PSYoungGen: 14285K->1328K(14848K)] 23159K->10203K(48640K), 0.0009270 secs] [Times: user=0.01 sys=0.00, real=0.00 secs] 
310.656: Total time for which application threads were stopped: 0.0754400 seconds, Stopping threads took: 0.0744090 seconds
310.764: Application time: 0.1079960 seconds
310.840: [GC [PSYoungGen: 13807K->790K(14848K)] 22682K->9665K(48640K), 0.0005760 secs] [Times: user=0.00 sys=0.00, real=0.00 secs] 
310.841: Total time for which application threads were stopped: 0.0767540 seconds, Stopping threads took: 0.0760740 seconds
310.929: Application time: 0.0876520 seconds
311.001: [GC [PSYoungGen: 13581K->547K(14848K)] 22456K->9422K(48640K), 0.0005530 secs] [Times: user=0.00 sys=0.00, real=0.00 secs] 
311.001: Total time for which application threads were stopped: 0.0725020 seconds, Stopping threads took: 0.0718610 seconds
311.089: Application time: 0.0879360 seconds
311.146: [GC [PSYoungGen: 13338K->368K(14848K)] 22213K->9250K(48640K), 0.0005740 secs] [Times: user=0.00 sys=0.00, real=0.00 secs] 
311.147: Total time for which application threads were stopped: 0.0577380 seconds, Stopping threads took: 0.0570930 seconds
311.226: Application time: 0.0790420 seconds
311.268: [GC [PSYoungGen: 13140K->1101K(14848K)] 22022K->9984K(48640K), 0.0005610 secs] [Times: user=0.00 sys=0.00, real=0.00 secs] 
311.269: Total time for which application threads were stopped: 0.0428640 seconds, Stopping threads took: 0.0422330 seconds
311.356: Application time: 0.0873680 seconds
311.416: [GC [PSYoungGen: 13794K->1930K(14848K)] 22677K->10821K(48640K), 0.0008560 secs] [Times: user=0.00 sys=0.00, real=0.00 secs] 
311.417: Total time for which application threads were stopped: 0.0609600 seconds, Stopping threads took: 0.0600250 seconds
311.499: Application time: 0.0818540 seconds
311.567: [GC [PSYoungGen: 14546K->563K(14848K)] 23436K->9462K(48640K), 0.0004820 secs] [Times: user=0.01 sys=0.00, real=0.00 secs] 
311.568: Total time for which application threads were stopped: 0.0690430 seconds, Stopping threads took: 0.0684790 seconds
311.650: Application time: 0.0824950 seconds
311.715: [GC [PSYoungGen: 13276K->336K(14848K)] 22175K->9242K(48640K), 0.0005690 secs] [Times: user=0.01 sys=0.00, real=0.00 secs] 
311.716: Total time for which application threads were stopped: 0.0653240 seconds, Stopping threads took: 0.0646760 seconds
311.794: Application time: 0.0777730 seconds
311.833: [GC [PSYoungGen: 12951K->1245K(14848K)] 21858K->10152K(48640K), 0.0005660 secs] [Times: user=0.00 sys=0.00, real=0.00 secs] 
311.834: Total time for which application threads were stopped: 0.0402130 seconds, Stopping threads took: 0.0395780 seconds
311.934: Application time: 0.1004560 seconds
312.004: [GC [PSYoungGen: 13841K->758K(14848K)] 22748K->9673K(48640K), 0.0004870 secs] [Times: user=0.00 sys=0.00, real=0.00 secs] 
312.004: Total time for which application threads were stopped: 0.0700310 seconds, Stopping threads took: 0.0694660 seconds
312.093: Application time: 0.0882370 seconds
312.146: [GC [PSYoungGen: 13452K->2044K(14848K)] 22367K->11545K(48640K), 0.0011670 secs] [Times: user=0.00 sys=0.00, real=0.00 secs] 
312.147: Total time for which application threads were stopped: 0.0549060 seconds, Stopping threads took: 0.0536470 seconds
312.230: Application time: 0.0825010 seconds
312.301: [GC [PSYoungGen: 14757K->1312K(14848K)] 24258K->10813K(48640K), 0.0006800 secs] [Times: user=0.00 sys=0.01, real=0.00 secs] 
312.302: Total time for which application threads were stopped: 0.0717210 seconds, Stopping threads took: 0.0709440 seconds
312.405: Application time: 0.1032310 seconds
312.469: [GC [PSYoungGen: 14103K->1149K(14848K)] 23604K->10650K(48640K), 0.0006260 secs] [Times: user=0.01 sys=0.00, real=0.00 secs] 
312.469: Total time for which application threads were stopped: 0.0643320 seconds, Stopping threads took: 0.0636090 seconds
312.571: Application time: 0.1022160 seconds
312.635: [GC [PSYoungGen: 13745K->758K(14848K)] 23246K->10267K(48640K), 0.0005370 secs] [Times: user=0.00 sys=0.00, real=0.00 secs] 
312.636: Total time for which application threads were stopped: 0.0642930 seconds, Stopping threads took: 0.0636730 seconds
312.724: Application time: 0.0881010 seconds
312.797: [GC [PSYoungGen: 13549K->531K(14848K)] 23058K->10040K(48640K), 0.0005130 secs] [Times: user=0.00 sys=0.00, real=0.00 secs] 
312.797: Total time for which application threads were stopped: 0.0732770 seconds, Stopping threads took: 0.0726920 seconds
312.880: Application time: 0.0825890 seconds
312.936: [GC [PSYoungGen: 13322K->368K(14848K)] 22831K->9876K(48640K), 0.0005120 secs] [Times: user=0.00 sys=0.00, real=0.00 secs] 
312.937: Total time for which application threads were stopped: 0.0569140 seconds, Stopping threads took: 0.0563250 seconds
313.015: Application time: 0.0786190 seconds
313.058: [GC [PSYoungGen: 13061K->1117K(14848K)] 22570K->10634K(48640K), 0.0006190 secs] [Times: user=0.00 sys=0.00, real=0.00 secs] 
313.060: Total time for which application threads were stopped: 0.0446350 seconds, Stopping threads took: 0.0430260 seconds
313.142: Application time: 0.0825990 seconds
313.210: [GC [PSYoungGen: 13635K->790K(14848K)] 23151K->10315K(48640K), 0.0007090 secs] [Times: user=0.00 sys=0.00, real=0.00 secs] 
313.210: Total time for which application threads were stopped: 0.0678170 seconds, Stopping threads took: 0.0670210 seconds
313.293: Application time: 0.0829700 seconds
313.332: [GC [PSYoungGen: 13484K->1524K(14848K)] 23009K->11056K(48640K), 0.0007370 secs] [Times: user=0.00 sys=0.01, real=0.00 secs] 
313.333: Total time for which application threads were stopped: 0.0393350 seconds, Stopping threads took: 0.0385160 seconds
313.430: Application time: 0.0973840 seconds
313.500: [GC [PSYoungGen: 14315K->1360K(14848K)] 23847K->10901K(48640K), 0.0006830 secs] [Times: user=0.00 sys=0.00, real=0.00 secs] 
313.500: Total time for which application threads were stopped: 0.0704500 seconds, Stopping threads took: 0.0696760 seconds
313.584: Application time: 0.0833470 seconds
313.644: [GC [PSYoungGen: 13956K->1002K(14848K)] 23497K->10550K(48640K), 0.0005860 secs] [Times: user=0.00 sys=0.00, real=0.00 secs] 
313.645: Total time for which application threads were stopped: 0.0606790 seconds, Stopping threads took: 0.0600220 seconds
313.741: Application time: 0.0961350 seconds
313.805: [GC [PSYoungGen: 13715K->726K(14848K)] 23263K->10275K(48640K), 0.0004940 secs] [Times: user=0.00 sys=0.00, real=0.00 secs] 
313.806: Total time for which application threads were stopped: 0.0651780 seconds, Stopping threads took: 0.0646050 seconds
313.888: Application time: 0.0826170 seconds
313.952: [GC [PSYoungGen: 13517K->547K(14848K)] 23066K->10096K(48640K), 0.0005470 secs] [Times: user=0.00 sys=0.00, real=0.00 secs] 
313.953: Total time for which application threads were stopped: 0.0643500 seconds, Stopping threads took: 0.0637140 seconds
314.047: Application time: 0.0943830 seconds
314.115: [GC [PSYoungGen: 13338K->320K(14848K)] 22887K->9868K(48640K), 0.0006130 secs] [Times: user=0.00 sys=0.00, real=0.00 secs] 
314.116: Total time for which application threads were stopped: 0.0684010 seconds, Stopping threads took: 0.0677010 seconds
314.193: Application time: 0.0775240 seconds
314.235: [GC [PSYoungGen: 12935K->1149K(14848K)] 22484K->10706K(48640K), 0.0006410 secs] [Times: user=0.01 sys=0.00, real=0.00 secs] 
314.235: Total time for which application threads were stopped: 0.0423810 seconds, Stopping threads took: 0.0416750 seconds
314.323: Application time: 0.0877450 seconds
314.381: [GC [PSYoungGen: 13940K->954K(14848K)] 23497K->10518K(48640K), 0.0007780 secs] [Times: user=0.00 sys=0.01, real=0.00 secs] 
314.382: Total time for which application threads were stopped: 0.0586360 seconds, Stopping threads took: 0.0577770 seconds
314.466: Application time: 0.0839650 seconds
314.531: [GC [PSYoungGen: 13667K->774K(14848K)] 23231K->10339K(48640K), 0.0005870 secs] [Times: user=0.00 sys=0.00, real=0.00 secs] 
314.532: Total time for which application threads were stopped: 0.0660100 seconds, Stopping threads took: 0.0653360 seconds
314.613: Application time: 0.0811590 seconds
314.681: [GC [PSYoungGen: 13446K->352K(14848K)] 23011K->9924K(48640K), 0.0004570 secs] [Times: user=0.00 sys=0.00, real=0.00 secs] 
314.681: Total time for which application threads were stopped: 0.0681300 seconds, Stopping threads took: 0.0675760 seconds
314.760: Application time: 0.0792030 seconds
314.802: [GC [PSYoungGen: 13045K->1197K(14848K)] 22618K->10778K(48640K), 0.0005780 secs] [Times: user=0.01 sys=0.00, real=0.00 secs] 
314.802: Total time for which application threads were stopped: 0.0421190 seconds, Stopping threads took: 0.0414750 seconds
314.886: Application time: 0.0835570 seconds
314.941: [GC [PSYoungGen: 13793K->742K(14848K)] 23374K->10331K(48640K), 0.0005230 secs] [Times: user=0.00 sys=0.00, real=0.00 secs] 
314.941: Total time for which application threads were stopped: 0.0552450 seconds, Stopping threads took: 0.0546470 seconds
315.025: Application time: 0.0833380 seconds
315.090: [GC [PSYoungGen: 13533K->515K(14848K)] 23122K->10112K(48640K), 0.0004590 secs] [Times: user=0.00 sys=0.00, real=0.00 secs] 
315.090: Total time for which application threads were stopped: 0.0656530 seconds, Stopping threads took: 0.0651080 seconds
315.171: Application time: 0.0808090 seconds
315.225: [GC [PSYoungGen: 13228K->304K(14848K)] 22825K->9908K(48640K), 0.0005660 secs] [Times: user=0.00 sys=0.00, real=0.00 secs] 
315.226: Total time for which application threads were stopped: 0.0548710 seconds, Stopping threads took: 0.0542110 seconds
315.307: Application time: 0.0808090 seconds
315.360: [GC [PSYoungGen: 12919K->1149K(14848K)] 22524K->10754K(48640K), 0.0006270 secs] [Times: user=0.00 sys=0.00, real=0.00 secs] 
315.360: Total time for which application threads were stopped: 0.0535300 seconds, Stopping threads took: 0.0528350 seconds
315.445: Application time: 0.0842930 seconds
315.510: [GC [PSYoungGen: 13667K->726K(14848K)] 23271K->10339K(48640K), 0.0006760 secs] [Times: user=0.01 sys=0.00, real=0.00 secs] 
315.510: Total time for which application threads were stopped: 0.0658390 seconds, Stopping threads took: 0.0650780 seconds
315.596: Application time: 0.0860390 seconds
315.653: [GC [PSYoungGen: 13518K->1962K(14848K)] 23130K->12364K(48640K), 0.0011680 secs] [Times: user=0.00 sys=0.00, real=0.01 secs] 
315.654: Total time for which application threads were stopped: 0.0574160 seconds, Stopping threads took: 0.0561500 seconds
315.737: Application time: 0.0826010 seconds
315.807: [GC [PSYoungGen: 14675K->1442K(14848K)] 25077K->11852K(48640K), 0.0007530 secs] [Times: user=0.00 sys=0.00, real=0.00 secs] 
315.808: Total time for which application threads were stopped: 0.0713970 seconds, Stopping threads took: 0.0705510 seconds
315.891: Application time: 0.0834510 seconds
315.957: [GC [PSYoungGen: 14135K->1117K(14848K)] 24545K->11527K(48640K), 0.0007810 secs] [Times: user=0.00 sys=0.00, real=0.00 secs] 
315.958: Total time for which application threads were stopped: 0.0665710 seconds, Stopping threads took: 0.0657150 seconds
316.040: Application time: 0.0821440 seconds
316.096: [GC [PSYoungGen: 13869K->758K(14848K)] 24279K->11176K(48640K), 0.0006100 secs] [Times: user=0.00 sys=0.00, real=0.00 secs] 
316.097: Total time for which application threads were stopped: 0.0568020 seconds, Stopping threads took: 0.0560930 seconds
316.179: Application time: 0.0816530 seconds
316.245: [GC [PSYoungGen: 13471K->515K(14848K)] 23889K->10941K(48640K), 0.0006680 secs] [Times: user=0.01 sys=0.00, real=0.00 secs] 
316.246: Total time for which application threads were stopped: 0.0673030 seconds, Stopping threads took: 0.0665420 seconds
316.326: Application time: 0.0805340 seconds
316.386: [GC [PSYoungGen: 13306K->1362K(14848K)] 23732K->11788K(48640K), 0.0006920 secs] [Times: user=0.00 sys=0.00, real=0.00 secs] 
316.387: Total time for which application threads were stopped: 0.0605960 seconds, Stopping threads took: 0.0598130 seconds
316.471: Application time: 0.0840230 seconds
316.536: [GC [PSYoungGen: 13977K->1149K(14848K)] 24403K->11583K(48640K), 0.0006670 secs] [Times: user=0.01 sys=0.00, real=0.00 secs] 
316.537: Total time for which application threads were stopped: 0.0660410 seconds, Stopping threads took: 0.0652790 seconds
316.621: Application time: 0.0842410 seconds
316.676: [GC [PSYoungGen: 13745K->758K(14848K)] 24179K->11192K(48640K), 0.0006240 secs] [Times: user=0.00 sys=0.00, real=0.00 secs] 
316.677: Total time for which application threads were stopped: 0.0553060 seconds, Stopping threads took: 0.0546030 seconds
316.760: Application time: 0.0831530 seconds
316.825: [GC [PSYoungGen: 13549K->579K(14848K)] 23984K->11021K(48640K), 0.0005160 secs] [Times: user=0.00 sys=0.00, real=0.00 secs] 
316.825: Total time for which application threads were stopped: 0.0652980 seconds, Stopping threads took: 0.0647100 seconds
316.906: Application time: 0.0811230 seconds
316.965: [GC [PSYoungGen: 13370K->336K(14848K)] 23812K->10786K(48640K), 0.0004230 secs] [Times: user=0.01 sys=0.00, real=0.01 secs] 
316.965: Total time for which application threads were stopped: 0.0592990 seconds, Stopping threads took: 0.0588090 seconds
317.043: Application time: 0.0778270 seconds
317.087: [GC [PSYoungGen: 12951K->1165K(14848K)] 23401K->11623K(48640K), 0.0005950 secs] [Times: user=0.00 sys=0.00, real=0.00 secs] 
317.088: Total time for which application threads were stopped: 0.0443350 seconds, Stopping threads took: 0.0436710 seconds
317.171: Application time: 0.0829570 seconds
317.236: [GC [PSYoungGen: 13761K->678K(14848K)] 24219K->11144K(48640K), 0.0006980 secs] [Times: user=0.01 sys=0.00, real=0.00 secs] 
317.236: Total time for which application threads were stopped: 0.0656840 seconds, Stopping threads took: 0.0648820 seconds
317.318: Application time: 0.0819480 seconds
317.360: [GC [PSYoungGen: 13294K->1556K(14848K)] 23760K->12022K(48640K), 0.0007400 secs] [Times: user=0.00 sys=0.00, real=0.00 secs] 
317.361: Total time for which application threads were stopped: 0.0427660 seconds, Stopping threads took: 0.0419300 seconds
317.458: Application time: 0.0971550 seconds
317.525: [GC [PSYoungGen: 14269K->1376K(14848K)] 24735K->11842K(48640K), 0.0007400 secs] [Times: user=0.00 sys=0.00, real=0.00 secs] 
317.526: Total time for which application threads were stopped: 0.0679350 seconds, Stopping threads took: 0.0671040 seconds
317.635: Application time: 0.1091840 seconds
317.695: [GC [PSYoungGen: 14167K->1085K(14848K)] 24634K->11551K(48640K), 0.0005670 secs] [Times: user=0.01 sys=0.00, real=0.00 secs] 
317.696: Total time for which application threads were stopped: 0.0604810 seconds, Stopping threads took: 0.0598230 seconds
317.794: Application time: 0.0985560 seconds
317.862: [GC [PSYoungGen: 13759K->758K(14848K)] 24225K->11232K(48640K), 0.0007940 secs] [Times: user=0.00 sys=0.00, real=0.00 secs] 
317.863: Total time for which application threads were stopped: 0.0687670 seconds, Stopping threads took: 0.0678780 seconds
317.946: Application time: 0.0830700 seconds
318.010: [GC [PSYoungGen: 13471K->595K(14848K)] 23945K->11069K(48640K), 0.0005130 secs] [Times: user=0.01 sys=0.00, real=0.00 secs] 
318.011: Total time for which application threads were stopped: 0.0644970 seconds, Stopping threads took: 0.0639150 seconds
318.093: Application time: 0.0827190 seconds
318.154: [GC [PSYoungGen: 13386K->304K(14848K)] 23860K->10786K(48640K), 0.0007000 secs] [Times: user=0.00 sys=0.00, real=0.00 secs] 
318.154: Total time for which application threads were stopped: 0.0608460 seconds, Stopping threads took: 0.0600550 seconds
318.233: Application time: 0.0786190 seconds
318.273: [GC [PSYoungGen: 12997K->1165K(14848K)] 23479K->11655K(48640K), 0.0006130 secs] [Times: user=0.00 sys=0.00, real=0.01 secs] 
318.273: Total time for which application threads were stopped: 0.0406030 seconds, Stopping threads took: 0.0399180 seconds
318.365: Application time: 0.0919910 seconds
318.437: [GC [PSYoungGen: 13839K->742K(14848K)] 24329K->11232K(48640K), 0.0005380 secs] [Times: user=0.00 sys=0.00, real=0.00 secs] 
318.438: Total time for which application threads were stopped: 0.0724700 seconds, Stopping threads took: 0.0718480 seconds
318.522: Application time: 0.0835960 seconds
318.584: [GC [PSYoungGen: 13533K->627K(14848K)] 24024K->11125K(48640K), 0.0005320 secs] [Times: user=0.00 sys=0.00, real=0.00 secs] 
318.585: Total time for which application threads were stopped: 0.0632210 seconds, Stopping threads took: 0.0626180 seconds
318.667: Application time: 0.0819210 seconds
318.726: [GC [PSYoungGen: 13340K->304K(14848K)] 23838K->10802K(48640K), 0.0003990 secs] [Times: user=0.00 sys=0.00, real=0.00 secs] 
318.727: Total time for which application threads were stopped: 0.0602180 seconds, Stopping threads took: 0.0597530 seconds
318.805: Application time: 0.0779080 seconds
318.849: [GC [PSYoungGen: 12919K->1865K(14848K)] 23417K->12761K(48640K), 0.0009620 secs] [Times: user=0.01 sys=0.00, real=0.00 secs] 
318.850: Total time for which application threads were stopped: 0.0452280 seconds, Stopping threads took: 0.0441940 seconds
318.934: Application time: 0.0842530 seconds
318.998: [GC [PSYoungGen: 14382K->1833K(14848K)] 25279K->12737K(48640K), 0.0009320 secs] [Times: user=0.01 sys=0.00, real=0.00 secs] 
318.999: Total time for which application threads were stopped: 0.0643760 seconds, Stopping threads took: 0.0633620 seconds
319.082: Application time: 0.0833370 seconds
319.158: [GC [PSYoungGen: 14546K->547K(14848K)] 25450K->11460K(48640K), 0.0005390 secs] [Times: user=0.00 sys=0.00, real=0.00 secs] 
319.159: Total time for which application threads were stopped: 0.0767950 seconds, Stopping threads took: 0.0761860 seconds
319.247: Application time: 0.0880450 seconds
319.318: [GC [PSYoungGen: 13260K->272K(14848K)] 24173K->11184K(48640K), 0.0005130 secs] [Times: user=0.00 sys=0.00, real=0.00 secs] 
319.318: Total time for which application threads were stopped: 0.0716310 seconds, Stopping threads took: 0.0710360 seconds
319.404: Application time: 0.0853620 seconds
319.450: [GC [PSYoungGen: 12887K->1149K(14848K)] 23800K->12070K(48640K), 0.0008530 secs] [Times: user=0.00 sys=0.00, real=0.00 secs] 
319.451: Total time for which application threads were stopped: 0.0467970 seconds, Stopping threads took: 0.0458510 seconds
319.561: Application time: 0.1101420 seconds
319.630: [GC [PSYoungGen: 13784K->595K(14848K)] 24705K->11516K(48640K), 0.0006910 secs] [Times: user=0.00 sys=0.00, real=0.00 secs] 
319.631: Total time for which application threads were stopped: 0.0702250 seconds, Stopping threads took: 0.0694510 seconds
319.731: Application time: 0.0996530 seconds
319.805: [GC [PSYoungGen: 13289K->1392K(14848K)] 24209K->12313K(48640K), 0.0007020 secs] [Times: user=0.01 sys=0.00, real=0.01 secs] 
319.805: Total time for which application threads were stopped: 0.0747970 seconds, Stopping threads took: 0.0740230 seconds
319.908: Application time: 0.1027520 seconds
319.978: [GC [PSYoungGen: 14183K->1149K(14848K)] 25104K->12078K(48640K), 0.0005730 secs] [Times: user=0.00 sys=0.00, real=0.00 secs] 
319.979: Total time for which application threads were stopped: 0.0707800 seconds, Stopping threads took: 0.0701380 seconds
320.071: Application time: 0.0919120 seconds
320.146: [GC [PSYoungGen: 13823K->790K(14848K)] 24752K->11727K(48640K), 0.0005220 secs] [Times: user=0.00 sys=0.00, real=0.00 secs] 
320.146: Total time for which application threads were stopped: 0.0753860 seconds, Stopping threads took: 0.0747790 seconds
320.245: Application time: 0.0983880 seconds
320.321: [GC [PSYoungGen: 13503K->547K(14848K)] 24440K->11484K(48640K), 0.0004890 secs] [Times: user=0.00 sys=0.00, real=0.00 secs] 
320.322: Total time for which application threads were stopped: 0.0772960 seconds, Stopping threads took: 0.0767370 seconds
320.411: Application time: 0.0889420 seconds
320.481: [GC [PSYoungGen: 13260K->320K(14848K)] 24197K->11264K(48640K), 0.0004560 secs] [Times: user=0.00 sys=0.00, real=0.00 secs] 
320.481: Total time for which application threads were stopped: 0.0704370 seconds, Stopping threads took: 0.0699110 seconds
320.566: Application time: 0.0845580 seconds
320.610: [GC [PSYoungGen: 12935K->2012K(14848K)] 23880K->13160K(48640K), 0.0009130 secs] [Times: user=0.01 sys=0.00, real=0.00 secs] 
320.611: Total time for which application threads were stopped: 0.0449430 seconds, Stopping threads took: 0.0439560 seconds
320.701: Application time: 0.0897010 seconds
320.773: [GC [PSYoungGen: 14725K->970K(14848K)] 25873K->12126K(48640K), 0.0005480 secs] [Times: user=0.01 sys=0.00, real=0.01 secs] 
320.773: Total time for which application threads were stopped: 0.0725690 seconds, Stopping threads took: 0.0719340 seconds
320.875: Application time: 0.1013720 seconds
320.948: [GC [PSYoungGen: 13683K->774K(14848K)] 24839K->11938K(48640K), 0.0005080 secs] [Times: user=0.01 sys=0.00, real=0.00 secs] 
320.948: Total time for which application threads were stopped: 0.0738510 seconds, Stopping threads took: 0.0732670 seconds
321.040: Application time: 0.0916630 seconds
321.088: [GC [PSYoungGen: 13487K->1962K(14848K)] 24651K->13908K(48640K), 0.0010340 secs] [Times: user=0.00 sys=0.00, real=0.00 secs] 
321.090: Total time for which application threads were stopped: 0.0494300 seconds, Stopping threads took: 0.0483010 seconds
321.201: Application time: 0.1110550 seconds
321.274: [GC [PSYoungGen: 14577K->1392K(14848K)] 26523K->13338K(48640K), 0.0006320 secs] [Times: user=0.00 sys=0.00, real=0.00 secs] 
321.275: Total time for which application threads were stopped: 0.0743920 seconds, Stopping threads took: 0.0736800 seconds
321.385: Application time: 0.1099750 seconds
321.461: [GC [PSYoungGen: 14028K->742K(14848K)] 25973K->12688K(48640K), 0.0005350 secs] [Times: user=0.00 sys=0.00, real=0.00 secs] 
321.462: Total time for which application threads were stopped: 0.0766310 seconds, Stopping threads took: 0.0760170 seconds
321.549: Application time: 0.0878580 seconds
321.612: [GC [PSYoungGen: 13533K->547K(14848K)] 25479K->12492K(48640K), 0.0005170 secs] [Times: user=0.01 sys=0.00, real=0.00 secs] 
321.612: Total time for which application threads were stopped: 0.0629190 seconds, Stopping threads took: 0.0623260 seconds
321.700: Application time: 0.0872310 seconds
321.744: [GC [PSYoungGen: 13162K->1865K(14848K)] 25108K->14396K(48640K), 0.0009320 secs] [Times: user=0.01 sys=0.00, real=0.00 secs] 
321.745: Total time for which application threads were stopped: 0.0451720 seconds, Stopping threads took: 0.0441610 seconds
321.834: Application time: 0.0893910 seconds
321.912: [GC [PSYoungGen: 14617K->1002K(14848K)] 27148K->13533K(48640K), 0.0005810 secs] [Times: user=0.01 sys=0.00, real=0.00 secs] 
321.913: Total time for which application threads were stopped: 0.0789250 seconds, Stopping threads took: 0.0782610 seconds
322.002: Application time: 0.0886700 seconds
322.073: [GC [PSYoungGen: 13715K->806K(14848K)] 26246K->13346K(48640K), 0.0005540 secs] [Times: user=0.00 sys=0.00, real=0.00 secs] 
322.074: Total time for which application threads were stopped: 0.0721260 seconds, Stopping threads took: 0.0714970 seconds
322.165: Application time: 0.0907630 seconds
322.227: [GC [PSYoungGen: 13422K->2044K(14848K)] 25961K->15177K(48640K), 0.0009820 secs] [Times: user=0.01 sys=0.00, real=0.00 secs] 
322.228: Total time for which application threads were stopped: 0.0632430 seconds, Stopping threads took: 0.0621890 seconds
322.329: Application time: 0.1015190 seconds
322.404: [GC [PSYoungGen: 14757K->1328K(14848K)] 27890K->14469K(48640K), 0.0006320 secs] [Times: user=0.00 sys=0.00, real=0.00 secs] 
322.404: Total time for which application threads were stopped: 0.0749980 seconds, Stopping threads took: 0.0742980 seconds
322.513: Application time: 0.1090240 seconds
322.586: [GC [PSYoungGen: 14041K->1165K(14848K)] 27183K->14314K(48640K), 0.0006470 secs] [Times: user=0.00 sys=0.00, real=0.00 secs] 
322.587: Total time for which application threads were stopped: 0.0735370 seconds, Stopping threads took: 0.0728050 seconds
322.677: Application time: 0.0897980 seconds
322.744: [GC [PSYoungGen: 13683K->774K(14848K)] 26832K->13923K(48640K), 0.0005770 secs] [Times: user=0.00 sys=0.00, real=0.00 secs] 
322.745: Total time for which application threads were stopped: 0.0677530 seconds, Stopping threads took: 0.0671050 seconds
322.831: Application time: 0.0869110 seconds
322.894: [GC [PSYoungGen: 13487K->547K(14848K)] 26637K->13696K(48640K), 0.0006710 secs] [Times: user=0.00 sys=0.00, real=0.00 secs] 
322.895: Total time for which application threads were stopped: 0.0632080 seconds, Stopping threads took: 0.0624410 seconds
322.983: Application time: 0.0879750 seconds
323.054: [GC [PSYoungGen: 13338K->304K(14848K)] 26488K->13453K(48640K), 0.0006910 secs] [Times: user=0.00 sys=0.00, real=0.00 secs] 
323.054: Total time for which application threads were stopped: 0.0717630 seconds, Stopping threads took: 0.0709810 seconds
323.134: Application time: 0.0796040 seconds
323.174: [GC [PSYoungGen: 13056K->2044K(14848K)] 26205K->16365K(48640K), 0.0012000 secs] [Times: user=0.00 sys=0.00, real=0.00 secs] 
323.175: Total time for which application threads were stopped: 0.0414440 seconds, Stopping threads took: 0.0396650 seconds
323.277: Application time: 0.1010980 seconds
323.344: [GC [PSYoungGen: 14737K->742K(14848K)] 29059K->15063K(48640K), 0.0007080 secs] [Times: user=0.00 sys=0.00, real=0.00 secs] 
323.344: Total time for which application threads were stopped: 0.0678450 seconds, Stopping threads took: 0.0670450 seconds
323.434: Application time: 0.0901030 seconds
323.500: [GC [PSYoungGen: 13455K->563K(14848K)] 27776K->14884K(48640K), 0.0005800 secs] [Times: user=0.00 sys=0.00, real=0.00 secs] 
323.501: Total time for which application threads were stopped: 0.0663650 seconds, Stopping threads took: 0.0656940 seconds
323.580: Application time: 0.0787020 seconds
323.622: [GC [PSYoungGen: 13335K->1344K(14848K)] 27656K->15665K(48640K), 0.0006480 secs] [Times: user=0.00 sys=0.00, real=0.00 secs] 
323.623: Total time for which application threads were stopped: 0.0430780 seconds, Stopping threads took: 0.0423600 seconds
323.725: Application time: 0.1020560 seconds
323.792: [GC [PSYoungGen: 14136K->1165K(14848K)] 28457K->15494K(48640K), 0.0005810 secs] [Times: user=0.00 sys=0.00, real=0.00 secs] 
323.793: Total time for which application threads were stopped: 0.0681670 seconds, Stopping threads took: 0.0675070 seconds
323.878: Application time: 0.0850000 seconds
323.942: [GC [PSYoungGen: 13683K->758K(14848K)] 28012K->15095K(48640K), 0.0005120 secs] [Times: user=0.00 sys=0.00, real=0.00 secs] 
323.942: Total time for which application threads were stopped: 0.0645630 seconds, Stopping threads took: 0.0639830 seconds
324.026: Application time: 0.0833760 seconds
324.088: [GC [PSYoungGen: 13471K->563K(14848K)] 27809K->14900K(48640K), 0.0004740 secs] [Times: user=0.00 sys=0.00, real=0.00 secs] 
324.088: Total time for which application threads were stopped: 0.0624510 seconds, Stopping threads took: 0.0619150 seconds
324.171: Application time: 0.0828430 seconds
324.235: [GC [PSYoungGen: 13276K->304K(14848K)] 27613K->14657K(48640K), 0.0004990 secs] [Times: user=0.01 sys=0.00, real=0.00 secs] 
324.236: Total time for which application threads were stopped: 0.0648400 seconds, Stopping threads took: 0.0642710 seconds
324.315: Application time: 0.0790580 seconds
324.359: [GC [PSYoungGen: 12919K->1149K(14848K)] 27272K->15502K(48640K), 0.0007630 secs] [Times: user=0.00 sys=0.00, real=0.00 secs] 
324.360: Total time for which application threads were stopped: 0.0447880 seconds, Stopping threads took: 0.0439160 seconds
324.442: Application time: 0.0824230 seconds
324.507: [GC [PSYoungGen: 13745K->758K(14848K)] 28098K->15111K(48640K), 0.0004660 secs] [Times: user=0.00 sys=0.00, real=0.00 secs] 
324.507: Total time for which application threads were stopped: 0.0649550 seconds, Stopping threads took: 0.0644150 seconds
324.595: Application time: 0.0878370 seconds
324.659: [GC [PSYoungGen: 13452K->1556K(14848K)] 27805K->15909K(48640K), 0.0007080 secs] [Times: user=0.00 sys=0.00, real=0.00 secs] 
324.660: Total time for which application threads were stopped: 0.0648460 seconds, Stopping threads took: 0.0640660 seconds
324.760: Application time: 0.1006070 seconds
324.822: [GC [PSYoungGen: 14230K->1165K(14848K)] 28583K->15518K(48640K), 0.0008560 secs] [Times: user=0.01 sys=0.00, real=0.00 secs] 
324.823: Total time for which application threads were stopped: 0.0627380 seconds, Stopping threads took: 0.0618120 seconds
324.925: Application time: 0.1020450 seconds
324.977: [GC [PSYoungGen: 13839K->774K(14848K)] 28192K->15127K(48640K), 0.0007150 secs] [Times: user=0.00 sys=0.00, real=0.00 secs] 
324.977: Total time for which application threads were stopped: 0.0519830 seconds, Stopping threads took: 0.0511590 seconds
325.059: Application time: 0.0821500 seconds
325.126: [GC [PSYoungGen: 13487K->531K(14848K)] 27840K->14884K(48640K), 0.0007510 secs] [Times: user=0.00 sys=0.00, real=0.00 secs] 
325.126: Total time for which application threads were stopped: 0.0668970 seconds, Stopping threads took: 0.0660530 seconds
325.207: Application time: 0.0803590 seconds
325.266: [GC [PSYoungGen: 13244K->304K(14848K)] 27597K->14665K(48640K), 0.0007080 secs] [Times: user=0.00 sys=0.00, real=0.00 secs] 
325.266: Total time for which application threads were stopped: 0.0597510 seconds, Stopping threads took: 0.0589620 seconds
325.345: Application time: 0.0789010 seconds
325.388: [GC [PSYoungGen: 12919K->1197K(14848K)] 27280K->15566K(48640K), 0.0006210 secs] [Times: user=0.00 sys=0.00, real=0.00 secs] 
325.389: Total time for which application threads were stopped: 0.0434230 seconds, Stopping threads took: 0.0427300 seconds
325.493: Application time: 0.1045640 seconds
325.553: [GC [PSYoungGen: 13793K->742K(14848K)] 28162K->15119K(48640K), 0.0005220 secs] [Times: user=0.01 sys=0.00, real=0.00 secs] 
325.554: Total time for which application threads were stopped: 0.0604820 seconds, Stopping threads took: 0.0598800 seconds
325.636: Application time: 0.0826490 seconds
325.702: [GC [PSYoungGen: 13534K->547K(14848K)] 27911K->14924K(48640K), 0.0005170 secs] [Times: user=0.01 sys=0.01, real=0.00 secs] 
325.703: Total time for which application threads were stopped: 0.0662460 seconds, Stopping threads took: 0.0656580 seconds
325.783: Application time: 0.0804390 seconds
325.843: [GC [PSYoungGen: 13260K->352K(14848K)] 27637K->14737K(48640K), 0.0004260 secs] [Times: user=0.00 sys=0.00, real=0.00 secs] 
325.844: Total time for which application threads were stopped: 0.0605700 seconds, Stopping threads took: 0.0600790 seconds
325.922: Application time: 0.0785730 seconds
325.963: [GC [PSYoungGen: 13045K->2028K(14848K)] 27430K->16616K(48640K), 0.0009150 secs] [Times: user=0.01 sys=0.00, real=0.00 secs] 
325.964: Total time for which application threads were stopped: 0.0416950 seconds, Stopping threads took: 0.0407110 seconds
326.047: Application time: 0.0826190 seconds
326.111: [GC [PSYoungGen: 14702K->1865K(14848K)] 29290K->16453K(48640K), 0.0007270 secs] [Times: user=0.00 sys=0.00, real=0.00 secs] 
326.111: Total time for which application threads were stopped: 0.0647260 seconds, Stopping threads took: 0.0639220 seconds
326.194: Application time: 0.0828830 seconds
326.265: [GC [PSYoungGen: 14578K->547K(14848K)] 29166K->15135K(48640K), 0.0005190 secs] [Times: user=0.00 sys=0.00, real=0.01 secs] 
326.265: Total time for which application threads were stopped: 0.0711830 seconds, Stopping threads took: 0.0705930 seconds
326.344: Application time: 0.0786740 seconds
326.385: [GC [PSYoungGen: 13319K->1376K(14848K)] 27907K->15965K(48640K), 0.0006930 secs] [Times: user=0.00 sys=0.00, real=0.01 secs] 
326.386: Total time for which application threads were stopped: 0.0414150 seconds, Stopping threads took: 0.0406500 seconds
326.494: Application time: 0.1086160 seconds
326.560: [GC [PSYoungGen: 14089K->1133K(14848K)] 28678K->15721K(48640K), 0.0005750 secs] [Times: user=0.01 sys=0.00, real=0.00 secs] 
326.561: Total time for which application threads were stopped: 0.0663880 seconds, Stopping threads took: 0.0657380 seconds
326.644: Application time: 0.0834740 seconds
326.696: [GC [PSYoungGen: 13729K->774K(14848K)] 28317K->15371K(48640K), 0.0006310 secs] [Times: user=0.01 sys=0.00, real=0.00 secs] 
326.696: Total time for which application threads were stopped: 0.0523610 seconds, Stopping threads took: 0.0516290 seconds
326.778: Application time: 0.0817870 seconds
326.845: [GC [PSYoungGen: 13487K->547K(14848K)] 28084K->15151K(48640K), 0.0005210 secs] [Times: user=0.00 sys=0.00, real=0.00 secs] 
326.846: Total time for which application threads were stopped: 0.0677660 seconds, Stopping threads took: 0.0671730 seconds
326.931: Application time: 0.0855740 seconds
326.998: [GC [PSYoungGen: 13260K->368K(14848K)] 27865K->14980K(48640K), 0.0004280 secs] [Times: user=0.01 sys=0.00, real=0.00 secs] 
326.998: Total time for which application threads were stopped: 0.0666330 seconds, Stopping threads took: 0.0661410 seconds
327.076: Application time: 0.0775060 seconds
327.117: [GC [PSYoungGen: 12983K->1149K(14848K)] 27596K->15769K(48640K), 0.0006180 secs] [Times: user=0.00 sys=0.00, real=0.00 secs] 
327.118: Total time for which application threads were stopped: 0.0419780 seconds, Stopping threads took: 0.0412880 seconds
327.206: Application time: 0.0882060 seconds
327.276: [GC [PSYoungGen: 13823K->710K(14848K)] 28444K->15331K(48640K), 0.0006850 secs] [Times: user=0.00 sys=0.00, real=0.00 secs] 
327.277: Total time for which application threads were stopped: 0.0708850 seconds, Stopping threads took: 0.0701170 seconds
327.367: Application time: 0.0900990 seconds
327.424: [GC [PSYoungGen: 13502K->547K(14848K)] 28122K->15167K(48640K), 0.0007520 secs] [Times: user=0.00 sys=0.00, real=0.00 secs] 
327.425: Total time for which application threads were stopped: 0.0580850 seconds, Stopping threads took: 0.0572390 seconds
327.513: Application time: 0.0882360 seconds
327.583: [GC [PSYoungGen: 13338K->352K(14848K)] 27959K->14972K(48640K), 0.0004690 secs] [Times: user=0.00 sys=0.00, real=0.00 secs] 
327.583: Total time for which application threads were stopped: 0.0701620 seconds, Stopping threads took: 0.0696020 seconds
327.668: Application time: 0.0849680 seconds
327.715: [GC [PSYoungGen: 13045K->1117K(14848K)] 27666K->15745K(48640K), 0.0005890 secs] [Times: user=0.00 sys=0.00, real=0.00 secs] 
327.715: Total time for which application threads were stopped: 0.0468560 seconds, Stopping threads took: 0.0461950 seconds
327.824: Application time: 0.1093230 seconds
327.870: [GC [PSYoungGen: 13810K->1978K(14848K)] 28439K->16615K(48640K), 0.0009740 secs] [Times: user=0.01 sys=0.00, real=0.00 secs] 
327.871: Total time for which application threads were stopped: 0.0462130 seconds, Stopping threads took: 0.0451380 seconds
327.974: Application time: 0.1036640 seconds
328.030: [GC [PSYoungGen: 14593K->1978K(14848K)] 29230K->17396K(48640K), 0.0010050 secs] [Times: user=0.00 sys=0.00, real=0.00 secs] 
328.031: Total time for which application threads were stopped: 0.0565510 seconds, Stopping threads took: 0.0554680 seconds
328.136: Application time: 0.1047200 seconds
328.213: [GC [PSYoungGen: 14750K->1344K(14848K)] 30168K->16770K(48640K), 0.0008340 secs] [Times: user=0.01 sys=0.00, real=0.01 secs] 
328.214: Total time for which application threads were stopped: 0.0787290 seconds, Stopping threads took: 0.0770100 seconds
328.328: Application time: 0.1141440 seconds
328.396: [GC [PSYoungGen: 14057K->1181K(14848K)] 29483K->16615K(48640K), 0.0007810 secs] [Times: user=0.01 sys=0.00, real=0.00 secs] 
328.397: Total time for which application threads were stopped: 0.0686660 seconds, Stopping threads took: 0.0677850 seconds
328.487: Application time: 0.0894450 seconds
328.559: [GC [PSYoungGen: 13894K->970K(14848K)] 29328K->16403K(48640K), 0.0006030 secs] [Times: user=0.01 sys=0.00, real=0.00 secs] 
328.559: Total time for which application threads were stopped: 0.0727090 seconds, Stopping threads took: 0.0720090 seconds
328.648: Application time: 0.0884390 seconds
328.709: [GC [PSYoungGen: 13683K->758K(14848K)] 29116K->16200K(48640K), 0.0005460 secs] [Times: user=0.01 sys=0.00, real=0.00 secs] 
328.710: Total time for which application threads were stopped: 0.0617380 seconds, Stopping threads took: 0.0611010 seconds
328.798: Application time: 0.0880650 seconds
328.869: [GC [PSYoungGen: 13471K->547K(14848K)] 28913K->15989K(48640K), 0.0005070 secs] [Times: user=0.00 sys=0.00, real=0.00 secs] 
328.869: Total time for which application threads were stopped: 0.0714810 seconds, Stopping threads took: 0.0709030 seconds
328.958: Application time: 0.0885110 seconds
329.017: [GC [PSYoungGen: 13338K->320K(14848K)] 28780K->15769K(48640K), 0.0007030 secs] [Times: user=0.00 sys=0.00, real=0.00 secs] 
329.018: Total time for which application threads were stopped: 0.0603560 seconds, Stopping threads took: 0.0595450 seconds
329.103: Application time: 0.0851790 seconds
329.149: [GC [PSYoungGen: 12935K->1165K(14848K)] 28385K->16615K(48640K), 0.0005940 secs] [Times: user=0.01 sys=0.00, real=0.00 secs] 
329.150: Total time for which application threads were stopped: 0.0469500 seconds, Stopping threads took: 0.0462760 seconds
329.239: Application time: 0.0890670 seconds
329.305: [GC [PSYoungGen: 13800K->531K(14848K)] 29250K->15981K(48640K), 0.0004740 secs] [Times: user=0.01 sys=0.00, real=0.01 secs] 
329.305: Total time for which application threads were stopped: 0.0663230 seconds, Stopping threads took: 0.0657770 seconds
329.395: Application time: 0.0895020 seconds
329.456: [GC [PSYoungGen: 13322K->304K(14848K)] 28772K->15753K(48640K), 0.0005790 secs] [Times: user=0.00 sys=0.00, real=0.00 secs] 
329.456: Total time for which application threads were stopped: 0.0613410 seconds, Stopping threads took: 0.0606960 seconds
329.541: Application time: 0.0848950 seconds
329.587: [GC [PSYoungGen: 12997K->1165K(14848K)] 28447K->16623K(48640K), 0.0008370 secs] [Times: user=0.01 sys=0.00, real=0.00 secs] 
329.588: Total time for which application threads were stopped: 0.0471600 seconds, Stopping threads took: 0.0462230 seconds
329.677: Application time: 0.0890690 seconds
329.752: [GC [PSYoungGen: 13683K->774K(14848K)] 29140K->16240K(48640K), 0.0006960 secs] [Times: user=0.00 sys=0.00, real=0.01 secs] 
329.753: Total time for which application threads were stopped: 0.0756730 seconds, Stopping threads took: 0.0748760 seconds
329.841: Application time: 0.0880260 seconds
329.902: [GC [PSYoungGen: 13487K->579K(14848K)] 28953K->16053K(48640K), 0.0007700 secs] [Times: user=0.00 sys=0.00, real=0.00 secs] 
329.902: Total time for which application threads were stopped: 0.0612250 seconds, Stopping threads took: 0.0603650 seconds
329.992: Application time: 0.0892630 seconds
330.050: [GC [PSYoungGen: 13244K->1408K(14848K)] 28718K->16890K(48640K), 0.0006630 secs] [Times: user=0.00 sys=0.00, real=0.00 secs] 
330.050: Total time for which application threads were stopped: 0.0588130 seconds, Stopping threads took: 0.0580590 seconds
330.156: Application time: 0.1060370 seconds
330.230: [GC [PSYoungGen: 14149K->1133K(14848K)] 29631K->16623K(48640K), 0.0008310 secs] [Times: user=0.00 sys=0.00, real=0.00 secs] 
330.231: Total time for which application threads were stopped: 0.0748350 seconds, Stopping threads took: 0.0738980 seconds
330.320: Application time: 0.0891040 seconds
330.380: [GC [PSYoungGen: 13827K->1946K(14848K)] 29316K->17436K(48640K), 0.0008380 secs] [Times: user=0.00 sys=0.01, real=0.00 secs] 
330.381: Total time for which application threads were stopped: 0.0608290 seconds, Stopping threads took: 0.0598970 seconds
330.486: Application time: 0.1047720 seconds
330.562: [GC [PSYoungGen: 14561K->595K(14848K)] 30051K->16101K(48640K), 0.0005430 secs] [Times: user=0.00 sys=0.00, real=0.00 secs] 
330.562: Total time for which application threads were stopped: 0.0761070 seconds, Stopping threads took: 0.0754890 seconds
330.650: Application time: 0.0878590 seconds
330.715: [GC [PSYoungGen: 13386K->352K(14848K)] 28892K->15857K(48640K), 0.0004720 secs] [Times: user=0.00 sys=0.00, real=0.00 secs] 
330.715: Total time for which application threads were stopped: 0.0652850 seconds, Stopping threads took: 0.0647350 seconds
330.800: Application time: 0.0848510 seconds
330.846: [GC [PSYoungGen: 13123K->2028K(14848K)] 28629K->17729K(48640K), 0.0009540 secs] [Times: user=0.00 sys=0.00, real=0.00 secs] 
330.847: Total time for which application threads were stopped: 0.0471930 seconds, Stopping threads took: 0.0461560 seconds
330.937: Application time: 0.0892190 seconds
331.010: [GC [PSYoungGen: 14546K->774K(14848K)] 30247K->16475K(48640K), 0.0006200 secs] [Times: user=0.01 sys=0.00, real=0.00 secs] 
331.011: Total time for which application threads were stopped: 0.0741430 seconds, Stopping threads took: 0.0734470 seconds
331.098: Application time: 0.0876240 seconds
331.159: [GC [PSYoungGen: 13566K->595K(14848K)] 29267K->16296K(48640K), 0.0007090 secs] [Times: user=0.00 sys=0.00, real=0.00 secs] 
331.160: Total time for which application threads were stopped: 0.0617490 seconds, Stopping threads took: 0.0609670 seconds
331.243: Application time: 0.0825910 seconds
331.309: [GC [PSYoungGen: 13386K->304K(14848K)] 29087K->16013K(48640K), 0.0004800 secs] [Times: user=0.00 sys=0.00, real=0.00 secs] 
331.310: Total time for which application threads were stopped: 0.0668340 seconds, Stopping threads took: 0.0662780 seconds
331.389: Application time: 0.0795980 seconds
331.429: [GC [PSYoungGen: 12997K->2044K(14848K)] 28706K->17948K(48640K), 0.0009220 secs] [Times: user=0.00 sys=0.00, real=0.00 secs] 
331.429: Total time for which application threads were stopped: 0.0403770 seconds, Stopping threads took: 0.0393720 seconds
331.511: Application time: 0.0814040 seconds
331.575: [GC [PSYoungGen: 14659K->1978K(14848K)] 30564K->17891K(48640K), 0.0007450 secs] [Times: user=0.01 sys=0.00, real=0.00 secs] 
331.576: Total time for which application threads were stopped: 0.0652150 seconds, Stopping threads took: 0.0644010 seconds
331.677: Application time: 0.1011040 seconds
331.742: [GC [PSYoungGen: 14574K->1556K(14848K)] 30487K->17476K(48640K), 0.0008520 secs] [Times: user=0.00 sys=0.00, real=0.00 secs] 
331.742: Total time for which application threads were stopped: 0.0652630 seconds, Stopping threads took: 0.0643140 seconds
331.844: Application time: 0.1017520 seconds
331.907: [GC [PSYoungGen: 14269K->1376K(14848K)] 30189K->17305K(48640K), 0.0007030 secs] [Times: user=0.01 sys=0.00, real=0.00 secs] 
331.908: Total time for which application threads were stopped: 0.0637830 seconds, Stopping threads took: 0.0630110 seconds
332.005: Application time: 0.0974650 seconds
332.066: [GC [PSYoungGen: 14089K->1101K(14848K)] 30018K->17029K(48640K), 0.0008290 secs] [Times: user=0.00 sys=0.00, real=0.00 secs] 
332.067: Total time for which application threads were stopped: 0.0617310 seconds, Stopping threads took: 0.0608000 seconds
332.171: Application time: 0.1038210 seconds
332.234: [GC [PSYoungGen: 13814K->970K(14848K)] 29742K->16898K(48640K), 0.0008460 secs] [Times: user=0.00 sys=0.00, real=0.00 secs] 
332.235: Total time for which application threads were stopped: 0.0635360 seconds, Stopping threads took: 0.0625950 seconds
332.322: Application time: 0.0871820 seconds
332.392: [GC [PSYoungGen: 13761K->790K(14848K)] 29689K->16719K(48640K), 0.0007440 secs] [Times: user=0.00 sys=0.00, real=0.01 secs] 
332.393: Total time for which application threads were stopped: 0.0715020 seconds, Stopping threads took: 0.0706700 seconds
332.490: Application time: 0.0968710 seconds
332.560: [GC [PSYoungGen: 13464K->336K(14848K)] 29393K->16272K(48640K), 0.0006220 secs] [Times: user=0.00 sys=0.00, real=0.00 secs] 
332.561: Total time for which application threads were stopped: 0.0707080 seconds, Stopping threads took: 0.0699980 seconds
332.643: Application time: 0.0816600 seconds
332.696: [GC [PSYoungGen: 13029K->1149K(14848K)] 28966K->17093K(48640K), 0.0008050 secs] [Times: user=0.00 sys=0.00, real=0.00 secs] 
332.697: Total time for which application threads were stopped: 0.0540720 seconds, Stopping threads took: 0.0531870 seconds
332.797: Application time: 0.1006820 seconds
332.851: [GC [PSYoungGen: 13842K->1930K(14848K)] 29787K->17875K(48640K), 0.0009750 secs] [Times: user=0.00 sys=0.00, real=0.00 secs] 
332.852: Total time for which application threads were stopped: 0.0551540 seconds, Stopping threads took: 0.0540860 seconds
332.954: Application time: 0.1016850 seconds
333.020: [GC [PSYoungGen: 14624K->579K(14848K)] 30568K->16531K(48640K), 0.0005970 secs] [Times: user=0.00 sys=0.00, real=0.00 secs] 
333.021: Total time for which application threads were stopped: 0.0667480 seconds, Stopping threads took: 0.0660630 seconds
333.104: Application time: 0.0826460 seconds
333.157: [GC [PSYoungGen: 13273K->1328K(14848K)] 29225K->17289K(48640K), 0.0007560 secs] [Times: user=0.01 sys=0.00, real=0.00 secs] 
333.158: Total time for which application threads were stopped: 0.0543840 seconds, Stopping threads took: 0.0535440 seconds
333.240: Application time: 0.0823600 seconds
333.312: [GC [PSYoungGen: 14041K->1165K(14848K)] 30002K->17125K(48640K), 0.0006280 secs] [Times: user=0.00 sys=0.00, real=0.01 secs] 
333.314: Total time for which application threads were stopped: 0.0734690 seconds, Stopping threads took: 0.0717580 seconds
333.397: Application time: 0.0835270 seconds
333.461: [GC [PSYoungGen: 13683K->790K(14848K)] 29643K->16759K(48640K), 0.0005540 secs] [Times: user=0.00 sys=0.00, real=0.00 secs] 
333.462: Total time for which application threads were stopped: 0.0646490 seconds, Stopping threads took: 0.0640030 seconds
333.552: Application time: 0.0896670 seconds
333.609: [GC [PSYoungGen: 13582K->547K(14848K)] 29550K->16523K(48640K), 0.0007730 secs] [Times: user=0.00 sys=0.00, real=0.00 secs] 
333.610: Total time for which application threads were stopped: 0.0583200 seconds, Stopping threads took: 0.0574730 seconds
333.692: Application time: 0.0822080 seconds
333.756: [GC [PSYoungGen: 13260K->336K(14848K)] 29236K->16320K(48640K), 0.0006370 secs] [Times: user=0.00 sys=0.00, real=0.00 secs] 
333.757: Total time for which application threads were stopped: 0.0649570 seconds, Stopping threads took: 0.0642280 seconds
333.835: Application time: 0.0781650 seconds
333.877: [GC [PSYoungGen: 12951K->1117K(14848K)] 28935K->17101K(48640K), 0.0008350 secs] [Times: user=0.00 sys=0.00, real=0.00 secs] 
333.878: Total time for which application threads were stopped: 0.0424130 seconds, Stopping threads took: 0.0414890 seconds
333.960: Application time: 0.0824830 seconds
334.015: [GC [PSYoungGen: 13791K->726K(14848K)] 29776K->16719K(48640K), 0.0006990 secs] [Times: user=0.00 sys=0.00, real=0.00 secs] 
334.016: Total time for which application threads were stopped: 0.0555360 seconds, Stopping threads took: 0.0547470 seconds
334.114: Application time: 0.0980030 seconds
334.174: [GC [PSYoungGen: 13400K->320K(14848K)] 29393K->16312K(48640K), 0.0004630 secs] [Times: user=0.00 sys=0.00, real=0.00 secs] 
334.175: Total time for which application threads were stopped: 0.0611520 seconds, Stopping threads took: 0.0605950 seconds
334.253: Application time: 0.0780340 seconds
334.296: [GC [PSYoungGen: 12935K->1133K(14848K)] 28927K->17125K(48640K), 0.0005960 secs] [Times: user=0.00 sys=0.00, real=0.00 secs] 
334.297: Total time for which application threads were stopped: 0.0441480 seconds, Stopping threads took: 0.0434800 seconds
334.380: Application time: 0.0834000 seconds
334.441: [GC [PSYoungGen: 13807K->774K(14848K)] 29799K->16767K(48640K), 0.0006920 secs] [Times: user=0.00 sys=0.00, real=0.00 secs] 
334.442: Total time for which application threads were stopped: 0.0613970 seconds, Stopping threads took: 0.0606040 seconds
334.527: Application time: 0.0856140 seconds
334.567: [GC [PSYoungGen: 13468K->1880K(14848K)] 29460K->18662K(48640K), 0.0012260 secs] [Times: user=0.01 sys=0.00, real=0.00 secs] 
334.568: Total time for which application threads were stopped: 0.0406180 seconds, Stopping threads took: 0.0393050 seconds
334.678: Application time: 0.1098080 seconds
334.747: [GC [PSYoungGen: 14593K->1312K(14848K)] 31375K->18102K(48640K), 0.0006820 secs] [Times: user=0.01 sys=0.00, real=0.00 secs] 
334.748: Total time for which application threads were stopped: 0.0698050 seconds, Stopping threads took: 0.0690520 seconds
334.850: Application time: 0.1022820 seconds
334.921: [GC [PSYoungGen: 14025K->1149K(14848K)] 30815K->17947K(48640K), 0.0007010 secs] [Times: user=0.00 sys=0.00, real=0.00 secs] 
334.921: Total time for which application threads were stopped: 0.0714360 seconds, Stopping threads took: 0.0706430 seconds
335.025: Application time: 0.1037910 seconds
335.073: [GC [PSYoungGen: 13667K->790K(14848K)] 30464K->17596K(48640K), 0.0007400 secs] [Times: user=0.00 sys=0.00, real=0.01 secs] 
335.074: Total time for which application threads were stopped: 0.0483640 seconds, Stopping threads took: 0.0475460 seconds
335.162: Application time: 0.0886900 seconds
335.224: [GC [PSYoungGen: 13553K->579K(14848K)] 30359K->17393K(48640K), 0.0005680 secs] [Times: user=0.01 sys=0.00, real=0.00 secs] 
335.225: Total time for which application threads were stopped: 0.0626790 seconds, Stopping threads took: 0.0620450 seconds
335.306: Application time: 0.0812370 seconds
335.372: [GC [PSYoungGen: 13320K->320K(14848K)] 30134K->17141K(48640K), 0.0004890 secs] [Times: user=0.00 sys=0.00, real=0.00 secs] 
335.372: Total time for which application threads were stopped: 0.0658890 seconds, Stopping threads took: 0.0653320 seconds
335.450: Application time: 0.0782380 seconds
335.494: [GC [PSYoungGen: 13013K->1197K(14848K)] 29835K->18019K(48640K), 0.0005700 secs] [Times: user=0.00 sys=0.00, real=0.00 secs] 
335.494: Total time for which application threads were stopped: 0.0440770 seconds, Stopping threads took: 0.0434420 seconds
335.578: Application time: 0.0833680 seconds
335.641: [GC [PSYoungGen: 13715K->790K(14848K)] 30536K->17612K(48640K), 0.0006510 secs] [Times: user=0.00 sys=0.00, real=0.00 secs] 
335.642: Total time for which application threads were stopped: 0.0637850 seconds, Stopping threads took: 0.0630510 seconds
335.723: Application time: 0.0814240 seconds
335.780: [GC [PSYoungGen: 13464K->336K(14848K)] 30286K->17165K(48640K), 0.0006490 secs] [Times: user=0.00 sys=0.00, real=0.00 secs] 
335.780: Total time for which application threads were stopped: 0.0573650 seconds, Stopping threads took: 0.0566250 seconds
335.859: Application time: 0.0784270 seconds
335.901: [GC [PSYoungGen: 13107K->1149K(14848K)] 29937K->17979K(48640K), 0.0005960 secs] [Times: user=0.00 sys=0.00, real=0.00 secs] 
335.902: Total time for which application threads were stopped: 0.0431940 seconds, Stopping threads took: 0.0425190 seconds
335.985: Application time: 0.0831270 seconds
336.049: [GC [PSYoungGen: 13823K->758K(14848K)] 30653K->17588K(48640K), 0.0005550 secs] [Times: user=0.00 sys=0.00, real=0.00 secs] 
336.049: Total time for which application threads were stopped: 0.0640510 seconds, Stopping threads took: 0.0634170 seconds
336.131: Application time: 0.0816310 seconds
336.196: [GC [PSYoungGen: 13471K->547K(14848K)] 30301K->17385K(48640K), 0.0005400 secs] [Times: user=0.00 sys=0.00, real=0.00 secs] 
336.196: Total time for which application threads were stopped: 0.0653210 seconds, Stopping threads took: 0.0647080 seconds
336.278: Application time: 0.0818550 seconds
336.337: [GC [PSYoungGen: 13260K->352K(14848K)] 30098K->17197K(48640K), 0.0004690 secs] [Times: user=0.00 sys=0.00, real=0.00 secs] 
336.337: Total time for which application threads were stopped: 0.0590790 seconds, Stopping threads took: 0.0585290 seconds
336.416: Application time: 0.0793150 seconds
336.459: [GC [PSYoungGen: 12967K->1149K(14848K)] 29813K->17995K(48640K), 0.0006020 secs] [Times: user=0.00 sys=0.00, real=0.00 secs] 
336.460: Total time for which application threads were stopped: 0.0437090 seconds, Stopping threads took: 0.0430350 seconds
336.545: Application time: 0.0851410 seconds
336.610: [GC [PSYoungGen: 13862K->1002K(14848K)] 30708K->17855K(48640K), 0.0005050 secs] [Times: user=0.01 sys=0.00, real=0.00 secs] 
336.610: Total time for which application threads were stopped: 0.0651840 seconds, Stopping threads took: 0.0646150 seconds
336.693: Application time: 0.0830000 seconds
336.756: [GC [PSYoungGen: 13715K->790K(14848K)] 30568K->17652K(48640K), 0.0005750 secs] [Times: user=0.00 sys=0.00, real=0.00 secs] 
336.757: Total time for which application threads were stopped: 0.0633230 seconds, Stopping threads took: 0.0626700 seconds
336.858: Application time: 0.1014640 seconds
336.923: [GC [PSYoungGen: 13503K->595K(14848K)] 30365K->17457K(48640K), 0.0004520 secs] [Times: user=0.01 sys=0.00, real=0.00 secs] 
336.924: Total time for which application threads were stopped: 0.0654710 seconds, Stopping threads took: 0.0649460 seconds
337.011: Application time: 0.0873070 seconds
337.072: [GC [PSYoungGen: 13367K->1360K(14848K)] 30229K->18222K(48640K), 0.0009320 secs] [Times: user=0.00 sys=0.00, real=0.00 secs] 
337.073: Total time for which application threads were stopped: 0.0619890 seconds, Stopping threads took: 0.0609710 seconds
337.176: Application time: 0.1033380 seconds
337.243: [GC [PSYoungGen: 14151K->1149K(14848K)] 31013K->18011K(48640K), 0.0007830 secs] [Times: user=0.00 sys=0.00, real=0.00 secs] 
337.244: Total time for which application threads were stopped: 0.0671950 seconds, Stopping threads took: 0.0663250 seconds
337.335: Application time: 0.0916870 seconds
337.402: [GC [PSYoungGen: 13823K->758K(14848K)] 30685K->17620K(48640K), 0.0004850 secs] [Times: user=0.00 sys=0.00, real=0.00 secs] 
337.403: Total time for which application threads were stopped: 0.0677960 seconds, Stopping threads took: 0.0672320 seconds
337.486: Application time: 0.0830600 seconds
337.543: [GC [PSYoungGen: 13550K->563K(14848K)] 30411K->17433K(48640K), 0.0005980 secs] [Times: user=0.00 sys=0.00, real=0.00 secs] 
337.543: Total time for which application threads were stopped: 0.0574360 seconds, Stopping threads took: 0.0567480 seconds
337.622: Application time: 0.0782780 seconds
337.664: [GC [PSYoungGen: 13335K->1328K(14848K)] 30205K->18206K(48640K), 0.0009140 secs] [Times: user=0.00 sys=0.00, real=0.00 secs] 
337.665: Total time for which application threads were stopped: 0.0428620 seconds, Stopping threads took: 0.0418520 seconds
337.765: Application time: 0.1003650 seconds
337.830: [GC [PSYoungGen: 14041K->1165K(14848K)] 30919K->18043K(48640K), 0.0006920 secs] [Times: user=0.01 sys=0.00, real=0.00 secs] 
337.831: Total time for which application threads were stopped: 0.0656690 seconds, Stopping threads took: 0.0649080 seconds
337.915: Application time: 0.0844410 seconds
337.974: [GC [PSYoungGen: 13683K->742K(14848K)] 30560K->17636K(48640K), 0.0005490 secs] [Times: user=0.00 sys=0.00, real=0.00 secs] 
337.975: Total time for which application threads were stopped: 0.0596810 seconds, Stopping threads took: 0.0590540 seconds
338.056: Application time: 0.0808950 seconds
338.117: [GC [PSYoungGen: 13455K->563K(14848K)] 30349K->17465K(48640K), 0.0006230 secs] [Times: user=0.00 sys=0.00, real=0.00 secs] 
338.118: Total time for which application threads were stopped: 0.0621800 seconds, Stopping threads took: 0.0614790 seconds
338.200: Application time: 0.0819200 seconds
338.266: [GC [PSYoungGen: 13276K->320K(14848K)] 30178K->17229K(48640K), 0.0004410 secs] [Times: user=0.00 sys=0.00, real=0.00 secs] 
338.266: Total time for which application threads were stopped: 0.0664420 seconds, Stopping threads took: 0.0659120 seconds
338.344: Application time: 0.0779380 seconds
338.387: [GC [PSYoungGen: 12935K->2044K(14848K)] 29845K->19149K(48640K), 0.0008890 secs] [Times: user=0.00 sys=0.00, real=0.00 secs] 
338.388: Total time for which application threads were stopped: 0.0441730 seconds, Stopping threads took: 0.0425280 seconds
338.493: Application time: 0.1046090 seconds
338.560: [GC [PSYoungGen: 14562K->742K(14848K)] 31667K->17847K(48640K), 0.0005270 secs] [Times: user=0.00 sys=0.00, real=0.00 secs] 
338.561: Total time for which application threads were stopped: 0.0677920 seconds, Stopping threads took: 0.0671640 seconds
338.646: Application time: 0.0847910 seconds
338.710: [GC [PSYoungGen: 13417K->320K(14848K)] 30522K->17425K(48640K), 0.0007360 secs] [Times: user=0.00 sys=0.00, real=0.00 secs] 
338.710: Total time for which application threads were stopped: 0.0648910 seconds, Stopping threads took: 0.0640670 seconds
338.789: Application time: 0.0786420 seconds
338.830: [GC [PSYoungGen: 13091K->1149K(14848K)] 30196K->18254K(48640K), 0.0008110 secs] [Times: user=0.01 sys=0.00, real=0.00 secs] 
338.831: Total time for which application threads were stopped: 0.0418510 seconds, Stopping threads took: 0.0409410 seconds
338.914: Application time: 0.0826580 seconds
338.978: [GC [PSYoungGen: 13745K->774K(14848K)] 30850K->17879K(48640K), 0.0005640 secs] [Times: user=0.00 sys=0.00, real=0.00 secs] 
338.979: Total time for which application threads were stopped: 0.0653980 seconds, Stopping threads took: 0.0647600 seconds
339.082: Application time: 0.1034650 seconds
339.144: [GC [PSYoungGen: 13566K->547K(14848K)] 30671K->17652K(48640K), 0.0004530 secs] [Times: user=0.00 sys=0.00, real=0.00 secs] 
339.144: Total time for which application threads were stopped: 0.0616330 seconds, Stopping threads took: 0.0611040 seconds
339.226: Application time: 0.0814370 seconds
339.291: [GC [PSYoungGen: 13260K->368K(14848K)] 30365K->17481K(48640K), 0.0004640 secs] [Times: user=0.00 sys=0.00, real=0.00 secs] 
339.292: Total time for which application threads were stopped: 0.0661010 seconds, Stopping threads took: 0.0655670 seconds
339.371: Application time: 0.0789030 seconds
339.411: [GC [PSYoungGen: 13140K->1165K(14848K)] 30253K->18286K(48640K), 0.0005970 secs] [Times: user=0.00 sys=0.00, real=0.00 secs] 
339.412: Total time for which application threads were stopped: 0.0411950 seconds, Stopping threads took: 0.0405280 seconds
339.497: Application time: 0.0848100 seconds
339.551: [GC [PSYoungGen: 13878K->986K(14848K)] 30999K->18115K(48640K), 0.0005510 secs] [Times: user=0.00 sys=0.00, real=0.00 secs] 
339.552: Total time for which application threads were stopped: 0.0554550 seconds, Stopping threads took: 0.0548360 seconds
339.636: Application time: 0.0836950 seconds
339.700: [GC [PSYoungGen: 13699K->806K(14848K)] 30828K->17951K(48640K), 0.0004870 secs] [Times: user=0.00 sys=0.00, real=0.00 secs] 
339.700: Total time for which application threads were stopped: 0.0647120 seconds, Stopping threads took: 0.0641360 seconds
339.784: Application time: 0.0839160 seconds
339.854: [GC [PSYoungGen: 13519K->595K(14848K)] 30664K->17748K(48640K), 0.0004590 secs] [Times: user=0.00 sys=0.00, real=0.00 secs] 
339.854: Total time for which application threads were stopped: 0.0696510 seconds, Stopping threads took: 0.0691110 seconds
339.936: Application time: 0.0815000 seconds
340.002: [GC [PSYoungGen: 13386K->320K(14848K)] 30539K->17473K(48640K), 0.0007140 secs] [Times: user=0.00 sys=0.00, real=0.00 secs] 
340.003: Total time for which application threads were stopped: 0.0672350 seconds, Stopping threads took: 0.0664290 seconds
340.082: Application time: 0.0790830 seconds
340.124: [GC [PSYoungGen: 13013K->1149K(14848K)] 30166K->18302K(48640K), 0.0006680 secs] [Times: user=0.00 sys=0.00, real=0.00 secs] 
340.125: Total time for which application threads were stopped: 0.0428760 seconds, Stopping threads took: 0.0421190 seconds
340.210: Application time: 0.0854140 seconds
340.270: [GC [PSYoungGen: 13823K->806K(14848K)] 30976K->17959K(48640K), 0.0004960 secs] [Times: user=0.00 sys=0.00, real=0.00 secs] 
340.271: Total time for which application threads were stopped: 0.0604840 seconds, Stopping threads took: 0.0599060 seconds
340.363: Application time: 0.0925430 seconds
340.431: [GC [PSYoungGen: 13519K->563K(14848K)] 30672K->17716K(48640K), 0.0005680 secs] [Times: user=0.00 sys=0.00, real=0.00 secs] 
340.432: Total time for which application threads were stopped: 0.0688290 seconds, Stopping threads took: 0.0681740 seconds
340.515: Application time: 0.0833270 seconds
340.572: [GC [PSYoungGen: 13276K->320K(14848K)] 30429K->17473K(48640K), 0.0006260 secs] [Times: user=0.00 sys=0.00, real=0.00 secs] 
340.573: Total time for which application threads were stopped: 0.0574660 seconds, Stopping threads took: 0.0567530 seconds
340.651: Application time: 0.0781410 seconds
340.694: [GC [PSYoungGen: 13092K->1865K(14848K)] 30245K->19408K(48640K), 0.0008960 secs] [Times: user=0.00 sys=0.00, real=0.00 secs] 
340.695: Total time for which application threads were stopped: 0.0440090 seconds, Stopping threads took: 0.0430190 seconds
340.793: Application time: 0.0978310 seconds
340.860: [GC [PSYoungGen: 14382K->726K(14848K)] 31926K->18278K(48640K), 0.0005880 secs] [Times: user=0.01 sys=0.00, real=0.00 secs] 
340.861: Total time for which application threads were stopped: 0.0678060 seconds, Stopping threads took: 0.0671170 seconds
340.944: Application time: 0.0834380 seconds
340.997: [GC [PSYoungGen: 13439K->563K(14848K)] 30991K->18123K(48640K), 0.0004920 secs] [Times: user=0.00 sys=0.00, real=0.00 secs] 
340.997: Total time for which application threads were stopped: 0.0532210 seconds, Stopping threads took: 0.0526560 seconds
341.094: Application time: 0.0963100 seconds
341.162: [GC [PSYoungGen: 13354K->304K(14848K)] 30914K->17871K(48640K), 0.0005040 secs] [Times: user=0.00 sys=0.00, real=0.00 secs] 
341.162: Total time for which application threads were stopped: 0.0684730 seconds, Stopping threads took: 0.0678980 seconds
341.240: Application time: 0.0775050 seconds
341.282: [GC [PSYoungGen: 12997K->1149K(14848K)] 30565K->18725K(48640K), 0.0005970 secs] [Times: user=0.01 sys=0.00, real=0.00 secs] 
341.282: Total time for which application threads were stopped: 0.0426130 seconds, Stopping threads took: 0.0419360 seconds
341.365: Application time: 0.0833110 seconds
341.430: [GC [PSYoungGen: 13667K->758K(14848K)] 31242K->18334K(48640K), 0.0005410 secs] [Times: user=0.00 sys=0.00, real=0.00 secs] 
341.431: Total time for which application threads were stopped: 0.0654830 seconds, Stopping threads took: 0.0648610 seconds
341.529: Application time: 0.0984270 seconds
341.594: [GC [PSYoungGen: 13549K->563K(14848K)] 31125K->18147K(48640K), 0.0004250 secs] [Times: user=0.00 sys=0.00, real=0.00 secs] 
341.595: Total time for which application threads were stopped: 0.0655100 seconds, Stopping threads took: 0.0650190 seconds
341.673: Application time: 0.0785500 seconds
341.716: [GC [PSYoungGen: 13335K->2028K(14848K)] 30919K->20002K(48640K), 0.0009150 secs] [Times: user=0.00 sys=0.00, real=0.00 secs] 
341.717: Total time for which application threads were stopped: 0.0433190 seconds, Stopping threads took: 0.0423300 seconds
341.803: Application time: 0.0862110 seconds
341.873: [GC [PSYoungGen: 14819K->1133K(14848K)] 32794K->19107K(48640K), 0.0007350 secs] [Times: user=0.00 sys=0.00, real=0.00 secs] 
341.874: Total time for which application threads were stopped: 0.0712470 seconds, Stopping threads took: 0.0704140 seconds
341.961: Application time: 0.0864930 seconds
342.011: [GC [PSYoungGen: 13924K->1002K(14848K)] 31899K->18976K(48640K), 0.0005280 secs] [Times: user=0.01 sys=0.00, real=0.00 secs] 
342.012: Total time for which application threads were stopped: 0.0510970 seconds, Stopping threads took: 0.0504940 seconds
342.111: Application time: 0.0995610 seconds
342.182: [GC [PSYoungGen: 13715K->790K(14848K)] 31689K->18773K(48640K), 0.0004800 secs] [Times: user=0.00 sys=0.00, real=0.00 secs] 
342.182: Total time for which application threads were stopped: 0.0709810 seconds, Stopping threads took: 0.0704310 seconds
342.279: Application time: 0.0967880 seconds
342.349: [GC [PSYoungGen: 13503K->579K(14848K)] 31486K->18569K(48640K), 0.0004770 secs] [Times: user=0.00 sys=0.00, real=0.00 secs] 
342.349: Total time for which application threads were stopped: 0.0702900 seconds, Stopping threads took: 0.0697470 seconds
342.430: Application time: 0.0808200 seconds
342.496: [GC [PSYoungGen: 13370K->336K(14848K)] 31361K->18334K(48640K), 0.0004290 secs] [Times: user=0.00 sys=0.00, real=0.00 secs] 
342.496: Total time for which application threads were stopped: 0.0661250 seconds, Stopping threads took: 0.0656320 seconds
342.574: Application time: 0.0779720 seconds
342.615: [GC [PSYoungGen: 13049K->1930K(14848K)] 31047K->20319K(48640K), 0.0009300 secs] [Times: user=0.00 sys=0.00, real=0.00 secs] 
342.616: Total time for which application threads were stopped: 0.0420440 seconds, Stopping threads took: 0.0410360 seconds
342.712: Application time: 0.0960150 seconds
342.779: [GC [PSYoungGen: 14702K->938K(14848K)] 33091K->19327K(48640K), 0.0006910 secs] [Times: user=0.00 sys=0.00, real=0.00 secs] 
342.780: Total time for which application threads were stopped: 0.0673410 seconds, Stopping threads took: 0.0665790 seconds
342.867: Application time: 0.0870070 seconds
342.933: [GC [PSYoungGen: 13651K->790K(14848K)] 32040K->19187K(48640K), 0.0007560 secs] [Times: user=0.00 sys=0.00, real=0.01 secs] 
342.934: Total time for which application threads were stopped: 0.0667540 seconds, Stopping threads took: 0.0659090 seconds
343.016: Application time: 0.0822250 seconds
343.080: [GC [PSYoungGen: 13581K->595K(14848K)] 31978K->18992K(48640K), 0.0007280 secs] [Times: user=0.00 sys=0.00, real=0.00 secs] 
343.081: Total time for which application threads were stopped: 0.0654580 seconds, Stopping threads took: 0.0646450 seconds
343.170: Application time: 0.0886110 seconds
343.225: [GC [PSYoungGen: 13386K->352K(14848K)] 31783K->18749K(48640K), 0.0006040 secs] [Times: user=0.00 sys=0.00, real=0.00 secs] 
343.226: Total time for which application threads were stopped: 0.0562200 seconds, Stopping threads took: 0.0555170 seconds
343.306: Application time: 0.0797630 seconds
343.347: [GC [PSYoungGen: 13045K->1165K(14848K)] 31442K->19570K(48640K), 0.0009750 secs] [Times: user=0.01 sys=0.00, real=0.00 secs] 
343.348: Total time for which application threads were stopped: 0.0424140 seconds, Stopping threads took: 0.0413620 seconds
343.434: Application time: 0.0855030 seconds
343.497: [GC [PSYoungGen: 13956K->970K(14848K)] 32361K->19383K(48640K), 0.0008640 secs] [Times: user=0.00 sys=0.00, real=0.00 secs] 
343.499: Total time for which application threads were stopped: 0.0652430 seconds, Stopping threads took: 0.0636240 seconds
343.594: Application time: 0.0950740 seconds
343.640: [GC [PSYoungGen: 13683K->1978K(14848K)] 32096K->21368K(48640K), 0.0011800 secs] [Times: user=0.01 sys=0.00, real=0.00 secs] 
343.641: Total time for which application threads were stopped: 0.0469590 seconds, Stopping threads took: 0.0456850 seconds
343.724: Application time: 0.0828900 seconds
343.795: [GC [PSYoungGen: 14691K->579K(14848K)] 34081K->19977K(48640K), 0.0006040 secs] [Times: user=0.01 sys=0.00, real=0.00 secs] 
343.796: Total time for which application threads were stopped: 0.0718400 seconds, Stopping threads took: 0.0711350 seconds
343.878: Application time: 0.0825620 seconds
343.943: [GC [PSYoungGen: 13370K->336K(14848K)] 32768K->19741K(48640K), 0.0004800 secs] [Times: user=0.00 sys=0.00, real=0.00 secs] 
343.944: Total time for which application threads were stopped: 0.0651710 seconds, Stopping threads took: 0.0646260 seconds
344.022: Application time: 0.0782760 seconds
344.062: [GC [PSYoungGen: 13029K->1181K(14848K)] 32435K->20595K(48640K), 0.0009010 secs] [Times: user=0.01 sys=0.00, real=0.00 secs] 
344.063: Total time for which application threads were stopped: 0.0411160 seconds, Stopping threads took: 0.0401180 seconds
344.148: Application time: 0.0846650 seconds
344.212: [GC [PSYoungGen: 13777K->758K(14848K)] 33190K->20180K(48640K), 0.0005760 secs] [Times: user=0.00 sys=0.00, real=0.00 secs] 
344.212: Total time for which application threads were stopped: 0.0646860 seconds, Stopping threads took: 0.0640370 seconds
344.312: Application time: 0.1001410 seconds
344.377: [GC [PSYoungGen: 13550K->531K(14848K)] 32971K->19953K(48640K), 0.0005160 secs] [Times: user=0.00 sys=0.00, real=0.00 secs] 
344.378: Total time for which application threads were stopped: 0.0653310 seconds, Stopping threads took: 0.0647400 seconds
344.464: Application time: 0.0860730 seconds
344.505: [GC [PSYoungGen: 13322K->1946K(14848K)] 32744K->21954K(48640K), 0.0012550 secs] [Times: user=0.00 sys=0.00, real=0.01 secs] 
344.506: Total time for which application threads were stopped: 0.0419850 seconds, Stopping threads took: 0.0406310 seconds
344.608: Application time: 0.1021310 seconds
344.674: [GC [PSYoungGen: 14562K->1181K(14848K)] 34569K->21196K(48640K), 0.0008460 secs] [Times: user=0.01 sys=0.00, real=0.00 secs] 
344.675: Total time for which application threads were stopped: 0.0668890 seconds, Stopping threads took: 0.0659540 seconds
344.759: Application time: 0.0845430 seconds
344.824: [GC [PSYoungGen: 13777K->758K(14848K)] 33792K->20774K(48640K), 0.0006150 secs] [Times: user=0.00 sys=0.00, real=0.00 secs] 
344.825: Total time for which application threads were stopped: 0.0653540 seconds, Stopping threads took: 0.0646490 seconds
344.909: Application time: 0.0842280 seconds
344.961: [GC [PSYoungGen: 13550K->579K(14848K)] 33565K->20603K(48640K), 0.0004490 secs] [Times: user=0.00 sys=0.00, real=0.00 secs] 
344.961: Total time for which application threads were stopped: 0.0523940 seconds, Stopping threads took: 0.0518690 seconds
345.057: Application time: 0.0955500 seconds
345.124: [GC [PSYoungGen: 13370K->336K(14848K)] 33394K->20359K(48640K), 0.0004580 secs] [Times: user=0.00 sys=0.00, real=0.00 secs] 
345.124: Total time for which application threads were stopped: 0.0674020 seconds, Stopping threads took: 0.0668790 seconds
345.203: Application time: 0.0788610 seconds
345.243: [GC [PSYoungGen: 12951K->1149K(14848K)] 32975K->21181K(48640K), 0.0008540 secs] [Times: user=0.00 sys=0.00, real=0.00 secs] 
345.244: Total time for which application threads were stopped: 0.0411540 seconds, Stopping threads took: 0.0402230 seconds
345.329: Application time: 0.0847140 seconds
345.387: [GC [PSYoungGen: 13667K->806K(14848K)] 33698K->20846K(48640K), 0.0007090 secs] [Times: user=0.01 sys=0.00, real=0.00 secs] 
345.387: Total time for which application threads were stopped: 0.0582270 seconds, Stopping threads took: 0.0574350 seconds
345.467: Application time: 0.0800840 seconds
345.534: [GC [PSYoungGen: 13519K->595K(14848K)] 33559K->20643K(48640K), 0.0005900 secs] [Times: user=0.00 sys=0.00, real=0.00 secs] 
345.535: Total time for which application threads were stopped: 0.0676630 seconds, Stopping threads took: 0.0669940 seconds
345.614: Application time: 0.0793120 seconds
345.656: [GC [PSYoungGen: 13367K->1344K(14848K)] 33414K->21400K(48640K), 0.0007390 secs] [Times: user=0.01 sys=0.00, real=0.00 secs] 
345.657: Total time for which application threads were stopped: 0.0425280 seconds, Stopping threads took: 0.0417080 seconds
345.763: Application time: 0.1060380 seconds
345.823: [GC [PSYoungGen: 14135K->1133K(14848K)] 34191K->21189K(48640K), 0.0006190 secs] [Times: user=0.00 sys=0.00, real=0.00 secs] 
345.823: Total time for which application threads were stopped: 0.0604980 seconds, Stopping threads took: 0.0597830 seconds
345.907: Application time: 0.0835670 seconds
345.971: [GC [PSYoungGen: 13729K->742K(14848K)] 33785K->20798K(48640K), 0.0005260 secs] [Times: user=0.01 sys=0.00, real=0.00 secs] 
345.971: Total time for which application threads were stopped: 0.0640990 seconds, Stopping threads took: 0.0635080 seconds
346.055: Application time: 0.0836110 seconds
346.122: [GC [PSYoungGen: 13534K->563K(14848K)] 33589K->20627K(48640K), 0.0005180 secs] [Times: user=0.00 sys=0.00, real=0.00 secs] 
346.122: Total time for which application threads were stopped: 0.0677740 seconds, Stopping threads took: 0.0671570 seconds
346.204: Application time: 0.0816610 seconds
346.268: [GC [PSYoungGen: 13276K->336K(14848K)] 33340K->20407K(48640K), 0.0004550 secs] [Times: user=0.01 sys=0.00, real=0.00 secs] 
346.269: Total time for which application threads were stopped: 0.0645040 seconds, Stopping threads took: 0.0639630 seconds
346.347: Application time: 0.0779180 seconds
346.390: [GC [PSYoungGen: 13029K->1865K(14848K)] 33101K->22343K(48640K), 0.0010250 secs] [Times: user=0.01 sys=0.00, real=0.00 secs] 
346.391: Total time for which application threads were stopped: 0.0447560 seconds, Stopping threads took: 0.0436370 seconds
346.476: Application time: 0.0850580 seconds
346.540: [GC [PSYoungGen: 14539K->822K(14848K)] 35017K->21309K(48640K), 0.0005440 secs] [Times: user=0.00 sys=0.00, real=0.00 secs] 
346.540: Total time for which application threads were stopped: 0.0638330 seconds, Stopping threads took: 0.0631970 seconds
346.623: Application time: 0.0829490 seconds
346.683: [GC [PSYoungGen: 13535K->579K(14848K)] 34022K->21073K(48640K), 0.0005780 secs] [Times: user=0.00 sys=0.00, real=0.00 secs] 
346.684: Total time for which application threads were stopped: 0.0607580 seconds, Stopping threads took: 0.0600830 seconds
346.765: Application time: 0.0806740 seconds
346.831: [GC [PSYoungGen: 13292K->320K(14848K)] 33786K->20814K(48640K), 0.0005170 secs] [Times: user=0.00 sys=0.00, real=0.00 secs] 
346.832: Total time for which application threads were stopped: 0.0673410 seconds, Stopping threads took: 0.0667550 seconds
346.910: Application time: 0.0780920 seconds
346.951: [GC [PSYoungGen: 13013K->1133K(14848K)] 33507K->21635K(48640K), 0.0006270 secs] [Times: user=0.00 sys=0.00, real=0.00 secs] 
346.952: Total time for which application threads were stopped: 0.0414820 seconds, Stopping threads took: 0.0407740 seconds
347.036: Application time: 0.0840400 seconds
347.099: [GC [PSYoungGen: 13729K->726K(14848K)] 34231K->21245K(48640K), 0.0005460 secs] [Times: user=0.00 sys=0.00, real=0.00 secs] 
347.099: Total time for which application threads were stopped: 0.0636210 seconds, Stopping threads took: 0.0630090 seconds
347.182: Application time: 0.0827000 seconds
347.247: [GC [PSYoungGen: 13439K->547K(14848K)] 33958K->21073K(48640K), 0.0004580 secs] [Times: user=0.01 sys=0.00, real=0.00 secs] 
347.247: Total time for which application threads were stopped: 0.0652430 seconds, Stopping threads took: 0.0647050 seconds
347.345: Application time: 0.0981760 seconds
347.410: [GC [PSYoungGen: 13338K->288K(14848K)] 33864K->20814K(48640K), 0.0006490 secs] [Times: user=0.01 sys=0.00, real=0.00 secs] 
347.411: Total time for which application threads were stopped: 0.0655200 seconds, Stopping threads took: 0.0647790 seconds
347.490: Application time: 0.0788380 seconds
347.532: [GC [PSYoungGen: 12981K->1149K(14848K)] 33508K->21675K(48640K), 0.0006560 secs] [Times: user=0.01 sys=0.00, real=0.00 secs] 
347.533: Total time for which application threads were stopped: 0.0431780 seconds, Stopping threads took: 0.0424290 seconds
347.615: Application time: 0.0821820 seconds
347.682: [GC [PSYoungGen: 13667K->758K(14848K)] 34193K->21285K(48640K), 0.0005040 secs] [Times: user=0.01 sys=0.00, real=0.00 secs] 
347.682: Total time for which application threads were stopped: 0.0672570 seconds, Stopping threads took: 0.0666850 seconds
347.767: Application time: 0.0846380 seconds
347.830: [GC [PSYoungGen: 13550K->547K(14848K)] 34076K->21081K(48640K), 0.0007820 secs] [Times: user=0.00 sys=0.00, real=0.00 secs] 
347.831: Total time for which application threads were stopped: 0.0642790 seconds, Stopping threads took: 0.0634190 seconds
347.914: Application time: 0.0828330 seconds
347.979: [GC [PSYoungGen: 13260K->320K(14848K)] 33794K->20862K(48640K), 0.0005900 secs] [Times: user=0.00 sys=0.00, real=0.00 secs] 
347.979: Total time for which application threads were stopped: 0.0653480 seconds, Stopping threads took: 0.0646630 seconds
348.058: Application time: 0.0785090 seconds
348.098: [GC [PSYoungGen: 13013K->1117K(14848K)] 33555K->21667K(48640K), 0.0005780 secs] [Times: user=0.01 sys=0.00, real=0.00 secs] 
348.099: Total time for which application threads were stopped: 0.0409900 seconds, Stopping threads took: 0.0403450 seconds
348.184: Application time: 0.0847600 seconds
348.247: [GC [PSYoungGen: 13713K->758K(14848K)] 34263K->21317K(48640K), 0.0006160 secs] [Times: user=0.00 sys=0.00, real=0.00 secs] 
348.248: Total time for which application threads were stopped: 0.0641550 seconds, Stopping threads took: 0.0634720 seconds
348.331: Application time: 0.0829180 seconds
348.382: [GC [PSYoungGen: 13549K->531K(14848K)] 34108K->21089K(48640K), 0.0004810 secs] [Times: user=0.00 sys=0.00, real=0.00 secs] 
348.383: Total time for which application threads were stopped: 0.0518520 seconds, Stopping threads took: 0.0512970 seconds
348.463: Application time: 0.0808050 seconds
348.531: [GC [PSYoungGen: 13244K->304K(14848K)] 33802K->20870K(48640K), 0.0004360 secs] [Times: user=0.00 sys=0.00, real=0.00 secs] 
348.532: Total time for which application threads were stopped: 0.0687700 seconds, Stopping threads took: 0.0671110 seconds
348.611: Application time: 0.0787670 seconds
348.650: [GC [PSYoungGen: 12997K->1117K(14848K)] 33564K->21691K(48640K), 0.0006220 secs] [Times: user=0.01 sys=0.00, real=0.00 secs] 
348.651: Total time for which application threads were stopped: 0.0400770 seconds, Stopping threads took: 0.0393640 seconds
348.757: Application time: 0.1060550 seconds
348.816: [GC [PSYoungGen: 13791K->742K(14848K)] 34366K->21317K(48640K), 0.0008450 secs] [Times: user=0.00 sys=0.00, real=0.00 secs] 
348.817: Total time for which application threads were stopped: 0.0598190 seconds, Stopping threads took: 0.0588890 seconds
348.901: Application time: 0.0837200 seconds
348.962: [GC [PSYoungGen: 13534K->547K(14848K)] 34108K->21121K(48640K), 0.0005390 secs] [Times: user=0.00 sys=0.00, real=0.00 secs] 
348.963: Total time for which application threads were stopped: 0.0623980 seconds, Stopping threads took: 0.0617570 seconds
349.056: Application time: 0.0931330 seconds
349.124: [GC [PSYoungGen: 13338K->352K(14848K)] 33912K->20934K(48640K), 0.0004880 secs] [Times: user=0.00 sys=0.00, real=0.00 secs] 
349.125: Total time for which application threads were stopped: 0.0687120 seconds, Stopping threads took: 0.0681380 seconds
349.203: Application time: 0.0782640 seconds
349.243: [GC [PSYoungGen: 12967K->1865K(14848K)] 33549K->22845K(48640K), 0.0009070 secs] [Times: user=0.00 sys=0.00, real=0.00 secs] 
349.244: Total time for which application threads were stopped: 0.0409300 seconds, Stopping threads took: 0.0399520 seconds
349.329: Application time: 0.0846420 seconds
349.393: [GC [PSYoungGen: 14460K->774K(14848K)] 35441K->21755K(48640K), 0.0005410 secs] [Times: user=0.00 sys=0.01, real=0.01 secs] 
349.393: Total time for which application threads were stopped: 0.0647470 seconds, Stopping threads took: 0.0641340 seconds
349.477: Application time: 0.0831570 seconds
349.542: [GC [PSYoungGen: 13565K->547K(14848K)] 34546K->21536K(48640K), 0.0005100 secs] [Times: user=0.00 sys=0.00, real=0.00 secs] 
349.543: Total time for which application threads were stopped: 0.0659680 seconds, Stopping threads took: 0.0653780 seconds
349.625: Application time: 0.0820580 seconds
349.688: [GC [PSYoungGen: 13260K->336K(14848K)] 34249K->21332K(48640K), 0.0004070 secs] [Times: user=0.00 sys=0.00, real=0.00 secs] 
349.688: Total time for which application threads were stopped: 0.0636830 seconds, Stopping threads took: 0.0632090 seconds
349.768: Application time: 0.0793410 seconds
349.807: [GC [PSYoungGen: 12951K->1149K(14848K)] 33948K->22146K(48640K), 0.0005990 secs] [Times: user=0.01 sys=0.00, real=0.00 secs] 
349.807: Total time for which application threads were stopped: 0.0397330 seconds, Stopping threads took: 0.0390670 seconds
349.914: Application time: 0.1070010 seconds
349.970: [GC [PSYoungGen: 13667K->726K(14848K)] 34664K->21731K(48640K), 0.0006720 secs] [Times: user=0.01 sys=0.00, real=0.00 secs] 
349.971: Total time for which application threads were stopped: 0.0565460 seconds, Stopping threads took: 0.0558000 seconds
350.056: Application time: 0.0849740 seconds
350.119: [GC [PSYoungGen: 13400K->288K(14848K)] 34405K->21293K(48640K), 0.0004120 secs] [Times: user=0.00 sys=0.00, real=0.00 secs] 
350.120: Total time for which application threads were stopped: 0.0638880 seconds, Stopping threads took: 0.0634030 seconds
350.198: Application time: 0.0785740 seconds
350.241: [GC [PSYoungGen: 13079K->1978K(14848K)] 34084K->23382K(48640K), 0.0009840 secs] [Times: user=0.01 sys=0.00, real=0.00 secs] 
350.242: Total time for which application threads were stopped: 0.0431780 seconds, Stopping threads took: 0.0421220 seconds
350.325: Application time: 0.0835140 seconds
350.392: [GC [PSYoungGen: 14555K->774K(14848K)] 35958K->22186K(48640K), 0.0005490 secs] [Times: user=0.00 sys=0.00, real=0.00 secs] 
350.393: Total time for which application threads were stopped: 0.0675860 seconds, Stopping threads took: 0.0669430 seconds
350.480: Application time: 0.0873320 seconds
350.518: [GC [PSYoungGen: 13487K->1978K(14848K)] 34899K->24179K(48640K), 0.0009830 secs] [Times: user=0.01 sys=0.00, real=0.00 secs] 
350.519: Total time for which application threads were stopped: 0.0385850 seconds, Stopping threads took: 0.0375100 seconds
350.614: Application time: 0.0956160 seconds
350.684: [GC [PSYoungGen: 14769K->320K(14848K)] 36970K->22520K(48640K), 0.0006450 secs] [Times: user=0.00 sys=0.00, real=0.00 secs] 
350.685: Total time for which application threads were stopped: 0.0704300 seconds, Stopping threads took: 0.0696890 seconds
350.764: Application time: 0.0790680 seconds
350.807: [GC [PSYoungGen: 12935K->1165K(14848K)] 35136K->23374K(48640K), 0.0006920 secs] [Times: user=0.00 sys=0.00, real=0.00 secs] 
350.808: Total time for which application threads were stopped: 0.0444480 seconds, Stopping threads took: 0.0436580 seconds
350.891: Application time: 0.0825700 seconds
350.955: [GC [PSYoungGen: 13761K->758K(14848K)] 35970K->22975K(48640K), 0.0005390 secs] [Times: user=0.00 sys=0.00, real=0.00 secs] 
350.956: Total time for which application threads were stopped: 0.0648590 seconds, Stopping threads took: 0.0642330 seconds
351.039: Application time: 0.0831450 seconds
351.104: [GC [PSYoungGen: 13471K->579K(14848K)] 35688K->22804K(48640K), 0.0004990 secs] [Times: user=0.00 sys=0.00, real=0.00 secs] 
351.104: Total time for which application threads were stopped: 0.0652590 seconds, Stopping threads took: 0.0646930 seconds
351.187: Application time: 0.0827050 seconds
351.252: [GC [PSYoungGen: 13292K->336K(14848K)] 35517K->22568K(48640K), 0.0004760 secs] [Times: user=0.00 sys=0.00, real=0.00 secs] 
351.252: Total time for which application threads were stopped: 0.0654550 seconds, Stopping threads took: 0.0649020 seconds
351.331: Application time: 0.0789770 seconds
351.372: [GC [PSYoungGen: 12951K->1149K(14848K)] 35184K->23382K(48640K), 0.0005810 secs] [Times: user=0.01 sys=0.00, real=0.00 secs] 
351.373: Total time for which application threads were stopped: 0.0413030 seconds, Stopping threads took: 0.0406510 seconds
351.457: Application time: 0.0845550 seconds
351.512: [GC [PSYoungGen: 13667K->758K(14848K)] 35900K->22999K(48640K), 0.0006500 secs] [Times: user=0.00 sys=0.00, real=0.00 secs] 
351.513: Total time for which application threads were stopped: 0.0560100 seconds, Stopping threads took: 0.0552770 seconds
351.596: Application time: 0.0834100 seconds
351.660: [GC [PSYoungGen: 13511K->352K(14848K)] 35752K->22600K(48640K), 0.0004870 secs] [Times: user=0.01 sys=0.00, real=0.00 secs] 
351.660: Total time for which application threads were stopped: 0.0636680 seconds, Stopping threads took: 0.0631140 seconds
351.738: Application time: 0.0782860 seconds
351.780: [GC [PSYoungGen: 13045K->1149K(14848K)] 35294K->23398K(48640K), 0.0005570 secs] [Times: user=0.00 sys=0.00, real=0.00 secs] 
351.781: Total time for which application threads were stopped: 0.0423720 seconds, Stopping threads took: 0.0417390 seconds
351.866: Application time: 0.0853890 seconds
351.922: [GC [PSYoungGen: 13745K->758K(14848K)] 35994K->23007K(48640K), 0.0005770 secs] [Times: user=0.00 sys=0.00, real=0.00 secs] 
351.923: Total time for which application threads were stopped: 0.0564320 seconds, Stopping threads took: 0.0557830 seconds
352.006: Application time: 0.0830600 seconds
352.071: [GC [PSYoungGen: 13550K->563K(14848K)] 35798K->22812K(48640K), 0.0007110 secs] [Times: user=0.00 sys=0.00, real=0.00 secs] 
352.072: Total time for which application threads were stopped: 0.0660220 seconds, Stopping threads took: 0.0652240 seconds
352.165: Application time: 0.0937160 seconds
352.230: [GC [PSYoungGen: 13354K->288K(14848K)] 35603K->22544K(48640K), 0.0005610 secs] [Times: user=0.00 sys=0.00, real=0.00 secs] 
352.231: Total time for which application threads were stopped: 0.0653050 seconds, Stopping threads took: 0.0646700 seconds
352.309: Application time: 0.0781060 seconds
352.351: [GC [PSYoungGen: 12903K->1149K(14848K)] 35160K->23414K(48640K), 0.0007410 secs] [Times: user=0.01 sys=0.00, real=0.00 secs] 
352.352: Total time for which application threads were stopped: 0.0428500 seconds, Stopping threads took: 0.0420250 seconds
352.433: Application time: 0.0817650 seconds
352.492: [GC [PSYoungGen: 13667K->742K(14848K)] 35932K->23015K(48640K), 0.0006780 secs] [Times: user=0.01 sys=0.00, real=0.00 secs] 
352.492: Total time for which application threads were stopped: 0.0589530 seconds, Stopping threads took: 0.0582010 seconds
352.573: Application time: 0.0807390 seconds
352.639: [GC [PSYoungGen: 13455K->531K(14848K)] 35728K->22804K(48640K), 0.0005190 secs] [Times: user=0.00 sys=0.00, real=0.00 secs] 
352.639: Total time for which application threads were stopped: 0.0661770 seconds, Stopping threads took: 0.0655910 seconds
352.717: Application time: 0.0772680 seconds
352.757: [GC [PSYoungGen: 13303K->1360K(14848K)] 35575K->23641K(48640K), 0.0006520 secs] [Times: user=0.00 sys=0.00, real=0.00 secs] 
352.757: Total time for which application threads were stopped: 0.0406700 seconds, Stopping threads took: 0.0399540 seconds
352.860: Application time: 0.1031230 seconds
352.925: [GC [PSYoungGen: 14152K->1149K(14848K)] 36432K->23430K(48640K), 0.0006160 secs] [Times: user=0.00 sys=0.00, real=0.00 secs] 
352.926: Total time for which application threads were stopped: 0.0655170 seconds, Stopping threads took: 0.0648220 seconds
353.033: Application time: 0.1067430 seconds
353.097: [GC [PSYoungGen: 13745K->726K(14848K)] 36026K->23015K(48640K), 0.0005990 secs] [Times: user=0.00 sys=0.00, real=0.00 secs] 
353.097: Total time for which application threads were stopped: 0.0645350 seconds, Stopping threads took: 0.0638450 seconds
353.180: Application time: 0.0830370 seconds
353.243: [GC [PSYoungGen: 13517K->547K(14848K)] 35806K->22836K(48640K), 0.0004440 secs] [Times: user=0.00 sys=0.00, real=0.00 secs] 
353.243: Total time for which application threads were stopped: 0.0628780 seconds, Stopping threads took: 0.0623740 seconds
353.326: Application time: 0.0824290 seconds
353.389: [GC [PSYoungGen: 13260K->336K(14848K)] 35549K->22624K(48640K), 0.0004650 secs] [Times: user=0.00 sys=0.00, real=0.00 secs] 
353.389: Total time for which application threads were stopped: 0.0638870 seconds, Stopping threads took: 0.0633600 seconds
353.467: Application time: 0.0776890 seconds
353.507: [GC [PSYoungGen: 12951K->1865K(14848K)] 35240K->24544K(48640K), 0.0009090 secs] [Times: user=0.01 sys=0.00, real=0.00 secs] 
353.508: Total time for which application threads were stopped: 0.0411340 seconds, Stopping threads took: 0.0401410 seconds
353.614: Application time: 0.1061020 seconds
353.679: [GC [PSYoungGen: 14656K->970K(14848K)] 37335K->23649K(48640K), 0.0006370 secs] [Times: user=0.00 sys=0.00, real=0.00 secs] 
353.681: Total time for which application threads were stopped: 0.0662420 seconds, Stopping threads took: 0.0645690 seconds
353.780: Application time: 0.0990080 seconds
353.847: [GC [PSYoungGen: 13761K->742K(14848K)] 36440K->23430K(48640K), 0.0005400 secs] [Times: user=0.00 sys=0.00, real=0.00 secs] 
353.848: Total time for which application threads were stopped: 0.0683630 seconds, Stopping threads took: 0.0677530 seconds
353.933: Application time: 0.0854140 seconds
354.005: [GC [PSYoungGen: 13455K->595K(14848K)] 36143K->23298K(48640K), 0.0005090 secs] [Times: user=0.01 sys=0.00, real=0.00 secs] 
354.006: Total time for which application threads were stopped: 0.0722050 seconds, Stopping threads took: 0.0716240 seconds
354.092: Application time: 0.0865360 seconds
354.160: [GC [PSYoungGen: 13308K->320K(14848K)] 36011K->23031K(48640K), 0.0004520 secs] [Times: user=0.00 sys=0.00, real=0.00 secs] 
354.160: Total time for which application threads were stopped: 0.0680730 seconds, Stopping threads took: 0.0675270 seconds
354.238: Application time: 0.0781870 seconds
354.281: [GC [PSYoungGen: 13072K->1865K(14848K)] 35784K->25951K(48640K), 0.0012830 secs] [Times: user=0.00 sys=0.00, real=0.00 secs] 
354.283: Total time for which application threads were stopped: 0.0440420 seconds, Stopping threads took: 0.0426700 seconds
354.365: Application time: 0.0823620 seconds
354.435: [GC [PSYoungGen: 14578K->1946K(14848K)] 38664K->26041K(48640K), 0.0008240 secs] [Times: user=0.00 sys=0.00, real=0.00 secs] 
354.435: Total time for which application threads were stopped: 0.0704810 seconds, Stopping threads took: 0.0695820 seconds
354.537: Application time: 0.1013820 seconds
354.595: [GC [PSYoungGen: 14542K->1572K(14848K)] 38637K->25666K(48640K), 0.0007270 secs] [Times: user=0.00 sys=0.00, real=0.00 secs] 
354.595: Total time for which application threads were stopped: 0.0586520 seconds, Stopping threads took: 0.0578550 seconds
354.696: Application time: 0.1007940 seconds
354.760: [GC [PSYoungGen: 14363K->1360K(14848K)] 38458K->25455K(48640K), 0.0007460 secs] [Times: user=0.00 sys=0.00, real=0.00 secs] 
354.761: Total time for which application threads were stopped: 0.0643490 seconds, Stopping threads took: 0.0634920 seconds
354.867: Application time: 0.1061850 seconds
354.932: [GC [PSYoungGen: 14152K->1149K(14848K)] 38246K->25244K(48640K), 0.0008880 secs] [Times: user=0.00 sys=0.00, real=0.00 secs] 
354.933: Total time for which application threads were stopped: 0.0661470 seconds, Stopping threads took: 0.0651630 seconds
355.018: Application time: 0.0846710 seconds
355.072: [GC [PSYoungGen: 13667K->742K(14848K)] 37761K->24845K(48640K), 0.0005900 secs] [Times: user=0.00 sys=0.00, real=0.00 secs] 
355.072: Total time for which application threads were stopped: 0.0547570 seconds, Stopping threads took: 0.0540990 seconds
355.169: Application time: 0.0968680 seconds
355.234: [GC [PSYoungGen: 13455K->595K(14848K)] 37558K->24714K(48640K), 0.0004890 secs] [Times: user=0.00 sys=0.00, real=0.00 secs] 
355.234: Total time for which application threads were stopped: 0.0651700 seconds, Stopping threads took: 0.0645910 seconds
355.317: Application time: 0.0822160 seconds
355.354: [GC [PSYoungGen: 13367K->1360K(14848K)] 37485K->25487K(48640K), 0.0009320 secs] [Times: user=0.01 sys=0.00, real=0.00 secs] 
355.355: Total time for which application threads were stopped: 0.0385450 seconds, Stopping threads took: 0.0375110 seconds
355.451: Application time: 0.0963520 seconds
355.511: [GC [PSYoungGen: 14073K->1181K(14848K)] 38200K->25316K(48640K), 0.0008340 secs] [Times: user=0.00 sys=0.00, real=0.00 secs] 
355.512: Total time for which application threads were stopped: 0.0606160 seconds, Stopping threads took: 0.0596870 seconds
355.596: Application time: 0.0841900 seconds
355.652: [GC [PSYoungGen: 13699K->790K(14848K)] 37833K->24925K(48640K), 0.0007820 secs] [Times: user=0.00 sys=0.00, real=0.00 secs] 
355.653: Total time for which application threads were stopped: 0.0563370 seconds, Stopping threads took: 0.0554610 seconds
355.736: Application time: 0.0835070 seconds
355.796: [GC [PSYoungGen: 13503K->1637K(14848K)] 37638K->25772K(48640K), 0.0008030 secs] [Times: user=0.00 sys=0.00, real=0.00 secs] 
355.797: Total time for which application threads were stopped: 0.0603770 seconds, Stopping threads took: 0.0594780 seconds
355.880: Application time: 0.0830440 seconds
355.943: [GC [PSYoungGen: 14409K->1344K(14848K)] 38544K->25487K(48640K), 0.0007870 secs] [Times: user=0.00 sys=0.00, real=0.00 secs] 
355.944: Total time for which application threads were stopped: 0.0642680 seconds, Stopping threads took: 0.0633900 seconds
356.046: Application time: 0.1019830 seconds
356.107: [GC [PSYoungGen: 14057K->1149K(14848K)] 38200K->25300K(48640K), 0.0007220 secs] [Times: user=0.00 sys=0.00, real=0.00 secs] 
356.108: Total time for which application threads were stopped: 0.0623200 seconds, Stopping threads took: 0.0615070 seconds
356.214: Application time: 0.1054190 seconds
356.282: [GC [PSYoungGen: 13784K->547K(14848K)] 37935K->24698K(48640K), 0.0005890 secs] [Times: user=0.01 sys=0.00, real=0.00 secs] 
356.283: Total time for which application threads were stopped: 0.0691730 seconds, Stopping threads took: 0.0684580 seconds
356.365: Application time: 0.0823760 seconds
356.431: [GC [PSYoungGen: 13260K->288K(14848K)] 37411K->24438K(48640K), 0.0005070 secs] [Times: user=0.00 sys=0.00, real=0.00 secs] 
356.432: Total time for which application threads were stopped: 0.0663900 seconds, Stopping threads took: 0.0658140 seconds
356.510: Application time: 0.0789070 seconds
356.552: [GC [PSYoungGen: 12903K->1165K(14848K)] 37054K->25324K(48640K), 0.0007980 secs] [Times: user=0.00 sys=0.00, real=0.00 secs] 
356.553: Total time for which application threads were stopped: 0.0422500 seconds, Stopping threads took: 0.0413650 seconds
356.635: Application time: 0.0818590 seconds
356.700: [GC [PSYoungGen: 13683K->758K(14848K)] 37841K->24917K(48640K), 0.0007810 secs] [Times: user=0.01 sys=0.00, real=0.00 secs] 
356.700: Total time for which application threads were stopped: 0.0658870 seconds, Stopping threads took: 0.0650130 seconds
356.788: Application time: 0.0872190 seconds
356.859: [GC [PSYoungGen: 13471K->595K(14848K)] 37630K->24762K(48640K), 0.0005800 secs] [Times: user=0.01 sys=0.00, real=0.00 secs] 
356.860: Total time for which application threads were stopped: 0.0724160 seconds, Stopping threads took: 0.0717700 seconds
356.949: Application time: 0.0886130 seconds
357.002: [GC [PSYoungGen: 13386K->1426K(14848K)] 37553K->25601K(48640K), 0.0008430 secs] [Times: user=0.01 sys=0.00, real=0.00 secs] 
357.002: Total time for which application threads were stopped: 0.0538180 seconds, Stopping threads took: 0.0528840 seconds
357.087: Application time: 0.0846320 seconds
357.150: [GC [PSYoungGen: 14119K->1149K(14848K)] 38294K->25332K(48640K), 0.0005970 secs] [Times: user=0.01 sys=0.00, real=0.00 secs] 
357.151: Total time for which application threads were stopped: 0.0637540 seconds, Stopping threads took: 0.0630740 seconds
357.234: Application time: 0.0830520 seconds
357.293: [GC [PSYoungGen: 13745K->774K(14848K)] 37928K->24957K(48640K), 0.0007550 secs] [Times: user=0.01 sys=0.00, real=0.01 secs] 
357.294: Total time for which application threads were stopped: 0.0598240 seconds, Stopping threads took: 0.0590010 seconds
357.375: Application time: 0.0808740 seconds
357.442: [GC [PSYoungGen: 13487K->579K(14848K)] 37670K->24762K(48640K), 0.0007220 secs] [Times: user=0.00 sys=0.00, real=0.00 secs] 
357.443: Total time for which application threads were stopped: 0.0680090 seconds, Stopping threads took: 0.0671930 seconds
357.543: Application time: 0.0998620 seconds
357.613: [GC [PSYoungGen: 13370K->304K(14848K)] 37553K->24494K(48640K), 0.0004770 secs] [Times: user=0.00 sys=0.00, real=0.00 secs] 
357.614: Total time for which application threads were stopped: 0.0711390 seconds, Stopping threads took: 0.0705910 seconds
357.692: Application time: 0.0784020 seconds
357.732: [GC [PSYoungGen: 12997K->1133K(14848K)] 37188K->25324K(48640K), 0.0006880 secs] [Times: user=0.00 sys=0.00, real=0.00 secs] 
357.733: Total time for which application threads were stopped: 0.0404580 seconds, Stopping threads took: 0.0396890 seconds
357.817: Application time: 0.0839850 seconds
357.884: [GC [PSYoungGen: 13651K->790K(14848K)] 37841K->24981K(48640K), 0.0006070 secs] [Times: user=0.01 sys=0.00, real=0.01 secs] 
357.885: Total time for which application threads were stopped: 0.0686240 seconds, Stopping threads took: 0.0679180 seconds
357.986: Application time: 0.1008000 seconds
358.050: [GC [PSYoungGen: 13543K->352K(14848K)] 37733K->24542K(48640K), 0.0004880 secs] [Times: user=0.00 sys=0.00, real=0.00 secs] 
358.050: Total time for which application threads were stopped: 0.0641790 seconds, Stopping threads took: 0.0636240 seconds
358.128: Application time: 0.0776940 seconds
358.171: [GC [PSYoungGen: 12967K->1149K(14848K)] 37158K->25348K(48640K), 0.0008160 secs] [Times: user=0.00 sys=0.00, real=0.00 secs] 
358.171: Total time for which application threads were stopped: 0.0436180 seconds, Stopping threads took: 0.0427340 seconds
358.255: Application time: 0.0836260 seconds
358.320: [GC [PSYoungGen: 13667K->758K(14848K)] 37865K->24957K(48640K), 0.0005590 secs] [Times: user=0.00 sys=0.00, real=0.00 secs] 
358.321: Total time for which application threads were stopped: 0.0656320 seconds, Stopping threads took: 0.0649970 seconds
358.407: Application time: 0.0863830 seconds
358.464: [GC [PSYoungGen: 13452K->1572K(14848K)] 37651K->25778K(48640K), 0.0006600 secs] [Times: user=0.00 sys=0.00, real=0.00 secs] 
358.464: Total time for which application threads were stopped: 0.0573230 seconds, Stopping threads took: 0.0565960 seconds
358.563: Application time: 0.0986370 seconds
358.611: [GC [PSYoungGen: 14285K->2044K(14848K)] 38491K->26641K(48640K), 0.0009250 secs] [Times: user=0.00 sys=0.00, real=0.00 secs] 
358.612: Total time for which application threads were stopped: 0.0487790 seconds, Stopping threads took: 0.0477860 seconds
358.711: Application time: 0.0993250 seconds
358.779: [GC [PSYoungGen: 14835K->1181K(14848K)] 39432K->25778K(48640K), 0.0007170 secs] [Times: user=0.00 sys=0.00, real=0.00 secs] 
358.780: Total time for which application threads were stopped: 0.0686160 seconds, Stopping threads took: 0.0678120 seconds
358.861: Application time: 0.0816550 seconds
358.931: [GC [PSYoungGen: 13777K->758K(14848K)] 38374K->25356K(48640K), 0.0005770 secs] [Times: user=0.00 sys=0.00, real=0.00 secs] 
358.931: Total time for which application threads were stopped: 0.0697250 seconds, Stopping threads took: 0.0690550 seconds
359.014: Application time: 0.0827340 seconds
359.083: [GC [PSYoungGen: 13549K->563K(14848K)] 38147K->25160K(48640K), 0.0004830 secs] [Times: user=0.00 sys=0.00, real=0.00 secs] 
359.084: Total time for which application threads were stopped: 0.0697020 seconds, Stopping threads took: 0.0691310 seconds
359.184: Application time: 0.1004740 seconds
359.250: [GC [PSYoungGen: 13354K->352K(14848K)] 37952K->24957K(48640K), 0.0005070 secs] [Times: user=0.01 sys=0.00, real=0.00 secs] 
359.250: Total time for which application threads were stopped: 0.0663260 seconds, Stopping threads took: 0.0657470 seconds
359.330: Application time: 0.0791880 seconds
359.370: [GC [PSYoungGen: 12967K->1149K(14848K)] 37572K->25762K(48640K), 0.0006500 secs] [Times: user=0.01 sys=0.00, real=0.00 secs] 
359.370: Total time for which application threads were stopped: 0.0407120 seconds, Stopping threads took: 0.0399910 seconds
359.453: Application time: 0.0825350 seconds
359.518: [GC [PSYoungGen: 13745K->758K(14848K)] 38358K->25380K(48640K), 0.0005000 secs] [Times: user=0.00 sys=0.00, real=0.00 secs] 
359.519: Total time for which application threads were stopped: 0.0658590 seconds, Stopping threads took: 0.0652780 seconds
359.601: Application time: 0.0820790 seconds
359.659: [GC [PSYoungGen: 13550K->563K(14848K)] 38171K->25184K(48640K), 0.0005210 secs] [Times: user=0.00 sys=0.00, real=0.00 secs] 
359.659: Total time for which application threads were stopped: 0.0586800 seconds, Stopping threads took: 0.0580920 seconds
359.742: Application time: 0.0825160 seconds
359.807: [GC [PSYoungGen: 13276K->304K(14848K)] 37897K->24933K(48640K), 0.0004480 secs] [Times: user=0.00 sys=0.00, real=0.00 secs] 
359.807: Total time for which application threads were stopped: 0.0654950 seconds, Stopping threads took: 0.0649780 seconds
359.885: Application time: 0.0780110 seconds
359.926: [GC [PSYoungGen: 12997K->1117K(14848K)] 37627K->25754K(48640K), 0.0006740 secs] [Times: user=0.01 sys=0.00, real=0.00 secs] 
359.926: Total time for which application threads were stopped: 0.0409720 seconds, Stopping threads took: 0.0402280 seconds
360.010: Application time: 0.0831490 seconds
360.074: [GC [PSYoungGen: 13635K->726K(14848K)] 38272K->25364K(48640K), 0.0005660 secs] [Times: user=0.01 sys=0.00, real=0.00 secs] 
360.074: Total time for which application threads were stopped: 0.0647870 seconds, Stopping threads took: 0.0641400 seconds
360.155: Application time: 0.0807520 seconds
360.212: [GC [PSYoungGen: 13401K->320K(14848K)] 38038K->24965K(48640K), 0.0004270 secs] [Times: user=0.00 sys=0.00, real=0.00 secs] 
360.213: Total time for which application threads were stopped: 0.0575950 seconds, Stopping threads took: 0.0570970 seconds
360.291: Application time: 0.0784130 seconds
360.332: [GC [PSYoungGen: 12935K->1133K(14848K)] 37580K->25778K(48640K), 0.0006330 secs] [Times: user=0.00 sys=0.00, real=0.01 secs] 
360.333: Total time for which application threads were stopped: 0.0419600 seconds, Stopping threads took: 0.0412480 seconds
360.419: Application time: 0.0862010 seconds
360.476: [GC [PSYoungGen: 13924K->986K(14848K)] 38570K->25631K(48640K), 0.0006040 secs] [Times: user=0.01 sys=0.00, real=0.00 secs] 
360.477: Total time for which application threads were stopped: 0.0577640 seconds, Stopping threads took: 0.0561880 seconds
360.560: Application time: 0.0828860 seconds
360.625: [GC [PSYoungGen: 13777K->774K(14848K)] 38422K->25428K(48640K), 0.0005030 secs] [Times: user=0.00 sys=0.00, real=0.01 secs] 
360.625: Total time for which application threads were stopped: 0.0653290 seconds, Stopping threads took: 0.0647480 seconds
360.707: Application time: 0.0820540 seconds
360.760: [GC [PSYoungGen: 13565K->515K(14848K)] 38219K->25168K(48640K), 0.0005430 secs] [Times: user=0.01 sys=0.00, real=0.00 secs] 
360.761: Total time for which application threads were stopped: 0.0534440 seconds, Stopping threads took: 0.0528350 seconds
360.841: Application time: 0.0801290 seconds
360.907: [GC [PSYoungGen: 13228K->320K(14848K)] 37881K->24981K(48640K), 0.0004580 secs] [Times: user=0.00 sys=0.00, real=0.00 secs] 
360.908: Total time for which application threads were stopped: 0.0667510 seconds, Stopping threads took: 0.0662240 seconds
360.985: Application time: 0.0776110 seconds
360.992: [GC [PSYoungGen: 13092K->1897K(14848K)] 37753K->29105K(48640K), 0.0014850 secs] [Times: user=0.01 sys=0.00, real=0.01 secs] 
360.994: Total time for which application threads were stopped: 0.0081850 seconds, Stopping threads took: 0.0066210 seconds
361.105: Application time: 0.1118380 seconds
361.173: [GC [PSYoungGen: 14414K->742K(14848K)] 41623K->27959K(48640K), 0.0005550 secs] [Times: user=0.01 sys=0.00, real=0.01 secs] 
361.174: Total time for which application threads were stopped: 0.0681800 seconds, Stopping threads took: 0.0675460 seconds
361.258: Application time: 0.0840450 seconds
361.317: [GC [PSYoungGen: 13533K->595K(14848K)] 40750K->27819K(48640K), 0.0004650 secs] [Times: user=0.00 sys=0.00, real=0.00 secs] 
361.318: Total time for which application threads were stopped: 0.0602190 seconds, Stopping threads took: 0.0596790 seconds
361.401: Application time: 0.0829070 seconds
361.464: [GC [PSYoungGen: 13308K->336K(14848K)] 40533K->27560K(48640K), 0.0004590 secs] [Times: user=0.00 sys=0.00, real=0.00 secs] 
361.465: Total time for which application threads were stopped: 0.0639510 seconds, Stopping threads took: 0.0634030 seconds
361.543: Application time: 0.0783600 seconds
361.583: [GC [PSYoungGen: 13029K->1117K(14848K)] 40254K->28349K(48640K), 0.0007300 secs] [Times: user=0.00 sys=0.00, real=0.00 secs] 
361.584: Total time for which application threads were stopped: 0.0410380 seconds, Stopping threads took: 0.0402180 seconds
361.685: Application time: 0.1010060 seconds
361.749: [GC [PSYoungGen: 13713K->758K(14848K)] 40946K->27999K(48640K), 0.0005310 secs] [Times: user=0.01 sys=0.00, real=0.00 secs] 
361.749: Total time for which application threads were stopped: 0.0639790 seconds, Stopping threads took: 0.0633660 seconds
361.832: Application time: 0.0824270 seconds
361.896: [GC [PSYoungGen: 13549K->579K(14848K)] 40790K->27820K(48640K), 0.0004810 secs] [Times: user=0.00 sys=0.00, real=0.00 secs] 
361.897: Total time for which application threads were stopped: 0.0649930 seconds, Stopping threads took: 0.0644390 seconds
361.979: Application time: 0.0829200 seconds
362.035: [GC [PSYoungGen: 13292K->288K(14848K)] 40533K->27536K(48640K), 0.0006720 secs] [Times: user=0.00 sys=0.00, real=0.00 secs] 
362.035: Total time for which application threads were stopped: 0.0559740 seconds, Stopping threads took: 0.0552160 seconds
362.113: Application time: 0.0780720 seconds
362.156: [GC [PSYoungGen: 12903K->1133K(14848K)] 40152K->28381K(48640K), 0.0007070 secs] [Times: user=0.00 sys=0.00, real=0.00 secs] 
362.157: Total time for which application threads were stopped: 0.0435040 seconds, Stopping threads took: 0.0427090 seconds
362.241: Application time: 0.0839050 seconds
362.304: [GC [PSYoungGen: 13729K->742K(14848K)] 40978K->27999K(48640K), 0.0005560 secs] [Times: user=0.01 sys=0.00, real=0.00 secs] 
362.305: Total time for which application threads were stopped: 0.0636990 seconds, Stopping threads took: 0.0630660 seconds
362.388: Application time: 0.0831530 seconds
362.448: [GC [PSYoungGen: 13416K->320K(14848K)] 40673K->27576K(48640K), 0.0004830 secs] [Times: user=0.01 sys=0.00, real=0.00 secs] 
362.448: Total time for which application threads were stopped: 0.0603600 seconds, Stopping threads took: 0.0598070 seconds
362.526: Application time: 0.0782880 seconds
362.569: [GC [PSYoungGen: 12935K->1864K(14848K)] 40192K->29520K(48640K), 0.0008560 secs] [Times: user=0.01 sys=0.00, real=0.00 secs] 
362.569: Total time for which application threads were stopped: 0.0430580 seconds, Stopping threads took: 0.0421310 seconds
362.652: Application time: 0.0822600 seconds
362.708: [GC [PSYoungGen: 14558K->1946K(14848K)] 42213K->29609K(48640K), 0.0008020 secs] [Times: user=0.01 sys=0.00, real=0.00 secs] 
362.708: Total time for which application threads were stopped: 0.0566190 seconds, Stopping threads took: 0.0557550 seconds
362.809: Application time: 0.1005950 seconds
362.873: [GC [PSYoungGen: 14562K->563K(14848K)] 42225K->28234K(48640K), 0.0005210 secs] [Times: user=0.00 sys=0.00, real=0.00 secs] 
362.874: Total time for which application threads were stopped: 0.0649000 seconds, Stopping threads took: 0.0642970 seconds
362.954: Application time: 0.0805260 seconds
363.012: [GC [PSYoungGen: 13354K->304K(14848K)] 41026K->27975K(48640K), 0.0006220 secs] [Times: user=0.00 sys=0.00, real=0.01 secs] 
363.013: Total time for which application threads were stopped: 0.0587450 seconds, Stopping threads took: 0.0580350 seconds
363.091: Application time: 0.0781400 seconds
363.131: [GC [PSYoungGen: 12919K->2044K(14848K)] 40590K->29918K(48640K), 0.0008890 secs] [Times: user=0.00 sys=0.00, real=0.00 secs] 
363.132: Total time for which application threads were stopped: 0.0408460 seconds, Stopping threads took: 0.0398850 seconds
363.214: Application time: 0.0814980 seconds
363.282: [GC [PSYoungGen: 14796K->790K(14848K)] 42671K->28665K(48640K), 0.0006670 secs] [Times: user=0.00 sys=0.00, real=0.00 secs] 
363.283: Total time for which application threads were stopped: 0.0694230 seconds, Stopping threads took: 0.0686750 seconds
363.366: Application time: 0.0834310 seconds
363.431: [GC [PSYoungGen: 13503K->515K(14848K)] 41378K->28397K(48640K), 0.0005230 secs] [Times: user=0.00 sys=0.00, real=0.00 secs] 
363.431: Total time for which application threads were stopped: 0.0648470 seconds, Stopping threads took: 0.0642470 seconds
363.512: Application time: 0.0805740 seconds
363.576: [GC [PSYoungGen: 13306K->336K(14848K)] 41189K->28218K(48640K), 0.0005820 secs] [Times: user=0.00 sys=0.00, real=0.00 secs] 
363.577: Total time for which application threads were stopped: 0.0648880 seconds, Stopping threads took: 0.0642380 seconds
363.656: Application time: 0.0788790 seconds
363.697: [GC [PSYoungGen: 12951K->1165K(14848K)] 40834K->29055K(48640K), 0.0006030 secs] [Times: user=0.00 sys=0.00, real=0.00 secs] 
363.697: Total time for which application threads were stopped: 0.0414790 seconds, Stopping threads took: 0.0408040 seconds
363.781: Application time: 0.0837030 seconds
363.833: [GC [PSYoungGen: 13956K->986K(14848K)] 41847K->28892K(48640K), 0.0006870 secs] [Times: user=0.00 sys=0.00, real=0.00 secs] 
363.834: Total time for which application threads were stopped: 0.0533230 seconds, Stopping threads took: 0.0525460 seconds
363.916: Application time: 0.0818690 seconds
363.982: [GC [PSYoungGen: 13699K->774K(14848K)] 41605K->28689K(48640K), 0.0005500 secs] [Times: user=0.00 sys=0.00, real=0.00 secs] 
363.983: Total time for which application threads were stopped: 0.0666520 seconds, Stopping threads took: 0.0660040 seconds
364.063: Application time: 0.0801830 seconds
364.118: [GC [PSYoungGen: 13468K->1524K(14848K)] 41382K->29438K(48640K), 0.0008110 secs] [Times: user=0.00 sys=0.00, real=0.00 secs] 
364.119: Total time for which application threads were stopped: 0.0561380 seconds, Stopping threads took: 0.0552330 seconds
364.214: Application time: 0.0948890 seconds
364.285: [GC [PSYoungGen: 14315K->1344K(14848K)] 42229K->29259K(48640K), 0.0008340 secs] [Times: user=0.00 sys=0.01, real=0.01 secs] 
364.286: Total time for which application threads were stopped: 0.0719690 seconds, Stopping threads took: 0.0710600 seconds
364.390: Application time: 0.1041290 seconds
364.458: [GC [PSYoungGen: 14057K->1149K(14848K)] 41972K->29071K(48640K), 0.0006730 secs] [Times: user=0.01 sys=0.00, real=0.00 secs] 
364.459: Total time for which application threads were stopped: 0.0687250 seconds, Stopping threads took: 0.0679820 seconds
364.543: Application time: 0.0839040 seconds
364.607: [GC [PSYoungGen: 13745K->790K(14848K)] 41667K->28721K(48640K), 0.0008370 secs] [Times: user=0.00 sys=0.00, real=0.00 secs] 
364.608: Total time for which application threads were stopped: 0.0650340 seconds, Stopping threads took: 0.0640910 seconds
364.698: Application time: 0.0900270 seconds
364.767: [GC [PSYoungGen: 13503K->515K(14848K)] 41434K->28445K(48640K), 0.0007580 secs] [Times: user=0.00 sys=0.00, real=0.00 secs] 
364.768: Total time for which application threads were stopped: 0.0701550 seconds, Stopping threads took: 0.0693190 seconds
364.847: Application time: 0.0787810 seconds
364.890: [GC [PSYoungGen: 13287K->1328K(14848K)] 41217K->29267K(48640K), 0.0007590 secs] [Times: user=0.00 sys=0.00, real=0.00 secs] 
364.890: Total time for which application threads were stopped: 0.0437250 seconds, Stopping threads took: 0.0428700 seconds
364.994: Application time: 0.1036680 seconds
365.056: [GC [PSYoungGen: 13807K->774K(14848K)] 41746K->28713K(48640K), 0.0005650 secs] [Times: user=0.00 sys=0.00, real=0.00 secs] 
365.057: Total time for which application threads were stopped: 0.0627680 seconds, Stopping threads took: 0.0621290 seconds
365.140: Application time: 0.0835920 seconds
365.194: [GC [PSYoungGen: 13487K->579K(14848K)] 41426K->28525K(48640K), 0.0005270 secs] [Times: user=0.00 sys=0.00, real=0.00 secs] 
365.195: Total time for which application threads were stopped: 0.0543770 seconds, Stopping threads took: 0.0537710 seconds
365.277: Application time: 0.0822960 seconds
365.341: [GC [PSYoungGen: 13370K->336K(14848K)] 41317K->28282K(48640K), 0.0004890 secs] [Times: user=0.00 sys=0.00, real=0.00 secs] 
365.341: Total time for which application threads were stopped: 0.0643580 seconds, Stopping threads took: 0.0638010 seconds
365.421: Application time: 0.0795070 seconds
365.461: [GC [PSYoungGen: 12951K->1133K(14848K)] 40898K->29087K(48640K), 0.0006730 secs] [Times: user=0.00 sys=0.00, real=0.00 secs] 
365.462: Total time for which application threads were stopped: 0.0409570 seconds, Stopping threads took: 0.0402180 seconds
365.567: Application time: 0.1048500 seconds
365.627: [GC [PSYoungGen: 13651K->758K(14848K)] 41605K->28713K(48640K), 0.0005980 secs] [Times: user=0.00 sys=0.00, real=0.00 secs] 
365.628: Total time for which application threads were stopped: 0.0616920 seconds, Stopping threads took: 0.0600900 seconds
365.711: Application time: 0.0829450 seconds
365.778: [GC [PSYoungGen: 13432K->336K(14848K)] 41387K->28298K(48640K), 0.0005180 secs] [Times: user=0.00 sys=0.00, real=0.00 secs] 
365.779: Total time for which application threads were stopped: 0.0672610 seconds, Stopping threads took: 0.0666420 seconds
365.861: Application time: 0.0821800 seconds
365.912: [GC [PSYoungGen: 12951K->1133K(14848K)] 40914K->29095K(48640K), 0.0007220 secs] [Times: user=0.00 sys=0.00, real=0.00 secs] 
365.913: Total time for which application threads were stopped: 0.0520980 seconds, Stopping threads took: 0.0512820 seconds
365.998: Application time: 0.0852720 seconds
366.061: [GC [PSYoungGen: 13651K->742K(14848K)] 41613K->28713K(48640K), 0.0006090 secs] [Times: user=0.00 sys=0.00, real=0.00 secs] 
366.061: Total time for which application threads were stopped: 0.0629260 seconds, Stopping threads took: 0.0622260 seconds
366.144: Application time: 0.0831950 seconds
366.200: [GC [PSYoungGen: 13534K->547K(14848K)] 41504K->28517K(48640K), 0.0004980 secs] [Times: user=0.00 sys=0.00, real=0.00 secs] 
366.201: Total time for which application threads were stopped: 0.0562530 seconds, Stopping threads took: 0.0556850 seconds
366.284: Application time: 0.0829120 seconds
366.349: [GC [PSYoungGen: 13338K->304K(14848K)] 41309K->28282K(48640K), 0.0004240 secs] [Times: user=0.00 sys=0.00, real=0.00 secs] 
366.349: Total time for which application threads were stopped: 0.0656460 seconds, Stopping threads took: 0.0651380 seconds
366.427: Application time: 0.0776700 seconds
366.466: [GC [PSYoungGen: 13017K->1946K(14848K)] 40995K->30323K(48640K), 0.0010720 secs] [Times: user=0.01 sys=0.00, real=0.00 secs] 
366.467: Total time for which application threads were stopped: 0.0405470 seconds, Stopping threads took: 0.0393810 seconds
366.552: Application time: 0.0849840 seconds
366.617: [GC [PSYoungGen: 14523K->758K(14848K)] 42900K->29135K(48640K), 0.0005680 secs] [Times: user=0.00 sys=0.00, real=0.00 secs] 
366.617: Total time for which application threads were stopped: 0.0648270 seconds, Stopping threads took: 0.0641640 seconds
366.704: Application time: 0.0867990 seconds
366.778: [GC [PSYoungGen: 13471K->579K(14848K)] 41849K->28964K(48640K), 0.0005570 secs] [Times: user=0.00 sys=0.00, real=0.00 secs] 
366.778: Total time for which application threads were stopped: 0.0743790 seconds, Stopping threads took: 0.0737340 seconds
366.860: Application time: 0.0819430 seconds
366.913: [GC [PSYoungGen: 13379K->320K(14848K)] 41764K->28705K(48640K), 0.0004750 secs] [Times: user=0.01 sys=0.00, real=0.00 secs] 
366.913: Total time for which application threads were stopped: 0.0526680 seconds, Stopping threads took: 0.0521020 seconds
366.992: Application time: 0.0785690 seconds
367.032: [GC [PSYoungGen: 13003K->1165K(14848K)] 41388K->29558K(48640K), 0.0006130 secs] [Times: user=0.00 sys=0.00, real=0.00 secs] 
367.033: Total time for which application threads were stopped: 0.0412770 seconds, Stopping threads took: 0.0405890 seconds
367.115: Application time: 0.0820170 seconds
367.185: [GC [PSYoungGen: 13839K->742K(14848K)] 42232K->29143K(48640K), 0.0005570 secs] [Times: user=0.00 sys=0.00, real=0.01 secs] 
367.185: Total time for which application threads were stopped: 0.0703880 seconds, Stopping threads took: 0.0697400 seconds
367.272: Application time: 0.0870350 seconds
367.335: [GC [PSYoungGen: 13455K->563K(14848K)] 41857K->28964K(48640K), 0.0006090 secs] [Times: user=0.01 sys=0.00, real=0.00 secs] 
367.336: Total time for which application threads were stopped: 0.0634090 seconds, Stopping threads took: 0.0627020 seconds
367.424: Application time: 0.0886250 seconds
367.494: [GC [PSYoungGen: 13276K->304K(14848K)] 41677K->28713K(48640K), 0.0005030 secs] [Times: user=0.00 sys=0.00, real=0.00 secs] 
367.494: Total time for which application threads were stopped: 0.0698040 seconds, Stopping threads took: 0.0692250 seconds
367.580: Application time: 0.0855570 seconds
367.624: [GC [PSYoungGen: 12997K->1865K(14848K)] 41406K->30664K(48640K), 0.0010290 secs] [Times: user=0.00 sys=0.00, real=0.00 secs] 
367.625: Total time for which application threads were stopped: 0.0451730 seconds, Stopping threads took: 0.0440470 seconds
367.714: Application time: 0.0889030 seconds
367.784: [GC [PSYoungGen: 14558K->1946K(14848K)] 43358K->30746K(48640K), 0.0008340 secs] [Times: user=0.00 sys=0.00, real=0.00 secs] 
367.785: Total time for which application threads were stopped: 0.0710080 seconds, Stopping threads took: 0.0700950 seconds
367.885: Application time: 0.1003380 seconds
367.961: [GC [PSYoungGen: 14659K->1767K(14848K)] 43459K->30575K(48640K), 0.0007650 secs] [Times: user=0.00 sys=0.00, real=0.00 secs] 
367.962: Total time for which application threads were stopped: 0.0769840 seconds, Stopping threads took: 0.0761450 seconds
368.051: Application time: 0.0884150 seconds
368.121: [GC [PSYoungGen: 14558K->1540K(14848K)] 43366K->30347K(48640K), 0.0007310 secs] [Times: user=0.00 sys=0.00, real=0.00 secs] 
368.122: Total time for which application threads were stopped: 0.0711000 seconds, Stopping threads took: 0.0702890 seconds
368.221: Application time: 0.0996300 seconds
368.293: [GC [PSYoungGen: 14331K->1312K(14848K)] 43139K->30120K(48640K), 0.0009790 secs] [Times: user=0.00 sys=0.00, real=0.00 secs] 
368.294: Total time for which application threads were stopped: 0.0728110 seconds, Stopping threads took: 0.0717540 seconds
368.404: Application time: 0.1095510 seconds
368.477: [GC [PSYoungGen: 14025K->1181K(14848K)] 42833K->29997K(48640K), 0.0009050 secs] [Times: user=0.00 sys=0.00, real=0.00 secs] 
368.478: Total time for which application threads were stopped: 0.0742650 seconds, Stopping threads took: 0.0732830 seconds
368.568: Application time: 0.0900420 seconds
368.641: [GC [PSYoungGen: 13777K->774K(14848K)] 42593K->29598K(48640K), 0.0005560 secs] [Times: user=0.00 sys=0.00, real=0.00 secs] 
368.642: Total time for which application threads were stopped: 0.0741050 seconds, Stopping threads took: 0.0734370 seconds
368.735: Application time: 0.0928920 seconds
368.811: [GC [PSYoungGen: 13566K->515K(14848K)] 42389K->29339K(48640K), 0.0006730 secs] [Times: user=0.01 sys=0.00, real=0.00 secs] 
368.812: Total time for which application threads were stopped: 0.0768180 seconds, Stopping threads took: 0.0760760 seconds
368.899: Application time: 0.0872500 seconds
368.974: [GC [PSYoungGen: 13304K->320K(14848K)] 42128K->29151K(48640K), 0.0004790 secs] [Times: user=0.00 sys=0.00, real=0.00 secs] 
368.974: Total time for which application threads were stopped: 0.0749850 seconds, Stopping threads took: 0.0744360 seconds
369.059: Application time: 0.0847950 seconds
369.102: [GC [PSYoungGen: 12935K->2044K(14848K)] 41767K->31071K(48640K), 0.0009290 secs] [Times: user=0.01 sys=0.00, real=0.00 secs] 
369.103: Total time for which application threads were stopped: 0.0443190 seconds, Stopping threads took: 0.0433130 seconds
369.200: Application time: 0.0968740 seconds
369.274: [GC [PSYoungGen: 14640K->1848K(14848K)] 43667K->30884K(48640K), 0.0009100 secs] [Times: user=0.00 sys=0.00, real=0.00 secs] 
369.275: Total time for which application threads were stopped: 0.0753840 seconds, Stopping threads took: 0.0743710 seconds
369.367: Application time: 0.0914940 seconds
369.444: [GC [PSYoungGen: 14562K->595K(14848K)] 43597K->29638K(48640K), 0.0005940 secs] [Times: user=0.00 sys=0.00, real=0.00 secs] 
369.444: Total time for which application threads were stopped: 0.0773410 seconds, Stopping threads took: 0.0766750 seconds
369.530: Application time: 0.0854050 seconds
369.576: [GC [PSYoungGen: 13367K->1376K(14848K)] 42410K->30435K(48640K), 0.0006920 secs] [Times: user=0.00 sys=0.00, real=0.00 secs] 
369.577: Total time for which application threads were stopped: 0.0470100 seconds, Stopping threads took: 0.0462470 seconds
369.684: Application time: 0.1075590 seconds
369.761: [GC [PSYoungGen: 14089K->1085K(14848K)] 43149K->30144K(48640K), 0.0006640 secs] [Times: user=0.00 sys=0.00, real=0.00 secs] 
369.762: Total time for which application threads were stopped: 0.0773160 seconds, Stopping threads took: 0.0765770 seconds
369.857: Application time: 0.0957960 seconds
369.932: [GC [PSYoungGen: 13603K->806K(14848K)] 42662K->29865K(48640K), 0.0007090 secs] [Times: user=0.01 sys=0.00, real=0.00 secs] 
369.932: Total time for which application threads were stopped: 0.0749360 seconds, Stopping threads took: 0.0741480 seconds
370.023: Application time: 0.0905630 seconds
370.094: [GC [PSYoungGen: 13559K->272K(14848K)] 42618K->29339K(48640K), 0.0004850 secs] [Times: user=0.01 sys=0.00, real=0.00 secs] 
370.094: Total time for which application threads were stopped: 0.0713340 seconds, Stopping threads took: 0.0707840 seconds
370.181: Application time: 0.0864420 seconds
370.237: [GC [PSYoungGen: 12887K->1181K(14848K)] 41954K->30256K(48640K), 0.0006340 secs] [Times: user=0.01 sys=0.00, real=0.00 secs] 
370.238: Total time for which application threads were stopped: 0.0571810 seconds, Stopping threads took: 0.0564740 seconds
370.329: Application time: 0.0912200 seconds
370.395: [GC [PSYoungGen: 13777K->726K(14848K)] 42852K->29801K(48640K), 0.0005390 secs] [Times: user=0.01 sys=0.00, real=0.00 secs] 
370.395: Total time for which application threads were stopped: 0.0662970 seconds, Stopping threads took: 0.0656790 seconds
370.485: Application time: 0.0894530 seconds
370.556: [GC [PSYoungGen: 13517K->579K(14848K)] 42593K->29662K(48640K), 0.0007230 secs] [Times: user=0.01 sys=0.00, real=0.00 secs] 
370.557: Total time for which application threads were stopped: 0.0722850 seconds, Stopping threads took: 0.0714790 seconds
370.644: Application time: 0.0873080 seconds
370.714: [GC [PSYoungGen: 13292K->320K(14848K)] 42375K->29411K(48640K), 0.0005040 secs] [Times: user=0.00 sys=0.00, real=0.00 secs] 
370.715: Total time for which application threads were stopped: 0.0705710 seconds, Stopping threads took: 0.0699980 seconds
370.800: Application time: 0.0850200 seconds
370.846: [GC [PSYoungGen: 13091K->1149K(14848K)] 42182K->30240K(48640K), 0.0006580 secs] [Times: user=0.01 sys=0.00, real=0.00 secs] 
370.847: Total time for which application threads were stopped: 0.0467570 seconds, Stopping threads took: 0.0460250 seconds
370.937: Application time: 0.0898890 seconds
371.005: [GC [PSYoungGen: 13862K->970K(14848K)] 42953K->30069K(48640K), 0.0005750 secs] [Times: user=0.01 sys=0.00, real=0.00 secs] 
371.006: Total time for which application threads were stopped: 0.0692960 seconds, Stopping threads took: 0.0686530 seconds
371.108: Application time: 0.1018050 seconds
371.177: [GC [PSYoungGen: 13683K->758K(14848K)] 42782K->29865K(48640K), 0.0005180 secs] [Times: user=0.00 sys=0.00, real=0.00 secs] 
371.178: Total time for which application threads were stopped: 0.0701100 seconds, Stopping threads took: 0.0695180 seconds
371.266: Application time: 0.0879190 seconds
371.337: [GC [PSYoungGen: 13549K->547K(14848K)] 42657K->29662K(48640K), 0.0005010 secs] [Times: user=0.01 sys=0.00, real=0.00 secs] 
371.337: Total time for which application threads were stopped: 0.0714370 seconds, Stopping threads took: 0.0708480 seconds
371.420: Application time: 0.0831980 seconds
371.484: [GC [PSYoungGen: 13260K->320K(14848K)] 42375K->29435K(48640K), 0.0006100 secs] [Times: user=0.00 sys=0.00, real=0.00 secs] 
371.485: Total time for which application threads were stopped: 0.0644730 seconds, Stopping threads took: 0.0637720 seconds
371.564: Application time: 0.0786900 seconds
371.604: [GC [PSYoungGen: 12935K->1133K(14848K)] 42050K->30256K(48640K), 0.0008220 secs] [Times: user=0.00 sys=0.00, real=0.00 secs] 
371.605: Total time for which application threads were stopped: 0.0414400 seconds, Stopping threads took: 0.0405240 seconds
371.687: Application time: 0.0821680 seconds
371.750: [GC [PSYoungGen: 13729K->726K(14848K)] 42852K->29849K(48640K), 0.0005410 secs] [Times: user=0.00 sys=0.00, real=0.00 secs] 
371.750: Total time for which application threads were stopped: 0.0631910 seconds, Stopping threads took: 0.0625710 seconds
371.832: Application time: 0.0812140 seconds
371.886: [GC [PSYoungGen: 13439K->611K(14848K)] 42563K->29742K(48640K), 0.0004630 secs] [Times: user=0.01 sys=0.00, real=0.00 secs] 
371.887: Total time for which application threads were stopped: 0.0552150 seconds, Stopping threads took: 0.0546840 seconds
371.969: Application time: 0.0820130 seconds
372.035: [GC [PSYoungGen: 13411K->288K(14848K)] 42542K->29419K(48640K), 0.0004740 secs] [Times: user=0.00 sys=0.00, real=0.00 secs] 
372.035: Total time for which application threads were stopped: 0.0665020 seconds, Stopping threads took: 0.0659540 seconds
372.129: Application time: 0.0939950 seconds
372.184: [GC [PSYoungGen: 12739K->774K(14848K)] 41870K->29905K(48640K), 0.0006030 secs] [Times: user=0.00 sys=0.00, real=0.00 secs] 
372.185: Total time for which application threads were stopped: 0.0553610 seconds, Stopping threads took: 0.0546640 seconds
372.284: Application time: 0.0988920 seconds
372.352: [GC [PSYoungGen: 13566K->563K(14848K)] 42697K->29702K(48640K), 0.0004360 secs] [Times: user=0.00 sys=0.00, real=0.00 secs] 
372.352: Total time for which application threads were stopped: 0.0686510 seconds, Stopping threads took: 0.0681400 seconds
372.433: Application time: 0.0810870 seconds
372.496: [GC [PSYoungGen: 13354K->320K(14848K)] 42494K->29459K(48640K), 0.0005610 secs] [Times: user=0.00 sys=0.00, real=0.00 secs] 
372.496: Total time for which application threads were stopped: 0.0631130 seconds, Stopping threads took: 0.0624770 seconds
372.575: Application time: 0.0786680 seconds
372.614: [GC [PSYoungGen: 13033K->1881K(14848K)] 42172K->32590K(48640K), 0.0012500 secs] [Times: user=0.01 sys=0.00, real=0.00 secs] 
372.615: Total time for which application threads were stopped: 0.0402770 seconds, Stopping threads took: 0.0389530 seconds
372.701: Application time: 0.0859780 seconds
372.772: [GC [PSYoungGen: 14301K->790K(14848K)] 45010K->31508K(48640K), 0.0008380 secs] [Times: user=0.00 sys=0.00, real=0.00 secs] 
372.773: Total time for which application threads were stopped: 0.0714610 seconds, Stopping threads took: 0.0705370 seconds
372.860: Application time: 0.0868320 seconds
372.927: [GC [PSYoungGen: 13503K->531K(14848K)] 44221K->31249K(48640K), 0.0005230 secs] [Times: user=0.00 sys=0.00, real=0.00 secs] 
372.928: Total time for which application threads were stopped: 0.0682960 seconds, Stopping threads took: 0.0676970 seconds
373.009: Application time: 0.0814240 seconds
373.071: [GC [PSYoungGen: 13322K->320K(14848K)] 44040K->31045K(48640K), 0.0004540 secs] [Times: user=0.00 sys=0.00, real=0.00 secs] 
373.072: Total time for which application threads were stopped: 0.0624210 seconds, Stopping threads took: 0.0618980 seconds
373.151: Application time: 0.0789480 seconds
373.194: [GC [PSYoungGen: 13013K->1149K(14848K)] 43739K->31875K(48640K), 0.0006890 secs] [Times: user=0.00 sys=0.00, real=0.00 secs] 
373.194: Total time for which application threads were stopped: 0.0436910 seconds, Stopping threads took: 0.0429260 seconds
373.277: Application time: 0.0822880 seconds
373.344: [GC [PSYoungGen: 13667K->726K(14848K)] 44392K->31452K(48640K), 0.0005590 secs] [Times: user=0.00 sys=0.00, real=0.00 secs] 
373.344: Total time for which application threads were stopped: 0.0675260 seconds, Stopping threads took: 0.0669000 seconds
373.425: Application time: 0.0808130 seconds
373.481: [GC [PSYoungGen: 13518K->547K(14848K)] 44243K->31281K(48640K), 0.0005250 secs] [Times: user=0.00 sys=0.00, real=0.00 secs] 
373.481: Total time for which application threads were stopped: 0.0563350 seconds, Stopping threads took: 0.0557310 seconds
373.568: Application time: 0.0862610 seconds
373.627: [GC [PSYoungGen: 13221K->1962K(14848K)] 43955K->33087K(48640K), 0.0008750 secs] [Times: user=0.00 sys=0.00, real=0.00 secs] 
373.628: Total time for which application threads were stopped: 0.0600730 seconds, Stopping threads took: 0.0591300 seconds
373.711: Application time: 0.0834470 seconds
373.779: [GC [PSYoungGen: 14577K->986K(14848K)] 45702K->32110K(48640K), 0.0005460 secs] [Times: user=0.01 sys=0.00, real=0.00 secs] 
373.780: Total time for which application threads were stopped: 0.0687150 seconds, Stopping threads took: 0.0680980 seconds
373.885: Application time: 0.1048740 seconds
373.952: [GC [PSYoungGen: 13777K->726K(14848K)] 44901K->31859K(48640K), 0.0005040 secs] [Times: user=0.00 sys=0.00, real=0.00 secs] 
373.952: Total time for which application threads were stopped: 0.0675070 seconds, Stopping threads took: 0.0669370 seconds
374.037: Application time: 0.0842640 seconds
374.092: [GC [PSYoungGen: 13420K->1572K(14848K)] 44552K->32704K(48640K), 0.0008420 secs] [Times: user=0.00 sys=0.00, real=0.00 secs] 
374.093: Total time for which application threads were stopped: 0.0560470 seconds, Stopping threads took: 0.0551250 seconds
374.187: Application time: 0.0942450 seconds
374.258: [GC [PSYoungGen: 14363K->1328K(14848K)] 45495K->32469K(48640K), 0.0008160 secs] [Times: user=0.01 sys=0.00, real=0.00 secs] 
374.259: Total time for which application threads were stopped: 0.0723600 seconds, Stopping threads took: 0.0714490 seconds
374.366: Application time: 0.1068010 seconds
374.427: [GC [PSYoungGen: 14041K->1165K(14848K)] 45182K->32313K(48640K), 0.0006230 secs] [Times: user=0.00 sys=0.00, real=0.00 secs] 
374.428: Total time for which application threads were stopped: 0.0620320 seconds, Stopping threads took: 0.0613400 seconds
374.522: Application time: 0.0934060 seconds
374.594: [GC [PSYoungGen: 13761K->742K(14848K)] 44909K->31899K(48640K), 0.0006880 secs] [Times: user=0.00 sys=0.00, real=0.00 secs] 
374.595: Total time for which application threads were stopped: 0.0735810 seconds, Stopping threads took: 0.0728130 seconds
374.677: Application time: 0.0814480 seconds
374.742: [GC [PSYoungGen: 13534K->579K(14848K)] 44690K->31743K(48640K), 0.0005470 secs] [Times: user=0.00 sys=0.00, real=0.00 secs] 
374.743: Total time for which application threads were stopped: 0.0664700 seconds, Stopping threads took: 0.0658500 seconds
374.831: Application time: 0.0878910 seconds
374.893: [GC [PSYoungGen: 12999K->1165K(14848K)] 44163K->32329K(48640K), 0.0006480 secs] [Times: user=0.01 sys=0.00, real=0.00 secs] 
374.894: Total time for which application threads were stopped: 0.0630010 seconds, Stopping threads took: 0.0622880 seconds
374.990: Application time: 0.0962740 seconds
375.054: [GC [PSYoungGen: 13839K->726K(14848K)] 45004K->31891K(48640K), 0.0007180 secs] [Times: user=0.01 sys=0.00, real=0.00 secs] 
375.055: Total time for which application threads were stopped: 0.0648960 seconds, Stopping threads took: 0.0640900 seconds
375.145: Application time: 0.0899980 seconds
375.206: [GC [PSYoungGen: 13439K->563K(14848K)] 44604K->31727K(48640K), 0.0007360 secs] [Times: user=0.00 sys=0.00, real=0.00 secs] 
375.207: Total time for which application threads were stopped: 0.0621470 seconds, Stopping threads took: 0.0613120 seconds
375.289: Application time: 0.0821840 seconds
375.354: [GC [PSYoungGen: 13276K->352K(14848K)] 44440K->31524K(48640K), 0.0006230 secs] [Times: user=0.01 sys=0.00, real=0.00 secs] 
375.356: Total time for which application threads were stopped: 0.0665590 seconds, Stopping threads took: 0.0649170 seconds
375.434: Application time: 0.0784190 seconds
375.476: [GC [PSYoungGen: 13045K->2028K(14848K)] 44218K->33404K(48640K), 0.0010910 secs] [Times: user=0.01 sys=0.00, real=0.00 secs] 
375.478: Total time for which application threads were stopped: 0.0431740 seconds, Stopping threads took: 0.0419870 seconds
375.562: Application time: 0.0841940 seconds
375.630: [GC [PSYoungGen: 14546K->726K(14848K)] 45921K->32102K(48640K), 0.0007740 secs] [Times: user=0.00 sys=0.00, real=0.00 secs] 
375.631: Total time for which application threads were stopped: 0.0688830 seconds, Stopping threads took: 0.0680390 seconds
375.713: Application time: 0.0826270 seconds
375.772: [GC [PSYoungGen: 13439K->531K(14848K)] 44815K->31915K(48640K), 0.0005960 secs] [Times: user=0.00 sys=0.00, real=0.00 secs] 
375.772: Total time for which application threads were stopped: 0.0588880 seconds, Stopping threads took: 0.0581950 seconds
375.865: Application time: 0.0931460 seconds
375.931: [GC [PSYoungGen: 13303K->1360K(14848K)] 44687K->32752K(48640K), 0.0008610 secs] [Times: user=0.00 sys=0.00, real=0.00 secs] 
375.932: Total time for which application threads were stopped: 0.0668490 seconds, Stopping threads took: 0.0658940 seconds
376.035: Application time: 0.1026380 seconds
376.098: [GC [PSYoungGen: 14152K->1165K(14848K)] 45543K->32557K(48640K), 0.0007450 secs] [Times: user=0.00 sys=0.00, real=0.00 secs] 
376.099: Total time for which application threads were stopped: 0.0643730 seconds, Stopping threads took: 0.0635380 seconds
376.198: Application time: 0.0988520 seconds
376.257: [GC [PSYoungGen: 13839K->742K(14848K)] 45231K->32142K(48640K), 0.0007280 secs] [Times: user=0.01 sys=0.00, real=0.00 secs] 
376.258: Total time for which application threads were stopped: 0.0598190 seconds, Stopping threads took: 0.0590180 seconds
376.341: Application time: 0.0828470 seconds
376.403: [GC [PSYoungGen: 13533K->531K(14848K)] 44933K->31939K(48640K), 0.0007520 secs] [Times: user=0.01 sys=0.00, real=0.00 secs] 
376.403: Total time for which application threads were stopped: 0.0626510 seconds, Stopping threads took: 0.0617960 seconds
376.485: Application time: 0.0818310 seconds
376.544: [GC [PSYoungGen: 13322K->352K(14848K)] 44730K->31767K(48640K), 0.0006930 secs] [Times: user=0.00 sys=0.00, real=0.00 secs] 
376.544: Total time for which application threads were stopped: 0.0591350 seconds, Stopping threads took: 0.0583480 seconds
376.624: Application time: 0.0794560 seconds
376.663: [GC [PSYoungGen: 12967K->1165K(14848K)] 44383K->32581K(48640K), 0.0008860 secs] [Times: user=0.00 sys=0.00, real=0.00 secs] 
376.664: Total time for which application threads were stopped: 0.0404820 seconds, Stopping threads took: 0.0395060 seconds
376.749: Application time: 0.0843460 seconds
376.812: [GC [PSYoungGen: 13683K->758K(14848K)] 45098K->32182K(48640K), 0.0005460 secs] [Times: user=0.00 sys=0.00, real=0.00 secs] 
376.813: Total time for which application threads were stopped: 0.0639940 seconds, Stopping threads took: 0.0633700 seconds
376.896: Application time: 0.0833820 seconds
376.951: [GC [PSYoungGen: 13374K->1571K(14848K)] 44797K->33003K(48640K), 0.0008780 secs] [Times: user=0.00 sys=0.00, real=0.00 secs] 
376.952: Total time for which application threads were stopped: 0.0559470 seconds, Stopping threads took: 0.0549690 seconds
377.050: Application time: 0.0976520 seconds
377.113: [GC [PSYoungGen: 14284K->1376K(14848K)] 45716K->32808K(48640K), 0.0006560 secs] [Times: user=0.01 sys=0.00, real=0.00 secs] 
377.114: Total time for which application threads were stopped: 0.0645430 seconds, Stopping threads took: 0.0637980 seconds
377.223: Application time: 0.1087930 seconds
377.281: [GC [PSYoungGen: 14168K->1149K(14848K)] 45599K->32589K(48640K), 0.0007450 secs] [Times: user=0.00 sys=0.00, real=0.00 secs] 
377.282: Total time for which application threads were stopped: 0.0592190 seconds, Stopping threads took: 0.0583890 seconds
377.364: Application time: 0.0822290 seconds
377.430: [GC [PSYoungGen: 13667K->774K(14848K)] 45106K->32214K(48640K), 0.0005340 secs] [Times: user=0.00 sys=0.00, real=0.00 secs] 
377.431: Total time for which application threads were stopped: 0.0662370 seconds, Stopping threads took: 0.0656310 seconds
377.514: Application time: 0.0831930 seconds
377.572: [GC [PSYoungGen: 13448K->352K(14848K)] 44888K->31791K(48640K), 0.0007180 secs] [Times: user=0.00 sys=0.01, real=0.01 secs] 
377.573: Total time for which application threads were stopped: 0.0593770 seconds, Stopping threads took: 0.0585820 seconds
377.651: Application time: 0.0780460 seconds
377.694: [GC [PSYoungGen: 13124K->1181K(14848K)] 44563K->32629K(48640K), 0.0008720 secs] [Times: user=0.01 sys=0.00, real=0.00 secs] 
377.695: Total time for which application threads were stopped: 0.0437920 seconds, Stopping threads took: 0.0428320 seconds
377.779: Application time: 0.0834800 seconds
377.837: [GC [PSYoungGen: 13777K->726K(14848K)] 45225K->32174K(48640K), 0.0007210 secs] [Times: user=0.01 sys=0.00, real=0.00 secs] 
377.838: Total time for which application threads were stopped: 0.0594290 seconds, Stopping threads took: 0.0586290 seconds
377.937: Application time: 0.0989670 seconds
378.002: [GC [PSYoungGen: 13372K->272K(14848K)] 44820K->31719K(48640K), 0.0005260 secs] [Times: user=0.00 sys=0.00, real=0.00 secs] 
378.003: Total time for which application threads were stopped: 0.0660900 seconds, Stopping threads took: 0.0654810 seconds
378.080: Application time: 0.0772680 seconds
378.120: [GC [PSYoungGen: 12885K->1133K(14848K)] 44333K->32589K(48640K), 0.0006470 secs] [Times: user=0.00 sys=0.00, real=0.00 secs] 
378.121: Total time for which application threads were stopped: 0.0407520 seconds, Stopping threads took: 0.0400230 seconds
378.198: Application time: 0.0771400 seconds
378.236: [GC [PSYoungGen: 13551K->2029K(14848K)] 45006K->35307K(48640K), 0.0014050 secs] [Times: user=0.01 sys=0.00, real=0.00 secs] 
378.238: [Full GC [PSYoungGen: 2029K->0K(14848K)] [ParOldGen: 33277K->4884K(33792K)] 35307K->4884K(48640K) [PSPermGen: 5149K->5149K(21504K)], 0.0050110 secs] [Times: user=0.02 sys=0.00, real=0.00 secs] 
378.243: Total time for which application threads were stopped: 0.0445790 seconds, Stopping threads took: 0.0380160 seconds
378.361: Application time: 0.1186090 seconds
378.397: [GC [PSYoungGen: 12613K->160K(14848K)] 17497K->5044K(48640K), 0.0003730 secs] [Times: user=0.01 sys=0.00, real=0.00 secs] 
378.397: Total time for which application threads were stopped: 0.0356020 seconds, Stopping threads took: 0.0351480 seconds
378.474: Application time: 0.0774170 seconds
378.516: [GC [PSYoungGen: 12773K->973K(14848K)] 17657K->5857K(48640K), 0.0005210 secs] [Times: user=0.00 sys=0.00, real=0.00 secs] 
378.517: Total time for which application threads were stopped: 0.0425860 seconds, Stopping threads took: 0.0419740 seconds
378.518: Application time: 0.0008530 seconds
378.518: Total time for which application threads were stopped: 0.0003450 seconds, Stopping threads took: 0.0003250 seconds
378.596: Application time: 0.0775480 seconds
378.668: [GC [PSYoungGen: 13537K->582K(14848K)] 18421K->5467K(48640K), 0.0005800 secs] [Times: user=0.00 sys=0.00, real=0.00 secs] 
378.668: Total time for which application threads were stopped: 0.0724390 seconds, Stopping threads took: 0.0717760 seconds
378.745: Application time: 0.0772620 seconds
378.819: [GC [PSYoungGen: 13291K->355K(14848K)] 18176K->5239K(48640K), 0.0005690 secs] [Times: user=0.00 sys=0.00, real=0.00 secs] 
378.820: Total time for which application threads were stopped: 0.0741440 seconds, Stopping threads took: 0.0734920 seconds
378.821: Application time: 0.0009330 seconds
378.860: Total time for which application threads were stopped: 0.0395790 seconds, Stopping threads took: 0.0395600 seconds
378.912: Application time: 0.0522510 seconds
378.949: Total time for which application threads were stopped: 0.0368600 seconds, Stopping threads took: 0.0368170 seconds
378.950: Application time: 0.0003120 seconds
378.950: Total time for which application threads were stopped: 0.0000870 seconds, Stopping threads took: 0.0000720 seconds
378.988: Application time: 0.0381550 seconds
378.989: Total time for which application threads were stopped: 0.0009590 seconds, Stopping threads took: 0.0009510 seconds
379.083: Application time: 0.0938740 seconds
379.083: [GC [PSYoungGen: 13155K->160K(14848K)] 18039K->5044K(48640K), 0.0005680 secs] [Times: user=0.00 sys=0.00, real=0.00 secs] 
379.083: Total time for which application threads were stopped: 0.0006340 seconds, Stopping threads took: 0.0000120 seconds
379.301: Application time: 0.2180690 seconds
379.301: [GC [PSYoungGen: 12960K->2020K(14848K)] 17844K->9754K(48640K), 0.0025510 secs] [Times: user=0.02 sys=0.00, real=0.00 secs] 
379.304: Total time for which application threads were stopped: 0.0026540 seconds, Stopping threads took: 0.0000080 seconds
379.304: Application time: 0.0000590 seconds
379.304: Total time for which application threads were stopped: 0.0000380 seconds, Stopping threads took: 0.0000210 seconds
379.304: Application time: 0.0000180 seconds
379.304: Total time for which application threads were stopped: 0.0000230 seconds, Stopping threads took: 0.0000160 seconds
379.304: Application time: 0.0000130 seconds
379.304: Total time for which application threads were stopped: 0.0000160 seconds, Stopping threads took: 0.0000110 seconds
379.304: Application time: 0.0000110 seconds
379.304: Total time for which application threads were stopped: 0.0000140 seconds, Stopping threads took: 0.0000090 seconds
379.304: Application time: 0.0000110 seconds
379.304: Total time for which application threads were stopped: 0.0000140 seconds, Stopping threads took: 0.0000090 seconds
379.304: Application time: 0.0000100 seconds
379.304: Total time for which application threads were stopped: 0.0000160 seconds, Stopping threads took: 0.0000120 seconds
379.304: Application time: 0.0000110 seconds
379.304: Total time for which application threads were stopped: 0.0000150 seconds, Stopping threads took: 0.0000110 seconds
379.304: Application time: 0.0000110 seconds
379.304: Total time for which application threads were stopped: 0.0000160 seconds, Stopping threads took: 0.0000110 seconds
379.304: Application time: 0.0000110 seconds
379.304: Total time for which application threads were stopped: 0.0000160 seconds, Stopping threads took: 0.0000110 seconds
379.304: Application time: 0.0000110 seconds
379.304: Total time for which application threads were stopped: 0.0000160 seconds, Stopping threads took: 0.0000110 seconds
379.304: Application time: 0.0000110 seconds
379.304: Total time for which application threads were stopped: 0.0000160 seconds, Stopping threads took: 0.0000110 seconds
379.304: Application time: 0.0000110 seconds
379.304: Total time for which application threads were stopped: 0.0000150 seconds, Stopping threads took: 0.0000100 seconds
379.304: Application time: 0.0000110 seconds
379.304: Total time for which application threads were stopped: 0.0000130 seconds, Stopping threads took: 0.0000080 seconds
379.304: Application time: 0.0000110 seconds
379.304: Total time for which application threads were stopped: 0.0000140 seconds, Stopping threads took: 0.0000090 seconds
379.304: Application time: 0.0000110 seconds
379.304: Total time for which application threads were stopped: 0.0000150 seconds, Stopping threads took: 0.0000110 seconds
379.305: Application time: 0.0000110 seconds
379.305: Total time for which application threads were stopped: 0.0000160 seconds, Stopping threads took: 0.0000120 seconds
379.305: Application time: 0.0000110 seconds
379.305: Total time for which application threads were stopped: 0.0000160 seconds, Stopping threads took: 0.0000110 seconds
379.305: Application time: 0.0000110 seconds
379.305: Total time for which application threads were stopped: 0.0000150 seconds, Stopping threads took: 0.0000110 seconds
379.305: Application time: 0.0000110 seconds
379.305: Total time for which application threads were stopped: 0.0000160 seconds, Stopping threads took: 0.0000110 seconds
379.305: Application time: 0.0000110 seconds
379.305: Total time for which application threads were stopped: 0.0000280 seconds, Stopping threads took: 0.0000110 seconds
379.305: Application time: 0.0000110 seconds
379.305: Total time for which application threads were stopped: 0.0000150 seconds, Stopping threads took: 0.0000110 seconds
379.305: Application time: 0.0000110 seconds
379.305: Total time for which application threads were stopped: 0.0000160 seconds, Stopping threads took: 0.0000110 seconds
379.305: Application time: 0.0000110 seconds
379.305: Total time for which application threads were stopped: 0.0000140 seconds, Stopping threads took: 0.0000100 seconds
379.305: Application time: 0.0000110 seconds
379.305: Total time for which application threads were stopped: 0.0000160 seconds, Stopping threads took: 0.0000110 seconds
379.305: Application time: 0.0000120 seconds
379.305: Total time for which application threads were stopped: 0.0000170 seconds, Stopping threads took: 0.0000120 seconds
379.305: Application time: 0.0000110 seconds
379.305: Total time for which application threads were stopped: 0.0000150 seconds, Stopping threads took: 0.0000110 seconds
379.305: Application time: 0.0000110 seconds
379.305: Total time for which application threads were stopped: 0.0000130 seconds, Stopping threads took: 0.0000080 seconds
379.305: Application time: 0.0000100 seconds
379.305: Total time for which application threads were stopped: 0.0000160 seconds, Stopping threads took: 0.0000120 seconds
379.305: Application time: 0.0000110 seconds
379.305: Total time for which application threads were stopped: 0.0000160 seconds, Stopping threads took: 0.0000120 seconds
379.305: Application time: 0.0000110 seconds
379.305: Total time for which application threads were stopped: 0.0000160 seconds, Stopping threads took: 0.0000110 seconds
379.305: Application time: 0.0000110 seconds
379.305: Total time for which application threads were stopped: 0.0000150 seconds, Stopping threads took: 0.0000110 seconds
379.305: Application time: 0.0000110 seconds
379.305: Total time for which application threads were stopped: 0.0000160 seconds, Stopping threads took: 0.0000110 seconds
379.305: Application time: 0.0000110 seconds
379.305: Total time for which application threads were stopped: 0.0000150 seconds, Stopping threads took: 0.0000110 seconds
379.305: Application time: 0.0000110 seconds
379.305: Total time for which application threads were stopped: 0.0000160 seconds, Stopping threads took: 0.0000120 seconds
379.305: Application time: 0.0000100 seconds
379.305: Total time for which application threads were stopped: 0.0000150 seconds, Stopping threads took: 0.0000100 seconds
379.305: Application time: 0.0000220 seconds
379.305: Total time for which application threads were stopped: 0.0000170 seconds, Stopping threads took: 0.0000120 seconds
379.305: Application time: 0.0000120 seconds
379.305: Total time for which application threads were stopped: 0.0000140 seconds, Stopping threads took: 0.0000090 seconds
379.305: Application time: 0.0000110 seconds
379.305: Total time for which application threads were stopped: 0.0000140 seconds, Stopping threads took: 0.0000090 seconds
379.305: Application time: 0.0000120 seconds
379.305: Total time for which application threads were stopped: 0.0000160 seconds, Stopping threads took: 0.0000120 seconds
379.305: Application time: 0.0000110 seconds
379.305: Total time for which application threads were stopped: 0.0000230 seconds, Stopping threads took: 0.0000120 seconds
379.407: Application time: 0.1021230 seconds
379.407: [GC [PSYoungGen: 14820K->2037K(14848K)] 22554K->18452K(48640K), 0.0036360 secs] [Times: user=0.02 sys=0.00, real=0.00 secs] 
379.411: Total time for which application threads were stopped: 0.0037320 seconds, Stopping threads took: 0.0000110 seconds
379.411: Application time: 0.0000710 seconds
379.411: Total time for which application threads were stopped: 0.0000630 seconds, Stopping threads took: 0.0000360 seconds
379.411: Application time: 0.0000300 seconds
379.411: Total time for which application threads were stopped: 0.0000540 seconds, Stopping threads took: 0.0000360 seconds
379.411: Application time: 0.0000860 seconds
379.411: Total time for which application threads were stopped: 0.0000190 seconds, Stopping threads took: 0.0000110 seconds
379.411: Application time: 0.0000270 seconds
379.411: Total time for which application threads were stopped: 0.0000130 seconds, Stopping threads took: 0.0000060 seconds
379.672: Application time: 0.2605220 seconds
379.672: [GC [PSYoungGen: 14827K->2021K(14848K)] 31243K->27540K(48640K), 0.0037020 secs] [Times: user=0.02 sys=0.00, real=0.01 secs] 
379.676: Total time for which application threads were stopped: 0.0038190 seconds, Stopping threads took: 0.0000110 seconds
379.676: Application time: 0.0000710 seconds
379.676: Total time for which application threads were stopped: 0.0000490 seconds, Stopping threads took: 0.0000180 seconds
379.676: Application time: 0.0000370 seconds
379.676: Total time for which application threads were stopped: 0.0000240 seconds, Stopping threads took: 0.0000150 seconds
379.676: Application time: 0.0000140 seconds
379.676: Total time for which application threads were stopped: 0.0000200 seconds, Stopping threads took: 0.0000110 seconds
379.713: Application time: 0.0371220 seconds
379.713: Total time for which application threads were stopped: 0.0000330 seconds, Stopping threads took: 0.0000130 seconds
Heap
 PSYoungGen      total 14848K, used 6929K [0x00000000fef00000, 0x00000000fff80000, 0x0000000100000000)
  eden space 12800K, 38% used [0x00000000fef00000,0x00000000ff3cb210,0x00000000ffb80000)
  from space 2048K, 98% used [0x00000000ffb80000,0x00000000ffd79490,0x00000000ffd80000)
  to   space 2048K, 0% used [0x00000000ffd80000,0x00000000ffd80000,0x00000000fff80000)
 ParOldGen       total 33792K, used 25519K [0x00000000fce00000, 0x00000000fef00000, 0x00000000fef00000)
  object space 33792K, 75% used [0x00000000fce00000,0x00000000fe6ebe38,0x00000000fef00000)
 PSPermGen       total 21504K, used 12866K [0x00000000f7c00000, 0x00000000f9100000, 0x00000000fce00000)
  object space 21504K, 59% used [0x00000000f7c00000,0x00000000f8890848,0x00000000f9100000)
379.713: Application time: 0.0001600 seconds
