Java HotSpot(TM) 64-Bit Server VM (24.80-b11) for linux-amd64 JRE (1.7.0_80-b15), built on Apr 10 2015 19:53:14 by "java_re" with gcc 4.3.0 20080428 (Red Hat 4.3.0-8)
Memory: 4k page, physical 8000092k(5538460k free), swap 8218620k(8218620k free)
CommandLine flags: -XX:InitialHeapSize=72663040 -XX:MaxHeapSize=72663040 -XX:+PrintGC -XX:+PrintGCApplicationConcurrentTime -XX:+PrintGCApplicationStoppedTime -XX:+PrintGCDetails -XX:+PrintGCTimeStamps -XX:-UseAdaptiveSizePolicy -XX:+UseCMSInitiatingOccupancyOnly -XX:+UseCompressedOops -XX:+UseParallelGC 
1.008: Application time: 0.9859450 seconds
1.008: Total time for which application threads were stopped: 0.0000450 seconds, Stopping threads took: 0.0000110 seconds
4.027: Application time: 3.0194460 seconds
4.027: Total time for which application threads were stopped: 0.0000680 seconds, Stopping threads took: 0.0000100 seconds
14.680: Application time: 10.6530430 seconds
14.680: Total time for which application threads were stopped: 0.0000240 seconds, Stopping threads took: 0.0000080 seconds
14.680: Application time: 0.0000270 seconds
14.680: Total time for which application threads were stopped: 0.0000080 seconds, Stopping threads took: 0.0000030 seconds
14.682: Application time: 0.0013840 seconds
14.682: Total time for which application threads were stopped: 0.0000120 seconds, Stopping threads took: 0.0000050 seconds
14.699: Application time: 0.0176430 seconds
14.699: Total time for which application threads were stopped: 0.0000460 seconds, Stopping threads took: 0.0000110 seconds
14.711: Application time: 0.0121330 seconds
14.711: [GC [PSYoungGen: 10039K->2552K(21504K)] 10039K->3290K(69120K), 0.0021940 secs] [Times: user=0.01 sys=0.00, real=0.00 secs] 
14.714: [Full GC [PSYoungGen: 2552K->0K(21504K)] [ParOldGen: 737K->3145K(47616K)] 3290K->3145K(69120K) [PSPermGen: 5075K->5074K(21504K)], 0.0107840 secs] [Times: user=0.03 sys=0.00, real=0.02 secs] 
14.725: Total time for which application threads were stopped: 0.0131000 seconds, Stopping threads took: 0.0000050 seconds
14.725: Application time: 0.0000440 seconds
14.725: [GC [PSYoungGen: 0K->0K(21504K)] 3145K->3145K(69120K), 0.0002620 secs] [Times: user=0.00 sys=0.00, real=0.00 secs] 
14.725: [Full GC [PSYoungGen: 0K->0K(21504K)] [ParOldGen: 3145K->3145K(47616K)] 3145K->3145K(69120K) [PSPermGen: 5074K->5074K(21504K)], 0.0038530 secs] [Times: user=0.01 sys=0.00, real=0.00 secs] 
14.729: Total time for which application threads were stopped: 0.0042130 seconds, Stopping threads took: 0.0000140 seconds
14.729: Application time: 0.0000530 seconds
14.729: Total time for which application threads were stopped: 0.0000310 seconds, Stopping threads took: 0.0000200 seconds
14.729: Application time: 0.0000210 seconds
14.729: Total time for which application threads were stopped: 0.0000180 seconds, Stopping threads took: 0.0000130 seconds
14.729: Application time: 0.0000150 seconds
14.729: Total time for which application threads were stopped: 0.0000170 seconds, Stopping threads took: 0.0000130 seconds
14.729: Application time: 0.0000090 seconds
14.729: Total time for which application threads were stopped: 0.0000160 seconds, Stopping threads took: 0.0000130 seconds
14.729: Application time: 0.0000090 seconds
14.729: Total time for which application threads were stopped: 0.0000120 seconds, Stopping threads took: 0.0000090 seconds
14.729: Application time: 0.0000260 seconds
14.729: Total time for which application threads were stopped: 0.0000130 seconds, Stopping threads took: 0.0000090 seconds
14.729: Application time: 0.0000190 seconds
14.729: Total time for which application threads were stopped: 0.0000150 seconds, Stopping threads took: 0.0000110 seconds
14.729: Application time: 0.0000120 seconds
14.729: Total time for which application threads were stopped: 0.0000170 seconds, Stopping threads took: 0.0000130 seconds
14.729: Application time: 0.0000080 seconds
14.729: Total time for which application threads were stopped: 0.0000160 seconds, Stopping threads took: 0.0000120 seconds
14.729: Application time: 0.0000120 seconds
14.729: Total time for which application threads were stopped: 0.0000140 seconds, Stopping threads took: 0.0000110 seconds
14.729: Application time: 0.0000120 seconds
14.729: Total time for which application threads were stopped: 0.0000160 seconds, Stopping threads took: 0.0000130 seconds
14.729: Application time: 0.0000110 seconds
14.729: Total time for which application threads were stopped: 0.0000160 seconds, Stopping threads took: 0.0000120 seconds
14.729: Application time: 0.0000320 seconds
14.729: Total time for which application threads were stopped: 0.0000140 seconds, Stopping threads took: 0.0000110 seconds
14.729: Application time: 0.0000110 seconds
14.729: Total time for which application threads were stopped: 0.0000170 seconds, Stopping threads took: 0.0000130 seconds
14.729: Application time: 0.0000110 seconds
14.729: Total time for which application threads were stopped: 0.0000150 seconds, Stopping threads took: 0.0000120 seconds
14.729: Application time: 0.0000110 seconds
14.729: Total time for which application threads were stopped: 0.0000150 seconds, Stopping threads took: 0.0000120 seconds
14.729: Application time: 0.0001270 seconds
14.729: Total time for which application threads were stopped: 0.0000130 seconds, Stopping threads took: 0.0000100 seconds
14.729: Application time: 0.0000130 seconds
14.730: Total time for which application threads were stopped: 0.0000240 seconds, Stopping threads took: 0.0000200 seconds
14.730: Application time: 0.0000130 seconds
14.730: Total time for which application threads were stopped: 0.0000290 seconds, Stopping threads took: 0.0000150 seconds
14.730: Application time: 0.0000130 seconds
14.730: Total time for which application threads were stopped: 0.0000200 seconds, Stopping threads took: 0.0000110 seconds
14.730: Application time: 0.0002860 seconds
14.730: Total time for which application threads were stopped: 0.0000180 seconds, Stopping threads took: 0.0000110 seconds
14.732: Application time: 0.0019590 seconds
14.732: Total time for which application threads were stopped: 0.0000390 seconds, Stopping threads took: 0.0000330 seconds
14.732: Application time: 0.0000630 seconds
14.732: Total time for which application threads were stopped: 0.0000500 seconds, Stopping threads took: 0.0000390 seconds
14.733: Application time: 0.0008210 seconds
14.733: Total time for which application threads were stopped: 0.0000300 seconds, Stopping threads took: 0.0000190 seconds
14.739: Application time: 0.0066040 seconds
14.740: Total time for which application threads were stopped: 0.0000850 seconds, Stopping threads took: 0.0000710 seconds
14.804: Application time: 0.0641150 seconds
14.804: [GC [PSYoungGen: 18444K->2512K(21504K)] 21590K->8217K(69120K), 0.0012860 secs] [Times: user=0.00 sys=0.00, real=0.01 secs] 
14.805: Total time for which application threads were stopped: 0.0014500 seconds, Stopping threads took: 0.0000670 seconds
14.809: Application time: 0.0038680 seconds
14.812: Total time for which application threads were stopped: 0.0031200 seconds, Stopping threads took: 0.0030970 seconds
14.812: Application time: 0.0000440 seconds
14.816: Total time for which application threads were stopped: 0.0039480 seconds, Stopping threads took: 0.0039390 seconds
14.816: Application time: 0.0000430 seconds
14.816: Total time for which application threads were stopped: 0.0000520 seconds, Stopping threads took: 0.0000430 seconds
14.816: Application time: 0.0000380 seconds
14.816: Total time for which application threads were stopped: 0.0000840 seconds, Stopping threads took: 0.0000760 seconds
14.816: Application time: 0.0000390 seconds
14.816: Total time for which application threads were stopped: 0.0000460 seconds, Stopping threads took: 0.0000360 seconds
14.816: Application time: 0.0000400 seconds
14.816: Total time for which application threads were stopped: 0.0000430 seconds, Stopping threads took: 0.0000350 seconds
14.817: Application time: 0.0000310 seconds
14.817: Total time for which application threads were stopped: 0.0003990 seconds, Stopping threads took: 0.0003920 seconds
14.817: Application time: 0.0000300 seconds
14.817: Total time for which application threads were stopped: 0.0000360 seconds, Stopping threads took: 0.0000290 seconds
14.817: Application time: 0.0000140 seconds
14.817: Total time for which application threads were stopped: 0.0000280 seconds, Stopping threads took: 0.0000230 seconds
14.817: Application time: 0.0000120 seconds
14.817: Total time for which application threads were stopped: 0.0000290 seconds, Stopping threads took: 0.0000220 seconds
14.817: Application time: 0.0000130 seconds
14.817: Total time for which application threads were stopped: 0.0000280 seconds, Stopping threads took: 0.0000220 seconds
14.817: Application time: 0.0000140 seconds
14.817: Total time for which application threads were stopped: 0.0000260 seconds, Stopping threads took: 0.0000200 seconds
14.817: Application time: 0.0000180 seconds
14.817: Total time for which application threads were stopped: 0.0000310 seconds, Stopping threads took: 0.0000250 seconds
14.817: Application time: 0.0000170 seconds
14.817: Total time for which application threads were stopped: 0.0000340 seconds, Stopping threads took: 0.0000280 seconds
14.856: Application time: 0.0384630 seconds
14.856: [GC [PSYoungGen: 20948K->2496K(21504K)] 26653K->11273K(69120K), 0.0013080 secs] [Times: user=0.00 sys=0.01, real=0.01 secs] 
14.857: Total time for which application threads were stopped: 0.0015070 seconds, Stopping threads took: 0.0001170 seconds
14.905: Application time: 0.0474780 seconds
14.905: [GC [PSYoungGen: 21267K->2432K(21504K)] 30045K->13769K(69120K), 0.0011770 secs] [Times: user=0.01 sys=0.00, real=0.00 secs] 
14.906: Total time for which application threads were stopped: 0.0014710 seconds, Stopping threads took: 0.0002240 seconds
14.951: Application time: 0.0450940 seconds
14.951: [GC [PSYoungGen: 21087K->2512K(21504K)] 32425K->16921K(69120K), 0.0013750 secs] [Times: user=0.00 sys=0.01, real=0.00 secs] 
14.953: Total time for which application threads were stopped: 0.0015120 seconds, Stopping threads took: 0.0000610 seconds
15.000: Application time: 0.0473150 seconds
15.000: [GC [PSYoungGen: 21091K->2432K(21504K)] 35500K->18377K(69120K), 0.0011520 secs] [Times: user=0.00 sys=0.00, real=0.00 secs] 
15.001: Total time for which application threads were stopped: 0.0012800 seconds, Stopping threads took: 0.0000570 seconds
15.050: Application time: 0.0490290 seconds
15.051: [GC [PSYoungGen: 21033K->2416K(21504K)] 36979K->20409K(69120K), 0.0010810 secs] [Times: user=0.01 sys=0.01, real=0.00 secs] 
15.052: Total time for which application threads were stopped: 0.0012500 seconds, Stopping threads took: 0.0000970 seconds
15.096: Application time: 0.0443220 seconds
15.096: [GC [PSYoungGen: 20976K->2448K(21504K)] 38970K->21977K(69120K), 0.0011680 secs] [Times: user=0.01 sys=0.00, real=0.00 secs] 
15.097: Total time for which application threads were stopped: 0.0013050 seconds, Stopping threads took: 0.0000650 seconds
15.141: Application time: 0.0438830 seconds
15.141: [GC [PSYoungGen: 21003K->2528K(21504K)] 40532K->25130K(69120K), 0.0016310 secs] [Times: user=0.01 sys=0.00, real=0.00 secs] 
15.143: Total time for which application threads were stopped: 0.0017720 seconds, Stopping threads took: 0.0000600 seconds
15.193: Application time: 0.0497230 seconds
15.193: [GC [PSYoungGen: 21074K->2464K(21504K)] 43676K->27114K(69120K), 0.0011320 secs] [Times: user=0.00 sys=0.00, real=0.00 secs] 
15.194: Total time for which application threads were stopped: 0.0012730 seconds, Stopping threads took: 0.0000600 seconds
15.239: Application time: 0.0445390 seconds
15.239: [GC [PSYoungGen: 20997K->2432K(21504K)] 45647K->29130K(69120K), 0.0012770 secs] [Times: user=0.00 sys=0.00, real=0.00 secs] 
15.240: Total time for which application threads were stopped: 0.0015040 seconds, Stopping threads took: 0.0001540 seconds
15.287: Application time: 0.0465440 seconds
15.287: [GC [PSYoungGen: 20973K->2432K(21504K)] 47671K->30666K(69120K), 0.0012320 secs] [Times: user=0.00 sys=0.01, real=0.00 secs] 
15.288: Total time for which application threads were stopped: 0.0013860 seconds, Stopping threads took: 0.0000840 seconds
15.335: Application time: 0.0471580 seconds
15.335: [GC [PSYoungGen: 20973K->2496K(21504K)] 49207K->32266K(69120K), 0.0012230 secs] [Times: user=0.01 sys=0.00, real=0.01 secs] 
15.336: Total time for which application threads were stopped: 0.0013640 seconds, Stopping threads took: 0.0000630 seconds
15.382: Application time: 0.0452130 seconds
15.382: [GC [PSYoungGen: 21031K->2512K(21504K)] 50801K->34330K(69120K), 0.0013810 secs] [Times: user=0.01 sys=0.00, real=0.00 secs] 
15.383: Total time for which application threads were stopped: 0.0015290 seconds, Stopping threads took: 0.0000730 seconds
15.430: Application time: 0.0466610 seconds
15.430: [GC [PSYoungGen: 21055K->2464K(21504K)] 52873K->35306K(69120K), 0.0010590 secs] [Times: user=0.01 sys=0.00, real=0.00 secs] 
15.431: Total time for which application threads were stopped: 0.0012020 seconds, Stopping threads took: 0.0000690 seconds
15.477: Application time: 0.0454240 seconds
15.477: [GC [PSYoungGen: 21039K->2464K(21504K)] 53881K->36842K(69120K), 0.0010590 secs] [Times: user=0.01 sys=0.00, real=0.00 secs] 
15.478: Total time for which application threads were stopped: 0.0013760 seconds, Stopping threads took: 0.0002420 seconds
15.524: Application time: 0.0465740 seconds
15.525: [GC [PSYoungGen: 21079K->1968K(21504K)] 55457K->39482K(69120K), 0.0012550 secs] [Times: user=0.01 sys=0.00, real=0.00 secs] 
15.526: Total time for which application threads were stopped: 0.0014160 seconds, Stopping threads took: 0.0000890 seconds
15.573: Application time: 0.0473850 seconds
15.575: [GC [PSYoungGen: 20503K->2480K(21504K)] 58017K->39994K(69120K), 0.0010510 secs] [Times: user=0.01 sys=0.00, real=0.01 secs] 
15.576: Total time for which application threads were stopped: 0.0032160 seconds, Stopping threads took: 0.0020930 seconds
15.635: Application time: 0.0582000 seconds
15.635: [GC [PSYoungGen: 21027K->304K(21504K)] 58542K->37826K(69120K), 0.0005450 secs] [Times: user=0.00 sys=0.00, real=0.00 secs] 
15.635: Total time for which application threads were stopped: 0.0006460 seconds, Stopping threads took: 0.0000390 seconds
15.682: Application time: 0.0461780 seconds
15.682: [GC [PSYoungGen: 18828K->2464K(21504K)] 56351K->40498K(69120K), 0.0011890 secs] [Times: user=0.01 sys=0.00, real=0.00 secs] 
15.683: Total time for which application threads were stopped: 0.0018550 seconds, Stopping threads took: 0.0000580 seconds
15.734: Application time: 0.0501970 seconds
15.734: [GC [PSYoungGen: 21009K->1392K(21504K)] 59043K->39426K(69120K), 0.0006690 secs] [Times: user=0.00 sys=0.00, real=0.00 secs] 
15.734: Total time for which application threads were stopped: 0.0008220 seconds, Stopping threads took: 0.0000830 seconds
15.777: Application time: 0.0430210 seconds
15.778: [GC [PSYoungGen: 19918K->2480K(21504K)] 57953K->42050K(69120K), 0.0014310 secs] [Times: user=0.01 sys=0.00, real=0.00 secs] 
15.779: Total time for which application threads were stopped: 0.0016030 seconds, Stopping threads took: 0.0000900 seconds
15.830: Application time: 0.0511970 seconds
15.830: [GC [PSYoungGen: 21027K->1920K(21504K)] 60597K->41490K(69120K), 0.0008740 secs] [Times: user=0.01 sys=0.00, real=0.00 secs] 
15.831: Total time for which application threads were stopped: 0.0010050 seconds, Stopping threads took: 0.0000610 seconds
15.874: Application time: 0.0431080 seconds
15.875: [GC [PSYoungGen: 20451K->2400K(21504K)] 60021K->42994K(69120K), 0.0012990 secs] [Times: user=0.01 sys=0.00, real=0.00 secs] 
15.876: Total time for which application threads were stopped: 0.0015300 seconds, Stopping threads took: 0.0001530 seconds
15.927: Application time: 0.0506730 seconds
15.927: [GC [PSYoungGen: 20945K->2464K(21504K)] 61539K->43058K(69120K), 0.0009900 secs] [Times: user=0.01 sys=0.00, real=0.00 secs] 
15.928: Total time for which application threads were stopped: 0.0011210 seconds, Stopping threads took: 0.0000600 seconds
15.975: Application time: 0.0474430 seconds
15.975: [GC [PSYoungGen: 21009K->880K(21504K)] 61603K->41474K(69120K), 0.0005690 secs] [Times: user=0.00 sys=0.00, real=0.00 secs] 
15.976: Total time for which application threads were stopped: 0.0007100 seconds, Stopping threads took: 0.0000690 seconds
16.021: Application time: 0.0452890 seconds
16.021: [GC [PSYoungGen: 19413K->2448K(21504K)] 60007K->43042K(69120K), 0.0009650 secs] [Times: user=0.01 sys=0.00, real=0.00 secs] 
16.022: Total time for which application threads were stopped: 0.0011040 seconds, Stopping threads took: 0.0000660 seconds
16.069: Application time: 0.0472300 seconds
16.070: [GC [PSYoungGen: 20989K->1968K(21504K)] 61583K->42562K(69120K), 0.0008200 secs] [Times: user=0.00 sys=0.00, real=0.00 secs] 
16.070: Total time for which application threads were stopped: 0.0010190 seconds, Stopping threads took: 0.0001310 seconds
16.117: Application time: 0.0463240 seconds
16.117: [GC [PSYoungGen: 20505K->2464K(21504K)] 61099K->43058K(69120K), 0.0009690 secs] [Times: user=0.01 sys=0.00, real=0.00 secs] 
16.118: Total time for which application threads were stopped: 0.0011080 seconds, Stopping threads took: 0.0000670 seconds
16.165: Application time: 0.0472150 seconds
16.165: [GC [PSYoungGen: 21398K->1408K(21504K)] 61993K->42002K(69120K), 0.0006710 secs] [Times: user=0.00 sys=0.00, real=0.00 secs] 
16.166: Total time for which application threads were stopped: 0.0008820 seconds, Stopping threads took: 0.0001460 seconds
16.211: Application time: 0.0454280 seconds
16.212: [GC [PSYoungGen: 20177K->2432K(21504K)] 60772K->43050K(69120K), 0.0010030 secs] [Times: user=0.01 sys=0.00, real=0.00 secs] 
16.213: Total time for which application threads were stopped: 0.0011340 seconds, Stopping threads took: 0.0000570 seconds
16.261: Application time: 0.0483010 seconds
16.261: [GC [PSYoungGen: 20975K->1376K(21504K)] 61593K->42002K(69120K), 0.0006410 secs] [Times: user=0.00 sys=0.00, real=0.00 secs] 
16.262: Total time for which application threads were stopped: 0.0007750 seconds, Stopping threads took: 0.0000580 seconds
16.306: Application time: 0.0446550 seconds
16.306: [GC [PSYoungGen: 19911K->2496K(21504K)] 60537K->43138K(69120K), 0.0009770 secs] [Times: user=0.00 sys=0.00, real=0.00 secs] 
16.307: Total time for which application threads were stopped: 0.0011180 seconds, Stopping threads took: 0.0000690 seconds
16.356: Application time: 0.0489270 seconds
16.356: [GC [PSYoungGen: 21039K->1424K(21504K)] 61681K->42066K(69120K), 0.0006260 secs] [Times: user=0.01 sys=0.00, real=0.00 secs] 
16.357: Total time for which application threads were stopped: 0.0007550 seconds, Stopping threads took: 0.0000620 seconds
16.402: Application time: 0.0444470 seconds
16.402: [GC [PSYoungGen: 19959K->2496K(21504K)] 60601K->43138K(69120K), 0.0009560 secs] [Times: user=0.01 sys=0.00, real=0.00 secs] 
16.403: Total time for which application threads were stopped: 0.0010900 seconds, Stopping threads took: 0.0000610 seconds
16.451: Application time: 0.0485720 seconds
16.451: [GC [PSYoungGen: 21039K->1376K(21504K)] 61681K->42050K(69120K), 0.0006590 secs] [Times: user=0.00 sys=0.00, real=0.00 secs] 
16.452: Total time for which application threads were stopped: 0.0007910 seconds, Stopping threads took: 0.0000590 seconds
16.497: Application time: 0.0444950 seconds
16.497: [GC [PSYoungGen: 19911K->2400K(21504K)] 60585K->43074K(69120K), 0.0010210 secs] [Times: user=0.00 sys=0.00, real=0.00 secs] 
16.498: Total time for which application threads were stopped: 0.0011570 seconds, Stopping threads took: 0.0000630 seconds
16.547: Application time: 0.0489600 seconds
16.547: [GC [PSYoungGen: 20941K->1936K(21504K)] 61615K->42610K(69120K), 0.0007910 secs] [Times: user=0.01 sys=0.00, real=0.00 secs] 
16.548: Total time for which application threads were stopped: 0.0009140 seconds, Stopping threads took: 0.0000550 seconds
16.592: Application time: 0.0441460 seconds
16.592: [GC [PSYoungGen: 20473K->2496K(21504K)] 61147K->43170K(69120K), 0.0009960 secs] [Times: user=0.01 sys=0.00, real=0.00 secs] 
16.593: Total time for which application threads were stopped: 0.0011320 seconds, Stopping threads took: 0.0000610 seconds
16.641: Application time: 0.0481130 seconds
16.641: [GC [PSYoungGen: 21039K->1376K(21504K)] 61713K->42050K(69120K), 0.0006190 secs] [Times: user=0.01 sys=0.00, real=0.00 secs] 
16.642: Total time for which application threads were stopped: 0.0007420 seconds, Stopping threads took: 0.0000600 seconds
16.687: Application time: 0.0449750 seconds
16.687: [GC [PSYoungGen: 19911K->2464K(21504K)] 60585K->43138K(69120K), 0.0009600 secs] [Times: user=0.00 sys=0.00, real=0.00 secs] 
16.688: Total time for which application threads were stopped: 0.0011020 seconds, Stopping threads took: 0.0000710 seconds
16.736: Application time: 0.0480590 seconds
16.736: [GC [PSYoungGen: 21005K->1904K(21504K)] 61679K->42578K(69120K), 0.0008090 secs] [Times: user=0.01 sys=0.00, real=0.01 secs] 
16.737: Total time for which application threads were stopped: 0.0009390 seconds, Stopping threads took: 0.0000620 seconds
16.781: Application time: 0.0444330 seconds
16.782: [GC [PSYoungGen: 20441K->2464K(21504K)] 61115K->43138K(69120K), 0.0009900 secs] [Times: user=0.01 sys=0.00, real=0.00 secs] 
16.783: Total time for which application threads were stopped: 0.0013360 seconds, Stopping threads took: 0.0002600 seconds
16.831: Application time: 0.0488910 seconds
16.832: [GC [PSYoungGen: 21318K->1904K(21504K)] 61992K->42578K(69120K), 0.0008320 secs] [Times: user=0.01 sys=0.00, real=0.00 secs] 
16.832: Total time for which application threads were stopped: 0.0009870 seconds, Stopping threads took: 0.0000860 seconds
16.876: Application time: 0.0438450 seconds
16.876: [GC [PSYoungGen: 20752K->2464K(21504K)] 61427K->43658K(69120K), 0.0011320 secs] [Times: user=0.00 sys=0.00, real=0.00 secs] 
16.878: Total time for which application threads were stopped: 0.0012630 seconds, Stopping threads took: 0.0000550 seconds
16.927: Application time: 0.0493640 seconds
16.927: [GC [PSYoungGen: 21009K->1392K(21504K)] 62203K->42618K(69120K), 0.0006550 secs] [Times: user=0.00 sys=0.00, real=0.00 secs] 
16.928: Total time for which application threads were stopped: 0.0008260 seconds, Stopping threads took: 0.0001080 seconds
16.971: Application time: 0.0432530 seconds
16.971: [GC [PSYoungGen: 19925K->2496K(21504K)] 61151K->44234K(69120K), 0.0012280 secs] [Times: user=0.01 sys=0.00, real=0.00 secs] 
16.972: Total time for which application threads were stopped: 0.0013760 seconds, Stopping threads took: 0.0000710 seconds
17.021: Application time: 0.0485590 seconds
17.021: [GC [PSYoungGen: 21041K->1360K(21504K)] 62779K->43098K(69120K), 0.0006410 secs] [Times: user=0.00 sys=0.00, real=0.00 secs] 
17.022: Total time for which application threads were stopped: 0.0008960 seconds, Stopping threads took: 0.0001900 seconds
17.069: Application time: 0.0466780 seconds
17.069: [GC [PSYoungGen: 19897K->1904K(21504K)] 61635K->43642K(69120K), 0.0008040 secs] [Times: user=0.00 sys=0.00, real=0.00 secs] 
17.069: Total time for which application threads were stopped: 0.0009310 seconds, Stopping threads took: 0.0000600 seconds
17.116: Application time: 0.0461500 seconds
17.116: [GC [PSYoungGen: 20443K->1952K(21504K)] 62181K->43690K(69120K), 0.0008150 secs] [Times: user=0.00 sys=0.00, real=0.01 secs] 
17.117: Total time for which application threads were stopped: 0.0009620 seconds, Stopping threads took: 0.0000760 seconds
17.162: Application time: 0.0457390 seconds
17.162: [GC [PSYoungGen: 20489K->2480K(21504K)] 62227K->44218K(69120K), 0.0010180 secs] [Times: user=0.00 sys=0.00, real=0.00 secs] 
17.163: Total time for which application threads were stopped: 0.0011640 seconds, Stopping threads took: 0.0000760 seconds
17.211: Application time: 0.0474600 seconds
17.211: [GC [PSYoungGen: 21021K->1360K(21504K)] 62759K->43098K(69120K), 0.0006540 secs] [Times: user=0.01 sys=0.00, real=0.00 secs] 
17.212: Total time for which application threads were stopped: 0.0008320 seconds, Stopping threads took: 0.0001160 seconds
17.257: Application time: 0.0448160 seconds
17.257: [GC [PSYoungGen: 19895K->2448K(21504K)] 61633K->44186K(69120K), 0.0010260 secs] [Times: user=0.00 sys=0.00, real=0.00 secs] 
17.258: Total time for which application threads were stopped: 0.0012330 seconds, Stopping threads took: 0.0001340 seconds
17.307: Application time: 0.0490740 seconds
17.307: [GC [PSYoungGen: 20993K->1392K(21504K)] 62731K->43130K(69120K), 0.0006400 secs] [Times: user=0.00 sys=0.00, real=0.00 secs] 
17.308: Total time for which application threads were stopped: 0.0007750 seconds, Stopping threads took: 0.0000620 seconds
17.352: Application time: 0.0446190 seconds
17.352: [GC [PSYoungGen: 19925K->2480K(21504K)] 61663K->44730K(69120K), 0.0010840 secs] [Times: user=0.00 sys=0.00, real=0.00 secs] 
17.354: Total time for which application threads were stopped: 0.0012320 seconds, Stopping threads took: 0.0000720 seconds
17.402: Application time: 0.0483310 seconds
17.402: [GC [PSYoungGen: 21025K->1344K(21504K)] 63275K->43594K(69120K), 0.0006340 secs] [Times: user=0.00 sys=0.00, real=0.00 secs] 
17.403: Total time for which application threads were stopped: 0.0007530 seconds, Stopping threads took: 0.0000570 seconds
17.447: Application time: 0.0443080 seconds
17.447: [GC [PSYoungGen: 19877K->2448K(21504K)] 62127K->45210K(69120K), 0.0011650 secs] [Times: user=0.00 sys=0.00, real=0.00 secs] 
17.448: Total time for which application threads were stopped: 0.0013970 seconds, Stopping threads took: 0.0001590 seconds
17.497: Application time: 0.0487270 seconds
17.497: [GC [PSYoungGen: 21150K->1392K(21504K)] 63912K->44154K(69120K), 0.0006520 secs] [Times: user=0.01 sys=0.00, real=0.00 secs] 
17.498: Total time for which application threads were stopped: 0.0007720 seconds, Stopping threads took: 0.0000590 seconds
17.542: Application time: 0.0441610 seconds
17.542: [GC [PSYoungGen: 19882K->2464K(21504K)] 62645K->45234K(69120K), 0.0009810 secs] [Times: user=0.00 sys=0.00, real=0.00 secs] 
17.543: Total time for which application threads were stopped: 0.0012020 seconds, Stopping threads took: 0.0001470 seconds
17.591: Application time: 0.0481070 seconds
17.591: [GC [PSYoungGen: 21007K->1392K(21504K)] 63777K->44170K(69120K), 0.0006670 secs] [Times: user=0.00 sys=0.00, real=0.00 secs] 
17.592: Total time for which application threads were stopped: 0.0007950 seconds, Stopping threads took: 0.0000640 seconds
17.637: Application time: 0.0451400 seconds
17.637: [GC [PSYoungGen: 19927K->2480K(21504K)] 62705K->45258K(69120K), 0.0009830 secs] [Times: user=0.01 sys=0.00, real=0.00 secs] 
17.638: Total time for which application threads were stopped: 0.0011160 seconds, Stopping threads took: 0.0000610 seconds
17.686: Application time: 0.0475970 seconds
17.686: [GC [PSYoungGen: 21023K->1376K(21504K)] 63801K->44154K(69120K), 0.0006840 secs] [Times: user=0.01 sys=0.00, real=0.00 secs] 
17.687: Total time for which application threads were stopped: 0.0008140 seconds, Stopping threads took: 0.0000600 seconds
17.732: Application time: 0.0453850 seconds
17.732: [GC [PSYoungGen: 19911K->2448K(21504K)] 62689K->45226K(69120K), 0.0009740 secs] [Times: user=0.00 sys=0.00, real=0.00 secs] 
17.733: Total time for which application threads were stopped: 0.0011060 seconds, Stopping threads took: 0.0000570 seconds
17.782: Application time: 0.0484810 seconds
17.782: [GC [PSYoungGen: 20993K->816K(21504K)] 63771K->43594K(69120K), 0.0004970 secs] [Times: user=0.00 sys=0.00, real=0.00 secs] 
17.782: Total time for which application threads were stopped: 0.0006190 seconds, Stopping threads took: 0.0000610 seconds
17.827: Application time: 0.0447340 seconds
17.827: [GC [PSYoungGen: 19347K->2480K(21504K)] 62125K->45770K(69120K), 0.0011460 secs] [Times: user=0.00 sys=0.00, real=0.00 secs] 
17.828: Total time for which application threads were stopped: 0.0013050 seconds, Stopping threads took: 0.0000700 seconds
17.877: Application time: 0.0487950 seconds
17.877: [GC [PSYoungGen: 21027K->832K(21504K)] 64317K->44122K(69120K), 0.0005760 secs] [Times: user=0.01 sys=0.00, real=0.00 secs] 
17.878: Total time for which application threads were stopped: 0.0006980 seconds, Stopping threads took: 0.0000600 seconds
17.924: Application time: 0.0458380 seconds
17.924: [GC [PSYoungGen: 19360K->2496K(21504K)] 62651K->46298K(69120K), 0.0011760 secs] [Times: user=0.01 sys=0.00, real=0.01 secs] 
17.925: Total time for which application threads were stopped: 0.0013290 seconds, Stopping threads took: 0.0000680 seconds
17.972: Application time: 0.0467880 seconds
17.972: [GC [PSYoungGen: 21037K->1904K(21504K)] 64839K->45706K(69120K), 0.0007910 secs] [Times: user=0.00 sys=0.01, real=0.00 secs] 
17.973: Total time for which application threads were stopped: 0.0009870 seconds, Stopping threads took: 0.0001270 seconds
18.019: Application time: 0.0462560 seconds
18.019: [GC [PSYoungGen: 20443K->2448K(21504K)] 64245K->46250K(69120K), 0.0010000 secs] [Times: user=0.00 sys=0.00, real=0.00 secs] 
18.020: Total time for which application threads were stopped: 0.0012560 seconds, Stopping threads took: 0.0001850 seconds
18.067: Application time: 0.0469090 seconds
18.067: [GC [PSYoungGen: 20989K->1920K(21504K)] 64791K->45722K(69120K), 0.0008170 secs] [Times: user=0.00 sys=0.01, real=0.00 secs] 
18.068: Total time for which application threads were stopped: 0.0009480 seconds, Stopping threads took: 0.0000630 seconds
18.114: Application time: 0.0460590 seconds
18.114: [GC [PSYoungGen: 20457K->2448K(21504K)] 64259K->46250K(69120K), 0.0009750 secs] [Times: user=0.01 sys=0.00, real=0.00 secs] 
18.115: Total time for which application threads were stopped: 0.0011610 seconds, Stopping threads took: 0.0001150 seconds
18.162: Application time: 0.0469780 seconds
18.163: [GC [PSYoungGen: 21145K->1952K(21504K)] 64948K->45754K(69120K), 0.0007810 secs] [Times: user=0.01 sys=0.00, real=0.00 secs] 
18.163: Total time for which application threads were stopped: 0.0009090 seconds, Stopping threads took: 0.0000610 seconds
18.210: Application time: 0.0468360 seconds
18.210: [GC [PSYoungGen: 20804K->1936K(21504K)] 64607K->45746K(69120K), 0.0008190 secs] [Times: user=0.01 sys=0.00, real=0.00 secs] 
18.211: Total time for which application threads were stopped: 0.0009670 seconds, Stopping threads took: 0.0000780 seconds
18.258: Application time: 0.0470250 seconds
18.258: [GC [PSYoungGen: 20629K->1920K(21504K)] 64440K->45746K(69120K), 0.0008050 secs] [Times: user=0.01 sys=0.00, real=0.00 secs] 
18.259: Total time for which application threads were stopped: 0.0009510 seconds, Stopping threads took: 0.0000770 seconds
18.305: Application time: 0.0460430 seconds
18.305: [GC [PSYoungGen: 20455K->2496K(21504K)] 64281K->46834K(69120K), 0.0011230 secs] [Times: user=0.00 sys=0.00, real=0.00 secs] 
18.306: Total time for which application threads were stopped: 0.0012820 seconds, Stopping threads took: 0.0000880 seconds
18.354: Application time: 0.0477230 seconds
18.354: [GC [PSYoungGen: 21041K->1392K(21504K)] 65379K->45730K(69120K), 0.0006390 secs] [Times: user=0.00 sys=0.00, real=0.00 secs] 
18.355: Total time for which application threads were stopped: 0.0007690 seconds, Stopping threads took: 0.0000610 seconds
18.401: Application time: 0.0459190 seconds
18.401: [GC [PSYoungGen: 19927K->1936K(21504K)] 64265K->46274K(69120K), 0.0008010 secs] [Times: user=0.01 sys=0.00, real=0.00 secs] 
18.402: Total time for which application threads were stopped: 0.0009420 seconds, Stopping threads took: 0.0000780 seconds
18.449: Application time: 0.0467900 seconds
18.449: [GC [PSYoungGen: 20475K->1904K(21504K)] 64813K->46242K(69120K), 0.0008380 secs] [Times: user=0.00 sys=0.00, real=0.00 secs] 
18.450: Total time for which application threads were stopped: 0.0009840 seconds, Stopping threads took: 0.0000790 seconds
18.496: Application time: 0.0466350 seconds
18.496: [GC [PSYoungGen: 20441K->2464K(21504K)] 64779K->46802K(69120K), 0.0010120 secs] [Times: user=0.00 sys=0.00, real=0.00 secs] 
18.497: Total time for which application threads were stopped: 0.0011700 seconds, Stopping threads took: 0.0000590 seconds
18.546: Application time: 0.0489710 seconds
18.547: [GC [PSYoungGen: 21005K->1952K(21504K)] 65343K->46290K(69120K), 0.0008620 secs] [Times: user=0.01 sys=0.00, real=0.00 secs] 
18.547: Total time for which application threads were stopped: 0.0010060 seconds, Stopping threads took: 0.0000780 seconds
18.592: Application time: 0.0450280 seconds
18.593: [GC [PSYoungGen: 20489K->2464K(21504K)] 64827K->46802K(69120K), 0.0009740 secs] [Times: user=0.00 sys=0.00, real=0.00 secs] 
18.594: Total time for which application threads were stopped: 0.0011120 seconds, Stopping threads took: 0.0000640 seconds
18.642: Application time: 0.0486240 seconds
18.642: [GC [PSYoungGen: 21007K->1360K(21504K)] 65345K->45698K(69120K), 0.0006470 secs] [Times: user=0.01 sys=0.00, real=0.00 secs] 
18.643: Total time for which application threads were stopped: 0.0007810 seconds, Stopping threads took: 0.0000700 seconds
18.688: Application time: 0.0452860 seconds
18.688: [GC [PSYoungGen: 19895K->2464K(21504K)] 64233K->46802K(69120K), 0.0009560 secs] [Times: user=0.00 sys=0.00, real=0.00 secs] 
18.689: Total time for which application threads were stopped: 0.0010930 seconds, Stopping threads took: 0.0000640 seconds
18.737: Application time: 0.0475340 seconds
18.737: [GC [PSYoungGen: 21005K->1888K(21504K)] 65343K->46226K(69120K), 0.0008060 secs] [Times: user=0.00 sys=0.00, real=0.00 secs] 
18.738: Total time for which application threads were stopped: 0.0010320 seconds, Stopping threads took: 0.0001570 seconds
18.784: Application time: 0.0461210 seconds
18.784: [GC [PSYoungGen: 20425K->2464K(21504K)] 64763K->46802K(69120K), 0.0009610 secs] [Times: user=0.01 sys=0.00, real=0.00 secs] 
18.785: Total time for which application threads were stopped: 0.0010930 seconds, Stopping threads took: 0.0000570 seconds
18.832: Application time: 0.0466430 seconds
18.832: [GC [PSYoungGen: 21161K->1968K(21504K)] 65500K->46306K(69120K), 0.0008190 secs] [Times: user=0.01 sys=0.00, real=0.00 secs] 
18.833: Total time for which application threads were stopped: 0.0009450 seconds, Stopping threads took: 0.0000540 seconds
18.880: Application time: 0.0474030 seconds
18.880: [GC [PSYoungGen: 20663K->1936K(21504K)] 65002K->46282K(69120K), 0.0008100 secs] [Times: user=0.00 sys=0.00, real=0.00 secs] 
18.881: Total time for which application threads were stopped: 0.0009540 seconds, Stopping threads took: 0.0000660 seconds
18.928: Application time: 0.0465120 seconds
18.928: [GC [PSYoungGen: 20786K->1904K(21504K)] 65132K->46258K(69120K), 0.0008250 secs] [Times: user=0.01 sys=0.00, real=0.00 secs] 
18.929: Total time for which application threads were stopped: 0.0009930 seconds, Stopping threads took: 0.0000990 seconds
18.975: Application time: 0.0468240 seconds
18.976: [GC [PSYoungGen: 20445K->1920K(21504K)] 64799K->46282K(69120K), 0.0008200 secs] [Times: user=0.01 sys=0.00, real=0.01 secs] 
18.976: Total time for which application threads were stopped: 0.0010680 seconds, Stopping threads took: 0.0001790 seconds
19.023: Application time: 0.0468350 seconds
19.023: [GC [PSYoungGen: 20457K->2480K(21504K)] 64819K->46842K(69120K), 0.0009670 secs] [Times: user=0.01 sys=0.00, real=0.01 secs] 
19.024: Total time for which application threads were stopped: 0.0011210 seconds, Stopping threads took: 0.0000800 seconds
19.072: Application time: 0.0472630 seconds
19.072: [GC [PSYoungGen: 21023K->1408K(21504K)] 65385K->45770K(69120K), 0.0006570 secs] [Times: user=0.00 sys=0.00, real=0.00 secs] 
19.073: Total time for which application threads were stopped: 0.0009160 seconds, Stopping threads took: 0.0001970 seconds
19.119: Application time: 0.0459060 seconds
19.119: [GC [PSYoungGen: 19943K->2448K(21504K)] 64305K->46810K(69120K), 0.0009760 secs] [Times: user=0.00 sys=0.00, real=0.00 secs] 
19.120: Total time for which application threads were stopped: 0.0011190 seconds, Stopping threads took: 0.0000700 seconds
19.167: Application time: 0.0475640 seconds
19.167: [GC [PSYoungGen: 20991K->1392K(21504K)] 65353K->45754K(69120K), 0.0006430 secs] [Times: user=0.01 sys=0.00, real=0.00 secs] 
19.168: Total time for which application threads were stopped: 0.0007720 seconds, Stopping threads took: 0.0000660 seconds
19.213: Application time: 0.0449780 seconds
19.213: [GC [PSYoungGen: 19927K->2464K(21504K)] 64289K->46826K(69120K), 0.0010490 secs] [Times: user=0.00 sys=0.00, real=0.00 secs] 
19.214: Total time for which application threads were stopped: 0.0011810 seconds, Stopping threads took: 0.0000590 seconds
19.261: Application time: 0.0472090 seconds
19.261: [GC [PSYoungGen: 21003K->2480K(21504K)] 65365K->46842K(69120K), 0.0009670 secs] [Times: user=0.01 sys=0.00, real=0.00 secs] 
19.262: Total time for which application threads were stopped: 0.0010990 seconds, Stopping threads took: 0.0000610 seconds
19.310: Application time: 0.0475940 seconds
19.310: [GC [PSYoungGen: 21023K->848K(21504K)] 65385K->45210K(69120K), 0.0004940 secs] [Times: user=0.00 sys=0.00, real=0.00 secs] 
19.311: Total time for which application threads were stopped: 0.0006300 seconds, Stopping threads took: 0.0000760 seconds
19.356: Application time: 0.0452200 seconds
19.356: [GC [PSYoungGen: 19383K->2464K(21504K)] 63745K->46826K(69120K), 0.0009730 secs] [Times: user=0.01 sys=0.00, real=0.00 secs] 
19.357: Total time for which application threads were stopped: 0.0011230 seconds, Stopping threads took: 0.0000750 seconds
19.405: Application time: 0.0479320 seconds
19.405: [GC [PSYoungGen: 21007K->1424K(21504K)] 65369K->45786K(69120K), 0.0006520 secs] [Times: user=0.00 sys=0.00, real=0.00 secs] 
19.406: Total time for which application threads were stopped: 0.0007810 seconds, Stopping threads took: 0.0000570 seconds
19.450: Application time: 0.0447330 seconds
19.451: [GC [PSYoungGen: 19959K->2448K(21504K)] 64321K->46810K(69120K), 0.0009720 secs] [Times: user=0.00 sys=0.01, real=0.00 secs] 
19.452: Total time for which application threads were stopped: 0.0011080 seconds, Stopping threads took: 0.0000580 seconds
19.500: Application time: 0.0486930 seconds
19.500: [GC [PSYoungGen: 21067K->1936K(21504K)] 65430K->46298K(69120K), 0.0008430 secs] [Times: user=0.00 sys=0.00, real=0.00 secs] 
19.501: Total time for which application threads were stopped: 0.0009710 seconds, Stopping threads took: 0.0000590 seconds
19.547: Application time: 0.0455730 seconds
19.547: [GC [PSYoungGen: 20708K->2496K(21504K)] 65070K->46866K(69120K), 0.0009680 secs] [Times: user=0.00 sys=0.00, real=0.00 secs] 
19.548: Total time for which application threads were stopped: 0.0011070 seconds, Stopping threads took: 0.0000670 seconds
19.596: Application time: 0.0479780 seconds
19.596: [GC [PSYoungGen: 21352K->1392K(21504K)] 65723K->45770K(69120K), 0.0006620 secs] [Times: user=0.01 sys=0.00, real=0.00 secs] 
19.597: Total time for which application threads were stopped: 0.0007990 seconds, Stopping threads took: 0.0000690 seconds
19.642: Application time: 0.0455390 seconds
19.642: [GC [PSYoungGen: 19929K->1920K(21504K)] 64307K->46306K(69120K), 0.0008100 secs] [Times: user=0.01 sys=0.00, real=0.00 secs] 
19.643: Total time for which application threads were stopped: 0.0009480 seconds, Stopping threads took: 0.0000700 seconds
19.689: Application time: 0.0459170 seconds
19.689: [GC [PSYoungGen: 20455K->2496K(21504K)] 64841K->47394K(69120K), 0.0011140 secs] [Times: user=0.00 sys=0.00, real=0.00 secs] 
19.690: Total time for which application threads were stopped: 0.0012680 seconds, Stopping threads took: 0.0000750 seconds
19.738: Application time: 0.0475130 seconds
19.738: [GC [PSYoungGen: 21039K->1936K(21504K)] 65937K->46834K(69120K), 0.0008020 secs] [Times: user=0.00 sys=0.00, real=0.00 secs] 
19.739: Total time for which application threads were stopped: 0.0009330 seconds, Stopping threads took: 0.0000660 seconds
19.784: Application time: 0.0453210 seconds
19.784: [GC [PSYoungGen: 20471K->2448K(21504K)] 65369K->47858K(69120K), 0.0011280 secs] [Times: user=0.00 sys=0.00, real=0.00 secs] 
19.785: Total time for which application threads were stopped: 0.0012740 seconds, Stopping threads took: 0.0000690 seconds
19.834: Application time: 0.0486060 seconds
19.834: [GC [PSYoungGen: 20991K->1920K(21504K)] 66401K->47330K(69120K), 0.0008150 secs] [Times: user=0.01 sys=0.00, real=0.00 secs] 
19.835: Total time for which application threads were stopped: 0.0009610 seconds, Stopping threads took: 0.0000800 seconds
19.879: Application time: 0.0442010 seconds
19.879: [GC [PSYoungGen: 20453K->2496K(21504K)] 65863K->48930K(69120K), 0.0012980 secs] [Times: user=0.01 sys=0.00, real=0.00 secs] 
19.881: Total time for which application threads were stopped: 0.0014590 seconds, Stopping threads took: 0.0000730 seconds
19.930: Application time: 0.0495960 seconds
19.930: [GC [PSYoungGen: 21041K->1920K(21504K)] 67475K->48354K(69120K), 0.0008160 secs] [Times: user=0.01 sys=0.00, real=0.00 secs] 
19.931: Total time for which application threads were stopped: 0.0009590 seconds, Stopping threads took: 0.0000670 seconds
19.974: Application time: 0.0430640 seconds
19.974: [GC [PSYoungGen: 20453K->2432K(21504K)] 66887K->49906K(69120K), 0.0013230 secs] [Times: user=0.01 sys=0.00, real=0.00 secs] 
19.976: [Full GC [PSYoungGen: 2432K->0K(21504K)] [ParOldGen: 47474K->9508K(47616K)] 49906K->9508K(69120K) [PSPermGen: 5139K->5139K(21504K)], 0.0117950 secs] [Times: user=0.06 sys=0.00, real=0.02 secs] 
19.988: Total time for which application threads were stopped: 0.0133250 seconds, Stopping threads took: 0.0000750 seconds
20.036: Application time: 0.0481070 seconds
20.036: [GC [PSYoungGen: 18545K->1792K(21504K)] 28053K->11300K(69120K), 0.0007220 secs] [Times: user=0.00 sys=0.00, real=0.01 secs] 
20.037: Total time for which application threads were stopped: 0.0008430 seconds, Stopping threads took: 0.0000550 seconds
20.078: Application time: 0.0410140 seconds
20.078: [GC [PSYoungGen: 20325K->2304K(21504K)] 29833K->12836K(69120K), 0.0011630 secs] [Times: user=0.01 sys=0.00, real=0.00 secs] 
20.079: Total time for which application threads were stopped: 0.0013410 seconds, Stopping threads took: 0.0001020 seconds
20.127: Application time: 0.0476430 seconds
20.127: [GC [PSYoungGen: 20849K->1760K(21504K)] 31381K->12292K(69120K), 0.0006990 secs] [Times: user=0.00 sys=0.00, real=0.00 secs] 
20.127: Total time for which application threads were stopped: 0.0008350 seconds, Stopping threads took: 0.0000710 seconds
20.170: Application time: 0.0427080 seconds
20.170: [GC [PSYoungGen: 20293K->2272K(21504K)] 30825K->13828K(69120K), 0.0012090 secs] [Times: user=0.01 sys=0.00, real=0.00 secs] 
20.172: Total time for which application threads were stopped: 0.0013580 seconds, Stopping threads took: 0.0000730 seconds
20.219: Application time: 0.0476290 seconds
20.219: [GC [PSYoungGen: 21054K->1280K(21504K)] 32610K->12836K(69120K), 0.0005730 secs] [Times: user=0.01 sys=0.00, real=0.00 secs] 
20.220: Total time for which application threads were stopped: 0.0007070 seconds, Stopping threads took: 0.0000730 seconds
20.265: Application time: 0.0456380 seconds
20.266: [GC [PSYoungGen: 20206K->1936K(21504K)] 31762K->13492K(69120K), 0.0007520 secs] [Times: user=0.00 sys=0.00, real=0.00 secs] 
20.266: Total time for which application threads were stopped: 0.0009240 seconds, Stopping threads took: 0.0001050 seconds
20.312: Application time: 0.0458160 seconds
20.313: [GC [PSYoungGen: 20479K->1408K(21504K)] 32035K->12964K(69120K), 0.0006620 secs] [Times: user=0.00 sys=0.00, real=0.00 secs] 
20.313: Total time for which application threads were stopped: 0.0011020 seconds, Stopping threads took: 0.0003710 seconds
20.357: Application time: 0.0438920 seconds
20.357: [GC [PSYoungGen: 19943K->2448K(21504K)] 31499K->14004K(69120K), 0.0010230 secs] [Times: user=0.01 sys=0.00, real=0.00 secs] 
20.358: Total time for which application threads were stopped: 0.0011640 seconds, Stopping threads took: 0.0000670 seconds
20.404: Application time: 0.0453300 seconds
20.404: [GC [PSYoungGen: 20987K->2496K(21504K)] 32543K->14052K(69120K), 0.0009570 secs] [Times: user=0.01 sys=0.00, real=0.01 secs] 
20.405: Total time for which application threads were stopped: 0.0011110 seconds, Stopping threads took: 0.0000810 seconds
20.449: Application time: 0.0441580 seconds
20.449: [GC [PSYoungGen: 21035K->2464K(21504K)] 32591K->14020K(69120K), 0.0009110 secs] [Times: user=0.00 sys=0.00, real=0.00 secs] 
20.450: Total time for which application threads were stopped: 0.0010520 seconds, Stopping threads took: 0.0000650 seconds
20.497: Application time: 0.0466900 seconds
20.497: [GC [PSYoungGen: 21005K->1936K(21504K)] 32561K->13492K(69120K), 0.0008590 secs] [Times: user=0.00 sys=0.00, real=0.00 secs] 
20.498: Total time for which application threads were stopped: 0.0010190 seconds, Stopping threads took: 0.0000790 seconds
20.542: Application time: 0.0444430 seconds
20.542: [GC [PSYoungGen: 20473K->2496K(21504K)] 32029K->14052K(69120K), 0.0009230 secs] [Times: user=0.00 sys=0.00, real=0.00 secs] 
20.543: Total time for which application threads were stopped: 0.0010610 seconds, Stopping threads took: 0.0000670 seconds
20.589: Application time: 0.0460820 seconds
20.590: [GC [PSYoungGen: 21035K->1984K(21504K)] 32591K->13540K(69120K), 0.0007640 secs] [Times: user=0.01 sys=0.00, real=0.00 secs] 
20.590: Total time for which application threads were stopped: 0.0009640 seconds, Stopping threads took: 0.0001300 seconds
20.636: Application time: 0.0457490 seconds
20.636: [GC [PSYoungGen: 20527K->1440K(21504K)] 32083K->12996K(69120K), 0.0006210 secs] [Times: user=0.01 sys=0.00, real=0.00 secs] 
20.637: Total time for which application threads were stopped: 0.0007410 seconds, Stopping threads took: 0.0000590 seconds
20.681: Application time: 0.0445440 seconds
20.681: [GC [PSYoungGen: 19975K->2432K(21504K)] 31531K->13988K(69120K), 0.0009770 secs] [Times: user=0.01 sys=0.00, real=0.00 secs] 
20.683: Total time for which application threads were stopped: 0.0016880 seconds, Stopping threads took: 0.0000660 seconds
20.730: Application time: 0.0472240 seconds
20.730: [GC [PSYoungGen: 20975K->1392K(21504K)] 32531K->12948K(69120K), 0.0006870 secs] [Times: user=0.01 sys=0.00, real=0.00 secs] 
20.731: Total time for which application threads were stopped: 0.0008050 seconds, Stopping threads took: 0.0000520 seconds
20.774: Application time: 0.0431760 seconds
20.774: [GC [PSYoungGen: 19927K->2464K(21504K)] 31483K->14020K(69120K), 0.0009260 secs] [Times: user=0.01 sys=0.00, real=0.00 secs] 
20.775: Total time for which application threads were stopped: 0.0011440 seconds, Stopping threads took: 0.0001470 seconds
20.823: Application time: 0.0475400 seconds
20.823: [GC [PSYoungGen: 21007K->1392K(21504K)] 32563K->12948K(69120K), 0.0006730 secs] [Times: user=0.00 sys=0.00, real=0.00 secs] 
20.824: Total time for which application threads were stopped: 0.0009690 seconds, Stopping threads took: 0.0002300 seconds
20.867: Application time: 0.0430290 seconds
20.867: [GC [PSYoungGen: 20081K->2512K(21504K)] 31638K->14068K(69120K), 0.0009370 secs] [Times: user=0.00 sys=0.00, real=0.00 secs] 
20.868: Total time for which application threads were stopped: 0.0011120 seconds, Stopping threads took: 0.0000920 seconds
20.913: Application time: 0.0452240 seconds
20.913: [GC [PSYoungGen: 21012K->1408K(21504K)] 32569K->12980K(69120K), 0.0006310 secs] [Times: user=0.01 sys=0.00, real=0.00 secs] 
20.914: Total time for which application threads were stopped: 0.0008550 seconds, Stopping threads took: 0.0001610 seconds
20.959: Application time: 0.0447370 seconds
20.959: [GC [PSYoungGen: 19943K->2496K(21504K)] 31515K->14092K(69120K), 0.0010270 secs] [Times: user=0.00 sys=0.00, real=0.00 secs] 
20.960: Total time for which application threads were stopped: 0.0014600 seconds, Stopping threads took: 0.0003530 seconds
21.008: Application time: 0.0476350 seconds
21.008: [GC [PSYoungGen: 21041K->928K(21504K)] 32637K->12524K(69120K), 0.0004950 secs] [Times: user=0.00 sys=0.00, real=0.00 secs] 
21.009: Total time for which application threads were stopped: 0.0006420 seconds, Stopping threads took: 0.0000870 seconds
21.051: Application time: 0.0428490 seconds
21.052: [GC [PSYoungGen: 19461K->2464K(21504K)] 31057K->14060K(69120K), 0.0009670 secs] [Times: user=0.01 sys=0.00, real=0.00 secs] 
21.053: Total time for which application threads were stopped: 0.0012660 seconds, Stopping threads took: 0.0002280 seconds
21.100: Application time: 0.0468540 seconds
21.100: [GC [PSYoungGen: 21009K->896K(21504K)] 32605K->12492K(69120K), 0.0005610 secs] [Times: user=0.01 sys=0.00, real=0.00 secs] 
21.100: Total time for which application threads were stopped: 0.0006830 seconds, Stopping threads took: 0.0000610 seconds
21.144: Application time: 0.0439670 seconds
21.144: [GC [PSYoungGen: 19429K->2464K(21504K)] 31025K->14068K(69120K), 0.0010180 secs] [Times: user=0.00 sys=0.00, real=0.00 secs] 
21.145: Total time for which application threads were stopped: 0.0011600 seconds, Stopping threads took: 0.0000700 seconds
21.191: Application time: 0.0456350 seconds
21.191: [GC [PSYoungGen: 21005K->1952K(21504K)] 32609K->13556K(69120K), 0.0008100 secs] [Times: user=0.00 sys=0.00, real=0.00 secs] 
21.192: Total time for which application threads were stopped: 0.0009460 seconds, Stopping threads took: 0.0000640 seconds
21.235: Application time: 0.0433890 seconds
21.235: [GC [PSYoungGen: 20489K->2464K(21504K)] 32093K->14068K(69120K), 0.0009450 secs] [Times: user=0.01 sys=0.00, real=0.01 secs] 
21.236: Total time for which application threads were stopped: 0.0010910 seconds, Stopping threads took: 0.0000680 seconds
21.282: Application time: 0.0458780 seconds
21.282: [GC [PSYoungGen: 21005K->1968K(21504K)] 32609K->13572K(69120K), 0.0008210 secs] [Times: user=0.01 sys=0.00, real=0.00 secs] 
21.283: Total time for which application threads were stopped: 0.0009620 seconds, Stopping threads took: 0.0000720 seconds
21.327: Application time: 0.0433550 seconds
21.327: [GC [PSYoungGen: 20505K->2480K(21504K)] 32109K->14084K(69120K), 0.0009270 secs] [Times: user=0.01 sys=0.00, real=0.00 secs] 
21.328: Total time for which application threads were stopped: 0.0010740 seconds, Stopping threads took: 0.0000720 seconds
21.375: Application time: 0.0468200 seconds
21.375: [GC [PSYoungGen: 21021K->1936K(21504K)] 32625K->13540K(69120K), 0.0007920 secs] [Times: user=0.01 sys=0.00, real=0.00 secs] 
21.376: Total time for which application threads were stopped: 0.0009310 seconds, Stopping threads took: 0.0000680 seconds
21.419: Application time: 0.0429910 seconds
21.419: [GC [PSYoungGen: 20471K->2528K(21504K)] 32075K->14644K(69120K), 0.0011200 secs] [Times: user=0.01 sys=0.00, real=0.00 secs] 
21.420: Total time for which application threads were stopped: 0.0014080 seconds, Stopping threads took: 0.0002140 seconds
21.468: Application time: 0.0481490 seconds
21.468: [GC [PSYoungGen: 21073K->1424K(21504K)] 33189K->13540K(69120K), 0.0006300 secs] [Times: user=0.00 sys=0.00, real=0.00 secs] 
21.469: Total time for which application threads were stopped: 0.0007750 seconds, Stopping threads took: 0.0000720 seconds
21.512: Application time: 0.0434440 seconds
21.512: [GC [PSYoungGen: 20035K->2496K(21504K)] 32151K->15124K(69120K), 0.0011140 secs] [Times: user=0.01 sys=0.00, real=0.00 secs] 
21.514: Total time for which application threads were stopped: 0.0012500 seconds, Stopping threads took: 0.0000620 seconds
21.561: Application time: 0.0475990 seconds
21.561: [GC [PSYoungGen: 21354K->1424K(21504K)] 33982K->14060K(69120K), 0.0006770 secs] [Times: user=0.01 sys=0.00, real=0.00 secs] 
21.562: Total time for which application threads were stopped: 0.0008200 seconds, Stopping threads took: 0.0000810 seconds
21.606: Application time: 0.0442840 seconds
21.607: [GC [PSYoungGen: 20193K->2512K(21504K)] 32830K->15156K(69120K), 0.0009650 secs] [Times: user=0.00 sys=0.00, real=0.00 secs] 
21.608: Total time for which application threads were stopped: 0.0012490 seconds, Stopping threads took: 0.0002140 seconds
21.653: Application time: 0.0456370 seconds
21.653: [GC [PSYoungGen: 21053K->1920K(21504K)] 33697K->14564K(69120K), 0.0007700 secs] [Times: user=0.00 sys=0.00, real=0.00 secs] 
21.654: Total time for which application threads were stopped: 0.0008980 seconds, Stopping threads took: 0.0000630 seconds
21.699: Application time: 0.0447910 seconds
21.699: [GC [PSYoungGen: 20455K->2480K(21504K)] 33099K->15124K(69120K), 0.0008850 secs] [Times: user=0.01 sys=0.00, real=0.00 secs] 
21.700: Total time for which application threads were stopped: 0.0010950 seconds, Stopping threads took: 0.0001430 seconds
21.747: Application time: 0.0467060 seconds
21.747: [GC [PSYoungGen: 21025K->1424K(21504K)] 33669K->14068K(69120K), 0.0006350 secs] [Times: user=0.00 sys=0.00, real=0.00 secs] 
21.747: Total time for which application threads were stopped: 0.0007850 seconds, Stopping threads took: 0.0000850 seconds
21.791: Application time: 0.0437690 seconds
21.791: [GC [PSYoungGen: 19959K->2496K(21504K)] 32603K->15140K(69120K), 0.0009540 secs] [Times: user=0.01 sys=0.00, real=0.00 secs] 
21.792: Total time for which application threads were stopped: 0.0010970 seconds, Stopping threads took: 0.0000710 seconds
21.838: Application time: 0.0452140 seconds
21.838: [GC [PSYoungGen: 21037K->1920K(21504K)] 33681K->14564K(69120K), 0.0007810 secs] [Times: user=0.00 sys=0.00, real=0.00 secs] 
21.838: Total time for which application threads were stopped: 0.0009130 seconds, Stopping threads took: 0.0000640 seconds
21.883: Application time: 0.0445530 seconds
21.883: [GC [PSYoungGen: 20455K->1936K(21504K)] 33099K->14580K(69120K), 0.0008040 secs] [Times: user=0.00 sys=0.00, real=0.00 secs] 
21.884: Total time for which application threads were stopped: 0.0009780 seconds, Stopping threads took: 0.0001060 seconds
21.930: Application time: 0.0459090 seconds
21.930: [GC [PSYoungGen: 20479K->1936K(21504K)] 33123K->14580K(69120K), 0.0007480 secs] [Times: user=0.01 sys=0.00, real=0.00 secs] 
21.931: Total time for which application threads were stopped: 0.0008860 seconds, Stopping threads took: 0.0000710 seconds
21.975: Application time: 0.0445210 seconds
21.975: [GC [PSYoungGen: 20469K->2512K(21504K)] 33113K->16180K(69120K), 0.0012460 secs] [Times: user=0.01 sys=0.00, real=0.01 secs] 
21.977: Total time for which application threads were stopped: 0.0014140 seconds, Stopping threads took: 0.0000820 seconds
22.024: Application time: 0.0475360 seconds
22.024: [GC [PSYoungGen: 21057K->1936K(21504K)] 34725K->15604K(69120K), 0.0007820 secs] [Times: user=0.01 sys=0.00, real=0.00 secs] 
22.025: Total time for which application threads were stopped: 0.0009200 seconds, Stopping threads took: 0.0000720 seconds
22.068: Application time: 0.0429680 seconds
22.068: [GC [PSYoungGen: 20467K->2464K(21504K)] 34135K->17668K(69120K), 0.0014160 secs] [Times: user=0.01 sys=0.00, real=0.00 secs] 
22.070: Total time for which application threads were stopped: 0.0015710 seconds, Stopping threads took: 0.0000780 seconds
22.118: Application time: 0.0478910 seconds
22.118: [GC [PSYoungGen: 21011K->1920K(21504K)] 36215K->17124K(69120K), 0.0007870 secs] [Times: user=0.01 sys=0.00, real=0.00 secs] 
22.119: Total time for which application threads were stopped: 0.0009150 seconds, Stopping threads took: 0.0000610 seconds
22.161: Application time: 0.0427540 seconds
22.161: [GC [PSYoungGen: 20533K->2512K(21504K)] 35738K->18228K(69120K), 0.0010880 secs] [Times: user=0.01 sys=0.00, real=0.00 secs] 
22.163: Total time for which application threads were stopped: 0.0013210 seconds, Stopping threads took: 0.0001620 seconds
22.210: Application time: 0.0477020 seconds
22.210: [GC [PSYoungGen: 21212K->1952K(21504K)] 36928K->17676K(69120K), 0.0007880 secs] [Times: user=0.00 sys=0.00, real=0.00 secs] 
22.211: Total time for which application threads were stopped: 0.0009250 seconds, Stopping threads took: 0.0000690 seconds
22.255: Application time: 0.0442610 seconds
22.256: [GC [PSYoungGen: 20878K->2448K(21504K)] 36602K->18692K(69120K), 0.0011300 secs] [Times: user=0.00 sys=0.00, real=0.01 secs] 
22.257: Total time for which application threads were stopped: 0.0012640 seconds, Stopping threads took: 0.0000600 seconds
22.303: Application time: 0.0466010 seconds
22.304: [GC [PSYoungGen: 20991K->1952K(21504K)] 37235K->18204K(69120K), 0.0008340 secs] [Times: user=0.01 sys=0.00, real=0.01 secs] 
22.304: Total time for which application threads were stopped: 0.0011010 seconds, Stopping threads took: 0.0001990 seconds
22.349: Application time: 0.0450170 seconds
22.350: [GC [PSYoungGen: 20491K->1936K(21504K)] 36743K->18188K(69120K), 0.0007630 secs] [Times: user=0.00 sys=0.00, real=0.00 secs] 
22.350: Total time for which application threads were stopped: 0.0008950 seconds, Stopping threads took: 0.0000680 seconds
22.395: Application time: 0.0444520 seconds
22.395: [GC [PSYoungGen: 20473K->2448K(21504K)] 36725K->18700K(69120K), 0.0009820 secs] [Times: user=0.01 sys=0.00, real=0.01 secs] 
22.396: Total time for which application threads were stopped: 0.0012560 seconds, Stopping threads took: 0.0001940 seconds
22.442: Application time: 0.0457960 seconds
22.442: [GC [PSYoungGen: 20989K->1936K(21504K)] 37241K->18188K(69120K), 0.0007860 secs] [Times: user=0.01 sys=0.00, real=0.00 secs] 
22.443: Total time for which application threads were stopped: 0.0009260 seconds, Stopping threads took: 0.0000690 seconds
22.487: Application time: 0.0445160 seconds
22.487: [GC [PSYoungGen: 20473K->1952K(21504K)] 36725K->18204K(69120K), 0.0008060 secs] [Times: user=0.01 sys=0.00, real=0.00 secs] 
22.488: Total time for which application threads were stopped: 0.0010150 seconds, Stopping threads took: 0.0001280 seconds
22.533: Application time: 0.0450460 seconds
22.533: [GC [PSYoungGen: 20489K->2512K(21504K)] 36741K->19276K(69120K), 0.0011130 secs] [Times: user=0.00 sys=0.00, real=0.00 secs] 
22.535: Total time for which application threads were stopped: 0.0012600 seconds, Stopping threads took: 0.0000740 seconds
22.581: Application time: 0.0465320 seconds
22.581: [GC [PSYoungGen: 21053K->2480K(21504K)] 37817K->19244K(69120K), 0.0009590 secs] [Times: user=0.01 sys=0.00, real=0.00 secs] 
22.582: Total time for which application threads were stopped: 0.0011020 seconds, Stopping threads took: 0.0000690 seconds
22.629: Application time: 0.0466370 seconds
22.629: [GC [PSYoungGen: 21025K->896K(21504K)] 37790K->17660K(69120K), 0.0004910 secs] [Times: user=0.00 sys=0.00, real=0.00 secs] 
22.630: Total time for which application threads were stopped: 0.0006070 seconds, Stopping threads took: 0.0000560 seconds
22.674: Application time: 0.0441640 seconds
22.674: [GC [PSYoungGen: 19429K->2496K(21504K)] 36193K->19260K(69120K), 0.0009240 secs] [Times: user=0.01 sys=0.00, real=0.00 secs] 
22.675: Total time for which application threads were stopped: 0.0010630 seconds, Stopping threads took: 0.0000690 seconds
22.720: Application time: 0.0455050 seconds
22.720: [GC [PSYoungGen: 21037K->1936K(21504K)] 37801K->18700K(69120K), 0.0007850 secs] [Times: user=0.00 sys=0.00, real=0.00 secs] 
22.721: Total time for which application threads were stopped: 0.0009190 seconds, Stopping threads took: 0.0000650 seconds
22.766: Application time: 0.0445160 seconds
22.766: [GC [PSYoungGen: 20473K->2496K(21504K)] 37237K->19260K(69120K), 0.0009250 secs] [Times: user=0.00 sys=0.00, real=0.00 secs] 
22.767: Total time for which application threads were stopped: 0.0010590 seconds, Stopping threads took: 0.0000630 seconds
22.812: Application time: 0.0456380 seconds
22.813: [GC [PSYoungGen: 21115K->1920K(21504K)] 37880K->18684K(69120K), 0.0008220 secs] [Times: user=0.00 sys=0.00, real=0.00 secs] 
22.813: Total time for which application threads were stopped: 0.0009550 seconds, Stopping threads took: 0.0000640 seconds
22.858: Application time: 0.0442510 seconds
22.858: [GC [PSYoungGen: 20611K->2528K(21504K)] 37376K->19812K(69120K), 0.0011190 secs] [Times: user=0.00 sys=0.00, real=0.00 secs] 
22.859: Total time for which application threads were stopped: 0.0014070 seconds, Stopping threads took: 0.0002140 seconds
22.905: Application time: 0.0460230 seconds
22.905: [GC [PSYoungGen: 21384K->1952K(21504K)] 38669K->19244K(69120K), 0.0008910 secs] [Times: user=0.01 sys=0.00, real=0.00 secs] 
22.906: Total time for which application threads were stopped: 0.0010400 seconds, Stopping threads took: 0.0000800 seconds
22.949: Application time: 0.0429940 seconds
22.949: [GC [PSYoungGen: 20563K->2528K(21504K)] 37856K->20852K(69120K), 0.0012480 secs] [Times: user=0.01 sys=0.00, real=0.00 secs] 
22.950: Total time for which application threads were stopped: 0.0013970 seconds, Stopping threads took: 0.0000740 seconds
22.999: Application time: 0.0485900 seconds
22.999: [GC [PSYoungGen: 21075K->1424K(21504K)] 39400K->19748K(69120K), 0.0006630 secs] [Times: user=0.00 sys=0.00, real=0.00 secs] 
23.000: Total time for which application threads were stopped: 0.0008050 seconds, Stopping threads took: 0.0000680 seconds
23.043: Application time: 0.0427200 seconds
23.043: [GC [PSYoungGen: 19957K->2496K(21504K)] 38281K->21332K(69120K), 0.0011070 secs] [Times: user=0.01 sys=0.00, real=0.00 secs] 
23.044: Total time for which application threads were stopped: 0.0013070 seconds, Stopping threads took: 0.0001290 seconds
23.092: Application time: 0.0483870 seconds
23.092: [GC [PSYoungGen: 21041K->1424K(21504K)] 39878K->20260K(69120K), 0.0006300 secs] [Times: user=0.00 sys=0.00, real=0.00 secs] 
23.093: Total time for which application threads were stopped: 0.0007600 seconds, Stopping threads took: 0.0000640 seconds
23.135: Application time: 0.0424310 seconds
23.136: [GC [PSYoungGen: 19957K->2512K(21504K)] 38793K->21860K(69120K), 0.0011370 secs] [Times: user=0.01 sys=0.00, real=0.01 secs] 
23.137: Total time for which application threads were stopped: 0.0012860 seconds, Stopping threads took: 0.0000750 seconds
23.184: Application time: 0.0473150 seconds
23.184: [GC [PSYoungGen: 21055K->1888K(21504K)] 40404K->21236K(69120K), 0.0007810 secs] [Times: user=0.00 sys=0.00, real=0.00 secs] 
23.185: Total time for which application threads were stopped: 0.0009060 seconds, Stopping threads took: 0.0000570 seconds
23.229: Application time: 0.0441750 seconds
23.229: [GC [PSYoungGen: 20425K->2496K(21504K)] 39773K->21844K(69120K), 0.0009530 secs] [Times: user=0.01 sys=0.00, real=0.00 secs] 
23.230: Total time for which application threads were stopped: 0.0010880 seconds, Stopping threads took: 0.0000640 seconds
23.276: Application time: 0.0452520 seconds
23.276: [GC [PSYoungGen: 21037K->1936K(21504K)] 40385K->21284K(69120K), 0.0007910 secs] [Times: user=0.00 sys=0.00, real=0.01 secs] 
23.277: Total time for which application threads were stopped: 0.0009680 seconds, Stopping threads took: 0.0001110 seconds
23.322: Application time: 0.0452520 seconds
23.322: [GC [PSYoungGen: 20475K->1392K(21504K)] 39823K->20740K(69120K), 0.0006640 secs] [Times: user=0.00 sys=0.00, real=0.00 secs] 
23.323: Total time for which application threads were stopped: 0.0008440 seconds, Stopping threads took: 0.0001130 seconds
23.368: Application time: 0.0455000 seconds
23.368: [GC [PSYoungGen: 19931K->1936K(21504K)] 39279K->21284K(69120K), 0.0008810 secs] [Times: user=0.01 sys=0.00, real=0.00 secs] 
23.369: Total time for which application threads were stopped: 0.0010430 seconds, Stopping threads took: 0.0000960 seconds
23.414: Application time: 0.0446810 seconds
23.414: [GC [PSYoungGen: 20473K->2480K(21504K)] 39821K->21828K(69120K), 0.0010050 secs] [Times: user=0.00 sys=0.00, real=0.00 secs] 
23.415: Total time for which application threads were stopped: 0.0011520 seconds, Stopping threads took: 0.0000750 seconds
23.462: Application time: 0.0471830 seconds
23.462: [GC [PSYoungGen: 21023K->1424K(21504K)] 40372K->20772K(69120K), 0.0006510 secs] [Times: user=0.00 sys=0.00, real=0.00 secs] 
23.463: Total time for which application threads were stopped: 0.0009220 seconds, Stopping threads took: 0.0002020 seconds
23.506: Application time: 0.0427120 seconds
23.506: [GC [PSYoungGen: 20193K->2496K(21504K)] 39542K->21860K(69120K), 0.0009720 secs] [Times: user=0.00 sys=0.00, real=0.00 secs] 
23.507: Total time for which application threads were stopped: 0.0012490 seconds, Stopping threads took: 0.0001930 seconds
23.554: Application time: 0.0471730 seconds
23.554: [GC [PSYoungGen: 21352K->1360K(21504K)] 40717K->20732K(69120K), 0.0006400 secs] [Times: user=0.00 sys=0.00, real=0.00 secs] 
23.555: Total time for which application threads were stopped: 0.0007870 seconds, Stopping threads took: 0.0000800 seconds
23.600: Application time: 0.0445860 seconds
23.600: [GC [PSYoungGen: 19973K->2496K(21504K)] 39346K->21876K(69120K), 0.0009130 secs] [Times: user=0.00 sys=0.00, real=0.00 secs] 
23.601: Total time for which application threads were stopped: 0.0010600 seconds, Stopping threads took: 0.0000720 seconds
23.648: Application time: 0.0477810 seconds
23.649: [GC [PSYoungGen: 21039K->1424K(21504K)] 40420K->20812K(69120K), 0.0006290 secs] [Times: user=0.00 sys=0.00, real=0.00 secs] 
23.649: Total time for which application threads were stopped: 0.0009050 seconds, Stopping threads took: 0.0002130 seconds
23.693: Application time: 0.0439850 seconds
23.694: [GC [PSYoungGen: 19959K->2480K(21504K)] 39347K->21868K(69120K), 0.0010810 secs] [Times: user=0.01 sys=0.00, real=0.00 secs] 
23.695: Total time for which application threads were stopped: 0.0017370 seconds, Stopping threads took: 0.0005740 seconds
23.739: Application time: 0.0443580 seconds
23.740: [GC [PSYoungGen: 21017K->2464K(21504K)] 40405K->22364K(69120K), 0.0011500 secs] [Times: user=0.01 sys=0.00, real=0.00 secs] 
23.741: Total time for which application threads were stopped: 0.0012860 seconds, Stopping threads took: 0.0000620 seconds
23.787: Application time: 0.0458350 seconds
23.787: [GC [PSYoungGen: 21007K->1952K(21504K)] 40908K->21852K(69120K), 0.0007980 secs] [Times: user=0.00 sys=0.00, real=0.00 secs] 
23.788: Total time for which application threads were stopped: 0.0009410 seconds, Stopping threads took: 0.0000750 seconds
23.833: Application time: 0.0458100 seconds
23.833: [GC [PSYoungGen: 20493K->1424K(21504K)] 40393K->21324K(69120K), 0.0006040 secs] [Times: user=0.00 sys=0.00, real=0.00 secs] 
23.834: Total time for which application threads were stopped: 0.0008000 seconds, Stopping threads took: 0.0001340 seconds
23.880: Application time: 0.0454960 seconds
23.880: [GC [PSYoungGen: 19957K->1936K(21504K)] 39857K->21836K(69120K), 0.0008520 secs] [Times: user=0.01 sys=0.00, real=0.00 secs] 
23.881: Total time for which application threads were stopped: 0.0010510 seconds, Stopping threads took: 0.0001320 seconds
23.926: Application time: 0.0456590 seconds
23.926: [GC [PSYoungGen: 20475K->2448K(21504K)] 40375K->22348K(69120K), 0.0009610 secs] [Times: user=0.01 sys=0.00, real=0.00 secs] 
23.927: Total time for which application threads were stopped: 0.0011030 seconds, Stopping threads took: 0.0000690 seconds
23.973: Application time: 0.0457790 seconds
23.973: [GC [PSYoungGen: 20991K->1408K(21504K)] 40892K->21308K(69120K), 0.0006640 secs] [Times: user=0.01 sys=0.00, real=0.00 secs] 
23.974: Total time for which application threads were stopped: 0.0008000 seconds, Stopping threads took: 0.0000670 seconds
24.018: Application time: 0.0444130 seconds
24.019: [GC [PSYoungGen: 19943K->2464K(21504K)] 39843K->22364K(69120K), 0.0009940 secs] [Times: user=0.01 sys=0.00, real=0.00 secs] 
24.020: Total time for which application threads were stopped: 0.0011320 seconds, Stopping threads took: 0.0000570 seconds
24.065: Application time: 0.0456960 seconds
24.065: [GC [PSYoungGen: 21009K->848K(21504K)] 40910K->20748K(69120K), 0.0004930 secs] [Times: user=0.01 sys=0.00, real=0.00 secs] 
24.066: Total time for which application threads were stopped: 0.0006250 seconds, Stopping threads took: 0.0000690 seconds
24.108: Application time: 0.0417190 seconds
24.108: [GC [PSYoungGen: 19376K->2480K(21504K)] 39277K->22892K(69120K), 0.0011310 secs] [Times: user=0.01 sys=0.00, real=0.00 secs] 
24.109: Total time for which application threads were stopped: 0.0013410 seconds, Stopping threads took: 0.0001340 seconds
24.156: Application time: 0.0469880 seconds
24.156: [GC [PSYoungGen: 21180K->1936K(21504K)] 41592K->22348K(69120K), 0.0007730 secs] [Times: user=0.01 sys=0.00, real=0.00 secs] 
24.157: Total time for which application threads were stopped: 0.0009030 seconds, Stopping threads took: 0.0000570 seconds
24.201: Application time: 0.0438090 seconds
24.201: [GC [PSYoungGen: 20862K->2512K(21504K)] 41275K->23444K(69120K), 0.0011500 secs] [Times: user=0.00 sys=0.00, real=0.00 secs] 
24.202: Total time for which application threads were stopped: 0.0012950 seconds, Stopping threads took: 0.0000710 seconds
24.249: Application time: 0.0466770 seconds
24.249: [GC [PSYoungGen: 21055K->1920K(21504K)] 41988K->22860K(69120K), 0.0007570 secs] [Times: user=0.00 sys=0.00, real=0.00 secs] 
24.250: Total time for which application threads were stopped: 0.0008950 seconds, Stopping threads took: 0.0000700 seconds
24.297: Application time: 0.0470850 seconds
24.297: [GC [PSYoungGen: 20539K->1424K(21504K)] 41480K->22372K(69120K), 0.0006620 secs] [Times: user=0.00 sys=0.00, real=0.00 secs] 
24.298: Total time for which application threads were stopped: 0.0009840 seconds, Stopping threads took: 0.0002450 seconds
24.342: Application time: 0.0446130 seconds
24.342: [GC [PSYoungGen: 19959K->2480K(21504K)] 40907K->23428K(69120K), 0.0009540 secs] [Times: user=0.00 sys=0.00, real=0.00 secs] 
24.343: Total time for which application threads were stopped: 0.0011240 seconds, Stopping threads took: 0.0000950 seconds
24.389: Application time: 0.0456750 seconds
24.389: [GC [PSYoungGen: 21023K->1440K(21504K)] 41972K->22388K(69120K), 0.0006490 secs] [Times: user=0.00 sys=0.00, real=0.00 secs] 
24.390: Total time for which application threads were stopped: 0.0007800 seconds, Stopping threads took: 0.0000690 seconds
24.434: Application time: 0.0440610 seconds
24.434: [GC [PSYoungGen: 19975K->2496K(21504K)] 40923K->23444K(69120K), 0.0009490 secs] [Times: user=0.01 sys=0.00, real=0.00 secs] 
24.435: Total time for which application threads were stopped: 0.0010960 seconds, Stopping threads took: 0.0000760 seconds
24.481: Application time: 0.0460480 seconds
24.481: [GC [PSYoungGen: 21041K->896K(21504K)] 41990K->21844K(69120K), 0.0005010 secs] [Times: user=0.01 sys=0.00, real=0.00 secs] 
24.482: Total time for which application threads were stopped: 0.0006210 seconds, Stopping threads took: 0.0000590 seconds
24.525: Application time: 0.0433130 seconds
24.525: [GC [PSYoungGen: 19429K->2496K(21504K)] 40377K->23444K(69120K), 0.0010050 secs] [Times: user=0.01 sys=0.00, real=0.00 secs] 
24.526: Total time for which application threads were stopped: 0.0011540 seconds, Stopping threads took: 0.0000670 seconds
24.572: Application time: 0.0461220 seconds
24.572: [GC [PSYoungGen: 21039K->1376K(21504K)] 41988K->22324K(69120K), 0.0006480 secs] [Times: user=0.01 sys=0.00, real=0.00 secs] 
24.573: Total time for which application threads were stopped: 0.0007780 seconds, Stopping threads took: 0.0000600 seconds
24.617: Application time: 0.0444840 seconds
24.618: [GC [PSYoungGen: 19911K->2448K(21504K)] 40859K->23396K(69120K), 0.0009450 secs] [Times: user=0.01 sys=0.00, real=0.00 secs] 
24.619: Total time for which application threads were stopped: 0.0011670 seconds, Stopping threads took: 0.0001500 seconds
24.665: Application time: 0.0458870 seconds
24.665: [GC [PSYoungGen: 20993K->896K(21504K)] 41942K->21844K(69120K), 0.0004890 secs] [Times: user=0.00 sys=0.00, real=0.00 secs] 
24.665: Total time for which application threads were stopped: 0.0006320 seconds, Stopping threads took: 0.0000790 seconds
24.710: Application time: 0.0446060 seconds
24.710: [GC [PSYoungGen: 19427K->2496K(21504K)] 40375K->23956K(69120K), 0.0010610 secs] [Times: user=0.01 sys=0.00, real=0.00 secs] 
24.711: Total time for which application threads were stopped: 0.0011840 seconds, Stopping threads took: 0.0000520 seconds
24.757: Application time: 0.0463160 seconds
24.757: [GC [PSYoungGen: 21043K->896K(21504K)] 42504K->22356K(69120K), 0.0005800 secs] [Times: user=0.00 sys=0.00, real=0.00 secs] 
24.758: Total time for which application threads were stopped: 0.0007070 seconds, Stopping threads took: 0.0000630 seconds
24.802: Application time: 0.0441440 seconds
24.802: [GC [PSYoungGen: 19583K->2512K(21504K)] 41044K->24484K(69120K), 0.0011210 secs] [Times: user=0.00 sys=0.00, real=0.00 secs] 
24.803: Total time for which application threads were stopped: 0.0012630 seconds, Stopping threads took: 0.0000670 seconds
24.850: Application time: 0.0465210 seconds
24.850: [GC [PSYoungGen: 21450K->896K(21504K)] 43423K->22876K(69120K), 0.0004810 secs] [Times: user=0.00 sys=0.00, real=0.00 secs] 
24.851: Total time for which application threads were stopped: 0.0005960 seconds, Stopping threads took: 0.0000550 seconds
24.895: Application time: 0.0440090 seconds
24.895: [GC [PSYoungGen: 19429K->2496K(21504K)] 41409K->24484K(69120K), 0.0009310 secs] [Times: user=0.01 sys=0.00, real=0.00 secs] 
24.896: Total time for which application threads were stopped: 0.0010740 seconds, Stopping threads took: 0.0000740 seconds
24.941: Application time: 0.0451260 seconds
24.941: [GC [PSYoungGen: 21115K->1968K(21504K)] 43104K->23956K(69120K), 0.0008110 secs] [Times: user=0.00 sys=0.00, real=0.00 secs] 
24.942: Total time for which application threads were stopped: 0.0010030 seconds, Stopping threads took: 0.0001240 seconds
24.987: Application time: 0.0447980 seconds
24.987: [GC [PSYoungGen: 20507K->1968K(21504K)] 42495K->23988K(69120K), 0.0007970 secs] [Times: user=0.01 sys=0.00, real=0.00 secs] 
24.988: Total time for which application threads were stopped: 0.0009680 seconds, Stopping threads took: 0.0001020 seconds
25.033: Application time: 0.0450040 seconds
25.033: [GC [PSYoungGen: 20507K->1936K(21504K)] 42528K->23956K(69120K), 0.0008540 secs] [Times: user=0.00 sys=0.00, real=0.00 secs] 
25.034: Total time for which application threads were stopped: 0.0011200 seconds, Stopping threads took: 0.0001940 seconds
25.079: Application time: 0.0451240 seconds
25.079: [GC [PSYoungGen: 20473K->1936K(21504K)] 42494K->23956K(69120K), 0.0008150 secs] [Times: user=0.00 sys=0.00, real=0.00 secs] 
25.080: Total time for which application threads were stopped: 0.0009910 seconds, Stopping threads took: 0.0001070 seconds
25.125: Application time: 0.0454020 seconds
25.125: [GC [PSYoungGen: 20479K->1408K(21504K)] 42500K->23428K(69120K), 0.0007180 secs] [Times: user=0.00 sys=0.00, real=0.00 secs] 
25.126: Total time for which application threads were stopped: 0.0010110 seconds, Stopping threads took: 0.0002290 seconds
25.170: Application time: 0.0434860 seconds
25.170: [GC [PSYoungGen: 19943K->2464K(21504K)] 41964K->24484K(69120K), 0.0010210 secs] [Times: user=0.00 sys=0.00, real=0.00 secs] 
25.171: Total time for which application threads were stopped: 0.0011620 seconds, Stopping threads took: 0.0000590 seconds
25.217: Application time: 0.0459570 seconds
25.217: [GC [PSYoungGen: 21007K->1440K(21504K)] 43028K->23460K(69120K), 0.0006230 secs] [Times: user=0.01 sys=0.00, real=0.00 secs] 
25.218: Total time for which application threads were stopped: 0.0007530 seconds, Stopping threads took: 0.0000660 seconds
25.262: Application time: 0.0443130 seconds
25.262: [GC [PSYoungGen: 19970K->2496K(21504K)] 41991K->25028K(69120K), 0.0010990 secs] [Times: user=0.01 sys=0.00, real=0.00 secs] 
25.263: Total time for which application threads were stopped: 0.0012330 seconds, Stopping threads took: 0.0000630 seconds
25.309: Application time: 0.0463050 seconds
25.310: [GC [PSYoungGen: 21039K->1968K(21504K)] 43572K->24500K(69120K), 0.0009390 secs] [Times: user=0.01 sys=0.00, real=0.00 secs] 
25.310: Total time for which application threads were stopped: 0.0010800 seconds, Stopping threads took: 0.0000680 seconds
25.354: Application time: 0.0433960 seconds
25.354: [GC [PSYoungGen: 20505K->2512K(21504K)] 43037K->25044K(69120K), 0.0009260 secs] [Times: user=0.01 sys=0.00, real=0.00 secs] 
25.355: Total time for which application threads were stopped: 0.0011360 seconds, Stopping threads took: 0.0001390 seconds
25.402: Application time: 0.0465330 seconds
25.402: [GC [PSYoungGen: 21053K->1936K(21504K)] 43586K->24468K(69120K), 0.0008380 secs] [Times: user=0.01 sys=0.00, real=0.00 secs] 
25.403: Total time for which application threads were stopped: 0.0009690 seconds, Stopping threads took: 0.0000640 seconds
25.446: Application time: 0.0438550 seconds
25.446: [GC [PSYoungGen: 20473K->2480K(21504K)] 43005K->25012K(69120K), 0.0009940 secs] [Times: user=0.00 sys=0.00, real=0.00 secs] 
25.448: Total time for which application threads were stopped: 0.0011320 seconds, Stopping threads took: 0.0000660 seconds
25.494: Application time: 0.0464580 seconds
25.494: [GC [PSYoungGen: 21412K->1952K(21504K)] 43945K->24492K(69120K), 0.0008230 secs] [Times: user=0.01 sys=0.00, real=0.00 secs] 
25.495: Total time for which application threads were stopped: 0.0009590 seconds, Stopping threads took: 0.0000670 seconds
25.540: Application time: 0.0451670 seconds
25.540: [GC [PSYoungGen: 20647K->1952K(21504K)] 43188K->24500K(69120K), 0.0008110 secs] [Times: user=0.01 sys=0.00, real=0.00 secs] 
25.541: Total time for which application threads were stopped: 0.0009620 seconds, Stopping threads took: 0.0000740 seconds
25.586: Application time: 0.0452120 seconds
25.587: [GC [PSYoungGen: 20489K->2480K(21504K)] 43037K->25028K(69120K), 0.0009880 secs] [Times: user=0.00 sys=0.00, real=0.00 secs] 
25.588: Total time for which application threads were stopped: 0.0012850 seconds, Stopping threads took: 0.0002270 seconds
25.633: Application time: 0.0453180 seconds
25.633: [GC [PSYoungGen: 21099K->1936K(21504K)] 43648K->24492K(69120K), 0.0008140 secs] [Times: user=0.00 sys=0.00, real=0.00 secs] 
25.634: Total time for which application threads were stopped: 0.0009690 seconds, Stopping threads took: 0.0000860 seconds
25.678: Application time: 0.0444480 seconds
25.678: [GC [PSYoungGen: 20473K->2528K(21504K)] 43029K->25084K(69120K), 0.0009740 secs] [Times: user=0.00 sys=0.00, real=0.00 secs] 
25.679: Total time for which application threads were stopped: 0.0011140 seconds, Stopping threads took: 0.0000680 seconds
25.725: Application time: 0.0453200 seconds
25.725: [GC [PSYoungGen: 21069K->1920K(21504K)] 43626K->24476K(69120K), 0.0008070 secs] [Times: user=0.01 sys=0.00, real=0.00 secs] 
25.727: Total time for which application threads were stopped: 0.0018180 seconds, Stopping threads took: 0.0002320 seconds
25.772: Application time: 0.0459100 seconds
25.773: [GC [PSYoungGen: 20459K->1920K(21504K)] 43016K->24476K(69120K), 0.0008050 secs] [Times: user=0.00 sys=0.00, real=0.00 secs] 
25.773: Total time for which application threads were stopped: 0.0009490 seconds, Stopping threads took: 0.0000760 seconds
25.817: Application time: 0.0439380 seconds
25.818: [GC [PSYoungGen: 20457K->2464K(21504K)] 43013K->25020K(69120K), 0.0009160 secs] [Times: user=0.01 sys=0.00, real=0.00 secs] 
25.819: Total time for which application threads were stopped: 0.0011900 seconds, Stopping threads took: 0.0002050 seconds
25.866: Application time: 0.0472920 seconds
25.866: [GC [PSYoungGen: 21007K->1408K(21504K)] 43564K->23964K(69120K), 0.0006840 secs] [Times: user=0.00 sys=0.00, real=0.00 secs] 
25.867: Total time for which application threads were stopped: 0.0009830 seconds, Stopping threads took: 0.0002300 seconds
25.909: Application time: 0.0426430 seconds
25.910: [GC [PSYoungGen: 19941K->2528K(21504K)] 42497K->25596K(69120K), 0.0011310 secs] [Times: user=0.01 sys=0.00, real=0.00 secs] 
25.911: Total time for which application threads were stopped: 0.0014140 seconds, Stopping threads took: 0.0002090 seconds
25.958: Application time: 0.0472450 seconds
25.958: [GC [PSYoungGen: 21071K->1936K(21504K)] 44140K->25004K(69120K), 0.0008250 secs] [Times: user=0.00 sys=0.00, real=0.00 secs] 
25.959: Total time for which application threads were stopped: 0.0009580 seconds, Stopping threads took: 0.0000640 seconds
26.003: Application time: 0.0436580 seconds
26.003: [GC [PSYoungGen: 20471K->2480K(21504K)] 43539K->26060K(69120K), 0.0011080 secs] [Times: user=0.01 sys=0.00, real=0.00 secs] 
26.004: Total time for which application threads were stopped: 0.0012620 seconds, Stopping threads took: 0.0000750 seconds
26.051: Application time: 0.0466660 seconds
26.051: [GC [PSYoungGen: 21023K->1408K(21504K)] 44604K->24988K(69120K), 0.0006660 secs] [Times: user=0.01 sys=0.00, real=0.00 secs] 
26.052: Total time for which application threads were stopped: 0.0008740 seconds, Stopping threads took: 0.0001320 seconds
26.097: Application time: 0.0450140 seconds
26.097: [GC [PSYoungGen: 19947K->1408K(21504K)] 43528K->24988K(69120K), 0.0006390 secs] [Times: user=0.00 sys=0.00, real=0.00 secs] 
26.097: Total time for which application threads were stopped: 0.0008050 seconds, Stopping threads took: 0.0001010 seconds
26.142: Application time: 0.0449260 seconds
26.142: [GC [PSYoungGen: 20336K->2480K(21504K)] 43917K->26060K(69120K), 0.0009380 secs] [Times: user=0.01 sys=0.00, real=0.00 secs] 
26.143: Total time for which application threads were stopped: 0.0010790 seconds, Stopping threads took: 0.0000720 seconds
26.189: Application time: 0.0456160 seconds
26.189: [GC [PSYoungGen: 21180K->1408K(21504K)] 44760K->24996K(69120K), 0.0006440 secs] [Times: user=0.00 sys=0.00, real=0.00 secs] 
26.190: Total time for which application threads were stopped: 0.0008030 seconds, Stopping threads took: 0.0000800 seconds
26.233: Application time: 0.0428000 seconds
26.233: [GC [PSYoungGen: 19941K->2512K(21504K)] 43529K->26620K(69120K), 0.0011280 secs] [Times: user=0.00 sys=0.00, real=0.00 secs] 
26.234: Total time for which application threads were stopped: 0.0012710 seconds, Stopping threads took: 0.0000690 seconds
26.281: Application time: 0.0473280 seconds
26.281: [GC [PSYoungGen: 21135K->1344K(21504K)] 45244K->25452K(69120K), 0.0006830 secs] [Times: user=0.01 sys=0.00, real=0.00 secs] 
26.282: Total time for which application threads were stopped: 0.0008140 seconds, Stopping threads took: 0.0000720 seconds
26.326: Application time: 0.0436660 seconds
26.326: [GC [PSYoungGen: 19877K->2464K(21504K)] 43985K->27092K(69120K), 0.0011120 secs] [Times: user=0.01 sys=0.00, real=0.00 secs] 
26.327: Total time for which application threads were stopped: 0.0012680 seconds, Stopping threads took: 0.0000840 seconds
26.375: Application time: 0.0482690 seconds
26.375: [GC [PSYoungGen: 21011K->896K(21504K)] 45640K->25524K(69120K), 0.0004910 secs] [Times: user=0.00 sys=0.00, real=0.00 secs] 
26.376: Total time for which application threads were stopped: 0.0006220 seconds, Stopping threads took: 0.0000630 seconds
26.417: Application time: 0.0414870 seconds
26.417: [GC [PSYoungGen: 19429K->2480K(21504K)] 44057K->27109K(69120K), 0.0009560 secs] [Times: user=0.01 sys=0.00, real=0.00 secs] 
26.418: Total time for which application threads were stopped: 0.0010890 seconds, Stopping threads took: 0.0000630 seconds
26.467: Application time: 0.0486310 seconds
26.467: [GC [PSYoungGen: 21027K->352K(21504K)] 45656K->24980K(69120K), 0.0004570 secs] [Times: user=0.00 sys=0.00, real=0.00 secs] 
26.468: Total time for which application threads were stopped: 0.0006860 seconds, Stopping threads took: 0.0001620 seconds
26.510: Application time: 0.0419220 seconds
26.510: [GC [PSYoungGen: 18883K->2480K(21504K)] 43511K->27109K(69120K), 0.0009630 secs] [Times: user=0.01 sys=0.00, real=0.00 secs] 
26.511: Total time for which application threads were stopped: 0.0011020 seconds, Stopping threads took: 0.0000690 seconds
26.558: Application time: 0.0475210 seconds
26.558: [GC [PSYoungGen: 21027K->352K(21504K)] 45656K->24980K(69120K), 0.0004630 secs] [Times: user=0.00 sys=0.00, real=0.00 secs] 
26.559: Total time for which application threads were stopped: 0.0006120 seconds, Stopping threads took: 0.0000780 seconds
26.602: Application time: 0.0425560 seconds
26.602: [GC [PSYoungGen: 18883K->2480K(21504K)] 43511K->27109K(69120K), 0.0009270 secs] [Times: user=0.01 sys=0.00, real=0.00 secs] 
26.603: Total time for which application threads were stopped: 0.0010700 seconds, Stopping threads took: 0.0000680 seconds
26.649: Application time: 0.0461800 seconds
26.649: [GC [PSYoungGen: 21023K->864K(21504K)] 45652K->25492K(69120K), 0.0005220 secs] [Times: user=0.01 sys=0.00, real=0.00 secs] 
26.649: Total time for which application threads were stopped: 0.0007020 seconds, Stopping threads took: 0.0001150 seconds
26.695: Application time: 0.0450520 seconds
26.695: [GC [PSYoungGen: 19401K->1968K(21504K)] 44030K->26596K(69120K), 0.0007980 secs] [Times: user=0.00 sys=0.00, real=0.00 secs] 
26.695: Total time for which application threads were stopped: 0.0009640 seconds, Stopping threads took: 0.0001000 seconds
26.740: Application time: 0.0446460 seconds
26.741: [GC [PSYoungGen: 20507K->1952K(21504K)] 45136K->26580K(69120K), 0.0008020 secs] [Times: user=0.00 sys=0.00, real=0.00 secs] 
26.741: Total time for which application threads were stopped: 0.0012280 seconds, Stopping threads took: 0.0003590 seconds
26.786: Application time: 0.0447320 seconds
26.786: [GC [PSYoungGen: 20882K->1936K(21504K)] 45511K->26564K(69120K), 0.0007880 secs] [Times: user=0.01 sys=0.00, real=0.00 secs] 
26.787: Total time for which application threads were stopped: 0.0011000 seconds, Stopping threads took: 0.0002460 seconds
26.832: Application time: 0.0446120 seconds
26.832: [GC [PSYoungGen: 20629K->2480K(21504K)] 45258K->27116K(69120K), 0.0009740 secs] [Times: user=0.01 sys=0.00, real=0.00 secs] 
26.833: Total time for which application threads were stopped: 0.0011890 seconds, Stopping threads took: 0.0001430 seconds
26.879: Application time: 0.0455830 seconds
26.879: [GC [PSYoungGen: 21019K->1936K(21504K)] 45656K->26581K(69120K), 0.0007730 secs] [Times: user=0.01 sys=0.00, real=0.00 secs] 
26.879: Total time for which application threads were stopped: 0.0009050 seconds, Stopping threads took: 0.0000670 seconds
26.925: Application time: 0.0455010 seconds
26.925: [GC [PSYoungGen: 20475K->1904K(21504K)] 45120K->26549K(69120K), 0.0008180 secs] [Times: user=0.00 sys=0.00, real=0.00 secs] 
26.926: Total time for which application threads were stopped: 0.0009600 seconds, Stopping threads took: 0.0000720 seconds
26.971: Application time: 0.0452840 seconds
26.971: [GC [PSYoungGen: 20521K->1408K(21504K)] 45166K->26060K(69120K), 0.0006420 secs] [Times: user=0.00 sys=0.00, real=0.00 secs] 
26.972: Total time for which application threads were stopped: 0.0008240 seconds, Stopping threads took: 0.0001120 seconds
27.016: Application time: 0.0442210 seconds
27.016: [GC [PSYoungGen: 19943K->2528K(21504K)] 44595K->27188K(69120K), 0.0009750 secs] [Times: user=0.01 sys=0.00, real=0.00 secs] 
27.017: Total time for which application threads were stopped: 0.0011530 seconds, Stopping threads took: 0.0001060 seconds
27.063: Application time: 0.0451650 seconds
27.063: [GC [PSYoungGen: 21069K->2480K(21504K)] 45730K->27141K(69120K), 0.0009560 secs] [Times: user=0.00 sys=0.00, real=0.00 secs] 
27.064: Total time for which application threads were stopped: 0.0010980 seconds, Stopping threads took: 0.0000650 seconds
27.110: Application time: 0.0462850 seconds
27.110: [GC [PSYoungGen: 21023K->1392K(21504K)] 45684K->26052K(69120K), 0.0006960 secs] [Times: user=0.01 sys=0.00, real=0.00 secs] 
27.111: Total time for which application threads were stopped: 0.0009780 seconds, Stopping threads took: 0.0002140 seconds
27.155: Application time: 0.0439250 seconds
27.155: [GC [PSYoungGen: 19927K->2496K(21504K)] 44588K->27156K(69120K), 0.0009490 secs] [Times: user=0.00 sys=0.00, real=0.00 secs] 
27.156: Total time for which application threads were stopped: 0.0011020 seconds, Stopping threads took: 0.0000840 seconds
27.202: Application time: 0.0463330 seconds
27.203: [GC [PSYoungGen: 21041K->864K(21504K)] 45702K->25524K(69120K), 0.0005460 secs] [Times: user=0.00 sys=0.00, real=0.00 secs] 
27.203: Total time for which application threads were stopped: 0.0007690 seconds, Stopping threads took: 0.0001570 seconds
27.247: Application time: 0.0436010 seconds
27.247: [GC [PSYoungGen: 19397K->2480K(21504K)] 44057K->27140K(69120K), 0.0009520 secs] [Times: user=0.01 sys=0.00, real=0.00 secs] 
27.248: Total time for which application threads were stopped: 0.0010940 seconds, Stopping threads took: 0.0000700 seconds
27.294: Application time: 0.0459380 seconds
27.294: [GC [PSYoungGen: 21021K->1920K(21504K)] 45682K->26580K(69120K), 0.0009120 secs] [Times: user=0.00 sys=0.00, real=0.00 secs] 
27.295: Total time for which application threads were stopped: 0.0012800 seconds, Stopping threads took: 0.0003010 seconds
27.340: Application time: 0.0446900 seconds
27.340: [GC [PSYoungGen: 20459K->1952K(21504K)] 45120K->26612K(69120K), 0.0008060 secs] [Times: user=0.01 sys=0.00, real=0.00 secs] 
27.341: Total time for which application threads were stopped: 0.0012080 seconds, Stopping threads took: 0.0003340 seconds
27.386: Application time: 0.0452970 seconds
27.386: [GC [PSYoungGen: 20491K->1920K(21504K)] 45152K->26581K(69120K), 0.0007850 secs] [Times: user=0.00 sys=0.00, real=0.00 secs] 
27.387: Total time for which application threads were stopped: 0.0009270 seconds, Stopping threads took: 0.0000760 seconds
27.432: Application time: 0.0449710 seconds
27.432: [GC [PSYoungGen: 20690K->2496K(21504K)] 45351K->27157K(69120K), 0.0009400 secs] [Times: user=0.01 sys=0.00, real=0.00 secs] 
27.433: Total time for which application threads were stopped: 0.0011230 seconds, Stopping threads took: 0.0001110 seconds
27.479: Application time: 0.0458360 seconds
27.479: [GC [PSYoungGen: 21354K->1376K(21504K)] 46015K->26044K(69120K), 0.0006690 secs] [Times: user=0.00 sys=0.00, real=0.00 secs] 
27.480: Total time for which application threads were stopped: 0.0007960 seconds, Stopping threads took: 0.0000630 seconds
27.525: Application time: 0.0447400 seconds
27.525: [GC [PSYoungGen: 19909K->1968K(21504K)] 44577K->26644K(69120K), 0.0007910 secs] [Times: user=0.00 sys=0.00, real=0.00 secs] 
27.526: Total time for which application threads were stopped: 0.0009830 seconds, Stopping threads took: 0.0001260 seconds
27.571: Application time: 0.0454310 seconds
27.571: [GC [PSYoungGen: 20513K->1440K(21504K)] 45190K->26116K(69120K), 0.0006400 secs] [Times: user=0.01 sys=0.00, real=0.00 secs] 
27.572: Total time for which application threads were stopped: 0.0007710 seconds, Stopping threads took: 0.0000610 seconds
27.614: Application time: 0.0426130 seconds
27.615: [GC [PSYoungGen: 20051K->2512K(21504K)] 44728K->27701K(69120K), 0.0010930 secs] [Times: user=0.01 sys=0.00, real=0.00 secs] 
27.616: Total time for which application threads were stopped: 0.0012310 seconds, Stopping threads took: 0.0000670 seconds
27.664: Application time: 0.0479270 seconds
27.664: [GC [PSYoungGen: 21057K->1424K(21504K)] 46246K->26620K(69120K), 0.0006820 secs] [Times: user=0.00 sys=0.00, real=0.01 secs] 
27.664: Total time for which application threads were stopped: 0.0008210 seconds, Stopping threads took: 0.0000690 seconds
27.707: Application time: 0.0420740 seconds
27.707: [GC [PSYoungGen: 19957K->2512K(21504K)] 45153K->28221K(69120K), 0.0010860 secs] [Times: user=0.00 sys=0.00, real=0.00 secs] 
27.708: Total time for which application threads were stopped: 0.0012320 seconds, Stopping threads took: 0.0000710 seconds
27.756: Application time: 0.0486340 seconds
27.756: [GC [PSYoungGen: 21059K->832K(21504K)] 46768K->26540K(69120K), 0.0005100 secs] [Times: user=0.01 sys=0.00, real=0.00 secs] 
27.757: Total time for which application threads were stopped: 0.0006320 seconds, Stopping threads took: 0.0000610 seconds
27.799: Application time: 0.0422700 seconds
27.799: [GC [PSYoungGen: 19363K->2528K(21504K)] 45071K->28749K(69120K), 0.0011290 secs] [Times: user=0.01 sys=0.00, real=0.00 secs] 
27.801: Total time for which application threads were stopped: 0.0012740 seconds, Stopping threads took: 0.0000710 seconds
27.852: Application time: 0.0513570 seconds
27.852: [GC [PSYoungGen: 21069K->1904K(21504K)] 47290K->28125K(69120K), 0.0011110 secs] [Times: user=0.01 sys=0.00, real=0.00 secs] 
27.853: Total time for which application threads were stopped: 0.0013320 seconds, Stopping threads took: 0.0001160 seconds
27.909: Application time: 0.0555280 seconds
27.909: [GC [PSYoungGen: 20430K->2480K(21504K)] 46651K->29725K(69120K), 0.0013770 secs] [Times: user=0.00 sys=0.00, real=0.00 secs] 
27.910: Total time for which application threads were stopped: 0.0015460 seconds, Stopping threads took: 0.0000720 seconds
27.957: Application time: 0.0462220 seconds
27.957: [GC [PSYoungGen: 21025K->1952K(21504K)] 48270K->29197K(69120K), 0.0008020 secs] [Times: user=0.01 sys=0.00, real=0.00 secs] 
27.957: Total time for which application threads were stopped: 0.0009370 seconds, Stopping threads took: 0.0000710 seconds
28.001: Application time: 0.0437710 seconds
28.001: [GC [PSYoungGen: 20486K->1920K(21504K)] 47731K->29165K(69120K), 0.0007900 secs] [Times: user=0.00 sys=0.00, real=0.00 secs] 
28.002: Total time for which application threads were stopped: 0.0010090 seconds, Stopping threads took: 0.0001540 seconds
28.046: Application time: 0.0441120 seconds
28.047: [GC [PSYoungGen: 20448K->2448K(21504K)] 47693K->30205K(69120K), 0.0010610 secs] [Times: user=0.00 sys=0.00, real=0.00 secs] 
28.048: Total time for which application threads were stopped: 0.0012050 seconds, Stopping threads took: 0.0000740 seconds
28.093: Application time: 0.0454860 seconds
28.093: [GC [PSYoungGen: 21147K->1904K(21504K)] 48904K->29661K(69120K), 0.0008270 secs] [Times: user=0.01 sys=0.00, real=0.00 secs] 
28.094: Total time for which application threads were stopped: 0.0009820 seconds, Stopping threads took: 0.0000680 seconds
28.137: Application time: 0.0430880 seconds
28.137: [GC [PSYoungGen: 20667K->2512K(21504K)] 48424K->30789K(69120K), 0.0011120 secs] [Times: user=0.01 sys=0.00, real=0.00 secs] 
28.138: Total time for which application threads were stopped: 0.0012600 seconds, Stopping threads took: 0.0000770 seconds
28.184: Application time: 0.0457420 seconds
28.184: [GC [PSYoungGen: 21215K->896K(21504K)] 49492K->29181K(69120K), 0.0004990 secs] [Times: user=0.00 sys=0.00, real=0.00 secs] 
28.185: Total time for which application threads were stopped: 0.0006580 seconds, Stopping threads took: 0.0000960 seconds
28.228: Application time: 0.0429700 seconds
28.228: [GC [PSYoungGen: 19420K->2480K(21504K)] 47705K->30765K(69120K), 0.0009700 secs] [Times: user=0.00 sys=0.00, real=0.00 secs] 
28.229: Total time for which application threads were stopped: 0.0011040 seconds, Stopping threads took: 0.0000630 seconds
28.273: Application time: 0.0443430 seconds
28.273: [GC [PSYoungGen: 21101K->1392K(21504K)] 49386K->29677K(69120K), 0.0006220 secs] [Times: user=0.00 sys=0.00, real=0.00 secs] 
28.274: Total time for which application threads were stopped: 0.0007510 seconds, Stopping threads took: 0.0000640 seconds
28.318: Application time: 0.0442470 seconds
28.318: [GC [PSYoungGen: 19924K->1952K(21504K)] 48209K->30253K(69120K), 0.0008290 secs] [Times: user=0.01 sys=0.00, real=0.00 secs] 
28.319: Total time for which application threads were stopped: 0.0009870 seconds, Stopping threads took: 0.0000870 seconds
28.363: Application time: 0.0433170 seconds
28.363: [GC [PSYoungGen: 20484K->2464K(21504K)] 48785K->30765K(69120K), 0.0009400 secs] [Times: user=0.00 sys=0.00, real=0.00 secs] 
28.364: Total time for which application threads were stopped: 0.0010660 seconds, Stopping threads took: 0.0000560 seconds
28.409: Application time: 0.0454290 seconds
28.409: [GC [PSYoungGen: 21005K->1952K(21504K)] 49306K->30253K(69120K), 0.0008020 secs] [Times: user=0.00 sys=0.00, real=0.00 secs] 
28.410: Total time for which application threads were stopped: 0.0009420 seconds, Stopping threads took: 0.0000720 seconds
28.452: Application time: 0.0422560 seconds
28.452: [GC [PSYoungGen: 20484K->2480K(21504K)] 48785K->30781K(69120K), 0.0009410 secs] [Times: user=0.00 sys=0.00, real=0.00 secs] 
28.453: Total time for which application threads were stopped: 0.0010840 seconds, Stopping threads took: 0.0000740 seconds
28.500: Application time: 0.0464110 seconds
28.500: [GC [PSYoungGen: 21021K->1936K(21504K)] 49322K->30237K(69120K), 0.0008300 secs] [Times: user=0.00 sys=0.00, real=0.00 secs] 
28.501: Total time for which application threads were stopped: 0.0009710 seconds, Stopping threads took: 0.0000720 seconds
28.543: Application time: 0.0421640 seconds
28.543: [GC [PSYoungGen: 20468K->2496K(21504K)] 48769K->30797K(69120K), 0.0009350 secs] [Times: user=0.00 sys=0.00, real=0.00 secs] 
28.544: Total time for which application threads were stopped: 0.0010790 seconds, Stopping threads took: 0.0000750 seconds
28.591: Application time: 0.0466640 seconds
28.591: [GC [PSYoungGen: 21035K->1952K(21504K)] 49336K->30253K(69120K), 0.0008050 secs] [Times: user=0.00 sys=0.00, real=0.00 secs] 
28.592: Total time for which application threads were stopped: 0.0009310 seconds, Stopping threads took: 0.0000620 seconds
28.633: Application time: 0.0415110 seconds
28.633: [GC [PSYoungGen: 20474K->2480K(21504K)] 48775K->32317K(69120K), 0.0014750 secs] [Times: user=0.01 sys=0.00, real=0.00 secs] 
28.635: Total time for which application threads were stopped: 0.0016390 seconds, Stopping threads took: 0.0000790 seconds
28.682: Application time: 0.0471980 seconds
28.682: [GC [PSYoungGen: 21027K->1904K(21504K)] 50864K->31741K(69120K), 0.0007940 secs] [Times: user=0.01 sys=0.00, real=0.00 secs] 
28.683: Total time for which application threads were stopped: 0.0009310 seconds, Stopping threads took: 0.0000720 seconds
28.725: Application time: 0.0418360 seconds
28.725: [GC [PSYoungGen: 20504K->2480K(21504K)] 50341K->33853K(69120K), 0.0014460 secs] [Times: user=0.01 sys=0.00, real=0.00 secs] 
28.726: Total time for which application threads were stopped: 0.0015870 seconds, Stopping threads took: 0.0000620 seconds
28.774: Application time: 0.0478330 seconds
28.774: [GC [PSYoungGen: 21340K->1952K(21504K)] 52713K->33333K(69120K), 0.0008130 secs] [Times: user=0.00 sys=0.00, real=0.00 secs] 
28.775: Total time for which application threads were stopped: 0.0009440 seconds, Stopping threads took: 0.0000610 seconds
28.817: Application time: 0.0417020 seconds
28.817: [GC [PSYoungGen: 20633K->2496K(21504K)] 52014K->34909K(69120K), 0.0012970 secs] [Times: user=0.01 sys=0.00, real=0.00 secs] 
28.818: Total time for which application threads were stopped: 0.0014450 seconds, Stopping threads took: 0.0000740 seconds
28.864: Application time: 0.0456150 seconds
28.864: [GC [PSYoungGen: 21041K->1952K(21504K)] 53454K->34373K(69120K), 0.0008340 secs] [Times: user=0.00 sys=0.00, real=0.01 secs] 
28.865: Total time for which application threads were stopped: 0.0009800 seconds, Stopping threads took: 0.0000730 seconds
28.909: Application time: 0.0446530 seconds
28.910: [GC [PSYoungGen: 20490K->1424K(21504K)] 52912K->33845K(69120K), 0.0006630 secs] [Times: user=0.00 sys=0.00, real=0.00 secs] 
28.910: Total time for which application threads were stopped: 0.0007950 seconds, Stopping threads took: 0.0000630 seconds
28.954: Application time: 0.0438160 seconds
28.954: [GC [PSYoungGen: 20033K->2496K(21504K)] 52454K->34925K(69120K), 0.0009960 secs] [Times: user=0.00 sys=0.00, real=0.00 secs] 
28.955: Total time for which application threads were stopped: 0.0011520 seconds, Stopping threads took: 0.0000830 seconds
29.002: Application time: 0.0465660 seconds
29.002: [GC [PSYoungGen: 21039K->1360K(21504K)] 53468K->33789K(69120K), 0.0006540 secs] [Times: user=0.01 sys=0.00, real=0.00 secs] 
29.003: Total time for which application threads were stopped: 0.0007820 seconds, Stopping threads took: 0.0000640 seconds
29.046: Application time: 0.0435980 seconds
29.046: [GC [PSYoungGen: 19890K->2432K(21504K)] 52319K->34861K(69120K), 0.0009760 secs] [Times: user=0.00 sys=0.00, real=0.00 secs] 
29.047: Total time for which application threads were stopped: 0.0011190 seconds, Stopping threads took: 0.0000730 seconds
29.092: Application time: 0.0450170 seconds
29.092: [GC [PSYoungGen: 20975K->848K(21504K)] 53404K->33277K(69120K), 0.0005030 secs] [Times: user=0.00 sys=0.00, real=0.00 secs] 
29.093: Total time for which application threads were stopped: 0.0006490 seconds, Stopping threads took: 0.0000850 seconds
29.135: Application time: 0.0422750 seconds
29.135: [GC [PSYoungGen: 19368K->2480K(21504K)] 51797K->35421K(69120K), 0.0011420 secs] [Times: user=0.01 sys=0.00, real=0.01 secs] 
29.137: Total time for which application threads were stopped: 0.0013020 seconds, Stopping threads took: 0.0000760 seconds
29.185: Application time: 0.0479720 seconds
29.185: [GC [PSYoungGen: 21027K->848K(21504K)] 53968K->33789K(69120K), 0.0005230 secs] [Times: user=0.01 sys=0.00, real=0.00 secs] 
29.185: Total time for which application threads were stopped: 0.0006560 seconds, Stopping threads took: 0.0000720 seconds
29.227: Application time: 0.0420950 seconds
29.227: [GC [PSYoungGen: 19368K->2432K(21504K)] 52309K->35373K(69120K), 0.0009730 secs] [Times: user=0.01 sys=0.00, real=0.00 secs] 
29.228: Total time for which application threads were stopped: 0.0011160 seconds, Stopping threads took: 0.0000700 seconds
29.274: Application time: 0.0459980 seconds
29.276: [GC [PSYoungGen: 20977K->896K(21504K)] 53918K->33837K(69120K), 0.0005450 secs] [Times: user=0.00 sys=0.00, real=0.00 secs] 
29.277: Total time for which application threads were stopped: 0.0022820 seconds, Stopping threads took: 0.0016780 seconds
29.320: Application time: 0.0429110 seconds
29.320: [GC [PSYoungGen: 19422K->2448K(21504K)] 52363K->35389K(69120K), 0.0009410 secs] [Times: user=0.00 sys=0.00, real=0.00 secs] 
29.321: Total time for which application threads were stopped: 0.0010840 seconds, Stopping threads took: 0.0000660 seconds
29.366: Application time: 0.0457240 seconds
29.367: [GC [PSYoungGen: 20991K->1424K(21504K)] 53932K->34365K(69120K), 0.0007050 secs] [Times: user=0.00 sys=0.00, real=0.00 secs] 
29.367: Total time for which application threads were stopped: 0.0008410 seconds, Stopping threads took: 0.0000740 seconds
29.410: Application time: 0.0427430 seconds
29.410: [GC [PSYoungGen: 20344K->2480K(21504K)] 53285K->35941K(69120K), 0.0011020 secs] [Times: user=0.01 sys=0.00, real=0.00 secs] 
29.411: Total time for which application threads were stopped: 0.0012490 seconds, Stopping threads took: 0.0000740 seconds
29.458: Application time: 0.0466400 seconds
29.460: [GC [PSYoungGen: 21103K->1424K(21504K)] 54564K->34901K(69120K), 0.0006690 secs] [Times: user=0.01 sys=0.00, real=0.00 secs] 
29.461: Total time for which application threads were stopped: 0.0029160 seconds, Stopping threads took: 0.0021840 seconds
29.503: Application time: 0.0423920 seconds
29.503: [GC [PSYoungGen: 20026K->2512K(21504K)] 53504K->36509K(69120K), 0.0011510 secs] [Times: user=0.01 sys=0.00, real=0.01 secs] 
29.505: Total time for which application threads were stopped: 0.0013050 seconds, Stopping threads took: 0.0000800 seconds
29.550: Application time: 0.0451770 seconds
29.550: [GC [PSYoungGen: 21059K->848K(21504K)] 55056K->34845K(69120K), 0.0005640 secs] [Times: user=0.00 sys=0.00, real=0.00 secs] 
29.550: Total time for which application threads were stopped: 0.0006980 seconds, Stopping threads took: 0.0000740 seconds
29.592: Application time: 0.0421060 seconds
29.593: [GC [PSYoungGen: 19450K->2496K(21504K)] 53448K->36493K(69120K), 0.0009620 secs] [Times: user=0.01 sys=0.00, real=0.00 secs] 
29.594: Total time for which application threads were stopped: 0.0011030 seconds, Stopping threads took: 0.0000730 seconds
29.639: Application time: 0.0449290 seconds
29.639: [GC [PSYoungGen: 21041K->848K(21504K)] 55038K->34853K(69120K), 0.0005250 secs] [Times: user=0.00 sys=0.00, real=0.00 secs] 
29.639: Total time for which application threads were stopped: 0.0006570 seconds, Stopping threads took: 0.0000660 seconds
29.682: Application time: 0.0426780 seconds
29.682: [GC [PSYoungGen: 19372K->2496K(21504K)] 53377K->36501K(69120K), 0.0009940 secs] [Times: user=0.01 sys=0.00, real=0.00 secs] 
29.683: Total time for which application threads were stopped: 0.0011320 seconds, Stopping threads took: 0.0000710 seconds
29.728: Application time: 0.0446310 seconds
29.728: [GC [PSYoungGen: 21035K->1952K(21504K)] 55040K->35957K(69120K), 0.0008080 secs] [Times: user=0.01 sys=0.00, real=0.00 secs] 
29.729: Total time for which application threads were stopped: 0.0009390 seconds, Stopping threads took: 0.0000660 seconds
29.772: Application time: 0.0437330 seconds
29.772: [GC [PSYoungGen: 20484K->2496K(21504K)] 54489K->36501K(69120K), 0.0009870 secs] [Times: user=0.00 sys=0.00, real=0.00 secs] 
29.773: Total time for which application threads were stopped: 0.0011190 seconds, Stopping threads took: 0.0000570 seconds
29.818: Application time: 0.0446590 seconds
29.818: [GC [PSYoungGen: 21032K->2480K(21504K)] 55038K->36485K(69120K), 0.0009230 secs] [Times: user=0.00 sys=0.00, real=0.00 secs] 
29.819: Total time for which application threads were stopped: 0.0010630 seconds, Stopping threads took: 0.0000700 seconds
29.864: Application time: 0.0448440 seconds
29.864: [GC [PSYoungGen: 21016K->2480K(21504K)] 55022K->36485K(69120K), 0.0009760 secs] [Times: user=0.01 sys=0.00, real=0.00 secs] 
29.865: Total time for which application threads were stopped: 0.0011080 seconds, Stopping threads took: 0.0000610 seconds
29.909: Application time: 0.0435010 seconds
29.909: [GC [PSYoungGen: 21017K->2480K(21504K)] 55022K->36485K(69120K), 0.0009220 secs] [Times: user=0.01 sys=0.00, real=0.00 secs] 
29.910: Total time for which application threads were stopped: 0.0010700 seconds, Stopping threads took: 0.0000810 seconds
29.955: Application time: 0.0450590 seconds
29.955: [GC [PSYoungGen: 21019K->1936K(21504K)] 55024K->35941K(69120K), 0.0008040 secs] [Times: user=0.00 sys=0.00, real=0.00 secs] 
29.956: Total time for which application threads were stopped: 0.0009480 seconds, Stopping threads took: 0.0000710 seconds
29.999: Application time: 0.0434930 seconds
29.999: [GC [PSYoungGen: 20468K->2496K(21504K)] 54474K->36501K(69120K), 0.0009600 secs] [Times: user=0.01 sys=0.00, real=0.00 secs] 
30.000: Total time for which application threads were stopped: 0.0011050 seconds, Stopping threads took: 0.0000760 seconds
30.044: Application time: 0.0440270 seconds
30.044: [GC [PSYoungGen: 21428K->1920K(21504K)] 55433K->35925K(69120K), 0.0008390 secs] [Times: user=0.01 sys=0.00, real=0.00 secs] 
30.045: Total time for which application threads were stopped: 0.0009660 seconds, Stopping threads took: 0.0000590 seconds
30.087: Application time: 0.0418650 seconds
30.087: [GC [PSYoungGen: 20444K->2496K(21504K)] 54449K->37533K(69120K), 0.0013130 secs] [Times: user=0.01 sys=0.00, real=0.00 secs] 
30.089: Total time for which application threads were stopped: 0.0014570 seconds, Stopping threads took: 0.0000690 seconds
30.135: Application time: 0.0465410 seconds
30.135: [GC [PSYoungGen: 21195K->1920K(21504K)] 56233K->36965K(69120K), 0.0008080 secs] [Times: user=0.00 sys=0.00, real=0.01 secs] 
30.136: Total time for which application threads were stopped: 0.0009580 seconds, Stopping threads took: 0.0000780 seconds
30.178: Application time: 0.0418390 seconds
30.178: [GC [PSYoungGen: 20442K->2512K(21504K)] 55487K->38589K(69120K), 0.0013060 secs] [Times: user=0.01 sys=0.00, real=0.00 secs] 
30.179: Total time for which application threads were stopped: 0.0014720 seconds, Stopping threads took: 0.0000840 seconds
30.226: Application time: 0.0464620 seconds
30.226: [GC [PSYoungGen: 21135K->1936K(21504K)] 57212K->38013K(69120K), 0.0008090 secs] [Times: user=0.01 sys=0.00, real=0.00 secs] 
30.227: Total time for which application threads were stopped: 0.0009500 seconds, Stopping threads took: 0.0000730 seconds
30.268: Application time: 0.0410130 seconds
30.268: [GC [PSYoungGen: 20460K->2512K(21504K)] 56537K->39621K(69120K), 0.0012860 secs] [Times: user=0.00 sys=0.00, real=0.00 secs] 
30.269: Total time for which application threads were stopped: 0.0014410 seconds, Stopping threads took: 0.0000730 seconds
30.317: Application time: 0.0481470 seconds
30.318: [GC [PSYoungGen: 21053K->1936K(21504K)] 58162K->39045K(69120K), 0.0008520 secs] [Times: user=0.00 sys=0.00, real=0.00 secs] 
30.318: Total time for which application threads were stopped: 0.0009890 seconds, Stopping threads took: 0.0000690 seconds
30.360: Application time: 0.0417130 seconds
30.360: [GC [PSYoungGen: 20462K->2512K(21504K)] 57572K->40133K(69120K), 0.0011300 secs] [Times: user=0.00 sys=0.00, real=0.00 secs] 
30.361: Total time for which application threads were stopped: 0.0012770 seconds, Stopping threads took: 0.0000720 seconds
30.408: Application time: 0.0465310 seconds
30.408: [GC [PSYoungGen: 21055K->1936K(21504K)] 58676K->39557K(69120K), 0.0008210 secs] [Times: user=0.01 sys=0.00, real=0.00 secs] 
30.409: Total time for which application threads were stopped: 0.0009620 seconds, Stopping threads took: 0.0000740 seconds
30.452: Application time: 0.0432530 seconds
30.452: [GC [PSYoungGen: 20464K->2512K(21504K)] 58085K->40645K(69120K), 0.0011230 secs] [Times: user=0.00 sys=0.00, real=0.00 secs] 
30.453: Total time for which application threads were stopped: 0.0012720 seconds, Stopping threads took: 0.0000750 seconds
30.499: Application time: 0.0455180 seconds
30.499: [GC [PSYoungGen: 21055K->1920K(21504K)] 59188K->40053K(69120K), 0.0008000 secs] [Times: user=0.00 sys=0.00, real=0.00 secs] 
30.500: Total time for which application threads were stopped: 0.0009400 seconds, Stopping threads took: 0.0000720 seconds
30.546: Application time: 0.0461740 seconds
30.546: [GC [PSYoungGen: 20458K->1408K(21504K)] 58592K->39541K(69120K), 0.0006710 secs] [Times: user=0.01 sys=0.00, real=0.00 secs] 
30.547: Total time for which application threads were stopped: 0.0008120 seconds, Stopping threads took: 0.0000720 seconds
30.589: Application time: 0.0423220 seconds
30.589: [GC [PSYoungGen: 19936K->2496K(21504K)] 58069K->40629K(69120K), 0.0009780 secs] [Times: user=0.00 sys=0.00, real=0.00 secs] 
30.590: Total time for which application threads were stopped: 0.0011150 seconds, Stopping threads took: 0.0000670 seconds
30.636: Application time: 0.0453730 seconds
30.636: [GC [PSYoungGen: 21039K->1440K(21504K)] 59172K->39573K(69120K), 0.0006920 secs] [Times: user=0.00 sys=0.00, real=0.01 secs] 
30.637: Total time for which application threads were stopped: 0.0008250 seconds, Stopping threads took: 0.0000660 seconds
30.680: Application time: 0.0435530 seconds
30.680: [GC [PSYoungGen: 20289K->1920K(21504K)] 58423K->40053K(69120K), 0.0007830 secs] [Times: user=0.00 sys=0.00, real=0.00 secs] 
30.681: Total time for which application threads were stopped: 0.0009410 seconds, Stopping threads took: 0.0000790 seconds
30.725: Application time: 0.0438670 seconds
30.725: [GC [PSYoungGen: 20531K->2416K(21504K)] 58664K->40557K(69120K), 0.0010870 secs] [Times: user=0.00 sys=0.00, real=0.00 secs] 
30.727: Total time for which application threads were stopped: 0.0016880 seconds, Stopping threads took: 0.0000680 seconds
30.771: Application time: 0.0444800 seconds
30.771: [GC [PSYoungGen: 21113K->1936K(21504K)] 59255K->40077K(69120K), 0.0008360 secs] [Times: user=0.01 sys=0.00, real=0.00 secs] 
30.772: Total time for which application threads were stopped: 0.0009860 seconds, Stopping threads took: 0.0000790 seconds
30.816: Application time: 0.0437590 seconds
30.816: [GC [PSYoungGen: 20468K->2496K(21504K)] 58610K->40645K(69120K), 0.0009870 secs] [Times: user=0.01 sys=0.01, real=0.01 secs] 
30.817: Total time for which application threads were stopped: 0.0011370 seconds, Stopping threads took: 0.0000790 seconds
30.862: Application time: 0.0445610 seconds
30.862: [GC [PSYoungGen: 21039K->1408K(21504K)] 59188K->39557K(69120K), 0.0006980 secs] [Times: user=0.01 sys=0.00, real=0.00 secs] 
30.862: Total time for which application threads were stopped: 0.0008310 seconds, Stopping threads took: 0.0000650 seconds
30.904: Application time: 0.0415320 seconds
30.904: [GC [PSYoungGen: 20008K->2464K(21504K)] 58157K->41645K(69120K), 0.0013730 secs] [Times: user=0.01 sys=0.00, real=0.00 secs] 
30.905: Total time for which application threads were stopped: 0.0015330 seconds, Stopping threads took: 0.0000780 seconds
30.951: Application time: 0.0457290 seconds
30.951: [GC [PSYoungGen: 21011K->1392K(21504K)] 60192K->40573K(69120K), 0.0007450 secs] [Times: user=0.01 sys=0.00, real=0.00 secs] 
30.952: Total time for which application threads were stopped: 0.0008850 seconds, Stopping threads took: 0.0000750 seconds
30.995: Application time: 0.0432320 seconds
30.995: [GC [PSYoungGen: 19916K->2496K(21504K)] 59097K->42189K(69120K), 0.0011380 secs] [Times: user=0.01 sys=0.00, real=0.01 secs] 
30.997: Total time for which application threads were stopped: 0.0012960 seconds, Stopping threads took: 0.0000850 seconds
31.044: Application time: 0.0469360 seconds
31.044: [GC [PSYoungGen: 21039K->1376K(21504K)] 60732K->41069K(69120K), 0.0006900 secs] [Times: user=0.01 sys=0.00, real=0.01 secs] 
31.044: Total time for which application threads were stopped: 0.0008280 seconds, Stopping threads took: 0.0000690 seconds
31.086: Application time: 0.0412030 seconds
31.086: [GC [PSYoungGen: 19900K->2496K(21504K)] 59593K->42701K(69120K), 0.0011390 secs] [Times: user=0.00 sys=0.00, real=0.00 secs] 
31.087: Total time for which application threads were stopped: 0.0012860 seconds, Stopping threads took: 0.0000730 seconds
31.133: Application time: 0.0459280 seconds
31.133: [GC [PSYoungGen: 21035K->1920K(21504K)] 61240K->42125K(69120K), 0.0008240 secs] [Times: user=0.01 sys=0.00, real=0.00 secs] 
31.134: Total time for which application threads were stopped: 0.0009480 seconds, Stopping threads took: 0.0000570 seconds
31.177: Application time: 0.0427640 seconds
31.177: [GC [PSYoungGen: 20452K->2496K(21504K)] 60658K->42701K(69120K), 0.0010030 secs] [Times: user=0.00 sys=0.00, real=0.00 secs] 
31.178: Total time for which application threads were stopped: 0.0011560 seconds, Stopping threads took: 0.0000750 seconds
31.225: Application time: 0.0470190 seconds
31.228: [GC [PSYoungGen: 21043K->320K(21504K)] 61248K->40525K(69120K), 0.0004460 secs] [Times: user=0.00 sys=0.00, real=0.00 secs] 
31.229: Total time for which application threads were stopped: 0.0038950 seconds, Stopping threads took: 0.0033730 seconds
31.270: Application time: 0.0419170 seconds
31.271: [GC [PSYoungGen: 18838K->2480K(21504K)] 59043K->42685K(69120K), 0.0010280 secs] [Times: user=0.00 sys=0.00, real=0.00 secs] 
31.272: Total time for which application threads were stopped: 0.0011690 seconds, Stopping threads took: 0.0000650 seconds
31.316: Application time: 0.0444880 seconds
31.316: [GC [PSYoungGen: 21175K->1952K(21504K)] 61380K->42157K(69120K), 0.0008170 secs] [Times: user=0.01 sys=0.00, real=0.00 secs] 
31.317: Total time for which application threads were stopped: 0.0009410 seconds, Stopping threads took: 0.0000540 seconds
31.361: Application time: 0.0437770 seconds
31.361: [GC [PSYoungGen: 20723K->1920K(21504K)] 60929K->42133K(69120K), 0.0008310 secs] [Times: user=0.00 sys=0.00, real=0.00 secs] 
31.362: Total time for which application threads were stopped: 0.0009690 seconds, Stopping threads took: 0.0000710 seconds
31.407: Application time: 0.0453300 seconds
31.407: [GC [PSYoungGen: 20617K->1408K(21504K)] 60830K->41629K(69120K), 0.0006870 secs] [Times: user=0.01 sys=0.00, real=0.00 secs] 
31.408: Total time for which application threads were stopped: 0.0008210 seconds, Stopping threads took: 0.0000690 seconds
31.451: Application time: 0.0429850 seconds
31.451: [GC [PSYoungGen: 19934K->2528K(21504K)] 60155K->43269K(69120K), 0.0011630 secs] [Times: user=0.01 sys=0.00, real=0.00 secs] 
31.452: Total time for which application threads were stopped: 0.0013140 seconds, Stopping threads took: 0.0000770 seconds
31.498: Application time: 0.0458480 seconds
31.498: [GC [PSYoungGen: 21073K->1392K(21504K)] 61814K->42133K(69120K), 0.0006520 secs] [Times: user=0.00 sys=0.00, real=0.00 secs] 
31.499: Total time for which application threads were stopped: 0.0007930 seconds, Stopping threads took: 0.0000730 seconds
31.541: Application time: 0.0417030 seconds
31.541: [GC [PSYoungGen: 19994K->2528K(21504K)] 60736K->43781K(69120K), 0.0011210 secs] [Times: user=0.01 sys=0.00, real=0.00 secs] 
31.542: Total time for which application threads were stopped: 0.0012660 seconds, Stopping threads took: 0.0000750 seconds
31.588: Application time: 0.0459290 seconds
31.588: [GC [PSYoungGen: 21073K->1408K(21504K)] 62326K->42677K(69120K), 0.0006860 secs] [Times: user=0.01 sys=0.00, real=0.00 secs] 
31.589: Total time for which application threads were stopped: 0.0008270 seconds, Stopping threads took: 0.0000730 seconds
31.631: Application time: 0.0424120 seconds
31.631: [GC [PSYoungGen: 19932K->2512K(21504K)] 61201K->44293K(69120K), 0.0011250 secs] [Times: user=0.00 sys=0.00, real=0.00 secs] 
31.632: Total time for which application threads were stopped: 0.0012660 seconds, Stopping threads took: 0.0000720 seconds
31.678: Application time: 0.0452820 seconds
31.678: [GC [PSYoungGen: 21055K->1936K(21504K)] 62836K->43717K(69120K), 0.0008240 secs] [Times: user=0.00 sys=0.00, real=0.00 secs] 
31.679: Total time for which application threads were stopped: 0.0009620 seconds, Stopping threads took: 0.0000690 seconds
31.723: Application time: 0.0442500 seconds
31.723: [GC [PSYoungGen: 20472K->1952K(21504K)] 62254K->43733K(69120K), 0.0007910 secs] [Times: user=0.00 sys=0.00, real=0.00 secs] 
31.724: Total time for which application threads were stopped: 0.0009200 seconds, Stopping threads took: 0.0000620 seconds
31.768: Application time: 0.0438030 seconds
31.768: [GC [PSYoungGen: 20488K->1968K(21504K)] 62270K->43749K(69120K), 0.0009770 secs] [Times: user=0.01 sys=0.00, real=0.00 secs] 
31.769: Total time for which application threads were stopped: 0.0011150 seconds, Stopping threads took: 0.0000590 seconds
31.811: Application time: 0.0424870 seconds
31.811: [GC [PSYoungGen: 20492K->2528K(21504K)] 62274K->45333K(69120K), 0.0013210 secs] [Times: user=0.01 sys=0.00, real=0.00 secs] 
31.813: Total time for which application threads were stopped: 0.0014890 seconds, Stopping threads took: 0.0000840 seconds
31.861: Application time: 0.0478610 seconds
31.861: [GC [PSYoungGen: 21075K->1408K(21504K)] 63880K->44213K(69120K), 0.0006680 secs] [Times: user=0.01 sys=0.00, real=0.00 secs] 
31.861: Total time for which application threads were stopped: 0.0008070 seconds, Stopping threads took: 0.0000740 seconds
31.902: Application time: 0.0404370 seconds
31.902: [GC [PSYoungGen: 19928K->2528K(21504K)] 62733K->46357K(69120K), 0.0012840 secs] [Times: user=0.01 sys=0.00, real=0.00 secs] 
31.903: Total time for which application threads were stopped: 0.0014340 seconds, Stopping threads took: 0.0000780 seconds
31.952: Application time: 0.0485020 seconds
31.952: [GC [PSYoungGen: 21231K->1408K(21504K)] 65061K->45237K(69120K), 0.0006820 secs] [Times: user=0.00 sys=0.00, real=0.00 secs] 
31.953: Total time for which application threads were stopped: 0.0008220 seconds, Stopping threads took: 0.0000720 seconds
31.995: Application time: 0.0425350 seconds
31.995: [GC [PSYoungGen: 20093K->2464K(21504K)] 63922K->46301K(69120K), 0.0010070 secs] [Times: user=0.00 sys=0.01, real=0.01 secs] 
31.996: Total time for which application threads were stopped: 0.0011470 seconds, Stopping threads took: 0.0000720 seconds
32.042: Application time: 0.0459110 seconds
32.042: [GC [PSYoungGen: 21237K->1936K(21504K)] 65075K->45781K(69120K), 0.0008220 secs] [Times: user=0.01 sys=0.00, real=0.00 secs] 
32.043: Total time for which application threads were stopped: 0.0009570 seconds, Stopping threads took: 0.0000680 seconds
32.087: Application time: 0.0435190 seconds
32.087: [GC [PSYoungGen: 20471K->1952K(21504K)] 64316K->45805K(69120K), 0.0007900 secs] [Times: user=0.01 sys=0.00, real=0.00 secs] 
32.088: Total time for which application threads were stopped: 0.0009290 seconds, Stopping threads took: 0.0000740 seconds
32.130: Application time: 0.0425660 seconds
32.130: [GC [PSYoungGen: 20480K->2480K(21504K)] 64334K->46333K(69120K), 0.0009820 secs] [Times: user=0.01 sys=0.00, real=0.00 secs] 
32.131: Total time for which application threads were stopped: 0.0011610 seconds, Stopping threads took: 0.0001070 seconds
32.176: Application time: 0.0443490 seconds
32.176: [GC [PSYoungGen: 21023K->1936K(21504K)] 64876K->45789K(69120K), 0.0008430 secs] [Times: user=0.01 sys=0.00, real=0.01 secs] 
32.177: Total time for which application threads were stopped: 0.0009920 seconds, Stopping threads took: 0.0000760 seconds
32.220: Application time: 0.0434980 seconds
32.220: [GC [PSYoungGen: 20543K->2496K(21504K)] 64396K->46869K(69120K), 0.0011740 secs] [Times: user=0.01 sys=0.00, real=0.00 secs] 
32.221: Total time for which application threads were stopped: 0.0013200 seconds, Stopping threads took: 0.0000700 seconds
32.266: Application time: 0.0447560 seconds
32.266: [GC [PSYoungGen: 21035K->2496K(21504K)] 65408K->46869K(69120K), 0.0009650 secs] [Times: user=0.01 sys=0.00, real=0.00 secs] 
32.267: Total time for which application threads were stopped: 0.0011410 seconds, Stopping threads took: 0.0001070 seconds
32.313: Application time: 0.0452520 seconds
32.313: [GC [PSYoungGen: 21035K->1936K(21504K)] 65408K->46309K(69120K), 0.0009140 secs] [Times: user=0.00 sys=0.00, real=0.00 secs] 
32.314: Total time for which application threads were stopped: 0.0010580 seconds, Stopping threads took: 0.0000650 seconds
32.356: Application time: 0.0422030 seconds
32.356: [GC [PSYoungGen: 20464K->2464K(21504K)] 64838K->47349K(69120K), 0.0011100 secs] [Times: user=0.00 sys=0.00, real=0.01 secs] 
32.357: Total time for which application threads were stopped: 0.0012570 seconds, Stopping threads took: 0.0000740 seconds
32.403: Application time: 0.0456020 seconds
32.403: [GC [PSYoungGen: 21007K->1936K(21504K)] 65892K->46821K(69120K), 0.0008340 secs] [Times: user=0.00 sys=0.00, real=0.00 secs] 
32.404: Total time for which application threads were stopped: 0.0009720 seconds, Stopping threads took: 0.0000710 seconds
32.448: Application time: 0.0443810 seconds
32.448: [GC [PSYoungGen: 20472K->1952K(21504K)] 65358K->46837K(69120K), 0.0008260 secs] [Times: user=0.00 sys=0.00, real=0.00 secs] 
32.449: Total time for which application threads were stopped: 0.0009700 seconds, Stopping threads took: 0.0000800 seconds
32.493: Application time: 0.0438840 seconds
32.493: [GC [PSYoungGen: 20488K->1952K(21504K)] 65374K->46837K(69120K), 0.0008510 secs] [Times: user=0.01 sys=0.00, real=0.00 secs] 
32.494: Total time for which application threads were stopped: 0.0009900 seconds, Stopping threads took: 0.0000690 seconds
32.538: Application time: 0.0443060 seconds
32.538: [GC [PSYoungGen: 20490K->896K(21504K)] 65376K->45781K(69120K), 0.0005530 secs] [Times: user=0.00 sys=0.00, real=0.00 secs] 
32.539: Total time for which application threads were stopped: 0.0007040 seconds, Stopping threads took: 0.0000850 seconds
32.582: Application time: 0.0430930 seconds
32.582: [GC [PSYoungGen: 19500K->2416K(21504K)] 64386K->47301K(69120K), 0.0011050 secs] [Times: user=0.00 sys=0.00, real=0.00 secs] 
32.583: Total time for which application threads were stopped: 0.0013320 seconds, Stopping threads took: 0.0001560 seconds
32.629: Application time: 0.0459160 seconds
32.629: [GC [PSYoungGen: 21196K->880K(21504K)] 66081K->45773K(69120K), 0.0005560 secs] [Times: user=0.00 sys=0.00, real=0.00 secs] 
32.630: Total time for which application threads were stopped: 0.0006840 seconds, Stopping threads took: 0.0000630 seconds
32.672: Application time: 0.0423960 seconds
32.673: [GC [PSYoungGen: 19641K->2464K(21504K)] 64534K->47365K(69120K), 0.0010540 secs] [Times: user=0.01 sys=0.00, real=0.00 secs] 
32.674: Total time for which application threads were stopped: 0.0011920 seconds, Stopping threads took: 0.0000660 seconds
32.719: Application time: 0.0449660 seconds
32.719: [GC [PSYoungGen: 21007K->1424K(21504K)] 65908K->46333K(69120K), 0.0007120 secs] [Times: user=0.00 sys=0.00, real=0.00 secs] 
32.719: Total time for which application threads were stopped: 0.0008990 seconds, Stopping threads took: 0.0001160 seconds
32.763: Application time: 0.0433740 seconds
32.763: [GC [PSYoungGen: 19956K->1936K(21504K)] 64866K->46845K(69120K), 0.0008450 secs] [Times: user=0.00 sys=0.00, real=0.00 secs] 
32.764: Total time for which application threads were stopped: 0.0010840 seconds, Stopping threads took: 0.0001680 seconds
32.807: Application time: 0.0434160 seconds
32.807: [GC [PSYoungGen: 20464K->2512K(21504K)] 65374K->47933K(69120K), 0.0011420 secs] [Times: user=0.01 sys=0.00, real=0.00 secs] 
32.809: Total time for which application threads were stopped: 0.0012800 seconds, Stopping threads took: 0.0000620 seconds
32.853: Application time: 0.0447900 seconds
32.854: [GC [PSYoungGen: 21057K->1440K(21504K)] 66478K->46861K(69120K), 0.0006640 secs] [Times: user=0.01 sys=0.00, real=0.00 secs] 
32.854: Total time for which application threads were stopped: 0.0008070 seconds, Stopping threads took: 0.0000710 seconds
32.898: Application time: 0.0441140 seconds
32.899: [GC [PSYoungGen: 20049K->2464K(21504K)] 65470K->47893K(69120K), 0.0009770 secs] [Times: user=0.00 sys=0.00, real=0.00 secs] 
32.900: Total time for which application threads were stopped: 0.0012090 seconds, Stopping threads took: 0.0001620 seconds
32.944: Application time: 0.0442340 seconds
32.944: [GC [PSYoungGen: 21005K->1968K(21504K)] 66434K->47397K(69120K), 0.0008600 secs] [Times: user=0.00 sys=0.00, real=0.01 secs] 
32.945: Total time for which application threads were stopped: 0.0010110 seconds, Stopping threads took: 0.0000800 seconds
32.991: Application time: 0.0460060 seconds
32.991: [GC [PSYoungGen: 20509K->864K(21504K)] 65938K->46293K(69120K), 0.0006210 secs] [Times: user=0.01 sys=0.00, real=0.00 secs] 
32.992: Total time for which application threads were stopped: 0.0007490 seconds, Stopping threads took: 0.0000610 seconds
33.033: Application time: 0.0417380 seconds
33.033: [GC [PSYoungGen: 19384K->2496K(21504K)] 64813K->48437K(69120K), 0.0011220 secs] [Times: user=0.01 sys=0.00, real=0.00 secs] 
33.035: Total time for which application threads were stopped: 0.0012790 seconds, Stopping threads took: 0.0000740 seconds
33.082: Application time: 0.0470360 seconds
33.082: [GC [PSYoungGen: 21043K->880K(21504K)] 66984K->46821K(69120K), 0.0005660 secs] [Times: user=0.00 sys=0.00, real=0.00 secs] 
33.082: Total time for which application threads were stopped: 0.0006890 seconds, Stopping threads took: 0.0000560 seconds
33.123: Application time: 0.0411870 seconds
33.124: [GC [PSYoungGen: 19400K->2496K(21504K)] 65341K->49461K(69120K), 0.0013010 secs] [Times: user=0.01 sys=0.00, real=0.01 secs] 
33.125: [Full GC [PSYoungGen: 2496K->0K(21504K)] [ParOldGen: 46965K->9518K(47616K)] 49461K->9518K(69120K) [PSPermGen: 5141K->5141K(21504K)], 0.0053500 secs] [Times: user=0.02 sys=0.00, real=0.00 secs] 
33.130: Total time for which application threads were stopped: 0.0068600 seconds, Stopping threads took: 0.0000820 seconds
33.178: Application time: 0.0473060 seconds
33.178: [GC [PSYoungGen: 18545K->1792K(21504K)] 28064K->11311K(69120K), 0.0006890 secs] [Times: user=0.00 sys=0.00, real=0.00 secs] 
33.179: Total time for which application threads were stopped: 0.0008360 seconds, Stopping threads took: 0.0000790 seconds
33.223: Application time: 0.0441390 seconds
33.223: [GC [PSYoungGen: 20409K->1280K(21504K)] 29928K->10798K(69120K), 0.0005770 secs] [Times: user=0.00 sys=0.00, real=0.00 secs] 
33.223: Total time for which application threads were stopped: 0.0007600 seconds, Stopping threads took: 0.0001220 seconds
33.267: Application time: 0.0437570 seconds
33.267: [GC [PSYoungGen: 20039K->2384K(21504K)] 29558K->12415K(69120K), 0.0010210 secs] [Times: user=0.01 sys=0.00, real=0.00 secs] 
33.268: Total time for which application threads were stopped: 0.0011520 seconds, Stopping threads took: 0.0000600 seconds
33.313: Application time: 0.0451800 seconds
33.314: [GC [PSYoungGen: 21164K->1408K(21504K)] 31195K->11439K(69120K), 0.0007040 secs] [Times: user=0.01 sys=0.00, real=0.00 secs] 
33.314: Total time for which application threads were stopped: 0.0008460 seconds, Stopping threads took: 0.0000720 seconds
33.357: Application time: 0.0430900 seconds
33.358: [GC [PSYoungGen: 19932K->2432K(21504K)] 29963K->12975K(69120K), 0.0011330 secs] [Times: user=0.01 sys=0.00, real=0.00 secs] 
33.359: Total time for which application threads were stopped: 0.0012860 seconds, Stopping threads took: 0.0000710 seconds
33.403: Application time: 0.0445950 seconds
33.403: [GC [PSYoungGen: 20975K->1920K(21504K)] 31518K->12463K(69120K), 0.0007800 secs] [Times: user=0.01 sys=0.00, real=0.01 secs] 
33.404: Total time for which application threads were stopped: 0.0009640 seconds, Stopping threads took: 0.0001180 seconds
33.449: Application time: 0.0445360 seconds
33.449: [GC [PSYoungGen: 20456K->1904K(21504K)] 30999K->12447K(69120K), 0.0007670 secs] [Times: user=0.01 sys=0.00, real=0.00 secs] 
33.450: Total time for which application threads were stopped: 0.0009080 seconds, Stopping threads took: 0.0000710 seconds
33.493: Application time: 0.0430690 seconds
33.493: [GC [PSYoungGen: 20428K->2480K(21504K)] 30971K->14047K(69120K), 0.0012480 secs] [Times: user=0.01 sys=0.00, real=0.00 secs] 
33.494: Total time for which application threads were stopped: 0.0014400 seconds, Stopping threads took: 0.0001180 seconds
33.541: Application time: 0.0464850 seconds
33.541: [GC [PSYoungGen: 21103K->1984K(21504K)] 32670K->13551K(69120K), 0.0007620 secs] [Times: user=0.01 sys=0.00, real=0.00 secs] 
33.542: Total time for which application threads were stopped: 0.0008960 seconds, Stopping threads took: 0.0000660 seconds
33.583: Application time: 0.0414690 seconds
33.583: [GC [PSYoungGen: 20504K->2496K(21504K)] 32071K->15599K(69120K), 0.0014020 secs] [Times: user=0.01 sys=0.00, real=0.01 secs] 
33.585: Total time for which application threads were stopped: 0.0015540 seconds, Stopping threads took: 0.0000750 seconds
33.632: Application time: 0.0475260 seconds
33.632: [GC [PSYoungGen: 21043K->1936K(21504K)] 34146K->15039K(69120K), 0.0007890 secs] [Times: user=0.01 sys=0.00, real=0.00 secs] 
33.633: Total time for which application threads were stopped: 0.0010110 seconds, Stopping threads took: 0.0001440 seconds
33.678: Application time: 0.0451470 seconds
33.678: [GC [PSYoungGen: 20472K->1936K(21504K)] 33576K->15039K(69120K), 0.0007970 secs] [Times: user=0.00 sys=0.00, real=0.00 secs] 
33.679: Total time for which application threads were stopped: 0.0009340 seconds, Stopping threads took: 0.0000640 seconds
33.722: Application time: 0.0430880 seconds
33.722: [GC [PSYoungGen: 20468K->2496K(21504K)] 33571K->15599K(69120K), 0.0009210 secs] [Times: user=0.01 sys=0.00, real=0.00 secs] 
33.723: Total time for which application threads were stopped: 0.0010650 seconds, Stopping threads took: 0.0000720 seconds
33.769: Application time: 0.0459320 seconds
33.769: [GC [PSYoungGen: 21039K->1392K(21504K)] 34142K->14495K(69120K), 0.0006500 secs] [Times: user=0.00 sys=0.00, real=0.00 secs] 
33.770: Total time for which application threads were stopped: 0.0007700 seconds, Stopping threads took: 0.0000570 seconds
33.816: Application time: 0.0453860 seconds
33.816: [GC [PSYoungGen: 19924K->1408K(21504K)] 33027K->14511K(69120K), 0.0006670 secs] [Times: user=0.00 sys=0.00, real=0.01 secs] 
33.816: Total time for which application threads were stopped: 0.0008170 seconds, Stopping threads took: 0.0000870 seconds
33.859: Application time: 0.0431430 seconds
33.860: [GC [PSYoungGen: 20019K->1936K(21504K)] 33122K->15039K(69120K), 0.0008240 secs] [Times: user=0.00 sys=0.00, real=0.00 secs] 
33.860: Total time for which application threads were stopped: 0.0009720 seconds, Stopping threads took: 0.0000740 seconds
33.905: Application time: 0.0447410 seconds
33.905: [GC [PSYoungGen: 20709K->1920K(21504K)] 33812K->15039K(69120K), 0.0007650 secs] [Times: user=0.00 sys=0.00, real=0.00 secs] 
33.906: Total time for which application threads were stopped: 0.0009030 seconds, Stopping threads took: 0.0000730 seconds
33.951: Application time: 0.0451910 seconds
33.951: [GC [PSYoungGen: 20535K->1936K(21504K)] 33654K->15079K(69120K), 0.0008010 secs] [Times: user=0.00 sys=0.01, real=0.00 secs] 
33.952: Total time for which application threads were stopped: 0.0009380 seconds, Stopping threads took: 0.0000710 seconds
33.995: Application time: 0.0424100 seconds
33.995: [GC [PSYoungGen: 20621K->2496K(21504K)] 33764K->16167K(69120K), 0.0011110 secs] [Times: user=0.01 sys=0.00, real=0.00 secs] 
33.996: Total time for which application threads were stopped: 0.0012480 seconds, Stopping threads took: 0.0000630 seconds
34.042: Application time: 0.0460800 seconds
34.042: [GC [PSYoungGen: 21043K->864K(21504K)] 34714K->14535K(69120K), 0.0005100 secs] [Times: user=0.00 sys=0.00, real=0.00 secs] 
34.043: Total time for which application threads were stopped: 0.0006480 seconds, Stopping threads took: 0.0000710 seconds
34.085: Application time: 0.0420130 seconds
34.085: [GC [PSYoungGen: 19384K->2496K(21504K)] 33055K->16679K(69120K), 0.0011640 secs] [Times: user=0.00 sys=0.00, real=0.00 secs] 
34.086: Total time for which application threads were stopped: 0.0013040 seconds, Stopping threads took: 0.0000630 seconds
34.134: Application time: 0.0484320 seconds
34.135: [GC [PSYoungGen: 21043K->944K(21504K)] 35226K->15127K(69120K), 0.0005740 secs] [Times: user=0.00 sys=0.00, real=0.00 secs] 
34.135: Total time for which application threads were stopped: 0.0007090 seconds, Stopping threads took: 0.0000740 seconds
34.175: Application time: 0.0401940 seconds
34.175: [GC [PSYoungGen: 19464K->2496K(21504K)] 33647K->17191K(69120K), 0.0010860 secs] [Times: user=0.01 sys=0.00, real=0.01 secs] 
34.177: Total time for which application threads were stopped: 0.0012490 seconds, Stopping threads took: 0.0000920 seconds
34.224: Application time: 0.0478140 seconds
34.224: [GC [PSYoungGen: 21119K->1424K(21504K)] 35814K->16135K(69120K), 0.0006760 secs] [Times: user=0.01 sys=0.00, real=0.00 secs] 
34.225: Total time for which application threads were stopped: 0.0008090 seconds, Stopping threads took: 0.0000660 seconds
34.269: Application time: 0.0435050 seconds
34.269: [GC [PSYoungGen: 19956K->1968K(21504K)] 34667K->16679K(69120K), 0.0008050 secs] [Times: user=0.01 sys=0.00, real=0.00 secs] 
34.270: Total time for which application threads were stopped: 0.0009600 seconds, Stopping threads took: 0.0000840 seconds
34.313: Application time: 0.0433630 seconds
34.313: [GC [PSYoungGen: 20500K->2480K(21504K)] 35211K->17191K(69120K), 0.0009390 secs] [Times: user=0.01 sys=0.00, real=0.00 secs] 
34.314: Total time for which application threads were stopped: 0.0010830 seconds, Stopping threads took: 0.0000740 seconds
34.358: Application time: 0.0438910 seconds
34.358: [GC [PSYoungGen: 21012K->2464K(21504K)] 35724K->17687K(69120K), 0.0010760 secs] [Times: user=0.00 sys=0.00, real=0.00 secs] 
34.359: Total time for which application threads were stopped: 0.0012180 seconds, Stopping threads took: 0.0000690 seconds
34.405: Application time: 0.0456250 seconds
34.405: [GC [PSYoungGen: 21009K->1424K(21504K)] 36232K->16647K(69120K), 0.0006350 secs] [Times: user=0.00 sys=0.00, real=0.00 secs] 
34.406: Total time for which application threads were stopped: 0.0008010 seconds, Stopping threads took: 0.0000900 seconds
34.447: Application time: 0.0416240 seconds
34.447: [GC [PSYoungGen: 19944K->2480K(21504K)] 35167K->18727K(69120K), 0.0012920 secs] [Times: user=0.01 sys=0.00, real=0.00 secs] 
34.449: Total time for which application threads were stopped: 0.0014480 seconds, Stopping threads took: 0.0000810 seconds
34.497: Application time: 0.0480810 seconds
34.497: [GC [PSYoungGen: 21105K->1408K(21504K)] 37352K->17655K(69120K), 0.0006340 secs] [Times: user=0.00 sys=0.00, real=0.00 secs] 
34.498: Total time for which application threads were stopped: 0.0007840 seconds, Stopping threads took: 0.0000830 seconds
34.539: Application time: 0.0415340 seconds
34.539: [GC [PSYoungGen: 20085K->2512K(21504K)] 36332K->19791K(69120K), 0.0012820 secs] [Times: user=0.01 sys=0.00, real=0.00 secs] 
34.541: Total time for which application threads were stopped: 0.0014270 seconds, Stopping threads took: 0.0000710 seconds
34.586: Application time: 0.0452240 seconds
34.586: [GC [PSYoungGen: 21207K->2496K(21504K)] 38487K->19783K(69120K), 0.0009190 secs] [Times: user=0.01 sys=0.00, real=0.00 secs] 
34.587: Total time for which application threads were stopped: 0.0010680 seconds, Stopping threads took: 0.0000730 seconds
34.634: Application time: 0.0467850 seconds
34.634: [GC [PSYoungGen: 21191K->1952K(21504K)] 38478K->19247K(69120K), 0.0007750 secs] [Times: user=0.00 sys=0.00, real=0.00 secs] 
34.635: Total time for which application threads were stopped: 0.0009010 seconds, Stopping threads took: 0.0000610 seconds
34.678: Application time: 0.0435620 seconds
34.678: [GC [PSYoungGen: 20484K->2480K(21504K)] 37779K->19783K(69120K), 0.0009340 secs] [Times: user=0.01 sys=0.00, real=0.00 secs] 
34.679: Total time for which application threads were stopped: 0.0010690 seconds, Stopping threads took: 0.0000650 seconds
34.725: Application time: 0.0454120 seconds
34.725: [GC [PSYoungGen: 21021K->1920K(21504K)] 38324K->19223K(69120K), 0.0008110 secs] [Times: user=0.00 sys=0.00, real=0.00 secs] 
34.726: Total time for which application threads were stopped: 0.0010210 seconds, Stopping threads took: 0.0001410 seconds
34.771: Application time: 0.0450440 seconds
34.771: [GC [PSYoungGen: 20456K->1952K(21504K)] 37760K->19255K(69120K), 0.0007610 secs] [Times: user=0.01 sys=0.00, real=0.00 secs] 
34.772: Total time for which application threads were stopped: 0.0008950 seconds, Stopping threads took: 0.0000630 seconds
34.814: Application time: 0.0429120 seconds
34.815: [GC [PSYoungGen: 20480K->2512K(21504K)] 37783K->20327K(69120K), 0.0010880 secs] [Times: user=0.00 sys=0.00, real=0.00 secs] 
34.816: Total time for which application threads were stopped: 0.0012240 seconds, Stopping threads took: 0.0000670 seconds
34.862: Application time: 0.0462140 seconds
34.862: [GC [PSYoungGen: 21137K->864K(21504K)] 38952K->18679K(69120K), 0.0004930 secs] [Times: user=0.00 sys=0.00, real=0.00 secs] 
34.863: Total time for which application threads were stopped: 0.0006200 seconds, Stopping threads took: 0.0000650 seconds
34.905: Application time: 0.0422640 seconds
34.905: [GC [PSYoungGen: 19388K->2496K(21504K)] 37203K->20319K(69120K), 0.0009590 secs] [Times: user=0.01 sys=0.00, real=0.00 secs] 
34.906: Total time for which application threads were stopped: 0.0011020 seconds, Stopping threads took: 0.0000700 seconds
34.951: Application time: 0.0446250 seconds
34.951: [GC [PSYoungGen: 21035K->1936K(21504K)] 38858K->19759K(69120K), 0.0007770 secs] [Times: user=0.01 sys=0.00, real=0.00 secs] 
34.951: Total time for which application threads were stopped: 0.0009210 seconds, Stopping threads took: 0.0000690 seconds
34.993: Application time: 0.0418330 seconds
34.993: [GC [PSYoungGen: 20468K->2464K(21504K)] 38292K->20287K(69120K), 0.0010190 secs] [Times: user=0.01 sys=0.00, real=0.00 secs] 
34.994: Total time for which application threads were stopped: 0.0011610 seconds, Stopping threads took: 0.0000710 seconds
35.040: Application time: 0.0458420 seconds
35.040: [GC [PSYoungGen: 21003K->1952K(21504K)] 38826K->19775K(69120K), 0.0007680 secs] [Times: user=0.00 sys=0.00, real=0.00 secs] 
35.041: Total time for which application threads were stopped: 0.0009170 seconds, Stopping threads took: 0.0000840 seconds
35.084: Application time: 0.0426540 seconds
35.084: [GC [PSYoungGen: 20476K->2496K(21504K)] 38299K->21343K(69120K), 0.0012990 secs] [Times: user=0.01 sys=0.01, real=0.01 secs] 
35.085: Total time for which application threads were stopped: 0.0014560 seconds, Stopping threads took: 0.0000790 seconds
35.131: Application time: 0.0459100 seconds
35.131: [GC [PSYoungGen: 21121K->1440K(21504K)] 39968K->20287K(69120K), 0.0007220 secs] [Times: user=0.00 sys=0.00, real=0.00 secs] 
35.132: Total time for which application threads were stopped: 0.0008590 seconds, Stopping threads took: 0.0000690 seconds
35.174: Application time: 0.0423150 seconds
35.175: [GC [PSYoungGen: 19960K->2480K(21504K)] 38807K->22359K(69120K), 0.0013040 secs] [Times: user=0.00 sys=0.00, real=0.00 secs] 
35.176: Total time for which application threads were stopped: 0.0014550 seconds, Stopping threads took: 0.0000740 seconds
35.223: Application time: 0.0474570 seconds
35.223: [GC [PSYoungGen: 21340K->1424K(21504K)] 41219K->21311K(69120K), 0.0006420 secs] [Times: user=0.01 sys=0.00, real=0.01 secs] 
35.224: Total time for which application threads were stopped: 0.0007570 seconds, Stopping threads took: 0.0000510 seconds
35.267: Application time: 0.0432650 seconds
35.267: [GC [PSYoungGen: 20105K->2496K(21504K)] 39992K->22903K(69120K), 0.0011300 secs] [Times: user=0.01 sys=0.00, real=0.00 secs] 
35.269: Total time for which application threads were stopped: 0.0012920 seconds, Stopping threads took: 0.0000830 seconds
35.313: Application time: 0.0440490 seconds
35.313: [GC [PSYoungGen: 21035K->2480K(21504K)] 41442K->22895K(69120K), 0.0009340 secs] [Times: user=0.01 sys=0.00, real=0.00 secs] 
35.314: Total time for which application threads were stopped: 0.0010730 seconds, Stopping threads took: 0.0000680 seconds
35.358: Application time: 0.0442510 seconds
35.358: [GC [PSYoungGen: 21021K->1936K(21504K)] 41436K->22351K(69120K), 0.0008200 secs] [Times: user=0.01 sys=0.00, real=0.00 secs] 
35.359: Total time for which application threads were stopped: 0.0009610 seconds, Stopping threads took: 0.0000720 seconds
35.403: Application time: 0.0435730 seconds
35.403: [GC [PSYoungGen: 20460K->2496K(21504K)] 40875K->23935K(69120K), 0.0012520 secs] [Times: user=0.00 sys=0.00, real=0.00 secs] 
35.404: Total time for which application threads were stopped: 0.0013940 seconds, Stopping threads took: 0.0000700 seconds
35.450: Application time: 0.0464920 seconds
35.451: [GC [PSYoungGen: 21041K->1936K(21504K)] 42480K->23375K(69120K), 0.0008030 secs] [Times: user=0.00 sys=0.00, real=0.00 secs] 
35.451: Total time for which application threads were stopped: 0.0009400 seconds, Stopping threads took: 0.0000680 seconds
35.494: Application time: 0.0426080 seconds
35.494: [GC [PSYoungGen: 20464K->2496K(21504K)] 41904K->23935K(69120K), 0.0009100 secs] [Times: user=0.01 sys=0.00, real=0.00 secs] 
35.495: Total time for which application threads were stopped: 0.0011700 seconds, Stopping threads took: 0.0001710 seconds
35.542: Application time: 0.0465630 seconds
35.542: [GC [PSYoungGen: 21119K->1392K(21504K)] 42558K->22839K(69120K), 0.0006500 secs] [Times: user=0.00 sys=0.00, real=0.00 secs] 
35.543: Total time for which application threads were stopped: 0.0007730 seconds, Stopping threads took: 0.0000610 seconds
35.585: Application time: 0.0423990 seconds
35.585: [GC [PSYoungGen: 19920K->2496K(21504K)] 41368K->23943K(69120K), 0.0009520 secs] [Times: user=0.01 sys=0.00, real=0.00 secs] 
35.586: Total time for which application threads were stopped: 0.0010900 seconds, Stopping threads took: 0.0000660 seconds
35.632: Application time: 0.0456940 seconds
35.632: [GC [PSYoungGen: 21035K->1952K(21504K)] 42482K->23399K(69120K), 0.0007870 secs] [Times: user=0.01 sys=0.00, real=0.00 secs] 
35.633: Total time for which application threads were stopped: 0.0009190 seconds, Stopping threads took: 0.0000650 seconds
35.677: Application time: 0.0443770 seconds
35.677: [GC [PSYoungGen: 20488K->1904K(21504K)] 41936K->23351K(69120K), 0.0007840 secs] [Times: user=0.01 sys=0.00, real=0.00 secs] 
35.678: Total time for which application threads were stopped: 0.0009140 seconds, Stopping threads took: 0.0000630 seconds
35.722: Application time: 0.0437000 seconds
35.722: [GC [PSYoungGen: 20432K->2464K(21504K)] 41880K->24423K(69120K), 0.0010970 secs] [Times: user=0.00 sys=0.00, real=0.00 secs] 
35.723: Total time for which application threads were stopped: 0.0012310 seconds, Stopping threads took: 0.0000630 seconds
35.769: Application time: 0.0463900 seconds
35.769: [GC [PSYoungGen: 21085K->1968K(21504K)] 43044K->23927K(69120K), 0.0008070 secs] [Times: user=0.01 sys=0.00, real=0.00 secs] 
35.771: Total time for which application threads were stopped: 0.0019170 seconds, Stopping threads took: 0.0000850 seconds
35.813: Application time: 0.0419910 seconds
35.813: [GC [PSYoungGen: 20492K->2512K(21504K)] 42451K->25503K(69120K), 0.0013320 secs] [Times: user=0.01 sys=0.00, real=0.00 secs] 
35.815: Total time for which application threads were stopped: 0.0015020 seconds, Stopping threads took: 0.0000920 seconds
35.861: Application time: 0.0467260 seconds
35.862: [GC [PSYoungGen: 21292K->1920K(21504K)] 44283K->24911K(69120K), 0.0007910 secs] [Times: user=0.01 sys=0.00, real=0.00 secs] 
35.862: Total time for which application threads were stopped: 0.0009410 seconds, Stopping threads took: 0.0000790 seconds
35.904: Application time: 0.0420130 seconds
35.904: [GC [PSYoungGen: 20685K->2512K(21504K)] 43676K->26535K(69120K), 0.0012720 secs] [Times: user=0.00 sys=0.00, real=0.00 secs] 
35.906: Total time for which application threads were stopped: 0.0014300 seconds, Stopping threads took: 0.0000820 seconds
35.953: Application time: 0.0470720 seconds
35.953: [GC [PSYoungGen: 21057K->1920K(21504K)] 45080K->25951K(69120K), 0.0007970 secs] [Times: user=0.01 sys=0.00, real=0.00 secs] 
35.954: Total time for which application threads were stopped: 0.0009420 seconds, Stopping threads took: 0.0000730 seconds
35.997: Application time: 0.0430430 seconds
35.997: [GC [PSYoungGen: 20448K->2480K(21504K)] 44480K->26511K(69120K), 0.0009750 secs] [Times: user=0.00 sys=0.00, real=0.00 secs] 
35.998: Total time for which application threads were stopped: 0.0011820 seconds, Stopping threads took: 0.0001280 seconds
36.043: Application time: 0.0446330 seconds
36.043: [GC [PSYoungGen: 21019K->2464K(21504K)] 45050K->26495K(69120K), 0.0010190 secs] [Times: user=0.01 sys=0.00, real=0.00 secs] 
36.044: Total time for which application threads were stopped: 0.0011700 seconds, Stopping threads took: 0.0000800 seconds
36.089: Application time: 0.0453480 seconds
36.089: [GC [PSYoungGen: 21005K->1936K(21504K)] 45036K->25967K(69120K), 0.0007730 secs] [Times: user=0.00 sys=0.00, real=0.00 secs] 
36.090: Total time for which application threads were stopped: 0.0009070 seconds, Stopping threads took: 0.0000670 seconds
36.132: Application time: 0.0423530 seconds
36.133: [GC [PSYoungGen: 20464K->2496K(21504K)] 44496K->27039K(69120K), 0.0011580 secs] [Times: user=0.01 sys=0.00, real=0.00 secs] 
36.134: Total time for which application threads were stopped: 0.0013010 seconds, Stopping threads took: 0.0000640 seconds
36.181: Application time: 0.0467930 seconds
36.181: [GC [PSYoungGen: 21119K->1408K(21504K)] 45662K->25951K(69120K), 0.0006410 secs] [Times: user=0.01 sys=0.00, real=0.00 secs] 
36.181: Total time for which application threads were stopped: 0.0007840 seconds, Stopping threads took: 0.0000840 seconds
36.222: Application time: 0.0411200 seconds
36.223: [GC [PSYoungGen: 19932K->2496K(21504K)] 44476K->27559K(69120K), 0.0011080 secs] [Times: user=0.00 sys=0.00, real=0.00 secs] 
36.224: Total time for which application threads were stopped: 0.0012580 seconds, Stopping threads took: 0.0000770 seconds
36.270: Application time: 0.0466140 seconds
36.270: [GC [PSYoungGen: 21041K->1376K(21504K)] 46104K->26439K(69120K), 0.0006480 secs] [Times: user=0.00 sys=0.00, real=0.00 secs] 
36.271: Total time for which application threads were stopped: 0.0007830 seconds, Stopping threads took: 0.0000690 seconds
36.313: Application time: 0.0421610 seconds
36.313: [GC [PSYoungGen: 19904K->2480K(21504K)] 44968K->27543K(69120K), 0.0009680 secs] [Times: user=0.00 sys=0.00, real=0.00 secs] 
36.314: Total time for which application threads were stopped: 0.0011150 seconds, Stopping threads took: 0.0000750 seconds
36.361: Application time: 0.0463610 seconds
36.361: [GC [PSYoungGen: 21019K->1888K(21504K)] 46082K->26951K(69120K), 0.0008020 secs] [Times: user=0.00 sys=0.00, real=0.00 secs] 
36.362: Total time for which application threads were stopped: 0.0009350 seconds, Stopping threads took: 0.0000660 seconds
36.406: Application time: 0.0440460 seconds
36.406: [GC [PSYoungGen: 20495K->2464K(21504K)] 45558K->27527K(69120K), 0.0009450 secs] [Times: user=0.01 sys=0.00, real=0.00 secs] 
36.407: Total time for which application threads were stopped: 0.0010920 seconds, Stopping threads took: 0.0000740 seconds
36.451: Application time: 0.0444540 seconds
36.451: [GC [PSYoungGen: 21007K->1952K(21504K)] 46070K->27023K(69120K), 0.0008090 secs] [Times: user=0.00 sys=0.00, real=0.00 secs] 
36.452: Total time for which application threads were stopped: 0.0009480 seconds, Stopping threads took: 0.0000700 seconds
36.497: Application time: 0.0443010 seconds
36.497: [GC [PSYoungGen: 20645K->1904K(21504K)] 45717K->26975K(69120K), 0.0008020 secs] [Times: user=0.00 sys=0.00, real=0.00 secs] 
36.498: Total time for which application threads were stopped: 0.0009960 seconds, Stopping threads took: 0.0001240 seconds
36.541: Application time: 0.0436110 seconds
36.541: [GC [PSYoungGen: 20677K->1952K(21504K)] 45749K->27031K(69120K), 0.0007900 secs] [Times: user=0.00 sys=0.00, real=0.00 secs] 
36.542: Total time for which application threads were stopped: 0.0009200 seconds, Stopping threads took: 0.0000550 seconds
36.586: Application time: 0.0438530 seconds
36.586: [GC [PSYoungGen: 20567K->1952K(21504K)] 45646K->27039K(69120K), 0.0008020 secs] [Times: user=0.01 sys=0.00, real=0.00 secs] 
36.587: Total time for which application threads were stopped: 0.0009300 seconds, Stopping threads took: 0.0000560 seconds
36.630: Application time: 0.0435340 seconds
36.630: [GC [PSYoungGen: 20484K->2464K(21504K)] 45572K->27551K(69120K), 0.0009330 secs] [Times: user=0.00 sys=0.00, real=0.00 secs] 
36.631: Total time for which application threads were stopped: 0.0010630 seconds, Stopping threads took: 0.0000610 seconds
36.675: Application time: 0.0435000 seconds
36.675: [GC [PSYoungGen: 21001K->2464K(21504K)] 46088K->27551K(69120K), 0.0009530 secs] [Times: user=0.01 sys=0.00, real=0.01 secs] 
36.676: Total time for which application threads were stopped: 0.0011120 seconds, Stopping threads took: 0.0000910 seconds
36.723: Application time: 0.0471510 seconds
36.723: [GC [PSYoungGen: 21007K->1408K(21504K)] 46094K->26495K(69120K), 0.0006880 secs] [Times: user=0.00 sys=0.00, real=0.00 secs] 
36.724: Total time for which application threads were stopped: 0.0008100 seconds, Stopping threads took: 0.0000500 seconds
36.764: Application time: 0.0402540 seconds
36.764: [GC [PSYoungGen: 19930K->2448K(21504K)] 45018K->28047K(69120K), 0.0011680 secs] [Times: user=0.00 sys=0.00, real=0.00 secs] 
36.766: Total time for which application threads were stopped: 0.0013130 seconds, Stopping threads took: 0.0000710 seconds
36.813: Application time: 0.0477370 seconds
36.813: [GC [PSYoungGen: 21071K->1424K(21504K)] 46671K->27023K(69120K), 0.0006570 secs] [Times: user=0.01 sys=0.00, real=0.00 secs] 
36.814: Total time for which application threads were stopped: 0.0007850 seconds, Stopping threads took: 0.0000600 seconds
36.856: Application time: 0.0419680 seconds
36.856: [GC [PSYoungGen: 19948K->2480K(21504K)] 45548K->28599K(69120K), 0.0011010 secs] [Times: user=0.01 sys=0.00, real=0.00 secs] 
36.857: Total time for which application threads were stopped: 0.0012540 seconds, Stopping threads took: 0.0000780 seconds
36.904: Application time: 0.0462010 seconds
36.904: [GC [PSYoungGen: 21027K->864K(21504K)] 47146K->26983K(69120K), 0.0005180 secs] [Times: user=0.00 sys=0.00, real=0.01 secs] 
36.904: Total time for which application threads were stopped: 0.0006520 seconds, Stopping threads took: 0.0000720 seconds
36.947: Application time: 0.0431460 seconds
36.947: [GC [PSYoungGen: 19382K->2480K(21504K)] 45501K->29111K(69120K), 0.0011120 secs] [Times: user=0.00 sys=0.00, real=0.00 secs] 
36.949: Total time for which application threads were stopped: 0.0012560 seconds, Stopping threads took: 0.0000720 seconds
36.993: Application time: 0.0443560 seconds
36.993: [GC [PSYoungGen: 21023K->1952K(21504K)] 47654K->28583K(69120K), 0.0008000 secs] [Times: user=0.00 sys=0.00, real=0.00 secs] 
36.994: Total time for which application threads were stopped: 0.0009390 seconds, Stopping threads took: 0.0000680 seconds
37.037: Application time: 0.0427220 seconds
37.037: [GC [PSYoungGen: 20480K->2528K(21504K)] 47112K->29671K(69120K), 0.0011280 secs] [Times: user=0.01 sys=0.00, real=0.00 secs] 
37.038: Total time for which application threads were stopped: 0.0012870 seconds, Stopping threads took: 0.0000860 seconds
37.085: Application time: 0.0471450 seconds
37.085: [GC [PSYoungGen: 21149K->1936K(21504K)] 48292K->29087K(69120K), 0.0007750 secs] [Times: user=0.00 sys=0.00, real=0.00 secs] 
37.086: Total time for which application threads were stopped: 0.0009300 seconds, Stopping threads took: 0.0000800 seconds
37.129: Application time: 0.0429460 seconds
37.129: [GC [PSYoungGen: 20623K->2480K(21504K)] 47774K->30143K(69120K), 0.0010970 secs] [Times: user=0.00 sys=0.00, real=0.00 secs] 
37.130: Total time for which application threads were stopped: 0.0012350 seconds, Stopping threads took: 0.0000640 seconds
37.176: Application time: 0.0456140 seconds
37.176: [GC [PSYoungGen: 21175K->2000K(21504K)] 48839K->29671K(69120K), 0.0008120 secs] [Times: user=0.00 sys=0.00, real=0.01 secs] 
37.177: Total time for which application threads were stopped: 0.0009950 seconds, Stopping threads took: 0.0001110 seconds
37.221: Application time: 0.0438710 seconds
37.221: [GC [PSYoungGen: 20691K->2496K(21504K)] 48362K->30687K(69120K), 0.0010880 secs] [Times: user=0.01 sys=0.00, real=0.00 secs] 
37.222: Total time for which application threads were stopped: 0.0012350 seconds, Stopping threads took: 0.0000740 seconds
37.267: Application time: 0.0450280 seconds
37.267: [GC [PSYoungGen: 21039K->1952K(21504K)] 49230K->30151K(69120K), 0.0007850 secs] [Times: user=0.01 sys=0.00, real=0.00 secs] 
37.268: Total time for which application threads were stopped: 0.0009400 seconds, Stopping threads took: 0.0000840 seconds
37.310: Application time: 0.0423210 seconds
37.310: [GC [PSYoungGen: 20480K->2512K(21504K)] 48680K->31223K(69120K), 0.0011340 secs] [Times: user=0.01 sys=0.00, real=0.00 secs] 
37.311: Total time for which application threads were stopped: 0.0012860 seconds, Stopping threads took: 0.0000760 seconds
37.358: Application time: 0.0466240 seconds
37.358: [GC [PSYoungGen: 21055K->1968K(21504K)] 49766K->30679K(69120K), 0.0007990 secs] [Times: user=0.01 sys=0.00, real=0.00 secs] 
37.359: Total time for which application threads were stopped: 0.0009500 seconds, Stopping threads took: 0.0000770 seconds
37.400: Application time: 0.0410530 seconds
37.400: [GC [PSYoungGen: 20496K->2480K(21504K)] 49208K->31703K(69120K), 0.0011030 secs] [Times: user=0.00 sys=0.00, real=0.00 secs] 
37.401: Total time for which application threads were stopped: 0.0013250 seconds, Stopping threads took: 0.0001500 seconds
37.449: Application time: 0.0471500 seconds
37.449: [GC [PSYoungGen: 21025K->1440K(21504K)] 50248K->30663K(69120K), 0.0006300 secs] [Times: user=0.00 sys=0.00, real=0.00 secs] 
37.449: Total time for which application threads were stopped: 0.0007680 seconds, Stopping threads took: 0.0000660 seconds
37.491: Application time: 0.0416510 seconds
37.491: [GC [PSYoungGen: 20044K->2464K(21504K)] 49268K->32207K(69120K), 0.0011200 secs] [Times: user=0.01 sys=0.00, real=0.00 secs] 
37.492: Total time for which application threads were stopped: 0.0013080 seconds, Stopping threads took: 0.0001140 seconds
37.539: Application time: 0.0463480 seconds
37.539: [GC [PSYoungGen: 21009K->1392K(21504K)] 50752K->31135K(69120K), 0.0006520 secs] [Times: user=0.00 sys=0.00, real=0.00 secs] 
37.539: Total time for which application threads were stopped: 0.0007840 seconds, Stopping threads took: 0.0000650 seconds
37.582: Application time: 0.0422420 seconds
37.582: [GC [PSYoungGen: 19920K->2432K(21504K)] 49664K->32175K(69120K), 0.0010190 secs] [Times: user=0.00 sys=0.00, real=0.00 secs] 
37.583: Total time for which application threads were stopped: 0.0011580 seconds, Stopping threads took: 0.0000670 seconds
37.628: Application time: 0.0453420 seconds
37.628: [GC [PSYoungGen: 20975K->1392K(21504K)] 50718K->31135K(69120K), 0.0006540 secs] [Times: user=0.00 sys=0.00, real=0.00 secs] 
37.629: Total time for which application threads were stopped: 0.0007880 seconds, Stopping threads took: 0.0000610 seconds
37.672: Application time: 0.0429560 seconds
37.676: [GC [PSYoungGen: 19914K->2480K(21504K)] 49658K->32223K(69120K), 0.0009880 secs] [Times: user=0.00 sys=0.00, real=0.00 secs] 
37.677: Total time for which application threads were stopped: 0.0051610 seconds, Stopping threads took: 0.0041040 seconds
37.725: Application time: 0.0474140 seconds
37.725: [GC [PSYoungGen: 21103K->1936K(21504K)] 50847K->31679K(69120K), 0.0008080 secs] [Times: user=0.01 sys=0.00, real=0.00 secs] 
37.725: Total time for which application threads were stopped: 0.0009340 seconds, Stopping threads took: 0.0000600 seconds
37.768: Application time: 0.0420620 seconds
37.768: [GC [PSYoungGen: 20542K->2496K(21504K)] 50286K->32759K(69120K), 0.0010940 secs] [Times: user=0.01 sys=0.00, real=0.00 secs] 
37.769: Total time for which application threads were stopped: 0.0013030 seconds, Stopping threads took: 0.0001380 seconds
37.815: Application time: 0.0464400 seconds
37.815: [GC [PSYoungGen: 21276K->1424K(21504K)] 51539K->31695K(69120K), 0.0007110 secs] [Times: user=0.00 sys=0.00, real=0.01 secs] 
37.816: Total time for which application threads were stopped: 0.0008570 seconds, Stopping threads took: 0.0000810 seconds
37.859: Application time: 0.0429690 seconds
37.859: [GC [PSYoungGen: 20109K->2496K(21504K)] 50380K->32775K(69120K), 0.0009680 secs] [Times: user=0.00 sys=0.00, real=0.00 secs] 
37.860: Total time for which application threads were stopped: 0.0011140 seconds, Stopping threads took: 0.0000760 seconds
37.907: Application time: 0.0462750 seconds
37.907: [GC [PSYoungGen: 21039K->1424K(21504K)] 51318K->31711K(69120K), 0.0006740 secs] [Times: user=0.00 sys=0.00, real=0.00 secs] 
37.907: Total time for which application threads were stopped: 0.0008220 seconds, Stopping threads took: 0.0000810 seconds
37.950: Application time: 0.0423750 seconds
37.950: [GC [PSYoungGen: 19950K->2496K(21504K)] 50238K->32783K(69120K), 0.0009480 secs] [Times: user=0.01 sys=0.00, real=0.00 secs] 
37.951: Total time for which application threads were stopped: 0.0010810 seconds, Stopping threads took: 0.0000650 seconds
37.996: Application time: 0.0450210 seconds
37.996: [GC [PSYoungGen: 21032K->1904K(21504K)] 51320K->32191K(69120K), 0.0008270 secs] [Times: user=0.00 sys=0.00, real=0.01 secs] 
37.997: Total time for which application threads were stopped: 0.0009780 seconds, Stopping threads took: 0.0000830 seconds
38.041: Application time: 0.0445270 seconds
38.041: [GC [PSYoungGen: 20444K->1920K(21504K)] 50732K->32207K(69120K), 0.0008070 secs] [Times: user=0.00 sys=0.00, real=0.00 secs] 
38.042: Total time for which application threads were stopped: 0.0009530 seconds, Stopping threads took: 0.0000750 seconds
38.086: Application time: 0.0438610 seconds
38.086: [GC [PSYoungGen: 20459K->1936K(21504K)] 50746K->32223K(69120K), 0.0007880 secs] [Times: user=0.00 sys=0.00, real=0.00 secs] 
38.087: Total time for which application threads were stopped: 0.0009380 seconds, Stopping threads took: 0.0000800 seconds
38.130: Application time: 0.0433440 seconds
38.131: [GC [PSYoungGen: 20551K->1888K(21504K)] 50838K->32175K(69120K), 0.0008070 secs] [Times: user=0.00 sys=0.00, real=0.00 secs] 
38.131: Total time for which application threads were stopped: 0.0009920 seconds, Stopping threads took: 0.0001080 seconds
38.175: Application time: 0.0438990 seconds
38.175: [GC [PSYoungGen: 20422K->1936K(21504K)] 50710K->32231K(69120K), 0.0007940 secs] [Times: user=0.00 sys=0.01, real=0.01 secs] 
38.176: Total time for which application threads were stopped: 0.0009470 seconds, Stopping threads took: 0.0000820 seconds
38.222: Application time: 0.0453620 seconds
38.222: [GC [PSYoungGen: 20474K->1440K(21504K)] 50770K->31735K(69120K), 0.0006790 secs] [Times: user=0.01 sys=0.00, real=0.00 secs] 
38.222: Total time for which application threads were stopped: 0.0008270 seconds, Stopping threads took: 0.0000850 seconds
38.264: Application time: 0.0419780 seconds
38.265: [GC [PSYoungGen: 19968K->2480K(21504K)] 50264K->32775K(69120K), 0.0009430 secs] [Times: user=0.01 sys=0.00, real=0.00 secs] 
38.266: Total time for which application threads were stopped: 0.0010970 seconds, Stopping threads took: 0.0000800 seconds
38.312: Application time: 0.0460240 seconds
38.312: [GC [PSYoungGen: 21023K->1440K(21504K)] 51318K->31735K(69120K), 0.0006900 secs] [Times: user=0.00 sys=0.00, real=0.00 secs] 
38.312: Total time for which application threads were stopped: 0.0008250 seconds, Stopping threads took: 0.0000710 seconds
38.355: Application time: 0.0426730 seconds
38.355: [GC [PSYoungGen: 20049K->2464K(21504K)] 50344K->32759K(69120K), 0.0009690 secs] [Times: user=0.01 sys=0.00, real=0.01 secs] 
38.356: Total time for which application threads were stopped: 0.0011230 seconds, Stopping threads took: 0.0000740 seconds
38.402: Application time: 0.0456030 seconds
38.402: [GC [PSYoungGen: 21083K->1952K(21504K)] 51378K->32255K(69120K), 0.0008410 secs] [Times: user=0.00 sys=0.00, real=0.00 secs] 
38.403: Total time for which application threads were stopped: 0.0009830 seconds, Stopping threads took: 0.0000790 seconds
38.445: Application time: 0.0425730 seconds
38.445: [GC [PSYoungGen: 20637K->2512K(21504K)] 50940K->33335K(69120K), 0.0011410 secs] [Times: user=0.01 sys=0.00, real=0.00 secs] 
38.447: Total time for which application threads were stopped: 0.0012920 seconds, Stopping threads took: 0.0000770 seconds
38.494: Application time: 0.0473010 seconds
38.494: [GC [PSYoungGen: 21283K->2512K(21504K)] 52107K->33343K(69120K), 0.0009560 secs] [Times: user=0.00 sys=0.00, real=0.00 secs] 
38.495: Total time for which application threads were stopped: 0.0010960 seconds, Stopping threads took: 0.0000680 seconds
38.540: Application time: 0.0449030 seconds
38.540: [GC [PSYoungGen: 21053K->1936K(21504K)] 51884K->32775K(69120K), 0.0008040 secs] [Times: user=0.00 sys=0.00, real=0.00 secs] 
38.541: Total time for which application threads were stopped: 0.0009550 seconds, Stopping threads took: 0.0000780 seconds
38.584: Application time: 0.0433870 seconds
38.584: [GC [PSYoungGen: 20468K->1920K(21504K)] 51308K->32759K(69120K), 0.0007950 secs] [Times: user=0.01 sys=0.00, real=0.00 secs] 
38.585: Total time for which application threads were stopped: 0.0009310 seconds, Stopping threads took: 0.0000730 seconds
38.629: Application time: 0.0435770 seconds
38.629: [GC [PSYoungGen: 20452K->2496K(21504K)] 51292K->33335K(69120K), 0.0009720 secs] [Times: user=0.01 sys=0.00, real=0.00 secs] 
38.630: Total time for which application threads were stopped: 0.0011230 seconds, Stopping threads took: 0.0000770 seconds
38.675: Application time: 0.0449060 seconds
38.675: [GC [PSYoungGen: 21039K->1920K(21504K)] 51878K->32759K(69120K), 0.0008050 secs] [Times: user=0.00 sys=0.00, real=0.00 secs] 
38.676: Total time for which application threads were stopped: 0.0009580 seconds, Stopping threads took: 0.0000760 seconds
38.720: Application time: 0.0438650 seconds
38.720: [GC [PSYoungGen: 20448K->2496K(21504K)] 51288K->33847K(69120K), 0.0011160 secs] [Times: user=0.01 sys=0.00, real=0.00 secs] 
38.721: Total time for which application threads were stopped: 0.0012560 seconds, Stopping threads took: 0.0000660 seconds
38.766: Application time: 0.0445800 seconds
38.766: [GC [PSYoungGen: 21041K->1424K(21504K)] 52393K->32775K(69120K), 0.0006330 secs] [Times: user=0.00 sys=0.00, real=0.00 secs] 
38.766: Total time for which application threads were stopped: 0.0007620 seconds, Stopping threads took: 0.0000680 seconds
38.809: Application time: 0.0429960 seconds
38.809: [GC [PSYoungGen: 20028K->2528K(21504K)] 51380K->34399K(69120K), 0.0011250 secs] [Times: user=0.01 sys=0.00, real=0.00 secs] 
38.811: Total time for which application threads were stopped: 0.0012750 seconds, Stopping threads took: 0.0000750 seconds
38.855: Application time: 0.0446080 seconds
38.855: [GC [PSYoungGen: 21065K->2528K(21504K)] 52936K->34399K(69120K), 0.0009910 secs] [Times: user=0.01 sys=0.01, real=0.01 secs] 
38.856: Total time for which application threads were stopped: 0.0011270 seconds, Stopping threads took: 0.0000620 seconds
38.901: Application time: 0.0445840 seconds
38.901: [GC [PSYoungGen: 21064K->2448K(21504K)] 52936K->34319K(69120K), 0.0009890 secs] [Times: user=0.01 sys=0.00, real=0.00 secs] 
38.902: Total time for which application threads were stopped: 0.0011360 seconds, Stopping threads took: 0.0000750 seconds
38.947: Application time: 0.0453550 seconds
38.947: [GC [PSYoungGen: 20989K->1920K(21504K)] 52860K->33791K(69120K), 0.0008320 secs] [Times: user=0.01 sys=0.00, real=0.00 secs] 
38.948: Total time for which application threads were stopped: 0.0009660 seconds, Stopping threads took: 0.0000640 seconds
38.992: Application time: 0.0433230 seconds
38.992: [GC [PSYoungGen: 20531K->2496K(21504K)] 52402K->34367K(69120K), 0.0010070 secs] [Times: user=0.01 sys=0.00, real=0.00 secs] 
38.993: Total time for which application threads were stopped: 0.0011680 seconds, Stopping threads took: 0.0000920 seconds
39.038: Application time: 0.0455170 seconds
39.038: [GC [PSYoungGen: 21113K->1968K(21504K)] 52984K->33855K(69120K), 0.0008280 secs] [Times: user=0.01 sys=0.00, real=0.00 secs] 
39.039: Total time for which application threads were stopped: 0.0009720 seconds, Stopping threads took: 0.0000750 seconds
39.081: Application time: 0.0418810 seconds
39.081: [GC [PSYoungGen: 20570K->2416K(21504K)] 52458K->35335K(69120K), 0.0013090 secs] [Times: user=0.01 sys=0.00, real=0.00 secs] 
39.083: Total time for which application threads were stopped: 0.0014560 seconds, Stopping threads took: 0.0000710 seconds
39.129: Application time: 0.0458480 seconds
39.129: [GC [PSYoungGen: 21274K->1968K(21504K)] 54194K->34895K(69120K), 0.0008140 secs] [Times: user=0.00 sys=0.00, real=0.00 secs] 
39.129: Total time for which application threads were stopped: 0.0009340 seconds, Stopping threads took: 0.0000570 seconds
39.173: Application time: 0.0437290 seconds
39.173: [GC [PSYoungGen: 20504K->1920K(21504K)] 53432K->34855K(69120K), 0.0008000 secs] [Times: user=0.01 sys=0.00, real=0.00 secs] 
39.174: Total time for which application threads were stopped: 0.0009320 seconds, Stopping threads took: 0.0000650 seconds
39.218: Application time: 0.0436770 seconds
39.218: [GC [PSYoungGen: 20452K->2496K(21504K)] 53388K->35431K(69120K), 0.0009730 secs] [Times: user=0.00 sys=0.00, real=0.00 secs] 
39.219: Total time for which application threads were stopped: 0.0011350 seconds, Stopping threads took: 0.0000760 seconds
39.265: Application time: 0.0461420 seconds
39.265: [GC [PSYoungGen: 21039K->1376K(21504K)] 53974K->34311K(69120K), 0.0007010 secs] [Times: user=0.00 sys=0.00, real=0.00 secs] 
39.266: Total time for which application threads were stopped: 0.0008460 seconds, Stopping threads took: 0.0000770 seconds
39.308: Application time: 0.0419720 seconds
39.308: [GC [PSYoungGen: 19900K->2496K(21504K)] 52836K->35943K(69120K), 0.0010890 secs] [Times: user=0.00 sys=0.00, real=0.00 secs] 
39.309: Total time for which application threads were stopped: 0.0012460 seconds, Stopping threads took: 0.0000810 seconds
39.357: Application time: 0.0477410 seconds
39.357: [GC [PSYoungGen: 21043K->880K(21504K)] 54491K->34327K(69120K), 0.0005470 secs] [Times: user=0.01 sys=0.00, real=0.00 secs] 
39.358: Total time for which application threads were stopped: 0.0006720 seconds, Stopping threads took: 0.0000580 seconds
39.398: Application time: 0.0407430 seconds
39.398: [GC [PSYoungGen: 19398K->2496K(21504K)] 52846K->36455K(69120K), 0.0011080 secs] [Times: user=0.01 sys=0.00, real=0.00 secs] 
39.400: Total time for which application threads were stopped: 0.0012680 seconds, Stopping threads took: 0.0000860 seconds
39.446: Application time: 0.0465620 seconds
39.446: [GC [PSYoungGen: 21041K->1376K(21504K)] 55000K->35335K(69120K), 0.0006810 secs] [Times: user=0.01 sys=0.00, real=0.00 secs] 
39.447: Total time for which application threads were stopped: 0.0008130 seconds, Stopping threads took: 0.0000690 seconds
39.489: Application time: 0.0420120 seconds
39.489: [GC [PSYoungGen: 19978K->2528K(21504K)] 53938K->37007K(69120K), 0.0011060 secs] [Times: user=0.01 sys=0.00, real=0.00 secs] 
39.490: Total time for which application threads were stopped: 0.0012490 seconds, Stopping threads took: 0.0000730 seconds
39.536: Application time: 0.0456450 seconds
39.536: [GC [PSYoungGen: 21071K->1952K(21504K)] 55550K->36431K(69120K), 0.0008150 secs] [Times: user=0.01 sys=0.00, real=0.01 secs] 
39.537: Total time for which application threads were stopped: 0.0009490 seconds, Stopping threads took: 0.0000670 seconds
39.579: Application time: 0.0423840 seconds
39.579: [GC [PSYoungGen: 20476K->2528K(21504K)] 54956K->38031K(69120K), 0.0012670 secs] [Times: user=0.01 sys=0.00, real=0.00 secs] 
39.581: Total time for which application threads were stopped: 0.0014020 seconds, Stopping threads took: 0.0000600 seconds
39.627: Application time: 0.0465410 seconds
39.627: [GC [PSYoungGen: 21151K->1952K(21504K)] 56655K->37455K(69120K), 0.0008240 secs] [Times: user=0.00 sys=0.00, real=0.00 secs] 
39.628: Total time for which application threads were stopped: 0.0009530 seconds, Stopping threads took: 0.0000600 seconds
39.671: Application time: 0.0425860 seconds
39.671: [GC [PSYoungGen: 20559K->2512K(21504K)] 56062K->38535K(69120K), 0.0010890 secs] [Times: user=0.01 sys=0.00, real=0.00 secs] 
39.672: Total time for which application threads were stopped: 0.0012350 seconds, Stopping threads took: 0.0000760 seconds
39.717: Application time: 0.0455130 seconds
39.718: [GC [PSYoungGen: 21129K->2480K(21504K)] 57153K->38511K(69120K), 0.0010020 secs] [Times: user=0.01 sys=0.00, real=0.00 secs] 
39.719: Total time for which application threads were stopped: 0.0011340 seconds, Stopping threads took: 0.0000650 seconds
39.764: Application time: 0.0453670 seconds
39.764: [GC [PSYoungGen: 21177K->1936K(21504K)] 57209K->37975K(69120K), 0.0008350 secs] [Times: user=0.01 sys=0.00, real=0.00 secs] 
39.765: Total time for which application threads were stopped: 0.0009910 seconds, Stopping threads took: 0.0000800 seconds
39.808: Application time: 0.0427110 seconds
39.808: [GC [PSYoungGen: 20625K->2464K(21504K)] 56665K->38511K(69120K), 0.0009470 secs] [Times: user=0.00 sys=0.00, real=0.00 secs] 
39.809: Total time for which application threads were stopped: 0.0010910 seconds, Stopping threads took: 0.0000740 seconds
39.855: Application time: 0.0465250 seconds
39.855: [GC [PSYoungGen: 21007K->1408K(21504K)] 57054K->37455K(69120K), 0.0006820 secs] [Times: user=0.00 sys=0.00, real=0.01 secs] 
39.856: Total time for which application threads were stopped: 0.0008180 seconds, Stopping threads took: 0.0000690 seconds
39.903: Application time: 0.0466000 seconds
39.903: [GC [PSYoungGen: 19942K->1408K(21504K)] 55990K->37455K(69120K), 0.0006790 secs] [Times: user=0.01 sys=0.00, real=0.00 secs] 
39.904: Total time for which application threads were stopped: 0.0008100 seconds, Stopping threads took: 0.0000630 seconds
39.946: Application time: 0.0421460 seconds
39.946: [GC [PSYoungGen: 19936K->2464K(21504K)] 55984K->38511K(69120K), 0.0009470 secs] [Times: user=0.01 sys=0.00, real=0.00 secs] 
39.947: Total time for which application threads were stopped: 0.0010880 seconds, Stopping threads took: 0.0000730 seconds
39.994: Application time: 0.0469820 seconds
39.994: [GC [PSYoungGen: 21007K->1408K(21504K)] 57054K->37455K(69120K), 0.0006600 secs] [Times: user=0.00 sys=0.00, real=0.00 secs] 
39.995: Total time for which application threads were stopped: 0.0007850 seconds, Stopping threads took: 0.0000630 seconds
40.035: Application time: 0.0406380 seconds
40.035: [GC [PSYoungGen: 19938K->2480K(21504K)] 55986K->38527K(69120K), 0.0009380 secs] [Times: user=0.01 sys=0.00, real=0.01 secs] 
40.036: Total time for which application threads were stopped: 0.0010850 seconds, Stopping threads took: 0.0000780 seconds
40.083: Application time: 0.0469810 seconds
40.083: [GC [PSYoungGen: 21025K->880K(21504K)] 57072K->36927K(69120K), 0.0005150 secs] [Times: user=0.01 sys=0.00, real=0.00 secs] 
40.084: Total time for which application threads were stopped: 0.0006390 seconds, Stopping threads took: 0.0000660 seconds
40.126: Application time: 0.0417000 seconds
40.126: [GC [PSYoungGen: 19484K->2496K(21504K)] 55532K->38543K(69120K), 0.0009810 secs] [Times: user=0.01 sys=0.00, real=0.00 secs] 
40.127: Total time for which application threads were stopped: 0.0011240 seconds, Stopping threads took: 0.0000700 seconds
40.172: Application time: 0.0456830 seconds
40.172: [GC [PSYoungGen: 21039K->1424K(21504K)] 57086K->37479K(69120K), 0.0006460 secs] [Times: user=0.00 sys=0.00, real=0.00 secs] 
40.173: Total time for which application threads were stopped: 0.0007760 seconds, Stopping threads took: 0.0000680 seconds
40.217: Application time: 0.0434210 seconds
40.217: [GC [PSYoungGen: 19948K->2496K(21504K)] 56004K->39063K(69120K), 0.0011390 secs] [Times: user=0.01 sys=0.00, real=0.00 secs] 
40.218: Total time for which application threads were stopped: 0.0012920 seconds, Stopping threads took: 0.0000790 seconds
40.264: Application time: 0.0458130 seconds
40.264: [GC [PSYoungGen: 21121K->912K(21504K)] 57689K->37479K(69120K), 0.0005280 secs] [Times: user=0.00 sys=0.00, real=0.01 secs] 
40.264: Total time for which application threads were stopped: 0.0007200 seconds, Stopping threads took: 0.0001260 seconds
40.308: Application time: 0.0431240 seconds
40.308: [GC [PSYoungGen: 19518K->1936K(21504K)] 56086K->38511K(69120K), 0.0008490 secs] [Times: user=0.00 sys=0.00, real=0.00 secs] 
40.309: Total time for which application threads were stopped: 0.0010690 seconds, Stopping threads took: 0.0001470 seconds
40.353: Application time: 0.0444270 seconds
40.353: [GC [PSYoungGen: 20549K->1952K(21504K)] 57124K->38535K(69120K), 0.0007890 secs] [Times: user=0.00 sys=0.00, real=0.00 secs] 
40.354: Total time for which application threads were stopped: 0.0009200 seconds, Stopping threads took: 0.0000650 seconds
40.397: Application time: 0.0434780 seconds
40.398: [GC [PSYoungGen: 20561K->2496K(21504K)] 57144K->39599K(69120K), 0.0011250 secs] [Times: user=0.01 sys=0.00, real=0.00 secs] 
40.399: Total time for which application threads were stopped: 0.0012650 seconds, Stopping threads took: 0.0000670 seconds
40.445: Application time: 0.0460460 seconds
40.445: [GC [PSYoungGen: 21273K->1936K(21504K)] 58377K->39047K(69120K), 0.0007780 secs] [Times: user=0.01 sys=0.00, real=0.00 secs] 
40.446: Total time for which application threads were stopped: 0.0009090 seconds, Stopping threads took: 0.0000660 seconds
40.488: Application time: 0.0420380 seconds
40.488: [GC [PSYoungGen: 20464K->2464K(21504K)] 57576K->40095K(69120K), 0.0011200 secs] [Times: user=0.01 sys=0.00, real=0.00 secs] 
40.489: Total time for which application threads were stopped: 0.0012640 seconds, Stopping threads took: 0.0000660 seconds
40.536: Application time: 0.0468100 seconds
40.536: [GC [PSYoungGen: 21007K->1952K(21504K)] 58639K->39583K(69120K), 0.0008120 secs] [Times: user=0.01 sys=0.00, real=0.01 secs] 
40.537: Total time for which application threads were stopped: 0.0009430 seconds, Stopping threads took: 0.0000610 seconds
40.579: Application time: 0.0422330 seconds
40.579: [GC [PSYoungGen: 20480K->2464K(21504K)] 58112K->40607K(69120K), 0.0011690 secs] [Times: user=0.00 sys=0.00, real=0.00 secs] 
40.580: Total time for which application threads were stopped: 0.0013110 seconds, Stopping threads took: 0.0000710 seconds
40.627: Application time: 0.0466680 seconds
40.627: [GC [PSYoungGen: 21007K->1952K(21504K)] 59151K->40095K(69120K), 0.0007700 secs] [Times: user=0.01 sys=0.00, real=0.00 secs] 
40.628: Total time for which application threads were stopped: 0.0008950 seconds, Stopping threads took: 0.0000620 seconds
40.670: Application time: 0.0420740 seconds
40.670: [GC [PSYoungGen: 20480K->2512K(21504K)] 58624K->41167K(69120K), 0.0011230 secs] [Times: user=0.01 sys=0.00, real=0.00 secs] 
40.671: Total time for which application threads were stopped: 0.0012700 seconds, Stopping threads took: 0.0000720 seconds
40.717: Application time: 0.0461840 seconds
40.717: [GC [PSYoungGen: 21055K->1920K(21504K)] 59711K->40575K(69120K), 0.0008180 secs] [Times: user=0.00 sys=0.00, real=0.00 secs] 
40.718: Total time for which application threads were stopped: 0.0009540 seconds, Stopping threads took: 0.0000650 seconds
40.763: Application time: 0.0447500 seconds
40.763: [GC [PSYoungGen: 20539K->864K(21504K)] 59195K->39519K(69120K), 0.0005480 secs] [Times: user=0.00 sys=0.00, real=0.00 secs] 
40.764: Total time for which application threads were stopped: 0.0007380 seconds, Stopping threads took: 0.0001240 seconds
40.808: Application time: 0.0437950 seconds
40.808: [GC [PSYoungGen: 19388K->2432K(21504K)] 58044K->41095K(69120K), 0.0010190 secs] [Times: user=0.01 sys=0.00, real=0.00 secs] 
40.809: Total time for which application threads were stopped: 0.0017240 seconds, Stopping threads took: 0.0000810 seconds
40.855: Application time: 0.0452550 seconds
40.855: [GC [PSYoungGen: 20977K->336K(21504K)] 59641K->38999K(69120K), 0.0004550 secs] [Times: user=0.00 sys=0.00, real=0.00 secs] 
40.855: Total time for which application threads were stopped: 0.0005970 seconds, Stopping threads took: 0.0000720 seconds
40.900: Application time: 0.0448360 seconds
40.900: [GC [PSYoungGen: 18940K->1936K(21504K)] 57604K->40599K(69120K), 0.0008110 secs] [Times: user=0.01 sys=0.00, real=0.00 secs] 
40.901: Total time for which application threads were stopped: 0.0010210 seconds, Stopping threads took: 0.0001420 seconds
40.945: Application time: 0.0443200 seconds
40.945: [GC [PSYoungGen: 20545K->2480K(21504K)] 59208K->41151K(69120K), 0.0009560 secs] [Times: user=0.01 sys=0.00, real=0.00 secs] 
40.946: Total time for which application threads were stopped: 0.0010900 seconds, Stopping threads took: 0.0000650 seconds
40.991: Application time: 0.0445750 seconds
40.991: [GC [PSYoungGen: 21099K->1952K(21504K)] 59771K->40631K(69120K), 0.0008070 secs] [Times: user=0.01 sys=0.00, real=0.00 secs] 
40.992: Total time for which application threads were stopped: 0.0009390 seconds, Stopping threads took: 0.0000630 seconds
41.036: Application time: 0.0439240 seconds
41.036: [GC [PSYoungGen: 20558K->2448K(21504K)] 59238K->41135K(69120K), 0.0009410 secs] [Times: user=0.00 sys=0.00, real=0.00 secs] 
41.037: Total time for which application threads were stopped: 0.0011250 seconds, Stopping threads took: 0.0001170 seconds
41.082: Application time: 0.0447490 seconds
41.082: [GC [PSYoungGen: 21225K->1904K(21504K)] 59913K->40599K(69120K), 0.0007870 secs] [Times: user=0.00 sys=0.01, real=0.00 secs] 
41.083: Total time for which application threads were stopped: 0.0009220 seconds, Stopping threads took: 0.0000590 seconds
41.126: Application time: 0.0436370 seconds
41.126: [GC [PSYoungGen: 20432K->2368K(21504K)] 59128K->41071K(69120K), 0.0009890 secs] [Times: user=0.01 sys=0.00, real=0.00 secs] 
41.127: Total time for which application threads were stopped: 0.0011290 seconds, Stopping threads took: 0.0000740 seconds
41.173: Application time: 0.0452060 seconds
41.173: [GC [PSYoungGen: 20911K->1920K(21504K)] 59614K->40623K(69120K), 0.0008220 secs] [Times: user=0.00 sys=0.00, real=0.00 secs] 
41.174: Total time for which application threads were stopped: 0.0009560 seconds, Stopping threads took: 0.0000670 seconds
41.217: Application time: 0.0432020 seconds
41.217: [GC [PSYoungGen: 20450K->2528K(21504K)] 59154K->41743K(69120K), 0.0011280 secs] [Times: user=0.00 sys=0.00, real=0.00 secs] 
41.218: Total time for which application threads were stopped: 0.0012820 seconds, Stopping threads took: 0.0000780 seconds
41.264: Application time: 0.0459410 seconds
41.264: [GC [PSYoungGen: 21071K->1952K(21504K)] 60287K->41167K(69120K), 0.0008250 secs] [Times: user=0.01 sys=0.00, real=0.00 secs] 
41.265: Total time for which application threads were stopped: 0.0009650 seconds, Stopping threads took: 0.0000710 seconds
41.310: Application time: 0.0445030 seconds
41.310: [GC [PSYoungGen: 20488K->1952K(21504K)] 59704K->41167K(69120K), 0.0008350 secs] [Times: user=0.01 sys=0.00, real=0.00 secs] 
41.311: Total time for which application threads were stopped: 0.0010130 seconds, Stopping threads took: 0.0001090 seconds
41.355: Application time: 0.0442570 seconds
41.355: [GC [PSYoungGen: 20482K->1952K(21504K)] 59698K->41167K(69120K), 0.0008120 secs] [Times: user=0.00 sys=0.00, real=0.00 secs] 
41.356: Total time for which application threads were stopped: 0.0009680 seconds, Stopping threads took: 0.0000910 seconds
41.400: Application time: 0.0444310 seconds
41.400: [GC [PSYoungGen: 20488K->1936K(21504K)] 59704K->41151K(69120K), 0.0008240 secs] [Times: user=0.00 sys=0.00, real=0.00 secs] 
41.401: Total time for which application threads were stopped: 0.0010690 seconds, Stopping threads took: 0.0001640 seconds
41.445: Application time: 0.0440400 seconds
41.445: [GC [PSYoungGen: 20549K->2528K(21504K)] 59765K->42271K(69120K), 0.0011080 secs] [Times: user=0.00 sys=0.00, real=0.00 secs] 
41.447: Total time for which application threads were stopped: 0.0012730 seconds, Stopping threads took: 0.0000900 seconds
41.491: Application time: 0.0446320 seconds
41.491: [GC [PSYoungGen: 21069K->1968K(21504K)] 60813K->41711K(69120K), 0.0008380 secs] [Times: user=0.01 sys=0.00, real=0.00 secs] 
41.492: Total time for which application threads were stopped: 0.0010610 seconds, Stopping threads took: 0.0001580 seconds
41.537: Application time: 0.0445880 seconds
41.537: [GC [PSYoungGen: 20504K->1936K(21504K)] 60248K->41679K(69120K), 0.0007830 secs] [Times: user=0.01 sys=0.00, real=0.00 secs] 
41.538: Total time for which application threads were stopped: 0.0009080 seconds, Stopping threads took: 0.0000590 seconds
41.581: Application time: 0.0436230 seconds
41.582: [GC [PSYoungGen: 20621K->2496K(21504K)] 60365K->42759K(69120K), 0.0011030 secs] [Times: user=0.00 sys=0.00, real=0.00 secs] 
41.583: Total time for which application threads were stopped: 0.0012410 seconds, Stopping threads took: 0.0000690 seconds
41.627: Application time: 0.0447750 seconds
41.628: [GC [PSYoungGen: 21117K->1920K(21504K)] 61381K->42192K(69120K), 0.0008540 secs] [Times: user=0.01 sys=0.00, real=0.00 secs] 
41.628: Total time for which application threads were stopped: 0.0009990 seconds, Stopping threads took: 0.0000760 seconds
41.672: Application time: 0.0434330 seconds
41.672: [GC [PSYoungGen: 20446K->2464K(21504K)] 60718K->42743K(69120K), 0.0010260 secs] [Times: user=0.00 sys=0.00, real=0.00 secs] 
41.673: Total time for which application threads were stopped: 0.0012140 seconds, Stopping threads took: 0.0001150 seconds
41.718: Application time: 0.0445770 seconds
41.718: [GC [PSYoungGen: 21320K->1952K(21504K)] 61600K->42239K(69120K), 0.0008470 secs] [Times: user=0.00 sys=0.00, real=0.00 secs] 
41.719: Total time for which application threads were stopped: 0.0010680 seconds, Stopping threads took: 0.0001510 seconds
41.763: Application time: 0.0442980 seconds
41.763: [GC [PSYoungGen: 20484K->2480K(21504K)] 60772K->42776K(69120K), 0.0009770 secs] [Times: user=0.00 sys=0.00, real=0.01 secs] 
41.764: Total time for which application threads were stopped: 0.0011180 seconds, Stopping threads took: 0.0000710 seconds
41.809: Application time: 0.0444310 seconds
41.809: [GC [PSYoungGen: 21023K->1392K(21504K)] 61319K->41687K(69120K), 0.0007580 secs] [Times: user=0.00 sys=0.00, real=0.00 secs] 
41.810: Total time for which application threads were stopped: 0.0009700 seconds, Stopping threads took: 0.0001420 seconds
41.853: Application time: 0.0437990 seconds
41.854: [GC [PSYoungGen: 19920K->2480K(21504K)] 60216K->42775K(69120K), 0.0010390 secs] [Times: user=0.01 sys=0.00, real=0.00 secs] 
41.855: Total time for which application threads were stopped: 0.0012940 seconds, Stopping threads took: 0.0001810 seconds
41.900: Application time: 0.0448370 seconds
41.900: [GC [PSYoungGen: 21019K->1936K(21504K)] 61314K->42231K(69120K), 0.0008850 secs] [Times: user=0.00 sys=0.00, real=0.00 secs] 
41.901: Total time for which application threads were stopped: 0.0010320 seconds, Stopping threads took: 0.0000770 seconds
41.943: Application time: 0.0426180 seconds
41.943: [GC [PSYoungGen: 20464K->2512K(21504K)] 60760K->43320K(69120K), 0.0011570 secs] [Times: user=0.01 sys=0.00, real=0.01 secs] 
41.944: Total time for which application threads were stopped: 0.0013050 seconds, Stopping threads took: 0.0000660 seconds
41.990: Application time: 0.0451090 seconds
41.990: [GC [PSYoungGen: 21049K->2480K(21504K)] 61857K->43288K(69120K), 0.0009850 secs] [Times: user=0.00 sys=0.00, real=0.00 secs] 
41.991: Total time for which application threads were stopped: 0.0011370 seconds, Stopping threads took: 0.0000770 seconds
42.037: Application time: 0.0460630 seconds
42.037: [GC [PSYoungGen: 21027K->304K(21504K)] 61835K->41111K(69120K), 0.0004570 secs] [Times: user=0.00 sys=0.00, real=0.00 secs] 
42.037: Total time for which application threads were stopped: 0.0005710 seconds, Stopping threads took: 0.0000580 seconds
42.080: Application time: 0.0424380 seconds
42.080: [GC [PSYoungGen: 18904K->2496K(21504K)] 59712K->43303K(69120K), 0.0009900 secs] [Times: user=0.01 sys=0.00, real=0.00 secs] 
42.081: Total time for which application threads were stopped: 0.0011280 seconds, Stopping threads took: 0.0000650 seconds
42.126: Application time: 0.0451340 seconds
42.126: [GC [PSYoungGen: 21041K->848K(21504K)] 61849K->41663K(69120K), 0.0005240 secs] [Times: user=0.00 sys=0.00, real=0.00 secs] 
42.127: Total time for which application threads were stopped: 0.0006580 seconds, Stopping threads took: 0.0000710 seconds
42.170: Application time: 0.0428860 seconds
42.170: [GC [PSYoungGen: 19372K->2496K(21504K)] 60188K->43312K(69120K), 0.0009530 secs] [Times: user=0.01 sys=0.00, real=0.00 secs] 
42.171: Total time for which application threads were stopped: 0.0010860 seconds, Stopping threads took: 0.0000600 seconds
42.215: Application time: 0.0442550 seconds
42.215: [GC [PSYoungGen: 21191K->1920K(21504K)] 62007K->42736K(69120K), 0.0008170 secs] [Times: user=0.01 sys=0.00, real=0.00 secs] 
42.216: Total time for which application threads were stopped: 0.0010330 seconds, Stopping threads took: 0.0001540 seconds
42.260: Application time: 0.0438270 seconds
42.260: [GC [PSYoungGen: 20531K->2496K(21504K)] 61346K->43840K(69120K), 0.0011340 secs] [Times: user=0.01 sys=0.01, real=0.00 secs] 
42.261: Total time for which application threads were stopped: 0.0012980 seconds, Stopping threads took: 0.0000830 seconds
42.309: Application time: 0.0481880 seconds
42.309: [GC [PSYoungGen: 21039K->1344K(21504K)] 62383K->42696K(69120K), 0.0006610 secs] [Times: user=0.00 sys=0.00, real=0.00 secs] 
42.310: Total time for which application threads were stopped: 0.0008070 seconds, Stopping threads took: 0.0000760 seconds
42.350: Application time: 0.0401900 seconds
42.350: [GC [PSYoungGen: 19946K->2464K(21504K)] 61298K->44840K(69120K), 0.0013740 secs] [Times: user=0.01 sys=0.00, real=0.00 secs] 
42.352: Total time for which application threads were stopped: 0.0015200 seconds, Stopping threads took: 0.0000760 seconds
42.401: Application time: 0.0492670 seconds
42.401: [GC [PSYoungGen: 21246K->1408K(21504K)] 63622K->43792K(69120K), 0.0006790 secs] [Times: user=0.01 sys=0.00, real=0.00 secs] 
42.402: Total time for which application threads were stopped: 0.0008200 seconds, Stopping threads took: 0.0000760 seconds
42.443: Application time: 0.0414650 seconds
42.444: [GC [PSYoungGen: 19928K->2464K(21504K)] 62312K->45872K(69120K), 0.0012970 secs] [Times: user=0.00 sys=0.00, real=0.01 secs] 
42.445: Total time for which application threads were stopped: 0.0014430 seconds, Stopping threads took: 0.0000700 seconds
42.492: Application time: 0.0467730 seconds
42.492: [GC [PSYoungGen: 21011K->1424K(21504K)] 64419K->44832K(69120K), 0.0006810 secs] [Times: user=0.00 sys=0.00, real=0.00 secs] 
42.492: Total time for which application threads were stopped: 0.0008410 seconds, Stopping threads took: 0.0000840 seconds
42.535: Application time: 0.0420880 seconds
42.535: [GC [PSYoungGen: 19946K->2496K(21504K)] 63354K->46416K(69120K), 0.0011430 secs] [Times: user=0.01 sys=0.00, real=0.00 secs] 
42.536: Total time for which application threads were stopped: 0.0013340 seconds, Stopping threads took: 0.0001200 seconds
42.582: Application time: 0.0460240 seconds
42.582: [GC [PSYoungGen: 21041K->1408K(21504K)] 64961K->45328K(69120K), 0.0006830 secs] [Times: user=0.01 sys=0.00, real=0.00 secs] 
42.583: Total time for which application threads were stopped: 0.0008200 seconds, Stopping threads took: 0.0000720 seconds
42.625: Application time: 0.0420130 seconds
42.625: [GC [PSYoungGen: 19928K->2528K(21504K)] 63848K->47472K(69120K), 0.0013330 secs] [Times: user=0.00 sys=0.00, real=0.00 secs] 
42.626: Total time for which application threads were stopped: 0.0015160 seconds, Stopping threads took: 0.0001080 seconds
42.674: Application time: 0.0473910 seconds
42.674: [GC [PSYoungGen: 21073K->1952K(21504K)] 66017K->46896K(69120K), 0.0008380 secs] [Times: user=0.01 sys=0.00, real=0.00 secs] 
42.675: Total time for which application threads were stopped: 0.0009790 seconds, Stopping threads took: 0.0000710 seconds
42.717: Application time: 0.0426120 seconds
42.717: [GC [PSYoungGen: 20556K->2432K(21504K)] 65500K->47888K(69120K), 0.0011170 secs] [Times: user=0.01 sys=0.00, real=0.00 secs] 
42.719: Total time for which application threads were stopped: 0.0012620 seconds, Stopping threads took: 0.0000720 seconds
42.765: Application time: 0.0464670 seconds
42.765: [GC [PSYoungGen: 20975K->1936K(21504K)] 66431K->47400K(69120K), 0.0008380 secs] [Times: user=0.00 sys=0.00, real=0.00 secs] 
42.766: Total time for which application threads were stopped: 0.0009780 seconds, Stopping threads took: 0.0000710 seconds
42.809: Application time: 0.0427500 seconds
42.809: [GC [PSYoungGen: 20464K->2480K(21504K)] 65928K->48456K(69120K), 0.0011250 secs] [Times: user=0.00 sys=0.00, real=0.00 secs] 
42.810: Total time for which application threads were stopped: 0.0012580 seconds, Stopping threads took: 0.0000650 seconds
42.857: Application time: 0.0469040 seconds
42.857: [GC [PSYoungGen: 21179K->1952K(21504K)] 67155K->47928K(69120K), 0.0008090 secs] [Times: user=0.00 sys=0.00, real=0.00 secs] 
42.858: Total time for which application threads were stopped: 0.0009560 seconds, Stopping threads took: 0.0000810 seconds
42.900: Application time: 0.0420330 seconds
42.900: [GC [PSYoungGen: 20476K->2480K(21504K)] 66452K->49488K(69120K), 0.0013150 secs] [Times: user=0.01 sys=0.00, real=0.00 secs] 
42.901: [Full GC [PSYoungGen: 2480K->0K(21504K)] [ParOldGen: 47008K->9527K(47616K)] 49488K->9527K(69120K) [PSPermGen: 5142K->5142K(21504K)], 0.0052460 secs] [Times: user=0.02 sys=0.00, real=0.01 secs] 
42.907: Total time for which application threads were stopped: 0.0067510 seconds, Stopping threads took: 0.0000670 seconds
42.954: Application time: 0.0474510 seconds
42.954: [GC [PSYoungGen: 18625K->1280K(21504K)] 28153K->10807K(69120K), 0.0005850 secs] [Times: user=0.00 sys=0.00, real=0.00 secs] 
42.955: Total time for which application threads were stopped: 0.0007230 seconds, Stopping threads took: 0.0000760 seconds
42.997: Application time: 0.0425780 seconds
42.997: [GC [PSYoungGen: 19878K->2336K(21504K)] 29406K->12887K(69120K), 0.0012210 secs] [Times: user=0.01 sys=0.00, real=0.00 secs] 
42.999: Total time for which application threads were stopped: 0.0013640 seconds, Stopping threads took: 0.0000620 seconds
43.046: Application time: 0.0468030 seconds
43.046: [GC [PSYoungGen: 21117K->1296K(21504K)] 31669K->11847K(69120K), 0.0006130 secs] [Times: user=0.01 sys=0.00, real=0.00 secs] 
43.046: Total time for which application threads were stopped: 0.0007430 seconds, Stopping threads took: 0.0000610 seconds
43.087: Application time: 0.0409840 seconds
43.087: [GC [PSYoungGen: 19816K->2432K(21504K)] 30368K->14007K(69120K), 0.0012740 secs] [Times: user=0.01 sys=0.00, real=0.00 secs] 
43.089: Total time for which application threads were stopped: 0.0014150 seconds, Stopping threads took: 0.0000650 seconds
43.136: Application time: 0.0470800 seconds
43.136: [GC [PSYoungGen: 20977K->1856K(21504K)] 32553K->13431K(69120K), 0.0008200 secs] [Times: user=0.00 sys=0.00, real=0.01 secs] 
43.137: Total time for which application threads were stopped: 0.0009600 seconds, Stopping threads took: 0.0000740 seconds
43.179: Application time: 0.0427260 seconds
43.180: [GC [PSYoungGen: 20384K->2416K(21504K)] 31960K->14503K(69120K), 0.0011120 secs] [Times: user=0.00 sys=0.00, real=0.00 secs] 
43.181: Total time for which application threads were stopped: 0.0012690 seconds, Stopping threads took: 0.0000810 seconds
43.227: Application time: 0.0464540 seconds
43.228: [GC [PSYoungGen: 20959K->1840K(21504K)] 33047K->13927K(69120K), 0.0007790 secs] [Times: user=0.00 sys=0.00, real=0.00 secs] 
43.229: Total time for which application threads were stopped: 0.0017010 seconds, Stopping threads took: 0.0008550 seconds
43.273: Application time: 0.0445270 seconds
43.274: [GC [PSYoungGen: 20381K->768K(21504K)] 32468K->12855K(69120K), 0.0004720 secs] [Times: user=0.00 sys=0.00, real=0.00 secs] 
43.274: Total time for which application threads were stopped: 0.0006950 seconds, Stopping threads took: 0.0001610 seconds
43.318: Application time: 0.0436870 seconds
43.318: [GC [PSYoungGen: 19292K->2400K(21504K)] 31380K->14487K(69120K), 0.0008790 secs] [Times: user=0.01 sys=0.00, real=0.00 secs] 
43.319: Total time for which application threads were stopped: 0.0010490 seconds, Stopping threads took: 0.0001000 seconds
43.365: Application time: 0.0459770 seconds
43.365: [GC [PSYoungGen: 20945K->800K(21504K)] 33032K->12887K(69120K), 0.0004870 secs] [Times: user=0.01 sys=0.00, real=0.00 secs] 
43.365: Total time for which application threads were stopped: 0.0006230 seconds, Stopping threads took: 0.0000720 seconds
43.408: Application time: 0.0427180 seconds
43.408: [GC [PSYoungGen: 19402K->2432K(21504K)] 31490K->14519K(69120K), 0.0009210 secs] [Times: user=0.00 sys=0.00, real=0.00 secs] 
43.409: Total time for which application threads were stopped: 0.0010710 seconds, Stopping threads took: 0.0000800 seconds
43.454: Application time: 0.0450360 seconds
43.454: [GC [PSYoungGen: 20975K->1344K(21504K)] 33062K->13431K(69120K), 0.0006570 secs] [Times: user=0.00 sys=0.00, real=0.00 secs] 
43.455: Total time for which application threads were stopped: 0.0007920 seconds, Stopping threads took: 0.0000630 seconds
43.499: Application time: 0.0437240 seconds
43.499: [GC [PSYoungGen: 20029K->2480K(21504K)] 32116K->14567K(69120K), 0.0009410 secs] [Times: user=0.01 sys=0.00, real=0.00 secs] 
43.500: Total time for which application threads were stopped: 0.0010850 seconds, Stopping threads took: 0.0000680 seconds
43.545: Application time: 0.0451530 seconds
43.545: [GC [PSYoungGen: 21027K->400K(21504K)] 33114K->12487K(69120K), 0.0004600 secs] [Times: user=0.00 sys=0.00, real=0.00 secs] 
43.546: Total time for which application threads were stopped: 0.0005940 seconds, Stopping threads took: 0.0000640 seconds
43.590: Application time: 0.0440570 seconds
43.590: [GC [PSYoungGen: 19002K->1936K(21504K)] 31090K->14023K(69120K), 0.0007790 secs] [Times: user=0.00 sys=0.00, real=0.00 secs] 
43.591: Total time for which application threads were stopped: 0.0009070 seconds, Stopping threads took: 0.0000640 seconds
43.637: Application time: 0.0461870 seconds
43.637: [GC [PSYoungGen: 20471K->1952K(21504K)] 32558K->14055K(69120K), 0.0007830 secs] [Times: user=0.01 sys=0.00, real=0.00 secs] 
43.638: Total time for which application threads were stopped: 0.0009230 seconds, Stopping threads took: 0.0000740 seconds
43.680: Application time: 0.0426740 seconds
43.681: [GC [PSYoungGen: 20799K->2496K(21504K)] 32903K->14607K(69120K), 0.0009180 secs] [Times: user=0.00 sys=0.00, real=0.00 secs] 
43.681: Total time for which application threads were stopped: 0.0010630 seconds, Stopping threads took: 0.0000750 seconds
43.727: Application time: 0.0453420 seconds
43.727: [GC [PSYoungGen: 21032K->2480K(21504K)] 33144K->14607K(69120K), 0.0009310 secs] [Times: user=0.01 sys=0.00, real=0.00 secs] 
43.728: Total time for which application threads were stopped: 0.0010740 seconds, Stopping threads took: 0.0000760 seconds
43.774: Application time: 0.0462260 seconds
43.774: [GC [PSYoungGen: 21025K->880K(21504K)] 33152K->13007K(69120K), 0.0005100 secs] [Times: user=0.00 sys=0.00, real=0.00 secs] 
43.775: Total time for which application threads were stopped: 0.0006450 seconds, Stopping threads took: 0.0000690 seconds
43.816: Application time: 0.0415760 seconds
43.816: [GC [PSYoungGen: 19400K->2512K(21504K)] 31528K->15151K(69120K), 0.0010990 secs] [Times: user=0.01 sys=0.00, real=0.00 secs] 
43.818: Total time for which application threads were stopped: 0.0012410 seconds, Stopping threads took: 0.0000680 seconds
43.866: Application time: 0.0480190 seconds
43.866: [GC [PSYoungGen: 21059K->864K(21504K)] 33699K->13503K(69120K), 0.0005260 secs] [Times: user=0.00 sys=0.00, real=0.00 secs] 
43.866: Total time for which application threads were stopped: 0.0006690 seconds, Stopping threads took: 0.0000790 seconds
43.908: Application time: 0.0416780 seconds
43.908: [GC [PSYoungGen: 19384K->2512K(21504K)] 32024K->15663K(69120K), 0.0010780 secs] [Times: user=0.00 sys=0.00, real=0.00 secs] 
43.909: Total time for which application threads were stopped: 0.0012340 seconds, Stopping threads took: 0.0000840 seconds
43.956: Application time: 0.0470170 seconds
43.956: [GC [PSYoungGen: 21057K->1440K(21504K)] 34209K->14591K(69120K), 0.0006090 secs] [Times: user=0.01 sys=0.00, real=0.00 secs] 
43.957: Total time for which application threads were stopped: 0.0007380 seconds, Stopping threads took: 0.0000690 seconds
43.998: Application time: 0.0414580 seconds
43.999: [GC [PSYoungGen: 19960K->2464K(21504K)] 33112K->16639K(69120K), 0.0013000 secs] [Times: user=0.00 sys=0.00, real=0.00 secs] 
44.000: Total time for which application threads were stopped: 0.0014440 seconds, Stopping threads took: 0.0000650 seconds
44.047: Application time: 0.0470960 seconds
44.047: [GC [PSYoungGen: 21089K->1408K(21504K)] 35265K->15583K(69120K), 0.0006330 secs] [Times: user=0.00 sys=0.00, real=0.00 secs] 
44.048: Total time for which application threads were stopped: 0.0007690 seconds, Stopping threads took: 0.0000640 seconds
44.092: Application time: 0.0440660 seconds
44.092: [GC [PSYoungGen: 19932K->2496K(21504K)] 34108K->17191K(69120K), 0.0011080 secs] [Times: user=0.00 sys=0.00, real=0.00 secs] 
44.093: Total time for which application threads were stopped: 0.0012490 seconds, Stopping threads took: 0.0000680 seconds
44.138: Application time: 0.0448140 seconds
44.138: [GC [PSYoungGen: 21193K->1920K(21504K)] 35889K->16615K(69120K), 0.0007800 secs] [Times: user=0.00 sys=0.00, real=0.00 secs] 
44.139: Total time for which application threads were stopped: 0.0009080 seconds, Stopping threads took: 0.0000580 seconds
44.182: Application time: 0.0433270 seconds
44.182: [GC [PSYoungGen: 20448K->2512K(21504K)] 35144K->17728K(69120K), 0.0011220 secs] [Times: user=0.01 sys=0.00, real=0.00 secs] 
44.183: Total time for which application threads were stopped: 0.0012740 seconds, Stopping threads took: 0.0000760 seconds
44.229: Application time: 0.0453870 seconds
44.229: [GC [PSYoungGen: 21133K->1936K(21504K)] 36349K->17151K(69120K), 0.0007890 secs] [Times: user=0.00 sys=0.00, real=0.00 secs] 
44.230: Total time for which application threads were stopped: 0.0009360 seconds, Stopping threads took: 0.0000770 seconds
44.273: Application time: 0.0435120 seconds
44.273: [GC [PSYoungGen: 20464K->2512K(21504K)] 35680K->18247K(69120K), 0.0010700 secs] [Times: user=0.01 sys=0.00, real=0.00 secs] 
44.274: Total time for which application threads were stopped: 0.0012500 seconds, Stopping threads took: 0.0001040 seconds
44.320: Application time: 0.0454000 seconds
44.320: [GC [PSYoungGen: 21368K->1936K(21504K)] 37104K->17671K(69120K), 0.0008150 secs] [Times: user=0.00 sys=0.00, real=0.00 secs] 
44.321: Total time for which application threads were stopped: 0.0009540 seconds, Stopping threads took: 0.0000730 seconds
44.365: Application time: 0.0439480 seconds
44.365: [GC [PSYoungGen: 20464K->1952K(21504K)] 36200K->17695K(69120K), 0.0008030 secs] [Times: user=0.00 sys=0.00, real=0.00 secs] 
44.366: Total time for which application threads were stopped: 0.0010050 seconds, Stopping threads took: 0.0001310 seconds
44.411: Application time: 0.0454010 seconds
44.411: [GC [PSYoungGen: 20495K->1920K(21504K)] 36239K->17663K(69120K), 0.0008280 secs] [Times: user=0.01 sys=0.00, real=0.00 secs] 
44.412: Total time for which application threads were stopped: 0.0009630 seconds, Stopping threads took: 0.0000690 seconds
44.454: Application time: 0.0421420 seconds
44.454: [GC [PSYoungGen: 20444K->2448K(21504K)] 36188K->19216K(69120K), 0.0012600 secs] [Times: user=0.00 sys=0.00, real=0.00 secs] 
44.456: Total time for which application threads were stopped: 0.0014080 seconds, Stopping threads took: 0.0000730 seconds
44.502: Application time: 0.0467740 seconds
44.503: [GC [PSYoungGen: 20993K->1968K(21504K)] 37761K->18736K(69120K), 0.0007820 secs] [Times: user=0.00 sys=0.00, real=0.00 secs] 
44.503: Total time for which application threads were stopped: 0.0009250 seconds, Stopping threads took: 0.0000730 seconds
44.547: Application time: 0.0440350 seconds
44.548: [GC [PSYoungGen: 20504K->1952K(21504K)] 37272K->18720K(69120K), 0.0008110 secs] [Times: user=0.01 sys=0.00, real=0.00 secs] 
44.548: Total time for which application threads were stopped: 0.0009450 seconds, Stopping threads took: 0.0000680 seconds
44.595: Application time: 0.0462330 seconds
44.595: [GC [PSYoungGen: 20491K->880K(21504K)] 37258K->17647K(69120K), 0.0005150 secs] [Times: user=0.00 sys=0.00, real=0.00 secs] 
44.595: Total time for which application threads were stopped: 0.0006460 seconds, Stopping threads took: 0.0000610 seconds
44.639: Application time: 0.0436420 seconds
44.639: [GC [PSYoungGen: 19408K->1920K(21504K)] 36176K->18688K(69120K), 0.0007660 secs] [Times: user=0.00 sys=0.00, real=0.00 secs] 
44.640: Total time for which application threads were stopped: 0.0009040 seconds, Stopping threads took: 0.0000720 seconds
44.683: Application time: 0.0434620 seconds
44.683: [GC [PSYoungGen: 20448K->2480K(21504K)] 37216K->19760K(69120K), 0.0011120 secs] [Times: user=0.01 sys=0.00, real=0.01 secs] 
44.685: Total time for which application threads were stopped: 0.0012530 seconds, Stopping threads took: 0.0000680 seconds
44.730: Application time: 0.0451860 seconds
44.730: [GC [PSYoungGen: 21101K->1936K(21504K)] 38381K->19224K(69120K), 0.0008010 secs] [Times: user=0.00 sys=0.00, real=0.00 secs] 
44.731: Total time for which application threads were stopped: 0.0009600 seconds, Stopping threads took: 0.0000950 seconds
44.775: Application time: 0.0446990 seconds
44.776: [GC [PSYoungGen: 20551K->1936K(21504K)] 37839K->19224K(69120K), 0.0007920 secs] [Times: user=0.00 sys=0.00, real=0.01 secs] 
44.776: Total time for which application threads were stopped: 0.0009300 seconds, Stopping threads took: 0.0000700 seconds
44.819: Application time: 0.0428210 seconds
44.819: [GC [PSYoungGen: 20547K->2464K(21504K)] 37835K->19760K(69120K), 0.0009440 secs] [Times: user=0.00 sys=0.00, real=0.00 secs] 
44.820: Total time for which application threads were stopped: 0.0010990 seconds, Stopping threads took: 0.0000860 seconds
44.867: Application time: 0.0465950 seconds
44.867: [GC [PSYoungGen: 21087K->912K(21504K)] 38383K->18207K(69120K), 0.0005120 secs] [Times: user=0.01 sys=0.00, real=0.00 secs] 
44.868: Total time for which application threads were stopped: 0.0006450 seconds, Stopping threads took: 0.0000680 seconds
44.911: Application time: 0.0431190 seconds
44.911: [GC [PSYoungGen: 19436K->2496K(21504K)] 36732K->19800K(69120K), 0.0009280 secs] [Times: user=0.01 sys=0.00, real=0.00 secs] 
44.912: Total time for which application threads were stopped: 0.0010740 seconds, Stopping threads took: 0.0000790 seconds
44.957: Application time: 0.0451010 seconds
44.957: [GC [PSYoungGen: 21271K->1936K(21504K)] 38575K->19240K(69120K), 0.0007970 secs] [Times: user=0.00 sys=0.00, real=0.00 secs] 
44.958: Total time for which application threads were stopped: 0.0009370 seconds, Stopping threads took: 0.0000750 seconds
45.002: Application time: 0.0442850 seconds
45.002: [GC [PSYoungGen: 20551K->1968K(21504K)] 37855K->19280K(69120K), 0.0007830 secs] [Times: user=0.00 sys=0.00, real=0.00 secs] 
45.003: Total time for which application threads were stopped: 0.0009100 seconds, Stopping threads took: 0.0000620 seconds
45.048: Application time: 0.0448170 seconds
45.048: [GC [PSYoungGen: 20506K->1392K(21504K)] 37818K->18704K(69120K), 0.0006590 secs] [Times: user=0.00 sys=0.00, real=0.00 secs] 
45.049: Total time for which application threads were stopped: 0.0008330 seconds, Stopping threads took: 0.0001070 seconds
45.092: Application time: 0.0429080 seconds
45.092: [GC [PSYoungGen: 19920K->2464K(21504K)] 37232K->19776K(69120K), 0.0009550 secs] [Times: user=0.01 sys=0.00, real=0.00 secs] 
45.093: Total time for which application threads were stopped: 0.0010950 seconds, Stopping threads took: 0.0000650 seconds
45.136: Application time: 0.0438840 seconds
45.137: [GC [PSYoungGen: 21000K->2480K(21504K)] 38312K->19792K(69120K), 0.0009590 secs] [Times: user=0.01 sys=0.00, real=0.00 secs] 
45.138: Total time for which application threads were stopped: 0.0011100 seconds, Stopping threads took: 0.0000750 seconds
45.184: Application time: 0.0459690 seconds
45.184: [GC [PSYoungGen: 21023K->1440K(21504K)] 38335K->18752K(69120K), 0.0006760 secs] [Times: user=0.01 sys=0.00, real=0.01 secs] 
45.184: Total time for which application threads were stopped: 0.0008040 seconds, Stopping threads took: 0.0000610 seconds
45.227: Application time: 0.0427010 seconds
45.227: [GC [PSYoungGen: 19964K->2496K(21504K)] 37276K->20320K(69120K), 0.0011190 secs] [Times: user=0.00 sys=0.00, real=0.00 secs] 
45.228: Total time for which application threads were stopped: 0.0012580 seconds, Stopping threads took: 0.0000650 seconds
45.274: Application time: 0.0458750 seconds
45.274: [GC [PSYoungGen: 21041K->1408K(21504K)] 38865K->19232K(69120K), 0.0006480 secs] [Times: user=0.00 sys=0.00, real=0.00 secs] 
45.275: Total time for which application threads were stopped: 0.0007930 seconds, Stopping threads took: 0.0000780 seconds
45.317: Application time: 0.0421660 seconds
45.317: [GC [PSYoungGen: 19932K->2512K(21504K)] 37756K->20848K(69120K), 0.0011070 secs] [Times: user=0.01 sys=0.00, real=0.00 secs] 
45.318: Total time for which application threads were stopped: 0.0012500 seconds, Stopping threads took: 0.0000700 seconds
45.364: Application time: 0.0458330 seconds
45.364: [GC [PSYoungGen: 21135K->1408K(21504K)] 39471K->19744K(69120K), 0.0006530 secs] [Times: user=0.00 sys=0.00, real=0.00 secs] 
45.365: Total time for which application threads were stopped: 0.0007790 seconds, Stopping threads took: 0.0000580 seconds
45.408: Application time: 0.0426690 seconds
45.408: [GC [PSYoungGen: 20015K->2512K(21504K)] 38351K->20856K(69120K), 0.0009600 secs] [Times: user=0.01 sys=0.00, real=0.00 secs] 
45.409: Total time for which application threads were stopped: 0.0011060 seconds, Stopping threads took: 0.0000610 seconds
45.455: Application time: 0.0464160 seconds
45.455: [GC [PSYoungGen: 21131K->1936K(21504K)] 39475K->20288K(69120K), 0.0008000 secs] [Times: user=0.00 sys=0.00, real=0.01 secs] 
45.456: Total time for which application threads were stopped: 0.0009560 seconds, Stopping threads took: 0.0000880 seconds
45.498: Application time: 0.0417660 seconds
45.498: [GC [PSYoungGen: 20540K->2496K(21504K)] 38892K->21880K(69120K), 0.0012650 secs] [Times: user=0.00 sys=0.00, real=0.00 secs] 
45.499: Total time for which application threads were stopped: 0.0014190 seconds, Stopping threads took: 0.0000790 seconds
45.546: Application time: 0.0470250 seconds
45.547: [GC [PSYoungGen: 21041K->1920K(21504K)] 40425K->21312K(69120K), 0.0007840 secs] [Times: user=0.01 sys=0.00, real=0.00 secs] 
45.547: Total time for which application threads were stopped: 0.0009330 seconds, Stopping threads took: 0.0000840 seconds
45.588: Application time: 0.0405410 seconds
45.588: [GC [PSYoungGen: 20520K->2400K(21504K)] 39912K->23328K(69120K), 0.0014780 secs] [Times: user=0.01 sys=0.00, real=0.00 secs] 
45.590: Total time for which application threads were stopped: 0.0016350 seconds, Stopping threads took: 0.0000780 seconds
45.637: Application time: 0.0476170 seconds
45.637: [GC [PSYoungGen: 21182K->1936K(21504K)] 42110K->22872K(69120K), 0.0007750 secs] [Times: user=0.00 sys=0.00, real=0.00 secs] 
45.638: Total time for which application threads were stopped: 0.0009220 seconds, Stopping threads took: 0.0000750 seconds
45.682: Application time: 0.0439380 seconds
45.682: [GC [PSYoungGen: 20464K->2432K(21504K)] 41400K->23896K(69120K), 0.0012600 secs] [Times: user=0.00 sys=0.00, real=0.00 secs] 
45.683: Total time for which application threads were stopped: 0.0014160 seconds, Stopping threads took: 0.0000780 seconds
45.728: Application time: 0.0449500 seconds
45.728: [GC [PSYoungGen: 20973K->1952K(21504K)] 42437K->23416K(69120K), 0.0007830 secs] [Times: user=0.00 sys=0.00, real=0.00 secs] 
45.729: Total time for which application threads were stopped: 0.0009150 seconds, Stopping threads took: 0.0000650 seconds
45.773: Application time: 0.0440780 seconds
45.773: [GC [PSYoungGen: 20482K->2480K(21504K)] 41946K->23944K(69120K), 0.0009340 secs] [Times: user=0.00 sys=0.00, real=0.00 secs] 
45.774: Total time for which application threads were stopped: 0.0010780 seconds, Stopping threads took: 0.0000750 seconds
45.819: Application time: 0.0448150 seconds
45.819: [GC [PSYoungGen: 21017K->1920K(21504K)] 42481K->23384K(69120K), 0.0008250 secs] [Times: user=0.00 sys=0.01, real=0.00 secs] 
45.821: Total time for which application threads were stopped: 0.0017000 seconds, Stopping threads took: 0.0000980 seconds
45.866: Application time: 0.0447550 seconds
45.866: [GC [PSYoungGen: 20463K->1424K(21504K)] 41927K->22888K(69120K), 0.0007880 secs] [Times: user=0.00 sys=0.00, real=0.00 secs] 
45.867: Total time for which application threads were stopped: 0.0009550 seconds, Stopping threads took: 0.0001030 seconds
45.910: Application time: 0.0433500 seconds
45.910: [GC [PSYoungGen: 19952K->2480K(21504K)] 41416K->23944K(69120K), 0.0009470 secs] [Times: user=0.00 sys=0.00, real=0.00 secs] 
45.911: Total time for which application threads were stopped: 0.0010800 seconds, Stopping threads took: 0.0000660 seconds
45.955: Application time: 0.0442660 seconds
45.956: [GC [PSYoungGen: 21019K->1952K(21504K)] 42483K->23416K(69120K), 0.0008180 secs] [Times: user=0.00 sys=0.00, real=0.01 secs] 
45.956: Total time for which application threads were stopped: 0.0010170 seconds, Stopping threads took: 0.0001280 seconds
46.001: Application time: 0.0442160 seconds
46.001: [GC [PSYoungGen: 20484K->2480K(21504K)] 41948K->23944K(69120K), 0.0009540 secs] [Times: user=0.00 sys=0.00, real=0.00 secs] 
46.002: Total time for which application threads were stopped: 0.0011070 seconds, Stopping threads took: 0.0000840 seconds
46.047: Application time: 0.0447730 seconds
46.047: [GC [PSYoungGen: 21179K->1408K(21504K)] 42643K->22880K(69120K), 0.0006490 secs] [Times: user=0.01 sys=0.00, real=0.00 secs] 
46.047: Total time for which application threads were stopped: 0.0007960 seconds, Stopping threads took: 0.0000800 seconds
46.091: Application time: 0.0440420 seconds
46.092: [GC [PSYoungGen: 20021K->1408K(21504K)] 41493K->22888K(69120K), 0.0006510 secs] [Times: user=0.01 sys=0.00, real=0.00 secs] 
46.093: Total time for which application threads were stopped: 0.0014460 seconds, Stopping threads took: 0.0007310 seconds
46.136: Application time: 0.0427660 seconds
46.136: [GC [PSYoungGen: 19934K->2480K(21504K)] 41414K->24480K(69120K), 0.0011620 secs] [Times: user=0.01 sys=0.00, real=0.01 secs] 
46.137: Total time for which application threads were stopped: 0.0012970 seconds, Stopping threads took: 0.0000610 seconds
46.182: Application time: 0.0454650 seconds
46.182: [GC [PSYoungGen: 21103K->1424K(21504K)] 43103K->23432K(69120K), 0.0006350 secs] [Times: user=0.00 sys=0.00, real=0.00 secs] 
46.183: Total time for which application threads were stopped: 0.0007740 seconds, Stopping threads took: 0.0000640 seconds
46.226: Application time: 0.0430950 seconds
46.226: [GC [PSYoungGen: 20022K->2496K(21504K)] 42030K->25528K(69120K), 0.0013730 secs] [Times: user=0.00 sys=0.00, real=0.00 secs] 
46.228: Total time for which application threads were stopped: 0.0015230 seconds, Stopping threads took: 0.0000750 seconds
46.273: Application time: 0.0456660 seconds
46.273: [GC [PSYoungGen: 21275K->1936K(21504K)] 44307K->24976K(69120K), 0.0007660 secs] [Times: user=0.00 sys=0.00, real=0.00 secs] 
46.274: Total time for which application threads were stopped: 0.0008980 seconds, Stopping threads took: 0.0000680 seconds
46.317: Application time: 0.0426850 seconds
46.317: [GC [PSYoungGen: 20460K->2512K(21504K)] 43500K->26584K(69120K), 0.0012740 secs] [Times: user=0.01 sys=0.00, real=0.00 secs] 
46.318: Total time for which application threads were stopped: 0.0014190 seconds, Stopping threads took: 0.0000740 seconds
46.365: Application time: 0.0469880 seconds
46.365: [GC [PSYoungGen: 21057K->1984K(21504K)] 45129K->26056K(69120K), 0.0008610 secs] [Times: user=0.01 sys=0.00, real=0.00 secs] 
46.366: Total time for which application threads were stopped: 0.0009930 seconds, Stopping threads took: 0.0000590 seconds
46.409: Application time: 0.0426370 seconds
46.409: [GC [PSYoungGen: 20512K->2464K(21504K)] 44584K->27048K(69120K), 0.0010960 secs] [Times: user=0.01 sys=0.00, real=0.00 secs] 
46.410: Total time for which application threads were stopped: 0.0012440 seconds, Stopping threads took: 0.0000740 seconds
46.457: Application time: 0.0466640 seconds
46.457: [GC [PSYoungGen: 21007K->1904K(21504K)] 45591K->26488K(69120K), 0.0007950 secs] [Times: user=0.00 sys=0.00, real=0.00 secs] 
46.458: Total time for which application threads were stopped: 0.0009340 seconds, Stopping threads took: 0.0000700 seconds
46.501: Application time: 0.0430690 seconds
46.501: [GC [PSYoungGen: 20432K->2464K(21504K)] 45016K->27560K(69120K), 0.0011430 secs] [Times: user=0.00 sys=0.00, real=0.00 secs] 
46.502: Total time for which application threads were stopped: 0.0012790 seconds, Stopping threads took: 0.0000630 seconds
46.547: Application time: 0.0445260 seconds
46.547: [GC [PSYoungGen: 20998K->2464K(21504K)] 46095K->28072K(69120K), 0.0011280 secs] [Times: user=0.01 sys=0.00, real=0.00 secs] 
46.548: Total time for which application threads were stopped: 0.0012870 seconds, Stopping threads took: 0.0000780 seconds
46.593: Application time: 0.0453410 seconds
46.593: [GC [PSYoungGen: 21007K->1920K(21504K)] 46615K->27528K(69120K), 0.0008190 secs] [Times: user=0.00 sys=0.00, real=0.00 secs] 
46.594: Total time for which application threads were stopped: 0.0009520 seconds, Stopping threads took: 0.0000610 seconds
46.636: Application time: 0.0421660 seconds
46.637: [GC [PSYoungGen: 20444K->2528K(21504K)] 46052K->29160K(69120K), 0.0012590 secs] [Times: user=0.01 sys=0.00, real=0.00 secs] 
46.638: Total time for which application threads were stopped: 0.0014110 seconds, Stopping threads took: 0.0000750 seconds
46.686: Application time: 0.0483290 seconds
46.686: [GC [PSYoungGen: 21231K->1440K(21504K)] 47864K->28072K(69120K), 0.0006760 secs] [Times: user=0.01 sys=0.00, real=0.00 secs] 
46.687: Total time for which application threads were stopped: 0.0008240 seconds, Stopping threads took: 0.0000710 seconds
46.729: Application time: 0.0415570 seconds
46.729: [GC [PSYoungGen: 20046K->2496K(21504K)] 46679K->29136K(69120K), 0.0009530 secs] [Times: user=0.00 sys=0.00, real=0.00 secs] 
46.730: Total time for which application threads were stopped: 0.0011220 seconds, Stopping threads took: 0.0001000 seconds
46.775: Application time: 0.0453400 seconds
46.775: [GC [PSYoungGen: 21037K->1904K(21504K)] 47677K->28552K(69120K), 0.0008030 secs] [Times: user=0.00 sys=0.00, real=0.00 secs] 
46.776: Total time for which application threads were stopped: 0.0009520 seconds, Stopping threads took: 0.0000730 seconds
46.821: Application time: 0.0447740 seconds
46.821: [GC [PSYoungGen: 20515K->2480K(21504K)] 47163K->29640K(69120K), 0.0011040 secs] [Times: user=0.01 sys=0.00, real=0.00 secs] 
46.822: Total time for which application threads were stopped: 0.0012510 seconds, Stopping threads took: 0.0000700 seconds
46.867: Application time: 0.0453920 seconds
46.868: [GC [PSYoungGen: 21023K->1904K(21504K)] 48183K->29072K(69120K), 0.0008200 secs] [Times: user=0.01 sys=0.00, real=0.00 secs] 
46.868: Total time for which application threads were stopped: 0.0009480 seconds, Stopping threads took: 0.0000620 seconds
46.913: Application time: 0.0443650 seconds
46.913: [GC [PSYoungGen: 20671K->2448K(21504K)] 47839K->29624K(69120K), 0.0009650 secs] [Times: user=0.01 sys=0.00, real=0.00 secs] 
46.914: Total time for which application threads were stopped: 0.0011110 seconds, Stopping threads took: 0.0000730 seconds
46.959: Application time: 0.0449920 seconds
46.959: [GC [PSYoungGen: 21069K->1408K(21504K)] 48245K->28592K(69120K), 0.0006390 secs] [Times: user=0.00 sys=0.00, real=0.00 secs] 
46.960: Total time for which application threads were stopped: 0.0008500 seconds, Stopping threads took: 0.0001460 seconds
47.002: Application time: 0.0426650 seconds
47.003: [GC [PSYoungGen: 19936K->2432K(21504K)] 47120K->29616K(69120K), 0.0009740 secs] [Times: user=0.01 sys=0.00, real=0.00 secs] 
47.004: Total time for which application threads were stopped: 0.0011200 seconds, Stopping threads took: 0.0000730 seconds
47.050: Application time: 0.0461650 seconds
47.050: [GC [PSYoungGen: 20975K->1424K(21504K)] 48159K->28608K(69120K), 0.0006540 secs] [Times: user=0.00 sys=0.00, real=0.00 secs] 
47.050: Total time for which application threads were stopped: 0.0007860 seconds, Stopping threads took: 0.0000630 seconds
47.092: Application time: 0.0416710 seconds
47.092: [GC [PSYoungGen: 19952K->2448K(21504K)] 47136K->29632K(69120K), 0.0010370 secs] [Times: user=0.01 sys=0.00, real=0.00 secs] 
47.093: Total time for which application threads were stopped: 0.0012200 seconds, Stopping threads took: 0.0001070 seconds
47.140: Application time: 0.0462090 seconds
47.140: [GC [PSYoungGen: 20991K->1376K(21504K)] 48175K->28560K(69120K), 0.0006260 secs] [Times: user=0.00 sys=0.00, real=0.00 secs] 
47.140: Total time for which application threads were stopped: 0.0007580 seconds, Stopping threads took: 0.0000690 seconds
47.183: Application time: 0.0426010 seconds
47.183: [GC [PSYoungGen: 19908K->1920K(21504K)] 47093K->29104K(69120K), 0.0008130 secs] [Times: user=0.00 sys=0.00, real=0.00 secs] 
47.184: Total time for which application threads were stopped: 0.0009960 seconds, Stopping threads took: 0.0001120 seconds
47.228: Application time: 0.0442580 seconds
47.228: [GC [PSYoungGen: 20452K->1952K(21504K)] 47637K->29136K(69120K), 0.0007680 secs] [Times: user=0.00 sys=0.00, real=0.00 secs] 
47.229: Total time for which application threads were stopped: 0.0009360 seconds, Stopping threads took: 0.0000930 seconds
47.273: Application time: 0.0441490 seconds
47.273: [GC [PSYoungGen: 20493K->1920K(21504K)] 47677K->29104K(69120K), 0.0008080 secs] [Times: user=0.00 sys=0.00, real=0.00 secs] 
47.274: Total time for which application threads were stopped: 0.0009560 seconds, Stopping threads took: 0.0000690 seconds
47.318: Application time: 0.0439660 seconds
47.318: [GC [PSYoungGen: 20609K->2464K(21504K)] 47793K->29648K(69120K), 0.0009670 secs] [Times: user=0.01 sys=0.00, real=0.00 secs] 
47.319: Total time for which application threads were stopped: 0.0011120 seconds, Stopping threads took: 0.0000790 seconds
47.364: Application time: 0.0442740 seconds
47.364: [GC [PSYoungGen: 21085K->1424K(21504K)] 48269K->28616K(69120K), 0.0006650 secs] [Times: user=0.01 sys=0.00, real=0.01 secs] 
47.364: Total time for which application threads were stopped: 0.0008070 seconds, Stopping threads took: 0.0000780 seconds
47.408: Application time: 0.0436200 seconds
47.408: [GC [PSYoungGen: 19952K->2464K(21504K)] 47144K->29664K(69120K), 0.0009650 secs] [Times: user=0.01 sys=0.00, real=0.00 secs] 
47.409: Total time for which application threads were stopped: 0.0010970 seconds, Stopping threads took: 0.0000650 seconds
47.454: Application time: 0.0447790 seconds
47.454: [GC [PSYoungGen: 21087K->928K(21504K)] 48287K->28128K(69120K), 0.0005400 secs] [Times: user=0.00 sys=0.00, real=0.00 secs] 
47.455: Total time for which application threads were stopped: 0.0006700 seconds, Stopping threads took: 0.0000690 seconds
47.497: Application time: 0.0427240 seconds
47.497: [GC [PSYoungGen: 19454K->2464K(21504K)] 46654K->29672K(69120K), 0.0009510 secs] [Times: user=0.01 sys=0.00, real=0.00 secs] 
47.498: Total time for which application threads were stopped: 0.0010950 seconds, Stopping threads took: 0.0000730 seconds
47.545: Application time: 0.0461460 seconds
47.545: [GC [PSYoungGen: 21163K->1392K(21504K)] 48371K->28600K(69120K), 0.0006420 secs] [Times: user=0.00 sys=0.00, real=0.00 secs] 
47.545: Total time for which application threads were stopped: 0.0007570 seconds, Stopping threads took: 0.0000530 seconds
47.587: Application time: 0.0419210 seconds
47.587: [GC [PSYoungGen: 20077K->2480K(21504K)] 47285K->30208K(69120K), 0.0011250 secs] [Times: user=0.00 sys=0.00, real=0.00 secs] 
47.589: Total time for which application threads were stopped: 0.0012800 seconds, Stopping threads took: 0.0000780 seconds
47.635: Application time: 0.0462470 seconds
47.635: [GC [PSYoungGen: 21023K->1424K(21504K)] 48751K->29160K(69120K), 0.0006660 secs] [Times: user=0.00 sys=0.00, real=0.00 secs] 
47.636: Total time for which application threads were stopped: 0.0007990 seconds, Stopping threads took: 0.0000710 seconds
47.678: Application time: 0.0421970 seconds
47.678: [GC [PSYoungGen: 19944K->2464K(21504K)] 47680K->31224K(69120K), 0.0012410 secs] [Times: user=0.01 sys=0.00, real=0.00 secs] 
47.679: Total time for which application threads were stopped: 0.0014000 seconds, Stopping threads took: 0.0000860 seconds
47.725: Application time: 0.0461900 seconds
47.725: [GC [PSYoungGen: 21009K->1920K(21504K)] 49769K->30680K(69120K), 0.0007870 secs] [Times: user=0.00 sys=0.00, real=0.00 secs] 
47.726: Total time for which application threads were stopped: 0.0009190 seconds, Stopping threads took: 0.0000680 seconds
47.768: Application time: 0.0421330 seconds
47.769: [GC [PSYoungGen: 20452K->2480K(21504K)] 49213K->31240K(69120K), 0.0009500 secs] [Times: user=0.00 sys=0.00, real=0.00 secs] 
47.770: Total time for which application threads were stopped: 0.0011030 seconds, Stopping threads took: 0.0000690 seconds
47.814: Application time: 0.0443080 seconds
47.814: [GC [PSYoungGen: 21014K->2464K(21504K)] 49775K->31224K(69120K), 0.0009600 secs] [Times: user=0.00 sys=0.00, real=0.00 secs] 
47.815: Total time for which application threads were stopped: 0.0011030 seconds, Stopping threads took: 0.0000720 seconds
47.861: Application time: 0.0457620 seconds
47.864: [GC [PSYoungGen: 21009K->880K(21504K)] 49769K->29640K(69120K), 0.0005840 secs] [Times: user=0.00 sys=0.00, real=0.00 secs] 
47.865: Total time for which application threads were stopped: 0.0040080 seconds, Stopping threads took: 0.0033620 seconds
47.908: Application time: 0.0432040 seconds
47.908: [GC [PSYoungGen: 19406K->1936K(21504K)] 48166K->30696K(69120K), 0.0008140 secs] [Times: user=0.00 sys=0.00, real=0.00 secs] 
47.909: Total time for which application threads were stopped: 0.0010350 seconds, Stopping threads took: 0.0001570 seconds
47.953: Application time: 0.0437010 seconds
47.953: [GC [PSYoungGen: 20542K->2496K(21504K)] 49303K->31768K(69120K), 0.0011350 secs] [Times: user=0.01 sys=0.00, real=0.00 secs] 
47.954: Total time for which application threads were stopped: 0.0012910 seconds, Stopping threads took: 0.0000770 seconds
47.999: Application time: 0.0448720 seconds
47.999: [GC [PSYoungGen: 21193K->1952K(21504K)] 50465K->31232K(69120K), 0.0007830 secs] [Times: user=0.00 sys=0.00, real=0.00 secs] 
48.000: Total time for which application threads were stopped: 0.0009630 seconds, Stopping threads took: 0.0001120 seconds
48.044: Application time: 0.0438000 seconds
48.044: [GC [PSYoungGen: 20480K->2496K(21504K)] 49761K->32296K(69120K), 0.0011500 secs] [Times: user=0.01 sys=0.00, real=0.01 secs] 
48.045: Total time for which application threads were stopped: 0.0013030 seconds, Stopping threads took: 0.0000780 seconds
48.090: Application time: 0.0449840 seconds
48.090: [GC [PSYoungGen: 21113K->1952K(21504K)] 50913K->31752K(69120K), 0.0007820 secs] [Times: user=0.01 sys=0.00, real=0.00 secs] 
48.091: Total time for which application threads were stopped: 0.0010090 seconds, Stopping threads took: 0.0001550 seconds
48.135: Application time: 0.0440940 seconds
48.135: [GC [PSYoungGen: 20493K->1936K(21504K)] 50293K->31744K(69120K), 0.0007900 secs] [Times: user=0.00 sys=0.01, real=0.01 secs] 
48.136: Total time for which application threads were stopped: 0.0010600 seconds, Stopping threads took: 0.0002060 seconds
48.181: Application time: 0.0446340 seconds
48.181: [GC [PSYoungGen: 20629K->1920K(21504K)] 50437K->31728K(69120K), 0.0007950 secs] [Times: user=0.00 sys=0.00, real=0.00 secs] 
48.182: Total time for which application threads were stopped: 0.0009500 seconds, Stopping threads took: 0.0000850 seconds
48.226: Application time: 0.0438730 seconds
48.226: [GC [PSYoungGen: 20533K->2496K(21504K)] 50341K->32312K(69120K), 0.0009290 secs] [Times: user=0.00 sys=0.00, real=0.00 secs] 
48.227: Total time for which application threads were stopped: 0.0010750 seconds, Stopping threads took: 0.0000730 seconds
48.271: Application time: 0.0445030 seconds
48.271: [GC [PSYoungGen: 21115K->1920K(21504K)] 50931K->31744K(69120K), 0.0008210 secs] [Times: user=0.00 sys=0.00, real=0.00 secs] 
48.272: Total time for which application threads were stopped: 0.0009750 seconds, Stopping threads took: 0.0000740 seconds
48.315: Application time: 0.0429720 seconds
48.315: [GC [PSYoungGen: 20448K->2512K(21504K)] 50272K->32848K(69120K), 0.0011100 secs] [Times: user=0.00 sys=0.00, real=0.01 secs] 
48.316: Total time for which application threads were stopped: 0.0012540 seconds, Stopping threads took: 0.0000730 seconds
48.361: Application time: 0.0445140 seconds
48.361: [GC [PSYoungGen: 21051K->2528K(21504K)] 51387K->32864K(69120K), 0.0009600 secs] [Times: user=0.00 sys=0.00, real=0.00 secs] 
48.362: Total time for which application threads were stopped: 0.0011000 seconds, Stopping threads took: 0.0000690 seconds
48.408: Application time: 0.0459470 seconds
48.408: [GC [PSYoungGen: 21064K->2480K(21504K)] 51401K->32816K(69120K), 0.0010080 secs] [Times: user=0.01 sys=0.00, real=0.00 secs] 
48.409: Total time for which application threads were stopped: 0.0011500 seconds, Stopping threads took: 0.0000690 seconds
48.456: Application time: 0.0467240 seconds
48.456: [GC [PSYoungGen: 21027K->352K(21504K)] 51363K->30688K(69120K), 0.0004330 secs] [Times: user=0.01 sys=0.00, real=0.01 secs] 
48.456: Total time for which application threads were stopped: 0.0005550 seconds, Stopping threads took: 0.0000580 seconds
48.499: Application time: 0.0422210 seconds
48.499: [GC [PSYoungGen: 18872K->2480K(21504K)] 49208K->32816K(69120K), 0.0009720 secs] [Times: user=0.01 sys=0.00, real=0.00 secs] 
48.500: Total time for which application threads were stopped: 0.0011320 seconds, Stopping threads took: 0.0000760 seconds
48.545: Application time: 0.0450700 seconds
48.545: [GC [PSYoungGen: 21019K->1888K(21504K)] 51355K->32224K(69120K), 0.0008260 secs] [Times: user=0.01 sys=0.00, real=0.00 secs] 
48.546: Total time for which application threads were stopped: 0.0009720 seconds, Stopping threads took: 0.0000750 seconds
48.589: Application time: 0.0433220 seconds
48.589: [GC [PSYoungGen: 20499K->1936K(21504K)] 50835K->32272K(69120K), 0.0007690 secs] [Times: user=0.01 sys=0.00, real=0.00 secs] 
48.590: Total time for which application threads were stopped: 0.0009040 seconds, Stopping threads took: 0.0000700 seconds
48.635: Application time: 0.0446960 seconds
48.635: [GC [PSYoungGen: 20633K->1920K(21504K)] 50969K->32264K(69120K), 0.0007900 secs] [Times: user=0.01 sys=0.00, real=0.00 secs] 
48.636: Total time for which application threads were stopped: 0.0009290 seconds, Stopping threads took: 0.0000720 seconds
48.678: Application time: 0.0426900 seconds
48.678: [GC [PSYoungGen: 20440K->2512K(21504K)] 50784K->34400K(69120K), 0.0014300 secs] [Times: user=0.01 sys=0.00, real=0.00 secs] 
48.680: Total time for which application threads were stopped: 0.0015830 seconds, Stopping threads took: 0.0000750 seconds
48.725: Application time: 0.0453420 seconds
48.725: [GC [PSYoungGen: 21051K->2448K(21504K)] 52939K->34336K(69120K), 0.0009560 secs] [Times: user=0.00 sys=0.00, real=0.00 secs] 
48.726: Total time for which application threads were stopped: 0.0011300 seconds, Stopping threads took: 0.0001030 seconds
48.772: Application time: 0.0459380 seconds
48.772: [GC [PSYoungGen: 21071K->1424K(21504K)] 52959K->33320K(69120K), 0.0006350 secs] [Times: user=0.01 sys=0.00, real=0.00 secs] 
48.773: Total time for which application threads were stopped: 0.0007780 seconds, Stopping threads took: 0.0000670 seconds
48.817: Application time: 0.0442310 seconds
48.817: [GC [PSYoungGen: 20035K->1920K(21504K)] 51931K->33816K(69120K), 0.0007730 secs] [Times: user=0.00 sys=0.00, real=0.00 secs] 
48.818: Total time for which application threads were stopped: 0.0009190 seconds, Stopping threads took: 0.0000760 seconds
48.861: Application time: 0.0424590 seconds
48.861: [GC [PSYoungGen: 20607K->2528K(21504K)] 52503K->34944K(69120K), 0.0011080 secs] [Times: user=0.01 sys=0.00, real=0.00 secs] 
48.862: Total time for which application threads were stopped: 0.0012510 seconds, Stopping threads took: 0.0000700 seconds
48.908: Application time: 0.0465130 seconds
48.909: [GC [PSYoungGen: 21151K->1424K(21504K)] 53567K->33848K(69120K), 0.0006810 secs] [Times: user=0.00 sys=0.00, real=0.00 secs] 
48.909: Total time for which application threads were stopped: 0.0008130 seconds, Stopping threads took: 0.0000690 seconds
48.951: Application time: 0.0413890 seconds
48.951: [GC [PSYoungGen: 19948K->2512K(21504K)] 52372K->35456K(69120K), 0.0011210 secs] [Times: user=0.01 sys=0.00, real=0.00 secs] 
48.952: Total time for which application threads were stopped: 0.0012640 seconds, Stopping threads took: 0.0000690 seconds
48.999: Application time: 0.0469250 seconds
48.999: [GC [PSYoungGen: 21055K->1424K(21504K)] 53999K->34368K(69120K), 0.0006480 secs] [Times: user=0.00 sys=0.00, real=0.00 secs] 
49.000: Total time for which application threads were stopped: 0.0007980 seconds, Stopping threads took: 0.0000840 seconds
49.041: Application time: 0.0414610 seconds
49.041: [GC [PSYoungGen: 19944K->2528K(21504K)] 52888K->36496K(69120K), 0.0013030 secs] [Times: user=0.01 sys=0.00, real=0.00 secs] 
49.043: Total time for which application threads were stopped: 0.0014520 seconds, Stopping threads took: 0.0000720 seconds
49.089: Application time: 0.0464270 seconds
49.089: [GC [PSYoungGen: 21071K->1888K(21504K)] 55039K->35856K(69120K), 0.0008040 secs] [Times: user=0.00 sys=0.00, real=0.00 secs] 
49.090: Total time for which application threads were stopped: 0.0009340 seconds, Stopping threads took: 0.0000610 seconds
49.134: Application time: 0.0439820 seconds
49.134: [GC [PSYoungGen: 20416K->2512K(21504K)] 54385K->36992K(69120K), 0.0011320 secs] [Times: user=0.01 sys=0.00, real=0.00 secs] 
49.135: Total time for which application threads were stopped: 0.0013070 seconds, Stopping threads took: 0.0000940 seconds
49.180: Application time: 0.0445580 seconds
49.180: [GC [PSYoungGen: 21051K->2464K(21504K)] 55531K->36944K(69120K), 0.0010200 secs] [Times: user=0.01 sys=0.00, real=0.00 secs] 
49.181: Total time for which application threads were stopped: 0.0011680 seconds, Stopping threads took: 0.0000740 seconds
49.225: Application time: 0.0444290 seconds
49.225: [GC [PSYoungGen: 21083K->1952K(21504K)] 55563K->36432K(69120K), 0.0008010 secs] [Times: user=0.01 sys=0.00, real=0.00 secs] 
49.226: Total time for which application threads were stopped: 0.0009370 seconds, Stopping threads took: 0.0000690 seconds
49.270: Application time: 0.0439860 seconds
49.270: [GC [PSYoungGen: 20484K->1920K(21504K)] 54965K->36408K(69120K), 0.0008140 secs] [Times: user=0.01 sys=0.00, real=0.00 secs] 
49.271: Total time for which application threads were stopped: 0.0010030 seconds, Stopping threads took: 0.0001230 seconds
49.316: Application time: 0.0444090 seconds
49.316: [GC [PSYoungGen: 20617K->1952K(21504K)] 55105K->36456K(69120K), 0.0007830 secs] [Times: user=0.01 sys=0.00, real=0.01 secs] 
49.317: Total time for which application threads were stopped: 0.0009250 seconds, Stopping threads took: 0.0000650 seconds
49.361: Application time: 0.0445080 seconds
49.361: [GC [PSYoungGen: 20480K->2496K(21504K)] 54985K->37512K(69120K), 0.0011300 secs] [Times: user=0.01 sys=0.00, real=0.00 secs] 
49.362: Total time for which application threads were stopped: 0.0012930 seconds, Stopping threads took: 0.0000890 seconds
49.407: Application time: 0.0448670 seconds
49.407: [GC [PSYoungGen: 21111K->2496K(21504K)] 56127K->37512K(69120K), 0.0010180 secs] [Times: user=0.00 sys=0.00, real=0.00 secs] 
49.408: Total time for which application threads were stopped: 0.0011720 seconds, Stopping threads took: 0.0000850 seconds
49.453: Application time: 0.0442390 seconds
49.453: [GC [PSYoungGen: 21028K->2512K(21504K)] 56045K->38048K(69120K), 0.0011190 secs] [Times: user=0.00 sys=0.00, real=0.00 secs] 
49.454: Total time for which application threads were stopped: 0.0012510 seconds, Stopping threads took: 0.0000600 seconds
49.500: Application time: 0.0456940 seconds
49.500: [GC [PSYoungGen: 21291K->1408K(21504K)] 56828K->36952K(69120K), 0.0006490 secs] [Times: user=0.00 sys=0.00, real=0.00 secs] 
49.500: Total time for which application threads were stopped: 0.0007770 seconds, Stopping threads took: 0.0000640 seconds
49.544: Application time: 0.0431680 seconds
49.544: [GC [PSYoungGen: 20016K->2480K(21504K)] 55561K->38032K(69120K), 0.0009910 secs] [Times: user=0.00 sys=0.00, real=0.01 secs] 
49.545: Total time for which application threads were stopped: 0.0011330 seconds, Stopping threads took: 0.0000710 seconds
49.591: Application time: 0.0463960 seconds
49.591: [GC [PSYoungGen: 21023K->1408K(21504K)] 56575K->36968K(69120K), 0.0006830 secs] [Times: user=0.01 sys=0.00, real=0.00 secs] 
49.592: Total time for which application threads were stopped: 0.0008100 seconds, Stopping threads took: 0.0000580 seconds
49.634: Application time: 0.0420890 seconds
49.634: [GC [PSYoungGen: 19932K->2400K(21504K)] 55493K->38472K(69120K), 0.0011790 secs] [Times: user=0.01 sys=0.00, real=0.00 secs] 
49.635: Total time for which application threads were stopped: 0.0013220 seconds, Stopping threads took: 0.0000710 seconds
49.682: Application time: 0.0464680 seconds
49.682: [GC [PSYoungGen: 20945K->1408K(21504K)] 57017K->37480K(69120K), 0.0006810 secs] [Times: user=0.00 sys=0.00, real=0.00 secs] 
49.683: Total time for which application threads were stopped: 0.0008090 seconds, Stopping threads took: 0.0000610 seconds
49.726: Application time: 0.0428640 seconds
49.726: [GC [PSYoungGen: 19932K->2512K(21504K)] 56005K->39096K(69120K), 0.0011060 secs] [Times: user=0.01 sys=0.00, real=0.00 secs] 
49.727: Total time for which application threads were stopped: 0.0012510 seconds, Stopping threads took: 0.0000720 seconds
49.774: Application time: 0.0470010 seconds
49.774: [GC [PSYoungGen: 21055K->1920K(21504K)] 57639K->38504K(69120K), 0.0008520 secs] [Times: user=0.00 sys=0.00, real=0.00 secs] 
49.775: Total time for which application threads were stopped: 0.0009880 seconds, Stopping threads took: 0.0000670 seconds
49.816: Application time: 0.0411540 seconds
49.816: [GC [PSYoungGen: 20448K->2480K(21504K)] 57033K->39576K(69120K), 0.0011400 secs] [Times: user=0.01 sys=0.00, real=0.00 secs] 
49.817: Total time for which application threads were stopped: 0.0013120 seconds, Stopping threads took: 0.0000790 seconds
49.865: Application time: 0.0482020 seconds
49.866: [GC [PSYoungGen: 21101K->1936K(21504K)] 58198K->39032K(69120K), 0.0009040 secs] [Times: user=0.01 sys=0.00, real=0.00 secs] 
49.866: Total time for which application threads were stopped: 0.0010470 seconds, Stopping threads took: 0.0000760 seconds
49.908: Application time: 0.0416780 seconds
49.908: [GC [PSYoungGen: 20464K->2496K(21504K)] 57561K->40112K(69120K), 0.0011470 secs] [Times: user=0.01 sys=0.00, real=0.00 secs] 
49.909: Total time for which application threads were stopped: 0.0012810 seconds, Stopping threads took: 0.0000610 seconds
49.956: Application time: 0.0467260 seconds
49.956: [GC [PSYoungGen: 21195K->1936K(21504K)] 58812K->39552K(69120K), 0.0008030 secs] [Times: user=0.01 sys=0.00, real=0.00 secs] 
49.957: Total time for which application threads were stopped: 0.0009330 seconds, Stopping threads took: 0.0000620 seconds
50.001: Application time: 0.0440810 seconds
50.001: [GC [PSYoungGen: 20468K->2464K(21504K)] 58085K->40088K(69120K), 0.0009710 secs] [Times: user=0.01 sys=0.00, real=0.00 secs] 
50.002: Total time for which application threads were stopped: 0.0010980 seconds, Stopping threads took: 0.0000580 seconds
50.047: Application time: 0.0446390 seconds
50.047: [GC [PSYoungGen: 21081K->1936K(21504K)] 58705K->39560K(69120K), 0.0008690 secs] [Times: user=0.01 sys=0.00, real=0.00 secs] 
50.048: Total time for which application threads were stopped: 0.0009960 seconds, Stopping threads took: 0.0000630 seconds
50.092: Application time: 0.0438210 seconds
50.092: [GC [PSYoungGen: 20468K->2448K(21504K)] 58093K->40080K(69120K), 0.0010300 secs] [Times: user=0.00 sys=0.00, real=0.00 secs] 
50.093: Total time for which application threads were stopped: 0.0012880 seconds, Stopping threads took: 0.0001880 seconds
50.139: Application time: 0.0456170 seconds
50.139: [GC [PSYoungGen: 21141K->2480K(21504K)] 58774K->40112K(69120K), 0.0010010 secs] [Times: user=0.01 sys=0.00, real=0.00 secs] 
50.140: Total time for which application threads were stopped: 0.0011410 seconds, Stopping threads took: 0.0000700 seconds
50.185: Application time: 0.0447140 seconds
50.185: [GC [PSYoungGen: 21179K->1392K(21504K)] 58812K->39032K(69120K), 0.0006830 secs] [Times: user=0.01 sys=0.00, real=0.00 secs] 
50.185: Total time for which application threads were stopped: 0.0008630 seconds, Stopping threads took: 0.0001120 seconds
50.228: Application time: 0.0429700 seconds
50.228: [GC [PSYoungGen: 19920K->2480K(21504K)] 57561K->40128K(69120K), 0.0009540 secs] [Times: user=0.01 sys=0.00, real=0.00 secs] 
50.229: Total time for which application threads were stopped: 0.0010880 seconds, Stopping threads took: 0.0000630 seconds
50.274: Application time: 0.0448230 seconds
50.274: [GC [PSYoungGen: 21023K->1424K(21504K)] 58671K->39072K(69120K), 0.0006730 secs] [Times: user=0.00 sys=0.00, real=0.00 secs] 
50.275: Total time for which application threads were stopped: 0.0007940 seconds, Stopping threads took: 0.0000550 seconds
50.319: Application time: 0.0435810 seconds
50.319: [GC [PSYoungGen: 19952K->2464K(21504K)] 57601K->40112K(69120K), 0.0009600 secs] [Times: user=0.00 sys=0.00, real=0.00 secs] 
50.320: Total time for which application threads were stopped: 0.0011140 seconds, Stopping threads took: 0.0000710 seconds
50.365: Application time: 0.0448120 seconds
50.365: [GC [PSYoungGen: 21001K->2464K(21504K)] 58649K->40112K(69120K), 0.0009860 secs] [Times: user=0.01 sys=0.00, real=0.00 secs] 
50.366: Total time for which application threads were stopped: 0.0011450 seconds, Stopping threads took: 0.0000780 seconds
50.410: Application time: 0.0447000 seconds
50.411: [GC [PSYoungGen: 21007K->1408K(21504K)] 58655K->39056K(69120K), 0.0006810 secs] [Times: user=0.00 sys=0.00, real=0.00 secs] 
50.411: Total time for which application threads were stopped: 0.0008160 seconds, Stopping threads took: 0.0000670 seconds
50.454: Application time: 0.0424150 seconds
50.454: [GC [PSYoungGen: 19932K->2432K(21504K)] 57581K->40592K(69120K), 0.0011520 secs] [Times: user=0.01 sys=0.00, real=0.00 secs] 
50.455: Total time for which application threads were stopped: 0.0012850 seconds, Stopping threads took: 0.0000610 seconds
50.502: Application time: 0.0467790 seconds
50.502: [GC [PSYoungGen: 21055K->1424K(21504K)] 59215K->39584K(69120K), 0.0006960 secs] [Times: user=0.00 sys=0.00, real=0.00 secs] 
50.503: Total time for which application threads were stopped: 0.0008400 seconds, Stopping threads took: 0.0000770 seconds
50.545: Application time: 0.0420050 seconds
50.545: [GC [PSYoungGen: 19942K->2512K(21504K)] 58103K->41704K(69120K), 0.0012900 secs] [Times: user=0.01 sys=0.00, real=0.00 secs] 
50.546: Total time for which application threads were stopped: 0.0014350 seconds, Stopping threads took: 0.0000680 seconds
50.593: Application time: 0.0467720 seconds
50.593: [GC [PSYoungGen: 21137K->1376K(21504K)] 60330K->40568K(69120K), 0.0006830 secs] [Times: user=0.00 sys=0.00, real=0.00 secs] 
50.594: Total time for which application threads were stopped: 0.0008130 seconds, Stopping threads took: 0.0000650 seconds
50.635: Application time: 0.0418330 seconds
50.636: [GC [PSYoungGen: 19974K->2496K(21504K)] 59167K->42720K(69120K), 0.0013610 secs] [Times: user=0.01 sys=0.00, real=0.01 secs] 
50.637: Total time for which application threads were stopped: 0.0015080 seconds, Stopping threads took: 0.0000700 seconds
50.682: Application time: 0.0448210 seconds
50.682: [GC [PSYoungGen: 21115K->2480K(21504K)] 61340K->42704K(69120K), 0.0009630 secs] [Times: user=0.01 sys=0.00, real=0.00 secs] 
50.683: Total time for which application threads were stopped: 0.0011120 seconds, Stopping threads took: 0.0000790 seconds
50.730: Application time: 0.0468600 seconds
50.730: [GC [PSYoungGen: 21021K->1440K(21504K)] 61245K->41672K(69120K), 0.0007100 secs] [Times: user=0.00 sys=0.00, real=0.00 secs] 
50.731: Total time for which application threads were stopped: 0.0008510 seconds, Stopping threads took: 0.0000700 seconds
50.772: Application time: 0.0416620 seconds
50.772: [GC [PSYoungGen: 20120K->2496K(21504K)] 60353K->43240K(69120K), 0.0011120 secs] [Times: user=0.00 sys=0.00, real=0.00 secs] 
50.774: Total time for which application threads were stopped: 0.0012470 seconds, Stopping threads took: 0.0000660 seconds
50.820: Application time: 0.0461090 seconds
50.820: [GC [PSYoungGen: 21195K->1952K(21504K)] 61940K->42704K(69120K), 0.0008090 secs] [Times: user=0.01 sys=0.00, real=0.00 secs] 
50.821: Total time for which application threads were stopped: 0.0009580 seconds, Stopping threads took: 0.0000690 seconds
50.865: Application time: 0.0442180 seconds
50.865: [GC [PSYoungGen: 20488K->1936K(21504K)] 61241K->42696K(69120K), 0.0008050 secs] [Times: user=0.00 sys=0.00, real=0.00 secs] 
50.866: Total time for which application threads were stopped: 0.0009350 seconds, Stopping threads took: 0.0000640 seconds
50.908: Application time: 0.0425370 seconds
50.908: [GC [PSYoungGen: 20468K->2480K(21504K)] 61229K->43240K(69120K), 0.0009790 secs] [Times: user=0.00 sys=0.00, real=0.00 secs] 
50.909: Total time for which application threads were stopped: 0.0011150 seconds, Stopping threads took: 0.0000670 seconds
50.956: Application time: 0.0464960 seconds
50.956: [GC [PSYoungGen: 21023K->1408K(21504K)] 61783K->42168K(69120K), 0.0006850 secs] [Times: user=0.00 sys=0.00, real=0.01 secs] 
50.957: Total time for which application threads were stopped: 0.0008150 seconds, Stopping threads took: 0.0000680 seconds
50.997: Application time: 0.0402030 seconds
50.997: [GC [PSYoungGen: 19932K->2480K(21504K)] 60693K->43752K(69120K), 0.0011330 secs] [Times: user=0.01 sys=0.00, real=0.00 secs] 
50.998: Total time for which application threads were stopped: 0.0013770 seconds, Stopping threads took: 0.0001690 seconds
51.047: Application time: 0.0487350 seconds
51.047: [GC [PSYoungGen: 21025K->1424K(21504K)] 62297K->42696K(69120K), 0.0006950 secs] [Times: user=0.01 sys=0.00, real=0.00 secs] 
51.048: Total time for which application threads were stopped: 0.0008310 seconds, Stopping threads took: 0.0000690 seconds
51.091: Application time: 0.0427640 seconds
51.091: [GC [PSYoungGen: 19952K->2480K(21504K)] 61225K->43752K(69120K), 0.0010060 secs] [Times: user=0.01 sys=0.00, real=0.00 secs] 
51.092: Total time for which application threads were stopped: 0.0011480 seconds, Stopping threads took: 0.0000700 seconds
51.138: Application time: 0.0461880 seconds
51.138: [GC [PSYoungGen: 21099K->1936K(21504K)] 62371K->43208K(69120K), 0.0008330 secs] [Times: user=0.00 sys=0.00, real=0.00 secs] 
51.139: Total time for which application threads were stopped: 0.0009700 seconds, Stopping threads took: 0.0000680 seconds
51.182: Application time: 0.0426280 seconds
51.182: [GC [PSYoungGen: 20468K->2480K(21504K)] 61741K->43760K(69120K), 0.0009460 secs] [Times: user=0.00 sys=0.00, real=0.00 secs] 
51.183: Total time for which application threads were stopped: 0.0010910 seconds, Stopping threads took: 0.0000760 seconds
51.229: Application time: 0.0462930 seconds
51.229: [GC [PSYoungGen: 21101K->1408K(21504K)] 62382K->42688K(69120K), 0.0007030 secs] [Times: user=0.01 sys=0.00, real=0.00 secs] 
51.230: Total time for which application threads were stopped: 0.0009330 seconds, Stopping threads took: 0.0001630 seconds
51.272: Application time: 0.0425440 seconds
51.273: [GC [PSYoungGen: 20015K->2480K(21504K)] 61295K->43768K(69120K), 0.0009640 secs] [Times: user=0.00 sys=0.00, real=0.00 secs] 
51.274: Total time for which application threads were stopped: 0.0011110 seconds, Stopping threads took: 0.0000730 seconds
51.319: Application time: 0.0454820 seconds
51.319: [GC [PSYoungGen: 21099K->1952K(21504K)] 62388K->43248K(69120K), 0.0008290 secs] [Times: user=0.01 sys=0.00, real=0.00 secs] 
51.320: Total time for which application threads were stopped: 0.0009630 seconds, Stopping threads took: 0.0000690 seconds
51.363: Application time: 0.0429310 seconds
51.363: [GC [PSYoungGen: 20484K->2480K(21504K)] 61781K->43784K(69120K), 0.0009470 secs] [Times: user=0.00 sys=0.00, real=0.00 secs] 
51.364: Total time for which application threads were stopped: 0.0011030 seconds, Stopping threads took: 0.0000730 seconds
51.409: Application time: 0.0445410 seconds
51.409: [GC [PSYoungGen: 21175K->1952K(21504K)] 62480K->43256K(69120K), 0.0008140 secs] [Times: user=0.01 sys=0.00, real=0.00 secs] 
51.410: Total time for which application threads were stopped: 0.0010190 seconds, Stopping threads took: 0.0001420 seconds
51.453: Application time: 0.0433750 seconds
51.453: [GC [PSYoungGen: 20565K->2480K(21504K)] 61869K->43792K(69120K), 0.0009890 secs] [Times: user=0.00 sys=0.00, real=0.00 secs] 
51.454: Total time for which application threads were stopped: 0.0011260 seconds, Stopping threads took: 0.0000660 seconds
51.499: Application time: 0.0445970 seconds
51.499: [GC [PSYoungGen: 21099K->1936K(21504K)] 62412K->43256K(69120K), 0.0008080 secs] [Times: user=0.00 sys=0.00, real=0.00 secs] 
51.500: Total time for which application threads were stopped: 0.0009420 seconds, Stopping threads took: 0.0000670 seconds
51.542: Application time: 0.0422660 seconds
51.542: [GC [PSYoungGen: 20464K->2512K(21504K)] 61785K->44344K(69120K), 0.0011390 secs] [Times: user=0.01 sys=0.00, real=0.00 secs] 
51.543: Total time for which application threads were stopped: 0.0012790 seconds, Stopping threads took: 0.0000670 seconds
51.588: Application time: 0.0443890 seconds
51.588: [GC [PSYoungGen: 21051K->2464K(21504K)] 62883K->44296K(69120K), 0.0009970 secs] [Times: user=0.01 sys=0.00, real=0.00 secs] 
51.589: Total time for which application threads were stopped: 0.0011590 seconds, Stopping threads took: 0.0000860 seconds
51.633: Application time: 0.0443850 seconds
51.633: [GC [PSYoungGen: 21001K->2480K(21504K)] 62833K->44312K(69120K), 0.0009780 secs] [Times: user=0.00 sys=0.00, real=0.00 secs] 
51.634: Total time for which application threads were stopped: 0.0011200 seconds, Stopping threads took: 0.0000750 seconds
51.679: Application time: 0.0444780 seconds
51.679: [GC [PSYoungGen: 21021K->1920K(21504K)] 62853K->43752K(69120K), 0.0008030 secs] [Times: user=0.00 sys=0.00, real=0.00 secs] 
51.680: Total time for which application threads were stopped: 0.0009350 seconds, Stopping threads took: 0.0000610 seconds
51.725: Application time: 0.0455160 seconds
51.725: [GC [PSYoungGen: 20461K->864K(21504K)] 62293K->42696K(69120K), 0.0005520 secs] [Times: user=0.00 sys=0.00, real=0.00 secs] 
51.726: Total time for which application threads were stopped: 0.0006700 seconds, Stopping threads took: 0.0000560 seconds
51.768: Application time: 0.0423280 seconds
51.768: [GC [PSYoungGen: 19466K->2496K(21504K)] 61299K->44328K(69120K), 0.0009900 secs] [Times: user=0.00 sys=0.00, real=0.00 secs] 
51.769: Total time for which application threads were stopped: 0.0011230 seconds, Stopping threads took: 0.0000640 seconds
51.813: Application time: 0.0440670 seconds
51.814: [GC [PSYoungGen: 21035K->1904K(21504K)] 62867K->43744K(69120K), 0.0009330 secs] [Times: user=0.00 sys=0.00, real=0.00 secs] 
51.815: Total time for which application threads were stopped: 0.0011440 seconds, Stopping threads took: 0.0001470 seconds
51.859: Application time: 0.0439830 seconds
51.859: [GC [PSYoungGen: 20519K->1936K(21504K)] 62359K->43776K(69120K), 0.0008230 secs] [Times: user=0.01 sys=0.00, real=0.00 secs] 
51.859: Total time for which application threads were stopped: 0.0009500 seconds, Stopping threads took: 0.0000610 seconds
51.904: Application time: 0.0443910 seconds
51.904: [GC [PSYoungGen: 20472K->1968K(21504K)] 62313K->43816K(69120K), 0.0008670 secs] [Times: user=0.00 sys=0.00, real=0.01 secs] 
51.905: Total time for which application threads were stopped: 0.0010080 seconds, Stopping threads took: 0.0000610 seconds
51.948: Application time: 0.0434830 seconds
51.948: [GC [PSYoungGen: 20657K->2480K(21504K)] 62506K->44336K(69120K), 0.0009620 secs] [Times: user=0.00 sys=0.00, real=0.00 secs] 
51.949: Total time for which application threads were stopped: 0.0011050 seconds, Stopping threads took: 0.0000760 seconds
51.993: Application time: 0.0439960 seconds
51.994: [GC [PSYoungGen: 21021K->1952K(21504K)] 62877K->43816K(69120K), 0.0008340 secs] [Times: user=0.00 sys=0.00, real=0.00 secs] 
51.994: Total time for which application threads were stopped: 0.0009730 seconds, Stopping threads took: 0.0000660 seconds
52.038: Application time: 0.0436520 seconds
52.038: [GC [PSYoungGen: 20558K->2464K(21504K)] 62423K->44328K(69120K), 0.0009440 secs] [Times: user=0.00 sys=0.00, real=0.00 secs] 
52.039: Total time for which application threads were stopped: 0.0011420 seconds, Stopping threads took: 0.0001280 seconds
52.084: Application time: 0.0443750 seconds
52.084: [GC [PSYoungGen: 21159K->2496K(21504K)] 63024K->44368K(69120K), 0.0009970 secs] [Times: user=0.01 sys=0.00, real=0.01 secs] 
52.085: Total time for which application threads were stopped: 0.0011440 seconds, Stopping threads took: 0.0000720 seconds
52.129: Application time: 0.0443150 seconds
52.129: [GC [PSYoungGen: 21111K->2480K(21504K)] 62983K->44360K(69120K), 0.0009590 secs] [Times: user=0.01 sys=0.00, real=0.00 secs] 
52.130: Total time for which application threads were stopped: 0.0011000 seconds, Stopping threads took: 0.0000670 seconds
52.175: Application time: 0.0446850 seconds
52.175: [GC [PSYoungGen: 21023K->1392K(21504K)] 62903K->43280K(69120K), 0.0006990 secs] [Times: user=0.01 sys=0.00, real=0.00 secs] 
52.176: Total time for which application threads were stopped: 0.0008370 seconds, Stopping threads took: 0.0000710 seconds
52.218: Application time: 0.0427230 seconds
52.219: [GC [PSYoungGen: 19920K->2496K(21504K)] 61809K->44384K(69120K), 0.0009780 secs] [Times: user=0.01 sys=0.00, real=0.00 secs] 
52.220: Total time for which application threads were stopped: 0.0011300 seconds, Stopping threads took: 0.0000710 seconds
52.264: Application time: 0.0442900 seconds
52.264: [GC [PSYoungGen: 21039K->1424K(21504K)] 62927K->43312K(69120K), 0.0006700 secs] [Times: user=0.00 sys=0.00, real=0.00 secs] 
52.265: Total time for which application threads were stopped: 0.0009010 seconds, Stopping threads took: 0.0001640 seconds
52.309: Application time: 0.0439490 seconds
52.309: [GC [PSYoungGen: 19952K->2448K(21504K)] 61841K->44336K(69120K), 0.0009970 secs] [Times: user=0.00 sys=0.00, real=0.00 secs] 
52.310: Total time for which application threads were stopped: 0.0011380 seconds, Stopping threads took: 0.0000680 seconds
52.355: Application time: 0.0449150 seconds
52.356: [GC [PSYoungGen: 20993K->832K(21504K)] 62881K->42720K(69120K), 0.0006020 secs] [Times: user=0.01 sys=0.00, real=0.00 secs] 
52.357: Total time for which application threads were stopped: 0.0019830 seconds, Stopping threads took: 0.0013120 seconds
52.401: Application time: 0.0438880 seconds
52.401: [GC [PSYoungGen: 19436K->2496K(21504K)] 61325K->44384K(69120K), 0.0009550 secs] [Times: user=0.00 sys=0.00, real=0.00 secs] 
52.402: Total time for which application threads were stopped: 0.0010960 seconds, Stopping threads took: 0.0000720 seconds
52.447: Application time: 0.0449580 seconds
52.447: [GC [PSYoungGen: 21035K->1952K(21504K)] 62923K->43848K(69120K), 0.0008230 secs] [Times: user=0.01 sys=0.00, real=0.00 secs] 
52.448: Total time for which application threads were stopped: 0.0010260 seconds, Stopping threads took: 0.0001240 seconds
52.491: Application time: 0.0435730 seconds
52.491: [GC [PSYoungGen: 20486K->1968K(21504K)] 62383K->43864K(69120K), 0.0008470 secs] [Times: user=0.00 sys=0.00, real=0.00 secs] 
52.492: Total time for which application threads were stopped: 0.0010080 seconds, Stopping threads took: 0.0000930 seconds
52.535: Application time: 0.0431440 seconds
52.536: [GC [PSYoungGen: 20575K->2496K(21504K)] 62471K->44400K(69120K), 0.0009940 secs] [Times: user=0.00 sys=0.00, real=0.01 secs] 
52.537: Total time for which application threads were stopped: 0.0011450 seconds, Stopping threads took: 0.0000820 seconds
52.581: Application time: 0.0446170 seconds
52.581: [GC [PSYoungGen: 21193K->2480K(21504K)] 63098K->44384K(69120K), 0.0009750 secs] [Times: user=0.01 sys=0.00, real=0.00 secs] 
52.582: Total time for which application threads were stopped: 0.0011160 seconds, Stopping threads took: 0.0000720 seconds
52.629: Application time: 0.0463010 seconds
52.629: [GC [PSYoungGen: 21021K->1936K(21504K)] 62925K->43848K(69120K), 0.0008410 secs] [Times: user=0.00 sys=0.00, real=0.00 secs] 
52.630: Total time for which application threads were stopped: 0.0009840 seconds, Stopping threads took: 0.0000730 seconds
52.672: Application time: 0.0422600 seconds
52.672: [GC [PSYoungGen: 20468K->2480K(21504K)] 62381K->44392K(69120K), 0.0010480 secs] [Times: user=0.00 sys=0.00, real=0.00 secs] 
52.673: Total time for which application threads were stopped: 0.0011900 seconds, Stopping threads took: 0.0000740 seconds
52.719: Application time: 0.0454530 seconds
52.719: [GC [PSYoungGen: 21251K->2480K(21504K)] 63164K->44400K(69120K), 0.0009600 secs] [Times: user=0.01 sys=0.00, real=0.00 secs] 
52.720: Total time for which application threads were stopped: 0.0010830 seconds, Stopping threads took: 0.0000540 seconds
52.765: Application time: 0.0456650 seconds
52.765: [GC [PSYoungGen: 21099K->1920K(21504K)] 63020K->43848K(69120K), 0.0008420 secs] [Times: user=0.00 sys=0.00, real=0.00 secs] 
52.766: Total time for which application threads were stopped: 0.0009760 seconds, Stopping threads took: 0.0000670 seconds
52.809: Application time: 0.0424080 seconds
52.809: [GC [PSYoungGen: 20452K->2480K(21504K)] 62381K->44416K(69120K), 0.0009500 secs] [Times: user=0.00 sys=0.00, real=0.00 secs] 
52.810: Total time for which application threads were stopped: 0.0010850 seconds, Stopping threads took: 0.0000680 seconds
52.854: Application time: 0.0444480 seconds
52.854: [GC [PSYoungGen: 21021K->1936K(21504K)] 62957K->43872K(69120K), 0.0008620 secs] [Times: user=0.00 sys=0.00, real=0.00 secs] 
52.855: Total time for which application threads were stopped: 0.0010270 seconds, Stopping threads took: 0.0000970 seconds
52.900: Application time: 0.0446310 seconds
52.900: [GC [PSYoungGen: 20472K->1888K(21504K)] 62409K->43824K(69120K), 0.0008160 secs] [Times: user=0.01 sys=0.00, real=0.00 secs] 
52.901: Total time for which application threads were stopped: 0.0009410 seconds, Stopping threads took: 0.0000610 seconds
52.945: Application time: 0.0437900 seconds
52.945: [GC [PSYoungGen: 20420K->1936K(21504K)] 62357K->43872K(69120K), 0.0008700 secs] [Times: user=0.00 sys=0.00, real=0.00 secs] 
52.946: Total time for which application threads were stopped: 0.0010280 seconds, Stopping threads took: 0.0000890 seconds
52.990: Application time: 0.0447450 seconds
52.990: [GC [PSYoungGen: 20477K->1952K(21504K)] 62413K->43888K(69120K), 0.0008050 secs] [Times: user=0.00 sys=0.00, real=0.00 secs] 
52.991: Total time for which application threads were stopped: 0.0009490 seconds, Stopping threads took: 0.0000720 seconds
53.035: Application time: 0.0441600 seconds
53.036: [GC [PSYoungGen: 20488K->1952K(21504K)] 62425K->43888K(69120K), 0.0008130 secs] [Times: user=0.00 sys=0.00, real=0.01 secs] 
53.036: Total time for which application threads were stopped: 0.0009960 seconds, Stopping threads took: 0.0001160 seconds
53.080: Application time: 0.0439590 seconds
53.081: [GC [PSYoungGen: 20563K->2480K(21504K)] 62499K->44424K(69120K), 0.0009700 secs] [Times: user=0.00 sys=0.00, real=0.00 secs] 
53.082: Total time for which application threads were stopped: 0.0011080 seconds, Stopping threads took: 0.0000700 seconds
53.127: Application time: 0.0451770 seconds
53.127: [GC [PSYoungGen: 21017K->2480K(21504K)] 62961K->44424K(69120K), 0.0009830 secs] [Times: user=0.00 sys=0.00, real=0.00 secs] 
53.128: Total time for which application threads were stopped: 0.0011270 seconds, Stopping threads took: 0.0000730 seconds
53.173: Application time: 0.0447660 seconds
53.173: [GC [PSYoungGen: 21099K->1936K(21504K)] 63044K->43880K(69120K), 0.0008040 secs] [Times: user=0.01 sys=0.00, real=0.00 secs] 
53.174: Total time for which application threads were stopped: 0.0009430 seconds, Stopping threads took: 0.0000750 seconds
53.218: Application time: 0.0444940 seconds
53.218: [GC [PSYoungGen: 20629K->1920K(21504K)] 62574K->43872K(69120K), 0.0007960 secs] [Times: user=0.00 sys=0.00, real=0.00 secs] 
53.219: Total time for which application threads were stopped: 0.0009340 seconds, Stopping threads took: 0.0000710 seconds
53.262: Application time: 0.0428300 seconds
53.262: [GC [PSYoungGen: 20444K->2496K(21504K)] 62397K->44976K(69120K), 0.0011140 secs] [Times: user=0.00 sys=0.00, real=0.00 secs] 
53.263: Total time for which application threads were stopped: 0.0012850 seconds, Stopping threads took: 0.0000980 seconds
53.310: Application time: 0.0473120 seconds
53.311: [GC [PSYoungGen: 21043K->1392K(21504K)] 63524K->43872K(69120K), 0.0007810 secs] [Times: user=0.01 sys=0.00, real=0.00 secs] 
53.311: Total time for which application threads were stopped: 0.0009100 seconds, Stopping threads took: 0.0000620 seconds
53.353: Application time: 0.0420740 seconds
53.354: [GC [PSYoungGen: 20153K->2496K(21504K)] 62634K->45488K(69120K), 0.0011470 secs] [Times: user=0.01 sys=0.00, real=0.00 secs] 
53.355: Total time for which application threads were stopped: 0.0013310 seconds, Stopping threads took: 0.0001130 seconds
53.400: Application time: 0.0456760 seconds
53.401: [GC [PSYoungGen: 21037K->1936K(21504K)] 64029K->44936K(69120K), 0.0008500 secs] [Times: user=0.01 sys=0.00, real=0.00 secs] 
53.401: Total time for which application threads were stopped: 0.0009810 seconds, Stopping threads took: 0.0000610 seconds
53.446: Application time: 0.0448040 seconds
53.446: [GC [PSYoungGen: 20549K->1904K(21504K)] 63549K->44912K(69120K), 0.0008040 secs] [Times: user=0.00 sys=0.00, real=0.00 secs] 
53.447: Total time for which application threads were stopped: 0.0010030 seconds, Stopping threads took: 0.0001330 seconds
53.491: Application time: 0.0442010 seconds
53.492: [GC [PSYoungGen: 20436K->2496K(21504K)] 63445K->45504K(69120K), 0.0010700 secs] [Times: user=0.00 sys=0.00, real=0.00 secs] 
53.493: Total time for which application threads were stopped: 0.0012320 seconds, Stopping threads took: 0.0000780 seconds
53.538: Application time: 0.0452140 seconds
53.538: [GC [PSYoungGen: 21030K->2480K(21504K)] 64039K->45488K(69120K), 0.0009680 secs] [Times: user=0.00 sys=0.00, real=0.00 secs] 
53.539: Total time for which application threads were stopped: 0.0011170 seconds, Stopping threads took: 0.0000770 seconds
53.584: Application time: 0.0449610 seconds
53.584: [GC [PSYoungGen: 21025K->896K(21504K)] 64033K->43904K(69120K), 0.0005380 secs] [Times: user=0.01 sys=0.00, real=0.00 secs] 
53.585: Total time for which application threads were stopped: 0.0007670 seconds, Stopping threads took: 0.0001650 seconds
53.627: Application time: 0.0423220 seconds
53.627: [GC [PSYoungGen: 19420K->2480K(21504K)] 62429K->45488K(69120K), 0.0009830 secs] [Times: user=0.00 sys=0.00, real=0.00 secs] 
53.628: Total time for which application threads were stopped: 0.0011500 seconds, Stopping threads took: 0.0000920 seconds
53.675: Application time: 0.0467240 seconds
53.675: [GC [PSYoungGen: 21025K->912K(21504K)] 64033K->43920K(69120K), 0.0005940 secs] [Times: user=0.00 sys=0.00, real=0.00 secs] 
53.676: Total time for which application threads were stopped: 0.0007300 seconds, Stopping threads took: 0.0000710 seconds
53.719: Application time: 0.0432640 seconds
53.719: [GC [PSYoungGen: 19514K->2464K(21504K)] 62523K->45472K(69120K), 0.0010260 secs] [Times: user=0.01 sys=0.00, real=0.00 secs] 
53.720: Total time for which application threads were stopped: 0.0011650 seconds, Stopping threads took: 0.0000640 seconds
53.766: Application time: 0.0454130 seconds
53.766: [GC [PSYoungGen: 21007K->1424K(21504K)] 64015K->44440K(69120K), 0.0006640 secs] [Times: user=0.01 sys=0.00, real=0.00 secs] 
53.766: Total time for which application threads were stopped: 0.0007940 seconds, Stopping threads took: 0.0000670 seconds
53.811: Application time: 0.0442860 seconds
53.811: [GC [PSYoungGen: 20028K->2512K(21504K)] 63045K->46040K(69120K), 0.0011280 secs] [Times: user=0.01 sys=0.00, real=0.00 secs] 
53.812: Total time for which application threads were stopped: 0.0012810 seconds, Stopping threads took: 0.0000780 seconds
53.857: Application time: 0.0451570 seconds
53.857: [GC [PSYoungGen: 21051K->2480K(21504K)] 64579K->46016K(69120K), 0.0010010 secs] [Times: user=0.01 sys=0.00, real=0.00 secs] 
53.858: Total time for which application threads were stopped: 0.0011650 seconds, Stopping threads took: 0.0000900 seconds
53.904: Application time: 0.0459200 seconds
53.904: [GC [PSYoungGen: 21181K->896K(21504K)] 64718K->44440K(69120K), 0.0005620 secs] [Times: user=0.00 sys=0.00, real=0.00 secs] 
53.905: Total time for which application threads were stopped: 0.0006960 seconds, Stopping threads took: 0.0000640 seconds
53.948: Application time: 0.0430540 seconds
53.948: [GC [PSYoungGen: 19420K->2496K(21504K)] 62965K->46040K(69120K), 0.0010050 secs] [Times: user=0.01 sys=0.00, real=0.00 secs] 
53.949: Total time for which application threads were stopped: 0.0011820 seconds, Stopping threads took: 0.0001010 seconds
53.995: Application time: 0.0462400 seconds
53.995: [GC [PSYoungGen: 21195K->1424K(21504K)] 64740K->44968K(69120K), 0.0006650 secs] [Times: user=0.00 sys=0.00, real=0.01 secs] 
53.996: Total time for which application threads were stopped: 0.0008030 seconds, Stopping threads took: 0.0000620 seconds
54.038: Application time: 0.0419400 seconds
54.038: [GC [PSYoungGen: 20028K->2464K(21504K)] 63573K->46016K(69120K), 0.0009690 secs] [Times: user=0.01 sys=0.00, real=0.00 secs] 
54.039: Total time for which application threads were stopped: 0.0011140 seconds, Stopping threads took: 0.0000740 seconds
54.085: Application time: 0.0462070 seconds
54.085: [GC [PSYoungGen: 21085K->1408K(21504K)] 64638K->44960K(69120K), 0.0006920 secs] [Times: user=0.00 sys=0.00, real=0.00 secs] 
54.086: Total time for which application threads were stopped: 0.0008380 seconds, Stopping threads took: 0.0000710 seconds
54.128: Application time: 0.0422730 seconds
54.129: [GC [PSYoungGen: 19932K->2480K(21504K)] 63485K->46552K(69120K), 0.0011260 secs] [Times: user=0.01 sys=0.00, real=0.00 secs] 
54.130: Total time for which application threads were stopped: 0.0012680 seconds, Stopping threads took: 0.0000680 seconds
54.176: Application time: 0.0458910 seconds
54.176: [GC [PSYoungGen: 21025K->1424K(21504K)] 65098K->45496K(69120K), 0.0007110 secs] [Times: user=0.00 sys=0.00, real=0.01 secs] 
54.177: Total time for which application threads were stopped: 0.0008450 seconds, Stopping threads took: 0.0000700 seconds
54.221: Application time: 0.0445440 seconds
54.221: [GC [PSYoungGen: 19956K->1936K(21504K)] 64029K->46008K(69120K), 0.0008050 secs] [Times: user=0.01 sys=0.00, real=0.00 secs] 
54.222: Total time for which application threads were stopped: 0.0009390 seconds, Stopping threads took: 0.0000680 seconds
54.267: Application time: 0.0446120 seconds
54.267: [GC [PSYoungGen: 20468K->2512K(21504K)] 64541K->46584K(69120K), 0.0009610 secs] [Times: user=0.01 sys=0.00, real=0.00 secs] 
54.268: Total time for which application threads were stopped: 0.0011070 seconds, Stopping threads took: 0.0000790 seconds
54.312: Application time: 0.0444530 seconds
54.312: [GC [PSYoungGen: 21053K->1936K(21504K)] 65125K->46008K(69120K), 0.0008260 secs] [Times: user=0.00 sys=0.00, real=0.00 secs] 
54.313: Total time for which application threads were stopped: 0.0009730 seconds, Stopping threads took: 0.0000780 seconds
54.357: Application time: 0.0443560 seconds
54.358: [GC [PSYoungGen: 20551K->1904K(21504K)] 64623K->45976K(69120K), 0.0008180 secs] [Times: user=0.00 sys=0.00, real=0.00 secs] 
54.358: Total time for which application threads were stopped: 0.0009550 seconds, Stopping threads took: 0.0000700 seconds
54.402: Application time: 0.0439170 seconds
54.403: [GC [PSYoungGen: 20436K->1920K(21504K)] 64509K->46000K(69120K), 0.0008440 secs] [Times: user=0.01 sys=0.00, real=0.00 secs] 
54.403: Total time for which application threads were stopped: 0.0010030 seconds, Stopping threads took: 0.0000870 seconds
54.447: Application time: 0.0440900 seconds
54.448: [GC [PSYoungGen: 20537K->2496K(21504K)] 64618K->46576K(69120K), 0.0009940 secs] [Times: user=0.00 sys=0.00, real=0.00 secs] 
54.449: Total time for which application threads were stopped: 0.0011250 seconds, Stopping threads took: 0.0000640 seconds
54.493: Application time: 0.0445430 seconds
54.493: [GC [PSYoungGen: 21037K->1424K(21504K)] 65117K->45520K(69120K), 0.0006800 secs] [Times: user=0.00 sys=0.00, real=0.00 secs] 
54.494: Total time for which application threads were stopped: 0.0008600 seconds, Stopping threads took: 0.0001120 seconds
54.538: Application time: 0.0444700 seconds
54.539: [GC [PSYoungGen: 20117K->1936K(21504K)] 64214K->46032K(69120K), 0.0008240 secs] [Times: user=0.00 sys=0.00, real=0.00 secs] 
54.539: Total time for which application threads were stopped: 0.0009910 seconds, Stopping threads took: 0.0000900 seconds
54.583: Application time: 0.0440140 seconds
54.584: [GC [PSYoungGen: 20472K->1968K(21504K)] 64569K->46072K(69120K), 0.0008380 secs] [Times: user=0.01 sys=0.00, real=0.01 secs] 
54.585: Total time for which application threads were stopped: 0.0010660 seconds, Stopping threads took: 0.0001580 seconds
54.628: Application time: 0.0438080 seconds
54.628: [GC [PSYoungGen: 20657K->2464K(21504K)] 64762K->46568K(69120K), 0.0009670 secs] [Times: user=0.01 sys=0.00, real=0.00 secs] 
54.629: Total time for which application threads were stopped: 0.0010960 seconds, Stopping threads took: 0.0000590 seconds
54.674: Application time: 0.0447180 seconds
54.674: [GC [PSYoungGen: 21083K->1920K(21504K)] 65188K->46032K(69120K), 0.0008880 secs] [Times: user=0.01 sys=0.00, real=0.00 secs] 
54.675: Total time for which application threads were stopped: 0.0010290 seconds, Stopping threads took: 0.0000760 seconds
54.719: Application time: 0.0441990 seconds
54.720: [GC [PSYoungGen: 20530K->2480K(21504K)] 64643K->46600K(69120K), 0.0010210 secs] [Times: user=0.01 sys=0.00, real=0.00 secs] 
54.721: Total time for which application threads were stopped: 0.0011720 seconds, Stopping threads took: 0.0000750 seconds
54.768: Application time: 0.0471920 seconds
54.768: [GC [PSYoungGen: 21019K->1920K(21504K)] 65139K->46048K(69120K), 0.0009750 secs] [Times: user=0.00 sys=0.00, real=0.00 secs] 
54.769: Total time for which application threads were stopped: 0.0013780 seconds, Stopping threads took: 0.0003190 seconds
54.815: Application time: 0.0455100 seconds
54.815: [GC [PSYoungGen: 20454K->1952K(21504K)] 64583K->46080K(69120K), 0.0008350 secs] [Times: user=0.01 sys=0.00, real=0.00 secs] 
54.816: Total time for which application threads were stopped: 0.0009760 seconds, Stopping threads took: 0.0000720 seconds
54.859: Application time: 0.0430930 seconds
54.859: [GC [PSYoungGen: 20484K->2480K(21504K)] 64613K->46608K(69120K), 0.0009630 secs] [Times: user=0.01 sys=0.00, real=0.00 secs] 
54.860: Total time for which application threads were stopped: 0.0011400 seconds, Stopping threads took: 0.0001050 seconds
54.905: Application time: 0.0455160 seconds
54.905: [GC [PSYoungGen: 21023K->1392K(21504K)] 65151K->45520K(69120K), 0.0006820 secs] [Times: user=0.00 sys=0.00, real=0.00 secs] 
54.906: Total time for which application threads were stopped: 0.0008050 seconds, Stopping threads took: 0.0000590 seconds
54.950: Application time: 0.0436200 seconds
54.950: [GC [PSYoungGen: 19920K->1936K(21504K)] 64049K->46064K(69120K), 0.0008520 secs] [Times: user=0.01 sys=0.00, real=0.00 secs] 
54.951: Total time for which application threads were stopped: 0.0009990 seconds, Stopping threads took: 0.0000780 seconds
54.996: Application time: 0.0448510 seconds
54.996: [GC [PSYoungGen: 20555K->1920K(21504K)] 64684K->46048K(69120K), 0.0008400 secs] [Times: user=0.00 sys=0.00, real=0.01 secs] 
54.997: Total time for which application threads were stopped: 0.0009980 seconds, Stopping threads took: 0.0000890 seconds
55.041: Application time: 0.0446980 seconds
55.042: [GC [PSYoungGen: 20456K->1424K(21504K)] 64585K->45560K(69120K), 0.0006990 secs] [Times: user=0.00 sys=0.00, real=0.00 secs] 
55.042: Total time for which application threads were stopped: 0.0008960 seconds, Stopping threads took: 0.0001210 seconds
55.087: Application time: 0.0442440 seconds
55.087: [GC [PSYoungGen: 20037K->1936K(21504K)] 64173K->46072K(69120K), 0.0008760 secs] [Times: user=0.00 sys=0.00, real=0.00 secs] 
55.088: Total time for which application threads were stopped: 0.0010090 seconds, Stopping threads took: 0.0000650 seconds
55.133: Application time: 0.0450490 seconds
55.133: [GC [PSYoungGen: 20479K->336K(21504K)] 64615K->44480K(69120K), 0.0004400 secs] [Times: user=0.00 sys=0.00, real=0.00 secs] 
55.133: Total time for which application threads were stopped: 0.0005630 seconds, Stopping threads took: 0.0000580 seconds
55.176: Application time: 0.0433040 seconds
55.177: [GC [PSYoungGen: 19019K->1968K(21504K)] 63163K->46112K(69120K), 0.0008430 secs] [Times: user=0.01 sys=0.00, real=0.00 secs] 
55.177: Total time for which application threads were stopped: 0.0009810 seconds, Stopping threads took: 0.0000720 seconds
55.221: Application time: 0.0435440 seconds
55.221: [GC [PSYoungGen: 20488K->2432K(21504K)] 64633K->48120K(69120K), 0.0014890 secs] [Times: user=0.01 sys=0.00, real=0.00 secs] 
55.223: Total time for which application threads were stopped: 0.0016570 seconds, Stopping threads took: 0.0000890 seconds
55.268: Application time: 0.0454010 seconds
55.268: [GC [PSYoungGen: 21055K->2432K(21504K)] 66744K->48120K(69120K), 0.0009990 secs] [Times: user=0.01 sys=0.00, real=0.00 secs] 
55.269: Total time for which application threads were stopped: 0.0011310 seconds, Stopping threads took: 0.0000590 seconds
55.314: Application time: 0.0446520 seconds
55.314: [GC [PSYoungGen: 21051K->1920K(21504K)] 66740K->47616K(69120K), 0.0008520 secs] [Times: user=0.01 sys=0.00, real=0.00 secs] 
55.315: Total time for which application threads were stopped: 0.0010570 seconds, Stopping threads took: 0.0001360 seconds
55.359: Application time: 0.0445830 seconds
55.360: [GC [PSYoungGen: 20611K->1920K(21504K)] 66308K->47624K(69120K), 0.0008100 secs] [Times: user=0.00 sys=0.00, real=0.00 secs] 
55.360: Total time for which application threads were stopped: 0.0009820 seconds, Stopping threads took: 0.0001050 seconds
55.405: Application time: 0.0443890 seconds
55.405: [GC [PSYoungGen: 20461K->1936K(21504K)] 66165K->47648K(69120K), 0.0008240 secs] [Times: user=0.00 sys=0.00, real=0.00 secs] 
55.406: Total time for which application threads were stopped: 0.0009590 seconds, Stopping threads took: 0.0000710 seconds
55.450: Application time: 0.0440320 seconds
55.450: [GC [PSYoungGen: 20466K->2512K(21504K)] 66179K->48736K(69120K), 0.0011480 secs] [Times: user=0.01 sys=0.00, real=0.00 secs] 
55.451: Total time for which application threads were stopped: 0.0013200 seconds, Stopping threads took: 0.0000960 seconds
55.498: Application time: 0.0472710 seconds
55.499: [GC [PSYoungGen: 21057K->1440K(21504K)] 67282K->47664K(69120K), 0.0006870 secs] [Times: user=0.01 sys=0.00, real=0.00 secs] 
55.499: Total time for which application threads were stopped: 0.0008190 seconds, Stopping threads took: 0.0000670 seconds
55.542: Application time: 0.0423140 seconds
55.542: [GC [PSYoungGen: 19964K->2480K(21504K)] 66189K->49216K(69120K), 0.0011530 secs] [Times: user=0.00 sys=0.00, real=0.00 secs] 
55.543: Total time for which application threads were stopped: 0.0012960 seconds, Stopping threads took: 0.0000700 seconds
55.589: Application time: 0.0456770 seconds
55.589: [GC [PSYoungGen: 21023K->1952K(21504K)] 67760K->48688K(69120K), 0.0008590 secs] [Times: user=0.00 sys=0.00, real=0.00 secs] 
55.590: Total time for which application threads were stopped: 0.0010030 seconds, Stopping threads took: 0.0000680 seconds
55.637: Application time: 0.0472510 seconds
55.637: [GC [PSYoungGen: 20567K->1968K(21504K)] 67303K->48704K(69120K), 0.0010240 secs] [Times: user=0.00 sys=0.00, real=0.00 secs] 
55.638: Total time for which application threads were stopped: 0.0011850 seconds, Stopping threads took: 0.0000640 seconds
55.682: Application time: 0.0438040 seconds
55.682: [GC-- [PSYoungGen: 20490K->20490K(21504K)] 67227K->67747K(69120K), 0.0012070 secs] [Times: user=0.01 sys=0.00, real=0.00 secs] 
55.683: [Full GC [PSYoungGen: 20490K->0K(21504K)] [ParOldGen: 47256K->10050K(47616K)] 67747K->10050K(69120K) [PSPermGen: 5143K->5143K(21504K)], 0.0053380 secs] [Times: user=0.03 sys=0.00, real=0.01 secs] 
55.689: Total time for which application threads were stopped: 0.0067630 seconds, Stopping threads took: 0.0000930 seconds
55.736: Application time: 0.0477330 seconds
55.736: [GC [PSYoungGen: 18625K->1792K(21504K)] 28676K->11842K(69120K), 0.0007070 secs] [Times: user=0.01 sys=0.00, real=0.00 secs] 
55.737: Total time for which application threads were stopped: 0.0008420 seconds, Stopping threads took: 0.0000650 seconds
55.780: Application time: 0.0424550 seconds
55.780: [GC [PSYoungGen: 20312K->2304K(21504K)] 30363K->13890K(69120K), 0.0014070 secs] [Times: user=0.01 sys=0.00, real=0.00 secs] 
55.781: Total time for which application threads were stopped: 0.0015620 seconds, Stopping threads took: 0.0000760 seconds
55.828: Application time: 0.0465000 seconds
55.828: [GC [PSYoungGen: 20929K->1792K(21504K)] 32516K->13378K(69120K), 0.0007620 secs] [Times: user=0.00 sys=0.00, real=0.00 secs] 
55.829: Total time for which application threads were stopped: 0.0017230 seconds, Stopping threads took: 0.0000620 seconds
55.872: Application time: 0.0429210 seconds
55.872: [GC [PSYoungGen: 20401K->2352K(21504K)] 31987K->14450K(69120K), 0.0010470 secs] [Times: user=0.00 sys=0.00, real=0.00 secs] 
55.874: Total time for which application threads were stopped: 0.0012290 seconds, Stopping threads took: 0.0001070 seconds
55.919: Application time: 0.0452060 seconds
55.919: [GC [PSYoungGen: 20895K->1776K(21504K)] 32994K->13874K(69120K), 0.0007620 secs] [Times: user=0.01 sys=0.00, real=0.00 secs] 
55.920: Total time for which application threads were stopped: 0.0009030 seconds, Stopping threads took: 0.0000720 seconds
55.964: Application time: 0.0447070 seconds
55.964: [GC [PSYoungGen: 20471K->1344K(21504K)] 32570K->13442K(69120K), 0.0006330 secs] [Times: user=0.01 sys=0.00, real=0.00 secs] 
55.965: Total time for which application threads were stopped: 0.0007630 seconds, Stopping threads took: 0.0000620 seconds
56.008: Application time: 0.0425700 seconds
56.008: [GC [PSYoungGen: 19946K->2448K(21504K)] 32045K->15059K(69120K), 0.0011100 secs] [Times: user=0.01 sys=0.00, real=0.00 secs] 
56.009: Total time for which application threads were stopped: 0.0012630 seconds, Stopping threads took: 0.0000770 seconds
56.054: Application time: 0.0451350 seconds
56.054: [GC [PSYoungGen: 21071K->1376K(21504K)] 33682K->13986K(69120K), 0.0006190 secs] [Times: user=0.00 sys=0.00, real=0.00 secs] 
56.055: Total time for which application threads were stopped: 0.0007540 seconds, Stopping threads took: 0.0000710 seconds
56.098: Application time: 0.0431850 seconds
56.098: [GC [PSYoungGen: 19896K->2416K(21504K)] 32507K->16051K(69120K), 0.0012350 secs] [Times: user=0.00 sys=0.00, real=0.00 secs] 
56.099: Total time for which application threads were stopped: 0.0013880 seconds, Stopping threads took: 0.0000720 seconds
56.144: Application time: 0.0448750 seconds
56.144: [GC [PSYoungGen: 20961K->1392K(21504K)] 34596K->15027K(69120K), 0.0006240 secs] [Times: user=0.00 sys=0.00, real=0.00 secs] 
56.145: Total time for which application threads were stopped: 0.0007780 seconds, Stopping threads took: 0.0000870 seconds
56.189: Application time: 0.0441120 seconds
56.189: [GC [PSYoungGen: 19924K->2464K(21504K)] 33559K->16099K(69120K), 0.0009510 secs] [Times: user=0.00 sys=0.00, real=0.00 secs] 
56.190: Total time for which application threads were stopped: 0.0011560 seconds, Stopping threads took: 0.0001330 seconds
56.234: Application time: 0.0440090 seconds
56.234: [GC [PSYoungGen: 21000K->2464K(21504K)] 34635K->16099K(69120K), 0.0009420 secs] [Times: user=0.00 sys=0.00, real=0.00 secs] 
56.235: Total time for which application threads were stopped: 0.0010750 seconds, Stopping threads took: 0.0000650 seconds
56.280: Application time: 0.0450280 seconds
56.281: [GC [PSYoungGen: 21081K->1952K(21504K)] 34716K->15587K(69120K), 0.0007920 secs] [Times: user=0.00 sys=0.00, real=0.00 secs] 
56.281: Total time for which application threads were stopped: 0.0009230 seconds, Stopping threads took: 0.0000670 seconds
56.325: Application time: 0.0439960 seconds
56.326: [GC [PSYoungGen: 20480K->2512K(21504K)] 34115K->16659K(69120K), 0.0011120 secs] [Times: user=0.00 sys=0.00, real=0.00 secs] 
56.327: Total time for which application threads were stopped: 0.0012570 seconds, Stopping threads took: 0.0000740 seconds
56.373: Application time: 0.0459830 seconds
56.373: [GC [PSYoungGen: 21133K->1920K(21504K)] 35280K->16067K(69120K), 0.0008220 secs] [Times: user=0.00 sys=0.00, real=0.00 secs] 
56.374: Total time for which application threads were stopped: 0.0009610 seconds, Stopping threads took: 0.0000730 seconds
56.416: Application time: 0.0424640 seconds
56.416: [GC [PSYoungGen: 20452K->2480K(21504K)] 34599K->16635K(69120K), 0.0009300 secs] [Times: user=0.01 sys=0.00, real=0.00 secs] 
56.417: Total time for which application threads were stopped: 0.0010740 seconds, Stopping threads took: 0.0000760 seconds
56.462: Application time: 0.0446530 seconds
56.462: [GC [PSYoungGen: 21091K->2512K(21504K)] 35246K->16667K(69120K), 0.0009530 secs] [Times: user=0.01 sys=0.00, real=0.00 secs] 
56.463: Total time for which application threads were stopped: 0.0011010 seconds, Stopping threads took: 0.0000760 seconds
56.508: Application time: 0.0452070 seconds
56.508: [GC [PSYoungGen: 21131K->1952K(21504K)] 35286K->16123K(69120K), 0.0007790 secs] [Times: user=0.01 sys=0.00, real=0.00 secs] 
56.509: Total time for which application threads were stopped: 0.0009150 seconds, Stopping threads took: 0.0000700 seconds
56.552: Application time: 0.0427400 seconds
56.552: [GC [PSYoungGen: 20480K->2528K(21504K)] 34651K->17219K(69120K), 0.0010970 secs] [Times: user=0.01 sys=0.00, real=0.00 secs] 
56.553: Total time for which application threads were stopped: 0.0012490 seconds, Stopping threads took: 0.0000680 seconds
56.598: Application time: 0.0452480 seconds
56.598: [GC [PSYoungGen: 21149K->1968K(21504K)] 35840K->16659K(69120K), 0.0007690 secs] [Times: user=0.00 sys=0.00, real=0.00 secs] 
56.599: Total time for which application threads were stopped: 0.0009010 seconds, Stopping threads took: 0.0000660 seconds
56.643: Application time: 0.0434550 seconds
56.643: [GC [PSYoungGen: 20657K->2496K(21504K)] 35348K->17715K(69120K), 0.0011000 secs] [Times: user=0.01 sys=0.00, real=0.00 secs] 
56.644: Total time for which application threads were stopped: 0.0012400 seconds, Stopping threads took: 0.0000590 seconds
56.689: Application time: 0.0451190 seconds
56.689: [GC [PSYoungGen: 21117K->1936K(21504K)] 36336K->17171K(69120K), 0.0007670 secs] [Times: user=0.00 sys=0.00, real=0.00 secs] 
56.690: Total time for which application threads were stopped: 0.0008940 seconds, Stopping threads took: 0.0000620 seconds
56.734: Application time: 0.0439660 seconds
56.734: [GC [PSYoungGen: 20468K->2480K(21504K)] 35703K->17723K(69120K), 0.0009500 secs] [Times: user=0.01 sys=0.00, real=0.00 secs] 
56.735: Total time for which application threads were stopped: 0.0011950 seconds, Stopping threads took: 0.0001710 seconds
56.779: Application time: 0.0444250 seconds
56.780: [GC [PSYoungGen: 21021K->1968K(21504K)] 36264K->17211K(69120K), 0.0007910 secs] [Times: user=0.01 sys=0.00, real=0.00 secs] 
56.781: Total time for which application threads were stopped: 0.0010260 seconds, Stopping threads took: 0.0001710 seconds
56.826: Application time: 0.0450120 seconds
56.826: [GC [PSYoungGen: 20506K->1424K(21504K)] 35749K->16667K(69120K), 0.0007460 secs] [Times: user=0.00 sys=0.00, real=0.00 secs] 
56.826: Total time for which application threads were stopped: 0.0009070 seconds, Stopping threads took: 0.0000900 seconds
56.870: Application time: 0.0432000 seconds
56.870: [GC [PSYoungGen: 19944K->2496K(21504K)] 35187K->18763K(69120K), 0.0012610 secs] [Times: user=0.01 sys=0.00, real=0.00 secs] 
56.871: Total time for which application threads were stopped: 0.0014090 seconds, Stopping threads took: 0.0000730 seconds
56.917: Application time: 0.0461870 seconds
56.917: [GC [PSYoungGen: 21121K->1408K(21504K)] 37388K->17675K(69120K), 0.0006460 secs] [Times: user=0.00 sys=0.00, real=0.00 secs] 
56.918: Total time for which application threads were stopped: 0.0007950 seconds, Stopping threads took: 0.0000840 seconds
56.960: Application time: 0.0419860 seconds
56.960: [GC [PSYoungGen: 19928K->2512K(21504K)] 36195K->19307K(69120K), 0.0010780 secs] [Times: user=0.01 sys=0.00, real=0.00 secs] 
56.961: Total time for which application threads were stopped: 0.0012270 seconds, Stopping threads took: 0.0000800 seconds
57.009: Application time: 0.0472850 seconds
57.009: [GC [PSYoungGen: 21137K->1424K(21504K)] 37932K->18219K(69120K), 0.0006610 secs] [Times: user=0.01 sys=0.00, real=0.00 secs] 
57.009: Total time for which application threads were stopped: 0.0007890 seconds, Stopping threads took: 0.0000590 seconds
57.051: Application time: 0.0412830 seconds
57.051: [GC [PSYoungGen: 19944K->2496K(21504K)] 36739K->20323K(69120K), 0.0012530 secs] [Times: user=0.01 sys=0.00, real=0.00 secs] 
57.052: Total time for which application threads were stopped: 0.0014150 seconds, Stopping threads took: 0.0000750 seconds
57.101: Application time: 0.0488430 seconds
57.101: [GC [PSYoungGen: 21115K->1952K(21504K)] 38942K->19779K(69120K), 0.0008820 secs] [Times: user=0.01 sys=0.00, real=0.00 secs] 
57.102: Total time for which application threads were stopped: 0.0010190 seconds, Stopping threads took: 0.0000660 seconds
57.146: Application time: 0.0442760 seconds
57.146: [GC [PSYoungGen: 20484K->2480K(21504K)] 38311K->20315K(69120K), 0.0010330 secs] [Times: user=0.01 sys=0.00, real=0.00 secs] 
57.147: Total time for which application threads were stopped: 0.0012040 seconds, Stopping threads took: 0.0000930 seconds
57.192: Application time: 0.0442800 seconds
57.192: [GC [PSYoungGen: 21097K->1952K(21504K)] 38932K->19795K(69120K), 0.0008300 secs] [Times: user=0.01 sys=0.00, real=0.00 secs] 
57.193: Total time for which application threads were stopped: 0.0010240 seconds, Stopping threads took: 0.0001220 seconds
57.237: Application time: 0.0444420 seconds
57.237: [GC [PSYoungGen: 20490K->1408K(21504K)] 38334K->19251K(69120K), 0.0006530 secs] [Times: user=0.01 sys=0.00, real=0.00 secs] 
57.238: Total time for which application threads were stopped: 0.0008430 seconds, Stopping threads took: 0.0001230 seconds
57.282: Application time: 0.0439970 seconds
57.282: [GC [PSYoungGen: 20173K->2464K(21504K)] 38016K->20315K(69120K), 0.0009260 secs] [Times: user=0.01 sys=0.00, real=0.00 secs] 
57.283: Total time for which application threads were stopped: 0.0010670 seconds, Stopping threads took: 0.0000710 seconds
57.328: Application time: 0.0446450 seconds
57.328: [GC [PSYoungGen: 21087K->912K(21504K)] 38938K->18771K(69120K), 0.0005240 secs] [Times: user=0.00 sys=0.00, real=0.00 secs] 
57.328: Total time for which application threads were stopped: 0.0006730 seconds, Stopping threads took: 0.0000880 seconds
57.373: Application time: 0.0445930 seconds
57.373: [GC [PSYoungGen: 19434K->2528K(21504K)] 37293K->20907K(69120K), 0.0011570 secs] [Times: user=0.01 sys=0.00, real=0.00 secs] 
57.374: Total time for which application threads were stopped: 0.0013070 seconds, Stopping threads took: 0.0000790 seconds
57.420: Application time: 0.0452490 seconds
57.420: [GC [PSYoungGen: 21075K->880K(21504K)] 39454K->19259K(69120K), 0.0005170 secs] [Times: user=0.00 sys=0.00, real=0.00 secs] 
57.420: Total time for which application threads were stopped: 0.0006520 seconds, Stopping threads took: 0.0000680 seconds
57.463: Application time: 0.0433140 seconds
57.464: [GC [PSYoungGen: 19402K->2480K(21504K)] 37781K->20859K(69120K), 0.0009750 secs] [Times: user=0.01 sys=0.00, real=0.01 secs] 
57.465: Total time for which application threads were stopped: 0.0011160 seconds, Stopping threads took: 0.0000670 seconds
57.509: Application time: 0.0446360 seconds
57.509: [GC [PSYoungGen: 21025K->832K(21504K)] 39404K->19211K(69120K), 0.0005200 secs] [Times: user=0.00 sys=0.00, real=0.00 secs] 
57.510: Total time for which application threads were stopped: 0.0007220 seconds, Stopping threads took: 0.0001440 seconds
57.553: Application time: 0.0433950 seconds
57.553: [GC [PSYoungGen: 19360K->1936K(21504K)] 37739K->20315K(69120K), 0.0007990 secs] [Times: user=0.01 sys=0.00, real=0.00 secs] 
57.554: Total time for which application threads were stopped: 0.0009250 seconds, Stopping threads took: 0.0000600 seconds
57.598: Application time: 0.0437670 seconds
57.598: [GC [PSYoungGen: 20551K->1920K(21504K)] 38930K->20307K(69120K), 0.0007940 secs] [Times: user=0.00 sys=0.00, real=0.00 secs] 
57.599: Total time for which application threads were stopped: 0.0009600 seconds, Stopping threads took: 0.0000960 seconds
57.643: Application time: 0.0438430 seconds
57.643: [GC [PSYoungGen: 20452K->2480K(21504K)] 38839K->20867K(69120K), 0.0009660 secs] [Times: user=0.00 sys=0.00, real=0.00 secs] 
57.644: Total time for which application threads were stopped: 0.0011110 seconds, Stopping threads took: 0.0000750 seconds
57.689: Application time: 0.0446180 seconds
57.689: [GC [PSYoungGen: 21099K->1952K(21504K)] 39486K->20347K(69120K), 0.0007980 secs] [Times: user=0.00 sys=0.00, real=0.00 secs] 
57.690: Total time for which application threads were stopped: 0.0009470 seconds, Stopping threads took: 0.0000680 seconds
57.733: Application time: 0.0436370 seconds
57.733: [GC [PSYoungGen: 20565K->2464K(21504K)] 38960K->20859K(69120K), 0.0009890 secs] [Times: user=0.00 sys=0.00, real=0.00 secs] 
57.734: Total time for which application threads were stopped: 0.0011290 seconds, Stopping threads took: 0.0000720 seconds
57.778: Application time: 0.0436550 seconds
57.778: [GC [PSYoungGen: 21000K->2480K(21504K)] 39396K->20883K(69120K), 0.0009520 secs] [Times: user=0.01 sys=0.00, real=0.00 secs] 
57.779: Total time for which application threads were stopped: 0.0010870 seconds, Stopping threads took: 0.0000690 seconds
57.823: Application time: 0.0441580 seconds
57.823: [GC [PSYoungGen: 21093K->2464K(21504K)] 39496K->21379K(69120K), 0.0011800 secs] [Times: user=0.01 sys=0.00, real=0.01 secs] 
57.825: Total time for which application threads were stopped: 0.0013450 seconds, Stopping threads took: 0.0000920 seconds
57.871: Application time: 0.0469210 seconds
57.872: [GC [PSYoungGen: 21007K->1440K(21504K)] 39922K->20371K(69120K), 0.0006500 secs] [Times: user=0.00 sys=0.00, real=0.00 secs] 
57.872: Total time for which application threads were stopped: 0.0008390 seconds, Stopping threads took: 0.0001150 seconds
57.917: Application time: 0.0442040 seconds
57.917: [GC [PSYoungGen: 20213K->1952K(21504K)] 39144K->20883K(69120K), 0.0007710 secs] [Times: user=0.00 sys=0.00, real=0.00 secs] 
57.917: Total time for which application threads were stopped: 0.0009000 seconds, Stopping threads took: 0.0000610 seconds
57.962: Application time: 0.0442560 seconds
57.962: [GC [PSYoungGen: 20565K->1936K(21504K)] 39496K->20875K(69120K), 0.0007840 secs] [Times: user=0.00 sys=0.00, real=0.00 secs] 
57.963: Total time for which application threads were stopped: 0.0009960 seconds, Stopping threads took: 0.0001450 seconds
58.007: Application time: 0.0446920 seconds
58.007: [GC [PSYoungGen: 20472K->1408K(21504K)] 39412K->20355K(69120K), 0.0006760 secs] [Times: user=0.00 sys=0.00, real=0.00 secs] 
58.008: Total time for which application threads were stopped: 0.0008050 seconds, Stopping threads took: 0.0000600 seconds
58.053: Application time: 0.0443950 seconds
58.053: [GC [PSYoungGen: 19944K->848K(21504K)] 38892K->19795K(69120K), 0.0005080 secs] [Times: user=0.00 sys=0.00, real=0.00 secs] 
58.053: Total time for which application threads were stopped: 0.0006460 seconds, Stopping threads took: 0.0000690 seconds
58.096: Application time: 0.0429610 seconds
58.096: [GC [PSYoungGen: 19368K->2496K(21504K)] 38315K->21955K(69120K), 0.0011340 secs] [Times: user=0.01 sys=0.00, real=0.00 secs] 
58.097: Total time for which application threads were stopped: 0.0012770 seconds, Stopping threads took: 0.0000690 seconds
58.143: Application time: 0.0450370 seconds
58.143: [GC [PSYoungGen: 21043K->880K(21504K)] 40502K->20339K(69120K), 0.0005160 secs] [Times: user=0.00 sys=0.00, real=0.00 secs] 
58.143: Total time for which application threads were stopped: 0.0006400 seconds, Stopping threads took: 0.0000580 seconds
58.186: Application time: 0.0427260 seconds
58.186: [GC [PSYoungGen: 19400K->2496K(21504K)] 38859K->22467K(69120K), 0.0011080 secs] [Times: user=0.01 sys=0.00, real=0.00 secs] 
58.187: Total time for which application threads were stopped: 0.0012770 seconds, Stopping threads took: 0.0000930 seconds
58.233: Application time: 0.0457930 seconds
58.233: [GC [PSYoungGen: 21121K->848K(21504K)] 41092K->20819K(69120K), 0.0005130 secs] [Times: user=0.00 sys=0.00, real=0.00 secs] 
58.234: Total time for which application threads were stopped: 0.0006440 seconds, Stopping threads took: 0.0000620 seconds
58.276: Application time: 0.0426610 seconds
58.276: [GC [PSYoungGen: 19368K->2480K(21504K)] 39339K->22971K(69120K), 0.0011000 secs] [Times: user=0.01 sys=0.00, real=0.00 secs] 
58.278: Total time for which application threads were stopped: 0.0012530 seconds, Stopping threads took: 0.0000790 seconds
58.323: Application time: 0.0458700 seconds
58.324: [GC [PSYoungGen: 21101K->1408K(21504K)] 41592K->21899K(69120K), 0.0006370 secs] [Times: user=0.00 sys=0.00, real=0.01 secs] 
58.324: Total time for which application threads were stopped: 0.0007660 seconds, Stopping threads took: 0.0000670 seconds
58.368: Application time: 0.0433300 seconds
58.368: [GC [PSYoungGen: 20017K->1984K(21504K)] 40508K->22483K(69120K), 0.0008130 secs] [Times: user=0.00 sys=0.00, real=0.00 secs] 
58.368: Total time for which application threads were stopped: 0.0009740 seconds, Stopping threads took: 0.0000910 seconds
58.411: Application time: 0.0426130 seconds
58.411: [GC [PSYoungGen: 20516K->2496K(21504K)] 41015K->23003K(69120K), 0.0009520 secs] [Times: user=0.01 sys=0.00, real=0.00 secs] 
58.412: Total time for which application threads were stopped: 0.0010960 seconds, Stopping threads took: 0.0000660 seconds
58.458: Application time: 0.0456440 seconds
58.458: [GC [PSYoungGen: 21115K->1968K(21504K)] 41622K->22475K(69120K), 0.0008930 secs] [Times: user=0.00 sys=0.00, real=0.00 secs] 
58.459: Total time for which application threads were stopped: 0.0010170 seconds, Stopping threads took: 0.0000620 seconds
58.502: Application time: 0.0428890 seconds
58.502: [GC [PSYoungGen: 20500K->2496K(21504K)] 41007K->23011K(69120K), 0.0009400 secs] [Times: user=0.00 sys=0.00, real=0.00 secs] 
58.503: Total time for which application threads were stopped: 0.0010680 seconds, Stopping threads took: 0.0000610 seconds
58.547: Application time: 0.0440110 seconds
58.547: [GC [PSYoungGen: 21265K->2480K(21504K)] 41780K->22995K(69120K), 0.0009170 secs] [Times: user=0.00 sys=0.00, real=0.00 secs] 
58.548: Total time for which application threads were stopped: 0.0010490 seconds, Stopping threads took: 0.0000610 seconds
58.593: Application time: 0.0449010 seconds
58.593: [GC [PSYoungGen: 21101K->1424K(21504K)] 41616K->21947K(69120K), 0.0006290 secs] [Times: user=0.00 sys=0.00, real=0.00 secs] 
58.594: Total time for which application threads were stopped: 0.0007640 seconds, Stopping threads took: 0.0000680 seconds
58.637: Application time: 0.0431970 seconds
58.637: [GC [PSYoungGen: 19952K->2480K(21504K)] 40475K->23011K(69120K), 0.0009390 secs] [Times: user=0.01 sys=0.00, real=0.00 secs] 
58.638: Total time for which application threads were stopped: 0.0011020 seconds, Stopping threads took: 0.0000880 seconds
58.682: Application time: 0.0445930 seconds
58.683: [GC [PSYoungGen: 21021K->1968K(21504K)] 41552K->22499K(69120K), 0.0008090 secs] [Times: user=0.00 sys=0.00, real=0.00 secs] 
58.683: Total time for which application threads were stopped: 0.0009870 seconds, Stopping threads took: 0.0001090 seconds
58.728: Application time: 0.0449430 seconds
58.728: [GC [PSYoungGen: 20504K->1936K(21504K)] 41036K->22467K(69120K), 0.0008450 secs] [Times: user=0.00 sys=0.00, real=0.00 secs] 
58.729: Total time for which application threads were stopped: 0.0009790 seconds, Stopping threads took: 0.0000660 seconds
58.774: Application time: 0.0451080 seconds
58.775: [GC [PSYoungGen: 20464K->2512K(21504K)] 40995K->23555K(69120K), 0.0011270 secs] [Times: user=0.01 sys=0.00, real=0.00 secs] 
58.776: Total time for which application threads were stopped: 0.0012870 seconds, Stopping threads took: 0.0000790 seconds
58.821: Application time: 0.0450100 seconds
58.821: [GC [PSYoungGen: 21051K->2496K(21504K)] 42094K->23539K(69120K), 0.0009240 secs] [Times: user=0.00 sys=0.00, real=0.00 secs] 
58.822: Total time for which application threads were stopped: 0.0010910 seconds, Stopping threads took: 0.0000980 seconds
58.866: Application time: 0.0444460 seconds
58.866: [GC [PSYoungGen: 21113K->1968K(21504K)] 42156K->23011K(69120K), 0.0008160 secs] [Times: user=0.01 sys=0.00, real=0.00 secs] 
58.867: Total time for which application threads were stopped: 0.0009510 seconds, Stopping threads took: 0.0000660 seconds
58.911: Application time: 0.0441500 seconds
58.912: [GC [PSYoungGen: 20500K->2512K(21504K)] 41543K->23563K(69120K), 0.0009630 secs] [Times: user=0.01 sys=0.00, real=0.00 secs] 
58.913: Total time for which application threads were stopped: 0.0011710 seconds, Stopping threads took: 0.0001350 seconds
58.958: Application time: 0.0456030 seconds
58.958: [GC [PSYoungGen: 21133K->1392K(21504K)] 42184K->22443K(69120K), 0.0007140 secs] [Times: user=0.00 sys=0.00, real=0.00 secs] 
58.959: Total time for which application threads were stopped: 0.0008470 seconds, Stopping threads took: 0.0000680 seconds
59.002: Application time: 0.0429510 seconds
59.002: [GC [PSYoungGen: 19996K->2496K(21504K)] 41047K->23555K(69120K), 0.0009680 secs] [Times: user=0.00 sys=0.00, real=0.00 secs] 
59.003: Total time for which application threads were stopped: 0.0011260 seconds, Stopping threads took: 0.0000870 seconds
59.048: Application time: 0.0446730 seconds
59.048: [GC [PSYoungGen: 21035K->1936K(21504K)] 42094K->23003K(69120K), 0.0008190 secs] [Times: user=0.00 sys=0.00, real=0.00 secs] 
59.049: Total time for which application threads were stopped: 0.0010190 seconds, Stopping threads took: 0.0001310 seconds
59.093: Application time: 0.0436870 seconds
59.093: [GC [PSYoungGen: 20477K->1984K(21504K)] 41544K->23051K(69120K), 0.0008130 secs] [Times: user=0.01 sys=0.00, real=0.00 secs] 
59.093: Total time for which application threads were stopped: 0.0009690 seconds, Stopping threads took: 0.0000850 seconds
59.136: Application time: 0.0424380 seconds
59.136: [GC [PSYoungGen: 20592K->2496K(21504K)] 41660K->24083K(69120K), 0.0011110 secs] [Times: user=0.00 sys=0.00, real=0.00 secs] 
59.137: Total time for which application threads were stopped: 0.0012660 seconds, Stopping threads took: 0.0000770 seconds
59.184: Application time: 0.0463960 seconds
59.184: [GC [PSYoungGen: 21115K->1920K(21504K)] 42702K->23507K(69120K), 0.0007840 secs] [Times: user=0.00 sys=0.00, real=0.01 secs] 
59.185: Total time for which application threads were stopped: 0.0009250 seconds, Stopping threads took: 0.0000730 seconds
59.228: Application time: 0.0431540 seconds
59.228: [GC [PSYoungGen: 20685K->2480K(21504K)] 42272K->24587K(69120K), 0.0011140 secs] [Times: user=0.00 sys=0.00, real=0.00 secs] 
59.229: Total time for which application threads were stopped: 0.0012700 seconds, Stopping threads took: 0.0000860 seconds
59.274: Application time: 0.0451340 seconds
59.274: [GC [PSYoungGen: 21021K->1936K(21504K)] 43128K->24051K(69120K), 0.0007930 secs] [Times: user=0.00 sys=0.00, real=0.00 secs] 
59.275: Total time for which application threads were stopped: 0.0009420 seconds, Stopping threads took: 0.0000830 seconds
59.319: Application time: 0.0436660 seconds
59.319: [GC [PSYoungGen: 20472K->1920K(21504K)] 42588K->24035K(69120K), 0.0008330 secs] [Times: user=0.01 sys=0.00, real=0.00 secs] 
59.320: Total time for which application threads were stopped: 0.0010790 seconds, Stopping threads took: 0.0001670 seconds
59.364: Application time: 0.0441290 seconds
59.364: [GC [PSYoungGen: 20448K->2480K(21504K)] 42563K->24595K(69120K), 0.0009380 secs] [Times: user=0.01 sys=0.00, real=0.00 secs] 
59.365: Total time for which application threads were stopped: 0.0011230 seconds, Stopping threads took: 0.0001190 seconds
59.411: Application time: 0.0459380 seconds
59.411: [GC [PSYoungGen: 21025K->1472K(21504K)] 43140K->23587K(69120K), 0.0007480 secs] [Times: user=0.00 sys=0.00, real=0.00 secs] 
59.412: Total time for which application threads were stopped: 0.0009660 seconds, Stopping threads took: 0.0001510 seconds
59.455: Application time: 0.0428940 seconds
59.455: [GC [PSYoungGen: 20000K->2480K(21504K)] 42115K->24595K(69120K), 0.0009590 secs] [Times: user=0.01 sys=0.00, real=0.00 secs] 
59.456: Total time for which application threads were stopped: 0.0011070 seconds, Stopping threads took: 0.0000740 seconds
59.502: Application time: 0.0460250 seconds
59.502: [GC [PSYoungGen: 21103K->848K(21504K)] 43218K->22963K(69120K), 0.0005650 secs] [Times: user=0.00 sys=0.00, real=0.00 secs] 
59.503: Total time for which application threads were stopped: 0.0008400 seconds, Stopping threads took: 0.0002100 seconds
59.545: Application time: 0.0426270 seconds
59.546: [GC [PSYoungGen: 19372K->2480K(21504K)] 41487K->24603K(69120K), 0.0009260 secs] [Times: user=0.01 sys=0.00, real=0.00 secs] 
59.547: Total time for which application threads were stopped: 0.0010650 seconds, Stopping threads took: 0.0000690 seconds
59.594: Application time: 0.0471250 seconds
59.594: [GC [PSYoungGen: 21101K->880K(21504K)] 43224K->23003K(69120K), 0.0005090 secs] [Times: user=0.00 sys=0.00, real=0.00 secs] 
59.594: Total time for which application threads were stopped: 0.0007000 seconds, Stopping threads took: 0.0001310 seconds
59.638: Application time: 0.0433570 seconds
59.638: [GC [PSYoungGen: 19408K->2512K(21504K)] 41531K->24643K(69120K), 0.0009360 secs] [Times: user=0.01 sys=0.00, real=0.00 secs] 
59.639: Total time for which application threads were stopped: 0.0010820 seconds, Stopping threads took: 0.0000740 seconds
59.684: Application time: 0.0455510 seconds
59.684: [GC [PSYoungGen: 21127K->2464K(21504K)] 43258K->24603K(69120K), 0.0009610 secs] [Times: user=0.01 sys=0.00, real=0.00 secs] 
59.685: Total time for which application threads were stopped: 0.0011070 seconds, Stopping threads took: 0.0000750 seconds
59.730: Application time: 0.0442810 seconds
59.730: [GC [PSYoungGen: 21000K->2464K(21504K)] 43140K->24603K(69120K), 0.0010130 secs] [Times: user=0.00 sys=0.00, real=0.00 secs] 
59.731: Total time for which application threads were stopped: 0.0011530 seconds, Stopping threads took: 0.0000660 seconds
59.776: Application time: 0.0449160 seconds
59.776: [GC [PSYoungGen: 21083K->1376K(21504K)] 43222K->23515K(69120K), 0.0006340 secs] [Times: user=0.01 sys=0.00, real=0.01 secs] 
59.777: Total time for which application threads were stopped: 0.0008290 seconds, Stopping threads took: 0.0001320 seconds
59.821: Application time: 0.0442710 seconds
59.821: [GC [PSYoungGen: 19987K->2496K(21504K)] 42126K->24643K(69120K), 0.0009380 secs] [Times: user=0.00 sys=0.00, real=0.00 secs] 
59.822: Total time for which application threads were stopped: 0.0010860 seconds, Stopping threads took: 0.0000630 seconds
59.867: Application time: 0.0446440 seconds
59.867: [GC [PSYoungGen: 21193K->1968K(21504K)] 43340K->24123K(69120K), 0.0007670 secs] [Times: user=0.00 sys=0.00, real=0.00 secs] 
59.868: Total time for which application threads were stopped: 0.0009190 seconds, Stopping threads took: 0.0000870 seconds
59.913: Application time: 0.0457450 seconds
59.913: [GC [PSYoungGen: 20585K->1392K(21504K)] 42740K->23555K(69120K), 0.0006560 secs] [Times: user=0.00 sys=0.00, real=0.00 secs] 
59.914: Total time for which application threads were stopped: 0.0007970 seconds, Stopping threads took: 0.0000740 seconds
59.957: Application time: 0.0429100 seconds
59.957: [GC [PSYoungGen: 19918K->2496K(21504K)] 42081K->25171K(69120K), 0.0010900 secs] [Times: user=0.00 sys=0.00, real=0.00 secs] 
59.958: Total time for which application threads were stopped: 0.0012320 seconds, Stopping threads took: 0.0000670 seconds
60.004: Application time: 0.0458620 seconds
60.004: [GC [PSYoungGen: 21039K->1424K(21504K)] 43714K->24099K(69120K), 0.0006400 secs] [Times: user=0.01 sys=0.00, real=0.00 secs] 
60.005: Total time for which application threads were stopped: 0.0008180 seconds, Stopping threads took: 0.0001160 seconds
60.048: Application time: 0.0430710 seconds
60.048: [GC [PSYoungGen: 19952K->2464K(21504K)] 42627K->25139K(69120K), 0.0009220 secs] [Times: user=0.01 sys=0.00, real=0.00 secs] 
60.049: Total time for which application threads were stopped: 0.0011270 seconds, Stopping threads took: 0.0001360 seconds
60.095: Application time: 0.0453840 seconds
60.095: [GC [PSYoungGen: 21009K->1376K(21504K)] 43684K->24051K(69120K), 0.0008120 secs] [Times: user=0.00 sys=0.00, real=0.00 secs] 
60.095: Total time for which application threads were stopped: 0.0009490 seconds, Stopping threads took: 0.0000720 seconds
60.140: Application time: 0.0442970 seconds
60.140: [GC [PSYoungGen: 19906K->2464K(21504K)] 42581K->25139K(69120K), 0.0009640 secs] [Times: user=0.00 sys=0.00, real=0.00 secs] 
60.141: Total time for which application threads were stopped: 0.0011310 seconds, Stopping threads took: 0.0000930 seconds
60.185: Application time: 0.0445120 seconds
60.186: [GC [PSYoungGen: 21081K->1936K(21504K)] 43756K->24619K(69120K), 0.0007880 secs] [Times: user=0.00 sys=0.00, real=0.00 secs] 
60.186: Total time for which application threads were stopped: 0.0009260 seconds, Stopping threads took: 0.0000750 seconds
60.230: Application time: 0.0440720 seconds
60.231: [GC [PSYoungGen: 20553K->1936K(21504K)] 43236K->24619K(69120K), 0.0008460 secs] [Times: user=0.01 sys=0.00, real=0.00 secs] 
60.231: Total time for which application threads were stopped: 0.0009770 seconds, Stopping threads took: 0.0000630 seconds
60.275: Application time: 0.0432700 seconds
60.275: [GC [PSYoungGen: 20464K->2496K(21504K)] 43147K->25699K(69120K), 0.0011310 secs] [Times: user=0.01 sys=0.00, real=0.00 secs] 
60.276: Total time for which application threads were stopped: 0.0012820 seconds, Stopping threads took: 0.0000680 seconds
60.322: Application time: 0.0456400 seconds
60.322: [GC [PSYoungGen: 21119K->1424K(21504K)] 44322K->24627K(69120K), 0.0006330 secs] [Times: user=0.00 sys=0.00, real=0.00 secs] 
60.322: Total time for which application threads were stopped: 0.0008200 seconds, Stopping threads took: 0.0001110 seconds
60.365: Application time: 0.0428160 seconds
60.365: [GC [PSYoungGen: 19948K->2432K(21504K)] 43151K->26155K(69120K), 0.0012080 secs] [Times: user=0.01 sys=0.00, real=0.00 secs] 
60.367: Total time for which application threads were stopped: 0.0013590 seconds, Stopping threads took: 0.0000750 seconds
60.413: Application time: 0.0459310 seconds
60.413: [GC [PSYoungGen: 20977K->1392K(21504K)] 44700K->25115K(69120K), 0.0006420 secs] [Times: user=0.00 sys=0.00, real=0.00 secs] 
60.413: Total time for which application threads were stopped: 0.0007800 seconds, Stopping threads took: 0.0000670 seconds
60.456: Application time: 0.0425710 seconds
60.456: [GC [PSYoungGen: 20068K->2496K(21504K)] 43792K->27251K(69120K), 0.0012730 secs] [Times: user=0.01 sys=0.00, real=0.01 secs] 
60.457: Total time for which application threads were stopped: 0.0014350 seconds, Stopping threads took: 0.0000850 seconds
60.503: Application time: 0.0458490 seconds
60.503: [GC [PSYoungGen: 21195K->1952K(21504K)] 45951K->26715K(69120K), 0.0008120 secs] [Times: user=0.01 sys=0.00, real=0.01 secs] 
60.504: Total time for which application threads were stopped: 0.0009540 seconds, Stopping threads took: 0.0000660 seconds
60.548: Application time: 0.0441100 seconds
60.548: [GC [PSYoungGen: 20562K->1952K(21504K)] 45326K->26723K(69120K), 0.0007820 secs] [Times: user=0.00 sys=0.00, real=0.00 secs] 
60.549: Total time for which application threads were stopped: 0.0009190 seconds, Stopping threads took: 0.0000770 seconds
60.593: Application time: 0.0440930 seconds
60.593: [GC [PSYoungGen: 20480K->2512K(21504K)] 45252K->28315K(69120K), 0.0012860 secs] [Times: user=0.01 sys=0.00, real=0.00 secs] 
60.595: Total time for which application threads were stopped: 0.0014500 seconds, Stopping threads took: 0.0000880 seconds
60.640: Application time: 0.0457370 seconds
60.641: [GC [PSYoungGen: 21057K->1424K(21504K)] 46860K->27227K(69120K), 0.0006430 secs] [Times: user=0.00 sys=0.00, real=0.00 secs] 
60.641: Total time for which application threads were stopped: 0.0008090 seconds, Stopping threads took: 0.0001040 seconds
60.683: Application time: 0.0417390 seconds
60.683: [GC [PSYoungGen: 19946K->2512K(21504K)] 45749K->29339K(69120K), 0.0012820 secs] [Times: user=0.01 sys=0.00, real=0.01 secs] 
60.684: Total time for which application threads were stopped: 0.0014460 seconds, Stopping threads took: 0.0000900 seconds
60.732: Application time: 0.0479260 seconds
60.732: [GC [PSYoungGen: 21059K->1408K(21504K)] 47886K->28235K(69120K), 0.0006650 secs] [Times: user=0.00 sys=0.00, real=0.00 secs] 
60.733: Total time for which application threads were stopped: 0.0007920 seconds, Stopping threads took: 0.0000610 seconds
60.774: Application time: 0.0408460 seconds
60.774: [GC [PSYoungGen: 19928K->2496K(21504K)] 46755K->30347K(69120K), 0.0012660 secs] [Times: user=0.01 sys=0.00, real=0.00 secs] 
60.775: Total time for which application threads were stopped: 0.0014120 seconds, Stopping threads took: 0.0000740 seconds
60.824: Application time: 0.0483510 seconds
60.824: [GC [PSYoungGen: 21121K->1424K(21504K)] 48973K->29275K(69120K), 0.0006590 secs] [Times: user=0.01 sys=0.00, real=0.01 secs] 
60.825: Total time for which application threads were stopped: 0.0008010 seconds, Stopping threads took: 0.0000680 seconds
60.867: Application time: 0.0420320 seconds
60.867: [GC [PSYoungGen: 20033K->2448K(21504K)] 47884K->30307K(69120K), 0.0009470 secs] [Times: user=0.00 sys=0.00, real=0.00 secs] 
60.868: Total time for which application threads were stopped: 0.0017390 seconds, Stopping threads took: 0.0000730 seconds
60.914: Application time: 0.0458540 seconds
60.914: [GC [PSYoungGen: 20991K->1424K(21504K)] 48850K->29291K(69120K), 0.0006620 secs] [Times: user=0.01 sys=0.00, real=0.00 secs] 
60.915: Total time for which application threads were stopped: 0.0007980 seconds, Stopping threads took: 0.0000740 seconds
60.959: Application time: 0.0439380 seconds
60.959: [GC [PSYoungGen: 20033K->1936K(21504K)] 47900K->29803K(69120K), 0.0008790 secs] [Times: user=0.00 sys=0.00, real=0.00 secs] 
60.960: Total time for which application threads were stopped: 0.0010070 seconds, Stopping threads took: 0.0000600 seconds
61.003: Application time: 0.0426790 seconds
61.003: [GC [PSYoungGen: 20468K->2496K(21504K)] 48336K->30371K(69120K), 0.0009430 secs] [Times: user=0.01 sys=0.00, real=0.00 secs] 
61.004: Total time for which application threads were stopped: 0.0010850 seconds, Stopping threads took: 0.0000700 seconds
61.051: Application time: 0.0477130 seconds
61.052: [GC [PSYoungGen: 21041K->896K(21504K)] 48916K->28771K(69120K), 0.0005300 secs] [Times: user=0.00 sys=0.00, real=0.00 secs] 
61.052: Total time for which application threads were stopped: 0.0006580 seconds, Stopping threads took: 0.0000640 seconds
61.093: Application time: 0.0408760 seconds
61.093: [GC [PSYoungGen: 19580K->2432K(21504K)] 47456K->30307K(69120K), 0.0009290 secs] [Times: user=0.01 sys=0.00, real=0.00 secs] 
61.094: Total time for which application threads were stopped: 0.0010820 seconds, Stopping threads took: 0.0000780 seconds
61.142: Application time: 0.0482350 seconds
61.142: [GC [PSYoungGen: 21135K->304K(21504K)] 49011K->28187K(69120K), 0.0004060 secs] [Times: user=0.00 sys=0.00, real=0.00 secs] 
61.143: Total time for which application threads were stopped: 0.0005260 seconds, Stopping threads took: 0.0000610 seconds
61.185: Application time: 0.0420190 seconds
61.185: [GC [PSYoungGen: 18902K->2480K(21504K)] 46785K->30371K(69120K), 0.0009490 secs] [Times: user=0.00 sys=0.00, real=0.00 secs] 
61.186: Total time for which application threads were stopped: 0.0010940 seconds, Stopping threads took: 0.0000720 seconds
61.233: Application time: 0.0468060 seconds
61.233: [GC [PSYoungGen: 21023K->832K(21504K)] 48914K->28731K(69120K), 0.0005520 secs] [Times: user=0.00 sys=0.00, real=0.00 secs] 
61.233: Total time for which application threads were stopped: 0.0006850 seconds, Stopping threads took: 0.0000740 seconds
61.274: Application time: 0.0406590 seconds
61.274: [GC [PSYoungGen: 19352K->2496K(21504K)] 47251K->30907K(69120K), 0.0011040 secs] [Times: user=0.01 sys=0.00, real=0.00 secs] 
61.275: Total time for which application threads were stopped: 0.0012550 seconds, Stopping threads took: 0.0000790 seconds
61.322: Application time: 0.0468130 seconds
61.322: [GC [PSYoungGen: 21043K->880K(21504K)] 49454K->29291K(69120K), 0.0005190 secs] [Times: user=0.00 sys=0.00, real=0.00 secs] 
61.323: Total time for which application threads were stopped: 0.0006520 seconds, Stopping threads took: 0.0000730 seconds
61.366: Application time: 0.0433340 seconds
61.366: [GC [PSYoungGen: 19400K->2448K(21504K)] 47811K->30859K(69120K), 0.0009760 secs] [Times: user=0.01 sys=0.00, real=0.00 secs] 
61.367: Total time for which application threads were stopped: 0.0011440 seconds, Stopping threads took: 0.0000890 seconds
61.411: Application time: 0.0441260 seconds
61.412: [GC [PSYoungGen: 20982K->2464K(21504K)] 49394K->31387K(69120K), 0.0011720 secs] [Times: user=0.00 sys=0.00, real=0.00 secs] 
61.413: Total time for which application threads were stopped: 0.0013200 seconds, Stopping threads took: 0.0000750 seconds
61.458: Application time: 0.0449300 seconds
61.458: [GC [PSYoungGen: 21087K->1440K(21504K)] 50010K->30363K(69120K), 0.0006610 secs] [Times: user=0.01 sys=0.00, real=0.00 secs] 
61.458: Total time for which application threads were stopped: 0.0007880 seconds, Stopping threads took: 0.0000640 seconds
61.502: Application time: 0.0435660 seconds
61.502: [GC [PSYoungGen: 20042K->2496K(21504K)] 48966K->31939K(69120K), 0.0010970 secs] [Times: user=0.00 sys=0.00, real=0.00 secs] 
61.503: Total time for which application threads were stopped: 0.0012500 seconds, Stopping threads took: 0.0000810 seconds
61.548: Application time: 0.0451450 seconds
61.549: [GC [PSYoungGen: 21037K->1408K(21504K)] 50480K->30859K(69120K), 0.0006640 secs] [Times: user=0.01 sys=0.00, real=0.00 secs] 
61.549: Total time for which application threads were stopped: 0.0008520 seconds, Stopping threads took: 0.0001260 seconds
61.593: Application time: 0.0438630 seconds
61.593: [GC [PSYoungGen: 20014K->2528K(21504K)] 49466K->32491K(69120K), 0.0011410 secs] [Times: user=0.01 sys=0.00, real=0.00 secs] 
61.594: Total time for which application threads were stopped: 0.0012840 seconds, Stopping threads took: 0.0000710 seconds
61.641: Application time: 0.0467000 seconds
61.641: [GC [PSYoungGen: 21075K->832K(21504K)] 51038K->30803K(69120K), 0.0005440 secs] [Times: user=0.01 sys=0.00, real=0.00 secs] 
61.642: Total time for which application threads were stopped: 0.0006800 seconds, Stopping threads took: 0.0000690 seconds
61.684: Application time: 0.0417790 seconds
61.684: [GC [PSYoungGen: 19358K->2464K(21504K)] 49329K->32435K(69120K), 0.0009550 secs] [Times: user=0.00 sys=0.00, real=0.01 secs] 
61.685: Total time for which application threads were stopped: 0.0011400 seconds, Stopping threads took: 0.0001160 seconds
61.732: Application time: 0.0467640 seconds
61.732: [GC [PSYoungGen: 21009K->864K(21504K)] 50980K->30835K(69120K), 0.0005570 secs] [Times: user=0.00 sys=0.00, real=0.00 secs] 
61.732: Total time for which application threads were stopped: 0.0007140 seconds, Stopping threads took: 0.0000940 seconds
61.774: Application time: 0.0418020 seconds
61.774: [GC [PSYoungGen: 19625K->2480K(21504K)] 49597K->32459K(69120K), 0.0009450 secs] [Times: user=0.01 sys=0.00, real=0.00 secs] 
61.775: Total time for which application threads were stopped: 0.0010930 seconds, Stopping threads took: 0.0000770 seconds
61.821: Application time: 0.0453820 seconds
61.821: [GC [PSYoungGen: 21179K->1392K(21504K)] 51159K->31379K(69120K), 0.0006630 secs] [Times: user=0.00 sys=0.00, real=0.00 secs] 
61.821: Total time for which application threads were stopped: 0.0007990 seconds, Stopping threads took: 0.0000710 seconds
61.865: Application time: 0.0434530 seconds
61.865: [GC [PSYoungGen: 19920K->2480K(21504K)] 49908K->32475K(69120K), 0.0010080 secs] [Times: user=0.01 sys=0.00, real=0.00 secs] 
61.866: Total time for which application threads were stopped: 0.0011400 seconds, Stopping threads took: 0.0000610 seconds
61.911: Application time: 0.0446020 seconds
61.911: [GC [PSYoungGen: 21023K->1424K(21504K)] 51018K->31419K(69120K), 0.0007210 secs] [Times: user=0.00 sys=0.00, real=0.00 secs] 
61.911: Total time for which application threads were stopped: 0.0008640 seconds, Stopping threads took: 0.0000670 seconds
61.955: Application time: 0.0437940 seconds
61.955: [GC [PSYoungGen: 19954K->2528K(21504K)] 49950K->32523K(69120K), 0.0009580 secs] [Times: user=0.00 sys=0.00, real=0.01 secs] 
61.956: Total time for which application threads were stopped: 0.0011200 seconds, Stopping threads took: 0.0000940 seconds
62.001: Application time: 0.0441890 seconds
62.001: [GC [PSYoungGen: 21064K->2512K(21504K)] 51060K->32507K(69120K), 0.0009430 secs] [Times: user=0.01 sys=0.00, real=0.00 secs] 
62.002: Total time for which application threads were stopped: 0.0010850 seconds, Stopping threads took: 0.0000720 seconds
62.047: Application time: 0.0449900 seconds
62.047: [GC [PSYoungGen: 21053K->1936K(21504K)] 51048K->31931K(69120K), 0.0008020 secs] [Times: user=0.01 sys=0.00, real=0.00 secs] 
62.048: Total time for which application threads were stopped: 0.0009380 seconds, Stopping threads took: 0.0000660 seconds
62.090: Application time: 0.0424420 seconds
62.090: [GC [PSYoungGen: 20466K->2480K(21504K)] 50462K->32475K(69120K), 0.0009650 secs] [Times: user=0.01 sys=0.00, real=0.00 secs] 
62.091: Total time for which application threads were stopped: 0.0011110 seconds, Stopping threads took: 0.0000730 seconds
62.137: Application time: 0.0455800 seconds
62.137: [GC [PSYoungGen: 21177K->1936K(21504K)] 51173K->31939K(69120K), 0.0008390 secs] [Times: user=0.01 sys=0.00, real=0.00 secs] 
62.138: Total time for which application threads were stopped: 0.0009850 seconds, Stopping threads took: 0.0000700 seconds
62.181: Application time: 0.0428980 seconds
62.181: [GC [PSYoungGen: 20460K->2512K(21504K)] 50464K->33035K(69120K), 0.0011010 secs] [Times: user=0.00 sys=0.00, real=0.00 secs] 
62.182: Total time for which application threads were stopped: 0.0012840 seconds, Stopping threads took: 0.0001140 seconds
62.227: Application time: 0.0452400 seconds
62.227: [GC [PSYoungGen: 21135K->1952K(21504K)] 51659K->32475K(69120K), 0.0008410 secs] [Times: user=0.00 sys=0.00, real=0.00 secs] 
62.228: Total time for which application threads were stopped: 0.0009870 seconds, Stopping threads took: 0.0000760 seconds
62.273: Application time: 0.0446460 seconds
62.273: [GC [PSYoungGen: 20488K->1952K(21504K)] 51012K->32483K(69120K), 0.0007990 secs] [Times: user=0.00 sys=0.00, real=0.00 secs] 
62.274: Total time for which application threads were stopped: 0.0010690 seconds, Stopping threads took: 0.0002040 seconds
62.318: Application time: 0.0442300 seconds
62.318: [GC [PSYoungGen: 20484K->2496K(21504K)] 51016K->33027K(69120K), 0.0009880 secs] [Times: user=0.00 sys=0.00, real=0.00 secs] 
62.319: Total time for which application threads were stopped: 0.0011280 seconds, Stopping threads took: 0.0000720 seconds
62.364: Application time: 0.0444340 seconds
62.364: [GC [PSYoungGen: 21037K->1936K(21504K)] 51568K->32467K(69120K), 0.0008100 secs] [Times: user=0.00 sys=0.01, real=0.01 secs] 
62.365: Total time for which application threads were stopped: 0.0009470 seconds, Stopping threads took: 0.0000710 seconds
62.409: Application time: 0.0442580 seconds
62.409: [GC [PSYoungGen: 20709K->1920K(21504K)] 51241K->32451K(69120K), 0.0008470 secs] [Times: user=0.00 sys=0.00, real=0.00 secs] 
62.410: Total time for which application threads were stopped: 0.0009840 seconds, Stopping threads took: 0.0000690 seconds
62.454: Application time: 0.0438300 seconds
62.454: [GC [PSYoungGen: 20531K->2464K(21504K)] 51062K->33003K(69120K), 0.0009440 secs] [Times: user=0.00 sys=0.00, real=0.00 secs] 
62.455: Total time for which application threads were stopped: 0.0010920 seconds, Stopping threads took: 0.0000700 seconds
62.499: Application time: 0.0445870 seconds
62.499: [GC [PSYoungGen: 21083K->1936K(21504K)] 51622K->32483K(69120K), 0.0008140 secs] [Times: user=0.00 sys=0.01, real=0.00 secs] 
62.500: Total time for which application threads were stopped: 0.0009460 seconds, Stopping threads took: 0.0000680 seconds
62.544: Application time: 0.0433860 seconds
62.544: [GC [PSYoungGen: 20468K->2480K(21504K)] 51016K->33027K(69120K), 0.0009590 secs] [Times: user=0.01 sys=0.00, real=0.01 secs] 
62.545: Total time for which application threads were stopped: 0.0010950 seconds, Stopping threads took: 0.0000650 seconds
62.592: Application time: 0.0476990 seconds
62.593: [GC [PSYoungGen: 21018K->1952K(21504K)] 51566K->32499K(69120K), 0.0007880 secs] [Times: user=0.00 sys=0.00, real=0.00 secs] 
62.593: Total time for which application threads were stopped: 0.0009240 seconds, Stopping threads took: 0.0000670 seconds
62.636: Application time: 0.0423930 seconds
62.636: [GC [PSYoungGen: 20480K->2512K(21504K)] 51028K->33571K(69120K), 0.0011210 secs] [Times: user=0.01 sys=0.00, real=0.01 secs] 
62.637: Total time for which application threads were stopped: 0.0012750 seconds, Stopping threads took: 0.0000800 seconds
62.683: Application time: 0.0457020 seconds
62.683: [GC [PSYoungGen: 21055K->1952K(21504K)] 52114K->33011K(69120K), 0.0007940 secs] [Times: user=0.00 sys=0.00, real=0.00 secs] 
62.684: Total time for which application threads were stopped: 0.0009410 seconds, Stopping threads took: 0.0000760 seconds
62.728: Application time: 0.0447030 seconds
62.729: [GC [PSYoungGen: 20482K->1936K(21504K)] 51542K->32995K(69120K), 0.0008840 secs] [Times: user=0.00 sys=0.00, real=0.00 secs] 
62.729: Total time for which application threads were stopped: 0.0011060 seconds, Stopping threads took: 0.0001530 seconds
62.773: Application time: 0.0439590 seconds
62.774: [GC [PSYoungGen: 20631K->2464K(21504K)] 51690K->33523K(69120K), 0.0009570 secs] [Times: user=0.01 sys=0.00, real=0.00 secs] 
62.775: Total time for which application threads were stopped: 0.0010990 seconds, Stopping threads took: 0.0000710 seconds
62.820: Application time: 0.0451100 seconds
62.820: [GC [PSYoungGen: 21003K->896K(21504K)] 52062K->31963K(69120K), 0.0005280 secs] [Times: user=0.00 sys=0.00, real=0.00 secs] 
62.820: Total time for which application threads were stopped: 0.0007020 seconds, Stopping threads took: 0.0001110 seconds
62.864: Application time: 0.0438360 seconds
62.864: [GC [PSYoungGen: 19504K->2464K(21504K)] 50572K->34043K(69120K), 0.0010920 secs] [Times: user=0.01 sys=0.00, real=0.00 secs] 
62.865: Total time for which application threads were stopped: 0.0012250 seconds, Stopping threads took: 0.0000600 seconds
62.910: Application time: 0.0450440 seconds
62.911: [GC [PSYoungGen: 21007K->848K(21504K)] 52586K->32435K(69120K), 0.0005420 secs] [Times: user=0.00 sys=0.00, real=0.00 secs] 
62.911: Total time for which application threads were stopped: 0.0007260 seconds, Stopping threads took: 0.0001220 seconds
62.955: Application time: 0.0440870 seconds
62.955: [GC [PSYoungGen: 19376K->1952K(21504K)] 50964K->33539K(69120K), 0.0008060 secs] [Times: user=0.00 sys=0.00, real=0.01 secs] 
62.956: Total time for which application threads were stopped: 0.0009680 seconds, Stopping threads took: 0.0000860 seconds
63.000: Application time: 0.0441410 seconds
63.001: [GC [PSYoungGen: 20488K->2496K(21504K)] 52076K->34083K(69120K), 0.0009590 secs] [Times: user=0.01 sys=0.00, real=0.00 secs] 
63.002: Total time for which application threads were stopped: 0.0011120 seconds, Stopping threads took: 0.0000840 seconds
63.046: Application time: 0.0444560 seconds
63.046: [GC [PSYoungGen: 21193K->1936K(21504K)] 52781K->33523K(69120K), 0.0008550 secs] [Times: user=0.01 sys=0.00, real=0.00 secs] 
63.047: Total time for which application threads were stopped: 0.0010040 seconds, Stopping threads took: 0.0000770 seconds
63.091: Application time: 0.0443540 seconds
63.091: [GC [PSYoungGen: 20551K->1904K(21504K)] 52138K->33499K(69120K), 0.0008090 secs] [Times: user=0.00 sys=0.00, real=0.00 secs] 
63.092: Total time for which application threads were stopped: 0.0009460 seconds, Stopping threads took: 0.0000670 seconds
63.136: Application time: 0.0439030 seconds
63.136: [GC [PSYoungGen: 20591K->2512K(21504K)] 52186K->34627K(69120K), 0.0011270 secs] [Times: user=0.01 sys=0.00, real=0.00 secs] 
63.137: Total time for which application threads were stopped: 0.0013120 seconds, Stopping threads took: 0.0001110 seconds
63.184: Application time: 0.0467910 seconds
63.184: [GC [PSYoungGen: 21055K->1952K(21504K)] 53170K->34075K(69120K), 0.0007760 secs] [Times: user=0.01 sys=0.00, real=0.00 secs] 
63.185: Total time for which application threads were stopped: 0.0009090 seconds, Stopping threads took: 0.0000670 seconds
63.227: Application time: 0.0420730 seconds
63.227: [GC [PSYoungGen: 20484K->2480K(21504K)] 52608K->34603K(69120K), 0.0010010 secs] [Times: user=0.01 sys=0.00, real=0.00 secs] 
63.228: Total time for which application threads were stopped: 0.0011690 seconds, Stopping threads took: 0.0000940 seconds
63.277: Application time: 0.0487680 seconds
63.277: [GC [PSYoungGen: 21023K->1424K(21504K)] 53146K->33547K(69120K), 0.0006960 secs] [Times: user=0.00 sys=0.00, real=0.00 secs] 
63.278: Total time for which application threads were stopped: 0.0008330 seconds, Stopping threads took: 0.0000680 seconds
63.319: Application time: 0.0411720 seconds
63.319: [GC [PSYoungGen: 19952K->2448K(21504K)] 52076K->34571K(69120K), 0.0009910 secs] [Times: user=0.01 sys=0.00, real=0.00 secs] 
63.320: Total time for which application threads were stopped: 0.0011350 seconds, Stopping threads took: 0.0000710 seconds
63.367: Application time: 0.0468890 seconds
63.367: [GC [PSYoungGen: 20991K->1392K(21504K)] 53114K->33515K(69120K), 0.0006680 secs] [Times: user=0.01 sys=0.00, real=0.00 secs] 
63.368: Total time for which application threads were stopped: 0.0008180 seconds, Stopping threads took: 0.0000800 seconds
63.411: Application time: 0.0427650 seconds
63.411: [GC [PSYoungGen: 20077K->2480K(21504K)] 52200K->34603K(69120K), 0.0009720 secs] [Times: user=0.00 sys=0.00, real=0.00 secs] 
63.412: Total time for which application threads were stopped: 0.0011150 seconds, Stopping threads took: 0.0000710 seconds
63.458: Application time: 0.0463050 seconds
63.458: [GC [PSYoungGen: 21027K->304K(21504K)] 53150K->32435K(69120K), 0.0004140 secs] [Times: user=0.00 sys=0.00, real=0.00 secs] 
63.459: Total time for which application threads were stopped: 0.0006300 seconds, Stopping threads took: 0.0001410 seconds
63.501: Application time: 0.0422940 seconds
63.501: [GC [PSYoungGen: 18904K->2496K(21504K)] 51036K->34627K(69120K), 0.0009440 secs] [Times: user=0.01 sys=0.00, real=0.00 secs] 
63.502: Total time for which application threads were stopped: 0.0011140 seconds, Stopping threads took: 0.0000940 seconds
63.548: Application time: 0.0461530 seconds
63.549: [GC [PSYoungGen: 21039K->1424K(21504K)] 53170K->33563K(69120K), 0.0006520 secs] [Times: user=0.00 sys=0.00, real=0.00 secs] 
63.549: Total time for which application threads were stopped: 0.0007720 seconds, Stopping threads took: 0.0000560 seconds
63.593: Application time: 0.0435410 seconds
63.593: [GC [PSYoungGen: 19950K->2480K(21504K)] 52090K->34619K(69120K), 0.0009490 secs] [Times: user=0.01 sys=0.00, real=0.00 secs] 
63.594: Total time for which application threads were stopped: 0.0011010 seconds, Stopping threads took: 0.0000810 seconds
63.638: Application time: 0.0441300 seconds
63.638: [GC [PSYoungGen: 21014K->1920K(21504K)] 53154K->34059K(69120K), 0.0008670 secs] [Times: user=0.00 sys=0.00, real=0.00 secs] 
63.639: Total time for which application threads were stopped: 0.0010440 seconds, Stopping threads took: 0.0001090 seconds
63.684: Application time: 0.0448610 seconds
63.684: [GC [PSYoungGen: 20535K->2464K(21504K)] 52674K->34603K(69120K), 0.0009970 secs] [Times: user=0.01 sys=0.00, real=0.01 secs] 
63.685: Total time for which application threads were stopped: 0.0011340 seconds, Stopping threads took: 0.0000630 seconds
63.730: Application time: 0.0452750 seconds
63.730: [GC [PSYoungGen: 21165K->848K(21504K)] 53305K->32995K(69120K), 0.0005380 secs] [Times: user=0.00 sys=0.00, real=0.00 secs] 
63.731: Total time for which application threads were stopped: 0.0006750 seconds, Stopping threads took: 0.0000700 seconds
63.775: Application time: 0.0442940 seconds
63.775: [GC [PSYoungGen: 19531K->2416K(21504K)] 51678K->34571K(69120K), 0.0010160 secs] [Times: user=0.01 sys=0.00, real=0.01 secs] 
63.776: Total time for which application threads were stopped: 0.0011750 seconds, Stopping threads took: 0.0000880 seconds
63.821: Application time: 0.0447180 seconds
63.821: [GC [PSYoungGen: 20948K->2512K(21504K)] 53104K->35187K(69120K), 0.0011210 secs] [Times: user=0.00 sys=0.00, real=0.00 secs] 
63.822: Total time for which application threads were stopped: 0.0012760 seconds, Stopping threads took: 0.0000780 seconds
63.868: Application time: 0.0452560 seconds
63.868: [GC [PSYoungGen: 21055K->1952K(21504K)] 53730K->34627K(69120K), 0.0008560 secs] [Times: user=0.00 sys=0.00, real=0.00 secs] 
63.869: Total time for which application threads were stopped: 0.0009860 seconds, Stopping threads took: 0.0000640 seconds
63.914: Application time: 0.0456020 seconds
63.914: [GC [PSYoungGen: 20493K->896K(21504K)] 53168K->33571K(69120K), 0.0005270 secs] [Times: user=0.00 sys=0.00, real=0.00 secs] 
63.915: Total time for which application threads were stopped: 0.0006570 seconds, Stopping threads took: 0.0000630 seconds
63.959: Application time: 0.0442480 seconds
63.959: [GC [PSYoungGen: 19418K->2464K(21504K)] 52094K->35139K(69120K), 0.0009720 secs] [Times: user=0.01 sys=0.00, real=0.00 secs] 
63.960: Total time for which application threads were stopped: 0.0011120 seconds, Stopping threads took: 0.0000640 seconds
64.005: Application time: 0.0451120 seconds
64.006: [GC [PSYoungGen: 21009K->864K(21504K)] 53684K->33539K(69120K), 0.0005660 secs] [Times: user=0.00 sys=0.00, real=0.00 secs] 
64.006: Total time for which application threads were stopped: 0.0008640 seconds, Stopping threads took: 0.0002240 seconds
64.050: Application time: 0.0440610 seconds
64.050: [GC [PSYoungGen: 19464K->2464K(21504K)] 52140K->35139K(69120K), 0.0009930 secs] [Times: user=0.01 sys=0.00, real=0.00 secs] 
64.052: Total time for which application threads were stopped: 0.0011190 seconds, Stopping threads took: 0.0000580 seconds
64.096: Application time: 0.0446920 seconds
64.096: [GC [PSYoungGen: 21083K->1920K(21504K)] 53758K->34603K(69120K), 0.0008150 secs] [Times: user=0.00 sys=0.00, real=0.00 secs] 
64.097: Total time for which application threads were stopped: 0.0009540 seconds, Stopping threads took: 0.0000700 seconds
64.142: Application time: 0.0444770 seconds
64.142: [GC [PSYoungGen: 20446K->1952K(21504K)] 53130K->34635K(69120K), 0.0008100 secs] [Times: user=0.00 sys=0.00, real=0.00 secs] 
64.143: Total time for which application threads were stopped: 0.0010410 seconds, Stopping threads took: 0.0001630 seconds
64.188: Application time: 0.0449300 seconds
64.188: [GC [PSYoungGen: 20573K->1408K(21504K)] 53257K->34099K(69120K), 0.0007020 secs] [Times: user=0.01 sys=0.00, real=0.00 secs] 
64.188: Total time for which application threads were stopped: 0.0008380 seconds, Stopping threads took: 0.0000670 seconds
64.232: Application time: 0.0438580 seconds
64.232: [GC [PSYoungGen: 19938K->2480K(21504K)] 52630K->35171K(69120K), 0.0009350 secs] [Times: user=0.00 sys=0.00, real=0.00 secs] 
64.233: Total time for which application threads were stopped: 0.0010800 seconds, Stopping threads took: 0.0000740 seconds
64.280: Application time: 0.0466990 seconds
64.280: [GC [PSYoungGen: 21021K->1936K(21504K)] 53712K->34627K(69120K), 0.0008260 secs] [Times: user=0.00 sys=0.00, real=0.00 secs] 
64.281: Total time for which application threads were stopped: 0.0009610 seconds, Stopping threads took: 0.0000680 seconds
64.325: Application time: 0.0434500 seconds
64.325: [GC [PSYoungGen: 20468K->2480K(21504K)] 53160K->35171K(69120K), 0.0009690 secs] [Times: user=0.00 sys=0.00, real=0.00 secs] 
64.326: Total time for which application threads were stopped: 0.0011090 seconds, Stopping threads took: 0.0000710 seconds
64.371: Application time: 0.0450920 seconds
64.371: [GC [PSYoungGen: 21255K->1952K(21504K)] 53947K->34651K(69120K), 0.0008120 secs] [Times: user=0.00 sys=0.00, real=0.00 secs] 
64.372: Total time for which application threads were stopped: 0.0009530 seconds, Stopping threads took: 0.0000720 seconds
64.414: Application time: 0.0422400 seconds
64.414: [GC [PSYoungGen: 20635K->2496K(21504K)] 53334K->36227K(69120K), 0.0012440 secs] [Times: user=0.01 sys=0.00, real=0.00 secs] 
64.415: Total time for which application threads were stopped: 0.0013790 seconds, Stopping threads took: 0.0000630 seconds
64.462: Application time: 0.0462820 seconds
64.462: [GC [PSYoungGen: 21039K->1920K(21504K)] 54770K->35659K(69120K), 0.0008030 secs] [Times: user=0.00 sys=0.00, real=0.00 secs] 
64.463: Total time for which application threads were stopped: 0.0009480 seconds, Stopping threads took: 0.0000660 seconds
64.505: Application time: 0.0422650 seconds
64.505: [GC [PSYoungGen: 20440K->2384K(21504K)] 54180K->37659K(69120K), 0.0014840 secs] [Times: user=0.01 sys=0.00, real=0.00 secs] 
64.506: Total time for which application threads were stopped: 0.0016360 seconds, Stopping threads took: 0.0000750 seconds
64.553: Application time: 0.0461080 seconds
64.553: [GC [PSYoungGen: 20931K->1936K(21504K)] 56207K->37211K(69120K), 0.0008150 secs] [Times: user=0.01 sys=0.00, real=0.00 secs] 
64.554: Total time for which application threads were stopped: 0.0009620 seconds, Stopping threads took: 0.0000740 seconds
64.596: Application time: 0.0424130 seconds
64.596: [GC [PSYoungGen: 20456K->2416K(21504K)] 55732K->39227K(69120K), 0.0014480 secs] [Times: user=0.00 sys=0.00, real=0.00 secs] 
64.598: Total time for which application threads were stopped: 0.0015990 seconds, Stopping threads took: 0.0000710 seconds
64.644: Application time: 0.0468060 seconds
64.644: [GC [PSYoungGen: 20963K->1952K(21504K)] 57775K->38763K(69120K), 0.0008240 secs] [Times: user=0.00 sys=0.00, real=0.00 secs] 
64.645: Total time for which application threads were stopped: 0.0009740 seconds, Stopping threads took: 0.0000820 seconds
64.689: Application time: 0.0438620 seconds
64.689: [GC [PSYoungGen: 20567K->1936K(21504K)] 57378K->38747K(69120K), 0.0008060 secs] [Times: user=0.00 sys=0.00, real=0.00 secs] 
64.690: Total time for which application threads were stopped: 0.0009380 seconds, Stopping threads took: 0.0000660 seconds
64.735: Application time: 0.0448210 seconds
64.735: [GC [PSYoungGen: 20553K->1408K(21504K)] 57364K->38227K(69120K), 0.0006970 secs] [Times: user=0.00 sys=0.00, real=0.00 secs] 
64.736: Total time for which application threads were stopped: 0.0008400 seconds, Stopping threads took: 0.0000720 seconds
64.779: Application time: 0.0432310 seconds
64.779: [GC [PSYoungGen: 19936K->2480K(21504K)] 56756K->39307K(69120K), 0.0009640 secs] [Times: user=0.00 sys=0.00, real=0.00 secs] 
64.780: Total time for which application threads were stopped: 0.0011110 seconds, Stopping threads took: 0.0000760 seconds
64.824: Application time: 0.0441260 seconds
64.824: [GC [PSYoungGen: 21099K->1936K(21504K)] 57927K->38763K(69120K), 0.0008170 secs] [Times: user=0.01 sys=0.00, real=0.00 secs] 
64.825: Total time for which application threads were stopped: 0.0009460 seconds, Stopping threads took: 0.0000590 seconds
64.869: Application time: 0.0440950 seconds
64.869: [GC [PSYoungGen: 20460K->2496K(21504K)] 57288K->40355K(69120K), 0.0012940 secs] [Times: user=0.01 sys=0.00, real=0.00 secs] 
64.871: Total time for which application threads were stopped: 0.0014480 seconds, Stopping threads took: 0.0000760 seconds
64.917: Application time: 0.0461870 seconds
64.917: [GC [PSYoungGen: 21041K->1936K(21504K)] 58901K->39795K(69120K), 0.0008460 secs] [Times: user=0.01 sys=0.00, real=0.00 secs] 
64.918: Total time for which application threads were stopped: 0.0009890 seconds, Stopping threads took: 0.0000730 seconds
64.961: Application time: 0.0432900 seconds
64.961: [GC [PSYoungGen: 20462K->2448K(21504K)] 58322K->41331K(69120K), 0.0012900 secs] [Times: user=0.01 sys=0.00, real=0.00 secs] 
64.963: Total time for which application threads were stopped: 0.0014510 seconds, Stopping threads took: 0.0000840 seconds
65.009: Application time: 0.0465090 seconds
65.009: [GC [PSYoungGen: 21150K->1984K(21504K)] 60033K->40867K(69120K), 0.0008120 secs] [Times: user=0.00 sys=0.00, real=0.00 secs] 
65.010: Total time for which application threads were stopped: 0.0009460 seconds, Stopping threads took: 0.0000560 seconds
65.054: Application time: 0.0443650 seconds
65.055: [GC [PSYoungGen: 20679K->1936K(21504K)] 59563K->40827K(69120K), 0.0007920 secs] [Times: user=0.00 sys=0.00, real=0.00 secs] 
65.055: Total time for which application threads were stopped: 0.0009210 seconds, Stopping threads took: 0.0000600 seconds
65.099: Application time: 0.0438320 seconds
65.099: [GC [PSYoungGen: 20547K->2448K(21504K)] 59438K->41347K(69120K), 0.0009970 secs] [Times: user=0.01 sys=0.00, real=0.00 secs] 
65.100: Total time for which application threads were stopped: 0.0011430 seconds, Stopping threads took: 0.0000760 seconds
65.146: Application time: 0.0459270 seconds
65.146: [GC [PSYoungGen: 20989K->1936K(21504K)] 59888K->40835K(69120K), 0.0008060 secs] [Times: user=0.01 sys=0.00, real=0.00 secs] 
65.147: Total time for which application threads were stopped: 0.0009430 seconds, Stopping threads took: 0.0000720 seconds
65.188: Application time: 0.0410350 seconds
65.188: [GC [PSYoungGen: 20460K->2496K(21504K)] 59360K->42419K(69120K), 0.0012930 secs] [Times: user=0.01 sys=0.00, real=0.00 secs] 
65.190: Total time for which application threads were stopped: 0.0014400 seconds, Stopping threads took: 0.0000730 seconds
65.237: Application time: 0.0474270 seconds
65.237: [GC [PSYoungGen: 21043K->1408K(21504K)] 60967K->41331K(69120K), 0.0006550 secs] [Times: user=0.00 sys=0.00, real=0.00 secs] 
65.238: Total time for which application threads were stopped: 0.0007920 seconds, Stopping threads took: 0.0000710 seconds
65.281: Application time: 0.0425810 seconds
65.281: [GC [PSYoungGen: 19932K->2464K(21504K)] 59856K->42387K(69120K), 0.0009560 secs] [Times: user=0.01 sys=0.00, real=0.00 secs] 
65.282: Total time for which application threads were stopped: 0.0011390 seconds, Stopping threads took: 0.0001120 seconds
65.328: Application time: 0.0460110 seconds
65.328: [GC [PSYoungGen: 21085K->1952K(21504K)] 61009K->41875K(69120K), 0.0008140 secs] [Times: user=0.00 sys=0.00, real=0.00 secs] 
65.329: Total time for which application threads were stopped: 0.0009510 seconds, Stopping threads took: 0.0000680 seconds
65.372: Application time: 0.0436970 seconds
65.372: [GC [PSYoungGen: 20563K->2464K(21504K)] 60486K->42395K(69120K), 0.0009720 secs] [Times: user=0.01 sys=0.00, real=0.00 secs] 
65.373: Total time for which application threads were stopped: 0.0011130 seconds, Stopping threads took: 0.0000710 seconds
65.418: Application time: 0.0449750 seconds
65.419: [GC [PSYoungGen: 21000K->2480K(21504K)] 60932K->42419K(69120K), 0.0009830 secs] [Times: user=0.00 sys=0.00, real=0.00 secs] 
65.420: Total time for which application threads were stopped: 0.0011200 seconds, Stopping threads took: 0.0000650 seconds
65.464: Application time: 0.0448580 seconds
65.465: [GC [PSYoungGen: 21099K->1888K(21504K)] 61038K->41827K(69120K), 0.0008860 secs] [Times: user=0.01 sys=0.00, real=0.00 secs] 
65.465: Total time for which application threads were stopped: 0.0010120 seconds, Stopping threads took: 0.0000570 seconds
65.508: Application time: 0.0421210 seconds
65.508: [GC [PSYoungGen: 20420K->2464K(21504K)] 60360K->42411K(69120K), 0.0009810 secs] [Times: user=0.01 sys=0.00, real=0.00 secs] 
65.509: Total time for which application threads were stopped: 0.0011190 seconds, Stopping threads took: 0.0000690 seconds
65.554: Application time: 0.0455140 seconds
65.554: [GC [PSYoungGen: 20996K->2448K(21504K)] 60944K->42395K(69120K), 0.0009980 secs] [Times: user=0.00 sys=0.00, real=0.00 secs] 
65.555: Total time for which application threads were stopped: 0.0011400 seconds, Stopping threads took: 0.0000670 seconds
65.601: Application time: 0.0453260 seconds
65.601: [GC [PSYoungGen: 20989K->1968K(21504K)] 60936K->41915K(69120K), 0.0008490 secs] [Times: user=0.01 sys=0.00, real=0.00 secs] 
65.602: Total time for which application threads were stopped: 0.0010050 seconds, Stopping threads took: 0.0000850 seconds
65.647: Application time: 0.0454670 seconds
65.647: [GC [PSYoungGen: 20663K->1392K(21504K)] 60611K->41339K(69120K), 0.0006750 secs] [Times: user=0.01 sys=0.00, real=0.00 secs] 
65.648: Total time for which application threads were stopped: 0.0008170 seconds, Stopping threads took: 0.0000740 seconds
65.691: Application time: 0.0428590 seconds
65.691: [GC [PSYoungGen: 19996K->2512K(21504K)] 59944K->42979K(69120K), 0.0011680 secs] [Times: user=0.01 sys=0.00, real=0.00 secs] 
65.692: Total time for which application threads were stopped: 0.0013240 seconds, Stopping threads took: 0.0000770 seconds
65.739: Application time: 0.0473000 seconds
65.740: [GC [PSYoungGen: 21215K->944K(21504K)] 61683K->41419K(69120K), 0.0006170 secs] [Times: user=0.00 sys=0.00, real=0.00 secs] 
65.740: Total time for which application threads were stopped: 0.0007520 seconds, Stopping threads took: 0.0000720 seconds
65.782: Application time: 0.0414210 seconds
65.782: [GC [PSYoungGen: 19464K->2496K(21504K)] 59940K->43491K(69120K), 0.0011300 secs] [Times: user=0.01 sys=0.00, real=0.00 secs] 
65.783: Total time for which application threads were stopped: 0.0012760 seconds, Stopping threads took: 0.0000730 seconds
65.829: Application time: 0.0464190 seconds
65.829: [GC [PSYoungGen: 21043K->848K(21504K)] 62039K->41843K(69120K), 0.0005520 secs] [Times: user=0.00 sys=0.00, real=0.00 secs] 
65.830: Total time for which application threads were stopped: 0.0006940 seconds, Stopping threads took: 0.0000770 seconds
65.874: Application time: 0.0444080 seconds
65.875: [GC [PSYoungGen: 19378K->1920K(21504K)] 60374K->42915K(69120K), 0.0008430 secs] [Times: user=0.00 sys=0.00, real=0.01 secs] 
65.876: Total time for which application threads were stopped: 0.0017070 seconds, Stopping threads took: 0.0000750 seconds
65.920: Application time: 0.0438030 seconds
65.920: [GC [PSYoungGen: 20452K->2496K(21504K)] 61448K->43491K(69120K), 0.0010400 secs] [Times: user=0.01 sys=0.00, real=0.00 secs] 
65.921: Total time for which application threads were stopped: 0.0011950 seconds, Stopping threads took: 0.0000870 seconds
65.966: Application time: 0.0443900 seconds
65.966: [GC [PSYoungGen: 21117K->1392K(21504K)] 62113K->42387K(69120K), 0.0007500 secs] [Times: user=0.01 sys=0.00, real=0.00 secs] 
65.966: Total time for which application threads were stopped: 0.0008880 seconds, Stopping threads took: 0.0000730 seconds
66.010: Application time: 0.0434070 seconds
66.010: [GC [PSYoungGen: 19998K->2480K(21504K)] 60994K->43483K(69120K), 0.0009810 secs] [Times: user=0.00 sys=0.00, real=0.00 secs] 
66.011: Total time for which application threads were stopped: 0.0011260 seconds, Stopping threads took: 0.0000720 seconds
66.056: Application time: 0.0446150 seconds
66.056: [GC [PSYoungGen: 21017K->2480K(21504K)] 62020K->43491K(69120K), 0.0009840 secs] [Times: user=0.00 sys=0.00, real=0.01 secs] 
66.057: Total time for which application threads were stopped: 0.0011410 seconds, Stopping threads took: 0.0000670 seconds
66.101: Application time: 0.0442070 seconds
66.101: [GC [PSYoungGen: 21017K->1936K(21504K)] 62028K->42947K(69120K), 0.0007990 secs] [Times: user=0.00 sys=0.00, real=0.00 secs] 
66.102: Total time for which application threads were stopped: 0.0009640 seconds, Stopping threads took: 0.0000960 seconds
66.146: Application time: 0.0444110 seconds
66.146: [GC [PSYoungGen: 20555K->1952K(21504K)] 61567K->42971K(69120K), 0.0007910 secs] [Times: user=0.00 sys=0.00, real=0.00 secs] 
66.147: Total time for which application threads were stopped: 0.0009270 seconds, Stopping threads took: 0.0000700 seconds
66.191: Application time: 0.0435980 seconds
66.191: [GC [PSYoungGen: 20488K->1920K(21504K)] 61508K->42939K(69120K), 0.0008430 secs] [Times: user=0.00 sys=0.00, real=0.00 secs] 
66.192: Total time for which application threads were stopped: 0.0010050 seconds, Stopping threads took: 0.0000930 seconds
66.236: Application time: 0.0446370 seconds
66.237: [GC [PSYoungGen: 20456K->1360K(21504K)] 61476K->42379K(69120K), 0.0007020 secs] [Times: user=0.00 sys=0.00, real=0.00 secs] 
66.237: Total time for which application threads were stopped: 0.0008320 seconds, Stopping threads took: 0.0000640 seconds
66.281: Application time: 0.0437880 seconds
66.281: [GC [PSYoungGen: 19966K->2432K(21504K)] 60986K->43451K(69120K), 0.0010440 secs] [Times: user=0.01 sys=0.00, real=0.00 secs] 
66.282: Total time for which application threads were stopped: 0.0011900 seconds, Stopping threads took: 0.0000710 seconds
66.329: Application time: 0.0462970 seconds
66.329: [GC [PSYoungGen: 21051K->1408K(21504K)] 62071K->42435K(69120K), 0.0007350 secs] [Times: user=0.00 sys=0.00, real=0.00 secs] 
66.329: Total time for which application threads were stopped: 0.0008840 seconds, Stopping threads took: 0.0000860 seconds
66.371: Application time: 0.0420110 seconds
66.372: [GC [PSYoungGen: 20177K->2464K(21504K)] 61205K->43499K(69120K), 0.0009830 secs] [Times: user=0.00 sys=0.01, real=0.00 secs] 
66.373: Total time for which application threads were stopped: 0.0011340 seconds, Stopping threads took: 0.0000760 seconds
66.418: Application time: 0.0451190 seconds
66.418: [GC [PSYoungGen: 21005K->1952K(21504K)] 62040K->42995K(69120K), 0.0008780 secs] [Times: user=0.00 sys=0.00, real=0.00 secs] 
66.419: Total time for which application threads were stopped: 0.0010040 seconds, Stopping threads took: 0.0000640 seconds
66.464: Application time: 0.0447550 seconds
66.464: [GC [PSYoungGen: 20486K->1952K(21504K)] 61530K->42995K(69120K), 0.0008170 secs] [Times: user=0.00 sys=0.00, real=0.01 secs] 
66.464: Total time for which application threads were stopped: 0.0009710 seconds, Stopping threads took: 0.0000870 seconds
66.507: Application time: 0.0422690 seconds
66.507: [GC [PSYoungGen: 20472K->2368K(21504K)] 61516K->44947K(69120K), 0.0014630 secs] [Times: user=0.01 sys=0.00, real=0.00 secs] 
66.508: Total time for which application threads were stopped: 0.0016040 seconds, Stopping threads took: 0.0000650 seconds
66.555: Application time: 0.0464380 seconds
66.555: [GC [PSYoungGen: 20915K->1968K(21504K)] 63495K->44547K(69120K), 0.0008330 secs] [Times: user=0.01 sys=0.00, real=0.00 secs] 
66.556: Total time for which application threads were stopped: 0.0009660 seconds, Stopping threads took: 0.0000670 seconds
66.599: Application time: 0.0435460 seconds
66.599: [GC [PSYoungGen: 20576K->2480K(21504K)] 63156K->45059K(69120K), 0.0009720 secs] [Times: user=0.00 sys=0.00, real=0.00 secs] 
66.600: Total time for which application threads were stopped: 0.0011680 seconds, Stopping threads took: 0.0001130 seconds
66.647: Application time: 0.0463430 seconds
66.647: [GC [PSYoungGen: 21103K->1408K(21504K)] 63683K->43995K(69120K), 0.0006830 secs] [Times: user=0.01 sys=0.00, real=0.00 secs] 
66.648: Total time for which application threads were stopped: 0.0008220 seconds, Stopping threads took: 0.0000700 seconds
66.690: Application time: 0.0425930 seconds
66.690: [GC [PSYoungGen: 19936K->2464K(21504K)] 62524K->45059K(69120K), 0.0009590 secs] [Times: user=0.00 sys=0.00, real=0.00 secs] 
66.691: Total time for which application threads were stopped: 0.0010940 seconds, Stopping threads took: 0.0000670 seconds
66.736: Application time: 0.0450410 seconds
66.736: [GC [PSYoungGen: 21003K->1936K(21504K)] 63598K->44531K(69120K), 0.0008740 secs] [Times: user=0.01 sys=0.00, real=0.00 secs] 
66.737: Total time for which application threads were stopped: 0.0010000 seconds, Stopping threads took: 0.0000590 seconds
66.781: Application time: 0.0435190 seconds
66.781: [GC [PSYoungGen: 20551K->1920K(21504K)] 63147K->44515K(69120K), 0.0008280 secs] [Times: user=0.01 sys=0.00, real=0.00 secs] 
66.782: Total time for which application threads were stopped: 0.0010930 seconds, Stopping threads took: 0.0001960 seconds
66.826: Application time: 0.0435090 seconds
66.826: [GC [PSYoungGen: 20448K->2464K(21504K)] 63044K->45067K(69120K), 0.0009970 secs] [Times: user=0.01 sys=0.00, real=0.00 secs] 
66.827: Total time for which application threads were stopped: 0.0011870 seconds, Stopping threads took: 0.0001200 seconds
66.871: Application time: 0.0444420 seconds
66.871: [GC [PSYoungGen: 21007K->1936K(21504K)] 63610K->44539K(69120K), 0.0008270 secs] [Times: user=0.00 sys=0.00, real=0.00 secs] 
66.872: Total time for which application threads were stopped: 0.0009660 seconds, Stopping threads took: 0.0000680 seconds
66.916: Application time: 0.0443780 seconds
66.917: [GC [PSYoungGen: 20551K->1936K(21504K)] 63154K->44539K(69120K), 0.0008210 secs] [Times: user=0.00 sys=0.00, real=0.00 secs] 
66.917: Total time for which application threads were stopped: 0.0009500 seconds, Stopping threads took: 0.0000600 seconds
66.962: Application time: 0.0441390 seconds
66.962: [GC [PSYoungGen: 20549K->1936K(21504K)] 63152K->44547K(69120K), 0.0008540 secs] [Times: user=0.01 sys=0.00, real=0.00 secs] 
66.963: Total time for which application threads were stopped: 0.0009930 seconds, Stopping threads took: 0.0000720 seconds
67.006: Application time: 0.0438030 seconds
67.007: [GC [PSYoungGen: 20621K->2464K(21504K)] 63232K->45083K(69120K), 0.0009800 secs] [Times: user=0.00 sys=0.00, real=0.00 secs] 
67.008: Total time for which application threads were stopped: 0.0011750 seconds, Stopping threads took: 0.0001300 seconds
67.052: Application time: 0.0442970 seconds
67.052: [GC [PSYoungGen: 21085K->1952K(21504K)] 63705K->44579K(69120K), 0.0009350 secs] [Times: user=0.00 sys=0.00, real=0.00 secs] 
67.053: Total time for which application threads were stopped: 0.0010680 seconds, Stopping threads took: 0.0000680 seconds
67.097: Application time: 0.0437880 seconds
67.097: [GC [PSYoungGen: 20488K->1952K(21504K)] 63116K->44579K(69120K), 0.0008220 secs] [Times: user=0.01 sys=0.00, real=0.00 secs] 
67.098: Total time for which application threads were stopped: 0.0010540 seconds, Stopping threads took: 0.0001590 seconds
67.142: Application time: 0.0445390 seconds
67.142: [GC [PSYoungGen: 20488K->1936K(21504K)] 63116K->44563K(69120K), 0.0008480 secs] [Times: user=0.00 sys=0.00, real=0.00 secs] 
67.143: Total time for which application threads were stopped: 0.0010010 seconds, Stopping threads took: 0.0000770 seconds
67.187: Application time: 0.0434010 seconds
67.187: [GC [PSYoungGen: 20470K->1952K(21504K)] 63098K->44579K(69120K), 0.0008230 secs] [Times: user=0.00 sys=0.00, real=0.00 secs] 
67.188: Total time for which application threads were stopped: 0.0010870 seconds, Stopping threads took: 0.0001920 seconds
67.233: Application time: 0.0454220 seconds
67.233: [GC [PSYoungGen: 20563K->2400K(21504K)] 63190K->45027K(69120K), 0.0009360 secs] [Times: user=0.00 sys=0.00, real=0.00 secs] 
67.234: Total time for which application threads were stopped: 0.0010930 seconds, Stopping threads took: 0.0000900 seconds
67.279: Application time: 0.0446080 seconds
67.279: [GC [PSYoungGen: 21015K->2480K(21504K)] 63642K->45115K(69120K), 0.0009920 secs] [Times: user=0.00 sys=0.00, real=0.00 secs] 
67.280: Total time for which application threads were stopped: 0.0011290 seconds, Stopping threads took: 0.0000660 seconds
67.326: Application time: 0.0463700 seconds
67.327: [GC [PSYoungGen: 21017K->1888K(21504K)] 63652K->44531K(69120K), 0.0008540 secs] [Times: user=0.00 sys=0.00, real=0.00 secs] 
67.327: Total time for which application threads were stopped: 0.0009900 seconds, Stopping threads took: 0.0000680 seconds
67.371: Application time: 0.0435720 seconds
67.371: [GC [PSYoungGen: 20414K->2512K(21504K)] 63058K->45667K(69120K), 0.0011600 secs] [Times: user=0.01 sys=0.00, real=0.00 secs] 
67.372: Total time for which application threads were stopped: 0.0013240 seconds, Stopping threads took: 0.0000890 seconds
67.417: Application time: 0.0449400 seconds
67.417: [GC [PSYoungGen: 21133K->1952K(21504K)] 64289K->45107K(69120K), 0.0008020 secs] [Times: user=0.00 sys=0.00, real=0.00 secs] 
67.418: Total time for which application threads were stopped: 0.0009400 seconds, Stopping threads took: 0.0000700 seconds
67.463: Application time: 0.0443240 seconds
67.463: [GC [PSYoungGen: 20488K->1984K(21504K)] 63644K->45147K(69120K), 0.0008600 secs] [Times: user=0.01 sys=0.00, real=0.00 secs] 
67.464: Total time for which application threads were stopped: 0.0010100 seconds, Stopping threads took: 0.0000810 seconds
67.506: Application time: 0.0425370 seconds
67.506: [GC [PSYoungGen: 20506K->2512K(21504K)] 63670K->46699K(69120K), 0.0012960 secs] [Times: user=0.01 sys=0.00, real=0.00 secs] 
67.508: Total time for which application threads were stopped: 0.0014470 seconds, Stopping threads took: 0.0000760 seconds
67.553: Application time: 0.0459040 seconds
67.554: [GC [PSYoungGen: 21135K->1920K(21504K)] 65323K->46107K(69120K), 0.0008530 secs] [Times: user=0.01 sys=0.00, real=0.00 secs] 
67.554: Total time for which application threads were stopped: 0.0009840 seconds, Stopping threads took: 0.0000580 seconds
67.598: Application time: 0.0432610 seconds
67.598: [GC [PSYoungGen: 20528K->2480K(21504K)] 64716K->47187K(69120K), 0.0011580 secs] [Times: user=0.01 sys=0.00, real=0.00 secs] 
67.599: Total time for which application threads were stopped: 0.0013100 seconds, Stopping threads took: 0.0000770 seconds
67.644: Application time: 0.0451290 seconds
67.644: [GC [PSYoungGen: 21101K->1888K(21504K)] 65809K->46603K(69120K), 0.0008230 secs] [Times: user=0.01 sys=0.00, real=0.00 secs] 
67.645: Total time for which application threads were stopped: 0.0009590 seconds, Stopping threads took: 0.0000620 seconds
67.689: Application time: 0.0441140 seconds
67.689: [GC [PSYoungGen: 20581K->2416K(21504K)] 65297K->47140K(69120K), 0.0009720 secs] [Times: user=0.01 sys=0.00, real=0.00 secs] 
67.690: Total time for which application threads were stopped: 0.0011250 seconds, Stopping threads took: 0.0000800 seconds
67.735: Application time: 0.0445880 seconds
67.735: [GC [PSYoungGen: 20953K->1888K(21504K)] 65676K->46619K(69120K), 0.0008220 secs] [Times: user=0.00 sys=0.00, real=0.00 secs] 
67.736: Total time for which application threads were stopped: 0.0009550 seconds, Stopping threads took: 0.0000600 seconds
67.780: Application time: 0.0436750 seconds
67.780: [GC [PSYoungGen: 20420K->2496K(21504K)] 65152K->47227K(69120K), 0.0009940 secs] [Times: user=0.01 sys=0.00, real=0.00 secs] 
67.781: Total time for which application threads were stopped: 0.0011480 seconds, Stopping threads took: 0.0000790 seconds
67.825: Application time: 0.0443860 seconds
67.825: [GC [PSYoungGen: 21037K->1936K(21504K)] 65768K->46667K(69120K), 0.0008170 secs] [Times: user=0.00 sys=0.00, real=0.00 secs] 
67.826: Total time for which application threads were stopped: 0.0009470 seconds, Stopping threads took: 0.0000640 seconds
67.871: Application time: 0.0447880 seconds
67.871: [GC [PSYoungGen: 20551K->1952K(21504K)] 65283K->46683K(69120K), 0.0008610 secs] [Times: user=0.00 sys=0.00, real=0.00 secs] 
67.872: Total time for which application threads were stopped: 0.0010220 seconds, Stopping threads took: 0.0000930 seconds
67.917: Application time: 0.0451550 seconds
67.917: [GC [PSYoungGen: 20569K->1424K(21504K)] 65301K->46163K(69120K), 0.0006900 secs] [Times: user=0.00 sys=0.00, real=0.00 secs] 
67.918: Total time for which application threads were stopped: 0.0009010 seconds, Stopping threads took: 0.0001450 seconds
67.960: Application time: 0.0423970 seconds
67.960: [GC [PSYoungGen: 19944K->2496K(21504K)] 64684K->48267K(69120K), 0.0012970 secs] [Times: user=0.01 sys=0.00, real=0.00 secs] 
67.962: Total time for which application threads were stopped: 0.0014550 seconds, Stopping threads took: 0.0000800 seconds
68.007: Application time: 0.0456280 seconds
68.008: [GC [PSYoungGen: 21043K->1392K(21504K)] 66815K->47163K(69120K), 0.0006950 secs] [Times: user=0.00 sys=0.00, real=0.00 secs] 
68.008: Total time for which application threads were stopped: 0.0008530 seconds, Stopping threads took: 0.0000880 seconds
68.051: Application time: 0.0430860 seconds
68.051: [GC [PSYoungGen: 19998K->2400K(21504K)] 65770K->48172K(69120K), 0.0010150 secs] [Times: user=0.00 sys=0.00, real=0.00 secs] 
68.053: Total time for which application threads were stopped: 0.0011690 seconds, Stopping threads took: 0.0000760 seconds
68.097: Application time: 0.0448740 seconds
68.098: [GC [PSYoungGen: 20943K->1392K(21504K)] 66715K->47171K(69120K), 0.0006620 secs] [Times: user=0.00 sys=0.00, real=0.00 secs] 
68.098: Total time for which application threads were stopped: 0.0007970 seconds, Stopping threads took: 0.0000700 seconds
68.142: Application time: 0.0441020 seconds
68.142: [GC [PSYoungGen: 19924K->1904K(21504K)] 65704K->47683K(69120K), 0.0008140 secs] [Times: user=0.00 sys=0.00, real=0.00 secs] 
68.143: Total time for which application threads were stopped: 0.0009470 seconds, Stopping threads took: 0.0000630 seconds
68.187: Application time: 0.0439920 seconds
68.187: [GC [PSYoungGen: 20515K->2464K(21504K)] 66295K->48244K(69120K), 0.0009580 secs] [Times: user=0.01 sys=0.00, real=0.00 secs] 
68.188: Total time for which application threads were stopped: 0.0010970 seconds, Stopping threads took: 0.0000650 seconds
68.232: Application time: 0.0440110 seconds
68.232: [GC [PSYoungGen: 20994K->2512K(21504K)] 66774K->48812K(69120K), 0.0011360 secs] [Times: user=0.01 sys=0.00, real=0.00 secs] 
68.234: Total time for which application threads were stopped: 0.0012820 seconds, Stopping threads took: 0.0000720 seconds
68.279: Application time: 0.0450930 seconds
68.279: [GC [PSYoungGen: 21135K->1408K(21504K)] 67435K->47715K(69120K), 0.0006920 secs] [Times: user=0.00 sys=0.00, real=0.00 secs] 
68.280: Total time for which application threads were stopped: 0.0009170 seconds, Stopping threads took: 0.0001610 seconds
68.324: Application time: 0.0439470 seconds
68.324: [GC [PSYoungGen: 20175K->2464K(21504K)] 66483K->48780K(69120K), 0.0009830 secs] [Times: user=0.00 sys=0.00, real=0.01 secs] 
68.325: Total time for which application threads were stopped: 0.0011290 seconds, Stopping threads took: 0.0000740 seconds
68.369: Application time: 0.0446230 seconds
68.369: [GC [PSYoungGen: 21007K->1424K(21504K)] 67323K->47747K(69120K), 0.0007350 secs] [Times: user=0.00 sys=0.00, real=0.00 secs] 
68.370: Total time for which application threads were stopped: 0.0008730 seconds, Stopping threads took: 0.0000720 seconds
68.414: Application time: 0.0434900 seconds
68.414: [GC [PSYoungGen: 19944K->2512K(21504K)] 66268K->49860K(69120K), 0.0013000 secs] [Times: user=0.00 sys=0.00, real=0.00 secs] 
68.415: [Full GC [PSYoungGen: 2512K->0K(21504K)] [ParOldGen: 47347K->9549K(47616K)] 49860K->9549K(69120K) [PSPermGen: 5145K->5145K(21504K)], 0.0047570 secs] [Times: user=0.02 sys=0.01, real=0.01 secs] 
68.420: Total time for which application threads were stopped: 0.0062630 seconds, Stopping threads took: 0.0000800 seconds
68.467: Application time: 0.0466800 seconds
68.467: [GC [PSYoungGen: 18545K->1792K(21504K)] 28095K->11342K(69120K), 0.0007070 secs] [Times: user=0.00 sys=0.00, real=0.00 secs] 
68.468: Total time for which application threads were stopped: 0.0008370 seconds, Stopping threads took: 0.0000650 seconds
68.510: Application time: 0.0427940 seconds
68.511: [GC [PSYoungGen: 20316K->2304K(21504K)] 29866K->12366K(69120K), 0.0009970 secs] [Times: user=0.00 sys=0.00, real=0.00 secs] 
68.512: Total time for which application threads were stopped: 0.0012200 seconds, Stopping threads took: 0.0001490 seconds
68.557: Application time: 0.0453890 seconds
68.557: [GC [PSYoungGen: 21005K->1792K(21504K)] 31067K->11854K(69120K), 0.0007270 secs] [Times: user=0.01 sys=0.00, real=0.00 secs] 
68.558: Total time for which application threads were stopped: 0.0008730 seconds, Stopping threads took: 0.0000740 seconds
68.602: Application time: 0.0438670 seconds
68.602: [GC [PSYoungGen: 20324K->2304K(21504K)] 30386K->12366K(69120K), 0.0008570 secs] [Times: user=0.00 sys=0.00, real=0.00 secs] 
68.603: Total time for which application threads were stopped: 0.0009950 seconds, Stopping threads took: 0.0000670 seconds
68.647: Application time: 0.0447690 seconds
68.648: [GC [PSYoungGen: 20843K->1792K(21504K)] 30905K->11854K(69120K), 0.0007330 secs] [Times: user=0.01 sys=0.00, real=0.00 secs] 
68.648: Total time for which application threads were stopped: 0.0008720 seconds, Stopping threads took: 0.0000720 seconds
68.694: Application time: 0.0453030 seconds
68.694: [GC [PSYoungGen: 20407K->1792K(21504K)] 30469K->11854K(69120K), 0.0008450 secs] [Times: user=0.00 sys=0.00, real=0.00 secs] 
68.695: Total time for which application threads were stopped: 0.0014890 seconds, Stopping threads took: 0.0005460 seconds
68.740: Application time: 0.0446410 seconds
68.740: [GC [PSYoungGen: 20328K->1792K(21504K)] 30390K->11854K(69120K), 0.0007240 secs] [Times: user=0.00 sys=0.00, real=0.00 secs] 
68.741: Total time for which application threads were stopped: 0.0008580 seconds, Stopping threads took: 0.0000640 seconds
68.784: Application time: 0.0438170 seconds
68.785: [GC [PSYoungGen: 20324K->2304K(21504K)] 30386K->12366K(69120K), 0.0008790 secs] [Times: user=0.00 sys=0.00, real=0.00 secs] 
68.785: Total time for which application threads were stopped: 0.0010200 seconds, Stopping threads took: 0.0000710 seconds
68.831: Application time: 0.0454430 seconds
68.831: [GC [PSYoungGen: 20925K->1280K(21504K)] 30987K->11342K(69120K), 0.0005900 secs] [Times: user=0.01 sys=0.00, real=0.00 secs] 
68.832: Total time for which application threads were stopped: 0.0007250 seconds, Stopping threads took: 0.0000680 seconds
68.875: Application time: 0.0429980 seconds
68.875: [GC [PSYoungGen: 19806K->2384K(21504K)] 29868K->12446K(69120K), 0.0008800 secs] [Times: user=0.01 sys=0.00, real=0.00 secs] 
68.876: Total time for which application threads were stopped: 0.0010190 seconds, Stopping threads took: 0.0000730 seconds
68.920: Application time: 0.0443500 seconds
68.920: [GC [PSYoungGen: 21001K->1872K(21504K)] 31063K->11934K(69120K), 0.0007390 secs] [Times: user=0.00 sys=0.00, real=0.00 secs] 
68.921: Total time for which application threads were stopped: 0.0008690 seconds, Stopping threads took: 0.0000640 seconds
68.965: Application time: 0.0441780 seconds
68.965: [GC [PSYoungGen: 20567K->1936K(21504K)] 30629K->11998K(69120K), 0.0007890 secs] [Times: user=0.01 sys=0.00, real=0.00 secs] 
68.966: Total time for which application threads were stopped: 0.0009290 seconds, Stopping threads took: 0.0000710 seconds
69.010: Application time: 0.0438620 seconds
69.010: [GC [PSYoungGen: 20549K->2496K(21504K)] 30611K->12558K(69120K), 0.0009470 secs] [Times: user=0.00 sys=0.00, real=0.00 secs] 
69.011: Total time for which application threads were stopped: 0.0010800 seconds, Stopping threads took: 0.0000620 seconds
69.056: Application time: 0.0455070 seconds
69.057: [GC [PSYoungGen: 21039K->1440K(21504K)] 31101K->11502K(69120K), 0.0006550 secs] [Times: user=0.00 sys=0.00, real=0.00 secs] 
69.057: Total time for which application threads were stopped: 0.0007760 seconds, Stopping threads took: 0.0000550 seconds
69.100: Application time: 0.0429190 seconds
69.100: [GC [PSYoungGen: 19968K->2480K(21504K)] 30030K->12542K(69120K), 0.0009410 secs] [Times: user=0.01 sys=0.00, real=0.00 secs] 
69.101: Total time for which application threads were stopped: 0.0010760 seconds, Stopping threads took: 0.0000690 seconds
69.147: Application time: 0.0453870 seconds
69.147: [GC [PSYoungGen: 21023K->1408K(21504K)] 31085K->11470K(69120K), 0.0006640 secs] [Times: user=0.00 sys=0.00, real=0.00 secs] 
69.147: Total time for which application threads were stopped: 0.0007920 seconds, Stopping threads took: 0.0000630 seconds
69.191: Application time: 0.0431720 seconds
69.191: [GC [PSYoungGen: 20093K->2480K(21504K)] 30155K->12542K(69120K), 0.0009180 secs] [Times: user=0.01 sys=0.00, real=0.00 secs] 
69.192: Total time for which application threads were stopped: 0.0010560 seconds, Stopping threads took: 0.0000640 seconds
69.238: Application time: 0.0460380 seconds
69.238: [GC [PSYoungGen: 21023K->1424K(21504K)] 31085K->11502K(69120K), 0.0006620 secs] [Times: user=0.01 sys=0.00, real=0.00 secs] 
69.238: Total time for which application threads were stopped: 0.0007950 seconds, Stopping threads took: 0.0000620 seconds
69.281: Application time: 0.0426560 seconds
69.281: [GC [PSYoungGen: 19952K->2496K(21504K)] 30030K->12574K(69120K), 0.0009310 secs] [Times: user=0.00 sys=0.00, real=0.00 secs] 
69.282: Total time for which application threads were stopped: 0.0010980 seconds, Stopping threads took: 0.0000920 seconds
69.327: Application time: 0.0451470 seconds
69.327: [GC [PSYoungGen: 21113K->1936K(21504K)] 31191K->12014K(69120K), 0.0007780 secs] [Times: user=0.01 sys=0.00, real=0.00 secs] 
69.328: Total time for which application threads were stopped: 0.0009220 seconds, Stopping threads took: 0.0000770 seconds
69.371: Application time: 0.0425650 seconds
69.371: [GC [PSYoungGen: 20468K->2480K(21504K)] 30546K->12574K(69120K), 0.0009360 secs] [Times: user=0.00 sys=0.00, real=0.00 secs] 
69.372: Total time for which application threads were stopped: 0.0010670 seconds, Stopping threads took: 0.0000620 seconds
69.417: Application time: 0.0446230 seconds
69.417: [GC [PSYoungGen: 21019K->1936K(21504K)] 31113K->12030K(69120K), 0.0007830 secs] [Times: user=0.00 sys=0.00, real=0.00 secs] 
69.417: Total time for which application threads were stopped: 0.0009170 seconds, Stopping threads took: 0.0000680 seconds
69.461: Application time: 0.0433240 seconds
69.461: [GC [PSYoungGen: 20464K->2496K(21504K)] 30558K->13102K(69120K), 0.0010490 secs] [Times: user=0.00 sys=0.00, real=0.00 secs] 
69.462: Total time for which application threads were stopped: 0.0011950 seconds, Stopping threads took: 0.0000770 seconds
69.509: Application time: 0.0465930 seconds
69.509: [GC [PSYoungGen: 21117K->1920K(21504K)] 31723K->12542K(69120K), 0.0007720 secs] [Times: user=0.00 sys=0.00, real=0.00 secs] 
69.510: Total time for which application threads were stopped: 0.0009130 seconds, Stopping threads took: 0.0000760 seconds
69.552: Application time: 0.0420330 seconds
69.552: [GC [PSYoungGen: 20522K->2528K(21504K)] 31144K->14174K(69120K), 0.0012830 secs] [Times: user=0.00 sys=0.00, real=0.00 secs] 
69.553: Total time for which application threads were stopped: 0.0014370 seconds, Stopping threads took: 0.0000620 seconds
69.598: Application time: 0.0453230 seconds
69.598: [GC [PSYoungGen: 21151K->1936K(21504K)] 32797K->13598K(69120K), 0.0007750 secs] [Times: user=0.00 sys=0.00, real=0.00 secs] 
69.599: Total time for which application threads were stopped: 0.0009360 seconds, Stopping threads took: 0.0000940 seconds
69.641: Application time: 0.0422000 seconds
69.642: [GC [PSYoungGen: 20621K->2496K(21504K)] 32283K->15190K(69120K), 0.0012670 secs] [Times: user=0.01 sys=0.00, real=0.00 secs] 
69.643: Total time for which application threads were stopped: 0.0014180 seconds, Stopping threads took: 0.0000770 seconds
69.689: Application time: 0.0464010 seconds
69.689: [GC [PSYoungGen: 21041K->1952K(21504K)] 33735K->14662K(69120K), 0.0007610 secs] [Times: user=0.00 sys=0.00, real=0.00 secs] 
69.690: Total time for which application threads were stopped: 0.0008830 seconds, Stopping threads took: 0.0000590 seconds
69.735: Application time: 0.0443870 seconds
69.735: [GC [PSYoungGen: 20484K->2496K(21504K)] 33194K->15206K(69120K), 0.0009170 secs] [Times: user=0.00 sys=0.00, real=0.00 secs] 
69.736: Total time for which application threads were stopped: 0.0010600 seconds, Stopping threads took: 0.0000720 seconds
69.780: Application time: 0.0449020 seconds
69.781: [GC [PSYoungGen: 21041K->864K(21504K)] 33751K->13574K(69120K), 0.0005180 secs] [Times: user=0.00 sys=0.00, real=0.00 secs] 
69.781: Total time for which application threads were stopped: 0.0006950 seconds, Stopping threads took: 0.0001090 seconds
69.824: Application time: 0.0426720 seconds
69.824: [GC [PSYoungGen: 19547K->2384K(21504K)] 32257K->15094K(69120K), 0.0010350 secs] [Times: user=0.00 sys=0.00, real=0.01 secs] 
69.825: Total time for which application threads were stopped: 0.0011870 seconds, Stopping threads took: 0.0000760 seconds
69.870: Application time: 0.0446000 seconds
69.870: [GC [PSYoungGen: 20923K->1968K(21504K)] 33633K->14686K(69120K), 0.0007950 secs] [Times: user=0.00 sys=0.00, real=0.00 secs] 
69.871: Total time for which application threads were stopped: 0.0009200 seconds, Stopping threads took: 0.0000580 seconds
69.916: Application time: 0.0452010 seconds
69.916: [GC [PSYoungGen: 20504K->1936K(21504K)] 33223K->14654K(69120K), 0.0007840 secs] [Times: user=0.01 sys=0.00, real=0.01 secs] 
69.917: Total time for which application threads were stopped: 0.0009160 seconds, Stopping threads took: 0.0000620 seconds
69.960: Application time: 0.0435830 seconds
69.960: [GC [PSYoungGen: 20462K->2496K(21504K)] 33180K->15726K(69120K), 0.0010870 secs] [Times: user=0.01 sys=0.00, real=0.00 secs] 
69.962: Total time for which application threads were stopped: 0.0012500 seconds, Stopping threads took: 0.0000920 seconds
70.008: Application time: 0.0460680 seconds
70.008: [GC [PSYoungGen: 21117K->1952K(21504K)] 34347K->15190K(69120K), 0.0007900 secs] [Times: user=0.00 sys=0.01, real=0.00 secs] 
70.009: Total time for which application threads were stopped: 0.0009390 seconds, Stopping threads took: 0.0000790 seconds
70.053: Application time: 0.0443360 seconds
70.053: [GC [PSYoungGen: 20488K->1968K(21504K)] 33727K->15206K(69120K), 0.0007520 secs] [Times: user=0.00 sys=0.00, real=0.00 secs] 
70.054: Total time for which application threads were stopped: 0.0009160 seconds, Stopping threads took: 0.0001000 seconds
70.099: Application time: 0.0449490 seconds
70.099: [GC [PSYoungGen: 20504K->1952K(21504K)] 33743K->15190K(69120K), 0.0007790 secs] [Times: user=0.01 sys=0.00, real=0.00 secs] 
70.100: Total time for which application threads were stopped: 0.0009040 seconds, Stopping threads took: 0.0000620 seconds
70.143: Application time: 0.0433930 seconds
70.143: [GC [PSYoungGen: 20561K->2448K(21504K)] 33799K->15686K(69120K), 0.0009520 secs] [Times: user=0.01 sys=0.00, real=0.01 secs] 
70.144: Total time for which application threads were stopped: 0.0011180 seconds, Stopping threads took: 0.0000870 seconds
70.189: Application time: 0.0444820 seconds
70.189: [GC [PSYoungGen: 21063K->2480K(21504K)] 34301K->15726K(69120K), 0.0009610 secs] [Times: user=0.00 sys=0.00, real=0.00 secs] 
70.190: Total time for which application threads were stopped: 0.0010930 seconds, Stopping threads took: 0.0000580 seconds
70.235: Application time: 0.0451560 seconds
70.235: [GC [PSYoungGen: 21101K->1456K(21504K)] 34347K->14710K(69120K), 0.0006790 secs] [Times: user=0.01 sys=0.00, real=0.00 secs] 
70.236: Total time for which application threads were stopped: 0.0008000 seconds, Stopping threads took: 0.0000560 seconds
70.278: Application time: 0.0422460 seconds
70.278: [GC [PSYoungGen: 20058K->2512K(21504K)] 33312K->16286K(69120K), 0.0011010 secs] [Times: user=0.01 sys=0.00, real=0.00 secs] 
70.279: Total time for which application threads were stopped: 0.0012370 seconds, Stopping threads took: 0.0000600 seconds
70.326: Application time: 0.0463240 seconds
70.326: [GC [PSYoungGen: 21135K->1408K(21504K)] 34909K->15190K(69120K), 0.0006310 secs] [Times: user=0.00 sys=0.00, real=0.00 secs] 
70.326: Total time for which application threads were stopped: 0.0007810 seconds, Stopping threads took: 0.0000730 seconds
70.367: Application time: 0.0409680 seconds
70.367: [GC [PSYoungGen: 19928K->2496K(21504K)] 33710K->17302K(69120K), 0.0012710 secs] [Times: user=0.01 sys=0.00, real=0.00 secs] 
70.369: Total time for which application threads were stopped: 0.0014170 seconds, Stopping threads took: 0.0000700 seconds
70.416: Application time: 0.0468380 seconds
70.416: [GC [PSYoungGen: 21043K->1392K(21504K)] 35849K->16198K(69120K), 0.0006530 secs] [Times: user=0.00 sys=0.00, real=0.01 secs] 
70.416: Total time for which application threads were stopped: 0.0007810 seconds, Stopping threads took: 0.0000620 seconds
70.458: Application time: 0.0420700 seconds
70.459: [GC [PSYoungGen: 19992K->2496K(21504K)] 34798K->18326K(69120K), 0.0013300 secs] [Times: user=0.00 sys=0.00, real=0.00 secs] 
70.460: Total time for which application threads were stopped: 0.0014810 seconds, Stopping threads took: 0.0000730 seconds
70.508: Application time: 0.0476460 seconds
70.508: [GC [PSYoungGen: 21121K->1408K(21504K)] 36951K->17246K(69120K), 0.0006540 secs] [Times: user=0.00 sys=0.00, real=0.00 secs] 
70.508: Total time for which application threads were stopped: 0.0007850 seconds, Stopping threads took: 0.0000660 seconds
70.549: Application time: 0.0407730 seconds
70.549: [GC [PSYoungGen: 19932K->2384K(21504K)] 35770K->18734K(69120K), 0.0010960 secs] [Times: user=0.00 sys=0.00, real=0.00 secs] 
70.550: Total time for which application threads were stopped: 0.0012400 seconds, Stopping threads took: 0.0000710 seconds
70.597: Application time: 0.0463100 seconds
70.597: [GC [PSYoungGen: 20927K->1952K(21504K)] 37277K->18302K(69120K), 0.0007810 secs] [Times: user=0.01 sys=0.00, real=0.00 secs] 
70.598: Total time for which application threads were stopped: 0.0009300 seconds, Stopping threads took: 0.0000800 seconds
70.640: Application time: 0.0424420 seconds
70.640: [GC [PSYoungGen: 20554K->2528K(21504K)] 36905K->19902K(69120K), 0.0012810 secs] [Times: user=0.01 sys=0.00, real=0.00 secs] 
70.641: Total time for which application threads were stopped: 0.0014330 seconds, Stopping threads took: 0.0000770 seconds
70.688: Application time: 0.0461850 seconds
70.688: [GC [PSYoungGen: 21073K->1984K(21504K)] 38447K->19366K(69120K), 0.0007960 secs] [Times: user=0.00 sys=0.00, real=0.00 secs] 
70.689: Total time for which application threads were stopped: 0.0009390 seconds, Stopping threads took: 0.0000730 seconds
70.734: Application time: 0.0454850 seconds
70.734: [GC [PSYoungGen: 20525K->864K(21504K)] 37907K->18246K(69120K), 0.0005300 secs] [Times: user=0.01 sys=0.00, real=0.00 secs] 
70.735: Total time for which application threads were stopped: 0.0008070 seconds, Stopping threads took: 0.0002100 seconds
70.777: Application time: 0.0425600 seconds
70.778: [GC [PSYoungGen: 19466K->2496K(21504K)] 36848K->19878K(69120K), 0.0009530 secs] [Times: user=0.00 sys=0.00, real=0.00 secs] 
70.779: Total time for which application threads were stopped: 0.0011010 seconds, Stopping threads took: 0.0000750 seconds
70.825: Application time: 0.0468970 seconds
70.826: [GC [PSYoungGen: 21115K->1408K(21504K)] 38497K->18798K(69120K), 0.0006420 secs] [Times: user=0.01 sys=0.00, real=0.00 secs] 
70.826: Total time for which application threads were stopped: 0.0007720 seconds, Stopping threads took: 0.0000640 seconds
70.867: Application time: 0.0408810 seconds
70.867: [GC [PSYoungGen: 19932K->2480K(21504K)] 37322K->20390K(69120K), 0.0010890 secs] [Times: user=0.01 sys=0.00, real=0.00 secs] 
70.868: Total time for which application threads were stopped: 0.0012380 seconds, Stopping threads took: 0.0000680 seconds
70.916: Application time: 0.0473080 seconds
70.916: [GC [PSYoungGen: 21184K->880K(21504K)] 39094K->18798K(69120K), 0.0005120 secs] [Times: user=0.00 sys=0.00, real=0.01 secs] 
70.917: Total time for which application threads were stopped: 0.0017390 seconds, Stopping threads took: 0.0001160 seconds
70.959: Application time: 0.0419210 seconds
70.959: [GC [PSYoungGen: 19480K->2512K(21504K)] 37398K->20950K(69120K), 0.0011630 secs] [Times: user=0.00 sys=0.00, real=0.00 secs] 
70.961: Total time for which application threads were stopped: 0.0013440 seconds, Stopping threads took: 0.0001070 seconds
71.008: Application time: 0.0468810 seconds
71.008: [GC [PSYoungGen: 21059K->912K(21504K)] 39497K->19358K(69120K), 0.0005190 secs] [Times: user=0.00 sys=0.00, real=0.00 secs] 
71.008: Total time for which application threads were stopped: 0.0006610 seconds, Stopping threads took: 0.0000790 seconds
71.051: Application time: 0.0427920 seconds
71.051: [GC [PSYoungGen: 19436K->2464K(21504K)] 37882K->20910K(69120K), 0.0009680 secs] [Times: user=0.00 sys=0.00, real=0.00 secs] 
71.052: Total time for which application threads were stopped: 0.0011070 seconds, Stopping threads took: 0.0000650 seconds
71.098: Application time: 0.0459500 seconds
71.098: [GC [PSYoungGen: 21085K->1376K(21504K)] 39531K->19822K(69120K), 0.0006410 secs] [Times: user=0.01 sys=0.00, real=0.00 secs] 
71.099: Total time for which application threads were stopped: 0.0007870 seconds, Stopping threads took: 0.0000780 seconds
71.141: Application time: 0.0421060 seconds
71.141: [GC [PSYoungGen: 19982K->2464K(21504K)] 38429K->20918K(69120K), 0.0009600 secs] [Times: user=0.00 sys=0.00, real=0.00 secs] 
71.142: Total time for which application threads were stopped: 0.0011010 seconds, Stopping threads took: 0.0000700 seconds
71.189: Application time: 0.0466540 seconds
71.189: [GC [PSYoungGen: 21009K->336K(21504K)] 39463K->18798K(69120K), 0.0004060 secs] [Times: user=0.00 sys=0.00, real=0.00 secs] 
71.189: Total time for which application threads were stopped: 0.0005340 seconds, Stopping threads took: 0.0000710 seconds
71.232: Application time: 0.0425380 seconds
71.232: [GC [PSYoungGen: 18860K->1920K(21504K)] 37322K->20382K(69120K), 0.0008190 secs] [Times: user=0.00 sys=0.00, real=0.00 secs] 
71.233: Total time for which application threads were stopped: 0.0009940 seconds, Stopping threads took: 0.0001060 seconds
71.277: Application time: 0.0446520 seconds
71.278: [GC [PSYoungGen: 20541K->1376K(21504K)] 39003K->19838K(69120K), 0.0006090 secs] [Times: user=0.00 sys=0.00, real=0.00 secs] 
71.278: Total time for which application threads were stopped: 0.0008690 seconds, Stopping threads took: 0.0001960 seconds
71.322: Application time: 0.0436480 seconds
71.322: [GC [PSYoungGen: 19904K->2496K(21504K)] 38366K->20966K(69120K), 0.0009540 secs] [Times: user=0.01 sys=0.00, real=0.00 secs] 
71.323: Total time for which application threads were stopped: 0.0010980 seconds, Stopping threads took: 0.0000720 seconds
71.368: Application time: 0.0445410 seconds
71.368: [GC [PSYoungGen: 21039K->1392K(21504K)] 39509K->19862K(69120K), 0.0006250 secs] [Times: user=0.00 sys=0.00, real=0.00 secs] 
71.368: Total time for which application threads were stopped: 0.0007520 seconds, Stopping threads took: 0.0000620 seconds
71.411: Application time: 0.0431040 seconds
71.412: [GC [PSYoungGen: 20001K->2480K(21504K)] 38471K->20950K(69120K), 0.0009470 secs] [Times: user=0.00 sys=0.00, real=0.00 secs] 
71.413: Total time for which application threads were stopped: 0.0011100 seconds, Stopping threads took: 0.0000740 seconds
71.457: Application time: 0.0445610 seconds
71.457: [GC [PSYoungGen: 21019K->1920K(21504K)] 39489K->20398K(69120K), 0.0007970 secs] [Times: user=0.00 sys=0.00, real=0.00 secs] 
71.458: Total time for which application threads were stopped: 0.0009460 seconds, Stopping threads took: 0.0000850 seconds
71.501: Application time: 0.0431260 seconds
71.501: [GC [PSYoungGen: 20527K->2448K(21504K)] 39005K->21446K(69120K), 0.0011540 secs] [Times: user=0.01 sys=0.00, real=0.00 secs] 
71.503: Total time for which application threads were stopped: 0.0013100 seconds, Stopping threads took: 0.0000840 seconds
71.548: Application time: 0.0453610 seconds
71.548: [GC [PSYoungGen: 21147K->1952K(21504K)] 40145K->20950K(69120K), 0.0007770 secs] [Times: user=0.00 sys=0.01, real=0.00 secs] 
71.549: Total time for which application threads were stopped: 0.0009250 seconds, Stopping threads took: 0.0000830 seconds
71.592: Application time: 0.0436190 seconds
71.593: [GC [PSYoungGen: 20565K->2432K(21504K)] 39563K->21438K(69120K), 0.0009450 secs] [Times: user=0.01 sys=0.00, real=0.00 secs] 
71.594: Total time for which application threads were stopped: 0.0010930 seconds, Stopping threads took: 0.0000740 seconds
71.639: Application time: 0.0452640 seconds
71.639: [GC [PSYoungGen: 20973K->1968K(21504K)] 39979K->20982K(69120K), 0.0007750 secs] [Times: user=0.00 sys=0.00, real=0.00 secs] 
71.640: Total time for which application threads were stopped: 0.0009050 seconds, Stopping threads took: 0.0000640 seconds
71.683: Application time: 0.0436450 seconds
71.683: [GC [PSYoungGen: 20502K->1408K(21504K)] 39517K->20422K(69120K), 0.0006560 secs] [Times: user=0.00 sys=0.00, real=0.01 secs] 
71.684: Total time for which application threads were stopped: 0.0008120 seconds, Stopping threads took: 0.0000850 seconds
71.728: Application time: 0.0433850 seconds
71.728: [GC [PSYoungGen: 19936K->2480K(21504K)] 38950K->22006K(69120K), 0.0010880 secs] [Times: user=0.00 sys=0.00, real=0.00 secs] 
71.729: Total time for which application threads were stopped: 0.0012260 seconds, Stopping threads took: 0.0000680 seconds
71.775: Application time: 0.0457670 seconds
71.775: [GC [PSYoungGen: 21173K->2480K(21504K)] 40699K->22014K(69120K), 0.0009290 secs] [Times: user=0.01 sys=0.00, real=0.00 secs] 
71.776: Total time for which application threads were stopped: 0.0010640 seconds, Stopping threads took: 0.0000640 seconds
71.820: Application time: 0.0447680 seconds
71.820: [GC [PSYoungGen: 21023K->1424K(21504K)] 40557K->20966K(69120K), 0.0006390 secs] [Times: user=0.01 sys=0.00, real=0.00 secs] 
71.821: Total time for which application threads were stopped: 0.0007650 seconds, Stopping threads took: 0.0000660 seconds
71.864: Application time: 0.0433390 seconds
71.865: [GC [PSYoungGen: 19944K->2416K(21504K)] 39486K->22470K(69120K), 0.0011130 secs] [Times: user=0.01 sys=0.00, real=0.00 secs] 
71.866: Total time for which application threads were stopped: 0.0013110 seconds, Stopping threads took: 0.0001280 seconds
71.911: Application time: 0.0452990 seconds
71.911: [GC [PSYoungGen: 21041K->1424K(21504K)] 41095K->21478K(69120K), 0.0006730 secs] [Times: user=0.01 sys=0.00, real=0.00 secs] 
71.912: Total time for which application threads were stopped: 0.0008060 seconds, Stopping threads took: 0.0000710 seconds
71.956: Application time: 0.0437030 seconds
71.956: [GC [PSYoungGen: 19952K->2464K(21504K)] 40006K->22526K(69120K), 0.0009520 secs] [Times: user=0.01 sys=0.00, real=0.01 secs] 
71.957: Total time for which application threads were stopped: 0.0011130 seconds, Stopping threads took: 0.0000800 seconds
72.003: Application time: 0.0462720 seconds
72.003: [GC [PSYoungGen: 21009K->864K(21504K)] 41071K->20926K(69120K), 0.0005310 secs] [Times: user=0.00 sys=0.00, real=0.00 secs] 
72.004: Total time for which application threads were stopped: 0.0006780 seconds, Stopping threads took: 0.0000820 seconds
72.046: Application time: 0.0422980 seconds
72.046: [GC [PSYoungGen: 19466K->2448K(21504K)] 39529K->22510K(69120K), 0.0010950 secs] [Times: user=0.00 sys=0.00, real=0.00 secs] 
72.047: Total time for which application threads were stopped: 0.0012430 seconds, Stopping threads took: 0.0000740 seconds
72.093: Application time: 0.0460540 seconds
72.093: [GC [PSYoungGen: 20993K->880K(21504K)] 41055K->20950K(69120K), 0.0005090 secs] [Times: user=0.00 sys=0.00, real=0.00 secs] 
72.094: Total time for which application threads were stopped: 0.0006430 seconds, Stopping threads took: 0.0000670 seconds
72.136: Application time: 0.0422750 seconds
72.136: [GC [PSYoungGen: 19482K->2496K(21504K)] 39553K->22566K(69120K), 0.0009280 secs] [Times: user=0.01 sys=0.00, real=0.00 secs] 
72.137: Total time for which application threads were stopped: 0.0011440 seconds, Stopping threads took: 0.0001460 seconds
72.183: Application time: 0.0461440 seconds
72.184: [GC [PSYoungGen: 21117K->1424K(21504K)] 41187K->21502K(69120K), 0.0006830 secs] [Times: user=0.00 sys=0.00, real=0.01 secs] 
72.184: Total time for which application threads were stopped: 0.0008040 seconds, Stopping threads took: 0.0000580 seconds
72.226: Application time: 0.0418790 seconds
72.226: [GC [PSYoungGen: 20030K->2480K(21504K)] 40109K->22566K(69120K), 0.0009230 secs] [Times: user=0.01 sys=0.00, real=0.00 secs] 
72.227: Total time for which application threads were stopped: 0.0010710 seconds, Stopping threads took: 0.0000750 seconds
72.273: Application time: 0.0456030 seconds
72.273: [GC [PSYoungGen: 21095K->2464K(21504K)] 41181K->22558K(69120K), 0.0009720 secs] [Times: user=0.00 sys=0.00, real=0.00 secs] 
72.274: Total time for which application threads were stopped: 0.0011120 seconds, Stopping threads took: 0.0000680 seconds
72.321: Application time: 0.0469100 seconds
72.321: [GC [PSYoungGen: 21011K->352K(21504K)] 41105K->20446K(69120K), 0.0003850 secs] [Times: user=0.00 sys=0.00, real=0.00 secs] 
72.321: Total time for which application threads were stopped: 0.0005040 seconds, Stopping threads took: 0.0000610 seconds
72.362: Application time: 0.0405090 seconds
72.362: [GC [PSYoungGen: 18872K->2528K(21504K)] 38966K->22622K(69120K), 0.0009770 secs] [Times: user=0.01 sys=0.00, real=0.00 secs] 
72.363: Total time for which application threads were stopped: 0.0011190 seconds, Stopping threads took: 0.0000690 seconds
72.411: Application time: 0.0482020 seconds
72.411: [GC [PSYoungGen: 21231K->320K(21504K)] 41326K->20414K(69120K), 0.0003840 secs] [Times: user=0.00 sys=0.00, real=0.00 secs] 
72.412: Total time for which application threads were stopped: 0.0005040 seconds, Stopping threads took: 0.0000590 seconds
72.451: Application time: 0.0395750 seconds
72.451: [GC [PSYoungGen: 18838K->2448K(21504K)] 38932K->22550K(69120K), 0.0009700 secs] [Times: user=0.01 sys=0.00, real=0.00 secs] 
72.452: Total time for which application threads were stopped: 0.0011260 seconds, Stopping threads took: 0.0000830 seconds
72.500: Application time: 0.0471460 seconds
72.500: [GC [PSYoungGen: 20991K->1392K(21504K)] 41093K->21494K(69120K), 0.0006480 secs] [Times: user=0.00 sys=0.00, real=0.00 secs] 
72.500: Total time for which application threads were stopped: 0.0008160 seconds, Stopping threads took: 0.0000960 seconds
72.544: Application time: 0.0438150 seconds
72.544: [GC [PSYoungGen: 19920K->1968K(21504K)] 40022K->22070K(69120K), 0.0007720 secs] [Times: user=0.00 sys=0.00, real=0.00 secs] 
72.545: Total time for which application threads were stopped: 0.0009420 seconds, Stopping threads took: 0.0001050 seconds
72.589: Application time: 0.0443040 seconds
72.590: [GC [PSYoungGen: 20587K->1424K(21504K)] 40689K->21534K(69120K), 0.0006710 secs] [Times: user=0.01 sys=0.00, real=0.00 secs] 
72.590: Total time for which application threads were stopped: 0.0008250 seconds, Stopping threads took: 0.0000860 seconds
72.634: Application time: 0.0432470 seconds
72.634: [GC [PSYoungGen: 19952K->2480K(21504K)] 40062K->22590K(69120K), 0.0009710 secs] [Times: user=0.01 sys=0.00, real=0.00 secs] 
72.635: Total time for which application threads were stopped: 0.0011170 seconds, Stopping threads took: 0.0000730 seconds
72.680: Application time: 0.0449860 seconds
72.680: [GC [PSYoungGen: 21101K->1408K(21504K)] 41211K->21518K(69120K), 0.0006490 secs] [Times: user=0.00 sys=0.00, real=0.00 secs] 
72.680: Total time for which application threads were stopped: 0.0007940 seconds, Stopping threads took: 0.0000810 seconds
72.724: Application time: 0.0430670 seconds
72.724: [GC [PSYoungGen: 19932K->2496K(21504K)] 40042K->23126K(69120K), 0.0011540 secs] [Times: user=0.00 sys=0.00, real=0.01 secs] 
72.725: Total time for which application threads were stopped: 0.0013080 seconds, Stopping threads took: 0.0000800 seconds
72.772: Application time: 0.0470100 seconds
72.772: [GC [PSYoungGen: 21121K->880K(21504K)] 41751K->21510K(69120K), 0.0005020 secs] [Times: user=0.00 sys=0.00, real=0.00 secs] 
72.772: Total time for which application threads were stopped: 0.0006340 seconds, Stopping threads took: 0.0000650 seconds
72.814: Application time: 0.0417430 seconds
72.814: [GC [PSYoungGen: 19480K->2496K(21504K)] 40111K->23646K(69120K), 0.0011140 secs] [Times: user=0.00 sys=0.00, real=0.00 secs] 
72.815: Total time for which application threads were stopped: 0.0012540 seconds, Stopping threads took: 0.0000670 seconds
72.863: Application time: 0.0478030 seconds
72.863: [GC [PSYoungGen: 21121K->912K(21504K)] 42271K->22070K(69120K), 0.0004900 secs] [Times: user=0.01 sys=0.00, real=0.00 secs] 
72.864: Total time for which application threads were stopped: 0.0006060 seconds, Stopping threads took: 0.0000530 seconds
72.905: Application time: 0.0408920 seconds
72.905: [GC [PSYoungGen: 19514K->2464K(21504K)] 40673K->23630K(69120K), 0.0009370 secs] [Times: user=0.01 sys=0.00, real=0.00 secs] 
72.906: Total time for which application threads were stopped: 0.0010830 seconds, Stopping threads took: 0.0000760 seconds
72.951: Application time: 0.0455430 seconds
72.952: [GC [PSYoungGen: 21007K->1424K(21504K)] 42173K->22598K(69120K), 0.0007080 secs] [Times: user=0.00 sys=0.00, real=0.00 secs] 
72.952: Total time for which application threads were stopped: 0.0008420 seconds, Stopping threads took: 0.0000720 seconds
72.995: Application time: 0.0426420 seconds
72.995: [GC [PSYoungGen: 19952K->2496K(21504K)] 41127K->23670K(69120K), 0.0009460 secs] [Times: user=0.00 sys=0.00, real=0.00 secs] 
72.996: Total time for which application threads were stopped: 0.0010830 seconds, Stopping threads took: 0.0000660 seconds
73.040: Application time: 0.0440990 seconds
73.040: [GC [PSYoungGen: 21191K->1840K(21504K)] 42366K->23014K(69120K), 0.0008710 secs] [Times: user=0.00 sys=0.00, real=0.00 secs] 
73.041: Total time for which application threads were stopped: 0.0010860 seconds, Stopping threads took: 0.0001340 seconds
73.085: Application time: 0.0436230 seconds
73.085: [GC [PSYoungGen: 20370K->2480K(21504K)] 41545K->23662K(69120K), 0.0009950 secs] [Times: user=0.01 sys=0.00, real=0.00 secs] 
73.086: Total time for which application threads were stopped: 0.0011310 seconds, Stopping threads took: 0.0000620 seconds
73.133: Application time: 0.0471340 seconds
73.133: [GC [PSYoungGen: 21027K->320K(21504K)] 42209K->21502K(69120K), 0.0004420 secs] [Times: user=0.00 sys=0.00, real=0.00 secs] 
73.134: Total time for which application threads were stopped: 0.0005590 seconds, Stopping threads took: 0.0000610 seconds
73.175: Application time: 0.0411670 seconds
73.175: [GC [PSYoungGen: 18838K->2496K(21504K)] 40020K->24190K(69120K), 0.0011080 secs] [Times: user=0.00 sys=0.00, real=0.00 secs] 
73.176: Total time for which application threads were stopped: 0.0012740 seconds, Stopping threads took: 0.0000810 seconds
73.223: Application time: 0.0466200 seconds
73.223: [GC [PSYoungGen: 21121K->832K(21504K)] 42815K->22526K(69120K), 0.0004990 secs] [Times: user=0.00 sys=0.00, real=0.00 secs] 
73.223: Total time for which application threads were stopped: 0.0006180 seconds, Stopping threads took: 0.0000580 seconds
73.264: Application time: 0.0405960 seconds
73.264: [GC [PSYoungGen: 19352K->2480K(21504K)] 41046K->24694K(69120K), 0.0011040 secs] [Times: user=0.01 sys=0.01, real=0.01 secs] 
73.265: Total time for which application threads were stopped: 0.0012640 seconds, Stopping threads took: 0.0000750 seconds
73.314: Application time: 0.0484390 seconds
73.314: [GC [PSYoungGen: 21027K->960K(21504K)] 43241K->23174K(69120K), 0.0005030 secs] [Times: user=0.00 sys=0.00, real=0.00 secs] 
73.314: Total time for which application threads were stopped: 0.0006200 seconds, Stopping threads took: 0.0000540 seconds
73.355: Application time: 0.0404950 seconds
73.355: [GC [PSYoungGen: 19558K->2496K(21504K)] 41773K->25230K(69120K), 0.0010990 secs] [Times: user=0.01 sys=0.00, real=0.00 secs] 
73.356: Total time for which application threads were stopped: 0.0012500 seconds, Stopping threads took: 0.0000770 seconds
73.404: Application time: 0.0481060 seconds
73.404: [GC [PSYoungGen: 21119K->1392K(21504K)] 43853K->24126K(69120K), 0.0006640 secs] [Times: user=0.00 sys=0.00, real=0.00 secs] 
73.405: Total time for which application threads were stopped: 0.0008050 seconds, Stopping threads took: 0.0000730 seconds
73.445: Application time: 0.0402450 seconds
73.445: [GC [PSYoungGen: 19990K->2496K(21504K)] 42725K->26262K(69120K), 0.0012490 secs] [Times: user=0.01 sys=0.00, real=0.00 secs] 
73.447: Total time for which application threads were stopped: 0.0014040 seconds, Stopping threads took: 0.0000810 seconds
73.495: Application time: 0.0485860 seconds
73.495: [GC [PSYoungGen: 21121K->1408K(21504K)] 44887K->25182K(69120K), 0.0006740 secs] [Times: user=0.00 sys=0.00, real=0.00 secs] 
73.496: Total time for which application threads were stopped: 0.0007980 seconds, Stopping threads took: 0.0000570 seconds
73.537: Application time: 0.0408840 seconds
73.537: [GC [PSYoungGen: 19932K->2496K(21504K)] 43706K->26790K(69120K), 0.0011170 secs] [Times: user=0.01 sys=0.00, real=0.00 secs] 
73.538: Total time for which application threads were stopped: 0.0012640 seconds, Stopping threads took: 0.0000730 seconds
73.585: Application time: 0.0467260 seconds
73.585: [GC [PSYoungGen: 21117K->1936K(21504K)] 45411K->26238K(69120K), 0.0008120 secs] [Times: user=0.00 sys=0.00, real=0.00 secs] 
73.586: Total time for which application threads were stopped: 0.0009590 seconds, Stopping threads took: 0.0000680 seconds
73.630: Application time: 0.0441110 seconds
73.630: [GC [PSYoungGen: 20472K->1936K(21504K)] 44775K->26238K(69120K), 0.0008090 secs] [Times: user=0.01 sys=0.00, real=0.00 secs] 
73.631: Total time for which application threads were stopped: 0.0009410 seconds, Stopping threads took: 0.0000620 seconds
73.675: Application time: 0.0441600 seconds
73.675: [GC [PSYoungGen: 20629K->1952K(21504K)] 44931K->26254K(69120K), 0.0007770 secs] [Times: user=0.00 sys=0.00, real=0.00 secs] 
73.676: Total time for which application threads were stopped: 0.0009140 seconds, Stopping threads took: 0.0000690 seconds
73.720: Application time: 0.0444320 seconds
73.720: [GC [PSYoungGen: 20488K->1440K(21504K)] 44791K->25750K(69120K), 0.0006630 secs] [Times: user=0.01 sys=0.00, real=0.00 secs] 
73.721: Total time for which application threads were stopped: 0.0008280 seconds, Stopping threads took: 0.0000960 seconds
73.765: Application time: 0.0436900 seconds
73.765: [GC [PSYoungGen: 19968K->2528K(21504K)] 44279K->26838K(69120K), 0.0009320 secs] [Times: user=0.00 sys=0.00, real=0.00 secs] 
73.766: Total time for which application threads were stopped: 0.0010700 seconds, Stopping threads took: 0.0000660 seconds
73.812: Application time: 0.0457350 seconds
73.812: [GC [PSYoungGen: 21067K->1920K(21504K)] 45377K->26230K(69120K), 0.0008060 secs] [Times: user=0.00 sys=0.00, real=0.00 secs] 
73.813: Total time for which application threads were stopped: 0.0009460 seconds, Stopping threads took: 0.0000710 seconds
73.854: Application time: 0.0416650 seconds
73.854: [GC [PSYoungGen: 20520K->2464K(21504K)] 44831K->28310K(69120K), 0.0014470 secs] [Times: user=0.01 sys=0.00, real=0.00 secs] 
73.856: Total time for which application threads were stopped: 0.0016080 seconds, Stopping threads took: 0.0000810 seconds
73.902: Application time: 0.0464230 seconds
73.902: [GC [PSYoungGen: 21011K->1936K(21504K)] 46858K->27790K(69120K), 0.0008100 secs] [Times: user=0.01 sys=0.00, real=0.00 secs] 
73.903: Total time for which application threads were stopped: 0.0009580 seconds, Stopping threads took: 0.0000760 seconds
73.947: Application time: 0.0433450 seconds
73.947: [GC [PSYoungGen: 20460K->2496K(21504K)] 46315K->28862K(69120K), 0.0011150 secs] [Times: user=0.01 sys=0.00, real=0.00 secs] 
73.948: Total time for which application threads were stopped: 0.0012890 seconds, Stopping threads took: 0.0001060 seconds
73.993: Application time: 0.0447560 seconds
73.993: [GC [PSYoungGen: 21115K->2448K(21504K)] 47482K->28814K(69120K), 0.0009330 secs] [Times: user=0.01 sys=0.00, real=0.00 secs] 
73.994: Total time for which application threads were stopped: 0.0011350 seconds, Stopping threads took: 0.0001360 seconds
74.039: Application time: 0.0453620 seconds
74.039: [GC [PSYoungGen: 21069K->1440K(21504K)] 47435K->27814K(69120K), 0.0006260 secs] [Times: user=0.00 sys=0.00, real=0.00 secs] 
74.040: Total time for which application threads were stopped: 0.0007600 seconds, Stopping threads took: 0.0000700 seconds
74.083: Application time: 0.0427780 seconds
74.083: [GC [PSYoungGen: 19964K->2512K(21504K)] 46339K->29406K(69120K), 0.0011070 secs] [Times: user=0.01 sys=0.00, real=0.00 secs] 
74.084: Total time for which application threads were stopped: 0.0012540 seconds, Stopping threads took: 0.0000740 seconds
74.130: Application time: 0.0458660 seconds
74.130: [GC [PSYoungGen: 21213K->1424K(21504K)] 48108K->28326K(69120K), 0.0006350 secs] [Times: user=0.00 sys=0.00, real=0.00 secs] 
74.131: Total time for which application threads were stopped: 0.0007750 seconds, Stopping threads took: 0.0000660 seconds
74.173: Application time: 0.0426990 seconds
74.174: [GC [PSYoungGen: 19956K->1904K(21504K)] 46859K->28814K(69120K), 0.0008110 secs] [Times: user=0.01 sys=0.00, real=0.00 secs] 
74.174: Total time for which application threads were stopped: 0.0010340 seconds, Stopping threads took: 0.0001550 seconds
74.217: Application time: 0.0430300 seconds
74.217: [GC [PSYoungGen: 20502K->2464K(21504K)] 47413K->30910K(69120K), 0.0014300 secs] [Times: user=0.01 sys=0.00, real=0.00 secs] 
74.219: Total time for which application threads were stopped: 0.0015810 seconds, Stopping threads took: 0.0000700 seconds
74.265: Application time: 0.0461710 seconds
74.265: [GC [PSYoungGen: 21089K->1936K(21504K)] 49536K->30390K(69120K), 0.0007890 secs] [Times: user=0.01 sys=0.00, real=0.00 secs] 
74.266: Total time for which application threads were stopped: 0.0009260 seconds, Stopping threads took: 0.0000720 seconds
74.308: Application time: 0.0418900 seconds
74.308: [GC [PSYoungGen: 20456K->2496K(21504K)] 48911K->32486K(69120K), 0.0014300 secs] [Times: user=0.01 sys=0.00, real=0.00 secs] 
74.310: Total time for which application threads were stopped: 0.0015890 seconds, Stopping threads took: 0.0000810 seconds
74.359: Application time: 0.0492270 seconds
74.359: [GC [PSYoungGen: 21125K->864K(21504K)] 51116K->30862K(69120K), 0.0005170 secs] [Times: user=0.00 sys=0.00, real=0.00 secs] 
74.359: Total time for which application threads were stopped: 0.0006410 seconds, Stopping threads took: 0.0000600 seconds
74.400: Application time: 0.0407530 seconds
74.400: [GC [PSYoungGen: 19384K->2496K(21504K)] 49383K->33006K(69120K), 0.0011490 secs] [Times: user=0.01 sys=0.00, real=0.00 secs] 
74.401: Total time for which application threads were stopped: 0.0012950 seconds, Stopping threads took: 0.0000700 seconds
74.447: Application time: 0.0459530 seconds
74.448: [GC [PSYoungGen: 21043K->928K(21504K)] 51553K->31438K(69120K), 0.0006210 secs] [Times: user=0.01 sys=0.00, real=0.00 secs] 
74.448: Total time for which application threads were stopped: 0.0007640 seconds, Stopping threads took: 0.0000790 seconds
74.492: Application time: 0.0440810 seconds
74.492: [GC [PSYoungGen: 19536K->1968K(21504K)] 50047K->32478K(69120K), 0.0007840 secs] [Times: user=0.01 sys=0.00, real=0.00 secs] 
74.493: Total time for which application threads were stopped: 0.0009260 seconds, Stopping threads took: 0.0000740 seconds
74.535: Application time: 0.0422560 seconds
74.536: [GC [PSYoungGen: 20488K->2496K(21504K)] 50999K->34550K(69120K), 0.0014960 secs] [Times: user=0.01 sys=0.00, real=0.01 secs] 
74.537: Total time for which application threads were stopped: 0.0016480 seconds, Stopping threads took: 0.0000720 seconds
74.585: Application time: 0.0476730 seconds
74.585: [GC [PSYoungGen: 21043K->1952K(21504K)] 53098K->34006K(69120K), 0.0007930 secs] [Times: user=0.00 sys=0.00, real=0.00 secs] 
74.586: Total time for which application threads were stopped: 0.0009280 seconds, Stopping threads took: 0.0000680 seconds
74.627: Application time: 0.0414210 seconds
74.627: [GC [PSYoungGen: 20552K->2464K(21504K)] 52607K->36054K(69120K), 0.0015180 secs] [Times: user=0.01 sys=0.00, real=0.00 secs] 
74.629: Total time for which application threads were stopped: 0.0016840 seconds, Stopping threads took: 0.0000870 seconds
74.678: Application time: 0.0495700 seconds
74.679: [GC [PSYoungGen: 21009K->1408K(21504K)] 54600K->35006K(69120K), 0.0006680 secs] [Times: user=0.00 sys=0.00, real=0.00 secs] 
74.679: Total time for which application threads were stopped: 0.0008700 seconds, Stopping threads took: 0.0001280 seconds
74.723: Application time: 0.0437040 seconds
74.723: [GC [PSYoungGen: 20014K->2464K(21504K)] 53613K->36070K(69120K), 0.0009970 secs] [Times: user=0.00 sys=0.00, real=0.01 secs] 
74.724: Total time for which application threads were stopped: 0.0011510 seconds, Stopping threads took: 0.0000790 seconds
74.771: Application time: 0.0465570 seconds
74.771: [GC [PSYoungGen: 21089K->336K(21504K)] 54696K->33942K(69120K), 0.0004600 secs] [Times: user=0.00 sys=0.00, real=0.00 secs] 
74.771: Total time for which application threads were stopped: 0.0005900 seconds, Stopping threads took: 0.0000650 seconds
74.812: Application time: 0.0410540 seconds
74.812: [GC [PSYoungGen: 18934K->2480K(21504K)] 52541K->36094K(69120K), 0.0009710 secs] [Times: user=0.00 sys=0.00, real=0.00 secs] 
74.813: Total time for which application threads were stopped: 0.0011160 seconds, Stopping threads took: 0.0000730 seconds
74.860: Application time: 0.0466290 seconds
74.860: [GC [PSYoungGen: 21099K->1440K(21504K)] 54714K->35054K(69120K), 0.0006650 secs] [Times: user=0.01 sys=0.00, real=0.00 secs] 
74.861: Total time for which application threads were stopped: 0.0007970 seconds, Stopping threads took: 0.0000660 seconds
74.904: Application time: 0.0429070 seconds
74.904: [GC [PSYoungGen: 20048K->2480K(21504K)] 53663K->36102K(69120K), 0.0010020 secs] [Times: user=0.01 sys=0.00, real=0.01 secs] 
74.905: Total time for which application threads were stopped: 0.0011430 seconds, Stopping threads took: 0.0000660 seconds
74.948: Application time: 0.0432460 seconds
74.948: [GC [PSYoungGen: 21006K->2528K(21504K)] 54629K->37182K(69120K), 0.0013000 secs] [Times: user=0.01 sys=0.00, real=0.00 secs] 
74.950: Total time for which application threads were stopped: 0.0014560 seconds, Stopping threads took: 0.0000760 seconds
74.997: Application time: 0.0474390 seconds
74.997: [GC [PSYoungGen: 21153K->1376K(21504K)] 55808K->36030K(69120K), 0.0006810 secs] [Times: user=0.00 sys=0.00, real=0.00 secs] 
74.998: Total time for which application threads were stopped: 0.0008220 seconds, Stopping threads took: 0.0000770 seconds
75.040: Application time: 0.0421870 seconds
75.040: [GC [PSYoungGen: 19904K->2480K(21504K)] 54559K->37142K(69120K), 0.0009550 secs] [Times: user=0.01 sys=0.00, real=0.00 secs] 
75.041: Total time for which application threads were stopped: 0.0010910 seconds, Stopping threads took: 0.0000630 seconds
75.087: Application time: 0.0460100 seconds
75.087: [GC [PSYoungGen: 21021K->1392K(21504K)] 55683K->36054K(69120K), 0.0006640 secs] [Times: user=0.00 sys=0.00, real=0.00 secs] 
75.088: Total time for which application threads were stopped: 0.0008670 seconds, Stopping threads took: 0.0001280 seconds
75.131: Application time: 0.0431380 seconds
75.131: [GC [PSYoungGen: 20002K->2448K(21504K)] 54665K->37110K(69120K), 0.0009610 secs] [Times: user=0.01 sys=0.00, real=0.00 secs] 
75.132: Total time for which application threads were stopped: 0.0011150 seconds, Stopping threads took: 0.0000730 seconds
75.178: Application time: 0.0456300 seconds
75.178: [GC [PSYoungGen: 20989K->1376K(21504K)] 55651K->36046K(69120K), 0.0006540 secs] [Times: user=0.01 sys=0.00, real=0.00 secs] 
75.179: Total time for which application threads were stopped: 0.0007680 seconds, Stopping threads took: 0.0000530 seconds
75.223: Application time: 0.0444950 seconds
75.223: [GC [PSYoungGen: 19910K->1424K(21504K)] 54581K->36094K(69120K), 0.0006560 secs] [Times: user=0.01 sys=0.00, real=0.00 secs] 
75.224: Total time for which application threads were stopped: 0.0007850 seconds, Stopping threads took: 0.0000580 seconds
75.268: Application time: 0.0439230 seconds
75.268: [GC [PSYoungGen: 20030K->2496K(21504K)] 54701K->37166K(69120K), 0.0009500 secs] [Times: user=0.00 sys=0.00, real=0.00 secs] 
75.269: Total time for which application threads were stopped: 0.0010960 seconds, Stopping threads took: 0.0000700 seconds
75.315: Application time: 0.0461490 seconds
75.315: [GC [PSYoungGen: 21039K->1456K(21504K)] 55709K->36134K(69120K), 0.0006370 secs] [Times: user=0.01 sys=0.00, real=0.00 secs] 
75.316: Total time for which application threads were stopped: 0.0007640 seconds, Stopping threads took: 0.0000630 seconds
75.358: Application time: 0.0417420 seconds
75.358: [GC [PSYoungGen: 20063K->2496K(21504K)] 54741K->37174K(69120K), 0.0010400 secs] [Times: user=0.01 sys=0.00, real=0.00 secs] 
75.359: Total time for which application threads were stopped: 0.0011820 seconds, Stopping threads took: 0.0000680 seconds
75.406: Application time: 0.0466730 seconds
75.406: [GC [PSYoungGen: 21039K->1408K(21504K)] 55717K->36094K(69120K), 0.0006650 secs] [Times: user=0.00 sys=0.00, real=0.00 secs] 
75.406: Total time for which application threads were stopped: 0.0007930 seconds, Stopping threads took: 0.0000650 seconds
75.450: Application time: 0.0432300 seconds
75.450: [GC [PSYoungGen: 20091K->2480K(21504K)] 54777K->37686K(69120K), 0.0011560 secs] [Times: user=0.01 sys=0.00, real=0.00 secs] 
75.451: Total time for which application threads were stopped: 0.0013050 seconds, Stopping threads took: 0.0000750 seconds
75.497: Application time: 0.0458870 seconds
75.497: [GC [PSYoungGen: 21025K->912K(21504K)] 56232K->36126K(69120K), 0.0005320 secs] [Times: user=0.01 sys=0.00, real=0.00 secs] 
75.497: Total time for which application threads were stopped: 0.0007170 seconds, Stopping threads took: 0.0001190 seconds
75.541: Application time: 0.0438100 seconds
75.541: [GC [PSYoungGen: 19596K->2432K(21504K)] 54811K->37654K(69120K), 0.0010670 secs] [Times: user=0.00 sys=0.00, real=0.00 secs] 
75.543: Total time for which application threads were stopped: 0.0012230 seconds, Stopping threads took: 0.0000820 seconds
75.587: Application time: 0.0446940 seconds
75.587: [GC [PSYoungGen: 20973K->1904K(21504K)] 56195K->37134K(69120K), 0.0008050 secs] [Times: user=0.00 sys=0.00, real=0.00 secs] 
75.588: Total time for which application threads were stopped: 0.0009350 seconds, Stopping threads took: 0.0000600 seconds
75.632: Application time: 0.0437270 seconds
75.632: [GC [PSYoungGen: 20510K->2464K(21504K)] 55741K->38206K(69120K), 0.0010980 secs] [Times: user=0.00 sys=0.00, real=0.00 secs] 
75.633: Total time for which application threads were stopped: 0.0012530 seconds, Stopping threads took: 0.0000790 seconds
75.678: Application time: 0.0449660 seconds
75.678: [GC [PSYoungGen: 21007K->1952K(21504K)] 56750K->37702K(69120K), 0.0008500 secs] [Times: user=0.01 sys=0.00, real=0.00 secs] 
75.679: Total time for which application threads were stopped: 0.0010050 seconds, Stopping threads took: 0.0000810 seconds
75.726: Application time: 0.0466130 seconds
75.726: [GC [PSYoungGen: 20493K->912K(21504K)] 56243K->36662K(69120K), 0.0005380 secs] [Times: user=0.00 sys=0.00, real=0.00 secs] 
75.726: Total time for which application threads were stopped: 0.0006820 seconds, Stopping threads took: 0.0000690 seconds
75.769: Application time: 0.0423150 seconds
75.769: [GC [PSYoungGen: 19516K->2496K(21504K)] 55267K->38246K(69120K), 0.0009770 secs] [Times: user=0.00 sys=0.00, real=0.00 secs] 
75.770: Total time for which application threads were stopped: 0.0011290 seconds, Stopping threads took: 0.0000800 seconds
75.816: Application time: 0.0464930 seconds
75.816: [GC [PSYoungGen: 21043K->304K(21504K)] 56793K->36062K(69120K), 0.0004480 secs] [Times: user=0.01 sys=0.00, real=0.00 secs] 
75.817: Total time for which application threads were stopped: 0.0005940 seconds, Stopping threads took: 0.0000790 seconds
75.858: Application time: 0.0413410 seconds
75.858: [GC [PSYoungGen: 18824K->2496K(21504K)] 54583K->38254K(69120K), 0.0009830 secs] [Times: user=0.00 sys=0.00, real=0.00 secs] 
75.859: Total time for which application threads were stopped: 0.0011250 seconds, Stopping threads took: 0.0000710 seconds
75.905: Application time: 0.0453070 seconds
75.905: [GC [PSYoungGen: 21115K->1952K(21504K)] 56874K->37710K(69120K), 0.0008190 secs] [Times: user=0.01 sys=0.00, real=0.00 secs] 
75.906: Total time for which application threads were stopped: 0.0009600 seconds, Stopping threads took: 0.0000680 seconds
75.950: Application time: 0.0442250 seconds
75.950: [GC [PSYoungGen: 20488K->1920K(21504K)] 56247K->37686K(69120K), 0.0008230 secs] [Times: user=0.01 sys=0.00, real=0.00 secs] 
75.952: Total time for which application threads were stopped: 0.0016230 seconds, Stopping threads took: 0.0000730 seconds
75.997: Application time: 0.0454250 seconds
75.997: [GC [PSYoungGen: 20537K->1376K(21504K)] 56303K->37142K(69120K), 0.0006760 secs] [Times: user=0.01 sys=0.00, real=0.00 secs] 
75.998: Total time for which application threads were stopped: 0.0007930 seconds, Stopping threads took: 0.0000540 seconds
76.041: Application time: 0.0428100 seconds
76.041: [GC [PSYoungGen: 19904K->2496K(21504K)] 55671K->38270K(69120K), 0.0009810 secs] [Times: user=0.01 sys=0.00, real=0.00 secs] 
76.042: Total time for which application threads were stopped: 0.0011240 seconds, Stopping threads took: 0.0000680 seconds
76.086: Application time: 0.0439390 seconds
76.086: [GC [PSYoungGen: 21189K->2464K(21504K)] 56964K->38238K(69120K), 0.0009370 secs] [Times: user=0.00 sys=0.00, real=0.00 secs] 
76.087: Total time for which application threads were stopped: 0.0010820 seconds, Stopping threads took: 0.0000720 seconds
76.131: Application time: 0.0445870 seconds
76.131: [GC [PSYoungGen: 21005K->1424K(21504K)] 56779K->37206K(69120K), 0.0006880 secs] [Times: user=0.00 sys=0.00, real=0.00 secs] 
76.132: Total time for which application threads were stopped: 0.0008220 seconds, Stopping threads took: 0.0000630 seconds
76.175: Application time: 0.0430170 seconds
76.175: [GC [PSYoungGen: 20109K->2448K(21504K)] 55892K->38230K(69120K), 0.0009720 secs] [Times: user=0.00 sys=0.01, real=0.01 secs] 
76.176: Total time for which application threads were stopped: 0.0011180 seconds, Stopping threads took: 0.0000740 seconds
76.222: Application time: 0.0454230 seconds
76.222: [GC [PSYoungGen: 20987K->1936K(21504K)] 56769K->37726K(69120K), 0.0008380 secs] [Times: user=0.00 sys=0.00, real=0.00 secs] 
76.223: Total time for which application threads were stopped: 0.0009810 seconds, Stopping threads took: 0.0000760 seconds
76.265: Application time: 0.0421960 seconds
76.265: [GC [PSYoungGen: 20545K->2528K(21504K)] 56335K->38830K(69120K), 0.0010960 secs] [Times: user=0.01 sys=0.00, real=0.00 secs] 
76.266: Total time for which application threads were stopped: 0.0012390 seconds, Stopping threads took: 0.0000670 seconds
76.312: Application time: 0.0461510 seconds
76.312: [GC [PSYoungGen: 21071K->1920K(21504K)] 57373K->38230K(69120K), 0.0008100 secs] [Times: user=0.01 sys=0.00, real=0.00 secs] 
76.313: Total time for which application threads were stopped: 0.0009440 seconds, Stopping threads took: 0.0000660 seconds
76.355: Application time: 0.0413100 seconds
76.355: [GC [PSYoungGen: 20444K->2512K(21504K)] 56755K->39846K(69120K), 0.0013030 secs] [Times: user=0.01 sys=0.00, real=0.00 secs] 
76.356: Total time for which application threads were stopped: 0.0014530 seconds, Stopping threads took: 0.0000740 seconds
76.402: Application time: 0.0464790 seconds
76.403: [GC [PSYoungGen: 21057K->1936K(21504K)] 58392K->39270K(69120K), 0.0008290 secs] [Times: user=0.01 sys=0.00, real=0.00 secs] 
76.403: Total time for which application threads were stopped: 0.0009710 seconds, Stopping threads took: 0.0000710 seconds
76.444: Application time: 0.0410110 seconds
76.445: [GC [PSYoungGen: 20538K->2448K(21504K)] 57873K->40814K(69120K), 0.0014300 secs] [Times: user=0.01 sys=0.00, real=0.00 secs] 
76.446: Total time for which application threads were stopped: 0.0015820 seconds, Stopping threads took: 0.0000720 seconds
76.493: Application time: 0.0472750 seconds
76.493: [GC [PSYoungGen: 20993K->1936K(21504K)] 59360K->40302K(69120K), 0.0008160 secs] [Times: user=0.00 sys=0.00, real=0.00 secs] 
76.494: Total time for which application threads were stopped: 0.0009360 seconds, Stopping threads took: 0.0000550 seconds
76.536: Application time: 0.0419980 seconds
76.536: [GC [PSYoungGen: 20458K->2512K(21504K)] 58825K->41903K(69120K), 0.0012750 secs] [Times: user=0.01 sys=0.00, real=0.00 secs] 
76.538: Total time for which application threads were stopped: 0.0014350 seconds, Stopping threads took: 0.0000840 seconds
76.584: Application time: 0.0466960 seconds
76.584: [GC [PSYoungGen: 21131K->2480K(21504K)] 60522K->41879K(69120K), 0.0010010 secs] [Times: user=0.00 sys=0.00, real=0.00 secs] 
76.586: Total time for which application threads were stopped: 0.0011310 seconds, Stopping threads took: 0.0000590 seconds
76.632: Application time: 0.0460920 seconds
76.632: [GC [PSYoungGen: 21025K->896K(21504K)] 60424K->40294K(69120K), 0.0005630 secs] [Times: user=0.01 sys=0.00, real=0.00 secs] 
76.632: Total time for which application threads were stopped: 0.0006920 seconds, Stopping threads took: 0.0000630 seconds
76.673: Application time: 0.0406130 seconds
76.673: [GC [PSYoungGen: 19496K->2496K(21504K)] 58895K->42414K(69120K), 0.0011140 secs] [Times: user=0.01 sys=0.00, real=0.00 secs] 
76.674: Total time for which application threads were stopped: 0.0012620 seconds, Stopping threads took: 0.0000740 seconds
76.722: Application time: 0.0475150 seconds
76.722: [GC [PSYoungGen: 21199K->864K(21504K)] 61118K->40783K(69120K), 0.0005310 secs] [Times: user=0.00 sys=0.00, real=0.00 secs] 
76.722: Total time for which application threads were stopped: 0.0006520 seconds, Stopping threads took: 0.0000600 seconds
76.764: Application time: 0.0416620 seconds
76.764: [GC [PSYoungGen: 19384K->2480K(21504K)] 59303K->42919K(69120K), 0.0011420 secs] [Times: user=0.00 sys=0.00, real=0.00 secs] 
76.765: Total time for which application threads were stopped: 0.0013000 seconds, Stopping threads took: 0.0000820 seconds
76.810: Application time: 0.0448140 seconds
76.810: [GC [PSYoungGen: 21023K->1952K(21504K)] 61462K->42391K(69120K), 0.0008230 secs] [Times: user=0.01 sys=0.00, real=0.00 secs] 
76.811: Total time for which application threads were stopped: 0.0009750 seconds, Stopping threads took: 0.0000770 seconds
76.855: Application time: 0.0438030 seconds
76.855: [GC [PSYoungGen: 20645K->1888K(21504K)] 61084K->42335K(69120K), 0.0008450 secs] [Times: user=0.00 sys=0.00, real=0.00 secs] 
76.856: Total time for which application threads were stopped: 0.0010720 seconds, Stopping threads took: 0.0001640 seconds
76.901: Application time: 0.0445470 seconds
76.901: [GC [PSYoungGen: 20501K->1952K(21504K)] 60948K->42399K(69120K), 0.0008280 secs] [Times: user=0.00 sys=0.00, real=0.00 secs] 
76.901: Total time for which application threads were stopped: 0.0009520 seconds, Stopping threads took: 0.0000550 seconds
76.945: Application time: 0.0435700 seconds
76.945: [GC [PSYoungGen: 20482K->2480K(21504K)] 60929K->42934K(69120K), 0.0010350 secs] [Times: user=0.01 sys=0.00, real=0.00 secs] 
76.946: Total time for which application threads were stopped: 0.0011790 seconds, Stopping threads took: 0.0000750 seconds
76.991: Application time: 0.0443530 seconds
76.991: [GC [PSYoungGen: 21014K->2480K(21504K)] 61469K->42934K(69120K), 0.0009670 secs] [Times: user=0.00 sys=0.00, real=0.00 secs] 
76.992: Total time for which application threads were stopped: 0.0011170 seconds, Stopping threads took: 0.0000690 seconds
77.036: Application time: 0.0439260 seconds
77.036: [GC [PSYoungGen: 21010K->2464K(21504K)] 61465K->43431K(69120K), 0.0011110 secs] [Times: user=0.00 sys=0.00, real=0.01 secs] 
77.037: Total time for which application threads were stopped: 0.0012550 seconds, Stopping threads took: 0.0000730 seconds
77.081: Application time: 0.0445840 seconds
77.082: [GC [PSYoungGen: 21087K->1392K(21504K)] 62054K->42359K(69120K), 0.0006840 secs] [Times: user=0.00 sys=0.00, real=0.00 secs] 
77.082: Total time for which application threads were stopped: 0.0008350 seconds, Stopping threads took: 0.0000880 seconds
77.126: Application time: 0.0435420 seconds
77.126: [GC [PSYoungGen: 19916K->2448K(21504K)] 60883K->43423K(69120K), 0.0009850 secs] [Times: user=0.01 sys=0.00, real=0.00 secs] 
77.127: Total time for which application threads were stopped: 0.0011340 seconds, Stopping threads took: 0.0000780 seconds
77.171: Application time: 0.0444850 seconds
77.172: [GC [PSYoungGen: 20991K->1936K(21504K)] 61966K->42911K(69120K), 0.0008140 secs] [Times: user=0.01 sys=0.00, real=0.00 secs] 
77.172: Total time for which application threads were stopped: 0.0009480 seconds, Stopping threads took: 0.0000680 seconds
77.217: Application time: 0.0442320 seconds
77.217: [GC [PSYoungGen: 20547K->2432K(21504K)] 61522K->43407K(69120K), 0.0009720 secs] [Times: user=0.01 sys=0.00, real=0.00 secs] 
77.218: Total time for which application threads were stopped: 0.0011110 seconds, Stopping threads took: 0.0000700 seconds
77.262: Application time: 0.0441350 seconds
77.262: [GC [PSYoungGen: 20973K->1936K(21504K)] 61948K->42927K(69120K), 0.0008030 secs] [Times: user=0.00 sys=0.00, real=0.00 secs] 
77.263: Total time for which application threads were stopped: 0.0010160 seconds, Stopping threads took: 0.0001480 seconds
77.307: Application time: 0.0442030 seconds
77.307: [GC [PSYoungGen: 20551K->1952K(21504K)] 61542K->42943K(69120K), 0.0008460 secs] [Times: user=0.01 sys=0.00, real=0.00 secs] 
77.308: Total time for which application threads were stopped: 0.0009870 seconds, Stopping threads took: 0.0000710 seconds
77.352: Application time: 0.0433850 seconds
77.352: [GC [PSYoungGen: 20472K->2432K(21504K)] 61463K->44967K(69120K), 0.0014960 secs] [Times: user=0.01 sys=0.00, real=0.00 secs] 
77.353: Total time for which application threads were stopped: 0.0016590 seconds, Stopping threads took: 0.0000770 seconds
77.400: Application time: 0.0467850 seconds
77.400: [GC [PSYoungGen: 21135K->1936K(21504K)] 63670K->44479K(69120K), 0.0008460 secs] [Times: user=0.00 sys=0.00, real=0.00 secs] 
77.401: Total time for which application threads were stopped: 0.0010180 seconds, Stopping threads took: 0.0001030 seconds
77.445: Application time: 0.0435240 seconds
77.445: [GC [PSYoungGen: 20464K->2496K(21504K)] 63007K->45551K(69120K), 0.0011450 secs] [Times: user=0.01 sys=0.00, real=0.00 secs] 
77.446: Total time for which application threads were stopped: 0.0013000 seconds, Stopping threads took: 0.0000790 seconds
77.491: Application time: 0.0450900 seconds
77.491: [GC [PSYoungGen: 21193K->2496K(21504K)] 64248K->45551K(69120K), 0.0009560 secs] [Times: user=0.01 sys=0.00, real=0.00 secs] 
77.492: Total time for which application threads were stopped: 0.0010960 seconds, Stopping threads took: 0.0000710 seconds
77.537: Application time: 0.0453010 seconds
77.537: [GC [PSYoungGen: 21115K->1440K(21504K)] 64170K->44503K(69120K), 0.0007340 secs] [Times: user=0.00 sys=0.00, real=0.00 secs] 
77.538: Total time for which application threads were stopped: 0.0008690 seconds, Stopping threads took: 0.0000660 seconds
77.581: Application time: 0.0424570 seconds
77.584: [GC [PSYoungGen: 19964K->2512K(21504K)] 63027K->46095K(69120K), 0.0011880 secs] [Times: user=0.01 sys=0.00, real=0.00 secs] 
77.585: Total time for which application threads were stopped: 0.0046900 seconds, Stopping threads took: 0.0034240 seconds
77.631: Application time: 0.0456070 seconds
77.631: [GC [PSYoungGen: 21057K->1408K(21504K)] 64640K->44991K(69120K), 0.0007180 secs] [Times: user=0.01 sys=0.01, real=0.00 secs] 
77.632: Total time for which application threads were stopped: 0.0008500 seconds, Stopping threads took: 0.0000610 seconds
77.674: Application time: 0.0425970 seconds
77.674: [GC [PSYoungGen: 19932K->2528K(21504K)] 63515K->46623K(69120K), 0.0011480 secs] [Times: user=0.01 sys=0.00, real=0.00 secs] 
77.676: Total time for which application threads were stopped: 0.0012920 seconds, Stopping threads took: 0.0000680 seconds
77.721: Application time: 0.0453260 seconds
77.721: [GC [PSYoungGen: 21145K->2496K(21504K)] 65240K->46591K(69120K), 0.0010040 secs] [Times: user=0.00 sys=0.00, real=0.00 secs] 
77.722: Total time for which application threads were stopped: 0.0011550 seconds, Stopping threads took: 0.0000800 seconds
77.766: Application time: 0.0443240 seconds
77.767: [GC [PSYoungGen: 21037K->1984K(21504K)] 65132K->46087K(69120K), 0.0008280 secs] [Times: user=0.00 sys=0.00, real=0.00 secs] 
77.768: Total time for which application threads were stopped: 0.0010450 seconds, Stopping threads took: 0.0001500 seconds
77.811: Application time: 0.0434220 seconds
77.811: [GC [PSYoungGen: 20512K->2496K(21504K)] 64615K->47111K(69120K), 0.0011290 secs] [Times: user=0.00 sys=0.00, real=0.00 secs] 
77.812: Total time for which application threads were stopped: 0.0012930 seconds, Stopping threads took: 0.0000910 seconds
77.858: Application time: 0.0454260 seconds
77.858: [GC [PSYoungGen: 21117K->1936K(21504K)] 65732K->46551K(69120K), 0.0008290 secs] [Times: user=0.00 sys=0.00, real=0.00 secs] 
77.859: Total time for which application threads were stopped: 0.0009950 seconds, Stopping threads took: 0.0000910 seconds
77.902: Application time: 0.0429730 seconds
77.902: [GC [PSYoungGen: 20468K->2480K(21504K)] 65083K->47103K(69120K), 0.0009770 secs] [Times: user=0.00 sys=0.00, real=0.00 secs] 
77.903: Total time for which application threads were stopped: 0.0011240 seconds, Stopping threads took: 0.0000760 seconds
77.949: Application time: 0.0464890 seconds
77.949: [GC [PSYoungGen: 21103K->832K(21504K)] 65726K->45455K(69120K), 0.0005430 secs] [Times: user=0.01 sys=0.00, real=0.00 secs] 
77.950: Total time for which application threads were stopped: 0.0006900 seconds, Stopping threads took: 0.0000870 seconds
77.993: Application time: 0.0434540 seconds
77.996: [GC [PSYoungGen: 19358K->1920K(21504K)] 63981K->46551K(69120K), 0.0008690 secs] [Times: user=0.01 sys=0.00, real=0.00 secs] 
77.997: Total time for which application threads were stopped: 0.0035730 seconds, Stopping threads took: 0.0026370 seconds
78.041: Application time: 0.0441910 seconds
78.041: [GC [PSYoungGen: 20613K->1952K(21504K)] 65244K->46583K(69120K), 0.0008220 secs] [Times: user=0.00 sys=0.00, real=0.00 secs] 
78.042: Total time for which application threads were stopped: 0.0009480 seconds, Stopping threads took: 0.0000540 seconds
78.085: Application time: 0.0429970 seconds
78.085: [GC [PSYoungGen: 20484K->2480K(21504K)] 65115K->47119K(69120K), 0.0009800 secs] [Times: user=0.00 sys=0.00, real=0.00 secs] 
78.086: Total time for which application threads were stopped: 0.0011190 seconds, Stopping threads took: 0.0000700 seconds
78.130: Application time: 0.0441550 seconds
78.131: [GC [PSYoungGen: 21095K->2480K(21504K)] 65734K->47119K(69120K), 0.0009610 secs] [Times: user=0.01 sys=0.00, real=0.00 secs] 
78.132: Total time for which application threads were stopped: 0.0011210 seconds, Stopping threads took: 0.0000920 seconds
78.177: Application time: 0.0450830 seconds
78.177: [GC [PSYoungGen: 21177K->1904K(21504K)] 65816K->46551K(69120K), 0.0008320 secs] [Times: user=0.00 sys=0.00, real=0.00 secs] 
78.178: Total time for which application threads were stopped: 0.0009710 seconds, Stopping threads took: 0.0000690 seconds
78.219: Application time: 0.0418610 seconds
78.220: [GC [PSYoungGen: 20428K->2528K(21504K)] 65075K->48207K(69120K), 0.0013000 secs] [Times: user=0.01 sys=0.00, real=0.00 secs] 
78.221: Total time for which application threads were stopped: 0.0014790 seconds, Stopping threads took: 0.0001050 seconds
78.268: Application time: 0.0467080 seconds
78.268: [GC [PSYoungGen: 21073K->1936K(21504K)] 66752K->47615K(69120K), 0.0008750 secs] [Times: user=0.01 sys=0.00, real=0.00 secs] 
78.269: Total time for which application threads were stopped: 0.0010190 seconds, Stopping threads took: 0.0000720 seconds
78.311: Application time: 0.0428060 seconds
78.312: [GC [PSYoungGen: 20464K->2480K(21504K)] 66143K->48671K(69120K), 0.0011480 secs] [Times: user=0.01 sys=0.00, real=0.00 secs] 
78.313: Total time for which application threads were stopped: 0.0012850 seconds, Stopping threads took: 0.0000670 seconds
78.357: Application time: 0.0442950 seconds
78.357: [GC [PSYoungGen: 21097K->2480K(21504K)] 67288K->48671K(69120K), 0.0009860 secs] [Times: user=0.01 sys=0.00, real=0.00 secs] 
78.358: Total time for which application threads were stopped: 0.0011350 seconds, Stopping threads took: 0.0000780 seconds
78.403: Application time: 0.0449880 seconds
78.403: [GC [PSYoungGen: 21023K->1392K(21504K)] 67214K->47591K(69120K), 0.0006710 secs] [Times: user=0.00 sys=0.00, real=0.00 secs] 
78.404: Total time for which application threads were stopped: 0.0008100 seconds, Stopping threads took: 0.0000660 seconds
78.447: Application time: 0.0434860 seconds
78.448: [GC [PSYoungGen: 19920K->2448K(21504K)] 66119K->48647K(69120K), 0.0009650 secs] [Times: user=0.01 sys=0.00, real=0.00 secs] 
78.449: Total time for which application threads were stopped: 0.0011100 seconds, Stopping threads took: 0.0000750 seconds
78.494: Application time: 0.0450490 seconds
78.494: [GC [PSYoungGen: 21069K->1392K(21504K)] 67268K->47591K(69120K), 0.0006540 secs] [Times: user=0.00 sys=0.00, real=0.00 secs] 
78.494: Total time for which application threads were stopped: 0.0007770 seconds, Stopping threads took: 0.0000600 seconds
78.538: Application time: 0.0432560 seconds
78.538: [GC [PSYoungGen: 19920K->2480K(21504K)] 66119K->48687K(69120K), 0.0009810 secs] [Times: user=0.00 sys=0.00, real=0.00 secs] 
78.539: Total time for which application threads were stopped: 0.0011110 seconds, Stopping threads took: 0.0000630 seconds
78.583: Application time: 0.0439850 seconds
78.583: [GC [PSYoungGen: 21099K->1968K(21504K)] 67306K->48175K(69120K), 0.0008000 secs] [Times: user=0.01 sys=0.00, real=0.00 secs] 
78.584: Total time for which application threads were stopped: 0.0009260 seconds, Stopping threads took: 0.0000630 seconds
78.627: Application time: 0.0434980 seconds
78.627: [GC [PSYoungGen: 20500K->2496K(21504K)] 66707K->48711K(69120K), 0.0009840 secs] [Times: user=0.00 sys=0.00, real=0.00 secs] 
78.628: Total time for which application threads were stopped: 0.0011350 seconds, Stopping threads took: 0.0000780 seconds
78.672: Application time: 0.0438430 seconds
78.672: [GC [PSYoungGen: 21189K->2480K(21504K)] 67404K->48695K(69120K), 0.0009290 secs] [Times: user=0.01 sys=0.00, real=0.00 secs] 
78.673: Total time for which application threads were stopped: 0.0011380 seconds, Stopping threads took: 0.0001410 seconds
78.718: Application time: 0.0446740 seconds
78.718: [GC [PSYoungGen: 21023K->1376K(21504K)] 67238K->47607K(69120K), 0.0006860 secs] [Times: user=0.01 sys=0.00, real=0.00 secs] 
78.719: Total time for which application threads were stopped: 0.0008220 seconds, Stopping threads took: 0.0000680 seconds
78.762: Application time: 0.0430010 seconds
78.762: [GC [PSYoungGen: 19983K->2448K(21504K)] 66214K->48679K(69120K), 0.0009740 secs] [Times: user=0.01 sys=0.00, real=0.00 secs] 
78.763: Total time for which application threads were stopped: 0.0011280 seconds, Stopping threads took: 0.0000800 seconds
78.808: Application time: 0.0453560 seconds
78.808: [GC [PSYoungGen: 21147K->1424K(21504K)] 67378K->47663K(69120K), 0.0006850 secs] [Times: user=0.01 sys=0.00, real=0.00 secs] 
78.809: Total time for which application threads were stopped: 0.0008110 seconds, Stopping threads took: 0.0000590 seconds
78.852: Application time: 0.0429470 seconds
78.852: [GC [PSYoungGen: 19952K->2448K(21504K)] 66191K->48695K(69120K), 0.0009970 secs] [Times: user=0.01 sys=0.00, real=0.00 secs] 
78.853: Total time for which application threads were stopped: 0.0011510 seconds, Stopping threads took: 0.0000710 seconds
78.898: Application time: 0.0449260 seconds
78.898: [GC [PSYoungGen: 20987K->1984K(21504K)] 67234K->48231K(69120K), 0.0008430 secs] [Times: user=0.01 sys=0.00, real=0.00 secs] 
78.899: Total time for which application threads were stopped: 0.0010000 seconds, Stopping threads took: 0.0000850 seconds
78.942: Application time: 0.0429870 seconds
78.942: [GC [PSYoungGen: 20516K->2448K(21504K)] 66763K->48695K(69120K), 0.0009950 secs] [Times: user=0.01 sys=0.00, real=0.00 secs] 
78.943: Total time for which application threads were stopped: 0.0011460 seconds, Stopping threads took: 0.0000660 seconds
78.988: Application time: 0.0451860 seconds
78.989: [GC [PSYoungGen: 21067K->1888K(21504K)] 67314K->48135K(69120K), 0.0008000 secs] [Times: user=0.01 sys=0.00, real=0.00 secs] 
78.989: Total time for which application threads were stopped: 0.0009250 seconds, Stopping threads took: 0.0000600 seconds
79.034: Application time: 0.0447790 seconds
79.034: [GC [PSYoungGen: 20426K->1408K(21504K)] 66674K->47663K(69120K), 0.0006860 secs] [Times: user=0.00 sys=0.00, real=0.00 secs] 
79.035: Total time for which application threads were stopped: 0.0008170 seconds, Stopping threads took: 0.0000670 seconds
79.077: Application time: 0.0417450 seconds
79.077: [GC [PSYoungGen: 19928K->2512K(21504K)] 66183K->49791K(69120K), 0.0013340 secs] [Times: user=0.01 sys=0.00, real=0.00 secs] 
79.078: [Full GC [PSYoungGen: 2512K->0K(21504K)] [ParOldGen: 47279K->9559K(47616K)] 49791K->9559K(69120K) [PSPermGen: 5147K->5144K(21504K)], 0.0052740 secs] [Times: user=0.02 sys=0.00, real=0.00 secs] 
79.084: Total time for which application threads were stopped: 0.0068100 seconds, Stopping threads took: 0.0000750 seconds
79.131: Application time: 0.0474600 seconds
79.131: [GC [PSYoungGen: 18623K->1792K(21504K)] 28182K->11351K(69120K), 0.0006940 secs] [Times: user=0.00 sys=0.00, real=0.00 secs] 
79.132: Total time for which application threads were stopped: 0.0008170 seconds, Stopping threads took: 0.0000590 seconds
79.174: Application time: 0.0416980 seconds
79.174: [GC [PSYoungGen: 20316K->2304K(21504K)] 29875K->12887K(69120K), 0.0011620 secs] [Times: user=0.01 sys=0.00, real=0.00 secs] 
79.175: Total time for which application threads were stopped: 0.0012980 seconds, Stopping threads took: 0.0000610 seconds
79.221: Application time: 0.0459840 seconds
79.221: [GC [PSYoungGen: 20849K->1792K(21504K)] 31432K->12375K(69120K), 0.0006860 secs] [Times: user=0.01 sys=0.00, real=0.00 secs] 
79.222: Total time for which application threads were stopped: 0.0008200 seconds, Stopping threads took: 0.0000710 seconds
79.266: Application time: 0.0446430 seconds
79.266: [GC [PSYoungGen: 20409K->1280K(21504K)] 30992K->11863K(69120K), 0.0006610 secs] [Times: user=0.00 sys=0.00, real=0.00 secs] 
79.267: Total time for which application threads were stopped: 0.0007980 seconds, Stopping threads took: 0.0000680 seconds
79.311: Application time: 0.0439290 seconds
79.311: [GC [PSYoungGen: 19886K->2320K(21504K)] 30469K->12903K(69120K), 0.0008520 secs] [Times: user=0.01 sys=0.00, real=0.00 secs] 
79.312: Total time for which application threads were stopped: 0.0010020 seconds, Stopping threads took: 0.0000760 seconds
79.358: Application time: 0.0463350 seconds
79.358: [GC [PSYoungGen: 20943K->784K(21504K)] 31526K->11367K(69120K), 0.0004550 secs] [Times: user=0.00 sys=0.00, real=0.00 secs] 
79.359: Total time for which application threads were stopped: 0.0005900 seconds, Stopping threads took: 0.0000670 seconds
79.401: Application time: 0.0425250 seconds
79.402: [GC [PSYoungGen: 19386K->2432K(21504K)] 29970K->13015K(69120K), 0.0009580 secs] [Times: user=0.00 sys=0.00, real=0.00 secs] 
79.403: Total time for which application threads were stopped: 0.0010980 seconds, Stopping threads took: 0.0000730 seconds
79.449: Application time: 0.0468430 seconds
79.450: [GC [PSYoungGen: 21049K->1888K(21504K)] 31632K->12471K(69120K), 0.0007430 secs] [Times: user=0.00 sys=0.00, real=0.00 secs] 
79.450: Total time for which application threads were stopped: 0.0008930 seconds, Stopping threads took: 0.0000640 seconds
79.492: Application time: 0.0419820 seconds
79.492: [GC [PSYoungGen: 20499K->2416K(21504K)] 31082K->12999K(69120K), 0.0010100 secs] [Times: user=0.01 sys=0.00, real=0.00 secs] 
79.493: Total time for which application threads were stopped: 0.0011350 seconds, Stopping threads took: 0.0000610 seconds
79.540: Application time: 0.0466590 seconds
79.540: [GC [PSYoungGen: 20955K->1936K(21504K)] 31538K->12519K(69120K), 0.0007560 secs] [Times: user=0.00 sys=0.00, real=0.00 secs] 
79.541: Total time for which application threads were stopped: 0.0009030 seconds, Stopping threads took: 0.0000810 seconds
79.587: Application time: 0.0464650 seconds
79.588: [GC [PSYoungGen: 20477K->848K(21504K)] 31060K->11431K(69120K), 0.0005230 secs] [Times: user=0.00 sys=0.00, real=0.00 secs] 
79.588: Total time for which application threads were stopped: 0.0006460 seconds, Stopping threads took: 0.0000590 seconds
79.630: Application time: 0.0416280 seconds
79.630: [GC [PSYoungGen: 19452K->2480K(21504K)] 30035K->13063K(69120K), 0.0009170 secs] [Times: user=0.01 sys=0.00, real=0.00 secs] 
79.631: Total time for which application threads were stopped: 0.0010610 seconds, Stopping threads took: 0.0000710 seconds
79.677: Application time: 0.0462060 seconds
79.677: [GC [PSYoungGen: 21025K->848K(21504K)] 31608K->11431K(69120K), 0.0005220 secs] [Times: user=0.00 sys=0.00, real=0.00 secs] 
79.678: Total time for which application threads were stopped: 0.0006500 seconds, Stopping threads took: 0.0000630 seconds
79.722: Application time: 0.0439730 seconds
79.722: [GC [PSYoungGen: 19376K->1952K(21504K)] 29959K->12535K(69120K), 0.0007830 secs] [Times: user=0.01 sys=0.00, real=0.00 secs] 
79.723: Total time for which application threads were stopped: 0.0009690 seconds, Stopping threads took: 0.0001200 seconds
79.767: Application time: 0.0445240 seconds
79.767: [GC [PSYoungGen: 20565K->1968K(21504K)] 31148K->12551K(69120K), 0.0008010 secs] [Times: user=0.01 sys=0.00, real=0.00 secs] 
79.768: Total time for which application threads were stopped: 0.0009430 seconds, Stopping threads took: 0.0000740 seconds
79.813: Application time: 0.0444770 seconds
79.813: [GC [PSYoungGen: 20502K->1408K(21504K)] 31086K->11999K(69120K), 0.0006740 secs] [Times: user=0.01 sys=0.00, real=0.00 secs] 
79.813: Total time for which application threads were stopped: 0.0008220 seconds, Stopping threads took: 0.0000810 seconds
79.858: Application time: 0.0442280 seconds
79.858: [GC [PSYoungGen: 19940K->2512K(21504K)] 30531K->13103K(69120K), 0.0009180 secs] [Times: user=0.00 sys=0.00, real=0.00 secs] 
79.859: Total time for which application threads were stopped: 0.0010590 seconds, Stopping threads took: 0.0000710 seconds
79.903: Application time: 0.0441630 seconds
79.903: [GC [PSYoungGen: 21133K->1424K(21504K)] 31724K->12015K(69120K), 0.0006630 secs] [Times: user=0.00 sys=0.00, real=0.00 secs] 
79.904: Total time for which application threads were stopped: 0.0007960 seconds, Stopping threads took: 0.0000670 seconds
79.948: Application time: 0.0446600 seconds
79.948: [GC [PSYoungGen: 19956K->1952K(21504K)] 30547K->12559K(69120K), 0.0008000 secs] [Times: user=0.00 sys=0.00, real=0.00 secs] 
79.949: Total time for which application threads were stopped: 0.0009400 seconds, Stopping threads took: 0.0000700 seconds
79.995: Application time: 0.0459010 seconds
79.995: [GC [PSYoungGen: 20647K->896K(21504K)] 31254K->11519K(69120K), 0.0004990 secs] [Times: user=0.01 sys=0.00, real=0.00 secs] 
79.996: Total time for which application threads were stopped: 0.0006800 seconds, Stopping threads took: 0.0001110 seconds
80.039: Application time: 0.0434310 seconds
80.039: [GC [PSYoungGen: 19498K->2480K(21504K)] 30121K->13119K(69120K), 0.0009260 secs] [Times: user=0.01 sys=0.00, real=0.00 secs] 
80.040: Total time for which application threads were stopped: 0.0010510 seconds, Stopping threads took: 0.0000560 seconds
80.086: Application time: 0.0456580 seconds
80.086: [GC [PSYoungGen: 21099K->1424K(21504K)] 31738K->12079K(69120K), 0.0006610 secs] [Times: user=0.00 sys=0.00, real=0.00 secs] 
80.087: Total time for which application threads were stopped: 0.0008170 seconds, Stopping threads took: 0.0000910 seconds
80.132: Application time: 0.0452700 seconds
80.132: [GC [PSYoungGen: 20041K->896K(21504K)] 30696K->11567K(69120K), 0.0004950 secs] [Times: user=0.01 sys=0.00, real=0.00 secs] 
80.133: Total time for which application threads were stopped: 0.0006190 seconds, Stopping threads took: 0.0000600 seconds
80.176: Application time: 0.0431600 seconds
80.176: [GC [PSYoungGen: 19420K->2480K(21504K)] 30091K->13167K(69120K), 0.0009570 secs] [Times: user=0.01 sys=0.00, real=0.01 secs] 
80.177: Total time for which application threads were stopped: 0.0011210 seconds, Stopping threads took: 0.0000880 seconds
80.224: Application time: 0.0466990 seconds
80.224: [GC [PSYoungGen: 21025K->880K(21504K)] 31712K->11567K(69120K), 0.0005150 secs] [Times: user=0.00 sys=0.00, real=0.01 secs] 
80.224: Total time for which application threads were stopped: 0.0006440 seconds, Stopping threads took: 0.0000620 seconds
80.266: Application time: 0.0420560 seconds
80.267: [GC [PSYoungGen: 19482K->2480K(21504K)] 30169K->13167K(69120K), 0.0009750 secs] [Times: user=0.00 sys=0.00, real=0.00 secs] 
80.268: Total time for which application threads were stopped: 0.0011200 seconds, Stopping threads took: 0.0000720 seconds
80.314: Application time: 0.0463280 seconds
80.314: [GC [PSYoungGen: 21025K->864K(21504K)] 31712K->11567K(69120K), 0.0005000 secs] [Times: user=0.00 sys=0.00, real=0.00 secs] 
80.315: Total time for which application threads were stopped: 0.0006980 seconds, Stopping threads took: 0.0001330 seconds
80.357: Application time: 0.0421130 seconds
80.357: [GC [PSYoungGen: 19388K->2448K(21504K)] 30091K->13151K(69120K), 0.0009480 secs] [Times: user=0.01 sys=0.00, real=0.00 secs] 
80.358: Total time for which application threads were stopped: 0.0010820 seconds, Stopping threads took: 0.0000680 seconds
80.406: Application time: 0.0478870 seconds
80.406: [GC [PSYoungGen: 21063K->2480K(21504K)] 31766K->13183K(69120K), 0.0009390 secs] [Times: user=0.01 sys=0.00, real=0.00 secs] 
80.407: Total time for which application threads were stopped: 0.0010840 seconds, Stopping threads took: 0.0000710 seconds
80.451: Application time: 0.0443940 seconds
80.451: [GC [PSYoungGen: 21021K->1376K(21504K)] 31724K->12087K(69120K), 0.0006550 secs] [Times: user=0.01 sys=0.00, real=0.00 secs] 
80.452: Total time for which application threads were stopped: 0.0008480 seconds, Stopping threads took: 0.0001310 seconds
80.496: Application time: 0.0443570 seconds
80.500: [GC [PSYoungGen: 19908K->1936K(21504K)] 30620K->12647K(69120K), 0.0007850 secs] [Times: user=0.00 sys=0.00, real=0.00 secs] 
80.501: Total time for which application threads were stopped: 0.0046370 seconds, Stopping threads took: 0.0037710 seconds
80.545: Application time: 0.0442530 seconds
80.545: [GC [PSYoungGen: 20555K->1424K(21504K)] 31266K->12135K(69120K), 0.0006630 secs] [Times: user=0.01 sys=0.00, real=0.00 secs] 
80.546: Total time for which application threads were stopped: 0.0007860 seconds, Stopping threads took: 0.0000620 seconds
80.589: Application time: 0.0430630 seconds
80.589: [GC [PSYoungGen: 19952K->2480K(21504K)] 30663K->13199K(69120K), 0.0009680 secs] [Times: user=0.00 sys=0.00, real=0.00 secs] 
80.590: Total time for which application threads were stopped: 0.0011030 seconds, Stopping threads took: 0.0000610 seconds
80.635: Application time: 0.0451930 seconds
80.635: [GC [PSYoungGen: 21179K->1424K(21504K)] 31898K->12143K(69120K), 0.0006390 secs] [Times: user=0.00 sys=0.00, real=0.01 secs] 
80.636: Total time for which application threads were stopped: 0.0007600 seconds, Stopping threads took: 0.0000550 seconds
80.679: Application time: 0.0425400 seconds
80.679: [GC [PSYoungGen: 20030K->2480K(21504K)] 30750K->13207K(69120K), 0.0008910 secs] [Times: user=0.00 sys=0.00, real=0.00 secs] 
80.680: Total time for which application threads were stopped: 0.0010340 seconds, Stopping threads took: 0.0000700 seconds
80.726: Application time: 0.0464370 seconds
80.726: [GC [PSYoungGen: 21023K->912K(21504K)] 31750K->11647K(69120K), 0.0005210 secs] [Times: user=0.00 sys=0.00, real=0.00 secs] 
80.727: Total time for which application threads were stopped: 0.0006960 seconds, Stopping threads took: 0.0001080 seconds
80.770: Application time: 0.0430140 seconds
80.770: [GC [PSYoungGen: 19522K->1952K(21504K)] 30258K->12695K(69120K), 0.0007850 secs] [Times: user=0.00 sys=0.00, real=0.00 secs] 
80.771: Total time for which application threads were stopped: 0.0009240 seconds, Stopping threads took: 0.0000730 seconds
80.815: Application time: 0.0437560 seconds
80.815: [GC [PSYoungGen: 20563K->2480K(21504K)] 31306K->13231K(69120K), 0.0009350 secs] [Times: user=0.01 sys=0.00, real=0.00 secs] 
80.816: Total time for which application threads were stopped: 0.0010720 seconds, Stopping threads took: 0.0000670 seconds
80.860: Application time: 0.0446850 seconds
80.860: [GC [PSYoungGen: 21021K->1968K(21504K)] 31772K->12719K(69120K), 0.0007720 secs] [Times: user=0.01 sys=0.00, real=0.00 secs] 
80.861: Total time for which application threads were stopped: 0.0009210 seconds, Stopping threads took: 0.0000840 seconds
80.904: Application time: 0.0430600 seconds
80.904: [GC [PSYoungGen: 20496K->2528K(21504K)] 31247K->13791K(69120K), 0.0011120 secs] [Times: user=0.01 sys=0.00, real=0.00 secs] 
80.906: Total time for which application threads were stopped: 0.0013020 seconds, Stopping threads took: 0.0001140 seconds
80.951: Application time: 0.0452760 seconds
80.951: [GC [PSYoungGen: 21149K->1904K(21504K)] 32412K->13175K(69120K), 0.0008420 secs] [Times: user=0.01 sys=0.00, real=0.00 secs] 
80.953: Total time for which application threads were stopped: 0.0017510 seconds, Stopping threads took: 0.0000720 seconds
80.997: Application time: 0.0444180 seconds
80.997: [GC [PSYoungGen: 20432K->2496K(21504K)] 31703K->14279K(69120K), 0.0010900 secs] [Times: user=0.01 sys=0.00, real=0.00 secs] 
80.998: Total time for which application threads were stopped: 0.0012520 seconds, Stopping threads took: 0.0000900 seconds
81.044: Application time: 0.0454630 seconds
81.044: [GC [PSYoungGen: 21117K->1952K(21504K)] 32900K->13735K(69120K), 0.0008370 secs] [Times: user=0.00 sys=0.00, real=0.01 secs] 
81.045: Total time for which application threads were stopped: 0.0010090 seconds, Stopping threads took: 0.0000960 seconds
81.090: Application time: 0.0456160 seconds
81.090: [GC [PSYoungGen: 20493K->848K(21504K)] 32276K->12639K(69120K), 0.0005210 secs] [Times: user=0.00 sys=0.00, real=0.00 secs] 
81.091: Total time for which application threads were stopped: 0.0006550 seconds, Stopping threads took: 0.0000700 seconds
81.134: Application time: 0.0432890 seconds
81.134: [GC [PSYoungGen: 19372K->2512K(21504K)] 31163K->14303K(69120K), 0.0009430 secs] [Times: user=0.01 sys=0.00, real=0.00 secs] 
81.135: Total time for which application threads were stopped: 0.0010940 seconds, Stopping threads took: 0.0000780 seconds
81.180: Application time: 0.0446190 seconds
81.180: [GC [PSYoungGen: 21129K->1920K(21504K)] 32920K->13711K(69120K), 0.0007850 secs] [Times: user=0.00 sys=0.00, real=0.00 secs] 
81.181: Total time for which application threads were stopped: 0.0009600 seconds, Stopping threads took: 0.0001110 seconds
81.226: Application time: 0.0446110 seconds
81.226: [GC [PSYoungGen: 20459K->1968K(21504K)] 32250K->13767K(69120K), 0.0007910 secs] [Times: user=0.01 sys=0.00, real=0.00 secs] 
81.227: Total time for which application threads were stopped: 0.0009210 seconds, Stopping threads took: 0.0000620 seconds
81.269: Application time: 0.0425640 seconds
81.269: [GC [PSYoungGen: 20579K->2480K(21504K)] 32378K->14279K(69120K), 0.0009130 secs] [Times: user=0.00 sys=0.00, real=0.00 secs] 
81.270: Total time for which application threads were stopped: 0.0011270 seconds, Stopping threads took: 0.0001480 seconds
81.316: Application time: 0.0457490 seconds
81.316: [GC [PSYoungGen: 21177K->1936K(21504K)] 32976K->13743K(69120K), 0.0007380 secs] [Times: user=0.00 sys=0.00, real=0.00 secs] 
81.317: Total time for which application threads were stopped: 0.0008710 seconds, Stopping threads took: 0.0000600 seconds
81.361: Application time: 0.0444470 seconds
81.361: [GC [PSYoungGen: 20475K->1424K(21504K)] 32282K->13239K(69120K), 0.0006410 secs] [Times: user=0.00 sys=0.00, real=0.00 secs] 
81.362: Total time for which application threads were stopped: 0.0008370 seconds, Stopping threads took: 0.0001300 seconds
81.406: Application time: 0.0437550 seconds
81.406: [GC [PSYoungGen: 20026K->2432K(21504K)] 31841K->14759K(69120K), 0.0011580 secs] [Times: user=0.01 sys=0.00, real=0.00 secs] 
81.407: Total time for which application threads were stopped: 0.0013050 seconds, Stopping threads took: 0.0000730 seconds
81.454: Application time: 0.0464070 seconds
81.454: [GC [PSYoungGen: 21057K->912K(21504K)] 33384K->13247K(69120K), 0.0005350 secs] [Times: user=0.00 sys=0.00, real=0.00 secs] 
81.454: Total time for which application threads were stopped: 0.0006670 seconds, Stopping threads took: 0.0000690 seconds
81.495: Application time: 0.0410210 seconds
81.495: [GC [PSYoungGen: 19432K->2496K(21504K)] 31767K->15351K(69120K), 0.0011150 secs] [Times: user=0.00 sys=0.00, real=0.01 secs] 
81.497: Total time for which application threads were stopped: 0.0012660 seconds, Stopping threads took: 0.0000760 seconds
81.544: Application time: 0.0474660 seconds
81.544: [GC [PSYoungGen: 21043K->848K(21504K)] 33898K->13703K(69120K), 0.0005450 secs] [Times: user=0.00 sys=0.00, real=0.00 secs] 
81.545: Total time for which application threads were stopped: 0.0006780 seconds, Stopping threads took: 0.0000560 seconds
81.586: Application time: 0.0407900 seconds
81.586: [GC [PSYoungGen: 19446K->2496K(21504K)] 32302K->15863K(69120K), 0.0010970 secs] [Times: user=0.01 sys=0.00, real=0.00 secs] 
81.587: Total time for which application threads were stopped: 0.0012430 seconds, Stopping threads took: 0.0000750 seconds
81.634: Application time: 0.0469000 seconds
81.634: [GC [PSYoungGen: 21041K->1408K(21504K)] 34408K->14783K(69120K), 0.0006500 secs] [Times: user=0.00 sys=0.00, real=0.00 secs] 
81.634: Total time for which application threads were stopped: 0.0007760 seconds, Stopping threads took: 0.0000610 seconds
81.679: Application time: 0.0447310 seconds
81.679: [GC [PSYoungGen: 20021K->880K(21504K)] 33396K->14255K(69120K), 0.0004970 secs] [Times: user=0.00 sys=0.00, real=0.00 secs] 
81.680: Total time for which application threads were stopped: 0.0006580 seconds, Stopping threads took: 0.0000950 seconds
81.724: Application time: 0.0440430 seconds
81.724: [GC [PSYoungGen: 19408K->2496K(21504K)] 32783K->15879K(69120K), 0.0009600 secs] [Times: user=0.00 sys=0.00, real=0.00 secs] 
81.725: Total time for which application threads were stopped: 0.0012160 seconds, Stopping threads took: 0.0001810 seconds
81.770: Application time: 0.0447390 seconds
81.770: [GC [PSYoungGen: 21031K->2480K(21504K)] 34414K->15863K(69120K), 0.0009200 secs] [Times: user=0.01 sys=0.00, real=0.00 secs] 
81.771: Total time for which application threads were stopped: 0.0010750 seconds, Stopping threads took: 0.0000900 seconds
81.815: Application time: 0.0442870 seconds
81.815: [GC [PSYoungGen: 21095K->2464K(21504K)] 34478K->15847K(69120K), 0.0009450 secs] [Times: user=0.01 sys=0.00, real=0.01 secs] 
81.816: Total time for which application threads were stopped: 0.0011630 seconds, Stopping threads took: 0.0001480 seconds
81.861: Application time: 0.0448470 seconds
81.861: [GC [PSYoungGen: 21007K->1424K(21504K)] 34390K->14815K(69120K), 0.0006340 secs] [Times: user=0.00 sys=0.00, real=0.00 secs] 
81.862: Total time for which application threads were stopped: 0.0008090 seconds, Stopping threads took: 0.0001130 seconds
81.906: Application time: 0.0436850 seconds
81.906: [GC [PSYoungGen: 20030K->2496K(21504K)] 33422K->15887K(69120K), 0.0009080 secs] [Times: user=0.01 sys=0.00, real=0.00 secs] 
81.907: Total time for which application threads were stopped: 0.0010540 seconds, Stopping threads took: 0.0000720 seconds
81.951: Application time: 0.0444760 seconds
81.951: [GC [PSYoungGen: 21109K->2480K(21504K)] 34500K->15879K(69120K), 0.0009570 secs] [Times: user=0.01 sys=0.00, real=0.00 secs] 
81.952: Total time for which application threads were stopped: 0.0011310 seconds, Stopping threads took: 0.0001030 seconds
81.997: Application time: 0.0445630 seconds
81.997: [GC [PSYoungGen: 21099K->1952K(21504K)] 34498K->15367K(69120K), 0.0007910 secs] [Times: user=0.01 sys=0.00, real=0.00 secs] 
81.998: Total time for which application threads were stopped: 0.0009410 seconds, Stopping threads took: 0.0000830 seconds
82.043: Application time: 0.0449670 seconds
82.043: [GC [PSYoungGen: 20567K->1936K(21504K)] 33982K->15351K(69120K), 0.0007800 secs] [Times: user=0.00 sys=0.00, real=0.00 secs] 
82.044: Total time for which application threads were stopped: 0.0009090 seconds, Stopping threads took: 0.0000570 seconds
82.087: Application time: 0.0429340 seconds
82.087: [GC [PSYoungGen: 20468K->2448K(21504K)] 33884K->15871K(69120K), 0.0009370 secs] [Times: user=0.01 sys=0.00, real=0.00 secs] 
82.088: Total time for which application threads were stopped: 0.0010940 seconds, Stopping threads took: 0.0000720 seconds
82.134: Application time: 0.0457480 seconds
82.134: [GC [PSYoungGen: 21067K->1968K(21504K)] 34490K->15399K(69120K), 0.0008020 secs] [Times: user=0.00 sys=0.00, real=0.00 secs] 
82.134: Total time for which application threads were stopped: 0.0009460 seconds, Stopping threads took: 0.0000740 seconds
82.177: Application time: 0.0423390 seconds
82.177: [GC [PSYoungGen: 20500K->2512K(21504K)] 33932K->15943K(69120K), 0.0009390 secs] [Times: user=0.00 sys=0.00, real=0.00 secs] 
82.178: Total time for which application threads were stopped: 0.0010780 seconds, Stopping threads took: 0.0000700 seconds
82.224: Application time: 0.0463370 seconds
82.224: [GC [PSYoungGen: 21131K->1936K(21504K)] 34562K->15367K(69120K), 0.0007740 secs] [Times: user=0.01 sys=0.00, real=0.00 secs] 
82.225: Total time for which application threads were stopped: 0.0009190 seconds, Stopping threads took: 0.0000790 seconds
82.268: Application time: 0.0425930 seconds
82.268: [GC [PSYoungGen: 20462K->2432K(21504K)] 33893K->16895K(69120K), 0.0013210 secs] [Times: user=0.01 sys=0.00, real=0.00 secs] 
82.269: Total time for which application threads were stopped: 0.0014760 seconds, Stopping threads took: 0.0000780 seconds
82.317: Application time: 0.0473000 seconds
82.317: [GC [PSYoungGen: 21055K->1936K(21504K)] 35519K->16399K(69120K), 0.0008870 secs] [Times: user=0.00 sys=0.00, real=0.00 secs] 
82.318: Total time for which application threads were stopped: 0.0013400 seconds, Stopping threads took: 0.0003840 seconds
82.362: Application time: 0.0443370 seconds
82.362: [GC [PSYoungGen: 20472K->1936K(21504K)] 34936K->16407K(69120K), 0.0007790 secs] [Times: user=0.00 sys=0.00, real=0.00 secs] 
82.363: Total time for which application threads were stopped: 0.0009190 seconds, Stopping threads took: 0.0000740 seconds
82.407: Application time: 0.0437150 seconds
82.407: [GC [PSYoungGen: 20464K->2496K(21504K)] 34935K->17479K(69120K), 0.0011020 secs] [Times: user=0.01 sys=0.00, real=0.00 secs] 
82.408: Total time for which application threads were stopped: 0.0012610 seconds, Stopping threads took: 0.0000850 seconds
82.454: Application time: 0.0462260 seconds
82.454: [GC [PSYoungGen: 21119K->1424K(21504K)] 36102K->16407K(69120K), 0.0006430 secs] [Times: user=0.00 sys=0.00, real=0.00 secs] 
82.455: Total time for which application threads were stopped: 0.0007770 seconds, Stopping threads took: 0.0000680 seconds
82.497: Application time: 0.0421780 seconds
82.497: [GC [PSYoungGen: 19944K->2496K(21504K)] 34927K->18511K(69120K), 0.0013380 secs] [Times: user=0.01 sys=0.00, real=0.00 secs] 
82.499: Total time for which application threads were stopped: 0.0015020 seconds, Stopping threads took: 0.0000880 seconds
82.544: Application time: 0.0455820 seconds
82.545: [GC [PSYoungGen: 21121K->1440K(21504K)] 37136K->17455K(69120K), 0.0006140 secs] [Times: user=0.01 sys=0.00, real=0.00 secs] 
82.545: Total time for which application threads were stopped: 0.0007970 seconds, Stopping threads took: 0.0001230 seconds
82.589: Application time: 0.0433880 seconds
82.589: [GC [PSYoungGen: 20047K->2432K(21504K)] 36062K->18455K(69120K), 0.0010470 secs] [Times: user=0.01 sys=0.00, real=0.00 secs] 
82.590: Total time for which application threads were stopped: 0.0011950 seconds, Stopping threads took: 0.0000680 seconds
82.637: Application time: 0.0471100 seconds
82.637: [GC [PSYoungGen: 21053K->1392K(21504K)] 37076K->17423K(69120K), 0.0006210 secs] [Times: user=0.00 sys=0.00, real=0.00 secs] 
82.638: Total time for which application threads were stopped: 0.0007490 seconds, Stopping threads took: 0.0000670 seconds
82.679: Application time: 0.0410200 seconds
82.679: [GC [PSYoungGen: 20000K->2480K(21504K)] 36032K->18519K(69120K), 0.0009250 secs] [Times: user=0.01 sys=0.00, real=0.00 secs] 
82.680: Total time for which application threads were stopped: 0.0010650 seconds, Stopping threads took: 0.0000670 seconds
82.728: Application time: 0.0482940 seconds
82.732: [GC [PSYoungGen: 21021K->1392K(21504K)] 37060K->17439K(69120K), 0.0006510 secs] [Times: user=0.00 sys=0.00, real=0.00 secs] 
82.733: Total time for which application threads were stopped: 0.0047660 seconds, Stopping threads took: 0.0040500 seconds
82.774: Application time: 0.0410150 seconds
82.774: [GC [PSYoungGen: 19998K->2528K(21504K)] 36046K->19087K(69120K), 0.0011090 secs] [Times: user=0.01 sys=0.00, real=0.00 secs] 
82.775: Total time for which application threads were stopped: 0.0012530 seconds, Stopping threads took: 0.0000720 seconds
82.823: Application time: 0.0480850 seconds
82.823: [GC [PSYoungGen: 21073K->1392K(21504K)] 37632K->17959K(69120K), 0.0006440 secs] [Times: user=0.01 sys=0.00, real=0.00 secs] 
82.824: Total time for which application threads were stopped: 0.0008710 seconds, Stopping threads took: 0.0001530 seconds
82.866: Application time: 0.0424390 seconds
82.867: [GC [PSYoungGen: 19994K->2496K(21504K)] 36562K->19063K(69120K), 0.0009890 secs] [Times: user=0.00 sys=0.00, real=0.00 secs] 
82.868: Total time for which application threads were stopped: 0.0011480 seconds, Stopping threads took: 0.0000890 seconds
82.913: Application time: 0.0452200 seconds
82.913: [GC [PSYoungGen: 21037K->1888K(21504K)] 37604K->18463K(69120K), 0.0007670 secs] [Times: user=0.01 sys=0.00, real=0.00 secs] 
82.914: Total time for which application threads were stopped: 0.0009140 seconds, Stopping threads took: 0.0000830 seconds
82.957: Application time: 0.0429970 seconds
82.957: [GC [PSYoungGen: 20416K->2512K(21504K)] 36992K->19599K(69120K), 0.0011070 secs] [Times: user=0.01 sys=0.00, real=0.00 secs] 
82.958: Total time for which application threads were stopped: 0.0012550 seconds, Stopping threads took: 0.0000730 seconds
83.003: Application time: 0.0454060 seconds
83.004: [GC [PSYoungGen: 21133K->1968K(21504K)] 38220K->19063K(69120K), 0.0007690 secs] [Times: user=0.01 sys=0.00, real=0.01 secs] 
83.004: Total time for which application threads were stopped: 0.0009010 seconds, Stopping threads took: 0.0000680 seconds
83.047: Application time: 0.0425830 seconds
83.047: [GC [PSYoungGen: 20500K->2512K(21504K)] 37596K->19607K(69120K), 0.0009570 secs] [Times: user=0.00 sys=0.00, real=0.00 secs] 
83.048: Total time for which application threads were stopped: 0.0011190 seconds, Stopping threads took: 0.0000850 seconds
83.093: Application time: 0.0454080 seconds
83.094: [GC [PSYoungGen: 21049K->1920K(21504K)] 38144K->19015K(69120K), 0.0007740 secs] [Times: user=0.00 sys=0.00, real=0.00 secs] 
83.094: Total time for which application threads were stopped: 0.0009240 seconds, Stopping threads took: 0.0000730 seconds
83.138: Application time: 0.0440340 seconds
83.139: [GC [PSYoungGen: 20535K->1984K(21504K)] 37630K->19087K(69120K), 0.0007530 secs] [Times: user=0.00 sys=0.00, real=0.00 secs] 
83.139: Total time for which application threads were stopped: 0.0009180 seconds, Stopping threads took: 0.0001020 seconds
83.183: Application time: 0.0436090 seconds
83.183: [GC [PSYoungGen: 20590K->2512K(21504K)] 37694K->20127K(69120K), 0.0010770 secs] [Times: user=0.01 sys=0.00, real=0.01 secs] 
83.184: Total time for which application threads were stopped: 0.0012380 seconds, Stopping threads took: 0.0000810 seconds
83.231: Application time: 0.0464120 seconds
83.231: [GC [PSYoungGen: 21137K->832K(21504K)] 38752K->18455K(69120K), 0.0005010 secs] [Times: user=0.00 sys=0.00, real=0.00 secs] 
83.231: Total time for which application threads were stopped: 0.0006220 seconds, Stopping threads took: 0.0000600 seconds
83.273: Application time: 0.0414570 seconds
83.273: [GC [PSYoungGen: 19430K->2496K(21504K)] 37054K->20639K(69120K), 0.0011430 secs] [Times: user=0.01 sys=0.00, real=0.00 secs] 
83.274: Total time for which application threads were stopped: 0.0012960 seconds, Stopping threads took: 0.0000780 seconds
83.320: Application time: 0.0462640 seconds
83.320: [GC [PSYoungGen: 21041K->1424K(21504K)] 39184K->19583K(69120K), 0.0006270 secs] [Times: user=0.00 sys=0.00, real=0.00 secs] 
83.321: Total time for which application threads were stopped: 0.0007660 seconds, Stopping threads took: 0.0000660 seconds
83.364: Application time: 0.0429270 seconds
83.364: [GC [PSYoungGen: 20030K->1952K(21504K)] 38190K->20119K(69120K), 0.0007590 secs] [Times: user=0.00 sys=0.00, real=0.00 secs] 
83.365: Total time for which application threads were stopped: 0.0009320 seconds, Stopping threads took: 0.0001080 seconds
83.410: Application time: 0.0453800 seconds
83.410: [GC [PSYoungGen: 20491K->1952K(21504K)] 38658K->20119K(69120K), 0.0007970 secs] [Times: user=0.00 sys=0.00, real=0.00 secs] 
83.411: Total time for which application threads were stopped: 0.0009420 seconds, Stopping threads took: 0.0000780 seconds
83.453: Application time: 0.0413830 seconds
83.453: [GC [PSYoungGen: 20565K->2464K(21504K)] 38732K->20639K(69120K), 0.0009250 secs] [Times: user=0.00 sys=0.00, real=0.00 secs] 
83.454: Total time for which application threads were stopped: 0.0010680 seconds, Stopping threads took: 0.0000750 seconds
83.500: Application time: 0.0467590 seconds
83.501: [GC [PSYoungGen: 21011K->352K(21504K)] 39186K->18527K(69120K), 0.0004240 secs] [Times: user=0.00 sys=0.00, real=0.00 secs] 
83.501: Total time for which application threads were stopped: 0.0005400 seconds, Stopping threads took: 0.0000600 seconds
83.545: Application time: 0.0438040 seconds
83.545: [GC [PSYoungGen: 18952K->2480K(21504K)] 37128K->20663K(69120K), 0.0009500 secs] [Times: user=0.01 sys=0.00, real=0.00 secs] 
83.546: Total time for which application threads were stopped: 0.0011410 seconds, Stopping threads took: 0.0001190 seconds
83.592: Application time: 0.0462290 seconds
83.592: [GC [PSYoungGen: 21025K->1440K(21504K)] 39208K->19623K(69120K), 0.0006380 secs] [Times: user=0.01 sys=0.00, real=0.00 secs] 
83.593: Total time for which application threads were stopped: 0.0007640 seconds, Stopping threads took: 0.0000640 seconds
83.634: Application time: 0.0407690 seconds
83.634: [GC [PSYoungGen: 20040K->2496K(21504K)] 38224K->21703K(69120K), 0.0012910 secs] [Times: user=0.01 sys=0.00, real=0.00 secs] 
83.635: Total time for which application threads were stopped: 0.0014470 seconds, Stopping threads took: 0.0000720 seconds
83.682: Application time: 0.0465520 seconds
83.682: [GC [PSYoungGen: 21041K->1952K(21504K)] 40248K->21167K(69120K), 0.0007880 secs] [Times: user=0.00 sys=0.00, real=0.00 secs] 
83.683: Total time for which application threads were stopped: 0.0009350 seconds, Stopping threads took: 0.0000770 seconds
83.727: Application time: 0.0442600 seconds
83.727: [GC [PSYoungGen: 20490K->1440K(21504K)] 39706K->20655K(69120K), 0.0006450 secs] [Times: user=0.01 sys=0.00, real=0.00 secs] 
83.728: Total time for which application threads were stopped: 0.0007700 seconds, Stopping threads took: 0.0000580 seconds
83.771: Application time: 0.0431390 seconds
83.771: [GC [PSYoungGen: 20048K->2448K(21504K)] 39264K->21663K(69120K), 0.0009180 secs] [Times: user=0.01 sys=0.00, real=0.00 secs] 
83.772: Total time for which application threads were stopped: 0.0010630 seconds, Stopping threads took: 0.0000720 seconds
83.817: Application time: 0.0451490 seconds
83.817: [GC [PSYoungGen: 21071K->864K(21504K)] 40286K->20087K(69120K), 0.0005280 secs] [Times: user=0.00 sys=0.00, real=0.00 secs] 
83.818: Total time for which application threads were stopped: 0.0006560 seconds, Stopping threads took: 0.0000680 seconds
83.859: Application time: 0.0418070 seconds
83.860: [GC [PSYoungGen: 19466K->2480K(21504K)] 38690K->21711K(69120K), 0.0009500 secs] [Times: user=0.00 sys=0.00, real=0.00 secs] 
83.861: Total time for which application threads were stopped: 0.0010870 seconds, Stopping threads took: 0.0000660 seconds
83.907: Application time: 0.0465320 seconds
83.907: [GC [PSYoungGen: 21103K->864K(21504K)] 40334K->20103K(69120K), 0.0005240 secs] [Times: user=0.01 sys=0.00, real=0.00 secs] 
83.908: Total time for which application threads were stopped: 0.0006600 seconds, Stopping threads took: 0.0000720 seconds
83.950: Application time: 0.0420870 seconds
83.950: [GC [PSYoungGen: 19392K->1952K(21504K)] 38632K->21199K(69120K), 0.0007730 secs] [Times: user=0.00 sys=0.00, real=0.00 secs] 
83.951: Total time for which application threads were stopped: 0.0009040 seconds, Stopping threads took: 0.0000650 seconds
83.994: Application time: 0.0434010 seconds
83.994: [GC [PSYoungGen: 20563K->2512K(21504K)] 39810K->21759K(69120K), 0.0009380 secs] [Times: user=0.01 sys=0.00, real=0.00 secs] 
83.995: Total time for which application threads were stopped: 0.0010850 seconds, Stopping threads took: 0.0000770 seconds
84.040: Application time: 0.0443140 seconds
84.040: [GC [PSYoungGen: 21053K->1920K(21504K)] 40300K->21175K(69120K), 0.0008210 secs] [Times: user=0.00 sys=0.00, real=0.00 secs] 
84.041: Total time for which application threads were stopped: 0.0010530 seconds, Stopping threads took: 0.0001650 seconds
84.085: Application time: 0.0440550 seconds
84.085: [GC [PSYoungGen: 20535K->1952K(21504K)] 39790K->21207K(69120K), 0.0007980 secs] [Times: user=0.00 sys=0.00, real=0.00 secs] 
84.086: Total time for which application threads were stopped: 0.0009460 seconds, Stopping threads took: 0.0000760 seconds
84.130: Application time: 0.0439660 seconds
84.130: [GC [PSYoungGen: 20484K->2496K(21504K)] 39740K->21759K(69120K), 0.0009170 secs] [Times: user=0.01 sys=0.00, real=0.00 secs] 
84.131: Total time for which application threads were stopped: 0.0010510 seconds, Stopping threads took: 0.0000670 seconds
84.175: Application time: 0.0443280 seconds
84.175: [GC [PSYoungGen: 21115K->1952K(21504K)] 40378K->21215K(69120K), 0.0007990 secs] [Times: user=0.01 sys=0.00, real=0.00 secs] 
84.176: Total time for which application threads were stopped: 0.0009400 seconds, Stopping threads took: 0.0000670 seconds
84.219: Application time: 0.0435700 seconds
84.220: [GC [PSYoungGen: 20484K->2480K(21504K)] 39748K->21751K(69120K), 0.0009510 secs] [Times: user=0.01 sys=0.00, real=0.00 secs] 
84.221: Total time for which application threads were stopped: 0.0011000 seconds, Stopping threads took: 0.0000730 seconds
84.265: Application time: 0.0446660 seconds
84.265: [GC [PSYoungGen: 21101K->1408K(21504K)] 40372K->20679K(69120K), 0.0006540 secs] [Times: user=0.01 sys=0.00, real=0.00 secs] 
84.266: Total time for which application threads were stopped: 0.0007780 seconds, Stopping threads took: 0.0000620 seconds
84.308: Application time: 0.0420130 seconds
84.308: [GC [PSYoungGen: 19934K->2480K(21504K)] 39206K->21759K(69120K), 0.0009400 secs] [Times: user=0.01 sys=0.00, real=0.00 secs] 
84.309: Total time for which application threads were stopped: 0.0010850 seconds, Stopping threads took: 0.0000730 seconds
84.356: Application time: 0.0470800 seconds
84.356: [GC [PSYoungGen: 21025K->912K(21504K)] 40304K->20191K(69120K), 0.0005090 secs] [Times: user=0.00 sys=0.00, real=0.00 secs] 
84.357: Total time for which application threads were stopped: 0.0007520 seconds, Stopping threads took: 0.0001790 seconds
84.399: Application time: 0.0418310 seconds
84.399: [GC [PSYoungGen: 19434K->2512K(21504K)] 38713K->22815K(69120K), 0.0012760 secs] [Times: user=0.01 sys=0.00, real=0.00 secs] 
84.400: Total time for which application threads were stopped: 0.0014450 seconds, Stopping threads took: 0.0000910 seconds
84.447: Application time: 0.0465110 seconds
84.447: [GC [PSYoungGen: 21131K->2480K(21504K)] 41435K->22791K(69120K), 0.0009660 secs] [Times: user=0.01 sys=0.00, real=0.00 secs] 
84.448: Total time for which application threads were stopped: 0.0011180 seconds, Stopping threads took: 0.0000780 seconds
84.493: Application time: 0.0452870 seconds
84.493: [GC [PSYoungGen: 21097K->1968K(21504K)] 41408K->22287K(69120K), 0.0007600 secs] [Times: user=0.01 sys=0.00, real=0.00 secs] 
84.494: Total time for which application threads were stopped: 0.0008820 seconds, Stopping threads took: 0.0000590 seconds
84.536: Application time: 0.0421340 seconds
84.536: [GC [PSYoungGen: 20655K->2512K(21504K)] 40974K->23351K(69120K), 0.0010980 secs] [Times: user=0.01 sys=0.00, real=0.00 secs] 
84.537: Total time for which application threads were stopped: 0.0012520 seconds, Stopping threads took: 0.0000790 seconds
84.584: Application time: 0.0462860 seconds
84.584: [GC [PSYoungGen: 21055K->1920K(21504K)] 41894K->22767K(69120K), 0.0008760 secs] [Times: user=0.01 sys=0.00, real=0.01 secs] 
84.585: Total time for which application threads were stopped: 0.0010160 seconds, Stopping threads took: 0.0000690 seconds
84.626: Application time: 0.0416360 seconds
84.626: [GC [PSYoungGen: 20520K->2464K(21504K)] 41368K->24847K(69120K), 0.0014280 secs] [Times: user=0.01 sys=0.00, real=0.00 secs] 
84.628: Total time for which application threads were stopped: 0.0015830 seconds, Stopping threads took: 0.0000770 seconds
84.675: Application time: 0.0470670 seconds
84.675: [GC [PSYoungGen: 21011K->1952K(21504K)] 43395K->24343K(69120K), 0.0007950 secs] [Times: user=0.01 sys=0.00, real=0.00 secs] 
84.676: Total time for which application threads were stopped: 0.0009400 seconds, Stopping threads took: 0.0000710 seconds
84.719: Application time: 0.0428610 seconds
84.719: [GC [PSYoungGen: 20565K->2496K(21504K)] 42956K->24887K(69120K), 0.0009070 secs] [Times: user=0.00 sys=0.00, real=0.00 secs] 
84.720: Total time for which application threads were stopped: 0.0010570 seconds, Stopping threads took: 0.0000690 seconds
84.764: Application time: 0.0438230 seconds
84.764: [GC [PSYoungGen: 21030K->2480K(21504K)] 43422K->24879K(69120K), 0.0009660 secs] [Times: user=0.01 sys=0.00, real=0.01 secs] 
84.765: Total time for which application threads were stopped: 0.0011260 seconds, Stopping threads took: 0.0000880 seconds
84.810: Application time: 0.0456230 seconds
84.811: [GC [PSYoungGen: 21095K->2480K(21504K)] 43494K->24879K(69120K), 0.0009420 secs] [Times: user=0.00 sys=0.00, real=0.00 secs] 
84.812: Total time for which application threads were stopped: 0.0010840 seconds, Stopping threads took: 0.0000720 seconds
84.856: Application time: 0.0439780 seconds
84.856: [GC [PSYoungGen: 21021K->1920K(21504K)] 43420K->24327K(69120K), 0.0008210 secs] [Times: user=0.01 sys=0.00, real=0.01 secs] 
84.857: Total time for which application threads were stopped: 0.0009680 seconds, Stopping threads took: 0.0000770 seconds
84.899: Application time: 0.0425070 seconds
84.899: [GC [PSYoungGen: 20531K->2496K(21504K)] 42938K->24903K(69120K), 0.0009290 secs] [Times: user=0.00 sys=0.00, real=0.00 secs] 
84.900: Total time for which application threads were stopped: 0.0010750 seconds, Stopping threads took: 0.0000740 seconds
84.947: Application time: 0.0467240 seconds
84.947: [GC [PSYoungGen: 21037K->1920K(21504K)] 43444K->24335K(69120K), 0.0008030 secs] [Times: user=0.01 sys=0.00, real=0.00 secs] 
84.948: Total time for which application threads were stopped: 0.0009440 seconds, Stopping threads took: 0.0000710 seconds
84.990: Application time: 0.0420520 seconds
84.990: [GC [PSYoungGen: 20448K->2512K(21504K)] 42864K->25439K(69120K), 0.0011140 secs] [Times: user=0.01 sys=0.00, real=0.00 secs] 
84.991: Total time for which application threads were stopped: 0.0012580 seconds, Stopping threads took: 0.0000670 seconds
85.038: Application time: 0.0469030 seconds
85.038: [GC [PSYoungGen: 21057K->1424K(21504K)] 43984K->24351K(69120K), 0.0006340 secs] [Times: user=0.00 sys=0.00, real=0.00 secs] 
85.039: Total time for which application threads were stopped: 0.0007720 seconds, Stopping threads took: 0.0000650 seconds
85.081: Application time: 0.0417810 seconds
85.081: [GC [PSYoungGen: 20026K->2512K(21504K)] 42954K->25951K(69120K), 0.0011190 secs] [Times: user=0.00 sys=0.00, real=0.00 secs] 
85.082: Total time for which application threads were stopped: 0.0012640 seconds, Stopping threads took: 0.0000710 seconds
85.128: Application time: 0.0462320 seconds
85.128: [GC [PSYoungGen: 21135K->1408K(21504K)] 44575K->24855K(69120K), 0.0006480 secs] [Times: user=0.01 sys=0.00, real=0.00 secs] 
85.129: Total time for which application threads were stopped: 0.0007740 seconds, Stopping threads took: 0.0000640 seconds
85.171: Application time: 0.0423730 seconds
85.171: [GC [PSYoungGen: 20091K->2512K(21504K)] 43538K->26479K(69120K), 0.0011480 secs] [Times: user=0.00 sys=0.00, real=0.00 secs] 
85.172: Total time for which application threads were stopped: 0.0013070 seconds, Stopping threads took: 0.0000830 seconds
85.218: Application time: 0.0450700 seconds
85.218: [GC [PSYoungGen: 21057K->1376K(21504K)] 45024K->25351K(69120K), 0.0006610 secs] [Times: user=0.01 sys=0.00, real=0.00 secs] 
85.218: Total time for which application threads were stopped: 0.0007930 seconds, Stopping threads took: 0.0000690 seconds
85.262: Application time: 0.0436090 seconds
85.262: [GC [PSYoungGen: 19902K->2496K(21504K)] 43878K->26983K(69120K), 0.0011310 secs] [Times: user=0.01 sys=0.00, real=0.00 secs] 
85.263: Total time for which application threads were stopped: 0.0012830 seconds, Stopping threads took: 0.0000700 seconds
85.309: Application time: 0.0452670 seconds
85.309: [GC [PSYoungGen: 21119K->1392K(21504K)] 45607K->25887K(69120K), 0.0006610 secs] [Times: user=0.00 sys=0.00, real=0.00 secs] 
85.309: Total time for which application threads were stopped: 0.0007960 seconds, Stopping threads took: 0.0000660 seconds
85.352: Application time: 0.0424140 seconds
85.352: [GC [PSYoungGen: 19916K->2496K(21504K)] 44412K->27503K(69120K), 0.0011120 secs] [Times: user=0.01 sys=0.00, real=0.00 secs] 
85.353: Total time for which application threads were stopped: 0.0012550 seconds, Stopping threads took: 0.0000720 seconds
85.399: Application time: 0.0459680 seconds
85.399: [GC [PSYoungGen: 21119K->1408K(21504K)] 46127K->26423K(69120K), 0.0006720 secs] [Times: user=0.00 sys=0.00, real=0.00 secs] 
85.400: Total time for which application threads were stopped: 0.0008150 seconds, Stopping threads took: 0.0000750 seconds
85.443: Application time: 0.0428450 seconds
85.443: [GC [PSYoungGen: 20010K->2480K(21504K)] 45026K->28007K(69120K), 0.0011200 secs] [Times: user=0.01 sys=0.00, real=0.00 secs] 
85.444: Total time for which application threads were stopped: 0.0012620 seconds, Stopping threads took: 0.0000660 seconds
85.490: Application time: 0.0461420 seconds
85.490: [GC [PSYoungGen: 21025K->1424K(21504K)] 46552K->26959K(69120K), 0.0006440 secs] [Times: user=0.00 sys=0.00, real=0.00 secs] 
85.491: Total time for which application threads were stopped: 0.0007700 seconds, Stopping threads took: 0.0000640 seconds
85.533: Application time: 0.0425310 seconds
85.533: [GC [PSYoungGen: 19948K->2480K(21504K)] 45484K->28527K(69120K), 0.0011200 secs] [Times: user=0.01 sys=0.00, real=0.00 secs] 
85.535: Total time for which application threads were stopped: 0.0012630 seconds, Stopping threads took: 0.0000680 seconds
85.580: Application time: 0.0451620 seconds
85.580: [GC [PSYoungGen: 21103K->1408K(21504K)] 47151K->27463K(69120K), 0.0006810 secs] [Times: user=0.01 sys=0.00, real=0.00 secs] 
85.581: Total time for which application threads were stopped: 0.0008320 seconds, Stopping threads took: 0.0000820 seconds
85.625: Application time: 0.0439390 seconds
85.625: [GC [PSYoungGen: 19940K->1408K(21504K)] 45996K->27463K(69120K), 0.0006380 secs] [Times: user=0.01 sys=0.00, real=0.00 secs] 
85.625: Total time for which application threads were stopped: 0.0008400 seconds, Stopping threads took: 0.0001340 seconds
85.669: Application time: 0.0438350 seconds
85.669: [GC [PSYoungGen: 19936K->2480K(21504K)] 45992K->29047K(69120K), 0.0011300 secs] [Times: user=0.01 sys=0.00, real=0.00 secs] 
85.671: Total time for which application threads were stopped: 0.0012780 seconds, Stopping threads took: 0.0000760 seconds
85.717: Application time: 0.0461580 seconds
85.717: [GC [PSYoungGen: 21101K->1440K(21504K)] 47669K->28007K(69120K), 0.0006440 secs] [Times: user=0.01 sys=0.00, real=0.00 secs] 
85.717: Total time for which application threads were stopped: 0.0007790 seconds, Stopping threads took: 0.0000690 seconds
85.761: Application time: 0.0433060 seconds
85.761: [GC [PSYoungGen: 20050K->2432K(21504K)] 46618K->29007K(69120K), 0.0009610 secs] [Times: user=0.00 sys=0.00, real=0.00 secs] 
85.762: Total time for which application threads were stopped: 0.0010990 seconds, Stopping threads took: 0.0000690 seconds
85.807: Application time: 0.0450030 seconds
85.807: [GC [PSYoungGen: 21125K->2480K(21504K)] 47701K->29063K(69120K), 0.0009530 secs] [Times: user=0.01 sys=0.00, real=0.00 secs] 
85.808: Total time for which application threads were stopped: 0.0011280 seconds, Stopping threads took: 0.0000920 seconds
85.854: Application time: 0.0455680 seconds
85.854: [GC [PSYoungGen: 21025K->896K(21504K)] 47608K->27487K(69120K), 0.0004990 secs] [Times: user=0.00 sys=0.00, real=0.00 secs] 
85.854: Total time for which application threads were stopped: 0.0006350 seconds, Stopping threads took: 0.0000740 seconds
85.898: Application time: 0.0433270 seconds
85.898: [GC [PSYoungGen: 19420K->2480K(21504K)] 46012K->29071K(69120K), 0.0009730 secs] [Times: user=0.00 sys=0.00, real=0.00 secs] 
85.899: Total time for which application threads were stopped: 0.0011080 seconds, Stopping threads took: 0.0000610 seconds
85.943: Application time: 0.0446580 seconds
85.943: [GC [PSYoungGen: 21101K->1376K(21504K)] 47692K->27967K(69120K), 0.0006370 secs] [Times: user=0.00 sys=0.00, real=0.01 secs] 
85.944: Total time for which application threads were stopped: 0.0007760 seconds, Stopping threads took: 0.0000740 seconds
85.988: Application time: 0.0444020 seconds
85.989: [GC [PSYoungGen: 19908K->1952K(21504K)] 46500K->28551K(69120K), 0.0008280 secs] [Times: user=0.00 sys=0.00, real=0.00 secs] 
85.989: Total time for which application threads were stopped: 0.0009690 seconds, Stopping threads took: 0.0000720 seconds
86.033: Application time: 0.0432270 seconds
86.033: [GC [PSYoungGen: 20560K->2448K(21504K)] 47160K->29559K(69120K), 0.0011830 secs] [Times: user=0.01 sys=0.00, real=0.00 secs] 
86.034: Total time for which application threads were stopped: 0.0013230 seconds, Stopping threads took: 0.0000680 seconds
86.080: Application time: 0.0458960 seconds
86.080: [GC [PSYoungGen: 21069K->1952K(21504K)] 48181K->29071K(69120K), 0.0008350 secs] [Times: user=0.00 sys=0.00, real=0.00 secs] 
86.081: Total time for which application threads were stopped: 0.0009690 seconds, Stopping threads took: 0.0000650 seconds
86.123: Application time: 0.0423900 seconds
86.123: [GC [PSYoungGen: 20484K->2496K(21504K)] 47604K->29623K(69120K), 0.0009640 secs] [Times: user=0.01 sys=0.00, real=0.01 secs] 
86.124: Total time for which application threads were stopped: 0.0011120 seconds, Stopping threads took: 0.0000750 seconds
86.171: Application time: 0.0464660 seconds
86.171: [GC [PSYoungGen: 21039K->1392K(21504K)] 48166K->28519K(69120K), 0.0006790 secs] [Times: user=0.00 sys=0.00, real=0.00 secs] 
86.172: Total time for which application threads were stopped: 0.0008070 seconds, Stopping threads took: 0.0000610 seconds
86.215: Application time: 0.0432570 seconds
86.215: [GC [PSYoungGen: 20003K->1904K(21504K)] 47130K->29031K(69120K), 0.0007840 secs] [Times: user=0.00 sys=0.00, real=0.00 secs] 
86.216: Total time for which application threads were stopped: 0.0009270 seconds, Stopping threads took: 0.0000710 seconds
86.259: Application time: 0.0436590 seconds
86.260: [GC [PSYoungGen: 20438K->1936K(21504K)] 47566K->29071K(69120K), 0.0008220 secs] [Times: user=0.01 sys=0.00, real=0.00 secs] 
86.261: Total time for which application threads were stopped: 0.0010100 seconds, Stopping threads took: 0.0001200 seconds
86.305: Application time: 0.0443180 seconds
86.305: [GC [PSYoungGen: 20470K->1408K(21504K)] 47606K->28543K(69120K), 0.0006640 secs] [Times: user=0.01 sys=0.00, real=0.00 secs] 
86.306: Total time for which application threads were stopped: 0.0008260 seconds, Stopping threads took: 0.0000960 seconds
86.349: Application time: 0.0429590 seconds
86.349: [GC [PSYoungGen: 19940K->2448K(21504K)] 47076K->29583K(69120K), 0.0009330 secs] [Times: user=0.01 sys=0.00, real=0.00 secs] 
86.350: Total time for which application threads were stopped: 0.0010820 seconds, Stopping threads took: 0.0000730 seconds
86.395: Application time: 0.0457410 seconds
86.396: [GC [PSYoungGen: 21143K->1920K(21504K)] 48279K->29063K(69120K), 0.0008290 secs] [Times: user=0.01 sys=0.00, real=0.01 secs] 
86.396: Total time for which application threads were stopped: 0.0009740 seconds, Stopping threads took: 0.0000760 seconds
86.441: Application time: 0.0442410 seconds
86.441: [GC [PSYoungGen: 20611K->1920K(21504K)] 47755K->29071K(69120K), 0.0008180 secs] [Times: user=0.00 sys=0.00, real=0.00 secs] 
86.442: Total time for which application threads were stopped: 0.0009470 seconds, Stopping threads took: 0.0000600 seconds
86.485: Application time: 0.0432680 seconds
86.485: [GC [PSYoungGen: 20446K->2512K(21504K)] 47598K->30183K(69120K), 0.0011240 secs] [Times: user=0.01 sys=0.00, real=0.00 secs] 
86.486: Total time for which application threads were stopped: 0.0012700 seconds, Stopping threads took: 0.0000700 seconds
86.531: Application time: 0.0444280 seconds
86.531: [GC [PSYoungGen: 21051K->1904K(21504K)] 48722K->29575K(69120K), 0.0008630 secs] [Times: user=0.01 sys=0.00, real=0.00 secs] 
86.532: Total time for which application threads were stopped: 0.0010560 seconds, Stopping threads took: 0.0001250 seconds
86.577: Application time: 0.0450620 seconds
86.577: [GC [PSYoungGen: 20523K->1952K(21504K)] 48195K->29623K(69120K), 0.0008670 secs] [Times: user=0.00 sys=0.00, real=0.00 secs] 
86.578: Total time for which application threads were stopped: 0.0010070 seconds, Stopping threads took: 0.0000690 seconds
86.621: Application time: 0.0432750 seconds
86.621: [GC [PSYoungGen: 20484K->2496K(21504K)] 48156K->30175K(69120K), 0.0009750 secs] [Times: user=0.00 sys=0.00, real=0.00 secs] 
86.622: Total time for which application threads were stopped: 0.0011300 seconds, Stopping threads took: 0.0000820 seconds
86.667: Application time: 0.0444580 seconds
86.667: [GC [PSYoungGen: 21037K->1952K(21504K)] 48716K->29631K(69120K), 0.0008110 secs] [Times: user=0.00 sys=0.00, real=0.00 secs] 
86.668: Total time for which application threads were stopped: 0.0009540 seconds, Stopping threads took: 0.0000720 seconds
86.711: Application time: 0.0436800 seconds
86.711: [GC [PSYoungGen: 20563K->2448K(21504K)] 48242K->30135K(69120K), 0.0009730 secs] [Times: user=0.00 sys=0.00, real=0.00 secs] 
86.712: Total time for which application threads were stopped: 0.0011240 seconds, Stopping threads took: 0.0000810 seconds
86.757: Application time: 0.0441660 seconds
86.757: [GC [PSYoungGen: 21063K->2480K(21504K)] 48750K->30175K(69120K), 0.0009510 secs] [Times: user=0.00 sys=0.00, real=0.00 secs] 
86.758: Total time for which application threads were stopped: 0.0010850 seconds, Stopping threads took: 0.0000590 seconds
86.803: Application time: 0.0454210 seconds
86.803: [GC [PSYoungGen: 21019K->1952K(21504K)] 48714K->29647K(69120K), 0.0008130 secs] [Times: user=0.01 sys=0.00, real=0.00 secs] 
86.804: Total time for which application threads were stopped: 0.0009680 seconds, Stopping threads took: 0.0000850 seconds
86.848: Application time: 0.0442580 seconds
86.848: [GC [PSYoungGen: 20563K->2480K(21504K)] 48258K->30175K(69120K), 0.0009320 secs] [Times: user=0.00 sys=0.00, real=0.00 secs] 
86.849: Total time for which application threads were stopped: 0.0010580 seconds, Stopping threads took: 0.0000570 seconds
86.896: Application time: 0.0462900 seconds
86.896: [GC [PSYoungGen: 21023K->1392K(21504K)] 48718K->29095K(69120K), 0.0006680 secs] [Times: user=0.00 sys=0.00, real=0.01 secs] 
86.896: Total time for which application threads were stopped: 0.0008100 seconds, Stopping threads took: 0.0000580 seconds
86.938: Application time: 0.0414790 seconds
86.938: [GC [PSYoungGen: 19920K->2528K(21504K)] 47624K->30231K(69120K), 0.0009830 secs] [Times: user=0.00 sys=0.00, real=0.00 secs] 
86.939: Total time for which application threads were stopped: 0.0011130 seconds, Stopping threads took: 0.0000610 seconds
86.984: Application time: 0.0448310 seconds
86.984: [GC [PSYoungGen: 21069K->1984K(21504K)] 48772K->29687K(69120K), 0.0008290 secs] [Times: user=0.00 sys=0.00, real=0.01 secs] 
86.985: Total time for which application threads were stopped: 0.0009580 seconds, Stopping threads took: 0.0000610 seconds
87.030: Application time: 0.0447790 seconds
87.030: [GC [PSYoungGen: 20673K->1952K(21504K)] 48377K->29655K(69120K), 0.0008110 secs] [Times: user=0.00 sys=0.00, real=0.00 secs] 
87.031: Total time for which application threads were stopped: 0.0009520 seconds, Stopping threads took: 0.0000740 seconds
87.074: Application time: 0.0438350 seconds
87.075: [GC [PSYoungGen: 20645K->1952K(21504K)] 48349K->29663K(69120K), 0.0008010 secs] [Times: user=0.00 sys=0.00, real=0.00 secs] 
87.075: Total time for which application threads were stopped: 0.0010790 seconds, Stopping threads took: 0.0002060 seconds
87.120: Application time: 0.0441080 seconds
87.120: [GC [PSYoungGen: 20484K->2496K(21504K)] 48196K->30215K(69120K), 0.0009610 secs] [Times: user=0.01 sys=0.00, real=0.00 secs] 
87.121: Total time for which application threads were stopped: 0.0011010 seconds, Stopping threads took: 0.0000710 seconds
87.165: Application time: 0.0446900 seconds
87.165: [GC [PSYoungGen: 21039K->1392K(21504K)] 48758K->29111K(69120K), 0.0006670 secs] [Times: user=0.00 sys=0.00, real=0.00 secs] 
87.166: Total time for which application threads were stopped: 0.0008020 seconds, Stopping threads took: 0.0000710 seconds
87.210: Application time: 0.0436790 seconds
87.210: [GC [PSYoungGen: 19999K->2432K(21504K)] 47718K->30151K(69120K), 0.0009550 secs] [Times: user=0.01 sys=0.00, real=0.00 secs] 
87.211: Total time for which application threads were stopped: 0.0010940 seconds, Stopping threads took: 0.0000680 seconds
87.256: Application time: 0.0449050 seconds
87.256: [GC [PSYoungGen: 20973K->1408K(21504K)] 48692K->29135K(69120K), 0.0007020 secs] [Times: user=0.01 sys=0.00, real=0.01 secs] 
87.257: Total time for which application threads were stopped: 0.0008340 seconds, Stopping threads took: 0.0000620 seconds
87.300: Application time: 0.0433840 seconds
87.300: [GC [PSYoungGen: 19932K->2464K(21504K)] 47660K->30703K(69120K), 0.0011160 secs] [Times: user=0.01 sys=0.00, real=0.00 secs] 
87.301: Total time for which application threads were stopped: 0.0012590 seconds, Stopping threads took: 0.0000710 seconds
87.348: Application time: 0.0469940 seconds
87.348: [GC [PSYoungGen: 21087K->848K(21504K)] 49327K->29087K(69120K), 0.0004980 secs] [Times: user=0.01 sys=0.00, real=0.00 secs] 
87.349: Total time for which application threads were stopped: 0.0006980 seconds, Stopping threads took: 0.0001270 seconds
87.390: Application time: 0.0404960 seconds
87.390: [GC [PSYoungGen: 19450K->2480K(21504K)] 47690K->31239K(69120K), 0.0011310 secs] [Times: user=0.01 sys=0.00, real=0.00 secs] 
87.391: Total time for which application threads were stopped: 0.0012740 seconds, Stopping threads took: 0.0000720 seconds
87.438: Application time: 0.0471790 seconds
87.438: [GC [PSYoungGen: 21021K->1920K(21504K)] 49780K->30687K(69120K), 0.0007880 secs] [Times: user=0.00 sys=0.00, real=0.00 secs] 
87.439: Total time for which application threads were stopped: 0.0009210 seconds, Stopping threads took: 0.0000630 seconds
87.482: Application time: 0.0429350 seconds
87.482: [GC [PSYoungGen: 20531K->2368K(21504K)] 49298K->31135K(69120K), 0.0010270 secs] [Times: user=0.01 sys=0.00, real=0.00 secs] 
87.483: Total time for which application threads were stopped: 0.0011540 seconds, Stopping threads took: 0.0000600 seconds
87.528: Application time: 0.0447320 seconds
87.528: [GC [PSYoungGen: 20909K->1904K(21504K)] 49676K->30679K(69120K), 0.0009370 secs] [Times: user=0.00 sys=0.00, real=0.00 secs] 
87.529: Total time for which application threads were stopped: 0.0010750 seconds, Stopping threads took: 0.0000690 seconds
87.573: Application time: 0.0440600 seconds
87.573: [GC [PSYoungGen: 20436K->2480K(21504K)] 49212K->31255K(69120K), 0.0009790 secs] [Times: user=0.00 sys=0.00, real=0.00 secs] 
87.574: Total time for which application threads were stopped: 0.0011510 seconds, Stopping threads took: 0.0001000 seconds
87.619: Application time: 0.0446740 seconds
87.619: [GC [PSYoungGen: 21016K->2464K(21504K)] 49792K->31239K(69120K), 0.0009330 secs] [Times: user=0.01 sys=0.00, real=0.00 secs] 
87.620: Total time for which application threads were stopped: 0.0011010 seconds, Stopping threads took: 0.0000990 seconds
87.664: Application time: 0.0443900 seconds
87.664: [GC [PSYoungGen: 21159K->1904K(21504K)] 49935K->30679K(69120K), 0.0008200 secs] [Times: user=0.01 sys=0.00, real=0.00 secs] 
87.665: Total time for which application threads were stopped: 0.0009600 seconds, Stopping threads took: 0.0000710 seconds
87.709: Application time: 0.0437880 seconds
87.709: [GC [PSYoungGen: 20515K->2480K(21504K)] 49290K->31263K(69120K), 0.0009440 secs] [Times: user=0.01 sys=0.00, real=0.00 secs] 
87.710: Total time for which application threads were stopped: 0.0010790 seconds, Stopping threads took: 0.0000660 seconds
87.755: Application time: 0.0452130 seconds
87.755: [GC [PSYoungGen: 21099K->1968K(21504K)] 49883K->30759K(69120K), 0.0008060 secs] [Times: user=0.00 sys=0.00, real=0.01 secs] 
87.756: Total time for which application threads were stopped: 0.0009360 seconds, Stopping threads took: 0.0000640 seconds
87.801: Application time: 0.0444500 seconds
87.801: [GC [PSYoungGen: 20504K->1936K(21504K)] 49296K->30727K(69120K), 0.0008040 secs] [Times: user=0.00 sys=0.00, real=0.00 secs] 
87.802: Total time for which application threads were stopped: 0.0009280 seconds, Stopping threads took: 0.0000550 seconds
87.844: Application time: 0.0426820 seconds
87.844: [GC [PSYoungGen: 20468K->2448K(21504K)] 49260K->31239K(69120K), 0.0009680 secs] [Times: user=0.00 sys=0.00, real=0.00 secs] 
87.845: Total time for which application threads were stopped: 0.0011060 seconds, Stopping threads took: 0.0000650 seconds
87.890: Application time: 0.0446370 seconds
87.890: [GC [PSYoungGen: 21059K->2464K(21504K)] 49850K->31263K(69120K), 0.0009580 secs] [Times: user=0.00 sys=0.00, real=0.00 secs] 
87.891: Total time for which application threads were stopped: 0.0011700 seconds, Stopping threads took: 0.0001390 seconds
87.936: Application time: 0.0443500 seconds
87.936: [GC [PSYoungGen: 21000K->2480K(21504K)] 49800K->31279K(69120K), 0.0010050 secs] [Times: user=0.00 sys=0.00, real=0.01 secs] 
87.937: Total time for which application threads were stopped: 0.0011640 seconds, Stopping threads took: 0.0000880 seconds
87.981: Application time: 0.0446690 seconds
87.981: [GC [PSYoungGen: 21017K->2464K(21504K)] 49816K->31263K(69120K), 0.0009840 secs] [Times: user=0.01 sys=0.00, real=0.00 secs] 
87.982: Total time for which application threads were stopped: 0.0011310 seconds, Stopping threads took: 0.0000650 seconds
88.029: Application time: 0.0465520 seconds
88.029: [GC [PSYoungGen: 21163K->1424K(21504K)] 49963K->30239K(69120K), 0.0006540 secs] [Times: user=0.00 sys=0.00, real=0.00 secs] 
88.030: Total time for which application threads were stopped: 0.0008090 seconds, Stopping threads took: 0.0000930 seconds
88.072: Application time: 0.0418860 seconds
88.072: [GC [PSYoungGen: 19948K->2464K(21504K)] 48764K->31799K(69120K), 0.0011210 secs] [Times: user=0.00 sys=0.00, real=0.00 secs] 
88.073: Total time for which application threads were stopped: 0.0013400 seconds, Stopping threads took: 0.0001500 seconds
88.118: Application time: 0.0445540 seconds
88.118: [GC [PSYoungGen: 21087K->1392K(21504K)] 50423K->30727K(69120K), 0.0007590 secs] [Times: user=0.00 sys=0.00, real=0.00 secs] 
88.119: Total time for which application threads were stopped: 0.0009150 seconds, Stopping threads took: 0.0000830 seconds
88.162: Application time: 0.0437990 seconds
88.163: [GC [PSYoungGen: 19926K->1952K(21504K)] 49262K->31295K(69120K), 0.0007970 secs] [Times: user=0.01 sys=0.00, real=0.00 secs] 
88.163: Total time for which application threads were stopped: 0.0010110 seconds, Stopping threads took: 0.0001530 seconds
88.208: Application time: 0.0444050 seconds
88.208: [GC [PSYoungGen: 20490K->1376K(21504K)] 49834K->30719K(69120K), 0.0006810 secs] [Times: user=0.01 sys=0.00, real=0.00 secs] 
88.209: Total time for which application threads were stopped: 0.0008220 seconds, Stopping threads took: 0.0000710 seconds
88.252: Application time: 0.0438940 seconds
88.253: [GC [PSYoungGen: 19904K->2464K(21504K)] 49248K->31807K(69120K), 0.0009500 secs] [Times: user=0.01 sys=0.00, real=0.00 secs] 
88.254: Total time for which application threads were stopped: 0.0011210 seconds, Stopping threads took: 0.0000980 seconds
88.298: Application time: 0.0444070 seconds
88.298: [GC [PSYoungGen: 21159K->1984K(21504K)] 50503K->31327K(69120K), 0.0008650 secs] [Times: user=0.01 sys=0.00, real=0.00 secs] 
88.299: Total time for which application threads were stopped: 0.0010230 seconds, Stopping threads took: 0.0000890 seconds
88.344: Application time: 0.0448120 seconds
88.344: [GC [PSYoungGen: 20599K->2000K(21504K)] 49942K->31351K(69120K), 0.0008040 secs] [Times: user=0.00 sys=0.00, real=0.01 secs] 
88.345: Total time for which application threads were stopped: 0.0009410 seconds, Stopping threads took: 0.0000720 seconds
88.387: Application time: 0.0425030 seconds
88.387: [GC [PSYoungGen: 20611K->2448K(21504K)] 49962K->31807K(69120K), 0.0009850 secs] [Times: user=0.01 sys=0.00, real=0.00 secs] 
88.388: Total time for which application threads were stopped: 0.0011400 seconds, Stopping threads took: 0.0000820 seconds
88.433: Application time: 0.0441650 seconds
88.433: [GC [PSYoungGen: 20985K->2480K(21504K)] 50344K->31847K(69120K), 0.0009450 secs] [Times: user=0.01 sys=0.00, real=0.00 secs] 
88.434: Total time for which application threads were stopped: 0.0010830 seconds, Stopping threads took: 0.0000670 seconds
88.478: Application time: 0.0447060 seconds
88.479: [GC [PSYoungGen: 21021K->1968K(21504K)] 50388K->31335K(69120K), 0.0008020 secs] [Times: user=0.01 sys=0.00, real=0.00 secs] 
88.479: Total time for which application threads were stopped: 0.0009390 seconds, Stopping threads took: 0.0000720 seconds
88.523: Application time: 0.0436260 seconds
88.523: [GC [PSYoungGen: 20576K->2512K(21504K)] 49944K->32391K(69120K), 0.0011330 secs] [Times: user=0.01 sys=0.00, real=0.01 secs] 
88.524: Total time for which application threads were stopped: 0.0012880 seconds, Stopping threads took: 0.0000690 seconds
88.570: Application time: 0.0459140 seconds
88.570: [GC [PSYoungGen: 21053K->1920K(21504K)] 50932K->31807K(69120K), 0.0008230 secs] [Times: user=0.00 sys=0.00, real=0.00 secs] 
88.571: Total time for which application threads were stopped: 0.0009870 seconds, Stopping threads took: 0.0000900 seconds
88.614: Application time: 0.0431540 seconds
88.614: [GC [PSYoungGen: 20448K->2496K(21504K)] 50336K->32895K(69120K), 0.0011000 secs] [Times: user=0.01 sys=0.00, real=0.00 secs] 
88.616: Total time for which application threads were stopped: 0.0012480 seconds, Stopping threads took: 0.0000770 seconds
88.660: Application time: 0.0445640 seconds
88.660: [GC [PSYoungGen: 21195K->1968K(21504K)] 51595K->32367K(69120K), 0.0007570 secs] [Times: user=0.01 sys=0.00, real=0.00 secs] 
88.661: Total time for which application threads were stopped: 0.0008880 seconds, Stopping threads took: 0.0000660 seconds
88.707: Application time: 0.0458650 seconds
88.707: [GC [PSYoungGen: 20504K->1392K(21504K)] 50904K->31799K(69120K), 0.0006180 secs] [Times: user=0.00 sys=0.00, real=0.00 secs] 
88.708: Total time for which application threads were stopped: 0.0007510 seconds, Stopping threads took: 0.0000690 seconds
88.750: Application time: 0.0419600 seconds
88.750: [GC [PSYoungGen: 19994K->2464K(21504K)] 50402K->33383K(69120K), 0.0011190 secs] [Times: user=0.00 sys=0.00, real=0.00 secs] 
88.751: Total time for which application threads were stopped: 0.0012580 seconds, Stopping threads took: 0.0000600 seconds
88.796: Application time: 0.0454340 seconds
88.796: [GC [PSYoungGen: 21005K->1952K(21504K)] 51924K->32879K(69120K), 0.0008960 secs] [Times: user=0.01 sys=0.00, real=0.00 secs] 
88.797: Total time for which application threads were stopped: 0.0010270 seconds, Stopping threads took: 0.0000600 seconds
88.840: Application time: 0.0424020 seconds
88.840: [GC [PSYoungGen: 20480K->2496K(21504K)] 51408K->33935K(69120K), 0.0011270 secs] [Times: user=0.00 sys=0.00, real=0.00 secs] 
88.841: Total time for which application threads were stopped: 0.0012660 seconds, Stopping threads took: 0.0000650 seconds
88.887: Application time: 0.0463180 seconds
88.887: [GC [PSYoungGen: 21039K->1920K(21504K)] 52479K->33359K(69120K), 0.0008500 secs] [Times: user=0.01 sys=0.00, real=0.00 secs] 
88.888: Total time for which application threads were stopped: 0.0009940 seconds, Stopping threads took: 0.0000710 seconds
88.934: Application time: 0.0455790 seconds
88.934: [GC [PSYoungGen: 20456K->1936K(21504K)] 51896K->33375K(69120K), 0.0008780 secs] [Times: user=0.00 sys=0.00, real=0.00 secs] 
88.935: Total time for which application threads were stopped: 0.0010160 seconds, Stopping threads took: 0.0000670 seconds
88.978: Application time: 0.0427920 seconds
88.978: [GC [PSYoungGen: 20701K->2464K(21504K)] 52141K->33911K(69120K), 0.0010700 secs] [Times: user=0.00 sys=0.00, real=0.00 secs] 
88.979: Total time for which application threads were stopped: 0.0012120 seconds, Stopping threads took: 0.0000700 seconds
89.024: Application time: 0.0455200 seconds
89.025: [GC [PSYoungGen: 21079K->1952K(21504K)] 52527K->33407K(69120K), 0.0007840 secs] [Times: user=0.00 sys=0.00, real=0.00 secs] 
89.025: Total time for which application threads were stopped: 0.0009340 seconds, Stopping threads took: 0.0000750 seconds
89.068: Application time: 0.0430520 seconds
89.069: [GC [PSYoungGen: 20480K->2496K(21504K)] 51936K->34471K(69120K), 0.0011510 secs] [Times: user=0.01 sys=0.00, real=0.00 secs] 
89.070: Total time for which application threads were stopped: 0.0012950 seconds, Stopping threads took: 0.0000710 seconds
89.114: Application time: 0.0447070 seconds
89.115: [GC [PSYoungGen: 21039K->1936K(21504K)] 53015K->33911K(69120K), 0.0007990 secs] [Times: user=0.00 sys=0.00, real=0.00 secs] 
89.115: Total time for which application threads were stopped: 0.0009400 seconds, Stopping threads took: 0.0000730 seconds
89.160: Application time: 0.0448430 seconds
89.160: [GC [PSYoungGen: 20551K->1936K(21504K)] 52527K->33911K(69120K), 0.0008190 secs] [Times: user=0.00 sys=0.00, real=0.00 secs] 
89.161: Total time for which application threads were stopped: 0.0009480 seconds, Stopping threads took: 0.0000590 seconds
89.203: Application time: 0.0417960 seconds
89.203: [GC [PSYoungGen: 20460K->2448K(21504K)] 52436K->34943K(69120K), 0.0011040 secs] [Times: user=0.01 sys=0.00, real=0.01 secs] 
89.204: Total time for which application threads were stopped: 0.0013250 seconds, Stopping threads took: 0.0001520 seconds
89.251: Application time: 0.0466100 seconds
89.251: [GC [PSYoungGen: 20995K->1408K(21504K)] 53491K->33903K(69120K), 0.0006700 secs] [Times: user=0.00 sys=0.00, real=0.00 secs] 
89.252: Total time for which application threads were stopped: 0.0008820 seconds, Stopping threads took: 0.0001440 seconds
89.296: Application time: 0.0441900 seconds
89.296: [GC [PSYoungGen: 20014K->1936K(21504K)] 52510K->34431K(69120K), 0.0008250 secs] [Times: user=0.00 sys=0.00, real=0.00 secs] 
89.297: Total time for which application threads were stopped: 0.0009790 seconds, Stopping threads took: 0.0000900 seconds
89.342: Application time: 0.0447930 seconds
89.342: [GC [PSYoungGen: 20551K->2480K(21504K)] 53047K->34983K(69120K), 0.0009400 secs] [Times: user=0.01 sys=0.00, real=0.00 secs] 
89.343: Total time for which application threads were stopped: 0.0010780 seconds, Stopping threads took: 0.0000660 seconds
89.388: Application time: 0.0448050 seconds
89.388: [GC [PSYoungGen: 21101K->1408K(21504K)] 53605K->33911K(69120K), 0.0006980 secs] [Times: user=0.01 sys=0.00, real=0.00 secs] 
89.388: Total time for which application threads were stopped: 0.0008200 seconds, Stopping threads took: 0.0000530 seconds
89.432: Application time: 0.0438090 seconds
89.432: [GC [PSYoungGen: 19934K->2496K(21504K)] 52438K->35007K(69120K), 0.0009760 secs] [Times: user=0.00 sys=0.00, real=0.00 secs] 
89.433: Total time for which application threads were stopped: 0.0011120 seconds, Stopping threads took: 0.0000660 seconds
89.478: Application time: 0.0447420 seconds
89.478: [GC [PSYoungGen: 21041K->912K(21504K)] 53553K->33423K(69120K), 0.0005830 secs] [Times: user=0.00 sys=0.00, real=0.00 secs] 
89.479: Total time for which application threads were stopped: 0.0007960 seconds, Stopping threads took: 0.0001500 seconds
89.522: Application time: 0.0435470 seconds
89.523: [GC [PSYoungGen: 19432K->2512K(21504K)] 51944K->35535K(69120K), 0.0011140 secs] [Times: user=0.01 sys=0.00, real=0.00 secs] 
89.524: Total time for which application threads were stopped: 0.0012580 seconds, Stopping threads took: 0.0000720 seconds
89.569: Application time: 0.0453550 seconds
89.569: [GC [PSYoungGen: 21057K->1392K(21504K)] 54081K->34415K(69120K), 0.0006520 secs] [Times: user=0.01 sys=0.00, real=0.00 secs] 
89.570: Total time for which application threads were stopped: 0.0007920 seconds, Stopping threads took: 0.0000670 seconds
89.613: Application time: 0.0427730 seconds
89.613: [GC [PSYoungGen: 20153K->2496K(21504K)] 53177K->36031K(69120K), 0.0011140 secs] [Times: user=0.00 sys=0.00, real=0.00 secs] 
89.614: Total time for which application threads were stopped: 0.0012570 seconds, Stopping threads took: 0.0000690 seconds
89.659: Application time: 0.0451570 seconds
89.659: [GC [PSYoungGen: 21115K->1968K(21504K)] 54651K->35511K(69120K), 0.0007710 secs] [Times: user=0.01 sys=0.00, real=0.00 secs] 
89.660: Total time for which application threads were stopped: 0.0008960 seconds, Stopping threads took: 0.0000570 seconds
89.704: Application time: 0.0444450 seconds
89.705: [GC [PSYoungGen: 20504K->1952K(21504K)] 54048K->35503K(69120K), 0.0008440 secs] [Times: user=0.00 sys=0.00, real=0.00 secs] 
89.705: Total time for which application threads were stopped: 0.0009720 seconds, Stopping threads took: 0.0000590 seconds
89.750: Application time: 0.0448550 seconds
89.750: [GC [PSYoungGen: 20484K->1952K(21504K)] 54036K->35503K(69120K), 0.0007860 secs] [Times: user=0.01 sys=0.00, real=0.00 secs] 
89.751: Total time for which application threads were stopped: 0.0009370 seconds, Stopping threads took: 0.0000860 seconds
89.796: Application time: 0.0449320 seconds
89.796: [GC [PSYoungGen: 20565K->2496K(21504K)] 54116K->36047K(69120K), 0.0009530 secs] [Times: user=0.00 sys=0.00, real=0.00 secs] 
89.797: Total time for which application threads were stopped: 0.0010870 seconds, Stopping threads took: 0.0000650 seconds
89.841: Application time: 0.0441640 seconds
89.842: [GC [PSYoungGen: 21028K->2496K(21504K)] 54580K->36568K(69120K), 0.0011230 secs] [Times: user=0.01 sys=0.00, real=0.00 secs] 
89.843: Total time for which application threads were stopped: 0.0012700 seconds, Stopping threads took: 0.0000760 seconds
89.888: Application time: 0.0457240 seconds
89.888: [GC [PSYoungGen: 21041K->1408K(21504K)] 55113K->35479K(69120K), 0.0006880 secs] [Times: user=0.01 sys=0.00, real=0.00 secs] 
89.889: Total time for which application threads were stopped: 0.0008210 seconds, Stopping threads took: 0.0000640 seconds
89.933: Application time: 0.0435240 seconds
89.933: [GC [PSYoungGen: 20010K->2512K(21504K)] 54082K->37096K(69120K), 0.0010550 secs] [Times: user=0.01 sys=0.00, real=0.00 secs] 
89.934: Total time for which application threads were stopped: 0.0012040 seconds, Stopping threads took: 0.0000770 seconds
89.982: Application time: 0.0478920 seconds
89.982: [GC [PSYoungGen: 21137K->880K(21504K)] 55721K->35471K(69120K), 0.0005150 secs] [Times: user=0.00 sys=0.00, real=0.00 secs] 
89.982: Total time for which application threads were stopped: 0.0006550 seconds, Stopping threads took: 0.0000640 seconds
90.024: Application time: 0.0417750 seconds
90.024: [GC [PSYoungGen: 19480K->2496K(21504K)] 54072K->37608K(69120K), 0.0011070 secs] [Times: user=0.00 sys=0.00, real=0.00 secs] 
90.026: Total time for which application threads were stopped: 0.0012360 seconds, Stopping threads took: 0.0000580 seconds
90.071: Application time: 0.0457740 seconds
90.071: [GC [PSYoungGen: 21043K->912K(21504K)] 56155K->36039K(69120K), 0.0005320 secs] [Times: user=0.00 sys=0.00, real=0.00 secs] 
90.072: Total time for which application threads were stopped: 0.0006740 seconds, Stopping threads took: 0.0000690 seconds
90.115: Application time: 0.0430040 seconds
90.115: [GC [PSYoungGen: 19440K->1936K(21504K)] 54568K->37064K(69120K), 0.0008210 secs] [Times: user=0.01 sys=0.00, real=0.00 secs] 
90.116: Total time for which application threads were stopped: 0.0009540 seconds, Stopping threads took: 0.0000660 seconds
90.159: Application time: 0.0434340 seconds
90.159: [GC [PSYoungGen: 20464K->2448K(21504K)] 55592K->38088K(69120K), 0.0011190 secs] [Times: user=0.00 sys=0.00, real=0.00 secs] 
90.161: Total time for which application threads were stopped: 0.0012650 seconds, Stopping threads took: 0.0000740 seconds
90.205: Application time: 0.0439510 seconds
90.205: [GC [PSYoungGen: 20991K->1952K(21504K)] 56631K->37591K(69120K), 0.0007990 secs] [Times: user=0.00 sys=0.00, real=0.00 secs] 
90.206: Total time for which application threads were stopped: 0.0009320 seconds, Stopping threads took: 0.0000670 seconds
90.249: Application time: 0.0438470 seconds
90.249: [GC [PSYoungGen: 20723K->1952K(21504K)] 56363K->37592K(69120K), 0.0007880 secs] [Times: user=0.00 sys=0.00, real=0.00 secs] 
90.250: Total time for which application threads were stopped: 0.0009370 seconds, Stopping threads took: 0.0000830 seconds
90.295: Application time: 0.0444210 seconds
90.295: [GC [PSYoungGen: 20488K->1984K(21504K)] 56128K->37632K(69120K), 0.0008380 secs] [Times: user=0.00 sys=0.00, real=0.00 secs] 
90.296: Total time for which application threads were stopped: 0.0009910 seconds, Stopping threads took: 0.0000820 seconds
90.339: Application time: 0.0436450 seconds
90.339: [GC [PSYoungGen: 20597K->2496K(21504K)] 56245K->38152K(69120K), 0.0009520 secs] [Times: user=0.01 sys=0.00, real=0.00 secs] 
90.340: Total time for which application threads were stopped: 0.0010960 seconds, Stopping threads took: 0.0000730 seconds
90.384: Application time: 0.0440080 seconds
90.385: [GC [PSYoungGen: 21037K->1936K(21504K)] 56693K->37592K(69120K), 0.0008010 secs] [Times: user=0.01 sys=0.00, real=0.00 secs] 
90.385: Total time for which application threads were stopped: 0.0009330 seconds, Stopping threads took: 0.0000650 seconds
90.431: Application time: 0.0459600 seconds
90.431: [GC [PSYoungGen: 20549K->1952K(21504K)] 56205K->37608K(69120K), 0.0007950 secs] [Times: user=0.00 sys=0.00, real=0.00 secs] 
90.432: Total time for which application threads were stopped: 0.0009340 seconds, Stopping threads took: 0.0000710 seconds
90.476: Application time: 0.0439180 seconds
90.476: [GC [PSYoungGen: 20484K->1920K(21504K)] 56140K->37584K(69120K), 0.0008210 secs] [Times: user=0.01 sys=0.00, real=0.00 secs] 
90.477: Total time for which application threads were stopped: 0.0010030 seconds, Stopping threads took: 0.0001130 seconds
90.522: Application time: 0.0445340 seconds
90.522: [GC [PSYoungGen: 20459K->1920K(21504K)] 56122K->37584K(69120K), 0.0008730 secs] [Times: user=0.00 sys=0.00, real=0.00 secs] 
90.523: Total time for which application threads were stopped: 0.0010070 seconds, Stopping threads took: 0.0000590 seconds
90.566: Application time: 0.0429570 seconds
90.566: [GC [PSYoungGen: 20531K->2480K(21504K)] 56195K->38144K(69120K), 0.0009710 secs] [Times: user=0.00 sys=0.00, real=0.00 secs] 
90.567: Total time for which application threads were stopped: 0.0011620 seconds, Stopping threads took: 0.0001210 seconds
90.611: Application time: 0.0440220 seconds
90.611: [GC [PSYoungGen: 21016K->2480K(21504K)] 56680K->38152K(69120K), 0.0009670 secs] [Times: user=0.00 sys=0.00, real=0.00 secs] 
90.612: Total time for which application threads were stopped: 0.0011500 seconds, Stopping threads took: 0.0000850 seconds
90.657: Application time: 0.0445840 seconds
90.657: [GC [PSYoungGen: 21175K->2480K(21504K)] 56847K->38160K(69120K), 0.0009600 secs] [Times: user=0.00 sys=0.00, real=0.00 secs] 
90.658: Total time for which application threads were stopped: 0.0011030 seconds, Stopping threads took: 0.0000700 seconds
90.704: Application time: 0.0460950 seconds
90.704: [GC [PSYoungGen: 21021K->1952K(21504K)] 56700K->37640K(69120K), 0.0008060 secs] [Times: user=0.00 sys=0.00, real=0.01 secs] 
90.705: Total time for which application threads were stopped: 0.0009290 seconds, Stopping threads took: 0.0000560 seconds
90.747: Application time: 0.0418210 seconds
90.747: [GC [PSYoungGen: 20480K->2512K(21504K)] 56168K->38712K(69120K), 0.0011210 secs] [Times: user=0.01 sys=0.00, real=0.00 secs] 
90.748: Total time for which application threads were stopped: 0.0012790 seconds, Stopping threads took: 0.0000870 seconds
90.794: Application time: 0.0464850 seconds
90.794: [GC [PSYoungGen: 21055K->1920K(21504K)] 57255K->38120K(69120K), 0.0008160 secs] [Times: user=0.01 sys=0.00, real=0.00 secs] 
90.795: Total time for which application threads were stopped: 0.0009540 seconds, Stopping threads took: 0.0000680 seconds
90.839: Application time: 0.0434980 seconds
90.839: [GC [PSYoungGen: 20452K->2464K(21504K)] 56652K->38664K(69120K), 0.0009660 secs] [Times: user=0.01 sys=0.00, real=0.00 secs] 
90.840: Total time for which application threads were stopped: 0.0011290 seconds, Stopping threads took: 0.0000870 seconds
90.884: Application time: 0.0442190 seconds
90.884: [GC [PSYoungGen: 21238K->1936K(21504K)] 57438K->38136K(69120K), 0.0008210 secs] [Times: user=0.01 sys=0.00, real=0.00 secs] 
90.885: Total time for which application threads were stopped: 0.0009450 seconds, Stopping threads took: 0.0000560 seconds
90.929: Application time: 0.0441010 seconds
90.929: [GC [PSYoungGen: 20475K->1408K(21504K)] 56675K->37616K(69120K), 0.0006940 secs] [Times: user=0.00 sys=0.00, real=0.00 secs] 
90.930: Total time for which application threads were stopped: 0.0008280 seconds, Stopping threads took: 0.0000720 seconds
90.973: Application time: 0.0434420 seconds
90.974: [GC [PSYoungGen: 20017K->2512K(21504K)] 56224K->38720K(69120K), 0.0009550 secs] [Times: user=0.01 sys=0.00, real=0.00 secs] 
90.975: Total time for which application threads were stopped: 0.0011020 seconds, Stopping threads took: 0.0000750 seconds
91.021: Application time: 0.0463710 seconds
91.021: [GC [PSYoungGen: 21057K->864K(21504K)] 57265K->37080K(69120K), 0.0006500 secs] [Times: user=0.00 sys=0.00, real=0.00 secs] 
91.023: Total time for which application threads were stopped: 0.0017730 seconds, Stopping threads took: 0.0000800 seconds
91.064: Application time: 0.0413420 seconds
91.064: [GC [PSYoungGen: 19388K->2480K(21504K)] 55604K->38696K(69120K), 0.0009680 secs] [Times: user=0.01 sys=0.00, real=0.00 secs] 
91.065: Total time for which application threads were stopped: 0.0011110 seconds, Stopping threads took: 0.0000730 seconds
91.112: Application time: 0.0470100 seconds
91.112: [GC [PSYoungGen: 21103K->896K(21504K)] 57319K->37120K(69120K), 0.0005400 secs] [Times: user=0.00 sys=0.00, real=0.00 secs] 
91.113: Total time for which application threads were stopped: 0.0007750 seconds, Stopping threads took: 0.0001670 seconds
91.156: Application time: 0.0426360 seconds
91.156: [GC [PSYoungGen: 19420K->2480K(21504K)] 55644K->38704K(69120K), 0.0009610 secs] [Times: user=0.01 sys=0.00, real=0.01 secs] 
91.157: Total time for which application threads were stopped: 0.0011000 seconds, Stopping threads took: 0.0000630 seconds
91.203: Application time: 0.0462050 seconds
91.203: [GC [PSYoungGen: 21099K->1936K(21504K)] 57323K->38160K(69120K), 0.0007900 secs] [Times: user=0.00 sys=0.00, real=0.00 secs] 
91.204: Total time for which application threads were stopped: 0.0009250 seconds, Stopping threads took: 0.0000680 seconds
91.247: Application time: 0.0426460 seconds
91.247: [GC [PSYoungGen: 20468K->2480K(21504K)] 56692K->38712K(69120K), 0.0010260 secs] [Times: user=0.00 sys=0.00, real=0.00 secs] 
91.248: Total time for which application threads were stopped: 0.0011820 seconds, Stopping threads took: 0.0000830 seconds
91.294: Application time: 0.0458940 seconds
91.294: [GC [PSYoungGen: 21023K->1376K(21504K)] 57255K->37608K(69120K), 0.0007440 secs] [Times: user=0.00 sys=0.00, real=0.00 secs] 
91.295: Total time for which application threads were stopped: 0.0009270 seconds, Stopping threads took: 0.0001190 seconds
91.337: Application time: 0.0429070 seconds
91.338: [GC [PSYoungGen: 20061K->2480K(21504K)] 56293K->38720K(69120K), 0.0009930 secs] [Times: user=0.00 sys=0.00, real=0.00 secs] 
91.339: Total time for which application threads were stopped: 0.0012040 seconds, Stopping threads took: 0.0001380 seconds
91.385: Application time: 0.0460480 seconds
91.385: [GC [PSYoungGen: 21025K->1456K(21504K)] 57265K->37696K(69120K), 0.0006640 secs] [Times: user=0.00 sys=0.00, real=0.00 secs] 
91.385: Total time for which application threads were stopped: 0.0007970 seconds, Stopping threads took: 0.0000700 seconds
91.428: Application time: 0.0424200 seconds
91.428: [GC [PSYoungGen: 19980K->2448K(21504K)] 56220K->39200K(69120K), 0.0012270 secs] [Times: user=0.01 sys=0.00, real=0.00 secs] 
91.429: Total time for which application threads were stopped: 0.0013840 seconds, Stopping threads took: 0.0000790 seconds
91.475: Application time: 0.0455580 seconds
91.475: [GC [PSYoungGen: 20993K->1440K(21504K)] 57745K->38192K(69120K), 0.0007070 secs] [Times: user=0.01 sys=0.00, real=0.00 secs] 
91.476: Total time for which application threads were stopped: 0.0008330 seconds, Stopping threads took: 0.0000630 seconds
91.519: Application time: 0.0430860 seconds
91.519: [GC [PSYoungGen: 20047K->2496K(21504K)] 56799K->39248K(69120K), 0.0009720 secs] [Times: user=0.01 sys=0.00, real=0.00 secs] 
91.520: Total time for which application threads were stopped: 0.0011150 seconds, Stopping threads took: 0.0000710 seconds
91.567: Application time: 0.0467210 seconds
91.567: [GC [PSYoungGen: 21195K->1376K(21504K)] 57947K->38136K(69120K), 0.0006570 secs] [Times: user=0.00 sys=0.00, real=0.00 secs] 
91.567: Total time for which application threads were stopped: 0.0007840 seconds, Stopping threads took: 0.0000630 seconds
91.610: Application time: 0.0425340 seconds
91.610: [GC [PSYoungGen: 19978K->2464K(21504K)] 56738K->39224K(69120K), 0.0010140 secs] [Times: user=0.01 sys=0.00, real=0.00 secs] 
91.611: Total time for which application threads were stopped: 0.0011710 seconds, Stopping threads took: 0.0000830 seconds
91.656: Application time: 0.0453680 seconds
91.657: [GC [PSYoungGen: 21009K->1344K(21504K)] 57769K->38112K(69120K), 0.0006550 secs] [Times: user=0.01 sys=0.00, real=0.00 secs] 
91.657: Total time for which application threads were stopped: 0.0008070 seconds, Stopping threads took: 0.0000790 seconds
91.701: Application time: 0.0440020 seconds
91.701: [GC [PSYoungGen: 19872K->2480K(21504K)] 56640K->39248K(69120K), 0.0009230 secs] [Times: user=0.00 sys=0.00, real=0.00 secs] 
91.702: Total time for which application threads were stopped: 0.0010390 seconds, Stopping threads took: 0.0000490 seconds
91.748: Application time: 0.0459300 seconds
91.748: [GC [PSYoungGen: 21101K->864K(21504K)] 57869K->37632K(69120K), 0.0005570 secs] [Times: user=0.00 sys=0.00, real=0.00 secs] 
91.749: Total time for which application threads were stopped: 0.0007360 seconds, Stopping threads took: 0.0001130 seconds
91.792: Application time: 0.0425230 seconds
91.792: [GC [PSYoungGen: 19392K->2480K(21504K)] 56160K->39256K(69120K), 0.0009960 secs] [Times: user=0.01 sys=0.00, real=0.00 secs] 
91.793: Total time for which application threads were stopped: 0.0011320 seconds, Stopping threads took: 0.0000650 seconds
91.837: Application time: 0.0443560 seconds
91.837: [GC [PSYoungGen: 21008K->2480K(21504K)] 57784K->39768K(69120K), 0.0011280 secs] [Times: user=0.01 sys=0.00, real=0.00 secs] 
91.838: Total time for which application threads were stopped: 0.0013400 seconds, Stopping threads took: 0.0001290 seconds
91.883: Application time: 0.0446540 seconds
91.883: [GC [PSYoungGen: 21103K->1904K(21504K)] 58391K->39200K(69120K), 0.0008130 secs] [Times: user=0.00 sys=0.00, real=0.00 secs] 
91.884: Total time for which application threads were stopped: 0.0009490 seconds, Stopping threads took: 0.0000680 seconds
91.926: Application time: 0.0421550 seconds
91.926: [GC [PSYoungGen: 20428K->2528K(21504K)] 57724K->40848K(69120K), 0.0012660 secs] [Times: user=0.01 sys=0.00, real=0.00 secs] 
91.928: Total time for which application threads were stopped: 0.0014130 seconds, Stopping threads took: 0.0000690 seconds
91.974: Application time: 0.0469000 seconds
91.975: [GC [PSYoungGen: 21229K->1888K(21504K)] 59549K->40208K(69120K), 0.0008280 secs] [Times: user=0.01 sys=0.00, real=0.00 secs] 
91.975: Total time for which application threads were stopped: 0.0009660 seconds, Stopping threads took: 0.0000700 seconds
92.019: Application time: 0.0431620 seconds
92.019: [GC [PSYoungGen: 20420K->2480K(21504K)] 58740K->40808K(69120K), 0.0009590 secs] [Times: user=0.01 sys=0.00, real=0.00 secs] 
92.020: Total time for which application threads were stopped: 0.0011190 seconds, Stopping threads took: 0.0000900 seconds
92.064: Application time: 0.0443200 seconds
92.064: [GC [PSYoungGen: 21012K->2496K(21504K)] 59340K->41336K(69120K), 0.0011560 secs] [Times: user=0.01 sys=0.00, real=0.00 secs] 
92.065: Total time for which application threads were stopped: 0.0013070 seconds, Stopping threads took: 0.0000770 seconds
92.111: Application time: 0.0459300 seconds
92.111: [GC [PSYoungGen: 21041K->1424K(21504K)] 59881K->40264K(69120K), 0.0006620 secs] [Times: user=0.00 sys=0.01, real=0.00 secs] 
92.112: Total time for which application threads were stopped: 0.0008020 seconds, Stopping threads took: 0.0000670 seconds
92.155: Application time: 0.0429450 seconds
92.155: [GC [PSYoungGen: 20026K->2512K(21504K)] 58866K->41864K(69120K), 0.0011750 secs] [Times: user=0.00 sys=0.00, real=0.01 secs] 
92.156: Total time for which application threads were stopped: 0.0013180 seconds, Stopping threads took: 0.0000660 seconds
92.202: Application time: 0.0456490 seconds
92.202: [GC [PSYoungGen: 21211K->1936K(21504K)] 60563K->41296K(69120K), 0.0008280 secs] [Times: user=0.00 sys=0.00, real=0.00 secs] 
92.203: Total time for which application threads were stopped: 0.0009740 seconds, Stopping threads took: 0.0000680 seconds
92.247: Application time: 0.0437060 seconds
92.247: [GC [PSYoungGen: 20468K->2496K(21504K)] 59828K->41864K(69120K), 0.0010080 secs] [Times: user=0.01 sys=0.00, real=0.00 secs] 
92.248: Total time for which application threads were stopped: 0.0011390 seconds, Stopping threads took: 0.0000580 seconds
92.293: Application time: 0.0450310 seconds
92.293: [GC [PSYoungGen: 21117K->1408K(21504K)] 60485K->40784K(69120K), 0.0006840 secs] [Times: user=0.00 sys=0.00, real=0.00 secs] 
92.294: Total time for which application threads were stopped: 0.0008300 seconds, Stopping threads took: 0.0000780 seconds
92.337: Application time: 0.0435160 seconds
92.337: [GC [PSYoungGen: 19936K->2496K(21504K)] 59312K->41872K(69120K), 0.0009610 secs] [Times: user=0.00 sys=0.00, real=0.00 secs] 
92.338: Total time for which application threads were stopped: 0.0011050 seconds, Stopping threads took: 0.0000760 seconds
92.383: Application time: 0.0445470 seconds
92.383: [GC [PSYoungGen: 21113K->1952K(21504K)] 60489K->41328K(69120K), 0.0007980 secs] [Times: user=0.00 sys=0.00, real=0.00 secs] 
92.384: Total time for which application threads were stopped: 0.0009480 seconds, Stopping threads took: 0.0000790 seconds
92.428: Application time: 0.0441050 seconds
92.428: [GC [PSYoungGen: 20488K->1968K(21504K)] 59864K->41352K(69120K), 0.0008080 secs] [Times: user=0.01 sys=0.00, real=0.00 secs] 
92.429: Total time for which application threads were stopped: 0.0010370 seconds, Stopping threads took: 0.0001650 seconds
92.473: Application time: 0.0440360 seconds
92.473: [GC [PSYoungGen: 20500K->2448K(21504K)] 59884K->41832K(69120K), 0.0009970 secs] [Times: user=0.00 sys=0.00, real=0.00 secs] 
92.474: Total time for which application threads were stopped: 0.0011470 seconds, Stopping threads took: 0.0000780 seconds
92.520: Application time: 0.0463050 seconds
92.521: [GC [PSYoungGen: 21067K->1392K(21504K)] 60451K->40776K(69120K), 0.0006580 secs] [Times: user=0.00 sys=0.00, real=0.00 secs] 
92.521: Total time for which application threads were stopped: 0.0007990 seconds, Stopping threads took: 0.0000720 seconds
92.563: Application time: 0.0419210 seconds
92.563: [GC [PSYoungGen: 19918K->2496K(21504K)] 59302K->41888K(69120K), 0.0009950 secs] [Times: user=0.01 sys=0.00, real=0.01 secs] 
92.564: Total time for which application threads were stopped: 0.0012270 seconds, Stopping threads took: 0.0001580 seconds
92.612: Application time: 0.0477850 seconds
92.612: [GC [PSYoungGen: 21195K->1424K(21504K)] 60587K->40816K(69120K), 0.0006740 secs] [Times: user=0.00 sys=0.00, real=0.00 secs] 
92.613: Total time for which application threads were stopped: 0.0007990 seconds, Stopping threads took: 0.0000600 seconds
92.655: Application time: 0.0424010 seconds
92.655: [GC [PSYoungGen: 19952K->2464K(21504K)] 59344K->41864K(69120K), 0.0009880 secs] [Times: user=0.01 sys=0.00, real=0.01 secs] 
92.657: Total time for which application threads were stopped: 0.0011280 seconds, Stopping threads took: 0.0000700 seconds
92.704: Application time: 0.0477430 seconds
92.704: [GC [PSYoungGen: 21007K->864K(21504K)] 60407K->40264K(69120K), 0.0005330 secs] [Times: user=0.00 sys=0.00, real=0.00 secs] 
92.705: Total time for which application threads were stopped: 0.0006580 seconds, Stopping threads took: 0.0000550 seconds
92.747: Application time: 0.0423270 seconds
92.747: [GC [PSYoungGen: 19386K->2464K(21504K)] 58786K->41864K(69120K), 0.0009790 secs] [Times: user=0.01 sys=0.00, real=0.00 secs] 
92.748: Total time for which application threads were stopped: 0.0011320 seconds, Stopping threads took: 0.0000810 seconds
92.795: Application time: 0.0465050 seconds
92.795: [GC [PSYoungGen: 21087K->880K(21504K)] 60487K->40280K(69120K), 0.0005260 secs] [Times: user=0.00 sys=0.00, real=0.00 secs] 
92.796: Total time for which application threads were stopped: 0.0006570 seconds, Stopping threads took: 0.0000650 seconds
92.838: Application time: 0.0427360 seconds
92.838: [GC [PSYoungGen: 19484K->2480K(21504K)] 58884K->41888K(69120K), 0.0009400 secs] [Times: user=0.00 sys=0.00, real=0.00 secs] 
92.839: Total time for which application threads were stopped: 0.0010780 seconds, Stopping threads took: 0.0000690 seconds
92.886: Application time: 0.0466600 seconds
92.886: [GC [PSYoungGen: 21099K->1376K(21504K)] 60507K->40792K(69120K), 0.0006860 secs] [Times: user=0.00 sys=0.00, real=0.00 secs] 
92.887: Total time for which application threads were stopped: 0.0008460 seconds, Stopping threads took: 0.0000900 seconds
92.930: Application time: 0.0427270 seconds
92.930: [GC [PSYoungGen: 19989K->2448K(21504K)] 59405K->41864K(69120K), 0.0009480 secs] [Times: user=0.01 sys=0.00, real=0.00 secs] 
92.931: Total time for which application threads were stopped: 0.0010910 seconds, Stopping threads took: 0.0000710 seconds
92.975: Application time: 0.0439110 seconds
92.975: [GC [PSYoungGen: 20984K->2464K(21504K)] 60400K->41888K(69120K), 0.0010040 secs] [Times: user=0.00 sys=0.00, real=0.00 secs] 
92.976: Total time for which application threads were stopped: 0.0011450 seconds, Stopping threads took: 0.0000690 seconds
93.022: Application time: 0.0460500 seconds
93.022: [GC [PSYoungGen: 21083K->880K(21504K)] 60507K->40304K(69120K), 0.0005220 secs] [Times: user=0.01 sys=0.00, real=0.00 secs] 
93.022: Total time for which application threads were stopped: 0.0006600 seconds, Stopping threads took: 0.0000760 seconds
93.065: Application time: 0.0426510 seconds
93.065: [GC [PSYoungGen: 19408K->2464K(21504K)] 58832K->41896K(69120K), 0.0009660 secs] [Times: user=0.00 sys=0.00, real=0.00 secs] 
93.066: Total time for which application threads were stopped: 0.0011330 seconds, Stopping threads took: 0.0000940 seconds
93.112: Application time: 0.0455880 seconds
93.112: [GC [PSYoungGen: 21009K->880K(21504K)] 60441K->40312K(69120K), 0.0005740 secs] [Times: user=0.00 sys=0.00, real=0.00 secs] 
93.113: Total time for which application threads were stopped: 0.0006950 seconds, Stopping threads took: 0.0000600 seconds
93.156: Application time: 0.0435460 seconds
93.156: [GC [PSYoungGen: 19484K->2464K(21504K)] 58916K->41896K(69120K), 0.0009930 secs] [Times: user=0.01 sys=0.00, real=0.00 secs] 
93.157: Total time for which application threads were stopped: 0.0011300 seconds, Stopping threads took: 0.0000660 seconds
93.201: Application time: 0.0435120 seconds
93.201: [GC [PSYoungGen: 20996K->2464K(21504K)] 60428K->42416K(69120K), 0.0011310 secs] [Times: user=0.00 sys=0.00, real=0.00 secs] 
93.202: Total time for which application threads were stopped: 0.0012620 seconds, Stopping threads took: 0.0000550 seconds
93.249: Application time: 0.0468790 seconds
93.249: [GC [PSYoungGen: 21089K->896K(21504K)] 61041K->40848K(69120K), 0.0005300 secs] [Times: user=0.00 sys=0.00, real=0.00 secs] 
93.250: Total time for which application threads were stopped: 0.0006580 seconds, Stopping threads took: 0.0000580 seconds
93.290: Application time: 0.0403750 seconds
93.290: [GC [PSYoungGen: 19496K->2496K(21504K)] 59448K->42968K(69120K), 0.0011270 secs] [Times: user=0.01 sys=0.00, real=0.00 secs] 
93.291: Total time for which application threads were stopped: 0.0012640 seconds, Stopping threads took: 0.0000640 seconds
93.338: Application time: 0.0470480 seconds
93.338: [GC [PSYoungGen: 21043K->896K(21504K)] 61515K->41368K(69120K), 0.0005370 secs] [Times: user=0.00 sys=0.00, real=0.00 secs] 
93.339: Total time for which application threads were stopped: 0.0006690 seconds, Stopping threads took: 0.0000690 seconds
93.380: Application time: 0.0408480 seconds
93.380: [GC [PSYoungGen: 19416K->2512K(21504K)] 59888K->43496K(69120K), 0.0011460 secs] [Times: user=0.00 sys=0.00, real=0.00 secs] 
93.381: Total time for which application threads were stopped: 0.0013040 seconds, Stopping threads took: 0.0000860 seconds
93.428: Application time: 0.0470440 seconds
93.428: [GC [PSYoungGen: 21137K->880K(21504K)] 62121K->41864K(69120K), 0.0005280 secs] [Times: user=0.00 sys=0.00, real=0.00 secs] 
93.429: Total time for which application threads were stopped: 0.0006570 seconds, Stopping threads took: 0.0000630 seconds
93.469: Application time: 0.0404970 seconds
93.469: [GC [PSYoungGen: 19400K->2528K(21504K)] 60384K->44032K(69120K), 0.0012110 secs] [Times: user=0.00 sys=0.00, real=0.00 secs] 
93.471: Total time for which application threads were stopped: 0.0013570 seconds, Stopping threads took: 0.0000710 seconds
93.518: Application time: 0.0476650 seconds
93.518: [GC [PSYoungGen: 21231K->896K(21504K)] 62735K->42408K(69120K), 0.0005300 secs] [Times: user=0.00 sys=0.00, real=0.00 secs] 
93.519: Total time for which application threads were stopped: 0.0006480 seconds, Stopping threads took: 0.0000580 seconds
93.561: Application time: 0.0417310 seconds
93.561: [GC [PSYoungGen: 19496K->2464K(21504K)] 61008K->43984K(69120K), 0.0009740 secs] [Times: user=0.01 sys=0.00, real=0.00 secs] 
93.562: Total time for which application threads were stopped: 0.0011210 seconds, Stopping threads took: 0.0000780 seconds
93.606: Application time: 0.0443930 seconds
93.606: [GC [PSYoungGen: 21005K->1968K(21504K)] 62525K->43496K(69120K), 0.0008190 secs] [Times: user=0.01 sys=0.00, real=0.00 secs] 
93.607: Total time for which application threads were stopped: 0.0009720 seconds, Stopping threads took: 0.0000850 seconds
93.651: Application time: 0.0439780 seconds
93.651: [GC [PSYoungGen: 20583K->1904K(21504K)] 62111K->43432K(69120K), 0.0008230 secs] [Times: user=0.00 sys=0.00, real=0.00 secs] 
93.652: Total time for which application threads were stopped: 0.0009490 seconds, Stopping threads took: 0.0000580 seconds
93.697: Application time: 0.0444290 seconds
93.697: [GC [PSYoungGen: 20440K->1920K(21504K)] 61969K->43456K(69120K), 0.0007800 secs] [Times: user=0.00 sys=0.00, real=0.00 secs] 
93.697: Total time for which application threads were stopped: 0.0009210 seconds, Stopping threads took: 0.0000640 seconds
93.741: Application time: 0.0436490 seconds
93.741: [GC [PSYoungGen: 20452K->2496K(21504K)] 61988K->44032K(69120K), 0.0009790 secs] [Times: user=0.01 sys=0.00, real=0.00 secs] 
93.742: Total time for which application threads were stopped: 0.0011230 seconds, Stopping threads took: 0.0000710 seconds
93.789: Application time: 0.0466690 seconds
93.789: [GC [PSYoungGen: 21119K->912K(21504K)] 62655K->42448K(69120K), 0.0005290 secs] [Times: user=0.00 sys=0.00, real=0.00 secs] 
93.790: Total time for which application threads were stopped: 0.0006700 seconds, Stopping threads took: 0.0000670 seconds
93.831: Application time: 0.0418380 seconds
93.832: [GC [PSYoungGen: 19432K->2496K(21504K)] 60968K->44552K(69120K), 0.0011320 secs] [Times: user=0.00 sys=0.00, real=0.00 secs] 
93.833: Total time for which application threads were stopped: 0.0012900 seconds, Stopping threads took: 0.0000810 seconds
93.880: Application time: 0.0468460 seconds
93.880: [GC [PSYoungGen: 21121K->848K(21504K)] 63177K->42904K(69120K), 0.0006060 secs] [Times: user=0.00 sys=0.00, real=0.00 secs] 
93.880: Total time for which application threads were stopped: 0.0007430 seconds, Stopping threads took: 0.0000730 seconds
93.922: Application time: 0.0415610 seconds
93.922: [GC [PSYoungGen: 19446K->2512K(21504K)] 61502K->45088K(69120K), 0.0011490 secs] [Times: user=0.00 sys=0.00, real=0.00 secs] 
93.923: Total time for which application threads were stopped: 0.0012950 seconds, Stopping threads took: 0.0000730 seconds
93.970: Application time: 0.0464270 seconds
93.970: [GC [PSYoungGen: 21057K->1408K(21504K)] 63633K->43992K(69120K), 0.0006570 secs] [Times: user=0.00 sys=0.00, real=0.00 secs] 
93.970: Total time for which application threads were stopped: 0.0007960 seconds, Stopping threads took: 0.0000700 seconds
94.013: Application time: 0.0426740 seconds
94.013: [GC [PSYoungGen: 19936K->2496K(21504K)] 62520K->45080K(69120K), 0.0009540 secs] [Times: user=0.01 sys=0.00, real=0.00 secs] 
94.014: Total time for which application threads were stopped: 0.0011720 seconds, Stopping threads took: 0.0001530 seconds
94.059: Application time: 0.0450970 seconds
94.060: [GC [PSYoungGen: 21115K->1408K(21504K)] 63699K->43992K(69120K), 0.0007230 secs] [Times: user=0.00 sys=0.01, real=0.00 secs] 
94.060: Total time for which application threads were stopped: 0.0009910 seconds, Stopping threads took: 0.0002060 seconds
94.103: Application time: 0.0430190 seconds
94.103: [GC [PSYoungGen: 19936K->2464K(21504K)] 62520K->45056K(69120K), 0.0009800 secs] [Times: user=0.01 sys=0.00, real=0.01 secs] 
94.104: Total time for which application threads were stopped: 0.0011260 seconds, Stopping threads took: 0.0000760 seconds
94.151: Application time: 0.0462670 seconds
94.151: [GC [PSYoungGen: 21159K->1888K(21504K)] 63751K->44480K(69120K), 0.0008020 secs] [Times: user=0.00 sys=0.00, real=0.00 secs] 
94.152: Total time for which application threads were stopped: 0.0009360 seconds, Stopping threads took: 0.0000670 seconds
94.194: Application time: 0.0421810 seconds
94.194: [GC [PSYoungGen: 20496K->2512K(21504K)] 63089K->45624K(69120K), 0.0011160 secs] [Times: user=0.01 sys=0.00, real=0.00 secs] 
94.195: Total time for which application threads were stopped: 0.0012690 seconds, Stopping threads took: 0.0000740 seconds
94.241: Application time: 0.0460200 seconds
94.241: [GC [PSYoungGen: 21055K->1904K(21504K)] 64167K->45024K(69120K), 0.0009210 secs] [Times: user=0.00 sys=0.00, real=0.00 secs] 
94.242: Total time for which application threads were stopped: 0.0010640 seconds, Stopping threads took: 0.0000730 seconds
94.285: Application time: 0.0428210 seconds
94.285: [GC [PSYoungGen: 20432K->2512K(21504K)] 63552K->46144K(69120K), 0.0011630 secs] [Times: user=0.01 sys=0.00, real=0.00 secs] 
94.286: Total time for which application threads were stopped: 0.0013390 seconds, Stopping threads took: 0.0001050 seconds
94.331: Application time: 0.0448650 seconds
94.331: [GC [PSYoungGen: 21133K->1936K(21504K)] 64765K->45576K(69120K), 0.0008500 secs] [Times: user=0.00 sys=0.00, real=0.00 secs] 
94.332: Total time for which application threads were stopped: 0.0010550 seconds, Stopping threads took: 0.0001270 seconds
94.377: Application time: 0.0444300 seconds
94.377: [GC [PSYoungGen: 20474K->1408K(21504K)] 64115K->45048K(69120K), 0.0006990 secs] [Times: user=0.01 sys=0.00, real=0.00 secs] 
94.378: Total time for which application threads were stopped: 0.0008290 seconds, Stopping threads took: 0.0000640 seconds
94.423: Application time: 0.0454770 seconds
94.423: [GC [PSYoungGen: 20021K->1408K(21504K)] 63661K->45048K(69120K), 0.0006960 secs] [Times: user=0.00 sys=0.00, real=0.00 secs] 
94.424: Total time for which application threads were stopped: 0.0008230 seconds, Stopping threads took: 0.0000590 seconds
94.466: Application time: 0.0418910 seconds
94.466: [GC [PSYoungGen: 19928K->2512K(21504K)] 63568K->47184K(69120K), 0.0012710 secs] [Times: user=0.00 sys=0.00, real=0.00 secs] 
94.467: Total time for which application threads were stopped: 0.0014300 seconds, Stopping threads took: 0.0000820 seconds
94.513: Application time: 0.0462490 seconds
94.514: [GC [PSYoungGen: 21137K->1408K(21504K)] 65809K->46080K(69120K), 0.0006790 secs] [Times: user=0.01 sys=0.00, real=0.00 secs] 
94.514: Total time for which application threads were stopped: 0.0008020 seconds, Stopping threads took: 0.0000540 seconds
94.557: Application time: 0.0424570 seconds
94.557: [GC [PSYoungGen: 19930K->2480K(21504K)] 64602K->47672K(69120K), 0.0011760 secs] [Times: user=0.00 sys=0.00, real=0.00 secs] 
94.558: Total time for which application threads were stopped: 0.0013170 seconds, Stopping threads took: 0.0000700 seconds
94.604: Application time: 0.0462120 seconds
94.604: [GC [PSYoungGen: 21101K->1952K(21504K)] 66293K->47152K(69120K), 0.0008530 secs] [Times: user=0.01 sys=0.00, real=0.00 secs] 
94.605: Total time for which application threads were stopped: 0.0009840 seconds, Stopping threads took: 0.0000640 seconds
94.648: Application time: 0.0427180 seconds
94.648: [GC [PSYoungGen: 20480K->2480K(21504K)] 65680K->48192K(69120K), 0.0011430 secs] [Times: user=0.01 sys=0.00, real=0.00 secs] 
94.649: Total time for which application threads were stopped: 0.0013050 seconds, Stopping threads took: 0.0000820 seconds
94.695: Application time: 0.0460570 seconds
94.695: [GC [PSYoungGen: 21099K->1392K(21504K)] 66811K->47104K(69120K), 0.0006670 secs] [Times: user=0.00 sys=0.00, real=0.01 secs] 
94.696: Total time for which application threads were stopped: 0.0008680 seconds, Stopping threads took: 0.0001350 seconds
94.741: Application time: 0.0452900 seconds
94.742: [GC [PSYoungGen: 19930K->1408K(21504K)] 65643K->47128K(69120K), 0.0006880 secs] [Times: user=0.01 sys=0.00, real=0.00 secs] 
94.742: Total time for which application threads were stopped: 0.0008140 seconds, Stopping threads took: 0.0000630 seconds
94.785: Application time: 0.0429510 seconds
94.785: [GC [PSYoungGen: 20008K->2368K(21504K)] 65728K->49112K(69120K), 0.0012770 secs] [Times: user=0.01 sys=0.00, real=0.00 secs] 
94.787: [Full GC [PSYoungGen: 2368K->0K(21504K)] [ParOldGen: 46744K->9572K(47616K)] 49112K->9572K(69120K) [PSPermGen: 5145K->5145K(21504K)], 0.0048620 secs] [Times: user=0.01 sys=0.00, real=0.00 secs] 
94.792: Total time for which application threads were stopped: 0.0063380 seconds, Stopping threads took: 0.0000720 seconds
94.839: Application time: 0.0470860 seconds
94.839: [GC [PSYoungGen: 18703K->1280K(21504K)] 28276K->10852K(69120K), 0.0005840 secs] [Times: user=0.00 sys=0.00, real=0.00 secs] 
94.839: Total time for which application threads were stopped: 0.0007260 seconds, Stopping threads took: 0.0000670 seconds
94.881: Application time: 0.0419080 seconds
94.881: [GC [PSYoungGen: 19800K->2304K(21504K)] 29373K->12388K(69120K), 0.0010540 secs] [Times: user=0.01 sys=0.00, real=0.00 secs] 
94.883: Total time for which application threads were stopped: 0.0012570 seconds, Stopping threads took: 0.0001300 seconds
94.929: Application time: 0.0462510 seconds
94.929: [GC [PSYoungGen: 20851K->1280K(21504K)] 30936K->11364K(69120K), 0.0005840 secs] [Times: user=0.00 sys=0.00, real=0.00 secs] 
94.930: Total time for which application threads were stopped: 0.0007170 seconds, Stopping threads took: 0.0000670 seconds
94.974: Application time: 0.0441680 seconds
94.974: [GC [PSYoungGen: 19893K->1792K(21504K)] 29977K->11876K(69120K), 0.0007080 secs] [Times: user=0.00 sys=0.00, real=0.00 secs] 
94.975: Total time for which application threads were stopped: 0.0008490 seconds, Stopping threads took: 0.0000740 seconds
95.016: Application time: 0.0417650 seconds
95.016: [GC [PSYoungGen: 20320K->2352K(21504K)] 30405K->12948K(69120K), 0.0010470 secs] [Times: user=0.01 sys=0.00, real=0.00 secs] 
95.018: Total time for which application threads were stopped: 0.0011930 seconds, Stopping threads took: 0.0000740 seconds
95.066: Application time: 0.0483020 seconds
95.066: [GC [PSYoungGen: 20973K->1296K(21504K)] 31570K->11892K(69120K), 0.0005820 secs] [Times: user=0.00 sys=0.00, real=0.00 secs] 
95.067: Total time for which application threads were stopped: 0.0007090 seconds, Stopping threads took: 0.0000660 seconds
95.110: Application time: 0.0439360 seconds
95.111: [GC [PSYoungGen: 19824K->2368K(21504K)] 30421K->12965K(69120K), 0.0008740 secs] [Times: user=0.00 sys=0.00, real=0.00 secs] 
95.111: Total time for which application threads were stopped: 0.0010060 seconds, Stopping threads took: 0.0000640 seconds
95.154: Application time: 0.0430400 seconds
95.155: [GC [PSYoungGen: 20981K->2384K(21504K)] 31578K->12980K(69120K), 0.0009000 secs] [Times: user=0.00 sys=0.00, real=0.00 secs] 
95.156: Total time for which application threads were stopped: 0.0010390 seconds, Stopping threads took: 0.0000700 seconds
95.200: Application time: 0.0449100 seconds
95.201: [GC [PSYoungGen: 20923K->1872K(21504K)] 31519K->12469K(69120K), 0.0007660 secs] [Times: user=0.00 sys=0.00, real=0.00 secs] 
95.201: Total time for which application threads were stopped: 0.0009050 seconds, Stopping threads took: 0.0000720 seconds
95.245: Application time: 0.0431550 seconds
95.245: [GC [PSYoungGen: 20480K->2432K(21504K)] 31077K->13541K(69120K), 0.0010560 secs] [Times: user=0.01 sys=0.00, real=0.00 secs] 
95.246: Total time for which application threads were stopped: 0.0013330 seconds, Stopping threads took: 0.0002050 seconds
95.291: Application time: 0.0453270 seconds
95.291: [GC [PSYoungGen: 20975K->1888K(21504K)] 32084K->12996K(69120K), 0.0007990 secs] [Times: user=0.00 sys=0.00, real=0.00 secs] 
95.292: Total time for which application threads were stopped: 0.0009290 seconds, Stopping threads took: 0.0000620 seconds
95.336: Application time: 0.0433950 seconds
95.336: [GC [PSYoungGen: 20499K->2448K(21504K)] 31607K->13557K(69120K), 0.0009380 secs] [Times: user=0.00 sys=0.00, real=0.01 secs] 
95.337: Total time for which application threads were stopped: 0.0010740 seconds, Stopping threads took: 0.0000620 seconds
95.381: Application time: 0.0443160 seconds
95.381: [GC [PSYoungGen: 20976K->2448K(21504K)] 32085K->14581K(69120K), 0.0012470 secs] [Times: user=0.01 sys=0.00, real=0.00 secs] 
95.382: Total time for which application threads were stopped: 0.0014120 seconds, Stopping threads took: 0.0000840 seconds
95.428: Application time: 0.0454970 seconds
95.428: [GC [PSYoungGen: 21071K->1936K(21504K)] 33204K->14069K(69120K), 0.0007580 secs] [Times: user=0.00 sys=0.00, real=0.00 secs] 
95.429: Total time for which application threads were stopped: 0.0008950 seconds, Stopping threads took: 0.0000730 seconds
95.472: Application time: 0.0433490 seconds
95.472: [GC [PSYoungGen: 20627K->2496K(21504K)] 32760K->14629K(69120K), 0.0009350 secs] [Times: user=0.00 sys=0.00, real=0.00 secs] 
95.473: Total time for which application threads were stopped: 0.0010670 seconds, Stopping threads took: 0.0000610 seconds
95.519: Application time: 0.0458710 seconds
95.519: [GC [PSYoungGen: 21037K->1936K(21504K)] 33170K->14085K(69120K), 0.0008000 secs] [Times: user=0.00 sys=0.00, real=0.00 secs] 
95.520: Total time for which application threads were stopped: 0.0009260 seconds, Stopping threads took: 0.0000600 seconds
95.562: Application time: 0.0421870 seconds
95.562: [GC [PSYoungGen: 20464K->2448K(21504K)] 32613K->15109K(69120K), 0.0011530 secs] [Times: user=0.00 sys=0.00, real=0.00 secs] 
95.563: Total time for which application threads were stopped: 0.0012910 seconds, Stopping threads took: 0.0000650 seconds
95.610: Application time: 0.0469370 seconds
95.610: [GC [PSYoungGen: 21071K->1424K(21504K)] 33732K->14085K(69120K), 0.0007050 secs] [Times: user=0.00 sys=0.00, real=0.00 secs] 
95.611: Total time for which application threads were stopped: 0.0008390 seconds, Stopping threads took: 0.0000700 seconds
95.654: Application time: 0.0430020 seconds
95.654: [GC [PSYoungGen: 19952K->2512K(21504K)] 32613K->15189K(69120K), 0.0009160 secs] [Times: user=0.00 sys=0.00, real=0.00 secs] 
95.655: Total time for which application threads were stopped: 0.0010520 seconds, Stopping threads took: 0.0000690 seconds
95.702: Application time: 0.0463050 seconds
95.702: [GC [PSYoungGen: 21053K->1424K(21504K)] 33730K->14101K(69120K), 0.0005690 secs] [Times: user=0.00 sys=0.00, real=0.00 secs] 
95.702: Total time for which application threads were stopped: 0.0006920 seconds, Stopping threads took: 0.0000640 seconds
95.746: Application time: 0.0436820 seconds
95.746: [GC [PSYoungGen: 20033K->1936K(21504K)] 32710K->14629K(69120K), 0.0007600 secs] [Times: user=0.00 sys=0.00, real=0.00 secs] 
95.747: Total time for which application threads were stopped: 0.0009500 seconds, Stopping threads took: 0.0001190 seconds
95.790: Application time: 0.0431010 seconds
95.790: [GC [PSYoungGen: 20551K->2480K(21504K)] 33244K->15173K(69120K), 0.0008940 secs] [Times: user=0.01 sys=0.00, real=0.00 secs] 
95.791: Total time for which application threads were stopped: 0.0010320 seconds, Stopping threads took: 0.0000690 seconds
95.838: Application time: 0.0473980 seconds
95.839: [GC [PSYoungGen: 21021K->1904K(21504K)] 33714K->14613K(69120K), 0.0008100 secs] [Times: user=0.01 sys=0.00, real=0.00 secs] 
95.839: Total time for which application threads were stopped: 0.0009430 seconds, Stopping threads took: 0.0000630 seconds
95.881: Application time: 0.0417850 seconds
95.881: [GC [PSYoungGen: 20430K->2496K(21504K)] 33139K->15717K(69120K), 0.0010930 secs] [Times: user=0.01 sys=0.00, real=0.00 secs] 
95.882: Total time for which application threads were stopped: 0.0012440 seconds, Stopping threads took: 0.0000730 seconds
95.930: Application time: 0.0472940 seconds
95.930: [GC [PSYoungGen: 21119K->880K(21504K)] 34340K->14117K(69120K), 0.0005150 secs] [Times: user=0.00 sys=0.00, real=0.00 secs] 
95.930: Total time for which application threads were stopped: 0.0006690 seconds, Stopping threads took: 0.0000890 seconds
95.972: Application time: 0.0418540 seconds
95.972: [GC [PSYoungGen: 19485K->2496K(21504K)] 32721K->15733K(69120K), 0.0009210 secs] [Times: user=0.00 sys=0.00, real=0.00 secs] 
95.973: Total time for which application threads were stopped: 0.0010620 seconds, Stopping threads took: 0.0000730 seconds
96.020: Application time: 0.0462670 seconds
96.020: [GC [PSYoungGen: 21039K->1440K(21504K)] 34276K->14693K(69120K), 0.0006520 secs] [Times: user=0.00 sys=0.00, real=0.00 secs] 
96.020: Total time for which application threads were stopped: 0.0007920 seconds, Stopping threads took: 0.0000620 seconds
96.064: Application time: 0.0432880 seconds
96.064: [GC [PSYoungGen: 20046K->2480K(21504K)] 33299K->15733K(69120K), 0.0009840 secs] [Times: user=0.00 sys=0.00, real=0.01 secs] 
96.065: Total time for which application threads were stopped: 0.0011300 seconds, Stopping threads took: 0.0000740 seconds
96.111: Application time: 0.0459690 seconds
96.111: [GC [PSYoungGen: 21101K->1376K(21504K)] 34354K->14637K(69120K), 0.0006140 secs] [Times: user=0.01 sys=0.00, real=0.00 secs] 
96.111: Total time for which application threads were stopped: 0.0007340 seconds, Stopping threads took: 0.0000550 seconds
96.155: Application time: 0.0440180 seconds
96.156: [GC [PSYoungGen: 19982K->2480K(21504K)] 33243K->15749K(69120K), 0.0009450 secs] [Times: user=0.01 sys=0.00, real=0.01 secs] 
96.157: Total time for which application threads were stopped: 0.0010930 seconds, Stopping threads took: 0.0000680 seconds
96.201: Application time: 0.0440710 seconds
96.201: [GC [PSYoungGen: 21019K->1920K(21504K)] 34288K->15189K(69120K), 0.0007850 secs] [Times: user=0.01 sys=0.00, real=0.00 secs] 
96.202: Total time for which application threads were stopped: 0.0009180 seconds, Stopping threads took: 0.0000630 seconds
96.246: Application time: 0.0439620 seconds
96.246: [GC [PSYoungGen: 20531K->1920K(21504K)] 33800K->15189K(69120K), 0.0007970 secs] [Times: user=0.00 sys=0.00, real=0.00 secs] 
96.247: Total time for which application threads were stopped: 0.0009900 seconds, Stopping threads took: 0.0001220 seconds
96.291: Application time: 0.0441760 seconds
96.291: [GC [PSYoungGen: 20461K->1952K(21504K)] 33730K->15229K(69120K), 0.0007880 secs] [Times: user=0.00 sys=0.00, real=0.00 secs] 
96.292: Total time for which application threads were stopped: 0.0009280 seconds, Stopping threads took: 0.0000730 seconds
96.335: Application time: 0.0434270 seconds
96.335: [GC [PSYoungGen: 20474K->2512K(21504K)] 33751K->16813K(69120K), 0.0012820 secs] [Times: user=0.01 sys=0.00, real=0.01 secs] 
96.337: Total time for which application threads were stopped: 0.0014300 seconds, Stopping threads took: 0.0000700 seconds
96.382: Application time: 0.0457000 seconds
96.382: [GC [PSYoungGen: 21137K->1440K(21504K)] 35438K->15741K(69120K), 0.0006350 secs] [Times: user=0.00 sys=0.00, real=0.00 secs] 
96.383: Total time for which application threads were stopped: 0.0007800 seconds, Stopping threads took: 0.0000740 seconds
96.424: Application time: 0.0413480 seconds
96.424: [GC [PSYoungGen: 19960K->2528K(21504K)] 34261K->17861K(69120K), 0.0012710 secs] [Times: user=0.01 sys=0.00, real=0.00 secs] 
96.426: Total time for which application threads were stopped: 0.0014250 seconds, Stopping threads took: 0.0000780 seconds
96.472: Application time: 0.0462790 seconds
96.472: [GC [PSYoungGen: 21153K->1424K(21504K)] 36486K->16765K(69120K), 0.0006370 secs] [Times: user=0.00 sys=0.00, real=0.00 secs] 
96.473: Total time for which application threads were stopped: 0.0007700 seconds, Stopping threads took: 0.0000700 seconds
96.517: Application time: 0.0443290 seconds
96.517: [GC [PSYoungGen: 19956K->1952K(21504K)] 35297K->17293K(69120K), 0.0007700 secs] [Times: user=0.01 sys=0.00, real=0.00 secs] 
96.518: Total time for which application threads were stopped: 0.0009330 seconds, Stopping threads took: 0.0000990 seconds
96.562: Application time: 0.0440770 seconds
96.562: [GC [PSYoungGen: 20565K->2400K(21504K)] 35906K->17741K(69120K), 0.0009470 secs] [Times: user=0.00 sys=0.00, real=0.00 secs] 
96.563: Total time for which application threads were stopped: 0.0010800 seconds, Stopping threads took: 0.0000660 seconds
96.610: Application time: 0.0467590 seconds
96.610: [GC [PSYoungGen: 21023K->848K(21504K)] 36364K->16197K(69120K), 0.0004920 secs] [Times: user=0.00 sys=0.00, real=0.00 secs] 
96.611: Total time for which application threads were stopped: 0.0006150 seconds, Stopping threads took: 0.0000620 seconds
96.652: Application time: 0.0410600 seconds
96.652: [GC [PSYoungGen: 19368K->2512K(21504K)] 34717K->18381K(69120K), 0.0011450 secs] [Times: user=0.01 sys=0.00, real=0.00 secs] 
96.653: Total time for which application threads were stopped: 0.0013000 seconds, Stopping threads took: 0.0000760 seconds
96.700: Application time: 0.0470030 seconds
96.700: [GC [PSYoungGen: 21133K->1424K(21504K)] 37002K->17293K(69120K), 0.0005740 secs] [Times: user=0.00 sys=0.00, real=0.00 secs] 
96.701: Total time for which application threads were stopped: 0.0007120 seconds, Stopping threads took: 0.0000760 seconds
96.743: Application time: 0.0423620 seconds
96.743: [GC [PSYoungGen: 19952K->2464K(21504K)] 35821K->18341K(69120K), 0.0009500 secs] [Times: user=0.01 sys=0.00, real=0.01 secs] 
96.744: Total time for which application threads were stopped: 0.0010980 seconds, Stopping threads took: 0.0000760 seconds
96.791: Application time: 0.0464370 seconds
96.791: [GC [PSYoungGen: 21163K->1424K(21504K)] 37040K->17309K(69120K), 0.0006220 secs] [Times: user=0.00 sys=0.00, real=0.00 secs] 
96.791: Total time for which application threads were stopped: 0.0007620 seconds, Stopping threads took: 0.0000810 seconds
96.833: Application time: 0.0419570 seconds
96.833: [GC [PSYoungGen: 19948K->2496K(21504K)] 35833K->18389K(69120K), 0.0009530 secs] [Times: user=0.01 sys=0.00, real=0.00 secs] 
96.834: Total time for which application threads were stopped: 0.0011300 seconds, Stopping threads took: 0.0001060 seconds
96.881: Application time: 0.0461200 seconds
96.881: [GC [PSYoungGen: 21117K->1968K(21504K)] 37010K->17861K(69120K), 0.0008270 secs] [Times: user=0.00 sys=0.00, real=0.00 secs] 
96.882: Total time for which application threads were stopped: 0.0009590 seconds, Stopping threads took: 0.0000710 seconds
96.924: Application time: 0.0420990 seconds
96.928: [GC [PSYoungGen: 20492K->2512K(21504K)] 36385K->18925K(69120K), 0.0011760 secs] [Times: user=0.01 sys=0.00, real=0.00 secs] 
96.929: Total time for which application threads were stopped: 0.0057010 seconds, Stopping threads took: 0.0044430 seconds
96.977: Application time: 0.0473970 seconds
96.977: [GC [PSYoungGen: 21057K->1952K(21504K)] 37470K->18365K(69120K), 0.0008010 secs] [Times: user=0.00 sys=0.00, real=0.00 secs] 
96.978: Total time for which application threads were stopped: 0.0009310 seconds, Stopping threads took: 0.0000650 seconds
97.019: Application time: 0.0413040 seconds
97.019: [GC [PSYoungGen: 20554K->2528K(21504K)] 36968K->19965K(69120K), 0.0012640 secs] [Times: user=0.01 sys=0.00, real=0.00 secs] 
97.020: Total time for which application threads were stopped: 0.0014230 seconds, Stopping threads took: 0.0000840 seconds
97.068: Application time: 0.0478910 seconds
97.068: [GC [PSYoungGen: 21073K->1936K(21504K)] 38510K->19381K(69120K), 0.0007960 secs] [Times: user=0.00 sys=0.00, real=0.00 secs] 
97.069: Total time for which application threads were stopped: 0.0009310 seconds, Stopping threads took: 0.0000640 seconds
97.111: Application time: 0.0413780 seconds
97.111: [GC [PSYoungGen: 20543K->2512K(21504K)] 37988K->20469K(69120K), 0.0010930 secs] [Times: user=0.01 sys=0.00, real=0.00 secs] 
97.112: Total time for which application threads were stopped: 0.0012460 seconds, Stopping threads took: 0.0000810 seconds
97.159: Application time: 0.0470330 seconds
97.159: [GC [PSYoungGen: 21057K->1376K(21504K)] 39014K->19341K(69120K), 0.0006470 secs] [Times: user=0.00 sys=0.00, real=0.00 secs] 
97.160: Total time for which application threads were stopped: 0.0007870 seconds, Stopping threads took: 0.0000730 seconds
97.202: Application time: 0.0423850 seconds
97.202: [GC [PSYoungGen: 19900K->2496K(21504K)] 37865K->20973K(69120K), 0.0011080 secs] [Times: user=0.01 sys=0.00, real=0.00 secs] 
97.203: Total time for which application threads were stopped: 0.0012500 seconds, Stopping threads took: 0.0000710 seconds
97.249: Application time: 0.0455610 seconds
97.249: [GC [PSYoungGen: 21197K->1424K(21504K)] 39674K->19909K(69120K), 0.0006460 secs] [Times: user=0.00 sys=0.00, real=0.00 secs] 
97.250: Total time for which application threads were stopped: 0.0008530 seconds, Stopping threads took: 0.0001400 seconds
97.293: Application time: 0.0431110 seconds
97.293: [GC [PSYoungGen: 19952K->2496K(21504K)] 38437K->20989K(69120K), 0.0009300 secs] [Times: user=0.00 sys=0.00, real=0.00 secs] 
97.294: Total time for which application threads were stopped: 0.0010840 seconds, Stopping threads took: 0.0000820 seconds
97.339: Application time: 0.0447640 seconds
97.339: [GC [PSYoungGen: 21037K->1920K(21504K)] 39530K->20413K(69120K), 0.0007650 secs] [Times: user=0.01 sys=0.00, real=0.00 secs] 
97.340: Total time for which application threads were stopped: 0.0008990 seconds, Stopping threads took: 0.0000680 seconds
97.384: Application time: 0.0441470 seconds
97.384: [GC [PSYoungGen: 20535K->1936K(21504K)] 39028K->20437K(69120K), 0.0008090 secs] [Times: user=0.00 sys=0.00, real=0.01 secs] 
97.385: Total time for which application threads were stopped: 0.0009550 seconds, Stopping threads took: 0.0000720 seconds
97.428: Application time: 0.0435340 seconds
97.428: [GC [PSYoungGen: 20627K->2496K(21504K)] 39128K->20997K(69120K), 0.0009320 secs] [Times: user=0.01 sys=0.00, real=0.00 secs] 
97.429: Total time for which application threads were stopped: 0.0010690 seconds, Stopping threads took: 0.0000630 seconds
97.474: Application time: 0.0443760 seconds
97.474: [GC [PSYoungGen: 21037K->1952K(21504K)] 39538K->20461K(69120K), 0.0007740 secs] [Times: user=0.01 sys=0.00, real=0.00 secs] 
97.475: Total time for which application threads were stopped: 0.0009110 seconds, Stopping threads took: 0.0000640 seconds
97.518: Application time: 0.0435560 seconds
97.518: [GC [PSYoungGen: 20488K->1936K(21504K)] 38998K->20445K(69120K), 0.0007930 secs] [Times: user=0.00 sys=0.00, real=0.00 secs] 
97.519: Total time for which application threads were stopped: 0.0009270 seconds, Stopping threads took: 0.0000680 seconds
97.563: Application time: 0.0438680 seconds
97.563: [GC [PSYoungGen: 20553K->1952K(21504K)] 39062K->20469K(69120K), 0.0007670 secs] [Times: user=0.01 sys=0.00, real=0.00 secs] 
97.564: Total time for which application threads were stopped: 0.0010120 seconds, Stopping threads took: 0.0001730 seconds
97.608: Application time: 0.0441170 seconds
97.608: [GC [PSYoungGen: 20482K->2496K(21504K)] 38999K->21013K(69120K), 0.0009860 secs] [Times: user=0.01 sys=0.00, real=0.00 secs] 
97.609: Total time for which application threads were stopped: 0.0011770 seconds, Stopping threads took: 0.0001200 seconds
97.655: Application time: 0.0455950 seconds
97.655: [GC [PSYoungGen: 21121K->880K(21504K)] 39638K->19397K(69120K), 0.0005550 secs] [Times: user=0.01 sys=0.00, real=0.00 secs] 
97.656: Total time for which application threads were stopped: 0.0006950 seconds, Stopping threads took: 0.0000710 seconds
97.698: Application time: 0.0427100 seconds
97.698: [GC [PSYoungGen: 19398K->2480K(21504K)] 37915K->21517K(69120K), 0.0010700 secs] [Times: user=0.00 sys=0.00, real=0.00 secs] 
97.700: Total time for which application threads were stopped: 0.0012120 seconds, Stopping threads took: 0.0000700 seconds
97.746: Application time: 0.0464750 seconds
97.746: [GC [PSYoungGen: 21105K->864K(21504K)] 40142K->19901K(69120K), 0.0005190 secs] [Times: user=0.01 sys=0.00, real=0.00 secs] 
97.747: Total time for which application threads were stopped: 0.0006450 seconds, Stopping threads took: 0.0000580 seconds
97.790: Application time: 0.0430840 seconds
97.790: [GC [PSYoungGen: 19384K->2496K(21504K)] 38421K->22053K(69120K), 0.0011050 secs] [Times: user=0.01 sys=0.00, real=0.00 secs] 
97.791: Total time for which application threads were stopped: 0.0012540 seconds, Stopping threads took: 0.0000740 seconds
97.837: Application time: 0.0457380 seconds
97.837: [GC [PSYoungGen: 21043K->896K(21504K)] 40600K->20453K(69120K), 0.0005210 secs] [Times: user=0.00 sys=0.00, real=0.00 secs] 
97.837: Total time for which application threads were stopped: 0.0006780 seconds, Stopping threads took: 0.0000930 seconds
97.881: Application time: 0.0432420 seconds
97.881: [GC [PSYoungGen: 19576K->2384K(21504K)] 39134K->22453K(69120K), 0.0011310 secs] [Times: user=0.01 sys=0.00, real=0.00 secs] 
97.882: Total time for which application threads were stopped: 0.0012740 seconds, Stopping threads took: 0.0000700 seconds
97.927: Application time: 0.0448780 seconds
97.927: [GC [PSYoungGen: 20921K->1952K(21504K)] 40990K->22029K(69120K), 0.0007890 secs] [Times: user=0.01 sys=0.00, real=0.00 secs] 
97.928: Total time for which application threads were stopped: 0.0009980 seconds, Stopping threads took: 0.0001370 seconds
97.972: Application time: 0.0442590 seconds
97.972: [GC [PSYoungGen: 20493K->2000K(21504K)] 40570K->22077K(69120K), 0.0007910 secs] [Times: user=0.01 sys=0.00, real=0.00 secs] 
97.973: Total time for which application threads were stopped: 0.0009270 seconds, Stopping threads took: 0.0000660 seconds
98.017: Application time: 0.0437070 seconds
98.017: [GC [PSYoungGen: 20606K->2496K(21504K)] 40684K->23085K(69120K), 0.0010680 secs] [Times: user=0.00 sys=0.00, real=0.00 secs] 
98.018: Total time for which application threads were stopped: 0.0012180 seconds, Stopping threads took: 0.0000590 seconds
98.063: Application time: 0.0448620 seconds
98.063: [GC [PSYoungGen: 21113K->2512K(21504K)] 41702K->23109K(69120K), 0.0010190 secs] [Times: user=0.01 sys=0.00, real=0.00 secs] 
98.064: Total time for which application threads were stopped: 0.0011540 seconds, Stopping threads took: 0.0000640 seconds
98.109: Application time: 0.0453510 seconds
98.109: [GC [PSYoungGen: 21135K->848K(21504K)] 41732K->21453K(69120K), 0.0005030 secs] [Times: user=0.00 sys=0.00, real=0.00 secs] 
98.110: Total time for which application threads were stopped: 0.0006260 seconds, Stopping threads took: 0.0000620 seconds
98.152: Application time: 0.0416490 seconds
98.152: [GC [PSYoungGen: 19368K->2448K(21504K)] 39973K->23565K(69120K), 0.0011360 secs] [Times: user=0.00 sys=0.00, real=0.00 secs] 
98.153: Total time for which application threads were stopped: 0.0012820 seconds, Stopping threads took: 0.0000700 seconds
98.200: Application time: 0.0470190 seconds
98.200: [GC [PSYoungGen: 21073K->832K(21504K)] 42190K->21949K(69120K), 0.0005380 secs] [Times: user=0.00 sys=0.01, real=0.00 secs] 
98.201: Total time for which application threads were stopped: 0.0006680 seconds, Stopping threads took: 0.0000650 seconds
98.242: Application time: 0.0416010 seconds
98.242: [GC [PSYoungGen: 19352K->2512K(21504K)] 40469K->24149K(69120K), 0.0011090 secs] [Times: user=0.01 sys=0.00, real=0.00 secs] 
98.243: Total time for which application threads were stopped: 0.0012510 seconds, Stopping threads took: 0.0000670 seconds
98.289: Application time: 0.0456440 seconds
98.289: [GC [PSYoungGen: 21137K->864K(21504K)] 42774K->22501K(69120K), 0.0004980 secs] [Times: user=0.01 sys=0.00, real=0.00 secs] 
98.290: Total time for which application threads were stopped: 0.0006190 seconds, Stopping threads took: 0.0000620 seconds
98.333: Application time: 0.0432750 seconds
98.333: [GC [PSYoungGen: 19392K->1920K(21504K)] 41029K->23565K(69120K), 0.0008110 secs] [Times: user=0.01 sys=0.00, real=0.00 secs] 
98.334: Total time for which application threads were stopped: 0.0009560 seconds, Stopping threads took: 0.0000730 seconds
98.377: Application time: 0.0432360 seconds
98.377: [GC [PSYoungGen: 20524K->2512K(21504K)] 42170K->25181K(69120K), 0.0012730 secs] [Times: user=0.00 sys=0.00, real=0.00 secs] 
98.379: Total time for which application threads were stopped: 0.0014250 seconds, Stopping threads took: 0.0000760 seconds
98.424: Application time: 0.0456140 seconds
98.424: [GC [PSYoungGen: 21057K->1936K(21504K)] 43726K->24613K(69120K), 0.0008170 secs] [Times: user=0.00 sys=0.00, real=0.00 secs] 
98.425: Total time for which application threads were stopped: 0.0009550 seconds, Stopping threads took: 0.0000670 seconds
98.467: Application time: 0.0417810 seconds
98.467: [GC [PSYoungGen: 20460K->2480K(21504K)] 43137K->25669K(69120K), 0.0010940 secs] [Times: user=0.00 sys=0.00, real=0.00 secs] 
98.468: Total time for which application threads were stopped: 0.0012660 seconds, Stopping threads took: 0.0000990 seconds
98.515: Application time: 0.0470770 seconds
98.515: [GC [PSYoungGen: 21103K->1952K(21504K)] 44292K->25141K(69120K), 0.0008370 secs] [Times: user=0.00 sys=0.00, real=0.01 secs] 
98.516: Total time for which application threads were stopped: 0.0009960 seconds, Stopping threads took: 0.0000860 seconds
98.561: Application time: 0.0447930 seconds
98.561: [GC [PSYoungGen: 20573K->352K(21504K)] 43762K->23549K(69120K), 0.0004060 secs] [Times: user=0.00 sys=0.00, real=0.00 secs] 
98.562: Total time for which application threads were stopped: 0.0005330 seconds, Stopping threads took: 0.0000570 seconds
98.604: Application time: 0.0421750 seconds
98.604: [GC [PSYoungGen: 18872K->2496K(21504K)] 42069K->25693K(69120K), 0.0009160 secs] [Times: user=0.00 sys=0.00, real=0.01 secs] 
98.605: Total time for which application threads were stopped: 0.0010710 seconds, Stopping threads took: 0.0000770 seconds
98.650: Application time: 0.0451010 seconds
98.650: [GC [PSYoungGen: 21119K->896K(21504K)] 44316K->24093K(69120K), 0.0005550 secs] [Times: user=0.01 sys=0.00, real=0.00 secs] 
98.651: Total time for which application threads were stopped: 0.0006850 seconds, Stopping threads took: 0.0000700 seconds
98.694: Application time: 0.0433700 seconds
98.694: [GC [PSYoungGen: 19500K->2496K(21504K)] 42698K->25701K(69120K), 0.0010630 secs] [Times: user=0.01 sys=0.00, real=0.00 secs] 
98.695: Total time for which application threads were stopped: 0.0014550 seconds, Stopping threads took: 0.0003150 seconds
98.739: Application time: 0.0433600 seconds
98.739: [GC [PSYoungGen: 21111K->2496K(21504K)] 44316K->25709K(69120K), 0.0009570 secs] [Times: user=0.00 sys=0.00, real=0.00 secs] 
98.740: Total time for which application threads were stopped: 0.0010960 seconds, Stopping threads took: 0.0000710 seconds
98.785: Application time: 0.0446500 seconds
98.785: [GC [PSYoungGen: 21032K->2448K(21504K)] 44246K->25669K(69120K), 0.0009280 secs] [Times: user=0.00 sys=0.00, real=0.00 secs] 
98.786: Total time for which application threads were stopped: 0.0010700 seconds, Stopping threads took: 0.0000740 seconds
98.830: Application time: 0.0447120 seconds
98.830: [GC [PSYoungGen: 21067K->1952K(21504K)] 44288K->25173K(69120K), 0.0008020 secs] [Times: user=0.01 sys=0.00, real=0.00 secs] 
98.831: Total time for which application threads were stopped: 0.0009680 seconds, Stopping threads took: 0.0000940 seconds
98.875: Application time: 0.0432190 seconds
98.875: [GC [PSYoungGen: 20480K->2496K(21504K)] 43702K->25725K(69120K), 0.0009360 secs] [Times: user=0.01 sys=0.00, real=0.00 secs] 
98.876: Total time for which application threads were stopped: 0.0010850 seconds, Stopping threads took: 0.0000800 seconds
98.921: Application time: 0.0452600 seconds
98.921: [GC [PSYoungGen: 21037K->1968K(21504K)] 44266K->25197K(69120K), 0.0007890 secs] [Times: user=0.01 sys=0.00, real=0.00 secs] 
98.922: Total time for which application threads were stopped: 0.0009340 seconds, Stopping threads took: 0.0000770 seconds
98.964: Application time: 0.0422820 seconds
98.964: [GC [PSYoungGen: 20574K->2512K(21504K)] 43804K->26261K(69120K), 0.0010660 secs] [Times: user=0.01 sys=0.00, real=0.00 secs] 
98.965: Total time for which application threads were stopped: 0.0012080 seconds, Stopping threads took: 0.0000680 seconds
99.013: Application time: 0.0476850 seconds
99.013: [GC [PSYoungGen: 21135K->1392K(21504K)] 44884K->25141K(69120K), 0.0006460 secs] [Times: user=0.00 sys=0.00, real=0.00 secs] 
99.014: Total time for which application threads were stopped: 0.0007810 seconds, Stopping threads took: 0.0000650 seconds
99.056: Application time: 0.0420500 seconds
99.056: [GC [PSYoungGen: 19920K->2480K(21504K)] 43669K->26237K(69120K), 0.0009770 secs] [Times: user=0.00 sys=0.00, real=0.01 secs] 
99.057: Total time for which application threads were stopped: 0.0011230 seconds, Stopping threads took: 0.0000760 seconds
99.103: Application time: 0.0456810 seconds
99.103: [GC [PSYoungGen: 21023K->1424K(21504K)] 44780K->25181K(69120K), 0.0006360 secs] [Times: user=0.00 sys=0.00, real=0.00 secs] 
99.103: Total time for which application threads were stopped: 0.0007800 seconds, Stopping threads took: 0.0000680 seconds
99.146: Application time: 0.0424870 seconds
99.146: [GC [PSYoungGen: 20026K->2512K(21504K)] 43783K->26781K(69120K), 0.0010920 secs] [Times: user=0.01 sys=0.00, real=0.00 secs] 
99.147: Total time for which application threads were stopped: 0.0012360 seconds, Stopping threads took: 0.0000730 seconds
99.191: Application time: 0.0443360 seconds
99.192: [GC [PSYoungGen: 21129K->2448K(21504K)] 45398K->26725K(69120K), 0.0009280 secs] [Times: user=0.01 sys=0.00, real=0.00 secs] 
99.193: Total time for which application threads were stopped: 0.0010760 seconds, Stopping threads took: 0.0000750 seconds
99.239: Application time: 0.0460860 seconds
99.239: [GC [PSYoungGen: 20991K->1440K(21504K)] 45268K->25725K(69120K), 0.0006600 secs] [Times: user=0.00 sys=0.00, real=0.00 secs] 
99.240: Total time for which application threads were stopped: 0.0008990 seconds, Stopping threads took: 0.0001770 seconds
99.282: Application time: 0.0427980 seconds
99.282: [GC [PSYoungGen: 20046K->2496K(21504K)] 44332K->26781K(69120K), 0.0010180 secs] [Times: user=0.01 sys=0.00, real=0.00 secs] 
99.284: Total time for which application threads were stopped: 0.0011590 seconds, Stopping threads took: 0.0000690 seconds
99.327: Application time: 0.0437540 seconds
99.327: [GC [PSYoungGen: 21111K->2480K(21504K)] 45396K->26773K(69120K), 0.0009910 secs] [Times: user=0.01 sys=0.00, real=0.00 secs] 
99.328: Total time for which application threads were stopped: 0.0012200 seconds, Stopping threads took: 0.0001570 seconds
99.374: Application time: 0.0459710 seconds
99.375: [GC [PSYoungGen: 21099K->1936K(21504K)] 45392K->26237K(69120K), 0.0007710 secs] [Times: user=0.01 sys=0.00, real=0.00 secs] 
99.375: Total time for which application threads were stopped: 0.0009150 seconds, Stopping threads took: 0.0000730 seconds
99.417: Application time: 0.0417940 seconds
99.417: [GC [PSYoungGen: 20464K->2400K(21504K)] 44766K->27221K(69120K), 0.0011190 secs] [Times: user=0.01 sys=0.00, real=0.00 secs] 
99.418: Total time for which application threads were stopped: 0.0013130 seconds, Stopping threads took: 0.0001240 seconds
99.465: Application time: 0.0468090 seconds
99.465: [GC [PSYoungGen: 21023K->1392K(21504K)] 45845K->26213K(69120K), 0.0006680 secs] [Times: user=0.01 sys=0.00, real=0.00 secs] 
99.466: Total time for which application threads were stopped: 0.0008070 seconds, Stopping threads took: 0.0000720 seconds
99.510: Application time: 0.0440210 seconds
99.510: [GC [PSYoungGen: 19924K->1968K(21504K)] 44746K->26797K(69120K), 0.0007680 secs] [Times: user=0.00 sys=0.00, real=0.00 secs] 
99.511: Total time for which application threads were stopped: 0.0008890 seconds, Stopping threads took: 0.0000550 seconds
99.554: Application time: 0.0434380 seconds
99.555: [GC [PSYoungGen: 20500K->2480K(21504K)] 45330K->27309K(69120K), 0.0009620 secs] [Times: user=0.01 sys=0.00, real=0.00 secs] 
99.556: Total time for which application threads were stopped: 0.0011090 seconds, Stopping threads took: 0.0000740 seconds
99.602: Application time: 0.0466830 seconds
99.602: [GC [PSYoungGen: 21099K->1920K(21504K)] 45928K->26749K(69120K), 0.0007920 secs] [Times: user=0.00 sys=0.00, real=0.00 secs] 
99.603: Total time for which application threads were stopped: 0.0009340 seconds, Stopping threads took: 0.0000710 seconds
99.645: Application time: 0.0419360 seconds
99.645: [GC [PSYoungGen: 20448K->2528K(21504K)] 45278K->27877K(69120K), 0.0011210 secs] [Times: user=0.01 sys=0.00, real=0.00 secs] 
99.646: Total time for which application threads were stopped: 0.0012690 seconds, Stopping threads took: 0.0000670 seconds
99.694: Application time: 0.0473760 seconds
99.694: [GC [PSYoungGen: 21151K->1408K(21504K)] 46500K->26765K(69120K), 0.0007320 secs] [Times: user=0.01 sys=0.00, real=0.00 secs] 
99.695: Total time for which application threads were stopped: 0.0011350 seconds, Stopping threads took: 0.0003240 seconds
99.737: Application time: 0.0421170 seconds
99.737: [GC [PSYoungGen: 19932K->2480K(21504K)] 45289K->27837K(69120K), 0.0009420 secs] [Times: user=0.00 sys=0.00, real=0.00 secs] 
99.738: Total time for which application threads were stopped: 0.0011170 seconds, Stopping threads took: 0.0000990 seconds
99.784: Application time: 0.0461860 seconds
99.784: [GC [PSYoungGen: 21103K->1424K(21504K)] 46460K->26781K(69120K), 0.0006710 secs] [Times: user=0.00 sys=0.00, real=0.00 secs] 
99.785: Total time for which application threads were stopped: 0.0007930 seconds, Stopping threads took: 0.0000570 seconds
99.830: Application time: 0.0444280 seconds
99.830: [GC [PSYoungGen: 19958K->1392K(21504K)] 45316K->26757K(69120K), 0.0006540 secs] [Times: user=0.00 sys=0.00, real=0.00 secs] 
99.830: Total time for which application threads were stopped: 0.0008580 seconds, Stopping threads took: 0.0001420 seconds
99.874: Application time: 0.0436510 seconds
99.874: [GC [PSYoungGen: 20000K->2480K(21504K)] 45366K->27853K(69120K), 0.0009740 secs] [Times: user=0.01 sys=0.00, real=0.00 secs] 
99.875: Total time for which application threads were stopped: 0.0011210 seconds, Stopping threads took: 0.0000670 seconds
99.920: Application time: 0.0443180 seconds
99.920: [GC [PSYoungGen: 21099K->1952K(21504K)] 46472K->27325K(69120K), 0.0008240 secs] [Times: user=0.01 sys=0.00, real=0.00 secs] 
99.921: Total time for which application threads were stopped: 0.0010930 seconds, Stopping threads took: 0.0001990 seconds
99.965: Application time: 0.0440150 seconds
99.965: [GC [PSYoungGen: 20567K->1952K(21504K)] 45940K->27333K(69120K), 0.0008270 secs] [Times: user=0.01 sys=0.00, real=0.00 secs] 
99.966: Total time for which application threads were stopped: 0.0009550 seconds, Stopping threads took: 0.0000650 seconds
100.009: Application time: 0.0434300 seconds
100.009: [GC [PSYoungGen: 20554K->2528K(21504K)] 45936K->28941K(69120K), 0.0012670 secs] [Times: user=0.01 sys=0.00, real=0.00 secs] 
100.010: Total time for which application threads were stopped: 0.0014030 seconds, Stopping threads took: 0.0000600 seconds
100.057: Application time: 0.0463090 seconds
100.057: [GC [PSYoungGen: 21075K->1376K(21504K)] 47488K->27797K(69120K), 0.0007460 secs] [Times: user=0.00 sys=0.00, real=0.00 secs] 
100.058: Total time for which application threads were stopped: 0.0008690 seconds, Stopping threads took: 0.0000590 seconds
100.099: Application time: 0.0413680 seconds
100.099: [GC [PSYoungGen: 19980K->2528K(21504K)] 46402K->29461K(69120K), 0.0011410 secs] [Times: user=0.00 sys=0.00, real=0.00 secs] 
100.100: Total time for which application threads were stopped: 0.0013290 seconds, Stopping threads took: 0.0001140 seconds
100.149: Application time: 0.0483000 seconds
100.149: [GC [PSYoungGen: 21073K->1392K(21504K)] 48006K->28333K(69120K), 0.0006550 secs] [Times: user=0.00 sys=0.00, real=0.00 secs] 
100.149: Total time for which application threads were stopped: 0.0008020 seconds, Stopping threads took: 0.0000680 seconds
100.192: Application time: 0.0421200 seconds
100.192: [GC [PSYoungGen: 19918K->2528K(21504K)] 46860K->29469K(69120K), 0.0010000 secs] [Times: user=0.00 sys=0.00, real=0.00 secs] 
100.193: Total time for which application threads were stopped: 0.0011350 seconds, Stopping threads took: 0.0000630 seconds
100.238: Application time: 0.0450320 seconds
100.238: [GC [PSYoungGen: 21145K->1920K(21504K)] 48086K->28861K(69120K), 0.0008300 secs] [Times: user=0.01 sys=0.00, real=0.00 secs] 
100.239: Total time for which application threads were stopped: 0.0010870 seconds, Stopping threads took: 0.0001860 seconds
100.283: Application time: 0.0439080 seconds
100.283: [GC [PSYoungGen: 20456K->1920K(21504K)] 47398K->28869K(69120K), 0.0008070 secs] [Times: user=0.00 sys=0.00, real=0.00 secs] 
100.284: Total time for which application threads were stopped: 0.0009410 seconds, Stopping threads took: 0.0000640 seconds
100.327: Application time: 0.0433770 seconds
100.327: [GC [PSYoungGen: 20529K->2512K(21504K)] 47478K->29973K(69120K), 0.0011350 secs] [Times: user=0.01 sys=0.00, real=0.00 secs] 
100.328: Total time for which application threads were stopped: 0.0012800 seconds, Stopping threads took: 0.0000730 seconds
100.374: Application time: 0.0456440 seconds
100.374: [GC [PSYoungGen: 21053K->1920K(21504K)] 48514K->29389K(69120K), 0.0007940 secs] [Times: user=0.00 sys=0.00, real=0.00 secs] 
100.375: Total time for which application threads were stopped: 0.0009280 seconds, Stopping threads took: 0.0000680 seconds
100.418: Application time: 0.0428550 seconds
100.418: [GC [PSYoungGen: 20531K->2448K(21504K)] 48000K->29917K(69120K), 0.0009370 secs] [Times: user=0.00 sys=0.00, real=0.00 secs] 
100.419: Total time for which application threads were stopped: 0.0010730 seconds, Stopping threads took: 0.0000680 seconds
100.465: Application time: 0.0465340 seconds
100.465: [GC [PSYoungGen: 20989K->1952K(21504K)] 48458K->29429K(69120K), 0.0007700 secs] [Times: user=0.01 sys=0.00, real=0.00 secs] 
100.466: Total time for which application threads were stopped: 0.0008970 seconds, Stopping threads took: 0.0000630 seconds
100.510: Application time: 0.0437290 seconds
100.510: [GC [PSYoungGen: 20565K->2480K(21504K)] 48042K->29957K(69120K), 0.0009790 secs] [Times: user=0.00 sys=0.00, real=0.00 secs] 
100.511: Total time for which application threads were stopped: 0.0011160 seconds, Stopping threads took: 0.0000640 seconds
100.555: Application time: 0.0439020 seconds
100.555: [GC [PSYoungGen: 21021K->1920K(21504K)] 48498K->29405K(69120K), 0.0008140 secs] [Times: user=0.01 sys=0.00, real=0.00 secs] 
100.556: Total time for which application threads were stopped: 0.0009530 seconds, Stopping threads took: 0.0000730 seconds
100.599: Application time: 0.0431140 seconds
100.599: [GC [PSYoungGen: 20526K->2496K(21504K)] 48012K->30501K(69120K), 0.0011280 secs] [Times: user=0.01 sys=0.00, real=0.00 secs] 
100.600: Total time for which application threads were stopped: 0.0012800 seconds, Stopping threads took: 0.0000790 seconds
100.645: Application time: 0.0444360 seconds
100.645: [GC [PSYoungGen: 21191K->2464K(21504K)] 49197K->30477K(69120K), 0.0009250 secs] [Times: user=0.01 sys=0.00, real=0.00 secs] 
100.646: Total time for which application threads were stopped: 0.0010720 seconds, Stopping threads took: 0.0000770 seconds
100.692: Application time: 0.0458370 seconds
100.692: [GC [PSYoungGen: 21007K->1376K(21504K)] 49020K->29397K(69120K), 0.0026470 secs] [Times: user=0.02 sys=0.00, real=0.00 secs] 
100.695: Total time for which application threads were stopped: 0.0028040 seconds, Stopping threads took: 0.0000700 seconds
100.738: Application time: 0.0434580 seconds
100.738: [GC [PSYoungGen: 19982K->2480K(21504K)] 48004K->30501K(69120K), 0.0009400 secs] [Times: user=0.00 sys=0.00, real=0.00 secs] 
100.739: Total time for which application threads were stopped: 0.0010740 seconds, Stopping threads took: 0.0000660 seconds
100.785: Application time: 0.0456330 seconds
100.785: [GC [PSYoungGen: 21025K->880K(21504K)] 49046K->28909K(69120K), 0.0005340 secs] [Times: user=0.00 sys=0.00, real=0.00 secs] 
100.785: Total time for which application threads were stopped: 0.0006640 seconds, Stopping threads took: 0.0000640 seconds
100.829: Application time: 0.0433000 seconds
100.829: [GC [PSYoungGen: 19404K->2512K(21504K)] 47433K->30541K(69120K), 0.0009990 secs] [Times: user=0.00 sys=0.00, real=0.00 secs] 
100.830: Total time for which application threads were stopped: 0.0011420 seconds, Stopping threads took: 0.0000710 seconds
100.874: Application time: 0.0439840 seconds
100.874: [GC [PSYoungGen: 21127K->2480K(21504K)] 49156K->30509K(69120K), 0.0009450 secs] [Times: user=0.00 sys=0.00, real=0.00 secs] 
100.875: Total time for which application threads were stopped: 0.0010830 seconds, Stopping threads took: 0.0000700 seconds
100.919: Application time: 0.0444150 seconds
100.919: [GC [PSYoungGen: 21021K->1952K(21504K)] 49050K->29989K(69120K), 0.0008050 secs] [Times: user=0.00 sys=0.00, real=0.00 secs] 
100.920: Total time for which application threads were stopped: 0.0009450 seconds, Stopping threads took: 0.0000740 seconds
100.965: Application time: 0.0444830 seconds
100.965: [GC [PSYoungGen: 20569K->1936K(21504K)] 48606K->29973K(69120K), 0.0007990 secs] [Times: user=0.01 sys=0.00, real=0.00 secs] 
100.966: Total time for which application threads were stopped: 0.0009270 seconds, Stopping threads took: 0.0000590 seconds
101.009: Application time: 0.0435410 seconds
101.009: [GC [PSYoungGen: 20468K->2496K(21504K)] 48506K->30541K(69120K), 0.0009430 secs] [Times: user=0.01 sys=0.00, real=0.00 secs] 
101.010: Total time for which application threads were stopped: 0.0010790 seconds, Stopping threads took: 0.0000650 seconds
101.055: Application time: 0.0451410 seconds
101.056: [GC [PSYoungGen: 21113K->1920K(21504K)] 49158K->29965K(69120K), 0.0008420 secs] [Times: user=0.01 sys=0.00, real=0.01 secs] 
101.057: Total time for which application threads were stopped: 0.0017090 seconds, Stopping threads took: 0.0000700 seconds
101.099: Application time: 0.0423630 seconds
101.100: [GC [PSYoungGen: 20444K->2496K(21504K)] 48490K->31573K(69120K), 0.0012810 secs] [Times: user=0.01 sys=0.00, real=0.00 secs] 
101.101: Total time for which application threads were stopped: 0.0014480 seconds, Stopping threads took: 0.0000860 seconds
101.149: Application time: 0.0483300 seconds
101.149: [GC [PSYoungGen: 21043K->1408K(21504K)] 50120K->30485K(69120K), 0.0006640 secs] [Times: user=0.01 sys=0.00, real=0.00 secs] 
101.150: Total time for which application threads were stopped: 0.0007950 seconds, Stopping threads took: 0.0000670 seconds
101.192: Application time: 0.0419150 seconds
101.192: [GC [PSYoungGen: 20008K->2432K(21504K)] 49086K->32541K(69120K), 0.0011880 secs] [Times: user=0.01 sys=0.00, real=0.00 secs] 
101.193: Total time for which application threads were stopped: 0.0013500 seconds, Stopping threads took: 0.0000820 seconds
101.240: Application time: 0.0469490 seconds
101.240: [GC [PSYoungGen: 21057K->1392K(21504K)] 51167K->31501K(69120K), 0.0006710 secs] [Times: user=0.00 sys=0.00, real=0.00 secs] 
101.241: Total time for which application threads were stopped: 0.0008020 seconds, Stopping threads took: 0.0000650 seconds
101.283: Application time: 0.0417090 seconds
101.283: [GC [PSYoungGen: 19992K->2496K(21504K)] 50102K->33637K(69120K), 0.0012700 secs] [Times: user=0.01 sys=0.00, real=0.01 secs] 
101.284: Total time for which application threads were stopped: 0.0014230 seconds, Stopping threads took: 0.0000760 seconds
101.331: Application time: 0.0464730 seconds
101.331: [GC [PSYoungGen: 21117K->1952K(21504K)] 52259K->33101K(69120K), 0.0008060 secs] [Times: user=0.00 sys=0.00, real=0.00 secs] 
101.332: Total time for which application threads were stopped: 0.0009380 seconds, Stopping threads took: 0.0000660 seconds
101.375: Application time: 0.0431750 seconds
101.375: [GC [PSYoungGen: 20554K->2496K(21504K)] 51704K->34669K(69120K), 0.0012520 secs] [Times: user=0.01 sys=0.00, real=0.01 secs] 
101.376: Total time for which application threads were stopped: 0.0014010 seconds, Stopping threads took: 0.0000740 seconds
101.422: Application time: 0.0455110 seconds
101.422: [GC [PSYoungGen: 21041K->1952K(21504K)] 53214K->34133K(69120K), 0.0008140 secs] [Times: user=0.01 sys=0.00, real=0.00 secs] 
101.423: Total time for which application threads were stopped: 0.0009640 seconds, Stopping threads took: 0.0000820 seconds
101.467: Application time: 0.0445050 seconds
101.467: [GC [PSYoungGen: 20484K->2496K(21504K)] 52666K->34677K(69120K), 0.0010590 secs] [Times: user=0.00 sys=0.00, real=0.00 secs] 
101.468: Total time for which application threads were stopped: 0.0012020 seconds, Stopping threads took: 0.0000740 seconds
101.512: Application time: 0.0436430 seconds
101.512: [GC [PSYoungGen: 21111K->2496K(21504K)] 53292K->34677K(69120K), 0.0009490 secs] [Times: user=0.01 sys=0.00, real=0.00 secs] 
101.513: Total time for which application threads were stopped: 0.0011790 seconds, Stopping threads took: 0.0001620 seconds
101.559: Application time: 0.0455410 seconds
101.559: [GC [PSYoungGen: 21037K->1952K(21504K)] 53218K->34141K(69120K), 0.0007920 secs] [Times: user=0.01 sys=0.00, real=0.00 secs] 
101.560: Total time for which application threads were stopped: 0.0009360 seconds, Stopping threads took: 0.0000710 seconds
101.604: Application time: 0.0446190 seconds
101.604: [GC [PSYoungGen: 20488K->1936K(21504K)] 52678K->34125K(69120K), 0.0008400 secs] [Times: user=0.01 sys=0.00, real=0.00 secs] 
101.605: Total time for which application threads were stopped: 0.0010070 seconds, Stopping threads took: 0.0000980 seconds
101.650: Application time: 0.0447980 seconds
101.650: [GC [PSYoungGen: 20551K->1936K(21504K)] 52740K->34133K(69120K), 0.0009160 secs] [Times: user=0.01 sys=0.00, real=0.00 secs] 
101.651: Total time for which application threads were stopped: 0.0010440 seconds, Stopping threads took: 0.0000620 seconds
101.695: Application time: 0.0439310 seconds
101.695: [GC [PSYoungGen: 20543K->2496K(21504K)] 52740K->35205K(69120K), 0.0011560 secs] [Times: user=0.01 sys=0.00, real=0.01 secs] 
101.696: Total time for which application threads were stopped: 0.0013150 seconds, Stopping threads took: 0.0000780 seconds
101.741: Application time: 0.0449770 seconds
101.742: [GC [PSYoungGen: 21035K->2432K(21504K)] 53744K->35149K(69120K), 0.0009790 secs] [Times: user=0.00 sys=0.00, real=0.00 secs] 
101.743: Total time for which application threads were stopped: 0.0011160 seconds, Stopping threads took: 0.0000680 seconds
101.787: Application time: 0.0443940 seconds
101.787: [GC [PSYoungGen: 20969K->1952K(21504K)] 53686K->34669K(69120K), 0.0008410 secs] [Times: user=0.00 sys=0.00, real=0.00 secs] 
101.788: Total time for which application threads were stopped: 0.0011080 seconds, Stopping threads took: 0.0001880 seconds
101.832: Application time: 0.0442840 seconds
101.832: [GC [PSYoungGen: 20484K->2496K(21504K)] 53202K->35213K(69120K), 0.0009580 secs] [Times: user=0.00 sys=0.00, real=0.00 secs] 
101.833: Total time for which application threads were stopped: 0.0011060 seconds, Stopping threads took: 0.0000820 seconds
101.879: Application time: 0.0455230 seconds
101.879: [GC [PSYoungGen: 21115K->1952K(21504K)] 53832K->34677K(69120K), 0.0008340 secs] [Times: user=0.01 sys=0.00, real=0.00 secs] 
101.880: Total time for which application threads were stopped: 0.0009700 seconds, Stopping threads took: 0.0000680 seconds
101.924: Application time: 0.0435820 seconds
101.924: [GC [PSYoungGen: 20641K->2480K(21504K)] 53367K->35213K(69120K), 0.0009540 secs] [Times: user=0.00 sys=0.00, real=0.01 secs] 
101.925: Total time for which application threads were stopped: 0.0011130 seconds, Stopping threads took: 0.0000830 seconds
101.968: Application time: 0.0432400 seconds
101.968: [GC [PSYoungGen: 21095K->2448K(21504K)] 53828K->35189K(69120K), 0.0010190 secs] [Times: user=0.00 sys=0.00, real=0.00 secs] 
101.969: Total time for which application threads were stopped: 0.0011740 seconds, Stopping threads took: 0.0000860 seconds
102.014: Application time: 0.0453610 seconds
102.015: [GC [PSYoungGen: 21067K->1936K(21504K)] 53808K->34685K(69120K), 0.0008050 secs] [Times: user=0.00 sys=0.00, real=0.00 secs] 
102.015: Total time for which application threads were stopped: 0.0009390 seconds, Stopping threads took: 0.0000690 seconds
102.060: Application time: 0.0451020 seconds
102.061: [GC [PSYoungGen: 20472K->1952K(21504K)] 53222K->34709K(69120K), 0.0008180 secs] [Times: user=0.01 sys=0.00, real=0.00 secs] 
102.061: Total time for which application threads were stopped: 0.0009790 seconds, Stopping threads took: 0.0000940 seconds
102.105: Application time: 0.0438460 seconds
102.105: [GC [PSYoungGen: 20484K->2496K(21504K)] 53242K->35253K(69120K), 0.0009980 secs] [Times: user=0.01 sys=0.00, real=0.00 secs] 
102.106: Total time for which application threads were stopped: 0.0011320 seconds, Stopping threads took: 0.0000610 seconds
102.152: Application time: 0.0457430 seconds
102.152: [GC [PSYoungGen: 21117K->1408K(21504K)] 53874K->34165K(69120K), 0.0006390 secs] [Times: user=0.00 sys=0.00, real=0.00 secs] 
102.153: Total time for which application threads were stopped: 0.0007790 seconds, Stopping threads took: 0.0000790 seconds
102.196: Application time: 0.0426060 seconds
102.196: [GC [PSYoungGen: 19936K->2496K(21504K)] 52694K->35261K(69120K), 0.0009490 secs] [Times: user=0.01 sys=0.00, real=0.01 secs] 
102.197: Total time for which application threads were stopped: 0.0010860 seconds, Stopping threads took: 0.0000690 seconds
102.243: Application time: 0.0462120 seconds
102.243: [GC [PSYoungGen: 21041K->864K(21504K)] 53806K->33629K(69120K), 0.0005280 secs] [Times: user=0.00 sys=0.00, real=0.00 secs] 
102.243: Total time for which application threads were stopped: 0.0006510 seconds, Stopping threads took: 0.0000560 seconds
102.285: Application time: 0.0418380 seconds
102.285: [GC [PSYoungGen: 19462K->2480K(21504K)] 52228K->35757K(69120K), 0.0011210 secs] [Times: user=0.00 sys=0.00, real=0.00 secs] 
102.287: Total time for which application threads were stopped: 0.0012730 seconds, Stopping threads took: 0.0000750 seconds
102.333: Application time: 0.0466970 seconds
102.333: [GC [PSYoungGen: 21105K->864K(21504K)] 54383K->34149K(69120K), 0.0005590 secs] [Times: user=0.00 sys=0.00, real=0.00 secs] 
102.334: Total time for which application threads were stopped: 0.0007190 seconds, Stopping threads took: 0.0000840 seconds
102.376: Application time: 0.0421370 seconds
102.376: [GC [PSYoungGen: 19384K->2448K(21504K)] 52669K->36253K(69120K), 0.0011820 secs] [Times: user=0.00 sys=0.00, real=0.00 secs] 
102.378: Total time for which application threads were stopped: 0.0013310 seconds, Stopping threads took: 0.0000750 seconds
102.425: Application time: 0.0478890 seconds
102.425: [GC [PSYoungGen: 20995K->896K(21504K)] 54800K->34701K(69120K), 0.0005640 secs] [Times: user=0.01 sys=0.00, real=0.00 secs] 
102.426: Total time for which application threads were stopped: 0.0006930 seconds, Stopping threads took: 0.0000640 seconds
102.466: Application time: 0.0403610 seconds
102.467: [GC [PSYoungGen: 19416K->2480K(21504K)] 53221K->36797K(69120K), 0.0011370 secs] [Times: user=0.00 sys=0.00, real=0.00 secs] 
102.468: Total time for which application threads were stopped: 0.0012830 seconds, Stopping threads took: 0.0000740 seconds
102.516: Application time: 0.0479040 seconds
102.516: [GC [PSYoungGen: 21103K->864K(21504K)] 55421K->35181K(69120K), 0.0005340 secs] [Times: user=0.00 sys=0.00, real=0.01 secs] 
102.516: Total time for which application threads were stopped: 0.0006740 seconds, Stopping threads took: 0.0000730 seconds
102.558: Application time: 0.0414730 seconds
102.558: [GC [PSYoungGen: 19549K->2496K(21504K)] 53866K->36821K(69120K), 0.0009460 secs] [Times: user=0.01 sys=0.00, real=0.00 secs] 
102.559: Total time for which application threads were stopped: 0.0010770 seconds, Stopping threads took: 0.0000600 seconds
102.605: Application time: 0.0465370 seconds
102.606: [GC [PSYoungGen: 21117K->1408K(21504K)] 55443K->35741K(69120K), 0.0006770 secs] [Times: user=0.00 sys=0.00, real=0.00 secs] 
102.606: Total time for which application threads were stopped: 0.0008070 seconds, Stopping threads took: 0.0000590 seconds
102.649: Application time: 0.0426990 seconds
102.649: [GC [PSYoungGen: 19936K->2464K(21504K)] 54270K->36805K(69120K), 0.0009710 secs] [Times: user=0.00 sys=0.00, real=0.00 secs] 
102.650: Total time for which application threads were stopped: 0.0011200 seconds, Stopping threads took: 0.0000760 seconds
102.696: Application time: 0.0464340 seconds
102.697: [GC [PSYoungGen: 21077K->1920K(21504K)] 55418K->36269K(69120K), 0.0007870 secs] [Times: user=0.00 sys=0.00, real=0.00 secs] 
102.697: Total time for which application threads were stopped: 0.0009380 seconds, Stopping threads took: 0.0000770 seconds
102.741: Application time: 0.0436930 seconds
102.741: [GC [PSYoungGen: 20456K->2480K(21504K)] 54806K->36829K(69120K), 0.0009380 secs] [Times: user=0.01 sys=0.00, real=0.00 secs] 
102.742: Total time for which application threads were stopped: 0.0010760 seconds, Stopping threads took: 0.0000690 seconds
102.787: Application time: 0.0445580 seconds
102.787: [GC [PSYoungGen: 21019K->1920K(21504K)] 55368K->36269K(69120K), 0.0008650 secs] [Times: user=0.01 sys=0.00, real=0.00 secs] 
102.788: Total time for which application threads were stopped: 0.0010150 seconds, Stopping threads took: 0.0000720 seconds
102.831: Application time: 0.0434010 seconds
102.831: [GC [PSYoungGen: 20531K->2528K(21504K)] 54880K->36885K(69120K), 0.0009760 secs] [Times: user=0.01 sys=0.00, real=0.00 secs] 
102.832: Total time for which application threads were stopped: 0.0011140 seconds, Stopping threads took: 0.0000690 seconds
102.877: Application time: 0.0446580 seconds
102.877: [GC [PSYoungGen: 21067K->1952K(21504K)] 55424K->36309K(69120K), 0.0008200 secs] [Times: user=0.01 sys=0.00, real=0.00 secs] 
102.878: Total time for which application threads were stopped: 0.0009670 seconds, Stopping threads took: 0.0000770 seconds
102.922: Application time: 0.0440430 seconds
102.922: [GC [PSYoungGen: 20563K->2464K(21504K)] 54920K->36821K(69120K), 0.0009610 secs] [Times: user=0.01 sys=0.00, real=0.00 secs] 
102.923: Total time for which application threads were stopped: 0.0011060 seconds, Stopping threads took: 0.0000750 seconds
102.968: Application time: 0.0446690 seconds
102.968: [GC [PSYoungGen: 21081K->1968K(21504K)] 55439K->36333K(69120K), 0.0008340 secs] [Times: user=0.01 sys=0.00, real=0.00 secs] 
102.969: Total time for which application threads were stopped: 0.0009870 seconds, Stopping threads took: 0.0000860 seconds
103.013: Application time: 0.0439770 seconds
103.013: [GC [PSYoungGen: 20494K->2432K(21504K)] 54860K->37829K(69120K), 0.0013370 secs] [Times: user=0.01 sys=0.00, real=0.00 secs] 
103.014: Total time for which application threads were stopped: 0.0014760 seconds, Stopping threads took: 0.0000690 seconds
103.060: Application time: 0.0462000 seconds
103.061: [GC [PSYoungGen: 20977K->1936K(21504K)] 56375K->37333K(69120K), 0.0007970 secs] [Times: user=0.00 sys=0.00, real=0.00 secs] 
103.061: Total time for which application threads were stopped: 0.0009510 seconds, Stopping threads took: 0.0000880 seconds
103.104: Application time: 0.0423730 seconds
103.104: [GC [PSYoungGen: 20468K->2448K(21504K)] 55866K->37845K(69120K), 0.0009870 secs] [Times: user=0.01 sys=0.00, real=0.01 secs] 
103.105: Total time for which application threads were stopped: 0.0012480 seconds, Stopping threads took: 0.0001940 seconds
103.152: Application time: 0.0468070 seconds
103.152: [GC [PSYoungGen: 21067K->1888K(21504K)] 56465K->37285K(69120K), 0.0008250 secs] [Times: user=0.01 sys=0.00, real=0.00 secs] 
103.153: Total time for which application threads were stopped: 0.0009660 seconds, Stopping threads took: 0.0000730 seconds
103.197: Application time: 0.0441730 seconds
103.197: [GC [PSYoungGen: 20505K->1376K(21504K)] 55902K->36781K(69120K), 0.0006560 secs] [Times: user=0.00 sys=0.00, real=0.00 secs] 
103.198: Total time for which application threads were stopped: 0.0008840 seconds, Stopping threads took: 0.0001630 seconds
103.241: Application time: 0.0427090 seconds
103.241: [GC [PSYoungGen: 20057K->2512K(21504K)] 55462K->38437K(69120K), 0.0011340 secs] [Times: user=0.01 sys=0.00, real=0.00 secs] 
103.242: Total time for which application threads were stopped: 0.0012800 seconds, Stopping threads took: 0.0000730 seconds
103.289: Application time: 0.0469710 seconds
103.289: [GC [PSYoungGen: 21057K->1424K(21504K)] 56982K->37365K(69120K), 0.0006690 secs] [Times: user=0.00 sys=0.00, real=0.00 secs] 
103.290: Total time for which application threads were stopped: 0.0008160 seconds, Stopping threads took: 0.0000710 seconds
103.330: Application time: 0.0408410 seconds
103.331: [GC [PSYoungGen: 20024K->2496K(21504K)] 55966K->39461K(69120K), 0.0012900 secs] [Times: user=0.01 sys=0.00, real=0.00 secs] 
103.332: Total time for which application threads were stopped: 0.0014410 seconds, Stopping threads took: 0.0000760 seconds
103.380: Application time: 0.0481100 seconds
103.380: [GC [PSYoungGen: 21043K->1408K(21504K)] 58009K->38381K(69120K), 0.0006780 secs] [Times: user=0.01 sys=0.00, real=0.00 secs] 
103.381: Total time for which application threads were stopped: 0.0008170 seconds, Stopping threads took: 0.0000740 seconds
103.423: Application time: 0.0423910 seconds
103.423: [GC [PSYoungGen: 19932K->2480K(21504K)] 56906K->39965K(69120K), 0.0011510 secs] [Times: user=0.01 sys=0.00, real=0.01 secs] 
103.425: Total time for which application threads were stopped: 0.0013120 seconds, Stopping threads took: 0.0000870 seconds
103.470: Application time: 0.0454450 seconds
103.470: [GC [PSYoungGen: 21101K->1936K(21504K)] 58587K->39421K(69120K), 0.0008020 secs] [Times: user=0.01 sys=0.00, real=0.00 secs] 
103.471: Total time for which application threads were stopped: 0.0009340 seconds, Stopping threads took: 0.0000690 seconds
103.515: Application time: 0.0439300 seconds
103.515: [GC [PSYoungGen: 20468K->2496K(21504K)] 57954K->39989K(69120K), 0.0009310 secs] [Times: user=0.01 sys=0.00, real=0.00 secs] 
103.516: Total time for which application threads were stopped: 0.0010630 seconds, Stopping threads took: 0.0000660 seconds
103.560: Application time: 0.0442040 seconds
103.560: [GC [PSYoungGen: 21111K->2496K(21504K)] 58604K->39989K(69120K), 0.0009940 secs] [Times: user=0.01 sys=0.00, real=0.00 secs] 
103.561: Total time for which application threads were stopped: 0.0011640 seconds, Stopping threads took: 0.0000890 seconds
103.607: Application time: 0.0460660 seconds
103.607: [GC [PSYoungGen: 21121K->368K(21504K)] 58615K->37869K(69120K), 0.0004670 secs] [Times: user=0.01 sys=0.00, real=0.00 secs] 
103.608: Total time for which application threads were stopped: 0.0005880 seconds, Stopping threads took: 0.0000620 seconds
103.651: Application time: 0.0427260 seconds
103.651: [GC [PSYoungGen: 18888K->2464K(21504K)] 56390K->39973K(69120K), 0.0009680 secs] [Times: user=0.00 sys=0.00, real=0.00 secs] 
103.652: Total time for which application threads were stopped: 0.0011190 seconds, Stopping threads took: 0.0000780 seconds
103.699: Application time: 0.0472560 seconds
103.699: [GC [PSYoungGen: 21011K->352K(21504K)] 58520K->37861K(69120K), 0.0004210 secs] [Times: user=0.00 sys=0.00, real=0.00 secs] 
103.700: Total time for which application threads were stopped: 0.0005430 seconds, Stopping threads took: 0.0000640 seconds
103.741: Application time: 0.0418640 seconds
103.742: [GC [PSYoungGen: 18872K->2480K(21504K)] 56382K->39989K(69120K), 0.0009810 secs] [Times: user=0.00 sys=0.00, real=0.00 secs] 
103.743: Total time for which application threads were stopped: 0.0011300 seconds, Stopping threads took: 0.0000770 seconds
103.787: Application time: 0.0448780 seconds
103.788: [GC [PSYoungGen: 21023K->1408K(21504K)] 58532K->38917K(69120K), 0.0006810 secs] [Times: user=0.00 sys=0.00, real=0.00 secs] 
103.788: Total time for which application threads were stopped: 0.0008100 seconds, Stopping threads took: 0.0000660 seconds
103.832: Application time: 0.0437200 seconds
103.832: [GC [PSYoungGen: 20012K->2480K(21504K)] 57522K->40509K(69120K), 0.0011010 secs] [Times: user=0.01 sys=0.00, real=0.00 secs] 
103.833: Total time for which application threads were stopped: 0.0012650 seconds, Stopping threads took: 0.0000820 seconds
103.881: Application time: 0.0476010 seconds
103.881: [GC [PSYoungGen: 21262K->896K(21504K)] 59291K->38933K(69120K), 0.0005410 secs] [Times: user=0.00 sys=0.00, real=0.00 secs] 
103.882: Total time for which application threads were stopped: 0.0006740 seconds, Stopping threads took: 0.0000680 seconds
103.923: Application time: 0.0416690 seconds
103.923: [GC [PSYoungGen: 19416K->2528K(21504K)] 57454K->41085K(69120K), 0.0011530 secs] [Times: user=0.00 sys=0.00, real=0.01 secs] 
103.924: Total time for which application threads were stopped: 0.0012920 seconds, Stopping threads took: 0.0000650 seconds
103.970: Application time: 0.0456850 seconds
103.970: [GC [PSYoungGen: 21151K->1424K(21504K)] 59709K->39981K(69120K), 0.0006950 secs] [Times: user=0.00 sys=0.00, real=0.00 secs] 
103.971: Total time for which application threads were stopped: 0.0008200 seconds, Stopping threads took: 0.0000560 seconds
104.015: Application time: 0.0437150 seconds
104.015: [GC [PSYoungGen: 19956K->1936K(21504K)] 58514K->40501K(69120K), 0.0008040 secs] [Times: user=0.00 sys=0.00, real=0.00 secs] 
104.016: Total time for which application threads were stopped: 0.0009330 seconds, Stopping threads took: 0.0000610 seconds
104.059: Application time: 0.0431600 seconds
104.059: [GC [PSYoungGen: 20468K->2448K(21504K)] 59034K->41013K(69120K), 0.0009750 secs] [Times: user=0.01 sys=0.00, real=0.00 secs] 
104.060: Total time for which application threads were stopped: 0.0011200 seconds, Stopping threads took: 0.0000720 seconds
104.105: Application time: 0.0451400 seconds
104.105: [GC [PSYoungGen: 21069K->1472K(21504K)] 59635K->40037K(69120K), 0.0007260 secs] [Times: user=0.00 sys=0.00, real=0.00 secs] 
104.106: Total time for which application threads were stopped: 0.0008560 seconds, Stopping threads took: 0.0000560 seconds
104.148: Application time: 0.0423010 seconds
104.148: [GC [PSYoungGen: 20000K->2496K(21504K)] 58566K->41069K(69120K), 0.0009540 secs] [Times: user=0.00 sys=0.00, real=0.00 secs] 
104.149: Total time for which application threads were stopped: 0.0011690 seconds, Stopping threads took: 0.0001450 seconds
104.194: Application time: 0.0450350 seconds
104.195: [GC [PSYoungGen: 21039K->1424K(21504K)] 59612K->39997K(69120K), 0.0006950 secs] [Times: user=0.00 sys=0.00, real=0.00 secs] 
104.195: Total time for which application threads were stopped: 0.0008190 seconds, Stopping threads took: 0.0000550 seconds
104.237: Application time: 0.0412980 seconds
104.237: [GC [PSYoungGen: 20107K->2496K(21504K)] 58680K->41589K(69120K), 0.0011220 secs] [Times: user=0.01 sys=0.00, real=0.00 secs] 
104.238: Total time for which application threads were stopped: 0.0012660 seconds, Stopping threads took: 0.0000710 seconds
104.287: Application time: 0.0487750 seconds
104.287: [GC [PSYoungGen: 21035K->1936K(21504K)] 60128K->41037K(69120K), 0.0008050 secs] [Times: user=0.00 sys=0.00, real=0.00 secs] 
104.288: Total time for which application threads were stopped: 0.0009480 seconds, Stopping threads took: 0.0000710 seconds
104.332: Application time: 0.0439680 seconds
104.332: [GC [PSYoungGen: 20466K->2480K(21504K)] 59568K->41581K(69120K), 0.0009920 secs] [Times: user=0.00 sys=0.00, real=0.00 secs] 
104.333: Total time for which application threads were stopped: 0.0011400 seconds, Stopping threads took: 0.0000770 seconds
104.377: Application time: 0.0440080 seconds
104.377: [GC [PSYoungGen: 21017K->2432K(21504K)] 60118K->41533K(69120K), 0.0010250 secs] [Times: user=0.01 sys=0.00, real=0.00 secs] 
104.378: Total time for which application threads were stopped: 0.0011810 seconds, Stopping threads took: 0.0000740 seconds
104.422: Application time: 0.0440790 seconds
104.422: [GC [PSYoungGen: 20973K->1920K(21504K)] 60074K->41021K(69120K), 0.0008840 secs] [Times: user=0.00 sys=0.00, real=0.00 secs] 
104.423: Total time for which application threads were stopped: 0.0010260 seconds, Stopping threads took: 0.0000710 seconds
104.467: Application time: 0.0436650 seconds
104.467: [GC [PSYoungGen: 20537K->1920K(21504K)] 59638K->41021K(69120K), 0.0007860 secs] [Times: user=0.01 sys=0.00, real=0.00 secs] 
104.468: Total time for which application threads were stopped: 0.0009260 seconds, Stopping threads took: 0.0000710 seconds
104.511: Application time: 0.0433890 seconds
104.511: [GC [PSYoungGen: 20683K->2480K(21504K)] 59785K->42101K(69120K), 0.0011900 secs] [Times: user=0.01 sys=0.01, real=0.00 secs] 
104.512: Total time for which application threads were stopped: 0.0013340 seconds, Stopping threads took: 0.0000720 seconds
104.557: Application time: 0.0449410 seconds
104.557: [GC [PSYoungGen: 21023K->1904K(21504K)] 60644K->41533K(69120K), 0.0008610 secs] [Times: user=0.00 sys=0.00, real=0.00 secs] 
104.558: Total time for which application threads were stopped: 0.0010100 seconds, Stopping threads took: 0.0000760 seconds
104.601: Application time: 0.0430600 seconds
104.601: [GC [PSYoungGen: 20432K->2512K(21504K)] 60062K->42653K(69120K), 0.0011300 secs] [Times: user=0.01 sys=0.00, real=0.00 secs] 
104.603: Total time for which application threads were stopped: 0.0012730 seconds, Stopping threads took: 0.0000700 seconds
104.648: Application time: 0.0451170 seconds
104.648: [GC [PSYoungGen: 21131K->1920K(21504K)] 61273K->42069K(69120K), 0.0008090 secs] [Times: user=0.01 sys=0.00, real=0.00 secs] 
104.649: Total time for which application threads were stopped: 0.0009540 seconds, Stopping threads took: 0.0000750 seconds
104.694: Application time: 0.0449770 seconds
104.694: [GC [PSYoungGen: 20456K->1936K(21504K)] 60606K->42085K(69120K), 0.0008580 secs] [Times: user=0.01 sys=0.00, real=0.00 secs] 
104.695: Total time for which application threads were stopped: 0.0012790 seconds, Stopping threads took: 0.0003500 seconds
104.738: Application time: 0.0432600 seconds
104.738: [GC [PSYoungGen: 20549K->2480K(21504K)] 60698K->42629K(69120K), 0.0009870 secs] [Times: user=0.00 sys=0.00, real=0.00 secs] 
104.739: Total time for which application threads were stopped: 0.0011560 seconds, Stopping threads took: 0.0000990 seconds
104.784: Application time: 0.0442330 seconds
104.784: [GC [PSYoungGen: 21016K->2480K(21504K)] 61166K->42637K(69120K), 0.0009790 secs] [Times: user=0.00 sys=0.00, real=0.01 secs] 
104.785: Total time for which application threads were stopped: 0.0011350 seconds, Stopping threads took: 0.0000850 seconds
104.829: Application time: 0.0442190 seconds
104.829: [GC [PSYoungGen: 21021K->1936K(21504K)] 61178K->42093K(69120K), 0.0008320 secs] [Times: user=0.00 sys=0.00, real=0.00 secs] 
104.830: Total time for which application threads were stopped: 0.0009710 seconds, Stopping threads took: 0.0000720 seconds
104.873: Application time: 0.0433960 seconds
104.873: [GC [PSYoungGen: 20627K->2464K(21504K)] 60785K->42621K(69120K), 0.0010620 secs] [Times: user=0.00 sys=0.00, real=0.00 secs] 
104.874: Total time for which application threads were stopped: 0.0011950 seconds, Stopping threads took: 0.0000610 seconds
104.919: Application time: 0.0441790 seconds
104.919: [GC [PSYoungGen: 21005K->1952K(21504K)] 61162K->42117K(69120K), 0.0008420 secs] [Times: user=0.01 sys=0.00, real=0.00 secs] 
104.920: Total time for which application threads were stopped: 0.0009820 seconds, Stopping threads took: 0.0000610 seconds
104.963: Application time: 0.0437070 seconds
104.963: [GC [PSYoungGen: 20480K->2528K(21504K)] 60646K->43205K(69120K), 0.0011340 secs] [Times: user=0.01 sys=0.00, real=0.01 secs] 
104.965: Total time for which application threads were stopped: 0.0012810 seconds, Stopping threads took: 0.0000760 seconds
105.010: Application time: 0.0448820 seconds
105.010: [GC [PSYoungGen: 21069K->1936K(21504K)] 61746K->42613K(69120K), 0.0008310 secs] [Times: user=0.00 sys=0.00, real=0.00 secs] 
105.010: Total time for which application threads were stopped: 0.0009670 seconds, Stopping threads took: 0.0000650 seconds
105.056: Application time: 0.0451960 seconds
105.056: [GC [PSYoungGen: 20474K->1392K(21504K)] 61152K->42069K(69120K), 0.0006850 secs] [Times: user=0.00 sys=0.00, real=0.01 secs] 
105.057: Total time for which application threads were stopped: 0.0008120 seconds, Stopping threads took: 0.0000650 seconds
105.099: Application time: 0.0429590 seconds
105.100: [GC [PSYoungGen: 19920K->2448K(21504K)] 60598K->43125K(69120K), 0.0009840 secs] [Times: user=0.01 sys=0.00, real=0.00 secs] 
105.101: Total time for which application threads were stopped: 0.0011310 seconds, Stopping threads took: 0.0000770 seconds
105.146: Application time: 0.0449700 seconds
105.146: [GC [PSYoungGen: 21228K->880K(21504K)] 61905K->41565K(69120K), 0.0005530 secs] [Times: user=0.00 sys=0.00, real=0.00 secs] 
105.146: Total time for which application threads were stopped: 0.0006810 seconds, Stopping threads took: 0.0000650 seconds
105.188: Application time: 0.0420370 seconds
105.188: [GC [PSYoungGen: 19484K->2480K(21504K)] 60170K->43173K(69120K), 0.0009600 secs] [Times: user=0.00 sys=0.00, real=0.00 secs] 
105.189: Total time for which application threads were stopped: 0.0011080 seconds, Stopping threads took: 0.0000750 seconds
105.236: Application time: 0.0461220 seconds
105.236: [GC [PSYoungGen: 21023K->1424K(21504K)] 61716K->42117K(69120K), 0.0007260 secs] [Times: user=0.00 sys=0.00, real=0.01 secs] 
105.236: Total time for which application threads were stopped: 0.0008660 seconds, Stopping threads took: 0.0000730 seconds
105.278: Application time: 0.0415520 seconds
105.278: [GC [PSYoungGen: 20026K->2480K(21504K)] 60720K->43685K(69120K), 0.0011180 secs] [Times: user=0.00 sys=0.00, real=0.00 secs] 
105.279: Total time for which application threads were stopped: 0.0012510 seconds, Stopping threads took: 0.0000610 seconds
105.327: Application time: 0.0476970 seconds
105.327: [GC [PSYoungGen: 21027K->944K(21504K)] 62233K->42157K(69120K), 0.0006090 secs] [Times: user=0.00 sys=0.00, real=0.00 secs] 
105.328: Total time for which application threads were stopped: 0.0007470 seconds, Stopping threads took: 0.0000690 seconds
105.368: Application time: 0.0405690 seconds
105.368: [GC [PSYoungGen: 19542K->2528K(21504K)] 60756K->44253K(69120K), 0.0011400 secs] [Times: user=0.01 sys=0.00, real=0.00 secs] 
105.369: Total time for which application threads were stopped: 0.0012820 seconds, Stopping threads took: 0.0000680 seconds
105.416: Application time: 0.0462850 seconds
105.416: [GC [PSYoungGen: 21071K->1936K(21504K)] 62797K->43669K(69120K), 0.0008800 secs] [Times: user=0.00 sys=0.00, real=0.01 secs] 
105.417: Total time for which application threads were stopped: 0.0010190 seconds, Stopping threads took: 0.0000690 seconds
105.463: Application time: 0.0460700 seconds
105.463: [GC [PSYoungGen: 20470K->1984K(21504K)] 62204K->43717K(69120K), 0.0008250 secs] [Times: user=0.00 sys=0.00, real=0.00 secs] 
105.464: Total time for which application threads were stopped: 0.0009680 seconds, Stopping threads took: 0.0000650 seconds
105.506: Application time: 0.0423340 seconds
105.506: [GC [PSYoungGen: 20669K->2512K(21504K)] 62403K->44757K(69120K), 0.0011270 secs] [Times: user=0.01 sys=0.00, real=0.00 secs] 
105.507: Total time for which application threads were stopped: 0.0013170 seconds, Stopping threads took: 0.0001160 seconds
105.554: Application time: 0.0468360 seconds
105.554: [GC [PSYoungGen: 21055K->1952K(21504K)] 63301K->44205K(69120K), 0.0008270 secs] [Times: user=0.01 sys=0.00, real=0.00 secs] 
105.555: Total time for which application threads were stopped: 0.0009770 seconds, Stopping threads took: 0.0000790 seconds
105.598: Application time: 0.0423580 seconds
105.598: [GC [PSYoungGen: 20480K->2512K(21504K)] 62734K->45278K(69120K), 0.0011170 secs] [Times: user=0.01 sys=0.00, real=0.00 secs] 
105.599: Total time for which application threads were stopped: 0.0012720 seconds, Stopping threads took: 0.0000830 seconds
105.644: Application time: 0.0451490 seconds
105.644: [GC [PSYoungGen: 21051K->2464K(21504K)] 63817K->45230K(69120K), 0.0009830 secs] [Times: user=0.01 sys=0.00, real=0.00 secs] 
105.645: Total time for which application threads were stopped: 0.0011220 seconds, Stopping threads took: 0.0000700 seconds
105.690: Application time: 0.0447690 seconds
105.690: [GC [PSYoungGen: 21001K->2480K(21504K)] 63766K->45245K(69120K), 0.0010340 secs] [Times: user=0.00 sys=0.00, real=0.00 secs] 
105.691: Total time for which application threads were stopped: 0.0011700 seconds, Stopping threads took: 0.0000640 seconds
105.737: Application time: 0.0462490 seconds
105.738: [GC [PSYoungGen: 21023K->1408K(21504K)] 63788K->44173K(69120K), 0.0006690 secs] [Times: user=0.00 sys=0.00, real=0.00 secs] 
105.738: Total time for which application threads were stopped: 0.0008030 seconds, Stopping threads took: 0.0000690 seconds
105.780: Application time: 0.0419440 seconds
105.780: [GC [PSYoungGen: 20010K->2496K(21504K)] 62776K->45261K(69120K), 0.0010190 secs] [Times: user=0.00 sys=0.00, real=0.00 secs] 
105.781: Total time for which application threads were stopped: 0.0012510 seconds, Stopping threads took: 0.0001580 seconds
105.828: Application time: 0.0467810 seconds
105.828: [GC [PSYoungGen: 21276K->1376K(21504K)] 64042K->44149K(69120K), 0.0007450 secs] [Times: user=0.00 sys=0.00, real=0.00 secs] 
105.829: Total time for which application threads were stopped: 0.0008880 seconds, Stopping threads took: 0.0000780 seconds
105.872: Application time: 0.0429060 seconds
105.872: [GC [PSYoungGen: 19900K->2480K(21504K)] 62674K->45261K(69120K), 0.0009660 secs] [Times: user=0.01 sys=0.00, real=0.00 secs] 
105.873: Total time for which application threads were stopped: 0.0011320 seconds, Stopping threads took: 0.0001000 seconds
105.918: Application time: 0.0451500 seconds
105.918: [GC [PSYoungGen: 21103K->1408K(21504K)] 63885K->44189K(69120K), 0.0006670 secs] [Times: user=0.00 sys=0.00, real=0.00 secs] 
105.919: Total time for which application threads were stopped: 0.0008340 seconds, Stopping threads took: 0.0001030 seconds
105.962: Application time: 0.0426580 seconds
105.962: [GC [PSYoungGen: 19936K->2480K(21504K)] 62718K->45270K(69120K), 0.0009770 secs] [Times: user=0.01 sys=0.00, real=0.00 secs] 
105.963: Total time for which application threads were stopped: 0.0011140 seconds, Stopping threads took: 0.0000600 seconds
106.007: Application time: 0.0444600 seconds
106.007: [GC [PSYoungGen: 21101K->1440K(21504K)] 63891K->44229K(69120K), 0.0006770 secs] [Times: user=0.01 sys=0.00, real=0.00 secs] 
106.008: Total time for which application threads were stopped: 0.0008030 seconds, Stopping threads took: 0.0000530 seconds
106.051: Application time: 0.0427390 seconds
106.051: [GC [PSYoungGen: 19964K->2496K(21504K)] 62754K->45805K(69120K), 0.0012370 secs] [Times: user=0.00 sys=0.01, real=0.00 secs] 
106.052: Total time for which application threads were stopped: 0.0013840 seconds, Stopping threads took: 0.0000720 seconds
106.098: Application time: 0.0457470 seconds
106.098: [GC [PSYoungGen: 21041K->1392K(21504K)] 64351K->44702K(69120K), 0.0006880 secs] [Times: user=0.00 sys=0.00, real=0.00 secs] 
106.099: Total time for which application threads were stopped: 0.0008200 seconds, Stopping threads took: 0.0000650 seconds
106.143: Application time: 0.0438350 seconds
106.143: [GC [PSYoungGen: 20073K->2528K(21504K)] 63383K->46350K(69120K), 0.0011400 secs] [Times: user=0.01 sys=0.00, real=0.00 secs] 
106.144: Total time for which application threads were stopped: 0.0012900 seconds, Stopping threads took: 0.0000770 seconds
106.190: Application time: 0.0463270 seconds
106.190: [GC [PSYoungGen: 21073K->1424K(21504K)] 64895K->45254K(69120K), 0.0006680 secs] [Times: user=0.01 sys=0.00, real=0.00 secs] 
106.191: Total time for which application threads were stopped: 0.0007980 seconds, Stopping threads took: 0.0000670 seconds
106.234: Application time: 0.0427790 seconds
106.234: [GC [PSYoungGen: 19952K->2496K(21504K)] 63782K->46325K(69120K), 0.0009830 secs] [Times: user=0.00 sys=0.00, real=0.00 secs] 
106.235: Total time for which application threads were stopped: 0.0011240 seconds, Stopping threads took: 0.0000690 seconds
106.280: Application time: 0.0447080 seconds
106.280: [GC [PSYoungGen: 21035K->1936K(21504K)] 64864K->45765K(69120K), 0.0008340 secs] [Times: user=0.01 sys=0.00, real=0.00 secs] 
106.281: Total time for which application threads were stopped: 0.0009500 seconds, Stopping threads took: 0.0000470 seconds
106.324: Application time: 0.0435240 seconds
106.324: [GC [PSYoungGen: 20466K->2496K(21504K)] 64296K->46325K(69120K), 0.0010060 secs] [Times: user=0.01 sys=0.00, real=0.00 secs] 
106.325: Total time for which application threads were stopped: 0.0012000 seconds, Stopping threads took: 0.0001220 seconds
106.370: Application time: 0.0445100 seconds
106.370: [GC [PSYoungGen: 21033K->1920K(21504K)] 64862K->45750K(69120K), 0.0008270 secs] [Times: user=0.00 sys=0.00, real=0.00 secs] 
106.371: Total time for which application threads were stopped: 0.0009630 seconds, Stopping threads took: 0.0000670 seconds
106.416: Application time: 0.0446750 seconds
106.416: [GC [PSYoungGen: 20535K->1920K(21504K)] 64365K->45749K(69120K), 0.0008330 secs] [Times: user=0.00 sys=0.00, real=0.01 secs] 
106.417: Total time for which application threads were stopped: 0.0009850 seconds, Stopping threads took: 0.0000840 seconds
106.460: Application time: 0.0435480 seconds
106.460: [GC [PSYoungGen: 20613K->1936K(21504K)] 64443K->45773K(69120K), 0.0008220 secs] [Times: user=0.00 sys=0.00, real=0.00 secs] 
106.461: Total time for which application threads were stopped: 0.0009490 seconds, Stopping threads took: 0.0000620 seconds
106.505: Application time: 0.0434640 seconds
106.505: [GC [PSYoungGen: 20547K->2480K(21504K)] 64385K->46326K(69120K), 0.0010130 secs] [Times: user=0.01 sys=0.00, real=0.00 secs] 
106.506: Total time for which application threads were stopped: 0.0012520 seconds, Stopping threads took: 0.0001650 seconds
106.550: Application time: 0.0444630 seconds
106.550: [GC [PSYoungGen: 21099K->1424K(21504K)] 64945K->45269K(69120K), 0.0007820 secs] [Times: user=0.00 sys=0.00, real=0.00 secs] 
106.551: Total time for which application threads were stopped: 0.0009740 seconds, Stopping threads took: 0.0001220 seconds
106.596: Application time: 0.0447400 seconds
106.596: [GC [PSYoungGen: 19958K->1936K(21504K)] 63804K->45789K(69120K), 0.0008460 secs] [Times: user=0.01 sys=0.00, real=0.00 secs] 
106.597: Total time for which application threads were stopped: 0.0009990 seconds, Stopping threads took: 0.0000840 seconds
106.641: Application time: 0.0437650 seconds
106.641: [GC [PSYoungGen: 20545K->2464K(21504K)] 64399K->46318K(69120K), 0.0009920 secs] [Times: user=0.00 sys=0.00, real=0.00 secs] 
106.642: Total time for which application threads were stopped: 0.0011300 seconds, Stopping threads took: 0.0000710 seconds
106.686: Application time: 0.0440970 seconds
106.686: [GC [PSYoungGen: 21005K->1920K(21504K)] 64859K->45782K(69120K), 0.0008620 secs] [Times: user=0.00 sys=0.00, real=0.00 secs] 
106.687: Total time for which application threads were stopped: 0.0010980 seconds, Stopping threads took: 0.0001660 seconds
106.732: Application time: 0.0444970 seconds
106.732: [GC [PSYoungGen: 20452K->2480K(21504K)] 64314K->46342K(69120K), 0.0010270 secs] [Times: user=0.00 sys=0.00, real=0.00 secs] 
106.733: Total time for which application threads were stopped: 0.0011570 seconds, Stopping threads took: 0.0000610 seconds
106.778: Application time: 0.0455380 seconds
106.778: [GC [PSYoungGen: 21179K->1408K(21504K)] 65041K->45269K(69120K), 0.0006910 secs] [Times: user=0.00 sys=0.00, real=0.00 secs] 
106.779: Total time for which application threads were stopped: 0.0008640 seconds, Stopping threads took: 0.0001020 seconds
106.822: Application time: 0.0429730 seconds
106.822: [GC [PSYoungGen: 19936K->2464K(21504K)] 63798K->46333K(69120K), 0.0009830 secs] [Times: user=0.01 sys=0.00, real=0.00 secs] 
106.823: Total time for which application threads were stopped: 0.0011190 seconds, Stopping threads took: 0.0000650 seconds
106.869: Application time: 0.0460590 seconds
106.869: [GC [PSYoungGen: 21011K->320K(21504K)] 64881K->44189K(69120K), 0.0004870 secs] [Times: user=0.01 sys=0.00, real=0.00 secs] 
106.870: Total time for which application threads were stopped: 0.0006850 seconds, Stopping threads took: 0.0001320 seconds
106.912: Application time: 0.0423160 seconds
106.912: [GC [PSYoungGen: 18842K->2480K(21504K)] 62712K->46350K(69120K), 0.0010150 secs] [Times: user=0.01 sys=0.00, real=0.00 secs] 
106.913: Total time for which application threads were stopped: 0.0011590 seconds, Stopping threads took: 0.0000750 seconds
106.961: Application time: 0.0477620 seconds
106.961: [GC [PSYoungGen: 21027K->336K(21504K)] 64897K->44205K(69120K), 0.0004570 secs] [Times: user=0.00 sys=0.00, real=0.00 secs] 
106.962: Total time for which application threads were stopped: 0.0005770 seconds, Stopping threads took: 0.0000600 seconds
107.002: Application time: 0.0403100 seconds
107.002: [GC [PSYoungGen: 18856K->2512K(21504K)] 62726K->46382K(69120K), 0.0009620 secs] [Times: user=0.01 sys=0.00, real=0.00 secs] 
107.003: Total time for which application threads were stopped: 0.0011180 seconds, Stopping threads took: 0.0000870 seconds
107.052: Application time: 0.0483370 seconds
107.052: [GC [PSYoungGen: 21133K->1408K(21504K)] 65003K->45277K(69120K), 0.0007210 secs] [Times: user=0.00 sys=0.00, real=0.00 secs] 
107.052: Total time for which application threads were stopped: 0.0008590 seconds, Stopping threads took: 0.0000650 seconds
107.095: Application time: 0.0427220 seconds
107.095: [GC [PSYoungGen: 20097K->1952K(21504K)] 63967K->45830K(69120K), 0.0008550 secs] [Times: user=0.00 sys=0.00, real=0.01 secs] 
107.096: Total time for which application threads were stopped: 0.0010800 seconds, Stopping threads took: 0.0001550 seconds
107.140: Application time: 0.0441590 seconds
107.141: [GC [PSYoungGen: 20563K->1408K(21504K)] 64441K->45293K(69120K), 0.0007150 secs] [Times: user=0.00 sys=0.00, real=0.00 secs] 
107.141: Total time for which application threads were stopped: 0.0009170 seconds, Stopping threads took: 0.0001340 seconds
107.185: Application time: 0.0442090 seconds
107.186: [GC [PSYoungGen: 20021K->2496K(21504K)] 63906K->46902K(69120K), 0.0011160 secs] [Times: user=0.01 sys=0.00, real=0.00 secs] 
107.187: Total time for which application threads were stopped: 0.0012630 seconds, Stopping threads took: 0.0000780 seconds
107.232: Application time: 0.0447630 seconds
107.232: [GC [PSYoungGen: 21039K->1952K(21504K)] 65445K->46366K(69120K), 0.0008640 secs] [Times: user=0.00 sys=0.00, real=0.00 secs] 
107.233: Total time for which application threads were stopped: 0.0010040 seconds, Stopping threads took: 0.0000710 seconds
107.275: Application time: 0.0426880 seconds
107.275: [GC [PSYoungGen: 20480K->2496K(21504K)] 64894K->47422K(69120K), 0.0011680 secs] [Times: user=0.00 sys=0.00, real=0.01 secs] 
107.277: Total time for which application threads were stopped: 0.0013160 seconds, Stopping threads took: 0.0000730 seconds
107.322: Application time: 0.0451930 seconds
107.322: [GC [PSYoungGen: 21117K->1920K(21504K)] 66043K->46854K(69120K), 0.0008310 secs] [Times: user=0.01 sys=0.00, real=0.00 secs] 
107.323: Total time for which application threads were stopped: 0.0009570 seconds, Stopping threads took: 0.0000580 seconds
107.366: Application time: 0.0431400 seconds
107.366: [GC [PSYoungGen: 20448K->2528K(21504K)] 65382K->47974K(69120K), 0.0011510 secs] [Times: user=0.01 sys=0.00, real=0.00 secs] 
107.367: Total time for which application threads were stopped: 0.0012930 seconds, Stopping threads took: 0.0000650 seconds
107.413: Application time: 0.0455510 seconds
107.413: [GC [PSYoungGen: 21227K->1952K(21504K)] 66673K->47398K(69120K), 0.0008120 secs] [Times: user=0.00 sys=0.00, real=0.00 secs] 
107.414: Total time for which application threads were stopped: 0.0009510 seconds, Stopping threads took: 0.0000730 seconds
107.458: Application time: 0.0441730 seconds
107.458: [GC [PSYoungGen: 20484K->2480K(21504K)] 65930K->47934K(69120K), 0.0009890 secs] [Times: user=0.01 sys=0.00, real=0.00 secs] 
107.459: Total time for which application threads were stopped: 0.0011330 seconds, Stopping threads took: 0.0000740 seconds
107.503: Application time: 0.0444700 seconds
107.504: [GC [PSYoungGen: 21021K->1936K(21504K)] 66474K->47390K(69120K), 0.0008470 secs] [Times: user=0.00 sys=0.00, real=0.01 secs] 
107.504: Total time for which application threads were stopped: 0.0009760 seconds, Stopping threads took: 0.0000610 seconds
107.548: Application time: 0.0440290 seconds
107.549: [GC [PSYoungGen: 20468K->2496K(21504K)] 65922K->47950K(69120K), 0.0009790 secs] [Times: user=0.01 sys=0.00, real=0.00 secs] 
107.550: Total time for which application threads were stopped: 0.0011320 seconds, Stopping threads took: 0.0000840 seconds
107.595: Application time: 0.0451440 seconds
107.595: [GC [PSYoungGen: 21037K->1952K(21504K)] 66491K->47406K(69120K), 0.0008740 secs] [Times: user=0.00 sys=0.00, real=0.00 secs] 
107.596: Total time for which application threads were stopped: 0.0010140 seconds, Stopping threads took: 0.0000660 seconds
107.639: Application time: 0.0431170 seconds
107.639: [GC [PSYoungGen: 20484K->2464K(21504K)] 65938K->47918K(69120K), 0.0010010 secs] [Times: user=0.01 sys=0.00, real=0.00 secs] 
107.640: Total time for which application threads were stopped: 0.0011380 seconds, Stopping threads took: 0.0000650 seconds
107.685: Application time: 0.0446550 seconds
107.685: [GC [PSYoungGen: 20999K->2480K(21504K)] 66452K->47934K(69120K), 0.0009580 secs] [Times: user=0.01 sys=0.00, real=0.00 secs] 
107.686: Total time for which application threads were stopped: 0.0011040 seconds, Stopping threads took: 0.0000760 seconds
107.729: Application time: 0.0435730 seconds
107.729: [GC [PSYoungGen: 21093K->2496K(21504K)] 66547K->48470K(69120K), 0.0011180 secs] [Times: user=0.01 sys=0.00, real=0.00 secs] 
107.731: Total time for which application threads were stopped: 0.0012610 seconds, Stopping threads took: 0.0000720 seconds
107.778: Application time: 0.0469200 seconds
107.778: [GC [PSYoungGen: 21276K->1392K(21504K)] 67250K->47374K(69120K), 0.0007110 secs] [Times: user=0.01 sys=0.00, real=0.00 secs] 
107.778: Total time for which application threads were stopped: 0.0008300 seconds, Stopping threads took: 0.0000560 seconds
107.820: Application time: 0.0414510 seconds
107.820: [GC [PSYoungGen: 19996K->2512K(21504K)] 65978K->49014K(69120K), 0.0011480 secs] [Times: user=0.01 sys=0.00, real=0.00 secs] 
107.821: Total time for which application threads were stopped: 0.0012920 seconds, Stopping threads took: 0.0000670 seconds
107.867: Application time: 0.0461270 seconds
107.867: [GC [PSYoungGen: 21053K->1952K(21504K)] 67555K->48462K(69120K), 0.0008590 secs] [Times: user=0.00 sys=0.00, real=0.00 secs] 
107.868: Total time for which application threads were stopped: 0.0010040 seconds, Stopping threads took: 0.0000660 seconds
107.911: Application time: 0.0426930 seconds
107.911: [GC [PSYoungGen: 20476K->2512K(21504K)] 66986K->50046K(69120K), 0.0013220 secs] [Times: user=0.01 sys=0.00, real=0.00 secs] 
107.912: [Full GC [PSYoungGen: 2512K->0K(21504K)] [ParOldGen: 47534K->9584K(47616K)] 50046K->9584K(69120K) [PSPermGen: 5146K->5146K(21504K)], 0.0051870 secs] [Times: user=0.02 sys=0.00, real=0.01 secs] 
107.918: Total time for which application threads were stopped: 0.0067380 seconds, Stopping threads took: 0.0001010 seconds
107.964: Application time: 0.0458750 seconds
107.964: [GC [PSYoungGen: 18619K->2304K(21504K)] 28203K->11888K(69120K), 0.0008710 secs] [Times: user=0.00 sys=0.00, real=0.01 secs] 
107.965: Total time for which application threads were stopped: 0.0010160 seconds, Stopping threads took: 0.0000740 seconds
108.011: Application time: 0.0466530 seconds
108.011: [GC [PSYoungGen: 20849K->768K(21504K)] 30433K->10352K(69120K), 0.0004340 secs] [Times: user=0.01 sys=0.00, real=0.00 secs] 
108.012: Total time for which application threads were stopped: 0.0005650 seconds, Stopping threads took: 0.0000690 seconds
108.053: Application time: 0.0413100 seconds
108.053: [GC [PSYoungGen: 19448K->2368K(21504K)] 29033K->12464K(69120K), 0.0010570 secs] [Times: user=0.00 sys=0.00, real=0.00 secs] 
108.054: Total time for which application threads were stopped: 0.0012030 seconds, Stopping threads took: 0.0000720 seconds
108.101: Application time: 0.0464640 seconds
108.101: [GC [PSYoungGen: 20915K->768K(21504K)] 31011K->10864K(69120K), 0.0004650 secs] [Times: user=0.01 sys=0.00, real=0.00 secs] 
108.101: Total time for which application threads were stopped: 0.0006040 seconds, Stopping threads took: 0.0000670 seconds
108.144: Application time: 0.0424910 seconds
108.144: [GC [PSYoungGen: 19290K->2352K(21504K)] 29386K->12960K(69120K), 0.0010410 secs] [Times: user=0.01 sys=0.00, real=0.01 secs] 
108.145: Total time for which application threads were stopped: 0.0011950 seconds, Stopping threads took: 0.0000750 seconds
108.191: Application time: 0.0462460 seconds
108.191: [GC [PSYoungGen: 20899K->768K(21504K)] 31507K->11376K(69120K), 0.0004490 secs] [Times: user=0.00 sys=0.00, real=0.00 secs] 
108.192: Total time for which application threads were stopped: 0.0005800 seconds, Stopping threads took: 0.0000670 seconds
108.234: Application time: 0.0420790 seconds
108.234: [GC [PSYoungGen: 19294K->2320K(21504K)] 29902K->12928K(69120K), 0.0009470 secs] [Times: user=0.01 sys=0.00, real=0.00 secs] 
108.235: Total time for which application threads were stopped: 0.0010930 seconds, Stopping threads took: 0.0000720 seconds
108.282: Application time: 0.0465120 seconds
108.282: [GC [PSYoungGen: 20865K->768K(21504K)] 31473K->11376K(69120K), 0.0004490 secs] [Times: user=0.00 sys=0.00, real=0.00 secs] 
108.282: Total time for which application threads were stopped: 0.0005790 seconds, Stopping threads took: 0.0000660 seconds
108.325: Application time: 0.0428870 seconds
108.325: [GC [PSYoungGen: 19292K->2304K(21504K)] 29900K->12912K(69120K), 0.0008950 secs] [Times: user=0.01 sys=0.00, real=0.00 secs] 
108.326: Total time for which application threads were stopped: 0.0010430 seconds, Stopping threads took: 0.0000790 seconds
108.372: Application time: 0.0454780 seconds
108.372: [GC [PSYoungGen: 20927K->768K(21504K)] 31535K->11376K(69120K), 0.0004880 secs] [Times: user=0.01 sys=0.00, real=0.00 secs] 
108.372: Total time for which application threads were stopped: 0.0006140 seconds, Stopping threads took: 0.0000620 seconds
108.417: Application time: 0.0444730 seconds
108.417: [GC [PSYoungGen: 19539K->848K(21504K)] 30147K->11456K(69120K), 0.0005520 secs] [Times: user=0.00 sys=0.00, real=0.00 secs] 
108.417: Total time for which application threads were stopped: 0.0006660 seconds, Stopping threads took: 0.0000530 seconds
108.460: Application time: 0.0424500 seconds
108.460: [GC [PSYoungGen: 19372K->2432K(21504K)] 29980K->13040K(69120K), 0.0009390 secs] [Times: user=0.00 sys=0.01, real=0.00 secs] 
108.461: Total time for which application threads were stopped: 0.0010930 seconds, Stopping threads took: 0.0000800 seconds
108.507: Application time: 0.0464620 seconds
108.507: [GC [PSYoungGen: 21057K->336K(21504K)] 31665K->10944K(69120K), 0.0003890 secs] [Times: user=0.01 sys=0.00, real=0.00 secs] 
108.508: Total time for which application threads were stopped: 0.0005300 seconds, Stopping threads took: 0.0000810 seconds
108.550: Application time: 0.0417090 seconds
108.550: [GC [PSYoungGen: 18856K->2480K(21504K)] 29464K->13088K(69120K), 0.0009360 secs] [Times: user=0.01 sys=0.00, real=0.00 secs] 
108.551: Total time for which application threads were stopped: 0.0010800 seconds, Stopping threads took: 0.0000750 seconds
108.598: Application time: 0.0469160 seconds
108.598: [GC [PSYoungGen: 21105K->336K(21504K)] 31713K->10944K(69120K), 0.0003920 secs] [Times: user=0.00 sys=0.00, real=0.00 secs] 
108.598: Total time for which application threads were stopped: 0.0005140 seconds, Stopping threads took: 0.0000630 seconds
108.640: Application time: 0.0418030 seconds
108.640: [GC [PSYoungGen: 18856K->2496K(21504K)] 29464K->13120K(69120K), 0.0009600 secs] [Times: user=0.00 sys=0.00, real=0.00 secs] 
108.641: Total time for which application threads were stopped: 0.0011100 seconds, Stopping threads took: 0.0000710 seconds
108.687: Application time: 0.0457130 seconds
108.687: [GC [PSYoungGen: 21195K->1440K(21504K)] 31819K->12064K(69120K), 0.0006350 secs] [Times: user=0.00 sys=0.00, real=0.00 secs] 
108.688: Total time for which application threads were stopped: 0.0008020 seconds, Stopping threads took: 0.0001000 seconds
108.732: Application time: 0.0442200 seconds
108.732: [GC [PSYoungGen: 19968K->2512K(21504K)] 30593K->13152K(69120K), 0.0009610 secs] [Times: user=0.01 sys=0.00, real=0.00 secs] 
108.733: Total time for which application threads were stopped: 0.0011160 seconds, Stopping threads took: 0.0000810 seconds
108.776: Application time: 0.0428960 seconds
108.776: [GC [PSYoungGen: 21044K->2512K(21504K)] 31685K->13664K(69120K), 0.0011530 secs] [Times: user=0.01 sys=0.00, real=0.01 secs] 
108.777: Total time for which application threads were stopped: 0.0013220 seconds, Stopping threads took: 0.0000940 seconds
108.823: Application time: 0.0460290 seconds
108.823: [GC [PSYoungGen: 21055K->1952K(21504K)] 32207K->13104K(69120K), 0.0008020 secs] [Times: user=0.01 sys=0.00, real=0.01 secs] 
108.824: Total time for which application threads were stopped: 0.0009490 seconds, Stopping threads took: 0.0000680 seconds
108.867: Application time: 0.0430940 seconds
108.867: [GC [PSYoungGen: 20484K->2464K(21504K)] 31637K->13616K(69120K), 0.0010030 secs] [Times: user=0.00 sys=0.00, real=0.00 secs] 
108.869: Total time for which application threads were stopped: 0.0017390 seconds, Stopping threads took: 0.0000750 seconds
108.915: Application time: 0.0459460 seconds
108.915: [GC [PSYoungGen: 21007K->1440K(21504K)] 32159K->12592K(69120K), 0.0006630 secs] [Times: user=0.00 sys=0.00, real=0.00 secs] 
108.916: Total time for which application threads were stopped: 0.0009130 seconds, Stopping threads took: 0.0001810 seconds
108.959: Application time: 0.0434800 seconds
108.959: [GC [PSYoungGen: 19968K->2496K(21504K)] 31121K->13648K(69120K), 0.0009730 secs] [Times: user=0.00 sys=0.00, real=0.00 secs] 
108.960: Total time for which application threads were stopped: 0.0011310 seconds, Stopping threads took: 0.0000870 seconds
109.005: Application time: 0.0443040 seconds
109.005: [GC [PSYoungGen: 21107K->2528K(21504K)] 32259K->14192K(69120K), 0.0010830 secs] [Times: user=0.01 sys=0.00, real=0.00 secs] 
109.006: Total time for which application threads were stopped: 0.0012160 seconds, Stopping threads took: 0.0000610 seconds
109.052: Application time: 0.0461810 seconds
109.052: [GC [PSYoungGen: 21151K->1392K(21504K)] 32815K->13072K(69120K), 0.0006330 secs] [Times: user=0.00 sys=0.00, real=0.00 secs] 
109.053: Total time for which application threads were stopped: 0.0007610 seconds, Stopping threads took: 0.0000660 seconds
109.094: Application time: 0.0409430 seconds
109.094: [GC [PSYoungGen: 20075K->2448K(21504K)] 31755K->14648K(69120K), 0.0011600 secs] [Times: user=0.01 sys=0.00, real=0.00 secs] 
109.095: Total time for which application threads were stopped: 0.0013190 seconds, Stopping threads took: 0.0000850 seconds
109.141: Application time: 0.0454970 seconds
109.141: [GC [PSYoungGen: 21065K->2464K(21504K)] 33265K->14664K(69120K), 0.0009360 secs] [Times: user=0.00 sys=0.00, real=0.00 secs] 
109.142: Total time for which application threads were stopped: 0.0010830 seconds, Stopping threads took: 0.0000700 seconds
109.187: Application time: 0.0454670 seconds
109.187: [GC [PSYoungGen: 21009K->896K(21504K)] 33209K->13112K(69120K), 0.0005020 secs] [Times: user=0.00 sys=0.00, real=0.00 secs] 
109.188: Total time for which application threads were stopped: 0.0006290 seconds, Stopping threads took: 0.0000660 seconds
109.230: Application time: 0.0420040 seconds
109.230: [GC [PSYoungGen: 19500K->2480K(21504K)] 31717K->14696K(69120K), 0.0009230 secs] [Times: user=0.00 sys=0.00, real=0.00 secs] 
109.231: Total time for which application threads were stopped: 0.0011210 seconds, Stopping threads took: 0.0001270 seconds
109.277: Application time: 0.0456160 seconds
109.277: [GC [PSYoungGen: 21025K->864K(21504K)] 33241K->13088K(69120K), 0.0004930 secs] [Times: user=0.00 sys=0.00, real=0.00 secs] 
109.277: Total time for which application threads were stopped: 0.0006150 seconds, Stopping threads took: 0.0000580 seconds
109.320: Application time: 0.0423710 seconds
109.320: [GC [PSYoungGen: 19466K->2496K(21504K)] 31691K->14720K(69120K), 0.0009470 secs] [Times: user=0.00 sys=0.00, real=0.00 secs] 
109.321: Total time for which application threads were stopped: 0.0010880 seconds, Stopping threads took: 0.0000690 seconds
109.366: Application time: 0.0455220 seconds
109.366: [GC [PSYoungGen: 21113K->1936K(21504K)] 33337K->14168K(69120K), 0.0007910 secs] [Times: user=0.01 sys=0.00, real=0.00 secs] 
109.367: Total time for which application threads were stopped: 0.0009180 seconds, Stopping threads took: 0.0000630 seconds
109.411: Application time: 0.0437760 seconds
109.411: [GC [PSYoungGen: 20468K->2496K(21504K)] 32701K->14728K(69120K), 0.0009220 secs] [Times: user=0.00 sys=0.00, real=0.00 secs] 
109.412: Total time for which application threads were stopped: 0.0010830 seconds, Stopping threads took: 0.0000910 seconds
109.456: Application time: 0.0443630 seconds
109.456: [GC [PSYoungGen: 21037K->1408K(21504K)] 33269K->13640K(69120K), 0.0006140 secs] [Times: user=0.00 sys=0.00, real=0.00 secs] 
109.457: Total time for which application threads were stopped: 0.0007520 seconds, Stopping threads took: 0.0000770 seconds
109.500: Application time: 0.0425500 seconds
109.500: [GC [PSYoungGen: 19934K->2512K(21504K)] 32167K->15256K(69120K), 0.0011170 secs] [Times: user=0.01 sys=0.00, real=0.00 secs] 
109.501: Total time for which application threads were stopped: 0.0012780 seconds, Stopping threads took: 0.0000840 seconds
109.547: Application time: 0.0458430 seconds
109.547: [GC [PSYoungGen: 21055K->1952K(21504K)] 33799K->14696K(69120K), 0.0007670 secs] [Times: user=0.01 sys=0.00, real=0.00 secs] 
109.548: Total time for which application threads were stopped: 0.0008960 seconds, Stopping threads took: 0.0000630 seconds
109.591: Application time: 0.0433590 seconds
109.591: [GC [PSYoungGen: 20484K->2480K(21504K)] 33229K->15224K(69120K), 0.0009170 secs] [Times: user=0.01 sys=0.00, real=0.00 secs] 
109.592: Total time for which application threads were stopped: 0.0010850 seconds, Stopping threads took: 0.0000850 seconds
109.638: Application time: 0.0457380 seconds
109.638: [GC [PSYoungGen: 21097K->1936K(21504K)] 33841K->14680K(69120K), 0.0007780 secs] [Times: user=0.00 sys=0.00, real=0.00 secs] 
109.639: Total time for which application threads were stopped: 0.0009120 seconds, Stopping threads took: 0.0000680 seconds
109.683: Application time: 0.0446610 seconds
109.684: [GC [PSYoungGen: 20551K->1952K(21504K)] 33295K->14704K(69120K), 0.0008100 secs] [Times: user=0.00 sys=0.00, real=0.00 secs] 
109.685: Total time for which application threads were stopped: 0.0016080 seconds, Stopping threads took: 0.0007230 seconds
109.729: Application time: 0.0437820 seconds
109.729: [GC [PSYoungGen: 20647K->1952K(21504K)] 33399K->14712K(69120K), 0.0008140 secs] [Times: user=0.01 sys=0.00, real=0.00 secs] 
109.730: Total time for which application threads were stopped: 0.0010090 seconds, Stopping threads took: 0.0001260 seconds
109.774: Application time: 0.0438440 seconds
109.774: [GC [PSYoungGen: 20564K->2480K(21504K)] 33325K->15248K(69120K), 0.0009250 secs] [Times: user=0.00 sys=0.00, real=0.00 secs] 
109.775: Total time for which application threads were stopped: 0.0010610 seconds, Stopping threads took: 0.0000620 seconds
109.820: Application time: 0.0448960 seconds
109.820: [GC [PSYoungGen: 21021K->1920K(21504K)] 33789K->14696K(69120K), 0.0007850 secs] [Times: user=0.01 sys=0.00, real=0.00 secs] 
109.820: Total time for which application threads were stopped: 0.0009110 seconds, Stopping threads took: 0.0000560 seconds
109.864: Application time: 0.0431580 seconds
109.864: [GC [PSYoungGen: 20531K->2464K(21504K)] 33307K->15240K(69120K), 0.0009590 secs] [Times: user=0.01 sys=0.00, real=0.01 secs] 
109.865: Total time for which application threads were stopped: 0.0011070 seconds, Stopping threads took: 0.0000760 seconds
109.910: Application time: 0.0453710 seconds
109.910: [GC [PSYoungGen: 21005K->1936K(21504K)] 33781K->14720K(69120K), 0.0007970 secs] [Times: user=0.01 sys=0.00, real=0.00 secs] 
109.911: Total time for which application threads were stopped: 0.0009320 seconds, Stopping threads took: 0.0000620 seconds
109.954: Application time: 0.0430820 seconds
109.954: [GC [PSYoungGen: 20547K->2480K(21504K)] 33331K->15264K(69120K), 0.0009350 secs] [Times: user=0.01 sys=0.00, real=0.00 secs] 
109.955: Total time for which application threads were stopped: 0.0010750 seconds, Stopping threads took: 0.0000660 seconds
110.001: Application time: 0.0460700 seconds
110.001: [GC [PSYoungGen: 21101K->1424K(21504K)] 33885K->14216K(69120K), 0.0006050 secs] [Times: user=0.00 sys=0.00, real=0.00 secs] 
110.002: Total time for which application threads were stopped: 0.0007500 seconds, Stopping threads took: 0.0000740 seconds
110.045: Application time: 0.0426720 seconds
110.045: [GC [PSYoungGen: 19948K->2512K(21504K)] 32740K->15824K(69120K), 0.0010950 secs] [Times: user=0.00 sys=0.00, real=0.00 secs] 
110.046: Total time for which application threads were stopped: 0.0012420 seconds, Stopping threads took: 0.0000720 seconds
110.092: Application time: 0.0461270 seconds
110.092: [GC [PSYoungGen: 21059K->880K(21504K)] 34371K->14192K(69120K), 0.0005110 secs] [Times: user=0.00 sys=0.00, real=0.00 secs] 
110.093: Total time for which application threads were stopped: 0.0006430 seconds, Stopping threads took: 0.0000700 seconds
110.135: Application time: 0.0423070 seconds
110.135: [GC [PSYoungGen: 19400K->2496K(21504K)] 32712K->16320K(69120K), 0.0011180 secs] [Times: user=0.01 sys=0.00, real=0.01 secs] 
110.136: Total time for which application threads were stopped: 0.0012670 seconds, Stopping threads took: 0.0000750 seconds
110.182: Application time: 0.0460120 seconds
110.182: [GC [PSYoungGen: 21037K->1968K(21504K)] 34861K->15792K(69120K), 0.0007840 secs] [Times: user=0.00 sys=0.00, real=0.00 secs] 
110.183: Total time for which application threads were stopped: 0.0009270 seconds, Stopping threads took: 0.0000740 seconds
110.226: Application time: 0.0422730 seconds
110.226: [GC [PSYoungGen: 20492K->2512K(21504K)] 34317K->17360K(69120K), 0.0012540 secs] [Times: user=0.01 sys=0.00, real=0.00 secs] 
110.227: Total time for which application threads were stopped: 0.0014020 seconds, Stopping threads took: 0.0000610 seconds
110.274: Application time: 0.0470840 seconds
110.274: [GC [PSYoungGen: 21057K->1952K(21504K)] 35905K->16800K(69120K), 0.0008060 secs] [Times: user=0.00 sys=0.00, real=0.00 secs] 
110.275: Total time for which application threads were stopped: 0.0009410 seconds, Stopping threads took: 0.0000650 seconds
110.317: Application time: 0.0420550 seconds
110.317: [GC [PSYoungGen: 20557K->2512K(21504K)] 35405K->18392K(69120K), 0.0012610 secs] [Times: user=0.01 sys=0.00, real=0.00 secs] 
110.318: Total time for which application threads were stopped: 0.0014020 seconds, Stopping threads took: 0.0000640 seconds
110.365: Application time: 0.0464010 seconds
110.365: [GC [PSYoungGen: 21213K->1920K(21504K)] 37094K->17808K(69120K), 0.0007710 secs] [Times: user=0.00 sys=0.00, real=0.00 secs] 
110.366: Total time for which application threads were stopped: 0.0009130 seconds, Stopping threads took: 0.0000750 seconds
110.409: Application time: 0.0433730 seconds
110.409: [GC [PSYoungGen: 20601K->2496K(21504K)] 36489K->18904K(69120K), 0.0011070 secs] [Times: user=0.00 sys=0.00, real=0.00 secs] 
110.410: Total time for which application threads were stopped: 0.0012900 seconds, Stopping threads took: 0.0001110 seconds
110.456: Application time: 0.0455330 seconds
110.456: [GC [PSYoungGen: 21041K->1920K(21504K)] 37449K->18336K(69120K), 0.0007990 secs] [Times: user=0.00 sys=0.00, real=0.00 secs] 
110.457: Total time for which application threads were stopped: 0.0009330 seconds, Stopping threads took: 0.0000640 seconds
110.501: Application time: 0.0442800 seconds
110.501: [GC [PSYoungGen: 20533K->1936K(21504K)] 36949K->18352K(69120K), 0.0007790 secs] [Times: user=0.01 sys=0.00, real=0.00 secs] 
110.502: Total time for which application threads were stopped: 0.0009180 seconds, Stopping threads took: 0.0000760 seconds
110.546: Application time: 0.0439130 seconds
110.546: [GC [PSYoungGen: 20472K->1904K(21504K)] 36889K->18328K(69120K), 0.0007830 secs] [Times: user=0.00 sys=0.00, real=0.00 secs] 
110.547: Total time for which application threads were stopped: 0.0009170 seconds, Stopping threads took: 0.0000670 seconds
110.591: Application time: 0.0444560 seconds
110.591: [GC [PSYoungGen: 20515K->2496K(21504K)] 36939K->18920K(69120K), 0.0009790 secs] [Times: user=0.01 sys=0.00, real=0.00 secs] 
110.592: Total time for which application threads were stopped: 0.0011180 seconds, Stopping threads took: 0.0000670 seconds
110.638: Application time: 0.0453250 seconds
110.638: [GC [PSYoungGen: 21117K->1440K(21504K)] 37541K->17872K(69120K), 0.0006330 secs] [Times: user=0.00 sys=0.00, real=0.00 secs] 
110.639: Total time for which application threads were stopped: 0.0007630 seconds, Stopping threads took: 0.0000650 seconds
110.683: Application time: 0.0440890 seconds
110.683: [GC [PSYoungGen: 19968K->2512K(21504K)] 36401K->18952K(69120K), 0.0009330 secs] [Times: user=0.00 sys=0.00, real=0.00 secs] 
110.684: Total time for which application threads were stopped: 0.0010670 seconds, Stopping threads took: 0.0000650 seconds
110.730: Application time: 0.0459300 seconds
110.730: [GC [PSYoungGen: 21059K->400K(21504K)] 37499K->16840K(69120K), 0.0004280 secs] [Times: user=0.00 sys=0.00, real=0.00 secs] 
110.730: Total time for which application threads were stopped: 0.0005760 seconds, Stopping threads took: 0.0000780 seconds
110.772: Application time: 0.0422260 seconds
110.773: [GC [PSYoungGen: 18920K->2496K(21504K)] 35360K->18936K(69120K), 0.0009290 secs] [Times: user=0.00 sys=0.00, real=0.00 secs] 
110.774: Total time for which application threads were stopped: 0.0010570 seconds, Stopping threads took: 0.0000590 seconds
110.820: Application time: 0.0464160 seconds
110.820: [GC [PSYoungGen: 21041K->880K(21504K)] 37481K->17320K(69120K), 0.0005390 secs] [Times: user=0.01 sys=0.00, real=0.00 secs] 
110.821: Total time for which application threads were stopped: 0.0006720 seconds, Stopping threads took: 0.0000610 seconds
110.862: Application time: 0.0411900 seconds
110.862: [GC [PSYoungGen: 19404K->2480K(21504K)] 35845K->18920K(69120K), 0.0009480 secs] [Times: user=0.00 sys=0.00, real=0.00 secs] 
110.863: Total time for which application threads were stopped: 0.0010920 seconds, Stopping threads took: 0.0000750 seconds
110.910: Application time: 0.0467960 seconds
110.910: [GC [PSYoungGen: 21025K->832K(21504K)] 37465K->17272K(69120K), 0.0005210 secs] [Times: user=0.01 sys=0.00, real=0.00 secs] 
110.910: Total time for which application threads were stopped: 0.0006500 seconds, Stopping threads took: 0.0000640 seconds
110.953: Application time: 0.0424100 seconds
110.953: [GC [PSYoungGen: 19430K->2496K(21504K)] 35871K->19960K(69120K), 0.0012650 secs] [Times: user=0.00 sys=0.00, real=0.00 secs] 
110.954: Total time for which application threads were stopped: 0.0014120 seconds, Stopping threads took: 0.0000740 seconds
111.000: Application time: 0.0461850 seconds
111.000: [GC [PSYoungGen: 21199K->1408K(21504K)] 38664K->18880K(69120K), 0.0006700 secs] [Times: user=0.01 sys=0.00, real=0.00 secs] 
111.001: Total time for which application threads were stopped: 0.0008180 seconds, Stopping threads took: 0.0000810 seconds
111.044: Application time: 0.0429300 seconds
111.044: [GC [PSYoungGen: 20016K->2496K(21504K)] 37489K->19976K(69120K), 0.0009510 secs] [Times: user=0.00 sys=0.00, real=0.00 secs] 
111.045: Total time for which application threads were stopped: 0.0011110 seconds, Stopping threads took: 0.0000890 seconds
111.091: Application time: 0.0453090 seconds
111.091: [GC [PSYoungGen: 21111K->2512K(21504K)] 38591K->20000K(69120K), 0.0009440 secs] [Times: user=0.00 sys=0.00, real=0.00 secs] 
111.092: Total time for which application threads were stopped: 0.0011110 seconds, Stopping threads took: 0.0000910 seconds
111.137: Application time: 0.0448660 seconds
111.137: [GC [PSYoungGen: 21133K->1440K(21504K)] 38621K->18928K(69120K), 0.0006360 secs] [Times: user=0.00 sys=0.00, real=0.00 secs] 
111.137: Total time for which application threads were stopped: 0.0007820 seconds, Stopping threads took: 0.0000790 seconds
111.180: Application time: 0.0423120 seconds
111.180: [GC [PSYoungGen: 19968K->2432K(21504K)] 37457K->19928K(69120K), 0.0009640 secs] [Times: user=0.01 sys=0.00, real=0.00 secs] 
111.181: Total time for which application threads were stopped: 0.0011010 seconds, Stopping threads took: 0.0000630 seconds
111.226: Application time: 0.0455210 seconds
111.226: [GC [PSYoungGen: 21051K->1424K(21504K)] 38548K->18920K(69120K), 0.0006290 secs] [Times: user=0.00 sys=0.00, real=0.00 secs] 
111.227: Total time for which application threads were stopped: 0.0007980 seconds, Stopping threads took: 0.0001060 seconds
111.269: Application time: 0.0419660 seconds
111.269: [GC [PSYoungGen: 20030K->2496K(21504K)] 37527K->20512K(69120K), 0.0010990 secs] [Times: user=0.01 sys=0.00, real=0.00 secs] 
111.270: Total time for which application threads were stopped: 0.0012450 seconds, Stopping threads took: 0.0000630 seconds
111.316: Application time: 0.0452510 seconds
111.316: [GC [PSYoungGen: 21039K->1920K(21504K)] 39055K->19944K(69120K), 0.0007610 secs] [Times: user=0.00 sys=0.00, real=0.01 secs] 
111.316: Total time for which application threads were stopped: 0.0008900 seconds, Stopping threads took: 0.0000640 seconds
111.358: Application time: 0.0420430 seconds
111.359: [GC [PSYoungGen: 20448K->2464K(21504K)] 38473K->21000K(69120K), 0.0011710 secs] [Times: user=0.01 sys=0.00, real=0.00 secs] 
111.360: Total time for which application threads were stopped: 0.0013130 seconds, Stopping threads took: 0.0000700 seconds
111.405: Application time: 0.0454590 seconds
111.405: [GC [PSYoungGen: 21007K->1936K(21504K)] 39543K->20472K(69120K), 0.0007800 secs] [Times: user=0.01 sys=0.00, real=0.00 secs] 
111.406: Total time for which application threads were stopped: 0.0009110 seconds, Stopping threads took: 0.0000680 seconds
111.451: Application time: 0.0453440 seconds
111.452: [GC [PSYoungGen: 20475K->1408K(21504K)] 39011K->19944K(69120K), 0.0006430 secs] [Times: user=0.01 sys=0.00, real=0.00 secs] 
111.452: Total time for which application threads were stopped: 0.0007740 seconds, Stopping threads took: 0.0000660 seconds
111.499: Application time: 0.0462650 seconds
111.499: [GC [PSYoungGen: 19944K->880K(21504K)] 38481K->19416K(69120K), 0.0005100 secs] [Times: user=0.01 sys=0.00, real=0.00 secs] 
111.499: Total time for which application threads were stopped: 0.0006450 seconds, Stopping threads took: 0.0000690 seconds
111.541: Application time: 0.0414750 seconds
111.541: [GC [PSYoungGen: 19404K->2496K(21504K)] 37941K->21032K(69120K), 0.0009630 secs] [Times: user=0.00 sys=0.00, real=0.00 secs] 
111.542: Total time for which application threads were stopped: 0.0011090 seconds, Stopping threads took: 0.0000740 seconds
111.588: Application time: 0.0460630 seconds
111.588: [GC [PSYoungGen: 21041K->928K(21504K)] 39577K->19464K(69120K), 0.0005260 secs] [Times: user=0.01 sys=0.00, real=0.00 secs] 
111.588: Total time for which application threads were stopped: 0.0006590 seconds, Stopping threads took: 0.0000710 seconds
111.632: Application time: 0.0433800 seconds
111.632: [GC [PSYoungGen: 19615K->1440K(21504K)] 38152K->19984K(69120K), 0.0006510 secs] [Times: user=0.00 sys=0.01, real=0.00 secs] 
111.633: Total time for which application threads were stopped: 0.0007730 seconds, Stopping threads took: 0.0000580 seconds
111.676: Application time: 0.0436580 seconds
111.676: [GC [PSYoungGen: 20044K->2528K(21504K)] 38589K->21592K(69120K), 0.0011040 secs] [Times: user=0.01 sys=0.00, real=0.00 secs] 
111.678: Total time for which application threads were stopped: 0.0012570 seconds, Stopping threads took: 0.0000780 seconds
111.723: Application time: 0.0449690 seconds
111.723: [GC [PSYoungGen: 21223K->2496K(21504K)] 40288K->21568K(69120K), 0.0009620 secs] [Times: user=0.01 sys=0.00, real=0.00 secs] 
111.724: Total time for which application threads were stopped: 0.0011040 seconds, Stopping threads took: 0.0000700 seconds
111.769: Application time: 0.0454540 seconds
111.769: [GC [PSYoungGen: 21039K->1376K(21504K)] 40111K->20456K(69120K), 0.0006690 secs] [Times: user=0.00 sys=0.00, real=0.00 secs] 
111.770: Total time for which application threads were stopped: 0.0007930 seconds, Stopping threads took: 0.0000610 seconds
111.812: Application time: 0.0422850 seconds
111.812: [GC [PSYoungGen: 19984K->2480K(21504K)] 39065K->21568K(69120K), 0.0009510 secs] [Times: user=0.01 sys=0.00, real=0.00 secs] 
111.813: Total time for which application threads were stopped: 0.0011080 seconds, Stopping threads took: 0.0000720 seconds
111.860: Application time: 0.0463280 seconds
111.860: [GC [PSYoungGen: 21105K->352K(21504K)] 40194K->19440K(69120K), 0.0004050 secs] [Times: user=0.00 sys=0.00, real=0.00 secs] 
111.860: Total time for which application threads were stopped: 0.0005290 seconds, Stopping threads took: 0.0000670 seconds
111.903: Application time: 0.0425460 seconds
111.903: [GC [PSYoungGen: 18952K->2480K(21504K)] 38041K->21576K(69120K), 0.0009290 secs] [Times: user=0.00 sys=0.00, real=0.00 secs] 
111.904: Total time for which application threads were stopped: 0.0010780 seconds, Stopping threads took: 0.0000770 seconds
111.948: Application time: 0.0442940 seconds
111.948: [GC [PSYoungGen: 21021K->1952K(21504K)] 40117K->21056K(69120K), 0.0007660 secs] [Times: user=0.01 sys=0.00, real=0.00 secs] 
111.949: Total time for which application threads were stopped: 0.0008980 seconds, Stopping threads took: 0.0000670 seconds
111.993: Application time: 0.0438910 seconds
111.993: [GC [PSYoungGen: 20480K->2512K(21504K)] 39585K->22128K(69120K), 0.0011020 secs] [Times: user=0.00 sys=0.00, real=0.00 secs] 
111.994: Total time for which application threads were stopped: 0.0012540 seconds, Stopping threads took: 0.0000790 seconds
112.040: Application time: 0.0456910 seconds
112.040: [GC [PSYoungGen: 21059K->912K(21504K)] 40675K->20528K(69120K), 0.0005010 secs] [Times: user=0.00 sys=0.00, real=0.00 secs] 
112.041: Total time for which application threads were stopped: 0.0007700 seconds, Stopping threads took: 0.0002060 seconds
112.084: Application time: 0.0431620 seconds
112.084: [GC [PSYoungGen: 19432K->2512K(21504K)] 39049K->22640K(69120K), 0.0011350 secs] [Times: user=0.01 sys=0.00, real=0.01 secs] 
112.085: Total time for which application threads were stopped: 0.0012860 seconds, Stopping threads took: 0.0000750 seconds
112.131: Application time: 0.0460900 seconds
112.131: [GC [PSYoungGen: 21053K->1952K(21504K)] 41181K->22080K(69120K), 0.0008470 secs] [Times: user=0.01 sys=0.00, real=0.00 secs] 
112.132: Total time for which application threads were stopped: 0.0009830 seconds, Stopping threads took: 0.0000620 seconds
112.175: Application time: 0.0431620 seconds
112.175: [GC [PSYoungGen: 20480K->2416K(21504K)] 40609K->23056K(69120K), 0.0011100 secs] [Times: user=0.01 sys=0.00, real=0.01 secs] 
112.177: Total time for which application threads were stopped: 0.0012400 seconds, Stopping threads took: 0.0000590 seconds
112.222: Application time: 0.0452020 seconds
112.222: [GC [PSYoungGen: 20955K->2480K(21504K)] 41595K->23120K(69120K), 0.0009410 secs] [Times: user=0.00 sys=0.00, real=0.00 secs] 
112.223: Total time for which application threads were stopped: 0.0010720 seconds, Stopping threads took: 0.0000570 seconds
112.268: Application time: 0.0456550 seconds
112.269: [GC [PSYoungGen: 21181K->896K(21504K)] 41822K->21536K(69120K), 0.0005150 secs] [Times: user=0.00 sys=0.00, real=0.00 secs] 
112.269: Total time for which application threads were stopped: 0.0006350 seconds, Stopping threads took: 0.0000580 seconds
112.311: Application time: 0.0422270 seconds
112.311: [GC [PSYoungGen: 19500K->2480K(21504K)] 40141K->23128K(69120K), 0.0009510 secs] [Times: user=0.00 sys=0.00, real=0.00 secs] 
112.312: Total time for which application threads were stopped: 0.0011300 seconds, Stopping threads took: 0.0001040 seconds
112.359: Application time: 0.0467830 seconds
112.359: [GC [PSYoungGen: 21179K->912K(21504K)] 41828K->21568K(69120K), 0.0005130 secs] [Times: user=0.00 sys=0.00, real=0.00 secs] 
112.360: Total time for which application threads were stopped: 0.0006990 seconds, Stopping threads took: 0.0001180 seconds
112.403: Application time: 0.0427100 seconds
112.403: [GC [PSYoungGen: 19436K->2496K(21504K)] 40093K->23160K(69120K), 0.0009210 secs] [Times: user=0.01 sys=0.00, real=0.00 secs] 
112.404: Total time for which application threads were stopped: 0.0011210 seconds, Stopping threads took: 0.0001330 seconds
112.450: Application time: 0.0460580 seconds
112.450: [GC [PSYoungGen: 21119K->1392K(21504K)] 41784K->22056K(69120K), 0.0006490 secs] [Times: user=0.00 sys=0.00, real=0.00 secs] 
112.451: Total time for which application threads were stopped: 0.0007730 seconds, Stopping threads took: 0.0000620 seconds
112.494: Application time: 0.0429050 seconds
112.494: [GC [PSYoungGen: 19916K->2528K(21504K)] 40581K->23712K(69120K), 0.0010700 secs] [Times: user=0.01 sys=0.00, real=0.00 secs] 
112.495: Total time for which application threads were stopped: 0.0012250 seconds, Stopping threads took: 0.0000840 seconds
112.540: Application time: 0.0454000 seconds
112.540: [GC [PSYoungGen: 21229K->1392K(21504K)] 42414K->22584K(69120K), 0.0007150 secs] [Times: user=0.01 sys=0.00, real=0.00 secs] 
112.541: Total time for which application threads were stopped: 0.0008330 seconds, Stopping threads took: 0.0000560 seconds
112.585: Application time: 0.0437500 seconds
112.585: [GC [PSYoungGen: 19916K->2512K(21504K)] 41109K->24224K(69120K), 0.0011180 secs] [Times: user=0.00 sys=0.00, real=0.00 secs] 
112.586: Total time for which application threads were stopped: 0.0012690 seconds, Stopping threads took: 0.0000770 seconds
112.631: Application time: 0.0447990 seconds
112.631: [GC [PSYoungGen: 21053K->1920K(21504K)] 42765K->23632K(69120K), 0.0007810 secs] [Times: user=0.01 sys=0.00, real=0.00 secs] 
112.632: Total time for which application threads were stopped: 0.0009480 seconds, Stopping threads took: 0.0001050 seconds
112.676: Application time: 0.0445810 seconds
112.676: [GC [PSYoungGen: 20458K->1424K(21504K)] 42171K->23136K(69120K), 0.0007040 secs] [Times: user=0.01 sys=0.00, real=0.00 secs] 
112.677: Total time for which application threads were stopped: 0.0008310 seconds, Stopping threads took: 0.0000620 seconds
112.721: Application time: 0.0440360 seconds
112.721: [GC [PSYoungGen: 19952K->1936K(21504K)] 41665K->23648K(69120K), 0.0007730 secs] [Times: user=0.00 sys=0.00, real=0.00 secs] 
112.722: Total time for which application threads were stopped: 0.0009440 seconds, Stopping threads took: 0.0001040 seconds
112.767: Application time: 0.0444070 seconds
112.767: [GC [PSYoungGen: 20477K->1936K(21504K)] 42189K->23648K(69120K), 0.0008270 secs] [Times: user=0.00 sys=0.00, real=0.00 secs] 
112.768: Total time for which application threads were stopped: 0.0009560 seconds, Stopping threads took: 0.0000600 seconds
112.812: Application time: 0.0442140 seconds
112.816: [GC [PSYoungGen: 20470K->1424K(21504K)] 42183K->23136K(69120K), 0.0007050 secs] [Times: user=0.00 sys=0.00, real=0.00 secs] 
112.817: Total time for which application threads were stopped: 0.0051290 seconds, Stopping threads took: 0.0043640 seconds
112.860: Application time: 0.0429530 seconds
112.860: [GC [PSYoungGen: 19956K->2480K(21504K)] 41669K->24192K(69120K), 0.0009770 secs] [Times: user=0.00 sys=0.00, real=0.00 secs] 
112.861: Total time for which application threads were stopped: 0.0011670 seconds, Stopping threads took: 0.0001140 seconds
112.906: Application time: 0.0452810 seconds
112.906: [GC [PSYoungGen: 21097K->1936K(21504K)] 42810K->23648K(69120K), 0.0007890 secs] [Times: user=0.00 sys=0.00, real=0.00 secs] 
112.907: Total time for which application threads were stopped: 0.0009480 seconds, Stopping threads took: 0.0000860 seconds
112.952: Application time: 0.0443780 seconds
112.952: [GC [PSYoungGen: 20631K->1408K(21504K)] 42344K->23128K(69120K), 0.0006890 secs] [Times: user=0.00 sys=0.00, real=0.00 secs] 
112.953: Total time for which application threads were stopped: 0.0009350 seconds, Stopping threads took: 0.0001780 seconds
112.996: Application time: 0.0434680 seconds
112.996: [GC [PSYoungGen: 20017K->2496K(21504K)] 41737K->24224K(69120K), 0.0009530 secs] [Times: user=0.01 sys=0.00, real=0.00 secs] 
112.997: Total time for which application threads were stopped: 0.0011040 seconds, Stopping threads took: 0.0000800 seconds
113.042: Application time: 0.0445740 seconds
113.042: [GC [PSYoungGen: 21117K->1408K(21504K)] 42846K->23152K(69120K), 0.0006770 secs] [Times: user=0.00 sys=0.00, real=0.00 secs] 
113.043: Total time for which application threads were stopped: 0.0008330 seconds, Stopping threads took: 0.0000880 seconds
113.087: Application time: 0.0441410 seconds
113.087: [GC [PSYoungGen: 19940K->1936K(21504K)] 41685K->23680K(69120K), 0.0007850 secs] [Times: user=0.00 sys=0.00, real=0.00 secs] 
113.088: Total time for which application threads were stopped: 0.0009170 seconds, Stopping threads took: 0.0000630 seconds
113.132: Application time: 0.0448410 seconds
113.133: [GC [PSYoungGen: 20551K->1904K(21504K)] 42295K->23656K(69120K), 0.0008760 secs] [Times: user=0.00 sys=0.00, real=0.00 secs] 
113.133: Total time for which application threads were stopped: 0.0010070 seconds, Stopping threads took: 0.0000590 seconds
113.178: Application time: 0.0448080 seconds
113.178: [GC [PSYoungGen: 20595K->1376K(21504K)] 42348K->23128K(69120K), 0.0006440 secs] [Times: user=0.00 sys=0.00, real=0.00 secs] 
113.179: Total time for which application threads were stopped: 0.0007920 seconds, Stopping threads took: 0.0000820 seconds
113.221: Application time: 0.0423030 seconds
113.221: [GC [PSYoungGen: 19908K->2480K(21504K)] 41661K->24240K(69120K), 0.0009500 secs] [Times: user=0.01 sys=0.00, real=0.00 secs] 
113.222: Total time for which application threads were stopped: 0.0010860 seconds, Stopping threads took: 0.0000610 seconds
113.270: Application time: 0.0472880 seconds
113.270: [GC [PSYoungGen: 21017K->1952K(21504K)] 42777K->23712K(69120K), 0.0008370 secs] [Times: user=0.00 sys=0.00, real=0.00 secs] 
113.271: Total time for which application threads were stopped: 0.0009800 seconds, Stopping threads took: 0.0000740 seconds
113.314: Application time: 0.0437600 seconds
113.315: [GC [PSYoungGen: 20484K->2464K(21504K)] 42245K->24224K(69120K), 0.0009480 secs] [Times: user=0.01 sys=0.00, real=0.00 secs] 
113.316: Total time for which application threads were stopped: 0.0010950 seconds, Stopping threads took: 0.0000770 seconds
113.360: Application time: 0.0443000 seconds
113.360: [GC [PSYoungGen: 21003K->1936K(21504K)] 42763K->23696K(69120K), 0.0007930 secs] [Times: user=0.01 sys=0.00, real=0.00 secs] 
113.361: Total time for which application threads were stopped: 0.0009480 seconds, Stopping threads took: 0.0000790 seconds
113.405: Application time: 0.0437400 seconds
113.405: [GC [PSYoungGen: 20468K->2480K(21504K)] 42229K->24240K(69120K), 0.0009330 secs] [Times: user=0.00 sys=0.00, real=0.00 secs] 
113.406: Total time for which application threads were stopped: 0.0010770 seconds, Stopping threads took: 0.0000750 seconds
113.451: Application time: 0.0451710 seconds
113.451: [GC [PSYoungGen: 21021K->1424K(21504K)] 42781K->23184K(69120K), 0.0006530 secs] [Times: user=0.01 sys=0.00, real=0.00 secs] 
113.452: Total time for which application threads were stopped: 0.0008000 seconds, Stopping threads took: 0.0000720 seconds
113.494: Application time: 0.0428840 seconds
113.495: [GC [PSYoungGen: 19946K->2432K(21504K)] 41707K->24704K(69120K), 0.0012010 secs] [Times: user=0.00 sys=0.00, real=0.00 secs] 
113.496: Total time for which application threads were stopped: 0.0013420 seconds, Stopping threads took: 0.0000650 seconds
113.541: Application time: 0.0454000 seconds
113.541: [GC [PSYoungGen: 21055K->1392K(21504K)] 43328K->23664K(69120K), 0.0006540 secs] [Times: user=0.00 sys=0.00, real=0.00 secs] 
113.542: Total time for which application threads were stopped: 0.0007740 seconds, Stopping threads took: 0.0000580 seconds
113.585: Application time: 0.0433920 seconds
113.586: [GC [PSYoungGen: 20079K->2480K(21504K)] 42352K->24760K(69120K), 0.0009650 secs] [Times: user=0.00 sys=0.00, real=0.00 secs] 
113.587: Total time for which application threads were stopped: 0.0011830 seconds, Stopping threads took: 0.0001470 seconds
113.631: Application time: 0.0445190 seconds
113.631: [GC [PSYoungGen: 21101K->1408K(21504K)] 43382K->23696K(69120K), 0.0006670 secs] [Times: user=0.00 sys=0.00, real=0.00 secs] 
113.632: Total time for which application threads were stopped: 0.0009020 seconds, Stopping threads took: 0.0001680 seconds
113.675: Application time: 0.0434840 seconds
113.676: [GC [PSYoungGen: 20019K->1952K(21504K)] 42307K->24248K(69120K), 0.0008440 secs] [Times: user=0.00 sys=0.00, real=0.01 secs] 
113.677: Total time for which application threads were stopped: 0.0010460 seconds, Stopping threads took: 0.0001310 seconds
113.722: Application time: 0.0456310 seconds
113.722: [GC [PSYoungGen: 20490K->1424K(21504K)] 42787K->23728K(69120K), 0.0006610 secs] [Times: user=0.01 sys=0.00, real=0.00 secs] 
113.723: Total time for which application threads were stopped: 0.0007830 seconds, Stopping threads took: 0.0000570 seconds
113.765: Application time: 0.0420550 seconds
113.765: [GC [PSYoungGen: 20033K->2480K(21504K)] 42337K->24784K(69120K), 0.0009340 secs] [Times: user=0.01 sys=0.00, real=0.00 secs] 
113.766: Total time for which application threads were stopped: 0.0010800 seconds, Stopping threads took: 0.0000740 seconds
113.813: Application time: 0.0467860 seconds
113.813: [GC [PSYoungGen: 21181K->896K(21504K)] 43486K->23208K(69120K), 0.0004900 secs] [Times: user=0.00 sys=0.00, real=0.00 secs] 
113.814: Total time for which application threads were stopped: 0.0006160 seconds, Stopping threads took: 0.0000640 seconds
113.855: Application time: 0.0419370 seconds
113.856: [GC [PSYoungGen: 19416K->2448K(21504K)] 41729K->25280K(69120K), 0.0011110 secs] [Times: user=0.00 sys=0.00, real=0.01 secs] 
113.857: Total time for which application threads were stopped: 0.0012760 seconds, Stopping threads took: 0.0000880 seconds
113.903: Application time: 0.0464460 seconds
113.903: [GC [PSYoungGen: 20991K->1920K(21504K)] 43823K->24752K(69120K), 0.0008690 secs] [Times: user=0.00 sys=0.00, real=0.01 secs] 
113.905: Total time for which application threads were stopped: 0.0017360 seconds, Stopping threads took: 0.0000730 seconds
113.949: Application time: 0.0437960 seconds
113.949: [GC [PSYoungGen: 20456K->1936K(21504K)] 43289K->24768K(69120K), 0.0008560 secs] [Times: user=0.00 sys=0.00, real=0.00 secs] 
113.950: Total time for which application threads were stopped: 0.0010020 seconds, Stopping threads took: 0.0000780 seconds
113.994: Application time: 0.0438610 seconds
113.994: [GC [PSYoungGen: 20472K->1920K(21504K)] 43305K->24752K(69120K), 0.0007990 secs] [Times: user=0.01 sys=0.00, real=0.00 secs] 
113.995: Total time for which application threads were stopped: 0.0009400 seconds, Stopping threads took: 0.0000640 seconds
114.038: Application time: 0.0437580 seconds
114.038: [GC [PSYoungGen: 20456K->1920K(21504K)] 43289K->24752K(69120K), 0.0008200 secs] [Times: user=0.00 sys=0.00, real=0.00 secs] 
114.039: Total time for which application threads were stopped: 0.0009790 seconds, Stopping threads took: 0.0000890 seconds
114.084: Application time: 0.0443200 seconds
114.084: [GC [PSYoungGen: 20452K->2464K(21504K)] 43285K->25296K(69120K), 0.0009590 secs] [Times: user=0.00 sys=0.00, real=0.01 secs] 
114.085: Total time for which application threads were stopped: 0.0011010 seconds, Stopping threads took: 0.0000670 seconds
114.129: Application time: 0.0447990 seconds
114.130: [GC [PSYoungGen: 21003K->1968K(21504K)] 43835K->24800K(69120K), 0.0008800 secs] [Times: user=0.01 sys=0.00, real=0.00 secs] 
114.131: Total time for which application threads were stopped: 0.0010240 seconds, Stopping threads took: 0.0000720 seconds
114.175: Application time: 0.0444210 seconds
114.175: [GC [PSYoungGen: 20498K->1968K(21504K)] 43331K->24800K(69120K), 0.0007990 secs] [Times: user=0.01 sys=0.00, real=0.00 secs] 
114.176: Total time for which application threads were stopped: 0.0009870 seconds, Stopping threads took: 0.0001190 seconds
114.221: Application time: 0.0447210 seconds
114.221: [GC [PSYoungGen: 20741K->1984K(21504K)] 43574K->24824K(69120K), 0.0007950 secs] [Times: user=0.01 sys=0.00, real=0.00 secs] 
114.222: Total time for which application threads were stopped: 0.0009220 seconds, Stopping threads took: 0.0000600 seconds
114.264: Application time: 0.0424030 seconds
114.264: [GC [PSYoungGen: 20512K->2480K(21504K)] 43353K->25840K(69120K), 0.0011040 secs] [Times: user=0.01 sys=0.00, real=0.00 secs] 
114.265: Total time for which application threads were stopped: 0.0012700 seconds, Stopping threads took: 0.0000940 seconds
114.312: Application time: 0.0469900 seconds
114.312: [GC [PSYoungGen: 21181K->912K(21504K)] 44542K->24280K(69120K), 0.0005200 secs] [Times: user=0.01 sys=0.00, real=0.00 secs] 
114.313: Total time for which application threads were stopped: 0.0006970 seconds, Stopping threads took: 0.0001150 seconds
114.356: Application time: 0.0433960 seconds
114.357: [GC [PSYoungGen: 19442K->1920K(21504K)] 42811K->25296K(69120K), 0.0007940 secs] [Times: user=0.01 sys=0.00, real=0.00 secs] 
114.357: Total time for which application threads were stopped: 0.0010250 seconds, Stopping threads took: 0.0001590 seconds
114.400: Application time: 0.0424230 seconds
114.400: [GC [PSYoungGen: 20526K->2464K(21504K)] 43903K->26352K(69120K), 0.0011520 secs] [Times: user=0.00 sys=0.00, real=0.00 secs] 
114.401: Total time for which application threads were stopped: 0.0013050 seconds, Stopping threads took: 0.0000730 seconds
114.446: Application time: 0.0451190 seconds
114.446: [GC [PSYoungGen: 21083K->1968K(21504K)] 44972K->25864K(69120K), 0.0008000 secs] [Times: user=0.01 sys=0.00, real=0.00 secs] 
114.447: Total time for which application threads were stopped: 0.0009480 seconds, Stopping threads took: 0.0000800 seconds
114.491: Application time: 0.0435300 seconds
114.491: [GC [PSYoungGen: 20575K->2480K(21504K)] 44471K->26384K(69120K), 0.0009870 secs] [Times: user=0.00 sys=0.00, real=0.00 secs] 
114.492: Total time for which application threads were stopped: 0.0011480 seconds, Stopping threads took: 0.0000870 seconds
114.537: Application time: 0.0447240 seconds
114.537: [GC [PSYoungGen: 21019K->2480K(21504K)] 44923K->26384K(69120K), 0.0009510 secs] [Times: user=0.01 sys=0.00, real=0.00 secs] 
114.538: Total time for which application threads were stopped: 0.0010880 seconds, Stopping threads took: 0.0000590 seconds
114.583: Application time: 0.0448790 seconds
114.583: [GC [PSYoungGen: 21023K->1424K(21504K)] 44927K->25328K(69120K), 0.0006560 secs] [Times: user=0.00 sys=0.00, real=0.00 secs] 
114.583: Total time for which application threads were stopped: 0.0008490 seconds, Stopping threads took: 0.0001160 seconds
114.627: Application time: 0.0440500 seconds
114.628: [GC [PSYoungGen: 19952K->2496K(21504K)] 43857K->26400K(69120K), 0.0009400 secs] [Times: user=0.01 sys=0.00, real=0.00 secs] 
114.629: Total time for which application threads were stopped: 0.0010700 seconds, Stopping threads took: 0.0000600 seconds
114.673: Application time: 0.0448980 seconds
114.674: [GC [PSYoungGen: 21032K->1936K(21504K)] 44937K->25840K(69120K), 0.0008330 secs] [Times: user=0.00 sys=0.00, real=0.00 secs] 
114.674: Total time for which application threads were stopped: 0.0010020 seconds, Stopping threads took: 0.0000980 seconds
114.719: Application time: 0.0441870 seconds
114.719: [GC [PSYoungGen: 20477K->1984K(21504K)] 44381K->25888K(69120K), 0.0008140 secs] [Times: user=0.01 sys=0.00, real=0.00 secs] 
114.720: Total time for which application threads were stopped: 0.0009540 seconds, Stopping threads took: 0.0000720 seconds
114.764: Application time: 0.0447980 seconds
114.765: [GC [PSYoungGen: 20525K->880K(21504K)] 44429K->24784K(69120K), 0.0005640 secs] [Times: user=0.01 sys=0.00, real=0.00 secs] 
114.765: Total time for which application threads were stopped: 0.0008290 seconds, Stopping threads took: 0.0001970 seconds
114.809: Application time: 0.0437290 seconds
114.809: [GC [PSYoungGen: 19402K->2464K(21504K)] 43307K->26368K(69120K), 0.0010410 secs] [Times: user=0.00 sys=0.00, real=0.00 secs] 
114.810: Total time for which application threads were stopped: 0.0011880 seconds, Stopping threads took: 0.0000730 seconds
114.855: Application time: 0.0445620 seconds
114.855: [GC [PSYoungGen: 21237K->1904K(21504K)] 45142K->25808K(69120K), 0.0008910 secs] [Times: user=0.00 sys=0.00, real=0.00 secs] 
114.856: Total time for which application threads were stopped: 0.0010310 seconds, Stopping threads took: 0.0000690 seconds
114.901: Application time: 0.0449580 seconds
114.901: [GC [PSYoungGen: 20438K->2496K(21504K)] 44343K->26408K(69120K), 0.0009450 secs] [Times: user=0.01 sys=0.00, real=0.00 secs] 
114.902: Total time for which application threads were stopped: 0.0010840 seconds, Stopping threads took: 0.0000710 seconds
114.946: Application time: 0.0442700 seconds
114.946: [GC [PSYoungGen: 21115K->1968K(21504K)] 45028K->25880K(69120K), 0.0008030 secs] [Times: user=0.01 sys=0.00, real=0.00 secs] 
114.947: Total time for which application threads were stopped: 0.0009490 seconds, Stopping threads took: 0.0000780 seconds
114.990: Application time: 0.0433820 seconds
114.990: [GC [PSYoungGen: 20577K->2528K(21504K)] 44489K->26960K(69120K), 0.0010920 secs] [Times: user=0.01 sys=0.00, real=0.00 secs] 
114.992: Total time for which application threads were stopped: 0.0012360 seconds, Stopping threads took: 0.0000700 seconds
115.037: Application time: 0.0451010 seconds
115.037: [GC [PSYoungGen: 21149K->1920K(21504K)] 45582K->26352K(69120K), 0.0007810 secs] [Times: user=0.00 sys=0.00, real=0.00 secs] 
115.038: Total time for which application threads were stopped: 0.0009190 seconds, Stopping threads took: 0.0000660 seconds
115.081: Application time: 0.0432630 seconds
115.081: [GC [PSYoungGen: 20527K->2512K(21504K)] 44959K->27464K(69120K), 0.0010920 secs] [Times: user=0.01 sys=0.00, real=0.00 secs] 
115.082: Total time for which application threads were stopped: 0.0012430 seconds, Stopping threads took: 0.0000680 seconds
115.128: Application time: 0.0462970 seconds
115.129: [GC [PSYoungGen: 21133K->1968K(21504K)] 46086K->26928K(69120K), 0.0008230 secs] [Times: user=0.00 sys=0.00, real=0.00 secs] 
115.129: Total time for which application threads were stopped: 0.0009690 seconds, Stopping threads took: 0.0000740 seconds
115.172: Application time: 0.0429250 seconds
115.172: [GC [PSYoungGen: 20500K->2480K(21504K)] 45461K->27448K(69120K), 0.0010350 secs] [Times: user=0.01 sys=0.00, real=0.00 secs] 
115.173: Total time for which application threads were stopped: 0.0011730 seconds, Stopping threads took: 0.0000660 seconds
115.220: Application time: 0.0461130 seconds
115.220: [GC [PSYoungGen: 21023K->1408K(21504K)] 45991K->26376K(69120K), 0.0006600 secs] [Times: user=0.00 sys=0.00, real=0.00 secs] 
115.220: Total time for which application threads were stopped: 0.0007950 seconds, Stopping threads took: 0.0000720 seconds
115.264: Application time: 0.0438160 seconds
115.264: [GC [PSYoungGen: 19934K->2448K(21504K)] 44903K->27416K(69120K), 0.0009480 secs] [Times: user=0.01 sys=0.00, real=0.00 secs] 
115.265: Total time for which application threads were stopped: 0.0011090 seconds, Stopping threads took: 0.0000900 seconds
115.309: Application time: 0.0436090 seconds
115.309: [GC [PSYoungGen: 20984K->2480K(21504K)] 45953K->27448K(69120K), 0.0009570 secs] [Times: user=0.00 sys=0.00, real=0.00 secs] 
115.310: Total time for which application threads were stopped: 0.0010990 seconds, Stopping threads took: 0.0000730 seconds
115.356: Application time: 0.0458450 seconds
115.356: [GC [PSYoungGen: 21025K->896K(21504K)] 45993K->25864K(69120K), 0.0005190 secs] [Times: user=0.00 sys=0.00, real=0.01 secs] 
115.357: Total time for which application threads were stopped: 0.0006550 seconds, Stopping threads took: 0.0000700 seconds
115.400: Application time: 0.0431300 seconds
115.400: [GC [PSYoungGen: 19422K->2464K(21504K)] 44391K->27432K(69120K), 0.0009420 secs] [Times: user=0.01 sys=0.00, real=0.00 secs] 
115.401: Total time for which application threads were stopped: 0.0010820 seconds, Stopping threads took: 0.0000690 seconds
115.445: Application time: 0.0446340 seconds
115.446: [GC [PSYoungGen: 21003K->1952K(21504K)] 45971K->26920K(69120K), 0.0008370 secs] [Times: user=0.01 sys=0.00, real=0.00 secs] 
115.446: Total time for which application threads were stopped: 0.0009930 seconds, Stopping threads took: 0.0000800 seconds
115.491: Application time: 0.0443480 seconds
115.491: [GC [PSYoungGen: 20645K->1936K(21504K)] 45614K->26904K(69120K), 0.0008410 secs] [Times: user=0.01 sys=0.00, real=0.00 secs] 
115.492: Total time for which application threads were stopped: 0.0009730 seconds, Stopping threads took: 0.0000660 seconds
115.537: Application time: 0.0448470 seconds
115.537: [GC [PSYoungGen: 20545K->1920K(21504K)] 45513K->26896K(69120K), 0.0008020 secs] [Times: user=0.00 sys=0.00, real=0.00 secs] 
115.538: Total time for which application threads were stopped: 0.0009910 seconds, Stopping threads took: 0.0001190 seconds
115.582: Application time: 0.0443820 seconds
115.582: [GC [PSYoungGen: 20539K->1920K(21504K)] 45516K->26896K(69120K), 0.0007830 secs] [Times: user=0.00 sys=0.00, real=0.00 secs] 
115.583: Total time for which application threads were stopped: 0.0009230 seconds, Stopping threads took: 0.0000670 seconds
115.626: Application time: 0.0435670 seconds
115.627: [GC [PSYoungGen: 20531K->2384K(21504K)] 45508K->27368K(69120K), 0.0010160 secs] [Times: user=0.00 sys=0.00, real=0.00 secs] 
115.628: Total time for which application threads were stopped: 0.0011480 seconds, Stopping threads took: 0.0000630 seconds
115.672: Application time: 0.0447230 seconds
115.672: [GC [PSYoungGen: 21003K->1936K(21504K)] 45988K->26928K(69120K), 0.0007790 secs] [Times: user=0.00 sys=0.00, real=0.00 secs] 
115.673: Total time for which application threads were stopped: 0.0009110 seconds, Stopping threads took: 0.0000670 seconds
115.717: Application time: 0.0438170 seconds
115.717: [GC [PSYoungGen: 20551K->1936K(21504K)] 45543K->26936K(69120K), 0.0008010 secs] [Times: user=0.01 sys=0.00, real=0.00 secs] 
115.718: Total time for which application threads were stopped: 0.0009360 seconds, Stopping threads took: 0.0000680 seconds
115.763: Application time: 0.0447740 seconds
115.763: [GC [PSYoungGen: 20551K->1936K(21504K)] 45551K->26944K(69120K), 0.0007690 secs] [Times: user=0.01 sys=0.00, real=0.00 secs] 
115.764: Total time for which application threads were stopped: 0.0009460 seconds, Stopping threads took: 0.0001110 seconds
115.809: Application time: 0.0449320 seconds
115.809: [GC [PSYoungGen: 20468K->2464K(21504K)] 45477K->27480K(69120K), 0.0009280 secs] [Times: user=0.00 sys=0.00, real=0.00 secs] 
115.810: Total time for which application threads were stopped: 0.0010760 seconds, Stopping threads took: 0.0000710 seconds
115.855: Application time: 0.0453810 seconds
115.855: [GC [PSYoungGen: 21009K->912K(21504K)] 46025K->25928K(69120K), 0.0005250 secs] [Times: user=0.01 sys=0.00, real=0.00 secs] 
115.856: Total time for which application threads were stopped: 0.0006550 seconds, Stopping threads took: 0.0000660 seconds
115.897: Application time: 0.0414940 seconds
115.897: [GC [PSYoungGen: 19434K->2496K(21504K)] 44451K->27512K(69120K), 0.0009200 secs] [Times: user=0.00 sys=0.00, real=0.00 secs] 
115.898: Total time for which application threads were stopped: 0.0010660 seconds, Stopping threads took: 0.0000750 seconds
115.945: Application time: 0.0466230 seconds
115.945: [GC [PSYoungGen: 21039K->1392K(21504K)] 46055K->26408K(69120K), 0.0006470 secs] [Times: user=0.00 sys=0.00, real=0.00 secs] 
115.946: Total time for which application threads were stopped: 0.0007780 seconds, Stopping threads took: 0.0000670 seconds
115.988: Application time: 0.0422670 seconds
115.988: [GC [PSYoungGen: 19916K->2496K(21504K)] 44933K->28024K(69120K), 0.0011330 secs] [Times: user=0.01 sys=0.00, real=0.00 secs] 
115.989: Total time for which application threads were stopped: 0.0012840 seconds, Stopping threads took: 0.0000750 seconds
116.036: Application time: 0.0470650 seconds
116.036: [GC [PSYoungGen: 21041K->1424K(21504K)] 46570K->26952K(69120K), 0.0006510 secs] [Times: user=0.00 sys=0.00, real=0.00 secs] 
116.037: Total time for which application threads were stopped: 0.0007740 seconds, Stopping threads took: 0.0000610 seconds
116.079: Application time: 0.0414490 seconds
116.079: [GC [PSYoungGen: 19948K->2512K(21504K)] 45477K->28552K(69120K), 0.0010900 secs] [Times: user=0.00 sys=0.00, real=0.00 secs] 
116.080: Total time for which application threads were stopped: 0.0012480 seconds, Stopping threads took: 0.0000850 seconds
116.127: Application time: 0.0470450 seconds
116.127: [GC [PSYoungGen: 21135K->1376K(21504K)] 47176K->27416K(69120K), 0.0006280 secs] [Times: user=0.00 sys=0.00, real=0.00 secs] 
116.128: Total time for which application threads were stopped: 0.0007740 seconds, Stopping threads took: 0.0000760 seconds
116.169: Application time: 0.0412040 seconds
116.169: [GC [PSYoungGen: 20059K->2512K(21504K)] 46100K->29072K(69120K), 0.0011360 secs] [Times: user=0.01 sys=0.00, real=0.00 secs] 
116.170: Total time for which application threads were stopped: 0.0012770 seconds, Stopping threads took: 0.0000640 seconds
116.217: Application time: 0.0469090 seconds
116.217: [GC [PSYoungGen: 21135K->1392K(21504K)] 47696K->27960K(69120K), 0.0006370 secs] [Times: user=0.01 sys=0.00, real=0.00 secs] 
116.218: Total time for which application threads were stopped: 0.0007660 seconds, Stopping threads took: 0.0000640 seconds
116.261: Application time: 0.0428430 seconds
116.261: [GC [PSYoungGen: 19914K->2448K(21504K)] 46483K->29536K(69120K), 0.0011540 secs] [Times: user=0.00 sys=0.00, real=0.00 secs] 
116.262: Total time for which application threads were stopped: 0.0013090 seconds, Stopping threads took: 0.0000760 seconds
116.307: Application time: 0.0449490 seconds
116.307: [GC [PSYoungGen: 21147K->1952K(21504K)] 48236K->29048K(69120K), 0.0007830 secs] [Times: user=0.01 sys=0.00, real=0.00 secs] 
116.308: Total time for which application threads were stopped: 0.0010340 seconds, Stopping threads took: 0.0001830 seconds
116.352: Application time: 0.0437540 seconds
116.352: [GC [PSYoungGen: 20559K->2496K(21504K)] 47655K->30112K(69120K), 0.0011330 secs] [Times: user=0.01 sys=0.00, real=0.00 secs] 
116.353: Total time for which application threads were stopped: 0.0012800 seconds, Stopping threads took: 0.0000710 seconds
116.398: Application time: 0.0446690 seconds
116.398: [GC [PSYoungGen: 21117K->1376K(21504K)] 48734K->29000K(69120K), 0.0006390 secs] [Times: user=0.01 sys=0.00, real=0.00 secs] 
116.398: Total time for which application threads were stopped: 0.0007770 seconds, Stopping threads took: 0.0000740 seconds
116.443: Application time: 0.0442820 seconds
116.443: [GC [PSYoungGen: 19917K->848K(21504K)] 47541K->28480K(69120K), 0.0005320 secs] [Times: user=0.00 sys=0.00, real=0.00 secs] 
116.443: Total time for which application threads were stopped: 0.0006540 seconds, Stopping threads took: 0.0000630 seconds
116.487: Application time: 0.0432060 seconds
116.487: [GC [PSYoungGen: 19372K->2480K(21504K)] 47005K->30113K(69120K), 0.0009920 secs] [Times: user=0.00 sys=0.00, real=0.00 secs] 
116.488: Total time for which application threads were stopped: 0.0011480 seconds, Stopping threads took: 0.0000820 seconds
116.533: Application time: 0.0447760 seconds
116.533: [GC [PSYoungGen: 21021K->1408K(21504K)] 48653K->29040K(69120K), 0.0006250 secs] [Times: user=0.01 sys=0.00, real=0.00 secs] 
116.533: Total time for which application threads were stopped: 0.0007670 seconds, Stopping threads took: 0.0000800 seconds
116.577: Application time: 0.0433500 seconds
116.577: [GC [PSYoungGen: 19936K->2512K(21504K)] 47569K->30144K(69120K), 0.0009520 secs] [Times: user=0.01 sys=0.00, real=0.00 secs] 
116.578: Total time for which application threads were stopped: 0.0010980 seconds, Stopping threads took: 0.0000750 seconds
116.622: Application time: 0.0445370 seconds
116.622: [GC [PSYoungGen: 21051K->1952K(21504K)] 48683K->29584K(69120K), 0.0008380 secs] [Times: user=0.01 sys=0.00, real=0.00 secs] 
116.623: Total time for which application threads were stopped: 0.0009750 seconds, Stopping threads took: 0.0000710 seconds
116.667: Application time: 0.0433360 seconds
116.667: [GC [PSYoungGen: 20484K->2464K(21504K)] 48117K->30096K(69120K), 0.0009630 secs] [Times: user=0.00 sys=0.00, real=0.00 secs] 
116.668: Total time for which application threads were stopped: 0.0011190 seconds, Stopping threads took: 0.0000770 seconds
116.713: Application time: 0.0449350 seconds
116.713: [GC [PSYoungGen: 21003K->1936K(21504K)] 48635K->29568K(69120K), 0.0008700 secs] [Times: user=0.00 sys=0.00, real=0.00 secs] 
116.714: Total time for which application threads were stopped: 0.0009970 seconds, Stopping threads took: 0.0000560 seconds
116.758: Application time: 0.0443780 seconds
116.758: [GC [PSYoungGen: 20474K->1424K(21504K)] 48107K->29056K(69120K), 0.0006720 secs] [Times: user=0.00 sys=0.00, real=0.00 secs] 
116.759: Total time for which application threads were stopped: 0.0008160 seconds, Stopping threads took: 0.0000710 seconds
116.802: Application time: 0.0435530 seconds
116.803: [GC [PSYoungGen: 20187K->2480K(21504K)] 47820K->30632K(69120K), 0.0011140 secs] [Times: user=0.01 sys=0.00, real=0.00 secs] 
116.804: Total time for which application threads were stopped: 0.0012550 seconds, Stopping threads took: 0.0000700 seconds
116.850: Application time: 0.0463800 seconds
116.850: [GC [PSYoungGen: 21027K->848K(21504K)] 49180K->29008K(69120K), 0.0005460 secs] [Times: user=0.00 sys=0.00, real=0.00 secs] 
116.851: Total time for which application threads were stopped: 0.0006970 seconds, Stopping threads took: 0.0000830 seconds
116.893: Application time: 0.0424830 seconds
116.893: [GC [PSYoungGen: 19450K->2512K(21504K)] 47611K->30681K(69120K), 0.0009500 secs] [Times: user=0.01 sys=0.00, real=0.00 secs] 
116.894: Total time for which application threads were stopped: 0.0011700 seconds, Stopping threads took: 0.0001510 seconds
116.939: Application time: 0.0443990 seconds
116.939: [GC [PSYoungGen: 21211K->1344K(21504K)] 49380K->29513K(69120K), 0.0006910 secs] [Times: user=0.00 sys=0.00, real=0.00 secs] 
116.940: Total time for which application threads were stopped: 0.0008350 seconds, Stopping threads took: 0.0000780 seconds
116.984: Application time: 0.0438920 seconds
116.984: [GC [PSYoungGen: 19957K->1936K(21504K)] 48126K->30112K(69120K), 0.0007740 secs] [Times: user=0.00 sys=0.00, real=0.01 secs] 
116.984: Total time for which application threads were stopped: 0.0009090 seconds, Stopping threads took: 0.0000670 seconds
117.028: Application time: 0.0436130 seconds
117.028: [GC [PSYoungGen: 20470K->2464K(21504K)] 48647K->30648K(69120K), 0.0009330 secs] [Times: user=0.00 sys=0.00, real=0.00 secs] 
117.029: Total time for which application threads were stopped: 0.0010890 seconds, Stopping threads took: 0.0000770 seconds
117.074: Application time: 0.0449910 seconds
117.074: [GC [PSYoungGen: 21085K->1392K(21504K)] 49270K->29584K(69120K), 0.0006500 secs] [Times: user=0.00 sys=0.00, real=0.00 secs] 
117.075: Total time for which application threads were stopped: 0.0007760 seconds, Stopping threads took: 0.0000650 seconds
117.118: Application time: 0.0428990 seconds
117.118: [GC [PSYoungGen: 19916K->2496K(21504K)] 48109K->31201K(69120K), 0.0011090 secs] [Times: user=0.00 sys=0.00, real=0.00 secs] 
117.119: Total time for which application threads were stopped: 0.0012480 seconds, Stopping threads took: 0.0000640 seconds
117.166: Application time: 0.0468730 seconds
117.166: [GC [PSYoungGen: 21041K->1360K(21504K)] 49746K->30065K(69120K), 0.0006890 secs] [Times: user=0.00 sys=0.00, real=0.00 secs] 
117.167: Total time for which application threads were stopped: 0.0008230 seconds, Stopping threads took: 0.0000680 seconds
117.208: Application time: 0.0410220 seconds
117.208: [GC [PSYoungGen: 19884K->2512K(21504K)] 48589K->31729K(69120K), 0.0011080 secs] [Times: user=0.01 sys=0.00, real=0.00 secs] 
117.209: Total time for which application threads were stopped: 0.0012690 seconds, Stopping threads took: 0.0000780 seconds
117.255: Application time: 0.0455260 seconds
117.255: [GC [PSYoungGen: 21057K->1408K(21504K)] 50274K->30625K(69120K), 0.0006560 secs] [Times: user=0.01 sys=0.00, real=0.00 secs] 
117.255: Total time for which application threads were stopped: 0.0007900 seconds, Stopping threads took: 0.0000720 seconds
117.299: Application time: 0.0440850 seconds
117.300: [GC [PSYoungGen: 19940K->1920K(21504K)] 49157K->31137K(69120K), 0.0008040 secs] [Times: user=0.00 sys=0.00, real=0.00 secs] 
117.300: Total time for which application threads were stopped: 0.0009420 seconds, Stopping threads took: 0.0000720 seconds
117.343: Application time: 0.0430980 seconds
117.344: [GC [PSYoungGen: 20454K->2496K(21504K)] 49671K->31713K(69120K), 0.0009790 secs] [Times: user=0.00 sys=0.00, real=0.01 secs] 
117.345: Total time for which application threads were stopped: 0.0011220 seconds, Stopping threads took: 0.0000710 seconds
117.391: Application time: 0.0464560 seconds
117.391: [GC [PSYoungGen: 21037K->1984K(21504K)] 50253K->31200K(69120K), 0.0008500 secs] [Times: user=0.01 sys=0.00, real=0.00 secs] 
117.392: Total time for which application threads were stopped: 0.0009880 seconds, Stopping threads took: 0.0000670 seconds
117.434: Application time: 0.0423440 seconds
117.435: [GC [PSYoungGen: 20673K->2480K(21504K)] 49890K->31697K(69120K), 0.0009210 secs] [Times: user=0.00 sys=0.00, real=0.00 secs] 
117.435: Total time for which application threads were stopped: 0.0010750 seconds, Stopping threads took: 0.0000800 seconds
117.479: Application time: 0.0437330 seconds
117.479: [GC [PSYoungGen: 21089K->2480K(21504K)] 50305K->32729K(69120K), 0.0013920 secs] [Times: user=0.01 sys=0.00, real=0.00 secs] 
117.481: Total time for which application threads were stopped: 0.0015290 seconds, Stopping threads took: 0.0000610 seconds
117.527: Application time: 0.0463300 seconds
117.527: [GC [PSYoungGen: 21105K->1424K(21504K)] 51354K->31673K(69120K), 0.0006720 secs] [Times: user=0.00 sys=0.00, real=0.00 secs] 
117.528: Total time for which application threads were stopped: 0.0008140 seconds, Stopping threads took: 0.0000760 seconds
117.569: Application time: 0.0411500 seconds
117.569: [GC [PSYoungGen: 19946K->2512K(21504K)] 50195K->33793K(69120K), 0.0013000 secs] [Times: user=0.01 sys=0.00, real=0.00 secs] 
117.571: Total time for which application threads were stopped: 0.0014460 seconds, Stopping threads took: 0.0000690 seconds
117.617: Application time: 0.0469520 seconds
117.618: [GC [PSYoungGen: 21292K->1920K(21504K)] 52573K->33217K(69120K), 0.0008190 secs] [Times: user=0.00 sys=0.00, real=0.00 secs] 
117.618: Total time for which application threads were stopped: 0.0009530 seconds, Stopping threads took: 0.0000700 seconds
117.662: Application time: 0.0432380 seconds
117.662: [GC [PSYoungGen: 20452K->2496K(21504K)] 51749K->33801K(69120K), 0.0009460 secs] [Times: user=0.00 sys=0.00, real=0.00 secs] 
117.663: Total time for which application threads were stopped: 0.0010830 seconds, Stopping threads took: 0.0000670 seconds
117.708: Application time: 0.0447660 seconds
117.708: [GC [PSYoungGen: 21115K->1952K(21504K)] 52420K->33257K(69120K), 0.0008150 secs] [Times: user=0.00 sys=0.00, real=0.00 secs] 
117.708: Total time for which application threads were stopped: 0.0009460 seconds, Stopping threads took: 0.0000620 seconds
117.754: Application time: 0.0459710 seconds
117.755: [GC [PSYoungGen: 20486K->2480K(21504K)] 51791K->33793K(69120K), 0.0009380 secs] [Times: user=0.01 sys=0.00, real=0.00 secs] 
117.756: Total time for which application threads were stopped: 0.0010870 seconds, Stopping threads took: 0.0000720 seconds
117.800: Application time: 0.0441840 seconds
117.800: [GC [PSYoungGen: 21021K->1904K(21504K)] 52334K->33217K(69120K), 0.0008320 secs] [Times: user=0.00 sys=0.00, real=0.00 secs] 
117.801: Total time for which application threads were stopped: 0.0009690 seconds, Stopping threads took: 0.0000680 seconds
117.846: Application time: 0.0455750 seconds
117.846: [GC [PSYoungGen: 20438K->1904K(21504K)] 51751K->33217K(69120K), 0.0008000 secs] [Times: user=0.00 sys=0.00, real=0.00 secs] 
117.847: Total time for which application threads were stopped: 0.0009380 seconds, Stopping threads took: 0.0000710 seconds
117.888: Application time: 0.0413000 seconds
117.889: [GC [PSYoungGen: 20432K->2480K(21504K)] 51745K->34305K(69120K), 0.0011350 secs] [Times: user=0.01 sys=0.00, real=0.00 secs] 
117.890: Total time for which application threads were stopped: 0.0012770 seconds, Stopping threads took: 0.0000680 seconds
117.937: Application time: 0.0467380 seconds
117.937: [GC [PSYoungGen: 21023K->1952K(21504K)] 52848K->33777K(69120K), 0.0008310 secs] [Times: user=0.01 sys=0.00, real=0.00 secs] 
117.937: Total time for which application threads were stopped: 0.0009610 seconds, Stopping threads took: 0.0000680 seconds
117.979: Application time: 0.0412750 seconds
117.979: [GC [PSYoungGen: 20476K->2512K(21504K)] 52301K->34849K(69120K), 0.0011100 secs] [Times: user=0.01 sys=0.00, real=0.00 secs] 
117.980: Total time for which application threads were stopped: 0.0012600 seconds, Stopping threads took: 0.0000760 seconds
118.027: Application time: 0.0469870 seconds
118.027: [GC [PSYoungGen: 21057K->1936K(21504K)] 53394K->34273K(69120K), 0.0008120 secs] [Times: user=0.00 sys=0.00, real=0.00 secs] 
118.028: Total time for which application threads were stopped: 0.0009580 seconds, Stopping threads took: 0.0000790 seconds
118.071: Application time: 0.0430050 seconds
118.071: [GC [PSYoungGen: 20541K->2480K(21504K)] 52878K->35329K(69120K), 0.0011190 secs] [Times: user=0.01 sys=0.00, real=0.00 secs] 
118.072: Total time for which application threads were stopped: 0.0012660 seconds, Stopping threads took: 0.0000740 seconds
118.118: Application time: 0.0460160 seconds
118.118: [GC [PSYoungGen: 21179K->1888K(21504K)] 54028K->34745K(69120K), 0.0007910 secs] [Times: user=0.00 sys=0.00, real=0.00 secs] 
118.119: Total time for which application threads were stopped: 0.0009340 seconds, Stopping threads took: 0.0000730 seconds
118.161: Application time: 0.0422920 seconds
118.162: [GC [PSYoungGen: 20494K->2480K(21504K)] 53352K->35857K(69120K), 0.0011370 secs] [Times: user=0.01 sys=0.00, real=0.00 secs] 
118.163: Total time for which application threads were stopped: 0.0012860 seconds, Stopping threads took: 0.0000780 seconds
118.209: Application time: 0.0459830 seconds
118.209: [GC [PSYoungGen: 21025K->1344K(21504K)] 54402K->34729K(69120K), 0.0006470 secs] [Times: user=0.01 sys=0.00, real=0.00 secs] 
118.210: Total time for which application threads were stopped: 0.0007780 seconds, Stopping threads took: 0.0000630 seconds
118.254: Application time: 0.0447250 seconds
118.254: [GC [PSYoungGen: 20115K->880K(21504K)] 53500K->34265K(69120K), 0.0005440 secs] [Times: user=0.00 sys=0.00, real=0.00 secs] 
118.255: Total time for which application threads were stopped: 0.0006770 seconds, Stopping threads took: 0.0000630 seconds
118.299: Application time: 0.0435830 seconds
118.299: [GC [PSYoungGen: 19404K->2496K(21504K)] 52789K->35889K(69120K), 0.0009480 secs] [Times: user=0.01 sys=0.00, real=0.00 secs] 
118.300: Total time for which application threads were stopped: 0.0011290 seconds, Stopping threads took: 0.0000910 seconds
118.346: Application time: 0.0466980 seconds
118.348: [GC [PSYoungGen: 21121K->288K(21504K)] 54514K->33681K(69120K), 0.0004820 secs] [Times: user=0.00 sys=0.00, real=0.00 secs] 
118.349: Total time for which application threads were stopped: 0.0022620 seconds, Stopping threads took: 0.0017210 seconds
118.391: Application time: 0.0419910 seconds
118.391: [GC [PSYoungGen: 18808K->2496K(21504K)] 52201K->35897K(69120K), 0.0009690 secs] [Times: user=0.00 sys=0.00, real=0.00 secs] 
118.392: Total time for which application threads were stopped: 0.0011130 seconds, Stopping threads took: 0.0000740 seconds
118.438: Application time: 0.0460010 seconds
118.438: [GC [PSYoungGen: 21039K->1392K(21504K)] 54440K->34793K(69120K), 0.0007260 secs] [Times: user=0.01 sys=0.00, real=0.00 secs] 
118.439: Total time for which application threads were stopped: 0.0008550 seconds, Stopping threads took: 0.0000620 seconds
118.482: Application time: 0.0431330 seconds
118.482: [GC [PSYoungGen: 19924K->1936K(21504K)] 53325K->35337K(69120K), 0.0008060 secs] [Times: user=0.00 sys=0.00, real=0.00 secs] 
118.483: Total time for which application threads were stopped: 0.0009430 seconds, Stopping threads took: 0.0000680 seconds
118.528: Application time: 0.0454610 seconds
118.528: [GC [PSYoungGen: 20466K->2512K(21504K)] 53867K->36425K(69120K), 0.0011340 secs] [Times: user=0.01 sys=0.00, real=0.00 secs] 
118.529: Total time for which application threads were stopped: 0.0012720 seconds, Stopping threads took: 0.0000660 seconds
118.576: Application time: 0.0468690 seconds
118.580: [GC [PSYoungGen: 21059K->912K(21504K)] 54972K->34825K(69120K), 0.0007140 secs] [Times: user=0.00 sys=0.00, real=0.00 secs] 
118.581: Total time for which application threads were stopped: 0.0047510 seconds, Stopping threads took: 0.0039410 seconds
118.627: Application time: 0.0456680 seconds
118.627: [GC [PSYoungGen: 19438K->2528K(21504K)] 53351K->36953K(69120K), 0.0010950 secs] [Times: user=0.00 sys=0.00, real=0.00 secs] 
118.628: Total time for which application threads were stopped: 0.0012370 seconds, Stopping threads took: 0.0000720 seconds
118.674: Application time: 0.0457880 seconds
118.674: [GC [PSYoungGen: 21073K->1392K(21504K)] 55498K->35817K(69120K), 0.0006870 secs] [Times: user=0.00 sys=0.00, real=0.00 secs] 
118.675: Total time for which application threads were stopped: 0.0008320 seconds, Stopping threads took: 0.0000760 seconds
118.718: Application time: 0.0436060 seconds
118.718: [GC [PSYoungGen: 19998K->2432K(21504K)] 54424K->37369K(69120K), 0.0011770 secs] [Times: user=0.01 sys=0.00, real=0.00 secs] 
118.719: Total time for which application threads were stopped: 0.0013280 seconds, Stopping threads took: 0.0000760 seconds
118.764: Application time: 0.0446480 seconds
118.764: [GC [PSYoungGen: 21131K->1952K(21504K)] 56068K->36897K(69120K), 0.0008150 secs] [Times: user=0.01 sys=0.00, real=0.00 secs] 
118.765: Total time for which application threads were stopped: 0.0009450 seconds, Stopping threads took: 0.0000650 seconds
118.809: Application time: 0.0434750 seconds
118.809: [GC [PSYoungGen: 20476K->2496K(21504K)] 55421K->38473K(69120K), 0.0012870 secs] [Times: user=0.00 sys=0.00, real=0.00 secs] 
118.810: Total time for which application threads were stopped: 0.0014450 seconds, Stopping threads took: 0.0000730 seconds
118.856: Application time: 0.0455120 seconds
118.856: [GC [PSYoungGen: 21121K->1424K(21504K)] 57098K->37409K(69120K), 0.0006920 secs] [Times: user=0.00 sys=0.00, real=0.01 secs] 
118.856: Total time for which application threads were stopped: 0.0008420 seconds, Stopping threads took: 0.0000800 seconds
118.900: Application time: 0.0432080 seconds
118.900: [GC [PSYoungGen: 20181K->2512K(21504K)] 56166K->39521K(69120K), 0.0013280 secs] [Times: user=0.01 sys=0.00, real=0.00 secs] 
118.901: Total time for which application threads were stopped: 0.0014800 seconds, Stopping threads took: 0.0000760 seconds
118.946: Application time: 0.0453870 seconds
118.947: [GC [PSYoungGen: 21057K->1984K(21504K)] 58066K->39001K(69120K), 0.0009000 secs] [Times: user=0.01 sys=0.00, real=0.00 secs] 
118.948: Total time for which application threads were stopped: 0.0010460 seconds, Stopping threads took: 0.0000760 seconds
118.990: Application time: 0.0427570 seconds
118.990: [GC [PSYoungGen: 20508K->2496K(21504K)] 57525K->40537K(69120K), 0.0013000 secs] [Times: user=0.01 sys=0.00, real=0.00 secs] 
118.992: Total time for which application threads were stopped: 0.0014470 seconds, Stopping threads took: 0.0000720 seconds
119.037: Application time: 0.0456630 seconds
119.037: [GC [PSYoungGen: 21119K->1904K(21504K)] 59160K->39953K(69120K), 0.0008330 secs] [Times: user=0.01 sys=0.00, real=0.00 secs] 
119.038: Total time for which application threads were stopped: 0.0009720 seconds, Stopping threads took: 0.0000700 seconds
119.082: Application time: 0.0441410 seconds
119.083: [GC [PSYoungGen: 20432K->2496K(21504K)] 58481K->41057K(69120K), 0.0011330 secs] [Times: user=0.01 sys=0.00, real=0.00 secs] 
119.084: Total time for which application threads were stopped: 0.0012830 seconds, Stopping threads took: 0.0000750 seconds
119.128: Application time: 0.0446790 seconds
119.129: [GC [PSYoungGen: 21039K->1920K(21504K)] 59600K->40481K(69120K), 0.0008110 secs] [Times: user=0.00 sys=0.00, real=0.00 secs] 
119.129: Total time for which application threads were stopped: 0.0009450 seconds, Stopping threads took: 0.0000670 seconds
119.172: Application time: 0.0425490 seconds
119.172: [GC [PSYoungGen: 20448K->2480K(21504K)] 59009K->41553K(69120K), 0.0011750 secs] [Times: user=0.01 sys=0.00, real=0.00 secs] 
119.173: Total time for which application threads were stopped: 0.0013250 seconds, Stopping threads took: 0.0000780 seconds
119.219: Application time: 0.0456180 seconds
119.219: [GC [PSYoungGen: 21023K->1904K(21504K)] 60096K->40977K(69120K), 0.0008110 secs] [Times: user=0.01 sys=0.00, real=0.00 secs] 
119.220: Total time for which application threads were stopped: 0.0009550 seconds, Stopping threads took: 0.0000730 seconds
119.263: Application time: 0.0431490 seconds
119.263: [GC [PSYoungGen: 20436K->2480K(21504K)] 59510K->41553K(69120K), 0.0009880 secs] [Times: user=0.01 sys=0.00, real=0.01 secs] 
119.264: Total time for which application threads were stopped: 0.0011360 seconds, Stopping threads took: 0.0000730 seconds
119.310: Application time: 0.0455930 seconds
119.310: [GC [PSYoungGen: 21023K->1408K(21504K)] 60096K->40481K(69120K), 0.0006960 secs] [Times: user=0.01 sys=0.00, real=0.00 secs] 
119.311: Total time for which application threads were stopped: 0.0008400 seconds, Stopping threads took: 0.0000640 seconds
119.353: Application time: 0.0421120 seconds
119.353: [GC [PSYoungGen: 20017K->2464K(21504K)] 59090K->41537K(69120K), 0.0009820 secs] [Times: user=0.01 sys=0.00, real=0.00 secs] 
119.354: Total time for which application threads were stopped: 0.0011220 seconds, Stopping threads took: 0.0000710 seconds
119.399: Application time: 0.0450020 seconds
119.399: [GC [PSYoungGen: 21085K->1376K(21504K)] 60158K->40457K(69120K), 0.0006850 secs] [Times: user=0.00 sys=0.00, real=0.00 secs] 
119.400: Total time for which application threads were stopped: 0.0008940 seconds, Stopping threads took: 0.0001420 seconds
119.442: Application time: 0.0425740 seconds
119.442: [GC [PSYoungGen: 19983K->2480K(21504K)] 59064K->41569K(69120K), 0.0009670 secs] [Times: user=0.01 sys=0.00, real=0.00 secs] 
119.443: Total time for which application threads were stopped: 0.0011400 seconds, Stopping threads took: 0.0001030 seconds
119.487: Application time: 0.0437520 seconds
119.487: [GC [PSYoungGen: 21095K->2416K(21504K)] 60184K->41505K(69120K), 0.0010110 secs] [Times: user=0.00 sys=0.00, real=0.00 secs] 
119.488: Total time for which application threads were stopped: 0.0011600 seconds, Stopping threads took: 0.0000680 seconds
119.533: Application time: 0.0442970 seconds
119.533: [GC [PSYoungGen: 21191K->1952K(21504K)] 60281K->41049K(69120K), 0.0007830 secs] [Times: user=0.00 sys=0.00, real=0.00 secs] 
119.534: Total time for which application threads were stopped: 0.0009110 seconds, Stopping threads took: 0.0000590 seconds
119.576: Application time: 0.0427650 seconds
119.576: [GC [PSYoungGen: 20484K->2464K(21504K)] 59582K->41569K(69120K), 0.0010340 secs] [Times: user=0.00 sys=0.00, real=0.00 secs] 
119.578: Total time for which application threads were stopped: 0.0011800 seconds, Stopping threads took: 0.0000740 seconds
119.623: Application time: 0.0451650 seconds
119.623: [GC [PSYoungGen: 21005K->1888K(21504K)] 60110K->40993K(69120K), 0.0008110 secs] [Times: user=0.01 sys=0.00, real=0.00 secs] 
119.624: Total time for which application threads were stopped: 0.0009530 seconds, Stopping threads took: 0.0000730 seconds
119.667: Application time: 0.0431050 seconds
119.667: [GC [PSYoungGen: 20503K->1952K(21504K)] 59608K->41057K(69120K), 0.0008050 secs] [Times: user=0.01 sys=0.00, real=0.00 secs] 
119.668: Total time for which application threads were stopped: 0.0010200 seconds, Stopping threads took: 0.0001470 seconds
119.713: Application time: 0.0455160 seconds
119.713: [GC [PSYoungGen: 20488K->1952K(21504K)] 59594K->41065K(69120K), 0.0008610 secs] [Times: user=0.00 sys=0.00, real=0.00 secs] 
119.714: Total time for which application threads were stopped: 0.0009900 seconds, Stopping threads took: 0.0000590 seconds
119.759: Application time: 0.0446370 seconds
119.759: [GC [PSYoungGen: 20488K->1920K(21504K)] 59602K->41033K(69120K), 0.0008120 secs] [Times: user=0.01 sys=0.00, real=0.00 secs] 
119.760: Total time for which application threads were stopped: 0.0009620 seconds, Stopping threads took: 0.0000760 seconds
119.803: Application time: 0.0434100 seconds
119.803: [GC [PSYoungGen: 20452K->2480K(21504K)] 59566K->41593K(69120K), 0.0009780 secs] [Times: user=0.01 sys=0.00, real=0.01 secs] 
119.804: Total time for which application threads were stopped: 0.0011320 seconds, Stopping threads took: 0.0000850 seconds
119.851: Application time: 0.0470320 seconds
119.852: [GC [PSYoungGen: 21021K->2000K(21504K)] 60134K->41113K(69120K), 0.0008160 secs] [Times: user=0.00 sys=0.00, real=0.00 secs] 
119.852: Total time for which application threads were stopped: 0.0009660 seconds, Stopping threads took: 0.0000750 seconds
119.893: Application time: 0.0405650 seconds
119.893: [GC [PSYoungGen: 20528K->2416K(21504K)] 59641K->42041K(69120K), 0.0011580 secs] [Times: user=0.01 sys=0.00, real=0.00 secs] 
119.894: Total time for which application threads were stopped: 0.0013190 seconds, Stopping threads took: 0.0000910 seconds
119.943: Application time: 0.0484320 seconds
119.943: [GC [PSYoungGen: 20959K->1936K(21504K)] 60584K->41561K(69120K), 0.0009280 secs] [Times: user=0.00 sys=0.00, real=0.00 secs] 
119.944: Total time for which application threads were stopped: 0.0010560 seconds, Stopping threads took: 0.0000640 seconds
119.987: Application time: 0.0427520 seconds
119.987: [GC [PSYoungGen: 20547K->2448K(21504K)] 60172K->42073K(69120K), 0.0010030 secs] [Times: user=0.01 sys=0.00, real=0.00 secs] 
119.988: Total time for which application threads were stopped: 0.0011580 seconds, Stopping threads took: 0.0000840 seconds
120.033: Application time: 0.0449010 seconds
120.033: [GC [PSYoungGen: 21063K->2496K(21504K)] 60688K->42129K(69120K), 0.0009550 secs] [Times: user=0.01 sys=0.00, real=0.00 secs] 
120.034: Total time for which application threads were stopped: 0.0010900 seconds, Stopping threads took: 0.0000690 seconds
120.079: Application time: 0.0449630 seconds
120.079: [GC [PSYoungGen: 21111K->2432K(21504K)] 60744K->42081K(69120K), 0.0009630 secs] [Times: user=0.01 sys=0.00, real=0.00 secs] 
120.080: Total time for which application threads were stopped: 0.0011060 seconds, Stopping threads took: 0.0000710 seconds
120.125: Application time: 0.0451110 seconds
120.128: [GC [PSYoungGen: 21053K->1392K(21504K)] 60702K->41049K(69120K), 0.0007510 secs] [Times: user=0.00 sys=0.00, real=0.00 secs] 
120.129: Total time for which application threads were stopped: 0.0039850 seconds, Stopping threads took: 0.0031680 seconds
120.174: Application time: 0.0446330 seconds
120.174: [GC [PSYoungGen: 20085K->1408K(21504K)] 59742K->41073K(69120K), 0.0006640 secs] [Times: user=0.00 sys=0.00, real=0.00 secs] 
120.174: Total time for which application threads were stopped: 0.0007920 seconds, Stopping threads took: 0.0000570 seconds
120.218: Application time: 0.0439610 seconds
120.218: [GC [PSYoungGen: 20017K->1936K(21504K)] 59682K->41609K(69120K), 0.0008220 secs] [Times: user=0.00 sys=0.00, real=0.00 secs] 
120.219: Total time for which application threads were stopped: 0.0010420 seconds, Stopping threads took: 0.0001550 seconds
120.263: Application time: 0.0436490 seconds
120.263: [GC [PSYoungGen: 20470K->1920K(21504K)] 60144K->41593K(69120K), 0.0008290 secs] [Times: user=0.00 sys=0.00, real=0.00 secs] 
120.264: Total time for which application threads were stopped: 0.0009690 seconds, Stopping threads took: 0.0000710 seconds
120.308: Application time: 0.0441940 seconds
120.308: [GC [PSYoungGen: 20537K->1360K(21504K)] 60210K->41033K(69120K), 0.0006520 secs] [Times: user=0.00 sys=0.00, real=0.00 secs] 
120.309: Total time for which application threads were stopped: 0.0008950 seconds, Stopping threads took: 0.0001730 seconds
120.352: Application time: 0.0430210 seconds
120.352: [GC [PSYoungGen: 19888K->2432K(21504K)] 59561K->42113K(69120K), 0.0009880 secs] [Times: user=0.00 sys=0.00, real=0.00 secs] 
120.353: Total time for which application threads were stopped: 0.0012050 seconds, Stopping threads took: 0.0001360 seconds
120.400: Application time: 0.0467620 seconds
120.400: [GC [PSYoungGen: 20975K->1344K(21504K)] 60656K->41025K(69120K), 0.0006770 secs] [Times: user=0.01 sys=0.00, real=0.00 secs] 
120.401: Total time for which application threads were stopped: 0.0008140 seconds, Stopping threads took: 0.0000690 seconds
120.442: Application time: 0.0414390 seconds
120.442: [GC [PSYoungGen: 19868K->2416K(21504K)] 59549K->42609K(69120K), 0.0011390 secs] [Times: user=0.00 sys=0.00, real=0.00 secs] 
120.444: Total time for which application threads were stopped: 0.0012860 seconds, Stopping threads took: 0.0000710 seconds
120.491: Application time: 0.0473670 seconds
120.491: [GC [PSYoungGen: 20961K->1408K(21504K)] 61154K->41601K(69120K), 0.0006650 secs] [Times: user=0.00 sys=0.00, real=0.00 secs] 
120.492: Total time for which application threads were stopped: 0.0007870 seconds, Stopping threads took: 0.0000590 seconds
120.533: Application time: 0.0413070 seconds
120.533: [GC [PSYoungGen: 19936K->2496K(21504K)] 60129K->42689K(69120K), 0.0010120 secs] [Times: user=0.01 sys=0.00, real=0.00 secs] 
120.534: Total time for which application threads were stopped: 0.0011560 seconds, Stopping threads took: 0.0000750 seconds
120.581: Application time: 0.0467380 seconds
120.581: [GC [PSYoungGen: 21039K->1440K(21504K)] 61232K->41633K(69120K), 0.0007640 secs] [Times: user=0.00 sys=0.00, real=0.00 secs] 
120.582: Total time for which application threads were stopped: 0.0008950 seconds, Stopping threads took: 0.0000620 seconds
120.625: Application time: 0.0427720 seconds
120.625: [GC [PSYoungGen: 19968K->2448K(21504K)] 60161K->42641K(69120K), 0.0009750 secs] [Times: user=0.00 sys=0.00, real=0.00 secs] 
120.626: Total time for which application threads were stopped: 0.0011090 seconds, Stopping threads took: 0.0000650 seconds
120.671: Application time: 0.0454540 seconds
120.671: [GC [PSYoungGen: 21147K->1440K(21504K)] 61340K->41641K(69120K), 0.0006730 secs] [Times: user=0.00 sys=0.00, real=0.00 secs] 
120.672: Total time for which application threads were stopped: 0.0008150 seconds, Stopping threads took: 0.0000740 seconds
120.716: Application time: 0.0435540 seconds
120.716: [GC [PSYoungGen: 20047K->1904K(21504K)] 60248K->42113K(69120K), 0.0008670 secs] [Times: user=0.00 sys=0.00, real=0.01 secs] 
120.717: Total time for which application threads were stopped: 0.0010130 seconds, Stopping threads took: 0.0000710 seconds
120.761: Application time: 0.0447820 seconds
120.761: [GC [PSYoungGen: 20521K->1904K(21504K)] 60730K->42121K(69120K), 0.0008190 secs] [Times: user=0.00 sys=0.00, real=0.00 secs] 
120.762: Total time for which application threads were stopped: 0.0009650 seconds, Stopping threads took: 0.0000760 seconds
120.806: Application time: 0.0437970 seconds
120.806: [GC [PSYoungGen: 20593K->2464K(21504K)] 60810K->42689K(69120K), 0.0009510 secs] [Times: user=0.00 sys=0.00, real=0.00 secs] 
120.807: Total time for which application threads were stopped: 0.0010960 seconds, Stopping threads took: 0.0000730 seconds
120.852: Application time: 0.0445490 seconds
120.852: [GC [PSYoungGen: 21083K->1888K(21504K)] 61308K->42121K(69120K), 0.0008020 secs] [Times: user=0.00 sys=0.00, real=0.00 secs] 
120.853: Total time for which application threads were stopped: 0.0009490 seconds, Stopping threads took: 0.0000760 seconds
120.896: Application time: 0.0436310 seconds
120.896: [GC [PSYoungGen: 20424K->1888K(21504K)] 60658K->42129K(69120K), 0.0008410 secs] [Times: user=0.01 sys=0.00, real=0.00 secs] 
120.897: Total time for which application threads were stopped: 0.0010070 seconds, Stopping threads took: 0.0000860 seconds
120.940: Application time: 0.0429660 seconds
120.940: [GC [PSYoungGen: 20494K->2464K(21504K)] 60736K->43217K(69120K), 0.0011160 secs] [Times: user=0.01 sys=0.00, real=0.00 secs] 
120.942: Total time for which application threads were stopped: 0.0012540 seconds, Stopping threads took: 0.0000610 seconds
120.986: Application time: 0.0448540 seconds
120.987: [GC [PSYoungGen: 21007K->1952K(21504K)] 61760K->42713K(69120K), 0.0008340 secs] [Times: user=0.00 sys=0.00, real=0.00 secs] 
120.987: Total time for which application threads were stopped: 0.0009680 seconds, Stopping threads took: 0.0000670 seconds
121.031: Application time: 0.0436290 seconds
121.031: [GC [PSYoungGen: 20480K->2496K(21504K)] 61242K->43769K(69120K), 0.0011500 secs] [Times: user=0.00 sys=0.00, real=0.00 secs] 
121.032: Total time for which application threads were stopped: 0.0012940 seconds, Stopping threads took: 0.0000680 seconds
121.077: Application time: 0.0445830 seconds
121.077: [GC [PSYoungGen: 21035K->2496K(21504K)] 62308K->43769K(69120K), 0.0010230 secs] [Times: user=0.01 sys=0.00, real=0.00 secs] 
121.078: Total time for which application threads were stopped: 0.0011750 seconds, Stopping threads took: 0.0000810 seconds
121.123: Application time: 0.0449080 seconds
121.123: [GC [PSYoungGen: 21041K->864K(21504K)] 62314K->42137K(69120K), 0.0005620 secs] [Times: user=0.00 sys=0.00, real=0.00 secs] 
121.124: Total time for which application threads were stopped: 0.0006940 seconds, Stopping threads took: 0.0000670 seconds
121.167: Application time: 0.0429420 seconds
121.167: [GC [PSYoungGen: 19388K->2464K(21504K)] 60661K->43737K(69120K), 0.0009650 secs] [Times: user=0.01 sys=0.00, real=0.00 secs] 
121.168: Total time for which application threads were stopped: 0.0011100 seconds, Stopping threads took: 0.0000760 seconds
121.213: Application time: 0.0451150 seconds
121.213: [GC [PSYoungGen: 21009K->880K(21504K)] 62282K->42153K(69120K), 0.0005580 secs] [Times: user=0.00 sys=0.00, real=0.00 secs] 
121.214: Total time for which application threads were stopped: 0.0006960 seconds, Stopping threads took: 0.0000680 seconds
121.258: Application time: 0.0443560 seconds
121.258: [GC [PSYoungGen: 19408K->1920K(21504K)] 60681K->43193K(69120K), 0.0008420 secs] [Times: user=0.01 sys=0.00, real=0.00 secs] 
121.259: Total time for which application threads were stopped: 0.0009670 seconds, Stopping threads took: 0.0000560 seconds
121.303: Application time: 0.0444200 seconds
121.303: [GC [PSYoungGen: 20611K->2496K(21504K)] 61884K->43769K(69120K), 0.0009800 secs] [Times: user=0.01 sys=0.00, real=0.01 secs] 
121.304: Total time for which application threads were stopped: 0.0011330 seconds, Stopping threads took: 0.0000740 seconds
121.349: Application time: 0.0441000 seconds
121.349: [GC [PSYoungGen: 21107K->2464K(21504K)] 62380K->43745K(69120K), 0.0009670 secs] [Times: user=0.01 sys=0.00, real=0.00 secs] 
121.350: Total time for which application threads were stopped: 0.0011140 seconds, Stopping threads took: 0.0000730 seconds
121.395: Application time: 0.0453100 seconds
121.395: [GC [PSYoungGen: 21087K->1392K(21504K)] 62368K->42681K(69120K), 0.0006590 secs] [Times: user=0.00 sys=0.00, real=0.00 secs] 
121.396: Total time for which application threads were stopped: 0.0007940 seconds, Stopping threads took: 0.0000670 seconds
121.439: Application time: 0.0434980 seconds
121.439: [GC [PSYoungGen: 20073K->2512K(21504K)] 61362K->44321K(69120K), 0.0011440 secs] [Times: user=0.00 sys=0.00, real=0.00 secs] 
121.441: Total time for which application threads were stopped: 0.0013040 seconds, Stopping threads took: 0.0000740 seconds
121.486: Application time: 0.0457540 seconds
121.486: [GC [PSYoungGen: 21053K->1936K(21504K)] 62862K->43753K(69120K), 0.0008440 secs] [Times: user=0.00 sys=0.00, real=0.00 secs] 
121.487: Total time for which application threads were stopped: 0.0009770 seconds, Stopping threads took: 0.0000670 seconds
121.529: Application time: 0.0416320 seconds
121.529: [GC [PSYoungGen: 20543K->2480K(21504K)] 62360K->44817K(69120K), 0.0011450 secs] [Times: user=0.00 sys=0.00, real=0.00 secs] 
121.530: Total time for which application threads were stopped: 0.0012920 seconds, Stopping threads took: 0.0000770 seconds
121.577: Application time: 0.0464770 seconds
121.577: [GC [PSYoungGen: 21101K->1952K(21504K)] 63438K->44289K(69120K), 0.0008250 secs] [Times: user=0.01 sys=0.00, real=0.00 secs] 
121.578: Total time for which application threads were stopped: 0.0009550 seconds, Stopping threads took: 0.0000620 seconds
121.621: Application time: 0.0436770 seconds
121.621: [GC [PSYoungGen: 20484K->2496K(21504K)] 62822K->44841K(69120K), 0.0009720 secs] [Times: user=0.00 sys=0.00, real=0.00 secs] 
121.622: Total time for which application threads were stopped: 0.0011040 seconds, Stopping threads took: 0.0000630 seconds
121.666: Application time: 0.0436780 seconds
121.666: [GC [PSYoungGen: 21028K->2496K(21504K)] 63374K->45353K(69120K), 0.0011180 secs] [Times: user=0.01 sys=0.00, real=0.00 secs] 
121.667: Total time for which application threads were stopped: 0.0012640 seconds, Stopping threads took: 0.0000700 seconds
121.714: Application time: 0.0461610 seconds
121.714: [GC [PSYoungGen: 21043K->896K(21504K)] 63900K->43753K(69120K), 0.0005570 secs] [Times: user=0.00 sys=0.00, real=0.00 secs] 
121.714: Total time for which application threads were stopped: 0.0006970 seconds, Stopping threads took: 0.0000750 seconds
121.756: Application time: 0.0414740 seconds
121.756: [GC [PSYoungGen: 19416K->2528K(21504K)] 62273K->45897K(69120K), 0.0011770 secs] [Times: user=0.01 sys=0.00, real=0.01 secs] 
121.757: Total time for which application threads were stopped: 0.0013300 seconds, Stopping threads took: 0.0000770 seconds
121.806: Application time: 0.0487370 seconds
121.806: [GC [PSYoungGen: 21073K->848K(21504K)] 64442K->44217K(69120K), 0.0005660 secs] [Times: user=0.00 sys=0.00, real=0.00 secs] 
121.807: Total time for which application threads were stopped: 0.0007020 seconds, Stopping threads took: 0.0000700 seconds
121.847: Application time: 0.0409890 seconds
121.848: [GC [PSYoungGen: 19372K->2496K(21504K)] 62741K->45865K(69120K), 0.0010160 secs] [Times: user=0.01 sys=0.00, real=0.00 secs] 
121.849: Total time for which application threads were stopped: 0.0011650 seconds, Stopping threads took: 0.0000780 seconds
121.896: Application time: 0.0471280 seconds
121.896: [GC [PSYoungGen: 21039K->1440K(21504K)] 64408K->44809K(69120K), 0.0006910 secs] [Times: user=0.00 sys=0.00, real=0.01 secs] 
121.897: Total time for which application threads were stopped: 0.0008300 seconds, Stopping threads took: 0.0000730 seconds
121.940: Application time: 0.0436040 seconds
121.940: [GC [PSYoungGen: 20131K->1936K(21504K)] 63500K->45305K(69120K), 0.0008100 secs] [Times: user=0.00 sys=0.00, real=0.00 secs] 
121.941: Total time for which application threads were stopped: 0.0009750 seconds, Stopping threads took: 0.0000790 seconds
121.985: Application time: 0.0441580 seconds
121.985: [GC [PSYoungGen: 20553K->1376K(21504K)] 63922K->44753K(69120K), 0.0006510 secs] [Times: user=0.00 sys=0.00, real=0.00 secs] 
121.986: Total time for which application threads were stopped: 0.0007750 seconds, Stopping threads took: 0.0000610 seconds
122.029: Application time: 0.0430640 seconds
122.029: [GC [PSYoungGen: 19904K->2496K(21504K)] 63282K->45881K(69120K), 0.0009830 secs] [Times: user=0.01 sys=0.00, real=0.00 secs] 
122.030: Total time for which application threads were stopped: 0.0011240 seconds, Stopping threads took: 0.0000690 seconds
122.074: Application time: 0.0434220 seconds
122.074: [GC [PSYoungGen: 21269K->2480K(21504K)] 64655K->45873K(69120K), 0.0009650 secs] [Times: user=0.00 sys=0.00, real=0.00 secs] 
122.075: Total time for which application threads were stopped: 0.0011080 seconds, Stopping threads took: 0.0000720 seconds
122.120: Application time: 0.0451990 seconds
122.120: [GC [PSYoungGen: 21023K->1392K(21504K)] 64416K->44793K(69120K), 0.0006900 secs] [Times: user=0.00 sys=0.00, real=0.00 secs] 
122.121: Total time for which application threads were stopped: 0.0008250 seconds, Stopping threads took: 0.0000660 seconds
122.163: Application time: 0.0425310 seconds
122.164: [GC [PSYoungGen: 19999K->2464K(21504K)] 63400K->45865K(69120K), 0.0010390 secs] [Times: user=0.01 sys=0.00, real=0.01 secs] 
122.165: Total time for which application threads were stopped: 0.0011730 seconds, Stopping threads took: 0.0000600 seconds
122.211: Application time: 0.0466610 seconds
122.211: [GC [PSYoungGen: 21007K->1392K(21504K)] 64408K->44801K(69120K), 0.0006940 secs] [Times: user=0.00 sys=0.00, real=0.00 secs] 
122.212: Total time for which application threads were stopped: 0.0008320 seconds, Stopping threads took: 0.0000700 seconds
122.254: Application time: 0.0422850 seconds
122.254: [GC [PSYoungGen: 19996K->2464K(21504K)] 63406K->46393K(69120K), 0.0012010 secs] [Times: user=0.00 sys=0.00, real=0.00 secs] 
122.256: Total time for which application threads were stopped: 0.0013460 seconds, Stopping threads took: 0.0000740 seconds
122.301: Application time: 0.0448510 seconds
122.301: [GC [PSYoungGen: 21003K->1968K(21504K)] 64932K->45897K(69120K), 0.0008110 secs] [Times: user=0.01 sys=0.00, real=0.00 secs] 
122.302: Total time for which application threads were stopped: 0.0009550 seconds, Stopping threads took: 0.0000760 seconds
122.346: Application time: 0.0444180 seconds
122.346: [GC [PSYoungGen: 20509K->1904K(21504K)] 64438K->45833K(69120K), 0.0009180 secs] [Times: user=0.01 sys=0.00, real=0.00 secs] 
122.347: Total time for which application threads were stopped: 0.0011280 seconds, Stopping threads took: 0.0001450 seconds
122.392: Application time: 0.0446880 seconds
122.392: [GC [PSYoungGen: 20438K->1920K(21504K)] 64368K->45849K(69120K), 0.0008120 secs] [Times: user=0.01 sys=0.00, real=0.00 secs] 
122.393: Total time for which application threads were stopped: 0.0009800 seconds, Stopping threads took: 0.0000990 seconds
122.437: Application time: 0.0443130 seconds
122.437: [GC [PSYoungGen: 20458K->1392K(21504K)] 64388K->45321K(69120K), 0.0007080 secs] [Times: user=0.01 sys=0.00, real=0.00 secs] 
122.438: Total time for which application threads were stopped: 0.0008500 seconds, Stopping threads took: 0.0000740 seconds
122.481: Application time: 0.0435510 seconds
122.482: [GC [PSYoungGen: 19920K->2496K(21504K)] 63850K->46425K(69120K), 0.0009550 secs] [Times: user=0.01 sys=0.00, real=0.00 secs] 
122.483: Total time for which application threads were stopped: 0.0011080 seconds, Stopping threads took: 0.0000780 seconds
122.528: Application time: 0.0454610 seconds
122.528: [GC [PSYoungGen: 21039K->1440K(21504K)] 64968K->45369K(69120K), 0.0007670 secs] [Times: user=0.00 sys=0.00, real=0.00 secs] 
122.529: Total time for which application threads were stopped: 0.0009040 seconds, Stopping threads took: 0.0000680 seconds
122.572: Application time: 0.0434190 seconds
122.572: [GC [PSYoungGen: 19970K->2496K(21504K)] 63900K->46425K(69120K), 0.0009890 secs] [Times: user=0.01 sys=0.00, real=0.00 secs] 
122.574: Total time for which application threads were stopped: 0.0011330 seconds, Stopping threads took: 0.0000710 seconds
122.620: Application time: 0.0460850 seconds
122.620: [GC [PSYoungGen: 21276K->896K(21504K)] 65205K->44833K(69120K), 0.0005710 secs] [Times: user=0.00 sys=0.00, real=0.00 secs] 
122.620: Total time for which application threads were stopped: 0.0007060 seconds, Stopping threads took: 0.0000680 seconds
122.663: Application time: 0.0423400 seconds
122.663: [GC [PSYoungGen: 19416K->2496K(21504K)] 63353K->46953K(69120K), 0.0011410 secs] [Times: user=0.01 sys=0.00, real=0.00 secs] 
122.664: Total time for which application threads were stopped: 0.0012880 seconds, Stopping threads took: 0.0000710 seconds
122.710: Application time: 0.0457270 seconds
122.710: [GC [PSYoungGen: 21117K->1920K(21504K)] 65574K->46377K(69120K), 0.0008260 secs] [Times: user=0.01 sys=0.00, real=0.00 secs] 
122.711: Total time for which application threads were stopped: 0.0009630 seconds, Stopping threads took: 0.0000690 seconds
122.754: Application time: 0.0435570 seconds
122.754: [GC [PSYoungGen: 20613K->1920K(21504K)] 65070K->46385K(69120K), 0.0008570 secs] [Times: user=0.00 sys=0.00, real=0.00 secs] 
122.755: Total time for which application threads were stopped: 0.0010000 seconds, Stopping threads took: 0.0000710 seconds
122.799: Application time: 0.0438160 seconds
122.799: [GC [PSYoungGen: 20456K->1936K(21504K)] 64922K->46401K(69120K), 0.0008500 secs] [Times: user=0.01 sys=0.00, real=0.00 secs] 
122.800: Total time for which application threads were stopped: 0.0010410 seconds, Stopping threads took: 0.0001110 seconds
122.844: Application time: 0.0442090 seconds
122.844: [GC [PSYoungGen: 20544K->2464K(21504K)] 65010K->46937K(69120K), 0.0010070 secs] [Times: user=0.00 sys=0.00, real=0.00 secs] 
122.845: Total time for which application threads were stopped: 0.0011640 seconds, Stopping threads took: 0.0000850 seconds
122.891: Application time: 0.0451760 seconds
122.891: [GC [PSYoungGen: 21079K->2464K(21504K)] 65552K->46937K(69120K), 0.0009750 secs] [Times: user=0.01 sys=0.00, real=0.00 secs] 
122.892: Total time for which application threads were stopped: 0.0011150 seconds, Stopping threads took: 0.0000700 seconds
122.938: Application time: 0.0463900 seconds
122.938: [GC [PSYoungGen: 21009K->864K(21504K)] 65482K->45345K(69120K), 0.0005630 secs] [Times: user=0.00 sys=0.00, real=0.00 secs] 
122.939: Total time for which application threads were stopped: 0.0006780 seconds, Stopping threads took: 0.0000520 seconds
122.982: Application time: 0.0434830 seconds
122.982: [GC [PSYoungGen: 19388K->2480K(21504K)] 63869K->46961K(69120K), 0.0009570 secs] [Times: user=0.01 sys=0.00, real=0.00 secs] 
122.983: Total time for which application threads were stopped: 0.0011070 seconds, Stopping threads took: 0.0000730 seconds
123.028: Application time: 0.0446400 seconds
123.028: [GC [PSYoungGen: 21023K->1424K(21504K)] 65504K->45905K(69120K), 0.0007790 secs] [Times: user=0.00 sys=0.00, real=0.00 secs] 
123.029: Total time for which application threads were stopped: 0.0009160 seconds, Stopping threads took: 0.0000690 seconds
123.072: Application time: 0.0430200 seconds
123.072: [GC [PSYoungGen: 19952K->2480K(21504K)] 64434K->46961K(69120K), 0.0009560 secs] [Times: user=0.01 sys=0.00, real=0.00 secs] 
123.073: Total time for which application threads were stopped: 0.0011020 seconds, Stopping threads took: 0.0000720 seconds
123.120: Application time: 0.0473110 seconds
123.120: [GC [PSYoungGen: 21023K->880K(21504K)] 65504K->45361K(69120K), 0.0006120 secs] [Times: user=0.00 sys=0.00, real=0.00 secs] 
123.121: Total time for which application threads were stopped: 0.0007320 seconds, Stopping threads took: 0.0000600 seconds
123.163: Application time: 0.0421640 seconds
123.163: [GC [PSYoungGen: 19404K->2448K(21504K)] 63885K->46929K(69120K), 0.0009950 secs] [Times: user=0.00 sys=0.00, real=0.01 secs] 
123.164: Total time for which application threads were stopped: 0.0011470 seconds, Stopping threads took: 0.0000780 seconds
123.210: Application time: 0.0455360 seconds
123.210: [GC [PSYoungGen: 20993K->848K(21504K)] 65474K->45329K(69120K), 0.0005360 secs] [Times: user=0.00 sys=0.00, real=0.00 secs] 
123.211: Total time for which application threads were stopped: 0.0006630 seconds, Stopping threads took: 0.0000650 seconds
123.253: Application time: 0.0419730 seconds
123.253: [GC [PSYoungGen: 19529K->2448K(21504K)] 64010K->46929K(69120K), 0.0010300 secs] [Times: user=0.00 sys=0.00, real=0.00 secs] 
123.254: Total time for which application threads were stopped: 0.0011720 seconds, Stopping threads took: 0.0000740 seconds
123.298: Application time: 0.0444130 seconds
123.298: [GC [PSYoungGen: 21067K->1936K(21504K)] 65548K->46433K(69120K), 0.0008020 secs] [Times: user=0.00 sys=0.00, real=0.00 secs] 
123.299: Total time for which application threads were stopped: 0.0009470 seconds, Stopping threads took: 0.0000720 seconds
123.342: Application time: 0.0429450 seconds
123.342: [GC [PSYoungGen: 20547K->2480K(21504K)] 65044K->46977K(69120K), 0.0009890 secs] [Times: user=0.00 sys=0.00, real=0.00 secs] 
123.343: Total time for which application threads were stopped: 0.0011250 seconds, Stopping threads took: 0.0000610 seconds
123.387: Application time: 0.0441130 seconds
123.387: [GC [PSYoungGen: 21173K->2496K(21504K)] 65670K->47001K(69120K), 0.0009690 secs] [Times: user=0.01 sys=0.00, real=0.00 secs] 
123.388: Total time for which application threads were stopped: 0.0011140 seconds, Stopping threads took: 0.0000730 seconds
123.433: Application time: 0.0442030 seconds
123.436: [GC [PSYoungGen: 21037K->1920K(21504K)] 65542K->46433K(69120K), 0.0008410 secs] [Times: user=0.01 sys=0.00, real=0.00 secs] 
123.437: Total time for which application threads were stopped: 0.0043540 seconds, Stopping threads took: 0.0034440 seconds
123.481: Application time: 0.0440330 seconds
123.481: [GC [PSYoungGen: 20533K->1920K(21504K)] 65046K->46433K(69120K), 0.0008960 secs] [Times: user=0.01 sys=0.00, real=0.00 secs] 
123.482: Total time for which application threads were stopped: 0.0010490 seconds, Stopping threads took: 0.0000890 seconds
123.526: Application time: 0.0438440 seconds
123.526: [GC [PSYoungGen: 20533K->2480K(21504K)] 65046K->47001K(69120K), 0.0009830 secs] [Times: user=0.01 sys=0.00, real=0.00 secs] 
123.527: Total time for which application threads were stopped: 0.0011460 seconds, Stopping threads took: 0.0000820 seconds
123.572: Application time: 0.0452560 seconds
123.572: [GC [PSYoungGen: 21021K->1920K(21504K)] 65542K->46449K(69120K), 0.0008390 secs] [Times: user=0.00 sys=0.00, real=0.00 secs] 
123.573: Total time for which application threads were stopped: 0.0009690 seconds, Stopping threads took: 0.0000650 seconds
123.617: Application time: 0.0437950 seconds
123.617: [GC [PSYoungGen: 20456K->1984K(21504K)] 64986K->46513K(69120K), 0.0009170 secs] [Times: user=0.01 sys=0.00, real=0.00 secs] 
123.619: Total time for which application threads were stopped: 0.0016950 seconds, Stopping threads took: 0.0000670 seconds
123.662: Application time: 0.0432580 seconds
123.662: [GC [PSYoungGen: 20516K->2464K(21504K)] 65046K->46993K(69120K), 0.0009980 secs] [Times: user=0.01 sys=0.00, real=0.00 secs] 
123.663: Total time for which application threads were stopped: 0.0012040 seconds, Stopping threads took: 0.0001410 seconds
123.708: Application time: 0.0444430 seconds
123.708: [GC [PSYoungGen: 21000K->2496K(21504K)] 65530K->47025K(69120K), 0.0009810 secs] [Times: user=0.01 sys=0.00, real=0.00 secs] 
123.709: Total time for which application threads were stopped: 0.0011220 seconds, Stopping threads took: 0.0000670 seconds
123.753: Application time: 0.0443270 seconds
123.753: [GC [PSYoungGen: 21039K->1440K(21504K)] 65568K->45969K(69120K), 0.0006820 secs] [Times: user=0.01 sys=0.00, real=0.00 secs] 
123.754: Total time for which application threads were stopped: 0.0008160 seconds, Stopping threads took: 0.0000690 seconds
123.798: Application time: 0.0436160 seconds
123.798: [GC [PSYoungGen: 19970K->1952K(21504K)] 64500K->46481K(69120K), 0.0008430 secs] [Times: user=0.00 sys=0.00, real=0.00 secs] 
123.799: Total time for which application threads were stopped: 0.0009820 seconds, Stopping threads took: 0.0000700 seconds
123.843: Application time: 0.0443410 seconds
123.843: [GC [PSYoungGen: 20488K->1936K(21504K)] 65018K->46465K(69120K), 0.0008060 secs] [Times: user=0.00 sys=0.00, real=0.00 secs] 
123.844: Total time for which application threads were stopped: 0.0009360 seconds, Stopping threads took: 0.0000620 seconds
123.888: Application time: 0.0438100 seconds
123.888: [GC [PSYoungGen: 20625K->2448K(21504K)] 65154K->46977K(69120K), 0.0009600 secs] [Times: user=0.01 sys=0.00, real=0.00 secs] 
123.889: Total time for which application threads were stopped: 0.0010910 seconds, Stopping threads took: 0.0000640 seconds
123.933: Application time: 0.0441880 seconds
123.933: [GC [PSYoungGen: 21067K->1952K(21504K)] 65596K->46489K(69120K), 0.0008050 secs] [Times: user=0.01 sys=0.00, real=0.00 secs] 
123.934: Total time for which application threads were stopped: 0.0010410 seconds, Stopping threads took: 0.0001670 seconds
123.978: Application time: 0.0441910 seconds
123.978: [GC [PSYoungGen: 20567K->1952K(21504K)] 65104K->46497K(69120K), 0.0009030 secs] [Times: user=0.01 sys=0.00, real=0.00 secs] 
123.979: Total time for which application threads were stopped: 0.0010280 seconds, Stopping threads took: 0.0000580 seconds
124.023: Application time: 0.0442170 seconds
124.024: [GC [PSYoungGen: 20641K->2496K(21504K)] 65186K->47049K(69120K), 0.0009810 secs] [Times: user=0.01 sys=0.00, real=0.01 secs] 
124.025: Total time for which application threads were stopped: 0.0011270 seconds, Stopping threads took: 0.0000740 seconds
124.070: Application time: 0.0451520 seconds
124.070: [GC [PSYoungGen: 21039K->1360K(21504K)] 65592K->45921K(69120K), 0.0006680 secs] [Times: user=0.00 sys=0.00, real=0.00 secs] 
124.071: Total time for which application threads were stopped: 0.0008120 seconds, Stopping threads took: 0.0000710 seconds
124.113: Application time: 0.0426550 seconds
124.113: [GC [PSYoungGen: 19888K->2464K(21504K)] 64450K->47025K(69120K), 0.0010060 secs] [Times: user=0.01 sys=0.00, real=0.00 secs] 
124.114: Total time for which application threads were stopped: 0.0011410 seconds, Stopping threads took: 0.0000630 seconds
124.158: Application time: 0.0440720 seconds
124.159: [GC [PSYoungGen: 21161K->1936K(21504K)] 65723K->46505K(69120K), 0.0008090 secs] [Times: user=0.01 sys=0.00, real=0.00 secs] 
124.159: Total time for which application threads were stopped: 0.0010350 seconds, Stopping threads took: 0.0001590 seconds
124.204: Application time: 0.0446300 seconds
124.204: [GC [PSYoungGen: 20472K->1904K(21504K)] 65042K->46481K(69120K), 0.0008800 secs] [Times: user=0.01 sys=0.00, real=0.00 secs] 
124.205: Total time for which application threads were stopped: 0.0010090 seconds, Stopping threads took: 0.0000570 seconds
124.248: Application time: 0.0433690 seconds
124.249: [GC [PSYoungGen: 20432K->2464K(21504K)] 65010K->47553K(69120K), 0.0010990 secs] [Times: user=0.00 sys=0.00, real=0.00 secs] 
124.250: Total time for which application threads were stopped: 0.0012410 seconds, Stopping threads took: 0.0000700 seconds
124.297: Application time: 0.0468300 seconds
124.297: [GC [PSYoungGen: 21009K->1376K(21504K)] 66098K->46465K(69120K), 0.0006610 secs] [Times: user=0.00 sys=0.00, real=0.00 secs] 
124.297: Total time for which application threads were stopped: 0.0007860 seconds, Stopping threads took: 0.0000630 seconds
124.340: Application time: 0.0425030 seconds
124.340: [GC [PSYoungGen: 19904K->2480K(21504K)] 64994K->47569K(69120K), 0.0010080 secs] [Times: user=0.01 sys=0.00, real=0.00 secs] 
124.341: Total time for which application threads were stopped: 0.0011450 seconds, Stopping threads took: 0.0000620 seconds
124.385: Application time: 0.0440000 seconds
124.385: [GC [PSYoungGen: 21021K->1936K(21504K)] 66110K->47025K(69120K), 0.0008020 secs] [Times: user=0.01 sys=0.00, real=0.00 secs] 
124.386: Total time for which application threads were stopped: 0.0009270 seconds, Stopping threads took: 0.0000610 seconds
124.430: Application time: 0.0438070 seconds
124.430: [GC [PSYoungGen: 20472K->1952K(21504K)] 65562K->47041K(69120K), 0.0008570 secs] [Times: user=0.00 sys=0.00, real=0.00 secs] 
124.431: Total time for which application threads were stopped: 0.0010030 seconds, Stopping threads took: 0.0000750 seconds
124.477: Application time: 0.0459690 seconds
124.477: [GC [PSYoungGen: 20488K->1904K(21504K)] 65578K->46993K(69120K), 0.0008550 secs] [Times: user=0.01 sys=0.00, real=0.00 secs] 
124.478: Total time for which application threads were stopped: 0.0009860 seconds, Stopping threads took: 0.0000650 seconds
124.521: Application time: 0.0430130 seconds
124.521: [GC [PSYoungGen: 20515K->2496K(21504K)] 65604K->47585K(69120K), 0.0010980 secs] [Times: user=0.01 sys=0.00, real=0.00 secs] 
124.522: Total time for which application threads were stopped: 0.0012340 seconds, Stopping threads took: 0.0000650 seconds
124.566: Application time: 0.0442460 seconds
124.566: [GC [PSYoungGen: 21191K->2480K(21504K)] 66280K->47577K(69120K), 0.0010100 secs] [Times: user=0.01 sys=0.00, real=0.00 secs] 
124.567: Total time for which application threads were stopped: 0.0011640 seconds, Stopping threads took: 0.0000800 seconds
124.613: Application time: 0.0460150 seconds
124.616: [GC [PSYoungGen: 21179K->1440K(21504K)] 66276K->46545K(69120K), 0.0006960 secs] [Times: user=0.00 sys=0.00, real=0.00 secs] 
124.617: Total time for which application threads were stopped: 0.0034650 seconds, Stopping threads took: 0.0026980 seconds
124.659: Application time: 0.0418330 seconds
124.659: [GC [PSYoungGen: 20044K->2464K(21504K)] 65150K->47577K(69120K), 0.0009470 secs] [Times: user=0.01 sys=0.00, real=0.00 secs] 
124.660: Total time for which application threads were stopped: 0.0010980 seconds, Stopping threads took: 0.0000860 seconds
124.707: Application time: 0.0468700 seconds
124.707: [GC [PSYoungGen: 21007K->1424K(21504K)] 66120K->46545K(69120K), 0.0006770 secs] [Times: user=0.01 sys=0.00, real=0.00 secs] 
124.707: Total time for which application threads were stopped: 0.0008290 seconds, Stopping threads took: 0.0000830 seconds
124.750: Application time: 0.0429190 seconds
124.751: [GC [PSYoungGen: 19946K->2464K(21504K)] 65067K->47585K(69120K), 0.0009910 secs] [Times: user=0.01 sys=0.00, real=0.00 secs] 
124.752: Total time for which application threads were stopped: 0.0011360 seconds, Stopping threads took: 0.0000760 seconds
124.797: Application time: 0.0452280 seconds
124.797: [GC [PSYoungGen: 21165K->1360K(21504K)] 66286K->46481K(69120K), 0.0006830 secs] [Times: user=0.00 sys=0.00, real=0.00 secs] 
124.798: Total time for which application threads were stopped: 0.0008160 seconds, Stopping threads took: 0.0000660 seconds
124.840: Application time: 0.0424710 seconds
124.840: [GC [PSYoungGen: 19884K->2448K(21504K)] 65005K->48089K(69120K), 0.0012000 secs] [Times: user=0.00 sys=0.00, real=0.00 secs] 
124.841: Total time for which application threads were stopped: 0.0013760 seconds, Stopping threads took: 0.0001010 seconds
124.887: Application time: 0.0456890 seconds
124.887: [GC [PSYoungGen: 20991K->1920K(21504K)] 66632K->47561K(69120K), 0.0008300 secs] [Times: user=0.00 sys=0.00, real=0.00 secs] 
124.888: Total time for which application threads were stopped: 0.0009730 seconds, Stopping threads took: 0.0000730 seconds
124.930: Application time: 0.0418060 seconds
124.930: [GC [PSYoungGen: 20444K->2448K(21504K)] 66086K->49113K(69120K), 0.0012990 secs] [Times: user=0.01 sys=0.00, real=0.00 secs] 
124.931: Total time for which application threads were stopped: 0.0014660 seconds, Stopping threads took: 0.0000870 seconds
124.979: Application time: 0.0477230 seconds
124.979: [GC [PSYoungGen: 20995K->1376K(21504K)] 67660K->48041K(69120K), 0.0006760 secs] [Times: user=0.01 sys=0.00, real=0.00 secs] 
124.980: Total time for which application threads were stopped: 0.0008240 seconds, Stopping threads took: 0.0000770 seconds
125.021: Application time: 0.0410800 seconds
125.021: [GC-- [PSYoungGen: 19896K->19896K(21504K)] 66561K->67073K(69120K), 0.0011910 secs] [Times: user=0.00 sys=0.00, real=0.00 secs] 
125.022: [Full GC [PSYoungGen: 19896K->0K(21504K)] [ParOldGen: 47177K->9599K(47616K)] 67073K->9599K(69120K) [PSPermGen: 5146K->5146K(21504K)], 0.0048560 secs] [Times: user=0.02 sys=0.00, real=0.01 secs] 
125.027: Total time for which application threads were stopped: 0.0062520 seconds, Stopping threads took: 0.0000770 seconds
125.075: Application time: 0.0478270 seconds
125.075: [GC [PSYoungGen: 18547K->1248K(21504K)] 28146K->10847K(69120K), 0.0005610 secs] [Times: user=0.01 sys=0.00, real=0.00 secs] 
125.076: Total time for which application threads were stopped: 0.0006890 seconds, Stopping threads took: 0.0000640 seconds
125.117: Application time: 0.0411480 seconds
125.117: [GC [PSYoungGen: 19768K->2240K(21504K)] 29367K->12863K(69120K), 0.0011810 secs] [Times: user=0.00 sys=0.00, real=0.00 secs] 
125.118: Total time for which application threads were stopped: 0.0013240 seconds, Stopping threads took: 0.0000680 seconds
125.165: Application time: 0.0468740 seconds
125.165: [GC [PSYoungGen: 20785K->1760K(21504K)] 31408K->12383K(69120K), 0.0007080 secs] [Times: user=0.00 sys=0.00, real=0.00 secs] 
125.166: Total time for which application threads were stopped: 0.0008670 seconds, Stopping threads took: 0.0000810 seconds
125.208: Application time: 0.0419490 seconds
125.208: [GC [PSYoungGen: 20447K->2336K(21504K)] 31070K->13471K(69120K), 0.0010470 secs] [Times: user=0.00 sys=0.00, real=0.00 secs] 
125.209: Total time for which application threads were stopped: 0.0012060 seconds, Stopping threads took: 0.0000760 seconds
125.256: Application time: 0.0464500 seconds
125.256: [GC [PSYoungGen: 20955K->1808K(21504K)] 32090K->12943K(69120K), 0.0007420 secs] [Times: user=0.00 sys=0.00, real=0.01 secs] 
125.256: Total time for which application threads were stopped: 0.0008810 seconds, Stopping threads took: 0.0000700 seconds
125.299: Application time: 0.0429610 seconds
125.300: [GC [PSYoungGen: 20573K->2432K(21504K)] 31708K->14079K(69120K), 0.0011370 secs] [Times: user=0.00 sys=0.00, real=0.00 secs] 
125.301: Total time for which application threads were stopped: 0.0013010 seconds, Stopping threads took: 0.0000870 seconds
125.346: Application time: 0.0453350 seconds
125.346: [GC [PSYoungGen: 20975K->1904K(21504K)] 32622K->13551K(69120K), 0.0007650 secs] [Times: user=0.00 sys=0.00, real=0.00 secs] 
125.347: Total time for which application threads were stopped: 0.0008970 seconds, Stopping threads took: 0.0000600 seconds
125.391: Application time: 0.0437380 seconds
125.391: [GC [PSYoungGen: 20436K->2400K(21504K)] 32084K->14047K(69120K), 0.0009070 secs] [Times: user=0.01 sys=0.00, real=0.00 secs] 
125.392: Total time for which application threads were stopped: 0.0010530 seconds, Stopping threads took: 0.0000710 seconds
125.437: Application time: 0.0450430 seconds
125.437: [GC [PSYoungGen: 21017K->1920K(21504K)] 32664K->13567K(69120K), 0.0007710 secs] [Times: user=0.01 sys=0.00, real=0.00 secs] 
125.438: Total time for which application threads were stopped: 0.0008980 seconds, Stopping threads took: 0.0000640 seconds
125.482: Application time: 0.0444820 seconds
125.482: [GC [PSYoungGen: 20537K->1408K(21504K)] 32184K->13055K(69120K), 0.0006350 secs] [Times: user=0.01 sys=0.00, real=0.00 secs] 
125.483: Total time for which application threads were stopped: 0.0007680 seconds, Stopping threads took: 0.0000680 seconds
125.526: Application time: 0.0429160 seconds
125.526: [GC [PSYoungGen: 19936K->2480K(21504K)] 31583K->14127K(69120K), 0.0009180 secs] [Times: user=0.01 sys=0.00, real=0.00 secs] 
125.527: Total time for which application threads were stopped: 0.0010630 seconds, Stopping threads took: 0.0000760 seconds
125.573: Application time: 0.0462030 seconds
125.573: [GC [PSYoungGen: 21025K->880K(21504K)] 32672K->12527K(69120K), 0.0005250 secs] [Times: user=0.00 sys=0.00, real=0.00 secs] 
125.574: Total time for which application threads were stopped: 0.0006560 seconds, Stopping threads took: 0.0000650 seconds
125.617: Application time: 0.0434720 seconds
125.617: [GC [PSYoungGen: 19404K->2480K(21504K)] 31051K->14127K(69120K), 0.0009440 secs] [Times: user=0.01 sys=0.00, real=0.00 secs] 
125.618: Total time for which application threads were stopped: 0.0010940 seconds, Stopping threads took: 0.0000800 seconds
125.663: Application time: 0.0447640 seconds
125.663: [GC [PSYoungGen: 21017K->2448K(21504K)] 32664K->14095K(69120K), 0.0009460 secs] [Times: user=0.00 sys=0.00, real=0.01 secs] 
125.664: Total time for which application threads were stopped: 0.0010880 seconds, Stopping threads took: 0.0000680 seconds
125.708: Application time: 0.0442430 seconds
125.709: [GC [PSYoungGen: 20991K->1392K(21504K)] 32638K->13039K(69120K), 0.0006290 secs] [Times: user=0.01 sys=0.00, real=0.00 secs] 
125.709: Total time for which application threads were stopped: 0.0007690 seconds, Stopping threads took: 0.0000680 seconds
125.753: Application time: 0.0432770 seconds
125.753: [GC [PSYoungGen: 19920K->2480K(21504K)] 31567K->14127K(69120K), 0.0009480 secs] [Times: user=0.01 sys=0.00, real=0.00 secs] 
125.754: Total time for which application threads were stopped: 0.0010890 seconds, Stopping threads took: 0.0000690 seconds
125.798: Application time: 0.0447820 seconds
125.799: [GC [PSYoungGen: 21017K->2480K(21504K)] 32664K->14127K(69120K), 0.0009150 secs] [Times: user=0.00 sys=0.00, real=0.00 secs] 
125.799: Total time for which application threads were stopped: 0.0010590 seconds, Stopping threads took: 0.0000750 seconds
125.844: Application time: 0.0445730 seconds
125.844: [GC [PSYoungGen: 21177K->1936K(21504K)] 32824K->13583K(69120K), 0.0007790 secs] [Times: user=0.01 sys=0.00, real=0.00 secs] 
125.845: Total time for which application threads were stopped: 0.0008950 seconds, Stopping threads took: 0.0000530 seconds
125.889: Application time: 0.0439560 seconds
125.889: [GC [PSYoungGen: 20545K->2512K(21504K)] 32192K->14679K(69120K), 0.0010790 secs] [Times: user=0.01 sys=0.00, real=0.00 secs] 
125.890: Total time for which application threads were stopped: 0.0012620 seconds, Stopping threads took: 0.0001120 seconds
125.936: Application time: 0.0459360 seconds
125.936: [GC [PSYoungGen: 21290K->1952K(21504K)] 33457K->14135K(69120K), 0.0007880 secs] [Times: user=0.01 sys=0.00, real=0.00 secs] 
125.937: Total time for which application threads were stopped: 0.0009440 seconds, Stopping threads took: 0.0000910 seconds
125.980: Application time: 0.0427800 seconds
125.980: [GC [PSYoungGen: 20476K->2512K(21504K)] 32659K->15727K(69120K), 0.0012770 secs] [Times: user=0.01 sys=0.01, real=0.00 secs] 
125.981: Total time for which application threads were stopped: 0.0014290 seconds, Stopping threads took: 0.0000760 seconds
126.028: Application time: 0.0467720 seconds
126.028: [GC [PSYoungGen: 21057K->1952K(21504K)] 34272K->15167K(69120K), 0.0009110 secs] [Times: user=0.00 sys=0.00, real=0.00 secs] 
126.029: Total time for which application threads were stopped: 0.0010530 seconds, Stopping threads took: 0.0000700 seconds
126.071: Application time: 0.0421000 seconds
126.071: [GC [PSYoungGen: 20480K->2512K(21504K)] 33696K->16239K(69120K), 0.0011200 secs] [Times: user=0.01 sys=0.00, real=0.00 secs] 
126.073: Total time for which application threads were stopped: 0.0013510 seconds, Stopping threads took: 0.0001610 seconds
126.119: Application time: 0.0468490 seconds
126.120: [GC [PSYoungGen: 21211K->1920K(21504K)] 34938K->15671K(69120K), 0.0007900 secs] [Times: user=0.01 sys=0.00, real=0.00 secs] 
126.120: Total time for which application threads were stopped: 0.0009500 seconds, Stopping threads took: 0.0000890 seconds
126.162: Application time: 0.0421360 seconds
126.163: [GC [PSYoungGen: 20446K->2416K(21504K)] 34198K->16687K(69120K), 0.0011630 secs] [Times: user=0.01 sys=0.00, real=0.00 secs] 
126.164: Total time for which application threads were stopped: 0.0013090 seconds, Stopping threads took: 0.0000700 seconds
126.210: Application time: 0.0459650 seconds
126.210: [GC [PSYoungGen: 20959K->1968K(21504K)] 35230K->16239K(69120K), 0.0007830 secs] [Times: user=0.00 sys=0.00, real=0.00 secs] 
126.211: Total time for which application threads were stopped: 0.0009320 seconds, Stopping threads took: 0.0000590 seconds
126.255: Application time: 0.0441650 seconds
126.255: [GC [PSYoungGen: 20500K->2496K(21504K)] 34772K->16767K(69120K), 0.0009500 secs] [Times: user=0.01 sys=0.00, real=0.00 secs] 
126.256: Total time for which application threads were stopped: 0.0010800 seconds, Stopping threads took: 0.0000580 seconds
126.300: Application time: 0.0439520 seconds
126.300: [GC [PSYoungGen: 21032K->2496K(21504K)] 35304K->16767K(69120K), 0.0009380 secs] [Times: user=0.01 sys=0.00, real=0.00 secs] 
126.301: Total time for which application threads were stopped: 0.0010810 seconds, Stopping threads took: 0.0000710 seconds
126.344: Application time: 0.0430400 seconds
126.344: [GC [PSYoungGen: 21033K->2464K(21504K)] 35304K->16735K(69120K), 0.0009920 secs] [Times: user=0.00 sys=0.00, real=0.00 secs] 
126.345: Total time for which application threads were stopped: 0.0011370 seconds, Stopping threads took: 0.0000760 seconds
126.390: Application time: 0.0445530 seconds
126.390: [GC [PSYoungGen: 21003K->1936K(21504K)] 35274K->16207K(69120K), 0.0008340 secs] [Times: user=0.01 sys=0.00, real=0.00 secs] 
126.391: Total time for which application threads were stopped: 0.0010290 seconds, Stopping threads took: 0.0001310 seconds
126.435: Application time: 0.0445120 seconds
126.435: [GC [PSYoungGen: 20471K->1936K(21504K)] 34742K->16207K(69120K), 0.0008020 secs] [Times: user=0.00 sys=0.00, real=0.01 secs] 
126.436: Total time for which application threads were stopped: 0.0009290 seconds, Stopping threads took: 0.0000590 seconds
126.481: Application time: 0.0444690 seconds
126.481: [GC [PSYoungGen: 20627K->2464K(21504K)] 34898K->16735K(69120K), 0.0009110 secs] [Times: user=0.01 sys=0.00, real=0.00 secs] 
126.482: Total time for which application threads were stopped: 0.0010550 seconds, Stopping threads took: 0.0000730 seconds
126.527: Application time: 0.0452080 seconds
126.527: [GC [PSYoungGen: 21083K->1936K(21504K)] 35354K->16215K(69120K), 0.0007870 secs] [Times: user=0.00 sys=0.00, real=0.00 secs] 
126.528: Total time for which application threads were stopped: 0.0009370 seconds, Stopping threads took: 0.0000840 seconds
126.572: Application time: 0.0445520 seconds
126.573: [GC [PSYoungGen: 20625K->2480K(21504K)] 34904K->16767K(69120K), 0.0009870 secs] [Times: user=0.00 sys=0.00, real=0.00 secs] 
126.574: Total time for which application threads were stopped: 0.0011470 seconds, Stopping threads took: 0.0000850 seconds
126.618: Application time: 0.0446530 seconds
126.618: [GC [PSYoungGen: 21101K->1376K(21504K)] 35388K->15671K(69120K), 0.0006300 secs] [Times: user=0.00 sys=0.00, real=0.00 secs] 
126.619: Total time for which application threads were stopped: 0.0007600 seconds, Stopping threads took: 0.0000630 seconds
126.662: Application time: 0.0426830 seconds
126.662: [GC [PSYoungGen: 19904K->2480K(21504K)] 34199K->16775K(69120K), 0.0009320 secs] [Times: user=0.01 sys=0.00, real=0.00 secs] 
126.663: Total time for which application threads were stopped: 0.0011160 seconds, Stopping threads took: 0.0001110 seconds
126.709: Application time: 0.0459760 seconds
126.709: [GC [PSYoungGen: 21021K->1392K(21504K)] 35316K->15687K(69120K), 0.0006360 secs] [Times: user=0.01 sys=0.00, real=0.00 secs] 
126.710: Total time for which application threads were stopped: 0.0007720 seconds, Stopping threads took: 0.0000690 seconds
126.752: Application time: 0.0425790 seconds
126.752: [GC [PSYoungGen: 19998K->2480K(21504K)] 34294K->16775K(69120K), 0.0009360 secs] [Times: user=0.01 sys=0.00, real=0.00 secs] 
126.753: Total time for which application threads were stopped: 0.0010880 seconds, Stopping threads took: 0.0000680 seconds
126.799: Application time: 0.0458600 seconds
126.799: [GC [PSYoungGen: 21099K->1952K(21504K)] 35394K->16255K(69120K), 0.0007900 secs] [Times: user=0.01 sys=0.00, real=0.00 secs] 
126.800: Total time for which application threads were stopped: 0.0009390 seconds, Stopping threads took: 0.0000810 seconds
126.843: Application time: 0.0434280 seconds
126.844: [GC [PSYoungGen: 20484K->2496K(21504K)] 34788K->16799K(69120K), 0.0009450 secs] [Times: user=0.01 sys=0.00, real=0.01 secs] 
126.845: Total time for which application threads were stopped: 0.0010840 seconds, Stopping threads took: 0.0000650 seconds
126.890: Application time: 0.0452650 seconds
126.890: [GC [PSYoungGen: 21033K->1936K(21504K)] 35336K->16239K(69120K), 0.0007930 secs] [Times: user=0.00 sys=0.00, real=0.00 secs] 
126.891: Total time for which application threads were stopped: 0.0009470 seconds, Stopping threads took: 0.0000800 seconds
126.936: Application time: 0.0448090 seconds
126.936: [GC [PSYoungGen: 20475K->1936K(21504K)] 34778K->16239K(69120K), 0.0007560 secs] [Times: user=0.01 sys=0.00, real=0.01 secs] 
126.936: Total time for which application threads were stopped: 0.0008960 seconds, Stopping threads took: 0.0000730 seconds
126.980: Application time: 0.0435180 seconds
126.980: [GC [PSYoungGen: 20468K->2512K(21504K)] 34772K->16815K(69120K), 0.0009360 secs] [Times: user=0.00 sys=0.00, real=0.00 secs] 
126.981: Total time for which application threads were stopped: 0.0010860 seconds, Stopping threads took: 0.0000780 seconds
127.026: Application time: 0.0448910 seconds
127.026: [GC [PSYoungGen: 21053K->1936K(21504K)] 35356K->16239K(69120K), 0.0007670 secs] [Times: user=0.01 sys=0.00, real=0.00 secs] 
127.027: Total time for which application threads were stopped: 0.0009070 seconds, Stopping threads took: 0.0000700 seconds
127.070: Application time: 0.0430990 seconds
127.070: [GC [PSYoungGen: 20464K->2496K(21504K)] 34768K->17311K(69120K), 0.0011300 secs] [Times: user=0.01 sys=0.00, real=0.00 secs] 
127.071: Total time for which application threads were stopped: 0.0012830 seconds, Stopping threads took: 0.0000770 seconds
127.116: Application time: 0.0446830 seconds
127.116: [GC [PSYoungGen: 21115K->2480K(21504K)] 35930K->17295K(69120K), 0.0009110 secs] [Times: user=0.00 sys=0.00, real=0.00 secs] 
127.117: Total time for which application threads were stopped: 0.0010530 seconds, Stopping threads took: 0.0000690 seconds
127.162: Application time: 0.0454720 seconds
127.163: [GC [PSYoungGen: 21177K->1920K(21504K)] 35993K->16743K(69120K), 0.0007850 secs] [Times: user=0.00 sys=0.00, real=0.00 secs] 
127.163: Total time for which application threads were stopped: 0.0009110 seconds, Stopping threads took: 0.0000580 seconds
127.206: Application time: 0.0429120 seconds
127.206: [GC [PSYoungGen: 20607K->2480K(21504K)] 35430K->17311K(69120K), 0.0009210 secs] [Times: user=0.01 sys=0.00, real=0.00 secs] 
127.207: Total time for which application threads were stopped: 0.0010740 seconds, Stopping threads took: 0.0000780 seconds
127.253: Application time: 0.0454760 seconds
127.253: [GC [PSYoungGen: 21101K->1936K(21504K)] 35932K->16775K(69120K), 0.0007970 secs] [Times: user=0.01 sys=0.00, real=0.00 secs] 
127.254: Total time for which application threads were stopped: 0.0009310 seconds, Stopping threads took: 0.0000650 seconds
127.297: Application time: 0.0429100 seconds
127.297: [GC [PSYoungGen: 20464K->2496K(21504K)] 35304K->17855K(69120K), 0.0011040 secs] [Times: user=0.01 sys=0.00, real=0.00 secs] 
127.298: Total time for which application threads were stopped: 0.0013590 seconds, Stopping threads took: 0.0001720 seconds
127.345: Application time: 0.0465850 seconds
127.345: [GC [PSYoungGen: 21039K->1936K(21504K)] 36398K->17295K(69120K), 0.0007780 secs] [Times: user=0.01 sys=0.00, real=0.00 secs] 
127.346: Total time for which application threads were stopped: 0.0009060 seconds, Stopping threads took: 0.0000630 seconds
127.390: Application time: 0.0439750 seconds
127.392: [GC [PSYoungGen: 20547K->1936K(21504K)] 35906K->17295K(69120K), 0.0008010 secs] [Times: user=0.01 sys=0.00, real=0.00 secs] 
127.393: Total time for which application threads were stopped: 0.0034330 seconds, Stopping threads took: 0.0025650 seconds
127.437: Application time: 0.0436130 seconds
127.437: [GC [PSYoungGen: 20551K->2496K(21504K)] 35910K->17863K(69120K), 0.0009520 secs] [Times: user=0.01 sys=0.00, real=0.00 secs] 
127.438: Total time for which application threads were stopped: 0.0011140 seconds, Stopping threads took: 0.0000840 seconds
127.482: Application time: 0.0440560 seconds
127.482: [GC [PSYoungGen: 21032K->2400K(21504K)] 36400K->17775K(69120K), 0.0009340 secs] [Times: user=0.00 sys=0.00, real=0.00 secs] 
127.483: Total time for which application threads were stopped: 0.0010930 seconds, Stopping threads took: 0.0000870 seconds
127.528: Application time: 0.0454840 seconds
127.528: [GC [PSYoungGen: 20941K->1936K(21504K)] 36316K->17311K(69120K), 0.0007650 secs] [Times: user=0.00 sys=0.00, real=0.00 secs] 
127.529: Total time for which application threads were stopped: 0.0009120 seconds, Stopping threads took: 0.0000810 seconds
127.573: Application time: 0.0436110 seconds
127.573: [GC [PSYoungGen: 20468K->2464K(21504K)] 35844K->17839K(69120K), 0.0009500 secs] [Times: user=0.01 sys=0.00, real=0.00 secs] 
127.574: Total time for which application threads were stopped: 0.0011130 seconds, Stopping threads took: 0.0000930 seconds
127.620: Application time: 0.0460480 seconds
127.620: [GC [PSYoungGen: 21009K->320K(21504K)] 36384K->15695K(69120K), 0.0004270 secs] [Times: user=0.00 sys=0.00, real=0.00 secs] 
127.621: Total time for which application threads were stopped: 0.0007090 seconds, Stopping threads took: 0.0002210 seconds
127.662: Application time: 0.0414000 seconds
127.662: [GC [PSYoungGen: 18844K->2432K(21504K)] 34219K->17807K(69120K), 0.0010070 secs] [Times: user=0.01 sys=0.00, real=0.00 secs] 
127.663: Total time for which application threads were stopped: 0.0011780 seconds, Stopping threads took: 0.0000950 seconds
127.710: Application time: 0.0470830 seconds
127.711: [GC [PSYoungGen: 20979K->304K(21504K)] 36354K->15679K(69120K), 0.0003700 secs] [Times: user=0.00 sys=0.00, real=0.00 secs] 
127.711: Total time for which application threads were stopped: 0.0005530 seconds, Stopping threads took: 0.0001260 seconds
127.753: Application time: 0.0422570 seconds
127.753: [GC [PSYoungGen: 18824K->2480K(21504K)] 34199K->17855K(69120K), 0.0009070 secs] [Times: user=0.01 sys=0.00, real=0.00 secs] 
127.754: Total time for which application threads were stopped: 0.0010860 seconds, Stopping threads took: 0.0001080 seconds
127.800: Application time: 0.0461670 seconds
127.801: [GC [PSYoungGen: 21257K->1408K(21504K)] 36633K->16791K(69120K), 0.0006530 secs] [Times: user=0.00 sys=0.00, real=0.00 secs] 
127.801: Total time for which application threads were stopped: 0.0007870 seconds, Stopping threads took: 0.0000610 seconds
127.847: Application time: 0.0456900 seconds
127.847: [GC [PSYoungGen: 20175K->1936K(21504K)] 35558K->17327K(69120K), 0.0007690 secs] [Times: user=0.00 sys=0.00, real=0.00 secs] 
127.848: Total time for which application threads were stopped: 0.0009060 seconds, Stopping threads took: 0.0000710 seconds
127.891: Application time: 0.0434430 seconds
127.891: [GC [PSYoungGen: 20466K->2496K(21504K)] 35858K->17895K(69120K), 0.0009460 secs] [Times: user=0.00 sys=0.00, real=0.00 secs] 
127.892: Total time for which application threads were stopped: 0.0010980 seconds, Stopping threads took: 0.0000830 seconds
127.938: Application time: 0.0460220 seconds
127.939: [GC [PSYoungGen: 21039K->1392K(21504K)] 36438K->16799K(69120K), 0.0006450 secs] [Times: user=0.01 sys=0.00, real=0.00 secs] 
127.939: Total time for which application threads were stopped: 0.0007760 seconds, Stopping threads took: 0.0000680 seconds
127.981: Application time: 0.0422140 seconds
127.982: [GC [PSYoungGen: 19920K->2496K(21504K)] 35327K->17903K(69120K), 0.0009340 secs] [Times: user=0.01 sys=0.00, real=0.00 secs] 
127.982: Total time for which application threads were stopped: 0.0010750 seconds, Stopping threads took: 0.0000730 seconds
128.029: Application time: 0.0464990 seconds
128.029: [GC [PSYoungGen: 21117K->1392K(21504K)] 36524K->16799K(69120K), 0.0006480 secs] [Times: user=0.00 sys=0.00, real=0.00 secs] 
128.030: Total time for which application threads were stopped: 0.0007790 seconds, Stopping threads took: 0.0000660 seconds
128.073: Application time: 0.0429320 seconds
128.073: [GC [PSYoungGen: 20000K->2496K(21504K)] 35408K->17911K(69120K), 0.0009480 secs] [Times: user=0.01 sys=0.00, real=0.00 secs] 
128.074: Total time for which application threads were stopped: 0.0010900 seconds, Stopping threads took: 0.0000680 seconds
128.119: Application time: 0.0451950 seconds
128.119: [GC [PSYoungGen: 21039K->1408K(21504K)] 36454K->16831K(69120K), 0.0006470 secs] [Times: user=0.00 sys=0.00, real=0.00 secs] 
128.120: Total time for which application threads were stopped: 0.0007760 seconds, Stopping threads took: 0.0000640 seconds
128.164: Application time: 0.0439440 seconds
128.164: [GC [PSYoungGen: 19936K->2464K(21504K)] 35360K->17887K(69120K), 0.0009220 secs] [Times: user=0.00 sys=0.00, real=0.01 secs] 
128.165: Total time for which application threads were stopped: 0.0010910 seconds, Stopping threads took: 0.0000990 seconds
128.210: Application time: 0.0450890 seconds
128.210: [GC [PSYoungGen: 21000K->2464K(21504K)] 36424K->17887K(69120K), 0.0009290 secs] [Times: user=0.01 sys=0.00, real=0.00 secs] 
128.211: Total time for which application threads were stopped: 0.0010720 seconds, Stopping threads took: 0.0000750 seconds
128.256: Application time: 0.0446790 seconds
128.256: [GC [PSYoungGen: 21005K->1968K(21504K)] 36428K->17391K(69120K), 0.0007930 secs] [Times: user=0.00 sys=0.00, real=0.01 secs] 
128.257: Total time for which application threads were stopped: 0.0009300 seconds, Stopping threads took: 0.0000710 seconds
128.300: Application time: 0.0433000 seconds
128.300: [GC [PSYoungGen: 20500K->2480K(21504K)] 35924K->17903K(69120K), 0.0009500 secs] [Times: user=0.00 sys=0.01, real=0.00 secs] 
128.301: Total time for which application threads were stopped: 0.0010890 seconds, Stopping threads took: 0.0000690 seconds
128.345: Application time: 0.0441150 seconds
128.345: [GC [PSYoungGen: 21021K->1936K(21504K)] 36444K->17359K(69120K), 0.0007550 secs] [Times: user=0.01 sys=0.00, real=0.00 secs] 
128.346: Total time for which application threads were stopped: 0.0008940 seconds, Stopping threads took: 0.0000680 seconds
128.389: Application time: 0.0431900 seconds
128.389: [GC [PSYoungGen: 20468K->2480K(21504K)] 35892K->17903K(69120K), 0.0009470 secs] [Times: user=0.01 sys=0.00, real=0.00 secs] 
128.390: Total time for which application threads were stopped: 0.0010800 seconds, Stopping threads took: 0.0000650 seconds
128.435: Application time: 0.0446030 seconds
128.435: [GC [PSYoungGen: 21173K->2480K(21504K)] 36596K->17903K(69120K), 0.0009540 secs] [Times: user=0.01 sys=0.00, real=0.00 secs] 
128.436: Total time for which application threads were stopped: 0.0011030 seconds, Stopping threads took: 0.0000730 seconds
128.482: Application time: 0.0456730 seconds
128.482: [GC [PSYoungGen: 21179K->1392K(21504K)] 36603K->16823K(69120K), 0.0006300 secs] [Times: user=0.01 sys=0.00, real=0.00 secs] 
128.482: Total time for which application threads were stopped: 0.0007730 seconds, Stopping threads took: 0.0000810 seconds
128.525: Application time: 0.0429570 seconds
128.525: [GC [PSYoungGen: 20077K->2480K(21504K)] 35508K->17919K(69120K), 0.0009140 secs] [Times: user=0.01 sys=0.00, real=0.00 secs] 
128.526: Total time for which application threads were stopped: 0.0010480 seconds, Stopping threads took: 0.0000610 seconds
128.572: Application time: 0.0458810 seconds
128.572: [GC [PSYoungGen: 21023K->1424K(21504K)] 36462K->16863K(69120K), 0.0006440 secs] [Times: user=0.01 sys=0.00, real=0.00 secs] 
128.573: Total time for which application threads were stopped: 0.0007760 seconds, Stopping threads took: 0.0000650 seconds
128.615: Application time: 0.0421760 seconds
128.615: [GC [PSYoungGen: 19948K->2496K(21504K)] 35387K->18447K(69120K), 0.0011480 secs] [Times: user=0.01 sys=0.00, real=0.01 secs] 
128.618: Total time for which application threads were stopped: 0.0028070 seconds, Stopping threads took: 0.0000740 seconds
128.664: Application time: 0.0462630 seconds
128.664: [GC [PSYoungGen: 21121K->848K(21504K)] 37072K->16799K(69120K), 0.0005410 secs] [Times: user=0.00 sys=0.00, real=0.00 secs] 
128.665: Total time for which application threads were stopped: 0.0006920 seconds, Stopping threads took: 0.0000840 seconds
128.708: Application time: 0.0425610 seconds
128.708: [GC [PSYoungGen: 19368K->2512K(21504K)] 35319K->18983K(69120K), 0.0011230 secs] [Times: user=0.01 sys=0.00, real=0.00 secs] 
128.709: Total time for which application threads were stopped: 0.0012780 seconds, Stopping threads took: 0.0000810 seconds
128.756: Application time: 0.0470140 seconds
128.756: [GC [PSYoungGen: 21135K->1440K(21504K)] 37606K->17919K(69120K), 0.0006650 secs] [Times: user=0.00 sys=0.00, real=0.01 secs] 
128.757: Total time for which application threads were stopped: 0.0007950 seconds, Stopping threads took: 0.0000640 seconds
128.799: Application time: 0.0419180 seconds
128.799: [GC [PSYoungGen: 19968K->2480K(21504K)] 36448K->18959K(69120K), 0.0009720 secs] [Times: user=0.00 sys=0.00, real=0.00 secs] 
128.800: Total time for which application threads were stopped: 0.0011180 seconds, Stopping threads took: 0.0000750 seconds
128.846: Application time: 0.0466840 seconds
128.847: [GC [PSYoungGen: 21023K->1376K(21504K)] 37502K->17855K(69120K), 0.0007530 secs] [Times: user=0.00 sys=0.00, real=0.00 secs] 
128.847: Total time for which application threads were stopped: 0.0008860 seconds, Stopping threads took: 0.0000640 seconds
128.890: Application time: 0.0429320 seconds
128.890: [GC [PSYoungGen: 19900K->2464K(21504K)] 36379K->19455K(69120K), 0.0010900 secs] [Times: user=0.01 sys=0.00, real=0.00 secs] 
128.891: Total time for which application threads were stopped: 0.0012370 seconds, Stopping threads took: 0.0000730 seconds
128.937: Application time: 0.0457570 seconds
128.937: [GC [PSYoungGen: 21007K->1936K(21504K)] 37998K->18927K(69120K), 0.0007810 secs] [Times: user=0.00 sys=0.00, real=0.00 secs] 
128.938: Total time for which application threads were stopped: 0.0009150 seconds, Stopping threads took: 0.0000670 seconds
128.980: Application time: 0.0422290 seconds
128.981: [GC [PSYoungGen: 20468K->2480K(21504K)] 37460K->19471K(69120K), 0.0009290 secs] [Times: user=0.00 sys=0.00, real=0.00 secs] 
128.981: Total time for which application threads were stopped: 0.0011070 seconds, Stopping threads took: 0.0001040 seconds
129.028: Application time: 0.0461510 seconds
129.028: [GC [PSYoungGen: 21023K->1408K(21504K)] 38014K->18399K(69120K), 0.0007120 secs] [Times: user=0.01 sys=0.00, real=0.00 secs] 
129.028: Total time for which application threads were stopped: 0.0008380 seconds, Stopping threads took: 0.0000670 seconds
129.071: Application time: 0.0427500 seconds
129.071: [GC [PSYoungGen: 20017K->2496K(21504K)] 37008K->19487K(69120K), 0.0009480 secs] [Times: user=0.01 sys=0.00, real=0.00 secs] 
129.072: Total time for which application threads were stopped: 0.0010950 seconds, Stopping threads took: 0.0000750 seconds
129.117: Application time: 0.0447890 seconds
129.117: [GC [PSYoungGen: 21273K->1456K(21504K)] 38265K->18455K(69120K), 0.0006700 secs] [Times: user=0.00 sys=0.00, real=0.00 secs] 
129.118: Total time for which application threads were stopped: 0.0008040 seconds, Stopping threads took: 0.0000680 seconds
129.162: Application time: 0.0440720 seconds
129.162: [GC [PSYoungGen: 20139K->2528K(21504K)] 37138K->20047K(69120K), 0.0010720 secs] [Times: user=0.01 sys=0.00, real=0.00 secs] 
129.163: Total time for which application threads were stopped: 0.0012160 seconds, Stopping threads took: 0.0000750 seconds
129.209: Application time: 0.0460260 seconds
129.209: [GC [PSYoungGen: 21073K->1408K(21504K)] 38592K->18935K(69120K), 0.0006600 secs] [Times: user=0.00 sys=0.00, real=0.00 secs] 
129.210: Total time for which application threads were stopped: 0.0008000 seconds, Stopping threads took: 0.0000740 seconds
129.252: Application time: 0.0423800 seconds
129.253: [GC [PSYoungGen: 19932K->2512K(21504K)] 37459K->20551K(69120K), 0.0010540 secs] [Times: user=0.01 sys=0.00, real=0.00 secs] 
129.254: Total time for which application threads were stopped: 0.0012000 seconds, Stopping threads took: 0.0000780 seconds
129.300: Application time: 0.0464540 seconds
129.300: [GC [PSYoungGen: 21135K->1424K(21504K)] 39175K->19463K(69120K), 0.0006440 secs] [Times: user=0.00 sys=0.00, real=0.00 secs] 
129.301: Total time for which application threads were stopped: 0.0007690 seconds, Stopping threads took: 0.0000620 seconds
129.344: Application time: 0.0432520 seconds
129.344: [GC [PSYoungGen: 19946K->2512K(21504K)] 37985K->21583K(69120K), 0.0012480 secs] [Times: user=0.00 sys=0.00, real=0.00 secs] 
129.346: Total time for which application threads were stopped: 0.0014000 seconds, Stopping threads took: 0.0000760 seconds
129.391: Application time: 0.0453450 seconds
129.391: [GC [PSYoungGen: 21137K->1440K(21504K)] 40209K->20511K(69120K), 0.0006270 secs] [Times: user=0.00 sys=0.00, real=0.00 secs] 
129.392: Total time for which application threads were stopped: 0.0007880 seconds, Stopping threads took: 0.0000830 seconds
129.434: Application time: 0.0426560 seconds
129.434: [GC [PSYoungGen: 19964K->2496K(21504K)] 39035K->22087K(69120K), 0.0011310 secs] [Times: user=0.01 sys=0.00, real=0.00 secs] 
129.436: Total time for which application threads were stopped: 0.0012830 seconds, Stopping threads took: 0.0000760 seconds
129.482: Application time: 0.0466990 seconds
129.482: [GC [PSYoungGen: 21041K->1440K(21504K)] 40632K->21031K(69120K), 0.0006210 secs] [Times: user=0.01 sys=0.00, real=0.00 secs] 
129.483: Total time for which application threads were stopped: 0.0007470 seconds, Stopping threads took: 0.0000650 seconds
129.525: Application time: 0.0417730 seconds
129.525: [GC [PSYoungGen: 19964K->2528K(21504K)] 39555K->22631K(69120K), 0.0010870 secs] [Times: user=0.01 sys=0.00, real=0.00 secs] 
129.526: Total time for which application threads were stopped: 0.0012280 seconds, Stopping threads took: 0.0000740 seconds
129.571: Application time: 0.0446180 seconds
129.571: [GC [PSYoungGen: 21062K->2512K(21504K)] 41166K->23127K(69120K), 0.0011050 secs] [Times: user=0.00 sys=0.00, real=0.00 secs] 
129.572: Total time for which application threads were stopped: 0.0012480 seconds, Stopping threads took: 0.0000690 seconds
129.618: Application time: 0.0462500 seconds
129.618: [GC [PSYoungGen: 21055K->1936K(21504K)] 41670K->22551K(69120K), 0.0007770 secs] [Times: user=0.00 sys=0.00, real=0.00 secs] 
129.619: Total time for which application threads were stopped: 0.0009170 seconds, Stopping threads took: 0.0000730 seconds
129.661: Application time: 0.0416510 seconds
129.661: [GC [PSYoungGen: 20464K->2448K(21504K)] 41080K->23575K(69120K), 0.0012370 secs] [Times: user=0.01 sys=0.00, real=0.00 secs] 
129.662: Total time for which application threads were stopped: 0.0013800 seconds, Stopping threads took: 0.0000670 seconds
129.709: Application time: 0.0472040 seconds
129.709: [GC [PSYoungGen: 21069K->1936K(21504K)] 42197K->23063K(69120K), 0.0007830 secs] [Times: user=0.01 sys=0.00, real=0.00 secs] 
129.710: Total time for which application threads were stopped: 0.0009150 seconds, Stopping threads took: 0.0000620 seconds
129.753: Application time: 0.0430980 seconds
129.753: [GC [PSYoungGen: 20707K->1968K(21504K)] 41835K->23103K(69120K), 0.0008260 secs] [Times: user=0.01 sys=0.00, real=0.00 secs] 
129.754: Total time for which application threads were stopped: 0.0009550 seconds, Stopping threads took: 0.0000570 seconds
129.798: Application time: 0.0434400 seconds
129.798: [GC [PSYoungGen: 20659K->2496K(21504K)] 41795K->23639K(69120K), 0.0009330 secs] [Times: user=0.01 sys=0.00, real=0.00 secs] 
129.799: Total time for which application threads were stopped: 0.0010760 seconds, Stopping threads took: 0.0000730 seconds
129.844: Application time: 0.0448300 seconds
129.844: [GC [PSYoungGen: 21039K->1424K(21504K)] 42182K->22575K(69120K), 0.0006840 secs] [Times: user=0.00 sys=0.00, real=0.01 secs] 
129.844: Total time for which application threads were stopped: 0.0008190 seconds, Stopping threads took: 0.0000680 seconds
129.887: Application time: 0.0424190 seconds
129.887: [GC [PSYoungGen: 19954K->2416K(21504K)] 41106K->23567K(69120K), 0.0010080 secs] [Times: user=0.00 sys=0.00, real=0.00 secs] 
129.888: Total time for which application threads were stopped: 0.0011530 seconds, Stopping threads took: 0.0000700 seconds
129.934: Application time: 0.0461850 seconds
129.934: [GC [PSYoungGen: 21037K->1408K(21504K)] 42188K->22559K(69120K), 0.0006620 secs] [Times: user=0.00 sys=0.00, real=0.00 secs] 
129.935: Total time for which application threads were stopped: 0.0008150 seconds, Stopping threads took: 0.0000760 seconds
129.979: Application time: 0.0436010 seconds
129.979: [GC [PSYoungGen: 19936K->2464K(21504K)] 41088K->23623K(69120K), 0.0009670 secs] [Times: user=0.00 sys=0.00, real=0.00 secs] 
129.980: Total time for which application threads were stopped: 0.0011160 seconds, Stopping threads took: 0.0000730 seconds
130.024: Application time: 0.0442080 seconds
130.024: [GC [PSYoungGen: 21000K->2480K(21504K)] 42160K->23639K(69120K), 0.0009560 secs] [Times: user=0.01 sys=0.00, real=0.00 secs] 
130.025: Total time for which application threads were stopped: 0.0010950 seconds, Stopping threads took: 0.0000680 seconds
130.074: Application time: 0.0486780 seconds
130.074: [GC [PSYoungGen: 21103K->352K(21504K)] 42263K->21519K(69120K), 0.0004640 secs] [Times: user=0.00 sys=0.00, real=0.00 secs] 
130.074: Total time for which application threads were stopped: 0.0005930 seconds, Stopping threads took: 0.0000680 seconds
130.115: Application time: 0.0408180 seconds
130.115: [GC [PSYoungGen: 18872K->2480K(21504K)] 40039K->23647K(69120K), 0.0009540 secs] [Times: user=0.00 sys=0.00, real=0.01 secs] 
130.116: Total time for which application threads were stopped: 0.0011040 seconds, Stopping threads took: 0.0000730 seconds
130.163: Application time: 0.0468040 seconds
130.163: [GC [PSYoungGen: 21025K->896K(21504K)] 42192K->22063K(69120K), 0.0005070 secs] [Times: user=0.00 sys=0.00, real=0.00 secs] 
130.164: Total time for which application threads were stopped: 0.0006380 seconds, Stopping threads took: 0.0000670 seconds
130.205: Application time: 0.0416100 seconds
130.205: [GC [PSYoungGen: 19416K->2512K(21504K)] 40583K->24191K(69120K), 0.0010670 secs] [Times: user=0.00 sys=0.00, real=0.00 secs] 
130.207: Total time for which application threads were stopped: 0.0012100 seconds, Stopping threads took: 0.0000730 seconds
130.252: Application time: 0.0457380 seconds
130.252: [GC [PSYoungGen: 21057K->1408K(21504K)] 42736K->23087K(69120K), 0.0007190 secs] [Times: user=0.00 sys=0.00, real=0.00 secs] 
130.253: Total time for which application threads were stopped: 0.0008630 seconds, Stopping threads took: 0.0000800 seconds
130.296: Application time: 0.0431700 seconds
130.296: [GC [PSYoungGen: 19932K->2464K(21504K)] 41612K->24143K(69120K), 0.0009610 secs] [Times: user=0.00 sys=0.00, real=0.00 secs] 
130.297: Total time for which application threads were stopped: 0.0011230 seconds, Stopping threads took: 0.0000910 seconds
130.343: Application time: 0.0455930 seconds
130.343: [GC [PSYoungGen: 21087K->1408K(21504K)] 42767K->23087K(69120K), 0.0006450 secs] [Times: user=0.00 sys=0.00, real=0.00 secs] 
130.344: Total time for which application threads were stopped: 0.0007870 seconds, Stopping threads took: 0.0000730 seconds
130.386: Application time: 0.0425330 seconds
130.386: [GC [PSYoungGen: 20086K->2496K(21504K)] 41766K->25207K(69120K), 0.0012890 secs] [Times: user=0.01 sys=0.00, real=0.00 secs] 
130.388: Total time for which application threads were stopped: 0.0014480 seconds, Stopping threads took: 0.0000830 seconds
130.433: Application time: 0.0449770 seconds
130.433: [GC [PSYoungGen: 21276K->1920K(21504K)] 43987K->24639K(69120K), 0.0008030 secs] [Times: user=0.00 sys=0.00, real=0.00 secs] 
130.434: Total time for which application threads were stopped: 0.0010370 seconds, Stopping threads took: 0.0001660 seconds
130.478: Application time: 0.0441720 seconds
130.478: [GC [PSYoungGen: 20458K->1408K(21504K)] 43178K->24135K(69120K), 0.0006500 secs] [Times: user=0.00 sys=0.00, real=0.00 secs] 
130.479: Total time for which application threads were stopped: 0.0008460 seconds, Stopping threads took: 0.0001210 seconds
130.523: Application time: 0.0436950 seconds
130.523: [GC [PSYoungGen: 19932K->1920K(21504K)] 42660K->24647K(69120K), 0.0008190 secs] [Times: user=0.01 sys=0.00, real=0.00 secs] 
130.524: Total time for which application threads were stopped: 0.0009990 seconds, Stopping threads took: 0.0001120 seconds
130.569: Application time: 0.0450350 seconds
130.569: [GC [PSYoungGen: 20541K->1920K(21504K)] 43269K->24647K(69120K), 0.0007990 secs] [Times: user=0.00 sys=0.00, real=0.00 secs] 
130.570: Total time for which application threads were stopped: 0.0009330 seconds, Stopping threads took: 0.0000660 seconds
130.614: Application time: 0.0446530 seconds
130.614: [GC [PSYoungGen: 20452K->2464K(21504K)] 43180K->25199K(69120K), 0.0009700 secs] [Times: user=0.00 sys=0.00, real=0.00 secs] 
130.615: Total time for which application threads were stopped: 0.0011080 seconds, Stopping threads took: 0.0000690 seconds
130.660: Application time: 0.0446310 seconds
130.660: [GC [PSYoungGen: 21005K->1952K(21504K)] 43740K->24687K(69120K), 0.0008410 secs] [Times: user=0.00 sys=0.00, real=0.00 secs] 
130.661: Total time for which application threads were stopped: 0.0009760 seconds, Stopping threads took: 0.0000670 seconds
130.706: Application time: 0.0448340 seconds
130.706: [GC [PSYoungGen: 20486K->1920K(21504K)] 43222K->24655K(69120K), 0.0007510 secs] [Times: user=0.00 sys=0.00, real=0.00 secs] 
130.707: Total time for which application threads were stopped: 0.0008940 seconds, Stopping threads took: 0.0000780 seconds
130.750: Application time: 0.0430960 seconds
130.750: [GC [PSYoungGen: 20531K->2496K(21504K)] 43266K->25239K(69120K), 0.0009580 secs] [Times: user=0.00 sys=0.00, real=0.00 secs] 
130.751: Total time for which application threads were stopped: 0.0010960 seconds, Stopping threads took: 0.0000680 seconds
130.796: Application time: 0.0451660 seconds
130.796: [GC [PSYoungGen: 21035K->1984K(21504K)] 43778K->24727K(69120K), 0.0008130 secs] [Times: user=0.01 sys=0.00, real=0.00 secs] 
130.797: Total time for which application threads were stopped: 0.0009640 seconds, Stopping threads took: 0.0000790 seconds
130.842: Application time: 0.0448070 seconds
130.842: [GC [PSYoungGen: 20518K->1936K(21504K)] 43262K->24679K(69120K), 0.0008000 secs] [Times: user=0.00 sys=0.00, real=0.00 secs] 
130.843: Total time for which application threads were stopped: 0.0009510 seconds, Stopping threads took: 0.0000870 seconds
130.886: Application time: 0.0430780 seconds
130.886: [GC [PSYoungGen: 20468K->2496K(21504K)] 43212K->25239K(69120K), 0.0009100 secs] [Times: user=0.01 sys=0.00, real=0.00 secs] 
130.887: Total time for which application threads were stopped: 0.0010480 seconds, Stopping threads took: 0.0000690 seconds
130.931: Application time: 0.0445950 seconds
130.932: [GC [PSYoungGen: 21037K->1968K(21504K)] 43780K->24711K(69120K), 0.0008170 secs] [Times: user=0.00 sys=0.00, real=0.00 secs] 
130.932: Total time for which application threads were stopped: 0.0009530 seconds, Stopping threads took: 0.0000670 seconds
130.976: Application time: 0.0437620 seconds
130.976: [GC [PSYoungGen: 20504K->1952K(21504K)] 43248K->24695K(69120K), 0.0007640 secs] [Times: user=0.00 sys=0.00, real=0.00 secs] 
130.977: Total time for which application threads were stopped: 0.0008930 seconds, Stopping threads took: 0.0000640 seconds
131.022: Application time: 0.0448770 seconds
131.022: [GC [PSYoungGen: 20641K->2480K(21504K)] 43385K->25231K(69120K), 0.0009220 secs] [Times: user=0.00 sys=0.00, real=0.00 secs] 
131.023: Total time for which application threads were stopped: 0.0010750 seconds, Stopping threads took: 0.0000740 seconds
131.067: Application time: 0.0439110 seconds
131.067: [GC [PSYoungGen: 21331K->2480K(21504K)] 44083K->25239K(69120K), 0.0009860 secs] [Times: user=0.00 sys=0.00, real=0.00 secs] 
131.068: Total time for which application threads were stopped: 0.0011370 seconds, Stopping threads took: 0.0000680 seconds
131.112: Application time: 0.0441580 seconds
131.112: [GC [PSYoungGen: 21017K->2480K(21504K)] 43776K->25247K(69120K), 0.0009190 secs] [Times: user=0.01 sys=0.00, real=0.00 secs] 
131.113: Total time for which application threads were stopped: 0.0010490 seconds, Stopping threads took: 0.0000580 seconds
131.158: Application time: 0.0445410 seconds
131.158: [GC [PSYoungGen: 21021K->1952K(21504K)] 43788K->24719K(69120K), 0.0008110 secs] [Times: user=0.00 sys=0.00, real=0.00 secs] 
131.159: Total time for which application threads were stopped: 0.0009440 seconds, Stopping threads took: 0.0000660 seconds
131.202: Application time: 0.0435210 seconds
131.202: [GC [PSYoungGen: 20484K->2480K(21504K)] 43252K->25247K(69120K), 0.0009490 secs] [Times: user=0.01 sys=0.00, real=0.00 secs] 
131.203: Total time for which application threads were stopped: 0.0010920 seconds, Stopping threads took: 0.0000710 seconds
131.248: Application time: 0.0441450 seconds
131.248: [GC [PSYoungGen: 21091K->2480K(21504K)] 43858K->25767K(69120K), 0.0011130 secs] [Times: user=0.01 sys=0.00, real=0.00 secs] 
131.249: Total time for which application threads were stopped: 0.0012520 seconds, Stopping threads took: 0.0000660 seconds
131.294: Application time: 0.0454310 seconds
131.294: [GC [PSYoungGen: 21021K->1920K(21504K)] 44308K->25207K(69120K), 0.0008210 secs] [Times: user=0.00 sys=0.00, real=0.00 secs] 
131.295: Total time for which application threads were stopped: 0.0009760 seconds, Stopping threads took: 0.0000870 seconds
131.339: Application time: 0.0433430 seconds
131.339: [GC [PSYoungGen: 20452K->2512K(21504K)] 43740K->25799K(69120K), 0.0010230 secs] [Times: user=0.01 sys=0.00, real=0.00 secs] 
131.340: Total time for which application threads were stopped: 0.0011870 seconds, Stopping threads took: 0.0000890 seconds
131.385: Application time: 0.0454880 seconds
131.385: [GC [PSYoungGen: 21131K->1936K(21504K)] 44419K->25223K(69120K), 0.0007560 secs] [Times: user=0.01 sys=0.00, real=0.00 secs] 
131.386: Total time for which application threads were stopped: 0.0008900 seconds, Stopping threads took: 0.0000630 seconds
131.428: Application time: 0.0423640 seconds
131.429: [GC [PSYoungGen: 20468K->2480K(21504K)] 43756K->25775K(69120K), 0.0010450 secs] [Times: user=0.01 sys=0.00, real=0.00 secs] 
131.430: Total time for which application threads were stopped: 0.0012080 seconds, Stopping threads took: 0.0000890 seconds
131.475: Application time: 0.0457090 seconds
131.476: [GC [PSYoungGen: 21023K->1424K(21504K)] 44318K->24719K(69120K), 0.0006560 secs] [Times: user=0.00 sys=0.00, real=0.01 secs] 
131.476: Total time for which application threads were stopped: 0.0008380 seconds, Stopping threads took: 0.0001110 seconds
131.518: Application time: 0.0419860 seconds
131.518: [GC [PSYoungGen: 19952K->2496K(21504K)] 43248K->25791K(69120K), 0.0009580 secs] [Times: user=0.01 sys=0.00, real=0.00 secs] 
131.519: Total time for which application threads were stopped: 0.0010950 seconds, Stopping threads took: 0.0000650 seconds
131.564: Application time: 0.0447610 seconds
131.564: [GC [PSYoungGen: 21039K->1424K(21504K)] 44334K->24719K(69120K), 0.0006420 secs] [Times: user=0.00 sys=0.00, real=0.00 secs] 
131.565: Total time for which application threads were stopped: 0.0007830 seconds, Stopping threads took: 0.0000680 seconds
131.607: Application time: 0.0424630 seconds
131.607: [GC [PSYoungGen: 19948K->2528K(21504K)] 43244K->26335K(69120K), 0.0010850 secs] [Times: user=0.01 sys=0.00, real=0.00 secs] 
131.609: Total time for which application threads were stopped: 0.0012270 seconds, Stopping threads took: 0.0000660 seconds
131.655: Application time: 0.0465940 seconds
131.655: [GC [PSYoungGen: 21229K->1408K(21504K)] 45037K->25215K(69120K), 0.0006700 secs] [Times: user=0.00 sys=0.00, real=0.00 secs] 
131.656: Total time for which application threads were stopped: 0.0008040 seconds, Stopping threads took: 0.0000670 seconds
131.698: Application time: 0.0418560 seconds
131.698: [GC [PSYoungGen: 20247K->2480K(21504K)] 44055K->26807K(69120K), 0.0010230 secs] [Times: user=0.01 sys=0.00, real=0.00 secs] 
131.699: Total time for which application threads were stopped: 0.0011600 seconds, Stopping threads took: 0.0000670 seconds
131.746: Application time: 0.0465560 seconds
131.746: [GC [PSYoungGen: 21023K->1952K(21504K)] 45350K->26287K(69120K), 0.0008190 secs] [Times: user=0.00 sys=0.00, real=0.00 secs] 
131.746: Total time for which application threads were stopped: 0.0009590 seconds, Stopping threads took: 0.0000600 seconds
131.790: Application time: 0.0437100 seconds
131.790: [GC [PSYoungGen: 20488K->1920K(21504K)] 44824K->26255K(69120K), 0.0007860 secs] [Times: user=0.01 sys=0.00, real=0.00 secs] 
131.791: Total time for which application threads were stopped: 0.0009310 seconds, Stopping threads took: 0.0000780 seconds
131.835: Application time: 0.0435280 seconds
131.835: [GC [PSYoungGen: 20454K->1952K(21504K)] 44790K->26287K(69120K), 0.0008140 secs] [Times: user=0.00 sys=0.00, real=0.00 secs] 
131.836: Total time for which application threads were stopped: 0.0009810 seconds, Stopping threads took: 0.0000990 seconds
131.878: Application time: 0.0427970 seconds
131.879: [GC [PSYoungGen: 20558K->2464K(21504K)] 44894K->27311K(69120K), 0.0011650 secs] [Times: user=0.01 sys=0.00, real=0.00 secs] 
131.880: Total time for which application threads were stopped: 0.0013180 seconds, Stopping threads took: 0.0000780 seconds
131.927: Application time: 0.0477370 seconds
131.928: [GC [PSYoungGen: 21009K->1392K(21504K)] 45856K->26247K(69120K), 0.0006330 secs] [Times: user=0.01 sys=0.00, real=0.00 secs] 
131.928: Total time for which application threads were stopped: 0.0007900 seconds, Stopping threads took: 0.0000880 seconds
131.969: Application time: 0.0404120 seconds
131.969: [GC [PSYoungGen: 19912K->2464K(21504K)] 44768K->28343K(69120K), 0.0013320 secs] [Times: user=0.01 sys=0.00, real=0.00 secs] 
131.970: Total time for which application threads were stopped: 0.0014940 seconds, Stopping threads took: 0.0000860 seconds
132.018: Application time: 0.0476330 seconds
132.018: [GC [PSYoungGen: 21007K->1920K(21504K)] 46886K->27799K(69120K), 0.0007860 secs] [Times: user=0.01 sys=0.00, real=0.00 secs] 
132.019: Total time for which application threads were stopped: 0.0009270 seconds, Stopping threads took: 0.0000760 seconds
132.061: Application time: 0.0426680 seconds
132.062: [GC [PSYoungGen: 20529K->2448K(21504K)] 46408K->28847K(69120K), 0.0011370 secs] [Times: user=0.01 sys=0.00, real=0.00 secs] 
132.063: Total time for which application threads were stopped: 0.0012990 seconds, Stopping threads took: 0.0000850 seconds
132.109: Application time: 0.0466280 seconds
132.109: [GC [PSYoungGen: 20993K->1424K(21504K)] 47392K->27823K(69120K), 0.0006470 secs] [Times: user=0.00 sys=0.00, real=0.00 secs] 
132.110: Total time for which application threads were stopped: 0.0007890 seconds, Stopping threads took: 0.0000690 seconds
132.152: Application time: 0.0417070 seconds
132.152: [GC [PSYoungGen: 19952K->2448K(21504K)] 46352K->28847K(69120K), 0.0010410 secs] [Times: user=0.00 sys=0.00, real=0.00 secs] 
132.153: Total time for which application threads were stopped: 0.0011850 seconds, Stopping threads took: 0.0000710 seconds
132.200: Application time: 0.0468870 seconds
132.200: [GC [PSYoungGen: 20991K->1424K(21504K)] 47390K->27823K(69120K), 0.0006610 secs] [Times: user=0.00 sys=0.00, real=0.00 secs] 
132.201: Total time for which application threads were stopped: 0.0008170 seconds, Stopping threads took: 0.0000880 seconds
132.244: Application time: 0.0433280 seconds
132.244: [GC [PSYoungGen: 19952K->2480K(21504K)] 46352K->28879K(69120K), 0.0009700 secs] [Times: user=0.00 sys=0.00, real=0.00 secs] 
132.245: Total time for which application threads were stopped: 0.0011260 seconds, Stopping threads took: 0.0000790 seconds
132.291: Application time: 0.0459010 seconds
132.291: [GC [PSYoungGen: 21177K->1952K(21504K)] 47577K->28351K(69120K), 0.0008210 secs] [Times: user=0.01 sys=0.00, real=0.00 secs] 
132.292: Total time for which application threads were stopped: 0.0010670 seconds, Stopping threads took: 0.0001800 seconds
132.337: Application time: 0.0451390 seconds
132.337: [GC [PSYoungGen: 20723K->1392K(21504K)] 47123K->27799K(69120K), 0.0006610 secs] [Times: user=0.00 sys=0.00, real=0.00 secs] 
132.338: Total time for which application threads were stopped: 0.0008310 seconds, Stopping threads took: 0.0001010 seconds
132.381: Application time: 0.0425000 seconds
132.381: [GC [PSYoungGen: 20003K->2496K(21504K)] 46410K->28911K(69120K), 0.0009670 secs] [Times: user=0.01 sys=0.00, real=0.00 secs] 
132.382: Total time for which application threads were stopped: 0.0011060 seconds, Stopping threads took: 0.0000690 seconds
132.428: Application time: 0.0464550 seconds
132.428: [GC [PSYoungGen: 21037K->1920K(21504K)] 47452K->28335K(69120K), 0.0008010 secs] [Times: user=0.00 sys=0.00, real=0.00 secs] 
132.429: Total time for which application threads were stopped: 0.0009290 seconds, Stopping threads took: 0.0000600 seconds
132.471: Application time: 0.0419910 seconds
132.471: [GC [PSYoungGen: 20452K->2480K(21504K)] 46868K->28895K(69120K), 0.0009770 secs] [Times: user=0.00 sys=0.00, real=0.00 secs] 
132.472: Total time for which application threads were stopped: 0.0011380 seconds, Stopping threads took: 0.0000880 seconds
132.519: Application time: 0.0467600 seconds
132.519: [GC [PSYoungGen: 21101K->1472K(21504K)] 47517K->27887K(69120K), 0.0007190 secs] [Times: user=0.00 sys=0.00, real=0.00 secs] 
132.520: Total time for which application threads were stopped: 0.0008410 seconds, Stopping threads took: 0.0000600 seconds
132.564: Application time: 0.0439570 seconds
132.564: [GC [PSYoungGen: 20000K->2480K(21504K)] 46416K->28903K(69120K), 0.0009860 secs] [Times: user=0.00 sys=0.01, real=0.01 secs] 
132.565: Total time for which application threads were stopped: 0.0011250 seconds, Stopping threads took: 0.0000710 seconds
132.610: Application time: 0.0445980 seconds
132.610: [GC [PSYoungGen: 21017K->2464K(21504K)] 47440K->28887K(69120K), 0.0009520 secs] [Times: user=0.01 sys=0.00, real=0.00 secs] 
132.611: Total time for which application threads were stopped: 0.0010880 seconds, Stopping threads took: 0.0000670 seconds
132.655: Application time: 0.0446310 seconds
132.655: [GC [PSYoungGen: 21007K->1392K(21504K)] 47430K->27815K(69120K), 0.0006760 secs] [Times: user=0.00 sys=0.00, real=0.01 secs] 
132.656: Total time for which application threads were stopped: 0.0008190 seconds, Stopping threads took: 0.0000660 seconds
132.700: Application time: 0.0438440 seconds
132.700: [GC [PSYoungGen: 19999K->2448K(21504K)] 46422K->28871K(69120K), 0.0009330 secs] [Times: user=0.00 sys=0.00, real=0.00 secs] 
132.701: Total time for which application threads were stopped: 0.0010650 seconds, Stopping threads took: 0.0000680 seconds
132.745: Application time: 0.0443200 seconds
132.745: [GC [PSYoungGen: 20989K->1968K(21504K)] 47412K->28399K(69120K), 0.0008650 secs] [Times: user=0.00 sys=0.00, real=0.00 secs] 
132.746: Total time for which application threads were stopped: 0.0010060 seconds, Stopping threads took: 0.0000700 seconds
132.791: Application time: 0.0444350 seconds
132.791: [GC [PSYoungGen: 20504K->1952K(21504K)] 46936K->28383K(69120K), 0.0007860 secs] [Times: user=0.00 sys=0.00, real=0.00 secs] 
132.792: Total time for which application threads were stopped: 0.0009260 seconds, Stopping threads took: 0.0000720 seconds
132.835: Application time: 0.0436300 seconds
132.835: [GC [PSYoungGen: 20482K->2480K(21504K)] 46914K->28911K(69120K), 0.0009830 secs] [Times: user=0.00 sys=0.01, real=0.01 secs] 
132.836: Total time for which application threads were stopped: 0.0011210 seconds, Stopping threads took: 0.0000640 seconds
132.881: Application time: 0.0448310 seconds
132.881: [GC [PSYoungGen: 21019K->1952K(21504K)] 47450K->28383K(69120K), 0.0008140 secs] [Times: user=0.01 sys=0.00, real=0.00 secs] 
132.882: Total time for which application threads were stopped: 0.0009500 seconds, Stopping threads took: 0.0000650 seconds
132.926: Application time: 0.0434020 seconds
132.926: [GC [PSYoungGen: 20639K->2384K(21504K)] 47070K->29327K(69120K), 0.0011890 secs] [Times: user=0.00 sys=0.00, real=0.00 secs] 
132.927: Total time for which application threads were stopped: 0.0013510 seconds, Stopping threads took: 0.0000880 seconds
132.974: Application time: 0.0469420 seconds
132.974: [GC [PSYoungGen: 21085K->1440K(21504K)] 48029K->28391K(69120K), 0.0006640 secs] [Times: user=0.00 sys=0.00, real=0.00 secs] 
132.975: Total time for which application threads were stopped: 0.0008070 seconds, Stopping threads took: 0.0000700 seconds
133.017: Application time: 0.0422920 seconds
133.017: [GC [PSYoungGen: 20127K->2544K(21504K)] 47078K->29503K(69120K), 0.0010370 secs] [Times: user=0.00 sys=0.00, real=0.00 secs] 
133.018: Total time for which application threads were stopped: 0.0011820 seconds, Stopping threads took: 0.0000780 seconds
133.065: Application time: 0.0463850 seconds
133.065: [GC [PSYoungGen: 21087K->1392K(21504K)] 48046K->28359K(69120K), 0.0006770 secs] [Times: user=0.01 sys=0.00, real=0.00 secs] 
133.065: Total time for which application threads were stopped: 0.0008190 seconds, Stopping threads took: 0.0000730 seconds
133.108: Application time: 0.0420520 seconds
133.108: [GC [PSYoungGen: 19920K->2480K(21504K)] 46888K->29447K(69120K), 0.0009800 secs] [Times: user=0.01 sys=0.00, real=0.00 secs] 
133.109: Total time for which application threads were stopped: 0.0011260 seconds, Stopping threads took: 0.0000710 seconds
133.154: Application time: 0.0452800 seconds
133.154: [GC [PSYoungGen: 21095K->2480K(21504K)] 48062K->29447K(69120K), 0.0009320 secs] [Times: user=0.00 sys=0.00, real=0.00 secs] 
133.155: Total time for which application threads were stopped: 0.0010890 seconds, Stopping threads took: 0.0000880 seconds
133.200: Application time: 0.0447820 seconds
133.200: [GC [PSYoungGen: 21023K->1408K(21504K)] 47990K->28383K(69120K), 0.0006620 secs] [Times: user=0.01 sys=0.00, real=0.00 secs] 
133.201: Total time for which application threads were stopped: 0.0007980 seconds, Stopping threads took: 0.0000660 seconds
133.244: Application time: 0.0431850 seconds
133.244: [GC [PSYoungGen: 19936K->2480K(21504K)] 46912K->29455K(69120K), 0.0009420 secs] [Times: user=0.01 sys=0.00, real=0.01 secs] 
133.245: Total time for which application threads were stopped: 0.0011550 seconds, Stopping threads took: 0.0001390 seconds
133.290: Application time: 0.0447680 seconds
133.290: [GC [PSYoungGen: 21017K->1936K(21504K)] 47992K->28911K(69120K), 0.0008040 secs] [Times: user=0.00 sys=0.00, real=0.00 secs] 
133.291: Total time for which application threads were stopped: 0.0009330 seconds, Stopping threads took: 0.0000590 seconds
133.335: Application time: 0.0440550 seconds
133.335: [GC [PSYoungGen: 20468K->1936K(21504K)] 47444K->28911K(69120K), 0.0007830 secs] [Times: user=0.01 sys=0.00, real=0.00 secs] 
133.336: Total time for which application threads were stopped: 0.0009180 seconds, Stopping threads took: 0.0000700 seconds
133.380: Application time: 0.0438830 seconds
133.380: [GC [PSYoungGen: 20551K->2480K(21504K)] 47527K->29463K(69120K), 0.0009600 secs] [Times: user=0.00 sys=0.00, real=0.00 secs] 
133.381: Total time for which application threads were stopped: 0.0011240 seconds, Stopping threads took: 0.0000940 seconds
133.426: Application time: 0.0455960 seconds
133.426: [GC [PSYoungGen: 21019K->1952K(21504K)] 48002K->28935K(69120K), 0.0008100 secs] [Times: user=0.01 sys=0.00, real=0.00 secs] 
133.427: Total time for which application threads were stopped: 0.0009380 seconds, Stopping threads took: 0.0000610 seconds
133.470: Application time: 0.0428200 seconds
133.470: [GC [PSYoungGen: 20482K->2496K(21504K)] 47466K->29479K(69120K), 0.0009520 secs] [Times: user=0.01 sys=0.00, real=0.00 secs] 
133.471: Total time for which application threads were stopped: 0.0011020 seconds, Stopping threads took: 0.0000820 seconds
133.515: Application time: 0.0442610 seconds
133.515: [GC [PSYoungGen: 21028K->2496K(21504K)] 48012K->29991K(69120K), 0.0011370 secs] [Times: user=0.01 sys=0.00, real=0.01 secs] 
133.517: Total time for which application threads were stopped: 0.0012820 seconds, Stopping threads took: 0.0000700 seconds
133.562: Application time: 0.0454250 seconds
133.562: [GC [PSYoungGen: 21117K->1984K(21504K)] 48613K->29479K(69120K), 0.0007830 secs] [Times: user=0.00 sys=0.00, real=0.00 secs] 
133.563: Total time for which application threads were stopped: 0.0009110 seconds, Stopping threads took: 0.0000630 seconds
133.606: Application time: 0.0430500 seconds
133.606: [GC [PSYoungGen: 20591K->2496K(21504K)] 48086K->30511K(69120K), 0.0011300 secs] [Times: user=0.01 sys=0.00, real=0.00 secs] 
133.607: Total time for which application threads were stopped: 0.0012820 seconds, Stopping threads took: 0.0000780 seconds
133.653: Application time: 0.0456470 seconds
133.653: [GC [PSYoungGen: 21352K->1984K(21504K)] 49367K->30007K(69120K), 0.0008100 secs] [Times: user=0.01 sys=0.00, real=0.00 secs] 
133.655: Total time for which application threads were stopped: 0.0016660 seconds, Stopping threads took: 0.0000650 seconds
133.696: Application time: 0.0418610 seconds
133.697: [GC [PSYoungGen: 20508K->2528K(21504K)] 48532K->31583K(69120K), 0.0012520 secs] [Times: user=0.01 sys=0.00, real=0.00 secs] 
133.698: Total time for which application threads were stopped: 0.0015060 seconds, Stopping threads took: 0.0001790 seconds
133.745: Application time: 0.0470050 seconds
133.745: [GC [PSYoungGen: 21073K->1952K(21504K)] 50129K->31007K(69120K), 0.0007920 secs] [Times: user=0.01 sys=0.00, real=0.00 secs] 
133.746: Total time for which application threads were stopped: 0.0009530 seconds, Stopping threads took: 0.0000820 seconds
133.789: Application time: 0.0426800 seconds
133.789: [GC [PSYoungGen: 20552K->2496K(21504K)] 49608K->32575K(69120K), 0.0012370 secs] [Times: user=0.01 sys=0.00, real=0.00 secs] 
133.790: Total time for which application threads were stopped: 0.0013890 seconds, Stopping threads took: 0.0000720 seconds
133.837: Application time: 0.0470120 seconds
133.837: [GC [PSYoungGen: 21043K->1424K(21504K)] 51123K->31511K(69120K), 0.0006610 secs] [Times: user=0.00 sys=0.00, real=0.00 secs] 
133.838: Total time for which application threads were stopped: 0.0007930 seconds, Stopping threads took: 0.0000700 seconds
133.880: Application time: 0.0420110 seconds
133.880: [GC [PSYoungGen: 19950K->2480K(21504K)] 50038K->32567K(69120K), 0.0009990 secs] [Times: user=0.00 sys=0.00, real=0.00 secs] 
133.881: Total time for which application threads were stopped: 0.0011880 seconds, Stopping threads took: 0.0001200 seconds
133.925: Application time: 0.0443800 seconds
133.926: [GC [PSYoungGen: 21015K->2464K(21504K)] 51102K->32551K(69120K), 0.0010960 secs] [Times: user=0.01 sys=0.00, real=0.00 secs] 
133.927: Total time for which application threads were stopped: 0.0013790 seconds, Stopping threads took: 0.0002170 seconds
133.973: Application time: 0.0459960 seconds
133.973: [GC [PSYoungGen: 21003K->912K(21504K)] 51090K->30999K(69120K), 0.0005470 secs] [Times: user=0.00 sys=0.00, real=0.00 secs] 
133.974: Total time for which application threads were stopped: 0.0007380 seconds, Stopping threads took: 0.0001250 seconds
134.017: Application time: 0.0436420 seconds
134.017: [GC [PSYoungGen: 19525K->2480K(21504K)] 49612K->32567K(69120K), 0.0009510 secs] [Times: user=0.00 sys=0.00, real=0.00 secs] 
134.018: Total time for which application threads were stopped: 0.0010910 seconds, Stopping threads took: 0.0000680 seconds
134.064: Application time: 0.0457390 seconds
134.064: [GC [PSYoungGen: 21025K->848K(21504K)] 51112K->30943K(69120K), 0.0005300 secs] [Times: user=0.00 sys=0.00, real=0.00 secs] 
134.065: Total time for which application threads were stopped: 0.0006610 seconds, Stopping threads took: 0.0000640 seconds
134.107: Application time: 0.0426940 seconds
134.108: [GC [PSYoungGen: 19372K->2480K(21504K)] 49468K->32575K(69120K), 0.0009750 secs] [Times: user=0.01 sys=0.00, real=0.00 secs] 
134.109: Total time for which application threads were stopped: 0.0011300 seconds, Stopping threads took: 0.0000790 seconds
134.155: Application time: 0.0464290 seconds
134.155: [GC [PSYoungGen: 21025K->912K(21504K)] 51121K->31007K(69120K), 0.0005000 secs] [Times: user=0.00 sys=0.00, real=0.00 secs] 
134.156: Total time for which application threads were stopped: 0.0006270 seconds, Stopping threads took: 0.0000680 seconds
134.197: Application time: 0.0417950 seconds
134.197: [GC [PSYoungGen: 19436K->2464K(21504K)] 49532K->32559K(69120K), 0.0009580 secs] [Times: user=0.00 sys=0.00, real=0.00 secs] 
134.198: Total time for which application threads were stopped: 0.0011170 seconds, Stopping threads took: 0.0000740 seconds
134.243: Application time: 0.0449740 seconds
134.244: [GC [PSYoungGen: 21241K->848K(21504K)] 51337K->30959K(69120K), 0.0005670 secs] [Times: user=0.01 sys=0.00, real=0.01 secs] 
134.244: Total time for which application threads were stopped: 0.0007030 seconds, Stopping threads took: 0.0000710 seconds
134.288: Application time: 0.0436670 seconds
134.288: [GC [PSYoungGen: 19531K->2480K(21504K)] 49642K->32599K(69120K), 0.0009630 secs] [Times: user=0.01 sys=0.00, real=0.00 secs] 
134.289: Total time for which application threads were stopped: 0.0011180 seconds, Stopping threads took: 0.0000760 seconds
134.335: Application time: 0.0458560 seconds
134.335: [GC [PSYoungGen: 21099K->1952K(21504K)] 51219K->32079K(69120K), 0.0008030 secs] [Times: user=0.01 sys=0.00, real=0.00 secs] 
134.336: Total time for which application threads were stopped: 0.0009510 seconds, Stopping threads took: 0.0000800 seconds
134.378: Application time: 0.0425430 seconds
134.378: [GC [PSYoungGen: 20484K->2464K(21504K)] 50612K->32591K(69120K), 0.0009550 secs] [Times: user=0.00 sys=0.00, real=0.00 secs] 
134.379: Total time for which application threads were stopped: 0.0010900 seconds, Stopping threads took: 0.0000650 seconds
134.422: Application time: 0.0429430 seconds
134.422: [GC [PSYoungGen: 21077K->2480K(21504K)] 51205K->32607K(69120K), 0.0009570 secs] [Times: user=0.00 sys=0.00, real=0.00 secs] 
134.423: Total time for which application threads were stopped: 0.0011260 seconds, Stopping threads took: 0.0000950 seconds
134.470: Application time: 0.0464010 seconds
134.470: [GC [PSYoungGen: 21021K->1952K(21504K)] 51148K->32087K(69120K), 0.0007920 secs] [Times: user=0.00 sys=0.00, real=0.00 secs] 
134.471: Total time for which application threads were stopped: 0.0009310 seconds, Stopping threads took: 0.0000760 seconds
134.515: Application time: 0.0443810 seconds
134.515: [GC [PSYoungGen: 20488K->1936K(21504K)] 50624K->32071K(69120K), 0.0008210 secs] [Times: user=0.00 sys=0.00, real=0.01 secs] 
134.516: Total time for which application threads were stopped: 0.0009690 seconds, Stopping threads took: 0.0000740 seconds
134.559: Application time: 0.0427530 seconds
134.559: [GC [PSYoungGen: 20468K->2496K(21504K)] 50604K->32631K(69120K), 0.0009660 secs] [Times: user=0.01 sys=0.00, real=0.00 secs] 
134.560: Total time for which application threads were stopped: 0.0011160 seconds, Stopping threads took: 0.0000690 seconds
134.606: Application time: 0.0464130 seconds
134.607: [GC [PSYoungGen: 21039K->1424K(21504K)] 51174K->31559K(69120K), 0.0006620 secs] [Times: user=0.00 sys=0.00, real=0.00 secs] 
134.607: Total time for which application threads were stopped: 0.0007920 seconds, Stopping threads took: 0.0000630 seconds
134.649: Application time: 0.0420460 seconds
134.649: [GC [PSYoungGen: 19952K->2464K(21504K)] 50088K->32599K(69120K), 0.0009880 secs] [Times: user=0.00 sys=0.00, real=0.00 secs] 
134.650: Total time for which application threads were stopped: 0.0011350 seconds, Stopping threads took: 0.0000750 seconds
134.697: Application time: 0.0462200 seconds
134.697: [GC [PSYoungGen: 21081K->1968K(21504K)] 51217K->32111K(69120K), 0.0007950 secs] [Times: user=0.00 sys=0.00, real=0.00 secs] 
134.698: Total time for which application threads were stopped: 0.0009180 seconds, Stopping threads took: 0.0000560 seconds
134.742: Application time: 0.0442260 seconds
134.742: [GC [PSYoungGen: 20502K->1936K(21504K)] 50646K->32079K(69120K), 0.0007960 secs] [Times: user=0.00 sys=0.00, real=0.00 secs] 
134.743: Total time for which application threads were stopped: 0.0009340 seconds, Stopping threads took: 0.0000720 seconds
134.786: Application time: 0.0437010 seconds
134.787: [GC [PSYoungGen: 20472K->1936K(21504K)] 50616K->32079K(69120K), 0.0008090 secs] [Times: user=0.01 sys=0.00, real=0.00 secs] 
134.787: Total time for which application threads were stopped: 0.0010170 seconds, Stopping threads took: 0.0001450 seconds
134.831: Application time: 0.0437020 seconds
134.831: [GC [PSYoungGen: 20468K->2480K(21504K)] 50612K->32623K(69120K), 0.0009780 secs] [Times: user=0.01 sys=0.01, real=0.00 secs] 
134.832: Total time for which application threads were stopped: 0.0011310 seconds, Stopping threads took: 0.0000740 seconds
134.879: Application time: 0.0468420 seconds
134.879: [GC [PSYoungGen: 21179K->1408K(21504K)] 51323K->31551K(69120K), 0.0006840 secs] [Times: user=0.00 sys=0.00, real=0.00 secs] 
134.880: Total time for which application threads were stopped: 0.0008170 seconds, Stopping threads took: 0.0000630 seconds
134.921: Application time: 0.0409910 seconds
134.921: [GC [PSYoungGen: 20167K->2528K(21504K)] 50311K->33703K(69120K), 0.0012750 secs] [Times: user=0.01 sys=0.00, real=0.00 secs] 
134.922: Total time for which application threads were stopped: 0.0014110 seconds, Stopping threads took: 0.0000620 seconds
134.969: Application time: 0.0470540 seconds
134.970: [GC [PSYoungGen: 21151K->1968K(21504K)] 52327K->33151K(69120K), 0.0008810 secs] [Times: user=0.01 sys=0.00, real=0.00 secs] 
134.970: Total time for which application threads were stopped: 0.0010130 seconds, Stopping threads took: 0.0000620 seconds
135.011: Application time: 0.0401600 seconds
135.011: [GC [PSYoungGen: 20486K->2416K(21504K)] 51670K->35143K(69120K), 0.0015080 secs] [Times: user=0.01 sys=0.00, real=0.00 secs] 
135.012: Total time for which application threads were stopped: 0.0016620 seconds, Stopping threads took: 0.0000750 seconds
135.061: Application time: 0.0492250 seconds
135.062: [GC [PSYoungGen: 21041K->1936K(21504K)] 53769K->34663K(69120K), 0.0007900 secs] [Times: user=0.01 sys=0.00, real=0.00 secs] 
135.062: Total time for which application threads were stopped: 0.0009320 seconds, Stopping threads took: 0.0000680 seconds
135.104: Application time: 0.0417490 seconds
135.108: [GC [PSYoungGen: 20456K->2496K(21504K)] 53184K->36256K(69120K), 0.0012690 secs] [Times: user=0.01 sys=0.00, real=0.00 secs] 
135.109: Total time for which application threads were stopped: 0.0052360 seconds, Stopping threads took: 0.0038960 seconds
135.156: Application time: 0.0467790 seconds
135.156: [GC [PSYoungGen: 21043K->1936K(21504K)] 54803K->35696K(69120K), 0.0008050 secs] [Times: user=0.00 sys=0.00, real=0.00 secs] 
135.157: Total time for which application threads were stopped: 0.0009590 seconds, Stopping threads took: 0.0000840 seconds
135.199: Application time: 0.0422670 seconds
135.200: [GC [PSYoungGen: 20458K->2448K(21504K)] 54218K->37232K(69120K), 0.0013240 secs] [Times: user=0.01 sys=0.00, real=0.00 secs] 
135.201: Total time for which application threads were stopped: 0.0015670 seconds, Stopping threads took: 0.0001650 seconds
135.248: Application time: 0.0467340 seconds
135.248: [GC [PSYoungGen: 20993K->1968K(21504K)] 55777K->36752K(69120K), 0.0008350 secs] [Times: user=0.01 sys=0.00, real=0.00 secs] 
135.249: Total time for which application threads were stopped: 0.0009800 seconds, Stopping threads took: 0.0000720 seconds
135.291: Application time: 0.0421610 seconds
135.291: [GC [PSYoungGen: 20494K->2496K(21504K)] 55278K->38304K(69120K), 0.0013700 secs] [Times: user=0.01 sys=0.00, real=0.00 secs] 
135.292: Total time for which application threads were stopped: 0.0015180 seconds, Stopping threads took: 0.0000620 seconds
135.318: Application time: 0.0253540 seconds
135.318: Total time for which application threads were stopped: 0.0001960 seconds, Stopping threads took: 0.0001720 seconds
135.339: Application time: 0.0214620 seconds
135.340: [GC [PSYoungGen: 21087K->2464K(21504K)] 56895K->38272K(69120K), 0.0009750 secs] [Times: user=0.01 sys=0.00, real=0.00 secs] 
135.341: Total time for which application threads were stopped: 0.0011060 seconds, Stopping threads took: 0.0000490 seconds
135.389: Application time: 0.0480670 seconds
135.389: [GC [PSYoungGen: 20999K->2432K(21504K)] 56806K->38248K(69120K), 0.0009410 secs] [Times: user=0.01 sys=0.00, real=0.00 secs] 
135.390: Total time for which application threads were stopped: 0.0010830 seconds, Stopping threads took: 0.0000730 seconds
135.436: Application time: 0.0460350 seconds
135.436: [GC [PSYoungGen: 20966K->2448K(21504K)] 56782K->38264K(69120K), 0.0009850 secs] [Times: user=0.01 sys=0.00, real=0.01 secs] 
135.437: Total time for which application threads were stopped: 0.0011130 seconds, Stopping threads took: 0.0000590 seconds
135.488: Application time: 0.0510610 seconds
135.488: [GC [PSYoungGen: 21037K->1344K(21504K)] 56853K->37160K(69120K), 0.0006150 secs] [Times: user=0.01 sys=0.00, real=0.00 secs] 
135.489: Total time for which application threads were stopped: 0.0007250 seconds, Stopping threads took: 0.0000460 seconds
135.490: Application time: 0.0016780 seconds
135.490: Total time for which application threads were stopped: 0.0000640 seconds, Stopping threads took: 0.0000490 seconds
135.504: Application time: 0.0132830 seconds
135.504: Total time for which application threads were stopped: 0.0000530 seconds, Stopping threads took: 0.0000360 seconds
135.539: Application time: 0.0357780 seconds
135.540: Total time for which application threads were stopped: 0.0000630 seconds, Stopping threads took: 0.0000370 seconds
135.544: Application time: 0.0048390 seconds
135.544: Total time for which application threads were stopped: 0.0000330 seconds, Stopping threads took: 0.0000250 seconds
135.569: Application time: 0.0244520 seconds
135.569: [GC [PSYoungGen: 20077K->672K(21504K)] 55893K->36487K(69120K), 0.0004590 secs] [Times: user=0.00 sys=0.00, real=0.00 secs] 
135.569: Total time for which application threads were stopped: 0.0005190 seconds, Stopping threads took: 0.0000150 seconds
135.679: Application time: 0.1097650 seconds
135.679: Total time for which application threads were stopped: 0.0000860 seconds, Stopping threads took: 0.0000530 seconds
135.695: Application time: 0.0162620 seconds
135.696: [GC [PSYoungGen: 19422K->2448K(21504K)] 55238K->41344K(69120K), 0.0014560 secs] [Times: user=0.01 sys=0.00, real=0.01 secs] 
135.697: Total time for which application threads were stopped: 0.0016090 seconds, Stopping threads took: 0.0000730 seconds
135.738: Application time: 0.0406520 seconds
135.738: [GC [PSYoungGen: 21189K->2464K(21504K)] 60085K->43928K(69120K), 0.0015520 secs] [Times: user=0.01 sys=0.00, real=0.00 secs] 
135.739: Total time for which application threads were stopped: 0.0017040 seconds, Stopping threads took: 0.0000740 seconds
135.789: Application time: 0.0498240 seconds
135.789: [GC [PSYoungGen: 21100K->2416K(21504K)] 62564K->45936K(69120K), 0.0012260 secs] [Times: user=0.01 sys=0.00, real=0.00 secs] 
135.791: Total time for which application threads were stopped: 0.0013600 seconds, Stopping threads took: 0.0000630 seconds
135.831: Application time: 0.0404280 seconds
135.831: [GC [PSYoungGen: 20982K->2496K(21504K)] 64502K->48576K(69120K), 0.0015820 secs] [Times: user=0.01 sys=0.00, real=0.00 secs] 
135.833: [Full GC [PSYoungGen: 2496K->0K(21504K)] [ParOldGen: 46080K->9125K(47616K)] 48576K->9125K(69120K) [PSPermGen: 5179K->5179K(21504K)], 0.0064780 secs] [Times: user=0.02 sys=0.00, real=0.01 secs] 
135.839: Total time for which application threads were stopped: 0.0082730 seconds, Stopping threads took: 0.0000780 seconds
135.887: Application time: 0.0477230 seconds
135.887: [GC [PSYoungGen: 18608K->736K(21504K)] 27734K->9861K(69120K), 0.0004320 secs] [Times: user=0.00 sys=0.00, real=0.00 secs] 
135.888: Total time for which application threads were stopped: 0.0005690 seconds, Stopping threads took: 0.0000680 seconds
135.929: Application time: 0.0413460 seconds
135.929: [GC [PSYoungGen: 19285K->2304K(21504K)] 28411K->11429K(69120K), 0.0008190 secs] [Times: user=0.00 sys=0.00, real=0.00 secs] 
135.930: Total time for which application threads were stopped: 0.0009560 seconds, Stopping threads took: 0.0000680 seconds
135.976: Application time: 0.0460100 seconds
135.976: [GC [PSYoungGen: 20853K->1792K(21504K)] 29979K->10917K(69120K), 0.0007010 secs] [Times: user=0.00 sys=0.00, real=0.00 secs] 
135.977: Total time for which application threads were stopped: 0.0008680 seconds, Stopping threads took: 0.0000990 seconds
136.022: Application time: 0.0452850 seconds
136.024: [GC [PSYoungGen: 20325K->2272K(21504K)] 29451K->11397K(69120K), 0.0009120 secs] [Times: user=0.00 sys=0.00, real=0.00 secs] 
136.025: Total time for which application threads were stopped: 0.0028900 seconds, Stopping threads took: 0.0019060 seconds
136.073: Application time: 0.0477200 seconds
136.076: [GC [PSYoungGen: 20802K->2272K(21504K)] 29928K->11909K(69120K), 0.0012680 secs] [Times: user=0.01 sys=0.00, real=0.00 secs] 
136.077: Total time for which application threads were stopped: 0.0047240 seconds, Stopping threads took: 0.0033800 seconds
136.127: Application time: 0.0500200 seconds
136.128: [GC [PSYoungGen: 20806K->2272K(21504K)] 30444K->12421K(69120K), 0.0012510 secs] [Times: user=0.01 sys=0.00, real=0.00 secs] 
136.129: Total time for which application threads were stopped: 0.0014440 seconds, Stopping threads took: 0.0001090 seconds
136.180: Application time: 0.0514970 seconds
136.181: [GC [PSYoungGen: 20815K->736K(21504K)] 30964K->10885K(69120K), 0.0004960 secs] [Times: user=0.00 sys=0.00, real=0.00 secs] 
136.181: Total time for which application threads were stopped: 0.0006520 seconds, Stopping threads took: 0.0000850 seconds
136.224: Application time: 0.0430470 seconds
136.224: [GC [PSYoungGen: 19262K->2304K(21504K)] 29412K->12453K(69120K), 0.0008480 secs] [Times: user=0.00 sys=0.00, real=0.00 secs] 
136.225: Total time for which application threads were stopped: 0.0009890 seconds, Stopping threads took: 0.0000710 seconds
136.270: Application time: 0.0447060 seconds
136.270: [GC [PSYoungGen: 20847K->1280K(21504K)] 30996K->11429K(69120K), 0.0005280 secs] [Times: user=0.00 sys=0.00, real=0.00 secs] 
136.271: Total time for which application threads were stopped: 0.0006650 seconds, Stopping threads took: 0.0000770 seconds
136.314: Application time: 0.0430620 seconds
136.314: [GC [PSYoungGen: 19804K->2272K(21504K)] 29954K->12933K(69120K), 0.0010070 secs] [Times: user=0.00 sys=0.00, real=0.00 secs] 
136.315: Total time for which application threads were stopped: 0.0011470 seconds, Stopping threads took: 0.0000660 seconds
136.360: Application time: 0.0449880 seconds
136.360: [GC [PSYoungGen: 21208K->1328K(21504K)] 31870K->11989K(69120K), 0.0005910 secs] [Times: user=0.01 sys=0.00, real=0.00 secs] 
136.360: Total time for which application threads were stopped: 0.0007230 seconds, Stopping threads took: 0.0000680 seconds
136.403: Application time: 0.0427450 seconds
136.403: [GC [PSYoungGen: 20015K->2464K(21504K)] 30676K->13637K(69120K), 0.0011000 secs] [Times: user=0.01 sys=0.00, real=0.01 secs] 
136.404: Total time for which application threads were stopped: 0.0012660 seconds, Stopping threads took: 0.0000790 seconds
136.452: Application time: 0.0476440 seconds
136.452: [GC [PSYoungGen: 21089K->880K(21504K)] 32263K->12053K(69120K), 0.0005480 secs] [Times: user=0.00 sys=0.00, real=0.00 secs] 
136.453: Total time for which application threads were stopped: 0.0006740 seconds, Stopping threads took: 0.0000660 seconds
136.493: Application time: 0.0405440 seconds
136.493: [GC [PSYoungGen: 19400K->2512K(21504K)] 30574K->14197K(69120K), 0.0011070 secs] [Times: user=0.00 sys=0.00, real=0.00 secs] 
136.495: Total time for which application threads were stopped: 0.0012530 seconds, Stopping threads took: 0.0000680 seconds
136.542: Application time: 0.0474900 seconds
136.542: [GC [PSYoungGen: 21057K->1392K(21504K)] 32743K->13077K(69120K), 0.0006390 secs] [Times: user=0.01 sys=0.00, real=0.00 secs] 
136.543: Total time for which application threads were stopped: 0.0007570 seconds, Stopping threads took: 0.0000560 seconds
136.584: Application time: 0.0412380 seconds
136.584: [GC [PSYoungGen: 19916K->2512K(21504K)] 31602K->14709K(69120K), 0.0011250 secs] [Times: user=0.01 sys=0.00, real=0.00 secs] 
136.585: Total time for which application threads were stopped: 0.0012630 seconds, Stopping threads took: 0.0000610 seconds
136.632: Application time: 0.0465520 seconds
136.632: [GC [PSYoungGen: 21057K->1408K(21504K)] 33254K->13605K(69120K), 0.0006520 secs] [Times: user=0.00 sys=0.01, real=0.00 secs] 
136.633: Total time for which application threads were stopped: 0.0008000 seconds, Stopping threads took: 0.0000740 seconds
136.676: Application time: 0.0431810 seconds
136.676: [GC [PSYoungGen: 19936K->2496K(21504K)] 32134K->14693K(69120K), 0.0009430 secs] [Times: user=0.00 sys=0.00, real=0.01 secs] 
136.677: Total time for which application threads were stopped: 0.0011380 seconds, Stopping threads took: 0.0001260 seconds
136.724: Application time: 0.0471620 seconds
136.724: [GC [PSYoungGen: 21039K->944K(21504K)] 33236K->13141K(69120K), 0.0004920 secs] [Times: user=0.00 sys=0.00, real=0.00 secs] 
136.725: Total time for which application threads were stopped: 0.0006690 seconds, Stopping threads took: 0.0001170 seconds
136.767: Application time: 0.0422730 seconds
136.767: [GC [PSYoungGen: 19468K->2464K(21504K)] 31666K->15173K(69120K), 0.0010890 secs] [Times: user=0.01 sys=0.00, real=0.00 secs] 
136.768: Total time for which application threads were stopped: 0.0012350 seconds, Stopping threads took: 0.0000730 seconds
136.815: Application time: 0.0466400 seconds
136.815: [GC [PSYoungGen: 21011K->896K(21504K)] 33721K->13605K(69120K), 0.0004870 secs] [Times: user=0.00 sys=0.00, real=0.00 secs] 
136.816: Total time for which application threads were stopped: 0.0006130 seconds, Stopping threads took: 0.0000630 seconds
136.857: Application time: 0.0409120 seconds
136.857: [GC [PSYoungGen: 19416K->2512K(21504K)] 32126K->15733K(69120K), 0.0011250 secs] [Times: user=0.00 sys=0.00, real=0.00 secs] 
136.858: Total time for which application threads were stopped: 0.0012510 seconds, Stopping threads took: 0.0000570 seconds
136.904: Application time: 0.0463930 seconds
136.904: [GC [PSYoungGen: 21057K->1392K(21504K)] 34279K->14613K(69120K), 0.0006270 secs] [Times: user=0.00 sys=0.00, real=0.00 secs] 
136.905: Total time for which application threads were stopped: 0.0007590 seconds, Stopping threads took: 0.0000650 seconds
136.947: Application time: 0.0421500 seconds
136.947: [GC [PSYoungGen: 19912K->2496K(21504K)] 33134K->16741K(69120K), 0.0012660 secs] [Times: user=0.00 sys=0.01, real=0.00 secs] 
136.948: Total time for which application threads were stopped: 0.0014260 seconds, Stopping threads took: 0.0000820 seconds
136.996: Application time: 0.0475910 seconds
136.996: [GC [PSYoungGen: 21434K->1424K(21504K)] 35680K->15669K(69120K), 0.0006260 secs] [Times: user=0.00 sys=0.00, real=0.00 secs] 
136.997: Total time for which application threads were stopped: 0.0007500 seconds, Stopping threads took: 0.0000600 seconds
137.039: Application time: 0.0423080 seconds
137.039: [GC [PSYoungGen: 20026K->2464K(21504K)] 34272K->17237K(69120K), 0.0011020 secs] [Times: user=0.01 sys=0.00, real=0.00 secs] 
137.040: Total time for which application threads were stopped: 0.0012580 seconds, Stopping threads took: 0.0000820 seconds
137.086: Application time: 0.0452630 seconds
137.086: [GC [PSYoungGen: 21161K->1936K(21504K)] 35935K->16733K(69120K), 0.0008620 secs] [Times: user=0.01 sys=0.00, real=0.00 secs] 
137.087: Total time for which application threads were stopped: 0.0010160 seconds, Stopping threads took: 0.0000910 seconds
137.131: Application time: 0.0444860 seconds
137.131: [GC [PSYoungGen: 20472K->1904K(21504K)] 35270K->16717K(69120K), 0.0008680 secs] [Times: user=0.01 sys=0.00, real=0.00 secs] 
137.132: Total time for which application threads were stopped: 0.0010020 seconds, Stopping threads took: 0.0000640 seconds
137.176: Application time: 0.0439180 seconds
137.176: [GC [PSYoungGen: 20440K->1920K(21504K)] 35254K->16733K(69120K), 0.0007800 secs] [Times: user=0.00 sys=0.00, real=0.00 secs] 
137.177: Total time for which application threads were stopped: 0.0009450 seconds, Stopping threads took: 0.0000990 seconds
137.222: Application time: 0.0449720 seconds
137.222: [GC [PSYoungGen: 20456K->1904K(21504K)] 35270K->16717K(69120K), 0.0008060 secs] [Times: user=0.01 sys=0.00, real=0.00 secs] 
137.223: Total time for which application threads were stopped: 0.0009560 seconds, Stopping threads took: 0.0000830 seconds
137.267: Application time: 0.0437590 seconds
137.267: [GC [PSYoungGen: 20436K->2464K(21504K)] 35250K->17277K(69120K), 0.0009270 secs] [Times: user=0.00 sys=0.00, real=0.00 secs] 
137.268: Total time for which application threads were stopped: 0.0011060 seconds, Stopping threads took: 0.0001150 seconds
137.314: Application time: 0.0459990 seconds
137.314: [GC [PSYoungGen: 21007K->1408K(21504K)] 35820K->16221K(69120K), 0.0006200 secs] [Times: user=0.00 sys=0.00, real=0.00 secs] 
137.315: Total time for which application threads were stopped: 0.0007720 seconds, Stopping threads took: 0.0000920 seconds
137.359: Application time: 0.0442320 seconds
137.359: [GC [PSYoungGen: 19938K->1952K(21504K)] 34752K->16765K(69120K), 0.0008110 secs] [Times: user=0.00 sys=0.00, real=0.00 secs] 
137.360: Total time for which application threads were stopped: 0.0009530 seconds, Stopping threads took: 0.0000740 seconds
137.405: Application time: 0.0448820 seconds
137.405: [GC [PSYoungGen: 20476K->2528K(21504K)] 35290K->18365K(69120K), 0.0012590 secs] [Times: user=0.01 sys=0.00, real=0.00 secs] 
137.406: Total time for which application threads were stopped: 0.0014140 seconds, Stopping threads took: 0.0000770 seconds
137.451: Application time: 0.0452700 seconds
137.452: [GC [PSYoungGen: 21073K->1984K(21504K)] 36911K->17821K(69120K), 0.0008420 secs] [Times: user=0.01 sys=0.00, real=0.00 secs] 
137.452: Total time for which application threads were stopped: 0.0009850 seconds, Stopping threads took: 0.0000690 seconds
137.500: Application time: 0.0472010 seconds
137.500: [GC [PSYoungGen: 20527K->320K(21504K)] 36364K->16157K(69120K), 0.0004040 secs] [Times: user=0.00 sys=0.00, real=0.00 secs] 
137.500: Total time for which application threads were stopped: 0.0005400 seconds, Stopping threads took: 0.0000710 seconds
137.542: Application time: 0.0416600 seconds
137.542: [GC [PSYoungGen: 18842K->2480K(21504K)] 34680K->18317K(69120K), 0.0009180 secs] [Times: user=0.01 sys=0.00, real=0.00 secs] 
137.543: Total time for which application threads were stopped: 0.0010660 seconds, Stopping threads took: 0.0000750 seconds
137.591: Application time: 0.0482740 seconds
137.591: [GC [PSYoungGen: 21105K->352K(21504K)] 36943K->16189K(69120K), 0.0004160 secs] [Times: user=0.00 sys=0.00, real=0.00 secs] 
137.592: Total time for which application threads were stopped: 0.0005670 seconds, Stopping threads took: 0.0000840 seconds
137.632: Application time: 0.0406530 seconds
137.632: [GC [PSYoungGen: 19106K->2496K(21504K)] 34944K->18333K(69120K), 0.0009950 secs] [Times: user=0.01 sys=0.00, real=0.00 secs] 
137.633: Total time for which application threads were stopped: 0.0011330 seconds, Stopping threads took: 0.0000680 seconds
137.680: Application time: 0.0469880 seconds
137.681: [GC [PSYoungGen: 21193K->1408K(21504K)] 37031K->17253K(69120K), 0.0006520 secs] [Times: user=0.00 sys=0.00, real=0.00 secs] 
137.681: Total time for which application threads were stopped: 0.0007870 seconds, Stopping threads took: 0.0000710 seconds
137.723: Application time: 0.0422220 seconds
137.724: [GC [PSYoungGen: 20091K->2528K(21504K)] 35936K->18893K(69120K), 0.0011270 secs] [Times: user=0.01 sys=0.00, real=0.01 secs] 
137.725: Total time for which application threads were stopped: 0.0012990 seconds, Stopping threads took: 0.0000970 seconds
137.774: Application time: 0.0488810 seconds
137.774: [GC [PSYoungGen: 21075K->912K(21504K)] 37441K->17285K(69120K), 0.0005440 secs] [Times: user=0.00 sys=0.00, real=0.00 secs] 
137.774: Total time for which application threads were stopped: 0.0006660 seconds, Stopping threads took: 0.0000560 seconds
137.815: Application time: 0.0404730 seconds
137.815: [GC [PSYoungGen: 19432K->2480K(21504K)] 35806K->19365K(69120K), 0.0011490 secs] [Times: user=0.00 sys=0.00, real=0.01 secs] 
137.816: Total time for which application threads were stopped: 0.0012990 seconds, Stopping threads took: 0.0000760 seconds
137.862: Application time: 0.0457840 seconds
137.862: [GC [PSYoungGen: 21021K->1968K(21504K)] 37907K->18853K(69120K), 0.0007930 secs] [Times: user=0.00 sys=0.00, real=0.00 secs] 
137.863: Total time for which application threads were stopped: 0.0009470 seconds, Stopping threads took: 0.0000810 seconds
137.906: Application time: 0.0431750 seconds
137.906: [GC [PSYoungGen: 20496K->2464K(21504K)] 37382K->19861K(69120K), 0.0011640 secs] [Times: user=0.00 sys=0.00, real=0.00 secs] 
137.907: Total time for which application threads were stopped: 0.0013300 seconds, Stopping threads took: 0.0000910 seconds
137.952: Application time: 0.0445620 seconds
137.952: [GC [PSYoungGen: 21003K->2464K(21504K)] 38400K->19862K(69120K), 0.0009570 secs] [Times: user=0.00 sys=0.00, real=0.00 secs] 
137.953: Total time for which application threads were stopped: 0.0011100 seconds, Stopping threads took: 0.0000730 seconds
137.998: Application time: 0.0453820 seconds
137.999: [GC [PSYoungGen: 21003K->1952K(21504K)] 38400K->19349K(69120K), 0.0008040 secs] [Times: user=0.01 sys=0.00, real=0.00 secs] 
137.999: Total time for which application threads were stopped: 0.0009470 seconds, Stopping threads took: 0.0000720 seconds
138.041: Application time: 0.0419270 seconds
138.041: [GC [PSYoungGen: 20476K->2464K(21504K)] 37874K->20886K(69120K), 0.0013090 secs] [Times: user=0.01 sys=0.00, real=0.00 secs] 
138.043: Total time for which application threads were stopped: 0.0014610 seconds, Stopping threads took: 0.0000770 seconds
138.090: Application time: 0.0470230 seconds
138.090: [GC [PSYoungGen: 21009K->1936K(21504K)] 39431K->20358K(69120K), 0.0008020 secs] [Times: user=0.00 sys=0.00, real=0.00 secs] 
138.091: Total time for which application threads were stopped: 0.0009490 seconds, Stopping threads took: 0.0000790 seconds
138.134: Application time: 0.0428030 seconds
138.134: [GC [PSYoungGen: 20464K->2512K(21504K)] 38886K->21446K(69120K), 0.0010870 secs] [Times: user=0.01 sys=0.00, real=0.00 secs] 
138.135: Total time for which application threads were stopped: 0.0012220 seconds, Stopping threads took: 0.0000660 seconds
138.181: Application time: 0.0464900 seconds
138.181: [GC [PSYoungGen: 21055K->1952K(21504K)] 39989K->20886K(69120K), 0.0008050 secs] [Times: user=0.01 sys=0.00, real=0.00 secs] 
138.182: Total time for which application threads were stopped: 0.0009470 seconds, Stopping threads took: 0.0000730 seconds
138.226: Application time: 0.0434450 seconds
138.226: [GC [PSYoungGen: 20480K->2512K(21504K)] 39414K->21958K(69120K), 0.0011520 secs] [Times: user=0.01 sys=0.00, real=0.00 secs] 
138.227: Total time for which application threads were stopped: 0.0012980 seconds, Stopping threads took: 0.0000750 seconds
138.272: Application time: 0.0446290 seconds
138.272: [GC [PSYoungGen: 21129K->2496K(21504K)] 40575K->21950K(69120K), 0.0009280 secs] [Times: user=0.00 sys=0.00, real=0.00 secs] 
138.273: Total time for which application threads were stopped: 0.0010720 seconds, Stopping threads took: 0.0000760 seconds
138.318: Application time: 0.0450670 seconds
138.318: [GC [PSYoungGen: 21350K->1920K(21504K)] 40804K->21382K(69120K), 0.0007850 secs] [Times: user=0.00 sys=0.00, real=0.00 secs] 
138.319: Total time for which application threads were stopped: 0.0009070 seconds, Stopping threads took: 0.0000570 seconds
138.361: Application time: 0.0421060 seconds
138.361: [GC [PSYoungGen: 20607K->2464K(21504K)] 40068K->22446K(69120K), 0.0011420 secs] [Times: user=0.01 sys=0.00, real=0.00 secs] 
138.362: Total time for which application threads were stopped: 0.0012820 seconds, Stopping threads took: 0.0000650 seconds
138.408: Application time: 0.0456360 seconds
138.408: [GC [PSYoungGen: 21083K->2464K(21504K)] 41065K->22454K(69120K), 0.0009590 secs] [Times: user=0.01 sys=0.00, real=0.00 secs] 
138.409: Total time for which application threads were stopped: 0.0010990 seconds, Stopping threads took: 0.0000730 seconds
138.454: Application time: 0.0457240 seconds
138.455: [GC [PSYoungGen: 21009K->912K(21504K)] 40999K->20902K(69120K), 0.0005410 secs] [Times: user=0.01 sys=0.00, real=0.00 secs] 
138.455: Total time for which application threads were stopped: 0.0006850 seconds, Stopping threads took: 0.0000680 seconds
138.499: Application time: 0.0441990 seconds
138.499: [GC [PSYoungGen: 19440K->1952K(21504K)] 39430K->21942K(69120K), 0.0008000 secs] [Times: user=0.00 sys=0.00, real=0.00 secs] 
138.500: Total time for which application threads were stopped: 0.0009400 seconds, Stopping threads took: 0.0000750 seconds
138.545: Application time: 0.0449380 seconds
138.545: [GC [PSYoungGen: 20488K->1952K(21504K)] 40478K->21942K(69120K), 0.0007940 secs] [Times: user=0.01 sys=0.00, real=0.00 secs] 
138.546: Total time for which application threads were stopped: 0.0009810 seconds, Stopping threads took: 0.0001130 seconds
138.591: Application time: 0.0447450 seconds
138.591: [GC [PSYoungGen: 20484K->1904K(21504K)] 40474K->21894K(69120K), 0.0007910 secs] [Times: user=0.00 sys=0.00, real=0.00 secs] 
138.592: Total time for which application threads were stopped: 0.0009610 seconds, Stopping threads took: 0.0001000 seconds
138.637: Application time: 0.0446700 seconds
138.637: [GC [PSYoungGen: 20440K->2496K(21504K)] 40430K->22486K(69120K), 0.0009460 secs] [Times: user=0.00 sys=0.00, real=0.00 secs] 
138.638: Total time for which application threads were stopped: 0.0010880 seconds, Stopping threads took: 0.0000730 seconds
138.682: Application time: 0.0445010 seconds
138.682: [GC [PSYoungGen: 21037K->1920K(21504K)] 41027K->21910K(69120K), 0.0008310 secs] [Times: user=0.01 sys=0.00, real=0.00 secs] 
138.683: Total time for which application threads were stopped: 0.0009670 seconds, Stopping threads took: 0.0000680 seconds
138.727: Application time: 0.0439490 seconds
138.727: [GC [PSYoungGen: 20452K->2544K(21504K)] 40442K->22534K(69120K), 0.0010390 secs] [Times: user=0.01 sys=0.00, real=0.00 secs] 
138.728: Total time for which application threads were stopped: 0.0011830 seconds, Stopping threads took: 0.0000680 seconds
138.773: Application time: 0.0447390 seconds
138.773: [GC [PSYoungGen: 21085K->1936K(21504K)] 41075K->21926K(69120K), 0.0007820 secs] [Times: user=0.00 sys=0.00, real=0.00 secs] 
138.774: Total time for which application threads were stopped: 0.0009200 seconds, Stopping threads took: 0.0000730 seconds
138.817: Application time: 0.0432450 seconds
138.817: [GC [PSYoungGen: 20468K->2496K(21504K)] 40458K->22486K(69120K), 0.0009490 secs] [Times: user=0.00 sys=0.00, real=0.00 secs] 
138.818: Total time for which application threads were stopped: 0.0010890 seconds, Stopping threads took: 0.0000680 seconds
138.863: Application time: 0.0443160 seconds
138.863: [GC [PSYoungGen: 21039K->1424K(21504K)] 41029K->21414K(69120K), 0.0006330 secs] [Times: user=0.00 sys=0.00, real=0.00 secs] 
138.863: Total time for which application threads were stopped: 0.0007610 seconds, Stopping threads took: 0.0000660 seconds
138.907: Application time: 0.0431780 seconds
138.907: [GC [PSYoungGen: 20028K->2528K(21504K)] 40018K->23030K(69120K), 0.0011050 secs] [Times: user=0.00 sys=0.00, real=0.00 secs] 
138.908: Total time for which application threads were stopped: 0.0012460 seconds, Stopping threads took: 0.0000640 seconds
138.954: Application time: 0.0457920 seconds
138.954: [GC [PSYoungGen: 21386K->1392K(21504K)] 41888K->21902K(69120K), 0.0006190 secs] [Times: user=0.00 sys=0.00, real=0.00 secs] 
138.954: Total time for which application threads were stopped: 0.0007460 seconds, Stopping threads took: 0.0000630 seconds
138.996: Application time: 0.0420180 seconds
138.996: [GC [PSYoungGen: 19996K->2432K(21504K)] 40506K->23462K(69120K), 0.0011840 secs] [Times: user=0.01 sys=0.00, real=0.00 secs] 
138.998: Total time for which application threads were stopped: 0.0013380 seconds, Stopping threads took: 0.0000680 seconds
139.044: Application time: 0.0458770 seconds
139.044: [GC [PSYoungGen: 21131K->1920K(21504K)] 42161K->22958K(69120K), 0.0007840 secs] [Times: user=0.01 sys=0.00, real=0.01 secs] 
139.045: Total time for which application threads were stopped: 0.0009300 seconds, Stopping threads took: 0.0000770 seconds
139.088: Application time: 0.0436670 seconds
139.088: [GC [PSYoungGen: 20456K->1952K(21504K)] 41494K->22998K(69120K), 0.0007690 secs] [Times: user=0.00 sys=0.00, real=0.00 secs] 
139.089: Total time for which application threads were stopped: 0.0009020 seconds, Stopping threads took: 0.0000560 seconds
139.133: Application time: 0.0439490 seconds
139.133: [GC [PSYoungGen: 20488K->1952K(21504K)] 41534K->22998K(69120K), 0.0007890 secs] [Times: user=0.01 sys=0.00, real=0.00 secs] 
139.134: Total time for which application threads were stopped: 0.0009870 seconds, Stopping threads took: 0.0001320 seconds
139.179: Application time: 0.0450090 seconds
139.179: [GC [PSYoungGen: 20490K->1424K(21504K)] 41536K->22470K(69120K), 0.0006800 secs] [Times: user=0.00 sys=0.00, real=0.00 secs] 
139.180: Total time for which application threads were stopped: 0.0007960 seconds, Stopping threads took: 0.0000530 seconds
139.223: Application time: 0.0428160 seconds
139.223: [GC [PSYoungGen: 19952K->2432K(21504K)] 40998K->23478K(69120K), 0.0009560 secs] [Times: user=0.01 sys=0.00, real=0.00 secs] 
139.224: Total time for which application threads were stopped: 0.0010980 seconds, Stopping threads took: 0.0000680 seconds
139.269: Application time: 0.0451630 seconds
139.269: [GC [PSYoungGen: 20975K->1424K(21504K)] 42021K->22470K(69120K), 0.0006540 secs] [Times: user=0.00 sys=0.00, real=0.00 secs] 
139.270: Total time for which application threads were stopped: 0.0007840 seconds, Stopping threads took: 0.0000630 seconds
139.313: Application time: 0.0431470 seconds
139.313: [GC [PSYoungGen: 19956K->1952K(21504K)] 41002K->22998K(69120K), 0.0008000 secs] [Times: user=0.00 sys=0.00, real=0.00 secs] 
139.314: Total time for which application threads were stopped: 0.0009400 seconds, Stopping threads took: 0.0000730 seconds
139.356: Application time: 0.0425440 seconds
139.356: [GC [PSYoungGen: 20480K->2512K(21504K)] 41526K->24070K(69120K), 0.0010910 secs] [Times: user=0.01 sys=0.00, real=0.00 secs] 
139.358: Total time for which application threads were stopped: 0.0012280 seconds, Stopping threads took: 0.0000620 seconds
139.405: Application time: 0.0471280 seconds
139.405: [GC [PSYoungGen: 21057K->1440K(21504K)] 42615K->22998K(69120K), 0.0006900 secs] [Times: user=0.00 sys=0.00, real=0.00 secs] 
139.406: Total time for which application threads were stopped: 0.0008300 seconds, Stopping threads took: 0.0000710 seconds
139.447: Application time: 0.0416860 seconds
139.447: [GC [PSYoungGen: 19964K->2496K(21504K)] 41522K->24566K(69120K), 0.0011010 secs] [Times: user=0.00 sys=0.00, real=0.00 secs] 
139.448: Total time for which application threads were stopped: 0.0012490 seconds, Stopping threads took: 0.0000770 seconds
139.495: Application time: 0.0466840 seconds
139.495: [GC [PSYoungGen: 21041K->1392K(21504K)] 43111K->23462K(69120K), 0.0006820 secs] [Times: user=0.00 sys=0.00, real=0.00 secs] 
139.496: Total time for which application threads were stopped: 0.0008220 seconds, Stopping threads took: 0.0000750 seconds
139.539: Application time: 0.0431490 seconds
139.539: [GC [PSYoungGen: 19998K->2448K(21504K)] 42068K->24518K(69120K), 0.0009480 secs] [Times: user=0.01 sys=0.00, real=0.00 secs] 
139.540: Total time for which application threads were stopped: 0.0010980 seconds, Stopping threads took: 0.0000720 seconds
139.587: Application time: 0.0468160 seconds
139.587: [GC [PSYoungGen: 21304K->1392K(21504K)] 43374K->23470K(69120K), 0.0006420 secs] [Times: user=0.00 sys=0.00, real=0.00 secs] 
139.588: Total time for which application threads were stopped: 0.0007780 seconds, Stopping threads took: 0.0000730 seconds
139.630: Application time: 0.0425670 seconds
139.631: [GC [PSYoungGen: 19997K->2496K(21504K)] 42075K->24582K(69120K), 0.0009140 secs] [Times: user=0.01 sys=0.00, real=0.00 secs] 
139.631: Total time for which application threads were stopped: 0.0010600 seconds, Stopping threads took: 0.0000740 seconds
139.678: Application time: 0.0465700 seconds
139.678: [GC [PSYoungGen: 21197K->832K(21504K)] 43283K->22934K(69120K), 0.0005400 secs] [Times: user=0.00 sys=0.00, real=0.00 secs] 
139.679: Total time for which application threads were stopped: 0.0006810 seconds, Stopping threads took: 0.0000780 seconds
139.720: Application time: 0.0414790 seconds
139.720: [GC [PSYoungGen: 19356K->2448K(21504K)] 41458K->24558K(69120K), 0.0009500 secs] [Times: user=0.01 sys=0.00, real=0.00 secs] 
139.721: Total time for which application threads were stopped: 0.0011720 seconds, Stopping threads took: 0.0001500 seconds
139.767: Application time: 0.0452260 seconds
139.767: [GC [PSYoungGen: 20987K->1952K(21504K)] 43097K->24062K(69120K), 0.0007910 secs] [Times: user=0.01 sys=0.00, real=0.00 secs] 
139.768: Total time for which application threads were stopped: 0.0009450 seconds, Stopping threads took: 0.0000920 seconds
139.810: Application time: 0.0428750 seconds
139.811: [GC [PSYoungGen: 20480K->2512K(21504K)] 42590K->25134K(69120K), 0.0011130 secs] [Times: user=0.01 sys=0.00, real=0.00 secs] 
139.812: Total time for which application threads were stopped: 0.0012520 seconds, Stopping threads took: 0.0000650 seconds
139.857: Application time: 0.0448550 seconds
139.857: [GC [PSYoungGen: 21053K->1936K(21504K)] 43675K->24558K(69120K), 0.0007890 secs] [Times: user=0.00 sys=0.00, real=0.00 secs] 
139.857: Total time for which application threads were stopped: 0.0009350 seconds, Stopping threads took: 0.0000810 seconds
139.902: Application time: 0.0443630 seconds
139.902: [GC [PSYoungGen: 20468K->2480K(21504K)] 43090K->25102K(69120K), 0.0009580 secs] [Times: user=0.00 sys=0.00, real=0.00 secs] 
139.903: Total time for which application threads were stopped: 0.0011150 seconds, Stopping threads took: 0.0000870 seconds
139.949: Application time: 0.0458270 seconds
139.949: [GC [PSYoungGen: 21025K->880K(21504K)] 43647K->23502K(69120K), 0.0005020 secs] [Times: user=0.00 sys=0.00, real=0.00 secs] 
139.949: Total time for which application threads were stopped: 0.0006800 seconds, Stopping threads took: 0.0001150 seconds
139.992: Application time: 0.0428710 seconds
139.992: [GC [PSYoungGen: 19404K->2480K(21504K)] 42026K->25102K(69120K), 0.0009520 secs] [Times: user=0.01 sys=0.00, real=0.00 secs] 
139.993: Total time for which application threads were stopped: 0.0010900 seconds, Stopping threads took: 0.0000680 seconds
140.037: Application time: 0.0432680 seconds
140.037: [GC [PSYoungGen: 21016K->2448K(21504K)] 43639K->25070K(69120K), 0.0009570 secs] [Times: user=0.00 sys=0.00, real=0.00 secs] 
140.038: Total time for which application threads were stopped: 0.0011570 seconds, Stopping threads took: 0.0001310 seconds
140.084: Application time: 0.0457900 seconds
140.084: [GC [PSYoungGen: 20989K->1952K(21504K)] 43611K->24574K(69120K), 0.0007770 secs] [Times: user=0.00 sys=0.00, real=0.01 secs] 
140.085: Total time for which application threads were stopped: 0.0009190 seconds, Stopping threads took: 0.0000710 seconds
140.126: Application time: 0.0419180 seconds
140.127: [GC [PSYoungGen: 20476K->2512K(21504K)] 43098K->26158K(69120K), 0.0012620 secs] [Times: user=0.01 sys=0.00, real=0.00 secs] 
140.128: Total time for which application threads were stopped: 0.0014240 seconds, Stopping threads took: 0.0000860 seconds
140.175: Application time: 0.0466480 seconds
140.175: [GC [PSYoungGen: 21133K->1952K(21504K)] 44779K->25598K(69120K), 0.0007640 secs] [Times: user=0.01 sys=0.00, real=0.00 secs] 
140.175: Total time for which application threads were stopped: 0.0009020 seconds, Stopping threads took: 0.0000730 seconds
140.220: Application time: 0.0441220 seconds
140.220: [GC [PSYoungGen: 20801K->1936K(21504K)] 44447K->25590K(69120K), 0.0007770 secs] [Times: user=0.00 sys=0.00, real=0.00 secs] 
140.221: Total time for which application threads were stopped: 0.0009040 seconds, Stopping threads took: 0.0000610 seconds
140.266: Application time: 0.0457960 seconds
140.266: [GC [PSYoungGen: 20470K->1936K(21504K)] 44124K->25598K(69120K), 0.0007900 secs] [Times: user=0.00 sys=0.00, real=0.00 secs] 
140.267: Total time for which application threads were stopped: 0.0009270 seconds, Stopping threads took: 0.0000690 seconds
140.311: Application time: 0.0435840 seconds
140.311: [GC [PSYoungGen: 20545K->2480K(21504K)] 44207K->26150K(69120K), 0.0009600 secs] [Times: user=0.01 sys=0.00, real=0.00 secs] 
140.312: Total time for which application threads were stopped: 0.0011010 seconds, Stopping threads took: 0.0000580 seconds
140.357: Application time: 0.0446300 seconds
140.357: [GC [PSYoungGen: 21173K->1952K(21504K)] 44843K->25630K(69120K), 0.0008060 secs] [Times: user=0.00 sys=0.00, real=0.00 secs] 
140.358: Total time for which application threads were stopped: 0.0009890 seconds, Stopping threads took: 0.0001130 seconds
140.402: Application time: 0.0444950 seconds
140.404: [GC [PSYoungGen: 20493K->1424K(21504K)] 44171K->25102K(69120K), 0.0007010 secs] [Times: user=0.00 sys=0.00, real=0.00 secs] 
140.405: Total time for which application threads were stopped: 0.0027830 seconds, Stopping threads took: 0.0020150 seconds
140.449: Application time: 0.0445650 seconds
140.450: [GC [PSYoungGen: 19962K->1408K(21504K)] 43640K->25086K(69120K), 0.0006370 secs] [Times: user=0.00 sys=0.00, real=0.00 secs] 
140.450: Total time for which application threads were stopped: 0.0007930 seconds, Stopping threads took: 0.0000900 seconds
140.493: Application time: 0.0424770 seconds
140.493: [GC [PSYoungGen: 19934K->2480K(21504K)] 43612K->26670K(69120K), 0.0011490 secs] [Times: user=0.01 sys=0.00, real=0.00 secs] 
140.494: Total time for which application threads were stopped: 0.0013470 seconds, Stopping threads took: 0.0001220 seconds
140.540: Application time: 0.0455430 seconds
140.540: [GC [PSYoungGen: 21025K->1392K(21504K)] 45215K->25582K(69120K), 0.0006770 secs] [Times: user=0.01 sys=0.00, real=0.00 secs] 
140.540: Total time for which application threads were stopped: 0.0008080 seconds, Stopping threads took: 0.0000660 seconds
140.583: Application time: 0.0428950 seconds
140.583: [GC [PSYoungGen: 19912K->2512K(21504K)] 44102K->27726K(69120K), 0.0012600 secs] [Times: user=0.01 sys=0.00, real=0.01 secs] 
140.585: Total time for which application threads were stopped: 0.0014100 seconds, Stopping threads took: 0.0000740 seconds
140.630: Application time: 0.0450800 seconds
140.630: [GC [PSYoungGen: 21057K->1968K(21504K)] 46271K->27182K(69120K), 0.0007940 secs] [Times: user=0.00 sys=0.00, real=0.00 secs] 
140.631: Total time for which application threads were stopped: 0.0009460 seconds, Stopping threads took: 0.0000770 seconds
140.673: Application time: 0.0422450 seconds
140.673: [GC [PSYoungGen: 20496K->2464K(21504K)] 45710K->27678K(69120K), 0.0009470 secs] [Times: user=0.00 sys=0.00, real=0.00 secs] 
140.674: Total time for which application threads were stopped: 0.0011530 seconds, Stopping threads took: 0.0001330 seconds
140.721: Application time: 0.0466260 seconds
140.721: [GC [PSYoungGen: 21003K->1968K(21504K)] 46217K->27182K(69120K), 0.0007830 secs] [Times: user=0.00 sys=0.00, real=0.00 secs] 
140.722: Total time for which application threads were stopped: 0.0009150 seconds, Stopping threads took: 0.0000690 seconds
140.767: Application time: 0.0450670 seconds
140.767: [GC [PSYoungGen: 20587K->1888K(21504K)] 45801K->27102K(69120K), 0.0008860 secs] [Times: user=0.00 sys=0.00, real=0.00 secs] 
140.768: Total time for which application threads were stopped: 0.0010220 seconds, Stopping threads took: 0.0000600 seconds
140.811: Application time: 0.0429370 seconds
140.811: [GC [PSYoungGen: 20424K->1952K(21504K)] 45639K->27166K(69120K), 0.0007700 secs] [Times: user=0.00 sys=0.00, real=0.00 secs] 
140.812: Total time for which application threads were stopped: 0.0009860 seconds, Stopping threads took: 0.0001480 seconds
140.855: Application time: 0.0429710 seconds
140.855: [GC [PSYoungGen: 20637K->2496K(21504K)] 45851K->28238K(69120K), 0.0011200 secs] [Times: user=0.01 sys=0.00, real=0.00 secs] 
140.856: Total time for which application threads were stopped: 0.0013880 seconds, Stopping threads took: 0.0001890 seconds
140.902: Application time: 0.0459120 seconds
140.902: [GC [PSYoungGen: 21195K->1920K(21504K)] 46937K->27670K(69120K), 0.0007940 secs] [Times: user=0.00 sys=0.00, real=0.00 secs] 
140.903: Total time for which application threads were stopped: 0.0009270 seconds, Stopping threads took: 0.0000680 seconds
140.946: Application time: 0.0427660 seconds
140.946: [GC [PSYoungGen: 20522K->2464K(21504K)] 46272K->29238K(69120K), 0.0013000 secs] [Times: user=0.01 sys=0.00, real=0.00 secs] 
140.947: Total time for which application threads were stopped: 0.0014480 seconds, Stopping threads took: 0.0000740 seconds
140.995: Application time: 0.0474230 seconds
140.995: [GC [PSYoungGen: 21167K->1360K(21504K)] 47941K->28142K(69120K), 0.0006800 secs] [Times: user=0.00 sys=0.00, real=0.00 secs] 
140.995: Total time for which application threads were stopped: 0.0008250 seconds, Stopping threads took: 0.0000760 seconds
141.036: Application time: 0.0408790 seconds
141.036: [GC [PSYoungGen: 19884K->2432K(21504K)] 46666K->29734K(69120K), 0.0010930 secs] [Times: user=0.01 sys=0.00, real=0.00 secs] 
141.037: Total time for which application threads were stopped: 0.0012370 seconds, Stopping threads took: 0.0000710 seconds
141.084: Application time: 0.0469530 seconds
141.085: [GC [PSYoungGen: 20975K->1440K(21504K)] 48277K->28742K(69120K), 0.0006500 secs] [Times: user=0.01 sys=0.00, real=0.00 secs] 
141.085: Total time for which application threads were stopped: 0.0008150 seconds, Stopping threads took: 0.0001060 seconds
141.129: Application time: 0.0433290 seconds
141.129: [GC [PSYoungGen: 19970K->2448K(21504K)] 47272K->29750K(69120K), 0.0009360 secs] [Times: user=0.01 sys=0.00, real=0.00 secs] 
141.130: Total time for which application threads were stopped: 0.0010760 seconds, Stopping threads took: 0.0000680 seconds
141.175: Application time: 0.0456610 seconds
141.175: [GC [PSYoungGen: 20989K->1408K(21504K)] 48291K->28710K(69120K), 0.0006450 secs] [Times: user=0.00 sys=0.00, real=0.01 secs] 
141.176: Total time for which application threads were stopped: 0.0007870 seconds, Stopping threads took: 0.0000660 seconds
141.219: Application time: 0.0431850 seconds
141.219: [GC [PSYoungGen: 19932K->2480K(21504K)] 47234K->29782K(69120K), 0.0009690 secs] [Times: user=0.00 sys=0.01, real=0.00 secs] 
141.220: Total time for which application threads were stopped: 0.0011990 seconds, Stopping threads took: 0.0001600 seconds
141.265: Application time: 0.0446200 seconds
141.265: [GC [PSYoungGen: 21019K->2448K(21504K)] 48321K->29750K(69120K), 0.0009560 secs] [Times: user=0.00 sys=0.00, real=0.00 secs] 
141.266: Total time for which application threads were stopped: 0.0010990 seconds, Stopping threads took: 0.0000690 seconds
141.312: Application time: 0.0461810 seconds
141.312: [GC [PSYoungGen: 20991K->1376K(21504K)] 48293K->28678K(69120K), 0.0006760 secs] [Times: user=0.01 sys=0.00, real=0.00 secs] 
141.313: Total time for which application threads were stopped: 0.0008010 seconds, Stopping threads took: 0.0000600 seconds
141.356: Application time: 0.0425180 seconds
141.356: [GC [PSYoungGen: 19904K->2496K(21504K)] 47206K->29798K(69120K), 0.0009690 secs] [Times: user=0.00 sys=0.00, real=0.01 secs] 
141.357: Total time for which application threads were stopped: 0.0011110 seconds, Stopping threads took: 0.0000680 seconds
141.402: Application time: 0.0451590 seconds
141.402: [GC [PSYoungGen: 21117K->1424K(21504K)] 48419K->28726K(69120K), 0.0006750 secs] [Times: user=0.01 sys=0.00, real=0.00 secs] 
141.403: Total time for which application threads were stopped: 0.0008140 seconds, Stopping threads took: 0.0000710 seconds
141.447: Application time: 0.0438930 seconds
141.447: [GC [PSYoungGen: 19956K->1904K(21504K)] 47258K->29214K(69120K), 0.0007910 secs] [Times: user=0.00 sys=0.00, real=0.00 secs] 
141.448: Total time for which application threads were stopped: 0.0009470 seconds, Stopping threads took: 0.0000870 seconds
141.492: Application time: 0.0445930 seconds
141.492: [GC [PSYoungGen: 20583K->2512K(21504K)] 47893K->30846K(69120K), 0.0012730 secs] [Times: user=0.01 sys=0.00, real=0.00 secs] 
141.494: Total time for which application threads were stopped: 0.0014260 seconds, Stopping threads took: 0.0000760 seconds
141.539: Application time: 0.0455890 seconds
141.539: [GC [PSYoungGen: 21215K->1424K(21504K)] 49550K->29766K(69120K), 0.0006450 secs] [Times: user=0.01 sys=0.00, real=0.00 secs] 
141.540: Total time for which application threads were stopped: 0.0008020 seconds, Stopping threads took: 0.0000700 seconds
141.583: Application time: 0.0424890 seconds
141.583: [GC [PSYoungGen: 20030K->2464K(21504K)] 48373K->31326K(69120K), 0.0010580 secs] [Times: user=0.01 sys=0.00, real=0.00 secs] 
141.584: Total time for which application threads were stopped: 0.0012000 seconds, Stopping threads took: 0.0000740 seconds
141.631: Application time: 0.0470840 seconds
141.631: [GC [PSYoungGen: 21009K->1408K(21504K)] 49871K->30278K(69120K), 0.0006680 secs] [Times: user=0.00 sys=0.00, real=0.00 secs] 
141.632: Total time for which application threads were stopped: 0.0008020 seconds, Stopping threads took: 0.0000670 seconds
141.674: Application time: 0.0425640 seconds
141.674: [GC [PSYoungGen: 20091K->2464K(21504K)] 48961K->31342K(69120K), 0.0009660 secs] [Times: user=0.01 sys=0.00, real=0.00 secs] 
141.675: Total time for which application threads were stopped: 0.0011250 seconds, Stopping threads took: 0.0000840 seconds
141.721: Application time: 0.0461080 seconds
141.722: [GC [PSYoungGen: 21007K->1424K(21504K)] 49885K->30302K(69120K), 0.0006460 secs] [Times: user=0.01 sys=0.00, real=0.00 secs] 
141.722: Total time for which application threads were stopped: 0.0007970 seconds, Stopping threads took: 0.0000800 seconds
141.765: Application time: 0.0429460 seconds
141.765: [GC [PSYoungGen: 19952K->2464K(21504K)] 48830K->31342K(69120K), 0.0009400 secs] [Times: user=0.01 sys=0.00, real=0.00 secs] 
141.766: Total time for which application threads were stopped: 0.0010890 seconds, Stopping threads took: 0.0000760 seconds
141.810: Application time: 0.0440220 seconds
141.810: [GC [PSYoungGen: 20998K->2464K(21504K)] 49877K->31342K(69120K), 0.0009730 secs] [Times: user=0.00 sys=0.00, real=0.00 secs] 
141.811: Total time for which application threads were stopped: 0.0011100 seconds, Stopping threads took: 0.0000690 seconds
141.856: Application time: 0.0447030 seconds
141.856: [GC [PSYoungGen: 21003K->1968K(21504K)] 49881K->30846K(69120K), 0.0008180 secs] [Times: user=0.01 sys=0.00, real=0.00 secs] 
141.857: Total time for which application threads were stopped: 0.0009530 seconds, Stopping threads took: 0.0000670 seconds
141.902: Application time: 0.0444990 seconds
141.902: [GC [PSYoungGen: 20504K->1968K(21504K)] 49383K->30846K(69120K), 0.0007910 secs] [Times: user=0.01 sys=0.00, real=0.00 secs] 
141.903: Total time for which application threads were stopped: 0.0009270 seconds, Stopping threads took: 0.0000680 seconds
141.946: Application time: 0.0438310 seconds
141.947: [GC [PSYoungGen: 20504K->1920K(21504K)] 49383K->30798K(69120K), 0.0007980 secs] [Times: user=0.00 sys=0.00, real=0.00 secs] 
141.947: Total time for which application threads were stopped: 0.0010230 seconds, Stopping threads took: 0.0001550 seconds
141.992: Application time: 0.0443860 seconds
141.992: [GC [PSYoungGen: 20452K->2480K(21504K)] 49331K->31358K(69120K), 0.0009790 secs] [Times: user=0.00 sys=0.00, real=0.00 secs] 
141.993: Total time for which application threads were stopped: 0.0011190 seconds, Stopping threads took: 0.0000700 seconds
142.036: Application time: 0.0431730 seconds
142.036: [GC [PSYoungGen: 21085K->2512K(21504K)] 49963K->32414K(69120K), 0.0012670 secs] [Times: user=0.01 sys=0.00, real=0.00 secs] 
142.037: Total time for which application threads were stopped: 0.0014150 seconds, Stopping threads took: 0.0000710 seconds
142.085: Application time: 0.0472370 seconds
142.085: [GC [PSYoungGen: 21059K->1440K(21504K)] 50961K->31350K(69120K), 0.0006540 secs] [Times: user=0.00 sys=0.00, real=0.00 secs] 
142.085: Total time for which application threads were stopped: 0.0007910 seconds, Stopping threads took: 0.0000690 seconds
142.128: Application time: 0.0425130 seconds
142.128: [GC [PSYoungGen: 20044K->2528K(21504K)] 49954K->32950K(69120K), 0.0011060 secs] [Times: user=0.01 sys=0.00, real=0.00 secs] 
142.129: Total time for which application threads were stopped: 0.0013290 seconds, Stopping threads took: 0.0001510 seconds
142.176: Application time: 0.0468920 seconds
142.176: [GC [PSYoungGen: 21308K->1424K(21504K)] 51730K->31854K(69120K), 0.0006780 secs] [Times: user=0.00 sys=0.00, real=0.00 secs] 
142.177: Total time for which application threads were stopped: 0.0008040 seconds, Stopping threads took: 0.0000600 seconds
142.219: Application time: 0.0416330 seconds
142.219: [GC [PSYoungGen: 20022K->2480K(21504K)] 50452K->33942K(69120K), 0.0013340 secs] [Times: user=0.01 sys=0.00, real=0.00 secs] 
142.220: Total time for which application threads were stopped: 0.0014850 seconds, Stopping threads took: 0.0000710 seconds
142.267: Application time: 0.0466830 seconds
142.267: [GC [PSYoungGen: 21027K->1376K(21504K)] 52489K->32846K(69120K), 0.0006330 secs] [Times: user=0.00 sys=0.00, real=0.00 secs] 
142.268: Total time for which application threads were stopped: 0.0008500 seconds, Stopping threads took: 0.0001420 seconds
142.311: Application time: 0.0430350 seconds
142.311: [GC [PSYoungGen: 20059K->2464K(21504K)] 51529K->34446K(69120K), 0.0011300 secs] [Times: user=0.01 sys=0.00, real=0.00 secs] 
142.312: Total time for which application threads were stopped: 0.0012690 seconds, Stopping threads took: 0.0000690 seconds
142.359: Application time: 0.0470910 seconds
142.359: [GC [PSYoungGen: 21011K->848K(21504K)] 52993K->32846K(69120K), 0.0004970 secs] [Times: user=0.00 sys=0.00, real=0.00 secs] 
142.360: Total time for which application threads were stopped: 0.0006470 seconds, Stopping threads took: 0.0000910 seconds
142.402: Application time: 0.0421870 seconds
142.402: [GC [PSYoungGen: 19366K->2528K(21504K)] 51364K->35038K(69120K), 0.0011210 secs] [Times: user=0.01 sys=0.00, real=0.00 secs] 
142.403: Total time for which application threads were stopped: 0.0012800 seconds, Stopping threads took: 0.0000830 seconds
142.451: Application time: 0.0474770 seconds
142.451: [GC [PSYoungGen: 21073K->1392K(21504K)] 53583K->33902K(69120K), 0.0006490 secs] [Times: user=0.00 sys=0.00, real=0.00 secs] 
142.451: Total time for which application threads were stopped: 0.0007750 seconds, Stopping threads took: 0.0000610 seconds
142.494: Application time: 0.0428930 seconds
142.494: [GC [PSYoungGen: 19920K->2480K(21504K)] 52430K->34990K(69120K), 0.0009950 secs] [Times: user=0.00 sys=0.00, real=0.00 secs] 
142.495: Total time for which application threads were stopped: 0.0011380 seconds, Stopping threads took: 0.0000720 seconds
142.540: Application time: 0.0445970 seconds
142.540: [GC [PSYoungGen: 21016K->2448K(21504K)] 53527K->34958K(69120K), 0.0009460 secs] [Times: user=0.01 sys=0.00, real=0.00 secs] 
142.541: Total time for which application threads were stopped: 0.0010840 seconds, Stopping threads took: 0.0000680 seconds
142.586: Application time: 0.0450760 seconds
142.586: [GC [PSYoungGen: 20989K->1904K(21504K)] 53499K->34414K(69120K), 0.0008180 secs] [Times: user=0.00 sys=0.00, real=0.00 secs] 
142.587: Total time for which application threads were stopped: 0.0009590 seconds, Stopping threads took: 0.0000700 seconds
142.631: Application time: 0.0437450 seconds
142.631: [GC [PSYoungGen: 20436K->2480K(21504K)] 52947K->34990K(69120K), 0.0009410 secs] [Times: user=0.01 sys=0.00, real=0.00 secs] 
142.632: Total time for which application threads were stopped: 0.0010960 seconds, Stopping threads took: 0.0000870 seconds
142.677: Application time: 0.0448800 seconds
142.677: [GC [PSYoungGen: 21097K->1920K(21504K)] 53607K->34430K(69120K), 0.0007810 secs] [Times: user=0.01 sys=0.00, real=0.00 secs] 
142.678: Total time for which application threads were stopped: 0.0009210 seconds, Stopping threads took: 0.0000730 seconds
142.724: Application time: 0.0460480 seconds
142.724: [GC [PSYoungGen: 20461K->816K(21504K)] 52971K->33334K(69120K), 0.0005730 secs] [Times: user=0.00 sys=0.00, real=0.01 secs] 
142.725: Total time for which application threads were stopped: 0.0006930 seconds, Stopping threads took: 0.0000610 seconds
142.767: Application time: 0.0420860 seconds
142.767: [GC [PSYoungGen: 19338K->2448K(21504K)] 51856K->34966K(69120K), 0.0009830 secs] [Times: user=0.01 sys=0.00, real=0.00 secs] 
142.768: Total time for which application threads were stopped: 0.0011320 seconds, Stopping threads took: 0.0000700 seconds
142.815: Application time: 0.0473900 seconds
142.815: [GC [PSYoungGen: 21299K->848K(21504K)] 53818K->33374K(69120K), 0.0005290 secs] [Times: user=0.01 sys=0.00, real=0.00 secs] 
142.816: Total time for which application threads were stopped: 0.0007710 seconds, Stopping threads took: 0.0001660 seconds
142.859: Application time: 0.0427940 seconds
142.859: [GC [PSYoungGen: 19376K->2464K(21504K)] 51902K->34998K(69120K), 0.0009590 secs] [Times: user=0.00 sys=0.00, real=0.00 secs] 
142.860: Total time for which application threads were stopped: 0.0011220 seconds, Stopping threads took: 0.0000910 seconds
142.906: Application time: 0.0462510 seconds
142.906: [GC [PSYoungGen: 21085K->1392K(21504K)] 53619K->33934K(69120K), 0.0006710 secs] [Times: user=0.01 sys=0.00, real=0.00 secs] 
142.907: Total time for which application threads were stopped: 0.0008040 seconds, Stopping threads took: 0.0000660 seconds
142.950: Application time: 0.0427320 seconds
142.950: [GC [PSYoungGen: 20079K->1984K(21504K)] 52621K->34526K(69120K), 0.0007640 secs] [Times: user=0.00 sys=0.00, real=0.00 secs] 
142.951: Total time for which application threads were stopped: 0.0009140 seconds, Stopping threads took: 0.0000850 seconds
142.995: Application time: 0.0439200 seconds
142.995: [GC [PSYoungGen: 20520K->2448K(21504K)] 53063K->34998K(69120K), 0.0009880 secs] [Times: user=0.00 sys=0.00, real=0.00 secs] 
142.996: Total time for which application threads were stopped: 0.0011350 seconds, Stopping threads took: 0.0000750 seconds
143.040: Application time: 0.0447030 seconds
143.041: [GC [PSYoungGen: 20991K->1392K(21504K)] 53541K->33942K(69120K), 0.0006590 secs] [Times: user=0.00 sys=0.00, real=0.00 secs] 
143.041: Total time for which application threads were stopped: 0.0008380 seconds, Stopping threads took: 0.0001170 seconds
143.084: Application time: 0.0431300 seconds
143.084: [GC [PSYoungGen: 19920K->2528K(21504K)] 52471K->35078K(69120K), 0.0009450 secs] [Times: user=0.00 sys=0.00, real=0.00 secs] 
143.085: Total time for which application threads were stopped: 0.0010870 seconds, Stopping threads took: 0.0000710 seconds
143.131: Application time: 0.0454490 seconds
143.131: [GC [PSYoungGen: 21071K->1408K(21504K)] 53621K->33958K(69120K), 0.0006960 secs] [Times: user=0.00 sys=0.00, real=0.00 secs] 
143.132: Total time for which application threads were stopped: 0.0008230 seconds, Stopping threads took: 0.0000620 seconds
143.174: Application time: 0.0419550 seconds
143.174: [GC [PSYoungGen: 19932K->2464K(21504K)] 52482K->35526K(69120K), 0.0011110 secs] [Times: user=0.00 sys=0.00, real=0.00 secs] 
143.175: Total time for which application threads were stopped: 0.0012510 seconds, Stopping threads took: 0.0000640 seconds
143.222: Application time: 0.0470050 seconds
143.222: [GC [PSYoungGen: 21005K->1952K(21504K)] 54067K->35014K(69120K), 0.0008170 secs] [Times: user=0.01 sys=0.00, real=0.00 secs] 
143.223: Total time for which application threads were stopped: 0.0009460 seconds, Stopping threads took: 0.0000640 seconds
143.266: Application time: 0.0433840 seconds
143.266: [GC [PSYoungGen: 20484K->1920K(21504K)] 53547K->34982K(69120K), 0.0008020 secs] [Times: user=0.01 sys=0.00, real=0.00 secs] 
143.267: Total time for which application threads were stopped: 0.0009910 seconds, Stopping threads took: 0.0001230 seconds
143.312: Application time: 0.0447310 seconds
143.312: [GC [PSYoungGen: 20537K->1920K(21504K)] 53599K->34982K(69120K), 0.0008240 secs] [Times: user=0.00 sys=0.00, real=0.00 secs] 
143.313: Total time for which application threads were stopped: 0.0009710 seconds, Stopping threads took: 0.0000780 seconds
143.358: Application time: 0.0445600 seconds
143.358: [GC [PSYoungGen: 20452K->1952K(21504K)] 53515K->35022K(69120K), 0.0007670 secs] [Times: user=0.00 sys=0.00, real=0.00 secs] 
143.359: Total time for which application threads were stopped: 0.0009620 seconds, Stopping threads took: 0.0001190 seconds
143.403: Application time: 0.0445340 seconds
143.403: [GC [PSYoungGen: 20488K->2416K(21504K)] 53559K->35486K(69120K), 0.0010960 secs] [Times: user=0.00 sys=0.01, real=0.01 secs] 
143.404: Total time for which application threads were stopped: 0.0012420 seconds, Stopping threads took: 0.0000730 seconds
143.449: Application time: 0.0449910 seconds
143.449: [GC [PSYoungGen: 21273K->848K(21504K)] 54344K->33918K(69120K), 0.0005000 secs] [Times: user=0.00 sys=0.00, real=0.00 secs] 
143.450: Total time for which application threads were stopped: 0.0007010 seconds, Stopping threads took: 0.0001390 seconds
143.493: Application time: 0.0426230 seconds
143.493: [GC [PSYoungGen: 19372K->2496K(21504K)] 52442K->35574K(69120K), 0.0010190 secs] [Times: user=0.01 sys=0.00, real=0.00 secs] 
143.494: Total time for which application threads were stopped: 0.0011580 seconds, Stopping threads took: 0.0000630 seconds
143.538: Application time: 0.0444150 seconds
143.538: [GC [PSYoungGen: 21115K->1392K(21504K)] 54193K->34470K(69120K), 0.0006530 secs] [Times: user=0.00 sys=0.00, real=0.00 secs] 
143.539: Total time for which application threads were stopped: 0.0007790 seconds, Stopping threads took: 0.0000600 seconds
143.582: Application time: 0.0426400 seconds
143.582: [GC [PSYoungGen: 19920K->2464K(21504K)] 52998K->35550K(69120K), 0.0009840 secs] [Times: user=0.00 sys=0.00, real=0.00 secs] 
143.583: Total time for which application threads were stopped: 0.0011300 seconds, Stopping threads took: 0.0000750 seconds
143.630: Application time: 0.0472140 seconds
143.630: [GC [PSYoungGen: 21163K->1424K(21504K)] 54250K->34518K(69120K), 0.0006700 secs] [Times: user=0.01 sys=0.00, real=0.00 secs] 
143.631: Total time for which application threads were stopped: 0.0007980 seconds, Stopping threads took: 0.0000610 seconds
143.672: Application time: 0.0409930 seconds
143.672: [GC [PSYoungGen: 19948K->2512K(21504K)] 53042K->36118K(69120K), 0.0011440 secs] [Times: user=0.01 sys=0.00, real=0.00 secs] 
143.673: Total time for which application threads were stopped: 0.0012920 seconds, Stopping threads took: 0.0000730 seconds
143.719: Application time: 0.0464670 seconds
143.720: [GC [PSYoungGen: 21049K->2480K(21504K)] 54655K->36086K(69120K), 0.0009940 secs] [Times: user=0.01 sys=0.00, real=0.00 secs] 
143.721: Total time for which application threads were stopped: 0.0016980 seconds, Stopping threads took: 0.0000680 seconds
143.767: Application time: 0.0454090 seconds
143.767: [GC [PSYoungGen: 21019K->1920K(21504K)] 54625K->35526K(69120K), 0.0008380 secs] [Times: user=0.00 sys=0.00, real=0.00 secs] 
143.768: Total time for which application threads were stopped: 0.0009760 seconds, Stopping threads took: 0.0000730 seconds
143.811: Application time: 0.0431100 seconds
143.811: [GC [PSYoungGen: 20452K->2464K(21504K)] 54059K->36070K(69120K), 0.0009810 secs] [Times: user=0.00 sys=0.00, real=0.00 secs] 
143.812: Total time for which application threads were stopped: 0.0011370 seconds, Stopping threads took: 0.0000790 seconds
143.857: Application time: 0.0454790 seconds
143.857: [GC [PSYoungGen: 21000K->2480K(21504K)] 54607K->36086K(69120K), 0.0009500 secs] [Times: user=0.01 sys=0.00, real=0.00 secs] 
143.858: Total time for which application threads were stopped: 0.0011000 seconds, Stopping threads took: 0.0000760 seconds
143.903: Application time: 0.0446610 seconds
143.903: [GC [PSYoungGen: 21023K->1392K(21504K)] 54629K->34998K(69120K), 0.0006420 secs] [Times: user=0.00 sys=0.00, real=0.00 secs] 
143.904: Total time for which application threads were stopped: 0.0008020 seconds, Stopping threads took: 0.0000870 seconds
143.948: Application time: 0.0441660 seconds
143.948: [GC [PSYoungGen: 20003K->1952K(21504K)] 53609K->35558K(69120K), 0.0007910 secs] [Times: user=0.00 sys=0.00, real=0.00 secs] 
143.949: Total time for which application threads were stopped: 0.0010250 seconds, Stopping threads took: 0.0001690 seconds
143.993: Application time: 0.0439810 seconds
143.993: [GC [PSYoungGen: 20480K->2496K(21504K)] 54087K->36622K(69120K), 0.0011240 secs] [Times: user=0.01 sys=0.00, real=0.00 secs] 
143.994: Total time for which application threads were stopped: 0.0012650 seconds, Stopping threads took: 0.0000670 seconds
144.039: Application time: 0.0444610 seconds
144.039: [GC [PSYoungGen: 21041K->1392K(21504K)] 55167K->35518K(69120K), 0.0006510 secs] [Times: user=0.01 sys=0.00, real=0.00 secs] 
144.040: Total time for which application threads were stopped: 0.0008010 seconds, Stopping threads took: 0.0000850 seconds
144.083: Application time: 0.0434340 seconds
144.083: [GC [PSYoungGen: 20077K->2480K(21504K)] 54203K->36606K(69120K), 0.0009780 secs] [Times: user=0.00 sys=0.00, real=0.01 secs] 
144.084: Total time for which application threads were stopped: 0.0011230 seconds, Stopping threads took: 0.0000720 seconds
144.128: Application time: 0.0437520 seconds
144.128: [GC [PSYoungGen: 21167K->2496K(21504K)] 55293K->37142K(69120K), 0.0011250 secs] [Times: user=0.00 sys=0.00, real=0.00 secs] 
144.129: Total time for which application threads were stopped: 0.0012600 seconds, Stopping threads took: 0.0000620 seconds
144.175: Application time: 0.0457630 seconds
144.175: [GC [PSYoungGen: 21117K->1920K(21504K)] 55763K->36566K(69120K), 0.0008060 secs] [Times: user=0.00 sys=0.00, real=0.00 secs] 
144.176: Total time for which application threads were stopped: 0.0009530 seconds, Stopping threads took: 0.0000780 seconds
144.219: Application time: 0.0435760 seconds
144.220: [GC [PSYoungGen: 20452K->2480K(21504K)] 55099K->37134K(69120K), 0.0009720 secs] [Times: user=0.00 sys=0.00, real=0.00 secs] 
144.221: Total time for which application threads were stopped: 0.0011150 seconds, Stopping threads took: 0.0000710 seconds
144.265: Application time: 0.0441810 seconds
144.265: [GC [PSYoungGen: 21099K->1888K(21504K)] 55753K->36542K(69120K), 0.0007910 secs] [Times: user=0.01 sys=0.00, real=0.00 secs] 
144.266: Total time for which application threads were stopped: 0.0009260 seconds, Stopping threads took: 0.0000680 seconds
144.308: Application time: 0.0421040 seconds
144.308: [GC [PSYoungGen: 20488K->2480K(21504K)] 55143K->38678K(69120K), 0.0014740 secs] [Times: user=0.01 sys=0.00, real=0.00 secs] 
144.309: Total time for which application threads were stopped: 0.0016340 seconds, Stopping threads took: 0.0000790 seconds
144.357: Application time: 0.0471300 seconds
144.357: [GC [PSYoungGen: 21027K->1936K(21504K)] 57225K->38134K(69120K), 0.0007940 secs] [Times: user=0.01 sys=0.00, real=0.00 secs] 
144.358: Total time for which application threads were stopped: 0.0009400 seconds, Stopping threads took: 0.0000790 seconds
144.403: Application time: 0.0453580 seconds
144.403: [GC [PSYoungGen: 20470K->1392K(21504K)] 56669K->37590K(69120K), 0.0006880 secs] [Times: user=0.00 sys=0.00, real=0.00 secs] 
144.404: Total time for which application threads were stopped: 0.0008700 seconds, Stopping threads took: 0.0001140 seconds
144.449: Application time: 0.0448700 seconds
144.449: [GC [PSYoungGen: 19926K->1408K(21504K)] 56125K->37606K(69120K), 0.0006440 secs] [Times: user=0.00 sys=0.00, real=0.00 secs] 
144.449: Total time for which application threads were stopped: 0.0007970 seconds, Stopping threads took: 0.0000840 seconds
144.492: Application time: 0.0421410 seconds
144.492: [GC [PSYoungGen: 19932K->2464K(21504K)] 56131K->39174K(69120K), 0.0011160 secs] [Times: user=0.01 sys=0.00, real=0.00 secs] 
144.493: Total time for which application threads were stopped: 0.0012610 seconds, Stopping threads took: 0.0000710 seconds
144.538: Application time: 0.0455300 seconds
144.538: [GC [PSYoungGen: 21007K->1952K(21504K)] 57717K->38662K(69120K), 0.0008290 secs] [Times: user=0.00 sys=0.00, real=0.00 secs] 
144.539: Total time for which application threads were stopped: 0.0009640 seconds, Stopping threads took: 0.0000620 seconds
144.583: Application time: 0.0435380 seconds
144.583: [GC [PSYoungGen: 20559K->2528K(21504K)] 57269K->39750K(69120K), 0.0011210 secs] [Times: user=0.01 sys=0.00, real=0.01 secs] 
144.584: Total time for which application threads were stopped: 0.0012790 seconds, Stopping threads took: 0.0000820 seconds
144.630: Application time: 0.0457430 seconds
144.630: [GC [PSYoungGen: 21071K->1936K(21504K)] 58293K->39174K(69120K), 0.0008060 secs] [Times: user=0.01 sys=0.00, real=0.00 secs] 
144.631: Total time for which application threads were stopped: 0.0009390 seconds, Stopping threads took: 0.0000660 seconds
144.675: Application time: 0.0443840 seconds
144.675: [GC [PSYoungGen: 20472K->1952K(21504K)] 57711K->39190K(69120K), 0.0008740 secs] [Times: user=0.01 sys=0.00, real=0.01 secs] 
144.676: Total time for which application threads were stopped: 0.0010340 seconds, Stopping threads took: 0.0000900 seconds
144.721: Application time: 0.0445450 seconds
144.721: [GC [PSYoungGen: 20565K->1936K(21504K)] 57803K->39174K(69120K), 0.0007770 secs] [Times: user=0.00 sys=0.00, real=0.00 secs] 
144.722: Total time for which application threads were stopped: 0.0009230 seconds, Stopping threads took: 0.0000820 seconds
144.767: Application time: 0.0450480 seconds
144.767: [GC [PSYoungGen: 20711K->1376K(21504K)] 57950K->38630K(69120K), 0.0006820 secs] [Times: user=0.01 sys=0.00, real=0.00 secs] 
144.768: Total time for which application threads were stopped: 0.0008110 seconds, Stopping threads took: 0.0000580 seconds
144.810: Application time: 0.0424540 seconds
144.810: [GC [PSYoungGen: 19980K->2480K(21504K)] 57235K->40254K(69120K), 0.0011080 secs] [Times: user=0.00 sys=0.00, real=0.00 secs] 
144.811: Total time for which application threads were stopped: 0.0012430 seconds, Stopping threads took: 0.0000640 seconds
144.859: Application time: 0.0473850 seconds
144.859: [GC [PSYoungGen: 21025K->1408K(21504K)] 58799K->39198K(69120K), 0.0006670 secs] [Times: user=0.00 sys=0.00, real=0.00 secs] 
144.859: Total time for which application threads were stopped: 0.0008000 seconds, Stopping threads took: 0.0000710 seconds
144.901: Application time: 0.0413480 seconds
144.901: [GC [PSYoungGen: 20014K->2480K(21504K)] 57805K->40270K(69120K), 0.0009380 secs] [Times: user=0.00 sys=0.00, real=0.00 secs] 
144.902: Total time for which application threads were stopped: 0.0010810 seconds, Stopping threads took: 0.0000720 seconds
144.949: Application time: 0.0470390 seconds
144.949: [GC [PSYoungGen: 21099K->1920K(21504K)] 58889K->39726K(69120K), 0.0008350 secs] [Times: user=0.01 sys=0.00, real=0.00 secs] 
144.950: Total time for which application threads were stopped: 0.0009780 seconds, Stopping threads took: 0.0000620 seconds
144.994: Application time: 0.0437870 seconds
144.994: [GC [PSYoungGen: 20456K->1888K(21504K)] 58263K->39702K(69120K), 0.0008690 secs] [Times: user=0.00 sys=0.00, real=0.00 secs] 
144.995: Total time for which application threads were stopped: 0.0010090 seconds, Stopping threads took: 0.0000680 seconds
145.039: Application time: 0.0442650 seconds
145.039: [GC [PSYoungGen: 20426K->1424K(21504K)] 58241K->39238K(69120K), 0.0006640 secs] [Times: user=0.00 sys=0.00, real=0.00 secs] 
145.040: Total time for which application threads were stopped: 0.0007920 seconds, Stopping threads took: 0.0000660 seconds
145.082: Application time: 0.0421830 seconds
145.082: [GC [PSYoungGen: 19948K->2512K(21504K)] 57762K->40838K(69120K), 0.0011280 secs] [Times: user=0.00 sys=0.00, real=0.00 secs] 
145.083: Total time for which application threads were stopped: 0.0012890 seconds, Stopping threads took: 0.0000880 seconds
145.130: Application time: 0.0465000 seconds
145.130: [GC [PSYoungGen: 21057K->1472K(21504K)] 59383K->39798K(69120K), 0.0007170 secs] [Times: user=0.00 sys=0.00, real=0.00 secs] 
145.131: Total time for which application threads were stopped: 0.0008490 seconds, Stopping threads took: 0.0000690 seconds
145.173: Application time: 0.0422000 seconds
145.173: [GC [PSYoungGen: 19996K->2496K(21504K)] 58323K->41334K(69120K), 0.0011120 secs] [Times: user=0.00 sys=0.00, real=0.00 secs] 
145.174: Total time for which application threads were stopped: 0.0012500 seconds, Stopping threads took: 0.0000680 seconds
145.221: Application time: 0.0467170 seconds
145.221: [GC [PSYoungGen: 21119K->1376K(21504K)] 59958K->40214K(69120K), 0.0006880 secs] [Times: user=0.00 sys=0.00, real=0.00 secs] 
145.222: Total time for which application threads were stopped: 0.0008210 seconds, Stopping threads took: 0.0000670 seconds
145.263: Application time: 0.0418680 seconds
145.264: [GC [PSYoungGen: 19896K->2448K(21504K)] 58734K->41294K(69120K), 0.0009790 secs] [Times: user=0.00 sys=0.00, real=0.01 secs] 
145.265: Total time for which application threads were stopped: 0.0011980 seconds, Stopping threads took: 0.0001530 seconds
145.311: Application time: 0.0467480 seconds
145.312: [GC [PSYoungGen: 20993K->1920K(21504K)] 59839K->40766K(69120K), 0.0008260 secs] [Times: user=0.00 sys=0.00, real=0.00 secs] 
145.312: Total time for which application threads were stopped: 0.0009650 seconds, Stopping threads took: 0.0000710 seconds
145.356: Application time: 0.0434480 seconds
145.356: [GC [PSYoungGen: 20456K->1952K(21504K)] 59303K->40798K(69120K), 0.0008270 secs] [Times: user=0.01 sys=0.00, real=0.01 secs] 
145.357: Total time for which application threads were stopped: 0.0009800 seconds, Stopping threads took: 0.0000780 seconds
145.401: Application time: 0.0440980 seconds
145.401: [GC [PSYoungGen: 20802K->1904K(21504K)] 59648K->40758K(69120K), 0.0008420 secs] [Times: user=0.01 sys=0.00, real=0.00 secs] 
145.402: Total time for which application threads were stopped: 0.0009780 seconds, Stopping threads took: 0.0000650 seconds
145.446: Application time: 0.0444950 seconds
145.447: [GC [PSYoungGen: 20436K->2480K(21504K)] 59291K->41342K(69120K), 0.0009510 secs] [Times: user=0.01 sys=0.00, real=0.00 secs] 
145.448: Total time for which application threads were stopped: 0.0011310 seconds, Stopping threads took: 0.0001130 seconds
145.493: Application time: 0.0452030 seconds
145.493: [GC [PSYoungGen: 21099K->1936K(21504K)] 59961K->40814K(69120K), 0.0008250 secs] [Times: user=0.00 sys=0.00, real=0.00 secs] 
145.494: Total time for which application threads were stopped: 0.0009680 seconds, Stopping threads took: 0.0000680 seconds
145.537: Application time: 0.0436520 seconds
145.538: [GC [PSYoungGen: 20553K->1952K(21504K)] 59431K->40830K(69120K), 0.0007810 secs] [Times: user=0.01 sys=0.00, real=0.00 secs] 
145.538: Total time for which application threads were stopped: 0.0009860 seconds, Stopping threads took: 0.0001410 seconds
145.583: Application time: 0.0449380 seconds
145.583: [GC [PSYoungGen: 20488K->1952K(21504K)] 59367K->40838K(69120K), 0.0008210 secs] [Times: user=0.00 sys=0.00, real=0.01 secs] 
145.584: Total time for which application threads were stopped: 0.0009640 seconds, Stopping threads took: 0.0000740 seconds
145.628: Application time: 0.0440270 seconds
145.628: [GC [PSYoungGen: 20561K->2512K(21504K)] 59447K->41406K(69120K), 0.0009280 secs] [Times: user=0.01 sys=0.00, real=0.00 secs] 
145.629: Total time for which application threads were stopped: 0.0011210 seconds, Stopping threads took: 0.0001260 seconds
145.675: Application time: 0.0453500 seconds
145.675: [GC [PSYoungGen: 21055K->1904K(21504K)] 59949K->40798K(69120K), 0.0008090 secs] [Times: user=0.01 sys=0.00, real=0.00 secs] 
145.676: Total time for which application threads were stopped: 0.0009490 seconds, Stopping threads took: 0.0000680 seconds
145.720: Application time: 0.0438500 seconds
145.720: [GC [PSYoungGen: 20440K->1952K(21504K)] 59335K->40846K(69120K), 0.0008090 secs] [Times: user=0.00 sys=0.00, real=0.00 secs] 
145.720: Total time for which application threads were stopped: 0.0009350 seconds, Stopping threads took: 0.0000600 seconds
145.766: Application time: 0.0456030 seconds
145.766: [GC [PSYoungGen: 20490K->1376K(21504K)] 59385K->40270K(69120K), 0.0006710 secs] [Times: user=0.00 sys=0.00, real=0.00 secs] 
145.767: Total time for which application threads were stopped: 0.0008070 seconds, Stopping threads took: 0.0000720 seconds
145.809: Application time: 0.0423040 seconds
145.809: [GC [PSYoungGen: 19896K->2496K(21504K)] 58790K->42414K(69120K), 0.0013170 secs] [Times: user=0.01 sys=0.00, real=0.00 secs] 
145.811: Total time for which application threads were stopped: 0.0014700 seconds, Stopping threads took: 0.0000750 seconds
145.858: Application time: 0.0472320 seconds
145.858: [GC [PSYoungGen: 21121K->1392K(21504K)] 61040K->41310K(69120K), 0.0006960 secs] [Times: user=0.00 sys=0.00, real=0.00 secs] 
145.859: Total time for which application threads were stopped: 0.0008510 seconds, Stopping threads took: 0.0000880 seconds
145.900: Application time: 0.0410570 seconds
145.900: [GC [PSYoungGen: 19912K->2496K(21504K)] 59830K->43446K(69120K), 0.0013430 secs] [Times: user=0.01 sys=0.00, real=0.00 secs] 
145.901: Total time for which application threads were stopped: 0.0014880 seconds, Stopping threads took: 0.0000700 seconds
145.948: Application time: 0.0471220 seconds
145.949: [GC [PSYoungGen: 21041K->1456K(21504K)] 61991K->42406K(69120K), 0.0006700 secs] [Times: user=0.00 sys=0.00, real=0.00 secs] 
145.949: Total time for which application threads were stopped: 0.0008660 seconds, Stopping threads took: 0.0001250 seconds
145.993: Application time: 0.0434400 seconds
145.993: [GC [PSYoungGen: 19988K->2496K(21504K)] 60939K->43446K(69120K), 0.0009740 secs] [Times: user=0.01 sys=0.00, real=0.00 secs] 
145.994: Total time for which application threads were stopped: 0.0011620 seconds, Stopping threads took: 0.0001190 seconds
146.039: Application time: 0.0452360 seconds
146.039: [GC [PSYoungGen: 21349K->1904K(21504K)] 62300K->42854K(69120K), 0.0008240 secs] [Times: user=0.00 sys=0.00, real=0.00 secs] 
146.040: Total time for which application threads were stopped: 0.0009710 seconds, Stopping threads took: 0.0000700 seconds
146.083: Application time: 0.0425410 seconds
146.083: [GC [PSYoungGen: 20432K->2432K(21504K)] 61383K->43902K(69120K), 0.0012050 secs] [Times: user=0.01 sys=0.00, real=0.00 secs] 
146.084: Total time for which application threads were stopped: 0.0013810 seconds, Stopping threads took: 0.0000920 seconds
146.129: Application time: 0.0446910 seconds
146.129: [GC [PSYoungGen: 21049K->2464K(21504K)] 62519K->43934K(69120K), 0.0010490 secs] [Times: user=0.00 sys=0.00, real=0.00 secs] 
146.130: Total time for which application threads were stopped: 0.0012140 seconds, Stopping threads took: 0.0000920 seconds
146.175: Application time: 0.0450150 seconds
146.175: [GC [PSYoungGen: 21083K->1936K(21504K)] 62553K->43414K(69120K), 0.0008100 secs] [Times: user=0.01 sys=0.00, real=0.00 secs] 
146.176: Total time for which application threads were stopped: 0.0009470 seconds, Stopping threads took: 0.0000660 seconds
146.220: Application time: 0.0439020 seconds
146.220: [GC [PSYoungGen: 20472K->1888K(21504K)] 61951K->43382K(69120K), 0.0008300 secs] [Times: user=0.01 sys=0.00, real=0.00 secs] 
146.221: Total time for which application threads were stopped: 0.0009710 seconds, Stopping threads took: 0.0000720 seconds
146.264: Application time: 0.0435380 seconds
146.264: [GC [PSYoungGen: 20499K->2480K(21504K)] 61993K->43974K(69120K), 0.0009560 secs] [Times: user=0.00 sys=0.00, real=0.00 secs] 
146.265: Total time for which application threads were stopped: 0.0011010 seconds, Stopping threads took: 0.0000730 seconds
146.312: Application time: 0.0461540 seconds
146.312: [GC [PSYoungGen: 21025K->896K(21504K)] 62519K->42398K(69120K), 0.0005370 secs] [Times: user=0.00 sys=0.01, real=0.00 secs] 
146.312: Total time for which application threads were stopped: 0.0006620 seconds, Stopping threads took: 0.0000660 seconds
146.355: Application time: 0.0428290 seconds
146.355: [GC [PSYoungGen: 19420K->2480K(21504K)] 60923K->43982K(69120K), 0.0009940 secs] [Times: user=0.01 sys=0.00, real=0.01 secs] 
146.356: Total time for which application threads were stopped: 0.0011390 seconds, Stopping threads took: 0.0000700 seconds
146.401: Application time: 0.0451500 seconds
146.401: [GC [PSYoungGen: 21019K->1920K(21504K)] 62521K->43422K(69120K), 0.0008180 secs] [Times: user=0.01 sys=0.00, real=0.00 secs] 
146.402: Total time for which application threads were stopped: 0.0009520 seconds, Stopping threads took: 0.0000690 seconds
146.445: Application time: 0.0430020 seconds
146.445: [GC [PSYoungGen: 20452K->2480K(21504K)] 61955K->43982K(69120K), 0.0009350 secs] [Times: user=0.01 sys=0.00, real=0.00 secs] 
146.446: Total time for which application threads were stopped: 0.0010810 seconds, Stopping threads took: 0.0000760 seconds
146.491: Application time: 0.0449160 seconds
146.491: [GC [PSYoungGen: 21097K->1376K(21504K)] 62599K->42878K(69120K), 0.0006730 secs] [Times: user=0.00 sys=0.00, real=0.00 secs] 
146.492: Total time for which application threads were stopped: 0.0008370 seconds, Stopping threads took: 0.0000980 seconds
146.534: Application time: 0.0421440 seconds
146.535: [GC [PSYoungGen: 19904K->2464K(21504K)] 61407K->44486K(69120K), 0.0011140 secs] [Times: user=0.00 sys=0.00, real=0.00 secs] 
146.536: Total time for which application threads were stopped: 0.0013440 seconds, Stopping threads took: 0.0001570 seconds
146.582: Application time: 0.0463570 seconds
146.582: [GC [PSYoungGen: 21007K->1984K(21504K)] 63029K->44006K(69120K), 0.0008170 secs] [Times: user=0.01 sys=0.00, real=0.00 secs] 
146.583: Total time for which application threads were stopped: 0.0009590 seconds, Stopping threads took: 0.0000610 seconds
146.625: Application time: 0.0416630 seconds
146.625: [GC [PSYoungGen: 20506K->2448K(21504K)] 62529K->45494K(69120K), 0.0012800 secs] [Times: user=0.01 sys=0.00, real=0.00 secs] 
146.626: Total time for which application threads were stopped: 0.0014180 seconds, Stopping threads took: 0.0000670 seconds
146.674: Application time: 0.0478560 seconds
146.674: [GC [PSYoungGen: 21152K->1424K(21504K)] 64198K->44470K(69120K), 0.0006490 secs] [Times: user=0.01 sys=0.00, real=0.00 secs] 
146.675: Total time for which application threads were stopped: 0.0007800 seconds, Stopping threads took: 0.0000670 seconds
146.716: Application time: 0.0416340 seconds
146.716: [GC [PSYoungGen: 20106K->2512K(21504K)] 63153K->46078K(69120K), 0.0011280 secs] [Times: user=0.00 sys=0.00, real=0.00 secs] 
146.718: Total time for which application threads were stopped: 0.0012810 seconds, Stopping threads took: 0.0000750 seconds
146.766: Application time: 0.0479000 seconds
146.766: [GC [PSYoungGen: 21135K->1440K(21504K)] 64702K->45006K(69120K), 0.0006660 secs] [Times: user=0.00 sys=0.00, real=0.00 secs] 
146.766: Total time for which application threads were stopped: 0.0007940 seconds, Stopping threads took: 0.0000650 seconds
146.808: Application time: 0.0418550 seconds
146.808: [GC [PSYoungGen: 19968K->2496K(21504K)] 63535K->46078K(69120K), 0.0009910 secs] [Times: user=0.00 sys=0.00, real=0.00 secs] 
146.809: Total time for which application threads were stopped: 0.0012130 seconds, Stopping threads took: 0.0001500 seconds
146.854: Application time: 0.0441340 seconds
146.854: [GC [PSYoungGen: 21107K->2448K(21504K)] 64689K->46550K(69120K), 0.0011430 secs] [Times: user=0.01 sys=0.00, real=0.00 secs] 
146.855: Total time for which application threads were stopped: 0.0012950 seconds, Stopping threads took: 0.0000730 seconds
146.901: Application time: 0.0458600 seconds
146.901: [GC [PSYoungGen: 20995K->848K(21504K)] 65097K->44950K(69120K), 0.0005190 secs] [Times: user=0.00 sys=0.00, real=0.00 secs] 
146.901: Total time for which application threads were stopped: 0.0006470 seconds, Stopping threads took: 0.0000630 seconds
146.944: Application time: 0.0424380 seconds
146.944: [GC [PSYoungGen: 19448K->2512K(21504K)] 63551K->47134K(69120K), 0.0011410 secs] [Times: user=0.00 sys=0.00, real=0.01 secs] 
146.945: Total time for which application threads were stopped: 0.0012830 seconds, Stopping threads took: 0.0000670 seconds
146.991: Application time: 0.0456090 seconds
146.991: [GC [PSYoungGen: 21059K->864K(21504K)] 65682K->45486K(69120K), 0.0005400 secs] [Times: user=0.00 sys=0.00, real=0.00 secs] 
146.991: Total time for which application threads were stopped: 0.0006710 seconds, Stopping threads took: 0.0000700 seconds
147.034: Application time: 0.0424690 seconds
147.034: [GC [PSYoungGen: 19388K->2480K(21504K)] 64011K->47102K(69120K), 0.0009600 secs] [Times: user=0.01 sys=0.00, real=0.00 secs] 
147.035: Total time for which application threads were stopped: 0.0011040 seconds, Stopping threads took: 0.0000740 seconds
147.081: Application time: 0.0457250 seconds
147.081: [GC [PSYoungGen: 21101K->1376K(21504K)] 65724K->45998K(69120K), 0.0006860 secs] [Times: user=0.01 sys=0.00, real=0.00 secs] 
147.081: Total time for which application threads were stopped: 0.0008180 seconds, Stopping threads took: 0.0000630 seconds
147.125: Application time: 0.0436940 seconds
147.125: [GC [PSYoungGen: 19908K->1984K(21504K)] 64531K->46606K(69120K), 0.0008060 secs] [Times: user=0.01 sys=0.00, real=0.00 secs] 
147.126: Total time for which application threads were stopped: 0.0009560 seconds, Stopping threads took: 0.0000700 seconds
147.169: Application time: 0.0428480 seconds
147.169: [GC [PSYoungGen: 20512K->2480K(21504K)] 65135K->47622K(69120K), 0.0011060 secs] [Times: user=0.01 sys=0.00, real=0.00 secs] 
147.170: Total time for which application threads were stopped: 0.0012490 seconds, Stopping threads took: 0.0000720 seconds
147.215: Application time: 0.0447470 seconds
147.215: [GC [PSYoungGen: 21023K->1936K(21504K)] 66165K->47078K(69120K), 0.0008660 secs] [Times: user=0.01 sys=0.00, real=0.00 secs] 
147.216: Total time for which application threads were stopped: 0.0010030 seconds, Stopping threads took: 0.0000680 seconds
147.261: Application time: 0.0446240 seconds
147.261: [GC [PSYoungGen: 20468K->2448K(21504K)] 65611K->47590K(69120K), 0.0009870 secs] [Times: user=0.00 sys=0.00, real=0.00 secs] 
147.262: Total time for which application threads were stopped: 0.0011290 seconds, Stopping threads took: 0.0000720 seconds
147.307: Application time: 0.0456110 seconds
147.307: [GC [PSYoungGen: 21147K->1408K(21504K)] 66290K->46550K(69120K), 0.0006790 secs] [Times: user=0.00 sys=0.00, real=0.00 secs] 
147.308: Total time for which application threads were stopped: 0.0008230 seconds, Stopping threads took: 0.0000800 seconds
147.350: Application time: 0.0420290 seconds
147.350: [GC [PSYoungGen: 20093K->2464K(21504K)] 65235K->47614K(69120K), 0.0009540 secs] [Times: user=0.00 sys=0.00, real=0.00 secs] 
147.351: Total time for which application threads were stopped: 0.0010950 seconds, Stopping threads took: 0.0000730 seconds
147.398: Application time: 0.0463320 seconds
147.398: [GC [PSYoungGen: 21083K->1952K(21504K)] 66233K->47110K(69120K), 0.0008220 secs] [Times: user=0.01 sys=0.00, real=0.00 secs] 
147.399: Total time for which application threads were stopped: 0.0009520 seconds, Stopping threads took: 0.0000660 seconds
147.441: Application time: 0.0425770 seconds
147.441: [GC [PSYoungGen: 20484K->2464K(21504K)] 65643K->47630K(69120K), 0.0009870 secs] [Times: user=0.00 sys=0.00, real=0.00 secs] 
147.442: Total time for which application threads were stopped: 0.0011310 seconds, Stopping threads took: 0.0000710 seconds
147.487: Application time: 0.0449640 seconds
147.487: [GC [PSYoungGen: 21083K->1984K(21504K)] 66250K->47150K(69120K), 0.0008810 secs] [Times: user=0.00 sys=0.00, real=0.00 secs] 
147.488: Total time for which application threads were stopped: 0.0010310 seconds, Stopping threads took: 0.0000800 seconds
147.533: Application time: 0.0449650 seconds
147.533: [GC [PSYoungGen: 20520K->1952K(21504K)] 65687K->47126K(69120K), 0.0008430 secs] [Times: user=0.00 sys=0.00, real=0.00 secs] 
147.534: Total time for which application threads were stopped: 0.0009770 seconds, Stopping threads took: 0.0000660 seconds
147.579: Application time: 0.0448820 seconds
147.579: [GC [PSYoungGen: 20565K->1920K(21504K)] 65739K->47094K(69120K), 0.0008410 secs] [Times: user=0.01 sys=0.00, real=0.00 secs] 
147.580: Total time for which application threads were stopped: 0.0010670 seconds, Stopping threads took: 0.0001560 seconds
147.623: Application time: 0.0433090 seconds
147.624: [GC [PSYoungGen: 20452K->2480K(21504K)] 65627K->47662K(69120K), 0.0010180 secs] [Times: user=0.01 sys=0.00, real=0.01 secs] 
147.625: Total time for which application threads were stopped: 0.0011660 seconds, Stopping threads took: 0.0000680 seconds
147.672: Application time: 0.0471180 seconds
147.672: [GC [PSYoungGen: 21023K->1376K(21504K)] 66205K->46558K(69120K), 0.0006860 secs] [Times: user=0.01 sys=0.00, real=0.00 secs] 
147.673: Total time for which application threads were stopped: 0.0008090 seconds, Stopping threads took: 0.0000490 seconds
147.716: Application time: 0.0433570 seconds
147.716: [GC [PSYoungGen: 19976K->2448K(21504K)] 65159K->48142K(69120K), 0.0012290 secs] [Times: user=0.01 sys=0.00, real=0.00 secs] 
147.717: Total time for which application threads were stopped: 0.0013840 seconds, Stopping threads took: 0.0000790 seconds
147.762: Application time: 0.0449290 seconds
147.762: [GC [PSYoungGen: 20993K->1408K(21504K)] 66687K->47110K(69120K), 0.0006630 secs] [Times: user=0.00 sys=0.00, real=0.00 secs] 
147.763: Total time for which application threads were stopped: 0.0007960 seconds, Stopping threads took: 0.0000700 seconds
147.806: Application time: 0.0428160 seconds
147.806: [GC [PSYoungGen: 19936K->2464K(21504K)] 65639K->48166K(69120K), 0.0010170 secs] [Times: user=0.00 sys=0.00, real=0.00 secs] 
147.807: Total time for which application threads were stopped: 0.0012410 seconds, Stopping threads took: 0.0001520 seconds
147.853: Application time: 0.0455160 seconds
147.853: [GC [PSYoungGen: 21005K->1952K(21504K)] 66707K->47654K(69120K), 0.0008040 secs] [Times: user=0.01 sys=0.00, real=0.00 secs] 
147.854: Total time for which application threads were stopped: 0.0009450 seconds, Stopping threads took: 0.0000720 seconds
147.898: Application time: 0.0439470 seconds
147.898: [GC [PSYoungGen: 20480K->2512K(21504K)] 66183K->48726K(69120K), 0.0012490 secs] [Times: user=0.01 sys=0.00, real=0.00 secs] 
147.899: Total time for which application threads were stopped: 0.0013960 seconds, Stopping threads took: 0.0000700 seconds
147.943: Application time: 0.0438850 seconds
147.943: [GC [PSYoungGen: 21133K->1920K(21504K)] 67348K->48134K(69120K), 0.0008220 secs] [Times: user=0.00 sys=0.00, real=0.00 secs] 
147.944: Total time for which application threads were stopped: 0.0009700 seconds, Stopping threads took: 0.0000780 seconds
147.988: Application time: 0.0440540 seconds
147.988: [GC [PSYoungGen: 20607K->2496K(21504K)] 66821K->49230K(69120K), 0.0011520 secs] [Times: user=0.00 sys=0.00, real=0.00 secs] 
147.989: [Full GC [PSYoungGen: 2496K->0K(21504K)] [ParOldGen: 46734K->9137K(47616K)] 49230K->9137K(69120K) [PSPermGen: 5179K->5179K(21504K)], 0.0050070 secs] [Times: user=0.02 sys=0.00, real=0.00 secs] 
147.994: Total time for which application threads were stopped: 0.0063660 seconds, Stopping threads took: 0.0000790 seconds
148.039: Application time: 0.0449140 seconds
148.039: [GC [PSYoungGen: 18621K->1280K(21504K)] 27758K->10417K(69120K), 0.0006450 secs] [Times: user=0.00 sys=0.00, real=0.00 secs] 
148.040: Total time for which application threads were stopped: 0.0007770 seconds, Stopping threads took: 0.0000710 seconds
148.082: Application time: 0.0424280 seconds
148.082: [GC [PSYoungGen: 19884K->2336K(21504K)] 29022K->12497K(69120K), 0.0011900 secs] [Times: user=0.01 sys=0.00, real=0.00 secs] 
148.084: Total time for which application threads were stopped: 0.0013320 seconds, Stopping threads took: 0.0000680 seconds
148.130: Application time: 0.0465890 seconds
148.130: [GC [PSYoungGen: 20961K->1280K(21504K)] 31123K->11441K(69120K), 0.0006450 secs] [Times: user=0.01 sys=0.00, real=0.00 secs] 
148.131: Total time for which application threads were stopped: 0.0007770 seconds, Stopping threads took: 0.0000660 seconds
148.173: Application time: 0.0417510 seconds
148.173: [GC [PSYoungGen: 19808K->2320K(21504K)] 29970K->12481K(69120K), 0.0008400 secs] [Times: user=0.01 sys=0.00, real=0.00 secs] 
148.174: Total time for which application threads were stopped: 0.0009800 seconds, Stopping threads took: 0.0000650 seconds
148.221: Application time: 0.0468790 seconds
148.221: [GC [PSYoungGen: 20863K->1280K(21504K)] 31024K->11441K(69120K), 0.0006060 secs] [Times: user=0.01 sys=0.00, real=0.00 secs] 
148.221: Total time for which application threads were stopped: 0.0007440 seconds, Stopping threads took: 0.0000710 seconds
148.262: Application time: 0.0405710 seconds
148.262: [GC [PSYoungGen: 19884K->2368K(21504K)] 30046K->13041K(69120K), 0.0010540 secs] [Times: user=0.00 sys=0.00, real=0.00 secs] 
148.263: Total time for which application threads were stopped: 0.0012120 seconds, Stopping threads took: 0.0000760 seconds
148.310: Application time: 0.0467220 seconds
148.310: [GC [PSYoungGen: 20911K->1808K(21504K)] 31584K->12481K(69120K), 0.0007260 secs] [Times: user=0.00 sys=0.00, real=0.00 secs] 
148.311: Total time for which application threads were stopped: 0.0008550 seconds, Stopping threads took: 0.0000660 seconds
148.354: Application time: 0.0428020 seconds
148.354: [GC [PSYoungGen: 20417K->2368K(21504K)] 31090K->13553K(69120K), 0.0010710 secs] [Times: user=0.01 sys=0.00, real=0.00 secs] 
148.355: Total time for which application threads were stopped: 0.0012170 seconds, Stopping threads took: 0.0000720 seconds
148.402: Application time: 0.0472170 seconds
148.402: [GC [PSYoungGen: 20913K->1312K(21504K)] 32098K->12497K(69120K), 0.0006360 secs] [Times: user=0.01 sys=0.00, real=0.00 secs] 
148.403: Total time for which application threads were stopped: 0.0007720 seconds, Stopping threads took: 0.0000670 seconds
148.444: Application time: 0.0416600 seconds
148.445: [GC [PSYoungGen: 19840K->2400K(21504K)] 31026K->13585K(69120K), 0.0009110 secs] [Times: user=0.01 sys=0.00, real=0.00 secs] 
148.446: Total time for which application threads were stopped: 0.0010500 seconds, Stopping threads took: 0.0000670 seconds
148.492: Application time: 0.0461950 seconds
148.492: [GC [PSYoungGen: 20943K->1296K(21504K)] 32128K->12481K(69120K), 0.0006180 secs] [Times: user=0.00 sys=0.00, real=0.00 secs] 
148.492: Total time for which application threads were stopped: 0.0007500 seconds, Stopping threads took: 0.0000660 seconds
148.535: Application time: 0.0422120 seconds
148.535: [GC [PSYoungGen: 19820K->2400K(21504K)] 31005K->14097K(69120K), 0.0010770 secs] [Times: user=0.01 sys=0.00, real=0.00 secs] 
148.536: Total time for which application threads were stopped: 0.0012160 seconds, Stopping threads took: 0.0000680 seconds
148.582: Application time: 0.0458130 seconds
148.582: [GC [PSYoungGen: 21023K->1344K(21504K)] 32720K->13041K(69120K), 0.0006090 secs] [Times: user=0.00 sys=0.00, real=0.00 secs] 
148.582: Total time for which application threads were stopped: 0.0007360 seconds, Stopping threads took: 0.0000630 seconds
148.625: Application time: 0.0423800 seconds
148.625: [GC [PSYoungGen: 20025K->2496K(21504K)] 31722K->14705K(69120K), 0.0010980 secs] [Times: user=0.01 sys=0.00, real=0.00 secs] 
148.626: Total time for which application threads were stopped: 0.0012400 seconds, Stopping threads took: 0.0000680 seconds
148.672: Application time: 0.0462370 seconds
148.672: [GC [PSYoungGen: 21117K->1968K(21504K)] 33326K->14177K(69120K), 0.0007790 secs] [Times: user=0.00 sys=0.00, real=0.00 secs] 
148.673: Total time for which application threads were stopped: 0.0009130 seconds, Stopping threads took: 0.0000630 seconds
148.717: Application time: 0.0441710 seconds
148.718: [GC [PSYoungGen: 20583K->1440K(21504K)] 32792K->13665K(69120K), 0.0006470 secs] [Times: user=0.00 sys=0.00, real=0.00 secs] 
148.718: Total time for which application threads were stopped: 0.0008800 seconds, Stopping threads took: 0.0001550 seconds
148.762: Application time: 0.0440080 seconds
148.762: [GC [PSYoungGen: 20050K->2480K(21504K)] 32276K->14721K(69120K), 0.0009670 secs] [Times: user=0.01 sys=0.00, real=0.00 secs] 
148.764: Total time for which application threads were stopped: 0.0016580 seconds, Stopping threads took: 0.0000720 seconds
148.810: Application time: 0.0460510 seconds
148.812: [GC [PSYoungGen: 21027K->352K(21504K)] 33268K->12609K(69120K), 0.0004290 secs] [Times: user=0.00 sys=0.00, real=0.00 secs] 
148.813: Total time for which application threads were stopped: 0.0026330 seconds, Stopping threads took: 0.0021420 seconds
148.855: Application time: 0.0423840 seconds
148.855: [GC [PSYoungGen: 18874K->2496K(21504K)] 31131K->14753K(69120K), 0.0009800 secs] [Times: user=0.01 sys=0.00, real=0.01 secs] 
148.856: Total time for which application threads were stopped: 0.0011460 seconds, Stopping threads took: 0.0000920 seconds
148.902: Application time: 0.0455680 seconds
148.902: [GC [PSYoungGen: 21119K->880K(21504K)] 33376K->13137K(69120K), 0.0005020 secs] [Times: user=0.00 sys=0.00, real=0.00 secs] 
148.902: Total time for which application threads were stopped: 0.0006320 seconds, Stopping threads took: 0.0000690 seconds
148.946: Application time: 0.0436120 seconds
148.946: [GC [PSYoungGen: 19404K->2464K(21504K)] 31661K->14729K(69120K), 0.0009200 secs] [Times: user=0.00 sys=0.00, real=0.00 secs] 
148.947: Total time for which application threads were stopped: 0.0010630 seconds, Stopping threads took: 0.0000740 seconds
148.993: Application time: 0.0456430 seconds
148.993: [GC [PSYoungGen: 21085K->1392K(21504K)] 33350K->13657K(69120K), 0.0006150 secs] [Times: user=0.00 sys=0.00, real=0.00 secs] 
148.993: Total time for which application threads were stopped: 0.0007760 seconds, Stopping threads took: 0.0001020 seconds
149.035: Application time: 0.0418780 seconds
149.035: [GC [PSYoungGen: 19920K->2480K(21504K)] 32186K->14753K(69120K), 0.0009440 secs] [Times: user=0.01 sys=0.00, real=0.01 secs] 
149.036: Total time for which application threads were stopped: 0.0011030 seconds, Stopping threads took: 0.0000870 seconds
149.083: Application time: 0.0463800 seconds
149.083: [GC [PSYoungGen: 21023K->1424K(21504K)] 33296K->13697K(69120K), 0.0006110 secs] [Times: user=0.00 sys=0.00, real=0.00 secs] 
149.084: Total time for which application threads were stopped: 0.0007460 seconds, Stopping threads took: 0.0000700 seconds
149.125: Application time: 0.0419070 seconds
149.126: [GC [PSYoungGen: 19948K->2528K(21504K)] 32222K->15313K(69120K), 0.0011050 secs] [Times: user=0.00 sys=0.00, real=0.00 secs] 
149.127: Total time for which application threads were stopped: 0.0012490 seconds, Stopping threads took: 0.0000690 seconds
149.173: Application time: 0.0460460 seconds
149.173: [GC [PSYoungGen: 21073K->1408K(21504K)] 33858K->14193K(69120K), 0.0006300 secs] [Times: user=0.00 sys=0.00, real=0.00 secs] 
149.174: Total time for which application threads were stopped: 0.0007640 seconds, Stopping threads took: 0.0000680 seconds
149.216: Application time: 0.0421170 seconds
149.216: [GC [PSYoungGen: 20010K->2480K(21504K)] 32796K->15777K(69120K), 0.0011780 secs] [Times: user=0.01 sys=0.00, real=0.01 secs] 
149.217: Total time for which application threads were stopped: 0.0013230 seconds, Stopping threads took: 0.0000720 seconds
149.263: Application time: 0.0455630 seconds
149.263: [GC [PSYoungGen: 21103K->1376K(21504K)] 34401K->14689K(69120K), 0.0006900 secs] [Times: user=0.00 sys=0.00, real=0.00 secs] 
149.263: Total time for which application threads were stopped: 0.0008230 seconds, Stopping threads took: 0.0000640 seconds
149.305: Application time: 0.0421160 seconds
149.306: [GC [PSYoungGen: 20057K->2496K(21504K)] 33370K->16337K(69120K), 0.0011570 secs] [Times: user=0.01 sys=0.00, real=0.00 secs] 
149.307: Total time for which application threads were stopped: 0.0013100 seconds, Stopping threads took: 0.0000770 seconds
149.352: Application time: 0.0451470 seconds
149.352: [GC [PSYoungGen: 21117K->1968K(21504K)] 34959K->15817K(69120K), 0.0007720 secs] [Times: user=0.00 sys=0.00, real=0.00 secs] 
149.353: Total time for which application threads were stopped: 0.0009150 seconds, Stopping threads took: 0.0000760 seconds
149.395: Application time: 0.0424810 seconds
149.395: [GC [PSYoungGen: 20577K->2512K(21504K)] 34426K->16881K(69120K), 0.0010780 secs] [Times: user=0.01 sys=0.00, real=0.01 secs] 
149.397: Total time for which application threads were stopped: 0.0012250 seconds, Stopping threads took: 0.0000700 seconds
149.441: Application time: 0.0447020 seconds
149.441: [GC [PSYoungGen: 21055K->1920K(21504K)] 35424K->16297K(69120K), 0.0007940 secs] [Times: user=0.01 sys=0.00, real=0.00 secs] 
149.442: Total time for which application threads were stopped: 0.0009270 seconds, Stopping threads took: 0.0000630 seconds
149.485: Application time: 0.0432450 seconds
149.486: [GC [PSYoungGen: 20452K->2496K(21504K)] 34830K->16873K(69120K), 0.0009540 secs] [Times: user=0.01 sys=0.00, real=0.00 secs] 
149.487: Total time for which application threads were stopped: 0.0010960 seconds, Stopping threads took: 0.0000710 seconds
149.530: Application time: 0.0437680 seconds
149.530: [GC [PSYoungGen: 21037K->1936K(21504K)] 35414K->16313K(69120K), 0.0007940 secs] [Times: user=0.01 sys=0.00, real=0.00 secs] 
149.531: Total time for which application threads were stopped: 0.0009490 seconds, Stopping threads took: 0.0000840 seconds
149.576: Application time: 0.0448010 seconds
149.576: [GC [PSYoungGen: 20547K->2480K(21504K)] 34924K->16865K(69120K), 0.0009330 secs] [Times: user=0.01 sys=0.00, real=0.00 secs] 
149.577: Total time for which application threads were stopped: 0.0010670 seconds, Stopping threads took: 0.0000610 seconds
149.621: Application time: 0.0439170 seconds
149.621: [GC [PSYoungGen: 21017K->2496K(21504K)] 35402K->16881K(69120K), 0.0009550 secs] [Times: user=0.00 sys=0.00, real=0.00 secs] 
149.622: Total time for which application threads were stopped: 0.0011020 seconds, Stopping threads took: 0.0000740 seconds
149.668: Application time: 0.0458730 seconds
149.668: [GC [PSYoungGen: 21115K->2000K(21504K)] 35500K->16393K(69120K), 0.0007920 secs] [Times: user=0.01 sys=0.00, real=0.00 secs] 
149.669: Total time for which application threads were stopped: 0.0009260 seconds, Stopping threads took: 0.0000700 seconds
149.711: Application time: 0.0424610 seconds
149.712: [GC [PSYoungGen: 20528K->2528K(21504K)] 34922K->17433K(69120K), 0.0011140 secs] [Times: user=0.01 sys=0.00, real=0.00 secs] 
149.713: Total time for which application threads were stopped: 0.0012650 seconds, Stopping threads took: 0.0000740 seconds
149.757: Application time: 0.0444960 seconds
149.757: [GC [PSYoungGen: 21071K->1936K(21504K)] 35976K->16841K(69120K), 0.0007800 secs] [Times: user=0.00 sys=0.00, real=0.00 secs] 
149.758: Total time for which application threads were stopped: 0.0009330 seconds, Stopping threads took: 0.0000820 seconds
149.801: Application time: 0.0431470 seconds
149.801: [GC [PSYoungGen: 20464K->2496K(21504K)] 35370K->17401K(69120K), 0.0009250 secs] [Times: user=0.00 sys=0.00, real=0.00 secs] 
149.802: Total time for which application threads were stopped: 0.0011080 seconds, Stopping threads took: 0.0001020 seconds
149.847: Application time: 0.0441860 seconds
149.847: [GC [PSYoungGen: 21111K->2416K(21504K)] 36016K->17833K(69120K), 0.0011490 secs] [Times: user=0.00 sys=0.00, real=0.00 secs] 
149.848: Total time for which application threads were stopped: 0.0012890 seconds, Stopping threads took: 0.0000700 seconds
149.893: Application time: 0.0454770 seconds
149.893: [GC [PSYoungGen: 21039K->1424K(21504K)] 36457K->16857K(69120K), 0.0006610 secs] [Times: user=0.00 sys=0.00, real=0.00 secs] 
149.894: Total time for which application threads were stopped: 0.0008060 seconds, Stopping threads took: 0.0000760 seconds
149.937: Application time: 0.0427900 seconds
149.937: [GC [PSYoungGen: 20109K->2480K(21504K)] 35542K->17921K(69120K), 0.0008950 secs] [Times: user=0.01 sys=0.00, real=0.00 secs] 
149.938: Total time for which application threads were stopped: 0.0010250 seconds, Stopping threads took: 0.0000570 seconds
149.982: Application time: 0.0444130 seconds
149.983: [GC [PSYoungGen: 21097K->1440K(21504K)] 36539K->16889K(69120K), 0.0006670 secs] [Times: user=0.00 sys=0.00, real=0.00 secs] 
149.983: Total time for which application threads were stopped: 0.0008240 seconds, Stopping threads took: 0.0000890 seconds
150.026: Application time: 0.0432880 seconds
150.027: [GC [PSYoungGen: 19968K->2416K(21504K)] 35418K->17873K(69120K), 0.0009890 secs] [Times: user=0.01 sys=0.00, real=0.00 secs] 
150.028: Total time for which application threads were stopped: 0.0011570 seconds, Stopping threads took: 0.0000960 seconds
150.072: Application time: 0.0443440 seconds
150.076: [GC [PSYoungGen: 21033K->1952K(21504K)] 36490K->17417K(69120K), 0.0007930 secs] [Times: user=0.00 sys=0.00, real=0.00 secs] 
150.077: Total time for which application threads were stopped: 0.0049280 seconds, Stopping threads took: 0.0040680 seconds
150.121: Application time: 0.0444230 seconds
150.122: [GC [PSYoungGen: 20486K->2480K(21504K)] 35952K->17945K(69120K), 0.0009600 secs] [Times: user=0.00 sys=0.00, real=0.00 secs] 
150.123: Total time for which application threads were stopped: 0.0011610 seconds, Stopping threads took: 0.0001250 seconds
150.166: Application time: 0.0431380 seconds
150.166: [GC [PSYoungGen: 21010K->2496K(21504K)] 36476K->18473K(69120K), 0.0010820 secs] [Times: user=0.00 sys=0.00, real=0.00 secs] 
150.167: Total time for which application threads were stopped: 0.0012340 seconds, Stopping threads took: 0.0000770 seconds
150.211: Application time: 0.0439930 seconds
150.211: [GC [PSYoungGen: 21117K->1936K(21504K)] 37094K->17913K(69120K), 0.0007710 secs] [Times: user=0.00 sys=0.00, real=0.00 secs] 
150.212: Total time for which application threads were stopped: 0.0009140 seconds, Stopping threads took: 0.0000750 seconds
150.257: Application time: 0.0450670 seconds
150.257: [GC [PSYoungGen: 20475K->1952K(21504K)] 36452K->17937K(69120K), 0.0008520 secs] [Times: user=0.01 sys=0.00, real=0.00 secs] 
150.258: Total time for which application threads were stopped: 0.0009880 seconds, Stopping threads took: 0.0000680 seconds
150.300: Application time: 0.0424640 seconds
150.300: [GC [PSYoungGen: 20559K->2496K(21504K)] 36544K->18993K(69120K), 0.0011010 secs] [Times: user=0.00 sys=0.00, real=0.00 secs] 
150.302: Total time for which application threads were stopped: 0.0012470 seconds, Stopping threads took: 0.0000740 seconds
150.346: Application time: 0.0441040 seconds
150.346: [GC [PSYoungGen: 21039K->1952K(21504K)] 37536K->18465K(69120K), 0.0007990 secs] [Times: user=0.00 sys=0.00, real=0.00 secs] 
150.347: Total time for which application threads were stopped: 0.0010340 seconds, Stopping threads took: 0.0001500 seconds
150.392: Application time: 0.0449110 seconds
150.392: [GC [PSYoungGen: 20488K->1920K(21504K)] 37002K->18433K(69120K), 0.0008290 secs] [Times: user=0.00 sys=0.00, real=0.00 secs] 
150.393: Total time for which application threads were stopped: 0.0009870 seconds, Stopping threads took: 0.0000870 seconds
150.436: Application time: 0.0432160 seconds
150.436: [GC [PSYoungGen: 20448K->2480K(21504K)] 36962K->18993K(69120K), 0.0009490 secs] [Times: user=0.00 sys=0.01, real=0.01 secs] 
150.437: Total time for which application threads were stopped: 0.0011410 seconds, Stopping threads took: 0.0001210 seconds
150.483: Application time: 0.0463590 seconds
150.484: [GC [PSYoungGen: 21103K->1424K(21504K)] 37617K->17937K(69120K), 0.0006450 secs] [Times: user=0.01 sys=0.00, real=0.01 secs] 
150.484: Total time for which application threads were stopped: 0.0008340 seconds, Stopping threads took: 0.0001280 seconds
150.527: Application time: 0.0423360 seconds
150.527: [GC [PSYoungGen: 19954K->2480K(21504K)] 36468K->19001K(69120K), 0.0009610 secs] [Times: user=0.01 sys=0.00, real=0.00 secs] 
150.528: Total time for which application threads were stopped: 0.0011150 seconds, Stopping threads took: 0.0000820 seconds
150.572: Application time: 0.0448200 seconds
150.573: [GC [PSYoungGen: 21251K->1920K(21504K)] 37773K->18449K(69120K), 0.0008990 secs] [Times: user=0.00 sys=0.00, real=0.00 secs] 
150.574: Total time for which application threads were stopped: 0.0010380 seconds, Stopping threads took: 0.0000750 seconds
150.618: Application time: 0.0445980 seconds
150.618: [GC [PSYoungGen: 20539K->1984K(21504K)] 37068K->18521K(69120K), 0.0008370 secs] [Times: user=0.00 sys=0.00, real=0.00 secs] 
150.619: Total time for which application threads were stopped: 0.0009810 seconds, Stopping threads took: 0.0000720 seconds
150.662: Application time: 0.0432780 seconds
150.662: [GC [PSYoungGen: 20516K->2480K(21504K)] 37054K->19025K(69120K), 0.0009480 secs] [Times: user=0.00 sys=0.00, real=0.00 secs] 
150.663: Total time for which application threads were stopped: 0.0010970 seconds, Stopping threads took: 0.0000780 seconds
150.711: Application time: 0.0473830 seconds
150.711: [GC [PSYoungGen: 21103K->880K(21504K)] 37649K->17425K(69120K), 0.0005190 secs] [Times: user=0.00 sys=0.00, real=0.00 secs] 
150.712: Total time for which application threads were stopped: 0.0006560 seconds, Stopping threads took: 0.0000690 seconds
150.752: Application time: 0.0405010 seconds
150.752: [GC [PSYoungGen: 19406K->2496K(21504K)] 35952K->19049K(69120K), 0.0009670 secs] [Times: user=0.01 sys=0.00, real=0.00 secs] 
150.753: Total time for which application threads were stopped: 0.0011150 seconds, Stopping threads took: 0.0000760 seconds
150.800: Application time: 0.0472980 seconds
150.801: [GC [PSYoungGen: 21039K->1408K(21504K)] 37592K->17961K(69120K), 0.0006500 secs] [Times: user=0.00 sys=0.00, real=0.00 secs] 
150.801: Total time for which application threads were stopped: 0.0007860 seconds, Stopping threads took: 0.0000670 seconds
150.843: Application time: 0.0419490 seconds
150.843: [GC [PSYoungGen: 19936K->2480K(21504K)] 36490K->19033K(69120K), 0.0009730 secs] [Times: user=0.00 sys=0.01, real=0.01 secs] 
150.844: Total time for which application threads were stopped: 0.0011210 seconds, Stopping threads took: 0.0000740 seconds
150.891: Application time: 0.0463830 seconds
150.891: [GC [PSYoungGen: 21099K->1952K(21504K)] 37653K->18513K(69120K), 0.0007800 secs] [Times: user=0.00 sys=0.00, real=0.00 secs] 
150.892: Total time for which application threads were stopped: 0.0009320 seconds, Stopping threads took: 0.0000750 seconds
150.933: Application time: 0.0412440 seconds
150.933: [GC [PSYoungGen: 20552K->2464K(21504K)] 37114K->20561K(69120K), 0.0014480 secs] [Times: user=0.01 sys=0.00, real=0.00 secs] 
150.934: Total time for which application threads were stopped: 0.0016020 seconds, Stopping threads took: 0.0000770 seconds
150.982: Application time: 0.0470500 seconds
150.982: [GC [PSYoungGen: 21011K->1920K(21504K)] 39109K->20025K(69120K), 0.0008490 secs] [Times: user=0.01 sys=0.00, real=0.00 secs] 
150.982: Total time for which application threads were stopped: 0.0009890 seconds, Stopping threads took: 0.0000670 seconds
151.024: Application time: 0.0412440 seconds
151.024: [GC [PSYoungGen: 20440K->2464K(21504K)] 38546K->22105K(69120K), 0.0015240 secs] [Times: user=0.00 sys=0.00, real=0.01 secs] 
151.025: Total time for which application threads were stopped: 0.0016870 seconds, Stopping threads took: 0.0000830 seconds
151.073: Application time: 0.0471610 seconds
151.073: [GC [PSYoungGen: 21011K->2000K(21504K)] 40653K->21641K(69120K), 0.0007810 secs] [Times: user=0.00 sys=0.00, real=0.00 secs] 
151.074: Total time for which application threads were stopped: 0.0009210 seconds, Stopping threads took: 0.0000730 seconds
151.117: Application time: 0.0439280 seconds
151.118: [GC [PSYoungGen: 20536K->1936K(21504K)] 40178K->21577K(69120K), 0.0008110 secs] [Times: user=0.01 sys=0.00, real=0.00 secs] 
151.118: Total time for which application threads were stopped: 0.0010310 seconds, Stopping threads took: 0.0001480 seconds
151.162: Application time: 0.0439170 seconds
151.163: [GC [PSYoungGen: 20546K->2496K(21504K)] 40188K->22145K(69120K), 0.0009440 secs] [Times: user=0.00 sys=0.00, real=0.00 secs] 
151.163: Total time for which application threads were stopped: 0.0010840 seconds, Stopping threads took: 0.0000700 seconds
151.210: Application time: 0.0463120 seconds
151.210: [GC [PSYoungGen: 21197K->864K(21504K)] 40847K->20513K(69120K), 0.0005050 secs] [Times: user=0.01 sys=0.00, real=0.00 secs] 
151.210: Total time for which application threads were stopped: 0.0006320 seconds, Stopping threads took: 0.0000680 seconds
151.252: Application time: 0.0411230 seconds
151.252: [GC [PSYoungGen: 19547K->2496K(21504K)] 39196K->22153K(69120K), 0.0009270 secs] [Times: user=0.01 sys=0.00, real=0.00 secs] 
151.253: Total time for which application threads were stopped: 0.0010800 seconds, Stopping threads took: 0.0000810 seconds
151.299: Application time: 0.0465480 seconds
151.299: [GC [PSYoungGen: 21041K->880K(21504K)] 40698K->20545K(69120K), 0.0004860 secs] [Times: user=0.00 sys=0.00, real=0.00 secs] 
151.300: Total time for which application threads were stopped: 0.0006260 seconds, Stopping threads took: 0.0000760 seconds
151.340: Application time: 0.0403660 seconds
151.340: [GC [PSYoungGen: 19484K->2480K(21504K)] 39150K->22145K(69120K), 0.0009840 secs] [Times: user=0.00 sys=0.00, real=0.00 secs] 
151.341: Total time for which application threads were stopped: 0.0011420 seconds, Stopping threads took: 0.0000780 seconds
151.387: Application time: 0.0456990 seconds
151.387: [GC [PSYoungGen: 21019K->1936K(21504K)] 40684K->21609K(69120K), 0.0007810 secs] [Times: user=0.00 sys=0.00, real=0.00 secs] 
151.388: Total time for which application threads were stopped: 0.0009860 seconds, Stopping threads took: 0.0001420 seconds
151.432: Application time: 0.0442250 seconds
151.432: [GC [PSYoungGen: 20472K->1936K(21504K)] 40146K->21609K(69120K), 0.0008010 secs] [Times: user=0.01 sys=0.00, real=0.00 secs] 
151.433: Total time for which application threads were stopped: 0.0009450 seconds, Stopping threads took: 0.0000660 seconds
151.477: Application time: 0.0439820 seconds
151.477: [GC [PSYoungGen: 20468K->1952K(21504K)] 40142K->21625K(69120K), 0.0007750 secs] [Times: user=0.01 sys=0.00, real=0.00 secs] 
151.478: Total time for which application threads were stopped: 0.0009370 seconds, Stopping threads took: 0.0000900 seconds
151.522: Application time: 0.0440200 seconds
151.522: [GC [PSYoungGen: 20493K->1904K(21504K)] 40166K->21577K(69120K), 0.0009150 secs] [Times: user=0.00 sys=0.00, real=0.00 secs] 
151.523: Total time for which application threads were stopped: 0.0010660 seconds, Stopping threads took: 0.0000820 seconds
151.566: Application time: 0.0423380 seconds
151.566: [GC [PSYoungGen: 20591K->2496K(21504K)] 40265K->22689K(69120K), 0.0011860 secs] [Times: user=0.01 sys=0.00, real=0.00 secs] 
151.567: Total time for which application threads were stopped: 0.0013480 seconds, Stopping threads took: 0.0000800 seconds
151.613: Application time: 0.0459800 seconds
151.613: [GC [PSYoungGen: 21041K->1440K(21504K)] 41234K->21641K(69120K), 0.0006800 secs] [Times: user=0.01 sys=0.00, real=0.00 secs] 
151.614: Total time for which application threads were stopped: 0.0009100 seconds, Stopping threads took: 0.0001620 seconds
151.656: Application time: 0.0418490 seconds
151.656: [GC [PSYoungGen: 19964K->2528K(21504K)] 40166K->23241K(69120K), 0.0011050 secs] [Times: user=0.01 sys=0.00, real=0.01 secs] 
151.657: Total time for which application threads were stopped: 0.0012480 seconds, Stopping threads took: 0.0000700 seconds
151.704: Application time: 0.0474690 seconds
151.704: [GC [PSYoungGen: 21069K->1952K(21504K)] 41782K->22665K(69120K), 0.0007420 secs] [Times: user=0.00 sys=0.00, real=0.00 secs] 
151.705: Total time for which application threads were stopped: 0.0008670 seconds, Stopping threads took: 0.0000590 seconds
151.749: Application time: 0.0442250 seconds
151.750: [GC [PSYoungGen: 20488K->1440K(21504K)] 41202K->22153K(69120K), 0.0006510 secs] [Times: user=0.00 sys=0.00, real=0.00 secs] 
151.750: Total time for which application threads were stopped: 0.0008080 seconds, Stopping threads took: 0.0000890 seconds
151.793: Application time: 0.0426370 seconds
151.793: [GC [PSYoungGen: 20053K->2496K(21504K)] 40766K->23209K(69120K), 0.0009620 secs] [Times: user=0.01 sys=0.00, real=0.00 secs] 
151.794: Total time for which application threads were stopped: 0.0011260 seconds, Stopping threads took: 0.0000920 seconds
151.840: Application time: 0.0458660 seconds
151.840: [GC [PSYoungGen: 21193K->1440K(21504K)] 41907K->22161K(69120K), 0.0006720 secs] [Times: user=0.00 sys=0.00, real=0.00 secs] 
151.841: Total time for which application threads were stopped: 0.0008060 seconds, Stopping threads took: 0.0000660 seconds
151.883: Application time: 0.0420430 seconds
151.883: [GC [PSYoungGen: 20123K->2464K(21504K)] 40844K->23705K(69120K), 0.0011530 secs] [Times: user=0.01 sys=0.00, real=0.00 secs] 
151.884: Total time for which application threads were stopped: 0.0013060 seconds, Stopping threads took: 0.0000730 seconds
151.931: Application time: 0.0464520 seconds
151.931: [GC [PSYoungGen: 21007K->1984K(21504K)] 42248K->23233K(69120K), 0.0008580 secs] [Times: user=0.00 sys=0.00, real=0.00 secs] 
151.932: Total time for which application threads were stopped: 0.0009910 seconds, Stopping threads took: 0.0000630 seconds
151.975: Application time: 0.0431510 seconds
151.975: [GC [PSYoungGen: 20595K->2432K(21504K)] 41844K->23681K(69120K), 0.0010680 secs] [Times: user=0.00 sys=0.00, real=0.00 secs] 
151.976: Total time for which application threads were stopped: 0.0012320 seconds, Stopping threads took: 0.0000870 seconds
152.021: Application time: 0.0455410 seconds
152.022: [GC [PSYoungGen: 20968K->1424K(21504K)] 42218K->22681K(69120K), 0.0006640 secs] [Times: user=0.00 sys=0.00, real=0.00 secs] 
152.022: Total time for which application threads were stopped: 0.0008900 seconds, Stopping threads took: 0.0001540 seconds
152.067: Application time: 0.0442860 seconds
152.067: [GC [PSYoungGen: 19960K->2496K(21504K)] 41218K->23753K(69120K), 0.0009780 secs] [Times: user=0.00 sys=0.00, real=0.00 secs] 
152.068: Total time for which application threads were stopped: 0.0011180 seconds, Stopping threads took: 0.0000710 seconds
152.112: Application time: 0.0446700 seconds
152.113: [GC [PSYoungGen: 21039K->1376K(21504K)] 42296K->22633K(69120K), 0.0006650 secs] [Times: user=0.00 sys=0.00, real=0.00 secs] 
152.113: Total time for which application threads were stopped: 0.0008010 seconds, Stopping threads took: 0.0000690 seconds
152.156: Application time: 0.0429510 seconds
152.156: [GC [PSYoungGen: 19904K->2480K(21504K)] 41162K->23737K(69120K), 0.0009380 secs] [Times: user=0.00 sys=0.00, real=0.00 secs] 
152.157: Total time for which application threads were stopped: 0.0010750 seconds, Stopping threads took: 0.0000700 seconds
152.204: Application time: 0.0463180 seconds
152.204: [GC [PSYoungGen: 21179K->1424K(21504K)] 42437K->22681K(69120K), 0.0006350 secs] [Times: user=0.01 sys=0.00, real=0.01 secs] 
152.204: Total time for which application threads were stopped: 0.0008410 seconds, Stopping threads took: 0.0001410 seconds
152.246: Application time: 0.0420570 seconds
152.247: [GC [PSYoungGen: 19948K->2480K(21504K)] 41206K->24257K(69120K), 0.0010710 secs] [Times: user=0.01 sys=0.00, real=0.00 secs] 
152.248: Total time for which application threads were stopped: 0.0012250 seconds, Stopping threads took: 0.0000820 seconds
152.294: Application time: 0.0462580 seconds
152.294: [GC [PSYoungGen: 21025K->1408K(21504K)] 42803K->23185K(69120K), 0.0007400 secs] [Times: user=0.00 sys=0.00, real=0.00 secs] 
152.295: Total time for which application threads were stopped: 0.0008790 seconds, Stopping threads took: 0.0000720 seconds
152.336: Application time: 0.0407420 seconds
152.336: [GC [PSYoungGen: 19932K->2480K(21504K)] 41710K->24769K(69120K), 0.0010600 secs] [Times: user=0.01 sys=0.00, real=0.01 secs] 
152.337: Total time for which application threads were stopped: 0.0012030 seconds, Stopping threads took: 0.0000720 seconds
152.384: Application time: 0.0468030 seconds
152.384: [GC [PSYoungGen: 21025K->1424K(21504K)] 43315K->23713K(69120K), 0.0006490 secs] [Times: user=0.00 sys=0.00, real=0.01 secs] 
152.384: Total time for which application threads were stopped: 0.0007730 seconds, Stopping threads took: 0.0000620 seconds
152.426: Application time: 0.0419610 seconds
152.426: [GC [PSYoungGen: 20028K->2528K(21504K)] 42318K->25329K(69120K), 0.0010980 secs] [Times: user=0.00 sys=0.00, real=0.00 secs] 
152.428: Total time for which application threads were stopped: 0.0012310 seconds, Stopping threads took: 0.0000600 seconds
152.474: Application time: 0.0461890 seconds
152.474: [GC [PSYoungGen: 21229K->1408K(21504K)] 44031K->24217K(69120K), 0.0006610 secs] [Times: user=0.01 sys=0.00, real=0.00 secs] 
152.475: Total time for which application threads were stopped: 0.0007900 seconds, Stopping threads took: 0.0000620 seconds
152.516: Application time: 0.0413080 seconds
152.516: [GC [PSYoungGen: 20014K->2496K(21504K)] 42824K->25313K(69120K), 0.0009350 secs] [Times: user=0.00 sys=0.00, real=0.01 secs] 
152.517: Total time for which application threads were stopped: 0.0010950 seconds, Stopping threads took: 0.0000760 seconds
152.563: Application time: 0.0455730 seconds
152.563: [GC [PSYoungGen: 21117K->1408K(21504K)] 43935K->24233K(69120K), 0.0007430 secs] [Times: user=0.01 sys=0.00, real=0.00 secs] 
152.563: Total time for which application threads were stopped: 0.0009850 seconds, Stopping threads took: 0.0001630 seconds
152.607: Application time: 0.0434490 seconds
152.607: [GC [PSYoungGen: 20018K->1920K(21504K)] 42844K->24745K(69120K), 0.0008040 secs] [Times: user=0.00 sys=0.00, real=0.00 secs] 
152.608: Total time for which application threads were stopped: 0.0009400 seconds, Stopping threads took: 0.0000700 seconds
152.651: Application time: 0.0435690 seconds
152.652: [GC [PSYoungGen: 20450K->2496K(21504K)] 43276K->25329K(69120K), 0.0009570 secs] [Times: user=0.00 sys=0.01, real=0.00 secs] 
152.653: Total time for which application threads were stopped: 0.0011030 seconds, Stopping threads took: 0.0000750 seconds
152.699: Application time: 0.0460440 seconds
152.699: [GC [PSYoungGen: 21037K->1424K(21504K)] 43870K->24257K(69120K), 0.0005930 secs] [Times: user=0.01 sys=0.00, real=0.00 secs] 
152.699: Total time for which application threads were stopped: 0.0007260 seconds, Stopping threads took: 0.0000700 seconds
152.742: Application time: 0.0429620 seconds
152.742: [GC [PSYoungGen: 19950K->1936K(21504K)] 42784K->24769K(69120K), 0.0007850 secs] [Times: user=0.00 sys=0.00, real=0.00 secs] 
152.743: Total time for which application threads were stopped: 0.0009490 seconds, Stopping threads took: 0.0000960 seconds
152.787: Application time: 0.0438740 seconds
152.787: [GC [PSYoungGen: 20475K->1936K(21504K)] 43308K->24769K(69120K), 0.0008400 secs] [Times: user=0.01 sys=0.00, real=0.00 secs] 
152.788: Total time for which application threads were stopped: 0.0009680 seconds, Stopping threads took: 0.0000610 seconds
152.832: Application time: 0.0436710 seconds
152.832: [GC [PSYoungGen: 20468K->2432K(21504K)] 43302K->25265K(69120K), 0.0009630 secs] [Times: user=0.00 sys=0.00, real=0.00 secs] 
152.833: Total time for which application threads were stopped: 0.0010970 seconds, Stopping threads took: 0.0000610 seconds
152.877: Application time: 0.0442870 seconds
152.877: [GC [PSYoungGen: 21127K->2496K(21504K)] 43961K->25337K(69120K), 0.0009430 secs] [Times: user=0.00 sys=0.00, real=0.00 secs] 
152.878: Total time for which application threads were stopped: 0.0010740 seconds, Stopping threads took: 0.0000590 seconds
152.923: Application time: 0.0444730 seconds
152.923: [GC [PSYoungGen: 21039K->1392K(21504K)] 43880K->24233K(69120K), 0.0006870 secs] [Times: user=0.00 sys=0.00, real=0.00 secs] 
152.924: Total time for which application threads were stopped: 0.0008130 seconds, Stopping threads took: 0.0000570 seconds
152.967: Application time: 0.0432380 seconds
152.967: [GC [PSYoungGen: 19924K->1936K(21504K)] 42766K->24777K(69120K), 0.0008510 secs] [Times: user=0.00 sys=0.00, real=0.00 secs] 
152.968: Total time for which application threads were stopped: 0.0009920 seconds, Stopping threads took: 0.0000740 seconds
153.010: Application time: 0.0427090 seconds
153.011: [GC [PSYoungGen: 20464K->2512K(21504K)] 43306K->25865K(69120K), 0.0011140 secs] [Times: user=0.01 sys=0.00, real=0.00 secs] 
153.012: Total time for which application threads were stopped: 0.0012600 seconds, Stopping threads took: 0.0000730 seconds
153.057: Application time: 0.0453280 seconds
153.057: [GC [PSYoungGen: 21133K->1984K(21504K)] 44487K->25337K(69120K), 0.0008300 secs] [Times: user=0.01 sys=0.00, real=0.00 secs] 
153.058: Total time for which application threads were stopped: 0.0010120 seconds, Stopping threads took: 0.0001060 seconds
153.101: Application time: 0.0424500 seconds
153.101: [GC [PSYoungGen: 20508K->2400K(21504K)] 43862K->26273K(69120K), 0.0012030 secs] [Times: user=0.00 sys=0.00, real=0.00 secs] 
153.102: Total time for which application threads were stopped: 0.0013930 seconds, Stopping threads took: 0.0001100 seconds
153.149: Application time: 0.0468890 seconds
153.149: [GC [PSYoungGen: 21260K->1424K(21504K)] 45134K->25305K(69120K), 0.0006300 secs] [Times: user=0.00 sys=0.00, real=0.00 secs] 
153.150: Total time for which application threads were stopped: 0.0007630 seconds, Stopping threads took: 0.0000720 seconds
153.192: Application time: 0.0423850 seconds
153.192: [GC [PSYoungGen: 19950K->2512K(21504K)] 43832K->26914K(69120K), 0.0011310 secs] [Times: user=0.01 sys=0.00, real=0.00 secs] 
153.193: Total time for which application threads were stopped: 0.0012950 seconds, Stopping threads took: 0.0000890 seconds
153.238: Application time: 0.0451370 seconds
153.239: [GC [PSYoungGen: 21129K->2496K(21504K)] 45531K->26905K(69120K), 0.0009390 secs] [Times: user=0.00 sys=0.00, real=0.00 secs] 
153.239: Total time for which application threads were stopped: 0.0010810 seconds, Stopping threads took: 0.0000710 seconds
153.285: Application time: 0.0459640 seconds
153.286: [GC [PSYoungGen: 21039K->1408K(21504K)] 45448K->25825K(69120K), 0.0006530 secs] [Times: user=0.00 sys=0.00, real=0.00 secs] 
153.286: Total time for which application threads were stopped: 0.0007810 seconds, Stopping threads took: 0.0000620 seconds
153.329: Application time: 0.0430200 seconds
153.329: [GC [PSYoungGen: 19936K->2496K(21504K)] 44354K->26913K(69120K), 0.0009560 secs] [Times: user=0.00 sys=0.00, real=0.00 secs] 
153.330: Total time for which application threads were stopped: 0.0011010 seconds, Stopping threads took: 0.0000720 seconds
153.376: Application time: 0.0456090 seconds
153.376: [GC [PSYoungGen: 21041K->848K(21504K)] 45459K->25265K(69120K), 0.0005430 secs] [Times: user=0.00 sys=0.00, real=0.00 secs] 
153.377: Total time for which application threads were stopped: 0.0007890 seconds, Stopping threads took: 0.0001770 seconds
153.420: Application time: 0.0430480 seconds
153.420: [GC [PSYoungGen: 19372K->2496K(21504K)] 43790K->26913K(69120K), 0.0009390 secs] [Times: user=0.00 sys=0.00, real=0.00 secs] 
153.421: Total time for which application threads were stopped: 0.0010800 seconds, Stopping threads took: 0.0000740 seconds
153.466: Application time: 0.0447570 seconds
153.466: [GC [PSYoungGen: 21037K->1968K(21504K)] 45454K->26385K(69120K), 0.0007860 secs] [Times: user=0.00 sys=0.00, real=0.00 secs] 
153.467: Total time for which application threads were stopped: 0.0009170 seconds, Stopping threads took: 0.0000600 seconds
153.510: Application time: 0.0430590 seconds
153.510: [GC [PSYoungGen: 20661K->1968K(21504K)] 45079K->26385K(69120K), 0.0007880 secs] [Times: user=0.01 sys=0.00, real=0.00 secs] 
153.511: Total time for which application threads were stopped: 0.0009250 seconds, Stopping threads took: 0.0000710 seconds
153.556: Application time: 0.0452710 seconds
153.556: [GC [PSYoungGen: 20504K->1936K(21504K)] 44922K->26361K(69120K), 0.0008180 secs] [Times: user=0.00 sys=0.00, real=0.01 secs] 
153.557: Total time for which application threads were stopped: 0.0009590 seconds, Stopping threads took: 0.0000730 seconds
153.598: Application time: 0.0414300 seconds
153.598: [GC [PSYoungGen: 20468K->2448K(21504K)] 44894K->26874K(69120K), 0.0010050 secs] [Times: user=0.00 sys=0.00, real=0.00 secs] 
153.599: Total time for which application threads were stopped: 0.0011550 seconds, Stopping threads took: 0.0000740 seconds
153.646: Application time: 0.0461930 seconds
153.646: [GC [PSYoungGen: 20989K->1936K(21504K)] 45414K->26361K(69120K), 0.0008360 secs] [Times: user=0.00 sys=0.00, real=0.00 secs] 
153.647: Total time for which application threads were stopped: 0.0009650 seconds, Stopping threads took: 0.0000650 seconds
153.691: Application time: 0.0442620 seconds
153.691: [GC [PSYoungGen: 20551K->1920K(21504K)] 44977K->26345K(69120K), 0.0008520 secs] [Times: user=0.00 sys=0.00, real=0.00 secs] 
153.692: Total time for which application threads were stopped: 0.0009890 seconds, Stopping threads took: 0.0000660 seconds
153.737: Application time: 0.0447620 seconds
153.737: [GC [PSYoungGen: 20458K->1408K(21504K)] 44884K->25849K(69120K), 0.0006530 secs] [Times: user=0.01 sys=0.00, real=0.00 secs] 
153.737: Total time for which application threads were stopped: 0.0007800 seconds, Stopping threads took: 0.0000560 seconds
153.779: Application time: 0.0416420 seconds
153.779: [GC [PSYoungGen: 20171K->2496K(21504K)] 44613K->27450K(69120K), 0.0012340 secs] [Times: user=0.01 sys=0.00, real=0.00 secs] 
153.781: Total time for which application threads were stopped: 0.0017000 seconds, Stopping threads took: 0.0000950 seconds
153.828: Application time: 0.0469070 seconds
153.828: [GC [PSYoungGen: 21121K->880K(21504K)] 46075K->25841K(69120K), 0.0006520 secs] [Times: user=0.00 sys=0.00, real=0.00 secs] 
153.828: Total time for which application threads were stopped: 0.0008860 seconds, Stopping threads took: 0.0001640 seconds
153.870: Application time: 0.0411890 seconds
153.870: [GC [PSYoungGen: 19480K->2496K(21504K)] 44442K->27969K(69120K), 0.0011390 secs] [Times: user=0.01 sys=0.00, real=0.00 secs] 
153.871: Total time for which application threads were stopped: 0.0012800 seconds, Stopping threads took: 0.0000680 seconds
153.917: Application time: 0.0456270 seconds
153.917: [GC [PSYoungGen: 21041K->1472K(21504K)] 46515K->26953K(69120K), 0.0007480 secs] [Times: user=0.01 sys=0.00, real=0.00 secs] 
153.917: Total time for which application threads were stopped: 0.0008890 seconds, Stopping threads took: 0.0000680 seconds
153.960: Application time: 0.0423690 seconds
153.960: [GC [PSYoungGen: 19996K->2512K(21504K)] 45478K->28506K(69120K), 0.0011200 secs] [Times: user=0.01 sys=0.00, real=0.00 secs] 
153.961: Total time for which application threads were stopped: 0.0012610 seconds, Stopping threads took: 0.0000690 seconds
154.007: Application time: 0.0461260 seconds
154.007: [GC [PSYoungGen: 21057K->1424K(21504K)] 47051K->27418K(69120K), 0.0006760 secs] [Times: user=0.00 sys=0.00, real=0.00 secs] 
154.008: Total time for which application threads were stopped: 0.0008170 seconds, Stopping threads took: 0.0000650 seconds
154.050: Application time: 0.0422280 seconds
154.050: [GC [PSYoungGen: 19948K->2496K(21504K)] 45942K->28489K(69120K), 0.0009450 secs] [Times: user=0.01 sys=0.00, real=0.00 secs] 
154.051: Total time for which application threads were stopped: 0.0011180 seconds, Stopping threads took: 0.0001030 seconds
154.097: Application time: 0.0461020 seconds
154.098: [GC [PSYoungGen: 21041K->1360K(21504K)] 47035K->27354K(69120K), 0.0006820 secs] [Times: user=0.00 sys=0.00, real=0.00 secs] 
154.098: Total time for which application threads were stopped: 0.0008230 seconds, Stopping threads took: 0.0000710 seconds
154.140: Application time: 0.0421520 seconds
154.141: [GC [PSYoungGen: 19969K->2496K(21504K)] 45962K->28490K(69120K), 0.0009790 secs] [Times: user=0.00 sys=0.00, real=0.00 secs] 
154.142: Total time for which application threads were stopped: 0.0011210 seconds, Stopping threads took: 0.0000600 seconds
154.187: Application time: 0.0454170 seconds
154.187: [GC [PSYoungGen: 21117K->1424K(21504K)] 47111K->27425K(69120K), 0.0006490 secs] [Times: user=0.00 sys=0.00, real=0.00 secs] 
154.188: Total time for which application threads were stopped: 0.0007760 seconds, Stopping threads took: 0.0000660 seconds
154.231: Application time: 0.0428400 seconds
154.231: [GC [PSYoungGen: 19956K->1904K(21504K)] 45958K->27906K(69120K), 0.0008090 secs] [Times: user=0.01 sys=0.00, real=0.00 secs] 
154.232: Total time for which application threads were stopped: 0.0009480 seconds, Stopping threads took: 0.0000740 seconds
154.276: Application time: 0.0442150 seconds
154.276: [GC [PSYoungGen: 20432K->2464K(21504K)] 46434K->28466K(69120K), 0.0009440 secs] [Times: user=0.01 sys=0.00, real=0.01 secs] 
154.277: Total time for which application threads were stopped: 0.0011020 seconds, Stopping threads took: 0.0000880 seconds
154.322: Application time: 0.0448290 seconds
154.322: [GC [PSYoungGen: 21085K->1968K(21504K)] 47087K->27970K(69120K), 0.0008180 secs] [Times: user=0.00 sys=0.00, real=0.00 secs] 
154.323: Total time for which application threads were stopped: 0.0009530 seconds, Stopping threads took: 0.0000640 seconds
154.367: Application time: 0.0446190 seconds
154.367: [GC [PSYoungGen: 20507K->1408K(21504K)] 46508K->27418K(69120K), 0.0006560 secs] [Times: user=0.00 sys=0.00, real=0.00 secs] 
154.368: Total time for which application threads were stopped: 0.0007890 seconds, Stopping threads took: 0.0000720 seconds
154.411: Application time: 0.0432810 seconds
154.412: [GC [PSYoungGen: 20171K->2496K(21504K)] 46181K->28506K(69120K), 0.0009200 secs] [Times: user=0.01 sys=0.00, real=0.00 secs] 
154.412: Total time for which application threads were stopped: 0.0010840 seconds, Stopping threads took: 0.0000900 seconds
154.457: Application time: 0.0443290 seconds
154.457: [GC [PSYoungGen: 21115K->1936K(21504K)] 47125K->27962K(69120K), 0.0008180 secs] [Times: user=0.01 sys=0.00, real=0.00 secs] 
154.458: Total time for which application threads were stopped: 0.0009600 seconds, Stopping threads took: 0.0000720 seconds
154.502: Application time: 0.0440980 seconds
154.502: [GC [PSYoungGen: 20551K->1920K(21504K)] 46577K->27954K(69120K), 0.0008130 secs] [Times: user=0.01 sys=0.00, real=0.00 secs] 
154.503: Total time for which application threads were stopped: 0.0009540 seconds, Stopping threads took: 0.0000700 seconds
154.547: Application time: 0.0437790 seconds
154.547: [GC [PSYoungGen: 20458K->1376K(21504K)] 46492K->27418K(69120K), 0.0006750 secs] [Times: user=0.00 sys=0.00, real=0.00 secs] 
154.548: Total time for which application threads were stopped: 0.0009040 seconds, Stopping threads took: 0.0001650 seconds
154.591: Application time: 0.0433720 seconds
154.591: [GC [PSYoungGen: 19904K->2464K(21504K)] 45946K->28506K(69120K), 0.0009160 secs] [Times: user=0.00 sys=0.00, real=0.00 secs] 
154.592: Total time for which application threads were stopped: 0.0010590 seconds, Stopping threads took: 0.0000710 seconds
154.637: Application time: 0.0449170 seconds
154.637: [GC [PSYoungGen: 21001K->2480K(21504K)] 47042K->28522K(69120K), 0.0009250 secs] [Times: user=0.01 sys=0.00, real=0.00 secs] 
154.638: Total time for which application threads were stopped: 0.0010610 seconds, Stopping threads took: 0.0000690 seconds
154.682: Application time: 0.0442090 seconds
154.682: [GC [PSYoungGen: 21021K->1920K(21504K)] 47062K->27962K(69120K), 0.0008150 secs] [Times: user=0.01 sys=0.00, real=0.00 secs] 
154.683: Total time for which application threads were stopped: 0.0009640 seconds, Stopping threads took: 0.0000690 seconds
154.726: Application time: 0.0426330 seconds
154.726: [GC [PSYoungGen: 20444K->2496K(21504K)] 46486K->29562K(69120K), 0.0012490 secs] [Times: user=0.00 sys=0.00, real=0.00 secs] 
154.727: Total time for which application threads were stopped: 0.0013960 seconds, Stopping threads took: 0.0000740 seconds
154.773: Application time: 0.0463620 seconds
154.774: [GC [PSYoungGen: 21121K->1376K(21504K)] 48187K->28442K(69120K), 0.0006790 secs] [Times: user=0.00 sys=0.00, real=0.00 secs] 
154.774: Total time for which application threads were stopped: 0.0008160 seconds, Stopping threads took: 0.0000700 seconds
154.817: Application time: 0.0424050 seconds
154.817: [GC [PSYoungGen: 19900K->2448K(21504K)] 46966K->30034K(69120K), 0.0011490 secs] [Times: user=0.00 sys=0.00, real=0.00 secs] 
154.818: Total time for which application threads were stopped: 0.0012980 seconds, Stopping threads took: 0.0000750 seconds
154.864: Application time: 0.0456260 seconds
154.864: [GC [PSYoungGen: 21071K->1408K(21504K)] 48657K->29002K(69120K), 0.0006590 secs] [Times: user=0.00 sys=0.00, real=0.01 secs] 
154.864: Total time for which application threads were stopped: 0.0007980 seconds, Stopping threads took: 0.0000690 seconds
154.908: Application time: 0.0433270 seconds
154.908: [GC [PSYoungGen: 19932K->2496K(21504K)] 47526K->30602K(69120K), 0.0011300 secs] [Times: user=0.01 sys=0.00, real=0.00 secs] 
154.909: Total time for which application threads were stopped: 0.0012800 seconds, Stopping threads took: 0.0000740 seconds
154.954: Application time: 0.0448940 seconds
154.954: [GC [PSYoungGen: 21117K->1952K(21504K)] 49223K->30058K(69120K), 0.0007740 secs] [Times: user=0.01 sys=0.00, real=0.00 secs] 
154.955: Total time for which application threads were stopped: 0.0009170 seconds, Stopping threads took: 0.0000760 seconds
154.998: Application time: 0.0428740 seconds
154.998: [GC [PSYoungGen: 20480K->2496K(21504K)] 48586K->31122K(69120K), 0.0011410 secs] [Times: user=0.01 sys=0.00, real=0.00 secs] 
154.999: Total time for which application threads were stopped: 0.0012920 seconds, Stopping threads took: 0.0000610 seconds
155.045: Application time: 0.0455400 seconds
155.045: [GC [PSYoungGen: 21195K->1904K(21504K)] 49821K->30530K(69120K), 0.0008090 secs] [Times: user=0.00 sys=0.00, real=0.00 secs] 
155.046: Total time for which application threads were stopped: 0.0009470 seconds, Stopping threads took: 0.0000700 seconds
155.088: Application time: 0.0421600 seconds
155.088: [GC [PSYoungGen: 20506K->2512K(21504K)] 49132K->32170K(69120K), 0.0013210 secs] [Times: user=0.01 sys=0.00, real=0.00 secs] 
155.089: Total time for which application threads were stopped: 0.0014640 seconds, Stopping threads took: 0.0000630 seconds
155.134: Application time: 0.0452750 seconds
155.135: [GC [PSYoungGen: 21213K->1904K(21504K)] 50871K->31570K(69120K), 0.0008700 secs] [Times: user=0.00 sys=0.00, real=0.00 secs] 
155.135: Total time for which application threads were stopped: 0.0010000 seconds, Stopping threads took: 0.0000600 seconds
155.178: Application time: 0.0428640 seconds
155.178: [GC [PSYoungGen: 20428K->2464K(21504K)] 50094K->32650K(69120K), 0.0011660 secs] [Times: user=0.00 sys=0.00, real=0.00 secs] 
155.180: Total time for which application threads were stopped: 0.0013970 seconds, Stopping threads took: 0.0001550 seconds
155.225: Application time: 0.0448640 seconds
155.225: [GC [PSYoungGen: 21009K->1936K(21504K)] 51195K->32122K(69120K), 0.0007930 secs] [Times: user=0.01 sys=0.00, real=0.00 secs] 
155.226: Total time for which application threads were stopped: 0.0009500 seconds, Stopping threads took: 0.0000840 seconds
155.271: Application time: 0.0453690 seconds
155.271: [GC [PSYoungGen: 20475K->1952K(21504K)] 50661K->32138K(69120K), 0.0008250 secs] [Times: user=0.01 sys=0.00, real=0.00 secs] 
155.272: Total time for which application threads were stopped: 0.0009680 seconds, Stopping threads took: 0.0000740 seconds
155.315: Application time: 0.0429650 seconds
155.315: [GC [PSYoungGen: 20480K->2448K(21504K)] 50666K->32634K(69120K), 0.0009190 secs] [Times: user=0.01 sys=0.00, real=0.00 secs] 
155.316: Total time for which application threads were stopped: 0.0010630 seconds, Stopping threads took: 0.0000770 seconds
155.362: Application time: 0.0461110 seconds
155.362: [GC [PSYoungGen: 20989K->1888K(21504K)] 51175K->32074K(69120K), 0.0007800 secs] [Times: user=0.00 sys=0.00, real=0.00 secs] 
155.363: Total time for which application threads were stopped: 0.0009150 seconds, Stopping threads took: 0.0000710 seconds
155.406: Application time: 0.0432490 seconds
155.406: [GC [PSYoungGen: 20499K->2448K(21504K)] 50685K->32634K(69120K), 0.0009920 secs] [Times: user=0.00 sys=0.00, real=0.00 secs] 
155.407: Total time for which application threads were stopped: 0.0012280 seconds, Stopping threads took: 0.0001660 seconds
155.452: Application time: 0.0446420 seconds
155.452: [GC [PSYoungGen: 20987K->1952K(21504K)] 51173K->32146K(69120K), 0.0008110 secs] [Times: user=0.01 sys=0.00, real=0.00 secs] 
155.453: Total time for which application threads were stopped: 0.0009410 seconds, Stopping threads took: 0.0000640 seconds
155.496: Application time: 0.0427380 seconds
155.496: [GC [PSYoungGen: 20561K->2464K(21504K)] 50755K->33170K(69120K), 0.0011320 secs] [Times: user=0.00 sys=0.00, real=0.01 secs] 
155.497: Total time for which application threads were stopped: 0.0012880 seconds, Stopping threads took: 0.0000780 seconds
155.543: Application time: 0.0459370 seconds
155.543: [GC [PSYoungGen: 21007K->1952K(21504K)] 51713K->32666K(69120K), 0.0008120 secs] [Times: user=0.00 sys=0.00, real=0.00 secs] 
155.544: Total time for which application threads were stopped: 0.0009620 seconds, Stopping threads took: 0.0000790 seconds
155.586: Application time: 0.0420300 seconds
155.586: [GC [PSYoungGen: 20476K->2512K(21504K)] 51190K->34250K(69120K), 0.0012710 secs] [Times: user=0.01 sys=0.00, real=0.00 secs] 
155.587: Total time for which application threads were stopped: 0.0014220 seconds, Stopping threads took: 0.0000750 seconds
155.634: Application time: 0.0467700 seconds
155.634: [GC [PSYoungGen: 21135K->1936K(21504K)] 52873K->33682K(69120K), 0.0008110 secs] [Times: user=0.01 sys=0.00, real=0.00 secs] 
155.635: Total time for which application threads were stopped: 0.0009420 seconds, Stopping threads took: 0.0000630 seconds
155.678: Application time: 0.0427340 seconds
155.678: [GC [PSYoungGen: 20536K->2496K(21504K)] 52282K->35266K(69120K), 0.0012870 secs] [Times: user=0.01 sys=0.00, real=0.00 secs] 
155.679: Total time for which application threads were stopped: 0.0014340 seconds, Stopping threads took: 0.0000720 seconds
155.726: Application time: 0.0467030 seconds
155.726: [GC [PSYoungGen: 21199K->1440K(21504K)] 53969K->34218K(69120K), 0.0006520 secs] [Times: user=0.01 sys=0.00, real=0.00 secs] 
155.727: Total time for which application threads were stopped: 0.0008000 seconds, Stopping threads took: 0.0000710 seconds
155.769: Application time: 0.0419050 seconds
155.769: [GC [PSYoungGen: 20123K->2512K(21504K)] 52901K->35810K(69120K), 0.0011160 secs] [Times: user=0.01 sys=0.00, real=0.00 secs] 
155.770: Total time for which application threads were stopped: 0.0012580 seconds, Stopping threads took: 0.0000630 seconds
155.817: Application time: 0.0465930 seconds
155.817: [GC [PSYoungGen: 21055K->1952K(21504K)] 54353K->35258K(69120K), 0.0008470 secs] [Times: user=0.01 sys=0.00, real=0.00 secs] 
155.818: Total time for which application threads were stopped: 0.0009900 seconds, Stopping threads took: 0.0000750 seconds
155.859: Application time: 0.0419740 seconds
155.860: [GC [PSYoungGen: 20478K->2448K(21504K)] 53784K->36266K(69120K), 0.0011300 secs] [Times: user=0.01 sys=0.00, real=0.00 secs] 
155.861: Total time for which application threads were stopped: 0.0012750 seconds, Stopping threads took: 0.0000720 seconds
155.907: Application time: 0.0465120 seconds
155.907: [GC [PSYoungGen: 20987K->1904K(21504K)] 54805K->35722K(69120K), 0.0008210 secs] [Times: user=0.00 sys=0.00, real=0.00 secs] 
155.908: Total time for which application threads were stopped: 0.0009850 seconds, Stopping threads took: 0.0000960 seconds
155.952: Application time: 0.0440620 seconds
155.952: [GC [PSYoungGen: 20442K->1936K(21504K)] 54261K->35754K(69120K), 0.0008120 secs] [Times: user=0.01 sys=0.00, real=0.00 secs] 
155.953: Total time for which application threads were stopped: 0.0009360 seconds, Stopping threads took: 0.0000540 seconds
155.998: Application time: 0.0445370 seconds
155.998: [GC [PSYoungGen: 20472K->1392K(21504K)] 54291K->35210K(69120K), 0.0006850 secs] [Times: user=0.01 sys=0.00, real=0.00 secs] 
155.999: Total time for which application threads were stopped: 0.0008230 seconds, Stopping threads took: 0.0000690 seconds
156.042: Application time: 0.0436530 seconds
156.042: [GC [PSYoungGen: 19912K->2416K(21504K)] 53730K->37258K(69120K), 0.0013310 secs] [Times: user=0.01 sys=0.00, real=0.00 secs] 
156.044: Total time for which application threads were stopped: 0.0014750 seconds, Stopping threads took: 0.0000700 seconds
156.089: Application time: 0.0451460 seconds
156.089: [GC [PSYoungGen: 21041K->1408K(21504K)] 55883K->36258K(69120K), 0.0006600 secs] [Times: user=0.00 sys=0.00, real=0.00 secs] 
156.090: Total time for which application threads were stopped: 0.0007990 seconds, Stopping threads took: 0.0000670 seconds
156.134: Application time: 0.0439070 seconds
156.134: [GC [PSYoungGen: 19928K->2496K(21504K)] 54778K->38370K(69120K), 0.0012870 secs] [Times: user=0.01 sys=0.00, real=0.00 secs] 
156.135: Total time for which application threads were stopped: 0.0014320 seconds, Stopping threads took: 0.0000740 seconds
156.180: Application time: 0.0449320 seconds
156.180: [GC [PSYoungGen: 21121K->1376K(21504K)] 56995K->37266K(69120K), 0.0006630 secs] [Times: user=0.01 sys=0.00, real=0.00 secs] 
156.181: Total time for which application threads were stopped: 0.0008120 seconds, Stopping threads took: 0.0000810 seconds
156.226: Application time: 0.0450150 seconds
156.226: [GC [PSYoungGen: 19910K->1440K(21504K)] 55801K->37330K(69120K), 0.0006630 secs] [Times: user=0.00 sys=0.00, real=0.00 secs] 
156.227: Total time for which application threads were stopped: 0.0008260 seconds, Stopping threads took: 0.0000900 seconds
156.270: Application time: 0.0437440 seconds
156.271: [GC [PSYoungGen: 20042K->2448K(21504K)] 55933K->38338K(69120K), 0.0009650 secs] [Times: user=0.01 sys=0.00, real=0.00 secs] 
156.272: Total time for which application threads were stopped: 0.0011700 seconds, Stopping threads took: 0.0001300 seconds
156.317: Application time: 0.0453380 seconds
156.317: [GC [PSYoungGen: 20993K->1408K(21504K)] 56883K->37306K(69120K), 0.0006730 secs] [Times: user=0.00 sys=0.00, real=0.00 secs] 
156.318: Total time for which application threads were stopped: 0.0008030 seconds, Stopping threads took: 0.0000650 seconds
156.361: Application time: 0.0432930 seconds
156.361: [GC [PSYoungGen: 20171K->2464K(21504K)] 56069K->38882K(69120K), 0.0011220 secs] [Times: user=0.01 sys=0.00, real=0.00 secs] 
156.362: Total time for which application threads were stopped: 0.0012750 seconds, Stopping threads took: 0.0000770 seconds
156.408: Application time: 0.0454530 seconds
156.408: [GC [PSYoungGen: 21159K->1904K(21504K)] 57577K->38330K(69120K), 0.0008010 secs] [Times: user=0.00 sys=0.00, real=0.00 secs] 
156.409: Total time for which application threads were stopped: 0.0009950 seconds, Stopping threads took: 0.0001280 seconds
156.453: Application time: 0.0441890 seconds
156.453: [GC [PSYoungGen: 20440K->2496K(21504K)] 56867K->38930K(69120K), 0.0009690 secs] [Times: user=0.00 sys=0.00, real=0.00 secs] 
156.454: Total time for which application threads were stopped: 0.0011120 seconds, Stopping threads took: 0.0000710 seconds
156.498: Application time: 0.0439960 seconds
156.498: [GC [PSYoungGen: 21032K->1936K(21504K)] 57467K->38370K(69120K), 0.0008080 secs] [Times: user=0.01 sys=0.00, real=0.00 secs] 
156.499: Total time for which application threads were stopped: 0.0009590 seconds, Stopping threads took: 0.0000840 seconds
156.543: Application time: 0.0442880 seconds
156.543: [GC [PSYoungGen: 20472K->2480K(21504K)] 56907K->38914K(69120K), 0.0009840 secs] [Times: user=0.01 sys=0.00, real=0.01 secs] 
156.544: Total time for which application threads were stopped: 0.0011300 seconds, Stopping threads took: 0.0000720 seconds
156.589: Application time: 0.0444180 seconds
156.589: [GC [PSYoungGen: 21016K->2480K(21504K)] 57451K->38914K(69120K), 0.0009780 secs] [Times: user=0.00 sys=0.00, real=0.00 secs] 
156.590: Total time for which application threads were stopped: 0.0011050 seconds, Stopping threads took: 0.0000560 seconds
156.635: Application time: 0.0451750 seconds
156.635: [GC [PSYoungGen: 21023K->1344K(21504K)] 57457K->37778K(69120K), 0.0007040 secs] [Times: user=0.01 sys=0.00, real=0.00 secs] 
156.636: Total time for which application threads were stopped: 0.0008390 seconds, Stopping threads took: 0.0000670 seconds
156.680: Application time: 0.0442700 seconds
156.680: [GC [PSYoungGen: 19872K->1920K(21504K)] 56306K->38354K(69120K), 0.0008080 secs] [Times: user=0.01 sys=0.00, real=0.00 secs] 
156.681: Total time for which application threads were stopped: 0.0009450 seconds, Stopping threads took: 0.0000690 seconds
156.724: Application time: 0.0429450 seconds
156.724: [GC [PSYoungGen: 20535K->2448K(21504K)] 56969K->38882K(69120K), 0.0009730 secs] [Times: user=0.00 sys=0.00, real=0.00 secs] 
156.725: Total time for which application threads were stopped: 0.0011120 seconds, Stopping threads took: 0.0000690 seconds
156.771: Application time: 0.0454770 seconds
156.771: [GC [PSYoungGen: 20991K->1376K(21504K)] 57425K->37818K(69120K), 0.0006670 secs] [Times: user=0.00 sys=0.00, real=0.00 secs] 
156.772: Total time for which application threads were stopped: 0.0008700 seconds, Stopping threads took: 0.0001320 seconds
156.814: Application time: 0.0427910 seconds
156.815: [GC [PSYoungGen: 19983K->2432K(21504K)] 56425K->38874K(69120K), 0.0009780 secs] [Times: user=0.00 sys=0.00, real=0.00 secs] 
156.816: Total time for which application threads were stopped: 0.0011310 seconds, Stopping threads took: 0.0000720 seconds
156.859: Application time: 0.0435980 seconds
156.859: [GC [PSYoungGen: 20968K->2480K(21504K)] 57411K->38930K(69120K), 0.0009870 secs] [Times: user=0.00 sys=0.01, real=0.00 secs] 
156.860: Total time for which application threads were stopped: 0.0011370 seconds, Stopping threads took: 0.0000780 seconds
156.906: Application time: 0.0457190 seconds
156.906: [GC [PSYoungGen: 21101K->1440K(21504K)] 57551K->37890K(69120K), 0.0007620 secs] [Times: user=0.00 sys=0.00, real=0.00 secs] 
156.907: Total time for which application threads were stopped: 0.0008990 seconds, Stopping threads took: 0.0000660 seconds
156.949: Application time: 0.0420970 seconds
156.949: [GC [PSYoungGen: 19964K->2512K(21504K)] 56414K->39482K(69120K), 0.0011240 secs] [Times: user=0.01 sys=0.00, real=0.00 secs] 
156.950: Total time for which application threads were stopped: 0.0012760 seconds, Stopping threads took: 0.0000820 seconds
156.996: Application time: 0.0452690 seconds
156.996: [GC [PSYoungGen: 21292K->1392K(21504K)] 58262K->38362K(69120K), 0.0007000 secs] [Times: user=0.00 sys=0.00, real=0.01 secs] 
156.996: Total time for which application threads were stopped: 0.0008320 seconds, Stopping threads took: 0.0000620 seconds
157.040: Application time: 0.0435520 seconds
157.040: [GC [PSYoungGen: 20081K->2480K(21504K)] 57051K->39466K(69120K), 0.0009550 secs] [Times: user=0.01 sys=0.01, real=0.00 secs] 
157.041: Total time for which application threads were stopped: 0.0010900 seconds, Stopping threads took: 0.0000600 seconds
157.086: Application time: 0.0446510 seconds
157.086: [GC [PSYoungGen: 21014K->1920K(21504K)] 58001K->38914K(69120K), 0.0008330 secs] [Times: user=0.01 sys=0.00, real=0.00 secs] 
157.087: Total time for which application threads were stopped: 0.0009890 seconds, Stopping threads took: 0.0000860 seconds
157.130: Application time: 0.0437310 seconds
157.130: [GC [PSYoungGen: 20456K->2464K(21504K)] 57451K->39458K(69120K), 0.0009490 secs] [Times: user=0.00 sys=0.00, real=0.00 secs] 
157.131: Total time for which application threads were stopped: 0.0010860 seconds, Stopping threads took: 0.0000670 seconds
157.176: Application time: 0.0445740 seconds
157.176: [GC [PSYoungGen: 21005K->1952K(21504K)] 57999K->38946K(69120K), 0.0008350 secs] [Times: user=0.01 sys=0.00, real=0.00 secs] 
157.177: Total time for which application threads were stopped: 0.0009920 seconds, Stopping threads took: 0.0000850 seconds
157.220: Application time: 0.0426860 seconds
157.220: [GC [PSYoungGen: 20480K->2496K(21504K)] 57474K->40002K(69120K), 0.0011480 secs] [Times: user=0.00 sys=0.00, real=0.00 secs] 
157.221: Total time for which application threads were stopped: 0.0012890 seconds, Stopping threads took: 0.0000680 seconds
157.267: Application time: 0.0462410 seconds
157.267: [GC [PSYoungGen: 21041K->1408K(21504K)] 58547K->38914K(69120K), 0.0006910 secs] [Times: user=0.00 sys=0.00, real=0.00 secs] 
157.268: Total time for which application threads were stopped: 0.0008290 seconds, Stopping threads took: 0.0000680 seconds
157.311: Application time: 0.0432880 seconds
157.311: [GC [PSYoungGen: 19932K->2464K(21504K)] 57438K->40482K(69120K), 0.0011440 secs] [Times: user=0.00 sys=0.00, real=0.00 secs] 
157.313: Total time for which application threads were stopped: 0.0012940 seconds, Stopping threads took: 0.0000770 seconds
157.357: Application time: 0.0448330 seconds
157.358: [GC [PSYoungGen: 21085K->1952K(21504K)] 59103K->39970K(69120K), 0.0008630 secs] [Times: user=0.01 sys=0.00, real=0.00 secs] 
157.359: Total time for which application threads were stopped: 0.0010110 seconds, Stopping threads took: 0.0000720 seconds
157.402: Application time: 0.0430550 seconds
157.402: [GC [PSYoungGen: 20480K->2480K(21504K)] 58498K->41018K(69120K), 0.0011410 secs] [Times: user=0.01 sys=0.00, real=0.00 secs] 
157.403: Total time for which application threads were stopped: 0.0012930 seconds, Stopping threads took: 0.0000770 seconds
157.448: Application time: 0.0447530 seconds
157.448: [GC [PSYoungGen: 21015K->2480K(21504K)] 59553K->41018K(69120K), 0.0009790 secs] [Times: user=0.00 sys=0.00, real=0.00 secs] 
157.449: Total time for which application threads were stopped: 0.0011800 seconds, Stopping threads took: 0.0001210 seconds
157.494: Application time: 0.0447450 seconds
157.494: [GC [PSYoungGen: 21101K->1952K(21504K)] 59639K->40498K(69120K), 0.0007920 secs] [Times: user=0.00 sys=0.00, real=0.00 secs] 
157.494: Total time for which application threads were stopped: 0.0009280 seconds, Stopping threads took: 0.0000670 seconds
157.539: Application time: 0.0443560 seconds
157.539: [GC [PSYoungGen: 20567K->1408K(21504K)] 59113K->39954K(69120K), 0.0006490 secs] [Times: user=0.00 sys=0.00, real=0.00 secs] 
157.540: Total time for which application threads were stopped: 0.0008180 seconds, Stopping threads took: 0.0001070 seconds
157.584: Application time: 0.0445220 seconds
157.584: [GC [PSYoungGen: 19946K->1360K(21504K)] 58493K->39914K(69120K), 0.0006820 secs] [Times: user=0.00 sys=0.00, real=0.00 secs] 
157.585: Total time for which application threads were stopped: 0.0008190 seconds, Stopping threads took: 0.0000700 seconds
157.630: Application time: 0.0445940 seconds
157.630: [GC [PSYoungGen: 20131K->1376K(21504K)] 58685K->39930K(69120K), 0.0007410 secs] [Times: user=0.00 sys=0.00, real=0.00 secs] 
157.630: Total time for which application threads were stopped: 0.0008910 seconds, Stopping threads took: 0.0000850 seconds
157.672: Application time: 0.0418900 seconds
157.672: [GC [PSYoungGen: 20061K->2496K(21504K)] 58615K->41058K(69120K), 0.0009500 secs] [Times: user=0.00 sys=0.00, real=0.00 secs] 
157.673: Total time for which application threads were stopped: 0.0010920 seconds, Stopping threads took: 0.0000720 seconds
157.721: Application time: 0.0470700 seconds
157.721: [GC [PSYoungGen: 21039K->1424K(21504K)] 59601K->39994K(69120K), 0.0006680 secs] [Times: user=0.00 sys=0.00, real=0.00 secs] 
157.721: Total time for which application threads were stopped: 0.0008000 seconds, Stopping threads took: 0.0000690 seconds
157.764: Application time: 0.0430500 seconds
157.765: [GC [PSYoungGen: 19952K->2480K(21504K)] 58522K->41050K(69120K), 0.0009830 secs] [Times: user=0.00 sys=0.00, real=0.00 secs] 
157.766: Total time for which application threads were stopped: 0.0011230 seconds, Stopping threads took: 0.0000710 seconds
157.811: Application time: 0.0450610 seconds
157.811: [GC [PSYoungGen: 21025K->880K(21504K)] 59595K->39450K(69120K), 0.0005480 secs] [Times: user=0.00 sys=0.00, real=0.00 secs] 
157.811: Total time for which application threads were stopped: 0.0006950 seconds, Stopping threads took: 0.0000820 seconds
157.854: Application time: 0.0423440 seconds
157.854: [GC [PSYoungGen: 19404K->2480K(21504K)] 57974K->41050K(69120K), 0.0009840 secs] [Times: user=0.01 sys=0.00, real=0.00 secs] 
157.855: Total time for which application threads were stopped: 0.0011340 seconds, Stopping threads took: 0.0000760 seconds
157.900: Application time: 0.0453740 seconds
157.900: [GC [PSYoungGen: 21021K->1904K(21504K)] 59591K->40474K(69120K), 0.0008210 secs] [Times: user=0.00 sys=0.00, real=0.00 secs] 
157.901: Total time for which application threads were stopped: 0.0009690 seconds, Stopping threads took: 0.0000690 seconds
157.943: Application time: 0.0419640 seconds
157.943: [GC [PSYoungGen: 20432K->2496K(21504K)] 59002K->41578K(69120K), 0.0011730 secs] [Times: user=0.01 sys=0.00, real=0.01 secs] 
157.944: Total time for which application threads were stopped: 0.0013520 seconds, Stopping threads took: 0.0001040 seconds
157.991: Application time: 0.0463220 seconds
157.991: [GC [PSYoungGen: 21117K->1920K(21504K)] 60199K->41002K(69120K), 0.0008030 secs] [Times: user=0.00 sys=0.00, real=0.00 secs] 
157.992: Total time for which application threads were stopped: 0.0009360 seconds, Stopping threads took: 0.0000690 seconds
158.035: Application time: 0.0434200 seconds
158.035: [GC [PSYoungGen: 20456K->1952K(21504K)] 59539K->41042K(69120K), 0.0008220 secs] [Times: user=0.00 sys=0.00, real=0.01 secs] 
158.036: Total time for which application threads were stopped: 0.0010010 seconds, Stopping threads took: 0.0001110 seconds
158.080: Application time: 0.0433910 seconds
158.080: [GC [PSYoungGen: 20476K->2448K(21504K)] 59566K->42562K(69120K), 0.0013890 secs] [Times: user=0.01 sys=0.00, real=0.00 secs] 
158.081: Total time for which application threads were stopped: 0.0015400 seconds, Stopping threads took: 0.0000760 seconds
158.127: Application time: 0.0460470 seconds
158.127: [GC [PSYoungGen: 21071K->1888K(21504K)] 61185K->42002K(69120K), 0.0008020 secs] [Times: user=0.00 sys=0.00, real=0.00 secs] 
158.128: Total time for which application threads were stopped: 0.0009400 seconds, Stopping threads took: 0.0000640 seconds
158.169: Application time: 0.0413940 seconds
158.170: [GC [PSYoungGen: 20490K->2512K(21504K)] 60605K->43658K(69120K), 0.0012940 secs] [Times: user=0.01 sys=0.00, real=0.00 secs] 
158.171: Total time for which application threads were stopped: 0.0014690 seconds, Stopping threads took: 0.0001000 seconds
158.218: Application time: 0.0467060 seconds
158.218: [GC [PSYoungGen: 21057K->1952K(21504K)] 62203K->43106K(69120K), 0.0008240 secs] [Times: user=0.00 sys=0.00, real=0.00 secs] 
158.219: Total time for which application threads were stopped: 0.0009600 seconds, Stopping threads took: 0.0000700 seconds
158.265: Application time: 0.0461890 seconds
158.265: [GC [PSYoungGen: 20727K->832K(21504K)] 61882K->41986K(69120K), 0.0005320 secs] [Times: user=0.00 sys=0.00, real=0.00 secs] 
158.266: Total time for which application threads were stopped: 0.0007420 seconds, Stopping threads took: 0.0001460 seconds
158.308: Application time: 0.0423690 seconds
158.308: [GC [PSYoungGen: 19517K->2496K(21504K)] 60671K->43658K(69120K), 0.0010230 secs] [Times: user=0.00 sys=0.01, real=0.00 secs] 
158.309: Total time for which application threads were stopped: 0.0011600 seconds, Stopping threads took: 0.0000650 seconds
158.354: Application time: 0.0448070 seconds
158.354: [GC [PSYoungGen: 21035K->1920K(21504K)] 62197K->43090K(69120K), 0.0008220 secs] [Times: user=0.00 sys=0.00, real=0.00 secs] 
158.355: Total time for which application threads were stopped: 0.0009640 seconds, Stopping threads took: 0.0000750 seconds
158.399: Application time: 0.0441720 seconds
158.399: [GC [PSYoungGen: 20456K->1920K(21504K)] 61627K->43090K(69120K), 0.0008500 secs] [Times: user=0.00 sys=0.00, real=0.00 secs] 
158.400: Total time for which application threads were stopped: 0.0009900 seconds, Stopping threads took: 0.0000760 seconds
158.445: Application time: 0.0449130 seconds
158.445: [GC [PSYoungGen: 20458K->1376K(21504K)] 61629K->42546K(69120K), 0.0006580 secs] [Times: user=0.01 sys=0.00, real=0.00 secs] 
158.446: Total time for which application threads were stopped: 0.0007820 seconds, Stopping threads took: 0.0000530 seconds
158.489: Application time: 0.0435660 seconds
158.489: [GC [PSYoungGen: 19904K->2496K(21504K)] 61075K->43666K(69120K), 0.0009400 secs] [Times: user=0.00 sys=0.00, real=0.00 secs] 
158.490: Total time for which application threads were stopped: 0.0010790 seconds, Stopping threads took: 0.0000660 seconds
158.535: Application time: 0.0442970 seconds
158.535: [GC [PSYoungGen: 21037K->1968K(21504K)] 62207K->43138K(69120K), 0.0008130 secs] [Times: user=0.00 sys=0.00, real=0.00 secs] 
158.536: Total time for which application threads were stopped: 0.0009420 seconds, Stopping threads took: 0.0000570 seconds
158.579: Application time: 0.0433230 seconds
158.579: [GC [PSYoungGen: 20500K->2496K(21504K)] 61671K->43666K(69120K), 0.0009820 secs] [Times: user=0.00 sys=0.00, real=0.00 secs] 
158.580: Total time for which application threads were stopped: 0.0011330 seconds, Stopping threads took: 0.0000750 seconds
158.626: Application time: 0.0456370 seconds
158.626: [GC [PSYoungGen: 21035K->1936K(21504K)] 62205K->43106K(69120K), 0.0008310 secs] [Times: user=0.00 sys=0.00, real=0.00 secs] 
158.627: Total time for which application threads were stopped: 0.0009650 seconds, Stopping threads took: 0.0000670 seconds
158.670: Application time: 0.0429490 seconds
158.670: [GC [PSYoungGen: 20549K->2480K(21504K)] 61719K->43658K(69120K), 0.0009820 secs] [Times: user=0.00 sys=0.00, real=0.00 secs] 
158.671: Total time for which application threads were stopped: 0.0011320 seconds, Stopping threads took: 0.0000710 seconds
158.715: Application time: 0.0446960 seconds
158.716: [GC [PSYoungGen: 21021K->1440K(21504K)] 62199K->42618K(69120K), 0.0006800 secs] [Times: user=0.00 sys=0.00, real=0.01 secs] 
158.716: Total time for which application threads were stopped: 0.0008210 seconds, Stopping threads took: 0.0000730 seconds
158.760: Application time: 0.0439850 seconds
158.760: [GC [PSYoungGen: 19968K->1920K(21504K)] 61147K->43098K(69120K), 0.0008260 secs] [Times: user=0.00 sys=0.00, real=0.00 secs] 
158.761: Total time for which application threads were stopped: 0.0010190 seconds, Stopping threads took: 0.0001240 seconds
158.806: Application time: 0.0442710 seconds
158.806: [GC [PSYoungGen: 20539K->1936K(21504K)] 61717K->43122K(69120K), 0.0008540 secs] [Times: user=0.00 sys=0.00, real=0.00 secs] 
158.807: Total time for which application threads were stopped: 0.0018140 seconds, Stopping threads took: 0.0002000 seconds
158.852: Application time: 0.0441770 seconds
158.852: [GC [PSYoungGen: 20545K->2528K(21504K)] 61731K->44234K(69120K), 0.0011870 secs] [Times: user=0.00 sys=0.00, real=0.00 secs] 
158.853: Total time for which application threads were stopped: 0.0013580 seconds, Stopping threads took: 0.0000950 seconds
158.898: Application time: 0.0452120 seconds
158.898: [GC [PSYoungGen: 21305K->1936K(21504K)] 63012K->43642K(69120K), 0.0007820 secs] [Times: user=0.00 sys=0.00, real=0.00 secs] 
158.899: Total time for which application threads were stopped: 0.0009160 seconds, Stopping threads took: 0.0000710 seconds
158.943: Application time: 0.0434970 seconds
158.943: [GC [PSYoungGen: 20468K->2464K(21504K)] 62175K->44178K(69120K), 0.0009750 secs] [Times: user=0.00 sys=0.00, real=0.00 secs] 
158.944: Total time for which application threads were stopped: 0.0011150 seconds, Stopping threads took: 0.0000690 seconds
158.988: Application time: 0.0448100 seconds
158.989: [GC [PSYoungGen: 21161K->1984K(21504K)] 62876K->43714K(69120K), 0.0008320 secs] [Times: user=0.01 sys=0.00, real=0.00 secs] 
158.989: Total time for which application threads were stopped: 0.0009760 seconds, Stopping threads took: 0.0000650 seconds
159.034: Application time: 0.0442040 seconds
159.034: [GC [PSYoungGen: 20516K->2480K(21504K)] 62247K->44210K(69120K), 0.0010270 secs] [Times: user=0.00 sys=0.00, real=0.00 secs] 
159.035: Total time for which application threads were stopped: 0.0011740 seconds, Stopping threads took: 0.0000750 seconds
159.079: Application time: 0.0440840 seconds
159.079: [GC [PSYoungGen: 21018K->1920K(21504K)] 62749K->43650K(69120K), 0.0008650 secs] [Times: user=0.00 sys=0.00, real=0.00 secs] 
159.080: Total time for which application threads were stopped: 0.0010780 seconds, Stopping threads took: 0.0001410 seconds
159.124: Application time: 0.0442860 seconds
159.124: [GC [PSYoungGen: 20458K->1376K(21504K)] 62189K->43106K(69120K), 0.0006590 secs] [Times: user=0.00 sys=0.00, real=0.00 secs] 
159.125: Total time for which application threads were stopped: 0.0007830 seconds, Stopping threads took: 0.0000610 seconds
159.168: Application time: 0.0425690 seconds
159.168: [GC [PSYoungGen: 19894K->2512K(21504K)] 61624K->45266K(69120K), 0.0013150 secs] [Times: user=0.01 sys=0.00, real=0.00 secs] 
159.169: Total time for which application threads were stopped: 0.0014680 seconds, Stopping threads took: 0.0000720 seconds
159.215: Application time: 0.0463370 seconds
159.216: [GC [PSYoungGen: 21059K->1408K(21504K)] 63813K->44162K(69120K), 0.0006750 secs] [Times: user=0.00 sys=0.00, real=0.01 secs] 
159.216: Total time for which application threads were stopped: 0.0008070 seconds, Stopping threads took: 0.0000640 seconds
159.258: Application time: 0.0422610 seconds
159.259: [GC [PSYoungGen: 19928K->2416K(21504K)] 62682K->46194K(69120K), 0.0013700 secs] [Times: user=0.01 sys=0.00, real=0.00 secs] 
159.260: Total time for which application threads were stopped: 0.0015470 seconds, Stopping threads took: 0.0000920 seconds
159.307: Application time: 0.0465950 seconds
159.307: [GC [PSYoungGen: 21041K->1376K(21504K)] 64820K->45154K(69120K), 0.0006630 secs] [Times: user=0.00 sys=0.00, real=0.00 secs] 
159.307: Total time for which application threads were stopped: 0.0008030 seconds, Stopping threads took: 0.0000720 seconds
159.349: Application time: 0.0418050 seconds
159.349: [GC [PSYoungGen: 19896K->2528K(21504K)] 63674K->46826K(69120K), 0.0011420 secs] [Times: user=0.00 sys=0.00, real=0.00 secs] 
159.351: Total time for which application threads were stopped: 0.0013480 seconds, Stopping threads took: 0.0001310 seconds
159.396: Application time: 0.0458140 seconds
159.397: [GC [PSYoungGen: 21073K->2000K(21504K)] 65371K->46298K(69120K), 0.0008080 secs] [Times: user=0.01 sys=0.00, real=0.00 secs] 
159.397: Total time for which application threads were stopped: 0.0009360 seconds, Stopping threads took: 0.0000610 seconds
159.443: Application time: 0.0455610 seconds
159.443: [GC [PSYoungGen: 20538K->1392K(21504K)] 64837K->45690K(69120K), 0.0006840 secs] [Times: user=0.01 sys=0.00, real=0.00 secs] 
159.444: Total time for which application threads were stopped: 0.0008080 seconds, Stopping threads took: 0.0000630 seconds
159.487: Application time: 0.0430710 seconds
159.487: [GC [PSYoungGen: 20077K->2352K(21504K)] 64375K->46666K(69120K), 0.0009950 secs] [Times: user=0.00 sys=0.00, real=0.00 secs] 
159.488: Total time for which application threads were stopped: 0.0011290 seconds, Stopping threads took: 0.0000630 seconds
159.532: Application time: 0.0440080 seconds
159.532: [GC [PSYoungGen: 21041K->2480K(21504K)] 65355K->47314K(69120K), 0.0011560 secs] [Times: user=0.00 sys=0.00, real=0.00 secs] 
159.533: Total time for which application threads were stopped: 0.0013120 seconds, Stopping threads took: 0.0000730 seconds
159.579: Application time: 0.0457180 seconds
159.579: [GC [PSYoungGen: 21099K->1920K(21504K)] 65933K->46762K(69120K), 0.0008200 secs] [Times: user=0.01 sys=0.00, real=0.00 secs] 
159.580: Total time for which application threads were stopped: 0.0009490 seconds, Stopping threads took: 0.0000650 seconds
159.621: Application time: 0.0408570 seconds
159.621: [GC [PSYoungGen: 20609K->2368K(21504K)] 65451K->47722K(69120K), 0.0012090 secs] [Times: user=0.00 sys=0.00, real=0.00 secs] 
159.622: Total time for which application threads were stopped: 0.0014530 seconds, Stopping threads took: 0.0001660 seconds
159.670: Application time: 0.0474780 seconds
159.670: [GC [PSYoungGen: 20913K->1376K(21504K)] 66267K->46746K(69120K), 0.0006680 secs] [Times: user=0.01 sys=0.00, real=0.00 secs] 
159.671: Total time for which application threads were stopped: 0.0008090 seconds, Stopping threads took: 0.0000710 seconds
159.714: Application time: 0.0434110 seconds
159.714: [GC [PSYoungGen: 19904K->2480K(21504K)] 65275K->47850K(69120K), 0.0010070 secs] [Times: user=0.01 sys=0.00, real=0.00 secs] 
159.715: Total time for which application threads were stopped: 0.0011470 seconds, Stopping threads took: 0.0000660 seconds
159.760: Application time: 0.0444640 seconds
159.760: [GC [PSYoungGen: 21016K->2480K(21504K)] 66387K->47850K(69120K), 0.0009530 secs] [Times: user=0.01 sys=0.00, real=0.00 secs] 
159.761: Total time for which application threads were stopped: 0.0010960 seconds, Stopping threads took: 0.0000720 seconds
159.805: Application time: 0.0447960 seconds
159.806: [GC [PSYoungGen: 21021K->1376K(21504K)] 66391K->46746K(69120K), 0.0006750 secs] [Times: user=0.01 sys=0.00, real=0.00 secs] 
159.806: Total time for which application threads were stopped: 0.0008120 seconds, Stopping threads took: 0.0000680 seconds
159.849: Application time: 0.0430750 seconds
159.849: [GC [PSYoungGen: 19900K->2464K(21504K)] 65271K->48346K(69120K), 0.0011150 secs] [Times: user=0.01 sys=0.00, real=0.00 secs] 
159.851: Total time for which application threads were stopped: 0.0012600 seconds, Stopping threads took: 0.0000750 seconds
159.896: Application time: 0.0450390 seconds
159.896: [GC [PSYoungGen: 21007K->1920K(21504K)] 66889K->47802K(69120K), 0.0008080 secs] [Times: user=0.00 sys=0.00, real=0.01 secs] 
159.897: Total time for which application threads were stopped: 0.0009450 seconds, Stopping threads took: 0.0000650 seconds
159.940: Application time: 0.0431020 seconds
159.940: [GC [PSYoungGen: 20526K->2448K(21504K)] 66409K->48330K(69120K), 0.0009520 secs] [Times: user=0.01 sys=0.00, real=0.00 secs] 
159.941: Total time for which application threads were stopped: 0.0011240 seconds, Stopping threads took: 0.0001020 seconds
159.987: Application time: 0.0458640 seconds
159.987: [GC [PSYoungGen: 20993K->1392K(21504K)] 66875K->47290K(69120K), 0.0006950 secs] [Times: user=0.00 sys=0.00, real=0.00 secs] 
159.988: Total time for which application threads were stopped: 0.0008240 seconds, Stopping threads took: 0.0000630 seconds
160.031: Application time: 0.0439170 seconds
160.032: [GC [PSYoungGen: 19920K->2464K(21504K)] 65819K->48362K(69120K), 0.0010010 secs] [Times: user=0.01 sys=0.00, real=0.00 secs] 
160.033: Total time for which application threads were stopped: 0.0011500 seconds, Stopping threads took: 0.0000810 seconds
160.077: Application time: 0.0445250 seconds
160.077: [GC [PSYoungGen: 21005K->1952K(21504K)] 66903K->47850K(69120K), 0.0008160 secs] [Times: user=0.00 sys=0.00, real=0.00 secs] 
160.078: Total time for which application threads were stopped: 0.0009620 seconds, Stopping threads took: 0.0000640 seconds
160.121: Application time: 0.0433190 seconds
160.122: [GC [PSYoungGen: 20641K->2448K(21504K)] 66539K->48346K(69120K), 0.0011020 secs] [Times: user=0.00 sys=0.00, real=0.00 secs] 
160.123: Total time for which application threads were stopped: 0.0012620 seconds, Stopping threads took: 0.0000890 seconds
160.168: Application time: 0.0448640 seconds
160.168: [GC [PSYoungGen: 21067K->1904K(21504K)] 66965K->47810K(69120K), 0.0008300 secs] [Times: user=0.01 sys=0.00, real=0.00 secs] 
160.168: Total time for which application threads were stopped: 0.0009720 seconds, Stopping threads took: 0.0000730 seconds
160.211: Application time: 0.0422200 seconds
160.211: [GC [PSYoungGen: 20591K->2496K(21504K)] 66497K->48922K(69120K), 0.0011250 secs] [Times: user=0.01 sys=0.00, real=0.00 secs] 
160.212: Total time for which application threads were stopped: 0.0012700 seconds, Stopping threads took: 0.0000720 seconds
160.258: Application time: 0.0463040 seconds
160.258: [GC [PSYoungGen: 21191K->2480K(21504K)] 67618K->48914K(69120K), 0.0009610 secs] [Times: user=0.01 sys=0.00, real=0.00 secs] 
160.259: Total time for which application threads were stopped: 0.0011000 seconds, Stopping threads took: 0.0000660 seconds
160.304: Application time: 0.0442130 seconds
160.304: [GC [PSYoungGen: 21019K->1920K(21504K)] 67453K->48362K(69120K), 0.0008430 secs] [Times: user=0.01 sys=0.00, real=0.01 secs] 
160.305: Total time for which application threads were stopped: 0.0010000 seconds, Stopping threads took: 0.0000850 seconds
160.348: Application time: 0.0430910 seconds
160.348: [GC [PSYoungGen: 20446K->2496K(21504K)] 66889K->49450K(69120K), 0.0011970 secs] [Times: user=0.01 sys=0.00, real=0.00 secs] 
160.349: [Full GC [PSYoungGen: 2496K->0K(21504K)] [ParOldGen: 46954K->9454K(47616K)] 49450K->9454K(69120K) [PSPermGen: 5179K->5179K(21504K)], 0.0047460 secs] [Times: user=0.01 sys=0.00, real=0.00 secs] 
160.354: Total time for which application threads were stopped: 0.0061660 seconds, Stopping threads took: 0.0000950 seconds
160.401: Application time: 0.0467350 seconds
160.401: [GC [PSYoungGen: 18545K->1248K(21504K)] 28000K->10702K(69120K), 0.0005860 secs] [Times: user=0.00 sys=0.00, real=0.00 secs] 
160.401: Total time for which application threads were stopped: 0.0007100 seconds, Stopping threads took: 0.0000610 seconds
160.444: Application time: 0.0424050 seconds
160.444: [GC [PSYoungGen: 19768K->2272K(21504K)] 29223K->12238K(69120K), 0.0010240 secs] [Times: user=0.00 sys=0.00, real=0.01 secs] 
160.445: Total time for which application threads were stopped: 0.0011790 seconds, Stopping threads took: 0.0000840 seconds
160.492: Application time: 0.0469320 seconds
160.492: [GC [PSYoungGen: 20819K->1248K(21504K)] 30786K->11214K(69120K), 0.0005610 secs] [Times: user=0.00 sys=0.00, real=0.00 secs] 
160.493: Total time for which application threads were stopped: 0.0007060 seconds, Stopping threads took: 0.0000710 seconds
160.534: Application time: 0.0419010 seconds
160.535: [GC [PSYoungGen: 19772K->2304K(21504K)] 29739K->12782K(69120K), 0.0009750 secs] [Times: user=0.00 sys=0.00, real=0.00 secs] 
160.536: Total time for which application threads were stopped: 0.0011190 seconds, Stopping threads took: 0.0000730 seconds
160.581: Application time: 0.0457070 seconds
160.581: [GC [PSYoungGen: 20925K->1792K(21504K)] 31404K->12270K(69120K), 0.0006860 secs] [Times: user=0.00 sys=0.00, real=0.00 secs] 
160.582: Total time for which application threads were stopped: 0.0008340 seconds, Stopping threads took: 0.0000700 seconds
160.627: Application time: 0.0445860 seconds
160.627: [GC [PSYoungGen: 20326K->1792K(21504K)] 30805K->12270K(69120K), 0.0007320 secs] [Times: user=0.00 sys=0.00, real=0.00 secs] 
160.628: Total time for which application threads were stopped: 0.0008880 seconds, Stopping threads took: 0.0000900 seconds
160.671: Application time: 0.0432820 seconds
160.671: [GC [PSYoungGen: 20320K->2304K(21504K)] 30799K->13294K(69120K), 0.0010080 secs] [Times: user=0.00 sys=0.00, real=0.00 secs] 
160.672: Total time for which application threads were stopped: 0.0011600 seconds, Stopping threads took: 0.0000730 seconds
160.717: Application time: 0.0446220 seconds
160.717: [GC [PSYoungGen: 20843K->2304K(21504K)] 31833K->13294K(69120K), 0.0008730 secs] [Times: user=0.00 sys=0.00, real=0.00 secs] 
160.718: Total time for which application threads were stopped: 0.0010190 seconds, Stopping threads took: 0.0000770 seconds
160.762: Application time: 0.0441970 seconds
160.762: [GC [PSYoungGen: 20923K->1792K(21504K)] 31914K->12782K(69120K), 0.0007190 secs] [Times: user=0.00 sys=0.00, real=0.00 secs] 
160.763: Total time for which application threads were stopped: 0.0008630 seconds, Stopping threads took: 0.0000750 seconds
160.807: Application time: 0.0441650 seconds
160.807: [GC [PSYoungGen: 20405K->2304K(21504K)] 31396K->13294K(69120K), 0.0009110 secs] [Times: user=0.01 sys=0.00, real=0.00 secs] 
160.808: Total time for which application threads were stopped: 0.0010380 seconds, Stopping threads took: 0.0000580 seconds
160.854: Application time: 0.0463020 seconds
160.854: [GC [PSYoungGen: 21081K->1344K(21504K)] 32072K->12334K(69120K), 0.0006180 secs] [Times: user=0.00 sys=0.00, real=0.00 secs] 
160.855: Total time for which application threads were stopped: 0.0007470 seconds, Stopping threads took: 0.0000660 seconds
160.897: Application time: 0.0421570 seconds
160.897: [GC [PSYoungGen: 20031K->2496K(21504K)] 31022K->13487K(69120K), 0.0009190 secs] [Times: user=0.01 sys=0.00, real=0.00 secs] 
160.898: Total time for which application threads were stopped: 0.0010680 seconds, Stopping threads took: 0.0000780 seconds
160.945: Application time: 0.0463170 seconds
160.945: [GC [PSYoungGen: 21039K->1392K(21504K)] 32030K->12383K(69120K), 0.0006440 secs] [Times: user=0.01 sys=0.00, real=0.00 secs] 
160.945: Total time for which application threads were stopped: 0.0007660 seconds, Stopping threads took: 0.0000580 seconds
160.988: Application time: 0.0428090 seconds
160.988: [GC [PSYoungGen: 19920K->2496K(21504K)] 30911K->13487K(69120K), 0.0009580 secs] [Times: user=0.00 sys=0.00, real=0.00 secs] 
160.989: Total time for which application threads were stopped: 0.0010940 seconds, Stopping threads took: 0.0000630 seconds
161.035: Application time: 0.0457150 seconds
161.035: [GC [PSYoungGen: 21035K->1920K(21504K)] 32025K->12911K(69120K), 0.0007810 secs] [Times: user=0.01 sys=0.00, real=0.00 secs] 
161.036: Total time for which application threads were stopped: 0.0009250 seconds, Stopping threads took: 0.0000710 seconds
161.078: Application time: 0.0417830 seconds
161.078: [GC [PSYoungGen: 20448K->2496K(21504K)] 31439K->13999K(69120K), 0.0011300 secs] [Times: user=0.01 sys=0.00, real=0.00 secs] 
161.079: Total time for which application threads were stopped: 0.0013000 seconds, Stopping threads took: 0.0000950 seconds
161.125: Application time: 0.0463940 seconds
161.125: [GC [PSYoungGen: 21039K->1904K(21504K)] 32542K->13407K(69120K), 0.0008340 secs] [Times: user=0.01 sys=0.00, real=0.00 secs] 
161.126: Total time for which application threads were stopped: 0.0009850 seconds, Stopping threads took: 0.0000740 seconds
161.168: Application time: 0.0419420 seconds
161.168: [GC [PSYoungGen: 20428K->2496K(21504K)] 31931K->15023K(69120K), 0.0012740 secs] [Times: user=0.01 sys=0.00, real=0.00 secs] 
161.170: Total time for which application threads were stopped: 0.0014270 seconds, Stopping threads took: 0.0000770 seconds
161.218: Application time: 0.0480060 seconds
161.218: [GC [PSYoungGen: 21041K->1936K(21504K)] 33568K->14463K(69120K), 0.0008110 secs] [Times: user=0.01 sys=0.00, real=0.00 secs] 
161.219: Total time for which application threads were stopped: 0.0009550 seconds, Stopping threads took: 0.0000740 seconds
161.260: Application time: 0.0409480 seconds
161.260: [GC [PSYoungGen: 20538K->2496K(21504K)] 33065K->16055K(69120K), 0.0012680 secs] [Times: user=0.01 sys=0.00, real=0.00 secs] 
161.261: Total time for which application threads were stopped: 0.0014180 seconds, Stopping threads took: 0.0000730 seconds
161.308: Application time: 0.0468510 seconds
161.308: [GC [PSYoungGen: 21041K->1920K(21504K)] 34600K->15479K(69120K), 0.0007720 secs] [Times: user=0.00 sys=0.00, real=0.00 secs] 
161.309: Total time for which application threads were stopped: 0.0009190 seconds, Stopping threads took: 0.0000750 seconds
161.352: Application time: 0.0429350 seconds
161.352: [GC [PSYoungGen: 20450K->2496K(21504K)] 34009K->16055K(69120K), 0.0009590 secs] [Times: user=0.00 sys=0.00, real=0.00 secs] 
161.353: Total time for which application threads were stopped: 0.0011150 seconds, Stopping threads took: 0.0000870 seconds
161.397: Application time: 0.0444580 seconds
161.397: [GC [PSYoungGen: 21037K->1936K(21504K)] 34596K->15495K(69120K), 0.0007920 secs] [Times: user=0.00 sys=0.00, real=0.00 secs] 
161.398: Total time for which application threads were stopped: 0.0009490 seconds, Stopping threads took: 0.0000890 seconds
161.443: Application time: 0.0445000 seconds
161.443: [GC [PSYoungGen: 20545K->2496K(21504K)] 34104K->16071K(69120K), 0.0009410 secs] [Times: user=0.00 sys=0.00, real=0.00 secs] 
161.444: Total time for which application threads were stopped: 0.0011360 seconds, Stopping threads took: 0.0001250 seconds
161.488: Application time: 0.0443090 seconds
161.488: [GC [PSYoungGen: 21350K->2480K(21504K)] 34925K->16071K(69120K), 0.0009640 secs] [Times: user=0.00 sys=0.00, real=0.00 secs] 
161.489: Total time for which application threads were stopped: 0.0011240 seconds, Stopping threads took: 0.0000890 seconds
161.536: Application time: 0.0463890 seconds
161.536: [GC [PSYoungGen: 21183K->352K(21504K)] 34774K->13967K(69120K), 0.0004420 secs] [Times: user=0.00 sys=0.00, real=0.01 secs] 
161.536: Total time for which application threads were stopped: 0.0005890 seconds, Stopping threads took: 0.0000890 seconds
161.578: Application time: 0.0419270 seconds
161.578: [GC [PSYoungGen: 18872K->2480K(21504K)] 32487K->16111K(69120K), 0.0009080 secs] [Times: user=0.01 sys=0.00, real=0.00 secs] 
161.579: Total time for which application threads were stopped: 0.0010490 seconds, Stopping threads took: 0.0000730 seconds
161.626: Application time: 0.0462940 seconds
161.626: [GC [PSYoungGen: 21027K->320K(21504K)] 34658K->13951K(69120K), 0.0003820 secs] [Times: user=0.00 sys=0.00, real=0.00 secs] 
161.626: Total time for which application threads were stopped: 0.0005040 seconds, Stopping threads took: 0.0000640 seconds
161.669: Application time: 0.0424700 seconds
161.669: [GC [PSYoungGen: 18840K->2480K(21504K)] 32471K->16111K(69120K), 0.0009430 secs] [Times: user=0.01 sys=0.00, real=0.00 secs] 
161.670: Total time for which application threads were stopped: 0.0011030 seconds, Stopping threads took: 0.0000750 seconds
161.713: Application time: 0.0435840 seconds
161.713: [GC [PSYoungGen: 21008K->2512K(21504K)] 34639K->16655K(69120K), 0.0011140 secs] [Times: user=0.01 sys=0.00, real=0.00 secs] 
161.715: Total time for which application threads were stopped: 0.0013020 seconds, Stopping threads took: 0.0001060 seconds
161.759: Application time: 0.0447670 seconds
161.759: [GC [PSYoungGen: 21057K->1952K(21504K)] 35200K->16095K(69120K), 0.0007590 secs] [Times: user=0.00 sys=0.00, real=0.00 secs] 
161.760: Total time for which application threads were stopped: 0.0008940 seconds, Stopping threads took: 0.0000710 seconds
161.804: Application time: 0.0439080 seconds
161.804: [GC [PSYoungGen: 20478K->2496K(21504K)] 34621K->16639K(69120K), 0.0009230 secs] [Times: user=0.01 sys=0.00, real=0.00 secs] 
161.805: Total time for which application threads were stopped: 0.0011390 seconds, Stopping threads took: 0.0001460 seconds
161.850: Application time: 0.0447500 seconds
161.850: [GC [PSYoungGen: 21039K->1952K(21504K)] 35182K->16095K(69120K), 0.0007680 secs] [Times: user=0.00 sys=0.00, real=0.00 secs] 
161.851: Total time for which application threads were stopped: 0.0009030 seconds, Stopping threads took: 0.0000650 seconds
161.895: Application time: 0.0442600 seconds
161.895: [GC [PSYoungGen: 20561K->2480K(21504K)] 34704K->16623K(69120K), 0.0009440 secs] [Times: user=0.01 sys=0.00, real=0.01 secs] 
161.896: Total time for which application threads were stopped: 0.0011160 seconds, Stopping threads took: 0.0001000 seconds
161.941: Application time: 0.0445910 seconds
161.941: [GC [PSYoungGen: 21021K->1952K(21504K)] 35164K->16111K(69120K), 0.0007870 secs] [Times: user=0.00 sys=0.00, real=0.00 secs] 
161.942: Total time for which application threads were stopped: 0.0009230 seconds, Stopping threads took: 0.0000650 seconds
161.986: Application time: 0.0437540 seconds
161.986: [GC [PSYoungGen: 20480K->2464K(21504K)] 34639K->16623K(69120K), 0.0009570 secs] [Times: user=0.01 sys=0.00, real=0.00 secs] 
161.987: Total time for which application threads were stopped: 0.0011030 seconds, Stopping threads took: 0.0000770 seconds
162.033: Application time: 0.0465330 seconds
162.033: [GC [PSYoungGen: 21007K->1936K(21504K)] 35166K->16095K(69120K), 0.0007650 secs] [Times: user=0.00 sys=0.00, real=0.00 secs] 
162.034: Total time for which application threads were stopped: 0.0009030 seconds, Stopping threads took: 0.0000660 seconds
162.076: Application time: 0.0421070 seconds
162.076: [GC [PSYoungGen: 20546K->2464K(21504K)] 34706K->16623K(69120K), 0.0009800 secs] [Times: user=0.00 sys=0.00, real=0.00 secs] 
162.077: Total time for which application threads were stopped: 0.0011210 seconds, Stopping threads took: 0.0000730 seconds
162.123: Application time: 0.0456370 seconds
162.123: [GC [PSYoungGen: 21318K->1920K(21504K)] 35477K->16087K(69120K), 0.0007600 secs] [Times: user=0.00 sys=0.00, real=0.00 secs] 
162.124: Total time for which application threads were stopped: 0.0008960 seconds, Stopping threads took: 0.0000680 seconds
162.167: Application time: 0.0434550 seconds
162.167: [GC [PSYoungGen: 20609K->2480K(21504K)] 34776K->16655K(69120K), 0.0009240 secs] [Times: user=0.01 sys=0.00, real=0.00 secs] 
162.168: Total time for which application threads were stopped: 0.0010760 seconds, Stopping threads took: 0.0000810 seconds
162.214: Application time: 0.0458020 seconds
162.214: [GC [PSYoungGen: 21023K->1408K(21504K)] 35198K->15591K(69120K), 0.0006580 secs] [Times: user=0.00 sys=0.00, real=0.00 secs] 
162.215: Total time for which application threads were stopped: 0.0008020 seconds, Stopping threads took: 0.0000660 seconds
162.257: Application time: 0.0422790 seconds
162.257: [GC [PSYoungGen: 19936K->2480K(21504K)] 34119K->16663K(69120K), 0.0009380 secs] [Times: user=0.01 sys=0.00, real=0.00 secs] 
162.258: Total time for which application threads were stopped: 0.0010790 seconds, Stopping threads took: 0.0000700 seconds
162.305: Application time: 0.0466360 seconds
162.305: [GC [PSYoungGen: 21025K->864K(21504K)] 35208K->15047K(69120K), 0.0005160 secs] [Times: user=0.00 sys=0.00, real=0.00 secs] 
162.306: Total time for which application threads were stopped: 0.0006450 seconds, Stopping threads took: 0.0000630 seconds
162.348: Application time: 0.0427920 seconds
162.349: [GC [PSYoungGen: 19388K->2480K(21504K)] 33571K->16663K(69120K), 0.0009410 secs] [Times: user=0.01 sys=0.00, real=0.00 secs] 
162.350: Total time for which application threads were stopped: 0.0010820 seconds, Stopping threads took: 0.0000670 seconds
162.395: Application time: 0.0451540 seconds
162.395: [GC [PSYoungGen: 21025K->864K(21504K)] 35208K->15047K(69120K), 0.0005130 secs] [Times: user=0.00 sys=0.00, real=0.00 secs] 
162.395: Total time for which application threads were stopped: 0.0006640 seconds, Stopping threads took: 0.0000860 seconds
162.438: Application time: 0.0427430 seconds
162.438: [GC [PSYoungGen: 19388K->2512K(21504K)] 33571K->16695K(69120K), 0.0009500 secs] [Times: user=0.01 sys=0.00, real=0.00 secs] 
162.439: Total time for which application threads were stopped: 0.0010980 seconds, Stopping threads took: 0.0000730 seconds
162.484: Application time: 0.0445350 seconds
162.484: [GC [PSYoungGen: 21055K->1424K(21504K)] 35238K->15607K(69120K), 0.0006550 secs] [Times: user=0.00 sys=0.00, real=0.01 secs] 
162.485: Total time for which application threads were stopped: 0.0007990 seconds, Stopping threads took: 0.0000750 seconds
162.528: Application time: 0.0437260 seconds
162.528: [GC [PSYoungGen: 20026K->2496K(21504K)] 34209K->16679K(69120K), 0.0010100 secs] [Times: user=0.01 sys=0.00, real=0.00 secs] 
162.530: Total time for which application threads were stopped: 0.0011980 seconds, Stopping threads took: 0.0001140 seconds
162.574: Application time: 0.0445440 seconds
162.574: [GC [PSYoungGen: 21035K->2480K(21504K)] 35218K->16671K(69120K), 0.0009290 secs] [Times: user=0.01 sys=0.00, real=0.00 secs] 
162.575: Total time for which application threads were stopped: 0.0010690 seconds, Stopping threads took: 0.0000710 seconds
162.620: Application time: 0.0447890 seconds
162.620: [GC [PSYoungGen: 21019K->1920K(21504K)] 35210K->16111K(69120K), 0.0007810 secs] [Times: user=0.00 sys=0.00, real=0.00 secs] 
162.621: Total time for which application threads were stopped: 0.0009490 seconds, Stopping threads took: 0.0000960 seconds
162.665: Application time: 0.0440190 seconds
162.665: [GC [PSYoungGen: 20452K->2496K(21504K)] 34643K->16687K(69120K), 0.0009420 secs] [Times: user=0.01 sys=0.00, real=0.00 secs] 
162.666: Total time for which application threads were stopped: 0.0010840 seconds, Stopping threads took: 0.0000680 seconds
162.711: Application time: 0.0446510 seconds
162.711: [GC [PSYoungGen: 21105K->2496K(21504K)] 35296K->17199K(69120K), 0.0011070 secs] [Times: user=0.00 sys=0.00, real=0.00 secs] 
162.712: Total time for which application threads were stopped: 0.0012600 seconds, Stopping threads took: 0.0000780 seconds
162.759: Application time: 0.0471390 seconds
162.759: [GC [PSYoungGen: 21356K->848K(21504K)] 36059K->15567K(69120K), 0.0005000 secs] [Times: user=0.00 sys=0.00, real=0.00 secs] 
162.760: Total time for which application threads were stopped: 0.0006400 seconds, Stopping threads took: 0.0000670 seconds
162.801: Application time: 0.0413780 seconds
162.801: [GC [PSYoungGen: 19446K->2512K(21504K)] 34165K->17751K(69120K), 0.0010850 secs] [Times: user=0.00 sys=0.00, real=0.00 secs] 
162.802: Total time for which application threads were stopped: 0.0012390 seconds, Stopping threads took: 0.0000820 seconds
162.849: Application time: 0.0467590 seconds
162.849: [GC [PSYoungGen: 21135K->1408K(21504K)] 36374K->16655K(69120K), 0.0006210 secs] [Times: user=0.00 sys=0.00, real=0.00 secs] 
162.850: Total time for which application threads were stopped: 0.0007730 seconds, Stopping threads took: 0.0000840 seconds
162.891: Application time: 0.0411680 seconds
162.891: [GC [PSYoungGen: 19932K->2496K(21504K)] 35179K->18255K(69120K), 0.0011400 secs] [Times: user=0.00 sys=0.00, real=0.00 secs] 
162.892: Total time for which application threads were stopped: 0.0014040 seconds, Stopping threads took: 0.0001890 seconds
162.939: Application time: 0.0462660 seconds
162.939: [GC [PSYoungGen: 21039K->1920K(21504K)] 36798K->17679K(69120K), 0.0007670 secs] [Times: user=0.01 sys=0.00, real=0.00 secs] 
162.940: Total time for which application threads were stopped: 0.0009280 seconds, Stopping threads took: 0.0000850 seconds
162.982: Application time: 0.0426020 seconds
162.982: [GC [PSYoungGen: 20448K->2496K(21504K)] 36207K->18767K(69120K), 0.0011000 secs] [Times: user=0.01 sys=0.00, real=0.00 secs] 
162.983: Total time for which application threads were stopped: 0.0012430 seconds, Stopping threads took: 0.0000710 seconds
163.029: Application time: 0.0458710 seconds
163.029: [GC [PSYoungGen: 21039K->1952K(21504K)] 37310K->18223K(69120K), 0.0007750 secs] [Times: user=0.01 sys=0.00, real=0.00 secs] 
163.030: Total time for which application threads were stopped: 0.0009180 seconds, Stopping threads took: 0.0000740 seconds
163.075: Application time: 0.0447270 seconds
163.075: [GC [PSYoungGen: 20488K->1952K(21504K)] 36759K->18223K(69120K), 0.0008410 secs] [Times: user=0.01 sys=0.00, real=0.00 secs] 
163.076: Total time for which application threads were stopped: 0.0010460 seconds, Stopping threads took: 0.0001350 seconds
163.119: Application time: 0.0428840 seconds
163.119: [GC [PSYoungGen: 20482K->2496K(21504K)] 36753K->18767K(69120K), 0.0009380 secs] [Times: user=0.01 sys=0.00, real=0.00 secs] 
163.120: Total time for which application threads were stopped: 0.0010860 seconds, Stopping threads took: 0.0000750 seconds
163.164: Application time: 0.0443310 seconds
163.164: [GC [PSYoungGen: 21113K->1936K(21504K)] 37384K->18207K(69120K), 0.0008090 secs] [Times: user=0.00 sys=0.00, real=0.00 secs] 
163.165: Total time for which application threads were stopped: 0.0009470 seconds, Stopping threads took: 0.0000680 seconds
163.210: Application time: 0.0443350 seconds
163.210: [GC [PSYoungGen: 20474K->1424K(21504K)] 36746K->17703K(69120K), 0.0006570 secs] [Times: user=0.00 sys=0.00, real=0.00 secs] 
163.210: Total time for which application threads were stopped: 0.0007910 seconds, Stopping threads took: 0.0000670 seconds
163.253: Application time: 0.0430330 seconds
163.254: [GC [PSYoungGen: 19952K->2496K(21504K)] 36231K->18775K(69120K), 0.0009390 secs] [Times: user=0.00 sys=0.00, real=0.00 secs] 
163.255: Total time for which application threads were stopped: 0.0010790 seconds, Stopping threads took: 0.0000700 seconds
163.301: Application time: 0.0460640 seconds
163.301: [GC [PSYoungGen: 21037K->1408K(21504K)] 37316K->17687K(69120K), 0.0006300 secs] [Times: user=0.01 sys=0.00, real=0.00 secs] 
163.301: Total time for which application threads were stopped: 0.0007760 seconds, Stopping threads took: 0.0000770 seconds
163.344: Application time: 0.0423380 seconds
163.344: [GC [PSYoungGen: 20015K->2480K(21504K)] 36294K->18759K(69120K), 0.0009360 secs] [Times: user=0.00 sys=0.00, real=0.01 secs] 
163.345: Total time for which application threads were stopped: 0.0010780 seconds, Stopping threads took: 0.0000690 seconds
163.390: Application time: 0.0448980 seconds
163.390: [GC [PSYoungGen: 21021K->1440K(21504K)] 37300K->17727K(69120K), 0.0006830 secs] [Times: user=0.00 sys=0.00, real=0.00 secs] 
163.391: Total time for which application threads were stopped: 0.0008330 seconds, Stopping threads took: 0.0000800 seconds
163.433: Application time: 0.0429230 seconds
163.434: [GC [PSYoungGen: 20358K->2512K(21504K)] 36645K->19319K(69120K), 0.0010990 secs] [Times: user=0.00 sys=0.00, real=0.00 secs] 
163.435: Total time for which application threads were stopped: 0.0012430 seconds, Stopping threads took: 0.0000720 seconds
163.479: Application time: 0.0444560 seconds
163.479: [GC [PSYoungGen: 21133K->1936K(21504K)] 37940K->18751K(69120K), 0.0007680 secs] [Times: user=0.00 sys=0.00, real=0.00 secs] 
163.480: Total time for which application threads were stopped: 0.0009150 seconds, Stopping threads took: 0.0000740 seconds
163.523: Application time: 0.0434010 seconds
163.524: [GC [PSYoungGen: 20464K->2512K(21504K)] 37279K->19847K(69120K), 0.0010960 secs] [Times: user=0.01 sys=0.00, real=0.01 secs] 
163.525: Total time for which application threads were stopped: 0.0012500 seconds, Stopping threads took: 0.0000820 seconds
163.569: Application time: 0.0446060 seconds
163.569: [GC [PSYoungGen: 21055K->1952K(21504K)] 38390K->19287K(69120K), 0.0007900 secs] [Times: user=0.01 sys=0.00, real=0.00 secs] 
163.570: Total time for which application threads were stopped: 0.0009240 seconds, Stopping threads took: 0.0000700 seconds
163.614: Application time: 0.0441130 seconds
163.615: [GC [PSYoungGen: 20484K->2464K(21504K)] 37819K->19799K(69120K), 0.0009270 secs] [Times: user=0.01 sys=0.00, real=0.00 secs] 
163.616: Total time for which application threads were stopped: 0.0011500 seconds, Stopping threads took: 0.0001550 seconds
163.660: Application time: 0.0446520 seconds
163.660: [GC [PSYoungGen: 21005K->1920K(21504K)] 38340K->19255K(69120K), 0.0007900 secs] [Times: user=0.01 sys=0.00, real=0.00 secs] 
163.661: Total time for which application threads were stopped: 0.0009310 seconds, Stopping threads took: 0.0000710 seconds
163.705: Application time: 0.0437550 seconds
163.705: [GC [PSYoungGen: 20452K->2496K(21504K)] 37787K->19831K(69120K), 0.0008940 secs] [Times: user=0.01 sys=0.00, real=0.00 secs] 
163.706: Total time for which application threads were stopped: 0.0010290 seconds, Stopping threads took: 0.0000630 seconds
163.752: Application time: 0.0463910 seconds
163.752: [GC [PSYoungGen: 21037K->1952K(21504K)] 38372K->19287K(69120K), 0.0008010 secs] [Times: user=0.00 sys=0.00, real=0.00 secs] 
163.753: Total time for which application threads were stopped: 0.0009350 seconds, Stopping threads took: 0.0000660 seconds
163.796: Application time: 0.0423040 seconds
163.796: [GC [PSYoungGen: 20484K->2480K(21504K)] 37819K->19815K(69120K), 0.0009490 secs] [Times: user=0.01 sys=0.00, real=0.01 secs] 
163.797: Total time for which application threads were stopped: 0.0010970 seconds, Stopping threads took: 0.0000750 seconds
163.842: Application time: 0.0451970 seconds
163.842: [GC [PSYoungGen: 21099K->1920K(21504K)] 38434K->19263K(69120K), 0.0008460 secs] [Times: user=0.00 sys=0.00, real=0.00 secs] 
163.843: Total time for which application threads were stopped: 0.0009910 seconds, Stopping threads took: 0.0000670 seconds
163.886: Application time: 0.0431530 seconds
163.886: [GC [PSYoungGen: 20452K->2480K(21504K)] 37795K->19823K(69120K), 0.0009520 secs] [Times: user=0.01 sys=0.00, real=0.00 secs] 
163.887: Total time for which application threads were stopped: 0.0010930 seconds, Stopping threads took: 0.0000650 seconds
163.932: Application time: 0.0448650 seconds
163.932: [GC [PSYoungGen: 21023K->1392K(21504K)] 38366K->18735K(69120K), 0.0006320 secs] [Times: user=0.00 sys=0.00, real=0.00 secs] 
163.933: Total time for which application threads were stopped: 0.0007880 seconds, Stopping threads took: 0.0000870 seconds
163.976: Application time: 0.0432490 seconds
163.976: [GC [PSYoungGen: 19998K->2480K(21504K)] 37342K->19823K(69120K), 0.0009300 secs] [Times: user=0.01 sys=0.00, real=0.00 secs] 
163.977: Total time for which application threads were stopped: 0.0010810 seconds, Stopping threads took: 0.0000810 seconds
164.022: Application time: 0.0445910 seconds
164.022: [GC [PSYoungGen: 21021K->1952K(21504K)] 38364K->19303K(69120K), 0.0007640 secs] [Times: user=0.01 sys=0.00, real=0.00 secs] 
164.023: Total time for which application threads were stopped: 0.0008950 seconds, Stopping threads took: 0.0000660 seconds
164.066: Application time: 0.0437330 seconds
164.066: [GC [PSYoungGen: 20877K->2528K(21504K)] 38228K->19879K(69120K), 0.0010380 secs] [Times: user=0.00 sys=0.00, real=0.00 secs] 
164.067: Total time for which application threads were stopped: 0.0011780 seconds, Stopping threads took: 0.0000700 seconds
164.112: Application time: 0.0446590 seconds
164.112: [GC [PSYoungGen: 21147K->1952K(21504K)] 38498K->19311K(69120K), 0.0008270 secs] [Times: user=0.00 sys=0.00, real=0.00 secs] 
164.113: Total time for which application threads were stopped: 0.0009560 seconds, Stopping threads took: 0.0000650 seconds
164.157: Application time: 0.0440940 seconds
164.157: [GC [PSYoungGen: 20480K->2496K(21504K)] 37839K->19863K(69120K), 0.0009620 secs] [Times: user=0.00 sys=0.00, real=0.00 secs] 
164.158: Total time for which application threads were stopped: 0.0011210 seconds, Stopping threads took: 0.0000830 seconds
164.203: Application time: 0.0447980 seconds
164.203: [GC [PSYoungGen: 21039K->1920K(21504K)] 38406K->19287K(69120K), 0.0008360 secs] [Times: user=0.01 sys=0.00, real=0.01 secs] 
164.204: Total time for which application threads were stopped: 0.0009740 seconds, Stopping threads took: 0.0000630 seconds
164.249: Application time: 0.0447930 seconds
164.249: [GC [PSYoungGen: 20446K->1936K(21504K)] 37813K->19303K(69120K), 0.0007990 secs] [Times: user=0.00 sys=0.00, real=0.00 secs] 
164.250: Total time for which application threads were stopped: 0.0010710 seconds, Stopping threads took: 0.0002000 seconds
164.295: Application time: 0.0453700 seconds
164.296: [GC [PSYoungGen: 20479K->1424K(21504K)] 37846K->18791K(69120K), 0.0006690 secs] [Times: user=0.01 sys=0.00, real=0.01 secs] 
164.296: Total time for which application threads were stopped: 0.0009280 seconds, Stopping threads took: 0.0001980 seconds
164.340: Application time: 0.0438060 seconds
164.340: [GC [PSYoungGen: 19954K->1936K(21504K)] 37321K->19303K(69120K), 0.0008160 secs] [Times: user=0.01 sys=0.00, real=0.00 secs] 
164.341: Total time for which application threads were stopped: 0.0010630 seconds, Stopping threads took: 0.0001790 seconds
164.385: Application time: 0.0438430 seconds
164.385: [GC [PSYoungGen: 20468K->2480K(21504K)] 37835K->19847K(69120K), 0.0009990 secs] [Times: user=0.01 sys=0.00, real=0.00 secs] 
164.386: Total time for which application threads were stopped: 0.0011410 seconds, Stopping threads took: 0.0000600 seconds
164.430: Application time: 0.0442820 seconds
164.430: [GC [PSYoungGen: 21017K->2480K(21504K)] 38384K->19847K(69120K), 0.0009250 secs] [Times: user=0.01 sys=0.00, real=0.00 secs] 
164.431: Total time for which application threads were stopped: 0.0010730 seconds, Stopping threads took: 0.0000790 seconds
164.476: Application time: 0.0445350 seconds
164.476: [GC [PSYoungGen: 21101K->1424K(21504K)] 38468K->18791K(69120K), 0.0006540 secs] [Times: user=0.01 sys=0.00, real=0.00 secs] 
164.477: Total time for which application threads were stopped: 0.0008020 seconds, Stopping threads took: 0.0000820 seconds
164.520: Application time: 0.0430570 seconds
164.520: [GC [PSYoungGen: 19952K->2496K(21504K)] 37319K->19871K(69120K), 0.0009610 secs] [Times: user=0.01 sys=0.00, real=0.00 secs] 
164.521: Total time for which application threads were stopped: 0.0011050 seconds, Stopping threads took: 0.0000740 seconds
164.566: Application time: 0.0448820 seconds
164.566: [GC [PSYoungGen: 21037K->1952K(21504K)] 38412K->19327K(69120K), 0.0007820 secs] [Times: user=0.00 sys=0.00, real=0.00 secs] 
164.567: Total time for which application threads were stopped: 0.0009200 seconds, Stopping threads took: 0.0000690 seconds
164.609: Application time: 0.0420440 seconds
164.609: [GC [PSYoungGen: 20484K->2496K(21504K)] 37859K->19871K(69120K), 0.0009500 secs] [Times: user=0.00 sys=0.00, real=0.00 secs] 
164.610: Total time for which application threads were stopped: 0.0010920 seconds, Stopping threads took: 0.0000720 seconds
164.654: Application time: 0.0437480 seconds
164.654: [GC [PSYoungGen: 21111K->2480K(21504K)] 38486K->19863K(69120K), 0.0009620 secs] [Times: user=0.01 sys=0.00, real=0.00 secs] 
164.655: Total time for which application threads were stopped: 0.0011010 seconds, Stopping threads took: 0.0000670 seconds
164.701: Application time: 0.0460950 seconds
164.701: [GC [PSYoungGen: 21255K->1920K(21504K)] 38638K->19303K(69120K), 0.0007080 secs] [Times: user=0.00 sys=0.00, real=0.00 secs] 
164.702: Total time for which application threads were stopped: 0.0008240 seconds, Stopping threads took: 0.0000530 seconds
164.745: Application time: 0.0433900 seconds
164.745: [GC [PSYoungGen: 20691K->2464K(21504K)] 38074K->19855K(69120K), 0.0009320 secs] [Times: user=0.00 sys=0.00, real=0.00 secs] 
164.746: Total time for which application threads were stopped: 0.0010680 seconds, Stopping threads took: 0.0000660 seconds
164.791: Application time: 0.0448280 seconds
164.791: [GC [PSYoungGen: 21000K->2432K(21504K)] 38392K->19831K(69120K), 0.0010650 secs] [Times: user=0.01 sys=0.00, real=0.00 secs] 
164.792: Total time for which application threads were stopped: 0.0012120 seconds, Stopping threads took: 0.0000710 seconds
164.837: Application time: 0.0446480 seconds
164.837: [GC [PSYoungGen: 20975K->1408K(21504K)] 38374K->18807K(69120K), 0.0006530 secs] [Times: user=0.00 sys=0.00, real=0.00 secs] 
164.838: Total time for which application threads were stopped: 0.0008380 seconds, Stopping threads took: 0.0001140 seconds
164.882: Application time: 0.0441200 seconds
164.882: [GC [PSYoungGen: 19940K->1936K(21504K)] 37339K->19335K(69120K), 0.0008830 secs] [Times: user=0.00 sys=0.00, real=0.00 secs] 
164.883: Total time for which application threads were stopped: 0.0010350 seconds, Stopping threads took: 0.0000850 seconds
164.927: Application time: 0.0444550 seconds
164.927: [GC [PSYoungGen: 20470K->1984K(21504K)] 37869K->19383K(69120K), 0.0007760 secs] [Times: user=0.00 sys=0.00, real=0.00 secs] 
164.928: Total time for which application threads were stopped: 0.0009320 seconds, Stopping threads took: 0.0000810 seconds
164.972: Application time: 0.0433170 seconds
164.972: [GC [PSYoungGen: 20516K->2464K(21504K)] 37915K->19863K(69120K), 0.0009640 secs] [Times: user=0.01 sys=0.00, real=0.00 secs] 
164.973: Total time for which application threads were stopped: 0.0011040 seconds, Stopping threads took: 0.0000700 seconds
165.016: Application time: 0.0437790 seconds
165.017: [GC [PSYoungGen: 21000K->2480K(21504K)] 38400K->19879K(69120K), 0.0009210 secs] [Times: user=0.00 sys=0.00, real=0.00 secs] 
165.017: Total time for which application threads were stopped: 0.0010560 seconds, Stopping threads took: 0.0000690 seconds
165.063: Application time: 0.0459640 seconds
165.064: [GC [PSYoungGen: 21023K->1408K(21504K)] 38422K->18807K(69120K), 0.0006720 secs] [Times: user=0.00 sys=0.01, real=0.01 secs] 
165.064: Total time for which application threads were stopped: 0.0008100 seconds, Stopping threads took: 0.0000710 seconds
165.106: Application time: 0.0416630 seconds
165.106: [GC [PSYoungGen: 20008K->2528K(21504K)] 37407K->20951K(69120K), 0.0012480 secs] [Times: user=0.01 sys=0.00, real=0.00 secs] 
165.107: Total time for which application threads were stopped: 0.0013980 seconds, Stopping threads took: 0.0000720 seconds
165.154: Application time: 0.0470810 seconds
165.155: [GC [PSYoungGen: 21075K->1440K(21504K)] 39498K->19871K(69120K), 0.0007250 secs] [Times: user=0.00 sys=0.00, real=0.00 secs] 
165.155: Total time for which application threads were stopped: 0.0008660 seconds, Stopping threads took: 0.0000730 seconds
165.197: Application time: 0.0417840 seconds
165.197: [GC [PSYoungGen: 19958K->2496K(21504K)] 38389K->21951K(69120K), 0.0012590 secs] [Times: user=0.01 sys=0.00, real=0.00 secs] 
165.198: Total time for which application threads were stopped: 0.0014000 seconds, Stopping threads took: 0.0000660 seconds
165.245: Application time: 0.0465730 seconds
165.245: [GC [PSYoungGen: 21043K->1408K(21504K)] 40498K->20863K(69120K), 0.0006340 secs] [Times: user=0.00 sys=0.00, real=0.00 secs] 
165.246: Total time for which application threads were stopped: 0.0007620 seconds, Stopping threads took: 0.0000660 seconds
165.289: Application time: 0.0433170 seconds
165.289: [GC [PSYoungGen: 20021K->1984K(21504K)] 39476K->21439K(69120K), 0.0008090 secs] [Times: user=0.00 sys=0.00, real=0.00 secs] 
165.290: Total time for which application threads were stopped: 0.0009490 seconds, Stopping threads took: 0.0000680 seconds
165.333: Application time: 0.0428000 seconds
165.333: [GC [PSYoungGen: 20747K->2528K(21504K)] 40202K->22503K(69120K), 0.0011140 secs] [Times: user=0.00 sys=0.00, real=0.00 secs] 
165.334: Total time for which application threads were stopped: 0.0012640 seconds, Stopping threads took: 0.0000770 seconds
165.380: Application time: 0.0460820 seconds
165.380: [GC [PSYoungGen: 21307K->1440K(21504K)] 41283K->21423K(69120K), 0.0006250 secs] [Times: user=0.00 sys=0.00, real=0.00 secs] 
165.381: Total time for which application threads were stopped: 0.0007610 seconds, Stopping threads took: 0.0000650 seconds
165.424: Application time: 0.0430520 seconds
165.424: [GC [PSYoungGen: 19968K->2480K(21504K)] 39951K->22471K(69120K), 0.0009490 secs] [Times: user=0.00 sys=0.00, real=0.00 secs] 
165.425: Total time for which application threads were stopped: 0.0010920 seconds, Stopping threads took: 0.0000730 seconds
165.470: Application time: 0.0445500 seconds
165.470: [GC [PSYoungGen: 21023K->1392K(21504K)] 41014K->21383K(69120K), 0.0006560 secs] [Times: user=0.00 sys=0.00, real=0.00 secs] 
165.470: Total time for which application threads were stopped: 0.0008010 seconds, Stopping threads took: 0.0000720 seconds
165.513: Application time: 0.0425960 seconds
165.513: [GC [PSYoungGen: 19916K->2480K(21504K)] 39907K->22983K(69120K), 0.0011100 secs] [Times: user=0.01 sys=0.00, real=0.00 secs] 
165.514: Total time for which application threads were stopped: 0.0012470 seconds, Stopping threads took: 0.0000650 seconds
165.559: Application time: 0.0442600 seconds
165.559: [GC [PSYoungGen: 21023K->1936K(21504K)] 41526K->22439K(69120K), 0.0007960 secs] [Times: user=0.01 sys=0.00, real=0.00 secs] 
165.560: Total time for which application threads were stopped: 0.0009360 seconds, Stopping threads took: 0.0000700 seconds
165.604: Application time: 0.0445190 seconds
165.604: [GC [PSYoungGen: 20468K->2480K(21504K)] 40972K->22983K(69120K), 0.0009760 secs] [Times: user=0.01 sys=0.00, real=0.00 secs] 
165.605: Total time for which application threads were stopped: 0.0011170 seconds, Stopping threads took: 0.0000700 seconds
165.650: Application time: 0.0443460 seconds
165.650: [GC [PSYoungGen: 21021K->1936K(21504K)] 41524K->22439K(69120K), 0.0007880 secs] [Times: user=0.00 sys=0.00, real=0.00 secs] 
165.650: Total time for which application threads were stopped: 0.0009220 seconds, Stopping threads took: 0.0000650 seconds
165.694: Application time: 0.0438850 seconds
165.695: [GC [PSYoungGen: 20472K->1936K(21504K)] 40976K->22439K(69120K), 0.0008920 secs] [Times: user=0.00 sys=0.00, real=0.00 secs] 
165.696: Total time for which application threads were stopped: 0.0011710 seconds, Stopping threads took: 0.0002090 seconds
165.739: Application time: 0.0433920 seconds
165.739: [GC [PSYoungGen: 20547K->2496K(21504K)] 41050K->22999K(69120K), 0.0009700 secs] [Times: user=0.00 sys=0.00, real=0.00 secs] 
165.740: Total time for which application threads were stopped: 0.0011160 seconds, Stopping threads took: 0.0000730 seconds
165.784: Application time: 0.0441680 seconds
165.784: [GC [PSYoungGen: 21028K->2464K(21504K)] 41532K->22975K(69120K), 0.0009410 secs] [Times: user=0.01 sys=0.00, real=0.00 secs] 
165.785: Total time for which application threads were stopped: 0.0011220 seconds, Stopping threads took: 0.0001080 seconds
165.830: Application time: 0.0443760 seconds
165.830: [GC [PSYoungGen: 21007K->1952K(21504K)] 41518K->22463K(69120K), 0.0007810 secs] [Times: user=0.00 sys=0.00, real=0.00 secs] 
165.831: Total time for which application threads were stopped: 0.0009420 seconds, Stopping threads took: 0.0000850 seconds
165.874: Application time: 0.0429160 seconds
165.874: [GC [PSYoungGen: 20480K->2480K(21504K)] 40991K->23503K(69120K), 0.0011570 secs] [Times: user=0.01 sys=0.00, real=0.00 secs] 
165.875: Total time for which application threads were stopped: 0.0013020 seconds, Stopping threads took: 0.0000710 seconds
165.920: Application time: 0.0449420 seconds
165.920: [GC [PSYoungGen: 21101K->1968K(21504K)] 42124K->22991K(69120K), 0.0008270 secs] [Times: user=0.00 sys=0.01, real=0.00 secs] 
165.921: Total time for which application threads were stopped: 0.0009700 seconds, Stopping threads took: 0.0000750 seconds
165.963: Application time: 0.0425440 seconds
165.963: [GC [PSYoungGen: 20655K->2480K(21504K)] 41678K->24023K(69120K), 0.0011010 secs] [Times: user=0.01 sys=0.00, real=0.01 secs] 
165.965: Total time for which application threads were stopped: 0.0012640 seconds, Stopping threads took: 0.0000880 seconds
166.009: Application time: 0.0448510 seconds
166.010: [GC [PSYoungGen: 21179K->1920K(21504K)] 42723K->23471K(69120K), 0.0008260 secs] [Times: user=0.01 sys=0.00, real=0.00 secs] 
166.010: Total time for which application threads were stopped: 0.0009620 seconds, Stopping threads took: 0.0000590 seconds
166.055: Application time: 0.0446170 seconds
166.055: [GC [PSYoungGen: 20615K->1888K(21504K)] 42166K->23447K(69120K), 0.0008330 secs] [Times: user=0.00 sys=0.00, real=0.00 secs] 
166.056: Total time for which application threads were stopped: 0.0009660 seconds, Stopping threads took: 0.0000650 seconds
166.099: Application time: 0.0431040 seconds
166.099: [GC [PSYoungGen: 20420K->2480K(21504K)] 41980K->24039K(69120K), 0.0010110 secs] [Times: user=0.01 sys=0.00, real=0.00 secs] 
166.100: Total time for which application threads were stopped: 0.0011580 seconds, Stopping threads took: 0.0000710 seconds
166.145: Application time: 0.0452070 seconds
166.146: [GC [PSYoungGen: 21021K->1936K(21504K)] 42580K->23495K(69120K), 0.0008150 secs] [Times: user=0.01 sys=0.00, real=0.00 secs] 
166.146: Total time for which application threads were stopped: 0.0009500 seconds, Stopping threads took: 0.0000630 seconds
166.190: Application time: 0.0436890 seconds
166.190: [GC [PSYoungGen: 20468K->2464K(21504K)] 42028K->24023K(69120K), 0.0009500 secs] [Times: user=0.00 sys=0.00, real=0.00 secs] 
166.191: Total time for which application threads were stopped: 0.0010840 seconds, Stopping threads took: 0.0000600 seconds
166.237: Application time: 0.0455480 seconds
166.237: [GC [PSYoungGen: 21007K->1440K(21504K)] 42566K->22999K(69120K), 0.0006640 secs] [Times: user=0.00 sys=0.00, real=0.00 secs] 
166.238: Total time for which application threads were stopped: 0.0007850 seconds, Stopping threads took: 0.0000540 seconds
166.282: Application time: 0.0444310 seconds
166.282: [GC [PSYoungGen: 19970K->1952K(21504K)] 41529K->23511K(69120K), 0.0008700 secs] [Times: user=0.01 sys=0.00, real=0.00 secs] 
166.283: Total time for which application threads were stopped: 0.0010170 seconds, Stopping threads took: 0.0000790 seconds
166.326: Application time: 0.0432440 seconds
166.326: [GC [PSYoungGen: 20484K->2480K(21504K)] 42044K->24039K(69120K), 0.0009350 secs] [Times: user=0.01 sys=0.00, real=0.00 secs] 
166.327: Total time for which application threads were stopped: 0.0010810 seconds, Stopping threads took: 0.0000760 seconds
166.373: Application time: 0.0454380 seconds
166.373: [GC [PSYoungGen: 21101K->1392K(21504K)] 42660K->22951K(69120K), 0.0007520 secs] [Times: user=0.01 sys=0.00, real=0.00 secs] 
166.374: Total time for which application threads were stopped: 0.0009070 seconds, Stopping threads took: 0.0000830 seconds
166.416: Application time: 0.0420740 seconds
166.416: [GC [PSYoungGen: 19920K->2480K(21504K)] 41479K->24047K(69120K), 0.0009660 secs] [Times: user=0.01 sys=0.00, real=0.01 secs] 
166.417: Total time for which application threads were stopped: 0.0011300 seconds, Stopping threads took: 0.0000930 seconds
166.462: Application time: 0.0454010 seconds
166.462: [GC [PSYoungGen: 21021K->1936K(21504K)] 42588K->23503K(69120K), 0.0008460 secs] [Times: user=0.01 sys=0.00, real=0.00 secs] 
166.463: Total time for which application threads were stopped: 0.0009920 seconds, Stopping threads took: 0.0000750 seconds
166.506: Application time: 0.0431820 seconds
166.507: [GC [PSYoungGen: 20468K->2464K(21504K)] 42036K->24031K(69120K), 0.0009240 secs] [Times: user=0.01 sys=0.00, real=0.00 secs] 
166.507: Total time for which application threads were stopped: 0.0010650 seconds, Stopping threads took: 0.0000690 seconds
166.552: Application time: 0.0441860 seconds
166.552: [GC [PSYoungGen: 21079K->1920K(21504K)] 42646K->23487K(69120K), 0.0007970 secs] [Times: user=0.00 sys=0.00, real=0.00 secs] 
166.553: Total time for which application threads were stopped: 0.0010350 seconds, Stopping threads took: 0.0001600 seconds
166.599: Application time: 0.0460580 seconds
166.599: [GC [PSYoungGen: 20619K->1408K(21504K)] 42186K->22983K(69120K), 0.0006350 secs] [Times: user=0.01 sys=0.00, real=0.00 secs] 
166.600: Total time for which application threads were stopped: 0.0007640 seconds, Stopping threads took: 0.0000570 seconds
166.642: Application time: 0.0426810 seconds
166.642: [GC [PSYoungGen: 20095K->2480K(21504K)] 41670K->24063K(69120K), 0.0009820 secs] [Times: user=0.01 sys=0.00, real=0.00 secs] 
166.643: Total time for which application threads were stopped: 0.0011160 seconds, Stopping threads took: 0.0000620 seconds
166.687: Application time: 0.0439650 seconds
166.687: [GC [PSYoungGen: 21177K->1952K(21504K)] 42760K->23543K(69120K), 0.0008110 secs] [Times: user=0.01 sys=0.00, real=0.00 secs] 
166.688: Total time for which application threads were stopped: 0.0009390 seconds, Stopping threads took: 0.0000630 seconds
166.733: Application time: 0.0446590 seconds
166.733: [GC [PSYoungGen: 20486K->1936K(21504K)] 42078K->23535K(69120K), 0.0007920 secs] [Times: user=0.00 sys=0.00, real=0.00 secs] 
166.734: Total time for which application threads were stopped: 0.0009230 seconds, Stopping threads took: 0.0000660 seconds
166.777: Application time: 0.0434910 seconds
166.777: [GC [PSYoungGen: 20468K->2464K(21504K)] 42068K->24063K(69120K), 0.0009280 secs] [Times: user=0.01 sys=0.00, real=0.00 secs] 
166.778: Total time for which application threads were stopped: 0.0010820 seconds, Stopping threads took: 0.0000790 seconds
166.826: Application time: 0.0475800 seconds
166.826: [GC [PSYoungGen: 21009K->880K(21504K)] 42608K->22479K(69120K), 0.0005090 secs] [Times: user=0.00 sys=0.00, real=0.00 secs] 
166.827: Total time for which application threads were stopped: 0.0006300 seconds, Stopping threads took: 0.0000590 seconds
166.868: Application time: 0.0411060 seconds
166.868: [GC [PSYoungGen: 19404K->2464K(21504K)] 41003K->24063K(69120K), 0.0009620 secs] [Times: user=0.01 sys=0.00, real=0.00 secs] 
166.869: Total time for which application threads were stopped: 0.0011060 seconds, Stopping threads took: 0.0000720 seconds
166.917: Application time: 0.0478320 seconds
166.917: [GC [PSYoungGen: 21009K->848K(21504K)] 42608K->22447K(69120K), 0.0005040 secs] [Times: user=0.00 sys=0.00, real=0.00 secs] 
166.917: Total time for which application threads were stopped: 0.0006260 seconds, Stopping threads took: 0.0000620 seconds
166.958: Application time: 0.0403890 seconds
166.958: [GC [PSYoungGen: 19366K->2496K(21504K)] 40965K->24607K(69120K), 0.0011010 secs] [Times: user=0.01 sys=0.00, real=0.00 secs] 
166.959: Total time for which application threads were stopped: 0.0013350 seconds, Stopping threads took: 0.0001610 seconds
167.005: Application time: 0.0463800 seconds
167.006: [GC [PSYoungGen: 21117K->1984K(21504K)] 43228K->24095K(69120K), 0.0008840 secs] [Times: user=0.00 sys=0.00, real=0.00 secs] 
167.006: Total time for which application threads were stopped: 0.0010180 seconds, Stopping threads took: 0.0000640 seconds
167.049: Application time: 0.0420830 seconds
167.049: [GC [PSYoungGen: 20508K->2432K(21504K)] 42619K->25575K(69120K), 0.0013090 secs] [Times: user=0.01 sys=0.00, real=0.00 secs] 
167.050: Total time for which application threads were stopped: 0.0014610 seconds, Stopping threads took: 0.0000740 seconds
167.099: Application time: 0.0485600 seconds
167.099: [GC [PSYoungGen: 20977K->1424K(21504K)] 44120K->24567K(69120K), 0.0006300 secs] [Times: user=0.00 sys=0.00, real=0.00 secs] 
167.099: Total time for which application threads were stopped: 0.0007950 seconds, Stopping threads took: 0.0000970 seconds
167.141: Application time: 0.0414270 seconds
167.141: [GC [PSYoungGen: 19948K->2496K(21504K)] 43091K->26663K(69120K), 0.0013400 secs] [Times: user=0.01 sys=0.00, real=0.00 secs] 
167.142: Total time for which application threads were stopped: 0.0014820 seconds, Stopping threads took: 0.0000630 seconds
167.190: Application time: 0.0478600 seconds
167.190: [GC [PSYoungGen: 21119K->1904K(21504K)] 45286K->26071K(69120K), 0.0007930 secs] [Times: user=0.00 sys=0.00, real=0.00 secs] 
167.191: Total time for which application threads were stopped: 0.0009350 seconds, Stopping threads took: 0.0000730 seconds
167.235: Application time: 0.0440980 seconds
167.235: [GC [PSYoungGen: 20519K->1984K(21504K)] 44686K->26159K(69120K), 0.0008360 secs] [Times: user=0.00 sys=0.00, real=0.01 secs] 
167.236: Total time for which application threads were stopped: 0.0009790 seconds, Stopping threads took: 0.0000700 seconds
167.280: Application time: 0.0434210 seconds
167.280: [GC [PSYoungGen: 20747K->2464K(21504K)] 44923K->26647K(69120K), 0.0009760 secs] [Times: user=0.00 sys=0.00, real=0.00 secs] 
167.281: Total time for which application threads were stopped: 0.0011390 seconds, Stopping threads took: 0.0000870 seconds
167.327: Application time: 0.0458820 seconds
167.327: [GC [PSYoungGen: 21085K->1440K(21504K)] 45268K->25631K(69120K), 0.0006640 secs] [Times: user=0.00 sys=0.00, real=0.00 secs] 
167.327: Total time for which application threads were stopped: 0.0008100 seconds, Stopping threads took: 0.0000820 seconds
167.370: Application time: 0.0429310 seconds
167.370: [GC [PSYoungGen: 20044K->2352K(21504K)] 44236K->27063K(69120K), 0.0012030 secs] [Times: user=0.00 sys=0.00, real=0.00 secs] 
167.372: Total time for which application threads were stopped: 0.0013750 seconds, Stopping threads took: 0.0001010 seconds
167.419: Application time: 0.0468230 seconds
167.419: [GC [PSYoungGen: 20897K->1440K(21504K)] 45608K->26151K(69120K), 0.0006410 secs] [Times: user=0.00 sys=0.00, real=0.00 secs] 
167.419: Total time for which application threads were stopped: 0.0007650 seconds, Stopping threads took: 0.0000670 seconds
167.464: Application time: 0.0448190 seconds
167.464: [GC [PSYoungGen: 19974K->1424K(21504K)] 44686K->26135K(69120K), 0.0006500 secs] [Times: user=0.01 sys=0.00, real=0.00 secs] 
167.465: Total time for which application threads were stopped: 0.0008030 seconds, Stopping threads took: 0.0000840 seconds
167.506: Application time: 0.0413900 seconds
167.506: [GC [PSYoungGen: 19950K->2496K(21504K)] 44661K->27719K(69120K), 0.0010940 secs] [Times: user=0.01 sys=0.00, real=0.00 secs] 
167.508: Total time for which application threads were stopped: 0.0012350 seconds, Stopping threads took: 0.0000720 seconds
167.556: Application time: 0.0482420 seconds
167.556: [GC [PSYoungGen: 21043K->848K(21504K)] 46266K->26071K(69120K), 0.0005810 secs] [Times: user=0.00 sys=0.00, real=0.01 secs] 
167.557: Total time for which application threads were stopped: 0.0007120 seconds, Stopping threads took: 0.0000650 seconds
167.597: Application time: 0.0404480 seconds
167.597: [GC [PSYoungGen: 19368K->2496K(21504K)] 44591K->28231K(69120K), 0.0011300 secs] [Times: user=0.01 sys=0.00, real=0.00 secs] 
167.598: Total time for which application threads were stopped: 0.0012780 seconds, Stopping threads took: 0.0000730 seconds
167.647: Application time: 0.0487420 seconds
167.647: [GC [PSYoungGen: 21121K->880K(21504K)] 46856K->26615K(69120K), 0.0005310 secs] [Times: user=0.00 sys=0.00, real=0.00 secs] 
167.648: Total time for which application threads were stopped: 0.0006790 seconds, Stopping threads took: 0.0000750 seconds
167.688: Application time: 0.0406920 seconds
167.688: [GC [PSYoungGen: 19406K->2464K(21504K)] 45141K->28207K(69120K), 0.0009880 secs] [Times: user=0.00 sys=0.00, real=0.00 secs] 
167.689: Total time for which application threads were stopped: 0.0011330 seconds, Stopping threads took: 0.0000710 seconds
167.737: Application time: 0.0475610 seconds
167.737: [GC [PSYoungGen: 21003K->1920K(21504K)] 46746K->27663K(69120K), 0.0009660 secs] [Times: user=0.01 sys=0.00, real=0.00 secs] 
167.738: Total time for which application threads were stopped: 0.0011130 seconds, Stopping threads took: 0.0000780 seconds
167.780: Application time: 0.0413380 seconds
167.780: [GC [PSYoungGen: 20448K->2528K(21504K)] 46192K->28783K(69120K), 0.0011940 secs] [Times: user=0.01 sys=0.00, real=0.00 secs] 
167.781: Total time for which application threads were stopped: 0.0013790 seconds, Stopping threads took: 0.0001100 seconds
167.827: Application time: 0.0464280 seconds
167.827: [GC [PSYoungGen: 21147K->1968K(21504K)] 47402K->28223K(69120K), 0.0008260 secs] [Times: user=0.00 sys=0.00, real=0.00 secs] 
167.828: Total time for which application threads were stopped: 0.0009890 seconds, Stopping threads took: 0.0000870 seconds
167.872: Application time: 0.0432140 seconds
167.872: [GC [PSYoungGen: 20581K->2512K(21504K)] 46836K->28775K(69120K), 0.0009410 secs] [Times: user=0.01 sys=0.00, real=0.00 secs] 
167.873: Total time for which application threads were stopped: 0.0010940 seconds, Stopping threads took: 0.0000820 seconds
167.917: Application time: 0.0442850 seconds
167.917: [GC [PSYoungGen: 21285K->1936K(21504K)] 47548K->28207K(69120K), 0.0008160 secs] [Times: user=0.01 sys=0.00, real=0.00 secs] 
167.918: Total time for which application threads were stopped: 0.0009480 seconds, Stopping threads took: 0.0000640 seconds
167.961: Application time: 0.0431930 seconds
167.961: [GC [PSYoungGen: 20540K->2480K(21504K)] 46812K->29783K(69120K), 0.0013270 secs] [Times: user=0.01 sys=0.00, real=0.00 secs] 
167.963: Total time for which application threads were stopped: 0.0014750 seconds, Stopping threads took: 0.0000680 seconds
168.007: Application time: 0.0448310 seconds
168.007: [GC [PSYoungGen: 21025K->1984K(21504K)] 48328K->29295K(69120K), 0.0008110 secs] [Times: user=0.00 sys=0.00, real=0.00 secs] 
168.008: Total time for which application threads were stopped: 0.0009610 seconds, Stopping threads took: 0.0000840 seconds
168.050: Application time: 0.0420140 seconds
168.050: [GC [PSYoungGen: 20584K->2384K(21504K)] 47896K->31239K(69120K), 0.0014760 secs] [Times: user=0.01 sys=0.00, real=0.00 secs] 
168.052: Total time for which application threads were stopped: 0.0016310 seconds, Stopping threads took: 0.0000780 seconds
168.098: Application time: 0.0464940 seconds
168.099: [GC [PSYoungGen: 20931K->1952K(21504K)] 49786K->30807K(69120K), 0.0008110 secs] [Times: user=0.01 sys=0.00, real=0.00 secs] 
168.099: Total time for which application threads were stopped: 0.0009460 seconds, Stopping threads took: 0.0000700 seconds
168.143: Application time: 0.0431320 seconds
168.143: [GC [PSYoungGen: 20480K->2496K(21504K)] 49336K->31863K(69120K), 0.0011300 secs] [Times: user=0.01 sys=0.00, real=0.00 secs] 
168.144: Total time for which application threads were stopped: 0.0013420 seconds, Stopping threads took: 0.0001380 seconds
168.189: Application time: 0.0450550 seconds
168.189: [GC [PSYoungGen: 21033K->2496K(21504K)] 50400K->31863K(69120K), 0.0009530 secs] [Times: user=0.01 sys=0.00, real=0.00 secs] 
168.190: Total time for which application threads were stopped: 0.0011150 seconds, Stopping threads took: 0.0000820 seconds
168.236: Application time: 0.0455480 seconds
168.236: [GC [PSYoungGen: 21037K->1952K(21504K)] 50404K->31319K(69120K), 0.0008360 secs] [Times: user=0.00 sys=0.00, real=0.01 secs] 
168.237: Total time for which application threads were stopped: 0.0009790 seconds, Stopping threads took: 0.0000730 seconds
168.279: Application time: 0.0422250 seconds
168.279: [GC [PSYoungGen: 20484K->2448K(21504K)] 49852K->31815K(69120K), 0.0009620 secs] [Times: user=0.01 sys=0.00, real=0.00 secs] 
168.280: Total time for which application threads were stopped: 0.0011090 seconds, Stopping threads took: 0.0000800 seconds
168.327: Application time: 0.0469470 seconds
168.327: [GC [PSYoungGen: 21071K->848K(21504K)] 50438K->30223K(69120K), 0.0005500 secs] [Times: user=0.01 sys=0.00, real=0.00 secs] 
168.328: Total time for which application threads were stopped: 0.0006700 seconds, Stopping threads took: 0.0000560 seconds
168.371: Application time: 0.0433840 seconds
168.371: [GC [PSYoungGen: 19372K->2448K(21504K)] 48747K->31823K(69120K), 0.0009950 secs] [Times: user=0.01 sys=0.00, real=0.00 secs] 
168.372: Total time for which application threads were stopped: 0.0011620 seconds, Stopping threads took: 0.0000940 seconds
168.417: Application time: 0.0445200 seconds
168.417: [GC [PSYoungGen: 20987K->1408K(21504K)] 50362K->30783K(69120K), 0.0006550 secs] [Times: user=0.01 sys=0.00, real=0.00 secs] 
168.417: Total time for which application threads were stopped: 0.0008260 seconds, Stopping threads took: 0.0001030 seconds
168.461: Application time: 0.0433130 seconds
168.461: [GC [PSYoungGen: 20018K->2496K(21504K)] 49394K->31871K(69120K), 0.0009490 secs] [Times: user=0.01 sys=0.00, real=0.00 secs] 
168.462: Total time for which application threads were stopped: 0.0010900 seconds, Stopping threads took: 0.0000700 seconds
168.506: Application time: 0.0437110 seconds
168.506: [GC [PSYoungGen: 21115K->1904K(21504K)] 50490K->31287K(69120K), 0.0008170 secs] [Times: user=0.00 sys=0.00, real=0.00 secs] 
168.507: Total time for which application threads were stopped: 0.0009770 seconds, Stopping threads took: 0.0000910 seconds
168.551: Application time: 0.0440370 seconds
168.551: [GC [PSYoungGen: 20677K->1904K(21504K)] 50061K->31295K(69120K), 0.0007950 secs] [Times: user=0.00 sys=0.00, real=0.00 secs] 
168.552: Total time for which application threads were stopped: 0.0009900 seconds, Stopping threads took: 0.0001320 seconds
168.595: Application time: 0.0438400 seconds
168.596: [GC [PSYoungGen: 20519K->1968K(21504K)] 49910K->31367K(69120K), 0.0007960 secs] [Times: user=0.01 sys=0.00, real=0.01 secs] 
168.596: Total time for which application threads were stopped: 0.0009320 seconds, Stopping threads took: 0.0000670 seconds
168.640: Application time: 0.0437390 seconds
168.640: [GC [PSYoungGen: 20500K->1968K(21504K)] 49900K->31375K(69120K), 0.0008080 secs] [Times: user=0.00 sys=0.00, real=0.00 secs] 
168.641: Total time for which application threads were stopped: 0.0009900 seconds, Stopping threads took: 0.0001170 seconds
168.685: Application time: 0.0442280 seconds
168.686: [GC [PSYoungGen: 20585K->2496K(21504K)] 49992K->31903K(69120K), 0.0009580 secs] [Times: user=0.01 sys=0.00, real=0.00 secs] 
168.687: Total time for which application threads were stopped: 0.0012160 seconds, Stopping threads took: 0.0001910 seconds
168.734: Application time: 0.0471120 seconds
168.734: [GC [PSYoungGen: 21037K->1936K(21504K)] 50444K->31351K(69120K), 0.0007970 secs] [Times: user=0.01 sys=0.00, real=0.00 secs] 
168.735: Total time for which application threads were stopped: 0.0009510 seconds, Stopping threads took: 0.0000750 seconds
168.777: Application time: 0.0426120 seconds
168.777: [GC [PSYoungGen: 20468K->2496K(21504K)] 49884K->31911K(69120K), 0.0009640 secs] [Times: user=0.01 sys=0.00, real=0.00 secs] 
168.778: Total time for which application threads were stopped: 0.0011110 seconds, Stopping threads took: 0.0000760 seconds
168.822: Application time: 0.0439680 seconds
168.822: [GC [PSYoungGen: 21032K->2496K(21504K)] 50448K->31911K(69120K), 0.0009560 secs] [Times: user=0.00 sys=0.00, real=0.00 secs] 
168.823: Total time for which application threads were stopped: 0.0011040 seconds, Stopping threads took: 0.0000780 seconds
168.869: Application time: 0.0455830 seconds
168.869: [GC [PSYoungGen: 21037K->1936K(21504K)] 50452K->31351K(69120K), 0.0008890 secs] [Times: user=0.00 sys=0.00, real=0.00 secs] 
168.871: Total time for which application threads were stopped: 0.0016830 seconds, Stopping threads took: 0.0000700 seconds
168.913: Application time: 0.0427850 seconds
168.914: [GC [PSYoungGen: 20468K->2496K(21504K)] 49884K->31911K(69120K), 0.0009630 secs] [Times: user=0.01 sys=0.00, real=0.00 secs] 
168.915: Total time for which application threads were stopped: 0.0011240 seconds, Stopping threads took: 0.0000890 seconds
168.958: Application time: 0.0437620 seconds
168.958: [GC [PSYoungGen: 21113K->2448K(21504K)] 50528K->31863K(69120K), 0.0009570 secs] [Times: user=0.00 sys=0.00, real=0.00 secs] 
168.959: Total time for which application threads were stopped: 0.0011170 seconds, Stopping threads took: 0.0000870 seconds
169.005: Application time: 0.0455930 seconds
169.005: [GC [PSYoungGen: 20989K->1936K(21504K)] 50404K->31359K(69120K), 0.0007890 secs] [Times: user=0.00 sys=0.00, real=0.00 secs] 
169.006: Total time for which application threads were stopped: 0.0009240 seconds, Stopping threads took: 0.0000630 seconds
169.050: Application time: 0.0437300 seconds
169.050: [GC [PSYoungGen: 20472K->1952K(21504K)] 49896K->31375K(69120K), 0.0008240 secs] [Times: user=0.00 sys=0.00, real=0.00 secs] 
169.051: Total time for which application threads were stopped: 0.0009660 seconds, Stopping threads took: 0.0000710 seconds
169.095: Application time: 0.0446420 seconds
169.096: [GC [PSYoungGen: 20493K->864K(21504K)] 49916K->30287K(69120K), 0.0005830 secs] [Times: user=0.00 sys=0.00, real=0.01 secs] 
169.096: Total time for which application threads were stopped: 0.0007950 seconds, Stopping threads took: 0.0001480 seconds
169.139: Application time: 0.0426090 seconds
169.139: [GC [PSYoungGen: 19468K->2464K(21504K)] 48892K->31895K(69120K), 0.0010500 secs] [Times: user=0.01 sys=0.00, real=0.00 secs] 
169.140: Total time for which application threads were stopped: 0.0012030 seconds, Stopping threads took: 0.0000790 seconds
169.186: Application time: 0.0463830 seconds
169.186: [GC [PSYoungGen: 21243K->896K(21504K)] 50675K->30335K(69120K), 0.0005480 secs] [Times: user=0.00 sys=0.00, real=0.00 secs] 
169.187: Total time for which application threads were stopped: 0.0006730 seconds, Stopping threads took: 0.0000650 seconds
169.230: Application time: 0.0429550 seconds
169.232: [GC [PSYoungGen: 19502K->1936K(21504K)] 48942K->31383K(69120K), 0.0007890 secs] [Times: user=0.00 sys=0.00, real=0.00 secs] 
169.233: Total time for which application threads were stopped: 0.0029570 seconds, Stopping threads took: 0.0021060 seconds
169.276: Application time: 0.0434790 seconds
169.277: [GC [PSYoungGen: 20549K->2480K(21504K)] 49996K->31935K(69120K), 0.0009510 secs] [Times: user=0.01 sys=0.00, real=0.00 secs] 
169.278: Total time for which application threads were stopped: 0.0011050 seconds, Stopping threads took: 0.0000750 seconds
169.322: Application time: 0.0442470 seconds
169.322: [GC [PSYoungGen: 21023K->1440K(21504K)] 50478K->30895K(69120K), 0.0006620 secs] [Times: user=0.01 sys=0.00, real=0.00 secs] 
169.323: Total time for which application threads were stopped: 0.0007920 seconds, Stopping threads took: 0.0000680 seconds
169.365: Application time: 0.0425610 seconds
169.365: [GC [PSYoungGen: 20044K->2496K(21504K)] 49500K->32471K(69120K), 0.0010980 secs] [Times: user=0.00 sys=0.00, real=0.00 secs] 
169.366: Total time for which application threads were stopped: 0.0012450 seconds, Stopping threads took: 0.0000760 seconds
169.413: Application time: 0.0468540 seconds
169.413: [GC [PSYoungGen: 21043K->896K(21504K)] 51018K->30871K(69120K), 0.0005020 secs] [Times: user=0.00 sys=0.00, real=0.00 secs] 
169.414: Total time for which application threads were stopped: 0.0006290 seconds, Stopping threads took: 0.0000650 seconds
169.455: Application time: 0.0410560 seconds
169.455: [GC [PSYoungGen: 19416K->2496K(21504K)] 49391K->32983K(69120K), 0.0012070 secs] [Times: user=0.00 sys=0.00, real=0.01 secs] 
169.456: Total time for which application threads were stopped: 0.0013510 seconds, Stopping threads took: 0.0000640 seconds
169.503: Application time: 0.0470310 seconds
169.503: [GC [PSYoungGen: 21043K->848K(21504K)] 51530K->31335K(69120K), 0.0005250 secs] [Times: user=0.00 sys=0.00, real=0.00 secs] 
169.504: Total time for which application threads were stopped: 0.0006660 seconds, Stopping threads took: 0.0000720 seconds
169.544: Application time: 0.0405540 seconds
169.545: [GC [PSYoungGen: 19368K->2464K(21504K)] 49855K->33463K(69120K), 0.0011360 secs] [Times: user=0.00 sys=0.00, real=0.00 secs] 
169.546: Total time for which application threads were stopped: 0.0012910 seconds, Stopping threads took: 0.0000800 seconds
169.593: Application time: 0.0470280 seconds
169.593: [GC [PSYoungGen: 21089K->880K(21504K)] 52089K->31879K(69120K), 0.0005280 secs] [Times: user=0.00 sys=0.00, real=0.00 secs] 
169.594: Total time for which application threads were stopped: 0.0007030 seconds, Stopping threads took: 0.0001080 seconds
169.636: Application time: 0.0423380 seconds
169.636: [GC [PSYoungGen: 19400K->2480K(21504K)] 50399K->33999K(69120K), 0.0011140 secs] [Times: user=0.00 sys=0.01, real=0.01 secs] 
169.637: Total time for which application threads were stopped: 0.0012640 seconds, Stopping threads took: 0.0000780 seconds
169.681: Application time: 0.0443200 seconds
169.682: [GC [PSYoungGen: 21023K->1424K(21504K)] 52542K->32943K(69120K), 0.0006890 secs] [Times: user=0.00 sys=0.00, real=0.00 secs] 
169.682: Total time for which application threads were stopped: 0.0008450 seconds, Stopping threads took: 0.0000880 seconds
169.726: Application time: 0.0441160 seconds
169.727: [GC [PSYoungGen: 19962K->1424K(21504K)] 51482K->32943K(69120K), 0.0006620 secs] [Times: user=0.00 sys=0.00, real=0.00 secs] 
169.727: Total time for which application threads were stopped: 0.0008030 seconds, Stopping threads took: 0.0000720 seconds
169.771: Application time: 0.0435070 seconds
169.771: [GC [PSYoungGen: 20030K->2496K(21504K)] 51550K->34015K(69120K), 0.0009570 secs] [Times: user=0.01 sys=0.00, real=0.00 secs] 
169.772: Total time for which application threads were stopped: 0.0011370 seconds, Stopping threads took: 0.0001100 seconds
169.817: Application time: 0.0446450 seconds
169.817: [GC [PSYoungGen: 21195K->1408K(21504K)] 52715K->32943K(69120K), 0.0006420 secs] [Times: user=0.01 sys=0.00, real=0.00 secs] 
169.817: Total time for which application threads were stopped: 0.0008600 seconds, Stopping threads took: 0.0001440 seconds
169.862: Application time: 0.0444130 seconds
169.862: [GC [PSYoungGen: 20099K->1392K(21504K)] 51634K->32935K(69120K), 0.0006610 secs] [Times: user=0.01 sys=0.00, real=0.00 secs] 
169.863: Total time for which application threads were stopped: 0.0008140 seconds, Stopping threads took: 0.0000900 seconds
169.906: Application time: 0.0438430 seconds
169.907: [GC [PSYoungGen: 19998K->2464K(21504K)] 51542K->34015K(69120K), 0.0009280 secs] [Times: user=0.00 sys=0.00, real=0.00 secs] 
169.908: Total time for which application threads were stopped: 0.0010700 seconds, Stopping threads took: 0.0000740 seconds
169.952: Application time: 0.0446160 seconds
169.952: [GC [PSYoungGen: 21007K->1392K(21504K)] 52558K->32959K(69120K), 0.0007130 secs] [Times: user=0.00 sys=0.00, real=0.00 secs] 
169.953: Total time for which application threads were stopped: 0.0008620 seconds, Stopping threads took: 0.0000870 seconds
169.997: Application time: 0.0439000 seconds
169.997: [GC [PSYoungGen: 20003K->1920K(21504K)] 51570K->33487K(69120K), 0.0007820 secs] [Times: user=0.01 sys=0.00, real=0.00 secs] 
169.998: Total time for which application threads were stopped: 0.0009120 seconds, Stopping threads took: 0.0000670 seconds
170.042: Application time: 0.0440050 seconds
170.042: [GC [PSYoungGen: 20448K->2480K(21504K)] 52016K->34055K(69120K), 0.0009840 secs] [Times: user=0.00 sys=0.00, real=0.00 secs] 
170.043: Total time for which application threads were stopped: 0.0011290 seconds, Stopping threads took: 0.0000780 seconds
170.088: Application time: 0.0446550 seconds
170.088: [GC [PSYoungGen: 21023K->1952K(21504K)] 52598K->33527K(69120K), 0.0008010 secs] [Times: user=0.01 sys=0.00, real=0.00 secs] 
170.089: Total time for which application threads were stopped: 0.0009360 seconds, Stopping threads took: 0.0000630 seconds
170.133: Application time: 0.0444690 seconds
170.133: [GC [PSYoungGen: 20491K->1408K(21504K)] 52066K->32983K(69120K), 0.0006980 secs] [Times: user=0.01 sys=0.00, real=0.00 secs] 
170.134: Total time for which application threads were stopped: 0.0009720 seconds, Stopping threads took: 0.0002120 seconds
170.178: Application time: 0.0440130 seconds
170.178: [GC [PSYoungGen: 19942K->1408K(21504K)] 51518K->32983K(69120K), 0.0006470 secs] [Times: user=0.00 sys=0.00, real=0.00 secs] 
170.179: Total time for which application threads were stopped: 0.0007870 seconds, Stopping threads took: 0.0000750 seconds
170.221: Application time: 0.0417330 seconds
170.221: [GC [PSYoungGen: 19936K->2448K(21504K)] 51512K->34023K(69120K), 0.0009840 secs] [Times: user=0.01 sys=0.00, real=0.00 secs] 
170.222: Total time for which application threads were stopped: 0.0011280 seconds, Stopping threads took: 0.0000690 seconds
170.267: Application time: 0.0456830 seconds
170.268: [GC [PSYoungGen: 21069K->1440K(21504K)] 52645K->33023K(69120K), 0.0006840 secs] [Times: user=0.00 sys=0.00, real=0.00 secs] 
170.268: Total time for which application threads were stopped: 0.0009080 seconds, Stopping threads took: 0.0001540 seconds
170.311: Application time: 0.0426600 seconds
170.311: [GC [PSYoungGen: 19968K->2480K(21504K)] 51552K->34063K(69120K), 0.0010040 secs] [Times: user=0.00 sys=0.01, real=0.00 secs] 
170.312: Total time for which application threads were stopped: 0.0011480 seconds, Stopping threads took: 0.0000690 seconds
170.358: Application time: 0.0454440 seconds
170.358: [GC [PSYoungGen: 21016K->2496K(21504K)] 52600K->34079K(69120K), 0.0009460 secs] [Times: user=0.01 sys=0.00, real=0.00 secs] 
170.359: Total time for which application threads were stopped: 0.0010900 seconds, Stopping threads took: 0.0000670 seconds
170.403: Application time: 0.0446210 seconds
170.403: [GC [PSYoungGen: 21117K->1424K(21504K)] 52701K->33007K(69120K), 0.0006560 secs] [Times: user=0.01 sys=0.00, real=0.00 secs] 
170.404: Total time for which application threads were stopped: 0.0007750 seconds, Stopping threads took: 0.0000580 seconds
170.449: Application time: 0.0452850 seconds
170.449: [GC [PSYoungGen: 20119K->880K(21504K)] 51702K->32471K(69120K), 0.0005170 secs] [Times: user=0.00 sys=0.00, real=0.00 secs] 
170.450: Total time for which application threads were stopped: 0.0006480 seconds, Stopping threads took: 0.0000700 seconds
170.492: Application time: 0.0416830 seconds
170.492: [GC [PSYoungGen: 19561K->2496K(21504K)] 51152K->34607K(69120K), 0.0011250 secs] [Times: user=0.01 sys=0.00, real=0.00 secs] 
170.493: Total time for which application threads were stopped: 0.0012690 seconds, Stopping threads took: 0.0000690 seconds
170.540: Application time: 0.0471440 seconds
170.540: [GC [PSYoungGen: 21121K->880K(21504K)] 53233K->32999K(69120K), 0.0005420 secs] [Times: user=0.00 sys=0.00, real=0.00 secs] 
170.541: Total time for which application threads were stopped: 0.0006640 seconds, Stopping threads took: 0.0000600 seconds
170.582: Application time: 0.0417550 seconds
170.583: [GC [PSYoungGen: 19400K->2496K(21504K)] 51519K->35135K(69120K), 0.0011250 secs] [Times: user=0.01 sys=0.00, real=0.00 secs] 
170.584: Total time for which application threads were stopped: 0.0012820 seconds, Stopping threads took: 0.0000780 seconds
170.630: Application time: 0.0466950 seconds
170.631: [GC [PSYoungGen: 21043K->896K(21504K)] 53682K->33535K(69120K), 0.0005100 secs] [Times: user=0.01 sys=0.00, real=0.00 secs] 
170.631: Total time for which application threads were stopped: 0.0006330 seconds, Stopping threads took: 0.0000630 seconds
170.673: Application time: 0.0416820 seconds
170.673: [GC [PSYoungGen: 19496K->2512K(21504K)] 52136K->35671K(69120K), 0.0011850 secs] [Times: user=0.01 sys=0.00, real=0.00 secs] 
170.674: Total time for which application threads were stopped: 0.0013300 seconds, Stopping threads took: 0.0000700 seconds
170.720: Application time: 0.0461550 seconds
170.720: [GC [PSYoungGen: 21055K->1936K(21504K)] 54214K->35095K(69120K), 0.0007940 secs] [Times: user=0.00 sys=0.00, real=0.00 secs] 
170.721: Total time for which application threads were stopped: 0.0009310 seconds, Stopping threads took: 0.0000720 seconds
170.763: Application time: 0.0418410 seconds
170.763: [GC [PSYoungGen: 20460K->2512K(21504K)] 53620K->36695K(69120K), 0.0012990 secs] [Times: user=0.01 sys=0.00, real=0.01 secs] 
170.764: Total time for which application threads were stopped: 0.0014550 seconds, Stopping threads took: 0.0000800 seconds
170.811: Application time: 0.0467900 seconds
170.811: [GC [PSYoungGen: 21059K->1424K(21504K)] 55243K->35607K(69120K), 0.0006700 secs] [Times: user=0.01 sys=0.00, real=0.00 secs] 
170.812: Total time for which application threads were stopped: 0.0008040 seconds, Stopping threads took: 0.0000620 seconds
170.855: Application time: 0.0430000 seconds
170.855: [GC [PSYoungGen: 19952K->2496K(21504K)] 54136K->36679K(69120K), 0.0010030 secs] [Times: user=0.01 sys=0.00, real=0.01 secs] 
170.856: Total time for which application threads were stopped: 0.0011580 seconds, Stopping threads took: 0.0000810 seconds
170.900: Application time: 0.0439510 seconds
170.900: [GC [PSYoungGen: 21109K->2480K(21504K)] 55292K->36663K(69120K), 0.0009910 secs] [Times: user=0.00 sys=0.00, real=0.00 secs] 
170.901: Total time for which application threads were stopped: 0.0011400 seconds, Stopping threads took: 0.0000700 seconds
170.947: Application time: 0.0453770 seconds
170.947: [GC [PSYoungGen: 21023K->1408K(21504K)] 55206K->35599K(69120K), 0.0006530 secs] [Times: user=0.00 sys=0.00, real=0.00 secs] 
170.948: Total time for which application threads were stopped: 0.0009110 seconds, Stopping threads took: 0.0001940 seconds
170.990: Application time: 0.0428650 seconds
170.991: [GC [PSYoungGen: 19936K->2496K(21504K)] 54128K->36687K(69120K), 0.0009440 secs] [Times: user=0.01 sys=0.00, real=0.00 secs] 
170.992: Total time for which application threads were stopped: 0.0010830 seconds, Stopping threads took: 0.0000690 seconds
171.035: Application time: 0.0437820 seconds
171.035: [GC [PSYoungGen: 21111K->2496K(21504K)] 55302K->36687K(69120K), 0.0009420 secs] [Times: user=0.01 sys=0.00, real=0.01 secs] 
171.036: Total time for which application threads were stopped: 0.0010870 seconds, Stopping threads took: 0.0000710 seconds
171.081: Application time: 0.0448760 seconds
171.081: [GC [PSYoungGen: 21191K->1952K(21504K)] 55383K->36151K(69120K), 0.0007770 secs] [Times: user=0.00 sys=0.00, real=0.00 secs] 
171.082: Total time for which application threads were stopped: 0.0009280 seconds, Stopping threads took: 0.0000870 seconds
171.126: Application time: 0.0432950 seconds
171.126: [GC [PSYoungGen: 20641K->2496K(21504K)] 54840K->36703K(69120K), 0.0009890 secs] [Times: user=0.00 sys=0.00, real=0.00 secs] 
171.127: Total time for which application threads were stopped: 0.0011280 seconds, Stopping threads took: 0.0000670 seconds
171.172: Application time: 0.0455410 seconds
171.172: [GC [PSYoungGen: 21117K->1408K(21504K)] 55324K->35623K(69120K), 0.0007810 secs] [Times: user=0.00 sys=0.00, real=0.00 secs] 
171.173: Total time for which application threads were stopped: 0.0009160 seconds, Stopping threads took: 0.0000660 seconds
171.215: Application time: 0.0417140 seconds
171.215: [GC [PSYoungGen: 19936K->2432K(21504K)] 54152K->36655K(69120K), 0.0009790 secs] [Times: user=0.00 sys=0.00, real=0.00 secs] 
171.216: Total time for which application threads were stopped: 0.0011130 seconds, Stopping threads took: 0.0000660 seconds
171.260: Application time: 0.0441070 seconds
171.260: [GC [PSYoungGen: 20969K->2496K(21504K)] 55192K->36719K(69120K), 0.0010880 secs] [Times: user=0.01 sys=0.00, real=0.00 secs] 
171.261: Total time for which application threads were stopped: 0.0012260 seconds, Stopping threads took: 0.0000660 seconds
171.305: Application time: 0.0441680 seconds
171.306: [GC [PSYoungGen: 21037K->1952K(21504K)] 55260K->36175K(69120K), 0.0008220 secs] [Times: user=0.01 sys=0.00, real=0.00 secs] 
171.306: Total time for which application threads were stopped: 0.0009520 seconds, Stopping threads took: 0.0000670 seconds
171.350: Application time: 0.0431120 seconds
171.350: [GC [PSYoungGen: 20561K->2528K(21504K)] 54784K->37271K(69120K), 0.0011250 secs] [Times: user=0.01 sys=0.00, real=0.00 secs] 
171.351: Total time for which application threads were stopped: 0.0012670 seconds, Stopping threads took: 0.0000630 seconds
171.398: Application time: 0.0467030 seconds
171.398: [GC [PSYoungGen: 21073K->1472K(21504K)] 55816K->36215K(69120K), 0.0006530 secs] [Times: user=0.00 sys=0.00, real=0.00 secs] 
171.398: Total time for which application threads were stopped: 0.0007790 seconds, Stopping threads took: 0.0000650 seconds
171.439: Application time: 0.0409480 seconds
171.439: [GC [PSYoungGen: 19996K->2496K(21504K)] 54740K->37751K(69120K), 0.0011210 secs] [Times: user=0.00 sys=0.00, real=0.00 secs] 
171.441: Total time for which application threads were stopped: 0.0012830 seconds, Stopping threads took: 0.0000800 seconds
171.487: Application time: 0.0464590 seconds
171.487: [GC [PSYoungGen: 21041K->1408K(21504K)] 56296K->36663K(69120K), 0.0006940 secs] [Times: user=0.00 sys=0.00, real=0.00 secs] 
171.488: Total time for which application threads were stopped: 0.0008170 seconds, Stopping threads took: 0.0000660 seconds
171.530: Application time: 0.0425710 seconds
171.530: [GC [PSYoungGen: 20016K->2496K(21504K)] 55272K->37751K(69120K), 0.0010010 secs] [Times: user=0.01 sys=0.00, real=0.00 secs] 
171.532: Total time for which application threads were stopped: 0.0011450 seconds, Stopping threads took: 0.0000690 seconds
171.576: Application time: 0.0442320 seconds
171.576: [GC [PSYoungGen: 21035K->1952K(21504K)] 56290K->37215K(69120K), 0.0007850 secs] [Times: user=0.00 sys=0.00, real=0.01 secs] 
171.577: Total time for which application threads were stopped: 0.0009210 seconds, Stopping threads took: 0.0000710 seconds
171.620: Application time: 0.0433500 seconds
171.620: [GC [PSYoungGen: 20484K->2496K(21504K)] 55748K->37759K(69120K), 0.0010040 secs] [Times: user=0.00 sys=0.00, real=0.00 secs] 
171.621: Total time for which application threads were stopped: 0.0011670 seconds, Stopping threads took: 0.0000880 seconds
171.665: Application time: 0.0440920 seconds
171.665: [GC [PSYoungGen: 21037K->1936K(21504K)] 56300K->37199K(69120K), 0.0007800 secs] [Times: user=0.00 sys=0.00, real=0.00 secs] 
171.666: Total time for which application threads were stopped: 0.0009340 seconds, Stopping threads took: 0.0000890 seconds
171.712: Application time: 0.0456290 seconds
171.712: [GC [PSYoungGen: 20629K->1920K(21504K)] 55893K->37191K(69120K), 0.0008220 secs] [Times: user=0.00 sys=0.00, real=0.00 secs] 
171.713: Total time for which application threads were stopped: 0.0009530 seconds, Stopping threads took: 0.0000620 seconds
171.755: Application time: 0.0418870 seconds
171.755: [GC [PSYoungGen: 20687K->2416K(21504K)] 55959K->38207K(69120K), 0.0011890 secs] [Times: user=0.00 sys=0.01, real=0.01 secs] 
171.756: Total time for which application threads were stopped: 0.0013410 seconds, Stopping threads took: 0.0000750 seconds
171.803: Application time: 0.0465290 seconds
171.803: [GC [PSYoungGen: 20959K->1936K(21504K)] 56750K->37735K(69120K), 0.0008110 secs] [Times: user=0.01 sys=0.00, real=0.00 secs] 
171.804: Total time for which application threads were stopped: 0.0009570 seconds, Stopping threads took: 0.0000720 seconds
171.848: Application time: 0.0440380 seconds
171.848: [GC [PSYoungGen: 20551K->1936K(21504K)] 56350K->37743K(69120K), 0.0008060 secs] [Times: user=0.00 sys=0.00, real=0.00 secs] 
171.849: Total time for which application threads were stopped: 0.0009420 seconds, Stopping threads took: 0.0000660 seconds
171.892: Application time: 0.0439180 seconds
171.893: [GC [PSYoungGen: 20470K->1936K(21504K)] 56278K->37743K(69120K), 0.0008440 secs] [Times: user=0.01 sys=0.00, real=0.00 secs] 
171.894: Total time for which application threads were stopped: 0.0010780 seconds, Stopping threads took: 0.0001640 seconds
171.937: Application time: 0.0437620 seconds
171.937: [GC [PSYoungGen: 20468K->2496K(21504K)] 56276K->38303K(69120K), 0.0009880 secs] [Times: user=0.00 sys=0.00, real=0.00 secs] 
171.938: Total time for which application threads were stopped: 0.0011290 seconds, Stopping threads took: 0.0000670 seconds
171.983: Application time: 0.0441640 seconds
171.983: [GC [PSYoungGen: 21113K->1920K(21504K)] 56921K->37727K(69120K), 0.0008160 secs] [Times: user=0.00 sys=0.00, real=0.00 secs] 
171.984: Total time for which application threads were stopped: 0.0009540 seconds, Stopping threads took: 0.0000580 seconds
172.027: Application time: 0.0432490 seconds
172.027: [GC [PSYoungGen: 20448K->2528K(21504K)] 56256K->38855K(69120K), 0.0011420 secs] [Times: user=0.01 sys=0.00, real=0.00 secs] 
172.028: Total time for which application threads were stopped: 0.0013340 seconds, Stopping threads took: 0.0001170 seconds
172.074: Application time: 0.0457040 seconds
172.074: [GC [PSYoungGen: 21071K->1408K(21504K)] 57398K->37735K(69120K), 0.0006540 secs] [Times: user=0.01 sys=0.00, real=0.00 secs] 
172.075: Total time for which application threads were stopped: 0.0008070 seconds, Stopping threads took: 0.0000820 seconds
172.117: Application time: 0.0424030 seconds
172.117: [GC [PSYoungGen: 19934K->2528K(21504K)] 56262K->39367K(69120K), 0.0011040 secs] [Times: user=0.00 sys=0.00, real=0.00 secs] 
172.118: Total time for which application threads were stopped: 0.0012610 seconds, Stopping threads took: 0.0000740 seconds
172.164: Application time: 0.0459470 seconds
172.164: [GC [PSYoungGen: 21151K->1456K(21504K)] 57991K->38295K(69120K), 0.0006400 secs] [Times: user=0.00 sys=0.00, real=0.00 secs] 
172.165: Total time for which application threads were stopped: 0.0007890 seconds, Stopping threads took: 0.0000860 seconds
172.209: Application time: 0.0440160 seconds
172.209: [GC [PSYoungGen: 19988K->1984K(21504K)] 56828K->38831K(69120K), 0.0008070 secs] [Times: user=0.00 sys=0.00, real=0.00 secs] 
172.210: Total time for which application threads were stopped: 0.0009460 seconds, Stopping threads took: 0.0000700 seconds
172.255: Application time: 0.0445790 seconds
172.255: [GC [PSYoungGen: 20520K->1920K(21504K)] 57368K->38767K(69120K), 0.0008150 secs] [Times: user=0.00 sys=0.00, real=0.00 secs] 
172.256: Total time for which application threads were stopped: 0.0009550 seconds, Stopping threads took: 0.0000720 seconds
172.300: Application time: 0.0443860 seconds
172.300: [GC [PSYoungGen: 20461K->864K(21504K)] 57308K->37711K(69120K), 0.0005420 secs] [Times: user=0.00 sys=0.00, real=0.00 secs] 
172.301: Total time for which application threads were stopped: 0.0007480 seconds, Stopping threads took: 0.0001420 seconds
172.344: Application time: 0.0434350 seconds
172.344: [GC [PSYoungGen: 19468K->2480K(21504K)] 56316K->39327K(69120K), 0.0010020 secs] [Times: user=0.00 sys=0.00, real=0.00 secs] 
172.345: Total time for which application threads were stopped: 0.0011370 seconds, Stopping threads took: 0.0000660 seconds
172.390: Application time: 0.0452090 seconds
172.391: [GC [PSYoungGen: 21338K->896K(21504K)] 58185K->37751K(69120K), 0.0005280 secs] [Times: user=0.00 sys=0.00, real=0.00 secs] 
172.391: Total time for which application threads were stopped: 0.0006520 seconds, Stopping threads took: 0.0000640 seconds
172.434: Application time: 0.0428900 seconds
172.434: [GC [PSYoungGen: 19420K->2464K(21504K)] 56276K->39327K(69120K), 0.0009730 secs] [Times: user=0.01 sys=0.00, real=0.00 secs] 
172.435: Total time for which application threads were stopped: 0.0011230 seconds, Stopping threads took: 0.0000800 seconds
172.478: Application time: 0.0429130 seconds
172.478: [GC [PSYoungGen: 21068K->2432K(21504K)] 57932K->40831K(69120K), 0.0014550 secs] [Times: user=0.01 sys=0.00, real=0.00 secs] 
172.480: Total time for which application threads were stopped: 0.0016090 seconds, Stopping threads took: 0.0000770 seconds
172.526: Application time: 0.0462310 seconds
172.526: [GC [PSYoungGen: 20979K->1952K(21504K)] 59379K->40359K(69120K), 0.0008540 secs] [Times: user=0.00 sys=0.00, real=0.00 secs] 
172.527: Total time for which application threads were stopped: 0.0009890 seconds, Stopping threads took: 0.0000590 seconds
172.568: Application time: 0.0411370 seconds
172.568: [GC [PSYoungGen: 20472K->2512K(21504K)] 58880K->42455K(69120K), 0.0014440 secs] [Times: user=0.01 sys=0.00, real=0.00 secs] 
172.570: Total time for which application threads were stopped: 0.0015870 seconds, Stopping threads took: 0.0000690 seconds
172.617: Application time: 0.0475600 seconds
172.617: [GC [PSYoungGen: 21059K->1952K(21504K)] 61003K->41895K(69120K), 0.0008490 secs] [Times: user=0.01 sys=0.00, real=0.00 secs] 
172.618: Total time for which application threads were stopped: 0.0009900 seconds, Stopping threads took: 0.0000700 seconds
172.660: Application time: 0.0416720 seconds
172.660: [GC [PSYoungGen: 20552K->2464K(21504K)] 60496K->43951K(69120K), 0.0014980 secs] [Times: user=0.00 sys=0.00, real=0.00 secs] 
172.662: Total time for which application threads were stopped: 0.0016500 seconds, Stopping threads took: 0.0000720 seconds
172.708: Application time: 0.0465030 seconds
172.708: [GC [PSYoungGen: 21007K->2480K(21504K)] 62495K->43967K(69120K), 0.0009340 secs] [Times: user=0.00 sys=0.00, real=0.00 secs] 
172.709: Total time for which application threads were stopped: 0.0010730 seconds, Stopping threads took: 0.0000700 seconds
172.754: Application time: 0.0450990 seconds
172.754: [GC [PSYoungGen: 21025K->848K(21504K)] 62513K->42335K(69120K), 0.0005990 secs] [Times: user=0.01 sys=0.00, real=0.00 secs] 
172.755: Total time for which application threads were stopped: 0.0007260 seconds, Stopping threads took: 0.0000590 seconds
172.798: Application time: 0.0435680 seconds
172.799: [GC [PSYoungGen: 19446K->2512K(21504K)] 60934K->44511K(69120K), 0.0011250 secs] [Times: user=0.00 sys=0.00, real=0.00 secs] 
172.800: Total time for which application threads were stopped: 0.0012670 seconds, Stopping threads took: 0.0000680 seconds
172.845: Application time: 0.0456970 seconds
172.846: [GC [PSYoungGen: 21059K->880K(21504K)] 63059K->42887K(69120K), 0.0005400 secs] [Times: user=0.00 sys=0.00, real=0.00 secs] 
172.846: Total time for which application threads were stopped: 0.0006670 seconds, Stopping threads took: 0.0000660 seconds
172.888: Application time: 0.0422500 seconds
172.888: [GC [PSYoungGen: 19400K->2464K(21504K)] 61408K->44983K(69120K), 0.0011640 secs] [Times: user=0.00 sys=0.00, real=0.00 secs] 
172.890: Total time for which application threads were stopped: 0.0013120 seconds, Stopping threads took: 0.0000740 seconds
172.936: Application time: 0.0465380 seconds
172.936: [GC [PSYoungGen: 21007K->1440K(21504K)] 63527K->43959K(69120K), 0.0006610 secs] [Times: user=0.01 sys=0.00, real=0.00 secs] 
172.937: Total time for which application threads were stopped: 0.0007940 seconds, Stopping threads took: 0.0000640 seconds
172.979: Application time: 0.0422390 seconds
172.980: [GC [PSYoungGen: 20042K->2512K(21504K)] 62562K->45543K(69120K), 0.0011130 secs] [Times: user=0.01 sys=0.00, real=0.00 secs] 
172.981: Total time for which application threads were stopped: 0.0019860 seconds, Stopping threads took: 0.0008000 seconds
173.028: Application time: 0.0468090 seconds
173.028: [GC [PSYoungGen: 21370K->1408K(21504K)] 64402K->44455K(69120K), 0.0006690 secs] [Times: user=0.00 sys=0.00, real=0.00 secs] 
173.029: Total time for which application threads were stopped: 0.0007980 seconds, Stopping threads took: 0.0000530 seconds
173.071: Application time: 0.0418790 seconds
173.071: [GC [PSYoungGen: 19932K->2448K(21504K)] 62980K->46015K(69120K), 0.0011950 secs] [Times: user=0.01 sys=0.00, real=0.00 secs] 
173.072: Total time for which application threads were stopped: 0.0013520 seconds, Stopping threads took: 0.0000800 seconds
173.118: Application time: 0.0463130 seconds
173.119: [GC [PSYoungGen: 21067K->1888K(21504K)] 64635K->45456K(69120K), 0.0008150 secs] [Times: user=0.00 sys=0.00, real=0.00 secs] 
173.119: Total time for which application threads were stopped: 0.0009530 seconds, Stopping threads took: 0.0000700 seconds
173.163: Application time: 0.0432720 seconds
173.163: [GC [PSYoungGen: 20420K->2480K(21504K)] 63988K->46056K(69120K), 0.0010500 secs] [Times: user=0.00 sys=0.00, real=0.00 secs] 
173.164: Total time for which application threads were stopped: 0.0011770 seconds, Stopping threads took: 0.0000610 seconds
173.209: Application time: 0.0455390 seconds
173.209: [GC [PSYoungGen: 21021K->1936K(21504K)] 64597K->45511K(69120K), 0.0008460 secs] [Times: user=0.00 sys=0.00, real=0.00 secs] 
173.210: Total time for which application threads were stopped: 0.0009870 seconds, Stopping threads took: 0.0000700 seconds
173.255: Application time: 0.0448390 seconds
173.255: [GC [PSYoungGen: 20476K->864K(21504K)] 64052K->44439K(69120K), 0.0005470 secs] [Times: user=0.01 sys=0.00, real=0.00 secs] 
173.256: Total time for which application threads were stopped: 0.0008000 seconds, Stopping threads took: 0.0001890 seconds
173.300: Application time: 0.0435930 seconds
173.300: [GC [PSYoungGen: 19466K->2496K(21504K)] 63042K->46071K(69120K), 0.0009840 secs] [Times: user=0.01 sys=0.00, real=0.00 secs] 
173.301: Total time for which application threads were stopped: 0.0011480 seconds, Stopping threads took: 0.0000930 seconds
173.345: Application time: 0.0443970 seconds
173.345: [GC [PSYoungGen: 21039K->1392K(21504K)] 64615K->44976K(69120K), 0.0006560 secs] [Times: user=0.00 sys=0.00, real=0.00 secs] 
173.346: Total time for which application threads were stopped: 0.0007940 seconds, Stopping threads took: 0.0000660 seconds
173.389: Application time: 0.0435070 seconds
173.390: [GC [PSYoungGen: 19920K->2384K(21504K)] 63504K->45968K(69120K), 0.0009940 secs] [Times: user=0.01 sys=0.00, real=0.00 secs] 
173.391: Total time for which application threads were stopped: 0.0011440 seconds, Stopping threads took: 0.0000790 seconds
173.435: Application time: 0.0444160 seconds
173.435: [GC [PSYoungGen: 20927K->1408K(21504K)] 64511K->44991K(69120K), 0.0007300 secs] [Times: user=0.01 sys=0.00, real=0.00 secs] 
173.436: Total time for which application threads were stopped: 0.0009120 seconds, Stopping threads took: 0.0001040 seconds
173.480: Application time: 0.0437550 seconds
173.480: [GC [PSYoungGen: 20008K->2496K(21504K)] 63592K->47112K(69120K), 0.0013160 secs] [Times: user=0.01 sys=0.00, real=0.00 secs] 
173.481: Total time for which application threads were stopped: 0.0014700 seconds, Stopping threads took: 0.0000780 seconds
173.527: Application time: 0.0461150 seconds
173.527: [GC [PSYoungGen: 21043K->1392K(21504K)] 65659K->46007K(69120K), 0.0006930 secs] [Times: user=0.01 sys=0.00, real=0.00 secs] 
173.528: Total time for which application threads were stopped: 0.0008240 seconds, Stopping threads took: 0.0000660 seconds
173.571: Application time: 0.0426290 seconds
173.571: [GC [PSYoungGen: 19912K->2512K(21504K)] 64528K->48152K(69120K), 0.0013210 secs] [Times: user=0.01 sys=0.00, real=0.00 secs] 
173.572: Total time for which application threads were stopped: 0.0014760 seconds, Stopping threads took: 0.0000700 seconds
173.619: Application time: 0.0468080 seconds
173.619: [GC [PSYoungGen: 21137K->1392K(21504K)] 66777K->47032K(69120K), 0.0006860 secs] [Times: user=0.00 sys=0.00, real=0.00 secs] 
173.620: Total time for which application threads were stopped: 0.0008290 seconds, Stopping threads took: 0.0000740 seconds
173.662: Application time: 0.0426310 seconds
173.663: [GC [PSYoungGen: 20079K->2432K(21504K)] 65719K->48080K(69120K), 0.0009340 secs] [Times: user=0.01 sys=0.00, real=0.00 secs] 
173.664: Total time for which application threads were stopped: 0.0010600 seconds, Stopping threads took: 0.0000580 seconds
173.709: Application time: 0.0459000 seconds
173.710: [GC [PSYoungGen: 21129K->1904K(21504K)] 66777K->47560K(69120K), 0.0008170 secs] [Times: user=0.00 sys=0.00, real=0.00 secs] 
173.710: Total time for which application threads were stopped: 0.0009530 seconds, Stopping threads took: 0.0000710 seconds
173.755: Application time: 0.0442590 seconds
173.755: [GC [PSYoungGen: 20510K->2480K(21504K)] 66166K->48648K(69120K), 0.0011390 secs] [Times: user=0.01 sys=0.00, real=0.00 secs] 
173.756: Total time for which application threads were stopped: 0.0012830 seconds, Stopping threads took: 0.0000720 seconds
173.801: Application time: 0.0451360 seconds
173.801: [GC [PSYoungGen: 21019K->2512K(21504K)] 67187K->48688K(69120K), 0.0009710 secs] [Times: user=0.01 sys=0.00, real=0.00 secs] 
173.802: Total time for which application threads were stopped: 0.0011180 seconds, Stopping threads took: 0.0000770 seconds
173.849: Application time: 0.0463350 seconds
173.849: [GC [PSYoungGen: 21059K->272K(21504K)] 67235K->46448K(69120K), 0.0004590 secs] [Times: user=0.00 sys=0.00, real=0.00 secs] 
173.849: Total time for which application threads were stopped: 0.0005870 seconds, Stopping threads took: 0.0000650 seconds
173.891: Application time: 0.0419390 seconds
173.891: [GC [PSYoungGen: 18790K->2464K(21504K)] 64966K->48640K(69120K), 0.0011070 secs] [Times: user=0.01 sys=0.00, real=0.00 secs] 
173.893: Total time for which application threads were stopped: 0.0016390 seconds, Stopping threads took: 0.0000790 seconds
173.939: Application time: 0.0461860 seconds
173.939: [GC [PSYoungGen: 21087K->880K(21504K)] 67263K->47056K(69120K), 0.0005640 secs] [Times: user=0.00 sys=0.00, real=0.00 secs] 
173.940: Total time for which application threads were stopped: 0.0007210 seconds, Stopping threads took: 0.0000910 seconds
173.982: Application time: 0.0422910 seconds
173.982: [GC [PSYoungGen: 19404K->2480K(21504K)] 65580K->48672K(69120K), 0.0009710 secs] [Times: user=0.01 sys=0.00, real=0.00 secs] 
173.983: Total time for which application threads were stopped: 0.0011320 seconds, Stopping threads took: 0.0000920 seconds
174.027: Application time: 0.0441060 seconds
174.027: [GC [PSYoungGen: 21021K->1984K(21504K)] 67213K->48176K(69120K), 0.0008590 secs] [Times: user=0.00 sys=0.00, real=0.00 secs] 
174.028: Total time for which application threads were stopped: 0.0010010 seconds, Stopping threads took: 0.0000700 seconds
174.072: Application time: 0.0436350 seconds
174.072: [GC [PSYoungGen: 20520K->1936K(21504K)] 66712K->48128K(69120K), 0.0008420 secs] [Times: user=0.01 sys=0.00, real=0.00 secs] 
174.073: Total time for which application threads were stopped: 0.0010190 seconds, Stopping threads took: 0.0000980 seconds
174.117: Application time: 0.0446560 seconds
174.118: [GC [PSYoungGen: 20553K->1360K(21504K)] 66745K->47552K(69120K), 0.0006890 secs] [Times: user=0.00 sys=0.00, real=0.00 secs] 
174.118: Total time for which application threads were stopped: 0.0008230 seconds, Stopping threads took: 0.0000650 seconds
174.162: Application time: 0.0436420 seconds
174.162: [GC [PSYoungGen: 19886K->2464K(21504K)] 66078K->49176K(69120K), 0.0011990 secs] [Times: user=0.01 sys=0.00, real=0.00 secs] 
174.163: [Full GC [PSYoungGen: 2464K->0K(21504K)] [ParOldGen: 46711K->9466K(47616K)] 49176K->9466K(69120K) [PSPermGen: 5179K->5179K(21504K)], 0.0048240 secs] [Times: user=0.02 sys=0.00, real=0.01 secs] 
174.168: Total time for which application threads were stopped: 0.0062430 seconds, Stopping threads took: 0.0000900 seconds
174.216: Application time: 0.0476030 seconds
174.216: [GC [PSYoungGen: 18547K->768K(21504K)] 28013K->10234K(69120K), 0.0004200 secs] [Times: user=0.00 sys=0.00, real=0.01 secs] 
174.216: Total time for which application threads were stopped: 0.0005660 seconds, Stopping threads took: 0.0000850 seconds
174.257: Application time: 0.0407520 seconds
174.257: [GC [PSYoungGen: 19366K->2304K(21504K)] 28833K->12282K(69120K), 0.0010620 secs] [Times: user=0.00 sys=0.00, real=0.00 secs] 
174.258: Total time for which application threads were stopped: 0.0012080 seconds, Stopping threads took: 0.0000720 seconds
174.305: Application time: 0.0468240 seconds
174.305: [GC [PSYoungGen: 21005K->1280K(21504K)] 30984K->11258K(69120K), 0.0005470 secs] [Times: user=0.00 sys=0.00, real=0.00 secs] 
174.306: Total time for which application threads were stopped: 0.0006830 seconds, Stopping threads took: 0.0000690 seconds
174.349: Application time: 0.0436590 seconds
174.350: [GC [PSYoungGen: 19971K->1856K(21504K)] 29950K->11834K(69120K), 0.0007490 secs] [Times: user=0.00 sys=0.00, real=0.00 secs] 
174.350: Total time for which application threads were stopped: 0.0008910 seconds, Stopping threads took: 0.0000770 seconds
174.394: Application time: 0.0438500 seconds
174.394: [GC [PSYoungGen: 20467K->2400K(21504K)] 30445K->12378K(69120K), 0.0008870 secs] [Times: user=0.01 sys=0.00, real=0.00 secs] 
174.395: Total time for which application threads were stopped: 0.0010220 seconds, Stopping threads took: 0.0000680 seconds
174.440: Application time: 0.0444570 seconds
174.440: [GC [PSYoungGen: 20941K->1904K(21504K)] 30919K->11882K(69120K), 0.0007810 secs] [Times: user=0.01 sys=0.00, real=0.00 secs] 
174.441: Total time for which application threads were stopped: 0.0009250 seconds, Stopping threads took: 0.0000740 seconds
174.486: Application time: 0.0456120 seconds
174.486: [GC [PSYoungGen: 20440K->1888K(21504K)] 30419K->11866K(69120K), 0.0007520 secs] [Times: user=0.00 sys=0.00, real=0.00 secs] 
174.487: Total time for which application threads were stopped: 0.0008870 seconds, Stopping threads took: 0.0000660 seconds
174.529: Application time: 0.0416260 seconds
174.529: [GC [PSYoungGen: 20416K->2432K(21504K)] 30395K->12922K(69120K), 0.0010750 secs] [Times: user=0.00 sys=0.00, real=0.00 secs] 
174.530: Total time for which application threads were stopped: 0.0012370 seconds, Stopping threads took: 0.0000880 seconds
174.577: Application time: 0.0466230 seconds
174.577: [GC [PSYoungGen: 20975K->1920K(21504K)] 31465K->12410K(69120K), 0.0007770 secs] [Times: user=0.00 sys=0.00, real=0.00 secs] 
174.578: Total time for which application threads were stopped: 0.0009190 seconds, Stopping threads took: 0.0000660 seconds
174.621: Application time: 0.0438370 seconds
174.621: [GC [PSYoungGen: 20535K->1376K(21504K)] 31026K->11866K(69120K), 0.0006150 secs] [Times: user=0.00 sys=0.00, real=0.00 secs] 
174.622: Total time for which application threads were stopped: 0.0007560 seconds, Stopping threads took: 0.0000730 seconds
174.663: Application time: 0.0409550 seconds
174.663: [GC [PSYoungGen: 19900K->2400K(21504K)] 30391K->13402K(69120K), 0.0010810 secs] [Times: user=0.00 sys=0.00, real=0.01 secs] 
174.664: Total time for which application threads were stopped: 0.0013000 seconds, Stopping threads took: 0.0001480 seconds
174.713: Application time: 0.0483360 seconds
174.713: [GC [PSYoungGen: 20947K->1408K(21504K)] 31950K->12410K(69120K), 0.0006150 secs] [Times: user=0.00 sys=0.00, real=0.00 secs] 
174.713: Total time for which application threads were stopped: 0.0007480 seconds, Stopping threads took: 0.0000700 seconds
174.757: Application time: 0.0438360 seconds
174.757: [GC [PSYoungGen: 20016K->1936K(21504K)] 31019K->12938K(69120K), 0.0007830 secs] [Times: user=0.01 sys=0.00, real=0.00 secs] 
174.758: Total time for which application threads were stopped: 0.0009460 seconds, Stopping threads took: 0.0000920 seconds
174.802: Application time: 0.0436630 seconds
174.802: [GC [PSYoungGen: 20472K->2432K(21504K)] 31475K->13434K(69120K), 0.0009580 secs] [Times: user=0.01 sys=0.00, real=0.00 secs] 
174.803: Total time for which application threads were stopped: 0.0011030 seconds, Stopping threads took: 0.0000720 seconds
174.848: Application time: 0.0447040 seconds
174.848: [GC [PSYoungGen: 20975K->1440K(21504K)] 31977K->12442K(69120K), 0.0006390 secs] [Times: user=0.00 sys=0.00, real=0.00 secs] 
174.849: Total time for which application threads were stopped: 0.0007730 seconds, Stopping threads took: 0.0000660 seconds
174.891: Application time: 0.0425710 seconds
174.891: [GC [PSYoungGen: 20046K->2480K(21504K)] 31049K->13482K(69120K), 0.0009410 secs] [Times: user=0.01 sys=0.00, real=0.00 secs] 
174.892: Total time for which application threads were stopped: 0.0010850 seconds, Stopping threads took: 0.0000700 seconds
174.938: Application time: 0.0461300 seconds
174.938: [GC [PSYoungGen: 21177K->1936K(21504K)] 32180K->12954K(69120K), 0.0007660 secs] [Times: user=0.00 sys=0.00, real=0.00 secs] 
174.939: Total time for which application threads were stopped: 0.0009030 seconds, Stopping threads took: 0.0000650 seconds
174.981: Application time: 0.0420360 seconds
174.981: [GC [PSYoungGen: 20625K->2432K(21504K)] 31644K->13466K(69120K), 0.0009250 secs] [Times: user=0.00 sys=0.00, real=0.00 secs] 
174.982: Total time for which application threads were stopped: 0.0010700 seconds, Stopping threads took: 0.0000790 seconds
175.029: Application time: 0.0462950 seconds
175.029: [GC [PSYoungGen: 20973K->1952K(21504K)] 32007K->13002K(69120K), 0.0007630 secs] [Times: user=0.01 sys=0.00, real=0.00 secs] 
175.030: Total time for which application threads were stopped: 0.0009030 seconds, Stopping threads took: 0.0000690 seconds
175.072: Application time: 0.0422560 seconds
175.072: [GC [PSYoungGen: 20558K->2528K(21504K)] 31609K->14098K(69120K), 0.0011290 secs] [Times: user=0.00 sys=0.00, real=0.00 secs] 
175.073: Total time for which application threads were stopped: 0.0012760 seconds, Stopping threads took: 0.0000720 seconds
175.119: Application time: 0.0460810 seconds
175.119: [GC [PSYoungGen: 21071K->1968K(21504K)] 32642K->13538K(69120K), 0.0007630 secs] [Times: user=0.00 sys=0.00, real=0.00 secs] 
175.120: Total time for which application threads were stopped: 0.0009200 seconds, Stopping threads took: 0.0000780 seconds
175.162: Application time: 0.0419710 seconds
175.162: [GC [PSYoungGen: 20492K->2496K(21504K)] 32063K->15091K(69120K), 0.0012740 secs] [Times: user=0.01 sys=0.00, real=0.00 secs] 
175.163: Total time for which application threads were stopped: 0.0014280 seconds, Stopping threads took: 0.0000780 seconds
175.210: Application time: 0.0461520 seconds
175.210: [GC [PSYoungGen: 21041K->1952K(21504K)] 33636K->14546K(69120K), 0.0008160 secs] [Times: user=0.01 sys=0.00, real=0.00 secs] 
175.211: Total time for which application threads were stopped: 0.0009570 seconds, Stopping threads took: 0.0000690 seconds
175.255: Application time: 0.0447950 seconds
175.255: [GC [PSYoungGen: 20486K->1936K(21504K)] 33081K->14530K(69120K), 0.0008120 secs] [Times: user=0.00 sys=0.00, real=0.01 secs] 
175.256: Total time for which application threads were stopped: 0.0009420 seconds, Stopping threads took: 0.0000620 seconds
175.298: Application time: 0.0419850 seconds
175.298: [GC [PSYoungGen: 20549K->2480K(21504K)] 33143K->15090K(69120K), 0.0009370 secs] [Times: user=0.00 sys=0.00, real=0.00 secs] 
175.299: Total time for which application threads were stopped: 0.0011180 seconds, Stopping threads took: 0.0001100 seconds
175.348: Application time: 0.0490550 seconds
175.349: [GC [PSYoungGen: 21023K->848K(21504K)] 33633K->13458K(69120K), 0.0005190 secs] [Times: user=0.01 sys=0.00, real=0.00 secs] 
175.349: Total time for which application threads were stopped: 0.0007150 seconds, Stopping threads took: 0.0001290 seconds
175.390: Application time: 0.0408660 seconds
175.390: [GC [PSYoungGen: 19454K->2480K(21504K)] 32065K->15090K(69120K), 0.0009600 secs] [Times: user=0.01 sys=0.00, real=0.00 secs] 
175.391: Total time for which application threads were stopped: 0.0011090 seconds, Stopping threads took: 0.0000760 seconds
175.439: Application time: 0.0475170 seconds
175.439: [GC [PSYoungGen: 21023K->1376K(21504K)] 33634K->13994K(69120K), 0.0006800 secs] [Times: user=0.00 sys=0.00, real=0.00 secs] 
175.440: Total time for which application threads were stopped: 0.0008300 seconds, Stopping threads took: 0.0000790 seconds
175.481: Application time: 0.0419200 seconds
175.482: [GC [PSYoungGen: 19904K->2464K(21504K)] 32523K->15082K(69120K), 0.0009500 secs] [Times: user=0.00 sys=0.00, real=0.00 secs] 
175.483: Total time for which application threads were stopped: 0.0010950 seconds, Stopping threads took: 0.0000740 seconds
175.528: Application time: 0.0455630 seconds
175.528: [GC [PSYoungGen: 21083K->1952K(21504K)] 33702K->14570K(69120K), 0.0007490 secs] [Times: user=0.00 sys=0.00, real=0.00 secs] 
175.529: Total time for which application threads were stopped: 0.0008840 seconds, Stopping threads took: 0.0000720 seconds
175.571: Application time: 0.0420190 seconds
175.571: [GC [PSYoungGen: 20480K->2512K(21504K)] 33099K->15650K(69120K), 0.0011140 secs] [Times: user=0.00 sys=0.00, real=0.00 secs] 
175.572: Total time for which application threads were stopped: 0.0012630 seconds, Stopping threads took: 0.0000740 seconds
175.618: Application time: 0.0460070 seconds
175.618: [GC [PSYoungGen: 21368K->1936K(21504K)] 34507K->15082K(69120K), 0.0007710 secs] [Times: user=0.00 sys=0.00, real=0.00 secs] 
175.619: Total time for which application threads were stopped: 0.0008960 seconds, Stopping threads took: 0.0000600 seconds
175.662: Application time: 0.0427550 seconds
175.662: [GC [PSYoungGen: 20464K->2544K(21504K)] 33611K->16210K(69120K), 0.0011450 secs] [Times: user=0.01 sys=0.00, real=0.00 secs] 
175.663: Total time for which application threads were stopped: 0.0012990 seconds, Stopping threads took: 0.0000720 seconds
175.709: Application time: 0.0462170 seconds
175.710: [GC [PSYoungGen: 21165K->1920K(21504K)] 34832K->15586K(69120K), 0.0007720 secs] [Times: user=0.00 sys=0.00, real=0.00 secs] 
175.710: Total time for which application threads were stopped: 0.0009060 seconds, Stopping threads took: 0.0000660 seconds
175.754: Application time: 0.0434070 seconds
175.754: [GC [PSYoungGen: 20452K->2496K(21504K)] 34119K->16170K(69120K), 0.0009210 secs] [Times: user=0.00 sys=0.00, real=0.00 secs] 
175.755: Total time for which application threads were stopped: 0.0010780 seconds, Stopping threads took: 0.0000880 seconds
175.800: Application time: 0.0448080 seconds
175.800: [GC [PSYoungGen: 21032K->1936K(21504K)] 34707K->15611K(69120K), 0.0008010 secs] [Times: user=0.00 sys=0.00, real=0.00 secs] 
175.801: Total time for which application threads were stopped: 0.0009800 seconds, Stopping threads took: 0.0001140 seconds
175.846: Application time: 0.0449630 seconds
175.846: [GC [PSYoungGen: 20477K->1968K(21504K)] 34151K->15643K(69120K), 0.0008080 secs] [Times: user=0.01 sys=0.00, real=0.00 secs] 
175.847: Total time for which application threads were stopped: 0.0009500 seconds, Stopping threads took: 0.0000710 seconds
175.890: Application time: 0.0429790 seconds
175.890: [GC [PSYoungGen: 20500K->2480K(21504K)] 34175K->16155K(69120K), 0.0009440 secs] [Times: user=0.01 sys=0.00, real=0.00 secs] 
175.891: Total time for which application threads were stopped: 0.0010880 seconds, Stopping threads took: 0.0000730 seconds
175.939: Application time: 0.0479590 seconds
175.939: [GC [PSYoungGen: 21103K->880K(21504K)] 34778K->14554K(69120K), 0.0004860 secs] [Times: user=0.00 sys=0.00, real=0.00 secs] 
175.939: Total time for which application threads were stopped: 0.0006060 seconds, Stopping threads took: 0.0000600 seconds
175.981: Application time: 0.0416640 seconds
175.981: [GC [PSYoungGen: 19404K->2480K(21504K)] 33079K->16163K(69120K), 0.0009470 secs] [Times: user=0.00 sys=0.00, real=0.00 secs] 
175.982: Total time for which application threads were stopped: 0.0010940 seconds, Stopping threads took: 0.0000750 seconds
176.029: Application time: 0.0465620 seconds
176.029: [GC [PSYoungGen: 21105K->336K(21504K)] 34788K->14018K(69120K), 0.0003910 secs] [Times: user=0.00 sys=0.00, real=0.00 secs] 
176.029: Total time for which application threads were stopped: 0.0005910 seconds, Stopping threads took: 0.0001430 seconds
176.070: Application time: 0.0413600 seconds
176.071: [GC [PSYoungGen: 18856K->2464K(21504K)] 32539K->16155K(69120K), 0.0009540 secs] [Times: user=0.00 sys=0.00, real=0.00 secs] 
176.072: Total time for which application threads were stopped: 0.0011040 seconds, Stopping threads took: 0.0000800 seconds
176.117: Application time: 0.0457280 seconds
176.117: [GC [PSYoungGen: 21007K->1408K(21504K)] 34698K->15098K(69120K), 0.0006740 secs] [Times: user=0.00 sys=0.00, real=0.00 secs] 
176.118: Total time for which application threads were stopped: 0.0007900 seconds, Stopping threads took: 0.0000530 seconds
176.159: Application time: 0.0410350 seconds
176.159: [GC [PSYoungGen: 20006K->2496K(21504K)] 33697K->17210K(69120K), 0.0012900 secs] [Times: user=0.01 sys=0.00, real=0.00 secs] 
176.161: Total time for which application threads were stopped: 0.0014390 seconds, Stopping threads took: 0.0000730 seconds
176.207: Application time: 0.0468240 seconds
176.208: [GC [PSYoungGen: 21043K->1392K(21504K)] 35758K->16114K(69120K), 0.0006610 secs] [Times: user=0.00 sys=0.00, real=0.00 secs] 
176.208: Total time for which application threads were stopped: 0.0008060 seconds, Stopping threads took: 0.0000720 seconds
176.250: Application time: 0.0415410 seconds
176.250: [GC [PSYoungGen: 20151K->2512K(21504K)] 34874K->18259K(69120K), 0.0012710 secs] [Times: user=0.01 sys=0.00, real=0.00 secs] 
176.251: Total time for which application threads were stopped: 0.0014210 seconds, Stopping threads took: 0.0000750 seconds
176.298: Application time: 0.0473010 seconds
176.299: [GC [PSYoungGen: 21135K->1952K(21504K)] 36882K->17707K(69120K), 0.0007830 secs] [Times: user=0.01 sys=0.00, real=0.00 secs] 
176.299: Total time for which application threads were stopped: 0.0009230 seconds, Stopping threads took: 0.0000710 seconds
176.340: Application time: 0.0410600 seconds
176.341: [GC [PSYoungGen: 20554K->2496K(21504K)] 36309K->19275K(69120K), 0.0012780 secs] [Times: user=0.01 sys=0.00, real=0.00 secs] 
176.342: Total time for which application threads were stopped: 0.0014380 seconds, Stopping threads took: 0.0000830 seconds
176.389: Application time: 0.0468150 seconds
176.389: [GC [PSYoungGen: 21041K->1936K(21504K)] 37820K->18723K(69120K), 0.0007940 secs] [Times: user=0.00 sys=0.00, real=0.00 secs] 
176.390: Total time for which application threads were stopped: 0.0009490 seconds, Stopping threads took: 0.0000780 seconds
176.435: Application time: 0.0450620 seconds
176.435: [GC [PSYoungGen: 20472K->1952K(21504K)] 37259K->18739K(69120K), 0.0008010 secs] [Times: user=0.01 sys=0.00, real=0.00 secs] 
176.436: Total time for which application threads were stopped: 0.0009400 seconds, Stopping threads took: 0.0000690 seconds
176.479: Application time: 0.0434850 seconds
176.479: [GC [PSYoungGen: 20484K->2496K(21504K)] 37271K->19283K(69120K), 0.0009520 secs] [Times: user=0.01 sys=0.00, real=0.00 secs] 
176.480: Total time for which application threads were stopped: 0.0011290 seconds, Stopping threads took: 0.0001060 seconds
176.527: Application time: 0.0464430 seconds
176.527: [GC [PSYoungGen: 21043K->336K(21504K)] 37830K->17123K(69120K), 0.0003870 secs] [Times: user=0.00 sys=0.00, real=0.00 secs] 
176.527: Total time for which application threads were stopped: 0.0005150 seconds, Stopping threads took: 0.0000680 seconds
176.571: Application time: 0.0432620 seconds
176.571: [GC [PSYoungGen: 18856K->2480K(21504K)] 35643K->19267K(69120K), 0.0009170 secs] [Times: user=0.00 sys=0.00, real=0.00 secs] 
176.572: Total time for which application threads were stopped: 0.0010570 seconds, Stopping threads took: 0.0000720 seconds
176.616: Application time: 0.0442420 seconds
176.616: [GC [PSYoungGen: 21091K->2496K(21504K)] 37878K->19803K(69120K), 0.0011010 secs] [Times: user=0.00 sys=0.00, real=0.01 secs] 
176.617: Total time for which application threads were stopped: 0.0012470 seconds, Stopping threads took: 0.0000750 seconds
176.662: Application time: 0.0446790 seconds
176.662: [GC [PSYoungGen: 21041K->1424K(21504K)] 38348K->18731K(69120K), 0.0006450 secs] [Times: user=0.00 sys=0.00, real=0.00 secs] 
176.663: Total time for which application threads were stopped: 0.0007990 seconds, Stopping threads took: 0.0000830 seconds
176.706: Application time: 0.0436290 seconds
176.706: [GC [PSYoungGen: 20030K->2480K(21504K)] 37337K->19803K(69120K), 0.0008970 secs] [Times: user=0.00 sys=0.00, real=0.00 secs] 
176.707: Total time for which application threads were stopped: 0.0010340 seconds, Stopping threads took: 0.0000670 seconds
176.753: Application time: 0.0454900 seconds
176.753: [GC [PSYoungGen: 21021K->1952K(21504K)] 38344K->19275K(69120K), 0.0008710 secs] [Times: user=0.00 sys=0.00, real=0.00 secs] 
176.754: Total time for which application threads were stopped: 0.0010150 seconds, Stopping threads took: 0.0000740 seconds
176.798: Application time: 0.0444640 seconds
176.798: [GC [PSYoungGen: 20486K->1936K(21504K)] 37809K->19259K(69120K), 0.0007500 secs] [Times: user=0.00 sys=0.00, real=0.00 secs] 
176.799: Total time for which application threads were stopped: 0.0008850 seconds, Stopping threads took: 0.0000720 seconds
176.842: Application time: 0.0433330 seconds
176.843: [GC [PSYoungGen: 20547K->2496K(21504K)] 37870K->19835K(69120K), 0.0009700 secs] [Times: user=0.00 sys=0.00, real=0.00 secs] 
176.844: Total time for which application threads were stopped: 0.0011150 seconds, Stopping threads took: 0.0000740 seconds
176.887: Application time: 0.0436500 seconds
176.887: [GC [PSYoungGen: 21269K->2480K(21504K)] 38608K->19819K(69120K), 0.0009360 secs] [Times: user=0.00 sys=0.00, real=0.00 secs] 
176.888: Total time for which application threads were stopped: 0.0010850 seconds, Stopping threads took: 0.0000790 seconds
176.933: Application time: 0.0451840 seconds
176.934: [GC [PSYoungGen: 21099K->1408K(21504K)] 38438K->18755K(69120K), 0.0006540 secs] [Times: user=0.00 sys=0.00, real=0.00 secs] 
176.934: Total time for which application threads were stopped: 0.0007910 seconds, Stopping threads took: 0.0000690 seconds
176.976: Application time: 0.0417060 seconds
176.976: [GC [PSYoungGen: 20012K->2512K(21504K)] 37359K->20387K(69120K), 0.0010750 secs] [Times: user=0.01 sys=0.00, real=0.00 secs] 
176.977: Total time for which application threads were stopped: 0.0012640 seconds, Stopping threads took: 0.0001160 seconds
177.025: Application time: 0.0478570 seconds
177.025: [GC [PSYoungGen: 21057K->1392K(21504K)] 38932K->19275K(69120K), 0.0006370 secs] [Times: user=0.00 sys=0.00, real=0.00 secs] 
177.026: Total time for which application threads were stopped: 0.0007660 seconds, Stopping threads took: 0.0000670 seconds
177.067: Application time: 0.0410350 seconds
177.067: [GC [PSYoungGen: 19916K->2512K(21504K)] 37799K->20395K(69120K), 0.0010050 secs] [Times: user=0.01 sys=0.00, real=0.00 secs] 
177.068: Total time for which application threads were stopped: 0.0011900 seconds, Stopping threads took: 0.0001120 seconds
177.113: Application time: 0.0452280 seconds
177.113: [GC [PSYoungGen: 21055K->1920K(21504K)] 38938K->19803K(69120K), 0.0008250 secs] [Times: user=0.00 sys=0.00, real=0.00 secs] 
177.114: Total time for which application threads were stopped: 0.0009540 seconds, Stopping threads took: 0.0000610 seconds
177.157: Application time: 0.0429460 seconds
177.157: [GC [PSYoungGen: 20448K->2528K(21504K)] 38331K->20923K(69120K), 0.0011200 secs] [Times: user=0.00 sys=0.00, real=0.00 secs] 
177.159: Total time for which application threads were stopped: 0.0013510 seconds, Stopping threads took: 0.0001620 seconds
177.204: Application time: 0.0450800 seconds
177.204: [GC [PSYoungGen: 21071K->1936K(21504K)] 39466K->20331K(69120K), 0.0008070 secs] [Times: user=0.00 sys=0.00, real=0.01 secs] 
177.205: Total time for which application threads were stopped: 0.0009540 seconds, Stopping threads took: 0.0000740 seconds
177.247: Application time: 0.0425260 seconds
177.247: [GC [PSYoungGen: 20460K->2480K(21504K)] 38855K->21899K(69120K), 0.0012950 secs] [Times: user=0.01 sys=0.00, real=0.00 secs] 
177.249: Total time for which application threads were stopped: 0.0014590 seconds, Stopping threads took: 0.0000900 seconds
177.294: Application time: 0.0455710 seconds
177.294: [GC [PSYoungGen: 21103K->1936K(21504K)] 40522K->21363K(69120K), 0.0008800 secs] [Times: user=0.01 sys=0.00, real=0.00 secs] 
177.295: Total time for which application threads were stopped: 0.0010300 seconds, Stopping threads took: 0.0000720 seconds
177.338: Application time: 0.0428430 seconds
177.338: [GC [PSYoungGen: 20542K->2496K(21504K)] 39969K->22435K(69120K), 0.0011300 secs] [Times: user=0.01 sys=0.00, real=0.00 secs] 
177.339: Total time for which application threads were stopped: 0.0013950 seconds, Stopping threads took: 0.0001930 seconds
177.384: Application time: 0.0447800 seconds
177.384: [GC [PSYoungGen: 21035K->2480K(21504K)] 40974K->22427K(69120K), 0.0009390 secs] [Times: user=0.01 sys=0.00, real=0.00 secs] 
177.385: Total time for which application threads were stopped: 0.0010970 seconds, Stopping threads took: 0.0000910 seconds
177.430: Application time: 0.0450830 seconds
177.431: [GC [PSYoungGen: 21021K->1936K(21504K)] 40968K->21883K(69120K), 0.0008640 secs] [Times: user=0.01 sys=0.00, real=0.00 secs] 
177.431: Total time for which application threads were stopped: 0.0010050 seconds, Stopping threads took: 0.0000670 seconds
177.478: Application time: 0.0461850 seconds
177.478: [GC [PSYoungGen: 20549K->1952K(21504K)] 40496K->21899K(69120K), 0.0007820 secs] [Times: user=0.01 sys=0.00, real=0.00 secs] 
177.479: Total time for which application threads were stopped: 0.0009230 seconds, Stopping threads took: 0.0000740 seconds
177.523: Application time: 0.0440320 seconds
177.523: [GC [PSYoungGen: 20723K->1952K(21504K)] 40670K->21907K(69120K), 0.0007910 secs] [Times: user=0.00 sys=0.00, real=0.00 secs] 
177.523: Total time for which application threads were stopped: 0.0009180 seconds, Stopping threads took: 0.0000610 seconds
177.566: Application time: 0.0424850 seconds
177.566: [GC [PSYoungGen: 20563K->2464K(21504K)] 40518K->22427K(69120K), 0.0009250 secs] [Times: user=0.01 sys=0.00, real=0.00 secs] 
177.567: Total time for which application threads were stopped: 0.0010620 seconds, Stopping threads took: 0.0000640 seconds
177.612: Application time: 0.0445810 seconds
177.612: [GC [PSYoungGen: 21083K->1936K(21504K)] 41046K->21915K(69120K), 0.0008150 secs] [Times: user=0.01 sys=0.00, real=0.00 secs] 
177.613: Total time for which application threads were stopped: 0.0009600 seconds, Stopping threads took: 0.0000640 seconds
177.656: Application time: 0.0433010 seconds
177.656: [GC [PSYoungGen: 20464K->2512K(21504K)] 40443K->23011K(69120K), 0.0011210 secs] [Times: user=0.00 sys=0.00, real=0.01 secs] 
177.657: Total time for which application threads were stopped: 0.0012820 seconds, Stopping threads took: 0.0000870 seconds
177.702: Application time: 0.0448320 seconds
177.702: [GC [PSYoungGen: 21051K->2480K(21504K)] 41550K->22979K(69120K), 0.0009140 secs] [Times: user=0.01 sys=0.00, real=0.00 secs] 
177.703: Total time for which application threads were stopped: 0.0010500 seconds, Stopping threads took: 0.0000680 seconds
177.749: Application time: 0.0457610 seconds
177.749: [GC [PSYoungGen: 21021K->1920K(21504K)] 41520K->22419K(69120K), 0.0007910 secs] [Times: user=0.00 sys=0.00, real=0.00 secs] 
177.750: Total time for which application threads were stopped: 0.0009290 seconds, Stopping threads took: 0.0000710 seconds
177.794: Application time: 0.0445020 seconds
177.794: [GC [PSYoungGen: 20454K->2480K(21504K)] 40953K->22979K(69120K), 0.0009630 secs] [Times: user=0.00 sys=0.00, real=0.00 secs] 
177.795: Total time for which application threads were stopped: 0.0011160 seconds, Stopping threads took: 0.0000810 seconds
177.840: Application time: 0.0443180 seconds
177.840: [GC [PSYoungGen: 21019K->1408K(21504K)] 41518K->21907K(69120K), 0.0006490 secs] [Times: user=0.00 sys=0.00, real=0.00 secs] 
177.841: Total time for which application threads were stopped: 0.0008020 seconds, Stopping threads took: 0.0000830 seconds
177.885: Application time: 0.0440600 seconds
177.885: [GC [PSYoungGen: 19942K->1952K(21504K)] 40441K->22451K(69120K), 0.0008260 secs] [Times: user=0.01 sys=0.00, real=0.00 secs] 
177.886: Total time for which application threads were stopped: 0.0010570 seconds, Stopping threads took: 0.0001630 seconds
177.930: Application time: 0.0443200 seconds
177.930: [GC [PSYoungGen: 20562K->2464K(21504K)] 41062K->22963K(69120K), 0.0009380 secs] [Times: user=0.01 sys=0.00, real=0.00 secs] 
177.931: Total time for which application threads were stopped: 0.0010750 seconds, Stopping threads took: 0.0000680 seconds
177.975: Application time: 0.0442400 seconds
177.975: [GC [PSYoungGen: 21087K->864K(21504K)] 41586K->21379K(69120K), 0.0005250 secs] [Times: user=0.01 sys=0.00, real=0.00 secs] 
177.976: Total time for which application threads were stopped: 0.0007510 seconds, Stopping threads took: 0.0001600 seconds
178.019: Application time: 0.0428460 seconds
178.019: [GC [PSYoungGen: 19388K->2496K(21504K)] 39903K->23019K(69120K), 0.0009560 secs] [Times: user=0.01 sys=0.00, real=0.00 secs] 
178.020: Total time for which application threads were stopped: 0.0010960 seconds, Stopping threads took: 0.0000700 seconds
178.065: Application time: 0.0450980 seconds
178.065: [GC [PSYoungGen: 21035K->1392K(21504K)] 41558K->21915K(69120K), 0.0006690 secs] [Times: user=0.00 sys=0.00, real=0.00 secs] 
178.066: Total time for which application threads were stopped: 0.0008300 seconds, Stopping threads took: 0.0000960 seconds
178.109: Application time: 0.0426500 seconds
178.109: [GC [PSYoungGen: 20003K->2464K(21504K)] 40526K->22987K(69120K), 0.0010070 secs] [Times: user=0.00 sys=0.00, real=0.00 secs] 
178.110: Total time for which application threads were stopped: 0.0011490 seconds, Stopping threads took: 0.0000710 seconds
178.155: Application time: 0.0449480 seconds
178.155: [GC [PSYoungGen: 21239K->1952K(21504K)] 41762K->22483K(69120K), 0.0007790 secs] [Times: user=0.00 sys=0.00, real=0.00 secs] 
178.156: Total time for which application threads were stopped: 0.0009230 seconds, Stopping threads took: 0.0000720 seconds
178.200: Application time: 0.0447810 seconds
178.200: [GC [PSYoungGen: 20565K->2496K(21504K)] 41096K->23043K(69120K), 0.0009480 secs] [Times: user=0.01 sys=0.00, real=0.00 secs] 
178.201: Total time for which application threads were stopped: 0.0010920 seconds, Stopping threads took: 0.0000680 seconds
178.246: Application time: 0.0444870 seconds
178.246: [GC [PSYoungGen: 21111K->1936K(21504K)] 41658K->22491K(69120K), 0.0008010 secs] [Times: user=0.01 sys=0.00, real=0.00 secs] 
178.247: Total time for which application threads were stopped: 0.0009600 seconds, Stopping threads took: 0.0000880 seconds
178.291: Application time: 0.0445350 seconds
178.292: [GC [PSYoungGen: 20468K->1952K(21504K)] 41023K->22515K(69120K), 0.0008200 secs] [Times: user=0.00 sys=0.00, real=0.00 secs] 
178.292: Total time for which application threads were stopped: 0.0010090 seconds, Stopping threads took: 0.0001180 seconds
178.337: Application time: 0.0445140 seconds
178.337: [GC [PSYoungGen: 20497K->1392K(21504K)] 41060K->21955K(69120K), 0.0006710 secs] [Times: user=0.00 sys=0.00, real=0.00 secs] 
178.338: Total time for which application threads were stopped: 0.0008930 seconds, Stopping threads took: 0.0001560 seconds
178.382: Application time: 0.0442230 seconds
178.382: [GC [PSYoungGen: 19916K->2496K(21504K)] 40479K->23571K(69120K), 0.0010930 secs] [Times: user=0.01 sys=0.00, real=0.00 secs] 
178.383: Total time for which application threads were stopped: 0.0012510 seconds, Stopping threads took: 0.0000740 seconds
178.428: Application time: 0.0448880 seconds
178.428: [GC [PSYoungGen: 21039K->1952K(21504K)] 42114K->23027K(69120K), 0.0008060 secs] [Times: user=0.00 sys=0.00, real=0.00 secs] 
178.429: Total time for which application threads were stopped: 0.0009370 seconds, Stopping threads took: 0.0000610 seconds
178.473: Application time: 0.0434320 seconds
178.473: [GC [PSYoungGen: 20480K->2480K(21504K)] 41555K->24067K(69120K), 0.0011910 secs] [Times: user=0.01 sys=0.00, real=0.00 secs] 
178.474: Total time for which application threads were stopped: 0.0013380 seconds, Stopping threads took: 0.0000730 seconds
178.519: Application time: 0.0450710 seconds
178.519: [GC [PSYoungGen: 21021K->1920K(21504K)] 42608K->23507K(69120K), 0.0007990 secs] [Times: user=0.00 sys=0.00, real=0.00 secs] 
178.520: Total time for which application threads were stopped: 0.0010340 seconds, Stopping threads took: 0.0001610 seconds
178.564: Application time: 0.0443100 seconds
178.564: [GC [PSYoungGen: 20456K->1968K(21504K)] 42044K->23555K(69120K), 0.0008360 secs] [Times: user=0.00 sys=0.00, real=0.00 secs] 
178.565: Total time for which application threads were stopped: 0.0009600 seconds, Stopping threads took: 0.0000540 seconds
178.609: Application time: 0.0440650 seconds
178.610: [GC [PSYoungGen: 20663K->1920K(21504K)] 42250K->23515K(69120K), 0.0008180 secs] [Times: user=0.01 sys=0.00, real=0.00 secs] 
178.610: Total time for which application threads were stopped: 0.0010280 seconds, Stopping threads took: 0.0001460 seconds
178.654: Application time: 0.0440380 seconds
178.655: [GC [PSYoungGen: 20456K->1952K(21504K)] 42052K->23555K(69120K), 0.0008090 secs] [Times: user=0.01 sys=0.00, real=0.00 secs] 
178.655: Total time for which application threads were stopped: 0.0009650 seconds, Stopping threads took: 0.0000850 seconds
178.701: Application time: 0.0453020 seconds
178.701: [GC [PSYoungGen: 20488K->1936K(21504K)] 42092K->23539K(69120K), 0.0007520 secs] [Times: user=0.00 sys=0.00, real=0.00 secs] 
178.702: Total time for which application threads were stopped: 0.0008840 seconds, Stopping threads took: 0.0000660 seconds
178.746: Application time: 0.0443810 seconds
178.746: [GC [PSYoungGen: 20551K->1984K(21504K)] 42154K->23587K(69120K), 0.0007680 secs] [Times: user=0.01 sys=0.00, real=0.00 secs] 
178.747: Total time for which application threads were stopped: 0.0009010 seconds, Stopping threads took: 0.0000580 seconds
178.790: Application time: 0.0431880 seconds
178.790: [GC [PSYoungGen: 20753K->2384K(21504K)] 42356K->23995K(69120K), 0.0009540 secs] [Times: user=0.01 sys=0.00, real=0.00 secs] 
178.791: Total time for which application threads were stopped: 0.0010920 seconds, Stopping threads took: 0.0000680 seconds
178.837: Application time: 0.0456910 seconds
178.837: [GC [PSYoungGen: 21003K->1936K(21504K)] 42614K->23563K(69120K), 0.0007870 secs] [Times: user=0.01 sys=0.00, real=0.00 secs] 
178.838: Total time for which application threads were stopped: 0.0009450 seconds, Stopping threads took: 0.0000800 seconds
178.880: Application time: 0.0419530 seconds
178.880: [GC [PSYoungGen: 20464K->2496K(21504K)] 42091K->24643K(69120K), 0.0011180 secs] [Times: user=0.00 sys=0.00, real=0.00 secs] 
178.881: Total time for which application threads were stopped: 0.0012770 seconds, Stopping threads took: 0.0000850 seconds
178.928: Application time: 0.0469330 seconds
178.928: [GC [PSYoungGen: 21117K->1920K(21504K)] 43264K->24083K(69120K), 0.0008230 secs] [Times: user=0.01 sys=0.00, real=0.00 secs] 
178.929: Total time for which application threads were stopped: 0.0009970 seconds, Stopping threads took: 0.0000960 seconds
178.972: Application time: 0.0427600 seconds
178.972: [GC [PSYoungGen: 20446K->2496K(21504K)] 42609K->25171K(69120K), 0.0010930 secs] [Times: user=0.01 sys=0.00, real=0.00 secs] 
178.973: Total time for which application threads were stopped: 0.0012430 seconds, Stopping threads took: 0.0000720 seconds
179.018: Application time: 0.0451490 seconds
179.018: [GC [PSYoungGen: 21039K->1952K(21504K)] 43714K->24627K(69120K), 0.0008010 secs] [Times: user=0.00 sys=0.00, real=0.00 secs] 
179.019: Total time for which application threads were stopped: 0.0009310 seconds, Stopping threads took: 0.0000580 seconds
179.063: Application time: 0.0440960 seconds
179.063: [GC [PSYoungGen: 20488K->1936K(21504K)] 43164K->24611K(69120K), 0.0008170 secs] [Times: user=0.01 sys=0.00, real=0.01 secs] 
179.064: Total time for which application threads were stopped: 0.0009620 seconds, Stopping threads took: 0.0000770 seconds
179.107: Application time: 0.0429430 seconds
179.107: [GC [PSYoungGen: 20468K->2480K(21504K)] 43144K->25155K(69120K), 0.0009840 secs] [Times: user=0.01 sys=0.00, real=0.00 secs] 
179.108: Total time for which application threads were stopped: 0.0011380 seconds, Stopping threads took: 0.0000780 seconds
179.152: Application time: 0.0434140 seconds
179.152: [GC [PSYoungGen: 21012K->2496K(21504K)] 43687K->25683K(69120K), 0.0011170 secs] [Times: user=0.01 sys=0.00, real=0.00 secs] 
179.153: Total time for which application threads were stopped: 0.0012640 seconds, Stopping threads took: 0.0000760 seconds
179.199: Application time: 0.0456420 seconds
179.199: [GC [PSYoungGen: 21039K->1952K(21504K)] 44226K->25139K(69120K), 0.0008370 secs] [Times: user=0.01 sys=0.00, real=0.00 secs] 
179.200: Total time for which application threads were stopped: 0.0009740 seconds, Stopping threads took: 0.0000670 seconds
179.241: Application time: 0.0416220 seconds
179.241: [GC [PSYoungGen: 20476K->2496K(21504K)] 43663K->26707K(69120K), 0.0012620 secs] [Times: user=0.01 sys=0.00, real=0.00 secs] 
179.243: Total time for which application threads were stopped: 0.0014010 seconds, Stopping threads took: 0.0000610 seconds
179.289: Application time: 0.0465250 seconds
179.289: [GC [PSYoungGen: 21197K->1920K(21504K)] 45409K->26139K(69120K), 0.0008230 secs] [Times: user=0.01 sys=0.00, real=0.00 secs] 
179.290: Total time for which application threads were stopped: 0.0009770 seconds, Stopping threads took: 0.0000880 seconds
179.332: Application time: 0.0415090 seconds
179.332: [GC [PSYoungGen: 20444K->2528K(21504K)] 44663K->27771K(69120K), 0.0012960 secs] [Times: user=0.01 sys=0.00, real=0.00 secs] 
179.333: Total time for which application threads were stopped: 0.0014490 seconds, Stopping threads took: 0.0000760 seconds
179.380: Application time: 0.0465300 seconds
179.380: [GC [PSYoungGen: 21151K->1968K(21504K)] 46394K->27211K(69120K), 0.0008060 secs] [Times: user=0.00 sys=0.01, real=0.00 secs] 
179.380: Total time for which application threads were stopped: 0.0009410 seconds, Stopping threads took: 0.0000710 seconds
179.424: Application time: 0.0430420 seconds
179.424: [GC [PSYoungGen: 20653K->2512K(21504K)] 45896K->28275K(69120K), 0.0010740 secs] [Times: user=0.00 sys=0.00, real=0.01 secs] 
179.425: Total time for which application threads were stopped: 0.0012000 seconds, Stopping threads took: 0.0000550 seconds
179.470: Application time: 0.0456320 seconds
179.470: [GC [PSYoungGen: 21211K->1952K(21504K)] 46974K->27731K(69120K), 0.0008010 secs] [Times: user=0.00 sys=0.00, real=0.00 secs] 
179.471: Total time for which application threads were stopped: 0.0009350 seconds, Stopping threads took: 0.0000550 seconds
179.515: Application time: 0.0440470 seconds
179.515: [GC [PSYoungGen: 20486K->1376K(21504K)] 46266K->27163K(69120K), 0.0006400 secs] [Times: user=0.00 sys=0.00, real=0.01 secs] 
179.516: Total time for which application threads were stopped: 0.0007790 seconds, Stopping threads took: 0.0000740 seconds
179.560: Application time: 0.0439340 seconds
179.560: [GC [PSYoungGen: 19985K->2480K(21504K)] 45772K->28267K(69120K), 0.0009430 secs] [Times: user=0.01 sys=0.00, real=0.00 secs] 
179.561: Total time for which application threads were stopped: 0.0010870 seconds, Stopping threads took: 0.0000770 seconds
179.606: Application time: 0.0449360 seconds
179.606: [GC [PSYoungGen: 21023K->1424K(21504K)] 46810K->27219K(69120K), 0.0006690 secs] [Times: user=0.00 sys=0.00, real=0.00 secs] 
179.607: Total time for which application threads were stopped: 0.0008150 seconds, Stopping threads took: 0.0000740 seconds
179.650: Application time: 0.0429790 seconds
179.650: [GC [PSYoungGen: 19952K->2496K(21504K)] 45747K->28291K(69120K), 0.0009220 secs] [Times: user=0.01 sys=0.00, real=0.00 secs] 
179.651: Total time for which application threads were stopped: 0.0010540 seconds, Stopping threads took: 0.0000610 seconds
179.696: Application time: 0.0450130 seconds
179.696: [GC [PSYoungGen: 21039K->1392K(21504K)] 46834K->27187K(69120K), 0.0006480 secs] [Times: user=0.00 sys=0.00, real=0.00 secs] 
179.697: Total time for which application threads were stopped: 0.0008720 seconds, Stopping threads took: 0.0001610 seconds
179.740: Application time: 0.0434280 seconds
179.740: [GC [PSYoungGen: 19920K->2496K(21504K)] 45715K->28291K(69120K), 0.0009660 secs] [Times: user=0.00 sys=0.00, real=0.00 secs] 
179.741: Total time for which application threads were stopped: 0.0011060 seconds, Stopping threads took: 0.0000680 seconds
179.785: Application time: 0.0439890 seconds
179.788: [GC [PSYoungGen: 21037K->1936K(21504K)] 46832K->27731K(69120K), 0.0007950 secs] [Times: user=0.00 sys=0.00, real=0.00 secs] 
179.789: Total time for which application threads were stopped: 0.0035710 seconds, Stopping threads took: 0.0027040 seconds
179.834: Application time: 0.0449010 seconds
179.834: [GC [PSYoungGen: 20468K->1392K(21504K)] 46264K->27187K(69120K), 0.0007030 secs] [Times: user=0.00 sys=0.00, real=0.00 secs] 
179.835: Total time for which application threads were stopped: 0.0008850 seconds, Stopping threads took: 0.0001130 seconds
179.877: Application time: 0.0426450 seconds
179.877: [GC [PSYoungGen: 19920K->2512K(21504K)] 45715K->28819K(69120K), 0.0011030 secs] [Times: user=0.01 sys=0.00, real=0.00 secs] 
179.879: Total time for which application threads were stopped: 0.0012650 seconds, Stopping threads took: 0.0000880 seconds
179.923: Application time: 0.0439710 seconds
179.923: [GC [PSYoungGen: 21211K->1952K(21504K)] 47518K->28259K(69120K), 0.0008280 secs] [Times: user=0.01 sys=0.00, real=0.00 secs] 
179.924: Total time for which application threads were stopped: 0.0010760 seconds, Stopping threads took: 0.0001810 seconds
179.968: Application time: 0.0443500 seconds
179.968: [GC [PSYoungGen: 20488K->1936K(21504K)] 46796K->28259K(69120K), 0.0008930 secs] [Times: user=0.01 sys=0.00, real=0.00 secs] 
179.969: Total time for which application threads were stopped: 0.0011380 seconds, Stopping threads took: 0.0001700 seconds
180.014: Application time: 0.0447130 seconds
180.014: [GC [PSYoungGen: 20555K->880K(21504K)] 46878K->27203K(69120K), 0.0005130 secs] [Times: user=0.00 sys=0.00, real=0.00 secs] 
180.015: Total time for which application threads were stopped: 0.0006450 seconds, Stopping threads took: 0.0000560 seconds
180.059: Application time: 0.0443880 seconds
180.059: [GC [PSYoungGen: 19486K->1952K(21504K)] 45810K->28283K(69120K), 0.0008660 secs] [Times: user=0.01 sys=0.00, real=0.00 secs] 
180.060: Total time for which application threads were stopped: 0.0010230 seconds, Stopping threads took: 0.0000800 seconds
180.104: Application time: 0.0439490 seconds
180.104: [GC [PSYoungGen: 20641K->1968K(21504K)] 46972K->28307K(69120K), 0.0007680 secs] [Times: user=0.00 sys=0.00, real=0.01 secs] 
180.105: Total time for which application threads were stopped: 0.0009040 seconds, Stopping threads took: 0.0000740 seconds
180.149: Application time: 0.0436950 seconds
180.149: [GC [PSYoungGen: 20583K->2464K(21504K)] 46922K->28811K(69120K), 0.0009780 secs] [Times: user=0.01 sys=0.00, real=0.00 secs] 
180.150: Total time for which application threads were stopped: 0.0011180 seconds, Stopping threads took: 0.0000660 seconds
180.194: Application time: 0.0448400 seconds
180.195: [GC [PSYoungGen: 21085K->1376K(21504K)] 47432K->27723K(69120K), 0.0006380 secs] [Times: user=0.01 sys=0.00, real=0.00 secs] 
180.195: Total time for which application threads were stopped: 0.0007840 seconds, Stopping threads took: 0.0000800 seconds
180.239: Application time: 0.0439580 seconds
180.239: [GC [PSYoungGen: 19904K->2464K(21504K)] 46251K->28819K(69120K), 0.0009600 secs] [Times: user=0.01 sys=0.00, real=0.00 secs] 
180.240: Total time for which application threads were stopped: 0.0011680 seconds, Stopping threads took: 0.0001350 seconds
180.285: Application time: 0.0449140 seconds
180.285: [GC [PSYoungGen: 21007K->1424K(21504K)] 47362K->27779K(69120K), 0.0006720 secs] [Times: user=0.00 sys=0.00, real=0.00 secs] 
180.286: Total time for which application threads were stopped: 0.0008810 seconds, Stopping threads took: 0.0001460 seconds
180.330: Application time: 0.0435780 seconds
180.330: [GC [PSYoungGen: 19946K->2496K(21504K)] 46301K->29363K(69120K), 0.0012050 secs] [Times: user=0.01 sys=0.00, real=0.00 secs] 
180.331: Total time for which application threads were stopped: 0.0013580 seconds, Stopping threads took: 0.0000730 seconds
180.376: Application time: 0.0445360 seconds
180.376: [GC [PSYoungGen: 21039K->1952K(21504K)] 47906K->28819K(69120K), 0.0008280 secs] [Times: user=0.01 sys=0.00, real=0.01 secs] 
180.377: Total time for which application threads were stopped: 0.0009650 seconds, Stopping threads took: 0.0000690 seconds
180.420: Application time: 0.0433450 seconds
180.420: [GC [PSYoungGen: 20480K->2432K(21504K)] 47348K->29299K(69120K), 0.0010420 secs] [Times: user=0.01 sys=0.00, real=0.00 secs] 
180.421: Total time for which application threads were stopped: 0.0012020 seconds, Stopping threads took: 0.0000890 seconds
180.465: Application time: 0.0439860 seconds
180.465: [GC [PSYoungGen: 20971K->2384K(21504K)] 47838K->29251K(69120K), 0.0010690 secs] [Times: user=0.00 sys=0.00, real=0.00 secs] 
180.466: Total time for which application threads were stopped: 0.0012230 seconds, Stopping threads took: 0.0000790 seconds
180.511: Application time: 0.0443310 seconds
180.511: [GC [PSYoungGen: 20925K->1920K(21504K)] 47792K->28787K(69120K), 0.0007910 secs] [Times: user=0.00 sys=0.00, real=0.00 secs] 
180.512: Total time for which application threads were stopped: 0.0009340 seconds, Stopping threads took: 0.0000730 seconds
180.556: Application time: 0.0441680 seconds
180.556: [GC [PSYoungGen: 20535K->1936K(21504K)] 47402K->28803K(69120K), 0.0008010 secs] [Times: user=0.00 sys=0.00, real=0.01 secs] 
180.557: Total time for which application threads were stopped: 0.0009510 seconds, Stopping threads took: 0.0000740 seconds
180.600: Application time: 0.0434120 seconds
180.600: [GC [PSYoungGen: 20542K->2448K(21504K)] 47410K->29835K(69120K), 0.0011100 secs] [Times: user=0.00 sys=0.00, real=0.00 secs] 
180.601: Total time for which application threads were stopped: 0.0012490 seconds, Stopping threads took: 0.0000620 seconds
180.647: Application time: 0.0451710 seconds
180.647: [GC [PSYoungGen: 20987K->1920K(21504K)] 48374K->29307K(69120K), 0.0008020 secs] [Times: user=0.00 sys=0.00, real=0.00 secs] 
180.648: Total time for which application threads were stopped: 0.0010250 seconds, Stopping threads took: 0.0001510 seconds
180.692: Application time: 0.0445700 seconds
180.692: [GC [PSYoungGen: 20619K->1408K(21504K)] 48006K->28803K(69120K), 0.0009070 secs] [Times: user=0.00 sys=0.00, real=0.00 secs] 
180.693: Total time for which application threads were stopped: 0.0011740 seconds, Stopping threads took: 0.0001860 seconds
180.736: Application time: 0.0422520 seconds
180.736: [GC [PSYoungGen: 20088K->2448K(21504K)] 47484K->30875K(69120K), 0.0013650 secs] [Times: user=0.01 sys=0.00, real=0.01 secs] 
180.737: Total time for which application threads were stopped: 0.0015210 seconds, Stopping threads took: 0.0000810 seconds
180.785: Application time: 0.0479940 seconds
180.785: [GC [PSYoungGen: 21067K->2496K(21504K)] 49494K->30931K(69120K), 0.0009430 secs] [Times: user=0.01 sys=0.00, real=0.00 secs] 
180.786: Total time for which application threads were stopped: 0.0010900 seconds, Stopping threads took: 0.0000740 seconds
180.832: Application time: 0.0459240 seconds
180.833: [GC [PSYoungGen: 21119K->880K(21504K)] 49554K->29331K(69120K), 0.0006340 secs] [Times: user=0.00 sys=0.00, real=0.00 secs] 
180.834: Total time for which application threads were stopped: 0.0015110 seconds, Stopping threads took: 0.0008090 seconds
180.876: Application time: 0.0419680 seconds
180.876: [GC [PSYoungGen: 19404K->2512K(21504K)] 47855K->30971K(69120K), 0.0009580 secs] [Times: user=0.00 sys=0.00, real=0.01 secs] 
180.877: Total time for which application threads were stopped: 0.0011110 seconds, Stopping threads took: 0.0000820 seconds
180.922: Application time: 0.0455670 seconds
180.922: [GC [PSYoungGen: 21055K->1440K(21504K)] 49514K->29899K(69120K), 0.0006350 secs] [Times: user=0.00 sys=0.00, real=0.00 secs] 
180.923: Total time for which application threads were stopped: 0.0007650 seconds, Stopping threads took: 0.0000680 seconds
180.965: Application time: 0.0419770 seconds
180.965: [GC [PSYoungGen: 19964K->2464K(21504K)] 48423K->31435K(69120K), 0.0011180 secs] [Times: user=0.01 sys=0.00, real=0.00 secs] 
180.966: Total time for which application threads were stopped: 0.0012700 seconds, Stopping threads took: 0.0000800 seconds
181.011: Application time: 0.0451000 seconds
181.012: [GC [PSYoungGen: 21009K->1424K(21504K)] 49980K->30395K(69120K), 0.0007130 secs] [Times: user=0.00 sys=0.00, real=0.00 secs] 
181.012: Total time for which application threads were stopped: 0.0008410 seconds, Stopping threads took: 0.0000650 seconds
181.054: Application time: 0.0413140 seconds
181.054: [GC [PSYoungGen: 19944K->2496K(21504K)] 48915K->32491K(69120K), 0.0012970 secs] [Times: user=0.01 sys=0.00, real=0.00 secs] 
181.055: Total time for which application threads were stopped: 0.0014500 seconds, Stopping threads took: 0.0000760 seconds
181.102: Application time: 0.0466970 seconds
181.102: [GC [PSYoungGen: 21043K->1440K(21504K)] 51038K->31435K(69120K), 0.0006670 secs] [Times: user=0.01 sys=0.00, real=0.00 secs] 
181.103: Total time for which application threads were stopped: 0.0008160 seconds, Stopping threads took: 0.0000730 seconds
181.144: Application time: 0.0419020 seconds
181.145: [GC [PSYoungGen: 19960K->2512K(21504K)] 49955K->33531K(69120K), 0.0013070 secs] [Times: user=0.01 sys=0.00, real=0.00 secs] 
181.146: Total time for which application threads were stopped: 0.0014560 seconds, Stopping threads took: 0.0000730 seconds
181.192: Application time: 0.0457840 seconds
181.192: [GC [PSYoungGen: 21055K->1920K(21504K)] 52074K->32939K(69120K), 0.0008470 secs] [Times: user=0.01 sys=0.00, real=0.00 secs] 
181.193: Total time for which application threads were stopped: 0.0009850 seconds, Stopping threads took: 0.0000680 seconds
181.238: Application time: 0.0456760 seconds
181.239: [GC [PSYoungGen: 20619K->896K(21504K)] 51638K->31931K(69120K), 0.0005710 secs] [Times: user=0.00 sys=0.00, real=0.00 secs] 
181.239: Total time for which application threads were stopped: 0.0007310 seconds, Stopping threads took: 0.0000910 seconds
181.281: Application time: 0.0423680 seconds
181.282: [GC [PSYoungGen: 19418K->2512K(21504K)] 50453K->34067K(69120K), 0.0010880 secs] [Times: user=0.01 sys=0.00, real=0.00 secs] 
181.283: Total time for which application threads were stopped: 0.0012430 seconds, Stopping threads took: 0.0000730 seconds
181.329: Application time: 0.0460260 seconds
181.332: [GC [PSYoungGen: 21137K->832K(21504K)] 52693K->32387K(69120K), 0.0005820 secs] [Times: user=0.00 sys=0.00, real=0.00 secs] 
181.333: Total time for which application threads were stopped: 0.0039880 seconds, Stopping threads took: 0.0033390 seconds
181.375: Application time: 0.0420010 seconds
181.375: [GC [PSYoungGen: 19591K->2496K(21504K)] 51146K->34571K(69120K), 0.0011240 secs] [Times: user=0.01 sys=0.00, real=0.00 secs] 
181.376: Total time for which application threads were stopped: 0.0012780 seconds, Stopping threads took: 0.0000710 seconds
181.422: Application time: 0.0461560 seconds
181.422: [GC [PSYoungGen: 21121K->912K(21504K)] 53197K->33003K(69120K), 0.0005210 secs] [Times: user=0.00 sys=0.00, real=0.00 secs] 
181.423: Total time for which application threads were stopped: 0.0006810 seconds, Stopping threads took: 0.0000920 seconds
181.464: Application time: 0.0415410 seconds
181.465: [GC [PSYoungGen: 19512K->2496K(21504K)] 51604K->35107K(69120K), 0.0011160 secs] [Times: user=0.01 sys=0.00, real=0.00 secs] 
181.466: Total time for which application threads were stopped: 0.0012760 seconds, Stopping threads took: 0.0000870 seconds
181.512: Application time: 0.0464730 seconds
181.512: [GC [PSYoungGen: 21041K->1440K(21504K)] 53652K->34059K(69120K), 0.0007380 secs] [Times: user=0.00 sys=0.00, real=0.00 secs] 
181.513: Total time for which application threads were stopped: 0.0008790 seconds, Stopping threads took: 0.0000770 seconds
181.555: Application time: 0.0420390 seconds
181.555: [GC [PSYoungGen: 19964K->2480K(21504K)] 52583K->35099K(69120K), 0.0009480 secs] [Times: user=0.00 sys=0.00, real=0.01 secs] 
181.556: Total time for which application threads were stopped: 0.0011590 seconds, Stopping threads took: 0.0001360 seconds
181.601: Application time: 0.0447130 seconds
181.601: [GC [PSYoungGen: 21023K->1952K(21504K)] 53642K->34571K(69120K), 0.0008180 secs] [Times: user=0.01 sys=0.00, real=0.00 secs] 
181.602: Total time for which application threads were stopped: 0.0010680 seconds, Stopping threads took: 0.0001820 seconds
181.650: Application time: 0.0482920 seconds
181.650: [GC [PSYoungGen: 20486K->1920K(21504K)] 53106K->34539K(69120K), 0.0007830 secs] [Times: user=0.01 sys=0.00, real=0.00 secs] 
181.651: Total time for which application threads were stopped: 0.0009370 seconds, Stopping threads took: 0.0000750 seconds
181.695: Application time: 0.0435460 seconds
181.695: [GC [PSYoungGen: 20448K->2464K(21504K)] 53068K->35595K(69120K), 0.0011700 secs] [Times: user=0.00 sys=0.00, real=0.01 secs] 
181.696: Total time for which application threads were stopped: 0.0013290 seconds, Stopping threads took: 0.0000890 seconds
181.741: Application time: 0.0448590 seconds
181.741: [GC [PSYoungGen: 21007K->1904K(21504K)] 54138K->35035K(69120K), 0.0008270 secs] [Times: user=0.01 sys=0.00, real=0.00 secs] 
181.742: Total time for which application threads were stopped: 0.0009800 seconds, Stopping threads took: 0.0000840 seconds
181.785: Application time: 0.0434980 seconds
181.786: [GC [PSYoungGen: 20432K->2528K(21504K)] 53564K->36171K(69120K), 0.0011360 secs] [Times: user=0.01 sys=0.00, real=0.00 secs] 
181.787: Total time for which application threads were stopped: 0.0012920 seconds, Stopping threads took: 0.0000780 seconds
181.831: Application time: 0.0445470 seconds
181.831: [GC [PSYoungGen: 21071K->1952K(21504K)] 54714K->35595K(69120K), 0.0007940 secs] [Times: user=0.00 sys=0.00, real=0.00 secs] 
181.832: Total time for which application threads were stopped: 0.0009310 seconds, Stopping threads took: 0.0000720 seconds
181.875: Application time: 0.0428550 seconds
181.875: [GC [PSYoungGen: 20556K->2528K(21504K)] 54200K->37195K(69120K), 0.0013530 secs] [Times: user=0.01 sys=0.00, real=0.01 secs] 
181.877: Total time for which application threads were stopped: 0.0015030 seconds, Stopping threads took: 0.0000730 seconds
181.921: Application time: 0.0446760 seconds
181.921: [GC [PSYoungGen: 21147K->2464K(21504K)] 55815K->37139K(69120K), 0.0009850 secs] [Times: user=0.01 sys=0.00, real=0.00 secs] 
181.922: Total time for which application threads were stopped: 0.0011280 seconds, Stopping threads took: 0.0000740 seconds
181.968: Application time: 0.0451340 seconds
181.968: [GC [PSYoungGen: 21085K->1424K(21504K)] 55760K->36099K(69120K), 0.0006840 secs] [Times: user=0.00 sys=0.00, real=0.00 secs] 
181.968: Total time for which application threads were stopped: 0.0008300 seconds, Stopping threads took: 0.0000760 seconds
182.011: Application time: 0.0429590 seconds
182.011: [GC [PSYoungGen: 20187K->2528K(21504K)] 54862K->37723K(69120K), 0.0011370 secs] [Times: user=0.00 sys=0.00, real=0.00 secs] 
182.013: Total time for which application threads were stopped: 0.0012780 seconds, Stopping threads took: 0.0000650 seconds
182.058: Application time: 0.0457230 seconds
182.058: [GC [PSYoungGen: 21147K->1936K(21504K)] 56342K->37139K(69120K), 0.0008270 secs] [Times: user=0.00 sys=0.00, real=0.00 secs] 
182.059: Total time for which application threads were stopped: 0.0009660 seconds, Stopping threads took: 0.0000700 seconds
182.102: Application time: 0.0425960 seconds
182.102: [GC [PSYoungGen: 20543K->2528K(21504K)] 55746K->38251K(69120K), 0.0011010 secs] [Times: user=0.01 sys=0.00, real=0.00 secs] 
182.103: Total time for which application threads were stopped: 0.0012700 seconds, Stopping threads took: 0.0000930 seconds
182.150: Application time: 0.0463190 seconds
182.150: [GC [PSYoungGen: 21075K->864K(21504K)] 56798K->36595K(69120K), 0.0005260 secs] [Times: user=0.01 sys=0.00, real=0.00 secs] 
182.150: Total time for which application threads were stopped: 0.0006940 seconds, Stopping threads took: 0.0001000 seconds
182.193: Application time: 0.0429270 seconds
182.193: [GC [PSYoungGen: 19384K->2480K(21504K)] 55115K->38723K(69120K), 0.0011600 secs] [Times: user=0.00 sys=0.00, real=0.00 secs] 
182.194: Total time for which application threads were stopped: 0.0013270 seconds, Stopping threads took: 0.0000770 seconds
182.239: Application time: 0.0449290 seconds
182.240: [GC [PSYoungGen: 21021K->1920K(21504K)] 57264K->38163K(69120K), 0.0008430 secs] [Times: user=0.01 sys=0.00, real=0.00 secs] 
182.240: Total time for which application threads were stopped: 0.0009970 seconds, Stopping threads took: 0.0000840 seconds
182.283: Application time: 0.0423770 seconds
182.283: [GC [PSYoungGen: 20448K->2528K(21504K)] 56692K->39283K(69120K), 0.0011560 secs] [Times: user=0.01 sys=0.00, real=0.01 secs] 
182.284: Total time for which application threads were stopped: 0.0013050 seconds, Stopping threads took: 0.0000750 seconds
182.328: Application time: 0.0440250 seconds
182.328: [GC [PSYoungGen: 21065K->2464K(21504K)] 57820K->39219K(69120K), 0.0010020 secs] [Times: user=0.01 sys=0.00, real=0.00 secs] 
182.329: Total time for which application threads were stopped: 0.0012630 seconds, Stopping threads took: 0.0001900 seconds
182.376: Application time: 0.0465980 seconds
182.376: [GC [PSYoungGen: 21005K->1440K(21504K)] 57760K->38195K(69120K), 0.0006590 secs] [Times: user=0.00 sys=0.00, real=0.00 secs] 
182.377: Total time for which application threads were stopped: 0.0008210 seconds, Stopping threads took: 0.0001010 seconds
182.420: Application time: 0.0431840 seconds
182.420: [GC [PSYoungGen: 19968K->2528K(21504K)] 56724K->39283K(69120K), 0.0010170 secs] [Times: user=0.00 sys=0.00, real=0.00 secs] 
182.421: Total time for which application threads were stopped: 0.0011740 seconds, Stopping threads took: 0.0000850 seconds
182.466: Application time: 0.0449210 seconds
182.466: [GC [PSYoungGen: 21066K->1936K(21504K)] 57822K->38691K(69120K), 0.0008110 secs] [Times: user=0.01 sys=0.00, real=0.00 secs] 
182.467: Total time for which application threads were stopped: 0.0009480 seconds, Stopping threads took: 0.0000700 seconds
182.511: Application time: 0.0438290 seconds
182.511: [GC [PSYoungGen: 20472K->1952K(21504K)] 57228K->38707K(69120K), 0.0008770 secs] [Times: user=0.00 sys=0.00, real=0.00 secs] 
182.512: Total time for which application threads were stopped: 0.0010310 seconds, Stopping threads took: 0.0000780 seconds
182.555: Application time: 0.0431200 seconds
182.555: [GC [PSYoungGen: 20565K->2480K(21504K)] 57320K->39243K(69120K), 0.0009790 secs] [Times: user=0.00 sys=0.00, real=0.01 secs] 
182.556: Total time for which application threads were stopped: 0.0011260 seconds, Stopping threads took: 0.0000760 seconds
182.600: Application time: 0.0441650 seconds
182.600: [GC [PSYoungGen: 21177K->1968K(21504K)] 57941K->38739K(69120K), 0.0008140 secs] [Times: user=0.01 sys=0.00, real=0.00 secs] 
182.601: Total time for which application threads were stopped: 0.0009940 seconds, Stopping threads took: 0.0001090 seconds
182.645: Application time: 0.0438550 seconds
182.645: [GC [PSYoungGen: 20657K->2512K(21504K)] 57428K->39291K(69120K), 0.0010170 secs] [Times: user=0.00 sys=0.00, real=0.00 secs] 
182.646: Total time for which application threads were stopped: 0.0011530 seconds, Stopping threads took: 0.0000660 seconds
182.692: Application time: 0.0456840 seconds
182.692: [GC [PSYoungGen: 21213K->864K(21504K)] 57993K->37651K(69120K), 0.0006520 secs] [Times: user=0.00 sys=0.00, real=0.00 secs] 
182.693: Total time for which application threads were stopped: 0.0008920 seconds, Stopping threads took: 0.0001590 seconds
182.736: Application time: 0.0426710 seconds
182.736: [GC [PSYoungGen: 19468K->2464K(21504K)] 56256K->39259K(69120K), 0.0009700 secs] [Times: user=0.00 sys=0.00, real=0.01 secs] 
182.737: Total time for which application threads were stopped: 0.0011310 seconds, Stopping threads took: 0.0000800 seconds
182.783: Application time: 0.0466040 seconds
182.783: [GC [PSYoungGen: 21007K->1408K(21504K)] 57802K->38211K(69120K), 0.0006700 secs] [Times: user=0.00 sys=0.00, real=0.01 secs] 
182.784: Total time for which application threads were stopped: 0.0007990 seconds, Stopping threads took: 0.0000650 seconds
182.826: Application time: 0.0420060 seconds
182.826: [GC [PSYoungGen: 19936K->2464K(21504K)] 56740K->39267K(69120K), 0.0009870 secs] [Times: user=0.00 sys=0.00, real=0.00 secs] 
182.827: Total time for which application threads were stopped: 0.0011340 seconds, Stopping threads took: 0.0000760 seconds
182.873: Application time: 0.0457650 seconds
182.873: [GC [PSYoungGen: 21005K->1952K(21504K)] 57808K->38755K(69120K), 0.0007980 secs] [Times: user=0.00 sys=0.00, real=0.00 secs] 
182.874: Total time for which application threads were stopped: 0.0009300 seconds, Stopping threads took: 0.0000660 seconds
182.917: Application time: 0.0426400 seconds
182.917: [GC [PSYoungGen: 20484K->2432K(21504K)] 57288K->39235K(69120K), 0.0010130 secs] [Times: user=0.01 sys=0.00, real=0.00 secs] 
182.918: Total time for which application threads were stopped: 0.0011680 seconds, Stopping threads took: 0.0000860 seconds
182.962: Application time: 0.0443440 seconds
182.962: [GC [PSYoungGen: 20973K->1904K(21504K)] 57776K->38707K(69120K), 0.0010090 secs] [Times: user=0.01 sys=0.00, real=0.00 secs] 
182.963: Total time for which application threads were stopped: 0.0012080 seconds, Stopping threads took: 0.0001320 seconds
183.008: Application time: 0.0444900 seconds
183.008: [GC [PSYoungGen: 20436K->1920K(21504K)] 57240K->38723K(69120K), 0.0008100 secs] [Times: user=0.01 sys=0.00, real=0.00 secs] 
183.009: Total time for which application threads were stopped: 0.0009740 seconds, Stopping threads took: 0.0000960 seconds
183.055: Application time: 0.0465930 seconds
183.055: [GC [PSYoungGen: 20465K->848K(21504K)] 57268K->37651K(69120K), 0.0005200 secs] [Times: user=0.00 sys=0.01, real=0.01 secs] 
183.056: Total time for which application threads were stopped: 0.0006510 seconds, Stopping threads took: 0.0000600 seconds
183.097: Application time: 0.0410970 seconds
183.097: [GC [PSYoungGen: 19364K->2464K(21504K)] 56167K->40803K(69120K), 0.0014580 secs] [Times: user=0.01 sys=0.00, real=0.00 secs] 
183.099: Total time for which application threads were stopped: 0.0016150 seconds, Stopping threads took: 0.0000760 seconds
183.144: Application time: 0.0454920 seconds
183.144: [GC [PSYoungGen: 21011K->1920K(21504K)] 59351K->40259K(69120K), 0.0008190 secs] [Times: user=0.00 sys=0.00, real=0.00 secs] 
183.145: Total time for which application threads were stopped: 0.0009730 seconds, Stopping threads took: 0.0000850 seconds
183.190: Application time: 0.0444780 seconds
183.190: [GC [PSYoungGen: 20533K->2464K(21504K)] 58872K->40803K(69120K), 0.0009660 secs] [Times: user=0.00 sys=0.00, real=0.00 secs] 
183.191: Total time for which application threads were stopped: 0.0010950 seconds, Stopping threads took: 0.0000590 seconds
183.234: Application time: 0.0428540 seconds
183.234: [GC [PSYoungGen: 21157K->2448K(21504K)] 59497K->40795K(69120K), 0.0010310 secs] [Times: user=0.00 sys=0.00, real=0.00 secs] 
183.235: Total time for which application threads were stopped: 0.0011890 seconds, Stopping threads took: 0.0000890 seconds
183.281: Application time: 0.0465980 seconds
183.282: [GC [PSYoungGen: 21065K->1920K(21504K)] 59412K->40275K(69120K), 0.0008310 secs] [Times: user=0.00 sys=0.00, real=0.00 secs] 
183.283: Total time for which application threads were stopped: 0.0010520 seconds, Stopping threads took: 0.0001430 seconds
183.326: Application time: 0.0438190 seconds
183.326: [GC [PSYoungGen: 20689K->1920K(21504K)] 59045K->40283K(69120K), 0.0008220 secs] [Times: user=0.01 sys=0.00, real=0.00 secs] 
183.327: Total time for which application threads were stopped: 0.0009800 seconds, Stopping threads took: 0.0000860 seconds
183.372: Application time: 0.0444150 seconds
183.372: [GC [PSYoungGen: 20537K->1408K(21504K)] 58900K->39779K(69120K), 0.0006720 secs] [Times: user=0.01 sys=0.00, real=0.00 secs] 
183.373: Total time for which application threads were stopped: 0.0008130 seconds, Stopping threads took: 0.0000730 seconds
183.415: Application time: 0.0428770 seconds
183.416: [GC [PSYoungGen: 19936K->2448K(21504K)] 58308K->40827K(69120K), 0.0009800 secs] [Times: user=0.00 sys=0.00, real=0.01 secs] 
183.417: Total time for which application threads were stopped: 0.0011270 seconds, Stopping threads took: 0.0000750 seconds
183.463: Application time: 0.0466660 seconds
183.463: [GC [PSYoungGen: 20991K->1424K(21504K)] 59370K->39803K(69120K), 0.0006690 secs] [Times: user=0.00 sys=0.00, real=0.00 secs] 
183.464: Total time for which application threads were stopped: 0.0007950 seconds, Stopping threads took: 0.0000640 seconds
183.506: Application time: 0.0416090 seconds
183.506: [GC [PSYoungGen: 19948K->2432K(21504K)] 58328K->41323K(69120K), 0.0011490 secs] [Times: user=0.01 sys=0.00, real=0.00 secs] 
183.507: Total time for which application threads were stopped: 0.0012880 seconds, Stopping threads took: 0.0000670 seconds
183.553: Application time: 0.0465040 seconds
183.554: [GC [PSYoungGen: 20977K->1424K(21504K)] 59868K->40315K(69120K), 0.0006480 secs] [Times: user=0.00 sys=0.00, real=0.00 secs] 
183.554: Total time for which application threads were stopped: 0.0007740 seconds, Stopping threads took: 0.0000630 seconds
183.599: Application time: 0.0446210 seconds
183.599: [GC [PSYoungGen: 19956K->1920K(21504K)] 58848K->40811K(69120K), 0.0008380 secs] [Times: user=0.00 sys=0.00, real=0.00 secs] 
183.600: Total time for which application threads were stopped: 0.0009820 seconds, Stopping threads took: 0.0000730 seconds
183.644: Application time: 0.0438160 seconds
183.644: [GC [PSYoungGen: 20452K->2496K(21504K)] 59344K->41387K(69120K), 0.0009320 secs] [Times: user=0.01 sys=0.00, real=0.01 secs] 
183.645: Total time for which application threads were stopped: 0.0010690 seconds, Stopping threads took: 0.0000700 seconds
183.689: Application time: 0.0447470 seconds
183.690: [GC [PSYoungGen: 21039K->1376K(21504K)] 59930K->40267K(69120K), 0.0006830 secs] [Times: user=0.00 sys=0.00, real=0.00 secs] 
183.690: Total time for which application threads were stopped: 0.0009150 seconds, Stopping threads took: 0.0001670 seconds
183.734: Application time: 0.0439300 seconds
183.734: [GC [PSYoungGen: 19904K->2496K(21504K)] 58796K->41387K(69120K), 0.0009480 secs] [Times: user=0.01 sys=0.00, real=0.00 secs] 
183.735: Total time for which application threads were stopped: 0.0010990 seconds, Stopping threads took: 0.0000740 seconds
183.780: Application time: 0.0449730 seconds
183.780: [GC [PSYoungGen: 21037K->1392K(21504K)] 59928K->40283K(69120K), 0.0006540 secs] [Times: user=0.00 sys=0.00, real=0.00 secs] 
183.781: Total time for which application threads were stopped: 0.0007870 seconds, Stopping threads took: 0.0000720 seconds
183.823: Application time: 0.0417750 seconds
183.823: [GC [PSYoungGen: 20000K->2496K(21504K)] 58892K->41387K(69120K), 0.0009890 secs] [Times: user=0.00 sys=0.00, real=0.01 secs] 
183.824: Total time for which application threads were stopped: 0.0012230 seconds, Stopping threads took: 0.0001530 seconds
183.870: Application time: 0.0459740 seconds
183.870: [GC [PSYoungGen: 21115K->1920K(21504K)] 60007K->40819K(69120K), 0.0008420 secs] [Times: user=0.00 sys=0.00, real=0.00 secs] 
183.871: Total time for which application threads were stopped: 0.0009920 seconds, Stopping threads took: 0.0000820 seconds
183.913: Application time: 0.0420130 seconds
183.913: [GC [PSYoungGen: 20607K->2512K(21504K)] 59506K->41931K(69120K), 0.0011240 secs] [Times: user=0.01 sys=0.00, real=0.00 secs] 
183.914: Total time for which application threads were stopped: 0.0012680 seconds, Stopping threads took: 0.0000710 seconds
183.960: Application time: 0.0459130 seconds
183.960: [GC [PSYoungGen: 21289K->1920K(21504K)] 60709K->41347K(69120K), 0.0008100 secs] [Times: user=0.00 sys=0.00, real=0.00 secs] 
183.961: Total time for which application threads were stopped: 0.0009610 seconds, Stopping threads took: 0.0000820 seconds
184.006: Application time: 0.0447920 seconds
184.006: [GC [PSYoungGen: 20535K->1376K(21504K)] 59962K->40819K(69120K), 0.0007200 secs] [Times: user=0.00 sys=0.00, real=0.00 secs] 
184.007: Total time for which application threads were stopped: 0.0008550 seconds, Stopping threads took: 0.0000680 seconds
184.050: Application time: 0.0432380 seconds
184.050: [GC [PSYoungGen: 19900K->2496K(21504K)] 59344K->42459K(69120K), 0.0011390 secs] [Times: user=0.01 sys=0.00, real=0.00 secs] 
184.051: Total time for which application threads were stopped: 0.0012800 seconds, Stopping threads took: 0.0000700 seconds
184.096: Application time: 0.0447900 seconds
184.096: [GC [PSYoungGen: 21039K->1952K(21504K)] 61002K->41915K(69120K), 0.0008120 secs] [Times: user=0.00 sys=0.00, real=0.00 secs] 
184.097: Total time for which application threads were stopped: 0.0009990 seconds, Stopping threads took: 0.0001200 seconds
184.141: Application time: 0.0433040 seconds
184.141: [GC [PSYoungGen: 20478K->2496K(21504K)] 60442K->42971K(69120K), 0.0011030 secs] [Times: user=0.01 sys=0.00, real=0.00 secs] 
184.142: Total time for which application threads were stopped: 0.0012460 seconds, Stopping threads took: 0.0000740 seconds
184.188: Application time: 0.0460190 seconds
184.188: [GC [PSYoungGen: 21041K->1936K(21504K)] 61517K->42411K(69120K), 0.0008230 secs] [Times: user=0.00 sys=0.00, real=0.00 secs] 
184.189: Total time for which application threads were stopped: 0.0009770 seconds, Stopping threads took: 0.0000830 seconds
184.231: Application time: 0.0423370 seconds
184.231: [GC [PSYoungGen: 20464K->2512K(21504K)] 60940K->43499K(69120K), 0.0011830 secs] [Times: user=0.01 sys=0.00, real=0.00 secs] 
184.233: Total time for which application threads were stopped: 0.0013950 seconds, Stopping threads took: 0.0001350 seconds
184.281: Application time: 0.0486000 seconds
184.281: [GC [PSYoungGen: 21055K->1920K(21504K)] 62042K->42907K(69120K), 0.0008370 secs] [Times: user=0.00 sys=0.00, real=0.00 secs] 
184.282: Total time for which application threads were stopped: 0.0009810 seconds, Stopping threads took: 0.0000740 seconds
184.331: Application time: 0.0487750 seconds
184.331: [GC [PSYoungGen: 20463K->336K(21504K)] 61450K->41323K(69120K), 0.0004390 secs] [Times: user=0.00 sys=0.00, real=0.00 secs] 
184.332: Total time for which application threads were stopped: 0.0006910 seconds, Stopping threads took: 0.0001840 seconds
184.378: Application time: 0.0460820 seconds
184.378: [GC [PSYoungGen: 18856K->2448K(21504K)] 59844K->43435K(69120K), 0.0010540 secs] [Times: user=0.00 sys=0.00, real=0.00 secs] 
184.379: Total time for which application threads were stopped: 0.0012180 seconds, Stopping threads took: 0.0000870 seconds
184.429: Application time: 0.0498920 seconds
184.429: [GC [PSYoungGen: 20995K->336K(21504K)] 61982K->41323K(69120K), 0.0004460 secs] [Times: user=0.00 sys=0.00, real=0.00 secs] 
184.429: Total time for which application threads were stopped: 0.0005990 seconds, Stopping threads took: 0.0000910 seconds
184.474: Application time: 0.0451000 seconds
184.475: [GC [PSYoungGen: 18856K->2480K(21504K)] 59844K->43467K(69120K), 0.0009770 secs] [Times: user=0.01 sys=0.00, real=0.00 secs] 
184.476: Total time for which application threads were stopped: 0.0011290 seconds, Stopping threads took: 0.0000800 seconds
184.526: Application time: 0.0498990 seconds
184.526: [GC [PSYoungGen: 21181K->848K(21504K)] 62169K->41843K(69120K), 0.0005230 secs] [Times: user=0.00 sys=0.00, real=0.00 secs] 
184.526: Total time for which application threads were stopped: 0.0006710 seconds, Stopping threads took: 0.0000800 seconds
184.571: Application time: 0.0446720 seconds
184.571: [GC [PSYoungGen: 19529K->2464K(21504K)] 60524K->43467K(69120K), 0.0010200 secs] [Times: user=0.00 sys=0.00, real=0.00 secs] 
184.572: Total time for which application threads were stopped: 0.0011700 seconds, Stopping threads took: 0.0000630 seconds
184.621: Application time: 0.0489120 seconds
184.621: [GC [PSYoungGen: 21239K->1952K(21504K)] 62243K->42963K(69120K), 0.0008270 secs] [Times: user=0.00 sys=0.00, real=0.00 secs] 
184.622: Total time for which application threads were stopped: 0.0009700 seconds, Stopping threads took: 0.0000730 seconds
184.669: Application time: 0.0470700 seconds
184.669: [GC [PSYoungGen: 20484K->2448K(21504K)] 61496K->43467K(69120K), 0.0009840 secs] [Times: user=0.00 sys=0.00, real=0.00 secs] 
184.670: Total time for which application threads were stopped: 0.0012140 seconds, Stopping threads took: 0.0001600 seconds
184.720: Application time: 0.0494320 seconds
184.720: [GC [PSYoungGen: 21067K->1408K(21504K)] 62086K->42435K(69120K), 0.0007270 secs] [Times: user=0.00 sys=0.00, real=0.00 secs] 
184.721: Total time for which application threads were stopped: 0.0008590 seconds, Stopping threads took: 0.0000620 seconds
184.767: Application time: 0.0462490 seconds
184.767: [GC [PSYoungGen: 19936K->2448K(21504K)] 60964K->43475K(69120K), 0.0009950 secs] [Times: user=0.01 sys=0.00, real=0.00 secs] 
184.768: Total time for which application threads were stopped: 0.0012290 seconds, Stopping threads took: 0.0001610 seconds
184.816: Application time: 0.0481090 seconds
184.816: [GC [PSYoungGen: 20984K->1936K(21504K)] 62012K->42963K(69120K), 0.0008360 secs] [Times: user=0.00 sys=0.00, real=0.00 secs] 
184.817: Total time for which application threads were stopped: 0.0010750 seconds, Stopping threads took: 0.0001710 seconds
184.866: Application time: 0.0486070 seconds
184.866: [GC [PSYoungGen: 20475K->1936K(21504K)] 61502K->42963K(69120K), 0.0008290 secs] [Times: user=0.01 sys=0.00, real=0.00 secs] 
184.867: Total time for which application threads were stopped: 0.0009810 seconds, Stopping threads took: 0.0000680 seconds
184.913: Application time: 0.0466330 seconds
184.914: [GC [PSYoungGen: 20460K->2496K(21504K)] 61488K->44547K(69120K), 0.0012950 secs] [Times: user=0.01 sys=0.00, real=0.00 secs] 
184.915: Total time for which application threads were stopped: 0.0014410 seconds, Stopping threads took: 0.0000690 seconds
184.965: Application time: 0.0500890 seconds
184.965: [GC [PSYoungGen: 21041K->1920K(21504K)] 63093K->43971K(69120K), 0.0008500 secs] [Times: user=0.00 sys=0.00, real=0.00 secs] 
184.966: Total time for which application threads were stopped: 0.0009900 seconds, Stopping threads took: 0.0000700 seconds
185.013: Application time: 0.0466150 seconds
185.013: [GC [PSYoungGen: 20452K->2480K(21504K)] 62504K->44531K(69120K), 0.0009860 secs] [Times: user=0.00 sys=0.00, real=0.00 secs] 
185.014: Total time for which application threads were stopped: 0.0012070 seconds, Stopping threads took: 0.0001390 seconds
185.062: Application time: 0.0481710 seconds
185.062: [GC [PSYoungGen: 21021K->1904K(21504K)] 63072K->43955K(69120K), 0.0008950 secs] [Times: user=0.00 sys=0.00, real=0.00 secs] 
185.063: Total time for which application threads were stopped: 0.0010250 seconds, Stopping threads took: 0.0000590 seconds
185.111: Application time: 0.0479320 seconds
185.111: [GC [PSYoungGen: 20440K->1952K(21504K)] 62492K->44003K(69120K), 0.0008400 secs] [Times: user=0.00 sys=0.00, real=0.00 secs] 
185.112: Total time for which application threads were stopped: 0.0009840 seconds, Stopping threads took: 0.0000700 seconds
185.159: Application time: 0.0473360 seconds
185.159: [GC [PSYoungGen: 20484K->2480K(21504K)] 62536K->44531K(69120K), 0.0010130 secs] [Times: user=0.01 sys=0.00, real=0.00 secs] 
185.160: Total time for which application threads were stopped: 0.0011640 seconds, Stopping threads took: 0.0000760 seconds
185.208: Application time: 0.0479050 seconds
185.208: [GC [PSYoungGen: 21175K->2496K(21504K)] 63227K->44547K(69120K), 0.0009780 secs] [Times: user=0.00 sys=0.00, real=0.00 secs] 
185.209: Total time for which application threads were stopped: 0.0011160 seconds, Stopping threads took: 0.0000650 seconds
185.258: Application time: 0.0488860 seconds
185.258: [GC [PSYoungGen: 21115K->1936K(21504K)] 63167K->43995K(69120K), 0.0008280 secs] [Times: user=0.01 sys=0.00, real=0.00 secs] 
185.259: Total time for which application threads were stopped: 0.0009650 seconds, Stopping threads took: 0.0000680 seconds
185.307: Application time: 0.0476970 seconds
185.307: [GC [PSYoungGen: 20705K->1968K(21504K)] 62765K->44043K(69120K), 0.0008450 secs] [Times: user=0.01 sys=0.00, real=0.00 secs] 
185.308: Total time for which application threads were stopped: 0.0010800 seconds, Stopping threads took: 0.0001590 seconds
185.356: Application time: 0.0475170 seconds
185.356: [GC [PSYoungGen: 20581K->2512K(21504K)] 62656K->44595K(69120K), 0.0010060 secs] [Times: user=0.00 sys=0.00, real=0.01 secs] 
185.357: Total time for which application threads were stopped: 0.0011580 seconds, Stopping threads took: 0.0000770 seconds
185.406: Application time: 0.0492090 seconds
185.406: [GC [PSYoungGen: 21131K->1888K(21504K)] 63215K->43971K(69120K), 0.0008110 secs] [Times: user=0.01 sys=0.00, real=0.00 secs] 
185.407: Total time for which application threads were stopped: 0.0009650 seconds, Stopping threads took: 0.0000790 seconds
185.453: Application time: 0.0463450 seconds
185.453: [GC [PSYoungGen: 20420K->2496K(21504K)] 62504K->44587K(69120K), 0.0009880 secs] [Times: user=0.01 sys=0.00, real=0.00 secs] 
185.454: Total time for which application threads were stopped: 0.0011330 seconds, Stopping threads took: 0.0000730 seconds
185.502: Application time: 0.0474210 seconds
185.502: [GC [PSYoungGen: 21032K->1936K(21504K)] 63124K->44027K(69120K), 0.0008600 secs] [Times: user=0.00 sys=0.00, real=0.00 secs] 
185.503: Total time for which application threads were stopped: 0.0010370 seconds, Stopping threads took: 0.0001080 seconds
185.550: Application time: 0.0475910 seconds
185.551: [GC [PSYoungGen: 20472K->2480K(21504K)] 62564K->44571K(69120K), 0.0009840 secs] [Times: user=0.01 sys=0.00, real=0.00 secs] 
185.552: Total time for which application threads were stopped: 0.0011240 seconds, Stopping threads took: 0.0000650 seconds
185.602: Application time: 0.0500220 seconds
185.602: [GC [PSYoungGen: 21021K->1952K(21504K)] 63112K->44043K(69120K), 0.0009120 secs] [Times: user=0.00 sys=0.00, real=0.00 secs] 
185.603: Total time for which application threads were stopped: 0.0010490 seconds, Stopping threads took: 0.0000680 seconds
185.648: Application time: 0.0450820 seconds
185.648: [GC [PSYoungGen: 20484K->2496K(21504K)] 62576K->44587K(69120K), 0.0010190 secs] [Times: user=0.01 sys=0.00, real=0.00 secs] 
185.649: Total time for which application threads were stopped: 0.0011590 seconds, Stopping threads took: 0.0000680 seconds
185.699: Application time: 0.0497110 seconds
185.699: [GC [PSYoungGen: 21032K->2480K(21504K)] 63124K->44571K(69120K), 0.0009810 secs] [Times: user=0.01 sys=0.00, real=0.00 secs] 
185.700: Total time for which application threads were stopped: 0.0011200 seconds, Stopping threads took: 0.0000670 seconds
185.748: Application time: 0.0482360 seconds
185.748: [GC [PSYoungGen: 21019K->1888K(21504K)] 63110K->43979K(69120K), 0.0009090 secs] [Times: user=0.00 sys=0.00, real=0.00 secs] 
185.749: Total time for which application threads were stopped: 0.0010610 seconds, Stopping threads took: 0.0000710 seconds
185.795: Application time: 0.0460870 seconds
185.795: [GC [PSYoungGen: 20416K->2480K(21504K)] 62508K->45083K(69120K), 0.0011990 secs] [Times: user=0.01 sys=0.00, real=0.01 secs] 
185.796: Total time for which application threads were stopped: 0.0013510 seconds, Stopping threads took: 0.0000740 seconds
185.848: Application time: 0.0518590 seconds
185.848: [GC [PSYoungGen: 21027K->896K(21504K)] 63631K->43499K(69120K), 0.0005390 secs] [Times: user=0.00 sys=0.00, real=0.00 secs] 
185.849: Total time for which application threads were stopped: 0.0006750 seconds, Stopping threads took: 0.0000700 seconds
185.894: Application time: 0.0448040 seconds
185.894: [GC [PSYoungGen: 19574K->2496K(21504K)] 62178K->45099K(69120K), 0.0009730 secs] [Times: user=0.00 sys=0.00, real=0.00 secs] 
185.895: Total time for which application threads were stopped: 0.0011440 seconds, Stopping threads took: 0.0001000 seconds
185.945: Application time: 0.0501120 seconds
185.945: [GC [PSYoungGen: 21121K->832K(21504K)] 63725K->43451K(69120K), 0.0005700 secs] [Times: user=0.01 sys=0.00, real=0.00 secs] 
185.946: Total time for which application threads were stopped: 0.0007070 seconds, Stopping threads took: 0.0000610 seconds
185.990: Application time: 0.0445660 seconds
185.990: [GC [PSYoungGen: 19514K->2496K(21504K)] 62134K->45123K(69120K), 0.0009800 secs] [Times: user=0.01 sys=0.00, real=0.00 secs] 
185.991: Total time for which application threads were stopped: 0.0011310 seconds, Stopping threads took: 0.0000760 seconds
186.042: Application time: 0.0501620 seconds
186.042: [GC [PSYoungGen: 21195K->1424K(21504K)] 63823K->44059K(69120K), 0.0007000 secs] [Times: user=0.00 sys=0.00, real=0.00 secs] 
186.042: Total time for which application threads were stopped: 0.0008270 seconds, Stopping threads took: 0.0000550 seconds
186.088: Application time: 0.0453180 seconds
186.088: [GC [PSYoungGen: 20033K->2496K(21504K)] 62668K->45139K(69120K), 0.0010040 secs] [Times: user=0.00 sys=0.01, real=0.00 secs] 
186.089: Total time for which application threads were stopped: 0.0011550 seconds, Stopping threads took: 0.0000780 seconds
186.139: Application time: 0.0498900 seconds
186.139: [GC [PSYoungGen: 21039K->912K(21504K)] 63682K->43563K(69120K), 0.0005930 secs] [Times: user=0.01 sys=0.00, real=0.00 secs] 
186.140: Total time for which application threads were stopped: 0.0007290 seconds, Stopping threads took: 0.0000680 seconds
186.185: Application time: 0.0451590 seconds
186.185: [GC [PSYoungGen: 19432K->2496K(21504K)] 62084K->45659K(69120K), 0.0011430 secs] [Times: user=0.01 sys=0.00, real=0.00 secs] 
186.186: Total time for which application threads were stopped: 0.0012940 seconds, Stopping threads took: 0.0000780 seconds
186.236: Application time: 0.0498610 seconds
186.236: [GC [PSYoungGen: 21043K->880K(21504K)] 64207K->44043K(69120K), 0.0005820 secs] [Times: user=0.00 sys=0.00, real=0.01 secs] 
186.237: Total time for which application threads were stopped: 0.0007200 seconds, Stopping threads took: 0.0000700 seconds
186.282: Application time: 0.0454880 seconds
186.282: [GC [PSYoungGen: 19404K->2480K(21504K)] 62568K->45643K(69120K), 0.0010410 secs] [Times: user=0.01 sys=0.00, real=0.00 secs] 
186.283: Total time for which application threads were stopped: 0.0011930 seconds, Stopping threads took: 0.0000790 seconds
186.333: Application time: 0.0498580 seconds
186.333: [GC [PSYoungGen: 21023K->1408K(21504K)] 64186K->44571K(69120K), 0.0007290 secs] [Times: user=0.00 sys=0.00, real=0.00 secs] 
186.334: Total time for which application threads were stopped: 0.0008810 seconds, Stopping threads took: 0.0000720 seconds
186.380: Application time: 0.0455220 seconds
186.380: [GC [PSYoungGen: 19932K->2496K(21504K)] 63096K->46171K(69120K), 0.0011590 secs] [Times: user=0.01 sys=0.00, real=0.00 secs] 
186.381: Total time for which application threads were stopped: 0.0013310 seconds, Stopping threads took: 0.0000950 seconds
186.431: Application time: 0.0500020 seconds
186.431: [GC [PSYoungGen: 21041K->1408K(21504K)] 64717K->45083K(69120K), 0.0007050 secs] [Times: user=0.01 sys=0.00, real=0.00 secs] 
186.432: Total time for which application threads were stopped: 0.0008450 seconds, Stopping threads took: 0.0000720 seconds
186.478: Application time: 0.0462650 seconds
186.478: [GC [PSYoungGen: 19932K->2496K(21504K)] 63608K->46683K(69120K), 0.0011550 secs] [Times: user=0.00 sys=0.00, real=0.00 secs] 
186.479: Total time for which application threads were stopped: 0.0013120 seconds, Stopping threads took: 0.0000730 seconds
186.528: Application time: 0.0487510 seconds
186.528: [GC [PSYoungGen: 21041K->1392K(21504K)] 65229K->45579K(69120K), 0.0007100 secs] [Times: user=0.00 sys=0.00, real=0.00 secs] 
186.529: Total time for which application threads were stopped: 0.0009390 seconds, Stopping threads took: 0.0001590 seconds
186.576: Application time: 0.0466580 seconds
186.576: [GC [PSYoungGen: 19998K->1968K(21504K)] 64186K->46155K(69120K), 0.0009430 secs] [Times: user=0.01 sys=0.00, real=0.01 secs] 
186.577: Total time for which application threads were stopped: 0.0011070 seconds, Stopping threads took: 0.0000960 seconds
186.624: Application time: 0.0468720 seconds
186.624: [GC [PSYoungGen: 20663K->2448K(21504K)] 64851K->46643K(69120K), 0.0009940 secs] [Times: user=0.01 sys=0.00, real=0.01 secs] 
186.625: Total time for which application threads were stopped: 0.0011480 seconds, Stopping threads took: 0.0000810 seconds
186.674: Application time: 0.0493310 seconds
186.674: [GC [PSYoungGen: 21067K->1904K(21504K)] 65263K->46107K(69120K), 0.0008850 secs] [Times: user=0.00 sys=0.00, real=0.00 secs] 
186.675: Total time for which application threads were stopped: 0.0010200 seconds, Stopping threads took: 0.0000640 seconds
186.723: Application time: 0.0478510 seconds
186.723: [GC [PSYoungGen: 20669K->2480K(21504K)] 64873K->47203K(69120K), 0.0011730 secs] [Times: user=0.01 sys=0.00, real=0.01 secs] 
186.724: Total time for which application threads were stopped: 0.0013250 seconds, Stopping threads took: 0.0000750 seconds
186.773: Application time: 0.0488540 seconds
186.773: [GC [PSYoungGen: 21105K->832K(21504K)] 65829K->45571K(69120K), 0.0005580 secs] [Times: user=0.00 sys=0.00, real=0.00 secs] 
186.774: Total time for which application threads were stopped: 0.0007070 seconds, Stopping threads took: 0.0000770 seconds
186.820: Application time: 0.0456520 seconds
186.820: [GC [PSYoungGen: 19352K->2512K(21504K)] 64092K->47771K(69120K), 0.0011960 secs] [Times: user=0.00 sys=0.00, real=0.00 secs] 
186.821: Total time for which application threads were stopped: 0.0013700 seconds, Stopping threads took: 0.0000920 seconds
186.871: Application time: 0.0500980 seconds
186.871: [GC [PSYoungGen: 21057K->1424K(21504K)] 66317K->46683K(69120K), 0.0007560 secs] [Times: user=0.01 sys=0.00, real=0.00 secs] 
186.872: Total time for which application threads were stopped: 0.0008990 seconds, Stopping threads took: 0.0000680 seconds
186.918: Application time: 0.0465040 seconds
186.919: [GC [PSYoungGen: 19948K->2496K(21504K)] 65208K->48267K(69120K), 0.0011400 secs] [Times: user=0.00 sys=0.00, real=0.00 secs] 
186.920: Total time for which application threads were stopped: 0.0013040 seconds, Stopping threads took: 0.0000900 seconds
186.968: Application time: 0.0486350 seconds
186.968: [GC [PSYoungGen: 21041K->1376K(21504K)] 66813K->47147K(69120K), 0.0007140 secs] [Times: user=0.01 sys=0.00, real=0.00 secs] 
186.969: Total time for which application threads were stopped: 0.0008570 seconds, Stopping threads took: 0.0000680 seconds
187.015: Application time: 0.0458810 seconds
187.015: [GC [PSYoungGen: 19900K->2416K(21504K)] 65672K->48699K(69120K), 0.0011920 secs] [Times: user=0.01 sys=0.00, real=0.01 secs] 
187.016: Total time for which application threads were stopped: 0.0013420 seconds, Stopping threads took: 0.0000660 seconds
187.066: Application time: 0.0497170 seconds
187.066: [GC [PSYoungGen: 20961K->1424K(21504K)] 67245K->47707K(69120K), 0.0006880 secs] [Times: user=0.00 sys=0.00, real=0.00 secs] 
187.067: Total time for which application threads were stopped: 0.0008290 seconds, Stopping threads took: 0.0000690 seconds
187.111: Application time: 0.0441840 seconds
187.111: [GC [PSYoungGen: 19944K->2496K(21504K)] 66228K->49803K(69120K), 0.0013410 secs] [Times: user=0.01 sys=0.00, real=0.00 secs] 
187.113: [Full GC [PSYoungGen: 2496K->0K(21504K)] [ParOldGen: 47307K->9989K(47616K)] 49803K->9989K(69120K) [PSPermGen: 5179K->5179K(21504K)], 0.0049100 secs] [Times: user=0.02 sys=0.00, real=0.01 secs] 
187.118: Total time for which application threads were stopped: 0.0064800 seconds, Stopping threads took: 0.0000940 seconds
187.169: Application time: 0.0508750 seconds
187.169: [GC [PSYoungGen: 18547K->1280K(21504K)] 28537K->11269K(69120K), 0.0005320 secs] [Times: user=0.00 sys=0.00, real=0.00 secs] 
187.169: Total time for which application threads were stopped: 0.0006610 seconds, Stopping threads took: 0.0000610 seconds
187.214: Application time: 0.0447220 seconds
187.214: [GC [PSYoungGen: 19800K->2240K(21504K)] 29790K->13253K(69120K), 0.0013730 secs] [Times: user=0.01 sys=0.00, real=0.00 secs] 
187.215: Total time for which application threads were stopped: 0.0015130 seconds, Stopping threads took: 0.0000670 seconds
187.266: Application time: 0.0510000 seconds
187.267: [GC [PSYoungGen: 20787K->1280K(21504K)] 31801K->12293K(69120K), 0.0005310 secs] [Times: user=0.01 sys=0.00, real=0.00 secs] 
187.267: Total time for which application threads were stopped: 0.0006840 seconds, Stopping threads took: 0.0000820 seconds
187.312: Application time: 0.0449800 seconds
187.312: [GC [PSYoungGen: 20039K->2368K(21504K)] 31053K->14406K(69120K), 0.0012250 secs] [Times: user=0.00 sys=0.00, real=0.00 secs] 
187.314: Total time for which application threads were stopped: 0.0013840 seconds, Stopping threads took: 0.0000800 seconds
187.364: Application time: 0.0509280 seconds
187.365: [GC [PSYoungGen: 20993K->1312K(21504K)] 33031K->13350K(69120K), 0.0006000 secs] [Times: user=0.00 sys=0.00, real=0.00 secs] 
187.365: Total time for which application threads were stopped: 0.0007360 seconds, Stopping threads took: 0.0000650 seconds
187.409: Application time: 0.0438940 seconds
187.409: [GC [PSYoungGen: 19990K->2464K(21504K)] 32028K->15526K(69120K), 0.0012490 secs] [Times: user=0.01 sys=0.00, real=0.00 secs] 
187.410: Total time for which application threads were stopped: 0.0013990 seconds, Stopping threads took: 0.0000730 seconds
187.463: Application time: 0.0523990 seconds
187.463: [GC [PSYoungGen: 21167K->1408K(21504K)] 34229K->14470K(69120K), 0.0006900 secs] [Times: user=0.00 sys=0.00, real=0.00 secs] 
187.464: Total time for which application threads were stopped: 0.0008250 seconds, Stopping threads took: 0.0000680 seconds
187.509: Application time: 0.0457780 seconds
187.510: [GC [PSYoungGen: 19936K->2480K(21504K)] 32998K->15542K(69120K), 0.0010070 secs] [Times: user=0.00 sys=0.00, real=0.00 secs] 
187.511: Total time for which application threads were stopped: 0.0011660 seconds, Stopping threads took: 0.0000830 seconds
187.559: Application time: 0.0481980 seconds
187.559: [GC [PSYoungGen: 21021K->1408K(21504K)] 34083K->14470K(69120K), 0.0006720 secs] [Times: user=0.00 sys=0.00, real=0.00 secs] 
187.560: Total time for which application threads were stopped: 0.0008020 seconds, Stopping threads took: 0.0000560 seconds
187.607: Application time: 0.0470770 seconds
187.607: [GC [PSYoungGen: 19936K->2464K(21504K)] 32998K->15526K(69120K), 0.0009270 secs] [Times: user=0.00 sys=0.00, real=0.00 secs] 
187.608: Total time for which application threads were stopped: 0.0010720 seconds, Stopping threads took: 0.0000750 seconds
187.656: Application time: 0.0479520 seconds
187.656: [GC [PSYoungGen: 21003K->1920K(21504K)] 34065K->14982K(69120K), 0.0008640 secs] [Times: user=0.01 sys=0.00, real=0.01 secs] 
187.657: Total time for which application threads were stopped: 0.0010000 seconds, Stopping threads took: 0.0000620 seconds
187.705: Application time: 0.0487360 seconds
187.706: [GC [PSYoungGen: 20454K->1952K(21504K)] 33516K->15014K(69120K), 0.0007540 secs] [Times: user=0.01 sys=0.00, real=0.00 secs] 
187.706: Total time for which application threads were stopped: 0.0008910 seconds, Stopping threads took: 0.0000700 seconds
187.754: Application time: 0.0477380 seconds
187.754: [GC [PSYoungGen: 20486K->1408K(21504K)] 33548K->14470K(69120K), 0.0006760 secs] [Times: user=0.00 sys=0.00, real=0.00 secs] 
187.755: Total time for which application threads were stopped: 0.0008280 seconds, Stopping threads took: 0.0000810 seconds
187.802: Application time: 0.0469320 seconds
187.802: [GC [PSYoungGen: 19940K->2480K(21504K)] 33002K->15542K(69120K), 0.0009900 secs] [Times: user=0.00 sys=0.00, real=0.00 secs] 
187.803: Total time for which application threads were stopped: 0.0011240 seconds, Stopping threads took: 0.0000610 seconds
187.851: Application time: 0.0479830 seconds
187.851: [GC [PSYoungGen: 21017K->2464K(21504K)] 34078K->15526K(69120K), 0.0009750 secs] [Times: user=0.01 sys=0.00, real=0.00 secs] 
187.852: Total time for which application threads were stopped: 0.0011330 seconds, Stopping threads took: 0.0000850 seconds
187.900: Application time: 0.0481780 seconds
187.900: [GC [PSYoungGen: 21005K->2000K(21504K)] 34067K->15062K(69120K), 0.0008120 secs] [Times: user=0.00 sys=0.00, real=0.00 secs] 
187.901: Total time for which application threads were stopped: 0.0009520 seconds, Stopping threads took: 0.0000710 seconds
187.948: Application time: 0.0465050 seconds
187.948: [GC [PSYoungGen: 20528K->2464K(21504K)] 33590K->16038K(69120K), 0.0011640 secs] [Times: user=0.01 sys=0.00, real=0.00 secs] 
187.949: Total time for which application threads were stopped: 0.0013290 seconds, Stopping threads took: 0.0000880 seconds
187.999: Application time: 0.0497170 seconds
187.999: [GC [PSYoungGen: 21165K->1392K(21504K)] 34739K->14966K(69120K), 0.0006220 secs] [Times: user=0.01 sys=0.00, real=0.00 secs] 
188.000: Total time for which application threads were stopped: 0.0007650 seconds, Stopping threads took: 0.0000770 seconds
188.045: Application time: 0.0454130 seconds
188.045: [GC [PSYoungGen: 19992K->2496K(21504K)] 33566K->16598K(69120K), 0.0011250 secs] [Times: user=0.01 sys=0.00, real=0.00 secs] 
188.046: Total time for which application threads were stopped: 0.0013220 seconds, Stopping threads took: 0.0001230 seconds
188.096: Application time: 0.0497820 seconds
188.096: [GC [PSYoungGen: 21275K->1392K(21504K)] 35377K->15518K(69120K), 0.0006720 secs] [Times: user=0.00 sys=0.00, real=0.00 secs] 
188.097: Total time for which application threads were stopped: 0.0008100 seconds, Stopping threads took: 0.0000600 seconds
188.143: Application time: 0.0457480 seconds
188.143: [GC [PSYoungGen: 19994K->2464K(21504K)] 34120K->17126K(69120K), 0.0011860 secs] [Times: user=0.00 sys=0.00, real=0.00 secs] 
188.144: Total time for which application threads were stopped: 0.0013620 seconds, Stopping threads took: 0.0000910 seconds
188.194: Application time: 0.0498020 seconds
188.194: [GC [PSYoungGen: 21083K->1424K(21504K)] 35745K->16102K(69120K), 0.0006600 secs] [Times: user=0.00 sys=0.00, real=0.00 secs] 
188.195: Total time for which application threads were stopped: 0.0008530 seconds, Stopping threads took: 0.0001250 seconds
188.242: Application time: 0.0469910 seconds
188.242: [GC [PSYoungGen: 19962K->1424K(21504K)] 34640K->16102K(69120K), 0.0006470 secs] [Times: user=0.00 sys=0.00, real=0.00 secs] 
188.242: Total time for which application threads were stopped: 0.0007900 seconds, Stopping threads took: 0.0000780 seconds
188.286: Application time: 0.0432820 seconds
188.286: [GC [PSYoungGen: 19952K->2480K(21504K)] 34630K->17158K(69120K), 0.0009330 secs] [Times: user=0.00 sys=0.00, real=0.00 secs] 
188.287: Total time for which application threads were stopped: 0.0010900 seconds, Stopping threads took: 0.0000750 seconds
188.332: Application time: 0.0451240 seconds
188.332: [GC [PSYoungGen: 21019K->1952K(21504K)] 35697K->16630K(69120K), 0.0007750 secs] [Times: user=0.01 sys=0.00, real=0.00 secs] 
188.333: Total time for which application threads were stopped: 0.0009160 seconds, Stopping threads took: 0.0000790 seconds
188.377: Application time: 0.0441740 seconds
188.377: [GC [PSYoungGen: 20484K->2496K(21504K)] 35162K->17174K(69120K), 0.0009450 secs] [Times: user=0.00 sys=0.00, real=0.00 secs] 
188.378: Total time for which application threads were stopped: 0.0011450 seconds, Stopping threads took: 0.0001320 seconds
188.422: Application time: 0.0442380 seconds
188.423: [GC [PSYoungGen: 21035K->2480K(21504K)] 35713K->17158K(69120K), 0.0009450 secs] [Times: user=0.01 sys=0.00, real=0.00 secs] 
188.424: Total time for which application threads were stopped: 0.0010930 seconds, Stopping threads took: 0.0000750 seconds
188.469: Application time: 0.0450470 seconds
188.469: [GC [PSYoungGen: 21021K->1952K(21504K)] 35699K->16630K(69120K), 0.0008100 secs] [Times: user=0.00 sys=0.00, real=0.00 secs] 
188.470: Total time for which application threads were stopped: 0.0009640 seconds, Stopping threads took: 0.0000860 seconds
188.512: Application time: 0.0427710 seconds
188.512: [GC [PSYoungGen: 20484K->2496K(21504K)] 35162K->17174K(69120K), 0.0009440 secs] [Times: user=0.01 sys=0.00, real=0.00 secs] 
188.513: Total time for which application threads were stopped: 0.0010890 seconds, Stopping threads took: 0.0000740 seconds
188.557: Application time: 0.0440180 seconds
188.558: [GC [PSYoungGen: 21026K->2416K(21504K)] 35704K->17606K(69120K), 0.0010860 secs] [Times: user=0.01 sys=0.00, real=0.00 secs] 
188.559: Total time for which application threads were stopped: 0.0012510 seconds, Stopping threads took: 0.0000920 seconds
188.606: Application time: 0.0468650 seconds
188.606: [GC [PSYoungGen: 20959K->1936K(21504K)] 36149K->17126K(69120K), 0.0007930 secs] [Times: user=0.01 sys=0.00, real=0.00 secs] 
188.607: Total time for which application threads were stopped: 0.0009420 seconds, Stopping threads took: 0.0000720 seconds
188.648: Application time: 0.0418480 seconds
188.648: [GC [PSYoungGen: 20625K->2496K(21504K)] 35815K->17686K(69120K), 0.0009290 secs] [Times: user=0.00 sys=0.00, real=0.00 secs] 
188.649: Total time for which application threads were stopped: 0.0010670 seconds, Stopping threads took: 0.0000700 seconds
188.695: Application time: 0.0457410 seconds
188.695: [GC [PSYoungGen: 21115K->1920K(21504K)] 36305K->17126K(69120K), 0.0007760 secs] [Times: user=0.00 sys=0.00, real=0.01 secs] 
188.696: Total time for which application threads were stopped: 0.0009200 seconds, Stopping threads took: 0.0000740 seconds
188.740: Application time: 0.0437430 seconds
188.740: [GC [PSYoungGen: 20607K->2496K(21504K)] 35813K->18222K(69120K), 0.0011710 secs] [Times: user=0.01 sys=0.00, real=0.00 secs] 
188.741: Total time for which application threads were stopped: 0.0013350 seconds, Stopping threads took: 0.0000890 seconds
188.787: Application time: 0.0457940 seconds
188.787: [GC [PSYoungGen: 21117K->1904K(21504K)] 36843K->17638K(69120K), 0.0008800 secs] [Times: user=0.01 sys=0.00, real=0.00 secs] 
188.788: Total time for which application threads were stopped: 0.0010210 seconds, Stopping threads took: 0.0000720 seconds
188.831: Application time: 0.0429140 seconds
188.831: [GC [PSYoungGen: 20587K->2464K(21504K)] 36321K->19230K(69120K), 0.0013330 secs] [Times: user=0.00 sys=0.00, real=0.00 secs] 
188.832: Total time for which application threads were stopped: 0.0014940 seconds, Stopping threads took: 0.0000810 seconds
188.878: Application time: 0.0451720 seconds
188.878: [GC [PSYoungGen: 21007K->1952K(21504K)] 37773K->18726K(69120K), 0.0007850 secs] [Times: user=0.01 sys=0.00, real=0.00 secs] 
188.879: Total time for which application threads were stopped: 0.0009390 seconds, Stopping threads took: 0.0000880 seconds
188.922: Application time: 0.0437170 seconds
188.922: [GC [PSYoungGen: 20484K->2496K(21504K)] 37258K->19270K(69120K), 0.0009470 secs] [Times: user=0.00 sys=0.00, real=0.00 secs] 
188.923: Total time for which application threads were stopped: 0.0011570 seconds, Stopping threads took: 0.0001420 seconds
188.968: Application time: 0.0445390 seconds
188.968: [GC [PSYoungGen: 21032K->2496K(21504K)] 37807K->19270K(69120K), 0.0009930 secs] [Times: user=0.01 sys=0.00, real=0.00 secs] 
188.969: Total time for which application threads were stopped: 0.0011470 seconds, Stopping threads took: 0.0000790 seconds
189.015: Application time: 0.0463560 seconds
189.016: [GC [PSYoungGen: 21041K->896K(21504K)] 37815K->17670K(69120K), 0.0005860 secs] [Times: user=0.00 sys=0.00, real=0.01 secs] 
189.016: Total time for which application threads were stopped: 0.0007830 seconds, Stopping threads took: 0.0001280 seconds
189.058: Application time: 0.0422300 seconds
189.059: [GC [PSYoungGen: 19420K->2512K(21504K)] 36194K->19286K(69120K), 0.0009740 secs] [Times: user=0.00 sys=0.00, real=0.00 secs] 
189.060: Total time for which application threads were stopped: 0.0011190 seconds, Stopping threads took: 0.0000730 seconds
189.105: Application time: 0.0457820 seconds
189.105: [GC [PSYoungGen: 21055K->1440K(21504K)] 37829K->18214K(69120K), 0.0006820 secs] [Times: user=0.00 sys=0.00, real=0.00 secs] 
189.106: Total time for which application threads were stopped: 0.0008150 seconds, Stopping threads took: 0.0000660 seconds
189.150: Application time: 0.0438180 seconds
189.150: [GC [PSYoungGen: 19974K->1952K(21504K)] 36748K->18726K(69120K), 0.0007720 secs] [Times: user=0.01 sys=0.00, real=0.00 secs] 
189.151: Total time for which application threads were stopped: 0.0009730 seconds, Stopping threads took: 0.0001240 seconds
189.194: Application time: 0.0434200 seconds
189.195: [GC [PSYoungGen: 20480K->2480K(21504K)] 37254K->19254K(69120K), 0.0009660 secs] [Times: user=0.00 sys=0.00, real=0.00 secs] 
189.196: Total time for which application threads were stopped: 0.0011310 seconds, Stopping threads took: 0.0000920 seconds
189.240: Application time: 0.0442570 seconds
189.240: [GC [PSYoungGen: 21025K->864K(21504K)] 37799K->17638K(69120K), 0.0004950 secs] [Times: user=0.00 sys=0.00, real=0.00 secs] 
189.240: Total time for which application threads were stopped: 0.0006760 seconds, Stopping threads took: 0.0001200 seconds
189.285: Application time: 0.0443000 seconds
189.285: [GC [PSYoungGen: 19470K->2496K(21504K)] 36244K->19270K(69120K), 0.0009230 secs] [Times: user=0.01 sys=0.00, real=0.00 secs] 
189.286: Total time for which application threads were stopped: 0.0010640 seconds, Stopping threads took: 0.0000730 seconds
189.330: Application time: 0.0444500 seconds
189.330: [GC [PSYoungGen: 21195K->1424K(21504K)] 37969K->18214K(69120K), 0.0007250 secs] [Times: user=0.01 sys=0.00, real=0.00 secs] 
189.331: Total time for which application threads were stopped: 0.0009230 seconds, Stopping threads took: 0.0001320 seconds
189.373: Application time: 0.0422250 seconds
189.374: [GC [PSYoungGen: 20107K->2480K(21504K)] 36897K->19278K(69120K), 0.0009040 secs] [Times: user=0.00 sys=0.00, real=0.00 secs] 
189.375: Total time for which application threads were stopped: 0.0010680 seconds, Stopping threads took: 0.0000950 seconds
189.421: Application time: 0.0463830 seconds
189.421: [GC [PSYoungGen: 21103K->1392K(21504K)] 37901K->18198K(69120K), 0.0006210 secs] [Times: user=0.01 sys=0.00, real=0.00 secs] 
189.422: Total time for which application threads were stopped: 0.0007480 seconds, Stopping threads took: 0.0000650 seconds
189.465: Application time: 0.0429320 seconds
189.465: [GC [PSYoungGen: 19996K->2496K(21504K)] 36802K->19822K(69120K), 0.0011420 secs] [Times: user=0.01 sys=0.00, real=0.00 secs] 
189.466: Total time for which application threads were stopped: 0.0013050 seconds, Stopping threads took: 0.0000900 seconds
189.512: Application time: 0.0459270 seconds
189.512: [GC [PSYoungGen: 21117K->1936K(21504K)] 38443K->19278K(69120K), 0.0007790 secs] [Times: user=0.00 sys=0.00, real=0.00 secs] 
189.513: Total time for which application threads were stopped: 0.0009310 seconds, Stopping threads took: 0.0000760 seconds
189.555: Application time: 0.0421270 seconds
189.555: [GC [PSYoungGen: 20464K->2464K(21504K)] 37806K->20318K(69120K), 0.0011990 secs] [Times: user=0.01 sys=0.00, real=0.01 secs] 
189.556: Total time for which application threads were stopped: 0.0013480 seconds, Stopping threads took: 0.0000720 seconds
189.602: Application time: 0.0459690 seconds
189.602: [GC [PSYoungGen: 21007K->1920K(21504K)] 38861K->19774K(69120K), 0.0007900 secs] [Times: user=0.01 sys=0.00, real=0.00 secs] 
189.603: Total time for which application threads were stopped: 0.0009200 seconds, Stopping threads took: 0.0000590 seconds
189.645: Application time: 0.0418940 seconds
189.645: [GC [PSYoungGen: 20448K->2480K(21504K)] 38302K->20846K(69120K), 0.0012010 secs] [Times: user=0.01 sys=0.00, real=0.00 secs] 
189.646: Total time for which application threads were stopped: 0.0013490 seconds, Stopping threads took: 0.0000710 seconds
189.692: Application time: 0.0458320 seconds
189.692: [GC [PSYoungGen: 21023K->1936K(21504K)] 39389K->20302K(69120K), 0.0010440 secs] [Times: user=0.00 sys=0.00, real=0.00 secs] 
189.694: Total time for which application threads were stopped: 0.0013450 seconds, Stopping threads took: 0.0002030 seconds
189.739: Application time: 0.0455690 seconds
189.739: [GC [PSYoungGen: 20470K->1952K(21504K)] 38836K->20318K(69120K), 0.0008250 secs] [Times: user=0.00 sys=0.00, real=0.00 secs] 
189.740: Total time for which application threads were stopped: 0.0009920 seconds, Stopping threads took: 0.0001010 seconds
189.784: Application time: 0.0442330 seconds
189.784: [GC [PSYoungGen: 20488K->1936K(21504K)] 38855K->20302K(69120K), 0.0008110 secs] [Times: user=0.01 sys=0.00, real=0.00 secs] 
189.785: Total time for which application threads were stopped: 0.0009460 seconds, Stopping threads took: 0.0000660 seconds
189.830: Application time: 0.0442200 seconds
189.830: [GC [PSYoungGen: 20468K->2464K(21504K)] 38834K->20830K(69120K), 0.0009610 secs] [Times: user=0.00 sys=0.00, real=0.00 secs] 
189.831: Total time for which application threads were stopped: 0.0011080 seconds, Stopping threads took: 0.0000720 seconds
189.875: Application time: 0.0445050 seconds
189.875: [GC [PSYoungGen: 21005K->1408K(21504K)] 39371K->19774K(69120K), 0.0006430 secs] [Times: user=0.00 sys=0.00, real=0.00 secs] 
189.876: Total time for which application threads were stopped: 0.0007790 seconds, Stopping threads took: 0.0000740 seconds
189.919: Application time: 0.0427680 seconds
189.919: [GC [PSYoungGen: 20016K->2480K(21504K)] 38383K->20846K(69120K), 0.0008920 secs] [Times: user=0.00 sys=0.00, real=0.00 secs] 
189.920: Total time for which application threads were stopped: 0.0010610 seconds, Stopping threads took: 0.0000950 seconds
189.965: Application time: 0.0448100 seconds
189.965: [GC [PSYoungGen: 21177K->1424K(21504K)] 39543K->19798K(69120K), 0.0006420 secs] [Times: user=0.00 sys=0.00, real=0.00 secs] 
189.965: Total time for which application threads were stopped: 0.0007720 seconds, Stopping threads took: 0.0000650 seconds
190.008: Application time: 0.0430960 seconds
190.009: [GC [PSYoungGen: 20109K->2464K(21504K)] 38483K->20846K(69120K), 0.0009500 secs] [Times: user=0.00 sys=0.00, real=0.00 secs] 
190.010: Total time for which application threads were stopped: 0.0010810 seconds, Stopping threads took: 0.0000600 seconds
190.054: Application time: 0.0441160 seconds
190.054: [GC [PSYoungGen: 21003K->1936K(21504K)] 39385K->20326K(69120K), 0.0007760 secs] [Times: user=0.00 sys=0.00, real=0.00 secs] 
190.055: Total time for which application threads were stopped: 0.0009070 seconds, Stopping threads took: 0.0000670 seconds
190.099: Application time: 0.0440000 seconds
190.099: [GC [PSYoungGen: 20629K->1920K(21504K)] 39019K->20318K(69120K), 0.0007660 secs] [Times: user=0.01 sys=0.00, real=0.00 secs] 
190.099: Total time for which application threads were stopped: 0.0009060 seconds, Stopping threads took: 0.0000680 seconds
190.143: Application time: 0.0440110 seconds
190.144: [GC [PSYoungGen: 20528K->2512K(21504K)] 38927K->21430K(69120K), 0.0011310 secs] [Times: user=0.01 sys=0.00, real=0.01 secs] 
190.145: Total time for which application threads were stopped: 0.0012800 seconds, Stopping threads took: 0.0000740 seconds
190.190: Application time: 0.0452490 seconds
190.190: [GC [PSYoungGen: 21059K->896K(21504K)] 39977K->19822K(69120K), 0.0004990 secs] [Times: user=0.01 sys=0.00, real=0.00 secs] 
190.191: Total time for which application threads were stopped: 0.0006260 seconds, Stopping threads took: 0.0000670 seconds
190.232: Application time: 0.0416230 seconds
190.232: [GC [PSYoungGen: 19416K->2528K(21504K)] 38342K->21966K(69120K), 0.0011230 secs] [Times: user=0.01 sys=0.00, real=0.00 secs] 
190.234: Total time for which application threads were stopped: 0.0012990 seconds, Stopping threads took: 0.0000910 seconds
190.281: Application time: 0.0475760 seconds
190.281: [GC [PSYoungGen: 21073K->1424K(21504K)] 40511K->20862K(69120K), 0.0006870 secs] [Times: user=0.01 sys=0.00, real=0.00 secs] 
190.282: Total time for which application threads were stopped: 0.0008110 seconds, Stopping threads took: 0.0000580 seconds
190.323: Application time: 0.0413380 seconds
190.323: [GC [PSYoungGen: 19948K->2496K(21504K)] 39386K->22446K(69120K), 0.0011030 secs] [Times: user=0.00 sys=0.00, real=0.01 secs] 
190.325: Total time for which application threads were stopped: 0.0012600 seconds, Stopping threads took: 0.0000880 seconds
190.371: Application time: 0.0463920 seconds
190.371: [GC [PSYoungGen: 21043K->880K(21504K)] 40993K->20830K(69120K), 0.0005260 secs] [Times: user=0.01 sys=0.00, real=0.00 secs] 
190.372: Total time for which application threads were stopped: 0.0006560 seconds, Stopping threads took: 0.0000680 seconds
190.413: Application time: 0.0415200 seconds
190.413: [GC [PSYoungGen: 19400K->2448K(21504K)] 39350K->22910K(69120K), 0.0011350 secs] [Times: user=0.01 sys=0.00, real=0.00 secs] 
190.414: Total time for which application threads were stopped: 0.0012910 seconds, Stopping threads took: 0.0000820 seconds
190.462: Application time: 0.0471040 seconds
190.462: [GC [PSYoungGen: 20995K->896K(21504K)] 41457K->21358K(69120K), 0.0005030 secs] [Times: user=0.01 sys=0.00, real=0.00 secs] 
190.462: Total time for which application threads were stopped: 0.0007290 seconds, Stopping threads took: 0.0001650 seconds
190.505: Application time: 0.0424660 seconds
190.505: [GC [PSYoungGen: 19416K->2496K(21504K)] 39878K->22958K(69120K), 0.0009400 secs] [Times: user=0.00 sys=0.00, real=0.00 secs] 
190.506: Total time for which application threads were stopped: 0.0011550 seconds, Stopping threads took: 0.0001470 seconds
190.553: Application time: 0.0467800 seconds
190.553: [GC [PSYoungGen: 21119K->1424K(21504K)] 41581K->21886K(69120K), 0.0006160 secs] [Times: user=0.00 sys=0.00, real=0.00 secs] 
190.553: Total time for which application threads were stopped: 0.0007350 seconds, Stopping threads took: 0.0000570 seconds
190.595: Application time: 0.0415880 seconds
190.595: [GC [PSYoungGen: 20109K->2480K(21504K)] 40571K->22950K(69120K), 0.0009510 secs] [Times: user=0.01 sys=0.00, real=0.01 secs] 
190.596: Total time for which application threads were stopped: 0.0010970 seconds, Stopping threads took: 0.0000720 seconds
190.643: Application time: 0.0465000 seconds
190.643: [GC [PSYoungGen: 21099K->1920K(21504K)] 41569K->22398K(69120K), 0.0007810 secs] [Times: user=0.00 sys=0.00, real=0.00 secs] 
190.643: Total time for which application threads were stopped: 0.0009220 seconds, Stopping threads took: 0.0000760 seconds
190.685: Application time: 0.0417200 seconds
190.685: [GC [PSYoungGen: 20524K->2448K(21504K)] 41003K->23958K(69120K), 0.0013210 secs] [Times: user=0.01 sys=0.00, real=0.00 secs] 
190.687: Total time for which application threads were stopped: 0.0014730 seconds, Stopping threads took: 0.0000780 seconds
190.734: Application time: 0.0469490 seconds
190.734: [GC [PSYoungGen: 21149K->1952K(21504K)] 42659K->23462K(69120K), 0.0007660 secs] [Times: user=0.00 sys=0.00, real=0.00 secs] 
190.735: Total time for which application threads were stopped: 0.0009130 seconds, Stopping threads took: 0.0000690 seconds
190.776: Application time: 0.0416970 seconds
190.776: [GC [PSYoungGen: 20474K->2528K(21504K)] 41984K->25070K(69120K), 0.0012850 secs] [Times: user=0.00 sys=0.00, real=0.00 secs] 
190.778: Total time for which application threads were stopped: 0.0014320 seconds, Stopping threads took: 0.0000720 seconds
190.826: Application time: 0.0481300 seconds
190.826: [GC [PSYoungGen: 21151K->1424K(21504K)] 43693K->23974K(69120K), 0.0006890 secs] [Times: user=0.00 sys=0.00, real=0.00 secs] 
190.827: Total time for which application threads were stopped: 0.0008350 seconds, Stopping threads took: 0.0000760 seconds
190.869: Application time: 0.0418870 seconds
190.869: [GC [PSYoungGen: 19956K->2496K(21504K)] 42507K->25046K(69120K), 0.0009610 secs] [Times: user=0.00 sys=0.00, real=0.00 secs] 
190.870: Total time for which application threads were stopped: 0.0011200 seconds, Stopping threads took: 0.0000830 seconds
190.915: Application time: 0.0457420 seconds
190.916: [GC [PSYoungGen: 21039K->1424K(21504K)] 43589K->23974K(69120K), 0.0006640 secs] [Times: user=0.00 sys=0.00, real=0.01 secs] 
190.916: Total time for which application threads were stopped: 0.0008020 seconds, Stopping threads took: 0.0000710 seconds
190.959: Application time: 0.0430040 seconds
190.959: [GC [PSYoungGen: 19952K->2480K(21504K)] 42502K->25030K(69120K), 0.0009670 secs] [Times: user=0.00 sys=0.00, real=0.00 secs] 
190.960: Total time for which application threads were stopped: 0.0011100 seconds, Stopping threads took: 0.0000710 seconds
191.005: Application time: 0.0444880 seconds
191.005: [GC [PSYoungGen: 21021K->1984K(21504K)] 43571K->24534K(69120K), 0.0008220 secs] [Times: user=0.00 sys=0.00, real=0.00 secs] 
191.006: Total time for which application threads were stopped: 0.0009600 seconds, Stopping threads took: 0.0000720 seconds
191.049: Application time: 0.0435940 seconds
191.049: [GC [PSYoungGen: 20520K->1920K(21504K)] 43071K->24470K(69120K), 0.0007780 secs] [Times: user=0.00 sys=0.00, real=0.00 secs] 
191.050: Total time for which application threads were stopped: 0.0009060 seconds, Stopping threads took: 0.0000610 seconds
191.095: Application time: 0.0449710 seconds
191.095: [GC [PSYoungGen: 20456K->1952K(21504K)] 43007K->24502K(69120K), 0.0008110 secs] [Times: user=0.01 sys=0.00, real=0.01 secs] 
191.096: Total time for which application threads were stopped: 0.0009510 seconds, Stopping threads took: 0.0000700 seconds
191.139: Application time: 0.0429430 seconds
191.139: [GC [PSYoungGen: 20482K->2496K(21504K)] 43033K->25558K(69120K), 0.0010960 secs] [Times: user=0.01 sys=0.00, real=0.00 secs] 
191.140: Total time for which application threads were stopped: 0.0012470 seconds, Stopping threads took: 0.0000770 seconds
191.187: Application time: 0.0464390 seconds
191.187: [GC [PSYoungGen: 21121K->896K(21504K)] 44183K->23958K(69120K), 0.0004920 secs] [Times: user=0.00 sys=0.00, real=0.00 secs] 
191.187: Total time for which application threads were stopped: 0.0006200 seconds, Stopping threads took: 0.0000670 seconds
191.230: Application time: 0.0426710 seconds
191.230: [GC [PSYoungGen: 19576K->2528K(21504K)] 42639K->26110K(69120K), 0.0011200 secs] [Times: user=0.01 sys=0.00, real=0.00 secs] 
191.231: Total time for which application threads were stopped: 0.0012860 seconds, Stopping threads took: 0.0000900 seconds
191.277: Application time: 0.0451360 seconds
191.277: [GC [PSYoungGen: 21147K->1952K(21504K)] 44729K->25542K(69120K), 0.0008030 secs] [Times: user=0.00 sys=0.00, real=0.00 secs] 
191.278: Total time for which application threads were stopped: 0.0009480 seconds, Stopping threads took: 0.0000650 seconds
191.320: Application time: 0.0426530 seconds
191.320: [GC [PSYoungGen: 20559K->2496K(21504K)] 44149K->26606K(69120K), 0.0011290 secs] [Times: user=0.01 sys=0.00, real=0.00 secs] 
191.321: Total time for which application threads were stopped: 0.0012730 seconds, Stopping threads took: 0.0000720 seconds
191.366: Application time: 0.0448710 seconds
191.366: [GC [PSYoungGen: 21117K->1952K(21504K)] 45227K->26070K(69120K), 0.0008230 secs] [Times: user=0.00 sys=0.00, real=0.00 secs] 
191.367: Total time for which application threads were stopped: 0.0009600 seconds, Stopping threads took: 0.0000700 seconds
191.410: Application time: 0.0425180 seconds
191.410: [GC [PSYoungGen: 20554K->2496K(21504K)] 44673K->27646K(69120K), 0.0012480 secs] [Times: user=0.01 sys=0.00, real=0.00 secs] 
191.411: Total time for which application threads were stopped: 0.0013970 seconds, Stopping threads took: 0.0000740 seconds
191.458: Application time: 0.0463880 seconds
191.458: [GC [PSYoungGen: 21041K->1936K(21504K)] 46191K->27086K(69120K), 0.0008010 secs] [Times: user=0.01 sys=0.00, real=0.00 secs] 
191.459: Total time for which application threads were stopped: 0.0009430 seconds, Stopping threads took: 0.0000780 seconds
191.501: Application time: 0.0420580 seconds
191.501: [GC [PSYoungGen: 20540K->2496K(21504K)] 45691K->28678K(69120K), 0.0012630 secs] [Times: user=0.01 sys=0.00, real=0.00 secs] 
191.502: Total time for which application threads were stopped: 0.0014040 seconds, Stopping threads took: 0.0000680 seconds
191.548: Application time: 0.0459270 seconds
191.548: [GC [PSYoungGen: 21041K->1936K(21504K)] 47223K->28118K(69120K), 0.0008170 secs] [Times: user=0.00 sys=0.00, real=0.00 secs] 
191.549: Total time for which application threads were stopped: 0.0009640 seconds, Stopping threads took: 0.0000760 seconds
191.594: Application time: 0.0455200 seconds
191.595: [GC [PSYoungGen: 20474K->1376K(21504K)] 46657K->27558K(69120K), 0.0006530 secs] [Times: user=0.01 sys=0.00, real=0.00 secs] 
191.595: Total time for which application threads were stopped: 0.0007990 seconds, Stopping threads took: 0.0000780 seconds
191.637: Application time: 0.0416350 seconds
191.637: [GC [PSYoungGen: 19904K->2496K(21504K)] 46087K->28678K(69120K), 0.0009580 secs] [Times: user=0.01 sys=0.00, real=0.00 secs] 
191.638: Total time for which application threads were stopped: 0.0011060 seconds, Stopping threads took: 0.0000790 seconds
191.684: Application time: 0.0460970 seconds
191.684: [GC [PSYoungGen: 21037K->1952K(21504K)] 47219K->28134K(69120K), 0.0008210 secs] [Times: user=0.00 sys=0.00, real=0.00 secs] 
191.685: Total time for which application threads were stopped: 0.0009640 seconds, Stopping threads took: 0.0000750 seconds
191.729: Application time: 0.0437980 seconds
191.729: [GC [PSYoungGen: 20490K->1408K(21504K)] 46673K->27590K(69120K), 0.0006580 secs] [Times: user=0.00 sys=0.00, real=0.00 secs] 
191.730: Total time for which application threads were stopped: 0.0007890 seconds, Stopping threads took: 0.0000690 seconds
191.773: Application time: 0.0429590 seconds
191.773: [GC [PSYoungGen: 19936K->2464K(21504K)] 46119K->28646K(69120K), 0.0009320 secs] [Times: user=0.00 sys=0.00, real=0.00 secs] 
191.774: Total time for which application threads were stopped: 0.0010800 seconds, Stopping threads took: 0.0000740 seconds
191.817: Application time: 0.0435380 seconds
191.817: [GC [PSYoungGen: 21077K->2480K(21504K)] 47259K->28662K(69120K), 0.0009710 secs] [Times: user=0.01 sys=0.00, real=0.00 secs] 
191.818: Total time for which application threads were stopped: 0.0011410 seconds, Stopping threads took: 0.0000880 seconds
191.863: Application time: 0.0443810 seconds
191.863: [GC [PSYoungGen: 21095K->2432K(21504K)] 47277K->28622K(69120K), 0.0009730 secs] [Times: user=0.01 sys=0.00, real=0.00 secs] 
191.864: Total time for which application threads were stopped: 0.0011170 seconds, Stopping threads took: 0.0000740 seconds
191.910: Application time: 0.0458670 seconds
191.910: [GC [PSYoungGen: 21129K->1920K(21504K)] 47319K->28118K(69120K), 0.0007680 secs] [Times: user=0.00 sys=0.00, real=0.00 secs] 
191.911: Total time for which application threads were stopped: 0.0009100 seconds, Stopping threads took: 0.0000760 seconds
191.953: Application time: 0.0421470 seconds
191.953: [GC [PSYoungGen: 20527K->2528K(21504K)] 46725K->29246K(69120K), 0.0011140 secs] [Times: user=0.01 sys=0.00, real=0.00 secs] 
191.954: Total time for which application threads were stopped: 0.0012750 seconds, Stopping threads took: 0.0000820 seconds
192.002: Application time: 0.0475710 seconds
192.002: [GC [PSYoungGen: 21151K->1392K(21504K)] 47869K->28118K(69120K), 0.0006390 secs] [Times: user=0.00 sys=0.00, real=0.00 secs] 
192.002: Total time for which application threads were stopped: 0.0007570 seconds, Stopping threads took: 0.0000540 seconds
192.045: Application time: 0.0430180 seconds
192.046: [GC [PSYoungGen: 19998K->2496K(21504K)] 46725K->29230K(69120K), 0.0009560 secs] [Times: user=0.01 sys=0.00, real=0.00 secs] 
192.047: Total time for which application threads were stopped: 0.0011180 seconds, Stopping threads took: 0.0000870 seconds
192.092: Application time: 0.0455910 seconds
192.092: [GC [PSYoungGen: 21037K->1936K(21504K)] 47771K->28678K(69120K), 0.0008370 secs] [Times: user=0.01 sys=0.00, real=0.00 secs] 
192.093: Total time for which application threads were stopped: 0.0009720 seconds, Stopping threads took: 0.0000670 seconds
192.137: Application time: 0.0434740 seconds
192.137: [GC [PSYoungGen: 20549K->2464K(21504K)] 47291K->29206K(69120K), 0.0009250 secs] [Times: user=0.00 sys=0.00, real=0.00 secs] 
192.138: Total time for which application threads were stopped: 0.0010640 seconds, Stopping threads took: 0.0000720 seconds
192.182: Application time: 0.0444290 seconds
192.182: [GC [PSYoungGen: 21000K->2480K(21504K)] 47743K->29230K(69120K), 0.0009780 secs] [Times: user=0.00 sys=0.00, real=0.00 secs] 
192.183: Total time for which application threads were stopped: 0.0011230 seconds, Stopping threads took: 0.0000730 seconds
192.228: Application time: 0.0443360 seconds
192.228: [GC [PSYoungGen: 21025K->896K(21504K)] 47775K->27646K(69120K), 0.0005380 secs] [Times: user=0.00 sys=0.00, real=0.00 secs] 
192.228: Total time for which application threads were stopped: 0.0007000 seconds, Stopping threads took: 0.0001000 seconds
192.274: Application time: 0.0457350 seconds
192.274: [GC [PSYoungGen: 19420K->2496K(21504K)] 46170K->29246K(69120K), 0.0009590 secs] [Times: user=0.01 sys=0.00, real=0.00 secs] 
192.275: Total time for which application threads were stopped: 0.0011130 seconds, Stopping threads took: 0.0000760 seconds
192.324: Application time: 0.0490320 seconds
192.324: [GC [PSYoungGen: 21041K->832K(21504K)] 47791K->27582K(69120K), 0.0005490 secs] [Times: user=0.00 sys=0.00, real=0.00 secs] 
192.325: Total time for which application threads were stopped: 0.0006820 seconds, Stopping threads took: 0.0000640 seconds
192.370: Application time: 0.0455260 seconds
192.370: [GC [PSYoungGen: 19356K->2496K(21504K)] 46106K->29246K(69120K), 0.0009630 secs] [Times: user=0.00 sys=0.00, real=0.00 secs] 
192.371: Total time for which application threads were stopped: 0.0011080 seconds, Stopping threads took: 0.0000700 seconds
192.422: Application time: 0.0504070 seconds
192.422: [GC [PSYoungGen: 21043K->336K(21504K)] 47793K->27086K(69120K), 0.0004210 secs] [Times: user=0.01 sys=0.00, real=0.00 secs] 
192.422: Total time for which application threads were stopped: 0.0005420 seconds, Stopping threads took: 0.0000600 seconds
192.469: Application time: 0.0463230 seconds
192.469: [GC [PSYoungGen: 18932K->2512K(21504K)] 45683K->29774K(69120K), 0.0011430 secs] [Times: user=0.01 sys=0.00, real=0.00 secs] 
192.470: Total time for which application threads were stopped: 0.0012810 seconds, Stopping threads took: 0.0000610 seconds
192.519: Application time: 0.0493150 seconds
192.519: [GC [PSYoungGen: 21137K->896K(21504K)] 48400K->28166K(69120K), 0.0005430 secs] [Times: user=0.00 sys=0.00, real=0.00 secs] 
192.520: Total time for which application threads were stopped: 0.0006870 seconds, Stopping threads took: 0.0000750 seconds
192.564: Application time: 0.0443400 seconds
192.564: [GC [PSYoungGen: 19496K->2448K(21504K)] 46767K->30238K(69120K), 0.0011710 secs] [Times: user=0.01 sys=0.00, real=0.00 secs] 
192.566: Total time for which application threads were stopped: 0.0013270 seconds, Stopping threads took: 0.0000790 seconds
192.616: Application time: 0.0501470 seconds
192.616: [GC [PSYoungGen: 21151K->864K(21504K)] 48942K->28662K(69120K), 0.0005360 secs] [Times: user=0.01 sys=0.00, real=0.01 secs] 
192.616: Total time for which application threads were stopped: 0.0006670 seconds, Stopping threads took: 0.0000700 seconds
192.663: Application time: 0.0462570 seconds
192.663: [GC [PSYoungGen: 19386K->2512K(21504K)] 47184K->30830K(69120K), 0.0011380 secs] [Times: user=0.01 sys=0.00, real=0.00 secs] 
192.664: Total time for which application threads were stopped: 0.0013010 seconds, Stopping threads took: 0.0000790 seconds
192.714: Application time: 0.0504450 seconds
192.715: [GC [PSYoungGen: 21211K->1408K(21504K)] 49530K->29734K(69120K), 0.0007170 secs] [Times: user=0.01 sys=0.00, real=0.00 secs] 
192.715: Total time for which application threads were stopped: 0.0008760 seconds, Stopping threads took: 0.0000830 seconds
192.761: Application time: 0.0452070 seconds
192.761: [GC [PSYoungGen: 19932K->2480K(21504K)] 48258K->31326K(69120K), 0.0011670 secs] [Times: user=0.00 sys=0.00, real=0.00 secs] 
192.762: Total time for which application threads were stopped: 0.0013060 seconds, Stopping threads took: 0.0000670 seconds
192.811: Application time: 0.0490170 seconds
192.811: [GC [PSYoungGen: 21025K->1408K(21504K)] 49871K->30254K(69120K), 0.0007030 secs] [Times: user=0.00 sys=0.00, real=0.00 secs] 
192.812: Total time for which application threads were stopped: 0.0008440 seconds, Stopping threads took: 0.0000710 seconds
192.857: Application time: 0.0455870 seconds
192.858: [GC [PSYoungGen: 20016K->2496K(21504K)] 48863K->31350K(69120K), 0.0009530 secs] [Times: user=0.01 sys=0.00, real=0.00 secs] 
192.858: Total time for which application threads were stopped: 0.0011590 seconds, Stopping threads took: 0.0001280 seconds
192.909: Application time: 0.0503860 seconds
192.912: [GC [PSYoungGen: 21039K->1392K(21504K)] 49893K->30246K(69120K), 0.0006930 secs] [Times: user=0.01 sys=0.00, real=0.00 secs] 
192.913: Total time for which application threads were stopped: 0.0039450 seconds, Stopping threads took: 0.0031860 seconds
192.958: Application time: 0.0452080 seconds
192.958: [GC [PSYoungGen: 19918K->2512K(21504K)] 48773K->31878K(69120K), 0.0012360 secs] [Times: user=0.00 sys=0.00, real=0.00 secs] 
192.959: Total time for which application threads were stopped: 0.0014070 seconds, Stopping threads took: 0.0000980 seconds
193.009: Application time: 0.0496220 seconds
193.009: [GC [PSYoungGen: 21055K->1952K(21504K)] 50421K->31318K(69120K), 0.0008320 secs] [Times: user=0.00 sys=0.00, real=0.00 secs] 
193.010: Total time for which application threads were stopped: 0.0009810 seconds, Stopping threads took: 0.0000750 seconds
193.057: Application time: 0.0465500 seconds
193.057: [GC [PSYoungGen: 20480K->2528K(21504K)] 49847K->32406K(69120K), 0.0011450 secs] [Times: user=0.00 sys=0.00, real=0.00 secs] 
193.058: Total time for which application threads were stopped: 0.0012950 seconds, Stopping threads took: 0.0000740 seconds
193.108: Application time: 0.0496740 seconds
193.108: [GC [PSYoungGen: 21071K->1952K(21504K)] 50949K->31830K(69120K), 0.0008590 secs] [Times: user=0.01 sys=0.00, real=0.00 secs] 
193.109: Total time for which application threads were stopped: 0.0009950 seconds, Stopping threads took: 0.0000670 seconds
193.154: Application time: 0.0457240 seconds
193.154: [GC [PSYoungGen: 20554K->2512K(21504K)] 50433K->33414K(69120K), 0.0013260 secs] [Times: user=0.01 sys=0.00, real=0.00 secs] 
193.156: Total time for which application threads were stopped: 0.0014720 seconds, Stopping threads took: 0.0000690 seconds
193.206: Application time: 0.0502600 seconds
193.206: [GC [PSYoungGen: 21133K->1872K(21504K)] 52035K->32782K(69120K), 0.0008680 secs] [Times: user=0.00 sys=0.00, real=0.00 secs] 
193.207: Total time for which application threads were stopped: 0.0009930 seconds, Stopping threads took: 0.0000540 seconds
193.254: Application time: 0.0468700 seconds
193.254: [GC [PSYoungGen: 20477K->2496K(21504K)] 51387K->33926K(69120K), 0.0011530 secs] [Times: user=0.01 sys=0.00, real=0.00 secs] 
193.255: Total time for which application threads were stopped: 0.0013220 seconds, Stopping threads took: 0.0000870 seconds
193.303: Application time: 0.0478420 seconds
193.303: [GC [PSYoungGen: 21195K->1904K(21504K)] 52626K->33342K(69120K), 0.0009220 secs] [Times: user=0.01 sys=0.00, real=0.01 secs] 
193.304: Total time for which application threads were stopped: 0.0010540 seconds, Stopping threads took: 0.0000580 seconds
193.352: Application time: 0.0477930 seconds
193.352: [GC [PSYoungGen: 20440K->1952K(21504K)] 51879K->33398K(69120K), 0.0008140 secs] [Times: user=0.00 sys=0.00, real=0.00 secs] 
193.353: Total time for which application threads were stopped: 0.0009380 seconds, Stopping threads took: 0.0000550 seconds
193.400: Application time: 0.0467460 seconds
193.400: [GC [PSYoungGen: 20641K->2464K(21504K)] 52087K->33910K(69120K), 0.0010010 secs] [Times: user=0.00 sys=0.00, real=0.00 secs] 
193.401: Total time for which application threads were stopped: 0.0011530 seconds, Stopping threads took: 0.0000760 seconds
193.450: Application time: 0.0490830 seconds
193.450: [GC [PSYoungGen: 21005K->1936K(21504K)] 52451K->33390K(69120K), 0.0009200 secs] [Times: user=0.01 sys=0.00, real=0.00 secs] 
193.451: Total time for which application threads were stopped: 0.0010610 seconds, Stopping threads took: 0.0000690 seconds
193.497: Application time: 0.0462790 seconds
193.497: [GC [PSYoungGen: 20464K->2464K(21504K)] 51919K->34430K(69120K), 0.0011580 secs] [Times: user=0.01 sys=0.00, real=0.00 secs] 
193.499: Total time for which application threads were stopped: 0.0013290 seconds, Stopping threads took: 0.0000950 seconds
193.550: Application time: 0.0512820 seconds
193.550: [GC [PSYoungGen: 21085K->1888K(21504K)] 53051K->33854K(69120K), 0.0008450 secs] [Times: user=0.00 sys=0.00, real=0.00 secs] 
193.551: Total time for which application threads were stopped: 0.0009890 seconds, Stopping threads took: 0.0000690 seconds
193.596: Application time: 0.0453450 seconds
193.596: [GC [PSYoungGen: 20420K->2480K(21504K)] 52387K->34454K(69120K), 0.0009500 secs] [Times: user=0.00 sys=0.00, real=0.00 secs] 
193.597: Total time for which application threads were stopped: 0.0011010 seconds, Stopping threads took: 0.0000810 seconds
193.647: Application time: 0.0495820 seconds
193.647: [GC [PSYoungGen: 21021K->1920K(21504K)] 52995K->33894K(69120K), 0.0009070 secs] [Times: user=0.00 sys=0.00, real=0.00 secs] 
193.648: Total time for which application threads were stopped: 0.0010550 seconds, Stopping threads took: 0.0000780 seconds
193.696: Application time: 0.0478860 seconds
193.696: [GC [PSYoungGen: 20456K->1968K(21504K)] 52431K->33942K(69120K), 0.0008520 secs] [Times: user=0.01 sys=0.00, real=0.01 secs] 
193.697: Total time for which application threads were stopped: 0.0010010 seconds, Stopping threads took: 0.0000790 seconds
193.743: Application time: 0.0462740 seconds
193.743: [GC [PSYoungGen: 20500K->2464K(21504K)] 52475K->34438K(69120K), 0.0010060 secs] [Times: user=0.00 sys=0.00, real=0.01 secs] 
193.744: Total time for which application threads were stopped: 0.0011710 seconds, Stopping threads took: 0.0000880 seconds
193.794: Application time: 0.0493430 seconds
193.794: [GC [PSYoungGen: 21005K->1952K(21504K)] 52979K->33926K(69120K), 0.0008770 secs] [Times: user=0.00 sys=0.00, real=0.00 secs] 
193.795: Total time for which application threads were stopped: 0.0010350 seconds, Stopping threads took: 0.0000880 seconds
193.842: Application time: 0.0475870 seconds
193.842: [GC [PSYoungGen: 20562K->1936K(21504K)] 52537K->33910K(69120K), 0.0008060 secs] [Times: user=0.01 sys=0.00, real=0.00 secs] 
193.843: Total time for which application threads were stopped: 0.0009660 seconds, Stopping threads took: 0.0000910 seconds
193.890: Application time: 0.0472580 seconds
193.891: [GC [PSYoungGen: 20551K->2464K(21504K)] 52525K->34446K(69120K), 0.0009870 secs] [Times: user=0.01 sys=0.00, real=0.00 secs] 
193.892: Total time for which application threads were stopped: 0.0011410 seconds, Stopping threads took: 0.0000790 seconds
193.941: Application time: 0.0497700 seconds
193.942: [GC [PSYoungGen: 21083K->1424K(21504K)] 53065K->33422K(69120K), 0.0006870 secs] [Times: user=0.01 sys=0.00, real=0.00 secs] 
193.942: Total time for which application threads were stopped: 0.0009210 seconds, Stopping threads took: 0.0001550 seconds
193.987: Application time: 0.0442550 seconds
193.987: [GC [PSYoungGen: 20107K->2496K(21504K)] 52105K->35014K(69120K), 0.0011440 secs] [Times: user=0.01 sys=0.00, real=0.00 secs] 
193.988: Total time for which application threads were stopped: 0.0016910 seconds, Stopping threads took: 0.0000860 seconds
194.038: Application time: 0.0493420 seconds
194.038: [GC [PSYoungGen: 21039K->1952K(21504K)] 53557K->34478K(69120K), 0.0008790 secs] [Times: user=0.01 sys=0.00, real=0.00 secs] 
194.039: Total time for which application threads were stopped: 0.0010340 seconds, Stopping threads took: 0.0000850 seconds
194.087: Application time: 0.0487430 seconds
194.088: [GC [PSYoungGen: 20565K->1392K(21504K)] 53091K->33918K(69120K), 0.0007060 secs] [Times: user=0.00 sys=0.00, real=0.00 secs] 
194.088: Total time for which application threads were stopped: 0.0009200 seconds, Stopping threads took: 0.0001410 seconds
194.134: Application time: 0.0461830 seconds
194.135: [GC [PSYoungGen: 20003K->2496K(21504K)] 52529K->35030K(69120K), 0.0010130 secs] [Times: user=0.01 sys=0.00, real=0.00 secs] 
194.136: Total time for which application threads were stopped: 0.0011580 seconds, Stopping threads took: 0.0000730 seconds
194.186: Application time: 0.0501490 seconds
194.186: [GC [PSYoungGen: 21039K->1376K(21504K)] 53573K->33910K(69120K), 0.0006850 secs] [Times: user=0.00 sys=0.00, real=0.00 secs] 
194.187: Total time for which application threads were stopped: 0.0008460 seconds, Stopping threads took: 0.0000880 seconds
194.232: Application time: 0.0450010 seconds
194.232: [GC [PSYoungGen: 19902K->2496K(21504K)] 52437K->35030K(69120K), 0.0010710 secs] [Times: user=0.01 sys=0.00, real=0.00 secs] 
194.233: Total time for which application threads were stopped: 0.0012270 seconds, Stopping threads took: 0.0000770 seconds
194.282: Application time: 0.0487670 seconds
194.282: [GC [PSYoungGen: 21115K->1888K(21504K)] 53649K->34430K(69120K), 0.0008960 secs] [Times: user=0.00 sys=0.00, real=0.00 secs] 
194.283: Total time for which application threads were stopped: 0.0010360 seconds, Stopping threads took: 0.0000680 seconds
194.330: Application time: 0.0475960 seconds
194.330: [GC [PSYoungGen: 20426K->1392K(21504K)] 52969K->33934K(69120K), 0.0007160 secs] [Times: user=0.01 sys=0.00, real=0.00 secs] 
194.331: Total time for which application threads were stopped: 0.0008480 seconds, Stopping threads took: 0.0000630 seconds
194.377: Application time: 0.0457340 seconds
194.377: [GC [PSYoungGen: 19922K->1920K(21504K)] 52465K->34462K(69120K), 0.0008470 secs] [Times: user=0.01 sys=0.00, real=0.00 secs] 
194.378: Total time for which application threads were stopped: 0.0009900 seconds, Stopping threads took: 0.0000700 seconds
194.424: Application time: 0.0466790 seconds
194.425: [GC [PSYoungGen: 20440K->2512K(21504K)] 52983K->35566K(69120K), 0.0011310 secs] [Times: user=0.01 sys=0.00, real=0.00 secs] 
194.426: Total time for which application threads were stopped: 0.0013020 seconds, Stopping threads took: 0.0000980 seconds
194.476: Application time: 0.0503590 seconds
194.476: [GC [PSYoungGen: 21059K->1952K(21504K)] 54113K->35006K(69120K), 0.0009500 secs] [Times: user=0.00 sys=0.00, real=0.00 secs] 
194.477: Total time for which application threads were stopped: 0.0011160 seconds, Stopping threads took: 0.0000860 seconds
194.522: Application time: 0.0451220 seconds
194.523: [GC [PSYoungGen: 20556K->2512K(21504K)] 53611K->36590K(69120K), 0.0013130 secs] [Times: user=0.01 sys=0.00, real=0.00 secs] 
194.524: Total time for which application threads were stopped: 0.0014690 seconds, Stopping threads took: 0.0000770 seconds
194.574: Application time: 0.0499580 seconds
194.574: [GC [PSYoungGen: 21057K->1952K(21504K)] 55135K->36046K(69120K), 0.0008640 secs] [Times: user=0.00 sys=0.00, real=0.00 secs] 
194.575: Total time for which application threads were stopped: 0.0010180 seconds, Stopping threads took: 0.0000830 seconds
194.623: Application time: 0.0485680 seconds
194.624: [GC [PSYoungGen: 20647K->1408K(21504K)] 54742K->35510K(69120K), 0.0006820 secs] [Times: user=0.01 sys=0.00, real=0.01 secs] 
194.624: Total time for which application threads were stopped: 0.0008320 seconds, Stopping threads took: 0.0000820 seconds
194.671: Application time: 0.0465220 seconds
194.671: [GC [PSYoungGen: 20093K->2480K(21504K)] 54195K->36590K(69120K), 0.0009800 secs] [Times: user=0.01 sys=0.00, real=0.00 secs] 
194.672: Total time for which application threads were stopped: 0.0011320 seconds, Stopping threads took: 0.0000810 seconds
194.722: Application time: 0.0504630 seconds
194.722: [GC [PSYoungGen: 21027K->304K(21504K)] 55137K->34422K(69120K), 0.0004410 secs] [Times: user=0.00 sys=0.00, real=0.00 secs] 
194.723: Total time for which application threads were stopped: 0.0005740 seconds, Stopping threads took: 0.0000660 seconds
194.770: Application time: 0.0467550 seconds
194.770: [GC [PSYoungGen: 18902K->2464K(21504K)] 53021K->36582K(69120K), 0.0009510 secs] [Times: user=0.01 sys=0.00, real=0.00 secs] 
194.771: Total time for which application threads were stopped: 0.0011080 seconds, Stopping threads took: 0.0000850 seconds
194.819: Application time: 0.0478080 seconds
194.819: [GC [PSYoungGen: 21079K->2464K(21504K)] 55197K->36590K(69120K), 0.0010070 secs] [Times: user=0.01 sys=0.00, real=0.00 secs] 
194.820: Total time for which application threads were stopped: 0.0011470 seconds, Stopping threads took: 0.0000670 seconds
194.867: Application time: 0.0476640 seconds
194.868: [GC [PSYoungGen: 21000K->2496K(21504K)] 55127K->36630K(69120K), 0.0010100 secs] [Times: user=0.01 sys=0.00, real=0.00 secs] 
194.869: Total time for which application threads were stopped: 0.0011570 seconds, Stopping threads took: 0.0000740 seconds
194.917: Application time: 0.0480170 seconds
194.917: [GC [PSYoungGen: 21032K->1888K(21504K)] 55167K->36022K(69120K), 0.0008860 secs] [Times: user=0.00 sys=0.00, real=0.00 secs] 
194.918: Total time for which application threads were stopped: 0.0010250 seconds, Stopping threads took: 0.0000640 seconds
194.965: Application time: 0.0474180 seconds
194.965: [GC [PSYoungGen: 20420K->2496K(21504K)] 54555K->36630K(69120K), 0.0009890 secs] [Times: user=0.01 sys=0.00, real=0.00 secs] 
194.966: Total time for which application threads were stopped: 0.0011280 seconds, Stopping threads took: 0.0000690 seconds
195.016: Application time: 0.0497690 seconds
195.016: [GC [PSYoungGen: 21117K->832K(21504K)] 55251K->34982K(69120K), 0.0005690 secs] [Times: user=0.01 sys=0.00, real=0.00 secs] 
195.017: Total time for which application threads were stopped: 0.0007680 seconds, Stopping threads took: 0.0001240 seconds
195.062: Application time: 0.0449150 seconds
195.062: [GC [PSYoungGen: 19360K->2512K(21504K)] 53511K->36662K(69120K), 0.0009910 secs] [Times: user=0.01 sys=0.00, real=0.00 secs] 
195.063: Total time for which application threads were stopped: 0.0011360 seconds, Stopping threads took: 0.0000740 seconds
195.113: Application time: 0.0499250 seconds
195.113: [GC [PSYoungGen: 21055K->1392K(21504K)] 55205K->35542K(69120K), 0.0006830 secs] [Times: user=0.00 sys=0.00, real=0.00 secs] 
195.114: Total time for which application threads were stopped: 0.0008160 seconds, Stopping threads took: 0.0000650 seconds
195.160: Application time: 0.0464510 seconds
195.160: [GC [PSYoungGen: 19920K->2496K(21504K)] 54071K->36646K(69120K), 0.0009690 secs] [Times: user=0.01 sys=0.00, real=0.00 secs] 
195.161: Total time for which application threads were stopped: 0.0011500 seconds, Stopping threads took: 0.0001120 seconds
195.209: Application time: 0.0479940 seconds
195.209: [GC [PSYoungGen: 21111K->2464K(21504K)] 55261K->36614K(69120K), 0.0010060 secs] [Times: user=0.01 sys=0.00, real=0.00 secs] 
195.210: Total time for which application threads were stopped: 0.0011510 seconds, Stopping threads took: 0.0000690 seconds
195.259: Application time: 0.0482370 seconds
195.259: [GC [PSYoungGen: 21005K->1952K(21504K)] 55155K->36110K(69120K), 0.0008320 secs] [Times: user=0.00 sys=0.00, real=0.00 secs] 
195.260: Total time for which application threads were stopped: 0.0009850 seconds, Stopping threads took: 0.0000820 seconds
195.309: Application time: 0.0492070 seconds
195.309: [GC [PSYoungGen: 20649K->896K(21504K)] 54808K->35054K(69120K), 0.0005370 secs] [Times: user=0.00 sys=0.00, real=0.00 secs] 
195.309: Total time for which application threads were stopped: 0.0006690 seconds, Stopping threads took: 0.0000690 seconds
195.356: Application time: 0.0466740 seconds
195.356: [GC [PSYoungGen: 19424K->1888K(21504K)] 53583K->36054K(69120K), 0.0008280 secs] [Times: user=0.01 sys=0.00, real=0.00 secs] 
195.357: Total time for which application threads were stopped: 0.0010850 seconds, Stopping threads took: 0.0001870 seconds
195.405: Application time: 0.0476120 seconds
195.405: [GC [PSYoungGen: 20581K->1952K(21504K)] 54748K->36126K(69120K), 0.0008560 secs] [Times: user=0.00 sys=0.00, real=0.00 secs] 
195.406: Total time for which application threads were stopped: 0.0009950 seconds, Stopping threads took: 0.0000640 seconds
195.451: Application time: 0.0454990 seconds
195.451: [GC [PSYoungGen: 20558K->2480K(21504K)] 54733K->37166K(69120K), 0.0011510 secs] [Times: user=0.00 sys=0.00, real=0.00 secs] 
195.453: Total time for which application threads were stopped: 0.0013860 seconds, Stopping threads took: 0.0001600 seconds
195.503: Application time: 0.0506190 seconds
195.503: [GC [PSYoungGen: 21101K->1920K(21504K)] 55788K->36622K(69120K), 0.0008420 secs] [Times: user=0.00 sys=0.00, real=0.01 secs] 
195.504: Total time for which application threads were stopped: 0.0009820 seconds, Stopping threads took: 0.0000700 seconds
195.550: Application time: 0.0455730 seconds
195.550: [GC [PSYoungGen: 20448K->2528K(21504K)] 55151K->37750K(69120K), 0.0011460 secs] [Times: user=0.00 sys=0.00, real=0.00 secs] 
195.551: Total time for which application threads were stopped: 0.0013110 seconds, Stopping threads took: 0.0000780 seconds
195.601: Application time: 0.0498460 seconds
195.601: [GC [PSYoungGen: 21073K->1376K(21504K)] 56295K->36598K(69120K), 0.0006870 secs] [Times: user=0.00 sys=0.00, real=0.00 secs] 
195.602: Total time for which application threads were stopped: 0.0008210 seconds, Stopping threads took: 0.0000690 seconds
195.648: Application time: 0.0464600 seconds
195.648: [GC [PSYoungGen: 19900K->2480K(21504K)] 55123K->38214K(69120K), 0.0011290 secs] [Times: user=0.01 sys=0.00, real=0.00 secs] 
195.650: Total time for which application threads were stopped: 0.0012780 seconds, Stopping threads took: 0.0000720 seconds
195.698: Application time: 0.0488930 seconds
195.699: [GC [PSYoungGen: 21101K->1984K(21504K)] 56836K->37718K(69120K), 0.0007960 secs] [Times: user=0.00 sys=0.00, real=0.00 secs] 
195.699: Total time for which application threads were stopped: 0.0009460 seconds, Stopping threads took: 0.0000840 seconds
195.746: Application time: 0.0463070 seconds
195.746: [GC [PSYoungGen: 20516K->2496K(21504K)] 56251K->38238K(69120K), 0.0009820 secs] [Times: user=0.01 sys=0.00, real=0.00 secs] 
195.747: Total time for which application threads were stopped: 0.0011870 seconds, Stopping threads took: 0.0001320 seconds
195.797: Application time: 0.0500200 seconds
195.797: [GC [PSYoungGen: 21037K->1936K(21504K)] 56779K->37678K(69120K), 0.0007980 secs] [Times: user=0.00 sys=0.00, real=0.00 secs] 
195.798: Total time for which application threads were stopped: 0.0009280 seconds, Stopping threads took: 0.0000630 seconds
195.844: Application time: 0.0458640 seconds
195.844: [GC [PSYoungGen: 20458K->2464K(21504K)] 56201K->39230K(69120K), 0.0014180 secs] [Times: user=0.01 sys=0.00, real=0.00 secs] 
195.846: Total time for which application threads were stopped: 0.0018550 seconds, Stopping threads took: 0.0003590 seconds
195.903: Application time: 0.0571870 seconds
195.903: [GC [PSYoungGen: 21085K->1392K(21504K)] 57852K->38158K(69120K), 0.0007790 secs] [Times: user=0.01 sys=0.00, real=0.00 secs] 
195.904: Total time for which application threads were stopped: 0.0010060 seconds, Stopping threads took: 0.0001580 seconds
195.955: Application time: 0.0509690 seconds
195.956: [GC [PSYoungGen: 19922K->2480K(21504K)] 56689K->39254K(69120K), 0.0011180 secs] [Times: user=0.00 sys=0.00, real=0.00 secs] 
195.957: Total time for which application threads were stopped: 0.0025570 seconds, Stopping threads took: 0.0013520 seconds
196.009: Application time: 0.0517120 seconds
196.009: [GC [PSYoungGen: 21093K->2496K(21504K)] 57867K->39270K(69120K), 0.0009980 secs] [Times: user=0.01 sys=0.00, real=0.00 secs] 
196.010: Total time for which application threads were stopped: 0.0011390 seconds, Stopping threads took: 0.0000680 seconds
196.059: Application time: 0.0487640 seconds
196.059: [GC [PSYoungGen: 21193K->1952K(21504K)] 57968K->38734K(69120K), 0.0008260 secs] [Times: user=0.00 sys=0.00, real=0.00 secs] 
196.060: Total time for which application threads were stopped: 0.0009790 seconds, Stopping threads took: 0.0000700 seconds
196.107: Application time: 0.0466660 seconds
196.107: [GC [PSYoungGen: 20484K->2480K(21504K)] 57267K->39262K(69120K), 0.0010830 secs] [Times: user=0.01 sys=0.00, real=0.00 secs] 
196.108: Total time for which application threads were stopped: 0.0012230 seconds, Stopping threads took: 0.0000690 seconds
196.158: Application time: 0.0503910 seconds
196.158: [GC [PSYoungGen: 21181K->896K(21504K)] 57964K->37694K(69120K), 0.0005850 secs] [Times: user=0.00 sys=0.00, real=0.00 secs] 
196.159: Total time for which application threads were stopped: 0.0007240 seconds, Stopping threads took: 0.0000730 seconds
196.204: Application time: 0.0453120 seconds
196.204: [GC [PSYoungGen: 19500K->2464K(21504K)] 56299K->39270K(69120K), 0.0009980 secs] [Times: user=0.00 sys=0.00, real=0.00 secs] 
196.205: Total time for which application threads were stopped: 0.0011570 seconds, Stopping threads took: 0.0000850 seconds
196.252: Application time: 0.0468740 seconds
196.252: [GC [PSYoungGen: 21000K->2496K(21504K)] 57807K->39310K(69120K), 0.0010030 secs] [Times: user=0.01 sys=0.00, real=0.00 secs] 
196.253: Total time for which application threads were stopped: 0.0011310 seconds, Stopping threads took: 0.0000600 seconds
196.297: Application time: 0.0439380 seconds
196.297: [GC [PSYoungGen: 21037K->1888K(21504K)] 57851K->38702K(69120K), 0.0008210 secs] [Times: user=0.01 sys=0.00, real=0.00 secs] 
196.298: Total time for which application threads were stopped: 0.0009720 seconds, Stopping threads took: 0.0000820 seconds
196.342: Application time: 0.0441560 seconds
196.343: [GC [PSYoungGen: 20420K->2432K(21504K)] 57235K->39246K(69120K), 0.0009530 secs] [Times: user=0.01 sys=0.00, real=0.00 secs] 
196.344: Total time for which application threads were stopped: 0.0011020 seconds, Stopping threads took: 0.0000810 seconds
196.388: Application time: 0.0446730 seconds
196.388: [GC [PSYoungGen: 20999K->1408K(21504K)] 57813K->38222K(69120K), 0.0006770 secs] [Times: user=0.01 sys=0.00, real=0.00 secs] 
196.389: Total time for which application threads were stopped: 0.0008060 seconds, Stopping threads took: 0.0000670 seconds
196.434: Application time: 0.0451260 seconds
196.434: [GC [PSYoungGen: 19995K->1920K(21504K)] 56809K->38742K(69120K), 0.0007820 secs] [Times: user=0.00 sys=0.00, real=0.00 secs] 
196.435: Total time for which application threads were stopped: 0.0009280 seconds, Stopping threads took: 0.0000730 seconds
196.478: Application time: 0.0433130 seconds
196.479: [GC [PSYoungGen: 20452K->2480K(21504K)] 57275K->39302K(69120K), 0.0009810 secs] [Times: user=0.00 sys=0.00, real=0.00 secs] 
196.480: Total time for which application threads were stopped: 0.0011230 seconds, Stopping threads took: 0.0000730 seconds
196.525: Application time: 0.0452170 seconds
196.525: [GC [PSYoungGen: 21021K->1920K(21504K)] 57843K->38742K(69120K), 0.0008130 secs] [Times: user=0.00 sys=0.00, real=0.00 secs] 
196.526: Total time for which application threads were stopped: 0.0009430 seconds, Stopping threads took: 0.0000620 seconds
196.569: Application time: 0.0428940 seconds
196.569: [GC [PSYoungGen: 20531K->2480K(21504K)] 57353K->39302K(69120K), 0.0009500 secs] [Times: user=0.01 sys=0.00, real=0.00 secs] 
196.570: Total time for which application threads were stopped: 0.0011030 seconds, Stopping threads took: 0.0000680 seconds
196.616: Application time: 0.0463930 seconds
196.616: [GC [PSYoungGen: 21021K->1936K(21504K)] 57843K->38766K(69120K), 0.0008180 secs] [Times: user=0.01 sys=0.00, real=0.00 secs] 
196.617: Total time for which application threads were stopped: 0.0009480 seconds, Stopping threads took: 0.0000600 seconds
196.660: Application time: 0.0429760 seconds
196.660: [GC [PSYoungGen: 20549K->2464K(21504K)] 57379K->39294K(69120K), 0.0009420 secs] [Times: user=0.00 sys=0.00, real=0.00 secs] 
196.661: Total time for which application threads were stopped: 0.0010760 seconds, Stopping threads took: 0.0000650 seconds
196.706: Application time: 0.0453520 seconds
196.707: [GC [PSYoungGen: 21159K->1904K(21504K)] 57989K->38742K(69120K), 0.0007810 secs] [Times: user=0.00 sys=0.00, real=0.00 secs] 
196.707: Total time for which application threads were stopped: 0.0009130 seconds, Stopping threads took: 0.0000630 seconds
196.751: Application time: 0.0431860 seconds
196.751: [GC [PSYoungGen: 20432K->2496K(21504K)] 57271K->39854K(69120K), 0.0011390 secs] [Times: user=0.01 sys=0.00, real=0.00 secs] 
196.752: Total time for which application threads were stopped: 0.0012800 seconds, Stopping threads took: 0.0000670 seconds
196.796: Application time: 0.0445990 seconds
196.797: [GC [PSYoungGen: 21117K->1856K(21504K)] 58476K->39214K(69120K), 0.0009630 secs] [Times: user=0.01 sys=0.00, real=0.00 secs] 
196.798: Total time for which application threads were stopped: 0.0010980 seconds, Stopping threads took: 0.0000700 seconds
196.841: Application time: 0.0433830 seconds
196.841: [GC [PSYoungGen: 20539K->2512K(21504K)] 57897K->40902K(69120K), 0.0012720 secs] [Times: user=0.01 sys=0.00, real=0.00 secs] 
196.842: Total time for which application threads were stopped: 0.0014150 seconds, Stopping threads took: 0.0000650 seconds
196.888: Application time: 0.0451610 seconds
196.888: [GC [PSYoungGen: 21055K->1952K(21504K)] 59446K->40350K(69120K), 0.0008320 secs] [Times: user=0.00 sys=0.00, real=0.00 secs] 
196.889: Total time for which application threads were stopped: 0.0009920 seconds, Stopping threads took: 0.0000880 seconds
196.930: Application time: 0.0417150 seconds
196.930: [GC [PSYoungGen: 20476K->2496K(21504K)] 58875K->41918K(69120K), 0.0012740 secs] [Times: user=0.00 sys=0.00, real=0.00 secs] 
196.932: Total time for which application threads were stopped: 0.0014130 seconds, Stopping threads took: 0.0000660 seconds
196.979: Application time: 0.0471050 seconds
196.979: [GC [PSYoungGen: 21041K->1936K(21504K)] 60464K->41358K(69120K), 0.0008220 secs] [Times: user=0.00 sys=0.00, real=0.00 secs] 
196.980: Total time for which application threads were stopped: 0.0009570 seconds, Stopping threads took: 0.0000680 seconds
197.022: Application time: 0.0422830 seconds
197.022: [GC [PSYoungGen: 20464K->2496K(21504K)] 59887K->42430K(69120K), 0.0011480 secs] [Times: user=0.01 sys=0.00, real=0.00 secs] 
197.023: Total time for which application threads were stopped: 0.0012890 seconds, Stopping threads took: 0.0000700 seconds
197.069: Application time: 0.0458520 seconds
197.069: [GC [PSYoungGen: 21119K->1424K(21504K)] 61054K->41358K(69120K), 0.0006650 secs] [Times: user=0.01 sys=0.00, real=0.00 secs] 
197.070: Total time for which application threads were stopped: 0.0008160 seconds, Stopping threads took: 0.0000710 seconds
197.115: Application time: 0.0448280 seconds
197.115: [GC [PSYoungGen: 19958K->1408K(21504K)] 59893K->41350K(69120K), 0.0006710 secs] [Times: user=0.00 sys=0.00, real=0.00 secs] 
197.116: Total time for which application threads were stopped: 0.0008080 seconds, Stopping threads took: 0.0000700 seconds
197.158: Application time: 0.0425010 seconds
197.158: [GC [PSYoungGen: 19936K->2512K(21504K)] 59879K->42454K(69120K), 0.0009850 secs] [Times: user=0.01 sys=0.00, real=0.00 secs] 
197.159: Total time for which application threads were stopped: 0.0011370 seconds, Stopping threads took: 0.0000780 seconds
197.206: Application time: 0.0466690 seconds
197.206: [GC [PSYoungGen: 21133K->1424K(21504K)] 61076K->41366K(69120K), 0.0007680 secs] [Times: user=0.01 sys=0.00, real=0.00 secs] 
197.207: Total time for which application threads were stopped: 0.0008980 seconds, Stopping threads took: 0.0000650 seconds
197.248: Application time: 0.0411290 seconds
197.248: [GC [PSYoungGen: 19952K->2448K(21504K)] 59895K->42398K(69120K), 0.0009690 secs] [Times: user=0.01 sys=0.00, real=0.00 secs] 
197.249: Total time for which application threads were stopped: 0.0011170 seconds, Stopping threads took: 0.0000750 seconds
197.296: Application time: 0.0467340 seconds
197.296: [GC [PSYoungGen: 21065K->1424K(21504K)] 61016K->41374K(69120K), 0.0006840 secs] [Times: user=0.00 sys=0.00, real=0.01 secs] 
197.297: Total time for which application threads were stopped: 0.0008810 seconds, Stopping threads took: 0.0001270 seconds
197.338: Application time: 0.0418220 seconds
197.339: [GC [PSYoungGen: 20032K->2512K(21504K)] 59983K->42982K(69120K), 0.0010770 secs] [Times: user=0.00 sys=0.00, real=0.00 secs] 
197.340: Total time for which application threads were stopped: 0.0012240 seconds, Stopping threads took: 0.0000770 seconds
197.386: Application time: 0.0462250 seconds
197.386: [GC [PSYoungGen: 21133K->1888K(21504K)] 61604K->42366K(69120K), 0.0008080 secs] [Times: user=0.01 sys=0.00, real=0.00 secs] 
197.387: Total time for which application threads were stopped: 0.0009500 seconds, Stopping threads took: 0.0000730 seconds
197.429: Application time: 0.0424740 seconds
197.429: [GC [PSYoungGen: 20494K->2464K(21504K)] 60973K->43454K(69120K), 0.0011420 secs] [Times: user=0.00 sys=0.00, real=0.00 secs] 
197.431: Total time for which application threads were stopped: 0.0012890 seconds, Stopping threads took: 0.0000740 seconds
197.478: Application time: 0.0472330 seconds
197.478: [GC [PSYoungGen: 21089K->864K(21504K)] 62080K->41862K(69120K), 0.0005800 secs] [Times: user=0.00 sys=0.00, real=0.00 secs] 
197.479: Total time for which application threads were stopped: 0.0008660 seconds, Stopping threads took: 0.0002250 seconds
197.521: Application time: 0.0418410 seconds
197.521: [GC [PSYoungGen: 19462K->2480K(21504K)] 60461K->43998K(69120K), 0.0011440 secs] [Times: user=0.00 sys=0.00, real=0.00 secs] 
197.522: Total time for which application threads were stopped: 0.0012910 seconds, Stopping threads took: 0.0000740 seconds
197.568: Application time: 0.0462560 seconds
197.568: [GC [PSYoungGen: 21025K->1392K(21504K)] 62544K->42910K(69120K), 0.0006600 secs] [Times: user=0.00 sys=0.00, real=0.00 secs] 
197.569: Total time for which application threads were stopped: 0.0007890 seconds, Stopping threads took: 0.0000670 seconds
197.611: Application time: 0.0424810 seconds
197.612: [GC [PSYoungGen: 19916K->2480K(21504K)] 61435K->43998K(69120K), 0.0009700 secs] [Times: user=0.00 sys=0.00, real=0.00 secs] 
197.613: Total time for which application threads were stopped: 0.0011740 seconds, Stopping threads took: 0.0001250 seconds
197.657: Application time: 0.0445280 seconds
197.657: [GC [PSYoungGen: 21025K->1360K(21504K)] 62544K->42878K(69120K), 0.0006690 secs] [Times: user=0.00 sys=0.00, real=0.00 secs] 
197.658: Total time for which application threads were stopped: 0.0008320 seconds, Stopping threads took: 0.0001010 seconds
197.702: Application time: 0.0444750 seconds
197.703: [GC [PSYoungGen: 19966K->2448K(21504K)] 61485K->43966K(69120K), 0.0009880 secs] [Times: user=0.01 sys=0.00, real=0.00 secs] 
197.704: Total time for which application threads were stopped: 0.0011270 seconds, Stopping threads took: 0.0000730 seconds
197.747: Application time: 0.0432880 seconds
197.747: [GC [PSYoungGen: 20983K->2464K(21504K)] 62501K->43990K(69120K), 0.0009970 secs] [Times: user=0.00 sys=0.00, real=0.00 secs] 
197.748: Total time for which application threads were stopped: 0.0011480 seconds, Stopping threads took: 0.0000750 seconds
197.794: Application time: 0.0458400 seconds
197.794: [GC [PSYoungGen: 21007K->1392K(21504K)] 62533K->42918K(69120K), 0.0006930 secs] [Times: user=0.00 sys=0.00, real=0.00 secs] 
197.795: Total time for which application threads were stopped: 0.0008320 seconds, Stopping threads took: 0.0000610 seconds
197.837: Application time: 0.0421190 seconds
197.837: [GC [PSYoungGen: 19994K->2464K(21504K)] 61521K->44502K(69120K), 0.0011230 secs] [Times: user=0.01 sys=0.00, real=0.00 secs] 
197.838: Total time for which application threads were stopped: 0.0012660 seconds, Stopping threads took: 0.0000680 seconds
197.885: Application time: 0.0464490 seconds
197.885: [GC [PSYoungGen: 21007K->1424K(21504K)] 63046K->43470K(69120K), 0.0006920 secs] [Times: user=0.00 sys=0.00, real=0.00 secs] 
197.885: Total time for which application threads were stopped: 0.0008690 seconds, Stopping threads took: 0.0001080 seconds
197.927: Application time: 0.0417570 seconds
197.927: [GC [PSYoungGen: 19954K->2496K(21504K)] 62001K->44542K(69120K), 0.0009970 secs] [Times: user=0.01 sys=0.00, real=0.00 secs] 
197.928: Total time for which application threads were stopped: 0.0011330 seconds, Stopping threads took: 0.0000640 seconds
197.974: Application time: 0.0457540 seconds
197.974: [GC [PSYoungGen: 21115K->1920K(21504K)] 63162K->43974K(69120K), 0.0008230 secs] [Times: user=0.01 sys=0.00, real=0.00 secs] 
197.975: Total time for which application threads were stopped: 0.0009700 seconds, Stopping threads took: 0.0000730 seconds
198.017: Application time: 0.0423340 seconds
198.017: [GC [PSYoungGen: 20603K->2496K(21504K)] 62658K->45583K(69120K), 0.0013060 secs] [Times: user=0.00 sys=0.00, real=0.00 secs] 
198.019: Total time for which application threads were stopped: 0.0014560 seconds, Stopping threads took: 0.0000750 seconds
198.065: Application time: 0.0464390 seconds
198.065: [GC [PSYoungGen: 21119K->1952K(21504K)] 64206K->45046K(69120K), 0.0008800 secs] [Times: user=0.00 sys=0.00, real=0.00 secs] 
198.066: Total time for which application threads were stopped: 0.0010280 seconds, Stopping threads took: 0.0000800 seconds
198.108: Application time: 0.0415520 seconds
198.108: [GC [PSYoungGen: 20556K->2512K(21504K)] 63651K->46639K(69120K), 0.0013460 secs] [Times: user=0.01 sys=0.00, real=0.00 secs] 
198.109: Total time for which application threads were stopped: 0.0014870 seconds, Stopping threads took: 0.0000620 seconds
198.156: Application time: 0.0463440 seconds
198.156: [GC [PSYoungGen: 21137K->1392K(21504K)] 65264K->45526K(69120K), 0.0007070 secs] [Times: user=0.01 sys=0.00, real=0.01 secs] 
198.157: Total time for which application threads were stopped: 0.0008560 seconds, Stopping threads took: 0.0000750 seconds
198.199: Application time: 0.0421500 seconds
198.199: [GC [PSYoungGen: 19916K->2512K(21504K)] 64051K->47175K(69120K), 0.0011520 secs] [Times: user=0.01 sys=0.00, real=0.00 secs] 
198.200: Total time for which application threads were stopped: 0.0013010 seconds, Stopping threads took: 0.0000740 seconds
198.246: Application time: 0.0461180 seconds
198.246: [GC [PSYoungGen: 21057K->1392K(21504K)] 65720K->46054K(69120K), 0.0006710 secs] [Times: user=0.00 sys=0.00, real=0.00 secs] 
198.247: Total time for which application threads were stopped: 0.0008050 seconds, Stopping threads took: 0.0000660 seconds
198.289: Application time: 0.0416060 seconds
198.289: [GC [PSYoungGen: 19912K->2480K(21504K)] 64575K->48167K(69120K), 0.0013370 secs] [Times: user=0.01 sys=0.00, real=0.00 secs] 
198.290: Total time for which application threads were stopped: 0.0014870 seconds, Stopping threads took: 0.0000750 seconds
198.336: Application time: 0.0456410 seconds
198.336: [GC [PSYoungGen: 21025K->1904K(21504K)] 66712K->47591K(69120K), 0.0008670 secs] [Times: user=0.01 sys=0.00, real=0.01 secs] 
198.337: Total time for which application threads were stopped: 0.0011080 seconds, Stopping threads took: 0.0001680 seconds
198.381: Application time: 0.0439120 seconds
198.381: [GC [PSYoungGen: 20517K->2448K(21504K)] 66204K->48143K(69120K), 0.0010430 secs] [Times: user=0.00 sys=0.00, real=0.00 secs] 
198.382: Total time for which application threads were stopped: 0.0011820 seconds, Stopping threads took: 0.0000670 seconds
198.426: Application time: 0.0445150 seconds
198.426: [GC [PSYoungGen: 20989K->1952K(21504K)] 66684K->47647K(69120K), 0.0008600 secs] [Times: user=0.00 sys=0.00, real=0.00 secs] 
198.427: Total time for which application threads were stopped: 0.0010040 seconds, Stopping threads took: 0.0000760 seconds
198.470: Application time: 0.0427950 seconds
198.470: [GC [PSYoungGen: 20484K->2464K(21504K)] 66179K->48159K(69120K), 0.0009890 secs] [Times: user=0.00 sys=0.00, real=0.00 secs] 
198.471: Total time for which application threads were stopped: 0.0011270 seconds, Stopping threads took: 0.0000670 seconds
198.517: Application time: 0.0455780 seconds
198.517: [GC [PSYoungGen: 21083K->1920K(21504K)] 66778K->47623K(69120K), 0.0008300 secs] [Times: user=0.00 sys=0.00, real=0.00 secs] 
198.518: Total time for which application threads were stopped: 0.0009630 seconds, Stopping threads took: 0.0000640 seconds
198.561: Application time: 0.0432350 seconds
198.561: [GC [PSYoungGen: 20452K->2480K(21504K)] 66155K->48183K(69120K), 0.0010770 secs] [Times: user=0.00 sys=0.00, real=0.00 secs] 
198.562: Total time for which application threads were stopped: 0.0012200 seconds, Stopping threads took: 0.0000670 seconds
198.606: Application time: 0.0437100 seconds
198.606: [GC [PSYoungGen: 21093K->2480K(21504K)] 66796K->48183K(69120K), 0.0009500 secs] [Times: user=0.01 sys=0.00, real=0.00 secs] 
198.607: Total time for which application threads were stopped: 0.0011570 seconds, Stopping threads took: 0.0001390 seconds
198.651: Application time: 0.0443250 seconds
198.652: [GC [PSYoungGen: 21179K->1952K(21504K)] 66882K->47663K(69120K), 0.0008490 secs] [Times: user=0.00 sys=0.00, real=0.00 secs] 
198.652: Total time for which application threads were stopped: 0.0009850 seconds, Stopping threads took: 0.0000680 seconds
198.696: Application time: 0.0434830 seconds
198.696: [GC [PSYoungGen: 20565K->2480K(21504K)] 66276K->48199K(69120K), 0.0009570 secs] [Times: user=0.01 sys=0.00, real=0.00 secs] 
198.697: Total time for which application threads were stopped: 0.0011130 seconds, Stopping threads took: 0.0000780 seconds
198.743: Application time: 0.0462310 seconds
198.743: [GC [PSYoungGen: 21099K->1424K(21504K)] 66818K->47151K(69120K), 0.0006990 secs] [Times: user=0.01 sys=0.00, real=0.01 secs] 
198.744: Total time for which application threads were stopped: 0.0008310 seconds, Stopping threads took: 0.0000630 seconds
198.789: Application time: 0.0443690 seconds
198.789: [GC [PSYoungGen: 20035K->1920K(21504K)] 65762K->47655K(69120K), 0.0008420 secs] [Times: user=0.00 sys=0.00, real=0.00 secs] 
198.790: Total time for which application threads were stopped: 0.0009890 seconds, Stopping threads took: 0.0000750 seconds
198.834: Application time: 0.0441140 seconds
198.834: [GC [PSYoungGen: 20452K->2496K(21504K)] 66187K->48247K(69120K), 0.0010120 secs] [Times: user=0.01 sys=0.00, real=0.00 secs] 
198.835: Total time for which application threads were stopped: 0.0012560 seconds, Stopping threads took: 0.0001700 seconds
198.880: Application time: 0.0446350 seconds
198.880: [GC [PSYoungGen: 21037K->1904K(21504K)] 66788K->47655K(69120K), 0.0008210 secs] [Times: user=0.00 sys=0.00, real=0.00 secs] 
198.880: Total time for which application threads were stopped: 0.0009650 seconds, Stopping threads took: 0.0000790 seconds
198.925: Application time: 0.0440780 seconds
198.925: [GC [PSYoungGen: 20440K->1888K(21504K)] 66191K->47639K(69120K), 0.0008900 secs] [Times: user=0.00 sys=0.00, real=0.00 secs] 
198.926: Total time for which application threads were stopped: 0.0010360 seconds, Stopping threads took: 0.0000720 seconds
198.968: Application time: 0.0427630 seconds
198.969: [GC [PSYoungGen: 20416K->2432K(21504K)] 66167K->48183K(69120K), 0.0009670 secs] [Times: user=0.01 sys=0.00, real=0.00 secs] 
198.970: Total time for which application threads were stopped: 0.0011300 seconds, Stopping threads took: 0.0000950 seconds
199.015: Application time: 0.0455250 seconds
199.015: [GC [PSYoungGen: 20977K->1408K(21504K)] 66728K->47159K(69120K), 0.0007190 secs] [Times: user=0.00 sys=0.00, real=0.00 secs] 
199.016: Total time for which application threads were stopped: 0.0008630 seconds, Stopping threads took: 0.0000680 seconds
199.058: Application time: 0.0417500 seconds
199.058: [GC [PSYoungGen: 20012K->2432K(21504K)] 65763K->48703K(69120K), 0.0011380 secs] [Times: user=0.00 sys=0.00, real=0.00 secs] 
199.059: Total time for which application threads were stopped: 0.0013050 seconds, Stopping threads took: 0.0000950 seconds
199.106: Application time: 0.0467390 seconds
199.106: [GC [PSYoungGen: 20977K->1408K(21504K)] 67248K->47679K(69120K), 0.0006950 secs] [Times: user=0.00 sys=0.00, real=0.00 secs] 
199.107: Total time for which application threads were stopped: 0.0008470 seconds, Stopping threads took: 0.0000850 seconds
199.148: Application time: 0.0414260 seconds
199.148: [GC [PSYoungGen: 20010K->2464K(21504K)] 66281K->49247K(69120K), 0.0011370 secs] [Times: user=0.01 sys=0.00, real=0.00 secs] 
199.149: [Full GC [PSYoungGen: 2464K->0K(21504K)] [ParOldGen: 46782K->9148K(47616K)] 49247K->9148K(69120K) [PSPermGen: 5179K->5179K(21504K)], 0.0046180 secs] [Times: user=0.02 sys=0.00, real=0.00 secs] 
199.154: Total time for which application threads were stopped: 0.0059980 seconds, Stopping threads took: 0.0001170 seconds
199.201: Application time: 0.0470450 seconds
199.201: [GC [PSYoungGen: 18543K->1792K(21504K)] 27691K->10940K(69120K), 0.0007100 secs] [Times: user=0.01 sys=0.00, real=0.00 secs] 
199.202: Total time for which application threads were stopped: 0.0008550 seconds, Stopping threads took: 0.0000670 seconds
199.244: Application time: 0.0419480 seconds
199.244: [GC [PSYoungGen: 20394K->2304K(21504K)] 29543K->12476K(69120K), 0.0011890 secs] [Times: user=0.01 sys=0.00, real=0.00 secs] 
199.245: Total time for which application threads were stopped: 0.0014260 seconds, Stopping threads took: 0.0001590 seconds
199.291: Application time: 0.0458860 seconds
199.291: [GC [PSYoungGen: 21005K->1792K(21504K)] 31178K->11964K(69120K), 0.0007260 secs] [Times: user=0.01 sys=0.00, real=0.00 secs] 
199.292: Total time for which application threads were stopped: 0.0008750 seconds, Stopping threads took: 0.0000770 seconds
199.335: Application time: 0.0426950 seconds
199.335: [GC [PSYoungGen: 20394K->2400K(21504K)] 30567K->13596K(69120K), 0.0012140 secs] [Times: user=0.00 sys=0.00, real=0.01 secs] 
199.336: Total time for which application threads were stopped: 0.0013690 seconds, Stopping threads took: 0.0000790 seconds
199.383: Application time: 0.0466900 seconds
199.383: [GC [PSYoungGen: 20947K->1264K(21504K)] 32144K->12460K(69120K), 0.0006100 secs] [Times: user=0.01 sys=0.00, real=0.00 secs] 
199.384: Total time for which application threads were stopped: 0.0007440 seconds, Stopping threads took: 0.0000690 seconds
199.426: Application time: 0.0426940 seconds
199.426: [GC [PSYoungGen: 19951K->2416K(21504K)] 31147K->13612K(69120K), 0.0009110 secs] [Times: user=0.00 sys=0.00, real=0.00 secs] 
199.427: Total time for which application threads were stopped: 0.0011220 seconds, Stopping threads took: 0.0001430 seconds
199.473: Application time: 0.0459280 seconds
199.473: [GC [PSYoungGen: 20957K->1904K(21504K)] 32153K->13100K(69120K), 0.0007980 secs] [Times: user=0.01 sys=0.00, real=0.00 secs] 
199.474: Total time for which application threads were stopped: 0.0009510 seconds, Stopping threads took: 0.0000830 seconds
199.518: Application time: 0.0440690 seconds
199.518: [GC [PSYoungGen: 20440K->1872K(21504K)] 31637K->13068K(69120K), 0.0008130 secs] [Times: user=0.00 sys=0.00, real=0.00 secs] 
199.519: Total time for which application threads were stopped: 0.0009600 seconds, Stopping threads took: 0.0000750 seconds
199.562: Application time: 0.0432110 seconds
199.563: [GC [PSYoungGen: 20400K->2432K(21504K)] 31597K->14140K(69120K), 0.0010640 secs] [Times: user=0.01 sys=0.00, real=0.00 secs] 
199.564: Total time for which application threads were stopped: 0.0012020 seconds, Stopping threads took: 0.0000680 seconds
199.608: Application time: 0.0445330 seconds
199.608: [GC [PSYoungGen: 20971K->2400K(21504K)] 32679K->14109K(69120K), 0.0009350 secs] [Times: user=0.01 sys=0.00, real=0.00 secs] 
199.609: Total time for which application threads were stopped: 0.0010800 seconds, Stopping threads took: 0.0000760 seconds
199.653: Application time: 0.0438600 seconds
199.653: [GC [PSYoungGen: 20941K->1904K(21504K)] 32649K->13612K(69120K), 0.0007390 secs] [Times: user=0.00 sys=0.00, real=0.00 secs] 
199.654: Total time for which application threads were stopped: 0.0008650 seconds, Stopping threads took: 0.0000600 seconds
199.698: Application time: 0.0443090 seconds
199.698: [GC [PSYoungGen: 20514K->2432K(21504K)] 32223K->14140K(69120K), 0.0008630 secs] [Times: user=0.01 sys=0.00, real=0.00 secs] 
199.699: Total time for which application threads were stopped: 0.0009900 seconds, Stopping threads took: 0.0000610 seconds
199.743: Application time: 0.0435100 seconds
199.743: [GC [PSYoungGen: 20966K->2464K(21504K)] 32675K->14173K(69120K), 0.0009200 secs] [Times: user=0.00 sys=0.00, real=0.00 secs] 
199.744: Total time for which application threads were stopped: 0.0010750 seconds, Stopping threads took: 0.0000740 seconds
199.789: Application time: 0.0448450 seconds
199.789: [GC [PSYoungGen: 21081K->1952K(21504K)] 32790K->13660K(69120K), 0.0007800 secs] [Times: user=0.01 sys=0.00, real=0.00 secs] 
199.790: Total time for which application threads were stopped: 0.0009640 seconds, Stopping threads took: 0.0001200 seconds
199.833: Application time: 0.0435180 seconds
199.833: [GC [PSYoungGen: 20484K->2496K(21504K)] 32193K->14205K(69120K), 0.0009060 secs] [Times: user=0.01 sys=0.00, real=0.00 secs] 
199.834: Total time for which application threads were stopped: 0.0010530 seconds, Stopping threads took: 0.0000790 seconds
199.879: Application time: 0.0446050 seconds
199.879: [GC [PSYoungGen: 21115K->1936K(21504K)] 32824K->13645K(69120K), 0.0008380 secs] [Times: user=0.01 sys=0.00, real=0.00 secs] 
199.880: Total time for which application threads were stopped: 0.0009770 seconds, Stopping threads took: 0.0000690 seconds
199.924: Application time: 0.0441530 seconds
199.924: [GC [PSYoungGen: 20621K->2496K(21504K)] 32330K->14725K(69120K), 0.0010920 secs] [Times: user=0.01 sys=0.00, real=0.00 secs] 
199.925: Total time for which application threads were stopped: 0.0012300 seconds, Stopping threads took: 0.0000660 seconds
199.972: Application time: 0.0470560 seconds
199.972: [GC [PSYoungGen: 21121K->928K(21504K)] 33350K->13172K(69120K), 0.0004730 secs] [Times: user=0.00 sys=0.00, real=0.00 secs] 
199.973: Total time for which application threads were stopped: 0.0005900 seconds, Stopping threads took: 0.0000560 seconds
200.015: Application time: 0.0417290 seconds
200.015: [GC [PSYoungGen: 19448K->2512K(21504K)] 31693K->15285K(69120K), 0.0010980 secs] [Times: user=0.00 sys=0.00, real=0.00 secs] 
200.016: Total time for which application threads were stopped: 0.0012450 seconds, Stopping threads took: 0.0000730 seconds
200.063: Application time: 0.0468270 seconds
200.063: [GC [PSYoungGen: 21215K->896K(21504K)] 33988K->13676K(69120K), 0.0004890 secs] [Times: user=0.00 sys=0.00, real=0.00 secs] 
200.063: Total time for which application threads were stopped: 0.0006170 seconds, Stopping threads took: 0.0000690 seconds
200.104: Application time: 0.0409730 seconds
200.104: [GC [PSYoungGen: 19418K->2528K(21504K)] 32199K->15837K(69120K), 0.0010970 secs] [Times: user=0.01 sys=0.00, real=0.00 secs] 
200.106: Total time for which application threads were stopped: 0.0012430 seconds, Stopping threads took: 0.0000730 seconds
200.154: Application time: 0.0485000 seconds
200.154: [GC [PSYoungGen: 21075K->864K(21504K)] 34384K->14173K(69120K), 0.0005000 secs] [Times: user=0.01 sys=0.00, real=0.00 secs] 
200.155: Total time for which application threads were stopped: 0.0006330 seconds, Stopping threads took: 0.0000670 seconds
200.196: Application time: 0.0412150 seconds
200.196: [GC [PSYoungGen: 19384K->2512K(21504K)] 32693K->16333K(69120K), 0.0011060 secs] [Times: user=0.01 sys=0.00, real=0.00 secs] 
200.197: Total time for which application threads were stopped: 0.0012600 seconds, Stopping threads took: 0.0000770 seconds
200.244: Application time: 0.0471860 seconds
200.244: [GC [PSYoungGen: 21057K->1440K(21504K)] 34878K->15261K(69120K), 0.0006550 secs] [Times: user=0.00 sys=0.00, real=0.00 secs] 
200.245: Total time for which application threads were stopped: 0.0008020 seconds, Stopping threads took: 0.0000680 seconds
200.292: Application time: 0.0466130 seconds
200.292: [GC [PSYoungGen: 19968K->2496K(21504K)] 33789K->16317K(69120K), 0.0010110 secs] [Times: user=0.00 sys=0.00, real=0.00 secs] 
200.293: Total time for which application threads were stopped: 0.0011640 seconds, Stopping threads took: 0.0000790 seconds
200.341: Application time: 0.0477760 seconds
200.341: [GC [PSYoungGen: 21032K->2448K(21504K)] 34853K->16269K(69120K), 0.0009780 secs] [Times: user=0.01 sys=0.00, real=0.00 secs] 
200.342: Total time for which application threads were stopped: 0.0011250 seconds, Stopping threads took: 0.0000710 seconds
200.390: Application time: 0.0479750 seconds
200.390: [GC [PSYoungGen: 21067K->1968K(21504K)] 34888K->15797K(69120K), 0.0007990 secs] [Times: user=0.00 sys=0.00, real=0.00 secs] 
200.391: Total time for which application threads were stopped: 0.0009390 seconds, Stopping threads took: 0.0000700 seconds
200.439: Application time: 0.0487150 seconds
200.440: [GC [PSYoungGen: 20583K->1968K(21504K)] 34412K->15797K(69120K), 0.0008120 secs] [Times: user=0.00 sys=0.00, real=0.00 secs] 
200.440: Total time for which application threads were stopped: 0.0009580 seconds, Stopping threads took: 0.0000740 seconds
200.487: Application time: 0.0467590 seconds
200.487: [GC [PSYoungGen: 20500K->2480K(21504K)] 34329K->16325K(69120K), 0.0009420 secs] [Times: user=0.00 sys=0.01, real=0.00 secs] 
200.488: Total time for which application threads were stopped: 0.0010880 seconds, Stopping threads took: 0.0000730 seconds
200.537: Application time: 0.0486190 seconds
200.537: [GC [PSYoungGen: 21101K->896K(21504K)] 34946K->14741K(69120K), 0.0005030 secs] [Times: user=0.00 sys=0.00, real=0.00 secs] 
200.538: Total time for which application threads were stopped: 0.0006540 seconds, Stopping threads took: 0.0000790 seconds
200.584: Application time: 0.0468680 seconds
200.585: [GC [PSYoungGen: 19498K->2464K(21504K)] 33343K->16829K(69120K), 0.0011130 secs] [Times: user=0.01 sys=0.00, real=0.00 secs] 
200.586: Total time for which application threads were stopped: 0.0012580 seconds, Stopping threads took: 0.0000730 seconds
200.634: Application time: 0.0486450 seconds
200.635: [GC [PSYoungGen: 21167K->864K(21504K)] 35532K->15237K(69120K), 0.0005160 secs] [Times: user=0.00 sys=0.00, real=0.00 secs] 
200.635: Total time for which application threads were stopped: 0.0008240 seconds, Stopping threads took: 0.0002380 seconds
200.681: Application time: 0.0455650 seconds
200.681: [GC [PSYoungGen: 19384K->2512K(21504K)] 33757K->17405K(69120K), 0.0011200 secs] [Times: user=0.01 sys=0.00, real=0.00 secs] 
200.682: Total time for which application threads were stopped: 0.0012620 seconds, Stopping threads took: 0.0000650 seconds
200.732: Application time: 0.0504410 seconds
200.733: [GC [PSYoungGen: 21133K->1408K(21504K)] 36026K->16301K(69120K), 0.0007150 secs] [Times: user=0.00 sys=0.00, real=0.00 secs] 
200.733: Total time for which application threads were stopped: 0.0008460 seconds, Stopping threads took: 0.0000650 seconds
200.779: Application time: 0.0455620 seconds
200.779: [GC [PSYoungGen: 20014K->2480K(21504K)] 34907K->17381K(69120K), 0.0009440 secs] [Times: user=0.00 sys=0.00, real=0.00 secs] 
200.780: Total time for which application threads were stopped: 0.0010970 seconds, Stopping threads took: 0.0000700 seconds
200.830: Application time: 0.0495600 seconds
200.830: [GC [PSYoungGen: 21023K->1408K(21504K)] 35924K->16309K(69120K), 0.0006690 secs] [Times: user=0.00 sys=0.00, real=0.00 secs] 
200.830: Total time for which application threads were stopped: 0.0008270 seconds, Stopping threads took: 0.0000890 seconds
200.877: Application time: 0.0462760 seconds
200.877: [GC [PSYoungGen: 19936K->2512K(21504K)] 34837K->17413K(69120K), 0.0009600 secs] [Times: user=0.01 sys=0.00, real=0.00 secs] 
200.878: Total time for which application threads were stopped: 0.0011200 seconds, Stopping threads took: 0.0000770 seconds
200.927: Application time: 0.0489690 seconds
200.927: [GC [PSYoungGen: 21051K->1936K(21504K)] 35951K->16837K(69120K), 0.0008200 secs] [Times: user=0.00 sys=0.00, real=0.00 secs] 
200.928: Total time for which application threads were stopped: 0.0009680 seconds, Stopping threads took: 0.0000770 seconds
200.975: Application time: 0.0469320 seconds
200.975: [GC [PSYoungGen: 20460K->2528K(21504K)] 35361K->18453K(69120K), 0.0012740 secs] [Times: user=0.01 sys=0.00, real=0.00 secs] 
200.976: Total time for which application threads were stopped: 0.0014310 seconds, Stopping threads took: 0.0000690 seconds
201.025: Application time: 0.0485600 seconds
201.025: [GC [PSYoungGen: 21075K->1440K(21504K)] 37000K->17365K(69120K), 0.0006520 secs] [Times: user=0.00 sys=0.00, real=0.00 secs] 
201.025: Total time for which application threads were stopped: 0.0008190 seconds, Stopping threads took: 0.0001000 seconds
201.073: Application time: 0.0470710 seconds
201.073: [GC [PSYoungGen: 20040K->2512K(21504K)] 35965K->19461K(69120K), 0.0012700 secs] [Times: user=0.01 sys=0.00, real=0.00 secs] 
201.074: Total time for which application threads were stopped: 0.0014230 seconds, Stopping threads took: 0.0000750 seconds
201.123: Application time: 0.0488650 seconds
201.123: [GC [PSYoungGen: 21133K->1952K(21504K)] 38082K->18909K(69120K), 0.0008050 secs] [Times: user=0.01 sys=0.00, real=0.00 secs] 
201.124: Total time for which application threads were stopped: 0.0009370 seconds, Stopping threads took: 0.0000640 seconds
201.171: Application time: 0.0470190 seconds
201.171: [GC [PSYoungGen: 20476K->2544K(21504K)] 37433K->20533K(69120K), 0.0013030 secs] [Times: user=0.00 sys=0.00, real=0.00 secs] 
201.172: Total time for which application threads were stopped: 0.0014620 seconds, Stopping threads took: 0.0000810 seconds
201.222: Application time: 0.0493020 seconds
201.222: [GC [PSYoungGen: 21167K->1952K(21504K)] 39156K->19941K(69120K), 0.0007910 secs] [Times: user=0.00 sys=0.00, real=0.00 secs] 
201.222: Total time for which application threads were stopped: 0.0009270 seconds, Stopping threads took: 0.0000690 seconds
201.269: Application time: 0.0465700 seconds
201.269: [GC [PSYoungGen: 20476K->2512K(21504K)] 38465K->21533K(69120K), 0.0012750 secs] [Times: user=0.00 sys=0.00, real=0.00 secs] 
201.270: Total time for which application threads were stopped: 0.0014390 seconds, Stopping threads took: 0.0000840 seconds
201.320: Application time: 0.0493720 seconds
201.320: [GC [PSYoungGen: 21209K->2480K(21504K)] 40230K->21509K(69120K), 0.0009440 secs] [Times: user=0.00 sys=0.00, real=0.00 secs] 
201.321: Total time for which application threads were stopped: 0.0010970 seconds, Stopping threads took: 0.0000740 seconds
201.369: Application time: 0.0480200 seconds
201.369: [GC [PSYoungGen: 21101K->1392K(21504K)] 40130K->20429K(69120K), 0.0006450 secs] [Times: user=0.00 sys=0.00, real=0.00 secs] 
201.370: Total time for which application threads were stopped: 0.0007740 seconds, Stopping threads took: 0.0000630 seconds
201.416: Application time: 0.0465190 seconds
201.416: [GC [PSYoungGen: 19999K->2480K(21504K)] 39036K->21517K(69120K), 0.0009970 secs] [Times: user=0.01 sys=0.00, real=0.00 secs] 
201.417: Total time for which application threads were stopped: 0.0011360 seconds, Stopping threads took: 0.0000590 seconds
201.468: Application time: 0.0507070 seconds
201.468: [GC [PSYoungGen: 21099K->1936K(21504K)] 40136K->20981K(69120K), 0.0008110 secs] [Times: user=0.00 sys=0.00, real=0.00 secs] 
201.469: Total time for which application threads were stopped: 0.0009470 seconds, Stopping threads took: 0.0000630 seconds
201.517: Application time: 0.0482180 seconds
201.518: [GC [PSYoungGen: 20477K->880K(21504K)] 39522K->19933K(69120K), 0.0005180 secs] [Times: user=0.00 sys=0.00, real=0.00 secs] 
201.518: Total time for which application threads were stopped: 0.0007660 seconds, Stopping threads took: 0.0001860 seconds
201.565: Application time: 0.0466200 seconds
201.565: [GC [PSYoungGen: 19404K->2496K(21504K)] 38457K->21549K(69120K), 0.0009910 secs] [Times: user=0.01 sys=0.00, real=0.00 secs] 
201.566: Total time for which application threads were stopped: 0.0011800 seconds, Stopping threads took: 0.0001120 seconds
201.615: Application time: 0.0490550 seconds
201.615: [GC [PSYoungGen: 21041K->896K(21504K)] 40094K->19949K(69120K), 0.0005160 secs] [Times: user=0.00 sys=0.00, real=0.00 secs] 
201.616: Total time for which application threads were stopped: 0.0006520 seconds, Stopping threads took: 0.0000730 seconds
201.662: Application time: 0.0462980 seconds
201.662: [GC [PSYoungGen: 19422K->2464K(21504K)] 38475K->21517K(69120K), 0.0010200 secs] [Times: user=0.01 sys=0.00, real=0.00 secs] 
201.663: Total time for which application threads were stopped: 0.0012940 seconds, Stopping threads took: 0.0002000 seconds
201.712: Application time: 0.0486700 seconds
201.712: [GC [PSYoungGen: 21003K->1968K(21504K)] 40056K->21021K(69120K), 0.0008110 secs] [Times: user=0.01 sys=0.00, real=0.00 secs] 
201.713: Total time for which application threads were stopped: 0.0009460 seconds, Stopping threads took: 0.0000610 seconds
201.759: Application time: 0.0461390 seconds
201.759: [GC [PSYoungGen: 20496K->2464K(21504K)] 39549K->22029K(69120K), 0.0012010 secs] [Times: user=0.00 sys=0.00, real=0.00 secs] 
201.760: Total time for which application threads were stopped: 0.0013510 seconds, Stopping threads took: 0.0000750 seconds
201.809: Application time: 0.0489350 seconds
201.809: [GC [PSYoungGen: 21165K->1408K(21504K)] 40731K->20981K(69120K), 0.0006490 secs] [Times: user=0.00 sys=0.00, real=0.00 secs] 
201.810: Total time for which application threads were stopped: 0.0007970 seconds, Stopping threads took: 0.0000770 seconds
201.857: Application time: 0.0467900 seconds
201.857: [GC [PSYoungGen: 19932K->2480K(21504K)] 39505K->22573K(69120K), 0.0012190 secs] [Times: user=0.01 sys=0.00, real=0.00 secs] 
201.858: Total time for which application threads were stopped: 0.0013860 seconds, Stopping threads took: 0.0000830 seconds
201.908: Application time: 0.0500260 seconds
201.908: [GC [PSYoungGen: 21101K->1952K(21504K)] 41194K->22045K(69120K), 0.0008150 secs] [Times: user=0.00 sys=0.00, real=0.00 secs] 
201.909: Total time for which application threads were stopped: 0.0009540 seconds, Stopping threads took: 0.0000660 seconds
201.955: Application time: 0.0453650 seconds
201.955: [GC [PSYoungGen: 20478K->2416K(21504K)] 40571K->23029K(69120K), 0.0011730 secs] [Times: user=0.01 sys=0.00, real=0.00 secs] 
201.956: Total time for which application threads were stopped: 0.0013280 seconds, Stopping threads took: 0.0000810 seconds
202.007: Application time: 0.0506500 seconds
202.007: [GC [PSYoungGen: 21115K->1936K(21504K)] 41728K->22549K(69120K), 0.0008080 secs] [Times: user=0.01 sys=0.00, real=0.00 secs] 
202.007: Total time for which application threads were stopped: 0.0009520 seconds, Stopping threads took: 0.0000710 seconds
202.052: Application time: 0.0450240 seconds
202.053: [GC [PSYoungGen: 20543K->2496K(21504K)] 41156K->23629K(69120K), 0.0011130 secs] [Times: user=0.01 sys=0.00, real=0.00 secs] 
202.054: Total time for which application threads were stopped: 0.0012570 seconds, Stopping threads took: 0.0000720 seconds
202.105: Application time: 0.0508010 seconds
202.105: [GC [PSYoungGen: 21119K->1360K(21504K)] 42252K->22501K(69120K), 0.0006320 secs] [Times: user=0.00 sys=0.00, real=0.00 secs] 
202.105: Total time for which application threads were stopped: 0.0007640 seconds, Stopping threads took: 0.0000630 seconds
202.149: Application time: 0.0436650 seconds
202.149: [GC [PSYoungGen: 19958K->2512K(21504K)] 41099K->24685K(69120K), 0.0012930 secs] [Times: user=0.01 sys=0.00, real=0.00 secs] 
202.150: Total time for which application threads were stopped: 0.0014480 seconds, Stopping threads took: 0.0000740 seconds
202.201: Application time: 0.0501020 seconds
202.201: [GC [PSYoungGen: 21055K->1952K(21504K)] 43228K->24133K(69120K), 0.0007910 secs] [Times: user=0.00 sys=0.00, real=0.00 secs] 
202.201: Total time for which application threads were stopped: 0.0009460 seconds, Stopping threads took: 0.0000760 seconds
202.248: Application time: 0.0464930 seconds
202.248: [GC [PSYoungGen: 20476K->2512K(21504K)] 42657K->25717K(69120K), 0.0013010 secs] [Times: user=0.01 sys=0.00, real=0.00 secs] 
202.249: Total time for which application threads were stopped: 0.0014560 seconds, Stopping threads took: 0.0000770 seconds
202.298: Application time: 0.0485440 seconds
202.298: [GC [PSYoungGen: 21055K->1952K(21504K)] 44260K->25157K(69120K), 0.0008250 secs] [Times: user=0.00 sys=0.00, real=0.00 secs] 
202.299: Total time for which application threads were stopped: 0.0009570 seconds, Stopping threads took: 0.0000600 seconds
202.346: Application time: 0.0468330 seconds
202.346: [GC [PSYoungGen: 20476K->2528K(21504K)] 43681K->26757K(69120K), 0.0013000 secs] [Times: user=0.01 sys=0.00, real=0.00 secs] 
202.347: Total time for which application threads were stopped: 0.0014540 seconds, Stopping threads took: 0.0000780 seconds
202.396: Application time: 0.0491070 seconds
202.396: [GC [PSYoungGen: 21073K->1888K(21504K)] 45302K->26117K(69120K), 0.0007940 secs] [Times: user=0.00 sys=0.00, real=0.00 secs] 
202.397: Total time for which application threads were stopped: 0.0009450 seconds, Stopping threads took: 0.0000750 seconds
202.444: Application time: 0.0464560 seconds
202.444: [GC [PSYoungGen: 20416K->2480K(21504K)] 44645K->27221K(69120K), 0.0011150 secs] [Times: user=0.00 sys=0.00, real=0.01 secs] 
202.445: Total time for which application threads were stopped: 0.0012670 seconds, Stopping threads took: 0.0000750 seconds
202.493: Application time: 0.0483330 seconds
202.493: [GC [PSYoungGen: 21023K->1952K(21504K)] 45764K->26693K(69120K), 0.0007940 secs] [Times: user=0.00 sys=0.00, real=0.00 secs] 
202.494: Total time for which application threads were stopped: 0.0009350 seconds, Stopping threads took: 0.0000660 seconds
202.542: Application time: 0.0478880 seconds
202.542: [GC [PSYoungGen: 20641K->2480K(21504K)] 45382K->27229K(69120K), 0.0009900 secs] [Times: user=0.01 sys=0.00, real=0.00 secs] 
202.543: Total time for which application threads were stopped: 0.0011270 seconds, Stopping threads took: 0.0000640 seconds
202.591: Application time: 0.0475160 seconds
202.591: [GC [PSYoungGen: 21099K->1936K(21504K)] 45848K->26685K(69120K), 0.0008040 secs] [Times: user=0.00 sys=0.00, real=0.00 secs] 
202.592: Total time for which application threads were stopped: 0.0009430 seconds, Stopping threads took: 0.0000730 seconds
202.640: Application time: 0.0481980 seconds
202.640: [GC [PSYoungGen: 20472K->1920K(21504K)] 45222K->26677K(69120K), 0.0008860 secs] [Times: user=0.00 sys=0.00, real=0.00 secs] 
202.641: Total time for which application threads were stopped: 0.0010330 seconds, Stopping threads took: 0.0000770 seconds
202.688: Application time: 0.0467170 seconds
202.688: [GC [PSYoungGen: 20609K->2464K(21504K)] 45366K->27221K(69120K), 0.0009630 secs] [Times: user=0.00 sys=0.00, real=0.00 secs] 
202.689: Total time for which application threads were stopped: 0.0011150 seconds, Stopping threads took: 0.0000760 seconds
202.738: Application time: 0.0491450 seconds
202.738: [GC [PSYoungGen: 21079K->2496K(21504K)] 45836K->27261K(69120K), 0.0009760 secs] [Times: user=0.01 sys=0.00, real=0.00 secs] 
202.739: Total time for which application threads were stopped: 0.0011210 seconds, Stopping threads took: 0.0000730 seconds
202.787: Application time: 0.0475830 seconds
202.787: [GC [PSYoungGen: 21037K->1952K(21504K)] 45802K->26725K(69120K), 0.0008430 secs] [Times: user=0.00 sys=0.00, real=0.00 secs] 
202.788: Total time for which application threads were stopped: 0.0009890 seconds, Stopping threads took: 0.0000750 seconds
202.834: Application time: 0.0464580 seconds
202.834: [GC [PSYoungGen: 20635K->2496K(21504K)] 45408K->28301K(69120K), 0.0013640 secs] [Times: user=0.01 sys=0.00, real=0.00 secs] 
202.836: Total time for which application threads were stopped: 0.0015200 seconds, Stopping threads took: 0.0000750 seconds
202.886: Application time: 0.0501440 seconds
202.886: [GC [PSYoungGen: 21043K->1424K(21504K)] 46848K->27237K(69120K), 0.0006920 secs] [Times: user=0.01 sys=0.00, real=0.00 secs] 
202.887: Total time for which application threads were stopped: 0.0008950 seconds, Stopping threads took: 0.0001360 seconds
202.932: Application time: 0.0457320 seconds
202.933: [GC [PSYoungGen: 19944K->2496K(21504K)] 45757K->28821K(69120K), 0.0011420 secs] [Times: user=0.01 sys=0.00, real=0.00 secs] 
202.934: Total time for which application threads were stopped: 0.0013540 seconds, Stopping threads took: 0.0001260 seconds
202.984: Application time: 0.0504660 seconds
202.984: [GC [PSYoungGen: 21043K->1424K(21504K)] 47368K->27749K(69120K), 0.0007370 secs] [Times: user=0.01 sys=0.00, real=0.00 secs] 
202.985: Total time for which application threads were stopped: 0.0008810 seconds, Stopping threads took: 0.0000740 seconds
203.031: Application time: 0.0457770 seconds
203.031: [GC [PSYoungGen: 19946K->2512K(21504K)] 46271K->29349K(69120K), 0.0011410 secs] [Times: user=0.01 sys=0.00, real=0.00 secs] 
203.032: Total time for which application threads were stopped: 0.0013930 seconds, Stopping threads took: 0.0001790 seconds
203.083: Application time: 0.0502220 seconds
203.083: [GC [PSYoungGen: 21055K->1936K(21504K)] 47892K->28773K(69120K), 0.0008480 secs] [Times: user=0.00 sys=0.00, real=0.00 secs] 
203.084: Total time for which application threads were stopped: 0.0009870 seconds, Stopping threads took: 0.0000670 seconds
203.129: Application time: 0.0455130 seconds
203.129: [GC [PSYoungGen: 20456K->2480K(21504K)] 47293K->30341K(69120K), 0.0013360 secs] [Times: user=0.01 sys=0.00, real=0.00 secs] 
203.131: Total time for which application threads were stopped: 0.0015380 seconds, Stopping threads took: 0.0001290 seconds
203.180: Application time: 0.0499040 seconds
203.181: [GC [PSYoungGen: 21027K->1952K(21504K)] 48888K->29813K(69120K), 0.0008850 secs] [Times: user=0.00 sys=0.00, real=0.00 secs] 
203.182: Total time for which application threads were stopped: 0.0010260 seconds, Stopping threads took: 0.0000700 seconds
203.232: Application time: 0.0506230 seconds
203.232: [GC [PSYoungGen: 20651K->336K(21504K)] 48512K->28197K(69120K), 0.0004270 secs] [Times: user=0.00 sys=0.00, real=0.00 secs] 
203.233: Total time for which application threads were stopped: 0.0005700 seconds, Stopping threads took: 0.0000780 seconds
203.279: Application time: 0.0465980 seconds
203.279: [GC [PSYoungGen: 18936K->2496K(21504K)] 46797K->30365K(69120K), 0.0010060 secs] [Times: user=0.01 sys=0.00, real=0.00 secs] 
203.280: Total time for which application threads were stopped: 0.0011490 seconds, Stopping threads took: 0.0000680 seconds
203.328: Application time: 0.0474640 seconds
203.328: [GC [PSYoungGen: 21037K->1952K(21504K)] 48906K->29829K(69120K), 0.0008220 secs] [Times: user=0.00 sys=0.00, real=0.00 secs] 
203.329: Total time for which application threads were stopped: 0.0010670 seconds, Stopping threads took: 0.0001720 seconds
203.377: Application time: 0.0476660 seconds
203.377: [GC [PSYoungGen: 20567K->1952K(21504K)] 48444K->29829K(69120K), 0.0008220 secs] [Times: user=0.01 sys=0.00, real=0.00 secs] 
203.378: Total time for which application threads were stopped: 0.0009650 seconds, Stopping threads took: 0.0000710 seconds
203.425: Application time: 0.0471680 seconds
203.425: [GC [PSYoungGen: 20643K->2480K(21504K)] 48520K->30365K(69120K), 0.0009720 secs] [Times: user=0.00 sys=0.00, real=0.00 secs] 
203.426: Total time for which application threads were stopped: 0.0011130 seconds, Stopping threads took: 0.0000660 seconds
203.474: Application time: 0.0478010 seconds
203.474: [GC [PSYoungGen: 21021K->1920K(21504K)] 48906K->29813K(69120K), 0.0007860 secs] [Times: user=0.01 sys=0.00, real=0.00 secs] 
203.475: Total time for which application threads were stopped: 0.0009770 seconds, Stopping threads took: 0.0001140 seconds
203.524: Application time: 0.0495900 seconds
203.524: [GC [PSYoungGen: 20613K->1952K(21504K)] 48506K->29845K(69120K), 0.0007900 secs] [Times: user=0.00 sys=0.00, real=0.00 secs] 
203.525: Total time for which application threads were stopped: 0.0009320 seconds, Stopping threads took: 0.0000570 seconds
203.571: Application time: 0.0454120 seconds
203.571: [GC [PSYoungGen: 20484K->2480K(21504K)] 48378K->30381K(69120K), 0.0009660 secs] [Times: user=0.01 sys=0.00, real=0.00 secs] 
203.572: Total time for which application threads were stopped: 0.0011150 seconds, Stopping threads took: 0.0000750 seconds
203.622: Application time: 0.0504540 seconds
203.622: [GC [PSYoungGen: 21023K->1424K(21504K)] 48924K->29325K(69120K), 0.0006780 secs] [Times: user=0.01 sys=0.00, real=0.00 secs] 
203.623: Total time for which application threads were stopped: 0.0008220 seconds, Stopping threads took: 0.0000800 seconds
203.670: Application time: 0.0468770 seconds
203.670: [GC [PSYoungGen: 19952K->2528K(21504K)] 47854K->30429K(69120K), 0.0009660 secs] [Times: user=0.01 sys=0.00, real=0.00 secs] 
203.671: Total time for which application threads were stopped: 0.0011150 seconds, Stopping threads took: 0.0000740 seconds
203.719: Application time: 0.0481350 seconds
203.719: [GC [PSYoungGen: 21067K->1408K(21504K)] 48968K->29309K(69120K), 0.0006420 secs] [Times: user=0.00 sys=0.00, real=0.00 secs] 
203.720: Total time for which application threads were stopped: 0.0007990 seconds, Stopping threads took: 0.0000950 seconds
203.766: Application time: 0.0456120 seconds
203.766: [GC [PSYoungGen: 19940K->2448K(21504K)] 47842K->30349K(69120K), 0.0009830 secs] [Times: user=0.01 sys=0.00, real=0.00 secs] 
203.767: Total time for which application threads were stopped: 0.0011380 seconds, Stopping threads took: 0.0000760 seconds
203.816: Application time: 0.0490840 seconds
203.816: [GC [PSYoungGen: 20989K->1920K(21504K)] 48890K->29821K(69120K), 0.0008160 secs] [Times: user=0.01 sys=0.00, real=0.01 secs] 
203.817: Total time for which application threads were stopped: 0.0009470 seconds, Stopping threads took: 0.0000640 seconds
203.863: Application time: 0.0464620 seconds
203.863: [GC [PSYoungGen: 20452K->2464K(21504K)] 48354K->30365K(69120K), 0.0009490 secs] [Times: user=0.01 sys=0.00, real=0.01 secs] 
203.864: Total time for which application threads were stopped: 0.0011530 seconds, Stopping threads took: 0.0001330 seconds
203.914: Application time: 0.0497390 seconds
203.914: [GC [PSYoungGen: 21085K->864K(21504K)] 48986K->28765K(69120K), 0.0005560 secs] [Times: user=0.00 sys=0.00, real=0.00 secs] 
203.915: Total time for which application threads were stopped: 0.0006970 seconds, Stopping threads took: 0.0000700 seconds
203.961: Application time: 0.0458380 seconds
203.961: [GC [PSYoungGen: 19546K->2480K(21504K)] 47448K->30389K(69120K), 0.0009880 secs] [Times: user=0.00 sys=0.00, real=0.00 secs] 
203.962: Total time for which application threads were stopped: 0.0011310 seconds, Stopping threads took: 0.0000630 seconds
204.013: Application time: 0.0507070 seconds
204.013: [GC [PSYoungGen: 21025K->864K(21504K)] 48934K->28781K(69120K), 0.0006060 secs] [Times: user=0.00 sys=0.00, real=0.00 secs] 
204.014: Total time for which application threads were stopped: 0.0017030 seconds, Stopping threads took: 0.0000950 seconds
204.059: Application time: 0.0443320 seconds
204.059: [GC [PSYoungGen: 19464K->2464K(21504K)] 47382K->30893K(69120K), 0.0011300 secs] [Times: user=0.00 sys=0.00, real=0.00 secs] 
204.060: Total time for which application threads were stopped: 0.0012900 seconds, Stopping threads took: 0.0000820 seconds
204.111: Application time: 0.0508050 seconds
204.111: [GC [PSYoungGen: 21165K->1360K(21504K)] 49595K->29797K(69120K), 0.0006470 secs] [Times: user=0.00 sys=0.00, real=0.00 secs] 
204.111: Total time for which application threads were stopped: 0.0007870 seconds, Stopping threads took: 0.0000720 seconds
204.156: Application time: 0.0442530 seconds
204.156: [GC [PSYoungGen: 19878K->2512K(21504K)] 48315K->31469K(69120K), 0.0011240 secs] [Times: user=0.01 sys=0.00, real=0.01 secs] 
204.157: Total time for which application threads were stopped: 0.0012770 seconds, Stopping threads took: 0.0000780 seconds
204.206: Application time: 0.0494830 seconds
204.207: [GC [PSYoungGen: 21135K->1968K(21504K)] 50092K->30925K(69120K), 0.0008350 secs] [Times: user=0.00 sys=0.00, real=0.00 secs] 
204.207: Total time for which application threads were stopped: 0.0009960 seconds, Stopping threads took: 0.0000880 seconds
204.252: Application time: 0.0446590 seconds
204.252: [GC [PSYoungGen: 20570K->2544K(21504K)] 49528K->32533K(69120K), 0.0012770 secs] [Times: user=0.01 sys=0.00, real=0.00 secs] 
204.254: Total time for which application threads were stopped: 0.0014260 seconds, Stopping threads took: 0.0000730 seconds
204.300: Application time: 0.0469160 seconds
204.301: [GC [PSYoungGen: 21089K->1920K(21504K)] 51078K->31909K(69120K), 0.0007900 secs] [Times: user=0.00 sys=0.00, real=0.00 secs] 
204.301: Total time for which application threads were stopped: 0.0009250 seconds, Stopping threads took: 0.0000680 seconds
204.344: Application time: 0.0421420 seconds
204.344: [GC [PSYoungGen: 20444K->2496K(21504K)] 50434K->33509K(69120K), 0.0013040 secs] [Times: user=0.01 sys=0.00, real=0.01 secs] 
204.345: Total time for which application threads were stopped: 0.0014740 seconds, Stopping threads took: 0.0000920 seconds
204.391: Application time: 0.0455120 seconds
204.391: [GC [PSYoungGen: 21041K->1888K(21504K)] 52054K->32901K(69120K), 0.0008170 secs] [Times: user=0.01 sys=0.00, real=0.00 secs] 
204.391: Total time for which application threads were stopped: 0.0009540 seconds, Stopping threads took: 0.0000710 seconds
204.436: Application time: 0.0449470 seconds
204.437: [GC [PSYoungGen: 20424K->1920K(21504K)] 51438K->32933K(69120K), 0.0008050 secs] [Times: user=0.00 sys=0.00, real=0.00 secs] 
204.437: Total time for which application threads were stopped: 0.0009590 seconds, Stopping threads took: 0.0000900 seconds
204.480: Application time: 0.0423490 seconds
204.480: [GC [PSYoungGen: 20452K->2480K(21504K)] 51466K->33493K(69120K), 0.0009680 secs] [Times: user=0.01 sys=0.00, real=0.00 secs] 
204.481: Total time for which application threads were stopped: 0.0011130 seconds, Stopping threads took: 0.0000750 seconds
204.525: Application time: 0.0437170 seconds
204.525: [GC [PSYoungGen: 21008K->2496K(21504K)] 52022K->34021K(69120K), 0.0011150 secs] [Times: user=0.01 sys=0.00, real=0.00 secs] 
204.526: Total time for which application threads were stopped: 0.0013130 seconds, Stopping threads took: 0.0001160 seconds
204.572: Application time: 0.0465350 seconds
204.573: [GC [PSYoungGen: 21119K->1936K(21504K)] 52645K->33461K(69120K), 0.0008260 secs] [Times: user=0.01 sys=0.00, real=0.00 secs] 
204.573: Total time for which application threads were stopped: 0.0009740 seconds, Stopping threads took: 0.0000790 seconds
204.616: Application time: 0.0421470 seconds
204.616: [GC [PSYoungGen: 20540K->2448K(21504K)] 52066K->35005K(69120K), 0.0012870 secs] [Times: user=0.00 sys=0.00, real=0.01 secs] 
204.617: Total time for which application threads were stopped: 0.0014840 seconds, Stopping threads took: 0.0001240 seconds
204.664: Application time: 0.0472360 seconds
204.664: [GC [PSYoungGen: 21071K->1952K(21504K)] 53629K->34517K(69120K), 0.0008090 secs] [Times: user=0.01 sys=0.00, real=0.00 secs] 
204.665: Total time for which application threads were stopped: 0.0009500 seconds, Stopping threads took: 0.0000720 seconds
204.709: Application time: 0.0434670 seconds
204.709: [GC [PSYoungGen: 20558K->2480K(21504K)] 53124K->35045K(69120K), 0.0009400 secs] [Times: user=0.01 sys=0.00, real=0.00 secs] 
204.710: Total time for which application threads were stopped: 0.0011130 seconds, Stopping threads took: 0.0001010 seconds
204.754: Application time: 0.0446500 seconds
204.755: [GC [PSYoungGen: 21097K->2496K(21504K)] 53662K->35069K(69120K), 0.0010550 secs] [Times: user=0.00 sys=0.00, real=0.00 secs] 
204.756: Total time for which application threads were stopped: 0.0012180 seconds, Stopping threads took: 0.0000890 seconds
204.802: Application time: 0.0460530 seconds
204.802: [GC [PSYoungGen: 21117K->1424K(21504K)] 53690K->34005K(69120K), 0.0006520 secs] [Times: user=0.00 sys=0.00, real=0.00 secs] 
204.803: Total time for which application threads were stopped: 0.0007990 seconds, Stopping threads took: 0.0000710 seconds
204.845: Application time: 0.0424410 seconds
204.845: [GC [PSYoungGen: 20030K->2464K(21504K)] 52612K->35045K(69120K), 0.0009620 secs] [Times: user=0.01 sys=0.00, real=0.00 secs] 
204.846: Total time for which application threads were stopped: 0.0011060 seconds, Stopping threads took: 0.0000690 seconds
204.889: Application time: 0.0434010 seconds
204.890: [GC [PSYoungGen: 21075K->2528K(21504K)] 53656K->35629K(69120K), 0.0010920 secs] [Times: user=0.01 sys=0.00, real=0.00 secs] 
204.891: Total time for which application threads were stopped: 0.0012460 seconds, Stopping threads took: 0.0000810 seconds
204.938: Application time: 0.0471560 seconds
204.938: [GC [PSYoungGen: 21073K->1424K(21504K)] 54174K->34533K(69120K), 0.0006620 secs] [Times: user=0.00 sys=0.00, real=0.00 secs] 
204.939: Total time for which application threads were stopped: 0.0007980 seconds, Stopping threads took: 0.0000720 seconds
204.979: Application time: 0.0407500 seconds
204.980: [GC [PSYoungGen: 19952K->2464K(21504K)] 53062K->35573K(69120K), 0.0009550 secs] [Times: user=0.00 sys=0.00, real=0.00 secs] 
204.981: Total time for which application threads were stopped: 0.0011210 seconds, Stopping threads took: 0.0000960 seconds
205.027: Application time: 0.0465620 seconds
205.027: [GC [PSYoungGen: 21007K->1408K(21504K)] 54116K->34517K(69120K), 0.0006510 secs] [Times: user=0.01 sys=0.00, real=0.00 secs] 
205.028: Total time for which application threads were stopped: 0.0007890 seconds, Stopping threads took: 0.0000680 seconds
205.072: Application time: 0.0439190 seconds
205.072: [GC [PSYoungGen: 19936K->2464K(21504K)] 53046K->35573K(69120K), 0.0009500 secs] [Times: user=0.00 sys=0.00, real=0.00 secs] 
205.073: Total time for which application threads were stopped: 0.0010910 seconds, Stopping threads took: 0.0000710 seconds
205.117: Application time: 0.0445590 seconds
205.118: [GC [PSYoungGen: 21005K->1904K(21504K)] 54114K->35013K(69120K), 0.0008690 secs] [Times: user=0.00 sys=0.00, real=0.00 secs] 
205.118: Total time for which application threads were stopped: 0.0009970 seconds, Stopping threads took: 0.0000590 seconds
205.161: Application time: 0.0429950 seconds
205.162: [GC [PSYoungGen: 20436K->2480K(21504K)] 53546K->35589K(69120K), 0.0009450 secs] [Times: user=0.00 sys=0.00, real=0.00 secs] 
205.163: Total time for which application threads were stopped: 0.0010700 seconds, Stopping threads took: 0.0000590 seconds
205.208: Application time: 0.0451760 seconds
205.208: [GC [PSYoungGen: 21097K->1936K(21504K)] 54206K->35045K(69120K), 0.0008110 secs] [Times: user=0.00 sys=0.00, real=0.00 secs] 
205.209: Total time for which application threads were stopped: 0.0009510 seconds, Stopping threads took: 0.0000680 seconds
205.253: Application time: 0.0443820 seconds
205.253: [GC [PSYoungGen: 20549K->1952K(21504K)] 53658K->35069K(69120K), 0.0007930 secs] [Times: user=0.00 sys=0.00, real=0.00 secs] 
205.254: Total time for which application threads were stopped: 0.0009270 seconds, Stopping threads took: 0.0000660 seconds
205.300: Application time: 0.0456470 seconds
205.304: [GC [PSYoungGen: 20571K->832K(21504K)] 53688K->33965K(69120K), 0.0008690 secs] [Times: user=0.00 sys=0.00, real=0.00 secs] 
205.305: Total time for which application threads were stopped: 0.0054000 seconds, Stopping threads took: 0.0044640 seconds
205.346: Application time: 0.0414420 seconds
205.347: [GC [PSYoungGen: 19354K->2480K(21504K)] 52488K->35621K(69120K), 0.0009660 secs] [Times: user=0.01 sys=0.00, real=0.00 secs] 
205.348: Total time for which application threads were stopped: 0.0011430 seconds, Stopping threads took: 0.0001040 seconds
205.394: Application time: 0.0463000 seconds
205.394: [GC [PSYoungGen: 21181K->896K(21504K)] 54323K->34045K(69120K), 0.0005110 secs] [Times: user=0.00 sys=0.00, real=0.00 secs] 
205.395: Total time for which application threads were stopped: 0.0006340 seconds, Stopping threads took: 0.0000610 seconds
205.436: Application time: 0.0412930 seconds
205.436: [GC [PSYoungGen: 19498K->2480K(21504K)] 52648K->35637K(69120K), 0.0009410 secs] [Times: user=0.00 sys=0.01, real=0.01 secs] 
205.437: Total time for which application threads were stopped: 0.0010860 seconds, Stopping threads took: 0.0000720 seconds
205.482: Application time: 0.0451260 seconds
205.482: [GC [PSYoungGen: 21099K->1936K(21504K)] 54256K->35101K(69120K), 0.0009010 secs] [Times: user=0.00 sys=0.00, real=0.00 secs] 
205.483: Total time for which application threads were stopped: 0.0010810 seconds, Stopping threads took: 0.0001100 seconds
205.526: Application time: 0.0432900 seconds
205.527: [GC [PSYoungGen: 20544K->2496K(21504K)] 53710K->36181K(69120K), 0.0011220 secs] [Times: user=0.01 sys=0.00, real=0.00 secs] 
205.528: Total time for which application threads were stopped: 0.0012610 seconds, Stopping threads took: 0.0000670 seconds
205.572: Application time: 0.0446610 seconds
205.572: [GC [PSYoungGen: 21039K->1920K(21504K)] 54724K->35613K(69120K), 0.0008100 secs] [Times: user=0.00 sys=0.00, real=0.00 secs] 
205.573: Total time for which application threads were stopped: 0.0009530 seconds, Stopping threads took: 0.0000670 seconds
205.617: Application time: 0.0434080 seconds
205.617: [GC [PSYoungGen: 20452K->2464K(21504K)] 54146K->36157K(69120K), 0.0009710 secs] [Times: user=0.01 sys=0.00, real=0.00 secs] 
205.618: Total time for which application threads were stopped: 0.0011110 seconds, Stopping threads took: 0.0000700 seconds
205.664: Application time: 0.0466360 seconds
205.665: [GC [PSYoungGen: 21007K->1376K(21504K)] 54700K->35069K(69120K), 0.0006630 secs] [Times: user=0.00 sys=0.00, real=0.00 secs] 
205.665: Total time for which application threads were stopped: 0.0007990 seconds, Stopping threads took: 0.0000710 seconds
205.708: Application time: 0.0424860 seconds
205.708: [GC [PSYoungGen: 19900K->2480K(21504K)] 53594K->36685K(69120K), 0.0011280 secs] [Times: user=0.01 sys=0.00, real=0.00 secs] 
205.709: Total time for which application threads were stopped: 0.0012710 seconds, Stopping threads took: 0.0000710 seconds
205.755: Application time: 0.0459130 seconds
205.755: [GC [PSYoungGen: 21025K->1408K(21504K)] 55230K->35613K(69120K), 0.0006580 secs] [Times: user=0.00 sys=0.00, real=0.00 secs] 
205.756: Total time for which application threads were stopped: 0.0007980 seconds, Stopping threads took: 0.0000720 seconds
205.799: Application time: 0.0434440 seconds
205.799: [GC [PSYoungGen: 19936K->2464K(21504K)] 54142K->36669K(69120K), 0.0009860 secs] [Times: user=0.01 sys=0.00, real=0.00 secs] 
205.800: Total time for which application threads were stopped: 0.0011370 seconds, Stopping threads took: 0.0000770 seconds
205.844: Application time: 0.0438490 seconds
205.844: [GC [PSYoungGen: 21077K->2496K(21504K)] 55282K->36701K(69120K), 0.0009550 secs] [Times: user=0.01 sys=0.00, real=0.00 secs] 
205.845: Total time for which application threads were stopped: 0.0010970 seconds, Stopping threads took: 0.0000720 seconds
205.890: Application time: 0.0446080 seconds
205.890: [GC [PSYoungGen: 21115K->1952K(21504K)] 55321K->36173K(69120K), 0.0008180 secs] [Times: user=0.01 sys=0.00, real=0.00 secs] 
205.891: Total time for which application threads were stopped: 0.0010450 seconds, Stopping threads took: 0.0001600 seconds
205.936: Application time: 0.0452620 seconds
205.936: [GC [PSYoungGen: 20486K->1952K(21504K)] 54708K->36181K(69120K), 0.0008080 secs] [Times: user=0.00 sys=0.00, real=0.00 secs] 
205.937: Total time for which application threads were stopped: 0.0009520 seconds, Stopping threads took: 0.0000780 seconds
205.979: Application time: 0.0419610 seconds
205.979: [GC [PSYoungGen: 20558K->2480K(21504K)] 54788K->37229K(69120K), 0.0011820 secs] [Times: user=0.01 sys=0.00, real=0.00 secs] 
205.980: Total time for which application threads were stopped: 0.0013220 seconds, Stopping threads took: 0.0000690 seconds
206.027: Application time: 0.0464030 seconds
206.027: [GC [PSYoungGen: 21103K->1440K(21504K)] 55853K->36189K(69120K), 0.0006800 secs] [Times: user=0.00 sys=0.00, real=0.00 secs] 
206.028: Total time for which application threads were stopped: 0.0008320 seconds, Stopping threads took: 0.0000770 seconds
206.070: Application time: 0.0420330 seconds
206.070: [GC [PSYoungGen: 20121K->2496K(21504K)] 54870K->37765K(69120K), 0.0011060 secs] [Times: user=0.01 sys=0.00, real=0.00 secs] 
206.071: Total time for which application threads were stopped: 0.0012520 seconds, Stopping threads took: 0.0000740 seconds
206.117: Application time: 0.0461660 seconds
206.117: [GC [PSYoungGen: 21115K->1952K(21504K)] 56384K->37229K(69120K), 0.0008330 secs] [Times: user=0.01 sys=0.00, real=0.00 secs] 
206.118: Total time for which application threads were stopped: 0.0009820 seconds, Stopping threads took: 0.0000780 seconds
206.160: Application time: 0.0420100 seconds
206.160: [GC [PSYoungGen: 20563K->2464K(21504K)] 55840K->37749K(69120K), 0.0009690 secs] [Times: user=0.00 sys=0.00, real=0.00 secs] 
206.161: Total time for which application threads were stopped: 0.0011080 seconds, Stopping threads took: 0.0000700 seconds
206.207: Application time: 0.0458820 seconds
206.207: [GC [PSYoungGen: 21007K->1360K(21504K)] 56292K->36653K(69120K), 0.0007400 secs] [Times: user=0.00 sys=0.00, real=0.00 secs] 
206.208: Total time for which application threads were stopped: 0.0008630 seconds, Stopping threads took: 0.0000600 seconds
206.251: Application time: 0.0427720 seconds
206.251: [GC [PSYoungGen: 19884K->2512K(21504K)] 55178K->38317K(69120K), 0.0011400 secs] [Times: user=0.01 sys=0.00, real=0.00 secs] 
206.252: Total time for which application threads were stopped: 0.0012890 seconds, Stopping threads took: 0.0000750 seconds
206.297: Application time: 0.0453140 seconds
206.298: [GC [PSYoungGen: 21057K->1408K(21504K)] 56862K->37213K(69120K), 0.0006540 secs] [Times: user=0.00 sys=0.00, real=0.00 secs] 
206.298: Total time for which application threads were stopped: 0.0008000 seconds, Stopping threads took: 0.0000840 seconds
206.341: Application time: 0.0426120 seconds
206.341: [GC [PSYoungGen: 19936K->2464K(21504K)] 55742K->38269K(69120K), 0.0009720 secs] [Times: user=0.01 sys=0.00, real=0.00 secs] 
206.342: Total time for which application threads were stopped: 0.0011330 seconds, Stopping threads took: 0.0000870 seconds
206.388: Application time: 0.0457420 seconds
206.388: [GC [PSYoungGen: 21009K->896K(21504K)] 56814K->36701K(69120K), 0.0005620 secs] [Times: user=0.01 sys=0.00, real=0.00 secs] 
206.388: Total time for which application threads were stopped: 0.0006970 seconds, Stopping threads took: 0.0000690 seconds
206.430: Application time: 0.0412310 seconds
206.430: [GC [PSYoungGen: 19416K->2512K(21504K)] 55221K->38829K(69120K), 0.0011260 secs] [Times: user=0.01 sys=0.00, real=0.00 secs] 
206.431: Total time for which application threads were stopped: 0.0012700 seconds, Stopping threads took: 0.0000710 seconds
206.477: Application time: 0.0463810 seconds
206.477: [GC [PSYoungGen: 21057K->1424K(21504K)] 57374K->37741K(69120K), 0.0006760 secs] [Times: user=0.00 sys=0.00, real=0.00 secs] 
206.478: Total time for which application threads were stopped: 0.0008170 seconds, Stopping threads took: 0.0000750 seconds
206.519: Application time: 0.0414130 seconds
206.520: [GC [PSYoungGen: 20103K->2496K(21504K)] 56420K->39845K(69120K), 0.0013290 secs] [Times: user=0.00 sys=0.00, real=0.00 secs] 
206.521: Total time for which application threads were stopped: 0.0014820 seconds, Stopping threads took: 0.0000750 seconds
206.568: Application time: 0.0474540 seconds
206.569: [GC [PSYoungGen: 21043K->1424K(21504K)] 58392K->38781K(69120K), 0.0006410 secs] [Times: user=0.00 sys=0.00, real=0.00 secs] 
206.569: Total time for which application threads were stopped: 0.0007600 seconds, Stopping threads took: 0.0000550 seconds
206.610: Application time: 0.0407500 seconds
206.610: [GC [PSYoungGen: 19944K->2448K(21504K)] 57302K->40829K(69120K), 0.0013290 secs] [Times: user=0.01 sys=0.00, real=0.00 secs] 
206.611: Total time for which application threads were stopped: 0.0015090 seconds, Stopping threads took: 0.0000990 seconds
206.659: Application time: 0.0477560 seconds
206.659: [GC [PSYoungGen: 21152K->1408K(21504K)] 59533K->39797K(69120K), 0.0006610 secs] [Times: user=0.00 sys=0.00, real=0.00 secs] 
206.660: Total time for which application threads were stopped: 0.0008120 seconds, Stopping threads took: 0.0000710 seconds
206.701: Application time: 0.0408910 seconds
206.701: [GC [PSYoungGen: 20089K->2512K(21504K)] 58478K->41933K(69120K), 0.0012160 secs] [Times: user=0.01 sys=0.00, real=0.00 secs] 
206.702: Total time for which application threads were stopped: 0.0013580 seconds, Stopping threads took: 0.0000700 seconds
206.750: Application time: 0.0473860 seconds
206.750: [GC [PSYoungGen: 21057K->1904K(21504K)] 60479K->41333K(69120K), 0.0008040 secs] [Times: user=0.01 sys=0.00, real=0.00 secs] 
206.751: Total time for which application threads were stopped: 0.0009530 seconds, Stopping threads took: 0.0000850 seconds
206.795: Application time: 0.0439090 seconds
206.795: [GC [PSYoungGen: 20597K->1920K(21504K)] 60027K->41357K(69120K), 0.0008100 secs] [Times: user=0.00 sys=0.00, real=0.00 secs] 
206.795: Total time for which application threads were stopped: 0.0009420 seconds, Stopping threads took: 0.0000640 seconds
206.839: Application time: 0.0439290 seconds
206.840: [GC [PSYoungGen: 20452K->2480K(21504K)] 59890K->41925K(69120K), 0.0009560 secs] [Times: user=0.01 sys=0.00, real=0.00 secs] 
206.841: Total time for which application threads were stopped: 0.0011040 seconds, Stopping threads took: 0.0000780 seconds
206.886: Application time: 0.0452930 seconds
206.886: [GC [PSYoungGen: 21021K->1936K(21504K)] 60466K->41381K(69120K), 0.0008550 secs] [Times: user=0.01 sys=0.00, real=0.00 secs] 
206.887: Total time for which application threads were stopped: 0.0009900 seconds, Stopping threads took: 0.0000700 seconds
206.929: Application time: 0.0426160 seconds
206.930: [GC [PSYoungGen: 20468K->2448K(21504K)] 59914K->41893K(69120K), 0.0009440 secs] [Times: user=0.00 sys=0.00, real=0.00 secs] 
206.931: Total time for which application threads were stopped: 0.0010830 seconds, Stopping threads took: 0.0000720 seconds
206.975: Application time: 0.0441770 seconds
206.975: [GC [PSYoungGen: 20985K->2528K(21504K)] 60430K->41973K(69120K), 0.0009830 secs] [Times: user=0.00 sys=0.00, real=0.00 secs] 
206.976: Total time for which application threads were stopped: 0.0011120 seconds, Stopping threads took: 0.0000590 seconds
207.021: Application time: 0.0453250 seconds
207.021: [GC [PSYoungGen: 21069K->1952K(21504K)] 60514K->41397K(69120K), 0.0008420 secs] [Times: user=0.01 sys=0.00, real=0.00 secs] 
207.022: Total time for which application threads were stopped: 0.0009790 seconds, Stopping threads took: 0.0000660 seconds
207.064: Application time: 0.0417490 seconds
207.064: [GC [PSYoungGen: 20484K->2432K(21504K)] 59930K->41877K(69120K), 0.0010180 secs] [Times: user=0.00 sys=0.01, real=0.01 secs] 
207.065: Total time for which application threads were stopped: 0.0011670 seconds, Stopping threads took: 0.0000760 seconds
207.111: Application time: 0.0461510 seconds
207.111: [GC [PSYoungGen: 20975K->1440K(21504K)] 60420K->40885K(69120K), 0.0006580 secs] [Times: user=0.01 sys=0.00, real=0.00 secs] 
207.112: Total time for which application threads were stopped: 0.0007960 seconds, Stopping threads took: 0.0000690 seconds
207.155: Application time: 0.0431810 seconds
207.155: [GC [PSYoungGen: 20129K->2464K(21504K)] 59574K->41909K(69120K), 0.0009680 secs] [Times: user=0.00 sys=0.00, real=0.01 secs] 
207.156: Total time for which application threads were stopped: 0.0011000 seconds, Stopping threads took: 0.0000570 seconds
207.200: Application time: 0.0439560 seconds
207.200: [GC [PSYoungGen: 21005K->1936K(21504K)] 60450K->41389K(69120K), 0.0008540 secs] [Times: user=0.00 sys=0.00, real=0.00 secs] 
207.201: Total time for which application threads were stopped: 0.0010530 seconds, Stopping threads took: 0.0001170 seconds
207.245: Application time: 0.0437930 seconds
207.245: [GC [PSYoungGen: 20468K->2464K(21504K)] 59922K->41917K(69120K), 0.0009660 secs] [Times: user=0.01 sys=0.00, real=0.00 secs] 
207.246: Total time for which application threads were stopped: 0.0011280 seconds, Stopping threads took: 0.0000790 seconds
207.290: Application time: 0.0441550 seconds
207.290: [GC [PSYoungGen: 21161K->1952K(21504K)] 60615K->41405K(69120K), 0.0007930 secs] [Times: user=0.01 sys=0.00, real=0.00 secs] 
207.291: Total time for which application threads were stopped: 0.0009280 seconds, Stopping threads took: 0.0000650 seconds
207.334: Application time: 0.0431870 seconds
207.335: [GC [PSYoungGen: 20637K->2496K(21504K)] 60091K->42469K(69120K), 0.0011910 secs] [Times: user=0.01 sys=0.00, real=0.00 secs] 
207.336: Total time for which application threads were stopped: 0.0013380 seconds, Stopping threads took: 0.0000730 seconds
207.380: Application time: 0.0446320 seconds
207.381: [GC [PSYoungGen: 21031K->2448K(21504K)] 61004K->42429K(69120K), 0.0009480 secs] [Times: user=0.01 sys=0.00, real=0.00 secs] 
207.382: Total time for which application threads were stopped: 0.0011270 seconds, Stopping threads took: 0.0001080 seconds
207.426: Application time: 0.0446440 seconds
207.426: [GC [PSYoungGen: 21147K->1920K(21504K)] 61129K->41901K(69120K), 0.0008050 secs] [Times: user=0.00 sys=0.00, real=0.00 secs] 
207.427: Total time for which application threads were stopped: 0.0010300 seconds, Stopping threads took: 0.0001600 seconds
207.472: Application time: 0.0443760 seconds
207.472: [GC [PSYoungGen: 20452K->2480K(21504K)] 60434K->42469K(69120K), 0.0009800 secs] [Times: user=0.00 sys=0.00, real=0.00 secs] 
207.473: Total time for which application threads were stopped: 0.0011290 seconds, Stopping threads took: 0.0000790 seconds
207.517: Application time: 0.0442720 seconds
207.517: [GC [PSYoungGen: 21021K->1920K(21504K)] 61010K->41909K(69120K), 0.0007800 secs] [Times: user=0.00 sys=0.00, real=0.00 secs] 
207.518: Total time for which application threads were stopped: 0.0009180 seconds, Stopping threads took: 0.0000740 seconds
207.563: Application time: 0.0446780 seconds
207.563: [GC [PSYoungGen: 20456K->1936K(21504K)] 60446K->41925K(69120K), 0.0008330 secs] [Times: user=0.01 sys=0.00, real=0.00 secs] 
207.564: Total time for which application threads were stopped: 0.0009750 seconds, Stopping threads took: 0.0000700 seconds
207.606: Application time: 0.0427990 seconds
207.607: [GC [PSYoungGen: 20464K->2464K(21504K)] 60454K->42965K(69120K), 0.0011880 secs] [Times: user=0.00 sys=0.00, real=0.00 secs] 
207.608: Total time for which application threads were stopped: 0.0013250 seconds, Stopping threads took: 0.0000650 seconds
207.655: Application time: 0.0472290 seconds
207.655: [GC [PSYoungGen: 21009K->1392K(21504K)] 61510K->41893K(69120K), 0.0006690 secs] [Times: user=0.01 sys=0.00, real=0.00 secs] 
207.656: Total time for which application threads were stopped: 0.0008030 seconds, Stopping threads took: 0.0000680 seconds
207.697: Application time: 0.0410200 seconds
207.697: [GC [PSYoungGen: 19916K->2432K(21504K)] 60418K->43445K(69120K), 0.0011500 secs] [Times: user=0.01 sys=0.00, real=0.00 secs] 
207.698: Total time for which application threads were stopped: 0.0012970 seconds, Stopping threads took: 0.0000720 seconds
207.745: Application time: 0.0471360 seconds
207.745: [GC [PSYoungGen: 20977K->1408K(21504K)] 61991K->42421K(69120K), 0.0007090 secs] [Times: user=0.01 sys=0.00, real=0.00 secs] 
207.746: Total time for which application threads were stopped: 0.0008490 seconds, Stopping threads took: 0.0000650 seconds
207.790: Application time: 0.0434670 seconds
207.790: [GC [PSYoungGen: 20016K->2464K(21504K)] 61030K->43477K(69120K), 0.0009630 secs] [Times: user=0.00 sys=0.00, real=0.00 secs] 
207.791: Total time for which application threads were stopped: 0.0011790 seconds, Stopping threads took: 0.0001450 seconds
207.836: Application time: 0.0450680 seconds
207.836: [GC [PSYoungGen: 21085K->1376K(21504K)] 62099K->42397K(69120K), 0.0006990 secs] [Times: user=0.01 sys=0.00, real=0.01 secs] 
207.837: Total time for which application threads were stopped: 0.0008370 seconds, Stopping threads took: 0.0000740 seconds
207.880: Application time: 0.0433610 seconds
207.880: [GC [PSYoungGen: 19900K->2480K(21504K)] 60922K->44013K(69120K), 0.0011120 secs] [Times: user=0.01 sys=0.00, real=0.00 secs] 
207.881: Total time for which application threads were stopped: 0.0012550 seconds, Stopping threads took: 0.0000700 seconds
207.928: Application time: 0.0462810 seconds
207.928: [GC [PSYoungGen: 21103K->1392K(21504K)] 62637K->42925K(69120K), 0.0006850 secs] [Times: user=0.00 sys=0.00, real=0.00 secs] 
207.928: Total time for which application threads were stopped: 0.0008240 seconds, Stopping threads took: 0.0000690 seconds
207.970: Application time: 0.0420530 seconds
207.971: [GC [PSYoungGen: 20155K->2528K(21504K)] 61689K->44581K(69120K), 0.0011230 secs] [Times: user=0.01 sys=0.00, real=0.00 secs] 
207.972: Total time for which application threads were stopped: 0.0012680 seconds, Stopping threads took: 0.0000720 seconds
208.018: Application time: 0.0464110 seconds
208.018: [GC [PSYoungGen: 21071K->1952K(21504K)] 63125K->44013K(69120K), 0.0008320 secs] [Times: user=0.01 sys=0.00, real=0.00 secs] 
208.019: Total time for which application threads were stopped: 0.0009730 seconds, Stopping threads took: 0.0000670 seconds
208.062: Application time: 0.0426280 seconds
208.062: [GC [PSYoungGen: 20554K->2432K(21504K)] 62616K->45005K(69120K), 0.0012020 secs] [Times: user=0.00 sys=0.00, real=0.00 secs] 
208.063: Total time for which application threads were stopped: 0.0014030 seconds, Stopping threads took: 0.0001340 seconds
208.111: Application time: 0.0479800 seconds
208.111: [GC [PSYoungGen: 21057K->1392K(21504K)] 63631K->43973K(69120K), 0.0006910 secs] [Times: user=0.00 sys=0.00, real=0.00 secs] 
208.112: Total time for which application threads were stopped: 0.0008200 seconds, Stopping threads took: 0.0000620 seconds
208.153: Application time: 0.0406670 seconds
208.153: [GC [PSYoungGen: 19912K->2512K(21504K)] 62494K->45605K(69120K), 0.0011300 secs] [Times: user=0.00 sys=0.00, real=0.00 secs] 
208.154: Total time for which application threads were stopped: 0.0013410 seconds, Stopping threads took: 0.0001390 seconds
208.201: Application time: 0.0474110 seconds
208.201: [GC [PSYoungGen: 21059K->1392K(21504K)] 64153K->44485K(69120K), 0.0006750 secs] [Times: user=0.01 sys=0.00, real=0.00 secs] 
208.202: Total time for which application threads were stopped: 0.0008050 seconds, Stopping threads took: 0.0000680 seconds
208.245: Application time: 0.0429940 seconds
208.245: [GC [PSYoungGen: 19920K->2496K(21504K)] 63014K->45589K(69120K), 0.0009490 secs] [Times: user=0.01 sys=0.00, real=0.00 secs] 
208.246: Total time for which application threads were stopped: 0.0010760 seconds, Stopping threads took: 0.0000550 seconds
208.294: Application time: 0.0475220 seconds
208.294: [GC [PSYoungGen: 21035K->1936K(21504K)] 64128K->45029K(69120K), 0.0008270 secs] [Times: user=0.00 sys=0.00, real=0.00 secs] 
208.295: Total time for which application threads were stopped: 0.0010340 seconds, Stopping threads took: 0.0001290 seconds
208.343: Application time: 0.0478500 seconds
208.343: [GC [PSYoungGen: 20472K->1952K(21504K)] 63566K->45045K(69120K), 0.0008410 secs] [Times: user=0.01 sys=0.00, real=0.00 secs] 
208.344: Total time for which application threads were stopped: 0.0009850 seconds, Stopping threads took: 0.0000720 seconds
208.391: Application time: 0.0471180 seconds
208.391: [GC [PSYoungGen: 20484K->2432K(21504K)] 63578K->45525K(69120K), 0.0009650 secs] [Times: user=0.00 sys=0.00, real=0.00 secs] 
208.392: Total time for which application threads were stopped: 0.0011050 seconds, Stopping threads took: 0.0000690 seconds
208.440: Application time: 0.0482240 seconds
208.440: [GC [PSYoungGen: 21051K->1936K(21504K)] 64145K->45029K(69120K), 0.0008130 secs] [Times: user=0.00 sys=0.00, real=0.00 secs] 
208.441: Total time for which application threads were stopped: 0.0009660 seconds, Stopping threads took: 0.0000810 seconds
208.488: Application time: 0.0466950 seconds
208.488: [GC [PSYoungGen: 20547K->2480K(21504K)] 63640K->45581K(69120K), 0.0010210 secs] [Times: user=0.00 sys=0.00, real=0.00 secs] 
208.489: Total time for which application threads were stopped: 0.0011800 seconds, Stopping threads took: 0.0000730 seconds
208.538: Application time: 0.0487870 seconds
208.538: [GC [PSYoungGen: 21021K->1952K(21504K)] 64122K->45061K(69120K), 0.0008370 secs] [Times: user=0.01 sys=0.00, real=0.00 secs] 
208.539: Total time for which application threads were stopped: 0.0009660 seconds, Stopping threads took: 0.0000640 seconds
208.586: Application time: 0.0476630 seconds
208.586: [GC [PSYoungGen: 20563K->1920K(21504K)] 63672K->45029K(69120K), 0.0008190 secs] [Times: user=0.00 sys=0.00, real=0.00 secs] 
208.587: Total time for which application threads were stopped: 0.0009570 seconds, Stopping threads took: 0.0000720 seconds
208.635: Application time: 0.0475300 seconds
208.635: [GC [PSYoungGen: 20695K->1952K(21504K)] 63805K->45069K(69120K), 0.0008250 secs] [Times: user=0.01 sys=0.00, real=0.00 secs] 
208.636: Total time for which application threads were stopped: 0.0009460 seconds, Stopping threads took: 0.0000550 seconds
208.684: Application time: 0.0477300 seconds
208.684: [GC [PSYoungGen: 20488K->1936K(21504K)] 63606K->45061K(69120K), 0.0008680 secs] [Times: user=0.01 sys=0.00, real=0.01 secs] 
208.685: Total time for which application threads were stopped: 0.0010080 seconds, Stopping threads took: 0.0000670 seconds
208.731: Application time: 0.0463310 seconds
208.731: [GC [PSYoungGen: 20547K->2480K(21504K)] 63673K->45605K(69120K), 0.0009810 secs] [Times: user=0.01 sys=0.00, real=0.00 secs] 
208.732: Total time for which application threads were stopped: 0.0011160 seconds, Stopping threads took: 0.0000620 seconds
208.781: Application time: 0.0486770 seconds
208.781: [GC [PSYoungGen: 21095K->2448K(21504K)] 64221K->45581K(69120K), 0.0009950 secs] [Times: user=0.00 sys=0.00, real=0.00 secs] 
208.782: Total time for which application threads were stopped: 0.0011350 seconds, Stopping threads took: 0.0000640 seconds
208.831: Application time: 0.0489340 seconds
208.831: [GC [PSYoungGen: 20993K->832K(21504K)] 64127K->43973K(69120K), 0.0005430 secs] [Times: user=0.01 sys=0.00, real=0.00 secs] 
208.831: Total time for which application threads were stopped: 0.0006860 seconds, Stopping threads took: 0.0000710 seconds
208.878: Application time: 0.0467670 seconds
208.878: [GC [PSYoungGen: 19356K->2512K(21504K)] 62498K->45653K(69120K), 0.0009910 secs] [Times: user=0.01 sys=0.00, real=0.00 secs] 
208.879: Total time for which application threads were stopped: 0.0011310 seconds, Stopping threads took: 0.0000680 seconds
208.928: Application time: 0.0486770 seconds
208.928: [GC [PSYoungGen: 21057K->896K(21504K)] 64199K->44037K(69120K), 0.0005850 secs] [Times: user=0.01 sys=0.00, real=0.00 secs] 
208.929: Total time for which application threads were stopped: 0.0007400 seconds, Stopping threads took: 0.0000910 seconds
208.976: Application time: 0.0475310 seconds
208.976: [GC [PSYoungGen: 19424K->1920K(21504K)] 62566K->45061K(69120K), 0.0008310 secs] [Times: user=0.00 sys=0.00, real=0.00 secs] 
208.977: Total time for which application threads were stopped: 0.0010450 seconds, Stopping threads took: 0.0001450 seconds
209.025: Application time: 0.0478570 seconds
209.025: [GC [PSYoungGen: 20454K->1952K(21504K)] 63596K->45093K(69120K), 0.0008640 secs] [Times: user=0.00 sys=0.00, real=0.00 secs] 
209.027: Total time for which application threads were stopped: 0.0017640 seconds, Stopping threads took: 0.0001830 seconds
209.074: Application time: 0.0472750 seconds
209.074: [GC [PSYoungGen: 20484K->2512K(21504K)] 63626K->45653K(69120K), 0.0009920 secs] [Times: user=0.01 sys=0.00, real=0.00 secs] 
209.075: Total time for which application threads were stopped: 0.0011610 seconds, Stopping threads took: 0.0000970 seconds
209.123: Application time: 0.0477560 seconds
209.123: [GC [PSYoungGen: 21044K->2464K(21504K)] 64186K->45605K(69120K), 0.0010310 secs] [Times: user=0.00 sys=0.00, real=0.01 secs] 
209.124: Total time for which application threads were stopped: 0.0012270 seconds, Stopping threads took: 0.0001200 seconds
209.174: Application time: 0.0493230 seconds
209.174: [GC [PSYoungGen: 21163K->1936K(21504K)] 64305K->45085K(69120K), 0.0008250 secs] [Times: user=0.00 sys=0.00, real=0.00 secs] 
209.175: Total time for which application threads were stopped: 0.0009620 seconds, Stopping threads took: 0.0000690 seconds
209.221: Application time: 0.0460080 seconds
209.221: [GC [PSYoungGen: 20464K->2464K(21504K)] 63614K->46133K(69120K), 0.0012070 secs] [Times: user=0.01 sys=0.00, real=0.00 secs] 
209.222: Total time for which application threads were stopped: 0.0013790 seconds, Stopping threads took: 0.0000980 seconds
209.271: Application time: 0.0489360 seconds
209.271: [GC [PSYoungGen: 21085K->1952K(21504K)] 64755K->45621K(69120K), 0.0008310 secs] [Times: user=0.01 sys=0.00, real=0.00 secs] 
209.272: Total time for which application threads were stopped: 0.0009740 seconds, Stopping threads took: 0.0000690 seconds
209.319: Application time: 0.0470690 seconds
209.319: [GC [PSYoungGen: 20488K->1920K(21504K)] 64158K->45597K(69120K), 0.0008830 secs] [Times: user=0.01 sys=0.00, real=0.00 secs] 
209.320: Total time for which application threads were stopped: 0.0010700 seconds, Stopping threads took: 0.0001130 seconds
209.368: Application time: 0.0476910 seconds
209.368: [GC [PSYoungGen: 20693K->1392K(21504K)] 64371K->45077K(69120K), 0.0006690 secs] [Times: user=0.00 sys=0.01, real=0.00 secs] 
209.369: Total time for which application threads were stopped: 0.0009120 seconds, Stopping threads took: 0.0001600 seconds
209.417: Application time: 0.0481570 seconds
209.417: [GC [PSYoungGen: 20002K->1904K(21504K)] 63688K->45589K(69120K), 0.0008290 secs] [Times: user=0.00 sys=0.00, real=0.00 secs] 
209.418: Total time for which application threads were stopped: 0.0010220 seconds, Stopping threads took: 0.0001230 seconds
209.466: Application time: 0.0482640 seconds
209.466: [GC [PSYoungGen: 20521K->1904K(21504K)] 64207K->45597K(69120K), 0.0008470 secs] [Times: user=0.00 sys=0.00, real=0.00 secs] 
209.467: Total time for which application threads were stopped: 0.0009970 seconds, Stopping threads took: 0.0000780 seconds
209.516: Application time: 0.0490230 seconds
209.516: [GC [PSYoungGen: 20440K->1920K(21504K)] 64134K->45621K(69120K), 0.0009690 secs] [Times: user=0.00 sys=0.00, real=0.00 secs] 
209.517: Total time for which application threads were stopped: 0.0011160 seconds, Stopping threads took: 0.0000780 seconds
209.564: Application time: 0.0467370 seconds
209.564: [GC [PSYoungGen: 20452K->2496K(21504K)] 64154K->46197K(69120K), 0.0009800 secs] [Times: user=0.00 sys=0.00, real=0.00 secs] 
209.565: Total time for which application threads were stopped: 0.0011240 seconds, Stopping threads took: 0.0000710 seconds
209.613: Application time: 0.0478040 seconds
209.613: [GC [PSYoungGen: 21037K->1952K(21504K)] 64738K->45653K(69120K), 0.0008550 secs] [Times: user=0.01 sys=0.00, real=0.00 secs] 
209.614: Total time for which application threads were stopped: 0.0010030 seconds, Stopping threads took: 0.0000760 seconds
209.662: Application time: 0.0477200 seconds
209.662: [GC [PSYoungGen: 20488K->1360K(21504K)] 64190K->45061K(69120K), 0.0006930 secs] [Times: user=0.00 sys=0.00, real=0.00 secs] 
209.663: Total time for which application threads were stopped: 0.0008270 seconds, Stopping threads took: 0.0000630 seconds
209.709: Application time: 0.0468640 seconds
209.710: [GC [PSYoungGen: 19888K->2496K(21504K)] 63590K->46709K(69120K), 0.0011680 secs] [Times: user=0.00 sys=0.00, real=0.00 secs] 
209.711: Total time for which application threads were stopped: 0.0013170 seconds, Stopping threads took: 0.0000720 seconds
209.761: Application time: 0.0505880 seconds
209.761: [GC [PSYoungGen: 21041K->1408K(21504K)] 65255K->45621K(69120K), 0.0007160 secs] [Times: user=0.00 sys=0.00, real=0.00 secs] 
209.762: Total time for which application threads were stopped: 0.0008510 seconds, Stopping threads took: 0.0000630 seconds
209.806: Application time: 0.0441190 seconds
209.806: [GC [PSYoungGen: 19926K->2512K(21504K)] 64140K->47749K(69120K), 0.0013740 secs] [Times: user=0.01 sys=0.00, real=0.00 secs] 
209.808: Total time for which application threads were stopped: 0.0015440 seconds, Stopping threads took: 0.0000780 seconds
209.859: Application time: 0.0507060 seconds
209.859: [GC [PSYoungGen: 21216K->1376K(21504K)] 66453K->46613K(69120K), 0.0006860 secs] [Times: user=0.00 sys=0.00, real=0.00 secs] 
209.859: Total time for which application threads were stopped: 0.0008080 seconds, Stopping threads took: 0.0000560 seconds
209.904: Application time: 0.0445800 seconds
209.904: [GC [PSYoungGen: 19894K->2512K(21504K)] 65132K->48782K(69120K), 0.0013180 secs] [Times: user=0.01 sys=0.00, real=0.00 secs] 
209.905: Total time for which application threads were stopped: 0.0014880 seconds, Stopping threads took: 0.0000780 seconds
209.956: Application time: 0.0504740 seconds
209.956: [GC [PSYoungGen: 21059K->1408K(21504K)] 67329K->47678K(69120K), 0.0006980 secs] [Times: user=0.00 sys=0.00, real=0.01 secs] 
209.957: Total time for which application threads were stopped: 0.0008520 seconds, Stopping threads took: 0.0000870 seconds
210.002: Application time: 0.0454710 seconds
210.002: [GC [PSYoungGen: 20008K->2512K(21504K)] 66278K->49814K(69120K), 0.0013420 secs] [Times: user=0.01 sys=0.00, real=0.00 secs] 
210.004: [Full GC [PSYoungGen: 2512K->0K(21504K)] [ParOldGen: 47301K->9964K(47616K)] 49814K->9964K(69120K) [PSPermGen: 5179K->5179K(21504K)], 0.0048760 secs] [Times: user=0.02 sys=0.00, real=0.01 secs] 
210.009: Total time for which application threads were stopped: 0.0064230 seconds, Stopping threads took: 0.0000740 seconds
210.059: Application time: 0.0503000 seconds
210.059: [GC [PSYoungGen: 18779K->1792K(21504K)] 28744K->11756K(69120K), 0.0007280 secs] [Times: user=0.00 sys=0.00, real=0.00 secs] 
210.060: Total time for which application threads were stopped: 0.0008770 seconds, Stopping threads took: 0.0000780 seconds
210.106: Application time: 0.0458270 seconds
210.106: [GC [PSYoungGen: 20316K->2368K(21504K)] 30281K->13357K(69120K), 0.0012680 secs] [Times: user=0.01 sys=0.00, real=0.00 secs] 
210.107: Total time for which application threads were stopped: 0.0014420 seconds, Stopping threads took: 0.0000960 seconds
210.156: Application time: 0.0490000 seconds
210.156: [GC [PSYoungGen: 21069K->1840K(21504K)] 32058K->12829K(69120K), 0.0007600 secs] [Times: user=0.00 sys=0.00, real=0.00 secs] 
210.157: Total time for which application threads were stopped: 0.0008940 seconds, Stopping threads took: 0.0000640 seconds
210.204: Application time: 0.0471080 seconds
210.204: [GC [PSYoungGen: 20360K->2416K(21504K)] 31349K->14941K(69120K), 0.0013970 secs] [Times: user=0.01 sys=0.00, real=0.00 secs] 
210.206: Total time for which application threads were stopped: 0.0015550 seconds, Stopping threads took: 0.0000790 seconds
210.255: Application time: 0.0489480 seconds
210.255: [GC [PSYoungGen: 20963K->1872K(21504K)] 33488K->14397K(69120K), 0.0007690 secs] [Times: user=0.01 sys=0.00, real=0.00 secs] 
210.256: Total time for which application threads were stopped: 0.0009190 seconds, Stopping threads took: 0.0000770 seconds
210.303: Application time: 0.0475390 seconds
210.303: [GC [PSYoungGen: 20396K->2416K(21504K)] 32921K->15453K(69120K), 0.0011120 secs] [Times: user=0.00 sys=0.00, real=0.01 secs] 
210.304: Total time for which application threads were stopped: 0.0013130 seconds, Stopping threads took: 0.0001200 seconds
210.355: Application time: 0.0508840 seconds
210.355: [GC [PSYoungGen: 20961K->1872K(21504K)] 33998K->14909K(69120K), 0.0007950 secs] [Times: user=0.00 sys=0.00, real=0.01 secs] 
210.356: Total time for which application threads were stopped: 0.0009460 seconds, Stopping threads took: 0.0000780 seconds
210.402: Application time: 0.0455070 seconds
210.402: [GC [PSYoungGen: 20396K->2416K(21504K)] 33433K->16477K(69120K), 0.0012450 secs] [Times: user=0.00 sys=0.00, real=0.00 secs] 
210.403: Total time for which application threads were stopped: 0.0014600 seconds, Stopping threads took: 0.0001400 seconds
210.454: Application time: 0.0508940 seconds
210.454: [GC [PSYoungGen: 20961K->1888K(21504K)] 35022K->15949K(69120K), 0.0008320 secs] [Times: user=0.01 sys=0.00, real=0.00 secs] 
210.455: Total time for which application threads were stopped: 0.0009900 seconds, Stopping threads took: 0.0000720 seconds
210.502: Application time: 0.0470470 seconds
210.502: [GC [PSYoungGen: 20420K->2368K(21504K)] 34481K->16429K(69120K), 0.0009130 secs] [Times: user=0.01 sys=0.00, real=0.00 secs] 
210.503: Total time for which application threads were stopped: 0.0010630 seconds, Stopping threads took: 0.0000730 seconds
210.552: Application time: 0.0487730 seconds
210.552: [GC [PSYoungGen: 21057K->2448K(21504K)] 35118K->17021K(69120K), 0.0011600 secs] [Times: user=0.01 sys=0.00, real=0.00 secs] 
210.553: Total time for which application threads were stopped: 0.0013040 seconds, Stopping threads took: 0.0000720 seconds
210.602: Application time: 0.0488820 seconds
210.602: [GC [PSYoungGen: 20993K->1424K(21504K)] 35566K->15997K(69120K), 0.0006520 secs] [Times: user=0.00 sys=0.00, real=0.00 secs] 
210.603: Total time for which application threads were stopped: 0.0008300 seconds, Stopping threads took: 0.0001100 seconds
210.649: Application time: 0.0462800 seconds
210.649: [GC [PSYoungGen: 19952K->2416K(21504K)] 34525K->16989K(69120K), 0.0009050 secs] [Times: user=0.00 sys=0.00, real=0.00 secs] 
210.650: Total time for which application threads were stopped: 0.0010460 seconds, Stopping threads took: 0.0000750 seconds
210.698: Application time: 0.0479290 seconds
210.698: [GC [PSYoungGen: 21029K->2432K(21504K)] 35602K->17005K(69120K), 0.0009380 secs] [Times: user=0.01 sys=0.00, real=0.00 secs] 
210.699: Total time for which application threads were stopped: 0.0010780 seconds, Stopping threads took: 0.0000660 seconds
210.747: Application time: 0.0476050 seconds
210.747: [GC [PSYoungGen: 21127K->1952K(21504K)] 35700K->16525K(69120K), 0.0008070 secs] [Times: user=0.00 sys=0.00, real=0.00 secs] 
210.748: Total time for which application threads were stopped: 0.0009500 seconds, Stopping threads took: 0.0000730 seconds
210.794: Application time: 0.0463650 seconds
210.794: [GC [PSYoungGen: 20556K->2544K(21504K)] 35129K->18149K(69120K), 0.0012790 secs] [Times: user=0.01 sys=0.00, real=0.00 secs] 
210.796: Total time for which application threads were stopped: 0.0014360 seconds, Stopping threads took: 0.0000800 seconds
210.845: Application time: 0.0496500 seconds
210.845: [GC [PSYoungGen: 21245K->1952K(21504K)] 36850K->17557K(69120K), 0.0008440 secs] [Times: user=0.00 sys=0.00, real=0.00 secs] 
210.846: Total time for which application threads were stopped: 0.0009830 seconds, Stopping threads took: 0.0000680 seconds
210.893: Application time: 0.0462920 seconds
210.893: [GC [PSYoungGen: 20484K->2400K(21504K)] 36089K->18021K(69120K), 0.0010000 secs] [Times: user=0.01 sys=0.00, real=0.00 secs] 
210.894: Total time for which application threads were stopped: 0.0011490 seconds, Stopping threads took: 0.0000770 seconds
210.943: Application time: 0.0497260 seconds
210.944: [GC [PSYoungGen: 20939K->1936K(21504K)] 36560K->17557K(69120K), 0.0007730 secs] [Times: user=0.01 sys=0.00, real=0.01 secs] 
210.944: Total time for which application threads were stopped: 0.0009170 seconds, Stopping threads took: 0.0000710 seconds
210.991: Application time: 0.0465430 seconds
210.991: [GC [PSYoungGen: 20470K->1936K(21504K)] 36091K->17557K(69120K), 0.0008040 secs] [Times: user=0.00 sys=0.00, real=0.00 secs] 
210.992: Total time for which application threads were stopped: 0.0009600 seconds, Stopping threads took: 0.0000740 seconds
211.039: Application time: 0.0474920 seconds
211.040: [GC [PSYoungGen: 20472K->1968K(21504K)] 36094K->17589K(69120K), 0.0008120 secs] [Times: user=0.01 sys=0.00, real=0.00 secs] 
211.040: Total time for which application threads were stopped: 0.0009570 seconds, Stopping threads took: 0.0000780 seconds
211.089: Application time: 0.0482800 seconds
211.089: [GC [PSYoungGen: 20507K->1424K(21504K)] 36128K->17045K(69120K), 0.0006500 secs] [Times: user=0.01 sys=0.00, real=0.00 secs] 
211.090: Total time for which application threads were stopped: 0.0008850 seconds, Stopping threads took: 0.0001700 seconds
211.136: Application time: 0.0466600 seconds
211.136: [GC [PSYoungGen: 19952K->2464K(21504K)] 35573K->18085K(69120K), 0.0009560 secs] [Times: user=0.00 sys=0.00, real=0.00 secs] 
211.137: Total time for which application threads were stopped: 0.0010990 seconds, Stopping threads took: 0.0000680 seconds
211.185: Application time: 0.0474500 seconds
211.185: [GC [PSYoungGen: 21000K->1952K(21504K)] 36622K->17573K(69120K), 0.0008040 secs] [Times: user=0.01 sys=0.00, real=0.00 secs] 
211.186: Total time for which application threads were stopped: 0.0009480 seconds, Stopping threads took: 0.0000730 seconds
211.234: Application time: 0.0479980 seconds
211.234: [GC [PSYoungGen: 20571K->1952K(21504K)] 36192K->17573K(69120K), 0.0008280 secs] [Times: user=0.00 sys=0.00, real=0.00 secs] 
211.235: Total time for which application threads were stopped: 0.0009580 seconds, Stopping threads took: 0.0000580 seconds
211.282: Application time: 0.0468680 seconds
211.282: [GC [PSYoungGen: 20563K->2480K(21504K)] 36184K->18117K(69120K), 0.0009290 secs] [Times: user=0.00 sys=0.00, real=0.00 secs] 
211.283: Total time for which application threads were stopped: 0.0010780 seconds, Stopping threads took: 0.0000740 seconds
211.332: Application time: 0.0494460 seconds
211.332: [GC [PSYoungGen: 21023K->1376K(21504K)] 36660K->17013K(69120K), 0.0006300 secs] [Times: user=0.00 sys=0.00, real=0.00 secs] 
211.333: Total time for which application threads were stopped: 0.0007610 seconds, Stopping threads took: 0.0000670 seconds
211.378: Application time: 0.0454410 seconds
211.378: [GC [PSYoungGen: 19978K->2480K(21504K)] 35615K->18629K(69120K), 0.0010950 secs] [Times: user=0.00 sys=0.00, real=0.00 secs] 
211.380: Total time for which application threads were stopped: 0.0012470 seconds, Stopping threads took: 0.0000770 seconds
211.428: Application time: 0.0484820 seconds
211.428: [GC [PSYoungGen: 21177K->1968K(21504K)] 37326K->18125K(69120K), 0.0007880 secs] [Times: user=0.00 sys=0.00, real=0.00 secs] 
211.429: Total time for which application threads were stopped: 0.0009200 seconds, Stopping threads took: 0.0000630 seconds
211.476: Application time: 0.0467770 seconds
211.476: [GC [PSYoungGen: 20578K->2480K(21504K)] 36736K->18645K(69120K), 0.0009870 secs] [Times: user=0.01 sys=0.00, real=0.01 secs] 
211.477: Total time for which application threads were stopped: 0.0011380 seconds, Stopping threads took: 0.0000760 seconds
211.525: Application time: 0.0486490 seconds
211.526: [GC [PSYoungGen: 21095K->2480K(21504K)] 37260K->18653K(69120K), 0.0009800 secs] [Times: user=0.00 sys=0.00, real=0.00 secs] 
211.527: Total time for which application threads were stopped: 0.0011340 seconds, Stopping threads took: 0.0000760 seconds
211.577: Application time: 0.0502940 seconds
211.577: [GC [PSYoungGen: 21103K->832K(21504K)] 37276K->17013K(69120K), 0.0005160 secs] [Times: user=0.01 sys=0.00, real=0.00 secs] 
211.578: Total time for which application threads were stopped: 0.0006510 seconds, Stopping threads took: 0.0000660 seconds
211.623: Application time: 0.0456880 seconds
211.623: [GC [PSYoungGen: 19356K->2496K(21504K)] 35537K->18677K(69120K), 0.0009770 secs] [Times: user=0.01 sys=0.00, real=0.01 secs] 
211.624: Total time for which application threads were stopped: 0.0011320 seconds, Stopping threads took: 0.0000780 seconds
211.674: Application time: 0.0491580 seconds
211.674: [GC [PSYoungGen: 21041K->880K(21504K)] 37222K->17061K(69120K), 0.0005360 secs] [Times: user=0.00 sys=0.00, real=0.00 secs] 
211.674: Total time for which application threads were stopped: 0.0006620 seconds, Stopping threads took: 0.0000630 seconds
211.723: Application time: 0.0483700 seconds
211.723: [GC [PSYoungGen: 19408K->1968K(21504K)] 35589K->18149K(69120K), 0.0007900 secs] [Times: user=0.00 sys=0.00, real=0.00 secs] 
211.724: Total time for which application threads were stopped: 0.0009220 seconds, Stopping threads took: 0.0000590 seconds
211.770: Application time: 0.0464350 seconds
211.770: [GC [PSYoungGen: 20500K->2496K(21504K)] 36681K->18677K(69120K), 0.0009430 secs] [Times: user=0.01 sys=0.00, real=0.00 secs] 
211.771: Total time for which application threads were stopped: 0.0011120 seconds, Stopping threads took: 0.0000850 seconds
211.820: Application time: 0.0493410 seconds
211.821: [GC [PSYoungGen: 21039K->1408K(21504K)] 37220K->17589K(69120K), 0.0006540 secs] [Times: user=0.01 sys=0.00, real=0.00 secs] 
211.821: Total time for which application threads were stopped: 0.0008060 seconds, Stopping threads took: 0.0000890 seconds
211.868: Application time: 0.0467570 seconds
211.868: [GC [PSYoungGen: 19936K->2464K(21504K)] 36117K->18645K(69120K), 0.0009630 secs] [Times: user=0.00 sys=0.00, real=0.00 secs] 
211.869: Total time for which application threads were stopped: 0.0011040 seconds, Stopping threads took: 0.0000660 seconds
211.917: Application time: 0.0479270 seconds
211.917: [GC [PSYoungGen: 21083K->1936K(21504K)] 37264K->18117K(69120K), 0.0008410 secs] [Times: user=0.00 sys=0.00, real=0.00 secs] 
211.918: Total time for which application threads were stopped: 0.0009850 seconds, Stopping threads took: 0.0000730 seconds
211.965: Application time: 0.0466420 seconds
211.965: [GC [PSYoungGen: 20544K->2496K(21504K)] 36726K->19197K(69120K), 0.0011760 secs] [Times: user=0.00 sys=0.00, real=0.00 secs] 
211.966: Total time for which application threads were stopped: 0.0013190 seconds, Stopping threads took: 0.0000660 seconds
212.017: Application time: 0.0509450 seconds
212.017: [GC [PSYoungGen: 21039K->1952K(21504K)] 37740K->18661K(69120K), 0.0007840 secs] [Times: user=0.01 sys=0.00, real=0.00 secs] 
212.018: Total time for which application threads were stopped: 0.0009140 seconds, Stopping threads took: 0.0000640 seconds
212.062: Application time: 0.0446180 seconds
212.063: [GC [PSYoungGen: 20561K->2464K(21504K)] 37270K->19685K(69120K), 0.0011130 secs] [Times: user=0.00 sys=0.00, real=0.00 secs] 
212.064: Total time for which application threads were stopped: 0.0012810 seconds, Stopping threads took: 0.0000840 seconds
212.114: Application time: 0.0506750 seconds
212.115: [GC [PSYoungGen: 21163K->1936K(21504K)] 38384K->19165K(69120K), 0.0008010 secs] [Times: user=0.00 sys=0.00, real=0.00 secs] 
212.115: Total time for which application threads were stopped: 0.0009550 seconds, Stopping threads took: 0.0000850 seconds
212.161: Application time: 0.0460190 seconds
212.161: [GC [PSYoungGen: 20468K->2480K(21504K)] 37697K->19717K(69120K), 0.0009460 secs] [Times: user=0.01 sys=0.00, real=0.00 secs] 
212.162: Total time for which application threads were stopped: 0.0010940 seconds, Stopping threads took: 0.0000750 seconds
212.210: Application time: 0.0475480 seconds
212.210: [GC [PSYoungGen: 21175K->2448K(21504K)] 38412K->19693K(69120K), 0.0009700 secs] [Times: user=0.00 sys=0.00, real=0.00 secs] 
212.211: Total time for which application threads were stopped: 0.0011200 seconds, Stopping threads took: 0.0000770 seconds
212.260: Application time: 0.0485660 seconds
212.260: [GC [PSYoungGen: 21069K->1360K(21504K)] 38314K->18613K(69120K), 0.0006440 secs] [Times: user=0.00 sys=0.00, real=0.00 secs] 
212.260: Total time for which application threads were stopped: 0.0007830 seconds, Stopping threads took: 0.0000670 seconds
212.303: Application time: 0.0420500 seconds
212.303: [GC [PSYoungGen: 19888K->2480K(21504K)] 37141K->19741K(69120K), 0.0009770 secs] [Times: user=0.01 sys=0.00, real=0.00 secs] 
212.304: Total time for which application threads were stopped: 0.0011250 seconds, Stopping threads took: 0.0000730 seconds
212.349: Application time: 0.0457820 seconds
212.350: [GC [PSYoungGen: 21019K->1920K(21504K)] 38280K->19181K(69120K), 0.0008350 secs] [Times: user=0.01 sys=0.00, real=0.00 secs] 
212.350: Total time for which application threads were stopped: 0.0009820 seconds, Stopping threads took: 0.0000810 seconds
212.393: Application time: 0.0420610 seconds
212.393: [GC [PSYoungGen: 20448K->2528K(21504K)] 37709K->20301K(69120K), 0.0011100 secs] [Times: user=0.01 sys=0.00, real=0.00 secs] 
212.394: Total time for which application threads were stopped: 0.0012420 seconds, Stopping threads took: 0.0000580 seconds
212.439: Application time: 0.0447660 seconds
212.439: [GC [PSYoungGen: 21067K->2480K(21504K)] 38840K->20253K(69120K), 0.0009480 secs] [Times: user=0.01 sys=0.00, real=0.00 secs] 
212.440: Total time for which application threads were stopped: 0.0010980 seconds, Stopping threads took: 0.0000820 seconds
212.484: Application time: 0.0446340 seconds
212.484: [GC [PSYoungGen: 21012K->2480K(21504K)] 38786K->20253K(69120K), 0.0009570 secs] [Times: user=0.00 sys=0.00, real=0.00 secs] 
212.485: Total time for which application threads were stopped: 0.0011100 seconds, Stopping threads took: 0.0000810 seconds
212.531: Application time: 0.0455330 seconds
212.531: [GC [PSYoungGen: 21023K->1952K(21504K)] 38796K->19725K(69120K), 0.0007620 secs] [Times: user=0.00 sys=0.00, real=0.00 secs] 
212.532: Total time for which application threads were stopped: 0.0009010 seconds, Stopping threads took: 0.0000710 seconds
212.575: Application time: 0.0433940 seconds
212.575: [GC [PSYoungGen: 20563K->2496K(21504K)] 38336K->20269K(69120K), 0.0009670 secs] [Times: user=0.01 sys=0.00, real=0.01 secs] 
212.576: Total time for which application threads were stopped: 0.0011260 seconds, Stopping threads took: 0.0000750 seconds
212.622: Application time: 0.0458540 seconds
212.622: [GC [PSYoungGen: 21115K->1440K(21504K)] 38888K->19221K(69120K), 0.0006460 secs] [Times: user=0.00 sys=0.00, real=0.00 secs] 
212.623: Total time for which application threads were stopped: 0.0008590 seconds, Stopping threads took: 0.0001450 seconds
212.665: Application time: 0.0421940 seconds
212.665: [GC [PSYoungGen: 19964K->2464K(21504K)] 37745K->20765K(69120K), 0.0011830 secs] [Times: user=0.01 sys=0.00, real=0.00 secs] 
212.667: Total time for which application threads were stopped: 0.0013380 seconds, Stopping threads took: 0.0000790 seconds
212.714: Application time: 0.0471490 seconds
212.714: [GC [PSYoungGen: 21089K->848K(21504K)] 39390K->19149K(69120K), 0.0005450 secs] [Times: user=0.00 sys=0.00, real=0.00 secs] 
212.714: Total time for which application threads were stopped: 0.0006850 seconds, Stopping threads took: 0.0000720 seconds
212.758: Application time: 0.0436610 seconds
212.758: [GC [PSYoungGen: 19370K->1952K(21504K)] 37671K->20261K(69120K), 0.0008090 secs] [Times: user=0.00 sys=0.00, real=0.00 secs] 
212.759: Total time for which application threads were stopped: 0.0009600 seconds, Stopping threads took: 0.0000780 seconds
212.804: Application time: 0.0448660 seconds
212.808: [GC [PSYoungGen: 20651K->1408K(21504K)] 38960K->19725K(69120K), 0.0006920 secs] [Times: user=0.00 sys=0.00, real=0.00 secs] 
212.809: Total time for which application threads were stopped: 0.0049400 seconds, Stopping threads took: 0.0041810 seconds
212.853: Application time: 0.0446310 seconds
212.854: [GC [PSYoungGen: 20023K->1424K(21504K)] 38340K->19741K(69120K), 0.0006370 secs] [Times: user=0.00 sys=0.00, real=0.00 secs] 
212.854: Total time for which application threads were stopped: 0.0009070 seconds, Stopping threads took: 0.0002060 seconds
212.899: Application time: 0.0442150 seconds
212.899: [GC [PSYoungGen: 20107K->2496K(21504K)] 38424K->21333K(69120K), 0.0011170 secs] [Times: user=0.01 sys=0.00, real=0.00 secs] 
212.900: Total time for which application threads were stopped: 0.0012900 seconds, Stopping threads took: 0.0000970 seconds
212.944: Application time: 0.0445850 seconds
212.945: [GC [PSYoungGen: 21039K->1952K(21504K)] 39876K->20797K(69120K), 0.0007880 secs] [Times: user=0.00 sys=0.00, real=0.00 secs] 
212.945: Total time for which application threads were stopped: 0.0009230 seconds, Stopping threads took: 0.0000680 seconds
212.989: Application time: 0.0432610 seconds
212.989: [GC [PSYoungGen: 20482K->2480K(21504K)] 39328K->21325K(69120K), 0.0009570 secs] [Times: user=0.00 sys=0.00, real=0.00 secs] 
212.990: Total time for which application threads were stopped: 0.0010870 seconds, Stopping threads took: 0.0000600 seconds
213.034: Application time: 0.0438740 seconds
213.034: [GC [PSYoungGen: 21023K->1392K(21504K)] 39868K->20237K(69120K), 0.0006480 secs] [Times: user=0.00 sys=0.00, real=0.00 secs] 
213.034: Total time for which application threads were stopped: 0.0007830 seconds, Stopping threads took: 0.0000630 seconds
213.077: Application time: 0.0425810 seconds
213.077: [GC [PSYoungGen: 19920K->2512K(21504K)] 38765K->21357K(69120K), 0.0009720 secs] [Times: user=0.01 sys=0.00, real=0.00 secs] 
213.078: Total time for which application threads were stopped: 0.0011250 seconds, Stopping threads took: 0.0000710 seconds
213.123: Application time: 0.0449820 seconds
213.123: [GC [PSYoungGen: 21051K->1952K(21504K)] 39896K->20797K(69120K), 0.0008350 secs] [Times: user=0.00 sys=0.00, real=0.01 secs] 
213.124: Total time for which application threads were stopped: 0.0009760 seconds, Stopping threads took: 0.0000710 seconds
213.169: Application time: 0.0444730 seconds
213.169: [GC [PSYoungGen: 20490K->1408K(21504K)] 39336K->20253K(69120K), 0.0006400 secs] [Times: user=0.01 sys=0.00, real=0.00 secs] 
213.169: Total time for which application threads were stopped: 0.0008260 seconds, Stopping threads took: 0.0001210 seconds
213.213: Application time: 0.0438200 seconds
213.213: [GC [PSYoungGen: 20016K->2480K(21504K)] 38862K->21325K(69120K), 0.0009530 secs] [Times: user=0.00 sys=0.00, real=0.00 secs] 
213.214: Total time for which application threads were stopped: 0.0010970 seconds, Stopping threads took: 0.0000740 seconds
213.258: Application time: 0.0438330 seconds
213.258: [GC [PSYoungGen: 21093K->2512K(21504K)] 39938K->21877K(69120K), 0.0010980 secs] [Times: user=0.01 sys=0.00, real=0.00 secs] 
213.259: Total time for which application threads were stopped: 0.0012370 seconds, Stopping threads took: 0.0000650 seconds
213.304: Application time: 0.0450900 seconds
213.308: [GC [PSYoungGen: 21053K->1952K(21504K)] 40418K->21333K(69120K), 0.0007930 secs] [Times: user=0.01 sys=0.00, real=0.00 secs] 
213.309: Total time for which application threads were stopped: 0.0044540 seconds, Stopping threads took: 0.0035960 seconds
213.351: Application time: 0.0418920 seconds
213.351: [GC [PSYoungGen: 20550K->2416K(21504K)] 39931K->23333K(69120K), 0.0014730 secs] [Times: user=0.01 sys=0.00, real=0.00 secs] 
213.352: Total time for which application threads were stopped: 0.0016340 seconds, Stopping threads took: 0.0000810 seconds
213.399: Application time: 0.0468680 seconds
213.399: [GC [PSYoungGen: 20963K->1952K(21504K)] 41880K->22877K(69120K), 0.0008230 secs] [Times: user=0.00 sys=0.01, real=0.00 secs] 
213.400: Total time for which application threads were stopped: 0.0009640 seconds, Stopping threads took: 0.0000720 seconds
213.444: Application time: 0.0434660 seconds
213.444: [GC [PSYoungGen: 20645K->1968K(21504K)] 41570K->22893K(69120K), 0.0007880 secs] [Times: user=0.01 sys=0.00, real=0.01 secs] 
213.445: Total time for which application threads were stopped: 0.0009350 seconds, Stopping threads took: 0.0000720 seconds
213.489: Application time: 0.0443200 seconds
213.489: [GC [PSYoungGen: 20581K->1952K(21504K)] 41506K->22885K(69120K), 0.0008190 secs] [Times: user=0.00 sys=0.00, real=0.00 secs] 
213.490: Total time for which application threads were stopped: 0.0009590 seconds, Stopping threads took: 0.0000710 seconds
213.534: Application time: 0.0439680 seconds
213.536: [GC [PSYoungGen: 20647K->1424K(21504K)] 41580K->22365K(69120K), 0.0006520 secs] [Times: user=0.00 sys=0.00, real=0.00 secs] 
213.537: Total time for which application threads were stopped: 0.0028220 seconds, Stopping threads took: 0.0021060 seconds
213.580: Application time: 0.0433040 seconds
213.580: [GC [PSYoungGen: 19946K->2496K(21504K)] 40887K->23957K(69120K), 0.0010840 secs] [Times: user=0.01 sys=0.00, real=0.00 secs] 
213.581: Total time for which application threads were stopped: 0.0012450 seconds, Stopping threads took: 0.0000770 seconds
213.626: Application time: 0.0449410 seconds
213.626: [GC [PSYoungGen: 21041K->1408K(21504K)] 42502K->22869K(69120K), 0.0006520 secs] [Times: user=0.00 sys=0.00, real=0.00 secs] 
213.627: Total time for which application threads were stopped: 0.0007880 seconds, Stopping threads took: 0.0000690 seconds
213.670: Application time: 0.0426620 seconds
213.670: [GC [PSYoungGen: 19936K->2480K(21504K)] 41397K->23941K(69120K), 0.0009740 secs] [Times: user=0.01 sys=0.00, real=0.00 secs] 
213.671: Total time for which application threads were stopped: 0.0011230 seconds, Stopping threads took: 0.0000790 seconds
213.717: Application time: 0.0462740 seconds
213.717: [GC [PSYoungGen: 21021K->912K(21504K)] 42482K->22373K(69120K), 0.0005230 secs] [Times: user=0.00 sys=0.00, real=0.00 secs] 
213.718: Total time for which application threads were stopped: 0.0007490 seconds, Stopping threads took: 0.0001650 seconds
213.762: Application time: 0.0439480 seconds
213.764: [GC [PSYoungGen: 19440K->2464K(21504K)] 40901K->23925K(69120K), 0.0011780 secs] [Times: user=0.01 sys=0.00, real=0.00 secs] 
213.765: Total time for which application threads were stopped: 0.0035690 seconds, Stopping threads took: 0.0023200 seconds
213.810: Application time: 0.0442990 seconds
213.810: [GC [PSYoungGen: 20997K->2480K(21504K)] 42458K->23941K(69120K), 0.0009570 secs] [Times: user=0.01 sys=0.00, real=0.00 secs] 
213.811: Total time for which application threads were stopped: 0.0011010 seconds, Stopping threads took: 0.0000750 seconds
213.856: Application time: 0.0447390 seconds
213.856: [GC [PSYoungGen: 21099K->1376K(21504K)] 42560K->22837K(69120K), 0.0006740 secs] [Times: user=0.00 sys=0.00, real=0.01 secs] 
213.856: Total time for which application threads were stopped: 0.0008800 seconds, Stopping threads took: 0.0001400 seconds
213.900: Application time: 0.0437920 seconds
213.900: [GC [PSYoungGen: 19989K->1920K(21504K)] 41450K->23389K(69120K), 0.0007790 secs] [Times: user=0.00 sys=0.00, real=0.00 secs] 
213.901: Total time for which application threads were stopped: 0.0009210 seconds, Stopping threads took: 0.0000750 seconds
213.944: Application time: 0.0431090 seconds
213.944: [GC [PSYoungGen: 20448K->2368K(21504K)] 41918K->23845K(69120K), 0.0009930 secs] [Times: user=0.00 sys=0.00, real=0.00 secs] 
213.945: Total time for which application threads were stopped: 0.0011570 seconds, Stopping threads took: 0.0000980 seconds
213.991: Application time: 0.0457480 seconds
213.991: [GC [PSYoungGen: 20991K->1392K(21504K)] 42468K->22869K(69120K), 0.0005970 secs] [Times: user=0.00 sys=0.00, real=0.00 secs] 
213.992: Total time for which application threads were stopped: 0.0007240 seconds, Stopping threads took: 0.0000650 seconds
214.035: Application time: 0.0434240 seconds
214.035: [GC [PSYoungGen: 19920K->2480K(21504K)] 41397K->23965K(69120K), 0.0009830 secs] [Times: user=0.01 sys=0.00, real=0.01 secs] 
214.037: Total time for which application threads were stopped: 0.0017500 seconds, Stopping threads took: 0.0000780 seconds
214.082: Application time: 0.0448400 seconds
214.082: [GC [PSYoungGen: 21177K->1968K(21504K)] 42663K->23453K(69120K), 0.0008110 secs] [Times: user=0.01 sys=0.00, real=0.00 secs] 
214.083: Total time for which application threads were stopped: 0.0009950 seconds, Stopping threads took: 0.0001090 seconds
214.127: Application time: 0.0438910 seconds
214.127: [GC [PSYoungGen: 20504K->1952K(21504K)] 41990K->23445K(69120K), 0.0008010 secs] [Times: user=0.00 sys=0.00, real=0.00 secs] 
214.128: Total time for which application threads were stopped: 0.0010010 seconds, Stopping threads took: 0.0001360 seconds
214.172: Application time: 0.0438350 seconds
214.172: [GC [PSYoungGen: 20645K->1936K(21504K)] 42138K->23437K(69120K), 0.0008230 secs] [Times: user=0.01 sys=0.00, real=0.00 secs] 
214.173: Total time for which application threads were stopped: 0.0009980 seconds, Stopping threads took: 0.0001050 seconds
214.216: Application time: 0.0433030 seconds
214.216: [GC [PSYoungGen: 20544K->2496K(21504K)] 42046K->24517K(69120K), 0.0011100 secs] [Times: user=0.01 sys=0.00, real=0.00 secs] 
214.217: Total time for which application threads were stopped: 0.0012720 seconds, Stopping threads took: 0.0000780 seconds
214.263: Application time: 0.0454240 seconds
214.263: [GC [PSYoungGen: 21039K->1936K(21504K)] 43060K->23957K(69120K), 0.0007750 secs] [Times: user=0.01 sys=0.00, real=0.00 secs] 
214.264: Total time for which application threads were stopped: 0.0009230 seconds, Stopping threads took: 0.0000720 seconds
214.306: Application time: 0.0429410 seconds
214.307: [GC [PSYoungGen: 20468K->2480K(21504K)] 42490K->24501K(69120K), 0.0009370 secs] [Times: user=0.00 sys=0.00, real=0.00 secs] 
214.308: Total time for which application threads were stopped: 0.0010950 seconds, Stopping threads took: 0.0000850 seconds
214.353: Application time: 0.0455950 seconds
214.353: [GC [PSYoungGen: 21021K->1904K(21504K)] 43042K->23925K(69120K), 0.0007860 secs] [Times: user=0.00 sys=0.00, real=0.00 secs] 
214.354: Total time for which application threads were stopped: 0.0009620 seconds, Stopping threads took: 0.0001100 seconds
214.398: Application time: 0.0442390 seconds
214.399: [GC [PSYoungGen: 20440K->1968K(21504K)] 42462K->23989K(69120K), 0.0007980 secs] [Times: user=0.00 sys=0.00, real=0.00 secs] 
214.399: Total time for which application threads were stopped: 0.0010360 seconds, Stopping threads took: 0.0001700 seconds
214.444: Application time: 0.0442620 seconds
214.444: [GC [PSYoungGen: 20504K->1952K(21504K)] 42526K->23973K(69120K), 0.0008260 secs] [Times: user=0.00 sys=0.00, real=0.01 secs] 
214.445: Total time for which application threads were stopped: 0.0009580 seconds, Stopping threads took: 0.0000660 seconds
214.489: Application time: 0.0444880 seconds
214.489: [GC [PSYoungGen: 20567K->1952K(21504K)] 42588K->23973K(69120K), 0.0007650 secs] [Times: user=0.00 sys=0.00, real=0.00 secs] 
214.490: Total time for which application threads were stopped: 0.0008990 seconds, Stopping threads took: 0.0000670 seconds
214.534: Application time: 0.0435230 seconds
214.534: [GC [PSYoungGen: 20490K->1408K(21504K)] 42512K->23437K(69120K), 0.0006700 secs] [Times: user=0.01 sys=0.00, real=0.00 secs] 
214.534: Total time for which application threads were stopped: 0.0008890 seconds, Stopping threads took: 0.0001530 seconds
214.578: Application time: 0.0435440 seconds
214.578: [GC [PSYoungGen: 20008K->2528K(21504K)] 42038K->25589K(69120K), 0.0012870 secs] [Times: user=0.00 sys=0.00, real=0.00 secs] 
214.579: Total time for which application threads were stopped: 0.0014510 seconds, Stopping threads took: 0.0000850 seconds
214.626: Application time: 0.0468240 seconds
214.626: [GC [PSYoungGen: 21075K->1456K(21504K)] 44136K->24517K(69120K), 0.0006480 secs] [Times: user=0.00 sys=0.00, real=0.00 secs] 
214.627: Total time for which application threads were stopped: 0.0007850 seconds, Stopping threads took: 0.0000620 seconds
214.668: Application time: 0.0413680 seconds
214.669: [GC [PSYoungGen: 20060K->2496K(21504K)] 43122K->26077K(69120K), 0.0011050 secs] [Times: user=0.01 sys=0.00, real=0.00 secs] 
214.670: Total time for which application threads were stopped: 0.0012860 seconds, Stopping threads took: 0.0001020 seconds
214.715: Application time: 0.0456220 seconds
214.715: [GC [PSYoungGen: 21195K->1952K(21504K)] 44776K->25533K(69120K), 0.0007780 secs] [Times: user=0.00 sys=0.01, real=0.01 secs] 
214.716: Total time for which application threads were stopped: 0.0009110 seconds, Stopping threads took: 0.0000700 seconds
214.761: Application time: 0.0446530 seconds
214.761: [GC [PSYoungGen: 20488K->1968K(21504K)] 44070K->25557K(69120K), 0.0008100 secs] [Times: user=0.01 sys=0.00, real=0.00 secs] 
214.762: Total time for which application threads were stopped: 0.0009540 seconds, Stopping threads took: 0.0000750 seconds
214.805: Application time: 0.0436010 seconds
214.806: [GC [PSYoungGen: 20659K->2496K(21504K)] 44248K->26085K(69120K), 0.0009490 secs] [Times: user=0.01 sys=0.00, real=0.00 secs] 
214.807: Total time for which application threads were stopped: 0.0011020 seconds, Stopping threads took: 0.0000850 seconds
214.851: Application time: 0.0443140 seconds
214.851: [GC [PSYoungGen: 21115K->1936K(21504K)] 44704K->25533K(69120K), 0.0007980 secs] [Times: user=0.01 sys=0.00, real=0.00 secs] 
214.852: Total time for which application threads were stopped: 0.0009360 seconds, Stopping threads took: 0.0000710 seconds
214.896: Application time: 0.0442450 seconds
214.896: [GC [PSYoungGen: 20475K->1408K(21504K)] 44072K->25013K(69120K), 0.0006660 secs] [Times: user=0.01 sys=0.00, real=0.00 secs] 
214.897: Total time for which application threads were stopped: 0.0008200 seconds, Stopping threads took: 0.0000850 seconds
214.940: Application time: 0.0432040 seconds
214.940: [GC [PSYoungGen: 19936K->2448K(21504K)] 43541K->26053K(69120K), 0.0010220 secs] [Times: user=0.01 sys=0.00, real=0.00 secs] 
214.941: Total time for which application threads were stopped: 0.0011610 seconds, Stopping threads took: 0.0000690 seconds
214.987: Application time: 0.0457600 seconds
214.987: [GC [PSYoungGen: 20991K->896K(21504K)] 44596K->24501K(69120K), 0.0005280 secs] [Times: user=0.00 sys=0.00, real=0.00 secs] 
214.988: Total time for which application threads were stopped: 0.0006600 seconds, Stopping threads took: 0.0000670 seconds
215.030: Application time: 0.0418080 seconds
215.030: [GC [PSYoungGen: 19420K->2464K(21504K)] 43025K->26069K(69120K), 0.0009260 secs] [Times: user=0.00 sys=0.00, real=0.00 secs] 
215.031: Total time for which application threads were stopped: 0.0010670 seconds, Stopping threads took: 0.0000710 seconds
215.077: Application time: 0.0467960 seconds
215.077: [GC [PSYoungGen: 21009K->864K(21504K)] 44614K->24469K(69120K), 0.0005070 secs] [Times: user=0.00 sys=0.00, real=0.00 secs] 
215.078: Total time for which application threads were stopped: 0.0006390 seconds, Stopping threads took: 0.0000670 seconds
215.120: Application time: 0.0420850 seconds
215.120: [GC [PSYoungGen: 19388K->2464K(21504K)] 42993K->26069K(69120K), 0.0009650 secs] [Times: user=0.00 sys=0.00, real=0.00 secs] 
215.121: Total time for which application threads were stopped: 0.0011030 seconds, Stopping threads took: 0.0000680 seconds
215.166: Application time: 0.0446830 seconds
215.166: [GC [PSYoungGen: 21083K->1952K(21504K)] 44688K->25565K(69120K), 0.0008020 secs] [Times: user=0.01 sys=0.00, real=0.00 secs] 
215.167: Total time for which application threads were stopped: 0.0009630 seconds, Stopping threads took: 0.0000820 seconds
215.210: Application time: 0.0435660 seconds
215.211: [GC [PSYoungGen: 20567K->1952K(21504K)] 44180K->25565K(69120K), 0.0008160 secs] [Times: user=0.01 sys=0.00, real=0.00 secs] 
215.212: Total time for which application threads were stopped: 0.0011100 seconds, Stopping threads took: 0.0002300 seconds
215.255: Application time: 0.0436440 seconds
215.255: [GC [PSYoungGen: 20484K->2480K(21504K)] 44098K->26101K(69120K), 0.0009570 secs] [Times: user=0.00 sys=0.00, real=0.01 secs] 
215.256: Total time for which application threads were stopped: 0.0011050 seconds, Stopping threads took: 0.0000770 seconds
215.300: Application time: 0.0441140 seconds
215.301: [GC [PSYoungGen: 21095K->2496K(21504K)] 44716K->26117K(69120K), 0.0009650 secs] [Times: user=0.00 sys=0.00, real=0.00 secs] 
215.302: Total time for which application threads were stopped: 0.0011100 seconds, Stopping threads took: 0.0000760 seconds
215.349: Application time: 0.0471600 seconds
215.349: [GC [PSYoungGen: 21197K->848K(21504K)] 44818K->24477K(69120K), 0.0005030 secs] [Times: user=0.00 sys=0.00, real=0.00 secs] 
215.349: Total time for which application threads were stopped: 0.0006160 seconds, Stopping threads took: 0.0000510 seconds
215.392: Application time: 0.0424030 seconds
215.392: [GC [PSYoungGen: 19372K->2464K(21504K)] 43001K->26101K(69120K), 0.0009810 secs] [Times: user=0.01 sys=0.00, real=0.00 secs] 
215.393: Total time for which application threads were stopped: 0.0011330 seconds, Stopping threads took: 0.0000780 seconds
215.438: Application time: 0.0449930 seconds
215.438: [GC [PSYoungGen: 21163K->1424K(21504K)] 44801K->25061K(69120K), 0.0006780 secs] [Times: user=0.00 sys=0.00, real=0.00 secs] 
215.439: Total time for which application threads were stopped: 0.0008140 seconds, Stopping threads took: 0.0000760 seconds
215.481: Application time: 0.0422250 seconds
215.481: [GC [PSYoungGen: 19952K->2464K(21504K)] 43589K->26109K(69120K), 0.0009390 secs] [Times: user=0.00 sys=0.00, real=0.00 secs] 
215.482: Total time for which application threads were stopped: 0.0010950 seconds, Stopping threads took: 0.0000770 seconds
215.527: Application time: 0.0449050 seconds
215.527: [GC [PSYoungGen: 21079K->1920K(21504K)] 44724K->25573K(69120K), 0.0007990 secs] [Times: user=0.01 sys=0.00, real=0.00 secs] 
215.528: Total time for which application threads were stopped: 0.0009450 seconds, Stopping threads took: 0.0000760 seconds
215.572: Application time: 0.0438580 seconds
215.572: [GC [PSYoungGen: 20448K->2496K(21504K)] 44102K->26661K(69120K), 0.0010950 secs] [Times: user=0.00 sys=0.00, real=0.00 secs] 
215.573: Total time for which application threads were stopped: 0.0012440 seconds, Stopping threads took: 0.0000740 seconds
215.618: Application time: 0.0446120 seconds
215.618: [GC [PSYoungGen: 21043K->880K(21504K)] 45208K->25045K(69120K), 0.0005360 secs] [Times: user=0.00 sys=0.00, real=0.00 secs] 
215.618: Total time for which application threads were stopped: 0.0008050 seconds, Stopping threads took: 0.0002080 seconds
215.661: Application time: 0.0427760 seconds
215.661: [GC [PSYoungGen: 19400K->2464K(21504K)] 43565K->27141K(69120K), 0.0011220 secs] [Times: user=0.01 sys=0.00, real=0.00 secs] 
215.662: Total time for which application threads were stopped: 0.0012740 seconds, Stopping threads took: 0.0000790 seconds
215.707: Application time: 0.0450440 seconds
215.708: [GC [PSYoungGen: 21003K->2480K(21504K)] 45680K->27157K(69120K), 0.0009340 secs] [Times: user=0.00 sys=0.00, real=0.00 secs] 
215.709: Total time for which application threads were stopped: 0.0010820 seconds, Stopping threads took: 0.0000710 seconds
215.755: Application time: 0.0464670 seconds
215.755: [GC [PSYoungGen: 21025K->848K(21504K)] 45702K->25525K(69120K), 0.0005180 secs] [Times: user=0.01 sys=0.00, real=0.00 secs] 
215.756: Total time for which application threads were stopped: 0.0006570 seconds, Stopping threads took: 0.0000700 seconds
215.798: Application time: 0.0425770 seconds
215.798: [GC [PSYoungGen: 19450K->2480K(21504K)] 44128K->27157K(69120K), 0.0009610 secs] [Times: user=0.00 sys=0.00, real=0.00 secs] 
215.799: Total time for which application threads were stopped: 0.0010960 seconds, Stopping threads took: 0.0000620 seconds
215.845: Application time: 0.0453710 seconds
215.845: [GC [PSYoungGen: 21097K->1920K(21504K)] 45774K->26605K(69120K), 0.0007950 secs] [Times: user=0.01 sys=0.00, real=0.00 secs] 
215.846: Total time for which application threads were stopped: 0.0009490 seconds, Stopping threads took: 0.0000850 seconds
215.890: Application time: 0.0447070 seconds
215.891: [GC [PSYoungGen: 20456K->1360K(21504K)] 45142K->26053K(69120K), 0.0007400 secs] [Times: user=0.00 sys=0.00, real=0.00 secs] 
215.891: Total time for which application threads were stopped: 0.0009130 seconds, Stopping threads took: 0.0001020 seconds
215.935: Application time: 0.0436360 seconds
215.935: [GC [PSYoungGen: 19971K->2496K(21504K)] 44664K->27189K(69120K), 0.0009290 secs] [Times: user=0.00 sys=0.00, real=0.00 secs] 
215.936: Total time for which application threads were stopped: 0.0010740 seconds, Stopping threads took: 0.0000740 seconds
215.981: Application time: 0.0446670 seconds
215.981: [GC [PSYoungGen: 21041K->880K(21504K)] 45734K->25581K(69120K), 0.0005240 secs] [Times: user=0.00 sys=0.00, real=0.00 secs] 
215.981: Total time for which application threads were stopped: 0.0006790 seconds, Stopping threads took: 0.0000870 seconds
216.024: Application time: 0.0431390 seconds
216.025: [GC [PSYoungGen: 19563K->2496K(21504K)] 44264K->27205K(69120K), 0.0009190 secs] [Times: user=0.00 sys=0.00, real=0.00 secs] 
216.026: Total time for which application threads were stopped: 0.0010660 seconds, Stopping threads took: 0.0000770 seconds
216.071: Application time: 0.0449670 seconds
216.071: [GC [PSYoungGen: 21191K->1920K(21504K)] 45900K->26629K(69120K), 0.0008160 secs] [Times: user=0.00 sys=0.00, real=0.00 secs] 
216.071: Total time for which application threads were stopped: 0.0009740 seconds, Stopping threads took: 0.0000880 seconds
216.115: Application time: 0.0439240 seconds
216.116: [GC [PSYoungGen: 20452K->2480K(21504K)] 45162K->27197K(69120K), 0.0009680 secs] [Times: user=0.00 sys=0.00, real=0.01 secs] 
216.117: Total time for which application threads were stopped: 0.0011130 seconds, Stopping threads took: 0.0000740 seconds
216.161: Application time: 0.0443610 seconds
216.161: [GC [PSYoungGen: 21023K->1376K(21504K)] 45740K->26093K(69120K), 0.0007350 secs] [Times: user=0.00 sys=0.00, real=0.00 secs] 
216.162: Total time for which application threads were stopped: 0.0008750 seconds, Stopping threads took: 0.0000730 seconds
216.205: Application time: 0.0430950 seconds
216.205: [GC [PSYoungGen: 19980K->2528K(21504K)] 44698K->27765K(69120K), 0.0011170 secs] [Times: user=0.00 sys=0.00, real=0.00 secs] 
216.206: Total time for which application threads were stopped: 0.0012650 seconds, Stopping threads took: 0.0000730 seconds
216.251: Application time: 0.0451560 seconds
216.251: [GC [PSYoungGen: 21069K->1936K(21504K)] 46306K->27173K(69120K), 0.0008480 secs] [Times: user=0.01 sys=0.00, real=0.00 secs] 
216.252: Total time for which application threads were stopped: 0.0009940 seconds, Stopping threads took: 0.0000720 seconds
216.299: Application time: 0.0465070 seconds
216.299: [GC [PSYoungGen: 20464K->2432K(21504K)] 45702K->28181K(69120K), 0.0011980 secs] [Times: user=0.00 sys=0.00, real=0.00 secs] 
216.300: Total time for which application threads were stopped: 0.0013760 seconds, Stopping threads took: 0.0001010 seconds
216.348: Application time: 0.0482260 seconds
216.349: [GC [PSYoungGen: 20971K->2480K(21504K)] 46720K->28229K(69120K), 0.0010150 secs] [Times: user=0.00 sys=0.00, real=0.00 secs] 
216.350: Total time for which application threads were stopped: 0.0011660 seconds, Stopping threads took: 0.0000770 seconds
216.398: Application time: 0.0480000 seconds
216.398: [GC [PSYoungGen: 21019K->1968K(21504K)] 46768K->27717K(69120K), 0.0008130 secs] [Times: user=0.00 sys=0.00, real=0.00 secs] 
216.399: Total time for which application threads were stopped: 0.0009570 seconds, Stopping threads took: 0.0000770 seconds
216.447: Application time: 0.0480800 seconds
216.447: [GC [PSYoungGen: 20581K->1936K(21504K)] 46330K->27685K(69120K), 0.0008230 secs] [Times: user=0.00 sys=0.00, real=0.00 secs] 
216.448: Total time for which application threads were stopped: 0.0009650 seconds, Stopping threads took: 0.0000700 seconds
216.495: Application time: 0.0470190 seconds
216.495: [GC [PSYoungGen: 20547K->2480K(21504K)] 46296K->28237K(69120K), 0.0009520 secs] [Times: user=0.00 sys=0.00, real=0.00 secs] 
216.496: Total time for which application threads were stopped: 0.0011680 seconds, Stopping threads took: 0.0001430 seconds
216.544: Application time: 0.0483180 seconds
216.544: [GC [PSYoungGen: 21021K->1968K(21504K)] 46778K->27733K(69120K), 0.0008040 secs] [Times: user=0.00 sys=0.00, real=0.00 secs] 
216.545: Total time for which application threads were stopped: 0.0009480 seconds, Stopping threads took: 0.0000720 seconds
216.593: Application time: 0.0476500 seconds
216.593: [GC [PSYoungGen: 20575K->2480K(21504K)] 46340K->28245K(69120K), 0.0009950 secs] [Times: user=0.00 sys=0.00, real=0.00 secs] 
216.594: Total time for which application threads were stopped: 0.0011790 seconds, Stopping threads took: 0.0001080 seconds
216.642: Application time: 0.0482900 seconds
216.642: [GC [PSYoungGen: 21019K->2496K(21504K)] 46784K->28269K(69120K), 0.0010020 secs] [Times: user=0.00 sys=0.00, real=0.00 secs] 
216.643: Total time for which application threads were stopped: 0.0011490 seconds, Stopping threads took: 0.0000690 seconds
216.692: Application time: 0.0485790 seconds
216.692: [GC [PSYoungGen: 21195K->1440K(21504K)] 46969K->27213K(69120K), 0.0009060 secs] [Times: user=0.01 sys=0.00, real=0.00 secs] 
216.693: Total time for which application threads were stopped: 0.0010660 seconds, Stopping threads took: 0.0000670 seconds
216.740: Application time: 0.0469410 seconds
216.740: [GC [PSYoungGen: 20127K->2480K(21504K)] 45900K->28261K(69120K), 0.0010380 secs] [Times: user=0.00 sys=0.00, real=0.00 secs] 
216.741: Total time for which application threads were stopped: 0.0011960 seconds, Stopping threads took: 0.0000730 seconds
216.791: Application time: 0.0497660 seconds
216.791: [GC [PSYoungGen: 21023K->1392K(21504K)] 46804K->27181K(69120K), 0.0006550 secs] [Times: user=0.00 sys=0.00, real=0.00 secs] 
216.792: Total time for which application threads were stopped: 0.0007930 seconds, Stopping threads took: 0.0000620 seconds
216.837: Application time: 0.0456590 seconds
216.837: [GC [PSYoungGen: 19920K->2480K(21504K)] 45710K->28269K(69120K), 0.0009850 secs] [Times: user=0.00 sys=0.00, real=0.00 secs] 
216.838: Total time for which application threads were stopped: 0.0011300 seconds, Stopping threads took: 0.0000710 seconds
216.888: Application time: 0.0492450 seconds
216.888: [GC [PSYoungGen: 21101K->1408K(21504K)] 46890K->27197K(69120K), 0.0007130 secs] [Times: user=0.00 sys=0.00, real=0.00 secs] 
216.889: Total time for which application threads were stopped: 0.0008460 seconds, Stopping threads took: 0.0000650 seconds
216.935: Application time: 0.0464910 seconds
216.935: [GC [PSYoungGen: 19936K->2480K(21504K)] 45726K->28277K(69120K), 0.0009640 secs] [Times: user=0.01 sys=0.00, real=0.01 secs] 
216.936: Total time for which application threads were stopped: 0.0011150 seconds, Stopping threads took: 0.0000760 seconds
216.984: Application time: 0.0478920 seconds
216.984: [GC [PSYoungGen: 21021K->1952K(21504K)] 46818K->27749K(69120K), 0.0008060 secs] [Times: user=0.01 sys=0.00, real=0.00 secs] 
216.985: Total time for which application threads were stopped: 0.0009440 seconds, Stopping threads took: 0.0000690 seconds
217.034: Application time: 0.0490350 seconds
217.034: [GC [PSYoungGen: 20488K->1968K(21504K)] 46286K->27765K(69120K), 0.0008180 secs] [Times: user=0.00 sys=0.00, real=0.00 secs] 
217.035: Total time for which application threads were stopped: 0.0009450 seconds, Stopping threads took: 0.0000600 seconds
217.082: Application time: 0.0468160 seconds
217.082: [GC [PSYoungGen: 20500K->2480K(21504K)] 46298K->28277K(69120K), 0.0009630 secs] [Times: user=0.00 sys=0.00, real=0.00 secs] 
217.083: Total time for which application threads were stopped: 0.0011320 seconds, Stopping threads took: 0.0000890 seconds
217.131: Application time: 0.0478010 seconds
217.131: [GC [PSYoungGen: 21095K->2480K(21504K)] 46892K->28277K(69120K), 0.0009710 secs] [Times: user=0.01 sys=0.00, real=0.00 secs] 
217.132: Total time for which application threads were stopped: 0.0011130 seconds, Stopping threads took: 0.0000680 seconds
217.181: Application time: 0.0487070 seconds
217.181: [GC [PSYoungGen: 21103K->880K(21504K)] 46900K->26693K(69120K), 0.0005770 secs] [Times: user=0.00 sys=0.00, real=0.00 secs] 
217.181: Total time for which application threads were stopped: 0.0007170 seconds, Stopping threads took: 0.0000690 seconds
217.227: Application time: 0.0455910 seconds
217.227: [GC [PSYoungGen: 19404K->2480K(21504K)] 45217K->28301K(69120K), 0.0009680 secs] [Times: user=0.00 sys=0.00, real=0.00 secs] 
217.228: Total time for which application threads were stopped: 0.0011250 seconds, Stopping threads took: 0.0000810 seconds
217.277: Application time: 0.0488200 seconds
217.277: [GC [PSYoungGen: 21103K->880K(21504K)] 46924K->26701K(69120K), 0.0005390 secs] [Times: user=0.00 sys=0.00, real=0.00 secs] 
217.277: Total time for which application threads were stopped: 0.0006670 seconds, Stopping threads took: 0.0000610 seconds
217.323: Application time: 0.0455590 seconds
217.323: [GC [PSYoungGen: 19400K->2512K(21504K)] 45221K->29365K(69120K), 0.0013180 secs] [Times: user=0.01 sys=0.00, real=0.01 secs] 
217.325: Total time for which application threads were stopped: 0.0014790 seconds, Stopping threads took: 0.0000690 seconds
217.375: Application time: 0.0504390 seconds
217.375: [GC [PSYoungGen: 21213K->1968K(21504K)] 48067K->28821K(69120K), 0.0009180 secs] [Times: user=0.01 sys=0.00, real=0.00 secs] 
217.376: Total time for which application threads were stopped: 0.0010690 seconds, Stopping threads took: 0.0000720 seconds
217.423: Application time: 0.0466220 seconds
217.423: [GC [PSYoungGen: 20500K->2480K(21504K)] 47354K->29341K(69120K), 0.0010250 secs] [Times: user=0.01 sys=0.00, real=0.00 secs] 
217.424: Total time for which application threads were stopped: 0.0011760 seconds, Stopping threads took: 0.0000800 seconds
217.471: Application time: 0.0474670 seconds
217.471: [GC [PSYoungGen: 21173K->2448K(21504K)] 48034K->29317K(69120K), 0.0009820 secs] [Times: user=0.00 sys=0.00, real=0.00 secs] 
217.472: Total time for which application threads were stopped: 0.0011330 seconds, Stopping threads took: 0.0000770 seconds
217.520: Application time: 0.0479040 seconds
217.520: [GC [PSYoungGen: 20985K->2496K(21504K)] 47854K->29365K(69120K), 0.0009700 secs] [Times: user=0.01 sys=0.00, real=0.00 secs] 
217.521: Total time for which application threads were stopped: 0.0011190 seconds, Stopping threads took: 0.0000750 seconds
217.571: Application time: 0.0495000 seconds
217.571: [GC [PSYoungGen: 21033K->2464K(21504K)] 47902K->29333K(69120K), 0.0009500 secs] [Times: user=0.01 sys=0.00, real=0.00 secs] 
217.572: Total time for which application threads were stopped: 0.0011100 seconds, Stopping threads took: 0.0000850 seconds
217.620: Application time: 0.0475140 seconds
217.620: [GC [PSYoungGen: 21081K->1952K(21504K)] 47950K->28829K(69120K), 0.0008050 secs] [Times: user=0.01 sys=0.00, real=0.00 secs] 
217.621: Total time for which application threads were stopped: 0.0009480 seconds, Stopping threads took: 0.0000730 seconds
217.668: Application time: 0.0479220 seconds
217.669: [GC [PSYoungGen: 20488K->1920K(21504K)] 47366K->28797K(69120K), 0.0008430 secs] [Times: user=0.01 sys=0.00, real=0.00 secs] 
217.670: Total time for which application threads were stopped: 0.0010220 seconds, Stopping threads took: 0.0001050 seconds
217.717: Application time: 0.0478480 seconds
217.717: [GC [PSYoungGen: 20444K->2496K(21504K)] 47322K->30397K(69120K), 0.0012760 secs] [Times: user=0.01 sys=0.00, real=0.00 secs] 
217.719: Total time for which application threads were stopped: 0.0014300 seconds, Stopping threads took: 0.0000730 seconds
217.769: Application time: 0.0502070 seconds
217.769: [GC [PSYoungGen: 21043K->1344K(21504K)] 48944K->29245K(69120K), 0.0006890 secs] [Times: user=0.00 sys=0.00, real=0.00 secs] 
217.770: Total time for which application threads were stopped: 0.0008420 seconds, Stopping threads took: 0.0000860 seconds
217.815: Application time: 0.0452870 seconds
217.815: [GC [PSYoungGen: 19948K->2464K(21504K)] 47850K->30877K(69120K), 0.0011780 secs] [Times: user=0.01 sys=0.00, real=0.01 secs] 
217.817: Total time for which application threads were stopped: 0.0014030 seconds, Stopping threads took: 0.0001480 seconds
217.867: Application time: 0.0504680 seconds
217.867: [GC [PSYoungGen: 21087K->1408K(21504K)] 49501K->29829K(69120K), 0.0006660 secs] [Times: user=0.00 sys=0.00, real=0.00 secs] 
217.868: Total time for which application threads were stopped: 0.0008090 seconds, Stopping threads took: 0.0000690 seconds
217.915: Application time: 0.0475360 seconds
217.915: [GC [PSYoungGen: 19940K->1920K(21504K)] 48362K->30349K(69120K), 0.0008260 secs] [Times: user=0.00 sys=0.00, real=0.01 secs] 
217.916: Total time for which application threads were stopped: 0.0009770 seconds, Stopping threads took: 0.0000830 seconds
217.963: Application time: 0.0471570 seconds
217.964: [GC [PSYoungGen: 20531K->2464K(21504K)] 48960K->30893K(69120K), 0.0009880 secs] [Times: user=0.00 sys=0.00, real=0.01 secs] 
217.965: Total time for which application threads were stopped: 0.0011340 seconds, Stopping threads took: 0.0000680 seconds
218.014: Application time: 0.0488890 seconds
218.014: [GC [PSYoungGen: 21003K->1952K(21504K)] 49432K->30389K(69120K), 0.0008260 secs] [Times: user=0.00 sys=0.00, real=0.00 secs] 
218.014: Total time for which application threads were stopped: 0.0009440 seconds, Stopping threads took: 0.0000550 seconds
218.061: Application time: 0.0468740 seconds
218.061: [GC [PSYoungGen: 20641K->2480K(21504K)] 49078K->30917K(69120K), 0.0009590 secs] [Times: user=0.01 sys=0.00, real=0.00 secs] 
218.062: Total time for which application threads were stopped: 0.0011020 seconds, Stopping threads took: 0.0000720 seconds
218.112: Application time: 0.0494320 seconds
218.112: [GC [PSYoungGen: 21019K->1968K(21504K)] 49456K->30413K(69120K), 0.0008680 secs] [Times: user=0.00 sys=0.00, real=0.00 secs] 
218.113: Total time for which application threads were stopped: 0.0010140 seconds, Stopping threads took: 0.0000730 seconds
218.159: Application time: 0.0458080 seconds
218.159: [GC [PSYoungGen: 20655K->2528K(21504K)] 49100K->31485K(69120K), 0.0011210 secs] [Times: user=0.00 sys=0.00, real=0.00 secs] 
218.160: Total time for which application threads were stopped: 0.0012880 seconds, Stopping threads took: 0.0000910 seconds
218.210: Application time: 0.0505040 seconds
218.211: [GC [PSYoungGen: 21071K->1952K(21504K)] 50028K->30917K(69120K), 0.0008420 secs] [Times: user=0.00 sys=0.00, real=0.00 secs] 
218.212: Total time for which application threads were stopped: 0.0010050 seconds, Stopping threads took: 0.0000900 seconds
218.256: Application time: 0.0445000 seconds
218.256: [GC [PSYoungGen: 20480K->2496K(21504K)] 49446K->31973K(69120K), 0.0011440 secs] [Times: user=0.01 sys=0.00, real=0.00 secs] 
218.257: Total time for which application threads were stopped: 0.0013020 seconds, Stopping threads took: 0.0000830 seconds
218.308: Application time: 0.0509370 seconds
218.308: [GC [PSYoungGen: 21041K->1424K(21504K)] 50518K->30901K(69120K), 0.0007070 secs] [Times: user=0.01 sys=0.00, real=0.00 secs] 
218.309: Total time for which application threads were stopped: 0.0008830 seconds, Stopping threads took: 0.0001090 seconds
218.356: Application time: 0.0467480 seconds
218.356: [GC [PSYoungGen: 20032K->2480K(21504K)] 49510K->31965K(69120K), 0.0010380 secs] [Times: user=0.01 sys=0.00, real=0.01 secs] 
218.357: Total time for which application threads were stopped: 0.0011880 seconds, Stopping threads took: 0.0000740 seconds
218.406: Application time: 0.0488440 seconds
218.406: [GC [PSYoungGen: 21018K->1936K(21504K)] 50504K->31421K(69120K), 0.0008090 secs] [Times: user=0.01 sys=0.00, real=0.00 secs] 
218.407: Total time for which application threads were stopped: 0.0009620 seconds, Stopping threads took: 0.0000770 seconds
218.453: Application time: 0.0460480 seconds
218.453: [GC [PSYoungGen: 20464K->2512K(21504K)] 49950K->32509K(69120K), 0.0012080 secs] [Times: user=0.01 sys=0.00, real=0.00 secs] 
218.454: Total time for which application threads were stopped: 0.0013650 seconds, Stopping threads took: 0.0000820 seconds
218.503: Application time: 0.0487530 seconds
218.503: [GC [PSYoungGen: 21133K->1936K(21504K)] 51130K->31933K(69120K), 0.0008100 secs] [Times: user=0.01 sys=0.00, real=0.00 secs] 
218.504: Total time for which application threads were stopped: 0.0009480 seconds, Stopping threads took: 0.0000690 seconds
218.553: Application time: 0.0488120 seconds
218.553: [GC [PSYoungGen: 20551K->1984K(21504K)] 50548K->31989K(69120K), 0.0009150 secs] [Times: user=0.00 sys=0.00, real=0.00 secs] 
218.554: Total time for which application threads were stopped: 0.0010630 seconds, Stopping threads took: 0.0000770 seconds
218.600: Application time: 0.0459010 seconds
218.600: [GC [PSYoungGen: 20516K->2496K(21504K)] 50522K->32509K(69120K), 0.0010270 secs] [Times: user=0.00 sys=0.00, real=0.00 secs] 
218.601: Total time for which application threads were stopped: 0.0011690 seconds, Stopping threads took: 0.0000690 seconds
218.650: Application time: 0.0491550 seconds
218.650: [GC [PSYoungGen: 21113K->1936K(21504K)] 51126K->31949K(69120K), 0.0008310 secs] [Times: user=0.01 sys=0.00, real=0.00 secs] 
218.651: Total time for which application threads were stopped: 0.0009880 seconds, Stopping threads took: 0.0000820 seconds
218.701: Application time: 0.0495990 seconds
218.701: [GC [PSYoungGen: 20472K->1952K(21504K)] 50486K->31973K(69120K), 0.0008170 secs] [Times: user=0.01 sys=0.00, real=0.00 secs] 
218.702: Total time for which application threads were stopped: 0.0009560 seconds, Stopping threads took: 0.0000710 seconds
218.748: Application time: 0.0464400 seconds
218.748: [GC [PSYoungGen: 20562K->2496K(21504K)] 50584K->32517K(69120K), 0.0009680 secs] [Times: user=0.00 sys=0.00, real=0.00 secs] 
218.749: Total time for which application threads were stopped: 0.0011180 seconds, Stopping threads took: 0.0000700 seconds
218.799: Application time: 0.0500450 seconds
218.799: [GC [PSYoungGen: 21115K->1888K(21504K)] 51136K->31917K(69120K), 0.0008280 secs] [Times: user=0.01 sys=0.00, real=0.00 secs] 
218.800: Total time for which application threads were stopped: 0.0009950 seconds, Stopping threads took: 0.0000980 seconds
218.846: Application time: 0.0453100 seconds
218.846: [GC [PSYoungGen: 20499K->2480K(21504K)] 50528K->32509K(69120K), 0.0010090 secs] [Times: user=0.01 sys=0.00, real=0.00 secs] 
218.847: Total time for which application threads were stopped: 0.0011640 seconds, Stopping threads took: 0.0000750 seconds
218.897: Application time: 0.0500970 seconds
218.897: [GC [PSYoungGen: 21099K->1952K(21504K)] 51128K->31997K(69120K), 0.0008150 secs] [Times: user=0.00 sys=0.00, real=0.00 secs] 
218.898: Total time for which application threads were stopped: 0.0009830 seconds, Stopping threads took: 0.0000960 seconds
218.944: Application time: 0.0464680 seconds
218.944: [GC [PSYoungGen: 20484K->2464K(21504K)] 50530K->32509K(69120K), 0.0010120 secs] [Times: user=0.01 sys=0.00, real=0.00 secs] 
218.945: Total time for which application threads were stopped: 0.0011590 seconds, Stopping threads took: 0.0000580 seconds
218.993: Application time: 0.0478780 seconds
218.993: [GC [PSYoungGen: 21000K->2480K(21504K)] 51046K->32525K(69120K), 0.0010150 secs] [Times: user=0.01 sys=0.00, real=0.00 secs] 
218.995: Total time for which application threads were stopped: 0.0011660 seconds, Stopping threads took: 0.0000790 seconds
219.044: Application time: 0.0499930 seconds
219.045: [GC [PSYoungGen: 21099K->1904K(21504K)] 51144K->31949K(69120K), 0.0008330 secs] [Times: user=0.00 sys=0.00, real=0.00 secs] 
219.045: Total time for which application threads were stopped: 0.0009590 seconds, Stopping threads took: 0.0000610 seconds
219.091: Application time: 0.0457760 seconds
219.091: [GC [PSYoungGen: 20436K->2480K(21504K)] 50482K->32541K(69120K), 0.0009870 secs] [Times: user=0.00 sys=0.00, real=0.00 secs] 
219.092: Total time for which application threads were stopped: 0.0011330 seconds, Stopping threads took: 0.0000690 seconds
219.142: Application time: 0.0494570 seconds
219.142: [GC [PSYoungGen: 21019K->1936K(21504K)] 51080K->31997K(69120K), 0.0008490 secs] [Times: user=0.01 sys=0.00, real=0.00 secs] 
219.143: Total time for which application threads were stopped: 0.0010030 seconds, Stopping threads took: 0.0000880 seconds
219.189: Application time: 0.0466290 seconds
219.190: [GC [PSYoungGen: 20551K->1952K(21504K)] 50612K->32013K(69120K), 0.0008120 secs] [Times: user=0.00 sys=0.00, real=0.00 secs] 
219.190: Total time for which application threads were stopped: 0.0009520 seconds, Stopping threads took: 0.0000740 seconds
219.243: Application time: 0.0526950 seconds
219.243: [GC [PSYoungGen: 20569K->880K(21504K)] 50630K->30949K(69120K), 0.0005560 secs] [Times: user=0.00 sys=0.00, real=0.00 secs] 
219.244: Total time for which application threads were stopped: 0.0007010 seconds, Stopping threads took: 0.0000780 seconds
219.288: Application time: 0.0445100 seconds
219.288: [GC [PSYoungGen: 19404K->2464K(21504K)] 49474K->32541K(69120K), 0.0011110 secs] [Times: user=0.00 sys=0.00, real=0.00 secs] 
219.290: Total time for which application threads were stopped: 0.0012640 seconds, Stopping threads took: 0.0000730 seconds
219.341: Application time: 0.0515910 seconds
219.341: [GC [PSYoungGen: 21087K->864K(21504K)] 51164K->30941K(69120K), 0.0005170 secs] [Times: user=0.01 sys=0.00, real=0.00 secs] 
219.342: Total time for which application threads were stopped: 0.0006400 seconds, Stopping threads took: 0.0000590 seconds
219.386: Application time: 0.0442920 seconds
219.386: [GC [PSYoungGen: 19384K->2496K(21504K)] 49461K->32581K(69120K), 0.0009910 secs] [Times: user=0.01 sys=0.00, real=0.00 secs] 
219.387: Total time for which application threads were stopped: 0.0011950 seconds, Stopping threads took: 0.0001330 seconds
219.438: Application time: 0.0506130 seconds
219.440: [GC [PSYoungGen: 21119K->880K(21504K)] 51204K->30965K(69120K), 0.0006010 secs] [Times: user=0.01 sys=0.00, real=0.00 secs] 
219.441: Total time for which application threads were stopped: 0.0027890 seconds, Stopping threads took: 0.0021240 seconds
219.486: Application time: 0.0457500 seconds
219.487: [GC [PSYoungGen: 19484K->2496K(21504K)] 49570K->32597K(69120K), 0.0010000 secs] [Times: user=0.01 sys=0.00, real=0.00 secs] 
219.488: Total time for which application threads were stopped: 0.0011630 seconds, Stopping threads took: 0.0000820 seconds
219.535: Application time: 0.0477800 seconds
219.536: [GC [PSYoungGen: 21113K->1952K(21504K)] 51214K->32061K(69120K), 0.0008440 secs] [Times: user=0.01 sys=0.00, real=0.01 secs] 
219.536: Total time for which application threads were stopped: 0.0010480 seconds, Stopping threads took: 0.0001320 seconds
219.585: Application time: 0.0486630 seconds
219.585: [GC [PSYoungGen: 20571K->1952K(21504K)] 50680K->32069K(69120K), 0.0008460 secs] [Times: user=0.01 sys=0.00, real=0.00 secs] 
219.586: Total time for which application threads were stopped: 0.0009910 seconds, Stopping threads took: 0.0000720 seconds
219.632: Application time: 0.0459950 seconds
219.632: [GC [PSYoungGen: 20480K->2512K(21504K)] 50598K->33149K(69120K), 0.0011490 secs] [Times: user=0.00 sys=0.00, real=0.00 secs] 
219.633: Total time for which application threads were stopped: 0.0012980 seconds, Stopping threads took: 0.0000740 seconds
219.681: Application time: 0.0479270 seconds
219.681: [GC [PSYoungGen: 21051K->2464K(21504K)] 51688K->33101K(69120K), 0.0011560 secs] [Times: user=0.00 sys=0.00, real=0.00 secs] 
219.683: Total time for which application threads were stopped: 0.0013070 seconds, Stopping threads took: 0.0000790 seconds
219.731: Application time: 0.0486860 seconds
219.732: [GC [PSYoungGen: 21000K->1952K(21504K)] 51638K->32589K(69120K), 0.0008560 secs] [Times: user=0.00 sys=0.00, real=0.00 secs] 
219.732: Total time for which application threads were stopped: 0.0010560 seconds, Stopping threads took: 0.0001330 seconds
219.780: Application time: 0.0473820 seconds
219.780: [GC [PSYoungGen: 20569K->2432K(21504K)] 51206K->33077K(69120K), 0.0010900 secs] [Times: user=0.00 sys=0.00, real=0.00 secs] 
219.781: Total time for which application threads were stopped: 0.0012420 seconds, Stopping threads took: 0.0000720 seconds
219.830: Application time: 0.0492630 seconds
219.830: [GC [PSYoungGen: 20977K->912K(21504K)] 51622K->31557K(69120K), 0.0005550 secs] [Times: user=0.00 sys=0.00, real=0.00 secs] 
219.831: Total time for which application threads were stopped: 0.0006910 seconds, Stopping threads took: 0.0000690 seconds
219.878: Application time: 0.0465880 seconds
219.878: [GC [PSYoungGen: 19436K->2432K(21504K)] 50081K->33077K(69120K), 0.0009960 secs] [Times: user=0.00 sys=0.00, real=0.00 secs] 
219.879: Total time for which application threads were stopped: 0.0011490 seconds, Stopping threads took: 0.0000780 seconds
219.928: Application time: 0.0496070 seconds
219.928: [GC [PSYoungGen: 21133K->816K(21504K)] 51779K->31469K(69120K), 0.0005390 secs] [Times: user=0.00 sys=0.00, real=0.00 secs] 
219.929: Total time for which application threads were stopped: 0.0006710 seconds, Stopping threads took: 0.0000690 seconds
219.975: Application time: 0.0458370 seconds
219.975: [GC [PSYoungGen: 19340K->2480K(21504K)] 49994K->33141K(69120K), 0.0009660 secs] [Times: user=0.01 sys=0.00, real=0.00 secs] 
219.976: Total time for which application threads were stopped: 0.0011140 seconds, Stopping threads took: 0.0000750 seconds
220.024: Application time: 0.0483810 seconds
220.024: [GC [PSYoungGen: 21019K->1920K(21504K)] 51680K->32581K(69120K), 0.0008380 secs] [Times: user=0.01 sys=0.00, real=0.00 secs] 
220.025: Total time for which application threads were stopped: 0.0009880 seconds, Stopping threads took: 0.0000720 seconds
220.072: Application time: 0.0468420 seconds
220.072: [GC [PSYoungGen: 20531K->2400K(21504K)] 51192K->33069K(69120K), 0.0010630 secs] [Times: user=0.01 sys=0.00, real=0.00 secs] 
220.073: Total time for which application threads were stopped: 0.0012080 seconds, Stopping threads took: 0.0000690 seconds
220.123: Application time: 0.0498450 seconds
220.123: [GC [PSYoungGen: 21019K->1936K(21504K)] 51688K->32605K(69120K), 0.0008320 secs] [Times: user=0.01 sys=0.00, real=0.01 secs] 
220.124: Total time for which application threads were stopped: 0.0009790 seconds, Stopping threads took: 0.0000790 seconds
220.170: Application time: 0.0454800 seconds
220.170: [GC [PSYoungGen: 20540K->2496K(21504K)] 51210K->34197K(69120K), 0.0013130 secs] [Times: user=0.01 sys=0.00, real=0.00 secs] 
220.171: Total time for which application threads were stopped: 0.0014600 seconds, Stopping threads took: 0.0000670 seconds
220.222: Application time: 0.0505160 seconds
220.222: [GC [PSYoungGen: 21121K->1408K(21504K)] 52823K->33117K(69120K), 0.0006600 secs] [Times: user=0.00 sys=0.00, real=0.00 secs] 
220.222: Total time for which application threads were stopped: 0.0008010 seconds, Stopping threads took: 0.0000730 seconds
220.267: Application time: 0.0443800 seconds
220.267: [GC [PSYoungGen: 20010K->2512K(21504K)] 51720K->34741K(69120K), 0.0011190 secs] [Times: user=0.00 sys=0.00, real=0.00 secs] 
220.268: Total time for which application threads were stopped: 0.0012710 seconds, Stopping threads took: 0.0000760 seconds
220.315: Application time: 0.0469840 seconds
220.315: [GC [PSYoungGen: 21057K->1440K(21504K)] 53286K->33677K(69120K), 0.0006610 secs] [Times: user=0.00 sys=0.00, real=0.00 secs] 
220.316: Total time for which application threads were stopped: 0.0007890 seconds, Stopping threads took: 0.0000650 seconds
220.359: Application time: 0.0425850 seconds
220.359: [GC [PSYoungGen: 19964K->2496K(21504K)] 52202K->35245K(69120K), 0.0011110 secs] [Times: user=0.01 sys=0.00, real=0.00 secs] 
220.360: Total time for which application threads were stopped: 0.0012620 seconds, Stopping threads took: 0.0000750 seconds
220.405: Application time: 0.0455830 seconds
220.405: [GC [PSYoungGen: 21041K->1376K(21504K)] 53790K->34125K(69120K), 0.0006580 secs] [Times: user=0.01 sys=0.00, real=0.00 secs] 
220.406: Total time for which application threads were stopped: 0.0007870 seconds, Stopping threads took: 0.0000680 seconds
220.450: Application time: 0.0440330 seconds
220.450: [GC [PSYoungGen: 19983K->1936K(21504K)] 52732K->34685K(69120K), 0.0008220 secs] [Times: user=0.01 sys=0.00, real=0.00 secs] 
220.451: Total time for which application threads were stopped: 0.0009790 seconds, Stopping threads took: 0.0000920 seconds
220.496: Application time: 0.0444050 seconds
220.496: [GC [PSYoungGen: 20479K->1440K(21504K)] 53228K->34197K(69120K), 0.0006880 secs] [Times: user=0.00 sys=0.00, real=0.01 secs] 
220.496: Total time for which application threads were stopped: 0.0009160 seconds, Stopping threads took: 0.0001640 seconds
220.541: Application time: 0.0441020 seconds
220.541: [GC [PSYoungGen: 19972K->1936K(21504K)] 52730K->34693K(69120K), 0.0008200 secs] [Times: user=0.00 sys=0.00, real=0.00 secs] 
220.542: Total time for which application threads were stopped: 0.0010650 seconds, Stopping threads took: 0.0001700 seconds
220.586: Application time: 0.0444030 seconds
220.586: [GC [PSYoungGen: 20542K->1920K(21504K)] 53300K->34677K(69120K), 0.0008020 secs] [Times: user=0.00 sys=0.00, real=0.00 secs] 
220.587: Total time for which application threads were stopped: 0.0009870 seconds, Stopping threads took: 0.0001190 seconds
220.631: Application time: 0.0443580 seconds
220.632: [GC [PSYoungGen: 20537K->1888K(21504K)] 53294K->34653K(69120K), 0.0008130 secs] [Times: user=0.00 sys=0.00, real=0.00 secs] 
220.632: Total time for which application threads were stopped: 0.0009900 seconds, Stopping threads took: 0.0001090 seconds
220.676: Application time: 0.0440210 seconds
220.677: [GC [PSYoungGen: 20429K->1920K(21504K)] 53194K->34685K(69120K), 0.0008440 secs] [Times: user=0.00 sys=0.00, real=0.00 secs] 
220.677: Total time for which application threads were stopped: 0.0009860 seconds, Stopping threads took: 0.0000740 seconds
220.721: Application time: 0.0440780 seconds
220.722: [GC [PSYoungGen: 20535K->1904K(21504K)] 53300K->34669K(69120K), 0.0008300 secs] [Times: user=0.01 sys=0.00, real=0.00 secs] 
220.723: Total time for which application threads were stopped: 0.0010340 seconds, Stopping threads took: 0.0001340 seconds
220.767: Application time: 0.0447870 seconds
220.767: [GC [PSYoungGen: 20440K->1952K(21504K)] 53206K->34725K(69120K), 0.0008150 secs] [Times: user=0.00 sys=0.00, real=0.00 secs] 
220.768: Total time for which application threads were stopped: 0.0009520 seconds, Stopping threads took: 0.0000650 seconds
220.813: Application time: 0.0446040 seconds
220.813: [GC [PSYoungGen: 20647K->1936K(21504K)] 53421K->34717K(69120K), 0.0008190 secs] [Times: user=0.00 sys=0.00, real=0.00 secs] 
220.814: Total time for which application threads were stopped: 0.0009520 seconds, Stopping threads took: 0.0000670 seconds
220.857: Application time: 0.0435470 seconds
220.858: [GC [PSYoungGen: 20468K->1936K(21504K)] 53250K->34725K(69120K), 0.0007770 secs] [Times: user=0.00 sys=0.00, real=0.00 secs] 
220.858: Total time for which application threads were stopped: 0.0009220 seconds, Stopping threads took: 0.0000770 seconds
220.902: Application time: 0.0441560 seconds
220.903: [GC [PSYoungGen: 20623K->2448K(21504K)] 53413K->36269K(69120K), 0.0013570 secs] [Times: user=0.01 sys=0.00, real=0.00 secs] 
220.904: Total time for which application threads were stopped: 0.0015130 seconds, Stopping threads took: 0.0000790 seconds
220.950: Application time: 0.0459920 seconds
220.950: [GC [PSYoungGen: 20993K->1920K(21504K)] 54814K->35749K(69120K), 0.0008150 secs] [Times: user=0.01 sys=0.00, real=0.00 secs] 
220.951: Total time for which application threads were stopped: 0.0009560 seconds, Stopping threads took: 0.0000700 seconds
220.994: Application time: 0.0427280 seconds
220.994: [GC [PSYoungGen: 20444K->2496K(21504K)] 54274K->37349K(69120K), 0.0013040 secs] [Times: user=0.00 sys=0.00, real=0.00 secs] 
220.995: Total time for which application threads were stopped: 0.0014450 seconds, Stopping threads took: 0.0000650 seconds
221.040: Application time: 0.0451040 seconds
221.040: [GC [PSYoungGen: 21041K->1968K(21504K)] 55894K->36821K(69120K), 0.0009120 secs] [Times: user=0.00 sys=0.00, real=0.00 secs] 
221.041: Total time for which application threads were stopped: 0.0010320 seconds, Stopping threads took: 0.0000540 seconds
221.085: Application time: 0.0437540 seconds
221.085: [GC [PSYoungGen: 20496K->2496K(21504K)] 55350K->37861K(69120K), 0.0011640 secs] [Times: user=0.01 sys=0.00, real=0.00 secs] 
221.086: Total time for which application threads were stopped: 0.0013130 seconds, Stopping threads took: 0.0000650 seconds
221.131: Application time: 0.0446460 seconds
221.131: [GC [PSYoungGen: 21117K->1936K(21504K)] 56483K->37309K(69120K), 0.0008020 secs] [Times: user=0.01 sys=0.00, real=0.00 secs] 
221.132: Total time for which application threads were stopped: 0.0009320 seconds, Stopping threads took: 0.0000650 seconds
221.176: Application time: 0.0445640 seconds
221.177: [GC [PSYoungGen: 20472K->1936K(21504K)] 55846K->37309K(69120K), 0.0008390 secs] [Times: user=0.00 sys=0.00, real=0.00 secs] 
221.177: Total time for which application threads were stopped: 0.0009630 seconds, Stopping threads took: 0.0000570 seconds
221.221: Application time: 0.0440140 seconds
221.222: [GC [PSYoungGen: 20547K->2464K(21504K)] 55920K->37837K(69120K), 0.0009940 secs] [Times: user=0.01 sys=0.00, real=0.00 secs] 
221.223: Total time for which application threads were stopped: 0.0011350 seconds, Stopping threads took: 0.0000700 seconds
221.267: Application time: 0.0439830 seconds
221.267: [GC [PSYoungGen: 21079K->2496K(21504K)] 56452K->37877K(69120K), 0.0009650 secs] [Times: user=0.01 sys=0.00, real=0.00 secs] 
221.268: Total time for which application threads were stopped: 0.0011720 seconds, Stopping threads took: 0.0001340 seconds
221.314: Application time: 0.0458180 seconds
221.314: [GC [PSYoungGen: 21037K->1904K(21504K)] 56418K->37293K(69120K), 0.0008990 secs] [Times: user=0.00 sys=0.00, real=0.00 secs] 
221.315: Total time for which application threads were stopped: 0.0010420 seconds, Stopping threads took: 0.0000670 seconds
221.360: Application time: 0.0457340 seconds
221.360: [GC [PSYoungGen: 20523K->928K(21504K)] 55912K->36317K(69120K), 0.0005840 secs] [Times: user=0.00 sys=0.00, real=0.00 secs] 
221.361: Total time for which application threads were stopped: 0.0007190 seconds, Stopping threads took: 0.0000690 seconds
221.403: Application time: 0.0423010 seconds
221.403: [GC [PSYoungGen: 19452K->2464K(21504K)] 54842K->37861K(69120K), 0.0009750 secs] [Times: user=0.00 sys=0.00, real=0.01 secs] 
221.404: Total time for which application threads were stopped: 0.0011260 seconds, Stopping threads took: 0.0000780 seconds
221.451: Application time: 0.0468200 seconds
221.451: [GC [PSYoungGen: 21085K->832K(21504K)] 56483K->36229K(69120K), 0.0005440 secs] [Times: user=0.00 sys=0.00, real=0.00 secs] 
221.452: Total time for which application threads were stopped: 0.0006710 seconds, Stopping threads took: 0.0000660 seconds
221.492: Application time: 0.0403170 seconds
221.492: [GC [PSYoungGen: 19434K->2432K(21504K)] 54832K->37845K(69120K), 0.0009720 secs] [Times: user=0.00 sys=0.00, real=0.00 secs] 
221.493: Total time for which application threads were stopped: 0.0011210 seconds, Stopping threads took: 0.0000780 seconds
221.540: Application time: 0.0465200 seconds
221.540: [GC [PSYoungGen: 21131K->1424K(21504K)] 56545K->36837K(69120K), 0.0006800 secs] [Times: user=0.00 sys=0.00, real=0.00 secs] 
221.541: Total time for which application threads were stopped: 0.0008080 seconds, Stopping threads took: 0.0000620 seconds
221.582: Application time: 0.0415060 seconds
221.582: [GC [PSYoungGen: 19952K->2480K(21504K)] 55366K->37901K(69120K), 0.0009430 secs] [Times: user=0.01 sys=0.00, real=0.00 secs] 
221.583: Total time for which application threads were stopped: 0.0011090 seconds, Stopping threads took: 0.0000970 seconds
221.629: Application time: 0.0460170 seconds
221.630: [GC [PSYoungGen: 21019K->1920K(21504K)] 56440K->37341K(69120K), 0.0008060 secs] [Times: user=0.00 sys=0.00, real=0.00 secs] 
221.630: Total time for which application threads were stopped: 0.0009630 seconds, Stopping threads took: 0.0000750 seconds
221.675: Application time: 0.0445780 seconds
221.675: [GC [PSYoungGen: 20454K->1424K(21504K)] 55876K->36845K(69120K), 0.0006460 secs] [Times: user=0.00 sys=0.00, real=0.00 secs] 
221.676: Total time for which application threads were stopped: 0.0007790 seconds, Stopping threads took: 0.0000710 seconds
221.721: Application time: 0.0455250 seconds
221.721: [GC [PSYoungGen: 19960K->1920K(21504K)] 55382K->37341K(69120K), 0.0007800 secs] [Times: user=0.01 sys=0.00, real=0.00 secs] 
221.722: Total time for which application threads were stopped: 0.0009110 seconds, Stopping threads took: 0.0000640 seconds
221.764: Application time: 0.0421050 seconds
221.764: [GC [PSYoungGen: 20531K->2464K(21504K)] 55952K->37885K(69120K), 0.0010070 secs] [Times: user=0.01 sys=0.00, real=0.00 secs] 
221.765: Total time for which application threads were stopped: 0.0011390 seconds, Stopping threads took: 0.0000570 seconds
221.811: Application time: 0.0460500 seconds
221.812: [GC [PSYoungGen: 21005K->1920K(21504K)] 56426K->37349K(69120K), 0.0008210 secs] [Times: user=0.00 sys=0.00, real=0.00 secs] 
221.812: Total time for which application threads were stopped: 0.0009590 seconds, Stopping threads took: 0.0000680 seconds
221.857: Application time: 0.0446350 seconds
221.857: [GC [PSYoungGen: 20533K->1904K(21504K)] 55962K->37333K(69120K), 0.0008120 secs] [Times: user=0.00 sys=0.00, real=0.00 secs] 
221.858: Total time for which application threads were stopped: 0.0009960 seconds, Stopping threads took: 0.0001160 seconds
221.903: Application time: 0.0450860 seconds
221.903: [GC [PSYoungGen: 20517K->1920K(21504K)] 55946K->37357K(69120K), 0.0008140 secs] [Times: user=0.01 sys=0.00, real=0.01 secs] 
221.904: Total time for which application threads were stopped: 0.0009620 seconds, Stopping threads took: 0.0000730 seconds
221.947: Application time: 0.0429590 seconds
221.947: [GC [PSYoungGen: 20452K->2496K(21504K)] 55890K->37949K(69120K), 0.0010100 secs] [Times: user=0.00 sys=0.00, real=0.00 secs] 
221.948: Total time for which application threads were stopped: 0.0011620 seconds, Stopping threads took: 0.0000810 seconds
221.994: Application time: 0.0456880 seconds
221.994: [GC [PSYoungGen: 21117K->1376K(21504K)] 56571K->36829K(69120K), 0.0006740 secs] [Times: user=0.00 sys=0.00, real=0.00 secs] 
221.995: Total time for which application threads were stopped: 0.0008040 seconds, Stopping threads took: 0.0000600 seconds
222.036: Application time: 0.0409570 seconds
222.036: [GC [PSYoungGen: 19896K->2512K(21504K)] 55350K->38997K(69120K), 0.0013040 secs] [Times: user=0.01 sys=0.00, real=0.01 secs] 
222.037: Total time for which application threads were stopped: 0.0014490 seconds, Stopping threads took: 0.0000700 seconds
222.084: Application time: 0.0465620 seconds
222.084: [GC [PSYoungGen: 21133K->1952K(21504K)] 57619K->38437K(69120K), 0.0008460 secs] [Times: user=0.00 sys=0.00, real=0.01 secs] 
222.085: Total time for which application threads were stopped: 0.0009920 seconds, Stopping threads took: 0.0000750 seconds
222.127: Application time: 0.0426820 seconds
222.128: [GC [PSYoungGen: 20555K->2480K(21504K)] 57040K->38973K(69120K), 0.0009830 secs] [Times: user=0.00 sys=0.00, real=0.00 secs] 
222.129: Total time for which application threads were stopped: 0.0012170 seconds, Stopping threads took: 0.0001640 seconds
222.174: Application time: 0.0453780 seconds
222.174: [GC [PSYoungGen: 21099K->2464K(21504K)] 57593K->38965K(69120K), 0.0009750 secs] [Times: user=0.00 sys=0.00, real=0.00 secs] 
222.175: Total time for which application threads were stopped: 0.0011280 seconds, Stopping threads took: 0.0000740 seconds
222.221: Application time: 0.0458770 seconds
222.221: [GC [PSYoungGen: 21085K->1376K(21504K)] 57587K->37885K(69120K), 0.0006740 secs] [Times: user=0.00 sys=0.00, real=0.00 secs] 
222.222: Total time for which application threads were stopped: 0.0008030 seconds, Stopping threads took: 0.0000650 seconds
222.264: Application time: 0.0423700 seconds
222.264: [GC [PSYoungGen: 19904K->2496K(21504K)] 56414K->39005K(69120K), 0.0010380 secs] [Times: user=0.00 sys=0.00, real=0.00 secs] 
222.265: Total time for which application threads were stopped: 0.0012150 seconds, Stopping threads took: 0.0001080 seconds
222.311: Application time: 0.0459220 seconds
222.311: [GC [PSYoungGen: 21039K->1440K(21504K)] 57548K->37949K(69120K), 0.0006850 secs] [Times: user=0.01 sys=0.00, real=0.00 secs] 
222.312: Total time for which application threads were stopped: 0.0008260 seconds, Stopping threads took: 0.0000750 seconds
222.354: Application time: 0.0421760 seconds
222.354: [GC [PSYoungGen: 19964K->2416K(21504K)] 56474K->39437K(69120K), 0.0011850 secs] [Times: user=0.01 sys=0.00, real=0.00 secs] 
222.356: Total time for which application threads were stopped: 0.0013360 seconds, Stopping threads took: 0.0000790 seconds
222.402: Application time: 0.0465970 seconds
222.402: [GC [PSYoungGen: 20959K->1392K(21504K)] 57980K->38413K(69120K), 0.0007020 secs] [Times: user=0.00 sys=0.00, real=0.00 secs] 
222.403: Total time for which application threads were stopped: 0.0009100 seconds, Stopping threads took: 0.0001410 seconds
222.445: Application time: 0.0417260 seconds
222.445: [GC [PSYoungGen: 20002K->2480K(21504K)] 57024K->39509K(69120K), 0.0009640 secs] [Times: user=0.00 sys=0.00, real=0.00 secs] 
222.446: Total time for which application threads were stopped: 0.0011520 seconds, Stopping threads took: 0.0001150 seconds
222.492: Application time: 0.0455900 seconds
222.492: [GC [PSYoungGen: 21099K->1936K(21504K)] 58129K->38965K(69120K), 0.0008510 secs] [Times: user=0.00 sys=0.00, real=0.00 secs] 
222.493: Total time for which application threads were stopped: 0.0010660 seconds, Stopping threads took: 0.0001450 seconds
222.538: Application time: 0.0451260 seconds
222.538: [GC [PSYoungGen: 20547K->2480K(21504K)] 57576K->39517K(69120K), 0.0009910 secs] [Times: user=0.00 sys=0.00, real=0.00 secs] 
222.539: Total time for which application threads were stopped: 0.0011330 seconds, Stopping threads took: 0.0000560 seconds
222.584: Application time: 0.0450340 seconds
222.584: [GC [PSYoungGen: 21023K->1408K(21504K)] 58060K->38453K(69120K), 0.0006520 secs] [Times: user=0.01 sys=0.00, real=0.00 secs] 
222.585: Total time for which application threads were stopped: 0.0007840 seconds, Stopping threads took: 0.0000700 seconds
222.628: Application time: 0.0430630 seconds
222.628: [GC [PSYoungGen: 20015K->2496K(21504K)] 57060K->39541K(69120K), 0.0009860 secs] [Times: user=0.01 sys=0.00, real=0.00 secs] 
222.629: Total time for which application threads were stopped: 0.0011330 seconds, Stopping threads took: 0.0000720 seconds
222.673: Application time: 0.0441700 seconds
222.673: [GC [PSYoungGen: 21039K->1376K(21504K)] 58084K->38429K(69120K), 0.0006740 secs] [Times: user=0.00 sys=0.00, real=0.00 secs] 
222.674: Total time for which application threads were stopped: 0.0008430 seconds, Stopping threads took: 0.0001060 seconds
222.718: Application time: 0.0437780 seconds
222.718: [GC [PSYoungGen: 19986K->1920K(21504K)] 57040K->38973K(69120K), 0.0008080 secs] [Times: user=0.01 sys=0.00, real=0.00 secs] 
222.719: Total time for which application threads were stopped: 0.0010130 seconds, Stopping threads took: 0.0001290 seconds
222.763: Application time: 0.0439110 seconds
222.763: [GC [PSYoungGen: 20533K->2480K(21504K)] 57586K->39541K(69120K), 0.0009580 secs] [Times: user=0.00 sys=0.00, real=0.00 secs] 
222.764: Total time for which application threads were stopped: 0.0010900 seconds, Stopping threads took: 0.0000620 seconds
222.808: Application time: 0.0444250 seconds
222.808: [GC [PSYoungGen: 21095K->2480K(21504K)] 58157K->39549K(69120K), 0.0009480 secs] [Times: user=0.00 sys=0.00, real=0.00 secs] 
222.809: Total time for which application threads were stopped: 0.0011120 seconds, Stopping threads took: 0.0000920 seconds
222.855: Application time: 0.0457940 seconds
222.855: [GC [PSYoungGen: 21103K->864K(21504K)] 58173K->37941K(69120K), 0.0005250 secs] [Times: user=0.00 sys=0.00, real=0.00 secs] 
222.856: Total time for which application threads were stopped: 0.0006510 seconds, Stopping threads took: 0.0000660 seconds
222.897: Application time: 0.0411690 seconds
222.897: [GC [PSYoungGen: 19388K->2480K(21504K)] 56466K->39565K(69120K), 0.0009990 secs] [Times: user=0.01 sys=0.00, real=0.00 secs] 
222.898: Total time for which application threads were stopped: 0.0011440 seconds, Stopping threads took: 0.0000710 seconds
222.945: Application time: 0.0465970 seconds
222.948: [GC [PSYoungGen: 21023K->1440K(21504K)] 58108K->38525K(69120K), 0.0006990 secs] [Times: user=0.01 sys=0.00, real=0.00 secs] 
222.949: Total time for which application threads were stopped: 0.0041700 seconds, Stopping threads took: 0.0034060 seconds
222.993: Application time: 0.0437880 seconds
222.993: [GC [PSYoungGen: 19966K->2480K(21504K)] 57052K->40077K(69120K), 0.0011890 secs] [Times: user=0.01 sys=0.00, real=0.00 secs] 
222.994: Total time for which application threads were stopped: 0.0013360 seconds, Stopping threads took: 0.0000750 seconds
223.039: Application time: 0.0446910 seconds
223.039: [GC [PSYoungGen: 21023K->1952K(21504K)] 58620K->39549K(69120K), 0.0008120 secs] [Times: user=0.00 sys=0.00, real=0.00 secs] 
223.040: Total time for which application threads were stopped: 0.0009500 seconds, Stopping threads took: 0.0000670 seconds
223.083: Application time: 0.0431910 seconds
223.083: [GC [PSYoungGen: 20556K->2528K(21504K)] 58154K->40637K(69120K), 0.0011380 secs] [Times: user=0.00 sys=0.00, real=0.01 secs] 
223.084: Total time for which application threads were stopped: 0.0012890 seconds, Stopping threads took: 0.0000790 seconds
223.130: Application time: 0.0454470 seconds
223.130: [GC [PSYoungGen: 21149K->1904K(21504K)] 59259K->40021K(69120K), 0.0008780 secs] [Times: user=0.00 sys=0.00, real=0.00 secs] 
223.131: Total time for which application threads were stopped: 0.0010120 seconds, Stopping threads took: 0.0000700 seconds
223.173: Application time: 0.0427260 seconds
223.173: [GC [PSYoungGen: 20511K->2512K(21504K)] 58628K->41149K(69120K), 0.0011490 secs] [Times: user=0.01 sys=0.00, real=0.00 secs] 
223.175: Total time for which application threads were stopped: 0.0013030 seconds, Stopping threads took: 0.0000750 seconds
223.221: Application time: 0.0465160 seconds
223.221: [GC [PSYoungGen: 21057K->1408K(21504K)] 59695K->40053K(69120K), 0.0006880 secs] [Times: user=0.01 sys=0.00, real=0.00 secs] 
223.222: Total time for which application threads were stopped: 0.0008260 seconds, Stopping threads took: 0.0000690 seconds
223.264: Application time: 0.0416400 seconds
223.264: [GC [PSYoungGen: 20006K->2528K(21504K)] 58652K->42197K(69120K), 0.0012860 secs] [Times: user=0.01 sys=0.00, real=0.01 secs] 
223.265: Total time for which application threads were stopped: 0.0014330 seconds, Stopping threads took: 0.0000710 seconds
223.312: Application time: 0.0468170 seconds
223.312: [GC [PSYoungGen: 21075K->1392K(21504K)] 60745K->41069K(69120K), 0.0006860 secs] [Times: user=0.00 sys=0.00, real=0.00 secs] 
223.313: Total time for which application threads were stopped: 0.0008460 seconds, Stopping threads took: 0.0000920 seconds
223.354: Application time: 0.0411490 seconds
223.354: [GC [PSYoungGen: 19992K->2496K(21504K)] 59670K->43197K(69120K), 0.0012660 secs] [Times: user=0.01 sys=0.00, real=0.00 secs] 
223.355: Total time for which application threads were stopped: 0.0014150 seconds, Stopping threads took: 0.0000740 seconds
223.402: Application time: 0.0471750 seconds
223.403: [GC [PSYoungGen: 21043K->1424K(21504K)] 61745K->42133K(69120K), 0.0006690 secs] [Times: user=0.00 sys=0.00, real=0.00 secs] 
223.403: Total time for which application threads were stopped: 0.0008080 seconds, Stopping threads took: 0.0000740 seconds
223.444: Application time: 0.0406700 seconds
223.444: [GC [PSYoungGen: 20102K->2496K(21504K)] 60812K->44237K(69120K), 0.0012590 secs] [Times: user=0.01 sys=0.00, real=0.00 secs] 
223.445: Total time for which application threads were stopped: 0.0014190 seconds, Stopping threads took: 0.0000790 seconds
223.492: Application time: 0.0464130 seconds
223.492: [GC [PSYoungGen: 21121K->1424K(21504K)] 62863K->43173K(69120K), 0.0006630 secs] [Times: user=0.00 sys=0.00, real=0.00 secs] 
223.493: Total time for which application threads were stopped: 0.0008030 seconds, Stopping threads took: 0.0000750 seconds
223.536: Application time: 0.0430540 seconds
223.536: [GC [PSYoungGen: 19950K->2512K(21504K)] 61700K->44781K(69120K), 0.0011310 secs] [Times: user=0.01 sys=0.00, real=0.01 secs] 
223.537: Total time for which application threads were stopped: 0.0012970 seconds, Stopping threads took: 0.0000920 seconds
223.582: Application time: 0.0453960 seconds
223.582: [GC [PSYoungGen: 21057K->1408K(21504K)] 63327K->43677K(69120K), 0.0007110 secs] [Times: user=0.01 sys=0.00, real=0.00 secs] 
223.583: Total time for which application threads were stopped: 0.0008480 seconds, Stopping threads took: 0.0000740 seconds
223.626: Application time: 0.0432120 seconds
223.627: [GC [PSYoungGen: 19932K->2496K(21504K)] 62202K->44766K(69120K), 0.0009590 secs] [Times: user=0.01 sys=0.00, real=0.00 secs] 
223.628: Total time for which application threads were stopped: 0.0011480 seconds, Stopping threads took: 0.0001180 seconds
223.672: Application time: 0.0447820 seconds
223.672: [GC [PSYoungGen: 21035K->1936K(21504K)] 63304K->44205K(69120K), 0.0008220 secs] [Times: user=0.00 sys=0.00, real=0.00 secs] 
223.673: Total time for which application threads were stopped: 0.0009690 seconds, Stopping threads took: 0.0000800 seconds
223.718: Application time: 0.0446660 seconds
223.718: [GC [PSYoungGen: 20475K->1888K(21504K)] 62744K->44157K(69120K), 0.0008200 secs] [Times: user=0.00 sys=0.00, real=0.00 secs] 
223.719: Total time for which application threads were stopped: 0.0009610 seconds, Stopping threads took: 0.0000700 seconds
223.763: Application time: 0.0444770 seconds
223.764: [GC [PSYoungGen: 20583K->1920K(21504K)] 62853K->44197K(69120K), 0.0008910 secs] [Times: user=0.00 sys=0.00, real=0.01 secs] 
223.764: Total time for which application threads were stopped: 0.0010420 seconds, Stopping threads took: 0.0000650 seconds
223.812: Application time: 0.0473080 seconds
223.812: [GC [PSYoungGen: 20537K->368K(21504K)] 62815K->42653K(69120K), 0.0004440 secs] [Times: user=0.01 sys=0.00, real=0.00 secs] 
223.812: Total time for which application threads were stopped: 0.0006490 seconds, Stopping threads took: 0.0001420 seconds
223.854: Application time: 0.0420870 seconds
223.855: [GC [PSYoungGen: 18892K->2448K(21504K)] 61178K->44742K(69120K), 0.0009620 secs] [Times: user=0.01 sys=0.00, real=0.00 secs] 
223.856: Total time for which application threads were stopped: 0.0011190 seconds, Stopping threads took: 0.0000840 seconds
223.902: Application time: 0.0466030 seconds
223.902: [GC [PSYoungGen: 21071K->896K(21504K)] 63365K->43189K(69120K), 0.0005190 secs] [Times: user=0.00 sys=0.00, real=0.00 secs] 
223.903: Total time for which application threads were stopped: 0.0006400 seconds, Stopping threads took: 0.0000610 seconds
223.945: Application time: 0.0416770 seconds
223.945: [GC [PSYoungGen: 19414K->2496K(21504K)] 61708K->45310K(69120K), 0.0011240 secs] [Times: user=0.00 sys=0.00, real=0.00 secs] 
223.946: Total time for which application threads were stopped: 0.0012850 seconds, Stopping threads took: 0.0000840 seconds
223.992: Application time: 0.0465120 seconds
223.992: [GC [PSYoungGen: 21039K->1952K(21504K)] 63853K->44765K(69120K), 0.0008110 secs] [Times: user=0.01 sys=0.00, real=0.00 secs] 
223.993: Total time for which application threads were stopped: 0.0009430 seconds, Stopping threads took: 0.0000670 seconds
224.035: Application time: 0.0419940 seconds
224.035: [GC [PSYoungGen: 20565K->2464K(21504K)] 63379K->45285K(69120K), 0.0009660 secs] [Times: user=0.01 sys=0.00, real=0.01 secs] 
224.036: Total time for which application threads were stopped: 0.0012000 seconds, Stopping threads took: 0.0001590 seconds
224.082: Application time: 0.0459380 seconds
224.083: [GC [PSYoungGen: 21083K->1392K(21504K)] 63905K->44214K(69120K), 0.0007080 secs] [Times: user=0.00 sys=0.00, real=0.01 secs] 
224.084: Total time for which application threads were stopped: 0.0017090 seconds, Stopping threads took: 0.0000770 seconds
224.127: Application time: 0.0426630 seconds
224.127: [GC [PSYoungGen: 19996K->2480K(21504K)] 62818K->45822K(69120K), 0.0011630 secs] [Times: user=0.01 sys=0.00, real=0.00 secs] 
224.128: Total time for which application threads were stopped: 0.0013150 seconds, Stopping threads took: 0.0000770 seconds
224.174: Application time: 0.0463270 seconds
224.175: [GC [PSYoungGen: 21101K->1904K(21504K)] 64443K->45254K(69120K), 0.0008170 secs] [Times: user=0.00 sys=0.00, real=0.00 secs] 
224.175: Total time for which application threads were stopped: 0.0010000 seconds, Stopping threads took: 0.0001130 seconds
224.219: Application time: 0.0430720 seconds
224.219: [GC [PSYoungGen: 20432K->2464K(21504K)] 63782K->46326K(69120K), 0.0011260 secs] [Times: user=0.00 sys=0.00, real=0.00 secs] 
224.220: Total time for which application threads were stopped: 0.0012680 seconds, Stopping threads took: 0.0000660 seconds
224.265: Application time: 0.0448310 seconds
224.265: [GC [PSYoungGen: 21001K->2496K(21504K)] 64863K->46358K(69120K), 0.0009780 secs] [Times: user=0.01 sys=0.00, real=0.00 secs] 
224.266: Total time for which application threads were stopped: 0.0011250 seconds, Stopping threads took: 0.0000690 seconds
224.312: Application time: 0.0458100 seconds
224.312: [GC [PSYoungGen: 21039K->1392K(21504K)] 64901K->45254K(69120K), 0.0007360 secs] [Times: user=0.01 sys=0.00, real=0.00 secs] 
224.312: Total time for which application threads were stopped: 0.0008600 seconds, Stopping threads took: 0.0000580 seconds
224.355: Application time: 0.0421140 seconds
224.355: [GC [PSYoungGen: 19920K->2496K(21504K)] 63782K->46358K(69120K), 0.0010190 secs] [Times: user=0.01 sys=0.00, real=0.00 secs] 
224.356: Total time for which application threads were stopped: 0.0011650 seconds, Stopping threads took: 0.0000750 seconds
224.400: Application time: 0.0443610 seconds
224.400: [GC [PSYoungGen: 21109K->2448K(21504K)] 64971K->46310K(69120K), 0.0009670 secs] [Times: user=0.01 sys=0.00, real=0.00 secs] 
224.401: Total time for which application threads were stopped: 0.0011240 seconds, Stopping threads took: 0.0000860 seconds
224.446: Application time: 0.0446740 seconds
224.446: [GC [PSYoungGen: 21143K->1952K(21504K)] 65005K->45822K(69120K), 0.0008820 secs] [Times: user=0.00 sys=0.00, real=0.00 secs] 
224.447: Total time for which application threads were stopped: 0.0010290 seconds, Stopping threads took: 0.0000820 seconds
224.492: Application time: 0.0447440 seconds
224.492: [GC [PSYoungGen: 20488K->1952K(21504K)] 64358K->45830K(69120K), 0.0008720 secs] [Times: user=0.00 sys=0.00, real=0.00 secs] 
224.493: Total time for which application threads were stopped: 0.0010150 seconds, Stopping threads took: 0.0000690 seconds
224.536: Application time: 0.0435220 seconds
224.536: [GC [PSYoungGen: 20558K->2512K(21504K)] 64436K->46902K(69120K), 0.0011680 secs] [Times: user=0.01 sys=0.00, real=0.00 secs] 
224.537: Total time for which application threads were stopped: 0.0013090 seconds, Stopping threads took: 0.0000660 seconds
224.584: Application time: 0.0460380 seconds
224.584: [GC [PSYoungGen: 21055K->1936K(21504K)] 65445K->46334K(69120K), 0.0008460 secs] [Times: user=0.00 sys=0.00, real=0.01 secs] 
224.585: Total time for which application threads were stopped: 0.0009900 seconds, Stopping threads took: 0.0000750 seconds
224.627: Application time: 0.0429340 seconds
224.628: [GC [PSYoungGen: 20462K->2496K(21504K)] 64860K->47918K(69120K), 0.0013440 secs] [Times: user=0.01 sys=0.00, real=0.00 secs] 
224.629: Total time for which application threads were stopped: 0.0015350 seconds, Stopping threads took: 0.0001130 seconds
224.676: Application time: 0.0471930 seconds
224.676: [GC [PSYoungGen: 21121K->1440K(21504K)] 66543K->46862K(69120K), 0.0007220 secs] [Times: user=0.00 sys=0.00, real=0.00 secs] 
224.677: Total time for which application threads were stopped: 0.0008560 seconds, Stopping threads took: 0.0000660 seconds
224.720: Application time: 0.0426510 seconds
224.720: [GC [PSYoungGen: 20044K->2480K(21504K)] 65466K->48422K(69120K), 0.0011460 secs] [Times: user=0.01 sys=0.00, real=0.00 secs] 
224.721: Total time for which application threads were stopped: 0.0012910 seconds, Stopping threads took: 0.0000750 seconds
224.767: Application time: 0.0457380 seconds
224.767: [GC [PSYoungGen: 21103K->1408K(21504K)] 67045K->47358K(69120K), 0.0007030 secs] [Times: user=0.00 sys=0.00, real=0.00 secs] 
224.768: Total time for which application threads were stopped: 0.0008530 seconds, Stopping threads took: 0.0000750 seconds
224.809: Application time: 0.0412350 seconds
224.809: [GC [PSYoungGen: 20010K->2496K(21504K)] 65960K->48966K(69120K), 0.0011220 secs] [Times: user=0.01 sys=0.00, real=0.00 secs] 
224.810: Total time for which application threads were stopped: 0.0012620 seconds, Stopping threads took: 0.0000680 seconds
224.857: Application time: 0.0470360 seconds
224.857: [GC [PSYoungGen: 21041K->1392K(21504K)] 67511K->47870K(69120K), 0.0007020 secs] [Times: user=0.01 sys=0.00, real=0.00 secs] 
224.858: Total time for which application threads were stopped: 0.0008930 seconds, Stopping threads took: 0.0001230 seconds
224.899: Application time: 0.0413350 seconds
224.899: [GC [PSYoungGen: 19912K->2496K(21504K)] 66390K->49998K(69120K), 0.0013200 secs] [Times: user=0.01 sys=0.00, real=0.00 secs] 
224.901: [Full GC [PSYoungGen: 2496K->0K(21504K)] [ParOldGen: 47502K->9977K(47616K)] 49998K->9977K(69120K) [PSPermGen: 5179K->5179K(21504K)], 0.0047960 secs] [Times: user=0.01 sys=0.00, real=0.01 secs] 
224.906: Total time for which application threads were stopped: 0.0063150 seconds, Stopping threads took: 0.0000720 seconds
224.954: Application time: 0.0478380 seconds
224.954: [GC [PSYoungGen: 18547K->1280K(21504K)] 28524K->11257K(69120K), 0.0006060 secs] [Times: user=0.00 sys=0.00, real=0.00 secs] 
224.954: Total time for which application threads were stopped: 0.0007460 seconds, Stopping threads took: 0.0000710 seconds
224.997: Application time: 0.0432400 seconds
224.998: [GC [PSYoungGen: 19808K->2304K(21504K)] 29786K->12281K(69120K), 0.0008790 secs] [Times: user=0.00 sys=0.00, real=0.00 secs] 
224.999: Total time for which application threads were stopped: 0.0010160 seconds, Stopping threads took: 0.0000650 seconds
225.043: Application time: 0.0443750 seconds
225.043: [GC [PSYoungGen: 20845K->1792K(21504K)] 30822K->11769K(69120K), 0.0007140 secs] [Times: user=0.00 sys=0.00, real=0.00 secs] 
225.044: Total time for which application threads were stopped: 0.0008500 seconds, Stopping threads took: 0.0000680 seconds
225.089: Application time: 0.0450130 seconds
225.089: [GC [PSYoungGen: 20568K->1280K(21504K)] 30545K->11257K(69120K), 0.0006130 secs] [Times: user=0.00 sys=0.00, real=0.00 secs] 
225.090: Total time for which application threads were stopped: 0.0007500 seconds, Stopping threads took: 0.0000690 seconds
225.131: Application time: 0.0412630 seconds
225.131: [GC [PSYoungGen: 19804K->2352K(21504K)] 29782K->12841K(69120K), 0.0010430 secs] [Times: user=0.01 sys=0.00, real=0.00 secs] 
225.132: Total time for which application threads were stopped: 0.0012110 seconds, Stopping threads took: 0.0000970 seconds
225.179: Application time: 0.0470190 seconds
225.179: [GC [PSYoungGen: 20973K->1808K(21504K)] 31462K->12297K(69120K), 0.0007580 secs] [Times: user=0.00 sys=0.00, real=0.00 secs] 
225.180: Total time for which application threads were stopped: 0.0008980 seconds, Stopping threads took: 0.0000720 seconds
225.226: Application time: 0.0459280 seconds
225.226: [GC [PSYoungGen: 20348K->768K(21504K)] 30838K->11257K(69120K), 0.0004750 secs] [Times: user=0.00 sys=0.00, real=0.00 secs] 
225.226: Total time for which application threads were stopped: 0.0006140 seconds, Stopping threads took: 0.0000770 seconds
225.270: Application time: 0.0431250 seconds
225.270: [GC [PSYoungGen: 19292K->2352K(21504K)] 29782K->12841K(69120K), 0.0008960 secs] [Times: user=0.00 sys=0.00, real=0.00 secs] 
225.271: Total time for which application threads were stopped: 0.0010390 seconds, Stopping threads took: 0.0000620 seconds
225.314: Application time: 0.0436890 seconds
225.314: [GC [PSYoungGen: 20967K->2368K(21504K)] 31456K->12857K(69120K), 0.0008830 secs] [Times: user=0.01 sys=0.00, real=0.00 secs] 
225.315: Total time for which application threads were stopped: 0.0010250 seconds, Stopping threads took: 0.0000760 seconds
225.360: Application time: 0.0449200 seconds
225.360: [GC [PSYoungGen: 20987K->1888K(21504K)] 31476K->12377K(69120K), 0.0007780 secs] [Times: user=0.00 sys=0.00, real=0.00 secs] 
225.361: Total time for which application threads were stopped: 0.0009090 seconds, Stopping threads took: 0.0000640 seconds
225.406: Application time: 0.0445810 seconds
225.406: [GC [PSYoungGen: 20503K->1920K(21504K)] 30992K->12409K(69120K), 0.0007600 secs] [Times: user=0.00 sys=0.00, real=0.00 secs] 
225.407: Total time for which application threads were stopped: 0.0008890 seconds, Stopping threads took: 0.0000630 seconds
225.450: Application time: 0.0430700 seconds
225.450: [GC [PSYoungGen: 20530K->2496K(21504K)] 31020K->12985K(69120K), 0.0009260 secs] [Times: user=0.00 sys=0.00, real=0.00 secs] 
225.451: Total time for which application threads were stopped: 0.0010590 seconds, Stopping threads took: 0.0000650 seconds
225.495: Application time: 0.0438270 seconds
225.495: [GC [PSYoungGen: 21032K->2496K(21504K)] 31522K->12985K(69120K), 0.0009260 secs] [Times: user=0.00 sys=0.00, real=0.00 secs] 
225.496: Total time for which application threads were stopped: 0.0010710 seconds, Stopping threads took: 0.0000760 seconds
225.541: Application time: 0.0455560 seconds
225.541: [GC [PSYoungGen: 21037K->1920K(21504K)] 31526K->12409K(69120K), 0.0008180 secs] [Times: user=0.00 sys=0.00, real=0.00 secs] 
225.542: Total time for which application threads were stopped: 0.0009700 seconds, Stopping threads took: 0.0000860 seconds
225.585: Application time: 0.0432620 seconds
225.586: [GC [PSYoungGen: 20452K->2496K(21504K)] 30942K->12985K(69120K), 0.0009370 secs] [Times: user=0.01 sys=0.00, real=0.00 secs] 
225.587: Total time for which application threads were stopped: 0.0010770 seconds, Stopping threads took: 0.0000690 seconds
225.630: Application time: 0.0436530 seconds
225.630: [GC [PSYoungGen: 21032K->2480K(21504K)] 31522K->12969K(69120K), 0.0009420 secs] [Times: user=0.01 sys=0.00, real=0.00 secs] 
225.631: Total time for which application threads were stopped: 0.0011130 seconds, Stopping threads took: 0.0001030 seconds
225.676: Application time: 0.0447610 seconds
225.676: [GC [PSYoungGen: 21023K->1440K(21504K)] 31512K->11929K(69120K), 0.0006490 secs] [Times: user=0.00 sys=0.00, real=0.00 secs] 
225.677: Total time for which application threads were stopped: 0.0007860 seconds, Stopping threads took: 0.0000700 seconds
225.719: Application time: 0.0420710 seconds
225.719: [GC [PSYoungGen: 20127K->2480K(21504K)] 30616K->12969K(69120K), 0.0010190 secs] [Times: user=0.00 sys=0.00, real=0.00 secs] 
225.720: Total time for which application threads were stopped: 0.0012600 seconds, Stopping threads took: 0.0001680 seconds
225.767: Application time: 0.0463500 seconds
225.767: [GC [PSYoungGen: 21101K->1408K(21504K)] 31591K->11921K(69120K), 0.0006110 secs] [Times: user=0.01 sys=0.00, real=0.00 secs] 
225.767: Total time for which application threads were stopped: 0.0007440 seconds, Stopping threads took: 0.0000700 seconds
225.809: Application time: 0.0420290 seconds
225.809: [GC [PSYoungGen: 20016K->2352K(21504K)] 30530K->12865K(69120K), 0.0009330 secs] [Times: user=0.01 sys=0.00, real=0.00 secs] 
225.810: Total time for which application threads were stopped: 0.0010810 seconds, Stopping threads took: 0.0000630 seconds
225.857: Application time: 0.0465550 seconds
225.857: [GC [PSYoungGen: 20895K->1392K(21504K)] 31408K->11921K(69120K), 0.0006340 secs] [Times: user=0.00 sys=0.00, real=0.00 secs] 
225.858: Total time for which application threads were stopped: 0.0007550 seconds, Stopping threads took: 0.0000590 seconds
225.900: Application time: 0.0427440 seconds
225.901: [GC [PSYoungGen: 19920K->2480K(21504K)] 30450K->13009K(69120K), 0.0009340 secs] [Times: user=0.01 sys=0.00, real=0.00 secs] 
225.902: Total time for which application threads were stopped: 0.0010620 seconds, Stopping threads took: 0.0000570 seconds
225.947: Application time: 0.0451520 seconds
225.947: [GC [PSYoungGen: 21097K->1968K(21504K)] 31626K->12497K(69120K), 0.0007640 secs] [Times: user=0.00 sys=0.00, real=0.00 secs] 
225.948: Total time for which application threads were stopped: 0.0008880 seconds, Stopping threads took: 0.0000600 seconds
225.992: Application time: 0.0439660 seconds
225.992: [GC [PSYoungGen: 20504K->1952K(21504K)] 31034K->12497K(69120K), 0.0008040 secs] [Times: user=0.00 sys=0.00, real=0.00 secs] 
225.992: Total time for which application threads were stopped: 0.0009410 seconds, Stopping threads took: 0.0000680 seconds
226.037: Application time: 0.0443500 seconds
226.037: [GC [PSYoungGen: 20643K->1952K(21504K)] 31189K->12505K(69120K), 0.0007880 secs] [Times: user=0.00 sys=0.00, real=0.00 secs] 
226.038: Total time for which application threads were stopped: 0.0010160 seconds, Stopping threads took: 0.0001610 seconds
226.082: Application time: 0.0442240 seconds
226.082: [GC [PSYoungGen: 20567K->1952K(21504K)] 31120K->12513K(69120K), 0.0007560 secs] [Times: user=0.00 sys=0.00, real=0.00 secs] 
226.083: Total time for which application threads were stopped: 0.0008980 seconds, Stopping threads took: 0.0000750 seconds
226.127: Application time: 0.0440370 seconds
226.127: [GC [PSYoungGen: 20480K->2496K(21504K)] 31042K->13577K(69120K), 0.0010830 secs] [Times: user=0.00 sys=0.00, real=0.00 secs] 
226.128: Total time for which application threads were stopped: 0.0012260 seconds, Stopping threads took: 0.0000720 seconds
226.173: Application time: 0.0446350 seconds
226.173: [GC [PSYoungGen: 21041K->1392K(21504K)] 32122K->12473K(69120K), 0.0006350 secs] [Times: user=0.00 sys=0.00, real=0.00 secs] 
226.174: Total time for which application threads were stopped: 0.0008160 seconds, Stopping threads took: 0.0001130 seconds
226.218: Application time: 0.0440820 seconds
226.218: [GC [PSYoungGen: 19912K->2496K(21504K)] 30994K->14601K(69120K), 0.0012520 secs] [Times: user=0.01 sys=0.00, real=0.00 secs] 
226.219: Total time for which application threads were stopped: 0.0014010 seconds, Stopping threads took: 0.0000750 seconds
226.264: Application time: 0.0450290 seconds
226.264: [GC [PSYoungGen: 21043K->1424K(21504K)] 33149K->13529K(69120K), 0.0006830 secs] [Times: user=0.00 sys=0.00, real=0.00 secs] 
226.265: Total time for which application threads were stopped: 0.0008210 seconds, Stopping threads took: 0.0000710 seconds
226.309: Application time: 0.0439740 seconds
226.309: [GC [PSYoungGen: 19956K->1968K(21504K)] 32062K->14073K(69120K), 0.0007820 secs] [Times: user=0.00 sys=0.00, real=0.00 secs] 
226.310: Total time for which application threads were stopped: 0.0009120 seconds, Stopping threads took: 0.0000630 seconds
226.353: Application time: 0.0433420 seconds
226.353: [GC [PSYoungGen: 20657K->2496K(21504K)] 32762K->14601K(69120K), 0.0009070 secs] [Times: user=0.01 sys=0.00, real=0.00 secs] 
226.354: Total time for which application threads were stopped: 0.0010590 seconds, Stopping threads took: 0.0000700 seconds
226.398: Application time: 0.0439490 seconds
226.398: [GC [PSYoungGen: 21113K->1904K(21504K)] 33219K->14017K(69120K), 0.0007630 secs] [Times: user=0.00 sys=0.00, real=0.00 secs] 
226.399: Total time for which application threads were stopped: 0.0008970 seconds, Stopping threads took: 0.0000630 seconds
226.444: Application time: 0.0445000 seconds
226.444: [GC [PSYoungGen: 20443K->1424K(21504K)] 32556K->13545K(69120K), 0.0006570 secs] [Times: user=0.00 sys=0.00, real=0.01 secs] 
226.444: Total time for which application threads were stopped: 0.0007860 seconds, Stopping threads took: 0.0000620 seconds
226.488: Application time: 0.0432210 seconds
226.488: [GC [PSYoungGen: 20035K->1920K(21504K)] 32156K->14049K(69120K), 0.0008020 secs] [Times: user=0.00 sys=0.00, real=0.00 secs] 
226.489: Total time for which application threads were stopped: 0.0009480 seconds, Stopping threads took: 0.0000770 seconds
226.532: Application time: 0.0437380 seconds
226.533: [GC [PSYoungGen: 20444K->2480K(21504K)] 32574K->14609K(69120K), 0.0009830 secs] [Times: user=0.01 sys=0.00, real=0.00 secs] 
226.534: Total time for which application threads were stopped: 0.0011430 seconds, Stopping threads took: 0.0000910 seconds
226.578: Application time: 0.0448830 seconds
226.579: [GC [PSYoungGen: 21099K->2496K(21504K)] 33228K->14625K(69120K), 0.0010210 secs] [Times: user=0.00 sys=0.00, real=0.00 secs] 
226.580: Total time for which application threads were stopped: 0.0011560 seconds, Stopping threads took: 0.0000670 seconds
226.625: Application time: 0.0453810 seconds
226.625: [GC [PSYoungGen: 21039K->1440K(21504K)] 33168K->13577K(69120K), 0.0006290 secs] [Times: user=0.00 sys=0.00, real=0.00 secs] 
226.626: Total time for which application threads were stopped: 0.0007650 seconds, Stopping threads took: 0.0000720 seconds
226.669: Application time: 0.0433210 seconds
226.669: [GC [PSYoungGen: 20127K->2480K(21504K)] 32264K->14617K(69120K), 0.0009670 secs] [Times: user=0.00 sys=0.00, real=0.00 secs] 
226.670: Total time for which application threads were stopped: 0.0011120 seconds, Stopping threads took: 0.0000730 seconds
226.716: Application time: 0.0454710 seconds
226.716: [GC [PSYoungGen: 21014K->2496K(21504K)] 33152K->14641K(69120K), 0.0009280 secs] [Times: user=0.00 sys=0.00, real=0.01 secs] 
226.717: Total time for which application threads were stopped: 0.0010670 seconds, Stopping threads took: 0.0000690 seconds
226.761: Application time: 0.0445690 seconds
226.761: [GC [PSYoungGen: 21111K->2464K(21504K)] 33256K->14617K(69120K), 0.0009940 secs] [Times: user=0.00 sys=0.00, real=0.00 secs] 
226.762: Total time for which application threads were stopped: 0.0011280 seconds, Stopping threads took: 0.0000670 seconds
226.807: Application time: 0.0442140 seconds
226.807: [GC [PSYoungGen: 21005K->1952K(21504K)] 33158K->14105K(69120K), 0.0007870 secs] [Times: user=0.00 sys=0.00, real=0.00 secs] 
226.808: Total time for which application threads were stopped: 0.0009920 seconds, Stopping threads took: 0.0001250 seconds
226.852: Application time: 0.0444060 seconds
226.852: [GC [PSYoungGen: 20488K->1952K(21504K)] 32642K->14105K(69120K), 0.0007850 secs] [Times: user=0.00 sys=0.00, real=0.00 secs] 
226.853: Total time for which application threads were stopped: 0.0009890 seconds, Stopping threads took: 0.0001390 seconds
226.897: Application time: 0.0441180 seconds
226.897: [GC [PSYoungGen: 20484K->2480K(21504K)] 32638K->14633K(69120K), 0.0009390 secs] [Times: user=0.01 sys=0.00, real=0.00 secs] 
226.898: Total time for which application threads were stopped: 0.0010820 seconds, Stopping threads took: 0.0000650 seconds
226.943: Application time: 0.0444510 seconds
226.943: [GC [PSYoungGen: 21021K->1936K(21504K)] 33174K->14089K(69120K), 0.0008100 secs] [Times: user=0.01 sys=0.00, real=0.00 secs] 
226.944: Total time for which application threads were stopped: 0.0009500 seconds, Stopping threads took: 0.0000740 seconds
226.987: Application time: 0.0433070 seconds
226.987: [GC [PSYoungGen: 20625K->2480K(21504K)] 32778K->14633K(69120K), 0.0009290 secs] [Times: user=0.00 sys=0.00, real=0.00 secs] 
226.988: Total time for which application threads were stopped: 0.0010640 seconds, Stopping threads took: 0.0000650 seconds
227.033: Application time: 0.0451090 seconds
227.033: [GC [PSYoungGen: 21012K->2512K(21504K)] 33166K->15185K(69120K), 0.0011300 secs] [Times: user=0.01 sys=0.00, real=0.00 secs] 
227.034: Total time for which application threads were stopped: 0.0012690 seconds, Stopping threads took: 0.0000660 seconds
227.080: Application time: 0.0457650 seconds
227.080: [GC [PSYoungGen: 21137K->880K(21504K)] 33811K->13561K(69120K), 0.0005600 secs] [Times: user=0.00 sys=0.00, real=0.00 secs] 
227.081: Total time for which application threads were stopped: 0.0007000 seconds, Stopping threads took: 0.0000720 seconds
227.124: Application time: 0.0431330 seconds
227.124: [GC [PSYoungGen: 19484K->2448K(21504K)] 32166K->15129K(69120K), 0.0009560 secs] [Times: user=0.01 sys=0.00, real=0.00 secs] 
227.125: Total time for which application threads were stopped: 0.0011000 seconds, Stopping threads took: 0.0000770 seconds
227.170: Application time: 0.0444260 seconds
227.170: [GC [PSYoungGen: 20987K->1952K(21504K)] 33668K->14641K(69120K), 0.0008050 secs] [Times: user=0.01 sys=0.00, real=0.00 secs] 
227.171: Total time for which application threads were stopped: 0.0010590 seconds, Stopping threads took: 0.0001840 seconds
227.215: Application time: 0.0441150 seconds
227.215: [GC [PSYoungGen: 20563K->2496K(21504K)] 33252K->15185K(69120K), 0.0009120 secs] [Times: user=0.00 sys=0.00, real=0.00 secs] 
227.216: Total time for which application threads were stopped: 0.0010620 seconds, Stopping threads took: 0.0000840 seconds
227.262: Application time: 0.0459300 seconds
227.262: [GC [PSYoungGen: 21037K->1408K(21504K)] 33726K->14105K(69120K), 0.0006750 secs] [Times: user=0.00 sys=0.00, real=0.00 secs] 
227.262: Total time for which application threads were stopped: 0.0008120 seconds, Stopping threads took: 0.0000690 seconds
227.305: Application time: 0.0425560 seconds
227.305: [GC [PSYoungGen: 20093K->2464K(21504K)] 32790K->15161K(69120K), 0.0009290 secs] [Times: user=0.01 sys=0.00, real=0.00 secs] 
227.306: Total time for which application threads were stopped: 0.0010570 seconds, Stopping threads took: 0.0000590 seconds
227.352: Application time: 0.0455730 seconds
227.352: [GC [PSYoungGen: 21007K->1424K(21504K)] 33704K->14129K(69120K), 0.0006600 secs] [Times: user=0.00 sys=0.00, real=0.00 secs] 
227.352: Total time for which application threads were stopped: 0.0007920 seconds, Stopping threads took: 0.0000670 seconds
227.395: Application time: 0.0422690 seconds
227.395: [GC [PSYoungGen: 20032K->2464K(21504K)] 32738K->15169K(69120K), 0.0009390 secs] [Times: user=0.00 sys=0.00, real=0.00 secs] 
227.396: Total time for which application threads were stopped: 0.0010870 seconds, Stopping threads took: 0.0000770 seconds
227.440: Application time: 0.0446300 seconds
227.441: [GC [PSYoungGen: 21000K->2480K(21504K)] 33706K->15193K(69120K), 0.0009240 secs] [Times: user=0.01 sys=0.00, real=0.00 secs] 
227.442: Total time for which application threads were stopped: 0.0010710 seconds, Stopping threads took: 0.0000700 seconds
227.487: Application time: 0.0454590 seconds
227.487: [GC [PSYoungGen: 21023K->1376K(21504K)] 33736K->14089K(69120K), 0.0006450 secs] [Times: user=0.00 sys=0.00, real=0.00 secs] 
227.488: Total time for which application threads were stopped: 0.0007810 seconds, Stopping threads took: 0.0000710 seconds
227.530: Application time: 0.0417530 seconds
227.530: [GC [PSYoungGen: 19904K->2496K(21504K)] 32618K->15209K(69120K), 0.0009160 secs] [Times: user=0.00 sys=0.00, real=0.00 secs] 
227.531: Total time for which application threads were stopped: 0.0010610 seconds, Stopping threads took: 0.0000750 seconds
227.577: Application time: 0.0459800 seconds
227.577: [GC [PSYoungGen: 21039K->1472K(21504K)] 33752K->14185K(69120K), 0.0006860 secs] [Times: user=0.00 sys=0.00, real=0.00 secs] 
227.577: Total time for which application threads were stopped: 0.0008150 seconds, Stopping threads took: 0.0000640 seconds
227.620: Application time: 0.0426340 seconds
227.620: [GC [PSYoungGen: 20080K->2480K(21504K)] 32794K->15193K(69120K), 0.0009340 secs] [Times: user=0.00 sys=0.00, real=0.00 secs] 
227.621: Total time for which application threads were stopped: 0.0010720 seconds, Stopping threads took: 0.0000690 seconds
227.667: Application time: 0.0455830 seconds
227.667: [GC [PSYoungGen: 21099K->1968K(21504K)] 33813K->14689K(69120K), 0.0007800 secs] [Times: user=0.01 sys=0.00, real=0.00 secs] 
227.668: Total time for which application threads were stopped: 0.0010080 seconds, Stopping threads took: 0.0001590 seconds
227.712: Application time: 0.0444650 seconds
227.712: [GC [PSYoungGen: 20583K->1920K(21504K)] 33305K->14641K(69120K), 0.0007660 secs] [Times: user=0.01 sys=0.00, real=0.00 secs] 
227.713: Total time for which application threads were stopped: 0.0009420 seconds, Stopping threads took: 0.0001060 seconds
227.758: Application time: 0.0450670 seconds
227.758: [GC [PSYoungGen: 20535K->1920K(21504K)] 33256K->14649K(69120K), 0.0008490 secs] [Times: user=0.00 sys=0.00, real=0.00 secs] 
227.759: Total time for which application threads were stopped: 0.0009740 seconds, Stopping threads took: 0.0000580 seconds
227.803: Application time: 0.0439880 seconds
227.803: [GC [PSYoungGen: 20452K->2464K(21504K)] 33182K->15209K(69120K), 0.0009370 secs] [Times: user=0.01 sys=0.00, real=0.01 secs] 
227.804: Total time for which application threads were stopped: 0.0010680 seconds, Stopping threads took: 0.0000630 seconds
227.850: Application time: 0.0455580 seconds
227.850: [GC [PSYoungGen: 21081K->1920K(21504K)] 33826K->14665K(69120K), 0.0007720 secs] [Times: user=0.00 sys=0.00, real=0.00 secs] 
227.851: Total time for which application threads were stopped: 0.0009130 seconds, Stopping threads took: 0.0000710 seconds
227.894: Application time: 0.0437670 seconds
227.895: [GC [PSYoungGen: 20456K->1952K(21504K)] 33202K->14705K(69120K), 0.0007760 secs] [Times: user=0.00 sys=0.00, real=0.00 secs] 
227.895: Total time for which application threads were stopped: 0.0009120 seconds, Stopping threads took: 0.0000720 seconds
227.938: Application time: 0.0431070 seconds
227.939: [GC [PSYoungGen: 20563K->2480K(21504K)] 33316K->15233K(69120K), 0.0009280 secs] [Times: user=0.00 sys=0.00, real=0.00 secs] 
227.940: Total time for which application threads were stopped: 0.0010880 seconds, Stopping threads took: 0.0000850 seconds
227.986: Application time: 0.0466230 seconds
227.986: [GC [PSYoungGen: 21103K->864K(21504K)] 33857K->13625K(69120K), 0.0004940 secs] [Times: user=0.00 sys=0.00, real=0.00 secs] 
227.987: Total time for which application threads were stopped: 0.0006340 seconds, Stopping threads took: 0.0000680 seconds
228.028: Application time: 0.0412820 seconds
228.028: [GC [PSYoungGen: 19464K->2480K(21504K)] 32226K->15753K(69120K), 0.0011140 secs] [Times: user=0.01 sys=0.00, real=0.00 secs] 
228.029: Total time for which application threads were stopped: 0.0012860 seconds, Stopping threads took: 0.0000860 seconds
228.076: Application time: 0.0469050 seconds
228.076: [GC [PSYoungGen: 21027K->864K(21504K)] 34301K->14145K(69120K), 0.0005230 secs] [Times: user=0.00 sys=0.00, real=0.00 secs] 
228.077: Total time for which application threads were stopped: 0.0006720 seconds, Stopping threads took: 0.0000810 seconds
228.119: Application time: 0.0417000 seconds
228.119: [GC [PSYoungGen: 19386K->2512K(21504K)] 32668K->16305K(69120K), 0.0010720 secs] [Times: user=0.01 sys=0.00, real=0.00 secs] 
228.120: Total time for which application threads were stopped: 0.0012050 seconds, Stopping threads took: 0.0000620 seconds
228.165: Application time: 0.0448600 seconds
228.165: [GC [PSYoungGen: 21055K->1920K(21504K)] 34848K->15713K(69120K), 0.0008380 secs] [Times: user=0.00 sys=0.00, real=0.00 secs] 
228.166: Total time for which application threads were stopped: 0.0009850 seconds, Stopping threads took: 0.0000780 seconds
228.209: Application time: 0.0436800 seconds
228.210: [GC [PSYoungGen: 20456K->1920K(21504K)] 34250K->15713K(69120K), 0.0007620 secs] [Times: user=0.01 sys=0.00, real=0.00 secs] 
228.210: Total time for which application threads were stopped: 0.0009690 seconds, Stopping threads took: 0.0001410 seconds
228.254: Application time: 0.0433000 seconds
228.254: [GC [PSYoungGen: 20452K->2496K(21504K)] 34246K->16289K(69120K), 0.0009290 secs] [Times: user=0.00 sys=0.00, real=0.00 secs] 
228.255: Total time for which application threads were stopped: 0.0010740 seconds, Stopping threads took: 0.0000730 seconds
228.302: Application time: 0.0477160 seconds
228.303: [GC [PSYoungGen: 21189K->2352K(21504K)] 34983K->16153K(69120K), 0.0009820 secs] [Times: user=0.01 sys=0.00, real=0.00 secs] 
228.304: Total time for which application threads were stopped: 0.0011180 seconds, Stopping threads took: 0.0000710 seconds
228.352: Application time: 0.0480360 seconds
228.352: [GC [PSYoungGen: 20889K->2480K(21504K)] 34690K->16289K(69120K), 0.0009580 secs] [Times: user=0.00 sys=0.00, real=0.00 secs] 
228.353: Total time for which application threads were stopped: 0.0010990 seconds, Stopping threads took: 0.0000660 seconds
228.401: Application time: 0.0484460 seconds
228.401: [GC [PSYoungGen: 21179K->1456K(21504K)] 34989K->15273K(69120K), 0.0006360 secs] [Times: user=0.00 sys=0.00, real=0.00 secs] 
228.402: Total time for which application threads were stopped: 0.0007700 seconds, Stopping threads took: 0.0000660 seconds
228.448: Application time: 0.0460360 seconds
228.448: [GC [PSYoungGen: 19984K->2496K(21504K)] 33802K->16321K(69120K), 0.0009570 secs] [Times: user=0.00 sys=0.00, real=0.00 secs] 
228.449: Total time for which application threads were stopped: 0.0011150 seconds, Stopping threads took: 0.0000840 seconds
228.501: Application time: 0.0520350 seconds
228.501: [GC [PSYoungGen: 21121K->352K(21504K)] 34947K->14177K(69120K), 0.0005510 secs] [Times: user=0.01 sys=0.00, real=0.00 secs] 
228.502: Total time for which application threads were stopped: 0.0006850 seconds, Stopping threads took: 0.0000640 seconds
228.545: Application time: 0.0434380 seconds
228.545: [GC [PSYoungGen: 18872K->2528K(21504K)] 32698K->16873K(69120K), 0.0011390 secs] [Times: user=0.00 sys=0.00, real=0.00 secs] 
228.547: Total time for which application threads were stopped: 0.0012930 seconds, Stopping threads took: 0.0000750 seconds
228.599: Application time: 0.0523630 seconds
228.599: [GC [PSYoungGen: 21153K->832K(21504K)] 35499K->15177K(69120K), 0.0005300 secs] [Times: user=0.01 sys=0.00, real=0.00 secs] 
228.600: Total time for which application threads were stopped: 0.0006590 seconds, Stopping threads took: 0.0000580 seconds
228.644: Application time: 0.0448130 seconds
228.645: [GC [PSYoungGen: 19434K->2496K(21504K)] 33780K->16849K(69120K), 0.0009420 secs] [Times: user=0.01 sys=0.00, real=0.00 secs] 
228.646: Total time for which application threads were stopped: 0.0010920 seconds, Stopping threads took: 0.0000740 seconds
228.697: Application time: 0.0512800 seconds
228.697: [GC [PSYoungGen: 21119K->880K(21504K)] 35473K->15241K(69120K), 0.0005250 secs] [Times: user=0.00 sys=0.00, real=0.00 secs] 
228.697: Total time for which application threads were stopped: 0.0006540 seconds, Stopping threads took: 0.0000640 seconds
228.742: Application time: 0.0443950 seconds
228.742: [GC [PSYoungGen: 19404K->2480K(21504K)] 33766K->16857K(69120K), 0.0009510 secs] [Times: user=0.00 sys=0.00, real=0.00 secs] 
228.743: Total time for which application threads were stopped: 0.0011680 seconds, Stopping threads took: 0.0001420 seconds
228.793: Application time: 0.0499720 seconds
228.793: [GC [PSYoungGen: 21023K->1392K(21504K)] 35400K->15769K(69120K), 0.0006880 secs] [Times: user=0.01 sys=0.00, real=0.00 secs] 
228.794: Total time for which application threads were stopped: 0.0008140 seconds, Stopping threads took: 0.0000610 seconds
228.839: Application time: 0.0452500 seconds
228.839: [GC [PSYoungGen: 19916K->2480K(21504K)] 34294K->17369K(69120K), 0.0011130 secs] [Times: user=0.00 sys=0.00, real=0.00 secs] 
228.840: Total time for which application threads were stopped: 0.0012790 seconds, Stopping threads took: 0.0000880 seconds
228.891: Application time: 0.0505520 seconds
228.891: [GC [PSYoungGen: 21023K->1936K(21504K)] 35912K->16825K(69120K), 0.0008000 secs] [Times: user=0.00 sys=0.00, real=0.00 secs] 
228.892: Total time for which application threads were stopped: 0.0009320 seconds, Stopping threads took: 0.0000650 seconds
228.937: Application time: 0.0448380 seconds
228.937: [GC [PSYoungGen: 20464K->2480K(21504K)] 35354K->17881K(69120K), 0.0011570 secs] [Times: user=0.01 sys=0.00, real=0.00 secs] 
228.938: Total time for which application threads were stopped: 0.0013090 seconds, Stopping threads took: 0.0000790 seconds
228.988: Application time: 0.0498400 seconds
228.988: [GC [PSYoungGen: 21179K->1920K(21504K)] 36581K->17321K(69120K), 0.0008230 secs] [Times: user=0.00 sys=0.00, real=0.00 secs] 
228.989: Total time for which application threads were stopped: 0.0009530 seconds, Stopping threads took: 0.0000580 seconds
229.035: Application time: 0.0464080 seconds
229.035: [GC [PSYoungGen: 20446K->2496K(21504K)] 35848K->18417K(69120K), 0.0011360 secs] [Times: user=0.01 sys=0.00, real=0.01 secs] 
229.037: Total time for which application threads were stopped: 0.0013120 seconds, Stopping threads took: 0.0000900 seconds
229.085: Application time: 0.0483300 seconds
229.085: [GC [PSYoungGen: 21119K->1424K(21504K)] 37041K->17345K(69120K), 0.0006710 secs] [Times: user=0.00 sys=0.00, real=0.00 secs] 
229.086: Total time for which application threads were stopped: 0.0016020 seconds, Stopping threads took: 0.0000680 seconds
229.132: Application time: 0.0458500 seconds
229.132: [GC [PSYoungGen: 20026K->2512K(21504K)] 35948K->18953K(69120K), 0.0010720 secs] [Times: user=0.00 sys=0.00, real=0.00 secs] 
229.134: Total time for which application threads were stopped: 0.0012210 seconds, Stopping threads took: 0.0000800 seconds
229.183: Application time: 0.0499290 seconds
229.184: [GC [PSYoungGen: 21057K->1392K(21504K)] 37499K->17833K(69120K), 0.0007270 secs] [Times: user=0.01 sys=0.00, real=0.01 secs] 
229.184: Total time for which application threads were stopped: 0.0008660 seconds, Stopping threads took: 0.0000680 seconds
229.233: Application time: 0.0483070 seconds
229.233: [GC [PSYoungGen: 20003K->1952K(21504K)] 36444K->18401K(69120K), 0.0008110 secs] [Times: user=0.01 sys=0.00, real=0.00 secs] 
229.234: Total time for which application threads were stopped: 0.0009600 seconds, Stopping threads took: 0.0000750 seconds
229.281: Application time: 0.0471820 seconds
229.281: [GC [PSYoungGen: 20488K->1936K(21504K)] 36938K->18385K(69120K), 0.0008500 secs] [Times: user=0.01 sys=0.00, real=0.00 secs] 
229.282: Total time for which application threads were stopped: 0.0009890 seconds, Stopping threads took: 0.0000730 seconds
229.329: Application time: 0.0475520 seconds
229.329: [GC [PSYoungGen: 20629K->1936K(21504K)] 37079K->18393K(69120K), 0.0008170 secs] [Times: user=0.00 sys=0.00, real=0.00 secs] 
229.330: Total time for which application threads were stopped: 0.0009670 seconds, Stopping threads took: 0.0000720 seconds
229.377: Application time: 0.0472130 seconds
229.378: [GC [PSYoungGen: 20547K->2464K(21504K)] 37004K->18929K(69120K), 0.0009050 secs] [Times: user=0.00 sys=0.00, real=0.00 secs] 
229.379: Total time for which application threads were stopped: 0.0010450 seconds, Stopping threads took: 0.0000700 seconds
229.427: Application time: 0.0489280 seconds
229.428: [GC [PSYoungGen: 21007K->1392K(21504K)] 37472K->17873K(69120K), 0.0006660 secs] [Times: user=0.00 sys=0.01, real=0.00 secs] 
229.428: Total time for which application threads were stopped: 0.0008050 seconds, Stopping threads took: 0.0000680 seconds
229.475: Application time: 0.0465520 seconds
229.475: [GC [PSYoungGen: 19920K->2464K(21504K)] 36402K->18945K(69120K), 0.0009330 secs] [Times: user=0.01 sys=0.00, real=0.00 secs] 
229.476: Total time for which application threads were stopped: 0.0010760 seconds, Stopping threads took: 0.0000740 seconds
229.525: Application time: 0.0491710 seconds
229.525: [GC [PSYoungGen: 21009K->816K(21504K)] 37490K->17297K(69120K), 0.0005090 secs] [Times: user=0.01 sys=0.00, real=0.00 secs] 
229.526: Total time for which application threads were stopped: 0.0006930 seconds, Stopping threads took: 0.0001200 seconds
229.572: Application time: 0.0461740 seconds
229.572: [GC [PSYoungGen: 19340K->2464K(21504K)] 35822K->18945K(69120K), 0.0009530 secs] [Times: user=0.00 sys=0.00, real=0.00 secs] 
229.573: Total time for which application threads were stopped: 0.0011180 seconds, Stopping threads took: 0.0000830 seconds
229.622: Application time: 0.0484940 seconds
229.622: [GC [PSYoungGen: 21005K->1920K(21504K)] 37486K->18401K(69120K), 0.0008010 secs] [Times: user=0.00 sys=0.00, real=0.00 secs] 
229.623: Total time for which application threads were stopped: 0.0009440 seconds, Stopping threads took: 0.0000690 seconds
229.670: Application time: 0.0473550 seconds
229.670: [GC [PSYoungGen: 20613K->1952K(21504K)] 37095K->18433K(69120K), 0.0007920 secs] [Times: user=0.01 sys=0.00, real=0.00 secs] 
229.671: Total time for which application threads were stopped: 0.0009190 seconds, Stopping threads took: 0.0000560 seconds
229.719: Application time: 0.0478220 seconds
229.719: [GC [PSYoungGen: 20488K->1952K(21504K)] 36970K->18441K(69120K), 0.0008130 secs] [Times: user=0.00 sys=0.00, real=0.00 secs] 
229.720: Total time for which application threads were stopped: 0.0009550 seconds, Stopping threads took: 0.0000710 seconds
229.767: Application time: 0.0478270 seconds
229.768: [GC [PSYoungGen: 20567K->1952K(21504K)] 37056K->18441K(69120K), 0.0007820 secs] [Times: user=0.01 sys=0.00, real=0.00 secs] 
229.768: Total time for which application threads were stopped: 0.0009250 seconds, Stopping threads took: 0.0000740 seconds
229.816: Application time: 0.0477210 seconds
229.816: [GC [PSYoungGen: 20567K->1936K(21504K)] 37056K->18441K(69120K), 0.0008220 secs] [Times: user=0.01 sys=0.00, real=0.00 secs] 
229.817: Total time for which application threads were stopped: 0.0009580 seconds, Stopping threads took: 0.0000630 seconds
229.864: Application time: 0.0473030 seconds
229.864: [GC [PSYoungGen: 20470K->1952K(21504K)] 36976K->18465K(69120K), 0.0007840 secs] [Times: user=0.00 sys=0.00, real=0.00 secs] 
229.865: Total time for which application threads were stopped: 0.0009910 seconds, Stopping threads took: 0.0001340 seconds
229.912: Application time: 0.0466430 seconds
229.912: [GC [PSYoungGen: 20559K->2464K(21504K)] 37072K->19489K(69120K), 0.0011520 secs] [Times: user=0.01 sys=0.00, real=0.00 secs] 
229.913: Total time for which application threads were stopped: 0.0013040 seconds, Stopping threads took: 0.0000730 seconds
229.962: Application time: 0.0488090 seconds
229.962: [GC [PSYoungGen: 21007K->1984K(21504K)] 38033K->19017K(69120K), 0.0008590 secs] [Times: user=0.01 sys=0.00, real=0.00 secs] 
229.963: Total time for which application threads were stopped: 0.0009960 seconds, Stopping threads took: 0.0000710 seconds
230.011: Application time: 0.0477520 seconds
230.011: [GC [PSYoungGen: 20677K->1920K(21504K)] 37711K->18953K(69120K), 0.0008130 secs] [Times: user=0.00 sys=0.00, real=0.00 secs] 
230.012: Total time for which application threads were stopped: 0.0009680 seconds, Stopping threads took: 0.0000830 seconds
230.059: Application time: 0.0475410 seconds
230.059: [GC [PSYoungGen: 20454K->1936K(21504K)] 37488K->18977K(69120K), 0.0007970 secs] [Times: user=0.01 sys=0.00, real=0.00 secs] 
230.060: Total time for which application threads were stopped: 0.0009410 seconds, Stopping threads took: 0.0000770 seconds
230.109: Application time: 0.0487150 seconds
230.109: [GC [PSYoungGen: 20551K->1920K(21504K)] 37593K->18969K(69120K), 0.0007930 secs] [Times: user=0.00 sys=0.00, real=0.00 secs] 
230.110: Total time for which application threads were stopped: 0.0009410 seconds, Stopping threads took: 0.0000700 seconds
230.157: Application time: 0.0468430 seconds
230.157: [GC [PSYoungGen: 20452K->2480K(21504K)] 37502K->19529K(69120K), 0.0009650 secs] [Times: user=0.01 sys=0.00, real=0.00 secs] 
230.158: Total time for which application threads were stopped: 0.0011180 seconds, Stopping threads took: 0.0000780 seconds
230.208: Application time: 0.0502190 seconds
230.208: [GC [PSYoungGen: 21023K->1408K(21504K)] 38072K->18457K(69120K), 0.0006480 secs] [Times: user=0.00 sys=0.00, real=0.00 secs] 
230.209: Total time for which application threads were stopped: 0.0007750 seconds, Stopping threads took: 0.0000630 seconds
230.257: Application time: 0.0482000 seconds
230.257: [GC [PSYoungGen: 19936K->2464K(21504K)] 36986K->19513K(69120K), 0.0009370 secs] [Times: user=0.01 sys=0.00, real=0.00 secs] 
230.258: Total time for which application threads were stopped: 0.0010740 seconds, Stopping threads took: 0.0000640 seconds
230.306: Application time: 0.0478970 seconds
230.306: [GC [PSYoungGen: 21001K->1904K(21504K)] 38050K->18953K(69120K), 0.0008670 secs] [Times: user=0.00 sys=0.00, real=0.00 secs] 
230.307: Total time for which application threads were stopped: 0.0010300 seconds, Stopping threads took: 0.0000940 seconds
230.355: Application time: 0.0477130 seconds
230.355: [GC [PSYoungGen: 20601K->1952K(21504K)] 37651K->19001K(69120K), 0.0008410 secs] [Times: user=0.01 sys=0.00, real=0.00 secs] 
230.356: Total time for which application threads were stopped: 0.0009790 seconds, Stopping threads took: 0.0000680 seconds
230.403: Application time: 0.0476480 seconds
230.404: [GC [PSYoungGen: 20484K->2496K(21504K)] 37534K->19553K(69120K), 0.0009570 secs] [Times: user=0.01 sys=0.00, real=0.01 secs] 
230.405: Total time for which application threads were stopped: 0.0010970 seconds, Stopping threads took: 0.0000650 seconds
230.453: Application time: 0.0489560 seconds
230.454: [GC [PSYoungGen: 21115K->1952K(21504K)] 38173K->19009K(69120K), 0.0008110 secs] [Times: user=0.00 sys=0.00, real=0.00 secs] 
230.454: Total time for which application threads were stopped: 0.0009460 seconds, Stopping threads took: 0.0000680 seconds
230.502: Application time: 0.0476510 seconds
230.502: [GC [PSYoungGen: 20488K->1424K(21504K)] 37546K->18489K(69120K), 0.0006750 secs] [Times: user=0.00 sys=0.00, real=0.00 secs] 
230.503: Total time for which application threads were stopped: 0.0008180 seconds, Stopping threads took: 0.0000730 seconds
230.550: Application time: 0.0471130 seconds
230.550: [GC [PSYoungGen: 20030K->2480K(21504K)] 37096K->19553K(69120K), 0.0009820 secs] [Times: user=0.01 sys=0.00, real=0.00 secs] 
230.551: Total time for which application threads were stopped: 0.0011490 seconds, Stopping threads took: 0.0000920 seconds
230.599: Application time: 0.0473200 seconds
230.599: [GC [PSYoungGen: 21093K->2480K(21504K)] 38167K->19553K(69120K), 0.0009440 secs] [Times: user=0.00 sys=0.00, real=0.00 secs] 
230.600: Total time for which application threads were stopped: 0.0010940 seconds, Stopping threads took: 0.0000760 seconds
230.648: Application time: 0.0483390 seconds
230.652: [GC [PSYoungGen: 21021K->1936K(21504K)] 38094K->19017K(69120K), 0.0008300 secs] [Times: user=0.01 sys=0.00, real=0.00 secs] 
230.653: Total time for which application threads were stopped: 0.0050330 seconds, Stopping threads took: 0.0041140 seconds
230.701: Application time: 0.0483580 seconds
230.702: [GC [PSYoungGen: 20549K->1920K(21504K)] 37630K->19001K(69120K), 0.0007690 secs] [Times: user=0.01 sys=0.00, real=0.00 secs] 
230.702: Total time for which application threads were stopped: 0.0009660 seconds, Stopping threads took: 0.0001330 seconds
230.750: Application time: 0.0479460 seconds
230.750: [GC [PSYoungGen: 20527K->2464K(21504K)] 37608K->19553K(69120K), 0.0009370 secs] [Times: user=0.01 sys=0.00, real=0.00 secs] 
230.751: Total time for which application threads were stopped: 0.0011070 seconds, Stopping threads took: 0.0001000 seconds
230.801: Application time: 0.0491970 seconds
230.801: [GC [PSYoungGen: 21083K->1952K(21504K)] 38173K->19041K(69120K), 0.0007830 secs] [Times: user=0.01 sys=0.00, real=0.00 secs] 
230.801: Total time for which application threads were stopped: 0.0009260 seconds, Stopping threads took: 0.0000730 seconds
230.848: Application time: 0.0464590 seconds
230.848: [GC [PSYoungGen: 20482K->2496K(21504K)] 37572K->19593K(69120K), 0.0009490 secs] [Times: user=0.00 sys=0.00, real=0.00 secs] 
230.849: Total time for which application threads were stopped: 0.0011390 seconds, Stopping threads took: 0.0001170 seconds
230.900: Application time: 0.0506290 seconds
230.900: [GC [PSYoungGen: 21037K->1952K(21504K)] 38134K->19049K(69120K), 0.0008130 secs] [Times: user=0.00 sys=0.00, real=0.00 secs] 
230.901: Total time for which application threads were stopped: 0.0009610 seconds, Stopping threads took: 0.0000790 seconds
230.949: Application time: 0.0481070 seconds
230.949: [GC [PSYoungGen: 20490K->1360K(21504K)] 37588K->18457K(69120K), 0.0006560 secs] [Times: user=0.00 sys=0.00, real=0.00 secs] 
230.950: Total time for which application threads were stopped: 0.0007800 seconds, Stopping threads took: 0.0000610 seconds
230.996: Application time: 0.0467070 seconds
230.996: [GC [PSYoungGen: 19886K->2464K(21504K)] 36984K->19561K(69120K), 0.0009610 secs] [Times: user=0.00 sys=0.00, real=0.00 secs] 
230.997: Total time for which application threads were stopped: 0.0011150 seconds, Stopping threads took: 0.0000830 seconds
231.046: Application time: 0.0488330 seconds
231.046: [GC [PSYoungGen: 21163K->1408K(21504K)] 38261K->18505K(69120K), 0.0006840 secs] [Times: user=0.01 sys=0.00, real=0.00 secs] 
231.047: Total time for which application threads were stopped: 0.0008190 seconds, Stopping threads took: 0.0000640 seconds
231.093: Application time: 0.0461290 seconds
231.093: [GC [PSYoungGen: 19936K->1920K(21504K)] 37034K->19033K(69120K), 0.0008190 secs] [Times: user=0.01 sys=0.00, real=0.00 secs] 
231.094: Total time for which application threads were stopped: 0.0010260 seconds, Stopping threads took: 0.0001320 seconds
231.142: Application time: 0.0482730 seconds
231.143: [GC [PSYoungGen: 20461K->1408K(21504K)] 37574K->18521K(69120K), 0.0006710 secs] [Times: user=0.00 sys=0.00, real=0.00 secs] 
231.143: Total time for which application threads were stopped: 0.0008110 seconds, Stopping threads took: 0.0000730 seconds
231.190: Application time: 0.0469180 seconds
231.190: [GC [PSYoungGen: 20010K->2464K(21504K)] 37124K->20097K(69120K), 0.0011630 secs] [Times: user=0.01 sys=0.00, real=0.00 secs] 
231.192: Total time for which application threads were stopped: 0.0013800 seconds, Stopping threads took: 0.0001400 seconds
231.241: Application time: 0.0491090 seconds
231.241: [GC [PSYoungGen: 21087K->1392K(21504K)] 38721K->19025K(69120K), 0.0007070 secs] [Times: user=0.01 sys=0.00, real=0.00 secs] 
231.242: Total time for which application threads were stopped: 0.0008370 seconds, Stopping threads took: 0.0000650 seconds
231.286: Application time: 0.0445390 seconds
231.286: [GC [PSYoungGen: 19990K->2464K(21504K)] 37624K->21129K(69120K), 0.0012620 secs] [Times: user=0.01 sys=0.00, real=0.00 secs] 
231.288: Total time for which application threads were stopped: 0.0014160 seconds, Stopping threads took: 0.0000790 seconds
231.338: Application time: 0.0502470 seconds
231.338: [GC [PSYoungGen: 21011K->1392K(21504K)] 39677K->20065K(69120K), 0.0007070 secs] [Times: user=0.01 sys=0.00, real=0.00 secs] 
231.339: Total time for which application threads were stopped: 0.0008340 seconds, Stopping threads took: 0.0000620 seconds
231.385: Application time: 0.0460820 seconds
231.385: [GC [PSYoungGen: 19996K->2512K(21504K)] 38670K->21697K(69120K), 0.0011100 secs] [Times: user=0.00 sys=0.00, real=0.00 secs] 
231.386: Total time for which application threads were stopped: 0.0012580 seconds, Stopping threads took: 0.0000730 seconds
231.435: Application time: 0.0494230 seconds
231.435: [GC [PSYoungGen: 21135K->1424K(21504K)] 40321K->20617K(69120K), 0.0006560 secs] [Times: user=0.00 sys=0.00, real=0.01 secs] 
231.436: Total time for which application threads were stopped: 0.0007920 seconds, Stopping threads took: 0.0000680 seconds
231.483: Application time: 0.0469710 seconds
231.483: [GC [PSYoungGen: 20026K->2496K(21504K)] 39220K->22210K(69120K), 0.0011020 secs] [Times: user=0.01 sys=0.00, real=0.01 secs] 
231.484: Total time for which application threads were stopped: 0.0012690 seconds, Stopping threads took: 0.0000940 seconds
231.534: Application time: 0.0497350 seconds
231.534: [GC [PSYoungGen: 21043K->864K(21504K)] 40757K->20585K(69120K), 0.0005210 secs] [Times: user=0.00 sys=0.00, real=0.00 secs] 
231.535: Total time for which application threads were stopped: 0.0006610 seconds, Stopping threads took: 0.0000760 seconds
231.581: Application time: 0.0461390 seconds
231.581: [GC [PSYoungGen: 19388K->2464K(21504K)] 39110K->22185K(69120K), 0.0009560 secs] [Times: user=0.01 sys=0.00, real=0.00 secs] 
231.582: Total time for which application threads were stopped: 0.0011030 seconds, Stopping threads took: 0.0000710 seconds
231.631: Application time: 0.0490000 seconds
231.631: [GC [PSYoungGen: 21002K->1952K(21504K)] 40724K->21674K(69120K), 0.0008680 secs] [Times: user=0.01 sys=0.00, real=0.00 secs] 
231.632: Total time for which application threads were stopped: 0.0010170 seconds, Stopping threads took: 0.0000750 seconds
231.679: Application time: 0.0471390 seconds
231.679: [GC [PSYoungGen: 20482K->2480K(21504K)] 40204K->22202K(69120K), 0.0009540 secs] [Times: user=0.00 sys=0.00, real=0.00 secs] 
231.680: Total time for which application threads were stopped: 0.0012030 seconds, Stopping threads took: 0.0001790 seconds
231.728: Application time: 0.0479340 seconds
231.728: [GC [PSYoungGen: 21095K->2480K(21504K)] 40817K->22201K(69120K), 0.0009630 secs] [Times: user=0.01 sys=0.00, real=0.00 secs] 
231.729: Total time for which application threads were stopped: 0.0011110 seconds, Stopping threads took: 0.0000690 seconds
231.778: Application time: 0.0485260 seconds
231.778: [GC [PSYoungGen: 21099K->1968K(21504K)] 40821K->21697K(69120K), 0.0008740 secs] [Times: user=0.00 sys=0.00, real=0.00 secs] 
231.779: Total time for which application threads were stopped: 0.0010150 seconds, Stopping threads took: 0.0000750 seconds
231.825: Application time: 0.0464540 seconds
231.826: [GC [PSYoungGen: 20500K->2496K(21504K)] 40230K->22225K(69120K), 0.0009620 secs] [Times: user=0.01 sys=0.00, real=0.00 secs] 
231.827: Total time for which application threads were stopped: 0.0011120 seconds, Stopping threads took: 0.0000740 seconds
231.877: Application time: 0.0507920 seconds
231.878: [GC [PSYoungGen: 21121K->352K(21504K)] 40851K->20081K(69120K), 0.0004690 secs] [Times: user=0.01 sys=0.00, real=0.00 secs] 
231.878: Total time for which application threads were stopped: 0.0006240 seconds, Stopping threads took: 0.0000930 seconds
231.925: Application time: 0.0467900 seconds
231.925: [GC [PSYoungGen: 18872K->2480K(21504K)] 38602K->22218K(69120K), 0.0010270 secs] [Times: user=0.01 sys=0.00, real=0.00 secs] 
231.926: Total time for which application threads were stopped: 0.0011770 seconds, Stopping threads took: 0.0000770 seconds
231.975: Application time: 0.0488250 seconds
231.975: [GC [PSYoungGen: 21181K->864K(21504K)] 40919K->20609K(69120K), 0.0005710 secs] [Times: user=0.00 sys=0.00, real=0.00 secs] 
231.976: Total time for which application threads were stopped: 0.0007150 seconds, Stopping threads took: 0.0000700 seconds
232.022: Application time: 0.0464020 seconds
232.022: [GC [PSYoungGen: 19388K->2480K(21504K)] 39134K->22234K(69120K), 0.0009510 secs] [Times: user=0.01 sys=0.00, real=0.00 secs] 
232.023: Total time for which application threads were stopped: 0.0010950 seconds, Stopping threads took: 0.0000700 seconds
232.072: Application time: 0.0492510 seconds
232.072: [GC [PSYoungGen: 21103K->832K(21504K)] 40857K->20585K(69120K), 0.0005290 secs] [Times: user=0.00 sys=0.00, real=0.00 secs] 
232.073: Total time for which application threads were stopped: 0.0007500 seconds, Stopping threads took: 0.0001530 seconds
232.119: Application time: 0.0462940 seconds
232.119: [GC [PSYoungGen: 19430K->2512K(21504K)] 39184K->22785K(69120K), 0.0011030 secs] [Times: user=0.00 sys=0.01, real=0.00 secs] 
232.121: Total time for which application threads were stopped: 0.0012640 seconds, Stopping threads took: 0.0000810 seconds
232.170: Application time: 0.0492060 seconds
232.170: [GC [PSYoungGen: 21055K->1392K(21504K)] 41329K->21673K(69120K), 0.0006580 secs] [Times: user=0.00 sys=0.00, real=0.00 secs] 
232.171: Total time for which application threads were stopped: 0.0008160 seconds, Stopping threads took: 0.0000920 seconds
232.218: Application time: 0.0474350 seconds
232.218: [GC [PSYoungGen: 20003K->2496K(21504K)] 40284K->22786K(69120K), 0.0009570 secs] [Times: user=0.01 sys=0.00, real=0.00 secs] 
232.219: Total time for which application threads were stopped: 0.0011000 seconds, Stopping threads took: 0.0000710 seconds
232.268: Application time: 0.0483820 seconds
232.268: [GC [PSYoungGen: 21033K->2496K(21504K)] 41322K->22785K(69120K), 0.0009820 secs] [Times: user=0.00 sys=0.00, real=0.00 secs] 
232.269: Total time for which application threads were stopped: 0.0011360 seconds, Stopping threads took: 0.0000710 seconds
232.313: Application time: 0.0442310 seconds
232.313: [GC [PSYoungGen: 21028K->2480K(21504K)] 41318K->22769K(69120K), 0.0009360 secs] [Times: user=0.01 sys=0.00, real=0.00 secs] 
232.314: Total time for which application threads were stopped: 0.0011430 seconds, Stopping threads took: 0.0001340 seconds
232.360: Application time: 0.0456750 seconds
232.360: [GC [PSYoungGen: 21023K->1936K(21504K)] 41313K->22225K(69120K), 0.0008210 secs] [Times: user=0.00 sys=0.00, real=0.00 secs] 
232.361: Total time for which application threads were stopped: 0.0009590 seconds, Stopping threads took: 0.0000690 seconds
232.406: Application time: 0.0456330 seconds
232.406: [GC [PSYoungGen: 20555K->864K(21504K)] 40845K->21153K(69120K), 0.0005150 secs] [Times: user=0.00 sys=0.00, real=0.00 secs] 
232.407: Total time for which application threads were stopped: 0.0007310 seconds, Stopping threads took: 0.0001470 seconds
232.450: Application time: 0.0427510 seconds
232.450: [GC [PSYoungGen: 19466K->2496K(21504K)] 39756K->22802K(69120K), 0.0009440 secs] [Times: user=0.01 sys=0.00, real=0.00 secs] 
232.451: Total time for which application threads were stopped: 0.0010840 seconds, Stopping threads took: 0.0000700 seconds
232.495: Application time: 0.0443850 seconds
232.495: [GC [PSYoungGen: 21028K->2528K(21504K)] 41334K->23353K(69120K), 0.0011140 secs] [Times: user=0.00 sys=0.00, real=0.01 secs] 
232.497: Total time for which application threads were stopped: 0.0012690 seconds, Stopping threads took: 0.0000760 seconds
232.543: Application time: 0.0462380 seconds
232.543: [GC [PSYoungGen: 21151K->1440K(21504K)] 41977K->22266K(69120K), 0.0006670 secs] [Times: user=0.00 sys=0.00, real=0.00 secs] 
232.544: Total time for which application threads were stopped: 0.0007930 seconds, Stopping threads took: 0.0000640 seconds
232.585: Application time: 0.0413310 seconds
232.585: [GC [PSYoungGen: 19964K->2512K(21504K)] 40790K->23858K(69120K), 0.0011090 secs] [Times: user=0.01 sys=0.00, real=0.00 secs] 
232.586: Total time for which application threads were stopped: 0.0012500 seconds, Stopping threads took: 0.0000680 seconds
232.632: Application time: 0.0460830 seconds
232.632: [GC [PSYoungGen: 21211K->1920K(21504K)] 42557K->23266K(69120K), 0.0007970 secs] [Times: user=0.01 sys=0.00, real=0.00 secs] 
232.633: Total time for which application threads were stopped: 0.0009300 seconds, Stopping threads took: 0.0000670 seconds
232.676: Application time: 0.0427040 seconds
232.676: [GC [PSYoungGen: 20448K->2496K(21504K)] 41794K->24362K(69120K), 0.0010980 secs] [Times: user=0.01 sys=0.00, real=0.01 secs] 
232.677: Total time for which application threads were stopped: 0.0012500 seconds, Stopping threads took: 0.0000790 seconds
232.723: Application time: 0.0457460 seconds
232.723: [GC [PSYoungGen: 21041K->1424K(21504K)] 42907K->23290K(69120K), 0.0006270 secs] [Times: user=0.00 sys=0.00, real=0.00 secs] 
232.724: Total time for which application threads were stopped: 0.0007650 seconds, Stopping threads took: 0.0000720 seconds
232.767: Application time: 0.0437050 seconds
232.768: [GC [PSYoungGen: 20113K->1936K(21504K)] 41979K->23810K(69120K), 0.0007980 secs] [Times: user=0.01 sys=0.00, real=0.00 secs] 
232.768: Total time for which application threads were stopped: 0.0010310 seconds, Stopping threads took: 0.0001660 seconds
232.812: Application time: 0.0437740 seconds
232.812: [GC [PSYoungGen: 20464K->2512K(21504K)] 42338K->24906K(69120K), 0.0011040 secs] [Times: user=0.00 sys=0.00, real=0.00 secs] 
232.813: Total time for which application threads were stopped: 0.0012570 seconds, Stopping threads took: 0.0000730 seconds
232.860: Application time: 0.0468530 seconds
232.860: [GC [PSYoungGen: 21137K->896K(21504K)] 43531K->23290K(69120K), 0.0005000 secs] [Times: user=0.00 sys=0.00, real=0.00 secs] 
232.861: Total time for which application threads were stopped: 0.0006610 seconds, Stopping threads took: 0.0001000 seconds
232.902: Application time: 0.0412320 seconds
232.902: [GC [PSYoungGen: 19414K->2512K(21504K)] 41808K->25426K(69120K), 0.0011040 secs] [Times: user=0.00 sys=0.00, real=0.00 secs] 
232.903: Total time for which application threads were stopped: 0.0012550 seconds, Stopping threads took: 0.0000760 seconds
232.950: Application time: 0.0470320 seconds
232.951: [GC [PSYoungGen: 21059K->880K(21504K)] 43973K->23794K(69120K), 0.0005220 secs] [Times: user=0.00 sys=0.00, real=0.00 secs] 
232.951: Total time for which application threads were stopped: 0.0006510 seconds, Stopping threads took: 0.0000600 seconds
232.992: Application time: 0.0407610 seconds
232.992: [GC [PSYoungGen: 19400K->2480K(21504K)] 42314K->25906K(69120K), 0.0011010 secs] [Times: user=0.01 sys=0.00, real=0.00 secs] 
232.993: Total time for which application threads were stopped: 0.0012480 seconds, Stopping threads took: 0.0000730 seconds
233.040: Application time: 0.0467670 seconds
233.040: [GC [PSYoungGen: 21101K->1456K(21504K)] 44527K->24882K(69120K), 0.0006850 secs] [Times: user=0.00 sys=0.00, real=0.00 secs] 
233.041: Total time for which application threads were stopped: 0.0008810 seconds, Stopping threads took: 0.0001340 seconds
233.085: Application time: 0.0440070 seconds
233.085: [GC [PSYoungGen: 20062K->2480K(21504K)] 43488K->25914K(69120K), 0.0009580 secs] [Times: user=0.00 sys=0.00, real=0.00 secs] 
233.086: Total time for which application threads were stopped: 0.0011030 seconds, Stopping threads took: 0.0000730 seconds
233.131: Application time: 0.0447010 seconds
233.131: [GC [PSYoungGen: 21025K->864K(21504K)] 44459K->24306K(69120K), 0.0005160 secs] [Times: user=0.00 sys=0.00, real=0.00 secs] 
233.131: Total time for which application threads were stopped: 0.0006370 seconds, Stopping threads took: 0.0000620 seconds
233.175: Application time: 0.0433810 seconds
233.175: [GC [PSYoungGen: 19466K->2496K(21504K)] 42908K->25938K(69120K), 0.0009760 secs] [Times: user=0.00 sys=0.00, real=0.00 secs] 
233.176: Total time for which application threads were stopped: 0.0011280 seconds, Stopping threads took: 0.0000780 seconds
233.221: Application time: 0.0451950 seconds
233.221: [GC [PSYoungGen: 21041K->864K(21504K)] 44483K->24314K(69120K), 0.0005280 secs] [Times: user=0.01 sys=0.00, real=0.00 secs] 
233.222: Total time for which application threads were stopped: 0.0006540 seconds, Stopping threads took: 0.0000570 seconds
233.266: Application time: 0.0439340 seconds
233.266: [GC [PSYoungGen: 19394K->1408K(21504K)] 42844K->24858K(69120K), 0.0006490 secs] [Times: user=0.01 sys=0.00, real=0.00 secs] 
233.266: Total time for which application threads were stopped: 0.0008020 seconds, Stopping threads took: 0.0000860 seconds
233.310: Application time: 0.0433910 seconds
233.310: [GC [PSYoungGen: 20095K->2368K(21504K)] 43545K->25826K(69120K), 0.0010150 secs] [Times: user=0.01 sys=0.00, real=0.00 secs] 
233.311: Total time for which application threads were stopped: 0.0011540 seconds, Stopping threads took: 0.0000700 seconds
233.358: Application time: 0.0471640 seconds
233.358: [GC [PSYoungGen: 20915K->336K(21504K)] 44373K->23794K(69120K), 0.0004240 secs] [Times: user=0.00 sys=0.00, real=0.00 secs] 
233.359: Total time for which application threads were stopped: 0.0005700 seconds, Stopping threads took: 0.0000710 seconds
233.399: Application time: 0.0403350 seconds
233.399: [GC [PSYoungGen: 18934K->2480K(21504K)] 42392K->25938K(69120K), 0.0009330 secs] [Times: user=0.00 sys=0.00, real=0.00 secs] 
233.400: Total time for which application threads were stopped: 0.0010920 seconds, Stopping threads took: 0.0000830 seconds
233.448: Application time: 0.0475260 seconds
233.448: [GC [PSYoungGen: 21105K->352K(21504K)] 44563K->23818K(69120K), 0.0004660 secs] [Times: user=0.00 sys=0.00, real=0.00 secs] 
233.448: Total time for which application threads were stopped: 0.0006040 seconds, Stopping threads took: 0.0000720 seconds
233.490: Application time: 0.0417650 seconds
233.490: [GC [PSYoungGen: 18950K->2400K(21504K)] 42416K->25866K(69120K), 0.0010760 secs] [Times: user=0.00 sys=0.00, real=0.00 secs] 
233.491: Total time for which application threads were stopped: 0.0012220 seconds, Stopping threads took: 0.0000710 seconds
233.537: Application time: 0.0458670 seconds
233.537: [GC [PSYoungGen: 20943K->1424K(21504K)] 44409K->24898K(69120K), 0.0006690 secs] [Times: user=0.00 sys=0.00, real=0.00 secs] 
233.538: Total time for which application threads were stopped: 0.0008050 seconds, Stopping threads took: 0.0000650 seconds
233.580: Application time: 0.0417230 seconds
233.580: [GC [PSYoungGen: 19952K->2464K(21504K)] 43426K->25938K(69120K), 0.0009720 secs] [Times: user=0.00 sys=0.00, real=0.00 secs] 
233.581: Total time for which application threads were stopped: 0.0011190 seconds, Stopping threads took: 0.0000710 seconds
233.627: Application time: 0.0463420 seconds
233.627: [GC [PSYoungGen: 21005K->1408K(21504K)] 44479K->24882K(69120K), 0.0006720 secs] [Times: user=0.00 sys=0.00, real=0.00 secs] 
233.628: Total time for which application threads were stopped: 0.0008040 seconds, Stopping threads took: 0.0000690 seconds
233.670: Application time: 0.0417850 seconds
233.670: [GC [PSYoungGen: 20014K->2464K(21504K)] 43488K->26450K(69120K), 0.0010820 secs] [Times: user=0.01 sys=0.00, real=0.00 secs] 
233.671: Total time for which application threads were stopped: 0.0012280 seconds, Stopping threads took: 0.0000730 seconds
233.716: Application time: 0.0452340 seconds
233.716: [GC [PSYoungGen: 21087K->1408K(21504K)] 45073K->25402K(69120K), 0.0006750 secs] [Times: user=0.00 sys=0.00, real=0.00 secs] 
233.717: Total time for which application threads were stopped: 0.0008550 seconds, Stopping threads took: 0.0001110 seconds
233.761: Application time: 0.0438330 seconds
233.761: [GC [PSYoungGen: 19936K->1984K(21504K)] 43930K->25986K(69120K), 0.0007990 secs] [Times: user=0.01 sys=0.00, real=0.00 secs] 
233.762: Total time for which application threads were stopped: 0.0009690 seconds, Stopping threads took: 0.0001060 seconds
233.807: Application time: 0.0449190 seconds
233.807: [GC [PSYoungGen: 20603K->1904K(21504K)] 44605K->25906K(69120K), 0.0008800 secs] [Times: user=0.00 sys=0.00, real=0.00 secs] 
233.808: Total time for which application threads were stopped: 0.0010200 seconds, Stopping threads took: 0.0000700 seconds
233.851: Application time: 0.0429280 seconds
233.851: [GC [PSYoungGen: 20436K->2496K(21504K)] 44438K->26506K(69120K), 0.0010220 secs] [Times: user=0.01 sys=0.00, real=0.00 secs] 
233.852: Total time for which application threads were stopped: 0.0011720 seconds, Stopping threads took: 0.0000740 seconds
233.898: Application time: 0.0463930 seconds
233.898: [GC [PSYoungGen: 21037K->1952K(21504K)] 45047K->25962K(69120K), 0.0007960 secs] [Times: user=0.01 sys=0.00, real=0.00 secs] 
233.899: Total time for which application threads were stopped: 0.0009450 seconds, Stopping threads took: 0.0000700 seconds
233.941: Application time: 0.0422130 seconds
233.941: [GC [PSYoungGen: 20643K->2480K(21504K)] 44653K->26490K(69120K), 0.0009620 secs] [Times: user=0.01 sys=0.00, real=0.00 secs] 
233.942: Total time for which application threads were stopped: 0.0011070 seconds, Stopping threads took: 0.0000730 seconds
233.986: Application time: 0.0440300 seconds
233.987: [GC [PSYoungGen: 21021K->1936K(21504K)] 45031K->25954K(69120K), 0.0008590 secs] [Times: user=0.01 sys=0.00, real=0.00 secs] 
233.988: Total time for which application threads were stopped: 0.0010510 seconds, Stopping threads took: 0.0001220 seconds
234.032: Application time: 0.0444060 seconds
234.032: [GC [PSYoungGen: 20549K->1920K(21504K)] 44567K->25938K(69120K), 0.0008310 secs] [Times: user=0.00 sys=0.00, real=0.00 secs] 
234.033: Total time for which application threads were stopped: 0.0009810 seconds, Stopping threads took: 0.0000740 seconds
234.078: Application time: 0.0448610 seconds
234.078: [GC [PSYoungGen: 20533K->2480K(21504K)] 44551K->26506K(69120K), 0.0009640 secs] [Times: user=0.00 sys=0.00, real=0.00 secs] 
234.079: Total time for which application threads were stopped: 0.0011040 seconds, Stopping threads took: 0.0000710 seconds
234.123: Application time: 0.0438850 seconds
234.123: [GC [PSYoungGen: 21099K->1984K(21504K)] 45125K->26018K(69120K), 0.0008100 secs] [Times: user=0.01 sys=0.00, real=0.01 secs] 
234.124: Total time for which application threads were stopped: 0.0016270 seconds, Stopping threads took: 0.0000700 seconds
234.169: Application time: 0.0448470 seconds
234.169: [GC [PSYoungGen: 20514K->2448K(21504K)] 44548K->26490K(69120K), 0.0010190 secs] [Times: user=0.00 sys=0.00, real=0.00 secs] 
234.170: Total time for which application threads were stopped: 0.0011840 seconds, Stopping threads took: 0.0000920 seconds
234.215: Application time: 0.0449250 seconds
234.216: [GC [PSYoungGen: 20991K->1424K(21504K)] 45033K->25466K(69120K), 0.0006760 secs] [Times: user=0.00 sys=0.00, real=0.01 secs] 
234.216: Total time for which application threads were stopped: 0.0008770 seconds, Stopping threads took: 0.0001330 seconds
234.260: Application time: 0.0433590 seconds
234.260: [GC [PSYoungGen: 19952K->2528K(21504K)] 43994K->26570K(69120K), 0.0009650 secs] [Times: user=0.01 sys=0.00, real=0.00 secs] 
234.261: Total time for which application threads were stopped: 0.0011090 seconds, Stopping threads took: 0.0000730 seconds
234.305: Application time: 0.0446440 seconds
234.305: [GC [PSYoungGen: 21149K->1456K(21504K)] 45191K->25498K(69120K), 0.0006690 secs] [Times: user=0.01 sys=0.00, real=0.00 secs] 
234.306: Total time for which application threads were stopped: 0.0008010 seconds, Stopping threads took: 0.0000650 seconds
234.349: Application time: 0.0432890 seconds
234.350: [GC [PSYoungGen: 20058K->2464K(21504K)] 44100K->27026K(69120K), 0.0011270 secs] [Times: user=0.01 sys=0.00, real=0.00 secs] 
234.351: Total time for which application threads were stopped: 0.0012790 seconds, Stopping threads took: 0.0000790 seconds
234.397: Application time: 0.0460450 seconds
234.397: [GC [PSYoungGen: 21009K->1408K(21504K)] 45571K->25978K(69120K), 0.0006640 secs] [Times: user=0.00 sys=0.00, real=0.00 secs] 
234.398: Total time for which application threads were stopped: 0.0008080 seconds, Stopping threads took: 0.0000760 seconds
234.440: Application time: 0.0420560 seconds
234.440: [GC [PSYoungGen: 20006K->2496K(21504K)] 44576K->28090K(69120K), 0.0013010 secs] [Times: user=0.01 sys=0.00, real=0.00 secs] 
234.441: Total time for which application threads were stopped: 0.0014720 seconds, Stopping threads took: 0.0000780 seconds
234.488: Application time: 0.0473400 seconds
234.489: [GC [PSYoungGen: 21043K->1376K(21504K)] 46637K->26978K(69120K), 0.0006650 secs] [Times: user=0.00 sys=0.00, real=0.00 secs] 
234.489: Total time for which application threads were stopped: 0.0007880 seconds, Stopping threads took: 0.0000570 seconds
234.530: Application time: 0.0411870 seconds
234.531: [GC [PSYoungGen: 19896K->2496K(21504K)] 45498K->29122K(69120K), 0.0012950 secs] [Times: user=0.01 sys=0.00, real=0.00 secs] 
234.532: Total time for which application threads were stopped: 0.0014490 seconds, Stopping threads took: 0.0000750 seconds
234.578: Application time: 0.0465480 seconds
234.579: [GC [PSYoungGen: 21121K->1408K(21504K)] 47747K->28034K(69120K), 0.0006670 secs] [Times: user=0.00 sys=0.00, real=0.00 secs] 
234.579: Total time for which application threads were stopped: 0.0008090 seconds, Stopping threads took: 0.0000730 seconds
234.623: Application time: 0.0441180 seconds
234.624: [GC [PSYoungGen: 20023K->1392K(21504K)] 46649K->28026K(69120K), 0.0006740 secs] [Times: user=0.00 sys=0.00, real=0.01 secs] 
234.624: Total time for which application threads were stopped: 0.0008420 seconds, Stopping threads took: 0.0000990 seconds
234.667: Application time: 0.0425930 seconds
234.667: [GC [PSYoungGen: 19999K->2464K(21504K)] 46633K->29098K(69120K), 0.0009570 secs] [Times: user=0.01 sys=0.00, real=0.00 secs] 
234.668: Total time for which application threads were stopped: 0.0011040 seconds, Stopping threads took: 0.0000730 seconds
234.715: Application time: 0.0466530 seconds
234.715: [GC [PSYoungGen: 21009K->864K(21504K)] 47643K->27506K(69120K), 0.0004990 secs] [Times: user=0.00 sys=0.00, real=0.00 secs] 
234.715: Total time for which application threads were stopped: 0.0006170 seconds, Stopping threads took: 0.0000540 seconds
234.758: Application time: 0.0426390 seconds
234.758: [GC [PSYoungGen: 19547K->2496K(21504K)] 46189K->29146K(69120K), 0.0009530 secs] [Times: user=0.01 sys=0.00, real=0.00 secs] 
234.759: Total time for which application threads were stopped: 0.0010850 seconds, Stopping threads took: 0.0000600 seconds
234.805: Application time: 0.0462950 seconds
234.805: [GC [PSYoungGen: 21041K->880K(21504K)] 47691K->27538K(69120K), 0.0005100 secs] [Times: user=0.00 sys=0.00, real=0.00 secs] 
234.806: Total time for which application threads were stopped: 0.0006350 seconds, Stopping threads took: 0.0000630 seconds
234.848: Application time: 0.0423560 seconds
234.848: [GC [PSYoungGen: 19404K->2464K(21504K)] 46062K->29122K(69120K), 0.0009150 secs] [Times: user=0.00 sys=0.00, real=0.00 secs] 
234.849: Total time for which application threads were stopped: 0.0010470 seconds, Stopping threads took: 0.0000640 seconds
234.895: Application time: 0.0457710 seconds
234.895: [GC [PSYoungGen: 21005K->1440K(21504K)] 47663K->28098K(69120K), 0.0006310 secs] [Times: user=0.00 sys=0.00, real=0.00 secs] 
234.896: Total time for which application threads were stopped: 0.0007580 seconds, Stopping threads took: 0.0000670 seconds
234.938: Application time: 0.0417850 seconds
234.938: [GC [PSYoungGen: 19960K->2496K(21504K)] 46618K->29666K(69120K), 0.0011020 secs] [Times: user=0.00 sys=0.00, real=0.00 secs] 
234.939: Total time for which application threads were stopped: 0.0012600 seconds, Stopping threads took: 0.0000860 seconds
234.985: Application time: 0.0466150 seconds
234.986: [GC [PSYoungGen: 21199K->1392K(21504K)] 48369K->28570K(69120K), 0.0006370 secs] [Times: user=0.00 sys=0.00, real=0.00 secs] 
234.986: Total time for which application threads were stopped: 0.0007880 seconds, Stopping threads took: 0.0000740 seconds
235.028: Application time: 0.0417950 seconds
235.028: [GC [PSYoungGen: 19914K->2480K(21504K)] 47092K->30178K(69120K), 0.0011710 secs] [Times: user=0.01 sys=0.00, real=0.00 secs] 
235.029: Total time for which application threads were stopped: 0.0013150 seconds, Stopping threads took: 0.0000730 seconds
235.077: Application time: 0.0472900 seconds
235.077: [GC [PSYoungGen: 21103K->1424K(21504K)] 48801K->29122K(69120K), 0.0006700 secs] [Times: user=0.00 sys=0.00, real=0.00 secs] 
235.077: Total time for which application threads were stopped: 0.0007900 seconds, Stopping threads took: 0.0000530 seconds
235.120: Application time: 0.0424120 seconds
235.120: [GC [PSYoungGen: 19952K->2448K(21504K)] 47650K->30154K(69120K), 0.0009810 secs] [Times: user=0.00 sys=0.01, real=0.00 secs] 
235.121: Total time for which application threads were stopped: 0.0011240 seconds, Stopping threads took: 0.0000710 seconds
235.167: Application time: 0.0456270 seconds
235.167: [GC [PSYoungGen: 20993K->880K(21504K)] 48699K->28586K(69120K), 0.0005210 secs] [Times: user=0.00 sys=0.00, real=0.00 secs] 
235.167: Total time for which application threads were stopped: 0.0006820 seconds, Stopping threads took: 0.0001000 seconds
235.210: Application time: 0.0427170 seconds
235.210: [GC [PSYoungGen: 19482K->2464K(21504K)] 47188K->30170K(69120K), 0.0009230 secs] [Times: user=0.01 sys=0.00, real=0.00 secs] 
235.211: Total time for which application threads were stopped: 0.0010600 seconds, Stopping threads took: 0.0000680 seconds
235.256: Application time: 0.0449860 seconds
235.256: [GC [PSYoungGen: 21003K->1424K(21504K)] 48709K->29138K(69120K), 0.0007270 secs] [Times: user=0.00 sys=0.00, real=0.00 secs] 
235.257: Total time for which application threads were stopped: 0.0008900 seconds, Stopping threads took: 0.0000920 seconds
235.299: Application time: 0.0416240 seconds
235.299: [GC [PSYoungGen: 20111K->2528K(21504K)] 47825K->30762K(69120K), 0.0010800 secs] [Times: user=0.00 sys=0.00, real=0.00 secs] 
235.300: Total time for which application threads were stopped: 0.0012190 seconds, Stopping threads took: 0.0000680 seconds
235.347: Application time: 0.0467370 seconds
235.347: [GC [PSYoungGen: 21069K->1376K(21504K)] 49303K->29626K(69120K), 0.0006700 secs] [Times: user=0.01 sys=0.00, real=0.00 secs] 
235.347: Total time for which application threads were stopped: 0.0008610 seconds, Stopping threads took: 0.0001210 seconds
235.388: Application time: 0.0409010 seconds
235.388: [GC [PSYoungGen: 19980K->2496K(21504K)] 48230K->31770K(69120K), 0.0012770 secs] [Times: user=0.01 sys=0.00, real=0.00 secs] 
235.390: Total time for which application threads were stopped: 0.0014220 seconds, Stopping threads took: 0.0000690 seconds
235.437: Application time: 0.0473190 seconds
235.437: [GC [PSYoungGen: 21119K->1984K(21504K)] 50393K->31266K(69120K), 0.0007970 secs] [Times: user=0.00 sys=0.00, real=0.00 secs] 
235.438: Total time for which application threads were stopped: 0.0009350 seconds, Stopping threads took: 0.0000720 seconds
235.482: Application time: 0.0441300 seconds
235.482: [GC [PSYoungGen: 20520K->1952K(21504K)] 49803K->31234K(69120K), 0.0008110 secs] [Times: user=0.00 sys=0.00, real=0.00 secs] 
235.483: Total time for which application threads were stopped: 0.0009400 seconds, Stopping threads took: 0.0000590 seconds
235.527: Application time: 0.0438930 seconds
235.527: [GC [PSYoungGen: 20486K->1888K(21504K)] 49769K->31170K(69120K), 0.0008000 secs] [Times: user=0.01 sys=0.00, real=0.00 secs] 
235.528: Total time for which application threads were stopped: 0.0009380 seconds, Stopping threads took: 0.0000660 seconds
235.572: Application time: 0.0437570 seconds
235.572: [GC [PSYoungGen: 20416K->2480K(21504K)] 49698K->31762K(69120K), 0.0009780 secs] [Times: user=0.01 sys=0.00, real=0.00 secs] 
235.573: Total time for which application threads were stopped: 0.0011430 seconds, Stopping threads took: 0.0000920 seconds
235.617: Application time: 0.0445160 seconds
235.617: [GC [PSYoungGen: 21177K->1920K(21504K)] 50459K->31202K(69120K), 0.0007750 secs] [Times: user=0.00 sys=0.00, real=0.00 secs] 
235.618: Total time for which application threads were stopped: 0.0009170 seconds, Stopping threads took: 0.0000740 seconds
235.662: Application time: 0.0436200 seconds
235.662: [GC [PSYoungGen: 20446K->2480K(21504K)] 49728K->31770K(69120K), 0.0009580 secs] [Times: user=0.01 sys=0.00, real=0.00 secs] 
235.663: Total time for which application threads were stopped: 0.0011220 seconds, Stopping threads took: 0.0000800 seconds
235.707: Application time: 0.0440770 seconds
235.707: [GC [PSYoungGen: 21097K->2448K(21504K)] 50387K->31738K(69120K), 0.0009500 secs] [Times: user=0.01 sys=0.00, real=0.00 secs] 
235.708: Total time for which application threads were stopped: 0.0010940 seconds, Stopping threads took: 0.0000740 seconds
235.754: Application time: 0.0457280 seconds
235.754: [GC [PSYoungGen: 20989K->1936K(21504K)] 50279K->31234K(69120K), 0.0008460 secs] [Times: user=0.00 sys=0.00, real=0.00 secs] 
235.755: Total time for which application threads were stopped: 0.0009820 seconds, Stopping threads took: 0.0000660 seconds
235.797: Application time: 0.0418950 seconds
235.797: [GC [PSYoungGen: 20464K->2496K(21504K)] 49762K->32306K(69120K), 0.0011230 secs] [Times: user=0.00 sys=0.00, real=0.00 secs] 
235.798: Total time for which application threads were stopped: 0.0012730 seconds, Stopping threads took: 0.0000750 seconds
235.845: Application time: 0.0471090 seconds
235.845: [GC [PSYoungGen: 21111K->2480K(21504K)] 50921K->32290K(69120K), 0.0009570 secs] [Times: user=0.01 sys=0.00, real=0.00 secs] 
235.846: Total time for which application threads were stopped: 0.0011070 seconds, Stopping threads took: 0.0000780 seconds
235.890: Application time: 0.0441890 seconds
235.892: [GC [PSYoungGen: 21013K->1888K(21504K)] 50823K->31706K(69120K), 0.0008370 secs] [Times: user=0.00 sys=0.00, real=0.00 secs] 
235.893: Total time for which application threads were stopped: 0.0024950 seconds, Stopping threads took: 0.0015920 seconds
235.938: Application time: 0.0446160 seconds
235.938: [GC [PSYoungGen: 20583K->1920K(21504K)] 50401K->31738K(69120K), 0.0007890 secs] [Times: user=0.00 sys=0.00, real=0.00 secs] 
235.939: Total time for which application threads were stopped: 0.0009260 seconds, Stopping threads took: 0.0000690 seconds
235.984: Application time: 0.0455950 seconds
235.984: [GC [PSYoungGen: 20458K->1376K(21504K)] 50277K->31202K(69120K), 0.0006750 secs] [Times: user=0.00 sys=0.00, real=0.00 secs] 
235.985: Total time for which application threads were stopped: 0.0008390 seconds, Stopping threads took: 0.0000970 seconds
236.028: Application time: 0.0429720 seconds
236.028: [GC [PSYoungGen: 19978K->2496K(21504K)] 49804K->32834K(69120K), 0.0011250 secs] [Times: user=0.00 sys=0.00, real=0.00 secs] 
236.029: Total time for which application threads were stopped: 0.0012820 seconds, Stopping threads took: 0.0000740 seconds
236.075: Application time: 0.0454000 seconds
236.075: [GC [PSYoungGen: 21121K->896K(21504K)] 51459K->31242K(69120K), 0.0006180 secs] [Times: user=0.01 sys=0.00, real=0.00 secs] 
236.075: Total time for which application threads were stopped: 0.0007500 seconds, Stopping threads took: 0.0000660 seconds
236.118: Application time: 0.0425630 seconds
236.118: [GC [PSYoungGen: 19416K->2496K(21504K)] 49762K->33362K(69120K), 0.0011110 secs] [Times: user=0.01 sys=0.00, real=0.00 secs] 
236.119: Total time for which application threads were stopped: 0.0012530 seconds, Stopping threads took: 0.0000700 seconds
236.165: Application time: 0.0457150 seconds
236.165: [GC [PSYoungGen: 21043K->864K(21504K)] 51909K->31730K(69120K), 0.0005680 secs] [Times: user=0.01 sys=0.00, real=0.00 secs] 
236.166: Total time for which application threads were stopped: 0.0007040 seconds, Stopping threads took: 0.0000650 seconds
236.209: Application time: 0.0437150 seconds
236.209: [GC [PSYoungGen: 19388K->2448K(21504K)] 50254K->33314K(69120K), 0.0009570 secs] [Times: user=0.00 sys=0.00, real=0.00 secs] 
236.210: Total time for which application threads were stopped: 0.0010930 seconds, Stopping threads took: 0.0000590 seconds
236.254: Application time: 0.0436270 seconds
236.254: [GC [PSYoungGen: 21063K->2464K(21504K)] 51929K->33330K(69120K), 0.0009270 secs] [Times: user=0.01 sys=0.00, real=0.00 secs] 
236.255: Total time for which application threads were stopped: 0.0010670 seconds, Stopping threads took: 0.0000700 seconds
236.301: Application time: 0.0463060 seconds
236.302: [GC [PSYoungGen: 21083K->1952K(21504K)] 51949K->32826K(69120K), 0.0008420 secs] [Times: user=0.00 sys=0.00, real=0.00 secs] 
236.302: Total time for which application threads were stopped: 0.0009810 seconds, Stopping threads took: 0.0000670 seconds
236.350: Application time: 0.0475100 seconds
236.350: [GC [PSYoungGen: 20563K->1952K(21504K)] 51437K->32826K(69120K), 0.0008150 secs] [Times: user=0.01 sys=0.00, real=0.00 secs] 
236.351: Total time for which application threads were stopped: 0.0009590 seconds, Stopping threads took: 0.0000750 seconds
236.398: Application time: 0.0476130 seconds
236.399: [GC [PSYoungGen: 20493K->1952K(21504K)] 51367K->32834K(69120K), 0.0008540 secs] [Times: user=0.00 sys=0.00, real=0.00 secs] 
236.399: Total time for which application threads were stopped: 0.0009850 seconds, Stopping threads took: 0.0000590 seconds
236.446: Application time: 0.0468410 seconds
236.446: [GC [PSYoungGen: 20484K->2496K(21504K)] 51366K->33378K(69120K), 0.0009690 secs] [Times: user=0.00 sys=0.00, real=0.00 secs] 
236.447: Total time for which application threads were stopped: 0.0011070 seconds, Stopping threads took: 0.0000630 seconds
236.496: Application time: 0.0481900 seconds
236.496: [GC [PSYoungGen: 21117K->1376K(21504K)] 51999K->32258K(69120K), 0.0007280 secs] [Times: user=0.00 sys=0.00, real=0.01 secs] 
236.497: Total time for which application threads were stopped: 0.0008830 seconds, Stopping threads took: 0.0000890 seconds
236.545: Application time: 0.0480580 seconds
236.545: [GC [PSYoungGen: 19908K->1920K(21504K)] 50790K->32810K(69120K), 0.0008400 secs] [Times: user=0.01 sys=0.00, real=0.00 secs] 
236.546: Total time for which application threads were stopped: 0.0010030 seconds, Stopping threads took: 0.0000850 seconds
236.593: Application time: 0.0474940 seconds
236.593: [GC [PSYoungGen: 20448K->2448K(21504K)] 51338K->33338K(69120K), 0.0009920 secs] [Times: user=0.01 sys=0.00, real=0.00 secs] 
236.594: Total time for which application threads were stopped: 0.0011940 seconds, Stopping threads took: 0.0001250 seconds
236.643: Application time: 0.0484400 seconds
236.643: [GC [PSYoungGen: 21147K->1408K(21504K)] 52037K->32306K(69120K), 0.0006980 secs] [Times: user=0.01 sys=0.00, real=0.00 secs] 
236.644: Total time for which application threads were stopped: 0.0008340 seconds, Stopping threads took: 0.0000660 seconds
236.690: Application time: 0.0466610 seconds
236.690: [GC [PSYoungGen: 20016K->2464K(21504K)] 50915K->33362K(69120K), 0.0009960 secs] [Times: user=0.01 sys=0.00, real=0.00 secs] 
236.691: Total time for which application threads were stopped: 0.0011590 seconds, Stopping threads took: 0.0000890 seconds
236.742: Application time: 0.0504310 seconds
236.742: [GC [PSYoungGen: 21079K->1904K(21504K)] 51977K->32810K(69120K), 0.0008960 secs] [Times: user=0.01 sys=0.00, real=0.00 secs] 
236.743: Total time for which application threads were stopped: 0.0010550 seconds, Stopping threads took: 0.0000850 seconds
236.789: Application time: 0.0461250 seconds
236.789: [GC [PSYoungGen: 20436K->2448K(21504K)] 51343K->33362K(69120K), 0.0009860 secs] [Times: user=0.00 sys=0.00, real=0.00 secs] 
236.790: Total time for which application threads were stopped: 0.0011420 seconds, Stopping threads took: 0.0000830 seconds
236.839: Application time: 0.0488340 seconds
236.839: [GC [PSYoungGen: 20989K->1920K(21504K)] 51903K->32834K(69120K), 0.0008860 secs] [Times: user=0.01 sys=0.00, real=0.00 secs] 
236.840: Total time for which application threads were stopped: 0.0010300 seconds, Stopping threads took: 0.0000720 seconds
236.887: Application time: 0.0473670 seconds
236.887: [GC [PSYoungGen: 20448K->2512K(21504K)] 51362K->33938K(69120K), 0.0011260 secs] [Times: user=0.00 sys=0.00, real=0.00 secs] 
236.889: Total time for which application threads were stopped: 0.0012720 seconds, Stopping threads took: 0.0000740 seconds
236.939: Application time: 0.0503270 seconds
236.939: [GC [PSYoungGen: 21129K->2496K(21504K)] 52555K->33922K(69120K), 0.0010200 secs] [Times: user=0.01 sys=0.00, real=0.00 secs] 
236.940: Total time for which application threads were stopped: 0.0011770 seconds, Stopping threads took: 0.0000690 seconds
236.990: Application time: 0.0496770 seconds
236.990: [GC [PSYoungGen: 21115K->1392K(21504K)] 52541K->32826K(69120K), 0.0006900 secs] [Times: user=0.00 sys=0.00, real=0.00 secs] 
236.991: Total time for which application threads were stopped: 0.0009220 seconds, Stopping threads took: 0.0001590 seconds
237.039: Application time: 0.0480760 seconds
237.039: [GC [PSYoungGen: 19928K->832K(21504K)] 51363K->32274K(69120K), 0.0005370 secs] [Times: user=0.01 sys=0.00, real=0.00 secs] 
237.040: Total time for which application threads were stopped: 0.0006730 seconds, Stopping threads took: 0.0000690 seconds
237.087: Application time: 0.0475140 seconds
237.087: [GC [PSYoungGen: 19434K->2480K(21504K)] 50876K->33930K(69120K), 0.0009790 secs] [Times: user=0.00 sys=0.00, real=0.00 secs] 
237.088: Total time for which application threads were stopped: 0.0011400 seconds, Stopping threads took: 0.0000770 seconds
237.136: Application time: 0.0475780 seconds
237.136: [GC [PSYoungGen: 21021K->1936K(21504K)] 52471K->33386K(69120K), 0.0008220 secs] [Times: user=0.00 sys=0.00, real=0.01 secs] 
237.137: Total time for which application threads were stopped: 0.0009690 seconds, Stopping threads took: 0.0000790 seconds
237.183: Application time: 0.0462870 seconds
237.183: [GC [PSYoungGen: 20544K->2464K(21504K)] 51995K->33914K(69120K), 0.0009710 secs] [Times: user=0.01 sys=0.00, real=0.01 secs] 
237.184: Total time for which application threads were stopped: 0.0011360 seconds, Stopping threads took: 0.0000850 seconds
237.232: Application time: 0.0479820 seconds
237.232: [GC [PSYoungGen: 21001K->2400K(21504K)] 52451K->33858K(69120K), 0.0009860 secs] [Times: user=0.01 sys=0.00, real=0.00 secs] 
237.233: Total time for which application threads were stopped: 0.0011350 seconds, Stopping threads took: 0.0000690 seconds
237.284: Application time: 0.0509120 seconds
237.284: [GC [PSYoungGen: 20945K->848K(21504K)] 52403K->32306K(69120K), 0.0005560 secs] [Times: user=0.00 sys=0.00, real=0.00 secs] 
237.285: Total time for which application threads were stopped: 0.0007090 seconds, Stopping threads took: 0.0000820 seconds
237.329: Application time: 0.0445750 seconds
237.330: [GC [PSYoungGen: 19450K->2496K(21504K)] 50909K->33954K(69120K), 0.0009780 secs] [Times: user=0.00 sys=0.00, real=0.00 secs] 
237.331: Total time for which application threads were stopped: 0.0011360 seconds, Stopping threads took: 0.0000850 seconds
237.381: Application time: 0.0503630 seconds
237.381: [GC [PSYoungGen: 21197K->880K(21504K)] 52655K->32346K(69120K), 0.0005340 secs] [Times: user=0.00 sys=0.00, real=0.00 secs] 
237.382: Total time for which application threads were stopped: 0.0006590 seconds, Stopping threads took: 0.0000610 seconds
237.428: Application time: 0.0459190 seconds
237.428: [GC [PSYoungGen: 19480K->2464K(21504K)] 50947K->33938K(69120K), 0.0009820 secs] [Times: user=0.01 sys=0.00, real=0.00 secs] 
237.429: Total time for which application threads were stopped: 0.0011350 seconds, Stopping threads took: 0.0000790 seconds
237.478: Application time: 0.0489850 seconds
237.478: [GC [PSYoungGen: 21007K->1392K(21504K)] 52481K->32874K(69120K), 0.0007930 secs] [Times: user=0.00 sys=0.00, real=0.00 secs] 
237.479: Total time for which application threads were stopped: 0.0010120 seconds, Stopping threads took: 0.0001510 seconds
237.526: Application time: 0.0473180 seconds
237.526: [GC [PSYoungGen: 19920K->2464K(21504K)] 51402K->33946K(69120K), 0.0009830 secs] [Times: user=0.01 sys=0.00, real=0.00 secs] 
237.527: Total time for which application threads were stopped: 0.0011500 seconds, Stopping threads took: 0.0000950 seconds
237.576: Application time: 0.0487700 seconds
237.576: [GC [PSYoungGen: 20999K->1888K(21504K)] 52481K->33370K(69120K), 0.0008400 secs] [Times: user=0.00 sys=0.00, real=0.00 secs] 
237.577: Total time for which application threads were stopped: 0.0009920 seconds, Stopping threads took: 0.0000750 seconds
237.623: Application time: 0.0465780 seconds
237.624: [GC [PSYoungGen: 20418K->2512K(21504K)] 51900K->35018K(69120K), 0.0013130 secs] [Times: user=0.01 sys=0.00, real=0.00 secs] 
237.625: Total time for which application threads were stopped: 0.0019680 seconds, Stopping threads took: 0.0005680 seconds
237.675: Application time: 0.0500120 seconds
237.676: [GC [PSYoungGen: 21203K->1920K(21504K)] 53709K->34434K(69120K), 0.0008370 secs] [Times: user=0.00 sys=0.00, real=0.01 secs] 
237.676: Total time for which application threads were stopped: 0.0009710 seconds, Stopping threads took: 0.0000580 seconds
237.727: Application time: 0.0504390 seconds
237.727: [GC [PSYoungGen: 20461K->864K(21504K)] 52975K->33386K(69120K), 0.0005750 secs] [Times: user=0.00 sys=0.00, real=0.00 secs] 
237.728: Total time for which application threads were stopped: 0.0007010 seconds, Stopping threads took: 0.0000640 seconds
237.773: Application time: 0.0452450 seconds
237.773: [GC [PSYoungGen: 19466K->2480K(21504K)] 51989K->35002K(69120K), 0.0010330 secs] [Times: user=0.01 sys=0.00, real=0.00 secs] 
237.774: Total time for which application threads were stopped: 0.0011760 seconds, Stopping threads took: 0.0000690 seconds
237.824: Application time: 0.0496020 seconds
237.824: [GC [PSYoungGen: 21023K->1408K(21504K)] 53545K->33938K(69120K), 0.0007070 secs] [Times: user=0.01 sys=0.00, real=0.01 secs] 
237.824: Total time for which application threads were stopped: 0.0008480 seconds, Stopping threads took: 0.0000720 seconds
237.871: Application time: 0.0467130 seconds
237.871: [GC [PSYoungGen: 19936K->2480K(21504K)] 52466K->35010K(69120K), 0.0010610 secs] [Times: user=0.00 sys=0.00, real=0.00 secs] 
237.872: Total time for which application threads were stopped: 0.0012020 seconds, Stopping threads took: 0.0000670 seconds
237.921: Application time: 0.0483820 seconds
237.921: [GC [PSYoungGen: 21101K->1408K(21504K)] 53631K->33946K(69120K), 0.0006590 secs] [Times: user=0.00 sys=0.00, real=0.00 secs] 
237.922: Total time for which application threads were stopped: 0.0007890 seconds, Stopping threads took: 0.0000650 seconds
237.969: Application time: 0.0470730 seconds
237.969: [GC [PSYoungGen: 19936K->2512K(21504K)] 52474K->35050K(69120K), 0.0010070 secs] [Times: user=0.01 sys=0.00, real=0.00 secs] 
237.970: Total time for which application threads were stopped: 0.0011970 seconds, Stopping threads took: 0.0001140 seconds
238.019: Application time: 0.0487500 seconds
238.019: [GC [PSYoungGen: 21131K->1952K(21504K)] 53669K->34490K(69120K), 0.0008090 secs] [Times: user=0.00 sys=0.00, real=0.00 secs] 
238.020: Total time for which application threads were stopped: 0.0009510 seconds, Stopping threads took: 0.0000700 seconds
238.066: Application time: 0.0466670 seconds
238.066: [GC [PSYoungGen: 20563K->2448K(21504K)] 53101K->34994K(69120K), 0.0010180 secs] [Times: user=0.01 sys=0.00, real=0.00 secs] 
238.067: Total time for which application threads were stopped: 0.0011680 seconds, Stopping threads took: 0.0000760 seconds
238.116: Application time: 0.0481400 seconds
238.116: [GC [PSYoungGen: 21069K->1376K(21504K)] 53615K->33930K(69120K), 0.0007000 secs] [Times: user=0.00 sys=0.00, real=0.01 secs] 
238.116: Total time for which application threads were stopped: 0.0008380 seconds, Stopping threads took: 0.0000680 seconds
238.163: Application time: 0.0469690 seconds
238.163: [GC [PSYoungGen: 19982K->1888K(21504K)] 52537K->34450K(69120K), 0.0008540 secs] [Times: user=0.01 sys=0.00, real=0.01 secs] 
238.164: Total time for which application threads were stopped: 0.0010320 seconds, Stopping threads took: 0.0001000 seconds
238.212: Application time: 0.0474830 seconds
238.212: [GC [PSYoungGen: 20424K->1920K(21504K)] 52987K->34482K(69120K), 0.0008420 secs] [Times: user=0.00 sys=0.00, real=0.00 secs] 
238.213: Total time for which application threads were stopped: 0.0010100 seconds, Stopping threads took: 0.0000950 seconds
238.260: Application time: 0.0476070 seconds
238.261: [GC [PSYoungGen: 20461K->1952K(21504K)] 53023K->34514K(69120K), 0.0008380 secs] [Times: user=0.00 sys=0.00, real=0.00 secs] 
238.261: Total time for which application threads were stopped: 0.0009960 seconds, Stopping threads took: 0.0000910 seconds
238.310: Application time: 0.0485280 seconds
238.310: [GC [PSYoungGen: 20488K->1952K(21504K)] 53051K->34514K(69120K), 0.0009150 secs] [Times: user=0.01 sys=0.00, real=0.00 secs] 
238.311: Total time for which application threads were stopped: 0.0010510 seconds, Stopping threads took: 0.0000630 seconds
238.360: Application time: 0.0486210 seconds
238.360: [GC [PSYoungGen: 20643K->1936K(21504K)] 53205K->34498K(69120K), 0.0008180 secs] [Times: user=0.00 sys=0.00, real=0.00 secs] 
238.361: Total time for which application threads were stopped: 0.0009690 seconds, Stopping threads took: 0.0000840 seconds
238.407: Application time: 0.0465700 seconds
238.407: [GC [PSYoungGen: 20468K->2464K(21504K)] 53031K->35034K(69120K), 0.0009950 secs] [Times: user=0.00 sys=0.00, real=0.00 secs] 
238.408: Total time for which application threads were stopped: 0.0011450 seconds, Stopping threads took: 0.0000760 seconds
238.456: Application time: 0.0478830 seconds
238.456: [GC [PSYoungGen: 21083K->1904K(21504K)] 53653K->34474K(69120K), 0.0007980 secs] [Times: user=0.00 sys=0.00, real=0.00 secs] 
238.457: Total time for which application threads were stopped: 0.0009360 seconds, Stopping threads took: 0.0000670 seconds
238.504: Application time: 0.0466440 seconds
238.504: [GC [PSYoungGen: 20436K->2448K(21504K)] 53007K->35026K(69120K), 0.0010090 secs] [Times: user=0.01 sys=0.00, real=0.01 secs] 
238.505: Total time for which application threads were stopped: 0.0011580 seconds, Stopping threads took: 0.0000730 seconds
238.553: Application time: 0.0479430 seconds
238.553: [GC [PSYoungGen: 20987K->1968K(21504K)] 53565K->34546K(69120K), 0.0008300 secs] [Times: user=0.01 sys=0.00, real=0.00 secs] 
238.554: Total time for which application threads were stopped: 0.0009680 seconds, Stopping threads took: 0.0000640 seconds
238.601: Application time: 0.0468260 seconds
238.601: [GC [PSYoungGen: 20579K->2448K(21504K)] 53157K->35026K(69120K), 0.0009960 secs] [Times: user=0.01 sys=0.00, real=0.00 secs] 
238.602: Total time for which application threads were stopped: 0.0011410 seconds, Stopping threads took: 0.0000700 seconds
238.652: Application time: 0.0497480 seconds
238.652: [GC [PSYoungGen: 20987K->1936K(21504K)] 53565K->34522K(69120K), 0.0008330 secs] [Times: user=0.01 sys=0.00, real=0.00 secs] 
238.653: Total time for which application threads were stopped: 0.0009800 seconds, Stopping threads took: 0.0000760 seconds
238.701: Application time: 0.0482930 seconds
238.701: [GC [PSYoungGen: 20551K->1376K(21504K)] 53137K->33962K(69120K), 0.0006350 secs] [Times: user=0.00 sys=0.00, real=0.00 secs] 
238.702: Total time for which application threads were stopped: 0.0008130 seconds, Stopping threads took: 0.0001060 seconds
238.749: Application time: 0.0475450 seconds
238.749: [GC [PSYoungGen: 19912K->1936K(21504K)] 52499K->34530K(69120K), 0.0008190 secs] [Times: user=0.01 sys=0.00, real=0.00 secs] 
238.750: Total time for which application threads were stopped: 0.0009610 seconds, Stopping threads took: 0.0000750 seconds
238.797: Application time: 0.0468510 seconds
238.797: [GC [PSYoungGen: 20625K->2496K(21504K)] 53219K->35098K(69120K), 0.0010050 secs] [Times: user=0.01 sys=0.00, real=0.00 secs] 
238.798: Total time for which application threads were stopped: 0.0011470 seconds, Stopping threads took: 0.0000710 seconds
238.846: Application time: 0.0481310 seconds
238.846: [GC [PSYoungGen: 21117K->1424K(21504K)] 53719K->34034K(69120K), 0.0006820 secs] [Times: user=0.00 sys=0.00, real=0.00 secs] 
238.847: Total time for which application threads were stopped: 0.0008220 seconds, Stopping threads took: 0.0000720 seconds
238.895: Application time: 0.0473560 seconds
238.895: [GC [PSYoungGen: 19952K->2496K(21504K)] 52562K->35114K(69120K), 0.0010050 secs] [Times: user=0.01 sys=0.00, real=0.00 secs] 
238.896: Total time for which application threads were stopped: 0.0011550 seconds, Stopping threads took: 0.0000730 seconds
238.944: Application time: 0.0479740 seconds
238.944: [GC [PSYoungGen: 21037K->1936K(21504K)] 53655K->34554K(69120K), 0.0008370 secs] [Times: user=0.01 sys=0.00, real=0.01 secs] 
238.945: Total time for which application threads were stopped: 0.0009960 seconds, Stopping threads took: 0.0000860 seconds
238.992: Application time: 0.0472660 seconds
238.992: [GC [PSYoungGen: 20472K->1952K(21504K)] 53091K->34570K(69120K), 0.0008860 secs] [Times: user=0.01 sys=0.00, real=0.00 secs] 
238.993: Total time for which application threads were stopped: 0.0010390 seconds, Stopping threads took: 0.0000750 seconds
239.040: Application time: 0.0471730 seconds
239.040: [GC [PSYoungGen: 20641K->2496K(21504K)] 53259K->35114K(69120K), 0.0010570 secs] [Times: user=0.01 sys=0.00, real=0.00 secs] 
239.041: Total time for which application threads were stopped: 0.0012040 seconds, Stopping threads took: 0.0000720 seconds
239.092: Application time: 0.0504920 seconds
239.092: [GC [PSYoungGen: 21041K->832K(21504K)] 53659K->33458K(69120K), 0.0005880 secs] [Times: user=0.00 sys=0.01, real=0.00 secs] 
239.093: Total time for which application threads were stopped: 0.0007340 seconds, Stopping threads took: 0.0000750 seconds
239.138: Application time: 0.0452330 seconds
239.138: [GC [PSYoungGen: 19434K->2464K(21504K)] 52061K->35090K(69120K), 0.0009800 secs] [Times: user=0.01 sys=0.00, real=0.00 secs] 
239.140: Total time for which application threads were stopped: 0.0017310 seconds, Stopping threads took: 0.0000910 seconds
239.188: Application time: 0.0487610 seconds
239.188: [GC [PSYoungGen: 21007K->1424K(21504K)] 53633K->34058K(69120K), 0.0007640 secs] [Times: user=0.00 sys=0.00, real=0.00 secs] 
239.189: Total time for which application threads were stopped: 0.0009260 seconds, Stopping threads took: 0.0000870 seconds
239.236: Application time: 0.0465670 seconds
239.236: [GC [PSYoungGen: 19952K->2480K(21504K)] 52586K->35114K(69120K), 0.0009780 secs] [Times: user=0.01 sys=0.00, real=0.01 secs] 
239.237: Total time for which application threads were stopped: 0.0011350 seconds, Stopping threads took: 0.0000720 seconds
239.286: Application time: 0.0491460 seconds
239.286: [GC [PSYoungGen: 21101K->1440K(21504K)] 53735K->34074K(69120K), 0.0007140 secs] [Times: user=0.00 sys=0.00, real=0.00 secs] 
239.287: Total time for which application threads were stopped: 0.0008530 seconds, Stopping threads took: 0.0000700 seconds
239.333: Application time: 0.0460170 seconds
239.333: [GC [PSYoungGen: 19968K->2400K(21504K)] 52602K->35042K(69120K), 0.0010030 secs] [Times: user=0.00 sys=0.00, real=0.00 secs] 
239.334: Total time for which application threads were stopped: 0.0011550 seconds, Stopping threads took: 0.0000810 seconds
239.386: Application time: 0.0514680 seconds
239.386: [GC [PSYoungGen: 21025K->336K(21504K)] 53667K->32978K(69120K), 0.0004480 secs] [Times: user=0.00 sys=0.00, real=0.00 secs] 
239.386: Total time for which application threads were stopped: 0.0005850 seconds, Stopping threads took: 0.0000740 seconds
239.430: Application time: 0.0438080 seconds
239.430: [GC [PSYoungGen: 18854K->2496K(21504K)] 51496K->35658K(69120K), 0.0011320 secs] [Times: user=0.01 sys=0.00, real=0.00 secs] 
239.431: Total time for which application threads were stopped: 0.0012900 seconds, Stopping threads took: 0.0000800 seconds
239.482: Application time: 0.0508420 seconds
239.482: [GC [PSYoungGen: 21121K->832K(21504K)] 54283K->33994K(69120K), 0.0005570 secs] [Times: user=0.00 sys=0.00, real=0.00 secs] 
239.483: Total time for which application threads were stopped: 0.0006850 seconds, Stopping threads took: 0.0000610 seconds
239.527: Application time: 0.0445520 seconds
239.528: [GC [PSYoungGen: 19515K->2448K(21504K)] 52677K->35618K(69120K), 0.0009960 secs] [Times: user=0.01 sys=0.00, real=0.00 secs] 
239.529: Total time for which application threads were stopped: 0.0012410 seconds, Stopping threads took: 0.0001690 seconds
239.579: Application time: 0.0506540 seconds
239.579: [GC [PSYoungGen: 20991K->1408K(21504K)] 54161K->34586K(69120K), 0.0007120 secs] [Times: user=0.00 sys=0.00, real=0.00 secs] 
239.580: Total time for which application threads were stopped: 0.0008670 seconds, Stopping threads took: 0.0000820 seconds
239.625: Application time: 0.0451830 seconds
239.625: [GC [PSYoungGen: 19936K->2464K(21504K)] 53114K->35642K(69120K), 0.0009810 secs] [Times: user=0.00 sys=0.00, real=0.00 secs] 
239.626: Total time for which application threads were stopped: 0.0011310 seconds, Stopping threads took: 0.0000770 seconds
239.676: Application time: 0.0497530 seconds
239.676: [GC [PSYoungGen: 21005K->1920K(21504K)] 54183K->35098K(69120K), 0.0008360 secs] [Times: user=0.01 sys=0.00, real=0.00 secs] 
239.677: Total time for which application threads were stopped: 0.0009870 seconds, Stopping threads took: 0.0000810 seconds
239.723: Application time: 0.0459530 seconds
239.723: [GC [PSYoungGen: 20603K->2512K(21504K)] 53781K->36714K(69120K), 0.0013110 secs] [Times: user=0.01 sys=0.00, real=0.01 secs] 
239.725: Total time for which application threads were stopped: 0.0014670 seconds, Stopping threads took: 0.0000790 seconds
239.775: Application time: 0.0502060 seconds
239.775: [GC [PSYoungGen: 21059K->1392K(21504K)] 55261K->35602K(69120K), 0.0007570 secs] [Times: user=0.00 sys=0.00, real=0.00 secs] 
239.776: Total time for which application threads were stopped: 0.0009200 seconds, Stopping threads took: 0.0000840 seconds
239.821: Application time: 0.0453880 seconds
239.821: [GC [PSYoungGen: 19992K->2496K(21504K)] 54203K->37730K(69120K), 0.0012770 secs] [Times: user=0.00 sys=0.00, real=0.00 secs] 
239.823: Total time for which application threads were stopped: 0.0014270 seconds, Stopping threads took: 0.0000760 seconds
239.874: Application time: 0.0510710 seconds
239.874: [GC [PSYoungGen: 21043K->1424K(21504K)] 56277K->36666K(69120K), 0.0006800 secs] [Times: user=0.01 sys=0.00, real=0.00 secs] 
239.874: Total time for which application threads were stopped: 0.0008090 seconds, Stopping threads took: 0.0000620 seconds
239.919: Application time: 0.0447070 seconds
239.919: [GC [PSYoungGen: 19944K->2528K(21504K)] 55186K->38794K(69120K), 0.0013390 secs] [Times: user=0.01 sys=0.00, real=0.00 secs] 
239.921: Total time for which application threads were stopped: 0.0014910 seconds, Stopping threads took: 0.0000750 seconds
239.971: Application time: 0.0501770 seconds
239.971: [GC [PSYoungGen: 21153K->1408K(21504K)] 57420K->37674K(69120K), 0.0007010 secs] [Times: user=0.01 sys=0.00, real=0.00 secs] 
239.972: Total time for which application threads were stopped: 0.0008440 seconds, Stopping threads took: 0.0000690 seconds
240.018: Application time: 0.0458380 seconds
240.018: [GC [PSYoungGen: 19930K->2496K(21504K)] 56196K->39794K(69120K), 0.0013020 secs] [Times: user=0.00 sys=0.00, real=0.00 secs] 
240.019: Total time for which application threads were stopped: 0.0014450 seconds, Stopping threads took: 0.0000680 seconds
240.068: Application time: 0.0489960 seconds
240.068: [GC [PSYoungGen: 21121K->1360K(21504K)] 58419K->38658K(69120K), 0.0007060 secs] [Times: user=0.01 sys=0.00, real=0.00 secs] 
240.069: Total time for which application threads were stopped: 0.0008590 seconds, Stopping threads took: 0.0000820 seconds
240.116: Application time: 0.0473110 seconds
240.116: [GC [PSYoungGen: 19888K->2512K(21504K)] 57187K->39818K(69120K), 0.0009870 secs] [Times: user=0.00 sys=0.00, real=0.00 secs] 
240.117: Total time for which application threads were stopped: 0.0011260 seconds, Stopping threads took: 0.0000670 seconds
240.165: Application time: 0.0478850 seconds
240.165: [GC [PSYoungGen: 21123K->2464K(21504K)] 58429K->40282K(69120K), 0.0011510 secs] [Times: user=0.01 sys=0.00, real=0.00 secs] 
240.166: Total time for which application threads were stopped: 0.0013130 seconds, Stopping threads took: 0.0000870 seconds
240.215: Application time: 0.0483060 seconds
240.215: [GC [PSYoungGen: 21165K->1392K(21504K)] 58984K->39218K(69120K), 0.0007120 secs] [Times: user=0.00 sys=0.00, real=0.00 secs] 
240.216: Total time for which application threads were stopped: 0.0009450 seconds, Stopping threads took: 0.0001620 seconds
240.262: Application time: 0.0460130 seconds
240.262: [GC [PSYoungGen: 19916K->2464K(21504K)] 57742K->40810K(69120K), 0.0011200 secs] [Times: user=0.01 sys=0.00, real=0.00 secs] 
240.263: Total time for which application threads were stopped: 0.0012730 seconds, Stopping threads took: 0.0000700 seconds
240.310: Application time: 0.0472180 seconds
240.310: [GC [PSYoungGen: 21009K->1392K(21504K)] 59355K->39738K(69120K), 0.0007170 secs] [Times: user=0.00 sys=0.00, real=0.00 secs] 
240.311: Total time for which application threads were stopped: 0.0008520 seconds, Stopping threads took: 0.0000580 seconds
240.354: Application time: 0.0428720 seconds
240.354: [GC [PSYoungGen: 19914K->2528K(21504K)] 58260K->41386K(69120K), 0.0011140 secs] [Times: user=0.01 sys=0.00, real=0.00 secs] 
240.355: Total time for which application threads were stopped: 0.0012620 seconds, Stopping threads took: 0.0000750 seconds
240.401: Application time: 0.0458130 seconds
240.401: [GC [PSYoungGen: 21229K->1408K(21504K)] 60088K->40266K(69120K), 0.0006540 secs] [Times: user=0.00 sys=0.00, real=0.00 secs] 
240.402: Total time for which application threads were stopped: 0.0007910 seconds, Stopping threads took: 0.0000750 seconds
240.445: Application time: 0.0429800 seconds
240.445: [GC [PSYoungGen: 19938K->1888K(21504K)] 58797K->40754K(69120K), 0.0007840 secs] [Times: user=0.01 sys=0.00, real=0.00 secs] 
240.446: Total time for which application threads were stopped: 0.0009340 seconds, Stopping threads took: 0.0000780 seconds
240.490: Application time: 0.0442000 seconds
240.490: [GC [PSYoungGen: 20503K->1952K(21504K)] 59369K->40818K(69120K), 0.0008100 secs] [Times: user=0.00 sys=0.00, real=0.00 secs] 
240.491: Total time for which application threads were stopped: 0.0009550 seconds, Stopping threads took: 0.0000820 seconds
240.535: Application time: 0.0444200 seconds
240.536: [GC [PSYoungGen: 20486K->1424K(21504K)] 59353K->40298K(69120K), 0.0007190 secs] [Times: user=0.00 sys=0.01, real=0.01 secs] 
240.536: Total time for which application threads were stopped: 0.0009610 seconds, Stopping threads took: 0.0001720 seconds
240.580: Application time: 0.0434450 seconds
240.580: [GC [PSYoungGen: 19956K->1952K(21504K)] 58831K->40826K(69120K), 0.0008590 secs] [Times: user=0.00 sys=0.00, real=0.00 secs] 
240.581: Total time for which application threads were stopped: 0.0010630 seconds, Stopping threads took: 0.0001320 seconds
240.625: Application time: 0.0443800 seconds
240.625: [GC [PSYoungGen: 20567K->2496K(21504K)] 59441K->41370K(69120K), 0.0009590 secs] [Times: user=0.00 sys=0.00, real=0.00 secs] 
240.626: Total time for which application threads were stopped: 0.0010920 seconds, Stopping threads took: 0.0000620 seconds
240.670: Application time: 0.0442130 seconds
240.671: [GC [PSYoungGen: 21039K->1408K(21504K)] 59913K->40290K(69120K), 0.0006780 secs] [Times: user=0.00 sys=0.00, real=0.00 secs] 
240.671: Total time for which application threads were stopped: 0.0008000 seconds, Stopping threads took: 0.0000640 seconds
240.715: Application time: 0.0433290 seconds
240.715: [GC [PSYoungGen: 19938K->2432K(21504K)] 58821K->41314K(69120K), 0.0009580 secs] [Times: user=0.00 sys=0.00, real=0.00 secs] 
240.716: Total time for which application threads were stopped: 0.0010990 seconds, Stopping threads took: 0.0000710 seconds
240.762: Application time: 0.0460900 seconds
240.762: [GC [PSYoungGen: 21053K->864K(21504K)] 59935K->39754K(69120K), 0.0005380 secs] [Times: user=0.01 sys=0.00, real=0.00 secs] 
240.762: Total time for which application threads were stopped: 0.0006740 seconds, Stopping threads took: 0.0000740 seconds
240.804: Application time: 0.0411920 seconds
240.804: [GC [PSYoungGen: 19384K->2480K(21504K)] 58274K->41882K(69120K), 0.0011550 secs] [Times: user=0.00 sys=0.00, real=0.01 secs] 
240.805: Total time for which application threads were stopped: 0.0013070 seconds, Stopping threads took: 0.0000770 seconds
240.851: Application time: 0.0464580 seconds
240.852: [GC [PSYoungGen: 21181K->1408K(21504K)] 60584K->40818K(69120K), 0.0006700 secs] [Times: user=0.00 sys=0.00, real=0.00 secs] 
240.852: Total time for which application threads were stopped: 0.0008010 seconds, Stopping threads took: 0.0000600 seconds
240.897: Application time: 0.0448660 seconds
240.897: [GC [PSYoungGen: 20021K->1424K(21504K)] 59431K->40842K(69120K), 0.0007010 secs] [Times: user=0.00 sys=0.00, real=0.00 secs] 
240.898: Total time for which application threads were stopped: 0.0008440 seconds, Stopping threads took: 0.0000730 seconds
240.942: Application time: 0.0441490 seconds
240.942: [GC [PSYoungGen: 19948K->2464K(21504K)] 59366K->41882K(69120K), 0.0009750 secs] [Times: user=0.01 sys=0.00, real=0.00 secs] 
240.943: Total time for which application threads were stopped: 0.0011320 seconds, Stopping threads took: 0.0000880 seconds
240.988: Application time: 0.0444860 seconds
240.988: [GC [PSYoungGen: 21007K->1920K(21504K)] 60425K->41338K(69120K), 0.0008090 secs] [Times: user=0.01 sys=0.00, real=0.00 secs] 
240.989: Total time for which application threads were stopped: 0.0009550 seconds, Stopping threads took: 0.0000750 seconds
241.032: Application time: 0.0435420 seconds
241.032: [GC [PSYoungGen: 20609K->2464K(21504K)] 60027K->41882K(69120K), 0.0010130 secs] [Times: user=0.00 sys=0.00, real=0.00 secs] 
241.033: Total time for which application threads were stopped: 0.0011710 seconds, Stopping threads took: 0.0000880 seconds
241.078: Application time: 0.0446430 seconds
241.078: [GC [PSYoungGen: 21003K->1952K(21504K)] 60421K->41378K(69120K), 0.0008460 secs] [Times: user=0.00 sys=0.00, real=0.00 secs] 
241.079: Total time for which application threads were stopped: 0.0009910 seconds, Stopping threads took: 0.0000750 seconds
241.123: Application time: 0.0438920 seconds
241.123: [GC [PSYoungGen: 20558K->2496K(21504K)] 59985K->42434K(69120K), 0.0011160 secs] [Times: user=0.01 sys=0.00, real=0.01 secs] 
241.124: Total time for which application threads were stopped: 0.0012890 seconds, Stopping threads took: 0.0001020 seconds
241.171: Application time: 0.0462820 seconds
241.171: [GC [PSYoungGen: 21039K->1936K(21504K)] 60977K->41882K(69120K), 0.0008080 secs] [Times: user=0.00 sys=0.00, real=0.00 secs] 
241.171: Total time for which application threads were stopped: 0.0009350 seconds, Stopping threads took: 0.0000590 seconds
241.214: Application time: 0.0427690 seconds
241.214: [GC [PSYoungGen: 20468K->2496K(21504K)] 60415K->42442K(69120K), 0.0009620 secs] [Times: user=0.00 sys=0.00, real=0.00 secs] 
241.215: Total time for which application threads were stopped: 0.0011210 seconds, Stopping threads took: 0.0000890 seconds
241.261: Application time: 0.0457750 seconds
241.261: [GC [PSYoungGen: 21115K->1936K(21504K)] 61061K->41882K(69120K), 0.0007940 secs] [Times: user=0.00 sys=0.00, real=0.00 secs] 
241.262: Total time for which application threads were stopped: 0.0009310 seconds, Stopping threads took: 0.0000680 seconds
241.306: Application time: 0.0434650 seconds
241.306: [GC [PSYoungGen: 20464K->2464K(21504K)] 60411K->42930K(69120K), 0.0011320 secs] [Times: user=0.01 sys=0.00, real=0.00 secs] 
241.307: Total time for which application threads were stopped: 0.0012810 seconds, Stopping threads took: 0.0000750 seconds
241.351: Application time: 0.0445570 seconds
241.352: [GC [PSYoungGen: 21007K->1952K(21504K)] 61473K->42418K(69120K), 0.0008260 secs] [Times: user=0.01 sys=0.00, real=0.00 secs] 
241.352: Total time for which application threads were stopped: 0.0009960 seconds, Stopping threads took: 0.0000960 seconds
241.395: Application time: 0.0423440 seconds
241.396: [GC [PSYoungGen: 20554K->2464K(21504K)] 61021K->43442K(69120K), 0.0011490 secs] [Times: user=0.01 sys=0.00, real=0.00 secs] 
241.397: Total time for which application threads were stopped: 0.0026130 seconds, Stopping threads took: 0.0013790 seconds
241.443: Application time: 0.0458550 seconds
241.443: [GC [PSYoungGen: 21009K->1936K(21504K)] 61987K->42922K(69120K), 0.0008880 secs] [Times: user=0.01 sys=0.00, real=0.01 secs] 
241.444: Total time for which application threads were stopped: 0.0010610 seconds, Stopping threads took: 0.0000970 seconds
241.488: Application time: 0.0437480 seconds
241.488: [GC [PSYoungGen: 20623K->2480K(21504K)] 61609K->43978K(69120K), 0.0011560 secs] [Times: user=0.01 sys=0.00, real=0.00 secs] 
241.489: Total time for which application threads were stopped: 0.0013100 seconds, Stopping threads took: 0.0000670 seconds
241.534: Application time: 0.0445800 seconds
241.534: [GC [PSYoungGen: 21019K->2496K(21504K)] 62517K->44002K(69120K), 0.0009950 secs] [Times: user=0.01 sys=0.00, real=0.00 secs] 
241.535: Total time for which application threads were stopped: 0.0011430 seconds, Stopping threads took: 0.0000760 seconds
241.580: Application time: 0.0448400 seconds
241.580: [GC [PSYoungGen: 21115K->1392K(21504K)] 62621K->42906K(69120K), 0.0006900 secs] [Times: user=0.00 sys=0.00, real=0.00 secs] 
241.581: Total time for which application threads were stopped: 0.0008220 seconds, Stopping threads took: 0.0000670 seconds
241.624: Application time: 0.0433350 seconds
241.624: [GC [PSYoungGen: 19924K->1904K(21504K)] 61439K->43418K(69120K), 0.0008300 secs] [Times: user=0.01 sys=0.00, real=0.00 secs] 
241.625: Total time for which application threads were stopped: 0.0009750 seconds, Stopping threads took: 0.0000750 seconds
241.668: Application time: 0.0429020 seconds
241.668: [GC [PSYoungGen: 20593K->2432K(21504K)] 62107K->43946K(69120K), 0.0010450 secs] [Times: user=0.00 sys=0.00, real=0.00 secs] 
241.669: Total time for which application threads were stopped: 0.0011920 seconds, Stopping threads took: 0.0000700 seconds
241.714: Application time: 0.0453630 seconds
241.715: [GC [PSYoungGen: 20971K->1904K(21504K)] 62485K->43426K(69120K), 0.0008380 secs] [Times: user=0.00 sys=0.00, real=0.00 secs] 
241.715: Total time for which application threads were stopped: 0.0010150 seconds, Stopping threads took: 0.0001070 seconds
241.760: Application time: 0.0440380 seconds
241.760: [GC [PSYoungGen: 20436K->2480K(21504K)] 61959K->44002K(69120K), 0.0009910 secs] [Times: user=0.00 sys=0.00, real=0.00 secs] 
241.761: Total time for which application threads were stopped: 0.0011400 seconds, Stopping threads took: 0.0000760 seconds
241.803: Application time: 0.0423940 seconds
241.803: [GC [PSYoungGen: 21091K->2464K(21504K)] 62613K->44506K(69120K), 0.0012200 secs] [Times: user=0.01 sys=0.00, real=0.01 secs] 
241.804: Total time for which application threads were stopped: 0.0013710 seconds, Stopping threads took: 0.0000720 seconds
241.852: Application time: 0.0475490 seconds
241.852: [GC [PSYoungGen: 21007K->1376K(21504K)] 63049K->43418K(69120K), 0.0007060 secs] [Times: user=0.01 sys=0.00, real=0.00 secs] 
241.853: Total time for which application threads were stopped: 0.0008430 seconds, Stopping threads took: 0.0000700 seconds
241.895: Application time: 0.0421110 seconds
241.895: [GC [PSYoungGen: 19896K->2496K(21504K)] 61938K->45562K(69120K), 0.0013130 secs] [Times: user=0.01 sys=0.00, real=0.01 secs] 
241.896: Total time for which application threads were stopped: 0.0014610 seconds, Stopping threads took: 0.0000690 seconds
241.943: Application time: 0.0466210 seconds
241.943: [GC [PSYoungGen: 21119K->1888K(21504K)] 64186K->44962K(69120K), 0.0008690 secs] [Times: user=0.00 sys=0.00, real=0.01 secs] 
241.944: Total time for which application threads were stopped: 0.0010150 seconds, Stopping threads took: 0.0000610 seconds
241.987: Application time: 0.0426270 seconds
241.987: [GC [PSYoungGen: 20408K->2400K(21504K)] 63483K->47010K(69120K), 0.0014890 secs] [Times: user=0.01 sys=0.00, real=0.00 secs] 
241.988: Total time for which application threads were stopped: 0.0016290 seconds, Stopping threads took: 0.0000620 seconds
242.035: Application time: 0.0464710 seconds
242.035: [GC [PSYoungGen: 21025K->1952K(21504K)] 65636K->46562K(69120K), 0.0008700 secs] [Times: user=0.01 sys=0.00, real=0.00 secs] 
242.036: Total time for which application threads were stopped: 0.0010140 seconds, Stopping threads took: 0.0000710 seconds
242.083: Application time: 0.0468200 seconds
242.083: [GC [PSYoungGen: 20488K->1408K(21504K)] 65099K->46026K(69120K), 0.0006900 secs] [Times: user=0.00 sys=0.00, real=0.00 secs] 
242.083: Total time for which application threads were stopped: 0.0008470 seconds, Stopping threads took: 0.0000870 seconds
242.125: Application time: 0.0417640 seconds
242.125: [GC [PSYoungGen: 20091K->2448K(21504K)] 64709K->47578K(69120K), 0.0011570 secs] [Times: user=0.01 sys=0.00, real=0.00 secs] 
242.127: Total time for which application threads were stopped: 0.0012950 seconds, Stopping threads took: 0.0000670 seconds
242.173: Application time: 0.0463150 seconds
242.173: [GC [PSYoungGen: 20991K->1952K(21504K)] 66121K->47090K(69120K), 0.0008110 secs] [Times: user=0.00 sys=0.00, real=0.00 secs] 
242.174: Total time for which application threads were stopped: 0.0009370 seconds, Stopping threads took: 0.0000600 seconds
242.216: Application time: 0.0423480 seconds
242.216: [GC [PSYoungGen: 20558K->2448K(21504K)] 65697K->48098K(69120K), 0.0011050 secs] [Times: user=0.01 sys=0.00, real=0.00 secs] 
242.217: Total time for which application threads were stopped: 0.0012470 seconds, Stopping threads took: 0.0000670 seconds
242.263: Application time: 0.0461070 seconds
242.264: [GC [PSYoungGen: 20989K->1952K(21504K)] 66639K->47610K(69120K), 0.0008590 secs] [Times: user=0.00 sys=0.00, real=0.01 secs] 
242.265: Total time for which application threads were stopped: 0.0010050 seconds, Stopping threads took: 0.0000720 seconds
242.308: Application time: 0.0431110 seconds
242.308: [GC [PSYoungGen: 20643K->2432K(21504K)] 66301K->48090K(69120K), 0.0009700 secs] [Times: user=0.01 sys=0.00, real=0.00 secs] 
242.309: Total time for which application threads were stopped: 0.0011160 seconds, Stopping threads took: 0.0000720 seconds
242.355: Application time: 0.0457690 seconds
242.355: [GC [PSYoungGen: 20973K->1952K(21504K)] 66631K->47618K(69120K), 0.0008390 secs] [Times: user=0.01 sys=0.00, real=0.00 secs] 
242.356: Total time for which application threads were stopped: 0.0009990 seconds, Stopping threads took: 0.0000920 seconds
242.399: Application time: 0.0434690 seconds
242.399: [GC [PSYoungGen: 20480K->2480K(21504K)] 66147K->48658K(69120K), 0.0011710 secs] [Times: user=0.00 sys=0.01, real=0.00 secs] 
242.400: Total time for which application threads were stopped: 0.0013090 seconds, Stopping threads took: 0.0000610 seconds
242.449: Application time: 0.0486420 seconds
242.449: [GC [PSYoungGen: 21103K->1392K(21504K)] 67282K->47570K(69120K), 0.0007160 secs] [Times: user=0.00 sys=0.00, real=0.00 secs] 
242.450: Total time for which application threads were stopped: 0.0008720 seconds, Stopping threads took: 0.0000880 seconds
242.491: Application time: 0.0407600 seconds
242.491: [GC [PSYoungGen: 19916K->2496K(21504K)] 66095K->49194K(69120K), 0.0011500 secs] [Times: user=0.00 sys=0.00, real=0.00 secs] 
242.492: [Full GC [PSYoungGen: 2496K->0K(21504K)] [ParOldGen: 46698K->9480K(47616K)] 49194K->9480K(69120K) [PSPermGen: 5181K->5181K(21504K)], 0.0047240 secs] [Times: user=0.02 sys=0.00, real=0.01 secs] 
242.497: Total time for which application threads were stopped: 0.0060800 seconds, Stopping threads took: 0.0000770 seconds
242.544: Application time: 0.0474580 seconds
242.544: [GC [PSYoungGen: 18545K->1280K(21504K)] 28025K->10760K(69120K), 0.0005870 secs] [Times: user=0.00 sys=0.00, real=0.00 secs] 
242.545: Total time for which application threads were stopped: 0.0007280 seconds, Stopping threads took: 0.0000720 seconds
242.587: Application time: 0.0425050 seconds
242.587: [GC [PSYoungGen: 19882K->2304K(21504K)] 29363K->12296K(69120K), 0.0010150 secs] [Times: user=0.01 sys=0.00, real=0.00 secs] 
242.589: Total time for which application threads were stopped: 0.0011600 seconds, Stopping threads took: 0.0000720 seconds
242.634: Application time: 0.0459910 seconds
242.635: [GC [PSYoungGen: 20849K->1280K(21504K)] 30841K->11272K(69120K), 0.0005680 secs] [Times: user=0.00 sys=0.00, real=0.00 secs] 
242.635: Total time for which application threads were stopped: 0.0007010 seconds, Stopping threads took: 0.0000650 seconds
242.678: Application time: 0.0424810 seconds
242.678: [GC [PSYoungGen: 19882K->2320K(21504K)] 29875K->12824K(69120K), 0.0010340 secs] [Times: user=0.01 sys=0.00, real=0.00 secs] 
242.679: Total time for which application threads were stopped: 0.0011780 seconds, Stopping threads took: 0.0000710 seconds
242.725: Application time: 0.0460520 seconds
242.725: [GC [PSYoungGen: 20861K->1792K(21504K)] 31365K->12296K(69120K), 0.0007320 secs] [Times: user=0.01 sys=0.00, real=0.00 secs] 
242.726: Total time for which application threads were stopped: 0.0008530 seconds, Stopping threads took: 0.0000540 seconds
242.768: Application time: 0.0423840 seconds
242.768: [GC [PSYoungGen: 20400K->2368K(21504K)] 30905K->13384K(69120K), 0.0010560 secs] [Times: user=0.01 sys=0.00, real=0.00 secs] 
242.769: Total time for which application threads were stopped: 0.0012560 seconds, Stopping threads took: 0.0001260 seconds
242.816: Application time: 0.0461480 seconds
242.816: [GC [PSYoungGen: 20989K->1824K(21504K)] 32005K->12840K(69120K), 0.0007980 secs] [Times: user=0.00 sys=0.00, real=0.01 secs] 
242.817: Total time for which application threads were stopped: 0.0009450 seconds, Stopping threads took: 0.0000780 seconds
242.859: Application time: 0.0426260 seconds
242.859: [GC [PSYoungGen: 20352K->2368K(21504K)] 31369K->13896K(69120K), 0.0010980 secs] [Times: user=0.00 sys=0.00, real=0.00 secs] 
242.860: Total time for which application threads were stopped: 0.0012490 seconds, Stopping threads took: 0.0000760 seconds
242.906: Application time: 0.0457860 seconds
242.906: [GC [PSYoungGen: 20989K->1856K(21504K)] 32517K->13384K(69120K), 0.0008080 secs] [Times: user=0.00 sys=0.00, real=0.00 secs] 
242.907: Total time for which application threads were stopped: 0.0009490 seconds, Stopping threads took: 0.0000700 seconds
242.951: Application time: 0.0436330 seconds
242.951: [GC [PSYoungGen: 20468K->1888K(21504K)] 31997K->13416K(69120K), 0.0007460 secs] [Times: user=0.00 sys=0.00, real=0.00 secs] 
242.952: Total time for which application threads were stopped: 0.0009040 seconds, Stopping threads took: 0.0000810 seconds
242.996: Application time: 0.0440330 seconds
242.996: [GC [PSYoungGen: 20499K->2432K(21504K)] 32027K->13960K(69120K), 0.0009260 secs] [Times: user=0.00 sys=0.00, real=0.01 secs] 
242.997: Total time for which application threads were stopped: 0.0010740 seconds, Stopping threads took: 0.0000790 seconds
243.041: Application time: 0.0442970 seconds
243.041: [GC [PSYoungGen: 20975K->1392K(21504K)] 32503K->12920K(69120K), 0.0006200 secs] [Times: user=0.00 sys=0.00, real=0.00 secs] 
243.042: Total time for which application threads were stopped: 0.0007460 seconds, Stopping threads took: 0.0000620 seconds
243.085: Application time: 0.0434380 seconds
243.085: [GC [PSYoungGen: 20003K->1952K(21504K)] 31531K->13480K(69120K), 0.0007940 secs] [Times: user=0.00 sys=0.00, real=0.00 secs] 
243.086: Total time for which application threads were stopped: 0.0010270 seconds, Stopping threads took: 0.0001670 seconds
243.131: Application time: 0.0442460 seconds
243.131: [GC [PSYoungGen: 20484K->1952K(21504K)] 32013K->13480K(69120K), 0.0007690 secs] [Times: user=0.00 sys=0.00, real=0.00 secs] 
243.132: Total time for which application threads were stopped: 0.0009660 seconds, Stopping threads took: 0.0001250 seconds
243.176: Application time: 0.0441300 seconds
243.176: [GC [PSYoungGen: 20488K->1920K(21504K)] 32017K->13448K(69120K), 0.0007910 secs] [Times: user=0.01 sys=0.00, real=0.01 secs] 
243.177: Total time for which application threads were stopped: 0.0009240 seconds, Stopping threads took: 0.0000700 seconds
243.221: Application time: 0.0448560 seconds
243.222: [GC [PSYoungGen: 20461K->1936K(21504K)] 31989K->13464K(69120K), 0.0008020 secs] [Times: user=0.00 sys=0.00, real=0.00 secs] 
243.222: Total time for which application threads were stopped: 0.0009630 seconds, Stopping threads took: 0.0000920 seconds
243.266: Application time: 0.0439210 seconds
243.266: [GC [PSYoungGen: 20549K->1936K(21504K)] 32077K->13472K(69120K), 0.0007560 secs] [Times: user=0.01 sys=0.00, real=0.00 secs] 
243.267: Total time for which application threads were stopped: 0.0008950 seconds, Stopping threads took: 0.0000750 seconds
243.313: Application time: 0.0455320 seconds
243.313: [GC [PSYoungGen: 20553K->1472K(21504K)] 32089K->13008K(69120K), 0.0006600 secs] [Times: user=0.00 sys=0.00, real=0.00 secs] 
243.314: Total time for which application threads were stopped: 0.0007960 seconds, Stopping threads took: 0.0000680 seconds
243.355: Application time: 0.0419130 seconds
243.356: [GC [PSYoungGen: 19992K->2528K(21504K)] 31528K->15104K(69120K), 0.0012530 secs] [Times: user=0.00 sys=0.00, real=0.01 secs] 
243.357: Total time for which application threads were stopped: 0.0014100 seconds, Stopping threads took: 0.0000790 seconds
243.404: Application time: 0.0472160 seconds
243.404: [GC [PSYoungGen: 21153K->1376K(21504K)] 33730K->13952K(69120K), 0.0006400 secs] [Times: user=0.01 sys=0.00, real=0.00 secs] 
243.405: Total time for which application threads were stopped: 0.0007750 seconds, Stopping threads took: 0.0000660 seconds
243.447: Application time: 0.0416820 seconds
243.447: [GC [PSYoungGen: 19978K->2512K(21504K)] 32555K->15608K(69120K), 0.0010870 secs] [Times: user=0.01 sys=0.00, real=0.00 secs] 
243.448: Total time for which application threads were stopped: 0.0012320 seconds, Stopping threads took: 0.0000740 seconds
243.494: Application time: 0.0458130 seconds
243.494: [GC [PSYoungGen: 21057K->1440K(21504K)] 34153K->14552K(69120K), 0.0006340 secs] [Times: user=0.01 sys=0.00, real=0.00 secs] 
243.494: Total time for which application threads were stopped: 0.0008680 seconds, Stopping threads took: 0.0001580 seconds
243.537: Application time: 0.0425210 seconds
243.537: [GC [PSYoungGen: 20044K->2496K(21504K)] 33157K->16120K(69120K), 0.0010920 secs] [Times: user=0.00 sys=0.00, real=0.00 secs] 
243.538: Total time for which application threads were stopped: 0.0012280 seconds, Stopping threads took: 0.0000670 seconds
243.583: Application time: 0.0447250 seconds
243.583: [GC [PSYoungGen: 21117K->1920K(21504K)] 34742K->15560K(69120K), 0.0007760 secs] [Times: user=0.01 sys=0.00, real=0.00 secs] 
243.584: Total time for which application threads were stopped: 0.0009110 seconds, Stopping threads took: 0.0000690 seconds
243.628: Application time: 0.0440240 seconds
243.628: [GC [PSYoungGen: 20529K->2528K(21504K)] 34169K->16696K(69120K), 0.0011050 secs] [Times: user=0.01 sys=0.00, real=0.00 secs] 
243.629: Total time for which application threads were stopped: 0.0012500 seconds, Stopping threads took: 0.0000720 seconds
243.675: Application time: 0.0455770 seconds
243.675: [GC [PSYoungGen: 21069K->1952K(21504K)] 35237K->16136K(69120K), 0.0007720 secs] [Times: user=0.01 sys=0.00, real=0.00 secs] 
243.676: Total time for which application threads were stopped: 0.0009110 seconds, Stopping threads took: 0.0000700 seconds
243.718: Application time: 0.0423280 seconds
243.718: [GC [PSYoungGen: 20555K->2496K(21504K)] 34739K->17704K(69120K), 0.0012480 secs] [Times: user=0.01 sys=0.00, real=0.00 secs] 
243.719: Total time for which application threads were stopped: 0.0013980 seconds, Stopping threads took: 0.0000740 seconds
243.765: Application time: 0.0458740 seconds
243.765: [GC [PSYoungGen: 21035K->2512K(21504K)] 36243K->18248K(69120K), 0.0010620 secs] [Times: user=0.01 sys=0.00, real=0.00 secs] 
243.766: Total time for which application threads were stopped: 0.0012120 seconds, Stopping threads took: 0.0000770 seconds
243.813: Application time: 0.0468200 seconds
243.813: [GC [PSYoungGen: 21053K->1968K(21504K)] 36789K->17704K(69120K), 0.0007700 secs] [Times: user=0.00 sys=0.00, real=0.00 secs] 
243.814: Total time for which application threads were stopped: 0.0009050 seconds, Stopping threads took: 0.0000710 seconds
243.855: Application time: 0.0411610 seconds
243.855: [GC [PSYoungGen: 20492K->2512K(21504K)] 36229K->19272K(69120K), 0.0013140 secs] [Times: user=0.01 sys=0.00, real=0.01 secs] 
243.857: Total time for which application threads were stopped: 0.0014580 seconds, Stopping threads took: 0.0000670 seconds
243.903: Application time: 0.0463480 seconds
243.903: [GC [PSYoungGen: 21137K->1392K(21504K)] 37898K->18152K(69120K), 0.0006780 secs] [Times: user=0.00 sys=0.00, real=0.00 secs] 
243.904: Total time for which application threads were stopped: 0.0008130 seconds, Stopping threads took: 0.0000650 seconds
243.946: Application time: 0.0418940 seconds
243.946: [GC [PSYoungGen: 19912K->2528K(21504K)] 36673K->20320K(69120K), 0.0013110 secs] [Times: user=0.01 sys=0.00, real=0.00 secs] 
243.947: Total time for which application threads were stopped: 0.0014800 seconds, Stopping threads took: 0.0000930 seconds
243.993: Application time: 0.0458810 seconds
243.993: [GC [PSYoungGen: 21153K->1408K(21504K)] 38946K->19208K(69120K), 0.0006460 secs] [Times: user=0.00 sys=0.00, real=0.00 secs] 
243.994: Total time for which application threads were stopped: 0.0007940 seconds, Stopping threads took: 0.0000780 seconds
244.037: Application time: 0.0432420 seconds
244.037: [GC [PSYoungGen: 20015K->1904K(21504K)] 37815K->19704K(69120K), 0.0007670 secs] [Times: user=0.00 sys=0.00, real=0.00 secs] 
244.038: Total time for which application threads were stopped: 0.0009430 seconds, Stopping threads took: 0.0001020 seconds
244.082: Application time: 0.0433240 seconds
244.082: [GC [PSYoungGen: 20519K->2480K(21504K)] 38319K->20288K(69120K), 0.0009230 secs] [Times: user=0.00 sys=0.00, real=0.00 secs] 
244.083: Total time for which application threads were stopped: 0.0010670 seconds, Stopping threads took: 0.0000730 seconds
244.128: Application time: 0.0452520 seconds
244.128: [GC [PSYoungGen: 21021K->1952K(21504K)] 38829K->19768K(69120K), 0.0007760 secs] [Times: user=0.00 sys=0.00, real=0.00 secs] 
244.129: Total time for which application threads were stopped: 0.0009090 seconds, Stopping threads took: 0.0000700 seconds
244.175: Application time: 0.0460090 seconds
244.175: [GC [PSYoungGen: 20486K->1952K(21504K)] 38303K->19768K(69120K), 0.0008090 secs] [Times: user=0.01 sys=0.00, real=0.01 secs] 
244.176: Total time for which application threads were stopped: 0.0016060 seconds, Stopping threads took: 0.0000700 seconds
244.220: Application time: 0.0436220 seconds
244.220: [GC [PSYoungGen: 20641K->2480K(21504K)] 38457K->20304K(69120K), 0.0009230 secs] [Times: user=0.00 sys=0.00, real=0.00 secs] 
244.221: Total time for which application threads were stopped: 0.0010670 seconds, Stopping threads took: 0.0000760 seconds
244.266: Application time: 0.0444420 seconds
244.266: [GC [PSYoungGen: 21095K->1408K(21504K)] 38919K->19240K(69120K), 0.0006310 secs] [Times: user=0.00 sys=0.00, real=0.00 secs] 
244.266: Total time for which application threads were stopped: 0.0007870 seconds, Stopping threads took: 0.0000920 seconds
244.312: Application time: 0.0456130 seconds
244.312: [GC [PSYoungGen: 19942K->2480K(21504K)] 37775K->20320K(69120K), 0.0009560 secs] [Times: user=0.00 sys=0.00, real=0.00 secs] 
244.313: Total time for which application threads were stopped: 0.0012220 seconds, Stopping threads took: 0.0001900 seconds
244.362: Application time: 0.0485990 seconds
244.362: [GC [PSYoungGen: 21099K->1920K(21504K)] 38940K->19760K(69120K), 0.0008150 secs] [Times: user=0.00 sys=0.00, real=0.00 secs] 
244.363: Total time for which application threads were stopped: 0.0009690 seconds, Stopping threads took: 0.0000810 seconds
244.408: Application time: 0.0452690 seconds
244.408: [GC [PSYoungGen: 20448K->2512K(21504K)] 38289K->20872K(69120K), 0.0011220 secs] [Times: user=0.00 sys=0.00, real=0.00 secs] 
244.409: Total time for which application threads were stopped: 0.0012910 seconds, Stopping threads took: 0.0000940 seconds
244.460: Application time: 0.0512040 seconds
244.461: [GC [PSYoungGen: 21057K->1408K(21504K)] 39417K->19768K(69120K), 0.0006650 secs] [Times: user=0.01 sys=0.00, real=0.00 secs] 
244.461: Total time for which application threads were stopped: 0.0008050 seconds, Stopping threads took: 0.0000710 seconds
244.507: Application time: 0.0454900 seconds
244.507: [GC [PSYoungGen: 19936K->2480K(21504K)] 38297K->20840K(69120K), 0.0009650 secs] [Times: user=0.01 sys=0.00, real=0.00 secs] 
244.508: Total time for which application threads were stopped: 0.0011170 seconds, Stopping threads took: 0.0000790 seconds
244.557: Application time: 0.0493380 seconds
244.557: [GC [PSYoungGen: 21103K->864K(21504K)] 39464K->19224K(69120K), 0.0006130 secs] [Times: user=0.00 sys=0.00, real=0.00 secs] 
244.558: Total time for which application threads were stopped: 0.0007530 seconds, Stopping threads took: 0.0000620 seconds
244.604: Application time: 0.0460420 seconds
244.608: [GC [PSYoungGen: 19386K->2416K(21504K)] 37747K->21296K(69120K), 0.0015520 secs] [Times: user=0.01 sys=0.00, real=0.00 secs] 
244.610: Total time for which application threads were stopped: 0.0056830 seconds, Stopping threads took: 0.0040450 seconds
244.664: Application time: 0.0538750 seconds
244.664: [GC [PSYoungGen: 21033K->1936K(21504K)] 39914K->20816K(69120K), 0.0008490 secs] [Times: user=0.00 sys=0.01, real=0.01 secs] 
244.665: Total time for which application threads were stopped: 0.0009910 seconds, Stopping threads took: 0.0000700 seconds
244.712: Application time: 0.0477520 seconds
244.712: [GC [PSYoungGen: 20551K->1952K(21504K)] 39431K->20840K(69120K), 0.0008110 secs] [Times: user=0.01 sys=0.00, real=0.00 secs] 
244.713: Total time for which application threads were stopped: 0.0009680 seconds, Stopping threads took: 0.0000870 seconds
244.761: Application time: 0.0480890 seconds
244.762: [GC [PSYoungGen: 20560K->2480K(21504K)] 39449K->21376K(69120K), 0.0009560 secs] [Times: user=0.01 sys=0.00, real=0.00 secs] 
244.763: Total time for which application threads were stopped: 0.0010950 seconds, Stopping threads took: 0.0000680 seconds
244.811: Application time: 0.0481190 seconds
244.811: [GC [PSYoungGen: 21023K->896K(21504K)] 39919K->19800K(69120K), 0.0005250 secs] [Times: user=0.00 sys=0.00, real=0.00 secs] 
244.811: Total time for which application threads were stopped: 0.0008170 seconds, Stopping threads took: 0.0002340 seconds
244.859: Application time: 0.0476670 seconds
244.859: [GC [PSYoungGen: 19428K->1968K(21504K)] 38333K->20872K(69120K), 0.0008510 secs] [Times: user=0.00 sys=0.00, real=0.00 secs] 
244.860: Total time for which application threads were stopped: 0.0010190 seconds, Stopping threads took: 0.0000990 seconds
244.907: Application time: 0.0468600 seconds
244.907: [GC [PSYoungGen: 20657K->2480K(21504K)] 39561K->21384K(69120K), 0.0009450 secs] [Times: user=0.00 sys=0.00, real=0.00 secs] 
244.908: Total time for which application threads were stopped: 0.0010850 seconds, Stopping threads took: 0.0000680 seconds
244.957: Application time: 0.0492830 seconds
244.957: [GC [PSYoungGen: 21101K->1424K(21504K)] 40005K->20336K(69120K), 0.0006590 secs] [Times: user=0.00 sys=0.00, real=0.00 secs] 
244.958: Total time for which application threads were stopped: 0.0007800 seconds, Stopping threads took: 0.0000530 seconds
245.004: Application time: 0.0459140 seconds
245.004: [GC [PSYoungGen: 19944K->2528K(21504K)] 38857K->21960K(69120K), 0.0011180 secs] [Times: user=0.00 sys=0.00, real=0.00 secs] 
245.005: Total time for which application threads were stopped: 0.0012650 seconds, Stopping threads took: 0.0000700 seconds
245.056: Application time: 0.0503720 seconds
245.056: [GC [PSYoungGen: 21153K->896K(21504K)] 40586K->20328K(69120K), 0.0005230 secs] [Times: user=0.00 sys=0.00, real=0.01 secs] 
245.056: Total time for which application threads were stopped: 0.0006520 seconds, Stopping threads took: 0.0000660 seconds
245.102: Application time: 0.0460570 seconds
245.103: [GC [PSYoungGen: 19416K->2512K(21504K)] 38849K->22464K(69120K), 0.0011110 secs] [Times: user=0.01 sys=0.00, real=0.00 secs] 
245.104: Total time for which application threads were stopped: 0.0012750 seconds, Stopping threads took: 0.0000750 seconds
245.153: Application time: 0.0496390 seconds
245.153: [GC [PSYoungGen: 21057K->1408K(21504K)] 41009K->21360K(69120K), 0.0006280 secs] [Times: user=0.00 sys=0.00, real=0.00 secs] 
245.154: Total time for which application threads were stopped: 0.0007680 seconds, Stopping threads took: 0.0000760 seconds
245.201: Application time: 0.0465790 seconds
245.201: [GC [PSYoungGen: 19932K->2496K(21504K)] 39885K->22960K(69120K), 0.0011260 secs] [Times: user=0.01 sys=0.00, real=0.00 secs] 
245.202: Total time for which application threads were stopped: 0.0012750 seconds, Stopping threads took: 0.0000720 seconds
245.250: Application time: 0.0483700 seconds
245.250: [GC [PSYoungGen: 21117K->1952K(21504K)] 41582K->22416K(69120K), 0.0008250 secs] [Times: user=0.00 sys=0.00, real=0.00 secs] 
245.251: Total time for which application threads were stopped: 0.0009650 seconds, Stopping threads took: 0.0000720 seconds
245.297: Application time: 0.0458570 seconds
245.297: [GC [PSYoungGen: 20480K->2496K(21504K)] 40945K->23480K(69120K), 0.0011300 secs] [Times: user=0.00 sys=0.00, real=0.00 secs] 
245.298: Total time for which application threads were stopped: 0.0012970 seconds, Stopping threads took: 0.0000870 seconds
245.348: Application time: 0.0490540 seconds
245.348: [GC [PSYoungGen: 21117K->1952K(21504K)] 42102K->22936K(69120K), 0.0008450 secs] [Times: user=0.00 sys=0.00, real=0.00 secs] 
245.349: Total time for which application threads were stopped: 0.0010070 seconds, Stopping threads took: 0.0000890 seconds
245.396: Application time: 0.0473020 seconds
245.396: [GC [PSYoungGen: 20563K->2480K(21504K)] 41547K->23472K(69120K), 0.0009990 secs] [Times: user=0.01 sys=0.00, real=0.00 secs] 
245.397: Total time for which application threads were stopped: 0.0012910 seconds, Stopping threads took: 0.0002220 seconds
245.446: Application time: 0.0484900 seconds
245.446: [GC [PSYoungGen: 21021K->1904K(21504K)] 42013K->22904K(69120K), 0.0008050 secs] [Times: user=0.00 sys=0.00, real=0.00 secs] 
245.447: Total time for which application threads were stopped: 0.0009510 seconds, Stopping threads took: 0.0000780 seconds
245.494: Application time: 0.0469520 seconds
245.494: [GC [PSYoungGen: 20515K->1952K(21504K)] 41515K->22960K(69120K), 0.0008160 secs] [Times: user=0.00 sys=0.00, real=0.00 secs] 
245.495: Total time for which application threads were stopped: 0.0010800 seconds, Stopping threads took: 0.0001980 seconds
245.542: Application time: 0.0476250 seconds
245.542: [GC [PSYoungGen: 20486K->2496K(21504K)] 41495K->23504K(69120K), 0.0009590 secs] [Times: user=0.01 sys=0.00, real=0.00 secs] 
245.543: Total time for which application threads were stopped: 0.0011900 seconds, Stopping threads took: 0.0001610 seconds
245.592: Application time: 0.0481740 seconds
245.592: [GC [PSYoungGen: 21113K->1920K(21504K)] 42121K->22928K(69120K), 0.0008310 secs] [Times: user=0.01 sys=0.00, real=0.00 secs] 
245.593: Total time for which application threads were stopped: 0.0009910 seconds, Stopping threads took: 0.0000840 seconds
245.640: Application time: 0.0476100 seconds
245.640: [GC [PSYoungGen: 20615K->1408K(21504K)] 41624K->22424K(69120K), 0.0007090 secs] [Times: user=0.00 sys=0.00, real=0.00 secs] 
245.641: Total time for which application threads were stopped: 0.0009720 seconds, Stopping threads took: 0.0001810 seconds
245.689: Application time: 0.0473710 seconds
245.689: [GC [PSYoungGen: 19936K->2480K(21504K)] 40953K->23504K(69120K), 0.0009950 secs] [Times: user=0.01 sys=0.00, real=0.00 secs] 
245.690: Total time for which application threads were stopped: 0.0011350 seconds, Stopping threads took: 0.0000650 seconds
245.737: Application time: 0.0476750 seconds
245.738: [GC [PSYoungGen: 21095K->1936K(21504K)] 42119K->22960K(69120K), 0.0008080 secs] [Times: user=0.01 sys=0.00, real=0.00 secs] 
245.738: Total time for which application threads were stopped: 0.0010020 seconds, Stopping threads took: 0.0001210 seconds
245.786: Application time: 0.0474410 seconds
245.786: [GC [PSYoungGen: 20472K->2496K(21504K)] 41497K->23528K(69120K), 0.0009830 secs] [Times: user=0.00 sys=0.00, real=0.00 secs] 
245.787: Total time for which application threads were stopped: 0.0011300 seconds, Stopping threads took: 0.0000740 seconds
245.835: Application time: 0.0479940 seconds
245.835: [GC [PSYoungGen: 21032K->2480K(21504K)] 42065K->23512K(69120K), 0.0009540 secs] [Times: user=0.00 sys=0.00, real=0.00 secs] 
245.836: Total time for which application threads were stopped: 0.0010970 seconds, Stopping threads took: 0.0000610 seconds
245.886: Application time: 0.0496580 seconds
245.886: [GC [PSYoungGen: 21021K->1920K(21504K)] 42053K->22952K(69120K), 0.0007890 secs] [Times: user=0.00 sys=0.00, real=0.00 secs] 
245.887: Total time for which application threads were stopped: 0.0009290 seconds, Stopping threads took: 0.0000650 seconds
245.932: Application time: 0.0450960 seconds
245.932: [GC [PSYoungGen: 20531K->2480K(21504K)] 41563K->23512K(69120K), 0.0009790 secs] [Times: user=0.00 sys=0.00, real=0.00 secs] 
245.933: Total time for which application threads were stopped: 0.0011280 seconds, Stopping threads took: 0.0000740 seconds
245.983: Application time: 0.0501240 seconds
245.983: [GC [PSYoungGen: 21021K->1920K(21504K)] 42053K->22960K(69120K), 0.0008110 secs] [Times: user=0.01 sys=0.00, real=0.00 secs] 
245.984: Total time for which application threads were stopped: 0.0009460 seconds, Stopping threads took: 0.0000630 seconds
246.030: Application time: 0.0457030 seconds
246.030: [GC [PSYoungGen: 20450K->2480K(21504K)] 41491K->23520K(69120K), 0.0009540 secs] [Times: user=0.01 sys=0.00, real=0.00 secs] 
246.031: Total time for which application threads were stopped: 0.0011190 seconds, Stopping threads took: 0.0000850 seconds
246.079: Application time: 0.0482830 seconds
246.079: [GC [PSYoungGen: 21173K->2400K(21504K)] 42214K->23448K(69120K), 0.0010690 secs] [Times: user=0.00 sys=0.00, real=0.00 secs] 
246.080: Total time for which application threads were stopped: 0.0012130 seconds, Stopping threads took: 0.0000680 seconds
246.128: Application time: 0.0476110 seconds
246.128: [GC [PSYoungGen: 20941K->1984K(21504K)] 41989K->23040K(69120K), 0.0008720 secs] [Times: user=0.00 sys=0.01, real=0.00 secs] 
246.129: Total time for which application threads were stopped: 0.0010010 seconds, Stopping threads took: 0.0000570 seconds
246.177: Application time: 0.0479090 seconds
246.177: [GC [PSYoungGen: 20601K->1952K(21504K)] 41657K->23008K(69120K), 0.0008220 secs] [Times: user=0.01 sys=0.00, real=0.00 secs] 
246.178: Total time for which application threads were stopped: 0.0009720 seconds, Stopping threads took: 0.0000680 seconds
246.225: Application time: 0.0471250 seconds
246.225: [GC [PSYoungGen: 20484K->2464K(21504K)] 41541K->23528K(69120K), 0.0010030 secs] [Times: user=0.00 sys=0.00, real=0.00 secs] 
246.226: Total time for which application threads were stopped: 0.0011650 seconds, Stopping threads took: 0.0000870 seconds
246.274: Application time: 0.0480370 seconds
246.274: [GC [PSYoungGen: 21000K->1952K(21504K)] 42065K->23016K(69120K), 0.0008300 secs] [Times: user=0.00 sys=0.00, real=0.00 secs] 
246.275: Total time for which application threads were stopped: 0.0010650 seconds, Stopping threads took: 0.0001640 seconds
246.323: Application time: 0.0478290 seconds
246.323: [GC [PSYoungGen: 20645K->2480K(21504K)] 41710K->23552K(69120K), 0.0009730 secs] [Times: user=0.01 sys=0.00, real=0.01 secs] 
246.324: Total time for which application threads were stopped: 0.0011840 seconds, Stopping threads took: 0.0001360 seconds
246.373: Application time: 0.0483570 seconds
246.373: [GC [PSYoungGen: 21093K->2496K(21504K)] 42165K->23576K(69120K), 0.0009950 secs] [Times: user=0.00 sys=0.00, real=0.00 secs] 
246.374: Total time for which application threads were stopped: 0.0011380 seconds, Stopping threads took: 0.0000690 seconds
246.421: Application time: 0.0475000 seconds
246.421: [GC [PSYoungGen: 21107K->2496K(21504K)] 42187K->24088K(69120K), 0.0011270 secs] [Times: user=0.01 sys=0.00, real=0.00 secs] 
246.422: Total time for which application threads were stopped: 0.0012710 seconds, Stopping threads took: 0.0000680 seconds
246.470: Application time: 0.0479700 seconds
246.471: [GC [PSYoungGen: 21035K->2448K(21504K)] 42627K->24048K(69120K), 0.0009820 secs] [Times: user=0.00 sys=0.00, real=0.00 secs] 
246.472: Total time for which application threads were stopped: 0.0011310 seconds, Stopping threads took: 0.0000760 seconds
246.521: Application time: 0.0498370 seconds
246.521: [GC [PSYoungGen: 20991K->1424K(21504K)] 42591K->23024K(69120K), 0.0006720 secs] [Times: user=0.01 sys=0.00, real=0.00 secs] 
246.522: Total time for which application threads were stopped: 0.0008050 seconds, Stopping threads took: 0.0000680 seconds
246.569: Application time: 0.0466790 seconds
246.569: [GC [PSYoungGen: 19956K->1936K(21504K)] 41557K->23536K(69120K), 0.0007890 secs] [Times: user=0.00 sys=0.00, real=0.00 secs] 
246.570: Total time for which application threads were stopped: 0.0009280 seconds, Stopping threads took: 0.0000680 seconds
246.617: Application time: 0.0475470 seconds
246.618: [GC [PSYoungGen: 20553K->1408K(21504K)] 42153K->23008K(69120K), 0.0006760 secs] [Times: user=0.01 sys=0.00, real=0.00 secs] 
246.618: Total time for which application threads were stopped: 0.0008910 seconds, Stopping threads took: 0.0001500 seconds
246.666: Application time: 0.0472810 seconds
246.666: [GC [PSYoungGen: 19936K->2496K(21504K)] 41537K->24104K(69120K), 0.0009560 secs] [Times: user=0.00 sys=0.00, real=0.00 secs] 
246.667: Total time for which application threads were stopped: 0.0011050 seconds, Stopping threads took: 0.0000720 seconds
246.717: Application time: 0.0500130 seconds
246.717: [GC [PSYoungGen: 21039K->1456K(21504K)] 42647K->23064K(69120K), 0.0006440 secs] [Times: user=0.00 sys=0.00, real=0.00 secs] 
246.717: Total time for which application threads were stopped: 0.0007990 seconds, Stopping threads took: 0.0000740 seconds
246.762: Application time: 0.0449490 seconds
246.763: [GC [PSYoungGen: 20058K->2512K(21504K)] 41667K->24632K(69120K), 0.0011440 secs] [Times: user=0.01 sys=0.00, real=0.00 secs] 
246.764: Total time for which application threads were stopped: 0.0013020 seconds, Stopping threads took: 0.0000800 seconds
246.813: Application time: 0.0495250 seconds
246.816: [GC [PSYoungGen: 21135K->1456K(21504K)] 43256K->23584K(69120K), 0.0007110 secs] [Times: user=0.01 sys=0.00, real=0.00 secs] 
246.817: Total time for which application threads were stopped: 0.0036150 seconds, Stopping threads took: 0.0028340 seconds
246.863: Application time: 0.0465360 seconds
246.864: [GC [PSYoungGen: 20065K->2480K(21504K)] 42193K->24608K(69120K), 0.0009710 secs] [Times: user=0.01 sys=0.00, real=0.01 secs] 
246.865: Total time for which application threads were stopped: 0.0011410 seconds, Stopping threads took: 0.0000970 seconds
246.912: Application time: 0.0473750 seconds
246.912: [GC [PSYoungGen: 21015K->2480K(21504K)] 43143K->24616K(69120K), 0.0009740 secs] [Times: user=0.01 sys=0.00, real=0.00 secs] 
246.913: Total time for which application threads were stopped: 0.0011370 seconds, Stopping threads took: 0.0000830 seconds
246.962: Application time: 0.0486430 seconds
246.962: [GC [PSYoungGen: 21023K->1408K(21504K)] 43159K->23544K(69120K), 0.0007320 secs] [Times: user=0.00 sys=0.00, real=0.00 secs] 
246.963: Total time for which application threads were stopped: 0.0008720 seconds, Stopping threads took: 0.0000720 seconds
247.009: Application time: 0.0462760 seconds
247.009: [GC [PSYoungGen: 20017K->2480K(21504K)] 42153K->24616K(69120K), 0.0009500 secs] [Times: user=0.01 sys=0.00, real=0.00 secs] 
247.010: Total time for which application threads were stopped: 0.0011020 seconds, Stopping threads took: 0.0000810 seconds
247.060: Application time: 0.0501640 seconds
247.060: [GC [PSYoungGen: 21181K->864K(21504K)] 43318K->23008K(69120K), 0.0005390 secs] [Times: user=0.00 sys=0.00, real=0.00 secs] 
247.061: Total time for which application threads were stopped: 0.0006770 seconds, Stopping threads took: 0.0000690 seconds
247.106: Application time: 0.0454050 seconds
247.106: [GC [PSYoungGen: 19388K->2464K(21504K)] 41533K->24616K(69120K), 0.0009500 secs] [Times: user=0.01 sys=0.00, real=0.00 secs] 
247.107: Total time for which application threads were stopped: 0.0011150 seconds, Stopping threads took: 0.0000910 seconds
247.156: Application time: 0.0489270 seconds
247.156: [GC [PSYoungGen: 21085K->1392K(21504K)] 43238K->23552K(69120K), 0.0006880 secs] [Times: user=0.00 sys=0.00, real=0.00 secs] 
247.157: Total time for which application threads were stopped: 0.0008310 seconds, Stopping threads took: 0.0000720 seconds
247.204: Application time: 0.0467250 seconds
247.204: [GC [PSYoungGen: 19920K->2464K(21504K)] 42081K->24624K(69120K), 0.0009270 secs] [Times: user=0.00 sys=0.01, real=0.01 secs] 
247.205: Total time for which application threads were stopped: 0.0010790 seconds, Stopping threads took: 0.0000710 seconds
247.253: Application time: 0.0479340 seconds
247.253: [GC [PSYoungGen: 21003K->1360K(21504K)] 43163K->23520K(69120K), 0.0006990 secs] [Times: user=0.01 sys=0.00, real=0.00 secs] 
247.254: Total time for which application threads were stopped: 0.0008620 seconds, Stopping threads took: 0.0000850 seconds
247.301: Application time: 0.0470930 seconds
247.301: [GC [PSYoungGen: 19892K->2496K(21504K)] 42053K->24656K(69120K), 0.0009530 secs] [Times: user=0.01 sys=0.00, real=0.00 secs] 
247.302: Total time for which application threads were stopped: 0.0011000 seconds, Stopping threads took: 0.0000730 seconds
247.350: Application time: 0.0485050 seconds
247.350: [GC [PSYoungGen: 21113K->1968K(21504K)] 43274K->24136K(69120K), 0.0008270 secs] [Times: user=0.00 sys=0.00, real=0.00 secs] 
247.351: Total time for which application threads were stopped: 0.0009680 seconds, Stopping threads took: 0.0000750 seconds
247.399: Application time: 0.0476260 seconds
247.399: [GC [PSYoungGen: 20500K->2496K(21504K)] 42669K->24664K(69120K), 0.0009440 secs] [Times: user=0.01 sys=0.00, real=0.00 secs] 
247.400: Total time for which application threads were stopped: 0.0011180 seconds, Stopping threads took: 0.0001000 seconds
247.448: Application time: 0.0477430 seconds
247.448: [GC [PSYoungGen: 21109K->1952K(21504K)] 43277K->24120K(69120K), 0.0008160 secs] [Times: user=0.00 sys=0.00, real=0.00 secs] 
247.449: Total time for which application threads were stopped: 0.0010340 seconds, Stopping threads took: 0.0001430 seconds
247.497: Application time: 0.0478720 seconds
247.497: [GC [PSYoungGen: 20571K->1936K(21504K)] 42740K->24112K(69120K), 0.0007910 secs] [Times: user=0.01 sys=0.00, real=0.00 secs] 
247.498: Total time for which application threads were stopped: 0.0009280 seconds, Stopping threads took: 0.0000710 seconds
247.545: Application time: 0.0472770 seconds
247.545: [GC [PSYoungGen: 20547K->2464K(21504K)] 42723K->24648K(69120K), 0.0009650 secs] [Times: user=0.00 sys=0.00, real=0.00 secs] 
247.546: Total time for which application threads were stopped: 0.0011990 seconds, Stopping threads took: 0.0001620 seconds
247.596: Application time: 0.0494480 seconds
247.596: [GC [PSYoungGen: 21003K->1904K(21504K)] 43187K->24096K(69120K), 0.0008160 secs] [Times: user=0.00 sys=0.00, real=0.01 secs] 
247.597: Total time for which application threads were stopped: 0.0009670 seconds, Stopping threads took: 0.0000760 seconds
247.642: Application time: 0.0452610 seconds
247.642: [GC [PSYoungGen: 20428K->2528K(21504K)] 42621K->25232K(69120K), 0.0011260 secs] [Times: user=0.00 sys=0.00, real=0.00 secs] 
247.643: Total time for which application threads were stopped: 0.0012940 seconds, Stopping threads took: 0.0000910 seconds
247.694: Application time: 0.0507980 seconds
247.694: [GC [PSYoungGen: 21151K->1920K(21504K)] 43856K->24624K(69120K), 0.0009660 secs] [Times: user=0.00 sys=0.00, real=0.00 secs] 
247.695: Total time for which application threads were stopped: 0.0012640 seconds, Stopping threads took: 0.0002170 seconds
247.740: Application time: 0.0452420 seconds
247.741: [GC [PSYoungGen: 20528K->2480K(21504K)] 43233K->25704K(69120K), 0.0011800 secs] [Times: user=0.01 sys=0.00, real=0.00 secs] 
247.742: Total time for which application threads were stopped: 0.0013210 seconds, Stopping threads took: 0.0000620 seconds
247.793: Application time: 0.0514390 seconds
247.793: [GC [PSYoungGen: 21101K->1440K(21504K)] 44326K->24672K(69120K), 0.0006700 secs] [Times: user=0.01 sys=0.00, real=0.00 secs] 
247.794: Total time for which application threads were stopped: 0.0009570 seconds, Stopping threads took: 0.0002070 seconds
247.840: Application time: 0.0457350 seconds
247.840: [GC [PSYoungGen: 20046K->2464K(21504K)] 43279K->25696K(69120K), 0.0010270 secs] [Times: user=0.01 sys=0.01, real=0.00 secs] 
247.841: Total time for which application threads were stopped: 0.0011820 seconds, Stopping threads took: 0.0000780 seconds
247.891: Application time: 0.0497470 seconds
247.891: [GC [PSYoungGen: 21007K->1424K(21504K)] 44239K->24664K(69120K), 0.0006930 secs] [Times: user=0.01 sys=0.00, real=0.00 secs] 
247.892: Total time for which application threads were stopped: 0.0008440 seconds, Stopping threads took: 0.0000830 seconds
247.939: Application time: 0.0476570 seconds
247.939: [GC [PSYoungGen: 19956K->1936K(21504K)] 43197K->25176K(69120K), 0.0008000 secs] [Times: user=0.00 sys=0.00, real=0.00 secs] 
247.940: Total time for which application threads were stopped: 0.0009790 seconds, Stopping threads took: 0.0001100 seconds
247.988: Application time: 0.0477370 seconds
247.988: [GC [PSYoungGen: 20468K->2480K(21504K)] 43709K->25720K(69120K), 0.0009840 secs] [Times: user=0.01 sys=0.00, real=0.00 secs] 
247.989: Total time for which application threads were stopped: 0.0011430 seconds, Stopping threads took: 0.0000810 seconds
248.038: Application time: 0.0488030 seconds
248.038: [GC [PSYoungGen: 21101K->1408K(21504K)] 44342K->24648K(69120K), 0.0006620 secs] [Times: user=0.00 sys=0.00, real=0.00 secs] 
248.039: Total time for which application threads were stopped: 0.0008000 seconds, Stopping threads took: 0.0000740 seconds
248.085: Application time: 0.0466900 seconds
248.086: [GC [PSYoungGen: 19936K->2496K(21504K)] 43177K->25744K(69120K), 0.0009720 secs] [Times: user=0.01 sys=0.00, real=0.00 secs] 
248.087: Total time for which application threads were stopped: 0.0011190 seconds, Stopping threads took: 0.0000710 seconds
248.135: Application time: 0.0483060 seconds
248.135: [GC [PSYoungGen: 21115K->1936K(21504K)] 44364K->25184K(69120K), 0.0007860 secs] [Times: user=0.00 sys=0.00, real=0.00 secs] 
248.136: Total time for which application threads were stopped: 0.0009310 seconds, Stopping threads took: 0.0000780 seconds
248.184: Application time: 0.0478890 seconds
248.184: [GC [PSYoungGen: 20546K->2496K(21504K)] 43795K->25752K(69120K), 0.0009710 secs] [Times: user=0.01 sys=0.00, real=0.01 secs] 
248.185: Total time for which application threads were stopped: 0.0011180 seconds, Stopping threads took: 0.0000720 seconds
248.233: Application time: 0.0476710 seconds
248.233: [GC [PSYoungGen: 21037K->1456K(21504K)] 44293K->24720K(69120K), 0.0007200 secs] [Times: user=0.00 sys=0.00, real=0.00 secs] 
248.233: Total time for which application threads were stopped: 0.0009360 seconds, Stopping threads took: 0.0001460 seconds
248.280: Application time: 0.0469000 seconds
248.280: [GC [PSYoungGen: 20062K->2496K(21504K)] 43327K->25768K(69120K), 0.0009770 secs] [Times: user=0.00 sys=0.00, real=0.00 secs] 
248.282: Total time for which application threads were stopped: 0.0011180 seconds, Stopping threads took: 0.0000670 seconds
248.329: Application time: 0.0470020 seconds
248.329: [GC [PSYoungGen: 21041K->864K(21504K)] 44314K->24136K(69120K), 0.0004970 secs] [Times: user=0.00 sys=0.00, real=0.00 secs] 
248.329: Total time for which application threads were stopped: 0.0006300 seconds, Stopping threads took: 0.0000640 seconds
248.370: Application time: 0.0408450 seconds
248.370: [GC [PSYoungGen: 19468K->2448K(21504K)] 42741K->25720K(69120K), 0.0010010 secs] [Times: user=0.00 sys=0.00, real=0.00 secs] 
248.371: Total time for which application threads were stopped: 0.0011400 seconds, Stopping threads took: 0.0000680 seconds
248.418: Application time: 0.0466290 seconds
248.418: [GC [PSYoungGen: 21071K->896K(21504K)] 44344K->24176K(69120K), 0.0005280 secs] [Times: user=0.00 sys=0.00, real=0.00 secs] 
248.418: Total time for which application threads were stopped: 0.0006610 seconds, Stopping threads took: 0.0000730 seconds
248.459: Application time: 0.0407830 seconds
248.459: [GC [PSYoungGen: 19496K->2496K(21504K)] 42777K->26296K(69120K), 0.0011430 secs] [Times: user=0.01 sys=0.00, real=0.00 secs] 
248.461: Total time for which application threads were stopped: 0.0012910 seconds, Stopping threads took: 0.0000730 seconds
248.507: Application time: 0.0463690 seconds
248.507: [GC [PSYoungGen: 21117K->1936K(21504K)] 44918K->25744K(69120K), 0.0007790 secs] [Times: user=0.01 sys=0.00, real=0.00 secs] 
248.508: Total time for which application threads were stopped: 0.0009290 seconds, Stopping threads took: 0.0000740 seconds
248.550: Application time: 0.0417630 seconds
248.550: [GC [PSYoungGen: 20464K->2512K(21504K)] 44273K->26840K(69120K), 0.0011630 secs] [Times: user=0.01 sys=0.00, real=0.00 secs] 
248.551: Total time for which application threads were stopped: 0.0013810 seconds, Stopping threads took: 0.0001430 seconds
248.598: Application time: 0.0473550 seconds
248.598: [GC [PSYoungGen: 21057K->1376K(21504K)] 45386K->25704K(69120K), 0.0006520 secs] [Times: user=0.00 sys=0.00, real=0.00 secs] 
248.599: Total time for which application threads were stopped: 0.0007930 seconds, Stopping threads took: 0.0000750 seconds
248.642: Application time: 0.0433120 seconds
248.643: [GC [PSYoungGen: 19904K->1920K(21504K)] 44233K->26248K(69120K), 0.0007790 secs] [Times: user=0.00 sys=0.00, real=0.00 secs] 
248.643: Total time for which application threads were stopped: 0.0009300 seconds, Stopping threads took: 0.0000800 seconds
248.687: Application time: 0.0437010 seconds
248.687: [GC [PSYoungGen: 20535K->2352K(21504K)] 44864K->26680K(69120K), 0.0010190 secs] [Times: user=0.01 sys=0.00, real=0.00 secs] 
248.688: Total time for which application threads were stopped: 0.0011650 seconds, Stopping threads took: 0.0000700 seconds
248.733: Application time: 0.0451780 seconds
248.734: [GC [PSYoungGen: 20891K->1376K(21504K)] 45219K->25712K(69120K), 0.0006480 secs] [Times: user=0.00 sys=0.00, real=0.00 secs] 
248.734: Total time for which application threads were stopped: 0.0007910 seconds, Stopping threads took: 0.0000790 seconds
248.776: Application time: 0.0419350 seconds
248.776: [GC [PSYoungGen: 19976K->2464K(21504K)] 44313K->27312K(69120K), 0.0010940 secs] [Times: user=0.01 sys=0.00, real=0.00 secs] 
248.777: Total time for which application threads were stopped: 0.0012290 seconds, Stopping threads took: 0.0000600 seconds
248.824: Application time: 0.0462520 seconds
248.824: [GC [PSYoungGen: 21087K->1440K(21504K)] 45936K->26296K(69120K), 0.0006410 secs] [Times: user=0.00 sys=0.00, real=0.01 secs] 
248.824: Total time for which application threads were stopped: 0.0007700 seconds, Stopping threads took: 0.0000650 seconds
248.867: Application time: 0.0423280 seconds
248.867: [GC [PSYoungGen: 19964K->2464K(21504K)] 44821K->27841K(69120K), 0.0011480 secs] [Times: user=0.01 sys=0.00, real=0.00 secs] 
248.868: Total time for which application threads were stopped: 0.0013280 seconds, Stopping threads took: 0.0000850 seconds
248.914: Application time: 0.0463300 seconds
248.914: [GC [PSYoungGen: 21089K->880K(21504K)] 46466K->26256K(69120K), 0.0005160 secs] [Times: user=0.00 sys=0.00, real=0.00 secs] 
248.915: Total time for which application threads were stopped: 0.0006430 seconds, Stopping threads took: 0.0000590 seconds
248.957: Application time: 0.0423340 seconds
248.957: [GC [PSYoungGen: 19404K->2464K(21504K)] 44781K->27849K(69120K), 0.0009640 secs] [Times: user=0.00 sys=0.00, real=0.00 secs] 
248.958: Total time for which application threads were stopped: 0.0011100 seconds, Stopping threads took: 0.0000760 seconds
249.003: Application time: 0.0448850 seconds
249.003: [GC [PSYoungGen: 21085K->1408K(21504K)] 46470K->26792K(69120K), 0.0006580 secs] [Times: user=0.01 sys=0.00, real=0.01 secs] 
249.004: Total time for which application threads were stopped: 0.0007970 seconds, Stopping threads took: 0.0000700 seconds
249.048: Application time: 0.0434810 seconds
249.048: [GC [PSYoungGen: 20015K->1920K(21504K)] 45399K->27312K(69120K), 0.0008040 secs] [Times: user=0.01 sys=0.00, real=0.00 secs] 
249.049: Total time for which application threads were stopped: 0.0009510 seconds, Stopping threads took: 0.0000800 seconds
249.093: Application time: 0.0439410 seconds
249.093: [GC [PSYoungGen: 20452K->2464K(21504K)] 45845K->27865K(69120K), 0.0009470 secs] [Times: user=0.01 sys=0.00, real=0.00 secs] 
249.094: Total time for which application threads were stopped: 0.0011190 seconds, Stopping threads took: 0.0000990 seconds
249.138: Application time: 0.0445320 seconds
249.138: [GC [PSYoungGen: 21165K->1408K(21504K)] 46566K->26816K(69120K), 0.0006550 secs] [Times: user=0.01 sys=0.00, real=0.00 secs] 
249.139: Total time for which application threads were stopped: 0.0007820 seconds, Stopping threads took: 0.0000660 seconds
249.181: Application time: 0.0415630 seconds
249.181: [GC [PSYoungGen: 19932K->2496K(21504K)] 45341K->28424K(69120K), 0.0011170 secs] [Times: user=0.01 sys=0.00, real=0.00 secs] 
249.182: Total time for which application threads were stopped: 0.0017070 seconds, Stopping threads took: 0.0000710 seconds
249.229: Application time: 0.0471170 seconds
249.229: [GC [PSYoungGen: 21041K->1376K(21504K)] 46970K->27305K(69120K), 0.0006560 secs] [Times: user=0.01 sys=0.00, real=0.00 secs] 
249.230: Total time for which application threads were stopped: 0.0007770 seconds, Stopping threads took: 0.0000570 seconds
249.272: Application time: 0.0422850 seconds
249.273: [GC [PSYoungGen: 19898K->2480K(21504K)] 45827K->28921K(69120K), 0.0011230 secs] [Times: user=0.00 sys=0.00, real=0.00 secs] 
249.274: Total time for which application threads were stopped: 0.0012820 seconds, Stopping threads took: 0.0000870 seconds
249.320: Application time: 0.0463780 seconds
249.320: [GC [PSYoungGen: 21103K->1376K(21504K)] 47544K->27816K(69120K), 0.0006740 secs] [Times: user=0.01 sys=0.00, real=0.00 secs] 
249.321: Total time for which application threads were stopped: 0.0008110 seconds, Stopping threads took: 0.0000730 seconds
249.363: Application time: 0.0418090 seconds
249.363: [GC [PSYoungGen: 19896K->2496K(21504K)] 46337K->29968K(69120K), 0.0013210 secs] [Times: user=0.01 sys=0.00, real=0.01 secs] 
249.364: Total time for which application threads were stopped: 0.0014740 seconds, Stopping threads took: 0.0000730 seconds
249.411: Application time: 0.0465700 seconds
249.411: [GC [PSYoungGen: 21117K->1904K(21504K)] 48590K->29377K(69120K), 0.0007900 secs] [Times: user=0.01 sys=0.00, real=0.00 secs] 
249.412: Total time for which application threads were stopped: 0.0009410 seconds, Stopping threads took: 0.0000780 seconds
249.456: Application time: 0.0443030 seconds
249.456: [GC [PSYoungGen: 20442K->1360K(21504K)] 47915K->28841K(69120K), 0.0006710 secs] [Times: user=0.00 sys=0.00, real=0.00 secs] 
249.457: Total time for which application threads were stopped: 0.0008310 seconds, Stopping threads took: 0.0000920 seconds
249.501: Application time: 0.0439350 seconds
249.501: [GC [PSYoungGen: 19964K->1920K(21504K)] 47445K->29409K(69120K), 0.0007560 secs] [Times: user=0.01 sys=0.00, real=0.00 secs] 
249.502: Total time for which application threads were stopped: 0.0009130 seconds, Stopping threads took: 0.0000890 seconds
249.546: Application time: 0.0443990 seconds
249.546: [GC [PSYoungGen: 20535K->1920K(21504K)] 48024K->29409K(69120K), 0.0008220 secs] [Times: user=0.01 sys=0.00, real=0.00 secs] 
249.547: Total time for which application threads were stopped: 0.0010220 seconds, Stopping threads took: 0.0001270 seconds
249.592: Application time: 0.0448860 seconds
249.592: [GC [PSYoungGen: 20450K->1952K(21504K)] 47939K->29449K(69120K), 0.0007970 secs] [Times: user=0.01 sys=0.00, real=0.00 secs] 
249.593: Total time for which application threads were stopped: 0.0009580 seconds, Stopping threads took: 0.0000960 seconds
249.638: Application time: 0.0446960 seconds
249.638: [GC [PSYoungGen: 20573K->1376K(21504K)] 48070K->28873K(69120K), 0.0006580 secs] [Times: user=0.01 sys=0.00, real=0.00 secs] 
249.639: Total time for which application threads were stopped: 0.0008480 seconds, Stopping threads took: 0.0001230 seconds
249.682: Application time: 0.0436260 seconds
249.682: [GC [PSYoungGen: 19989K->2496K(21504K)] 47486K->30001K(69120K), 0.0009550 secs] [Times: user=0.00 sys=0.00, real=0.00 secs] 
249.683: Total time for which application threads were stopped: 0.0011180 seconds, Stopping threads took: 0.0000910 seconds
249.727: Application time: 0.0442100 seconds
249.728: [GC [PSYoungGen: 21035K->1920K(21504K)] 48539K->29433K(69120K), 0.0008270 secs] [Times: user=0.01 sys=0.00, real=0.00 secs] 
249.728: Total time for which application threads were stopped: 0.0009770 seconds, Stopping threads took: 0.0000710 seconds
249.773: Application time: 0.0443960 seconds
249.773: [GC [PSYoungGen: 20615K->1920K(21504K)] 48128K->29433K(69120K), 0.0008010 secs] [Times: user=0.01 sys=0.00, real=0.00 secs] 
249.774: Total time for which application threads were stopped: 0.0009460 seconds, Stopping threads took: 0.0000770 seconds
249.818: Application time: 0.0443400 seconds
249.818: [GC [PSYoungGen: 20444K->2512K(21504K)] 47957K->31057K(69120K), 0.0012560 secs] [Times: user=0.01 sys=0.00, real=0.00 secs] 
249.820: Total time for which application threads were stopped: 0.0014060 seconds, Stopping threads took: 0.0000740 seconds
249.865: Application time: 0.0451150 seconds
249.865: [GC [PSYoungGen: 21057K->1920K(21504K)] 49602K->30465K(69120K), 0.0008420 secs] [Times: user=0.01 sys=0.00, real=0.00 secs] 
249.866: Total time for which application threads were stopped: 0.0009780 seconds, Stopping threads took: 0.0000710 seconds
249.909: Application time: 0.0432480 seconds
249.909: [GC [PSYoungGen: 20444K->2448K(21504K)] 48989K->32017K(69120K), 0.0013020 secs] [Times: user=0.01 sys=0.00, real=0.00 secs] 
249.910: Total time for which application threads were stopped: 0.0014480 seconds, Stopping threads took: 0.0000670 seconds
249.956: Application time: 0.0460090 seconds
249.956: [GC [PSYoungGen: 21071K->1952K(21504K)] 50640K->31521K(69120K), 0.0007780 secs] [Times: user=0.00 sys=0.00, real=0.00 secs] 
249.957: Total time for which application threads were stopped: 0.0009110 seconds, Stopping threads took: 0.0000620 seconds
250.000: Application time: 0.0431070 seconds
250.001: [GC [PSYoungGen: 20482K->2496K(21504K)] 50051K->32073K(69120K), 0.0010070 secs] [Times: user=0.00 sys=0.00, real=0.00 secs] 
250.002: Total time for which application threads were stopped: 0.0011950 seconds, Stopping threads took: 0.0001150 seconds
250.046: Application time: 0.0447820 seconds
250.046: [GC [PSYoungGen: 21115K->1936K(21504K)] 50692K->31513K(69120K), 0.0007890 secs] [Times: user=0.01 sys=0.00, real=0.00 secs] 
250.047: Total time for which application threads were stopped: 0.0009250 seconds, Stopping threads took: 0.0000680 seconds
250.092: Application time: 0.0445920 seconds
250.092: [GC [PSYoungGen: 20474K->1424K(21504K)] 50051K->31017K(69120K), 0.0006410 secs] [Times: user=0.00 sys=0.00, real=0.00 secs] 
250.093: Total time for which application threads were stopped: 0.0007800 seconds, Stopping threads took: 0.0000740 seconds
250.136: Application time: 0.0434470 seconds
250.136: [GC [PSYoungGen: 20036K->1936K(21504K)] 49629K->31529K(69120K), 0.0008080 secs] [Times: user=0.01 sys=0.00, real=0.00 secs] 
250.137: Total time for which application threads were stopped: 0.0009320 seconds, Stopping threads took: 0.0000550 seconds
250.180: Application time: 0.0432700 seconds
250.180: [GC [PSYoungGen: 20544K->2496K(21504K)] 50137K->32609K(69120K), 0.0011180 secs] [Times: user=0.01 sys=0.00, real=0.00 secs] 
250.182: Total time for which application threads were stopped: 0.0012710 seconds, Stopping threads took: 0.0000810 seconds
250.227: Application time: 0.0452070 seconds
250.227: [GC [PSYoungGen: 21041K->1360K(21504K)] 51154K->31481K(69120K), 0.0006430 secs] [Times: user=0.01 sys=0.00, real=0.00 secs] 
250.228: Total time for which application threads were stopped: 0.0007740 seconds, Stopping threads took: 0.0000680 seconds
250.270: Application time: 0.0429100 seconds
250.271: [GC [PSYoungGen: 19962K->2480K(21504K)] 50083K->33113K(69120K), 0.0011650 secs] [Times: user=0.00 sys=0.00, real=0.00 secs] 
250.272: Total time for which application threads were stopped: 0.0013060 seconds, Stopping threads took: 0.0000690 seconds
250.318: Application time: 0.0463010 seconds
250.318: [GC [PSYoungGen: 21101K->1936K(21504K)] 51734K->32577K(69120K), 0.0007930 secs] [Times: user=0.00 sys=0.00, real=0.00 secs] 
250.319: Total time for which application threads were stopped: 0.0009640 seconds, Stopping threads took: 0.0001000 seconds
250.360: Application time: 0.0409380 seconds
250.360: [GC [PSYoungGen: 20464K->2480K(21504K)] 51105K->33641K(69120K), 0.0011430 secs] [Times: user=0.01 sys=0.00, real=0.00 secs] 
250.361: Total time for which application threads were stopped: 0.0013230 seconds, Stopping threads took: 0.0001040 seconds
250.408: Application time: 0.0461990 seconds
250.408: [GC [PSYoungGen: 21023K->1920K(21504K)] 52184K->33081K(69120K), 0.0007930 secs] [Times: user=0.00 sys=0.00, real=0.00 secs] 
250.408: Total time for which application threads were stopped: 0.0009340 seconds, Stopping threads took: 0.0000730 seconds
250.451: Application time: 0.0430020 seconds
250.452: [GC [PSYoungGen: 20611K->2480K(21504K)] 51772K->33649K(69120K), 0.0009490 secs] [Times: user=0.00 sys=0.00, real=0.00 secs] 
250.453: Total time for which application threads were stopped: 0.0011580 seconds, Stopping threads took: 0.0001380 seconds
250.498: Application time: 0.0449980 seconds
250.498: [GC [PSYoungGen: 21021K->1968K(21504K)] 52190K->33137K(69120K), 0.0007960 secs] [Times: user=0.01 sys=0.00, real=0.00 secs] 
250.499: Total time for which application threads were stopped: 0.0009460 seconds, Stopping threads took: 0.0000720 seconds
250.544: Application time: 0.0457760 seconds
250.544: [GC [PSYoungGen: 20511K->352K(21504K)] 51680K->31521K(69120K), 0.0004220 secs] [Times: user=0.00 sys=0.00, real=0.00 secs] 
250.545: Total time for which application threads were stopped: 0.0005550 seconds, Stopping threads took: 0.0000660 seconds
250.586: Application time: 0.0415380 seconds
250.587: [GC [PSYoungGen: 18872K->2480K(21504K)] 50041K->33649K(69120K), 0.0009560 secs] [Times: user=0.01 sys=0.00, real=0.00 secs] 
250.588: Total time for which application threads were stopped: 0.0011000 seconds, Stopping threads took: 0.0000730 seconds
250.631: Application time: 0.0434000 seconds
250.631: [GC [PSYoungGen: 21089K->2432K(21504K)] 52258K->33609K(69120K), 0.0009540 secs] [Times: user=0.01 sys=0.00, real=0.00 secs] 
250.632: Total time for which application threads were stopped: 0.0011620 seconds, Stopping threads took: 0.0001400 seconds
250.677: Application time: 0.0447510 seconds
250.677: [GC [PSYoungGen: 21055K->1888K(21504K)] 52232K->33065K(69120K), 0.0007760 secs] [Times: user=0.00 sys=0.00, real=0.00 secs] 
250.678: Total time for which application threads were stopped: 0.0009260 seconds, Stopping threads took: 0.0000850 seconds
250.722: Application time: 0.0446160 seconds
250.723: [GC [PSYoungGen: 20420K->2448K(21504K)] 51597K->33633K(69120K), 0.0009620 secs] [Times: user=0.00 sys=0.00, real=0.00 secs] 
250.724: Total time for which application threads were stopped: 0.0011060 seconds, Stopping threads took: 0.0000760 seconds
250.769: Application time: 0.0456940 seconds
250.769: [GC [PSYoungGen: 21069K->1392K(21504K)] 52254K->32577K(69120K), 0.0006620 secs] [Times: user=0.00 sys=0.00, real=0.00 secs] 
250.770: Total time for which application threads were stopped: 0.0007870 seconds, Stopping threads took: 0.0000650 seconds
250.814: Application time: 0.0436610 seconds
250.814: [GC [PSYoungGen: 20000K->2416K(21504K)] 51185K->33609K(69120K), 0.0010210 secs] [Times: user=0.00 sys=0.00, real=0.00 secs] 
250.815: Total time for which application threads were stopped: 0.0011540 seconds, Stopping threads took: 0.0000600 seconds
250.859: Application time: 0.0446060 seconds
250.860: [GC [PSYoungGen: 20955K->1952K(21504K)] 52148K->33153K(69120K), 0.0008340 secs] [Times: user=0.01 sys=0.00, real=0.00 secs] 
250.860: Total time for which application threads were stopped: 0.0010220 seconds, Stopping threads took: 0.0001150 seconds
250.906: Application time: 0.0457400 seconds
250.906: [GC [PSYoungGen: 20486K->1920K(21504K)] 51687K->33121K(69120K), 0.0008100 secs] [Times: user=0.01 sys=0.00, real=0.00 secs] 
250.907: Total time for which application threads were stopped: 0.0009420 seconds, Stopping threads took: 0.0000670 seconds
250.951: Application time: 0.0440410 seconds
250.951: [GC [PSYoungGen: 20609K->2464K(21504K)] 51810K->33673K(69120K), 0.0009490 secs] [Times: user=0.00 sys=0.00, real=0.00 secs] 
250.952: Total time for which application threads were stopped: 0.0011290 seconds, Stopping threads took: 0.0000990 seconds
250.998: Application time: 0.0461170 seconds
250.999: [GC [PSYoungGen: 21007K->1408K(21504K)] 52216K->32625K(69120K), 0.0006590 secs] [Times: user=0.00 sys=0.00, real=0.00 secs] 
250.999: Total time for which application threads were stopped: 0.0007910 seconds, Stopping threads took: 0.0000600 seconds
251.042: Application time: 0.0424160 seconds
251.042: [GC [PSYoungGen: 19932K->2480K(21504K)] 51149K->34209K(69120K), 0.0011170 secs] [Times: user=0.01 sys=0.00, real=0.00 secs] 
251.043: Total time for which application threads were stopped: 0.0012760 seconds, Stopping threads took: 0.0000850 seconds
251.089: Application time: 0.0456910 seconds
251.089: [GC [PSYoungGen: 21099K->1920K(21504K)] 52828K->33649K(69120K), 0.0007940 secs] [Times: user=0.00 sys=0.00, real=0.00 secs] 
251.090: Total time for which application threads were stopped: 0.0009520 seconds, Stopping threads took: 0.0000910 seconds
251.134: Application time: 0.0441030 seconds
251.134: [GC [PSYoungGen: 20535K->1920K(21504K)] 52264K->33657K(69120K), 0.0007860 secs] [Times: user=0.01 sys=0.00, real=0.00 secs] 
251.135: Total time for which application threads were stopped: 0.0010110 seconds, Stopping threads took: 0.0001630 seconds
251.179: Application time: 0.0440490 seconds
251.179: [GC [PSYoungGen: 20452K->2480K(21504K)] 52189K->34217K(69120K), 0.0009900 secs] [Times: user=0.01 sys=0.00, real=0.00 secs] 
251.180: Total time for which application threads were stopped: 0.0011470 seconds, Stopping threads took: 0.0000850 seconds
251.224: Application time: 0.0442370 seconds
251.224: [GC [PSYoungGen: 21021K->1936K(21504K)] 52758K->33673K(69120K), 0.0008100 secs] [Times: user=0.01 sys=0.00, real=0.00 secs] 
251.225: Total time for which application threads were stopped: 0.0009490 seconds, Stopping threads took: 0.0000710 seconds
251.270: Application time: 0.0446910 seconds
251.270: [GC [PSYoungGen: 20553K->1344K(21504K)] 52290K->33081K(69120K), 0.0006520 secs] [Times: user=0.01 sys=0.00, real=0.00 secs] 
251.271: Total time for which application threads were stopped: 0.0007860 seconds, Stopping threads took: 0.0000680 seconds
251.314: Application time: 0.0434320 seconds
251.314: [GC [PSYoungGen: 19870K->2528K(21504K)] 51607K->34785K(69120K), 0.0011180 secs] [Times: user=0.01 sys=0.00, real=0.00 secs] 
251.315: Total time for which application threads were stopped: 0.0012640 seconds, Stopping threads took: 0.0000700 seconds
251.360: Application time: 0.0447020 seconds
251.360: [GC [PSYoungGen: 21149K->1888K(21504K)] 53406K->34153K(69120K), 0.0008530 secs] [Times: user=0.00 sys=0.00, real=0.00 secs] 
251.361: Total time for which application threads were stopped: 0.0010060 seconds, Stopping threads took: 0.0000870 seconds
251.405: Application time: 0.0436940 seconds
251.405: [GC [PSYoungGen: 20499K->2432K(21504K)] 52764K->34697K(69120K), 0.0009320 secs] [Times: user=0.00 sys=0.00, real=0.00 secs] 
251.406: Total time for which application threads were stopped: 0.0010660 seconds, Stopping threads took: 0.0000670 seconds
251.452: Application time: 0.0465820 seconds
251.452: [GC [PSYoungGen: 20975K->1392K(21504K)] 53240K->33665K(69120K), 0.0006640 secs] [Times: user=0.00 sys=0.00, real=0.00 secs] 
251.453: Total time for which application threads were stopped: 0.0008070 seconds, Stopping threads took: 0.0000750 seconds
251.495: Application time: 0.0423090 seconds
251.496: [GC [PSYoungGen: 20000K->2400K(21504K)] 52273K->34681K(69120K), 0.0009810 secs] [Times: user=0.00 sys=0.00, real=0.01 secs] 
251.497: Total time for which application threads were stopped: 0.0011260 seconds, Stopping threads took: 0.0000730 seconds
251.543: Application time: 0.0462440 seconds
251.543: [GC [PSYoungGen: 20943K->896K(21504K)] 53224K->33177K(69120K), 0.0005300 secs] [Times: user=0.00 sys=0.00, real=0.00 secs] 
251.543: Total time for which application threads were stopped: 0.0006500 seconds, Stopping threads took: 0.0000530 seconds
251.586: Application time: 0.0422450 seconds
251.586: [GC [PSYoungGen: 19578K->2480K(21504K)] 51860K->34761K(69120K), 0.0009540 secs] [Times: user=0.00 sys=0.00, real=0.00 secs] 
251.587: Total time for which application threads were stopped: 0.0011040 seconds, Stopping threads took: 0.0000840 seconds
251.633: Application time: 0.0458250 seconds
251.633: [GC [PSYoungGen: 21023K->1408K(21504K)] 53304K->33697K(69120K), 0.0006730 secs] [Times: user=0.00 sys=0.00, real=0.00 secs] 
251.633: Total time for which application threads were stopped: 0.0008000 seconds, Stopping threads took: 0.0000620 seconds
251.675: Application time: 0.0417900 seconds
251.675: [GC [PSYoungGen: 19928K->2432K(21504K)] 52217K->35745K(69120K), 0.0012850 secs] [Times: user=0.00 sys=0.00, real=0.01 secs] 
251.677: Total time for which application threads were stopped: 0.0014420 seconds, Stopping threads took: 0.0000820 seconds
251.724: Application time: 0.0473120 seconds
251.724: [GC [PSYoungGen: 21057K->1408K(21504K)] 54370K->34721K(69120K), 0.0006380 secs] [Times: user=0.00 sys=0.00, real=0.00 secs] 
251.725: Total time for which application threads were stopped: 0.0007840 seconds, Stopping threads took: 0.0000840 seconds
251.767: Application time: 0.0424730 seconds
251.767: [GC [PSYoungGen: 20012K->2448K(21504K)] 53326K->36281K(69120K), 0.0011470 secs] [Times: user=0.01 sys=0.00, real=0.00 secs] 
251.769: Total time for which application threads were stopped: 0.0012940 seconds, Stopping threads took: 0.0000750 seconds
251.814: Application time: 0.0456030 seconds
251.814: [GC [PSYoungGen: 20991K->1936K(21504K)] 54824K->35777K(69120K), 0.0008340 secs] [Times: user=0.01 sys=0.00, real=0.00 secs] 
251.815: Total time for which application threads were stopped: 0.0009720 seconds, Stopping threads took: 0.0000700 seconds
251.859: Application time: 0.0442420 seconds
251.859: [GC [PSYoungGen: 20472K->1952K(21504K)] 54314K->35793K(69120K), 0.0007980 secs] [Times: user=0.01 sys=0.00, real=0.00 secs] 
251.860: Total time for which application threads were stopped: 0.0009280 seconds, Stopping threads took: 0.0000640 seconds
251.904: Application time: 0.0434760 seconds
251.904: [GC [PSYoungGen: 20563K->2448K(21504K)] 54404K->36289K(69120K), 0.0009720 secs] [Times: user=0.00 sys=0.00, real=0.01 secs] 
251.905: Total time for which application threads were stopped: 0.0011110 seconds, Stopping threads took: 0.0000680 seconds
251.950: Application time: 0.0446360 seconds
251.950: [GC [PSYoungGen: 20989K->1952K(21504K)] 54830K->35801K(69120K), 0.0007870 secs] [Times: user=0.00 sys=0.00, real=0.00 secs] 
251.950: Total time for which application threads were stopped: 0.0009140 seconds, Stopping threads took: 0.0000610 seconds
251.994: Application time: 0.0432450 seconds
251.994: [GC [PSYoungGen: 20562K->2464K(21504K)] 54412K->36313K(69120K), 0.0009570 secs] [Times: user=0.01 sys=0.00, real=0.00 secs] 
251.995: Total time for which application threads were stopped: 0.0011040 seconds, Stopping threads took: 0.0000730 seconds
252.041: Application time: 0.0458900 seconds
252.041: [GC [PSYoungGen: 21085K->1392K(21504K)] 54934K->35249K(69120K), 0.0006660 secs] [Times: user=0.00 sys=0.00, real=0.00 secs] 
252.041: Total time for which application threads were stopped: 0.0007920 seconds, Stopping threads took: 0.0000630 seconds
252.085: Application time: 0.0431410 seconds
252.085: [GC [PSYoungGen: 19920K->2448K(21504K)] 53777K->36313K(69120K), 0.0009440 secs] [Times: user=0.00 sys=0.00, real=0.00 secs] 
252.086: Total time for which application threads were stopped: 0.0011090 seconds, Stopping threads took: 0.0000860 seconds
252.130: Application time: 0.0446300 seconds
252.130: [GC [PSYoungGen: 21069K->1392K(21504K)] 54934K->35257K(69120K), 0.0006480 secs] [Times: user=0.01 sys=0.00, real=0.00 secs] 
252.131: Total time for which application threads were stopped: 0.0007710 seconds, Stopping threads took: 0.0000600 seconds
252.174: Application time: 0.0424010 seconds
252.174: [GC [PSYoungGen: 19920K->2432K(21504K)] 53785K->36305K(69120K), 0.0009420 secs] [Times: user=0.01 sys=0.00, real=0.00 secs] 
252.175: Total time for which application threads were stopped: 0.0010850 seconds, Stopping threads took: 0.0000650 seconds
252.219: Application time: 0.0447040 seconds
252.219: [GC [PSYoungGen: 21129K->1936K(21504K)] 55002K->35809K(69120K), 0.0007970 secs] [Times: user=0.00 sys=0.00, real=0.00 secs] 
252.220: Total time for which application threads were stopped: 0.0009560 seconds, Stopping threads took: 0.0000910 seconds
252.264: Application time: 0.0438270 seconds
252.264: [GC [PSYoungGen: 20468K->1920K(21504K)] 54341K->35801K(69120K), 0.0008110 secs] [Times: user=0.01 sys=0.00, real=0.00 secs] 
252.265: Total time for which application threads were stopped: 0.0010280 seconds, Stopping threads took: 0.0001520 seconds
252.310: Application time: 0.0446150 seconds
252.310: [GC [PSYoungGen: 20461K->1952K(21504K)] 54342K->35833K(69120K), 0.0007990 secs] [Times: user=0.00 sys=0.00, real=0.00 secs] 
252.311: Total time for which application threads were stopped: 0.0009480 seconds, Stopping threads took: 0.0000780 seconds
252.354: Application time: 0.0431690 seconds
252.354: [GC [PSYoungGen: 20556K->2528K(21504K)] 54438K->37433K(69120K), 0.0012810 secs] [Times: user=0.01 sys=0.00, real=0.00 secs] 
252.355: Total time for which application threads were stopped: 0.0014320 seconds, Stopping threads took: 0.0000740 seconds
252.400: Application time: 0.0447220 seconds
252.400: [GC [PSYoungGen: 21151K->1904K(21504K)] 56056K->36817K(69120K), 0.0008260 secs] [Times: user=0.01 sys=0.00, real=0.00 secs] 
252.401: Total time for which application threads were stopped: 0.0009800 seconds, Stopping threads took: 0.0000840 seconds
252.446: Application time: 0.0445240 seconds
252.446: [GC [PSYoungGen: 20440K->1904K(21504K)] 55354K->36825K(69120K), 0.0007850 secs] [Times: user=0.01 sys=0.00, real=0.00 secs] 
252.446: Total time for which application threads were stopped: 0.0009090 seconds, Stopping threads took: 0.0000610 seconds
252.491: Application time: 0.0441380 seconds
252.491: [GC [PSYoungGen: 20436K->2480K(21504K)] 55357K->37401K(69120K), 0.0010110 secs] [Times: user=0.01 sys=0.00, real=0.00 secs] 
252.492: Total time for which application threads were stopped: 0.0011530 seconds, Stopping threads took: 0.0000730 seconds
252.537: Application time: 0.0449020 seconds
252.537: [GC [PSYoungGen: 21101K->1408K(21504K)] 56022K->36329K(69120K), 0.0006520 secs] [Times: user=0.01 sys=0.00, real=0.00 secs] 
252.537: Total time for which application threads were stopped: 0.0007820 seconds, Stopping threads took: 0.0000660 seconds
252.580: Application time: 0.0427340 seconds
252.580: [GC [PSYoungGen: 19936K->2480K(21504K)] 54857K->37409K(69120K), 0.0009540 secs] [Times: user=0.01 sys=0.00, real=0.00 secs] 
252.581: Total time for which application threads were stopped: 0.0011040 seconds, Stopping threads took: 0.0000750 seconds
252.627: Application time: 0.0457330 seconds
252.627: [GC [PSYoungGen: 21101K->1408K(21504K)] 56030K->36337K(69120K), 0.0007350 secs] [Times: user=0.00 sys=0.00, real=0.00 secs] 
252.628: Total time for which application threads were stopped: 0.0008770 seconds, Stopping threads took: 0.0000690 seconds
252.670: Application time: 0.0421230 seconds
252.670: [GC [PSYoungGen: 19936K->2416K(21504K)] 54865K->37353K(69120K), 0.0010190 secs] [Times: user=0.00 sys=0.00, real=0.00 secs] 
252.671: Total time for which application threads were stopped: 0.0011600 seconds, Stopping threads took: 0.0000670 seconds
252.717: Application time: 0.0460460 seconds
252.717: [GC [PSYoungGen: 21033K->1920K(21504K)] 55970K->36865K(69120K), 0.0008010 secs] [Times: user=0.00 sys=0.00, real=0.00 secs] 
252.718: Total time for which application threads were stopped: 0.0009520 seconds, Stopping threads took: 0.0000810 seconds
252.760: Application time: 0.0422530 seconds
252.761: [GC [PSYoungGen: 20452K->2432K(21504K)] 55397K->37377K(69120K), 0.0009460 secs] [Times: user=0.01 sys=0.00, real=0.00 secs] 
252.762: Total time for which application threads were stopped: 0.0011220 seconds, Stopping threads took: 0.0001030 seconds
252.808: Application time: 0.0463040 seconds
252.808: [GC [PSYoungGen: 21053K->1360K(21504K)] 55998K->36313K(69120K), 0.0006680 secs] [Times: user=0.00 sys=0.01, real=0.00 secs] 
252.809: Total time for which application threads were stopped: 0.0008310 seconds, Stopping threads took: 0.0001030 seconds
252.850: Application time: 0.0416020 seconds
252.850: [GC [PSYoungGen: 19964K->2496K(21504K)] 54918K->37961K(69120K), 0.0011700 secs] [Times: user=0.01 sys=0.00, real=0.00 secs] 
252.852: Total time for which application threads were stopped: 0.0013380 seconds, Stopping threads took: 0.0000940 seconds
252.899: Application time: 0.0470880 seconds
252.899: [GC [PSYoungGen: 21119K->1424K(21504K)] 56584K->36897K(69120K), 0.0006570 secs] [Times: user=0.00 sys=0.00, real=0.00 secs] 
252.900: Total time for which application threads were stopped: 0.0007970 seconds, Stopping threads took: 0.0000720 seconds
252.941: Application time: 0.0418410 seconds
252.941: [GC [PSYoungGen: 19948K->2496K(21504K)] 55421K->38481K(69120K), 0.0011540 secs] [Times: user=0.01 sys=0.00, real=0.00 secs] 
252.943: Total time for which application threads were stopped: 0.0012920 seconds, Stopping threads took: 0.0000610 seconds
252.990: Application time: 0.0472630 seconds
252.990: [GC [PSYoungGen: 21119K->1392K(21504K)] 57104K->37377K(69120K), 0.0007000 secs] [Times: user=0.00 sys=0.00, real=0.00 secs] 
252.991: Total time for which application threads were stopped: 0.0008250 seconds, Stopping threads took: 0.0000550 seconds
253.031: Application time: 0.0399460 seconds
253.031: [GC [PSYoungGen: 19912K->2496K(21504K)] 55897K->39513K(69120K), 0.0012570 secs] [Times: user=0.01 sys=0.00, real=0.00 secs] 
253.032: Total time for which application threads were stopped: 0.0014130 seconds, Stopping threads took: 0.0000830 seconds
253.081: Application time: 0.0485100 seconds
253.084: [GC [PSYoungGen: 21119K->1904K(21504K)] 58136K->38929K(69120K), 0.0008440 secs] [Times: user=0.01 sys=0.00, real=0.00 secs] 
253.085: Total time for which application threads were stopped: 0.0043760 seconds, Stopping threads took: 0.0034640 seconds
253.125: Application time: 0.0400270 seconds
253.125: [GC [PSYoungGen: 20426K->2512K(21504K)] 57451K->40561K(69120K), 0.0012990 secs] [Times: user=0.01 sys=0.00, real=0.00 secs] 
253.126: Total time for which application threads were stopped: 0.0014530 seconds, Stopping threads took: 0.0000780 seconds
253.174: Application time: 0.0472700 seconds
253.174: [GC [PSYoungGen: 21135K->1888K(21504K)] 59184K->39937K(69120K), 0.0007970 secs] [Times: user=0.01 sys=0.00, real=0.00 secs] 
253.175: Total time for which application threads were stopped: 0.0009550 seconds, Stopping threads took: 0.0000760 seconds
253.217: Application time: 0.0418410 seconds
253.217: [GC [PSYoungGen: 20412K->2512K(21504K)] 58461K->41593K(69120K), 0.0012940 secs] [Times: user=0.01 sys=0.00, real=0.00 secs] 
253.218: Total time for which application threads were stopped: 0.0014600 seconds, Stopping threads took: 0.0000890 seconds
253.266: Application time: 0.0478340 seconds
253.266: [GC [PSYoungGen: 21137K->1408K(21504K)] 60218K->40489K(69120K), 0.0006880 secs] [Times: user=0.01 sys=0.00, real=0.00 secs] 
253.267: Total time for which application threads were stopped: 0.0008350 seconds, Stopping threads took: 0.0000740 seconds
253.310: Application time: 0.0434300 seconds
253.310: [GC [PSYoungGen: 19936K->2448K(21504K)] 59017K->41537K(69120K), 0.0009630 secs] [Times: user=0.01 sys=0.00, real=0.00 secs] 
253.311: Total time for which application threads were stopped: 0.0010950 seconds, Stopping threads took: 0.0000620 seconds
253.354: Application time: 0.0432270 seconds
253.355: [GC [PSYoungGen: 21057K->2464K(21504K)] 60146K->41553K(69120K), 0.0009680 secs] [Times: user=0.01 sys=0.00, real=0.00 secs] 
253.356: Total time for which application threads were stopped: 0.0011450 seconds, Stopping threads took: 0.0001010 seconds
253.404: Application time: 0.0482260 seconds
253.404: [GC [PSYoungGen: 21011K->848K(21504K)] 60100K->39945K(69120K), 0.0005290 secs] [Times: user=0.00 sys=0.00, real=0.01 secs] 
253.404: Total time for which application threads were stopped: 0.0006630 seconds, Stopping threads took: 0.0000640 seconds
253.446: Application time: 0.0410240 seconds
253.446: [GC [PSYoungGen: 19452K->2464K(21504K)] 58550K->41561K(69120K), 0.0009450 secs] [Times: user=0.00 sys=0.00, real=0.00 secs] 
253.447: Total time for which application threads were stopped: 0.0010900 seconds, Stopping threads took: 0.0000700 seconds
253.495: Application time: 0.0480750 seconds
253.495: [GC [PSYoungGen: 21087K->832K(21504K)] 60184K->39937K(69120K), 0.0005480 secs] [Times: user=0.00 sys=0.00, real=0.00 secs] 
253.495: Total time for which application threads were stopped: 0.0006790 seconds, Stopping threads took: 0.0000650 seconds
253.537: Application time: 0.0421310 seconds
253.538: [GC [PSYoungGen: 19434K->2448K(21504K)] 58540K->41561K(69120K), 0.0009520 secs] [Times: user=0.00 sys=0.00, real=0.00 secs] 
253.539: Total time for which application threads were stopped: 0.0011070 seconds, Stopping threads took: 0.0000840 seconds
253.584: Application time: 0.0456000 seconds
253.584: [GC [PSYoungGen: 20993K->880K(21504K)] 60106K->40001K(69120K), 0.0005430 secs] [Times: user=0.00 sys=0.00, real=0.00 secs] 
253.585: Total time for which application threads were stopped: 0.0006850 seconds, Stopping threads took: 0.0000760 seconds
253.626: Application time: 0.0414550 seconds
253.626: [GC [PSYoungGen: 19482K->2432K(21504K)] 58603K->41553K(69120K), 0.0009620 secs] [Times: user=0.01 sys=0.00, real=0.00 secs] 
253.627: Total time for which application threads were stopped: 0.0011080 seconds, Stopping threads took: 0.0000760 seconds
253.673: Application time: 0.0456300 seconds
253.673: [GC [PSYoungGen: 20973K->1984K(21504K)] 60094K->41113K(69120K), 0.0008160 secs] [Times: user=0.01 sys=0.00, real=0.00 secs] 
253.674: Total time for which application threads were stopped: 0.0009570 seconds, Stopping threads took: 0.0000680 seconds
253.716: Application time: 0.0423950 seconds
253.717: [GC [PSYoungGen: 20516K->2480K(21504K)] 59646K->41609K(69120K), 0.0010490 secs] [Times: user=0.01 sys=0.00, real=0.00 secs] 
253.718: Total time for which application threads were stopped: 0.0012000 seconds, Stopping threads took: 0.0000690 seconds
253.762: Application time: 0.0442490 seconds
253.762: [GC [PSYoungGen: 21097K->2480K(21504K)] 60226K->41625K(69120K), 0.0009560 secs] [Times: user=0.01 sys=0.00, real=0.00 secs] 
253.763: Total time for which application threads were stopped: 0.0011000 seconds, Stopping threads took: 0.0000730 seconds
253.809: Application time: 0.0458590 seconds
253.809: [GC [PSYoungGen: 21099K->1952K(21504K)] 60244K->41097K(69120K), 0.0008620 secs] [Times: user=0.01 sys=0.00, real=0.00 secs] 
253.810: Total time for which application threads were stopped: 0.0010170 seconds, Stopping threads took: 0.0000870 seconds
253.851: Application time: 0.0413960 seconds
253.851: [GC [PSYoungGen: 20476K->2512K(21504K)] 59621K->42689K(69120K), 0.0013320 secs] [Times: user=0.01 sys=0.00, real=0.00 secs] 
253.853: Total time for which application threads were stopped: 0.0014900 seconds, Stopping threads took: 0.0000770 seconds
253.900: Application time: 0.0468240 seconds
253.900: [GC [PSYoungGen: 21135K->1920K(21504K)] 61312K->42097K(69120K), 0.0008300 secs] [Times: user=0.00 sys=0.00, real=0.00 secs] 
253.901: Total time for which application threads were stopped: 0.0009610 seconds, Stopping threads took: 0.0000670 seconds
253.946: Application time: 0.0457820 seconds
253.946: [GC [PSYoungGen: 20461K->304K(21504K)] 60638K->40489K(69120K), 0.0004600 secs] [Times: user=0.00 sys=0.00, real=0.00 secs] 
253.947: Total time for which application threads were stopped: 0.0006430 seconds, Stopping threads took: 0.0001170 seconds
253.989: Application time: 0.0419610 seconds
253.989: [GC [PSYoungGen: 18904K->2448K(21504K)] 59089K->42633K(69120K), 0.0009480 secs] [Times: user=0.00 sys=0.00, real=0.00 secs] 
253.990: Total time for which application threads were stopped: 0.0010860 seconds, Stopping threads took: 0.0000710 seconds
254.035: Application time: 0.0450050 seconds
254.035: [GC [PSYoungGen: 20991K->1440K(21504K)] 61176K->41633K(69120K), 0.0006470 secs] [Times: user=0.01 sys=0.00, real=0.00 secs] 
254.036: Total time for which application threads were stopped: 0.0007850 seconds, Stopping threads took: 0.0000740 seconds
254.079: Application time: 0.0430680 seconds
254.079: [GC [PSYoungGen: 20047K->2416K(21504K)] 60240K->42609K(69120K), 0.0010550 secs] [Times: user=0.00 sys=0.00, real=0.00 secs] 
254.080: Total time for which application threads were stopped: 0.0012030 seconds, Stopping threads took: 0.0000740 seconds
254.124: Application time: 0.0443420 seconds
254.125: [GC [PSYoungGen: 20959K->1408K(21504K)] 61152K->41609K(69120K), 0.0006740 secs] [Times: user=0.00 sys=0.00, real=0.00 secs] 
254.125: Total time for which application threads were stopped: 0.0008660 seconds, Stopping threads took: 0.0001280 seconds
254.172: Application time: 0.0462140 seconds
254.172: [GC [PSYoungGen: 20099K->1392K(21504K)] 60300K->41601K(69120K), 0.0007100 secs] [Times: user=0.01 sys=0.00, real=0.00 secs] 
254.172: Total time for which application threads were stopped: 0.0008350 seconds, Stopping threads took: 0.0000580 seconds
254.217: Application time: 0.0447450 seconds
254.217: [GC [PSYoungGen: 19926K->1408K(21504K)] 60136K->41625K(69120K), 0.0006930 secs] [Times: user=0.01 sys=0.00, real=0.00 secs] 
254.219: Total time for which application threads were stopped: 0.0016590 seconds, Stopping threads took: 0.0000740 seconds
254.262: Application time: 0.0433800 seconds
254.262: [GC [PSYoungGen: 20014K->2480K(21504K)] 60232K->42697K(69120K), 0.0010090 secs] [Times: user=0.00 sys=0.00, real=0.00 secs] 
254.263: Total time for which application threads were stopped: 0.0011570 seconds, Stopping threads took: 0.0000770 seconds
254.308: Application time: 0.0443610 seconds
254.308: [GC [PSYoungGen: 21023K->1392K(21504K)] 61240K->41617K(69120K), 0.0006800 secs] [Times: user=0.00 sys=0.00, real=0.00 secs] 
254.309: Total time for which application threads were stopped: 0.0008240 seconds, Stopping threads took: 0.0000770 seconds
254.352: Application time: 0.0435560 seconds
254.352: [GC [PSYoungGen: 19924K->1904K(21504K)] 60150K->42129K(69120K), 0.0008510 secs] [Times: user=0.00 sys=0.00, real=0.00 secs] 
254.353: Total time for which application threads were stopped: 0.0010520 seconds, Stopping threads took: 0.0001290 seconds
254.397: Application time: 0.0441000 seconds
254.397: [GC [PSYoungGen: 20513K->2496K(21504K)] 60738K->43233K(69120K), 0.0012080 secs] [Times: user=0.00 sys=0.00, real=0.00 secs] 
254.399: Total time for which application threads were stopped: 0.0013620 seconds, Stopping threads took: 0.0000790 seconds
254.443: Application time: 0.0444280 seconds
254.443: [GC [PSYoungGen: 21117K->1888K(21504K)] 61854K->42633K(69120K), 0.0007840 secs] [Times: user=0.00 sys=0.00, real=0.00 secs] 
254.444: Total time for which application threads were stopped: 0.0009140 seconds, Stopping threads took: 0.0000650 seconds
254.487: Application time: 0.0433090 seconds
254.487: [GC [PSYoungGen: 20416K->2448K(21504K)] 61162K->43713K(69120K), 0.0011190 secs] [Times: user=0.01 sys=0.00, real=0.00 secs] 
254.488: Total time for which application threads were stopped: 0.0012590 seconds, Stopping threads took: 0.0000650 seconds
254.533: Application time: 0.0445610 seconds
254.533: [GC [PSYoungGen: 20987K->2448K(21504K)] 62252K->43713K(69120K), 0.0010330 secs] [Times: user=0.01 sys=0.00, real=0.00 secs] 
254.534: Total time for which application threads were stopped: 0.0011790 seconds, Stopping threads took: 0.0000750 seconds
254.579: Application time: 0.0447570 seconds
254.579: [GC [PSYoungGen: 21069K->1360K(21504K)] 62334K->42633K(69120K), 0.0006820 secs] [Times: user=0.00 sys=0.00, real=0.00 secs] 
254.580: Total time for which application threads were stopped: 0.0008320 seconds, Stopping threads took: 0.0000830 seconds
254.623: Application time: 0.0434890 seconds
254.623: [GC [PSYoungGen: 19966K->2448K(21504K)] 61240K->43721K(69120K), 0.0009750 secs] [Times: user=0.00 sys=0.00, real=0.01 secs] 
254.624: Total time for which application threads were stopped: 0.0011280 seconds, Stopping threads took: 0.0000730 seconds
254.671: Application time: 0.0462160 seconds
254.671: [GC [PSYoungGen: 20993K->848K(21504K)] 62266K->42129K(69120K), 0.0005540 secs] [Times: user=0.01 sys=0.00, real=0.00 secs] 
254.671: Total time for which application threads were stopped: 0.0006870 seconds, Stopping threads took: 0.0000670 seconds
254.713: Application time: 0.0421370 seconds
254.714: [GC [PSYoungGen: 19372K->2432K(21504K)] 60653K->43713K(69120K), 0.0009260 secs] [Times: user=0.01 sys=0.00, real=0.00 secs] 
254.715: Total time for which application threads were stopped: 0.0010790 seconds, Stopping threads took: 0.0000830 seconds
254.760: Application time: 0.0458780 seconds
254.761: [GC [PSYoungGen: 21053K->1392K(21504K)] 62334K->42681K(69120K), 0.0006610 secs] [Times: user=0.01 sys=0.00, real=0.00 secs] 
254.761: Total time for which application threads were stopped: 0.0008170 seconds, Stopping threads took: 0.0000690 seconds
254.805: Application time: 0.0434320 seconds
254.805: [GC [PSYoungGen: 20079K->2464K(21504K)] 61368K->43753K(69120K), 0.0009800 secs] [Times: user=0.01 sys=0.00, real=0.00 secs] 
254.806: Total time for which application threads were stopped: 0.0011290 seconds, Stopping threads took: 0.0000770 seconds
254.850: Application time: 0.0441060 seconds
254.850: [GC [PSYoungGen: 21005K->1888K(21504K)] 62294K->43185K(69120K), 0.0008090 secs] [Times: user=0.01 sys=0.00, real=0.00 secs] 
254.851: Total time for which application threads were stopped: 0.0009400 seconds, Stopping threads took: 0.0000650 seconds
254.895: Application time: 0.0443600 seconds
254.895: [GC [PSYoungGen: 20424K->1936K(21504K)] 61722K->43233K(69120K), 0.0008490 secs] [Times: user=0.01 sys=0.00, real=0.01 secs] 
254.896: Total time for which application threads were stopped: 0.0009950 seconds, Stopping threads took: 0.0000700 seconds
254.939: Application time: 0.0430860 seconds
254.939: [GC [PSYoungGen: 20547K->2496K(21504K)] 61844K->43801K(69120K), 0.0009880 secs] [Times: user=0.01 sys=0.00, real=0.00 secs] 
254.940: Total time for which application threads were stopped: 0.0011310 seconds, Stopping threads took: 0.0000700 seconds
254.985: Application time: 0.0444800 seconds
254.985: [GC [PSYoungGen: 21037K->1952K(21504K)] 62342K->43257K(69120K), 0.0008500 secs] [Times: user=0.00 sys=0.00, real=0.00 secs] 
254.986: Total time for which application threads were stopped: 0.0009880 seconds, Stopping threads took: 0.0000700 seconds
255.032: Application time: 0.0462670 seconds
255.032: [GC [PSYoungGen: 20490K->1360K(21504K)] 61796K->42665K(69120K), 0.0006640 secs] [Times: user=0.00 sys=0.00, real=0.00 secs] 
255.033: Total time for which application threads were stopped: 0.0007890 seconds, Stopping threads took: 0.0000640 seconds
255.074: Application time: 0.0409870 seconds
255.074: [GC [PSYoungGen: 19964K->2496K(21504K)] 61270K->43809K(69120K), 0.0009940 secs] [Times: user=0.01 sys=0.00, real=0.00 secs] 
255.075: Total time for which application threads were stopped: 0.0011930 seconds, Stopping threads took: 0.0001280 seconds
255.122: Application time: 0.0470760 seconds
255.122: [GC [PSYoungGen: 21117K->1920K(21504K)] 62430K->43241K(69120K), 0.0008020 secs] [Times: user=0.00 sys=0.00, real=0.00 secs] 
255.123: Total time for which application threads were stopped: 0.0009360 seconds, Stopping threads took: 0.0000700 seconds
255.165: Application time: 0.0418870 seconds
255.165: [GC [PSYoungGen: 20448K->2512K(21504K)] 61770K->44345K(69120K), 0.0011290 secs] [Times: user=0.00 sys=0.00, real=0.00 secs] 
255.166: Total time for which application threads were stopped: 0.0012660 seconds, Stopping threads took: 0.0000650 seconds
255.213: Application time: 0.0463640 seconds
255.213: [GC [PSYoungGen: 21133K->1920K(21504K)] 62966K->43753K(69120K), 0.0007940 secs] [Times: user=0.01 sys=0.00, real=0.00 secs] 
255.214: Total time for which application threads were stopped: 0.0009270 seconds, Stopping threads took: 0.0000680 seconds
255.256: Application time: 0.0421460 seconds
255.256: [GC [PSYoungGen: 20448K->2512K(21504K)] 62282K->44865K(69120K), 0.0011240 secs] [Times: user=0.00 sys=0.00, real=0.01 secs] 
255.257: Total time for which application threads were stopped: 0.0012630 seconds, Stopping threads took: 0.0000700 seconds
255.303: Application time: 0.0456220 seconds
255.303: [GC [PSYoungGen: 21129K->2480K(21504K)] 63482K->44841K(69120K), 0.0010260 secs] [Times: user=0.00 sys=0.00, real=0.00 secs] 
255.304: Total time for which application threads were stopped: 0.0011770 seconds, Stopping threads took: 0.0000730 seconds
255.349: Application time: 0.0450810 seconds
255.349: [GC [PSYoungGen: 21023K->1408K(21504K)] 63384K->43769K(69120K), 0.0006630 secs] [Times: user=0.01 sys=0.00, real=0.00 secs] 
255.350: Total time for which application threads were stopped: 0.0007970 seconds, Stopping threads took: 0.0000710 seconds
255.392: Application time: 0.0426220 seconds
255.392: [GC [PSYoungGen: 20014K->2448K(21504K)] 62376K->44809K(69120K), 0.0010280 secs] [Times: user=0.00 sys=0.00, real=0.00 secs] 
255.394: Total time for which application threads were stopped: 0.0011560 seconds, Stopping threads took: 0.0000580 seconds
255.439: Application time: 0.0453800 seconds
255.439: [GC [PSYoungGen: 21147K->1424K(21504K)] 63508K->43793K(69120K), 0.0006370 secs] [Times: user=0.00 sys=0.00, real=0.00 secs] 
255.440: Total time for which application threads were stopped: 0.0007650 seconds, Stopping threads took: 0.0000650 seconds
255.482: Application time: 0.0423400 seconds
255.482: [GC [PSYoungGen: 19952K->2496K(21504K)] 62322K->44873K(69120K), 0.0009910 secs] [Times: user=0.00 sys=0.00, real=0.00 secs] 
255.483: Total time for which application threads were stopped: 0.0011410 seconds, Stopping threads took: 0.0000780 seconds
255.530: Application time: 0.0468280 seconds
255.530: [GC [PSYoungGen: 21043K->336K(21504K)] 63420K->42713K(69120K), 0.0004970 secs] [Times: user=0.00 sys=0.00, real=0.00 secs] 
255.531: Total time for which application threads were stopped: 0.0006300 seconds, Stopping threads took: 0.0000670 seconds
255.573: Application time: 0.0419370 seconds
255.573: [GC [PSYoungGen: 18934K->2480K(21504K)] 61312K->44857K(69120K), 0.0010440 secs] [Times: user=0.00 sys=0.00, real=0.00 secs] 
255.574: Total time for which application threads were stopped: 0.0011820 seconds, Stopping threads took: 0.0000680 seconds
255.619: Application time: 0.0449700 seconds
255.619: [GC [PSYoungGen: 21023K->1376K(21504K)] 63400K->43761K(69120K), 0.0006780 secs] [Times: user=0.00 sys=0.00, real=0.00 secs] 
255.620: Total time for which application threads were stopped: 0.0008250 seconds, Stopping threads took: 0.0000780 seconds
255.663: Application time: 0.0434490 seconds
255.663: [GC [PSYoungGen: 19904K->1936K(21504K)] 62290K->44321K(69120K), 0.0008280 secs] [Times: user=0.00 sys=0.00, real=0.00 secs] 
255.664: Total time for which application threads were stopped: 0.0010450 seconds, Stopping threads took: 0.0001380 seconds
255.708: Application time: 0.0441620 seconds
255.708: [GC [PSYoungGen: 20555K->1968K(21504K)] 62940K->44353K(69120K), 0.0007780 secs] [Times: user=0.01 sys=0.00, real=0.00 secs] 
255.709: Total time for which application threads were stopped: 0.0009130 seconds, Stopping threads took: 0.0000670 seconds
255.753: Application time: 0.0435250 seconds
255.753: [GC [PSYoungGen: 20577K->2480K(21504K)] 62962K->44873K(69120K), 0.0009790 secs] [Times: user=0.00 sys=0.00, real=0.00 secs] 
255.754: Total time for which application threads were stopped: 0.0011480 seconds, Stopping threads took: 0.0000950 seconds
255.801: Application time: 0.0468690 seconds
255.801: [GC [PSYoungGen: 21027K->864K(21504K)] 63420K->43265K(69120K), 0.0005320 secs] [Times: user=0.00 sys=0.00, real=0.00 secs] 
255.801: Total time for which application threads were stopped: 0.0006640 seconds, Stopping threads took: 0.0000720 seconds
255.842: Application time: 0.0409960 seconds
255.842: [GC [PSYoungGen: 19466K->2480K(21504K)] 61868K->44881K(69120K), 0.0009820 secs] [Times: user=0.00 sys=0.00, real=0.00 secs] 
255.843: Total time for which application threads were stopped: 0.0011300 seconds, Stopping threads took: 0.0000580 seconds
255.889: Application time: 0.0458070 seconds
255.889: [GC [PSYoungGen: 21025K->864K(21504K)] 63426K->43273K(69120K), 0.0005200 secs] [Times: user=0.00 sys=0.00, real=0.00 secs] 
255.890: Total time for which application threads were stopped: 0.0006430 seconds, Stopping threads took: 0.0000610 seconds
255.933: Application time: 0.0427890 seconds
255.933: [GC [PSYoungGen: 19464K->2496K(21504K)] 61874K->45417K(69120K), 0.0011540 secs] [Times: user=0.01 sys=0.00, real=0.00 secs] 
255.934: Total time for which application threads were stopped: 0.0013130 seconds, Stopping threads took: 0.0000870 seconds
255.979: Application time: 0.0445970 seconds
255.979: [GC [PSYoungGen: 21039K->1424K(21504K)] 63960K->44353K(69120K), 0.0006830 secs] [Times: user=0.00 sys=0.00, real=0.00 secs] 
255.980: Total time for which application threads were stopped: 0.0009140 seconds, Stopping threads took: 0.0001690 seconds
256.023: Application time: 0.0439130 seconds
256.024: [GC [PSYoungGen: 20037K->1408K(21504K)] 62966K->44337K(69120K), 0.0006870 secs] [Times: user=0.01 sys=0.00, real=0.01 secs] 
256.024: Total time for which application threads were stopped: 0.0009300 seconds, Stopping threads took: 0.0001760 seconds
256.068: Application time: 0.0437010 seconds
256.068: [GC [PSYoungGen: 20095K->2464K(21504K)] 63024K->45401K(69120K), 0.0009940 secs] [Times: user=0.00 sys=0.00, real=0.00 secs] 
256.069: Total time for which application threads were stopped: 0.0011310 seconds, Stopping threads took: 0.0000590 seconds
256.113: Application time: 0.0433000 seconds
256.113: [GC [PSYoungGen: 21007K->1344K(21504K)] 63944K->44289K(69120K), 0.0006790 secs] [Times: user=0.00 sys=0.00, real=0.00 secs] 
256.113: Total time for which application threads were stopped: 0.0008140 seconds, Stopping threads took: 0.0000740 seconds
256.157: Application time: 0.0439310 seconds
256.157: [GC [PSYoungGen: 19874K->1952K(21504K)] 62820K->44897K(69120K), 0.0008150 secs] [Times: user=0.00 sys=0.00, real=0.00 secs] 
256.158: Total time for which application threads were stopped: 0.0009980 seconds, Stopping threads took: 0.0001200 seconds
256.202: Application time: 0.0436820 seconds
256.202: [GC [PSYoungGen: 20561K->2448K(21504K)] 63506K->45393K(69120K), 0.0009660 secs] [Times: user=0.01 sys=0.00, real=0.00 secs] 
256.203: Total time for which application threads were stopped: 0.0011100 seconds, Stopping threads took: 0.0000730 seconds
256.247: Application time: 0.0438730 seconds
256.247: [GC [PSYoungGen: 20985K->2496K(21504K)] 63930K->45449K(69120K), 0.0009700 secs] [Times: user=0.01 sys=0.00, real=0.00 secs] 
256.248: Total time for which application threads were stopped: 0.0011160 seconds, Stopping threads took: 0.0000720 seconds
256.292: Application time: 0.0439210 seconds
256.292: [GC [PSYoungGen: 21037K->1936K(21504K)] 63990K->44889K(69120K), 0.0008080 secs] [Times: user=0.00 sys=0.00, real=0.00 secs] 
256.293: Total time for which application threads were stopped: 0.0009670 seconds, Stopping threads took: 0.0000880 seconds
256.340: Application time: 0.0474150 seconds
256.340: [GC [PSYoungGen: 20472K->1936K(21504K)] 63426K->44889K(69120K), 0.0009290 secs] [Times: user=0.01 sys=0.00, real=0.00 secs] 
256.341: Total time for which application threads were stopped: 0.0010640 seconds, Stopping threads took: 0.0000630 seconds
256.390: Application time: 0.0488470 seconds
256.390: [GC [PSYoungGen: 20629K->1936K(21504K)] 63582K->44897K(69120K), 0.0008460 secs] [Times: user=0.00 sys=0.00, real=0.00 secs] 
256.391: Total time for which application threads were stopped: 0.0009880 seconds, Stopping threads took: 0.0000630 seconds
256.438: Application time: 0.0470650 seconds
256.438: [GC [PSYoungGen: 20468K->2496K(21504K)] 63430K->45465K(69120K), 0.0009820 secs] [Times: user=0.00 sys=0.00, real=0.00 secs] 
256.439: Total time for which application threads were stopped: 0.0011130 seconds, Stopping threads took: 0.0000580 seconds
256.490: Application time: 0.0503180 seconds
256.490: [GC [PSYoungGen: 21115K->1936K(21504K)] 64084K->44905K(69120K), 0.0009140 secs] [Times: user=0.00 sys=0.00, real=0.00 secs] 
256.491: Total time for which application threads were stopped: 0.0010580 seconds, Stopping threads took: 0.0000680 seconds
256.536: Application time: 0.0447460 seconds
256.536: [GC [PSYoungGen: 20464K->2528K(21504K)] 63434K->46017K(69120K), 0.0011630 secs] [Times: user=0.01 sys=0.00, real=0.01 secs] 
256.537: Total time for which application threads were stopped: 0.0014220 seconds, Stopping threads took: 0.0001790 seconds
256.590: Application time: 0.0526670 seconds
256.590: [GC [PSYoungGen: 21149K->1888K(21504K)] 64638K->45377K(69120K), 0.0008400 secs] [Times: user=0.00 sys=0.00, real=0.00 secs] 
256.591: Total time for which application threads were stopped: 0.0009760 seconds, Stopping threads took: 0.0000670 seconds
256.635: Application time: 0.0447610 seconds
256.636: [GC [PSYoungGen: 20420K->2480K(21504K)] 63910K->45977K(69120K), 0.0010440 secs] [Times: user=0.01 sys=0.00, real=0.01 secs] 
256.637: Total time for which application threads were stopped: 0.0012090 seconds, Stopping threads took: 0.0000910 seconds
256.687: Application time: 0.0505650 seconds
256.687: [GC [PSYoungGen: 21101K->1360K(21504K)] 64598K->44857K(69120K), 0.0006910 secs] [Times: user=0.01 sys=0.00, real=0.00 secs] 
256.688: Total time for which application threads were stopped: 0.0008340 seconds, Stopping threads took: 0.0000760 seconds
256.735: Application time: 0.0472380 seconds
256.735: [GC [PSYoungGen: 20045K->2496K(21504K)] 63542K->46001K(69120K), 0.0010450 secs] [Times: user=0.00 sys=0.00, real=0.01 secs] 
256.736: Total time for which application threads were stopped: 0.0011860 seconds, Stopping threads took: 0.0000640 seconds
256.785: Application time: 0.0483830 seconds
256.785: [GC [PSYoungGen: 21035K->1952K(21504K)] 64540K->45465K(69120K), 0.0008340 secs] [Times: user=0.00 sys=0.00, real=0.00 secs] 
256.786: Total time for which application threads were stopped: 0.0009550 seconds, Stopping threads took: 0.0000510 seconds
256.834: Application time: 0.0480650 seconds
256.834: [GC [PSYoungGen: 20486K->1392K(21504K)] 64000K->44905K(69120K), 0.0006770 secs] [Times: user=0.00 sys=0.00, real=0.00 secs] 
256.835: Total time for which application threads were stopped: 0.0008500 seconds, Stopping threads took: 0.0001050 seconds
256.883: Application time: 0.0480440 seconds
256.883: [GC [PSYoungGen: 20005K->1440K(21504K)] 63518K->44953K(69120K), 0.0007350 secs] [Times: user=0.00 sys=0.00, real=0.00 secs] 
256.884: Total time for which application threads were stopped: 0.0009140 seconds, Stopping threads took: 0.0001160 seconds
256.932: Application time: 0.0478570 seconds
256.932: [GC [PSYoungGen: 19974K->1920K(21504K)] 63488K->45441K(69120K), 0.0008360 secs] [Times: user=0.01 sys=0.00, real=0.00 secs] 
256.933: Total time for which application threads were stopped: 0.0009850 seconds, Stopping threads took: 0.0000720 seconds
256.981: Application time: 0.0485070 seconds
256.981: [GC [PSYoungGen: 20454K->1360K(21504K)] 63976K->44881K(69120K), 0.0006930 secs] [Times: user=0.00 sys=0.00, real=0.00 secs] 
256.982: Total time for which application threads were stopped: 0.0008340 seconds, Stopping threads took: 0.0000740 seconds
257.029: Application time: 0.0468120 seconds
257.029: [GC [PSYoungGen: 19884K->2464K(21504K)] 63405K->46497K(69120K), 0.0011850 secs] [Times: user=0.01 sys=0.00, real=0.00 secs] 
257.030: Total time for which application threads were stopped: 0.0013560 seconds, Stopping threads took: 0.0000940 seconds
257.079: Application time: 0.0487150 seconds
257.079: [GC [PSYoungGen: 21165K->1424K(21504K)] 65199K->45457K(69120K), 0.0007040 secs] [Times: user=0.00 sys=0.00, real=0.00 secs] 
257.080: Total time for which application threads were stopped: 0.0008500 seconds, Stopping threads took: 0.0000740 seconds
257.126: Application time: 0.0468010 seconds
257.127: [GC [PSYoungGen: 19948K->2480K(21504K)] 63981K->47033K(69120K), 0.0011560 secs] [Times: user=0.01 sys=0.00, real=0.00 secs] 
257.128: Total time for which application threads were stopped: 0.0013190 seconds, Stopping threads took: 0.0000790 seconds
257.178: Application time: 0.0499490 seconds
257.178: [GC [PSYoungGen: 21103K->1376K(21504K)] 65656K->45929K(69120K), 0.0006910 secs] [Times: user=0.00 sys=0.00, real=0.00 secs] 
257.178: Total time for which application threads were stopped: 0.0008270 seconds, Stopping threads took: 0.0000700 seconds
257.225: Application time: 0.0463720 seconds
257.225: [GC [PSYoungGen: 19904K->2480K(21504K)] 64458K->47041K(69120K), 0.0009670 secs] [Times: user=0.01 sys=0.00, real=0.00 secs] 
257.226: Total time for which application threads were stopped: 0.0011160 seconds, Stopping threads took: 0.0000750 seconds
257.276: Application time: 0.0499010 seconds
257.276: [GC [PSYoungGen: 21025K->816K(21504K)] 65586K->45377K(69120K), 0.0005650 secs] [Times: user=0.00 sys=0.00, real=0.01 secs] 
257.277: Total time for which application threads were stopped: 0.0007090 seconds, Stopping threads took: 0.0000740 seconds
257.323: Application time: 0.0461530 seconds
257.323: [GC [PSYoungGen: 19420K->1904K(21504K)] 63982K->46473K(69120K), 0.0008140 secs] [Times: user=0.00 sys=0.00, real=0.00 secs] 
257.324: Total time for which application threads were stopped: 0.0009520 seconds, Stopping threads took: 0.0000690 seconds
257.371: Application time: 0.0469670 seconds
257.371: [GC [PSYoungGen: 20510K->2480K(21504K)] 65080K->47049K(69120K), 0.0009650 secs] [Times: user=0.00 sys=0.00, real=0.00 secs] 
257.372: Total time for which application threads were stopped: 0.0011210 seconds, Stopping threads took: 0.0000780 seconds
257.420: Application time: 0.0486780 seconds
257.421: [GC [PSYoungGen: 21179K->1904K(21504K)] 65748K->46481K(69120K), 0.0008690 secs] [Times: user=0.01 sys=0.00, real=0.00 secs] 
257.422: Total time for which application threads were stopped: 0.0010220 seconds, Stopping threads took: 0.0000860 seconds
257.471: Application time: 0.0497740 seconds
257.471: [GC [PSYoungGen: 20443K->1360K(21504K)] 65020K->45945K(69120K), 0.0007360 secs] [Times: user=0.00 sys=0.00, real=0.00 secs] 
257.472: Total time for which application threads were stopped: 0.0008840 seconds, Stopping threads took: 0.0000680 seconds
257.520: Application time: 0.0482880 seconds
257.521: [GC [PSYoungGen: 19888K->2448K(21504K)] 64474K->47033K(69120K), 0.0010130 secs] [Times: user=0.00 sys=0.00, real=0.00 secs] 
257.522: Total time for which application threads were stopped: 0.0011630 seconds, Stopping threads took: 0.0000670 seconds
257.569: Application time: 0.0475370 seconds
257.569: [GC [PSYoungGen: 21069K->1360K(21504K)] 65654K->45945K(69120K), 0.0006850 secs] [Times: user=0.00 sys=0.00, real=0.00 secs] 
257.570: Total time for which application threads were stopped: 0.0008350 seconds, Stopping threads took: 0.0000870 seconds
257.617: Application time: 0.0469880 seconds
257.617: [GC [PSYoungGen: 19892K->1968K(21504K)] 64478K->46561K(69120K), 0.0008130 secs] [Times: user=0.00 sys=0.00, real=0.00 secs] 
257.618: Total time for which application threads were stopped: 0.0010810 seconds, Stopping threads took: 0.0002000 seconds
257.665: Application time: 0.0471790 seconds
257.665: [GC [PSYoungGen: 20500K->1904K(21504K)] 65094K->46497K(69120K), 0.0008850 secs] [Times: user=0.00 sys=0.00, real=0.00 secs] 
257.666: Total time for which application threads were stopped: 0.0011560 seconds, Stopping threads took: 0.0002060 seconds
257.714: Application time: 0.0480250 seconds
257.715: [GC [PSYoungGen: 20440K->1936K(21504K)] 65034K->46529K(69120K), 0.0008500 secs] [Times: user=0.00 sys=0.00, real=0.00 secs] 
257.715: Total time for which application threads were stopped: 0.0009880 seconds, Stopping threads took: 0.0000680 seconds
257.763: Application time: 0.0475410 seconds
257.763: [GC [PSYoungGen: 20547K->2480K(21504K)] 65140K->47073K(69120K), 0.0010250 secs] [Times: user=0.01 sys=0.00, real=0.01 secs] 
257.764: Total time for which application threads were stopped: 0.0011880 seconds, Stopping threads took: 0.0000850 seconds
257.812: Application time: 0.0481070 seconds
257.812: [GC [PSYoungGen: 21097K->2464K(21504K)] 65690K->47065K(69120K), 0.0010050 secs] [Times: user=0.01 sys=0.00, real=0.00 secs] 
257.813: Total time for which application threads were stopped: 0.0011440 seconds, Stopping threads took: 0.0000680 seconds
257.864: Application time: 0.0506090 seconds
257.864: [GC [PSYoungGen: 21085K->1424K(21504K)] 65686K->46025K(69120K), 0.0006990 secs] [Times: user=0.00 sys=0.00, real=0.00 secs] 
257.865: Total time for which application threads were stopped: 0.0008400 seconds, Stopping threads took: 0.0000680 seconds
257.911: Application time: 0.0464340 seconds
257.911: [GC [PSYoungGen: 19952K->2448K(21504K)] 64554K->47057K(69120K), 0.0010080 secs] [Times: user=0.01 sys=0.00, real=0.00 secs] 
257.912: Total time for which application threads were stopped: 0.0011630 seconds, Stopping threads took: 0.0000780 seconds
257.961: Application time: 0.0482720 seconds
257.961: [GC [PSYoungGen: 20991K->1408K(21504K)] 65600K->46017K(69120K), 0.0007210 secs] [Times: user=0.00 sys=0.00, real=0.00 secs] 
257.962: Total time for which application threads were stopped: 0.0008660 seconds, Stopping threads took: 0.0000740 seconds
258.009: Application time: 0.0470490 seconds
258.009: [GC [PSYoungGen: 20012K->2496K(21504K)] 64622K->47617K(69120K), 0.0011370 secs] [Times: user=0.00 sys=0.00, real=0.00 secs] 
258.010: Total time for which application threads were stopped: 0.0013020 seconds, Stopping threads took: 0.0000770 seconds
258.058: Application time: 0.0483750 seconds
258.058: [GC [PSYoungGen: 21117K->1904K(21504K)] 66238K->47033K(69120K), 0.0008690 secs] [Times: user=0.00 sys=0.00, real=0.00 secs] 
258.059: Total time for which application threads were stopped: 0.0010170 seconds, Stopping threads took: 0.0000750 seconds
258.107: Application time: 0.0478050 seconds
258.107: [GC [PSYoungGen: 20517K->1936K(21504K)] 65646K->47073K(69120K), 0.0008710 secs] [Times: user=0.00 sys=0.00, real=0.00 secs] 
258.108: Total time for which application threads were stopped: 0.0011110 seconds, Stopping threads took: 0.0001610 seconds
258.156: Application time: 0.0479330 seconds
258.156: [GC [PSYoungGen: 20553K->1920K(21504K)] 65690K->47065K(69120K), 0.0008500 secs] [Times: user=0.01 sys=0.00, real=0.00 secs] 
258.157: Total time for which application threads were stopped: 0.0010500 seconds, Stopping threads took: 0.0001250 seconds
258.205: Application time: 0.0481800 seconds
258.206: [GC [PSYoungGen: 20454K->1936K(21504K)] 65600K->47081K(69120K), 0.0008670 secs] [Times: user=0.01 sys=0.00, real=0.00 secs] 
258.206: Total time for which application threads were stopped: 0.0010140 seconds, Stopping threads took: 0.0000730 seconds
258.254: Application time: 0.0478400 seconds
258.255: [GC [PSYoungGen: 20551K->1920K(21504K)] 65696K->47065K(69120K), 0.0008160 secs] [Times: user=0.01 sys=0.00, real=0.00 secs] 
258.255: Total time for which application threads were stopped: 0.0010810 seconds, Stopping threads took: 0.0001980 seconds
258.303: Application time: 0.0481040 seconds
258.304: [GC [PSYoungGen: 20458K->1408K(21504K)] 65604K->46561K(69120K), 0.0007350 secs] [Times: user=0.01 sys=0.00, real=0.01 secs] 
258.304: Total time for which application threads were stopped: 0.0008750 seconds, Stopping threads took: 0.0000670 seconds
258.350: Application time: 0.0457220 seconds
258.350: [GC [PSYoungGen: 19930K->2480K(21504K)] 65084K->48145K(69120K), 0.0011570 secs] [Times: user=0.00 sys=0.00, real=0.00 secs] 
258.351: Total time for which application threads were stopped: 0.0013080 seconds, Stopping threads took: 0.0000770 seconds
258.402: Application time: 0.0502750 seconds
258.402: [GC [PSYoungGen: 21025K->1376K(21504K)] 66690K->47041K(69120K), 0.0007020 secs] [Times: user=0.00 sys=0.00, real=0.00 secs] 
258.403: Total time for which application threads were stopped: 0.0008320 seconds, Stopping threads took: 0.0000600 seconds
258.449: Application time: 0.0466240 seconds
258.449: [GC [PSYoungGen: 19978K->2464K(21504K)] 65644K->48641K(69120K), 0.0011600 secs] [Times: user=0.01 sys=0.00, real=0.00 secs] 
258.450: Total time for which application threads were stopped: 0.0013020 seconds, Stopping threads took: 0.0000660 seconds
258.498: Application time: 0.0479120 seconds
258.498: [GC [PSYoungGen: 21001K->1888K(21504K)] 67178K->48073K(69120K), 0.0008630 secs] [Times: user=0.01 sys=0.00, real=0.00 secs] 
258.499: Total time for which application threads were stopped: 0.0010110 seconds, Stopping threads took: 0.0000770 seconds
258.547: Application time: 0.0477290 seconds
258.548: [GC [PSYoungGen: 20507K->1920K(21504K)] 66692K->48113K(69120K), 0.0008620 secs] [Times: user=0.00 sys=0.00, real=0.00 secs] 
258.549: Total time for which application threads were stopped: 0.0019090 seconds, Stopping threads took: 0.0009660 seconds
258.597: Application time: 0.0482900 seconds
258.597: [GC [PSYoungGen: 20533K->1952K(21504K)] 66726K->48153K(69120K), 0.0008780 secs] [Times: user=0.00 sys=0.00, real=0.00 secs] 
258.598: Total time for which application threads were stopped: 0.0010240 seconds, Stopping threads took: 0.0000730 seconds
258.645: Application time: 0.0471030 seconds
258.646: [GC [PSYoungGen: 20484K->2448K(21504K)] 66686K->48649K(69120K), 0.0009720 secs] [Times: user=0.00 sys=0.00, real=0.00 secs] 
258.647: Total time for which application threads were stopped: 0.0011100 seconds, Stopping threads took: 0.0000640 seconds
258.694: Application time: 0.0478420 seconds
258.695: [GC [PSYoungGen: 21067K->1952K(21504K)] 67268K->48153K(69120K), 0.0009120 secs] [Times: user=0.00 sys=0.00, real=0.00 secs] 
258.696: Total time for which application threads were stopped: 0.0014090 seconds, Stopping threads took: 0.0004210 seconds
258.744: Application time: 0.0477840 seconds
258.744: [GC [PSYoungGen: 20496K->1920K(21504K)] 66698K->48129K(69120K), 0.0008530 secs] [Times: user=0.01 sys=0.00, real=0.01 secs] 
258.745: Total time for which application threads were stopped: 0.0010000 seconds, Stopping threads took: 0.0000750 seconds
258.792: Application time: 0.0473890 seconds
258.792: [GC [PSYoungGen: 20601K->2448K(21504K)] 66810K->48665K(69120K), 0.0009580 secs] [Times: user=0.00 sys=0.00, real=0.00 secs] 
258.793: Total time for which application threads were stopped: 0.0011130 seconds, Stopping threads took: 0.0000800 seconds
258.842: Application time: 0.0487660 seconds
258.842: [GC [PSYoungGen: 21067K->1936K(21504K)] 67284K->48161K(69120K), 0.0008360 secs] [Times: user=0.01 sys=0.00, real=0.00 secs] 
258.843: Total time for which application threads were stopped: 0.0009670 seconds, Stopping threads took: 0.0000640 seconds
258.890: Application time: 0.0472670 seconds
258.890: [GC [PSYoungGen: 20475K->1408K(21504K)] 66700K->47641K(69120K), 0.0008130 secs] [Times: user=0.01 sys=0.00, real=0.00 secs] 
258.891: Total time for which application threads were stopped: 0.0009670 seconds, Stopping threads took: 0.0000850 seconds
258.937: Application time: 0.0461970 seconds
258.937: [GC [PSYoungGen: 19932K->2448K(21504K)] 66166K->49193K(69120K), 0.0011460 secs] [Times: user=0.00 sys=0.00, real=0.00 secs] 
258.939: Total time for which application threads were stopped: 0.0012980 seconds, Stopping threads took: 0.0000750 seconds
258.988: Application time: 0.0490160 seconds
258.988: [GC [PSYoungGen: 21071K->1440K(21504K)] 67817K->48193K(69120K), 0.0007010 secs] [Times: user=0.00 sys=0.00, real=0.00 secs] 
258.988: Total time for which application threads were stopped: 0.0008450 seconds, Stopping threads took: 0.0000720 seconds
259.035: Application time: 0.0469320 seconds
259.036: [GC [PSYoungGen: 19962K->2512K(21504K)] 66716K->49777K(69120K), 0.0011500 secs] [Times: user=0.01 sys=0.00, real=0.01 secs] 
259.037: [Full GC [PSYoungGen: 2512K->0K(21504K)] [ParOldGen: 47265K->9494K(47616K)] 49777K->9494K(69120K) [PSPermGen: 5181K->5181K(21504K)], 0.0048460 secs] [Times: user=0.01 sys=0.00, real=0.00 secs] 
259.042: Total time for which application threads were stopped: 0.0062270 seconds, Stopping threads took: 0.0000970 seconds
259.091: Application time: 0.0493030 seconds
259.091: [GC [PSYoungGen: 18545K->1280K(21504K)] 28039K->10774K(69120K), 0.0005590 secs] [Times: user=0.00 sys=0.00, real=0.00 secs] 
259.092: Total time for which application threads were stopped: 0.0006970 seconds, Stopping threads took: 0.0000540 seconds
259.138: Application time: 0.0464360 seconds
259.138: [GC [PSYoungGen: 19882K->2304K(21504K)] 29377K->12310K(69120K), 0.0010490 secs] [Times: user=0.01 sys=0.00, real=0.00 secs] 
259.139: Total time for which application threads were stopped: 0.0012290 seconds, Stopping threads took: 0.0001040 seconds
259.188: Application time: 0.0485360 seconds
259.188: [GC [PSYoungGen: 20845K->1728K(21504K)] 30851K->11734K(69120K), 0.0007540 secs] [Times: user=0.00 sys=0.00, real=0.00 secs] 
259.189: Total time for which application threads were stopped: 0.0009900 seconds, Stopping threads took: 0.0001620 seconds
259.237: Application time: 0.0481590 seconds
259.237: [GC [PSYoungGen: 20345K->1280K(21504K)] 30351K->11286K(69120K), 0.0006590 secs] [Times: user=0.01 sys=0.00, real=0.00 secs] 
259.239: Total time for which application threads were stopped: 0.0016110 seconds, Stopping threads took: 0.0000700 seconds
259.285: Application time: 0.0469310 seconds
259.286: [GC [PSYoungGen: 19888K->2320K(21504K)] 29895K->12326K(69120K), 0.0009000 secs] [Times: user=0.01 sys=0.00, real=0.00 secs] 
259.287: Total time for which application threads were stopped: 0.0010490 seconds, Stopping threads took: 0.0000740 seconds
259.334: Application time: 0.0472020 seconds
259.334: [GC [PSYoungGen: 20861K->1792K(21504K)] 30867K->11798K(69120K), 0.0007580 secs] [Times: user=0.01 sys=0.00, real=0.00 secs] 
259.335: Total time for which application threads were stopped: 0.0009080 seconds, Stopping threads took: 0.0000830 seconds
259.382: Application time: 0.0470870 seconds
259.382: [GC [PSYoungGen: 20407K->1824K(21504K)] 30413K->11830K(69120K), 0.0008110 secs] [Times: user=0.01 sys=0.00, real=0.00 secs] 
259.383: Total time for which application threads were stopped: 0.0010400 seconds, Stopping threads took: 0.0001570 seconds
259.430: Application time: 0.0469590 seconds
259.430: [GC [PSYoungGen: 20437K->1856K(21504K)] 30443K->11862K(69120K), 0.0007590 secs] [Times: user=0.01 sys=0.00, real=0.00 secs] 
259.431: Total time for which application threads were stopped: 0.0009320 seconds, Stopping threads took: 0.0001060 seconds
259.478: Application time: 0.0477960 seconds
259.479: [GC [PSYoungGen: 20473K->1888K(21504K)] 30479K->11894K(69120K), 0.0007660 secs] [Times: user=0.00 sys=0.00, real=0.00 secs] 
259.479: Total time for which application threads were stopped: 0.0009140 seconds, Stopping threads took: 0.0000790 seconds
259.528: Application time: 0.0487890 seconds
259.528: [GC [PSYoungGen: 20505K->1376K(21504K)] 30511K->11382K(69120K), 0.0006380 secs] [Times: user=0.00 sys=0.00, real=0.00 secs] 
259.529: Total time for which application threads were stopped: 0.0007770 seconds, Stopping threads took: 0.0000690 seconds
259.575: Application time: 0.0461230 seconds
259.575: [GC [PSYoungGen: 19904K->2400K(21504K)] 29911K->12406K(69120K), 0.0010260 secs] [Times: user=0.00 sys=0.00, real=0.01 secs] 
259.576: Total time for which application threads were stopped: 0.0011880 seconds, Stopping threads took: 0.0000840 seconds
259.626: Application time: 0.0495880 seconds
259.626: [GC [PSYoungGen: 20943K->1376K(21504K)] 30949K->11382K(69120K), 0.0006530 secs] [Times: user=0.00 sys=0.00, real=0.00 secs] 
259.627: Total time for which application threads were stopped: 0.0007970 seconds, Stopping threads took: 0.0000590 seconds
259.674: Application time: 0.0473350 seconds
259.674: [GC [PSYoungGen: 19987K->1952K(21504K)] 29993K->11958K(69120K), 0.0007670 secs] [Times: user=0.00 sys=0.00, real=0.00 secs] 
259.675: Total time for which application threads were stopped: 0.0009010 seconds, Stopping threads took: 0.0000590 seconds
259.722: Application time: 0.0468840 seconds
259.722: [GC [PSYoungGen: 20478K->2496K(21504K)] 30485K->12502K(69120K), 0.0009730 secs] [Times: user=0.01 sys=0.00, real=0.00 secs] 
259.723: Total time for which application threads were stopped: 0.0011390 seconds, Stopping threads took: 0.0000870 seconds
259.771: Application time: 0.0479950 seconds
259.771: [GC [PSYoungGen: 21035K->2480K(21504K)] 31041K->12486K(69120K), 0.0009910 secs] [Times: user=0.00 sys=0.00, real=0.00 secs] 
259.772: Total time for which application threads were stopped: 0.0011310 seconds, Stopping threads took: 0.0000640 seconds
259.821: Application time: 0.0484990 seconds
259.821: [GC [PSYoungGen: 21099K->1392K(21504K)] 31105K->11398K(69120K), 0.0006220 secs] [Times: user=0.01 sys=0.00, real=0.00 secs] 
259.821: Total time for which application threads were stopped: 0.0007830 seconds, Stopping threads took: 0.0000880 seconds
259.869: Application time: 0.0475370 seconds
259.869: [GC [PSYoungGen: 19920K->2496K(21504K)] 29927K->12510K(69120K), 0.0009640 secs] [Times: user=0.01 sys=0.00, real=0.00 secs] 
259.870: Total time for which application threads were stopped: 0.0011240 seconds, Stopping threads took: 0.0000820 seconds
259.919: Application time: 0.0485330 seconds
259.919: [GC [PSYoungGen: 21032K->2464K(21504K)] 31047K->12478K(69120K), 0.0009550 secs] [Times: user=0.00 sys=0.00, real=0.00 secs] 
259.920: Total time for which application threads were stopped: 0.0011100 seconds, Stopping threads took: 0.0000800 seconds
259.969: Application time: 0.0495360 seconds
259.969: [GC [PSYoungGen: 21165K->864K(21504K)] 31180K->10894K(69120K), 0.0005030 secs] [Times: user=0.00 sys=0.00, real=0.00 secs] 
259.970: Total time for which application threads were stopped: 0.0006320 seconds, Stopping threads took: 0.0000660 seconds
260.015: Application time: 0.0451340 seconds
260.015: [GC [PSYoungGen: 19388K->2480K(21504K)] 29418K->12518K(69120K), 0.0009610 secs] [Times: user=0.01 sys=0.00, real=0.01 secs] 
260.016: Total time for which application threads were stopped: 0.0011190 seconds, Stopping threads took: 0.0000770 seconds
260.066: Application time: 0.0497790 seconds
260.066: [GC [PSYoungGen: 21103K->864K(21504K)] 31141K->10902K(69120K), 0.0004890 secs] [Times: user=0.00 sys=0.00, real=0.00 secs] 
260.067: Total time for which application threads were stopped: 0.0006330 seconds, Stopping threads took: 0.0000780 seconds
260.113: Application time: 0.0466860 seconds
260.113: [GC [PSYoungGen: 19388K->2448K(21504K)] 29426K->12494K(69120K), 0.0010190 secs] [Times: user=0.01 sys=0.00, real=0.00 secs] 
260.114: Total time for which application threads were stopped: 0.0011720 seconds, Stopping threads took: 0.0000790 seconds
260.162: Application time: 0.0478290 seconds
260.162: [GC [PSYoungGen: 21069K->1424K(21504K)] 31115K->11486K(69120K), 0.0006600 secs] [Times: user=0.00 sys=0.00, real=0.00 secs] 
260.163: Total time for which application threads were stopped: 0.0008030 seconds, Stopping threads took: 0.0000680 seconds
260.209: Application time: 0.0462820 seconds
260.209: [GC [PSYoungGen: 20111K->2496K(21504K)] 30173K->12574K(69120K), 0.0009520 secs] [Times: user=0.01 sys=0.00, real=0.00 secs] 
260.210: Total time for which application threads were stopped: 0.0011090 seconds, Stopping threads took: 0.0000810 seconds
260.260: Application time: 0.0495610 seconds
260.260: [GC [PSYoungGen: 21035K->1936K(21504K)] 31113K->12022K(69120K), 0.0007970 secs] [Times: user=0.00 sys=0.00, real=0.00 secs] 
260.261: Total time for which application threads were stopped: 0.0009640 seconds, Stopping threads took: 0.0000960 seconds
260.306: Application time: 0.0453280 seconds
260.306: [GC [PSYoungGen: 20470K->2480K(21504K)] 30557K->12566K(69120K), 0.0009310 secs] [Times: user=0.01 sys=0.00, real=0.00 secs] 
260.307: Total time for which application threads were stopped: 0.0010750 seconds, Stopping threads took: 0.0000750 seconds
260.353: Application time: 0.0456610 seconds
260.353: [GC [PSYoungGen: 21099K->1968K(21504K)] 31185K->12054K(69120K), 0.0008060 secs] [Times: user=0.00 sys=0.00, real=0.00 secs] 
260.354: Total time for which application threads were stopped: 0.0009310 seconds, Stopping threads took: 0.0000590 seconds
260.397: Application time: 0.0429740 seconds
260.397: [GC [PSYoungGen: 20500K->2496K(21504K)] 30587K->12590K(69120K), 0.0009330 secs] [Times: user=0.00 sys=0.00, real=0.00 secs] 
260.398: Total time for which application threads were stopped: 0.0011660 seconds, Stopping threads took: 0.0001580 seconds
260.443: Application time: 0.0453220 seconds
260.444: [GC [PSYoungGen: 21037K->1936K(21504K)] 31131K->12030K(69120K), 0.0007820 secs] [Times: user=0.00 sys=0.00, real=0.01 secs] 
260.444: Total time for which application threads were stopped: 0.0009500 seconds, Stopping threads took: 0.0000960 seconds
260.488: Application time: 0.0432060 seconds
260.488: [GC [PSYoungGen: 20464K->2512K(21504K)] 30559K->13118K(69120K), 0.0011230 secs] [Times: user=0.00 sys=0.00, real=0.00 secs] 
260.489: Total time for which application threads were stopped: 0.0012810 seconds, Stopping threads took: 0.0000850 seconds
260.535: Application time: 0.0465000 seconds
260.535: [GC [PSYoungGen: 21137K->880K(21504K)] 31743K->11494K(69120K), 0.0004850 secs] [Times: user=0.00 sys=0.00, real=0.00 secs] 
260.536: Total time for which application threads were stopped: 0.0006360 seconds, Stopping threads took: 0.0000910 seconds
260.579: Application time: 0.0426190 seconds
260.579: [GC [PSYoungGen: 19400K->2496K(21504K)] 30014K->13622K(69120K), 0.0011000 secs] [Times: user=0.00 sys=0.00, real=0.00 secs] 
260.580: Total time for which application threads were stopped: 0.0012490 seconds, Stopping threads took: 0.0000760 seconds
260.625: Application time: 0.0456180 seconds
260.626: [GC [PSYoungGen: 21119K->1392K(21504K)] 32245K->12518K(69120K), 0.0006340 secs] [Times: user=0.00 sys=0.00, real=0.00 secs] 
260.626: Total time for which application threads were stopped: 0.0007610 seconds, Stopping threads took: 0.0000630 seconds
260.670: Application time: 0.0440710 seconds
260.670: [GC [PSYoungGen: 20000K->1888K(21504K)] 31127K->13022K(69120K), 0.0007470 secs] [Times: user=0.01 sys=0.00, real=0.00 secs] 
260.671: Total time for which application threads were stopped: 0.0009470 seconds, Stopping threads took: 0.0001290 seconds
260.716: Application time: 0.0446120 seconds
260.716: [GC [PSYoungGen: 20426K->1936K(21504K)] 31561K->13070K(69120K), 0.0008060 secs] [Times: user=0.00 sys=0.00, real=0.01 secs] 
260.717: Total time for which application threads were stopped: 0.0009810 seconds, Stopping threads took: 0.0001060 seconds
260.761: Application time: 0.0436990 seconds
260.761: [GC [PSYoungGen: 20549K->2496K(21504K)] 31683K->13638K(69120K), 0.0009350 secs] [Times: user=0.01 sys=0.00, real=0.00 secs] 
260.762: Total time for which application threads were stopped: 0.0010800 seconds, Stopping threads took: 0.0000730 seconds
260.805: Application time: 0.0437380 seconds
260.805: [GC [PSYoungGen: 21107K->2512K(21504K)] 32249K->14166K(69120K), 0.0010790 secs] [Times: user=0.00 sys=0.00, real=0.00 secs] 
260.807: Total time for which application threads were stopped: 0.0012190 seconds, Stopping threads took: 0.0000690 seconds
260.851: Application time: 0.0444090 seconds
260.851: [GC [PSYoungGen: 21207K->2512K(21504K)] 32862K->14174K(69120K), 0.0009300 secs] [Times: user=0.01 sys=0.00, real=0.00 secs] 
260.852: Total time for which application threads were stopped: 0.0010590 seconds, Stopping threads took: 0.0000600 seconds
260.898: Application time: 0.0458550 seconds
260.898: [GC [PSYoungGen: 21053K->1424K(21504K)] 32715K->13094K(69120K), 0.0006460 secs] [Times: user=0.00 sys=0.00, real=0.00 secs] 
260.899: Total time for which application threads were stopped: 0.0007800 seconds, Stopping threads took: 0.0000670 seconds
260.940: Application time: 0.0409760 seconds
260.940: [GC [PSYoungGen: 19948K->2496K(21504K)] 31618K->14678K(69120K), 0.0010810 secs] [Times: user=0.01 sys=0.00, real=0.00 secs] 
260.941: Total time for which application threads were stopped: 0.0012290 seconds, Stopping threads took: 0.0000750 seconds
260.989: Application time: 0.0478460 seconds
260.989: [GC [PSYoungGen: 21121K->896K(21504K)] 33304K->13078K(69120K), 0.0005050 secs] [Times: user=0.00 sys=0.00, real=0.00 secs] 
260.989: Total time for which application threads were stopped: 0.0006490 seconds, Stopping threads took: 0.0000730 seconds
261.032: Application time: 0.0428530 seconds
261.032: [GC [PSYoungGen: 19420K->2448K(21504K)] 31602K->14638K(69120K), 0.0009450 secs] [Times: user=0.01 sys=0.00, real=0.00 secs] 
261.033: Total time for which application threads were stopped: 0.0010890 seconds, Stopping threads took: 0.0000700 seconds
261.078: Application time: 0.0448570 seconds
261.078: [GC [PSYoungGen: 20991K->1392K(21504K)] 33181K->13582K(69120K), 0.0006490 secs] [Times: user=0.00 sys=0.00, real=0.00 secs] 
261.079: Total time for which application threads were stopped: 0.0008820 seconds, Stopping threads took: 0.0001650 seconds
261.120: Application time: 0.0412470 seconds
261.120: [GC [PSYoungGen: 19916K->2496K(21504K)] 32107K->15198K(69120K), 0.0011270 secs] [Times: user=0.01 sys=0.00, real=0.00 secs] 
261.122: Total time for which application threads were stopped: 0.0012730 seconds, Stopping threads took: 0.0000740 seconds
261.168: Application time: 0.0468220 seconds
261.169: [GC [PSYoungGen: 21117K->1936K(21504K)] 33819K->14638K(69120K), 0.0007910 secs] [Times: user=0.00 sys=0.00, real=0.00 secs] 
261.169: Total time for which application threads were stopped: 0.0009310 seconds, Stopping threads took: 0.0000690 seconds
261.211: Application time: 0.0415960 seconds
261.211: [GC [PSYoungGen: 20460K->2512K(21504K)] 33163K->16246K(69120K), 0.0012640 secs] [Times: user=0.01 sys=0.00, real=0.00 secs] 
261.212: Total time for which application threads were stopped: 0.0015120 seconds, Stopping threads took: 0.0001640 seconds
261.259: Application time: 0.0469940 seconds
261.260: [GC [PSYoungGen: 21135K->1904K(21504K)] 34870K->15638K(69120K), 0.0008160 secs] [Times: user=0.00 sys=0.00, real=0.00 secs] 
261.261: Total time for which application threads were stopped: 0.0014650 seconds, Stopping threads took: 0.0005820 seconds
261.307: Application time: 0.0462030 seconds
261.307: [GC [PSYoungGen: 20521K->1440K(21504K)] 34255K->15182K(69120K), 0.0006380 secs] [Times: user=0.01 sys=0.00, real=0.00 secs] 
261.308: Total time for which application threads were stopped: 0.0007870 seconds, Stopping threads took: 0.0000820 seconds
261.350: Application time: 0.0421110 seconds
261.350: [GC [PSYoungGen: 19968K->2464K(21504K)] 33711K->16214K(69120K), 0.0009550 secs] [Times: user=0.01 sys=0.00, real=0.00 secs] 
261.351: Total time for which application threads were stopped: 0.0010940 seconds, Stopping threads took: 0.0000680 seconds
261.395: Application time: 0.0439680 seconds
261.395: [GC [PSYoungGen: 21081K->2480K(21504K)] 34831K->16230K(69120K), 0.0009310 secs] [Times: user=0.01 sys=0.00, real=0.01 secs] 
261.396: Total time for which application threads were stopped: 0.0010750 seconds, Stopping threads took: 0.0000720 seconds
261.441: Application time: 0.0444780 seconds
261.441: [GC [PSYoungGen: 21099K->1936K(21504K)] 34850K->15694K(69120K), 0.0008270 secs] [Times: user=0.01 sys=0.00, real=0.00 secs] 
261.442: Total time for which application threads were stopped: 0.0009680 seconds, Stopping threads took: 0.0000720 seconds
261.485: Application time: 0.0433380 seconds
261.485: [GC [PSYoungGen: 20627K->2496K(21504K)] 34385K->16262K(69120K), 0.0009810 secs] [Times: user=0.01 sys=0.00, real=0.00 secs] 
261.486: Total time for which application threads were stopped: 0.0011310 seconds, Stopping threads took: 0.0000780 seconds
261.531: Application time: 0.0449280 seconds
261.531: [GC [PSYoungGen: 21032K->2480K(21504K)] 34799K->16254K(69120K), 0.0009850 secs] [Times: user=0.00 sys=0.00, real=0.00 secs] 
261.532: Total time for which application threads were stopped: 0.0011380 seconds, Stopping threads took: 0.0000790 seconds
261.577: Application time: 0.0447000 seconds
261.580: [GC [PSYoungGen: 21023K->1424K(21504K)] 34797K->15198K(69120K), 0.0006540 secs] [Times: user=0.00 sys=0.00, real=0.00 secs] 
261.581: Total time for which application threads were stopped: 0.0038850 seconds, Stopping threads took: 0.0031720 seconds
261.625: Application time: 0.0440070 seconds
261.625: [GC [PSYoungGen: 20032K->2480K(21504K)] 33807K->16254K(69120K), 0.0009700 secs] [Times: user=0.00 sys=0.00, real=0.00 secs] 
261.626: Total time for which application threads were stopped: 0.0011120 seconds, Stopping threads took: 0.0000590 seconds
261.670: Application time: 0.0441700 seconds
261.670: [GC [PSYoungGen: 21019K->1936K(21504K)] 34793K->15718K(69120K), 0.0007920 secs] [Times: user=0.00 sys=0.00, real=0.00 secs] 
261.671: Total time for which application threads were stopped: 0.0009570 seconds, Stopping threads took: 0.0000940 seconds
261.715: Application time: 0.0439940 seconds
261.715: [GC [PSYoungGen: 20468K->2480K(21504K)] 34251K->16262K(69120K), 0.0009600 secs] [Times: user=0.01 sys=0.00, real=0.01 secs] 
261.716: Total time for which application threads were stopped: 0.0011260 seconds, Stopping threads took: 0.0000860 seconds
261.762: Application time: 0.0456990 seconds
261.762: [GC [PSYoungGen: 21025K->832K(21504K)] 34807K->14614K(69120K), 0.0005580 secs] [Times: user=0.00 sys=0.00, real=0.00 secs] 
261.763: Total time for which application threads were stopped: 0.0006810 seconds, Stopping threads took: 0.0000580 seconds
261.807: Application time: 0.0440100 seconds
261.807: [GC [PSYoungGen: 19436K->1920K(21504K)] 33219K->15702K(69120K), 0.0008170 secs] [Times: user=0.01 sys=0.00, real=0.00 secs] 
261.808: Total time for which application threads were stopped: 0.0009920 seconds, Stopping threads took: 0.0001110 seconds
261.851: Application time: 0.0438680 seconds
261.852: [GC [PSYoungGen: 20456K->2496K(21504K)] 34239K->16286K(69120K), 0.0009700 secs] [Times: user=0.00 sys=0.00, real=0.00 secs] 
261.853: Total time for which application threads were stopped: 0.0011010 seconds, Stopping threads took: 0.0000560 seconds
261.897: Application time: 0.0448700 seconds
261.897: [GC [PSYoungGen: 21037K->1952K(21504K)] 34827K->15742K(69120K), 0.0007600 secs] [Times: user=0.01 sys=0.00, real=0.00 secs] 
261.898: Total time for which application threads were stopped: 0.0008990 seconds, Stopping threads took: 0.0000640 seconds
261.941: Application time: 0.0430490 seconds
261.942: [GC [PSYoungGen: 20565K->2480K(21504K)] 34355K->16278K(69120K), 0.0009660 secs] [Times: user=0.01 sys=0.00, real=0.00 secs] 
261.943: Total time for which application threads were stopped: 0.0011990 seconds, Stopping threads took: 0.0001600 seconds
261.988: Application time: 0.0451910 seconds
261.988: [GC [PSYoungGen: 21097K->2480K(21504K)] 34895K->16286K(69120K), 0.0009320 secs] [Times: user=0.00 sys=0.00, real=0.00 secs] 
261.989: Total time for which application threads were stopped: 0.0010790 seconds, Stopping threads took: 0.0000760 seconds
262.033: Application time: 0.0443380 seconds
262.033: [GC [PSYoungGen: 21095K->1408K(21504K)] 34901K->15214K(69120K), 0.0006490 secs] [Times: user=0.00 sys=0.00, real=0.00 secs] 
262.034: Total time for which application threads were stopped: 0.0008570 seconds, Stopping threads took: 0.0001440 seconds
262.078: Application time: 0.0441860 seconds
262.078: [GC [PSYoungGen: 20027K->1936K(21504K)] 33833K->15750K(69120K), 0.0007810 secs] [Times: user=0.00 sys=0.00, real=0.00 secs] 
262.079: Total time for which application threads were stopped: 0.0009180 seconds, Stopping threads took: 0.0000690 seconds
262.122: Application time: 0.0424250 seconds
262.122: [GC [PSYoungGen: 20538K->2496K(21504K)] 34353K->17342K(69120K), 0.0012470 secs] [Times: user=0.01 sys=0.00, real=0.00 secs] 
262.123: Total time for which application threads were stopped: 0.0013990 seconds, Stopping threads took: 0.0000740 seconds
262.169: Application time: 0.0456410 seconds
262.169: [GC [PSYoungGen: 21119K->1952K(21504K)] 35966K->16806K(69120K), 0.0008050 secs] [Times: user=0.01 sys=0.00, real=0.00 secs] 
262.170: Total time for which application threads were stopped: 0.0009390 seconds, Stopping threads took: 0.0000630 seconds
262.215: Application time: 0.0453890 seconds
262.215: [GC [PSYoungGen: 20493K->864K(21504K)] 35347K->15718K(69120K), 0.0005140 secs] [Times: user=0.00 sys=0.00, real=0.00 secs] 
262.216: Total time for which application threads were stopped: 0.0007780 seconds, Stopping threads took: 0.0002030 seconds
262.258: Application time: 0.0419650 seconds
262.258: [GC [PSYoungGen: 19464K->2496K(21504K)] 34319K->17350K(69120K), 0.0009360 secs] [Times: user=0.01 sys=0.00, real=0.00 secs] 
262.259: Total time for which application threads were stopped: 0.0010850 seconds, Stopping threads took: 0.0000720 seconds
262.305: Application time: 0.0460450 seconds
262.305: [GC [PSYoungGen: 21039K->1376K(21504K)] 35893K->16238K(69120K), 0.0006450 secs] [Times: user=0.01 sys=0.00, real=0.00 secs] 
262.306: Total time for which application threads were stopped: 0.0007700 seconds, Stopping threads took: 0.0000630 seconds
262.348: Application time: 0.0428940 seconds
262.349: [GC [PSYoungGen: 19902K->2528K(21504K)] 34765K->17902K(69120K), 0.0011230 secs] [Times: user=0.01 sys=0.00, real=0.00 secs] 
262.350: Total time for which application threads were stopped: 0.0012640 seconds, Stopping threads took: 0.0000650 seconds
262.395: Application time: 0.0452310 seconds
262.395: [GC [PSYoungGen: 21071K->1904K(21504K)] 36445K->17278K(69120K), 0.0008150 secs] [Times: user=0.01 sys=0.00, real=0.00 secs] 
262.396: Total time for which application threads were stopped: 0.0009540 seconds, Stopping threads took: 0.0000700 seconds
262.439: Application time: 0.0431310 seconds
262.439: [GC [PSYoungGen: 20511K->2512K(21504K)] 35885K->18398K(69120K), 0.0010980 secs] [Times: user=0.01 sys=0.00, real=0.00 secs] 
262.440: Total time for which application threads were stopped: 0.0013000 seconds, Stopping threads took: 0.0001300 seconds
262.486: Application time: 0.0456250 seconds
262.486: [GC [PSYoungGen: 21055K->1920K(21504K)] 36941K->17814K(69120K), 0.0007970 secs] [Times: user=0.01 sys=0.00, real=0.00 secs] 
262.487: Total time for which application threads were stopped: 0.0009460 seconds, Stopping threads took: 0.0000790 seconds
262.530: Application time: 0.0427720 seconds
262.530: [GC [PSYoungGen: 20448K->2512K(21504K)] 36343K->18918K(69120K), 0.0010870 secs] [Times: user=0.01 sys=0.00, real=0.00 secs] 
262.531: Total time for which application threads were stopped: 0.0012260 seconds, Stopping threads took: 0.0000700 seconds
262.575: Application time: 0.0443680 seconds
262.575: [GC [PSYoungGen: 21127K->2528K(21504K)] 37533K->19446K(69120K), 0.0011450 secs] [Times: user=0.01 sys=0.00, real=0.01 secs] 
262.577: Total time for which application threads were stopped: 0.0012970 seconds, Stopping threads took: 0.0000780 seconds
262.622: Application time: 0.0453750 seconds
262.622: [GC [PSYoungGen: 21071K->1952K(21504K)] 37989K->18878K(69120K), 0.0007920 secs] [Times: user=0.01 sys=0.00, real=0.00 secs] 
262.623: Total time for which application threads were stopped: 0.0009320 seconds, Stopping threads took: 0.0000720 seconds
262.665: Application time: 0.0416010 seconds
262.665: [GC [PSYoungGen: 20639K->2512K(21504K)] 37565K->19958K(69120K), 0.0010970 secs] [Times: user=0.01 sys=0.00, real=0.00 secs] 
262.666: Total time for which application threads were stopped: 0.0012480 seconds, Stopping threads took: 0.0000770 seconds
262.712: Application time: 0.0466920 seconds
262.713: [GC [PSYoungGen: 21133K->1376K(21504K)] 38580K->18830K(69120K), 0.0006160 secs] [Times: user=0.00 sys=0.00, real=0.00 secs] 
262.713: Total time for which application threads were stopped: 0.0007450 seconds, Stopping threads took: 0.0000680 seconds
262.757: Application time: 0.0433550 seconds
262.757: [GC [PSYoungGen: 19987K->2480K(21504K)] 37441K->19942K(69120K), 0.0009660 secs] [Times: user=0.01 sys=0.00, real=0.00 secs] 
262.758: Total time for which application threads were stopped: 0.0011120 seconds, Stopping threads took: 0.0000740 seconds
262.802: Application time: 0.0442210 seconds
262.802: [GC [PSYoungGen: 21097K->1984K(21504K)] 38559K->19454K(69120K), 0.0007950 secs] [Times: user=0.01 sys=0.00, real=0.00 secs] 
262.803: Total time for which application threads were stopped: 0.0009450 seconds, Stopping threads took: 0.0000730 seconds
262.848: Application time: 0.0449250 seconds
262.848: [GC [PSYoungGen: 20522K->1408K(21504K)] 37993K->18886K(69120K), 0.0006550 secs] [Times: user=0.00 sys=0.00, real=0.00 secs] 
262.849: Total time for which application threads were stopped: 0.0007860 seconds, Stopping threads took: 0.0000640 seconds
262.892: Application time: 0.0430270 seconds
262.892: [GC [PSYoungGen: 19936K->2464K(21504K)] 37415K->19942K(69120K), 0.0010630 secs] [Times: user=0.00 sys=0.00, real=0.00 secs] 
262.893: Total time for which application threads were stopped: 0.0012080 seconds, Stopping threads took: 0.0000710 seconds
262.937: Application time: 0.0439790 seconds
262.937: [GC [PSYoungGen: 21083K->2000K(21504K)] 38562K->19486K(69120K), 0.0008420 secs] [Times: user=0.00 sys=0.00, real=0.00 secs] 
262.938: Total time for which application threads were stopped: 0.0010690 seconds, Stopping threads took: 0.0001630 seconds
262.982: Application time: 0.0441970 seconds
262.982: [GC [PSYoungGen: 20532K->1936K(21504K)] 38019K->19422K(69120K), 0.0007780 secs] [Times: user=0.01 sys=0.00, real=0.00 secs] 
262.983: Total time for which application threads were stopped: 0.0009470 seconds, Stopping threads took: 0.0000920 seconds
263.027: Application time: 0.0441890 seconds
263.027: [GC [PSYoungGen: 20472K->2464K(21504K)] 37959K->19950K(69120K), 0.0009280 secs] [Times: user=0.01 sys=0.00, real=0.00 secs] 
263.028: Total time for which application threads were stopped: 0.0011160 seconds, Stopping threads took: 0.0001140 seconds
263.073: Application time: 0.0443050 seconds
263.073: [GC [PSYoungGen: 21081K->1952K(21504K)] 38567K->19438K(69120K), 0.0007880 secs] [Times: user=0.01 sys=0.00, real=0.00 secs] 
263.074: Total time for which application threads were stopped: 0.0009290 seconds, Stopping threads took: 0.0000790 seconds
263.117: Application time: 0.0438890 seconds
263.118: [GC [PSYoungGen: 20493K->1424K(21504K)] 37979K->18918K(69120K), 0.0006250 secs] [Times: user=0.00 sys=0.00, real=0.00 secs] 
263.118: Total time for which application threads were stopped: 0.0007830 seconds, Stopping threads took: 0.0000850 seconds
263.161: Application time: 0.0430820 seconds
263.161: [GC [PSYoungGen: 19948K->2496K(21504K)] 37443K->20502K(69120K), 0.0011000 secs] [Times: user=0.01 sys=0.00, real=0.00 secs] 
263.163: Total time for which application threads were stopped: 0.0012460 seconds, Stopping threads took: 0.0000710 seconds
263.208: Application time: 0.0458940 seconds
263.209: [GC [PSYoungGen: 21119K->1424K(21504K)] 39126K->19430K(69120K), 0.0006520 secs] [Times: user=0.00 sys=0.00, real=0.00 secs] 
263.209: Total time for which application threads were stopped: 0.0007790 seconds, Stopping threads took: 0.0000610 seconds
263.252: Application time: 0.0424220 seconds
263.252: [GC [PSYoungGen: 19952K->2480K(21504K)] 37959K->20494K(69120K), 0.0009820 secs] [Times: user=0.01 sys=0.00, real=0.00 secs] 
263.253: Total time for which application threads were stopped: 0.0011170 seconds, Stopping threads took: 0.0000660 seconds
263.298: Application time: 0.0449510 seconds
263.298: [GC [PSYoungGen: 21179K->1424K(21504K)] 39194K->19438K(69120K), 0.0006470 secs] [Times: user=0.00 sys=0.00, real=0.00 secs] 
263.299: Total time for which application threads were stopped: 0.0007810 seconds, Stopping threads took: 0.0000680 seconds
263.342: Application time: 0.0439410 seconds
263.343: [GC [PSYoungGen: 19954K->2464K(21504K)] 37969K->20486K(69120K), 0.0009650 secs] [Times: user=0.01 sys=0.00, real=0.00 secs] 
263.344: Total time for which application threads were stopped: 0.0011210 seconds, Stopping threads took: 0.0000740 seconds
263.388: Application time: 0.0445350 seconds
263.388: [GC [PSYoungGen: 21163K->1440K(21504K)] 39186K->19470K(69120K), 0.0006330 secs] [Times: user=0.01 sys=0.00, real=0.00 secs] 
263.389: Total time for which application threads were stopped: 0.0007570 seconds, Stopping threads took: 0.0000600 seconds
263.432: Application time: 0.0434880 seconds
263.432: [GC [PSYoungGen: 20048K->2528K(21504K)] 38079K->20566K(69120K), 0.0010060 secs] [Times: user=0.00 sys=0.00, real=0.00 secs] 
263.434: Total time for which application threads were stopped: 0.0011460 seconds, Stopping threads took: 0.0000680 seconds
263.479: Application time: 0.0451550 seconds
263.479: [GC [PSYoungGen: 21069K->1424K(21504K)] 39107K->19470K(69120K), 0.0006850 secs] [Times: user=0.00 sys=0.00, real=0.00 secs] 
263.479: Total time for which application threads were stopped: 0.0008280 seconds, Stopping threads took: 0.0000820 seconds
263.521: Application time: 0.0419490 seconds
263.522: [GC [PSYoungGen: 19948K->2528K(21504K)] 37995K->21086K(69120K), 0.0011020 secs] [Times: user=0.00 sys=0.00, real=0.00 secs] 
263.523: Total time for which application threads were stopped: 0.0012870 seconds, Stopping threads took: 0.0001130 seconds
263.570: Application time: 0.0469930 seconds
263.570: [GC [PSYoungGen: 21151K->1440K(21504K)] 39710K->19998K(69120K), 0.0006170 secs] [Times: user=0.00 sys=0.00, real=0.00 secs] 
263.570: Total time for which application threads were stopped: 0.0007490 seconds, Stopping threads took: 0.0000700 seconds
263.612: Application time: 0.0412540 seconds
263.612: [GC [PSYoungGen: 19964K->2496K(21504K)] 38523K->21574K(69120K), 0.0011130 secs] [Times: user=0.01 sys=0.00, real=0.00 secs] 
263.613: Total time for which application threads were stopped: 0.0012680 seconds, Stopping threads took: 0.0000780 seconds
263.659: Application time: 0.0459230 seconds
263.659: [GC [PSYoungGen: 21039K->1936K(21504K)] 40117K->21014K(69120K), 0.0007650 secs] [Times: user=0.01 sys=0.00, real=0.00 secs] 
263.660: Total time for which application threads were stopped: 0.0009060 seconds, Stopping threads took: 0.0000760 seconds
263.704: Application time: 0.0437330 seconds
263.704: [GC [PSYoungGen: 20464K->2480K(21504K)] 39543K->21558K(69120K), 0.0008950 secs] [Times: user=0.00 sys=0.00, real=0.01 secs] 
263.705: Total time for which application threads were stopped: 0.0011160 seconds, Stopping threads took: 0.0001500 seconds
263.749: Application time: 0.0446810 seconds
263.749: [GC [PSYoungGen: 21097K->2480K(21504K)] 40176K->21566K(69120K), 0.0009510 secs] [Times: user=0.00 sys=0.00, real=0.00 secs] 
263.750: Total time for which application threads were stopped: 0.0010810 seconds, Stopping threads took: 0.0000590 seconds
263.796: Application time: 0.0452020 seconds
263.796: [GC [PSYoungGen: 21023K->1392K(21504K)] 40109K->20478K(69120K), 0.0006710 secs] [Times: user=0.00 sys=0.00, real=0.01 secs] 
263.796: Total time for which application threads were stopped: 0.0008020 seconds, Stopping threads took: 0.0000680 seconds
263.840: Application time: 0.0430840 seconds
263.840: [GC [PSYoungGen: 19996K->2496K(21504K)] 39083K->22094K(69120K), 0.0010790 secs] [Times: user=0.00 sys=0.00, real=0.00 secs] 
263.841: Total time for which application threads were stopped: 0.0012580 seconds, Stopping threads took: 0.0001050 seconds
263.887: Application time: 0.0464310 seconds
263.887: [GC [PSYoungGen: 21043K->864K(21504K)] 40642K->20470K(69120K), 0.0005180 secs] [Times: user=0.00 sys=0.00, real=0.00 secs] 
263.888: Total time for which application threads were stopped: 0.0006550 seconds, Stopping threads took: 0.0000660 seconds
263.930: Application time: 0.0423930 seconds
263.930: [GC [PSYoungGen: 19386K->2496K(21504K)] 38993K->22102K(69120K), 0.0009500 secs] [Times: user=0.00 sys=0.00, real=0.00 secs] 
263.931: Total time for which application threads were stopped: 0.0010950 seconds, Stopping threads took: 0.0000740 seconds
263.976: Application time: 0.0450040 seconds
263.977: [GC [PSYoungGen: 21195K->1392K(21504K)] 40802K->21006K(69120K), 0.0006910 secs] [Times: user=0.01 sys=0.00, real=0.00 secs] 
263.977: Total time for which application threads were stopped: 0.0008220 seconds, Stopping threads took: 0.0000700 seconds
264.022: Application time: 0.0448680 seconds
264.022: [GC [PSYoungGen: 20085K->1424K(21504K)] 39700K->21038K(69120K), 0.0006550 secs] [Times: user=0.01 sys=0.00, real=0.00 secs] 
264.023: Total time for which application threads were stopped: 0.0007840 seconds, Stopping threads took: 0.0000660 seconds
264.064: Application time: 0.0409290 seconds
264.064: [GC [PSYoungGen: 20030K->2512K(21504K)] 39645K->22134K(69120K), 0.0009670 secs] [Times: user=0.00 sys=0.00, real=0.01 secs] 
264.065: Total time for which application threads were stopped: 0.0011080 seconds, Stopping threads took: 0.0000690 seconds
264.112: Application time: 0.0467910 seconds
264.112: [GC [PSYoungGen: 21057K->880K(21504K)] 40679K->20510K(69120K), 0.0005310 secs] [Times: user=0.00 sys=0.00, real=0.00 secs] 
264.112: Total time for which application threads were stopped: 0.0006560 seconds, Stopping threads took: 0.0000640 seconds
264.153: Application time: 0.0409980 seconds
264.153: [GC [PSYoungGen: 19404K->2496K(21504K)] 39035K->22126K(69120K), 0.0009150 secs] [Times: user=0.00 sys=0.00, real=0.00 secs] 
264.154: Total time for which application threads were stopped: 0.0010470 seconds, Stopping threads took: 0.0000650 seconds
264.200: Application time: 0.0459090 seconds
264.200: [GC [PSYoungGen: 21117K->1424K(21504K)] 40748K->21054K(69120K), 0.0006620 secs] [Times: user=0.00 sys=0.00, real=0.00 secs] 
264.201: Total time for which application threads were stopped: 0.0007950 seconds, Stopping threads took: 0.0000680 seconds
264.245: Application time: 0.0443610 seconds
264.246: [GC [PSYoungGen: 19956K->1936K(21504K)] 39587K->21574K(69120K), 0.0008280 secs] [Times: user=0.00 sys=0.00, real=0.00 secs] 
264.246: Total time for which application threads were stopped: 0.0009640 seconds, Stopping threads took: 0.0000680 seconds
264.291: Application time: 0.0443610 seconds
264.291: [GC [PSYoungGen: 20472K->1968K(21504K)] 40111K->21606K(69120K), 0.0008120 secs] [Times: user=0.00 sys=0.00, real=0.00 secs] 
264.292: Total time for which application threads were stopped: 0.0009760 seconds, Stopping threads took: 0.0000910 seconds
264.338: Application time: 0.0459710 seconds
264.338: [GC [PSYoungGen: 20500K->2528K(21504K)] 40139K->22166K(69120K), 0.0009590 secs] [Times: user=0.01 sys=0.00, real=0.00 secs] 
264.339: Total time for which application threads were stopped: 0.0011630 seconds, Stopping threads took: 0.0001330 seconds
264.387: Application time: 0.0485350 seconds
264.388: [GC [PSYoungGen: 21145K->1936K(21504K)] 40784K->21574K(69120K), 0.0008050 secs] [Times: user=0.00 sys=0.00, real=0.00 secs] 
264.388: Total time for which application threads were stopped: 0.0009570 seconds, Stopping threads took: 0.0000810 seconds
264.435: Application time: 0.0467410 seconds
264.435: [GC [PSYoungGen: 20464K->2512K(21504K)] 40103K->22670K(69120K), 0.0011450 secs] [Times: user=0.01 sys=0.00, real=0.01 secs] 
264.437: Total time for which application threads were stopped: 0.0013320 seconds, Stopping threads took: 0.0001000 seconds
264.484: Application time: 0.0476820 seconds
264.484: [GC [PSYoungGen: 21129K->2464K(21504K)] 41288K->22622K(69120K), 0.0009120 secs] [Times: user=0.00 sys=0.00, real=0.00 secs] 
264.485: Total time for which application threads were stopped: 0.0010580 seconds, Stopping threads took: 0.0000730 seconds
264.535: Application time: 0.0500680 seconds
264.535: [GC [PSYoungGen: 21005K->1424K(21504K)] 41163K->21590K(69120K), 0.0006810 secs] [Times: user=0.00 sys=0.00, real=0.01 secs] 
264.536: Total time for which application threads were stopped: 0.0008240 seconds, Stopping threads took: 0.0000770 seconds
264.581: Application time: 0.0449660 seconds
264.581: [GC [PSYoungGen: 19948K->2512K(21504K)] 40115K->23190K(69120K), 0.0011020 secs] [Times: user=0.01 sys=0.00, real=0.00 secs] 
264.582: Total time for which application threads were stopped: 0.0012530 seconds, Stopping threads took: 0.0000720 seconds
264.633: Application time: 0.0510600 seconds
264.634: [GC [PSYoungGen: 21213K->1392K(21504K)] 41892K->22070K(69120K), 0.0006370 secs] [Times: user=0.00 sys=0.00, real=0.00 secs] 
264.634: Total time for which application threads were stopped: 0.0007720 seconds, Stopping threads took: 0.0000680 seconds
264.679: Application time: 0.0445220 seconds
264.679: [GC [PSYoungGen: 19994K->2528K(21504K)] 40673K->23726K(69120K), 0.0010990 secs] [Times: user=0.00 sys=0.00, real=0.00 secs] 
264.680: Total time for which application threads were stopped: 0.0012600 seconds, Stopping threads took: 0.0000860 seconds
264.729: Application time: 0.0493230 seconds
264.729: [GC [PSYoungGen: 21227K->1952K(21504K)] 42426K->23158K(69120K), 0.0008150 secs] [Times: user=0.01 sys=0.00, real=0.00 secs] 
264.730: Total time for which application threads were stopped: 0.0009610 seconds, Stopping threads took: 0.0000790 seconds
264.779: Application time: 0.0490960 seconds
264.779: [GC [PSYoungGen: 20493K->944K(21504K)] 41699K->22158K(69120K), 0.0005360 secs] [Times: user=0.00 sys=0.00, real=0.00 secs] 
264.780: Total time for which application threads were stopped: 0.0006830 seconds, Stopping threads took: 0.0000720 seconds
264.826: Application time: 0.0464100 seconds
264.827: [GC [PSYoungGen: 19468K->2480K(21504K)] 40683K->23694K(69120K), 0.0009960 secs] [Times: user=0.00 sys=0.00, real=0.00 secs] 
264.828: Total time for which application threads were stopped: 0.0011380 seconds, Stopping threads took: 0.0000690 seconds
264.876: Application time: 0.0485560 seconds
264.876: [GC [PSYoungGen: 21103K->880K(21504K)] 42318K->22094K(69120K), 0.0005430 secs] [Times: user=0.00 sys=0.00, real=0.00 secs] 
264.877: Total time for which application threads were stopped: 0.0007600 seconds, Stopping threads took: 0.0001500 seconds
264.924: Application time: 0.0467610 seconds
264.924: [GC [PSYoungGen: 19404K->2512K(21504K)] 40619K->23734K(69120K), 0.0010310 secs] [Times: user=0.00 sys=0.00, real=0.01 secs] 
264.925: Total time for which application threads were stopped: 0.0011680 seconds, Stopping threads took: 0.0000620 seconds
264.974: Application time: 0.0489860 seconds
264.974: [GC [PSYoungGen: 21050K->1968K(21504K)] 42273K->23190K(69120K), 0.0008180 secs] [Times: user=0.00 sys=0.00, real=0.00 secs] 
264.975: Total time for which application threads were stopped: 0.0009810 seconds, Stopping threads took: 0.0000820 seconds
265.022: Application time: 0.0468900 seconds
265.022: [GC [PSYoungGen: 20500K->2464K(21504K)] 41723K->23686K(69120K), 0.0009490 secs] [Times: user=0.00 sys=0.00, real=0.00 secs] 
265.023: Total time for which application threads were stopped: 0.0011690 seconds, Stopping threads took: 0.0001500 seconds
265.072: Application time: 0.0492750 seconds
265.072: [GC [PSYoungGen: 21081K->1920K(21504K)] 42304K->23142K(69120K), 0.0007910 secs] [Times: user=0.00 sys=0.00, real=0.00 secs] 
265.073: Total time for which application threads were stopped: 0.0009310 seconds, Stopping threads took: 0.0000670 seconds
265.119: Application time: 0.0461200 seconds
265.119: [GC [PSYoungGen: 20444K->2480K(21504K)] 41667K->24734K(69120K), 0.0012860 secs] [Times: user=0.01 sys=0.00, real=0.00 secs] 
265.121: Total time for which application threads were stopped: 0.0014460 seconds, Stopping threads took: 0.0000820 seconds
265.171: Application time: 0.0502490 seconds
265.171: [GC [PSYoungGen: 21103K->1920K(21504K)] 43358K->24174K(69120K), 0.0007860 secs] [Times: user=0.01 sys=0.00, real=0.00 secs] 
265.172: Total time for which application threads were stopped: 0.0009290 seconds, Stopping threads took: 0.0000730 seconds
265.219: Application time: 0.0475410 seconds
265.219: [GC [PSYoungGen: 20450K->2496K(21504K)] 42705K->24758K(69120K), 0.0009910 secs] [Times: user=0.01 sys=0.00, real=0.00 secs] 
265.221: Total time for which application threads were stopped: 0.0011260 seconds, Stopping threads took: 0.0000610 seconds
265.269: Application time: 0.0481560 seconds
265.269: [GC [PSYoungGen: 21035K->1952K(21504K)] 43297K->24214K(69120K), 0.0008130 secs] [Times: user=0.01 sys=0.00, real=0.00 secs] 
265.270: Total time for which application threads were stopped: 0.0009620 seconds, Stopping threads took: 0.0000760 seconds
265.317: Application time: 0.0476210 seconds
265.317: [GC [PSYoungGen: 20565K->1424K(21504K)] 42827K->23686K(69120K), 0.0006660 secs] [Times: user=0.00 sys=0.00, real=0.00 secs] 
265.318: Total time for which application threads were stopped: 0.0009040 seconds, Stopping threads took: 0.0001750 seconds
265.366: Application time: 0.0478580 seconds
265.366: [GC [PSYoungGen: 20033K->2512K(21504K)] 42295K->25294K(69120K), 0.0011230 secs] [Times: user=0.00 sys=0.00, real=0.00 secs] 
265.367: Total time for which application threads were stopped: 0.0013260 seconds, Stopping threads took: 0.0001290 seconds
265.418: Application time: 0.0505220 seconds
265.418: [GC [PSYoungGen: 21292K->1424K(21504K)] 44074K->24214K(69120K), 0.0006890 secs] [Times: user=0.00 sys=0.00, real=0.00 secs] 
265.419: Total time for which application threads were stopped: 0.0008440 seconds, Stopping threads took: 0.0000840 seconds
265.464: Application time: 0.0448680 seconds
265.464: [GC [PSYoungGen: 19944K->2496K(21504K)] 42735K->26318K(69120K), 0.0013250 secs] [Times: user=0.01 sys=0.00, real=0.01 secs] 
265.465: Total time for which application threads were stopped: 0.0014870 seconds, Stopping threads took: 0.0000820 seconds
265.515: Application time: 0.0503750 seconds
265.516: [GC [PSYoungGen: 21043K->1408K(21504K)] 44866K->25230K(69120K), 0.0007480 secs] [Times: user=0.00 sys=0.00, real=0.01 secs] 
265.516: Total time for which application threads were stopped: 0.0008950 seconds, Stopping threads took: 0.0000620 seconds
265.561: Application time: 0.0446680 seconds
265.561: [GC [PSYoungGen: 20006K->2512K(21504K)] 43829K->27358K(69120K), 0.0012790 secs] [Times: user=0.01 sys=0.00, real=0.00 secs] 
265.562: Total time for which application threads were stopped: 0.0014550 seconds, Stopping threads took: 0.0000940 seconds
265.612: Application time: 0.0499430 seconds
265.613: [GC [PSYoungGen: 21057K->1936K(21504K)] 45904K->26790K(69120K), 0.0008280 secs] [Times: user=0.00 sys=0.00, real=0.00 secs] 
265.613: Total time for which application threads were stopped: 0.0009640 seconds, Stopping threads took: 0.0000660 seconds
265.660: Application time: 0.0469790 seconds
265.661: [GC [PSYoungGen: 20468K->1936K(21504K)] 45323K->26790K(69120K), 0.0008170 secs] [Times: user=0.01 sys=0.00, real=0.00 secs] 
265.661: Total time for which application threads were stopped: 0.0009890 seconds, Stopping threads took: 0.0001020 seconds
265.710: Application time: 0.0483970 seconds
265.710: [GC [PSYoungGen: 20475K->1936K(21504K)] 45329K->26790K(69120K), 0.0008270 secs] [Times: user=0.00 sys=0.00, real=0.00 secs] 
265.711: Total time for which application threads were stopped: 0.0010880 seconds, Stopping threads took: 0.0001910 seconds
265.760: Application time: 0.0490100 seconds
265.760: [GC [PSYoungGen: 20551K->1952K(21504K)] 45405K->26806K(69120K), 0.0008210 secs] [Times: user=0.00 sys=0.00, real=0.00 secs] 
265.761: Total time for which application threads were stopped: 0.0009950 seconds, Stopping threads took: 0.0001020 seconds
265.809: Application time: 0.0481130 seconds
265.809: [GC [PSYoungGen: 20491K->1408K(21504K)] 45345K->26270K(69120K), 0.0006840 secs] [Times: user=0.01 sys=0.00, real=0.00 secs] 
265.810: Total time for which application threads were stopped: 0.0008140 seconds, Stopping threads took: 0.0000570 seconds
265.855: Application time: 0.0455460 seconds
265.855: [GC [PSYoungGen: 20014K->2480K(21504K)] 44877K->27342K(69120K), 0.0009560 secs] [Times: user=0.01 sys=0.00, real=0.01 secs] 
265.856: Total time for which application threads were stopped: 0.0010950 seconds, Stopping threads took: 0.0000690 seconds
265.906: Application time: 0.0495620 seconds
265.906: [GC [PSYoungGen: 21025K->880K(21504K)] 45888K->25750K(69120K), 0.0005410 secs] [Times: user=0.01 sys=0.00, real=0.00 secs] 
265.907: Total time for which application threads were stopped: 0.0007430 seconds, Stopping threads took: 0.0001350 seconds
265.952: Application time: 0.0448340 seconds
265.952: [GC [PSYoungGen: 19400K->2496K(21504K)] 44271K->27878K(69120K), 0.0011190 secs] [Times: user=0.00 sys=0.00, real=0.00 secs] 
265.953: Total time for which application threads were stopped: 0.0012720 seconds, Stopping threads took: 0.0000750 seconds
266.003: Application time: 0.0500780 seconds
266.003: [GC [PSYoungGen: 21043K->864K(21504K)] 46426K->26246K(69120K), 0.0005450 secs] [Times: user=0.00 sys=0.00, real=0.00 secs] 
266.004: Total time for which application threads were stopped: 0.0006780 seconds, Stopping threads took: 0.0000660 seconds
266.048: Application time: 0.0448300 seconds
266.049: [GC [PSYoungGen: 19464K->2480K(21504K)] 44847K->28382K(69120K), 0.0011280 secs] [Times: user=0.01 sys=0.00, real=0.00 secs] 
266.050: Total time for which application threads were stopped: 0.0012900 seconds, Stopping threads took: 0.0000710 seconds
266.100: Application time: 0.0503670 seconds
266.100: [GC [PSYoungGen: 21340K->880K(21504K)] 47243K->26790K(69120K), 0.0005470 secs] [Times: user=0.00 sys=0.00, real=0.00 secs] 
266.101: Total time for which application threads were stopped: 0.0006750 seconds, Stopping threads took: 0.0000650 seconds
266.146: Application time: 0.0456180 seconds
266.147: [GC [PSYoungGen: 19400K->2512K(21504K)] 45311K->28943K(69120K), 0.0011580 secs] [Times: user=0.01 sys=0.00, real=0.00 secs] 
266.148: Total time for which application threads were stopped: 0.0013090 seconds, Stopping threads took: 0.0000760 seconds
266.197: Application time: 0.0494840 seconds
266.197: [GC [PSYoungGen: 21059K->896K(21504K)] 47490K->27326K(69120K), 0.0005210 secs] [Times: user=0.00 sys=0.00, real=0.00 secs] 
266.198: Total time for which application threads were stopped: 0.0006640 seconds, Stopping threads took: 0.0000780 seconds
266.244: Application time: 0.0466270 seconds
266.245: [GC [PSYoungGen: 19496K->2512K(21504K)] 45927K->29455K(69120K), 0.0011630 secs] [Times: user=0.00 sys=0.00, real=0.00 secs] 
266.246: Total time for which application threads were stopped: 0.0013100 seconds, Stopping threads took: 0.0000680 seconds
266.294: Application time: 0.0482960 seconds
266.294: [GC [PSYoungGen: 21051K->2480K(21504K)] 47994K->29431K(69120K), 0.0009790 secs] [Times: user=0.01 sys=0.00, real=0.00 secs] 
266.295: Total time for which application threads were stopped: 0.0011220 seconds, Stopping threads took: 0.0000720 seconds
266.344: Application time: 0.0484780 seconds
266.344: [GC [PSYoungGen: 21014K->2480K(21504K)] 47965K->29431K(69120K), 0.0009660 secs] [Times: user=0.00 sys=0.00, real=0.01 secs] 
266.345: Total time for which application threads were stopped: 0.0011160 seconds, Stopping threads took: 0.0000730 seconds
266.393: Application time: 0.0477570 seconds
266.393: [GC [PSYoungGen: 21017K->2496K(21504K)] 47967K->29447K(69120K), 0.0009590 secs] [Times: user=0.01 sys=0.00, real=0.00 secs] 
266.394: Total time for which application threads were stopped: 0.0011090 seconds, Stopping threads took: 0.0000770 seconds
266.442: Application time: 0.0482090 seconds
266.442: [GC [PSYoungGen: 21117K->1424K(21504K)] 48068K->28375K(69120K), 0.0007530 secs] [Times: user=0.00 sys=0.00, real=0.00 secs] 
266.443: Total time for which application threads were stopped: 0.0008880 seconds, Stopping threads took: 0.0000670 seconds
266.489: Application time: 0.0464270 seconds
266.489: [GC [PSYoungGen: 19954K->1888K(21504K)] 46905K->28847K(69120K), 0.0008370 secs] [Times: user=0.00 sys=0.00, real=0.00 secs] 
266.490: Total time for which application threads were stopped: 0.0011000 seconds, Stopping threads took: 0.0001860 seconds
266.539: Application time: 0.0486490 seconds
266.539: [GC [PSYoungGen: 20505K->1440K(21504K)] 47464K->28398K(69120K), 0.0006550 secs] [Times: user=0.01 sys=0.00, real=0.00 secs] 
266.540: Total time for which application threads were stopped: 0.0008320 seconds, Stopping threads took: 0.0001110 seconds
266.587: Application time: 0.0468050 seconds
266.587: [GC [PSYoungGen: 19964K->2496K(21504K)] 46923K->29975K(69120K), 0.0012090 secs] [Times: user=0.01 sys=0.00, real=0.00 secs] 
266.588: Total time for which application threads were stopped: 0.0013710 seconds, Stopping threads took: 0.0000800 seconds
266.636: Application time: 0.0482320 seconds
266.636: [GC [PSYoungGen: 21041K->1408K(21504K)] 48520K->28887K(69120K), 0.0006800 secs] [Times: user=0.00 sys=0.00, real=0.00 secs] 
266.637: Total time for which application threads were stopped: 0.0008580 seconds, Stopping threads took: 0.0001090 seconds
266.684: Application time: 0.0472260 seconds
266.685: [GC [PSYoungGen: 19936K->2480K(21504K)] 47415K->29959K(69120K), 0.0009830 secs] [Times: user=0.01 sys=0.00, real=0.00 secs] 
266.686: Total time for which application threads were stopped: 0.0012260 seconds, Stopping threads took: 0.0001640 seconds
266.734: Application time: 0.0480970 seconds
266.734: [GC [PSYoungGen: 21097K->1936K(21504K)] 48576K->29415K(69120K), 0.0008490 secs] [Times: user=0.01 sys=0.00, real=0.00 secs] 
266.735: Total time for which application threads were stopped: 0.0010190 seconds, Stopping threads took: 0.0000940 seconds
266.781: Application time: 0.0466630 seconds
266.781: [GC [PSYoungGen: 20786K->2496K(21504K)] 48265K->29983K(69120K), 0.0009610 secs] [Times: user=0.00 sys=0.00, real=0.00 secs] 
266.782: Total time for which application threads were stopped: 0.0011070 seconds, Stopping threads took: 0.0000750 seconds
266.830: Application time: 0.0471680 seconds
266.830: [GC [PSYoungGen: 21022K->2528K(21504K)] 48509K->31047K(69120K), 0.0013020 secs] [Times: user=0.01 sys=0.00, real=0.00 secs] 
266.831: Total time for which application threads were stopped: 0.0014600 seconds, Stopping threads took: 0.0000820 seconds
266.880: Application time: 0.0493780 seconds
266.881: [GC [PSYoungGen: 21073K->1952K(21504K)] 49592K->30471K(69120K), 0.0009100 secs] [Times: user=0.00 sys=0.00, real=0.00 secs] 
266.882: Total time for which application threads were stopped: 0.0010510 seconds, Stopping threads took: 0.0000720 seconds
266.927: Application time: 0.0459910 seconds
266.928: [GC [PSYoungGen: 20558K->2512K(21504K)] 49077K->31543K(69120K), 0.0011170 secs] [Times: user=0.01 sys=0.00, real=0.00 secs] 
266.929: Total time for which application threads were stopped: 0.0012600 seconds, Stopping threads took: 0.0000680 seconds
266.978: Application time: 0.0490390 seconds
266.978: [GC [PSYoungGen: 21055K->1920K(21504K)] 50086K->30959K(69120K), 0.0008090 secs] [Times: user=0.01 sys=0.00, real=0.00 secs] 
266.979: Total time for which application threads were stopped: 0.0009510 seconds, Stopping threads took: 0.0000720 seconds
267.026: Application time: 0.0468550 seconds
267.026: [GC [PSYoungGen: 20452K->2480K(21504K)] 49491K->31519K(69120K), 0.0009530 secs] [Times: user=0.01 sys=0.00, real=0.00 secs] 
267.027: Total time for which application threads were stopped: 0.0010960 seconds, Stopping threads took: 0.0000730 seconds
267.074: Application time: 0.0471910 seconds
267.074: [GC [PSYoungGen: 21010K->2512K(21504K)] 50049K->32063K(69120K), 0.0011230 secs] [Times: user=0.00 sys=0.00, real=0.00 secs] 
267.075: Total time for which application threads were stopped: 0.0012730 seconds, Stopping threads took: 0.0000770 seconds
267.124: Application time: 0.0487920 seconds
267.124: [GC [PSYoungGen: 21133K->1936K(21504K)] 50684K->31487K(69120K), 0.0008730 secs] [Times: user=0.00 sys=0.00, real=0.00 secs] 
267.125: Total time for which application threads were stopped: 0.0010250 seconds, Stopping threads took: 0.0000820 seconds
267.172: Application time: 0.0466230 seconds
267.172: [GC [PSYoungGen: 20456K->2480K(21504K)] 50007K->33575K(69120K), 0.0014670 secs] [Times: user=0.01 sys=0.00, real=0.00 secs] 
267.173: Total time for which application threads were stopped: 0.0016110 seconds, Stopping threads took: 0.0000660 seconds
267.222: Application time: 0.0489050 seconds
267.222: [GC [PSYoungGen: 21027K->1936K(21504K)] 52122K->33031K(69120K), 0.0008170 secs] [Times: user=0.00 sys=0.00, real=0.00 secs] 
267.223: Total time for which application threads were stopped: 0.0009490 seconds, Stopping threads took: 0.0000640 seconds
267.269: Application time: 0.0460910 seconds
267.269: [GC [PSYoungGen: 20536K->2416K(21504K)] 51631K->35055K(69120K), 0.0014950 secs] [Times: user=0.01 sys=0.00, real=0.00 secs] 
267.271: Total time for which application threads were stopped: 0.0016480 seconds, Stopping threads took: 0.0000730 seconds
267.320: Application time: 0.0491100 seconds
267.320: [GC [PSYoungGen: 20963K->1888K(21504K)] 53602K->34527K(69120K), 0.0008590 secs] [Times: user=0.00 sys=0.00, real=0.00 secs] 
267.321: Total time for which application threads were stopped: 0.0010110 seconds, Stopping threads took: 0.0000740 seconds
267.370: Application time: 0.0485650 seconds
267.370: [GC [PSYoungGen: 20424K->1936K(21504K)] 53063K->34575K(69120K), 0.0008330 secs] [Times: user=0.01 sys=0.00, real=0.00 secs] 
267.371: Total time for which application threads were stopped: 0.0009780 seconds, Stopping threads took: 0.0000680 seconds
267.418: Application time: 0.0475040 seconds
267.418: [GC [PSYoungGen: 20468K->2368K(21504K)] 53107K->35007K(69120K), 0.0010370 secs] [Times: user=0.00 sys=0.00, real=0.00 secs] 
267.419: Total time for which application threads were stopped: 0.0011750 seconds, Stopping threads took: 0.0000640 seconds
267.469: Application time: 0.0494310 seconds
267.469: [GC [PSYoungGen: 21226K->864K(21504K)] 53865K->33511K(69120K), 0.0005330 secs] [Times: user=0.00 sys=0.00, real=0.00 secs] 
267.469: Total time for which application threads were stopped: 0.0007040 seconds, Stopping threads took: 0.0001060 seconds
267.514: Application time: 0.0447650 seconds
267.514: [GC [PSYoungGen: 19466K->2448K(21504K)] 52113K->35103K(69120K), 0.0010250 secs] [Times: user=0.00 sys=0.00, real=0.00 secs] 
267.515: Total time for which application threads were stopped: 0.0011690 seconds, Stopping threads took: 0.0000680 seconds
267.566: Application time: 0.0506020 seconds
267.566: [GC [PSYoungGen: 20993K->848K(21504K)] 53648K->33503K(69120K), 0.0005400 secs] [Times: user=0.00 sys=0.00, real=0.00 secs] 
267.567: Total time for which application threads were stopped: 0.0006950 seconds, Stopping threads took: 0.0000890 seconds
267.611: Application time: 0.0447520 seconds
267.611: [GC [PSYoungGen: 19372K->2480K(21504K)] 52027K->35135K(69120K), 0.0010740 secs] [Times: user=0.01 sys=0.00, real=0.00 secs] 
267.613: Total time for which application threads were stopped: 0.0012260 seconds, Stopping threads took: 0.0000740 seconds
267.663: Application time: 0.0507590 seconds
267.663: [GC [PSYoungGen: 21103K->848K(21504K)] 53758K->33511K(69120K), 0.0005460 secs] [Times: user=0.00 sys=0.00, real=0.00 secs] 
267.664: Total time for which application threads were stopped: 0.0006830 seconds, Stopping threads took: 0.0000670 seconds
267.709: Application time: 0.0448110 seconds
267.709: [GC [PSYoungGen: 19368K->2432K(21504K)] 52031K->35607K(69120K), 0.0011190 secs] [Times: user=0.01 sys=0.00, real=0.00 secs] 
267.710: Total time for which application threads were stopped: 0.0012690 seconds, Stopping threads took: 0.0000750 seconds
267.759: Application time: 0.0492110 seconds
267.759: [GC [PSYoungGen: 20975K->1920K(21504K)] 54150K->35095K(69120K), 0.0008520 secs] [Times: user=0.01 sys=0.00, real=0.00 secs] 
267.760: Total time for which application threads were stopped: 0.0009890 seconds, Stopping threads took: 0.0000630 seconds
267.808: Application time: 0.0478880 seconds
267.808: [GC [PSYoungGen: 20526K->2512K(21504K)] 53702K->36199K(69120K), 0.0011250 secs] [Times: user=0.01 sys=0.00, real=0.00 secs] 
267.809: Total time for which application threads were stopped: 0.0012920 seconds, Stopping threads took: 0.0000890 seconds
267.857: Application time: 0.0479610 seconds
267.858: [GC [PSYoungGen: 21042K->2512K(21504K)] 54730K->37231K(69120K), 0.0013070 secs] [Times: user=0.01 sys=0.00, real=0.00 secs] 
267.859: Total time for which application threads were stopped: 0.0014730 seconds, Stopping threads took: 0.0000870 seconds
267.908: Application time: 0.0490710 seconds
267.908: [GC [PSYoungGen: 21057K->1952K(21504K)] 55776K->36671K(69120K), 0.0008550 secs] [Times: user=0.00 sys=0.00, real=0.00 secs] 
267.909: Total time for which application threads were stopped: 0.0010010 seconds, Stopping threads took: 0.0000740 seconds
267.957: Application time: 0.0481450 seconds
267.957: [GC [PSYoungGen: 20569K->1408K(21504K)] 55288K->36127K(69120K), 0.0006760 secs] [Times: user=0.00 sys=0.00, real=0.00 secs] 
267.958: Total time for which application threads were stopped: 0.0008790 seconds, Stopping threads took: 0.0001400 seconds
268.005: Application time: 0.0471770 seconds
268.005: [GC [PSYoungGen: 19936K->2464K(21504K)] 54655K->37191K(69120K), 0.0009670 secs] [Times: user=0.01 sys=0.00, real=0.00 secs] 
268.006: Total time for which application threads were stopped: 0.0011120 seconds, Stopping threads took: 0.0000700 seconds
268.054: Application time: 0.0481970 seconds
268.055: [GC [PSYoungGen: 21001K->1920K(21504K)] 55728K->36647K(69120K), 0.0008570 secs] [Times: user=0.01 sys=0.00, real=0.00 secs] 
268.055: Total time for which application threads were stopped: 0.0009930 seconds, Stopping threads took: 0.0000690 seconds
268.103: Application time: 0.0477260 seconds
268.103: [GC [PSYoungGen: 20450K->2480K(21504K)] 55177K->37207K(69120K), 0.0010200 secs] [Times: user=0.01 sys=0.00, real=0.01 secs] 
268.104: Total time for which application threads were stopped: 0.0011680 seconds, Stopping threads took: 0.0000700 seconds
268.152: Application time: 0.0478030 seconds
268.152: [GC [PSYoungGen: 21255K->1392K(21504K)] 55982K->36119K(69120K), 0.0006610 secs] [Times: user=0.00 sys=0.00, real=0.00 secs] 
268.153: Total time for which application threads were stopped: 0.0008110 seconds, Stopping threads took: 0.0000870 seconds
268.200: Application time: 0.0470010 seconds
268.200: [GC [PSYoungGen: 20081K->1920K(21504K)] 54808K->36655K(69120K), 0.0008160 secs] [Times: user=0.00 sys=0.00, real=0.00 secs] 
268.201: Total time for which application threads were stopped: 0.0010040 seconds, Stopping threads took: 0.0001120 seconds
268.248: Application time: 0.0474960 seconds
268.249: [GC [PSYoungGen: 20463K->1424K(21504K)] 55198K->36167K(69120K), 0.0006620 secs] [Times: user=0.01 sys=0.00, real=0.00 secs] 
268.249: Total time for which application threads were stopped: 0.0008640 seconds, Stopping threads took: 0.0001370 seconds
268.296: Application time: 0.0469610 seconds
268.296: [GC [PSYoungGen: 19952K->2480K(21504K)] 54695K->37223K(69120K), 0.0009660 secs] [Times: user=0.01 sys=0.00, real=0.00 secs] 
268.297: Total time for which application threads were stopped: 0.0011130 seconds, Stopping threads took: 0.0000760 seconds
268.342: Application time: 0.0443410 seconds
268.342: [GC [PSYoungGen: 21095K->2480K(21504K)] 55838K->37223K(69120K), 0.0009630 secs] [Times: user=0.01 sys=0.00, real=0.00 secs] 
268.343: Total time for which application threads were stopped: 0.0011050 seconds, Stopping threads took: 0.0000710 seconds
268.388: Application time: 0.0446710 seconds
268.388: [GC [PSYoungGen: 21019K->1936K(21504K)] 55762K->36687K(69120K), 0.0008530 secs] [Times: user=0.01 sys=0.00, real=0.00 secs] 
268.389: Total time for which application threads were stopped: 0.0009970 seconds, Stopping threads took: 0.0000720 seconds
268.434: Application time: 0.0451670 seconds
268.434: [GC [PSYoungGen: 20477K->848K(21504K)] 55228K->35599K(69120K), 0.0005270 secs] [Times: user=0.00 sys=0.00, real=0.00 secs] 
268.434: Total time for which application threads were stopped: 0.0006540 seconds, Stopping threads took: 0.0000680 seconds
268.478: Application time: 0.0438710 seconds
268.478: [GC [PSYoungGen: 19450K->2496K(21504K)] 54201K->37247K(69120K), 0.0009440 secs] [Times: user=0.01 sys=0.00, real=0.00 secs] 
268.479: Total time for which application threads were stopped: 0.0010860 seconds, Stopping threads took: 0.0000740 seconds
268.526: Application time: 0.0463520 seconds
268.526: [GC [PSYoungGen: 21041K->880K(21504K)] 55792K->35639K(69120K), 0.0005370 secs] [Times: user=0.00 sys=0.00, real=0.00 secs] 
268.526: Total time for which application threads were stopped: 0.0006670 seconds, Stopping threads took: 0.0000620 seconds
268.568: Application time: 0.0419950 seconds
268.568: [GC [PSYoungGen: 19404K->2480K(21504K)] 54163K->37239K(69120K), 0.0009800 secs] [Times: user=0.00 sys=0.00, real=0.00 secs] 
268.570: Total time for which application threads were stopped: 0.0011320 seconds, Stopping threads took: 0.0000760 seconds
268.616: Application time: 0.0462180 seconds
268.616: [GC [PSYoungGen: 21103K->864K(21504K)] 55862K->35623K(69120K), 0.0005610 secs] [Times: user=0.00 sys=0.00, real=0.01 secs] 
268.616: Total time for which application threads were stopped: 0.0006960 seconds, Stopping threads took: 0.0000690 seconds
268.658: Application time: 0.0420690 seconds
268.659: [GC [PSYoungGen: 19388K->2480K(21504K)] 54147K->37247K(69120K), 0.0009540 secs] [Times: user=0.01 sys=0.00, real=0.00 secs] 
268.660: Total time for which application threads were stopped: 0.0011190 seconds, Stopping threads took: 0.0000830 seconds
268.707: Application time: 0.0469860 seconds
268.707: [GC [PSYoungGen: 21025K->896K(21504K)] 55792K->35663K(69120K), 0.0005310 secs] [Times: user=0.00 sys=0.00, real=0.00 secs] 
268.707: Total time for which application threads were stopped: 0.0006700 seconds, Stopping threads took: 0.0000740 seconds
268.749: Application time: 0.0416860 seconds
268.749: [GC [PSYoungGen: 19420K->2432K(21504K)] 54187K->37199K(69120K), 0.0009600 secs] [Times: user=0.01 sys=0.00, real=0.00 secs] 
268.750: Total time for which application threads were stopped: 0.0011180 seconds, Stopping threads took: 0.0000870 seconds
268.797: Application time: 0.0466810 seconds
268.797: [GC [PSYoungGen: 21212K->848K(21504K)] 55979K->35615K(69120K), 0.0005230 secs] [Times: user=0.00 sys=0.00, real=0.00 secs] 
268.797: Total time for which application threads were stopped: 0.0006460 seconds, Stopping threads took: 0.0000600 seconds
268.839: Application time: 0.0411920 seconds
268.839: [GC [PSYoungGen: 19448K->2480K(21504K)] 54215K->37767K(69120K), 0.0011050 secs] [Times: user=0.01 sys=0.00, real=0.00 secs] 
268.840: Total time for which application threads were stopped: 0.0012580 seconds, Stopping threads took: 0.0000800 seconds
268.887: Application time: 0.0468160 seconds
268.887: [GC [PSYoungGen: 21101K->1408K(21504K)] 56388K->36703K(69120K), 0.0006600 secs] [Times: user=0.00 sys=0.00, real=0.00 secs] 
268.887: Total time for which application threads were stopped: 0.0007980 seconds, Stopping threads took: 0.0000730 seconds
268.929: Application time: 0.0413810 seconds
268.929: [GC [PSYoungGen: 19932K->2464K(21504K)] 55227K->38271K(69120K), 0.0011240 secs] [Times: user=0.01 sys=0.00, real=0.00 secs] 
268.930: Total time for which application threads were stopped: 0.0012820 seconds, Stopping threads took: 0.0000850 seconds
268.977: Application time: 0.0465760 seconds
268.977: [GC [PSYoungGen: 21087K->1408K(21504K)] 56894K->37215K(69120K), 0.0006770 secs] [Times: user=0.01 sys=0.00, real=0.00 secs] 
268.978: Total time for which application threads were stopped: 0.0008390 seconds, Stopping threads took: 0.0000990 seconds
269.021: Application time: 0.0431650 seconds
269.021: [GC [PSYoungGen: 19936K->2480K(21504K)] 55743K->38295K(69120K), 0.0009890 secs] [Times: user=0.01 sys=0.00, real=0.00 secs] 
269.022: Total time for which application threads were stopped: 0.0011190 seconds, Stopping threads took: 0.0000580 seconds
269.066: Application time: 0.0438390 seconds
269.066: [GC [PSYoungGen: 21017K->2480K(21504K)] 56832K->38295K(69120K), 0.0009370 secs] [Times: user=0.01 sys=0.00, real=0.00 secs] 
269.067: Total time for which application threads were stopped: 0.0010780 seconds, Stopping threads took: 0.0000700 seconds
269.113: Application time: 0.0460790 seconds
269.113: [GC [PSYoungGen: 21019K->1968K(21504K)] 56834K->37783K(69120K), 0.0007920 secs] [Times: user=0.00 sys=0.00, real=0.00 secs] 
269.114: Total time for which application threads were stopped: 0.0009260 seconds, Stopping threads took: 0.0000700 seconds
269.158: Application time: 0.0437890 seconds
269.158: [GC [PSYoungGen: 20579K->2464K(21504K)] 56394K->38287K(69120K), 0.0009850 secs] [Times: user=0.01 sys=0.00, real=0.00 secs] 
269.159: Total time for which application threads were stopped: 0.0011370 seconds, Stopping threads took: 0.0000760 seconds
269.203: Application time: 0.0442000 seconds
269.203: [GC [PSYoungGen: 21001K->2496K(21504K)] 56824K->38319K(69120K), 0.0009730 secs] [Times: user=0.01 sys=0.00, real=0.00 secs] 
269.204: Total time for which application threads were stopped: 0.0011220 seconds, Stopping threads took: 0.0000690 seconds
269.248: Application time: 0.0437560 seconds
269.248: [GC [PSYoungGen: 21115K->1968K(21504K)] 56938K->37791K(69120K), 0.0008560 secs] [Times: user=0.01 sys=0.00, real=0.00 secs] 
269.249: Total time for which application threads were stopped: 0.0016780 seconds, Stopping threads took: 0.0000910 seconds
269.293: Application time: 0.0434570 seconds
269.293: [GC [PSYoungGen: 20500K->2448K(21504K)] 56324K->38279K(69120K), 0.0009960 secs] [Times: user=0.00 sys=0.00, real=0.00 secs] 
269.294: Total time for which application threads were stopped: 0.0012190 seconds, Stopping threads took: 0.0001560 seconds
269.339: Application time: 0.0446730 seconds
269.339: [GC [PSYoungGen: 20989K->1920K(21504K)] 56820K->37751K(69120K), 0.0008210 secs] [Times: user=0.01 sys=0.00, real=0.00 secs] 
269.340: Total time for which application threads were stopped: 0.0009780 seconds, Stopping threads took: 0.0000910 seconds
269.383: Application time: 0.0436760 seconds
269.384: [GC [PSYoungGen: 20452K->2480K(21504K)] 56284K->38311K(69120K), 0.0009650 secs] [Times: user=0.00 sys=0.00, real=0.01 secs] 
269.385: Total time for which application threads were stopped: 0.0011290 seconds, Stopping threads took: 0.0000890 seconds
269.430: Application time: 0.0452130 seconds
269.430: [GC [PSYoungGen: 21259K->848K(21504K)] 57091K->36679K(69120K), 0.0005150 secs] [Times: user=0.01 sys=0.00, real=0.00 secs] 
269.430: Total time for which application threads were stopped: 0.0006520 seconds, Stopping threads took: 0.0000750 seconds
269.473: Application time: 0.0428460 seconds
269.473: [GC [PSYoungGen: 19452K->2480K(21504K)] 55283K->38319K(69120K), 0.0009880 secs] [Times: user=0.00 sys=0.00, real=0.00 secs] 
269.474: Total time for which application threads were stopped: 0.0011470 seconds, Stopping threads took: 0.0000830 seconds
269.519: Application time: 0.0444980 seconds
269.519: [GC [PSYoungGen: 21101K->1392K(21504K)] 56940K->37239K(69120K), 0.0006600 secs] [Times: user=0.00 sys=0.00, real=0.00 secs] 
269.520: Total time for which application threads were stopped: 0.0007940 seconds, Stopping threads took: 0.0000740 seconds
269.562: Application time: 0.0424170 seconds
269.562: [GC [PSYoungGen: 19922K->2512K(21504K)] 55769K->38367K(69120K), 0.0009850 secs] [Times: user=0.00 sys=0.00, real=0.00 secs] 
269.563: Total time for which application threads were stopped: 0.0011230 seconds, Stopping threads took: 0.0000690 seconds
269.609: Application time: 0.0454600 seconds
269.609: [GC [PSYoungGen: 21131K->1360K(21504K)] 56986K->37215K(69120K), 0.0006400 secs] [Times: user=0.00 sys=0.00, real=0.00 secs] 
269.610: Total time for which application threads were stopped: 0.0007730 seconds, Stopping threads took: 0.0000720 seconds
269.653: Application time: 0.0435690 seconds
269.653: [GC [PSYoungGen: 19888K->2480K(21504K)] 55743K->38343K(69120K), 0.0009790 secs] [Times: user=0.00 sys=0.00, real=0.00 secs] 
269.654: Total time for which application threads were stopped: 0.0011200 seconds, Stopping threads took: 0.0000710 seconds
269.699: Application time: 0.0447940 seconds
269.699: [GC [PSYoungGen: 21019K->1920K(21504K)] 56882K->37783K(69120K), 0.0007480 secs] [Times: user=0.00 sys=0.00, real=0.00 secs] 
269.700: Total time for which application threads were stopped: 0.0008800 seconds, Stopping threads took: 0.0000640 seconds
269.743: Application time: 0.0434940 seconds
269.744: [GC [PSYoungGen: 20452K->2464K(21504K)] 56316K->38327K(69120K), 0.0009910 secs] [Times: user=0.01 sys=0.00, real=0.01 secs] 
269.745: Total time for which application threads were stopped: 0.0011410 seconds, Stopping threads took: 0.0000770 seconds
269.789: Application time: 0.0443530 seconds
269.789: [GC [PSYoungGen: 21079K->2496K(21504K)] 56942K->38359K(69120K), 0.0009890 secs] [Times: user=0.01 sys=0.00, real=0.00 secs] 
269.790: Total time for which application threads were stopped: 0.0012020 seconds, Stopping threads took: 0.0001350 seconds
269.835: Application time: 0.0444060 seconds
269.835: [GC [PSYoungGen: 21037K->1920K(21504K)] 56900K->37791K(69120K), 0.0008310 secs] [Times: user=0.01 sys=0.00, real=0.00 secs] 
269.836: Total time for which application threads were stopped: 0.0009760 seconds, Stopping threads took: 0.0000820 seconds
269.878: Application time: 0.0427490 seconds
269.878: [GC [PSYoungGen: 20448K->2512K(21504K)] 56319K->38895K(69120K), 0.0011150 secs] [Times: user=0.01 sys=0.00, real=0.00 secs] 
269.880: Total time for which application threads were stopped: 0.0012690 seconds, Stopping threads took: 0.0000710 seconds
269.925: Application time: 0.0451950 seconds
269.925: [GC [PSYoungGen: 21133K->1984K(21504K)] 57516K->38375K(69120K), 0.0009260 secs] [Times: user=0.00 sys=0.00, real=0.00 secs] 
269.926: Total time for which application threads were stopped: 0.0010730 seconds, Stopping threads took: 0.0000720 seconds
269.969: Application time: 0.0433010 seconds
269.969: [GC [PSYoungGen: 20512K->2496K(21504K)] 56903K->39399K(69120K), 0.0011810 secs] [Times: user=0.01 sys=0.00, real=0.00 secs] 
269.970: Total time for which application threads were stopped: 0.0013180 seconds, Stopping threads took: 0.0000620 seconds
270.016: Application time: 0.0453010 seconds
270.016: [GC [PSYoungGen: 21039K->1952K(21504K)] 57942K->38855K(69120K), 0.0008460 secs] [Times: user=0.00 sys=0.00, real=0.01 secs] 
270.017: Total time for which application threads were stopped: 0.0009940 seconds, Stopping threads took: 0.0000740 seconds
270.059: Application time: 0.0424620 seconds
270.059: [GC [PSYoungGen: 20635K->2528K(21504K)] 57538K->40455K(69120K), 0.0013210 secs] [Times: user=0.00 sys=0.00, real=0.00 secs] 
270.061: Total time for which application threads were stopped: 0.0014620 seconds, Stopping threads took: 0.0000670 seconds
270.108: Application time: 0.0472660 seconds
270.108: [GC [PSYoungGen: 21232K->1392K(21504K)] 59159K->39327K(69120K), 0.0007140 secs] [Times: user=0.00 sys=0.00, real=0.00 secs] 
270.109: Total time for which application threads were stopped: 0.0008760 seconds, Stopping threads took: 0.0000890 seconds
270.150: Application time: 0.0410490 seconds
270.150: [GC [PSYoungGen: 19914K->2464K(21504K)] 57849K->40919K(69120K), 0.0012260 secs] [Times: user=0.01 sys=0.00, real=0.00 secs] 
270.151: Total time for which application threads were stopped: 0.0013760 seconds, Stopping threads took: 0.0000770 seconds
270.198: Application time: 0.0470320 seconds
270.198: [GC [PSYoungGen: 21089K->880K(21504K)] 59544K->39343K(69120K), 0.0005330 secs] [Times: user=0.00 sys=0.00, real=0.00 secs] 
270.199: Total time for which application threads were stopped: 0.0006590 seconds, Stopping threads took: 0.0000680 seconds
270.240: Application time: 0.0408220 seconds
270.240: [GC [PSYoungGen: 19400K->2496K(21504K)] 57863K->41471K(69120K), 0.0011110 secs] [Times: user=0.01 sys=0.00, real=0.00 secs] 
270.241: Total time for which application threads were stopped: 0.0012630 seconds, Stopping threads took: 0.0000790 seconds
270.288: Application time: 0.0469490 seconds
270.288: [GC [PSYoungGen: 21121K->864K(21504K)] 60096K->39847K(69120K), 0.0005340 secs] [Times: user=0.01 sys=0.00, real=0.00 secs] 
270.289: Total time for which application threads were stopped: 0.0006760 seconds, Stopping threads took: 0.0000770 seconds
270.330: Application time: 0.0412010 seconds
270.330: [GC [PSYoungGen: 19382K->2464K(21504K)] 58365K->41959K(69120K), 0.0012210 secs] [Times: user=0.00 sys=0.00, real=0.00 secs] 
270.331: Total time for which application threads were stopped: 0.0013780 seconds, Stopping threads took: 0.0000740 seconds
270.378: Application time: 0.0465950 seconds
270.378: [GC [PSYoungGen: 21009K->1424K(21504K)] 60504K->40919K(69120K), 0.0006630 secs] [Times: user=0.01 sys=0.00, real=0.00 secs] 
270.379: Total time for which application threads were stopped: 0.0008000 seconds, Stopping threads took: 0.0000740 seconds
270.420: Application time: 0.0411620 seconds
270.420: [GC [PSYoungGen: 20026K->2528K(21504K)] 59522K->42535K(69120K), 0.0011070 secs] [Times: user=0.01 sys=0.00, real=0.00 secs] 
270.421: Total time for which application threads were stopped: 0.0012880 seconds, Stopping threads took: 0.0001110 seconds
270.468: Application time: 0.0469300 seconds
270.468: [GC [PSYoungGen: 21069K->1376K(21504K)] 61076K->41391K(69120K), 0.0006810 secs] [Times: user=0.00 sys=0.00, real=0.00 secs] 
270.469: Total time for which application threads were stopped: 0.0008310 seconds, Stopping threads took: 0.0000830 seconds
270.510: Application time: 0.0413850 seconds
270.510: [GC [PSYoungGen: 19900K->2448K(21504K)] 59915K->43487K(69120K), 0.0013330 secs] [Times: user=0.01 sys=0.00, real=0.00 secs] 
270.512: Total time for which application threads were stopped: 0.0015020 seconds, Stopping threads took: 0.0000910 seconds
270.559: Application time: 0.0473180 seconds
270.559: [GC [PSYoungGen: 21073K->1424K(21504K)] 62113K->42463K(69120K), 0.0006740 secs] [Times: user=0.00 sys=0.00, real=0.00 secs] 
270.560: Total time for which application threads were stopped: 0.0008670 seconds, Stopping threads took: 0.0001240 seconds
270.600: Application time: 0.0405240 seconds
270.601: [GC [PSYoungGen: 19944K->2496K(21504K)] 60983K->44567K(69120K), 0.0013640 secs] [Times: user=0.01 sys=0.00, real=0.00 secs] 
270.602: Total time for which application threads were stopped: 0.0015200 seconds, Stopping threads took: 0.0000800 seconds
270.649: Application time: 0.0474700 seconds
270.650: [GC [PSYoungGen: 21043K->1440K(21504K)] 63114K->43511K(69120K), 0.0006920 secs] [Times: user=0.00 sys=0.00, real=0.00 secs] 
270.650: Total time for which application threads were stopped: 0.0009020 seconds, Stopping threads took: 0.0001380 seconds
270.693: Application time: 0.0425460 seconds
270.694: [GC [PSYoungGen: 19968K->2464K(21504K)] 62040K->44535K(69120K), 0.0012800 secs] [Times: user=0.01 sys=0.00, real=0.00 secs] 
270.695: Total time for which application threads were stopped: 0.0025360 seconds, Stopping threads took: 0.0011590 seconds
270.741: Application time: 0.0460610 seconds
270.742: [GC [PSYoungGen: 21318K->1936K(21504K)] 63389K->44015K(69120K), 0.0008200 secs] [Times: user=0.01 sys=0.00, real=0.00 secs] 
270.743: Total time for which application threads were stopped: 0.0010600 seconds, Stopping threads took: 0.0001690 seconds
270.787: Application time: 0.0443730 seconds
270.787: [GC [PSYoungGen: 20472K->1936K(21504K)] 62552K->44023K(69120K), 0.0008980 secs] [Times: user=0.01 sys=0.00, real=0.00 secs] 
270.788: Total time for which application threads were stopped: 0.0010290 seconds, Stopping threads took: 0.0000640 seconds
270.833: Application time: 0.0445510 seconds
270.833: [GC [PSYoungGen: 20551K->1936K(21504K)] 62638K->44023K(69120K), 0.0008830 secs] [Times: user=0.01 sys=0.00, real=0.00 secs] 
270.834: Total time for which application threads were stopped: 0.0010270 seconds, Stopping threads took: 0.0000610 seconds
270.876: Application time: 0.0422590 seconds
270.876: [GC [PSYoungGen: 20468K->2448K(21504K)] 62556K->44543K(69120K), 0.0010580 secs] [Times: user=0.00 sys=0.01, real=0.01 secs] 
270.877: Total time for which application threads were stopped: 0.0012070 seconds, Stopping threads took: 0.0000770 seconds
270.921: Application time: 0.0444710 seconds
270.922: [GC [PSYoungGen: 21065K->2464K(21504K)] 63160K->44559K(69120K), 0.0009590 secs] [Times: user=0.01 sys=0.00, real=0.00 secs] 
270.923: Total time for which application threads were stopped: 0.0011010 seconds, Stopping threads took: 0.0000720 seconds
270.968: Application time: 0.0455120 seconds
270.972: [GC [PSYoungGen: 21007K->1392K(21504K)] 63102K->43495K(69120K), 0.0007220 secs] [Times: user=0.01 sys=0.00, real=0.00 secs] 
270.973: Total time for which application threads were stopped: 0.0047940 seconds, Stopping threads took: 0.0040010 seconds
271.015: Application time: 0.0423960 seconds
271.015: [GC [PSYoungGen: 19918K->2496K(21504K)] 62022K->44599K(69120K), 0.0010010 secs] [Times: user=0.01 sys=0.00, real=0.01 secs] 
271.016: Total time for which application threads were stopped: 0.0011530 seconds, Stopping threads took: 0.0000780 seconds
271.062: Application time: 0.0454160 seconds
271.062: [GC [PSYoungGen: 21115K->1952K(21504K)] 63218K->44055K(69120K), 0.0008410 secs] [Times: user=0.00 sys=0.00, real=0.00 secs] 
271.063: Total time for which application threads were stopped: 0.0009790 seconds, Stopping threads took: 0.0000680 seconds
271.107: Application time: 0.0441820 seconds
271.108: [GC [PSYoungGen: 20488K->1952K(21504K)] 62592K->44063K(69120K), 0.0009370 secs] [Times: user=0.00 sys=0.00, real=0.00 secs] 
271.109: Total time for which application threads were stopped: 0.0020760 seconds, Stopping threads took: 0.0010630 seconds
271.154: Application time: 0.0451700 seconds
271.154: [GC [PSYoungGen: 20495K->848K(21504K)] 62606K->42959K(69120K), 0.0005520 secs] [Times: user=0.01 sys=0.00, real=0.00 secs] 
271.155: Total time for which application threads were stopped: 0.0006950 seconds, Stopping threads took: 0.0000750 seconds
271.198: Application time: 0.0431200 seconds
271.198: [GC [PSYoungGen: 19450K->2480K(21504K)] 61562K->44591K(69120K), 0.0009860 secs] [Times: user=0.01 sys=0.00, real=0.00 secs] 
271.199: Total time for which application threads were stopped: 0.0011330 seconds, Stopping threads took: 0.0000730 seconds
271.245: Application time: 0.0453270 seconds
271.245: [GC [PSYoungGen: 21025K->864K(21504K)] 63136K->42983K(69120K), 0.0006750 secs] [Times: user=0.00 sys=0.00, real=0.00 secs] 
271.245: Total time for which application threads were stopped: 0.0008050 seconds, Stopping threads took: 0.0000630 seconds
271.287: Application time: 0.0413060 seconds
271.287: [GC [PSYoungGen: 19384K->2512K(21504K)] 61503K->45143K(69120K), 0.0011590 secs] [Times: user=0.01 sys=0.00, real=0.00 secs] 
271.288: Total time for which application threads were stopped: 0.0013060 seconds, Stopping threads took: 0.0000730 seconds
271.334: Application time: 0.0464340 seconds
271.335: [GC [PSYoungGen: 21057K->1424K(21504K)] 63688K->44055K(69120K), 0.0006800 secs] [Times: user=0.00 sys=0.00, real=0.00 secs] 
271.335: Total time for which application threads were stopped: 0.0008260 seconds, Stopping threads took: 0.0000670 seconds
271.377: Application time: 0.0421740 seconds
271.378: [GC [PSYoungGen: 20267K->2512K(21504K)] 62899K->45655K(69120K), 0.0011290 secs] [Times: user=0.01 sys=0.00, real=0.00 secs] 
271.379: Total time for which application threads were stopped: 0.0012810 seconds, Stopping threads took: 0.0000760 seconds
271.424: Application time: 0.0457420 seconds
271.425: [GC [PSYoungGen: 21057K->1408K(21504K)] 64200K->44559K(69120K), 0.0006990 secs] [Times: user=0.01 sys=0.00, real=0.00 secs] 
271.425: Total time for which application threads were stopped: 0.0008690 seconds, Stopping threads took: 0.0001010 seconds
271.468: Application time: 0.0426710 seconds
271.468: [GC [PSYoungGen: 19936K->2496K(21504K)] 63088K->45647K(69120K), 0.0010020 secs] [Times: user=0.00 sys=0.00, real=0.00 secs] 
271.469: Total time for which application threads were stopped: 0.0011630 seconds, Stopping threads took: 0.0000880 seconds
271.513: Application time: 0.0435840 seconds
271.513: [GC [PSYoungGen: 21111K->2480K(21504K)] 64262K->45639K(69120K), 0.0009690 secs] [Times: user=0.01 sys=0.00, real=0.00 secs] 
271.514: Total time for which application threads were stopped: 0.0011140 seconds, Stopping threads took: 0.0000740 seconds
271.558: Application time: 0.0442890 seconds
271.558: [GC [PSYoungGen: 21099K->1936K(21504K)] 64258K->45095K(69120K), 0.0008680 secs] [Times: user=0.01 sys=0.00, real=0.00 secs] 
271.559: Total time for which application threads were stopped: 0.0010100 seconds, Stopping threads took: 0.0000700 seconds
271.602: Application time: 0.0426760 seconds
271.602: [GC [PSYoungGen: 20468K->2464K(21504K)] 63628K->45631K(69120K), 0.0009580 secs] [Times: user=0.00 sys=0.00, real=0.00 secs] 
271.603: Total time for which application threads were stopped: 0.0011060 seconds, Stopping threads took: 0.0000810 seconds
271.648: Application time: 0.0450240 seconds
271.648: [GC [PSYoungGen: 21005K->1936K(21504K)] 64172K->45103K(69120K), 0.0008430 secs] [Times: user=0.01 sys=0.00, real=0.00 secs] 
271.649: Total time for which application threads were stopped: 0.0009900 seconds, Stopping threads took: 0.0000770 seconds
271.693: Application time: 0.0441100 seconds
271.694: [GC [PSYoungGen: 20551K->1824K(21504K)] 63718K->44991K(69120K), 0.0012240 secs] [Times: user=0.00 sys=0.00, real=0.00 secs] 
271.695: Total time for which application threads were stopped: 0.0021220 seconds, Stopping threads took: 0.0008200 seconds
271.739: Application time: 0.0438200 seconds
271.739: [GC [PSYoungGen: 20356K->2448K(21504K)] 63524K->45623K(69120K), 0.0010240 secs] [Times: user=0.01 sys=0.00, real=0.00 secs] 
271.740: Total time for which application threads were stopped: 0.0011690 seconds, Stopping threads took: 0.0000690 seconds
271.786: Application time: 0.0456420 seconds
271.786: [GC [PSYoungGen: 20980K->2528K(21504K)] 64156K->46215K(69120K), 0.0011780 secs] [Times: user=0.01 sys=0.00, real=0.00 secs] 
271.787: Total time for which application threads were stopped: 0.0013500 seconds, Stopping threads took: 0.0000940 seconds
271.832: Application time: 0.0446620 seconds
271.832: [GC [PSYoungGen: 21149K->1920K(21504K)] 64836K->45607K(69120K), 0.0008290 secs] [Times: user=0.00 sys=0.01, real=0.00 secs] 
271.833: Total time for which application threads were stopped: 0.0009840 seconds, Stopping threads took: 0.0000850 seconds
271.876: Application time: 0.0436510 seconds
271.877: [GC [PSYoungGen: 20452K->2496K(21504K)] 64140K->46191K(69120K), 0.0010100 secs] [Times: user=0.00 sys=0.00, real=0.00 secs] 
271.878: Total time for which application threads were stopped: 0.0011820 seconds, Stopping threads took: 0.0000920 seconds
271.922: Application time: 0.0442220 seconds
271.922: [GC [PSYoungGen: 21032K->2464K(21504K)] 64728K->46159K(69120K), 0.0010080 secs] [Times: user=0.00 sys=0.00, real=0.00 secs] 
271.923: Total time for which application threads were stopped: 0.0011600 seconds, Stopping threads took: 0.0000760 seconds
271.967: Application time: 0.0435920 seconds
271.967: [GC [PSYoungGen: 21001K->2496K(21504K)] 64696K->46191K(69120K), 0.0010220 secs] [Times: user=0.01 sys=0.00, real=0.00 secs] 
271.968: Total time for which application threads were stopped: 0.0011590 seconds, Stopping threads took: 0.0000640 seconds
272.013: Application time: 0.0448910 seconds
272.013: [GC [PSYoungGen: 21349K->1424K(21504K)] 65045K->45119K(69120K), 0.0006650 secs] [Times: user=0.00 sys=0.00, real=0.00 secs] 
272.013: Total time for which application threads were stopped: 0.0007870 seconds, Stopping threads took: 0.0000550 seconds
272.056: Application time: 0.0422100 seconds
272.056: [GC [PSYoungGen: 19946K->2496K(21504K)] 63641K->46711K(69120K), 0.0011780 secs] [Times: user=0.01 sys=0.00, real=0.01 secs] 
272.057: Total time for which application threads were stopped: 0.0013320 seconds, Stopping threads took: 0.0000770 seconds
272.101: Application time: 0.0444240 seconds
272.102: [GC [PSYoungGen: 21041K->1392K(21504K)] 65256K->45607K(69120K), 0.0006720 secs] [Times: user=0.01 sys=0.00, real=0.00 secs] 
272.102: Total time for which application threads were stopped: 0.0008080 seconds, Stopping threads took: 0.0000780 seconds
272.147: Application time: 0.0446420 seconds
272.147: [GC [PSYoungGen: 19998K->1920K(21504K)] 64214K->46135K(69120K), 0.0008290 secs] [Times: user=0.01 sys=0.00, real=0.00 secs] 
272.148: Total time for which application threads were stopped: 0.0010310 seconds, Stopping threads took: 0.0001320 seconds
272.193: Application time: 0.0446720 seconds
272.193: [GC [PSYoungGen: 20537K->1456K(21504K)] 64752K->45679K(69120K), 0.0007040 secs] [Times: user=0.00 sys=0.00, real=0.00 secs] 
272.194: Total time for which application threads were stopped: 0.0009010 seconds, Stopping threads took: 0.0001290 seconds
272.237: Application time: 0.0436480 seconds
272.237: [GC [PSYoungGen: 19980K->2448K(21504K)] 64203K->47191K(69120K), 0.0011380 secs] [Times: user=0.01 sys=0.00, real=0.00 secs] 
272.238: Total time for which application threads were stopped: 0.0012880 seconds, Stopping threads took: 0.0000770 seconds
272.285: Application time: 0.0461110 seconds
272.285: [GC [PSYoungGen: 20995K->880K(21504K)] 65738K->45623K(69120K), 0.0006130 secs] [Times: user=0.01 sys=0.00, real=0.00 secs] 
272.285: Total time for which application threads were stopped: 0.0007390 seconds, Stopping threads took: 0.0000600 seconds
272.329: Application time: 0.0433950 seconds
272.329: [GC [PSYoungGen: 19480K->2432K(21504K)] 64224K->47175K(69120K), 0.0010050 secs] [Times: user=0.01 sys=0.00, real=0.00 secs] 
272.330: Total time for which application threads were stopped: 0.0011380 seconds, Stopping threads took: 0.0000520 seconds
272.378: Application time: 0.0484210 seconds
272.378: [GC [PSYoungGen: 20975K->1392K(21504K)] 65718K->46143K(69120K), 0.0006880 secs] [Times: user=0.00 sys=0.00, real=0.00 secs] 
272.379: Total time for which application threads were stopped: 0.0008350 seconds, Stopping threads took: 0.0000720 seconds
272.426: Application time: 0.0471840 seconds
272.426: [GC [PSYoungGen: 19920K->2464K(21504K)] 64672K->47215K(69120K), 0.0009710 secs] [Times: user=0.00 sys=0.00, real=0.00 secs] 
272.427: Total time for which application threads were stopped: 0.0011090 seconds, Stopping threads took: 0.0000690 seconds
272.476: Application time: 0.0483360 seconds
272.476: [GC [PSYoungGen: 21007K->1408K(21504K)] 65758K->46159K(69120K), 0.0007290 secs] [Times: user=0.00 sys=0.00, real=0.01 secs] 
272.477: Total time for which application threads were stopped: 0.0008780 seconds, Stopping threads took: 0.0000790 seconds
272.524: Application time: 0.0476040 seconds
272.524: [GC [PSYoungGen: 20017K->2480K(21504K)] 64768K->47239K(69120K), 0.0010040 secs] [Times: user=0.01 sys=0.00, real=0.00 secs] 
272.525: Total time for which application threads were stopped: 0.0011480 seconds, Stopping threads took: 0.0000730 seconds
272.574: Application time: 0.0482980 seconds
272.574: [GC [PSYoungGen: 21023K->1408K(21504K)] 65782K->46167K(69120K), 0.0007690 secs] [Times: user=0.00 sys=0.00, real=0.00 secs] 
272.575: Total time for which application threads were stopped: 0.0009290 seconds, Stopping threads took: 0.0000890 seconds
272.621: Application time: 0.0465240 seconds
272.621: [GC [PSYoungGen: 19934K->2496K(21504K)] 64694K->47255K(69120K), 0.0009950 secs] [Times: user=0.01 sys=0.00, real=0.00 secs] 
272.622: Total time for which application threads were stopped: 0.0011440 seconds, Stopping threads took: 0.0000770 seconds
272.672: Application time: 0.0494370 seconds
272.672: [GC [PSYoungGen: 21273K->1424K(21504K)] 66033K->46183K(69120K), 0.0007250 secs] [Times: user=0.00 sys=0.00, real=0.00 secs] 
272.673: Total time for which application threads were stopped: 0.0008700 seconds, Stopping threads took: 0.0000760 seconds
272.720: Application time: 0.0470160 seconds
272.720: [GC [PSYoungGen: 20030K->2496K(21504K)] 64790K->47775K(69120K), 0.0011640 secs] [Times: user=0.01 sys=0.00, real=0.00 secs] 
272.721: Total time for which application threads were stopped: 0.0013270 seconds, Stopping threads took: 0.0000800 seconds
272.769: Application time: 0.0481620 seconds
272.769: [GC [PSYoungGen: 21041K->1424K(21504K)] 66320K->46703K(69120K), 0.0006950 secs] [Times: user=0.00 sys=0.00, real=0.00 secs] 
272.770: Total time for which application threads were stopped: 0.0008320 seconds, Stopping threads took: 0.0000710 seconds
272.817: Application time: 0.0473770 seconds
272.817: [GC [PSYoungGen: 19946K->2480K(21504K)] 65225K->47759K(69120K), 0.0010320 secs] [Times: user=0.00 sys=0.00, real=0.00 secs] 
272.819: Total time for which application threads were stopped: 0.0012000 seconds, Stopping threads took: 0.0000920 seconds
272.867: Application time: 0.0487420 seconds
272.867: [GC [PSYoungGen: 21181K->1408K(21504K)] 66461K->46695K(69120K), 0.0007030 secs] [Times: user=0.01 sys=0.00, real=0.00 secs] 
272.868: Total time for which application threads were stopped: 0.0008330 seconds, Stopping threads took: 0.0000630 seconds
272.915: Application time: 0.0467790 seconds
272.915: [GC [PSYoungGen: 19932K->2464K(21504K)] 65220K->48271K(69120K), 0.0011760 secs] [Times: user=0.01 sys=0.00, real=0.01 secs] 
272.916: Total time for which application threads were stopped: 0.0013300 seconds, Stopping threads took: 0.0000710 seconds
272.966: Application time: 0.0498220 seconds
272.966: [GC [PSYoungGen: 21007K->1936K(21504K)] 66814K->47743K(69120K), 0.0008540 secs] [Times: user=0.00 sys=0.00, real=0.00 secs] 
272.967: Total time for which application threads were stopped: 0.0009860 seconds, Stopping threads took: 0.0000600 seconds
273.012: Application time: 0.0453760 seconds
273.013: [GC [PSYoungGen: 20546K->2480K(21504K)] 66354K->48287K(69120K), 0.0009830 secs] [Times: user=0.01 sys=0.00, real=0.00 secs] 
273.014: Total time for which application threads were stopped: 0.0011290 seconds, Stopping threads took: 0.0000690 seconds
273.063: Application time: 0.0495810 seconds
273.063: [GC [PSYoungGen: 21021K->1984K(21504K)] 66828K->47799K(69120K), 0.0008420 secs] [Times: user=0.00 sys=0.00, real=0.01 secs] 
273.064: Total time for which application threads were stopped: 0.0010050 seconds, Stopping threads took: 0.0000950 seconds
273.111: Application time: 0.0472390 seconds
273.111: [GC [PSYoungGen: 20514K->2480K(21504K)] 66330K->48295K(69120K), 0.0009830 secs] [Times: user=0.00 sys=0.00, real=0.00 secs] 
273.112: Total time for which application threads were stopped: 0.0011280 seconds, Stopping threads took: 0.0000730 seconds
273.161: Application time: 0.0482670 seconds
273.161: [GC [PSYoungGen: 21016K->2480K(21504K)] 66832K->48295K(69120K), 0.0009850 secs] [Times: user=0.01 sys=0.00, real=0.00 secs] 
273.162: Total time for which application threads were stopped: 0.0011230 seconds, Stopping threads took: 0.0000680 seconds
273.210: Application time: 0.0480360 seconds
273.210: [GC [PSYoungGen: 21097K->1952K(21504K)] 66912K->47767K(69120K), 0.0008690 secs] [Times: user=0.00 sys=0.00, real=0.00 secs] 
273.211: Total time for which application threads were stopped: 0.0010340 seconds, Stopping threads took: 0.0000930 seconds
273.259: Application time: 0.0485310 seconds
273.260: [GC [PSYoungGen: 20497K->864K(21504K)] 66312K->46687K(69120K), 0.0005810 secs] [Times: user=0.00 sys=0.00, real=0.00 secs] 
273.260: Total time for which application threads were stopped: 0.0007800 seconds, Stopping threads took: 0.0001340 seconds
273.307: Application time: 0.0465260 seconds
273.307: [GC [PSYoungGen: 19388K->2448K(21504K)] 65211K->48271K(69120K), 0.0010590 secs] [Times: user=0.01 sys=0.00, real=0.00 secs] 
273.308: Total time for which application threads were stopped: 0.0012140 seconds, Stopping threads took: 0.0000770 seconds
273.357: Application time: 0.0491420 seconds
273.357: [GC [PSYoungGen: 21147K->1424K(21504K)] 66971K->47247K(69120K), 0.0006960 secs] [Times: user=0.00 sys=0.00, real=0.00 secs] 
273.358: Total time for which application threads were stopped: 0.0008470 seconds, Stopping threads took: 0.0000800 seconds
273.404: Application time: 0.0461300 seconds
273.404: [GC [PSYoungGen: 20111K->2480K(21504K)] 65934K->48311K(69120K), 0.0009810 secs] [Times: user=0.01 sys=0.00, real=0.00 secs] 
273.405: Total time for which application threads were stopped: 0.0011290 seconds, Stopping threads took: 0.0000710 seconds
273.454: Application time: 0.0490650 seconds
273.454: [GC [PSYoungGen: 21019K->1936K(21504K)] 66850K->47775K(69120K), 0.0008220 secs] [Times: user=0.00 sys=0.00, real=0.00 secs] 
273.455: Total time for which application threads were stopped: 0.0009790 seconds, Stopping threads took: 0.0000760 seconds
273.501: Application time: 0.0461380 seconds
273.502: [GC [PSYoungGen: 20464K->2480K(21504K)] 66304K->48831K(69120K), 0.0011810 secs] [Times: user=0.01 sys=0.00, real=0.00 secs] 
273.503: Total time for which application threads were stopped: 0.0013450 seconds, Stopping threads took: 0.0000870 seconds
273.552: Application time: 0.0487230 seconds
273.552: [GC [PSYoungGen: 21101K->1952K(21504K)] 67452K->48303K(69120K), 0.0008750 secs] [Times: user=0.01 sys=0.00, real=0.00 secs] 
273.553: Total time for which application threads were stopped: 0.0010130 seconds, Stopping threads took: 0.0000680 seconds
273.600: Application time: 0.0474320 seconds
273.600: [GC [PSYoungGen: 20565K->2480K(21504K)] 66916K->48839K(69120K), 0.0010300 secs] [Times: user=0.00 sys=0.00, real=0.00 secs] 
273.601: Total time for which application threads were stopped: 0.0013280 seconds, Stopping threads took: 0.0002290 seconds
273.651: Application time: 0.0498790 seconds
273.651: [GC [PSYoungGen: 21023K->1440K(21504K)] 67382K->47799K(69120K), 0.0007180 secs] [Times: user=0.00 sys=0.00, real=0.00 secs] 
273.652: Total time for which application threads were stopped: 0.0008880 seconds, Stopping threads took: 0.0000910 seconds
273.698: Application time: 0.0460720 seconds
273.698: [GC [PSYoungGen: 19964K->2432K(21504K)] 66324K->49303K(69120K), 0.0012020 secs] [Times: user=0.00 sys=0.00, real=0.00 secs] 
273.699: Total time for which application threads were stopped: 0.0013380 seconds, Stopping threads took: 0.0000630 seconds
273.748: Application time: 0.0484250 seconds
273.748: [GC [PSYoungGen: 21055K->1392K(21504K)] 67927K->48271K(69120K), 0.0007070 secs] [Times: user=0.00 sys=0.00, real=0.00 secs] 
273.749: Total time for which application threads were stopped: 0.0008490 seconds, Stopping threads took: 0.0000700 seconds
273.796: Application time: 0.0469550 seconds
273.796: [GC [PSYoungGen: 19924K->1936K(21504K)] 66804K->48815K(69120K), 0.0008530 secs] [Times: user=0.01 sys=0.00, real=0.01 secs] 
273.797: Total time for which application threads were stopped: 0.0011040 seconds, Stopping threads took: 0.0001820 seconds
273.845: Application time: 0.0479770 seconds
273.845: [GC [PSYoungGen: 20470K->1952K(21504K)] 67350K->48831K(69120K), 0.0008820 secs] [Times: user=0.01 sys=0.00, real=0.00 secs] 
273.846: Total time for which application threads were stopped: 0.0010300 seconds, Stopping threads took: 0.0000750 seconds
273.893: Application time: 0.0472370 seconds
273.893: [GC [PSYoungGen: 20561K->2528K(21504K)] 67440K->49919K(69120K), 0.0011820 secs] [Times: user=0.00 sys=0.00, real=0.00 secs] 
273.894: [Full GC [PSYoungGen: 2528K->0K(21504K)] [ParOldGen: 47391K->9506K(47616K)] 49919K->9506K(69120K) [PSPermGen: 5181K->5181K(21504K)], 0.0047920 secs] [Times: user=0.02 sys=0.00, real=0.01 secs] 
273.899: Total time for which application threads were stopped: 0.0062010 seconds, Stopping threads took: 0.0000960 seconds
273.948: Application time: 0.0488390 seconds
273.948: [GC [PSYoungGen: 18543K->1792K(21504K)] 28050K->11298K(69120K), 0.0007260 secs] [Times: user=0.01 sys=0.00, real=0.00 secs] 
273.949: Total time for which application threads were stopped: 0.0009740 seconds, Stopping threads took: 0.0001790 seconds
273.997: Application time: 0.0479770 seconds
273.997: [GC [PSYoungGen: 20328K->1792K(21504K)] 29835K->11298K(69120K), 0.0007130 secs] [Times: user=0.00 sys=0.00, real=0.00 secs] 
273.998: Total time for which application threads were stopped: 0.0010190 seconds, Stopping threads took: 0.0002330 seconds
274.046: Application time: 0.0475850 seconds
274.046: [GC [PSYoungGen: 20481K->2304K(21504K)] 29988K->11810K(69120K), 0.0008940 secs] [Times: user=0.00 sys=0.00, real=0.00 secs] 
274.047: Total time for which application threads were stopped: 0.0010540 seconds, Stopping threads took: 0.0000850 seconds
274.095: Application time: 0.0479370 seconds
274.095: [GC [PSYoungGen: 20997K->2400K(21504K)] 30504K->11906K(69120K), 0.0009720 secs] [Times: user=0.01 sys=0.00, real=0.00 secs] 
274.096: Total time for which application threads were stopped: 0.0011060 seconds, Stopping threads took: 0.0000650 seconds
274.144: Application time: 0.0485630 seconds
274.144: [GC [PSYoungGen: 20941K->1840K(21504K)] 30447K->11347K(69120K), 0.0007940 secs] [Times: user=0.00 sys=0.00, real=0.00 secs] 
274.145: Total time for which application threads were stopped: 0.0009430 seconds, Stopping threads took: 0.0000820 seconds
274.192: Application time: 0.0470580 seconds
274.192: [GC [PSYoungGen: 20368K->2368K(21504K)] 29875K->12387K(69120K), 0.0010640 secs] [Times: user=0.01 sys=0.00, real=0.00 secs] 
274.194: Total time for which application threads were stopped: 0.0012100 seconds, Stopping threads took: 0.0000700 seconds
274.245: Application time: 0.0510210 seconds
274.245: [GC [PSYoungGen: 20911K->1296K(21504K)] 30930K->11314K(69120K), 0.0006010 secs] [Times: user=0.01 sys=0.00, real=0.00 secs] 
274.245: Total time for which application threads were stopped: 0.0007520 seconds, Stopping threads took: 0.0000860 seconds
274.291: Application time: 0.0453850 seconds
274.291: [GC [PSYoungGen: 19983K->2416K(21504K)] 30002K->12435K(69120K), 0.0009350 secs] [Times: user=0.01 sys=0.00, real=0.00 secs] 
274.292: Total time for which application threads were stopped: 0.0017170 seconds, Stopping threads took: 0.0000880 seconds
274.342: Application time: 0.0496610 seconds
274.342: [GC [PSYoungGen: 20953K->2400K(21504K)] 30971K->12419K(69120K), 0.0009540 secs] [Times: user=0.00 sys=0.00, real=0.00 secs] 
274.343: Total time for which application threads were stopped: 0.0011560 seconds, Stopping threads took: 0.0001250 seconds
274.391: Application time: 0.0480020 seconds
274.391: [GC [PSYoungGen: 20941K->1888K(21504K)] 30959K->11907K(69120K), 0.0008040 secs] [Times: user=0.00 sys=0.00, real=0.00 secs] 
274.392: Total time for which application threads were stopped: 0.0009810 seconds, Stopping threads took: 0.0001060 seconds
274.439: Application time: 0.0470590 seconds
274.439: [GC [PSYoungGen: 20494K->2480K(21504K)] 30513K->13011K(69120K), 0.0010850 secs] [Times: user=0.01 sys=0.00, real=0.00 secs] 
274.441: Total time for which application threads were stopped: 0.0012330 seconds, Stopping threads took: 0.0000730 seconds
274.490: Application time: 0.0496510 seconds
274.490: [GC [PSYoungGen: 21025K->1376K(21504K)] 31556K->11907K(69120K), 0.0006260 secs] [Times: user=0.00 sys=0.00, real=0.00 secs] 
274.491: Total time for which application threads were stopped: 0.0007530 seconds, Stopping threads took: 0.0000630 seconds
274.537: Application time: 0.0461220 seconds
274.537: [GC [PSYoungGen: 19900K->2448K(21504K)] 30431K->13491K(69120K), 0.0011360 secs] [Times: user=0.01 sys=0.00, real=0.00 secs] 
274.538: Total time for which application threads were stopped: 0.0012970 seconds, Stopping threads took: 0.0000770 seconds
274.587: Application time: 0.0483760 seconds
274.587: [GC [PSYoungGen: 21069K->1904K(21504K)] 32112K->12947K(69120K), 0.0007880 secs] [Times: user=0.01 sys=0.00, real=0.00 secs] 
274.588: Total time for which application threads were stopped: 0.0009430 seconds, Stopping threads took: 0.0000900 seconds
274.636: Application time: 0.0479110 seconds
274.636: [GC [PSYoungGen: 20440K->1920K(21504K)] 31483K->12963K(69120K), 0.0008160 secs] [Times: user=0.00 sys=0.01, real=0.01 secs] 
274.637: Total time for which application threads were stopped: 0.0009560 seconds, Stopping threads took: 0.0000670 seconds
274.684: Application time: 0.0474810 seconds
274.684: [GC [PSYoungGen: 20452K->2496K(21504K)] 31495K->13539K(69120K), 0.0009740 secs] [Times: user=0.00 sys=0.00, real=0.00 secs] 
274.685: Total time for which application threads were stopped: 0.0011100 seconds, Stopping threads took: 0.0000660 seconds
274.733: Application time: 0.0481980 seconds
274.733: [GC [PSYoungGen: 21189K->2464K(21504K)] 32232K->13507K(69120K), 0.0009040 secs] [Times: user=0.01 sys=0.00, real=0.00 secs] 
274.734: Total time for which application threads were stopped: 0.0010420 seconds, Stopping threads took: 0.0000690 seconds
274.783: Application time: 0.0486500 seconds
274.783: [GC [PSYoungGen: 21083K->1936K(21504K)] 32126K->12995K(69120K), 0.0007920 secs] [Times: user=0.00 sys=0.00, real=0.00 secs] 
274.784: Total time for which application threads were stopped: 0.0009430 seconds, Stopping threads took: 0.0000810 seconds
274.831: Application time: 0.0470170 seconds
274.831: [GC [PSYoungGen: 20544K->1936K(21504K)] 31603K->13019K(69120K), 0.0007830 secs] [Times: user=0.00 sys=0.00, real=0.00 secs] 
274.832: Total time for which application threads were stopped: 0.0009480 seconds, Stopping threads took: 0.0001010 seconds
274.880: Application time: 0.0475950 seconds
274.880: [GC [PSYoungGen: 20472K->2496K(21504K)] 31555K->13579K(69120K), 0.0009580 secs] [Times: user=0.01 sys=0.00, real=0.00 secs] 
274.881: Total time for which application threads were stopped: 0.0011020 seconds, Stopping threads took: 0.0000740 seconds
274.930: Application time: 0.0491250 seconds
274.930: [GC [PSYoungGen: 21030K->2496K(21504K)] 32113K->13579K(69120K), 0.0009260 secs] [Times: user=0.01 sys=0.00, real=0.00 secs] 
274.931: Total time for which application threads were stopped: 0.0010710 seconds, Stopping threads took: 0.0000750 seconds
274.980: Application time: 0.0488050 seconds
274.980: [GC [PSYoungGen: 21117K->1392K(21504K)] 32200K->12475K(69120K), 0.0006630 secs] [Times: user=0.00 sys=0.00, real=0.00 secs] 
274.980: Total time for which application threads were stopped: 0.0007910 seconds, Stopping threads took: 0.0000630 seconds
275.028: Application time: 0.0470410 seconds
275.028: [GC [PSYoungGen: 19998K->2480K(21504K)] 31081K->13579K(69120K), 0.0009900 secs] [Times: user=0.00 sys=0.00, real=0.00 secs] 
275.029: Total time for which application threads were stopped: 0.0011360 seconds, Stopping threads took: 0.0000740 seconds
275.076: Application time: 0.0478030 seconds
275.077: [GC [PSYoungGen: 21021K->1936K(21504K)] 32120K->13035K(69120K), 0.0007980 secs] [Times: user=0.01 sys=0.00, real=0.00 secs] 
275.077: Total time for which application threads were stopped: 0.0009510 seconds, Stopping threads took: 0.0000740 seconds
275.125: Application time: 0.0472120 seconds
275.125: [GC [PSYoungGen: 20546K->2480K(21504K)] 31645K->13579K(69120K), 0.0009630 secs] [Times: user=0.00 sys=0.00, real=0.00 secs] 
275.126: Total time for which application threads were stopped: 0.0011040 seconds, Stopping threads took: 0.0000660 seconds
275.173: Application time: 0.0474970 seconds
275.173: [GC [PSYoungGen: 21016K->2432K(21504K)] 32115K->13539K(69120K), 0.0009270 secs] [Times: user=0.01 sys=0.00, real=0.00 secs] 
275.174: Total time for which application threads were stopped: 0.0010580 seconds, Stopping threads took: 0.0000620 seconds
275.223: Application time: 0.0486390 seconds
275.223: [GC [PSYoungGen: 20975K->1392K(21504K)] 32082K->12499K(69120K), 0.0006510 secs] [Times: user=0.00 sys=0.00, real=0.00 secs] 
275.224: Total time for which application threads were stopped: 0.0009030 seconds, Stopping threads took: 0.0001870 seconds
275.270: Application time: 0.0460130 seconds
275.270: [GC [PSYoungGen: 20000K->2480K(21504K)] 31107K->13587K(69120K), 0.0009310 secs] [Times: user=0.00 sys=0.00, real=0.00 secs] 
275.271: Total time for which application threads were stopped: 0.0010700 seconds, Stopping threads took: 0.0000680 seconds
275.319: Application time: 0.0481950 seconds
275.319: [GC [PSYoungGen: 21017K->2496K(21504K)] 32123K->13611K(69120K), 0.0009950 secs] [Times: user=0.00 sys=0.00, real=0.00 secs] 
275.320: Total time for which application threads were stopped: 0.0011460 seconds, Stopping threads took: 0.0000740 seconds
275.369: Application time: 0.0485000 seconds
275.369: [GC [PSYoungGen: 21037K->1952K(21504K)] 32152K->13067K(69120K), 0.0007830 secs] [Times: user=0.01 sys=0.00, real=0.00 secs] 
275.370: Total time for which application threads were stopped: 0.0009180 seconds, Stopping threads took: 0.0000640 seconds
275.416: Application time: 0.0463570 seconds
275.416: [GC [PSYoungGen: 20641K->2480K(21504K)] 31756K->13595K(69120K), 0.0009440 secs] [Times: user=0.01 sys=0.00, real=0.00 secs] 
275.417: Total time for which application threads were stopped: 0.0010850 seconds, Stopping threads took: 0.0000680 seconds
275.467: Application time: 0.0502820 seconds
275.468: [GC [PSYoungGen: 21101K->1440K(21504K)] 32216K->12563K(69120K), 0.0006990 secs] [Times: user=0.00 sys=0.00, real=0.00 secs] 
275.468: Total time for which application threads were stopped: 0.0008270 seconds, Stopping threads took: 0.0000650 seconds
275.516: Application time: 0.0478540 seconds
275.516: [GC [PSYoungGen: 20051K->1952K(21504K)] 31174K->13083K(69120K), 0.0008060 secs] [Times: user=0.00 sys=0.00, real=0.00 secs] 
275.517: Total time for which application threads were stopped: 0.0009460 seconds, Stopping threads took: 0.0000680 seconds
275.564: Application time: 0.0464760 seconds
275.564: [GC [PSYoungGen: 20484K->2480K(21504K)] 31615K->13619K(69120K), 0.0010050 secs] [Times: user=0.01 sys=0.00, real=0.01 secs] 
275.565: Total time for which application threads were stopped: 0.0011630 seconds, Stopping threads took: 0.0000800 seconds
275.613: Application time: 0.0485640 seconds
275.613: [GC [PSYoungGen: 21019K->1968K(21504K)] 32158K->13107K(69120K), 0.0007830 secs] [Times: user=0.00 sys=0.00, real=0.00 secs] 
275.614: Total time for which application threads were stopped: 0.0009340 seconds, Stopping threads took: 0.0000660 seconds
275.661: Application time: 0.0469110 seconds
275.661: [GC [PSYoungGen: 20578K->2464K(21504K)] 31717K->13603K(69120K), 0.0009420 secs] [Times: user=0.00 sys=0.00, real=0.00 secs] 
275.662: Total time for which application threads were stopped: 0.0011900 seconds, Stopping threads took: 0.0001730 seconds
275.712: Application time: 0.0492760 seconds
275.712: [GC [PSYoungGen: 21081K->1952K(21504K)] 32220K->13107K(69120K), 0.0008170 secs] [Times: user=0.00 sys=0.00, real=0.00 secs] 
275.713: Total time for which application threads were stopped: 0.0009440 seconds, Stopping threads took: 0.0000620 seconds
275.759: Application time: 0.0464340 seconds
275.759: [GC [PSYoungGen: 20484K->2512K(21504K)] 31639K->13675K(69120K), 0.0009500 secs] [Times: user=0.00 sys=0.00, real=0.00 secs] 
275.760: Total time for which application threads were stopped: 0.0010980 seconds, Stopping threads took: 0.0000690 seconds
275.808: Application time: 0.0474810 seconds
275.808: [GC [PSYoungGen: 21131K->1952K(21504K)] 32294K->13115K(69120K), 0.0008120 secs] [Times: user=0.01 sys=0.00, real=0.00 secs] 
275.808: Total time for which application threads were stopped: 0.0009510 seconds, Stopping threads took: 0.0000720 seconds
275.857: Application time: 0.0487500 seconds
275.857: [GC [PSYoungGen: 20488K->1952K(21504K)] 31651K->13123K(69120K), 0.0007780 secs] [Times: user=0.00 sys=0.00, real=0.00 secs] 
275.858: Total time for which application threads were stopped: 0.0009340 seconds, Stopping threads took: 0.0000880 seconds
275.903: Application time: 0.0452850 seconds
275.904: [GC [PSYoungGen: 20484K->2464K(21504K)] 31655K->13635K(69120K), 0.0010030 secs] [Times: user=0.00 sys=0.00, real=0.01 secs] 
275.905: Total time for which application threads were stopped: 0.0011640 seconds, Stopping threads took: 0.0000820 seconds
275.956: Application time: 0.0515600 seconds
275.956: [GC [PSYoungGen: 21011K->288K(21504K)] 32182K->11458K(69120K), 0.0004230 secs] [Times: user=0.00 sys=0.00, real=0.00 secs] 
275.957: Total time for which application threads were stopped: 0.0006330 seconds, Stopping threads took: 0.0001500 seconds
276.003: Application time: 0.0463650 seconds
276.003: [GC [PSYoungGen: 18888K->2480K(21504K)] 30059K->13659K(69120K), 0.0009790 secs] [Times: user=0.01 sys=0.00, real=0.01 secs] 
276.004: Total time for which application threads were stopped: 0.0011390 seconds, Stopping threads took: 0.0000860 seconds
276.053: Application time: 0.0484170 seconds
276.053: [GC [PSYoungGen: 21019K->1408K(21504K)] 32198K->12587K(69120K), 0.0007280 secs] [Times: user=0.00 sys=0.00, real=0.00 secs] 
276.054: Total time for which application threads were stopped: 0.0008970 seconds, Stopping threads took: 0.0000990 seconds
276.099: Application time: 0.0454450 seconds
276.099: [GC [PSYoungGen: 20018K->2480K(21504K)] 31197K->13659K(69120K), 0.0009440 secs] [Times: user=0.00 sys=0.00, real=0.00 secs] 
276.100: Total time for which application threads were stopped: 0.0010940 seconds, Stopping threads took: 0.0000740 seconds
276.149: Application time: 0.0483620 seconds
276.149: [GC [PSYoungGen: 21177K->1952K(21504K)] 32356K->13139K(69120K), 0.0007980 secs] [Times: user=0.00 sys=0.00, real=0.00 secs] 
276.150: Total time for which application threads were stopped: 0.0009590 seconds, Stopping threads took: 0.0000820 seconds
276.198: Application time: 0.0481020 seconds
276.198: [GC [PSYoungGen: 20567K->1920K(21504K)] 31754K->13115K(69120K), 0.0008040 secs] [Times: user=0.00 sys=0.00, real=0.00 secs] 
276.199: Total time for which application threads were stopped: 0.0009530 seconds, Stopping threads took: 0.0000720 seconds
276.246: Application time: 0.0477310 seconds
276.246: [GC [PSYoungGen: 20452K->2496K(21504K)] 31647K->13699K(69120K), 0.0009830 secs] [Times: user=0.01 sys=0.00, real=0.00 secs] 
276.247: Total time for which application threads were stopped: 0.0011470 seconds, Stopping threads took: 0.0000870 seconds
276.296: Application time: 0.0489210 seconds
276.296: [GC [PSYoungGen: 21037K->1424K(21504K)] 32240K->12627K(69120K), 0.0006710 secs] [Times: user=0.00 sys=0.00, real=0.00 secs] 
276.297: Total time for which application threads were stopped: 0.0008150 seconds, Stopping threads took: 0.0000750 seconds
276.340: Application time: 0.0431930 seconds
276.341: [GC [PSYoungGen: 20024K->2528K(21504K)] 31227K->14755K(69120K), 0.0012420 secs] [Times: user=0.01 sys=0.00, real=0.00 secs] 
276.342: Total time for which application threads were stopped: 0.0013960 seconds, Stopping threads took: 0.0000780 seconds
276.389: Application time: 0.0468070 seconds
276.389: [GC [PSYoungGen: 21075K->1424K(21504K)] 33302K->13659K(69120K), 0.0006220 secs] [Times: user=0.00 sys=0.00, real=0.00 secs] 
276.389: Total time for which application threads were stopped: 0.0007560 seconds, Stopping threads took: 0.0000700 seconds
276.430: Application time: 0.0409720 seconds
276.430: [GC [PSYoungGen: 20022K->2480K(21504K)] 32257K->15235K(69120K), 0.0010840 secs] [Times: user=0.00 sys=0.00, real=0.00 secs] 
276.432: Total time for which application threads were stopped: 0.0012550 seconds, Stopping threads took: 0.0000980 seconds
276.478: Application time: 0.0467400 seconds
276.478: [GC [PSYoungGen: 21105K->1424K(21504K)] 33860K->14179K(69120K), 0.0006290 secs] [Times: user=0.00 sys=0.00, real=0.00 secs] 
276.479: Total time for which application threads were stopped: 0.0007600 seconds, Stopping threads took: 0.0000670 seconds
276.523: Application time: 0.0435780 seconds
276.523: [GC [PSYoungGen: 19956K->1920K(21504K)] 32711K->14683K(69120K), 0.0007700 secs] [Times: user=0.01 sys=0.00, real=0.00 secs] 
276.524: Total time for which application threads were stopped: 0.0009100 seconds, Stopping threads took: 0.0000730 seconds
276.566: Application time: 0.0428980 seconds
276.567: [GC [PSYoungGen: 20452K->2464K(21504K)] 33215K->15227K(69120K), 0.0009550 secs] [Times: user=0.00 sys=0.00, real=0.00 secs] 
276.568: Total time for which application threads were stopped: 0.0010900 seconds, Stopping threads took: 0.0000640 seconds
276.613: Application time: 0.0454260 seconds
276.613: [GC [PSYoungGen: 21007K->1376K(21504K)] 33770K->14139K(69120K), 0.0006600 secs] [Times: user=0.00 sys=0.00, real=0.00 secs] 
276.614: Total time for which application threads were stopped: 0.0007910 seconds, Stopping threads took: 0.0000640 seconds
276.656: Application time: 0.0419770 seconds
276.656: [GC [PSYoungGen: 19978K->2496K(21504K)] 32741K->15771K(69120K), 0.0011140 secs] [Times: user=0.00 sys=0.01, real=0.01 secs] 
276.657: Total time for which application threads were stopped: 0.0012770 seconds, Stopping threads took: 0.0000770 seconds
276.704: Application time: 0.0468400 seconds
276.704: [GC [PSYoungGen: 21041K->1392K(21504K)] 34316K->14675K(69120K), 0.0006190 secs] [Times: user=0.01 sys=0.00, real=0.00 secs] 
276.705: Total time for which application threads were stopped: 0.0007890 seconds, Stopping threads took: 0.0001010 seconds
276.748: Application time: 0.0433570 seconds
276.748: [GC [PSYoungGen: 19920K->2480K(21504K)] 33203K->15763K(69120K), 0.0009230 secs] [Times: user=0.01 sys=0.00, real=0.00 secs] 
276.749: Total time for which application threads were stopped: 0.0010670 seconds, Stopping threads took: 0.0000740 seconds
276.794: Application time: 0.0452100 seconds
276.794: [GC [PSYoungGen: 21179K->1408K(21504K)] 34462K->14699K(69120K), 0.0006410 secs] [Times: user=0.00 sys=0.00, real=0.00 secs] 
276.795: Total time for which application threads were stopped: 0.0007750 seconds, Stopping threads took: 0.0000730 seconds
276.838: Application time: 0.0429950 seconds
276.838: [GC [PSYoungGen: 20093K->2480K(21504K)] 33384K->15779K(69120K), 0.0009510 secs] [Times: user=0.00 sys=0.00, real=0.00 secs] 
276.839: Total time for which application threads were stopped: 0.0011040 seconds, Stopping threads took: 0.0000780 seconds
276.885: Application time: 0.0453990 seconds
276.885: [GC [PSYoungGen: 21025K->880K(21504K)] 34324K->14187K(69120K), 0.0004870 secs] [Times: user=0.01 sys=0.00, real=0.00 secs] 
276.885: Total time for which application threads were stopped: 0.0006210 seconds, Stopping threads took: 0.0000660 seconds
276.926: Application time: 0.0411570 seconds
276.927: [GC [PSYoungGen: 19400K->2384K(21504K)] 32707K->16203K(69120K), 0.0010440 secs] [Times: user=0.01 sys=0.00, real=0.00 secs] 
276.928: Total time for which application threads were stopped: 0.0012020 seconds, Stopping threads took: 0.0000890 seconds
276.975: Application time: 0.0472000 seconds
276.975: [GC [PSYoungGen: 20931K->848K(21504K)] 34750K->14667K(69120K), 0.0004840 secs] [Times: user=0.00 sys=0.00, real=0.00 secs] 
276.975: Total time for which application threads were stopped: 0.0006490 seconds, Stopping threads took: 0.0001040 seconds
277.017: Application time: 0.0419350 seconds
277.017: [GC [PSYoungGen: 19450K->2480K(21504K)] 33269K->16307K(69120K), 0.0009260 secs] [Times: user=0.01 sys=0.00, real=0.00 secs] 
277.018: Total time for which application threads were stopped: 0.0010600 seconds, Stopping threads took: 0.0000590 seconds
277.063: Application time: 0.0441140 seconds
277.063: [GC [PSYoungGen: 21017K->2480K(21504K)] 34844K->16307K(69120K), 0.0009570 secs] [Times: user=0.01 sys=0.00, real=0.00 secs] 
277.064: Total time for which application threads were stopped: 0.0011190 seconds, Stopping threads took: 0.0000880 seconds
277.108: Application time: 0.0445500 seconds
277.108: [GC [PSYoungGen: 21177K->1936K(21504K)] 35004K->15771K(69120K), 0.0007950 secs] [Times: user=0.00 sys=0.00, real=0.00 secs] 
277.109: Total time for which application threads were stopped: 0.0009300 seconds, Stopping threads took: 0.0000670 seconds
277.152: Application time: 0.0423900 seconds
277.152: [GC [PSYoungGen: 20464K->2528K(21504K)] 34299K->16883K(69120K), 0.0011420 secs] [Times: user=0.01 sys=0.00, real=0.00 secs] 
277.153: Total time for which application threads were stopped: 0.0012880 seconds, Stopping threads took: 0.0000690 seconds
277.199: Application time: 0.0458430 seconds
277.199: [GC [PSYoungGen: 21071K->1920K(21504K)] 35426K->16275K(69120K), 0.0007670 secs] [Times: user=0.01 sys=0.00, real=0.00 secs] 
277.200: Total time for which application threads were stopped: 0.0009140 seconds, Stopping threads took: 0.0000680 seconds
277.242: Application time: 0.0423030 seconds
277.242: [GC [PSYoungGen: 20448K->2480K(21504K)] 34803K->17347K(69120K), 0.0011520 secs] [Times: user=0.00 sys=0.00, real=0.00 secs] 
277.243: Total time for which application threads were stopped: 0.0013150 seconds, Stopping threads took: 0.0000880 seconds
277.289: Application time: 0.0454180 seconds
277.289: [GC [PSYoungGen: 21097K->2480K(21504K)] 35964K->17347K(69120K), 0.0009370 secs] [Times: user=0.00 sys=0.00, real=0.00 secs] 
277.290: Total time for which application threads were stopped: 0.0010810 seconds, Stopping threads took: 0.0000710 seconds
277.333: Application time: 0.0434410 seconds
277.333: [GC [PSYoungGen: 21017K->2464K(21504K)] 35884K->17339K(69120K), 0.0009390 secs] [Times: user=0.00 sys=0.00, real=0.00 secs] 
277.334: Total time for which application threads were stopped: 0.0010820 seconds, Stopping threads took: 0.0000740 seconds
277.379: Application time: 0.0448100 seconds
277.379: [GC [PSYoungGen: 21005K->1920K(21504K)] 35880K->16795K(69120K), 0.0007980 secs] [Times: user=0.01 sys=0.00, real=0.00 secs] 
277.380: Total time for which application threads were stopped: 0.0009520 seconds, Stopping threads took: 0.0000840 seconds
277.422: Application time: 0.0423000 seconds
277.422: [GC [PSYoungGen: 20603K->2496K(21504K)] 35478K->18395K(69120K), 0.0012470 secs] [Times: user=0.01 sys=0.00, real=0.00 secs] 
277.424: Total time for which application threads were stopped: 0.0013870 seconds, Stopping threads took: 0.0000670 seconds
277.470: Application time: 0.0467770 seconds
277.471: [GC [PSYoungGen: 21199K->1424K(21504K)] 37099K->17331K(69120K), 0.0006290 secs] [Times: user=0.01 sys=0.00, real=0.00 secs] 
277.471: Total time for which application threads were stopped: 0.0007620 seconds, Stopping threads took: 0.0000720 seconds
277.512: Application time: 0.0407600 seconds
277.512: [GC [PSYoungGen: 19944K->2496K(21504K)] 35851K->19435K(69120K), 0.0012530 secs] [Times: user=0.01 sys=0.00, real=0.00 secs] 
277.513: Total time for which application threads were stopped: 0.0014210 seconds, Stopping threads took: 0.0000910 seconds
277.561: Application time: 0.0471450 seconds
277.561: [GC [PSYoungGen: 21043K->1376K(21504K)] 37982K->18315K(69120K), 0.0006490 secs] [Times: user=0.01 sys=0.00, real=0.00 secs] 
277.561: Total time for which application threads were stopped: 0.0007770 seconds, Stopping threads took: 0.0000660 seconds
277.604: Application time: 0.0425090 seconds
277.604: [GC [PSYoungGen: 19904K->2464K(21504K)] 36843K->19403K(69120K), 0.0010070 secs] [Times: user=0.00 sys=0.01, real=0.01 secs] 
277.605: Total time for which application threads were stopped: 0.0011530 seconds, Stopping threads took: 0.0000750 seconds
277.651: Application time: 0.0461580 seconds
277.651: [GC [PSYoungGen: 21083K->1920K(21504K)] 38022K->18859K(69120K), 0.0008050 secs] [Times: user=0.00 sys=0.00, real=0.00 secs] 
277.652: Total time for which application threads were stopped: 0.0009350 seconds, Stopping threads took: 0.0000640 seconds
277.697: Application time: 0.0445310 seconds
277.697: [GC [PSYoungGen: 20456K->1376K(21504K)] 37396K->18323K(69120K), 0.0006750 secs] [Times: user=0.00 sys=0.00, real=0.00 secs] 
277.697: Total time for which application threads were stopped: 0.0008300 seconds, Stopping threads took: 0.0000890 seconds
277.742: Application time: 0.0443180 seconds
277.742: [GC [PSYoungGen: 20069K->1408K(21504K)] 37016K->18355K(69120K), 0.0006400 secs] [Times: user=0.00 sys=0.00, real=0.00 secs] 
277.743: Total time for which application threads were stopped: 0.0008070 seconds, Stopping threads took: 0.0000910 seconds
277.785: Application time: 0.0428870 seconds
277.786: [GC [PSYoungGen: 19930K->2400K(21504K)] 36877K->19867K(69120K), 0.0010940 secs] [Times: user=0.00 sys=0.00, real=0.00 secs] 
277.787: Total time for which application threads were stopped: 0.0012350 seconds, Stopping threads took: 0.0000670 seconds
277.832: Application time: 0.0455530 seconds
277.832: [GC [PSYoungGen: 20943K->1936K(21504K)] 38410K->19403K(69120K), 0.0008090 secs] [Times: user=0.01 sys=0.00, real=0.00 secs] 
277.833: Total time for which application threads were stopped: 0.0009450 seconds, Stopping threads took: 0.0000670 seconds
277.877: Application time: 0.0440640 seconds
277.877: [GC [PSYoungGen: 20472K->1936K(21504K)] 37940K->19403K(69120K), 0.0007770 secs] [Times: user=0.00 sys=0.00, real=0.00 secs] 
277.878: Total time for which application threads were stopped: 0.0009160 seconds, Stopping threads took: 0.0000700 seconds
277.924: Application time: 0.0456810 seconds
277.924: [GC [PSYoungGen: 20553K->1440K(21504K)] 38020K->18907K(69120K), 0.0006850 secs] [Times: user=0.00 sys=0.00, real=0.00 secs] 
277.925: Total time for which application threads were stopped: 0.0009820 seconds, Stopping threads took: 0.0002300 seconds
277.967: Application time: 0.0424710 seconds
277.967: [GC [PSYoungGen: 19964K->2496K(21504K)] 37431K->20483K(69120K), 0.0011970 secs] [Times: user=0.01 sys=0.00, real=0.00 secs] 
277.969: Total time for which application threads were stopped: 0.0013480 seconds, Stopping threads took: 0.0000760 seconds
278.015: Application time: 0.0459260 seconds
278.015: [GC [PSYoungGen: 21035K->2464K(21504K)] 39022K->20451K(69120K), 0.0009420 secs] [Times: user=0.01 sys=0.00, real=0.00 secs] 
278.016: Total time for which application threads were stopped: 0.0010850 seconds, Stopping threads took: 0.0000720 seconds
278.060: Application time: 0.0446540 seconds
278.060: [GC [PSYoungGen: 21161K->1392K(21504K)] 39148K->19379K(69120K), 0.0006380 secs] [Times: user=0.00 sys=0.00, real=0.00 secs] 
278.061: Total time for which application threads were stopped: 0.0007750 seconds, Stopping threads took: 0.0000700 seconds
278.105: Application time: 0.0433590 seconds
278.105: [GC [PSYoungGen: 20073K->2512K(21504K)] 38060K->21019K(69120K), 0.0010780 secs] [Times: user=0.01 sys=0.00, real=0.00 secs] 
278.106: Total time for which application threads were stopped: 0.0012210 seconds, Stopping threads took: 0.0000610 seconds
278.152: Application time: 0.0459980 seconds
278.152: [GC [PSYoungGen: 21057K->1424K(21504K)] 39564K->19939K(69120K), 0.0006530 secs] [Times: user=0.00 sys=0.00, real=0.00 secs] 
278.153: Total time for which application threads were stopped: 0.0007960 seconds, Stopping threads took: 0.0000770 seconds
278.196: Application time: 0.0432720 seconds
278.196: [GC [PSYoungGen: 19956K->1936K(21504K)] 38471K->20451K(69120K), 0.0008100 secs] [Times: user=0.00 sys=0.00, real=0.01 secs] 
278.197: Total time for which application threads were stopped: 0.0009590 seconds, Stopping threads took: 0.0000760 seconds
278.241: Application time: 0.0438070 seconds
278.241: [GC [PSYoungGen: 20464K->2432K(21504K)] 38979K->21459K(69120K), 0.0010880 secs] [Times: user=0.01 sys=0.00, real=0.00 secs] 
278.242: Total time for which application threads were stopped: 0.0012340 seconds, Stopping threads took: 0.0000730 seconds
278.286: Application time: 0.0444320 seconds
278.286: [GC [PSYoungGen: 21053K->1936K(21504K)] 40080K->20963K(69120K), 0.0007730 secs] [Times: user=0.00 sys=0.00, real=0.00 secs] 
278.287: Total time for which application threads were stopped: 0.0009250 seconds, Stopping threads took: 0.0000750 seconds
278.332: Application time: 0.0450790 seconds
278.332: [GC [PSYoungGen: 20472K->1936K(21504K)] 39500K->20971K(69120K), 0.0007800 secs] [Times: user=0.00 sys=0.00, real=0.00 secs] 
278.333: Total time for which application threads were stopped: 0.0009280 seconds, Stopping threads took: 0.0000780 seconds
278.376: Application time: 0.0431280 seconds
278.376: [GC [PSYoungGen: 20468K->2496K(21504K)] 39504K->21531K(69120K), 0.0009460 secs] [Times: user=0.00 sys=0.00, real=0.00 secs] 
278.377: Total time for which application threads were stopped: 0.0010790 seconds, Stopping threads took: 0.0000640 seconds
278.421: Application time: 0.0440700 seconds
278.422: [GC [PSYoungGen: 21191K->2496K(21504K)] 40226K->21539K(69120K), 0.0009350 secs] [Times: user=0.01 sys=0.00, real=0.00 secs] 
278.423: Total time for which application threads were stopped: 0.0011610 seconds, Stopping threads took: 0.0001540 seconds
278.466: Application time: 0.0438640 seconds
278.467: [GC [PSYoungGen: 21037K->1936K(21504K)] 40080K->20979K(69120K), 0.0007750 secs] [Times: user=0.01 sys=0.00, real=0.00 secs] 
278.467: Total time for which application threads were stopped: 0.0009120 seconds, Stopping threads took: 0.0000720 seconds
278.511: Application time: 0.0431280 seconds
278.511: [GC [PSYoungGen: 20468K->2448K(21504K)] 39512K->21491K(69120K), 0.0009430 secs] [Times: user=0.01 sys=0.00, real=0.00 secs] 
278.512: Total time for which application threads were stopped: 0.0011020 seconds, Stopping threads took: 0.0000880 seconds
278.556: Application time: 0.0440450 seconds
278.556: [GC [PSYoungGen: 21067K->1936K(21504K)] 40110K->20979K(69120K), 0.0008000 secs] [Times: user=0.00 sys=0.00, real=0.01 secs] 
278.557: Total time for which application threads were stopped: 0.0009330 seconds, Stopping threads took: 0.0000670 seconds
278.601: Application time: 0.0442670 seconds
278.601: [GC [PSYoungGen: 20468K->2464K(21504K)] 39512K->21515K(69120K), 0.0009510 secs] [Times: user=0.01 sys=0.00, real=0.00 secs] 
278.602: Total time for which application threads were stopped: 0.0010950 seconds, Stopping threads took: 0.0000700 seconds
278.649: Application time: 0.0466390 seconds
278.649: [GC [PSYoungGen: 21003K->1952K(21504K)] 40054K->21003K(69120K), 0.0007570 secs] [Times: user=0.00 sys=0.00, real=0.00 secs] 
278.650: Total time for which application threads were stopped: 0.0009140 seconds, Stopping threads took: 0.0000880 seconds
278.692: Application time: 0.0424490 seconds
278.692: [GC [PSYoungGen: 20637K->2480K(21504K)] 39688K->22043K(69120K), 0.0012450 secs] [Times: user=0.01 sys=0.00, real=0.00 secs] 
278.694: Total time for which application threads were stopped: 0.0015460 seconds, Stopping threads took: 0.0002080 seconds
278.739: Application time: 0.0458760 seconds
278.740: [GC [PSYoungGen: 21099K->2496K(21504K)] 40662K->22067K(69120K), 0.0009420 secs] [Times: user=0.00 sys=0.00, real=0.00 secs] 
278.740: Total time for which application threads were stopped: 0.0010900 seconds, Stopping threads took: 0.0000770 seconds
278.785: Application time: 0.0443760 seconds
278.785: [GC [PSYoungGen: 21117K->1408K(21504K)] 40688K->20987K(69120K), 0.0006310 secs] [Times: user=0.00 sys=0.00, real=0.00 secs] 
278.786: Total time for which application threads were stopped: 0.0007600 seconds, Stopping threads took: 0.0000670 seconds
278.829: Application time: 0.0431470 seconds
278.829: [GC [PSYoungGen: 19932K->2528K(21504K)] 39511K->22619K(69120K), 0.0011040 secs] [Times: user=0.00 sys=0.00, real=0.00 secs] 
278.830: Total time for which application threads were stopped: 0.0012660 seconds, Stopping threads took: 0.0000770 seconds
278.876: Application time: 0.0454730 seconds
278.876: [GC [PSYoungGen: 21073K->1408K(21504K)] 41164K->21499K(69120K), 0.0006790 secs] [Times: user=0.00 sys=0.00, real=0.01 secs] 
278.876: Total time for which application threads were stopped: 0.0008370 seconds, Stopping threads took: 0.0000900 seconds
278.918: Application time: 0.0418550 seconds
278.918: [GC [PSYoungGen: 20010K->2400K(21504K)] 40102K->23003K(69120K), 0.0011570 secs] [Times: user=0.00 sys=0.00, real=0.00 secs] 
278.920: Total time for which application threads were stopped: 0.0012960 seconds, Stopping threads took: 0.0000660 seconds
278.966: Application time: 0.0465720 seconds
278.966: [GC [PSYoungGen: 20945K->1440K(21504K)] 41548K->22059K(69120K), 0.0006510 secs] [Times: user=0.01 sys=0.00, real=0.00 secs] 
278.967: Total time for which application threads were stopped: 0.0007840 seconds, Stopping threads took: 0.0000720 seconds
279.009: Application time: 0.0418090 seconds
279.009: [GC [PSYoungGen: 19968K->2464K(21504K)] 40587K->23083K(69120K), 0.0010300 secs] [Times: user=0.01 sys=0.00, real=0.00 secs] 
279.010: Total time for which application threads were stopped: 0.0011620 seconds, Stopping threads took: 0.0000580 seconds
279.055: Application time: 0.0453360 seconds
279.055: [GC [PSYoungGen: 21081K->1952K(21504K)] 41700K->22571K(69120K), 0.0007870 secs] [Times: user=0.01 sys=0.00, real=0.01 secs] 
279.056: Total time for which application threads were stopped: 0.0009470 seconds, Stopping threads took: 0.0000890 seconds
279.100: Application time: 0.0442940 seconds
279.101: [GC [PSYoungGen: 20567K->2496K(21504K)] 41186K->23123K(69120K), 0.0009550 secs] [Times: user=0.00 sys=0.00, real=0.00 secs] 
279.102: Total time for which application threads were stopped: 0.0010980 seconds, Stopping threads took: 0.0000710 seconds
279.146: Application time: 0.0445200 seconds
279.146: [GC [PSYoungGen: 21039K->1392K(21504K)] 41666K->22019K(69120K), 0.0006640 secs] [Times: user=0.00 sys=0.00, real=0.00 secs] 
279.147: Total time for which application threads were stopped: 0.0008540 seconds, Stopping threads took: 0.0001280 seconds
279.191: Application time: 0.0436530 seconds
279.191: [GC [PSYoungGen: 19998K->2480K(21504K)] 40626K->23107K(69120K), 0.0009320 secs] [Times: user=0.01 sys=0.00, real=0.00 secs] 
279.192: Total time for which application threads were stopped: 0.0010740 seconds, Stopping threads took: 0.0000740 seconds
279.236: Application time: 0.0446420 seconds
279.236: [GC [PSYoungGen: 21023K->912K(21504K)] 41650K->21547K(69120K), 0.0005310 secs] [Times: user=0.01 sys=0.00, real=0.00 secs] 
279.237: Total time for which application threads were stopped: 0.0007470 seconds, Stopping threads took: 0.0001540 seconds
279.281: Application time: 0.0435230 seconds
279.281: [GC [PSYoungGen: 19436K->2496K(21504K)] 40071K->23131K(69120K), 0.0009130 secs] [Times: user=0.01 sys=0.00, real=0.00 secs] 
279.282: Total time for which application threads were stopped: 0.0010500 seconds, Stopping threads took: 0.0000680 seconds
279.326: Application time: 0.0446320 seconds
279.326: [GC [PSYoungGen: 21197K->816K(21504K)] 41833K->21451K(69120K), 0.0005320 secs] [Times: user=0.00 sys=0.00, real=0.00 secs] 
279.328: Total time for which application threads were stopped: 0.0016030 seconds, Stopping threads took: 0.0000530 seconds
279.372: Application time: 0.0438410 seconds
279.372: [GC [PSYoungGen: 19340K->2496K(21504K)] 39975K->23139K(69120K), 0.0009910 secs] [Times: user=0.01 sys=0.00, real=0.00 secs] 
279.373: Total time for which application threads were stopped: 0.0011440 seconds, Stopping threads took: 0.0000730 seconds
279.417: Application time: 0.0444330 seconds
279.417: [GC [PSYoungGen: 21195K->1408K(21504K)] 41838K->22059K(69120K), 0.0006550 secs] [Times: user=0.01 sys=0.00, real=0.00 secs] 
279.418: Total time for which application threads were stopped: 0.0007940 seconds, Stopping threads took: 0.0000750 seconds
279.461: Application time: 0.0432500 seconds
279.461: [GC [PSYoungGen: 19936K->2496K(21504K)] 40587K->23155K(69120K), 0.0009250 secs] [Times: user=0.01 sys=0.00, real=0.00 secs] 
279.462: Total time for which application threads were stopped: 0.0010720 seconds, Stopping threads took: 0.0000740 seconds
279.509: Application time: 0.0466590 seconds
279.509: [GC [PSYoungGen: 21041K->880K(21504K)] 41700K->21539K(69120K), 0.0005170 secs] [Times: user=0.00 sys=0.00, real=0.00 secs] 
279.510: Total time for which application threads were stopped: 0.0006500 seconds, Stopping threads took: 0.0000660 seconds
279.552: Application time: 0.0427510 seconds
279.553: [GC [PSYoungGen: 19478K->2496K(21504K)] 40137K->23667K(69120K), 0.0011000 secs] [Times: user=0.01 sys=0.00, real=0.00 secs] 
279.554: Total time for which application threads were stopped: 0.0012570 seconds, Stopping threads took: 0.0000830 seconds
279.598: Application time: 0.0446970 seconds
279.599: [GC [PSYoungGen: 21039K->1360K(21504K)] 42210K->22547K(69120K), 0.0006480 secs] [Times: user=0.01 sys=0.00, real=0.00 secs] 
279.599: Total time for which application threads were stopped: 0.0007920 seconds, Stopping threads took: 0.0000750 seconds
279.643: Application time: 0.0437600 seconds
279.643: [GC [PSYoungGen: 19890K->1952K(21504K)] 41077K->23139K(69120K), 0.0007870 secs] [Times: user=0.00 sys=0.00, real=0.00 secs] 
279.644: Total time for which application threads were stopped: 0.0009850 seconds, Stopping threads took: 0.0001370 seconds
279.688: Application time: 0.0444350 seconds
279.689: [GC [PSYoungGen: 20565K->1408K(21504K)] 41752K->22595K(69120K), 0.0006550 secs] [Times: user=0.00 sys=0.00, real=0.00 secs] 
279.689: Total time for which application threads were stopped: 0.0008120 seconds, Stopping threads took: 0.0000860 seconds
279.733: Application time: 0.0438320 seconds
279.733: [GC [PSYoungGen: 20019K->2448K(21504K)] 41206K->23643K(69120K), 0.0009980 secs] [Times: user=0.00 sys=0.00, real=0.00 secs] 
279.734: Total time for which application threads were stopped: 0.0011510 seconds, Stopping threads took: 0.0000800 seconds
279.778: Application time: 0.0441800 seconds
279.778: [GC [PSYoungGen: 20989K->1936K(21504K)] 42184K->23147K(69120K), 0.0008160 secs] [Times: user=0.00 sys=0.00, real=0.00 secs] 
279.779: Total time for which application threads were stopped: 0.0009630 seconds, Stopping threads took: 0.0000740 seconds
279.823: Application time: 0.0436200 seconds
279.823: [GC [PSYoungGen: 20542K->2400K(21504K)] 41754K->24123K(69120K), 0.0011990 secs] [Times: user=0.00 sys=0.00, real=0.01 secs] 
279.824: Total time for which application threads were stopped: 0.0013380 seconds, Stopping threads took: 0.0000670 seconds
279.869: Application time: 0.0449840 seconds
279.869: [GC [PSYoungGen: 20943K->1920K(21504K)] 42666K->23651K(69120K), 0.0007900 secs] [Times: user=0.01 sys=0.00, real=0.00 secs] 
279.870: Total time for which application threads were stopped: 0.0009380 seconds, Stopping threads took: 0.0000810 seconds
279.914: Application time: 0.0435280 seconds
279.914: [GC [PSYoungGen: 20452K->2496K(21504K)] 42184K->24227K(69120K), 0.0009320 secs] [Times: user=0.01 sys=0.00, real=0.00 secs] 
279.915: Total time for which application threads were stopped: 0.0010890 seconds, Stopping threads took: 0.0000800 seconds
279.959: Application time: 0.0445230 seconds
279.959: [GC [PSYoungGen: 21193K->1920K(21504K)] 42924K->23651K(69120K), 0.0008080 secs] [Times: user=0.00 sys=0.00, real=0.00 secs] 
279.960: Total time for which application threads were stopped: 0.0009380 seconds, Stopping threads took: 0.0000640 seconds
280.005: Application time: 0.0447110 seconds
280.005: [GC [PSYoungGen: 20452K->2480K(21504K)] 42184K->24227K(69120K), 0.0009620 secs] [Times: user=0.01 sys=0.00, real=0.00 secs] 
280.006: Total time for which application threads were stopped: 0.0011100 seconds, Stopping threads took: 0.0000740 seconds
280.051: Application time: 0.0446140 seconds
280.051: [GC [PSYoungGen: 21177K->1936K(21504K)] 42924K->23683K(69120K), 0.0007560 secs] [Times: user=0.00 sys=0.00, real=0.00 secs] 
280.052: Total time for which application threads were stopped: 0.0008840 seconds, Stopping threads took: 0.0000640 seconds
280.095: Application time: 0.0430370 seconds
280.095: [GC [PSYoungGen: 20468K->2480K(21504K)] 42216K->24235K(69120K), 0.0009730 secs] [Times: user=0.01 sys=0.00, real=0.00 secs] 
280.096: Total time for which application threads were stopped: 0.0011330 seconds, Stopping threads took: 0.0000900 seconds
280.141: Application time: 0.0448850 seconds
280.141: [GC [PSYoungGen: 21021K->1952K(21504K)] 42776K->23707K(69120K), 0.0007890 secs] [Times: user=0.01 sys=0.00, real=0.00 secs] 
280.142: Total time for which application threads were stopped: 0.0010290 seconds, Stopping threads took: 0.0001740 seconds
280.186: Application time: 0.0443500 seconds
280.186: [GC [PSYoungGen: 20484K->2480K(21504K)] 42240K->24235K(69120K), 0.0009630 secs] [Times: user=0.01 sys=0.00, real=0.00 secs] 
280.187: Total time for which application threads were stopped: 0.0010960 seconds, Stopping threads took: 0.0000600 seconds
280.231: Application time: 0.0433310 seconds
280.231: [GC [PSYoungGen: 21097K->2480K(21504K)] 42852K->24243K(69120K), 0.0009310 secs] [Times: user=0.00 sys=0.00, real=0.00 secs] 
280.232: Total time for which application threads were stopped: 0.0010680 seconds, Stopping threads took: 0.0000700 seconds
280.276: Application time: 0.0440560 seconds
280.276: [GC [PSYoungGen: 21021K->1936K(21504K)] 42784K->23699K(69120K), 0.0007930 secs] [Times: user=0.01 sys=0.00, real=0.01 secs] 
280.277: Total time for which application threads were stopped: 0.0009420 seconds, Stopping threads took: 0.0000800 seconds
280.319: Application time: 0.0426300 seconds
280.319: [GC [PSYoungGen: 20538K->2528K(21504K)] 42302K->24803K(69120K), 0.0011140 secs] [Times: user=0.01 sys=0.00, real=0.00 secs] 
280.320: Total time for which application threads were stopped: 0.0012730 seconds, Stopping threads took: 0.0000900 seconds
280.370: Application time: 0.0496450 seconds
280.370: [GC [PSYoungGen: 21073K->1952K(21504K)] 43348K->24235K(69120K), 0.0008190 secs] [Times: user=0.01 sys=0.00, real=0.00 secs] 
280.371: Total time for which application threads were stopped: 0.0009890 seconds, Stopping threads took: 0.0000930 seconds
280.419: Application time: 0.0475340 seconds
280.419: [GC [PSYoungGen: 20569K->1952K(21504K)] 42852K->24243K(69120K), 0.0007970 secs] [Times: user=0.01 sys=0.00, real=0.00 secs] 
280.420: Total time for which application threads were stopped: 0.0009460 seconds, Stopping threads took: 0.0000760 seconds
280.467: Application time: 0.0469400 seconds
280.467: [GC [PSYoungGen: 20488K->1952K(21504K)] 42780K->24243K(69120K), 0.0008130 secs] [Times: user=0.01 sys=0.00, real=0.00 secs] 
280.468: Total time for which application threads were stopped: 0.0009590 seconds, Stopping threads took: 0.0000770 seconds
280.514: Application time: 0.0463000 seconds
280.514: [GC [PSYoungGen: 20559K->2512K(21504K)] 42850K->25323K(69120K), 0.0011300 secs] [Times: user=0.00 sys=0.00, real=0.00 secs] 
280.515: Total time for which application threads were stopped: 0.0012730 seconds, Stopping threads took: 0.0000690 seconds
280.564: Application time: 0.0485060 seconds
280.564: [GC [PSYoungGen: 21055K->1984K(21504K)] 43866K->24795K(69120K), 0.0008810 secs] [Times: user=0.01 sys=0.00, real=0.01 secs] 
280.565: Total time for which application threads were stopped: 0.0010420 seconds, Stopping threads took: 0.0000790 seconds
280.610: Application time: 0.0454710 seconds
280.610: [GC [PSYoungGen: 20588K->2528K(21504K)] 43400K->26363K(69120K), 0.0012800 secs] [Times: user=0.01 sys=0.00, real=0.00 secs] 
280.612: Total time for which application threads were stopped: 0.0014330 seconds, Stopping threads took: 0.0000760 seconds
280.663: Application time: 0.0515430 seconds
280.663: [GC [PSYoungGen: 21151K->1936K(21504K)] 44987K->25779K(69120K), 0.0008300 secs] [Times: user=0.00 sys=0.01, real=0.01 secs] 
280.664: Total time for which application threads were stopped: 0.0009640 seconds, Stopping threads took: 0.0000580 seconds
280.709: Application time: 0.0446630 seconds
280.709: [GC [PSYoungGen: 20615K->2384K(21504K)] 44458K->27763K(69120K), 0.0015050 secs] [Times: user=0.01 sys=0.00, real=0.00 secs] 
280.710: Total time for which application threads were stopped: 0.0016560 seconds, Stopping threads took: 0.0000730 seconds
280.761: Application time: 0.0507570 seconds
280.761: [GC [PSYoungGen: 20931K->1952K(21504K)] 46310K->27339K(69120K), 0.0008210 secs] [Times: user=0.00 sys=0.00, real=0.00 secs] 
280.762: Total time for which application threads were stopped: 0.0009460 seconds, Stopping threads took: 0.0000590 seconds
280.808: Application time: 0.0461060 seconds
280.808: [GC [PSYoungGen: 20480K->2528K(21504K)] 45868K->28427K(69120K), 0.0011440 secs] [Times: user=0.01 sys=0.00, real=0.00 secs] 
280.810: Total time for which application threads were stopped: 0.0013140 seconds, Stopping threads took: 0.0000920 seconds
280.860: Application time: 0.0501400 seconds
280.860: [GC [PSYoungGen: 21071K->1920K(21504K)] 46970K->27819K(69120K), 0.0008590 secs] [Times: user=0.01 sys=0.00, real=0.00 secs] 
280.861: Total time for which application threads were stopped: 0.0010030 seconds, Stopping threads took: 0.0000740 seconds
280.909: Application time: 0.0478760 seconds
280.909: [GC [PSYoungGen: 20539K->864K(21504K)] 46438K->26763K(69120K), 0.0006040 secs] [Times: user=0.00 sys=0.00, real=0.00 secs] 
280.909: Total time for which application threads were stopped: 0.0008400 seconds, Stopping threads took: 0.0001700 seconds
280.956: Application time: 0.0462720 seconds
280.956: [GC [PSYoungGen: 19388K->2448K(21504K)] 45287K->28355K(69120K), 0.0009720 secs] [Times: user=0.01 sys=0.00, real=0.01 secs] 
280.957: Total time for which application threads were stopped: 0.0011290 seconds, Stopping threads took: 0.0000760 seconds
281.006: Application time: 0.0491170 seconds
281.006: [GC [PSYoungGen: 21071K->896K(21504K)] 46978K->26803K(69120K), 0.0005420 secs] [Times: user=0.01 sys=0.00, real=0.00 secs] 
281.007: Total time for which application threads were stopped: 0.0006950 seconds, Stopping threads took: 0.0000870 seconds
281.052: Application time: 0.0450670 seconds
281.052: [GC [PSYoungGen: 19420K->2480K(21504K)] 45327K->28395K(69120K), 0.0009500 secs] [Times: user=0.00 sys=0.00, real=0.00 secs] 
281.053: Total time for which application threads were stopped: 0.0010950 seconds, Stopping threads took: 0.0000720 seconds
281.102: Application time: 0.0489000 seconds
281.102: [GC [PSYoungGen: 21101K->1376K(21504K)] 47016K->27291K(69120K), 0.0007030 secs] [Times: user=0.00 sys=0.00, real=0.00 secs] 
281.103: Total time for which application threads were stopped: 0.0008370 seconds, Stopping threads took: 0.0000640 seconds
281.150: Application time: 0.0473280 seconds
281.150: [GC [PSYoungGen: 19910K->1392K(21504K)] 45826K->27315K(69120K), 0.0006720 secs] [Times: user=0.00 sys=0.00, real=0.00 secs] 
281.151: Total time for which application threads were stopped: 0.0009020 seconds, Stopping threads took: 0.0001650 seconds
281.197: Application time: 0.0461080 seconds
281.197: [GC [PSYoungGen: 19994K->2464K(21504K)] 45918K->28899K(69120K), 0.0012560 secs] [Times: user=0.01 sys=0.00, real=0.00 secs] 
281.198: Total time for which application threads were stopped: 0.0014260 seconds, Stopping threads took: 0.0000950 seconds
281.247: Application time: 0.0484800 seconds
281.247: [GC [PSYoungGen: 21009K->1408K(21504K)] 47444K->27859K(69120K), 0.0006660 secs] [Times: user=0.00 sys=0.00, real=0.00 secs] 
281.248: Total time for which application threads were stopped: 0.0008040 seconds, Stopping threads took: 0.0000710 seconds
281.295: Application time: 0.0471450 seconds
281.295: [GC [PSYoungGen: 20018K->1936K(21504K)] 46470K->28387K(69120K), 0.0008090 secs] [Times: user=0.01 sys=0.00, real=0.00 secs] 
281.296: Total time for which application threads were stopped: 0.0009670 seconds, Stopping threads took: 0.0000870 seconds
281.345: Application time: 0.0494960 seconds
281.345: [GC [PSYoungGen: 20555K->816K(21504K)] 47006K->27275K(69120K), 0.0005460 secs] [Times: user=0.00 sys=0.00, real=0.00 secs] 
281.346: Total time for which application threads were stopped: 0.0007760 seconds, Stopping threads took: 0.0001640 seconds
281.391: Application time: 0.0452580 seconds
281.391: [GC [PSYoungGen: 19499K->2496K(21504K)] 45958K->28963K(69120K), 0.0010080 secs] [Times: user=0.01 sys=0.00, real=0.00 secs] 
281.392: Total time for which application threads were stopped: 0.0011730 seconds, Stopping threads took: 0.0000910 seconds
281.441: Application time: 0.0484240 seconds
281.441: [GC [PSYoungGen: 21032K->2464K(21504K)] 47500K->28939K(69120K), 0.0009870 secs] [Times: user=0.00 sys=0.00, real=0.00 secs] 
281.442: Total time for which application threads were stopped: 0.0011300 seconds, Stopping threads took: 0.0000670 seconds
281.490: Application time: 0.0477920 seconds
281.490: [GC [PSYoungGen: 21005K->1936K(21504K)] 47480K->28411K(69120K), 0.0008420 secs] [Times: user=0.00 sys=0.00, real=0.00 secs] 
281.491: Total time for which application threads were stopped: 0.0009980 seconds, Stopping threads took: 0.0000760 seconds
281.538: Application time: 0.0469930 seconds
281.538: [GC [PSYoungGen: 20470K->1952K(21504K)] 46946K->28427K(69120K), 0.0008640 secs] [Times: user=0.00 sys=0.00, real=0.00 secs] 
281.539: Total time for which application threads were stopped: 0.0010120 seconds, Stopping threads took: 0.0000740 seconds
281.586: Application time: 0.0476160 seconds
281.586: [GC [PSYoungGen: 20563K->1936K(21504K)] 47038K->28411K(69120K), 0.0008410 secs] [Times: user=0.01 sys=0.00, real=0.00 secs] 
281.587: Total time for which application threads were stopped: 0.0009970 seconds, Stopping threads took: 0.0000870 seconds
281.636: Application time: 0.0484530 seconds
281.636: [GC [PSYoungGen: 20477K->1392K(21504K)] 46952K->27875K(69120K), 0.0006910 secs] [Times: user=0.01 sys=0.00, real=0.01 secs] 
281.637: Total time for which application threads were stopped: 0.0008280 seconds, Stopping threads took: 0.0000710 seconds
281.683: Application time: 0.0460810 seconds
281.683: [GC [PSYoungGen: 19916K->2528K(21504K)] 46399K->29523K(69120K), 0.0011090 secs] [Times: user=0.00 sys=0.00, real=0.00 secs] 
281.684: Total time for which application threads were stopped: 0.0012510 seconds, Stopping threads took: 0.0000700 seconds
281.734: Application time: 0.0497710 seconds
281.734: [GC [PSYoungGen: 21151K->1376K(21504K)] 48147K->28379K(69120K), 0.0006860 secs] [Times: user=0.00 sys=0.00, real=0.00 secs] 
281.735: Total time for which application threads were stopped: 0.0008270 seconds, Stopping threads took: 0.0000720 seconds
281.781: Application time: 0.0459950 seconds
281.781: [GC [PSYoungGen: 19904K->2480K(21504K)] 46908K->29483K(69120K), 0.0009730 secs] [Times: user=0.00 sys=0.00, real=0.00 secs] 
281.782: Total time for which application threads were stopped: 0.0012080 seconds, Stopping threads took: 0.0001540 seconds
281.830: Application time: 0.0480010 seconds
281.830: [GC [PSYoungGen: 21093K->2480K(21504K)] 48096K->29491K(69120K), 0.0009860 secs] [Times: user=0.00 sys=0.00, real=0.00 secs] 
281.831: Total time for which application threads were stopped: 0.0011270 seconds, Stopping threads took: 0.0000690 seconds
281.879: Application time: 0.0476000 seconds
281.879: [GC [PSYoungGen: 21099K->1952K(21504K)] 48110K->28963K(69120K), 0.0008180 secs] [Times: user=0.00 sys=0.00, real=0.00 secs] 
281.880: Total time for which application threads were stopped: 0.0009880 seconds, Stopping threads took: 0.0000860 seconds
281.926: Application time: 0.0460020 seconds
281.926: [GC [PSYoungGen: 20480K->2432K(21504K)] 47492K->29963K(69120K), 0.0011330 secs] [Times: user=0.01 sys=0.00, real=0.00 secs] 
281.927: Total time for which application threads were stopped: 0.0012780 seconds, Stopping threads took: 0.0000690 seconds
281.977: Application time: 0.0500680 seconds
281.977: [GC [PSYoungGen: 21053K->1936K(21504K)] 48584K->29467K(69120K), 0.0008350 secs] [Times: user=0.00 sys=0.00, real=0.00 secs] 
281.978: Total time for which application threads were stopped: 0.0009690 seconds, Stopping threads took: 0.0000620 seconds
282.024: Application time: 0.0457250 seconds
282.024: [GC [PSYoungGen: 20547K->2496K(21504K)] 48078K->30035K(69120K), 0.0009860 secs] [Times: user=0.00 sys=0.00, real=0.01 secs] 
282.025: Total time for which application threads were stopped: 0.0011500 seconds, Stopping threads took: 0.0000820 seconds
282.075: Application time: 0.0507620 seconds
282.076: [GC [PSYoungGen: 21113K->1936K(21504K)] 48652K->29483K(69120K), 0.0008260 secs] [Times: user=0.00 sys=0.00, real=0.01 secs] 
282.076: Total time for which application threads were stopped: 0.0009680 seconds, Stopping threads took: 0.0000730 seconds
282.122: Application time: 0.0456650 seconds
282.122: [GC [PSYoungGen: 20542K->2496K(21504K)] 48090K->30563K(69120K), 0.0011520 secs] [Times: user=0.01 sys=0.00, real=0.00 secs] 
282.123: Total time for which application threads were stopped: 0.0013110 seconds, Stopping threads took: 0.0000800 seconds
282.174: Application time: 0.0502250 seconds
282.174: [GC [PSYoungGen: 21043K->832K(21504K)] 49110K->28899K(69120K), 0.0005730 secs] [Times: user=0.00 sys=0.00, real=0.00 secs] 
282.174: Total time for which application threads were stopped: 0.0007230 seconds, Stopping threads took: 0.0000820 seconds
282.220: Application time: 0.0452990 seconds
282.220: [GC [PSYoungGen: 19352K->2496K(21504K)] 47419K->31075K(69120K), 0.0011550 secs] [Times: user=0.01 sys=0.00, real=0.00 secs] 
282.221: Total time for which application threads were stopped: 0.0012970 seconds, Stopping threads took: 0.0000660 seconds
282.271: Application time: 0.0502070 seconds
282.271: [GC [PSYoungGen: 21121K->864K(21504K)] 49700K->29443K(69120K), 0.0005430 secs] [Times: user=0.00 sys=0.00, real=0.00 secs] 
282.272: Total time for which application threads were stopped: 0.0007020 seconds, Stopping threads took: 0.0000880 seconds
282.318: Application time: 0.0460380 seconds
282.318: [GC [PSYoungGen: 19384K->2512K(21504K)] 47963K->31611K(69120K), 0.0011590 secs] [Times: user=0.01 sys=0.00, real=0.00 secs] 
282.319: Total time for which application threads were stopped: 0.0013120 seconds, Stopping threads took: 0.0000730 seconds
282.368: Application time: 0.0492430 seconds
282.369: [GC [PSYoungGen: 21051K->2480K(21504K)] 50150K->31579K(69120K), 0.0009960 secs] [Times: user=0.00 sys=0.00, real=0.00 secs] 
282.370: Total time for which application threads were stopped: 0.0011340 seconds, Stopping threads took: 0.0000630 seconds
282.418: Application time: 0.0484970 seconds
282.418: [GC [PSYoungGen: 21101K->1376K(21504K)] 50200K->30475K(69120K), 0.0006760 secs] [Times: user=0.00 sys=0.00, real=0.00 secs] 
282.419: Total time for which application threads were stopped: 0.0008100 seconds, Stopping threads took: 0.0000700 seconds
282.465: Application time: 0.0461720 seconds
282.465: [GC [PSYoungGen: 19904K->2480K(21504K)] 49004K->31587K(69120K), 0.0010170 secs] [Times: user=0.01 sys=0.00, real=0.00 secs] 
282.466: Total time for which application threads were stopped: 0.0011630 seconds, Stopping threads took: 0.0000650 seconds
282.515: Application time: 0.0482680 seconds
282.515: [GC [PSYoungGen: 21101K->1392K(21504K)] 50208K->30499K(69120K), 0.0007710 secs] [Times: user=0.01 sys=0.00, real=0.00 secs] 
282.515: Total time for which application threads were stopped: 0.0009160 seconds, Stopping threads took: 0.0000740 seconds
282.563: Application time: 0.0470950 seconds
282.563: [GC [PSYoungGen: 20005K->1920K(21504K)] 49112K->31035K(69120K), 0.0008490 secs] [Times: user=0.01 sys=0.00, real=0.00 secs] 
282.564: Total time for which application threads were stopped: 0.0011020 seconds, Stopping threads took: 0.0001760 seconds
282.611: Application time: 0.0474820 seconds
282.611: [GC [PSYoungGen: 20444K->2448K(21504K)] 49560K->32595K(69120K), 0.0013330 secs] [Times: user=0.01 sys=0.00, real=0.00 secs] 
282.613: Total time for which application threads were stopped: 0.0014830 seconds, Stopping threads took: 0.0000700 seconds
282.661: Application time: 0.0483890 seconds
282.661: [GC [PSYoungGen: 20993K->1952K(21504K)] 51140K->32099K(69120K), 0.0008520 secs] [Times: user=0.01 sys=0.00, real=0.00 secs] 
282.662: Total time for which application threads were stopped: 0.0009860 seconds, Stopping threads took: 0.0000600 seconds
282.712: Application time: 0.0498440 seconds
282.712: [GC [PSYoungGen: 20653K->320K(21504K)] 50801K->30475K(69120K), 0.0004430 secs] [Times: user=0.00 sys=0.01, real=0.00 secs] 
282.712: Total time for which application threads were stopped: 0.0005840 seconds, Stopping threads took: 0.0000730 seconds
282.758: Application time: 0.0452700 seconds
282.758: [GC [PSYoungGen: 18920K->2448K(21504K)] 49076K->32611K(69120K), 0.0009930 secs] [Times: user=0.00 sys=0.00, real=0.00 secs] 
282.759: Total time for which application threads were stopped: 0.0011380 seconds, Stopping threads took: 0.0000710 seconds
282.809: Application time: 0.0499390 seconds
282.809: [GC [PSYoungGen: 21071K->864K(21504K)] 51234K->31035K(69120K), 0.0005540 secs] [Times: user=0.00 sys=0.00, real=0.00 secs] 
282.809: Total time for which application threads were stopped: 0.0006970 seconds, Stopping threads took: 0.0000730 seconds
282.856: Application time: 0.0462150 seconds
282.856: [GC [PSYoungGen: 19388K->2480K(21504K)] 49560K->32659K(69120K), 0.0010520 secs] [Times: user=0.00 sys=0.00, real=0.01 secs] 
282.857: Total time for which application threads were stopped: 0.0012180 seconds, Stopping threads took: 0.0000880 seconds
282.905: Application time: 0.0483460 seconds
282.905: [GC [PSYoungGen: 21017K->1952K(21504K)] 51196K->32131K(69120K), 0.0008030 secs] [Times: user=0.00 sys=0.00, real=0.00 secs] 
282.906: Total time for which application threads were stopped: 0.0010180 seconds, Stopping threads took: 0.0001470 seconds
282.955: Application time: 0.0484760 seconds
282.955: [GC [PSYoungGen: 20571K->1952K(21504K)] 50750K->32131K(69120K), 0.0008460 secs] [Times: user=0.00 sys=0.00, real=0.00 secs] 
282.956: Total time for which application threads were stopped: 0.0010080 seconds, Stopping threads took: 0.0000860 seconds
283.004: Application time: 0.0477240 seconds
283.004: [GC [PSYoungGen: 20482K->2496K(21504K)] 50662K->32683K(69120K), 0.0009920 secs] [Times: user=0.00 sys=0.00, real=0.01 secs] 
283.005: Total time for which application threads were stopped: 0.0011460 seconds, Stopping threads took: 0.0000770 seconds
283.053: Application time: 0.0480610 seconds
283.053: [GC [PSYoungGen: 21032K->2448K(21504K)] 51220K->32635K(69120K), 0.0010390 secs] [Times: user=0.01 sys=0.00, real=0.00 secs] 
283.054: Total time for which application threads were stopped: 0.0011850 seconds, Stopping threads took: 0.0000730 seconds
283.102: Application time: 0.0480580 seconds
283.102: [GC [PSYoungGen: 21065K->1392K(21504K)] 51252K->31579K(69120K), 0.0007060 secs] [Times: user=0.00 sys=0.00, real=0.00 secs] 
283.103: Total time for which application threads were stopped: 0.0009300 seconds, Stopping threads took: 0.0001420 seconds
283.149: Application time: 0.0463910 seconds
283.149: [GC [PSYoungGen: 19920K->2496K(21504K)] 50108K->33203K(69120K), 0.0011580 secs] [Times: user=0.01 sys=0.00, real=0.00 secs] 
283.151: Total time for which application threads were stopped: 0.0013190 seconds, Stopping threads took: 0.0000860 seconds
283.199: Application time: 0.0483470 seconds
283.199: [GC [PSYoungGen: 21039K->1936K(21504K)] 51746K->32643K(69120K), 0.0008400 secs] [Times: user=0.00 sys=0.00, real=0.00 secs] 
283.200: Total time for which application threads were stopped: 0.0009780 seconds, Stopping threads took: 0.0000690 seconds
283.248: Application time: 0.0475910 seconds
283.248: [GC [PSYoungGen: 20553K->1952K(21504K)] 51260K->32667K(69120K), 0.0008260 secs] [Times: user=0.01 sys=0.00, real=0.00 secs] 
283.249: Total time for which application threads were stopped: 0.0009680 seconds, Stopping threads took: 0.0000740 seconds
283.296: Application time: 0.0470750 seconds
283.296: [GC [PSYoungGen: 20563K->2480K(21504K)] 51278K->33203K(69120K), 0.0010010 secs] [Times: user=0.00 sys=0.00, real=0.01 secs] 
283.297: Total time for which application threads were stopped: 0.0011610 seconds, Stopping threads took: 0.0000860 seconds
283.348: Application time: 0.0508690 seconds
283.348: [GC [PSYoungGen: 21027K->288K(21504K)] 51750K->31011K(69120K), 0.0004780 secs] [Times: user=0.00 sys=0.00, real=0.00 secs] 
283.348: Total time for which application threads were stopped: 0.0005990 seconds, Stopping threads took: 0.0000560 seconds
283.392: Application time: 0.0440390 seconds
283.392: [GC [PSYoungGen: 18966K->2480K(21504K)] 49690K->33203K(69120K), 0.0009620 secs] [Times: user=0.01 sys=0.00, real=0.00 secs] 
283.393: Total time for which application threads were stopped: 0.0011260 seconds, Stopping threads took: 0.0000920 seconds
283.445: Application time: 0.0512390 seconds
283.445: [GC [PSYoungGen: 21105K->336K(21504K)] 51828K->31067K(69120K), 0.0004530 secs] [Times: user=0.00 sys=0.00, real=0.00 secs] 
283.445: Total time for which application threads were stopped: 0.0005980 seconds, Stopping threads took: 0.0000780 seconds
283.488: Application time: 0.0432370 seconds
283.489: [GC [PSYoungGen: 18936K->2480K(21504K)] 49668K->33219K(69120K), 0.0011140 secs] [Times: user=0.00 sys=0.00, real=0.00 secs] 
283.490: Total time for which application threads were stopped: 0.0012530 seconds, Stopping threads took: 0.0000660 seconds
283.541: Application time: 0.0516380 seconds
283.541: [GC [PSYoungGen: 21027K->336K(21504K)] 51766K->31083K(69120K), 0.0004830 secs] [Times: user=0.00 sys=0.00, real=0.00 secs] 
283.542: Total time for which application threads were stopped: 0.0006290 seconds, Stopping threads took: 0.0000780 seconds
283.585: Application time: 0.0433790 seconds
283.585: [GC [PSYoungGen: 18856K->2496K(21504K)] 49603K->33243K(69120K), 0.0009910 secs] [Times: user=0.01 sys=0.00, real=0.00 secs] 
283.587: Total time for which application threads were stopped: 0.0011390 seconds, Stopping threads took: 0.0000750 seconds
283.637: Application time: 0.0502250 seconds
283.637: [GC [PSYoungGen: 21117K->1376K(21504K)] 51864K->32123K(69120K), 0.0006920 secs] [Times: user=0.00 sys=0.00, real=0.00 secs] 
283.638: Total time for which application threads were stopped: 0.0008380 seconds, Stopping threads took: 0.0000710 seconds
283.683: Application time: 0.0450790 seconds
283.683: [GC [PSYoungGen: 19904K->2432K(21504K)] 50652K->33187K(69120K), 0.0010420 secs] [Times: user=0.01 sys=0.00, real=0.00 secs] 
283.684: Total time for which application threads were stopped: 0.0011780 seconds, Stopping threads took: 0.0000620 seconds
283.732: Application time: 0.0486340 seconds
283.733: [GC [PSYoungGen: 20971K->1920K(21504K)] 51726K->32675K(69120K), 0.0008390 secs] [Times: user=0.00 sys=0.00, real=0.00 secs] 
283.733: Total time for which application threads were stopped: 0.0009740 seconds, Stopping threads took: 0.0000630 seconds
283.781: Application time: 0.0471670 seconds
283.781: [GC [PSYoungGen: 20535K->1968K(21504K)] 51290K->32723K(69120K), 0.0008130 secs] [Times: user=0.00 sys=0.00, real=0.00 secs] 
283.782: Total time for which application threads were stopped: 0.0009600 seconds, Stopping threads took: 0.0000710 seconds
283.829: Application time: 0.0470170 seconds
283.829: [GC [PSYoungGen: 20500K->2480K(21504K)] 51256K->33243K(69120K), 0.0009930 secs] [Times: user=0.00 sys=0.00, real=0.00 secs] 
283.830: Total time for which application threads were stopped: 0.0011360 seconds, Stopping threads took: 0.0000700 seconds
283.879: Application time: 0.0494870 seconds
283.879: [GC [PSYoungGen: 21021K->1408K(21504K)] 51784K->32171K(69120K), 0.0007070 secs] [Times: user=0.00 sys=0.01, real=0.00 secs] 
283.880: Total time for which application threads were stopped: 0.0008410 seconds, Stopping threads took: 0.0000660 seconds
283.928: Application time: 0.0474860 seconds
283.928: [GC [PSYoungGen: 20017K->2480K(21504K)] 50780K->33243K(69120K), 0.0009940 secs] [Times: user=0.01 sys=0.00, real=0.00 secs] 
283.929: Total time for which application threads were stopped: 0.0011290 seconds, Stopping threads took: 0.0000650 seconds
283.976: Application time: 0.0478160 seconds
283.977: [GC [PSYoungGen: 21099K->1952K(21504K)] 51862K->32723K(69120K), 0.0009200 secs] [Times: user=0.01 sys=0.00, real=0.00 secs] 
283.978: Total time for which application threads were stopped: 0.0010600 seconds, Stopping threads took: 0.0000670 seconds
284.025: Application time: 0.0473610 seconds
284.025: [GC [PSYoungGen: 20488K->1920K(21504K)] 51260K->32699K(69120K), 0.0008540 secs] [Times: user=0.01 sys=0.00, real=0.00 secs] 
284.026: Total time for which application threads were stopped: 0.0009930 seconds, Stopping threads took: 0.0000690 seconds
284.072: Application time: 0.0465790 seconds
284.073: [GC [PSYoungGen: 20611K->2496K(21504K)] 51390K->33275K(69120K), 0.0009590 secs] [Times: user=0.01 sys=0.00, real=0.00 secs] 
284.074: Total time for which application threads were stopped: 0.0011010 seconds, Stopping threads took: 0.0000670 seconds
284.121: Application time: 0.0474950 seconds
284.121: [GC [PSYoungGen: 21037K->1920K(21504K)] 51816K->32707K(69120K), 0.0008360 secs] [Times: user=0.00 sys=0.00, real=0.00 secs] 
284.122: Total time for which application threads were stopped: 0.0009770 seconds, Stopping threads took: 0.0000720 seconds
284.169: Application time: 0.0464410 seconds
284.169: [GC [PSYoungGen: 20531K->2496K(21504K)] 51318K->33291K(69120K), 0.0009840 secs] [Times: user=0.01 sys=0.00, real=0.00 secs] 
284.170: Total time for which application threads were stopped: 0.0011500 seconds, Stopping threads took: 0.0000780 seconds
284.218: Application time: 0.0479520 seconds
284.218: [GC [PSYoungGen: 21111K->2480K(21504K)] 51906K->33283K(69120K), 0.0010000 secs] [Times: user=0.01 sys=0.00, real=0.00 secs] 
284.219: Total time for which application threads were stopped: 0.0011350 seconds, Stopping threads took: 0.0000650 seconds
284.268: Application time: 0.0489680 seconds
284.268: [GC [PSYoungGen: 21021K->1968K(21504K)] 51824K->32771K(69120K), 0.0008320 secs] [Times: user=0.01 sys=0.00, real=0.00 secs] 
284.269: Total time for which application threads were stopped: 0.0009700 seconds, Stopping threads took: 0.0000710 seconds
284.317: Application time: 0.0486630 seconds
284.317: [GC [PSYoungGen: 20581K->1920K(21504K)] 51384K->32723K(69120K), 0.0008390 secs] [Times: user=0.01 sys=0.00, real=0.00 secs] 
284.318: Total time for which application threads were stopped: 0.0009710 seconds, Stopping threads took: 0.0000660 seconds
284.362: Application time: 0.0434420 seconds
284.362: [GC [PSYoungGen: 20452K->2464K(21504K)] 51256K->33275K(69120K), 0.0009700 secs] [Times: user=0.01 sys=0.00, real=0.00 secs] 
284.363: Total time for which application threads were stopped: 0.0016650 seconds, Stopping threads took: 0.0000660 seconds
284.409: Application time: 0.0457820 seconds
284.409: [GC [PSYoungGen: 21007K->1408K(21504K)] 51818K->32219K(69120K), 0.0007140 secs] [Times: user=0.01 sys=0.00, real=0.00 secs] 
284.410: Total time for which application threads were stopped: 0.0008900 seconds, Stopping threads took: 0.0001070 seconds
284.453: Application time: 0.0429040 seconds
284.453: [GC [PSYoungGen: 20010K->2496K(21504K)] 50822K->33819K(69120K), 0.0011060 secs] [Times: user=0.01 sys=0.00, real=0.00 secs] 
284.454: Total time for which application threads were stopped: 0.0012620 seconds, Stopping threads took: 0.0000830 seconds
284.502: Application time: 0.0476070 seconds
284.502: [GC [PSYoungGen: 21043K->880K(21504K)] 52366K->32211K(69120K), 0.0005270 secs] [Times: user=0.00 sys=0.00, real=0.00 secs] 
284.503: Total time for which application threads were stopped: 0.0006580 seconds, Stopping threads took: 0.0000670 seconds
284.545: Application time: 0.0419710 seconds
284.545: [GC [PSYoungGen: 19404K->2464K(21504K)] 50736K->33795K(69120K), 0.0009700 secs] [Times: user=0.00 sys=0.00, real=0.00 secs] 
284.546: Total time for which application threads were stopped: 0.0011170 seconds, Stopping threads took: 0.0000740 seconds
284.591: Application time: 0.0457110 seconds
284.591: [GC [PSYoungGen: 21007K->1424K(21504K)] 52338K->32755K(69120K), 0.0006800 secs] [Times: user=0.00 sys=0.00, real=0.00 secs] 
284.592: Total time for which application threads were stopped: 0.0008280 seconds, Stopping threads took: 0.0000810 seconds
284.635: Application time: 0.0425880 seconds
284.635: [GC [PSYoungGen: 20107K->2496K(21504K)] 51438K->34347K(69120K), 0.0011450 secs] [Times: user=0.00 sys=0.00, real=0.01 secs] 
284.636: Total time for which application threads were stopped: 0.0013590 seconds, Stopping threads took: 0.0001410 seconds
284.682: Application time: 0.0457710 seconds
284.682: [GC [PSYoungGen: 21037K->1888K(21504K)] 52888K->33747K(69120K), 0.0007780 secs] [Times: user=0.00 sys=0.00, real=0.00 secs] 
284.683: Total time for which application threads were stopped: 0.0009560 seconds, Stopping threads took: 0.0000980 seconds
284.727: Application time: 0.0444270 seconds
284.728: [GC [PSYoungGen: 20501K->1920K(21504K)] 52360K->33779K(69120K), 0.0008210 secs] [Times: user=0.00 sys=0.00, real=0.00 secs] 
284.728: Total time for which application threads were stopped: 0.0010460 seconds, Stopping threads took: 0.0001590 seconds
284.772: Application time: 0.0438510 seconds
284.772: [GC [PSYoungGen: 20533K->1920K(21504K)] 52392K->33787K(69120K), 0.0008310 secs] [Times: user=0.01 sys=0.00, real=0.00 secs] 
284.773: Total time for which application threads were stopped: 0.0009900 seconds, Stopping threads took: 0.0000890 seconds
284.817: Application time: 0.0433410 seconds
284.817: [GC [PSYoungGen: 20522K->2528K(21504K)] 52390K->34907K(69120K), 0.0011130 secs] [Times: user=0.00 sys=0.00, real=0.00 secs] 
284.818: Total time for which application threads were stopped: 0.0013060 seconds, Stopping threads took: 0.0001190 seconds
284.864: Application time: 0.0459680 seconds
284.864: [GC [PSYoungGen: 21147K->1952K(21504K)] 53527K->34339K(69120K), 0.0008470 secs] [Times: user=0.01 sys=0.00, real=0.01 secs] 
284.865: Total time for which application threads were stopped: 0.0009950 seconds, Stopping threads took: 0.0000820 seconds
284.910: Application time: 0.0453970 seconds
284.910: [GC [PSYoungGen: 20493K->1920K(21504K)] 52880K->34315K(69120K), 0.0007920 secs] [Times: user=0.00 sys=0.00, real=0.00 secs] 
284.911: Total time for which application threads were stopped: 0.0009380 seconds, Stopping threads took: 0.0000790 seconds
284.955: Application time: 0.0433730 seconds
284.955: [GC [PSYoungGen: 20452K->2448K(21504K)] 52848K->34843K(69120K), 0.0010130 secs] [Times: user=0.01 sys=0.00, real=0.00 secs] 
284.956: Total time for which application threads were stopped: 0.0011470 seconds, Stopping threads took: 0.0000690 seconds
285.003: Application time: 0.0474320 seconds
285.003: [GC [PSYoungGen: 21071K->848K(21504K)] 53467K->33251K(69120K), 0.0005700 secs] [Times: user=0.00 sys=0.00, real=0.00 secs] 
285.004: Total time for which application threads were stopped: 0.0007040 seconds, Stopping threads took: 0.0000670 seconds
285.044: Application time: 0.0404440 seconds
285.044: [GC [PSYoungGen: 19372K->2480K(21504K)] 51776K->34883K(69120K), 0.0010270 secs] [Times: user=0.01 sys=0.00, real=0.00 secs] 
285.045: Total time for which application threads were stopped: 0.0011680 seconds, Stopping threads took: 0.0000700 seconds
285.094: Application time: 0.0482980 seconds
285.094: [GC [PSYoungGen: 21025K->912K(21504K)] 53428K->33315K(69120K), 0.0005290 secs] [Times: user=0.01 sys=0.00, real=0.00 secs] 
285.094: Total time for which application threads were stopped: 0.0006580 seconds, Stopping threads took: 0.0000680 seconds
285.135: Application time: 0.0401400 seconds
285.135: [GC [PSYoungGen: 19514K->2480K(21504K)] 51918K->34891K(69120K), 0.0009610 secs] [Times: user=0.00 sys=0.00, real=0.00 secs] 
285.136: Total time for which application threads were stopped: 0.0011210 seconds, Stopping threads took: 0.0000820 seconds
285.184: Application time: 0.0482830 seconds
285.184: [GC [PSYoungGen: 21023K->1344K(21504K)] 53434K->33755K(69120K), 0.0006570 secs] [Times: user=0.00 sys=0.00, real=0.00 secs] 
285.185: Total time for which application threads were stopped: 0.0007880 seconds, Stopping threads took: 0.0000560 seconds
285.225: Application time: 0.0404660 seconds
285.225: [GC [PSYoungGen: 19868K->2512K(21504K)] 52280K->35435K(69120K), 0.0011220 secs] [Times: user=0.00 sys=0.00, real=0.00 secs] 
285.226: Total time for which application threads were stopped: 0.0012780 seconds, Stopping threads took: 0.0000810 seconds
285.274: Application time: 0.0477040 seconds
285.274: [GC [PSYoungGen: 21209K->1936K(21504K)] 54133K->34859K(69120K), 0.0008950 secs] [Times: user=0.00 sys=0.00, real=0.00 secs] 
285.275: Total time for which application threads were stopped: 0.0010280 seconds, Stopping threads took: 0.0000660 seconds
285.317: Application time: 0.0421540 seconds
285.317: [GC [PSYoungGen: 20458K->2528K(21504K)] 53382K->36483K(69120K), 0.0012900 secs] [Times: user=0.01 sys=0.00, real=0.00 secs] 
285.319: Total time for which application threads were stopped: 0.0014290 seconds, Stopping threads took: 0.0000640 seconds
285.366: Application time: 0.0470630 seconds
285.366: [GC [PSYoungGen: 21153K->1424K(21504K)] 55109K->35379K(69120K), 0.0006720 secs] [Times: user=0.01 sys=0.00, real=0.00 secs] 
285.367: Total time for which application threads were stopped: 0.0008270 seconds, Stopping threads took: 0.0000860 seconds
285.410: Application time: 0.0432430 seconds
285.410: [GC [PSYoungGen: 20031K->2480K(21504K)] 53986K->36443K(69120K), 0.0009640 secs] [Times: user=0.01 sys=0.00, real=0.00 secs] 
285.411: Total time for which application threads were stopped: 0.0010990 seconds, Stopping threads took: 0.0000620 seconds
285.455: Application time: 0.0439820 seconds
285.455: [GC [PSYoungGen: 21095K->2448K(21504K)] 55058K->36427K(69120K), 0.0010170 secs] [Times: user=0.01 sys=0.00, real=0.01 secs] 
285.456: Total time for which application threads were stopped: 0.0011770 seconds, Stopping threads took: 0.0000880 seconds
285.500: Application time: 0.0440900 seconds
285.500: [GC [PSYoungGen: 21067K->1920K(21504K)] 55046K->35907K(69120K), 0.0007920 secs] [Times: user=0.00 sys=0.00, real=0.00 secs] 
285.501: Total time for which application threads were stopped: 0.0009970 seconds, Stopping threads took: 0.0001370 seconds
285.546: Application time: 0.0442050 seconds
285.546: [GC [PSYoungGen: 20452K->1936K(21504K)] 54440K->35931K(69120K), 0.0008190 secs] [Times: user=0.00 sys=0.00, real=0.00 secs] 
285.547: Total time for which application threads were stopped: 0.0010290 seconds, Stopping threads took: 0.0001400 seconds
285.591: Application time: 0.0444500 seconds
285.591: [GC [PSYoungGen: 20468K->2496K(21504K)] 54464K->36491K(69120K), 0.0009500 secs] [Times: user=0.00 sys=0.00, real=0.00 secs] 
285.592: Total time for which application threads were stopped: 0.0011050 seconds, Stopping threads took: 0.0000830 seconds
285.639: Application time: 0.0467370 seconds
285.639: [GC [PSYoungGen: 21121K->896K(21504K)] 55117K->34891K(69120K), 0.0005610 secs] [Times: user=0.00 sys=0.00, real=0.00 secs] 
285.640: Total time for which application threads were stopped: 0.0007430 seconds, Stopping threads took: 0.0001130 seconds
285.682: Application time: 0.0422030 seconds
285.682: [GC [PSYoungGen: 19420K->2432K(21504K)] 53416K->36435K(69120K), 0.0010230 secs] [Times: user=0.00 sys=0.00, real=0.00 secs] 
285.683: Total time for which application threads were stopped: 0.0011650 seconds, Stopping threads took: 0.0000690 seconds
285.729: Application time: 0.0462680 seconds
285.729: [GC [PSYoungGen: 20975K->880K(21504K)] 54978K->34883K(69120K), 0.0005670 secs] [Times: user=0.00 sys=0.00, real=0.00 secs] 
285.730: Total time for which application threads were stopped: 0.0007230 seconds, Stopping threads took: 0.0000800 seconds
285.772: Application time: 0.0420650 seconds
285.772: [GC [PSYoungGen: 19478K->2432K(21504K)] 53482K->36947K(69120K), 0.0011800 secs] [Times: user=0.00 sys=0.00, real=0.00 secs] 
285.773: Total time for which application threads were stopped: 0.0013350 seconds, Stopping threads took: 0.0000800 seconds
285.820: Application time: 0.0465210 seconds
285.820: [GC [PSYoungGen: 20977K->800K(21504K)] 55492K->35323K(69120K), 0.0005850 secs] [Times: user=0.00 sys=0.00, real=0.00 secs] 
285.821: Total time for which application threads were stopped: 0.0007670 seconds, Stopping threads took: 0.0001190 seconds
285.863: Application time: 0.0422900 seconds
285.863: [GC [PSYoungGen: 19324K->2400K(21504K)] 53848K->37435K(69120K), 0.0011690 secs] [Times: user=0.00 sys=0.01, real=0.01 secs] 
285.864: Total time for which application threads were stopped: 0.0013150 seconds, Stopping threads took: 0.0000760 seconds
285.911: Application time: 0.0465710 seconds
285.911: [GC [PSYoungGen: 21023K->1392K(21504K)] 56059K->36427K(69120K), 0.0007070 secs] [Times: user=0.00 sys=0.00, real=0.00 secs] 
285.912: Total time for which application threads were stopped: 0.0008360 seconds, Stopping threads took: 0.0000620 seconds
285.953: Application time: 0.0410050 seconds
285.953: [GC [PSYoungGen: 19992K->2400K(21504K)] 55028K->38467K(69120K), 0.0014110 secs] [Times: user=0.01 sys=0.00, real=0.00 secs] 
285.954: Total time for which application threads were stopped: 0.0015720 seconds, Stopping threads took: 0.0000820 seconds
286.001: Application time: 0.0471500 seconds
286.002: [GC [PSYoungGen: 21025K->1440K(21504K)] 57093K->37507K(69120K), 0.0006550 secs] [Times: user=0.01 sys=0.00, real=0.00 secs] 
286.002: Total time for which application threads were stopped: 0.0007950 seconds, Stopping threads took: 0.0000760 seconds
286.045: Application time: 0.0429380 seconds
286.045: [GC [PSYoungGen: 20042K->2512K(21504K)] 56110K->39099K(69120K), 0.0011180 secs] [Times: user=0.01 sys=0.00, real=0.00 secs] 
286.046: Total time for which application threads were stopped: 0.0012610 seconds, Stopping threads took: 0.0000690 seconds
286.091: Application time: 0.0444080 seconds
286.091: [GC [PSYoungGen: 21129K->2480K(21504K)] 57716K->39075K(69120K), 0.0009740 secs] [Times: user=0.01 sys=0.00, real=0.00 secs] 
286.092: Total time for which application threads were stopped: 0.0011300 seconds, Stopping threads took: 0.0000870 seconds
286.137: Application time: 0.0451100 seconds
286.137: [GC [PSYoungGen: 21101K->1408K(21504K)] 57697K->38011K(69120K), 0.0006700 secs] [Times: user=0.00 sys=0.00, real=0.00 secs] 
286.138: Total time for which application threads were stopped: 0.0008020 seconds, Stopping threads took: 0.0000640 seconds
286.180: Application time: 0.0422310 seconds
286.180: [GC [PSYoungGen: 19932K->2480K(21504K)] 56536K->39603K(69120K), 0.0011300 secs] [Times: user=0.00 sys=0.00, real=0.00 secs] 
286.181: Total time for which application threads were stopped: 0.0012890 seconds, Stopping threads took: 0.0000850 seconds
286.229: Application time: 0.0472730 seconds
286.229: [GC [PSYoungGen: 21027K->896K(21504K)] 58151K->38019K(69120K), 0.0005200 secs] [Times: user=0.01 sys=0.00, real=0.00 secs] 
286.229: Total time for which application threads were stopped: 0.0006460 seconds, Stopping threads took: 0.0000640 seconds
286.271: Application time: 0.0414410 seconds
286.271: [GC [PSYoungGen: 19496K->2512K(21504K)] 56620K->40147K(69120K), 0.0011180 secs] [Times: user=0.00 sys=0.00, real=0.00 secs] 
286.272: Total time for which application threads were stopped: 0.0012750 seconds, Stopping threads took: 0.0000760 seconds
286.317: Application time: 0.0454410 seconds
286.318: [GC [PSYoungGen: 21055K->1392K(21504K)] 58690K->39035K(69120K), 0.0006640 secs] [Times: user=0.00 sys=0.00, real=0.00 secs] 
286.318: Total time for which application threads were stopped: 0.0008240 seconds, Stopping threads took: 0.0000940 seconds
286.361: Application time: 0.0429620 seconds
286.361: [GC [PSYoungGen: 19916K->2496K(21504K)] 57560K->40651K(69120K), 0.0011460 secs] [Times: user=0.00 sys=0.00, real=0.00 secs] 
286.363: Total time for which application threads were stopped: 0.0013100 seconds, Stopping threads took: 0.0000790 seconds
286.408: Application time: 0.0455650 seconds
286.408: [GC [PSYoungGen: 21117K->1936K(21504K)] 59273K->40091K(69120K), 0.0008300 secs] [Times: user=0.00 sys=0.00, real=0.00 secs] 
286.409: Total time for which application threads were stopped: 0.0009800 seconds, Stopping threads took: 0.0000850 seconds
286.451: Application time: 0.0423480 seconds
286.452: [GC [PSYoungGen: 20464K->2448K(21504K)] 58620K->41123K(69120K), 0.0011750 secs] [Times: user=0.01 sys=0.00, real=0.00 secs] 
286.453: Total time for which application threads were stopped: 0.0013710 seconds, Stopping threads took: 0.0001190 seconds
286.499: Application time: 0.0458210 seconds
286.499: [GC [PSYoungGen: 20991K->1392K(21504K)] 59667K->40067K(69120K), 0.0007490 secs] [Times: user=0.01 sys=0.00, real=0.00 secs] 
286.500: Total time for which application threads were stopped: 0.0009400 seconds, Stopping threads took: 0.0001230 seconds
286.542: Application time: 0.0423460 seconds
286.542: [GC [PSYoungGen: 19912K->2512K(21504K)] 58588K->42211K(69120K), 0.0013110 secs] [Times: user=0.00 sys=0.00, real=0.00 secs] 
286.543: Total time for which application threads were stopped: 0.0014540 seconds, Stopping threads took: 0.0000690 seconds
286.589: Application time: 0.0460700 seconds
286.590: [GC [PSYoungGen: 21137K->1440K(21504K)] 60837K->41147K(69120K), 0.0006650 secs] [Times: user=0.01 sys=0.00, real=0.00 secs] 
286.590: Total time for which application threads were stopped: 0.0008180 seconds, Stopping threads took: 0.0000880 seconds
286.633: Application time: 0.0423470 seconds
286.633: [GC [PSYoungGen: 20123K->2464K(21504K)] 59830K->42691K(69120K), 0.0011770 secs] [Times: user=0.00 sys=0.00, real=0.00 secs] 
286.634: Total time for which application threads were stopped: 0.0013640 seconds, Stopping threads took: 0.0001150 seconds
286.679: Application time: 0.0453300 seconds
286.679: [GC [PSYoungGen: 21085K->1936K(21504K)] 61313K->42171K(69120K), 0.0008110 secs] [Times: user=0.00 sys=0.00, real=0.00 secs] 
286.680: Total time for which application threads were stopped: 0.0009490 seconds, Stopping threads took: 0.0000700 seconds
286.723: Application time: 0.0425060 seconds
286.723: [GC [PSYoungGen: 20538K->2400K(21504K)] 60774K->43667K(69120K), 0.0013090 secs] [Times: user=0.00 sys=0.00, real=0.01 secs] 
286.724: Total time for which application threads were stopped: 0.0014590 seconds, Stopping threads took: 0.0000760 seconds
286.772: Application time: 0.0472600 seconds
286.772: [GC [PSYoungGen: 21023K->1936K(21504K)] 62291K->43212K(69120K), 0.0008220 secs] [Times: user=0.00 sys=0.00, real=0.00 secs] 
286.773: Total time for which application threads were stopped: 0.0009920 seconds, Stopping threads took: 0.0000920 seconds
286.815: Application time: 0.0420100 seconds
286.815: [GC [PSYoungGen: 20460K->2528K(21504K)] 61736K->44843K(69120K), 0.0013060 secs] [Times: user=0.01 sys=0.00, real=0.00 secs] 
286.816: Total time for which application threads were stopped: 0.0014670 seconds, Stopping threads took: 0.0000850 seconds
286.862: Application time: 0.0456150 seconds
286.862: [GC [PSYoungGen: 21073K->1952K(21504K)] 63389K->44267K(69120K), 0.0008240 secs] [Times: user=0.00 sys=0.00, real=0.00 secs] 
286.863: Total time for which application threads were stopped: 0.0009840 seconds, Stopping threads took: 0.0000930 seconds
286.906: Application time: 0.0432350 seconds
286.906: [GC [PSYoungGen: 20554K->2528K(21504K)] 62870K->45868K(69120K), 0.0012740 secs] [Times: user=0.01 sys=0.00, real=0.00 secs] 
286.907: Total time for which application threads were stopped: 0.0014240 seconds, Stopping threads took: 0.0000770 seconds
286.952: Application time: 0.0451540 seconds
286.953: [GC [PSYoungGen: 21075K->1408K(21504K)] 64415K->44756K(69120K), 0.0007080 secs] [Times: user=0.00 sys=0.00, real=0.00 secs] 
286.953: Total time for which application threads were stopped: 0.0008540 seconds, Stopping threads took: 0.0000740 seconds
286.996: Application time: 0.0422950 seconds
286.996: [GC [PSYoungGen: 19928K->2496K(21504K)] 63276K->46868K(69120K), 0.0013090 secs] [Times: user=0.01 sys=0.00, real=0.01 secs] 
286.997: Total time for which application threads were stopped: 0.0014600 seconds, Stopping threads took: 0.0000760 seconds
287.043: Application time: 0.0462740 seconds
287.043: [GC [PSYoungGen: 21117K->1920K(21504K)] 65489K->46292K(69120K), 0.0008360 secs] [Times: user=0.00 sys=0.01, real=0.01 secs] 
287.044: Total time for which application threads were stopped: 0.0009730 seconds, Stopping threads took: 0.0000640 seconds
287.086: Application time: 0.0413860 seconds
287.086: [GC [PSYoungGen: 20444K->2512K(21504K)] 64816K->47916K(69120K), 0.0013400 secs] [Times: user=0.00 sys=0.00, real=0.00 secs] 
287.087: Total time for which application threads were stopped: 0.0014820 seconds, Stopping threads took: 0.0000660 seconds
287.134: Application time: 0.0466610 seconds
287.134: [GC [PSYoungGen: 21057K->1936K(21504K)] 66461K->47340K(69120K), 0.0008970 secs] [Times: user=0.00 sys=0.00, real=0.00 secs] 
287.135: Total time for which application threads were stopped: 0.0010390 seconds, Stopping threads took: 0.0000760 seconds
287.177: Application time: 0.0420140 seconds
287.177: [GC [PSYoungGen: 20460K->2496K(21504K)] 65864K->48924K(69120K), 0.0012880 secs] [Times: user=0.01 sys=0.00, real=0.00 secs] 
287.178: [Full GC [PSYoungGen: 2496K->0K(21504K)] [ParOldGen: 46428K->10030K(47616K)] 48924K->10030K(69120K) [PSPermGen: 5183K->5183K(21504K)], 0.0048080 secs] [Times: user=0.02 sys=0.00, real=0.00 secs] 
287.183: Total time for which application threads were stopped: 0.0063060 seconds, Stopping threads took: 0.0000810 seconds
287.230: Application time: 0.0470820 seconds
287.230: [GC [PSYoungGen: 18623K->1792K(21504K)] 28653K->11822K(69120K), 0.0007260 secs] [Times: user=0.01 sys=0.00, real=0.00 secs] 
287.231: Total time for which application threads were stopped: 0.0008630 seconds, Stopping threads took: 0.0000690 seconds
287.276: Application time: 0.0447060 seconds
287.276: [GC [PSYoungGen: 20407K->1792K(21504K)] 30437K->11822K(69120K), 0.0007320 secs] [Times: user=0.00 sys=0.00, real=0.01 secs] 
287.277: Total time for which application threads were stopped: 0.0008970 seconds, Stopping threads took: 0.0000870 seconds
287.320: Application time: 0.0436420 seconds
287.320: [GC [PSYoungGen: 20478K->1808K(21504K)] 30509K->11838K(69120K), 0.0007220 secs] [Times: user=0.00 sys=0.00, real=0.00 secs] 
287.321: Total time for which application threads were stopped: 0.0008760 seconds, Stopping threads took: 0.0000900 seconds
287.365: Application time: 0.0438810 seconds
287.365: [GC [PSYoungGen: 20344K->2368K(21504K)] 30374K->12398K(69120K), 0.0008700 secs] [Times: user=0.01 sys=0.00, real=0.00 secs] 
287.366: Total time for which application threads were stopped: 0.0010140 seconds, Stopping threads took: 0.0000730 seconds
287.412: Application time: 0.0455440 seconds
287.412: [GC [PSYoungGen: 21061K->2416K(21504K)] 31091K->12446K(69120K), 0.0009120 secs] [Times: user=0.01 sys=0.00, real=0.00 secs] 
287.413: Total time for which application threads were stopped: 0.0010450 seconds, Stopping threads took: 0.0000600 seconds
287.458: Application time: 0.0449500 seconds
287.458: [GC [PSYoungGen: 20959K->1344K(21504K)] 30989K->11374K(69120K), 0.0006310 secs] [Times: user=0.00 sys=0.00, real=0.00 secs] 
287.458: Total time for which application threads were stopped: 0.0007740 seconds, Stopping threads took: 0.0000720 seconds
287.502: Application time: 0.0431230 seconds
287.502: [GC [PSYoungGen: 19872K->2432K(21504K)] 29902K->12462K(69120K), 0.0009050 secs] [Times: user=0.01 sys=0.00, real=0.00 secs] 
287.503: Total time for which application threads were stopped: 0.0010430 seconds, Stopping threads took: 0.0000720 seconds
287.548: Application time: 0.0453610 seconds
287.548: [GC [PSYoungGen: 20977K->816K(21504K)] 31007K->10846K(69120K), 0.0004910 secs] [Times: user=0.00 sys=0.00, real=0.00 secs] 
287.549: Total time for which application threads were stopped: 0.0006180 seconds, Stopping threads took: 0.0000660 seconds
287.591: Application time: 0.0428790 seconds
287.592: [GC [PSYoungGen: 19418K->2464K(21504K)] 29448K->12494K(69120K), 0.0009350 secs] [Times: user=0.01 sys=0.00, real=0.00 secs] 
287.593: Total time for which application threads were stopped: 0.0010800 seconds, Stopping threads took: 0.0000770 seconds
287.639: Application time: 0.0461400 seconds
287.639: [GC [PSYoungGen: 21009K->288K(21504K)] 31039K->10318K(69120K), 0.0003980 secs] [Times: user=0.00 sys=0.00, real=0.00 secs] 
287.639: Total time for which application threads were stopped: 0.0005730 seconds, Stopping threads took: 0.0001150 seconds
287.681: Application time: 0.0420050 seconds
287.681: [GC [PSYoungGen: 18890K->2496K(21504K)] 28920K->12526K(69120K), 0.0009320 secs] [Times: user=0.00 sys=0.00, real=0.00 secs] 
287.682: Total time for which application threads were stopped: 0.0010670 seconds, Stopping threads took: 0.0000640 seconds
287.728: Application time: 0.0457210 seconds
287.728: [GC [PSYoungGen: 21039K->1440K(21504K)] 31069K->11470K(69120K), 0.0006990 secs] [Times: user=0.01 sys=0.00, real=0.00 secs] 
287.729: Total time for which application threads were stopped: 0.0008260 seconds, Stopping threads took: 0.0000640 seconds
287.771: Application time: 0.0420270 seconds
287.771: [GC [PSYoungGen: 19964K->2480K(21504K)] 29994K->13022K(69120K), 0.0011620 secs] [Times: user=0.01 sys=0.01, real=0.00 secs] 
287.772: Total time for which application threads were stopped: 0.0013120 seconds, Stopping threads took: 0.0000780 seconds
287.819: Application time: 0.0466410 seconds
287.819: [GC [PSYoungGen: 21021K->1888K(21504K)] 31563K->12430K(69120K), 0.0007860 secs] [Times: user=0.01 sys=0.00, real=0.00 secs] 
287.820: Total time for which application threads were stopped: 0.0009360 seconds, Stopping threads took: 0.0000760 seconds
287.862: Application time: 0.0420860 seconds
287.862: [GC [PSYoungGen: 20492K->2496K(21504K)] 31034K->14062K(69120K), 0.0012690 secs] [Times: user=0.01 sys=0.00, real=0.00 secs] 
287.863: Total time for which application threads were stopped: 0.0014220 seconds, Stopping threads took: 0.0000770 seconds
287.910: Application time: 0.0465070 seconds
287.910: [GC [PSYoungGen: 21043K->1408K(21504K)] 32609K->12990K(69120K), 0.0006370 secs] [Times: user=0.01 sys=0.00, real=0.00 secs] 
287.911: Total time for which application threads were stopped: 0.0007760 seconds, Stopping threads took: 0.0000740 seconds
287.953: Application time: 0.0425190 seconds
287.953: [GC [PSYoungGen: 20169K->2400K(21504K)] 31751K->14510K(69120K), 0.0011130 secs] [Times: user=0.00 sys=0.00, real=0.00 secs] 
287.954: Total time for which application threads were stopped: 0.0012580 seconds, Stopping threads took: 0.0000700 seconds
288.000: Application time: 0.0459530 seconds
288.000: [GC [PSYoungGen: 20941K->1936K(21504K)] 33051K->14062K(69120K), 0.0007760 secs] [Times: user=0.00 sys=0.00, real=0.00 secs] 
288.001: Total time for which application threads were stopped: 0.0009010 seconds, Stopping threads took: 0.0000610 seconds
288.044: Application time: 0.0424330 seconds
288.044: [GC [PSYoungGen: 20538K->2496K(21504K)] 32665K->15646K(69120K), 0.0012940 secs] [Times: user=0.01 sys=0.00, real=0.01 secs] 
288.045: Total time for which application threads were stopped: 0.0014460 seconds, Stopping threads took: 0.0000730 seconds
288.091: Application time: 0.0461240 seconds
288.091: [GC [PSYoungGen: 21121K->1424K(21504K)] 34271K->14598K(69120K), 0.0006170 secs] [Times: user=0.00 sys=0.00, real=0.00 secs] 
288.092: Total time for which application threads were stopped: 0.0007590 seconds, Stopping threads took: 0.0000700 seconds
288.134: Application time: 0.0418410 seconds
288.134: [GC [PSYoungGen: 19948K->2496K(21504K)] 33122K->16182K(69120K), 0.0010900 secs] [Times: user=0.00 sys=0.00, real=0.00 secs] 
288.135: Total time for which application threads were stopped: 0.0012350 seconds, Stopping threads took: 0.0000720 seconds
288.182: Application time: 0.0466600 seconds
288.182: [GC [PSYoungGen: 21039K->1920K(21504K)] 34725K->15606K(69120K), 0.0008670 secs] [Times: user=0.00 sys=0.00, real=0.00 secs] 
288.183: Total time for which application threads were stopped: 0.0010010 seconds, Stopping threads took: 0.0000670 seconds
288.225: Application time: 0.0420920 seconds
288.225: [GC [PSYoungGen: 20524K->2480K(21504K)] 34211K->17190K(69120K), 0.0012870 secs] [Times: user=0.00 sys=0.00, real=0.00 secs] 
288.226: Total time for which application threads were stopped: 0.0014510 seconds, Stopping threads took: 0.0000890 seconds
288.274: Application time: 0.0472370 seconds
288.274: [GC [PSYoungGen: 21025K->1936K(21504K)] 35735K->16654K(69120K), 0.0007650 secs] [Times: user=0.01 sys=0.00, real=0.00 secs] 
288.274: Total time for which application threads were stopped: 0.0009070 seconds, Stopping threads took: 0.0000790 seconds
288.319: Application time: 0.0440450 seconds
288.319: [GC [PSYoungGen: 20551K->1392K(21504K)] 35269K->16110K(69120K), 0.0006610 secs] [Times: user=0.01 sys=0.00, real=0.00 secs] 
288.319: Total time for which application threads were stopped: 0.0007940 seconds, Stopping threads took: 0.0000650 seconds
288.363: Application time: 0.0440600 seconds
288.364: [GC [PSYoungGen: 19930K->1424K(21504K)] 34649K->16158K(69120K), 0.0006310 secs] [Times: user=0.00 sys=0.01, real=0.01 secs] 
288.364: Total time for which application threads were stopped: 0.0008740 seconds, Stopping threads took: 0.0001730 seconds
288.408: Application time: 0.0436400 seconds
288.408: [GC [PSYoungGen: 19952K->2496K(21504K)] 34686K->17230K(69120K), 0.0009550 secs] [Times: user=0.00 sys=0.00, real=0.00 secs] 
288.409: Total time for which application threads were stopped: 0.0011130 seconds, Stopping threads took: 0.0000800 seconds
288.454: Application time: 0.0450810 seconds
288.454: [GC [PSYoungGen: 21035K->1920K(21504K)] 35769K->16654K(69120K), 0.0008160 secs] [Times: user=0.00 sys=0.00, real=0.00 secs] 
288.455: Total time for which application threads were stopped: 0.0009660 seconds, Stopping threads took: 0.0000810 seconds
288.497: Application time: 0.0423660 seconds
288.498: [GC [PSYoungGen: 20531K->2496K(21504K)] 35265K->17230K(69120K), 0.0009140 secs] [Times: user=0.01 sys=0.00, real=0.00 secs] 
288.498: Total time for which application threads were stopped: 0.0010520 seconds, Stopping threads took: 0.0000690 seconds
288.546: Application time: 0.0470490 seconds
288.546: [GC [PSYoungGen: 21039K->1392K(21504K)] 35773K->16134K(69120K), 0.0006270 secs] [Times: user=0.00 sys=0.00, real=0.00 secs] 
288.546: Total time for which application threads were stopped: 0.0007740 seconds, Stopping threads took: 0.0000840 seconds
288.587: Application time: 0.0405880 seconds
288.587: [GC [PSYoungGen: 19994K->2496K(21504K)] 34736K->17750K(69120K), 0.0011220 secs] [Times: user=0.01 sys=0.00, real=0.00 secs] 
288.588: Total time for which application threads were stopped: 0.0012700 seconds, Stopping threads took: 0.0000700 seconds
288.635: Application time: 0.0466300 seconds
288.635: [GC [PSYoungGen: 21197K->1408K(21504K)] 36451K->16670K(69120K), 0.0006540 secs] [Times: user=0.00 sys=0.00, real=0.00 secs] 
288.636: Total time for which application threads were stopped: 0.0007800 seconds, Stopping threads took: 0.0000560 seconds
288.678: Application time: 0.0422050 seconds
288.678: [GC [PSYoungGen: 20012K->2496K(21504K)] 35275K->18270K(69120K), 0.0011520 secs] [Times: user=0.01 sys=0.00, real=0.00 secs] 
288.679: Total time for which application threads were stopped: 0.0013010 seconds, Stopping threads took: 0.0000770 seconds
288.725: Application time: 0.0455940 seconds
288.725: [GC [PSYoungGen: 21121K->880K(21504K)] 36895K->16662K(69120K), 0.0005230 secs] [Times: user=0.00 sys=0.00, real=0.00 secs] 
288.725: Total time for which application threads were stopped: 0.0006560 seconds, Stopping threads took: 0.0000670 seconds
288.768: Application time: 0.0424400 seconds
288.768: [GC [PSYoungGen: 19404K->2496K(21504K)] 35186K->18286K(69120K), 0.0009370 secs] [Times: user=0.01 sys=0.00, real=0.00 secs] 
288.769: Total time for which application threads were stopped: 0.0010830 seconds, Stopping threads took: 0.0000730 seconds
288.812: Application time: 0.0436100 seconds
288.813: [GC [PSYoungGen: 21028K->2496K(21504K)] 36819K->18798K(69120K), 0.0011110 secs] [Times: user=0.01 sys=0.00, real=0.00 secs] 
288.814: Total time for which application threads were stopped: 0.0012630 seconds, Stopping threads took: 0.0000790 seconds
288.860: Application time: 0.0461670 seconds
288.860: [GC [PSYoungGen: 21117K->1920K(21504K)] 37419K->18222K(69120K), 0.0007970 secs] [Times: user=0.00 sys=0.00, real=0.00 secs] 
288.861: Total time for which application threads were stopped: 0.0009270 seconds, Stopping threads took: 0.0000590 seconds
288.904: Application time: 0.0432400 seconds
288.904: [GC [PSYoungGen: 20452K->2464K(21504K)] 36755K->18774K(69120K), 0.0009520 secs] [Times: user=0.00 sys=0.00, real=0.00 secs] 
288.905: Total time for which application threads were stopped: 0.0010950 seconds, Stopping threads took: 0.0000590 seconds
288.950: Application time: 0.0446070 seconds
288.950: [GC [PSYoungGen: 21077K->2480K(21504K)] 37387K->18790K(69120K), 0.0009390 secs] [Times: user=0.01 sys=0.00, real=0.00 secs] 
288.951: Total time for which application threads were stopped: 0.0010700 seconds, Stopping threads took: 0.0000620 seconds
288.995: Application time: 0.0444710 seconds
288.995: [GC [PSYoungGen: 21023K->1408K(21504K)] 37333K->17726K(69120K), 0.0006500 secs] [Times: user=0.01 sys=0.00, real=0.01 secs] 
288.996: Total time for which application threads were stopped: 0.0007880 seconds, Stopping threads took: 0.0000700 seconds
289.040: Application time: 0.0435120 seconds
289.040: [GC [PSYoungGen: 19938K->2464K(21504K)] 36256K->18782K(69120K), 0.0009560 secs] [Times: user=0.01 sys=0.00, real=0.00 secs] 
289.041: Total time for which application threads were stopped: 0.0010960 seconds, Stopping threads took: 0.0000690 seconds
289.085: Application time: 0.0444430 seconds
289.085: [GC [PSYoungGen: 21007K->1376K(21504K)] 37325K->17694K(69120K), 0.0006420 secs] [Times: user=0.00 sys=0.00, real=0.00 secs] 
289.086: Total time for which application threads were stopped: 0.0007710 seconds, Stopping threads took: 0.0000620 seconds
289.129: Application time: 0.0431410 seconds
289.129: [GC [PSYoungGen: 19982K->2480K(21504K)] 36301K->18798K(69120K), 0.0009170 secs] [Times: user=0.00 sys=0.00, real=0.00 secs] 
289.130: Total time for which application threads were stopped: 0.0010590 seconds, Stopping threads took: 0.0000700 seconds
289.175: Application time: 0.0452270 seconds
289.176: [GC [PSYoungGen: 21016K->2464K(21504K)] 37335K->18790K(69120K), 0.0010290 secs] [Times: user=0.00 sys=0.00, real=0.01 secs] 
289.177: Total time for which application threads were stopped: 0.0011920 seconds, Stopping threads took: 0.0000870 seconds
289.221: Application time: 0.0444830 seconds
289.221: [GC [PSYoungGen: 21083K->1952K(21504K)] 37409K->18278K(69120K), 0.0008050 secs] [Times: user=0.00 sys=0.00, real=0.00 secs] 
289.222: Total time for which application threads were stopped: 0.0009470 seconds, Stopping threads took: 0.0000710 seconds
289.266: Application time: 0.0437860 seconds
289.266: [GC [PSYoungGen: 20641K->2496K(21504K)] 36967K->18830K(69120K), 0.0009350 secs] [Times: user=0.01 sys=0.00, real=0.00 secs] 
289.267: Total time for which application threads were stopped: 0.0010900 seconds, Stopping threads took: 0.0000820 seconds
289.312: Application time: 0.0447390 seconds
289.312: [GC [PSYoungGen: 21111K->2480K(21504K)] 37445K->18822K(69120K), 0.0009330 secs] [Times: user=0.01 sys=0.00, real=0.00 secs] 
289.313: Total time for which application threads were stopped: 0.0011150 seconds, Stopping threads took: 0.0001080 seconds
289.357: Application time: 0.0443290 seconds
289.357: [GC [PSYoungGen: 21099K->1952K(21504K)] 37441K->18302K(69120K), 0.0007760 secs] [Times: user=0.00 sys=0.00, real=0.00 secs] 
289.358: Total time for which application threads were stopped: 0.0009100 seconds, Stopping threads took: 0.0000670 seconds
289.401: Application time: 0.0432990 seconds
289.401: [GC [PSYoungGen: 20480K->2512K(21504K)] 36830K->19382K(69120K), 0.0011410 secs] [Times: user=0.00 sys=0.00, real=0.00 secs] 
289.403: Total time for which application threads were stopped: 0.0012950 seconds, Stopping threads took: 0.0000770 seconds
289.447: Application time: 0.0448740 seconds
289.448: [GC [PSYoungGen: 21057K->1424K(21504K)] 37927K->18294K(69120K), 0.0006130 secs] [Times: user=0.00 sys=0.01, real=0.00 secs] 
289.448: Total time for which application threads were stopped: 0.0007540 seconds, Stopping threads took: 0.0000710 seconds
289.492: Application time: 0.0437740 seconds
289.492: [GC [PSYoungGen: 19952K->2464K(21504K)] 36822K->19334K(69120K), 0.0010080 secs] [Times: user=0.01 sys=0.00, real=0.00 secs] 
289.493: Total time for which application threads were stopped: 0.0011650 seconds, Stopping threads took: 0.0000870 seconds
289.538: Application time: 0.0445690 seconds
289.538: [GC [PSYoungGen: 21081K->1968K(21504K)] 37951K->18846K(69120K), 0.0007880 secs] [Times: user=0.01 sys=0.00, real=0.00 secs] 
289.539: Total time for which application threads were stopped: 0.0009320 seconds, Stopping threads took: 0.0000770 seconds
289.582: Application time: 0.0435160 seconds
289.582: [GC [PSYoungGen: 20579K->2480K(21504K)] 37457K->19358K(69120K), 0.0009210 secs] [Times: user=0.01 sys=0.00, real=0.00 secs] 
289.583: Total time for which application threads were stopped: 0.0010640 seconds, Stopping threads took: 0.0000740 seconds
289.628: Application time: 0.0450290 seconds
289.628: [GC [PSYoungGen: 21021K->1952K(21504K)] 37899K->18838K(69120K), 0.0007870 secs] [Times: user=0.00 sys=0.00, real=0.00 secs] 
289.629: Total time for which application threads were stopped: 0.0009230 seconds, Stopping threads took: 0.0000690 seconds
289.673: Application time: 0.0432990 seconds
289.673: [GC [PSYoungGen: 20484K->2480K(21504K)] 37371K->19366K(69120K), 0.0009330 secs] [Times: user=0.01 sys=0.00, real=0.00 secs] 
289.674: Total time for which application threads were stopped: 0.0010740 seconds, Stopping threads took: 0.0000690 seconds
289.718: Application time: 0.0447710 seconds
289.718: [GC [PSYoungGen: 21021K->1920K(21504K)] 37907K->18806K(69120K), 0.0007760 secs] [Times: user=0.01 sys=0.00, real=0.00 secs] 
289.719: Total time for which application threads were stopped: 0.0009090 seconds, Stopping threads took: 0.0000670 seconds
289.763: Application time: 0.0434970 seconds
289.763: [GC [PSYoungGen: 20452K->2432K(21504K)] 37339K->19318K(69120K), 0.0009290 secs] [Times: user=0.01 sys=0.00, real=0.00 secs] 
289.764: Total time for which application threads were stopped: 0.0010860 seconds, Stopping threads took: 0.0000820 seconds
289.809: Application time: 0.0452950 seconds
289.809: [GC [PSYoungGen: 21053K->1424K(21504K)] 37939K->18318K(69120K), 0.0006200 secs] [Times: user=0.01 sys=0.00, real=0.00 secs] 
289.810: Total time for which application threads were stopped: 0.0007790 seconds, Stopping threads took: 0.0000970 seconds
289.853: Application time: 0.0430420 seconds
289.853: [GC [PSYoungGen: 20033K->2496K(21504K)] 36927K->19390K(69120K), 0.0009830 secs] [Times: user=0.01 sys=0.00, real=0.00 secs] 
289.854: Total time for which application threads were stopped: 0.0011440 seconds, Stopping threads took: 0.0000860 seconds
289.900: Application time: 0.0456630 seconds
289.900: [GC [PSYoungGen: 21115K->1440K(21504K)] 38009K->18342K(69120K), 0.0006260 secs] [Times: user=0.00 sys=0.00, real=0.00 secs] 
289.901: Total time for which application threads were stopped: 0.0007700 seconds, Stopping threads took: 0.0000770 seconds
289.942: Application time: 0.0410070 seconds
289.942: [GC [PSYoungGen: 20123K->2512K(21504K)] 37025K->19934K(69120K), 0.0010820 secs] [Times: user=0.01 sys=0.00, real=0.00 secs] 
289.943: Total time for which application threads were stopped: 0.0012250 seconds, Stopping threads took: 0.0000670 seconds
289.990: Application time: 0.0468190 seconds
289.990: [GC [PSYoungGen: 21135K->1424K(21504K)] 38557K->18854K(69120K), 0.0006160 secs] [Times: user=0.01 sys=0.00, real=0.00 secs] 
289.990: Total time for which application threads were stopped: 0.0007490 seconds, Stopping threads took: 0.0000580 seconds
290.034: Application time: 0.0432830 seconds
290.034: [GC [PSYoungGen: 19952K->2496K(21504K)] 37382K->19934K(69120K), 0.0009870 secs] [Times: user=0.01 sys=0.00, real=0.00 secs] 
290.035: Total time for which application threads were stopped: 0.0011570 seconds, Stopping threads took: 0.0001000 seconds
290.079: Application time: 0.0438430 seconds
290.079: [GC [PSYoungGen: 21032K->2480K(21504K)] 38471K->19918K(69120K), 0.0009530 secs] [Times: user=0.01 sys=0.00, real=0.00 secs] 
290.080: Total time for which application threads were stopped: 0.0011070 seconds, Stopping threads took: 0.0000800 seconds
290.124: Application time: 0.0442440 seconds
290.124: [GC [PSYoungGen: 21021K->1904K(21504K)] 38459K->19342K(69120K), 0.0008600 secs] [Times: user=0.00 sys=0.00, real=0.00 secs] 
290.125: Total time for which application threads were stopped: 0.0009990 seconds, Stopping threads took: 0.0000740 seconds
290.168: Application time: 0.0432580 seconds
290.168: [GC [PSYoungGen: 20510K->2496K(21504K)] 37949K->20446K(69120K), 0.0011550 secs] [Times: user=0.01 sys=0.00, real=0.00 secs] 
290.170: Total time for which application threads were stopped: 0.0013040 seconds, Stopping threads took: 0.0000710 seconds
290.215: Application time: 0.0454220 seconds
290.215: [GC [PSYoungGen: 21113K->1952K(21504K)] 39063K->19910K(69120K), 0.0007940 secs] [Times: user=0.01 sys=0.00, real=0.00 secs] 
290.216: Total time for which application threads were stopped: 0.0009500 seconds, Stopping threads took: 0.0000860 seconds
290.260: Application time: 0.0442350 seconds
290.260: [GC [PSYoungGen: 20490K->1440K(21504K)] 38449K->19406K(69120K), 0.0006500 secs] [Times: user=0.01 sys=0.00, real=0.00 secs] 
290.261: Total time for which application threads were stopped: 0.0007890 seconds, Stopping threads took: 0.0000760 seconds
290.304: Application time: 0.0433470 seconds
290.304: [GC [PSYoungGen: 19972K->2464K(21504K)] 37939K->20430K(69120K), 0.0009310 secs] [Times: user=0.01 sys=0.00, real=0.00 secs] 
290.305: Total time for which application threads were stopped: 0.0010720 seconds, Stopping threads took: 0.0000710 seconds
290.349: Application time: 0.0433330 seconds
290.349: [GC [PSYoungGen: 20996K->2400K(21504K)] 38963K->20878K(69120K), 0.0012310 secs] [Times: user=0.01 sys=0.00, real=0.00 secs] 
290.350: Total time for which application threads were stopped: 0.0013720 seconds, Stopping threads took: 0.0000690 seconds
290.395: Application time: 0.0452840 seconds
290.396: [GC [PSYoungGen: 20939K->2480K(21504K)] 39417K->20958K(69120K), 0.0009670 secs] [Times: user=0.01 sys=0.00, real=0.01 secs] 
290.397: Total time for which application threads were stopped: 0.0011180 seconds, Stopping threads took: 0.0000760 seconds
290.441: Application time: 0.0444220 seconds
290.441: [GC [PSYoungGen: 21099K->1936K(21504K)] 39577K->20414K(69120K), 0.0007820 secs] [Times: user=0.01 sys=0.00, real=0.00 secs] 
290.442: Total time for which application threads were stopped: 0.0009160 seconds, Stopping threads took: 0.0000630 seconds
290.486: Application time: 0.0441790 seconds
290.486: [GC [PSYoungGen: 20547K->2464K(21504K)] 39025K->20950K(69120K), 0.0009460 secs] [Times: user=0.00 sys=0.00, real=0.00 secs] 
290.487: Total time for which application threads were stopped: 0.0010760 seconds, Stopping threads took: 0.0000600 seconds
290.532: Application time: 0.0444340 seconds
290.532: [GC [PSYoungGen: 21081K->1936K(21504K)] 39567K->20430K(69120K), 0.0007930 secs] [Times: user=0.01 sys=0.00, real=0.00 secs] 
290.533: Total time for which application threads were stopped: 0.0009720 seconds, Stopping threads took: 0.0001010 seconds
290.577: Application time: 0.0440680 seconds
290.577: [GC [PSYoungGen: 20553K->1408K(21504K)] 39047K->19910K(69120K), 0.0006580 secs] [Times: user=0.00 sys=0.00, real=0.00 secs] 
290.577: Total time for which application threads were stopped: 0.0007990 seconds, Stopping threads took: 0.0000740 seconds
290.621: Application time: 0.0433910 seconds
290.621: [GC [PSYoungGen: 20101K->1984K(21504K)] 38603K->20494K(69120K), 0.0008500 secs] [Times: user=0.00 sys=0.00, real=0.00 secs] 
290.622: Total time for which application threads were stopped: 0.0010840 seconds, Stopping threads took: 0.0001590 seconds
290.665: Application time: 0.0435940 seconds
290.666: [GC [PSYoungGen: 20522K->1392K(21504K)] 39033K->19910K(69120K), 0.0006480 secs] [Times: user=0.01 sys=0.00, real=0.00 secs] 
290.666: Total time for which application threads were stopped: 0.0007880 seconds, Stopping threads took: 0.0000740 seconds
290.709: Application time: 0.0429930 seconds
290.709: [GC [PSYoungGen: 19922K->2480K(21504K)] 38441K->20998K(69120K), 0.0009210 secs] [Times: user=0.00 sys=0.00, real=0.00 secs] 
290.710: Total time for which application threads were stopped: 0.0010620 seconds, Stopping threads took: 0.0000680 seconds
290.755: Application time: 0.0450320 seconds
290.755: [GC [PSYoungGen: 21021K->1488K(21504K)] 39539K->20006K(69120K), 0.0006440 secs] [Times: user=0.01 sys=0.00, real=0.01 secs] 
290.756: Total time for which application threads were stopped: 0.0007810 seconds, Stopping threads took: 0.0000690 seconds
290.799: Application time: 0.0425240 seconds
290.799: [GC [PSYoungGen: 20094K->2464K(21504K)] 38613K->20982K(69120K), 0.0009530 secs] [Times: user=0.00 sys=0.00, real=0.00 secs] 
290.800: Total time for which application threads were stopped: 0.0011260 seconds, Stopping threads took: 0.0000970 seconds
290.845: Application time: 0.0448770 seconds
290.845: [GC [PSYoungGen: 21001K->2480K(21504K)] 39519K->21006K(69120K), 0.0009660 secs] [Times: user=0.01 sys=0.00, real=0.00 secs] 
290.846: Total time for which application threads were stopped: 0.0011350 seconds, Stopping threads took: 0.0000990 seconds
290.890: Application time: 0.0442100 seconds
290.890: [GC [PSYoungGen: 21099K->1952K(21504K)] 39625K->20486K(69120K), 0.0007990 secs] [Times: user=0.01 sys=0.00, real=0.00 secs] 
290.891: Total time for which application threads were stopped: 0.0009360 seconds, Stopping threads took: 0.0000670 seconds
290.936: Application time: 0.0452130 seconds
290.936: [GC [PSYoungGen: 20488K->1936K(21504K)] 39023K->20470K(69120K), 0.0007940 secs] [Times: user=0.00 sys=0.00, real=0.00 secs] 
290.937: Total time for which application threads were stopped: 0.0009290 seconds, Stopping threads took: 0.0000680 seconds
290.980: Application time: 0.0431980 seconds
290.980: [GC [PSYoungGen: 20468K->2480K(21504K)] 39003K->21014K(69120K), 0.0009270 secs] [Times: user=0.01 sys=0.00, real=0.00 secs] 
290.981: Total time for which application threads were stopped: 0.0010670 seconds, Stopping threads took: 0.0000680 seconds
291.026: Application time: 0.0444080 seconds
291.026: [GC [PSYoungGen: 21023K->1392K(21504K)] 39557K->19926K(69120K), 0.0006400 secs] [Times: user=0.00 sys=0.00, real=0.00 secs] 
291.027: Total time for which application threads were stopped: 0.0008410 seconds, Stopping threads took: 0.0001380 seconds
291.070: Application time: 0.0436760 seconds
291.070: [GC [PSYoungGen: 19994K->2496K(21504K)] 38529K->21542K(69120K), 0.0011680 secs] [Times: user=0.00 sys=0.00, real=0.00 secs] 
291.072: Total time for which application threads were stopped: 0.0013300 seconds, Stopping threads took: 0.0000800 seconds
291.118: Application time: 0.0466900 seconds
291.118: [GC [PSYoungGen: 21119K->1424K(21504K)] 40165K->20478K(69120K), 0.0006510 secs] [Times: user=0.00 sys=0.00, real=0.00 secs] 
291.119: Total time for which application threads were stopped: 0.0007850 seconds, Stopping threads took: 0.0000670 seconds
291.162: Application time: 0.0425910 seconds
291.162: [GC [PSYoungGen: 20026K->2480K(21504K)] 39081K->21542K(69120K), 0.0009540 secs] [Times: user=0.01 sys=0.00, real=0.00 secs] 
291.163: Total time for which application threads were stopped: 0.0011040 seconds, Stopping threads took: 0.0000780 seconds
291.209: Application time: 0.0459350 seconds
291.209: [GC [PSYoungGen: 21103K->1424K(21504K)] 40165K->20494K(69120K), 0.0006450 secs] [Times: user=0.01 sys=0.00, real=0.00 secs] 
291.210: Total time for which application threads were stopped: 0.0007690 seconds, Stopping threads took: 0.0000610 seconds
291.252: Application time: 0.0424860 seconds
291.252: [GC [PSYoungGen: 20109K->2480K(21504K)] 39179K->21558K(69120K), 0.0009750 secs] [Times: user=0.01 sys=0.00, real=0.00 secs] 
291.253: Total time for which application threads were stopped: 0.0011310 seconds, Stopping threads took: 0.0000840 seconds
291.297: Application time: 0.0440070 seconds
291.297: [GC [PSYoungGen: 21015K->2512K(21504K)] 40093K->21598K(69120K), 0.0009590 secs] [Times: user=0.01 sys=0.00, real=0.00 secs] 
291.298: Total time for which application threads were stopped: 0.0011000 seconds, Stopping threads took: 0.0000700 seconds
291.344: Application time: 0.0452980 seconds
291.344: [GC [PSYoungGen: 21055K->1392K(21504K)] 40141K->20478K(69120K), 0.0007020 secs] [Times: user=0.00 sys=0.00, real=0.01 secs] 
291.344: Total time for which application threads were stopped: 0.0008420 seconds, Stopping threads took: 0.0000770 seconds
291.387: Application time: 0.0429220 seconds
291.387: [GC [PSYoungGen: 19918K->2512K(21504K)] 39004K->22110K(69120K), 0.0011170 secs] [Times: user=0.01 sys=0.00, real=0.00 secs] 
291.389: Total time for which application threads were stopped: 0.0012560 seconds, Stopping threads took: 0.0000650 seconds
291.434: Application time: 0.0458390 seconds
291.435: [GC [PSYoungGen: 21133K->1984K(21504K)] 40731K->21582K(69120K), 0.0008780 secs] [Times: user=0.01 sys=0.00, real=0.00 secs] 
291.435: Total time for which application threads were stopped: 0.0010210 seconds, Stopping threads took: 0.0000730 seconds
291.478: Application time: 0.0427500 seconds
291.478: [GC [PSYoungGen: 20514K->2432K(21504K)] 40113K->22550K(69120K), 0.0011980 secs] [Times: user=0.00 sys=0.00, real=0.00 secs] 
291.480: Total time for which application threads were stopped: 0.0013440 seconds, Stopping threads took: 0.0000740 seconds
291.526: Application time: 0.0463690 seconds
291.526: [GC [PSYoungGen: 21057K->880K(21504K)] 41175K->20998K(69120K), 0.0005270 secs] [Times: user=0.00 sys=0.00, real=0.00 secs] 
291.527: Total time for which application threads were stopped: 0.0006620 seconds, Stopping threads took: 0.0000690 seconds
291.569: Application time: 0.0423720 seconds
291.569: [GC [PSYoungGen: 19404K->2512K(21504K)] 39522K->23150K(69120K), 0.0011220 secs] [Times: user=0.00 sys=0.00, real=0.00 secs] 
291.570: Total time for which application threads were stopped: 0.0012640 seconds, Stopping threads took: 0.0000700 seconds
291.616: Application time: 0.0457430 seconds
291.616: [GC [PSYoungGen: 21057K->1440K(21504K)] 41695K->22078K(69120K), 0.0006480 secs] [Times: user=0.01 sys=0.00, real=0.00 secs] 
291.617: Total time for which application threads were stopped: 0.0007990 seconds, Stopping threads took: 0.0000750 seconds
291.658: Application time: 0.0416110 seconds
291.659: [GC [PSYoungGen: 19964K->2512K(21504K)] 40602K->23662K(69120K), 0.0011030 secs] [Times: user=0.01 sys=0.00, real=0.00 secs] 
291.660: Total time for which application threads were stopped: 0.0012780 seconds, Stopping threads took: 0.0001030 seconds
291.706: Application time: 0.0460700 seconds
291.706: [GC [PSYoungGen: 21131K->1936K(21504K)] 42281K->23086K(69120K), 0.0007820 secs] [Times: user=0.01 sys=0.00, real=0.00 secs] 
291.707: Total time for which application threads were stopped: 0.0009140 seconds, Stopping threads took: 0.0000670 seconds
291.751: Application time: 0.0441870 seconds
291.751: [GC [PSYoungGen: 20551K->1968K(21504K)] 41701K->23126K(69120K), 0.0007790 secs] [Times: user=0.00 sys=0.00, real=0.00 secs] 
291.752: Total time for which application threads were stopped: 0.0009270 seconds, Stopping threads took: 0.0000740 seconds
291.794: Application time: 0.0423290 seconds
291.794: [GC [PSYoungGen: 20575K->2496K(21504K)] 41733K->24174K(69120K), 0.0011610 secs] [Times: user=0.01 sys=0.00, real=0.00 secs] 
291.795: Total time for which application threads were stopped: 0.0013060 seconds, Stopping threads took: 0.0000720 seconds
291.841: Application time: 0.0453080 seconds
291.841: [GC [PSYoungGen: 21117K->1936K(21504K)] 42795K->23622K(69120K), 0.0007800 secs] [Times: user=0.01 sys=0.00, real=0.00 secs] 
291.842: Total time for which application threads were stopped: 0.0009260 seconds, Stopping threads took: 0.0000650 seconds
291.885: Application time: 0.0431130 seconds
291.885: [GC [PSYoungGen: 20468K->2464K(21504K)] 42155K->24158K(69120K), 0.0010130 secs] [Times: user=0.00 sys=0.00, real=0.00 secs] 
291.886: Total time for which application threads were stopped: 0.0011600 seconds, Stopping threads took: 0.0000720 seconds
291.929: Application time: 0.0434930 seconds
291.930: [GC [PSYoungGen: 21157K->2480K(21504K)] 42851K->24182K(69120K), 0.0009160 secs] [Times: user=0.01 sys=0.00, real=0.00 secs] 
291.931: Total time for which application threads were stopped: 0.0011330 seconds, Stopping threads took: 0.0001510 seconds
291.975: Application time: 0.0446640 seconds
291.975: [GC [PSYoungGen: 21019K->1888K(21504K)] 42721K->23590K(69120K), 0.0008180 secs] [Times: user=0.01 sys=0.00, real=0.01 secs] 
291.976: Total time for which application threads were stopped: 0.0009600 seconds, Stopping threads took: 0.0000730 seconds
292.021: Application time: 0.0446680 seconds
292.021: [GC [PSYoungGen: 20424K->1968K(21504K)] 42127K->23670K(69120K), 0.0007870 secs] [Times: user=0.01 sys=0.00, real=0.00 secs] 
292.022: Total time for which application threads were stopped: 0.0009230 seconds, Stopping threads took: 0.0000680 seconds
292.066: Application time: 0.0445120 seconds
292.068: [GC [PSYoungGen: 20581K->1952K(21504K)] 42283K->23654K(69120K), 0.0007880 secs] [Times: user=0.01 sys=0.00, real=0.00 secs] 
292.069: Total time for which application threads were stopped: 0.0026600 seconds, Stopping threads took: 0.0018040 seconds
292.113: Application time: 0.0445170 seconds
292.114: [GC [PSYoungGen: 20491K->1936K(21504K)] 42193K->23646K(69120K), 0.0008550 secs] [Times: user=0.00 sys=0.00, real=0.00 secs] 
292.114: Total time for which application threads were stopped: 0.0010140 seconds, Stopping threads took: 0.0000850 seconds
292.158: Application time: 0.0432360 seconds
292.158: [GC [PSYoungGen: 20547K->2480K(21504K)] 42257K->24190K(69120K), 0.0009480 secs] [Times: user=0.00 sys=0.00, real=0.00 secs] 
292.159: Total time for which application threads were stopped: 0.0011140 seconds, Stopping threads took: 0.0000870 seconds
292.204: Application time: 0.0456380 seconds
292.205: [GC [PSYoungGen: 21017K->1936K(21504K)] 42727K->23654K(69120K), 0.0008100 secs] [Times: user=0.00 sys=0.00, real=0.00 secs] 
292.205: Total time for which application threads were stopped: 0.0009770 seconds, Stopping threads took: 0.0000960 seconds
292.251: Application time: 0.0451910 seconds
292.251: [GC [PSYoungGen: 20477K->1824K(21504K)] 42195K->23542K(69120K), 0.0008580 secs] [Times: user=0.01 sys=0.00, real=0.00 secs] 
292.252: Total time for which application threads were stopped: 0.0009940 seconds, Stopping threads took: 0.0000690 seconds
292.294: Application time: 0.0427530 seconds
292.294: [GC [PSYoungGen: 20356K->2480K(21504K)] 42075K->24198K(69120K), 0.0009510 secs] [Times: user=0.00 sys=0.00, real=0.00 secs] 
292.295: Total time for which application threads were stopped: 0.0010830 seconds, Stopping threads took: 0.0000600 seconds
292.339: Application time: 0.0437170 seconds
292.339: [GC [PSYoungGen: 21017K->2480K(21504K)] 42735K->24198K(69120K), 0.0009540 secs] [Times: user=0.01 sys=0.00, real=0.00 secs] 
292.340: Total time for which application threads were stopped: 0.0012080 seconds, Stopping threads took: 0.0001820 seconds
292.389: Application time: 0.0483800 seconds
292.389: [GC [PSYoungGen: 21175K->1936K(21504K)] 42894K->23662K(69120K), 0.0008050 secs] [Times: user=0.00 sys=0.00, real=0.00 secs] 
292.390: Total time for which application threads were stopped: 0.0009460 seconds, Stopping threads took: 0.0000730 seconds
292.436: Application time: 0.0467620 seconds
292.437: [GC [PSYoungGen: 20547K->2512K(21504K)] 42273K->24246K(69120K), 0.0010270 secs] [Times: user=0.01 sys=0.00, real=0.00 secs] 
292.438: Total time for which application threads were stopped: 0.0011760 seconds, Stopping threads took: 0.0000780 seconds
292.486: Application time: 0.0485710 seconds
292.486: [GC [PSYoungGen: 21131K->1952K(21504K)] 42865K->23694K(69120K), 0.0008860 secs] [Times: user=0.00 sys=0.00, real=0.00 secs] 
292.487: Total time for which application threads were stopped: 0.0010250 seconds, Stopping threads took: 0.0000700 seconds
292.534: Application time: 0.0471440 seconds
292.535: [GC [PSYoungGen: 20486K->1952K(21504K)] 42229K->23702K(69120K), 0.0008240 secs] [Times: user=0.00 sys=0.00, real=0.00 secs] 
292.535: Total time for which application threads were stopped: 0.0010440 seconds, Stopping threads took: 0.0001500 seconds
292.583: Application time: 0.0474480 seconds
292.583: [GC [PSYoungGen: 20565K->2496K(21504K)] 42315K->24246K(69120K), 0.0009820 secs] [Times: user=0.01 sys=0.00, real=0.00 secs] 
292.584: Total time for which application threads were stopped: 0.0011370 seconds, Stopping threads took: 0.0000730 seconds
292.633: Application time: 0.0490140 seconds
292.633: [GC [PSYoungGen: 21117K->1456K(21504K)] 42867K->23214K(69120K), 0.0007790 secs] [Times: user=0.01 sys=0.00, real=0.00 secs] 
292.634: Total time for which application threads were stopped: 0.0009170 seconds, Stopping threads took: 0.0000690 seconds
292.680: Application time: 0.0462340 seconds
292.680: [GC [PSYoungGen: 19984K->2464K(21504K)] 41742K->24222K(69120K), 0.0009660 secs] [Times: user=0.00 sys=0.00, real=0.00 secs] 
292.681: Total time for which application threads were stopped: 0.0011210 seconds, Stopping threads took: 0.0000710 seconds
292.732: Application time: 0.0503490 seconds
292.732: [GC [PSYoungGen: 21089K->336K(21504K)] 42847K->22094K(69120K), 0.0004600 secs] [Times: user=0.00 sys=0.00, real=0.00 secs] 
292.732: Total time for which application threads were stopped: 0.0006380 seconds, Stopping threads took: 0.0001090 seconds
292.778: Application time: 0.0455000 seconds
292.778: [GC [PSYoungGen: 18856K->2496K(21504K)] 40614K->24262K(69120K), 0.0009910 secs] [Times: user=0.01 sys=0.00, real=0.00 secs] 
292.779: Total time for which application threads were stopped: 0.0011290 seconds, Stopping threads took: 0.0000640 seconds
292.827: Application time: 0.0479390 seconds
292.827: [GC [PSYoungGen: 21115K->1936K(21504K)] 42881K->23702K(69120K), 0.0008160 secs] [Times: user=0.01 sys=0.00, real=0.00 secs] 
292.828: Total time for which application threads were stopped: 0.0009570 seconds, Stopping threads took: 0.0000710 seconds
292.874: Application time: 0.0460920 seconds
292.874: [GC [PSYoungGen: 20468K->2496K(21504K)] 42235K->24270K(69120K), 0.0009730 secs] [Times: user=0.00 sys=0.00, real=0.00 secs] 
292.875: Total time for which application threads were stopped: 0.0011220 seconds, Stopping threads took: 0.0000750 seconds
292.925: Application time: 0.0494430 seconds
292.925: [GC [PSYoungGen: 21037K->1936K(21504K)] 42811K->23710K(69120K), 0.0008220 secs] [Times: user=0.00 sys=0.00, real=0.00 secs] 
292.925: Total time for which application threads were stopped: 0.0009760 seconds, Stopping threads took: 0.0000820 seconds
292.971: Application time: 0.0455840 seconds
292.971: [GC [PSYoungGen: 20464K->2432K(21504K)] 42239K->24718K(69120K), 0.0011100 secs] [Times: user=0.00 sys=0.00, real=0.00 secs] 
292.972: Total time for which application threads were stopped: 0.0012770 seconds, Stopping threads took: 0.0000920 seconds
293.023: Application time: 0.0507250 seconds
293.023: [GC [PSYoungGen: 20977K->1408K(21504K)] 43263K->23694K(69120K), 0.0006730 secs] [Times: user=0.00 sys=0.00, real=0.00 secs] 
293.024: Total time for which application threads were stopped: 0.0008000 seconds, Stopping threads took: 0.0000610 seconds
293.069: Application time: 0.0450350 seconds
293.069: [GC [PSYoungGen: 20012K->2496K(21504K)] 42299K->25294K(69120K), 0.0011540 secs] [Times: user=0.01 sys=0.00, real=0.00 secs] 
293.070: Total time for which application threads were stopped: 0.0013080 seconds, Stopping threads took: 0.0000760 seconds
293.120: Application time: 0.0502290 seconds
293.121: [GC [PSYoungGen: 21197K->1408K(21504K)] 43996K->24214K(69120K), 0.0006440 secs] [Times: user=0.00 sys=0.00, real=0.00 secs] 
293.121: Total time for which application threads were stopped: 0.0007990 seconds, Stopping threads took: 0.0000750 seconds
293.166: Application time: 0.0449940 seconds
293.166: [GC [PSYoungGen: 19930K->2480K(21504K)] 42736K->25806K(69120K), 0.0011900 secs] [Times: user=0.01 sys=0.00, real=0.00 secs] 
293.168: Total time for which application threads were stopped: 0.0013490 seconds, Stopping threads took: 0.0000860 seconds
293.217: Application time: 0.0491500 seconds
293.217: [GC [PSYoungGen: 21101K->1936K(21504K)] 44427K->25270K(69120K), 0.0007930 secs] [Times: user=0.01 sys=0.00, real=0.00 secs] 
293.218: Total time for which application threads were stopped: 0.0009440 seconds, Stopping threads took: 0.0000730 seconds
293.264: Application time: 0.0464700 seconds
293.264: [GC [PSYoungGen: 20543K->2512K(21504K)] 43877K->26358K(69120K), 0.0011200 secs] [Times: user=0.00 sys=0.00, real=0.00 secs] 
293.265: Total time for which application threads were stopped: 0.0012680 seconds, Stopping threads took: 0.0000720 seconds
293.313: Application time: 0.0479130 seconds
293.313: [GC [PSYoungGen: 21133K->1904K(21504K)] 44980K->25758K(69120K), 0.0009180 secs] [Times: user=0.00 sys=0.00, real=0.00 secs] 
293.314: Total time for which application threads were stopped: 0.0010780 seconds, Stopping threads took: 0.0000880 seconds
293.361: Application time: 0.0466310 seconds
293.361: [GC [PSYoungGen: 20424K->2416K(21504K)] 44278K->27814K(69120K), 0.0014640 secs] [Times: user=0.01 sys=0.00, real=0.00 secs] 
293.363: Total time for which application threads were stopped: 0.0016220 seconds, Stopping threads took: 0.0000770 seconds
293.414: Application time: 0.0509820 seconds
293.414: [GC [PSYoungGen: 20963K->1952K(21504K)] 46362K->27350K(69120K), 0.0008020 secs] [Times: user=0.00 sys=0.00, real=0.00 secs] 
293.415: Total time for which application threads were stopped: 0.0009370 seconds, Stopping threads took: 0.0000660 seconds
293.459: Application time: 0.0441770 seconds
293.459: [GC [PSYoungGen: 20552K->2480K(21504K)] 45951K->29422K(69120K), 0.0015370 secs] [Times: user=0.00 sys=0.00, real=0.00 secs] 
293.461: Total time for which application threads were stopped: 0.0016980 seconds, Stopping threads took: 0.0000820 seconds
293.512: Application time: 0.0514680 seconds
293.512: [GC [PSYoungGen: 21105K->1952K(21504K)] 48048K->28894K(69120K), 0.0008140 secs] [Times: user=0.00 sys=0.00, real=0.00 secs] 
293.513: Total time for which application threads were stopped: 0.0009670 seconds, Stopping threads took: 0.0000830 seconds
293.559: Application time: 0.0463280 seconds
293.559: [GC [PSYoungGen: 20484K->2432K(21504K)] 47427K->29382K(69120K), 0.0009810 secs] [Times: user=0.01 sys=0.00, real=0.00 secs] 
293.560: Total time for which application threads were stopped: 0.0011250 seconds, Stopping threads took: 0.0000720 seconds
293.611: Application time: 0.0501260 seconds
293.611: [GC [PSYoungGen: 20973K->1920K(21504K)] 47923K->28870K(69120K), 0.0008200 secs] [Times: user=0.00 sys=0.00, real=0.00 secs] 
293.611: Total time for which application threads were stopped: 0.0009690 seconds, Stopping threads took: 0.0000770 seconds
293.659: Application time: 0.0476530 seconds
293.659: [GC [PSYoungGen: 20459K->1424K(21504K)] 47409K->28374K(69120K), 0.0007440 secs] [Times: user=0.00 sys=0.00, real=0.00 secs] 
293.660: Total time for which application threads were stopped: 0.0008770 seconds, Stopping threads took: 0.0000590 seconds
293.707: Application time: 0.0472660 seconds
293.707: [GC [PSYoungGen: 19952K->2464K(21504K)] 46903K->29414K(69120K), 0.0009670 secs] [Times: user=0.00 sys=0.00, real=0.00 secs] 
293.708: Total time for which application threads were stopped: 0.0011150 seconds, Stopping threads took: 0.0000700 seconds
293.758: Application time: 0.0498400 seconds
293.758: [GC [PSYoungGen: 21089K->384K(21504K)] 48040K->27334K(69120K), 0.0004190 secs] [Times: user=0.00 sys=0.00, real=0.00 secs] 
293.759: Total time for which application threads were stopped: 0.0005530 seconds, Stopping threads took: 0.0000660 seconds
293.804: Application time: 0.0451250 seconds
293.804: [GC [PSYoungGen: 19062K->2528K(21504K)] 46013K->29486K(69120K), 0.0010550 secs] [Times: user=0.01 sys=0.00, real=0.00 secs] 
293.805: Total time for which application threads were stopped: 0.0012050 seconds, Stopping threads took: 0.0000690 seconds
293.855: Application time: 0.0502180 seconds
293.855: [GC [PSYoungGen: 21075K->352K(21504K)] 48033K->27318K(69120K), 0.0004210 secs] [Times: user=0.00 sys=0.00, real=0.00 secs] 
293.856: Total time for which application threads were stopped: 0.0005480 seconds, Stopping threads took: 0.0000680 seconds
293.901: Application time: 0.0453280 seconds
293.901: [GC [PSYoungGen: 18950K->2432K(21504K)] 45917K->29398K(69120K), 0.0009640 secs] [Times: user=0.00 sys=0.00, real=0.00 secs] 
293.902: Total time for which application threads were stopped: 0.0011150 seconds, Stopping threads took: 0.0000770 seconds
293.951: Application time: 0.0486360 seconds
293.951: [GC [PSYoungGen: 21053K->1376K(21504K)] 48019K->28350K(69120K), 0.0006410 secs] [Times: user=0.01 sys=0.00, real=0.00 secs] 
293.952: Total time for which application threads were stopped: 0.0007700 seconds, Stopping threads took: 0.0000670 seconds
293.996: Application time: 0.0441780 seconds
293.996: [GC [PSYoungGen: 19900K->2496K(21504K)] 46875K->29990K(69120K), 0.0011370 secs] [Times: user=0.00 sys=0.00, real=0.00 secs] 
293.997: Total time for which application threads were stopped: 0.0012990 seconds, Stopping threads took: 0.0000860 seconds
294.048: Application time: 0.0507410 seconds
294.048: [GC [PSYoungGen: 21119K->1376K(21504K)] 48614K->28878K(69120K), 0.0006540 secs] [Times: user=0.00 sys=0.00, real=0.00 secs] 
294.049: Total time for which application threads were stopped: 0.0008170 seconds, Stopping threads took: 0.0000960 seconds
294.094: Application time: 0.0450670 seconds
294.094: [GC [PSYoungGen: 19896K->2528K(21504K)] 47398K->31054K(69120K), 0.0012930 secs] [Times: user=0.01 sys=0.00, real=0.00 secs] 
294.095: Total time for which application threads were stopped: 0.0014480 seconds, Stopping threads took: 0.0000760 seconds
294.146: Application time: 0.0509040 seconds
294.146: [GC [PSYoungGen: 21153K->1392K(21504K)] 49680K->29918K(69120K), 0.0006300 secs] [Times: user=0.00 sys=0.00, real=0.00 secs] 
294.147: Total time for which application threads were stopped: 0.0007670 seconds, Stopping threads took: 0.0000730 seconds
294.192: Application time: 0.0450510 seconds
294.192: [GC [PSYoungGen: 19996K->2512K(21504K)] 48523K->31558K(69120K), 0.0011130 secs] [Times: user=0.01 sys=0.00, real=0.00 secs] 
294.193: Total time for which application threads were stopped: 0.0012610 seconds, Stopping threads took: 0.0000720 seconds
294.243: Application time: 0.0500660 seconds
294.244: [GC [PSYoungGen: 21053K->1920K(21504K)] 50099K->30974K(69120K), 0.0008230 secs] [Times: user=0.00 sys=0.00, real=0.01 secs] 
294.244: Total time for which application threads were stopped: 0.0009690 seconds, Stopping threads took: 0.0000750 seconds
294.290: Application time: 0.0459170 seconds
294.290: [GC [PSYoungGen: 20448K->2432K(21504K)] 49503K->31998K(69120K), 0.0012650 secs] [Times: user=0.01 sys=0.00, real=0.00 secs] 
294.292: Total time for which application threads were stopped: 0.0014110 seconds, Stopping threads took: 0.0000660 seconds
294.341: Application time: 0.0492260 seconds
294.341: [GC [PSYoungGen: 20975K->1952K(21504K)] 50541K->31518K(69120K), 0.0008270 secs] [Times: user=0.01 sys=0.00, real=0.00 secs] 
294.342: Total time for which application threads were stopped: 0.0009660 seconds, Stopping threads took: 0.0000690 seconds
294.388: Application time: 0.0456550 seconds
294.388: [GC [PSYoungGen: 20476K->2496K(21504K)] 50043K->32574K(69120K), 0.0011930 secs] [Times: user=0.01 sys=0.00, real=0.00 secs] 
294.389: Total time for which application threads were stopped: 0.0013920 seconds, Stopping threads took: 0.0001270 seconds
294.439: Application time: 0.0498350 seconds
294.439: [GC [PSYoungGen: 21119K->1872K(21504K)] 51198K->31950K(69120K), 0.0008620 secs] [Times: user=0.00 sys=0.00, real=0.00 secs] 
294.440: Total time for which application threads were stopped: 0.0017030 seconds, Stopping threads took: 0.0000770 seconds
294.486: Application time: 0.0453590 seconds
294.486: [GC [PSYoungGen: 20474K->2512K(21504K)] 50553K->33622K(69120K), 0.0013750 secs] [Times: user=0.01 sys=0.00, real=0.00 secs] 
294.487: Total time for which application threads were stopped: 0.0015470 seconds, Stopping threads took: 0.0000940 seconds
294.538: Application time: 0.0502210 seconds
294.538: [GC [PSYoungGen: 21135K->1952K(21504K)] 52246K->33070K(69120K), 0.0007940 secs] [Times: user=0.01 sys=0.00, real=0.00 secs] 
294.539: Total time for which application threads were stopped: 0.0009360 seconds, Stopping threads took: 0.0000740 seconds
294.584: Application time: 0.0456330 seconds
294.584: [GC [PSYoungGen: 20556K->2464K(21504K)] 51675K->34606K(69120K), 0.0013000 secs] [Times: user=0.01 sys=0.00, real=0.00 secs] 
294.586: Total time for which application threads were stopped: 0.0014580 seconds, Stopping threads took: 0.0000800 seconds
294.636: Application time: 0.0504160 seconds
294.636: [GC [PSYoungGen: 21089K->1376K(21504K)] 53232K->33526K(69120K), 0.0006640 secs] [Times: user=0.00 sys=0.00, real=0.00 secs] 
294.637: Total time for which application threads were stopped: 0.0008330 seconds, Stopping threads took: 0.0001060 seconds
294.684: Application time: 0.0470590 seconds
294.684: [GC [PSYoungGen: 19900K->2464K(21504K)] 52051K->35134K(69120K), 0.0011570 secs] [Times: user=0.01 sys=0.00, real=0.00 secs] 
294.685: Total time for which application threads were stopped: 0.0013110 seconds, Stopping threads took: 0.0000790 seconds
294.736: Application time: 0.0502940 seconds
294.736: [GC [PSYoungGen: 21081K->1920K(21504K)] 53752K->34590K(69120K), 0.0008230 secs] [Times: user=0.01 sys=0.00, real=0.01 secs] 
294.737: Total time for which application threads were stopped: 0.0009710 seconds, Stopping threads took: 0.0000760 seconds
294.783: Application time: 0.0464850 seconds
294.783: [GC [PSYoungGen: 20450K->2496K(21504K)] 53121K->35174K(69120K), 0.0009780 secs] [Times: user=0.00 sys=0.00, real=0.01 secs] 
294.784: Total time for which application threads were stopped: 0.0011340 seconds, Stopping threads took: 0.0000860 seconds
294.833: Application time: 0.0483410 seconds
294.833: [GC [PSYoungGen: 21115K->1920K(21504K)] 53794K->34598K(69120K), 0.0009090 secs] [Times: user=0.00 sys=0.00, real=0.00 secs] 
294.834: Total time for which application threads were stopped: 0.0010630 seconds, Stopping threads took: 0.0000750 seconds
294.880: Application time: 0.0460410 seconds
294.880: [GC [PSYoungGen: 20444K->2512K(21504K)] 53123K->36222K(69120K), 0.0013190 secs] [Times: user=0.01 sys=0.00, real=0.00 secs] 
294.881: Total time for which application threads were stopped: 0.0015850 seconds, Stopping threads took: 0.0001880 seconds
294.932: Application time: 0.0503270 seconds
294.932: [GC [PSYoungGen: 21135K->1888K(21504K)] 54846K->35606K(69120K), 0.0008500 secs] [Times: user=0.01 sys=0.00, real=0.00 secs] 
294.933: Total time for which application threads were stopped: 0.0010110 seconds, Stopping threads took: 0.0000870 seconds
294.983: Application time: 0.0506440 seconds
294.983: [GC [PSYoungGen: 20431K->352K(21504K)] 54149K->34070K(69120K), 0.0004700 secs] [Times: user=0.00 sys=0.00, real=0.00 secs] 
294.984: Total time for which application threads were stopped: 0.0006090 seconds, Stopping threads took: 0.0000710 seconds
295.029: Application time: 0.0448880 seconds
295.029: [GC [PSYoungGen: 18872K->2448K(21504K)] 52591K->36166K(69120K), 0.0009810 secs] [Times: user=0.01 sys=0.00, real=0.00 secs] 
295.030: Total time for which application threads were stopped: 0.0011320 seconds, Stopping threads took: 0.0000810 seconds
295.080: Application time: 0.0500010 seconds
295.080: [GC [PSYoungGen: 20993K->896K(21504K)] 54711K->34614K(69120K), 0.0005470 secs] [Times: user=0.00 sys=0.00, real=0.00 secs] 
295.081: Total time for which application threads were stopped: 0.0006890 seconds, Stopping threads took: 0.0000790 seconds
295.126: Application time: 0.0457710 seconds
295.126: [GC [PSYoungGen: 19500K->2464K(21504K)] 53219K->36182K(69120K), 0.0010120 secs] [Times: user=0.01 sys=0.00, real=0.00 secs] 
295.127: Total time for which application threads were stopped: 0.0011600 seconds, Stopping threads took: 0.0000730 seconds
295.176: Application time: 0.0485980 seconds
295.176: [GC [PSYoungGen: 21085K->1376K(21504K)] 54804K->35102K(69120K), 0.0006590 secs] [Times: user=0.00 sys=0.00, real=0.00 secs] 
295.177: Total time for which application threads were stopped: 0.0007880 seconds, Stopping threads took: 0.0000650 seconds
295.224: Application time: 0.0472040 seconds
295.224: [GC [PSYoungGen: 19983K->1920K(21504K)] 53709K->35654K(69120K), 0.0008010 secs] [Times: user=0.00 sys=0.00, real=0.00 secs] 
295.225: Total time for which application threads were stopped: 0.0009520 seconds, Stopping threads took: 0.0000800 seconds
295.272: Application time: 0.0473960 seconds
295.273: [GC [PSYoungGen: 20535K->2464K(21504K)] 54269K->36206K(69120K), 0.0010580 secs] [Times: user=0.01 sys=0.00, real=0.00 secs] 
295.274: Total time for which application threads were stopped: 0.0012060 seconds, Stopping threads took: 0.0000750 seconds
295.322: Application time: 0.0480180 seconds
295.322: [GC [PSYoungGen: 21000K->2464K(21504K)] 54743K->36214K(69120K), 0.0009660 secs] [Times: user=0.01 sys=0.00, real=0.00 secs] 
295.323: Total time for which application threads were stopped: 0.0011170 seconds, Stopping threads took: 0.0000780 seconds
295.371: Application time: 0.0486320 seconds
295.372: [GC [PSYoungGen: 21085K->1392K(21504K)] 54836K->35150K(69120K), 0.0007190 secs] [Times: user=0.00 sys=0.00, real=0.00 secs] 
295.372: Total time for which application threads were stopped: 0.0009280 seconds, Stopping threads took: 0.0001330 seconds
295.420: Application time: 0.0472490 seconds
295.420: [GC [PSYoungGen: 19924K->1920K(21504K)] 53683K->35678K(69120K), 0.0008120 secs] [Times: user=0.01 sys=0.00, real=0.00 secs] 
295.421: Total time for which application threads were stopped: 0.0009950 seconds, Stopping threads took: 0.0001160 seconds
295.468: Application time: 0.0472570 seconds
295.468: [GC [PSYoungGen: 20531K->2448K(21504K)] 54289K->36214K(69120K), 0.0009850 secs] [Times: user=0.00 sys=0.00, real=0.00 secs] 
295.469: Total time for which application threads were stopped: 0.0011400 seconds, Stopping threads took: 0.0000790 seconds
295.518: Application time: 0.0486230 seconds
295.518: [GC [PSYoungGen: 21065K->1952K(21504K)] 54832K->35718K(69120K), 0.0008580 secs] [Times: user=0.00 sys=0.00, real=0.00 secs] 
295.519: Total time for which application threads were stopped: 0.0010030 seconds, Stopping threads took: 0.0000710 seconds
295.564: Application time: 0.0458750 seconds
295.565: [GC [PSYoungGen: 20476K->2496K(21504K)] 54243K->37294K(69120K), 0.0013200 secs] [Times: user=0.01 sys=0.00, real=0.00 secs] 
295.566: Total time for which application threads were stopped: 0.0014670 seconds, Stopping threads took: 0.0000700 seconds
295.618: Application time: 0.0516090 seconds
295.618: [GC [PSYoungGen: 21121K->1376K(21504K)] 55920K->36174K(69120K), 0.0006550 secs] [Times: user=0.00 sys=0.00, real=0.00 secs] 
295.618: Total time for which application threads were stopped: 0.0008690 seconds, Stopping threads took: 0.0001480 seconds
295.663: Application time: 0.0450220 seconds
295.664: [GC [PSYoungGen: 19896K->2496K(21504K)] 54695K->38326K(69120K), 0.0013220 secs] [Times: user=0.01 sys=0.00, real=0.01 secs] 
295.665: Total time for which application threads were stopped: 0.0014750 seconds, Stopping threads took: 0.0000730 seconds
295.716: Application time: 0.0509510 seconds
295.716: [GC [PSYoungGen: 21043K->1408K(21504K)] 56874K->37238K(69120K), 0.0006940 secs] [Times: user=0.00 sys=0.00, real=0.01 secs] 
295.717: Total time for which application threads were stopped: 0.0008380 seconds, Stopping threads took: 0.0000750 seconds
295.763: Application time: 0.0467020 seconds
295.764: [GC [PSYoungGen: 19936K->2448K(21504K)] 55767K->38278K(69120K), 0.0009780 secs] [Times: user=0.00 sys=0.00, real=0.01 secs] 
295.765: Total time for which application threads were stopped: 0.0011360 seconds, Stopping threads took: 0.0000690 seconds
295.812: Application time: 0.0474840 seconds
295.812: [GC [PSYoungGen: 20985K->1936K(21504K)] 56815K->37766K(69120K), 0.0008310 secs] [Times: user=0.01 sys=0.00, real=0.00 secs] 
295.813: Total time for which application threads were stopped: 0.0010600 seconds, Stopping threads took: 0.0001530 seconds
295.862: Application time: 0.0489620 seconds
295.862: [GC [PSYoungGen: 20635K->1376K(21504K)] 56466K->37214K(69120K), 0.0006760 secs] [Times: user=0.00 sys=0.00, real=0.00 secs] 
295.863: Total time for which application threads were stopped: 0.0008360 seconds, Stopping threads took: 0.0000960 seconds
295.910: Application time: 0.0474140 seconds
295.910: [GC [PSYoungGen: 19980K->2496K(21504K)] 55819K->38854K(69120K), 0.0011260 secs] [Times: user=0.01 sys=0.00, real=0.00 secs] 
295.912: Total time for which application threads were stopped: 0.0012900 seconds, Stopping threads took: 0.0000790 seconds
295.962: Application time: 0.0499110 seconds
295.962: [GC [PSYoungGen: 21119K->1376K(21504K)] 57478K->37742K(69120K), 0.0006940 secs] [Times: user=0.00 sys=0.00, real=0.00 secs] 
295.962: Total time for which application threads were stopped: 0.0008240 seconds, Stopping threads took: 0.0000600 seconds
296.009: Application time: 0.0465840 seconds
296.009: [GC [PSYoungGen: 19904K->2432K(21504K)] 56271K->38806K(69120K), 0.0009970 secs] [Times: user=0.01 sys=0.00, real=0.00 secs] 
296.010: Total time for which application threads were stopped: 0.0011320 seconds, Stopping threads took: 0.0000620 seconds
296.058: Application time: 0.0478560 seconds
296.058: [GC [PSYoungGen: 21047K->2464K(21504K)] 57422K->38838K(69120K), 0.0009840 secs] [Times: user=0.01 sys=0.00, real=0.00 secs] 
296.059: Total time for which application threads were stopped: 0.0011320 seconds, Stopping threads took: 0.0000750 seconds
296.108: Application time: 0.0494500 seconds
296.109: [GC [PSYoungGen: 21007K->1376K(21504K)] 57381K->37758K(69120K), 0.0006730 secs] [Times: user=0.01 sys=0.00, real=0.00 secs] 
296.109: Total time for which application threads were stopped: 0.0008590 seconds, Stopping threads took: 0.0001110 seconds
296.155: Application time: 0.0452350 seconds
296.155: [GC [PSYoungGen: 19904K->2496K(21504K)] 56287K->38878K(69120K), 0.0009870 secs] [Times: user=0.00 sys=0.00, real=0.00 secs] 
296.156: Total time for which application threads were stopped: 0.0011350 seconds, Stopping threads took: 0.0000760 seconds
296.206: Application time: 0.0502370 seconds
296.206: [GC [PSYoungGen: 21195K->1344K(21504K)] 57578K->37734K(69120K), 0.0006640 secs] [Times: user=0.00 sys=0.00, real=0.00 secs] 
296.207: Total time for which application threads were stopped: 0.0008040 seconds, Stopping threads took: 0.0000720 seconds
296.255: Application time: 0.0478720 seconds
296.255: [GC [PSYoungGen: 19872K->1920K(21504K)] 56263K->38318K(69120K), 0.0008180 secs] [Times: user=0.01 sys=0.00, real=0.00 secs] 
296.256: Total time for which application threads were stopped: 0.0010060 seconds, Stopping threads took: 0.0001210 seconds
296.304: Application time: 0.0480380 seconds
296.304: [GC [PSYoungGen: 20539K->1952K(21504K)] 56938K->38350K(69120K), 0.0008260 secs] [Times: user=0.01 sys=0.00, real=0.01 secs] 
296.305: Total time for which application threads were stopped: 0.0009630 seconds, Stopping threads took: 0.0000660 seconds
296.353: Application time: 0.0487270 seconds
296.354: [GC [PSYoungGen: 20490K->1392K(21504K)] 56889K->37798K(69120K), 0.0006510 secs] [Times: user=0.00 sys=0.00, real=0.00 secs] 
296.354: Total time for which application threads were stopped: 0.0007990 seconds, Stopping threads took: 0.0000840 seconds
296.395: Application time: 0.0409480 seconds
296.395: [GC [PSYoungGen: 19920K->2496K(21504K)] 56327K->38902K(69120K), 0.0009460 secs] [Times: user=0.01 sys=0.00, real=0.01 secs] 
296.396: Total time for which application threads were stopped: 0.0010930 seconds, Stopping threads took: 0.0000750 seconds
296.444: Application time: 0.0482140 seconds
296.445: [GC [PSYoungGen: 21041K->336K(21504K)] 57447K->36742K(69120K), 0.0004510 secs] [Times: user=0.00 sys=0.00, real=0.00 secs] 
296.445: Total time for which application threads were stopped: 0.0006470 seconds, Stopping threads took: 0.0001220 seconds
296.488: Application time: 0.0428510 seconds
296.488: [GC [PSYoungGen: 18858K->2480K(21504K)] 55265K->38886K(69120K), 0.0011210 secs] [Times: user=0.01 sys=0.00, real=0.00 secs] 
296.489: Total time for which application threads were stopped: 0.0012720 seconds, Stopping threads took: 0.0000780 seconds
296.535: Application time: 0.0456050 seconds
296.535: [GC [PSYoungGen: 21175K->1952K(21504K)] 57582K->38358K(69120K), 0.0007990 secs] [Times: user=0.01 sys=0.00, real=0.00 secs] 
296.536: Total time for which application threads were stopped: 0.0009430 seconds, Stopping threads took: 0.0000760 seconds
296.579: Application time: 0.0433130 seconds
296.579: [GC [PSYoungGen: 20565K->2448K(21504K)] 56971K->38862K(69120K), 0.0010350 secs] [Times: user=0.01 sys=0.00, real=0.00 secs] 
296.580: Total time for which application threads were stopped: 0.0011840 seconds, Stopping threads took: 0.0000790 seconds
296.624: Application time: 0.0441140 seconds
296.625: [GC [PSYoungGen: 20984K->2512K(21504K)] 57399K->38934K(69120K), 0.0009540 secs] [Times: user=0.00 sys=0.00, real=0.00 secs] 
296.625: Total time for which application threads were stopped: 0.0010920 seconds, Stopping threads took: 0.0000700 seconds
296.669: Application time: 0.0437160 seconds
296.669: [GC [PSYoungGen: 21125K->2480K(21504K)] 57548K->39422K(69120K), 0.0011140 secs] [Times: user=0.01 sys=0.00, real=0.00 secs] 
296.670: Total time for which application threads were stopped: 0.0012590 seconds, Stopping threads took: 0.0000710 seconds
296.717: Application time: 0.0464290 seconds
296.717: [GC [PSYoungGen: 21017K->2448K(21504K)] 57959K->39390K(69120K), 0.0009830 secs] [Times: user=0.00 sys=0.00, real=0.00 secs] 
296.718: Total time for which application threads were stopped: 0.0011310 seconds, Stopping threads took: 0.0000750 seconds
296.764: Application time: 0.0455490 seconds
296.764: [GC [PSYoungGen: 21065K->1920K(21504K)] 58008K->38870K(69120K), 0.0008170 secs] [Times: user=0.00 sys=0.00, real=0.01 secs] 
296.765: Total time for which application threads were stopped: 0.0009590 seconds, Stopping threads took: 0.0000750 seconds
296.808: Application time: 0.0432920 seconds
296.808: [GC [PSYoungGen: 20452K->2464K(21504K)] 57403K->39414K(69120K), 0.0009720 secs] [Times: user=0.01 sys=0.00, real=0.00 secs] 
296.809: Total time for which application threads were stopped: 0.0011170 seconds, Stopping threads took: 0.0000730 seconds
296.853: Application time: 0.0439860 seconds
296.853: [GC [PSYoungGen: 21077K->2448K(21504K)] 58027K->39910K(69120K), 0.0011950 secs] [Times: user=0.00 sys=0.00, real=0.00 secs] 
296.854: Total time for which application threads were stopped: 0.0013440 seconds, Stopping threads took: 0.0000730 seconds
296.899: Application time: 0.0444120 seconds
296.899: [GC [PSYoungGen: 21065K->2448K(21504K)] 58528K->39918K(69120K), 0.0009480 secs] [Times: user=0.00 sys=0.00, real=0.00 secs] 
296.900: Total time for which application threads were stopped: 0.0010880 seconds, Stopping threads took: 0.0000750 seconds
296.944: Application time: 0.0440540 seconds
296.944: [GC [PSYoungGen: 21067K->1952K(21504K)] 58538K->39422K(69120K), 0.0007940 secs] [Times: user=0.00 sys=0.00, real=0.01 secs] 
296.945: Total time for which application threads were stopped: 0.0009260 seconds, Stopping threads took: 0.0000650 seconds
296.988: Application time: 0.0433650 seconds
296.988: [GC [PSYoungGen: 20480K->2496K(21504K)] 57951K->40486K(69120K), 0.0011360 secs] [Times: user=0.01 sys=0.00, real=0.00 secs] 
296.989: Total time for which application threads were stopped: 0.0012980 seconds, Stopping threads took: 0.0000820 seconds
297.034: Application time: 0.0444630 seconds
297.034: [GC [PSYoungGen: 21035K->2496K(21504K)] 59025K->40486K(69120K), 0.0009420 secs] [Times: user=0.01 sys=0.00, real=0.00 secs] 
297.035: Total time for which application threads were stopped: 0.0010980 seconds, Stopping threads took: 0.0000760 seconds
297.081: Application time: 0.0457420 seconds
297.081: [GC [PSYoungGen: 21039K->1392K(21504K)] 59030K->39382K(69120K), 0.0007100 secs] [Times: user=0.00 sys=0.00, real=0.00 secs] 
297.082: Total time for which application threads were stopped: 0.0008470 seconds, Stopping threads took: 0.0000700 seconds
297.124: Application time: 0.0419490 seconds
297.124: [GC [PSYoungGen: 19920K->2480K(21504K)] 57911K->40470K(69120K), 0.0009530 secs] [Times: user=0.01 sys=0.00, real=0.01 secs] 
297.125: Total time for which application threads were stopped: 0.0011140 seconds, Stopping threads took: 0.0000890 seconds
297.171: Application time: 0.0462000 seconds
297.171: [GC [PSYoungGen: 21179K->1392K(21504K)] 59170K->39382K(69120K), 0.0006680 secs] [Times: user=0.00 sys=0.00, real=0.00 secs] 
297.172: Total time for which application threads were stopped: 0.0007920 seconds, Stopping threads took: 0.0000620 seconds
297.214: Application time: 0.0421760 seconds
297.214: [GC [PSYoungGen: 19998K->2464K(21504K)] 57989K->40462K(69120K), 0.0009610 secs] [Times: user=0.00 sys=0.00, real=0.00 secs] 
297.215: Total time for which application threads were stopped: 0.0011050 seconds, Stopping threads took: 0.0000720 seconds
297.261: Application time: 0.0460300 seconds
297.261: [GC [PSYoungGen: 21005K->1936K(21504K)] 59003K->39942K(69120K), 0.0008280 secs] [Times: user=0.00 sys=0.00, real=0.00 secs] 
297.262: Total time for which application threads were stopped: 0.0009840 seconds, Stopping threads took: 0.0000890 seconds
297.305: Application time: 0.0431900 seconds
297.305: [GC [PSYoungGen: 20543K->2480K(21504K)] 58549K->40998K(69120K), 0.0011100 secs] [Times: user=0.01 sys=0.00, real=0.00 secs] 
297.306: Total time for which application threads were stopped: 0.0012680 seconds, Stopping threads took: 0.0000840 seconds
297.351: Application time: 0.0447080 seconds
297.351: [GC [PSYoungGen: 21023K->1936K(21504K)] 59542K->40462K(69120K), 0.0008110 secs] [Times: user=0.00 sys=0.00, real=0.00 secs] 
297.352: Total time for which application threads were stopped: 0.0009600 seconds, Stopping threads took: 0.0000830 seconds
297.395: Application time: 0.0430750 seconds
297.395: [GC [PSYoungGen: 20545K->2464K(21504K)] 59071K->41503K(69120K), 0.0011260 secs] [Times: user=0.01 sys=0.00, real=0.01 secs] 
297.396: Total time for which application threads were stopped: 0.0012710 seconds, Stopping threads took: 0.0000760 seconds
297.441: Application time: 0.0445500 seconds
297.441: [GC [PSYoungGen: 21003K->2480K(21504K)] 60042K->41535K(69120K), 0.0009420 secs] [Times: user=0.01 sys=0.00, real=0.00 secs] 
297.442: Total time for which application threads were stopped: 0.0010970 seconds, Stopping threads took: 0.0000870 seconds
297.486: Application time: 0.0438320 seconds
297.486: [GC [PSYoungGen: 21021K->1936K(21504K)] 60075K->40990K(69120K), 0.0008130 secs] [Times: user=0.00 sys=0.00, real=0.00 secs] 
297.487: Total time for which application threads were stopped: 0.0009630 seconds, Stopping threads took: 0.0000800 seconds
297.531: Application time: 0.0440520 seconds
297.531: [GC [PSYoungGen: 20631K->1936K(21504K)] 59686K->40999K(69120K), 0.0008260 secs] [Times: user=0.00 sys=0.00, real=0.00 secs] 
297.532: Total time for which application threads were stopped: 0.0009810 seconds, Stopping threads took: 0.0000760 seconds
297.577: Application time: 0.0445930 seconds
297.577: [GC [PSYoungGen: 20553K->1408K(21504K)] 59616K->40478K(69120K), 0.0006560 secs] [Times: user=0.01 sys=0.00, real=0.00 secs] 
297.577: Total time for which application threads were stopped: 0.0007800 seconds, Stopping threads took: 0.0000600 seconds
297.622: Application time: 0.0442340 seconds
297.622: [GC [PSYoungGen: 19938K->1920K(21504K)] 59009K->40999K(69120K), 0.0008000 secs] [Times: user=0.01 sys=0.00, real=0.00 secs] 
297.622: Total time for which application threads were stopped: 0.0009280 seconds, Stopping threads took: 0.0000570 seconds
297.665: Application time: 0.0430080 seconds
297.666: [GC [PSYoungGen: 20450K->2448K(21504K)] 59529K->41527K(69120K), 0.0009920 secs] [Times: user=0.01 sys=0.00, real=0.00 secs] 
297.667: Total time for which application threads were stopped: 0.0011330 seconds, Stopping threads took: 0.0000660 seconds
297.714: Application time: 0.0470730 seconds
297.714: [GC [PSYoungGen: 20991K->1392K(21504K)] 60070K->40470K(69120K), 0.0006550 secs] [Times: user=0.00 sys=0.00, real=0.00 secs] 
297.715: Total time for which application threads were stopped: 0.0008270 seconds, Stopping threads took: 0.0000990 seconds
297.756: Application time: 0.0418550 seconds
297.756: [GC [PSYoungGen: 19918K->2448K(21504K)] 58997K->41527K(69120K), 0.0010310 secs] [Times: user=0.00 sys=0.00, real=0.00 secs] 
297.758: Total time for which application threads were stopped: 0.0011850 seconds, Stopping threads took: 0.0000830 seconds
297.804: Application time: 0.0464400 seconds
297.804: [GC [PSYoungGen: 21149K->880K(21504K)] 60228K->39958K(69120K), 0.0005260 secs] [Times: user=0.00 sys=0.00, real=0.00 secs] 
297.805: Total time for which application threads were stopped: 0.0007470 seconds, Stopping threads took: 0.0001540 seconds
297.848: Application time: 0.0435710 seconds
297.848: [GC [PSYoungGen: 19484K->2464K(21504K)] 58563K->41550K(69120K), 0.0009840 secs] [Times: user=0.01 sys=0.00, real=0.00 secs] 
297.849: Total time for which application threads were stopped: 0.0011450 seconds, Stopping threads took: 0.0000860 seconds
297.894: Application time: 0.0447530 seconds
297.894: [GC [PSYoungGen: 21005K->1424K(21504K)] 60091K->40519K(69120K), 0.0006720 secs] [Times: user=0.00 sys=0.00, real=0.00 secs] 
297.895: Total time for which application threads were stopped: 0.0008210 seconds, Stopping threads took: 0.0000820 seconds
297.939: Application time: 0.0439850 seconds
297.939: [GC [PSYoungGen: 20026K->2480K(21504K)] 59121K->42086K(69120K), 0.0011400 secs] [Times: user=0.01 sys=0.00, real=0.00 secs] 
297.940: Total time for which application threads were stopped: 0.0013030 seconds, Stopping threads took: 0.0000900 seconds
297.985: Application time: 0.0445940 seconds
297.985: [GC [PSYoungGen: 21025K->1408K(21504K)] 60632K->41023K(69120K), 0.0006710 secs] [Times: user=0.00 sys=0.00, real=0.00 secs] 
297.986: Total time for which application threads were stopped: 0.0008020 seconds, Stopping threads took: 0.0000690 seconds
298.028: Application time: 0.0423390 seconds
298.028: [GC [PSYoungGen: 20012K->2480K(21504K)] 59627K->42607K(69120K), 0.0011340 secs] [Times: user=0.01 sys=0.00, real=0.00 secs] 
298.029: Total time for which application threads were stopped: 0.0012790 seconds, Stopping threads took: 0.0000710 seconds
298.074: Application time: 0.0451050 seconds
298.075: [GC [PSYoungGen: 21023K->1952K(21504K)] 61150K->42087K(69120K), 0.0008210 secs] [Times: user=0.01 sys=0.00, real=0.00 secs] 
298.075: Total time for which application threads were stopped: 0.0009690 seconds, Stopping threads took: 0.0000750 seconds
298.119: Application time: 0.0433180 seconds
298.119: [GC [PSYoungGen: 20488K->1904K(21504K)] 60623K->42039K(69120K), 0.0008060 secs] [Times: user=0.01 sys=0.00, real=0.00 secs] 
298.120: Total time for which application threads were stopped: 0.0009460 seconds, Stopping threads took: 0.0000710 seconds
298.164: Application time: 0.0445810 seconds
298.165: [GC [PSYoungGen: 20597K->1968K(21504K)] 60732K->42102K(69120K), 0.0008540 secs] [Times: user=0.00 sys=0.00, real=0.00 secs] 
298.165: Total time for which application threads were stopped: 0.0011610 seconds, Stopping threads took: 0.0002420 seconds
298.211: Application time: 0.0455930 seconds
298.211: [GC [PSYoungGen: 20583K->1952K(21504K)] 60718K->42094K(69120K), 0.0009040 secs] [Times: user=0.00 sys=0.00, real=0.00 secs] 
298.212: Total time for which application threads were stopped: 0.0010410 seconds, Stopping threads took: 0.0000610 seconds
298.255: Application time: 0.0433490 seconds
298.256: [GC [PSYoungGen: 20484K->2496K(21504K)] 60627K->42647K(69120K), 0.0009820 secs] [Times: user=0.00 sys=0.00, real=0.01 secs] 
298.257: Total time for which application threads were stopped: 0.0011220 seconds, Stopping threads took: 0.0000600 seconds
298.302: Application time: 0.0457250 seconds
298.302: [GC [PSYoungGen: 21035K->1920K(21504K)] 61185K->42071K(69120K), 0.0008120 secs] [Times: user=0.01 sys=0.00, real=0.00 secs] 
298.303: Total time for which application threads were stopped: 0.0010460 seconds, Stopping threads took: 0.0001650 seconds
298.347: Application time: 0.0439250 seconds
298.347: [GC [PSYoungGen: 20452K->2464K(21504K)] 60603K->42615K(69120K), 0.0010150 secs] [Times: user=0.01 sys=0.00, real=0.00 secs] 
298.348: Total time for which application threads were stopped: 0.0011680 seconds, Stopping threads took: 0.0000820 seconds
298.394: Application time: 0.0458880 seconds
298.394: [GC [PSYoungGen: 21009K->880K(21504K)] 61160K->41031K(69120K), 0.0005430 secs] [Times: user=0.01 sys=0.00, real=0.00 secs] 
298.395: Total time for which application threads were stopped: 0.0006770 seconds, Stopping threads took: 0.0000680 seconds
298.437: Application time: 0.0418320 seconds
298.437: [GC [PSYoungGen: 19480K->2416K(21504K)] 59631K->43079K(69120K), 0.0011770 secs] [Times: user=0.01 sys=0.00, real=0.00 secs] 
298.438: Total time for which application threads were stopped: 0.0013290 seconds, Stopping threads took: 0.0000790 seconds
298.484: Application time: 0.0457510 seconds
298.484: [GC [PSYoungGen: 21120K->832K(21504K)] 61782K->41503K(69120K), 0.0005340 secs] [Times: user=0.00 sys=0.00, real=0.01 secs] 
298.485: Total time for which application threads were stopped: 0.0006670 seconds, Stopping threads took: 0.0000680 seconds
298.528: Application time: 0.0431760 seconds
298.528: [GC [PSYoungGen: 19356K->2448K(21504K)] 60027K->43127K(69120K), 0.0009510 secs] [Times: user=0.01 sys=0.00, real=0.00 secs] 
298.529: Total time for which application threads were stopped: 0.0011030 seconds, Stopping threads took: 0.0000740 seconds
298.573: Application time: 0.0443470 seconds
298.573: [GC [PSYoungGen: 21069K->1424K(21504K)] 61748K->42103K(69120K), 0.0006570 secs] [Times: user=0.01 sys=0.00, real=0.00 secs] 
298.574: Total time for which application threads were stopped: 0.0008790 seconds, Stopping threads took: 0.0001620 seconds
298.617: Application time: 0.0432240 seconds
298.617: [GC [PSYoungGen: 19948K->2496K(21504K)] 60627K->43695K(69120K), 0.0011110 secs] [Times: user=0.01 sys=0.00, real=0.00 secs] 
298.619: Total time for which application threads were stopped: 0.0012640 seconds, Stopping threads took: 0.0000680 seconds
298.663: Application time: 0.0448450 seconds
298.664: [GC [PSYoungGen: 21119K->1392K(21504K)] 62318K->42591K(69120K), 0.0006520 secs] [Times: user=0.00 sys=0.00, real=0.01 secs] 
298.664: Total time for which application threads were stopped: 0.0007800 seconds, Stopping threads took: 0.0000650 seconds
298.707: Application time: 0.0430790 seconds
298.707: [GC [PSYoungGen: 19912K->2496K(21504K)] 61111K->44727K(69120K), 0.0012820 secs] [Times: user=0.01 sys=0.00, real=0.00 secs] 
298.709: Total time for which application threads were stopped: 0.0014490 seconds, Stopping threads took: 0.0000880 seconds
298.756: Application time: 0.0471750 seconds
298.756: [GC [PSYoungGen: 21043K->1392K(21504K)] 63274K->43623K(69120K), 0.0006660 secs] [Times: user=0.00 sys=0.00, real=0.00 secs] 
298.757: Total time for which application threads were stopped: 0.0008160 seconds, Stopping threads took: 0.0000830 seconds
298.798: Application time: 0.0414260 seconds
298.798: [GC [PSYoungGen: 19990K->2528K(21504K)] 62221K->45783K(69120K), 0.0013000 secs] [Times: user=0.01 sys=0.00, real=0.00 secs] 
298.800: Total time for which application threads were stopped: 0.0014480 seconds, Stopping threads took: 0.0000730 seconds
298.846: Application time: 0.0459100 seconds
298.846: [GC [PSYoungGen: 21229K->1936K(21504K)] 64484K->45199K(69120K), 0.0008160 secs] [Times: user=0.00 sys=0.00, real=0.00 secs] 
298.846: Total time for which application threads were stopped: 0.0009470 seconds, Stopping threads took: 0.0000650 seconds
298.891: Application time: 0.0446500 seconds
298.891: [GC [PSYoungGen: 20472K->1936K(21504K)] 63735K->45207K(69120K), 0.0008440 secs] [Times: user=0.00 sys=0.00, real=0.00 secs] 
298.892: Total time for which application threads were stopped: 0.0009700 seconds, Stopping threads took: 0.0000580 seconds
298.935: Application time: 0.0424960 seconds
298.935: [GC [PSYoungGen: 20466K->2448K(21504K)] 63737K->45719K(69120K), 0.0009810 secs] [Times: user=0.01 sys=0.00, real=0.00 secs] 
298.936: Total time for which application threads were stopped: 0.0011130 seconds, Stopping threads took: 0.0000610 seconds
298.981: Application time: 0.0456220 seconds
298.981: [GC [PSYoungGen: 20991K->1392K(21504K)] 64262K->44663K(69120K), 0.0006720 secs] [Times: user=0.01 sys=0.00, real=0.00 secs] 
298.982: Total time for which application threads were stopped: 0.0007970 seconds, Stopping threads took: 0.0000610 seconds
299.025: Application time: 0.0429490 seconds
299.025: [GC [PSYoungGen: 19920K->2496K(21504K)] 63191K->45767K(69120K), 0.0009770 secs] [Times: user=0.01 sys=0.00, real=0.00 secs] 
299.026: Total time for which application threads were stopped: 0.0011130 seconds, Stopping threads took: 0.0000660 seconds
299.072: Application time: 0.0457180 seconds
299.072: [GC [PSYoungGen: 21115K->1440K(21504K)] 64386K->44711K(69120K), 0.0007720 secs] [Times: user=0.01 sys=0.00, real=0.00 secs] 
299.073: Total time for which application threads were stopped: 0.0009840 seconds, Stopping threads took: 0.0001510 seconds
299.116: Application time: 0.0429770 seconds
299.116: [GC [PSYoungGen: 20125K->2464K(21504K)] 63396K->45743K(69120K), 0.0009880 secs] [Times: user=0.00 sys=0.00, real=0.01 secs] 
299.117: Total time for which application threads were stopped: 0.0011280 seconds, Stopping threads took: 0.0000670 seconds
299.162: Application time: 0.0451760 seconds
299.162: [GC [PSYoungGen: 21007K->1424K(21504K)] 64286K->44711K(69120K), 0.0006630 secs] [Times: user=0.01 sys=0.00, real=0.00 secs] 
299.163: Total time for which application threads were stopped: 0.0007990 seconds, Stopping threads took: 0.0000650 seconds
299.206: Application time: 0.0434150 seconds
299.207: [GC [PSYoungGen: 19950K->2496K(21504K)] 63237K->45783K(69120K), 0.0009610 secs] [Times: user=0.00 sys=0.00, real=0.00 secs] 
299.208: Total time for which application threads were stopped: 0.0010970 seconds, Stopping threads took: 0.0000640 seconds
299.252: Application time: 0.0446090 seconds
299.252: [GC [PSYoungGen: 21115K->1408K(21504K)] 64402K->44703K(69120K), 0.0006530 secs] [Times: user=0.00 sys=0.00, real=0.00 secs] 
299.253: Total time for which application threads were stopped: 0.0007880 seconds, Stopping threads took: 0.0000710 seconds
299.297: Application time: 0.0436070 seconds
299.297: [GC [PSYoungGen: 20012K->2496K(21504K)] 63307K->45791K(69120K), 0.0009810 secs] [Times: user=0.01 sys=0.00, real=0.00 secs] 
299.298: Total time for which application threads were stopped: 0.0011320 seconds, Stopping threads took: 0.0000820 seconds
299.342: Application time: 0.0439230 seconds
299.342: [GC [PSYoungGen: 21035K->2464K(21504K)] 64330K->45767K(69120K), 0.0010020 secs] [Times: user=0.00 sys=0.00, real=0.00 secs] 
299.343: Total time for which application threads were stopped: 0.0011920 seconds, Stopping threads took: 0.0001230 seconds
299.387: Application time: 0.0444480 seconds
299.387: [GC [PSYoungGen: 21003K->1936K(21504K)] 64306K->45239K(69120K), 0.0008310 secs] [Times: user=0.00 sys=0.00, real=0.00 secs] 
299.388: Total time for which application threads were stopped: 0.0009700 seconds, Stopping threads took: 0.0000710 seconds
299.431: Application time: 0.0428810 seconds
299.431: [GC [PSYoungGen: 20542K->2480K(21504K)] 63845K->46295K(69120K), 0.0011380 secs] [Times: user=0.00 sys=0.00, real=0.00 secs] 
299.432: Total time for which application threads were stopped: 0.0012770 seconds, Stopping threads took: 0.0000670 seconds
299.477: Application time: 0.0449660 seconds
299.477: [GC [PSYoungGen: 21181K->1424K(21504K)] 64996K->45247K(69120K), 0.0006920 secs] [Times: user=0.01 sys=0.00, real=0.00 secs] 
299.478: Total time for which application threads were stopped: 0.0008990 seconds, Stopping threads took: 0.0001340 seconds
299.522: Application time: 0.0433630 seconds
299.522: [GC [PSYoungGen: 19948K->2496K(21504K)] 63771K->46839K(69120K), 0.0011660 secs] [Times: user=0.00 sys=0.00, real=0.00 secs] 
299.523: Total time for which application threads were stopped: 0.0013100 seconds, Stopping threads took: 0.0000700 seconds
299.567: Application time: 0.0445460 seconds
299.568: [GC [PSYoungGen: 21039K->1952K(21504K)] 65382K->46295K(69120K), 0.0008330 secs] [Times: user=0.00 sys=0.00, real=0.00 secs] 
299.568: Total time for which application threads were stopped: 0.0009830 seconds, Stopping threads took: 0.0000800 seconds
299.611: Application time: 0.0429160 seconds
299.611: [GC [PSYoungGen: 20484K->2448K(21504K)] 64827K->46791K(69120K), 0.0009990 secs] [Times: user=0.01 sys=0.00, real=0.00 secs] 
299.613: Total time for which application threads were stopped: 0.0011510 seconds, Stopping threads took: 0.0000740 seconds
299.658: Application time: 0.0458850 seconds
299.659: [GC [PSYoungGen: 20989K->1904K(21504K)] 65332K->46247K(69120K), 0.0008320 secs] [Times: user=0.00 sys=0.00, real=0.00 secs] 
299.659: Total time for which application threads were stopped: 0.0009740 seconds, Stopping threads took: 0.0000730 seconds
299.701: Application time: 0.0420130 seconds
299.701: [GC [PSYoungGen: 20432K->2512K(21504K)] 64775K->47367K(69120K), 0.0010570 secs] [Times: user=0.00 sys=0.00, real=0.00 secs] 
299.703: Total time for which application threads were stopped: 0.0011900 seconds, Stopping threads took: 0.0000570 seconds
299.749: Application time: 0.0462000 seconds
299.749: [GC [PSYoungGen: 21289K->1920K(21504K)] 66144K->46783K(69120K), 0.0007910 secs] [Times: user=0.01 sys=0.00, real=0.00 secs] 
299.750: Total time for which application threads were stopped: 0.0009270 seconds, Stopping threads took: 0.0000710 seconds
299.793: Application time: 0.0434860 seconds
299.793: [GC [PSYoungGen: 20452K->2464K(21504K)] 65315K->47335K(69120K), 0.0010030 secs] [Times: user=0.01 sys=0.00, real=0.00 secs] 
299.794: Total time for which application threads were stopped: 0.0012630 seconds, Stopping threads took: 0.0001890 seconds
299.840: Application time: 0.0455700 seconds
299.840: [GC [PSYoungGen: 21007K->1424K(21504K)] 65878K->46295K(69120K), 0.0006690 secs] [Times: user=0.01 sys=0.00, real=0.00 secs] 
299.841: Total time for which application threads were stopped: 0.0008120 seconds, Stopping threads took: 0.0000710 seconds
299.883: Application time: 0.0419620 seconds
299.883: [GC [PSYoungGen: 20022K->2464K(21504K)] 64893K->47847K(69120K), 0.0011540 secs] [Times: user=0.01 sys=0.00, real=0.01 secs] 
299.884: Total time for which application threads were stopped: 0.0013250 seconds, Stopping threads took: 0.0000970 seconds
299.931: Application time: 0.0467720 seconds
299.931: [GC [PSYoungGen: 21011K->1360K(21504K)] 66394K->46751K(69120K), 0.0006810 secs] [Times: user=0.01 sys=0.00, real=0.00 secs] 
299.932: Total time for which application threads were stopped: 0.0008220 seconds, Stopping threads took: 0.0000720 seconds
299.974: Application time: 0.0420230 seconds
299.974: [GC [PSYoungGen: 19969K->2480K(21504K)] 65360K->47879K(69120K), 0.0009770 secs] [Times: user=0.00 sys=0.00, real=0.00 secs] 
299.975: Total time for which application threads were stopped: 0.0011190 seconds, Stopping threads took: 0.0000720 seconds
300.021: Application time: 0.0464540 seconds
300.021: [GC [PSYoungGen: 21021K->1952K(21504K)] 66420K->47351K(69120K), 0.0008320 secs] [Times: user=0.01 sys=0.00, real=0.00 secs] 
300.022: Total time for which application threads were stopped: 0.0009700 seconds, Stopping threads took: 0.0000670 seconds
300.064: Application time: 0.0420010 seconds
300.064: [GC [PSYoungGen: 20484K->2512K(21504K)] 65883K->47911K(69120K), 0.0009740 secs] [Times: user=0.01 sys=0.00, real=0.00 secs] 
300.065: Total time for which application threads were stopped: 0.0011190 seconds, Stopping threads took: 0.0000750 seconds
300.111: Application time: 0.0459000 seconds
300.111: [GC [PSYoungGen: 21209K->1904K(21504K)] 66608K->47311K(69120K), 0.0008290 secs] [Times: user=0.00 sys=0.00, real=0.00 secs] 
300.112: Total time for which application threads were stopped: 0.0009740 seconds, Stopping threads took: 0.0000780 seconds
300.155: Application time: 0.0423200 seconds
300.155: [GC [PSYoungGen: 20513K->2496K(21504K)] 65920K->48423K(69120K), 0.0011250 secs] [Times: user=0.01 sys=0.00, real=0.00 secs] 
300.156: Total time for which application threads were stopped: 0.0012670 seconds, Stopping threads took: 0.0000680 seconds
300.203: Application time: 0.0466220 seconds
300.203: [GC [PSYoungGen: 21041K->1408K(21504K)] 66968K->47335K(69120K), 0.0006820 secs] [Times: user=0.00 sys=0.00, real=0.00 secs] 
300.203: Total time for which application threads were stopped: 0.0008110 seconds, Stopping threads took: 0.0000570 seconds
300.244: Application time: 0.0406450 seconds
300.244: [GC [PSYoungGen: 19932K->2496K(21504K)] 65859K->48935K(69120K), 0.0011320 secs] [Times: user=0.01 sys=0.00, real=0.00 secs] 
300.245: Total time for which application threads were stopped: 0.0012820 seconds, Stopping threads took: 0.0000760 seconds
300.292: Application time: 0.0469520 seconds
300.292: [GC [PSYoungGen: 21039K->1904K(21504K)] 67478K->48343K(69120K), 0.0007920 secs] [Times: user=0.00 sys=0.00, real=0.00 secs] 
300.293: Total time for which application threads were stopped: 0.0009260 seconds, Stopping threads took: 0.0000680 seconds
300.337: Application time: 0.0435520 seconds
300.337: [GC [PSYoungGen: 20438K->1440K(21504K)] 66878K->47879K(69120K), 0.0006720 secs] [Times: user=0.00 sys=0.00, real=0.00 secs] 
300.338: Total time for which application threads were stopped: 0.0008300 seconds, Stopping threads took: 0.0000900 seconds
300.384: Application time: 0.0464510 seconds
300.384: [GC [PSYoungGen: 20205K->2528K(21504K)] 66644K->49479K(69120K), 0.0011360 secs] [Times: user=0.01 sys=0.00, real=0.00 secs] 
300.385: [Full GC [PSYoungGen: 2528K->0K(21504K)] [ParOldGen: 46951K->9529K(47616K)] 49479K->9529K(69120K) [PSPermGen: 5183K->5183K(21504K)], 0.0053120 secs] [Times: user=0.02 sys=0.00, real=0.00 secs] 
300.391: Total time for which application threads were stopped: 0.0066440 seconds, Stopping threads took: 0.0000680 seconds
300.440: Application time: 0.0488830 seconds
300.440: [GC [PSYoungGen: 18543K->1280K(21504K)] 28072K->10809K(69120K), 0.0006050 secs] [Times: user=0.00 sys=0.00, real=0.00 secs] 
300.440: Total time for which application threads were stopped: 0.0007540 seconds, Stopping threads took: 0.0000790 seconds
300.487: Application time: 0.0471480 seconds
300.488: [GC [PSYoungGen: 19806K->2304K(21504K)] 29336K->11833K(69120K), 0.0008760 secs] [Times: user=0.00 sys=0.00, real=0.00 secs] 
300.488: Total time for which application threads were stopped: 0.0010620 seconds, Stopping threads took: 0.0001170 seconds
300.537: Application time: 0.0482720 seconds
300.537: [GC [PSYoungGen: 20921K->1792K(21504K)] 30450K->11321K(69120K), 0.0007280 secs] [Times: user=0.00 sys=0.00, real=0.00 secs] 
300.538: Total time for which application threads were stopped: 0.0009190 seconds, Stopping threads took: 0.0001210 seconds
300.585: Application time: 0.0471900 seconds
300.585: [GC [PSYoungGen: 20324K->2272K(21504K)] 29854K->11801K(69120K), 0.0009130 secs] [Times: user=0.01 sys=0.00, real=0.00 secs] 
300.586: Total time for which application threads were stopped: 0.0010540 seconds, Stopping threads took: 0.0000710 seconds
300.634: Application time: 0.0477390 seconds
300.634: [GC [PSYoungGen: 20891K->1792K(21504K)] 30420K->11321K(69120K), 0.0007520 secs] [Times: user=0.00 sys=0.00, real=0.00 secs] 
300.635: Total time for which application threads were stopped: 0.0008880 seconds, Stopping threads took: 0.0000670 seconds
300.682: Application time: 0.0474450 seconds
300.682: [GC [PSYoungGen: 20320K->2304K(21504K)] 29850K->12345K(69120K), 0.0010300 secs] [Times: user=0.01 sys=0.00, real=0.00 secs] 
300.683: Total time for which application threads were stopped: 0.0011940 seconds, Stopping threads took: 0.0000920 seconds
300.732: Application time: 0.0485000 seconds
300.732: [GC [PSYoungGen: 20847K->1792K(21504K)] 30888K->11833K(69120K), 0.0007630 secs] [Times: user=0.01 sys=0.00, real=0.00 secs] 
300.733: Total time for which application threads were stopped: 0.0009170 seconds, Stopping threads took: 0.0000710 seconds
300.780: Application time: 0.0472960 seconds
300.780: [GC [PSYoungGen: 20402K->2304K(21504K)] 30444K->12345K(69120K), 0.0009370 secs] [Times: user=0.00 sys=0.00, real=0.00 secs] 
300.781: Total time for which application threads were stopped: 0.0010850 seconds, Stopping threads took: 0.0000700 seconds
300.831: Application time: 0.0500870 seconds
300.831: [GC [PSYoungGen: 20925K->1280K(21504K)] 30966K->11321K(69120K), 0.0006140 secs] [Times: user=0.00 sys=0.00, real=0.00 secs] 
300.832: Total time for which application threads were stopped: 0.0008770 seconds, Stopping threads took: 0.0001940 seconds
300.877: Application time: 0.0454240 seconds
300.878: [GC [PSYoungGen: 19886K->2384K(21504K)] 29928K->12425K(69120K), 0.0009390 secs] [Times: user=0.00 sys=0.00, real=0.00 secs] 
300.878: Total time for which application threads were stopped: 0.0010900 seconds, Stopping threads took: 0.0000790 seconds
300.928: Application time: 0.0495810 seconds
300.928: [GC [PSYoungGen: 20925K->1840K(21504K)] 30966K->11881K(69120K), 0.0007480 secs] [Times: user=0.00 sys=0.00, real=0.00 secs] 
300.929: Total time for which application threads were stopped: 0.0008920 seconds, Stopping threads took: 0.0000750 seconds
300.975: Application time: 0.0464910 seconds
300.976: [GC [PSYoungGen: 20372K->2400K(21504K)] 30414K->12441K(69120K), 0.0009600 secs] [Times: user=0.00 sys=0.00, real=0.01 secs] 
300.977: Total time for which application threads were stopped: 0.0011130 seconds, Stopping threads took: 0.0000770 seconds
301.025: Application time: 0.0483270 seconds
301.025: [GC [PSYoungGen: 20943K->1264K(21504K)] 30984K->11305K(69120K), 0.0005930 secs] [Times: user=0.00 sys=0.00, real=0.00 secs] 
301.026: Total time for which application threads were stopped: 0.0007730 seconds, Stopping threads took: 0.0001130 seconds
301.072: Application time: 0.0466540 seconds
301.072: [GC [PSYoungGen: 19949K->2464K(21504K)] 29990K->12505K(69120K), 0.0009390 secs] [Times: user=0.00 sys=0.00, real=0.00 secs] 
301.073: Total time for which application threads were stopped: 0.0010830 seconds, Stopping threads took: 0.0000710 seconds
301.121: Application time: 0.0478320 seconds
301.121: [GC [PSYoungGen: 21079K->2512K(21504K)] 31120K->12553K(69120K), 0.0009660 secs] [Times: user=0.01 sys=0.00, real=0.00 secs] 
301.122: Total time for which application threads were stopped: 0.0011140 seconds, Stopping threads took: 0.0000740 seconds
301.170: Application time: 0.0475620 seconds
301.170: [GC [PSYoungGen: 21055K->1424K(21504K)] 31096K->11465K(69120K), 0.0006250 secs] [Times: user=0.00 sys=0.00, real=0.00 secs] 
301.171: Total time for which application threads were stopped: 0.0007580 seconds, Stopping threads took: 0.0000690 seconds
301.217: Application time: 0.0461060 seconds
301.217: [GC [PSYoungGen: 20026K->2496K(21504K)] 30068K->13049K(69120K), 0.0011270 secs] [Times: user=0.01 sys=0.00, real=0.00 secs] 
301.218: Total time for which application threads were stopped: 0.0012790 seconds, Stopping threads took: 0.0000730 seconds
301.266: Application time: 0.0481230 seconds
301.266: [GC [PSYoungGen: 21039K->1904K(21504K)] 31592K->12473K(69120K), 0.0008030 secs] [Times: user=0.01 sys=0.00, real=0.00 secs] 
301.267: Total time for which application threads were stopped: 0.0009520 seconds, Stopping threads took: 0.0000710 seconds
301.314: Application time: 0.0471770 seconds
301.314: [GC [PSYoungGen: 20515K->2496K(21504K)] 31084K->13065K(69120K), 0.0009360 secs] [Times: user=0.01 sys=0.00, real=0.00 secs] 
301.315: Total time for which application threads were stopped: 0.0010800 seconds, Stopping threads took: 0.0000730 seconds
301.364: Application time: 0.0483160 seconds
301.364: [GC [PSYoungGen: 21039K->1408K(21504K)] 31608K->11985K(69120K), 0.0006410 secs] [Times: user=0.00 sys=0.00, real=0.01 secs] 
301.365: Total time for which application threads were stopped: 0.0007950 seconds, Stopping threads took: 0.0000810 seconds
301.411: Application time: 0.0468200 seconds
301.411: [GC [PSYoungGen: 19936K->2448K(21504K)] 30514K->13025K(69120K), 0.0009750 secs] [Times: user=0.01 sys=0.00, real=0.00 secs] 
301.412: Total time for which application threads were stopped: 0.0011240 seconds, Stopping threads took: 0.0000740 seconds
301.462: Application time: 0.0490480 seconds
301.462: [GC [PSYoungGen: 21069K->1424K(21504K)] 31646K->12001K(69120K), 0.0006630 secs] [Times: user=0.00 sys=0.00, real=0.00 secs] 
301.462: Total time for which application threads were stopped: 0.0008140 seconds, Stopping threads took: 0.0000820 seconds
301.509: Application time: 0.0470760 seconds
301.510: [GC [PSYoungGen: 20035K->1952K(21504K)] 30612K->12537K(69120K), 0.0007980 secs] [Times: user=0.01 sys=0.00, real=0.00 secs] 
301.510: Total time for which application threads were stopped: 0.0009920 seconds, Stopping threads took: 0.0001230 seconds
301.558: Application time: 0.0471320 seconds
301.558: [GC [PSYoungGen: 20562K->2448K(21504K)] 31148K->13049K(69120K), 0.0009410 secs] [Times: user=0.01 sys=0.00, real=0.00 secs] 
301.559: Total time for which application threads were stopped: 0.0010730 seconds, Stopping threads took: 0.0000610 seconds
301.608: Application time: 0.0490920 seconds
301.608: [GC [PSYoungGen: 20989K->1920K(21504K)] 31590K->12529K(69120K), 0.0008000 secs] [Times: user=0.01 sys=0.00, real=0.00 secs] 
301.609: Total time for which application threads were stopped: 0.0009350 seconds, Stopping threads took: 0.0000670 seconds
301.654: Application time: 0.0452070 seconds
301.654: [GC [PSYoungGen: 20452K->2480K(21504K)] 31062K->13089K(69120K), 0.0009490 secs] [Times: user=0.01 sys=0.00, real=0.00 secs] 
301.655: Total time for which application threads were stopped: 0.0011970 seconds, Stopping threads took: 0.0001760 seconds
301.705: Application time: 0.0499060 seconds
301.705: [GC [PSYoungGen: 21021K->1952K(21504K)] 31630K->12561K(69120K), 0.0008100 secs] [Times: user=0.00 sys=0.00, real=0.00 secs] 
301.706: Total time for which application threads were stopped: 0.0009520 seconds, Stopping threads took: 0.0000690 seconds
301.753: Application time: 0.0475040 seconds
301.754: [GC [PSYoungGen: 20643K->1952K(21504K)] 31252K->12561K(69120K), 0.0007710 secs] [Times: user=0.00 sys=0.00, real=0.00 secs] 
301.754: Total time for which application threads were stopped: 0.0009250 seconds, Stopping threads took: 0.0000790 seconds
301.802: Application time: 0.0481310 seconds
301.803: [GC [PSYoungGen: 20573K->1440K(21504K)] 31182K->12065K(69120K), 0.0006490 secs] [Times: user=0.00 sys=0.00, real=0.00 secs] 
301.803: Total time for which application threads were stopped: 0.0007890 seconds, Stopping threads took: 0.0000660 seconds
301.850: Application time: 0.0465620 seconds
301.850: [GC [PSYoungGen: 19968K->2480K(21504K)] 30594K->13121K(69120K), 0.0009480 secs] [Times: user=0.01 sys=0.00, real=0.00 secs] 
301.851: Total time for which application threads were stopped: 0.0010900 seconds, Stopping threads took: 0.0000710 seconds
301.899: Application time: 0.0478180 seconds
301.899: [GC [PSYoungGen: 21101K->1408K(21504K)] 31742K->12049K(69120K), 0.0006540 secs] [Times: user=0.01 sys=0.00, real=0.00 secs] 
301.900: Total time for which application threads were stopped: 0.0007830 seconds, Stopping threads took: 0.0000650 seconds
301.946: Application time: 0.0462200 seconds
301.946: [GC [PSYoungGen: 19932K->2528K(21504K)] 30574K->13689K(69120K), 0.0011220 secs] [Times: user=0.01 sys=0.00, real=0.00 secs] 
301.947: Total time for which application threads were stopped: 0.0012780 seconds, Stopping threads took: 0.0000790 seconds
301.996: Application time: 0.0489710 seconds
301.996: [GC [PSYoungGen: 21151K->1440K(21504K)] 32312K->12601K(69120K), 0.0006600 secs] [Times: user=0.00 sys=0.00, real=0.00 secs] 
301.997: Total time for which application threads were stopped: 0.0007920 seconds, Stopping threads took: 0.0000650 seconds
302.045: Application time: 0.0477240 seconds
302.045: [GC [PSYoungGen: 19972K->1936K(21504K)] 31134K->13105K(69120K), 0.0008010 secs] [Times: user=0.01 sys=0.00, real=0.00 secs] 
302.046: Total time for which application threads were stopped: 0.0009910 seconds, Stopping threads took: 0.0001140 seconds
302.093: Application time: 0.0476050 seconds
302.093: [GC [PSYoungGen: 20468K->2480K(21504K)] 31638K->13649K(69120K), 0.0009310 secs] [Times: user=0.01 sys=0.00, real=0.00 secs] 
302.094: Total time for which application threads were stopped: 0.0010790 seconds, Stopping threads took: 0.0000750 seconds
302.143: Application time: 0.0483080 seconds
302.143: [GC [PSYoungGen: 21099K->1920K(21504K)] 32268K->13089K(69120K), 0.0008040 secs] [Times: user=0.01 sys=0.00, real=0.00 secs] 
302.143: Total time for which application threads were stopped: 0.0009410 seconds, Stopping threads took: 0.0000680 seconds
302.190: Application time: 0.0465230 seconds
302.190: [GC [PSYoungGen: 20533K->2464K(21504K)] 31702K->13641K(69120K), 0.0009690 secs] [Times: user=0.00 sys=0.00, real=0.00 secs] 
302.191: Total time for which application threads were stopped: 0.0011170 seconds, Stopping threads took: 0.0000760 seconds
302.240: Application time: 0.0491440 seconds
302.240: [GC [PSYoungGen: 21005K->1936K(21504K)] 32182K->13121K(69120K), 0.0007840 secs] [Times: user=0.00 sys=0.00, real=0.00 secs] 
302.241: Total time for which application threads were stopped: 0.0009180 seconds, Stopping threads took: 0.0000640 seconds
302.290: Application time: 0.0484730 seconds
302.290: [GC [PSYoungGen: 20553K->1392K(21504K)] 31738K->12585K(69120K), 0.0006690 secs] [Times: user=0.00 sys=0.00, real=0.00 secs] 
302.290: Total time for which application threads were stopped: 0.0008110 seconds, Stopping threads took: 0.0000740 seconds
302.336: Application time: 0.0456930 seconds
302.336: [GC [PSYoungGen: 19920K->2480K(21504K)] 31114K->13673K(69120K), 0.0009490 secs] [Times: user=0.00 sys=0.00, real=0.00 secs] 
302.337: Total time for which application threads were stopped: 0.0011080 seconds, Stopping threads took: 0.0000790 seconds
302.387: Application time: 0.0499990 seconds
302.387: [GC [PSYoungGen: 21023K->1392K(21504K)] 32216K->12585K(69120K), 0.0006360 secs] [Times: user=0.00 sys=0.01, real=0.00 secs] 
302.388: Total time for which application threads were stopped: 0.0007790 seconds, Stopping threads took: 0.0000730 seconds
302.434: Application time: 0.0456410 seconds
302.434: [GC [PSYoungGen: 19994K->2496K(21504K)] 31188K->14201K(69120K), 0.0011190 secs] [Times: user=0.00 sys=0.00, real=0.00 secs] 
302.435: Total time for which application threads were stopped: 0.0012720 seconds, Stopping threads took: 0.0000790 seconds
302.485: Application time: 0.0500190 seconds
302.485: [GC [PSYoungGen: 21197K->1408K(21504K)] 32903K->13121K(69120K), 0.0006180 secs] [Times: user=0.01 sys=0.00, real=0.00 secs] 
302.486: Total time for which application threads were stopped: 0.0007570 seconds, Stopping threads took: 0.0000750 seconds
302.531: Application time: 0.0456880 seconds
302.532: [GC [PSYoungGen: 19932K->2528K(21504K)] 31646K->14761K(69120K), 0.0011500 secs] [Times: user=0.01 sys=0.00, real=0.00 secs] 
302.533: Total time for which application threads were stopped: 0.0013090 seconds, Stopping threads took: 0.0000800 seconds
302.583: Application time: 0.0500170 seconds
302.583: [GC [PSYoungGen: 21149K->1392K(21504K)] 33382K->13625K(69120K), 0.0006680 secs] [Times: user=0.00 sys=0.00, real=0.00 secs] 
302.584: Total time for which application threads were stopped: 0.0008100 seconds, Stopping threads took: 0.0000730 seconds
302.630: Application time: 0.0463740 seconds
302.630: [GC [PSYoungGen: 19924K->1936K(21504K)] 32158K->14177K(69120K), 0.0007780 secs] [Times: user=0.00 sys=0.00, real=0.00 secs] 
302.631: Total time for which application threads were stopped: 0.0009110 seconds, Stopping threads took: 0.0000660 seconds
302.678: Application time: 0.0468500 seconds
302.678: [GC [PSYoungGen: 20460K->2496K(21504K)] 32702K->15761K(69120K), 0.0012870 secs] [Times: user=0.01 sys=0.00, real=0.00 secs] 
302.679: Total time for which application threads were stopped: 0.0014520 seconds, Stopping threads took: 0.0000790 seconds
302.728: Application time: 0.0489260 seconds
302.728: [GC [PSYoungGen: 21115K->2496K(21504K)] 34380K->15769K(69120K), 0.0009580 secs] [Times: user=0.01 sys=0.00, real=0.00 secs] 
302.729: Total time for which application threads were stopped: 0.0011100 seconds, Stopping threads took: 0.0000790 seconds
302.778: Application time: 0.0491370 seconds
302.778: [GC [PSYoungGen: 21037K->1936K(21504K)] 34310K->15209K(69120K), 0.0007920 secs] [Times: user=0.01 sys=0.00, real=0.00 secs] 
302.779: Total time for which application threads were stopped: 0.0009280 seconds, Stopping threads took: 0.0000660 seconds
302.827: Application time: 0.0473280 seconds
302.827: [GC [PSYoungGen: 20549K->1888K(21504K)] 33822K->15161K(69120K), 0.0007820 secs] [Times: user=0.00 sys=0.00, real=0.00 secs] 
302.828: Total time for which application threads were stopped: 0.0009410 seconds, Stopping threads took: 0.0000910 seconds
302.875: Application time: 0.0471350 seconds
302.875: [GC [PSYoungGen: 20495K->2528K(21504K)] 33768K->16321K(69120K), 0.0011150 secs] [Times: user=0.01 sys=0.00, real=0.00 secs] 
302.876: Total time for which application threads were stopped: 0.0012710 seconds, Stopping threads took: 0.0000700 seconds
302.925: Application time: 0.0487110 seconds
302.925: [GC [PSYoungGen: 21069K->1952K(21504K)] 34862K->15753K(69120K), 0.0008020 secs] [Times: user=0.00 sys=0.00, real=0.00 secs] 
302.926: Total time for which application threads were stopped: 0.0009360 seconds, Stopping threads took: 0.0000650 seconds
302.972: Application time: 0.0464250 seconds
302.972: [GC [PSYoungGen: 20558K->2448K(21504K)] 34360K->16761K(69120K), 0.0011670 secs] [Times: user=0.01 sys=0.00, real=0.00 secs] 
302.973: Total time for which application threads were stopped: 0.0013190 seconds, Stopping threads took: 0.0000770 seconds
303.022: Application time: 0.0489230 seconds
303.022: [GC [PSYoungGen: 20991K->1936K(21504K)] 35304K->16257K(69120K), 0.0007950 secs] [Times: user=0.00 sys=0.00, real=0.00 secs] 
303.023: Total time for which application threads were stopped: 0.0009310 seconds, Stopping threads took: 0.0000670 seconds
303.068: Application time: 0.0451060 seconds
303.068: [GC [PSYoungGen: 20460K->2496K(21504K)] 34782K->17841K(69120K), 0.0012940 secs] [Times: user=0.01 sys=0.00, real=0.00 secs] 
303.070: Total time for which application threads were stopped: 0.0014490 seconds, Stopping threads took: 0.0000780 seconds
303.121: Application time: 0.0516560 seconds
303.122: [GC [PSYoungGen: 21121K->1392K(21504K)] 36467K->16737K(69120K), 0.0006360 secs] [Times: user=0.00 sys=0.00, real=0.00 secs] 
303.122: Total time for which application threads were stopped: 0.0007700 seconds, Stopping threads took: 0.0000690 seconds
303.166: Application time: 0.0439840 seconds
303.166: [GC [PSYoungGen: 20073K->2464K(21504K)] 35418K->18329K(69120K), 0.0010880 secs] [Times: user=0.01 sys=0.00, real=0.00 secs] 
303.167: Total time for which application threads were stopped: 0.0012430 seconds, Stopping threads took: 0.0000740 seconds
303.220: Application time: 0.0522700 seconds
303.220: [GC [PSYoungGen: 21011K->880K(21504K)] 36876K->16753K(69120K), 0.0005490 secs] [Times: user=0.00 sys=0.00, real=0.00 secs] 
303.220: Total time for which application threads were stopped: 0.0006880 seconds, Stopping threads took: 0.0000690 seconds
303.264: Application time: 0.0440970 seconds
303.265: [GC [PSYoungGen: 19400K->2528K(21504K)] 35274K->18913K(69120K), 0.0011360 secs] [Times: user=0.01 sys=0.00, real=0.00 secs] 
303.266: Total time for which application threads were stopped: 0.0012880 seconds, Stopping threads took: 0.0000750 seconds
303.317: Application time: 0.0515940 seconds
303.317: [GC [PSYoungGen: 21153K->864K(21504K)] 37539K->17257K(69120K), 0.0005470 secs] [Times: user=0.00 sys=0.00, real=0.00 secs] 
303.318: Total time for which application threads were stopped: 0.0006930 seconds, Stopping threads took: 0.0000790 seconds
303.361: Application time: 0.0431950 seconds
303.361: [GC [PSYoungGen: 19384K->2496K(21504K)] 35778K->19401K(69120K), 0.0011630 secs] [Times: user=0.01 sys=0.00, real=0.00 secs] 
303.363: Total time for which application threads were stopped: 0.0013130 seconds, Stopping threads took: 0.0000730 seconds
303.414: Application time: 0.0518410 seconds
303.415: [GC [PSYoungGen: 21119K->1376K(21504K)] 38025K->18281K(69120K), 0.0006670 secs] [Times: user=0.00 sys=0.00, real=0.00 secs] 
303.415: Total time for which application threads were stopped: 0.0008140 seconds, Stopping threads took: 0.0000670 seconds
303.461: Application time: 0.0457880 seconds
303.461: [GC [PSYoungGen: 19902K->2512K(21504K)] 36808K->19937K(69120K), 0.0011060 secs] [Times: user=0.01 sys=0.00, real=0.00 secs] 
303.462: Total time for which application threads were stopped: 0.0012400 seconds, Stopping threads took: 0.0000600 seconds
303.512: Application time: 0.0501860 seconds
303.513: [GC [PSYoungGen: 21055K->1904K(21504K)] 38480K->19329K(69120K), 0.0008650 secs] [Times: user=0.00 sys=0.00, real=0.00 secs] 
303.513: Total time for which application threads were stopped: 0.0010170 seconds, Stopping threads took: 0.0000820 seconds
303.559: Application time: 0.0455250 seconds
303.559: [GC [PSYoungGen: 20585K->2512K(21504K)] 38010K->20969K(69120K), 0.0012910 secs] [Times: user=0.01 sys=0.00, real=0.00 secs] 
303.560: Total time for which application threads were stopped: 0.0014300 seconds, Stopping threads took: 0.0000620 seconds
303.611: Application time: 0.0502480 seconds
303.611: [GC [PSYoungGen: 21057K->1952K(21504K)] 39515K->20417K(69120K), 0.0008190 secs] [Times: user=0.00 sys=0.00, real=0.00 secs] 
303.612: Total time for which application threads were stopped: 0.0009630 seconds, Stopping threads took: 0.0000730 seconds
303.656: Application time: 0.0448330 seconds
303.657: [GC [PSYoungGen: 20472K->2496K(21504K)] 38938K->21985K(69120K), 0.0012670 secs] [Times: user=0.01 sys=0.00, real=0.00 secs] 
303.658: Total time for which application threads were stopped: 0.0014380 seconds, Stopping threads took: 0.0000950 seconds
303.709: Application time: 0.0509620 seconds
303.709: [GC [PSYoungGen: 21121K->1952K(21504K)] 40611K->21457K(69120K), 0.0008240 secs] [Times: user=0.00 sys=0.00, real=0.00 secs] 
303.710: Total time for which application threads were stopped: 0.0009690 seconds, Stopping threads took: 0.0000690 seconds
303.756: Application time: 0.0464750 seconds
303.756: [GC [PSYoungGen: 20476K->2528K(21504K)] 39982K->23057K(69120K), 0.0013130 secs] [Times: user=0.01 sys=0.00, real=0.00 secs] 
303.758: Total time for which application threads were stopped: 0.0014550 seconds, Stopping threads took: 0.0000600 seconds
303.807: Application time: 0.0487790 seconds
303.807: [GC [PSYoungGen: 21151K->1920K(21504K)] 41681K->22449K(69120K), 0.0008210 secs] [Times: user=0.00 sys=0.00, real=0.00 secs] 
303.808: Total time for which application threads were stopped: 0.0009500 seconds, Stopping threads took: 0.0000610 seconds
303.856: Application time: 0.0484630 seconds
303.856: [GC [PSYoungGen: 20615K->1392K(21504K)] 41145K->21929K(69120K), 0.0006380 secs] [Times: user=0.01 sys=0.00, real=0.00 secs] 
303.857: Total time for which application threads were stopped: 0.0007670 seconds, Stopping threads took: 0.0000650 seconds
303.903: Application time: 0.0461670 seconds
303.903: [GC [PSYoungGen: 19920K->2496K(21504K)] 40458K->23049K(69120K), 0.0009490 secs] [Times: user=0.00 sys=0.00, real=0.00 secs] 
303.904: Total time for which application threads were stopped: 0.0011090 seconds, Stopping threads took: 0.0000800 seconds
303.953: Application time: 0.0494510 seconds
303.954: [GC [PSYoungGen: 21037K->1360K(21504K)] 41590K->21913K(69120K), 0.0006660 secs] [Times: user=0.00 sys=0.00, real=0.00 secs] 
303.954: Total time for which application threads were stopped: 0.0008170 seconds, Stopping threads took: 0.0000680 seconds
304.000: Application time: 0.0458140 seconds
304.000: [GC [PSYoungGen: 19966K->2464K(21504K)] 40520K->23017K(69120K), 0.0009520 secs] [Times: user=0.00 sys=0.00, real=0.00 secs] 
304.001: Total time for which application threads were stopped: 0.0011140 seconds, Stopping threads took: 0.0000800 seconds
304.050: Application time: 0.0491500 seconds
304.051: [GC [PSYoungGen: 21007K->1376K(21504K)] 41560K->21937K(69120K), 0.0007070 secs] [Times: user=0.01 sys=0.00, real=0.00 secs] 
304.051: Total time for which application threads were stopped: 0.0008450 seconds, Stopping threads took: 0.0000680 seconds
304.098: Application time: 0.0465000 seconds
304.098: [GC [PSYoungGen: 19982K->2480K(21504K)] 40544K->23041K(69120K), 0.0009610 secs] [Times: user=0.00 sys=0.00, real=0.00 secs] 
304.099: Total time for which application threads were stopped: 0.0011010 seconds, Stopping threads took: 0.0000640 seconds
304.147: Application time: 0.0484120 seconds
304.147: [GC [PSYoungGen: 21023K->1408K(21504K)] 41584K->21977K(69120K), 0.0006550 secs] [Times: user=0.00 sys=0.00, real=0.00 secs] 
304.148: Total time for which application threads were stopped: 0.0007970 seconds, Stopping threads took: 0.0000770 seconds
304.194: Application time: 0.0457120 seconds
304.194: [GC [PSYoungGen: 19934K->2464K(21504K)] 40504K->23033K(69120K), 0.0009500 secs] [Times: user=0.00 sys=0.00, real=0.00 secs] 
304.195: Total time for which application threads were stopped: 0.0010980 seconds, Stopping threads took: 0.0000760 seconds
304.244: Application time: 0.0489750 seconds
304.244: [GC [PSYoungGen: 21163K->1408K(21504K)] 41733K->21977K(69120K), 0.0006610 secs] [Times: user=0.00 sys=0.00, real=0.01 secs] 
304.245: Total time for which application threads were stopped: 0.0008080 seconds, Stopping threads took: 0.0000730 seconds
304.292: Application time: 0.0469790 seconds
304.292: [GC [PSYoungGen: 19936K->2480K(21504K)] 40506K->23057K(69120K), 0.0010090 secs] [Times: user=0.01 sys=0.00, real=0.00 secs] 
304.293: Total time for which application threads were stopped: 0.0011600 seconds, Stopping threads took: 0.0000790 seconds
304.341: Application time: 0.0483990 seconds
304.341: [GC [PSYoungGen: 21023K->1408K(21504K)] 41601K->21985K(69120K), 0.0006580 secs] [Times: user=0.01 sys=0.00, real=0.00 secs] 
304.342: Total time for which application threads were stopped: 0.0008190 seconds, Stopping threads took: 0.0000960 seconds
304.386: Application time: 0.0438440 seconds
304.386: [GC [PSYoungGen: 20016K->2464K(21504K)] 40594K->23041K(69120K), 0.0009870 secs] [Times: user=0.00 sys=0.00, real=0.00 secs] 
304.387: Total time for which application threads were stopped: 0.0011330 seconds, Stopping threads took: 0.0000740 seconds
304.431: Application time: 0.0444110 seconds
304.432: [GC [PSYoungGen: 21005K->1904K(21504K)] 41582K->22489K(69120K), 0.0008230 secs] [Times: user=0.00 sys=0.01, real=0.00 secs] 
304.432: Total time for which application threads were stopped: 0.0010090 seconds, Stopping threads took: 0.0001160 seconds
304.477: Application time: 0.0445780 seconds
304.477: [GC [PSYoungGen: 20436K->1920K(21504K)] 41022K->22505K(69120K), 0.0008020 secs] [Times: user=0.00 sys=0.00, real=0.00 secs] 
304.479: Total time for which application threads were stopped: 0.0017970 seconds, Stopping threads took: 0.0000770 seconds
304.523: Application time: 0.0441850 seconds
304.523: [GC [PSYoungGen: 20695K->1936K(21504K)] 41281K->22529K(69120K), 0.0008480 secs] [Times: user=0.00 sys=0.00, real=0.00 secs] 
304.524: Total time for which application threads were stopped: 0.0009940 seconds, Stopping threads took: 0.0000740 seconds
304.568: Application time: 0.0441520 seconds
304.568: [GC [PSYoungGen: 20468K->1840K(21504K)] 41062K->22441K(69120K), 0.0008940 secs] [Times: user=0.00 sys=0.00, real=0.00 secs] 
304.569: Total time for which application threads were stopped: 0.0010300 seconds, Stopping threads took: 0.0000690 seconds
304.614: Application time: 0.0450200 seconds
304.614: [GC [PSYoungGen: 20376K->1920K(21504K)] 40978K->22521K(69120K), 0.0007940 secs] [Times: user=0.00 sys=0.00, real=0.00 secs] 
304.615: Total time for which application threads were stopped: 0.0009500 seconds, Stopping threads took: 0.0000900 seconds
304.659: Application time: 0.0438780 seconds
304.659: [GC [PSYoungGen: 20533K->1952K(21504K)] 41134K->22553K(69120K), 0.0008110 secs] [Times: user=0.01 sys=0.00, real=0.00 secs] 
304.660: Total time for which application threads were stopped: 0.0009450 seconds, Stopping threads took: 0.0000660 seconds
304.705: Application time: 0.0454310 seconds
304.706: [GC [PSYoungGen: 20488K->1408K(21504K)] 41090K->22017K(69120K), 0.0005990 secs] [Times: user=0.00 sys=0.00, real=0.00 secs] 
304.706: Total time for which application threads were stopped: 0.0007220 seconds, Stopping threads took: 0.0000590 seconds
304.749: Application time: 0.0428260 seconds
304.749: [GC [PSYoungGen: 20021K->1920K(21504K)] 40630K->22529K(69120K), 0.0007790 secs] [Times: user=0.00 sys=0.00, real=0.00 secs] 
304.750: Total time for which application threads were stopped: 0.0010000 seconds, Stopping threads took: 0.0001540 seconds
304.794: Application time: 0.0437580 seconds
304.794: [GC [PSYoungGen: 20452K->2496K(21504K)] 41062K->23113K(69120K), 0.0009430 secs] [Times: user=0.01 sys=0.00, real=0.00 secs] 
304.795: Total time for which application threads were stopped: 0.0010890 seconds, Stopping threads took: 0.0000760 seconds
304.839: Application time: 0.0444710 seconds
304.839: [GC [PSYoungGen: 21037K->1952K(21504K)] 41654K->22569K(69120K), 0.0008560 secs] [Times: user=0.00 sys=0.01, real=0.00 secs] 
304.840: Total time for which application threads were stopped: 0.0010130 seconds, Stopping threads took: 0.0000860 seconds
304.882: Application time: 0.0420810 seconds
304.883: [GC [PSYoungGen: 20635K->2496K(21504K)] 41252K->24137K(69120K), 0.0012710 secs] [Times: user=0.00 sys=0.00, real=0.00 secs] 
304.884: Total time for which application threads were stopped: 0.0014270 seconds, Stopping threads took: 0.0000780 seconds
304.931: Application time: 0.0467550 seconds
304.931: [GC [PSYoungGen: 21041K->1968K(21504K)] 42683K->23617K(69120K), 0.0007740 secs] [Times: user=0.00 sys=0.00, real=0.00 secs] 
304.931: Total time for which application threads were stopped: 0.0009150 seconds, Stopping threads took: 0.0000760 seconds
304.973: Application time: 0.0418180 seconds
304.973: [GC [PSYoungGen: 20492K->2496K(21504K)] 42142K->25169K(69120K), 0.0012750 secs] [Times: user=0.01 sys=0.00, real=0.00 secs] 
304.975: Total time for which application threads were stopped: 0.0014250 seconds, Stopping threads took: 0.0000720 seconds
305.021: Application time: 0.0467440 seconds
305.022: [GC [PSYoungGen: 21041K->1920K(21504K)] 43715K->24593K(69120K), 0.0007620 secs] [Times: user=0.00 sys=0.00, real=0.00 secs] 
305.022: Total time for which application threads were stopped: 0.0008890 seconds, Stopping threads took: 0.0000540 seconds
305.064: Application time: 0.0416660 seconds
305.064: [GC [PSYoungGen: 20522K->2496K(21504K)] 43196K->26202K(69120K), 0.0012630 secs] [Times: user=0.01 sys=0.00, real=0.00 secs] 
305.065: Total time for which application threads were stopped: 0.0014210 seconds, Stopping threads took: 0.0000820 seconds
305.112: Application time: 0.0464190 seconds
305.112: [GC [PSYoungGen: 21041K->1920K(21504K)] 44747K->25626K(69120K), 0.0007750 secs] [Times: user=0.00 sys=0.01, real=0.00 secs] 
305.113: Total time for which application threads were stopped: 0.0009090 seconds, Stopping threads took: 0.0000650 seconds
305.154: Application time: 0.0415210 seconds
305.154: [GC [PSYoungGen: 20677K->2528K(21504K)] 44383K->27770K(69120K), 0.0013940 secs] [Times: user=0.01 sys=0.00, real=0.00 secs] 
305.156: Total time for which application threads were stopped: 0.0015460 seconds, Stopping threads took: 0.0000760 seconds
305.202: Application time: 0.0464550 seconds
305.202: [GC [PSYoungGen: 21075K->1952K(21504K)] 46317K->27202K(69120K), 0.0008510 secs] [Times: user=0.00 sys=0.00, real=0.00 secs] 
305.203: Total time for which application threads were stopped: 0.0009940 seconds, Stopping threads took: 0.0000770 seconds
305.247: Application time: 0.0438910 seconds
305.248: [GC [PSYoungGen: 20482K->2496K(21504K)] 45732K->27746K(69120K), 0.0011090 secs] [Times: user=0.01 sys=0.00, real=0.00 secs] 
305.249: Total time for which application threads were stopped: 0.0020790 seconds, Stopping threads took: 0.0008910 seconds
305.294: Application time: 0.0444890 seconds
305.294: [GC [PSYoungGen: 21111K->2480K(21504K)] 46361K->27730K(69120K), 0.0009150 secs] [Times: user=0.01 sys=0.00, real=0.00 secs] 
305.295: Total time for which application threads were stopped: 0.0010520 seconds, Stopping threads took: 0.0000690 seconds
305.341: Application time: 0.0458600 seconds
305.341: [GC [PSYoungGen: 21025K->864K(21504K)] 46275K->26122K(69120K), 0.0005160 secs] [Times: user=0.00 sys=0.00, real=0.00 secs] 
305.341: Total time for which application threads were stopped: 0.0006460 seconds, Stopping threads took: 0.0000690 seconds
305.382: Application time: 0.0411520 seconds
305.383: [GC [PSYoungGen: 19384K->2512K(21504K)] 44642K->28282K(69120K), 0.0011200 secs] [Times: user=0.00 sys=0.00, real=0.00 secs] 
305.384: Total time for which application threads were stopped: 0.0012740 seconds, Stopping threads took: 0.0000780 seconds
305.431: Application time: 0.0470240 seconds
305.431: [GC [PSYoungGen: 21137K->928K(21504K)] 46907K->26706K(69120K), 0.0005470 secs] [Times: user=0.00 sys=0.00, real=0.00 secs] 
305.431: Total time for which application threads were stopped: 0.0006750 seconds, Stopping threads took: 0.0000690 seconds
305.473: Application time: 0.0414490 seconds
305.473: [GC [PSYoungGen: 19448K->2464K(21504K)] 45226K->28754K(69120K), 0.0010790 secs] [Times: user=0.01 sys=0.00, real=0.00 secs] 
305.474: Total time for which application threads were stopped: 0.0012360 seconds, Stopping threads took: 0.0000830 seconds
305.519: Application time: 0.0451120 seconds
305.519: [GC [PSYoungGen: 21165K->1408K(21504K)] 47455K->27698K(69120K), 0.0006310 secs] [Times: user=0.00 sys=0.00, real=0.00 secs] 
305.520: Total time for which application threads were stopped: 0.0007690 seconds, Stopping threads took: 0.0000670 seconds
305.564: Application time: 0.0440610 seconds
305.564: [GC [PSYoungGen: 19940K->1952K(21504K)] 46230K->28250K(69120K), 0.0008010 secs] [Times: user=0.00 sys=0.00, real=0.00 secs] 
305.565: Total time for which application threads were stopped: 0.0009630 seconds, Stopping threads took: 0.0000810 seconds
305.609: Application time: 0.0437550 seconds
305.609: [GC [PSYoungGen: 20484K->2496K(21504K)] 46782K->28794K(69120K), 0.0009920 secs] [Times: user=0.01 sys=0.00, real=0.00 secs] 
305.610: Total time for which application threads were stopped: 0.0011300 seconds, Stopping threads took: 0.0000690 seconds
305.656: Application time: 0.0459530 seconds
305.656: [GC [PSYoungGen: 21039K->1376K(21504K)] 47337K->27674K(69120K), 0.0007160 secs] [Times: user=0.00 sys=0.00, real=0.00 secs] 
305.657: Total time for which application threads were stopped: 0.0008570 seconds, Stopping threads took: 0.0000690 seconds
305.699: Application time: 0.0418990 seconds
305.699: [GC [PSYoungGen: 19982K->2464K(21504K)] 46280K->28762K(69120K), 0.0008870 secs] [Times: user=0.01 sys=0.00, real=0.00 secs] 
305.700: Total time for which application threads were stopped: 0.0010220 seconds, Stopping threads took: 0.0000690 seconds
305.746: Application time: 0.0459760 seconds
305.746: [GC [PSYoungGen: 21005K->1968K(21504K)] 47303K->28274K(69120K), 0.0008530 secs] [Times: user=0.00 sys=0.00, real=0.00 secs] 
305.747: Total time for which application threads were stopped: 0.0009830 seconds, Stopping threads took: 0.0000570 seconds
305.791: Application time: 0.0446110 seconds
305.791: [GC [PSYoungGen: 20741K->1424K(21504K)] 47047K->27730K(69120K), 0.0006740 secs] [Times: user=0.00 sys=0.00, real=0.00 secs] 
305.792: Total time for which application threads were stopped: 0.0008050 seconds, Stopping threads took: 0.0000670 seconds
305.835: Application time: 0.0433750 seconds
305.836: [GC [PSYoungGen: 19952K->2432K(21504K)] 46258K->28746K(69120K), 0.0009430 secs] [Times: user=0.00 sys=0.00, real=0.01 secs] 
305.837: Total time for which application threads were stopped: 0.0010900 seconds, Stopping threads took: 0.0000770 seconds
305.881: Application time: 0.0442280 seconds
305.881: [GC [PSYoungGen: 20971K->1952K(21504K)] 47285K->28266K(69120K), 0.0008390 secs] [Times: user=0.00 sys=0.00, real=0.00 secs] 
305.882: Total time for which application threads were stopped: 0.0009740 seconds, Stopping threads took: 0.0000670 seconds
305.925: Application time: 0.0431790 seconds
305.925: [GC [PSYoungGen: 20484K->2512K(21504K)] 46798K->28826K(69120K), 0.0009350 secs] [Times: user=0.00 sys=0.00, real=0.00 secs] 
305.926: Total time for which application threads were stopped: 0.0010730 seconds, Stopping threads took: 0.0000680 seconds
305.972: Application time: 0.0461720 seconds
305.972: [GC [PSYoungGen: 21133K->1408K(21504K)] 47447K->27730K(69120K), 0.0006620 secs] [Times: user=0.00 sys=0.00, real=0.00 secs] 
305.973: Total time for which application threads were stopped: 0.0007900 seconds, Stopping threads took: 0.0000650 seconds
306.015: Application time: 0.0415620 seconds
306.015: [GC [PSYoungGen: 19932K->2496K(21504K)] 46254K->29330K(69120K), 0.0011060 secs] [Times: user=0.00 sys=0.00, real=0.00 secs] 
306.016: Total time for which application threads were stopped: 0.0012520 seconds, Stopping threads took: 0.0000720 seconds
306.061: Application time: 0.0455850 seconds
306.061: [GC [PSYoungGen: 21119K->1408K(21504K)] 47953K->28242K(69120K), 0.0007190 secs] [Times: user=0.00 sys=0.00, real=0.00 secs] 
306.062: Total time for which application threads were stopped: 0.0008510 seconds, Stopping threads took: 0.0000680 seconds
306.104: Application time: 0.0417320 seconds
306.104: [GC [PSYoungGen: 19932K->2464K(21504K)] 46766K->29818K(69120K), 0.0010980 secs] [Times: user=0.00 sys=0.00, real=0.00 secs] 
306.105: Total time for which application threads were stopped: 0.0012560 seconds, Stopping threads took: 0.0000750 seconds
306.151: Application time: 0.0454550 seconds
306.151: [GC [PSYoungGen: 21085K->1936K(21504K)] 48439K->29290K(69120K), 0.0008190 secs] [Times: user=0.00 sys=0.00, real=0.00 secs] 
306.152: Total time for which application threads were stopped: 0.0009470 seconds, Stopping threads took: 0.0000560 seconds
306.195: Application time: 0.0437580 seconds
306.196: [GC [PSYoungGen: 20551K->1904K(21504K)] 47905K->29266K(69120K), 0.0008240 secs] [Times: user=0.01 sys=0.00, real=0.01 secs] 
306.196: Total time for which application threads were stopped: 0.0010950 seconds, Stopping threads took: 0.0002080 seconds
306.241: Application time: 0.0443530 seconds
306.241: [GC [PSYoungGen: 20438K->1920K(21504K)] 47800K->29282K(69120K), 0.0007930 secs] [Times: user=0.01 sys=0.00, real=0.00 secs] 
306.242: Total time for which application threads were stopped: 0.0009360 seconds, Stopping threads took: 0.0000740 seconds
306.285: Application time: 0.0434740 seconds
306.285: [GC [PSYoungGen: 20456K->1936K(21504K)] 47818K->29298K(69120K), 0.0007920 secs] [Times: user=0.00 sys=0.00, real=0.00 secs] 
306.286: Total time for which application threads were stopped: 0.0010050 seconds, Stopping threads took: 0.0001410 seconds
306.330: Application time: 0.0435240 seconds
306.330: [GC [PSYoungGen: 20468K->2496K(21504K)] 47830K->29858K(69120K), 0.0009110 secs] [Times: user=0.00 sys=0.00, real=0.00 secs] 
306.331: Total time for which application threads were stopped: 0.0010480 seconds, Stopping threads took: 0.0000700 seconds
306.375: Application time: 0.0440090 seconds
306.375: [GC [PSYoungGen: 21115K->1904K(21504K)] 48477K->29274K(69120K), 0.0007840 secs] [Times: user=0.00 sys=0.00, real=0.00 secs] 
306.376: Total time for which application threads were stopped: 0.0009230 seconds, Stopping threads took: 0.0000700 seconds
306.420: Application time: 0.0446510 seconds
306.421: [GC [PSYoungGen: 20597K->1968K(21504K)] 47967K->29338K(69120K), 0.0007870 secs] [Times: user=0.01 sys=0.00, real=0.00 secs] 
306.421: Total time for which application threads were stopped: 0.0009200 seconds, Stopping threads took: 0.0000640 seconds
306.465: Application time: 0.0433610 seconds
306.465: [GC [PSYoungGen: 20579K->2480K(21504K)] 47949K->29858K(69120K), 0.0010950 secs] [Times: user=0.00 sys=0.00, real=0.00 secs] 
306.466: Total time for which application threads were stopped: 0.0012410 seconds, Stopping threads took: 0.0000660 seconds
306.510: Application time: 0.0437130 seconds
306.510: [GC [PSYoungGen: 21012K->2448K(21504K)] 48390K->30338K(69120K), 0.0011860 secs] [Times: user=0.01 sys=0.00, real=0.00 secs] 
306.511: Total time for which application threads were stopped: 0.0013270 seconds, Stopping threads took: 0.0000680 seconds
306.555: Application time: 0.0442890 seconds
306.555: [GC [PSYoungGen: 20987K->2432K(21504K)] 48877K->30322K(69120K), 0.0009450 secs] [Times: user=0.01 sys=0.00, real=0.01 secs] 
306.556: Total time for which application threads were stopped: 0.0010870 seconds, Stopping threads took: 0.0000720 seconds
306.601: Application time: 0.0444310 seconds
306.601: [GC [PSYoungGen: 21053K->1408K(21504K)] 48943K->29298K(69120K), 0.0006460 secs] [Times: user=0.01 sys=0.00, real=0.00 secs] 
306.602: Total time for which application threads were stopped: 0.0008310 seconds, Stopping threads took: 0.0001240 seconds
306.645: Application time: 0.0437550 seconds
306.646: [GC [PSYoungGen: 19936K->2480K(21504K)] 47826K->30378K(69120K), 0.0009550 secs] [Times: user=0.00 sys=0.00, real=0.00 secs] 
306.646: Total time for which application threads were stopped: 0.0010930 seconds, Stopping threads took: 0.0000590 seconds
306.690: Application time: 0.0439050 seconds
306.691: [GC [PSYoungGen: 21097K->1904K(21504K)] 48995K->29802K(69120K), 0.0007950 secs] [Times: user=0.01 sys=0.00, real=0.00 secs] 
306.691: Total time for which application threads were stopped: 0.0009340 seconds, Stopping threads took: 0.0000690 seconds
306.737: Application time: 0.0453870 seconds
306.737: [GC [PSYoungGen: 20438K->1888K(21504K)] 48336K->29794K(69120K), 0.0007990 secs] [Times: user=0.00 sys=0.00, real=0.00 secs] 
306.738: Total time for which application threads were stopped: 0.0009420 seconds, Stopping threads took: 0.0000780 seconds
306.784: Application time: 0.0459390 seconds
306.784: [GC [PSYoungGen: 20420K->1952K(21504K)] 48326K->29858K(69120K), 0.0007940 secs] [Times: user=0.00 sys=0.00, real=0.01 secs] 
306.785: Total time for which application threads were stopped: 0.0009250 seconds, Stopping threads took: 0.0000660 seconds
306.829: Application time: 0.0443780 seconds
306.829: [GC [PSYoungGen: 20647K->2480K(21504K)] 48553K->30394K(69120K), 0.0009830 secs] [Times: user=0.00 sys=0.00, real=0.00 secs] 
306.830: Total time for which application threads were stopped: 0.0011260 seconds, Stopping threads took: 0.0000740 seconds
306.873: Application time: 0.0434030 seconds
306.874: [GC [PSYoungGen: 21008K->2528K(21504K)] 48922K->31474K(69120K), 0.0012770 secs] [Times: user=0.01 sys=0.00, real=0.00 secs] 
306.875: Total time for which application threads were stopped: 0.0014270 seconds, Stopping threads took: 0.0000750 seconds
306.920: Application time: 0.0451580 seconds
306.920: [GC [PSYoungGen: 21073K->1968K(21504K)] 50019K->30914K(69120K), 0.0008150 secs] [Times: user=0.00 sys=0.00, real=0.00 secs] 
306.921: Total time for which application threads were stopped: 0.0009550 seconds, Stopping threads took: 0.0000710 seconds
306.965: Application time: 0.0441330 seconds
306.965: [GC [PSYoungGen: 20500K->2496K(21504K)] 49446K->31442K(69120K), 0.0009840 secs] [Times: user=0.00 sys=0.00, real=0.00 secs] 
306.966: Total time for which application threads were stopped: 0.0011190 seconds, Stopping threads took: 0.0000630 seconds
307.011: Application time: 0.0447520 seconds
307.011: [GC [PSYoungGen: 21111K->2496K(21504K)] 50057K->31442K(69120K), 0.0009510 secs] [Times: user=0.01 sys=0.00, real=0.00 secs] 
307.012: Total time for which application threads were stopped: 0.0011140 seconds, Stopping threads took: 0.0000890 seconds
307.056: Application time: 0.0439820 seconds
307.056: [GC [PSYoungGen: 21037K->1952K(21504K)] 49983K->30906K(69120K), 0.0008010 secs] [Times: user=0.00 sys=0.00, real=0.00 secs] 
307.057: Total time for which application threads were stopped: 0.0009330 seconds, Stopping threads took: 0.0000680 seconds
307.101: Application time: 0.0436670 seconds
307.101: [GC [PSYoungGen: 20721K->2496K(21504K)] 49675K->31458K(69120K), 0.0009850 secs] [Times: user=0.01 sys=0.00, real=0.00 secs] 
307.102: Total time for which application threads were stopped: 0.0011180 seconds, Stopping threads took: 0.0000600 seconds
307.146: Application time: 0.0443770 seconds
307.146: [GC [PSYoungGen: 21032K->2496K(21504K)] 49994K->31466K(69120K), 0.0009560 secs] [Times: user=0.01 sys=0.00, real=0.00 secs] 
307.147: Total time for which application threads were stopped: 0.0011110 seconds, Stopping threads took: 0.0000790 seconds
307.192: Application time: 0.0445160 seconds
307.192: [GC [PSYoungGen: 21032K->2480K(21504K)] 50003K->31450K(69120K), 0.0009920 secs] [Times: user=0.01 sys=0.00, real=0.00 secs] 
307.193: Total time for which application threads were stopped: 0.0011430 seconds, Stopping threads took: 0.0000720 seconds
307.237: Application time: 0.0445210 seconds
307.238: [GC [PSYoungGen: 21101K->1376K(21504K)] 50071K->30346K(69120K), 0.0006650 secs] [Times: user=0.01 sys=0.00, real=0.00 secs] 
307.238: Total time for which application threads were stopped: 0.0008100 seconds, Stopping threads took: 0.0000770 seconds
307.281: Application time: 0.0424580 seconds
307.281: [GC [PSYoungGen: 19904K->2480K(21504K)] 48874K->31458K(69120K), 0.0009410 secs] [Times: user=0.01 sys=0.00, real=0.00 secs] 
307.282: Total time for which application threads were stopped: 0.0010820 seconds, Stopping threads took: 0.0000710 seconds
307.328: Application time: 0.0460400 seconds
307.328: [GC [PSYoungGen: 21099K->1904K(21504K)] 50077K->30882K(69120K), 0.0008240 secs] [Times: user=0.01 sys=0.00, real=0.00 secs] 
307.329: Total time for which application threads were stopped: 0.0009660 seconds, Stopping threads took: 0.0000720 seconds
307.371: Application time: 0.0421900 seconds
307.371: [GC [PSYoungGen: 20436K->2448K(21504K)] 49414K->31434K(69120K), 0.0009120 secs] [Times: user=0.00 sys=0.00, real=0.00 secs] 
307.372: Total time for which application threads were stopped: 0.0010480 seconds, Stopping threads took: 0.0000660 seconds
307.418: Application time: 0.0462410 seconds
307.418: [GC [PSYoungGen: 21069K->1392K(21504K)] 50055K->30378K(69120K), 0.0006710 secs] [Times: user=0.00 sys=0.00, real=0.00 secs] 
307.419: Total time for which application threads were stopped: 0.0007930 seconds, Stopping threads took: 0.0000590 seconds
307.462: Application time: 0.0429770 seconds
307.462: [GC [PSYoungGen: 20003K->1952K(21504K)] 48989K->30938K(69120K), 0.0008120 secs] [Times: user=0.01 sys=0.00, real=0.00 secs] 
307.463: Total time for which application threads were stopped: 0.0009510 seconds, Stopping threads took: 0.0000710 seconds
307.506: Application time: 0.0430650 seconds
307.506: [GC [PSYoungGen: 20482K->2496K(21504K)] 49468K->31490K(69120K), 0.0009640 secs] [Times: user=0.01 sys=0.00, real=0.00 secs] 
307.507: Total time for which application threads were stopped: 0.0011320 seconds, Stopping threads took: 0.0000960 seconds
307.551: Application time: 0.0440630 seconds
307.551: [GC [PSYoungGen: 21037K->1952K(21504K)] 50031K->30946K(69120K), 0.0008300 secs] [Times: user=0.00 sys=0.00, real=0.00 secs] 
307.552: Total time for which application threads were stopped: 0.0009680 seconds, Stopping threads took: 0.0000670 seconds
307.596: Application time: 0.0438170 seconds
307.596: [GC [PSYoungGen: 20484K->2448K(21504K)] 49478K->31442K(69120K), 0.0009400 secs] [Times: user=0.01 sys=0.00, real=0.00 secs] 
307.597: Total time for which application threads were stopped: 0.0010830 seconds, Stopping threads took: 0.0000660 seconds
307.646: Application time: 0.0492320 seconds
307.647: [GC [PSYoungGen: 20980K->2368K(21504K)] 49974K->31362K(69120K), 0.0009650 secs] [Times: user=0.01 sys=0.00, real=0.00 secs] 
307.648: Total time for which application threads were stopped: 0.0011680 seconds, Stopping threads took: 0.0001360 seconds
307.693: Application time: 0.0458020 seconds
307.694: [GC [PSYoungGen: 20983K->2496K(21504K)] 49977K->31498K(69120K), 0.0010770 secs] [Times: user=0.01 sys=0.00, real=0.00 secs] 
307.695: Total time for which application threads were stopped: 0.0017590 seconds, Stopping threads took: 0.0005860 seconds
307.741: Application time: 0.0460250 seconds
307.741: [GC [PSYoungGen: 21271K->1920K(21504K)] 50273K->30922K(69120K), 0.0007990 secs] [Times: user=0.00 sys=0.00, real=0.00 secs] 
307.742: Total time for which application threads were stopped: 0.0009540 seconds, Stopping threads took: 0.0000870 seconds
307.786: Application time: 0.0440420 seconds
307.786: [GC [PSYoungGen: 20452K->1952K(21504K)] 49454K->30962K(69120K), 0.0008250 secs] [Times: user=0.00 sys=0.00, real=0.00 secs] 
307.787: Total time for which application threads were stopped: 0.0010330 seconds, Stopping threads took: 0.0001380 seconds
307.831: Application time: 0.0442010 seconds
307.832: [GC [PSYoungGen: 20493K->1904K(21504K)] 49503K->30914K(69120K), 0.0008040 secs] [Times: user=0.00 sys=0.00, real=0.00 secs] 
307.832: Total time for which application threads were stopped: 0.0009320 seconds, Stopping threads took: 0.0000620 seconds
307.878: Application time: 0.0453960 seconds
307.878: [GC [PSYoungGen: 20521K->1408K(21504K)] 49531K->30418K(69120K), 0.0006730 secs] [Times: user=0.01 sys=0.00, real=0.00 secs] 
307.879: Total time for which application threads were stopped: 0.0008090 seconds, Stopping threads took: 0.0000690 seconds
307.922: Application time: 0.0431510 seconds
307.922: [GC [PSYoungGen: 19934K->2480K(21504K)] 48944K->32010K(69120K), 0.0011170 secs] [Times: user=0.01 sys=0.00, real=0.00 secs] 
307.923: Total time for which application threads were stopped: 0.0012630 seconds, Stopping threads took: 0.0000750 seconds
307.968: Application time: 0.0448830 seconds
307.968: [GC [PSYoungGen: 21023K->1936K(21504K)] 50553K->31466K(69120K), 0.0007870 secs] [Times: user=0.00 sys=0.00, real=0.00 secs] 
307.969: Total time for which application threads were stopped: 0.0009190 seconds, Stopping threads took: 0.0000680 seconds
308.013: Application time: 0.0443410 seconds
308.013: [GC [PSYoungGen: 20551K->1968K(21504K)] 50081K->31506K(69120K), 0.0007770 secs] [Times: user=0.00 sys=0.00, real=0.00 secs] 
308.014: Total time for which application threads were stopped: 0.0009090 seconds, Stopping threads took: 0.0000690 seconds
308.058: Application time: 0.0437800 seconds
308.058: [GC [PSYoungGen: 20579K->1952K(21504K)] 50117K->31490K(69120K), 0.0008060 secs] [Times: user=0.01 sys=0.00, real=0.00 secs] 
308.059: Total time for which application threads were stopped: 0.0009860 seconds, Stopping threads took: 0.0001110 seconds
308.103: Application time: 0.0437140 seconds
308.103: [GC [PSYoungGen: 20564K->2480K(21504K)] 50103K->32538K(69120K), 0.0010880 secs] [Times: user=0.00 sys=0.00, real=0.00 secs] 
308.104: Total time for which application threads were stopped: 0.0012350 seconds, Stopping threads took: 0.0000740 seconds
308.149: Application time: 0.0448940 seconds
308.149: [GC [PSYoungGen: 21023K->1952K(21504K)] 51081K->32018K(69120K), 0.0008050 secs] [Times: user=0.01 sys=0.00, real=0.00 secs] 
308.150: Total time for which application threads were stopped: 0.0009390 seconds, Stopping threads took: 0.0000700 seconds
308.192: Application time: 0.0421150 seconds
308.192: [GC [PSYoungGen: 20476K->2512K(21504K)] 50542K->33602K(69120K), 0.0013030 secs] [Times: user=0.00 sys=0.00, real=0.00 secs] 
308.193: Total time for which application threads were stopped: 0.0014790 seconds, Stopping threads took: 0.0001000 seconds
308.240: Application time: 0.0463280 seconds
308.240: [GC [PSYoungGen: 21059K->1424K(21504K)] 52149K->32514K(69120K), 0.0006610 secs] [Times: user=0.00 sys=0.01, real=0.00 secs] 
308.240: Total time for which application threads were stopped: 0.0008690 seconds, Stopping threads took: 0.0001380 seconds
308.285: Application time: 0.0442530 seconds
308.285: [GC [PSYoungGen: 19958K->1408K(21504K)] 51048K->32498K(69120K), 0.0006500 secs] [Times: user=0.00 sys=0.00, real=0.00 secs] 
308.286: Total time for which application threads were stopped: 0.0009050 seconds, Stopping threads took: 0.0001890 seconds
308.329: Application time: 0.0435380 seconds
308.329: [GC [PSYoungGen: 20015K->2432K(21504K)] 51105K->33522K(69120K), 0.0010350 secs] [Times: user=0.01 sys=0.00, real=0.00 secs] 
308.330: Total time for which application threads were stopped: 0.0011760 seconds, Stopping threads took: 0.0000710 seconds
308.377: Application time: 0.0466320 seconds
308.377: [GC [PSYoungGen: 21131K->1408K(21504K)] 52221K->32506K(69120K), 0.0006930 secs] [Times: user=0.00 sys=0.00, real=0.00 secs] 
308.378: Total time for which application threads were stopped: 0.0008320 seconds, Stopping threads took: 0.0000680 seconds
308.425: Application time: 0.0472730 seconds
308.425: [GC [PSYoungGen: 20014K->2480K(21504K)] 51113K->33586K(69120K), 0.0010070 secs] [Times: user=0.01 sys=0.00, real=0.00 secs] 
308.426: Total time for which application threads were stopped: 0.0011790 seconds, Stopping threads took: 0.0000940 seconds
308.476: Application time: 0.0501060 seconds
308.476: [GC [PSYoungGen: 21023K->1408K(21504K)] 52129K->32514K(69120K), 0.0006880 secs] [Times: user=0.00 sys=0.00, real=0.00 secs] 
308.477: Total time for which application threads were stopped: 0.0008200 seconds, Stopping threads took: 0.0000620 seconds
308.523: Application time: 0.0454630 seconds
308.523: [GC [PSYoungGen: 19936K->2416K(21504K)] 51042K->33522K(69120K), 0.0009820 secs] [Times: user=0.00 sys=0.00, real=0.00 secs] 
308.524: Total time for which application threads were stopped: 0.0011260 seconds, Stopping threads took: 0.0000730 seconds
308.572: Application time: 0.0484290 seconds
308.572: [GC [PSYoungGen: 21033K->1936K(21504K)] 52139K->33050K(69120K), 0.0008190 secs] [Times: user=0.01 sys=0.00, real=0.00 secs] 
308.573: Total time for which application threads were stopped: 0.0009550 seconds, Stopping threads took: 0.0000650 seconds
308.620: Application time: 0.0465610 seconds
308.620: [GC [PSYoungGen: 20464K->2528K(21504K)] 51578K->34154K(69120K), 0.0011370 secs] [Times: user=0.01 sys=0.00, real=0.00 secs] 
308.621: Total time for which application threads were stopped: 0.0012850 seconds, Stopping threads took: 0.0000710 seconds
308.670: Application time: 0.0489350 seconds
308.670: [GC [PSYoungGen: 21149K->1936K(21504K)] 52775K->33562K(69120K), 0.0008190 secs] [Times: user=0.00 sys=0.00, real=0.00 secs] 
308.671: Total time for which application threads were stopped: 0.0009630 seconds, Stopping threads took: 0.0000720 seconds
308.718: Application time: 0.0467210 seconds
308.718: [GC [PSYoungGen: 20460K->2512K(21504K)] 52086K->35170K(69120K), 0.0013050 secs] [Times: user=0.01 sys=0.00, real=0.00 secs] 
308.719: Total time for which application threads were stopped: 0.0014460 seconds, Stopping threads took: 0.0000660 seconds
308.770: Application time: 0.0508540 seconds
308.770: [GC [PSYoungGen: 21215K->1408K(21504K)] 53873K->34074K(69120K), 0.0006940 secs] [Times: user=0.00 sys=0.00, real=0.00 secs] 
308.771: Total time for which application threads were stopped: 0.0008390 seconds, Stopping threads took: 0.0000630 seconds
308.815: Application time: 0.0446920 seconds
308.816: [GC [PSYoungGen: 19932K->2448K(21504K)] 52598K->35634K(69120K), 0.0011390 secs] [Times: user=0.01 sys=0.00, real=0.01 secs] 
308.817: Total time for which application threads were stopped: 0.0013240 seconds, Stopping threads took: 0.0001090 seconds
308.867: Application time: 0.0497630 seconds
308.867: [GC [PSYoungGen: 20993K->1392K(21504K)] 54179K->34578K(69120K), 0.0006940 secs] [Times: user=0.00 sys=0.00, real=0.00 secs] 
308.867: Total time for which application threads were stopped: 0.0008280 seconds, Stopping threads took: 0.0000600 seconds
308.913: Application time: 0.0457640 seconds
308.913: [GC [PSYoungGen: 19916K->2464K(21504K)] 53102K->36162K(69120K), 0.0011520 secs] [Times: user=0.01 sys=0.00, real=0.00 secs] 
308.914: Total time for which application threads were stopped: 0.0012940 seconds, Stopping threads took: 0.0000650 seconds
308.963: Application time: 0.0489870 seconds
308.964: [GC [PSYoungGen: 21007K->1904K(21504K)] 54705K->35602K(69120K), 0.0008300 secs] [Times: user=0.01 sys=0.00, real=0.01 secs] 
308.964: Total time for which application threads were stopped: 0.0009780 seconds, Stopping threads took: 0.0000750 seconds
309.011: Application time: 0.0463930 seconds
309.011: [GC [PSYoungGen: 20436K->2480K(21504K)] 54135K->36178K(69120K), 0.0010100 secs] [Times: user=0.01 sys=0.00, real=0.00 secs] 
309.012: Total time for which application threads were stopped: 0.0011730 seconds, Stopping threads took: 0.0000910 seconds
309.061: Application time: 0.0487890 seconds
309.061: [GC [PSYoungGen: 21255K->1888K(21504K)] 54954K->35594K(69120K), 0.0009390 secs] [Times: user=0.00 sys=0.00, real=0.00 secs] 
309.062: Total time for which application threads were stopped: 0.0010670 seconds, Stopping threads took: 0.0000560 seconds
309.108: Application time: 0.0464460 seconds
309.108: [GC [PSYoungGen: 20497K->2480K(21504K)] 54203K->36706K(69120K), 0.0011460 secs] [Times: user=0.01 sys=0.00, real=0.00 secs] 
309.110: Total time for which application threads were stopped: 0.0012950 seconds, Stopping threads took: 0.0000720 seconds
309.159: Application time: 0.0489440 seconds
309.159: [GC [PSYoungGen: 21023K->1920K(21504K)] 55249K->36154K(69120K), 0.0008300 secs] [Times: user=0.01 sys=0.00, real=0.00 secs] 
309.159: Total time for which application threads were stopped: 0.0009730 seconds, Stopping threads took: 0.0000740 seconds
309.206: Application time: 0.0467790 seconds
309.206: [GC [PSYoungGen: 20452K->2496K(21504K)] 54687K->36730K(69120K), 0.0009600 secs] [Times: user=0.00 sys=0.00, real=0.00 secs] 
309.207: Total time for which application threads were stopped: 0.0011030 seconds, Stopping threads took: 0.0000690 seconds
309.255: Application time: 0.0479100 seconds
309.255: [GC [PSYoungGen: 21111K->2496K(21504K)] 55345K->36730K(69120K), 0.0009730 secs] [Times: user=0.00 sys=0.00, real=0.01 secs] 
309.256: Total time for which application threads were stopped: 0.0011490 seconds, Stopping threads took: 0.0001010 seconds
309.306: Application time: 0.0498890 seconds
309.306: [GC [PSYoungGen: 21039K->928K(21504K)] 55273K->35170K(69120K), 0.0006050 secs] [Times: user=0.00 sys=0.00, real=0.00 secs] 
309.307: Total time for which application threads were stopped: 0.0007580 seconds, Stopping threads took: 0.0000730 seconds
309.352: Application time: 0.0444320 seconds
309.352: [GC [PSYoungGen: 19528K->2480K(21504K)] 53770K->37234K(69120K), 0.0011290 secs] [Times: user=0.00 sys=0.00, real=0.00 secs] 
309.353: Total time for which application threads were stopped: 0.0012880 seconds, Stopping threads took: 0.0000780 seconds
309.403: Application time: 0.0498910 seconds
309.403: [GC [PSYoungGen: 21027K->896K(21504K)] 55781K->35658K(69120K), 0.0006280 secs] [Times: user=0.01 sys=0.00, real=0.00 secs] 
309.403: Total time for which application threads were stopped: 0.0007540 seconds, Stopping threads took: 0.0000610 seconds
309.449: Application time: 0.0454410 seconds
309.449: [GC [PSYoungGen: 19496K->2496K(21504K)] 54258K->37770K(69120K), 0.0011410 secs] [Times: user=0.01 sys=0.00, real=0.00 secs] 
309.450: Total time for which application threads were stopped: 0.0012810 seconds, Stopping threads took: 0.0000680 seconds
309.499: Application time: 0.0490540 seconds
309.499: [GC [PSYoungGen: 21117K->1408K(21504K)] 56391K->36690K(69120K), 0.0007380 secs] [Times: user=0.01 sys=0.00, real=0.00 secs] 
309.501: Total time for which application threads were stopped: 0.0016810 seconds, Stopping threads took: 0.0001050 seconds
309.547: Application time: 0.0461710 seconds
309.547: [GC [PSYoungGen: 19932K->2480K(21504K)] 55214K->38274K(69120K), 0.0011510 secs] [Times: user=0.01 sys=0.00, real=0.00 secs] 
309.548: Total time for which application threads were stopped: 0.0013070 seconds, Stopping threads took: 0.0000810 seconds
309.600: Application time: 0.0513020 seconds
309.600: [GC [PSYoungGen: 21023K->1392K(21504K)] 56817K->37186K(69120K), 0.0007060 secs] [Times: user=0.01 sys=0.00, real=0.00 secs] 
309.601: Total time for which application threads were stopped: 0.0008720 seconds, Stopping threads took: 0.0000930 seconds
309.644: Application time: 0.0437050 seconds
309.644: [GC [PSYoungGen: 19916K->2448K(21504K)] 55710K->38754K(69120K), 0.0012360 secs] [Times: user=0.00 sys=0.00, real=0.00 secs] 
309.646: Total time for which application threads were stopped: 0.0013920 seconds, Stopping threads took: 0.0000800 seconds
309.699: Application time: 0.0533650 seconds
309.699: [GC [PSYoungGen: 20995K->880K(21504K)] 57301K->37186K(69120K), 0.0005180 secs] [Times: user=0.00 sys=0.00, real=0.00 secs] 
309.700: Total time for which application threads were stopped: 0.0006530 seconds, Stopping threads took: 0.0000680 seconds
309.745: Application time: 0.0448540 seconds
309.745: [GC [PSYoungGen: 19639K->2464K(21504K)] 55945K->39282K(69120K), 0.0011160 secs] [Times: user=0.00 sys=0.00, real=0.00 secs] 
309.746: Total time for which application threads were stopped: 0.0012660 seconds, Stopping threads took: 0.0000770 seconds
309.797: Application time: 0.0506740 seconds
309.797: [GC [PSYoungGen: 21089K->928K(21504K)] 57907K->37754K(69120K), 0.0005810 secs] [Times: user=0.00 sys=0.00, real=0.00 secs] 
309.797: Total time for which application threads were stopped: 0.0007150 seconds, Stopping threads took: 0.0000640 seconds
309.844: Application time: 0.0471980 seconds
309.845: [GC [PSYoungGen: 19452K->1952K(21504K)] 56278K->38786K(69120K), 0.0008210 secs] [Times: user=0.01 sys=0.00, real=0.00 secs] 
309.845: Total time for which application threads were stopped: 0.0009860 seconds, Stopping threads took: 0.0000860 seconds
309.893: Application time: 0.0472400 seconds
309.893: [GC [PSYoungGen: 20488K->2480K(21504K)] 57323K->39314K(69120K), 0.0009550 secs] [Times: user=0.01 sys=0.00, real=0.00 secs] 
309.894: Total time for which application threads were stopped: 0.0010990 seconds, Stopping threads took: 0.0000670 seconds
309.942: Application time: 0.0484280 seconds
309.942: [GC [PSYoungGen: 21103K->864K(21504K)] 57937K->37698K(69120K), 0.0005800 secs] [Times: user=0.00 sys=0.00, real=0.00 secs] 
309.943: Total time for which application threads were stopped: 0.0007140 seconds, Stopping threads took: 0.0000690 seconds
309.989: Application time: 0.0461770 seconds
309.989: [GC [PSYoungGen: 19388K->2496K(21504K)] 56222K->39338K(69120K), 0.0009740 secs] [Times: user=0.00 sys=0.00, real=0.00 secs] 
309.990: Total time for which application threads were stopped: 0.0011210 seconds, Stopping threads took: 0.0000730 seconds
310.040: Application time: 0.0493940 seconds
310.040: [GC [PSYoungGen: 21119K->896K(21504K)] 57961K->37738K(69120K), 0.0005400 secs] [Times: user=0.00 sys=0.00, real=0.00 secs] 
310.040: Total time for which application threads were stopped: 0.0006620 seconds, Stopping threads took: 0.0000560 seconds
310.085: Application time: 0.0452200 seconds
310.086: [GC [PSYoungGen: 19420K->2480K(21504K)] 56262K->39330K(69120K), 0.0009760 secs] [Times: user=0.01 sys=0.00, real=0.00 secs] 
310.087: Total time for which application threads were stopped: 0.0011160 seconds, Stopping threads took: 0.0000660 seconds
310.136: Application time: 0.0489380 seconds
310.136: [GC [PSYoungGen: 21101K->1408K(21504K)] 57951K->38258K(69120K), 0.0006700 secs] [Times: user=0.00 sys=0.00, real=0.01 secs] 
310.136: Total time for which application threads were stopped: 0.0008190 seconds, Stopping threads took: 0.0000810 seconds
310.181: Application time: 0.0450410 seconds
310.182: [GC [PSYoungGen: 20006K->2480K(21504K)] 56856K->40362K(69120K), 0.0013600 secs] [Times: user=0.01 sys=0.00, real=0.00 secs] 
310.183: Total time for which application threads were stopped: 0.0015080 seconds, Stopping threads took: 0.0000690 seconds
310.233: Application time: 0.0504470 seconds
310.233: [GC [PSYoungGen: 21027K->1376K(21504K)] 58909K->39266K(69120K), 0.0007280 secs] [Times: user=0.01 sys=0.00, real=0.00 secs] 
310.234: Total time for which application threads were stopped: 0.0008720 seconds, Stopping threads took: 0.0000720 seconds
310.279: Application time: 0.0450120 seconds
310.279: [GC [PSYoungGen: 19896K->2512K(21504K)] 57786K->41426K(69120K), 0.0013320 secs] [Times: user=0.01 sys=0.00, real=0.00 secs] 
310.281: Total time for which application threads were stopped: 0.0014860 seconds, Stopping threads took: 0.0000740 seconds
310.331: Application time: 0.0503590 seconds
310.331: [GC [PSYoungGen: 21059K->1360K(21504K)] 59973K->40274K(69120K), 0.0006800 secs] [Times: user=0.00 sys=0.00, real=0.00 secs] 
310.332: Total time for which application threads were stopped: 0.0008170 seconds, Stopping threads took: 0.0000710 seconds
310.379: Application time: 0.0466270 seconds
310.379: [GC [PSYoungGen: 19884K->2432K(21504K)] 58798K->41858K(69120K), 0.0011050 secs] [Times: user=0.00 sys=0.00, real=0.00 secs] 
310.380: Total time for which application threads were stopped: 0.0012830 seconds, Stopping threads took: 0.0000940 seconds
310.428: Application time: 0.0481750 seconds
310.428: [GC [PSYoungGen: 21127K->1904K(21504K)] 60553K->41330K(69120K), 0.0008040 secs] [Times: user=0.01 sys=0.00, real=0.00 secs] 
310.429: Total time for which application threads were stopped: 0.0010030 seconds, Stopping threads took: 0.0001330 seconds
310.477: Application time: 0.0476550 seconds
310.477: [GC [PSYoungGen: 20601K->1936K(21504K)] 60027K->41370K(69120K), 0.0008630 secs] [Times: user=0.01 sys=0.00, real=0.00 secs] 
310.478: Total time for which application threads were stopped: 0.0009960 seconds, Stopping threads took: 0.0000660 seconds
310.525: Application time: 0.0470180 seconds
310.525: [GC [PSYoungGen: 20464K->2496K(21504K)] 59899K->42450K(69120K), 0.0011550 secs] [Times: user=0.01 sys=0.00, real=0.00 secs] 
310.526: Total time for which application threads were stopped: 0.0013010 seconds, Stopping threads took: 0.0000710 seconds
310.575: Application time: 0.0490730 seconds
310.575: [GC [PSYoungGen: 21035K->2464K(21504K)] 60989K->42418K(69120K), 0.0009910 secs] [Times: user=0.00 sys=0.00, real=0.01 secs] 
310.576: Total time for which application threads were stopped: 0.0011530 seconds, Stopping threads took: 0.0000860 seconds
310.624: Application time: 0.0481400 seconds
310.624: [GC [PSYoungGen: 21081K->1888K(21504K)] 61035K->41842K(69120K), 0.0008290 secs] [Times: user=0.00 sys=0.00, real=0.00 secs] 
310.625: Total time for which application threads were stopped: 0.0009650 seconds, Stopping threads took: 0.0000660 seconds
310.672: Application time: 0.0463190 seconds
310.672: [GC [PSYoungGen: 20416K->2496K(21504K)] 60371K->42970K(69120K), 0.0011400 secs] [Times: user=0.01 sys=0.00, real=0.00 secs] 
310.673: Total time for which application threads were stopped: 0.0012770 seconds, Stopping threads took: 0.0000660 seconds
310.723: Application time: 0.0501590 seconds
310.723: [GC [PSYoungGen: 21037K->1952K(21504K)] 61511K->42426K(69120K), 0.0009070 secs] [Times: user=0.00 sys=0.00, real=0.01 secs] 
310.724: Total time for which application threads were stopped: 0.0010690 seconds, Stopping threads took: 0.0000890 seconds
310.772: Application time: 0.0476180 seconds
310.772: [GC [PSYoungGen: 20565K->2432K(21504K)] 61039K->42914K(69120K), 0.0010350 secs] [Times: user=0.01 sys=0.00, real=0.00 secs] 
310.773: Total time for which application threads were stopped: 0.0011740 seconds, Stopping threads took: 0.0000620 seconds
310.821: Application time: 0.0481950 seconds
310.821: [GC [PSYoungGen: 21053K->1424K(21504K)] 61535K->41906K(69120K), 0.0007130 secs] [Times: user=0.01 sys=0.00, real=0.00 secs] 
310.822: Total time for which application threads were stopped: 0.0009550 seconds, Stopping threads took: 0.0001720 seconds
310.869: Application time: 0.0471290 seconds
310.869: [GC [PSYoungGen: 20031K->2512K(21504K)] 60513K->43002K(69120K), 0.0009600 secs] [Times: user=0.01 sys=0.00, real=0.00 secs] 
310.870: Total time for which application threads were stopped: 0.0010970 seconds, Stopping threads took: 0.0000650 seconds
310.919: Application time: 0.0485980 seconds
310.919: [GC [PSYoungGen: 21053K->1904K(21504K)] 61543K->42402K(69120K), 0.0008410 secs] [Times: user=0.00 sys=0.00, real=0.00 secs] 
310.920: Total time for which application threads were stopped: 0.0009950 seconds, Stopping threads took: 0.0000720 seconds
310.966: Application time: 0.0460580 seconds
310.966: [GC [PSYoungGen: 20436K->2480K(21504K)] 60935K->42978K(69120K), 0.0009980 secs] [Times: user=0.01 sys=0.00, real=0.00 secs] 
310.967: Total time for which application threads were stopped: 0.0011640 seconds, Stopping threads took: 0.0000900 seconds
311.015: Application time: 0.0478270 seconds
311.015: [GC [PSYoungGen: 21019K->1920K(21504K)] 61517K->42418K(69120K), 0.0009070 secs] [Times: user=0.00 sys=0.00, real=0.00 secs] 
311.016: Total time for which application threads were stopped: 0.0010600 seconds, Stopping threads took: 0.0000720 seconds
311.064: Application time: 0.0475750 seconds
311.064: [GC [PSYoungGen: 20452K->2448K(21504K)] 60951K->42946K(69120K), 0.0009890 secs] [Times: user=0.01 sys=0.00, real=0.01 secs] 
311.065: Total time for which application threads were stopped: 0.0011400 seconds, Stopping threads took: 0.0000770 seconds
311.115: Application time: 0.0502660 seconds
311.115: [GC [PSYoungGen: 21147K->864K(21504K)] 61646K->41362K(69120K), 0.0005590 secs] [Times: user=0.01 sys=0.00, real=0.00 secs] 
311.116: Total time for which application threads were stopped: 0.0008530 seconds, Stopping threads took: 0.0002260 seconds
311.161: Application time: 0.0447720 seconds
311.161: [GC [PSYoungGen: 19388K->2480K(21504K)] 59886K->42986K(69120K), 0.0009890 secs] [Times: user=0.01 sys=0.00, real=0.00 secs] 
311.162: Total time for which application threads were stopped: 0.0011300 seconds, Stopping threads took: 0.0000680 seconds
311.212: Application time: 0.0501580 seconds
311.212: [GC [PSYoungGen: 21179K->1408K(21504K)] 61686K->41922K(69120K), 0.0007130 secs] [Times: user=0.01 sys=0.00, real=0.00 secs] 
311.213: Total time for which application threads were stopped: 0.0008560 seconds, Stopping threads took: 0.0000680 seconds
311.260: Application time: 0.0470080 seconds
311.260: [GC [PSYoungGen: 19936K->2480K(21504K)] 60451K->42994K(69120K), 0.0009900 secs] [Times: user=0.01 sys=0.00, real=0.00 secs] 
311.261: Total time for which application threads were stopped: 0.0011420 seconds, Stopping threads took: 0.0000790 seconds
311.309: Application time: 0.0484900 seconds
311.310: [GC [PSYoungGen: 21101K->1424K(21504K)] 61615K->41938K(69120K), 0.0006920 secs] [Times: user=0.00 sys=0.00, real=0.00 secs] 
311.310: Total time for which application threads were stopped: 0.0008400 seconds, Stopping threads took: 0.0000740 seconds
311.357: Application time: 0.0471940 seconds
311.358: [GC [PSYoungGen: 19952K->2448K(21504K)] 60467K->42970K(69120K), 0.0009660 secs] [Times: user=0.00 sys=0.00, real=0.00 secs] 
311.359: Total time for which application threads were stopped: 0.0011080 seconds, Stopping threads took: 0.0000700 seconds
311.406: Application time: 0.0472600 seconds
311.406: [GC [PSYoungGen: 20984K->2480K(21504K)] 61507K->43002K(69120K), 0.0010210 secs] [Times: user=0.00 sys=0.00, real=0.00 secs] 
311.407: Total time for which application threads were stopped: 0.0011560 seconds, Stopping threads took: 0.0000590 seconds
311.454: Application time: 0.0474740 seconds
311.455: [GC [PSYoungGen: 21093K->2496K(21504K)] 61615K->43018K(69120K), 0.0010130 secs] [Times: user=0.01 sys=0.00, real=0.00 secs] 
311.456: Total time for which application threads were stopped: 0.0013430 seconds, Stopping threads took: 0.0002480 seconds
311.505: Application time: 0.0489710 seconds
311.505: [GC [PSYoungGen: 21119K->880K(21504K)] 61641K->41410K(69120K), 0.0006280 secs] [Times: user=0.00 sys=0.00, real=0.00 secs] 
311.506: Total time for which application threads were stopped: 0.0007750 seconds, Stopping threads took: 0.0000790 seconds
311.552: Application time: 0.0465300 seconds
311.552: [GC [PSYoungGen: 19482K->2496K(21504K)] 60013K->43034K(69120K), 0.0009660 secs] [Times: user=0.01 sys=0.00, real=0.00 secs] 
311.553: Total time for which application threads were stopped: 0.0011090 seconds, Stopping threads took: 0.0000710 seconds
311.603: Application time: 0.0497960 seconds
311.603: [GC [PSYoungGen: 21039K->1376K(21504K)] 61577K->41922K(69120K), 0.0006610 secs] [Times: user=0.00 sys=0.00, real=0.00 secs] 
311.604: Total time for which application threads were stopped: 0.0008110 seconds, Stopping threads took: 0.0000820 seconds
311.649: Application time: 0.0455140 seconds
311.649: [GC [PSYoungGen: 19904K->2464K(21504K)] 60451K->43010K(69120K), 0.0009840 secs] [Times: user=0.01 sys=0.00, real=0.00 secs] 
311.651: Total time for which application threads were stopped: 0.0011500 seconds, Stopping threads took: 0.0000930 seconds
311.701: Application time: 0.0500950 seconds
311.701: [GC [PSYoungGen: 21005K->864K(21504K)] 61551K->41410K(69120K), 0.0005010 secs] [Times: user=0.00 sys=0.00, real=0.00 secs] 
311.701: Total time for which application threads were stopped: 0.0006240 seconds, Stopping threads took: 0.0000610 seconds
311.747: Application time: 0.0462300 seconds
311.748: [GC [PSYoungGen: 19392K->2400K(21504K)] 59939K->42946K(69120K), 0.0010370 secs] [Times: user=0.00 sys=0.00, real=0.00 secs] 
311.749: Total time for which application threads were stopped: 0.0011910 seconds, Stopping threads took: 0.0000820 seconds
311.797: Application time: 0.0480930 seconds
311.797: [GC [PSYoungGen: 21089K->2496K(21504K)] 61635K->43554K(69120K), 0.0011400 secs] [Times: user=0.01 sys=0.00, real=0.00 secs] 
311.798: Total time for which application threads were stopped: 0.0012810 seconds, Stopping threads took: 0.0000690 seconds
311.848: Application time: 0.0498970 seconds
311.848: [GC [PSYoungGen: 21039K->1952K(21504K)] 62097K->43018K(69120K), 0.0008870 secs] [Times: user=0.01 sys=0.00, real=0.00 secs] 
311.849: Total time for which application threads were stopped: 0.0010370 seconds, Stopping threads took: 0.0000730 seconds
311.895: Application time: 0.0455310 seconds
311.895: [GC [PSYoungGen: 20639K->2464K(21504K)] 61705K->44042K(69120K), 0.0011270 secs] [Times: user=0.01 sys=0.00, real=0.00 secs] 
311.896: Total time for which application threads were stopped: 0.0012750 seconds, Stopping threads took: 0.0000760 seconds
311.946: Application time: 0.0504480 seconds
311.948: [GC [PSYoungGen: 21009K->1392K(21504K)] 62587K->42978K(69120K), 0.0007110 secs] [Times: user=0.00 sys=0.00, real=0.00 secs] 
311.949: Total time for which application threads were stopped: 0.0026640 seconds, Stopping threads took: 0.0018820 seconds
311.996: Application time: 0.0467160 seconds
311.996: [GC [PSYoungGen: 19997K->2432K(21504K)] 61583K->44018K(69120K), 0.0010140 secs] [Times: user=0.01 sys=0.00, real=0.01 secs] 
311.997: Total time for which application threads were stopped: 0.0011810 seconds, Stopping threads took: 0.0000840 seconds
312.045: Application time: 0.0484510 seconds
312.045: [GC [PSYoungGen: 20971K->1936K(21504K)] 62557K->43538K(69120K), 0.0008430 secs] [Times: user=0.00 sys=0.00, real=0.00 secs] 
312.046: Total time for which application threads were stopped: 0.0009880 seconds, Stopping threads took: 0.0000740 seconds
312.092: Application time: 0.0458340 seconds
312.092: [GC [PSYoungGen: 20468K->2400K(21504K)] 62071K->44002K(69120K), 0.0011400 secs] [Times: user=0.00 sys=0.00, real=0.00 secs] 
312.093: Total time for which application threads were stopped: 0.0012800 seconds, Stopping threads took: 0.0000690 seconds
312.141: Application time: 0.0480300 seconds
312.142: [GC [PSYoungGen: 21019K->1920K(21504K)] 62621K->43522K(69120K), 0.0008570 secs] [Times: user=0.00 sys=0.00, real=0.00 secs] 
312.142: Total time for which application threads were stopped: 0.0010040 seconds, Stopping threads took: 0.0000750 seconds
312.189: Application time: 0.0467780 seconds
312.189: [GC [PSYoungGen: 20452K->2496K(21504K)] 62055K->44106K(69120K), 0.0010340 secs] [Times: user=0.00 sys=0.00, real=0.00 secs] 
312.190: Total time for which application threads were stopped: 0.0011810 seconds, Stopping threads took: 0.0000750 seconds
312.239: Application time: 0.0489290 seconds
312.239: [GC [PSYoungGen: 21193K->1392K(21504K)] 62804K->43010K(69120K), 0.0007080 secs] [Times: user=0.01 sys=0.00, real=0.00 secs] 
312.240: Total time for which application threads were stopped: 0.0008490 seconds, Stopping threads took: 0.0000730 seconds
312.287: Application time: 0.0465580 seconds
312.287: [GC [PSYoungGen: 19920K->2464K(21504K)] 61539K->44090K(69120K), 0.0009960 secs] [Times: user=0.00 sys=0.00, real=0.00 secs] 
312.288: Total time for which application threads were stopped: 0.0012390 seconds, Stopping threads took: 0.0001620 seconds
312.339: Application time: 0.0511020 seconds
312.339: [GC [PSYoungGen: 21009K->896K(21504K)] 62635K->42522K(69120K), 0.0005480 secs] [Times: user=0.01 sys=0.00, real=0.00 secs] 
312.340: Total time for which application threads were stopped: 0.0006730 seconds, Stopping threads took: 0.0000640 seconds
312.382: Application time: 0.0419510 seconds
312.382: [GC [PSYoungGen: 19418K->2496K(21504K)] 61044K->44122K(69120K), 0.0009460 secs] [Times: user=0.01 sys=0.00, real=0.00 secs] 
312.383: Total time for which application threads were stopped: 0.0010920 seconds, Stopping threads took: 0.0000740 seconds
312.429: Application time: 0.0465890 seconds
312.429: [GC [PSYoungGen: 21037K->1408K(21504K)] 62663K->43034K(69120K), 0.0007020 secs] [Times: user=0.00 sys=0.00, real=0.00 secs] 
312.430: Total time for which application threads were stopped: 0.0008370 seconds, Stopping threads took: 0.0000680 seconds
312.474: Application time: 0.0433420 seconds
312.474: [GC [PSYoungGen: 20012K->2496K(21504K)] 61639K->44122K(69120K), 0.0009790 secs] [Times: user=0.01 sys=0.00, real=0.00 secs] 
312.475: Total time for which application threads were stopped: 0.0011240 seconds, Stopping threads took: 0.0000740 seconds
312.519: Application time: 0.0442960 seconds
312.519: [GC [PSYoungGen: 21115K->1888K(21504K)] 62741K->43530K(69120K), 0.0008580 secs] [Times: user=0.00 sys=0.00, real=0.00 secs] 
312.520: Total time for which application threads were stopped: 0.0010040 seconds, Stopping threads took: 0.0000700 seconds
312.563: Application time: 0.0431960 seconds
312.563: [GC [PSYoungGen: 20499K->2448K(21504K)] 62141K->44090K(69120K), 0.0009890 secs] [Times: user=0.01 sys=0.00, real=0.01 secs] 
312.564: Total time for which application threads were stopped: 0.0011570 seconds, Stopping threads took: 0.0000960 seconds
312.609: Application time: 0.0450350 seconds
312.609: [GC [PSYoungGen: 21067K->1888K(21504K)] 62709K->43538K(69120K), 0.0008740 secs] [Times: user=0.00 sys=0.00, real=0.00 secs] 
312.610: Total time for which application threads were stopped: 0.0010210 seconds, Stopping threads took: 0.0000750 seconds
312.653: Application time: 0.0424010 seconds
312.653: [GC [PSYoungGen: 20492K->2432K(21504K)] 62143K->45106K(69120K), 0.0012740 secs] [Times: user=0.00 sys=0.00, real=0.00 secs] 
312.654: Total time for which application threads were stopped: 0.0014210 seconds, Stopping threads took: 0.0000740 seconds
312.701: Application time: 0.0470920 seconds
312.701: [GC [PSYoungGen: 20977K->1920K(21504K)] 63651K->44602K(69120K), 0.0007190 secs] [Times: user=0.00 sys=0.00, real=0.00 secs] 
312.702: Total time for which application threads were stopped: 0.0008500 seconds, Stopping threads took: 0.0000660 seconds
312.745: Application time: 0.0425110 seconds
312.745: [GC [PSYoungGen: 20444K->2496K(21504K)] 63127K->46202K(69120K), 0.0013520 secs] [Times: user=0.01 sys=0.00, real=0.00 secs] 
312.746: Total time for which application threads were stopped: 0.0015020 seconds, Stopping threads took: 0.0000750 seconds
312.793: Application time: 0.0464450 seconds
312.793: [GC [PSYoungGen: 21119K->1968K(21504K)] 64826K->45674K(69120K), 0.0007840 secs] [Times: user=0.00 sys=0.00, real=0.00 secs] 
312.794: Total time for which application threads were stopped: 0.0009230 seconds, Stopping threads took: 0.0000680 seconds
312.838: Application time: 0.0447140 seconds
312.838: [GC [PSYoungGen: 20506K->1408K(21504K)] 64213K->45122K(69120K), 0.0006790 secs] [Times: user=0.01 sys=0.00, real=0.00 secs] 
312.839: Total time for which application threads were stopped: 0.0008030 seconds, Stopping threads took: 0.0000600 seconds
312.882: Application time: 0.0426300 seconds
312.882: [GC [PSYoungGen: 20093K->2496K(21504K)] 63807K->46210K(69120K), 0.0009560 secs] [Times: user=0.00 sys=0.00, real=0.00 secs] 
312.883: Total time for which application threads were stopped: 0.0010940 seconds, Stopping threads took: 0.0000680 seconds
312.929: Application time: 0.0461560 seconds
312.929: [GC [PSYoungGen: 21041K->880K(21504K)] 64755K->44602K(69120K), 0.0005450 secs] [Times: user=0.00 sys=0.00, real=0.00 secs] 
312.930: Total time for which application threads were stopped: 0.0006790 seconds, Stopping threads took: 0.0000690 seconds
312.971: Application time: 0.0416060 seconds
312.971: [GC [PSYoungGen: 19404K->2448K(21504K)] 63126K->46170K(69120K), 0.0009640 secs] [Times: user=0.00 sys=0.00, real=0.00 secs] 
312.972: Total time for which application threads were stopped: 0.0011110 seconds, Stopping threads took: 0.0000760 seconds
313.018: Application time: 0.0452270 seconds
313.018: [GC [PSYoungGen: 20991K->1360K(21504K)] 64713K->45082K(69120K), 0.0006800 secs] [Times: user=0.01 sys=0.00, real=0.00 secs] 
313.018: Total time for which application threads were stopped: 0.0008080 seconds, Stopping threads took: 0.0000620 seconds
313.060: Application time: 0.0418840 seconds
313.060: [GC [PSYoungGen: 19888K->2496K(21504K)] 63611K->46218K(69120K), 0.0009540 secs] [Times: user=0.01 sys=0.00, real=0.00 secs] 
313.061: Total time for which application threads were stopped: 0.0011020 seconds, Stopping threads took: 0.0000690 seconds
313.106: Application time: 0.0449990 seconds
313.106: [GC [PSYoungGen: 21037K->1936K(21504K)] 64759K->45658K(69120K), 0.0008190 secs] [Times: user=0.00 sys=0.00, real=0.00 secs] 
313.107: Total time for which application threads were stopped: 0.0009740 seconds, Stopping threads took: 0.0000810 seconds
313.150: Application time: 0.0429230 seconds
313.150: [GC [PSYoungGen: 20627K->2496K(21504K)] 64349K->46226K(69120K), 0.0009630 secs] [Times: user=0.01 sys=0.00, real=0.00 secs] 
313.151: Total time for which application threads were stopped: 0.0011240 seconds, Stopping threads took: 0.0000900 seconds
313.196: Application time: 0.0445910 seconds
313.196: [GC [PSYoungGen: 21115K->1920K(21504K)] 64845K->45658K(69120K), 0.0008240 secs] [Times: user=0.00 sys=0.00, real=0.00 secs] 
313.197: Total time for which application threads were stopped: 0.0009680 seconds, Stopping threads took: 0.0000760 seconds
313.240: Application time: 0.0429840 seconds
313.240: [GC [PSYoungGen: 20533K->2480K(21504K)] 64271K->46226K(69120K), 0.0009630 secs] [Times: user=0.00 sys=0.00, real=0.00 secs] 
313.241: Total time for which application threads were stopped: 0.0011370 seconds, Stopping threads took: 0.0001040 seconds
313.287: Application time: 0.0457390 seconds
313.287: [GC [PSYoungGen: 21099K->1904K(21504K)] 64845K->45658K(69120K), 0.0007910 secs] [Times: user=0.01 sys=0.00, real=0.00 secs] 
313.288: Total time for which application threads were stopped: 0.0009210 seconds, Stopping threads took: 0.0000640 seconds
313.330: Application time: 0.0426250 seconds
313.331: [GC [PSYoungGen: 20436K->2448K(21504K)] 64191K->46210K(69120K), 0.0009570 secs] [Times: user=0.00 sys=0.00, real=0.00 secs] 
313.332: Total time for which application threads were stopped: 0.0011810 seconds, Stopping threads took: 0.0001550 seconds
313.378: Application time: 0.0460400 seconds
313.378: [GC [PSYoungGen: 20989K->1888K(21504K)] 64751K->45650K(69120K), 0.0008510 secs] [Times: user=0.00 sys=0.00, real=0.00 secs] 
313.379: Total time for which application threads were stopped: 0.0009860 seconds, Stopping threads took: 0.0000650 seconds
313.421: Application time: 0.0419560 seconds
313.421: [GC [PSYoungGen: 20420K->2480K(21504K)] 64183K->46242K(69120K), 0.0009450 secs] [Times: user=0.01 sys=0.00, real=0.00 secs] 
313.422: Total time for which application threads were stopped: 0.0010840 seconds, Stopping threads took: 0.0000670 seconds
313.468: Application time: 0.0468480 seconds
313.469: [GC [PSYoungGen: 21101K->1344K(21504K)] 64863K->45114K(69120K), 0.0006850 secs] [Times: user=0.01 sys=0.00, real=0.00 secs] 
313.469: Total time for which application threads were stopped: 0.0008200 seconds, Stopping threads took: 0.0000670 seconds
313.513: Application time: 0.0438800 seconds
313.513: [GC [PSYoungGen: 19954K->1920K(21504K)] 63725K->45690K(69120K), 0.0007900 secs] [Times: user=0.01 sys=0.00, real=0.00 secs] 
313.514: Total time for which application threads were stopped: 0.0009280 seconds, Stopping threads took: 0.0000640 seconds
313.559: Application time: 0.0444430 seconds
313.559: [GC [PSYoungGen: 20537K->1424K(21504K)] 64307K->45202K(69120K), 0.0007220 secs] [Times: user=0.00 sys=0.00, real=0.00 secs] 
313.559: Total time for which application threads were stopped: 0.0008510 seconds, Stopping threads took: 0.0000650 seconds
313.603: Application time: 0.0434690 seconds
313.603: [GC [PSYoungGen: 19956K->1440K(21504K)] 63735K->45218K(69120K), 0.0006860 secs] [Times: user=0.00 sys=0.00, real=0.00 secs] 
313.604: Total time for which application threads were stopped: 0.0008470 seconds, Stopping threads took: 0.0000920 seconds
313.647: Application time: 0.0436400 seconds
313.647: [GC [PSYoungGen: 19968K->2480K(21504K)] 63747K->46258K(69120K), 0.0009890 secs] [Times: user=0.01 sys=0.00, real=0.00 secs] 
313.649: Total time for which application threads were stopped: 0.0011360 seconds, Stopping threads took: 0.0000740 seconds
313.693: Application time: 0.0444920 seconds
313.694: [GC [PSYoungGen: 21016K->2448K(21504K)] 64795K->46226K(69120K), 0.0010500 secs] [Times: user=0.01 sys=0.00, real=0.00 secs] 
313.695: Total time for which application threads were stopped: 0.0019700 seconds, Stopping threads took: 0.0008420 seconds
313.740: Application time: 0.0447950 seconds
313.740: [GC [PSYoungGen: 20987K->1936K(21504K)] 64765K->45714K(69120K), 0.0008320 secs] [Times: user=0.00 sys=0.00, real=0.00 secs] 
313.741: Total time for which application threads were stopped: 0.0010030 seconds, Stopping threads took: 0.0001000 seconds
313.786: Application time: 0.0452860 seconds
313.786: [GC [PSYoungGen: 20631K->1920K(21504K)] 64409K->45698K(69120K), 0.0008200 secs] [Times: user=0.01 sys=0.00, real=0.00 secs] 
313.787: Total time for which application threads were stopped: 0.0009570 seconds, Stopping threads took: 0.0000670 seconds
313.828: Application time: 0.0408890 seconds
313.828: [GC [PSYoungGen: 20526K->2496K(21504K)] 64305K->46794K(69120K), 0.0011370 secs] [Times: user=0.01 sys=0.00, real=0.00 secs] 
313.829: Total time for which application threads were stopped: 0.0012950 seconds, Stopping threads took: 0.0000800 seconds
313.876: Application time: 0.0469560 seconds
313.876: [GC [PSYoungGen: 21039K->1904K(21504K)] 65337K->46210K(69120K), 0.0008290 secs] [Times: user=0.01 sys=0.00, real=0.00 secs] 
313.877: Total time for which application threads were stopped: 0.0009550 seconds, Stopping threads took: 0.0000560 seconds
313.921: Application time: 0.0434100 seconds
313.921: [GC [PSYoungGen: 20512K->2528K(21504K)] 64819K->47354K(69120K), 0.0011420 secs] [Times: user=0.00 sys=0.00, real=0.00 secs] 
313.922: Total time for which application threads were stopped: 0.0012950 seconds, Stopping threads took: 0.0000820 seconds
313.969: Application time: 0.0467660 seconds
313.969: [GC [PSYoungGen: 21147K->1952K(21504K)] 65974K->46794K(69120K), 0.0008280 secs] [Times: user=0.01 sys=0.00, real=0.00 secs] 
313.970: Total time for which application threads were stopped: 0.0009640 seconds, Stopping threads took: 0.0000660 seconds
314.012: Application time: 0.0421060 seconds
314.012: [GC [PSYoungGen: 20484K->2496K(21504K)] 65327K->47338K(69120K), 0.0009750 secs] [Times: user=0.01 sys=0.00, real=0.00 secs] 
314.013: Total time for which application threads were stopped: 0.0012490 seconds, Stopping threads took: 0.0002000 seconds
314.058: Application time: 0.0455630 seconds
314.059: [GC [PSYoungGen: 21035K->1392K(21504K)] 65877K->46234K(69120K), 0.0006490 secs] [Times: user=0.01 sys=0.00, real=0.00 secs] 
314.059: Total time for which application threads were stopped: 0.0008050 seconds, Stopping threads took: 0.0000880 seconds
314.102: Application time: 0.0429490 seconds
314.102: [GC [PSYoungGen: 19994K->2448K(21504K)] 64837K->47802K(69120K), 0.0011350 secs] [Times: user=0.01 sys=0.00, real=0.00 secs] 
314.104: Total time for which application threads were stopped: 0.0013160 seconds, Stopping threads took: 0.0001030 seconds
314.149: Application time: 0.0454110 seconds
314.149: [GC [PSYoungGen: 21069K->1904K(21504K)] 66424K->47266K(69120K), 0.0008260 secs] [Times: user=0.01 sys=0.00, real=0.00 secs] 
314.150: Total time for which application threads were stopped: 0.0009760 seconds, Stopping threads took: 0.0000720 seconds
314.196: Application time: 0.0461660 seconds
314.196: [GC [PSYoungGen: 20521K->1408K(21504K)] 65883K->46778K(69120K), 0.0006500 secs] [Times: user=0.00 sys=0.00, real=0.00 secs] 
314.197: Total time for which application threads were stopped: 0.0007850 seconds, Stopping threads took: 0.0000700 seconds
314.238: Application time: 0.0414390 seconds
314.238: [GC [PSYoungGen: 19934K->2480K(21504K)] 65305K->47858K(69120K), 0.0009730 secs] [Times: user=0.01 sys=0.00, real=0.00 secs] 
314.239: Total time for which application threads were stopped: 0.0011270 seconds, Stopping threads took: 0.0000860 seconds
314.286: Application time: 0.0464170 seconds
314.286: [GC [PSYoungGen: 21025K->1440K(21504K)] 66403K->46818K(69120K), 0.0006930 secs] [Times: user=0.00 sys=0.00, real=0.00 secs] 
314.287: Total time for which application threads were stopped: 0.0009290 seconds, Stopping threads took: 0.0001680 seconds
314.330: Application time: 0.0429130 seconds
314.330: [GC [PSYoungGen: 19972K->1952K(21504K)] 65351K->47330K(69120K), 0.0008800 secs] [Times: user=0.00 sys=0.00, real=0.00 secs] 
314.331: Total time for which application threads were stopped: 0.0010960 seconds, Stopping threads took: 0.0001450 seconds
314.374: Application time: 0.0436350 seconds
314.375: [GC [PSYoungGen: 20484K->2448K(21504K)] 65863K->47826K(69120K), 0.0009910 secs] [Times: user=0.01 sys=0.00, real=0.00 secs] 
314.376: Total time for which application threads were stopped: 0.0011290 seconds, Stopping threads took: 0.0000650 seconds
314.422: Application time: 0.0459720 seconds
314.422: [GC [PSYoungGen: 21147K->1392K(21504K)] 66526K->46770K(69120K), 0.0006800 secs] [Times: user=0.00 sys=0.00, real=0.00 secs] 
314.422: Total time for which application threads were stopped: 0.0008120 seconds, Stopping threads took: 0.0000650 seconds
314.465: Application time: 0.0428940 seconds
314.465: [GC [PSYoungGen: 19920K->2496K(21504K)] 65299K->47882K(69120K), 0.0009740 secs] [Times: user=0.01 sys=0.00, real=0.00 secs] 
314.466: Total time for which application threads were stopped: 0.0011140 seconds, Stopping threads took: 0.0000670 seconds
314.511: Application time: 0.0446980 seconds
314.511: [GC [PSYoungGen: 21119K->896K(21504K)] 66506K->46290K(69120K), 0.0005850 secs] [Times: user=0.00 sys=0.00, real=0.00 secs] 
314.512: Total time for which application threads were stopped: 0.0008090 seconds, Stopping threads took: 0.0001580 seconds
314.555: Application time: 0.0435100 seconds
314.556: [GC [PSYoungGen: 19500K->2464K(21504K)] 64895K->47858K(69120K), 0.0009650 secs] [Times: user=0.00 sys=0.00, real=0.01 secs] 
314.557: Total time for which application threads were stopped: 0.0011070 seconds, Stopping threads took: 0.0000660 seconds
314.600: Application time: 0.0438400 seconds
314.601: [GC [PSYoungGen: 21079K->2464K(21504K)] 66473K->47866K(69120K), 0.0009730 secs] [Times: user=0.01 sys=0.00, real=0.00 secs] 
314.602: Total time for which application threads were stopped: 0.0011360 seconds, Stopping threads took: 0.0000930 seconds
314.646: Application time: 0.0441770 seconds
314.646: [GC [PSYoungGen: 21003K->1936K(21504K)] 66405K->47346K(69120K), 0.0007910 secs] [Times: user=0.01 sys=0.00, real=0.00 secs] 
314.647: Total time for which application threads were stopped: 0.0009620 seconds, Stopping threads took: 0.0000990 seconds
314.691: Application time: 0.0444520 seconds
314.691: [GC [PSYoungGen: 20470K->1936K(21504K)] 65881K->47346K(69120K), 0.0008490 secs] [Times: user=0.01 sys=0.00, real=0.00 secs] 
314.692: Total time for which application threads were stopped: 0.0009980 seconds, Stopping threads took: 0.0000720 seconds
314.735: Application time: 0.0431150 seconds
314.735: [GC [PSYoungGen: 20545K->2528K(21504K)] 65955K->48450K(69120K), 0.0011440 secs] [Times: user=0.01 sys=0.00, real=0.01 secs] 
314.737: Total time for which application threads were stopped: 0.0012990 seconds, Stopping threads took: 0.0000710 seconds
314.783: Application time: 0.0467350 seconds
314.783: [GC [PSYoungGen: 21073K->1392K(21504K)] 66995K->47322K(69120K), 0.0007100 secs] [Times: user=0.01 sys=0.00, real=0.01 secs] 
314.784: Total time for which application threads were stopped: 0.0008420 seconds, Stopping threads took: 0.0000680 seconds
314.826: Application time: 0.0422690 seconds
314.826: [GC [PSYoungGen: 20079K->2464K(21504K)] 66009K->48402K(69120K), 0.0009750 secs] [Times: user=0.01 sys=0.00, real=0.00 secs] 
314.828: Total time for which application threads were stopped: 0.0011150 seconds, Stopping threads took: 0.0000710 seconds
314.872: Application time: 0.0449320 seconds
314.873: [GC [PSYoungGen: 21000K->2480K(21504K)] 66939K->48426K(69120K), 0.0009660 secs] [Times: user=0.00 sys=0.00, real=0.00 secs] 
314.874: Total time for which application threads were stopped: 0.0010980 seconds, Stopping threads took: 0.0000600 seconds
314.921: Application time: 0.0471880 seconds
314.921: [GC [PSYoungGen: 21025K->880K(21504K)] 66971K->46826K(69120K), 0.0005670 secs] [Times: user=0.00 sys=0.00, real=0.00 secs] 
314.921: Total time for which application threads were stopped: 0.0006890 seconds, Stopping threads took: 0.0000590 seconds
314.962: Application time: 0.0406930 seconds
314.962: [GC [PSYoungGen: 19400K->2480K(21504K)] 65346K->48938K(69120K), 0.0011380 secs] [Times: user=0.01 sys=0.00, real=0.00 secs] 
314.963: Total time for which application threads were stopped: 0.0012860 seconds, Stopping threads took: 0.0000750 seconds
315.009: Application time: 0.0460520 seconds
315.010: [GC [PSYoungGen: 21027K->880K(21504K)] 67485K->47338K(69120K), 0.0005360 secs] [Times: user=0.01 sys=0.00, real=0.00 secs] 
315.010: Total time for which application threads were stopped: 0.0007110 seconds, Stopping threads took: 0.0001080 seconds
315.053: Application time: 0.0429480 seconds
315.053: [GC [PSYoungGen: 19565K->1968K(21504K)] 66023K->48426K(69120K), 0.0008160 secs] [Times: user=0.01 sys=0.00, real=0.00 secs] 
315.054: Total time for which application threads were stopped: 0.0009740 seconds, Stopping threads took: 0.0000900 seconds
315.099: Application time: 0.0445460 seconds
315.099: [GC [PSYoungGen: 20506K->1344K(21504K)] 66965K->47810K(69120K), 0.0006740 secs] [Times: user=0.01 sys=0.00, real=0.00 secs] 
315.099: Total time for which application threads were stopped: 0.0008180 seconds, Stopping threads took: 0.0000750 seconds
315.143: Application time: 0.0436190 seconds
315.143: [GC [PSYoungGen: 19950K->2464K(21504K)] 66417K->48930K(69120K), 0.0009950 secs] [Times: user=0.01 sys=0.00, real=0.01 secs] 
315.144: Total time for which application threads were stopped: 0.0011340 seconds, Stopping threads took: 0.0000670 seconds
315.189: Application time: 0.0448180 seconds
315.189: [GC [PSYoungGen: 21005K->1392K(21504K)] 67471K->47866K(69120K), 0.0006890 secs] [Times: user=0.00 sys=0.00, real=0.00 secs] 
315.190: Total time for which application threads were stopped: 0.0008280 seconds, Stopping threads took: 0.0000700 seconds
315.233: Application time: 0.0429100 seconds
315.233: [GC [PSYoungGen: 20079K->2464K(21504K)] 66553K->48946K(69120K), 0.0009770 secs] [Times: user=0.00 sys=0.00, real=0.00 secs] 
315.234: Total time for which application threads were stopped: 0.0011330 seconds, Stopping threads took: 0.0000710 seconds
315.278: Application time: 0.0442510 seconds
315.278: [GC [PSYoungGen: 21005K->1440K(21504K)] 67487K->47930K(69120K), 0.0006710 secs] [Times: user=0.00 sys=0.00, real=0.00 secs] 
315.279: Total time for which application threads were stopped: 0.0008560 seconds, Stopping threads took: 0.0001190 seconds
315.323: Application time: 0.0440930 seconds
315.323: [GC [PSYoungGen: 19968K->2464K(21504K)] 66459K->49466K(69120K), 0.0011710 secs] [Times: user=0.01 sys=0.00, real=0.01 secs] 
315.324: Total time for which application threads were stopped: 0.0013210 seconds, Stopping threads took: 0.0000760 seconds
315.370: Application time: 0.0458570 seconds
315.372: [GC [PSYoungGen: 21089K->880K(21504K)] 68092K->47882K(69120K), 0.0005490 secs] [Times: user=0.00 sys=0.00, real=0.00 secs] 
315.373: Total time for which application threads were stopped: 0.0024070 seconds, Stopping threads took: 0.0017960 seconds
315.415: Application time: 0.0419860 seconds
315.415: [GC [PSYoungGen: 19402K->2464K(21504K)] 66405K->49986K(69120K), 0.0011640 secs] [Times: user=0.01 sys=0.00, real=0.00 secs] 
315.416: [Full GC [PSYoungGen: 2464K->0K(21504K)] [ParOldGen: 47522K->9541K(47616K)] 49986K->9541K(69120K) [PSPermGen: 5183K->5183K(21504K)], 0.0050510 secs] [Times: user=0.02 sys=0.00, real=0.00 secs] 
315.421: Total time for which application threads were stopped: 0.0064440 seconds, Stopping threads took: 0.0000980 seconds
315.468: Application time: 0.0471060 seconds
315.468: [GC [PSYoungGen: 18699K->1280K(21504K)] 28241K->10822K(69120K), 0.0006600 secs] [Times: user=0.01 sys=0.00, real=0.00 secs] 
315.469: Total time for which application threads were stopped: 0.0007850 seconds, Stopping threads took: 0.0000550 seconds
315.512: Application time: 0.0428780 seconds
315.512: [GC [PSYoungGen: 19808K->2304K(21504K)] 29350K->11846K(69120K), 0.0008790 secs] [Times: user=0.00 sys=0.00, real=0.00 secs] 
315.513: Total time for which application threads were stopped: 0.0010410 seconds, Stopping threads took: 0.0000840 seconds
315.559: Application time: 0.0457960 seconds
315.559: [GC [PSYoungGen: 20847K->1280K(21504K)] 30389K->10822K(69120K), 0.0005620 secs] [Times: user=0.00 sys=0.00, real=0.00 secs] 
315.559: Total time for which application threads were stopped: 0.0006920 seconds, Stopping threads took: 0.0000670 seconds
315.602: Application time: 0.0428860 seconds
315.602: [GC [PSYoungGen: 19808K->2304K(21504K)] 29350K->11846K(69120K), 0.0008700 secs] [Times: user=0.01 sys=0.00, real=0.00 secs] 
315.603: Total time for which application threads were stopped: 0.0010100 seconds, Stopping threads took: 0.0000690 seconds
315.647: Application time: 0.0441190 seconds
315.648: [GC [PSYoungGen: 20845K->1792K(21504K)] 30387K->11334K(69120K), 0.0006970 secs] [Times: user=0.01 sys=0.00, real=0.00 secs] 
315.648: Total time for which application threads were stopped: 0.0008300 seconds, Stopping threads took: 0.0000680 seconds
315.694: Application time: 0.0454850 seconds
315.694: [GC [PSYoungGen: 20485K->1360K(21504K)] 30027K->10902K(69120K), 0.0007250 secs] [Times: user=0.00 sys=0.00, real=0.00 secs] 
315.695: Total time for which application threads were stopped: 0.0012980 seconds, Stopping threads took: 0.0005020 seconds
315.738: Application time: 0.0433070 seconds
315.739: [GC [PSYoungGen: 19892K->1808K(21504K)] 29434K->11350K(69120K), 0.0007520 secs] [Times: user=0.00 sys=0.00, real=0.00 secs] 
315.739: Total time for which application threads were stopped: 0.0008920 seconds, Stopping threads took: 0.0000680 seconds
315.782: Application time: 0.0429600 seconds
315.782: [GC [PSYoungGen: 20421K->2384K(21504K)] 29963K->11926K(69120K), 0.0008980 secs] [Times: user=0.00 sys=0.00, real=0.00 secs] 
315.783: Total time for which application threads were stopped: 0.0010550 seconds, Stopping threads took: 0.0000840 seconds
315.828: Application time: 0.0444750 seconds
315.828: [GC [PSYoungGen: 20920K->2400K(21504K)] 30462K->11942K(69120K), 0.0008960 secs] [Times: user=0.00 sys=0.00, real=0.00 secs] 
315.829: Total time for which application threads were stopped: 0.0010370 seconds, Stopping threads took: 0.0000750 seconds
315.874: Application time: 0.0446910 seconds
315.874: [GC [PSYoungGen: 21019K->1888K(21504K)] 30561K->11430K(69120K), 0.0007520 secs] [Times: user=0.00 sys=0.00, real=0.00 secs] 
315.874: Total time for which application threads were stopped: 0.0008800 seconds, Stopping threads took: 0.0000620 seconds
315.918: Application time: 0.0439100 seconds
315.918: [GC [PSYoungGen: 20497K->2480K(21504K)] 30039K->12534K(69120K), 0.0010940 secs] [Times: user=0.00 sys=0.00, real=0.00 secs] 
315.920: Total time for which application threads were stopped: 0.0012500 seconds, Stopping threads took: 0.0000830 seconds
315.966: Application time: 0.0468810 seconds
315.967: [GC [PSYoungGen: 21025K->1408K(21504K)] 31079K->11462K(69120K), 0.0006320 secs] [Times: user=0.00 sys=0.00, real=0.00 secs] 
315.967: Total time for which application threads were stopped: 0.0007660 seconds, Stopping threads took: 0.0000710 seconds
316.009: Application time: 0.0415470 seconds
316.009: [GC [PSYoungGen: 20012K->2464K(21504K)] 30066K->13030K(69120K), 0.0010940 secs] [Times: user=0.01 sys=0.00, real=0.00 secs] 
316.010: Total time for which application threads were stopped: 0.0012580 seconds, Stopping threads took: 0.0000880 seconds
316.056: Application time: 0.0456960 seconds
316.056: [GC [PSYoungGen: 21007K->1920K(21504K)] 31573K->12486K(69120K), 0.0008060 secs] [Times: user=0.00 sys=0.00, real=0.01 secs] 
316.057: Total time for which application threads were stopped: 0.0009490 seconds, Stopping threads took: 0.0000750 seconds
316.100: Application time: 0.0438190 seconds
316.101: [GC [PSYoungGen: 20613K->1936K(21504K)] 31179K->12502K(69120K), 0.0007970 secs] [Times: user=0.01 sys=0.00, real=0.00 secs] 
316.102: Total time for which application threads were stopped: 0.0010290 seconds, Stopping threads took: 0.0001660 seconds
316.146: Application time: 0.0443710 seconds
316.146: [GC [PSYoungGen: 20470K->1936K(21504K)] 31036K->12518K(69120K), 0.0007570 secs] [Times: user=0.01 sys=0.00, real=0.00 secs] 
316.147: Total time for which application threads were stopped: 0.0009140 seconds, Stopping threads took: 0.0000890 seconds
316.190: Application time: 0.0432360 seconds
316.190: [GC [PSYoungGen: 20468K->1952K(21504K)] 31050K->12534K(69120K), 0.0007760 secs] [Times: user=0.01 sys=0.00, real=0.00 secs] 
316.191: Total time for which application threads were stopped: 0.0009520 seconds, Stopping threads took: 0.0001050 seconds
316.235: Application time: 0.0437800 seconds
316.235: [GC [PSYoungGen: 20488K->2480K(21504K)] 31070K->13062K(69120K), 0.0009170 secs] [Times: user=0.00 sys=0.00, real=0.00 secs] 
316.236: Total time for which application threads were stopped: 0.0010590 seconds, Stopping threads took: 0.0000740 seconds
316.281: Application time: 0.0448950 seconds
316.281: [GC [PSYoungGen: 21023K->1456K(21504K)] 31605K->12038K(69120K), 0.0006530 secs] [Times: user=0.00 sys=0.00, real=0.00 secs] 
316.282: Total time for which application threads were stopped: 0.0009160 seconds, Stopping threads took: 0.0001900 seconds
316.326: Application time: 0.0446460 seconds
316.326: [GC [PSYoungGen: 20069K->1408K(21504K)] 30651K->11990K(69120K), 0.0006830 secs] [Times: user=0.00 sys=0.00, real=0.00 secs] 
316.327: Total time for which application threads were stopped: 0.0008100 seconds, Stopping threads took: 0.0000630 seconds
316.371: Application time: 0.0442690 seconds
316.371: [GC [PSYoungGen: 20014K->2496K(21504K)] 30596K->13102K(69120K), 0.0009440 secs] [Times: user=0.00 sys=0.00, real=0.00 secs] 
316.372: Total time for which application threads were stopped: 0.0010840 seconds, Stopping threads took: 0.0000640 seconds
316.422: Application time: 0.0492700 seconds
316.422: [GC [PSYoungGen: 21115K->1952K(21504K)] 31721K->12558K(69120K), 0.0008110 secs] [Times: user=0.00 sys=0.00, real=0.00 secs] 
316.423: Total time for which application threads were stopped: 0.0009360 seconds, Stopping threads took: 0.0000520 seconds
316.470: Application time: 0.0473000 seconds
316.470: [GC [PSYoungGen: 20488K->1920K(21504K)] 31094K->12534K(69120K), 0.0008040 secs] [Times: user=0.00 sys=0.00, real=0.00 secs] 
316.471: Total time for which application threads were stopped: 0.0009410 seconds, Stopping threads took: 0.0000680 seconds
316.518: Application time: 0.0469040 seconds
316.518: [GC [PSYoungGen: 20526K->2512K(21504K)] 31140K->13638K(69120K), 0.0010970 secs] [Times: user=0.01 sys=0.00, real=0.00 secs] 
316.519: Total time for which application threads were stopped: 0.0012340 seconds, Stopping threads took: 0.0000620 seconds
316.567: Application time: 0.0479190 seconds
316.567: [GC [PSYoungGen: 21133K->1968K(21504K)] 32259K->13110K(69120K), 0.0008300 secs] [Times: user=0.01 sys=0.00, real=0.00 secs] 
316.568: Total time for which application threads were stopped: 0.0009900 seconds, Stopping threads took: 0.0000760 seconds
316.615: Application time: 0.0472060 seconds
316.615: [GC [PSYoungGen: 20502K->2480K(21504K)] 31644K->13638K(69120K), 0.0009730 secs] [Times: user=0.01 sys=0.00, real=0.01 secs] 
316.616: Total time for which application threads were stopped: 0.0011530 seconds, Stopping threads took: 0.0001100 seconds
316.666: Application time: 0.0496700 seconds
316.666: [GC [PSYoungGen: 21021K->1424K(21504K)] 32179K->12582K(69120K), 0.0006520 secs] [Times: user=0.00 sys=0.00, real=0.00 secs] 
316.667: Total time for which application threads were stopped: 0.0007990 seconds, Stopping threads took: 0.0000770 seconds
316.714: Application time: 0.0476240 seconds
316.715: [GC [PSYoungGen: 20030K->2496K(21504K)] 31189K->13662K(69120K), 0.0009150 secs] [Times: user=0.01 sys=0.00, real=0.00 secs] 
316.716: Total time for which application threads were stopped: 0.0010670 seconds, Stopping threads took: 0.0000830 seconds
316.764: Application time: 0.0482760 seconds
316.764: [GC [PSYoungGen: 21191K->1968K(21504K)] 32357K->13134K(69120K), 0.0008290 secs] [Times: user=0.01 sys=0.00, real=0.01 secs] 
316.765: Total time for which application threads were stopped: 0.0009790 seconds, Stopping threads took: 0.0000780 seconds
316.812: Application time: 0.0475850 seconds
316.812: [GC [PSYoungGen: 20502K->2480K(21504K)] 31668K->13654K(69120K), 0.0009310 secs] [Times: user=0.01 sys=0.00, real=0.00 secs] 
316.813: Total time for which application threads were stopped: 0.0010820 seconds, Stopping threads took: 0.0000710 seconds
316.863: Application time: 0.0492970 seconds
316.863: [GC [PSYoungGen: 21025K->896K(21504K)] 32199K->12070K(69120K), 0.0005450 secs] [Times: user=0.00 sys=0.00, real=0.00 secs] 
316.864: Total time for which application threads were stopped: 0.0008060 seconds, Stopping threads took: 0.0001930 seconds
316.909: Application time: 0.0453800 seconds
316.909: [GC [PSYoungGen: 19420K->2432K(21504K)] 30594K->13606K(69120K), 0.0009500 secs] [Times: user=0.00 sys=0.00, real=0.00 secs] 
316.910: Total time for which application threads were stopped: 0.0010950 seconds, Stopping threads took: 0.0000750 seconds
316.960: Application time: 0.0504200 seconds
316.961: [GC [PSYoungGen: 20973K->1936K(21504K)] 32147K->13110K(69120K), 0.0008430 secs] [Times: user=0.00 sys=0.00, real=0.00 secs] 
316.961: Total time for which application threads were stopped: 0.0009760 seconds, Stopping threads took: 0.0000610 seconds
317.007: Application time: 0.0455540 seconds
317.007: [GC [PSYoungGen: 20464K->2480K(21504K)] 31638K->14166K(69120K), 0.0010990 secs] [Times: user=0.01 sys=0.00, real=0.00 secs] 
317.008: Total time for which application threads were stopped: 0.0012620 seconds, Stopping threads took: 0.0000890 seconds
317.058: Application time: 0.0501770 seconds
317.059: [GC [PSYoungGen: 21181K->1408K(21504K)] 32867K->13102K(69120K), 0.0007120 secs] [Times: user=0.01 sys=0.00, real=0.00 secs] 
317.059: Total time for which application threads were stopped: 0.0008520 seconds, Stopping threads took: 0.0000700 seconds
317.106: Application time: 0.0463990 seconds
317.106: [GC [PSYoungGen: 19928K->2512K(21504K)] 31622K->15238K(69120K), 0.0012750 secs] [Times: user=0.01 sys=0.00, real=0.00 secs] 
317.107: Total time for which application threads were stopped: 0.0014300 seconds, Stopping threads took: 0.0000770 seconds
317.157: Application time: 0.0496480 seconds
317.157: [GC [PSYoungGen: 21137K->1424K(21504K)] 33863K->14166K(69120K), 0.0007300 secs] [Times: user=0.01 sys=0.00, real=0.00 secs] 
317.158: Total time for which application threads were stopped: 0.0008890 seconds, Stopping threads took: 0.0000900 seconds
317.204: Application time: 0.0460470 seconds
317.204: [GC [PSYoungGen: 20031K->2496K(21504K)] 32773K->15238K(69120K), 0.0009790 secs] [Times: user=0.01 sys=0.00, real=0.01 secs] 
317.205: Total time for which application threads were stopped: 0.0011390 seconds, Stopping threads took: 0.0000860 seconds
317.254: Application time: 0.0495090 seconds
317.254: [GC [PSYoungGen: 21037K->1408K(21504K)] 33779K->14158K(69120K), 0.0006740 secs] [Times: user=0.00 sys=0.00, real=0.00 secs] 
317.255: Total time for which application threads were stopped: 0.0008110 seconds, Stopping threads took: 0.0000700 seconds
317.301: Application time: 0.0454670 seconds
317.301: [GC [PSYoungGen: 20010K->2512K(21504K)] 32760K->15782K(69120K), 0.0011240 secs] [Times: user=0.00 sys=0.00, real=0.00 secs] 
317.302: Total time for which application threads were stopped: 0.0012670 seconds, Stopping threads took: 0.0000690 seconds
317.352: Application time: 0.0505450 seconds
317.353: [GC [PSYoungGen: 21055K->1936K(21504K)] 34325K->15206K(69120K), 0.0007700 secs] [Times: user=0.00 sys=0.00, real=0.00 secs] 
317.353: Total time for which application threads were stopped: 0.0009200 seconds, Stopping threads took: 0.0000750 seconds
317.400: Application time: 0.0466320 seconds
317.400: [GC [PSYoungGen: 20545K->2512K(21504K)] 33815K->16294K(69120K), 0.0010780 secs] [Times: user=0.00 sys=0.00, real=0.00 secs] 
317.401: Total time for which application threads were stopped: 0.0012110 seconds, Stopping threads took: 0.0000640 seconds
317.451: Application time: 0.0501810 seconds
317.451: [GC [PSYoungGen: 21213K->1392K(21504K)] 34995K->15182K(69120K), 0.0006230 secs] [Times: user=0.01 sys=0.00, real=0.00 secs] 
317.452: Total time for which application threads were stopped: 0.0007610 seconds, Stopping threads took: 0.0000640 seconds
317.498: Application time: 0.0462610 seconds
317.499: [GC [PSYoungGen: 19920K->2480K(21504K)] 33710K->16278K(69120K), 0.0009790 secs] [Times: user=0.00 sys=0.00, real=0.00 secs] 
317.500: Total time for which application threads were stopped: 0.0011280 seconds, Stopping threads took: 0.0000770 seconds
317.548: Application time: 0.0483420 seconds
317.548: [GC [PSYoungGen: 21019K->1920K(21504K)] 34817K->15718K(69120K), 0.0007940 secs] [Times: user=0.00 sys=0.00, real=0.00 secs] 
317.549: Total time for which application threads were stopped: 0.0009350 seconds, Stopping threads took: 0.0000670 seconds
317.597: Application time: 0.0479670 seconds
317.597: [GC [PSYoungGen: 20452K->2464K(21504K)] 34250K->16262K(69120K), 0.0009380 secs] [Times: user=0.00 sys=0.00, real=0.00 secs] 
317.598: Total time for which application threads were stopped: 0.0010880 seconds, Stopping threads took: 0.0000770 seconds
317.648: Application time: 0.0497990 seconds
317.648: [GC [PSYoungGen: 21007K->1408K(21504K)] 34805K->15206K(69120K), 0.0006860 secs] [Times: user=0.00 sys=0.00, real=0.00 secs] 
317.649: Total time for which application threads were stopped: 0.0008770 seconds, Stopping threads took: 0.0001260 seconds
317.694: Application time: 0.0452860 seconds
317.694: [GC [PSYoungGen: 19936K->2480K(21504K)] 33734K->16278K(69120K), 0.0010420 secs] [Times: user=0.01 sys=0.00, real=0.00 secs] 
317.695: Total time for which application threads were stopped: 0.0014980 seconds, Stopping threads took: 0.0003730 seconds
317.745: Application time: 0.0497850 seconds
317.745: [GC [PSYoungGen: 21177K->1920K(21504K)] 34975K->15718K(69120K), 0.0007960 secs] [Times: user=0.00 sys=0.00, real=0.00 secs] 
317.746: Total time for which application threads were stopped: 0.0009510 seconds, Stopping threads took: 0.0000870 seconds
317.792: Application time: 0.0462160 seconds
317.792: [GC [PSYoungGen: 20452K->2464K(21504K)] 34250K->16270K(69120K), 0.0009900 secs] [Times: user=0.01 sys=0.00, real=0.00 secs] 
317.793: Total time for which application threads were stopped: 0.0011270 seconds, Stopping threads took: 0.0000620 seconds
317.843: Application time: 0.0494640 seconds
317.843: [GC [PSYoungGen: 21087K->880K(21504K)] 34893K->14686K(69120K), 0.0005540 secs] [Times: user=0.00 sys=0.00, real=0.00 secs] 
317.844: Total time for which application threads were stopped: 0.0006760 seconds, Stopping threads took: 0.0000570 seconds
317.891: Application time: 0.0477170 seconds
317.891: [GC [PSYoungGen: 19408K->1936K(21504K)] 33214K->15750K(69120K), 0.0008160 secs] [Times: user=0.01 sys=0.00, real=0.00 secs] 
317.892: Total time for which application threads were stopped: 0.0009660 seconds, Stopping threads took: 0.0000560 seconds
317.940: Application time: 0.0477760 seconds
317.940: [GC [PSYoungGen: 20551K->1952K(21504K)] 34365K->15774K(69120K), 0.0008070 secs] [Times: user=0.01 sys=0.00, real=0.00 secs] 
317.941: Total time for which application threads were stopped: 0.0009910 seconds, Stopping threads took: 0.0001120 seconds
317.988: Application time: 0.0471430 seconds
317.988: [GC [PSYoungGen: 20562K->2496K(21504K)] 34385K->16318K(69120K), 0.0009910 secs] [Times: user=0.00 sys=0.00, real=0.00 secs] 
317.989: Total time for which application threads were stopped: 0.0011340 seconds, Stopping threads took: 0.0000670 seconds
318.038: Application time: 0.0485220 seconds
318.038: [GC [PSYoungGen: 21039K->1408K(21504K)] 34861K->15238K(69120K), 0.0006450 secs] [Times: user=0.00 sys=0.00, real=0.00 secs] 
318.039: Total time for which application threads were stopped: 0.0008650 seconds, Stopping threads took: 0.0001480 seconds
