Java HotSpot(TM) 64-Bit Server VM (24.80-b11) for linux-amd64 JRE (1.7.0_80-b15), built on Apr 10 2015 19:53:14 by "java_re" with gcc 4.3.0 20080428 (Red Hat 4.3.0-8)
Memory: 4k page, physical 8000092k(5402064k free), swap 8218620k(8218620k free)
CommandLine flags: -XX:InitialHeapSize=219596800 -XX:MaxHeapSize=219596800 -XX:+PrintGC -XX:+PrintGCApplicationConcurrentTime -XX:+PrintGCApplicationStoppedTime -XX:+PrintGCDetails -XX:+PrintGCTimeStamps -XX:-UseAdaptiveSizePolicy -XX:+UseCompressedOops -XX:+UseG1GC 
1.010: Application time: 0.9857280 seconds
1.011: Total time for which application threads were stopped: 0.0000430 seconds, Stopping threads took: 0.0000110 seconds
4.030: Application time: 3.0196460 seconds
4.030: Total time for which application threads were stopped: 0.0000660 seconds, Stopping threads took: 0.0000110 seconds
14.686: Application time: 10.6559390 seconds
14.686: Total time for which application threads were stopped: 0.0000230 seconds, Stopping threads took: 0.0000070 seconds
14.686: Application time: 0.0000140 seconds
14.686: Total time for which application threads were stopped: 0.0000070 seconds, Stopping threads took: 0.0000020 seconds
14.688: Application time: 0.0013920 seconds
14.688: Total time for which application threads were stopped: 0.0000100 seconds, Stopping threads took: 0.0000040 seconds
14.714: Application time: 0.0259430 seconds
14.714: Total time for which application threads were stopped: 0.0000450 seconds, Stopping threads took: 0.0000120 seconds
14.728: Application time: 0.0142450 seconds
14.728: [Full GC 9300K->3145K(210M), 0.0101070 secs]
   [Eden: 10.0M(10.0M)->0.0B(10.0M) Survivors: 0.0B->0.0B Heap: 9300.5K(210.0M)->3145.7K(210.0M)], [Perm: 5076K->5076K(20480K)]
 [Times: user=0.02 sys=0.00, real=0.01 secs] 
14.738: Total time for which application threads were stopped: 0.0101930 seconds, Stopping threads took: 0.0000170 seconds
14.738: Application time: 0.0000470 seconds
14.738: [Full GC 3145K->3145K(210M), 0.0083530 secs]
   [Eden: 0.0B(10.0M)->0.0B(10.0M) Survivors: 0.0B->0.0B Heap: 3145.7K(210.0M)->3145.7K(210.0M)], [Perm: 5076K->5076K(20480K)]
 [Times: user=0.01 sys=0.00, real=0.01 secs] 
14.747: Total time for which application threads were stopped: 0.0084220 seconds, Stopping threads took: 0.0000050 seconds
14.747: Application time: 0.0001780 seconds
14.747: Total time for which application threads were stopped: 0.0000290 seconds, Stopping threads took: 0.0000190 seconds
14.747: Application time: 0.0000380 seconds
14.747: Total time for which application threads were stopped: 0.0000300 seconds, Stopping threads took: 0.0000260 seconds
14.747: Application time: 0.0000700 seconds
14.747: Total time for which application threads were stopped: 0.0000150 seconds, Stopping threads took: 0.0000110 seconds
14.747: Application time: 0.0000240 seconds
14.747: Total time for which application threads were stopped: 0.0000160 seconds, Stopping threads took: 0.0000130 seconds
14.747: Application time: 0.0000250 seconds
14.747: Total time for which application threads were stopped: 0.0000160 seconds, Stopping threads took: 0.0000120 seconds
14.747: Application time: 0.0000240 seconds
14.747: Total time for which application threads were stopped: 0.0000110 seconds, Stopping threads took: 0.0000070 seconds
14.747: Application time: 0.0000240 seconds
14.747: Total time for which application threads were stopped: 0.0000130 seconds, Stopping threads took: 0.0000100 seconds
14.747: Application time: 0.0000100 seconds
14.747: Total time for which application threads were stopped: 0.0000120 seconds, Stopping threads took: 0.0000080 seconds
14.747: Application time: 0.0000100 seconds
14.747: Total time for which application threads were stopped: 0.0000220 seconds, Stopping threads took: 0.0000190 seconds
14.747: Application time: 0.0000100 seconds
14.747: Total time for which application threads were stopped: 0.0000150 seconds, Stopping threads took: 0.0000110 seconds
14.747: Application time: 0.0000130 seconds
14.747: Total time for which application threads were stopped: 0.0000230 seconds, Stopping threads took: 0.0000190 seconds
14.747: Application time: 0.0000110 seconds
14.747: Total time for which application threads were stopped: 0.0000120 seconds, Stopping threads took: 0.0000080 seconds
14.747: Application time: 0.0000110 seconds
14.747: Total time for which application threads were stopped: 0.0000140 seconds, Stopping threads took: 0.0000100 seconds
14.747: Application time: 0.0000100 seconds
14.747: Total time for which application threads were stopped: 0.0000140 seconds, Stopping threads took: 0.0000110 seconds
14.747: Application time: 0.0000100 seconds
14.747: Total time for which application threads were stopped: 0.0000150 seconds, Stopping threads took: 0.0000120 seconds
14.747: Application time: 0.0000100 seconds
14.747: Total time for which application threads were stopped: 0.0000140 seconds, Stopping threads took: 0.0000110 seconds
14.747: Application time: 0.0000100 seconds
14.747: Total time for which application threads were stopped: 0.0000130 seconds, Stopping threads took: 0.0000100 seconds
14.747: Application time: 0.0000100 seconds
14.747: Total time for which application threads were stopped: 0.0000150 seconds, Stopping threads took: 0.0000110 seconds
14.747: Application time: 0.0000100 seconds
14.747: Total time for which application threads were stopped: 0.0000060 seconds, Stopping threads took: 0.0000030 seconds
14.747: Application time: 0.0000110 seconds
14.747: Total time for which application threads were stopped: 0.0000200 seconds, Stopping threads took: 0.0000050 seconds
14.774: Application time: 0.0266720 seconds
14.774: Total time for which application threads were stopped: 0.0000550 seconds, Stopping threads took: 0.0000280 seconds
14.774: Application time: 0.0001800 seconds
14.774: Total time for which application threads were stopped: 0.0000910 seconds, Stopping threads took: 0.0000780 seconds
14.776: Application time: 0.0011590 seconds
14.776: Total time for which application threads were stopped: 0.0000240 seconds, Stopping threads took: 0.0000150 seconds
14.778: Application time: 0.0024310 seconds
14.778: Total time for which application threads were stopped: 0.0000320 seconds, Stopping threads took: 0.0000200 seconds
14.780: Application time: 0.0022700 seconds
14.780: Total time for which application threads were stopped: 0.0000630 seconds, Stopping threads took: 0.0000230 seconds
14.786: Application time: 0.0051890 seconds
14.786: Total time for which application threads were stopped: 0.0000410 seconds, Stopping threads took: 0.0000270 seconds
14.786: Application time: 0.0001030 seconds
14.786: Total time for which application threads were stopped: 0.0000510 seconds, Stopping threads took: 0.0000410 seconds
14.788: Application time: 0.0018140 seconds
14.788: Total time for which application threads were stopped: 0.0000430 seconds, Stopping threads took: 0.0000080 seconds
14.789: Application time: 0.0014480 seconds
14.789: Total time for which application threads were stopped: 0.0000480 seconds, Stopping threads took: 0.0000350 seconds
14.789: Application time: 0.0000360 seconds
14.789: Total time for which application threads were stopped: 0.0000340 seconds, Stopping threads took: 0.0000240 seconds
14.789: Application time: 0.0000230 seconds
14.789: Total time for which application threads were stopped: 0.0000250 seconds, Stopping threads took: 0.0000170 seconds
14.789: Application time: 0.0000410 seconds
14.789: Total time for which application threads were stopped: 0.0000220 seconds, Stopping threads took: 0.0000140 seconds
14.856: Application time: 0.0669940 seconds
14.856: [GC pause (young), 0.0020810 secs]
   [Parallel Time: 1.9 ms, GC Workers: 8]
      [GC Worker Start (ms): Min: 14856.4, Avg: 14856.5, Max: 14856.5, Diff: 0.0]
      [Ext Root Scanning (ms): Min: 0.9, Avg: 1.0, Max: 1.3, Diff: 0.5, Sum: 7.8]
      [Update RS (ms): Min: 0.0, Avg: 0.0, Max: 0.2, Diff: 0.2, Sum: 0.3]
         [Processed Buffers: Min: 0, Avg: 1.9, Max: 8, Diff: 8, Sum: 15]
      [Scan RS (ms): Min: 0.0, Avg: 0.0, Max: 0.0, Diff: 0.0, Sum: 0.0]
      [Code Root Scanning (ms): Min: 0.0, Avg: 0.0, Max: 0.0, Diff: 0.0, Sum: 0.0]
      [Object Copy (ms): Min: 0.5, Avg: 0.8, Max: 0.9, Diff: 0.4, Sum: 6.2]
      [Termination (ms): Min: 0.0, Avg: 0.0, Max: 0.1, Diff: 0.1, Sum: 0.4]
      [GC Worker Other (ms): Min: 0.0, Avg: 0.0, Max: 0.0, Diff: 0.0, Sum: 0.1]
      [GC Worker Total (ms): Min: 1.8, Avg: 1.9, Max: 1.9, Diff: 0.1, Sum: 14.8]
      [GC Worker End (ms): Min: 14858.3, Avg: 14858.3, Max: 14858.3, Diff: 0.0]
   [Code Root Fixup: 0.0 ms]
   [Code Root Migration: 0.0 ms]
   [Clear CT: 0.0 ms]
   [Other: 0.1 ms]
      [Choose CSet: 0.0 ms]
      [Ref Proc: 0.1 ms]
      [Ref Enq: 0.0 ms]
      [Free CSet: 0.0 ms]
   [Eden: 10.0M(10.0M)->0.0B(31.0M) Survivors: 0.0B->2048.0K Heap: 13.1M(210.0M)->6830.2K(210.0M)]
 [Times: user=0.02 sys=0.00, real=0.00 secs] 
14.859: Total time for which application threads were stopped: 0.0022560 seconds, Stopping threads took: 0.0000410 seconds
14.859: Application time: 0.0000530 seconds
14.862: Total time for which application threads were stopped: 0.0031010 seconds, Stopping threads took: 0.0030830 seconds
14.878: Application time: 0.0160250 seconds
14.878: Total time for which application threads were stopped: 0.0000740 seconds, Stopping threads took: 0.0000500 seconds
14.878: Application time: 0.0000250 seconds
14.878: Total time for which application threads were stopped: 0.0000250 seconds, Stopping threads took: 0.0000110 seconds
14.878: Application time: 0.0000200 seconds
14.878: Total time for which application threads were stopped: 0.0000290 seconds, Stopping threads took: 0.0000180 seconds
14.878: Application time: 0.0000130 seconds
14.878: Total time for which application threads were stopped: 0.0000140 seconds, Stopping threads took: 0.0000080 seconds
14.878: Application time: 0.0000130 seconds
14.878: Total time for which application threads were stopped: 0.0000270 seconds, Stopping threads took: 0.0000190 seconds
14.878: Application time: 0.0000140 seconds
14.878: Total time for which application threads were stopped: 0.0000250 seconds, Stopping threads took: 0.0000180 seconds
14.878: Application time: 0.0000130 seconds
14.878: Total time for which application threads were stopped: 0.0000220 seconds, Stopping threads took: 0.0000160 seconds
14.878: Application time: 0.0000110 seconds
14.878: Total time for which application threads were stopped: 0.0000240 seconds, Stopping threads took: 0.0000180 seconds
14.878: Application time: 0.0000110 seconds
14.878: Total time for which application threads were stopped: 0.0000210 seconds, Stopping threads took: 0.0000150 seconds
14.878: Application time: 0.0000110 seconds
14.878: Total time for which application threads were stopped: 0.0000220 seconds, Stopping threads took: 0.0000160 seconds
14.878: Application time: 0.0000110 seconds
14.878: Total time for which application threads were stopped: 0.0000150 seconds, Stopping threads took: 0.0000090 seconds
14.878: Application time: 0.0000110 seconds
14.878: Total time for which application threads were stopped: 0.0000240 seconds, Stopping threads took: 0.0000170 seconds
14.878: Application time: 0.0000120 seconds
14.878: Total time for which application threads were stopped: 0.0000150 seconds, Stopping threads took: 0.0000080 seconds
14.878: Application time: 0.0000110 seconds
14.878: Total time for which application threads were stopped: 0.0000240 seconds, Stopping threads took: 0.0000170 seconds
14.878: Application time: 0.0000120 seconds
14.878: Total time for which application threads were stopped: 0.0000230 seconds, Stopping threads took: 0.0000170 seconds
14.878: Application time: 0.0000160 seconds
14.878: Total time for which application threads were stopped: 0.0000350 seconds, Stopping threads took: 0.0000270 seconds
14.894: Application time: 0.0152870 seconds
14.894: Total time for which application threads were stopped: 0.0000620 seconds, Stopping threads took: 0.0000420 seconds
14.894: Application time: 0.0000210 seconds
14.894: Total time for which application threads were stopped: 0.0000250 seconds, Stopping threads took: 0.0000160 seconds
14.894: Application time: 0.0000140 seconds
14.894: Total time for which application threads were stopped: 0.0000120 seconds, Stopping threads took: 0.0000060 seconds
14.894: Application time: 0.0000160 seconds
14.894: Total time for which application threads were stopped: 0.0000650 seconds, Stopping threads took: 0.0000180 seconds
15.040: Application time: 0.1462750 seconds
15.041: [GC pause (young), 0.0014330 secs]
   [Parallel Time: 1.2 ms, GC Workers: 8]
      [GC Worker Start (ms): Min: 15040.7, Avg: 15040.9, Max: 15041.9, Diff: 1.2]
      [Ext Root Scanning (ms): Min: 0.0, Avg: 0.6, Max: 1.1, Diff: 1.1, Sum: 4.5]
      [Update RS (ms): Min: 0.0, Avg: 0.1, Max: 0.2, Diff: 0.2, Sum: 0.8]
         [Processed Buffers: Min: 0, Avg: 2.4, Max: 5, Diff: 5, Sum: 19]
      [Scan RS (ms): Min: 0.0, Avg: 0.0, Max: 0.1, Diff: 0.1, Sum: 0.3]
      [Code Root Scanning (ms): Min: 0.0, Avg: 0.0, Max: 0.0, Diff: 0.0, Sum: 0.0]
      [Object Copy (ms): Min: 0.0, Avg: 0.3, Max: 0.4, Diff: 0.4, Sum: 2.2]
      [Termination (ms): Min: 0.0, Avg: 0.1, Max: 0.1, Diff: 0.1, Sum: 0.5]
      [GC Worker Other (ms): Min: 0.0, Avg: 0.0, Max: 0.0, Diff: 0.0, Sum: 0.0]
      [GC Worker Total (ms): Min: 0.0, Avg: 1.0, Max: 1.2, Diff: 1.2, Sum: 8.4]
      [GC Worker End (ms): Min: 15041.9, Avg: 15041.9, Max: 15041.9, Diff: 0.0]
   [Code Root Fixup: 0.0 ms]
   [Code Root Migration: 0.0 ms]
   [Clear CT: 0.0 ms]
   [Other: 0.1 ms]
      [Choose CSet: 0.0 ms]
      [Ref Proc: 0.1 ms]
      [Ref Enq: 0.0 ms]
      [Free CSet: 0.0 ms]
   [Eden: 31.0M(31.0M)->0.0B(121.0M) Survivors: 2048.0K->1024.0K Heap: 91.0M(210.0M)->59.4M(210.0M)]
 [Times: user=0.01 sys=0.00, real=0.01 secs] 
15.042: Total time for which application threads were stopped: 0.0019900 seconds, Stopping threads took: 0.0004030 seconds
15.082: Application time: 0.0395310 seconds
15.082: [GC pause (young) (initial-mark), 0.0017750 secs]
   [Parallel Time: 1.5 ms, GC Workers: 8]
      [GC Worker Start (ms): Min: 15081.8, Avg: 15081.9, Max: 15081.9, Diff: 0.1]
      [Ext Root Scanning (ms): Min: 0.4, Avg: 0.7, Max: 1.3, Diff: 0.9, Sum: 5.6]
      [Code Root Marking (ms): Min: 0.0, Avg: 0.0, Max: 0.1, Diff: 0.1, Sum: 0.1]
      [Update RS (ms): Min: 0.0, Avg: 0.4, Max: 0.6, Diff: 0.6, Sum: 3.2]
         [Processed Buffers: Min: 0, Avg: 8.2, Max: 16, Diff: 16, Sum: 66]
      [Scan RS (ms): Min: 0.0, Avg: 0.0, Max: 0.0, Diff: 0.0, Sum: 0.0]
      [Code Root Scanning (ms): Min: 0.0, Avg: 0.0, Max: 0.0, Diff: 0.0, Sum: 0.0]
      [Object Copy (ms): Min: 0.0, Avg: 0.1, Max: 0.3, Diff: 0.2, Sum: 1.1]
      [Termination (ms): Min: 0.0, Avg: 0.1, Max: 0.1, Diff: 0.1, Sum: 0.8]
      [GC Worker Other (ms): Min: 0.0, Avg: 0.0, Max: 0.0, Diff: 0.0, Sum: 0.0]
      [GC Worker Total (ms): Min: 1.3, Avg: 1.4, Max: 1.4, Diff: 0.1, Sum: 10.9]
      [GC Worker End (ms): Min: 15083.2, Avg: 15083.2, Max: 15083.2, Diff: 0.0]
   [Code Root Fixup: 0.0 ms]
   [Code Root Migration: 0.0 ms]
   [Clear CT: 0.1 ms]
   [Other: 0.2 ms]
      [Choose CSet: 0.0 ms]
      [Ref Proc: 0.2 ms]
      [Ref Enq: 0.0 ms]
      [Free CSet: 0.0 ms]
   [Eden: 11.0M(121.0M)->0.0B(98.0M) Survivors: 1024.0K->1024.0K Heap: 93.2M(210.0M)->81.7M(210.0M)]
 [Times: user=0.01 sys=0.00, real=0.00 secs] 
15.084: 15.084: [GC concurrent-root-region-scan-start]
Total time for which application threads were stopped: 0.0019440 seconds, Stopping threads took: 0.0000520 seconds
15.084: [GC concurrent-root-region-scan-end, 0.0000260 secs]
15.084: [GC concurrent-mark-start]
15.087: [GC concurrent-mark-end, 0.0037990 secs]
15.088: Application time: 0.0038730 seconds
15.088: [GC remark 15.088: [GC ref-proc, 0.0001220 secs], 0.0006960 secs]
 [Times: user=0.01 sys=0.01, real=0.00 secs] 
15.088: Total time for which application threads were stopped: 0.0007840 seconds, Stopping threads took: 0.0000470 seconds
15.088: Application time: 0.0000320 seconds
15.090: [GC cleanup 90M->56M(210M), 0.0002520 secs]
 [Times: user=0.00 sys=0.00, real=0.00 secs] 
15.090: Total time for which application threads were stopped: 0.0016640 seconds, Stopping threads took: 0.0013660 seconds
15.090: [GC concurrent-cleanup-start]
15.090: [GC concurrent-cleanup-end, 0.0000330 secs]
15.165: Application time: 0.0752960 seconds
15.170: [GC pause (young), 0.0041740 secs]
   [Parallel Time: 3.6 ms, GC Workers: 8]
      [GC Worker Start (ms): Min: 15170.7, Avg: 15170.7, Max: 15170.8, Diff: 0.1]
      [Ext Root Scanning (ms): Min: 0.4, Avg: 0.4, Max: 0.5, Diff: 0.1, Sum: 3.4]
      [Update RS (ms): Min: 2.9, Avg: 3.0, Max: 3.0, Diff: 0.1, Sum: 23.8]
         [Processed Buffers: Min: 47, Avg: 48.2, Max: 50, Diff: 3, Sum: 386]
      [Scan RS (ms): Min: 0.0, Avg: 0.0, Max: 0.0, Diff: 0.0, Sum: 0.1]
      [Code Root Scanning (ms): Min: 0.0, Avg: 0.0, Max: 0.0, Diff: 0.0, Sum: 0.0]
      [Object Copy (ms): Min: 0.0, Avg: 0.0, Max: 0.1, Diff: 0.1, Sum: 0.4]
      [Termination (ms): Min: 0.0, Avg: 0.0, Max: 0.0, Diff: 0.0, Sum: 0.0]
      [GC Worker Other (ms): Min: 0.0, Avg: 0.0, Max: 0.0, Diff: 0.0, Sum: 0.1]
      [GC Worker Total (ms): Min: 3.4, Avg: 3.5, Max: 3.5, Diff: 0.1, Sum: 27.7]
      [GC Worker End (ms): Min: 15174.2, Avg: 15174.2, Max: 15174.2, Diff: 0.0]
   [Code Root Fixup: 0.0 ms]
   [Code Root Migration: 0.0 ms]
   [Clear CT: 0.0 ms]
   [Other: 0.6 ms]
      [Choose CSet: 0.0 ms]
      [Ref Proc: 0.1 ms]
      [Ref Enq: 0.0 ms]
      [Free CSet: 0.0 ms]
   [Eden: 39.0M(98.0M)->0.0B(47.0M) Survivors: 1024.0K->1024.0K Heap: 169.4M(210.0M)->131.1M(210.0M)]
 [Times: user=0.03 sys=0.00, real=0.00 secs] 
15.174: Total time for which application threads were stopped: 0.0091480 seconds, Stopping threads took: 0.0048290 seconds
15.180: Application time: 0.0054530 seconds
15.180: [GC pause (young) (initial-mark), 0.0016940 secs]
   [Parallel Time: 1.5 ms, GC Workers: 8]
      [GC Worker Start (ms): Min: 15180.1, Avg: 15180.1, Max: 15180.1, Diff: 0.1]
      [Ext Root Scanning (ms): Min: 0.3, Avg: 0.5, Max: 0.6, Diff: 0.3, Sum: 3.7]
      [Code Root Marking (ms): Min: 0.0, Avg: 0.0, Max: 0.1, Diff: 0.1, Sum: 0.1]
      [Update RS (ms): Min: 0.8, Avg: 0.8, Max: 0.8, Diff: 0.1, Sum: 6.6]
         [Processed Buffers: Min: 13, Avg: 14.1, Max: 18, Diff: 5, Sum: 113]
      [Scan RS (ms): Min: 0.0, Avg: 0.0, Max: 0.0, Diff: 0.0, Sum: 0.0]
      [Code Root Scanning (ms): Min: 0.0, Avg: 0.0, Max: 0.0, Diff: 0.0, Sum: 0.0]
      [Object Copy (ms): Min: 0.1, Avg: 0.2, Max: 0.3, Diff: 0.2, Sum: 1.2]
      [Termination (ms): Min: 0.0, Avg: 0.0, Max: 0.0, Diff: 0.0, Sum: 0.1]
      [GC Worker Other (ms): Min: 0.0, Avg: 0.0, Max: 0.0, Diff: 0.0, Sum: 0.0]
      [GC Worker Total (ms): Min: 1.4, Avg: 1.5, Max: 1.5, Diff: 0.1, Sum: 11.7]
      [GC Worker End (ms): Min: 15181.6, Avg: 15181.6, Max: 15181.6, Diff: 0.0]
   [Code Root Fixup: 0.0 ms]
   [Code Root Migration: 0.0 ms]
   [Clear CT: 0.0 ms]
   [Other: 0.1 ms]
      [Choose CSet: 0.0 ms]
      [Ref Proc: 0.1 ms]
      [Ref Enq: 0.0 ms]
      [Free CSet: 0.0 ms]
   [Eden: 4096.0K(47.0M)->0.0B(31.0M) Survivors: 1024.0K->1024.0K Heap: 150.1M(210.0M)->146.3M(210.0M)]
 [Times: user=0.00 sys=0.01, real=0.01 secs] 
15.182: [GC concurrent-root-region-scan-start]
15.182: Total time for which application threads were stopped: 0.0018860 seconds, Stopping threads took: 0.0000920 seconds
15.182: [GC concurrent-root-region-scan-end, 0.0000260 secs]
15.182: [GC concurrent-mark-start]
15.182: Application time: 0.0001920 seconds
15.185: [GC pause (young), 0.0019070 secs]
   [Parallel Time: 1.6 ms, GC Workers: 8]
      [GC Worker Start (ms): Min: 15184.8, Avg: 15184.8, Max: 15184.8, Diff: 0.0]
      [Ext Root Scanning (ms): Min: 0.4, Avg: 0.4, Max: 0.5, Diff: 0.1, Sum: 3.5]
      [SATB Filtering (ms): Min: 0.0, Avg: 0.0, Max: 0.0, Diff: 0.0, Sum: 0.0]
      [Update RS (ms): Min: 1.0, Avg: 1.0, Max: 1.0, Diff: 0.0, Sum: 8.0]
         [Processed Buffers: Min: 15, Avg: 16.6, Max: 18, Diff: 3, Sum: 133]
      [Scan RS (ms): Min: 0.0, Avg: 0.0, Max: 0.0, Diff: 0.0, Sum: 0.0]
      [Code Root Scanning (ms): Min: 0.0, Avg: 0.0, Max: 0.0, Diff: 0.0, Sum: 0.0]
      [Object Copy (ms): Min: 0.0, Avg: 0.0, Max: 0.1, Diff: 0.0, Sum: 0.4]
      [Termination (ms): Min: 0.0, Avg: 0.0, Max: 0.0, Diff: 0.0, Sum: 0.1]
      [GC Worker Other (ms): Min: 0.0, Avg: 0.0, Max: 0.0, Diff: 0.0, Sum: 0.0]
      [GC Worker Total (ms): Min: 1.5, Avg: 1.5, Max: 1.5, Diff: 0.0, Sum: 12.1]
      [GC Worker End (ms): Min: 15186.3, Avg: 15186.3, Max: 15186.3, Diff: 0.0]
   [Code Root Fixup: 0.0 ms]
   [Code Root Migration: 0.0 ms]
   [Clear CT: 0.1 ms]
   [Other: 0.2 ms]
      [Choose CSet: 0.0 ms]
      [Ref Proc: 0.1 ms]
      [Ref Enq: 0.0 ms]
      [Free CSet: 0.0 ms]
   [Eden: 1024.0K(31.0M)->0.0B(16.0M) Survivors: 1024.0K->1024.0K Heap: 161.6M(210.0M)->161.5M(210.0M)]
 [Times: user=0.01 sys=0.00, real=0.00 secs] 
15.187: Total time for which application threads were stopped: 0.0045990 seconds, Stopping threads took: 0.0025750 seconds
15.187: Application time: 0.0000540 seconds
15.187: [Full GC 161M->102M(210M), 0.0099430 secs]
   [Eden: 0.0B(16.0M)->0.0B(81.0M) Survivors: 1024.0K->0.0B Heap: 161.5M(210.0M)->102.1M(210.0M)], [Perm: 5827K->5827K(20480K)]
 [Times: user=0.02 sys=0.00, real=0.01 secs] 
15.197: Total time for which application threads were stopped: 0.0100340 seconds, Stopping threads took: 0.0000060 seconds
15.197: [GC concurrent-mark-abort]
15.209: Application time: 0.0122840 seconds
15.209: [GC pause (young) (initial-mark), 0.0021760 secs]
   [Parallel Time: 1.7 ms, GC Workers: 8]
      [GC Worker Start (ms): Min: 15209.2, Avg: 15209.2, Max: 15209.3, Diff: 0.1]
      [Ext Root Scanning (ms): Min: 0.7, Avg: 0.8, Max: 0.9, Diff: 0.2, Sum: 6.7]
      [Code Root Marking (ms): Min: 0.0, Avg: 0.0, Max: 0.0, Diff: 0.0, Sum: 0.1]
      [Update RS (ms): Min: 0.3, Avg: 0.4, Max: 0.4, Diff: 0.0, Sum: 3.0]
         [Processed Buffers: Min: 6, Avg: 6.9, Max: 8, Diff: 2, Sum: 55]
      [Scan RS (ms): Min: 0.0, Avg: 0.0, Max: 0.0, Diff: 0.0, Sum: 0.0]
      [Code Root Scanning (ms): Min: 0.0, Avg: 0.0, Max: 0.0, Diff: 0.0, Sum: 0.0]
      [Object Copy (ms): Min: 0.1, Avg: 0.2, Max: 0.3, Diff: 0.2, Sum: 1.4]
      [Termination (ms): Min: 0.0, Avg: 0.0, Max: 0.0, Diff: 0.0, Sum: 0.0]
      [GC Worker Other (ms): Min: 0.0, Avg: 0.0, Max: 0.0, Diff: 0.0, Sum: 0.1]
      [GC Worker Total (ms): Min: 1.4, Avg: 1.4, Max: 1.5, Diff: 0.1, Sum: 11.4]
      [GC Worker End (ms): Min: 15210.6, Avg: 15210.6, Max: 15210.6, Diff: 0.0]
   [Code Root Fixup: 0.0 ms]
   [Code Root Migration: 0.0 ms]
   [Clear CT: 0.2 ms]
   [Other: 0.3 ms]
      [Choose CSet: 0.0 ms]
      [Ref Proc: 0.2 ms]
      [Ref Enq: 0.0 ms]
      [Free CSet: 0.0 ms]
   [Eden: 10.0M(81.0M)->0.0B(64.0M) Survivors: 0.0B->1024.0K Heap: 126.5M(210.0M)->117.4M(210.0M)]
 [Times: user=0.02 sys=0.00, real=0.01 secs] 
15.211: Total time for which application threads were stopped: 0.0023790 seconds, Stopping threads took: 0.0001040 seconds
15.211: [GC concurrent-root-region-scan-start]
15.211: [GC concurrent-root-region-scan-end, 0.0000300 secs]
15.211: [GC concurrent-mark-start]
15.234: [GC concurrent-mark-end, 0.0224640 secs]
15.234: Application time: 0.0225480 seconds
15.238: [GC remark 15.238: [GC ref-proc, 0.0001240 secs], 0.0008250 secs]
 [Times: user=0.00 sys=0.00, real=0.00 secs] 
15.239: Total time for which application threads were stopped: 0.0047510 seconds, Stopping threads took: 0.0038830 seconds
15.239: Application time: 0.0000330 seconds
15.239: [GC cleanup 163M->156M(210M), 0.0001960 secs]
 [Times: user=0.00 sys=0.00, real=0.00 secs] 
15.239: Total time for which application threads were stopped: 0.0002480 seconds, Stopping threads took: 0.0000310 seconds
15.239: [GC concurrent-cleanup-start]
15.239: [GC concurrent-cleanup-end, 0.0000130 secs]
15.284: Application time: 0.0448100 seconds
15.284: [GC pause (young) (to-space exhausted), 0.0024670 secs]
   [Parallel Time: 0.8 ms, GC Workers: 8]
      [GC Worker Start (ms): Min: 15283.9, Avg: 15284.0, Max: 15284.7, Diff: 0.8]
      [Ext Root Scanning (ms): Min: 0.0, Avg: 0.5, Max: 0.6, Diff: 0.6, Sum: 3.6]
      [Update RS (ms): Min: 0.0, Avg: 0.1, Max: 0.2, Diff: 0.2, Sum: 1.0]
         [Processed Buffers: Min: 0, Avg: 3.0, Max: 4, Diff: 4, Sum: 24]
      [Scan RS (ms): Min: 0.0, Avg: 0.0, Max: 0.0, Diff: 0.0, Sum: 0.2]
      [Code Root Scanning (ms): Min: 0.0, Avg: 0.0, Max: 0.0, Diff: 0.0, Sum: 0.0]
      [Object Copy (ms): Min: 0.0, Avg: 0.0, Max: 0.1, Diff: 0.1, Sum: 0.4]
      [Termination (ms): Min: 0.0, Avg: 0.0, Max: 0.0, Diff: 0.0, Sum: 0.1]
      [GC Worker Other (ms): Min: 0.0, Avg: 0.0, Max: 0.0, Diff: 0.0, Sum: 0.0]
      [GC Worker Total (ms): Min: 0.0, Avg: 0.7, Max: 0.8, Diff: 0.8, Sum: 5.3]
      [GC Worker End (ms): Min: 15284.7, Avg: 15284.7, Max: 15284.7, Diff: 0.0]
   [Code Root Fixup: 0.0 ms]
   [Code Root Migration: 0.0 ms]
   [Clear CT: 0.0 ms]
   [Other: 1.6 ms]
      [Choose CSet: 0.0 ms]
      [Ref Proc: 0.1 ms]
      [Ref Enq: 0.0 ms]
      [Free CSet: 0.0 ms]
   [Eden: 62.0M(64.0M)->0.0B(37.0M) Survivors: 1024.0K->0.0B Heap: 202.1M(210.0M)->144.1M(210.0M)]
 [Times: user=0.01 sys=0.00, real=0.00 secs] 
15.286: Total time for which application threads were stopped: 0.0026740 seconds, Stopping threads took: 0.0000900 seconds
15.286: Application time: 0.0000570 seconds
15.287: [Full GC 144M->124M(210M), 0.0110860 secs]
   [Eden: 0.0B(37.0M)->0.0B(57.0M) Survivors: 0.0B->0.0B Heap: 144.1M(210.0M)->125.0M(210.0M)], [Perm: 5836K->5802K(20480K)]
 [Times: user=0.02 sys=0.00, real=0.01 secs] 
15.298: Total time for which application threads were stopped: 0.0111810 seconds, Stopping threads took: 0.0000120 seconds
15.298: Application time: 0.0005710 seconds
15.304: [GC pause (young) (initial-mark), 0.0048800 secs]
   [Parallel Time: 4.0 ms, GC Workers: 8]
      [GC Worker Start (ms): Min: 15304.2, Avg: 15304.3, Max: 15304.3, Diff: 0.1]
      [Ext Root Scanning (ms): Min: 0.6, Avg: 0.7, Max: 0.8, Diff: 0.2, Sum: 5.6]
      [Code Root Marking (ms): Min: 0.0, Avg: 0.0, Max: 0.1, Diff: 0.1, Sum: 0.1]
      [Update RS (ms): Min: 2.6, Avg: 2.6, Max: 2.7, Diff: 0.0, Sum: 21.2]
         [Processed Buffers: Min: 30, Avg: 31.5, Max: 35, Diff: 5, Sum: 252]
      [Scan RS (ms): Min: 0.0, Avg: 0.0, Max: 0.0, Diff: 0.0, Sum: 0.0]
      [Code Root Scanning (ms): Min: 0.0, Avg: 0.0, Max: 0.0, Diff: 0.0, Sum: 0.0]
      [Object Copy (ms): Min: 0.1, Avg: 0.2, Max: 0.3, Diff: 0.2, Sum: 1.5]
      [Termination (ms): Min: 0.0, Avg: 0.0, Max: 0.1, Diff: 0.1, Sum: 0.3]
      [GC Worker Other (ms): Min: 0.0, Avg: 0.0, Max: 0.0, Diff: 0.0, Sum: 0.0]
      [GC Worker Total (ms): Min: 3.6, Avg: 3.6, Max: 3.7, Diff: 0.1, Sum: 28.8]
      [GC Worker End (ms): Min: 15307.8, Avg: 15307.9, Max: 15307.9, Diff: 0.0]
   [Code Root Fixup: 0.0 ms]
   [Code Root Migration: 0.0 ms]
   [Clear CT: 0.2 ms]
   [Other: 0.6 ms]
      [Choose CSet: 0.0 ms]
      [Ref Proc: 0.3 ms]
      [Ref Enq: 0.0 ms]
      [Free CSet: 0.0 ms]
   [Eden: 1024.0K(57.0M)->0.0B(25.0M) Survivors: 0.0B->1024.0K Heap: 155.8M(210.0M)->155.5M(210.0M)]
 [Times: user=0.03 sys=0.00, real=0.00 secs] 
15.309: Total time for which application threads were stopped: 0.0105840 seconds, Stopping threads took: 0.0055780 seconds
15.309: [GC concurrent-root-region-scan-start]
15.309: [GC concurrent-root-region-scan-end, 0.0000280 secs]
15.309: [GC concurrent-mark-start]
15.309: Application time: 0.0001560 seconds
15.309: [GC pause (young), 0.0007570 secs]
   [Parallel Time: 0.5 ms, GC Workers: 8]
      [GC Worker Start (ms): Min: 15309.0, Avg: 15309.1, Max: 15309.1, Diff: 0.1]
      [Ext Root Scanning (ms): Min: 0.3, Avg: 0.4, Max: 0.4, Diff: 0.1, Sum: 3.0]
      [SATB Filtering (ms): Min: 0.0, Avg: 0.0, Max: 0.0, Diff: 0.0, Sum: 0.0]
      [Update RS (ms): Min: 0.0, Avg: 0.0, Max: 0.0, Diff: 0.0, Sum: 0.0]
         [Processed Buffers: Min: 0, Avg: 0.6, Max: 3, Diff: 3, Sum: 5]
      [Scan RS (ms): Min: 0.0, Avg: 0.0, Max: 0.0, Diff: 0.0, Sum: 0.0]
      [Code Root Scanning (ms): Min: 0.0, Avg: 0.0, Max: 0.0, Diff: 0.0, Sum: 0.0]
      [Object Copy (ms): Min: 0.0, Avg: 0.0, Max: 0.0, Diff: 0.0, Sum: 0.2]
      [Termination (ms): Min: 0.0, Avg: 0.0, Max: 0.0, Diff: 0.0, Sum: 0.1]
      [GC Worker Other (ms): Min: 0.0, Avg: 0.0, Max: 0.0, Diff: 0.0, Sum: 0.0]
      [GC Worker Total (ms): Min: 0.4, Avg: 0.4, Max: 0.5, Diff: 0.1, Sum: 3.4]
      [GC Worker End (ms): Min: 15309.5, Avg: 15309.5, Max: 15309.5, Diff: 0.0]
   [Code Root Fixup: 0.0 ms]
   [Code Root Migration: 0.0 ms]
   [Clear CT: 0.1 ms]
   [Other: 0.1 ms]
      [Choose CSet: 0.0 ms]
      [Ref Proc: 0.1 ms]
      [Ref Enq: 0.0 ms]
      [Free CSet: 0.0 ms]
   [Eden: 0.0B(25.0M)->0.0B(25.0M) Survivors: 1024.0K->1024.0K Heap: 155.5M(210.0M)->155.5M(210.0M)]
 [Times: user=0.01 sys=0.00, real=0.01 secs] 
15.310: Total time for which application threads were stopped: 0.0008560 seconds, Stopping threads took: 0.0000070 seconds
15.310: Application time: 0.0000290 seconds
15.310: [Full GC 155M->140M(210M), 0.0091160 secs]
   [Eden: 0.0B(25.0M)->0.0B(42.0M) Survivors: 1024.0K->0.0B Heap: 155.5M(210.0M)->140.2M(210.0M)], [Perm: 5802K->5802K(20480K)]
 [Times: user=0.01 sys=0.01, real=0.00 secs] 
15.319: [Full GC 140M->139M(210M), 0.0077150 secs]
   [Eden: 0.0B(42.0M)->0.0B(43.0M) Survivors: 0.0B->0.0B Heap: 140.2M(210.0M)->139.1M(210.0M)], [Perm: 5802K->5802K(20480K)]
 [Times: user=0.01 sys=0.00, real=0.01 secs] 
15.327: Total time for which application threads were stopped: 0.0169580 seconds, Stopping threads took: 0.0000050 seconds
15.327: [GC concurrent-mark-abort]
15.327: Application time: 0.0000980 seconds
15.327: Total time for which application threads were stopped: 0.0000890 seconds, Stopping threads took: 0.0000580 seconds
15.328: Application time: 0.0004970 seconds
15.328: [GC pause (young), 0.0011670 secs]
   [Parallel Time: 1.0 ms, GC Workers: 8]
      [GC Worker Start (ms): Min: 15327.6, Avg: 15327.6, Max: 15327.6, Diff: 0.0]
      [Ext Root Scanning (ms): Min: 0.8, Avg: 0.8, Max: 0.9, Diff: 0.1, Sum: 6.4]
      [Update RS (ms): Min: 0.0, Avg: 0.0, Max: 0.0, Diff: 0.0, Sum: 0.1]
         [Processed Buffers: Min: 0, Avg: 1.1, Max: 4, Diff: 4, Sum: 9]
      [Scan RS (ms): Min: 0.0, Avg: 0.0, Max: 0.0, Diff: 0.0, Sum: 0.0]
      [Code Root Scanning (ms): Min: 0.0, Avg: 0.0, Max: 0.0, Diff: 0.0, Sum: 0.0]
      [Object Copy (ms): Min: 0.0, Avg: 0.0, Max: 0.1, Diff: 0.1, Sum: 0.3]
      [Termination (ms): Min: 0.0, Avg: 0.0, Max: 0.0, Diff: 0.0, Sum: 0.1]
      [GC Worker Other (ms): Min: 0.0, Avg: 0.0, Max: 0.0, Diff: 0.0, Sum: 0.0]
      [GC Worker Total (ms): Min: 0.8, Avg: 0.9, Max: 0.9, Diff: 0.0, Sum: 7.0]
      [GC Worker End (ms): Min: 15328.5, Avg: 15328.5, Max: 15328.5, Diff: 0.0]
   [Code Root Fixup: 0.0 ms]
   [Code Root Migration: 0.0 ms]
   [Clear CT: 0.1 ms]
   [Other: 0.1 ms]
      [Choose CSet: 0.0 ms]
      [Ref Proc: 0.1 ms]
      [Ref Enq: 0.0 ms]
      [Free CSet: 0.0 ms]
   [Eden: 1024.0K(43.0M)->0.0B(42.0M) Survivors: 0.0B->1024.0K Heap: 139.2M(210.0M)->139.1M(210.0M)]
 [Times: user=0.00 sys=0.00, real=0.00 secs] 
15.329: Total time for which application threads were stopped: 0.0012760 seconds, Stopping threads took: 0.0000250 seconds
15.329: Application time: 0.0000560 seconds
15.329: [Full GC 139M->139M(210M), 0.0084780 secs]
   [Eden: 1024.0K(42.0M)->0.0B(43.0M) Survivors: 1024.0K->0.0B Heap: 139.1M(210.0M)->139.1M(210.0M)], [Perm: 5804K->5804K(20480K)]
 [Times: user=0.01 sys=0.00, real=0.01 secs] 
15.337: [Full GC 139M->139M(210M), 0.0077950 secs]
   [Eden: 0.0B(43.0M)->0.0B(43.0M) Survivors: 0.0B->0.0B Heap: 139.1M(210.0M)->139.1M(210.0M)], [Perm: 5804K->5793K(20480K)]
 [Times: user=0.01 sys=0.01, real=0.01 secs] 
15.345: Total time for which application threads were stopped: 0.0164250 seconds, Stopping threads took: 0.0000220 seconds
15.392: Application time: 0.0463080 seconds
15.392: [GC pause (young) (initial-mark), 0.0015670 secs]
   [Parallel Time: 1.2 ms, GC Workers: 8]
      [GC Worker Start (ms): Min: 15391.7, Avg: 15391.8, Max: 15391.8, Diff: 0.0]
      [Ext Root Scanning (ms): Min: 0.7, Avg: 0.9, Max: 1.2, Diff: 0.5, Sum: 7.1]
      [Code Root Marking (ms): Min: 0.0, Avg: 0.0, Max: 0.1, Diff: 0.1, Sum: 0.1]
      [Update RS (ms): Min: 0.0, Avg: 0.0, Max: 0.0, Diff: 0.0, Sum: 0.1]
         [Processed Buffers: Min: 0, Avg: 1.2, Max: 4, Diff: 4, Sum: 10]
      [Scan RS (ms): Min: 0.0, Avg: 0.0, Max: 0.0, Diff: 0.0, Sum: 0.0]
      [Code Root Scanning (ms): Min: 0.0, Avg: 0.0, Max: 0.0, Diff: 0.0, Sum: 0.0]
      [Object Copy (ms): Min: 0.0, Avg: 0.2, Max: 0.3, Diff: 0.3, Sum: 1.3]
      [Termination (ms): Min: 0.0, Avg: 0.1, Max: 0.1, Diff: 0.1, Sum: 0.7]
      [GC Worker Other (ms): Min: 0.0, Avg: 0.0, Max: 0.0, Diff: 0.0, Sum: 0.0]
      [GC Worker Total (ms): Min: 1.2, Avg: 1.2, Max: 1.2, Diff: 0.1, Sum: 9.4]
      [GC Worker End (ms): Min: 15392.9, Avg: 15392.9, Max: 15392.9, Diff: 0.0]
   [Code Root Fixup: 0.0 ms]
   [Code Root Migration: 0.0 ms]
   [Clear CT: 0.0 ms]
   [Other: 0.3 ms]
      [Choose CSet: 0.0 ms]
      [Ref Proc: 0.3 ms]
      [Ref Enq: 0.0 ms]
      [Free CSet: 0.0 ms]
   [Eden: 7168.0K(43.0M)->0.0B(42.0M) Survivors: 0.0B->1024.0K Heap: 145.1M(210.0M)->139.2M(210.0M)]
 [Times: user=0.01 sys=0.00, real=0.00 secs] 
15.393: [GC concurrent-root-region-scan-start]
15.393: Total time for which application threads were stopped: 0.0017620 seconds, Stopping threads took: 0.0000530 seconds
15.393: Application time: 0.0000650 seconds
15.393: [GC concurrent-root-region-scan-end, 0.0001280 secs]
15.393: [GC concurrent-mark-start]
15.393: [GC pause (young), 0.0006090 secs]
   [Parallel Time: 0.5 ms, GC Workers: 8]
      [GC Worker Start (ms): Min: 15393.5, Avg: 15393.5, Max: 15393.5, Diff: 0.0]
      [Ext Root Scanning (ms): Min: 0.3, Avg: 0.4, Max: 0.4, Diff: 0.1, Sum: 2.9]
      [SATB Filtering (ms): Min: 0.0, Avg: 0.0, Max: 0.0, Diff: 0.0, Sum: 0.0]
      [Update RS (ms): Min: 0.0, Avg: 0.0, Max: 0.0, Diff: 0.0, Sum: 0.1]
         [Processed Buffers: Min: 0, Avg: 1.0, Max: 3, Diff: 3, Sum: 8]
      [Scan RS (ms): Min: 0.0, Avg: 0.0, Max: 0.0, Diff: 0.0, Sum: 0.0]
      [Code Root Scanning (ms): Min: 0.0, Avg: 0.0, Max: 0.0, Diff: 0.0, Sum: 0.0]
      [Object Copy (ms): Min: 0.0, Avg: 0.1, Max: 0.1, Diff: 0.0, Sum: 0.5]
      [Termination (ms): Min: 0.0, Avg: 0.0, Max: 0.0, Diff: 0.0, Sum: 0.0]
      [GC Worker Other (ms): Min: 0.0, Avg: 0.0, Max: 0.0, Diff: 0.0, Sum: 0.0]
      [GC Worker Total (ms): Min: 0.4, Avg: 0.4, Max: 0.5, Diff: 0.0, Sum: 3.5]
      [GC Worker End (ms): Min: 15393.9, Avg: 15394.0, Max: 15394.0, Diff: 0.0]
   [Code Root Fixup: 0.0 ms]
   [Code Root Migration: 0.0 ms]
   [Clear CT: 0.0 ms]
   [Other: 0.1 ms]
      [Choose CSet: 0.0 ms]
      [Ref Proc: 0.1 ms]
      [Ref Enq: 0.0 ms]
      [Free CSet: 0.0 ms]
   [Eden: 1024.0K(42.0M)->0.0B(42.0M) Survivors: 1024.0K->1024.0K Heap: 139.3M(210.0M)->139.2M(210.0M)]
 [Times: user=0.00 sys=0.00, real=0.00 secs] 
15.394: Total time for which application threads were stopped: 0.0007200 seconds, Stopping threads took: 0.0000390 seconds
15.394: Application time: 0.0000590 seconds
15.394: [Full GC 139M->139M(210M), 0.0079180 secs]
   [Eden: 1024.0K(42.0M)->0.0B(43.0M) Survivors: 1024.0K->0.0B Heap: 139.3M(210.0M)->139.2M(210.0M)], [Perm: 5811K->5811K(20480K)]
 [Times: user=0.01 sys=0.00, real=0.01 secs] 
15.402: [Full GC 139M->139M(210M), 0.0076070 secs]
   [Eden: 0.0B(43.0M)->0.0B(43.0M) Survivors: 0.0B->0.0B Heap: 139.2M(210.0M)->139.1M(210.0M)], [Perm: 5811K->5811K(20480K)]
 [Times: user=0.01 sys=0.00, real=0.01 secs] 
15.410: Total time for which application threads were stopped: 0.0156590 seconds, Stopping threads took: 0.0000150 seconds
15.410: [GC concurrent-mark-abort]
15.410: Application time: 0.0001230 seconds
15.410: Total time for which application threads were stopped: 0.0000920 seconds, Stopping threads took: 0.0000660 seconds
15.411: Application time: 0.0005370 seconds
15.411: [GC pause (young), 0.0011020 secs]
   [Parallel Time: 1.0 ms, GC Workers: 8]
      [GC Worker Start (ms): Min: 15410.7, Avg: 15410.8, Max: 15410.8, Diff: 0.1]
      [Ext Root Scanning (ms): Min: 0.7, Avg: 0.8, Max: 0.8, Diff: 0.1, Sum: 6.3]
      [Update RS (ms): Min: 0.0, Avg: 0.0, Max: 0.0, Diff: 0.0, Sum: 0.1]
         [Processed Buffers: Min: 0, Avg: 1.1, Max: 3, Diff: 3, Sum: 9]
      [Scan RS (ms): Min: 0.0, Avg: 0.0, Max: 0.0, Diff: 0.0, Sum: 0.0]
      [Code Root Scanning (ms): Min: 0.0, Avg: 0.0, Max: 0.0, Diff: 0.0, Sum: 0.0]
      [Object Copy (ms): Min: 0.0, Avg: 0.0, Max: 0.1, Diff: 0.1, Sum: 0.4]
      [Termination (ms): Min: 0.0, Avg: 0.0, Max: 0.0, Diff: 0.0, Sum: 0.1]
      [GC Worker Other (ms): Min: 0.0, Avg: 0.0, Max: 0.0, Diff: 0.0, Sum: 0.0]
      [GC Worker Total (ms): Min: 0.8, Avg: 0.9, Max: 0.9, Diff: 0.1, Sum: 6.9]
      [GC Worker End (ms): Min: 15411.6, Avg: 15411.6, Max: 15411.6, Diff: 0.0]
   [Code Root Fixup: 0.0 ms]
   [Code Root Migration: 0.0 ms]
   [Clear CT: 0.0 ms]
   [Other: 0.1 ms]
      [Choose CSet: 0.0 ms]
      [Ref Proc: 0.1 ms]
      [Ref Enq: 0.0 ms]
      [Free CSet: 0.0 ms]
   [Eden: 1024.0K(43.0M)->0.0B(42.0M) Survivors: 0.0B->1024.0K Heap: 139.3M(210.0M)->139.2M(210.0M)]
 [Times: user=0.00 sys=0.00, real=0.00 secs] 
15.412: Total time for which application threads were stopped: 0.0012380 seconds, Stopping threads took: 0.0000500 seconds
15.412: Application time: 0.0000290 seconds
15.412: [Full GC 139M->139M(210M), 0.0071220 secs]
   [Eden: 0.0B(42.0M)->0.0B(43.0M) Survivors: 1024.0K->0.0B Heap: 139.2M(210.0M)->139.1M(210.0M)], [Perm: 5811K->5811K(20480K)]
 [Times: user=0.01 sys=0.00, real=0.00 secs] 
15.419: [Full GC 139M->139M(210M), 0.0071880 secs]
   [Eden: 0.0B(43.0M)->0.0B(43.0M) Survivors: 0.0B->0.0B Heap: 139.1M(210.0M)->139.1M(210.0M)], [Perm: 5811K->5766K(20480K)]
 [Times: user=0.01 sys=0.00, real=0.01 secs] 
15.426: Total time for which application threads were stopped: 0.0144540 seconds, Stopping threads took: 0.0000230 seconds
15.478: Application time: 0.0514720 seconds
15.478: [GC pause (young) (initial-mark), 0.0015740 secs]
   [Parallel Time: 1.3 ms, GC Workers: 8]
      [GC Worker Start (ms): Min: 15478.0, Avg: 15478.2, Max: 15479.1, Diff: 1.2]
      [Ext Root Scanning (ms): Min: 0.0, Avg: 0.7, Max: 0.9, Diff: 0.9, Sum: 5.4]
      [Code Root Marking (ms): Min: 0.0, Avg: 0.0, Max: 0.1, Diff: 0.1, Sum: 0.1]
      [Update RS (ms): Min: 0.0, Avg: 0.0, Max: 0.0, Diff: 0.0, Sum: 0.1]
         [Processed Buffers: Min: 0, Avg: 1.1, Max: 4, Diff: 4, Sum: 9]
      [Scan RS (ms): Min: 0.0, Avg: 0.0, Max: 0.0, Diff: 0.0, Sum: 0.0]
      [Code Root Scanning (ms): Min: 0.0, Avg: 0.0, Max: 0.0, Diff: 0.0, Sum: 0.0]
      [Object Copy (ms): Min: 0.0, Avg: 0.2, Max: 0.4, Diff: 0.4, Sum: 1.7]
      [Termination (ms): Min: 0.0, Avg: 0.1, Max: 0.1, Diff: 0.1, Sum: 0.6]
      [GC Worker Other (ms): Min: 0.0, Avg: 0.0, Max: 0.0, Diff: 0.0, Sum: 0.0]
      [GC Worker Total (ms): Min: 0.0, Avg: 1.0, Max: 1.2, Diff: 1.2, Sum: 8.0]
      [GC Worker End (ms): Min: 15479.2, Avg: 15479.2, Max: 15479.2, Diff: 0.0]
   [Code Root Fixup: 0.0 ms]
   [Code Root Migration: 0.0 ms]
   [Clear CT: 0.0 ms]
   [Other: 0.2 ms]
      [Choose CSet: 0.0 ms]
      [Ref Proc: 0.2 ms]
      [Ref Enq: 0.0 ms]
      [Free CSet: 0.0 ms]
   [Eden: 8192.0K(43.0M)->0.0B(41.0M) Survivors: 0.0B->1024.0K Heap: 146.9M(210.0M)->139.2M(210.0M)]
 [Times: user=0.01 sys=0.00, real=0.00 secs] 
15.480: 15.480: [GC concurrent-root-region-scan-start]
Total time for which application threads were stopped: 0.0017680 seconds, Stopping threads took: 0.0000820 seconds
15.480: Application time: 0.0000590 seconds
15.480: [GC pause (young)15.480: [GC concurrent-root-region-scan-end, 0.0001910 secs]
15.480: [GC concurrent-mark-start]
, 0.0009810 secs]
   [Root Region Scan Waiting: 0.1 ms]
   [Parallel Time: 0.7 ms, GC Workers: 8]
      [GC Worker Start (ms): Min: 15479.8, Avg: 15480.1, Max: 15480.5, Diff: 0.7]
      [Ext Root Scanning (ms): Min: 0.0, Avg: 0.2, Max: 0.5, Diff: 0.5, Sum: 1.8]
      [SATB Filtering (ms): Min: 0.0, Avg: 0.0, Max: 0.0, Diff: 0.0, Sum: 0.0]
      [Update RS (ms): Min: 0.0, Avg: 0.0, Max: 0.0, Diff: 0.0, Sum: 0.1]
         [Processed Buffers: Min: 0, Avg: 0.8, Max: 4, Diff: 4, Sum: 6]
      [Scan RS (ms): Min: 0.0, Avg: 0.0, Max: 0.0, Diff: 0.0, Sum: 0.0]
      [Code Root Scanning (ms): Min: 0.0, Avg: 0.0, Max: 0.0, Diff: 0.0, Sum: 0.0]
      [Object Copy (ms): Min: 0.0, Avg: 0.1, Max: 0.1, Diff: 0.1, Sum: 0.5]
      [Termination (ms): Min: 0.0, Avg: 0.1, Max: 0.1, Diff: 0.1, Sum: 0.5]
      [GC Worker Other (ms): Min: -0.0, Avg: 0.0, Max: 0.0, Diff: 0.0, Sum: 0.0]
      [GC Worker Total (ms): Min: 0.0, Avg: 0.4, Max: 0.7, Diff: 0.7, Sum: 2.9]
      [GC Worker End (ms): Min: 15480.5, Avg: 15480.5, Max: 15480.5, Diff: 0.0]
   [Code Root Fixup: 0.0 ms]
   [Code Root Migration: 0.0 ms]
   [Clear CT: 0.0 ms]
   [Other: 0.2 ms]
      [Choose CSet: 0.0 ms]
      [Ref Proc: 0.1 ms]
      [Ref Enq: 0.0 ms]
      [Free CSet: 0.0 ms]
   [Eden: 1024.0K(41.0M)->0.0B(41.0M) Survivors: 1024.0K->1024.0K Heap: 139.3M(210.0M)->139.2M(210.0M)]
 [Times: user=0.00 sys=0.01, real=0.00 secs] 
15.481: Total time for which application threads were stopped: 0.0011290 seconds, Stopping threads took: 0.0000330 seconds
15.481: Application time: 0.0000350 seconds
15.481: [Full GC 139M->139M(210M), 0.0077470 secs]
   [Eden: 0.0B(41.0M)->0.0B(42.0M) Survivors: 1024.0K->0.0B Heap: 139.2M(210.0M)->139.2M(210.0M)], [Perm: 5836K->5836K(20480K)]
 [Times: user=0.01 sys=0.00, real=0.01 secs] 
15.489: [Full GC 139M->139M(210M), 0.0071820 secs]
   [Eden: 0.0B(42.0M)->0.0B(42.0M) Survivors: 0.0B->0.0B Heap: 139.2M(210.0M)->139.1M(210.0M)], [Perm: 5836K->5836K(20480K)]
 [Times: user=0.01 sys=0.00, real=0.01 secs] 
15.496: Total time for which application threads were stopped: 0.0150700 seconds, Stopping threads took: 0.0000090 seconds
15.496: [GC concurrent-mark-abort]
15.496: Application time: 0.0001040 seconds
15.496: Total time for which application threads were stopped: 0.0000650 seconds, Stopping threads took: 0.0000300 seconds
15.499: Application time: 0.0029270 seconds
15.499: [GC pause (young) (initial-mark), 0.0022570 secs]
   [Parallel Time: 1.3 ms, GC Workers: 8]
      [GC Worker Start (ms): Min: 15499.1, Avg: 15499.5, Max: 15500.4, Diff: 1.2]
      [Ext Root Scanning (ms): Min: 0.0, Avg: 0.6, Max: 0.8, Diff: 0.8, Sum: 4.4]
      [Code Root Marking (ms): Min: 0.0, Avg: 0.0, Max: 0.1, Diff: 0.1, Sum: 0.1]
      [Update RS (ms): Min: 0.0, Avg: 0.0, Max: 0.0, Diff: 0.0, Sum: 0.1]
         [Processed Buffers: Min: 0, Avg: 1.1, Max: 3, Diff: 3, Sum: 9]
      [Scan RS (ms): Min: 0.0, Avg: 0.0, Max: 0.0, Diff: 0.0, Sum: 0.0]
      [Code Root Scanning (ms): Min: 0.0, Avg: 0.0, Max: 0.0, Diff: 0.0, Sum: 0.0]
      [Object Copy (ms): Min: 0.0, Avg: 0.2, Max: 0.3, Diff: 0.3, Sum: 1.4]
      [Termination (ms): Min: 0.0, Avg: 0.2, Max: 0.2, Diff: 0.2, Sum: 1.3]
      [GC Worker Other (ms): Min: 0.0, Avg: 0.0, Max: 0.0, Diff: 0.0, Sum: 0.0]
      [GC Worker Total (ms): Min: 0.0, Avg: 0.9, Max: 1.2, Diff: 1.2, Sum: 7.4]
      [GC Worker End (ms): Min: 15500.4, Avg: 15500.4, Max: 15500.4, Diff: 0.0]
   [Code Root Fixup: 0.0 ms]
   [Code Root Migration: 0.0 ms]
   [Clear CT: 0.0 ms]
   [Other: 0.9 ms]
      [Choose CSet: 0.0 ms]
      [Ref Proc: 0.8 ms]
      [Ref Enq: 0.0 ms]
      [Free CSet: 0.0 ms]
   [Eden: 1024.0K(42.0M)->0.0B(41.0M) Survivors: 0.0B->1024.0K Heap: 139.7M(210.0M)->139.2M(210.0M)]
 [Times: user=0.01 sys=0.01, real=0.00 secs] 
15.501: [GC concurrent-root-region-scan-start]
15.501: Total time for which application threads were stopped: 0.0024350 seconds, Stopping threads took: 0.0000680 seconds
15.501: Application time: 0.0000250 seconds
15.501: [GC pause (young)15.502: [GC concurrent-root-region-scan-end, 0.0001040 secs]
15.502: [GC concurrent-mark-start]
, 0.0008590 secs]
   [Root Region Scan Waiting: 0.0 ms]
   [Parallel Time: 0.6 ms, GC Workers: 8]
      [GC Worker Start (ms): Min: 15501.5, Avg: 15501.6, Max: 15501.7, Diff: 0.2]
      [Ext Root Scanning (ms): Min: 0.2, Avg: 0.3, Max: 0.5, Diff: 0.3, Sum: 2.7]
      [SATB Filtering (ms): Min: 0.0, Avg: 0.0, Max: 0.0, Diff: 0.0, Sum: 0.0]
      [Update RS (ms): Min: 0.0, Avg: 0.0, Max: 0.0, Diff: 0.0, Sum: 0.1]
         [Processed Buffers: Min: 0, Avg: 0.9, Max: 3, Diff: 3, Sum: 7]
      [Scan RS (ms): Min: 0.0, Avg: 0.0, Max: 0.0, Diff: 0.0, Sum: 0.0]
      [Code Root Scanning (ms): Min: 0.0, Avg: 0.0, Max: 0.0, Diff: 0.0, Sum: 0.0]
      [Object Copy (ms): Min: 0.0, Avg: 0.1, Max: 0.1, Diff: 0.1, Sum: 0.4]
      [Termination (ms): Min: 0.0, Avg: 0.1, Max: 0.2, Diff: 0.2, Sum: 1.1]
      [GC Worker Other (ms): Min: 0.0, Avg: 0.0, Max: 0.0, Diff: 0.0, Sum: 0.0]
      [GC Worker Total (ms): Min: 0.4, Avg: 0.5, Max: 0.6, Diff: 0.2, Sum: 4.3]
      [GC Worker End (ms): Min: 15502.1, Avg: 15502.1, Max: 15502.1, Diff: 0.0]
   [Code Root Fixup: 0.0 ms]
   [Code Root Migration: 0.0 ms]
   [Clear CT: 0.0 ms]
   [Other: 0.2 ms]
      [Choose CSet: 0.0 ms]
      [Ref Proc: 0.2 ms]
      [Ref Enq: 0.0 ms]
      [Free CSet: 0.0 ms]
   [Eden: 0.0B(41.0M)->0.0B(41.0M) Survivors: 1024.0K->1024.0K Heap: 139.2M(210.0M)->139.2M(210.0M)]
 [Times: user=0.01 sys=0.00, real=0.01 secs] 
15.502: Total time for which application threads were stopped: 0.0009470 seconds, Stopping threads took: 0.0000100 seconds
15.502: Application time: 0.0000310 seconds
15.502: [Full GC 139M->139M(210M), 0.0074880 secs]
   [Eden: 1024.0K(41.0M)->0.0B(42.0M) Survivors: 1024.0K->0.0B Heap: 139.3M(210.0M)->139.2M(210.0M)], [Perm: 5848K->5848K(20480K)]
 [Times: user=0.02 sys=0.00, real=0.01 secs] 
15.510: [Full GC 139M->139M(210M), 0.0073200 secs]
   [Eden: 0.0B(42.0M)->0.0B(42.0M) Survivors: 0.0B->0.0B Heap: 139.2M(210.0M)->139.1M(210.0M)], [Perm: 5848K->5799K(20480K)]
 [Times: user=0.01 sys=0.00, real=0.00 secs] 
15.517: Total time for which application threads were stopped: 0.0149660 seconds, Stopping threads took: 0.0000310 seconds
15.517: [GC concurrent-mark-abort]
15.517: Application time: 0.0000790 seconds
15.518: Total time for which application threads were stopped: 0.0000780 seconds, Stopping threads took: 0.0000460 seconds
15.518: Application time: 0.0001690 seconds
15.518: [GC pause (young), 0.0008850 secs]
   [Parallel Time: 0.7 ms, GC Workers: 8]
      [GC Worker Start (ms): Min: 15517.8, Avg: 15517.9, Max: 15517.9, Diff: 0.0]
      [Ext Root Scanning (ms): Min: 0.5, Avg: 0.6, Max: 0.6, Diff: 0.1, Sum: 4.6]
      [Update RS (ms): Min: 0.0, Avg: 0.0, Max: 0.0, Diff: 0.0, Sum: 0.0]
         [Processed Buffers: Min: 0, Avg: 1.0, Max: 5, Diff: 5, Sum: 8]
      [Scan RS (ms): Min: 0.0, Avg: 0.0, Max: 0.0, Diff: 0.0, Sum: 0.0]
      [Code Root Scanning (ms): Min: 0.0, Avg: 0.0, Max: 0.0, Diff: 0.0, Sum: 0.0]
      [Object Copy (ms): Min: 0.0, Avg: 0.0, Max: 0.1, Diff: 0.0, Sum: 0.3]
      [Termination (ms): Min: 0.0, Avg: 0.0, Max: 0.0, Diff: 0.0, Sum: 0.3]
      [GC Worker Other (ms): Min: 0.0, Avg: 0.0, Max: 0.0, Diff: 0.0, Sum: 0.0]
      [GC Worker Total (ms): Min: 0.6, Avg: 0.7, Max: 0.7, Diff: 0.0, Sum: 5.2]
      [GC Worker End (ms): Min: 15518.5, Avg: 15518.5, Max: 15518.5, Diff: 0.0]
   [Code Root Fixup: 0.0 ms]
   [Code Root Migration: 0.0 ms]
   [Clear CT: 0.1 ms]
   [Other: 0.1 ms]
      [Choose CSet: 0.0 ms]
      [Ref Proc: 0.1 ms]
      [Ref Enq: 0.0 ms]
      [Free CSet: 0.0 ms]
   [Eden: 1024.0K(42.0M)->0.0B(41.0M) Survivors: 0.0B->1024.0K Heap: 139.3M(210.0M)->139.2M(210.0M)]
 [Times: user=0.01 sys=0.00, real=0.00 secs] 
15.519: Total time for which application threads were stopped: 0.0010340 seconds, Stopping threads took: 0.0000650 seconds
15.519: Application time: 0.0000360 seconds
15.519: [Full GC 139M->139M(210M), 0.0077180 secs]
   [Eden: 0.0B(41.0M)->0.0B(42.0M) Survivors: 1024.0K->0.0B Heap: 139.2M(210.0M)->139.1M(210.0M)], [Perm: 5799K->5799K(20480K)]
 [Times: user=0.01 sys=0.00, real=0.01 secs] 
15.527: [Full GC 139M->139M(210M), 0.0081620 secs]
   [Eden: 0.0B(42.0M)->0.0B(42.0M) Survivors: 0.0B->0.0B Heap: 139.1M(210.0M)->139.1M(210.0M)], [Perm: 5799K->5799K(20480K)]
 [Times: user=0.01 sys=0.00, real=0.01 secs] 
15.535: Total time for which application threads were stopped: 0.0160390 seconds, Stopping threads took: 0.0000230 seconds
15.547: Application time: 0.0118440 seconds
15.547: [GC pause (young) (initial-mark), 0.0013460 secs]
   [Parallel Time: 1.1 ms, GC Workers: 8]
      [GC Worker Start (ms): Min: 15546.9, Avg: 15547.1, Max: 15548.0, Diff: 1.1]
      [Ext Root Scanning (ms): Min: 0.0, Avg: 0.6, Max: 0.9, Diff: 0.9, Sum: 5.2]
      [Code Root Marking (ms): Min: 0.0, Avg: 0.0, Max: 0.1, Diff: 0.1, Sum: 0.1]
      [Update RS (ms): Min: 0.0, Avg: 0.0, Max: 0.0, Diff: 0.0, Sum: 0.1]
         [Processed Buffers: Min: 0, Avg: 1.1, Max: 4, Diff: 4, Sum: 9]
      [Scan RS (ms): Min: 0.0, Avg: 0.0, Max: 0.0, Diff: 0.0, Sum: 0.0]
      [Code Root Scanning (ms): Min: 0.0, Avg: 0.0, Max: 0.0, Diff: 0.0, Sum: 0.0]
      [Object Copy (ms): Min: 0.0, Avg: 0.2, Max: 0.4, Diff: 0.4, Sum: 1.6]
      [Termination (ms): Min: 0.0, Avg: 0.1, Max: 0.1, Diff: 0.1, Sum: 0.5]
      [GC Worker Other (ms): Min: 0.0, Avg: 0.0, Max: 0.0, Diff: 0.0, Sum: 0.0]
      [GC Worker Total (ms): Min: 0.0, Avg: 0.9, Max: 1.1, Diff: 1.1, Sum: 7.5]
      [GC Worker End (ms): Min: 15548.0, Avg: 15548.0, Max: 15548.0, Diff: 0.0]
   [Code Root Fixup: 0.0 ms]
   [Code Root Migration: 0.0 ms]
   [Clear CT: 0.0 ms]
   [Other: 0.1 ms]
      [Choose CSet: 0.0 ms]
      [Ref Proc: 0.1 ms]
      [Ref Enq: 0.0 ms]
      [Free CSet: 0.0 ms]
   [Eden: 4096.0K(42.0M)->0.0B(41.0M) Survivors: 0.0B->1024.0K Heap: 143.1M(210.0M)->139.2M(210.0M)]
 [Times: user=0.01 sys=0.00, real=0.00 secs] 
15.548: [GC concurrent-root-region-scan-start]
15.548: Total time for which application threads were stopped: 0.0015990 seconds, Stopping threads took: 0.0001400 seconds
15.548: Application time: 0.0000280 seconds
15.548: [GC pause (young)15.548: [GC concurrent-root-region-scan-end, 0.0000760 secs]
15.548: [GC concurrent-mark-start]
, 0.0009710 secs]
   [Parallel Time: 0.5 ms, GC Workers: 8]
      [GC Worker Start (ms): Min: 15548.4, Avg: 15548.4, Max: 15548.8, Diff: 0.5]
      [Ext Root Scanning (ms): Min: 0.0, Avg: 0.3, Max: 0.4, Diff: 0.4, Sum: 2.3]
      [SATB Filtering (ms): Min: 0.0, Avg: 0.0, Max: 0.0, Diff: 0.0, Sum: 0.0]
      [Update RS (ms): Min: 0.0, Avg: 0.0, Max: 0.0, Diff: 0.0, Sum: 0.0]
         [Processed Buffers: Min: 0, Avg: 0.5, Max: 3, Diff: 3, Sum: 4]
      [Scan RS (ms): Min: 0.0, Avg: 0.0, Max: 0.0, Diff: 0.0, Sum: 0.0]
      [Code Root Scanning (ms): Min: 0.0, Avg: 0.0, Max: 0.0, Diff: 0.0, Sum: 0.0]
      [Object Copy (ms): Min: 0.0, Avg: 0.0, Max: 0.1, Diff: 0.1, Sum: 0.3]
      [Termination (ms): Min: 0.0, Avg: 0.1, Max: 0.1, Diff: 0.1, Sum: 0.5]
      [GC Worker Other (ms): Min: 0.0, Avg: 0.0, Max: 0.0, Diff: 0.0, Sum: 0.0]
      [GC Worker Total (ms): Min: 0.0, Avg: 0.4, Max: 0.5, Diff: 0.5, Sum: 3.1]
      [GC Worker End (ms): Min: 15548.8, Avg: 15548.8, Max: 15548.8, Diff: 0.0]
   [Code Root Fixup: 0.0 ms]
   [Code Root Migration: 0.0 ms]
   [Clear CT: 0.1 ms]
   [Other: 0.4 ms]
      [Choose CSet: 0.0 ms]
      [Ref Proc: 0.4 ms]
      [Ref Enq: 0.0 ms]
      [Free CSet: 0.0 ms]
   [Eden: 0.0B(41.0M)->0.0B(41.0M) Survivors: 1024.0K->1024.0K Heap: 139.2M(210.0M)->139.2M(210.0M)]
 [Times: user=0.01 sys=0.00, real=0.00 secs] 
15.549: Total time for which application threads were stopped: 0.0010510 seconds, Stopping threads took: 0.0000110 seconds
15.549: Application time: 0.0000400 seconds
15.549: [Full GC 139M->139M(210M), 0.0078340 secs]
   [Eden: 1024.0K(41.0M)->0.0B(42.0M) Survivors: 1024.0K->0.0B Heap: 139.2M(210.0M)->139.2M(210.0M)], [Perm: 5823K->5823K(20480K)]
 [Times: user=0.02 sys=0.00, real=0.01 secs] 
15.557: [Full GC 139M->139M(210M), 0.0070380 secs]
   [Eden: 0.0B(42.0M)->0.0B(42.0M) Survivors: 0.0B->0.0B Heap: 139.2M(210.0M)->139.2M(210.0M)], [Perm: 5823K->5802K(20480K)]
 [Times: user=0.01 sys=0.00, real=0.01 secs] 
15.564: Total time for which application threads were stopped: 0.0150130 seconds, Stopping threads took: 0.0000170 seconds
15.564: [GC concurrent-mark-abort]
15.565: Application time: 0.0010000 seconds
15.566: Total time for which application threads were stopped: 0.0001280 seconds, Stopping threads took: 0.0000860 seconds
15.566: Application time: 0.0001200 seconds
15.566: [GC pause (young), 0.0009920 secs]
   [Parallel Time: 0.8 ms, GC Workers: 8]
      [GC Worker Start (ms): Min: 15565.8, Avg: 15565.8, Max: 15565.8, Diff: 0.1]
      [Ext Root Scanning (ms): Min: 0.6, Avg: 0.7, Max: 0.7, Diff: 0.1, Sum: 5.3]
      [Update RS (ms): Min: 0.0, Avg: 0.0, Max: 0.1, Diff: 0.1, Sum: 0.1]
         [Processed Buffers: Min: 0, Avg: 0.9, Max: 3, Diff: 3, Sum: 7]
      [Scan RS (ms): Min: 0.0, Avg: 0.0, Max: 0.0, Diff: 0.0, Sum: 0.0]
      [Code Root Scanning (ms): Min: 0.0, Avg: 0.0, Max: 0.0, Diff: 0.0, Sum: 0.0]
      [Object Copy (ms): Min: 0.0, Avg: 0.0, Max: 0.1, Diff: 0.1, Sum: 0.4]
      [Termination (ms): Min: 0.0, Avg: 0.0, Max: 0.0, Diff: 0.0, Sum: 0.3]
      [GC Worker Other (ms): Min: 0.0, Avg: 0.0, Max: 0.0, Diff: 0.0, Sum: 0.0]
      [GC Worker Total (ms): Min: 0.7, Avg: 0.7, Max: 0.8, Diff: 0.1, Sum: 6.0]
      [GC Worker End (ms): Min: 15566.6, Avg: 15566.6, Max: 15566.6, Diff: 0.0]
   [Code Root Fixup: 0.0 ms]
   [Code Root Migration: 0.0 ms]
   [Clear CT: 0.0 ms]
   [Other: 0.2 ms]
      [Choose CSet: 0.0 ms]
      [Ref Proc: 0.1 ms]
      [Ref Enq: 0.0 ms]
      [Free CSet: 0.0 ms]
   [Eden: 1024.0K(42.0M)->0.0B(41.0M) Survivors: 0.0B->1024.0K Heap: 139.6M(210.0M)->139.2M(210.0M)]
 [Times: user=0.01 sys=0.00, real=0.00 secs] 
15.567: Total time for which application threads were stopped: 0.0011490 seconds, Stopping threads took: 0.0000670 seconds
15.567: Application time: 0.0000270 seconds
15.567: [Full GC 139M->139M(210M), 0.0070520 secs]
   [Eden: 0.0B(41.0M)->0.0B(42.0M) Survivors: 1024.0K->0.0B Heap: 139.2M(210.0M)->139.2M(210.0M)], [Perm: 5808K->5808K(20480K)]
 [Times: user=0.01 sys=0.00, real=0.01 secs] 
15.574: [Full GC 139M->139M(210M), 0.0069750 secs]
   [Eden: 0.0B(42.0M)->0.0B(42.0M) Survivors: 0.0B->0.0B Heap: 139.2M(210.0M)->139.1M(210.0M)], [Perm: 5808K->5808K(20480K)]
 [Times: user=0.01 sys=0.00, real=0.00 secs] 
15.581: Total time for which application threads were stopped: 0.0141590 seconds, Stopping threads took: 0.0000090 seconds
15.597: Application time: 0.0161600 seconds
15.597: [GC pause (young) (initial-mark), 0.0015280 secs]
   [Parallel Time: 1.1 ms, GC Workers: 8]
      [GC Worker Start (ms): Min: 15597.3, Avg: 15597.4, Max: 15597.4, Diff: 0.1]
      [Ext Root Scanning (ms): Min: 0.6, Avg: 0.8, Max: 0.9, Diff: 0.3, Sum: 6.3]
      [Code Root Marking (ms): Min: 0.0, Avg: 0.0, Max: 0.1, Diff: 0.1, Sum: 0.1]
      [Update RS (ms): Min: 0.0, Avg: 0.0, Max: 0.1, Diff: 0.1, Sum: 0.1]
         [Processed Buffers: Min: 0, Avg: 1.1, Max: 3, Diff: 3, Sum: 9]
      [Scan RS (ms): Min: 0.0, Avg: 0.0, Max: 0.0, Diff: 0.0, Sum: 0.0]
      [Code Root Scanning (ms): Min: 0.0, Avg: 0.0, Max: 0.0, Diff: 0.0, Sum: 0.0]
      [Object Copy (ms): Min: 0.2, Avg: 0.2, Max: 0.4, Diff: 0.2, Sum: 1.9]
      [Termination (ms): Min: 0.0, Avg: 0.0, Max: 0.0, Diff: 0.0, Sum: 0.0]
      [GC Worker Other (ms): Min: 0.0, Avg: 0.0, Max: 0.0, Diff: 0.0, Sum: 0.0]
      [GC Worker Total (ms): Min: 1.0, Avg: 1.1, Max: 1.1, Diff: 0.1, Sum: 8.6]
      [GC Worker End (ms): Min: 15598.5, Avg: 15598.5, Max: 15598.5, Diff: 0.0]
   [Code Root Fixup: 0.0 ms]
   [Code Root Migration: 0.0 ms]
   [Clear CT: 0.1 ms]
   [Other: 0.3 ms]
      [Choose CSet: 0.0 ms]
      [Ref Proc: 0.2 ms]
      [Ref Enq: 0.0 ms]
      [Free CSet: 0.0 ms]
   [Eden: 9216.0K(42.0M)->0.0B(41.0M) Survivors: 0.0B->1024.0K Heap: 148.0M(210.0M)->139.3M(210.0M)]
 [Times: user=0.01 sys=0.00, real=0.00 secs] 
15.59915.599: : [GC concurrent-root-region-scan-start]
Total time for which application threads were stopped: 0.0017410 seconds, Stopping threads took: 0.0000770 seconds
15.599: Application time: 0.0000350 seconds
15.599: [GC pause (young)15.599: [GC concurrent-root-region-scan-end, 0.0001580 secs]
15.599: [GC concurrent-mark-start]
, 0.0006420 secs]
   [Root Region Scan Waiting: 0.1 ms]
   [Parallel Time: 0.5 ms, GC Workers: 8]
      [GC Worker Start (ms): Min: 15599.1, Avg: 15599.1, Max: 15599.1, Diff: 0.0]
      [Ext Root Scanning (ms): Min: 0.3, Avg: 0.3, Max: 0.3, Diff: 0.1, Sum: 2.3]
      [SATB Filtering (ms): Min: 0.0, Avg: 0.0, Max: 0.0, Diff: 0.0, Sum: 0.0]
      [Update RS (ms): Min: 0.0, Avg: 0.0, Max: 0.0, Diff: 0.0, Sum: 0.1]
         [Processed Buffers: Min: 0, Avg: 1.2, Max: 4, Diff: 4, Sum: 10]
      [Scan RS (ms): Min: 0.0, Avg: 0.0, Max: 0.0, Diff: 0.0, Sum: 0.0]
      [Code Root Scanning (ms): Min: 0.0, Avg: 0.0, Max: 0.0, Diff: 0.0, Sum: 0.0]
      [Object Copy (ms): Min: 0.1, Avg: 0.1, Max: 0.1, Diff: 0.0, Sum: 0.8]
      [Termination (ms): Min: 0.0, Avg: 0.0, Max: 0.0, Diff: 0.0, Sum: 0.0]
      [GC Worker Other (ms): Min: 0.0, Avg: 0.0, Max: 0.0, Diff: 0.0, Sum: 0.1]
      [GC Worker Total (ms): Min: 0.4, Avg: 0.4, Max: 0.4, Diff: 0.0, Sum: 3.3]
      [GC Worker End (ms): Min: 15599.5, Avg: 15599.5, Max: 15599.5, Diff: 0.0]
   [Code Root Fixup: 0.0 ms]
   [Code Root Migration: 0.0 ms]
   [Clear CT: 0.0 ms]
   [Other: 0.1 ms]
      [Choose CSet: 0.0 ms]
      [Ref Proc: 0.1 ms]
      [Ref Enq: 0.0 ms]
      [Free CSet: 0.0 ms]
   [Eden: 1024.0K(41.0M)->0.0B(41.0M) Survivors: 1024.0K->1024.0K Heap: 139.4M(210.0M)->139.4M(210.0M)]
 [Times: user=0.00 sys=0.00, real=0.00 secs] 
15.600: Total time for which application threads were stopped: 0.0007580 seconds, Stopping threads took: 0.0000390 seconds
15.600: Application time: 0.0000260 seconds
15.600: [Full GC 139M->139M(210M), 0.0074220 secs]
   [Eden: 0.0B(41.0M)->0.0B(41.0M) Survivors: 1024.0K->0.0B Heap: 139.4M(210.0M)->139.3M(210.0M)], [Perm: 5911K->5911K(20480K)]
 [Times: user=0.01 sys=0.00, real=0.01 secs] 
15.607: [Full GC 139M->139M(210M), 0.0071210 secs]
   [Eden: 0.0B(41.0M)->0.0B(42.0M) Survivors: 0.0B->0.0B Heap: 139.3M(210.0M)->139.2M(210.0M)], [Perm: 5911K->5811K(20480K)]
 [Times: user=0.01 sys=0.00, real=0.01 secs] 
15.614: Total time for which application threads were stopped: 0.0146740 seconds, Stopping threads took: 0.0000120 seconds
15.614: [GC concurrent-mark-abort]
15.618: Application time: 0.0033030 seconds
15.618: Total time for which application threads were stopped: 0.0002160 seconds, Stopping threads took: 0.0001550 seconds
15.618: Application time: 0.0003590 seconds
15.618: [GC pause (young), 0.0013330 secs]
   [Parallel Time: 1.1 ms, GC Workers: 8]
      [GC Worker Start (ms): Min: 15618.4, Avg: 15618.5, Max: 15618.5, Diff: 0.1]
      [Ext Root Scanning (ms): Min: 0.8, Avg: 0.8, Max: 0.9, Diff: 0.1, Sum: 6.8]
      [Update RS (ms): Min: 0.0, Avg: 0.0, Max: 0.1, Diff: 0.1, Sum: 0.1]
         [Processed Buffers: Min: 0, Avg: 1.0, Max: 5, Diff: 5, Sum: 8]
      [Scan RS (ms): Min: 0.0, Avg: 0.0, Max: 0.0, Diff: 0.0, Sum: 0.0]
      [Code Root Scanning (ms): Min: 0.0, Avg: 0.0, Max: 0.0, Diff: 0.0, Sum: 0.0]
      [Object Copy (ms): Min: 0.0, Avg: 0.1, Max: 0.1, Diff: 0.1, Sum: 0.4]
      [Termination (ms): Min: 0.0, Avg: 0.0, Max: 0.0, Diff: 0.0, Sum: 0.3]
      [GC Worker Other (ms): Min: 0.0, Avg: 0.0, Max: 0.0, Diff: 0.0, Sum: 0.0]
      [GC Worker Total (ms): Min: 0.9, Avg: 0.9, Max: 1.0, Diff: 0.1, Sum: 7.6]
      [GC Worker End (ms): Min: 15619.4, Avg: 15619.4, Max: 15619.4, Diff: 0.0]
   [Code Root Fixup: 0.0 ms]
   [Code Root Migration: 0.0 ms]
   [Clear CT: 0.1 ms]
   [Other: 0.1 ms]
      [Choose CSet: 0.0 ms]
      [Ref Proc: 0.1 ms]
      [Ref Enq: 0.0 ms]
      [Free CSet: 0.0 ms]
   [Eden: 4096.0K(42.0M)->0.0B(41.0M) Survivors: 0.0B->1024.0K Heap: 143.0M(210.0M)->139.3M(210.0M)]
 [Times: user=0.00 sys=0.00, real=0.00 secs] 
15.620: Total time for which application threads were stopped: 0.0015030 seconds, Stopping threads took: 0.0000690 seconds
15.620: Application time: 0.0000310 seconds
15.620: [Full GC 139M->139M(210M), 0.0076480 secs]
   [Eden: 1024.0K(41.0M)->0.0B(42.0M) Survivors: 1024.0K->0.0B Heap: 139.4M(210.0M)->139.2M(210.0M)], [Perm: 5811K->5811K(20480K)]
 [Times: user=0.01 sys=0.00, real=0.01 secs] 
15.628: [Full GC 139M->139M(210M), 0.0075390 secs]
   [Eden: 0.0B(42.0M)->0.0B(42.0M) Survivors: 0.0B->0.0B Heap: 139.2M(210.0M)->139.2M(210.0M)], [Perm: 5811K->5811K(20480K)]
 [Times: user=0.01 sys=0.00, real=0.01 secs] 
15.635: Total time for which application threads were stopped: 0.0153460 seconds, Stopping threads took: 0.0000350 seconds
15.641: Application time: 0.0061520 seconds
15.642: [GC pause (young) (initial-mark), 0.0016870 secs]
   [Parallel Time: 1.1 ms, GC Workers: 8]
      [GC Worker Start (ms): Min: 15641.5, Avg: 15641.6, Max: 15641.7, Diff: 0.1]
      [Ext Root Scanning (ms): Min: 0.6, Avg: 0.7, Max: 0.8, Diff: 0.1, Sum: 5.8]
      [Code Root Marking (ms): Min: 0.0, Avg: 0.0, Max: 0.1, Diff: 0.1, Sum: 0.1]
      [Update RS (ms): Min: 0.0, Avg: 0.0, Max: 0.0, Diff: 0.0, Sum: 0.1]
         [Processed Buffers: Min: 0, Avg: 1.1, Max: 3, Diff: 3, Sum: 9]
      [Scan RS (ms): Min: 0.0, Avg: 0.0, Max: 0.0, Diff: 0.0, Sum: 0.0]
      [Code Root Scanning (ms): Min: 0.0, Avg: 0.0, Max: 0.0, Diff: 0.0, Sum: 0.0]
      [Object Copy (ms): Min: 0.2, Avg: 0.2, Max: 0.3, Diff: 0.1, Sum: 1.7]
      [Termination (ms): Min: 0.0, Avg: 0.0, Max: 0.0, Diff: 0.0, Sum: 0.0]
      [GC Worker Other (ms): Min: 0.0, Avg: 0.0, Max: 0.0, Diff: 0.0, Sum: 0.1]
      [GC Worker Total (ms): Min: 1.0, Avg: 1.0, Max: 1.1, Diff: 0.1, Sum: 7.9]
      [GC Worker End (ms): Min: 15642.6, Avg: 15642.6, Max: 15642.6, Diff: 0.0]
   [Code Root Fixup: 0.0 ms]
   [Code Root Migration: 0.0 ms]
   [Clear CT: 0.2 ms]
   [Other: 0.4 ms]
      [Choose CSet: 0.0 ms]
      [Ref Proc: 0.3 ms]
      [Ref Enq: 0.0 ms]
      [Free CSet: 0.0 ms]
   [Eden: 2048.0K(42.0M)->0.0B(41.0M) Survivors: 0.0B->1024.0K Heap: 141.2M(210.0M)->139.3M(210.0M)]
 [Times: user=0.01 sys=0.00, real=0.01 secs] 
15.643: [GC concurrent-root-region-scan-start]
15.643: Total time for which application threads were stopped: 0.0019560 seconds, Stopping threads took: 0.0001270 seconds
15.643: Application time: 0.0000440 seconds
15.643: [GC pause (young)15.643: [GC concurrent-root-region-scan-end, 0.0001700 secs]
15.643: [GC concurrent-mark-start]
, 0.0008500 secs]
   [Root Region Scan Waiting: 0.1 ms]
   [Parallel Time: 0.6 ms, GC Workers: 8]
      [GC Worker Start (ms): Min: 15643.5, Avg: 15643.6, Max: 15644.0, Diff: 0.6]
      [Ext Root Scanning (ms): Min: 0.0, Avg: 0.3, Max: 0.4, Diff: 0.4, Sum: 2.5]
      [SATB Filtering (ms): Min: 0.0, Avg: 0.0, Max: 0.0, Diff: 0.0, Sum: 0.0]
      [Update RS (ms): Min: 0.0, Avg: 0.0, Max: 0.0, Diff: 0.0, Sum: 0.1]
         [Processed Buffers: Min: 0, Avg: 1.4, Max: 6, Diff: 6, Sum: 11]
      [Scan RS (ms): Min: 0.0, Avg: 0.0, Max: 0.0, Diff: 0.0, Sum: 0.0]
      [Code Root Scanning (ms): Min: 0.0, Avg: 0.0, Max: 0.0, Diff: 0.0, Sum: 0.0]
      [Object Copy (ms): Min: 0.0, Avg: 0.1, Max: 0.1, Diff: 0.1, Sum: 0.7]
      [Termination (ms): Min: 0.0, Avg: 0.1, Max: 0.1, Diff: 0.1, Sum: 0.6]
      [GC Worker Other (ms): Min: 0.0, Avg: 0.0, Max: 0.0, Diff: 0.0, Sum: 0.1]
      [GC Worker Total (ms): Min: 0.0, Avg: 0.5, Max: 0.6, Diff: 0.6, Sum: 3.9]
      [GC Worker End (ms): Min: 15644.0, Avg: 15644.0, Max: 15644.1, Diff: 0.0]
   [Code Root Fixup: 0.0 ms]
   [Code Root Migration: 0.0 ms]
   [Clear CT: 0.1 ms]
   [Other: 0.1 ms]
      [Choose CSet: 0.0 ms]
      [Ref Proc: 0.1 ms]
      [Ref Enq: 0.0 ms]
      [Free CSet: 0.0 ms]
   [Eden: 1024.0K(41.0M)->0.0B(41.0M) Survivors: 1024.0K->1024.0K Heap: 139.4M(210.0M)->139.4M(210.0M)]
 [Times: user=0.00 sys=0.00, real=0.00 secs] 
15.644: Total time for which application threads were stopped: 0.0009740 seconds, Stopping threads took: 0.0000400 seconds
15.644: Application time: 0.0000520 seconds
15.644: [Full GC 139M->139M(210M), 0.0078910 secs]
   [Eden: 0.0B(41.0M)->0.0B(41.0M) Survivors: 1024.0K->0.0B Heap: 139.4M(210.0M)->139.3M(210.0M)], [Perm: 5916K->5916K(20480K)]
 [Times: user=0.01 sys=0.00, real=0.01 secs] 
15.652: [Full GC 139M->139M(210M), 0.0076700 secs]
   [Eden: 0.0B(41.0M)->0.0B(42.0M) Survivors: 0.0B->0.0B Heap: 139.3M(210.0M)->139.2M(210.0M)], [Perm: 5916K->5766K(20480K)]
 [Times: user=0.02 sys=0.00, real=0.00 secs] 
15.660: Total time for which application threads were stopped: 0.0156960 seconds, Stopping threads took: 0.0000050 seconds
15.66015.660: : [GC concurrent-mark-abort]
Application time: 0.0000640 seconds
15.660: Total time for which application threads were stopped: 0.0001340 seconds, Stopping threads took: 0.0000860 seconds
15.660: Application time: 0.0002050 seconds
15.661: [GC pause (young), 0.0008120 secs]
   [Parallel Time: 0.6 ms, GC Workers: 8]
      [GC Worker Start (ms): Min: 15660.8, Avg: 15660.8, Max: 15660.8, Diff: 0.1]
      [Ext Root Scanning (ms): Min: 0.5, Avg: 0.5, Max: 0.6, Diff: 0.1, Sum: 4.3]
      [Update RS (ms): Min: 0.0, Avg: 0.0, Max: 0.0, Diff: 0.0, Sum: 0.0]
         [Processed Buffers: Min: 0, Avg: 0.9, Max: 4, Diff: 4, Sum: 7]
      [Scan RS (ms): Min: 0.0, Avg: 0.0, Max: 0.0, Diff: 0.0, Sum: 0.0]
      [Code Root Scanning (ms): Min: 0.0, Avg: 0.0, Max: 0.0, Diff: 0.0, Sum: 0.0]
      [Object Copy (ms): Min: 0.0, Avg: 0.0, Max: 0.1, Diff: 0.0, Sum: 0.3]
      [Termination (ms): Min: 0.0, Avg: 0.0, Max: 0.0, Diff: 0.0, Sum: 0.1]
      [GC Worker Other (ms): Min: 0.0, Avg: 0.0, Max: 0.0, Diff: 0.0, Sum: 0.0]
      [GC Worker Total (ms): Min: 0.6, Avg: 0.6, Max: 0.6, Diff: 0.1, Sum: 4.7]
      [GC Worker End (ms): Min: 15661.4, Avg: 15661.4, Max: 15661.4, Diff: 0.0]
   [Code Root Fixup: 0.0 ms]
   [Code Root Migration: 0.0 ms]
   [Clear CT: 0.0 ms]
   [Other: 0.1 ms]
      [Choose CSet: 0.0 ms]
      [Ref Proc: 0.1 ms]
      [Ref Enq: 0.0 ms]
      [Free CSet: 0.0 ms]
   [Eden: 1024.0K(42.0M)->0.0B(41.0M) Survivors: 0.0B->1024.0K Heap: 139.4M(210.0M)->139.3M(210.0M)]
 [Times: user=0.00 sys=0.00, real=0.00 secs] 
15.662: Total time for which application threads were stopped: 0.0011430 seconds, Stopping threads took: 0.0002240 seconds
15.662: Application time: 0.0000300 seconds
15.662: [Full GC 139M->139M(210M), 0.0073130 secs]
   [Eden: 0.0B(41.0M)->0.0B(42.0M) Survivors: 1024.0K->0.0B Heap: 139.3M(210.0M)->139.2M(210.0M)], [Perm: 5766K->5766K(20480K)]
 [Times: user=0.01 sys=0.00, real=0.01 secs] 
15.669: [Full GC 139M->139M(210M), 0.0081900 secs]
   [Eden: 0.0B(42.0M)->0.0B(42.0M) Survivors: 0.0B->0.0B Heap: 139.2M(210.0M)->139.2M(210.0M)], [Perm: 5766K->5766K(20480K)]
 [Times: user=0.01 sys=0.00, real=0.01 secs] 
15.677: Total time for which application threads were stopped: 0.0156410 seconds, Stopping threads took: 0.0000080 seconds
15.729: Application time: 0.0513730 seconds
15.729: [GC pause (young), 0.0022610 secs]
   [Parallel Time: 1.3 ms, GC Workers: 8]
      [GC Worker Start (ms): Min: 15729.0, Avg: 15729.0, Max: 15729.1, Diff: 0.1]
      [Ext Root Scanning (ms): Min: 0.8, Avg: 0.9, Max: 1.0, Diff: 0.2, Sum: 7.0]
      [Update RS (ms): Min: 0.0, Avg: 0.0, Max: 0.1, Diff: 0.1, Sum: 0.2]
         [Processed Buffers: Min: 0, Avg: 1.0, Max: 3, Diff: 3, Sum: 8]
      [Scan RS (ms): Min: 0.0, Avg: 0.0, Max: 0.0, Diff: 0.0, Sum: 0.1]
      [Code Root Scanning (ms): Min: 0.0, Avg: 0.0, Max: 0.0, Diff: 0.0, Sum: 0.0]
      [Object Copy (ms): Min: 0.0, Avg: 0.1, Max: 0.2, Diff: 0.1, Sum: 1.0]
      [Termination (ms): Min: 0.0, Avg: 0.0, Max: 0.0, Diff: 0.0, Sum: 0.1]
      [GC Worker Other (ms): Min: 0.0, Avg: 0.0, Max: 0.0, Diff: 0.0, Sum: 0.1]
      [GC Worker Total (ms): Min: 1.0, Avg: 1.1, Max: 1.1, Diff: 0.1, Sum: 8.4]
      [GC Worker End (ms): Min: 15730.1, Avg: 15730.1, Max: 15730.1, Diff: 0.0]
   [Code Root Fixup: 0.0 ms]
   [Code Root Migration: 0.0 ms]
   [Clear CT: 0.5 ms]
   [Other: 0.5 ms]
      [Choose CSet: 0.0 ms]
      [Ref Proc: 0.4 ms]
      [Ref Enq: 0.0 ms]
      [Free CSet: 0.0 ms]
   [Eden: 42.0M(42.0M)->0.0B(42.0M) Survivors: 0.0B->1024.0K Heap: 181.2M(210.0M)->139.4M(210.0M)]
 [Times: user=0.01 sys=0.00, real=0.01 secs] 
15.731: Total time for which application threads were stopped: 0.0025980 seconds, Stopping threads took: 0.0002110 seconds
15.779: Application time: 0.0472860 seconds
15.779: [GC pause (young) (initial-mark), 0.0011610 secs]
   [Parallel Time: 0.9 ms, GC Workers: 8]
      [GC Worker Start (ms): Min: 15778.7, Avg: 15778.8, Max: 15779.6, Diff: 0.9]
      [Ext Root Scanning (ms): Min: 0.0, Avg: 0.5, Max: 0.6, Diff: 0.6, Sum: 3.7]
      [Code Root Marking (ms): Min: 0.0, Avg: 0.0, Max: 0.0, Diff: 0.0, Sum: 0.1]
      [Update RS (ms): Min: 0.0, Avg: 0.0, Max: 0.0, Diff: 0.0, Sum: 0.1]
         [Processed Buffers: Min: 0, Avg: 1.8, Max: 7, Diff: 7, Sum: 14]
      [Scan RS (ms): Min: 0.0, Avg: 0.0, Max: 0.0, Diff: 0.0, Sum: 0.1]
      [Code Root Scanning (ms): Min: 0.0, Avg: 0.0, Max: 0.0, Diff: 0.0, Sum: 0.0]
      [Object Copy (ms): Min: 0.0, Avg: 0.2, Max: 0.3, Diff: 0.3, Sum: 1.5]
      [Termination (ms): Min: 0.0, Avg: 0.1, Max: 0.1, Diff: 0.1, Sum: 0.6]
      [GC Worker Other (ms): Min: 0.0, Avg: 0.0, Max: 0.0, Diff: 0.0, Sum: 0.0]
      [GC Worker Total (ms): Min: 0.0, Avg: 0.7, Max: 0.9, Diff: 0.9, Sum: 6.0]
      [GC Worker End (ms): Min: 15779.6, Avg: 15779.6, Max: 15779.6, Diff: 0.0]
   [Code Root Fixup: 0.0 ms]
   [Code Root Migration: 0.0 ms]
   [Clear CT: 0.1 ms]
   [Other: 0.2 ms]
      [Choose CSet: 0.0 ms]
      [Ref Proc: 0.1 ms]
      [Ref Enq: 0.0 ms]
      [Free CSet: 0.0 ms]
   [Eden: 42.0M(42.0M)->0.0B(42.0M) Survivors: 1024.0K->1024.0K Heap: 181.4M(210.0M)->139.4M(210.0M)]
 [Times: user=0.01 sys=0.00, real=0.00 secs] 
15.780: [GC concurrent-root-region-scan-start]
15.780: Total time for which application threads were stopped: 0.0013620 seconds, Stopping threads took: 0.0000860 seconds
15.780: [GC concurrent-root-region-scan-end, 0.0001770 secs]
15.780: [GC concurrent-mark-start]
15.783: [GC concurrent-mark-end, 0.0032150 secs]
15.783: Application time: 0.0034120 seconds
15.783: [GC remark 15.784: [GC ref-proc, 0.0001090 secs], 0.0007020 secs]
 [Times: user=0.01 sys=0.00, real=0.00 secs] 
15.784: Total time for which application threads were stopped: 0.0008090 seconds, Stopping threads took: 0.0000510 seconds
15.784: Application time: 0.0000200 seconds
15.784: [GC cleanup 141M->141M(210M), 0.0001970 secs]
 [Times: user=0.00 sys=0.00, real=0.00 secs] 
15.784: Total time for which application threads were stopped: 0.0002440 seconds, Stopping threads took: 0.0000280 seconds
15.811: Application time: 0.0266640 seconds
15.811: [GC pause (young), 0.0009600 secs]
   [Parallel Time: 0.7 ms, GC Workers: 8]
      [GC Worker Start (ms): Min: 15811.3, Avg: 15811.3, Max: 15811.3, Diff: 0.1]
      [Ext Root Scanning (ms): Min: 0.5, Avg: 0.5, Max: 0.6, Diff: 0.1, Sum: 4.3]
      [Update RS (ms): Min: 0.0, Avg: 0.0, Max: 0.0, Diff: 0.0, Sum: 0.2]
         [Processed Buffers: Min: 0, Avg: 1.5, Max: 5, Diff: 5, Sum: 12]
      [Scan RS (ms): Min: 0.0, Avg: 0.0, Max: 0.0, Diff: 0.0, Sum: 0.1]
      [Code Root Scanning (ms): Min: 0.0, Avg: 0.0, Max: 0.0, Diff: 0.0, Sum: 0.0]
      [Object Copy (ms): Min: 0.1, Avg: 0.1, Max: 0.1, Diff: 0.1, Sum: 0.8]
      [Termination (ms): Min: 0.0, Avg: 0.0, Max: 0.0, Diff: 0.0, Sum: 0.0]
      [GC Worker Other (ms): Min: 0.0, Avg: 0.0, Max: 0.0, Diff: 0.0, Sum: 0.1]
      [GC Worker Total (ms): Min: 0.7, Avg: 0.7, Max: 0.7, Diff: 0.1, Sum: 5.5]
      [GC Worker End (ms): Min: 15812.0, Avg: 15812.0, Max: 15812.0, Diff: 0.0]
   [Code Root Fixup: 0.0 ms]
   [Code Root Migration: 0.0 ms]
   [Clear CT: 0.0 ms]
   [Other: 0.2 ms]
      [Choose CSet: 0.0 ms]
      [Ref Proc: 0.1 ms]
      [Ref Enq: 0.0 ms]
      [Free CSet: 0.0 ms]
   [Eden: 28.0M(42.0M)->0.0B(42.0M) Survivors: 1024.0K->1024.0K Heap: 167.0M(210.0M)->139.4M(210.0M)]
 [Times: user=0.01 sys=0.00, real=0.00 secs] 
15.812: Total time for which application threads were stopped: 0.0012240 seconds, Stopping threads took: 0.0001600 seconds
15.814: Application time: 0.0014170 seconds
15.814: [Full GC 139M->139M(210M), 0.0083440 secs]
   [Eden: 1024.0K(42.0M)->0.0B(42.0M) Survivors: 1024.0K->0.0B Heap: 139.5M(210.0M)->139.3M(210.0M)], [Perm: 5942K->5942K(20480K)]
 [Times: user=0.01 sys=0.00, real=0.01 secs] 
15.822: [Full GC 139M->139M(210M), 0.0073530 secs]
   [Eden: 0.0B(42.0M)->0.0B(42.0M) Survivors: 0.0B->0.0B Heap: 139.3M(210.0M)->139.3M(210.0M)], [Perm: 5942K->5916K(20480K)]
 [Times: user=0.01 sys=0.00, real=0.00 secs] 
15.830: Total time for which application threads were stopped: 0.0158500 seconds, Stopping threads took: 0.0000230 seconds
15.830: Application time: 0.0001470 seconds
15.830: [GC pause (young) (initial-mark), 0.0012280 secs]
   [Parallel Time: 0.9 ms, GC Workers: 8]
      [GC Worker Start (ms): Min: 15829.8, Avg: 15829.8, Max: 15829.9, Diff: 0.1]
      [Ext Root Scanning (ms): Min: 0.5, Avg: 0.6, Max: 0.8, Diff: 0.3, Sum: 5.0]
      [Code Root Marking (ms): Min: 0.0, Avg: 0.0, Max: 0.0, Diff: 0.0, Sum: 0.1]
      [Update RS (ms): Min: 0.0, Avg: 0.0, Max: 0.0, Diff: 0.0, Sum: 0.0]
         [Processed Buffers: Min: 0, Avg: 0.8, Max: 2, Diff: 2, Sum: 6]
      [Scan RS (ms): Min: 0.0, Avg: 0.0, Max: 0.0, Diff: 0.0, Sum: 0.0]
      [Code Root Scanning (ms): Min: 0.0, Avg: 0.0, Max: 0.0, Diff: 0.0, Sum: 0.0]
      [Object Copy (ms): Min: 0.0, Avg: 0.1, Max: 0.2, Diff: 0.2, Sum: 0.8]
      [Termination (ms): Min: 0.0, Avg: 0.1, Max: 0.1, Diff: 0.1, Sum: 0.7]
      [GC Worker Other (ms): Min: 0.0, Avg: 0.0, Max: 0.0, Diff: 0.0, Sum: 0.0]
      [GC Worker Total (ms): Min: 0.8, Avg: 0.8, Max: 0.9, Diff: 0.1, Sum: 6.6]
      [GC Worker End (ms): Min: 15830.6, Avg: 15830.7, Max: 15830.7, Diff: 0.0]
   [Code Root Fixup: 0.0 ms]
   [Code Root Migration: 0.0 ms]
   [Clear CT: 0.1 ms]
   [Other: 0.2 ms]
      [Choose CSet: 0.0 ms]
      [Ref Proc: 0.2 ms]
      [Ref Enq: 0.0 ms]
      [Free CSet: 0.0 ms]
   [Eden: 1024.0K(42.0M)->0.0B(41.0M) Survivors: 0.0B->1024.0K Heap: 139.4M(210.0M)->139.4M(210.0M)]
 [Times: user=0.01 sys=0.00, real=0.00 secs] 
15.831: [GC concurrent-root-region-scan-start]
15.831: Total time for which application threads were stopped: 0.0013510 seconds, Stopping threads took: 0.0000320 seconds
15.831: [GC concurrent-root-region-scan-end, 0.0000250 secs]
15.831: [GC concurrent-mark-start]
15.831: Application time: 0.0000270 seconds
15.831: [GC pause (young), 0.0006740 secs]
   [Parallel Time: 0.5 ms, GC Workers: 8]
      [GC Worker Start (ms): Min: 15831.1, Avg: 15831.2, Max: 15831.6, Diff: 0.4]
      [Ext Root Scanning (ms): Min: 0.0, Avg: 0.3, Max: 0.4, Diff: 0.4, Sum: 2.3]
      [SATB Filtering (ms): Min: 0.0, Avg: 0.0, Max: 0.0, Diff: 0.0, Sum: 0.0]
      [Update RS (ms): Min: 0.0, Avg: 0.0, Max: 0.0, Diff: 0.0, Sum: 0.0]
         [Processed Buffers: Min: 0, Avg: 0.6, Max: 5, Diff: 5, Sum: 5]
      [Scan RS (ms): Min: 0.0, Avg: 0.0, Max: 0.0, Diff: 0.0, Sum: 0.0]
      [Code Root Scanning (ms): Min: 0.0, Avg: 0.0, Max: 0.0, Diff: 0.0, Sum: 0.0]
      [Object Copy (ms): Min: 0.0, Avg: 0.0, Max: 0.0, Diff: 0.0, Sum: 0.2]
      [Termination (ms): Min: 0.0, Avg: 0.1, Max: 0.1, Diff: 0.1, Sum: 0.4]
      [GC Worker Other (ms): Min: 0.0, Avg: 0.0, Max: 0.0, Diff: 0.0, Sum: 0.0]
      [GC Worker Total (ms): Min: 0.0, Avg: 0.4, Max: 0.4, Diff: 0.4, Sum: 3.0]
      [GC Worker End (ms): Min: 15831.6, Avg: 15831.6, Max: 15831.6, Diff: 0.0]
   [Code Root Fixup: 0.0 ms]
   [Code Root Migration: 0.0 ms]
   [Clear CT: 0.1 ms]
   [Other: 0.1 ms]
      [Choose CSet: 0.0 ms]
      [Ref Proc: 0.1 ms]
      [Ref Enq: 0.0 ms]
      [Free CSet: 0.0 ms]
   [Eden: 0.0B(41.0M)->0.0B(41.0M) Survivors: 1024.0K->1024.0K Heap: 139.4M(210.0M)->139.3M(210.0M)]
 [Times: user=0.01 sys=0.00, real=0.00 secs] 
15.832: Total time for which application threads were stopped: 0.0007600 seconds, Stopping threads took: 0.0000160 seconds
15.832: Application time: 0.0000320 seconds
15.832: [Full GC 139M->139M(210M), 0.0076260 secs]
   [Eden: 0.0B(41.0M)->0.0B(42.0M) Survivors: 1024.0K->0.0B Heap: 139.3M(210.0M)->139.3M(210.0M)], [Perm: 5916K->5916K(20480K)]
 [Times: user=0.01 sys=0.00, real=0.00 secs] 
15.840: [Full GC 139M->139M(210M), 0.0081170 secs]
   [Eden: 0.0B(42.0M)->0.0B(42.0M) Survivors: 0.0B->0.0B Heap: 139.3M(210.0M)->139.3M(210.0M)], [Perm: 5916K->5916K(20480K)]
 [Times: user=0.01 sys=0.00, real=0.01 secs] 
15.848: Total time for which application threads were stopped: 0.0158790 seconds, Stopping threads took: 0.0000100 seconds
15.848: [GC concurrent-mark-abort]
15.863: Application time: 0.0154240 seconds
15.863: [GC pause (young) (initial-mark), 0.0017690 secs]
   [Parallel Time: 1.4 ms, GC Workers: 8]
      [GC Worker Start (ms): Min: 15863.4, Avg: 15863.7, Max: 15864.7, Diff: 1.3]
      [Ext Root Scanning (ms): Min: 0.0, Avg: 0.6, Max: 0.9, Diff: 0.9, Sum: 4.8]
      [Code Root Marking (ms): Min: 0.0, Avg: 0.0, Max: 0.1, Diff: 0.1, Sum: 0.1]
      [Update RS (ms): Min: 0.0, Avg: 0.0, Max: 0.1, Diff: 0.1, Sum: 0.2]
         [Processed Buffers: Min: 0, Avg: 1.1, Max: 4, Diff: 4, Sum: 9]
      [Scan RS (ms): Min: 0.0, Avg: 0.0, Max: 0.0, Diff: 0.0, Sum: 0.0]
      [Code Root Scanning (ms): Min: 0.0, Avg: 0.0, Max: 0.0, Diff: 0.0, Sum: 0.0]
      [Object Copy (ms): Min: 0.0, Avg: 0.2, Max: 0.5, Diff: 0.4, Sum: 1.9]
      [Termination (ms): Min: 0.0, Avg: 0.1, Max: 0.2, Diff: 0.2, Sum: 1.0]
      [GC Worker Other (ms): Min: 0.0, Avg: 0.0, Max: 0.0, Diff: 0.0, Sum: 0.0]
      [GC Worker Total (ms): Min: 0.0, Avg: 1.0, Max: 1.4, Diff: 1.4, Sum: 8.1]
      [GC Worker End (ms): Min: 15864.7, Avg: 15864.8, Max: 15864.8, Diff: 0.0]
   [Code Root Fixup: 0.0 ms]
   [Code Root Migration: 0.0 ms]
   [Clear CT: 0.1 ms]
   [Other: 0.3 ms]
      [Choose CSet: 0.0 ms]
      [Ref Proc: 0.3 ms]
      [Ref Enq: 0.0 ms]
      [Free CSet: 0.0 ms]
   [Eden: 9216.0K(42.0M)->0.0B(41.0M) Survivors: 0.0B->1024.0K Heap: 147.9M(210.0M)->139.3M(210.0M)]
 [Times: user=0.00 sys=0.00, real=0.00 secs] 
15.865: [GC concurrent-root-region-scan-start]
15.865: Total time for which application threads were stopped: 0.0020110 seconds, Stopping threads took: 0.0001260 seconds
15.865: Application time: 0.0000430 seconds
15.865: [GC concurrent-root-region-scan-end, 0.0000740 secs]
15.865: [GC concurrent-mark-start]
15.865: [GC pause (young), 0.0028520 secs]
   [Parallel Time: 2.7 ms, GC Workers: 8]
      [GC Worker Start (ms): Min: 15865.3, Avg: 15865.7, Max: 15867.9, Diff: 2.6]
      [Ext Root Scanning (ms): Min: 0.0, Avg: 0.3, Max: 0.4, Diff: 0.4, Sum: 2.3]
      [SATB Filtering (ms): Min: 0.0, Avg: 0.0, Max: 0.0, Diff: 0.0, Sum: 0.0]
      [Update RS (ms): Min: 0.0, Avg: 0.0, Max: 0.0, Diff: 0.0, Sum: 0.1]
         [Processed Buffers: Min: 0, Avg: 0.9, Max: 5, Diff: 5, Sum: 7]
      [Scan RS (ms): Min: 0.0, Avg: 0.0, Max: 0.0, Diff: 0.0, Sum: 0.0]
      [Code Root Scanning (ms): Min: 0.0, Avg: 0.0, Max: 0.0, Diff: 0.0, Sum: 0.0]
      [Object Copy (ms): Min: 0.0, Avg: 0.1, Max: 0.1, Diff: 0.1, Sum: 0.4]
      [Termination (ms): Min: 0.0, Avg: 1.9, Max: 2.2, Diff: 2.2, Sum: 15.0]
      [GC Worker Other (ms): Min: 0.0, Avg: 0.0, Max: 0.0, Diff: 0.0, Sum: 0.0]
      [GC Worker Total (ms): Min: 0.0, Avg: 2.2, Max: 2.6, Diff: 2.6, Sum: 17.8]
      [GC Worker End (ms): Min: 15867.9, Avg: 15867.9, Max: 15867.9, Diff: 0.0]
   [Code Root Fixup: 0.0 ms]
   [Code Root Migration: 0.0 ms]
   [Clear CT: 0.0 ms]
   [Other: 0.1 ms]
      [Choose CSet: 0.0 ms]
      [Ref Proc: 0.1 ms]
      [Ref Enq: 0.0 ms]
      [Free CSet: 0.0 ms]
   [Eden: 1024.0K(41.0M)->0.0B(41.0M) Survivors: 1024.0K->1024.0K Heap: 139.4M(210.0M)->139.3M(210.0M)]
 [Times: user=0.02 sys=0.00, real=0.00 secs] 
15.868: Total time for which application threads were stopped: 0.0029640 seconds, Stopping threads took: 0.0000360 seconds
15.868: Application time: 0.0000530 seconds
15.868: [Full GC 139M->139M(210M), 0.0081680 secs]
   [Eden: 1024.0K(41.0M)->0.0B(42.0M) Survivors: 1024.0K->0.0B Heap: 139.4M(210.0M)->139.3M(210.0M)], [Perm: 5932K->5932K(20480K)]
 [Times: user=0.02 sys=0.00, real=0.01 secs] 
15.877: [Full GC 139M->139M(210M), 0.0076860 secs]
   [Eden: 0.0B(42.0M)->0.0B(42.0M) Survivors: 0.0B->0.0B Heap: 139.3M(210.0M)->139.3M(210.0M)], [Perm: 5932K->5917K(20480K)]
 [Times: user=0.02 sys=0.00, real=0.01 secs] 
15.884: Total time for which application threads were stopped: 0.0159970 seconds, Stopping threads took: 0.0000210 seconds
15.884: [GC concurrent-mark-abort]
15.884: Application time: 0.0001870 seconds
15.885: [GC pause (young), 0.0015440 secs]
   [Parallel Time: 0.8 ms, GC Workers: 8]
      [GC Worker Start (ms): Min: 15884.5, Avg: 15884.7, Max: 15885.4, Diff: 0.8]
      [Ext Root Scanning (ms): Min: 0.0, Avg: 0.5, Max: 0.7, Diff: 0.7, Sum: 4.4]
      [Update RS (ms): Min: 0.0, Avg: 0.0, Max: 0.0, Diff: 0.0, Sum: 0.0]
         [Processed Buffers: Min: 0, Avg: 0.5, Max: 2, Diff: 2, Sum: 4]
      [Scan RS (ms): Min: 0.0, Avg: 0.0, Max: 0.0, Diff: 0.0, Sum: 0.0]
      [Code Root Scanning (ms): Min: 0.0, Avg: 0.0, Max: 0.0, Diff: 0.0, Sum: 0.0]
      [Object Copy (ms): Min: 0.0, Avg: 0.0, Max: 0.1, Diff: 0.1, Sum: 0.3]
      [Termination (ms): Min: 0.0, Avg: 0.1, Max: 0.1, Diff: 0.1, Sum: 0.8]
      [GC Worker Other (ms): Min: 0.0, Avg: 0.0, Max: 0.0, Diff: 0.0, Sum: 0.0]
      [GC Worker Total (ms): Min: 0.0, Avg: 0.7, Max: 0.8, Diff: 0.8, Sum: 5.5]
      [GC Worker End (ms): Min: 15885.4, Avg: 15885.4, Max: 15885.4, Diff: 0.0]
   [Code Root Fixup: 0.0 ms]
   [Code Root Migration: 0.0 ms]
   [Clear CT: 0.1 ms]
   [Other: 0.6 ms]
      [Choose CSet: 0.0 ms]
      [Ref Proc: 0.6 ms]
      [Ref Enq: 0.0 ms]
      [Free CSet: 0.0 ms]
   [Eden: 1024.0K(42.0M)->0.0B(41.0M) Survivors: 0.0B->1024.0K Heap: 139.3M(210.0M)->139.3M(210.0M)]
 [Times: user=0.01 sys=0.00, real=0.00 secs] 
15.886: Total time for which application threads were stopped: 0.0016720 seconds, Stopping threads took: 0.0000390 seconds
15.886: Application time: 0.0000350 seconds
15.886: [Full GC 139M->139M(210M), 0.0073690 secs]
   [Eden: 0.0B(41.0M)->0.0B(42.0M) Survivors: 1024.0K->0.0B Heap: 139.3M(210.0M)->139.3M(210.0M)], [Perm: 5917K->5917K(20480K)]
 [Times: user=0.01 sys=0.00, real=0.01 secs] 
15.894: [Full GC 139M->139M(210M), 0.0083050 secs]
   [Eden: 0.0B(42.0M)->0.0B(42.0M) Survivors: 0.0B->0.0B Heap: 139.3M(210.0M)->139.3M(210.0M)], [Perm: 5917K->5917K(20480K)]
 [Times: user=0.01 sys=0.00, real=0.01 secs] 
15.902: Total time for which application threads were stopped: 0.0158280 seconds, Stopping threads took: 0.0000210 seconds
15.911: Application time: 0.0087510 seconds
15.911: [GC pause (young) (initial-mark), 0.0013350 secs]
   [Parallel Time: 1.1 ms, GC Workers: 8]
      [GC Worker Start (ms): Min: 15910.9, Avg: 15911.1, Max: 15912.0, Diff: 1.1]
      [Ext Root Scanning (ms): Min: 0.0, Avg: 0.7, Max: 0.8, Diff: 0.8, Sum: 5.3]
      [Code Root Marking (ms): Min: 0.0, Avg: 0.0, Max: 0.0, Diff: 0.0, Sum: 0.1]
      [Update RS (ms): Min: 0.0, Avg: 0.0, Max: 0.0, Diff: 0.0, Sum: 0.1]
         [Processed Buffers: Min: 0, Avg: 0.9, Max: 2, Diff: 2, Sum: 7]
      [Scan RS (ms): Min: 0.0, Avg: 0.0, Max: 0.0, Diff: 0.0, Sum: 0.0]
      [Code Root Scanning (ms): Min: 0.0, Avg: 0.0, Max: 0.0, Diff: 0.0, Sum: 0.0]
      [Object Copy (ms): Min: 0.0, Avg: 0.2, Max: 0.3, Diff: 0.3, Sum: 1.4]
      [Termination (ms): Min: 0.0, Avg: 0.1, Max: 0.1, Diff: 0.1, Sum: 0.6]
      [GC Worker Other (ms): Min: 0.0, Avg: 0.0, Max: 0.0, Diff: 0.0, Sum: 0.0]
      [GC Worker Total (ms): Min: 0.0, Avg: 0.9, Max: 1.1, Diff: 1.1, Sum: 7.5]
      [GC Worker End (ms): Min: 15912.0, Avg: 15912.0, Max: 15912.0, Diff: 0.0]
   [Code Root Fixup: 0.0 ms]
   [Code Root Migration: 0.0 ms]
   [Clear CT: 0.1 ms]
   [Other: 0.1 ms]
      [Choose CSet: 0.0 ms]
      [Ref Proc: 0.1 ms]
      [Ref Enq: 0.0 ms]
      [Free CSet: 0.0 ms]
   [Eden: 5120.0K(42.0M)->0.0B(41.0M) Survivors: 0.0B->1024.0K Heap: 143.3M(210.0M)->139.3M(210.0M)]
 [Times: user=0.01 sys=0.00, real=0.00 secs] 
15.912: [GC concurrent-root-region-scan-start]
15.912: Total time for which application threads were stopped: 0.0015310 seconds, Stopping threads took: 0.0000930 seconds
15.912: Application time: 0.0000280 seconds
15.912: [GC concurrent-root-region-scan-end, 0.0000560 secs]
15.912: [GC concurrent-mark-start]
15.912: [GC pause (young), 0.0005340 secs]
   [Parallel Time: 0.4 ms, GC Workers: 8]
      [GC Worker Start (ms): Min: 15912.4, Avg: 15912.4, Max: 15912.4, Diff: 0.0]
      [Ext Root Scanning (ms): Min: 0.3, Avg: 0.3, Max: 0.3, Diff: 0.1, Sum: 2.3]
      [SATB Filtering (ms): Min: 0.0, Avg: 0.0, Max: 0.0, Diff: 0.0, Sum: 0.0]
      [Update RS (ms): Min: 0.0, Avg: 0.0, Max: 0.0, Diff: 0.0, Sum: 0.0]
         [Processed Buffers: Min: 0, Avg: 1.0, Max: 3, Diff: 3, Sum: 8]
      [Scan RS (ms): Min: 0.0, Avg: 0.0, Max: 0.0, Diff: 0.0, Sum: 0.0]
      [Code Root Scanning (ms): Min: 0.0, Avg: 0.0, Max: 0.0, Diff: 0.0, Sum: 0.0]
      [Object Copy (ms): Min: 0.0, Avg: 0.0, Max: 0.1, Diff: 0.0, Sum: 0.3]
      [Termination (ms): Min: 0.0, Avg: 0.0, Max: 0.0, Diff: 0.0, Sum: 0.3]
      [GC Worker Other (ms): Min: 0.0, Avg: 0.0, Max: 0.0, Diff: 0.0, Sum: 0.0]
      [GC Worker Total (ms): Min: 0.3, Avg: 0.4, Max: 0.4, Diff: 0.0, Sum: 2.9]
      [GC Worker End (ms): Min: 15912.7, Avg: 15912.7, Max: 15912.7, Diff: 0.0]
   [Code Root Fixup: 0.0 ms]
   [Code Root Migration: 0.0 ms]
   [Clear CT: 0.0 ms]
   [Other: 0.1 ms]
      [Choose CSet: 0.0 ms]
      [Ref Proc: 0.1 ms]
      [Ref Enq: 0.0 ms]
      [Free CSet: 0.0 ms]
   [Eden: 1024.0K(41.0M)->0.0B(41.0M) Survivors: 1024.0K->1024.0K Heap: 139.3M(210.0M)->139.3M(210.0M)]
 [Times: user=0.00 sys=0.00, real=0.00 secs] 
15.913: Total time for which application threads were stopped: 0.0006340 seconds, Stopping threads took: 0.0000310 seconds
15.913: Application time: 0.0000330 seconds
15.913: [Full GC 139M->139M(210M), 0.0072800 secs]
   [Eden: 0.0B(41.0M)->0.0B(43.0M) Survivors: 1024.0K->0.0B Heap: 139.3M(210.0M)->139.2M(210.0M)], [Perm: 5931K->5931K(20480K)]
 [Times: user=0.01 sys=0.00, real=0.00 secs] 
15.920: [Full GC 139M->139M(210M), 0.0074740 secs]
   [Eden: 0.0B(43.0M)->0.0B(43.0M) Survivors: 0.0B->0.0B Heap: 139.2M(210.0M)->139.2M(210.0M)], [Perm: 5931K->5917K(20480K)]
 [Times: user=0.01 sys=0.00, real=0.01 secs] 
15.928: Total time for which application threads were stopped: 0.0148940 seconds, Stopping threads took: 0.0000080 seconds
15.928: [GC concurrent-mark-abort]
15.928: Application time: 0.0002030 seconds
15.928: [GC pause (young), 0.0011330 secs]
   [Parallel Time: 0.9 ms, GC Workers: 8]
      [GC Worker Start (ms): Min: 15928.2, Avg: 15928.2, Max: 15928.2, Diff: 0.1]
      [Ext Root Scanning (ms): Min: 0.6, Avg: 0.7, Max: 0.7, Diff: 0.1, Sum: 5.2]
      [Update RS (ms): Min: 0.0, Avg: 0.0, Max: 0.0, Diff: 0.0, Sum: 0.0]
         [Processed Buffers: Min: 0, Avg: 0.5, Max: 3, Diff: 3, Sum: 4]
      [Scan RS (ms): Min: 0.0, Avg: 0.0, Max: 0.0, Diff: 0.0, Sum: 0.0]
      [Code Root Scanning (ms): Min: 0.0, Avg: 0.0, Max: 0.0, Diff: 0.0, Sum: 0.0]
      [Object Copy (ms): Min: 0.0, Avg: 0.0, Max: 0.1, Diff: 0.1, Sum: 0.3]
      [Termination (ms): Min: 0.0, Avg: 0.1, Max: 0.1, Diff: 0.1, Sum: 0.5]
      [GC Worker Other (ms): Min: 0.0, Avg: 0.0, Max: 0.0, Diff: 0.0, Sum: 0.0]
      [GC Worker Total (ms): Min: 0.7, Avg: 0.8, Max: 0.8, Diff: 0.1, Sum: 6.1]
      [GC Worker End (ms): Min: 15929.0, Avg: 15929.0, Max: 15929.0, Diff: 0.0]
   [Code Root Fixup: 0.0 ms]
   [Code Root Migration: 0.0 ms]
   [Clear CT: 0.1 ms]
   [Other: 0.1 ms]
      [Choose CSet: 0.0 ms]
      [Ref Proc: 0.1 ms]
      [Ref Enq: 0.0 ms]
      [Free CSet: 0.0 ms]
   [Eden: 1024.0K(43.0M)->0.0B(42.0M) Survivors: 0.0B->1024.0K Heap: 139.2M(210.0M)->139.2M(210.0M)]
 [Times: user=0.01 sys=0.00, real=0.00 secs] 
15.929: Total time for which application threads were stopped: 0.0012600 seconds, Stopping threads took: 0.0000430 seconds
15.930: Application time: 0.0003860 seconds
15.930: [Full GC 139M->139M(210M), 0.0078760 secs]
   [Eden: 1024.0K(42.0M)->0.0B(43.0M) Survivors: 1024.0K->0.0B Heap: 139.2M(210.0M)->139.2M(210.0M)], [Perm: 5917K->5917K(20480K)]
 [Times: user=0.01 sys=0.00, real=0.00 secs] 
15.938: [Full GC 139M->139M(210M), 0.0078910 secs]
   [Eden: 0.0B(43.0M)->0.0B(43.0M) Survivors: 0.0B->0.0B Heap: 139.2M(210.0M)->139.2M(210.0M)], [Perm: 5917K->5917K(20480K)]
 [Times: user=0.01 sys=0.00, real=0.01 secs] 
15.946: Total time for which application threads were stopped: 0.0159170 seconds, Stopping threads took: 0.0000150 seconds
15.952: Application time: 0.0058910 seconds
15.952: [GC pause (young) (initial-mark), 0.0016180 secs]
   [Parallel Time: 1.3 ms, GC Workers: 8]
      [GC Worker Start (ms): Min: 15951.7, Avg: 15951.9, Max: 15952.9, Diff: 1.2]
      [Ext Root Scanning (ms): Min: 0.0, Avg: 0.7, Max: 0.9, Diff: 0.9, Sum: 5.5]
      [Code Root Marking (ms): Min: 0.0, Avg: 0.0, Max: 0.1, Diff: 0.1, Sum: 0.1]
      [Update RS (ms): Min: 0.0, Avg: 0.0, Max: 0.1, Diff: 0.1, Sum: 0.2]
         [Processed Buffers: Min: 0, Avg: 0.9, Max: 2, Diff: 2, Sum: 7]
      [Scan RS (ms): Min: 0.0, Avg: 0.0, Max: 0.0, Diff: 0.0, Sum: 0.0]
      [Code Root Scanning (ms): Min: 0.0, Avg: 0.0, Max: 0.0, Diff: 0.0, Sum: 0.0]
      [Object Copy (ms): Min: 0.0, Avg: 0.2, Max: 0.4, Diff: 0.4, Sum: 2.0]
      [Termination (ms): Min: 0.0, Avg: 0.1, Max: 0.1, Diff: 0.1, Sum: 0.6]
      [GC Worker Other (ms): Min: 0.0, Avg: 0.0, Max: 0.0, Diff: 0.0, Sum: 0.0]
      [GC Worker Total (ms): Min: 0.0, Avg: 1.0, Max: 1.2, Diff: 1.2, Sum: 8.4]
      [GC Worker End (ms): Min: 15952.9, Avg: 15953.0, Max: 15953.0, Diff: 0.0]
   [Code Root Fixup: 0.0 ms]
   [Code Root Migration: 0.0 ms]
   [Clear CT: 0.1 ms]
   [Other: 0.2 ms]
      [Choose CSet: 0.0 ms]
      [Ref Proc: 0.2 ms]
      [Ref Enq: 0.0 ms]
      [Free CSet: 0.0 ms]
   [Eden: 4096.0K(43.0M)->0.0B(41.0M) Survivors: 0.0B->1024.0K Heap: 142.9M(210.0M)->139.3M(210.0M)]
 [Times: user=0.01 sys=0.00, real=0.00 secs] 
15.953: Total time for which application threads were stopped: 0.0018340 seconds, Stopping threads took: 0.0000850 seconds
15.953: [GC concurrent-root-region-scan-start]
15.953: Application time: 0.0000290 seconds
15.953: [GC pause (young)15.953: [GC concurrent-root-region-scan-end, 0.0001010 secs]
15.953: [GC concurrent-mark-start]
, 0.0027440 secs]
   [Root Region Scan Waiting: 0.0 ms]
   [Parallel Time: 2.5 ms, GC Workers: 8]
      [GC Worker Start (ms): Min: 15953.5, Avg: 15953.8, Max: 15956.0, Diff: 2.5]
      [Ext Root Scanning (ms): Min: 0.0, Avg: 0.3, Max: 0.4, Diff: 0.4, Sum: 2.3]
      [SATB Filtering (ms): Min: 0.0, Avg: 0.0, Max: 0.0, Diff: 0.0, Sum: 0.0]
      [Update RS (ms): Min: 0.0, Avg: 0.0, Max: 0.0, Diff: 0.0, Sum: 0.1]
         [Processed Buffers: Min: 0, Avg: 1.1, Max: 3, Diff: 3, Sum: 9]
      [Scan RS (ms): Min: 0.0, Avg: 0.0, Max: 0.0, Diff: 0.0, Sum: 0.0]
      [Code Root Scanning (ms): Min: 0.0, Avg: 0.0, Max: 0.0, Diff: 0.0, Sum: 0.0]
      [Object Copy (ms): Min: 0.0, Avg: 0.1, Max: 0.1, Diff: 0.1, Sum: 0.6]
      [Termination (ms): Min: 0.0, Avg: 1.8, Max: 2.1, Diff: 2.1, Sum: 14.6]
      [GC Worker Other (ms): Min: 0.0, Avg: 0.0, Max: 0.0, Diff: 0.0, Sum: 0.0]
      [GC Worker Total (ms): Min: 0.0, Avg: 2.2, Max: 2.5, Diff: 2.5, Sum: 17.5]
      [GC Worker End (ms): Min: 15956.0, Avg: 15956.0, Max: 15956.0, Diff: 0.0]
   [Code Root Fixup: 0.0 ms]
   [Code Root Migration: 0.0 ms]
   [Clear CT: 0.0 ms]
   [Other: 0.1 ms]
      [Choose CSet: 0.0 ms]
      [Ref Proc: 0.1 ms]
      [Ref Enq: 0.0 ms]
      [Free CSet: 0.0 ms]
   [Eden: 1024.0K(41.0M)->0.0B(41.0M) Survivors: 1024.0K->1024.0K Heap: 139.3M(210.0M)->139.3M(210.0M)]
 [Times: user=0.03 sys=0.00, real=0.00 secs] 
15.956: Total time for which application threads were stopped: 0.0028480 seconds, Stopping threads took: 0.0000280 seconds
15.956: Application time: 0.0000330 seconds
15.956: [Full GC 139M->139M(210M), 0.0074980 secs]
   [Eden: 0.0B(41.0M)->0.0B(43.0M) Survivors: 1024.0K->0.0B Heap: 139.3M(210.0M)->139.2M(210.0M)], [Perm: 5931K->5931K(20480K)]
 [Times: user=0.01 sys=0.00, real=0.01 secs] 
15.964: [Full GC 139M->139M(210M), 0.0081900 secs]
   [Eden: 0.0B(43.0M)->0.0B(43.0M) Survivors: 0.0B->0.0B Heap: 139.2M(210.0M)->139.2M(210.0M)], [Perm: 5931K->5909K(20480K)]
 [Times: user=0.01 sys=0.00, real=0.01 secs] 
15.972: Total time for which application threads were stopped: 0.0158200 seconds, Stopping threads took: 0.0000090 seconds
15.972: [GC concurrent-mark-abort]
15.972: Application time: 0.0002840 seconds
15.972: [GC pause (young), 0.0011780 secs]
   [Parallel Time: 0.9 ms, GC Workers: 8]
      [GC Worker Start (ms): Min: 15972.5, Avg: 15972.6, Max: 15972.6, Diff: 0.1]
      [Ext Root Scanning (ms): Min: 0.6, Avg: 0.7, Max: 0.7, Diff: 0.1, Sum: 5.4]
      [Update RS (ms): Min: 0.0, Avg: 0.0, Max: 0.0, Diff: 0.0, Sum: 0.0]
         [Processed Buffers: Min: 0, Avg: 0.6, Max: 2, Diff: 2, Sum: 5]
      [Scan RS (ms): Min: 0.0, Avg: 0.0, Max: 0.0, Diff: 0.0, Sum: 0.0]
      [Code Root Scanning (ms): Min: 0.0, Avg: 0.0, Max: 0.0, Diff: 0.0, Sum: 0.0]
      [Object Copy (ms): Min: 0.0, Avg: 0.1, Max: 0.1, Diff: 0.1, Sum: 0.4]
      [Termination (ms): Min: 0.0, Avg: 0.0, Max: 0.0, Diff: 0.0, Sum: 0.1]
      [GC Worker Other (ms): Min: 0.0, Avg: 0.0, Max: 0.0, Diff: 0.0, Sum: 0.0]
      [GC Worker Total (ms): Min: 0.7, Avg: 0.7, Max: 0.8, Diff: 0.1, Sum: 6.0]
      [GC Worker End (ms): Min: 15973.3, Avg: 15973.3, Max: 15973.3, Diff: 0.0]
   [Code Root Fixup: 0.0 ms]
   [Code Root Migration: 0.0 ms]
   [Clear CT: 0.1 ms]
   [Other: 0.2 ms]
      [Choose CSet: 0.0 ms]
      [Ref Proc: 0.2 ms]
      [Ref Enq: 0.0 ms]
      [Free CSet: 0.0 ms]
   [Eden: 1024.0K(43.0M)->0.0B(42.0M) Survivors: 0.0B->1024.0K Heap: 139.3M(210.0M)->139.2M(210.0M)]
 [Times: user=0.01 sys=0.00, real=0.00 secs] 
15.974: Total time for which application threads were stopped: 0.0013240 seconds, Stopping threads took: 0.0000430 seconds
15.974: Application time: 0.0000540 seconds
15.974: [Full GC 139M->139M(210M), 0.0083570 secs]
   [Eden: 0.0B(42.0M)->0.0B(43.0M) Survivors: 1024.0K->0.0B Heap: 139.2M(210.0M)->139.1M(210.0M)], [Perm: 5909K->5909K(20480K)]
 [Times: user=0.01 sys=0.00, real=0.01 secs] 
15.982: [Full GC 139M->139M(210M), 0.0083470 secs]
   [Eden: 0.0B(43.0M)->0.0B(43.0M) Survivors: 0.0B->0.0B Heap: 139.1M(210.0M)->139.1M(210.0M)], [Perm: 5909K->5909K(20480K)]
 [Times: user=0.01 sys=0.00, real=0.01 secs] 
15.991: Total time for which application threads were stopped: 0.0168610 seconds, Stopping threads took: 0.0000190 seconds
16.010: Application time: 0.0190750 seconds
16.010: [GC pause (young) (initial-mark), 0.0014880 secs]
   [Parallel Time: 1.1 ms, GC Workers: 8]
      [GC Worker Start (ms): Min: 16009.8, Avg: 16009.9, Max: 16009.9, Diff: 0.1]
      [Ext Root Scanning (ms): Min: 0.7, Avg: 0.7, Max: 0.8, Diff: 0.1, Sum: 5.8]
      [Code Root Marking (ms): Min: 0.0, Avg: 0.0, Max: 0.0, Diff: 0.0, Sum: 0.1]
      [Update RS (ms): Min: 0.0, Avg: 0.0, Max: 0.1, Diff: 0.1, Sum: 0.1]
         [Processed Buffers: Min: 0, Avg: 0.8, Max: 1, Diff: 1, Sum: 6]
      [Scan RS (ms): Min: 0.0, Avg: 0.0, Max: 0.0, Diff: 0.0, Sum: 0.0]
      [Code Root Scanning (ms): Min: 0.0, Avg: 0.0, Max: 0.0, Diff: 0.0, Sum: 0.0]
      [Object Copy (ms): Min: 0.2, Avg: 0.3, Max: 0.4, Diff: 0.2, Sum: 2.1]
      [Termination (ms): Min: 0.0, Avg: 0.0, Max: 0.0, Diff: 0.0, Sum: 0.0]
      [GC Worker Other (ms): Min: 0.0, Avg: 0.0, Max: 0.0, Diff: 0.0, Sum: 0.1]
      [GC Worker Total (ms): Min: 1.0, Avg: 1.0, Max: 1.1, Diff: 0.1, Sum: 8.2]
      [GC Worker End (ms): Min: 16010.9, Avg: 16010.9, Max: 16010.9, Diff: 0.0]
   [Code Root Fixup: 0.0 ms]
   [Code Root Migration: 0.0 ms]
   [Clear CT: 0.2 ms]
   [Other: 0.2 ms]
      [Choose CSet: 0.0 ms]
      [Ref Proc: 0.2 ms]
      [Ref Enq: 0.0 ms]
      [Free CSet: 0.0 ms]
   [Eden: 9216.0K(43.0M)->0.0B(42.0M) Survivors: 0.0B->1024.0K Heap: 148.1M(210.0M)->139.2M(210.0M)]
 [Times: user=0.01 sys=0.00, real=0.00 secs] 
16.011: [GC concurrent-root-region-scan-start]
16.011: Total time for which application threads were stopped: 0.0016570 seconds, Stopping threads took: 0.0000640 seconds
16.011: Application time: 0.0000390 seconds
16.011: [GC concurrent-root-region-scan-end, 0.0000840 secs]
16.011: [GC concurrent-mark-start]
16.011: [GC pause (young), 0.0005390 secs]
   [Parallel Time: 0.4 ms, GC Workers: 8]
      [GC Worker Start (ms): Min: 16011.5, Avg: 16011.5, Max: 16011.5, Diff: 0.0]
      [Ext Root Scanning (ms): Min: 0.3, Avg: 0.3, Max: 0.3, Diff: 0.1, Sum: 2.4]
      [SATB Filtering (ms): Min: 0.0, Avg: 0.0, Max: 0.0, Diff: 0.0, Sum: 0.0]
      [Update RS (ms): Min: 0.0, Avg: 0.0, Max: 0.0, Diff: 0.0, Sum: 0.1]
         [Processed Buffers: Min: 0, Avg: 1.1, Max: 3, Diff: 3, Sum: 9]
      [Scan RS (ms): Min: 0.0, Avg: 0.0, Max: 0.0, Diff: 0.0, Sum: 0.0]
      [Code Root Scanning (ms): Min: 0.0, Avg: 0.0, Max: 0.0, Diff: 0.0, Sum: 0.0]
      [Object Copy (ms): Min: 0.0, Avg: 0.1, Max: 0.1, Diff: 0.0, Sum: 0.5]
      [Termination (ms): Min: 0.0, Avg: 0.0, Max: 0.0, Diff: 0.0, Sum: 0.0]
      [GC Worker Other (ms): Min: 0.0, Avg: 0.0, Max: 0.0, Diff: 0.0, Sum: 0.0]
      [GC Worker Total (ms): Min: 0.3, Avg: 0.4, Max: 0.4, Diff: 0.0, Sum: 2.9]
      [GC Worker End (ms): Min: 16011.9, Avg: 16011.9, Max: 16011.9, Diff: 0.0]
   [Code Root Fixup: 0.0 ms]
   [Code Root Migration: 0.0 ms]
   [Clear CT: 0.0 ms]
   [Other: 0.1 ms]
      [Choose CSet: 0.0 ms]
      [Ref Proc: 0.1 ms]
      [Ref Enq: 0.0 ms]
      [Free CSet: 0.0 ms]
   [Eden: 1024.0K(42.0M)->0.0B(42.0M) Survivors: 1024.0K->1024.0K Heap: 139.3M(210.0M)->139.3M(210.0M)]
 [Times: user=0.01 sys=0.00, real=0.00 secs] 
16.012: Total time for which application threads were stopped: 0.0006530 seconds, Stopping threads took: 0.0000440 seconds
16.012: Application time: 0.0000290 seconds
16.012: [Full GC 139M->139M(210M), 0.0073030 secs]
   [Eden: 0.0B(42.0M)->0.0B(43.0M) Survivors: 1024.0K->0.0B Heap: 139.3M(210.0M)->139.1M(210.0M)], [Perm: 5933K->5933K(20480K)]
 [Times: user=0.01 sys=0.00, real=0.00 secs] 
16.019: [Full GC 139M->139M(210M), 0.0073550 secs]
   [Eden: 0.0B(43.0M)->0.0B(43.0M) Survivors: 0.0B->0.0B Heap: 139.1M(210.0M)->139.0M(210.0M)], [Perm: 5933K->5879K(20480K)]
 [Times: user=0.01 sys=0.00, real=0.01 secs] 
16.027: Total time for which application threads were stopped: 0.0147910 seconds, Stopping threads took: 0.0000070 seconds
16.027: [GC concurrent-mark-abort]
16.027: Application time: 0.0002330 seconds
16.027: [GC pause (young), 0.0010250 secs]
   [Parallel Time: 0.8 ms, GC Workers: 8]
      [GC Worker Start (ms): Min: 16027.2, Avg: 16027.2, Max: 16027.3, Diff: 0.1]
      [Ext Root Scanning (ms): Min: 0.6, Avg: 0.6, Max: 0.6, Diff: 0.1, Sum: 4.7]
      [Update RS (ms): Min: 0.0, Avg: 0.0, Max: 0.0, Diff: 0.0, Sum: 0.0]
         [Processed Buffers: Min: 0, Avg: 0.5, Max: 2, Diff: 2, Sum: 4]
      [Scan RS (ms): Min: 0.0, Avg: 0.0, Max: 0.0, Diff: 0.0, Sum: 0.0]
      [Code Root Scanning (ms): Min: 0.0, Avg: 0.0, Max: 0.0, Diff: 0.0, Sum: 0.0]
      [Object Copy (ms): Min: 0.0, Avg: 0.0, Max: 0.1, Diff: 0.1, Sum: 0.3]
      [Termination (ms): Min: 0.0, Avg: 0.0, Max: 0.1, Diff: 0.1, Sum: 0.3]
      [GC Worker Other (ms): Min: 0.0, Avg: 0.0, Max: 0.0, Diff: 0.0, Sum: 0.0]
      [GC Worker Total (ms): Min: 0.6, Avg: 0.7, Max: 0.7, Diff: 0.1, Sum: 5.4]
      [GC Worker End (ms): Min: 16027.9, Avg: 16027.9, Max: 16027.9, Diff: 0.0]
   [Code Root Fixup: 0.0 ms]
   [Code Root Migration: 0.0 ms]
   [Clear CT: 0.1 ms]
   [Other: 0.1 ms]
      [Choose CSet: 0.0 ms]
      [Ref Proc: 0.1 ms]
      [Ref Enq: 0.0 ms]
      [Free CSet: 0.0 ms]
   [Eden: 1024.0K(43.0M)->0.0B(42.0M) Survivors: 0.0B->1024.0K Heap: 139.1M(210.0M)->139.1M(210.0M)]
 [Times: user=0.01 sys=0.00, real=0.00 secs] 
16.028: Total time for which application threads were stopped: 0.0011500 seconds, Stopping threads took: 0.0000410 seconds
16.028: Application time: 0.0000300 seconds
16.028: [Full GC 139M->139M(210M), 0.0074700 secs]
   [Eden: 0.0B(42.0M)->0.0B(43.0M) Survivors: 1024.0K->0.0B Heap: 139.1M(210.0M)->139.0M(210.0M)], [Perm: 5879K->5879K(20480K)]
 [Times: user=0.01 sys=0.00, real=0.01 secs] 
16.036: [Full GC 139M->139M(210M), 0.0078600 secs]
   [Eden: 0.0B(43.0M)->0.0B(43.0M) Survivors: 0.0B->0.0B Heap: 139.0M(210.0M)->139.0M(210.0M)], [Perm: 5879K->5879K(20480K)]
 [Times: user=0.01 sys=0.00, real=0.01 secs] 
16.044: Total time for which application threads were stopped: 0.0154730 seconds, Stopping threads took: 0.0000140 seconds
16.052: Application time: 0.0079280 seconds
16.052: [GC pause (young) (initial-mark), 0.0016670 secs]
   [Parallel Time: 1.3 ms, GC Workers: 8]
      [GC Worker Start (ms): Min: 16051.8, Avg: 16052.1, Max: 16053.1, Diff: 1.2]
      [Ext Root Scanning (ms): Min: 0.0, Avg: 0.6, Max: 0.8, Diff: 0.8, Sum: 4.7]
      [Code Root Marking (ms): Min: 0.0, Avg: 0.0, Max: 0.1, Diff: 0.1, Sum: 0.1]
      [Update RS (ms): Min: 0.0, Avg: 0.0, Max: 0.1, Diff: 0.1, Sum: 0.2]
         [Processed Buffers: Min: 0, Avg: 0.6, Max: 2, Diff: 2, Sum: 5]
      [Scan RS (ms): Min: 0.0, Avg: 0.0, Max: 0.0, Diff: 0.0, Sum: 0.0]
      [Code Root Scanning (ms): Min: 0.0, Avg: 0.0, Max: 0.0, Diff: 0.0, Sum: 0.0]
      [Object Copy (ms): Min: 0.0, Avg: 0.3, Max: 0.6, Diff: 0.6, Sum: 2.6]
      [Termination (ms): Min: 0.0, Avg: 0.1, Max: 0.1, Diff: 0.1, Sum: 0.5]
      [GC Worker Other (ms): Min: 0.0, Avg: 0.0, Max: 0.0, Diff: 0.0, Sum: 0.1]
      [GC Worker Total (ms): Min: 0.0, Avg: 1.0, Max: 1.2, Diff: 1.2, Sum: 8.2]
      [GC Worker End (ms): Min: 16053.1, Avg: 16053.1, Max: 16053.1, Diff: 0.0]
   [Code Root Fixup: 0.0 ms]
   [Code Root Migration: 0.0 ms]
   [Clear CT: 0.0 ms]
   [Other: 0.3 ms]
      [Choose CSet: 0.0 ms]
      [Ref Proc: 0.2 ms]
      [Ref Enq: 0.0 ms]
      [Free CSet: 0.0 ms]
   [Eden: 3072.0K(43.0M)->0.0B(41.0M) Survivors: 0.0B->1024.0K Heap: 141.2M(210.0M)->139.2M(210.0M)]
 [Times: user=0.01 sys=0.00, real=0.00 secs] 
16.054: 16.054: [GC concurrent-root-region-scan-start]
Total time for which application threads were stopped: 0.0018380 seconds, Stopping threads took: 0.0000440 seconds
16.054: Application time: 0.0000300 seconds
16.054: [GC pause (young)16.054: [GC concurrent-root-region-scan-end, 0.0001650 secs]
16.054: [GC concurrent-mark-start]
, 0.0049000 secs]
   [Root Region Scan Waiting: 0.1 ms]
   [Parallel Time: 4.0 ms, GC Workers: 8]
      [GC Worker Start (ms): Min: 16053.7, Avg: 16054.3, Max: 16057.7, Diff: 4.0]
      [Ext Root Scanning (ms): Min: 0.0, Avg: 0.3, Max: 0.4, Diff: 0.4, Sum: 2.1]
      [SATB Filtering (ms): Min: 0.0, Avg: 0.0, Max: 0.0, Diff: 0.0, Sum: 0.0]
      [Update RS (ms): Min: 0.0, Avg: 0.0, Max: 0.0, Diff: 0.0, Sum: 0.1]
         [Processed Buffers: Min: 0, Avg: 0.6, Max: 2, Diff: 2, Sum: 5]
      [Scan RS (ms): Min: 0.0, Avg: 0.0, Max: 0.0, Diff: 0.0, Sum: 0.0]
      [Code Root Scanning (ms): Min: 0.0, Avg: 0.0, Max: 0.0, Diff: 0.0, Sum: 0.0]
      [Object Copy (ms): Min: 0.0, Avg: 0.1, Max: 0.1, Diff: 0.1, Sum: 0.7]
      [Termination (ms): Min: 0.0, Avg: 3.1, Max: 3.5, Diff: 3.5, Sum: 24.5]
      [GC Worker Other (ms): Min: 0.0, Avg: 0.0, Max: 0.0, Diff: 0.0, Sum: 0.0]
      [GC Worker Total (ms): Min: 0.0, Avg: 3.4, Max: 4.0, Diff: 4.0, Sum: 27.4]
      [GC Worker End (ms): Min: 16057.7, Avg: 16057.7, Max: 16057.7, Diff: 0.0]
   [Code Root Fixup: 0.0 ms]
   [Code Root Migration: 0.0 ms]
   [Clear CT: 0.0 ms]
   [Other: 0.8 ms]
      [Choose CSet: 0.0 ms]
      [Ref Proc: 0.7 ms]
      [Ref Enq: 0.0 ms]
      [Free CSet: 0.0 ms]
   [Eden: 1024.0K(41.0M)->0.0B(42.0M) Survivors: 1024.0K->1024.0K Heap: 139.3M(210.0M)->139.3M(210.0M)]
 [Times: user=0.04 sys=0.00, real=0.00 secs] 
16.059: Total time for which application threads were stopped: 0.0050140 seconds, Stopping threads took: 0.0000300 seconds
16.059: Application time: 0.0000330 seconds
16.059: [Full GC 139M->139M(210M), 0.0075660 secs]
   [Eden: 0.0B(42.0M)->0.0B(42.0M) Survivors: 1024.0K->0.0B Heap: 139.3M(210.0M)->139.1M(210.0M)], [Perm: 5941K->5941K(20480K)]
 [Times: user=0.01 sys=0.00, real=0.01 secs] 
16.066: [Full GC 139M->139M(210M), 0.0071990 secs]
   [Eden: 0.0B(42.0M)->0.0B(42.0M) Survivors: 0.0B->0.0B Heap: 139.1M(210.0M)->139.0M(210.0M)], [Perm: 5941K->5919K(20480K)]
 [Times: user=0.01 sys=0.00, real=0.01 secs] 
16.074: Total time for which application threads were stopped: 0.0148950 seconds, Stopping threads took: 0.0000080 seconds
16.074: [GC concurrent-mark-abort]
16.082: Application time: 0.0085770 seconds
16.082: [GC pause (young) (initial-mark), 0.0060570 secs]
   [Parallel Time: 5.7 ms, GC Workers: 8]
      [GC Worker Start (ms): Min: 16082.2, Avg: 16082.9, Max: 16087.8, Diff: 5.6]
      [Ext Root Scanning (ms): Min: 0.0, Avg: 0.6, Max: 0.8, Diff: 0.8, Sum: 5.1]
      [Code Root Marking (ms): Min: 0.0, Avg: 0.0, Max: 0.1, Diff: 0.1, Sum: 0.1]
      [Update RS (ms): Min: 0.0, Avg: 0.0, Max: 0.0, Diff: 0.0, Sum: 0.1]
         [Processed Buffers: Min: 0, Avg: 0.5, Max: 2, Diff: 2, Sum: 4]
      [Scan RS (ms): Min: 0.0, Avg: 0.0, Max: 0.0, Diff: 0.0, Sum: 0.0]
      [Code Root Scanning (ms): Min: 0.0, Avg: 0.0, Max: 0.0, Diff: 0.0, Sum: 0.0]
      [Object Copy (ms): Min: 0.0, Avg: 0.2, Max: 0.4, Diff: 0.4, Sum: 1.7]
      [Termination (ms): Min: 0.0, Avg: 4.0, Max: 4.6, Diff: 4.6, Sum: 31.8]
      [GC Worker Other (ms): Min: 0.0, Avg: 0.0, Max: 0.0, Diff: 0.0, Sum: 0.0]
      [GC Worker Total (ms): Min: 0.0, Avg: 4.9, Max: 5.6, Diff: 5.6, Sum: 38.9]
      [GC Worker End (ms): Min: 16087.8, Avg: 16087.8, Max: 16087.8, Diff: 0.0]
   [Code Root Fixup: 0.0 ms]
   [Code Root Migration: 0.0 ms]
   [Clear CT: 0.1 ms]
   [Other: 0.2 ms]
      [Choose CSet: 0.0 ms]
      [Ref Proc: 0.2 ms]
      [Ref Enq: 0.0 ms]
      [Free CSet: 0.0 ms]
   [Eden: 2048.0K(42.0M)->0.0B(42.0M) Survivors: 0.0B->1024.0K Heap: 140.6M(210.0M)->139.2M(210.0M)]
 [Times: user=0.04 sys=0.00, real=0.00 secs] 
16.088: [GC concurrent-root-region-scan-start]
16.088: Total time for which application threads were stopped: 0.0061930 seconds, Stopping threads took: 0.0000200 seconds
16.088: Application time: 0.0000300 seconds
16.088: [GC concurrent-root-region-scan-end, 0.0000630 secs]
16.088: [GC concurrent-mark-start]
16.088: [GC pause (young), 0.0025250 secs]
   [Parallel Time: 0.5 ms, GC Workers: 8]
      [GC Worker Start (ms): Min: 16088.4, Avg: 16088.5, Max: 16088.9, Diff: 0.5]
      [Ext Root Scanning (ms): Min: 0.0, Avg: 0.3, Max: 0.5, Diff: 0.5, Sum: 2.3]
      [SATB Filtering (ms): Min: 0.0, Avg: 0.0, Max: 0.0, Diff: 0.0, Sum: 0.0]
      [Update RS (ms): Min: 0.0, Avg: 0.0, Max: 0.0, Diff: 0.0, Sum: 0.0]
         [Processed Buffers: Min: 0, Avg: 0.6, Max: 3, Diff: 3, Sum: 5]
      [Scan RS (ms): Min: 0.0, Avg: 0.0, Max: 0.0, Diff: 0.0, Sum: 0.0]
      [Code Root Scanning (ms): Min: 0.0, Avg: 0.0, Max: 0.0, Diff: 0.0, Sum: 0.0]
      [Object Copy (ms): Min: 0.0, Avg: 0.0, Max: 0.1, Diff: 0.1, Sum: 0.3]
      [Termination (ms): Min: 0.0, Avg: 0.1, Max: 0.1, Diff: 0.1, Sum: 0.4]
      [GC Worker Other (ms): Min: -0.0, Avg: 0.0, Max: 0.0, Diff: 0.0, Sum: 0.0]
      [GC Worker Total (ms): Min: 0.0, Avg: 0.4, Max: 0.5, Diff: 0.5, Sum: 3.1]
      [GC Worker End (ms): Min: 16088.9, Avg: 16088.9, Max: 16088.9, Diff: 0.0]
   [Code Root Fixup: 0.0 ms]
   [Code Root Migration: 0.0 ms]
   [Clear CT: 0.0 ms]
   [Other: 1.9 ms]
      [Choose CSet: 0.0 ms]
      [Ref Proc: 1.9 ms]
      [Ref Enq: 0.0 ms]
      [Free CSet: 0.0 ms]
   [Eden: 0.0B(42.0M)->0.0B(42.0M) Survivors: 1024.0K->1024.0K Heap: 139.2M(210.0M)->139.1M(210.0M)]
 [Times: user=0.02 sys=0.00, real=0.01 secs] 
16.091: Total time for which application threads were stopped: 0.0026530 seconds, Stopping threads took: 0.0000110 seconds
16.091: Application time: 0.0000360 seconds
16.091: [Full GC 139M->138M(210M), 0.0085530 secs]
   [Eden: 0.0B(42.0M)->0.0B(43.0M) Survivors: 1024.0K->0.0B Heap: 139.1M(210.0M)->138.9M(210.0M)], [Perm: 5929K->5929K(20480K)]
 [Times: user=0.02 sys=0.00, real=0.00 secs] 
16.100: [Full GC 138M->138M(210M), 0.0083090 secs]
   [Eden: 0.0B(43.0M)->0.0B(43.0M) Survivors: 0.0B->0.0B Heap: 138.9M(210.0M)->138.9M(210.0M)], [Perm: 5929K->5929K(20480K)]
 [Times: user=0.02 sys=0.00, real=0.01 secs] 
16.108: Total time for which application threads were stopped: 0.0170080 seconds, Stopping threads took: 0.0000100 seconds
16.108: [GC concurrent-mark-abort]
16.108: Application time: 0.0002130 seconds
16.108: [GC pause (young), 0.0069390 secs]
   [Parallel Time: 6.7 ms, GC Workers: 8]
      [GC Worker Start (ms): Min: 16108.3, Avg: 16109.2, Max: 16114.9, Diff: 6.6]
      [Ext Root Scanning (ms): Min: 0.0, Avg: 0.6, Max: 0.8, Diff: 0.8, Sum: 4.9]
      [Update RS (ms): Min: 0.0, Avg: 0.0, Max: 0.0, Diff: 0.0, Sum: 0.0]
         [Processed Buffers: Min: 0, Avg: 0.2, Max: 1, Diff: 1, Sum: 2]
      [Scan RS (ms): Min: 0.0, Avg: 0.0, Max: 0.0, Diff: 0.0, Sum: 0.0]
      [Code Root Scanning (ms): Min: 0.0, Avg: 0.0, Max: 0.0, Diff: 0.0, Sum: 0.0]
      [Object Copy (ms): Min: 0.0, Avg: 0.1, Max: 0.1, Diff: 0.1, Sum: 0.4]
      [Termination (ms): Min: 0.0, Avg: 5.1, Max: 5.9, Diff: 5.9, Sum: 40.9]
      [GC Worker Other (ms): Min: 0.0, Avg: 0.0, Max: 0.0, Diff: 0.0, Sum: 0.0]
      [GC Worker Total (ms): Min: 0.0, Avg: 5.8, Max: 6.7, Diff: 6.6, Sum: 46.4]
      [GC Worker End (ms): Min: 16115.0, Avg: 16115.0, Max: 16115.0, Diff: 0.0]
   [Code Root Fixup: 0.0 ms]
   [Code Root Migration: 0.0 ms]
   [Clear CT: 0.2 ms]
   [Other: 0.1 ms]
      [Choose CSet: 0.0 ms]
      [Ref Proc: 0.1 ms]
      [Ref Enq: 0.0 ms]
      [Free CSet: 0.0 ms]
   [Eden: 1024.0K(43.0M)->0.0B(42.0M) Survivors: 0.0B->1024.0K Heap: 138.9M(210.0M)->138.9M(210.0M)]
 [Times: user=0.05 sys=0.00, real=0.01 secs] 
16.115: Total time for which application threads were stopped: 0.0070600 seconds, Stopping threads took: 0.0000280 seconds
16.115: Application time: 0.0000330 seconds
16.115: [Full GC 138M->138M(210M), 0.0070350 secs]
   [Eden: 0.0B(42.0M)->0.0B(43.0M) Survivors: 1024.0K->0.0B Heap: 138.9M(210.0M)->138.9M(210.0M)], [Perm: 5929K->5929K(20480K)]
 [Times: user=0.01 sys=0.00, real=0.01 secs] 
16.122: [Full GC 138M->138M(210M), 0.0070290 secs]
   [Eden: 0.0B(43.0M)->0.0B(43.0M) Survivors: 0.0B->0.0B Heap: 138.9M(210.0M)->138.9M(210.0M)], [Perm: 5929K->5865K(20480K)]
 [Times: user=0.01 sys=0.00, real=0.00 secs] 
16.130: Total time for which application threads were stopped: 0.0142020 seconds, Stopping threads took: 0.0000160 seconds
16.274: Application time: 0.1445820 seconds
16.274: [GC pause (young), 0.0015300 secs]
   [Parallel Time: 1.0 ms, GC Workers: 8]
      [GC Worker Start (ms): Min: 16274.2, Avg: 16274.3, Max: 16274.3, Diff: 0.1]
      [Ext Root Scanning (ms): Min: 0.7, Avg: 0.8, Max: 0.8, Diff: 0.1, Sum: 6.2]
      [Update RS (ms): Min: 0.0, Avg: 0.0, Max: 0.1, Diff: 0.1, Sum: 0.1]
         [Processed Buffers: Min: 0, Avg: 0.2, Max: 2, Diff: 2, Sum: 2]
      [Scan RS (ms): Min: 0.0, Avg: 0.0, Max: 0.0, Diff: 0.0, Sum: 0.1]
      [Code Root Scanning (ms): Min: 0.0, Avg: 0.0, Max: 0.0, Diff: 0.0, Sum: 0.0]
      [Object Copy (ms): Min: 0.1, Avg: 0.1, Max: 0.1, Diff: 0.1, Sum: 0.9]
      [Termination (ms): Min: 0.0, Avg: 0.0, Max: 0.0, Diff: 0.0, Sum: 0.0]
      [GC Worker Other (ms): Min: 0.0, Avg: 0.0, Max: 0.0, Diff: 0.0, Sum: 0.1]
      [GC Worker Total (ms): Min: 0.9, Avg: 0.9, Max: 1.0, Diff: 0.1, Sum: 7.3]
      [GC Worker End (ms): Min: 16275.2, Avg: 16275.2, Max: 16275.2, Diff: 0.0]
   [Code Root Fixup: 0.0 ms]
   [Code Root Migration: 0.0 ms]
   [Clear CT: 0.3 ms]
   [Other: 0.3 ms]
      [Choose CSet: 0.0 ms]
      [Ref Proc: 0.2 ms]
      [Ref Enq: 0.0 ms]
      [Free CSet: 0.0 ms]
   [Eden: 43.0M(43.0M)->0.0B(42.0M) Survivors: 0.0B->1024.0K Heap: 181.9M(210.0M)->139.0M(210.0M)]
 [Times: user=0.01 sys=0.00, real=0.00 secs] 
16.276: Total time for which application threads were stopped: 0.0016860 seconds, Stopping threads took: 0.0000170 seconds
16.340: Application time: 0.0644010 seconds
16.340: [GC pause (young) (initial-mark), 0.0013910 secs]
   [Parallel Time: 0.9 ms, GC Workers: 8]
      [GC Worker Start (ms): Min: 16340.3, Avg: 16340.3, Max: 16340.4, Diff: 0.1]
      [Ext Root Scanning (ms): Min: 0.3, Avg: 0.5, Max: 0.5, Diff: 0.2, Sum: 3.8]
      [Code Root Marking (ms): Min: 0.0, Avg: 0.0, Max: 0.1, Diff: 0.1, Sum: 0.2]
      [Update RS (ms): Min: 0.0, Avg: 0.0, Max: 0.0, Diff: 0.0, Sum: 0.1]
         [Processed Buffers: Min: 0, Avg: 1.1, Max: 4, Diff: 4, Sum: 9]
      [Scan RS (ms): Min: 0.0, Avg: 0.0, Max: 0.0, Diff: 0.0, Sum: 0.1]
      [Code Root Scanning (ms): Min: 0.0, Avg: 0.0, Max: 0.0, Diff: 0.0, Sum: 0.0]
      [Object Copy (ms): Min: 0.2, Avg: 0.2, Max: 0.3, Diff: 0.2, Sum: 1.8]
      [Termination (ms): Min: 0.0, Avg: 0.0, Max: 0.0, Diff: 0.0, Sum: 0.0]
      [GC Worker Other (ms): Min: 0.0, Avg: 0.0, Max: 0.0, Diff: 0.0, Sum: 0.1]
      [GC Worker Total (ms): Min: 0.7, Avg: 0.7, Max: 0.8, Diff: 0.1, Sum: 6.0]
      [GC Worker End (ms): Min: 16341.1, Avg: 16341.1, Max: 16341.1, Diff: 0.0]
   [Code Root Fixup: 0.0 ms]
   [Code Root Migration: 0.0 ms]
   [Clear CT: 0.2 ms]
   [Other: 0.2 ms]
      [Choose CSet: 0.0 ms]
      [Ref Proc: 0.2 ms]
      [Ref Enq: 0.0 ms]
      [Free CSet: 0.0 ms]
   [Eden: 42.0M(42.0M)->0.0B(41.0M) Survivors: 1024.0K->1024.0K Heap: 181.0M(210.0M)->139.1M(210.0M)]
 [Times: user=0.00 sys=0.00, real=0.01 secs] 
16.342: 16.342: Total time for which application threads were stopped: 0.0015070 seconds, Stopping threads took: 0.0000120 seconds
[GC concurrent-root-region-scan-start]
16.342: [GC concurrent-root-region-scan-end, 0.0001220 secs]
16.342: [GC concurrent-mark-start]
16.343: [GC concurrent-mark-end, 0.0009590 secs]
16.343: Application time: 0.0011370 seconds
16.343: [GC remark 16.343: [GC ref-proc, 0.0001050 secs], 0.0007560 secs]
 [Times: user=0.00 sys=0.00, real=0.00 secs] 
16.344: Total time for which application threads were stopped: 0.0007890 seconds, Stopping threads took: 0.0000080 seconds
16.344: Application time: 0.0000180 seconds
16.344: [GC cleanup 139M->139M(210M), 0.0001940 secs]
 [Times: user=0.00 sys=0.00, real=0.00 secs] 
16.344: Total time for which application threads were stopped: 0.0002280 seconds, Stopping threads took: 0.0000200 seconds
16.344: [GC concurrent-cleanup-start]
16.344: [GC concurrent-cleanup-end, 0.0000040 secs]
16.402: Application time: 0.0576940 seconds
16.402: [GC pause (young), 0.0010900 secs]
   [Parallel Time: 0.9 ms, GC Workers: 8]
      [GC Worker Start (ms): Min: 16401.7, Avg: 16401.7, Max: 16401.8, Diff: 0.1]
      [Ext Root Scanning (ms): Min: 0.5, Avg: 0.5, Max: 0.6, Diff: 0.1, Sum: 4.3]
      [Update RS (ms): Min: 0.0, Avg: 0.0, Max: 0.1, Diff: 0.1, Sum: 0.2]
         [Processed Buffers: Min: 0, Avg: 1.2, Max: 4, Diff: 4, Sum: 10]
      [Scan RS (ms): Min: 0.0, Avg: 0.0, Max: 0.0, Diff: 0.0, Sum: 0.1]
      [Code Root Scanning (ms): Min: 0.0, Avg: 0.0, Max: 0.0, Diff: 0.0, Sum: 0.0]
      [Object Copy (ms): Min: 0.1, Avg: 0.2, Max: 0.3, Diff: 0.1, Sum: 1.5]
      [Termination (ms): Min: 0.0, Avg: 0.0, Max: 0.0, Diff: 0.0, Sum: 0.0]
      [GC Worker Other (ms): Min: 0.0, Avg: 0.0, Max: 0.0, Diff: 0.0, Sum: 0.1]
      [GC Worker Total (ms): Min: 0.7, Avg: 0.8, Max: 0.8, Diff: 0.1, Sum: 6.2]
      [GC Worker End (ms): Min: 16402.5, Avg: 16402.5, Max: 16402.5, Diff: 0.0]
   [Code Root Fixup: 0.0 ms]
   [Code Root Migration: 0.0 ms]
   [Clear CT: 0.1 ms]
   [Other: 0.1 ms]
      [Choose CSet: 0.0 ms]
      [Ref Proc: 0.1 ms]
      [Ref Enq: 0.0 ms]
      [Free CSet: 0.0 ms]
   [Eden: 41.0M(41.0M)->0.0B(42.0M) Survivors: 1024.0K->1024.0K Heap: 180.1M(210.0M)->139.1M(210.0M)]
 [Times: user=0.01 sys=0.00, real=0.01 secs] 
16.403: Total time for which application threads were stopped: 0.0012240 seconds, Stopping threads took: 0.0000120 seconds
16.461: Application time: 0.0585000 seconds
16.461: [GC pause (young), 0.0045410 secs]
   [Parallel Time: 0.9 ms, GC Workers: 8]
      [GC Worker Start (ms): Min: 16461.4, Avg: 16461.4, Max: 16461.5, Diff: 0.1]
      [Ext Root Scanning (ms): Min: 0.5, Avg: 0.5, Max: 0.6, Diff: 0.1, Sum: 4.3]
      [Update RS (ms): Min: 0.0, Avg: 0.0, Max: 0.1, Diff: 0.1, Sum: 0.2]
         [Processed Buffers: Min: 0, Avg: 1.2, Max: 4, Diff: 4, Sum: 10]
      [Scan RS (ms): Min: 0.0, Avg: 0.0, Max: 0.0, Diff: 0.0, Sum: 0.1]
      [Code Root Scanning (ms): Min: 0.0, Avg: 0.0, Max: 0.0, Diff: 0.0, Sum: 0.0]
      [Object Copy (ms): Min: 0.1, Avg: 0.1, Max: 0.2, Diff: 0.0, Sum: 1.2]
      [Termination (ms): Min: 0.0, Avg: 0.0, Max: 0.0, Diff: 0.0, Sum: 0.0]
      [GC Worker Other (ms): Min: 0.0, Avg: 0.0, Max: 0.0, Diff: 0.0, Sum: 0.1]
      [GC Worker Total (ms): Min: 0.7, Avg: 0.7, Max: 0.8, Diff: 0.1, Sum: 5.9]
      [GC Worker End (ms): Min: 16462.2, Avg: 16462.2, Max: 16462.2, Diff: 0.0]
   [Code Root Fixup: 0.0 ms]
   [Code Root Migration: 0.0 ms]
   [Clear CT: 0.1 ms]
   [Other: 3.5 ms]
      [Choose CSet: 0.0 ms]
      [Ref Proc: 3.5 ms]
      [Ref Enq: 0.0 ms]
      [Free CSet: 0.0 ms]
   [Eden: 42.0M(42.0M)->0.0B(42.0M) Survivors: 1024.0K->1024.0K Heap: 181.1M(210.0M)->139.2M(210.0M)]
 [Times: user=0.03 sys=0.00, real=0.01 secs] 
16.466: Total time for which application threads were stopped: 0.0046570 seconds, Stopping threads took: 0.0000120 seconds
16.573: Application time: 0.1073810 seconds
16.573: [GC pause (young) (initial-mark), 0.0013590 secs]
   [Parallel Time: 1.0 ms, GC Workers: 8]
      [GC Worker Start (ms): Min: 16573.4, Avg: 16573.5, Max: 16573.6, Diff: 0.1]
      [Ext Root Scanning (ms): Min: 0.4, Avg: 0.5, Max: 0.6, Diff: 0.2, Sum: 4.2]
      [Code Root Marking (ms): Min: 0.0, Avg: 0.0, Max: 0.1, Diff: 0.1, Sum: 0.2]
      [Update RS (ms): Min: 0.0, Avg: 0.0, Max: 0.0, Diff: 0.0, Sum: 0.1]
         [Processed Buffers: Min: 0, Avg: 1.1, Max: 3, Diff: 3, Sum: 9]
      [Scan RS (ms): Min: 0.0, Avg: 0.0, Max: 0.0, Diff: 0.0, Sum: 0.1]
      [Code Root Scanning (ms): Min: 0.0, Avg: 0.0, Max: 0.0, Diff: 0.0, Sum: 0.0]
      [Object Copy (ms): Min: 0.1, Avg: 0.2, Max: 0.3, Diff: 0.1, Sum: 1.7]
      [Termination (ms): Min: 0.0, Avg: 0.0, Max: 0.0, Diff: 0.0, Sum: 0.0]
      [GC Worker Other (ms): Min: 0.0, Avg: 0.0, Max: 0.0, Diff: 0.0, Sum: 0.1]
      [GC Worker Total (ms): Min: 0.7, Avg: 0.8, Max: 0.9, Diff: 0.1, Sum: 6.4]
      [GC Worker End (ms): Min: 16574.3, Avg: 16574.3, Max: 16574.3, Diff: 0.0]
   [Code Root Fixup: 0.0 ms]
   [Code Root Migration: 0.0 ms]
   [Clear CT: 0.2 ms]
   [Other: 0.2 ms]
      [Choose CSet: 0.0 ms]
      [Ref Proc: 0.2 ms]
      [Ref Enq: 0.0 ms]
      [Free CSet: 0.0 ms]
   [Eden: 42.0M(42.0M)->0.0B(42.0M) Survivors: 1024.0K->1024.0K Heap: 181.2M(210.0M)->139.1M(210.0M)]
 [Times: user=0.00 sys=0.00, real=0.00 secs] 
16.575: Total time for which application threads were stopped: 0.0014750 seconds, Stopping threads took: 0.0000140 seconds
16.575: [GC concurrent-root-region-scan-start]
16.575: [GC concurrent-root-region-scan-end, 0.0002020 secs]
16.575: [GC concurrent-mark-start]
16.577: [GC concurrent-mark-end, 0.0015100 secs]
16.577: Application time: 0.0017450 seconds
16.577: [GC remark 16.577: [GC ref-proc, 0.0001080 secs], 0.0007120 secs]
 [Times: user=0.00 sys=0.00, real=0.00 secs] 
16.577: Total time for which application threads were stopped: 0.0007660 seconds, Stopping threads took: 0.0000260 seconds
16.577: Application time: 0.0000200 seconds
16.577: [GC cleanup 139M->139M(210M), 0.0001810 secs]
 [Times: user=0.00 sys=0.00, real=0.00 secs] 
16.578: Total time for which application threads were stopped: 0.0002160 seconds, Stopping threads took: 0.0000150 seconds
16.657: Application time: 0.0789900 seconds
16.657: [GC pause (young), 0.0009270 secs]
   [Parallel Time: 0.8 ms, GC Workers: 8]
      [GC Worker Start (ms): Min: 16656.7, Avg: 16656.7, Max: 16656.8, Diff: 0.1]
      [Ext Root Scanning (ms): Min: 0.5, Avg: 0.5, Max: 0.6, Diff: 0.2, Sum: 4.3]
      [Update RS (ms): Min: 0.0, Avg: 0.0, Max: 0.0, Diff: 0.0, Sum: 0.1]
         [Processed Buffers: Min: 0, Avg: 1.1, Max: 4, Diff: 4, Sum: 9]
      [Scan RS (ms): Min: 0.0, Avg: 0.0, Max: 0.0, Diff: 0.0, Sum: 0.1]
      [Code Root Scanning (ms): Min: 0.0, Avg: 0.0, Max: 0.0, Diff: 0.0, Sum: 0.0]
      [Object Copy (ms): Min: 0.1, Avg: 0.1, Max: 0.2, Diff: 0.1, Sum: 1.1]
      [Termination (ms): Min: 0.0, Avg: 0.0, Max: 0.0, Diff: 0.0, Sum: 0.0]
      [GC Worker Other (ms): Min: 0.0, Avg: 0.0, Max: 0.0, Diff: 0.0, Sum: 0.1]
      [GC Worker Total (ms): Min: 0.7, Avg: 0.7, Max: 0.7, Diff: 0.1, Sum: 5.6]
      [GC Worker End (ms): Min: 16657.4, Avg: 16657.4, Max: 16657.4, Diff: 0.0]
   [Code Root Fixup: 0.0 ms]
   [Code Root Migration: 0.0 ms]
   [Clear CT: 0.0 ms]
   [Other: 0.1 ms]
      [Choose CSet: 0.0 ms]
      [Ref Proc: 0.1 ms]
      [Ref Enq: 0.0 ms]
      [Free CSet: 0.0 ms]
   [Eden: 42.0M(42.0M)->0.0B(42.0M) Survivors: 1024.0K->1024.0K Heap: 181.1M(210.0M)->139.1M(210.0M)]
 [Times: user=0.00 sys=0.00, real=0.00 secs] 
16.658: Total time for which application threads were stopped: 0.0010610 seconds, Stopping threads took: 0.0000130 seconds
16.712: Application time: 0.0546920 seconds
16.712: [GC pause (young), 0.0009950 secs]
   [Parallel Time: 0.8 ms, GC Workers: 8]
      [GC Worker Start (ms): Min: 16712.4, Avg: 16712.5, Max: 16713.1, Diff: 0.7]
      [Ext Root Scanning (ms): Min: 0.0, Avg: 0.5, Max: 0.6, Diff: 0.6, Sum: 3.7]
      [Update RS (ms): Min: 0.0, Avg: 0.0, Max: 0.0, Diff: 0.0, Sum: 0.1]
         [Processed Buffers: Min: 0, Avg: 0.9, Max: 3, Diff: 3, Sum: 7]
      [Scan RS (ms): Min: 0.0, Avg: 0.0, Max: 0.0, Diff: 0.0, Sum: 0.1]
      [Code Root Scanning (ms): Min: 0.0, Avg: 0.0, Max: 0.0, Diff: 0.0, Sum: 0.0]
      [Object Copy (ms): Min: 0.0, Avg: 0.1, Max: 0.2, Diff: 0.2, Sum: 0.9]
      [Termination (ms): Min: 0.0, Avg: 0.0, Max: 0.0, Diff: 0.0, Sum: 0.0]
      [GC Worker Other (ms): Min: 0.0, Avg: 0.0, Max: 0.0, Diff: 0.0, Sum: 0.1]
      [GC Worker Total (ms): Min: 0.0, Avg: 0.6, Max: 0.7, Diff: 0.7, Sum: 4.9]
      [GC Worker End (ms): Min: 16713.1, Avg: 16713.1, Max: 16713.1, Diff: 0.0]
   [Code Root Fixup: 0.0 ms]
   [Code Root Migration: 0.0 ms]
   [Clear CT: 0.0 ms]
   [Other: 0.1 ms]
      [Choose CSet: 0.0 ms]
      [Ref Proc: 0.1 ms]
      [Ref Enq: 0.0 ms]
      [Free CSet: 0.0 ms]
   [Eden: 42.0M(42.0M)->0.0B(42.0M) Survivors: 1024.0K->1024.0K Heap: 181.1M(210.0M)->139.2M(210.0M)]
 [Times: user=0.00 sys=0.00, real=0.00 secs] 
16.713: Total time for which application threads were stopped: 0.0011080 seconds, Stopping threads took: 0.0000160 seconds
16.767: Application time: 0.0535970 seconds
16.767: [GC pause (young) (initial-mark), 0.0011800 secs]
   [Parallel Time: 0.9 ms, GC Workers: 8]
      [GC Worker Start (ms): Min: 16767.1, Avg: 16767.2, Max: 16767.7, Diff: 0.6]
      [Ext Root Scanning (ms): Min: 0.0, Avg: 0.5, Max: 0.7, Diff: 0.7, Sum: 3.6]
      [Code Root Marking (ms): Min: 0.0, Avg: 0.0, Max: 0.1, Diff: 0.1, Sum: 0.2]
      [Update RS (ms): Min: 0.0, Avg: 0.0, Max: 0.0, Diff: 0.0, Sum: 0.1]
         [Processed Buffers: Min: 0, Avg: 0.6, Max: 2, Diff: 2, Sum: 5]
      [Scan RS (ms): Min: 0.0, Avg: 0.0, Max: 0.0, Diff: 0.0, Sum: 0.1]
      [Code Root Scanning (ms): Min: 0.0, Avg: 0.0, Max: 0.0, Diff: 0.0, Sum: 0.0]
      [Object Copy (ms): Min: 0.1, Avg: 0.2, Max: 0.4, Diff: 0.3, Sum: 1.9]
      [Termination (ms): Min: 0.0, Avg: 0.0, Max: 0.0, Diff: 0.0, Sum: 0.3]
      [GC Worker Other (ms): Min: 0.0, Avg: 0.0, Max: 0.0, Diff: 0.0, Sum: 0.1]
      [GC Worker Total (ms): Min: 0.3, Avg: 0.8, Max: 0.9, Diff: 0.6, Sum: 6.2]
      [GC Worker End (ms): Min: 16768.0, Avg: 16768.0, Max: 16768.0, Diff: 0.0]
   [Code Root Fixup: 0.0 ms]
   [Code Root Migration: 0.0 ms]
   [Clear CT: 0.1 ms]
   [Other: 0.2 ms]
      [Choose CSet: 0.0 ms]
      [Ref Proc: 0.1 ms]
      [Ref Enq: 0.0 ms]
      [Free CSet: 0.0 ms]
   [Eden: 42.0M(42.0M)->0.0B(42.0M) Survivors: 1024.0K->1024.0K Heap: 181.2M(210.0M)->139.2M(210.0M)]
 [Times: user=0.01 sys=0.00, real=0.00 secs] 
16.768: [GC concurrent-root-region-scan-start]
16.768: Total time for which application threads were stopped: 0.0013100 seconds, Stopping threads took: 0.0000180 seconds
16.768: [GC concurrent-root-region-scan-end, 0.0001500 secs]
16.768: [GC concurrent-mark-start]
16.769: [GC concurrent-mark-end, 0.0009450 secs]
16.769: Application time: 0.0011130 seconds
16.769: [GC remark 16.770: [GC ref-proc, 0.0001070 secs], 0.0006680 secs]
 [Times: user=0.01 sys=0.00, real=0.01 secs] 
16.770: Total time for which application threads were stopped: 0.0006980 seconds, Stopping threads took: 0.0000090 seconds
16.770: Application time: 0.0000180 seconds
16.770: [GC cleanup 139M->139M(210M), 0.0001850 secs]
 [Times: user=0.00 sys=0.00, real=0.00 secs] 
16.770: Total time for which application threads were stopped: 0.0002080 seconds, Stopping threads took: 0.0000050 seconds
16.823: Application time: 0.0523760 seconds
16.823: [GC pause (young), 0.0009360 secs]
   [Parallel Time: 0.8 ms, GC Workers: 8]
      [GC Worker Start (ms): Min: 16822.8, Avg: 16822.9, Max: 16822.9, Diff: 0.1]
      [Ext Root Scanning (ms): Min: 0.5, Avg: 0.5, Max: 0.6, Diff: 0.1, Sum: 4.2]
      [Update RS (ms): Min: 0.0, Avg: 0.0, Max: 0.0, Diff: 0.0, Sum: 0.1]
         [Processed Buffers: Min: 0, Avg: 0.8, Max: 3, Diff: 3, Sum: 6]
      [Scan RS (ms): Min: 0.0, Avg: 0.0, Max: 0.0, Diff: 0.0, Sum: 0.1]
      [Code Root Scanning (ms): Min: 0.0, Avg: 0.0, Max: 0.0, Diff: 0.0, Sum: 0.0]
      [Object Copy (ms): Min: 0.1, Avg: 0.1, Max: 0.2, Diff: 0.1, Sum: 1.0]
      [Termination (ms): Min: 0.0, Avg: 0.0, Max: 0.0, Diff: 0.0, Sum: 0.0]
      [GC Worker Other (ms): Min: 0.0, Avg: 0.0, Max: 0.0, Diff: 0.0, Sum: 0.1]
      [GC Worker Total (ms): Min: 0.6, Avg: 0.7, Max: 0.7, Diff: 0.1, Sum: 5.5]
      [GC Worker End (ms): Min: 16823.6, Avg: 16823.6, Max: 16823.6, Diff: 0.0]
   [Code Root Fixup: 0.0 ms]
   [Code Root Migration: 0.0 ms]
   [Clear CT: 0.1 ms]
   [Other: 0.1 ms]
      [Choose CSet: 0.0 ms]
      [Ref Proc: 0.1 ms]
      [Ref Enq: 0.0 ms]
      [Free CSet: 0.0 ms]
   [Eden: 42.0M(42.0M)->0.0B(42.0M) Survivors: 1024.0K->1024.0K Heap: 181.2M(210.0M)->139.1M(210.0M)]
 [Times: user=0.01 sys=0.00, real=0.00 secs] 
16.824: Total time for which application threads were stopped: 0.0010550 seconds, Stopping threads took: 0.0000100 seconds
16.915: Application time: 0.0915850 seconds
16.915: [GC pause (young), 0.0009780 secs]
   [Parallel Time: 0.7 ms, GC Workers: 8]
      [GC Worker Start (ms): Min: 16915.5, Avg: 16915.5, Max: 16915.6, Diff: 0.1]
      [Ext Root Scanning (ms): Min: 0.4, Avg: 0.5, Max: 0.5, Diff: 0.1, Sum: 3.8]
      [Update RS (ms): Min: 0.0, Avg: 0.0, Max: 0.1, Diff: 0.1, Sum: 0.1]
         [Processed Buffers: Min: 0, Avg: 1.0, Max: 2, Diff: 2, Sum: 8]
      [Scan RS (ms): Min: 0.0, Avg: 0.0, Max: 0.0, Diff: 0.0, Sum: 0.1]
      [Code Root Scanning (ms): Min: 0.0, Avg: 0.0, Max: 0.0, Diff: 0.0, Sum: 0.0]
      [Object Copy (ms): Min: 0.1, Avg: 0.1, Max: 0.2, Diff: 0.1, Sum: 1.0]
      [Termination (ms): Min: 0.0, Avg: 0.0, Max: 0.0, Diff: 0.0, Sum: 0.0]
      [GC Worker Other (ms): Min: 0.0, Avg: 0.0, Max: 0.0, Diff: 0.0, Sum: 0.0]
      [GC Worker Total (ms): Min: 0.6, Avg: 0.6, Max: 0.7, Diff: 0.1, Sum: 5.1]
      [GC Worker End (ms): Min: 16916.2, Avg: 16916.2, Max: 16916.2, Diff: 0.0]
   [Code Root Fixup: 0.0 ms]
   [Code Root Migration: 0.0 ms]
   [Clear CT: 0.1 ms]
   [Other: 0.2 ms]
      [Choose CSet: 0.0 ms]
      [Ref Proc: 0.1 ms]
      [Ref Enq: 0.0 ms]
      [Free CSet: 0.0 ms]
   [Eden: 42.0M(42.0M)->0.0B(42.0M) Survivors: 1024.0K->1024.0K Heap: 181.1M(210.0M)->139.1M(210.0M)]
 [Times: user=0.00 sys=0.00, real=0.00 secs] 
16.916: Total time for which application threads were stopped: 0.0010910 seconds, Stopping threads took: 0.0000150 seconds
16.986: Application time: 0.0692240 seconds
16.986: [GC pause (young) (initial-mark), 0.0014480 secs]
   [Parallel Time: 1.0 ms, GC Workers: 8]
      [GC Worker Start (ms): Min: 16985.8, Avg: 16985.9, Max: 16985.9, Diff: 0.1]
      [Ext Root Scanning (ms): Min: 0.4, Avg: 0.5, Max: 0.6, Diff: 0.2, Sum: 3.7]
      [Code Root Marking (ms): Min: 0.0, Avg: 0.0, Max: 0.1, Diff: 0.1, Sum: 0.2]
      [Update RS (ms): Min: 0.0, Avg: 0.0, Max: 0.0, Diff: 0.0, Sum: 0.1]
         [Processed Buffers: Min: 0, Avg: 1.1, Max: 3, Diff: 3, Sum: 9]
      [Scan RS (ms): Min: 0.0, Avg: 0.0, Max: 0.0, Diff: 0.0, Sum: 0.1]
      [Code Root Scanning (ms): Min: 0.0, Avg: 0.0, Max: 0.0, Diff: 0.0, Sum: 0.0]
      [Object Copy (ms): Min: 0.2, Avg: 0.2, Max: 0.3, Diff: 0.1, Sum: 1.9]
      [Termination (ms): Min: 0.0, Avg: 0.0, Max: 0.0, Diff: 0.0, Sum: 0.2]
      [GC Worker Other (ms): Min: 0.0, Avg: 0.0, Max: 0.0, Diff: 0.0, Sum: 0.0]
      [GC Worker Total (ms): Min: 0.7, Avg: 0.8, Max: 0.8, Diff: 0.1, Sum: 6.2]
      [GC Worker End (ms): Min: 16986.6, Avg: 16986.6, Max: 16986.7, Diff: 0.0]
   [Code Root Fixup: 0.0 ms]
   [Code Root Migration: 0.0 ms]
   [Clear CT: 0.3 ms]
   [Other: 0.2 ms]
      [Choose CSet: 0.0 ms]
      [Ref Proc: 0.1 ms]
      [Ref Enq: 0.0 ms]
      [Free CSet: 0.0 ms]
   [Eden: 42.0M(42.0M)->0.0B(42.0M) Survivors: 1024.0K->1024.0K Heap: 181.1M(210.0M)->139.1M(210.0M)]
 [Times: user=0.01 sys=0.00, real=0.00 secs] 
16.987: [GC concurrent-root-region-scan-start]
16.987: Total time for which application threads were stopped: 0.0015670 seconds, Stopping threads took: 0.0000120 seconds
16.987: [GC concurrent-root-region-scan-end, 0.0001630 secs]
16.987: [GC concurrent-mark-start]
16.988: [GC concurrent-mark-end, 0.0010330 secs]
16.988: Application time: 0.0012110 seconds
16.989: [GC remark 16.989: [GC ref-proc, 0.0001080 secs], 0.0008150 secs]
 [Times: user=0.00 sys=0.00, real=0.00 secs] 
16.989: Total time for which application threads were stopped: 0.0008460 seconds, Stopping threads took: 0.0000070 seconds
16.989: Application time: 0.0000180 seconds
16.989: [GC cleanup 140M->140M(210M), 0.0001740 secs]
 [Times: user=0.00 sys=0.00, real=0.00 secs] 
16.990: Total time for which application threads were stopped: 0.0002010 seconds, Stopping threads took: 0.0000060 seconds
17.041: Application time: 0.0516890 seconds
17.041: [GC pause (young), 0.0009750 secs]
   [Parallel Time: 0.8 ms, GC Workers: 8]
      [GC Worker Start (ms): Min: 17041.3, Avg: 17041.4, Max: 17041.4, Diff: 0.1]
      [Ext Root Scanning (ms): Min: 0.5, Avg: 0.5, Max: 0.6, Diff: 0.1, Sum: 4.3]
      [Update RS (ms): Min: 0.0, Avg: 0.0, Max: 0.0, Diff: 0.0, Sum: 0.1]
         [Processed Buffers: Min: 0, Avg: 0.8, Max: 2, Diff: 2, Sum: 6]
      [Scan RS (ms): Min: 0.0, Avg: 0.0, Max: 0.0, Diff: 0.0, Sum: 0.1]
      [Code Root Scanning (ms): Min: 0.0, Avg: 0.0, Max: 0.0, Diff: 0.0, Sum: 0.0]
      [Object Copy (ms): Min: 0.1, Avg: 0.1, Max: 0.2, Diff: 0.1, Sum: 0.9]
      [Termination (ms): Min: 0.0, Avg: 0.0, Max: 0.0, Diff: 0.0, Sum: 0.0]
      [GC Worker Other (ms): Min: 0.0, Avg: 0.0, Max: 0.0, Diff: 0.0, Sum: 0.1]
      [GC Worker Total (ms): Min: 0.6, Avg: 0.7, Max: 0.7, Diff: 0.1, Sum: 5.5]
      [GC Worker End (ms): Min: 17042.0, Avg: 17042.0, Max: 17042.1, Diff: 0.0]
   [Code Root Fixup: 0.0 ms]
   [Code Root Migration: 0.0 ms]
   [Clear CT: 0.1 ms]
   [Other: 0.1 ms]
      [Choose CSet: 0.0 ms]
      [Ref Proc: 0.1 ms]
      [Ref Enq: 0.0 ms]
      [Free CSet: 0.0 ms]
   [Eden: 42.0M(42.0M)->0.0B(42.0M) Survivors: 1024.0K->1024.0K Heap: 181.1M(210.0M)->139.1M(210.0M)]
 [Times: user=0.00 sys=0.00, real=0.01 secs] 
17.042: Total time for which application threads were stopped: 0.0010920 seconds, Stopping threads took: 0.0000120 seconds
17.095: Application time: 0.0525150 seconds
17.095: [GC pause (young), 0.0009760 secs]
   [Parallel Time: 0.8 ms, GC Workers: 8]
      [GC Worker Start (ms): Min: 17095.0, Avg: 17095.0, Max: 17095.1, Diff: 0.1]
      [Ext Root Scanning (ms): Min: 0.5, Avg: 0.5, Max: 0.6, Diff: 0.1, Sum: 4.1]
      [Update RS (ms): Min: 0.0, Avg: 0.0, Max: 0.0, Diff: 0.0, Sum: 0.1]
         [Processed Buffers: Min: 0, Avg: 1.2, Max: 4, Diff: 4, Sum: 10]
      [Scan RS (ms): Min: 0.0, Avg: 0.0, Max: 0.0, Diff: 0.0, Sum: 0.1]
      [Code Root Scanning (ms): Min: 0.0, Avg: 0.0, Max: 0.0, Diff: 0.0, Sum: 0.0]
      [Object Copy (ms): Min: 0.1, Avg: 0.1, Max: 0.1, Diff: 0.0, Sum: 1.0]
      [Termination (ms): Min: 0.0, Avg: 0.0, Max: 0.0, Diff: 0.0, Sum: 0.0]
      [GC Worker Other (ms): Min: 0.0, Avg: 0.0, Max: 0.0, Diff: 0.0, Sum: 0.1]
      [GC Worker Total (ms): Min: 0.6, Avg: 0.7, Max: 0.7, Diff: 0.1, Sum: 5.4]
      [GC Worker End (ms): Min: 17095.7, Avg: 17095.7, Max: 17095.7, Diff: 0.0]
   [Code Root Fixup: 0.0 ms]
   [Code Root Migration: 0.0 ms]
   [Clear CT: 0.0 ms]
   [Other: 0.1 ms]
      [Choose CSet: 0.0 ms]
      [Ref Proc: 0.1 ms]
      [Ref Enq: 0.0 ms]
      [Free CSet: 0.0 ms]
   [Eden: 42.0M(42.0M)->0.0B(42.0M) Survivors: 1024.0K->1024.0K Heap: 181.1M(210.0M)->139.1M(210.0M)]
 [Times: user=0.00 sys=0.00, real=0.00 secs] 
17.096: Total time for which application threads were stopped: 0.0011030 seconds, Stopping threads took: 0.0000100 seconds
17.148: Application time: 0.0523850 seconds
17.148: [GC pause (young) (initial-mark), 0.0010570 secs]
   [Parallel Time: 0.9 ms, GC Workers: 8]
      [GC Worker Start (ms): Min: 17148.4, Avg: 17148.5, Max: 17148.5, Diff: 0.1]
      [Ext Root Scanning (ms): Min: 0.4, Avg: 0.5, Max: 0.6, Diff: 0.2, Sum: 3.9]
      [Code Root Marking (ms): Min: 0.0, Avg: 0.0, Max: 0.1, Diff: 0.1, Sum: 0.2]
      [Update RS (ms): Min: 0.0, Avg: 0.0, Max: 0.0, Diff: 0.0, Sum: 0.1]
         [Processed Buffers: Min: 0, Avg: 1.0, Max: 4, Diff: 4, Sum: 8]
      [Scan RS (ms): Min: 0.0, Avg: 0.0, Max: 0.0, Diff: 0.0, Sum: 0.1]
      [Code Root Scanning (ms): Min: 0.0, Avg: 0.0, Max: 0.0, Diff: 0.0, Sum: 0.0]
      [Object Copy (ms): Min: 0.2, Avg: 0.3, Max: 0.4, Diff: 0.2, Sum: 2.1]
      [Termination (ms): Min: 0.0, Avg: 0.0, Max: 0.0, Diff: 0.0, Sum: 0.0]
      [GC Worker Other (ms): Min: 0.0, Avg: 0.0, Max: 0.0, Diff: 0.0, Sum: 0.1]
      [GC Worker Total (ms): Min: 0.7, Avg: 0.8, Max: 0.8, Diff: 0.1, Sum: 6.4]
      [GC Worker End (ms): Min: 17149.3, Avg: 17149.3, Max: 17149.3, Diff: 0.0]
   [Code Root Fixup: 0.0 ms]
   [Code Root Migration: 0.0 ms]
   [Clear CT: 0.0 ms]
   [Other: 0.1 ms]
      [Choose CSet: 0.0 ms]
      [Ref Proc: 0.1 ms]
      [Ref Enq: 0.0 ms]
      [Free CSet: 0.0 ms]
   [Eden: 42.0M(42.0M)->0.0B(42.0M) Survivors: 1024.0K->1024.0K Heap: 181.1M(210.0M)->139.2M(210.0M)]
 [Times: user=0.00 sys=0.00, real=0.00 secs] 
17.150: [GC concurrent-root-region-scan-start]
17.150: Total time for which application threads were stopped: 0.0011760 seconds, Stopping threads took: 0.0000110 seconds
17.150: [GC concurrent-root-region-scan-end, 0.0001650 secs]
17.150: [GC concurrent-mark-start]
17.151: [GC concurrent-mark-end, 0.0009530 secs]
17.151: Application time: 0.0011330 seconds
17.151: [GC remark 17.151: [GC ref-proc, 0.0001060 secs], 0.0006440 secs]
 [Times: user=0.00 sys=0.00, real=0.00 secs] 
17.151: Total time for which application threads were stopped: 0.0006890 seconds, Stopping threads took: 0.0000160 seconds
17.151: Application time: 0.0000210 seconds
17.151: [GC cleanup 139M->139M(210M), 0.0001790 secs]
 [Times: user=0.00 sys=0.00, real=0.00 secs] 
17.152: Total time for which application threads were stopped: 0.0002180 seconds, Stopping threads took: 0.0000130 seconds
17.190: Application time: 0.0379830 seconds
17.190: Total time for which application threads were stopped: 0.0000440 seconds, Stopping threads took: 0.0000100 seconds
17.193: Application time: 0.0032550 seconds
17.193: Total time for which application threads were stopped: 0.0000230 seconds, Stopping threads took: 0.0000050 seconds
17.220: Application time: 0.0275170 seconds
17.220: Total time for which application threads were stopped: 0.0000650 seconds, Stopping threads took: 0.0000080 seconds
17.335: Application time: 0.1146410 seconds
17.335: [GC pause (young), 0.0030480 secs]
   [Parallel Time: 1.8 ms, GC Workers: 8]
      [GC Worker Start (ms): Min: 17335.2, Avg: 17335.3, Max: 17335.4, Diff: 0.1]
      [Ext Root Scanning (ms): Min: 0.7, Avg: 0.8, Max: 1.0, Diff: 0.3, Sum: 6.2]
      [Update RS (ms): Min: 0.0, Avg: 0.0, Max: 0.1, Diff: 0.1, Sum: 0.3]
         [Processed Buffers: Min: 0, Avg: 3.0, Max: 9, Diff: 9, Sum: 24]
      [Scan RS (ms): Min: 0.0, Avg: 0.0, Max: 0.0, Diff: 0.0, Sum: 0.1]
      [Code Root Scanning (ms): Min: 0.0, Avg: 0.0, Max: 0.0, Diff: 0.0, Sum: 0.0]
      [Object Copy (ms): Min: 0.8, Avg: 0.9, Max: 1.0, Diff: 0.2, Sum: 7.0]
      [Termination (ms): Min: 0.0, Avg: 0.0, Max: 0.0, Diff: 0.0, Sum: 0.0]
      [GC Worker Other (ms): Min: 0.0, Avg: 0.0, Max: 0.0, Diff: 0.0, Sum: 0.1]
      [GC Worker Total (ms): Min: 1.7, Avg: 1.7, Max: 1.8, Diff: 0.1, Sum: 13.7]
      [GC Worker End (ms): Min: 17337.0, Avg: 17337.0, Max: 17337.0, Diff: 0.0]
   [Code Root Fixup: 0.0 ms]
   [Code Root Migration: 0.0 ms]
   [Clear CT: 0.5 ms]
   [Other: 0.7 ms]
      [Choose CSet: 0.0 ms]
      [Ref Proc: 0.6 ms]
      [Ref Enq: 0.0 ms]
      [Free CSet: 0.0 ms]
   [Eden: 42.0M(42.0M)->0.0B(36.0M) Survivors: 1024.0K->4096.0K Heap: 181.2M(210.0M)->142.8M(210.0M)]
 [Times: user=0.01 sys=0.00, real=0.00 secs] 
17.338: Total time for which application threads were stopped: 0.0031900 seconds, Stopping threads took: 0.0000090 seconds
17.392: Application time: 0.0535170 seconds
17.392: [GC pause (young) (initial-mark), 0.0027270 secs]
   [Parallel Time: 2.4 ms, GC Workers: 8]
      [GC Worker Start (ms): Min: 17391.9, Avg: 17392.3, Max: 17394.2, Diff: 2.3]
      [Ext Root Scanning (ms): Min: 0.0, Avg: 0.8, Max: 1.1, Diff: 1.1, Sum: 6.0]
      [Code Root Marking (ms): Min: 0.0, Avg: 0.0, Max: 0.1, Diff: 0.1, Sum: 0.2]
      [Update RS (ms): Min: 0.0, Avg: 0.0, Max: 0.1, Diff: 0.1, Sum: 0.3]
         [Processed Buffers: Min: 0, Avg: 2.2, Max: 8, Diff: 8, Sum: 18]
      [Scan RS (ms): Min: 0.0, Avg: 0.0, Max: 0.0, Diff: 0.0, Sum: 0.0]
      [Code Root Scanning (ms): Min: 0.0, Avg: 0.0, Max: 0.0, Diff: 0.0, Sum: 0.0]
      [Object Copy (ms): Min: 0.0, Avg: 1.0, Max: 1.3, Diff: 1.3, Sum: 8.4]
      [Termination (ms): Min: 0.0, Avg: 0.1, Max: 0.1, Diff: 0.1, Sum: 0.6]
      [GC Worker Other (ms): Min: 0.0, Avg: 0.0, Max: 0.0, Diff: 0.0, Sum: 0.0]
      [GC Worker Total (ms): Min: 0.0, Avg: 1.9, Max: 2.3, Diff: 2.3, Sum: 15.5]
      [GC Worker End (ms): Min: 17394.2, Avg: 17394.2, Max: 17394.3, Diff: 0.0]
   [Code Root Fixup: 0.0 ms]
   [Code Root Migration: 0.0 ms]
   [Clear CT: 0.1 ms]
   [Other: 0.2 ms]
      [Choose CSet: 0.0 ms]
      [Ref Proc: 0.2 ms]
      [Ref Enq: 0.0 ms]
      [Free CSet: 0.0 ms]
   [Eden: 3072.0K(36.0M)->0.0B(34.0M) Survivors: 4096.0K->4096.0K Heap: 145.6M(210.0M)->142.7M(210.0M)]
 [Times: user=0.02 sys=0.00, real=0.00 secs] 
17.395: [GC concurrent-root-region-scan-start]
17.395: Total time for which application threads were stopped: 0.0028570 seconds, Stopping threads took: 0.0000130 seconds
17.395: Application time: 0.0001250 seconds
17.395: Total time for which application threads were stopped: 0.0003260 seconds, Stopping threads took: 0.0002920 seconds
17.395: Application time: 0.0000560 seconds
17.395: Total time for which application threads were stopped: 0.0000350 seconds, Stopping threads took: 0.0000250 seconds
17.395: Application time: 0.0000350 seconds
17.395: Total time for which application threads were stopped: 0.0000280 seconds, Stopping threads took: 0.0000070 seconds
17.395: Application time: 0.0000420 seconds
17.395: Total time for which application threads were stopped: 0.0000210 seconds, Stopping threads took: 0.0000120 seconds
17.396: [GC concurrent-root-region-scan-end, 0.0011750 secs]
17.396: [GC concurrent-mark-start]
17.398: [GC concurrent-mark-end, 0.0019080 secs]
17.398: Application time: 0.0024230 seconds
17.398: [GC remark 17.406: [GC ref-proc, 0.0001160 secs], 0.0086660 secs]
 [Times: user=0.06 sys=0.00, real=0.01 secs] 
17.407: Total time for which application threads were stopped: 0.0087240 seconds, Stopping threads took: 0.0000240 seconds
17.407: Application time: 0.0000300 seconds
17.407: [GC cleanup 144M->144M(210M), 0.0001980 secs]
 [Times: user=0.00 sys=0.00, real=0.00 secs] 
17.407: Total time for which application threads were stopped: 0.0002520 seconds, Stopping threads took: 0.0000250 seconds
17.407: Application time: 0.0000610 seconds
17.407: Total time for which application threads were stopped: 0.0000280 seconds, Stopping threads took: 0.0000140 seconds
17.514: Application time: 0.1074390 seconds
17.514: Total time for which application threads were stopped: 0.0000340 seconds, Stopping threads took: 0.0000080 seconds
Heap
 garbage-first heap   total 215040K, used 167709K [0x00000000edc00000, 0x00000000fae00000, 0x00000000fae00000)
  region size 1024K, 22 young (22528K), 4 survivors (4096K)
 compacting perm gen  total 20480K, used 13468K [0x00000000fae00000, 0x00000000fc200000, 0x0000000100000000)
   the space 20480K,  65% used [0x00000000fae00000, 0x00000000fbb27358, 0x00000000fbb27400, 0x00000000fc200000)
No shared spaces configured.
17.515: Application time: 0.0001830 seconds
