Java HotSpot(TM) 64-Bit Server VM (24.80-b11) for linux-amd64 JRE (1.7.0_80-b15), built on Apr 10 2015 19:53:14 by "java_re" with gcc 4.3.0 20080428 (Red Hat 4.3.0-8)
Memory: 4k page, physical 8000092k(5519484k free), swap 8218620k(8218620k free)
CommandLine flags: -XX:InitialHeapSize=5142528 -XX:MaxHeapSize=5142528 -XX:+PrintGC -XX:+PrintGCApplicationConcurrentTime -XX:+PrintGCApplicationStoppedTime -XX:+PrintGCDetails -XX:+PrintGCTimeStamps -XX:-UseAdaptiveSizePolicy -XX:+UseCompressedOops -XX:+UseG1GC 
0.080: Application time: 0.0575500 seconds
0.081: [GC pause (young), 0.0012030 secs]
   [Parallel Time: 0.7 ms, GC Workers: 8]
      [GC Worker Start (ms): Min: 80.5, Avg: 80.6, Max: 80.6, Diff: 0.1]
      [Ext Root Scanning (ms): Min: 0.3, Avg: 0.4, Max: 0.4, Diff: 0.1, Sum: 3.0]
      [Update RS (ms): Min: 0.0, Avg: 0.0, Max: 0.0, Diff: 0.0, Sum: 0.0]
         [Processed Buffers: Min: 0, Avg: 1.8, Max: 10, Diff: 10, Sum: 14]
      [Scan RS (ms): Min: 0.0, Avg: 0.0, Max: 0.0, Diff: 0.0, Sum: 0.0]
      [Code Root Scanning (ms): Min: 0.0, Avg: 0.0, Max: 0.0, Diff: 0.0, Sum: 0.0]
      [Object Copy (ms): Min: 0.2, Avg: 0.3, Max: 0.3, Diff: 0.1, Sum: 2.2]
      [Termination (ms): Min: 0.0, Avg: 0.0, Max: 0.0, Diff: 0.0, Sum: 0.0]
      [GC Worker Other (ms): Min: 0.0, Avg: 0.0, Max: 0.0, Diff: 0.0, Sum: 0.1]
      [GC Worker Total (ms): Min: 0.6, Avg: 0.7, Max: 0.7, Diff: 0.1, Sum: 5.3]
      [GC Worker End (ms): Min: 81.2, Avg: 81.2, Max: 81.2, Diff: 0.0]
   [Code Root Fixup: 0.0 ms]
   [Code Root Migration: 0.0 ms]
   [Clear CT: 0.2 ms]
   [Other: 0.3 ms]
      [Choose CSet: 0.0 ms]
      [Ref Proc: 0.3 ms]
      [Ref Enq: 0.0 ms]
      [Free CSet: 0.0 ms]
   [Eden: 2048.0K(2048.0K)->0.0B(1024.0K) Survivors: 0.0B->1024.0K Heap: 2048.0K(5120.0K)->1012.4K(5120.0K)]
 [Times: user=0.00 sys=0.00, real=0.00 secs] 
0.082: Total time for which application threads were stopped: 0.0013170 seconds, Stopping threads took: 0.0000090 seconds
0.092: Application time: 0.0103680 seconds
0.092: [GC pause (young), 0.0009800 secs]
   [Parallel Time: 0.7 ms, GC Workers: 8]
      [GC Worker Start (ms): Min: 92.2, Avg: 92.2, Max: 92.3, Diff: 0.1]
      [Ext Root Scanning (ms): Min: 0.2, Avg: 0.3, Max: 0.4, Diff: 0.2, Sum: 2.3]
      [Update RS (ms): Min: 0.0, Avg: 0.0, Max: 0.0, Diff: 0.0, Sum: 0.0]
         [Processed Buffers: Min: 0, Avg: 0.5, Max: 4, Diff: 4, Sum: 4]
      [Scan RS (ms): Min: 0.0, Avg: 0.0, Max: 0.0, Diff: 0.0, Sum: 0.0]
      [Code Root Scanning (ms): Min: 0.0, Avg: 0.0, Max: 0.0, Diff: 0.0, Sum: 0.0]
      [Object Copy (ms): Min: 0.3, Avg: 0.3, Max: 0.3, Diff: 0.1, Sum: 2.6]
      [Termination (ms): Min: 0.0, Avg: 0.0, Max: 0.0, Diff: 0.0, Sum: 0.0]
      [GC Worker Other (ms): Min: 0.0, Avg: 0.0, Max: 0.0, Diff: 0.0, Sum: 0.1]
      [GC Worker Total (ms): Min: 0.6, Avg: 0.6, Max: 0.6, Diff: 0.1, Sum: 4.9]
      [GC Worker End (ms): Min: 92.9, Avg: 92.9, Max: 92.9, Diff: 0.0]
   [Code Root Fixup: 0.0 ms]
   [Code Root Migration: 0.0 ms]
   [Clear CT: 0.1 ms]
   [Other: 0.2 ms]
      [Choose CSet: 0.0 ms]
      [Ref Proc: 0.1 ms]
      [Ref Enq: 0.0 ms]
      [Free CSet: 0.0 ms]
   [Eden: 1024.0K(1024.0K)->0.0B(1024.0K) Survivors: 1024.0K->1024.0K Heap: 2036.4K(5120.0K)->1391.8K(5120.0K)]
 [Times: user=0.01 sys=0.00, real=0.00 secs] 
0.093: Total time for which application threads were stopped: 0.0010540 seconds, Stopping threads took: 0.0000080 seconds
0.108: Application time: 0.0144400 seconds
0.108: [GC pause (young), 0.0011400 secs]
   [Parallel Time: 0.9 ms, GC Workers: 8]
      [GC Worker Start (ms): Min: 107.7, Avg: 107.8, Max: 108.6, Diff: 0.9]
      [Ext Root Scanning (ms): Min: 0.0, Avg: 0.3, Max: 0.4, Diff: 0.4, Sum: 2.8]
      [Update RS (ms): Min: 0.0, Avg: 0.1, Max: 0.2, Diff: 0.2, Sum: 0.9]
         [Processed Buffers: Min: 0, Avg: 1.4, Max: 4, Diff: 4, Sum: 11]
      [Scan RS (ms): Min: 0.0, Avg: 0.0, Max: 0.0, Diff: 0.0, Sum: 0.0]
      [Code Root Scanning (ms): Min: 0.0, Avg: 0.0, Max: 0.0, Diff: 0.0, Sum: 0.0]
      [Object Copy (ms): Min: 0.0, Avg: 0.3, Max: 0.3, Diff: 0.3, Sum: 2.0]
      [Termination (ms): Min: 0.0, Avg: 0.1, Max: 0.1, Diff: 0.1, Sum: 0.6]
      [GC Worker Other (ms): Min: 0.0, Avg: 0.0, Max: 0.0, Diff: 0.0, Sum: 0.0]
      [GC Worker Total (ms): Min: 0.0, Avg: 0.8, Max: 0.9, Diff: 0.9, Sum: 6.3]
      [GC Worker End (ms): Min: 108.6, Avg: 108.6, Max: 108.6, Diff: 0.0]
   [Code Root Fixup: 0.0 ms]
   [Code Root Migration: 0.0 ms]
   [Clear CT: 0.0 ms]
   [Other: 0.2 ms]
      [Choose CSet: 0.0 ms]
      [Ref Proc: 0.1 ms]
      [Ref Enq: 0.0 ms]
      [Free CSet: 0.0 ms]
   [Eden: 1024.0K(1024.0K)->0.0B(1024.0K) Survivors: 1024.0K->1024.0K Heap: 2415.8K(5120.0K)->1570.7K(5120.0K)]
 [Times: user=0.01 sys=0.00, real=0.00 secs] 
0.109: Total time for which application threads were stopped: 0.0012380 seconds, Stopping threads took: 0.0000100 seconds
0.116: Application time: 0.0074450 seconds
0.116: [GC pause (young), 0.0012460 secs]
   [Parallel Time: 1.0 ms, GC Workers: 8]
      [GC Worker Start (ms): Min: 116.4, Avg: 116.6, Max: 117.3, Diff: 0.9]
      [Ext Root Scanning (ms): Min: 0.0, Avg: 0.3, Max: 0.4, Diff: 0.4, Sum: 2.3]
      [Update RS (ms): Min: 0.0, Avg: 0.0, Max: 0.0, Diff: 0.0, Sum: 0.1]
         [Processed Buffers: Min: 0, Avg: 1.1, Max: 3, Diff: 3, Sum: 9]
      [Scan RS (ms): Min: 0.0, Avg: 0.0, Max: 0.0, Diff: 0.0, Sum: 0.0]
      [Code Root Scanning (ms): Min: 0.0, Avg: 0.0, Max: 0.0, Diff: 0.0, Sum: 0.0]
      [Object Copy (ms): Min: 0.0, Avg: 0.4, Max: 0.5, Diff: 0.5, Sum: 3.2]
      [Termination (ms): Min: 0.0, Avg: 0.1, Max: 0.1, Diff: 0.1, Sum: 0.6]
      [GC Worker Other (ms): Min: 0.0, Avg: 0.0, Max: 0.0, Diff: 0.0, Sum: 0.0]
      [GC Worker Total (ms): Min: 0.0, Avg: 0.8, Max: 1.0, Diff: 1.0, Sum: 6.2]
      [GC Worker End (ms): Min: 117.3, Avg: 117.3, Max: 117.3, Diff: 0.0]
   [Code Root Fixup: 0.0 ms]
   [Code Root Migration: 0.0 ms]
   [Clear CT: 0.0 ms]
   [Other: 0.2 ms]
      [Choose CSet: 0.0 ms]
      [Ref Proc: 0.2 ms]
      [Ref Enq: 0.0 ms]
      [Free CSet: 0.0 ms]
   [Eden: 1024.0K(1024.0K)->0.0B(1024.0K) Survivors: 1024.0K->1024.0K Heap: 2594.7K(5120.0K)->2280.9K(5120.0K)]
 [Times: user=0.01 sys=0.00, real=0.00 secs] 
0.118: Total time for which application threads were stopped: 0.0013390 seconds, Stopping threads took: 0.0000100 seconds
4.028: Application time: 3.9107070 seconds
4.028: Total time for which application threads were stopped: 0.0000770 seconds, Stopping threads took: 0.0000100 seconds
15.087: Application time: 11.0580600 seconds
15.087: [GC pause (young), 0.0015870 secs]
   [Parallel Time: 0.7 ms, GC Workers: 8]
      [GC Worker Start (ms): Min: 15086.6, Avg: 15086.6, Max: 15086.7, Diff: 0.1]
      [Ext Root Scanning (ms): Min: 0.3, Avg: 0.3, Max: 0.4, Diff: 0.1, Sum: 2.7]
      [Update RS (ms): Min: 0.0, Avg: 0.1, Max: 0.2, Diff: 0.2, Sum: 1.1]
         [Processed Buffers: Min: 1, Avg: 1.2, Max: 3, Diff: 2, Sum: 10]
      [Scan RS (ms): Min: 0.0, Avg: 0.0, Max: 0.0, Diff: 0.0, Sum: 0.0]
      [Code Root Scanning (ms): Min: 0.0, Avg: 0.0, Max: 0.0, Diff: 0.0, Sum: 0.0]
      [Object Copy (ms): Min: 0.1, Avg: 0.1, Max: 0.1, Diff: 0.1, Sum: 0.9]
      [Termination (ms): Min: 0.0, Avg: 0.0, Max: 0.0, Diff: 0.0, Sum: 0.0]
      [GC Worker Other (ms): Min: 0.0, Avg: 0.0, Max: 0.0, Diff: 0.0, Sum: 0.1]
      [GC Worker Total (ms): Min: 0.6, Avg: 0.6, Max: 0.6, Diff: 0.1, Sum: 4.7]
      [GC Worker End (ms): Min: 15087.2, Avg: 15087.2, Max: 15087.2, Diff: 0.0]
   [Code Root Fixup: 0.0 ms]
   [Code Root Migration: 0.0 ms]
   [Clear CT: 0.4 ms]
   [Other: 0.4 ms]
      [Choose CSet: 0.0 ms]
      [Ref Proc: 0.4 ms]
      [Ref Enq: 0.0 ms]
      [Free CSet: 0.0 ms]
   [Eden: 1024.0K(1024.0K)->0.0B(1024.0K) Survivors: 1024.0K->1024.0K Heap: 3304.9K(5120.0K)->1908.3K(5120.0K)]
 [Times: user=0.00 sys=0.00, real=0.01 secs] 
15.088: Total time for which application threads were stopped: 0.0016790 seconds, Stopping threads took: 0.0000120 seconds
15.088: Application time: 0.0000720 seconds
15.088: Total time for which application threads were stopped: 0.0000200 seconds, Stopping threads took: 0.0000130 seconds
15.088: Application time: 0.0000370 seconds
15.088: Total time for which application threads were stopped: 0.0000100 seconds, Stopping threads took: 0.0000060 seconds
15.088: Application time: 0.0000470 seconds
15.088: Total time for which application threads were stopped: 0.0000150 seconds, Stopping threads took: 0.0000110 seconds
15.088: Application time: 0.0000300 seconds
15.088: Total time for which application threads were stopped: 0.0000070 seconds, Stopping threads took: 0.0000030 seconds
15.088: Application time: 0.0000320 seconds
15.088: Total time for which application threads were stopped: 0.0000180 seconds, Stopping threads took: 0.0000150 seconds
15.089: Application time: 0.0000210 seconds
15.089: Total time for which application threads were stopped: 0.0000130 seconds, Stopping threads took: 0.0000090 seconds
15.089: Application time: 0.0000210 seconds
15.089: Total time for which application threads were stopped: 0.0000120 seconds, Stopping threads took: 0.0000080 seconds
15.089: Application time: 0.0000120 seconds
15.089: Total time for which application threads were stopped: 0.0000060 seconds, Stopping threads took: 0.0000030 seconds
15.089: Application time: 0.0000110 seconds
15.089: Total time for which application threads were stopped: 0.0000060 seconds, Stopping threads took: 0.0000030 seconds
15.089: Application time: 0.0000110 seconds
15.089: Total time for which application threads were stopped: 0.0000120 seconds, Stopping threads took: 0.0000090 seconds
15.089: Application time: 0.0000110 seconds
15.089: Total time for which application threads were stopped: 0.0000110 seconds, Stopping threads took: 0.0000080 seconds
15.089: Application time: 0.0000100 seconds
15.089: Total time for which application threads were stopped: 0.0000070 seconds, Stopping threads took: 0.0000040 seconds
15.089: Application time: 0.0000100 seconds
15.089: Total time for which application threads were stopped: 0.0000070 seconds, Stopping threads took: 0.0000040 seconds
15.089: Application time: 0.0000110 seconds
15.089: Total time for which application threads were stopped: 0.0000110 seconds, Stopping threads took: 0.0000080 seconds
15.089: Application time: 0.0000110 seconds
15.089: Total time for which application threads were stopped: 0.0000120 seconds, Stopping threads took: 0.0000080 seconds
15.089: Application time: 0.0000110 seconds
15.089: Total time for which application threads were stopped: 0.0000110 seconds, Stopping threads took: 0.0000080 seconds
15.089: Application time: 0.0000100 seconds
15.089: Total time for which application threads were stopped: 0.0000120 seconds, Stopping threads took: 0.0000080 seconds
15.089: Application time: 0.0000110 seconds
15.089: Total time for which application threads were stopped: 0.0000120 seconds, Stopping threads took: 0.0000090 seconds
15.089: Application time: 0.0000110 seconds
15.089: Total time for which application threads were stopped: 0.0000110 seconds, Stopping threads took: 0.0000080 seconds
15.089: Application time: 0.0000110 seconds
15.089: Total time for which application threads were stopped: 0.0000140 seconds, Stopping threads took: 0.0000080 seconds
15.095: Application time: 0.0062770 seconds
15.095: Total time for which application threads were stopped: 0.0000100 seconds, Stopping threads took: 0.0000040 seconds
15.095: Application time: 0.0000110 seconds
15.095: Total time for which application threads were stopped: 0.0000060 seconds, Stopping threads took: 0.0000020 seconds
15.097: Application time: 0.0013640 seconds
15.097: Total time for which application threads were stopped: 0.0000100 seconds, Stopping threads took: 0.0000040 seconds
15.107: Application time: 0.0103220 seconds
15.107: [GC pause (young), 0.0012440 secs]
   [Parallel Time: 0.9 ms, GC Workers: 8]
      [GC Worker Start (ms): Min: 15106.9, Avg: 15106.9, Max: 15107.1, Diff: 0.2]
      [Ext Root Scanning (ms): Min: 0.3, Avg: 0.4, Max: 0.8, Diff: 0.5, Sum: 3.4]
      [Update RS (ms): Min: 0.0, Avg: 0.0, Max: 0.1, Diff: 0.1, Sum: 0.2]
         [Processed Buffers: Min: 0, Avg: 1.6, Max: 6, Diff: 6, Sum: 13]
      [Scan RS (ms): Min: 0.0, Avg: 0.0, Max: 0.0, Diff: 0.0, Sum: 0.0]
      [Code Root Scanning (ms): Min: 0.0, Avg: 0.0, Max: 0.0, Diff: 0.0, Sum: 0.0]
      [Object Copy (ms): Min: 0.0, Avg: 0.2, Max: 0.2, Diff: 0.2, Sum: 1.4]
      [Termination (ms): Min: 0.0, Avg: 0.1, Max: 0.2, Diff: 0.2, Sum: 1.2]
      [GC Worker Other (ms): Min: 0.0, Avg: 0.0, Max: 0.0, Diff: 0.0, Sum: 0.0]
      [GC Worker Total (ms): Min: 0.6, Avg: 0.8, Max: 0.8, Diff: 0.2, Sum: 6.3]
      [GC Worker End (ms): Min: 15107.7, Avg: 15107.7, Max: 15107.7, Diff: 0.0]
   [Code Root Fixup: 0.0 ms]
   [Code Root Migration: 0.0 ms]
   [Clear CT: 0.1 ms]
   [Other: 0.3 ms]
      [Choose CSet: 0.0 ms]
      [Ref Proc: 0.2 ms]
      [Ref Enq: 0.0 ms]
      [Free CSet: 0.0 ms]
   [Eden: 1024.0K(1024.0K)->0.0B(1024.0K) Survivors: 1024.0K->1024.0K Heap: 2932.3K(5120.0K)->2231.6K(5120.0K)]
 [Times: user=0.01 sys=0.00, real=0.01 secs] 
15.108: Total time for which application threads were stopped: 0.0013460 seconds, Stopping threads took: 0.0000080 seconds
15.108: Application time: 0.0000430 seconds
15.108: Total time for which application threads were stopped: 0.0000250 seconds, Stopping threads took: 0.0000160 seconds
15.108: Application time: 0.0000130 seconds
15.108: Total time for which application threads were stopped: 0.0000100 seconds, Stopping threads took: 0.0000060 seconds
15.108: Application time: 0.0000110 seconds
15.108: Total time for which application threads were stopped: 0.0000100 seconds, Stopping threads took: 0.0000060 seconds
15.108: Application time: 0.0000090 seconds
15.108: Total time for which application threads were stopped: 0.0000100 seconds, Stopping threads took: 0.0000060 seconds
15.108: Application time: 0.0000090 seconds
15.108: Total time for which application threads were stopped: 0.0000100 seconds, Stopping threads took: 0.0000060 seconds
15.108: Application time: 0.0000090 seconds
15.108: Total time for which application threads were stopped: 0.0000100 seconds, Stopping threads took: 0.0000050 seconds
15.108: Application time: 0.0000090 seconds
15.108: Total time for which application threads were stopped: 0.0000100 seconds, Stopping threads took: 0.0000060 seconds
15.108: Application time: 0.0000120 seconds
15.108: Total time for which application threads were stopped: 0.0000100 seconds, Stopping threads took: 0.0000050 seconds
15.108: Application time: 0.0000090 seconds
15.108: Total time for which application threads were stopped: 0.0000100 seconds, Stopping threads took: 0.0000060 seconds
15.108: Application time: 0.0000090 seconds
15.108: Total time for which application threads were stopped: 0.0000100 seconds, Stopping threads took: 0.0000050 seconds
15.108: Application time: 0.0000090 seconds
15.108: Total time for which application threads were stopped: 0.0000100 seconds, Stopping threads took: 0.0000060 seconds
15.108: Application time: 0.0000100 seconds
15.108: Total time for which application threads were stopped: 0.0000100 seconds, Stopping threads took: 0.0000060 seconds
15.109: Application time: 0.0000090 seconds
15.109: Total time for which application threads were stopped: 0.0000090 seconds, Stopping threads took: 0.0000050 seconds
15.109: Application time: 0.0000090 seconds
15.109: Total time for which application threads were stopped: 0.0000100 seconds, Stopping threads took: 0.0000060 seconds
15.109: Application time: 0.0000090 seconds
15.109: Total time for which application threads were stopped: 0.0000100 seconds, Stopping threads took: 0.0000050 seconds
15.109: Application time: 0.0000090 seconds
15.109: Total time for which application threads were stopped: 0.0000100 seconds, Stopping threads took: 0.0000050 seconds
15.109: Application time: 0.0000100 seconds
15.109: Total time for which application threads were stopped: 0.0000100 seconds, Stopping threads took: 0.0000060 seconds
15.109: Application time: 0.0000100 seconds
15.109: Total time for which application threads were stopped: 0.0000100 seconds, Stopping threads took: 0.0000060 seconds
15.109: Application time: 0.0000090 seconds
15.109: Total time for which application threads were stopped: 0.0000090 seconds, Stopping threads took: 0.0000050 seconds
15.109: Application time: 0.0000090 seconds
15.109: Total time for which application threads were stopped: 0.0000100 seconds, Stopping threads took: 0.0000060 seconds
15.109: Application time: 0.0000090 seconds
15.109: Total time for which application threads were stopped: 0.0000300 seconds, Stopping threads took: 0.0000120 seconds
15.116: Application time: 0.0073680 seconds
15.116: [GC pause (young), 0.0013970 secs]
   [Parallel Time: 1.1 ms, GC Workers: 8]
      [GC Worker Start (ms): Min: 15116.1, Avg: 15116.2, Max: 15116.4, Diff: 0.3]
      [Ext Root Scanning (ms): Min: 0.3, Avg: 0.5, Max: 1.0, Diff: 0.6, Sum: 4.1]
      [Update RS (ms): Min: 0.0, Avg: 0.0, Max: 0.1, Diff: 0.1, Sum: 0.1]
         [Processed Buffers: Min: 0, Avg: 0.9, Max: 4, Diff: 4, Sum: 7]
      [Scan RS (ms): Min: 0.0, Avg: 0.0, Max: 0.0, Diff: 0.0, Sum: 0.0]
      [Code Root Scanning (ms): Min: 0.0, Avg: 0.0, Max: 0.0, Diff: 0.0, Sum: 0.0]
      [Object Copy (ms): Min: 0.0, Avg: 0.2, Max: 0.4, Diff: 0.4, Sum: 2.0]
      [Termination (ms): Min: 0.0, Avg: 0.2, Max: 0.3, Diff: 0.3, Sum: 1.5]
      [GC Worker Other (ms): Min: 0.0, Avg: 0.0, Max: 0.0, Diff: 0.0, Sum: 0.0]
      [GC Worker Total (ms): Min: 0.8, Avg: 1.0, Max: 1.0, Diff: 0.3, Sum: 7.8]
      [GC Worker End (ms): Min: 15117.2, Avg: 15117.2, Max: 15117.2, Diff: 0.0]
   [Code Root Fixup: 0.0 ms]
   [Code Root Migration: 0.0 ms]
   [Clear CT: 0.0 ms]
   [Other: 0.2 ms]
      [Choose CSet: 0.0 ms]
      [Ref Proc: 0.2 ms]
      [Ref Enq: 0.0 ms]
      [Free CSet: 0.0 ms]
   [Eden: 1024.0K(1024.0K)->0.0B(1024.0K) Survivors: 1024.0K->1024.0K Heap: 3255.6K(5120.0K)->2777.0K(5120.0K)]
 [Times: user=0.01 sys=0.00, real=0.00 secs] 
15.118: Total time for which application threads were stopped: 0.0015050 seconds, Stopping threads took: 0.0000080 seconds
15.126: Application time: 0.0082210 seconds
15.126: Total time for which application threads were stopped: 0.0000400 seconds, Stopping threads took: 0.0000110 seconds
15.136: Application time: 0.0105370 seconds
15.136: [GC pause (young), 0.0010170 secs]
   [Parallel Time: 0.7 ms, GC Workers: 8]
      [GC Worker Start (ms): Min: 15136.4, Avg: 15136.6, Max: 15137.1, Diff: 0.7]
      [Ext Root Scanning (ms): Min: 0.0, Avg: 0.3, Max: 0.4, Diff: 0.4, Sum: 2.4]
      [Update RS (ms): Min: 0.0, Avg: 0.0, Max: 0.1, Diff: 0.1, Sum: 0.2]
         [Processed Buffers: Min: 0, Avg: 1.2, Max: 5, Diff: 5, Sum: 10]
      [Scan RS (ms): Min: 0.0, Avg: 0.0, Max: 0.0, Diff: 0.0, Sum: 0.0]
      [Code Root Scanning (ms): Min: 0.0, Avg: 0.0, Max: 0.0, Diff: 0.0, Sum: 0.0]
      [Object Copy (ms): Min: 0.0, Avg: 0.2, Max: 0.3, Diff: 0.2, Sum: 1.6]
      [Termination (ms): Min: 0.0, Avg: 0.0, Max: 0.0, Diff: 0.0, Sum: 0.0]
      [GC Worker Other (ms): Min: 0.0, Avg: 0.0, Max: 0.0, Diff: 0.0, Sum: 0.0]
      [GC Worker Total (ms): Min: 0.1, Avg: 0.5, Max: 0.7, Diff: 0.7, Sum: 4.3]
      [GC Worker End (ms): Min: 15137.1, Avg: 15137.1, Max: 15137.1, Diff: 0.0]
   [Code Root Fixup: 0.0 ms]
   [Code Root Migration: 0.0 ms]
   [Clear CT: 0.1 ms]
   [Other: 0.2 ms]
      [Choose CSet: 0.0 ms]
      [Ref Proc: 0.1 ms]
      [Ref Enq: 0.0 ms]
      [Free CSet: 0.0 ms]
   [Eden: 1024.0K(1024.0K)->0.0B(1024.0K) Survivors: 1024.0K->1024.0K Heap: 3801.0K(5120.0K)->2920.7K(6144.0K)]
 [Times: user=0.01 sys=0.00, real=0.00 secs] 
15.137: Total time for which application threads were stopped: 0.0010950 seconds, Stopping threads took: 0.0000050 seconds
15.139: Application time: 0.0018040 seconds
15.139: [Full GC 3005K->1392K(5120K), 0.0057630 secs]
   [Eden: 1024.0K(1024.0K)->0.0B(1024.0K) Survivors: 1024.0K->0.0B Heap: 3005.5K(6144.0K)->1392.6K(5120.0K)], [Perm: 5076K->5076K(20480K)]
 [Times: user=0.00 sys=0.00, real=0.01 secs] 
15.145: Total time for which application threads were stopped: 0.0058260 seconds, Stopping threads took: 0.0000050 seconds
15.145: Application time: 0.0000640 seconds
15.145: [Full GC 1392K->1392K(5120K), 0.0057260 secs]
   [Eden: 0.0B(1024.0K)->0.0B(1024.0K) Survivors: 0.0B->0.0B Heap: 1392.6K(5120.0K)->1392.6K(5120.0K)], [Perm: 5076K->5076K(20480K)]
 [Times: user=0.01 sys=0.00, real=0.01 secs] 
15.151: Total time for which application threads were stopped: 0.0058080 seconds, Stopping threads took: 0.0000060 seconds
15.154: Application time: 0.0029030 seconds
15.154: Total time for which application threads were stopped: 0.0000180 seconds, Stopping threads took: 0.0000080 seconds
16.824: Application time: 1.6701500 seconds
16.824: Total time for which application threads were stopped: 0.0000550 seconds, Stopping threads took: 0.0000340 seconds
16.836: Application time: 0.0114560 seconds
16.836: [GC pause (young), 0.0021670 secs]
   [Parallel Time: 1.3 ms, GC Workers: 8]
      [GC Worker Start (ms): Min: 16835.6, Avg: 16835.9, Max: 16836.8, Diff: 1.2]
      [Ext Root Scanning (ms): Min: 0.0, Avg: 0.6, Max: 0.9, Diff: 0.9, Sum: 4.9]
      [Update RS (ms): Min: 0.0, Avg: 0.0, Max: 0.1, Diff: 0.1, Sum: 0.1]
         [Processed Buffers: Min: 0, Avg: 1.0, Max: 4, Diff: 4, Sum: 8]
      [Scan RS (ms): Min: 0.0, Avg: 0.0, Max: 0.0, Diff: 0.0, Sum: 0.0]
      [Code Root Scanning (ms): Min: 0.0, Avg: 0.0, Max: 0.0, Diff: 0.0, Sum: 0.0]
      [Object Copy (ms): Min: 0.0, Avg: 0.2, Max: 0.3, Diff: 0.3, Sum: 1.6]
      [Termination (ms): Min: 0.0, Avg: 0.1, Max: 0.1, Diff: 0.1, Sum: 1.0]
      [GC Worker Other (ms): Min: 0.0, Avg: 0.0, Max: 0.0, Diff: 0.0, Sum: 0.0]
      [GC Worker Total (ms): Min: 0.0, Avg: 1.0, Max: 1.2, Diff: 1.2, Sum: 7.6]
      [GC Worker End (ms): Min: 16836.8, Avg: 16836.9, Max: 16836.9, Diff: 0.0]
   [Code Root Fixup: 0.0 ms]
   [Code Root Migration: 0.0 ms]
   [Clear CT: 0.4 ms]
   [Other: 0.5 ms]
      [Choose CSet: 0.0 ms]
      [Ref Proc: 0.5 ms]
      [Ref Enq: 0.0 ms]
      [Free CSet: 0.0 ms]
   [Eden: 1024.0K(1024.0K)->0.0B(1024.0K) Survivors: 0.0B->1024.0K Heap: 2416.6K(5120.0K)->2031.6K(5120.0K)]
 [Times: user=0.01 sys=0.00, real=0.00 secs] 
16.838: Total time for which application threads were stopped: 0.0022980 seconds, Stopping threads took: 0.0000150 seconds
16.838: Application time: 0.0000860 seconds
16.838: Total time for which application threads were stopped: 0.0000300 seconds, Stopping threads took: 0.0000150 seconds
16.838: Application time: 0.0000780 seconds
16.838: Total time for which application threads were stopped: 0.0000310 seconds, Stopping threads took: 0.0000200 seconds
16.838: Application time: 0.0000430 seconds
16.838: Total time for which application threads were stopped: 0.0000290 seconds, Stopping threads took: 0.0000190 seconds
16.846: Application time: 0.0081000 seconds
16.846: [GC pause (young), 0.0008530 secs]
   [Parallel Time: 0.7 ms, GC Workers: 8]
      [GC Worker Start (ms): Min: 16846.4, Avg: 16846.4, Max: 16846.4, Diff: 0.1]
      [Ext Root Scanning (ms): Min: 0.3, Avg: 0.4, Max: 0.4, Diff: 0.1, Sum: 2.8]
      [Update RS (ms): Min: 0.0, Avg: 0.0, Max: 0.1, Diff: 0.1, Sum: 0.1]
         [Processed Buffers: Min: 0, Avg: 0.9, Max: 5, Diff: 5, Sum: 7]
      [Scan RS (ms): Min: 0.0, Avg: 0.0, Max: 0.0, Diff: 0.0, Sum: 0.0]
      [Code Root Scanning (ms): Min: 0.0, Avg: 0.0, Max: 0.0, Diff: 0.0, Sum: 0.0]
      [Object Copy (ms): Min: 0.2, Avg: 0.2, Max: 0.3, Diff: 0.0, Sum: 1.9]
      [Termination (ms): Min: 0.0, Avg: 0.0, Max: 0.0, Diff: 0.0, Sum: 0.0]
      [GC Worker Other (ms): Min: 0.0, Avg: 0.0, Max: 0.0, Diff: 0.0, Sum: 0.0]
      [GC Worker Total (ms): Min: 0.6, Avg: 0.6, Max: 0.6, Diff: 0.1, Sum: 4.9]
      [GC Worker End (ms): Min: 16847.0, Avg: 16847.0, Max: 16847.0, Diff: 0.0]
   [Code Root Fixup: 0.0 ms]
   [Code Root Migration: 0.0 ms]
   [Clear CT: 0.0 ms]
   [Other: 0.1 ms]
      [Choose CSet: 0.0 ms]
      [Ref Proc: 0.1 ms]
      [Ref Enq: 0.0 ms]
      [Free CSet: 0.0 ms]
   [Eden: 1024.0K(1024.0K)->0.0B(1024.0K) Survivors: 1024.0K->1024.0K Heap: 3055.6K(5120.0K)->2524.1K(6144.0K)]
 [Times: user=0.00 sys=0.00, real=0.00 secs] 
16.847: Total time for which application threads were stopped: 0.0009790 seconds, Stopping threads took: 0.0000390 seconds
16.864: Application time: 0.0163610 seconds
16.864: Total time for which application threads were stopped: 0.0000640 seconds, Stopping threads took: 0.0000180 seconds
16.870: Application time: 0.0061360 seconds
16.870: [GC pause (young) (initial-mark), 0.0011970 secs]
   [Parallel Time: 1.0 ms, GC Workers: 8]
      [GC Worker Start (ms): Min: 16869.9, Avg: 16869.9, Max: 16870.0, Diff: 0.1]
      [Ext Root Scanning (ms): Min: 0.4, Avg: 0.4, Max: 0.5, Diff: 0.1, Sum: 3.5]
      [Code Root Marking (ms): Min: 0.0, Avg: 0.0, Max: 0.0, Diff: 0.0, Sum: 0.0]
      [Update RS (ms): Min: 0.0, Avg: 0.0, Max: 0.1, Diff: 0.1, Sum: 0.1]
         [Processed Buffers: Min: 0, Avg: 1.2, Max: 3, Diff: 3, Sum: 10]
      [Scan RS (ms): Min: 0.0, Avg: 0.0, Max: 0.0, Diff: 0.0, Sum: 0.0]
      [Code Root Scanning (ms): Min: 0.0, Avg: 0.0, Max: 0.0, Diff: 0.0, Sum: 0.0]
      [Object Copy (ms): Min: 0.3, Avg: 0.3, Max: 0.4, Diff: 0.1, Sum: 2.8]
      [Termination (ms): Min: 0.0, Avg: 0.0, Max: 0.0, Diff: 0.0, Sum: 0.0]
      [GC Worker Other (ms): Min: 0.0, Avg: 0.0, Max: 0.0, Diff: 0.0, Sum: 0.0]
      [GC Worker Total (ms): Min: 0.8, Avg: 0.8, Max: 0.9, Diff: 0.1, Sum: 6.6]
      [GC Worker End (ms): Min: 16870.7, Avg: 16870.7, Max: 16870.7, Diff: 0.0]
   [Code Root Fixup: 0.0 ms]
   [Code Root Migration: 0.0 ms]
   [Clear CT: 0.1 ms]
   [Other: 0.1 ms]
      [Choose CSet: 0.0 ms]
      [Ref Proc: 0.1 ms]
      [Ref Enq: 0.0 ms]
      [Free CSet: 0.0 ms]
   [Eden: 1024.0K(1024.0K)->0.0B(1024.0K) Survivors: 1024.0K->1024.0K Heap: 3548.1K(6144.0K)->2653.9K(6144.0K)]
 [Times: user=0.00 sys=0.01, real=0.00 secs] 
16.871: [GC concurrent-root-region-scan-start]
16.871: Total time for which application threads were stopped: 0.0013130 seconds, Stopping threads took: 0.0000250 seconds
16.871: [GC concurrent-root-region-scan-end, 0.0002200 secs]
16.871: [GC concurrent-mark-start]
16.873: [GC concurrent-mark-end, 0.0011970 secs]
16.873: Application time: 0.0014360 seconds
16.873: [GC remark 16.873: [GC ref-proc, 0.0001100 secs], 0.0006890 secs]
 [Times: user=0.00 sys=0.00, real=0.00 secs] 
16.873: Total time for which application threads were stopped: 0.0007300 seconds, Stopping threads took: 0.0000200 seconds
16.873: Application time: 0.0000230 seconds
16.873: [GC cleanup 2934K->2934K(6144K), 0.0001650 secs]
 [Times: user=0.00 sys=0.00, real=0.00 secs] 
16.874: Total time for which application threads were stopped: 0.0001980 seconds, Stopping threads took: 0.0000210 seconds
16.874: Application time: 0.0000370 seconds
16.874: Total time for which application threads were stopped: 0.0000400 seconds, Stopping threads took: 0.0000150 seconds
16.885: Application time: 0.0109140 seconds
16.885: [GC pause (young), 0.0011100 secs]
   [Parallel Time: 0.8 ms, GC Workers: 8]
      [GC Worker Start (ms): Min: 16884.5, Avg: 16884.6, Max: 16884.6, Diff: 0.1]
      [Ext Root Scanning (ms): Min: 0.5, Avg: 0.5, Max: 0.5, Diff: 0.1, Sum: 3.9]
      [Update RS (ms): Min: 0.0, Avg: 0.1, Max: 0.1, Diff: 0.1, Sum: 0.8]
         [Processed Buffers: Min: 1, Avg: 1.4, Max: 4, Diff: 3, Sum: 11]
      [Scan RS (ms): Min: 0.0, Avg: 0.0, Max: 0.0, Diff: 0.0, Sum: 0.0]
      [Code Root Scanning (ms): Min: 0.0, Avg: 0.0, Max: 0.0, Diff: 0.0, Sum: 0.0]
      [Object Copy (ms): Min: 0.2, Avg: 0.2, Max: 0.2, Diff: 0.0, Sum: 1.6]
      [Termination (ms): Min: 0.0, Avg: 0.0, Max: 0.0, Diff: 0.0, Sum: 0.0]
      [GC Worker Other (ms): Min: 0.0, Avg: 0.0, Max: 0.0, Diff: 0.0, Sum: 0.1]
      [GC Worker Total (ms): Min: 0.7, Avg: 0.8, Max: 0.8, Diff: 0.1, Sum: 6.3]
      [GC Worker End (ms): Min: 16885.4, Avg: 16885.4, Max: 16885.4, Diff: 0.0]
   [Code Root Fixup: 0.0 ms]
   [Code Root Migration: 0.0 ms]
   [Clear CT: 0.1 ms]
   [Other: 0.2 ms]
      [Choose CSet: 0.0 ms]
      [Ref Proc: 0.2 ms]
      [Ref Enq: 0.0 ms]
      [Free CSet: 0.0 ms]
   [Eden: 1024.0K(1024.0K)->0.0B(1024.0K) Survivors: 1024.0K->1024.0K Heap: 3677.9K(6144.0K)->2765.9K(6144.0K)]
 [Times: user=0.01 sys=0.00, real=0.00 secs] 
16.886: Total time for which application threads were stopped: 0.0011960 seconds, Stopping threads took: 0.0000060 seconds
16.895: Application time: 0.0093050 seconds
16.895: [GC pause (mixed), 0.0010850 secs]
   [Parallel Time: 0.8 ms, GC Workers: 8]
      [GC Worker Start (ms): Min: 16895.0, Avg: 16895.1, Max: 16895.1, Diff: 0.0]
      [Ext Root Scanning (ms): Min: 0.4, Avg: 0.4, Max: 0.4, Diff: 0.1, Sum: 3.2]
      [Update RS (ms): Min: 0.0, Avg: 0.0, Max: 0.1, Diff: 0.1, Sum: 0.2]
         [Processed Buffers: Min: 0, Avg: 1.4, Max: 3, Diff: 3, Sum: 11]
      [Scan RS (ms): Min: 0.0, Avg: 0.0, Max: 0.1, Diff: 0.1, Sum: 0.2]
      [Code Root Scanning (ms): Min: 0.0, Avg: 0.0, Max: 0.0, Diff: 0.0, Sum: 0.0]
      [Object Copy (ms): Min: 0.2, Avg: 0.3, Max: 0.3, Diff: 0.1, Sum: 2.4]
      [Termination (ms): Min: 0.0, Avg: 0.0, Max: 0.0, Diff: 0.0, Sum: 0.0]
      [GC Worker Other (ms): Min: 0.0, Avg: 0.0, Max: 0.0, Diff: 0.0, Sum: 0.0]
      [GC Worker Total (ms): Min: 0.7, Avg: 0.8, Max: 0.8, Diff: 0.0, Sum: 6.0]
      [GC Worker End (ms): Min: 16895.8, Avg: 16895.8, Max: 16895.8, Diff: 0.0]
   [Code Root Fixup: 0.0 ms]
   [Code Root Migration: 0.0 ms]
   [Clear CT: 0.0 ms]
   [Other: 0.2 ms]
      [Choose CSet: 0.0 ms]
      [Ref Proc: 0.2 ms]
      [Ref Enq: 0.0 ms]
      [Free CSet: 0.0 ms]
   [Eden: 1024.0K(1024.0K)->0.0B(1024.0K) Survivors: 1024.0K->1024.0K Heap: 3789.9K(6144.0K)->2999.6K(6144.0K)]
 [Times: user=0.01 sys=0.00, real=0.00 secs] 
16.896: Total time for which application threads were stopped: 0.0011630 seconds, Stopping threads took: 0.0000040 seconds
16.919: Application time: 0.0229620 seconds
16.919: Total time for which application threads were stopped: 0.0000360 seconds, Stopping threads took: 0.0000070 seconds
16.919: Application time: 0.0002220 seconds
16.919: [GC pause (young), 0.0010830 secs]
   [Parallel Time: 0.9 ms, GC Workers: 8]
      [GC Worker Start (ms): Min: 16919.4, Avg: 16919.4, Max: 16919.5, Diff: 0.0]
      [Ext Root Scanning (ms): Min: 0.5, Avg: 0.5, Max: 0.6, Diff: 0.1, Sum: 4.1]
      [Update RS (ms): Min: 0.0, Avg: 0.1, Max: 0.2, Diff: 0.1, Sum: 0.8]
         [Processed Buffers: Min: 1, Avg: 1.6, Max: 5, Diff: 4, Sum: 13]
      [Scan RS (ms): Min: 0.0, Avg: 0.0, Max: 0.0, Diff: 0.0, Sum: 0.0]
      [Code Root Scanning (ms): Min: 0.0, Avg: 0.0, Max: 0.0, Diff: 0.0, Sum: 0.0]
      [Object Copy (ms): Min: 0.2, Avg: 0.2, Max: 0.2, Diff: 0.1, Sum: 1.8]
      [Termination (ms): Min: 0.0, Avg: 0.0, Max: 0.0, Diff: 0.0, Sum: 0.0]
      [GC Worker Other (ms): Min: 0.0, Avg: 0.0, Max: 0.0, Diff: 0.0, Sum: 0.0]
      [GC Worker Total (ms): Min: 0.8, Avg: 0.8, Max: 0.9, Diff: 0.0, Sum: 6.7]
      [GC Worker End (ms): Min: 16920.3, Avg: 16920.3, Max: 16920.3, Diff: 0.0]
   [Code Root Fixup: 0.0 ms]
   [Code Root Migration: 0.0 ms]
   [Clear CT: 0.0 ms]
   [Other: 0.1 ms]
      [Choose CSet: 0.0 ms]
      [Ref Proc: 0.1 ms]
      [Ref Enq: 0.0 ms]
      [Free CSet: 0.0 ms]
   [Eden: 1024.0K(1024.0K)->0.0B(1024.0K) Survivors: 1024.0K->1024.0K Heap: 4023.6K(6144.0K)->2858.4K(6144.0K)]
 [Times: user=0.01 sys=0.00, real=0.00 secs] 
16.921: Total time for which application threads were stopped: 0.0011530 seconds, Stopping threads took: 0.0000020 seconds
16.925: Application time: 0.0040740 seconds
16.925: [GC pause (young), 0.0010180 secs]
   [Parallel Time: 0.8 ms, GC Workers: 8]
      [GC Worker Start (ms): Min: 16924.7, Avg: 16924.7, Max: 16925.0, Diff: 0.4]
      [Ext Root Scanning (ms): Min: 0.1, Avg: 0.4, Max: 0.5, Diff: 0.4, Sum: 3.3]
      [Update RS (ms): Min: 0.0, Avg: 0.0, Max: 0.1, Diff: 0.1, Sum: 0.2]
         [Processed Buffers: Min: 0, Avg: 1.4, Max: 5, Diff: 5, Sum: 11]
      [Scan RS (ms): Min: 0.0, Avg: 0.0, Max: 0.0, Diff: 0.0, Sum: 0.0]
      [Code Root Scanning (ms): Min: 0.0, Avg: 0.0, Max: 0.0, Diff: 0.0, Sum: 0.0]
      [Object Copy (ms): Min: 0.3, Avg: 0.3, Max: 0.3, Diff: 0.1, Sum: 2.3]
      [Termination (ms): Min: 0.0, Avg: 0.0, Max: 0.0, Diff: 0.0, Sum: 0.0]
      [GC Worker Other (ms): Min: 0.0, Avg: 0.0, Max: 0.0, Diff: 0.0, Sum: 0.1]
      [GC Worker Total (ms): Min: 0.4, Avg: 0.7, Max: 0.8, Diff: 0.4, Sum: 5.9]
      [GC Worker End (ms): Min: 16925.4, Avg: 16925.5, Max: 16925.5, Diff: 0.0]
   [Code Root Fixup: 0.0 ms]
   [Code Root Migration: 0.0 ms]
   [Clear CT: 0.0 ms]
   [Other: 0.1 ms]
      [Choose CSet: 0.0 ms]
      [Ref Proc: 0.1 ms]
      [Ref Enq: 0.0 ms]
      [Free CSet: 0.0 ms]
   [Eden: 1024.0K(1024.0K)->0.0B(1024.0K) Survivors: 1024.0K->1024.0K Heap: 3882.4K(6144.0K)->3295.1K(6144.0K)]
 [Times: user=0.01 sys=0.00, real=0.00 secs] 
16.926: Total time for which application threads were stopped: 0.0011020 seconds, Stopping threads took: 0.0000090 seconds
16.936: Application time: 0.0104850 seconds
16.936: [GC pause (young) (initial-mark), 0.0011160 secs]
   [Parallel Time: 0.9 ms, GC Workers: 8]
      [GC Worker Start (ms): Min: 16936.3, Avg: 16936.3, Max: 16936.3, Diff: 0.0]
      [Ext Root Scanning (ms): Min: 0.4, Avg: 0.5, Max: 0.5, Diff: 0.1, Sum: 3.7]
      [Code Root Marking (ms): Min: 0.0, Avg: 0.0, Max: 0.0, Diff: 0.0, Sum: 0.0]
      [Update RS (ms): Min: 0.0, Avg: 0.1, Max: 0.1, Diff: 0.1, Sum: 0.7]
         [Processed Buffers: Min: 0, Avg: 1.4, Max: 4, Diff: 4, Sum: 11]
      [Scan RS (ms): Min: 0.0, Avg: 0.0, Max: 0.0, Diff: 0.0, Sum: 0.0]
      [Code Root Scanning (ms): Min: 0.0, Avg: 0.0, Max: 0.0, Diff: 0.0, Sum: 0.0]
      [Object Copy (ms): Min: 0.2, Avg: 0.3, Max: 0.3, Diff: 0.1, Sum: 2.1]
      [Termination (ms): Min: 0.0, Avg: 0.0, Max: 0.0, Diff: 0.0, Sum: 0.0]
      [GC Worker Other (ms): Min: 0.0, Avg: 0.0, Max: 0.0, Diff: 0.0, Sum: 0.1]
      [GC Worker Total (ms): Min: 0.8, Avg: 0.8, Max: 0.9, Diff: 0.1, Sum: 6.6]
      [GC Worker End (ms): Min: 16937.1, Avg: 16937.1, Max: 16937.1, Diff: 0.0]
   [Code Root Fixup: 0.0 ms]
   [Code Root Migration: 0.0 ms]
   [Clear CT: 0.1 ms]
   [Other: 0.1 ms]
      [Choose CSet: 0.0 ms]
      [Ref Proc: 0.1 ms]
      [Ref Enq: 0.0 ms]
      [Free CSet: 0.0 ms]
   [Eden: 1024.0K(1024.0K)->0.0B(1024.0K) Survivors: 1024.0K->1024.0K Heap: 4319.1K(6144.0K)->3284.6K(6144.0K)]
 [Times: user=0.01 sys=0.00, real=0.00 secs] 
16.937: [GC concurrent-root-region-scan-start]
16.937: Total time for which application threads were stopped: 0.0012120 seconds, Stopping threads took: 0.0000060 seconds
16.938: [GC concurrent-root-region-scan-end, 0.0002560 secs]
16.938: [GC concurrent-mark-start]
16.939: [GC concurrent-mark-end, 0.0011270 secs]
16.939: Application time: 0.0013930 seconds
16.939: [GC remark 16.939: [GC ref-proc, 0.0001080 secs], 0.0004910 secs]
 [Times: user=0.00 sys=0.00, real=0.01 secs] 
16.939: Total time for which application threads were stopped: 0.0005270 seconds, Stopping threads took: 0.0000160 seconds
16.939: Application time: 0.0000190 seconds
16.939: [GC cleanup 3417K->3417K(6144K), 0.0001610 secs]
 [Times: user=0.00 sys=0.00, real=0.00 secs] 
16.940: Total time for which application threads were stopped: 0.0001750 seconds, Stopping threads took: 0.0000040 seconds
16.956: Application time: 0.0164040 seconds
16.956: [GC pause (young), 0.0011480 secs]
   [Parallel Time: 0.9 ms, GC Workers: 8]
      [GC Worker Start (ms): Min: 16956.0, Avg: 16956.0, Max: 16956.1, Diff: 0.1]
      [Ext Root Scanning (ms): Min: 0.4, Avg: 0.5, Max: 0.6, Diff: 0.2, Sum: 4.3]
      [Update RS (ms): Min: 0.0, Avg: 0.1, Max: 0.1, Diff: 0.1, Sum: 0.4]
         [Processed Buffers: Min: 0, Avg: 1.8, Max: 5, Diff: 5, Sum: 14]
      [Scan RS (ms): Min: 0.0, Avg: 0.0, Max: 0.0, Diff: 0.0, Sum: 0.0]
      [Code Root Scanning (ms): Min: 0.0, Avg: 0.0, Max: 0.0, Diff: 0.0, Sum: 0.0]
      [Object Copy (ms): Min: 0.3, Avg: 0.3, Max: 0.3, Diff: 0.0, Sum: 2.4]
      [Termination (ms): Min: 0.0, Avg: 0.0, Max: 0.0, Diff: 0.0, Sum: 0.0]
      [GC Worker Other (ms): Min: 0.0, Avg: 0.0, Max: 0.0, Diff: 0.0, Sum: 0.0]
      [GC Worker Total (ms): Min: 0.9, Avg: 0.9, Max: 0.9, Diff: 0.1, Sum: 7.2]
      [GC Worker End (ms): Min: 16956.9, Avg: 16956.9, Max: 16956.9, Diff: 0.0]
   [Code Root Fixup: 0.0 ms]
   [Code Root Migration: 0.0 ms]
   [Clear CT: 0.1 ms]
   [Other: 0.1 ms]
      [Choose CSet: 0.0 ms]
      [Ref Proc: 0.1 ms]
      [Ref Enq: 0.0 ms]
      [Free CSet: 0.0 ms]
   [Eden: 1024.0K(1024.0K)->0.0B(1024.0K) Survivors: 1024.0K->1024.0K Heap: 4308.6K(6144.0K)->3900.1K(6144.0K)]
 [Times: user=0.00 sys=0.00, real=0.00 secs] 
16.957: Total time for which application threads were stopped: 0.0012420 seconds, Stopping threads took: 0.0000090 seconds
16.981: Application time: 0.0242480 seconds
16.981: [GC pause (young) (to-space exhausted), 0.0025030 secs]
   [Parallel Time: 1.2 ms, GC Workers: 8]
      [GC Worker Start (ms): Min: 16981.5, Avg: 16981.5, Max: 16981.6, Diff: 0.1]
      [Ext Root Scanning (ms): Min: 0.6, Avg: 0.6, Max: 0.7, Diff: 0.1, Sum: 5.0]
      [Update RS (ms): Min: 0.0, Avg: 0.0, Max: 0.1, Diff: 0.1, Sum: 0.4]
         [Processed Buffers: Min: 1, Avg: 1.6, Max: 3, Diff: 2, Sum: 13]
      [Scan RS (ms): Min: 0.0, Avg: 0.0, Max: 0.0, Diff: 0.0, Sum: 0.0]
      [Code Root Scanning (ms): Min: 0.0, Avg: 0.0, Max: 0.0, Diff: 0.0, Sum: 0.0]
      [Object Copy (ms): Min: 0.3, Avg: 0.4, Max: 0.4, Diff: 0.1, Sum: 3.0]
      [Termination (ms): Min: 0.0, Avg: 0.0, Max: 0.0, Diff: 0.0, Sum: 0.0]
      [GC Worker Other (ms): Min: 0.0, Avg: 0.0, Max: 0.0, Diff: 0.0, Sum: 0.1]
      [GC Worker Total (ms): Min: 1.0, Avg: 1.1, Max: 1.1, Diff: 0.1, Sum: 8.5]
      [GC Worker End (ms): Min: 16982.6, Avg: 16982.6, Max: 16982.6, Diff: 0.0]
   [Code Root Fixup: 0.0 ms]
   [Code Root Migration: 0.0 ms]
   [Clear CT: 0.2 ms]
   [Other: 1.2 ms]
      [Choose CSet: 0.0 ms]
      [Ref Proc: 0.8 ms]
      [Ref Enq: 0.0 ms]
      [Free CSet: 0.0 ms]
   [Eden: 1024.0K(1024.0K)->0.0B(1024.0K) Survivors: 1024.0K->1024.0K Heap: 4924.1K(6144.0K)->5102.1K(6144.0K)]
 [Times: user=0.02 sys=0.00, real=0.00 secs] 
16.984: Total time for which application threads were stopped: 0.0025940 seconds, Stopping threads took: 0.0000080 seconds
17.001: Application time: 0.0166590 seconds
17.001: [GC pause (young) (initial-mark) (to-space exhausted), 0.0068850 secs]
   [Parallel Time: 6.1 ms, GC Workers: 8]
      [GC Worker Start (ms): Min: 17000.8, Avg: 17000.8, Max: 17001.0, Diff: 0.2]
      [Ext Root Scanning (ms): Min: 0.3, Avg: 0.5, Max: 0.8, Diff: 0.5, Sum: 4.0]
      [Code Root Marking (ms): Min: 0.0, Avg: 0.0, Max: 0.0, Diff: 0.0, Sum: 0.0]
      [Update RS (ms): Min: 0.0, Avg: 0.1, Max: 0.3, Diff: 0.3, Sum: 0.7]
         [Processed Buffers: Min: 0, Avg: 2.5, Max: 9, Diff: 9, Sum: 20]
      [Scan RS (ms): Min: 0.0, Avg: 0.0, Max: 0.0, Diff: 0.0, Sum: 0.0]
      [Code Root Scanning (ms): Min: 0.0, Avg: 0.0, Max: 0.0, Diff: 0.0, Sum: 0.0]
      [Object Copy (ms): Min: 5.1, Avg: 5.3, Max: 5.6, Diff: 0.5, Sum: 42.6]
      [Termination (ms): Min: 0.0, Avg: 0.0, Max: 0.0, Diff: 0.0, Sum: 0.3]
      [GC Worker Other (ms): Min: 0.0, Avg: 0.0, Max: 0.0, Diff: 0.0, Sum: 0.0]
      [GC Worker Total (ms): Min: 5.8, Avg: 6.0, Max: 6.0, Diff: 0.2, Sum: 47.6]
      [GC Worker End (ms): Min: 17006.8, Avg: 17006.8, Max: 17006.8, Diff: 0.0]
   [Code Root Fixup: 0.0 ms]
   [Code Root Migration: 0.0 ms]
   [Clear CT: 0.0 ms]
   [Other: 0.8 ms]
      [Choose CSet: 0.0 ms]
      [Ref Proc: 0.1 ms]
      [Ref Enq: 0.0 ms]
      [Free CSet: 0.0 ms]
   [Eden: 1024.0K(1024.0K)->0.0B(1024.0K) Survivors: 1024.0K->0.0B Heap: 6126.1K(6144.0K)->6126.1K(6144.0K)]
 [Times: user=0.01 sys=0.00, real=0.01 secs] 
17.008: 17.008: [GC concurrent-root-region-scan-start]
17.008: Total time for which application threads were stopped: 0.0069840 seconds, Stopping threads took: 0.0000130 seconds
[GC concurrent-root-region-scan-end, 0.0000050 secs]
17.008: [GC concurrent-mark-start]
17.008: Application time: 0.0000480 seconds
17.008: [Full GC 6126K->3175K(6144K), 0.0134640 secs]
   [Eden: 0.0B(1024.0K)->0.0B(1024.0K) Survivors: 0.0B->0.0B Heap: 6126.1K(6144.0K)->3175.9K(6144.0K)], [Perm: 10661K->10661K(20480K)]
 [Times: user=0.02 sys=0.00, real=0.01 secs] 
17.021: Total time for which application threads were stopped: 0.0135400 seconds, Stopping threads took: 0.0000070 seconds
17.021: [GC concurrent-mark-abort]
17.042: Application time: 0.0207460 seconds
17.042: [GC pause (young), 0.0028470 secs]
   [Parallel Time: 2.5 ms, GC Workers: 8]
      [GC Worker Start (ms): Min: 17042.1, Avg: 17042.4, Max: 17044.5, Diff: 2.4]
      [Ext Root Scanning (ms): Min: 0.0, Avg: 1.0, Max: 1.3, Diff: 1.3, Sum: 8.0]
      [Update RS (ms): Min: 0.0, Avg: 0.0, Max: 0.1, Diff: 0.1, Sum: 0.2]
         [Processed Buffers: Min: 0, Avg: 0.4, Max: 1, Diff: 1, Sum: 3]
      [Scan RS (ms): Min: 0.0, Avg: 0.0, Max: 0.0, Diff: 0.0, Sum: 0.0]
      [Code Root Scanning (ms): Min: 0.0, Avg: 0.0, Max: 0.0, Diff: 0.0, Sum: 0.0]
      [Object Copy (ms): Min: 0.0, Avg: 0.2, Max: 0.4, Diff: 0.4, Sum: 1.9]
      [Termination (ms): Min: 0.0, Avg: 0.8, Max: 1.0, Diff: 1.0, Sum: 6.6]
      [GC Worker Other (ms): Min: 0.0, Avg: 0.0, Max: 0.0, Diff: 0.0, Sum: 0.0]
      [GC Worker Total (ms): Min: 0.0, Avg: 2.1, Max: 2.4, Diff: 2.4, Sum: 16.8]
      [GC Worker End (ms): Min: 17044.5, Avg: 17044.5, Max: 17044.5, Diff: 0.0]
   [Code Root Fixup: 0.0 ms]
   [Code Root Migration: 0.0 ms]
   [Clear CT: 0.1 ms]
   [Other: 0.2 ms]
      [Choose CSet: 0.0 ms]
      [Ref Proc: 0.2 ms]
      [Ref Enq: 0.0 ms]
      [Free CSet: 0.0 ms]
   [Eden: 1024.0K(1024.0K)->0.0B(1024.0K) Survivors: 0.0B->1024.0K Heap: 4199.9K(6144.0K)->3673.3K(6144.0K)]
 [Times: user=0.03 sys=0.00, real=0.00 secs] 
17.045: Total time for which application threads were stopped: 0.0029620 seconds, Stopping threads took: 0.0000150 seconds
17.045: Application time: 0.0000900 seconds
17.045: Total time for which application threads were stopped: 0.0000420 seconds, Stopping threads took: 0.0000170 seconds
17.068: Application time: 0.0224800 seconds
17.068: [GC pause (young) (initial-mark) (to-space exhausted), 0.0036450 secs]
   [Parallel Time: 2.9 ms, GC Workers: 8]
      [GC Worker Start (ms): Min: 17067.7, Avg: 17067.7, Max: 17067.8, Diff: 0.1]
      [Ext Root Scanning (ms): Min: 0.4, Avg: 0.5, Max: 0.8, Diff: 0.4, Sum: 4.4]
      [Code Root Marking (ms): Min: 0.0, Avg: 0.0, Max: 0.0, Diff: 0.0, Sum: 0.0]
      [Update RS (ms): Min: 0.0, Avg: 0.0, Max: 0.1, Diff: 0.1, Sum: 0.1]
         [Processed Buffers: Min: 0, Avg: 1.2, Max: 9, Diff: 9, Sum: 10]
      [Scan RS (ms): Min: 0.0, Avg: 0.0, Max: 0.0, Diff: 0.0, Sum: 0.0]
      [Code Root Scanning (ms): Min: 0.0, Avg: 0.0, Max: 0.0, Diff: 0.0, Sum: 0.0]
      [Object Copy (ms): Min: 2.0, Avg: 2.3, Max: 2.5, Diff: 0.4, Sum: 18.0]
      [Termination (ms): Min: 0.0, Avg: 0.0, Max: 0.0, Diff: 0.0, Sum: 0.2]
      [GC Worker Other (ms): Min: 0.0, Avg: 0.0, Max: 0.0, Diff: 0.0, Sum: 0.0]
      [GC Worker Total (ms): Min: 2.8, Avg: 2.8, Max: 2.9, Diff: 0.1, Sum: 22.8]
      [GC Worker End (ms): Min: 17070.6, Avg: 17070.6, Max: 17070.6, Diff: 0.0]
   [Code Root Fixup: 0.0 ms]
   [Code Root Migration: 0.0 ms]
   [Clear CT: 0.0 ms]
   [Other: 0.7 ms]
      [Choose CSet: 0.0 ms]
      [Ref Proc: 0.1 ms]
      [Ref Enq: 0.0 ms]
      [Free CSet: 0.0 ms]
   [Eden: 1024.0K(1024.0K)->0.0B(1024.0K) Survivors: 1024.0K->0.0B Heap: 4697.3K(6144.0K)->4697.3K(6144.0K)]
 [Times: user=0.01 sys=0.00, real=0.00 secs] 
17.071: [GC concurrent-root-region-scan-start]
17.071: 17.071: Total time for which application threads were stopped: 0.0037640 seconds, Stopping threads took: 0.0000090 seconds
[GC concurrent-root-region-scan-end, 0.0000040 secs]
17.071: [GC concurrent-mark-start]
17.071: Application time: 0.0000330 seconds
17.071: [GC pause (young), 0.0010760 secs]
   [Parallel Time: 0.8 ms, GC Workers: 8]
      [GC Worker Start (ms): Min: 17071.4, Avg: 17071.4, Max: 17071.5, Diff: 0.0]
      [Ext Root Scanning (ms): Min: 0.4, Avg: 0.5, Max: 0.5, Diff: 0.1, Sum: 3.9]
      [Update RS (ms): Min: 0.1, Avg: 0.2, Max: 0.2, Diff: 0.1, Sum: 1.2]
         [Processed Buffers: Min: 1, Avg: 2.0, Max: 4, Diff: 3, Sum: 16]
      [Scan RS (ms): Min: 0.0, Avg: 0.0, Max: 0.0, Diff: 0.0, Sum: 0.0]
      [Code Root Scanning (ms): Min: 0.0, Avg: 0.0, Max: 0.0, Diff: 0.0, Sum: 0.0]
      [Object Copy (ms): Min: 0.0, Avg: 0.0, Max: 0.0, Diff: 0.0, Sum: 0.3]
      [Termination (ms): Min: 0.0, Avg: 0.1, Max: 0.1, Diff: 0.1, Sum: 0.6]
      [GC Worker Other (ms): Min: 0.0, Avg: 0.0, Max: 0.0, Diff: 0.0, Sum: 0.0]
      [GC Worker Total (ms): Min: 0.7, Avg: 0.8, Max: 0.8, Diff: 0.0, Sum: 6.1]
      [GC Worker End (ms): Min: 17072.2, Avg: 17072.2, Max: 17072.2, Diff: 0.0]
   [Code Root Fixup: 0.0 ms]
   [Code Root Migration: 0.0 ms]
   [Clear CT: 0.1 ms]
   [Other: 0.2 ms]
      [Choose CSet: 0.0 ms]
      [Ref Proc: 0.2 ms]
      [Ref Enq: 0.0 ms]
      [Free CSet: 0.0 ms]
   [Eden: 0.0B(1024.0K)->0.0B(1024.0K) Survivors: 0.0B->0.0B Heap: 4697.3K(6144.0K)->4697.3K(6144.0K)]
 [Times: user=0.01 sys=0.00, real=0.00 secs] 
17.073: Total time for which application threads were stopped: 0.0011450 seconds, Stopping threads took: 0.0000050 seconds
17.073: Application time: 0.0000330 seconds
17.073: [Full GC 4697K->3042K(6144K), 0.0150650 secs]
   [Eden: 0.0B(1024.0K)->0.0B(1024.0K) Survivors: 0.0B->0.0B Heap: 4697.3K(6144.0K)->3042.8K(6144.0K)], [Perm: 11841K->11833K(20480K)]
 [Times: user=0.02 sys=0.00, real=0.02 secs] 
17.088: Total time for which application threads were stopped: 0.0151450 seconds, Stopping threads took: 0.0000040 seconds
17.088: [GC concurrent-mark-abort]
17.106: Application time: 0.0186510 seconds
17.106: [GC pause (young), 0.0052640 secs]
   [Parallel Time: 1.8 ms, GC Workers: 8]
      [GC Worker Start (ms): Min: 17106.4, Avg: 17106.7, Max: 17108.1, Diff: 1.7]
      [Ext Root Scanning (ms): Min: 0.0, Avg: 1.1, Max: 1.5, Diff: 1.5, Sum: 8.9]
      [Update RS (ms): Min: 0.0, Avg: 0.0, Max: 0.1, Diff: 0.1, Sum: 0.2]
         [Processed Buffers: Min: 0, Avg: 0.4, Max: 1, Diff: 1, Sum: 3]
      [Scan RS (ms): Min: 0.0, Avg: 0.0, Max: 0.0, Diff: 0.0, Sum: 0.0]
      [Code Root Scanning (ms): Min: 0.0, Avg: 0.0, Max: 0.0, Diff: 0.0, Sum: 0.0]
      [Object Copy (ms): Min: 0.0, Avg: 0.2, Max: 0.3, Diff: 0.3, Sum: 1.7]
      [Termination (ms): Min: 0.0, Avg: 0.1, Max: 0.1, Diff: 0.1, Sum: 0.9]
      [GC Worker Other (ms): Min: 0.0, Avg: 0.0, Max: 0.0, Diff: 0.0, Sum: 0.0]
      [GC Worker Total (ms): Min: 0.0, Avg: 1.5, Max: 1.7, Diff: 1.7, Sum: 11.7]
      [GC Worker End (ms): Min: 17108.1, Avg: 17108.1, Max: 17108.1, Diff: 0.0]
   [Code Root Fixup: 0.0 ms]
   [Code Root Migration: 0.0 ms]
   [Clear CT: 0.0 ms]
   [Other: 3.4 ms]
      [Choose CSet: 0.0 ms]
      [Ref Proc: 3.4 ms]
      [Ref Enq: 0.0 ms]
      [Free CSet: 0.0 ms]
   [Eden: 1024.0K(1024.0K)->0.0B(1024.0K) Survivors: 0.0B->1024.0K Heap: 4066.8K(6144.0K)->3404.2K(6144.0K)]
 [Times: user=0.04 sys=0.00, real=0.01 secs] 
17.112: Total time for which application threads were stopped: 0.0053660 seconds, Stopping threads took: 0.0000120 seconds
17.114: Application time: 0.0026600 seconds
17.114: [GC pause (young) (initial-mark) (to-space exhausted), 0.0032780 secs]
   [Parallel Time: 2.7 ms, GC Workers: 8]
      [GC Worker Start (ms): Min: 17114.4, Avg: 17114.5, Max: 17114.6, Diff: 0.2]
      [Ext Root Scanning (ms): Min: 0.1, Avg: 0.5, Max: 0.8, Diff: 0.7, Sum: 4.3]
      [Code Root Marking (ms): Min: 0.0, Avg: 0.0, Max: 0.0, Diff: 0.0, Sum: 0.0]
      [Update RS (ms): Min: 0.0, Avg: 0.0, Max: 0.1, Diff: 0.1, Sum: 0.1]
         [Processed Buffers: Min: 0, Avg: 1.0, Max: 4, Diff: 4, Sum: 8]
      [Scan RS (ms): Min: 0.0, Avg: 0.0, Max: 0.0, Diff: 0.0, Sum: 0.0]
      [Code Root Scanning (ms): Min: 0.0, Avg: 0.0, Max: 0.0, Diff: 0.0, Sum: 0.0]
      [Object Copy (ms): Min: 1.6, Avg: 2.0, Max: 2.4, Diff: 0.8, Sum: 15.6]
      [Termination (ms): Min: 0.0, Avg: 0.1, Max: 0.2, Diff: 0.2, Sum: 1.0]
      [GC Worker Other (ms): Min: 0.0, Avg: 0.0, Max: 0.0, Diff: 0.0, Sum: 0.0]
      [GC Worker Total (ms): Min: 2.5, Avg: 2.6, Max: 2.7, Diff: 0.2, Sum: 21.1]
      [GC Worker End (ms): Min: 17117.1, Avg: 17117.1, Max: 17117.1, Diff: 0.0]
   [Code Root Fixup: 0.0 ms]
   [Code Root Migration: 0.0 ms]
   [Clear CT: 0.0 ms]
   [Other: 0.5 ms]
      [Choose CSet: 0.0 ms]
      [Ref Proc: 0.1 ms]
      [Ref Enq: 0.0 ms]
      [Free CSet: 0.0 ms]
   [Eden: 1024.0K(1024.0K)->0.0B(1024.0K) Survivors: 1024.0K->0.0B Heap: 3777.8K(6144.0K)->3777.8K(6144.0K)]
 [Times: user=0.02 sys=0.00, real=0.00 secs] 
17.118: [GC concurrent-root-region-scan-start]
17.118: 17.118: Total time for which application threads were stopped: 0.0033660 seconds, Stopping threads took: 0.0000100 seconds
[GC concurrent-root-region-scan-end, 0.0000050 secs]
17.118: [GC concurrent-mark-start]
17.118: Application time: 0.0000280 seconds
17.118: [GC pause (young), 0.0053370 secs]
   [Parallel Time: 0.9 ms, GC Workers: 8]
      [GC Worker Start (ms): Min: 17117.8, Avg: 17117.9, Max: 17118.7, Diff: 0.9]
      [Ext Root Scanning (ms): Min: 0.0, Avg: 0.5, Max: 0.7, Diff: 0.7, Sum: 4.3]
      [SATB Filtering (ms): Min: 0.0, Avg: 0.0, Max: 0.0, Diff: 0.0, Sum: 0.0]
      [Update RS (ms): Min: 0.0, Avg: 0.1, Max: 0.2, Diff: 0.2, Sum: 0.4]
         [Processed Buffers: Min: 0, Avg: 1.4, Max: 4, Diff: 4, Sum: 11]
      [Scan RS (ms): Min: 0.0, Avg: 0.0, Max: 0.0, Diff: 0.0, Sum: 0.0]
      [Code Root Scanning (ms): Min: 0.0, Avg: 0.0, Max: 0.0, Diff: 0.0, Sum: 0.0]
      [Object Copy (ms): Min: 0.0, Avg: 0.0, Max: 0.1, Diff: 0.1, Sum: 0.4]
      [Termination (ms): Min: 0.0, Avg: 0.1, Max: 0.2, Diff: 0.2, Sum: 0.9]
      [GC Worker Other (ms): Min: 0.0, Avg: 0.0, Max: 0.0, Diff: 0.0, Sum: 0.0]
      [GC Worker Total (ms): Min: 0.0, Avg: 0.8, Max: 0.9, Diff: 0.9, Sum: 6.0]
      [GC Worker End (ms): Min: 17118.7, Avg: 17118.7, Max: 17118.7, Diff: 0.0]
   [Code Root Fixup: 0.0 ms]
   [Code Root Migration: 0.0 ms]
   [Clear CT: 0.0 ms]
   [Other: 4.4 ms]
      [Choose CSet: 0.0 ms]
      [Ref Proc: 4.4 ms]
      [Ref Enq: 0.0 ms]
      [Free CSet: 0.0 ms]
   [Eden: 0.0B(1024.0K)->0.0B(1024.0K) Survivors: 0.0B->0.0B Heap: 3777.8K(6144.0K)->3777.8K(6144.0K)]
 [Times: user=0.04 sys=0.00, real=0.01 secs] 
17.123: Total time for which application threads were stopped: 0.0054190 seconds, Stopping threads took: 0.0000090 seconds
17.123: Application time: 0.0000190 seconds
17.123: [Full GC 3777K->2993K(6144K), 0.0130810 secs]
   [Eden: 0.0B(1024.0K)->0.0B(1024.0K) Survivors: 0.0B->0.0B Heap: 3777.8K(6144.0K)->2993.5K(6144.0K)], [Perm: 12405K->12405K(20480K)]
 [Times: user=0.02 sys=0.00, real=0.01 secs] 
17.136: Total time for which application threads were stopped: 0.0131520 seconds, Stopping threads took: 0.0000070 seconds
17.136: [GC concurrent-mark-abort]
17.137: Application time: 0.0002420 seconds
17.137: [GC pause (young), 0.0019790 secs]
   [Parallel Time: 1.7 ms, GC Workers: 8]
      [GC Worker Start (ms): Min: 17136.8, Avg: 17136.9, Max: 17137.2, Diff: 0.4]
      [Ext Root Scanning (ms): Min: 1.2, Avg: 1.4, Max: 1.4, Diff: 0.3, Sum: 11.0]
      [Update RS (ms): Min: 0.0, Avg: 0.0, Max: 0.0, Diff: 0.0, Sum: 0.0]
         [Processed Buffers: Min: 0, Avg: 0.2, Max: 1, Diff: 1, Sum: 2]
      [Scan RS (ms): Min: 0.0, Avg: 0.0, Max: 0.0, Diff: 0.0, Sum: 0.0]
      [Code Root Scanning (ms): Min: 0.0, Avg: 0.0, Max: 0.0, Diff: 0.0, Sum: 0.0]
      [Object Copy (ms): Min: 0.0, Avg: 0.1, Max: 0.2, Diff: 0.2, Sum: 0.8]
      [Termination (ms): Min: 0.0, Avg: 0.1, Max: 0.1, Diff: 0.1, Sum: 0.6]
      [GC Worker Other (ms): Min: 0.0, Avg: 0.0, Max: 0.0, Diff: 0.0, Sum: 0.0]
      [GC Worker Total (ms): Min: 1.3, Avg: 1.6, Max: 1.6, Diff: 0.4, Sum: 12.5]
      [GC Worker End (ms): Min: 17138.5, Avg: 17138.5, Max: 17138.5, Diff: 0.0]
   [Code Root Fixup: 0.0 ms]
   [Code Root Migration: 0.0 ms]
   [Clear CT: 0.1 ms]
   [Other: 0.2 ms]
      [Choose CSet: 0.0 ms]
      [Ref Proc: 0.1 ms]
      [Ref Enq: 0.0 ms]
      [Free CSet: 0.0 ms]
   [Eden: 0.0B(1024.0K)->0.0B(1024.0K) Survivors: 0.0B->0.0B Heap: 5102.9K(6144.0K)->5102.9K(6144.0K)]
 [Times: user=0.02 sys=0.00, real=0.00 secs] 
17.139: Total time for which application threads were stopped: 0.0022360 seconds, Stopping threads took: 0.0001740 seconds
17.139: Application time: 0.0000500 seconds
17.139: [GC pause (young), 0.0011880 secs]
   [Parallel Time: 1.1 ms, GC Workers: 8]
      [GC Worker Start (ms): Min: 17139.0, Avg: 17139.2, Max: 17140.0, Diff: 1.0]
      [Ext Root Scanning (ms): Min: 0.0, Avg: 0.5, Max: 0.8, Diff: 0.8, Sum: 4.1]
      [Update RS (ms): Min: 0.0, Avg: 0.0, Max: 0.0, Diff: 0.0, Sum: 0.0]
         [Processed Buffers: Min: 0, Avg: 0.2, Max: 2, Diff: 2, Sum: 2]
      [Scan RS (ms): Min: 0.0, Avg: 0.0, Max: 0.0, Diff: 0.0, Sum: 0.0]
      [Code Root Scanning (ms): Min: 0.0, Avg: 0.0, Max: 0.0, Diff: 0.0, Sum: 0.0]
      [Object Copy (ms): Min: 0.0, Avg: 0.0, Max: 0.1, Diff: 0.1, Sum: 0.4]
      [Termination (ms): Min: 0.0, Avg: 0.2, Max: 0.4, Diff: 0.4, Sum: 1.6]
      [GC Worker Other (ms): Min: 0.0, Avg: 0.0, Max: 0.0, Diff: 0.0, Sum: 0.0]
      [GC Worker Total (ms): Min: 0.0, Avg: 0.8, Max: 1.0, Diff: 1.0, Sum: 6.1]
      [GC Worker End (ms): Min: 17140.0, Avg: 17140.0, Max: 17140.0, Diff: 0.0]
   [Code Root Fixup: 0.0 ms]
   [Code Root Migration: 0.0 ms]
   [Clear CT: 0.0 ms]
   [Other: 0.1 ms]
      [Choose CSet: 0.0 ms]
      [Ref Proc: 0.1 ms]
      [Ref Enq: 0.0 ms]
      [Free CSet: 0.0 ms]
   [Eden: 0.0B(1024.0K)->0.0B(1024.0K) Survivors: 0.0B->0.0B Heap: 5102.9K(6144.0K)->5102.9K(6144.0K)]
 [Times: user=0.01 sys=0.00, real=0.01 secs] 
17.140: Total time for which application threads were stopped: 0.0012680 seconds, Stopping threads took: 0.0000110 seconds
17.140: Application time: 0.0000280 seconds
17.140: [Full GC 5102K->5094K(6144K), 0.0125580 secs]
   [Eden: 0.0B(1024.0K)->0.0B(1024.0K) Survivors: 0.0B->0.0B Heap: 5102.9K(6144.0K)->5094.1K(6144.0K)], [Perm: 12405K->12405K(20480K)]
 [Times: user=0.02 sys=0.00, real=0.01 secs] 
17.153: [Full GC 5094K->4863K(6144K), 0.0110740 secs]
   [Eden: 0.0B(1024.0K)->0.0B(1024.0K) Survivors: 0.0B->0.0B Heap: 5094.1K(6144.0K)->4863.4K(6144.0K)], [Perm: 12405K->12405K(20480K)]
 [Times: user=0.01 sys=0.00, real=0.01 secs] 
17.164: Total time for which application threads were stopped: 0.0237680 seconds, Stopping threads took: 0.0000250 seconds
17.164: Application time: 0.0000700 seconds
17.164: [GC pause (young), 0.0018300 secs]
   [Parallel Time: 1.6 ms, GC Workers: 8]
      [GC Worker Start (ms): Min: 17164.1, Avg: 17164.3, Max: 17165.3, Diff: 1.2]
      [Ext Root Scanning (ms): Min: 0.0, Avg: 0.9, Max: 1.2, Diff: 1.2, Sum: 7.5]
      [Update RS (ms): Min: 0.0, Avg: 0.0, Max: 0.0, Diff: 0.0, Sum: 0.0]
         [Processed Buffers: Min: 0, Avg: 0.1, Max: 1, Diff: 1, Sum: 1]
      [Scan RS (ms): Min: 0.0, Avg: 0.0, Max: 0.0, Diff: 0.0, Sum: 0.0]
      [Code Root Scanning (ms): Min: 0.0, Avg: 0.0, Max: 0.0, Diff: 0.0, Sum: 0.0]
      [Object Copy (ms): Min: 0.0, Avg: 0.1, Max: 0.2, Diff: 0.2, Sum: 0.6]
      [Termination (ms): Min: 0.0, Avg: 0.2, Max: 0.2, Diff: 0.2, Sum: 1.3]
      [GC Worker Other (ms): Min: 0.0, Avg: 0.0, Max: 0.0, Diff: 0.0, Sum: 0.0]
      [GC Worker Total (ms): Min: 0.1, Avg: 1.2, Max: 1.4, Diff: 1.2, Sum: 9.5]
      [GC Worker End (ms): Min: 17165.5, Avg: 17165.5, Max: 17165.5, Diff: 0.0]
   [Code Root Fixup: 0.0 ms]
   [Code Root Migration: 0.0 ms]
   [Clear CT: 0.1 ms]
   [Other: 0.2 ms]
      [Choose CSet: 0.0 ms]
      [Ref Proc: 0.1 ms]
      [Ref Enq: 0.0 ms]
      [Free CSet: 0.0 ms]
   [Eden: 0.0B(1024.0K)->0.0B(1024.0K) Survivors: 0.0B->0.0B Heap: 4863.4K(6144.0K)->4863.4K(6144.0K)]
 [Times: user=0.01 sys=0.00, real=0.00 secs] 
17.166: Total time for which application threads were stopped: 0.0019230 seconds, Stopping threads took: 0.0000120 seconds
17.166: Application time: 0.0000450 seconds
17.166: [GC pause (young), 0.0009280 secs]
   [Parallel Time: 0.8 ms, GC Workers: 8]
      [GC Worker Start (ms): Min: 17166.1, Avg: 17166.2, Max: 17166.8, Diff: 0.7]
      [Ext Root Scanning (ms): Min: 0.0, Avg: 0.5, Max: 0.7, Diff: 0.7, Sum: 4.2]
      [Update RS (ms): Min: 0.0, Avg: 0.0, Max: 0.0, Diff: 0.0, Sum: 0.0]
         [Processed Buffers: Min: 0, Avg: 0.1, Max: 1, Diff: 1, Sum: 1]
      [Scan RS (ms): Min: 0.0, Avg: 0.0, Max: 0.0, Diff: 0.0, Sum: 0.0]
      [Code Root Scanning (ms): Min: 0.0, Avg: 0.0, Max: 0.0, Diff: 0.0, Sum: 0.0]
      [Object Copy (ms): Min: 0.0, Avg: 0.0, Max: 0.1, Diff: 0.1, Sum: 0.3]
      [Termination (ms): Min: 0.0, Avg: 0.1, Max: 0.2, Diff: 0.2, Sum: 0.8]
      [GC Worker Other (ms): Min: 0.0, Avg: 0.0, Max: 0.0, Diff: 0.0, Sum: 0.0]
      [GC Worker Total (ms): Min: 0.0, Avg: 0.7, Max: 0.8, Diff: 0.7, Sum: 5.3]
      [GC Worker End (ms): Min: 17166.8, Avg: 17166.8, Max: 17166.8, Diff: 0.0]
   [Code Root Fixup: 0.0 ms]
   [Code Root Migration: 0.0 ms]
   [Clear CT: 0.0 ms]
   [Other: 0.1 ms]
      [Choose CSet: 0.0 ms]
      [Ref Proc: 0.1 ms]
      [Ref Enq: 0.0 ms]
      [Free CSet: 0.0 ms]
   [Eden: 0.0B(1024.0K)->0.0B(1024.0K) Survivors: 0.0B->0.0B Heap: 4863.4K(6144.0K)->4863.4K(6144.0K)]
 [Times: user=0.00 sys=0.00, real=0.00 secs] 
17.167: Total time for which application threads were stopped: 0.0010100 seconds, Stopping threads took: 0.0000110 seconds
17.167: Application time: 0.0000350 seconds
17.167: [GC pause (young), 0.0007080 secs]
   [Parallel Time: 0.6 ms, GC Workers: 8]
      [GC Worker Start (ms): Min: 17167.1, Avg: 17167.1, Max: 17167.1, Diff: 0.0]
      [Ext Root Scanning (ms): Min: 0.4, Avg: 0.5, Max: 0.5, Diff: 0.1, Sum: 3.7]
      [Update RS (ms): Min: 0.0, Avg: 0.0, Max: 0.0, Diff: 0.0, Sum: 0.0]
         [Processed Buffers: Min: 0, Avg: 0.1, Max: 1, Diff: 1, Sum: 1]
      [Scan RS (ms): Min: 0.0, Avg: 0.0, Max: 0.0, Diff: 0.0, Sum: 0.0]
      [Code Root Scanning (ms): Min: 0.0, Avg: 0.0, Max: 0.0, Diff: 0.0, Sum: 0.0]
      [Object Copy (ms): Min: 0.0, Avg: 0.0, Max: 0.1, Diff: 0.0, Sum: 0.3]
      [Termination (ms): Min: 0.0, Avg: 0.0, Max: 0.1, Diff: 0.1, Sum: 0.4]
      [GC Worker Other (ms): Min: 0.0, Avg: 0.0, Max: 0.0, Diff: 0.0, Sum: 0.0]
      [GC Worker Total (ms): Min: 0.5, Avg: 0.6, Max: 0.6, Diff: 0.0, Sum: 4.5]
      [GC Worker End (ms): Min: 17167.7, Avg: 17167.7, Max: 17167.7, Diff: 0.0]
   [Code Root Fixup: 0.0 ms]
   [Code Root Migration: 0.0 ms]
   [Clear CT: 0.0 ms]
   [Other: 0.1 ms]
      [Choose CSet: 0.0 ms]
      [Ref Proc: 0.0 ms]
      [Ref Enq: 0.0 ms]
      [Free CSet: 0.0 ms]
   [Eden: 0.0B(1024.0K)->0.0B(1024.0K) Survivors: 0.0B->0.0B Heap: 4863.4K(6144.0K)->4863.4K(6144.0K)]
 [Times: user=0.01 sys=0.00, real=0.01 secs] 
17.168: Total time for which application threads were stopped: 0.0007870 seconds, Stopping threads took: 0.0000200 seconds
17.168: Application time: 0.0000170 seconds
17.168: [Full GC 4863K->4863K(6144K), 0.0118300 secs]
   [Eden: 0.0B(1024.0K)->0.0B(1024.0K) Survivors: 0.0B->0.0B Heap: 4863.4K(6144.0K)->4863.4K(6144.0K)], [Perm: 12405K->12405K(20480K)]
 [Times: user=0.01 sys=0.00, real=0.01 secs] 
17.180: [Full GC 4863K->4863K(6144K), 0.0110980 secs]
   [Eden: 0.0B(1024.0K)->0.0B(1024.0K) Survivors: 0.0B->0.0B Heap: 4863.4K(6144.0K)->4863.4K(6144.0K)], [Perm: 12405K->12405K(20480K)]
 [Times: user=0.02 sys=0.00, real=0.01 secs] 
17.191: Total time for which application threads were stopped: 0.0230530 seconds, Stopping threads took: 0.0000120 seconds
17.191: Application time: 0.0000460 seconds
17.191: [GC pause (young), 0.0022290 secs]
   [Parallel Time: 1.4 ms, GC Workers: 8]
      [GC Worker Start (ms): Min: 17191.0, Avg: 17191.0, Max: 17191.1, Diff: 0.0]
      [Ext Root Scanning (ms): Min: 1.0, Avg: 1.0, Max: 1.0, Diff: 0.1, Sum: 8.0]
      [Update RS (ms): Min: 0.0, Avg: 0.0, Max: 0.0, Diff: 0.0, Sum: 0.0]
         [Processed Buffers: Min: 0, Avg: 0.1, Max: 1, Diff: 1, Sum: 1]
      [Scan RS (ms): Min: 0.0, Avg: 0.0, Max: 0.0, Diff: 0.0, Sum: 0.0]
      [Code Root Scanning (ms): Min: 0.0, Avg: 0.0, Max: 0.0, Diff: 0.0, Sum: 0.0]
      [Object Copy (ms): Min: 0.1, Avg: 0.1, Max: 0.1, Diff: 0.0, Sum: 0.7]
      [Termination (ms): Min: 0.0, Avg: 0.0, Max: 0.1, Diff: 0.1, Sum: 0.2]
      [GC Worker Other (ms): Min: 0.0, Avg: 0.0, Max: 0.0, Diff: 0.0, Sum: 0.0]
      [GC Worker Total (ms): Min: 1.1, Avg: 1.1, Max: 1.1, Diff: 0.0, Sum: 9.0]
      [GC Worker End (ms): Min: 17192.2, Avg: 17192.2, Max: 17192.2, Diff: 0.0]
   [Code Root Fixup: 0.0 ms]
   [Code Root Migration: 0.0 ms]
   [Clear CT: 0.6 ms]
   [Other: 0.2 ms]
      [Choose CSet: 0.0 ms]
      [Ref Proc: 0.2 ms]
      [Ref Enq: 0.0 ms]
      [Free CSet: 0.0 ms]
   [Eden: 0.0B(1024.0K)->0.0B(1024.0K) Survivors: 0.0B->0.0B Heap: 4863.4K(6144.0K)->4863.4K(6144.0K)]
 [Times: user=0.01 sys=0.00, real=0.00 secs] 
17.193: Total time for which application threads were stopped: 0.0023110 seconds, Stopping threads took: 0.0000100 seconds
17.193: Application time: 0.0000440 seconds
17.193: [Full GC 4863K->2628K(6144K), 0.0131690 secs]
   [Eden: 0.0B(1024.0K)->0.0B(1024.0K) Survivors: 0.0B->0.0B Heap: 4863.4K(6144.0K)->2628.4K(6144.0K)], [Perm: 12405K->12405K(20480K)]
 [Times: user=0.02 sys=0.00, real=0.01 secs] 
17.207: Total time for which application threads were stopped: 0.0132520 seconds, Stopping threads took: 0.0000050 seconds
Heap
 garbage-first heap   total 6144K, used 2628K [0x00000000fa800000, 0x00000000fae00000, 0x00000000fae00000)
  region size 1024K, 1 young (1024K), 0 survivors (0K)
 compacting perm gen  total 20480K, used 12429K [0x00000000fae00000, 0x00000000fc200000, 0x0000000100000000)
   the space 20480K,  60% used [0x00000000fae00000, 0x00000000fba23488, 0x00000000fba23600, 0x00000000fc200000)
No shared spaces configured.
17.208: Application time: 0.0018060 seconds
