Java HotSpot(TM) 64-Bit Server VM (24.80-b11) for linux-amd64 JRE (1.7.0_80-b15), built on Apr 10 2015 19:53:14 by "java_re" with gcc 4.3.0 20080428 (Red Hat 4.3.0-8)
Memory: 4k page, physical 8000092k(6115896k free), swap 8218620k(8218620k free)
CommandLine flags: -XX:InitialHeapSize=17862656 -XX:MaxHeapSize=17862656 -XX:+PrintGC -XX:+PrintGCApplicationConcurrentTime -XX:+PrintGCApplicationStoppedTime -XX:+PrintGCDetails -XX:+PrintGCTimeStamps -XX:-UseAdaptiveSizePolicy -XX:+UseCompressedOops -XX:+UseParallelGC 
0.108: Application time: 0.0849390 seconds
0.108: [GC [PSYoungGen: 5059K->512K(5632K)] 5059K->2255K(17408K), 0.0016570 secs] [Times: user=0.02 sys=0.00, real=0.01 secs] 
0.110: Total time for which application threads were stopped: 0.0017490 seconds, Stopping threads took: 0.0000120 seconds
4.028: Application time: 3.9187590 seconds
4.028: Total time for which application threads were stopped: 0.0000830 seconds, Stopping threads took: 0.0000100 seconds
14.669: Application time: 10.6408670 seconds
14.669: Total time for which application threads were stopped: 0.0000240 seconds, Stopping threads took: 0.0000080 seconds
14.669: Application time: 0.0000390 seconds
14.669: Total time for which application threads were stopped: 0.0000100 seconds, Stopping threads took: 0.0000040 seconds
14.671: Application time: 0.0015610 seconds
14.671: Total time for which application threads were stopped: 0.0000240 seconds, Stopping threads took: 0.0000180 seconds
14.688: Application time: 0.0172680 seconds
14.688: Total time for which application threads were stopped: 0.0000390 seconds, Stopping threads took: 0.0000100 seconds
14.700: Application time: 0.0120750 seconds
14.700: [GC [PSYoungGen: 4384K->496K(5632K)] 6127K->3251K(17408K), 0.0013350 secs] [Times: user=0.00 sys=0.00, real=0.01 secs] 
14.702: [Full GC [PSYoungGen: 496K->0K(5632K)] [ParOldGen: 2755K->2896K(11776K)] 3251K->2896K(17408K) [PSPermGen: 5075K->5074K(21504K)], 0.0172550 secs] [Times: user=0.08 sys=0.01, real=0.01 secs] 
14.719: Total time for which application threads were stopped: 0.0187100 seconds, Stopping threads took: 0.0000180 seconds
14.719: Application time: 0.0000310 seconds
14.719: [GC [PSYoungGen: 0K->0K(5632K)] 2896K->2896K(17408K), 0.0002520 secs] [Times: user=0.00 sys=0.00, real=0.00 secs] 
14.719: [Full GC [PSYoungGen: 0K->0K(5632K)] [ParOldGen: 2896K->2896K(11776K)] 2896K->2896K(17408K) [PSPermGen: 5074K->5074K(21504K)], 0.0047510 secs] [Times: user=0.02 sys=0.01, real=0.01 secs] 
14.724: Total time for which application threads were stopped: 0.0050970 seconds, Stopping threads took: 0.0000130 seconds
14.724: Application time: 0.0000700 seconds
14.724: Total time for which application threads were stopped: 0.0000240 seconds, Stopping threads took: 0.0000140 seconds
14.724: Application time: 0.0000120 seconds
14.724: Total time for which application threads were stopped: 0.0000170 seconds, Stopping threads took: 0.0000130 seconds
14.724: Application time: 0.0000130 seconds
14.724: Total time for which application threads were stopped: 0.0000190 seconds, Stopping threads took: 0.0000140 seconds
14.724: Application time: 0.0000110 seconds
14.724: Total time for which application threads were stopped: 0.0000190 seconds, Stopping threads took: 0.0000150 seconds
14.724: Application time: 0.0000110 seconds
14.724: Total time for which application threads were stopped: 0.0000200 seconds, Stopping threads took: 0.0000160 seconds
14.724: Application time: 0.0000110 seconds
14.724: Total time for which application threads were stopped: 0.0000200 seconds, Stopping threads took: 0.0000160 seconds
14.724: Application time: 0.0000100 seconds
14.724: Total time for which application threads were stopped: 0.0000080 seconds, Stopping threads took: 0.0000040 seconds
14.725: Application time: 0.0000110 seconds
14.725: Total time for which application threads were stopped: 0.0000170 seconds, Stopping threads took: 0.0000130 seconds
14.725: Application time: 0.0000210 seconds
14.725: Total time for which application threads were stopped: 0.0000170 seconds, Stopping threads took: 0.0000120 seconds
14.725: Application time: 0.0000150 seconds
14.725: Total time for which application threads were stopped: 0.0000220 seconds, Stopping threads took: 0.0000180 seconds
14.725: Application time: 0.0000140 seconds
14.725: Total time for which application threads were stopped: 0.0000180 seconds, Stopping threads took: 0.0000130 seconds
14.725: Application time: 0.0000140 seconds
14.725: Total time for which application threads were stopped: 0.0000180 seconds, Stopping threads took: 0.0000130 seconds
14.725: Application time: 0.0000140 seconds
14.725: Total time for which application threads were stopped: 0.0000170 seconds, Stopping threads took: 0.0000130 seconds
14.725: Application time: 0.0000150 seconds
14.725: Total time for which application threads were stopped: 0.0000170 seconds, Stopping threads took: 0.0000130 seconds
14.725: Application time: 0.0000370 seconds
14.725: Total time for which application threads were stopped: 0.0000180 seconds, Stopping threads took: 0.0000140 seconds
14.725: Application time: 0.0000300 seconds
14.725: Total time for which application threads were stopped: 0.0000150 seconds, Stopping threads took: 0.0000110 seconds
14.725: Application time: 0.0000110 seconds
14.725: Total time for which application threads were stopped: 0.0000160 seconds, Stopping threads took: 0.0000120 seconds
14.725: Application time: 0.0000100 seconds
14.725: Total time for which application threads were stopped: 0.0000190 seconds, Stopping threads took: 0.0000140 seconds
14.725: Application time: 0.0000100 seconds
14.725: Total time for which application threads were stopped: 0.0000170 seconds, Stopping threads took: 0.0000130 seconds
14.725: Application time: 0.0000100 seconds
14.725: Total time for which application threads were stopped: 0.0000220 seconds, Stopping threads took: 0.0000090 seconds
14.725: Application time: 0.0005040 seconds
14.725: Total time for which application threads were stopped: 0.0000200 seconds, Stopping threads took: 0.0000120 seconds
14.727: Application time: 0.0013730 seconds
14.727: Total time for which application threads were stopped: 0.0000090 seconds, Stopping threads took: 0.0000040 seconds
16.425: Application time: 1.6980730 seconds
16.425: Total time for which application threads were stopped: 0.0001180 seconds, Stopping threads took: 0.0000750 seconds
16.461: Application time: 0.0363880 seconds
16.462: Total time for which application threads were stopped: 0.0000600 seconds, Stopping threads took: 0.0000200 seconds
16.486: Application time: 0.0248700 seconds
16.486: [GC [PSYoungGen: 5120K->484K(5632K)] 8016K->4518K(17408K), 0.0012070 secs] [Times: user=0.00 sys=0.00, real=0.00 secs] 
16.488: Total time for which application threads were stopped: 0.0012770 seconds, Stopping threads took: 0.0000180 seconds
16.488: Application time: 0.0000960 seconds
16.488: Total time for which application threads were stopped: 0.0001090 seconds, Stopping threads took: 0.0000750 seconds
16.488: Application time: 0.0000750 seconds
16.488: Total time for which application threads were stopped: 0.0000300 seconds, Stopping threads took: 0.0000230 seconds
16.488: Application time: 0.0000250 seconds
16.488: Total time for which application threads were stopped: 0.0000190 seconds, Stopping threads took: 0.0000150 seconds
16.488: Application time: 0.0000230 seconds
16.488: Total time for which application threads were stopped: 0.0000180 seconds, Stopping threads took: 0.0000140 seconds
16.488: Application time: 0.0000120 seconds
16.488: Total time for which application threads were stopped: 0.0000100 seconds, Stopping threads took: 0.0000050 seconds
16.488: Application time: 0.0000110 seconds
16.488: Total time for which application threads were stopped: 0.0000090 seconds, Stopping threads took: 0.0000050 seconds
16.488: Application time: 0.0000100 seconds
16.488: Total time for which application threads were stopped: 0.0000080 seconds, Stopping threads took: 0.0000040 seconds
16.488: Application time: 0.0000290 seconds
16.488: Total time for which application threads were stopped: 0.0000180 seconds, Stopping threads took: 0.0000120 seconds
16.488: Application time: 0.0000140 seconds
16.488: Total time for which application threads were stopped: 0.0000160 seconds, Stopping threads took: 0.0000120 seconds
16.488: Application time: 0.0000120 seconds
16.488: Total time for which application threads were stopped: 0.0000140 seconds, Stopping threads took: 0.0000100 seconds
16.488: Application time: 0.0000110 seconds
16.488: Total time for which application threads were stopped: 0.0000090 seconds, Stopping threads took: 0.0000050 seconds
16.488: Application time: 0.0000100 seconds
16.488: Total time for which application threads were stopped: 0.0000090 seconds, Stopping threads took: 0.0000050 seconds
16.488: Application time: 0.0000110 seconds
16.488: Total time for which application threads were stopped: 0.0000160 seconds, Stopping threads took: 0.0000120 seconds
16.488: Application time: 0.0000110 seconds
16.488: Total time for which application threads were stopped: 0.0000150 seconds, Stopping threads took: 0.0000110 seconds
16.488: Application time: 0.0000110 seconds
16.488: Total time for which application threads were stopped: 0.0000140 seconds, Stopping threads took: 0.0000110 seconds
16.488: Application time: 0.0000100 seconds
16.488: Total time for which application threads were stopped: 0.0000070 seconds, Stopping threads took: 0.0000040 seconds
16.488: Application time: 0.0000110 seconds
16.488: Total time for which application threads were stopped: 0.0000070 seconds, Stopping threads took: 0.0000040 seconds
16.488: Application time: 0.0000110 seconds
16.488: Total time for which application threads were stopped: 0.0000140 seconds, Stopping threads took: 0.0000100 seconds
16.488: Application time: 0.0000100 seconds
16.488: Total time for which application threads were stopped: 0.0000070 seconds, Stopping threads took: 0.0000040 seconds
16.488: Application time: 0.0000100 seconds
16.488: Total time for which application threads were stopped: 0.0000130 seconds, Stopping threads took: 0.0000100 seconds
16.488: Application time: 0.0000110 seconds
16.488: Total time for which application threads were stopped: 0.0000150 seconds, Stopping threads took: 0.0000110 seconds
16.489: Application time: 0.0000110 seconds
16.489: Total time for which application threads were stopped: 0.0000210 seconds, Stopping threads took: 0.0000170 seconds
16.489: Application time: 0.0000100 seconds
16.489: Total time for which application threads were stopped: 0.0003830 seconds, Stopping threads took: 0.0003660 seconds
16.567: Application time: 0.0783910 seconds
16.567: [GC [PSYoungGen: 5604K->489K(5632K)] 9638K->6034K(17408K), 0.0015020 secs] [Times: user=0.01 sys=0.00, real=0.00 secs] 
16.569: Total time for which application threads were stopped: 0.0015810 seconds, Stopping threads took: 0.0000080 seconds
16.640: Application time: 0.0712690 seconds
16.640: [GC [PSYoungGen: 4615K->501K(5632K)] 10160K->6900K(17408K), 0.0016150 secs] [Times: user=0.02 sys=0.00, real=0.01 secs] 
16.642: Total time for which application threads were stopped: 0.0017130 seconds, Stopping threads took: 0.0000150 seconds
16.642: Application time: 0.0000970 seconds
16.642: Total time for which application threads were stopped: 0.0002060 seconds, Stopping threads took: 0.0001860 seconds
16.642: Application time: 0.0000220 seconds
16.642: Total time for which application threads were stopped: 0.0000250 seconds, Stopping threads took: 0.0000150 seconds
16.670: Application time: 0.0274700 seconds
16.670: [GC-- [PSYoungGen: 5621K->5621K(5632K)] 12020K->16395K(17920K), 0.0020120 secs] [Times: user=0.01 sys=0.01, real=0.00 secs] 
16.672: [Full GC [PSYoungGen: 5621K->0K(5632K)] [ParOldGen: 10774K->5654K(12288K)] 16395K->5654K(17920K) [PSPermGen: 12555K->12551K(23040K)], 0.0200350 secs] [Times: user=0.07 sys=0.00, real=0.02 secs] 
16.692: Total time for which application threads were stopped: 0.0221700 seconds, Stopping threads took: 0.0000100 seconds
16.692: Application time: 0.0001190 seconds
16.692: Total time for which application threads were stopped: 0.0000510 seconds, Stopping threads took: 0.0000340 seconds
16.692: Application time: 0.0000210 seconds
16.692: Total time for which application threads were stopped: 0.0000250 seconds, Stopping threads took: 0.0000160 seconds
16.692: Application time: 0.0001210 seconds
16.692: Total time for which application threads were stopped: 0.0000180 seconds, Stopping threads took: 0.0000120 seconds
16.692: Application time: 0.0000170 seconds
16.692: Total time for which application threads were stopped: 0.0000180 seconds, Stopping threads took: 0.0000100 seconds
16.711: Application time: 0.0184360 seconds
16.711: [GC [PSYoungGen: 5120K->458K(5632K)] 10774K->6581K(17920K), 0.0005830 secs] [Times: user=0.00 sys=0.00, real=0.00 secs] 
16.711: Total time for which application threads were stopped: 0.0006400 seconds, Stopping threads took: 0.0000080 seconds
16.726: Application time: 0.0151110 seconds
16.726: [GC-- [PSYoungGen: 5578K->5578K(5632K)] 11701K->15919K(17920K), 0.0014860 secs] [Times: user=0.01 sys=0.00, real=0.00 secs] 
16.728: [Full GC [PSYoungGen: 5578K->0K(5632K)] [ParOldGen: 10341K->5649K(12288K)] 15919K->5649K(17920K) [PSPermGen: 12557K->12557K(22528K)], 0.0102740 secs] [Times: user=0.04 sys=0.00, real=0.01 secs] 
16.738: Total time for which application threads were stopped: 0.0118740 seconds, Stopping threads took: 0.0000090 seconds
16.738: Application time: 0.0001010 seconds
16.738: Total time for which application threads were stopped: 0.0000440 seconds, Stopping threads took: 0.0000190 seconds
16.739: Application time: 0.0000480 seconds
16.739: Total time for which application threads were stopped: 0.0000210 seconds, Stopping threads took: 0.0000070 seconds
16.760: Application time: 0.0215480 seconds
16.760: [GC [PSYoungGen: 5115K->466K(5632K)] 10765K->6749K(17920K), 0.0006710 secs] [Times: user=0.01 sys=0.00, real=0.00 secs] 
16.761: Total time for which application threads were stopped: 0.0007340 seconds, Stopping threads took: 0.0000190 seconds
16.761: Application time: 0.0001020 seconds
16.761: Total time for which application threads were stopped: 0.0000240 seconds, Stopping threads took: 0.0000150 seconds
16.761: Application time: 0.0000430 seconds
16.761: Total time for which application threads were stopped: 0.0000150 seconds, Stopping threads took: 0.0000050 seconds
16.784: Application time: 0.0228090 seconds
16.784: Total time for which application threads were stopped: 0.0000160 seconds, Stopping threads took: 0.0000070 seconds
Heap
 PSYoungGen      total 5632K, used 2636K [0x00000000ffa00000, 0x0000000100000000, 0x0000000100000000)
  eden space 5120K, 42% used [0x00000000ffa00000,0x00000000ffc1e530,0x00000000fff00000)
  from space 512K, 91% used [0x00000000fff80000,0x00000000ffff4bd0,0x0000000100000000)
  to   space 512K, 0% used [0x00000000fff00000,0x00000000fff00000,0x00000000fff80000)
 ParOldGen       total 12288K, used 6282K [0x00000000fee00000, 0x00000000ffa00000, 0x00000000ffa00000)
  object space 12288K, 51% used [0x00000000fee00000,0x00000000ff422a08,0x00000000ffa00000)
 PSPermGen       total 22528K, used 12819K [0x00000000f9c00000, 0x00000000fb200000, 0x00000000fee00000)
  object space 22528K, 56% used [0x00000000f9c00000,0x00000000fa884e70,0x00000000fb200000)
16.784: Application time: 0.0001720 seconds
