Java HotSpot(TM) 64-Bit Server VM (24.80-b11) for linux-amd64 JRE (1.7.0_80-b15), built on Apr 10 2015 19:53:14 by "java_re" with gcc 4.3.0 20080428 (Red Hat 4.3.0-8)
Memory: 4k page, physical 8000092k(6078424k free), swap 8218620k(8218620k free)
CommandLine flags: -XX:InitialHeapSize=52690944 -XX:MaxHeapSize=52690944 -XX:+PrintGC -XX:+PrintGCApplicationConcurrentTime -XX:+PrintGCApplicationStoppedTime -XX:+PrintGCDetails -XX:+PrintGCTimeStamps -XX:-UseAdaptiveSizePolicy -XX:+UseCompressedOops -XX:+UseParallelGC 
1.010: Application time: 0.9845830 seconds
1.010: Total time for which application threads were stopped: 0.0000430 seconds, Stopping threads took: 0.0000130 seconds
4.031: Application time: 3.0207670 seconds
4.031: Total time for which application threads were stopped: 0.0000690 seconds, Stopping threads took: 0.0000110 seconds
14.725: Application time: 10.6942940 seconds
14.725: Total time for which application threads were stopped: 0.0000330 seconds, Stopping threads took: 0.0000180 seconds
14.725: Application time: 0.0000630 seconds
14.725: Total time for which application threads were stopped: 0.0000230 seconds, Stopping threads took: 0.0000170 seconds
14.727: Application time: 0.0014870 seconds
14.727: Total time for which application threads were stopped: 0.0000240 seconds, Stopping threads took: 0.0000180 seconds
14.744: Application time: 0.0177330 seconds
14.744: Total time for which application threads were stopped: 0.0000400 seconds, Stopping threads took: 0.0000110 seconds
14.757: Application time: 0.0122290 seconds
14.757: [GC [PSYoungGen: 9523K->2026K(15360K)] 9523K->3211K(49664K), 0.0024530 secs] [Times: user=0.00 sys=0.00, real=0.00 secs] 
14.759: [Full GC [PSYoungGen: 2026K->0K(15360K)] [ParOldGen: 1184K->3145K(34304K)] 3211K->3145K(49664K) [PSPermGen: 5075K->5074K(21504K)], 0.0113500 secs] [Times: user=0.04 sys=0.00, real=0.01 secs] 
14.771: Total time for which application threads were stopped: 0.0139310 seconds, Stopping threads took: 0.0000180 seconds
14.771: Application time: 0.0000440 seconds
14.771: [GC [PSYoungGen: 0K->0K(15360K)] 3145K->3145K(49664K), 0.0002450 secs] [Times: user=0.00 sys=0.01, real=0.00 secs] 
14.771: [Full GC [PSYoungGen: 0K->0K(15360K)] [ParOldGen: 3145K->3145K(34304K)] 3145K->3145K(49664K) [PSPermGen: 5074K->5074K(21504K)], 0.0040410 secs] [Times: user=0.02 sys=0.00, real=0.00 secs] 
14.775: Total time for which application threads were stopped: 0.0043860 seconds, Stopping threads took: 0.0000180 seconds
14.775: Application time: 0.0000830 seconds
14.775: Total time for which application threads were stopped: 0.0000220 seconds, Stopping threads took: 0.0000140 seconds
14.775: Application time: 0.0000120 seconds
14.775: Total time for which application threads were stopped: 0.0000150 seconds, Stopping threads took: 0.0000110 seconds
14.775: Application time: 0.0000100 seconds
14.775: Total time for which application threads were stopped: 0.0000140 seconds, Stopping threads took: 0.0000100 seconds
14.775: Application time: 0.0000090 seconds
14.775: Total time for which application threads were stopped: 0.0000110 seconds, Stopping threads took: 0.0000080 seconds
14.775: Application time: 0.0000100 seconds
14.775: Total time for which application threads were stopped: 0.0000130 seconds, Stopping threads took: 0.0000100 seconds
14.775: Application time: 0.0000090 seconds
14.775: Total time for which application threads were stopped: 0.0000250 seconds, Stopping threads took: 0.0000210 seconds
14.775: Application time: 0.0000100 seconds
14.775: Total time for which application threads were stopped: 0.0000150 seconds, Stopping threads took: 0.0000110 seconds
14.775: Application time: 0.0000100 seconds
14.775: Total time for which application threads were stopped: 0.0000160 seconds, Stopping threads took: 0.0000130 seconds
14.775: Application time: 0.0000080 seconds
14.775: Total time for which application threads were stopped: 0.0000170 seconds, Stopping threads took: 0.0000140 seconds
14.775: Application time: 0.0000080 seconds
14.775: Total time for which application threads were stopped: 0.0000120 seconds, Stopping threads took: 0.0000090 seconds
14.775: Application time: 0.0000090 seconds
14.775: Total time for which application threads were stopped: 0.0000180 seconds, Stopping threads took: 0.0000150 seconds
14.775: Application time: 0.0000180 seconds
14.775: Total time for which application threads were stopped: 0.0000170 seconds, Stopping threads took: 0.0000140 seconds
14.775: Application time: 0.0000110 seconds
14.775: Total time for which application threads were stopped: 0.0000150 seconds, Stopping threads took: 0.0000120 seconds
14.775: Application time: 0.0000090 seconds
14.776: Total time for which application threads were stopped: 0.0000300 seconds, Stopping threads took: 0.0000260 seconds
14.776: Application time: 0.0000110 seconds
14.776: Total time for which application threads were stopped: 0.0000150 seconds, Stopping threads took: 0.0000110 seconds
14.776: Application time: 0.0000110 seconds
14.776: Total time for which application threads were stopped: 0.0000160 seconds, Stopping threads took: 0.0000120 seconds
14.776: Application time: 0.0000170 seconds
14.776: Total time for which application threads were stopped: 0.0000150 seconds, Stopping threads took: 0.0000120 seconds
14.776: Application time: 0.0000110 seconds
14.776: Total time for which application threads were stopped: 0.0000180 seconds, Stopping threads took: 0.0000150 seconds
14.776: Application time: 0.0000110 seconds
14.776: Total time for which application threads were stopped: 0.0000150 seconds, Stopping threads took: 0.0000120 seconds
14.776: Application time: 0.0000750 seconds
14.776: Total time for which application threads were stopped: 0.0000230 seconds, Stopping threads took: 0.0000110 seconds
14.776: Application time: 0.0004360 seconds
14.776: Total time for which application threads were stopped: 0.0000140 seconds, Stopping threads took: 0.0000060 seconds
14.778: Application time: 0.0018690 seconds
14.778: Total time for which application threads were stopped: 0.0000480 seconds, Stopping threads took: 0.0000400 seconds
14.778: Application time: 0.0000640 seconds
14.778: Total time for which application threads were stopped: 0.0000490 seconds, Stopping threads took: 0.0000400 seconds
14.779: Application time: 0.0004570 seconds
14.779: Total time for which application threads were stopped: 0.0000220 seconds, Stopping threads took: 0.0000130 seconds
14.794: Application time: 0.0157090 seconds
14.795: Total time for which application threads were stopped: 0.0000840 seconds, Stopping threads took: 0.0000440 seconds
14.924: Application time: 0.1299570 seconds
14.927: [GC [PSYoungGen: 13269K->2046K(15360K)] 16414K->11094K(49664K), 0.0018400 secs] [Times: user=0.01 sys=0.00, real=0.00 secs] 
14.929: Total time for which application threads were stopped: 0.0047990 seconds, Stopping threads took: 0.0028810 seconds
14.929: Application time: 0.0001390 seconds
14.930: Total time for which application threads were stopped: 0.0001240 seconds, Stopping threads took: 0.0001090 seconds
14.930: Application time: 0.0000300 seconds
14.930: Total time for which application threads were stopped: 0.0000300 seconds, Stopping threads took: 0.0000240 seconds
14.930: Application time: 0.0000120 seconds
14.930: Total time for which application threads were stopped: 0.0000270 seconds, Stopping threads took: 0.0000210 seconds
14.930: Application time: 0.0000120 seconds
14.930: Total time for which application threads were stopped: 0.0000470 seconds, Stopping threads took: 0.0000420 seconds
14.930: Application time: 0.0000110 seconds
14.930: Total time for which application threads were stopped: 0.0000310 seconds, Stopping threads took: 0.0000250 seconds
14.930: Application time: 0.0000090 seconds
14.930: Total time for which application threads were stopped: 0.0000200 seconds, Stopping threads took: 0.0000150 seconds
14.930: Application time: 0.0000090 seconds
14.930: Total time for which application threads were stopped: 0.0000190 seconds, Stopping threads took: 0.0000150 seconds
14.930: Application time: 0.0000100 seconds
14.930: Total time for which application threads were stopped: 0.0000250 seconds, Stopping threads took: 0.0000200 seconds
14.930: Application time: 0.0000100 seconds
14.930: Total time for which application threads were stopped: 0.0000660 seconds, Stopping threads took: 0.0000610 seconds
14.930: Application time: 0.0000100 seconds
14.930: Total time for which application threads were stopped: 0.0000260 seconds, Stopping threads took: 0.0000200 seconds
14.930: Application time: 0.0000090 seconds
14.930: Total time for which application threads were stopped: 0.0000200 seconds, Stopping threads took: 0.0000160 seconds
14.930: Application time: 0.0000170 seconds
14.930: Total time for which application threads were stopped: 0.0001550 seconds, Stopping threads took: 0.0001480 seconds
15.042: Application time: 0.1116170 seconds
15.106: [GC [PSYoungGen: 15300K->256K(15360K)] 24348K->9304K(49664K), 0.0004060 secs] [Times: user=0.00 sys=0.01, real=0.00 secs] 
15.106: Total time for which application threads were stopped: 0.0644590 seconds, Stopping threads took: 0.0639890 seconds
15.182: Application time: 0.0754480 seconds
15.220: [GC [PSYoungGen: 13483K->1443K(15360K)] 22532K->10492K(49664K), 0.0007270 secs] [Times: user=0.01 sys=0.01, real=0.00 secs] 
15.221: Total time for which application threads were stopped: 0.0395510 seconds, Stopping threads took: 0.0387510 seconds
15.298: Application time: 0.0771010 seconds
15.347: [GC [PSYoungGen: 14492K->1491K(15360K)] 23541K->10540K(49664K), 0.0006870 secs] [Times: user=0.00 sys=0.00, real=0.01 secs] 
15.347: Total time for which application threads were stopped: 0.0490480 seconds, Stopping threads took: 0.0482870 seconds
15.427: Application time: 0.0792280 seconds
15.492: [GC [PSYoungGen: 14779K->678K(15360K)] 23828K->9727K(49664K), 0.0006890 secs] [Times: user=0.00 sys=0.00, real=0.00 secs] 
15.493: Total time for which application threads were stopped: 0.0661570 seconds, Stopping threads took: 0.0653770 seconds
15.571: Application time: 0.0782200 seconds
15.622: [GC [PSYoungGen: 13833K->905K(15360K)] 22882K->9954K(49664K), 0.0007790 secs] [Times: user=0.00 sys=0.00, real=0.00 secs] 
15.623: Total time for which application threads were stopped: 0.0520550 seconds, Stopping threads took: 0.0511900 seconds
15.702: Application time: 0.0791080 seconds
15.763: [GC [PSYoungGen: 14037K->1085K(15360K)] 23086K->10133K(49664K), 0.0006550 secs] [Times: user=0.00 sys=0.00, real=0.00 secs] 
15.763: Total time for which application threads were stopped: 0.0612700 seconds, Stopping threads took: 0.0605190 seconds
15.840: Application time: 0.0769960 seconds
15.889: [GC [PSYoungGen: 14202K->1296K(15360K)] 23250K->10345K(49664K), 0.0006970 secs] [Times: user=0.00 sys=0.00, real=0.00 secs] 
15.890: Total time for which application threads were stopped: 0.0496770 seconds, Stopping threads took: 0.0488790 seconds
15.970: Application time: 0.0800530 seconds
16.035: [GC [PSYoungGen: 14579K->483K(15360K)] 23627K->9531K(49664K), 0.0006080 secs] [Times: user=0.00 sys=0.00, real=0.01 secs] 
16.036: Total time for which application threads were stopped: 0.0656840 seconds, Stopping threads took: 0.0650030 seconds
16.114: Application time: 0.0782670 seconds
16.173: [GC [PSYoungGen: 13587K->694K(15360K)] 22635K->9743K(49664K), 0.0005170 secs] [Times: user=0.01 sys=0.00, real=0.00 secs] 
16.174: Total time for which application threads were stopped: 0.0593700 seconds, Stopping threads took: 0.0587810 seconds
16.251: Application time: 0.0777890 seconds
16.301: [GC [PSYoungGen: 13837K->726K(15360K)] 22886K->9775K(49664K), 0.0004860 secs] [Times: user=0.00 sys=0.00, real=0.00 secs] 
16.301: Total time for which application threads were stopped: 0.0498280 seconds, Stopping threads took: 0.0492670 seconds
16.380: Application time: 0.0784630 seconds
16.438: [GC [PSYoungGen: 13869K->742K(15360K)] 22918K->9791K(49664K), 0.0004850 secs] [Times: user=0.00 sys=0.00, real=0.00 secs] 
16.439: Total time for which application threads were stopped: 0.0592130 seconds, Stopping threads took: 0.0586620 seconds
16.517: Application time: 0.0780730 seconds
16.565: [GC [PSYoungGen: 13729K->774K(15360K)] 22777K->9823K(49664K), 0.0006170 secs] [Times: user=0.01 sys=0.00, real=0.00 secs] 
16.566: Total time for which application threads were stopped: 0.0487360 seconds, Stopping threads took: 0.0480350 seconds
16.644: Application time: 0.0787900 seconds
16.704: [GC [PSYoungGen: 14073K->1197K(15360K)] 23122K->10245K(49664K), 0.0006540 secs] [Times: user=0.00 sys=0.00, real=0.00 secs] 
16.705: Total time for which application threads were stopped: 0.0605920 seconds, Stopping threads took: 0.0598690 seconds
16.784: Application time: 0.0788250 seconds
16.846: [GC [PSYoungGen: 14398K->320K(15360K)] 23447K->9368K(49664K), 0.0004860 secs] [Times: user=0.00 sys=0.00, real=0.00 secs] 
16.847: Total time for which application threads were stopped: 0.0627770 seconds, Stopping threads took: 0.0622200 seconds
16.923: Application time: 0.0761300 seconds
16.981: [GC [PSYoungGen: 13619K->774K(15360K)] 22667K->9887K(49664K), 0.0005940 secs] [Times: user=0.00 sys=0.00, real=0.00 secs] 
16.982: Total time for which application threads were stopped: 0.0593290 seconds, Stopping threads took: 0.0586580 seconds
17.061: Application time: 0.0791530 seconds
17.112: [GC [PSYoungGen: 14073K->1149K(15360K)] 23186K->10285K(49664K), 0.0006000 secs] [Times: user=0.00 sys=0.00, real=0.00 secs] 
17.113: Total time for which application threads were stopped: 0.0516600 seconds, Stopping threads took: 0.0509980 seconds
17.188: Application time: 0.0751640 seconds
17.250: [GC [PSYoungGen: 14448K->1881K(15360K)] 23584K->11798K(49664K), 0.0010720 secs] [Times: user=0.01 sys=0.00, real=0.00 secs] 
17.251: Total time for which application threads were stopped: 0.0626590 seconds, Stopping threads took: 0.0615120 seconds
17.327: Application time: 0.0766090 seconds
17.396: [GC [PSYoungGen: 15082K->758K(15360K)] 25000K->10676K(49664K), 0.0004960 secs] [Times: user=0.01 sys=0.00, real=0.00 secs] 
17.397: Total time for which application threads were stopped: 0.0693440 seconds, Stopping threads took: 0.0687780 seconds
17.475: Application time: 0.0782940 seconds
17.536: [GC [PSYoungGen: 13745K->774K(15360K)] 23663K->10692K(49664K), 0.0004800 secs] [Times: user=0.01 sys=0.00, real=0.00 secs] 
17.538: Total time for which application threads were stopped: 0.0631850 seconds, Stopping threads took: 0.0613810 seconds
17.618: Application time: 0.0795050 seconds
17.668: [GC [PSYoungGen: 13839K->742K(15360K)] 23757K->10660K(49664K), 0.0005070 secs] [Times: user=0.00 sys=0.01, real=0.00 secs] 
17.669: Total time for which application threads were stopped: 0.0512270 seconds, Stopping threads took: 0.0506520 seconds
17.746: Application time: 0.0768100 seconds
17.805: [GC [PSYoungGen: 13807K->758K(15360K)] 23725K->10676K(49664K), 0.0005380 secs] [Times: user=0.00 sys=0.00, real=0.00 secs] 
17.806: Total time for which application threads were stopped: 0.0601660 seconds, Stopping threads took: 0.0595620 seconds
17.884: Application time: 0.0782300 seconds
17.944: [GC [PSYoungGen: 13823K->742K(15360K)] 23741K->10660K(49664K), 0.0004760 secs] [Times: user=0.00 sys=0.00, real=0.00 secs] 
17.945: Total time for which application threads were stopped: 0.0605640 seconds, Stopping threads took: 0.0600270 seconds
18.025: Application time: 0.0798380 seconds
18.076: [GC [PSYoungGen: 13924K->1002K(15360K)] 23842K->10943K(49664K), 0.0005790 secs] [Times: user=0.00 sys=0.00, real=0.00 secs] 
18.077: Total time for which application threads were stopped: 0.0521910 seconds, Stopping threads took: 0.0515150 seconds
18.155: Application time: 0.0783270 seconds
18.215: [GC [PSYoungGen: 14300K->1344K(15360K)] 24242K->11286K(49664K), 0.0006200 secs] [Times: user=0.00 sys=0.00, real=0.01 secs] 
18.215: Total time for which application threads were stopped: 0.0602250 seconds, Stopping threads took: 0.0595270 seconds
18.292: Application time: 0.0769640 seconds
18.355: [GC [PSYoungGen: 14545K->547K(15360K)] 24487K->10521K(49664K), 0.0005200 secs] [Times: user=0.00 sys=0.00, real=0.01 secs] 
18.355: Total time for which application threads were stopped: 0.0631080 seconds, Stopping threads took: 0.0625210 seconds
18.433: Application time: 0.0775750 seconds
18.497: [GC [PSYoungGen: 13846K->1002K(15360K)] 23820K->10999K(49664K), 0.0007260 secs] [Times: user=0.00 sys=0.00, real=0.00 secs] 
18.498: Total time for which application threads were stopped: 0.0650480 seconds, Stopping threads took: 0.0642320 seconds
18.575: Application time: 0.0768450 seconds
18.634: [GC [PSYoungGen: 14301K->1360K(15360K)] 24298K->11382K(49664K), 0.0006580 secs] [Times: user=0.00 sys=0.01, real=0.00 secs] 
18.635: Total time for which application threads were stopped: 0.0600900 seconds, Stopping threads took: 0.0593310 seconds
18.714: Application time: 0.0793860 seconds
18.778: [GC [PSYoungGen: 14562K->531K(15360K)] 24584K->10553K(49664K), 0.0004700 secs] [Times: user=0.00 sys=0.00, real=0.00 secs] 
18.778: Total time for which application threads were stopped: 0.0637540 seconds, Stopping threads took: 0.0632100 seconds
18.854: Application time: 0.0758020 seconds
18.887: [GC [PSYoungGen: 13732K->1946K(15360K)] 23754K->11968K(49664K), 0.0010360 secs] [Times: user=0.01 sys=0.00, real=0.01 secs] 
18.888: Total time for which application threads were stopped: 0.0341650 seconds, Stopping threads took: 0.0330530 seconds
18.966: Application time: 0.0782470 seconds
19.029: [GC [PSYoungGen: 14913K->742K(15360K)] 24935K->10764K(49664K), 0.0005230 secs] [Times: user=0.01 sys=0.00, real=0.00 secs] 
19.030: Total time for which application threads were stopped: 0.0635160 seconds, Stopping threads took: 0.0629020 seconds
19.107: Application time: 0.0776690 seconds
19.169: [GC [PSYoungGen: 13729K->758K(15360K)] 23751K->10780K(49664K), 0.0006500 secs] [Times: user=0.00 sys=0.00, real=0.00 secs] 
19.170: Total time for which application threads were stopped: 0.0620950 seconds, Stopping threads took: 0.0613430 seconds
19.248: Application time: 0.0782710 seconds
19.299: [GC [PSYoungGen: 13901K->758K(15360K)] 23923K->10780K(49664K), 0.0005300 secs] [Times: user=0.00 sys=0.00, real=0.00 secs] 
19.299: Total time for which application threads were stopped: 0.0514660 seconds, Stopping threads took: 0.0508490 seconds
19.380: Application time: 0.0809100 seconds
19.438: [GC [PSYoungGen: 13940K->986K(15360K)] 23962K->11007K(49664K), 0.0005650 secs] [Times: user=0.00 sys=0.00, real=0.00 secs] 
19.438: Total time for which application threads were stopped: 0.0580450 seconds, Stopping threads took: 0.0574100 seconds
19.515: Application time: 0.0770330 seconds
19.577: [GC [PSYoungGen: 14167K->1117K(15360K)] 24189K->11155K(49664K), 0.0006730 secs] [Times: user=0.01 sys=0.00, real=0.00 secs] 
19.577: Total time for which application threads were stopped: 0.0621550 seconds, Stopping threads took: 0.0614120 seconds
19.654: Application time: 0.0765600 seconds
19.702: [GC [PSYoungGen: 14416K->1540K(15360K)] 24454K->11593K(49664K), 0.0007010 secs] [Times: user=0.00 sys=0.00, real=0.00 secs] 
19.703: Total time for which application threads were stopped: 0.0484760 seconds, Stopping threads took: 0.0476830 seconds
19.782: Application time: 0.0794930 seconds
19.836: [GC [PSYoungGen: 14839K->1978K(15360K)] 24892K->12048K(49664K), 0.0008160 secs] [Times: user=0.00 sys=0.00, real=0.00 secs] 
19.837: Total time for which application threads were stopped: 0.0552750 seconds, Stopping threads took: 0.0543900 seconds
19.914: Application time: 0.0771930 seconds
19.974: [GC [PSYoungGen: 15277K->1978K(15360K)] 25347K->12455K(49664K), 0.0008650 secs] [Times: user=0.01 sys=0.00, real=0.00 secs] 
19.975: Total time for which application threads were stopped: 0.0600780 seconds, Stopping threads took: 0.0591370 seconds
20.050: Application time: 0.0750790 seconds
20.097: [GC [PSYoungGen: 15258K->2042K(15360K)] 25734K->14285K(49664K), 0.0011990 secs] [Times: user=0.01 sys=0.00, real=0.00 secs] 
20.099: Total time for which application threads were stopped: 0.0489690 seconds, Stopping threads took: 0.0476710 seconds
20.177: Application time: 0.0781340 seconds
20.244: [GC [PSYoungGen: 15204K->531K(15360K)] 27447K->12773K(49664K), 0.0005300 secs] [Times: user=0.00 sys=0.00, real=0.00 secs] 
20.245: Total time for which application threads were stopped: 0.0681690 seconds, Stopping threads took: 0.0675450 seconds
20.325: Application time: 0.0801900 seconds
20.383: [GC [PSYoungGen: 13830K->970K(15360K)] 26072K->13212K(49664K), 0.0005870 secs] [Times: user=0.00 sys=0.00, real=0.00 secs] 
20.383: Total time for which application threads were stopped: 0.0580800 seconds, Stopping threads took: 0.0574010 seconds
20.462: Application time: 0.0785470 seconds
20.515: [GC [PSYoungGen: 14269K->1328K(15360K)] 26511K->13571K(49664K), 0.0008490 secs] [Times: user=0.00 sys=0.00, real=0.01 secs] 
20.516: Total time for which application threads were stopped: 0.0541600 seconds, Stopping threads took: 0.0532380 seconds
20.596: Application time: 0.0798090 seconds
20.659: [GC [PSYoungGen: 14608K->595K(15360K)] 26850K->12837K(49664K), 0.0004710 secs] [Times: user=0.01 sys=0.00, real=0.00 secs] 
20.660: Total time for which application threads were stopped: 0.0638740 seconds, Stopping threads took: 0.0633330 seconds
20.735: Application time: 0.0751210 seconds
20.780: [GC [PSYoungGen: 13874K->1946K(15360K)] 26117K->14189K(49664K), 0.0008630 secs] [Times: user=0.01 sys=0.00, real=0.00 secs] 
20.781: Total time for which application threads were stopped: 0.0465450 seconds, Stopping threads took: 0.0455810 seconds
20.860: Application time: 0.0790620 seconds
20.928: [GC [PSYoungGen: 14913K->758K(15360K)] 27156K->13001K(49664K), 0.0005360 secs] [Times: user=0.00 sys=0.00, real=0.00 secs] 
20.928: Total time for which application threads were stopped: 0.0680270 seconds, Stopping threads took: 0.0674180 seconds
21.007: Application time: 0.0790900 seconds
21.068: [GC [PSYoungGen: 14057K->1197K(15360K)] 26300K->13447K(49664K), 0.0006500 secs] [Times: user=0.01 sys=0.00, real=0.00 secs] 
21.069: Total time for which application threads were stopped: 0.0613550 seconds, Stopping threads took: 0.0606380 seconds
21.148: Application time: 0.0791660 seconds
21.210: [GC [PSYoungGen: 14476K->304K(15360K)] 26727K->12570K(49664K), 0.0004700 secs] [Times: user=0.00 sys=0.00, real=0.00 secs] 
21.211: Total time for which application threads were stopped: 0.0628370 seconds, Stopping threads took: 0.0622950 seconds
21.287: Application time: 0.0760370 seconds
21.335: [GC [PSYoungGen: 13603K->1864K(15360K)] 25869K->14147K(49664K), 0.0007810 secs] [Times: user=0.00 sys=0.00, real=0.01 secs] 
21.336: Total time for which application threads were stopped: 0.0491090 seconds, Stopping threads took: 0.0482510 seconds
21.415: Application time: 0.0793460 seconds
21.474: [GC [PSYoungGen: 15144K->1962K(15360K)] 27426K->14448K(49664K), 0.0009380 secs] [Times: user=0.01 sys=0.00, real=0.00 secs] 
21.475: Total time for which application threads were stopped: 0.0596970 seconds, Stopping threads took: 0.0586910 seconds
21.552: Application time: 0.0767150 seconds
21.620: [GC [PSYoungGen: 15242K->1408K(15360K)] 27728K->13902K(49664K), 0.0007210 secs] [Times: user=0.00 sys=0.00, real=0.00 secs] 
21.621: Total time for which application threads were stopped: 0.0693270 seconds, Stopping threads took: 0.0685340 seconds
21.698: Application time: 0.0769840 seconds
21.762: [GC [PSYoungGen: 14688K->531K(15360K)] 27182K->13025K(49664K), 0.0005680 secs] [Times: user=0.00 sys=0.00, real=0.00 secs] 
21.762: Total time for which application threads were stopped: 0.0640500 seconds, Stopping threads took: 0.0633880 seconds
21.839: Application time: 0.0771090 seconds
21.893: [GC [PSYoungGen: 13830K->970K(15360K)] 26324K->13463K(49664K), 0.0007010 secs] [Times: user=0.00 sys=0.00, real=0.00 secs] 
21.893: Total time for which application threads were stopped: 0.0540900 seconds, Stopping threads took: 0.0532960 seconds
21.972: Application time: 0.0790490 seconds
22.034: [GC [PSYoungGen: 14151K->1149K(15360K)] 26645K->13643K(49664K), 0.0008210 secs] [Times: user=0.00 sys=0.00, real=0.01 secs] 
22.035: Total time for which application threads were stopped: 0.0628940 seconds, Stopping threads took: 0.0619720 seconds
22.111: Application time: 0.0754110 seconds
22.144: [GC [PSYoungGen: 14429K->2045K(15360K)] 26922K->17207K(49664K), 0.0013360 secs] [Times: user=0.01 sys=0.00, real=0.00 secs] 
22.145: Total time for which application threads were stopped: 0.0345390 seconds, Stopping threads took: 0.0331330 seconds
22.289: Application time: 0.1438180 seconds
22.307: [GC [PSYoungGen: 15344K->646K(15360K)] 30505K->15815K(49664K), 0.0005720 secs] [Times: user=0.00 sys=0.00, real=0.01 secs] 
22.308: Total time for which application threads were stopped: 0.0187610 seconds, Stopping threads took: 0.0181190 seconds
22.387: Application time: 0.0794610 seconds
22.445: [GC [PSYoungGen: 13907K->874K(15360K)] 29076K->16043K(49664K), 0.0005160 secs] [Times: user=0.00 sys=0.00, real=0.00 secs] 
22.446: Total time for which application threads were stopped: 0.0586760 seconds, Stopping threads took: 0.0580760 seconds
22.525: Application time: 0.0787400 seconds
22.572: [GC [PSYoungGen: 14055K->1085K(15360K)] 29224K->16254K(49664K), 0.0008320 secs] [Times: user=0.00 sys=0.00, real=0.00 secs] 
22.574: Total time for which application threads were stopped: 0.0493580 seconds, Stopping threads took: 0.0476130 seconds
22.651: Application time: 0.0765530 seconds
22.714: [GC [PSYoungGen: 14286K->320K(15360K)] 29455K->15513K(49664K), 0.0006310 secs] [Times: user=0.00 sys=0.00, real=0.00 secs] 
22.714: Total time for which application threads were stopped: 0.0635850 seconds, Stopping threads took: 0.0628630 seconds
22.791: Application time: 0.0767560 seconds
22.825: [GC [PSYoungGen: 13521K->1719K(15360K)] 28714K->16928K(49664K), 0.0008100 secs] [Times: user=0.00 sys=0.00, real=0.00 secs] 
22.826: Total time for which application threads were stopped: 0.0348870 seconds, Stopping threads took: 0.0339850 seconds
22.905: Application time: 0.0786690 seconds
22.965: [GC [PSYoungGen: 14881K->758K(15360K)] 30090K->15983K(49664K), 0.0007530 secs] [Times: user=0.01 sys=0.00, real=0.00 secs] 
22.965: Total time for which application threads were stopped: 0.0609170 seconds, Stopping threads took: 0.0600660 seconds
23.045: Application time: 0.0792290 seconds
23.103: [GC [PSYoungGen: 13745K->758K(15360K)] 28970K->15983K(49664K), 0.0005600 secs] [Times: user=0.01 sys=0.00, real=0.00 secs] 
23.103: Total time for which application threads were stopped: 0.0587420 seconds, Stopping threads took: 0.0581030 seconds
23.181: Application time: 0.0776570 seconds
23.229: [GC [PSYoungGen: 14057K->1149K(15360K)] 29282K->16382K(49664K), 0.0005790 secs] [Times: user=0.01 sys=0.00, real=0.00 secs] 
23.230: Total time for which application threads were stopped: 0.0487550 seconds, Stopping threads took: 0.0481080 seconds
23.307: Application time: 0.0774690 seconds
23.366: [GC [PSYoungGen: 14350K->1458K(15360K)] 29583K->16691K(49664K), 0.0007700 secs] [Times: user=0.00 sys=0.00, real=0.00 secs] 
23.367: Total time for which application threads were stopped: 0.0593490 seconds, Stopping threads took: 0.0585050 seconds
23.445: Application time: 0.0782470 seconds
23.509: [GC [PSYoungGen: 14640K->627K(15360K)] 29873K->15884K(49664K), 0.0004640 secs] [Times: user=0.01 sys=0.00, real=0.00 secs] 
23.509: Total time for which application threads were stopped: 0.0641660 seconds, Stopping threads took: 0.0636230 seconds
23.586: Application time: 0.0767280 seconds
23.648: [GC [PSYoungGen: 13926K->986K(15360K)] 29183K->16259K(49664K), 0.0007840 secs] [Times: user=0.01 sys=0.00, real=0.00 secs] 
23.649: Total time for which application threads were stopped: 0.0627700 seconds, Stopping threads took: 0.0619110 seconds
23.726: Application time: 0.0775780 seconds
23.778: [GC [PSYoungGen: 14167K->1165K(15360K)] 29441K->16462K(49664K), 0.0008470 secs] [Times: user=0.00 sys=0.00, real=0.00 secs] 
23.779: Total time for which application threads were stopped: 0.0527350 seconds, Stopping threads took: 0.0517950 seconds
23.857: Application time: 0.0779150 seconds
23.917: [GC [PSYoungGen: 14347K->1376K(15360K)] 29644K->16673K(49664K), 0.0008050 secs] [Times: user=0.00 sys=0.00, real=0.00 secs] 
23.918: Total time for which application threads were stopped: 0.0608010 seconds, Stopping threads took: 0.0599080 seconds
23.995: Application time: 0.0776540 seconds
24.046: [GC [PSYoungGen: 14636K->1539K(15360K)] 29934K->16845K(49664K), 0.0009920 secs] [Times: user=0.00 sys=0.00, real=0.00 secs] 
24.047: Total time for which application threads were stopped: 0.0517670 seconds, Stopping threads took: 0.0506760 seconds
24.127: Application time: 0.0798710 seconds
24.192: [GC [PSYoungGen: 14819K->774K(15360K)] 30124K->16103K(49664K), 0.0005370 secs] [Times: user=0.00 sys=0.00, real=0.00 secs] 
24.193: Total time for which application threads were stopped: 0.0659050 seconds, Stopping threads took: 0.0652740 seconds
24.272: Application time: 0.0787870 seconds
24.333: [GC [PSYoungGen: 14073K->1133K(15360K)] 29402K->16462K(49664K), 0.0007620 secs] [Times: user=0.00 sys=0.00, real=0.00 secs] 
24.334: Total time for which application threads were stopped: 0.0619180 seconds, Stopping threads took: 0.0610600 seconds
24.411: Application time: 0.0779240 seconds
24.470: [GC [PSYoungGen: 14432K->1588K(15360K)] 29761K->16933K(49664K), 0.0009170 secs] [Times: user=0.00 sys=0.00, real=0.00 secs] 
24.471: Total time for which application threads were stopped: 0.0599030 seconds, Stopping threads took: 0.0588940 seconds
24.549: Application time: 0.0772580 seconds
24.609: [GC [PSYoungGen: 14750K->563K(15360K)] 30095K->15924K(49664K), 0.0004830 secs] [Times: user=0.01 sys=0.00, real=0.00 secs] 
24.610: Total time for which application threads were stopped: 0.0612950 seconds, Stopping threads took: 0.0607330 seconds
24.686: Application time: 0.0758060 seconds
24.719: [GC [PSYoungGen: 13862K->2044K(15360K)] 29223K->17405K(49664K), 0.0009970 secs] [Times: user=0.01 sys=0.00, real=0.00 secs] 
24.720: Total time for which application threads were stopped: 0.0344620 seconds, Stopping threads took: 0.0333900 seconds
24.798: Application time: 0.0782570 seconds
24.858: [GC [PSYoungGen: 15226K->1149K(15360K)] 30587K->16510K(49664K), 0.0006270 secs] [Times: user=0.00 sys=0.01, real=0.00 secs] 
24.859: Total time for which application threads were stopped: 0.0605720 seconds, Stopping threads took: 0.0598600 seconds
24.937: Application time: 0.0776480 seconds
24.997: [GC [PSYoungGen: 14331K->1344K(15360K)] 29692K->16729K(49664K), 0.0006880 secs] [Times: user=0.00 sys=0.01, real=0.00 secs] 
24.998: Total time for which application threads were stopped: 0.0612470 seconds, Stopping threads took: 0.0604870 seconds
25.076: Application time: 0.0777390 seconds
25.134: [GC [PSYoungGen: 14643K->1751K(15360K)] 30028K->17152K(49664K), 0.0007540 secs] [Times: user=0.00 sys=0.00, real=0.00 secs] 
25.135: Total time for which application threads were stopped: 0.0593870 seconds, Stopping threads took: 0.0585550 seconds
25.212: Application time: 0.0772920 seconds
25.270: [GC [PSYoungGen: 15030K->970K(15360K)] 30431K->16371K(49664K), 0.0007110 secs] [Times: user=0.00 sys=0.00, real=0.00 secs] 
25.271: Total time for which application threads were stopped: 0.0585570 seconds, Stopping threads took: 0.0577590 seconds
25.350: Application time: 0.0791250 seconds
25.405: [GC [PSYoungGen: 14230K->1197K(15360K)] 29631K->16598K(49664K), 0.0006110 secs] [Times: user=0.00 sys=0.00, real=0.00 secs] 
25.405: Total time for which application threads were stopped: 0.0553380 seconds, Stopping threads took: 0.0546390 seconds
25.483: Application time: 0.0777350 seconds
25.542: [GC [PSYoungGen: 14476K->384K(15360K)] 29877K->15801K(49664K), 0.0004410 secs] [Times: user=0.00 sys=0.00, real=0.00 secs] 
25.542: Total time for which application threads were stopped: 0.0590340 seconds, Stopping threads took: 0.0585030 seconds
25.620: Application time: 0.0775370 seconds
25.676: [GC [PSYoungGen: 13565K->547K(15360K)] 28983K->15964K(49664K), 0.0006180 secs] [Times: user=0.00 sys=0.00, real=0.00 secs] 
25.677: Total time for which application threads were stopped: 0.0573960 seconds, Stopping threads took: 0.0567020 seconds
25.754: Application time: 0.0765090 seconds
25.809: [GC [PSYoungGen: 13729K->758K(15360K)] 29146K->16183K(49664K), 0.0005190 secs] [Times: user=0.00 sys=0.00, real=0.00 secs] 
25.810: Total time for which application threads were stopped: 0.0559770 seconds, Stopping threads took: 0.0553830 seconds
25.888: Application time: 0.0786460 seconds
25.946: [GC [PSYoungGen: 14057K->1149K(15360K)] 29482K->16590K(49664K), 0.0006400 secs] [Times: user=0.01 sys=0.00, real=0.00 secs] 
25.947: Total time for which application threads were stopped: 0.0584280 seconds, Stopping threads took: 0.0577180 seconds
26.022: Application time: 0.0757830 seconds
26.071: [GC [PSYoungGen: 14448K->1556K(15360K)] 29889K->17013K(49664K), 0.0007320 secs] [Times: user=0.01 sys=0.00, real=0.00 secs] 
26.072: Total time for which application threads were stopped: 0.0497610 seconds, Stopping threads took: 0.0489530 seconds
26.149: Application time: 0.0769230 seconds
26.218: [GC [PSYoungGen: 14757K->774K(15360K)] 30214K->16239K(49664K), 0.0004950 secs] [Times: user=0.00 sys=0.00, real=0.00 secs] 
26.218: Total time for which application threads were stopped: 0.0689870 seconds, Stopping threads took: 0.0684170 seconds
26.297: Application time: 0.0784570 seconds
26.356: [GC [PSYoungGen: 14073K->1133K(15360K)] 29538K->16598K(49664K), 0.0006050 secs] [Times: user=0.01 sys=0.00, real=0.00 secs] 
26.357: Total time for which application threads were stopped: 0.0603090 seconds, Stopping threads took: 0.0596350 seconds
26.434: Application time: 0.0769940 seconds
26.491: [GC [PSYoungGen: 14413K->1458K(15360K)] 29878K->16923K(49664K), 0.0006360 secs] [Times: user=0.00 sys=0.00, real=0.00 secs] 
26.492: Total time for which application threads were stopped: 0.0581380 seconds, Stopping threads took: 0.0574330 seconds
26.571: Application time: 0.0792250 seconds
26.636: [GC [PSYoungGen: 14718K->579K(15360K)] 30183K->16060K(49664K), 0.0004920 secs] [Times: user=0.00 sys=0.00, real=0.00 secs] 
26.636: Total time for which application threads were stopped: 0.0649940 seconds, Stopping threads took: 0.0644310 seconds
26.713: Application time: 0.0765280 seconds
26.763: [GC [PSYoungGen: 13859K->1946K(15360K)] 29340K->17427K(49664K), 0.0007990 secs] [Times: user=0.01 sys=0.00, real=0.00 secs] 
26.763: Total time for which application threads were stopped: 0.0505770 seconds, Stopping threads took: 0.0496970 seconds
26.844: Application time: 0.0803990 seconds
26.905: [GC [PSYoungGen: 15109K->1865K(15360K)] 30590K->17549K(49664K), 0.0008340 secs] [Times: user=0.01 sys=0.00, real=0.00 secs] 
26.905: Total time for which application threads were stopped: 0.0615970 seconds, Stopping threads took: 0.0606960 seconds
26.983: Application time: 0.0779120 seconds
27.032: [GC [PSYoungGen: 15066K->1930K(15360K)] 30750K->18013K(49664K), 0.0009620 secs] [Times: user=0.01 sys=0.00, real=0.00 secs] 
27.033: Total time for which application threads were stopped: 0.0500150 seconds, Stopping threads took: 0.0489700 seconds
27.109: Application time: 0.0754940 seconds
27.175: [GC [PSYoungGen: 15210K->1897K(15360K)] 31293K->18761K(49664K), 0.0011300 secs] [Times: user=0.01 sys=0.00, real=0.01 secs] 
27.176: Total time for which application threads were stopped: 0.0672600 seconds, Stopping threads took: 0.0660580 seconds
27.252: Application time: 0.0759350 seconds
27.319: [GC [PSYoungGen: 15078K->1751K(15360K)] 31943K->18623K(49664K), 0.0007410 secs] [Times: user=0.00 sys=0.00, real=0.00 secs] 
27.319: Total time for which application threads were stopped: 0.0673470 seconds, Stopping threads took: 0.0665240 seconds
27.397: Application time: 0.0774990 seconds
27.455: [GC [PSYoungGen: 15050K->1946K(15360K)] 31922K->19022K(49664K), 0.0008580 secs] [Times: user=0.00 sys=0.00, real=0.01 secs] 
27.456: Total time for which application threads were stopped: 0.0590890 seconds, Stopping threads took: 0.0581580 seconds
27.532: Application time: 0.0756370 seconds
27.584: [GC [PSYoungGen: 15225K->2044K(15360K)] 32301K->19518K(49664K), 0.0010080 secs] [Times: user=0.01 sys=0.00, real=0.00 secs] 
27.586: Total time for which application threads were stopped: 0.0541760 seconds, Stopping threads took: 0.0525580 seconds
27.662: Application time: 0.0759630 seconds
27.731: [GC [PSYoungGen: 15245K->579K(15360K)] 32720K->18061K(49664K), 0.0007120 secs] [Times: user=0.00 sys=0.00, real=0.00 secs] 
27.731: Total time for which application threads were stopped: 0.0695240 seconds, Stopping threads took: 0.0687360 seconds
27.808: Application time: 0.0763750 seconds
27.863: [GC [PSYoungGen: 13780K->1962K(15360K)] 31263K->19453K(49664K), 0.0009020 secs] [Times: user=0.00 sys=0.00, real=0.00 secs] 
27.863: Total time for which application threads were stopped: 0.0557890 seconds, Stopping threads took: 0.0547830 seconds
27.940: Application time: 0.0760940 seconds
28.004: [GC [PSYoungGen: 15144K->1929K(15360K)] 32634K->20786K(49664K), 0.0010740 secs] [Times: user=0.00 sys=0.00, real=0.00 secs] 
28.005: Total time for which application threads were stopped: 0.0659420 seconds, Stopping threads took: 0.0647990 seconds
28.082: Application time: 0.0766360 seconds
28.150: [GC [PSYoungGen: 15208K->1881K(15360K)] 34066K->21324K(49664K), 0.0009130 secs] [Times: user=0.01 sys=0.00, real=0.00 secs] 
28.150: Total time for which application threads were stopped: 0.0683510 seconds, Stopping threads took: 0.0673730 seconds
28.226: Application time: 0.0759480 seconds
28.292: [GC [PSYoungGen: 15141K->1572K(15360K)] 34584K->21015K(49664K), 0.0007550 secs] [Times: user=0.00 sys=0.00, real=0.00 secs] 
28.292: Total time for which application threads were stopped: 0.0659050 seconds, Stopping threads took: 0.0650750 seconds
28.370: Application time: 0.0776210 seconds
28.433: [GC [PSYoungGen: 14851K->790K(15360K)] 34295K->20234K(49664K), 0.0005340 secs] [Times: user=0.00 sys=0.00, real=0.00 secs] 
28.434: Total time for which application threads were stopped: 0.0638200 seconds, Stopping threads took: 0.0632060 seconds
28.512: Application time: 0.0784240 seconds
28.572: [GC [PSYoungGen: 13972K->954K(15360K)] 33416K->20405K(49664K), 0.0006510 secs] [Times: user=0.00 sys=0.00, real=0.00 secs] 
28.573: Total time for which application threads were stopped: 0.0605230 seconds, Stopping threads took: 0.0597820 seconds
28.649: Application time: 0.0764200 seconds
28.701: [GC [PSYoungGen: 14252K->1328K(15360K)] 33704K->20796K(49664K), 0.0006780 secs] [Times: user=0.00 sys=0.00, real=0.00 secs] 
28.702: Total time for which application threads were stopped: 0.0530280 seconds, Stopping threads took: 0.0522820 seconds
28.781: Application time: 0.0789490 seconds
28.845: [GC [PSYoungGen: 14608K->547K(15360K)] 34076K->20031K(49664K), 0.0004930 secs] [Times: user=0.00 sys=0.00, real=0.00 secs] 
28.845: Total time for which application threads were stopped: 0.0641040 seconds, Stopping threads took: 0.0635380 seconds
28.923: Application time: 0.0774890 seconds
28.982: [GC [PSYoungGen: 13729K->774K(15360K)] 33213K->20266K(49664K), 0.0005210 secs] [Times: user=0.00 sys=0.00, real=0.00 secs] 
28.983: Total time for which application threads were stopped: 0.0598310 seconds, Stopping threads took: 0.0592300 seconds
29.061: Application time: 0.0785650 seconds
29.113: [GC [PSYoungGen: 14073K->1165K(15360K)] 33565K->20657K(49664K), 0.0006440 secs] [Times: user=0.01 sys=0.01, real=0.00 secs] 
29.114: Total time for which application threads were stopped: 0.0528830 seconds, Stopping threads took: 0.0521640 seconds
29.190: Application time: 0.0763950 seconds
29.254: [GC [PSYoungGen: 14366K->320K(15360K)] 33858K->19827K(49664K), 0.0004440 secs] [Times: user=0.01 sys=0.00, real=0.00 secs] 
29.254: Total time for which application threads were stopped: 0.0636170 seconds, Stopping threads took: 0.0631010 seconds
29.329: Application time: 0.0750970 seconds
29.391: [GC [PSYoungGen: 13619K->742K(15360K)] 33126K->20258K(49664K), 0.0006380 secs] [Times: user=0.00 sys=0.00, real=0.00 secs] 
29.392: Total time for which application threads were stopped: 0.0624910 seconds, Stopping threads took: 0.0617590 seconds
29.469: Application time: 0.0771620 seconds
29.518: [GC [PSYoungGen: 13729K->758K(15360K)] 33245K->20274K(49664K), 0.0005280 secs] [Times: user=0.00 sys=0.00, real=0.00 secs] 
29.518: Total time for which application threads were stopped: 0.0496600 seconds, Stopping threads took: 0.0490550 seconds
29.595: Application time: 0.0770230 seconds
29.654: [GC [PSYoungGen: 13745K->774K(15360K)] 33261K->20298K(49664K), 0.0005240 secs] [Times: user=0.00 sys=0.00, real=0.00 secs] 
29.655: Total time for which application threads were stopped: 0.0595050 seconds, Stopping threads took: 0.0589120 seconds
29.733: Application time: 0.0781750 seconds
29.783: [GC [PSYoungGen: 14034K->1002K(15360K)] 33558K->20525K(49664K), 0.0005820 secs] [Times: user=0.00 sys=0.00, real=0.00 secs] 
29.784: Total time for which application threads were stopped: 0.0504820 seconds, Stopping threads took: 0.0498320 seconds
29.863: Application time: 0.0794510 seconds
29.921: [GC [PSYoungGen: 14183K->1149K(15360K)] 33707K->20672K(49664K), 0.0005860 secs] [Times: user=0.00 sys=0.00, real=0.00 secs] 
29.922: Total time for which application threads were stopped: 0.0587240 seconds, Stopping threads took: 0.0580730 seconds
29.999: Application time: 0.0767480 seconds
30.062: [GC [PSYoungGen: 14428K->352K(15360K)] 33952K->19891K(49664K), 0.0005020 secs] [Times: user=0.00 sys=0.00, real=0.00 secs] 
30.062: Total time for which application threads were stopped: 0.0638330 seconds, Stopping threads took: 0.0632510 seconds
30.139: Application time: 0.0761810 seconds
30.172: [GC [PSYoungGen: 13651K->1848K(15360K)] 33190K->21412K(49664K), 0.0008160 secs] [Times: user=0.00 sys=0.00, real=0.00 secs] 
30.173: Total time for which application threads were stopped: 0.0344090 seconds, Stopping threads took: 0.0335180 seconds
30.250: Application time: 0.0773970 seconds
30.314: [GC [PSYoungGen: 15030K->986K(15360K)] 34594K->20565K(49664K), 0.0007810 secs] [Times: user=0.00 sys=0.00, real=0.00 secs] 
30.315: Total time for which application threads were stopped: 0.0641750 seconds, Stopping threads took: 0.0633020 seconds
30.393: Application time: 0.0783070 seconds
30.453: [GC [PSYoungGen: 14285K->1360K(15360K)] 33864K->20948K(49664K), 0.0006730 secs] [Times: user=0.00 sys=0.00, real=0.00 secs] 
30.454: Total time for which application threads were stopped: 0.0608990 seconds, Stopping threads took: 0.0601340 seconds
30.532: Application time: 0.0778790 seconds
30.582: [GC [PSYoungGen: 14542K->1540K(15360K)] 34130K->21143K(49664K), 0.0007490 secs] [Times: user=0.00 sys=0.00, real=0.00 secs] 
30.583: Total time for which application threads were stopped: 0.0514400 seconds, Stopping threads took: 0.0506100 seconds
30.662: Application time: 0.0789350 seconds
30.726: [GC [PSYoungGen: 14741K->806K(15360K)] 34344K->20410K(49664K), 0.0005410 secs] [Times: user=0.01 sys=0.00, real=0.00 secs] 
30.726: Total time for which application threads were stopped: 0.0640400 seconds, Stopping threads took: 0.0634260 seconds
30.804: Application time: 0.0782490 seconds
30.865: [GC [PSYoungGen: 13793K->774K(15360K)] 33397K->20394K(49664K), 0.0005270 secs] [Times: user=0.00 sys=0.00, real=0.00 secs] 
30.866: Total time for which application threads were stopped: 0.0611450 seconds, Stopping threads took: 0.0605280 seconds
30.943: Application time: 0.0778850 seconds
31.002: [GC [PSYoungGen: 13761K->726K(15360K)] 33380K->20354K(49664K), 0.0011790 secs] [Times: user=0.00 sys=0.00, real=0.00 secs] 
31.003: Total time for which application threads were stopped: 0.0598910 seconds, Stopping threads took: 0.0586150 seconds
31.081: Application time: 0.0774210 seconds
31.135: [GC [PSYoungGen: 13713K->742K(15360K)] 33341K->20370K(49664K), 0.0005060 secs] [Times: user=0.00 sys=0.00, real=0.00 secs] 
31.136: Total time for which application threads were stopped: 0.0550870 seconds, Stopping threads took: 0.0544970 seconds
31.214: Application time: 0.0778750 seconds
31.275: [GC [PSYoungGen: 13807K->774K(15360K)] 33435K->20402K(49664K), 0.0005710 secs] [Times: user=0.00 sys=0.00, real=0.01 secs] 
31.275: Total time for which application threads were stopped: 0.0617750 seconds, Stopping threads took: 0.0611100 seconds
31.353: Application time: 0.0774530 seconds
31.403: [GC [PSYoungGen: 14073K->1117K(15360K)] 33701K->20745K(49664K), 0.0007390 secs] [Times: user=0.01 sys=0.00, real=0.00 secs] 
31.404: Total time for which application threads were stopped: 0.0506670 seconds, Stopping threads took: 0.0498480 seconds
31.481: Application time: 0.0778970 seconds
31.542: [GC [PSYoungGen: 14271K->1344K(15360K)] 33898K->20996K(49664K), 0.0007620 secs] [Times: user=0.00 sys=0.00, real=0.00 secs] 
31.543: Total time for which application threads were stopped: 0.0610240 seconds, Stopping threads took: 0.0601890 seconds
31.619: Application time: 0.0763050 seconds
31.667: [GC [PSYoungGen: 14554K->1556K(15360K)] 34206K->21215K(49664K), 0.0007110 secs] [Times: user=0.00 sys=0.00, real=0.01 secs] 
31.667: Total time for which application threads were stopped: 0.0484980 seconds, Stopping threads took: 0.0477020 seconds
31.746: Application time: 0.0790050 seconds
31.805: [GC [PSYoungGen: 14542K->1540K(15360K)] 34202K->21207K(49664K), 0.0007770 secs] [Times: user=0.00 sys=0.00, real=0.00 secs] 
31.806: Total time for which application threads were stopped: 0.0594120 seconds, Stopping threads took: 0.0585410 seconds
31.883: Application time: 0.0771570 seconds
31.950: [GC [PSYoungGen: 14819K->758K(15360K)] 34487K->20434K(49664K), 0.0007300 secs] [Times: user=0.00 sys=0.00, real=0.00 secs] 
31.951: Total time for which application threads were stopped: 0.0679810 seconds, Stopping threads took: 0.0671710 seconds
32.029: Application time: 0.0784640 seconds
32.089: [GC [PSYoungGen: 14057K->1149K(15360K)] 33733K->20840K(49664K), 0.0006740 secs] [Times: user=0.00 sys=0.00, real=0.00 secs] 
32.090: Total time for which application threads were stopped: 0.0604230 seconds, Stopping threads took: 0.0596780 seconds
32.165: Application time: 0.0755310 seconds
32.218: [GC [PSYoungGen: 14331K->1360K(15360K)] 34022K->21052K(49664K), 0.0007850 secs] [Times: user=0.00 sys=0.00, real=0.00 secs] 
32.219: Total time for which application threads were stopped: 0.0536770 seconds, Stopping threads took: 0.0528060 seconds
32.295: Application time: 0.0761700 seconds
32.345: [GC [PSYoungGen: 14464K->1572K(15360K)] 34155K->21271K(49664K), 0.0006920 secs] [Times: user=0.00 sys=0.00, real=0.00 secs] 
32.345: Total time for which application threads were stopped: 0.0502310 seconds, Stopping threads took: 0.0494720 seconds
32.422: Application time: 0.0766430 seconds
32.485: [GC [PSYoungGen: 14851K->742K(15360K)] 34551K->20442K(49664K), 0.0005460 secs] [Times: user=0.00 sys=0.00, real=0.00 secs] 
32.486: Total time for which application threads were stopped: 0.0639490 seconds, Stopping threads took: 0.0633300 seconds
32.564: Application time: 0.0782180 seconds
32.617: [GC [PSYoungGen: 13729K->758K(15360K)] 33429K->20474K(49664K), 0.0006250 secs] [Times: user=0.00 sys=0.00, real=0.00 secs] 
32.618: Total time for which application threads were stopped: 0.0539530 seconds, Stopping threads took: 0.0522950 seconds
32.696: Application time: 0.0778720 seconds
32.757: [GC [PSYoungGen: 13745K->742K(15360K)] 33461K->20458K(49664K), 0.0006350 secs] [Times: user=0.00 sys=0.00, real=0.00 secs] 
32.758: Total time for which application threads were stopped: 0.0615030 seconds, Stopping threads took: 0.0607620 seconds
32.838: Application time: 0.0799850 seconds
32.889: [GC [PSYoungGen: 14041K->1133K(15360K)] 33757K->20864K(49664K), 0.0006830 secs] [Times: user=0.00 sys=0.00, real=0.00 secs] 
32.889: Total time for which application threads were stopped: 0.0518040 seconds, Stopping threads took: 0.0510490 seconds
32.965: Application time: 0.0758660 seconds
33.026: [GC [PSYoungGen: 14432K->1556K(15360K)] 34164K->21303K(49664K), 0.0006930 secs] [Times: user=0.01 sys=0.00, real=0.00 secs] 
33.026: Total time for which application threads were stopped: 0.0610770 seconds, Stopping threads took: 0.0603130 seconds
33.106: Application time: 0.0801430 seconds
33.165: [GC [PSYoungGen: 14835K->790K(15360K)] 34583K->20554K(49664K), 0.0005530 secs] [Times: user=0.00 sys=0.00, real=0.00 secs] 
33.166: Total time for which application threads were stopped: 0.0595280 seconds, Stopping threads took: 0.0588840 seconds
33.245: Application time: 0.0790210 seconds
33.297: [GC [PSYoungGen: 13933K->758K(15360K)] 33697K->20538K(49664K), 0.0005210 secs] [Times: user=0.00 sys=0.00, real=0.00 secs] 
33.297: Total time for which application threads were stopped: 0.0524980 seconds, Stopping threads took: 0.0519020 seconds
33.377: Application time: 0.0790830 seconds
33.437: [GC [PSYoungGen: 14057K->1149K(15360K)] 33837K->20928K(49664K), 0.0005920 secs] [Times: user=0.01 sys=0.00, real=0.00 secs] 
33.437: Total time for which application threads were stopped: 0.0607930 seconds, Stopping threads took: 0.0601300 seconds
33.514: Application time: 0.0771230 seconds
33.562: [GC [PSYoungGen: 14350K->1458K(15360K)] 34130K->21253K(49664K), 0.0007570 secs] [Times: user=0.00 sys=0.00, real=0.00 secs] 
33.563: Total time for which application threads were stopped: 0.0486290 seconds, Stopping threads took: 0.0477790 seconds
33.642: Application time: 0.0790640 seconds
33.710: [GC [PSYoungGen: 14640K->595K(15360K)] 34435K->20407K(49664K), 0.0005790 secs] [Times: user=0.00 sys=0.00, real=0.00 secs] 
33.711: Total time for which application threads were stopped: 0.0686780 seconds, Stopping threads took: 0.0680050 seconds
33.791: Application time: 0.0804160 seconds
33.837: [GC [PSYoungGen: 13749K->790K(15360K)] 33560K->20610K(49664K), 0.0007160 secs] [Times: user=0.00 sys=0.00, real=0.00 secs] 
33.838: Total time for which application threads were stopped: 0.0463490 seconds, Stopping threads took: 0.0455400 seconds
33.916: Application time: 0.0786340 seconds
33.962: [GC [PSYoungGen: 13805K->1832K(15360K)] 33625K->21668K(49664K), 0.0008080 secs] [Times: user=0.00 sys=0.00, real=0.00 secs] 
33.963: Total time for which application threads were stopped: 0.0463900 seconds, Stopping threads took: 0.0455090 seconds
34.040: Application time: 0.0768610 seconds
34.099: [GC [PSYoungGen: 15034K->1962K(15360K)] 34869K->21993K(49664K), 0.0009230 secs] [Times: user=0.00 sys=0.00, real=0.00 secs] 
34.100: Total time for which application threads were stopped: 0.0607110 seconds, Stopping threads took: 0.0597110 seconds
34.177: Application time: 0.0765730 seconds
34.242: [GC [PSYoungGen: 15000K->1213K(15360K)] 35031K->21260K(49664K), 0.0006490 secs] [Times: user=0.00 sys=0.00, real=0.00 secs] 
34.242: Total time for which application threads were stopped: 0.0656480 seconds, Stopping threads took: 0.0649290 seconds
34.320: Application time: 0.0772020 seconds
34.371: [GC [PSYoungGen: 14360K->1376K(15360K)] 34407K->21423K(49664K), 0.0006240 secs] [Times: user=0.01 sys=0.00, real=0.00 secs] 
34.372: Total time for which application threads were stopped: 0.0522360 seconds, Stopping threads took: 0.0515320 seconds
34.451: Application time: 0.0786860 seconds
34.509: [GC [PSYoungGen: 14636K->1588K(15360K)] 34683K->21651K(49664K), 0.0007360 secs] [Times: user=0.01 sys=0.00, real=0.00 secs] 
34.510: Total time for which application threads were stopped: 0.0596010 seconds, Stopping threads took: 0.0587910 seconds
34.588: Application time: 0.0782030 seconds
34.648: [GC [PSYoungGen: 14789K->1897K(15360K)] 34852K->21967K(49664K), 0.0008220 secs] [Times: user=0.00 sys=0.00, real=0.00 secs] 
34.649: Total time for which application threads were stopped: 0.0608140 seconds, Stopping threads took: 0.0599270 seconds
34.727: Application time: 0.0779010 seconds
34.789: [GC [PSYoungGen: 14883K->742K(15360K)] 34954K->20829K(49664K), 0.0005110 secs] [Times: user=0.01 sys=0.00, real=0.00 secs] 
34.789: Total time for which application threads were stopped: 0.0620230 seconds, Stopping threads took: 0.0614370 seconds
34.868: Application time: 0.0793470 seconds
34.926: [GC [PSYoungGen: 13729K->742K(15360K)] 33816K->20829K(49664K), 0.0005440 secs] [Times: user=0.00 sys=0.00, real=0.00 secs] 
34.927: Total time for which application threads were stopped: 0.0581820 seconds, Stopping threads took: 0.0575570 seconds
35.006: Application time: 0.0793830 seconds
35.053: [GC [PSYoungGen: 14051K->1165K(15360K)] 34138K->21252K(49664K), 0.0008550 secs] [Times: user=0.01 sys=0.00, real=0.00 secs] 
35.054: Total time for which application threads were stopped: 0.0481230 seconds, Stopping threads took: 0.0471750 seconds
35.131: Application time: 0.0767200 seconds
35.191: [GC [PSYoungGen: 14415K->1328K(15360K)] 34502K->21439K(49664K), 0.0007250 secs] [Times: user=0.00 sys=0.00, real=0.00 secs] 
35.192: Total time for which application threads were stopped: 0.0608110 seconds, Stopping threads took: 0.0600120 seconds
35.270: Application time: 0.0780080 seconds
35.331: [GC [PSYoungGen: 14627K->1783K(15360K)] 34738K->21902K(49664K), 0.0008080 secs] [Times: user=0.01 sys=0.00, real=0.00 secs] 
35.332: Total time for which application threads were stopped: 0.0620290 seconds, Stopping threads took: 0.0611530 seconds
35.410: Application time: 0.0784250 seconds
35.473: [GC [PSYoungGen: 14867K->742K(15360K)] 34986K->20861K(49664K), 0.0005360 secs] [Times: user=0.01 sys=0.00, real=0.00 secs] 
35.474: Total time for which application threads were stopped: 0.0635360 seconds, Stopping threads took: 0.0629220 seconds
35.552: Application time: 0.0786880 seconds
35.610: [GC [PSYoungGen: 13729K->774K(15360K)] 33848K->20893K(49664K), 0.0006860 secs] [Times: user=0.00 sys=0.00, real=0.00 secs] 
35.611: Total time for which application threads were stopped: 0.0583250 seconds, Stopping threads took: 0.0575490 seconds
35.690: Application time: 0.0796750 seconds
35.742: [GC [PSYoungGen: 14073K->1117K(15360K)] 34192K->21252K(49664K), 0.0006760 secs] [Times: user=0.00 sys=0.01, real=0.00 secs] 
35.743: Total time for which application threads were stopped: 0.0521250 seconds, Stopping threads took: 0.0513820 seconds
35.820: Application time: 0.0776270 seconds
35.881: [GC [PSYoungGen: 14299K->1376K(15360K)] 34434K->21511K(49664K), 0.0006880 secs] [Times: user=0.00 sys=0.00, real=0.00 secs] 
35.881: Total time for which application threads were stopped: 0.0610810 seconds, Stopping threads took: 0.0603200 seconds
35.959: Application time: 0.0778600 seconds
36.020: [GC [PSYoungGen: 14656K->1637K(15360K)] 34791K->21788K(49664K), 0.0006910 secs] [Times: user=0.00 sys=0.00, real=0.00 secs] 
36.021: Total time for which application threads were stopped: 0.0618810 seconds, Stopping threads took: 0.0611080 seconds
36.100: Application time: 0.0790110 seconds
36.161: [GC [PSYoungGen: 14741K->790K(15360K)] 34892K->20941K(49664K), 0.0006470 secs] [Times: user=0.01 sys=0.00, real=0.00 secs] 
36.161: Total time for which application threads were stopped: 0.0612880 seconds, Stopping threads took: 0.0605460 seconds
36.240: Application time: 0.0786040 seconds
36.290: [GC [PSYoungGen: 14099K->1165K(15360K)] 34250K->21316K(49664K), 0.0006830 secs] [Times: user=0.00 sys=0.00, real=0.00 secs] 
36.291: Total time for which application threads were stopped: 0.0508370 seconds, Stopping threads took: 0.0500820 seconds
36.370: Application time: 0.0789850 seconds
36.429: [GC [PSYoungGen: 14300K->1165K(15360K)] 34451K->21324K(49664K), 0.0006550 secs] [Times: user=0.00 sys=0.00, real=0.00 secs] 
36.430: Total time for which application threads were stopped: 0.0597990 seconds, Stopping threads took: 0.0590800 seconds
36.506: Application time: 0.0762330 seconds
36.558: [GC [PSYoungGen: 14464K->1556K(15360K)] 34623K->21730K(49664K), 0.0007330 secs] [Times: user=0.00 sys=0.00, real=0.00 secs] 
36.559: Total time for which application threads were stopped: 0.0532170 seconds, Stopping threads took: 0.0524060 seconds
36.637: Application time: 0.0780430 seconds
36.698: [GC [PSYoungGen: 14855K->1978K(15360K)] 35029K->22153K(49664K), 0.0008970 secs] [Times: user=0.00 sys=0.00, real=0.00 secs] 
36.699: Total time for which application threads were stopped: 0.0614790 seconds, Stopping threads took: 0.0605080 seconds
36.776: Application time: 0.0778110 seconds
36.843: [GC [PSYoungGen: 15258K->1165K(15360K)] 35433K->21356K(49664K), 0.0006300 secs] [Times: user=0.00 sys=0.00, real=0.00 secs] 
36.843: Total time for which application threads were stopped: 0.0668590 seconds, Stopping threads took: 0.0661540 seconds
36.923: Application time: 0.0795080 seconds
36.984: [GC [PSYoungGen: 14347K->1328K(15360K)] 34538K->21527K(49664K), 0.0007020 secs] [Times: user=0.00 sys=0.00, real=0.00 secs] 
36.985: Total time for which application threads were stopped: 0.0618300 seconds, Stopping threads took: 0.0610280 seconds
37.061: Application time: 0.0764750 seconds
37.118: [GC [PSYoungGen: 14588K->1540K(15360K)] 34787K->21739K(49664K), 0.0008350 secs] [Times: user=0.00 sys=0.00, real=0.00 secs] 
37.119: Total time for which application threads were stopped: 0.0575930 seconds, Stopping threads took: 0.0566830 seconds
37.197: Application time: 0.0781960 seconds
37.257: [GC [PSYoungGen: 14819K->774K(15360K)] 35018K->20989K(49664K), 0.0006450 secs] [Times: user=0.00 sys=0.00, real=0.00 secs] 
37.258: Total time for which application threads were stopped: 0.0611710 seconds, Stopping threads took: 0.0604530 seconds
37.337: Application time: 0.0793760 seconds
37.386: [GC [PSYoungGen: 14073K->1181K(15360K)] 34288K->21396K(49664K), 0.0006400 secs] [Times: user=0.00 sys=0.00, real=0.00 secs] 
37.386: Total time for which application threads were stopped: 0.0488570 seconds, Stopping threads took: 0.0481280 seconds
37.465: Application time: 0.0784610 seconds
37.525: [GC [PSYoungGen: 14382K->320K(15360K)] 34597K->20551K(49664K), 0.0004550 secs] [Times: user=0.00 sys=0.00, real=0.00 secs] 
37.525: Total time for which application threads were stopped: 0.0605550 seconds, Stopping threads took: 0.0600330 seconds
37.601: Application time: 0.0756500 seconds
37.659: [GC [PSYoungGen: 13619K->1880K(15360K)] 33850K->22127K(49664K), 0.0008430 secs] [Times: user=0.01 sys=0.00, real=0.00 secs] 
37.661: Total time for which application threads were stopped: 0.0595870 seconds, Stopping threads took: 0.0578800 seconds
37.739: Application time: 0.0785620 seconds
37.804: [GC [PSYoungGen: 15180K->1165K(15360K)] 35426K->21412K(49664K), 0.0007400 secs] [Times: user=0.00 sys=0.00, real=0.00 secs] 
37.805: Total time for which application threads were stopped: 0.0656720 seconds, Stopping threads took: 0.0648590 seconds
37.882: Application time: 0.0769500 seconds
37.934: [GC [PSYoungGen: 14425K->1376K(15360K)] 34672K->21631K(49664K), 0.0006590 secs] [Times: user=0.00 sys=0.00, real=0.00 secs] 
37.935: Total time for which application threads were stopped: 0.0528800 seconds, Stopping threads took: 0.0521330 seconds
38.013: Application time: 0.0783490 seconds
38.073: [GC [PSYoungGen: 14480K->1572K(15360K)] 34735K->21834K(49664K), 0.0007920 secs] [Times: user=0.00 sys=0.00, real=0.00 secs] 
38.074: Total time for which application threads were stopped: 0.0605900 seconds, Stopping threads took: 0.0597030 seconds
38.151: Application time: 0.0776110 seconds
38.203: [GC [PSYoungGen: 14715K->1587K(15360K)] 34978K->21850K(49664K), 0.0007660 secs] [Times: user=0.00 sys=0.00, real=0.00 secs] 
38.204: Total time for which application threads were stopped: 0.0528130 seconds, Stopping threads took: 0.0519670 seconds
38.280: Application time: 0.0764530 seconds
38.345: [GC [PSYoungGen: 14789K->790K(15360K)] 35052K->21053K(49664K), 0.0005630 secs] [Times: user=0.01 sys=0.00, real=0.00 secs] 
38.346: Total time for which application threads were stopped: 0.0650910 seconds, Stopping threads took: 0.0644610 seconds
38.423: Application time: 0.0778920 seconds
38.478: [GC [PSYoungGen: 13855K->790K(15360K)] 34118K->21077K(49664K), 0.0004890 secs] [Times: user=0.00 sys=0.00, real=0.00 secs] 
38.479: Total time for which application threads were stopped: 0.0553030 seconds, Stopping threads took: 0.0547440 seconds
38.558: Application time: 0.0790650 seconds
38.617: [GC [PSYoungGen: 13777K->758K(15360K)] 34064K->21045K(49664K), 0.0006020 secs] [Times: user=0.00 sys=0.00, real=0.00 secs] 
38.618: Total time for which application threads were stopped: 0.0597330 seconds, Stopping threads took: 0.0590600 seconds
38.696: Application time: 0.0788020 seconds
38.754: [GC [PSYoungGen: 14057K->1181K(15360K)] 34344K->21468K(49664K), 0.0006990 secs] [Times: user=0.00 sys=0.00, real=0.00 secs] 
38.755: Total time for which application threads were stopped: 0.0586850 seconds, Stopping threads took: 0.0579110 seconds
38.832: Application time: 0.0766840 seconds
38.891: [GC [PSYoungGen: 14480K->1588K(15360K)] 34767K->21890K(49664K), 0.0006980 secs] [Times: user=0.00 sys=0.00, real=0.00 secs] 
38.892: Total time for which application threads were stopped: 0.0599610 seconds, Stopping threads took: 0.0591890 seconds
38.969: Application time: 0.0771890 seconds
39.021: [GC [PSYoungGen: 14887K->1962K(15360K)] 35189K->22273K(49664K), 0.0008470 secs] [Times: user=0.01 sys=0.00, real=0.00 secs] 
39.022: Total time for which application threads were stopped: 0.0534500 seconds, Stopping threads took: 0.0525190 seconds
39.120: Application time: 0.0975180 seconds
39.185: [GC [PSYoungGen: 15163K->1117K(15360K)] 35474K->21452K(49664K), 0.0008400 secs] [Times: user=0.00 sys=0.00, real=0.00 secs] 
39.186: Total time for which application threads were stopped: 0.0661030 seconds, Stopping threads took: 0.0651910 seconds
39.262: Application time: 0.0762380 seconds
39.322: [GC [PSYoungGen: 14299K->1360K(15360K)] 34634K->21711K(49664K), 0.0006790 secs] [Times: user=0.00 sys=0.00, real=0.00 secs] 
39.323: Total time for which application threads were stopped: 0.0607400 seconds, Stopping threads took: 0.0599870 seconds
39.401: Application time: 0.0776450 seconds
39.449: [GC [PSYoungGen: 14542K->1556K(15360K)] 34893K->21906K(49664K), 0.0008290 secs] [Times: user=0.00 sys=0.00, real=0.00 secs] 
39.450: Total time for which application threads were stopped: 0.0493080 seconds, Stopping threads took: 0.0484080 seconds
39.526: Application time: 0.0763990 seconds
39.592: [GC [PSYoungGen: 14718K->531K(15360K)] 35069K->20882K(49664K), 0.0005090 secs] [Times: user=0.00 sys=0.00, real=0.00 secs] 
39.592: Total time for which application threads were stopped: 0.0658380 seconds, Stopping threads took: 0.0652560 seconds
39.669: Application time: 0.0767880 seconds
39.720: [GC [PSYoungGen: 13810K->1962K(15360K)] 34161K->22313K(49664K), 0.0008360 secs] [Times: user=0.01 sys=0.00, real=0.00 secs] 
39.720: Total time for which application threads were stopped: 0.0514910 seconds, Stopping threads took: 0.0505860 seconds
39.796: Application time: 0.0760800 seconds
39.849: [GC [PSYoungGen: 15242K->2044K(15360K)] 35593K->22590K(49664K), 0.0009600 secs] [Times: user=0.00 sys=0.00, real=0.00 secs] 
39.850: Total time for which application threads were stopped: 0.0535550 seconds, Stopping threads took: 0.0525090 seconds
39.929: Application time: 0.0789960 seconds
39.992: [GC [PSYoungGen: 15343K->1604K(15360K)] 35889K->22158K(49664K), 0.0007200 secs] [Times: user=0.00 sys=0.00, real=0.00 secs] 
39.993: Total time for which application threads were stopped: 0.0640530 seconds, Stopping threads took: 0.0632580 seconds
40.069: Application time: 0.0754370 seconds
40.129: [GC [PSYoungGen: 14883K->1849K(15360K)] 35437K->22403K(49664K), 0.0009030 secs] [Times: user=0.01 sys=0.00, real=0.00 secs] 
40.130: Total time for which application threads were stopped: 0.0617150 seconds, Stopping threads took: 0.0607390 seconds
40.208: Application time: 0.0779790 seconds
40.268: [GC [PSYoungGen: 14835K->774K(15360K)] 35389K->21337K(49664K), 0.0005740 secs] [Times: user=0.00 sys=0.00, real=0.00 secs] 
40.269: Total time for which application threads were stopped: 0.0606350 seconds, Stopping threads took: 0.0599710 seconds
40.347: Application time: 0.0784290 seconds
40.392: [GC [PSYoungGen: 14073K->1133K(15360K)] 34636K->21695K(49664K), 0.0007190 secs] [Times: user=0.00 sys=0.00, real=0.00 secs] 
40.393: Total time for which application threads were stopped: 0.0456040 seconds, Stopping threads took: 0.0447870 seconds
40.470: Application time: 0.0773500 seconds
40.529: [GC [PSYoungGen: 14413K->1458K(15360K)] 34975K->22036K(49664K), 0.0009730 secs] [Times: user=0.01 sys=0.00, real=0.00 secs] 
40.530: Total time for which application threads were stopped: 0.0601420 seconds, Stopping threads took: 0.0590900 seconds
40.607: Application time: 0.0770970 seconds
40.662: [GC [PSYoungGen: 14464K->1555K(15360K)] 35042K->22142K(49664K), 0.0009780 secs] [Times: user=0.01 sys=0.00, real=0.00 secs] 
40.663: Total time for which application threads were stopped: 0.0552500 seconds, Stopping threads took: 0.0542020 seconds
40.741: Application time: 0.0779200 seconds
40.789: [GC [PSYoungGen: 14620K->1540K(15360K)] 35206K->22126K(49664K), 0.0009180 secs] [Times: user=0.00 sys=0.00, real=0.00 secs] 
40.790: Total time for which application threads were stopped: 0.0489940 seconds, Stopping threads took: 0.0479810 seconds
40.867: Application time: 0.0773080 seconds
40.935: [GC [PSYoungGen: 14741K->806K(15360K)] 35327K->21393K(49664K), 0.0006940 secs] [Times: user=0.01 sys=0.00, real=0.01 secs] 
40.936: Total time for which application threads were stopped: 0.0688180 seconds, Stopping threads took: 0.0680440 seconds
41.012: Application time: 0.0766450 seconds
41.074: [GC [PSYoungGen: 13793K->726K(15360K)] 34379K->21312K(49664K), 0.0004950 secs] [Times: user=0.00 sys=0.00, real=0.00 secs] 
41.074: Total time for which application threads were stopped: 0.0619880 seconds, Stopping threads took: 0.0614220 seconds
41.153: Application time: 0.0790230 seconds
41.205: [GC [PSYoungGen: 13713K->790K(15360K)] 34299K->21377K(49664K), 0.0005230 secs] [Times: user=0.00 sys=0.00, real=0.00 secs] 
41.205: Total time for which application threads were stopped: 0.0518900 seconds, Stopping threads took: 0.0513000 seconds
41.286: Application time: 0.0801950 seconds
41.345: [GC [PSYoungGen: 14089K->1181K(15360K)] 34676K->21775K(49664K), 0.0006410 secs] [Times: user=0.00 sys=0.00, real=0.00 secs] 
41.345: Total time for which application threads were stopped: 0.0597140 seconds, Stopping threads took: 0.0590080 seconds
41.420: Application time: 0.0751860 seconds
41.485: [GC [PSYoungGen: 14460K->320K(15360K)] 35055K->20938K(49664K), 0.0006020 secs] [Times: user=0.00 sys=0.00, real=0.00 secs] 
41.486: Total time for which application threads were stopped: 0.0651450 seconds, Stopping threads took: 0.0644420 seconds
41.562: Application time: 0.0763290 seconds
41.598: [GC [PSYoungGen: 13521K->1783K(15360K)] 34139K->22409K(49664K), 0.0008980 secs] [Times: user=0.01 sys=0.00, real=0.00 secs] 
41.598: Total time for which application threads were stopped: 0.0365530 seconds, Stopping threads took: 0.0355630 seconds
41.678: Application time: 0.0794320 seconds
41.742: [GC [PSYoungGen: 14945K->758K(15360K)] 35571K->21401K(49664K), 0.0006070 secs] [Times: user=0.00 sys=0.00, real=0.00 secs] 
41.742: Total time for which application threads were stopped: 0.0643540 seconds, Stopping threads took: 0.0636510 seconds
41.820: Application time: 0.0782210 seconds
41.882: [GC [PSYoungGen: 13745K->742K(15360K)] 34387K->21401K(49664K), 0.0005510 secs] [Times: user=0.00 sys=0.00, real=0.00 secs] 
41.882: Total time for which application threads were stopped: 0.0616380 seconds, Stopping threads took: 0.0610220 seconds
41.960: Application time: 0.0776300 seconds
42.021: [GC [PSYoungGen: 13729K->710K(15360K)] 34387K->21368K(49664K), 0.0004860 secs] [Times: user=0.00 sys=0.00, real=0.00 secs] 
42.021: Total time for which application threads were stopped: 0.0613140 seconds, Stopping threads took: 0.0607510 seconds
42.100: Application time: 0.0792370 seconds
42.150: [GC [PSYoungGen: 13892K->954K(15360K)] 34551K->21628K(49664K), 0.0007360 secs] [Times: user=0.00 sys=0.00, real=0.00 secs] 
42.150: Total time for which application threads were stopped: 0.0500530 seconds, Stopping threads took: 0.0492460 seconds
42.227: Application time: 0.0767200 seconds
42.286: [GC [PSYoungGen: 14135K->1165K(15360K)] 34810K->21847K(49664K), 0.0006200 secs] [Times: user=0.01 sys=0.00, real=0.00 secs] 
42.287: Total time for which application threads were stopped: 0.0597110 seconds, Stopping threads took: 0.0590170 seconds
42.366: Application time: 0.0788290 seconds
42.425: [GC [PSYoungGen: 14464K->1555K(15360K)] 35146K->22238K(49664K), 0.0007110 secs] [Times: user=0.01 sys=0.00, real=0.00 secs] 
42.426: Total time for which application threads were stopped: 0.0603300 seconds, Stopping threads took: 0.0595510 seconds
42.503: Application time: 0.0771280 seconds
42.572: [GC [PSYoungGen: 14757K->758K(15360K)] 35439K->21457K(49664K), 0.0005060 secs] [Times: user=0.01 sys=0.00, real=0.00 secs] 
42.572: Total time for which application threads were stopped: 0.0693690 seconds, Stopping threads took: 0.0687730 seconds
42.651: Application time: 0.0789600 seconds
42.702: [GC [PSYoungGen: 13745K->726K(15360K)] 34443K->21425K(49664K), 0.0005080 secs] [Times: user=0.00 sys=0.00, real=0.00 secs] 
42.703: Total time for which application threads were stopped: 0.0518940 seconds, Stopping threads took: 0.0502260 seconds
42.782: Application time: 0.0782520 seconds
42.841: [GC [PSYoungGen: 14025K->1149K(15360K)] 34724K->21855K(49664K), 0.0007550 secs] [Times: user=0.00 sys=0.01, real=0.00 secs] 
42.842: Total time for which application threads were stopped: 0.0603570 seconds, Stopping threads took: 0.0595100 seconds
42.918: Application time: 0.0759330 seconds
42.970: [GC [PSYoungGen: 14409K->1392K(15360K)] 35115K->22098K(49664K), 0.0007510 secs] [Times: user=0.01 sys=0.00, real=0.00 secs] 
42.971: Total time for which application threads were stopped: 0.0528600 seconds, Stopping threads took: 0.0520170 seconds
43.048: Application time: 0.0773000 seconds
43.107: [GC [PSYoungGen: 14691K->1783K(15360K)] 35397K->22497K(49664K), 0.0009320 secs] [Times: user=0.00 sys=0.00, real=0.01 secs] 
43.108: Total time for which application threads were stopped: 0.0601100 seconds, Stopping threads took: 0.0591000 seconds
43.185: Application time: 0.0764760 seconds
43.254: [GC [PSYoungGen: 14789K->758K(15360K)] 35503K->21488K(49664K), 0.0008960 secs] [Times: user=0.00 sys=0.00, real=0.00 secs] 
43.255: Total time for which application threads were stopped: 0.0699740 seconds, Stopping threads took: 0.0689850 seconds
43.334: Application time: 0.0795720 seconds
43.393: [GC [PSYoungGen: 13823K->726K(15360K)] 34553K->21457K(49664K), 0.0005270 secs] [Times: user=0.00 sys=0.00, real=0.00 secs] 
43.394: Total time for which application threads were stopped: 0.0596790 seconds, Stopping threads took: 0.0590610 seconds
43.472: Application time: 0.0780880 seconds
43.519: [GC [PSYoungGen: 13713K->742K(15360K)] 34443K->21489K(49664K), 0.0004980 secs] [Times: user=0.00 sys=0.00, real=0.00 secs] 
43.519: Total time for which application threads were stopped: 0.0471530 seconds, Stopping threads took: 0.0465840 seconds
43.596: Application time: 0.0765740 seconds
43.657: [GC [PSYoungGen: 14003K->970K(15360K)] 34749K->21716K(49664K), 0.0005750 secs] [Times: user=0.01 sys=0.00, real=0.00 secs] 
43.657: Total time for which application threads were stopped: 0.0614430 seconds, Stopping threads took: 0.0607910 seconds
43.735: Application time: 0.0774280 seconds
43.794: [GC [PSYoungGen: 14269K->1360K(15360K)] 35015K->22122K(49664K), 0.0007120 secs] [Times: user=0.00 sys=0.00, real=0.00 secs] 
43.794: Total time for which application threads were stopped: 0.0597790 seconds, Stopping threads took: 0.0589920 seconds
43.871: Application time: 0.0769710 seconds
43.934: [GC [PSYoungGen: 14562K->595K(15360K)] 35324K->21365K(49664K), 0.0007430 secs] [Times: user=0.00 sys=0.00, real=0.00 secs] 
43.935: Total time for which application threads were stopped: 0.0632830 seconds, Stopping threads took: 0.0624450 seconds
44.010: Application time: 0.0756510 seconds
44.071: [GC [PSYoungGen: 13777K->758K(15360K)] 34547K->21544K(49664K), 0.0007530 secs] [Times: user=0.00 sys=0.00, real=0.00 secs] 
44.072: Total time for which application threads were stopped: 0.0618230 seconds, Stopping threads took: 0.0609980 seconds
44.151: Application time: 0.0793740 seconds
44.210: [GC [PSYoungGen: 14057K->1149K(15360K)] 34843K->21951K(49664K), 0.0005830 secs] [Times: user=0.00 sys=0.00, real=0.00 secs] 
44.210: Total time for which application threads were stopped: 0.0588430 seconds, Stopping threads took: 0.0581890 seconds
44.287: Application time: 0.0768220 seconds
44.351: [GC [PSYoungGen: 14428K->368K(15360K)] 35230K->21186K(49664K), 0.0005000 secs] [Times: user=0.00 sys=0.00, real=0.00 secs] 
44.352: Total time for which application threads were stopped: 0.0647510 seconds, Stopping threads took: 0.0641830 seconds
44.428: Application time: 0.0762740 seconds
44.491: [GC [PSYoungGen: 13647K->1751K(15360K)] 34465K->22569K(49664K), 0.0008730 secs] [Times: user=0.01 sys=0.00, real=0.00 secs] 
44.491: Total time for which application threads were stopped: 0.0632810 seconds, Stopping threads took: 0.0623110 seconds
44.572: Application time: 0.0800430 seconds
44.630: [GC [PSYoungGen: 14757K->1881K(15360K)] 35575K->22699K(49664K), 0.0008390 secs] [Times: user=0.00 sys=0.00, real=0.00 secs] 
44.630: Total time for which application threads were stopped: 0.0589380 seconds, Stopping threads took: 0.0580230 seconds
44.708: Application time: 0.0772460 seconds
44.761: [GC [PSYoungGen: 14945K->1833K(15360K)] 35764K->22667K(49664K), 0.0008060 secs] [Times: user=0.00 sys=0.00, real=0.00 secs] 
44.762: Total time for which application threads were stopped: 0.0539260 seconds, Stopping threads took: 0.0530370 seconds
44.840: Application time: 0.0779680 seconds
44.901: [GC [PSYoungGen: 14819K->1880K(15360K)] 35653K->22715K(49664K), 0.0008070 secs] [Times: user=0.01 sys=0.00, real=0.00 secs] 
44.902: Total time for which application threads were stopped: 0.0621020 seconds, Stopping threads took: 0.0612180 seconds
44.979: Application time: 0.0776390 seconds
45.043: [GC [PSYoungGen: 15190K->1165K(15360K)] 36024K->22015K(49664K), 0.0007080 secs] [Times: user=0.00 sys=0.00, real=0.00 secs] 
45.043: Total time for which application threads were stopped: 0.0639920 seconds, Stopping threads took: 0.0631900 seconds
45.124: Application time: 0.0802740 seconds
45.182: [GC [PSYoungGen: 14436K->320K(15360K)] 35287K->21170K(49664K), 0.0005140 secs] [Times: user=0.00 sys=0.00, real=0.00 secs] 
45.183: Total time for which application threads were stopped: 0.0592880 seconds, Stopping threads took: 0.0586800 seconds
45.259: Application time: 0.0757670 seconds
45.309: [GC [PSYoungGen: 13619K->774K(15360K)] 34469K->21624K(49664K), 0.0006470 secs] [Times: user=0.00 sys=0.00, real=0.00 secs] 
45.310: Total time for which application threads were stopped: 0.0514980 seconds, Stopping threads took: 0.0507470 seconds
45.388: Application time: 0.0780050 seconds
45.448: [GC [PSYoungGen: 13761K->758K(15360K)] 34611K->21625K(49664K), 0.0005420 secs] [Times: user=0.00 sys=0.00, real=0.00 secs] 
45.449: Total time for which application threads were stopped: 0.0608770 seconds, Stopping threads took: 0.0602670 seconds
45.527: Application time: 0.0776530 seconds
45.582: [GC [PSYoungGen: 13745K->758K(15360K)] 34611K->21640K(49664K), 0.0005710 secs] [Times: user=0.00 sys=0.00, real=0.00 secs] 
45.582: Total time for which application threads were stopped: 0.0557670 seconds, Stopping threads took: 0.0551270 seconds
45.661: Application time: 0.0789850 seconds
45.709: [GC [PSYoungGen: 14057K->1165K(15360K)] 34940K->22071K(49664K), 0.0006020 secs] [Times: user=0.01 sys=0.00, real=0.00 secs] 
45.710: Total time for which application threads were stopped: 0.0480540 seconds, Stopping threads took: 0.0473780 seconds
45.786: Application time: 0.0763500 seconds
45.846: [GC [PSYoungGen: 14464K->1555K(15360K)] 35370K->22462K(49664K), 0.0007390 secs] [Times: user=0.01 sys=0.00, real=0.00 secs] 
45.847: Total time for which application threads were stopped: 0.0607160 seconds, Stopping threads took: 0.0598770 seconds
45.925: Application time: 0.0785820 seconds
45.977: [GC [PSYoungGen: 14620K->1555K(15360K)] 35527K->22462K(49664K), 0.0007420 secs] [Times: user=0.00 sys=0.00, real=0.00 secs] 
45.978: Total time for which application threads were stopped: 0.0526110 seconds, Stopping threads took: 0.0517920 seconds
46.054: Application time: 0.0762000 seconds
46.118: [GC [PSYoungGen: 14757K->742K(15360K)] 35663K->21664K(49664K), 0.0005720 secs] [Times: user=0.00 sys=0.00, real=0.00 secs] 
46.118: Total time for which application threads were stopped: 0.0642790 seconds, Stopping threads took: 0.0636360 seconds
46.197: Application time: 0.0784820 seconds
46.257: [GC [PSYoungGen: 13964K->790K(15360K)] 34886K->21712K(49664K), 0.0005440 secs] [Times: user=0.01 sys=0.00, real=0.00 secs] 
46.257: Total time for which application threads were stopped: 0.0605580 seconds, Stopping threads took: 0.0599440 seconds
46.336: Application time: 0.0790260 seconds
46.388: [GC [PSYoungGen: 14089K->1165K(15360K)] 35012K->22095K(49664K), 0.0006380 secs] [Times: user=0.00 sys=0.00, real=0.00 secs] 
46.389: Total time for which application threads were stopped: 0.0522670 seconds, Stopping threads took: 0.0515510 seconds
46.467: Application time: 0.0787600 seconds
46.530: [GC [PSYoungGen: 14366K->336K(15360K)] 35296K->21282K(49664K), 0.0005920 secs] [Times: user=0.00 sys=0.00, real=0.00 secs] 
46.531: Total time for which application threads were stopped: 0.0634640 seconds, Stopping threads took: 0.0627800 seconds
46.607: Application time: 0.0762280 seconds
46.641: [GC [PSYoungGen: 13517K->1962K(15360K)] 34464K->23690K(49664K), 0.0010280 secs] [Times: user=0.00 sys=0.00, real=0.00 secs] 
46.642: Total time for which application threads were stopped: 0.0353470 seconds, Stopping threads took: 0.0342440 seconds
46.719: Application time: 0.0761310 seconds
46.788: [GC [PSYoungGen: 15144K->726K(15360K)] 36871K->22462K(49664K), 0.0007510 secs] [Times: user=0.00 sys=0.00, real=0.00 secs] 
46.789: Total time for which application threads were stopped: 0.0704840 seconds, Stopping threads took: 0.0696450 seconds
46.867: Application time: 0.0777470 seconds
46.920: [GC [PSYoungGen: 14025K->1133K(15360K)] 35761K->22876K(49664K), 0.0006550 secs] [Times: user=0.00 sys=0.00, real=0.00 secs] 
46.921: Total time for which application threads were stopped: 0.0538500 seconds, Stopping threads took: 0.0531190 seconds
46.998: Application time: 0.0778400 seconds
47.058: [GC [PSYoungGen: 14315K->1376K(15360K)] 36058K->23120K(49664K), 0.0006270 secs] [Times: user=0.00 sys=0.00, real=0.00 secs] 
47.058: Total time for which application threads were stopped: 0.0597830 seconds, Stopping threads took: 0.0590880 seconds
47.135: Application time: 0.0764220 seconds
47.184: [GC [PSYoungGen: 14675K->1767K(15360K)] 36419K->23518K(49664K), 0.0007620 secs] [Times: user=0.00 sys=0.00, real=0.00 secs] 
47.185: Total time for which application threads were stopped: 0.0505290 seconds, Stopping threads took: 0.0496950 seconds
47.264: Application time: 0.0790440 seconds
47.328: [GC [PSYoungGen: 14773K->774K(15360K)] 36524K->22526K(49664K), 0.0005240 secs] [Times: user=0.00 sys=0.00, real=0.00 secs] 
47.329: Total time for which application threads were stopped: 0.0645900 seconds, Stopping threads took: 0.0639920 seconds
47.407: Application time: 0.0782860 seconds
47.468: [GC [PSYoungGen: 13761K->790K(15360K)] 35512K->22550K(49664K), 0.0006500 secs] [Times: user=0.00 sys=0.00, real=0.00 secs] 
47.469: Total time for which application threads were stopped: 0.0614890 seconds, Stopping threads took: 0.0607360 seconds
47.548: Application time: 0.0796380 seconds
47.600: [GC [PSYoungGen: 14089K->1149K(15360K)] 35849K->22932K(49664K), 0.0008260 secs] [Times: user=0.01 sys=0.00, real=0.00 secs] 
47.601: Total time for which application threads were stopped: 0.0530080 seconds, Stopping threads took: 0.0520910 seconds
47.677: Application time: 0.0761610 seconds
47.738: [GC [PSYoungGen: 14292K->1149K(15360K)] 36076K->22932K(49664K), 0.0006320 secs] [Times: user=0.00 sys=0.00, real=0.00 secs] 
47.740: Total time for which application threads were stopped: 0.0622420 seconds, Stopping threads took: 0.0606050 seconds
47.819: Application time: 0.0792650 seconds
47.869: [GC [PSYoungGen: 14428K->1442K(15360K)] 36212K->23225K(49664K), 0.0008440 secs] [Times: user=0.00 sys=0.00, real=0.00 secs] 
47.870: Total time for which application threads were stopped: 0.0512750 seconds, Stopping threads took: 0.0503360 seconds
47.946: Application time: 0.0758800 seconds
48.008: [GC [PSYoungGen: 14448K->1556K(15360K)] 36231K->23347K(49664K), 0.0009450 secs] [Times: user=0.00 sys=0.00, real=0.00 secs] 
48.009: Total time for which application threads were stopped: 0.0629710 seconds, Stopping threads took: 0.0619320 seconds
48.087: Application time: 0.0777210 seconds
48.140: [GC [PSYoungGen: 14620K->1572K(15360K)] 36412K->23363K(49664K), 0.0007810 secs] [Times: user=0.00 sys=0.00, real=0.00 secs] 
48.141: Total time for which application threads were stopped: 0.0539900 seconds, Stopping threads took: 0.0531260 seconds
48.218: Application time: 0.0775200 seconds
48.282: [GC [PSYoungGen: 14851K->758K(15360K)] 36643K->22558K(49664K), 0.0005530 secs] [Times: user=0.01 sys=0.00, real=0.00 secs] 
48.282: Total time for which application threads were stopped: 0.0640750 seconds, Stopping threads took: 0.0634310 seconds
48.359: Application time: 0.0765250 seconds
48.411: [GC [PSYoungGen: 14057K->1165K(15360K)] 35857K->22964K(49664K), 0.0006720 secs] [Times: user=0.01 sys=0.00, real=0.00 secs] 
48.411: Total time for which application threads were stopped: 0.0522930 seconds, Stopping threads took: 0.0515410 seconds
48.488: Application time: 0.0771750 seconds
48.549: [GC [PSYoungGen: 14464K->1556K(15360K)] 36264K->23355K(49664K), 0.0011380 secs] [Times: user=0.00 sys=0.00, real=0.00 secs] 
48.550: Total time for which application threads were stopped: 0.0619920 seconds, Stopping threads took: 0.0607770 seconds
48.628: Application time: 0.0779590 seconds
48.689: [GC [PSYoungGen: 14757K->758K(15360K)] 36556K->22566K(49664K), 0.0008230 secs] [Times: user=0.01 sys=0.00, real=0.00 secs] 
48.690: Total time for which application threads were stopped: 0.0615140 seconds, Stopping threads took: 0.0606170 seconds
48.770: Application time: 0.0800970 seconds
48.825: [GC [PSYoungGen: 13862K->986K(15360K)] 35669K->22801K(49664K), 0.0005340 secs] [Times: user=0.00 sys=0.00, real=0.00 secs] 
48.825: Total time for which application threads were stopped: 0.0552330 seconds, Stopping threads took: 0.0546320 seconds
48.903: Application time: 0.0774280 seconds
48.956: [GC [PSYoungGen: 14168K->1133K(15360K)] 35983K->22948K(49664K), 0.0007950 secs] [Times: user=0.01 sys=0.00, real=0.00 secs] 
48.957: Total time for which application threads were stopped: 0.0544190 seconds, Stopping threads took: 0.0535330 seconds
49.033: Application time: 0.0758380 seconds
49.094: [GC [PSYoungGen: 14393K->1344K(15360K)] 36208K->23168K(49664K), 0.0006670 secs] [Times: user=0.01 sys=0.00, real=0.00 secs] 
49.094: Total time for which application threads were stopped: 0.0614690 seconds, Stopping threads took: 0.0607020 seconds
49.172: Application time: 0.0771660 seconds
49.222: [GC [PSYoungGen: 14604K->1556K(15360K)] 36428K->23379K(49664K), 0.0007420 secs] [Times: user=0.01 sys=0.00, real=0.00 secs] 
49.223: Total time for which application threads were stopped: 0.0515910 seconds, Stopping threads took: 0.0507780 seconds
49.300: Application time: 0.0769300 seconds
49.369: [GC [PSYoungGen: 14757K->774K(15360K)] 36580K->22598K(49664K), 0.0005760 secs] [Times: user=0.00 sys=0.00, real=0.00 secs] 
49.369: Total time for which application threads were stopped: 0.0690730 seconds, Stopping threads took: 0.0684240 seconds
49.449: Application time: 0.0796850 seconds
49.506: [GC [PSYoungGen: 14073K->1149K(15360K)] 35897K->22988K(49664K), 0.0006200 secs] [Times: user=0.01 sys=0.00, real=0.00 secs] 
49.507: Total time for which application threads were stopped: 0.0580540 seconds, Stopping threads took: 0.0573520 seconds
49.584: Application time: 0.0771440 seconds
49.648: [GC [PSYoungGen: 14428K->320K(15360K)] 36268K->22159K(49664K), 0.0005000 secs] [Times: user=0.01 sys=0.00, real=0.00 secs] 
49.649: Total time for which application threads were stopped: 0.0649500 seconds, Stopping threads took: 0.0643710 seconds
49.725: Application time: 0.0760670 seconds
49.758: [GC [PSYoungGen: 13599K->1783K(15360K)] 35439K->23638K(49664K), 0.0008740 secs] [Times: user=0.01 sys=0.00, real=0.00 secs] 
49.759: Total time for which application threads were stopped: 0.0342840 seconds, Stopping threads took: 0.0333160 seconds
49.837: Application time: 0.0772180 seconds
49.897: [GC [PSYoungGen: 14965K->1962K(15360K)] 36820K->23834K(49664K), 0.0007900 secs] [Times: user=0.00 sys=0.00, real=0.00 secs] 
49.898: Total time for which application threads were stopped: 0.0616430 seconds, Stopping threads took: 0.0607800 seconds
49.976: Application time: 0.0779560 seconds
50.034: [GC [PSYoungGen: 15163K->1117K(15360K)] 37035K->22988K(49664K), 0.0006880 secs] [Times: user=0.00 sys=0.00, real=0.00 secs] 
50.035: Total time for which application threads were stopped: 0.0589210 seconds, Stopping threads took: 0.0581570 seconds
50.112: Application time: 0.0768340 seconds
50.180: [GC [PSYoungGen: 14396K->352K(15360K)] 36268K->22239K(49664K), 0.0005410 secs] [Times: user=0.00 sys=0.00, real=0.00 secs] 
50.181: Total time for which application threads were stopped: 0.0690770 seconds, Stopping threads took: 0.0684550 seconds
50.257: Application time: 0.0756520 seconds
50.290: [GC [PSYoungGen: 13651K->1897K(15360K)] 35538K->25941K(49664K), 0.0013040 secs] [Times: user=0.01 sys=0.00, real=0.00 secs] 
50.291: Total time for which application threads were stopped: 0.0347160 seconds, Stopping threads took: 0.0333430 seconds
50.368: Application time: 0.0763870 seconds
50.434: [GC [PSYoungGen: 15137K->1880K(15360K)] 39181K->27097K(49664K), 0.0010300 secs] [Times: user=0.00 sys=0.00, real=0.01 secs] 
50.435: Total time for which application threads were stopped: 0.0676780 seconds, Stopping threads took: 0.0665710 seconds
50.510: Application time: 0.0748050 seconds
50.556: [GC [PSYoungGen: 15179K->2045K(15360K)] 40395K->29669K(49664K), 0.0014400 secs] [Times: user=0.01 sys=0.00, real=0.00 secs] 
50.557: Total time for which application threads were stopped: 0.0470350 seconds, Stopping threads took: 0.0454970 seconds
50.716: Application time: 0.1591070 seconds
50.728: [GC [PSYoungGen: 15227K->288K(15360K)] 42851K->27912K(49664K), 0.0004720 secs] [Times: user=0.00 sys=0.00, real=0.00 secs] 
50.728: Total time for which application threads were stopped: 0.0118310 seconds, Stopping threads took: 0.0112660 seconds
50.804: Application time: 0.0759180 seconds
50.838: [GC [PSYoungGen: 13489K->1751K(15360K)] 41113K->29375K(49664K), 0.0007930 secs] [Times: user=0.01 sys=0.00, real=0.00 secs] 
50.839: Total time for which application threads were stopped: 0.0346310 seconds, Stopping threads took: 0.0337660 seconds
50.915: Application time: 0.0765730 seconds
50.978: [GC [PSYoungGen: 15030K->970K(15360K)] 42654K->28602K(49664K), 0.0005440 secs] [Times: user=0.00 sys=0.00, real=0.00 secs] 
50.978: Total time for which application threads were stopped: 0.0628440 seconds, Stopping threads took: 0.0622330 seconds
51.056: Application time: 0.0779200 seconds
51.112: [GC [PSYoungGen: 14269K->1328K(15360K)] 41901K->28984K(49664K), 0.0007600 secs] [Times: user=0.01 sys=0.00, real=0.00 secs] 
51.113: Total time for which application threads were stopped: 0.0569560 seconds, Stopping threads took: 0.0561020 seconds
51.190: Application time: 0.0771740 seconds
51.251: [GC [PSYoungGen: 14608K->531K(15360K)] 42264K->28203K(49664K), 0.0005120 secs] [Times: user=0.01 sys=0.00, real=0.00 secs] 
51.251: Total time for which application threads were stopped: 0.0609260 seconds, Stopping threads took: 0.0603290 seconds
51.330: Application time: 0.0785430 seconds
51.389: [GC [PSYoungGen: 13713K->758K(15360K)] 41385K->28430K(49664K), 0.0006980 secs] [Times: user=0.00 sys=0.00, real=0.00 secs] 
51.390: Total time for which application threads were stopped: 0.0600980 seconds, Stopping threads took: 0.0593110 seconds
51.468: Application time: 0.0781810 seconds
51.530: [GC [PSYoungGen: 13940K->938K(15360K)] 41612K->28610K(49664K), 0.0005470 secs] [Times: user=0.00 sys=0.00, real=0.00 secs] 
51.531: Total time for which application threads were stopped: 0.0627860 seconds, Stopping threads took: 0.0621720 seconds
51.610: Application time: 0.0788280 seconds
51.666: [GC [PSYoungGen: 14119K->1101K(15360K)] 41791K->28789K(49664K), 0.0007220 secs] [Times: user=0.00 sys=0.00, real=0.00 secs] 
51.667: Total time for which application threads were stopped: 0.0572440 seconds, Stopping threads took: 0.0564520 seconds
51.744: Application time: 0.0769100 seconds
51.793: [GC [PSYoungGen: 14283K->1360K(15360K)] 41971K->29056K(49664K), 0.0006280 secs] [Times: user=0.00 sys=0.00, real=0.00 secs] 
51.793: Total time for which application threads were stopped: 0.0495870 seconds, Stopping threads took: 0.0488770 seconds
51.871: Application time: 0.0779680 seconds
51.924: [GC [PSYoungGen: 14542K->1555K(15360K)] 42238K->29260K(49664K), 0.0006680 secs] [Times: user=0.01 sys=0.00, real=0.00 secs] 
51.925: Total time for which application threads were stopped: 0.0532490 seconds, Stopping threads took: 0.0525090 seconds
52.001: Application time: 0.0764530 seconds
52.066: [GC [PSYoungGen: 14757K->774K(15360K)] 42461K->28478K(49664K), 0.0005540 secs] [Times: user=0.01 sys=0.00, real=0.00 secs] 
52.066: Total time for which application threads were stopped: 0.0649630 seconds, Stopping threads took: 0.0643150 seconds
52.145: Application time: 0.0793390 seconds
52.205: [GC [PSYoungGen: 14073K->1149K(15360K)] 41777K->28869K(49664K), 0.0009020 secs] [Times: user=0.00 sys=0.00, real=0.00 secs] 
52.206: Total time for which application threads were stopped: 0.0604540 seconds, Stopping threads took: 0.0594570 seconds
52.282: Application time: 0.0758860 seconds
52.342: [GC [PSYoungGen: 14428K->1442K(15360K)] 42149K->29162K(49664K), 0.0007070 secs] [Times: user=0.01 sys=0.00, real=0.00 secs] 
52.343: Total time for which application threads were stopped: 0.0610980 seconds, Stopping threads took: 0.0602960 seconds
52.422: Application time: 0.0786690 seconds
52.469: [GC [PSYoungGen: 14722K->1767K(15360K)] 42442K->29495K(49664K), 0.0008110 secs] [Times: user=0.00 sys=0.00, real=0.00 secs] 
52.470: Total time for which application threads were stopped: 0.0484510 seconds, Stopping threads took: 0.0475420 seconds
52.547: Application time: 0.0772490 seconds
52.606: [GC [PSYoungGen: 14851K->1848K(15360K)] 42579K->29585K(49664K), 0.0008890 secs] [Times: user=0.00 sys=0.00, real=0.00 secs] 
52.607: Total time for which application threads were stopped: 0.0597390 seconds, Stopping threads took: 0.0587560 seconds
52.685: Application time: 0.0783970 seconds
52.751: [GC [PSYoungGen: 15148K->1165K(15360K)] 42884K->28909K(49664K), 0.0006670 secs] [Times: user=0.00 sys=0.01, real=0.00 secs] 
52.753: Total time for which application threads were stopped: 0.0672840 seconds, Stopping threads took: 0.0656540 seconds
52.829: Application time: 0.0759980 seconds
52.893: [GC [PSYoungGen: 14444K->320K(15360K)] 42189K->28064K(49664K), 0.0005180 secs] [Times: user=0.00 sys=0.00, real=0.00 secs] 
52.894: Total time for which application threads were stopped: 0.0648260 seconds, Stopping threads took: 0.0642160 seconds
52.969: Application time: 0.0757640 seconds
53.003: [GC [PSYoungGen: 13482K->1540K(15360K)] 41226K->29292K(49664K), 0.0008270 secs] [Times: user=0.01 sys=0.00, real=0.00 secs] 
53.004: Total time for which application threads were stopped: 0.0348710 seconds, Stopping threads took: 0.0339630 seconds
53.081: Application time: 0.0764290 seconds
53.147: [GC [PSYoungGen: 14819K->774K(15360K)] 42571K->28526K(49664K), 0.0005040 secs] [Times: user=0.00 sys=0.00, real=0.00 secs] 
53.147: Total time for which application threads were stopped: 0.0665700 seconds, Stopping threads took: 0.0659940 seconds
53.226: Application time: 0.0786990 seconds
53.285: [GC [PSYoungGen: 14073K->1149K(15360K)] 41825K->28917K(49664K), 0.0008570 secs] [Times: user=0.01 sys=0.01, real=0.00 secs] 
53.286: Total time for which application threads were stopped: 0.0603200 seconds, Stopping threads took: 0.0593770 seconds
53.363: Application time: 0.0767450 seconds
53.422: [GC [PSYoungGen: 14331K->1360K(15360K)] 42099K->29144K(49664K), 0.0007350 secs] [Times: user=0.00 sys=0.00, real=0.00 secs] 
53.423: Total time for which application threads were stopped: 0.0601740 seconds, Stopping threads took: 0.0593470 seconds
53.502: Application time: 0.0789280 seconds
53.553: [GC [PSYoungGen: 14659K->1815K(15360K)] 42443K->29615K(49664K), 0.0008100 secs] [Times: user=0.01 sys=0.00, real=0.00 secs] 
53.554: Total time for which application threads were stopped: 0.0521980 seconds, Stopping threads took: 0.0513060 seconds
53.633: Application time: 0.0787190 seconds
53.685: [GC [PSYoungGen: 15075K->1946K(15360K)] 42875K->29762K(49664K), 0.0009880 secs] [Times: user=0.01 sys=0.00, real=0.00 secs] 
53.686: Total time for which application threads were stopped: 0.0534260 seconds, Stopping threads took: 0.0523390 seconds
53.762: Application time: 0.0760380 seconds
53.832: [GC [PSYoungGen: 15148K->1149K(15360K)] 42964K->28981K(49664K), 0.0006090 secs] [Times: user=0.00 sys=0.00, real=0.00 secs] 
53.833: Total time for which application threads were stopped: 0.0702490 seconds, Stopping threads took: 0.0695710 seconds
53.911: Application time: 0.0779220 seconds
53.974: [GC [PSYoungGen: 14350K->400K(15360K)] 42182K->28248K(49664K), 0.0007710 secs] [Times: user=0.00 sys=0.00, real=0.00 secs] 
53.975: Total time for which application threads were stopped: 0.0639720 seconds, Stopping threads took: 0.0630950 seconds
54.050: Application time: 0.0758380 seconds
54.105: [GC [PSYoungGen: 13679K->1751K(15360K)] 41527K->29599K(49664K), 0.0007750 secs] [Times: user=0.00 sys=0.00, real=0.00 secs] 
54.106: Total time for which application threads were stopped: 0.0558020 seconds, Stopping threads took: 0.0549520 seconds
54.183: Application time: 0.0766370 seconds
54.243: [GC [PSYoungGen: 14757K->1849K(15360K)] 42605K->29697K(49664K), 0.0008310 secs] [Times: user=0.00 sys=0.00, real=0.00 secs] 
54.243: Total time for which application threads were stopped: 0.0605440 seconds, Stopping threads took: 0.0596280 seconds
54.320: Application time: 0.0769250 seconds
54.376: [GC [PSYoungGen: 15108K->1865K(15360K)] 42957K->29916K(49664K), 0.0009080 secs] [Times: user=0.01 sys=0.00, real=0.00 secs] 
54.377: Total time for which application threads were stopped: 0.0568650 seconds, Stopping threads took: 0.0558680 seconds
54.455: Application time: 0.0781870 seconds
54.518: [GC [PSYoungGen: 15046K->1149K(15360K)] 43098K->29232K(49664K), 0.0008380 secs] [Times: user=0.01 sys=0.00, real=0.00 secs] 
54.518: Total time for which application threads were stopped: 0.0630460 seconds, Stopping threads took: 0.0621150 seconds
54.595: Application time: 0.0769460 seconds
54.656: [GC [PSYoungGen: 14448K->1572K(15360K)] 42531K->29663K(49664K), 0.0009480 secs] [Times: user=0.00 sys=0.00, real=0.00 secs] 
54.657: Total time for which application threads were stopped: 0.0619290 seconds, Stopping threads took: 0.0608850 seconds
54.734: Application time: 0.0764050 seconds
54.789: [GC [PSYoungGen: 14558K->1556K(15360K)] 42650K->29647K(49664K), 0.0009740 secs] [Times: user=0.00 sys=0.00, real=0.00 secs] 
54.790: Total time for which application threads were stopped: 0.0565000 seconds, Stopping threads took: 0.0554520 seconds
54.869: Application time: 0.0784190 seconds
54.930: [GC [PSYoungGen: 14835K->1897K(15360K)] 42926K->30004K(49664K), 0.0007750 secs] [Times: user=0.01 sys=0.00, real=0.00 secs] 
54.931: Total time for which application threads were stopped: 0.0619730 seconds, Stopping threads took: 0.0611250 seconds
55.007: Application time: 0.0766970 seconds
55.054: [GC [PSYoungGen: 15176K->1978K(15360K)] 43283K->30289K(49664K), 0.0008710 secs] [Times: user=0.01 sys=0.00, real=0.01 secs] 
55.055: Total time for which application threads were stopped: 0.0479720 seconds, Stopping threads took: 0.0470190 seconds
55.135: Application time: 0.0799790 seconds
55.194: [GC [PSYoungGen: 15258K->1376K(15360K)] 43569K->29695K(49664K), 0.0007050 secs] [Times: user=0.00 sys=0.00, real=0.00 secs] 
55.195: Total time for which application threads were stopped: 0.0596700 seconds, Stopping threads took: 0.0588980 seconds
55.272: Application time: 0.0769240 seconds
55.329: [GC [PSYoungGen: 14656K->547K(15360K)] 42974K->28866K(49664K), 0.0005340 secs] [Times: user=0.01 sys=0.00, real=0.00 secs] 
55.330: Total time for which application threads were stopped: 0.0577370 seconds, Stopping threads took: 0.0571310 seconds
55.407: Application time: 0.0771240 seconds
55.469: [GC [PSYoungGen: 13846K->937K(15360K)] 42165K->29272K(49664K), 0.0005870 secs] [Times: user=0.00 sys=0.00, real=0.00 secs] 
55.469: Total time for which application threads were stopped: 0.0625060 seconds, Stopping threads took: 0.0618430 seconds
55.547: Application time: 0.0779760 seconds
55.606: [GC [PSYoungGen: 14119K->1133K(15360K)] 42454K->29468K(49664K), 0.0006830 secs] [Times: user=0.00 sys=0.00, real=0.00 secs] 
55.607: Total time for which application threads were stopped: 0.0593300 seconds, Stopping threads took: 0.0585400 seconds
55.683: Application time: 0.0760300 seconds
55.745: [GC [PSYoungGen: 14334K->352K(15360K)] 42669K->28702K(49664K), 0.0005040 secs] [Times: user=0.00 sys=0.00, real=0.00 secs] 
55.745: Total time for which application threads were stopped: 0.0627970 seconds, Stopping threads took: 0.0622030 seconds
55.821: Application time: 0.0755800 seconds
55.865: [GC [PSYoungGen: 13631K->1865K(15360K)] 41982K->31192K(49664K), 0.0011600 secs] [Times: user=0.00 sys=0.00, real=0.00 secs] 
55.866: Total time for which application threads were stopped: 0.0449580 seconds, Stopping threads took: 0.0437230 seconds
55.942: Application time: 0.0760000 seconds
56.012: [GC [PSYoungGen: 14949K->774K(15360K)] 44276K->30102K(49664K), 0.0004940 secs] [Times: user=0.01 sys=0.00, real=0.00 secs] 
56.013: Total time for which application threads were stopped: 0.0707230 seconds, Stopping threads took: 0.0701560 seconds
56.090: Application time: 0.0775620 seconds
56.152: [GC [PSYoungGen: 13761K->758K(15360K)] 43088K->30094K(49664K), 0.0005690 secs] [Times: user=0.00 sys=0.00, real=0.00 secs] 
56.152: Total time for which application threads were stopped: 0.0622130 seconds, Stopping threads took: 0.0615630 seconds
56.231: Application time: 0.0783700 seconds
56.283: [GC [PSYoungGen: 13745K->774K(15360K)] 43080K->30110K(49664K), 0.0006850 secs] [Times: user=0.00 sys=0.00, real=0.00 secs] 
56.284: Total time for which application threads were stopped: 0.0533230 seconds, Stopping threads took: 0.0525690 seconds
56.363: Application time: 0.0786760 seconds
56.422: [GC [PSYoungGen: 14073K->1133K(15360K)] 43409K->30484K(49664K), 0.0006560 secs] [Times: user=0.00 sys=0.00, real=0.00 secs] 
56.422: Total time for which application threads were stopped: 0.0595230 seconds, Stopping threads took: 0.0587840 seconds
56.500: Application time: 0.0774090 seconds
56.553: [GC [PSYoungGen: 14412K->1442K(15360K)] 43764K->30809K(49664K), 0.0007070 secs] [Times: user=0.00 sys=0.00, real=0.00 secs] 
56.553: Total time for which application threads were stopped: 0.0537060 seconds, Stopping threads took: 0.0529250 seconds
56.630: Application time: 0.0762630 seconds
56.692: [GC [PSYoungGen: 14622K->579K(15360K)] 43989K->29946K(49664K), 0.0004730 secs] [Times: user=0.01 sys=0.00, real=0.00 secs] 
56.692: Total time for which application threads were stopped: 0.0626610 seconds, Stopping threads took: 0.0621070 seconds
56.769: Application time: 0.0761620 seconds
56.823: [GC [PSYoungGen: 13761K->742K(15360K)] 43128K->30126K(49664K), 0.0004980 secs] [Times: user=0.00 sys=0.00, real=0.00 secs] 
56.824: Total time for which application threads were stopped: 0.0553440 seconds, Stopping threads took: 0.0547800 seconds
56.902: Application time: 0.0782730 seconds
56.962: [GC [PSYoungGen: 13729K->790K(15360K)] 43112K->30190K(49664K), 0.0005520 secs] [Times: user=0.01 sys=0.00, real=0.00 secs] 
56.962: Total time for which application threads were stopped: 0.0600070 seconds, Stopping threads took: 0.0593870 seconds
57.041: Application time: 0.0792070 seconds
57.093: [GC [PSYoungGen: 14089K->1181K(15360K)] 43489K->30596K(49664K), 0.0007080 secs] [Times: user=0.00 sys=0.00, real=0.00 secs] 
57.093: Total time for which application threads were stopped: 0.0520050 seconds, Stopping threads took: 0.0512240 seconds
57.171: Application time: 0.0771180 seconds
57.229: [GC [PSYoungGen: 14480K->1555K(15360K)] 43895K->30987K(49664K), 0.0007070 secs] [Times: user=0.00 sys=0.00, real=0.00 secs] 
57.230: Total time for which application threads were stopped: 0.0596410 seconds, Stopping threads took: 0.0588550 seconds
57.310: Application time: 0.0799830 seconds
57.364: [GC [PSYoungGen: 14835K->1849K(15360K)] 44266K->31288K(49664K), 0.0008310 secs] [Times: user=0.01 sys=0.00, real=0.00 secs] 
57.365: Total time for which application threads were stopped: 0.0544520 seconds, Stopping threads took: 0.0535460 seconds
57.442: Application time: 0.0772260 seconds
57.505: [GC [PSYoungGen: 15148K->1181K(15360K)] 44587K->30620K(49664K), 0.0007770 secs] [Times: user=0.00 sys=0.00, real=0.00 secs] 
57.506: Total time for which application threads were stopped: 0.0644060 seconds, Stopping threads took: 0.0635540 seconds
57.583: Application time: 0.0769350 seconds
57.643: [GC [PSYoungGen: 14487K->1426K(15360K)] 43926K->30881K(49664K), 0.0008270 secs] [Times: user=0.01 sys=0.00, real=0.00 secs] 
57.644: Total time for which application threads were stopped: 0.0604280 seconds, Stopping threads took: 0.0595080 seconds
57.720: Application time: 0.0764040 seconds
57.769: [GC [PSYoungGen: 14660K->1669K(15360K)] 44115K->31124K(49664K), 0.0009600 secs] [Times: user=0.01 sys=0.00, real=0.00 secs] 
57.772: Total time for which application threads were stopped: 0.0516170 seconds, Stopping threads took: 0.0486030 seconds
57.850: Application time: 0.0778920 seconds
57.898: [GC [PSYoungGen: 14636K->1572K(15360K)] 44092K->31035K(49664K), 0.0008390 secs] [Times: user=0.00 sys=0.00, real=0.00 secs] 
57.899: Total time for which application threads were stopped: 0.0493700 seconds, Stopping threads took: 0.0484350 seconds
57.976: Application time: 0.0773810 seconds
58.037: [GC [PSYoungGen: 14870K->1930K(15360K)] 44334K->31409K(49664K), 0.0008440 secs] [Times: user=0.00 sys=0.01, real=0.00 secs] 
58.038: Total time for which application threads were stopped: 0.0612620 seconds, Stopping threads took: 0.0603510 seconds
58.114: Application time: 0.0760810 seconds
58.166: [GC [PSYoungGen: 15131K->1897K(15360K)] 44611K->31782K(49664K), 0.0009820 secs] [Times: user=0.00 sys=0.00, real=0.00 secs] 
58.167: Total time for which application threads were stopped: 0.0531640 seconds, Stopping threads took: 0.0521080 seconds
58.244: Application time: 0.0769000 seconds
58.312: [GC [PSYoungGen: 15176K->400K(15360K)] 45062K->30293K(49664K), 0.0004800 secs] [Times: user=0.00 sys=0.00, real=0.00 secs] 
58.313: Total time for which application threads were stopped: 0.0692180 seconds, Stopping threads took: 0.0686610 seconds
58.389: Application time: 0.0760410 seconds
58.453: [GC [PSYoungGen: 13581K->595K(15360K)] 43475K->30489K(49664K), 0.0006430 secs] [Times: user=0.00 sys=0.00, real=0.00 secs] 
58.454: Total time for which application threads were stopped: 0.0645270 seconds, Stopping threads took: 0.0637920 seconds
58.530: Application time: 0.0765020 seconds
58.564: [GC [PSYoungGen: 13894K->1994K(15360K)] 43788K->33068K(49664K), 0.0012210 secs] [Times: user=0.01 sys=0.00, real=0.00 secs] 
58.565: Total time for which application threads were stopped: 0.0349540 seconds, Stopping threads took: 0.0336400 seconds
58.643: Application time: 0.0776440 seconds
58.705: [GC [PSYoungGen: 15059K->2012K(15360K)] 46133K->33094K(49664K), 0.0007980 secs] [Times: user=0.01 sys=0.00, real=0.00 secs] 
58.706: Total time for which application threads were stopped: 0.0635780 seconds, Stopping threads took: 0.0627070 seconds
58.785: Application time: 0.0785490 seconds
58.849: [GC [PSYoungGen: 15311K->1360K(15360K)] 46393K->32458K(49664K), 0.0007160 secs] [Times: user=0.00 sys=0.00, real=0.00 secs] 
58.850: Total time for which application threads were stopped: 0.0648690 seconds, Stopping threads took: 0.0640780 seconds
58.928: Application time: 0.0781110 seconds
58.990: [GC [PSYoungGen: 14562K->579K(15360K)] 45660K->31693K(49664K), 0.0006590 secs] [Times: user=0.00 sys=0.00, real=0.00 secs] 
58.991: Total time for which application threads were stopped: 0.0632680 seconds, Stopping threads took: 0.0625140 seconds
59.070: Application time: 0.0785800 seconds
59.132: [GC [PSYoungGen: 13761K->726K(15360K)] 44875K->31840K(49664K), 0.0006210 secs] [Times: user=0.00 sys=0.00, real=0.00 secs] 
59.133: Total time for which application threads were stopped: 0.0629530 seconds, Stopping threads took: 0.0622450 seconds
59.212: Application time: 0.0794730 seconds
59.270: [GC [PSYoungGen: 13713K->758K(15360K)] 44827K->31872K(49664K), 0.0005660 secs] [Times: user=0.00 sys=0.00, real=0.00 secs] 
59.271: Total time for which application threads were stopped: 0.0586310 seconds, Stopping threads took: 0.0579880 seconds
59.348: Application time: 0.0774760 seconds
59.401: [GC [PSYoungGen: 13823K->790K(15360K)] 44937K->31920K(49664K), 0.0005220 secs] [Times: user=0.01 sys=0.00, real=0.00 secs] 
59.401: Total time for which application threads were stopped: 0.0532250 seconds, Stopping threads took: 0.0526250 seconds
59.481: Application time: 0.0792440 seconds
59.540: [GC [PSYoungGen: 14089K->1101K(15360K)] 45219K->32231K(49664K), 0.0006500 secs] [Times: user=0.00 sys=0.00, real=0.00 secs] 
59.541: Total time for which application threads were stopped: 0.0602710 seconds, Stopping threads took: 0.0595510 seconds
59.618: Application time: 0.0771950 seconds
59.678: [GC [PSYoungGen: 14381K->336K(15360K)] 45510K->31489K(49664K), 0.0005800 secs] [Times: user=0.00 sys=0.00, real=0.00 secs] 
59.678: Total time for which application threads were stopped: 0.0600890 seconds, Stopping threads took: 0.0594270 seconds
59.754: Application time: 0.0760460 seconds
59.787: [GC [PSYoungGen: 13517K->1994K(15360K)] 44671K->33945K(49664K), 0.0010360 secs] [Times: user=0.00 sys=0.00, real=0.01 secs] 
59.788: Total time for which application threads were stopped: 0.0338080 seconds, Stopping threads took: 0.0327040 seconds
59.865: Application time: 0.0770880 seconds
59.934: [GC [PSYoungGen: 15098K->742K(15360K)] 47049K->32701K(49664K), 0.0006660 secs] [Times: user=0.01 sys=0.00, real=0.00 secs] 
59.935: Total time for which application threads were stopped: 0.0699830 seconds, Stopping threads took: 0.0692130 seconds
60.014: Application time: 0.0792540 seconds
60.069: [GC [PSYoungGen: 13924K->969K(15360K)] 45883K->32929K(49664K), 0.0006120 secs] [Times: user=0.00 sys=0.00, real=0.00 secs] 
60.070: Total time for which application threads were stopped: 0.0554870 seconds, Stopping threads took: 0.0548090 seconds
60.147: Application time: 0.0774750 seconds
60.206: [GC [PSYoungGen: 14268K->1312K(15360K)] 46228K->33271K(49664K), 0.0006690 secs] [Times: user=0.00 sys=0.00, real=0.00 secs] 
60.207: Total time for which application threads were stopped: 0.0591900 seconds, Stopping threads took: 0.0584520 seconds
60.285: Application time: 0.0789010 seconds
60.345: [GC [PSYoungGen: 14513K->579K(15360K)] 46473K->32546K(49664K), 0.0004910 secs] [Times: user=0.00 sys=0.00, real=0.00 secs] 
60.345: Total time for which application threads were stopped: 0.0596580 seconds, Stopping threads took: 0.0590940 seconds
60.424: Application time: 0.0784560 seconds
60.485: [GC [PSYoungGen: 13839K->774K(15360K)] 45806K->32765K(49664K), 0.0005640 secs] [Times: user=0.00 sys=0.00, real=0.00 secs] 
60.485: Total time for which application threads were stopped: 0.0615550 seconds, Stopping threads took: 0.0609140 seconds
60.563: Application time: 0.0782160 seconds
60.614: [GC [PSYoungGen: 13956K->986K(15360K)] 45947K->32977K(49664K), 0.0005790 secs] [Times: user=0.00 sys=0.00, real=0.00 secs] 
60.615: Total time for which application threads were stopped: 0.0515730 seconds, Stopping threads took: 0.0509280 seconds
60.692: Application time: 0.0770070 seconds
60.753: [GC [PSYoungGen: 14285K->1344K(15360K)] 46276K->33351K(49664K), 0.0006460 secs] [Times: user=0.01 sys=0.00, real=0.00 secs] 
60.754: Total time for which application threads were stopped: 0.0618780 seconds, Stopping threads took: 0.0611590 seconds
60.831: Application time: 0.0772550 seconds
60.882: [GC [PSYoungGen: 14585K->1490K(15360K)] 46592K->33497K(49664K), 0.0007740 secs] [Times: user=0.01 sys=0.00, real=0.00 secs] 
60.883: Total time for which application threads were stopped: 0.0519840 seconds, Stopping threads took: 0.0511350 seconds
60.960: Application time: 0.0770480 seconds
61.030: [GC [PSYoungGen: 14672K->563K(15360K)] 46679K->32570K(49664K), 0.0005230 secs] [Times: user=0.00 sys=0.00, real=0.00 secs] 
61.030: Total time for which application threads were stopped: 0.0703150 seconds, Stopping threads took: 0.0697110 seconds
61.114: Application time: 0.0833520 seconds
61.150: [GC [PSYoungGen: 13862K->1962K(15360K)] 45869K->35149K(49664K), 0.0010420 secs] [Times: user=0.00 sys=0.00, real=0.00 secs] 
61.152: Total time for which application threads were stopped: 0.0377910 seconds, Stopping threads took: 0.0366720 seconds
61.234: Application time: 0.0822450 seconds
61.311: [GC [PSYoungGen: 15261K->1344K(15360K)] 48448K->34539K(49664K), 0.0009720 secs] [Times: user=0.00 sys=0.00, real=0.00 secs] 
61.312: Total time for which application threads were stopped: 0.0780570 seconds, Stopping threads took: 0.0769850 seconds
61.396: Application time: 0.0838630 seconds
61.460: [GC [PSYoungGen: 14643K->1735K(15360K)] 47838K->34946K(49664K), 0.0012200 secs] [Times: user=0.00 sys=0.01, real=0.00 secs] 
61.461: Total time for which application threads were stopped: 0.0653320 seconds, Stopping threads took: 0.0640130 seconds
61.543: Application time: 0.0820640 seconds
61.618: [GC [PSYoungGen: 14936K->970K(15360K)] 48147K->34181K(49664K), 0.0007430 secs] [Times: user=0.00 sys=0.00, real=0.00 secs] 
61.619: Total time for which application threads were stopped: 0.0754450 seconds, Stopping threads took: 0.0745940 seconds
61.703: Application time: 0.0847790 seconds
61.767: [GC [PSYoungGen: 14230K->1101K(15360K)] 47441K->34328K(49664K), 0.0008200 secs] [Times: user=0.00 sys=0.00, real=0.01 secs] 
61.768: Total time for which application threads were stopped: 0.0647470 seconds, Stopping threads took: 0.0638400 seconds
61.851: Application time: 0.0824900 seconds
61.920: [GC [PSYoungGen: 14380K->352K(15360K)] 47607K->33595K(49664K), 0.0005450 secs] [Times: user=0.01 sys=0.00, real=0.00 secs] 
61.920: Total time for which application threads were stopped: 0.0697760 seconds, Stopping threads took: 0.0691580 seconds
62.002: Application time: 0.0819310 seconds
62.061: [GC [PSYoungGen: 13651K->758K(15360K)] 46894K->34001K(49664K), 0.0006630 secs] [Times: user=0.00 sys=0.00, real=0.00 secs] 
62.061: Total time for which application threads were stopped: 0.0589970 seconds, Stopping threads took: 0.0582560 seconds
62.146: Application time: 0.0849320 seconds
62.211: [GC [PSYoungGen: 13940K->970K(15360K)] 47183K->34229K(49664K), 0.0007040 secs] [Times: user=0.00 sys=0.00, real=0.00 secs] 
62.212: Total time for which application threads were stopped: 0.0657820 seconds, Stopping threads took: 0.0649880 seconds
62.298: Application time: 0.0855830 seconds
62.354: [GC [PSYoungGen: 14151K->1181K(15360K)] 47411K->34440K(49664K), 0.0006170 secs] [Times: user=0.01 sys=0.00, real=0.00 secs] 
62.354: Total time for which application threads were stopped: 0.0567850 seconds, Stopping threads took: 0.0560970 seconds
62.437: Application time: 0.0827260 seconds
62.503: [GC [PSYoungGen: 14363K->1360K(15360K)] 47622K->34619K(49664K), 0.0006520 secs] [Times: user=0.00 sys=0.00, real=0.00 secs] 
62.504: Total time for which application threads were stopped: 0.0663870 seconds, Stopping threads took: 0.0656670 seconds
62.587: Application time: 0.0834820 seconds
62.652: [GC [PSYoungGen: 14542K->1555K(15360K)] 47801K->34823K(49664K), 0.0008990 secs] [Times: user=0.00 sys=0.00, real=0.00 secs] 
62.653: Total time for which application threads were stopped: 0.0656590 seconds, Stopping threads took: 0.0646900 seconds
62.735: Application time: 0.0828160 seconds
62.801: [GC [PSYoungGen: 14737K->1799K(15360K)] 48005K->35082K(49664K), 0.0009520 secs] [Times: user=0.00 sys=0.00, real=0.00 secs] 
62.802: Total time for which application threads were stopped: 0.0666050 seconds, Stopping threads took: 0.0655540 seconds
62.887: Application time: 0.0845490 seconds
62.962: [GC [PSYoungGen: 15078K->970K(15360K)] 48361K->34253K(49664K), 0.0007300 secs] [Times: user=0.00 sys=0.00, real=0.00 secs] 
62.962: Total time for which application threads were stopped: 0.0758460 seconds, Stopping threads took: 0.0750290 seconds
63.046: Application time: 0.0839570 seconds
63.100: [GC [PSYoungGen: 14151K->1149K(15360K)] 47434K->34440K(49664K), 0.0006660 secs] [Times: user=0.00 sys=0.00, real=0.00 secs] 
63.100: Total time for which application threads were stopped: 0.0539170 seconds, Stopping threads took: 0.0531780 seconds
63.184: Application time: 0.0837400 seconds
63.249: [GC [PSYoungGen: 14350K->1490K(15360K)] 47641K->34797K(49664K), 0.0008650 secs] [Times: user=0.00 sys=0.00, real=0.00 secs] 
63.250: Total time for which application threads were stopped: 0.0656410 seconds, Stopping threads took: 0.0646990 seconds
63.333: Application time: 0.0830040 seconds
63.408: [GC [PSYoungGen: 14672K->563K(15360K)] 47979K->33870K(49664K), 0.0007730 secs] [Times: user=0.00 sys=0.00, real=0.00 secs] 
63.409: Total time for which application threads were stopped: 0.0764270 seconds, Stopping threads took: 0.0755700 seconds
63.493: Application time: 0.0840880 seconds
63.559: [GC [PSYoungGen: 13745K->742K(15360K)] 47052K->34049K(49664K), 0.0005450 secs] [Times: user=0.01 sys=0.00, real=0.00 secs] 
63.559: Total time for which application threads were stopped: 0.0660000 seconds, Stopping threads took: 0.0653860 seconds
63.643: Application time: 0.0838460 seconds
63.707: [GC [PSYoungGen: 14041K->1165K(15360K)] 47348K->34472K(49664K), 0.0008280 secs] [Times: user=0.00 sys=0.00, real=0.00 secs] 
63.708: Total time for which application threads were stopped: 0.0650160 seconds, Stopping threads took: 0.0641100 seconds
63.792: Application time: 0.0835480 seconds
63.844: [GC [PSYoungGen: 14464K->1572K(15360K)] 47771K->34879K(49664K), 0.0007530 secs] [Times: user=0.00 sys=0.00, real=0.00 secs] 
63.845: Total time for which application threads were stopped: 0.0533900 seconds, Stopping threads took: 0.0525440 seconds
63.928: Application time: 0.0827230 seconds
63.992: [GC [PSYoungGen: 14870K->1930K(15360K)] 48178K->35253K(49664K), 0.0009090 secs] [Times: user=0.00 sys=0.00, real=0.00 secs] 
63.993: Total time for which application threads were stopped: 0.0655190 seconds, Stopping threads took: 0.0645310 seconds
64.077: Application time: 0.0834240 seconds
64.146: [GC [PSYoungGen: 15092K->986K(15360K)] 48416K->34317K(49664K), 0.0006220 secs] [Times: user=0.00 sys=0.00, real=0.00 secs] 
64.147: Total time for which application threads were stopped: 0.0703440 seconds, Stopping threads took: 0.0696260 seconds
64.231: Application time: 0.0838680 seconds
64.295: [GC [PSYoungGen: 14167K->1149K(15360K)] 47499K->34480K(49664K), 0.0008350 secs] [Times: user=0.00 sys=0.00, real=0.00 secs] 
64.296: Total time for which application threads were stopped: 0.0653090 seconds, Stopping threads took: 0.0643990 seconds
64.380: Application time: 0.0833540 seconds
64.448: [GC [PSYoungGen: 14428K->320K(15360K)] 47759K->33667K(49664K), 0.0006010 secs] [Times: user=0.00 sys=0.00, real=0.00 secs] 
64.449: Total time for which application threads were stopped: 0.0690440 seconds, Stopping threads took: 0.0683460 seconds
64.532: Application time: 0.0828480 seconds
64.568: [GC-- [PSYoungGen: 13619K->13619K(15360K)] 46966K->48756K(50688K), 0.0013700 secs] [Times: user=0.01 sys=0.01, real=0.00 secs] 
64.570: [Full GC [PSYoungGen: 13619K->0K(15360K)] [ParOldGen: 35137K->4900K(35328K)] 48756K->4900K(50688K) [PSPermGen: 5115K->5112K(21504K)], 0.0080390 secs] [Times: user=0.03 sys=0.00, real=0.01 secs] 
64.578: Total time for which application threads were stopped: 0.0463510 seconds, Stopping threads took: 0.0368080 seconds
64.661: Application time: 0.0831330 seconds
64.738: [GC [PSYoungGen: 13064K->1720K(15360K)] 17964K->6621K(50688K), 0.0007820 secs] [Times: user=0.00 sys=0.00, real=0.00 secs] 
64.739: Total time for which application threads were stopped: 0.0781520 seconds, Stopping threads took: 0.0772900 seconds
64.824: Application time: 0.0851280 seconds
64.892: [GC [PSYoungGen: 15030K->1037K(15360K)] 19930K->5937K(50688K), 0.0006320 secs] [Times: user=0.00 sys=0.00, real=0.00 secs] 
64.893: Total time for which application threads were stopped: 0.0685080 seconds, Stopping threads took: 0.0677990 seconds
64.976: Application time: 0.0827390 seconds
65.027: [GC [PSYoungGen: 14287K->1232K(15360K)] 19187K->6132K(50688K), 0.0005870 secs] [Times: user=0.00 sys=0.00, real=0.01 secs] 
65.028: Total time for which application threads were stopped: 0.0522520 seconds, Stopping threads took: 0.0515960 seconds
65.105: Application time: 0.0773170 seconds
65.161: [GC [PSYoungGen: 14336K->1443K(15360K)] 19236K->6344K(50688K), 0.0006650 secs] [Times: user=0.00 sys=0.00, real=0.00 secs] 
65.162: Total time for which application threads were stopped: 0.0567900 seconds, Stopping threads took: 0.0560300 seconds
65.239: Application time: 0.0771490 seconds
65.302: [GC [PSYoungGen: 14645K->630K(15360K)] 19545K->5530K(50688K), 0.0005570 secs] [Times: user=0.00 sys=0.00, real=0.00 secs] 
65.303: Total time for which application threads were stopped: 0.0634110 seconds, Stopping threads took: 0.0627680 seconds
65.381: Application time: 0.0786920 seconds
65.433: [GC [PSYoungGen: 13617K->662K(15360K)] 18517K->5562K(50688K), 0.0005030 secs] [Times: user=0.01 sys=0.00, real=0.00 secs] 
65.433: Total time for which application threads were stopped: 0.0519430 seconds, Stopping threads took: 0.0513610 seconds
65.511: Application time: 0.0782260 seconds
65.570: [GC [PSYoungGen: 13649K->678K(15360K)] 18549K->5578K(50688K), 0.0004950 secs] [Times: user=0.00 sys=0.00, real=0.00 secs] 
65.571: Total time for which application threads were stopped: 0.0592570 seconds, Stopping threads took: 0.0586960 seconds
65.648: Application time: 0.0771690 seconds
65.699: [GC [PSYoungGen: 13665K->694K(15360K)] 18565K->5594K(50688K), 0.0005350 secs] [Times: user=0.00 sys=0.00, real=0.00 secs] 
65.700: Total time for which application threads were stopped: 0.0523740 seconds, Stopping threads took: 0.0507510 seconds
65.780: Application time: 0.0796310 seconds
65.838: [GC [PSYoungGen: 13993K->1133K(15360K)] 18894K->6033K(50688K), 0.0007970 secs] [Times: user=0.00 sys=0.00, real=0.00 secs] 
65.839: Total time for which application threads were stopped: 0.0590290 seconds, Stopping threads took: 0.0581430 seconds
65.917: Application time: 0.0781720 seconds
65.977: [GC [PSYoungGen: 14412K->288K(15360K)] 19313K->5188K(50688K), 0.0004470 secs] [Times: user=0.00 sys=0.00, real=0.00 secs] 
65.978: Total time for which application threads were stopped: 0.0604680 seconds, Stopping threads took: 0.0599500 seconds
66.054: Application time: 0.0762770 seconds
66.111: [GC [PSYoungGen: 13469K->483K(15360K)] 18370K->5383K(50688K), 0.0005020 secs] [Times: user=0.00 sys=0.00, real=0.00 secs] 
66.111: Total time for which application threads were stopped: 0.0575270 seconds, Stopping threads took: 0.0569320 seconds
66.190: Application time: 0.0784640 seconds
66.242: [GC [PSYoungGen: 13743K->726K(15360K)] 18643K->5627K(50688K), 0.0005690 secs] [Times: user=0.00 sys=0.00, real=0.00 secs] 
66.242: Total time for which application threads were stopped: 0.0524210 seconds, Stopping threads took: 0.0517730 seconds
66.321: Application time: 0.0792790 seconds
66.381: [GC [PSYoungGen: 14025K->1117K(15360K)] 18926K->6017K(50688K), 0.0006590 secs] [Times: user=0.01 sys=0.00, real=0.00 secs] 
66.382: Total time for which application threads were stopped: 0.0601700 seconds, Stopping threads took: 0.0594380 seconds
66.458: Application time: 0.0762610 seconds
66.519: [GC [PSYoungGen: 14416K->1572K(15360K)] 19316K->6472K(50688K), 0.0006720 secs] [Times: user=0.00 sys=0.00, real=0.00 secs] 
66.520: Total time for which application threads were stopped: 0.0620100 seconds, Stopping threads took: 0.0612720 seconds
66.598: Application time: 0.0778520 seconds
66.666: [GC [PSYoungGen: 14851K->758K(15360K)] 19751K->5658K(50688K), 0.0006270 secs] [Times: user=0.01 sys=0.00, real=0.00 secs] 
66.666: Total time for which application threads were stopped: 0.0684080 seconds, Stopping threads took: 0.0677110 seconds
66.746: Application time: 0.0794390 seconds
66.793: [GC [PSYoungGen: 13745K->742K(15360K)] 18645K->5675K(50688K), 0.0005710 secs] [Times: user=0.00 sys=0.00, real=0.00 secs] 
66.793: Total time for which application threads were stopped: 0.0474690 seconds, Stopping threads took: 0.0468010 seconds
66.872: Application time: 0.0784730 seconds
66.930: [GC [PSYoungGen: 14041K->1149K(15360K)] 18974K->6089K(50688K), 0.0006050 secs] [Times: user=0.00 sys=0.00, real=0.00 secs] 
66.931: Total time for which application threads were stopped: 0.0589500 seconds, Stopping threads took: 0.0582800 seconds
67.008: Application time: 0.0774740 seconds
67.068: [GC [PSYoungGen: 14350K->1442K(15360K)] 19290K->6398K(50688K), 0.0007030 secs] [Times: user=0.01 sys=0.00, real=0.00 secs] 
67.069: Total time for which application threads were stopped: 0.0611020 seconds, Stopping threads took: 0.0603270 seconds
67.146: Application time: 0.0769600 seconds
67.198: [GC [PSYoungGen: 14605K->1556K(15360K)] 19561K->6512K(50688K), 0.0007610 secs] [Times: user=0.01 sys=0.00, real=0.00 secs] 
67.199: Total time for which application threads were stopped: 0.0528610 seconds, Stopping threads took: 0.0520200 seconds
67.277: Application time: 0.0777890 seconds
67.337: [GC [PSYoungGen: 14757K->1833K(15360K)] 19713K->6789K(50688K), 0.0007690 secs] [Times: user=0.00 sys=0.00, real=0.00 secs] 
67.338: Total time for which application threads were stopped: 0.0608080 seconds, Stopping threads took: 0.0599590 seconds
67.415: Application time: 0.0778500 seconds
67.474: [GC [PSYoungGen: 14995K->1946K(15360K)] 19951K->6910K(50688K), 0.0009990 secs] [Times: user=0.00 sys=0.00, real=0.00 secs] 
67.475: Total time for which application threads were stopped: 0.0596710 seconds, Stopping threads took: 0.0585900 seconds
67.554: Application time: 0.0788250 seconds
67.613: [GC [PSYoungGen: 15226K->1149K(15360K)] 20190K->6129K(50688K), 0.0008160 secs] [Times: user=0.00 sys=0.00, real=0.00 secs] 
67.614: Total time for which application threads were stopped: 0.0596490 seconds, Stopping threads took: 0.0587380 seconds
67.690: Application time: 0.0761780 seconds
67.748: [GC [PSYoungGen: 14331K->1392K(15360K)] 19311K->6380K(50688K), 0.0007810 secs] [Times: user=0.00 sys=0.00, real=0.00 secs] 
67.749: Total time for which application threads were stopped: 0.0594870 seconds, Stopping threads took: 0.0586250 seconds
67.827: Application time: 0.0775160 seconds
67.883: [GC [PSYoungGen: 14574K->1572K(15360K)] 19562K->6560K(50688K), 0.0007260 secs] [Times: user=0.00 sys=0.00, real=0.00 secs] 
67.883: Total time for which application threads were stopped: 0.0566020 seconds, Stopping threads took: 0.0557970 seconds
67.959: Application time: 0.0761310 seconds
68.017: [GC [PSYoungGen: 14773K->790K(15360K)] 19761K->5786K(50688K), 0.0004950 secs] [Times: user=0.00 sys=0.00, real=0.00 secs] 
68.017: Total time for which application threads were stopped: 0.0576630 seconds, Stopping threads took: 0.0571010 seconds
68.096: Application time: 0.0793060 seconds
68.156: [GC [PSYoungGen: 14089K->1133K(15360K)] 19085K->6145K(50688K), 0.0006360 secs] [Times: user=0.00 sys=0.00, real=0.00 secs] 
68.157: Total time for which application threads were stopped: 0.0606130 seconds, Stopping threads took: 0.0599090 seconds
68.234: Application time: 0.0766130 seconds
68.286: [GC [PSYoungGen: 14413K->1458K(15360K)] 19425K->6478K(50688K), 0.0006790 secs] [Times: user=0.01 sys=0.00, real=0.00 secs] 
68.286: Total time for which application threads were stopped: 0.0527160 seconds, Stopping threads took: 0.0519490 seconds
68.365: Application time: 0.0783900 seconds
68.431: [GC [PSYoungGen: 14718K->547K(15360K)] 19738K->5567K(50688K), 0.0004310 secs] [Times: user=0.00 sys=0.00, real=0.00 secs] 
68.431: Total time for which application threads were stopped: 0.0665240 seconds, Stopping threads took: 0.0660130 seconds
68.507: Application time: 0.0760170 seconds
68.572: [GC [PSYoungGen: 13748K->1914K(15360K)] 18768K->6934K(50688K), 0.0009080 secs] [Times: user=0.01 sys=0.00, real=0.00 secs] 
68.573: Total time for which application threads were stopped: 0.0657120 seconds, Stopping threads took: 0.0647180 seconds
68.649: Application time: 0.0760460 seconds
68.697: [GC [PSYoungGen: 15116K->1962K(15360K)] 20136K->8358K(50688K), 0.0012050 secs] [Times: user=0.00 sys=0.00, real=0.00 secs] 
68.698: Total time for which application threads were stopped: 0.0492890 seconds, Stopping threads took: 0.0479880 seconds
68.776: Application time: 0.0772800 seconds
68.846: [GC [PSYoungGen: 15242K->368K(15360K)] 21637K->6771K(50688K), 0.0004800 secs] [Times: user=0.00 sys=0.00, real=0.00 secs] 
68.846: Total time for which application threads were stopped: 0.0706190 seconds, Stopping threads took: 0.0700420 seconds
68.921: Application time: 0.0750870 seconds
68.985: [GC [PSYoungGen: 13667K->758K(15360K)] 20070K->7162K(50688K), 0.0005250 secs] [Times: user=0.00 sys=0.00, real=0.00 secs] 
68.985: Total time for which application threads were stopped: 0.0638390 seconds, Stopping threads took: 0.0632210 seconds
69.063: Application time: 0.0775840 seconds
69.122: [GC [PSYoungGen: 13823K->726K(15360K)] 20227K->7130K(50688K), 0.0006310 secs] [Times: user=0.00 sys=0.00, real=0.00 secs] 
69.123: Total time for which application threads were stopped: 0.0601690 seconds, Stopping threads took: 0.0594430 seconds
69.199: Application time: 0.0762520 seconds
69.261: [GC [PSYoungGen: 13713K->742K(15360K)] 20117K->7154K(50688K), 0.0007550 secs] [Times: user=0.00 sys=0.00, real=0.00 secs] 
69.262: Total time for which application threads were stopped: 0.0627590 seconds, Stopping threads took: 0.0619150 seconds
69.339: Application time: 0.0771150 seconds
69.391: [GC [PSYoungGen: 13924K->938K(15360K)] 20336K->7349K(50688K), 0.0005940 secs] [Times: user=0.00 sys=0.00, real=0.00 secs] 
69.391: Total time for which application threads were stopped: 0.0520390 seconds, Stopping threads took: 0.0513760 seconds
69.469: Application time: 0.0775000 seconds
69.521: [GC [PSYoungGen: 14237K->1344K(15360K)] 20648K->7764K(50688K), 0.0007960 secs] [Times: user=0.01 sys=0.00, real=0.00 secs] 
69.522: Total time for which application threads were stopped: 0.0534510 seconds, Stopping threads took: 0.0525670 seconds
69.598: Application time: 0.0760120 seconds
69.660: [GC [PSYoungGen: 14448K->1540K(15360K)] 20867K->7967K(50688K), 0.0008240 secs] [Times: user=0.01 sys=0.00, real=0.00 secs] 
69.661: Total time for which application threads were stopped: 0.0628110 seconds, Stopping threads took: 0.0619210 seconds
69.738: Application time: 0.0767580 seconds
69.804: [GC [PSYoungGen: 14819K->726K(15360K)] 21247K->7162K(50688K), 0.0004930 secs] [Times: user=0.00 sys=0.00, real=0.00 secs] 
69.804: Total time for which application threads were stopped: 0.0663360 seconds, Stopping threads took: 0.0657690 seconds
69.883: Application time: 0.0793940 seconds
69.942: [GC [PSYoungGen: 14025K->1165K(15360K)] 20461K->7608K(50688K), 0.0006130 secs] [Times: user=0.00 sys=0.00, real=0.00 secs] 
69.942: Total time for which application threads were stopped: 0.0589590 seconds, Stopping threads took: 0.0582810 seconds
70.020: Application time: 0.0776640 seconds
70.071: [GC [PSYoungGen: 14475K->1344K(15360K)] 20918K->7788K(50688K), 0.0005810 secs] [Times: user=0.00 sys=0.00, real=0.00 secs] 
70.071: Total time for which application threads were stopped: 0.0510770 seconds, Stopping threads took: 0.0504210 seconds
70.147: Application time: 0.0756560 seconds
70.207: [GC [PSYoungGen: 14476K->1555K(15360K)] 20919K->7999K(50688K), 0.0007470 secs] [Times: user=0.00 sys=0.00, real=0.01 secs] 
70.208: Total time for which application threads were stopped: 0.0608060 seconds, Stopping threads took: 0.0599900 seconds
70.288: Application time: 0.0800880 seconds
70.348: [GC [PSYoungGen: 14542K->1555K(15360K)] 20985K->8007K(50688K), 0.0007450 secs] [Times: user=0.00 sys=0.00, real=0.00 secs] 
70.349: Total time for which application threads were stopped: 0.0608010 seconds, Stopping threads took: 0.0599850 seconds
70.424: Application time: 0.0758470 seconds
70.477: [GC [PSYoungGen: 14737K->1751K(15360K)] 21189K->8210K(50688K), 0.0007460 secs] [Times: user=0.00 sys=0.00, real=0.00 secs] 
70.478: Total time for which application threads were stopped: 0.0538470 seconds, Stopping threads took: 0.0530260 seconds
70.557: Application time: 0.0783910 seconds
70.621: [GC [PSYoungGen: 14835K->774K(15360K)] 21295K->7234K(50688K), 0.0004800 secs] [Times: user=0.00 sys=0.00, real=0.00 secs] 
70.621: Total time for which application threads were stopped: 0.0645190 seconds, Stopping threads took: 0.0639380 seconds
70.700: Application time: 0.0792940 seconds
70.751: [GC [PSYoungGen: 14073K->1117K(15360K)] 20533K->7576K(50688K), 0.0007700 secs] [Times: user=0.00 sys=0.00, real=0.00 secs] 
70.753: Total time for which application threads were stopped: 0.0524690 seconds, Stopping threads took: 0.0508040 seconds
70.829: Application time: 0.0764850 seconds
70.883: [GC [PSYoungGen: 14299K->1312K(15360K)] 20758K->7780K(50688K), 0.0009420 secs] [Times: user=0.01 sys=0.00, real=0.00 secs] 
70.884: Total time for which application threads were stopped: 0.0545470 seconds, Stopping threads took: 0.0535210 seconds
70.962: Application time: 0.0777790 seconds
71.025: [GC [PSYoungGen: 14513K->595K(15360K)] 20981K->7062K(50688K), 0.0006820 secs] [Times: user=0.01 sys=0.00, real=0.00 secs] 
71.026: Total time for which application threads were stopped: 0.0642320 seconds, Stopping threads took: 0.0634570 seconds
71.106: Application time: 0.0801490 seconds
71.165: [GC [PSYoungGen: 13894K->970K(15360K)] 20362K->7445K(50688K), 0.0007010 secs] [Times: user=0.00 sys=0.00, real=0.00 secs] 
71.166: Total time for which application threads were stopped: 0.0598330 seconds, Stopping threads took: 0.0590460 seconds
71.245: Application time: 0.0789540 seconds
71.302: [GC [PSYoungGen: 14151K->1165K(15360K)] 20627K->7648K(50688K), 0.0006680 secs] [Times: user=0.00 sys=0.00, real=0.00 secs] 
71.303: Total time for which application threads were stopped: 0.0576850 seconds, Stopping threads took: 0.0569430 seconds
71.380: Application time: 0.0774320 seconds
71.430: [GC [PSYoungGen: 14347K->1360K(15360K)] 20830K->7852K(50688K), 0.0008860 secs] [Times: user=0.00 sys=0.00, real=0.00 secs] 
71.431: Total time for which application threads were stopped: 0.0510390 seconds, Stopping threads took: 0.0500800 seconds
71.508: Application time: 0.0772370 seconds
71.557: [GC [PSYoungGen: 14640K->1653K(15360K)] 21131K->8145K(50688K), 0.0008150 secs] [Times: user=0.00 sys=0.00, real=0.00 secs] 
71.558: Total time for which application threads were stopped: 0.0496190 seconds, Stopping threads took: 0.0487290 seconds
71.636: Application time: 0.0785610 seconds
71.696: [GC [PSYoungGen: 14620K->1508K(15360K)] 21112K->7999K(50688K), 0.0009130 secs] [Times: user=0.01 sys=0.00, real=0.00 secs] 
71.697: Total time for which application threads were stopped: 0.0605120 seconds, Stopping threads took: 0.0594960 seconds
71.774: Application time: 0.0765240 seconds
71.834: [GC [PSYoungGen: 14689K->1799K(15360K)] 21181K->8298K(50688K), 0.0009500 secs] [Times: user=0.01 sys=0.00, real=0.00 secs] 
71.835: Total time for which application threads were stopped: 0.0615090 seconds, Stopping threads took: 0.0604640 seconds
71.913: Application time: 0.0780030 seconds
71.975: [GC [PSYoungGen: 14883K->1849K(15360K)] 21382K->8348K(50688K), 0.0008570 secs] [Times: user=0.01 sys=0.00, real=0.00 secs] 
71.976: Total time for which application threads were stopped: 0.0632750 seconds, Stopping threads took: 0.0623430 seconds
72.055: Application time: 0.0785000 seconds
72.102: [GC [PSYoungGen: 15050K->1946K(15360K)] 21549K->8649K(50688K), 0.0008110 secs] [Times: user=0.00 sys=0.00, real=0.00 secs] 
72.103: Total time for which application threads were stopped: 0.0478220 seconds, Stopping threads took: 0.0469350 seconds
72.180: Application time: 0.0772520 seconds
72.231: [GC [PSYoungGen: 15226K->2028K(15360K)] 21928K->9121K(50688K), 0.0008960 secs] [Times: user=0.01 sys=0.00, real=0.00 secs] 
72.232: Total time for which application threads were stopped: 0.0516260 seconds, Stopping threads took: 0.0506480 seconds
72.307: Application time: 0.0754850 seconds
72.364: [GC [PSYoungGen: 15327K->2045K(15360K)] 22420K->10965K(50688K), 0.0012970 secs] [Times: user=0.01 sys=0.00, real=0.00 secs] 
72.366: Total time for which application threads were stopped: 0.0584910 seconds, Stopping threads took: 0.0571000 seconds
72.442: Application time: 0.0769540 seconds
72.514: [GC [PSYoungGen: 15051K->710K(15360K)] 23971K->9638K(50688K), 0.0006060 secs] [Times: user=0.00 sys=0.00, real=0.00 secs] 
72.514: Total time for which application threads were stopped: 0.0717450 seconds, Stopping threads took: 0.0710660 seconds
72.593: Application time: 0.0787140 seconds
72.652: [GC [PSYoungGen: 13697K->758K(15360K)] 22624K->9694K(50688K), 0.0007170 secs] [Times: user=0.00 sys=0.00, real=0.00 secs] 
72.653: Total time for which application threads were stopped: 0.0601990 seconds, Stopping threads took: 0.0594010 seconds
72.732: Application time: 0.0785620 seconds
72.784: [GC [PSYoungGen: 14057K->1101K(15360K)] 22993K->10036K(50688K), 0.0006200 secs] [Times: user=0.00 sys=0.00, real=0.00 secs] 
72.785: Total time for which application threads were stopped: 0.0528360 seconds, Stopping threads took: 0.0521370 seconds
72.863: Application time: 0.0784620 seconds
72.922: [GC [PSYoungGen: 14361K->1360K(15360K)] 23296K->10304K(50688K), 0.0006090 secs] [Times: user=0.01 sys=0.00, real=0.00 secs] 
72.923: Total time for which application threads were stopped: 0.0594810 seconds, Stopping threads took: 0.0587980 seconds
73.002: Application time: 0.0790940 seconds
73.053: [GC [PSYoungGen: 14523K->1490K(15360K)] 23466K->10433K(50688K), 0.0006930 secs] [Times: user=0.00 sys=0.00, real=0.00 secs] 
73.054: Total time for which application threads were stopped: 0.0519870 seconds, Stopping threads took: 0.0512190 seconds
73.130: Application time: 0.0766340 seconds
73.193: [GC [PSYoungGen: 14672K->563K(15360K)] 23615K->9506K(50688K), 0.0005300 secs] [Times: user=0.00 sys=0.00, real=0.00 secs] 
73.194: Total time for which application threads were stopped: 0.0637620 seconds, Stopping threads took: 0.0631610 seconds
73.271: Application time: 0.0767070 seconds
73.332: [GC [PSYoungGen: 13862K->970K(15360K)] 22805K->9921K(50688K), 0.0006040 secs] [Times: user=0.00 sys=0.00, real=0.00 secs] 
73.333: Total time for which application threads were stopped: 0.0620870 seconds, Stopping threads took: 0.0614080 seconds
73.410: Application time: 0.0769390 seconds
73.458: [GC [PSYoungGen: 14152K->1181K(15360K)] 23103K->10140K(50688K), 0.0006310 secs] [Times: user=0.01 sys=0.00, real=0.00 secs] 
73.458: Total time for which application threads were stopped: 0.0486640 seconds, Stopping threads took: 0.0479660 seconds
73.538: Application time: 0.0794310 seconds
73.599: [GC [PSYoungGen: 14363K->1392K(15360K)] 23322K->10360K(50688K), 0.0006530 secs] [Times: user=0.01 sys=0.00, real=0.00 secs] 
73.599: Total time for which application threads were stopped: 0.0613840 seconds, Stopping threads took: 0.0606610 seconds
73.677: Application time: 0.0778500 seconds
73.725: [GC [PSYoungGen: 14691K->1751K(15360K)] 23659K->10734K(50688K), 0.0007270 secs] [Times: user=0.00 sys=0.00, real=0.00 secs] 
73.726: Total time for which application threads were stopped: 0.0488200 seconds, Stopping threads took: 0.0480180 seconds
73.805: Application time: 0.0789350 seconds
73.862: [GC [PSYoungGen: 15050K->1962K(15360K)] 24033K->11149K(50688K), 0.0008510 secs] [Times: user=0.00 sys=0.00, real=0.00 secs] 
73.863: Total time for which application threads were stopped: 0.0579800 seconds, Stopping threads took: 0.0570480 seconds
73.939: Application time: 0.0761730 seconds
73.990: [GC [PSYoungGen: 15124K->1865K(15360K)] 24311K->11450K(50688K), 0.0009050 secs] [Times: user=0.01 sys=0.00, real=0.00 secs] 
73.991: Total time for which application threads were stopped: 0.0522370 seconds, Stopping threads took: 0.0512610 seconds
74.068: Application time: 0.0765240 seconds
74.133: [GC [PSYoungGen: 14870K->1962K(15360K)] 24456K->11938K(50688K), 0.0009460 secs] [Times: user=0.00 sys=0.00, real=0.00 secs] 
74.134: Total time for which application threads were stopped: 0.0658360 seconds, Stopping threads took: 0.0648180 seconds
74.210: Application time: 0.0759190 seconds
74.274: [GC [PSYoungGen: 15163K->1588K(15360K)] 25140K->11572K(50688K), 0.0007480 secs] [Times: user=0.00 sys=0.00, real=0.00 secs] 
74.275: Total time for which application threads were stopped: 0.0654810 seconds, Stopping threads took: 0.0646630 seconds
74.354: Application time: 0.0793880 seconds
74.420: [GC [PSYoungGen: 14867K->726K(15360K)] 24851K->10726K(50688K), 0.0006140 secs] [Times: user=0.00 sys=0.00, real=0.00 secs] 
74.420: Total time for which application threads were stopped: 0.0660190 seconds, Stopping threads took: 0.0652980 seconds
74.499: Application time: 0.0783290 seconds
74.559: [GC [PSYoungGen: 13713K->742K(15360K)] 23713K->10742K(50688K), 0.0005430 secs] [Times: user=0.01 sys=0.00, real=0.00 secs] 
74.560: Total time for which application threads were stopped: 0.0608970 seconds, Stopping threads took: 0.0602580 seconds
74.637: Application time: 0.0770060 seconds
74.697: [GC [PSYoungGen: 13885K->710K(15360K)] 23885K->10718K(50688K), 0.0005910 secs] [Times: user=0.00 sys=0.00, real=0.00 secs] 
74.698: Total time for which application threads were stopped: 0.0613930 seconds, Stopping threads took: 0.0607130 seconds
74.777: Application time: 0.0789610 seconds
74.837: [GC [PSYoungGen: 14009K->1213K(15360K)] 24017K->11221K(50688K), 0.0006510 secs] [Times: user=0.00 sys=0.00, real=0.00 secs] 
74.838: Total time for which application threads were stopped: 0.0605360 seconds, Stopping threads took: 0.0598200 seconds
74.915: Application time: 0.0774020 seconds
74.966: [GC [PSYoungGen: 14414K->1458K(15360K)] 24422K->11498K(50688K), 0.0006960 secs] [Times: user=0.00 sys=0.00, real=0.00 secs] 
74.967: Total time for which application threads were stopped: 0.0517810 seconds, Stopping threads took: 0.0510010 seconds
75.044: Application time: 0.0769710 seconds
75.108: [GC [PSYoungGen: 14757K->774K(15360K)] 24797K->10830K(50688K), 0.0006740 secs] [Times: user=0.00 sys=0.00, real=0.00 secs] 
75.109: Total time for which application threads were stopped: 0.0652790 seconds, Stopping threads took: 0.0645170 seconds
75.188: Application time: 0.0789650 seconds
75.246: [GC [PSYoungGen: 14073K->1133K(15360K)] 24129K->11205K(50688K), 0.0007580 secs] [Times: user=0.01 sys=0.00, real=0.00 secs] 
75.247: Total time for which application threads were stopped: 0.0589780 seconds, Stopping threads took: 0.0581380 seconds
75.324: Application time: 0.0774150 seconds
75.377: [GC [PSYoungGen: 14315K->1360K(15360K)] 24387K->11432K(50688K), 0.0006840 secs] [Times: user=0.00 sys=0.00, real=0.00 secs] 
75.378: Total time for which application threads were stopped: 0.0535400 seconds, Stopping threads took: 0.0527800 seconds
75.457: Application time: 0.0794890 seconds
75.525: [GC [PSYoungGen: 14562K->563K(15360K)] 24634K->10651K(50688K), 0.0005130 secs] [Times: user=0.00 sys=0.00, real=0.00 secs] 
75.526: Total time for which application threads were stopped: 0.0683800 seconds, Stopping threads took: 0.0677890 seconds
75.605: Application time: 0.0792700 seconds
75.664: [GC [PSYoungGen: 13706K->515K(15360K)] 23794K->10611K(50688K), 0.0004660 secs] [Times: user=0.00 sys=0.00, real=0.00 secs] 
75.665: Total time for which application threads were stopped: 0.0598420 seconds, Stopping threads took: 0.0593100 seconds
75.741: Application time: 0.0762570 seconds
75.802: [GC [PSYoungGen: 13697K->774K(15360K)] 23793K->10870K(50688K), 0.0004790 secs] [Times: user=0.00 sys=0.00, real=0.00 secs] 
75.802: Total time for which application threads were stopped: 0.0610260 seconds, Stopping threads took: 0.0604810 seconds
75.882: Application time: 0.0797390 seconds
75.935: [GC [PSYoungGen: 13956K->970K(15360K)] 24052K->11066K(50688K), 0.0005940 secs] [Times: user=0.00 sys=0.00, real=0.01 secs] 
75.935: Total time for which application threads were stopped: 0.0535180 seconds, Stopping threads took: 0.0528520 seconds
76.015: Application time: 0.0792050 seconds
76.062: [GC [PSYoungGen: 14269K->1392K(15360K)] 24365K->11496K(50688K), 0.0008530 secs] [Times: user=0.00 sys=0.00, real=0.00 secs] 
76.063: Total time for which application threads were stopped: 0.0483080 seconds, Stopping threads took: 0.0473560 seconds
76.140: Application time: 0.0769820 seconds
76.205: [GC [PSYoungGen: 14672K->579K(15360K)] 24776K->10683K(50688K), 0.0005570 secs] [Times: user=0.00 sys=0.00, real=0.00 secs] 
76.205: Total time for which application threads were stopped: 0.0654040 seconds, Stopping threads took: 0.0647530 seconds
76.281: Application time: 0.0756070 seconds
76.339: [GC [PSYoungGen: 13761K->790K(15360K)] 23865K->10894K(50688K), 0.0006170 secs] [Times: user=0.00 sys=0.00, real=0.00 secs] 
76.340: Total time for which application threads were stopped: 0.0586720 seconds, Stopping threads took: 0.0579800 seconds
76.418: Application time: 0.0780570 seconds
76.477: [GC [PSYoungGen: 14089K->1117K(15360K)] 24193K->11229K(50688K), 0.0007860 secs] [Times: user=0.00 sys=0.00, real=0.00 secs] 
76.478: Total time for which application threads were stopped: 0.0604320 seconds, Stopping threads took: 0.0595560 seconds
76.555: Application time: 0.0769630 seconds
76.602: [GC [PSYoungGen: 14318K->1410K(15360K)] 24430K->11530K(50688K), 0.0006780 secs] [Times: user=0.00 sys=0.00, real=0.00 secs] 
76.603: Total time for which application threads were stopped: 0.0480290 seconds, Stopping threads took: 0.0472670 seconds
76.680: Application time: 0.0766280 seconds
76.739: [GC [PSYoungGen: 14690K->1751K(15360K)] 24810K->11879K(50688K), 0.0007170 secs] [Times: user=0.00 sys=0.01, real=0.00 secs] 
76.739: Total time for which application threads were stopped: 0.0597170 seconds, Stopping threads took: 0.0589240 seconds
76.817: Application time: 0.0778240 seconds
76.878: [GC [PSYoungGen: 14835K->742K(15360K)] 24963K->10870K(50688K), 0.0005460 secs] [Times: user=0.01 sys=0.00, real=0.00 secs] 
76.879: Total time for which application threads were stopped: 0.0612310 seconds, Stopping threads took: 0.0606110 seconds
76.957: Application time: 0.0782290 seconds
77.011: [GC [PSYoungGen: 13807K->694K(15360K)] 23935K->10822K(50688K), 0.0007140 secs] [Times: user=0.00 sys=0.00, real=0.00 secs] 
77.012: Total time for which application threads were stopped: 0.0551720 seconds, Stopping threads took: 0.0543920 seconds
77.090: Application time: 0.0779800 seconds
77.142: [GC [PSYoungGen: 13993K->1149K(15360K)] 24121K->11277K(50688K), 0.0006450 secs] [Times: user=0.00 sys=0.00, real=0.00 secs] 
77.143: Total time for which application threads were stopped: 0.0526910 seconds, Stopping threads took: 0.0519560 seconds
77.219: Application time: 0.0763720 seconds
77.288: [GC [PSYoungGen: 14429K->352K(15360K)] 24557K->10480K(50688K), 0.0004380 secs] [Times: user=0.00 sys=0.00, real=0.00 secs] 
77.288: Total time for which application threads were stopped: 0.0694130 seconds, Stopping threads took: 0.0688810 seconds
77.365: Application time: 0.0765700 seconds
77.429: [GC [PSYoungGen: 13612K->563K(15360K)] 23740K->10699K(50688K), 0.0004870 secs] [Times: user=0.00 sys=0.00, real=0.00 secs] 
77.430: Total time for which application threads were stopped: 0.0646540 seconds, Stopping threads took: 0.0640900 seconds
77.509: Application time: 0.0793070 seconds
77.567: [GC [PSYoungGen: 13666K->774K(15360K)] 23803K->10910K(50688K), 0.0007110 secs] [Times: user=0.01 sys=0.00, real=0.01 secs] 
77.568: Total time for which application threads were stopped: 0.0588750 seconds, Stopping threads took: 0.0580890 seconds
77.646: Application time: 0.0785070 seconds
77.699: [GC [PSYoungGen: 14073K->1133K(15360K)] 24209K->11277K(50688K), 0.0006080 secs] [Times: user=0.00 sys=0.00, real=0.00 secs] 
77.699: Total time for which application threads were stopped: 0.0528730 seconds, Stopping threads took: 0.0521840 seconds
77.776: Application time: 0.0765830 seconds
77.836: [GC [PSYoungGen: 14432K->1556K(15360K)] 24576K->11708K(50688K), 0.0006920 secs] [Times: user=0.00 sys=0.01, real=0.00 secs] 
77.837: Total time for which application threads were stopped: 0.0611770 seconds, Stopping threads took: 0.0604130 seconds
77.916: Application time: 0.0792040 seconds
77.978: [GC [PSYoungGen: 14835K->774K(15360K)] 24987K->10934K(50688K), 0.0005410 secs] [Times: user=0.00 sys=0.00, real=0.00 secs] 
77.979: Total time for which application threads were stopped: 0.0627460 seconds, Stopping threads took: 0.0621370 seconds
78.058: Application time: 0.0788050 seconds
78.117: [GC [PSYoungGen: 14073K->1133K(15360K)] 24233K->11293K(50688K), 0.0007930 secs] [Times: user=0.00 sys=0.00, real=0.00 secs] 
78.118: Total time for which application threads were stopped: 0.0603020 seconds, Stopping threads took: 0.0594340 seconds
78.196: Application time: 0.0781220 seconds
78.249: [GC [PSYoungGen: 14432K->1572K(15360K)] 24592K->11740K(50688K), 0.0008630 secs] [Times: user=0.00 sys=0.00, real=0.00 secs] 
78.250: Total time for which application threads were stopped: 0.0535690 seconds, Stopping threads took: 0.0526030 seconds
78.326: Application time: 0.0757860 seconds
78.386: [GC [PSYoungGen: 14753K->1799K(15360K)] 24921K->11975K(50688K), 0.0008390 secs] [Times: user=0.00 sys=0.00, real=0.00 secs] 
78.387: Total time for which application threads were stopped: 0.0614650 seconds, Stopping threads took: 0.0605360 seconds
78.466: Application time: 0.0787760 seconds
78.525: [GC [PSYoungGen: 15039K->1881K(15360K)] 25216K->12057K(50688K), 0.0010530 secs] [Times: user=0.01 sys=0.00, real=0.00 secs] 
78.526: Total time for which application threads were stopped: 0.0606280 seconds, Stopping threads took: 0.0594980 seconds
78.605: Application time: 0.0782160 seconds
78.665: [GC [PSYoungGen: 14945K->1881K(15360K)] 25122K->12057K(50688K), 0.0009550 secs] [Times: user=0.00 sys=0.00, real=0.00 secs] 
78.666: Total time for which application threads were stopped: 0.0612960 seconds, Stopping threads took: 0.0602510 seconds
78.744: Application time: 0.0784930 seconds
78.805: [GC [PSYoungGen: 14867K->758K(15360K)] 25043K->10942K(50688K), 0.0004990 secs] [Times: user=0.01 sys=0.00, real=0.00 secs] 
78.805: Total time for which application threads were stopped: 0.0606320 seconds, Stopping threads took: 0.0600510 seconds
78.884: Application time: 0.0790010 seconds
78.935: [GC [PSYoungGen: 14057K->1149K(15360K)] 24241K->11349K(50688K), 0.0006530 secs] [Times: user=0.00 sys=0.00, real=0.01 secs] 
78.935: Total time for which application threads were stopped: 0.0513560 seconds, Stopping threads took: 0.0506210 seconds
79.014: Application time: 0.0781590 seconds
79.073: [GC [PSYoungGen: 14331K->1376K(15360K)] 24531K->11584K(50688K), 0.0006250 secs] [Times: user=0.00 sys=0.00, real=0.00 secs] 
79.073: Total time for which application threads were stopped: 0.0596050 seconds, Stopping threads took: 0.0589100 seconds
79.151: Application time: 0.0779790 seconds
79.200: [GC [PSYoungGen: 14578K->1653K(15360K)] 24786K->11861K(50688K), 0.0010060 secs] [Times: user=0.00 sys=0.00, real=0.00 secs] 
79.201: Total time for which application threads were stopped: 0.0502570 seconds, Stopping threads took: 0.0491620 seconds
79.279: Application time: 0.0779940 seconds
79.338: [GC [PSYoungGen: 14854K->1978K(15360K)] 25063K->12194K(50688K), 0.0010080 secs] [Times: user=0.00 sys=0.00, real=0.00 secs] 
79.339: Total time for which application threads were stopped: 0.0593510 seconds, Stopping threads took: 0.0582430 seconds
79.417: Application time: 0.0781940 seconds
79.473: [GC [PSYoungGen: 15179K->1165K(15360K)] 25396K->11389K(50688K), 0.0007980 secs] [Times: user=0.00 sys=0.00, real=0.00 secs] 
79.474: Total time for which application threads were stopped: 0.0572240 seconds, Stopping threads took: 0.0563310 seconds
79.554: Application time: 0.0793330 seconds
79.613: [GC [PSYoungGen: 14444K->1946K(15360K)] 24669K->12756K(50688K), 0.0009280 secs] [Times: user=0.01 sys=0.00, real=0.00 secs] 
79.614: Total time for which application threads were stopped: 0.0600790 seconds, Stopping threads took: 0.0590600 seconds
79.689: Application time: 0.0749470 seconds
79.753: [GC [PSYoungGen: 15128K->1653K(15360K)] 25938K->12463K(50688K), 0.0007310 secs] [Times: user=0.01 sys=0.00, real=0.00 secs] 
79.754: Total time for which application threads were stopped: 0.0654090 seconds, Stopping threads took: 0.0646080 seconds
79.832: Application time: 0.0775310 seconds
79.883: [GC [PSYoungGen: 14933K->1962K(15360K)] 25743K->12772K(50688K), 0.0008050 secs] [Times: user=0.00 sys=0.00, real=0.00 secs] 
79.883: Total time for which application threads were stopped: 0.0519050 seconds, Stopping threads took: 0.0510200 seconds
79.961: Application time: 0.0773700 seconds
80.025: [GC [PSYoungGen: 15242K->1197K(15360K)] 26052K->12015K(50688K), 0.0005830 secs] [Times: user=0.00 sys=0.00, real=0.00 secs] 
80.025: Total time for which application threads were stopped: 0.0646850 seconds, Stopping threads took: 0.0640210 seconds
80.103: Application time: 0.0779250 seconds
80.156: [GC [PSYoungGen: 14457K->1376K(15360K)] 25275K->12194K(50688K), 0.0008810 secs] [Times: user=0.00 sys=0.00, real=0.00 secs] 
80.157: Total time for which application threads were stopped: 0.0538340 seconds, Stopping threads took: 0.0528610 seconds
80.235: Application time: 0.0775500 seconds
80.296: [GC [PSYoungGen: 14675K->1751K(15360K)] 25493K->12569K(50688K), 0.0008170 secs] [Times: user=0.01 sys=0.00, real=0.00 secs] 
80.297: Total time for which application threads were stopped: 0.0622350 seconds, Stopping threads took: 0.0613430 seconds
80.377: Application time: 0.0795560 seconds
80.426: [GC [PSYoungGen: 14933K->1962K(15360K)] 25751K->12788K(50688K), 0.0007910 secs] [Times: user=0.01 sys=0.00, real=0.01 secs] 
80.427: Total time for which application threads were stopped: 0.0507010 seconds, Stopping threads took: 0.0498270 seconds
80.505: Application time: 0.0778710 seconds
80.573: [GC [PSYoungGen: 15242K->1117K(15360K)] 26068K->11951K(50688K), 0.0006130 secs] [Times: user=0.00 sys=0.00, real=0.00 secs] 
80.574: Total time for which application threads were stopped: 0.0691560 seconds, Stopping threads took: 0.0675270 seconds
80.652: Application time: 0.0773330 seconds
80.719: [GC [PSYoungGen: 14318K->352K(15360K)] 25152K->11194K(50688K), 0.0006370 secs] [Times: user=0.00 sys=0.00, real=0.00 secs] 
80.720: Total time for which application threads were stopped: 0.0683220 seconds, Stopping threads took: 0.0676160 seconds
80.796: Application time: 0.0763310 seconds
80.842: [GC [PSYoungGen: 13533K->1685K(15360K)] 24376K->12535K(50688K), 0.0009350 secs] [Times: user=0.00 sys=0.00, real=0.00 secs] 
80.843: Total time for which application threads were stopped: 0.0469120 seconds, Stopping threads took: 0.0458840 seconds
80.923: Application time: 0.0799900 seconds
80.990: [GC [PSYoungGen: 14984K->986K(15360K)] 25834K->11836K(50688K), 0.0006020 secs] [Times: user=0.00 sys=0.00, real=0.00 secs] 
80.991: Total time for which application threads were stopped: 0.0678960 seconds, Stopping threads took: 0.0671950 seconds
81.069: Application time: 0.0778320 seconds
81.125: [GC [PSYoungGen: 14167K->1149K(15360K)] 25017K->12007K(50688K), 0.0006520 secs] [Times: user=0.00 sys=0.00, real=0.00 secs] 
81.126: Total time for which application threads were stopped: 0.0570030 seconds, Stopping threads took: 0.0562830 seconds
81.203: Application time: 0.0768680 seconds
81.266: [GC [PSYoungGen: 14350K->352K(15360K)] 25208K->11210K(50688K), 0.0004510 secs] [Times: user=0.00 sys=0.00, real=0.00 secs] 
81.266: Total time for which application threads were stopped: 0.0632780 seconds, Stopping threads took: 0.0627550 seconds
81.342: Application time: 0.0763700 seconds
81.388: [GC [PSYoungGen: 13514K->2044K(15360K)] 24372K->13488K(50688K), 0.0009900 secs] [Times: user=0.01 sys=0.00, real=0.00 secs] 
81.389: Total time for which application threads were stopped: 0.0461410 seconds, Stopping threads took: 0.0450780 seconds
81.465: Application time: 0.0763160 seconds
81.527: [GC [PSYoungGen: 15323K->2044K(15360K)] 26767K->15461K(50688K), 0.0012980 secs] [Times: user=0.01 sys=0.00, real=0.01 secs] 
81.528: Total time for which application threads were stopped: 0.0633230 seconds, Stopping threads took: 0.0619450 seconds
81.610: Application time: 0.0812300 seconds
81.675: [GC [PSYoungGen: 15030K->726K(15360K)] 28447K->14152K(50688K), 0.0007270 secs] [Times: user=0.00 sys=0.00, real=0.00 secs] 
81.676: Total time for which application threads were stopped: 0.0665970 seconds, Stopping threads took: 0.0657730 seconds
81.753: Application time: 0.0773080 seconds
81.808: [GC [PSYoungGen: 13908K->970K(15360K)] 27334K->14403K(50688K), 0.0007260 secs] [Times: user=0.00 sys=0.00, real=0.00 secs] 
81.809: Total time for which application threads were stopped: 0.0550680 seconds, Stopping threads took: 0.0542530 seconds
81.886: Application time: 0.0770320 seconds
81.945: [GC [PSYoungGen: 14269K->1360K(15360K)] 27702K->14802K(50688K), 0.0007270 secs] [Times: user=0.00 sys=0.00, real=0.00 secs] 
81.946: Total time for which application threads were stopped: 0.0605590 seconds, Stopping threads took: 0.0597560 seconds
82.025: Application time: 0.0788530 seconds
82.089: [GC [PSYoungGen: 14562K->547K(15360K)] 28003K->13996K(50688K), 0.0004880 secs] [Times: user=0.00 sys=0.00, real=0.00 secs] 
82.089: Total time for which application threads were stopped: 0.0643270 seconds, Stopping threads took: 0.0637580 seconds
82.165: Application time: 0.0752360 seconds
82.199: [GC [PSYoungGen: 13651K->1848K(15360K)] 27100K->15306K(50688K), 0.0008000 secs] [Times: user=0.00 sys=0.01, real=0.00 secs] 
82.199: Total time for which application threads were stopped: 0.0349490 seconds, Stopping threads took: 0.0340710 seconds
82.278: Application time: 0.0785720 seconds
82.343: [GC [PSYoungGen: 15030K->986K(15360K)] 28488K->14443K(50688K), 0.0007480 secs] [Times: user=0.00 sys=0.00, real=0.00 secs] 
82.344: Total time for which application threads were stopped: 0.0655690 seconds, Stopping threads took: 0.0647520 seconds
82.421: Application time: 0.0771380 seconds
82.481: [GC [PSYoungGen: 14285K->1360K(15360K)] 27742K->14826K(50688K), 0.0007650 secs] [Times: user=0.00 sys=0.00, real=0.00 secs] 
82.482: Total time for which application threads were stopped: 0.0609070 seconds, Stopping threads took: 0.0600700 seconds
82.560: Application time: 0.0780550 seconds
82.620: [GC [PSYoungGen: 14503K->1360K(15360K)] 27969K->14834K(50688K), 0.0007210 secs] [Times: user=0.00 sys=0.00, real=0.00 secs] 
82.621: Total time for which application threads were stopped: 0.0609470 seconds, Stopping threads took: 0.0601440 seconds
82.698: Application time: 0.0778070 seconds
82.757: [GC [PSYoungGen: 14659K->1783K(15360K)] 28133K->15256K(50688K), 0.0007290 secs] [Times: user=0.00 sys=0.00, real=0.00 secs] 
82.758: Total time for which application threads were stopped: 0.0595160 seconds, Stopping threads took: 0.0587240 seconds
82.837: Application time: 0.0788460 seconds
82.903: [GC [PSYoungGen: 14867K->726K(15360K)] 28340K->14208K(50688K), 0.0005410 secs] [Times: user=0.00 sys=0.00, real=0.00 secs] 
82.903: Total time for which application threads were stopped: 0.0663280 seconds, Stopping threads took: 0.0657120 seconds
82.981: Application time: 0.0782610 seconds
83.041: [GC [PSYoungGen: 13791K->758K(15360K)] 27272K->14240K(50688K), 0.0005340 secs] [Times: user=0.00 sys=0.00, real=0.00 secs] 
83.041: Total time for which application threads were stopped: 0.0599210 seconds, Stopping threads took: 0.0593250 seconds
83.120: Application time: 0.0791260 seconds
83.168: [GC [PSYoungGen: 14057K->1149K(15360K)] 27539K->14638K(50688K), 0.0005830 secs] [Times: user=0.00 sys=0.00, real=0.00 secs] 
83.169: Total time for which application threads were stopped: 0.0482530 seconds, Stopping threads took: 0.0475940 seconds
83.245: Application time: 0.0767300 seconds
83.314: [GC [PSYoungGen: 14428K->352K(15360K)] 27918K->13841K(50688K), 0.0007190 secs] [Times: user=0.00 sys=0.00, real=0.00 secs] 
83.314: Total time for which application threads were stopped: 0.0688140 seconds, Stopping threads took: 0.0680060 seconds
83.392: Application time: 0.0778200 seconds
83.453: [GC [PSYoungGen: 13651K->742K(15360K)] 27140K->14240K(50688K), 0.0006140 secs] [Times: user=0.01 sys=0.00, real=0.00 secs] 
83.454: Total time for which application threads were stopped: 0.0617130 seconds, Stopping threads took: 0.0610140 seconds
83.532: Application time: 0.0785610 seconds
83.584: [GC [PSYoungGen: 14041K->1181K(15360K)] 27539K->14686K(50688K), 0.0005680 secs] [Times: user=0.00 sys=0.00, real=0.00 secs] 
83.585: Total time for which application threads were stopped: 0.0526840 seconds, Stopping threads took: 0.0520460 seconds
83.662: Application time: 0.0769710 seconds
83.725: [GC [PSYoungGen: 14460K->336K(15360K)] 27966K->13849K(50688K), 0.0004540 secs] [Times: user=0.00 sys=0.00, real=0.00 secs] 
83.726: Total time for which application threads were stopped: 0.0638420 seconds, Stopping threads took: 0.0633060 seconds
83.801: Application time: 0.0755550 seconds
83.847: [GC [PSYoungGen: 13527K->1962K(15360K)] 27041K->16265K(50688K), 0.0010480 secs] [Times: user=0.00 sys=0.00, real=0.01 secs] 
83.848: Total time for which application threads were stopped: 0.0466010 seconds, Stopping threads took: 0.0454780 seconds
83.924: Application time: 0.0763510 seconds
83.994: [GC [PSYoungGen: 15136K->790K(15360K)] 29438K->15093K(50688K), 0.0005170 secs] [Times: user=0.00 sys=0.00, real=0.00 secs] 
83.995: Total time for which application threads were stopped: 0.0702440 seconds, Stopping threads took: 0.0696340 seconds
84.073: Application time: 0.0783600 seconds
84.133: [GC [PSYoungGen: 14089K->1133K(15360K)] 28392K->15436K(50688K), 0.0007120 secs] [Times: user=0.00 sys=0.00, real=0.00 secs] 
84.133: Total time for which application threads were stopped: 0.0603970 seconds, Stopping threads took: 0.0596110 seconds
84.212: Application time: 0.0788560 seconds
84.270: [GC [PSYoungGen: 14393K->1328K(15360K)] 28696K->15631K(50688K), 0.0007010 secs] [Times: user=0.00 sys=0.00, real=0.00 secs] 
84.271: Total time for which application threads were stopped: 0.0588040 seconds, Stopping threads took: 0.0580240 seconds
84.348: Application time: 0.0765240 seconds
84.411: [GC [PSYoungGen: 14608K->547K(15360K)] 28911K->14858K(50688K), 0.0004840 secs] [Times: user=0.00 sys=0.00, real=0.00 secs] 
84.411: Total time for which application threads were stopped: 0.0638460 seconds, Stopping threads took: 0.0632890 seconds
84.488: Application time: 0.0769180 seconds
84.539: [GC [PSYoungGen: 13846K->954K(15360K)] 28157K->15264K(50688K), 0.0005620 secs] [Times: user=0.00 sys=0.00, real=0.00 secs] 
84.540: Total time for which application threads were stopped: 0.0512070 seconds, Stopping threads took: 0.0505740 seconds
84.617: Application time: 0.0776720 seconds
84.677: [GC [PSYoungGen: 14135K->1149K(15360K)] 28446K->15476K(50688K), 0.0006070 secs] [Times: user=0.00 sys=0.00, real=0.00 secs] 
84.677: Total time for which application threads were stopped: 0.0601180 seconds, Stopping threads took: 0.0594420 seconds
84.753: Application time: 0.0756590 seconds
84.815: [GC [PSYoungGen: 14331K->1392K(15360K)] 28657K->15719K(50688K), 0.0006860 secs] [Times: user=0.01 sys=0.00, real=0.01 secs] 
84.815: Total time for which application threads were stopped: 0.0622760 seconds, Stopping threads took: 0.0615100 seconds
84.892: Application time: 0.0771460 seconds
84.942: [GC [PSYoungGen: 14496K->1572K(15360K)] 28822K->15906K(50688K), 0.0007210 secs] [Times: user=0.01 sys=0.00, real=0.00 secs] 
84.943: Total time for which application threads were stopped: 0.0503090 seconds, Stopping threads took: 0.0495130 seconds
85.023: Application time: 0.0802960 seconds
85.096: [GC [PSYoungGen: 14773K->774K(15360K)] 29108K->15117K(50688K), 0.0005250 secs] [Times: user=0.00 sys=0.00, real=0.00 secs] 
85.096: Total time for which application threads were stopped: 0.0731090 seconds, Stopping threads took: 0.0725140 seconds
85.181: Application time: 0.0845770 seconds
85.239: [GC [PSYoungGen: 13839K->742K(15360K)] 28182K->15085K(50688K), 0.0005740 secs] [Times: user=0.01 sys=0.00, real=0.00 secs] 
85.239: Total time for which application threads were stopped: 0.0586000 seconds, Stopping threads took: 0.0579370 seconds
85.323: Application time: 0.0835120 seconds
85.388: [GC [PSYoungGen: 13729K->774K(15360K)] 28072K->15125K(50688K), 0.0005420 secs] [Times: user=0.00 sys=0.00, real=0.00 secs] 
85.388: Total time for which application threads were stopped: 0.0653300 seconds, Stopping threads took: 0.0647070 seconds
85.471: Application time: 0.0832570 seconds
85.536: [GC [PSYoungGen: 13839K->774K(15360K)] 28190K->15125K(50688K), 0.0005810 secs] [Times: user=0.01 sys=0.01, real=0.00 secs] 
85.537: Total time for which application threads were stopped: 0.0650600 seconds, Stopping threads took: 0.0644040 seconds
85.621: Application time: 0.0846120 seconds
85.678: [GC [PSYoungGen: 14073K->1117K(15360K)] 28424K->15468K(50688K), 0.0006110 secs] [Times: user=0.00 sys=0.00, real=0.00 secs] 
85.680: Total time for which application threads were stopped: 0.0588740 seconds, Stopping threads took: 0.0572060 seconds
85.762: Application time: 0.0823090 seconds
85.828: [GC [PSYoungGen: 14416K->1572K(15360K)] 28767K->15930K(50688K), 0.0007730 secs] [Times: user=0.01 sys=0.00, real=0.00 secs] 
85.829: Total time for which application threads were stopped: 0.0661860 seconds, Stopping threads took: 0.0653260 seconds
85.913: Application time: 0.0845380 seconds
85.970: [GC [PSYoungGen: 14870K->1962K(15360K)] 29229K->16329K(50688K), 0.0007800 secs] [Times: user=0.00 sys=0.00, real=0.00 secs] 
85.971: Total time for which application threads were stopped: 0.0578460 seconds, Stopping threads took: 0.0569860 seconds
86.056: Application time: 0.0851010 seconds
86.123: [GC [PSYoungGen: 15242K->1165K(15360K)] 29608K->15540K(50688K), 0.0006220 secs] [Times: user=0.00 sys=0.00, real=0.00 secs] 
86.124: Total time for which application threads were stopped: 0.0680190 seconds, Stopping threads took: 0.0673190 seconds
86.208: Application time: 0.0840870 seconds
86.258: [GC [PSYoungGen: 14347K->1392K(15360K)] 28721K->15767K(50688K), 0.0008280 secs] [Times: user=0.00 sys=0.00, real=0.00 secs] 
86.259: Total time for which application threads were stopped: 0.0508730 seconds, Stopping threads took: 0.0499690 seconds
86.343: Application time: 0.0837770 seconds
86.399: [GC [PSYoungGen: 14672K->1653K(15360K)] 29046K->16036K(50688K), 0.0010140 secs] [Times: user=0.00 sys=0.00, real=0.00 secs] 
86.401: Total time for which application threads were stopped: 0.0577020 seconds, Stopping threads took: 0.0566020 seconds
86.484: Application time: 0.0835110 seconds
86.553: [GC [PSYoungGen: 14757K->790K(15360K)] 29140K->15181K(50688K), 0.0006790 secs] [Times: user=0.00 sys=0.00, real=0.00 secs] 
86.553: Total time for which application threads were stopped: 0.0692440 seconds, Stopping threads took: 0.0684550 seconds
86.637: Application time: 0.0839560 seconds
86.699: [GC [PSYoungGen: 13855K->774K(15360K)] 28246K->15165K(50688K), 0.0005390 secs] [Times: user=0.01 sys=0.00, real=0.00 secs] 
86.699: Total time for which application threads were stopped: 0.0622190 seconds, Stopping threads took: 0.0615830 seconds
86.785: Application time: 0.0855390 seconds
86.849: [GC [PSYoungGen: 13956K->954K(15360K)] 28347K->15352K(50688K), 0.0006750 secs] [Times: user=0.00 sys=0.01, real=0.00 secs] 
86.850: Total time for which application threads were stopped: 0.0651770 seconds, Stopping threads took: 0.0644280 seconds
86.934: Application time: 0.0836970 seconds
86.999: [GC [PSYoungGen: 14057K->1165K(15360K)] 28456K->15572K(50688K), 0.0008080 secs] [Times: user=0.01 sys=0.00, real=0.00 secs] 
87.000: Total time for which application threads were stopped: 0.0657570 seconds, Stopping threads took: 0.0648570 seconds
87.083: Application time: 0.0834680 seconds
87.140: [GC [PSYoungGen: 14347K->1376K(15360K)] 28753K->15783K(50688K), 0.0009120 secs] [Times: user=0.00 sys=0.00, real=0.00 secs] 
87.141: Total time for which application threads were stopped: 0.0580900 seconds, Stopping threads took: 0.0570750 seconds
87.225: Application time: 0.0835890 seconds
87.294: [GC [PSYoungGen: 14578K->515K(15360K)] 28984K->14922K(50688K), 0.0006250 secs] [Times: user=0.00 sys=0.00, real=0.00 secs] 
87.295: Total time for which application threads were stopped: 0.0699370 seconds, Stopping threads took: 0.0692160 seconds
87.379: Application time: 0.0837970 seconds
87.444: [GC [PSYoungGen: 13697K->758K(15360K)] 28104K->15173K(50688K), 0.0005910 secs] [Times: user=0.00 sys=0.00, real=0.00 secs] 
87.445: Total time for which application threads were stopped: 0.0660370 seconds, Stopping threads took: 0.0653750 seconds
87.529: Application time: 0.0840570 seconds
87.594: [GC [PSYoungGen: 13745K->758K(15360K)] 28159K->15181K(50688K), 0.0007520 secs] [Times: user=0.00 sys=0.00, real=0.00 secs] 
87.595: Total time for which application threads were stopped: 0.0666220 seconds, Stopping threads took: 0.0658000 seconds
87.680: Application time: 0.0847990 seconds
87.746: [GC [PSYoungGen: 14057K->1165K(15360K)] 28480K->15596K(50688K), 0.0006900 secs] [Times: user=0.00 sys=0.00, real=0.00 secs] 
87.747: Total time for which application threads were stopped: 0.0670650 seconds, Stopping threads took: 0.0662910 seconds
87.829: Application time: 0.0822000 seconds
87.889: [GC [PSYoungGen: 14425K->1376K(15360K)] 28856K->15807K(50688K), 0.0008310 secs] [Times: user=0.01 sys=0.00, real=0.00 secs] 
87.890: Total time for which application threads were stopped: 0.0610190 seconds, Stopping threads took: 0.0600940 seconds
87.974: Application time: 0.0839060 seconds
88.041: [GC [PSYoungGen: 14675K->1767K(15360K)] 29106K->16197K(50688K), 0.0008270 secs] [Times: user=0.00 sys=0.00, real=0.00 secs] 
88.041: Total time for which application threads were stopped: 0.0671980 seconds, Stopping threads took: 0.0662930 seconds
88.125: Application time: 0.0838780 seconds
88.188: [GC [PSYoungGen: 14851K->742K(15360K)] 29282K->15173K(50688K), 0.0005320 secs] [Times: user=0.00 sys=0.00, real=0.00 secs] 
88.188: Total time for which application threads were stopped: 0.0631620 seconds, Stopping threads took: 0.0625600 seconds
88.272: Application time: 0.0832730 seconds
88.338: [GC [PSYoungGen: 13729K->758K(15360K)] 28160K->15197K(50688K), 0.0006290 secs] [Times: user=0.00 sys=0.00, real=0.00 secs] 
88.339: Total time for which application threads were stopped: 0.0670390 seconds, Stopping threads took: 0.0663260 seconds
88.423: Application time: 0.0843460 seconds
88.483: [GC [PSYoungGen: 13745K->790K(15360K)] 28183K->15237K(50688K), 0.0007320 secs] [Times: user=0.00 sys=0.00, real=0.00 secs] 
88.484: Total time for which application threads were stopped: 0.0605350 seconds, Stopping threads took: 0.0597060 seconds
88.568: Application time: 0.0846480 seconds
88.636: [GC [PSYoungGen: 14089K->1165K(15360K)] 28536K->15620K(50688K), 0.0008020 secs] [Times: user=0.00 sys=0.00, real=0.00 secs] 
88.637: Total time for which application threads were stopped: 0.0688490 seconds, Stopping threads took: 0.0679520 seconds
88.721: Application time: 0.0837230 seconds
88.787: [GC [PSYoungGen: 14425K->1376K(15360K)] 28880K->15831K(50688K), 0.0008630 secs] [Times: user=0.00 sys=0.00, real=0.01 secs] 
88.788: Total time for which application threads were stopped: 0.0665830 seconds, Stopping threads took: 0.0656240 seconds
88.872: Application time: 0.0844470 seconds
88.936: [GC [PSYoungGen: 14675K->1751K(15360K)] 29130K->16214K(50688K), 0.0007850 secs] [Times: user=0.01 sys=0.00, real=0.00 secs] 
88.936: Total time for which application threads were stopped: 0.0644600 seconds, Stopping threads took: 0.0635880 seconds
89.018: Application time: 0.0813850 seconds
89.086: [GC [PSYoungGen: 15030K->986K(15360K)] 29493K->15456K(50688K), 0.0007530 secs] [Times: user=0.00 sys=0.00, real=0.00 secs] 
89.087: Total time for which application threads were stopped: 0.0691190 seconds, Stopping threads took: 0.0682970 seconds
89.167: Application time: 0.0798730 seconds
89.213: [GC [PSYoungGen: 14284K->1360K(15360K)] 28755K->15831K(50688K), 0.0006160 secs] [Times: user=0.00 sys=0.00, real=0.00 secs] 
89.214: Total time for which application threads were stopped: 0.0470170 seconds, Stopping threads took: 0.0463300 seconds
89.291: Application time: 0.0767170 seconds
89.350: [GC [PSYoungGen: 14620K->1572K(15360K)] 29091K->16058K(50688K), 0.0007810 secs] [Times: user=0.01 sys=0.00, real=0.00 secs] 
89.351: Total time for which application threads were stopped: 0.0600200 seconds, Stopping threads took: 0.0591700 seconds
89.429: Application time: 0.0782750 seconds
89.490: [GC [PSYoungGen: 14773K->758K(15360K)] 29260K->15245K(50688K), 0.0004860 secs] [Times: user=0.01 sys=0.00, real=0.00 secs] 
89.491: Total time for which application threads were stopped: 0.0617230 seconds, Stopping threads took: 0.0611380 seconds
89.567: Application time: 0.0768690 seconds
89.627: [GC [PSYoungGen: 14057K->1149K(15360K)] 28544K->15652K(50688K), 0.0006490 secs] [Times: user=0.00 sys=0.00, real=0.01 secs] 
89.628: Total time for which application threads were stopped: 0.0602260 seconds, Stopping threads took: 0.0595020 seconds
89.706: Application time: 0.0780240 seconds
89.765: [GC [PSYoungGen: 14136K->1181K(15360K)] 28638K->15692K(50688K), 0.0005800 secs] [Times: user=0.01 sys=0.00, real=0.00 secs] 
89.766: Total time for which application threads were stopped: 0.0599750 seconds, Stopping threads took: 0.0593230 seconds
89.843: Application time: 0.0772020 seconds
89.892: [GC [PSYoungGen: 14441K->1376K(15360K)] 28951K->15887K(50688K), 0.0006930 secs] [Times: user=0.00 sys=0.00, real=0.00 secs] 
89.893: Total time for which application threads were stopped: 0.0501950 seconds, Stopping threads took: 0.0494320 seconds
89.971: Application time: 0.0783410 seconds
90.034: [GC [PSYoungGen: 14578K->547K(15360K)] 29088K->15066K(50688K), 0.0005190 secs] [Times: user=0.00 sys=0.00, real=0.00 secs] 
90.034: Total time for which application threads were stopped: 0.0630150 seconds, Stopping threads took: 0.0624120 seconds
90.112: Application time: 0.0778480 seconds
90.173: [GC [PSYoungGen: 13807K->742K(15360K)] 28326K->15261K(50688K), 0.0006220 secs] [Times: user=0.00 sys=0.00, real=0.00 secs] 
90.173: Total time for which application threads were stopped: 0.0612160 seconds, Stopping threads took: 0.0605150 seconds
90.252: Application time: 0.0784190 seconds
90.305: [GC [PSYoungGen: 13729K->710K(15360K)] 28247K->15237K(50688K), 0.0006520 secs] [Times: user=0.01 sys=0.00, real=0.00 secs] 
90.305: Total time for which application threads were stopped: 0.0533610 seconds, Stopping threads took: 0.0526190 seconds
90.384: Application time: 0.0791610 seconds
90.442: [GC [PSYoungGen: 14009K->1165K(15360K)] 28536K->15700K(50688K), 0.0007060 secs] [Times: user=0.01 sys=0.00, real=0.00 secs] 
90.443: Total time for which application threads were stopped: 0.0582710 seconds, Stopping threads took: 0.0574850 seconds
90.522: Application time: 0.0790250 seconds
90.569: [GC [PSYoungGen: 14464K->1556K(15360K)] 28999K->16098K(50688K), 0.0007480 secs] [Times: user=0.00 sys=0.00, real=0.00 secs] 
90.570: Total time for which application threads were stopped: 0.0480430 seconds, Stopping threads took: 0.0472130 seconds
90.646: Application time: 0.0766290 seconds
90.706: [GC [PSYoungGen: 14855K->1978K(15360K)] 29397K->16521K(50688K), 0.0007730 secs] [Times: user=0.01 sys=0.00, real=0.01 secs] 
90.707: Total time for which application threads were stopped: 0.0610110 seconds, Stopping threads took: 0.0594320 seconds
90.802: Application time: 0.0944830 seconds
90.862: [GC [PSYoungGen: 15258K->1133K(15360K)] 29800K->15684K(50688K), 0.0008510 secs] [Times: user=0.00 sys=0.00, real=0.00 secs] 
90.863: Total time for which application threads were stopped: 0.0609350 seconds, Stopping threads took: 0.0600160 seconds
90.940: Application time: 0.0768200 seconds
90.987: [GC [PSYoungGen: 14315K->1376K(15360K)] 28865K->15927K(50688K), 0.0006460 secs] [Times: user=0.00 sys=0.00, real=0.00 secs] 
90.987: Total time for which application threads were stopped: 0.0475890 seconds, Stopping threads took: 0.0468720 seconds
91.065: Application time: 0.0776460 seconds
91.128: [GC [PSYoungGen: 14636K->1587K(15360K)] 29187K->16146K(50688K), 0.0007240 secs] [Times: user=0.00 sys=0.00, real=0.00 secs] 
91.129: Total time for which application threads were stopped: 0.0642060 seconds, Stopping threads took: 0.0633980 seconds
91.205: Application time: 0.0756240 seconds
91.258: [GC [PSYoungGen: 14750K->1621K(15360K)] 29309K->16180K(50688K), 0.0008170 secs] [Times: user=0.00 sys=0.00, real=0.00 secs] 
91.259: Total time for which application threads were stopped: 0.0541880 seconds, Stopping threads took: 0.0532790 seconds
91.338: Application time: 0.0789780 seconds
91.403: [GC [PSYoungGen: 14725K->742K(15360K)] 29283K->15309K(50688K), 0.0006060 secs] [Times: user=0.00 sys=0.00, real=0.00 secs] 
91.404: Total time for which application threads were stopped: 0.0662040 seconds, Stopping threads took: 0.0655220 seconds
91.483: Application time: 0.0787090 seconds
91.528: [GC [PSYoungGen: 14041K->1149K(15360K)] 28608K->15716K(50688K), 0.0006010 secs] [Times: user=0.00 sys=0.00, real=0.00 secs] 
91.529: Total time for which application threads were stopped: 0.0459370 seconds, Stopping threads took: 0.0452520 seconds
91.605: Application time: 0.0762510 seconds
91.667: [GC [PSYoungGen: 14448K->1539K(15360K)] 29015K->16106K(50688K), 0.0007230 secs] [Times: user=0.00 sys=0.00, real=0.01 secs] 
91.667: Total time for which application threads were stopped: 0.0624400 seconds, Stopping threads took: 0.0616150 seconds
91.744: Application time: 0.0766180 seconds
91.810: [GC [PSYoungGen: 14819K->774K(15360K)] 29386K->15349K(50688K), 0.0005290 secs] [Times: user=0.00 sys=0.00, real=0.00 secs] 
91.811: Total time for which application threads were stopped: 0.0667510 seconds, Stopping threads took: 0.0661470 seconds
91.889: Application time: 0.0782020 seconds
91.944: [GC [PSYoungGen: 14081K->1149K(15360K)] 28656K->15732K(50688K), 0.0005880 secs] [Times: user=0.00 sys=0.00, real=0.00 secs] 
91.945: Total time for which application threads were stopped: 0.0559890 seconds, Stopping threads took: 0.0553290 seconds
92.022: Application time: 0.0771850 seconds
92.082: [GC [PSYoungGen: 14420K->336K(15360K)] 29003K->14918K(50688K), 0.0004300 secs] [Times: user=0.00 sys=0.00, real=0.00 secs] 
92.082: Total time for which application threads were stopped: 0.0601640 seconds, Stopping threads took: 0.0596540 seconds
92.158: Application time: 0.0756070 seconds
92.219: [GC [PSYoungGen: 13587K->1751K(15360K)] 28170K->16342K(50688K), 0.0010160 secs] [Times: user=0.00 sys=0.00, real=0.00 secs] 
92.220: Total time for which application threads were stopped: 0.0622130 seconds, Stopping threads took: 0.0611130 seconds
92.297: Application time: 0.0772290 seconds
92.365: [GC [PSYoungGen: 15058K->986K(15360K)] 29649K->15584K(50688K), 0.0005480 secs] [Times: user=0.00 sys=0.00, real=0.00 secs] 
92.366: Total time for which application threads were stopped: 0.0685760 seconds, Stopping threads took: 0.0679440 seconds
92.444: Application time: 0.0779110 seconds
92.497: [GC [PSYoungGen: 14167K->1165K(15360K)] 28766K->15763K(50688K), 0.0008120 secs] [Times: user=0.00 sys=0.00, real=0.00 secs] 
92.498: Total time for which application threads were stopped: 0.0535670 seconds, Stopping threads took: 0.0526640 seconds
92.574: Application time: 0.0762360 seconds
92.634: [GC [PSYoungGen: 14347K->1344K(15360K)] 28946K->15943K(50688K), 0.0006640 secs] [Times: user=0.00 sys=0.00, real=0.00 secs] 
92.635: Total time for which application threads were stopped: 0.0607770 seconds, Stopping threads took: 0.0600200 seconds
92.713: Application time: 0.0782240 seconds
92.766: [GC [PSYoungGen: 14526K->1588K(15360K)] 29125K->16186K(50688K), 0.0009440 secs] [Times: user=0.00 sys=0.00, real=0.00 secs] 
92.767: Total time for which application threads were stopped: 0.0538600 seconds, Stopping threads took: 0.0528250 seconds
92.844: Application time: 0.0774670 seconds
92.909: [GC [PSYoungGen: 14867K->774K(15360K)] 29466K->15381K(50688K), 0.0007470 secs] [Times: user=0.00 sys=0.00, real=0.00 secs] 
92.909: Total time for which application threads were stopped: 0.0653670 seconds, Stopping threads took: 0.0645270 seconds
92.988: Application time: 0.0787410 seconds
93.047: [GC [PSYoungGen: 14073K->1133K(15360K)] 28680K->15748K(50688K), 0.0006030 secs] [Times: user=0.00 sys=0.00, real=0.00 secs] 
93.047: Total time for which application threads were stopped: 0.0589350 seconds, Stopping threads took: 0.0582420 seconds
93.124: Application time: 0.0767140 seconds
93.181: [GC [PSYoungGen: 14413K->320K(15360K)] 29027K->14942K(50688K), 0.0004530 secs] [Times: user=0.00 sys=0.00, real=0.00 secs] 
93.182: Total time for which application threads were stopped: 0.0579450 seconds, Stopping threads took: 0.0574220 seconds
93.257: Application time: 0.0756000 seconds
93.303: [GC [PSYoungGen: 13521K->1767K(15360K)] 28144K->16398K(50688K), 0.0008010 secs] [Times: user=0.00 sys=0.00, real=0.00 secs] 
93.304: Total time for which application threads were stopped: 0.0465150 seconds, Stopping threads took: 0.0456310 seconds
93.383: Application time: 0.0794150 seconds
93.446: [GC [PSYoungGen: 14773K->774K(15360K)] 29403K->15405K(50688K), 0.0005550 secs] [Times: user=0.00 sys=0.00, real=0.00 secs] 
93.446: Total time for which application threads were stopped: 0.0630160 seconds, Stopping threads took: 0.0623940 seconds
93.523: Application time: 0.0769410 seconds
93.585: [GC [PSYoungGen: 13839K->726K(15360K)] 28470K->15357K(50688K), 0.0004950 secs] [Times: user=0.00 sys=0.00, real=0.00 secs] 
93.585: Total time for which application threads were stopped: 0.0619400 seconds, Stopping threads took: 0.0613770 seconds
93.665: Application time: 0.0800290 seconds
93.717: [GC [PSYoungGen: 14025K->1149K(15360K)] 28656K->15780K(50688K), 0.0006320 secs] [Times: user=0.00 sys=0.00, real=0.00 secs] 
93.717: Total time for which application threads were stopped: 0.0521020 seconds, Stopping threads took: 0.0513870 seconds
93.796: Application time: 0.0788500 seconds
93.863: [GC [PSYoungGen: 14350K->320K(15360K)] 28981K->14958K(50688K), 0.0004200 secs] [Times: user=0.00 sys=0.00, real=0.00 secs] 
93.863: Total time for which application threads were stopped: 0.0671670 seconds, Stopping threads took: 0.0666510 seconds
93.939: Application time: 0.0753210 seconds
93.972: [GC [PSYoungGen: 13482K->1572K(15360K)] 28121K->16210K(50688K), 0.0007280 secs] [Times: user=0.01 sys=0.00, real=0.00 secs] 
93.973: Total time for which application threads were stopped: 0.0339800 seconds, Stopping threads took: 0.0331770 seconds
94.051: Application time: 0.0782970 seconds
94.100: [GC [PSYoungGen: 14832K->1783K(15360K)] 29470K->16429K(50688K), 0.0007570 secs] [Times: user=0.01 sys=0.00, real=0.00 secs] 
94.101: Total time for which application threads were stopped: 0.0498480 seconds, Stopping threads took: 0.0490160 seconds
94.177: Application time: 0.0764130 seconds
94.238: [GC [PSYoungGen: 15062K->1864K(15360K)] 29709K->16714K(50688K), 0.0009580 secs] [Times: user=0.01 sys=0.00, real=0.00 secs] 
94.239: Total time for which application threads were stopped: 0.0617360 seconds, Stopping threads took: 0.0606760 seconds
94.315: Application time: 0.0763220 seconds
94.380: [GC [PSYoungGen: 15046K->1181K(15360K)] 29896K->16039K(50688K), 0.0006730 secs] [Times: user=0.00 sys=0.00, real=0.00 secs] 
94.381: Total time for which application threads were stopped: 0.0655290 seconds, Stopping threads took: 0.0647730 seconds
94.458: Application time: 0.0769660 seconds
94.518: [GC [PSYoungGen: 14480K->1572K(15360K)] 29338K->16437K(50688K), 0.0007800 secs] [Times: user=0.01 sys=0.00, real=0.00 secs] 
94.518: Total time for which application threads were stopped: 0.0605670 seconds, Stopping threads took: 0.0597030 seconds
94.598: Application time: 0.0800550 seconds
94.662: [GC [PSYoungGen: 14773K->774K(15360K)] 29639K->15648K(50688K), 0.0006180 secs] [Times: user=0.00 sys=0.00, real=0.00 secs] 
94.662: Total time for which application threads were stopped: 0.0638890 seconds, Stopping threads took: 0.0631780 seconds
94.741: Application time: 0.0782660 seconds
94.801: [GC [PSYoungGen: 14073K->1117K(15360K)] 28947K->15999K(50688K), 0.0006740 secs] [Times: user=0.01 sys=0.00, real=0.00 secs] 
94.802: Total time for which application threads were stopped: 0.0608810 seconds, Stopping threads took: 0.0601360 seconds
94.879: Application time: 0.0770660 seconds
94.930: [GC [PSYoungGen: 14299K->1360K(15360K)] 29181K->16250K(50688K), 0.0006620 secs] [Times: user=0.01 sys=0.00, real=0.00 secs] 
94.931: Total time for which application threads were stopped: 0.0520590 seconds, Stopping threads took: 0.0513170 seconds
95.008: Application time: 0.0771720 seconds
95.072: [GC [PSYoungGen: 14561K->579K(15360K)] 29451K->15469K(50688K), 0.0004570 secs] [Times: user=0.00 sys=0.00, real=0.00 secs] 
95.072: Total time for which application threads were stopped: 0.0645840 seconds, Stopping threads took: 0.0640540 seconds
95.152: Application time: 0.0791530 seconds
95.202: [GC [PSYoungGen: 13839K->742K(15360K)] 28729K->15640K(50688K), 0.0007360 secs] [Times: user=0.00 sys=0.00, real=0.00 secs] 
95.203: Total time for which application threads were stopped: 0.0514060 seconds, Stopping threads took: 0.0506040 seconds
95.281: Application time: 0.0778220 seconds
95.341: [GC [PSYoungGen: 13924K->970K(15360K)] 28822K->15868K(50688K), 0.0006420 secs] [Times: user=0.00 sys=0.00, real=0.00 secs] 
95.341: Total time for which application threads were stopped: 0.0606810 seconds, Stopping threads took: 0.0599620 seconds
95.421: Application time: 0.0799790 seconds
95.468: [GC [PSYoungGen: 14230K->1133K(15360K)] 29128K->16031K(50688K), 0.0005730 secs] [Times: user=0.00 sys=0.00, real=0.00 secs] 
95.469: Total time for which application threads were stopped: 0.0475790 seconds, Stopping threads took: 0.0469280 seconds
95.546: Application time: 0.0773480 seconds
95.612: [GC [PSYoungGen: 14412K->320K(15360K)] 29310K->15225K(50688K), 0.0004010 secs] [Times: user=0.01 sys=0.00, real=0.00 secs] 
95.612: Total time for which application threads were stopped: 0.0656490 seconds, Stopping threads took: 0.0651790 seconds
95.687: Application time: 0.0754470 seconds
95.721: [GC [PSYoungGen: 13521K->1815K(15360K)] 28427K->16721K(50688K), 0.0008380 secs] [Times: user=0.01 sys=0.00, real=0.00 secs] 
95.723: Total time for which application threads were stopped: 0.0353690 seconds, Stopping threads took: 0.0337030 seconds
95.800: Application time: 0.0771670 seconds
95.867: [GC [PSYoungGen: 14821K->790K(15360K)] 29727K->15696K(50688K), 0.0007050 secs] [Times: user=0.00 sys=0.00, real=0.01 secs] 
95.867: Total time for which application threads were stopped: 0.0672620 seconds, Stopping threads took: 0.0664880 seconds
95.944: Application time: 0.0770880 seconds
96.006: [GC [PSYoungGen: 13777K->758K(15360K)] 28683K->15672K(50688K), 0.0008090 secs] [Times: user=0.01 sys=0.00, real=0.00 secs] 
96.007: Total time for which application threads were stopped: 0.0628220 seconds, Stopping threads took: 0.0619170 seconds
96.085: Application time: 0.0781140 seconds
96.145: [GC [PSYoungGen: 14057K->1133K(15360K)] 28971K->16055K(50688K), 0.0007660 secs] [Times: user=0.00 sys=0.00, real=0.00 secs] 
96.146: Total time for which application threads were stopped: 0.0605530 seconds, Stopping threads took: 0.0596920 seconds
96.224: Application time: 0.0781040 seconds
96.277: [GC [PSYoungGen: 14334K->1410K(15360K)] 29256K->16340K(50688K), 0.0006740 secs] [Times: user=0.00 sys=0.00, real=0.00 secs] 
96.277: Total time for which application threads were stopped: 0.0532960 seconds, Stopping threads took: 0.0525460 seconds
96.353: Application time: 0.0761660 seconds
96.414: [GC [PSYoungGen: 14416K->1555K(15360K)] 29346K->16493K(50688K), 0.0007250 secs] [Times: user=0.01 sys=0.00, real=0.00 secs] 
96.415: Total time for which application threads were stopped: 0.0611780 seconds, Stopping threads took: 0.0603840 seconds
96.493: Application time: 0.0778810 seconds
96.541: [GC [PSYoungGen: 14698K->1572K(15360K)] 29636K->16510K(50688K), 0.0007460 secs] [Times: user=0.00 sys=0.00, real=0.00 secs] 
96.542: Total time for which application threads were stopped: 0.0493290 seconds, Stopping threads took: 0.0484880 seconds
96.619: Application time: 0.0773050 seconds
96.680: [GC [PSYoungGen: 14831K->1751K(15360K)] 29769K->16689K(50688K), 0.0007210 secs] [Times: user=0.00 sys=0.00, real=0.00 secs] 
96.681: Total time for which application threads were stopped: 0.0615250 seconds, Stopping threads took: 0.0607310 seconds
96.758: Application time: 0.0771920 seconds
96.822: [GC [PSYoungGen: 14757K->790K(15360K)] 29695K->15728K(50688K), 0.0005800 secs] [Times: user=0.00 sys=0.00, real=0.00 secs] 
96.822: Total time for which application threads were stopped: 0.0645670 seconds, Stopping threads took: 0.0638900 seconds
96.900: Application time: 0.0777970 seconds
96.960: [GC [PSYoungGen: 13972K->970K(15360K)] 28910K->15916K(50688K), 0.0006040 secs] [Times: user=0.01 sys=0.00, real=0.00 secs] 
96.961: Total time for which application threads were stopped: 0.0606740 seconds, Stopping threads took: 0.0599960 seconds
97.038: Application time: 0.0773270 seconds
97.086: [GC [PSYoungGen: 14151K->1165K(15360K)] 29097K->16111K(50688K), 0.0006170 secs] [Times: user=0.00 sys=0.00, real=0.00 secs] 
97.087: Total time for which application threads were stopped: 0.0487400 seconds, Stopping threads took: 0.0480160 seconds
97.164: Application time: 0.0766540 seconds
97.224: [GC [PSYoungGen: 14464K->1556K(15360K)] 29410K->16510K(50688K), 0.0007540 secs] [Times: user=0.01 sys=0.00, real=0.00 secs] 
97.225: Total time for which application threads were stopped: 0.0615590 seconds, Stopping threads took: 0.0607310 seconds
97.305: Application time: 0.0800330 seconds
97.356: [GC [PSYoungGen: 14835K->1880K(15360K)] 29789K->16842K(50688K), 0.0007610 secs] [Times: user=0.00 sys=0.00, real=0.00 secs] 
97.357: Total time for which application threads were stopped: 0.0518480 seconds, Stopping threads took: 0.0510120 seconds
97.435: Application time: 0.0775310 seconds
97.494: [GC [PSYoungGen: 15179K->1865K(15360K)] 30141K->17225K(50688K), 0.0008790 secs] [Times: user=0.00 sys=0.00, real=0.00 secs] 
97.495: Total time for which application threads were stopped: 0.0601010 seconds, Stopping threads took: 0.0591490 seconds
97.573: Application time: 0.0781590 seconds
97.641: [GC [PSYoungGen: 15066K->336K(15360K)] 30426K->15704K(50688K), 0.0005470 secs] [Times: user=0.00 sys=0.00, real=0.00 secs] 
97.642: Total time for which application threads were stopped: 0.0687430 seconds, Stopping threads took: 0.0680950 seconds
97.717: Application time: 0.0751800 seconds
97.751: [GC [PSYoungGen: 13615K->1751K(15360K)] 28984K->17119K(50688K), 0.0008480 secs] [Times: user=0.00 sys=0.00, real=0.00 secs] 
97.752: Total time for which application threads were stopped: 0.0349580 seconds, Stopping threads took: 0.0340360 seconds
97.829: Application time: 0.0769380 seconds
97.889: [GC [PSYoungGen: 14933K->1946K(15360K)] 30301K->17315K(50688K), 0.0008380 secs] [Times: user=0.00 sys=0.00, real=0.00 secs] 
97.890: Total time for which application threads were stopped: 0.0613490 seconds, Stopping threads took: 0.0604400 seconds
97.967: Application time: 0.0771510 seconds
98.019: [GC [PSYoungGen: 15128K->1978K(15360K)] 30497K->17558K(50688K), 0.0008370 secs] [Times: user=0.01 sys=0.00, real=0.00 secs] 
98.019: Total time for which application threads were stopped: 0.0521470 seconds, Stopping threads took: 0.0512420 seconds
98.097: Application time: 0.0778330 seconds
98.157: [GC [PSYoungGen: 15140K->1865K(15360K)] 30720K->17835K(50688K), 0.0008560 secs] [Times: user=0.01 sys=0.00, real=0.00 secs] 
98.158: Total time for which application threads were stopped: 0.0608010 seconds, Stopping threads took: 0.0598650 seconds
98.234: Application time: 0.0757650 seconds
98.300: [GC [PSYoungGen: 15163K->1572K(15360K)] 31134K->17542K(50688K), 0.0008380 secs] [Times: user=0.00 sys=0.00, real=0.00 secs] 
98.301: Total time for which application threads were stopped: 0.0668050 seconds, Stopping threads took: 0.0658730 seconds
98.380: Application time: 0.0794630 seconds
98.440: [GC [PSYoungGen: 14851K->726K(15360K)] 30822K->16697K(50688K), 0.0007800 secs] [Times: user=0.01 sys=0.00, real=0.00 secs] 
98.441: Total time for which application threads were stopped: 0.0611320 seconds, Stopping threads took: 0.0602680 seconds
98.519: Application time: 0.0777840 seconds
98.576: [GC [PSYoungGen: 13713K->742K(15360K)] 29684K->16729K(50688K), 0.0008040 secs] [Times: user=0.01 sys=0.00, real=0.00 secs] 
98.577: Total time for which application threads were stopped: 0.0578710 seconds, Stopping threads took: 0.0569700 seconds
98.656: Application time: 0.0791380 seconds
98.708: [GC [PSYoungGen: 14041K->1149K(15360K)] 30028K->17143K(50688K), 0.0006830 secs] [Times: user=0.00 sys=0.00, real=0.00 secs] 
98.709: Total time for which application threads were stopped: 0.0529920 seconds, Stopping threads took: 0.0522150 seconds
98.785: Application time: 0.0756160 seconds
98.846: [GC [PSYoungGen: 14331K->1408K(15360K)] 30325K->17403K(50688K), 0.0006280 secs] [Times: user=0.00 sys=0.00, real=0.00 secs] 
98.847: Total time for which application threads were stopped: 0.0620860 seconds, Stopping threads took: 0.0613900 seconds
98.925: Application time: 0.0785450 seconds
98.986: [GC [PSYoungGen: 14609K->547K(15360K)] 30604K->16549K(50688K), 0.0005200 secs] [Times: user=0.00 sys=0.00, real=0.00 secs] 
98.986: Total time for which application threads were stopped: 0.0609610 seconds, Stopping threads took: 0.0603760 seconds
99.063: Application time: 0.0763800 seconds
99.097: [GC [PSYoungGen: 13748K->1946K(15360K)] 29751K->17965K(50688K), 0.0008180 secs] [Times: user=0.00 sys=0.00, real=0.00 secs] 
99.097: Total time for which application threads were stopped: 0.0347950 seconds, Stopping threads took: 0.0338950 seconds
99.176: Application time: 0.0788490 seconds
99.237: [GC [PSYoungGen: 14991K->758K(15360K)] 31010K->16777K(50688K), 0.0006120 secs] [Times: user=0.00 sys=0.00, real=0.00 secs] 
99.238: Total time for which application threads were stopped: 0.0616550 seconds, Stopping threads took: 0.0609410 seconds
99.316: Application time: 0.0783890 seconds
99.369: [GC [PSYoungGen: 14057K->1149K(15360K)] 30076K->17175K(50688K), 0.0007330 secs] [Times: user=0.01 sys=0.00, real=0.00 secs] 
99.370: Total time for which application threads were stopped: 0.0536560 seconds, Stopping threads took: 0.0528310 seconds
99.447: Application time: 0.0771780 seconds
99.506: [GC [PSYoungGen: 14448K->1556K(15360K)] 30474K->17582K(50688K), 0.0006880 secs] [Times: user=0.00 sys=0.00, real=0.00 secs] 
99.506: Total time for which application threads were stopped: 0.0593240 seconds, Stopping threads took: 0.0585690 seconds
99.584: Application time: 0.0774750 seconds
99.644: [GC [PSYoungGen: 14718K->563K(15360K)] 30744K->16589K(50688K), 0.0004780 secs] [Times: user=0.00 sys=0.00, real=0.00 secs] 
99.645: Total time for which application threads were stopped: 0.0608420 seconds, Stopping threads took: 0.0602950 seconds
99.723: Application time: 0.0782690 seconds
99.778: [GC [PSYoungGen: 13745K->758K(15360K)] 29771K->16793K(50688K), 0.0004970 secs] [Times: user=0.00 sys=0.00, real=0.00 secs] 
99.778: Total time for which application threads were stopped: 0.0550300 seconds, Stopping threads took: 0.0544560 seconds
99.856: Application time: 0.0778980 seconds
99.910: [GC [PSYoungGen: 13745K->790K(15360K)] 29779K->16833K(50688K), 0.0005070 secs] [Times: user=0.01 sys=0.00, real=0.00 secs] 
99.911: Total time for which application threads were stopped: 0.0550090 seconds, Stopping threads took: 0.0544350 seconds
99.990: Application time: 0.0792150 seconds
100.052: [GC [PSYoungGen: 13972K->986K(15360K)] 30015K->17036K(50688K), 0.0005750 secs] [Times: user=0.00 sys=0.00, real=0.00 secs] 
100.052: Total time for which application threads were stopped: 0.0619080 seconds, Stopping threads took: 0.0612600 seconds
100.130: Application time: 0.0782220 seconds
100.189: [GC [PSYoungGen: 14285K->1328K(15360K)] 30335K->17387K(50688K), 0.0006490 secs] [Times: user=0.01 sys=0.00, real=0.00 secs] 
100.190: Total time for which application threads were stopped: 0.0596280 seconds, Stopping threads took: 0.0589100 seconds
100.268: Application time: 0.0782810 seconds
100.322: [GC [PSYoungGen: 14482K->1555K(15360K)] 30541K->17614K(50688K), 0.0007120 secs] [Times: user=0.00 sys=0.00, real=0.00 secs] 
100.322: Total time for which application threads were stopped: 0.0540370 seconds, Stopping threads took: 0.0532460 seconds
100.399: Application time: 0.0762380 seconds
100.464: [GC [PSYoungGen: 14863K->806K(15360K)] 30922K->16873K(50688K), 0.0006680 secs] [Times: user=0.00 sys=0.00, real=0.00 secs] 
100.464: Total time for which application threads were stopped: 0.0659150 seconds, Stopping threads took: 0.0651730 seconds
100.544: Application time: 0.0792200 seconds
100.604: [GC [PSYoungGen: 13910K->954K(15360K)] 29976K->17028K(50688K), 0.0005860 secs] [Times: user=0.01 sys=0.00, real=0.00 secs] 
100.604: Total time for which application threads were stopped: 0.0605150 seconds, Stopping threads took: 0.0598420 seconds
100.682: Application time: 0.0782160 seconds
100.734: [GC [PSYoungGen: 14253K->1360K(15360K)] 30327K->17435K(50688K), 0.0006840 secs] [Times: user=0.01 sys=0.00, real=0.00 secs] 
100.735: Total time for which application threads were stopped: 0.0527840 seconds, Stopping threads took: 0.0511810 seconds
100.813: Application time: 0.0779380 seconds
100.882: [GC [PSYoungGen: 14562K->579K(15360K)] 30636K->16661K(50688K), 0.0005040 secs] [Times: user=0.00 sys=0.00, real=0.00 secs] 
100.883: Total time for which application threads were stopped: 0.0698400 seconds, Stopping threads took: 0.0692320 seconds
100.962: Application time: 0.0789540 seconds
101.023: [GC [PSYoungGen: 13683K->806K(15360K)] 29765K->16889K(50688K), 0.0005350 secs] [Times: user=0.00 sys=0.00, real=0.00 secs] 
101.024: Total time for which application threads were stopped: 0.0620080 seconds, Stopping threads took: 0.0613820 seconds
101.101: Application time: 0.0775010 seconds
101.150: [GC [PSYoungGen: 13949K->742K(15360K)] 30032K->16825K(50688K), 0.0004880 secs] [Times: user=0.00 sys=0.00, real=0.00 secs] 
101.150: Total time for which application threads were stopped: 0.0490010 seconds, Stopping threads took: 0.0484190 seconds
101.230: Application time: 0.0795170 seconds
101.279: [GC [PSYoungGen: 13729K->726K(15360K)] 29812K->16857K(50688K), 0.0005930 secs] [Times: user=0.00 sys=0.00, real=0.00 secs] 
101.279: Total time for which application threads were stopped: 0.0493500 seconds, Stopping threads took: 0.0486850 seconds
101.356: Application time: 0.0770350 seconds
101.417: [GC [PSYoungGen: 13791K->742K(15360K)] 29922K->16873K(50688K), 0.0005020 secs] [Times: user=0.01 sys=0.00, real=0.00 secs] 
101.418: Total time for which application threads were stopped: 0.0612830 seconds, Stopping threads took: 0.0606990 seconds
101.498: Application time: 0.0801410 seconds
101.546: [GC [PSYoungGen: 13846K->1018K(15360K)] 29977K->17148K(50688K), 0.0006130 secs] [Times: user=0.01 sys=0.00, real=0.00 secs] 
101.546: Total time for which application threads were stopped: 0.0484310 seconds, Stopping threads took: 0.0477440 seconds
101.624: Application time: 0.0778590 seconds
101.682: [GC [PSYoungGen: 14199K->1165K(15360K)] 30330K->17303K(50688K), 0.0006160 secs] [Times: user=0.01 sys=0.00, real=0.00 secs] 
101.683: Total time for which application threads were stopped: 0.0585660 seconds, Stopping threads took: 0.0578860 seconds
101.759: Application time: 0.0761520 seconds
101.814: [GC [PSYoungGen: 14366K->1426K(15360K)] 30505K->17572K(50688K), 0.0008170 secs] [Times: user=0.00 sys=0.00, real=0.00 secs] 
101.815: Total time for which application threads were stopped: 0.0561650 seconds, Stopping threads took: 0.0552780 seconds
101.893: Application time: 0.0784690 seconds
101.957: [GC [PSYoungGen: 14725K->758K(15360K)] 30871K->16913K(50688K), 0.0005570 secs] [Times: user=0.00 sys=0.00, real=0.00 secs] 
101.958: Total time for which application threads were stopped: 0.0642470 seconds, Stopping threads took: 0.0636050 seconds
102.035: Application time: 0.0776840 seconds
102.096: [GC [PSYoungGen: 13745K->790K(15360K)] 29899K->16953K(50688K), 0.0005110 secs] [Times: user=0.01 sys=0.00, real=0.00 secs] 
102.097: Total time for which application threads were stopped: 0.0614780 seconds, Stopping threads took: 0.0608920 seconds
102.176: Application time: 0.0792280 seconds
102.236: [GC [PSYoungGen: 14089K->1165K(15360K)] 30252K->17327K(50688K), 0.0006140 secs] [Times: user=0.00 sys=0.00, real=0.00 secs] 
102.237: Total time for which application threads were stopped: 0.0604330 seconds, Stopping threads took: 0.0597520 seconds
102.313: Application time: 0.0762800 seconds
102.366: [GC [PSYoungGen: 14366K->1442K(15360K)] 30529K->17612K(50688K), 0.0007240 secs] [Times: user=0.00 sys=0.00, real=0.00 secs] 
102.366: Total time for which application threads were stopped: 0.0535420 seconds, Stopping threads took: 0.0527430 seconds
102.445: Application time: 0.0787770 seconds
102.511: [GC [PSYoungGen: 14624K->563K(15360K)] 30794K->16742K(50688K), 0.0004800 secs] [Times: user=0.00 sys=0.00, real=0.00 secs] 
102.512: Total time for which application threads were stopped: 0.0664680 seconds, Stopping threads took: 0.0659070 seconds
102.589: Application time: 0.0770310 seconds
102.637: [GC [PSYoungGen: 13706K->563K(15360K)] 29885K->16742K(50688K), 0.0005630 secs] [Times: user=0.00 sys=0.00, real=0.00 secs] 
102.638: Total time for which application threads were stopped: 0.0488920 seconds, Stopping threads took: 0.0482530 seconds
102.718: Application time: 0.0800190 seconds
102.776: [GC [PSYoungGen: 13745K->790K(15360K)] 29924K->16969K(50688K), 0.0005430 secs] [Times: user=0.00 sys=0.00, real=0.00 secs] 
102.777: Total time for which application threads were stopped: 0.0591350 seconds, Stopping threads took: 0.0585120 seconds
102.855: Application time: 0.0780160 seconds
102.908: [GC [PSYoungGen: 13777K->774K(15360K)] 29955K->16953K(50688K), 0.0005310 secs] [Times: user=0.00 sys=0.00, real=0.00 secs] 
102.909: Total time for which application threads were stopped: 0.0541480 seconds, Stopping threads took: 0.0535300 seconds
102.988: Application time: 0.0793410 seconds
103.048: [GC [PSYoungGen: 14073K->1181K(15360K)] 30252K->17359K(50688K), 0.0006700 secs] [Times: user=0.00 sys=0.00, real=0.00 secs] 
103.049: Total time for which application threads were stopped: 0.0607020 seconds, Stopping threads took: 0.0599560 seconds
103.126: Application time: 0.0773390 seconds
103.177: [GC [PSYoungGen: 14480K->1588K(15360K)] 30658K->17774K(50688K), 0.0007130 secs] [Times: user=0.00 sys=0.00, real=0.00 secs] 
103.178: Total time for which application threads were stopped: 0.0519550 seconds, Stopping threads took: 0.0511720 seconds
103.257: Application time: 0.0791710 seconds
103.321: [GC [PSYoungGen: 14867K->790K(15360K)] 31054K->16985K(50688K), 0.0005540 secs] [Times: user=0.00 sys=0.00, real=0.00 secs] 
103.322: Total time for which application threads were stopped: 0.0642540 seconds, Stopping threads took: 0.0636290 seconds
103.401: Application time: 0.0790310 seconds
103.461: [GC [PSYoungGen: 14099K->1133K(15360K)] 30294K->17351K(50688K), 0.0006290 secs] [Times: user=0.01 sys=0.00, real=0.00 secs] 
103.461: Total time for which application threads were stopped: 0.0607340 seconds, Stopping threads took: 0.0600350 seconds
103.540: Application time: 0.0789840 seconds
103.592: [GC [PSYoungGen: 14404K->1426K(15360K)] 30623K->17644K(50688K), 0.0006960 secs] [Times: user=0.01 sys=0.00, real=0.00 secs] 
103.593: Total time for which application threads were stopped: 0.0523880 seconds, Stopping threads took: 0.0516090 seconds
103.670: Application time: 0.0768640 seconds
103.729: [GC [PSYoungGen: 14627K->1751K(15360K)] 30846K->17977K(50688K), 0.0008240 secs] [Times: user=0.00 sys=0.00, real=0.00 secs] 
103.730: Total time for which application threads were stopped: 0.0604260 seconds, Stopping threads took: 0.0595280 seconds
103.809: Application time: 0.0786000 seconds
103.859: [GC [PSYoungGen: 14913K->1865K(15360K)] 31140K->18091K(50688K), 0.0008130 secs] [Times: user=0.01 sys=0.00, real=0.00 secs] 
103.860: Total time for which application threads were stopped: 0.0515030 seconds, Stopping threads took: 0.0506130 seconds
103.937: Application time: 0.0763410 seconds
103.998: [GC [PSYoungGen: 15144K->1962K(15360K)] 31371K->18384K(50688K), 0.0008330 secs] [Times: user=0.00 sys=0.00, real=0.00 secs] 
103.998: Total time for which application threads were stopped: 0.0618990 seconds, Stopping threads took: 0.0609920 seconds
104.075: Application time: 0.0768640 seconds
104.144: [GC [PSYoungGen: 15242K->1376K(15360K)] 31664K->17806K(50688K), 0.0006660 secs] [Times: user=0.01 sys=0.00, real=0.00 secs] 
104.145: Total time for which application threads were stopped: 0.0698530 seconds, Stopping threads took: 0.0691120 seconds
104.222: Application time: 0.0765020 seconds
104.274: [GC [PSYoungGen: 14675K->1799K(15360K)] 31105K->18229K(50688K), 0.0007340 secs] [Times: user=0.01 sys=0.00, real=0.00 secs] 
104.274: Total time for which application threads were stopped: 0.0527910 seconds, Stopping threads took: 0.0519830 seconds
104.353: Application time: 0.0781000 seconds
104.421: [GC [PSYoungGen: 15078K->954K(15360K)] 31508K->17383K(50688K), 0.0006950 secs] [Times: user=0.00 sys=0.00, real=0.00 secs] 
104.422: Total time for which application threads were stopped: 0.0689470 seconds, Stopping threads took: 0.0681630 seconds
104.499: Application time: 0.0770620 seconds
104.554: [GC [PSYoungGen: 14135K->1165K(15360K)] 30565K->17603K(50688K), 0.0008610 secs] [Times: user=0.01 sys=0.00, real=0.00 secs] 
104.555: Total time for which application threads were stopped: 0.0562900 seconds, Stopping threads took: 0.0553430 seconds
104.632: Application time: 0.0774440 seconds
104.697: [GC [PSYoungGen: 14444K->336K(15360K)] 30882K->16781K(50688K), 0.0006160 secs] [Times: user=0.00 sys=0.00, real=0.00 secs] 
104.697: Total time for which application threads were stopped: 0.0650480 seconds, Stopping threads took: 0.0643300 seconds
104.774: Application time: 0.0765050 seconds
104.819: [GC [PSYoungGen: 13615K->1881K(15360K)] 30061K->19311K(50688K), 0.0013420 secs] [Times: user=0.01 sys=0.00, real=0.00 secs] 
104.821: Total time for which application threads were stopped: 0.0469270 seconds, Stopping threads took: 0.0455030 seconds
104.897: Application time: 0.0765020 seconds
104.963: [GC [PSYoungGen: 15179K->1946K(15360K)] 32610K->19580K(50688K), 0.0010690 secs] [Times: user=0.01 sys=0.00, real=0.00 secs] 
104.964: Total time for which application threads were stopped: 0.0669640 seconds, Stopping threads took: 0.0658190 seconds
105.045: Application time: 0.0808330 seconds
105.113: [GC [PSYoungGen: 15195K->1376K(15360K)] 32829K->19010K(50688K), 0.0007970 secs] [Times: user=0.00 sys=0.00, real=0.00 secs] 
105.113: Total time for which application threads were stopped: 0.0683400 seconds, Stopping threads took: 0.0674470 seconds
105.197: Application time: 0.0834020 seconds
105.257: [GC [PSYoungGen: 14586K->1588K(15360K)] 32220K->19221K(50688K), 0.0009250 secs] [Times: user=0.00 sys=0.00, real=0.00 secs] 
105.258: Total time for which application threads were stopped: 0.0607940 seconds, Stopping threads took: 0.0597690 seconds
105.340: Application time: 0.0822490 seconds
105.394: [GC [PSYoungGen: 14887K->1962K(15360K)] 32520K->19604K(50688K), 0.0008640 secs] [Times: user=0.00 sys=0.00, real=0.00 secs] 
105.395: Total time for which application threads were stopped: 0.0545970 seconds, Stopping threads took: 0.0536350 seconds
105.480: Application time: 0.0851600 seconds
105.548: [GC [PSYoungGen: 15242K->1133K(15360K)] 32884K->18775K(50688K), 0.0007060 secs] [Times: user=0.00 sys=0.00, real=0.00 secs] 
105.549: Total time for which application threads were stopped: 0.0694730 seconds, Stopping threads took: 0.0686680 seconds
105.634: Application time: 0.0845850 seconds
105.699: [GC [PSYoungGen: 14432K->1556K(15360K)] 32074K->19205K(50688K), 0.0007470 secs] [Times: user=0.00 sys=0.00, real=0.00 secs] 
105.700: Total time for which application threads were stopped: 0.0658830 seconds, Stopping threads took: 0.0650380 seconds
105.784: Application time: 0.0847950 seconds
105.852: [GC [PSYoungGen: 14835K->1864K(15360K)] 32485K->19514K(50688K), 0.0008280 secs] [Times: user=0.00 sys=0.00, real=0.00 secs] 
105.854: Total time for which application threads were stopped: 0.0691510 seconds, Stopping threads took: 0.0675680 seconds
105.939: Application time: 0.0849730 seconds
106.004: [GC [PSYoungGen: 14929K->742K(15360K)] 32579K->18400K(50688K), 0.0005460 secs] [Times: user=0.00 sys=0.00, real=0.00 secs] 
106.005: Total time for which application threads were stopped: 0.0661240 seconds, Stopping threads took: 0.0654800 seconds
106.089: Application time: 0.0846010 seconds
106.151: [GC [PSYoungGen: 13807K->774K(15360K)] 31465K->18440K(50688K), 0.0005250 secs] [Times: user=0.00 sys=0.00, real=0.00 secs] 
106.152: Total time for which application threads were stopped: 0.0623430 seconds, Stopping threads took: 0.0617290 seconds
106.235: Application time: 0.0832870 seconds
106.292: [GC [PSYoungGen: 14073K->1165K(15360K)] 31739K->18839K(50688K), 0.0007810 secs] [Times: user=0.00 sys=0.00, real=0.00 secs] 
106.293: Total time for which application threads were stopped: 0.0577290 seconds, Stopping threads took: 0.0568760 seconds
106.376: Application time: 0.0836460 seconds
106.440: [GC [PSYoungGen: 14464K->1588K(15360K)] 32138K->19261K(50688K), 0.0007530 secs] [Times: user=0.01 sys=0.00, real=0.00 secs] 
106.440: Total time for which application threads were stopped: 0.0640830 seconds, Stopping threads took: 0.0632410 seconds
106.524: Application time: 0.0835150 seconds
106.594: [GC [PSYoungGen: 14789K->774K(15360K)] 32463K->18456K(50688K), 0.0006040 secs] [Times: user=0.00 sys=0.00, real=0.00 secs] 
106.595: Total time for which application threads were stopped: 0.0709170 seconds, Stopping threads took: 0.0702420 seconds
106.679: Application time: 0.0838960 seconds
106.743: [GC [PSYoungGen: 14073K->1181K(15360K)] 31755K->18871K(50688K), 0.0006510 secs] [Times: user=0.01 sys=0.00, real=0.00 secs] 
106.744: Total time for which application threads were stopped: 0.0653400 seconds, Stopping threads took: 0.0646190 seconds
106.827: Application time: 0.0827890 seconds
106.892: [GC [PSYoungGen: 14441K->1328K(15360K)] 32131K->19026K(50688K), 0.0006950 secs] [Times: user=0.01 sys=0.00, real=0.00 secs] 
106.893: Total time for which application threads were stopped: 0.0656910 seconds, Stopping threads took: 0.0649270 seconds
106.977: Application time: 0.0846070 seconds
107.034: [GC [PSYoungGen: 14608K->1669K(15360K)] 32306K->19375K(50688K), 0.0009160 secs] [Times: user=0.01 sys=0.00, real=0.00 secs] 
107.035: Total time for which application threads were stopped: 0.0580840 seconds, Stopping threads took: 0.0570840 seconds
107.118: Application time: 0.0825090 seconds
107.187: [GC [PSYoungGen: 14851K->758K(15360K)] 32557K->18464K(50688K), 0.0005090 secs] [Times: user=0.00 sys=0.00, real=0.01 secs] 
107.187: Total time for which application threads were stopped: 0.0695810 seconds, Stopping threads took: 0.0689940 seconds
107.271: Application time: 0.0838560 seconds
107.326: [GC [PSYoungGen: 13823K->758K(15360K)] 31529K->18464K(50688K), 0.0005170 secs] [Times: user=0.00 sys=0.00, real=0.00 secs] 
107.326: Total time for which application threads were stopped: 0.0549740 seconds, Stopping threads took: 0.0543810 seconds
107.410: Application time: 0.0839590 seconds
107.475: [GC [PSYoungGen: 13862K->970K(15360K)] 31568K->18683K(50688K), 0.0005550 secs] [Times: user=0.00 sys=0.00, real=0.01 secs] 
107.476: Total time for which application threads were stopped: 0.0654100 seconds, Stopping threads took: 0.0647880 seconds
107.559: Application time: 0.0835080 seconds
107.624: [GC [PSYoungGen: 14269K->1344K(15360K)] 31982K->19058K(50688K), 0.0007320 secs] [Times: user=0.01 sys=0.00, real=0.00 secs] 
107.625: Total time for which application threads were stopped: 0.0655380 seconds, Stopping threads took: 0.0647210 seconds
107.708: Application time: 0.0831890 seconds
107.776: [GC [PSYoungGen: 14624K->531K(15360K)] 32338K->18253K(50688K), 0.0005470 secs] [Times: user=0.00 sys=0.00, real=0.00 secs] 
107.776: Total time for which application threads were stopped: 0.0685230 seconds, Stopping threads took: 0.0679070 seconds
107.858: Application time: 0.0819710 seconds
107.929: [GC [PSYoungGen: 13713K->790K(15360K)] 31435K->18512K(50688K), 0.0005460 secs] [Times: user=0.00 sys=0.00, real=0.00 secs] 
107.930: Total time for which application threads were stopped: 0.0715440 seconds, Stopping threads took: 0.0709230 seconds
108.014: Application time: 0.0843790 seconds
108.067: [GC [PSYoungGen: 14089K->1197K(15360K)] 31811K->18935K(50688K), 0.0006020 secs] [Times: user=0.01 sys=0.00, real=0.00 secs] 
108.068: Total time for which application threads were stopped: 0.0538980 seconds, Stopping threads took: 0.0532250 seconds
108.151: Application time: 0.0833300 seconds
108.221: [GC [PSYoungGen: 14398K->320K(15360K)] 32136K->18065K(50688K), 0.0004310 secs] [Times: user=0.00 sys=0.00, real=0.00 secs] 
108.221: Total time for which application threads were stopped: 0.0700010 seconds, Stopping threads took: 0.0694900 seconds
108.304: Application time: 0.0823660 seconds
108.340: [GC [PSYoungGen: 13599K->2010K(15360K)] 31345K->21717K(50688K), 0.0013080 secs] [Times: user=0.01 sys=0.00, real=0.00 secs] 
108.342: Total time for which application threads were stopped: 0.0378150 seconds, Stopping threads took: 0.0364370 seconds
108.425: Application time: 0.0834610 seconds
108.501: [GC [PSYoungGen: 15192K->1962K(15360K)] 34899K->21669K(50688K), 0.0009420 secs] [Times: user=0.00 sys=0.00, real=0.00 secs] 
108.502: Total time for which application threads were stopped: 0.0770910 seconds, Stopping threads took: 0.0760710 seconds
108.584: Application time: 0.0819240 seconds
108.658: [GC [PSYoungGen: 15163K->1101K(15360K)] 34871K->20808K(50688K), 0.0007380 secs] [Times: user=0.01 sys=0.00, real=0.00 secs] 
108.659: Total time for which application threads were stopped: 0.0750650 seconds, Stopping threads took: 0.0742340 seconds
108.742: Application time: 0.0833250 seconds
108.799: [GC [PSYoungGen: 14244K->1149K(15360K)] 33951K->20856K(50688K), 0.0007230 secs] [Times: user=0.00 sys=0.00, real=0.00 secs] 
108.800: Total time for which application threads were stopped: 0.0577260 seconds, Stopping threads took: 0.0569110 seconds
108.886: Application time: 0.0854650 seconds
108.952: [GC [PSYoungGen: 14429K->336K(15360K)] 34136K->20043K(50688K), 0.0004750 secs] [Times: user=0.01 sys=0.00, real=0.00 secs] 
108.953: Total time for which application threads were stopped: 0.0672230 seconds, Stopping threads took: 0.0666540 seconds
109.034: Application time: 0.0809080 seconds
109.081: [GC [PSYoungGen: 13635K->1848K(15360K)] 33342K->21564K(50688K), 0.0010190 secs] [Times: user=0.00 sys=0.00, real=0.00 secs] 
109.082: Total time for which application threads were stopped: 0.0480750 seconds, Stopping threads took: 0.0469600 seconds
109.160: Application time: 0.0777300 seconds
109.222: [GC [PSYoungGen: 14952K->986K(15360K)] 34667K->20709K(50688K), 0.0006290 secs] [Times: user=0.01 sys=0.00, real=0.00 secs] 
109.223: Total time for which application threads were stopped: 0.0633340 seconds, Stopping threads took: 0.0626090 seconds
109.299: Application time: 0.0765300 seconds
109.359: [GC [PSYoungGen: 14167K->1165K(15360K)] 33890K->20896K(50688K), 0.0008660 secs] [Times: user=0.01 sys=0.00, real=0.00 secs] 
109.360: Total time for which application threads were stopped: 0.0603150 seconds, Stopping threads took: 0.0593670 seconds
109.438: Application time: 0.0783570 seconds
109.488: [GC [PSYoungGen: 14464K->1587K(15360K)] 34195K->21327K(50688K), 0.0007680 secs] [Times: user=0.00 sys=0.00, real=0.00 secs] 
109.488: Total time for which application threads were stopped: 0.0503020 seconds, Stopping threads took: 0.0494620 seconds
109.567: Application time: 0.0787840 seconds
109.627: [GC [PSYoungGen: 14574K->1587K(15360K)] 34313K->21327K(50688K), 0.0009880 secs] [Times: user=0.00 sys=0.00, real=0.00 secs] 
109.628: Total time for which application threads were stopped: 0.0610260 seconds, Stopping threads took: 0.0599580 seconds
109.706: Application time: 0.0778720 seconds
109.756: [GC [PSYoungGen: 14574K->1540K(15360K)] 34313K->21279K(50688K), 0.0007500 secs] [Times: user=0.00 sys=0.00, real=0.00 secs] 
109.757: Total time for which application threads were stopped: 0.0509610 seconds, Stopping threads took: 0.0501350 seconds
109.837: Application time: 0.0797850 seconds
109.901: [GC [PSYoungGen: 14819K->774K(15360K)] 34558K->20521K(50688K), 0.0006310 secs] [Times: user=0.00 sys=0.00, real=0.00 secs] 
109.901: Total time for which application threads were stopped: 0.0643510 seconds, Stopping threads took: 0.0636180 seconds
109.979: Application time: 0.0775320 seconds
110.038: [GC [PSYoungGen: 13761K->774K(15360K)] 33508K->20529K(50688K), 0.0007010 secs] [Times: user=0.00 sys=0.00, real=0.00 secs] 
110.039: Total time for which application threads were stopped: 0.0599380 seconds, Stopping threads took: 0.0591670 seconds
110.117: Application time: 0.0782070 seconds
110.165: [GC [PSYoungGen: 13956K->986K(15360K)] 33711K->20741K(50688K), 0.0005460 secs] [Times: user=0.01 sys=0.00, real=0.00 secs] 
110.166: Total time for which application threads were stopped: 0.0486300 seconds, Stopping threads took: 0.0480140 seconds
110.244: Application time: 0.0781340 seconds
110.302: [GC [PSYoungGen: 14168K->1149K(15360K)] 33923K->20904K(50688K), 0.0006340 secs] [Times: user=0.01 sys=0.00, real=0.00 secs] 
110.303: Total time for which application threads were stopped: 0.0589610 seconds, Stopping threads took: 0.0582490 seconds
110.380: Application time: 0.0775110 seconds
110.432: [GC [PSYoungGen: 14331K->1424K(15360K)] 34086K->21187K(50688K), 0.0006600 secs] [Times: user=0.00 sys=0.00, real=0.00 secs] 
110.433: Total time for which application threads were stopped: 0.0528940 seconds, Stopping threads took: 0.0521560 seconds
110.512: Application time: 0.0787250 seconds
110.545: [GC [PSYoungGen: 14723K->1881K(15360K)] 34486K->22628K(50688K), 0.0010990 secs] [Times: user=0.01 sys=0.00, real=0.00 secs] 
110.547: Total time for which application threads were stopped: 0.0346840 seconds, Stopping threads took: 0.0335130 seconds
110.624: Application time: 0.0772620 seconds
110.692: [GC [PSYoungGen: 14887K->1848K(15360K)] 35634K->22596K(50688K), 0.0008580 secs] [Times: user=0.00 sys=0.00, real=0.00 secs] 
110.693: Total time for which application threads were stopped: 0.0692100 seconds, Stopping threads took: 0.0682760 seconds
110.770: Application time: 0.0770290 seconds
110.830: [GC [PSYoungGen: 15128K->1962K(15360K)] 35876K->22913K(50688K), 0.0008240 secs] [Times: user=0.00 sys=0.00, real=0.00 secs] 
110.830: Total time for which application threads were stopped: 0.0603690 seconds, Stopping threads took: 0.0594720 seconds
110.910: Application time: 0.0791310 seconds
110.971: [GC [PSYoungGen: 15242K->1376K(15360K)] 36193K->22335K(50688K), 0.0006500 secs] [Times: user=0.00 sys=0.00, real=0.00 secs] 
110.973: Total time for which application threads were stopped: 0.0635250 seconds, Stopping threads took: 0.0618380 seconds
111.050: Application time: 0.0768000 seconds
111.111: [GC [PSYoungGen: 14577K->1669K(15360K)] 35537K->22628K(50688K), 0.0007550 secs] [Times: user=0.00 sys=0.00, real=0.00 secs] 
111.112: Total time for which application threads were stopped: 0.0617340 seconds, Stopping threads took: 0.0608980 seconds
111.190: Application time: 0.0784220 seconds
111.249: [GC [PSYoungGen: 14929K->1849K(15360K)] 35888K->22808K(50688K), 0.0008010 secs] [Times: user=0.00 sys=0.00, real=0.00 secs] 
111.250: Total time for which application threads were stopped: 0.0602290 seconds, Stopping threads took: 0.0593600 seconds
111.330: Application time: 0.0794570 seconds
111.385: [GC [PSYoungGen: 14835K->1864K(15360K)] 35794K->22832K(50688K), 0.0007970 secs] [Times: user=0.01 sys=0.00, real=0.00 secs] 
111.386: Total time for which application threads were stopped: 0.0561260 seconds, Stopping threads took: 0.0552460 seconds
111.463: Application time: 0.0775890 seconds
111.525: [GC [PSYoungGen: 14851K->726K(15360K)] 35818K->21693K(50688K), 0.0005580 secs] [Times: user=0.00 sys=0.00, real=0.00 secs] 
111.526: Total time for which application threads were stopped: 0.0623790 seconds, Stopping threads took: 0.0617440 seconds
111.603: Application time: 0.0770390 seconds
111.661: [GC [PSYoungGen: 14025K->1165K(15360K)] 34992K->22140K(50688K), 0.0006360 secs] [Times: user=0.01 sys=0.00, real=0.00 secs] 
111.662: Total time for which application threads were stopped: 0.0586990 seconds, Stopping threads took: 0.0579910 seconds
111.739: Application time: 0.0776080 seconds
111.798: [GC [PSYoungGen: 14347K->1344K(15360K)] 35322K->22327K(50688K), 0.0006420 secs] [Times: user=0.00 sys=0.00, real=0.00 secs] 
111.799: Total time for which application threads were stopped: 0.0594760 seconds, Stopping threads took: 0.0587650 seconds
111.876: Application time: 0.0771760 seconds
111.938: [GC [PSYoungGen: 14624K->531K(15360K)] 35607K->21522K(50688K), 0.0005030 secs] [Times: user=0.00 sys=0.00, real=0.00 secs] 
111.938: Total time for which application threads were stopped: 0.0624530 seconds, Stopping threads took: 0.0618740 seconds
112.014: Application time: 0.0760030 seconds
112.070: [GC [PSYoungGen: 13635K->726K(15360K)] 34626K->21725K(50688K), 0.0005870 secs] [Times: user=0.00 sys=0.00, real=0.00 secs] 
112.070: Total time for which application threads were stopped: 0.0558480 seconds, Stopping threads took: 0.0551670 seconds
112.150: Application time: 0.0802360 seconds
112.210: [GC [PSYoungGen: 13908K->922K(15360K)] 34907K->21929K(50688K), 0.0006170 secs] [Times: user=0.00 sys=0.00, real=0.00 secs] 
112.210: Total time for which application threads were stopped: 0.0599340 seconds, Stopping threads took: 0.0592460 seconds
112.288: Application time: 0.0774420 seconds
112.337: [GC [PSYoungGen: 14181K->1149K(15360K)] 35189K->22164K(50688K), 0.0006260 secs] [Times: user=0.00 sys=0.00, real=0.00 secs] 
112.338: Total time for which application threads were stopped: 0.0499070 seconds, Stopping threads took: 0.0491900 seconds
112.414: Application time: 0.0765400 seconds
112.462: [GC [PSYoungGen: 14448K->1556K(15360K)] 35463K->22579K(50688K), 0.0009690 secs] [Times: user=0.00 sys=0.00, real=0.00 secs] 
112.463: Total time for which application threads were stopped: 0.0486390 seconds, Stopping threads took: 0.0475790 seconds
112.540: Application time: 0.0771100 seconds
112.601: [GC [PSYoungGen: 14542K->1572K(15360K)] 35565K->22595K(50688K), 0.0009780 secs] [Times: user=0.01 sys=0.01, real=0.00 secs] 
112.602: Total time for which application threads were stopped: 0.0616890 seconds, Stopping threads took: 0.0606060 seconds
112.679: Application time: 0.0772540 seconds
112.726: [GC [PSYoungGen: 14871K->1962K(15360K)] 35894K->22985K(50688K), 0.0008430 secs] [Times: user=0.00 sys=0.00, real=0.01 secs] 
112.727: Total time for which application threads were stopped: 0.0484190 seconds, Stopping threads took: 0.0474820 seconds
112.803: Application time: 0.0755350 seconds
112.873: [GC [PSYoungGen: 15261K->1978K(15360K)] 36284K->23400K(50688K), 0.0009440 secs] [Times: user=0.00 sys=0.00, real=0.00 secs] 
112.874: Total time for which application threads were stopped: 0.0709570 seconds, Stopping threads took: 0.0699210 seconds
112.952: Application time: 0.0777280 seconds
113.013: [GC [PSYoungGen: 15140K->1376K(15360K)] 36562K->22806K(50688K), 0.0006450 secs] [Times: user=0.00 sys=0.00, real=0.00 secs] 
113.013: Total time for which application threads were stopped: 0.0618610 seconds, Stopping threads took: 0.0611490 seconds
113.092: Application time: 0.0785900 seconds
113.142: [GC [PSYoungGen: 14534K->1556K(15360K)] 35964K->22985K(50688K), 0.0007130 secs] [Times: user=0.00 sys=0.00, real=0.00 secs] 
113.143: Total time for which application threads were stopped: 0.0511030 seconds, Stopping threads took: 0.0503040 seconds
113.220: Application time: 0.0770680 seconds
113.279: [GC [PSYoungGen: 14683K->1751K(15360K)] 36113K->23189K(50688K), 0.0007900 secs] [Times: user=0.01 sys=0.00, real=0.00 secs] 
113.279: Total time for which application threads were stopped: 0.0591670 seconds, Stopping threads took: 0.0582850 seconds
113.359: Application time: 0.0793360 seconds
113.410: [GC [PSYoungGen: 14835K->758K(15360K)] 36273K->22204K(50688K), 0.0007380 secs] [Times: user=0.01 sys=0.00, real=0.00 secs] 
113.410: Total time for which application threads were stopped: 0.0516460 seconds, Stopping threads took: 0.0508140 seconds
113.488: Application time: 0.0779300 seconds
113.549: [GC [PSYoungGen: 13823K->726K(15360K)] 35269K->22180K(50688K), 0.0006340 secs] [Times: user=0.01 sys=0.00, real=0.00 secs] 
113.550: Total time for which application threads were stopped: 0.0615880 seconds, Stopping threads took: 0.0608590 seconds
113.628: Application time: 0.0784870 seconds
113.686: [GC [PSYoungGen: 13908K->1002K(15360K)] 35362K->22455K(50688K), 0.0005890 secs] [Times: user=0.00 sys=0.00, real=0.00 secs] 
113.687: Total time for which application threads were stopped: 0.0586950 seconds, Stopping threads took: 0.0580250 seconds
113.765: Application time: 0.0783100 seconds
113.815: [GC [PSYoungGen: 14301K->1376K(15360K)] 35754K->22838K(50688K), 0.0006870 secs] [Times: user=0.00 sys=0.00, real=0.01 secs] 
113.815: Total time for which application threads were stopped: 0.0500600 seconds, Stopping threads took: 0.0493020 seconds
113.894: Application time: 0.0786990 seconds
113.957: [GC [PSYoungGen: 14578K->579K(15360K)] 36039K->22049K(50688K), 0.0005380 secs] [Times: user=0.01 sys=0.00, real=0.00 secs] 
113.958: Total time for which application threads were stopped: 0.0637120 seconds, Stopping threads took: 0.0630960 seconds
114.039: Application time: 0.0807110 seconds
114.097: [GC [PSYoungGen: 13878K->1002K(15360K)] 35348K->22471K(50688K), 0.0005810 secs] [Times: user=0.00 sys=0.00, real=0.00 secs] 
114.097: Total time for which application threads were stopped: 0.0586190 seconds, Stopping threads took: 0.0579700 seconds
114.175: Application time: 0.0776330 seconds
114.224: [GC [PSYoungGen: 14105K->1133K(15360K)] 35575K->22611K(50688K), 0.0005830 secs] [Times: user=0.00 sys=0.00, real=0.00 secs] 
114.225: Total time for which application threads were stopped: 0.0497970 seconds, Stopping threads took: 0.0491380 seconds
114.301: Application time: 0.0766670 seconds
114.363: [GC [PSYoungGen: 14393K->1360K(15360K)] 35871K->22846K(50688K), 0.0006870 secs] [Times: user=0.00 sys=0.00, real=0.00 secs] 
114.363: Total time for which application threads were stopped: 0.0621450 seconds, Stopping threads took: 0.0613860 seconds
114.441: Application time: 0.0773410 seconds
114.497: [GC [PSYoungGen: 14640K->579K(15360K)] 36125K->22065K(50688K), 0.0008860 secs] [Times: user=0.00 sys=0.00, real=0.00 secs] 
114.498: Total time for which application threads were stopped: 0.0572240 seconds, Stopping threads took: 0.0562450 seconds
114.576: Application time: 0.0776120 seconds
114.626: [GC [PSYoungGen: 13761K->710K(15360K)] 35247K->22204K(50688K), 0.0005530 secs] [Times: user=0.00 sys=0.00, real=0.00 secs] 
114.627: Total time for which application threads were stopped: 0.0510850 seconds, Stopping threads took: 0.0504630 seconds
114.705: Application time: 0.0779510 seconds
114.765: [GC [PSYoungGen: 13926K->986K(15360K)] 35420K->22479K(50688K), 0.0006430 secs] [Times: user=0.00 sys=0.00, real=0.00 secs] 
114.765: Total time for which application threads were stopped: 0.0607580 seconds, Stopping threads took: 0.0600370 seconds
114.842: Application time: 0.0770340 seconds
114.894: [GC [PSYoungGen: 14133K->1133K(15360K)] 35627K->22627K(50688K), 0.0005640 secs] [Times: user=0.00 sys=0.00, real=0.00 secs] 
114.894: Total time for which application threads were stopped: 0.0520360 seconds, Stopping threads took: 0.0514010 seconds
114.972: Application time: 0.0777320 seconds
115.036: [GC [PSYoungGen: 14334K->336K(15360K)] 35828K->21837K(50688K), 0.0005030 secs] [Times: user=0.00 sys=0.00, real=0.00 secs] 
115.037: Total time for which application threads were stopped: 0.0644090 seconds, Stopping threads took: 0.0638370 seconds
115.113: Application time: 0.0764970 seconds
115.159: [GC [PSYoungGen: 13635K->1994K(15360K)] 35136K->24481K(50688K), 0.0010580 secs] [Times: user=0.00 sys=0.01, real=0.00 secs] 
115.160: Total time for which application threads were stopped: 0.0471210 seconds, Stopping threads took: 0.0459930 seconds
115.237: Application time: 0.0764450 seconds
115.301: [GC [PSYoungGen: 14980K->1880K(15360K)] 37467K->24367K(50688K), 0.0008170 secs] [Times: user=0.01 sys=0.00, real=0.00 secs] 
115.302: Total time for which application threads were stopped: 0.0648140 seconds, Stopping threads took: 0.0639110 seconds
115.379: Application time: 0.0778520 seconds
115.434: [GC [PSYoungGen: 15180K->2028K(15360K)] 37666K->24718K(50688K), 0.0008550 secs] [Times: user=0.01 sys=0.00, real=0.00 secs] 
115.435: Total time for which application threads were stopped: 0.0553520 seconds, Stopping threads took: 0.0544220 seconds
115.513: Application time: 0.0779380 seconds
115.577: [GC [PSYoungGen: 15288K->1344K(15360K)] 37977K->24042K(50688K), 0.0006760 secs] [Times: user=0.01 sys=0.00, real=0.00 secs] 
115.577: Total time for which application threads were stopped: 0.0646620 seconds, Stopping threads took: 0.0639110 seconds
115.654: Application time: 0.0763170 seconds
115.714: [GC [PSYoungGen: 14526K->1587K(15360K)] 37224K->24293K(50688K), 0.0008570 secs] [Times: user=0.00 sys=0.00, real=0.00 secs] 
115.715: Total time for which application threads were stopped: 0.0610750 seconds, Stopping threads took: 0.0601310 seconds
115.793: Application time: 0.0787000 seconds
115.854: [GC [PSYoungGen: 14828K->579K(15360K)] 37534K->23284K(50688K), 0.0006260 secs] [Times: user=0.01 sys=0.00, real=0.00 secs] 
115.855: Total time for which application threads were stopped: 0.0610760 seconds, Stopping threads took: 0.0603750 seconds
115.934: Application time: 0.0799890 seconds
115.993: [GC [PSYoungGen: 13683K->758K(15360K)] 36388K->23464K(50688K), 0.0005180 secs] [Times: user=0.00 sys=0.00, real=0.00 secs] 
115.994: Total time for which application threads were stopped: 0.0599720 seconds, Stopping threads took: 0.0584040 seconds
116.072: Application time: 0.0776380 seconds
116.125: [GC [PSYoungGen: 14057K->1149K(15360K)] 36763K->23855K(50688K), 0.0007510 secs] [Times: user=0.01 sys=0.00, real=0.00 secs] 
116.125: Total time for which application threads were stopped: 0.0533620 seconds, Stopping threads took: 0.0525220 seconds
116.202: Application time: 0.0765150 seconds
116.263: [GC [PSYoungGen: 14331K->1376K(15360K)] 37036K->24082K(50688K), 0.0008080 secs] [Times: user=0.00 sys=0.00, real=0.00 secs] 
116.263: Total time for which application threads were stopped: 0.0613530 seconds, Stopping threads took: 0.0604520 seconds
116.342: Application time: 0.0789160 seconds
116.402: [GC [PSYoungGen: 14578K->1669K(15360K)] 37283K->24383K(50688K), 0.0007070 secs] [Times: user=0.01 sys=0.00, real=0.00 secs] 
116.402: Total time for which application threads were stopped: 0.0601950 seconds, Stopping threads took: 0.0594010 seconds
116.480: Application time: 0.0778470 seconds
116.548: [GC [PSYoungGen: 14968K->1002K(15360K)] 37682K->23723K(50688K), 0.0006500 secs] [Times: user=0.01 sys=0.00, real=0.00 secs] 
116.549: Total time for which application threads were stopped: 0.0683390 seconds, Stopping threads took: 0.0675970 seconds
116.625: Application time: 0.0768240 seconds
116.682: [GC [PSYoungGen: 14183K->1181K(15360K)] 36905K->23911K(50688K), 0.0006980 secs] [Times: user=0.00 sys=0.00, real=0.00 secs] 
116.683: Total time for which application threads were stopped: 0.0570270 seconds, Stopping threads took: 0.0562400 seconds
116.758: Application time: 0.0759110 seconds
116.810: [GC [PSYoungGen: 14480K->1572K(15360K)] 37210K->24309K(50688K), 0.0007600 secs] [Times: user=0.01 sys=0.00, real=0.00 secs] 
116.811: Total time for which application threads were stopped: 0.0527050 seconds, Stopping threads took: 0.0518760 seconds
116.889: Application time: 0.0775400 seconds
116.949: [GC [PSYoungGen: 14558K->1540K(15360K)] 37296K->24285K(50688K), 0.0007660 secs] [Times: user=0.01 sys=0.00, real=0.00 secs] 
116.950: Total time for which application threads were stopped: 0.0611210 seconds, Stopping threads took: 0.0602720 seconds
117.027: Application time: 0.0767300 seconds
117.086: [GC [PSYoungGen: 14604K->1556K(15360K)] 37350K->24301K(50688K), 0.0007150 secs] [Times: user=0.00 sys=0.00, real=0.00 secs] 
117.087: Total time for which application threads were stopped: 0.0601030 seconds, Stopping threads took: 0.0593140 seconds
117.171: Application time: 0.0841600 seconds
117.235: [GC [PSYoungGen: 14542K->1556K(15360K)] 37288K->24301K(50688K), 0.0006890 secs] [Times: user=0.01 sys=0.00, real=0.01 secs] 
117.236: Total time for which application threads were stopped: 0.0649620 seconds, Stopping threads took: 0.0641990 seconds
117.320: Application time: 0.0839740 seconds
117.387: [GC [PSYoungGen: 14835K->774K(15360K)] 37581K->23528K(50688K), 0.0005530 secs] [Times: user=0.00 sys=0.00, real=0.00 secs] 
117.388: Total time for which application threads were stopped: 0.0682590 seconds, Stopping threads took: 0.0676320 seconds
117.472: Application time: 0.0837110 seconds
117.524: [GC [PSYoungGen: 13956K->1994K(15360K)] 36710K->25920K(50688K), 0.0013750 secs] [Times: user=0.01 sys=0.00, real=0.00 secs] 
117.525: Total time for which application threads were stopped: 0.0533360 seconds, Stopping threads took: 0.0518720 seconds
117.609: Application time: 0.0843550 seconds
117.685: [GC [PSYoungGen: 15293K->1344K(15360K)] 39219K->25278K(50688K), 0.0009750 secs] [Times: user=0.01 sys=0.00, real=0.00 secs] 
117.686: Total time for which application threads were stopped: 0.0765770 seconds, Stopping threads took: 0.0754980 seconds
117.771: Application time: 0.0846200 seconds
117.838: [GC [PSYoungGen: 14546K->579K(15360K)] 38479K->24520K(50688K), 0.0005760 secs] [Times: user=0.00 sys=0.00, real=0.00 secs] 
117.839: Total time for which application threads were stopped: 0.0682370 seconds, Stopping threads took: 0.0675610 seconds
117.922: Application time: 0.0829260 seconds
117.980: [GC [PSYoungGen: 13839K->806K(15360K)] 37781K->24756K(50688K), 0.0006770 secs] [Times: user=0.00 sys=0.00, real=0.00 secs] 
117.980: Total time for which application threads were stopped: 0.0586840 seconds, Stopping threads took: 0.0579110 seconds
118.065: Application time: 0.0847340 seconds
118.123: [GC [PSYoungGen: 14008K->1751K(15360K)] 37957K->26091K(50688K), 0.0008700 secs] [Times: user=0.00 sys=0.00, real=0.00 secs] 
118.124: Total time for which application threads were stopped: 0.0587640 seconds, Stopping threads took: 0.0578100 seconds
118.209: Application time: 0.0850710 seconds
118.284: [GC [PSYoungGen: 15050K->336K(15360K)] 39390K->24676K(50688K), 0.0004500 secs] [Times: user=0.00 sys=0.00, real=0.00 secs] 
118.285: Total time for which application threads were stopped: 0.0755990 seconds, Stopping threads took: 0.0750710 seconds
118.367: Application time: 0.0823610 seconds
118.404: [GC [PSYoungGen: 13517K->1978K(15360K)] 37858K->27108K(50688K), 0.0011050 secs] [Times: user=0.01 sys=0.00, real=0.00 secs] 
118.405: Total time for which application threads were stopped: 0.0379860 seconds, Stopping threads took: 0.0367870 seconds
118.488: Application time: 0.0827620 seconds
118.552: [GC [PSYoungGen: 15179K->1865K(15360K)] 40309K->28166K(50688K), 0.0012340 secs] [Times: user=0.00 sys=0.00, real=0.00 secs] 
118.553: Total time for which application threads were stopped: 0.0650140 seconds, Stopping threads took: 0.0636990 seconds
118.639: Application time: 0.0859990 seconds
118.715: [GC [PSYoungGen: 15105K->938K(15360K)] 41407K->27239K(50688K), 0.0006360 secs] [Times: user=0.00 sys=0.00, real=0.01 secs] 
118.716: Total time for which application threads were stopped: 0.0770090 seconds, Stopping threads took: 0.0762680 seconds
118.799: Application time: 0.0832640 seconds
118.856: [GC [PSYoungGen: 14237K->1360K(15360K)] 40538K->27670K(50688K), 0.0008530 secs] [Times: user=0.00 sys=0.00, real=0.00 secs] 
118.857: Total time for which application threads were stopped: 0.0579810 seconds, Stopping threads took: 0.0570350 seconds
118.941: Application time: 0.0837880 seconds
119.007: [GC [PSYoungGen: 14659K->1783K(15360K)] 40969K->28092K(50688K), 0.0008450 secs] [Times: user=0.01 sys=0.00, real=0.01 secs] 
119.007: Total time for which application threads were stopped: 0.0666470 seconds, Stopping threads took: 0.0657050 seconds
119.090: Application time: 0.0829920 seconds
119.156: [GC [PSYoungGen: 15082K->1978K(15360K)] 41391K->28491K(50688K), 0.0011740 secs] [Times: user=0.00 sys=0.00, real=0.00 secs] 
119.158: Total time for which application threads were stopped: 0.0670600 seconds, Stopping threads took: 0.0658060 seconds
119.242: Application time: 0.0841370 seconds
119.310: [GC [PSYoungGen: 15140K->1165K(15360K)] 41653K->27686K(50688K), 0.0008320 secs] [Times: user=0.00 sys=0.00, real=0.00 secs] 
119.311: Total time for which application threads were stopped: 0.0693590 seconds, Stopping threads took: 0.0684250 seconds
119.394: Application time: 0.0833680 seconds
119.456: [GC [PSYoungGen: 14425K->1360K(15360K)] 40946K->27889K(50688K), 0.0009000 secs] [Times: user=0.00 sys=0.00, real=0.00 secs] 
119.457: Total time for which application threads were stopped: 0.0622290 seconds, Stopping threads took: 0.0612340 seconds
119.541: Application time: 0.0847910 seconds
119.611: [GC [PSYoungGen: 14640K->531K(15360K)] 41168K->27068K(50688K), 0.0005810 secs] [Times: user=0.00 sys=0.00, real=0.00 secs] 
119.611: Total time for which application threads were stopped: 0.0700440 seconds, Stopping threads took: 0.0693670 seconds
119.697: Application time: 0.0850230 seconds
119.761: [GC [PSYoungGen: 13635K->806K(15360K)] 40171K->27351K(50688K), 0.0005020 secs] [Times: user=0.01 sys=0.00, real=0.00 secs] 
119.761: Total time for which application threads were stopped: 0.0648740 seconds, Stopping threads took: 0.0643030 seconds
119.845: Application time: 0.0839090 seconds
119.904: [GC [PSYoungGen: 14105K->1133K(15360K)] 40650K->27678K(50688K), 0.0008410 secs] [Times: user=0.01 sys=0.00, real=0.00 secs] 
119.905: Total time for which application threads were stopped: 0.0600750 seconds, Stopping threads took: 0.0591430 seconds
119.988: Application time: 0.0826170 seconds
120.052: [GC [PSYoungGen: 14432K->1556K(15360K)] 40977K->28100K(50688K), 0.0007530 secs] [Times: user=0.00 sys=0.00, real=0.00 secs] 
120.053: Total time for which application threads were stopped: 0.0651200 seconds, Stopping threads took: 0.0642720 seconds
120.138: Application time: 0.0851350 seconds
120.209: [GC [PSYoungGen: 14718K->547K(15360K)] 41263K->27100K(50688K), 0.0005160 secs] [Times: user=0.00 sys=0.00, real=0.00 secs] 
120.210: Total time for which application threads were stopped: 0.0715650 seconds, Stopping threads took: 0.0709730 seconds
120.294: Application time: 0.0845780 seconds
120.359: [GC [PSYoungGen: 13846K->970K(15360K)] 40399K->27522K(50688K), 0.0007740 secs] [Times: user=0.00 sys=0.00, real=0.00 secs] 
120.360: Total time for which application threads were stopped: 0.0655190 seconds, Stopping threads took: 0.0646500 seconds
120.443: Application time: 0.0833610 seconds
120.508: [GC [PSYoungGen: 14151K->1149K(15360K)] 40704K->27702K(50688K), 0.0006850 secs] [Times: user=0.00 sys=0.00, real=0.00 secs] 
120.509: Total time for which application threads were stopped: 0.0654000 seconds, Stopping threads took: 0.0646250 seconds
120.592: Application time: 0.0832930 seconds
120.651: [GC [PSYoungGen: 14331K->1376K(15360K)] 40884K->27937K(50688K), 0.0007280 secs] [Times: user=0.01 sys=0.00, real=0.00 secs] 
120.652: Total time for which application threads were stopped: 0.0595450 seconds, Stopping threads took: 0.0587230 seconds
120.736: Application time: 0.0841730 seconds
120.802: [GC [PSYoungGen: 14636K->1539K(15360K)] 41197K->28100K(50688K), 0.0009550 secs] [Times: user=0.01 sys=0.00, real=0.00 secs] 
120.803: Total time for which application threads were stopped: 0.0671570 seconds, Stopping threads took: 0.0661140 seconds
120.886: Application time: 0.0829810 seconds
120.957: [GC [PSYoungGen: 14741K->774K(15360K)] 41302K->27343K(50688K), 0.0006570 secs] [Times: user=0.01 sys=0.00, real=0.00 secs] 
120.958: Total time for which application threads were stopped: 0.0720420 seconds, Stopping threads took: 0.0712870 seconds
121.042: Application time: 0.0837570 seconds
121.093: [GC [PSYoungGen: 13956K->986K(15360K)] 40525K->27554K(50688K), 0.0006000 secs] [Times: user=0.00 sys=0.00, real=0.00 secs] 
121.094: Total time for which application threads were stopped: 0.0524440 seconds, Stopping threads took: 0.0508310 seconds
121.172: Application time: 0.0778660 seconds
121.231: [GC [PSYoungGen: 14284K->1344K(15360K)] 40853K->27913K(50688K), 0.0007560 secs] [Times: user=0.01 sys=0.00, real=0.00 secs] 
121.231: Total time for which application threads were stopped: 0.0594240 seconds, Stopping threads took: 0.0585940 seconds
121.310: Application time: 0.0784840 seconds
121.361: [GC [PSYoungGen: 14526K->1572K(15360K)] 41095K->28140K(50688K), 0.0007050 secs] [Times: user=0.00 sys=0.00, real=0.00 secs] 
121.362: Total time for which application threads were stopped: 0.0516700 seconds, Stopping threads took: 0.0508920 seconds
121.437: Application time: 0.0754590 seconds
121.498: [GC [PSYoungGen: 14675K->1767K(15360K)] 41244K->28344K(50688K), 0.0007990 secs] [Times: user=0.01 sys=0.00, real=0.00 secs] 
121.499: Total time for which application threads were stopped: 0.0615100 seconds, Stopping threads took: 0.0606400 seconds
121.576: Application time: 0.0773380 seconds
121.639: [GC [PSYoungGen: 14929K->742K(15360K)] 41506K->27327K(50688K), 0.0005160 secs] [Times: user=0.00 sys=0.00, real=0.00 secs] 
121.639: Total time for which application threads were stopped: 0.0632890 seconds, Stopping threads took: 0.0626930 seconds
121.718: Application time: 0.0789830 seconds
121.778: [GC [PSYoungGen: 14041K->1181K(15360K)] 40626K->27782K(50688K), 0.0007060 secs] [Times: user=0.01 sys=0.00, real=0.00 secs] 
121.779: Total time for which application threads were stopped: 0.0604470 seconds, Stopping threads took: 0.0596500 seconds
121.858: Application time: 0.0794230 seconds
121.912: [GC [PSYoungGen: 14167K->1165K(15360K)] 40768K->27766K(50688K), 0.0006290 secs] [Times: user=0.00 sys=0.00, real=0.00 secs] 
121.913: Total time for which application threads were stopped: 0.0550120 seconds, Stopping threads took: 0.0543110 seconds
121.991: Application time: 0.0775830 seconds
122.042: [GC [PSYoungGen: 14464K->1556K(15360K)] 41065K->28156K(50688K), 0.0007310 secs] [Times: user=0.00 sys=0.00, real=0.00 secs] 
122.042: Total time for which application threads were stopped: 0.0516910 seconds, Stopping threads took: 0.0508860 seconds
122.121: Application time: 0.0787580 seconds
122.185: [GC [PSYoungGen: 14757K->806K(15360K)] 41358K->27407K(50688K), 0.0005660 secs] [Times: user=0.00 sys=0.00, real=0.00 secs] 
122.186: Total time for which application threads were stopped: 0.0645980 seconds, Stopping threads took: 0.0639490 seconds
122.264: Application time: 0.0785360 seconds
122.312: [GC [PSYoungGen: 14066K->1002K(15360K)] 40667K->27610K(50688K), 0.0005970 secs] [Times: user=0.01 sys=0.00, real=0.00 secs] 
122.313: Total time for which application threads were stopped: 0.0485010 seconds, Stopping threads took: 0.0478390 seconds
122.392: Application time: 0.0790720 seconds
122.450: [GC [PSYoungGen: 14183K->1133K(15360K)] 40792K->27742K(50688K), 0.0006360 secs] [Times: user=0.00 sys=0.00, real=0.00 secs] 
122.451: Total time for which application threads were stopped: 0.0591840 seconds, Stopping threads took: 0.0584740 seconds
122.528: Application time: 0.0774910 seconds
122.597: [GC [PSYoungGen: 14412K->336K(15360K)] 41021K->26952K(50688K), 0.0006110 secs] [Times: user=0.01 sys=0.00, real=0.00 secs] 
122.597: Total time for which application threads were stopped: 0.0688140 seconds, Stopping threads took: 0.0681090 seconds
122.673: Application time: 0.0752850 seconds
122.706: [GC [PSYoungGen: 13498K->1865K(15360K)] 40115K->29271K(50688K), 0.0009940 secs] [Times: user=0.01 sys=0.00, real=0.00 secs] 
122.707: Total time for which application threads were stopped: 0.0342230 seconds, Stopping threads took: 0.0331470 seconds
122.793: Application time: 0.0863980 seconds
122.861: [GC [PSYoungGen: 15163K->1930K(15360K)] 42570K->29344K(50688K), 0.0009600 secs] [Times: user=0.00 sys=0.00, real=0.00 secs] 
122.862: Total time for which application threads were stopped: 0.0684140 seconds, Stopping threads took: 0.0673700 seconds
122.942: Application time: 0.0799920 seconds
123.010: [GC [PSYoungGen: 15229K->2010K(15360K)] 42643K->29815K(50688K), 0.0010090 secs] [Times: user=0.01 sys=0.00, real=0.00 secs] 
123.011: Total time for which application threads were stopped: 0.0698000 seconds, Stopping threads took: 0.0687130 seconds
123.087: Application time: 0.0754170 seconds
123.148: [GC [PSYoungGen: 15192K->1962K(15360K)] 42997K->30361K(50688K), 0.0009600 secs] [Times: user=0.01 sys=0.01, real=0.00 secs] 
123.149: Total time for which application threads were stopped: 0.0617820 seconds, Stopping threads took: 0.0607480 seconds
123.224: Application time: 0.0757140 seconds
123.295: [GC [PSYoungGen: 15261K->1833K(15360K)] 43660K->30231K(50688K), 0.0009400 secs] [Times: user=0.00 sys=0.00, real=0.01 secs] 
123.296: Total time for which application threads were stopped: 0.0712770 seconds, Stopping threads took: 0.0702350 seconds
123.372: Application time: 0.0767190 seconds
123.421: [GC [PSYoungGen: 15112K->1962K(15360K)] 43511K->30564K(50688K), 0.0009380 secs] [Times: user=0.00 sys=0.00, real=0.00 secs] 
123.422: Total time for which application threads were stopped: 0.0498960 seconds, Stopping threads took: 0.0488830 seconds
123.498: Application time: 0.0758660 seconds
123.534: [GC [PSYoungGen: 15242K->1978K(15360K)] 43844K->32143K(50688K), 0.0012070 secs] [Times: user=0.00 sys=0.00, real=0.00 secs] 
123.535: Total time for which application threads were stopped: 0.0369360 seconds, Stopping threads took: 0.0356550 seconds
123.614: Application time: 0.0789430 seconds
123.682: [GC [PSYoungGen: 15140K->288K(15360K)] 45305K->30468K(50688K), 0.0006400 secs] [Times: user=0.00 sys=0.00, real=0.00 secs] 
123.683: Total time for which application threads were stopped: 0.0689690 seconds, Stopping threads took: 0.0682600 seconds
123.759: Application time: 0.0756830 seconds
123.812: [GC [PSYoungGen: 13489K->1799K(15360K)] 43670K->31979K(50688K), 0.0008730 secs] [Times: user=0.00 sys=0.00, real=0.00 secs] 
123.813: Total time for which application threads were stopped: 0.0540910 seconds, Stopping threads took: 0.0531140 seconds
123.890: Application time: 0.0771290 seconds
123.954: [GC [PSYoungGen: 14805K->726K(15360K)] 44985K->30915K(50688K), 0.0006070 secs] [Times: user=0.01 sys=0.00, real=0.00 secs] 
123.954: Total time for which application threads were stopped: 0.0643180 seconds, Stopping threads took: 0.0636270 seconds
124.033: Application time: 0.0786260 seconds
124.098: [GC [PSYoungGen: 13869K->758K(15360K)] 44058K->30947K(50688K), 0.0006000 secs] [Times: user=0.00 sys=0.00, real=0.00 secs] 
124.099: Total time for which application threads were stopped: 0.0657310 seconds, Stopping threads took: 0.0650610 seconds
124.177: Application time: 0.0787420 seconds
124.237: [GC [PSYoungGen: 14057K->1149K(15360K)] 44246K->31338K(50688K), 0.0008190 secs] [Times: user=0.00 sys=0.00, real=0.00 secs] 
124.238: Total time for which application threads were stopped: 0.0606060 seconds, Stopping threads took: 0.0596960 seconds
124.315: Application time: 0.0775980 seconds
124.376: [GC [PSYoungGen: 14448K->1524K(15360K)] 44637K->31720K(50688K), 0.0007300 secs] [Times: user=0.00 sys=0.00, real=0.00 secs] 
124.377: Total time for which application threads were stopped: 0.0611810 seconds, Stopping threads took: 0.0603710 seconds
124.453: Application time: 0.0760150 seconds
124.506: [GC [PSYoungGen: 14823K->1898K(15360K)] 45019K->32103K(50688K), 0.0008350 secs] [Times: user=0.00 sys=0.00, real=0.00 secs] 
124.507: Total time for which application threads were stopped: 0.0539110 seconds, Stopping threads took: 0.0529920 seconds
124.583: Application time: 0.0762260 seconds
124.648: [GC [PSYoungGen: 15100K->1181K(15360K)] 45304K->31393K(50688K), 0.0006710 secs] [Times: user=0.01 sys=0.00, real=0.00 secs] 
124.649: Total time for which application threads were stopped: 0.0660040 seconds, Stopping threads took: 0.0652630 seconds
124.727: Application time: 0.0776730 seconds
124.788: [GC [PSYoungGen: 14460K->336K(15360K)] 44673K->30556K(50688K), 0.0005000 secs] [Times: user=0.00 sys=0.00, real=0.00 secs] 
124.789: Total time for which application threads were stopped: 0.0620160 seconds, Stopping threads took: 0.0614250 seconds
124.864: Application time: 0.0755810 seconds
124.918: [GC [PSYoungGen: 13635K->774K(15360K)] 43855K->30995K(50688K), 0.0007170 secs] [Times: user=0.00 sys=0.01, real=0.00 secs] 
124.919: Total time for which application threads were stopped: 0.0549770 seconds, Stopping threads took: 0.0541680 seconds
124.997: Application time: 0.0783170 seconds
125.058: [GC [PSYoungGen: 14034K->954K(15360K)] 44255K->31174K(50688K), 0.0006980 secs] [Times: user=0.00 sys=0.00, real=0.00 secs] 
125.058: Total time for which application threads were stopped: 0.0608210 seconds, Stopping threads took: 0.0600350 seconds
125.136: Application time: 0.0778120 seconds
125.188: [GC [PSYoungGen: 14135K->1133K(15360K)] 44356K->31369K(50688K), 0.0006090 secs] [Times: user=0.00 sys=0.00, real=0.00 secs] 
125.189: Total time for which application threads were stopped: 0.0527630 seconds, Stopping threads took: 0.0520830 seconds
125.265: Application time: 0.0764890 seconds
125.328: [GC [PSYoungGen: 14393K->1344K(15360K)] 44630K->31581K(50688K), 0.0007000 secs] [Times: user=0.00 sys=0.00, real=0.00 secs] 
125.328: Total time for which application threads were stopped: 0.0631240 seconds, Stopping threads took: 0.0623490 seconds
125.406: Application time: 0.0775180 seconds
125.465: [GC [PSYoungGen: 14546K->1621K(15360K)] 44782K->31866K(50688K), 0.0010310 secs] [Times: user=0.00 sys=0.00, real=0.00 secs] 
125.466: Total time for which application threads were stopped: 0.0603980 seconds, Stopping threads took: 0.0592660 seconds
125.543: Application time: 0.0761830 seconds
125.612: [GC [PSYoungGen: 14803K->758K(15360K)] 45048K->31011K(50688K), 0.0005870 secs] [Times: user=0.00 sys=0.00, real=0.00 secs] 
125.613: Total time for which application threads were stopped: 0.0699420 seconds, Stopping threads took: 0.0692650 seconds
125.690: Application time: 0.0771710 seconds
125.750: [GC [PSYoungGen: 14057K->1117K(15360K)] 44310K->31378K(50688K), 0.0006830 secs] [Times: user=0.00 sys=0.00, real=0.00 secs] 
125.751: Total time for which application threads were stopped: 0.0613530 seconds, Stopping threads took: 0.0605900 seconds
125.828: Application time: 0.0767900 seconds
125.889: [GC [PSYoungGen: 14299K->1360K(15360K)] 44560K->31621K(50688K), 0.0012990 secs] [Times: user=0.00 sys=0.00, real=0.00 secs] 
125.890: Total time for which application threads were stopped: 0.0621840 seconds, Stopping threads took: 0.0608180 seconds
125.968: Application time: 0.0776170 seconds
126.028: [GC [PSYoungGen: 14561K->1653K(15360K)] 44822K->31914K(50688K), 0.0009560 secs] [Times: user=0.01 sys=0.00, real=0.00 secs] 
126.029: Total time for which application threads were stopped: 0.0616330 seconds, Stopping threads took: 0.0605780 seconds
126.106: Application time: 0.0763990 seconds
126.169: [GC [PSYoungGen: 14757K->790K(15360K)] 45017K->31059K(50688K), 0.0005390 secs] [Times: user=0.01 sys=0.00, real=0.00 secs] 
126.171: Total time for which application threads were stopped: 0.0650040 seconds, Stopping threads took: 0.0634480 seconds
126.249: Application time: 0.0778540 seconds
126.302: [GC [PSYoungGen: 13933K->790K(15360K)] 44202K->31059K(50688K), 0.0007460 secs] [Times: user=0.00 sys=0.00, real=0.00 secs] 
126.302: Total time for which application threads were stopped: 0.0538150 seconds, Stopping threads took: 0.0529720 seconds
126.381: Application time: 0.0783590 seconds
126.441: [GC [PSYoungGen: 14089K->1165K(15360K)] 44358K->31433K(50688K), 0.0007540 secs] [Times: user=0.00 sys=0.00, real=0.00 secs] 
126.442: Total time for which application threads were stopped: 0.0611450 seconds, Stopping threads took: 0.0603080 seconds
126.519: Application time: 0.0771250 seconds
126.586: [GC [PSYoungGen: 14445K->320K(15360K)] 44713K->30588K(50688K), 0.0005200 secs] [Times: user=0.00 sys=0.00, real=0.00 secs] 
126.587: Total time for which application threads were stopped: 0.0676100 seconds, Stopping threads took: 0.0670150 seconds
126.663: Application time: 0.0759320 seconds
126.708: [GC [PSYoungGen: 13599K->1751K(15360K)] 43868K->32019K(50688K), 0.0009450 secs] [Times: user=0.01 sys=0.00, real=0.00 secs] 
126.709: Total time for which application threads were stopped: 0.0465850 seconds, Stopping threads took: 0.0455470 seconds
126.790: Application time: 0.0808810 seconds
126.854: [GC [PSYoungGen: 14835K->742K(15360K)] 45104K->31019K(50688K), 0.0006750 secs] [Times: user=0.00 sys=0.00, real=0.00 secs] 
126.854: Total time for which application threads were stopped: 0.0644550 seconds, Stopping threads took: 0.0636860 seconds
126.933: Application time: 0.0780580 seconds
126.992: [GC [PSYoungGen: 13729K->774K(15360K)] 44006K->31051K(50688K), 0.0005360 secs] [Times: user=0.01 sys=0.00, real=0.00 secs] 
126.993: Total time for which application threads were stopped: 0.0604670 seconds, Stopping threads took: 0.0598620 seconds
127.072: Application time: 0.0785390 seconds
127.136: [GC [PSYoungGen: 13956K->1018K(15360K)] 44233K->31302K(50688K), 0.0005620 secs] [Times: user=0.01 sys=0.00, real=0.00 secs] 
127.137: Total time for which application threads were stopped: 0.0652930 seconds, Stopping threads took: 0.0646440 seconds
127.214: Application time: 0.0774390 seconds
127.266: [GC [PSYoungGen: 14317K->1376K(15360K)] 44601K->31669K(50688K), 0.0006780 secs] [Times: user=0.01 sys=0.00, real=0.00 secs] 
127.266: Total time for which application threads were stopped: 0.0521840 seconds, Stopping threads took: 0.0514030 seconds
127.344: Application time: 0.0780560 seconds
127.409: [GC [PSYoungGen: 14578K->579K(15360K)] 44870K->30879K(50688K), 0.0005460 secs] [Times: user=0.00 sys=0.00, real=0.00 secs] 
127.410: Total time for which application threads were stopped: 0.0651790 seconds, Stopping threads took: 0.0645380 seconds
127.487: Application time: 0.0769810 seconds
127.540: [GC [PSYoungGen: 13683K->710K(15360K)] 43983K->31011K(50688K), 0.0005410 secs] [Times: user=0.00 sys=0.00, real=0.00 secs] 
127.540: Total time for which application threads were stopped: 0.0534970 seconds, Stopping threads took: 0.0528880 seconds
127.618: Application time: 0.0778830 seconds
127.680: [GC [PSYoungGen: 14009K->1101K(15360K)] 44310K->31409K(50688K), 0.0006900 secs] [Times: user=0.00 sys=0.00, real=0.00 secs] 
127.681: Total time for which application threads were stopped: 0.0624490 seconds, Stopping threads took: 0.0616750 seconds
127.757: Application time: 0.0768880 seconds
127.812: [GC [PSYoungGen: 14361K->1360K(15360K)] 44670K->31669K(50688K), 0.0008600 secs] [Times: user=0.00 sys=0.00, real=0.00 secs] 
127.813: Total time for which application threads were stopped: 0.0554290 seconds, Stopping threads took: 0.0544760 seconds
127.892: Application time: 0.0791900 seconds
127.952: [GC [PSYoungGen: 14523K->1490K(15360K)] 44831K->31815K(50688K), 0.0008350 secs] [Times: user=0.00 sys=0.00, real=0.00 secs] 
127.953: Total time for which application threads were stopped: 0.0608480 seconds, Stopping threads took: 0.0599380 seconds
128.030: Application time: 0.0771080 seconds
128.093: [GC [PSYoungGen: 14750K->595K(15360K)] 45075K->30920K(50688K), 0.0005510 secs] [Times: user=0.00 sys=0.00, real=0.00 secs] 
128.094: Total time for which application threads were stopped: 0.0637440 seconds, Stopping threads took: 0.0631250 seconds
128.171: Application time: 0.0775760 seconds
128.206: [GC [PSYoungGen: 13796K->1962K(15360K)] 44121K->32287K(50688K), 0.0008190 secs] [Times: user=0.00 sys=0.00, real=0.00 secs] 
128.206: Total time for which application threads were stopped: 0.0351070 seconds, Stopping threads took: 0.0341990 seconds
128.283: Application time: 0.0763990 seconds
128.334: [GC [PSYoungGen: 15261K->1930K(15360K)] 45586K->32653K(50688K), 0.0011200 secs] [Times: user=0.00 sys=0.00, real=0.01 secs] 
128.335: Total time for which application threads were stopped: 0.0525740 seconds, Stopping threads took: 0.0513810 seconds
128.412: Application time: 0.0769680 seconds
128.463: [GC [PSYoungGen: 15229K->1978K(15360K)] 45952K->33483K(50688K), 0.0010780 secs] [Times: user=0.01 sys=0.00, real=0.00 secs] 
128.464: Total time for which application threads were stopped: 0.0518630 seconds, Stopping threads took: 0.0507070 seconds
128.540: Application time: 0.0761170 seconds
128.607: [GC [PSYoungGen: 15238K->1994K(15360K)] 46743K->34483K(50688K), 0.0010560 secs] [Times: user=0.00 sys=0.00, real=0.01 secs] 
128.608: Total time for which application threads were stopped: 0.0677270 seconds, Stopping threads took: 0.0666020 seconds
128.686: Application time: 0.0783640 seconds
128.754: [GC [PSYoungGen: 15293K->1117K(15360K)] 47782K->33614K(50688K), 0.0006450 secs] [Times: user=0.00 sys=0.00, real=0.00 secs] 
128.754: Total time for which application threads were stopped: 0.0679240 seconds, Stopping threads took: 0.0671970 seconds
128.830: Application time: 0.0761340 seconds
128.881: [GC [PSYoungGen: 14416K->1571K(15360K)] 46913K->34077K(50688K), 0.0008320 secs] [Times: user=0.01 sys=0.00, real=0.00 secs] 
128.882: Total time for which application threads were stopped: 0.0510700 seconds, Stopping threads took: 0.0501460 seconds
128.960: Application time: 0.0785910 seconds
129.023: [GC [PSYoungGen: 14734K->579K(15360K)] 47239K->33092K(50688K), 0.0005560 secs] [Times: user=0.00 sys=0.00, real=0.00 secs] 
129.023: Total time for which application threads were stopped: 0.0631350 seconds, Stopping threads took: 0.0624890 seconds
129.099: Application time: 0.0761860 seconds
129.164: [GC [PSYoungGen: 13878K->970K(15360K)] 46391K->33491K(50688K), 0.0006780 secs] [Times: user=0.01 sys=0.00, real=0.00 secs] 
129.165: Total time for which application threads were stopped: 0.0655150 seconds, Stopping threads took: 0.0647670 seconds
129.244: Application time: 0.0794840 seconds
129.294: [GC [PSYoungGen: 14268K->1312K(15360K)] 46790K->33833K(50688K), 0.0006720 secs] [Times: user=0.00 sys=0.00, real=0.00 secs] 
129.295: Total time for which application threads were stopped: 0.0505350 seconds, Stopping threads took: 0.0497710 seconds
129.373: Application time: 0.0775710 seconds
129.433: [GC [PSYoungGen: 14455K->1360K(15360K)] 46976K->33881K(50688K), 0.0006610 secs] [Times: user=0.00 sys=0.00, real=0.00 secs] 
129.433: Total time for which application threads were stopped: 0.0607720 seconds, Stopping threads took: 0.0600420 seconds
129.512: Application time: 0.0782760 seconds
129.574: [GC [PSYoungGen: 14562K->515K(15360K)] 47083K->33036K(50688K), 0.0005280 secs] [Times: user=0.00 sys=0.00, real=0.00 secs] 
129.575: Total time for which application threads were stopped: 0.0631490 seconds, Stopping threads took: 0.0625450 seconds
129.654: Application time: 0.0787470 seconds
129.701: [GC [PSYoungGen: 13814K->1002K(15360K)] 46335K->33523K(50688K), 0.0005620 secs] [Times: user=0.00 sys=0.00, real=0.00 secs] 
129.702: Total time for which application threads were stopped: 0.0481240 seconds, Stopping threads took: 0.0474960 seconds
129.781: Application time: 0.0789310 seconds
129.838: [GC [PSYoungGen: 14183K->1149K(15360K)] 46705K->33686K(50688K), 0.0005940 secs] [Times: user=0.00 sys=0.00, real=0.00 secs] 
129.839: Total time for which application threads were stopped: 0.0579080 seconds, Stopping threads took: 0.0572340 seconds
129.916: Application time: 0.0770610 seconds
129.976: [GC [PSYoungGen: 14429K->1394K(15360K)] 46966K->33939K(50688K), 0.0008110 secs] [Times: user=0.00 sys=0.00, real=0.00 secs] 
129.977: Total time for which application threads were stopped: 0.0612910 seconds, Stopping threads took: 0.0604090 seconds
130.055: Application time: 0.0783510 seconds
130.123: [GC [PSYoungGen: 14693K->790K(15360K)] 47238K->33343K(50688K), 0.0005490 secs] [Times: user=0.00 sys=0.00, real=0.00 secs] 
130.124: Total time for which application threads were stopped: 0.0682500 seconds, Stopping threads took: 0.0676340 seconds
130.202: Application time: 0.0782510 seconds
130.255: [GC [PSYoungGen: 13777K->742K(15360K)] 46330K->33295K(50688K), 0.0004820 secs] [Times: user=0.00 sys=0.00, real=0.01 secs] 
130.256: Total time for which application threads were stopped: 0.0539370 seconds, Stopping threads took: 0.0533830 seconds
130.335: Application time: 0.0788870 seconds
130.393: [GC [PSYoungGen: 14041K->1181K(15360K)] 46595K->33734K(50688K), 0.0006380 secs] [Times: user=0.00 sys=0.00, real=0.00 secs] 
130.394: Total time for which application threads were stopped: 0.0594690 seconds, Stopping threads took: 0.0587500 seconds
130.471: Application time: 0.0767570 seconds
130.522: [GC [PSYoungGen: 14439K->1344K(15360K)] 46992K->33897K(50688K), 0.0007030 secs] [Times: user=0.00 sys=0.00, real=0.00 secs] 
130.523: Total time for which application threads were stopped: 0.0518740 seconds, Stopping threads took: 0.0511020 seconds
130.601: Application time: 0.0778720 seconds
130.665: [GC [PSYoungGen: 14624K->515K(15360K)] 47177K->33076K(50688K), 0.0005390 secs] [Times: user=0.00 sys=0.00, real=0.00 secs] 
130.665: Total time for which application threads were stopped: 0.0648940 seconds, Stopping threads took: 0.0642680 seconds
130.741: Application time: 0.0754360 seconds
130.803: [GC [PSYoungGen: 13697K->790K(15360K)] 46258K->33351K(50688K), 0.0006660 secs] [Times: user=0.00 sys=0.00, real=0.00 secs] 
130.803: Total time for which application threads were stopped: 0.0624050 seconds, Stopping threads took: 0.0616560 seconds
130.883: Application time: 0.0800880 seconds
130.944: [GC [PSYoungGen: 14050K->970K(15360K)] 46611K->33531K(50688K), 0.0006330 secs] [Times: user=0.00 sys=0.00, real=0.00 secs] 
130.944: Total time for which application threads were stopped: 0.0607980 seconds, Stopping threads took: 0.0600820 seconds
131.023: Application time: 0.0786460 seconds
131.074: [GC [PSYoungGen: 14268K->1376K(15360K)] 46830K->33945K(50688K), 0.0007060 secs] [Times: user=0.00 sys=0.00, real=0.00 secs] 
131.074: Total time for which application threads were stopped: 0.0514260 seconds, Stopping threads took: 0.0506500 seconds
131.152: Application time: 0.0779930 seconds
131.213: [GC [PSYoungGen: 14558K->1587K(15360K)] 47127K->34157K(50688K), 0.0007370 secs] [Times: user=0.01 sys=0.00, real=0.00 secs] 
131.215: Total time for which application threads were stopped: 0.0623700 seconds, Stopping threads took: 0.0607970 seconds
131.292: Application time: 0.0768760 seconds
131.350: [GC [PSYoungGen: 14886K->1962K(15360K)] 47456K->34531K(50688K), 0.0010060 secs] [Times: user=0.00 sys=0.00, real=0.00 secs] 
131.351: Total time for which application threads were stopped: 0.0592010 seconds, Stopping threads took: 0.0581030 seconds
131.443: Application time: 0.0926230 seconds
131.499: [GC [PSYoungGen: 15163K->1165K(15360K)] 47733K->33742K(50688K), 0.0006730 secs] [Times: user=0.00 sys=0.00, real=0.00 secs] 
131.500: Total time for which application threads were stopped: 0.0562180 seconds, Stopping threads took: 0.0554630 seconds
131.576: Application time: 0.0759690 seconds
131.638: [GC [PSYoungGen: 14445K->1426K(15360K)] 47022K->34003K(50688K), 0.0006940 secs] [Times: user=0.00 sys=0.00, real=0.00 secs] 
131.639: Total time for which application threads were stopped: 0.0630210 seconds, Stopping threads took: 0.0622610 seconds
131.717: Application time: 0.0782110 seconds
131.776: [GC [PSYoungGen: 14432K->1555K(15360K)] 47009K->34133K(50688K), 0.0007220 secs] [Times: user=0.00 sys=0.00, real=0.00 secs] 
131.777: Total time for which application threads were stopped: 0.0602030 seconds, Stopping threads took: 0.0593860 seconds
131.854: Application time: 0.0769770 seconds
131.906: [GC [PSYoungGen: 14737K->1719K(15360K)] 47314K->34304K(50688K), 0.0008160 secs] [Times: user=0.01 sys=0.00, real=0.00 secs] 
131.907: Total time for which application threads were stopped: 0.0529860 seconds, Stopping threads took: 0.0520760 seconds
131.986: Application time: 0.0793800 seconds
132.049: [GC [PSYoungGen: 14920K->954K(15360K)] 47505K->33547K(50688K), 0.0006250 secs] [Times: user=0.00 sys=0.00, real=0.00 secs] 
132.050: Total time for which application threads were stopped: 0.0636280 seconds, Stopping threads took: 0.0629220 seconds
132.127: Application time: 0.0769680 seconds
132.178: [GC [PSYoungGen: 14135K->1181K(15360K)] 46729K->33774K(50688K), 0.0006680 secs] [Times: user=0.00 sys=0.00, real=0.00 secs] 
132.179: Total time for which application threads were stopped: 0.0517690 seconds, Stopping threads took: 0.0510320 seconds
132.258: Application time: 0.0791030 seconds
132.317: [GC [PSYoungGen: 14441K->1312K(15360K)] 47034K->33913K(50688K), 0.0006620 secs] [Times: user=0.00 sys=0.00, real=0.00 secs] 
132.317: Total time for which application threads were stopped: 0.0595910 seconds, Stopping threads took: 0.0588590 seconds
132.395: Application time: 0.0772950 seconds
132.460: [GC [PSYoungGen: 14618K->563K(15360K)] 47219K->33164K(50688K), 0.0004740 secs] [Times: user=0.00 sys=0.00, real=0.00 secs] 
132.460: Total time for which application threads were stopped: 0.0654780 seconds, Stopping threads took: 0.0649310 seconds
132.537: Application time: 0.0772950 seconds
132.600: [GC [PSYoungGen: 13797K->742K(15360K)] 46398K->33351K(50688K), 0.0007240 secs] [Times: user=0.01 sys=0.00, real=0.00 secs] 
132.601: Total time for which application threads were stopped: 0.0631560 seconds, Stopping threads took: 0.0623540 seconds
132.679: Application time: 0.0788250 seconds
132.731: [GC [PSYoungGen: 14041K->1149K(15360K)] 46650K->33766K(50688K), 0.0006190 secs] [Times: user=0.01 sys=0.00, real=0.00 secs] 
132.731: Total time for which application threads were stopped: 0.0517400 seconds, Stopping threads took: 0.0510500 seconds
132.810: Application time: 0.0789930 seconds
132.869: [GC [PSYoungGen: 14331K->1312K(15360K)] 46948K->33937K(50688K), 0.0006760 secs] [Times: user=0.01 sys=0.00, real=0.00 secs] 
132.869: Total time for which application threads were stopped: 0.0590950 seconds, Stopping threads took: 0.0583520 seconds
132.947: Application time: 0.0774010 seconds
133.014: [GC [PSYoungGen: 14513K->579K(15360K)] 47139K->33212K(50688K), 0.0005170 secs] [Times: user=0.00 sys=0.00, real=0.00 secs] 
133.014: Total time for which application threads were stopped: 0.0676280 seconds, Stopping threads took: 0.0670380 seconds
133.091: Application time: 0.0763260 seconds
133.139: [GC [PSYoungGen: 13780K->1962K(15360K)] 46413K->34595K(50688K), 0.0009000 secs] [Times: user=0.01 sys=0.00, real=0.00 secs] 
133.140: Total time for which application threads were stopped: 0.0497390 seconds, Stopping threads took: 0.0487360 seconds
133.219: Application time: 0.0788810 seconds
133.284: [GC [PSYoungGen: 15163K->1213K(15360K)] 47797K->33854K(50688K), 0.0006220 secs] [Times: user=0.00 sys=0.00, real=0.00 secs] 
133.284: Total time for which application threads were stopped: 0.0650320 seconds, Stopping threads took: 0.0643440 seconds
133.364: Application time: 0.0792360 seconds
133.422: [GC [PSYoungGen: 14445K->1328K(15360K)] 47086K->33969K(50688K), 0.0007340 secs] [Times: user=0.01 sys=0.00, real=0.00 secs] 
133.423: Total time for which application threads were stopped: 0.0592020 seconds, Stopping threads took: 0.0583980 seconds
133.499: Application time: 0.0765360 seconds
133.560: [GC [PSYoungGen: 14558K->595K(15360K)] 47199K->33236K(50688K), 0.0007740 secs] [Times: user=0.00 sys=0.00, real=0.00 secs] 
133.561: Total time for which application threads were stopped: 0.0618780 seconds, Stopping threads took: 0.0610120 seconds
133.637: Application time: 0.0753670 seconds
133.690: [GC [PSYoungGen: 13905K->710K(15360K)] 46546K->33359K(50688K), 0.0005700 secs] [Times: user=0.00 sys=0.00, real=0.00 secs] 
133.691: Total time for which application threads were stopped: 0.0544740 seconds, Stopping threads took: 0.0537970 seconds
133.768: Application time: 0.0769890 seconds
133.829: [GC [PSYoungGen: 13647K->742K(15360K)] 46296K->33391K(50688K), 0.0006520 secs] [Times: user=0.00 sys=0.00, real=0.00 secs] 
133.830: Total time for which application threads were stopped: 0.0615980 seconds, Stopping threads took: 0.0608640 seconds
133.908: Application time: 0.0782270 seconds
133.968: [GC [PSYoungGen: 13729K->758K(15360K)] 46378K->33415K(50688K), 0.0005760 secs] [Times: user=0.01 sys=0.00, real=0.00 secs] 
133.969: Total time for which application threads were stopped: 0.0609070 seconds, Stopping threads took: 0.0602400 seconds
134.047: Application time: 0.0779520 seconds
134.098: [GC [PSYoungGen: 13745K->726K(15360K)] 46402K->33383K(50688K), 0.0005420 secs] [Times: user=0.00 sys=0.00, real=0.00 secs] 
134.098: Total time for which application threads were stopped: 0.0517650 seconds, Stopping threads took: 0.0511420 seconds
134.175: Application time: 0.0767130 seconds
134.228: [GC [PSYoungGen: 13713K->726K(15360K)] 46370K->33391K(50688K), 0.0005740 secs] [Times: user=0.00 sys=0.00, real=0.00 secs] 
134.229: Total time for which application threads were stopped: 0.0538130 seconds, Stopping threads took: 0.0531550 seconds
134.308: Application time: 0.0792100 seconds
134.368: [GC [PSYoungGen: 14025K->1165K(15360K)] 46691K->33838K(50688K), 0.0006280 secs] [Times: user=0.01 sys=0.00, real=0.00 secs] 
134.369: Total time for which application threads were stopped: 0.0606690 seconds, Stopping threads took: 0.0599700 seconds
134.446: Application time: 0.0774220 seconds
134.506: [GC [PSYoungGen: 14464K->1572K(15360K)] 47137K->34253K(50688K), 0.0007300 secs] [Times: user=0.00 sys=0.00, real=0.00 secs] 
134.507: Total time for which application threads were stopped: 0.0602270 seconds, Stopping threads took: 0.0594260 seconds
134.586: Application time: 0.0792970 seconds
134.649: [GC [PSYoungGen: 14773K->758K(15360K)] 47454K->33447K(50688K), 0.0005470 secs] [Times: user=0.00 sys=0.00, real=0.00 secs] 
134.649: Total time for which application threads were stopped: 0.0634130 seconds, Stopping threads took: 0.0627780 seconds
134.729: Application time: 0.0792760 seconds
134.787: [GC [PSYoungGen: 14057K->1101K(15360K)] 46747K->33790K(50688K), 0.0006570 secs] [Times: user=0.00 sys=0.00, real=0.01 secs] 
134.787: Total time for which application threads were stopped: 0.0587470 seconds, Stopping threads took: 0.0579940 seconds
134.865: Application time: 0.0772530 seconds
134.913: [GC [PSYoungGen: 14361K->1360K(15360K)] 47050K->34057K(50688K), 0.0006750 secs] [Times: user=0.00 sys=0.00, real=0.00 secs] 
134.914: Total time for which application threads were stopped: 0.0496320 seconds, Stopping threads took: 0.0488660 seconds
134.992: Application time: 0.0779060 seconds
135.052: [GC [PSYoungGen: 14464K->1588K(15360K)] 47161K->34285K(50688K), 0.0009660 secs] [Times: user=0.00 sys=0.00, real=0.00 secs] 
135.053: Total time for which application threads were stopped: 0.0610560 seconds, Stopping threads took: 0.0599970 seconds
135.131: Application time: 0.0776150 seconds
135.190: [GC [PSYoungGen: 14750K->483K(15360K)] 47447K->33180K(50688K), 0.0008170 secs] [Times: user=0.00 sys=0.00, real=0.00 secs] 
135.190: Total time for which application threads were stopped: 0.0595970 seconds, Stopping threads took: 0.0586860 seconds
135.267: Application time: 0.0761590 seconds
135.320: [GC [PSYoungGen: 13743K->1848K(15360K)] 46440K->34546K(50688K), 0.0008860 secs] [Times: user=0.00 sys=0.00, real=0.00 secs] 
135.321: Total time for which application threads were stopped: 0.0542750 seconds, Stopping threads took: 0.0532820 seconds
135.400: Application time: 0.0791440 seconds
135.458: [GC [PSYoungGen: 15128K->1962K(15360K)] 47825K->34863K(50688K), 0.0010730 secs] [Times: user=0.00 sys=0.00, real=0.00 secs] 
135.459: Total time for which application threads were stopped: 0.0592220 seconds, Stopping threads took: 0.0580530 seconds
135.536: Application time: 0.0772870 seconds
135.605: [GC [PSYoungGen: 15271K->288K(15360K)] 48172K->33188K(50688K), 0.0004300 secs] [Times: user=0.01 sys=0.00, real=0.00 secs] 
135.605: Total time for which application threads were stopped: 0.0686400 seconds, Stopping threads took: 0.0681360 seconds
135.605: Application time: 0.0003460 seconds
135.606: Total time for which application threads were stopped: 0.0002640 seconds, Stopping threads took: 0.0002430 seconds
135.678: Application time: 0.0725580 seconds
135.735: [GC [PSYoungGen: 13431K->515K(15360K)] 46332K->33423K(50688K), 0.0009890 secs] [Times: user=0.00 sys=0.00, real=0.01 secs] 
135.736: Total time for which application threads were stopped: 0.0579170 seconds, Stopping threads took: 0.0568540 seconds
135.810: Application time: 0.0733250 seconds
135.855: [GC [PSYoungGen: 13812K->970K(15360K)] 46720K->33878K(50688K), 0.0006510 secs] [Times: user=0.00 sys=0.00, real=0.00 secs] 
135.856: Total time for which application threads were stopped: 0.0465810 seconds, Stopping threads took: 0.0458290 seconds
135.930: Application time: 0.0736400 seconds
135.984: [GC [PSYoungGen: 14266K->1296K(15360K)] 47175K->34213K(50688K), 0.0007440 secs] [Times: user=0.00 sys=0.00, real=0.00 secs] 
135.985: Total time for which application threads were stopped: 0.0548220 seconds, Stopping threads took: 0.0540060 seconds
136.059: Application time: 0.0740410 seconds
136.088: [GC-- [PSYoungGen: 14495K->14495K(15360K)] 47412K->49772K(50688K), 0.0013410 secs] [Times: user=0.01 sys=0.00, real=0.00 secs] 
136.090: [Full GC [PSYoungGen: 14495K->0K(15360K)] [ParOldGen: 35276K->5777K(35328K)] 49772K->5777K(50688K) [PSPermGen: 5115K->5115K(21504K)], 0.0051790 secs] [Times: user=0.02 sys=0.00, real=0.00 secs] 
136.095: Total time for which application threads were stopped: 0.0362850 seconds, Stopping threads took: 0.0296480 seconds
136.135: Application time: 0.0404840 seconds
136.168: Total time for which application threads were stopped: 0.0321670 seconds, Stopping threads took: 0.0321380 seconds
136.240: Application time: 0.0721660 seconds
136.259: [GC [PSYoungGen: 13249K->1786K(15360K)] 19026K->7563K(50688K), 0.0011700 secs] [Times: user=0.00 sys=0.00, real=0.00 secs] 
136.260: Total time for which application threads were stopped: 0.0205580 seconds, Stopping threads took: 0.0189850 seconds
136.295: Application time: 0.0345920 seconds
136.332: Total time for which application threads were stopped: 0.0367640 seconds, Stopping threads took: 0.0367180 seconds
136.332: Application time: 0.0002330 seconds
136.332: Total time for which application threads were stopped: 0.0001300 seconds, Stopping threads took: 0.0001030 seconds
136.537: Application time: 0.2053440 seconds
136.537: Total time for which application threads were stopped: 0.0000970 seconds, Stopping threads took: 0.0000660 seconds
136.538: Application time: 0.0000750 seconds
136.538: [GC [PSYoungGen: 15098K->352K(15360K)] 20875K->6129K(50688K), 0.0004050 secs] [Times: user=0.00 sys=0.00, real=0.00 secs] 
136.538: Total time for which application threads were stopped: 0.0004760 seconds, Stopping threads took: 0.0000210 seconds
136.615: Application time: 0.0767810 seconds
136.649: [GC [PSYoungGen: 13576K->1636K(15360K)] 19354K->7413K(50688K), 0.0006920 secs] [Times: user=0.00 sys=0.00, real=0.00 secs] 
136.650: Total time for which application threads were stopped: 0.0347620 seconds, Stopping threads took: 0.0339960 seconds
136.728: Application time: 0.0780720 seconds
136.793: [GC [PSYoungGen: 14943K->838K(15360K)] 20720K->6615K(50688K), 0.0006010 secs] [Times: user=0.00 sys=0.00, real=0.00 secs] 
136.793: Total time for which application threads were stopped: 0.0655090 seconds, Stopping threads took: 0.0648150 seconds
136.871: Application time: 0.0774420 seconds
136.931: [GC [PSYoungGen: 13810K->822K(15360K)] 19588K->6599K(50688K), 0.0005850 secs] [Times: user=0.00 sys=0.00, real=0.00 secs] 
136.932: Total time for which application threads were stopped: 0.0612700 seconds, Stopping threads took: 0.0606130 seconds
137.009: Application time: 0.0767490 seconds
137.071: [GC [PSYoungGen: 13767K->838K(15360K)] 19544K->6615K(50688K), 0.0005010 secs] [Times: user=0.01 sys=0.00, real=0.00 secs] 
137.072: Total time for which application threads were stopped: 0.0629940 seconds, Stopping threads took: 0.0624130 seconds
137.150: Application time: 0.0784380 seconds
137.198: [GC [PSYoungGen: 13765K->790K(15360K)] 19542K->6567K(50688K), 0.0006140 secs] [Times: user=0.00 sys=0.00, real=0.00 secs] 
137.199: Total time for which application threads were stopped: 0.0485450 seconds, Stopping threads took: 0.0478400 seconds
137.276: Application time: 0.0778550 seconds
137.328: [GC [PSYoungGen: 14096K->1181K(15360K)] 19873K->6958K(50688K), 0.0007360 secs] [Times: user=0.00 sys=0.00, real=0.00 secs] 
137.329: Total time for which application threads were stopped: 0.0525020 seconds, Stopping threads took: 0.0516930 seconds
137.408: Application time: 0.0786880 seconds
137.458: [GC [PSYoungGen: 14481K->1619K(15360K)] 20258K->7397K(50688K), 0.0007750 secs] [Times: user=0.00 sys=0.00, real=0.00 secs] 
137.459: Total time for which application threads were stopped: 0.0508940 seconds, Stopping threads took: 0.0500440 seconds
137.536: Application time: 0.0770750 seconds
137.594: [GC [PSYoungGen: 14918K->1962K(15360K)] 20696K->7739K(50688K), 0.0007960 secs] [Times: user=0.00 sys=0.00, real=0.01 secs] 
137.595: Total time for which application threads were stopped: 0.0596690 seconds, Stopping threads took: 0.0587970 seconds
137.672: Application time: 0.0765210 seconds
137.739: [GC [PSYoungGen: 15242K->1197K(15360K)] 21019K->6974K(50688K), 0.0006760 secs] [Times: user=0.00 sys=0.00, real=0.00 secs] 
137.739: Total time for which application threads were stopped: 0.0675820 seconds, Stopping threads took: 0.0668100 seconds
137.817: Application time: 0.0772900 seconds
137.883: [GC [PSYoungGen: 14477K->416K(15360K)] 20254K->6193K(50688K), 0.0004710 secs] [Times: user=0.00 sys=0.00, real=0.00 secs] 
137.884: Total time for which application threads were stopped: 0.0668550 seconds, Stopping threads took: 0.0663110 seconds
137.959: Application time: 0.0756530 seconds
137.993: [GC [PSYoungGen: 13656K->1555K(15360K)] 19434K->7333K(50688K), 0.0007130 secs] [Times: user=0.00 sys=0.00, real=0.00 secs] 
137.994: Total time for which application threads were stopped: 0.0345240 seconds, Stopping threads took: 0.0337410 seconds
138.070: Application time: 0.0764170 seconds
138.118: [GC [PSYoungGen: 14816K->1751K(15360K)] 20593K->7528K(50688K), 0.0009850 secs] [Times: user=0.01 sys=0.00, real=0.00 secs] 
138.119: Total time for which application threads were stopped: 0.0490510 seconds, Stopping threads took: 0.0479750 seconds
138.198: Application time: 0.0784300 seconds
138.262: [GC [PSYoungGen: 14835K->742K(15360K)] 20612K->6519K(50688K), 0.0006590 secs] [Times: user=0.00 sys=0.00, real=0.00 secs] 
138.262: Total time for which application threads were stopped: 0.0645710 seconds, Stopping threads took: 0.0638390 seconds
138.340: Application time: 0.0778180 seconds
138.395: [GC [PSYoungGen: 14041K->1229K(15360K)] 19819K->7014K(50688K), 0.0007210 secs] [Times: user=0.01 sys=0.00, real=0.01 secs] 
138.395: Total time for which application threads were stopped: 0.0554080 seconds, Stopping threads took: 0.0545820 seconds
138.473: Application time: 0.0776260 seconds
138.534: [GC [PSYoungGen: 14528K->1555K(15360K)] 20313K->7421K(50688K), 0.0007510 secs] [Times: user=0.00 sys=0.00, real=0.00 secs] 
138.535: Total time for which application threads were stopped: 0.0618710 seconds, Stopping threads took: 0.0610320 seconds
138.613: Application time: 0.0781120 seconds
138.681: [GC [PSYoungGen: 14757K->726K(15360K)] 20622K->6632K(50688K), 0.0006060 secs] [Times: user=0.01 sys=0.00, real=0.00 secs] 
138.682: Total time for which application threads were stopped: 0.0688500 seconds, Stopping threads took: 0.0681440 seconds
138.759: Application time: 0.0772410 seconds
138.819: [GC [PSYoungGen: 14025K->1085K(15360K)] 19930K->7014K(50688K), 0.0006800 secs] [Times: user=0.01 sys=0.00, real=0.00 secs] 
138.819: Total time for which application threads were stopped: 0.0602900 seconds, Stopping threads took: 0.0595260 seconds
138.896: Application time: 0.0762280 seconds
138.957: [GC [PSYoungGen: 14384K->1556K(15360K)] 20313K->7485K(50688K), 0.0007910 secs] [Times: user=0.00 sys=0.00, real=0.00 secs] 
138.958: Total time for which application threads were stopped: 0.0619880 seconds, Stopping threads took: 0.0611060 seconds
139.035: Application time: 0.0773100 seconds
139.084: [GC [PSYoungGen: 14855K->1962K(15360K)] 20784K->7891K(50688K), 0.0007500 secs] [Times: user=0.01 sys=0.00, real=0.00 secs] 
139.085: Total time for which application threads were stopped: 0.0500750 seconds, Stopping threads took: 0.0492570 seconds
139.162: Application time: 0.0770590 seconds
139.221: [GC [PSYoungGen: 15203K->1881K(15360K)] 21132K->8005K(50688K), 0.0007750 secs] [Times: user=0.01 sys=0.00, real=0.00 secs] 
139.222: Total time for which application threads were stopped: 0.0599030 seconds, Stopping threads took: 0.0590440 seconds
139.301: Application time: 0.0785870 seconds
139.360: [GC [PSYoungGen: 15062K->1149K(15360K)] 21187K->7274K(50688K), 0.0006230 secs] [Times: user=0.00 sys=0.00, real=0.00 secs] 
139.361: Total time for which application threads were stopped: 0.0604860 seconds, Stopping threads took: 0.0597960 seconds
139.437: Application time: 0.0757130 seconds
139.489: [GC [PSYoungGen: 14292K->1165K(15360K)] 20417K->7289K(50688K), 0.0006390 secs] [Times: user=0.00 sys=0.00, real=0.00 secs] 
139.490: Total time for which application threads were stopped: 0.0531900 seconds, Stopping threads took: 0.0524830 seconds
139.569: Application time: 0.0789930 seconds
139.632: [GC [PSYoungGen: 14366K->352K(15360K)] 20491K->6476K(50688K), 0.0004290 secs] [Times: user=0.00 sys=0.00, real=0.00 secs] 
139.633: Total time for which application threads were stopped: 0.0639190 seconds, Stopping threads took: 0.0634250 seconds
139.710: Application time: 0.0768030 seconds
139.758: [GC [PSYoungGen: 13553K->1751K(15360K)] 19678K->7891K(50688K), 0.0007250 secs] [Times: user=0.00 sys=0.00, real=0.00 secs] 
139.758: Total time for which application threads were stopped: 0.0486280 seconds, Stopping threads took: 0.0478290 seconds
139.837: Application time: 0.0790950 seconds
139.897: [GC [PSYoungGen: 15050K->1751K(15360K)] 21190K->8298K(50688K), 0.0009150 secs] [Times: user=0.00 sys=0.00, real=0.00 secs] 
139.898: Total time for which application threads were stopped: 0.0603680 seconds, Stopping threads took: 0.0593780 seconds
139.976: Application time: 0.0784070 seconds
140.044: [GC [PSYoungGen: 15030K->1312K(15360K)] 21578K->7875K(50688K), 0.0006180 secs] [Times: user=0.00 sys=0.00, real=0.00 secs] 
140.045: Total time for which application threads were stopped: 0.0682820 seconds, Stopping threads took: 0.0675930 seconds
140.123: Application time: 0.0783630 seconds
140.179: [GC [PSYoungGen: 14416K->1572K(15360K)] 20979K->8159K(50688K), 0.0006870 secs] [Times: user=0.00 sys=0.00, real=0.00 secs] 
140.180: Total time for which application threads were stopped: 0.0573230 seconds, Stopping threads took: 0.0565480 seconds
140.257: Application time: 0.0765730 seconds
140.317: [GC [PSYoungGen: 14870K->1946K(15360K)] 21458K->8549K(50688K), 0.0008070 secs] [Times: user=0.00 sys=0.00, real=0.00 secs] 
140.318: Total time for which application threads were stopped: 0.0609830 seconds, Stopping threads took: 0.0600940 seconds
140.395: Application time: 0.0768410 seconds
140.447: [GC [PSYoungGen: 15226K->1881K(15360K)] 21829K->8874K(50688K), 0.0010420 secs] [Times: user=0.01 sys=0.00, real=0.01 secs] 
140.448: Total time for which application threads were stopped: 0.0533230 seconds, Stopping threads took: 0.0521860 seconds
140.523: Application time: 0.0751960 seconds
140.585: [GC [PSYoungGen: 15160K->2010K(15360K)] 22154K->9590K(50688K), 0.0011290 secs] [Times: user=0.01 sys=0.00, real=0.00 secs] 
140.586: Total time for which application threads were stopped: 0.0631830 seconds, Stopping threads took: 0.0619820 seconds
140.671: Application time: 0.0844920 seconds
140.732: [GC [PSYoungGen: 15309K->742K(15360K)] 22889K->8322K(50688K), 0.0006300 secs] [Times: user=0.01 sys=0.00, real=0.00 secs] 
140.733: Total time for which application threads were stopped: 0.0617920 seconds, Stopping threads took: 0.0610940 seconds
140.811: Application time: 0.0786030 seconds
140.866: [GC [PSYoungGen: 13885K->774K(15360K)] 21465K->8354K(50688K), 0.0005000 secs] [Times: user=0.00 sys=0.00, real=0.00 secs] 
140.867: Total time for which application threads were stopped: 0.0552870 seconds, Stopping threads took: 0.0547060 seconds
140.944: Application time: 0.0774010 seconds
140.999: [GC [PSYoungGen: 13839K->774K(15360K)] 21419K->8354K(50688K), 0.0005500 secs] [Times: user=0.01 sys=0.00, real=0.00 secs] 
141.000: Total time for which application threads were stopped: 0.0557750 seconds, Stopping threads took: 0.0551520 seconds
141.078: Application time: 0.0785080 seconds
141.137: [GC [PSYoungGen: 14073K->1101K(15360K)] 21653K->8681K(50688K), 0.0006140 secs] [Times: user=0.01 sys=0.00, real=0.00 secs] 
141.137: Total time for which application threads were stopped: 0.0591770 seconds, Stopping threads took: 0.0584980 seconds
141.214: Application time: 0.0770270 seconds
141.266: [GC [PSYoungGen: 14400K->1587K(15360K)] 21980K->9175K(50688K), 0.0007300 secs] [Times: user=0.00 sys=0.00, real=0.01 secs] 
141.267: Total time for which application threads were stopped: 0.0530600 seconds, Stopping threads took: 0.0513420 seconds
141.345: Application time: 0.0772020 seconds
141.405: [GC [PSYoungGen: 14887K->1962K(15360K)] 22474K->9558K(50688K), 0.0008750 secs] [Times: user=0.00 sys=0.00, real=0.00 secs] 
141.406: Total time for which application threads were stopped: 0.0616380 seconds, Stopping threads took: 0.0606650 seconds
141.486: Application time: 0.0796240 seconds
141.550: [GC [PSYoungGen: 15046K->1018K(15360K)] 22642K->8621K(50688K), 0.0005720 secs] [Times: user=0.00 sys=0.00, real=0.00 secs] 
141.551: Total time for which application threads were stopped: 0.0645920 seconds, Stopping threads took: 0.0639450 seconds
141.629: Application time: 0.0788640 seconds
141.689: [GC [PSYoungGen: 14316K->1360K(15360K)] 21920K->8964K(50688K), 0.0006550 secs] [Times: user=0.00 sys=0.00, real=0.00 secs] 
141.689: Total time for which application threads were stopped: 0.0597980 seconds, Stopping threads took: 0.0590760 seconds
141.767: Application time: 0.0774390 seconds
141.825: [GC [PSYoungGen: 14464K->1555K(15360K)] 22068K->9159K(50688K), 0.0007680 secs] [Times: user=0.00 sys=0.00, real=0.00 secs] 
141.826: Total time for which application threads were stopped: 0.0596020 seconds, Stopping threads took: 0.0587610 seconds
141.903: Application time: 0.0772350 seconds
141.965: [GC [PSYoungGen: 14835K->790K(15360K)] 22439K->8394K(50688K), 0.0006170 secs] [Times: user=0.00 sys=0.00, real=0.00 secs] 
141.966: Total time for which application threads were stopped: 0.0620930 seconds, Stopping threads took: 0.0613740 seconds
142.045: Application time: 0.0797980 seconds
142.097: [GC [PSYoungGen: 14051K->954K(15360K)] 21654K->8565K(50688K), 0.0005510 secs] [Times: user=0.00 sys=0.00, real=0.00 secs] 
142.097: Total time for which application threads were stopped: 0.0520820 seconds, Stopping threads took: 0.0514540 seconds
142.174: Application time: 0.0765100 seconds
142.234: [GC [PSYoungGen: 13901K->758K(15360K)] 21513K->8370K(50688K), 0.0006630 secs] [Times: user=0.00 sys=0.00, real=0.00 secs] 
142.234: Total time for which application threads were stopped: 0.0604290 seconds, Stopping threads took: 0.0597040 seconds
142.312: Application time: 0.0778850 seconds
142.359: [GC [PSYoungGen: 13745K->758K(15360K)] 21357K->8370K(50688K), 0.0005160 secs] [Times: user=0.00 sys=0.00, real=0.00 secs] 
142.359: Total time for which application threads were stopped: 0.0468900 seconds, Stopping threads took: 0.0463060 seconds
142.438: Application time: 0.0786890 seconds
142.499: [GC [PSYoungGen: 13862K->986K(15360K)] 21474K->8605K(50688K), 0.0005210 secs] [Times: user=0.00 sys=0.00, real=0.00 secs] 
142.500: Total time for which application threads were stopped: 0.0619160 seconds, Stopping threads took: 0.0613160 seconds
142.578: Application time: 0.0778850 seconds
142.625: [GC [PSYoungGen: 14089K->1149K(15360K)] 21709K->8777K(50688K), 0.0007090 secs] [Times: user=0.00 sys=0.00, real=0.00 secs] 
142.626: Total time for which application threads were stopped: 0.0482600 seconds, Stopping threads took: 0.0474810 seconds
142.705: Application time: 0.0786980 seconds
142.764: [GC [PSYoungGen: 14448K->1620K(15360K)] 22076K->9247K(50688K), 0.0007060 secs] [Times: user=0.01 sys=0.00, real=0.00 secs] 
142.765: Total time for which application threads were stopped: 0.0602830 seconds, Stopping threads took: 0.0595080 seconds
142.843: Application time: 0.0779500 seconds
142.911: [GC [PSYoungGen: 14821K->726K(15360K)] 22449K->8362K(50688K), 0.0004920 secs] [Times: user=0.00 sys=0.00, real=0.00 secs] 
142.912: Total time for which application threads were stopped: 0.0687400 seconds, Stopping threads took: 0.0681790 seconds
142.988: Application time: 0.0764860 seconds
143.050: [GC [PSYoungGen: 14025K->1181K(15360K)] 21661K->8825K(50688K), 0.0006770 secs] [Times: user=0.00 sys=0.00, real=0.00 secs] 
143.050: Total time for which application threads were stopped: 0.0622180 seconds, Stopping threads took: 0.0614440 seconds
143.130: Application time: 0.0792690 seconds
143.189: [GC [PSYoungGen: 14363K->1328K(15360K)] 22007K->8972K(50688K), 0.0006620 secs] [Times: user=0.00 sys=0.00, real=0.00 secs] 
143.189: Total time for which application threads were stopped: 0.0598380 seconds, Stopping threads took: 0.0591090 seconds
143.267: Application time: 0.0778900 seconds
143.332: [GC [PSYoungGen: 14608K->627K(15360K)] 22252K->8271K(50688K), 0.0004800 secs] [Times: user=0.00 sys=0.00, real=0.00 secs] 
143.332: Total time for which application threads were stopped: 0.0650630 seconds, Stopping threads took: 0.0645120 seconds
143.409: Application time: 0.0770690 seconds
143.443: [GC [PSYoungGen: 13906K->1962K(15360K)] 21550K->9606K(50688K), 0.0007980 secs] [Times: user=0.01 sys=0.00, real=0.00 secs] 
143.444: Total time for which application threads were stopped: 0.0340880 seconds, Stopping threads took: 0.0332210 seconds
143.520: Application time: 0.0764580 seconds
143.586: [GC [PSYoungGen: 15203K->970K(15360K)] 22847K->8621K(50688K), 0.0006860 secs] [Times: user=0.01 sys=0.00, real=0.00 secs] 
143.587: Total time for which application threads were stopped: 0.0670360 seconds, Stopping threads took: 0.0662650 seconds
143.665: Application time: 0.0776150 seconds
143.726: [GC [PSYoungGen: 14269K->1312K(15360K)] 21920K->8964K(50688K), 0.0007310 secs] [Times: user=0.01 sys=0.00, real=0.00 secs] 
143.727: Total time for which application threads were stopped: 0.0621410 seconds, Stopping threads took: 0.0613170 seconds
143.803: Application time: 0.0757580 seconds
143.865: [GC [PSYoungGen: 14514K->579K(15360K)] 22166K->8231K(50688K), 0.0005580 secs] [Times: user=0.00 sys=0.00, real=0.00 secs] 
143.865: Total time for which application threads were stopped: 0.0627850 seconds, Stopping threads took: 0.0621340 seconds
143.944: Application time: 0.0785480 seconds
143.998: [GC [PSYoungGen: 13839K->694K(15360K)] 21491K->8354K(50688K), 0.0005680 secs] [Times: user=0.01 sys=0.00, real=0.00 secs] 
143.999: Total time for which application threads were stopped: 0.0546540 seconds, Stopping threads took: 0.0540180 seconds
144.078: Application time: 0.0792570 seconds
144.129: [GC [PSYoungGen: 13993K->1165K(15360K)] 21653K->8833K(50688K), 0.0005490 secs] [Times: user=0.00 sys=0.00, real=0.00 secs] 
144.129: Total time for which application threads were stopped: 0.0515690 seconds, Stopping threads took: 0.0509430 seconds
144.207: Application time: 0.0777340 seconds
144.258: [GC [PSYoungGen: 14464K->1523K(15360K)] 22132K->9199K(50688K), 0.0006960 secs] [Times: user=0.01 sys=0.00, real=0.00 secs] 
144.259: Total time for which application threads were stopped: 0.0514990 seconds, Stopping threads took: 0.0507310 seconds
144.337: Application time: 0.0781030 seconds
144.401: [GC [PSYoungGen: 14725K->726K(15360K)] 22401K->8410K(50688K), 0.0004690 secs] [Times: user=0.00 sys=0.00, real=0.00 secs] 
144.401: Total time for which application threads were stopped: 0.0644820 seconds, Stopping threads took: 0.0639440 seconds
144.481: Application time: 0.0796680 seconds
144.538: [GC [PSYoungGen: 14025K->1197K(15360K)] 21709K->8881K(50688K), 0.0007340 secs] [Times: user=0.00 sys=0.00, real=0.00 secs] 
144.539: Total time for which application threads were stopped: 0.0581290 seconds, Stopping threads took: 0.0573230 seconds
144.617: Application time: 0.0783140 seconds
144.665: [GC [PSYoungGen: 14457K->1376K(15360K)] 22141K->9060K(50688K), 0.0006510 secs] [Times: user=0.00 sys=0.00, real=0.00 secs] 
144.666: Total time for which application threads were stopped: 0.0485040 seconds, Stopping threads took: 0.0477780 seconds
144.743: Application time: 0.0774570 seconds
144.802: [GC [PSYoungGen: 14558K->1556K(15360K)] 22242K->9239K(50688K), 0.0006590 secs] [Times: user=0.01 sys=0.00, real=0.00 secs] 
144.803: Total time for which application threads were stopped: 0.0593370 seconds, Stopping threads took: 0.0586130 seconds
144.879: Application time: 0.0767330 seconds
144.935: [GC [PSYoungGen: 14568K->1572K(15360K)] 22252K->9255K(50688K), 0.0008090 secs] [Times: user=0.00 sys=0.00, real=0.01 secs] 
144.935: Total time for which application threads were stopped: 0.0559970 seconds, Stopping threads took: 0.0550980 seconds
145.015: Application time: 0.0792900 seconds
145.079: [GC [PSYoungGen: 14708K->563K(15360K)] 22392K->8247K(50688K), 0.0006640 secs] [Times: user=0.00 sys=0.00, real=0.00 secs] 
145.080: Total time for which application threads were stopped: 0.0653130 seconds, Stopping threads took: 0.0645760 seconds
145.163: Application time: 0.0834100 seconds
145.230: [GC [PSYoungGen: 13745K->742K(15360K)] 21429K->8442K(50688K), 0.0006310 secs] [Times: user=0.00 sys=0.00, real=0.00 secs] 
145.231: Total time for which application threads were stopped: 0.0674930 seconds, Stopping threads took: 0.0667780 seconds
145.315: Application time: 0.0844730 seconds
145.380: [GC [PSYoungGen: 13729K->710K(15360K)] 21429K->8418K(50688K), 0.0006310 secs] [Times: user=0.00 sys=0.00, real=0.00 secs] 
145.380: Total time for which application threads were stopped: 0.0650450 seconds, Stopping threads took: 0.0643140 seconds
145.463: Application time: 0.0824630 seconds
145.529: [GC [PSYoungGen: 14009K->1149K(15360K)] 21717K->8865K(50688K), 0.0006500 secs] [Times: user=0.01 sys=0.00, real=0.00 secs] 
145.530: Total time for which application threads were stopped: 0.0672450 seconds, Stopping threads took: 0.0665210 seconds
145.613: Application time: 0.0831270 seconds
145.685: [GC [PSYoungGen: 14350K->320K(15360K)] 22066K->8043K(50688K), 0.0004390 secs] [Times: user=0.00 sys=0.00, real=0.00 secs] 
145.685: Total time for which application threads were stopped: 0.0721790 seconds, Stopping threads took: 0.0716690 seconds
145.768: Application time: 0.0826880 seconds
145.768: [GC [PSYoungGen: 13619K->2045K(15360K)] 21342K->12831K(50688K), 0.0015490 secs] [Times: user=0.01 sys=0.00, real=0.00 secs] 
145.770: Total time for which application threads were stopped: 0.0019090 seconds, Stopping threads took: 0.0002770 seconds
145.929: Application time: 0.1586000 seconds
145.936: [GC [PSYoungGen: 15032K->662K(15360K)] 25817K->11448K(50688K), 0.0004730 secs] [Times: user=0.00 sys=0.00, real=0.00 secs] 
145.936: Total time for which application threads were stopped: 0.0075940 seconds, Stopping threads took: 0.0070500 seconds
146.022: Application time: 0.0854080 seconds
146.083: [GC [PSYoungGen: 13961K->1117K(15360K)] 24747K->11911K(50688K), 0.0005880 secs] [Times: user=0.00 sys=0.00, real=0.00 secs] 
146.083: Total time for which application threads were stopped: 0.0616270 seconds, Stopping threads took: 0.0609480 seconds
146.168: Application time: 0.0848820 seconds
146.220: [GC [PSYoungGen: 14103K->1117K(15360K)] 24897K->11911K(50688K), 0.0008250 secs] [Times: user=0.00 sys=0.00, real=0.00 secs] 
146.220: Total time for which application threads were stopped: 0.0522450 seconds, Stopping threads took: 0.0513340 seconds
146.305: Application time: 0.0843910 seconds
146.370: [GC [PSYoungGen: 14299K->1328K(15360K)] 25093K->12122K(50688K), 0.0006390 secs] [Times: user=0.00 sys=0.00, real=0.00 secs] 
146.371: Total time for which application threads were stopped: 0.0657680 seconds, Stopping threads took: 0.0650370 seconds
146.457: Application time: 0.0863660 seconds
146.500: [GC [PSYoungGen: 14588K->1556K(15360K)] 25382K->12349K(50688K), 0.0007010 secs] [Times: user=0.00 sys=0.00, real=0.00 secs] 
146.501: Total time for which application threads were stopped: 0.0441260 seconds, Stopping threads took: 0.0433310 seconds
146.584: Application time: 0.0826620 seconds
146.651: [GC [PSYoungGen: 14854K->1946K(15360K)] 25648K->12740K(50688K), 0.0008440 secs] [Times: user=0.01 sys=0.00, real=0.00 secs] 
146.651: Total time for which application threads were stopped: 0.0676740 seconds, Stopping threads took: 0.0667360 seconds
146.735: Application time: 0.0839910 seconds
146.804: [GC [PSYoungGen: 14913K->742K(15360K)] 25707K->11552K(50688K), 0.0005330 secs] [Times: user=0.00 sys=0.00, real=0.00 secs] 
146.804: Total time for which application threads were stopped: 0.0686930 seconds, Stopping threads took: 0.0680890 seconds
146.887: Application time: 0.0830810 seconds
146.942: [GC [PSYoungGen: 13729K->806K(15360K)] 24539K->11624K(50688K), 0.0005090 secs] [Times: user=0.01 sys=0.00, real=0.00 secs] 
146.942: Total time for which application threads were stopped: 0.0551830 seconds, Stopping threads took: 0.0545940 seconds
147.028: Application time: 0.0852820 seconds
147.091: [GC [PSYoungGen: 14105K->1117K(15360K)] 24923K->11943K(50688K), 0.0008010 secs] [Times: user=0.01 sys=0.00, real=0.00 secs] 
147.092: Total time for which application threads were stopped: 0.0642120 seconds, Stopping threads took: 0.0633290 seconds
147.176: Application time: 0.0842420 seconds
147.240: [GC [PSYoungGen: 14416K->1572K(15360K)] 25242K->12405K(50688K), 0.0007300 secs] [Times: user=0.01 sys=0.00, real=0.00 secs] 
147.241: Total time for which application threads were stopped: 0.0646160 seconds, Stopping threads took: 0.0637890 seconds
147.326: Application time: 0.0848780 seconds
147.379: [GC [PSYoungGen: 14851K->1833K(15360K)] 25685K->12674K(50688K), 0.0009550 secs] [Times: user=0.01 sys=0.00, real=0.00 secs] 
147.380: Total time for which application threads were stopped: 0.0545120 seconds, Stopping threads took: 0.0534810 seconds
147.463: Application time: 0.0829260 seconds
147.532: [GC [PSYoungGen: 15014K->954K(15360K)] 25856K->11803K(50688K), 0.0007330 secs] [Times: user=0.01 sys=0.00, real=0.00 secs] 
147.533: Total time for which application threads were stopped: 0.0695660 seconds, Stopping threads took: 0.0687450 seconds
147.617: Application time: 0.0843640 seconds
147.679: [GC [PSYoungGen: 14253K->1328K(15360K)] 25102K->12178K(50688K), 0.0007480 secs] [Times: user=0.00 sys=0.00, real=0.00 secs] 
147.680: Total time for which application threads were stopped: 0.0624950 seconds, Stopping threads took: 0.0616680 seconds
147.765: Application time: 0.0850700 seconds
147.833: [GC [PSYoungGen: 14608K->499K(15360K)] 25458K->11349K(50688K), 0.0004680 secs] [Times: user=0.01 sys=0.00, real=0.00 secs] 
147.834: Total time for which application threads were stopped: 0.0689210 seconds, Stopping threads took: 0.0683810 seconds
147.916: Application time: 0.0824320 seconds
147.962: [GC [PSYoungGen: 13731K->1946K(15360K)] 24581K->13773K(50688K), 0.0011320 secs] [Times: user=0.01 sys=0.00, real=0.00 secs] 
147.963: Total time for which application threads were stopped: 0.0468210 seconds, Stopping threads took: 0.0456120 seconds
148.045: Application time: 0.0825080 seconds
148.122: [GC [PSYoungGen: 15136K->1946K(15360K)] 26963K->13781K(50688K), 0.0008620 secs] [Times: user=0.00 sys=0.00, real=0.00 secs] 
148.123: Total time for which application threads were stopped: 0.0780440 seconds, Stopping threads took: 0.0770980 seconds
148.209: Application time: 0.0853530 seconds
148.278: [GC [PSYoungGen: 15147K->1085K(15360K)] 26982K->12919K(50688K), 0.0008630 secs] [Times: user=0.00 sys=0.00, real=0.00 secs] 
148.279: Total time for which application threads were stopped: 0.0702020 seconds, Stopping threads took: 0.0692650 seconds
148.362: Application time: 0.0834930 seconds
148.427: [GC [PSYoungGen: 14384K->1572K(15360K)] 26219K->13414K(50688K), 0.0007280 secs] [Times: user=0.00 sys=0.00, real=0.01 secs] 
148.428: Total time for which application threads were stopped: 0.0653590 seconds, Stopping threads took: 0.0645560 seconds
148.514: Application time: 0.0858900 seconds
148.582: [GC [PSYoungGen: 14851K->774K(15360K)] 26693K->12625K(50688K), 0.0005140 secs] [Times: user=0.00 sys=0.00, real=0.00 secs] 
148.583: Total time for which application threads were stopped: 0.0693740 seconds, Stopping threads took: 0.0687830 seconds
148.667: Application time: 0.0843180 seconds
148.731: [GC [PSYoungGen: 14073K->1197K(15360K)] 25924K->13055K(50688K), 0.0006820 secs] [Times: user=0.00 sys=0.00, real=0.00 secs] 
148.732: Total time for which application threads were stopped: 0.0648840 seconds, Stopping threads took: 0.0641200 seconds
148.816: Application time: 0.0833220 seconds
148.885: [GC [PSYoungGen: 14398K->352K(15360K)] 26257K->12210K(50688K), 0.0004460 secs] [Times: user=0.00 sys=0.00, real=0.00 secs] 
148.885: Total time for which application threads were stopped: 0.0696850 seconds, Stopping threads took: 0.0691640 seconds
148.970: Application time: 0.0844660 seconds
149.027: [GC [PSYoungGen: 13651K->774K(15360K)] 25509K->12649K(50688K), 0.0005740 secs] [Times: user=0.00 sys=0.00, real=0.00 secs] 
149.027: Total time for which application threads were stopped: 0.0575570 seconds, Stopping threads took: 0.0569080 seconds
149.108: Application time: 0.0803620 seconds
149.164: [GC [PSYoungGen: 14073K->1133K(15360K)] 25948K->13023K(50688K), 0.0006810 secs] [Times: user=0.00 sys=0.00, real=0.00 secs] 
149.165: Total time for which application threads were stopped: 0.0570150 seconds, Stopping threads took: 0.0562660 seconds
149.240: Application time: 0.0757590 seconds
149.294: [GC [PSYoungGen: 14391K->1360K(15360K)] 26282K->13251K(50688K), 0.0006460 secs] [Times: user=0.00 sys=0.00, real=0.00 secs] 
149.294: Total time for which application threads were stopped: 0.0538860 seconds, Stopping threads took: 0.0531460 seconds
149.373: Application time: 0.0788890 seconds
149.437: [GC [PSYoungGen: 14601K->336K(15360K)] 26492K->12226K(50688K), 0.0004440 secs] [Times: user=0.00 sys=0.00, real=0.00 secs] 
149.437: Total time for which application threads were stopped: 0.0639090 seconds, Stopping threads took: 0.0633920 seconds
149.514: Application time: 0.0771540 seconds
149.575: [GC [PSYoungGen: 13635K->710K(15360K)] 25525K->12609K(50688K), 0.0005900 secs] [Times: user=0.00 sys=0.00, real=0.01 secs] 
149.575: Total time for which application threads were stopped: 0.0612210 seconds, Stopping threads took: 0.0605520 seconds
149.654: Application time: 0.0785240 seconds
149.702: [GC [PSYoungGen: 13697K->742K(15360K)] 25595K->12649K(50688K), 0.0005030 secs] [Times: user=0.01 sys=0.00, real=0.00 secs] 
149.702: Total time for which application threads were stopped: 0.0482650 seconds, Stopping threads took: 0.0476870 seconds
149.779: Application time: 0.0769420 seconds
149.838: [GC [PSYoungGen: 13807K->726K(15360K)] 25714K->12633K(50688K), 0.0005150 secs] [Times: user=0.00 sys=0.00, real=0.00 secs] 
149.839: Total time for which application threads were stopped: 0.0598310 seconds, Stopping threads took: 0.0592440 seconds
149.917: Application time: 0.0783630 seconds
149.977: [GC [PSYoungGen: 14025K->1197K(15360K)] 25932K->13111K(50688K), 0.0006140 secs] [Times: user=0.00 sys=0.00, real=0.00 secs] 
149.977: Total time for which application threads were stopped: 0.0600070 seconds, Stopping threads took: 0.0593280 seconds
150.054: Application time: 0.0761920 seconds
150.102: [GC [PSYoungGen: 14496K->1555K(15360K)] 26411K->13478K(50688K), 0.0006690 secs] [Times: user=0.00 sys=0.00, real=0.00 secs] 
150.102: Total time for which application threads were stopped: 0.0488890 seconds, Stopping threads took: 0.0481500 seconds
150.181: Application time: 0.0780840 seconds
150.232: [GC [PSYoungGen: 14854K->1946K(15360K)] 26777K->13877K(50688K), 0.0009430 secs] [Times: user=0.00 sys=0.00, real=0.00 secs] 
150.233: Total time for which application threads were stopped: 0.0528330 seconds, Stopping threads took: 0.0518160 seconds
150.310: Application time: 0.0765530 seconds
150.373: [GC [PSYoungGen: 15147K->1165K(15360K)] 27078K->13095K(50688K), 0.0006340 secs] [Times: user=0.00 sys=0.00, real=0.00 secs] 
150.374: Total time for which application threads were stopped: 0.0639190 seconds, Stopping threads took: 0.0632040 seconds
150.452: Application time: 0.0785500 seconds
150.512: [GC [PSYoungGen: 14347K->1376K(15360K)] 26277K->13307K(50688K), 0.0008580 secs] [Times: user=0.00 sys=0.00, real=0.00 secs] 
150.513: Total time for which application threads were stopped: 0.0608250 seconds, Stopping threads took: 0.0598770 seconds
150.592: Application time: 0.0789800 seconds
150.644: [GC [PSYoungGen: 14539K->352K(15360K)] 26469K->12290K(50688K), 0.0005550 secs] [Times: user=0.00 sys=0.00, real=0.00 secs] 
150.644: Total time for which application threads were stopped: 0.0522290 seconds, Stopping threads took: 0.0516030 seconds
150.722: Application time: 0.0775990 seconds
150.782: [GC [PSYoungGen: 13651K->774K(15360K)] 25589K->12713K(50688K), 0.0004830 secs] [Times: user=0.00 sys=0.00, real=0.00 secs] 
150.782: Total time for which application threads were stopped: 0.0600380 seconds, Stopping threads took: 0.0594850 seconds
150.860: Application time: 0.0782390 seconds
150.922: [GC [PSYoungGen: 13761K->742K(15360K)] 25699K->12681K(50688K), 0.0004910 secs] [Times: user=0.00 sys=0.00, real=0.00 secs] 
150.923: Total time for which application threads were stopped: 0.0621220 seconds, Stopping threads took: 0.0615300 seconds
151.001: Application time: 0.0786160 seconds
151.049: [GC [PSYoungGen: 13807K->742K(15360K)] 25746K->12681K(50688K), 0.0005970 secs] [Times: user=0.00 sys=0.00, real=0.00 secs] 
151.050: Total time for which application threads were stopped: 0.0485260 seconds, Stopping threads took: 0.0478470 seconds
151.127: Application time: 0.0772620 seconds
151.175: [GC [PSYoungGen: 13729K->758K(15360K)] 25667K->12697K(50688K), 0.0004800 secs] [Times: user=0.00 sys=0.00, real=0.00 secs] 
151.176: Total time for which application threads were stopped: 0.0490150 seconds, Stopping threads took: 0.0484640 seconds
151.255: Application time: 0.0786910 seconds
151.315: [GC [PSYoungGen: 14057K->1165K(15360K)] 25996K->13111K(50688K), 0.0005830 secs] [Times: user=0.00 sys=0.00, real=0.01 secs] 
151.315: Total time for which application threads were stopped: 0.0607430 seconds, Stopping threads took: 0.0600840 seconds
151.392: Application time: 0.0764800 seconds
151.445: [GC [PSYoungGen: 14464K->1587K(15360K)] 26410K->13542K(50688K), 0.0007020 secs] [Times: user=0.00 sys=0.00, real=0.00 secs] 
151.447: Total time for which application threads were stopped: 0.0547170 seconds, Stopping threads took: 0.0529620 seconds
151.525: Application time: 0.0780890 seconds
151.573: [GC [PSYoungGen: 14574K->1556K(15360K)] 26528K->13510K(50688K), 0.0008250 secs] [Times: user=0.00 sys=0.00, real=0.00 secs] 
151.574: Total time for which application threads were stopped: 0.0488520 seconds, Stopping threads took: 0.0479550 seconds
151.650: Application time: 0.0763280 seconds
151.714: [GC [PSYoungGen: 14757K->742K(15360K)] 26711K->12705K(50688K), 0.0006140 secs] [Times: user=0.01 sys=0.00, real=0.00 secs] 
151.714: Total time for which application threads were stopped: 0.0645460 seconds, Stopping threads took: 0.0638510 seconds
151.794: Application time: 0.0799150 seconds
151.849: [GC [PSYoungGen: 14041K->1149K(15360K)] 26004K->13159K(50688K), 0.0005990 secs] [Times: user=0.00 sys=0.00, real=0.00 secs] 
151.850: Total time for which application threads were stopped: 0.0557390 seconds, Stopping threads took: 0.0550660 seconds
151.926: Application time: 0.0763570 seconds
151.986: [GC [PSYoungGen: 14409K->1344K(15360K)] 26420K->13355K(50688K), 0.0006750 secs] [Times: user=0.00 sys=0.00, real=0.00 secs] 
151.987: Total time for which application threads were stopped: 0.0607390 seconds, Stopping threads took: 0.0599840 seconds
152.065: Application time: 0.0777210 seconds
152.125: [GC [PSYoungGen: 14487K->1360K(15360K)] 26498K->13371K(50688K), 0.0006750 secs] [Times: user=0.01 sys=0.00, real=0.00 secs] 
152.125: Total time for which application threads were stopped: 0.0605940 seconds, Stopping threads took: 0.0598530 seconds
152.203: Application time: 0.0779100 seconds
152.263: [GC [PSYoungGen: 14562K->547K(15360K)] 26572K->12557K(50688K), 0.0005120 secs] [Times: user=0.00 sys=0.00, real=0.00 secs] 
152.264: Total time for which application threads were stopped: 0.0604950 seconds, Stopping threads took: 0.0599110 seconds
152.340: Application time: 0.0764560 seconds
152.397: [GC [PSYoungGen: 13846K->986K(15360K)] 25856K->12996K(50688K), 0.0012700 secs] [Times: user=0.00 sys=0.00, real=0.00 secs] 
152.398: Total time for which application threads were stopped: 0.0579070 seconds, Stopping threads took: 0.0565480 seconds
152.476: Application time: 0.0780540 seconds
152.533: [GC [PSYoungGen: 14167K->1197K(15360K)] 26178K->13215K(50688K), 0.0008720 secs] [Times: user=0.00 sys=0.00, real=0.00 secs] 
152.534: Total time for which application threads were stopped: 0.0573340 seconds, Stopping threads took: 0.0563700 seconds
152.610: Application time: 0.0759470 seconds
152.665: [GC [PSYoungGen: 14379K->1328K(15360K)] 26397K->13355K(50688K), 0.0006750 secs] [Times: user=0.01 sys=0.00, real=0.00 secs] 
152.665: Total time for which application threads were stopped: 0.0558090 seconds, Stopping threads took: 0.0550410 seconds
152.743: Application time: 0.0771840 seconds
152.811: [GC [PSYoungGen: 14529K->547K(15360K)] 26556K->12573K(50688K), 0.0005070 secs] [Times: user=0.01 sys=0.00, real=0.00 secs] 
152.811: Total time for which application threads were stopped: 0.0684660 seconds, Stopping threads took: 0.0678940 seconds
152.887: Application time: 0.0763110 seconds
152.938: [GC [PSYoungGen: 13729K->742K(15360K)] 25755K->12777K(50688K), 0.0005150 secs] [Times: user=0.00 sys=0.00, real=0.00 secs] 
152.939: Total time for which application threads were stopped: 0.0512050 seconds, Stopping threads took: 0.0506070 seconds
153.018: Application time: 0.0796820 seconds
153.077: [GC [PSYoungGen: 14041K->1149K(15360K)] 26076K->13191K(50688K), 0.0005800 secs] [Times: user=0.01 sys=0.00, real=0.00 secs] 
153.078: Total time for which application threads were stopped: 0.0592450 seconds, Stopping threads took: 0.0585890 seconds
153.157: Application time: 0.0796310 seconds
153.204: [GC [PSYoungGen: 14448K->1556K(15360K)] 26490K->13606K(50688K), 0.0007040 secs] [Times: user=0.00 sys=0.00, real=0.00 secs] 
153.205: Total time for which application threads were stopped: 0.0478620 seconds, Stopping threads took: 0.0470830 seconds
153.282: Application time: 0.0771430 seconds
153.348: [GC [PSYoungGen: 14835K->758K(15360K)] 26886K->12809K(50688K), 0.0005430 secs] [Times: user=0.00 sys=0.00, real=0.00 secs] 
153.348: Total time for which application threads were stopped: 0.0660840 seconds, Stopping threads took: 0.0654660 seconds
153.426: Application time: 0.0774080 seconds
153.485: [GC [PSYoungGen: 13901K->758K(15360K)] 25952K->12809K(50688K), 0.0007230 secs] [Times: user=0.00 sys=0.00, real=0.00 secs] 
153.486: Total time for which application threads were stopped: 0.0604940 seconds, Stopping threads took: 0.0596910 seconds
153.565: Application time: 0.0784790 seconds
153.618: [GC [PSYoungGen: 13745K->790K(15360K)] 25796K->12849K(50688K), 0.0006960 secs] [Times: user=0.01 sys=0.00, real=0.00 secs] 
153.619: Total time for which application threads were stopped: 0.0544220 seconds, Stopping threads took: 0.0536460 seconds
153.699: Application time: 0.0798580 seconds
153.750: [GC [PSYoungGen: 13894K->954K(15360K)] 25953K->13012K(50688K), 0.0007920 secs] [Times: user=0.00 sys=0.00, real=0.00 secs] 
153.750: Total time for which application threads were stopped: 0.0514780 seconds, Stopping threads took: 0.0506030 seconds
153.828: Application time: 0.0778260 seconds
153.889: [GC [PSYoungGen: 14253K->1360K(15360K)] 26311K->13419K(50688K), 0.0009350 secs] [Times: user=0.01 sys=0.01, real=0.00 secs] 
153.890: Total time for which application threads were stopped: 0.0620420 seconds, Stopping threads took: 0.0610090 seconds
153.969: Application time: 0.0786470 seconds
154.029: [GC [PSYoungGen: 14640K->1637K(15360K)] 26698K->13712K(50688K), 0.0007380 secs] [Times: user=0.01 sys=0.00, real=0.00 secs] 
154.030: Total time for which application threads were stopped: 0.0609900 seconds, Stopping threads took: 0.0601590 seconds
154.107: Application time: 0.0769280 seconds
154.166: [GC [PSYoungGen: 14741K->790K(15360K)] 26815K->12873K(50688K), 0.0007060 secs] [Times: user=0.00 sys=0.00, real=0.00 secs] 
154.167: Total time for which application threads were stopped: 0.0600890 seconds, Stopping threads took: 0.0592880 seconds
154.246: Application time: 0.0789850 seconds
154.297: [GC [PSYoungGen: 14089K->1149K(15360K)] 26172K->13231K(50688K), 0.0007950 secs] [Times: user=0.01 sys=0.00, real=0.00 secs] 
154.298: Total time for which application threads were stopped: 0.0517020 seconds, Stopping threads took: 0.0508180 seconds
154.375: Application time: 0.0775430 seconds
154.437: [GC [PSYoungGen: 14331K->1360K(15360K)] 26413K->13443K(50688K), 0.0006270 secs] [Times: user=0.00 sys=0.00, real=0.00 secs] 
154.437: Total time for which application threads were stopped: 0.0620350 seconds, Stopping threads took: 0.0613280 seconds
154.518: Application time: 0.0804870 seconds
154.569: [GC [PSYoungGen: 14503K->1360K(15360K)] 26586K->13451K(50688K), 0.0007010 secs] [Times: user=0.00 sys=0.00, real=0.00 secs] 
154.570: Total time for which application threads were stopped: 0.0524600 seconds, Stopping threads took: 0.0516660 seconds
154.648: Application time: 0.0774170 seconds
154.710: [GC [PSYoungGen: 14640K->563K(15360K)] 26730K->12661K(50688K), 0.0005140 secs] [Times: user=0.00 sys=0.00, real=0.00 secs] 
154.711: Total time for which application threads were stopped: 0.0631590 seconds, Stopping threads took: 0.0625460 seconds
154.789: Application time: 0.0780150 seconds
154.841: [GC [PSYoungGen: 13666K->758K(15360K)] 25765K->12857K(50688K), 0.0007150 secs] [Times: user=0.01 sys=0.00, real=0.00 secs] 
154.841: Total time for which application threads were stopped: 0.0526180 seconds, Stopping threads took: 0.0518320 seconds
154.920: Application time: 0.0790020 seconds
154.981: [GC [PSYoungGen: 14057K->1133K(15360K)] 26156K->13239K(50688K), 0.0006550 secs] [Times: user=0.00 sys=0.00, real=0.00 secs] 
154.981: Total time for which application threads were stopped: 0.0610440 seconds, Stopping threads took: 0.0602970 seconds
155.059: Application time: 0.0774570 seconds
155.121: [GC [PSYoungGen: 14334K->288K(15360K)] 26441K->12394K(50688K), 0.0004170 secs] [Times: user=0.00 sys=0.00, real=0.00 secs] 
155.122: Total time for which application threads were stopped: 0.0629920 seconds, Stopping threads took: 0.0625030 seconds
155.197: Application time: 0.0754930 seconds
155.247: [GC [PSYoungGen: 13567K->1783K(15360K)] 25674K->13889K(50688K), 0.0007140 secs] [Times: user=0.00 sys=0.00, real=0.01 secs] 
155.248: Total time for which application threads were stopped: 0.0502950 seconds, Stopping threads took: 0.0495000 seconds
155.327: Application time: 0.0789010 seconds
155.390: [GC [PSYoungGen: 14945K->726K(15360K)] 27052K->12841K(50688K), 0.0005410 secs] [Times: user=0.00 sys=0.00, real=0.00 secs] 
155.391: Total time for which application threads were stopped: 0.0639470 seconds, Stopping threads took: 0.0633110 seconds
155.469: Application time: 0.0787050 seconds
155.529: [GC [PSYoungGen: 14025K->1101K(15360K)] 26140K->13223K(50688K), 0.0007300 secs] [Times: user=0.00 sys=0.00, real=0.00 secs] 
155.530: Total time for which application threads were stopped: 0.0604980 seconds, Stopping threads took: 0.0596900 seconds
155.607: Application time: 0.0775990 seconds
155.660: [GC [PSYoungGen: 14400K->1555K(15360K)] 26523K->13686K(50688K), 0.0007020 secs] [Times: user=0.00 sys=0.00, real=0.00 secs] 
155.661: Total time for which application threads were stopped: 0.0535200 seconds, Stopping threads took: 0.0527380 seconds
155.737: Application time: 0.0759100 seconds
155.797: [GC [PSYoungGen: 14816K->1751K(15360K)] 26946K->13881K(50688K), 0.0008150 secs] [Times: user=0.00 sys=0.01, real=0.00 secs] 
155.798: Total time for which application threads were stopped: 0.0615680 seconds, Stopping threads took: 0.0606750 seconds
155.877: Application time: 0.0788650 seconds
155.937: [GC [PSYoungGen: 14757K->1881K(15360K)] 26888K->14011K(50688K), 0.0007800 secs] [Times: user=0.00 sys=0.00, real=0.00 secs] 
155.938: Total time for which application threads were stopped: 0.0603430 seconds, Stopping threads took: 0.0594890 seconds
156.014: Application time: 0.0761720 seconds
156.077: [GC [PSYoungGen: 15140K->970K(15360K)] 27271K->13108K(50688K), 0.0005590 secs] [Times: user=0.00 sys=0.00, real=0.00 secs] 
156.078: Total time for which application threads were stopped: 0.0643170 seconds, Stopping threads took: 0.0636900 seconds
156.156: Application time: 0.0779240 seconds
156.209: [GC [PSYoungGen: 14269K->1344K(15360K)] 26407K->13483K(50688K), 0.0007960 secs] [Times: user=0.00 sys=0.00, real=0.00 secs] 
156.210: Total time for which application threads were stopped: 0.0542470 seconds, Stopping threads took: 0.0533770 seconds
156.287: Application time: 0.0767310 seconds
156.350: [GC [PSYoungGen: 14546K->547K(15360K)] 26684K->12686K(50688K), 0.0004540 secs] [Times: user=0.00 sys=0.00, real=0.00 secs] 
156.350: Total time for which application threads were stopped: 0.0630960 seconds, Stopping threads took: 0.0625600 seconds
156.429: Application time: 0.0784830 seconds
156.490: [GC [PSYoungGen: 13729K->726K(15360K)] 25868K->12873K(50688K), 0.0007020 secs] [Times: user=0.00 sys=0.00, real=0.00 secs] 
156.492: Total time for which application threads were stopped: 0.0631210 seconds, Stopping threads took: 0.0615250 seconds
156.569: Application time: 0.0774040 seconds
156.617: [GC [PSYoungGen: 13791K->758K(15360K)] 25938K->12913K(50688K), 0.0006310 secs] [Times: user=0.00 sys=0.00, real=0.00 secs] 
156.618: Total time for which application threads were stopped: 0.0489600 seconds, Stopping threads took: 0.0482290 seconds
156.695: Application time: 0.0774750 seconds
156.745: [GC [PSYoungGen: 14057K->1165K(15360K)] 26212K->13327K(50688K), 0.0006270 secs] [Times: user=0.01 sys=0.00, real=0.00 secs] 
156.746: Total time for which application threads were stopped: 0.0504430 seconds, Stopping threads took: 0.0497430 seconds
156.823: Application time: 0.0769620 seconds
156.882: [GC [PSYoungGen: 14425K->1376K(15360K)] 26588K->13539K(50688K), 0.0006190 secs] [Times: user=0.01 sys=0.00, real=0.00 secs] 
156.883: Total time for which application threads were stopped: 0.0596610 seconds, Stopping threads took: 0.0589630 seconds
156.961: Application time: 0.0787320 seconds
157.009: [GC [PSYoungGen: 14675K->1783K(15360K)] 26838K->13945K(50688K), 0.0007890 secs] [Times: user=0.01 sys=0.00, real=0.00 secs] 
157.010: Total time for which application threads were stopped: 0.0483290 seconds, Stopping threads took: 0.0474450 seconds
157.088: Application time: 0.0782270 seconds
157.148: [GC [PSYoungGen: 14984K->970K(15360K)] 27147K->13132K(50688K), 0.0006470 secs] [Times: user=0.00 sys=0.00, real=0.00 secs] 
157.149: Total time for which application threads were stopped: 0.0612530 seconds, Stopping threads took: 0.0605120 seconds
157.227: Application time: 0.0781600 seconds
157.277: [GC [PSYoungGen: 14151K->1181K(15360K)] 26314K->13351K(50688K), 0.0006350 secs] [Times: user=0.00 sys=0.00, real=0.00 secs] 
157.277: Total time for which application threads were stopped: 0.0502070 seconds, Stopping threads took: 0.0495000 seconds
157.355: Application time: 0.0773130 seconds
157.414: [GC [PSYoungGen: 14461K->1458K(15360K)] 26631K->13636K(50688K), 0.0006700 secs] [Times: user=0.00 sys=0.00, real=0.00 secs] 
157.414: Total time for which application threads were stopped: 0.0594790 seconds, Stopping threads took: 0.0587330 seconds
157.493: Application time: 0.0784530 seconds
157.560: [GC [PSYoungGen: 14640K->579K(15360K)] 26818K->12757K(50688K), 0.0004890 secs] [Times: user=0.00 sys=0.00, real=0.00 secs] 
157.561: Total time for which application threads were stopped: 0.0680970 seconds, Stopping threads took: 0.0675370 seconds
157.640: Application time: 0.0790490 seconds
157.698: [GC [PSYoungGen: 13761K->758K(15360K)] 25939K->12937K(50688K), 0.0005280 secs] [Times: user=0.00 sys=0.00, real=0.00 secs] 
157.698: Total time for which application threads were stopped: 0.0585040 seconds, Stopping threads took: 0.0579080 seconds
157.778: Application time: 0.0794610 seconds
157.826: [GC [PSYoungGen: 14057K->1149K(15360K)] 26236K->13335K(50688K), 0.0005830 secs] [Times: user=0.00 sys=0.00, real=0.00 secs] 
157.827: Total time for which application threads were stopped: 0.0491220 seconds, Stopping threads took: 0.0484650 seconds
157.905: Application time: 0.0777350 seconds
157.957: [GC [PSYoungGen: 14331K->1376K(15360K)] 26517K->13563K(50688K), 0.0006790 secs] [Times: user=0.00 sys=0.00, real=0.00 secs] 
157.958: Total time for which application threads were stopped: 0.0527840 seconds, Stopping threads took: 0.0520240 seconds
158.037: Application time: 0.0791500 seconds
158.101: [GC [PSYoungGen: 14656K->579K(15360K)] 26842K->12781K(50688K), 0.0005830 secs] [Times: user=0.00 sys=0.00, real=0.00 secs] 
158.101: Total time for which application threads were stopped: 0.0648350 seconds, Stopping threads took: 0.0641600 seconds
158.180: Application time: 0.0788250 seconds
158.240: [GC [PSYoungGen: 13683K->742K(15360K)] 25885K->12945K(50688K), 0.0005400 secs] [Times: user=0.00 sys=0.00, real=0.00 secs] 
158.241: Total time for which application threads were stopped: 0.0604410 seconds, Stopping threads took: 0.0598110 seconds
158.318: Application time: 0.0774590 seconds
158.378: [GC [PSYoungGen: 13729K->726K(15360K)] 25932K->12929K(50688K), 0.0005540 secs] [Times: user=0.00 sys=0.00, real=0.00 secs] 
158.378: Total time for which application threads were stopped: 0.0599140 seconds, Stopping threads took: 0.0592920 seconds
158.457: Application time: 0.0791020 seconds
158.509: [GC [PSYoungGen: 14025K->1165K(15360K)] 26228K->13376K(50688K), 0.0008660 secs] [Times: user=0.01 sys=0.00, real=0.00 secs] 
158.510: Total time for which application threads were stopped: 0.0528690 seconds, Stopping threads took: 0.0519030 seconds
158.590: Application time: 0.0798040 seconds
158.649: [GC [PSYoungGen: 14347K->1360K(15360K)] 26557K->13579K(50688K), 0.0008670 secs] [Times: user=0.00 sys=0.00, real=0.00 secs] 
158.649: Total time for which application threads were stopped: 0.0595100 seconds, Stopping threads took: 0.0585540 seconds
158.726: Application time: 0.0762250 seconds
158.778: [GC [PSYoungGen: 14464K->1572K(15360K)] 26682K->13790K(50688K), 0.0007350 secs] [Times: user=0.01 sys=0.00, real=0.00 secs] 
158.779: Total time for which application threads were stopped: 0.0529500 seconds, Stopping threads took: 0.0521410 seconds
158.856: Application time: 0.0775040 seconds
158.917: [GC [PSYoungGen: 14558K->1587K(15360K)] 26777K->13814K(50688K), 0.0006850 secs] [Times: user=0.00 sys=0.00, real=0.00 secs] 
158.917: Total time for which application threads were stopped: 0.0613210 seconds, Stopping threads took: 0.0605700 seconds
158.994: Application time: 0.0770650 seconds
159.044: [GC [PSYoungGen: 14867K->1880K(15360K)] 27094K->14107K(50688K), 0.0007760 secs] [Times: user=0.01 sys=0.00, real=0.00 secs] 
159.044: Total time for which application threads were stopped: 0.0498540 seconds, Stopping threads took: 0.0489970 seconds
159.122: Application time: 0.0778280 seconds
159.185: [GC [PSYoungGen: 14945K->790K(15360K)] 27172K->13017K(50688K), 0.0005990 secs] [Times: user=0.00 sys=0.00, real=0.00 secs] 
159.186: Total time for which application threads were stopped: 0.0638230 seconds, Stopping threads took: 0.0631500 seconds
159.265: Application time: 0.0789820 seconds
159.324: [GC [PSYoungGen: 13777K->774K(15360K)] 26004K->13009K(50688K), 0.0005090 secs] [Times: user=0.01 sys=0.00, real=0.00 secs] 
159.325: Total time for which application threads were stopped: 0.0598220 seconds, Stopping threads took: 0.0592460 seconds
159.402: Application time: 0.0767770 seconds
159.454: [GC [PSYoungGen: 13761K->758K(15360K)] 25996K->13001K(50688K), 0.0004740 secs] [Times: user=0.00 sys=0.00, real=0.00 secs] 
159.454: Total time for which application threads were stopped: 0.0528380 seconds, Stopping threads took: 0.0522960 seconds
159.532: Application time: 0.0775350 seconds
159.592: [GC [PSYoungGen: 13745K->774K(15360K)] 25988K->13025K(50688K), 0.0005700 secs] [Times: user=0.00 sys=0.00, real=0.00 secs] 
159.593: Total time for which application threads were stopped: 0.0608770 seconds, Stopping threads took: 0.0602260 seconds
159.672: Application time: 0.0794740 seconds
159.732: [GC [PSYoungGen: 13761K->726K(15360K)] 26011K->12985K(50688K), 0.0005700 secs] [Times: user=0.01 sys=0.00, real=0.00 secs] 
159.733: Total time for which application threads were stopped: 0.0606790 seconds, Stopping threads took: 0.0600400 seconds
159.810: Application time: 0.0774260 seconds
159.871: [GC [PSYoungGen: 14025K->1165K(15360K)] 26284K->13423K(50688K), 0.0007780 secs] [Times: user=0.00 sys=0.01, real=0.00 secs] 
159.871: Total time for which application threads were stopped: 0.0609960 seconds, Stopping threads took: 0.0601500 seconds
159.948: Application time: 0.0768290 seconds
160.001: [GC [PSYoungGen: 14366K->1426K(15360K)] 26625K->13692K(50688K), 0.0009030 secs] [Times: user=0.00 sys=0.00, real=0.00 secs] 
160.002: Total time for which application threads were stopped: 0.0538100 seconds, Stopping threads took: 0.0528120 seconds
160.080: Application time: 0.0778150 seconds
160.145: [GC [PSYoungGen: 14725K->790K(15360K)] 26991K->13065K(50688K), 0.0005710 secs] [Times: user=0.00 sys=0.00, real=0.00 secs] 
160.145: Total time for which application threads were stopped: 0.0652350 seconds, Stopping threads took: 0.0645830 seconds
160.225: Application time: 0.0801240 seconds
160.284: [GC [PSYoungGen: 13855K->726K(15360K)] 26130K->13001K(50688K), 0.0005920 secs] [Times: user=0.00 sys=0.00, real=0.00 secs] 
160.285: Total time for which application threads were stopped: 0.0597360 seconds, Stopping threads took: 0.0590550 seconds
160.364: Application time: 0.0786630 seconds
160.414: [GC [PSYoungGen: 13908K->970K(15360K)] 26183K->13252K(50688K), 0.0005240 secs] [Times: user=0.00 sys=0.00, real=0.00 secs] 
160.415: Total time for which application threads were stopped: 0.0508820 seconds, Stopping threads took: 0.0502900 seconds
160.493: Application time: 0.0787320 seconds
160.553: [GC [PSYoungGen: 14151K->1133K(15360K)] 26434K->13415K(50688K), 0.0005990 secs] [Times: user=0.00 sys=0.00, real=0.00 secs] 
160.554: Total time for which application threads were stopped: 0.0606610 seconds, Stopping threads took: 0.0599950 seconds
160.631: Application time: 0.0771430 seconds
160.681: [GC [PSYoungGen: 14334K->336K(15360K)] 26617K->12626K(50688K), 0.0006530 secs] [Times: user=0.00 sys=0.00, real=0.00 secs] 
160.682: Total time for which application threads were stopped: 0.0509190 seconds, Stopping threads took: 0.0501670 seconds
160.758: Application time: 0.0755310 seconds
160.791: [GC [PSYoungGen: 13635K->1978K(15360K)] 25925K->15245K(50688K), 0.0010480 secs] [Times: user=0.01 sys=0.00, real=0.00 secs] 
160.792: Total time for which application threads were stopped: 0.0347350 seconds, Stopping threads took: 0.0336100 seconds
160.870: Application time: 0.0774380 seconds
160.938: [GC [PSYoungGen: 14965K->790K(15360K)] 28232K->14065K(50688K), 0.0006150 secs] [Times: user=0.00 sys=0.00, real=0.00 secs] 
160.939: Total time for which application threads were stopped: 0.0691300 seconds, Stopping threads took: 0.0684220 seconds
161.018: Application time: 0.0792900 seconds
161.073: [GC [PSYoungGen: 13972K->954K(15360K)] 27247K->14237K(50688K), 0.0006300 secs] [Times: user=0.00 sys=0.00, real=0.00 secs] 
161.074: Total time for which application threads were stopped: 0.0554740 seconds, Stopping threads took: 0.0547540 seconds
161.152: Application time: 0.0780850 seconds
161.202: [GC [PSYoungGen: 14107K->1069K(15360K)] 27390K->14360K(50688K), 0.0008040 secs] [Times: user=0.01 sys=0.00, real=0.00 secs] 
161.203: Total time for which application threads were stopped: 0.0514240 seconds, Stopping threads took: 0.0505360 seconds
161.280: Application time: 0.0773500 seconds
161.345: [GC [PSYoungGen: 14376K->336K(15360K)] 27668K->13635K(50688K), 0.0004550 secs] [Times: user=0.00 sys=0.00, real=0.00 secs] 
161.346: Total time for which application threads were stopped: 0.0652160 seconds, Stopping threads took: 0.0646880 seconds
161.422: Application time: 0.0766010 seconds
161.456: [GC [PSYoungGen: 13635K->2026K(15360K)] 26934K->16310K(50688K), 0.0010270 secs] [Times: user=0.00 sys=0.00, real=0.00 secs] 
161.457: Total time for which application threads were stopped: 0.0342850 seconds, Stopping threads took: 0.0331860 seconds
161.538: Application time: 0.0810270 seconds
161.603: [GC [PSYoungGen: 15169K->758K(15360K)] 29453K->15050K(50688K), 0.0005050 secs] [Times: user=0.00 sys=0.00, real=0.00 secs] 
161.603: Total time for which application threads were stopped: 0.0655330 seconds, Stopping threads took: 0.0649580 seconds
161.682: Application time: 0.0786100 seconds
161.743: [GC [PSYoungGen: 14057K->1133K(15360K)] 28349K->15433K(50688K), 0.0007660 secs] [Times: user=0.00 sys=0.00, real=0.00 secs] 
161.743: Total time for which application threads were stopped: 0.0615330 seconds, Stopping threads took: 0.0606860 seconds
161.822: Application time: 0.0783580 seconds
161.881: [GC [PSYoungGen: 14315K->1328K(15360K)] 28614K->15628K(50688K), 0.0007230 secs] [Times: user=0.00 sys=0.00, real=0.00 secs] 
161.882: Total time for which application threads were stopped: 0.0599900 seconds, Stopping threads took: 0.0591880 seconds
161.958: Application time: 0.0763830 seconds
162.008: [GC [PSYoungGen: 14530K->1669K(15360K)] 28829K->15969K(50688K), 0.0009490 secs] [Times: user=0.01 sys=0.00, real=0.00 secs] 
162.009: Total time for which application threads were stopped: 0.0509250 seconds, Stopping threads took: 0.0499060 seconds
162.088: Application time: 0.0789150 seconds
162.147: [GC [PSYoungGen: 14949K->1946K(15360K)] 29248K->16246K(50688K), 0.0008800 secs] [Times: user=0.00 sys=0.00, real=0.01 secs] 
162.147: Total time for which application threads were stopped: 0.0595150 seconds, Stopping threads took: 0.0585510 seconds
162.225: Application time: 0.0780510 seconds
162.289: [GC [PSYoungGen: 15147K->1133K(15360K)] 29447K->15441K(50688K), 0.0006790 secs] [Times: user=0.00 sys=0.00, real=0.00 secs] 
162.290: Total time for which application threads were stopped: 0.0642650 seconds, Stopping threads took: 0.0634860 seconds
162.367: Application time: 0.0770420 seconds
162.426: [GC [PSYoungGen: 14315K->1360K(15360K)] 28622K->15676K(50688K), 0.0007140 secs] [Times: user=0.01 sys=0.00, real=0.00 secs] 
162.427: Total time for which application threads were stopped: 0.0599920 seconds, Stopping threads took: 0.0591860 seconds
162.505: Application time: 0.0785110 seconds
162.557: [GC [PSYoungGen: 14659K->1735K(15360K)] 28975K->16059K(50688K), 0.0009920 secs] [Times: user=0.00 sys=0.00, real=0.00 secs] 
162.558: Total time for which application threads were stopped: 0.0524140 seconds, Stopping threads took: 0.0513350 seconds
162.638: Application time: 0.0798210 seconds
162.701: [GC [PSYoungGen: 14819K->774K(15360K)] 29143K->15098K(50688K), 0.0006730 secs] [Times: user=0.00 sys=0.00, real=0.00 secs] 
162.702: Total time for which application threads were stopped: 0.0644320 seconds, Stopping threads took: 0.0636660 seconds
162.780: Application time: 0.0777930 seconds
162.841: [GC [PSYoungGen: 13839K->742K(15360K)] 28163K->15066K(50688K), 0.0007010 secs] [Times: user=0.00 sys=0.00, real=0.00 secs] 
162.841: Total time for which application threads were stopped: 0.0616990 seconds, Stopping threads took: 0.0608950 seconds
162.919: Application time: 0.0772510 seconds
162.966: [GC [PSYoungGen: 13729K->758K(15360K)] 28053K->15090K(50688K), 0.0007810 secs] [Times: user=0.01 sys=0.00, real=0.00 secs] 
162.967: Total time for which application threads were stopped: 0.0484260 seconds, Stopping threads took: 0.0475570 seconds
163.045: Application time: 0.0774700 seconds
163.107: [GC [PSYoungGen: 14057K->1133K(15360K)] 28389K->15473K(50688K), 0.0008260 secs] [Times: user=0.01 sys=0.00, real=0.01 secs] 
163.107: Total time for which application threads were stopped: 0.0627510 seconds, Stopping threads took: 0.0618450 seconds
163.185: Application time: 0.0773030 seconds
163.249: [GC [PSYoungGen: 14412K->320K(15360K)] 28752K->14667K(50688K), 0.0006260 secs] [Times: user=0.00 sys=0.00, real=0.00 secs] 
163.249: Total time for which application threads were stopped: 0.0646100 seconds, Stopping threads took: 0.0639140 seconds
163.324: Application time: 0.0749620 seconds
163.358: [GC [PSYoungGen: 13521K->1881K(15360K)] 27869K->17213K(50688K), 0.0010970 secs] [Times: user=0.01 sys=0.00, real=0.00 secs] 
163.359: Total time for which application threads were stopped: 0.0351250 seconds, Stopping threads took: 0.0339350 seconds
163.434: Application time: 0.0751050 seconds
163.498: [GC [PSYoungGen: 15140K->1897K(15360K)] 30473K->18401K(50688K), 0.0014310 secs] [Times: user=0.01 sys=0.01, real=0.00 secs] 
163.499: Total time for which application threads were stopped: 0.0645780 seconds, Stopping threads took: 0.0630510 seconds
163.574: Application time: 0.0750720 seconds
163.643: [GC [PSYoungGen: 15098K->1165K(15360K)] 31602K->17677K(50688K), 0.0007650 secs] [Times: user=0.00 sys=0.00, real=0.00 secs] 
163.644: Total time for which application threads were stopped: 0.0701070 seconds, Stopping threads took: 0.0692510 seconds
163.722: Application time: 0.0772440 seconds
163.782: [GC [PSYoungGen: 14474K->1523K(15360K)] 30986K->18036K(50688K), 0.0008270 secs] [Times: user=0.01 sys=0.00, real=0.00 secs] 
163.783: Total time for which application threads were stopped: 0.0611720 seconds, Stopping threads took: 0.0602660 seconds
163.859: Application time: 0.0759230 seconds
163.919: [GC [PSYoungGen: 14500K->1539K(15360K)] 31012K->18060K(50688K), 0.0007230 secs] [Times: user=0.00 sys=0.00, real=0.00 secs] 
163.920: Total time for which application threads were stopped: 0.0609180 seconds, Stopping threads took: 0.0601180 seconds
163.998: Application time: 0.0781490 seconds
164.057: [GC [PSYoungGen: 14819K->790K(15360K)] 31340K->17311K(50688K), 0.0005100 secs] [Times: user=0.01 sys=0.00, real=0.00 secs] 
164.058: Total time for which application threads were stopped: 0.0602770 seconds, Stopping threads took: 0.0596980 seconds
164.137: Application time: 0.0794970 seconds
164.197: [GC [PSYoungGen: 13855K->726K(15360K)] 30375K->17255K(50688K), 0.0006540 secs] [Times: user=0.00 sys=0.00, real=0.00 secs] 
164.198: Total time for which application threads were stopped: 0.0601250 seconds, Stopping threads took: 0.0594030 seconds
164.275: Application time: 0.0779060 seconds
164.330: [GC [PSYoungGen: 13713K->726K(15360K)] 30241K->17255K(50688K), 0.0005350 secs] [Times: user=0.01 sys=0.00, real=0.00 secs] 
164.331: Total time for which application threads were stopped: 0.0550240 seconds, Stopping threads took: 0.0544020 seconds
164.409: Application time: 0.0782160 seconds
164.467: [GC [PSYoungGen: 13713K->774K(15360K)] 30241K->17319K(50688K), 0.0005840 secs] [Times: user=0.00 sys=0.00, real=0.01 secs] 
164.467: Total time for which application threads were stopped: 0.0585670 seconds, Stopping threads took: 0.0578830 seconds
164.546: Application time: 0.0788730 seconds
164.597: [GC [PSYoungGen: 14073K->1149K(15360K)] 30618K->17693K(50688K), 0.0006270 secs] [Times: user=0.00 sys=0.00, real=0.00 secs] 
164.598: Total time for which application threads were stopped: 0.0515160 seconds, Stopping threads took: 0.0508190 seconds
164.673: Application time: 0.0757650 seconds
164.734: [GC [PSYoungGen: 14448K->1572K(15360K)] 30992K->18124K(50688K), 0.0007390 secs] [Times: user=0.00 sys=0.00, real=0.00 secs] 
164.734: Total time for which application threads were stopped: 0.0608870 seconds, Stopping threads took: 0.0600540 seconds
164.815: Application time: 0.0801930 seconds
164.878: [GC [PSYoungGen: 14773K->774K(15360K)] 31325K->17335K(50688K), 0.0006950 secs] [Times: user=0.00 sys=0.00, real=0.00 secs] 
164.879: Total time for which application threads were stopped: 0.0640980 seconds, Stopping threads took: 0.0633140 seconds
164.958: Application time: 0.0791710 seconds
165.017: [GC [PSYoungGen: 13761K->742K(15360K)] 30321K->17311K(50688K), 0.0005240 secs] [Times: user=0.01 sys=0.00, real=0.00 secs] 
165.018: Total time for which application threads were stopped: 0.0602060 seconds, Stopping threads took: 0.0595840 seconds
165.098: Application time: 0.0803970 seconds
165.155: [GC [PSYoungGen: 14041K->1181K(15360K)] 30610K->17749K(50688K), 0.0006790 secs] [Times: user=0.00 sys=0.00, real=0.01 secs] 
165.156: Total time for which application threads were stopped: 0.0571110 seconds, Stopping threads took: 0.0563600 seconds
165.239: Application time: 0.0834520 seconds
165.303: [GC [PSYoungGen: 14441K->1344K(15360K)] 31009K->17921K(50688K), 0.0006720 secs] [Times: user=0.00 sys=0.00, real=0.00 secs] 
165.304: Total time for which application threads were stopped: 0.0650360 seconds, Stopping threads took: 0.0642930 seconds
165.389: Application time: 0.0849640 seconds
165.454: [GC [PSYoungGen: 14506K->320K(15360K)] 31083K->16896K(50688K), 0.0005590 secs] [Times: user=0.00 sys=0.00, real=0.00 secs] 
165.455: Total time for which application threads were stopped: 0.0657220 seconds, Stopping threads took: 0.0650730 seconds
165.537: Application time: 0.0827300 seconds
165.604: [GC [PSYoungGen: 13619K->790K(15360K)] 30195K->17383K(50688K), 0.0006570 secs] [Times: user=0.01 sys=0.00, real=0.00 secs] 
165.605: Total time for which application threads were stopped: 0.0672530 seconds, Stopping threads took: 0.0664920 seconds
165.690: Application time: 0.0848000 seconds
165.757: [GC [PSYoungGen: 13894K->1002K(15360K)] 30486K->17594K(50688K), 0.0007380 secs] [Times: user=0.00 sys=0.00, real=0.00 secs] 
165.758: Total time for which application threads were stopped: 0.0686330 seconds, Stopping threads took: 0.0678110 seconds
165.842: Application time: 0.0839420 seconds
165.899: [GC [PSYoungGen: 14262K->1165K(15360K)] 30854K->17757K(50688K), 0.0006460 secs] [Times: user=0.00 sys=0.00, real=0.00 secs] 
165.900: Total time for which application threads were stopped: 0.0577440 seconds, Stopping threads took: 0.0570180 seconds
165.985: Application time: 0.0848000 seconds
166.050: [GC [PSYoungGen: 14347K->1376K(15360K)] 30939K->17977K(50688K), 0.0006810 secs] [Times: user=0.00 sys=0.00, real=0.00 secs] 
166.050: Total time for which application threads were stopped: 0.0658320 seconds, Stopping threads took: 0.0650750 seconds
166.134: Application time: 0.0839250 seconds
166.199: [GC [PSYoungGen: 14656K->1669K(15360K)] 31256K->18278K(50688K), 0.0007800 secs] [Times: user=0.01 sys=0.00, real=0.00 secs] 
166.200: Total time for which application threads were stopped: 0.0654320 seconds, Stopping threads took: 0.0645750 seconds
166.285: Application time: 0.0847040 seconds
166.351: [GC [PSYoungGen: 14773K->758K(15360K)] 31381K->17375K(50688K), 0.0006500 secs] [Times: user=0.00 sys=0.00, real=0.00 secs] 
166.352: Total time for which application threads were stopped: 0.0675870 seconds, Stopping threads took: 0.0668460 seconds
166.437: Application time: 0.0846380 seconds
166.498: [GC [PSYoungGen: 13862K->954K(15360K)] 30478K->17578K(50688K), 0.0008490 secs] [Times: user=0.00 sys=0.00, real=0.00 secs] 
166.499: Total time for which application threads were stopped: 0.0621840 seconds, Stopping threads took: 0.0612530 seconds
166.584: Application time: 0.0847720 seconds
166.639: [GC [PSYoungGen: 14253K->1360K(15360K)] 30877K->17993K(50688K), 0.0007190 secs] [Times: user=0.01 sys=0.00, real=0.00 secs] 
166.641: Total time for which application threads were stopped: 0.0572170 seconds, Stopping threads took: 0.0556750 seconds
166.724: Application time: 0.0832100 seconds
166.794: [GC [PSYoungGen: 14640K->547K(15360K)] 31272K->17179K(50688K), 0.0005220 secs] [Times: user=0.01 sys=0.00, real=0.00 secs] 
166.795: Total time for which application threads were stopped: 0.0705120 seconds, Stopping threads took: 0.0698830 seconds
166.880: Application time: 0.0856930 seconds
166.943: [GC [PSYoungGen: 13807K->774K(15360K)] 30440K->17407K(50688K), 0.0005860 secs] [Times: user=0.00 sys=0.00, real=0.00 secs] 
166.944: Total time for which application threads were stopped: 0.0633940 seconds, Stopping threads took: 0.0627400 seconds
167.028: Application time: 0.0842590 seconds
167.082: [GC [PSYoungGen: 14073K->1133K(15360K)] 30706K->17765K(50688K), 0.0006260 secs] [Times: user=0.00 sys=0.00, real=0.00 secs] 
167.082: Total time for which application threads were stopped: 0.0543170 seconds, Stopping threads took: 0.0536200 seconds
167.166: Application time: 0.0839650 seconds
167.235: [GC [PSYoungGen: 14334K->320K(15360K)] 30967K->16960K(50688K), 0.0006290 secs] [Times: user=0.01 sys=0.00, real=0.01 secs] 
167.235: Total time for which application threads were stopped: 0.0689650 seconds, Stopping threads took: 0.0682600 seconds
167.318: Application time: 0.0824140 seconds
167.355: [GC [PSYoungGen: 13630K->1930K(15360K)] 30270K->19352K(50688K), 0.0009720 secs] [Times: user=0.01 sys=0.00, real=0.00 secs] 
167.356: Total time for which application threads were stopped: 0.0387480 seconds, Stopping threads took: 0.0377030 seconds
167.440: Application time: 0.0830970 seconds
167.508: [GC [PSYoungGen: 15159K->1946K(15360K)] 32581K->19376K(50688K), 0.0007840 secs] [Times: user=0.01 sys=0.00, real=0.00 secs] 
167.509: Total time for which application threads were stopped: 0.0693410 seconds, Stopping threads took: 0.0684780 seconds
167.592: Application time: 0.0832320 seconds
167.651: [GC [PSYoungGen: 15245K->1946K(15360K)] 32675K->19774K(50688K), 0.0011020 secs] [Times: user=0.00 sys=0.00, real=0.00 secs] 
167.652: Total time for which application threads were stopped: 0.0595060 seconds, Stopping threads took: 0.0583160 seconds
167.734: Application time: 0.0828620 seconds
167.812: [GC [PSYoungGen: 15226K->1556K(15360K)] 33054K->19384K(50688K), 0.0009550 secs] [Times: user=0.00 sys=0.00, real=0.00 secs] 
167.813: Total time for which application threads were stopped: 0.0787420 seconds, Stopping threads took: 0.0776900 seconds
167.898: Application time: 0.0842730 seconds
167.953: [GC [PSYoungGen: 14854K->1962K(15360K)] 32683K->19791K(50688K), 0.0008970 secs] [Times: user=0.00 sys=0.00, real=0.00 secs] 
167.954: Total time for which application threads were stopped: 0.0560730 seconds, Stopping threads took: 0.0550760 seconds
168.038: Application time: 0.0841800 seconds
168.107: [GC [PSYoungGen: 15242K->1149K(15360K)] 33070K->18985K(50688K), 0.0006940 secs] [Times: user=0.00 sys=0.00, real=0.01 secs] 
168.107: Total time for which application threads were stopped: 0.0695840 seconds, Stopping threads took: 0.0688080 seconds
168.190: Application time: 0.0825880 seconds
168.261: [GC [PSYoungGen: 14455K->352K(15360K)] 32291K->18196K(50688K), 0.0005020 secs] [Times: user=0.01 sys=0.00, real=0.00 secs] 
168.262: Total time for which application threads were stopped: 0.0715420 seconds, Stopping threads took: 0.0709720 seconds
168.346: Application time: 0.0841630 seconds
168.413: [GC [PSYoungGen: 13507K->547K(15360K)] 31352K->18399K(50688K), 0.0005300 secs] [Times: user=0.00 sys=0.00, real=0.00 secs] 
168.414: Total time for which application threads were stopped: 0.0678730 seconds, Stopping threads took: 0.0672470 seconds
168.496: Application time: 0.0827530 seconds
168.533: [GC [PSYoungGen: 13709K->1881K(15360K)] 31562K->20710K(50688K), 0.0011910 secs] [Times: user=0.00 sys=0.00, real=0.00 secs] 
168.534: Total time for which application threads were stopped: 0.0379070 seconds, Stopping threads took: 0.0366140 seconds
168.617: Application time: 0.0823520 seconds
168.693: [GC [PSYoungGen: 15062K->1978K(15360K)] 33891K->20807K(50688K), 0.0008160 secs] [Times: user=0.01 sys=0.00, real=0.00 secs] 
168.693: Total time for which application threads were stopped: 0.0767710 seconds, Stopping threads took: 0.0758770 seconds
168.777: Application time: 0.0834440 seconds
168.842: [GC [PSYoungGen: 15179K->1149K(15360K)] 34008K->19978K(50688K), 0.0006930 secs] [Times: user=0.00 sys=0.00, real=0.00 secs] 
168.843: Total time for which application threads were stopped: 0.0662500 seconds, Stopping threads took: 0.0654810 seconds
168.927: Application time: 0.0838930 seconds
168.990: [GC [PSYoungGen: 14331K->1392K(15360K)] 33160K->20229K(50688K), 0.0008940 secs] [Times: user=0.00 sys=0.00, real=0.00 secs] 
168.991: Total time for which application threads were stopped: 0.0639320 seconds, Stopping threads took: 0.0629560 seconds
169.074: Application time: 0.0829120 seconds
169.122: [GC [PSYoungGen: 14594K->1685K(15360K)] 33430K->20530K(50688K), 0.0008920 secs] [Times: user=0.00 sys=0.00, real=0.00 secs] 
169.123: Total time for which application threads were stopped: 0.0492080 seconds, Stopping threads took: 0.0482160 seconds
169.202: Application time: 0.0794610 seconds
169.262: [GC [PSYoungGen: 14965K->1978K(15360K)] 33810K->20823K(50688K), 0.0008150 secs] [Times: user=0.00 sys=0.00, real=0.00 secs] 
169.263: Total time for which application threads were stopped: 0.0600330 seconds, Stopping threads took: 0.0591470 seconds
169.339: Application time: 0.0766690 seconds
169.387: [GC [PSYoungGen: 15179K->1881K(15360K)] 34024K->21116K(50688K), 0.0009440 secs] [Times: user=0.01 sys=0.00, real=0.01 secs] 
169.388: Total time for which application threads were stopped: 0.0487570 seconds, Stopping threads took: 0.0477500 seconds
169.466: Application time: 0.0776320 seconds
169.533: [GC [PSYoungGen: 15179K->1556K(15360K)] 34415K->20799K(50688K), 0.0006900 secs] [Times: user=0.00 sys=0.00, real=0.00 secs] 
169.534: Total time for which application threads were stopped: 0.0684650 seconds, Stopping threads took: 0.0677050 seconds
169.612: Application time: 0.0775340 seconds
169.668: [GC [PSYoungGen: 14542K->1556K(15360K)] 33786K->20799K(50688K), 0.0007290 secs] [Times: user=0.00 sys=0.00, real=0.00 secs] 
169.669: Total time for which application threads were stopped: 0.0569940 seconds, Stopping threads took: 0.0561850 seconds
169.748: Application time: 0.0798020 seconds
169.810: [GC [PSYoungGen: 14718K->595K(15360K)] 33962K->19838K(50688K), 0.0004790 secs] [Times: user=0.00 sys=0.00, real=0.00 secs] 
169.811: Total time for which application threads were stopped: 0.0625530 seconds, Stopping threads took: 0.0619920 seconds
169.886: Application time: 0.0754850 seconds
169.920: [GC [PSYoungGen: 13875K->1962K(15360K)] 33118K->21214K(50688K), 0.0007910 secs] [Times: user=0.00 sys=0.00, real=0.00 secs] 
169.921: Total time for which application threads were stopped: 0.0348810 seconds, Stopping threads took: 0.0339970 seconds
170.000: Application time: 0.0784300 seconds
170.068: [GC [PSYoungGen: 15163K->1133K(15360K)] 34415K->20384K(50688K), 0.0006290 secs] [Times: user=0.00 sys=0.00, real=0.00 secs] 
170.069: Total time for which application threads were stopped: 0.0690360 seconds, Stopping threads took: 0.0683340 seconds
170.145: Application time: 0.0766740 seconds
170.206: [GC [PSYoungGen: 14393K->1328K(15360K)] 33645K->20588K(50688K), 0.0007830 secs] [Times: user=0.01 sys=0.00, real=0.00 secs] 
170.207: Total time for which application threads were stopped: 0.0614120 seconds, Stopping threads took: 0.0605300 seconds
170.285: Application time: 0.0782920 seconds
170.344: [GC [PSYoungGen: 14530K->1685K(15360K)] 33789K->20953K(50688K), 0.0007650 secs] [Times: user=0.00 sys=0.00, real=0.00 secs] 
170.345: Total time for which application threads were stopped: 0.0600330 seconds, Stopping threads took: 0.0591990 seconds
170.421: Application time: 0.0762500 seconds
170.482: [GC [PSYoungGen: 14867K->710K(15360K)] 34135K->19986K(50688K), 0.0005730 secs] [Times: user=0.01 sys=0.00, real=0.00 secs] 
170.483: Total time for which application threads were stopped: 0.0611520 seconds, Stopping threads took: 0.0605080 seconds
170.562: Application time: 0.0795890 seconds
170.614: [GC [PSYoungGen: 14009K->1165K(15360K)] 33285K->20448K(50688K), 0.0006090 secs] [Times: user=0.00 sys=0.00, real=0.00 secs] 
170.614: Total time for which application threads were stopped: 0.0521130 seconds, Stopping threads took: 0.0514310 seconds
170.691: Application time: 0.0769660 seconds
170.748: [GC [PSYoungGen: 14347K->1376K(15360K)] 33631K->20668K(50688K), 0.0006760 secs] [Times: user=0.01 sys=0.00, real=0.00 secs] 
170.749: Total time for which application threads were stopped: 0.0575730 seconds, Stopping threads took: 0.0568250 seconds
170.827: Application time: 0.0783470 seconds
170.896: [GC [PSYoungGen: 14656K->595K(15360K)] 33947K->19886K(50688K), 0.0006960 secs] [Times: user=0.00 sys=0.00, real=0.00 secs] 
170.896: Total time for which application threads were stopped: 0.0690400 seconds, Stopping threads took: 0.0682580 seconds
170.975: Application time: 0.0789420 seconds
171.023: [GC [PSYoungGen: 13777K->742K(15360K)] 33068K->20042K(50688K), 0.0009310 secs] [Times: user=0.00 sys=0.00, real=0.00 secs] 
171.024: Total time for which application threads were stopped: 0.0492700 seconds, Stopping threads took: 0.0482700 seconds
171.103: Application time: 0.0788690 seconds
171.150: [GC [PSYoungGen: 14041K->1197K(15360K)] 33341K->20496K(50688K), 0.0006300 secs] [Times: user=0.01 sys=0.00, real=0.00 secs] 
171.150: Total time for which application threads were stopped: 0.0470690 seconds, Stopping threads took: 0.0463680 seconds
171.229: Application time: 0.0784950 seconds
171.289: [GC [PSYoungGen: 14496K->1524K(15360K)] 33795K->20831K(50688K), 0.0007010 secs] [Times: user=0.01 sys=0.00, real=0.00 secs] 
171.290: Total time for which application threads were stopped: 0.0612080 seconds, Stopping threads took: 0.0604280 seconds
171.368: Application time: 0.0780590 seconds
171.424: [GC [PSYoungGen: 14803K->758K(15360K)] 34111K->20066K(50688K), 0.0005630 secs] [Times: user=0.00 sys=0.00, real=0.00 secs] 
171.425: Total time for which application threads were stopped: 0.0565620 seconds, Stopping threads took: 0.0559090 seconds
171.502: Application time: 0.0770440 seconds
171.558: [GC [PSYoungGen: 13745K->726K(15360K)] 33053K->20034K(50688K), 0.0007910 secs] [Times: user=0.00 sys=0.00, real=0.00 secs] 
171.559: Total time for which application threads were stopped: 0.0569970 seconds, Stopping threads took: 0.0561130 seconds
171.638: Application time: 0.0791370 seconds
171.690: [GC [PSYoungGen: 13713K->742K(15360K)] 33020K->20058K(50688K), 0.0006360 secs] [Times: user=0.00 sys=0.00, real=0.00 secs] 
171.691: Total time for which application threads were stopped: 0.0532230 seconds, Stopping threads took: 0.0516040 seconds
171.770: Application time: 0.0790960 seconds
171.829: [GC [PSYoungGen: 14003K->1002K(15360K)] 33318K->20325K(50688K), 0.0007800 secs] [Times: user=0.00 sys=0.00, real=0.00 secs] 
171.830: Total time for which application threads were stopped: 0.0598150 seconds, Stopping threads took: 0.0589590 seconds
171.908: Application time: 0.0777920 seconds
171.961: [GC [PSYoungGen: 14183K->1149K(15360K)] 33507K->20480K(50688K), 0.0009060 secs] [Times: user=0.00 sys=0.00, real=0.00 secs] 
171.962: Total time for which application threads were stopped: 0.0536560 seconds, Stopping threads took: 0.0526590 seconds
172.038: Application time: 0.0767420 seconds
172.098: [GC [PSYoungGen: 14331K->1360K(15360K)] 33663K->20692K(50688K), 0.0007030 secs] [Times: user=0.00 sys=0.00, real=0.00 secs] 
172.099: Total time for which application threads were stopped: 0.0603110 seconds, Stopping threads took: 0.0595190 seconds
172.177: Application time: 0.0786050 seconds
172.237: [GC [PSYoungGen: 14542K->1556K(15360K)] 33874K->20895K(50688K), 0.0007290 secs] [Times: user=0.00 sys=0.00, real=0.00 secs] 
172.238: Total time for which application threads were stopped: 0.0604880 seconds, Stopping threads took: 0.0596680 seconds
172.314: Application time: 0.0762820 seconds
172.378: [GC [PSYoungGen: 14757K->758K(15360K)] 34096K->20098K(50688K), 0.0005790 secs] [Times: user=0.00 sys=0.00, real=0.00 secs] 
172.378: Total time for which application threads were stopped: 0.0643630 seconds, Stopping threads took: 0.0637000 seconds
172.456: Application time: 0.0772650 seconds
172.513: [GC [PSYoungGen: 14057K->1117K(15360K)] 33397K->20464K(50688K), 0.0006000 secs] [Times: user=0.00 sys=0.00, real=0.00 secs] 
172.513: Total time for which application threads were stopped: 0.0575890 seconds, Stopping threads took: 0.0569170 seconds
172.590: Application time: 0.0764080 seconds
172.650: [GC [PSYoungGen: 14299K->1376K(15360K)] 33646K->20724K(50688K), 0.0007860 secs] [Times: user=0.00 sys=0.00, real=0.00 secs] 
172.651: Total time for which application threads were stopped: 0.0611690 seconds, Stopping threads took: 0.0602900 seconds
172.728: Application time: 0.0775570 seconds
172.779: [GC [PSYoungGen: 14675K->1767K(15360K)] 34023K->21122K(50688K), 0.0008140 secs] [Times: user=0.01 sys=0.00, real=0.00 secs] 
172.780: Total time for which application threads were stopped: 0.0518170 seconds, Stopping threads took: 0.0509170 seconds
172.857: Application time: 0.0766320 seconds
172.926: [GC [PSYoungGen: 14851K->678K(15360K)] 34207K->20042K(50688K), 0.0004930 secs] [Times: user=0.00 sys=0.00, real=0.00 secs] 
172.926: Total time for which application threads were stopped: 0.0694700 seconds, Stopping threads took: 0.0689000 seconds
173.005: Application time: 0.0783110 seconds
173.054: [GC [PSYoungGen: 13665K->774K(15360K)] 33029K->20146K(50688K), 0.0005090 secs] [Times: user=0.00 sys=0.00, real=0.00 secs] 
173.054: Total time for which application threads were stopped: 0.0496660 seconds, Stopping threads took: 0.0490880 seconds
173.132: Application time: 0.0778550 seconds
173.193: [GC [PSYoungGen: 13761K->726K(15360K)] 33133K->20098K(50688K), 0.0007440 secs] [Times: user=0.01 sys=0.00, real=0.00 secs] 
173.193: Total time for which application threads were stopped: 0.0613700 seconds, Stopping threads took: 0.0605310 seconds
173.272: Application time: 0.0788890 seconds
173.321: [GC [PSYoungGen: 13908K->954K(15360K)] 33280K->20325K(50688K), 0.0007920 secs] [Times: user=0.01 sys=0.00, real=0.00 secs] 
173.321: Total time for which application threads were stopped: 0.0490780 seconds, Stopping threads took: 0.0481950 seconds
173.398: Application time: 0.0764780 seconds
173.458: [GC [PSYoungGen: 14136K->1133K(15360K)] 33507K->20512K(50688K), 0.0006570 secs] [Times: user=0.01 sys=0.00, real=0.00 secs] 
173.458: Total time for which application threads were stopped: 0.0603970 seconds, Stopping threads took: 0.0596510 seconds
173.535: Application time: 0.0769240 seconds
173.589: [GC [PSYoungGen: 14412K->1458K(15360K)] 33792K->20845K(50688K), 0.0008590 secs] [Times: user=0.00 sys=0.00, real=0.00 secs] 
173.589: Total time for which application threads were stopped: 0.0542240 seconds, Stopping threads took: 0.0532740 seconds
173.667: Application time: 0.0773380 seconds
173.730: [GC [PSYoungGen: 14640K->547K(15360K)] 34027K->19943K(50688K), 0.0005990 secs] [Times: user=0.00 sys=0.00, real=0.00 secs] 
173.730: Total time for which application threads were stopped: 0.0634610 seconds, Stopping threads took: 0.0627720 seconds
173.808: Application time: 0.0781390 seconds
173.868: [GC [PSYoungGen: 13846K->954K(15360K)] 33241K->20357K(50688K), 0.0006560 secs] [Times: user=0.00 sys=0.00, real=0.00 secs] 
173.869: Total time for which application threads were stopped: 0.0604500 seconds, Stopping threads took: 0.0597140 seconds
173.947: Application time: 0.0777610 seconds
174.000: [GC [PSYoungGen: 14253K->1360K(15360K)] 33656K->20772K(50688K), 0.0006900 secs] [Times: user=0.00 sys=0.00, real=0.00 secs] 
174.001: Total time for which application threads were stopped: 0.0539110 seconds, Stopping threads took: 0.0531410 seconds
174.079: Application time: 0.0783820 seconds
174.146: [GC [PSYoungGen: 14523K->352K(15360K)] 33934K->19771K(50688K), 0.0004210 secs] [Times: user=0.00 sys=0.00, real=0.00 secs] 
174.146: Total time for which application threads were stopped: 0.0673080 seconds, Stopping threads took: 0.0668180 seconds
174.222: Application time: 0.0755920 seconds
174.255: [GC [PSYoungGen: 13651K->1978K(15360K)] 33070K->22382K(50688K), 0.0010780 secs] [Times: user=0.00 sys=0.00, real=0.01 secs] 
174.256: Total time for which application threads were stopped: 0.0345050 seconds, Stopping threads took: 0.0333550 seconds
174.333: Application time: 0.0764990 seconds
174.397: [GC [PSYoungGen: 15258K->1930K(15360K)] 35662K->22530K(50688K), 0.0008500 secs] [Times: user=0.00 sys=0.00, real=0.00 secs] 
174.398: Total time for which application threads were stopped: 0.0651030 seconds, Stopping threads took: 0.0641760 seconds
174.476: Application time: 0.0779800 seconds
174.544: [GC [PSYoungGen: 15229K->400K(15360K)] 35829K->20999K(50688K), 0.0005750 secs] [Times: user=0.00 sys=0.00, real=0.00 secs] 
174.544: Total time for which application threads were stopped: 0.0685840 seconds, Stopping threads took: 0.0678870 seconds
174.622: Application time: 0.0773170 seconds
174.679: [GC [PSYoungGen: 13581K->547K(15360K)] 34181K->21154K(50688K), 0.0004730 secs] [Times: user=0.00 sys=0.00, real=0.00 secs] 
174.680: Total time for which application threads were stopped: 0.0580580 seconds, Stopping threads took: 0.0575140 seconds
174.759: Application time: 0.0786890 seconds
174.805: [GC [PSYoungGen: 13729K->790K(15360K)] 34336K->21398K(50688K), 0.0004970 secs] [Times: user=0.01 sys=0.00, real=0.00 secs] 
174.806: Total time for which application threads were stopped: 0.0471660 seconds, Stopping threads took: 0.0466060 seconds
174.884: Application time: 0.0780070 seconds
174.944: [GC [PSYoungGen: 14050K->986K(15360K)] 34658K->21601K(50688K), 0.0005820 secs] [Times: user=0.01 sys=0.00, real=0.00 secs] 
174.944: Total time for which application threads were stopped: 0.0606990 seconds, Stopping threads took: 0.0600530 seconds
175.023: Application time: 0.0782350 seconds
175.081: [GC [PSYoungGen: 14284K->1344K(15360K)] 34900K->21968K(50688K), 0.0007440 secs] [Times: user=0.00 sys=0.00, real=0.00 secs] 
175.082: Total time for which application threads were stopped: 0.0592800 seconds, Stopping threads took: 0.0584570 seconds
175.160: Application time: 0.0785280 seconds
175.221: [GC [PSYoungGen: 14643K->1767K(15360K)] 35267K->22398K(50688K), 0.0008200 secs] [Times: user=0.00 sys=0.00, real=0.00 secs] 
175.222: Total time for which application threads were stopped: 0.0611810 seconds, Stopping threads took: 0.0602690 seconds
175.302: Application time: 0.0801310 seconds
175.365: [GC [PSYoungGen: 15046K->970K(15360K)] 35678K->21609K(50688K), 0.0006620 secs] [Times: user=0.00 sys=0.00, real=0.00 secs] 
175.365: Total time for which application threads were stopped: 0.0636760 seconds, Stopping threads took: 0.0629430 seconds
175.444: Application time: 0.0788380 seconds
175.499: [GC [PSYoungGen: 13956K->970K(15360K)] 34596K->21617K(50688K), 0.0006720 secs] [Times: user=0.00 sys=0.00, real=0.00 secs] 
175.500: Total time for which application threads were stopped: 0.0553290 seconds, Stopping threads took: 0.0545640 seconds
175.577: Application time: 0.0774130 seconds
175.629: [GC [PSYoungGen: 14269K->1376K(15360K)] 34916K->22032K(50688K), 0.0006270 secs] [Times: user=0.00 sys=0.00, real=0.00 secs] 
175.630: Total time for which application threads were stopped: 0.0527500 seconds, Stopping threads took: 0.0520370 seconds
175.708: Application time: 0.0785750 seconds
175.760: [GC [PSYoungGen: 14558K->1540K(15360K)] 35214K->22203K(50688K), 0.0007910 secs] [Times: user=0.01 sys=0.00, real=0.00 secs] 
175.761: Total time for which application threads were stopped: 0.0526710 seconds, Stopping threads took: 0.0517900 seconds
175.838: Application time: 0.0765720 seconds
175.892: [GC [PSYoungGen: 14838K->1962K(15360K)] 35502K->22626K(50688K), 0.0008660 secs] [Times: user=0.00 sys=0.00, real=0.00 secs] 
175.893: Total time for which application threads were stopped: 0.0550390 seconds, Stopping threads took: 0.0540810 seconds
175.971: Application time: 0.0786600 seconds
176.038: [GC [PSYoungGen: 15242K->1149K(15360K)] 35905K->21812K(50688K), 0.0007650 secs] [Times: user=0.00 sys=0.00, real=0.00 secs] 
176.039: Total time for which application threads were stopped: 0.0677790 seconds, Stopping threads took: 0.0669390 seconds
176.117: Application time: 0.0774620 seconds
176.177: [GC [PSYoungGen: 14292K->1117K(15360K)] 34956K->21788K(50688K), 0.0006340 secs] [Times: user=0.00 sys=0.00, real=0.00 secs] 
176.178: Total time for which application threads were stopped: 0.0613860 seconds, Stopping threads took: 0.0606540 seconds
176.255: Application time: 0.0772560 seconds
176.314: [GC [PSYoungGen: 14318K->1410K(15360K)] 34990K->22081K(50688K), 0.0008540 secs] [Times: user=0.00 sys=0.01, real=0.01 secs] 
176.315: Total time for which application threads were stopped: 0.0600510 seconds, Stopping threads took: 0.0591210 seconds
176.393: Application time: 0.0775620 seconds
176.461: [GC [PSYoungGen: 14709K->774K(15360K)] 35380K->21454K(50688K), 0.0006790 secs] [Times: user=0.00 sys=0.00, real=0.00 secs] 
176.462: Total time for which application threads were stopped: 0.0688150 seconds, Stopping threads took: 0.0680420 seconds
176.538: Application time: 0.0760470 seconds
176.601: [GC [PSYoungGen: 13761K->742K(15360K)] 34440K->21422K(50688K), 0.0005830 secs] [Times: user=0.00 sys=0.00, real=0.00 secs] 
176.602: Total time for which application threads were stopped: 0.0639060 seconds, Stopping threads took: 0.0632340 seconds
176.679: Application time: 0.0777220 seconds
176.741: [GC [PSYoungGen: 13729K->774K(15360K)] 34409K->21462K(50688K), 0.0005340 secs] [Times: user=0.01 sys=0.00, real=0.00 secs] 
176.742: Total time for which application threads were stopped: 0.0630060 seconds, Stopping threads took: 0.0614000 seconds
176.822: Application time: 0.0796610 seconds
176.882: [GC [PSYoungGen: 14073K->1165K(15360K)] 34761K->21860K(50688K), 0.0006810 secs] [Times: user=0.00 sys=0.00, real=0.00 secs] 
176.883: Total time for which application threads were stopped: 0.0607330 seconds, Stopping threads took: 0.0599790 seconds
176.959: Application time: 0.0765000 seconds
177.016: [GC [PSYoungGen: 14445K->304K(15360K)] 35140K->21007K(50688K), 0.0007290 secs] [Times: user=0.00 sys=0.00, real=0.00 secs] 
177.017: Total time for which application threads were stopped: 0.0577200 seconds, Stopping threads took: 0.0569010 seconds
177.094: Application time: 0.0767970 seconds
177.160: [GC [PSYoungGen: 13603K->806K(15360K)] 34306K->21510K(50688K), 0.0008300 secs] [Times: user=0.00 sys=0.00, real=0.00 secs] 
177.161: Total time for which application threads were stopped: 0.0673320 seconds, Stopping threads took: 0.0664190 seconds
177.246: Application time: 0.0847610 seconds
177.303: [GC [PSYoungGen: 14115K->1101K(15360K)] 34819K->21804K(50688K), 0.0006170 secs] [Times: user=0.00 sys=0.00, real=0.00 secs] 
177.304: Total time for which application threads were stopped: 0.0576720 seconds, Stopping threads took: 0.0569700 seconds
177.388: Application time: 0.0846520 seconds
177.452: [GC [PSYoungGen: 14234K->1149K(15360K)] 34937K->21860K(50688K), 0.0006660 secs] [Times: user=0.01 sys=0.00, real=0.00 secs] 
177.453: Total time for which application threads were stopped: 0.0642680 seconds, Stopping threads took: 0.0635350 seconds
177.536: Application time: 0.0833080 seconds
177.595: [GC [PSYoungGen: 14331K->1360K(15360K)] 35042K->22080K(50688K), 0.0010370 secs] [Times: user=0.00 sys=0.00, real=0.01 secs] 
177.596: Total time for which application threads were stopped: 0.0598080 seconds, Stopping threads took: 0.0586760 seconds
177.680: Application time: 0.0840060 seconds
177.744: [GC [PSYoungGen: 14640K->1637K(15360K)] 35359K->22357K(50688K), 0.0007410 secs] [Times: user=0.00 sys=0.00, real=0.00 secs] 
177.745: Total time for which application threads were stopped: 0.0655390 seconds, Stopping threads took: 0.0647200 seconds
177.827: Application time: 0.0823300 seconds
177.893: [GC [PSYoungGen: 14741K->1849K(15360K)] 35460K->22584K(50688K), 0.0009060 secs] [Times: user=0.01 sys=0.00, real=0.00 secs] 
177.894: Total time for which application threads were stopped: 0.0662270 seconds, Stopping threads took: 0.0652200 seconds
177.978: Application time: 0.0843930 seconds
178.047: [GC [PSYoungGen: 15031K->1002K(15360K)] 35766K->21737K(50688K), 0.0007900 secs] [Times: user=0.00 sys=0.00, real=0.01 secs] 
178.048: Total time for which application threads were stopped: 0.0699320 seconds, Stopping threads took: 0.0690470 seconds
178.132: Application time: 0.0836820 seconds
178.186: [GC [PSYoungGen: 14301K->1376K(15360K)] 35036K->22120K(50688K), 0.0008840 secs] [Times: user=0.01 sys=0.00, real=0.00 secs] 
178.187: Total time for which application threads were stopped: 0.0552260 seconds, Stopping threads took: 0.0542480 seconds
178.270: Application time: 0.0832520 seconds
178.328: [GC [PSYoungGen: 14558K->1588K(15360K)] 35301K->22339K(50688K), 0.0007180 secs] [Times: user=0.00 sys=0.01, real=0.00 secs] 
178.328: Total time for which application threads were stopped: 0.0581870 seconds, Stopping threads took: 0.0573980 seconds
178.411: Application time: 0.0820990 seconds
178.476: [GC [PSYoungGen: 14789K->1864K(15360K)] 35540K->22616K(50688K), 0.0010300 secs] [Times: user=0.00 sys=0.00, real=0.00 secs] 
178.477: Total time for which application threads were stopped: 0.0668940 seconds, Stopping threads took: 0.0657670 seconds
178.562: Application time: 0.0850930 seconds
178.633: [GC [PSYoungGen: 14851K->758K(15360K)] 35603K->21510K(50688K), 0.0005790 secs] [Times: user=0.00 sys=0.00, real=0.00 secs] 
178.634: Total time for which application threads were stopped: 0.0711940 seconds, Stopping threads took: 0.0705180 seconds
178.718: Application time: 0.0846440 seconds
178.782: [GC [PSYoungGen: 13901K->774K(15360K)] 34653K->21534K(50688K), 0.0006680 secs] [Times: user=0.00 sys=0.00, real=0.00 secs] 
178.782: Total time for which application threads were stopped: 0.0639860 seconds, Stopping threads took: 0.0632260 seconds
178.866: Application time: 0.0839320 seconds
178.931: [GC [PSYoungGen: 14073K->1133K(15360K)] 34833K->21900K(50688K), 0.0006510 secs] [Times: user=0.01 sys=0.00, real=0.00 secs] 
178.932: Total time for which application threads were stopped: 0.0654240 seconds, Stopping threads took: 0.0646940 seconds
179.015: Application time: 0.0828400 seconds
179.088: [GC [PSYoungGen: 14384K->368K(15360K)] 35152K->21135K(50688K), 0.0004470 secs] [Times: user=0.00 sys=0.00, real=0.00 secs] 
179.088: Total time for which application threads were stopped: 0.0734710 seconds, Stopping threads took: 0.0729320 seconds
179.171: Application time: 0.0830610 seconds
179.208: [GC [PSYoungGen: 13675K->1864K(15360K)] 34443K->23617K(50688K), 0.0011060 secs] [Times: user=0.00 sys=0.00, real=0.00 secs] 
179.209: Total time for which application threads were stopped: 0.0376290 seconds, Stopping threads took: 0.0364450 seconds
179.293: Application time: 0.0842360 seconds
179.362: [GC [PSYoungGen: 15163K->1946K(15360K)] 36915K->23894K(50688K), 0.0010950 secs] [Times: user=0.00 sys=0.00, real=0.00 secs] 
179.363: Total time for which application threads were stopped: 0.0700200 seconds, Stopping threads took: 0.0688490 seconds
179.448: Application time: 0.0849250 seconds
179.517: [GC [PSYoungGen: 15148K->1376K(15360K)] 37095K->23324K(50688K), 0.0009220 secs] [Times: user=0.00 sys=0.00, real=0.00 secs] 
179.518: Total time for which application threads were stopped: 0.0703050 seconds, Stopping threads took: 0.0692870 seconds
179.601: Application time: 0.0826640 seconds
179.665: [GC [PSYoungGen: 14577K->1685K(15360K)] 36525K->23641K(50688K), 0.0007330 secs] [Times: user=0.00 sys=0.00, real=0.00 secs] 
179.666: Total time for which application threads were stopped: 0.0651110 seconds, Stopping threads took: 0.0642870 seconds
179.750: Application time: 0.0844380 seconds
179.807: [GC [PSYoungGen: 14945K->1849K(15360K)] 36901K->23812K(50688K), 0.0008590 secs] [Times: user=0.00 sys=0.00, real=0.01 secs] 
179.808: Total time for which application threads were stopped: 0.0575570 seconds, Stopping threads took: 0.0566220 seconds
179.893: Application time: 0.0845810 seconds
179.967: [GC [PSYoungGen: 15030K->970K(15360K)] 36994K->22941K(50688K), 0.0006200 secs] [Times: user=0.00 sys=0.00, real=0.00 secs] 
179.967: Total time for which application threads were stopped: 0.0746310 seconds, Stopping threads took: 0.0739390 seconds
180.051: Application time: 0.0842070 seconds
180.108: [GC [PSYoungGen: 14269K->1312K(15360K)] 36240K->23284K(50688K), 0.0007040 secs] [Times: user=0.01 sys=0.01, real=0.00 secs] 
180.108: Total time for which application threads were stopped: 0.0568360 seconds, Stopping threads took: 0.0560530 seconds
180.191: Application time: 0.0828130 seconds
180.256: [GC [PSYoungGen: 14592K->1685K(15360K)] 36563K->23665K(50688K), 0.0007470 secs] [Times: user=0.00 sys=0.00, real=0.00 secs] 
180.256: Total time for which application threads were stopped: 0.0654130 seconds, Stopping threads took: 0.0645900 seconds
180.340: Application time: 0.0840010 seconds
180.396: [GC [PSYoungGen: 14769K->1751K(15360K)] 36749K->23730K(50688K), 0.0007740 secs] [Times: user=0.01 sys=0.00, real=0.00 secs] 
180.397: Total time for which application threads were stopped: 0.0566490 seconds, Stopping threads took: 0.0557980 seconds
180.482: Application time: 0.0844140 seconds
180.553: [GC [PSYoungGen: 14811K->710K(15360K)] 36790K->22698K(50688K), 0.0005210 secs] [Times: user=0.00 sys=0.00, real=0.00 secs] 
180.554: Total time for which application threads were stopped: 0.0719800 seconds, Stopping threads took: 0.0713920 seconds
180.636: Application time: 0.0829180 seconds
180.703: [GC [PSYoungGen: 13721K->710K(15360K)] 35708K->22698K(50688K), 0.0005250 secs] [Times: user=0.01 sys=0.00, real=0.00 secs] 
180.703: Total time for which application threads were stopped: 0.0666430 seconds, Stopping threads took: 0.0660480 seconds
180.788: Application time: 0.0845840 seconds
180.846: [GC [PSYoungGen: 14009K->1165K(15360K)] 35997K->23160K(50688K), 0.0006450 secs] [Times: user=0.01 sys=0.00, real=0.00 secs] 
180.846: Total time for which application threads were stopped: 0.0587000 seconds, Stopping threads took: 0.0579750 seconds
180.932: Application time: 0.0858320 seconds
181.000: [GC [PSYoungGen: 14474K->256K(15360K)] 36470K->22259K(50688K), 0.0004710 secs] [Times: user=0.00 sys=0.00, real=0.00 secs] 
181.001: Total time for which application threads were stopped: 0.0684230 seconds, Stopping threads took: 0.0678800 seconds
181.084: Application time: 0.0837400 seconds
181.146: [GC [PSYoungGen: 13407K->563K(15360K)] 35411K->22566K(50688K), 0.0005260 secs] [Times: user=0.00 sys=0.00, real=0.00 secs] 
181.146: Total time for which application threads were stopped: 0.0620220 seconds, Stopping threads took: 0.0613970 seconds
181.223: Application time: 0.0767040 seconds
181.272: [GC [PSYoungGen: 13764K->1962K(15360K)] 35768K->23966K(50688K), 0.0007880 secs] [Times: user=0.01 sys=0.00, real=0.00 secs] 
181.272: Total time for which application threads were stopped: 0.0492220 seconds, Stopping threads took: 0.0483640 seconds
181.349: Application time: 0.0768850 seconds
181.409: [GC [PSYoungGen: 15163K->1996K(15360K)] 37167K->24203K(50688K), 0.0009000 secs] [Times: user=0.00 sys=0.00, real=0.00 secs] 
181.410: Total time for which application threads were stopped: 0.0606660 seconds, Stopping threads took: 0.0596830 seconds
181.487: Application time: 0.0770300 seconds
181.555: [GC [PSYoungGen: 15256K->1344K(15360K)] 37463K->23551K(50688K), 0.0007420 secs] [Times: user=0.00 sys=0.00, real=0.00 secs] 
181.556: Total time for which application threads were stopped: 0.0692670 seconds, Stopping threads took: 0.0684500 seconds
181.634: Application time: 0.0775140 seconds
181.694: [GC [PSYoungGen: 14604K->1539K(15360K)] 36811K->23746K(50688K), 0.0007130 secs] [Times: user=0.00 sys=0.00, real=0.00 secs] 
181.695: Total time for which application threads were stopped: 0.0608270 seconds, Stopping threads took: 0.0600480 seconds
181.773: Application time: 0.0784870 seconds
181.834: [GC [PSYoungGen: 14819K->774K(15360K)] 37026K->22981K(50688K), 0.0006070 secs] [Times: user=0.01 sys=0.00, real=0.00 secs] 
181.834: Total time for which application threads were stopped: 0.0611620 seconds, Stopping threads took: 0.0604810 seconds
181.913: Application time: 0.0791090 seconds
181.971: [GC [PSYoungGen: 14073K->1165K(15360K)] 36280K->23380K(50688K), 0.0006470 secs] [Times: user=0.00 sys=0.00, real=0.00 secs] 
181.971: Total time for which application threads were stopped: 0.0579600 seconds, Stopping threads took: 0.0572120 seconds
182.049: Application time: 0.0780040 seconds
182.098: [GC [PSYoungGen: 14366K->1442K(15360K)] 36581K->23665K(50688K), 0.0007110 secs] [Times: user=0.01 sys=0.00, real=0.00 secs] 
182.099: Total time for which application threads were stopped: 0.0497840 seconds, Stopping threads took: 0.0489900 seconds
182.176: Application time: 0.0773850 seconds
182.242: [GC [PSYoungGen: 14624K->547K(15360K)] 36847K->22770K(50688K), 0.0004910 secs] [Times: user=0.01 sys=0.00, real=0.00 secs] 
182.243: Total time for which application threads were stopped: 0.0663400 seconds, Stopping threads took: 0.0657770 seconds
182.319: Application time: 0.0761090 seconds
182.352: [GC [PSYoungGen: 13748K->2044K(15360K)] 35971K->25267K(50688K), 0.0011010 secs] [Times: user=0.01 sys=0.00, real=0.00 secs] 
182.353: Total time for which application threads were stopped: 0.0340620 seconds, Stopping threads took: 0.0328890 seconds
182.445: Application time: 0.0918390 seconds
182.510: [GC [PSYoungGen: 15323K->1117K(15360K)] 38547K->24348K(50688K), 0.0006940 secs] [Times: user=0.00 sys=0.00, real=0.00 secs] 
182.511: Total time for which application threads were stopped: 0.0658660 seconds, Stopping threads took: 0.0650890 seconds
182.590: Application time: 0.0792490 seconds
182.659: [GC [PSYoungGen: 14318K->336K(15360K)] 37550K->23575K(50688K), 0.0004100 secs] [Times: user=0.00 sys=0.00, real=0.00 secs] 
182.659: Total time for which application threads were stopped: 0.0693320 seconds, Stopping threads took: 0.0688470 seconds
182.735: Application time: 0.0757620 seconds
182.800: [GC [PSYoungGen: 13498K->1587K(15360K)] 36737K->24835K(50688K), 0.0007080 secs] [Times: user=0.01 sys=0.00, real=0.00 secs] 
182.801: Total time for which application threads were stopped: 0.0657120 seconds, Stopping threads took: 0.0649280 seconds
182.882: Application time: 0.0809190 seconds
182.944: [GC [PSYoungGen: 14867K->790K(15360K)] 38114K->24038K(50688K), 0.0010090 secs] [Times: user=0.01 sys=0.01, real=0.00 secs] 
182.945: Total time for which application threads were stopped: 0.0637930 seconds, Stopping threads took: 0.0626910 seconds
183.024: Application time: 0.0781050 seconds
183.079: [GC [PSYoungGen: 14089K->1133K(15360K)] 37337K->24388K(50688K), 0.0006200 secs] [Times: user=0.00 sys=0.00, real=0.00 secs] 
183.079: Total time for which application threads were stopped: 0.0559040 seconds, Stopping threads took: 0.0552000 seconds
183.157: Application time: 0.0777410 seconds
183.218: [GC [PSYoungGen: 14413K->1426K(15360K)] 37668K->24681K(50688K), 0.0008210 secs] [Times: user=0.01 sys=0.00, real=0.00 secs] 
183.219: Total time for which application threads were stopped: 0.0619740 seconds, Stopping threads took: 0.0610800 seconds
183.296: Application time: 0.0764280 seconds
183.347: [GC [PSYoungGen: 14588K->1556K(15360K)] 37844K->24811K(50688K), 0.0007360 secs] [Times: user=0.01 sys=0.00, real=0.01 secs] 
183.347: Total time for which application threads were stopped: 0.0516660 seconds, Stopping threads took: 0.0508550 seconds
183.425: Application time: 0.0777930 seconds
183.473: [GC [PSYoungGen: 14757K->1865K(15360K)] 38012K->25120K(50688K), 0.0008140 secs] [Times: user=0.00 sys=0.00, real=0.00 secs] 
183.474: Total time for which application threads were stopped: 0.0491090 seconds, Stopping threads took: 0.0482210 seconds
183.552: Application time: 0.0781630 seconds
183.615: [GC [PSYoungGen: 15144K->1930K(15360K)] 38399K->25389K(50688K), 0.0008900 secs] [Times: user=0.01 sys=0.00, real=0.01 secs] 
183.616: Total time for which application threads were stopped: 0.0632570 seconds, Stopping threads took: 0.0622580 seconds
183.695: Application time: 0.0788890 seconds
183.762: [GC [PSYoungGen: 15229K->336K(15360K)] 38688K->23802K(50688K), 0.0004530 secs] [Times: user=0.00 sys=0.00, real=0.00 secs] 
183.762: Total time for which application threads were stopped: 0.0678210 seconds, Stopping threads took: 0.0673040 seconds
183.840: Application time: 0.0776700 seconds
183.898: [GC [PSYoungGen: 13635K->758K(15360K)] 37101K->24233K(50688K), 0.0005280 secs] [Times: user=0.00 sys=0.00, real=0.00 secs] 
183.899: Total time for which application threads were stopped: 0.0589230 seconds, Stopping threads took: 0.0583290 seconds
183.978: Application time: 0.0792520 seconds
184.027: [GC [PSYoungGen: 13745K->774K(15360K)] 37220K->24249K(50688K), 0.0005950 secs] [Times: user=0.00 sys=0.00, real=0.00 secs] 
184.028: Total time for which application threads were stopped: 0.0497660 seconds, Stopping threads took: 0.0491030 seconds
184.107: Application time: 0.0794780 seconds
184.166: [GC [PSYoungGen: 14073K->1133K(15360K)] 37548K->24608K(50688K), 0.0005800 secs] [Times: user=0.01 sys=0.00, real=0.00 secs] 
184.166: Total time for which application threads were stopped: 0.0589560 seconds, Stopping threads took: 0.0582940 seconds
184.245: Application time: 0.0782720 seconds
184.292: [GC [PSYoungGen: 14443K->1344K(15360K)] 37918K->24827K(50688K), 0.0006760 secs] [Times: user=0.00 sys=0.00, real=0.00 secs] 
184.293: Total time for which application threads were stopped: 0.0482470 seconds, Stopping threads took: 0.0475010 seconds
184.369: Application time: 0.0757020 seconds
184.433: [GC [PSYoungGen: 14652K->579K(15360K)] 38135K->24062K(50688K), 0.0006000 secs] [Times: user=0.00 sys=0.00, real=0.00 secs] 
184.434: Total time for which application threads were stopped: 0.0649120 seconds, Stopping threads took: 0.0642380 seconds
184.512: Application time: 0.0787450 seconds
184.573: [GC [PSYoungGen: 13683K->758K(15360K)] 37165K->24249K(50688K), 0.0006200 secs] [Times: user=0.01 sys=0.00, real=0.00 secs] 
184.573: Total time for which application threads were stopped: 0.0610860 seconds, Stopping threads took: 0.0603770 seconds
184.651: Application time: 0.0781250 seconds
184.701: [GC [PSYoungGen: 13940K->970K(15360K)] 37431K->24460K(50688K), 0.0006160 secs] [Times: user=0.01 sys=0.00, real=0.00 secs] 
184.701: Total time for which application threads were stopped: 0.0498320 seconds, Stopping threads took: 0.0491200 seconds
184.779: Application time: 0.0781170 seconds
184.838: [GC [PSYoungGen: 14151K->1117K(15360K)] 37642K->24616K(50688K), 0.0006750 secs] [Times: user=0.01 sys=0.00, real=0.00 secs] 
184.839: Total time for which application threads were stopped: 0.0594180 seconds, Stopping threads took: 0.0586500 seconds
184.916: Application time: 0.0770960 seconds
184.979: [GC [PSYoungGen: 14396K->320K(15360K)] 37895K->23826K(50688K), 0.0006190 secs] [Times: user=0.00 sys=0.00, real=0.00 secs] 
184.979: Total time for which application threads were stopped: 0.0632120 seconds, Stopping threads took: 0.0625020 seconds
185.056: Application time: 0.0764170 seconds
185.110: [GC [PSYoungGen: 13521K->1735K(15360K)] 37028K->25242K(50688K), 0.0008230 secs] [Times: user=0.00 sys=0.00, real=0.00 secs] 
185.111: Total time for which application threads were stopped: 0.0551970 seconds, Stopping threads took: 0.0543100 seconds
185.196: Application time: 0.0847760 seconds
185.264: [GC [PSYoungGen: 14936K->1002K(15360K)] 38443K->24516K(50688K), 0.0005770 secs] [Times: user=0.00 sys=0.00, real=0.00 secs] 
185.264: Total time for which application threads were stopped: 0.0685790 seconds, Stopping threads took: 0.0679180 seconds
185.348: Application time: 0.0842720 seconds
185.412: [GC [PSYoungGen: 14300K->1360K(15360K)] 37815K->24883K(50688K), 0.0006960 secs] [Times: user=0.00 sys=0.00, real=0.00 secs] 
185.412: Total time for which application threads were stopped: 0.0638670 seconds, Stopping threads took: 0.0630800 seconds
185.496: Application time: 0.0835550 seconds
185.560: [GC [PSYoungGen: 14620K->1556K(15360K)] 38143K->25078K(50688K), 0.0009210 secs] [Times: user=0.01 sys=0.00, real=0.00 secs] 
185.561: Total time for which application threads were stopped: 0.0649700 seconds, Stopping threads took: 0.0639690 seconds
185.645: Application time: 0.0843370 seconds
185.715: [GC [PSYoungGen: 14757K->774K(15360K)] 38280K->24305K(50688K), 0.0006650 secs] [Times: user=0.00 sys=0.00, real=0.00 secs] 
185.715: Total time for which application threads were stopped: 0.0700640 seconds, Stopping threads took: 0.0693040 seconds
185.799: Application time: 0.0839640 seconds
185.858: [GC [PSYoungGen: 13917K->742K(15360K)] 37448K->24273K(50688K), 0.0007260 secs] [Times: user=0.00 sys=0.00, real=0.00 secs] 
185.858: Total time for which application threads were stopped: 0.0592210 seconds, Stopping threads took: 0.0584010 seconds
185.942: Application time: 0.0840620 seconds
186.011: [GC [PSYoungGen: 14041K->1165K(15360K)] 37572K->24696K(50688K), 0.0006400 secs] [Times: user=0.01 sys=0.00, real=0.00 secs] 
186.012: Total time for which application threads were stopped: 0.0690960 seconds, Stopping threads took: 0.0683610 seconds
186.094: Application time: 0.0820510 seconds
186.149: [GC [PSYoungGen: 14347K->1376K(15360K)] 37877K->24915K(50688K), 0.0007280 secs] [Times: user=0.00 sys=0.00, real=0.00 secs] 
186.150: Total time for which application threads were stopped: 0.0558780 seconds, Stopping threads took: 0.0550590 seconds
186.234: Application time: 0.0840560 seconds
186.303: [GC [PSYoungGen: 14656K->563K(15360K)] 38194K->24102K(50688K), 0.0006780 secs] [Times: user=0.00 sys=0.00, real=0.00 secs] 
186.304: Total time for which application threads were stopped: 0.0703500 seconds, Stopping threads took: 0.0695970 seconds
186.387: Application time: 0.0828590 seconds
186.423: [GC [PSYoungGen: 13862K->2044K(15360K)] 37401K->27739K(50688K), 0.0013620 secs] [Times: user=0.01 sys=0.00, real=0.00 secs] 
186.425: Total time for which application threads were stopped: 0.0378090 seconds, Stopping threads took: 0.0363600 seconds
186.526: Application time: 0.1017650 seconds
186.603: [GC [PSYoungGen: 15226K->1149K(15360K)] 40921K->26852K(50688K), 0.0006320 secs] [Times: user=0.00 sys=0.00, real=0.00 secs] 
186.604: Total time for which application threads were stopped: 0.0772380 seconds, Stopping threads took: 0.0765280 seconds
186.687: Application time: 0.0830060 seconds
186.748: [GC [PSYoungGen: 14448K->1587K(15360K)] 40151K->27291K(50688K), 0.0008690 secs] [Times: user=0.00 sys=0.00, real=0.00 secs] 
186.749: Total time for which application threads were stopped: 0.0619200 seconds, Stopping threads took: 0.0609530 seconds
186.834: Application time: 0.0850610 seconds
186.890: [GC [PSYoungGen: 14789K->1833K(15360K)] 40492K->27544K(50688K), 0.0008250 secs] [Times: user=0.01 sys=0.00, real=0.00 secs] 
186.892: Total time for which application threads were stopped: 0.0585040 seconds, Stopping threads took: 0.0568240 seconds
186.976: Application time: 0.0836740 seconds
187.042: [GC [PSYoungGen: 15112K->1946K(15360K)] 40823K->27861K(50688K), 0.0010500 secs] [Times: user=0.00 sys=0.00, real=0.00 secs] 
187.043: Total time for which application threads were stopped: 0.0670520 seconds, Stopping threads took: 0.0658940 seconds
187.126: Application time: 0.0831520 seconds
187.201: [GC [PSYoungGen: 15147K->1328K(15360K)] 41062K->27251K(50688K), 0.0007830 secs] [Times: user=0.00 sys=0.00, real=0.00 secs] 
187.202: Total time for which application threads were stopped: 0.0762270 seconds, Stopping threads took: 0.0753700 seconds
187.287: Application time: 0.0848540 seconds
187.351: [GC [PSYoungGen: 14491K->336K(15360K)] 40413K->26258K(50688K), 0.0007120 secs] [Times: user=0.00 sys=0.00, real=0.00 secs] 
187.352: Total time for which application threads were stopped: 0.0648680 seconds, Stopping threads took: 0.0640850 seconds
187.434: Application time: 0.0823650 seconds
187.470: [GC [PSYoungGen: 13641K->1767K(15360K)] 39564K->27690K(50688K), 0.0008320 secs] [Times: user=0.01 sys=0.00, real=0.00 secs] 
187.471: Total time for which application threads were stopped: 0.0369140 seconds, Stopping threads took: 0.0360060 seconds
187.556: Application time: 0.0847560 seconds
187.627: [GC [PSYoungGen: 14825K->742K(15360K)] 40747K->26665K(50688K), 0.0005990 secs] [Times: user=0.00 sys=0.00, real=0.01 secs] 
187.628: Total time for which application threads were stopped: 0.0718020 seconds, Stopping threads took: 0.0711150 seconds
187.711: Application time: 0.0831120 seconds
187.776: [GC [PSYoungGen: 13729K->774K(15360K)] 39652K->26705K(50688K), 0.0006070 secs] [Times: user=0.01 sys=0.00, real=0.00 secs] 
187.776: Total time for which application threads were stopped: 0.0655580 seconds, Stopping threads took: 0.0648570 seconds
187.861: Application time: 0.0849440 seconds
187.926: [GC [PSYoungGen: 13956K->922K(15360K)] 39887K->26852K(50688K), 0.0006120 secs] [Times: user=0.01 sys=0.00, real=0.00 secs] 
187.927: Total time for which application threads were stopped: 0.0655400 seconds, Stopping threads took: 0.0648590 seconds
188.011: Application time: 0.0842920 seconds
188.069: [GC [PSYoungGen: 14221K->1328K(15360K)] 40151K->27267K(50688K), 0.0006410 secs] [Times: user=0.00 sys=0.00, real=0.00 secs] 
188.070: Total time for which application threads were stopped: 0.0583240 seconds, Stopping threads took: 0.0576130 seconds
188.153: Application time: 0.0832070 seconds
188.218: [GC [PSYoungGen: 14491K->1410K(15360K)] 40429K->27349K(50688K), 0.0006800 secs] [Times: user=0.00 sys=0.00, real=0.00 secs] 
188.219: Total time for which application threads were stopped: 0.0663270 seconds, Stopping threads took: 0.0655630 seconds
188.303: Application time: 0.0842600 seconds
188.371: [GC [PSYoungGen: 14709K->758K(15360K)] 40648K->26705K(50688K), 0.0005400 secs] [Times: user=0.01 sys=0.00, real=0.00 secs] 
188.371: Total time for which application threads were stopped: 0.0680390 seconds, Stopping threads took: 0.0674240 seconds
188.455: Application time: 0.0837070 seconds
188.511: [GC [PSYoungGen: 14057K->1197K(15360K)] 40004K->27168K(50688K), 0.0005950 secs] [Times: user=0.00 sys=0.00, real=0.00 secs] 
188.512: Total time for which application threads were stopped: 0.0569200 seconds, Stopping threads took: 0.0562560 seconds
188.597: Application time: 0.0845160 seconds
188.666: [GC [PSYoungGen: 14398K->352K(15360K)] 40369K->26322K(50688K), 0.0004850 secs] [Times: user=0.01 sys=0.00, real=0.00 secs] 
188.667: Total time for which application threads were stopped: 0.0703210 seconds, Stopping threads took: 0.0697600 seconds
188.750: Application time: 0.0828690 seconds
188.808: [GC [PSYoungGen: 13534K->531K(15360K)] 39504K->26510K(50688K), 0.0005390 secs] [Times: user=0.00 sys=0.00, real=0.00 secs] 
188.809: Total time for which application threads were stopped: 0.0587910 seconds, Stopping threads took: 0.0581700 seconds
188.894: Application time: 0.0852040 seconds
188.959: [GC [PSYoungGen: 13791K->758K(15360K)] 39770K->26737K(50688K), 0.0005320 secs] [Times: user=0.00 sys=0.00, real=0.00 secs] 
188.960: Total time for which application threads were stopped: 0.0659020 seconds, Stopping threads took: 0.0653010 seconds
189.043: Application time: 0.0834620 seconds
189.106: [GC [PSYoungGen: 14057K->1149K(15360K)] 40036K->27128K(50688K), 0.0006680 secs] [Times: user=0.00 sys=0.00, real=0.00 secs] 
189.107: Total time for which application threads were stopped: 0.0637820 seconds, Stopping threads took: 0.0630430 seconds
189.185: Application time: 0.0780340 seconds
189.245: [GC [PSYoungGen: 14409K->1360K(15360K)] 40387K->27347K(50688K), 0.0006900 secs] [Times: user=0.01 sys=0.00, real=0.00 secs] 
189.245: Total time for which application threads were stopped: 0.0604420 seconds, Stopping threads took: 0.0596830 seconds
189.323: Application time: 0.0778050 seconds
189.381: [GC [PSYoungGen: 14561K->563K(15360K)] 40548K->26550K(50688K), 0.0005780 secs] [Times: user=0.01 sys=0.00, real=0.00 secs] 
189.382: Total time for which application threads were stopped: 0.0588250 seconds, Stopping threads took: 0.0581670 seconds
189.457: Application time: 0.0752000 seconds
189.502: [GC [PSYoungGen: 13823K->1978K(15360K)] 39810K->28950K(50688K), 0.0011810 secs] [Times: user=0.01 sys=0.00, real=0.00 secs] 
189.503: Total time for which application threads were stopped: 0.0459400 seconds, Stopping threads took: 0.0446610 seconds
189.589: Application time: 0.0858210 seconds
189.653: [GC [PSYoungGen: 15277K->1133K(15360K)] 42248K->28112K(50688K), 0.0006370 secs] [Times: user=0.00 sys=0.00, real=0.00 secs] 
189.653: Total time for which application threads were stopped: 0.0642330 seconds, Stopping threads took: 0.0635010 seconds
189.730: Application time: 0.0769450 seconds
189.790: [GC [PSYoungGen: 14315K->1392K(15360K)] 41294K->28379K(50688K), 0.0008500 secs] [Times: user=0.01 sys=0.00, real=0.00 secs] 
189.791: Total time for which application threads were stopped: 0.0604810 seconds, Stopping threads took: 0.0595530 seconds
189.869: Application time: 0.0783500 seconds
189.925: [GC [PSYoungGen: 14691K->1783K(15360K)] 41678K->28778K(50688K), 0.0008150 secs] [Times: user=0.00 sys=0.00, real=0.00 secs] 
189.926: Total time for which application threads were stopped: 0.0565780 seconds, Stopping threads took: 0.0556640 seconds
190.003: Application time: 0.0777790 seconds
190.054: [GC [PSYoungGen: 15082K->1946K(15360K)] 42077K->29145K(50688K), 0.0010910 secs] [Times: user=0.01 sys=0.00, real=0.01 secs] 
190.055: Total time for which application threads were stopped: 0.0519470 seconds, Stopping threads took: 0.0507620 seconds
190.133: Application time: 0.0775550 seconds
190.193: [GC [PSYoungGen: 15226K->1865K(15360K)] 42424K->29649K(50688K), 0.0011060 secs] [Times: user=0.00 sys=0.00, real=0.00 secs] 
190.194: Total time for which application threads were stopped: 0.0613940 seconds, Stopping threads took: 0.0601890 seconds
190.273: Application time: 0.0786730 seconds
190.339: [GC [PSYoungGen: 15066K->563K(15360K)] 42850K->28355K(50688K), 0.0005710 secs] [Times: user=0.00 sys=0.00, real=0.00 secs] 
190.340: Total time for which application threads were stopped: 0.0668450 seconds, Stopping threads took: 0.0662020 seconds
190.418: Application time: 0.0785920 seconds
190.479: [GC [PSYoungGen: 13823K->774K(15360K)] 41616K->28567K(50688K), 0.0007350 secs] [Times: user=0.00 sys=0.01, real=0.00 secs] 
190.480: Total time for which application threads were stopped: 0.0615020 seconds, Stopping threads took: 0.0606880 seconds
190.557: Application time: 0.0775830 seconds
190.602: [GC [PSYoungGen: 14073K->1181K(15360K)] 41866K->28973K(50688K), 0.0006350 secs] [Times: user=0.01 sys=0.00, real=0.00 secs] 
190.603: Total time for which application threads were stopped: 0.0451030 seconds, Stopping threads took: 0.0443740 seconds
190.679: Application time: 0.0762300 seconds
190.741: [GC [PSYoungGen: 14441K->1312K(15360K)] 42234K->29105K(50688K), 0.0007010 secs] [Times: user=0.01 sys=0.00, real=0.00 secs] 
190.742: Total time for which application threads were stopped: 0.0632010 seconds, Stopping threads took: 0.0624070 seconds
190.820: Application time: 0.0782280 seconds
190.885: [GC [PSYoungGen: 14592K->579K(15360K)] 42385K->28379K(50688K), 0.0004660 secs] [Times: user=0.00 sys=0.00, real=0.00 secs] 
190.885: Total time for which application threads were stopped: 0.0649530 seconds, Stopping threads took: 0.0643960 seconds
190.963: Application time: 0.0778020 seconds
191.022: [GC [PSYoungGen: 13761K->742K(15360K)] 41562K->28551K(50688K), 0.0007520 secs] [Times: user=0.01 sys=0.00, real=0.00 secs] 
191.023: Total time for which application threads were stopped: 0.0599050 seconds, Stopping threads took: 0.0590730 seconds
191.101: Application time: 0.0781120 seconds
191.153: [GC [PSYoungGen: 14041K->1149K(15360K)] 41850K->28957K(50688K), 0.0005990 secs] [Times: user=0.00 sys=0.00, real=0.00 secs] 
191.154: Total time for which application threads were stopped: 0.0528340 seconds, Stopping threads took: 0.0521620 seconds
191.229: Application time: 0.0752500 seconds
191.275: [GC [PSYoungGen: 14331K->1994K(15360K)] 42139K->31373K(50688K), 0.0011690 secs] [Times: user=0.01 sys=0.00, real=0.00 secs] 
191.277: Total time for which application threads were stopped: 0.0473690 seconds, Stopping threads took: 0.0461300 seconds
191.356: Application time: 0.0791890 seconds
191.423: [GC [PSYoungGen: 15293K->1719K(15360K)] 44672K->31098K(50688K), 0.0007880 secs] [Times: user=0.00 sys=0.00, real=0.00 secs] 
191.424: Total time for which application threads were stopped: 0.0685470 seconds, Stopping threads took: 0.0676890 seconds
191.500: Application time: 0.0756070 seconds
191.561: [GC [PSYoungGen: 14803K->1848K(15360K)] 44182K->31236K(50688K), 0.0008950 secs] [Times: user=0.00 sys=0.00, real=0.00 secs] 
191.562: Total time for which application threads were stopped: 0.0618940 seconds, Stopping threads took: 0.0609150 seconds
191.640: Application time: 0.0786180 seconds
191.702: [GC [PSYoungGen: 14835K->758K(15360K)] 44222K->30145K(50688K), 0.0005650 secs] [Times: user=0.00 sys=0.00, real=0.00 secs] 
191.702: Total time for which application threads were stopped: 0.0618410 seconds, Stopping threads took: 0.0612070 seconds
191.780: Application time: 0.0781630 seconds
191.832: [GC [PSYoungGen: 14057K->1133K(15360K)] 43445K->30536K(50688K), 0.0006010 secs] [Times: user=0.00 sys=0.00, real=0.00 secs] 
191.833: Total time for which application threads were stopped: 0.0525710 seconds, Stopping threads took: 0.0519000 seconds
191.912: Application time: 0.0795020 seconds
191.970: [GC [PSYoungGen: 14393K->1360K(15360K)] 43796K->30763K(50688K), 0.0006530 secs] [Times: user=0.01 sys=0.00, real=0.00 secs] 
191.972: Total time for which application threads were stopped: 0.0590820 seconds, Stopping threads took: 0.0575190 seconds
192.049: Application time: 0.0770060 seconds
192.105: [GC [PSYoungGen: 14640K->563K(15360K)] 44043K->29966K(50688K), 0.0006950 secs] [Times: user=0.00 sys=0.00, real=0.00 secs] 
192.106: Total time for which application threads were stopped: 0.0569430 seconds, Stopping threads took: 0.0561510 seconds
192.184: Application time: 0.0780530 seconds
192.231: [GC [PSYoungGen: 13667K->774K(15360K)] 43070K->30185K(50688K), 0.0005260 secs] [Times: user=0.00 sys=0.00, real=0.00 secs] 
192.231: Total time for which application threads were stopped: 0.0474690 seconds, Stopping threads took: 0.0468740 seconds
192.310: Application time: 0.0787570 seconds
192.369: [GC [PSYoungGen: 13761K->742K(15360K)] 43172K->30153K(50688K), 0.0005790 secs] [Times: user=0.00 sys=0.00, real=0.00 secs] 
192.370: Total time for which application threads were stopped: 0.0602860 seconds, Stopping threads took: 0.0596140 seconds
192.450: Application time: 0.0799860 seconds
192.494: [GC [PSYoungGen: 13729K->806K(15360K)] 43140K->30225K(50688K), 0.0006120 secs] [Times: user=0.00 sys=0.00, real=0.00 secs] 
192.494: Total time for which application threads were stopped: 0.0440730 seconds, Stopping threads took: 0.0433890 seconds
192.572: Application time: 0.0774810 seconds
192.630: [GC [PSYoungGen: 14105K->1181K(15360K)] 43524K->30600K(50688K), 0.0008050 secs] [Times: user=0.00 sys=0.00, real=0.00 secs] 
192.631: Total time for which application threads were stopped: 0.0594260 seconds, Stopping threads took: 0.0585450 seconds
192.709: Application time: 0.0774360 seconds
192.759: [GC [PSYoungGen: 14382K->1410K(15360K)] 43801K->30837K(50688K), 0.0007600 secs] [Times: user=0.00 sys=0.00, real=0.00 secs] 
192.759: Total time for which application threads were stopped: 0.0508790 seconds, Stopping threads took: 0.0500260 seconds
192.837: Application time: 0.0773750 seconds
192.901: [GC [PSYoungGen: 14709K->758K(15360K)] 44136K->30193K(50688K), 0.0006540 secs] [Times: user=0.00 sys=0.00, real=0.00 secs] 
192.902: Total time for which application threads were stopped: 0.0651980 seconds, Stopping threads took: 0.0644510 seconds
192.981: Application time: 0.0786340 seconds
193.040: [GC [PSYoungGen: 13902K->790K(15360K)] 43337K->30233K(50688K), 0.0005240 secs] [Times: user=0.00 sys=0.00, real=0.00 secs] 
193.041: Total time for which application threads were stopped: 0.0600770 seconds, Stopping threads took: 0.0594840 seconds
193.118: Application time: 0.0773890 seconds
193.180: [GC [PSYoungGen: 13777K->710K(15360K)] 43220K->30153K(50688K), 0.0005570 secs] [Times: user=0.00 sys=0.00, real=0.00 secs] 
193.180: Total time for which application threads were stopped: 0.0621010 seconds, Stopping threads took: 0.0614340 seconds
193.258: Application time: 0.0777580 seconds
193.306: [GC [PSYoungGen: 13697K->726K(15360K)] 43140K->30177K(50688K), 0.0006890 secs] [Times: user=0.00 sys=0.00, real=0.00 secs] 
193.307: Total time for which application threads were stopped: 0.0488740 seconds, Stopping threads took: 0.0481040 seconds
193.386: Application time: 0.0791180 seconds
193.447: [GC [PSYoungGen: 14025K->1197K(15360K)] 43476K->30648K(50688K), 0.0006180 secs] [Times: user=0.00 sys=0.00, real=0.00 secs] 
193.447: Total time for which application threads were stopped: 0.0612840 seconds, Stopping threads took: 0.0605790 seconds
193.525: Application time: 0.0779510 seconds
193.568: [GC [PSYoungGen: 14496K->1572K(15360K)] 43947K->31031K(50688K), 0.0007910 secs] [Times: user=0.01 sys=0.00, real=0.00 secs] 
193.569: Total time for which application threads were stopped: 0.0435170 seconds, Stopping threads took: 0.0426530 seconds
193.646: Application time: 0.0773630 seconds
193.705: [GC [PSYoungGen: 14753K->1719K(15360K)] 44213K->31186K(50688K), 0.0008900 secs] [Times: user=0.01 sys=0.00, real=0.00 secs] 
193.706: Total time for which application threads were stopped: 0.0599390 seconds, Stopping threads took: 0.0589710 seconds
193.784: Application time: 0.0777380 seconds
193.838: [GC [PSYoungGen: 14979K->1898K(15360K)] 44446K->31365K(50688K), 0.0008360 secs] [Times: user=0.01 sys=0.00, real=0.00 secs] 
193.839: Total time for which application threads were stopped: 0.0552990 seconds, Stopping threads took: 0.0543940 seconds
193.915: Application time: 0.0761790 seconds
193.963: [GC [PSYoungGen: 15197K->1946K(15360K)] 44664K->31812K(50688K), 0.0009370 secs] [Times: user=0.01 sys=0.00, real=0.00 secs] 
193.964: Total time for which application threads were stopped: 0.0487800 seconds, Stopping threads took: 0.0477700 seconds
194.040: Application time: 0.0763700 seconds
194.110: [GC [PSYoungGen: 15245K->547K(15360K)] 45111K->30421K(50688K), 0.0004470 secs] [Times: user=0.01 sys=0.00, real=0.00 secs] 
194.110: Total time for which application threads were stopped: 0.0699030 seconds, Stopping threads took: 0.0693900 seconds
194.189: Application time: 0.0790360 seconds
194.242: [GC [PSYoungGen: 13631K->1799K(15360K)] 43505K->31673K(50688K), 0.0007660 secs] [Times: user=0.00 sys=0.00, real=0.00 secs] 
194.243: Total time for which application threads were stopped: 0.0534700 seconds, Stopping threads took: 0.0526250 seconds
194.321: Application time: 0.0782100 seconds
194.385: [GC [PSYoungGen: 14961K->774K(15360K)] 44835K->30656K(50688K), 0.0005580 secs] [Times: user=0.00 sys=0.00, real=0.00 secs] 
194.386: Total time for which application threads were stopped: 0.0646540 seconds, Stopping threads took: 0.0640150 seconds
194.463: Application time: 0.0772670 seconds
194.522: [GC [PSYoungGen: 13761K->710K(15360K)] 43643K->30600K(50688K), 0.0005400 secs] [Times: user=0.00 sys=0.00, real=0.00 secs] 
194.523: Total time for which application threads were stopped: 0.0596240 seconds, Stopping threads took: 0.0590170 seconds
194.601: Application time: 0.0788930 seconds
194.649: [GC [PSYoungGen: 14009K->1117K(15360K)] 43899K->31007K(50688K), 0.0005760 secs] [Times: user=0.00 sys=0.00, real=0.00 secs] 
194.649: Total time for which application threads were stopped: 0.0477170 seconds, Stopping threads took: 0.0470720 seconds
194.725: Application time: 0.0758130 seconds
194.788: [GC [PSYoungGen: 14318K->336K(15360K)] 44208K->30225K(50688K), 0.0004710 secs] [Times: user=0.01 sys=0.00, real=0.00 secs] 
194.789: Total time for which application threads were stopped: 0.0637860 seconds, Stopping threads took: 0.0632290 seconds
194.864: Application time: 0.0754190 seconds
194.911: [GC [PSYoungGen: 13420K->1539K(15360K)] 43310K->31429K(50688K), 0.0009010 secs] [Times: user=0.00 sys=0.01, real=0.00 secs] 
194.911: Total time for which application threads were stopped: 0.0472830 seconds, Stopping threads took: 0.0462870 seconds
194.988: Application time: 0.0763380 seconds
195.046: [GC [PSYoungGen: 14604K->1508K(15360K)] 44494K->31405K(50688K), 0.0008000 secs] [Times: user=0.00 sys=0.00, real=0.00 secs] 
195.047: Total time for which application threads were stopped: 0.0590510 seconds, Stopping threads took: 0.0581800 seconds
195.125: Application time: 0.0777170 seconds
195.177: [GC [PSYoungGen: 14690K->1735K(15360K)] 44587K->31641K(50688K), 0.0007430 secs] [Times: user=0.01 sys=0.00, real=0.00 secs] 
195.178: Total time for which application threads were stopped: 0.0533770 seconds, Stopping threads took: 0.0525610 seconds
195.255: Application time: 0.0773860 seconds
195.323: [GC [PSYoungGen: 14741K->790K(15360K)] 44647K->30704K(50688K), 0.0005180 secs] [Times: user=0.00 sys=0.00, real=0.00 secs] 
195.324: Total time for which application threads were stopped: 0.0685490 seconds, Stopping threads took: 0.0679540 seconds
195.403: Application time: 0.0792500 seconds
195.463: [GC [PSYoungGen: 14089K->1149K(15360K)] 44003K->31063K(50688K), 0.0008220 secs] [Times: user=0.01 sys=0.00, real=0.00 secs] 
195.463: Total time for which application threads were stopped: 0.0602370 seconds, Stopping threads took: 0.0593250 seconds
195.539: Application time: 0.0751220 seconds
195.594: [GC [PSYoungGen: 14448K->1588K(15360K)] 44362K->31501K(50688K), 0.0007330 secs] [Times: user=0.00 sys=0.00, real=0.00 secs] 
195.594: Total time for which application threads were stopped: 0.0557610 seconds, Stopping threads took: 0.0549350 seconds
195.672: Application time: 0.0778950 seconds
195.731: [GC [PSYoungGen: 14848K->1767K(15360K)] 44762K->31689K(50688K), 0.0008340 secs] [Times: user=0.00 sys=0.00, real=0.00 secs] 
195.732: Total time for which application threads were stopped: 0.0595070 seconds, Stopping threads took: 0.0585890 seconds
195.810: Application time: 0.0779470 seconds
195.873: [GC [PSYoungGen: 14851K->774K(15360K)] 44773K->30704K(50688K), 0.0005490 secs] [Times: user=0.00 sys=0.00, real=0.00 secs] 
195.874: Total time for which application threads were stopped: 0.0640170 seconds, Stopping threads took: 0.0633900 seconds
195.952: Application time: 0.0781590 seconds
196.012: [GC [PSYoungGen: 14073K->1149K(15360K)] 44003K->31079K(50688K), 0.0006980 secs] [Times: user=0.00 sys=0.00, real=0.00 secs] 
196.013: Total time for which application threads were stopped: 0.0611170 seconds, Stopping threads took: 0.0603460 seconds
196.090: Application time: 0.0766760 seconds
196.153: [GC [PSYoungGen: 14428K->352K(15360K)] 44358K->30281K(50688K), 0.0004590 secs] [Times: user=0.00 sys=0.00, real=0.00 secs] 
196.154: Total time for which application threads were stopped: 0.0639900 seconds, Stopping threads took: 0.0634660 seconds
196.229: Application time: 0.0757550 seconds
196.293: [GC [PSYoungGen: 13651K->742K(15360K)] 43581K->30680K(50688K), 0.0007350 secs] [Times: user=0.00 sys=0.00, real=0.00 secs] 
196.294: Total time for which application threads were stopped: 0.0645890 seconds, Stopping threads took: 0.0637580 seconds
196.373: Application time: 0.0794670 seconds
196.425: [GC [PSYoungGen: 13807K->694K(15360K)] 43745K->30640K(50688K), 0.0005010 secs] [Times: user=0.00 sys=0.00, real=0.00 secs] 
196.426: Total time for which application threads were stopped: 0.0522650 seconds, Stopping threads took: 0.0516840 seconds
196.502: Application time: 0.0760560 seconds
196.562: [GC [PSYoungGen: 13681K->774K(15360K)] 43627K->30728K(50688K), 0.0005500 secs] [Times: user=0.00 sys=0.00, real=0.00 secs] 
196.563: Total time for which application threads were stopped: 0.0610940 seconds, Stopping threads took: 0.0604740 seconds
196.641: Application time: 0.0782550 seconds
196.689: [GC [PSYoungGen: 13761K->710K(15360K)] 43715K->30664K(50688K), 0.0006290 secs] [Times: user=0.00 sys=0.00, real=0.00 secs] 
196.690: Total time for which application threads were stopped: 0.0486610 seconds, Stopping threads took: 0.0479620 seconds
196.766: Application time: 0.0763830 seconds
196.800: [GC [PSYoungGen: 14009K->2028K(15360K)] 43963K->32177K(50688K), 0.0010000 secs] [Times: user=0.01 sys=0.00, real=0.00 secs] 
196.801: Total time for which application threads were stopped: 0.0349980 seconds, Stopping threads took: 0.0339020 seconds
196.878: Application time: 0.0769730 seconds
196.946: [GC [PSYoungGen: 15308K->288K(15360K)] 45457K->30453K(50688K), 0.0004750 secs] [Times: user=0.00 sys=0.00, real=0.00 secs] 
196.947: Total time for which application threads were stopped: 0.0687500 seconds, Stopping threads took: 0.0681760 seconds
197.023: Application time: 0.0757210 seconds
197.057: [GC [PSYoungGen: 13372K->1540K(15360K)] 43537K->31713K(50688K), 0.0008150 secs] [Times: user=0.00 sys=0.00, real=0.00 secs] 
197.058: Total time for which application threads were stopped: 0.0357290 seconds, Stopping threads took: 0.0341210 seconds
197.138: Application time: 0.0798450 seconds
197.205: [GC [PSYoungGen: 14839K->2010K(15360K)] 45012K->32191K(50688K), 0.0009010 secs] [Times: user=0.00 sys=0.00, real=0.00 secs] 
197.206: Total time for which application threads were stopped: 0.0679340 seconds, Stopping threads took: 0.0669580 seconds
197.288: Application time: 0.0817930 seconds
197.347: [GC [PSYoungGen: 15309K->1896K(15360K)] 45490K->33640K(50688K), 0.0013100 secs] [Times: user=0.01 sys=0.00, real=0.01 secs] 
197.348: Total time for which application threads were stopped: 0.0605480 seconds, Stopping threads took: 0.0591600 seconds
197.447: Application time: 0.0986790 seconds
197.523: [GC [PSYoungGen: 15078K->336K(15360K)] 46822K->32079K(50688K), 0.0004550 secs] [Times: user=0.00 sys=0.00, real=0.00 secs] 
197.523: Total time for which application threads were stopped: 0.0758340 seconds, Stopping threads took: 0.0752800 seconds
197.605: Application time: 0.0823840 seconds
197.644: [GC [PSYoungGen: 13498K->1572K(15360K)] 45242K->33315K(50688K), 0.0008110 secs] [Times: user=0.00 sys=0.00, real=0.00 secs] 
197.645: Total time for which application threads were stopped: 0.0391330 seconds, Stopping threads took: 0.0382410 seconds
197.728: Application time: 0.0832380 seconds
197.792: [GC [PSYoungGen: 14797K->1864K(15360K)] 46541K->33624K(50688K), 0.0008780 secs] [Times: user=0.01 sys=0.00, real=0.00 secs] 
197.793: Total time for which application threads were stopped: 0.0652840 seconds, Stopping threads took: 0.0643090 seconds
197.877: Application time: 0.0839490 seconds
197.947: [GC [PSYoungGen: 15020K->954K(15360K)] 46780K->32721K(50688K), 0.0006460 secs] [Times: user=0.00 sys=0.00, real=0.01 secs] 
197.947: Total time for which application threads were stopped: 0.0704320 seconds, Stopping threads took: 0.0696890 seconds
198.032: Application time: 0.0845200 seconds
198.095: [GC [PSYoungGen: 14135K->1101K(15360K)] 45903K->32869K(50688K), 0.0007280 secs] [Times: user=0.00 sys=0.00, real=0.00 secs] 
198.096: Total time for which application threads were stopped: 0.0642010 seconds, Stopping threads took: 0.0633890 seconds
198.179: Application time: 0.0829040 seconds
198.244: [GC [PSYoungGen: 14380K->1458K(15360K)] 46148K->33234K(50688K), 0.0009200 secs] [Times: user=0.00 sys=0.00, real=0.00 secs] 
198.245: Total time for which application threads were stopped: 0.0659330 seconds, Stopping threads took: 0.0649400 seconds
198.328: Application time: 0.0826310 seconds
198.395: [GC [PSYoungGen: 14464K->1556K(15360K)] 46240K->33331K(50688K), 0.0009190 secs] [Times: user=0.00 sys=0.00, real=0.00 secs] 
198.396: Total time for which application threads were stopped: 0.0687080 seconds, Stopping threads took: 0.0676900 seconds
198.481: Application time: 0.0842300 seconds
198.552: [GC [PSYoungGen: 14702K->579K(15360K)] 46478K->32363K(50688K), 0.0006570 secs] [Times: user=0.00 sys=0.00, real=0.00 secs] 
198.553: Total time for which application threads were stopped: 0.0722260 seconds, Stopping threads took: 0.0714950 seconds
198.636: Application time: 0.0828960 seconds
198.688: [GC [PSYoungGen: 13796K->1946K(15360K)] 45580K->33738K(50688K), 0.0013630 secs] [Times: user=0.01 sys=0.00, real=0.00 secs] 
198.690: Total time for which application threads were stopped: 0.0538320 seconds, Stopping threads took: 0.0523670 seconds
198.774: Application time: 0.0847540 seconds
198.850: [GC [PSYoungGen: 15226K->1165K(15360K)] 47017K->32965K(50688K), 0.0007070 secs] [Times: user=0.01 sys=0.00, real=0.00 secs] 
198.850: Total time for which application threads were stopped: 0.0759440 seconds, Stopping threads took: 0.0751600 seconds
198.934: Application time: 0.0838690 seconds
198.999: [GC [PSYoungGen: 14347K->1360K(15360K)] 46146K->33160K(50688K), 0.0007420 secs] [Times: user=0.00 sys=0.00, real=0.00 secs] 
199.000: Total time for which application threads were stopped: 0.0657300 seconds, Stopping threads took: 0.0649000 seconds
199.083: Application time: 0.0835040 seconds
199.150: [GC [PSYoungGen: 14640K->1669K(15360K)] 46440K->33477K(50688K), 0.0007590 secs] [Times: user=0.01 sys=0.00, real=0.00 secs] 
199.151: Total time for which application threads were stopped: 0.0672840 seconds, Stopping threads took: 0.0664540 seconds
199.234: Application time: 0.0834930 seconds
199.303: [GC [PSYoungGen: 14773K->774K(15360K)] 46581K->32590K(50688K), 0.0006660 secs] [Times: user=0.00 sys=0.00, real=0.00 secs] 
199.303: Total time for which application threads were stopped: 0.0691220 seconds, Stopping threads took: 0.0683700 seconds
199.387: Application time: 0.0837860 seconds
199.453: [GC [PSYoungGen: 13761K->758K(15360K)] 45577K->32574K(50688K), 0.0006290 secs] [Times: user=0.01 sys=0.00, real=0.00 secs] 
199.453: Total time for which application threads were stopped: 0.0661940 seconds, Stopping threads took: 0.0654730 seconds
199.537: Application time: 0.0838700 seconds
199.603: [GC [PSYoungGen: 13745K->742K(15360K)] 45561K->32558K(50688K), 0.0005870 secs] [Times: user=0.00 sys=0.00, real=0.00 secs] 
199.603: Total time for which application threads were stopped: 0.0662150 seconds, Stopping threads took: 0.0655580 seconds
199.688: Application time: 0.0841620 seconds
199.751: [GC [PSYoungGen: 13729K->790K(15360K)] 45545K->32614K(50688K), 0.0005930 secs] [Times: user=0.00 sys=0.00, real=0.00 secs] 
199.752: Total time for which application threads were stopped: 0.0645000 seconds, Stopping threads took: 0.0638380 seconds
199.835: Application time: 0.0829380 seconds
199.892: [GC [PSYoungGen: 14089K->1165K(15360K)] 45913K->32997K(50688K), 0.0006020 secs] [Times: user=0.01 sys=0.00, real=0.00 secs] 
199.892: Total time for which application threads were stopped: 0.0574350 seconds, Stopping threads took: 0.0567540 seconds
199.976: Application time: 0.0840820 seconds
200.043: [GC [PSYoungGen: 14347K->1360K(15360K)] 46178K->33192K(50688K), 0.0007030 secs] [Times: user=0.00 sys=0.00, real=0.00 secs] 
200.043: Total time for which application threads were stopped: 0.0669570 seconds, Stopping threads took: 0.0661800 seconds
200.127: Application time: 0.0831540 seconds
200.191: [GC [PSYoungGen: 14464K->1540K(15360K)] 46296K->33379K(50688K), 0.0008350 secs] [Times: user=0.00 sys=0.00, real=0.00 secs] 
200.192: Total time for which application threads were stopped: 0.0657180 seconds, Stopping threads took: 0.0648020 seconds
200.277: Application time: 0.0846070 seconds
200.330: [GC [PSYoungGen: 14800K->1767K(15360K)] 46639K->33615K(50688K), 0.0007660 secs] [Times: user=0.01 sys=0.00, real=0.00 secs] 
200.331: Total time for which application threads were stopped: 0.0541990 seconds, Stopping threads took: 0.0533570 seconds
200.416: Application time: 0.0846830 seconds
200.491: [GC [PSYoungGen: 15046K->954K(15360K)] 46894K->32809K(50688K), 0.0006360 secs] [Times: user=0.01 sys=0.00, real=0.00 secs] 
200.492: Total time for which application threads were stopped: 0.0757620 seconds, Stopping threads took: 0.0750380 seconds
200.575: Application time: 0.0835940 seconds
200.640: [GC [PSYoungGen: 14252K->1360K(15360K)] 46108K->33216K(50688K), 0.0007290 secs] [Times: user=0.00 sys=0.00, real=0.00 secs] 
200.641: Total time for which application threads were stopped: 0.0653700 seconds, Stopping threads took: 0.0645730 seconds
200.723: Application time: 0.0829500 seconds
200.788: [GC [PSYoungGen: 14522K->336K(15360K)] 46378K->32199K(50688K), 0.0005090 secs] [Times: user=0.01 sys=0.00, real=0.00 secs] 
200.788: Total time for which application threads were stopped: 0.0648690 seconds, Stopping threads took: 0.0642920 seconds
200.871: Application time: 0.0824150 seconds
200.923: [GC [PSYoungGen: 13537K->1799K(15360K)] 45401K->33663K(50688K), 0.0010600 secs] [Times: user=0.00 sys=0.01, real=0.00 secs] 
200.924: Total time for which application threads were stopped: 0.0534210 seconds, Stopping threads took: 0.0522630 seconds
201.009: Application time: 0.0848480 seconds
201.074: [GC [PSYoungGen: 15098K->1930K(15360K)] 46961K->33997K(50688K), 0.0009770 secs] [Times: user=0.01 sys=0.00, real=0.01 secs] 
201.075: Total time for which application threads were stopped: 0.0663680 seconds, Stopping threads took: 0.0652940 seconds
201.154: Application time: 0.0786990 seconds
201.217: [GC [PSYoungGen: 15131K->1360K(15360K)] 47199K->33435K(50688K), 0.0007110 secs] [Times: user=0.00 sys=0.00, real=0.00 secs] 
201.218: Total time for which application threads were stopped: 0.0634440 seconds, Stopping threads took: 0.0626600 seconds
201.294: Application time: 0.0769040 seconds
201.344: [GC [PSYoungGen: 14542K->1555K(15360K)] 46617K->33639K(50688K), 0.0009060 secs] [Times: user=0.01 sys=0.00, real=0.00 secs] 
201.345: Total time for which application threads were stopped: 0.0506230 seconds, Stopping threads took: 0.0496170 seconds
201.424: Application time: 0.0784290 seconds
201.492: [GC [PSYoungGen: 14757K->726K(15360K)] 46840K->32809K(50688K), 0.0006250 secs] [Times: user=0.01 sys=0.00, real=0.00 secs] 
201.492: Total time for which application threads were stopped: 0.0688860 seconds, Stopping threads took: 0.0681720 seconds
201.570: Application time: 0.0780550 seconds
201.618: [GC [PSYoungGen: 13713K->758K(15360K)] 45796K->32857K(50688K), 0.0006200 secs] [Times: user=0.00 sys=0.00, real=0.00 secs] 
201.618: Total time for which application threads were stopped: 0.0479580 seconds, Stopping threads took: 0.0472510 seconds
201.697: Application time: 0.0786550 seconds
201.757: [GC [PSYoungGen: 14057K->1133K(15360K)] 46156K->33240K(50688K), 0.0008780 secs] [Times: user=0.01 sys=0.00, real=0.00 secs] 
201.758: Total time for which application threads were stopped: 0.0607190 seconds, Stopping threads took: 0.0597490 seconds
201.834: Application time: 0.0765760 seconds
201.886: [GC [PSYoungGen: 14354K->1197K(15360K)] 46461K->33312K(50688K), 0.0007130 secs] [Times: user=0.00 sys=0.00, real=0.00 secs] 
201.887: Total time for which application threads were stopped: 0.0527410 seconds, Stopping threads took: 0.0519380 seconds
201.965: Application time: 0.0777730 seconds
202.025: [GC [PSYoungGen: 14379K->1312K(15360K)] 46494K->33427K(50688K), 0.0007610 secs] [Times: user=0.00 sys=0.00, real=0.00 secs] 
202.025: Total time for which application threads were stopped: 0.0603860 seconds, Stopping threads took: 0.0595450 seconds
202.104: Application time: 0.0787530 seconds
202.168: [GC [PSYoungGen: 14514K->595K(15360K)] 46629K->32718K(50688K), 0.0007940 secs] [Times: user=0.01 sys=0.00, real=0.00 secs] 
202.170: Total time for which application threads were stopped: 0.0659460 seconds, Stopping threads took: 0.0641830 seconds
202.247: Application time: 0.0766390 seconds
202.306: [GC [PSYoungGen: 13777K->790K(15360K)] 45900K->32913K(50688K), 0.0006830 secs] [Times: user=0.00 sys=0.00, real=0.00 secs] 
202.307: Total time for which application threads were stopped: 0.0599150 seconds, Stopping threads took: 0.0591530 seconds
202.385: Application time: 0.0786020 seconds
202.437: [GC [PSYoungGen: 13777K->710K(15360K)] 45900K->32841K(50688K), 0.0005290 secs] [Times: user=0.01 sys=0.00, real=0.00 secs] 
202.438: Total time for which application threads were stopped: 0.0528430 seconds, Stopping threads took: 0.0522500 seconds
202.516: Application time: 0.0781850 seconds
202.576: [GC [PSYoungGen: 14009K->1117K(15360K)] 46140K->33256K(50688K), 0.0008520 secs] [Times: user=0.00 sys=0.00, real=0.00 secs] 
202.577: Total time for which application threads were stopped: 0.0610510 seconds, Stopping threads took: 0.0601260 seconds
202.654: Application time: 0.0765860 seconds
202.706: [GC [PSYoungGen: 14416K->1556K(15360K)] 46555K->33695K(50688K), 0.0008650 secs] [Times: user=0.00 sys=0.00, real=0.00 secs] 
202.707: Total time for which application threads were stopped: 0.0533320 seconds, Stopping threads took: 0.0523670 seconds
202.786: Application time: 0.0788810 seconds
202.850: [GC [PSYoungGen: 14757K->710K(15360K)] 46896K->32857K(50688K), 0.0006540 secs] [Times: user=0.01 sys=0.00, real=0.00 secs] 
202.850: Total time for which application threads were stopped: 0.0642910 seconds, Stopping threads took: 0.0635420 seconds
202.930: Application time: 0.0793020 seconds
202.975: [GC [PSYoungGen: 13697K->774K(15360K)] 45844K->32921K(50688K), 0.0004710 secs] [Times: user=0.00 sys=0.00, real=0.01 secs] 
202.976: Total time for which application threads were stopped: 0.0459940 seconds, Stopping threads took: 0.0454530 seconds
203.054: Application time: 0.0782680 seconds
203.114: [GC [PSYoungGen: 14073K->1133K(15360K)] 46220K->33280K(50688K), 0.0005930 secs] [Times: user=0.00 sys=0.00, real=0.00 secs] 
203.115: Total time for which application threads were stopped: 0.0609320 seconds, Stopping threads took: 0.0602710 seconds
203.191: Application time: 0.0765430 seconds
203.243: [GC [PSYoungGen: 14393K->1312K(15360K)] 46540K->33459K(50688K), 0.0007090 secs] [Times: user=0.01 sys=0.00, real=0.00 secs] 
203.244: Total time for which application threads were stopped: 0.0523600 seconds, Stopping threads took: 0.0515460 seconds
203.321: Application time: 0.0776770 seconds
203.385: [GC [PSYoungGen: 14475K->336K(15360K)] 46622K->32491K(50688K), 0.0004420 secs] [Times: user=0.00 sys=0.00, real=0.00 secs] 
203.385: Total time for which application threads were stopped: 0.0639430 seconds, Stopping threads took: 0.0634340 seconds
203.462: Application time: 0.0767360 seconds
203.496: [GC [PSYoungGen: 13615K->1751K(15360K)] 45770K->33906K(50688K), 0.0007650 secs] [Times: user=0.00 sys=0.00, real=0.00 secs] 
203.497: Total time for which application threads were stopped: 0.0343630 seconds, Stopping threads took: 0.0335230 seconds
203.576: Application time: 0.0794730 seconds
203.639: [GC [PSYoungGen: 14952K->954K(15360K)] 47107K->33117K(50688K), 0.0006090 secs] [Times: user=0.00 sys=0.00, real=0.00 secs] 
203.639: Total time for which application threads were stopped: 0.0634490 seconds, Stopping threads took: 0.0627470 seconds
203.717: Application time: 0.0775400 seconds
203.777: [GC [PSYoungGen: 14253K->1360K(15360K)] 46416K->33523K(50688K), 0.0006820 secs] [Times: user=0.00 sys=0.00, real=0.00 secs] 
203.778: Total time for which application threads were stopped: 0.0608240 seconds, Stopping threads took: 0.0600420 seconds
203.856: Application time: 0.0785420 seconds
203.917: [GC [PSYoungGen: 14640K->579K(15360K)] 46803K->32750K(50688K), 0.0005120 secs] [Times: user=0.00 sys=0.00, real=0.00 secs] 
203.918: Total time for which application threads were stopped: 0.0614110 seconds, Stopping threads took: 0.0608080 seconds
203.995: Application time: 0.0771710 seconds
204.051: [GC [PSYoungGen: 13761K->710K(15360K)] 45932K->32889K(50688K), 0.0007330 secs] [Times: user=0.00 sys=0.00, real=0.00 secs] 
204.051: Total time for which application threads were stopped: 0.0564610 seconds, Stopping threads took: 0.0556390 seconds
204.130: Application time: 0.0782050 seconds
204.187: [GC [PSYoungGen: 14009K->1165K(15360K)] 46188K->33344K(50688K), 0.0007000 secs] [Times: user=0.01 sys=0.00, real=0.00 secs] 
204.188: Total time for which application threads were stopped: 0.0583960 seconds, Stopping threads took: 0.0575990 seconds
204.265: Application time: 0.0770230 seconds
204.329: [GC [PSYoungGen: 14366K->352K(15360K)] 46545K->32539K(50688K), 0.0005970 secs] [Times: user=0.00 sys=0.00, real=0.00 secs] 
204.330: Total time for which application threads were stopped: 0.0644850 seconds, Stopping threads took: 0.0638020 seconds
204.405: Application time: 0.0758210 seconds
204.439: [GC [PSYoungGen: 13612K->1621K(15360K)] 45799K->33816K(50688K), 0.0008590 secs] [Times: user=0.01 sys=0.00, real=0.00 secs] 
204.440: Total time for which application threads were stopped: 0.0345870 seconds, Stopping threads took: 0.0336330 seconds
204.517: Application time: 0.0768450 seconds
204.581: [GC [PSYoungGen: 14920K->954K(15360K)] 47115K->33149K(50688K), 0.0008410 secs] [Times: user=0.00 sys=0.00, real=0.00 secs] 
204.582: Total time for which application threads were stopped: 0.0649320 seconds, Stopping threads took: 0.0639960 seconds
204.660: Application time: 0.0780130 seconds
204.718: [GC [PSYoungGen: 14214K->1149K(15360K)] 46409K->33344K(50688K), 0.0007980 secs] [Times: user=0.00 sys=0.00, real=0.00 secs] 
204.719: Total time for which application threads were stopped: 0.0589360 seconds, Stopping threads took: 0.0580680 seconds
204.794: Application time: 0.0754550 seconds
204.854: [GC [PSYoungGen: 14331K->1344K(15360K)] 46526K->33539K(50688K), 0.0007190 secs] [Times: user=0.00 sys=0.00, real=0.00 secs] 
204.855: Total time for which application threads were stopped: 0.0609270 seconds, Stopping threads took: 0.0601290 seconds
204.933: Application time: 0.0783870 seconds
204.997: [GC [PSYoungGen: 14507K->320K(15360K)] 46702K->32523K(50688K), 0.0004240 secs] [Times: user=0.01 sys=0.00, real=0.00 secs] 
204.997: Total time for which application threads were stopped: 0.0638990 seconds, Stopping threads took: 0.0634060 seconds
205.073: Application time: 0.0759580 seconds
205.106: [GC [PSYoungGen: 13619K->2044K(15360K)] 45822K->36232K(50688K), 0.0013680 secs] [Times: user=0.01 sys=0.00, real=0.01 secs] 
205.108: Total time for which application threads were stopped: 0.0342220 seconds, Stopping threads took: 0.0327580 seconds
205.184: Application time: 0.0767600 seconds
205.254: [GC [PSYoungGen: 15323K->1882K(15360K)] 49511K->36274K(50688K), 0.0009010 secs] [Times: user=0.01 sys=0.00, real=0.00 secs] 
205.255: Total time for which application threads were stopped: 0.0706550 seconds, Stopping threads took: 0.0696570 seconds
205.332: Application time: 0.0772360 seconds
205.401: [GC [PSYoungGen: 15181K->288K(15360K)] 49573K->34687K(50688K), 0.0007310 secs] [Times: user=0.00 sys=0.00, real=0.00 secs] 
205.402: Total time for which application threads were stopped: 0.0696660 seconds, Stopping threads took: 0.0688350 seconds
205.478: Application time: 0.0759890 seconds
205.540: [GC [PSYoungGen: 13587K->758K(15360K)] 47986K->35166K(50688K), 0.0007720 secs] [Times: user=0.00 sys=0.00, real=0.00 secs] 
205.540: Total time for which application threads were stopped: 0.0624760 seconds, Stopping threads took: 0.0616110 seconds
205.619: Application time: 0.0785320 seconds
205.679: [GC [PSYoungGen: 14057K->1101K(15360K)] 48465K->35509K(50688K), 0.0007140 secs] [Times: user=0.00 sys=0.00, real=0.00 secs] 
205.679: Total time for which application threads were stopped: 0.0604690 seconds, Stopping threads took: 0.0596810 seconds
205.758: Application time: 0.0788690 seconds
205.808: [GC [PSYoungGen: 14283K->1392K(15360K)] 48691K->35800K(50688K), 0.0007310 secs] [Times: user=0.00 sys=0.00, real=0.00 secs] 
205.808: Total time for which application threads were stopped: 0.0501530 seconds, Stopping threads took: 0.0493340 seconds
205.885: Application time: 0.0766580 seconds
205.946: [GC [PSYoungGen: 14496K->1588K(15360K)] 48903K->36003K(50688K), 0.0008650 secs] [Times: user=0.01 sys=0.00, real=0.00 secs] 
205.947: Total time for which application threads were stopped: 0.0614890 seconds, Stopping threads took: 0.0605490 seconds
206.024: Application time: 0.0776580 seconds
206.087: [GC [PSYoungGen: 14750K->531K(15360K)] 49166K->34955K(50688K), 0.0005690 secs] [Times: user=0.00 sys=0.00, real=0.00 secs] 
206.087: Total time for which application threads were stopped: 0.0630390 seconds, Stopping threads took: 0.0623990 seconds
206.164: Application time: 0.0765520 seconds
206.196: [GC-- [PSYoungGen: 13811K->13811K(15360K)] 48234K->49016K(50688K), 0.0010920 secs] [Times: user=0.00 sys=0.00, real=0.00 secs] 
206.197: [Full GC [PSYoungGen: 13811K->0K(15360K)] [ParOldGen: 35204K->3960K(35328K)] 49016K->3960K(50688K) [PSPermGen: 5151K->5151K(21504K)], 0.0047350 secs] [Times: user=0.02 sys=0.00, real=0.00 secs] 
206.202: Total time for which application threads were stopped: 0.0379140 seconds, Stopping threads took: 0.0319660 seconds
206.277: Application time: 0.0756150 seconds
206.347: [GC [PSYoungGen: 13259K->1997K(15360K)] 17220K->5958K(50688K), 0.0007880 secs] [Times: user=0.00 sys=0.00, real=0.00 secs] 
206.348: Total time for which application threads were stopped: 0.0709800 seconds, Stopping threads took: 0.0701010 seconds
206.425: Application time: 0.0766130 seconds
206.494: [GC [PSYoungGen: 15199K->1232K(15360K)] 19159K->5193K(50688K), 0.0007280 secs] [Times: user=0.00 sys=0.00, real=0.00 secs] 
206.495: Total time for which application threads were stopped: 0.0701520 seconds, Stopping threads took: 0.0693430 seconds
206.573: Application time: 0.0775310 seconds
206.633: [GC [PSYoungGen: 14512K->435K(15360K)] 18472K->4396K(50688K), 0.0005600 secs] [Times: user=0.00 sys=0.00, real=0.00 secs] 
206.633: Total time for which application threads were stopped: 0.0607550 seconds, Stopping threads took: 0.0601080 seconds
206.710: Application time: 0.0768250 seconds
206.763: [GC [PSYoungGen: 13617K->694K(15360K)] 17578K->4655K(50688K), 0.0004830 secs] [Times: user=0.00 sys=0.00, real=0.00 secs] 
206.764: Total time for which application threads were stopped: 0.0535930 seconds, Stopping threads took: 0.0530400 seconds
206.843: Application time: 0.0787610 seconds
206.901: [GC [PSYoungGen: 13993K->1005K(15360K)] 17954K->4966K(50688K), 0.0005190 secs] [Times: user=0.00 sys=0.00, real=0.00 secs] 
206.901: Total time for which application threads were stopped: 0.0588190 seconds, Stopping threads took: 0.0582290 seconds
206.979: Application time: 0.0775970 seconds
207.038: [GC [PSYoungGen: 14304K->1411K(15360K)] 18265K->5372K(50688K), 0.0006680 secs] [Times: user=0.01 sys=0.00, real=0.00 secs] 
207.038: Total time for which application threads were stopped: 0.0593980 seconds, Stopping threads took: 0.0586540 seconds
207.115: Application time: 0.0768040 seconds
207.169: [GC [PSYoungGen: 14691K->1768K(15360K)] 18652K->5729K(50688K), 0.0007470 secs] [Times: user=0.00 sys=0.00, real=0.00 secs] 
207.171: Total time for which application threads were stopped: 0.0554040 seconds, Stopping threads took: 0.0538700 seconds
207.249: Application time: 0.0784310 seconds
207.309: [GC [PSYoungGen: 14755K->1800K(15360K)] 18716K->5761K(50688K), 0.0008250 secs] [Times: user=0.01 sys=0.00, real=0.00 secs] 
207.310: Total time for which application threads were stopped: 0.0606930 seconds, Stopping threads took: 0.0597930 seconds
207.387: Application time: 0.0771570 seconds
207.447: [GC [PSYoungGen: 15080K->1946K(15360K)] 19041K->6102K(50688K), 0.0008420 secs] [Times: user=0.00 sys=0.00, real=0.01 secs] 
207.447: Total time for which application threads were stopped: 0.0605590 seconds, Stopping threads took: 0.0596130 seconds
207.525: Application time: 0.0777920 seconds
207.594: [GC [PSYoungGen: 15148K->1296K(15360K)] 19304K->5452K(50688K), 0.0006340 secs] [Times: user=0.00 sys=0.00, real=0.00 secs] 
207.594: Total time for which application threads were stopped: 0.0690850 seconds, Stopping threads took: 0.0683680 seconds
207.671: Application time: 0.0764990 seconds
207.730: [GC [PSYoungGen: 14556K->1540K(15360K)] 18712K->5696K(50688K), 0.0006650 secs] [Times: user=0.01 sys=0.00, real=0.00 secs] 
207.731: Total time for which application threads were stopped: 0.0601410 seconds, Stopping threads took: 0.0593830 seconds
207.809: Application time: 0.0781970 seconds
207.857: [GC [PSYoungGen: 14604K->1540K(15360K)] 18760K->5696K(50688K), 0.0007010 secs] [Times: user=0.01 sys=0.00, real=0.00 secs] 
207.858: Total time for which application threads were stopped: 0.0485010 seconds, Stopping threads took: 0.0477260 seconds
207.935: Application time: 0.0772600 seconds
207.996: [GC [PSYoungGen: 14741K->726K(15360K)] 18897K->4882K(50688K), 0.0005550 secs] [Times: user=0.00 sys=0.00, real=0.00 secs] 
207.997: Total time for which application threads were stopped: 0.0620640 seconds, Stopping threads took: 0.0614170 seconds
208.076: Application time: 0.0789510 seconds
208.130: [GC [PSYoungGen: 14025K->1133K(15360K)] 18181K->5289K(50688K), 0.0007970 secs] [Times: user=0.01 sys=0.00, real=0.00 secs] 
208.131: Total time for which application threads were stopped: 0.0546240 seconds, Stopping threads took: 0.0537380 seconds
208.207: Application time: 0.0765040 seconds
208.271: [GC [PSYoungGen: 14432K->1540K(15360K)] 18588K->5696K(50688K), 0.0007800 secs] [Times: user=0.01 sys=0.00, real=0.00 secs] 
208.271: Total time for which application threads were stopped: 0.0642720 seconds, Stopping threads took: 0.0634000 seconds
208.349: Application time: 0.0776560 seconds
208.397: [GC [PSYoungGen: 14838K->1914K(15360K)] 18995K->6094K(50688K), 0.0007960 secs] [Times: user=0.00 sys=0.00, real=0.00 secs] 
208.398: Total time for which application threads were stopped: 0.0490640 seconds, Stopping threads took: 0.0481960 seconds
208.474: Application time: 0.0757620 seconds
208.522: [GC [PSYoungGen: 15193K->1962K(15360K)] 19374K->7509K(50688K), 0.0011260 secs] [Times: user=0.00 sys=0.00, real=0.00 secs] 
208.523: Total time for which application threads were stopped: 0.0488920 seconds, Stopping threads took: 0.0476730 seconds
208.599: Application time: 0.0767350 seconds
208.669: [GC [PSYoungGen: 15222K->2012K(15360K)] 20769K->7974K(50688K), 0.0010450 secs] [Times: user=0.00 sys=0.00, real=0.00 secs] 
208.671: Total time for which application threads were stopped: 0.0710360 seconds, Stopping threads took: 0.0698980 seconds
208.746: Application time: 0.0755570 seconds
208.800: [GC [PSYoungGen: 15194K->2044K(15360K)] 21156K->8600K(50688K), 0.0011050 secs] [Times: user=0.00 sys=0.00, real=0.00 secs] 
208.801: Total time for which application threads were stopped: 0.0546800 seconds, Stopping threads took: 0.0534810 seconds
208.880: Application time: 0.0790850 seconds
208.948: [GC [PSYoungGen: 15245K->790K(15360K)] 21801K->7346K(50688K), 0.0004930 secs] [Times: user=0.00 sys=0.00, real=0.00 secs] 
208.949: Total time for which application threads were stopped: 0.0687980 seconds, Stopping threads took: 0.0682350 seconds
209.027: Application time: 0.0787770 seconds
209.073: [GC [PSYoungGen: 13972K->954K(15360K)] 20528K->7509K(50688K), 0.0007190 secs] [Times: user=0.01 sys=0.00, real=0.00 secs] 
209.074: Total time for which application threads were stopped: 0.0461390 seconds, Stopping threads took: 0.0453290 seconds
209.155: Application time: 0.0813920 seconds
209.220: [GC [PSYoungGen: 14135K->1149K(15360K)] 20691K->7721K(50688K), 0.0007380 secs] [Times: user=0.01 sys=0.00, real=0.00 secs] 
209.220: Total time for which application threads were stopped: 0.0654060 seconds, Stopping threads took: 0.0645720 seconds
209.303: Application time: 0.0829690 seconds
209.372: [GC [PSYoungGen: 14428K->320K(15360K)] 21000K->6915K(50688K), 0.0004270 secs] [Times: user=0.00 sys=0.00, real=0.00 secs] 
209.373: Total time for which application threads were stopped: 0.0695830 seconds, Stopping threads took: 0.0690820 seconds
209.456: Application time: 0.0830740 seconds
209.522: [GC [PSYoungGen: 13599K->1767K(15360K)] 20195K->8379K(50688K), 0.0007820 secs] [Times: user=0.01 sys=0.00, real=0.00 secs] 
209.523: Total time for which application threads were stopped: 0.0667690 seconds, Stopping threads took: 0.0658910 seconds
209.607: Application time: 0.0843470 seconds
209.672: [GC [PSYoungGen: 14773K->1849K(15360K)] 21385K->8460K(50688K), 0.0009590 secs] [Times: user=0.00 sys=0.00, real=0.00 secs] 
209.673: Total time for which application threads were stopped: 0.0655560 seconds, Stopping threads took: 0.0645010 seconds
209.756: Application time: 0.0836110 seconds
209.820: [GC [PSYoungGen: 15148K->1865K(15360K)] 21759K->8883K(50688K), 0.0008520 secs] [Times: user=0.01 sys=0.00, real=0.00 secs] 
209.821: Total time for which application threads were stopped: 0.0644320 seconds, Stopping threads took: 0.0635010 seconds
209.905: Application time: 0.0847570 seconds
209.981: [GC [PSYoungGen: 15125K->1392K(15360K)] 22143K->8419K(50688K), 0.0006680 secs] [Times: user=0.01 sys=0.00, real=0.00 secs] 
209.982: Total time for which application threads were stopped: 0.0760260 seconds, Stopping threads took: 0.0752820 seconds
210.066: Application time: 0.0845260 seconds
210.135: [GC [PSYoungGen: 14672K->531K(15360K)] 21698K->7557K(50688K), 0.0005360 secs] [Times: user=0.00 sys=0.00, real=0.01 secs] 
210.135: Total time for which application threads were stopped: 0.0694300 seconds, Stopping threads took: 0.0688260 seconds
210.219: Application time: 0.0830910 seconds
210.283: [GC [PSYoungGen: 13713K->742K(15360K)] 20740K->7769K(50688K), 0.0007620 secs] [Times: user=0.00 sys=0.00, real=0.00 secs] 
210.284: Total time for which application threads were stopped: 0.0654810 seconds, Stopping threads took: 0.0646270 seconds
210.369: Application time: 0.0847150 seconds
210.434: [GC [PSYoungGen: 14041K->1117K(15360K)] 21068K->8143K(50688K), 0.0008340 secs] [Times: user=0.01 sys=0.00, real=0.00 secs] 
210.435: Total time for which application threads were stopped: 0.0663380 seconds, Stopping threads took: 0.0654160 seconds
210.519: Application time: 0.0840070 seconds
210.576: [GC [PSYoungGen: 14299K->1360K(15360K)] 21325K->8387K(50688K), 0.0007750 secs] [Times: user=0.00 sys=0.00, real=0.00 secs] 
210.577: Total time for which application threads were stopped: 0.0575450 seconds, Stopping threads took: 0.0566860 seconds
210.661: Application time: 0.0844470 seconds
210.723: [GC [PSYoungGen: 14620K->1556K(15360K)] 21647K->8590K(50688K), 0.0007370 secs] [Times: user=0.00 sys=0.00, real=0.00 secs] 
210.723: Total time for which application threads were stopped: 0.0622210 seconds, Stopping threads took: 0.0614060 seconds
210.806: Application time: 0.0828170 seconds
210.875: [GC [PSYoungGen: 14757K->774K(15360K)] 21791K->7817K(50688K), 0.0005630 secs] [Times: user=0.00 sys=0.00, real=0.01 secs] 
210.876: Total time for which application threads were stopped: 0.0694490 seconds, Stopping threads took: 0.0688090 seconds
210.961: Application time: 0.0849240 seconds
211.024: [GC [PSYoungGen: 13761K->726K(15360K)] 20803K->7777K(50688K), 0.0006140 secs] [Times: user=0.00 sys=0.00, real=0.00 secs] 
211.025: Total time for which application threads were stopped: 0.0642720 seconds, Stopping threads took: 0.0635660 seconds
211.109: Application time: 0.0846650 seconds
211.175: [GC [PSYoungGen: 14025K->1117K(15360K)] 21076K->8167K(50688K), 0.0006050 secs] [Times: user=0.01 sys=0.00, real=0.00 secs] 
211.175: Total time for which application threads were stopped: 0.0657980 seconds, Stopping threads took: 0.0651200 seconds
211.258: Application time: 0.0830260 seconds
211.327: [GC [PSYoungGen: 14397K->336K(15360K)] 21447K->7394K(50688K), 0.0005210 secs] [Times: user=0.00 sys=0.00, real=0.01 secs] 
211.328: Total time for which application threads were stopped: 0.0694520 seconds, Stopping threads took: 0.0688460 seconds
211.410: Application time: 0.0823120 seconds
211.468: [GC [PSYoungGen: 13635K->1785K(15360K)] 20693K->8851K(50688K), 0.0008150 secs] [Times: user=0.00 sys=0.00, real=0.00 secs] 
211.469: Total time for which application threads were stopped: 0.0588430 seconds, Stopping threads took: 0.0579320 seconds
211.551: Application time: 0.0822330 seconds
211.619: [GC [PSYoungGen: 14771K->1849K(15360K)] 21838K->8923K(50688K), 0.0008770 secs] [Times: user=0.00 sys=0.00, real=0.00 secs] 
211.620: Total time for which application threads were stopped: 0.0683610 seconds, Stopping threads took: 0.0674040 seconds
211.703: Application time: 0.0832910 seconds
211.776: [GC [PSYoungGen: 14835K->758K(15360K)] 21910K->7841K(50688K), 0.0006250 secs] [Times: user=0.00 sys=0.00, real=0.00 secs] 
211.776: Total time for which application threads were stopped: 0.0735310 seconds, Stopping threads took: 0.0728100 seconds
211.861: Application time: 0.0842790 seconds
211.926: [GC [PSYoungGen: 14057K->1101K(15360K)] 21140K->8183K(50688K), 0.0005940 secs] [Times: user=0.00 sys=0.00, real=0.00 secs] 
211.927: Total time for which application threads were stopped: 0.0660130 seconds, Stopping threads took: 0.0653250 seconds
212.011: Application time: 0.0844300 seconds
212.075: [GC [PSYoungGen: 14406K->288K(15360K)] 21489K->7370K(50688K), 0.0004860 secs] [Times: user=0.00 sys=0.00, real=0.01 secs] 
212.076: Total time for which application threads were stopped: 0.0645080 seconds, Stopping threads took: 0.0639500 seconds
212.158: Application time: 0.0827550 seconds
212.220: [GC [PSYoungGen: 13443K->515K(15360K)] 20526K->7613K(50688K), 0.0007680 secs] [Times: user=0.00 sys=0.00, real=0.00 secs] 
212.222: Total time for which application threads were stopped: 0.0634640 seconds, Stopping threads took: 0.0618320 seconds
212.306: Application time: 0.0841210 seconds
212.373: [GC [PSYoungGen: 13775K->742K(15360K)] 20874K->7849K(50688K), 0.0008450 secs] [Times: user=0.00 sys=0.00, real=0.00 secs] 
212.373: Total time for which application threads were stopped: 0.0674540 seconds, Stopping threads took: 0.0665270 seconds
212.458: Application time: 0.0847350 seconds
212.515: [GC [PSYoungGen: 14041K->1117K(15360K)] 21148K->8231K(50688K), 0.0007690 secs] [Times: user=0.00 sys=0.00, real=0.01 secs] 
212.516: Total time for which application threads were stopped: 0.0576940 seconds, Stopping threads took: 0.0568280 seconds
212.600: Application time: 0.0837160 seconds
212.664: [GC [PSYoungGen: 14299K->1344K(15360K)] 21413K->8459K(50688K), 0.0007000 secs] [Times: user=0.01 sys=0.00, real=0.00 secs] 
212.665: Total time for which application threads were stopped: 0.0651700 seconds, Stopping threads took: 0.0643980 seconds
212.749: Application time: 0.0841890 seconds
212.818: [GC [PSYoungGen: 14546K->499K(15360K)] 21660K->7621K(50688K), 0.0006440 secs] [Times: user=0.00 sys=0.00, real=0.00 secs] 
212.819: Total time for which application threads were stopped: 0.0701210 seconds, Stopping threads took: 0.0693740 seconds
212.904: Application time: 0.0849180 seconds
212.968: [GC [PSYoungGen: 13681K->758K(15360K)] 20803K->7889K(50688K), 0.0005070 secs] [Times: user=0.00 sys=0.00, real=0.00 secs] 
212.968: Total time for which application threads were stopped: 0.0643430 seconds, Stopping threads took: 0.0637690 seconds
213.054: Application time: 0.0853460 seconds
213.110: [GC [PSYoungGen: 13745K->758K(15360K)] 20875K->7889K(50688K), 0.0005060 secs] [Times: user=0.00 sys=0.00, real=0.00 secs] 
213.110: Total time for which application threads were stopped: 0.0566360 seconds, Stopping threads took: 0.0560610 seconds
213.190: Application time: 0.0792950 seconds
213.249: [GC [PSYoungGen: 14057K->1101K(15360K)] 21188K->8239K(50688K), 0.0005940 secs] [Times: user=0.00 sys=0.00, real=0.00 secs] 
213.249: Total time for which application threads were stopped: 0.0596750 seconds, Stopping threads took: 0.0590140 seconds
213.327: Application time: 0.0776640 seconds
213.374: [GC [PSYoungGen: 14283K->1360K(15360K)] 21421K->8499K(50688K), 0.0006760 secs] [Times: user=0.00 sys=0.00, real=0.00 secs] 
213.375: Total time for which application threads were stopped: 0.0481600 seconds, Stopping threads took: 0.0474100 seconds
213.453: Application time: 0.0778140 seconds
213.513: [GC [PSYoungGen: 14523K->1458K(15360K)] 21661K->8604K(50688K), 0.0006470 secs] [Times: user=0.00 sys=0.00, real=0.00 secs] 
213.514: Total time for which application threads were stopped: 0.0611630 seconds, Stopping threads took: 0.0604410 seconds
213.592: Application time: 0.0778360 seconds
213.640: [GC [PSYoungGen: 14464K->1540K(15360K)] 21610K->8686K(50688K), 0.0006940 secs] [Times: user=0.00 sys=0.00, real=0.00 secs] 
213.641: Total time for which application threads were stopped: 0.0493180 seconds, Stopping threads took: 0.0485560 seconds
213.717: Application time: 0.0755470 seconds
213.778: [GC [PSYoungGen: 14721K->1783K(15360K)] 21868K->8937K(50688K), 0.0007620 secs] [Times: user=0.00 sys=0.00, real=0.00 secs] 
213.778: Total time for which application threads were stopped: 0.0615660 seconds, Stopping threads took: 0.0607340 seconds
213.857: Application time: 0.0783830 seconds
213.909: [GC [PSYoungGen: 15082K->1930K(15360K)] 22236K->9288K(50688K), 0.0008190 secs] [Times: user=0.01 sys=0.00, real=0.00 secs] 
213.910: Total time for which application threads were stopped: 0.0531440 seconds, Stopping threads took: 0.0522450 seconds
213.986: Application time: 0.0762640 seconds
214.050: [GC [PSYoungGen: 15210K->1328K(15360K)] 22568K->8686K(50688K), 0.0006900 secs] [Times: user=0.01 sys=0.00, real=0.00 secs] 
214.050: Total time for which application threads were stopped: 0.0642220 seconds, Stopping threads took: 0.0634550 seconds
214.128: Application time: 0.0778620 seconds
214.185: [GC [PSYoungGen: 14432K->1571K(15360K)] 21790K->8937K(50688K), 0.0006630 secs] [Times: user=0.00 sys=0.00, real=0.00 secs] 
214.186: Total time for which application threads were stopped: 0.0578940 seconds, Stopping threads took: 0.0571600 seconds
214.262: Application time: 0.0759780 seconds
214.326: [GC [PSYoungGen: 14734K->499K(15360K)] 22100K->7873K(50688K), 0.0005790 secs] [Times: user=0.00 sys=0.00, real=0.00 secs] 
214.326: Total time for which application threads were stopped: 0.0641830 seconds, Stopping threads took: 0.0635130 seconds
214.405: Application time: 0.0791400 seconds
214.462: [GC [PSYoungGen: 13759K->806K(15360K)] 21133K->8188K(50688K), 0.0005480 secs] [Times: user=0.01 sys=0.00, real=0.00 secs] 
214.463: Total time for which application threads were stopped: 0.0574250 seconds, Stopping threads took: 0.0568020 seconds
214.540: Application time: 0.0775930 seconds
214.593: [GC [PSYoungGen: 13910K->938K(15360K)] 21292K->8319K(50688K), 0.0005820 secs] [Times: user=0.01 sys=0.00, real=0.00 secs] 
214.593: Total time for which application threads were stopped: 0.0528750 seconds, Stopping threads took: 0.0522230 seconds
214.671: Application time: 0.0777560 seconds
214.730: [GC [PSYoungGen: 14119K->1133K(15360K)] 21501K->8523K(50688K), 0.0005980 secs] [Times: user=0.00 sys=0.00, real=0.00 secs] 
214.730: Total time for which application threads were stopped: 0.0592960 seconds, Stopping threads took: 0.0586300 seconds
214.808: Application time: 0.0774220 seconds
214.872: [GC [PSYoungGen: 14334K->368K(15360K)] 21724K->7757K(50688K), 0.0004860 secs] [Times: user=0.00 sys=0.00, real=0.00 secs] 
214.873: Total time for which application threads were stopped: 0.0650160 seconds, Stopping threads took: 0.0644400 seconds
214.949: Application time: 0.0757570 seconds
214.995: [GC [PSYoungGen: 13667K->1978K(15360K)] 21056K->10353K(50688K), 0.0010570 secs] [Times: user=0.01 sys=0.00, real=0.01 secs] 
214.996: Total time for which application threads were stopped: 0.0477420 seconds, Stopping threads took: 0.0466040 seconds
215.074: Application time: 0.0772400 seconds
215.137: [GC [PSYoungGen: 15257K->1783K(15360K)] 23632K->10556K(50688K), 0.0008680 secs] [Times: user=0.00 sys=0.00, real=0.00 secs] 
215.138: Total time for which application threads were stopped: 0.0647130 seconds, Stopping threads took: 0.0637690 seconds
215.218: Application time: 0.0800890 seconds
215.278: [GC [PSYoungGen: 14984K->2044K(15360K)] 23757K->11208K(50688K), 0.0009130 secs] [Times: user=0.00 sys=0.00, real=0.00 secs] 
215.279: Total time for which application threads were stopped: 0.0603650 seconds, Stopping threads took: 0.0593810 seconds
215.355: Application time: 0.0762300 seconds
215.410: [GC [PSYoungGen: 15323K->1994K(15360K)] 24487K->11947K(50688K), 0.0010970 secs] [Times: user=0.00 sys=0.00, real=0.00 secs] 
215.411: Total time for which application threads were stopped: 0.0560360 seconds, Stopping threads took: 0.0548450 seconds
215.487: Application time: 0.0761590 seconds
215.557: [GC [PSYoungGen: 15195K->1946K(15360K)] 25148K->11915K(50688K), 0.0008160 secs] [Times: user=0.00 sys=0.00, real=0.00 secs] 
215.557: Total time for which application threads were stopped: 0.0702530 seconds, Stopping threads took: 0.0693340 seconds
215.633: Application time: 0.0755770 seconds
215.682: [GC [PSYoungGen: 15206K->1946K(15360K)] 25176K->12111K(50688K), 0.0009140 secs] [Times: user=0.01 sys=0.00, real=0.00 secs] 
215.683: Total time for which application threads were stopped: 0.0501370 seconds, Stopping threads took: 0.0491300 seconds
215.763: Application time: 0.0797840 seconds
215.821: [GC [PSYoungGen: 15226K->1344K(15360K)] 25390K->11517K(50688K), 0.0006330 secs] [Times: user=0.00 sys=0.00, real=0.00 secs] 
215.822: Total time for which application threads were stopped: 0.0589460 seconds, Stopping threads took: 0.0582410 seconds
215.900: Application time: 0.0783830 seconds
215.965: [GC [PSYoungGen: 14624K->531K(15360K)] 24796K->10703K(50688K), 0.0006750 secs] [Times: user=0.00 sys=0.00, real=0.00 secs] 
215.966: Total time for which application threads were stopped: 0.0652270 seconds, Stopping threads took: 0.0644600 seconds
216.043: Application time: 0.0779090 seconds
216.103: [GC [PSYoungGen: 13791K->742K(15360K)] 23963K->10923K(50688K), 0.0005790 secs] [Times: user=0.00 sys=0.00, real=0.00 secs] 
216.103: Total time for which application threads were stopped: 0.0598550 seconds, Stopping threads took: 0.0591900 seconds
216.182: Application time: 0.0785370 seconds
216.231: [GC [PSYoungGen: 13729K->742K(15360K)] 23909K->10923K(50688K), 0.0005710 secs] [Times: user=0.01 sys=0.00, real=0.00 secs] 
216.231: Total time for which application threads were stopped: 0.0495240 seconds, Stopping threads took: 0.0488640 seconds
216.310: Application time: 0.0788900 seconds
216.370: [GC [PSYoungGen: 14041K->1181K(15360K)] 24222K->11369K(50688K), 0.0006310 secs] [Times: user=0.00 sys=0.00, real=0.00 secs] 
216.370: Total time for which application threads were stopped: 0.0599810 seconds, Stopping threads took: 0.0592810 seconds
216.447: Application time: 0.0766580 seconds
216.495: [GC [PSYoungGen: 14480K->1556K(15360K)] 24668K->11752K(50688K), 0.0011290 secs] [Times: user=0.00 sys=0.00, real=0.01 secs] 
216.496: Total time for which application threads were stopped: 0.0490000 seconds, Stopping threads took: 0.0477770 seconds
216.573: Application time: 0.0772850 seconds
216.634: [GC [PSYoungGen: 14757K->678K(15360K)] 24953K->10875K(50688K), 0.0006860 secs] [Times: user=0.00 sys=0.00, real=0.00 secs] 
216.635: Total time for which application threads were stopped: 0.0618720 seconds, Stopping threads took: 0.0610950 seconds
216.714: Application time: 0.0786240 seconds
216.762: [GC [PSYoungGen: 13665K->790K(15360K)] 23861K->10995K(50688K), 0.0006490 secs] [Times: user=0.00 sys=0.00, real=0.00 secs] 
216.762: Total time for which application threads were stopped: 0.0487920 seconds, Stopping threads took: 0.0480500 seconds
216.843: Application time: 0.0807660 seconds
216.901: [GC [PSYoungGen: 14089K->1165K(15360K)] 24294K->11369K(50688K), 0.0005630 secs] [Times: user=0.00 sys=0.00, real=0.00 secs] 
216.901: Total time for which application threads were stopped: 0.0581580 seconds, Stopping threads took: 0.0575270 seconds
216.979: Application time: 0.0780760 seconds
217.040: [GC [PSYoungGen: 14425K->1360K(15360K)] 24629K->11565K(50688K), 0.0006270 secs] [Times: user=0.00 sys=0.00, real=0.00 secs] 
217.041: Total time for which application threads were stopped: 0.0614830 seconds, Stopping threads took: 0.0607880 seconds
217.119: Application time: 0.0784710 seconds
217.183: [GC [PSYoungGen: 14562K->1685K(15360K)] 24766K->11898K(50688K), 0.0008130 secs] [Times: user=0.00 sys=0.00, real=0.00 secs] 
217.184: Total time for which application threads were stopped: 0.0645160 seconds, Stopping threads took: 0.0636150 seconds
217.266: Application time: 0.0824310 seconds
217.338: [GC [PSYoungGen: 14867K->758K(15360K)] 25080K->10971K(50688K), 0.0005800 secs] [Times: user=0.00 sys=0.00, real=0.00 secs] 
217.339: Total time for which application threads were stopped: 0.0730910 seconds, Stopping threads took: 0.0714320 seconds
217.424: Application time: 0.0842360 seconds
217.480: [GC [PSYoungGen: 13745K->710K(15360K)] 23957K->10939K(50688K), 0.0007830 secs] [Times: user=0.00 sys=0.00, real=0.00 secs] 
217.481: Total time for which application threads were stopped: 0.0571050 seconds, Stopping threads took: 0.0562310 seconds
217.563: Application time: 0.0824110 seconds
217.617: [GC [PSYoungGen: 13873K->1962K(15360K)] 24101K->12191K(50688K), 0.0008470 secs] [Times: user=0.00 sys=0.00, real=0.00 secs] 
217.618: Total time for which application threads were stopped: 0.0551350 seconds, Stopping threads took: 0.0541920 seconds
217.702: Application time: 0.0834890 seconds
217.759: [GC [PSYoungGen: 15261K->1946K(15360K)] 25489K->12573K(50688K), 0.0010900 secs] [Times: user=0.00 sys=0.00, real=0.00 secs] 
217.760: Total time for which application threads were stopped: 0.0583820 seconds, Stopping threads took: 0.0572010 seconds
217.843: Application time: 0.0823290 seconds
217.908: [GC [PSYoungGen: 15198K->2028K(15360K)] 25825K->13249K(50688K), 0.0011470 secs] [Times: user=0.01 sys=0.00, real=0.00 secs] 
217.910: Total time for which application threads were stopped: 0.0669980 seconds, Stopping threads took: 0.0657660 seconds
217.993: Application time: 0.0833350 seconds
218.067: [GC [PSYoungGen: 15257K->1978K(15360K)] 26478K->14184K(50688K), 0.0010760 secs] [Times: user=0.00 sys=0.00, real=0.01 secs] 
218.068: Total time for which application threads were stopped: 0.0748050 seconds, Stopping threads took: 0.0736540 seconds
218.151: Application time: 0.0828190 seconds
218.216: [GC [PSYoungGen: 15140K->2044K(15360K)] 27346K->15234K(50688K), 0.0011070 secs] [Times: user=0.01 sys=0.00, real=0.00 secs] 
218.217: Total time for which application threads were stopped: 0.0662300 seconds, Stopping threads took: 0.0650430 seconds
218.313: Application time: 0.0965050 seconds
218.388: [GC [PSYoungGen: 15245K->1149K(15360K)] 28435K->14347K(50688K), 0.0009310 secs] [Times: user=0.00 sys=0.00, real=0.00 secs] 
218.389: Total time for which application threads were stopped: 0.0755910 seconds, Stopping threads took: 0.0745580 seconds
218.471: Application time: 0.0824440 seconds
218.538: [GC [PSYoungGen: 14429K->1442K(15360K)] 27627K->14640K(50688K), 0.0007050 secs] [Times: user=0.00 sys=0.00, real=0.00 secs] 
218.539: Total time for which application threads were stopped: 0.0677840 seconds, Stopping threads took: 0.0669910 seconds
218.624: Application time: 0.0848610 seconds
218.692: [GC [PSYoungGen: 14624K->563K(15360K)] 27822K->13761K(50688K), 0.0004760 secs] [Times: user=0.00 sys=0.00, real=0.00 secs] 
218.692: Total time for which application threads were stopped: 0.0683240 seconds, Stopping threads took: 0.0677690 seconds
218.776: Application time: 0.0835230 seconds
218.812: [GC [PSYoungGen: 13745K->1881K(15360K)] 26943K->15079K(50688K), 0.0007980 secs] [Times: user=0.01 sys=0.00, real=0.00 secs] 
218.813: Total time for which application threads were stopped: 0.0368720 seconds, Stopping threads took: 0.0359970 seconds
218.898: Application time: 0.0851090 seconds
218.964: [GC [PSYoungGen: 15179K->1149K(15360K)] 28378K->14355K(50688K), 0.0007610 secs] [Times: user=0.01 sys=0.00, real=0.00 secs] 
218.965: Total time for which application threads were stopped: 0.0667880 seconds, Stopping threads took: 0.0659450 seconds
219.048: Application time: 0.0830630 seconds
219.112: [GC [PSYoungGen: 14448K->1636K(15360K)] 27654K->14842K(50688K), 0.0007360 secs] [Times: user=0.01 sys=0.00, real=0.00 secs] 
219.113: Total time for which application threads were stopped: 0.0648610 seconds, Stopping threads took: 0.0640570 seconds
219.197: Application time: 0.0840710 seconds
219.256: [GC [PSYoungGen: 14622K->1571K(15360K)] 27828K->14786K(50688K), 0.0007630 secs] [Times: user=0.01 sys=0.00, real=0.00 secs] 
219.257: Total time for which application threads were stopped: 0.0599370 seconds, Stopping threads took: 0.0591050 seconds
219.340: Application time: 0.0834460 seconds
219.408: [GC [PSYoungGen: 14851K->710K(15360K)] 28065K->13924K(50688K), 0.0006600 secs] [Times: user=0.01 sys=0.00, real=0.00 secs] 
219.409: Total time for which application threads were stopped: 0.0687740 seconds, Stopping threads took: 0.0680220 seconds
219.492: Application time: 0.0836100 seconds
219.556: [GC [PSYoungGen: 14009K->1149K(15360K)] 27224K->14379K(50688K), 0.0006160 secs] [Times: user=0.00 sys=0.00, real=0.00 secs] 
219.557: Total time for which application threads were stopped: 0.0644920 seconds, Stopping threads took: 0.0637930 seconds
219.640: Application time: 0.0830420 seconds
219.704: [GC [PSYoungGen: 14409K->1360K(15360K)] 27639K->14598K(50688K), 0.0009040 secs] [Times: user=0.00 sys=0.00, real=0.00 secs] 
219.705: Total time for which application threads were stopped: 0.0652000 seconds, Stopping threads took: 0.0642230 seconds
219.789: Application time: 0.0842930 seconds
219.855: [GC [PSYoungGen: 14562K->1653K(15360K)] 27800K->14907K(50688K), 0.0008100 secs] [Times: user=0.00 sys=0.00, real=0.01 secs] 
219.856: Total time for which application threads were stopped: 0.0664060 seconds, Stopping threads took: 0.0655220 seconds
219.939: Application time: 0.0827160 seconds
220.004: [GC [PSYoungGen: 14894K->1751K(15360K)] 28148K->15005K(50688K), 0.0008990 secs] [Times: user=0.00 sys=0.00, real=0.00 secs] 
220.005: Total time for which application threads were stopped: 0.0661480 seconds, Stopping threads took: 0.0651540 seconds
220.089: Application time: 0.0839510 seconds
220.158: [GC [PSYoungGen: 14757K->758K(15360K)] 28011K->14012K(50688K), 0.0005090 secs] [Times: user=0.00 sys=0.00, real=0.00 secs] 
220.159: Total time for which application threads were stopped: 0.0701250 seconds, Stopping threads took: 0.0695280 seconds
220.244: Application time: 0.0848870 seconds
220.308: [GC [PSYoungGen: 14057K->1117K(15360K)] 27312K->14379K(50688K), 0.0007760 secs] [Times: user=0.01 sys=0.00, real=0.00 secs] 
220.309: Total time for which application threads were stopped: 0.0650390 seconds, Stopping threads took: 0.0641650 seconds
220.393: Application time: 0.0844980 seconds
220.458: [GC [PSYoungGen: 14416K->1572K(15360K)] 27678K->14850K(50688K), 0.0007030 secs] [Times: user=0.00 sys=0.00, real=0.00 secs] 
220.459: Total time for which application threads were stopped: 0.0658350 seconds, Stopping threads took: 0.0650340 seconds
220.542: Application time: 0.0830030 seconds
220.599: [GC [PSYoungGen: 14851K->1881K(15360K)] 28129K->15159K(50688K), 0.0008180 secs] [Times: user=0.01 sys=0.00, real=0.00 secs] 
220.600: Total time for which application threads were stopped: 0.0578590 seconds, Stopping threads took: 0.0569640 seconds
220.685: Application time: 0.0855860 seconds
220.760: [GC [PSYoungGen: 14984K->986K(15360K)] 28262K->14272K(50688K), 0.0005990 secs] [Times: user=0.00 sys=0.00, real=0.00 secs] 
220.760: Total time for which application threads were stopped: 0.0747280 seconds, Stopping threads took: 0.0740470 seconds
220.843: Application time: 0.0832160 seconds
220.898: [GC [PSYoungGen: 14246K->1165K(15360K)] 27532K->14459K(50688K), 0.0006930 secs] [Times: user=0.01 sys=0.00, real=0.00 secs] 
220.899: Total time for which application threads were stopped: 0.0556850 seconds, Stopping threads took: 0.0549060 seconds
220.984: Application time: 0.0848800 seconds
221.048: [GC [PSYoungGen: 14425K->1344K(15360K)] 27719K->14646K(50688K), 0.0008960 secs] [Times: user=0.00 sys=0.00, real=0.00 secs] 
221.049: Total time for which application threads were stopped: 0.0644870 seconds, Stopping threads took: 0.0634850 seconds
221.131: Application time: 0.0820900 seconds
221.193: [GC [PSYoungGen: 14448K->1556K(15360K)] 27750K->14858K(50688K), 0.0009280 secs] [Times: user=0.01 sys=0.00, real=0.00 secs] 
221.194: Total time for which application threads were stopped: 0.0632980 seconds, Stopping threads took: 0.0622790 seconds
221.272: Application time: 0.0781350 seconds
221.322: [GC [PSYoungGen: 14757K->1833K(15360K)] 28059K->15135K(50688K), 0.0008620 secs] [Times: user=0.01 sys=0.00, real=0.00 secs] 
221.323: Total time for which application threads were stopped: 0.0511180 seconds, Stopping threads took: 0.0501630 seconds
221.400: Application time: 0.0767560 seconds
221.458: [GC [PSYoungGen: 15112K->1962K(15360K)] 28414K->15468K(50688K), 0.0010260 secs] [Times: user=0.01 sys=0.00, real=0.00 secs] 
221.459: Total time for which application threads were stopped: 0.0595320 seconds, Stopping threads took: 0.0584330 seconds
221.540: Application time: 0.0806120 seconds
221.599: [GC [PSYoungGen: 15242K->1392K(15360K)] 28747K->14914K(50688K), 0.0006260 secs] [Times: user=0.00 sys=0.00, real=0.00 secs] 
221.600: Total time for which application threads were stopped: 0.0597080 seconds, Stopping threads took: 0.0590130 seconds
221.676: Application time: 0.0766760 seconds
221.740: [GC [PSYoungGen: 14594K->547K(15360K)] 28115K->14068K(50688K), 0.0005060 secs] [Times: user=0.01 sys=0.00, real=0.00 secs] 
221.741: Total time for which application threads were stopped: 0.0645130 seconds, Stopping threads took: 0.0639390 seconds
221.814: Application time: 0.0733800 seconds
221.875: [GC [PSYoungGen: 13651K->1864K(15360K)] 27172K->15394K(50688K), 0.0008260 secs] [Times: user=0.01 sys=0.00, real=0.01 secs] 
221.876: Total time for which application threads were stopped: 0.0615450 seconds, Stopping threads took: 0.0606390 seconds
221.952: Application time: 0.0765830 seconds
222.017: [GC [PSYoungGen: 14929K->774K(15360K)] 28459K->14304K(50688K), 0.0005020 secs] [Times: user=0.00 sys=0.00, real=0.00 secs] 
222.017: Total time for which application threads were stopped: 0.0649800 seconds, Stopping threads took: 0.0644060 seconds
222.097: Application time: 0.0793540 seconds
222.156: [GC [PSYoungGen: 13761K->790K(15360K)] 27291K->14328K(50688K), 0.0004990 secs] [Times: user=0.00 sys=0.00, real=0.00 secs] 
222.156: Total time for which application threads were stopped: 0.0596190 seconds, Stopping threads took: 0.0590550 seconds
222.233: Application time: 0.0767320 seconds
222.286: [GC [PSYoungGen: 13777K->806K(15360K)] 27314K->14344K(50688K), 0.0004740 secs] [Times: user=0.00 sys=0.00, real=0.00 secs] 
222.287: Total time for which application threads were stopped: 0.0533730 seconds, Stopping threads took: 0.0528330 seconds
222.365: Application time: 0.0787900 seconds
222.425: [GC [PSYoungGen: 13793K->726K(15360K)] 27330K->14264K(50688K), 0.0005090 secs] [Times: user=0.00 sys=0.00, real=0.00 secs] 
222.426: Total time for which application threads were stopped: 0.0611040 seconds, Stopping threads took: 0.0594630 seconds
222.505: Application time: 0.0790320 seconds
222.565: [GC [PSYoungGen: 14025K->1165K(15360K)] 27563K->14702K(50688K), 0.0008150 secs] [Times: user=0.00 sys=0.00, real=0.00 secs] 
222.565: Total time for which application threads were stopped: 0.0599340 seconds, Stopping threads took: 0.0590420 seconds
222.646: Application time: 0.0808970 seconds
222.704: [GC [PSYoungGen: 14470K->320K(15360K)] 28008K->13865K(50688K), 0.0004540 secs] [Times: user=0.00 sys=0.00, real=0.00 secs] 
222.704: Total time for which application threads were stopped: 0.0581060 seconds, Stopping threads took: 0.0575870 seconds
222.780: Application time: 0.0753850 seconds
222.834: [GC [PSYoungGen: 13475K->563K(15360K)] 27021K->14108K(50688K), 0.0004540 secs] [Times: user=0.00 sys=0.00, real=0.00 secs] 
222.834: Total time for which application threads were stopped: 0.0545070 seconds, Stopping threads took: 0.0539820 seconds
222.913: Application time: 0.0786620 seconds
222.972: [GC [PSYoungGen: 13667K->758K(15360K)] 27212K->14312K(50688K), 0.0005650 secs] [Times: user=0.00 sys=0.00, real=0.00 secs] 
222.973: Total time for which application threads were stopped: 0.0600580 seconds, Stopping threads took: 0.0594160 seconds
223.051: Application time: 0.0778980 seconds
223.111: [GC [PSYoungGen: 13745K->774K(15360K)] 27298K->14336K(50688K), 0.0006020 secs] [Times: user=0.00 sys=0.00, real=0.00 secs] 
223.111: Total time for which application threads were stopped: 0.0602520 seconds, Stopping threads took: 0.0595800 seconds
223.190: Application time: 0.0783710 seconds
223.241: [GC [PSYoungGen: 14073K->1181K(15360K)] 27635K->14742K(50688K), 0.0006290 secs] [Times: user=0.01 sys=0.00, real=0.00 secs] 
223.242: Total time for which application threads were stopped: 0.0525870 seconds, Stopping threads took: 0.0518870 seconds
223.319: Application time: 0.0771630 seconds
223.367: [GC [PSYoungGen: 14382K->1410K(15360K)] 27944K->14971K(50688K), 0.0008140 secs] [Times: user=0.00 sys=0.00, real=0.01 secs] 
223.368: Total time for which application threads were stopped: 0.0483440 seconds, Stopping threads took: 0.0474380 seconds
223.445: Application time: 0.0775520 seconds
223.505: [GC [PSYoungGen: 14651K->1572K(15360K)] 28212K->15141K(50688K), 0.0007530 secs] [Times: user=0.01 sys=0.00, real=0.00 secs] 
223.506: Total time for which application threads were stopped: 0.0603190 seconds, Stopping threads took: 0.0594810 seconds
223.582: Application time: 0.0761510 seconds
223.636: [GC [PSYoungGen: 14870K->1930K(15360K)] 28440K->15508K(50688K), 0.0008050 secs] [Times: user=0.01 sys=0.00, real=0.00 secs] 
223.637: Total time for which application threads were stopped: 0.0549850 seconds, Stopping threads took: 0.0540910 seconds
223.715: Application time: 0.0780760 seconds
223.778: [GC [PSYoungGen: 15210K->1149K(15360K)] 28787K->14726K(50688K), 0.0007220 secs] [Times: user=0.01 sys=0.00, real=0.00 secs] 
223.779: Total time for which application threads were stopped: 0.0638090 seconds, Stopping threads took: 0.0630010 seconds
223.856: Application time: 0.0773550 seconds
223.917: [GC [PSYoungGen: 14331K->1328K(15360K)] 27908K->14906K(50688K), 0.0007030 secs] [Times: user=0.00 sys=0.00, real=0.00 secs] 
223.918: Total time for which application threads were stopped: 0.0616100 seconds, Stopping threads took: 0.0608200 seconds
223.995: Application time: 0.0775790 seconds
224.046: [GC [PSYoungGen: 14627K->1751K(15360K)] 28205K->15336K(50688K), 0.0009240 secs] [Times: user=0.00 sys=0.00, real=0.00 secs] 
224.047: Total time for which application threads were stopped: 0.0520510 seconds, Stopping threads took: 0.0510260 seconds
224.124: Application time: 0.0772820 seconds
224.186: [GC [PSYoungGen: 15011K->1946K(15360K)] 28597K->15540K(50688K), 0.0009770 secs] [Times: user=0.00 sys=0.00, real=0.00 secs] 
224.187: Total time for which application threads were stopped: 0.0621010 seconds, Stopping threads took: 0.0610540 seconds
224.264: Application time: 0.0779310 seconds
224.329: [GC [PSYoungGen: 15147K->1149K(15360K)] 28741K->14750K(50688K), 0.0006480 secs] [Times: user=0.01 sys=0.00, real=0.00 secs] 
224.330: Total time for which application threads were stopped: 0.0651020 seconds, Stopping threads took: 0.0643600 seconds
224.406: Application time: 0.0765590 seconds
224.466: [GC [PSYoungGen: 14350K->1458K(15360K)] 27952K->15067K(50688K), 0.0007340 secs] [Times: user=0.01 sys=0.00, real=0.00 secs] 
224.467: Total time for which application threads were stopped: 0.0610180 seconds, Stopping threads took: 0.0601950 seconds
224.546: Application time: 0.0784960 seconds
224.609: [GC [PSYoungGen: 14640K->579K(15360K)] 28249K->14188K(50688K), 0.0004950 secs] [Times: user=0.00 sys=0.00, real=0.00 secs] 
224.610: Total time for which application threads were stopped: 0.0640690 seconds, Stopping threads took: 0.0634870 seconds
224.688: Application time: 0.0785470 seconds
224.745: [GC [PSYoungGen: 13839K->758K(15360K)] 27449K->14376K(50688K), 0.0005550 secs] [Times: user=0.00 sys=0.00, real=0.00 secs] 
224.745: Total time for which application threads were stopped: 0.0571860 seconds, Stopping threads took: 0.0565540 seconds
224.823: Application time: 0.0777750 seconds
224.874: [GC [PSYoungGen: 14057K->1133K(15360K)] 27675K->14758K(50688K), 0.0006320 secs] [Times: user=0.01 sys=0.00, real=0.00 secs] 
224.875: Total time for which application threads were stopped: 0.0514980 seconds, Stopping threads took: 0.0507950 seconds
224.951: Application time: 0.0761280 seconds
225.001: [GC [PSYoungGen: 14432K->1540K(15360K)] 28058K->15165K(50688K), 0.0006860 secs] [Times: user=0.00 sys=0.00, real=0.00 secs] 
225.002: Total time for which application threads were stopped: 0.0506200 seconds, Stopping threads took: 0.0498580 seconds
225.080: Application time: 0.0783600 seconds
225.146: [GC [PSYoungGen: 14702K->579K(15360K)] 28328K->14212K(50688K), 0.0005130 secs] [Times: user=0.00 sys=0.00, real=0.00 secs] 
225.147: Total time for which application threads were stopped: 0.0670920 seconds, Stopping threads took: 0.0665000 seconds
225.223: Application time: 0.0762470 seconds
225.285: [GC [PSYoungGen: 13761K->758K(15360K)] 27394K->14392K(50688K), 0.0005090 secs] [Times: user=0.00 sys=0.00, real=0.00 secs] 
225.286: Total time for which application threads were stopped: 0.0626150 seconds, Stopping threads took: 0.0620390 seconds
225.363: Application time: 0.0774280 seconds
225.411: [GC [PSYoungGen: 14057K->1133K(15360K)] 27691K->14766K(50688K), 0.0006500 secs] [Times: user=0.00 sys=0.00, real=0.00 secs] 
225.412: Total time for which application threads were stopped: 0.0484250 seconds, Stopping threads took: 0.0477010 seconds
225.488: Application time: 0.0764740 seconds
225.555: [GC [PSYoungGen: 14334K->336K(15360K)] 27968K->13977K(50688K), 0.0004200 secs] [Times: user=0.01 sys=0.00, real=0.00 secs] 
225.555: Total time for which application threads were stopped: 0.0668930 seconds, Stopping threads took: 0.0664020 seconds
225.631: Application time: 0.0761600 seconds
225.694: [GC [PSYoungGen: 13517K->547K(15360K)] 27159K->14188K(50688K), 0.0004840 secs] [Times: user=0.00 sys=0.00, real=0.00 secs] 
225.695: Total time for which application threads were stopped: 0.0632660 seconds, Stopping threads took: 0.0627020 seconds
225.774: Application time: 0.0790460 seconds
225.821: [GC [PSYoungGen: 13807K->774K(15360K)] 27449K->14424K(50688K), 0.0008610 secs] [Times: user=0.00 sys=0.00, real=0.00 secs] 
225.822: Total time for which application threads were stopped: 0.0485120 seconds, Stopping threads took: 0.0475830 seconds
225.900: Application time: 0.0780900 seconds
225.962: [GC [PSYoungGen: 13761K->742K(15360K)] 27410K->14400K(50688K), 0.0005800 secs] [Times: user=0.01 sys=0.00, real=0.00 secs] 
225.963: Total time for which application threads were stopped: 0.0626630 seconds, Stopping threads took: 0.0619940 seconds
226.042: Application time: 0.0787830 seconds
226.091: [GC [PSYoungGen: 13729K->790K(15360K)] 27386K->14448K(50688K), 0.0005690 secs] [Times: user=0.01 sys=0.00, real=0.00 secs] 
226.092: Total time for which application threads were stopped: 0.0501540 seconds, Stopping threads took: 0.0495160 seconds
226.171: Application time: 0.0794120 seconds
226.230: [GC [PSYoungGen: 14089K->1165K(15360K)] 27747K->14830K(50688K), 0.0005790 secs] [Times: user=0.00 sys=0.00, real=0.00 secs] 
226.230: Total time for which application threads were stopped: 0.0590840 seconds, Stopping threads took: 0.0584240 seconds
226.305: Application time: 0.0747480 seconds
226.345: [GC [PSYoungGen: 14464K->2010K(15360K)] 28129K->17434K(50688K), 0.0012280 secs] [Times: user=0.00 sys=0.01, real=0.00 secs] 
226.346: Total time for which application threads were stopped: 0.0409290 seconds, Stopping threads took: 0.0396290 seconds
226.427: Application time: 0.0805770 seconds
226.492: [GC [PSYoungGen: 15289K->790K(15360K)] 30713K->16214K(50688K), 0.0005050 secs] [Times: user=0.00 sys=0.00, real=0.00 secs] 
226.493: Total time for which application threads were stopped: 0.0663190 seconds, Stopping threads took: 0.0657430 seconds
226.570: Application time: 0.0772150 seconds
226.630: [GC [PSYoungGen: 13777K->742K(15360K)] 29200K->16174K(50688K), 0.0005850 secs] [Times: user=0.00 sys=0.00, real=0.00 secs] 
226.630: Total time for which application threads were stopped: 0.0601660 seconds, Stopping threads took: 0.0595120 seconds
226.708: Application time: 0.0781510 seconds
226.757: [GC [PSYoungGen: 13729K->806K(15360K)] 29160K->16246K(50688K), 0.0005260 secs] [Times: user=0.00 sys=0.00, real=0.00 secs] 
226.757: Total time for which application threads were stopped: 0.0488400 seconds, Stopping threads took: 0.0482330 seconds
226.835: Application time: 0.0775640 seconds
226.894: [GC [PSYoungGen: 14105K->1149K(15360K)] 29545K->16588K(50688K), 0.0005770 secs] [Times: user=0.00 sys=0.00, real=0.00 secs] 
226.895: Total time for which application threads were stopped: 0.0600160 seconds, Stopping threads took: 0.0593500 seconds
226.972: Application time: 0.0774440 seconds
227.025: [GC [PSYoungGen: 14458K->1508K(15360K)] 29897K->16947K(50688K), 0.0006810 secs] [Times: user=0.01 sys=0.00, real=0.00 secs] 
227.025: Total time for which application threads were stopped: 0.0530970 seconds, Stopping threads took: 0.0523490 seconds
227.103: Application time: 0.0771750 seconds
227.166: [GC [PSYoungGen: 14662K->563K(15360K)] 30101K->16010K(50688K), 0.0004480 secs] [Times: user=0.00 sys=0.00, real=0.00 secs] 
227.166: Total time for which application threads were stopped: 0.0637910 seconds, Stopping threads took: 0.0632750 seconds
227.243: Application time: 0.0771500 seconds
227.303: [GC [PSYoungGen: 13823K->742K(15360K)] 29270K->16206K(50688K), 0.0005290 secs] [Times: user=0.00 sys=0.00, real=0.00 secs] 
227.303: Total time for which application threads were stopped: 0.0596520 seconds, Stopping threads took: 0.0590430 seconds
227.383: Application time: 0.0799800 seconds
227.429: [GC [PSYoungGen: 13896K->954K(15360K)] 29359K->16417K(50688K), 0.0005650 secs] [Times: user=0.00 sys=0.00, real=0.00 secs] 
227.431: Total time for which application threads were stopped: 0.0479570 seconds, Stopping threads took: 0.0463060 seconds
227.509: Application time: 0.0778060 seconds
227.561: [GC [PSYoungGen: 14085K->1149K(15360K)] 29549K->16612K(50688K), 0.0007690 secs] [Times: user=0.01 sys=0.00, real=0.00 secs] 
227.562: Total time for which application threads were stopped: 0.0528190 seconds, Stopping threads took: 0.0519600 seconds
227.636: Application time: 0.0747760 seconds
227.671: [GC [PSYoungGen: 14448K->1994K(15360K)] 29911K->19224K(50688K), 0.0014930 secs] [Times: user=0.01 sys=0.00, real=0.00 secs] 
227.673: Total time for which application threads were stopped: 0.0360310 seconds, Stopping threads took: 0.0344540 seconds
227.748: Application time: 0.0756790 seconds
227.819: [GC [PSYoungGen: 15195K->1833K(15360K)] 32425K->19070K(50688K), 0.0008630 secs] [Times: user=0.00 sys=0.00, real=0.00 secs] 
227.820: Total time for which application threads were stopped: 0.0716430 seconds, Stopping threads took: 0.0706970 seconds
227.897: Application time: 0.0776270 seconds
227.955: [GC [PSYoungGen: 15112K->1946K(15360K)] 32349K->19387K(50688K), 0.0009770 secs] [Times: user=0.01 sys=0.00, real=0.01 secs] 
227.956: Total time for which application threads were stopped: 0.0586670 seconds, Stopping threads took: 0.0575960 seconds
228.033: Application time: 0.0766160 seconds
228.102: [GC [PSYoungGen: 15206K->1962K(15360K)] 32647K->19801K(50688K), 0.0010760 secs] [Times: user=0.01 sys=0.00, real=0.00 secs] 
228.103: Total time for which application threads were stopped: 0.0705860 seconds, Stopping threads took: 0.0694140 seconds
228.179: Application time: 0.0755950 seconds
228.249: [GC [PSYoungGen: 15261K->499K(15360K)] 33100K->18338K(50688K), 0.0006390 secs] [Times: user=0.01 sys=0.00, real=0.00 secs] 
228.250: Total time for which application threads were stopped: 0.0709770 seconds, Stopping threads took: 0.0702570 seconds
228.329: Application time: 0.0787760 seconds
228.389: [GC [PSYoungGen: 13681K->806K(15360K)] 31520K->18646K(50688K), 0.0005380 secs] [Times: user=0.00 sys=0.00, real=0.00 secs] 
228.390: Total time for which application threads were stopped: 0.0611050 seconds, Stopping threads took: 0.0604560 seconds
228.467: Application time: 0.0776170 seconds
228.529: [GC [PSYoungGen: 13793K->774K(15360K)] 31632K->18630K(50688K), 0.0007130 secs] [Times: user=0.01 sys=0.00, real=0.00 secs] 
228.529: Total time for which application threads were stopped: 0.0619770 seconds, Stopping threads took: 0.0611790 seconds
228.608: Application time: 0.0788680 seconds
228.669: [GC [PSYoungGen: 13956K->954K(15360K)] 31811K->18817K(50688K), 0.0006380 secs] [Times: user=0.01 sys=0.00, real=0.00 secs] 
228.670: Total time for which application threads were stopped: 0.0613970 seconds, Stopping threads took: 0.0606660 seconds
228.747: Application time: 0.0769770 seconds
228.795: [GC [PSYoungGen: 14135K->1133K(15360K)] 31999K->19004K(50688K), 0.0008570 secs] [Times: user=0.00 sys=0.00, real=0.01 secs] 
228.795: Total time for which application threads were stopped: 0.0487480 seconds, Stopping threads took: 0.0478110 seconds
228.874: Application time: 0.0780870 seconds
228.938: [GC [PSYoungGen: 14334K->320K(15360K)] 32206K->18191K(50688K), 0.0005580 secs] [Times: user=0.00 sys=0.00, real=0.00 secs] 
228.938: Total time for which application threads were stopped: 0.0645850 seconds, Stopping threads took: 0.0639280 seconds
229.013: Application time: 0.0753510 seconds
229.047: [GC [PSYoungGen: 13404K->1572K(15360K)] 31275K->19443K(50688K), 0.0007670 secs] [Times: user=0.01 sys=0.00, real=0.01 secs] 
229.048: Total time for which application threads were stopped: 0.0343800 seconds, Stopping threads took: 0.0335270 seconds
229.126: Application time: 0.0780140 seconds
229.190: [GC [PSYoungGen: 14753K->1767K(15360K)] 32625K->19646K(50688K), 0.0008910 secs] [Times: user=0.00 sys=0.00, real=0.00 secs] 
229.191: Total time for which application threads were stopped: 0.0652920 seconds, Stopping threads took: 0.0643270 seconds
229.274: Application time: 0.0827570 seconds
229.331: [GC [PSYoungGen: 15066K->1978K(15360K)] 32945K->20061K(50688K), 0.0008660 secs] [Times: user=0.00 sys=0.00, real=0.00 secs] 
229.332: Total time for which application threads were stopped: 0.0582260 seconds, Stopping threads took: 0.0572830 seconds
229.417: Application time: 0.0850850 seconds
229.492: [GC [PSYoungGen: 15277K->336K(15360K)] 33360K->18418K(50688K), 0.0005920 secs] [Times: user=0.00 sys=0.00, real=0.00 secs] 
229.493: Total time for which application threads were stopped: 0.0754730 seconds, Stopping threads took: 0.0747840 seconds
229.577: Application time: 0.0839580 seconds
229.638: [GC [PSYoungGen: 13517K->515K(15360K)] 31600K->18614K(50688K), 0.0005210 secs] [Times: user=0.00 sys=0.00, real=0.00 secs] 
229.639: Total time for which application threads were stopped: 0.0620970 seconds, Stopping threads took: 0.0614780 seconds
229.723: Application time: 0.0841490 seconds
229.788: [GC [PSYoungGen: 13697K->758K(15360K)] 31796K->18857K(50688K), 0.0005760 secs] [Times: user=0.00 sys=0.00, real=0.00 secs] 
229.788: Total time for which application threads were stopped: 0.0653380 seconds, Stopping threads took: 0.0646880 seconds
229.873: Application time: 0.0849190 seconds
229.932: [GC [PSYoungGen: 13823K->742K(15360K)] 31922K->18841K(50688K), 0.0005380 secs] [Times: user=0.00 sys=0.00, real=0.00 secs] 
229.933: Total time for which application threads were stopped: 0.0594830 seconds, Stopping threads took: 0.0588740 seconds
230.016: Application time: 0.0835950 seconds
230.084: [GC [PSYoungGen: 14041K->1149K(15360K)] 32140K->19264K(50688K), 0.0006530 secs] [Times: user=0.00 sys=0.00, real=0.00 secs] 
230.085: Total time for which application threads were stopped: 0.0683920 seconds, Stopping threads took: 0.0676610 seconds
230.168: Application time: 0.0830110 seconds
230.224: [GC [PSYoungGen: 14331K->1360K(15360K)] 32445K->19491K(50688K), 0.0006850 secs] [Times: user=0.00 sys=0.00, real=0.00 secs] 
230.224: Total time for which application threads were stopped: 0.0567610 seconds, Stopping threads took: 0.0560050 seconds
230.308: Application time: 0.0836050 seconds
230.372: [GC [PSYoungGen: 14640K->1621K(15360K)] 32770K->19752K(50688K), 0.0007570 secs] [Times: user=0.00 sys=0.00, real=0.00 secs] 
230.373: Total time for which application threads were stopped: 0.0645750 seconds, Stopping threads took: 0.0637410 seconds
230.455: Application time: 0.0828890 seconds
230.515: [GC [PSYoungGen: 14803K->1833K(15360K)] 32934K->19971K(50688K), 0.0007950 secs] [Times: user=0.00 sys=0.00, real=0.01 secs] 
230.516: Total time for which application threads were stopped: 0.0603700 seconds, Stopping threads took: 0.0594990 seconds
230.600: Application time: 0.0842280 seconds
230.675: [GC [PSYoungGen: 14936K->970K(15360K)] 33075K->19116K(50688K), 0.0006470 secs] [Times: user=0.00 sys=0.00, real=0.01 secs] 
230.676: Total time for which application threads were stopped: 0.0754960 seconds, Stopping threads took: 0.0747630 seconds
230.759: Application time: 0.0838920 seconds
230.823: [GC [PSYoungGen: 14152K->1181K(15360K)] 32298K->19336K(50688K), 0.0005920 secs] [Times: user=0.00 sys=0.00, real=0.00 secs] 
230.824: Total time for which application threads were stopped: 0.0646000 seconds, Stopping threads took: 0.0639420 seconds
230.909: Application time: 0.0846730 seconds
230.966: [GC [PSYoungGen: 14480K->1572K(15360K)] 32634K->19734K(50688K), 0.0008370 secs] [Times: user=0.00 sys=0.00, real=0.00 secs] 
230.967: Total time for which application threads were stopped: 0.0583170 seconds, Stopping threads took: 0.0574050 seconds
231.050: Application time: 0.0831740 seconds
231.119: [GC [PSYoungGen: 14851K->774K(15360K)] 33014K->18937K(50688K), 0.0005760 secs] [Times: user=0.00 sys=0.00, real=0.00 secs] 
231.120: Total time for which application threads were stopped: 0.0693250 seconds, Stopping threads took: 0.0686780 seconds
231.204: Application time: 0.0843030 seconds
231.269: [GC [PSYoungGen: 13956K->970K(15360K)] 32119K->19140K(50688K), 0.0005960 secs] [Times: user=0.01 sys=0.00, real=0.00 secs] 
231.270: Total time for which application threads were stopped: 0.0662200 seconds, Stopping threads took: 0.0655420 seconds
231.353: Application time: 0.0829870 seconds
231.413: [GC [PSYoungGen: 13956K->954K(15360K)] 32127K->19132K(50688K), 0.0005550 secs] [Times: user=0.01 sys=0.00, real=0.00 secs] 
231.414: Total time for which application threads were stopped: 0.0608790 seconds, Stopping threads took: 0.0602530 seconds
231.499: Application time: 0.0854960 seconds
231.563: [GC [PSYoungGen: 14253K->1328K(15360K)] 32431K->19507K(50688K), 0.0008890 secs] [Times: user=0.00 sys=0.00, real=0.00 secs] 
231.564: Total time for which application threads were stopped: 0.0645370 seconds, Stopping threads took: 0.0635580 seconds
231.647: Application time: 0.0830460 seconds
231.716: [GC [PSYoungGen: 14608K->547K(15360K)] 32786K->18726K(50688K), 0.0006550 secs] [Times: user=0.00 sys=0.00, real=0.00 secs] 
231.717: Total time for which application threads were stopped: 0.0694160 seconds, Stopping threads took: 0.0686650 seconds
231.800: Application time: 0.0832360 seconds
231.870: [GC [PSYoungGen: 13846K->970K(15360K)] 32025K->19156K(50688K), 0.0006360 secs] [Times: user=0.01 sys=0.00, real=0.00 secs] 
231.871: Total time for which application threads were stopped: 0.0711600 seconds, Stopping threads took: 0.0704400 seconds
231.956: Application time: 0.0846970 seconds
232.012: [GC [PSYoungGen: 14230K->1149K(15360K)] 32416K->19343K(50688K), 0.0006230 secs] [Times: user=0.00 sys=0.00, real=0.00 secs] 
232.013: Total time for which application threads were stopped: 0.0572100 seconds, Stopping threads took: 0.0565130 seconds
232.097: Application time: 0.0840210 seconds
232.162: [GC [PSYoungGen: 14409K->1392K(15360K)] 32604K->19595K(50688K), 0.0006790 secs] [Times: user=0.00 sys=0.00, real=0.00 secs] 
232.163: Total time for which application threads were stopped: 0.0660510 seconds, Stopping threads took: 0.0652950 seconds
232.247: Application time: 0.0838190 seconds
232.316: [GC [PSYoungGen: 14672K->547K(15360K)] 32874K->18750K(50688K), 0.0007980 secs] [Times: user=0.01 sys=0.00, real=0.00 secs] 
232.317: Total time for which application threads were stopped: 0.0699440 seconds, Stopping threads took: 0.0690450 seconds
232.400: Application time: 0.0828660 seconds
232.437: [GC [PSYoungGen: 13729K->2010K(15360K)] 31931K->21205K(50688K), 0.0011750 secs] [Times: user=0.01 sys=0.00, real=0.00 secs] 
232.438: Total time for which application threads were stopped: 0.0387640 seconds, Stopping threads took: 0.0370830 seconds
232.520: Application time: 0.0818420 seconds
232.593: [GC [PSYoungGen: 15211K->1978K(15360K)] 34407K->21377K(50688K), 0.0011550 secs] [Times: user=0.01 sys=0.00, real=0.00 secs] 
232.594: Total time for which application threads were stopped: 0.0736120 seconds, Stopping threads took: 0.0723580 seconds
232.676: Application time: 0.0818290 seconds
232.745: [GC [PSYoungGen: 15277K->1897K(15360K)] 34676K->23061K(50688K), 0.0013160 secs] [Times: user=0.01 sys=0.00, real=0.00 secs] 
232.747: Total time for which application threads were stopped: 0.0710480 seconds, Stopping threads took: 0.0696310 seconds
232.842: Application time: 0.0953780 seconds
232.908: [GC [PSYoungGen: 15195K->774K(15360K)] 36360K->21939K(50688K), 0.0007380 secs] [Times: user=0.00 sys=0.00, real=0.00 secs] 
232.908: Total time for which application threads were stopped: 0.0663960 seconds, Stopping threads took: 0.0655600 seconds
232.994: Application time: 0.0852510 seconds
233.058: [GC [PSYoungGen: 13761K->726K(15360K)] 34925K->21899K(50688K), 0.0006860 secs] [Times: user=0.00 sys=0.00, real=0.00 secs] 
233.059: Total time for which application threads were stopped: 0.0650790 seconds, Stopping threads took: 0.0642920 seconds
233.143: Application time: 0.0837900 seconds
233.194: [GC [PSYoungGen: 14025K->1197K(15360K)] 35198K->22369K(50688K), 0.0006910 secs] [Times: user=0.00 sys=0.00, real=0.00 secs] 
233.195: Total time for which application threads were stopped: 0.0524880 seconds, Stopping threads took: 0.0517150 seconds
233.274: Application time: 0.0794590 seconds
233.335: [GC [PSYoungGen: 14398K->1442K(15360K)] 35571K->22622K(50688K), 0.0006510 secs] [Times: user=0.00 sys=0.00, real=0.01 secs] 
233.336: Total time for which application threads were stopped: 0.0613520 seconds, Stopping threads took: 0.0606290 seconds
233.413: Application time: 0.0770230 seconds
233.473: [GC [PSYoungGen: 14748K->515K(15360K)] 35928K->21703K(50688K), 0.0005630 secs] [Times: user=0.00 sys=0.00, real=0.00 secs] 
233.473: Total time for which application threads were stopped: 0.0605130 seconds, Stopping threads took: 0.0598780 seconds
233.552: Application time: 0.0788520 seconds
233.601: [GC [PSYoungGen: 13729K->806K(15360K)] 34917K->22003K(50688K), 0.0005600 secs] [Times: user=0.00 sys=0.00, real=0.00 secs] 
233.602: Total time for which application threads were stopped: 0.0492890 seconds, Stopping threads took: 0.0486280 seconds
233.682: Application time: 0.0802360 seconds
233.741: [GC [PSYoungGen: 14105K->1133K(15360K)] 35302K->22329K(50688K), 0.0007700 secs] [Times: user=0.00 sys=0.00, real=0.00 secs] 
233.741: Total time for which application threads were stopped: 0.0595420 seconds, Stopping threads took: 0.0586850 seconds
233.820: Application time: 0.0786060 seconds
233.872: [GC [PSYoungGen: 14393K->1376K(15360K)] 35590K->22581K(50688K), 0.0006250 secs] [Times: user=0.00 sys=0.00, real=0.00 secs] 
233.873: Total time for which application threads were stopped: 0.0526920 seconds, Stopping threads took: 0.0519990 seconds
233.951: Application time: 0.0781760 seconds
234.010: [GC [PSYoungGen: 14675K->1751K(15360K)] 35880K->22955K(50688K), 0.0007330 secs] [Times: user=0.00 sys=0.00, real=0.00 secs] 
234.011: Total time for which application threads were stopped: 0.0597800 seconds, Stopping threads took: 0.0589800 seconds
234.089: Application time: 0.0780250 seconds
234.149: [GC [PSYoungGen: 14835K->1864K(15360K)] 36040K->23077K(50688K), 0.0008840 secs] [Times: user=0.00 sys=0.00, real=0.00 secs] 
234.150: Total time for which application threads were stopped: 0.0616380 seconds, Stopping threads took: 0.0606720 seconds
234.227: Application time: 0.0767350 seconds
234.290: [GC [PSYoungGen: 15163K->1149K(15360K)] 36376K->22369K(50688K), 0.0006780 secs] [Times: user=0.00 sys=0.00, real=0.00 secs] 
234.291: Total time for which application threads were stopped: 0.0638010 seconds, Stopping threads took: 0.0630320 seconds
234.367: Application time: 0.0766840 seconds
234.423: [GC [PSYoungGen: 14448K->1587K(15360K)] 35669K->22816K(50688K), 0.0009740 secs] [Times: user=0.00 sys=0.00, real=0.00 secs] 
234.424: Total time for which application threads were stopped: 0.0563800 seconds, Stopping threads took: 0.0553130 seconds
234.500: Application time: 0.0759950 seconds
234.553: [GC [PSYoungGen: 14867K->1849K(15360K)] 36096K->23085K(50688K), 0.0009320 secs] [Times: user=0.00 sys=0.00, real=0.00 secs] 
234.554: Total time for which application threads were stopped: 0.0539790 seconds, Stopping threads took: 0.0529780 seconds
234.632: Application time: 0.0783790 seconds
234.692: [GC [PSYoungGen: 15147K->1865K(15360K)] 36384K->23492K(50688K), 0.0009040 secs] [Times: user=0.01 sys=0.00, real=0.00 secs] 
234.693: Total time for which application threads were stopped: 0.0606210 seconds, Stopping threads took: 0.0596340 seconds
234.768: Application time: 0.0755830 seconds
234.833: [GC [PSYoungGen: 15125K->1328K(15360K)] 36752K->22955K(50688K), 0.0007110 secs] [Times: user=0.00 sys=0.00, real=0.00 secs] 
234.834: Total time for which application threads were stopped: 0.0651780 seconds, Stopping threads took: 0.0643920 seconds
234.911: Application time: 0.0776320 seconds
234.965: [GC [PSYoungGen: 14510K->1556K(15360K)] 36137K->23183K(50688K), 0.0007970 secs] [Times: user=0.01 sys=0.00, real=0.00 secs] 
234.965: Total time for which application threads were stopped: 0.0541680 seconds, Stopping threads took: 0.0532750 seconds
235.042: Application time: 0.0765390 seconds
235.104: [GC [PSYoungGen: 14855K->1962K(15360K)] 36482K->23597K(50688K), 0.0009090 secs] [Times: user=0.00 sys=0.00, real=0.00 secs] 
235.105: Total time for which application threads were stopped: 0.0626030 seconds, Stopping threads took: 0.0616220 seconds
235.183: Application time: 0.0784480 seconds
235.234: [GC [PSYoungGen: 15144K->1978K(15360K)] 36779K->23809K(50688K), 0.0008370 secs] [Times: user=0.01 sys=0.00, real=0.00 secs] 
235.235: Total time for which application threads were stopped: 0.0517330 seconds, Stopping threads took: 0.0508130 seconds
235.314: Application time: 0.0792980 seconds
235.378: [GC [PSYoungGen: 15219K->1149K(15360K)] 37049K->22979K(50688K), 0.0008830 secs] [Times: user=0.00 sys=0.00, real=0.00 secs] 
235.378: Total time for which application threads were stopped: 0.0643970 seconds, Stopping threads took: 0.0634190 seconds
235.454: Application time: 0.0758310 seconds
235.503: [GC [PSYoungGen: 14448K->1865K(15360K)] 36278K->24492K(50688K), 0.0011080 secs] [Times: user=0.01 sys=0.00, real=0.00 secs] 
235.504: Total time for which application threads were stopped: 0.0501220 seconds, Stopping threads took: 0.0489270 seconds
235.581: Application time: 0.0769380 seconds
235.650: [GC [PSYoungGen: 15066K->710K(15360K)] 37694K->23346K(50688K), 0.0005600 secs] [Times: user=0.00 sys=0.00, real=0.00 secs] 
235.650: Total time for which application threads were stopped: 0.0690750 seconds, Stopping threads took: 0.0684280 seconds
235.728: Application time: 0.0779050 seconds
235.788: [GC [PSYoungGen: 14009K->1181K(15360K)] 36645K->23817K(50688K), 0.0007540 secs] [Times: user=0.01 sys=0.00, real=0.00 secs] 
235.789: Total time for which application threads were stopped: 0.0608100 seconds, Stopping threads took: 0.0599610 seconds
235.865: Application time: 0.0758930 seconds
235.926: [GC [PSYoungGen: 14480K->1572K(15360K)] 37116K->24215K(50688K), 0.0007360 secs] [Times: user=0.00 sys=0.00, real=0.00 secs] 
235.926: Total time for which application threads were stopped: 0.0613140 seconds, Stopping threads took: 0.0604860 seconds
236.005: Application time: 0.0789940 seconds
236.064: [GC [PSYoungGen: 14812K->1653K(15360K)] 37456K->24297K(50688K), 0.0007490 secs] [Times: user=0.00 sys=0.00, real=0.00 secs] 
236.065: Total time for which application threads were stopped: 0.0594990 seconds, Stopping threads took: 0.0586820 seconds
236.140: Application time: 0.0755540 seconds
236.205: [GC [PSYoungGen: 14835K->758K(15360K)] 37479K->23410K(50688K), 0.0005070 secs] [Times: user=0.00 sys=0.00, real=0.00 secs] 
236.205: Total time for which application threads were stopped: 0.0648790 seconds, Stopping threads took: 0.0643020 seconds
236.285: Application time: 0.0800030 seconds
236.342: [GC [PSYoungGen: 14057K->1165K(15360K)] 36709K->23817K(50688K), 0.0006220 secs] [Times: user=0.00 sys=0.00, real=0.00 secs] 
236.343: Total time for which application threads were stopped: 0.0578130 seconds, Stopping threads took: 0.0571100 seconds
236.420: Application time: 0.0769020 seconds
236.481: [GC [PSYoungGen: 14366K->320K(15360K)] 37018K->22971K(50688K), 0.0004760 secs] [Times: user=0.00 sys=0.00, real=0.00 secs] 
236.481: Total time for which application threads were stopped: 0.0612070 seconds, Stopping threads took: 0.0606590 seconds
236.557: Application time: 0.0761390 seconds
236.594: [GC [PSYoungGen: 13599K->1767K(15360K)] 36251K->24427K(50688K), 0.0008520 secs] [Times: user=0.00 sys=0.00, real=0.00 secs] 
236.595: Total time for which application threads were stopped: 0.0371710 seconds, Stopping threads took: 0.0362220 seconds
236.671: Application time: 0.0762340 seconds
236.730: [GC [PSYoungGen: 15027K->1978K(15360K)] 37687K->24638K(50688K), 0.0008540 secs] [Times: user=0.01 sys=0.00, real=0.00 secs] 
236.731: Total time for which application threads were stopped: 0.0602810 seconds, Stopping threads took: 0.0593530 seconds
236.809: Application time: 0.0783750 seconds
236.875: [GC [PSYoungGen: 15179K->1165K(15360K)] 37839K->23833K(50688K), 0.0006000 secs] [Times: user=0.00 sys=0.00, real=0.00 secs] 
236.876: Total time for which application threads were stopped: 0.0665220 seconds, Stopping threads took: 0.0658430 seconds
236.953: Application time: 0.0774730 seconds
237.016: [GC [PSYoungGen: 14347K->1376K(15360K)] 37015K->24052K(50688K), 0.0007150 secs] [Times: user=0.00 sys=0.00, real=0.00 secs] 
237.016: Total time for which application threads were stopped: 0.0628660 seconds, Stopping threads took: 0.0620780 seconds
237.095: Application time: 0.0791710 seconds
237.148: [GC [PSYoungGen: 14675K->1783K(15360K)] 37351K->24459K(50688K), 0.0010400 secs] [Times: user=0.00 sys=0.00, real=0.00 secs] 
237.149: Total time for which application threads were stopped: 0.0536950 seconds, Stopping threads took: 0.0525650 seconds
237.227: Application time: 0.0782640 seconds
237.290: [GC [PSYoungGen: 15062K->970K(15360K)] 37738K->23653K(50688K), 0.0005440 secs] [Times: user=0.01 sys=0.00, real=0.00 secs] 
237.290: Total time for which application threads were stopped: 0.0628540 seconds, Stopping threads took: 0.0622390 seconds
237.367: Application time: 0.0765030 seconds
237.429: [GC [PSYoungGen: 14269K->1360K(15360K)] 36952K->24052K(50688K), 0.0008340 secs] [Times: user=0.00 sys=0.00, real=0.00 secs] 
237.430: Total time for which application threads were stopped: 0.0633170 seconds, Stopping threads took: 0.0623950 seconds
237.507: Application time: 0.0772070 seconds
237.566: [GC [PSYoungGen: 14640K->547K(15360K)] 37332K->23239K(50688K), 0.0004810 secs] [Times: user=0.00 sys=0.00, real=0.01 secs] 
237.568: Total time for which application threads were stopped: 0.0604770 seconds, Stopping threads took: 0.0588510 seconds
237.644: Application time: 0.0759610 seconds
237.692: [GC [PSYoungGen: 13729K->1994K(15360K)] 36421K->25663K(50688K), 0.0013180 secs] [Times: user=0.01 sys=0.00, real=0.00 secs] 
237.694: Total time for which application threads were stopped: 0.0499780 seconds, Stopping threads took: 0.0485860 seconds
237.769: Application time: 0.0753070 seconds
237.834: [GC [PSYoungGen: 15156K->1962K(15360K)] 38825K->25631K(50688K), 0.0008660 secs] [Times: user=0.00 sys=0.00, real=0.00 secs] 
237.835: Total time for which application threads were stopped: 0.0655570 seconds, Stopping threads took: 0.0646210 seconds
237.913: Application time: 0.0784810 seconds
237.970: [GC [PSYoungGen: 15261K->1978K(15360K)] 38930K->26037K(50688K), 0.0008990 secs] [Times: user=0.01 sys=0.00, real=0.00 secs] 
237.971: Total time for which application threads were stopped: 0.0578950 seconds, Stopping threads took: 0.0569130 seconds
238.050: Application time: 0.0786390 seconds
238.118: [GC [PSYoungGen: 15277K->563K(15360K)] 39336K->24630K(50688K), 0.0004880 secs] [Times: user=0.00 sys=0.00, real=0.00 secs] 
238.118: Total time for which application threads were stopped: 0.0685960 seconds, Stopping threads took: 0.0680340 seconds
238.196: Application time: 0.0780460 seconds
238.257: [GC [PSYoungGen: 13706K->515K(15360K)] 37773K->24590K(50688K), 0.0005120 secs] [Times: user=0.00 sys=0.00, real=0.00 secs] 
238.257: Total time for which application threads were stopped: 0.0607870 seconds, Stopping threads took: 0.0601810 seconds
238.333: Application time: 0.0760100 seconds
238.395: [GC [PSYoungGen: 13716K->1946K(15360K)] 37791K->26021K(50688K), 0.0009450 secs] [Times: user=0.00 sys=0.00, real=0.01 secs] 
238.396: Total time for which application threads were stopped: 0.0627330 seconds, Stopping threads took: 0.0616930 seconds
238.474: Application time: 0.0785510 seconds
238.526: [GC [PSYoungGen: 15245K->1946K(15360K)] 39320K->26412K(50688K), 0.0009880 secs] [Times: user=0.00 sys=0.00, real=0.00 secs] 
238.527: Total time for which application threads were stopped: 0.0523560 seconds, Stopping threads took: 0.0512810 seconds
238.603: Application time: 0.0763630 seconds
238.666: [GC [PSYoungGen: 15226K->2044K(15360K)] 39691K->27104K(50688K), 0.0010080 secs] [Times: user=0.00 sys=0.00, real=0.00 secs] 
238.667: Total time for which application threads were stopped: 0.0639000 seconds, Stopping threads took: 0.0627950 seconds
238.743: Application time: 0.0763590 seconds
238.809: [GC [PSYoungGen: 15343K->1978K(15360K)] 40402K->27046K(50688K), 0.0010970 secs] [Times: user=0.01 sys=0.00, real=0.00 secs] 
238.810: Total time for which application threads were stopped: 0.0667940 seconds, Stopping threads took: 0.0656030 seconds
238.887: Application time: 0.0770410 seconds
238.939: [GC [PSYoungGen: 15258K->2028K(15360K)] 40325K->27291K(50688K), 0.0009580 secs] [Times: user=0.01 sys=0.00, real=0.00 secs] 
238.940: Total time for which application threads were stopped: 0.0526040 seconds, Stopping threads took: 0.0515720 seconds
239.016: Application time: 0.0762210 seconds
239.082: [GC [PSYoungGen: 15327K->1524K(15360K)] 40590K->26795K(50688K), 0.0007990 secs] [Times: user=0.01 sys=0.00, real=0.00 secs] 
239.083: Total time for which application threads were stopped: 0.0671970 seconds, Stopping threads took: 0.0663110 seconds
239.160: Application time: 0.0772070 seconds
239.225: [GC [PSYoungGen: 14803K->742K(15360K)] 40074K->26013K(50688K), 0.0006080 secs] [Times: user=0.00 sys=0.00, real=0.00 secs] 
239.225: Total time for which application threads were stopped: 0.0647600 seconds, Stopping threads took: 0.0640790 seconds
239.304: Application time: 0.0785570 seconds
239.357: [GC [PSYoungGen: 13729K->774K(15360K)] 39000K->26053K(50688K), 0.0005010 secs] [Times: user=0.00 sys=0.00, real=0.00 secs] 
239.357: Total time for which application threads were stopped: 0.0535320 seconds, Stopping threads took: 0.0529660 seconds
239.434: Application time: 0.0763380 seconds
239.494: [GC [PSYoungGen: 13761K->774K(15360K)] 39040K->26053K(50688K), 0.0005210 secs] [Times: user=0.00 sys=0.00, real=0.00 secs] 
239.494: Total time for which application threads were stopped: 0.0606750 seconds, Stopping threads took: 0.0600920 seconds
239.573: Application time: 0.0789050 seconds
239.627: [GC [PSYoungGen: 13761K->758K(15360K)] 39040K->26045K(50688K), 0.0005280 secs] [Times: user=0.00 sys=0.00, real=0.00 secs] 
239.627: Total time for which application threads were stopped: 0.0538200 seconds, Stopping threads took: 0.0532160 seconds
239.705: Application time: 0.0775470 seconds
239.757: [GC [PSYoungGen: 13940K->954K(15360K)] 39227K->26249K(50688K), 0.0005760 secs] [Times: user=0.00 sys=0.00, real=0.00 secs] 
239.757: Total time for which application threads were stopped: 0.0527270 seconds, Stopping threads took: 0.0520770 seconds
239.836: Application time: 0.0785580 seconds
239.894: [GC [PSYoungGen: 14135K->1197K(15360K)] 39430K->26500K(50688K), 0.0006170 secs] [Times: user=0.00 sys=0.00, real=0.00 secs] 
239.895: Total time for which application threads were stopped: 0.0589190 seconds, Stopping threads took: 0.0582370 seconds
239.973: Application time: 0.0786040 seconds
240.036: [GC [PSYoungGen: 14398K->320K(15360K)] 39701K->25623K(50688K), 0.0005780 secs] [Times: user=0.00 sys=0.00, real=0.00 secs] 
240.037: Total time for which application threads were stopped: 0.0635870 seconds, Stopping threads took: 0.0629420 seconds
240.112: Application time: 0.0750140 seconds
240.146: [GC [PSYoungGen: 13482K->1555K(15360K)] 38785K->26858K(50688K), 0.0007440 secs] [Times: user=0.00 sys=0.01, real=0.00 secs] 
240.147: Total time for which application threads were stopped: 0.0349110 seconds, Stopping threads took: 0.0340880 seconds
240.224: Application time: 0.0771100 seconds
240.287: [GC [PSYoungGen: 14835K->758K(15360K)] 40138K->26069K(50688K), 0.0005370 secs] [Times: user=0.01 sys=0.00, real=0.01 secs] 
240.288: Total time for which application threads were stopped: 0.0634510 seconds, Stopping threads took: 0.0628380 seconds
240.366: Application time: 0.0788670 seconds
240.425: [GC [PSYoungGen: 14057K->1133K(15360K)] 39368K->26444K(50688K), 0.0007980 secs] [Times: user=0.00 sys=0.00, real=0.00 secs] 
240.426: Total time for which application threads were stopped: 0.0594690 seconds, Stopping threads took: 0.0586040 seconds
240.503: Application time: 0.0771230 seconds
240.564: [GC [PSYoungGen: 14413K->320K(15360K)] 39724K->25631K(50688K), 0.0006470 secs] [Times: user=0.01 sys=0.00, real=0.00 secs] 
240.565: Total time for which application threads were stopped: 0.0616020 seconds, Stopping threads took: 0.0608670 seconds
240.641: Application time: 0.0760720 seconds
240.681: [GC [PSYoungGen: 13521K->1751K(15360K)] 38832K->27070K(50688K), 0.0009010 secs] [Times: user=0.00 sys=0.00, real=0.00 secs] 
240.682: Total time for which application threads were stopped: 0.0409340 seconds, Stopping threads took: 0.0399330 seconds
240.760: Application time: 0.0780650 seconds
240.825: [GC [PSYoungGen: 14952K->986K(15360K)] 40271K->26305K(50688K), 0.0005650 secs] [Times: user=0.00 sys=0.00, real=0.00 secs] 
240.825: Total time for which application threads were stopped: 0.0655530 seconds, Stopping threads took: 0.0649190 seconds
240.904: Application time: 0.0786280 seconds
240.962: [GC [PSYoungGen: 14285K->1360K(15360K)] 39604K->26687K(50688K), 0.0006320 secs] [Times: user=0.00 sys=0.00, real=0.00 secs] 
240.962: Total time for which application threads were stopped: 0.0585350 seconds, Stopping threads took: 0.0578390 seconds
241.039: Application time: 0.0764450 seconds
241.086: [GC [PSYoungGen: 14620K->1881K(15360K)] 39947K->27989K(50688K), 0.0010070 secs] [Times: user=0.01 sys=0.00, real=0.01 secs] 
241.087: Total time for which application threads were stopped: 0.0485160 seconds, Stopping threads took: 0.0474340 seconds
241.166: Application time: 0.0785550 seconds
241.233: [GC [PSYoungGen: 15043K->1930K(15360K)] 41151K->28828K(50688K), 0.0010550 secs] [Times: user=0.00 sys=0.00, real=0.00 secs] 
241.234: Total time for which application threads were stopped: 0.0678430 seconds, Stopping threads took: 0.0667020 seconds
241.327: Application time: 0.0931350 seconds
241.401: [GC [PSYoungGen: 15210K->1930K(15360K)] 42107K->28836K(50688K), 0.0008170 secs] [Times: user=0.01 sys=0.00, real=0.00 secs] 
241.402: Total time for which application threads were stopped: 0.0753930 seconds, Stopping threads took: 0.0744980 seconds
241.486: Application time: 0.0839850 seconds
241.555: [GC [PSYoungGen: 15131K->1165K(15360K)] 42037K->28078K(50688K), 0.0007020 secs] [Times: user=0.00 sys=0.00, real=0.01 secs] 
241.556: Total time for which application threads were stopped: 0.0695290 seconds, Stopping threads took: 0.0687520 seconds
241.638: Application time: 0.0826780 seconds
241.704: [GC [PSYoungGen: 14347K->1344K(15360K)] 41261K->28266K(50688K), 0.0007090 secs] [Times: user=0.00 sys=0.00, real=0.00 secs] 
241.705: Total time for which application threads were stopped: 0.0665580 seconds, Stopping threads took: 0.0657700 seconds
241.791: Application time: 0.0858330 seconds
241.855: [GC [PSYoungGen: 14604K->1524K(15360K)] 41526K->28453K(50688K), 0.0007390 secs] [Times: user=0.00 sys=0.00, real=0.01 secs] 
241.856: Total time for which application threads were stopped: 0.0646290 seconds, Stopping threads took: 0.0638090 seconds
241.938: Application time: 0.0829300 seconds
242.011: [GC [PSYoungGen: 14725K->742K(15360K)] 41654K->27680K(50688K), 0.0005510 secs] [Times: user=0.00 sys=0.00, real=0.00 secs] 
242.012: Total time for which application threads were stopped: 0.0735950 seconds, Stopping threads took: 0.0729730 seconds
242.095: Application time: 0.0833630 seconds
242.147: [GC [PSYoungGen: 14041K->1133K(15360K)] 40979K->28070K(50688K), 0.0008200 secs] [Times: user=0.00 sys=0.00, real=0.00 secs] 
242.148: Total time for which application threads were stopped: 0.0528770 seconds, Stopping threads took: 0.0519830 seconds
242.231: Application time: 0.0830630 seconds
242.292: [GC [PSYoungGen: 14432K->1524K(15360K)] 41369K->28477K(50688K), 0.0007890 secs] [Times: user=0.01 sys=0.00, real=0.00 secs] 
242.293: Total time for which application threads were stopped: 0.0612520 seconds, Stopping threads took: 0.0603900 seconds
242.376: Application time: 0.0834940 seconds
242.442: [GC [PSYoungGen: 14725K->710K(15360K)] 41678K->27680K(50688K), 0.0005250 secs] [Times: user=0.00 sys=0.00, real=0.00 secs] 
242.443: Total time for which application threads were stopped: 0.0664940 seconds, Stopping threads took: 0.0658900 seconds
242.527: Application time: 0.0840010 seconds
242.588: [GC [PSYoungGen: 13697K->742K(15360K)] 40666K->27712K(50688K), 0.0005440 secs] [Times: user=0.00 sys=0.00, real=0.00 secs] 
242.590: Total time for which application threads were stopped: 0.0633950 seconds, Stopping threads took: 0.0617980 seconds
242.675: Application time: 0.0845850 seconds
242.741: [GC [PSYoungGen: 13963K->774K(15360K)] 40933K->27760K(50688K), 0.0005030 secs] [Times: user=0.00 sys=0.00, real=0.00 secs] 
242.742: Total time for which application threads were stopped: 0.0670800 seconds, Stopping threads took: 0.0665100 seconds
242.826: Application time: 0.0842970 seconds
242.885: [GC [PSYoungGen: 14073K->1213K(15360K)] 41059K->28198K(50688K), 0.0008880 secs] [Times: user=0.01 sys=0.00, real=0.00 secs] 
242.886: Total time for which application threads were stopped: 0.0596500 seconds, Stopping threads took: 0.0586930 seconds
242.970: Application time: 0.0840530 seconds
243.045: [GC [PSYoungGen: 14414K->336K(15360K)] 41400K->27321K(50688K), 0.0007860 secs] [Times: user=0.00 sys=0.00, real=0.00 secs] 
243.046: Total time for which application threads were stopped: 0.0760360 seconds, Stopping threads took: 0.0751440 seconds
243.127: Application time: 0.0815920 seconds
243.164: [GC [PSYoungGen: 13635K->1978K(15360K)] 40620K->29940K(50688K), 0.0014260 secs] [Times: user=0.01 sys=0.00, real=0.00 secs] 
243.166: Total time for which application threads were stopped: 0.0383280 seconds, Stopping threads took: 0.0368050 seconds
243.249: Application time: 0.0830620 seconds
243.324: [GC [PSYoungGen: 15258K->1767K(15360K)] 43220K->30128K(50688K), 0.0009120 secs] [Times: user=0.01 sys=0.00, real=0.00 secs] 
243.325: Total time for which application threads were stopped: 0.0765600 seconds, Stopping threads took: 0.0755510 seconds
243.411: Application time: 0.0852170 seconds
243.477: [GC [PSYoungGen: 15046K->1312K(15360K)] 43407K->29681K(50688K), 0.0008080 secs] [Times: user=0.00 sys=0.00, real=0.00 secs] 
243.478: Total time for which application threads were stopped: 0.0673470 seconds, Stopping threads took: 0.0664410 seconds
243.562: Application time: 0.0841310 seconds
243.631: [GC [PSYoungGen: 14514K->563K(15360K)] 42883K->28940K(50688K), 0.0005810 secs] [Times: user=0.00 sys=0.00, real=0.00 secs] 
243.632: Total time for which application threads were stopped: 0.0697690 seconds, Stopping threads took: 0.0691020 seconds
243.715: Application time: 0.0830630 seconds
243.769: [GC [PSYoungGen: 13745K->806K(15360K)] 42122K->29183K(50688K), 0.0008030 secs] [Times: user=0.00 sys=0.00, real=0.00 secs] 
243.770: Total time for which application threads were stopped: 0.0548740 seconds, Stopping threads took: 0.0539740 seconds
243.855: Application time: 0.0855790 seconds
243.921: [GC [PSYoungGen: 13793K->710K(15360K)] 42170K->29095K(50688K), 0.0009190 secs] [Times: user=0.00 sys=0.00, real=0.00 secs] 
243.922: Total time for which application threads were stopped: 0.0670870 seconds, Stopping threads took: 0.0660710 seconds
244.007: Application time: 0.0847720 seconds
244.073: [GC [PSYoungGen: 14009K->1165K(15360K)] 42394K->29558K(50688K), 0.0007160 secs] [Times: user=0.00 sys=0.00, real=0.00 secs] 
244.074: Total time for which application threads were stopped: 0.0668790 seconds, Stopping threads took: 0.0660820 seconds
244.158: Application time: 0.0838450 seconds
244.215: [GC [PSYoungGen: 14347K->1312K(15360K)] 42739K->29705K(50688K), 0.0006930 secs] [Times: user=0.00 sys=0.00, real=0.01 secs] 
244.216: Total time for which application threads were stopped: 0.0578000 seconds, Stopping threads took: 0.0570220 seconds
244.298: Application time: 0.0823540 seconds
244.353: [GC [PSYoungGen: 14513K->1637K(15360K)] 42906K->30030K(50688K), 0.0008090 secs] [Times: user=0.01 sys=0.00, real=0.00 secs] 
244.354: Total time for which application threads were stopped: 0.0560150 seconds, Stopping threads took: 0.0551290 seconds
244.440: Application time: 0.0855960 seconds
244.508: [GC [PSYoungGen: 14948K->710K(15360K)] 43340K->29103K(50688K), 0.0006390 secs] [Times: user=0.00 sys=0.00, real=0.00 secs] 
244.509: Total time for which application threads were stopped: 0.0688800 seconds, Stopping threads took: 0.0681700 seconds
244.594: Application time: 0.0851870 seconds
244.657: [GC [PSYoungGen: 13647K->1865K(15360K)] 42040K->30257K(50688K), 0.0008230 secs] [Times: user=0.01 sys=0.00, real=0.00 secs] 
244.657: Total time for which application threads were stopped: 0.0636780 seconds, Stopping threads took: 0.0627840 seconds
244.742: Application time: 0.0841620 seconds
244.811: [GC [PSYoungGen: 14929K->758K(15360K)] 43322K->29159K(50688K), 0.0005350 secs] [Times: user=0.00 sys=0.01, real=0.00 secs] 
244.812: Total time for which application threads were stopped: 0.0699590 seconds, Stopping threads took: 0.0693210 seconds
244.896: Application time: 0.0843980 seconds
244.962: [GC [PSYoungGen: 14057K->1165K(15360K)] 42458K->29574K(50688K), 0.0006980 secs] [Times: user=0.00 sys=0.00, real=0.00 secs] 
244.963: Total time for which application threads were stopped: 0.0666580 seconds, Stopping threads took: 0.0658810 seconds
245.046: Application time: 0.0834620 seconds
245.117: [GC [PSYoungGen: 14445K->304K(15360K)] 42853K->28712K(50688K), 0.0004600 secs] [Times: user=0.00 sys=0.00, real=0.00 secs] 
245.117: Total time for which application threads were stopped: 0.0710550 seconds, Stopping threads took: 0.0705210 seconds
245.194: Application time: 0.0772790 seconds
245.228: [GC [PSYoungGen: 13505K->1703K(15360K)] 41914K->30112K(50688K), 0.0007390 secs] [Times: user=0.00 sys=0.00, real=0.00 secs] 
245.229: Total time for which application threads were stopped: 0.0342750 seconds, Stopping threads took: 0.0334670 seconds
245.307: Application time: 0.0779430 seconds
245.372: [GC [PSYoungGen: 14904K->1002K(15360K)] 43313K->29410K(50688K), 0.0007430 secs] [Times: user=0.00 sys=0.00, real=0.00 secs] 
245.372: Total time for which application threads were stopped: 0.0657330 seconds, Stopping threads took: 0.0649090 seconds
245.450: Application time: 0.0779120 seconds
245.509: [GC [PSYoungGen: 14183K->1165K(15360K)] 42592K->29582K(50688K), 0.0006350 secs] [Times: user=0.00 sys=0.00, real=0.00 secs] 
245.510: Total time for which application threads were stopped: 0.0596160 seconds, Stopping threads took: 0.0589150 seconds
245.587: Application time: 0.0772580 seconds
245.654: [GC [PSYoungGen: 14464K->1588K(15360K)] 42881K->30012K(50688K), 0.0007740 secs] [Times: user=0.01 sys=0.01, real=0.00 secs] 
245.655: Total time for which application threads were stopped: 0.0678360 seconds, Stopping threads took: 0.0669810 seconds
245.732: Application time: 0.0768140 seconds
245.783: [GC [PSYoungGen: 14867K->1849K(15360K)] 43292K->30273K(50688K), 0.0009130 secs] [Times: user=0.00 sys=0.00, real=0.00 secs] 
245.784: Total time for which application threads were stopped: 0.0518010 seconds, Stopping threads took: 0.0508170 seconds
245.861: Application time: 0.0769210 seconds
245.913: [GC [PSYoungGen: 14913K->1849K(15360K)] 43338K->30281K(50688K), 0.0008350 secs] [Times: user=0.01 sys=0.00, real=0.00 secs] 
245.914: Total time for which application threads were stopped: 0.0532870 seconds, Stopping threads took: 0.0523700 seconds
245.991: Application time: 0.0776880 seconds
246.056: [GC [PSYoungGen: 14835K->774K(15360K)] 43268K->29215K(50688K), 0.0005140 secs] [Times: user=0.00 sys=0.00, real=0.00 secs] 
246.057: Total time for which application threads were stopped: 0.0652660 seconds, Stopping threads took: 0.0646790 seconds
246.135: Application time: 0.0786700 seconds
246.194: [GC [PSYoungGen: 14073K->1181K(15360K)] 42514K->29622K(50688K), 0.0006330 secs] [Times: user=0.00 sys=0.00, real=0.00 secs] 
246.194: Total time for which application threads were stopped: 0.0588220 seconds, Stopping threads took: 0.0581170 seconds
246.271: Application time: 0.0772170 seconds
246.320: [GC [PSYoungGen: 14441K->1328K(15360K)] 42882K->29777K(50688K), 0.0007600 secs] [Times: user=0.01 sys=0.00, real=0.00 secs] 
246.321: Total time for which application threads were stopped: 0.0493320 seconds, Stopping threads took: 0.0485000 seconds
246.399: Application time: 0.0782150 seconds
246.458: [GC [PSYoungGen: 14627K->1703K(15360K)] 43076K->30152K(50688K), 0.0008920 secs] [Times: user=0.00 sys=0.00, real=0.00 secs] 
246.459: Total time for which application threads were stopped: 0.0596130 seconds, Stopping threads took: 0.0586440 seconds
246.536: Application time: 0.0769630 seconds
246.600: [GC [PSYoungGen: 14787K->758K(15360K)] 43236K->29223K(50688K), 0.0005670 secs] [Times: user=0.00 sys=0.00, real=0.00 secs] 
246.601: Total time for which application threads were stopped: 0.0651840 seconds, Stopping threads took: 0.0645440 seconds
246.679: Application time: 0.0786050 seconds
246.740: [GC [PSYoungGen: 13745K->726K(15360K)] 42210K->29191K(50688K), 0.0006690 secs] [Times: user=0.00 sys=0.00, real=0.00 secs] 
246.741: Total time for which application threads were stopped: 0.0613910 seconds, Stopping threads took: 0.0606270 seconds
246.818: Application time: 0.0775510 seconds
246.870: [GC [PSYoungGen: 14025K->1149K(15360K)] 42490K->29622K(50688K), 0.0008770 secs] [Times: user=0.00 sys=0.00, real=0.00 secs] 
246.871: Total time for which application threads were stopped: 0.0523450 seconds, Stopping threads took: 0.0513770 seconds
246.947: Application time: 0.0765650 seconds
247.012: [GC [PSYoungGen: 14350K->384K(15360K)] 42823K->28856K(50688K), 0.0006410 secs] [Times: user=0.00 sys=0.00, real=0.00 secs] 
247.013: Total time for which application threads were stopped: 0.0655980 seconds, Stopping threads took: 0.0648670 seconds
247.089: Application time: 0.0761080 seconds
247.151: [GC [PSYoungGen: 13565K->1669K(15360K)] 42038K->30150K(50688K), 0.0008430 secs] [Times: user=0.01 sys=0.00, real=0.00 secs] 
247.152: Total time for which application threads were stopped: 0.0625660 seconds, Stopping threads took: 0.0616520 seconds
247.230: Application time: 0.0788260 seconds
247.293: [GC [PSYoungGen: 14851K->742K(15360K)] 43332K->29223K(50688K), 0.0010610 secs] [Times: user=0.01 sys=0.00, real=0.00 secs] 
247.294: Total time for which application threads were stopped: 0.0641170 seconds, Stopping threads took: 0.0629640 seconds
247.374: Application time: 0.0798610 seconds
247.433: [GC [PSYoungGen: 13924K->938K(15360K)] 42405K->29418K(50688K), 0.0005780 secs] [Times: user=0.01 sys=0.00, real=0.00 secs] 
247.434: Total time for which application threads were stopped: 0.0592620 seconds, Stopping threads took: 0.0586100 seconds
247.511: Application time: 0.0773990 seconds
247.573: [GC [PSYoungGen: 14119K->1133K(15360K)] 42600K->29622K(50688K), 0.0008370 secs] [Times: user=0.01 sys=0.00, real=0.00 secs] 
247.573: Total time for which application threads were stopped: 0.0623750 seconds, Stopping threads took: 0.0614640 seconds
247.651: Application time: 0.0771520 seconds
247.718: [GC [PSYoungGen: 14334K->288K(15360K)] 42823K->28776K(50688K), 0.0004280 secs] [Times: user=0.01 sys=0.00, real=0.00 secs] 
247.719: Total time for which application threads were stopped: 0.0680720 seconds, Stopping threads took: 0.0675520 seconds
247.794: Application time: 0.0755050 seconds
247.828: [GC [PSYoungGen: 13450K->1572K(15360K)] 41939K->30068K(50688K), 0.0007510 secs] [Times: user=0.01 sys=0.00, real=0.00 secs] 
247.828: Total time for which application threads were stopped: 0.0341590 seconds, Stopping threads took: 0.0333380 seconds
247.907: Application time: 0.0790220 seconds
247.966: [GC [PSYoungGen: 14831K->1735K(15360K)] 43328K->30240K(50688K), 0.0007250 secs] [Times: user=0.00 sys=0.00, real=0.00 secs] 
247.967: Total time for which application threads were stopped: 0.0595030 seconds, Stopping threads took: 0.0587130 seconds
248.044: Application time: 0.0776190 seconds
248.102: [GC [PSYoungGen: 14936K->970K(15360K)] 43441K->29482K(50688K), 0.0006350 secs] [Times: user=0.00 sys=0.00, real=0.00 secs] 
248.103: Total time for which application threads were stopped: 0.0580530 seconds, Stopping threads took: 0.0573270 seconds
248.181: Application time: 0.0782190 seconds
248.242: [GC [PSYoungGen: 14269K->1376K(15360K)] 42781K->29889K(50688K), 0.0009380 secs] [Times: user=0.01 sys=0.00, real=0.00 secs] 
248.243: Total time for which application threads were stopped: 0.0622000 seconds, Stopping threads took: 0.0611690 seconds
248.321: Application time: 0.0782690 seconds
248.369: [GC [PSYoungGen: 14675K->1767K(15360K)] 43188K->30288K(50688K), 0.0008180 secs] [Times: user=0.00 sys=0.00, real=0.00 secs] 
248.369: Total time for which application threads were stopped: 0.0482470 seconds, Stopping threads took: 0.0473620 seconds
248.445: Application time: 0.0758860 seconds
248.494: [GC [PSYoungGen: 14968K->2028K(15360K)] 43489K->30549K(50688K), 0.0008790 secs] [Times: user=0.01 sys=0.00, real=0.00 secs] 
248.494: Total time for which application threads were stopped: 0.0490870 seconds, Stopping threads took: 0.0481380 seconds
248.574: Application time: 0.0796290 seconds
248.633: [GC [PSYoungGen: 15210K->1980K(15360K)] 43731K->30704K(50688K), 0.0009180 secs] [Times: user=0.01 sys=0.00, real=0.00 secs] 
248.634: Total time for which application threads were stopped: 0.0597260 seconds, Stopping threads took: 0.0587300 seconds
248.710: Application time: 0.0761830 seconds
248.776: [GC [PSYoungGen: 15279K->1556K(15360K)] 44003K->30288K(50688K), 0.0007030 secs] [Times: user=0.00 sys=0.00, real=0.00 secs] 
248.776: Total time for which application threads were stopped: 0.0663000 seconds, Stopping threads took: 0.0655270 seconds
248.856: Application time: 0.0796390 seconds
248.906: [GC [PSYoungGen: 14542K->1572K(15360K)] 43274K->30304K(50688K), 0.0006920 secs] [Times: user=0.01 sys=0.00, real=0.00 secs] 
248.907: Total time for which application threads were stopped: 0.0511560 seconds, Stopping threads took: 0.0503900 seconds
248.987: Application time: 0.0794360 seconds
249.050: [GC [PSYoungGen: 14812K->547K(15360K)] 43545K->29279K(50688K), 0.0006940 secs] [Times: user=0.00 sys=0.00, real=0.00 secs] 
249.050: Total time for which application threads were stopped: 0.0638990 seconds, Stopping threads took: 0.0631200 seconds
249.129: Application time: 0.0783810 seconds
249.189: [GC [PSYoungGen: 13729K->726K(15360K)] 42461K->29466K(50688K), 0.0006360 secs] [Times: user=0.00 sys=0.00, real=0.00 secs] 
249.189: Total time for which application threads were stopped: 0.0604860 seconds, Stopping threads took: 0.0597560 seconds
249.274: Application time: 0.0846340 seconds
249.339: [GC [PSYoungGen: 13713K->774K(15360K)] 42453K->29522K(50688K), 0.0005560 secs] [Times: user=0.00 sys=0.00, real=0.00 secs] 
249.339: Total time for which application threads were stopped: 0.0652970 seconds, Stopping threads took: 0.0646600 seconds
249.423: Application time: 0.0839590 seconds
249.482: [GC [PSYoungGen: 13878K->986K(15360K)] 42626K->29742K(50688K), 0.0005810 secs] [Times: user=0.01 sys=0.00, real=0.00 secs] 
249.483: Total time for which application threads were stopped: 0.0597750 seconds, Stopping threads took: 0.0591270 seconds
249.566: Application time: 0.0834700 seconds
249.631: [GC [PSYoungGen: 14285K->1312K(15360K)] 43041K->30076K(50688K), 0.0007540 secs] [Times: user=0.00 sys=0.00, real=0.00 secs] 
249.632: Total time for which application threads were stopped: 0.0654080 seconds, Stopping threads took: 0.0645810 seconds
249.715: Application time: 0.0827940 seconds
249.760: [GC [PSYoungGen: 14592K->1669K(15360K)] 43356K->30433K(50688K), 0.0010250 secs] [Times: user=0.01 sys=0.00, real=0.00 secs] 
249.761: Total time for which application threads were stopped: 0.0463040 seconds, Stopping threads took: 0.0451700 seconds
249.844: Application time: 0.0826680 seconds
249.908: [GC [PSYoungGen: 14871K->1978K(15360K)] 43635K->30750K(50688K), 0.0009220 secs] [Times: user=0.01 sys=0.00, real=0.00 secs] 
249.909: Total time for which application threads were stopped: 0.0653860 seconds, Stopping threads took: 0.0643730 seconds
249.993: Application time: 0.0840200 seconds
250.062: [GC [PSYoungGen: 15258K->1133K(15360K)] 44030K->29921K(50688K), 0.0006190 secs] [Times: user=0.00 sys=0.00, real=0.00 secs] 
250.063: Total time for which application threads were stopped: 0.0700580 seconds, Stopping threads took: 0.0693650 seconds
250.146: Application time: 0.0829120 seconds
250.211: [GC [PSYoungGen: 14315K->1344K(15360K)] 43103K->30132K(50688K), 0.0008330 secs] [Times: user=0.00 sys=0.00, real=0.00 secs] 
250.212: Total time for which application threads were stopped: 0.0657640 seconds, Stopping threads took: 0.0648570 seconds
250.295: Application time: 0.0834920 seconds
250.348: [GC [PSYoungGen: 14643K->1751K(15360K)] 43431K->30539K(50688K), 0.0007320 secs] [Times: user=0.00 sys=0.00, real=0.00 secs] 
250.348: Total time for which application threads were stopped: 0.0531110 seconds, Stopping threads took: 0.0522930 seconds
250.432: Application time: 0.0840970 seconds
250.496: [GC [PSYoungGen: 14933K->1914K(15360K)] 43721K->30702K(50688K), 0.0008370 secs] [Times: user=0.01 sys=0.01, real=0.00 secs] 
250.497: Total time for which application threads were stopped: 0.0642520 seconds, Stopping threads took: 0.0633390 seconds
250.580: Application time: 0.0835860 seconds
250.650: [GC [PSYoungGen: 14959K->758K(15360K)] 43748K->29546K(50688K), 0.0005750 secs] [Times: user=0.01 sys=0.00, real=0.00 secs] 
250.650: Total time for which application threads were stopped: 0.0701300 seconds, Stopping threads took: 0.0694820 seconds
250.734: Application time: 0.0835670 seconds
250.799: [GC [PSYoungGen: 14057K->1133K(15360K)] 42845K->29929K(50688K), 0.0009110 secs] [Times: user=0.01 sys=0.00, real=0.00 secs] 
250.800: Total time for which application threads were stopped: 0.0663320 seconds, Stopping threads took: 0.0653240 seconds
250.884: Application time: 0.0834500 seconds
250.940: [GC [PSYoungGen: 14432K->1508K(15360K)] 43228K->30304K(50688K), 0.0008340 secs] [Times: user=0.01 sys=0.00, real=0.00 secs] 
250.941: Total time for which application threads were stopped: 0.0571840 seconds, Stopping threads took: 0.0562410 seconds
251.024: Application time: 0.0827330 seconds
251.089: [GC [PSYoungGen: 14494K->1572K(15360K)] 43290K->30384K(50688K), 0.0007060 secs] [Times: user=0.01 sys=0.00, real=0.00 secs] 
251.089: Total time for which application threads were stopped: 0.0655730 seconds, Stopping threads took: 0.0647850 seconds
251.173: Application time: 0.0841710 seconds
251.227: [GC [PSYoungGen: 14851K->1881K(15360K)] 43663K->30701K(50688K), 0.0008220 secs] [Times: user=0.01 sys=0.00, real=0.00 secs] 
251.228: Total time for which application threads were stopped: 0.0546570 seconds, Stopping threads took: 0.0537540 seconds
251.312: Application time: 0.0835890 seconds
251.380: [GC [PSYoungGen: 14867K->758K(15360K)] 43687K->29586K(50688K), 0.0006360 secs] [Times: user=0.00 sys=0.00, real=0.00 secs] 
251.380: Total time for which application threads were stopped: 0.0687320 seconds, Stopping threads took: 0.0680200 seconds
251.465: Application time: 0.0849580 seconds
251.527: [GC [PSYoungGen: 14057K->1197K(15360K)] 42886K->30033K(50688K), 0.0007300 secs] [Times: user=0.00 sys=0.00, real=0.00 secs] 
251.528: Total time for which application threads were stopped: 0.0625890 seconds, Stopping threads took: 0.0617790 seconds
251.613: Application time: 0.0854110 seconds
251.672: [GC [PSYoungGen: 14398K->1474K(15360K)] 43234K->30310K(50688K), 0.0009110 secs] [Times: user=0.00 sys=0.00, real=0.00 secs] 
251.673: Total time for which application threads were stopped: 0.0593370 seconds, Stopping threads took: 0.0583490 seconds
251.756: Application time: 0.0833740 seconds
251.822: [GC [PSYoungGen: 14480K->1556K(15360K)] 43316K->30392K(50688K), 0.0008190 secs] [Times: user=0.00 sys=0.00, real=0.00 secs] 
251.823: Total time for which application threads were stopped: 0.0671300 seconds, Stopping threads took: 0.0662190 seconds
251.906: Application time: 0.0825530 seconds
251.974: [GC [PSYoungGen: 14796K->531K(15360K)] 43632K->29375K(50688K), 0.0005650 secs] [Times: user=0.01 sys=0.00, real=0.00 secs] 
251.975: Total time for which application threads were stopped: 0.0691720 seconds, Stopping threads took: 0.0685360 seconds
252.059: Application time: 0.0839600 seconds
252.123: [GC [PSYoungGen: 13713K->774K(15360K)] 42557K->29618K(50688K), 0.0005850 secs] [Times: user=0.00 sys=0.00, real=0.00 secs] 
252.124: Total time for which application threads were stopped: 0.0650640 seconds, Stopping threads took: 0.0644000 seconds
252.208: Application time: 0.0842290 seconds
252.274: [GC [PSYoungGen: 13956K->986K(15360K)] 42800K->29838K(50688K), 0.0005870 secs] [Times: user=0.00 sys=0.00, real=0.00 secs] 
252.274: Total time for which application threads were stopped: 0.0661540 seconds, Stopping threads took: 0.0654990 seconds
252.358: Application time: 0.0840400 seconds
252.403: [GC [PSYoungGen: 14285K->1392K(15360K)] 43137K->30252K(50688K), 0.0007320 secs] [Times: user=0.01 sys=0.00, real=0.00 secs] 
252.404: Total time for which application threads were stopped: 0.0455040 seconds, Stopping threads took: 0.0446940 seconds
252.487: Application time: 0.0828720 seconds
252.542: [GC [PSYoungGen: 14574K->1524K(15360K)] 43434K->30384K(50688K), 0.0008790 secs] [Times: user=0.00 sys=0.00, real=0.00 secs] 
252.543: Total time for which application threads were stopped: 0.0562590 seconds, Stopping threads took: 0.0552870 seconds
252.628: Application time: 0.0850880 seconds
252.699: [GC [PSYoungGen: 14725K->758K(15360K)] 43585K->29626K(50688K), 0.0005990 secs] [Times: user=0.00 sys=0.00, real=0.00 secs] 
252.699: Total time for which application threads were stopped: 0.0709930 seconds, Stopping threads took: 0.0702900 seconds
252.783: Application time: 0.0842260 seconds
252.849: [GC [PSYoungGen: 14057K->1149K(15360K)] 42926K->30025K(50688K), 0.0006790 secs] [Times: user=0.01 sys=0.00, real=0.00 secs] 
252.850: Total time for which application threads were stopped: 0.0666610 seconds, Stopping threads took: 0.0650590 seconds
252.936: Application time: 0.0857050 seconds
252.989: [GC [PSYoungGen: 14381K->1360K(15360K)] 43257K->30236K(50688K), 0.0009050 secs] [Times: user=0.00 sys=0.00, real=0.00 secs] 
252.990: Total time for which application threads were stopped: 0.0543810 seconds, Stopping threads took: 0.0533930 seconds
253.074: Application time: 0.0841090 seconds
253.139: [GC [PSYoungGen: 14590K->1605K(15360K)] 43466K->30481K(50688K), 0.0010130 secs] [Times: user=0.01 sys=0.00, real=0.00 secs] 
253.141: Total time for which application threads were stopped: 0.0662100 seconds, Stopping threads took: 0.0651120 seconds
253.221: Application time: 0.0801180 seconds
253.278: [GC [PSYoungGen: 14904K->2044K(15360K)] 43780K->30928K(50688K), 0.0008680 secs] [Times: user=0.00 sys=0.00, real=0.00 secs] 
253.279: Total time for which application threads were stopped: 0.0587090 seconds, Stopping threads took: 0.0577280 seconds
253.358: Application time: 0.0783290 seconds
253.426: [GC [PSYoungGen: 15226K->1181K(15360K)] 44110K->30073K(50688K), 0.0007010 secs] [Times: user=0.00 sys=0.00, real=0.00 secs] 
253.426: Total time for which application threads were stopped: 0.0686780 seconds, Stopping threads took: 0.0679020 seconds
253.504: Application time: 0.0780250 seconds
253.566: [GC [PSYoungGen: 14324K->1101K(15360K)] 43216K->30001K(50688K), 0.0010370 secs] [Times: user=0.00 sys=0.00, real=0.01 secs] 
253.567: Total time for which application threads were stopped: 0.0629920 seconds, Stopping threads took: 0.0618650 seconds
253.644: Application time: 0.0765660 seconds
253.701: [GC [PSYoungGen: 14283K->1344K(15360K)] 43183K->30244K(50688K), 0.0008170 secs] [Times: user=0.00 sys=0.00, real=0.00 secs] 
253.702: Total time for which application threads were stopped: 0.0581690 seconds, Stopping threads took: 0.0572580 seconds
253.780: Application time: 0.0780510 seconds
253.829: [GC [PSYoungGen: 14545K->1685K(15360K)] 43446K->30585K(50688K), 0.0009320 secs] [Times: user=0.00 sys=0.00, real=0.00 secs] 
253.830: Total time for which application threads were stopped: 0.0495900 seconds, Stopping threads took: 0.0485550 seconds
253.908: Application time: 0.0780820 seconds
253.972: [GC [PSYoungGen: 14867K->758K(15360K)] 43767K->29658K(50688K), 0.0007760 secs] [Times: user=0.00 sys=0.00, real=0.00 secs] 
253.973: Total time for which application threads were stopped: 0.0652150 seconds, Stopping threads took: 0.0643440 seconds
254.050: Application time: 0.0773740 seconds
254.108: [GC [PSYoungGen: 14057K->1197K(15360K)] 42957K->30113K(50688K), 0.0008520 secs] [Times: user=0.00 sys=0.00, real=0.00 secs] 
254.109: Total time for which application threads were stopped: 0.0585070 seconds, Stopping threads took: 0.0575820 seconds
254.185: Application time: 0.0761000 seconds
254.246: [GC [PSYoungGen: 14477K->336K(15360K)] 43393K->29260K(50688K), 0.0006290 secs] [Times: user=0.00 sys=0.00, real=0.00 secs] 
254.246: Total time for which application threads were stopped: 0.0613020 seconds, Stopping threads took: 0.0605790 seconds
254.324: Application time: 0.0773370 seconds
254.380: [GC [PSYoungGen: 13518K->611K(15360K)] 42442K->29543K(50688K), 0.0004970 secs] [Times: user=0.00 sys=0.00, real=0.00 secs] 
254.380: Total time for which application threads were stopped: 0.0564160 seconds, Stopping threads took: 0.0558390 seconds
254.460: Application time: 0.0797450 seconds
254.518: [GC [PSYoungGen: 13910K->938K(15360K)] 42842K->29870K(50688K), 0.0007790 secs] [Times: user=0.00 sys=0.00, real=0.00 secs] 
254.519: Total time for which application threads were stopped: 0.0588720 seconds, Stopping threads took: 0.0580050 seconds
254.597: Application time: 0.0782050 seconds
254.649: [GC [PSYoungGen: 14197K->1197K(15360K)] 43130K->30137K(50688K), 0.0008390 secs] [Times: user=0.00 sys=0.00, real=0.00 secs] 
254.649: Total time for which application threads were stopped: 0.0525570 seconds, Stopping threads took: 0.0516420 seconds
254.727: Application time: 0.0770440 seconds
254.786: [GC [PSYoungGen: 14496K->1492K(15360K)] 43436K->30432K(50688K), 0.0009740 secs] [Times: user=0.00 sys=0.00, real=0.01 secs] 
254.787: Total time for which application threads were stopped: 0.0608750 seconds, Stopping threads took: 0.0598110 seconds
254.865: Application time: 0.0771280 seconds
254.925: [GC [PSYoungGen: 14693K->710K(15360K)] 43633K->29650K(50688K), 0.0006290 secs] [Times: user=0.00 sys=0.00, real=0.00 secs] 
254.925: Total time for which application threads were stopped: 0.0609130 seconds, Stopping threads took: 0.0602040 seconds
255.004: Application time: 0.0783720 seconds
255.061: [GC [PSYoungGen: 14009K->1197K(15360K)] 42949K->30153K(50688K), 0.0008890 secs] [Times: user=0.01 sys=0.00, real=0.00 secs] 
255.062: Total time for which application threads were stopped: 0.0584470 seconds, Stopping threads took: 0.0574640 seconds
255.139: Application time: 0.0766060 seconds
255.191: [GC [PSYoungGen: 14438K->1930K(15360K)] 43394K->31285K(50688K), 0.0009160 secs] [Times: user=0.00 sys=0.00, real=0.00 secs] 
255.192: Total time for which application threads were stopped: 0.0528600 seconds, Stopping threads took: 0.0518490 seconds
255.269: Application time: 0.0771180 seconds
255.338: [GC [PSYoungGen: 15112K->320K(15360K)] 44467K->29674K(50688K), 0.0006400 secs] [Times: user=0.01 sys=0.00, real=0.00 secs] 
255.338: Total time for which application threads were stopped: 0.0694370 seconds, Stopping threads took: 0.0687100 seconds
255.415: Application time: 0.0766230 seconds
255.475: [GC [PSYoungGen: 13619K->774K(15360K)] 42973K->30137K(50688K), 0.0005900 secs] [Times: user=0.00 sys=0.00, real=0.01 secs] 
255.476: Total time for which application threads were stopped: 0.0608110 seconds, Stopping threads took: 0.0601400 seconds
255.554: Application time: 0.0782900 seconds
255.601: [GC [PSYoungGen: 14073K->1149K(15360K)] 43436K->30520K(50688K), 0.0007130 secs] [Times: user=0.00 sys=0.00, real=0.00 secs] 
255.602: Total time for which application threads were stopped: 0.0478140 seconds, Stopping threads took: 0.0470150 seconds
255.680: Application time: 0.0783230 seconds
255.740: [GC [PSYoungGen: 14448K->1556K(15360K)] 43819K->30934K(50688K), 0.0007420 secs] [Times: user=0.00 sys=0.00, real=0.00 secs] 
255.741: Total time for which application threads were stopped: 0.0606240 seconds, Stopping threads took: 0.0598090 seconds
255.819: Application time: 0.0778650 seconds
255.878: [GC [PSYoungGen: 14699K->1572K(15360K)] 44077K->30950K(50688K), 0.0007070 secs] [Times: user=0.01 sys=0.00, real=0.00 secs] 
255.878: Total time for which application threads were stopped: 0.0597800 seconds, Stopping threads took: 0.0590050 seconds
255.958: Application time: 0.0791450 seconds
256.009: [GC [PSYoungGen: 14851K->1801K(15360K)] 44230K->31187K(50688K), 0.0008080 secs] [Times: user=0.00 sys=0.00, real=0.00 secs] 
256.010: Total time for which application threads were stopped: 0.0519590 seconds, Stopping threads took: 0.0510680 seconds
256.087: Application time: 0.0775260 seconds
256.148: [GC [PSYoungGen: 15100K->1165K(15360K)] 44486K->30552K(50688K), 0.0005880 secs] [Times: user=0.00 sys=0.00, real=0.00 secs] 
256.149: Total time for which application threads were stopped: 0.0617430 seconds, Stopping threads took: 0.0610850 seconds
256.226: Application time: 0.0771860 seconds
256.287: [GC [PSYoungGen: 14366K->304K(15360K)] 43753K->29698K(50688K), 0.0005010 secs] [Times: user=0.00 sys=0.00, real=0.01 secs] 
256.288: Total time for which application threads were stopped: 0.0615590 seconds, Stopping threads took: 0.0609850 seconds
256.362: Application time: 0.0748020 seconds
256.396: [GC [PSYoungGen: 13486K->1994K(15360K)] 42880K->32178K(50688K), 0.0012100 secs] [Times: user=0.00 sys=0.00, real=0.00 secs] 
256.397: Total time for which application threads were stopped: 0.0346890 seconds, Stopping threads took: 0.0334050 seconds
256.474: Application time: 0.0770200 seconds
256.544: [GC [PSYoungGen: 15098K->758K(15360K)] 45282K->30942K(50688K), 0.0029380 secs] [Times: user=0.01 sys=0.00, real=0.00 secs] 
256.547: Total time for which application threads were stopped: 0.0729430 seconds, Stopping threads took: 0.0699070 seconds
256.626: Application time: 0.0789880 seconds
256.681: [GC [PSYoungGen: 14057K->1165K(15360K)] 44241K->31357K(50688K), 0.0006840 secs] [Times: user=0.00 sys=0.00, real=0.00 secs] 
256.682: Total time for which application threads were stopped: 0.0560570 seconds, Stopping threads took: 0.0553050 seconds
256.761: Application time: 0.0793810 seconds
256.813: [GC [PSYoungGen: 14230K->1165K(15360K)] 44422K->31357K(50688K), 0.0006770 secs] [Times: user=0.01 sys=0.00, real=0.00 secs] 
256.814: Total time for which application threads were stopped: 0.0521870 seconds, Stopping threads took: 0.0514370 seconds
256.892: Application time: 0.0778960 seconds
256.951: [GC [PSYoungGen: 14464K->1572K(15360K)] 44656K->31764K(50688K), 0.0007560 secs] [Times: user=0.00 sys=0.00, real=0.00 secs] 
256.952: Total time for which application threads were stopped: 0.0602090 seconds, Stopping threads took: 0.0593740 seconds
257.030: Application time: 0.0785100 seconds
257.085: [GC [PSYoungGen: 14714K->1556K(15360K)] 44907K->31748K(50688K), 0.0007240 secs] [Times: user=0.00 sys=0.00, real=0.00 secs] 
257.086: Total time for which application threads were stopped: 0.0556390 seconds, Stopping threads took: 0.0548330 seconds
257.163: Application time: 0.0775700 seconds
257.217: [GC [PSYoungGen: 14855K->1930K(15360K)] 45047K->32130K(50688K), 0.0008470 secs] [Times: user=0.01 sys=0.00, real=0.00 secs] 
257.218: Total time for which application threads were stopped: 0.0546010 seconds, Stopping threads took: 0.0536780 seconds
257.302: Application time: 0.0835710 seconds
257.370: [GC [PSYoungGen: 15210K->1149K(15360K)] 45410K->31357K(50688K), 0.0006540 secs] [Times: user=0.00 sys=0.00, real=0.00 secs] 
257.371: Total time for which application threads were stopped: 0.0693050 seconds, Stopping threads took: 0.0685790 seconds
257.454: Application time: 0.0827490 seconds
257.519: [GC [PSYoungGen: 14331K->1328K(15360K)] 44539K->31536K(50688K), 0.0007050 secs] [Times: user=0.00 sys=0.00, real=0.00 secs] 
257.520: Total time for which application threads were stopped: 0.0659090 seconds, Stopping threads took: 0.0651350 seconds
257.605: Application time: 0.0850620 seconds
257.669: [GC [PSYoungGen: 14530K->1653K(15360K)] 44738K->31861K(50688K), 0.0008210 secs] [Times: user=0.00 sys=0.00, real=0.00 secs] 
257.670: Total time for which application threads were stopped: 0.0655310 seconds, Stopping threads took: 0.0646250 seconds
257.755: Application time: 0.0844500 seconds
257.823: [GC [PSYoungGen: 14835K->774K(15360K)] 45043K->30982K(50688K), 0.0006360 secs] [Times: user=0.00 sys=0.00, real=0.00 secs] 
257.824: Total time for which application threads were stopped: 0.0692220 seconds, Stopping threads took: 0.0685070 seconds
257.909: Application time: 0.0850690 seconds
257.974: [GC [PSYoungGen: 13956K->954K(15360K)] 44164K->31170K(50688K), 0.0006350 secs] [Times: user=0.00 sys=0.00, real=0.01 secs] 
257.976: Total time for which application threads were stopped: 0.0667970 seconds, Stopping threads took: 0.0652430 seconds
258.061: Application time: 0.0848330 seconds
258.124: [GC [PSYoungGen: 14253K->1376K(15360K)] 44469K->31600K(50688K), 0.0008270 secs] [Times: user=0.00 sys=0.00, real=0.00 secs] 
258.125: Total time for which application threads were stopped: 0.0644210 seconds, Stopping threads took: 0.0635020 seconds
258.209: Application time: 0.0836480 seconds
258.272: [GC [PSYoungGen: 14577K->1685K(15360K)] 44802K->31909K(50688K), 0.0007750 secs] [Times: user=0.00 sys=0.00, real=0.00 secs] 
258.273: Total time for which application threads were stopped: 0.0643820 seconds, Stopping threads took: 0.0635220 seconds
258.356: Application time: 0.0829150 seconds
258.414: [GC [PSYoungGen: 14945K->1833K(15360K)] 45169K->32057K(50688K), 0.0008250 secs] [Times: user=0.01 sys=0.00, real=0.00 secs] 
258.414: Total time for which application threads were stopped: 0.0584690 seconds, Stopping threads took: 0.0575690 seconds
258.500: Application time: 0.0856010 seconds
258.574: [GC [PSYoungGen: 15132K->1133K(15360K)] 45356K->31365K(50688K), 0.0006380 secs] [Times: user=0.00 sys=0.00, real=0.00 secs] 
258.575: Total time for which application threads were stopped: 0.0745100 seconds, Stopping threads took: 0.0737940 seconds
258.658: Application time: 0.0836990 seconds
258.719: [GC [PSYoungGen: 14315K->1328K(15360K)] 44547K->31560K(50688K), 0.0008050 secs] [Times: user=0.00 sys=0.00, real=0.00 secs] 
258.720: Total time for which application threads were stopped: 0.0619570 seconds, Stopping threads took: 0.0610700 seconds
258.805: Application time: 0.0843930 seconds
258.869: [GC [PSYoungGen: 14510K->1588K(15360K)] 44742K->31820K(50688K), 0.0007480 secs] [Times: user=0.01 sys=0.00, real=0.00 secs] 
258.870: Total time for which application threads were stopped: 0.0651270 seconds, Stopping threads took: 0.0642960 seconds
258.954: Application time: 0.0841520 seconds
259.019: [GC [PSYoungGen: 14886K->2010K(15360K)] 45119K->32250K(50688K), 0.0008250 secs] [Times: user=0.01 sys=0.00, real=0.00 secs] 
259.020: Total time for which application threads were stopped: 0.0661480 seconds, Stopping threads took: 0.0652290 seconds
259.103: Application time: 0.0831310 seconds
259.163: [GC [PSYoungGen: 15270K->1930K(15360K)] 45510K->32366K(50688K), 0.0009170 secs] [Times: user=0.00 sys=0.01, real=0.00 secs] 
259.164: Total time for which application threads were stopped: 0.0609250 seconds, Stopping threads took: 0.0599290 seconds
259.250: Application time: 0.0854980 seconds
259.318: [GC [PSYoungGen: 15093K->1865K(15360K)] 45528K->32699K(50688K), 0.0010480 secs] [Times: user=0.01 sys=0.00, real=0.00 secs] 
259.319: Total time for which application threads were stopped: 0.0694370 seconds, Stopping threads took: 0.0683000 seconds
259.401: Application time: 0.0817890 seconds
259.438: [GC [PSYoungGen: 15163K->1978K(15360K)] 45998K->34570K(50688K), 0.0013500 secs] [Times: user=0.00 sys=0.00, real=0.00 secs] 
259.439: Total time for which application threads were stopped: 0.0381140 seconds, Stopping threads took: 0.0366790 seconds
259.522: Application time: 0.0826010 seconds
259.598: [GC [PSYoungGen: 15277K->1946K(15360K)] 47869K->34546K(50688K), 0.0008860 secs] [Times: user=0.00 sys=0.00, real=0.00 secs] 
259.599: Total time for which application threads were stopped: 0.0775070 seconds, Stopping threads took: 0.0765440 seconds
259.684: Application time: 0.0849130 seconds
259.754: [GC [PSYoungGen: 15226K->1165K(15360K)] 47826K->33773K(50688K), 0.0007190 secs] [Times: user=0.00 sys=0.00, real=0.00 secs] 
259.755: Total time for which application threads were stopped: 0.0708100 seconds, Stopping threads took: 0.0700160 seconds
259.838: Application time: 0.0831700 seconds
259.904: [GC [PSYoungGen: 14366K->1458K(15360K)] 46974K->34066K(50688K), 0.0007490 secs] [Times: user=0.00 sys=0.00, real=0.00 secs] 
259.904: Total time for which application threads were stopped: 0.0662990 seconds, Stopping threads took: 0.0654730 seconds
259.988: Application time: 0.0840200 seconds
260.054: [GC [PSYoungGen: 14659K->1751K(15360K)] 47267K->34367K(50688K), 0.0008320 secs] [Times: user=0.01 sys=0.00, real=0.00 secs] 
260.055: Total time for which application threads were stopped: 0.0669020 seconds, Stopping threads took: 0.0659660 seconds
260.139: Application time: 0.0836660 seconds
260.196: [GC [PSYoungGen: 14757K->742K(15360K)] 47373K->33366K(50688K), 0.0005300 secs] [Times: user=0.00 sys=0.00, real=0.00 secs] 
260.197: Total time for which application threads were stopped: 0.0576130 seconds, Stopping threads took: 0.0570120 seconds
260.281: Application time: 0.0841200 seconds
260.344: [GC [PSYoungGen: 13807K->758K(15360K)] 46431K->33382K(50688K), 0.0005080 secs] [Times: user=0.00 sys=0.00, real=0.00 secs] 
260.344: Total time for which application threads were stopped: 0.0638350 seconds, Stopping threads took: 0.0632550 seconds
260.428: Application time: 0.0836020 seconds
260.494: [GC [PSYoungGen: 13823K->790K(15360K)] 46447K->33414K(50688K), 0.0007100 secs] [Times: user=0.00 sys=0.00, real=0.00 secs] 
260.495: Total time for which application threads were stopped: 0.0665250 seconds, Stopping threads took: 0.0657350 seconds
260.580: Application time: 0.0854090 seconds
260.638: [GC [PSYoungGen: 13777K->758K(15360K)] 46401K->33390K(50688K), 0.0005940 secs] [Times: user=0.00 sys=0.00, real=0.00 secs] 
260.638: Total time for which application threads were stopped: 0.0580950 seconds, Stopping threads took: 0.0574140 seconds
260.723: Application time: 0.0843770 seconds
260.787: [GC [PSYoungGen: 14057K->1101K(15360K)] 46689K->33733K(50688K), 0.0006440 secs] [Times: user=0.00 sys=0.00, real=0.01 secs] 
260.787: Total time for which application threads were stopped: 0.0649250 seconds, Stopping threads took: 0.0642070 seconds
260.872: Application time: 0.0841470 seconds
260.928: [GC [PSYoungGen: 14283K->1344K(15360K)] 46915K->33984K(50688K), 0.0007730 secs] [Times: user=0.00 sys=0.00, real=0.00 secs] 
260.929: Total time for which application threads were stopped: 0.0573020 seconds, Stopping threads took: 0.0564370 seconds
261.013: Application time: 0.0839570 seconds
261.088: [GC [PSYoungGen: 14624K->531K(15360K)] 47264K->33179K(50688K), 0.0005750 secs] [Times: user=0.00 sys=0.00, real=0.00 secs] 
261.089: Total time for which application threads were stopped: 0.0757390 seconds, Stopping threads took: 0.0750910 seconds
261.172: Application time: 0.0836230 seconds
261.230: [GC [PSYoungGen: 13635K->726K(15360K)] 46283K->33374K(50688K), 0.0006900 secs] [Times: user=0.00 sys=0.00, real=0.00 secs] 
261.231: Total time for which application threads were stopped: 0.0586600 seconds, Stopping threads took: 0.0578740 seconds
261.309: Application time: 0.0781570 seconds
261.359: [GC [PSYoungGen: 13713K->774K(15360K)] 46361K->33430K(50688K), 0.0012240 secs] [Times: user=0.01 sys=0.00, real=0.00 secs] 
261.361: Total time for which application threads were stopped: 0.0516160 seconds, Stopping threads took: 0.0502960 seconds
261.440: Application time: 0.0795640 seconds
261.498: [GC [PSYoungGen: 14073K->1197K(15360K)] 46729K->33861K(50688K), 0.0006330 secs] [Times: user=0.00 sys=0.00, real=0.00 secs] 
261.499: Total time for which application threads were stopped: 0.0584120 seconds, Stopping threads took: 0.0577130 seconds
261.575: Application time: 0.0765780 seconds
261.619: [GC [PSYoungGen: 14476K->1994K(15360K)] 47140K->35244K(50688K), 0.0010810 secs] [Times: user=0.00 sys=0.00, real=0.00 secs] 
261.620: Total time for which application threads were stopped: 0.0444150 seconds, Stopping threads took: 0.0432610 seconds
261.696: Application time: 0.0759160 seconds
261.760: [GC [PSYoungGen: 15195K->1767K(15360K)] 48445K->35017K(50688K), 0.0008340 secs] [Times: user=0.01 sys=0.00, real=0.00 secs] 
261.761: Total time for which application threads were stopped: 0.0654150 seconds, Stopping threads took: 0.0645030 seconds
261.838: Application time: 0.0774800 seconds
261.902: [GC [PSYoungGen: 14929K->742K(15360K)] 48179K->34000K(50688K), 0.0005170 secs] [Times: user=0.01 sys=0.00, real=0.00 secs] 
261.902: Total time for which application threads were stopped: 0.0640040 seconds, Stopping threads took: 0.0634160 seconds
261.981: Application time: 0.0780950 seconds
262.033: [GC [PSYoungGen: 13729K->790K(15360K)] 46987K->34048K(50688K), 0.0006390 secs] [Times: user=0.00 sys=0.00, real=0.00 secs] 
262.034: Total time for which application threads were stopped: 0.0529520 seconds, Stopping threads took: 0.0522230 seconds
262.112: Application time: 0.0783330 seconds
262.173: [GC [PSYoungGen: 14089K->1149K(15360K)] 47347K->34407K(50688K), 0.0007290 secs] [Times: user=0.00 sys=0.00, real=0.00 secs] 
262.174: Total time for which application threads were stopped: 0.0619700 seconds, Stopping threads took: 0.0611490 seconds
262.250: Application time: 0.0764810 seconds
262.302: [GC [PSYoungGen: 14409K->1360K(15360K)] 47667K->34618K(50688K), 0.0008550 secs] [Times: user=0.01 sys=0.00, real=0.00 secs] 
262.303: Total time for which application threads were stopped: 0.0530240 seconds, Stopping threads took: 0.0520690 seconds
262.380: Application time: 0.0768370 seconds
262.448: [GC [PSYoungGen: 14640K->563K(15360K)] 47898K->33837K(50688K), 0.0007990 secs] [Times: user=0.00 sys=0.00, real=0.00 secs] 
262.449: Total time for which application threads were stopped: 0.0690610 seconds, Stopping threads took: 0.0681700 seconds
262.528: Application time: 0.0786170 seconds
262.588: [GC [PSYoungGen: 13862K->970K(15360K)] 47136K->34251K(50688K), 0.0005550 secs] [Times: user=0.00 sys=0.00, real=0.00 secs] 
262.588: Total time for which application threads were stopped: 0.0605900 seconds, Stopping threads took: 0.0599680 seconds
262.666: Application time: 0.0777410 seconds
262.712: [GC [PSYoungGen: 14151K->1181K(15360K)] 47433K->34471K(50688K), 0.0006890 secs] [Times: user=0.00 sys=0.00, real=0.00 secs] 
262.713: Total time for which application threads were stopped: 0.0466400 seconds, Stopping threads took: 0.0458600 seconds
262.790: Application time: 0.0776620 seconds
262.850: [GC [PSYoungGen: 14480K->1540K(15360K)] 47770K->34829K(50688K), 0.0008680 secs] [Times: user=0.01 sys=0.00, real=0.00 secs] 
262.851: Total time for which application threads were stopped: 0.0602100 seconds, Stopping threads took: 0.0592520 seconds
262.927: Application time: 0.0763760 seconds
262.994: [GC [PSYoungGen: 14741K->758K(15360K)] 48031K->34056K(50688K), 0.0005440 secs] [Times: user=0.01 sys=0.00, real=0.01 secs] 
262.996: Total time for which application threads were stopped: 0.0687490 seconds, Stopping threads took: 0.0671680 seconds
263.073: Application time: 0.0773900 seconds
263.133: [GC [PSYoungGen: 13823K->774K(15360K)] 47121K->34080K(50688K), 0.0004980 secs] [Times: user=0.01 sys=0.00, real=0.00 secs] 
263.134: Total time for which application threads were stopped: 0.0606870 seconds, Stopping threads took: 0.0601250 seconds
263.212: Application time: 0.0784850 seconds
263.265: [GC [PSYoungGen: 13761K->742K(15360K)] 47067K->34048K(50688K), 0.0005820 secs] [Times: user=0.00 sys=0.00, real=0.00 secs] 
263.265: Total time for which application threads were stopped: 0.0530080 seconds, Stopping threads took: 0.0523540 seconds
263.345: Application time: 0.0792620 seconds
263.404: [GC [PSYoungGen: 14041K->1165K(15360K)] 47347K->34479K(50688K), 0.0006430 secs] [Times: user=0.00 sys=0.00, real=0.00 secs] 
263.405: Total time for which application threads were stopped: 0.0604120 seconds, Stopping threads took: 0.0596920 seconds
263.482: Application time: 0.0767270 seconds
263.545: [GC [PSYoungGen: 14445K->304K(15360K)] 47759K->33618K(50688K), 0.0004470 secs] [Times: user=0.01 sys=0.00, real=0.00 secs] 
263.546: Total time for which application threads were stopped: 0.0639100 seconds, Stopping threads took: 0.0633890 seconds
263.620: Application time: 0.0745980 seconds
263.682: [GC [PSYoungGen: 13603K->742K(15360K)] 46917K->34064K(50688K), 0.0005640 secs] [Times: user=0.00 sys=0.00, real=0.00 secs] 
263.683: Total time for which application threads were stopped: 0.0623930 seconds, Stopping threads took: 0.0617330 seconds
263.762: Application time: 0.0793040 seconds
263.821: [GC [PSYoungGen: 14002K->970K(15360K)] 47324K->34291K(50688K), 0.0006890 secs] [Times: user=0.01 sys=0.00, real=0.00 secs] 
263.822: Total time for which application threads were stopped: 0.0597230 seconds, Stopping threads took: 0.0589430 seconds
263.900: Application time: 0.0778510 seconds
263.948: [GC [PSYoungGen: 14151K->1165K(15360K)] 47473K->34495K(50688K), 0.0006830 secs] [Times: user=0.00 sys=0.00, real=0.00 secs] 
263.949: Total time for which application threads were stopped: 0.0495810 seconds, Stopping threads took: 0.0488170 seconds
264.025: Application time: 0.0762470 seconds
264.086: [GC [PSYoungGen: 14347K->1360K(15360K)] 47677K->34698K(50688K), 0.0006740 secs] [Times: user=0.00 sys=0.00, real=0.00 secs] 
264.086: Total time for which application threads were stopped: 0.0609210 seconds, Stopping threads took: 0.0601720 seconds
264.165: Application time: 0.0788130 seconds
264.225: [GC [PSYoungGen: 14640K->531K(15360K)] 47978K->33869K(50688K), 0.0006610 secs] [Times: user=0.00 sys=0.00, real=0.00 secs] 
264.226: Total time for which application threads were stopped: 0.0606920 seconds, Stopping threads took: 0.0599470 seconds
264.305: Application time: 0.0786350 seconds
264.361: [GC [PSYoungGen: 13713K->774K(15360K)] 47051K->34120K(50688K), 0.0005560 secs] [Times: user=0.00 sys=0.00, real=0.00 secs] 
264.361: Total time for which application threads were stopped: 0.0568270 seconds, Stopping threads took: 0.0561990 seconds
264.441: Application time: 0.0800920 seconds
264.500: [GC [PSYoungGen: 14073K->1165K(15360K)] 47419K->34527K(50688K), 0.0006270 secs] [Times: user=0.01 sys=0.00, real=0.00 secs] 
264.501: Total time for which application threads were stopped: 0.0594130 seconds, Stopping threads took: 0.0587080 seconds
264.578: Application time: 0.0774400 seconds
264.634: [GC [PSYoungGen: 14464K->1555K(15360K)] 47826K->34917K(50688K), 0.0007090 secs] [Times: user=0.00 sys=0.00, real=0.00 secs] 
264.635: Total time for which application threads were stopped: 0.0563530 seconds, Stopping threads took: 0.0555710 seconds
264.713: Application time: 0.0780780 seconds
264.770: [GC [PSYoungGen: 14737K->1783K(15360K)] 48099K->35153K(50688K), 0.0008080 secs] [Times: user=0.01 sys=0.00, real=0.00 secs] 
264.771: Total time for which application threads were stopped: 0.0580600 seconds, Stopping threads took: 0.0571820 seconds
264.850: Application time: 0.0787820 seconds
264.902: [GC [PSYoungGen: 14964K->1914K(15360K)] 48334K->35284K(50688K), 0.0007870 secs] [Times: user=0.00 sys=0.00, real=0.00 secs] 
264.903: Total time for which application threads were stopped: 0.0535540 seconds, Stopping threads took: 0.0526930 seconds
264.982: Application time: 0.0790520 seconds
265.045: [GC [PSYoungGen: 15116K->1117K(15360K)] 48485K->34487K(50688K), 0.0006610 secs] [Times: user=0.00 sys=0.00, real=0.00 secs] 
265.046: Total time for which application threads were stopped: 0.0638980 seconds, Stopping threads took: 0.0631610 seconds
265.123: Application time: 0.0769660 seconds
265.183: [GC [PSYoungGen: 14182K->1181K(15360K)] 47552K->34559K(50688K), 0.0005710 secs] [Times: user=0.00 sys=0.00, real=0.00 secs] 
265.183: Total time for which application threads were stopped: 0.0601190 seconds, Stopping threads took: 0.0594790 seconds
265.266: Application time: 0.0832540 seconds
265.319: [GC [PSYoungGen: 14363K->1360K(15360K)] 47741K->34746K(50688K), 0.0007250 secs] [Times: user=0.00 sys=0.00, real=0.00 secs] 
265.320: Total time for which application threads were stopped: 0.0533500 seconds, Stopping threads took: 0.0525510 seconds
265.403: Application time: 0.0831110 seconds
265.467: [GC [PSYoungGen: 14562K->1669K(15360K)] 47947K->35055K(50688K), 0.0008900 secs] [Times: user=0.00 sys=0.00, real=0.00 secs] 
265.468: Total time for which application threads were stopped: 0.0652970 seconds, Stopping threads took: 0.0643250 seconds
265.555: Application time: 0.0866010 seconds
265.623: [GC [PSYoungGen: 14851K->726K(15360K)] 48237K->34120K(50688K), 0.0008590 secs] [Times: user=0.01 sys=0.00, real=0.00 secs] 
265.623: Total time for which application threads were stopped: 0.0686600 seconds, Stopping threads took: 0.0676930 seconds
265.709: Application time: 0.0856090 seconds
265.764: [GC [PSYoungGen: 14025K->1149K(15360K)] 47419K->34543K(50688K), 0.0007750 secs] [Times: user=0.00 sys=0.00, real=0.00 secs] 
265.765: Total time for which application threads were stopped: 0.0557730 seconds, Stopping threads took: 0.0549050 seconds
265.849: Application time: 0.0844780 seconds
265.918: [GC [PSYoungGen: 14428K->368K(15360K)] 47822K->33769K(50688K), 0.0004760 secs] [Times: user=0.01 sys=0.00, real=0.00 secs] 
265.919: Total time for which application threads were stopped: 0.0694380 seconds, Stopping threads took: 0.0688870 seconds
266.001: Application time: 0.0822180 seconds
266.068: [GC [PSYoungGen: 13374K->1555K(15360K)] 46775K->34965K(50688K), 0.0007190 secs] [Times: user=0.00 sys=0.00, real=0.00 secs] 
266.068: Total time for which application threads were stopped: 0.0673530 seconds, Stopping threads took: 0.0665620 seconds
266.153: Application time: 0.0843800 seconds
266.216: [GC [PSYoungGen: 14835K->1865K(15360K)] 48245K->35282K(50688K), 0.0008380 secs] [Times: user=0.00 sys=0.00, real=0.00 secs] 
266.217: Total time for which application threads were stopped: 0.0638100 seconds, Stopping threads took: 0.0628970 seconds
266.300: Application time: 0.0838850 seconds
266.364: [GC [PSYoungGen: 15164K->1865K(15360K)] 48581K->35681K(50688K), 0.0009020 secs] [Times: user=0.01 sys=0.00, real=0.00 secs] 
266.365: Total time for which application threads were stopped: 0.0647350 seconds, Stopping threads took: 0.0637600 seconds
266.448: Application time: 0.0828640 seconds
266.517: [GC [PSYoungGen: 15124K->1296K(15360K)] 48941K->35121K(50688K), 0.0007640 secs] [Times: user=0.00 sys=0.00, real=0.00 secs] 
266.518: Total time for which application threads were stopped: 0.0695860 seconds, Stopping threads took: 0.0687500 seconds
266.600: Application time: 0.0828500 seconds
266.667: [GC [PSYoungGen: 14459K->1458K(15360K)] 48284K->35282K(50688K), 0.0008280 secs] [Times: user=0.01 sys=0.00, real=0.01 secs] 
266.668: Total time for which application threads were stopped: 0.0673460 seconds, Stopping threads took: 0.0664450 seconds
266.753: Application time: 0.0847920 seconds
266.816: [GC [PSYoungGen: 14640K->595K(15360K)] 48464K->34419K(50688K), 0.0005880 secs] [Times: user=0.01 sys=0.00, real=0.00 secs] 
266.816: Total time for which application threads were stopped: 0.0636680 seconds, Stopping threads took: 0.0629990 seconds
266.899: Application time: 0.0827050 seconds
266.936: [GC [PSYoungGen: 13894K->1978K(15360K)] 47718K->36983K(50688K), 0.0011560 secs] [Times: user=0.01 sys=0.00, real=0.00 secs] 
266.937: [Full GC [PSYoungGen: 1978K->0K(15360K)] [ParOldGen: 35004K->4105K(35328K)] 36983K->4105K(50688K) [PSPermGen: 5151K->5151K(21504K)], 0.0049730 secs] [Times: user=0.02 sys=0.00, real=0.00 secs] 
266.942: Total time for which application threads were stopped: 0.0428450 seconds, Stopping threads took: 0.0365970 seconds
267.026: Application time: 0.0837010 seconds
267.103: [GC [PSYoungGen: 13298K->1232K(15360K)] 17404K->5338K(50688K), 0.0007530 secs] [Times: user=0.00 sys=0.01, real=0.00 secs] 
267.104: Total time for which application threads were stopped: 0.0782040 seconds, Stopping threads took: 0.0773540 seconds
267.187: Application time: 0.0835300 seconds
267.255: [GC [PSYoungGen: 14512K->451K(15360K)] 18617K->4556K(50688K), 0.0004540 secs] [Times: user=0.00 sys=0.00, real=0.01 secs] 
267.256: Total time for which application threads were stopped: 0.0683330 seconds, Stopping threads took: 0.0678090 seconds
267.339: Application time: 0.0831470 seconds
267.405: [GC [PSYoungGen: 13633K->614K(15360K)] 17738K->4720K(50688K), 0.0005600 secs] [Times: user=0.01 sys=0.00, real=0.00 secs] 
267.405: Total time for which application threads were stopped: 0.0665060 seconds, Stopping threads took: 0.0658590 seconds
267.490: Application time: 0.0849710 seconds
267.547: [GC [PSYoungGen: 13601K->614K(15360K)] 17706K->4720K(50688K), 0.0004710 secs] [Times: user=0.00 sys=0.00, real=0.01 secs] 
267.547: Total time for which application threads were stopped: 0.0570500 seconds, Stopping threads took: 0.0565090 seconds
267.631: Application time: 0.0838870 seconds
267.697: [GC [PSYoungGen: 13913K->1005K(15360K)] 18019K->5110K(50688K), 0.0006300 secs] [Times: user=0.00 sys=0.00, real=0.00 secs] 
267.698: Total time for which application threads were stopped: 0.0667220 seconds, Stopping threads took: 0.0660130 seconds
267.781: Application time: 0.0835260 seconds
267.835: [GC [PSYoungGen: 14304K->1411K(15360K)] 18409K->5517K(50688K), 0.0006820 secs] [Times: user=0.00 sys=0.00, real=0.01 secs] 
267.835: Total time for which application threads were stopped: 0.0540130 seconds, Stopping threads took: 0.0532590 seconds
267.920: Application time: 0.0849880 seconds
267.984: [GC [PSYoungGen: 14691K->1688K(15360K)] 18797K->5794K(50688K), 0.0007520 secs] [Times: user=0.00 sys=0.00, real=0.00 secs] 
267.984: Total time for which application threads were stopped: 0.0639830 seconds, Stopping threads took: 0.0631440 seconds
268.067: Application time: 0.0827420 seconds
268.124: [GC [PSYoungGen: 14849K->1850K(15360K)] 18954K->5956K(50688K), 0.0007970 secs] [Times: user=0.01 sys=0.00, real=0.00 secs] 
268.125: Total time for which application threads were stopped: 0.0581990 seconds, Stopping threads took: 0.0565420 seconds
268.211: Application time: 0.0856620 seconds
268.281: [GC [PSYoungGen: 15130K->1085K(15360K)] 19235K->5190K(50688K), 0.0006460 secs] [Times: user=0.00 sys=0.00, real=0.00 secs] 
268.282: Total time for which application threads were stopped: 0.0709360 seconds, Stopping threads took: 0.0701940 seconds
268.364: Application time: 0.0818430 seconds
268.434: [GC [PSYoungGen: 14286K->304K(15360K)] 18392K->4409K(50688K), 0.0006470 secs] [Times: user=0.00 sys=0.00, real=0.00 secs] 
268.435: Total time for which application threads were stopped: 0.0708700 seconds, Stopping threads took: 0.0701270 seconds
268.517: Application time: 0.0825130 seconds
268.576: [GC [PSYoungGen: 13485K->579K(15360K)] 17591K->4684K(50688K), 0.0005160 secs] [Times: user=0.01 sys=0.00, real=0.00 secs] 
268.577: Total time for which application threads were stopped: 0.0594490 seconds, Stopping threads took: 0.0588310 seconds
268.660: Application time: 0.0833330 seconds
268.727: [GC [PSYoungGen: 13761K->710K(15360K)] 17866K->4816K(50688K), 0.0007670 secs] [Times: user=0.00 sys=0.00, real=0.00 secs] 
268.728: Total time for which application threads were stopped: 0.0682650 seconds, Stopping threads took: 0.0674160 seconds
268.813: Application time: 0.0845460 seconds
268.868: [GC [PSYoungGen: 14009K->1133K(15360K)] 18115K->5238K(50688K), 0.0007120 secs] [Times: user=0.00 sys=0.00, real=0.00 secs] 
268.869: Total time for which application threads were stopped: 0.0560650 seconds, Stopping threads took: 0.0552730 seconds
268.951: Application time: 0.0824520 seconds
269.016: [GC [PSYoungGen: 14120K->1149K(15360K)] 18225K->5254K(50688K), 0.0006120 secs] [Times: user=0.00 sys=0.00, real=0.00 secs] 
269.017: Total time for which application threads were stopped: 0.0651900 seconds, Stopping threads took: 0.0645080 seconds
269.100: Application time: 0.0838690 seconds
269.166: [GC [PSYoungGen: 14331K->1360K(15360K)] 18436K->5466K(50688K), 0.0006080 secs] [Times: user=0.00 sys=0.00, real=0.00 secs] 
269.166: Total time for which application threads were stopped: 0.0657080 seconds, Stopping threads took: 0.0650260 seconds
269.243: Application time: 0.0768870 seconds
269.302: [GC [PSYoungGen: 14561K->531K(15360K)] 18667K->4652K(50688K), 0.0004770 secs] [Times: user=0.00 sys=0.00, real=0.00 secs] 
269.302: Total time for which application threads were stopped: 0.0594420 seconds, Stopping threads took: 0.0588780 seconds
269.378: Application time: 0.0753030 seconds
269.411: [GC [PSYoungGen: 13810K->1881K(15360K)] 17932K->7190K(50688K), 0.0011720 secs] [Times: user=0.00 sys=0.00, real=0.00 secs] 
269.412: Total time for which application threads were stopped: 0.0341970 seconds, Stopping threads took: 0.0329510 seconds
269.487: Application time: 0.0753390 seconds
269.557: [GC [PSYoungGen: 14945K->1865K(15360K)] 20255K->8362K(50688K), 0.0011370 secs] [Times: user=0.01 sys=0.00, real=0.00 secs] 
269.558: Total time for which application threads were stopped: 0.0709820 seconds, Stopping threads took: 0.0697680 seconds
269.633: Application time: 0.0751110 seconds
269.679: [GC [PSYoungGen: 15046K->2045K(15360K)] 21544K->10812K(50688K), 0.0016420 secs] [Times: user=0.00 sys=0.00, real=0.00 secs] 
269.681: Total time for which application threads were stopped: 0.0472970 seconds, Stopping threads took: 0.0455610 seconds
269.827: Application time: 0.1463210 seconds
269.833: [GC [PSYoungGen: 15344K->304K(15360K)] 24110K->9070K(50688K), 0.0006490 secs] [Times: user=0.01 sys=0.00, real=0.00 secs] 
269.834: Total time for which application threads were stopped: 0.0068170 seconds, Stopping threads took: 0.0060820 seconds
269.910: Application time: 0.0762340 seconds
269.955: [GC [PSYoungGen: 13583K->1671K(15360K)] 22349K->10437K(50688K), 0.0008090 secs] [Times: user=0.00 sys=0.00, real=0.00 secs] 
269.956: Total time for which application threads were stopped: 0.0461530 seconds, Stopping threads took: 0.0452540 seconds
270.033: Application time: 0.0765320 seconds
270.096: [GC [PSYoungGen: 14872K->2028K(15360K)] 23638K->10818K(50688K), 0.0008090 secs] [Times: user=0.01 sys=0.00, real=0.00 secs] 
270.097: Total time for which application threads were stopped: 0.0642360 seconds, Stopping threads took: 0.0633580 seconds
270.176: Application time: 0.0792400 seconds
270.237: [GC [PSYoungGen: 15327K->1296K(15360K)] 24117K->10094K(50688K), 0.0006800 secs] [Times: user=0.00 sys=0.00, real=0.00 secs] 
270.237: Total time for which application threads were stopped: 0.0609460 seconds, Stopping threads took: 0.0601910 seconds
270.315: Application time: 0.0777630 seconds
270.378: [GC [PSYoungGen: 14576K->483K(15360K)] 23374K->9289K(50688K), 0.0004360 secs] [Times: user=0.00 sys=0.00, real=0.00 secs] 
270.378: Total time for which application threads were stopped: 0.0632880 seconds, Stopping threads took: 0.0627880 seconds
270.456: Application time: 0.0778540 seconds
270.488: [GC [PSYoungGen: 13743K->1898K(15360K)] 22549K->11681K(50688K), 0.0010850 secs] [Times: user=0.00 sys=0.00, real=0.00 secs] 
270.489: Total time for which application threads were stopped: 0.0330860 seconds, Stopping threads took: 0.0319280 seconds
270.565: Application time: 0.0758560 seconds
270.634: [GC [PSYoungGen: 15197K->1053K(15360K)] 24980K->10844K(50688K), 0.0005780 secs] [Times: user=0.00 sys=0.00, real=0.00 secs] 
270.635: Total time for which application threads were stopped: 0.0695880 seconds, Stopping threads took: 0.0689400 seconds
270.712: Application time: 0.0773240 seconds
270.761: [GC [PSYoungGen: 14313K->1264K(15360K)] 24104K->11063K(50688K), 0.0006210 secs] [Times: user=0.00 sys=0.00, real=0.00 secs] 
270.762: Total time for which application threads were stopped: 0.0496730 seconds, Stopping threads took: 0.0489770 seconds
270.839: Application time: 0.0770670 seconds
270.898: [GC [PSYoungGen: 14446K->1588K(15360K)] 24245K->11386K(50688K), 0.0007590 secs] [Times: user=0.00 sys=0.00, real=0.00 secs] 
270.899: Total time for which application threads were stopped: 0.0603530 seconds, Stopping threads took: 0.0595130 seconds
270.977: Application time: 0.0782810 seconds
271.037: [GC [PSYoungGen: 14867K->1865K(15360K)] 24666K->11671K(50688K), 0.0007950 secs] [Times: user=0.01 sys=0.00, real=0.00 secs] 
271.038: Total time for which application threads were stopped: 0.0607600 seconds, Stopping threads took: 0.0598830 seconds
271.115: Application time: 0.0768690 seconds
271.180: [GC [PSYoungGen: 15164K->1085K(15360K)] 24970K->10900K(50688K), 0.0006430 secs] [Times: user=0.00 sys=0.00, real=0.00 secs] 
271.181: Total time for which application threads were stopped: 0.0658950 seconds, Stopping threads took: 0.0651590 seconds
271.256: Application time: 0.0754320 seconds
271.318: [GC [PSYoungGen: 14384K->1524K(15360K)] 24199K->11338K(50688K), 0.0008450 secs] [Times: user=0.00 sys=0.00, real=0.00 secs] 
271.319: Total time for which application threads were stopped: 0.0629130 seconds, Stopping threads took: 0.0619620 seconds
271.396: Application time: 0.0767080 seconds
271.457: [GC [PSYoungGen: 14725K->774K(15360K)] 24540K->10597K(50688K), 0.0005560 secs] [Times: user=0.00 sys=0.00, real=0.00 secs] 
271.457: Total time for which application threads were stopped: 0.0614960 seconds, Stopping threads took: 0.0608710 seconds
271.536: Application time: 0.0789280 seconds
271.593: [GC [PSYoungGen: 14073K->1117K(15360K)] 23896K->10948K(50688K), 0.0005990 secs] [Times: user=0.00 sys=0.00, real=0.00 secs] 
271.593: Total time for which application threads were stopped: 0.0570560 seconds, Stopping threads took: 0.0563850 seconds
271.670: Application time: 0.0766780 seconds
271.720: [GC [PSYoungGen: 14377K->1360K(15360K)] 24208K->11199K(50688K), 0.0008140 secs] [Times: user=0.00 sys=0.00, real=0.00 secs] 
271.721: Total time for which application threads were stopped: 0.0504780 seconds, Stopping threads took: 0.0495940 seconds
271.798: Application time: 0.0774080 seconds
271.846: [GC [PSYoungGen: 14659K->1751K(15360K)] 24498K->11590K(50688K), 0.0007160 secs] [Times: user=0.01 sys=0.00, real=0.00 secs] 
271.847: Total time for which application threads were stopped: 0.0485180 seconds, Stopping threads took: 0.0477200 seconds
271.924: Application time: 0.0778950 seconds
271.984: [GC [PSYoungGen: 15011K->1946K(15360K)] 24849K->11801K(50688K), 0.0008050 secs] [Times: user=0.00 sys=0.00, real=0.00 secs] 
271.985: Total time for which application threads were stopped: 0.0605840 seconds, Stopping threads took: 0.0597120 seconds
272.063: Application time: 0.0778440 seconds
272.123: [GC [PSYoungGen: 14913K->1865K(15360K)] 24768K->11719K(50688K), 0.0007710 secs] [Times: user=0.00 sys=0.00, real=0.00 secs] 
272.124: Total time for which application threads were stopped: 0.0613310 seconds, Stopping threads took: 0.0604980 seconds
272.200: Application time: 0.0759520 seconds
272.261: [GC [PSYoungGen: 14851K->806K(15360K)] 24706K->10661K(50688K), 0.0005070 secs] [Times: user=0.01 sys=0.00, real=0.00 secs] 
272.262: Total time for which application threads were stopped: 0.0615640 seconds, Stopping threads took: 0.0609610 seconds
272.340: Application time: 0.0781400 seconds
272.396: [GC [PSYoungGen: 13793K->774K(15360K)] 23648K->10645K(50688K), 0.0008240 secs] [Times: user=0.01 sys=0.00, real=0.00 secs] 
272.397: Total time for which application threads were stopped: 0.0571510 seconds, Stopping threads took: 0.0562480 seconds
272.476: Application time: 0.0794520 seconds
272.534: [GC [PSYoungGen: 14073K->1149K(15360K)] 23944K->11028K(50688K), 0.0006480 secs] [Times: user=0.00 sys=0.00, real=0.00 secs] 
272.535: Total time for which application threads were stopped: 0.0585530 seconds, Stopping threads took: 0.0578360 seconds
272.613: Application time: 0.0779230 seconds
272.661: [GC [PSYoungGen: 14448K->1508K(15360K)] 24326K->11386K(50688K), 0.0007330 secs] [Times: user=0.00 sys=0.00, real=0.00 secs] 
272.662: Total time for which application threads were stopped: 0.0490850 seconds, Stopping threads took: 0.0482610 seconds
272.739: Application time: 0.0764710 seconds
272.801: [GC [PSYoungGen: 14709K->774K(15360K)] 24588K->10661K(50688K), 0.0006510 secs] [Times: user=0.00 sys=0.00, real=0.00 secs] 
272.802: Total time for which application threads were stopped: 0.0632960 seconds, Stopping threads took: 0.0625510 seconds
272.882: Application time: 0.0797330 seconds
272.933: [GC [PSYoungGen: 14073K->1133K(15360K)] 23960K->11036K(50688K), 0.0007730 secs] [Times: user=0.00 sys=0.00, real=0.00 secs] 
272.934: Total time for which application threads were stopped: 0.0527070 seconds, Stopping threads took: 0.0518370 seconds
273.010: Application time: 0.0757530 seconds
273.062: [GC [PSYoungGen: 14393K->1344K(15360K)] 24296K->11255K(50688K), 0.0009220 secs] [Times: user=0.00 sys=0.00, real=0.00 secs] 
273.063: Total time for which application threads were stopped: 0.0531750 seconds, Stopping threads took: 0.0521610 seconds
273.141: Application time: 0.0776030 seconds
273.202: [GC [PSYoungGen: 14546K->1685K(15360K)] 24456K->11596K(50688K), 0.0007860 secs] [Times: user=0.01 sys=0.00, real=0.00 secs] 
273.204: Total time for which application threads were stopped: 0.0629730 seconds, Stopping threads took: 0.0614270 seconds
273.287: Application time: 0.0833700 seconds
273.340: [GC [PSYoungGen: 14867K->1864K(15360K)] 24778K->11775K(50688K), 0.0008080 secs] [Times: user=0.00 sys=0.00, real=0.00 secs] 
273.341: Total time for which application threads were stopped: 0.0535020 seconds, Stopping threads took: 0.0526200 seconds
273.426: Application time: 0.0849320 seconds
273.493: [GC [PSYoungGen: 15105K->1946K(15360K)] 25016K->11857K(50688K), 0.0008140 secs] [Times: user=0.01 sys=0.00, real=0.00 secs] 
273.494: Total time for which application threads were stopped: 0.0680200 seconds, Stopping threads took: 0.0671240 seconds
273.577: Application time: 0.0834910 seconds
273.646: [GC [PSYoungGen: 15148K->1165K(15360K)] 25058K->11076K(50688K), 0.0008670 secs] [Times: user=0.00 sys=0.00, real=0.00 secs] 
273.647: Total time for which application threads were stopped: 0.0695860 seconds, Stopping threads took: 0.0686410 seconds
273.732: Application time: 0.0849760 seconds
273.797: [GC [PSYoungGen: 14464K->1588K(15360K)] 24375K->11506K(50688K), 0.0008380 secs] [Times: user=0.00 sys=0.00, real=0.00 secs] 
273.798: Total time for which application threads were stopped: 0.0660690 seconds, Stopping threads took: 0.0651500 seconds
273.881: Application time: 0.0836260 seconds
273.939: [GC [PSYoungGen: 14652K->1572K(15360K)] 24571K->11490K(50688K), 0.0007230 secs] [Times: user=0.00 sys=0.00, real=0.00 secs] 
273.939: Total time for which application threads were stopped: 0.0580460 seconds, Stopping threads took: 0.0572500 seconds
274.024: Application time: 0.0842060 seconds
274.092: [GC [PSYoungGen: 14773K->790K(15360K)] 24692K->10717K(50688K), 0.0004930 secs] [Times: user=0.00 sys=0.00, real=0.00 secs] 
274.092: Total time for which application threads were stopped: 0.0684450 seconds, Stopping threads took: 0.0678690 seconds
274.177: Application time: 0.0844420 seconds
274.242: [GC [PSYoungGen: 14089K->1133K(15360K)] 24016K->11068K(50688K), 0.0008260 secs] [Times: user=0.00 sys=0.00, real=0.00 secs] 
274.243: Total time for which application threads were stopped: 0.0664620 seconds, Stopping threads took: 0.0655440 seconds
274.327: Application time: 0.0835170 seconds
274.391: [GC [PSYoungGen: 14432K->1572K(15360K)] 24367K->11514K(50688K), 0.0008420 secs] [Times: user=0.00 sys=0.00, real=0.00 secs] 
274.392: Total time for which application threads were stopped: 0.0656080 seconds, Stopping threads took: 0.0646820 seconds
274.476: Application time: 0.0834880 seconds
274.530: [GC [PSYoungGen: 14636K->1572K(15360K)] 24579K->11522K(50688K), 0.0007150 secs] [Times: user=0.00 sys=0.00, real=0.00 secs] 
274.531: Total time for which application threads were stopped: 0.0550710 seconds, Stopping threads took: 0.0542840 seconds
274.615: Application time: 0.0842140 seconds
274.680: [GC [PSYoungGen: 14871K->1946K(15360K)] 24821K->11897K(50688K), 0.0008310 secs] [Times: user=0.00 sys=0.00, real=0.00 secs] 
274.681: Total time for which application threads were stopped: 0.0656730 seconds, Stopping threads took: 0.0647590 seconds
274.763: Application time: 0.0828750 seconds
274.821: [GC [PSYoungGen: 15245K->1978K(15360K)] 25196K->12320K(50688K), 0.0010190 secs] [Times: user=0.01 sys=0.00, real=0.00 secs] 
274.822: Total time for which application threads were stopped: 0.0581730 seconds, Stopping threads took: 0.0570780 seconds
274.904: Application time: 0.0823490 seconds
274.971: [GC [PSYoungGen: 15277K->1962K(15360K)] 25618K->13085K(50688K), 0.0010550 secs] [Times: user=0.01 sys=0.00, real=0.00 secs] 
274.972: Total time for which application threads were stopped: 0.0677670 seconds, Stopping threads took: 0.0666390 seconds
275.055: Application time: 0.0834150 seconds
275.123: [GC [PSYoungGen: 15203K->1783K(15360K)] 26325K->12906K(50688K), 0.0007890 secs] [Times: user=0.00 sys=0.00, real=0.00 secs] 
275.124: Total time for which application threads were stopped: 0.0690440 seconds, Stopping threads took: 0.0681770 seconds
275.208: Application time: 0.0836580 seconds
275.245: [GC [PSYoungGen: 15062K->1978K(15360K)] 26185K->14281K(50688K), 0.0010970 secs] [Times: user=0.01 sys=0.00, real=0.00 secs] 
275.246: Total time for which application threads were stopped: 0.0385890 seconds, Stopping threads took: 0.0374020 seconds
275.329: Application time: 0.0828670 seconds
275.400: [GC [PSYoungGen: 15258K->1978K(15360K)] 27560K->14671K(50688K), 0.0011670 secs] [Times: user=0.00 sys=0.00, real=0.00 secs] 
275.401: Total time for which application threads were stopped: 0.0714100 seconds, Stopping threads took: 0.0701440 seconds
275.483: Application time: 0.0823540 seconds
275.532: [GC [PSYoungGen: 15277K->1913K(15360K)] 27970K->16567K(50688K), 0.0014380 secs] [Times: user=0.00 sys=0.00, real=0.00 secs] 
275.533: Total time for which application threads were stopped: 0.0501770 seconds, Stopping threads took: 0.0486420 seconds
275.618: Application time: 0.0848350 seconds
275.694: [GC [PSYoungGen: 15094K->774K(15360K)] 29749K->15437K(50688K), 0.0007360 secs] [Times: user=0.00 sys=0.00, real=0.00 secs] 
275.695: Total time for which application threads were stopped: 0.0767920 seconds, Stopping threads took: 0.0759810 seconds
275.778: Application time: 0.0832620 seconds
275.844: [GC [PSYoungGen: 13839K->742K(15360K)] 28502K->15405K(50688K), 0.0007080 secs] [Times: user=0.00 sys=0.00, real=0.00 secs] 
275.844: Total time for which application threads were stopped: 0.0661360 seconds, Stopping threads took: 0.0653240 seconds
275.929: Application time: 0.0848880 seconds
275.987: [GC [PSYoungGen: 14041K->1149K(15360K)] 28704K->15811K(50688K), 0.0007690 secs] [Times: user=0.01 sys=0.00, real=0.01 secs] 
275.988: Total time for which application threads were stopped: 0.0585590 seconds, Stopping threads took: 0.0577080 seconds
276.073: Application time: 0.0850260 seconds
276.140: [GC [PSYoungGen: 14350K->352K(15360K)] 29013K->15022K(50688K), 0.0006470 secs] [Times: user=0.00 sys=0.00, real=0.00 secs] 
276.141: Total time for which application threads were stopped: 0.0682370 seconds, Stopping threads took: 0.0675020 seconds
276.224: Application time: 0.0827350 seconds
276.291: [GC [PSYoungGen: 13651K->774K(15360K)] 28321K->15445K(50688K), 0.0006610 secs] [Times: user=0.00 sys=0.00, real=0.00 secs] 
276.292: Total time for which application threads were stopped: 0.0681050 seconds, Stopping threads took: 0.0673730 seconds
276.376: Application time: 0.0844860 seconds
276.440: [GC [PSYoungGen: 13839K->774K(15360K)] 28510K->15445K(50688K), 0.0006620 secs] [Times: user=0.00 sys=0.00, real=0.00 secs] 
276.441: Total time for which application threads were stopped: 0.0641740 seconds, Stopping threads took: 0.0634290 seconds
276.525: Application time: 0.0843630 seconds
276.582: [GC [PSYoungGen: 13761K->758K(15360K)] 28431K->15429K(50688K), 0.0005320 secs] [Times: user=0.00 sys=0.00, real=0.00 secs] 
276.583: Total time for which application threads were stopped: 0.0580350 seconds, Stopping threads took: 0.0574340 seconds
276.667: Application time: 0.0839650 seconds
276.705: [GC [PSYoungGen: 13745K->1864K(15360K)] 28415K->16543K(50688K), 0.0008420 secs] [Times: user=0.00 sys=0.00, real=0.00 secs] 
276.706: Total time for which application threads were stopped: 0.0387130 seconds, Stopping threads took: 0.0377950 seconds
276.790: Application time: 0.0843030 seconds
276.859: [GC [PSYoungGen: 15164K->1149K(15360K)] 29842K->15827K(50688K), 0.0006140 secs] [Times: user=0.01 sys=0.00, real=0.00 secs] 
276.859: Total time for which application threads were stopped: 0.0694170 seconds, Stopping threads took: 0.0687260 seconds
276.944: Application time: 0.0845430 seconds
277.008: [GC [PSYoungGen: 14331K->1360K(15360K)] 29009K->16039K(50688K), 0.0007350 secs] [Times: user=0.01 sys=0.00, real=0.00 secs] 
277.009: Total time for which application threads were stopped: 0.0649450 seconds, Stopping threads took: 0.0641030 seconds
277.092: Application time: 0.0830580 seconds
277.158: [GC [PSYoungGen: 14659K->1719K(15360K)] 29338K->16397K(50688K), 0.0007810 secs] [Times: user=0.01 sys=0.00, real=0.00 secs] 
277.159: Total time for which application threads were stopped: 0.0670980 seconds, Stopping threads took: 0.0662190 seconds
277.238: Application time: 0.0787000 seconds
277.290: [GC [PSYoungGen: 14920K->2012K(15360K)] 29599K->16698K(50688K), 0.0010730 secs] [Times: user=0.00 sys=0.00, real=0.00 secs] 
277.291: Total time for which application threads were stopped: 0.0529230 seconds, Stopping threads took: 0.0517580 seconds
277.369: Application time: 0.0784200 seconds
277.429: [GC [PSYoungGen: 15077K->2044K(15360K)] 29763K->16738K(50688K), 0.0010210 secs] [Times: user=0.00 sys=0.00, real=0.00 secs] 
277.430: Total time for which application threads were stopped: 0.0607910 seconds, Stopping threads took: 0.0596950 seconds
277.509: Application time: 0.0789990 seconds
277.577: [GC [PSYoungGen: 15343K->1360K(15360K)] 30037K->16063K(50688K), 0.0006510 secs] [Times: user=0.00 sys=0.00, real=0.00 secs] 
277.577: Total time for which application threads were stopped: 0.0685860 seconds, Stopping threads took: 0.0678570 seconds
277.654: Application time: 0.0770300 seconds
277.714: [GC [PSYoungGen: 14464K->1572K(15360K)] 29166K->16274K(50688K), 0.0007770 secs] [Times: user=0.01 sys=0.00, real=0.00 secs] 
277.715: Total time for which application threads were stopped: 0.0601570 seconds, Stopping threads took: 0.0592870 seconds
277.791: Application time: 0.0768290 seconds
277.825: [GC [PSYoungGen: 14695K->1783K(15360K)] 29397K->17275K(50688K), 0.0009130 secs] [Times: user=0.00 sys=0.00, real=0.00 secs] 
277.826: Total time for which application threads were stopped: 0.0345650 seconds, Stopping threads took: 0.0335850 seconds
277.902: Application time: 0.0761510 seconds
277.970: [GC [PSYoungGen: 15062K->1783K(15360K)] 30554K->17283K(50688K), 0.0007740 secs] [Times: user=0.00 sys=0.00, real=0.00 secs] 
277.971: Total time for which application threads were stopped: 0.0685160 seconds, Stopping threads took: 0.0676720 seconds
278.051: Application time: 0.0805520 seconds
278.114: [GC [PSYoungGen: 14789K->742K(15360K)] 30289K->16242K(50688K), 0.0005850 secs] [Times: user=0.00 sys=0.00, real=0.00 secs] 
278.115: Total time for which application threads were stopped: 0.0633400 seconds, Stopping threads took: 0.0626750 seconds
278.192: Application time: 0.0774070 seconds
278.252: [GC [PSYoungGen: 13729K->1849K(15360K)] 29229K->17348K(50688K), 0.0007510 secs] [Times: user=0.00 sys=0.00, real=0.00 secs] 
278.254: Total time for which application threads were stopped: 0.0619600 seconds, Stopping threads took: 0.0604250 seconds
278.333: Application time: 0.0787790 seconds
278.397: [GC [PSYoungGen: 15148K->1149K(15360K)] 30647K->16649K(50688K), 0.0007210 secs] [Times: user=0.01 sys=0.00, real=0.00 secs] 
278.397: Total time for which application threads were stopped: 0.0647130 seconds, Stopping threads took: 0.0639160 seconds
278.474: Application time: 0.0766640 seconds
278.538: [GC [PSYoungGen: 14350K->320K(15360K)] 29850K->15827K(50688K), 0.0004880 secs] [Times: user=0.00 sys=0.00, real=0.00 secs] 
278.538: Total time for which application threads were stopped: 0.0639820 seconds, Stopping threads took: 0.0634190 seconds
278.614: Application time: 0.0758060 seconds
278.671: [GC [PSYoungGen: 13619K->758K(15360K)] 29126K->16282K(50688K), 0.0007290 secs] [Times: user=0.00 sys=0.00, real=0.00 secs] 
278.672: Total time for which application threads were stopped: 0.0579720 seconds, Stopping threads took: 0.0571670 seconds
278.750: Application time: 0.0784640 seconds
278.799: [GC [PSYoungGen: 14057K->1133K(15360K)] 29581K->16665K(50688K), 0.0006540 secs] [Times: user=0.00 sys=0.00, real=0.00 secs] 
278.800: Total time for which application threads were stopped: 0.0497910 seconds, Stopping threads took: 0.0490640 seconds
278.878: Application time: 0.0774640 seconds
278.941: [GC [PSYoungGen: 14413K->336K(15360K)] 29944K->15867K(50688K), 0.0004740 secs] [Times: user=0.00 sys=0.00, real=0.00 secs] 
278.942: Total time for which application threads were stopped: 0.0640470 seconds, Stopping threads took: 0.0635000 seconds
279.017: Application time: 0.0756780 seconds
279.050: [GC [PSYoungGen: 13498K->1588K(15360K)] 29030K->17127K(50688K), 0.0006740 secs] [Times: user=0.00 sys=0.00, real=0.00 secs] 
279.051: Total time for which application threads were stopped: 0.0337240 seconds, Stopping threads took: 0.0329760 seconds
279.130: Application time: 0.0785760 seconds
279.190: [GC [PSYoungGen: 14867K->742K(15360K)] 30407K->16282K(50688K), 0.0007460 secs] [Times: user=0.00 sys=0.00, real=0.00 secs] 
279.191: Total time for which application threads were stopped: 0.0615180 seconds, Stopping threads took: 0.0606920 seconds
279.270: Application time: 0.0791090 seconds
279.326: [GC [PSYoungGen: 13924K->970K(15360K)] 29464K->16509K(50688K), 0.0005530 secs] [Times: user=0.00 sys=0.01, real=0.00 secs] 
279.327: Total time for which application threads were stopped: 0.0561910 seconds, Stopping threads took: 0.0555690 seconds
279.405: Application time: 0.0786150 seconds
279.456: [GC [PSYoungGen: 14230K->1149K(15360K)] 29769K->16697K(50688K), 0.0006040 secs] [Times: user=0.01 sys=0.00, real=0.00 secs] 
279.457: Total time for which application threads were stopped: 0.0519910 seconds, Stopping threads took: 0.0513180 seconds
279.534: Application time: 0.0764800 seconds
279.593: [GC [PSYoungGen: 14428K->1442K(15360K)] 29976K->16990K(50688K), 0.0007410 secs] [Times: user=0.01 sys=0.00, real=0.00 secs] 
279.594: Total time for which application threads were stopped: 0.0605330 seconds, Stopping threads took: 0.0597160 seconds
279.673: Application time: 0.0784540 seconds
279.739: [GC [PSYoungGen: 14741K->758K(15360K)] 30289K->16306K(50688K), 0.0005070 secs] [Times: user=0.00 sys=0.00, real=0.00 secs] 
279.739: Total time for which application threads were stopped: 0.0665700 seconds, Stopping threads took: 0.0659810 seconds
279.818: Application time: 0.0789440 seconds
279.877: [GC [PSYoungGen: 14057K->1149K(15360K)] 29605K->16705K(50688K), 0.0005800 secs] [Times: user=0.00 sys=0.00, real=0.00 secs] 
279.877: Total time for which application threads were stopped: 0.0593600 seconds, Stopping threads took: 0.0587050 seconds
279.958: Application time: 0.0802260 seconds
280.008: [GC [PSYoungGen: 14448K->1572K(15360K)] 30004K->17135K(50688K), 0.0007090 secs] [Times: user=0.00 sys=0.00, real=0.00 secs] 
280.009: Total time for which application threads were stopped: 0.0513310 seconds, Stopping threads took: 0.0505450 seconds
280.085: Application time: 0.0762970 seconds
280.149: [GC [PSYoungGen: 14851K->758K(15360K)] 30415K->16322K(50688K), 0.0005260 secs] [Times: user=0.01 sys=0.00, real=0.00 secs] 
280.150: Total time for which application threads were stopped: 0.0644830 seconds, Stopping threads took: 0.0638870 seconds
280.229: Application time: 0.0788100 seconds
280.288: [GC [PSYoungGen: 13745K->790K(15360K)] 29308K->16362K(50688K), 0.0005230 secs] [Times: user=0.01 sys=0.00, real=0.00 secs] 
280.289: Total time for which application threads were stopped: 0.0603310 seconds, Stopping threads took: 0.0597270 seconds
280.367: Application time: 0.0784360 seconds
280.418: [GC [PSYoungGen: 13972K->970K(15360K)] 29544K->16541K(50688K), 0.0005800 secs] [Times: user=0.01 sys=0.00, real=0.00 secs] 
280.419: Total time for which application threads were stopped: 0.0516390 seconds, Stopping threads took: 0.0509900 seconds
280.496: Application time: 0.0774530 seconds
280.549: [GC [PSYoungGen: 14269K->1360K(15360K)] 29840K->16932K(50688K), 0.0006530 secs] [Times: user=0.00 sys=0.00, real=0.00 secs] 
280.549: Total time for which application threads were stopped: 0.0529690 seconds, Stopping threads took: 0.0522470 seconds
280.627: Application time: 0.0770420 seconds
280.690: [GC [PSYoungGen: 14666K->579K(15360K)] 30238K->16151K(50688K), 0.0005550 secs] [Times: user=0.01 sys=0.00, real=0.00 secs] 
280.690: Total time for which application threads were stopped: 0.0639740 seconds, Stopping threads took: 0.0633260 seconds
280.765: Application time: 0.0750190 seconds
280.832: [GC [PSYoungGen: 13696K->595K(15360K)] 29268K->16167K(50688K), 0.0004910 secs] [Times: user=0.00 sys=0.00, real=0.00 secs] 
280.832: Total time for which application threads were stopped: 0.0665050 seconds, Stopping threads took: 0.0659320 seconds
280.909: Application time: 0.0773590 seconds
280.971: [GC [PSYoungGen: 13699K->774K(15360K)] 29270K->16354K(50688K), 0.0004800 secs] [Times: user=0.01 sys=0.00, real=0.00 secs] 
280.971: Total time for which application threads were stopped: 0.0619900 seconds, Stopping threads took: 0.0614420 seconds
281.050: Application time: 0.0785650 seconds
281.101: [GC [PSYoungGen: 14073K->1149K(15360K)] 29653K->16737K(50688K), 0.0005760 secs] [Times: user=0.00 sys=0.00, real=0.00 secs] 
281.102: Total time for which application threads were stopped: 0.0519040 seconds, Stopping threads took: 0.0512540 seconds
281.178: Application time: 0.0763730 seconds
281.243: [GC [PSYoungGen: 14448K->1524K(15360K)] 30036K->17119K(50688K), 0.0007910 secs] [Times: user=0.00 sys=0.00, real=0.00 secs] 
281.244: Total time for which application threads were stopped: 0.0654920 seconds, Stopping threads took: 0.0646300 seconds
281.326: Application time: 0.0827750 seconds
281.396: [GC [PSYoungGen: 14725K->790K(15360K)] 30321K->16402K(50688K), 0.0006050 secs] [Times: user=0.00 sys=0.00, real=0.00 secs] 
281.396: Total time for which application threads were stopped: 0.0697080 seconds, Stopping threads took: 0.0690170 seconds
281.479: Application time: 0.0824710 seconds
281.544: [GC [PSYoungGen: 13855K->790K(15360K)] 29467K->16418K(50688K), 0.0006000 secs] [Times: user=0.00 sys=0.00, real=0.00 secs] 
281.544: Total time for which application threads were stopped: 0.0657050 seconds, Stopping threads took: 0.0650070 seconds
281.630: Application time: 0.0851300 seconds
281.696: [GC [PSYoungGen: 13972K->986K(15360K)] 29600K->16621K(50688K), 0.0006100 secs] [Times: user=0.00 sys=0.00, real=0.00 secs] 
281.697: Total time for which application threads were stopped: 0.0670730 seconds, Stopping threads took: 0.0663990 seconds
281.780: Application time: 0.0837030 seconds
281.846: [GC [PSYoungGen: 14167K->1181K(15360K)] 29803K->16817K(50688K), 0.0008770 secs] [Times: user=0.00 sys=0.00, real=0.00 secs] 
281.847: Total time for which application threads were stopped: 0.0666160 seconds, Stopping threads took: 0.0656470 seconds
281.930: Application time: 0.0835160 seconds
281.990: [GC [PSYoungGen: 14382K->1442K(15360K)] 30018K->17078K(50688K), 0.0013310 secs] [Times: user=0.00 sys=0.00, real=0.00 secs] 
281.991: Total time for which application threads were stopped: 0.0604850 seconds, Stopping threads took: 0.0590710 seconds
282.073: Application time: 0.0818720 seconds
282.131: [GC [PSYoungGen: 14448K->1556K(15360K)] 30084K->17191K(50688K), 0.0007630 secs] [Times: user=0.00 sys=0.00, real=0.00 secs] 
282.132: Total time for which application threads were stopped: 0.0593930 seconds, Stopping threads took: 0.0585490 seconds
282.216: Application time: 0.0837680 seconds
282.290: [GC [PSYoungGen: 14718K->579K(15360K)] 30354K->16223K(50688K), 0.0007480 secs] [Times: user=0.00 sys=0.00, real=0.00 secs] 
282.291: Total time for which application threads were stopped: 0.0750690 seconds, Stopping threads took: 0.0742250 seconds
282.375: Application time: 0.0840660 seconds
282.443: [GC [PSYoungGen: 13888K->954K(15360K)] 29532K->16605K(50688K), 0.0007570 secs] [Times: user=0.00 sys=0.00, real=0.00 secs] 
282.443: Total time for which application threads were stopped: 0.0683110 seconds, Stopping threads took: 0.0674590 seconds
282.528: Application time: 0.0848920 seconds
282.586: [GC [PSYoungGen: 14206K->1117K(15360K)] 29857K->16777K(50688K), 0.0006770 secs] [Times: user=0.01 sys=0.00, real=0.00 secs] 
282.587: Total time for which application threads were stopped: 0.0583380 seconds, Stopping threads took: 0.0575700 seconds
282.670: Application time: 0.0828810 seconds
282.735: [GC [PSYoungGen: 14299K->1376K(15360K)] 29958K->17036K(50688K), 0.0008400 secs] [Times: user=0.01 sys=0.00, real=0.01 secs] 
282.736: Total time for which application threads were stopped: 0.0663260 seconds, Stopping threads took: 0.0654170 seconds
282.819: Application time: 0.0835560 seconds
282.888: [GC [PSYoungGen: 14577K->595K(15360K)] 30237K->16263K(50688K), 0.0004790 secs] [Times: user=0.00 sys=0.00, real=0.00 secs] 
282.889: Total time for which application threads were stopped: 0.0695410 seconds, Stopping threads took: 0.0689850 seconds
282.973: Application time: 0.0844060 seconds
283.037: [GC [PSYoungGen: 13699K->758K(15360K)] 29366K->16434K(50688K), 0.0006880 secs] [Times: user=0.00 sys=0.00, real=0.00 secs] 
283.037: Total time for which application threads were stopped: 0.0639010 seconds, Stopping threads took: 0.0631430 seconds
283.121: Application time: 0.0840390 seconds
283.177: [GC [PSYoungGen: 14057K->1149K(15360K)] 29733K->16825K(50688K), 0.0009650 secs] [Times: user=0.01 sys=0.00, real=0.00 secs] 
283.178: Total time for which application threads were stopped: 0.0567200 seconds, Stopping threads took: 0.0556540 seconds
283.261: Application time: 0.0827050 seconds
283.327: [GC [PSYoungGen: 14409K->1328K(15360K)] 30085K->17004K(50688K), 0.0007250 secs] [Times: user=0.00 sys=0.00, real=0.01 secs] 
283.329: Total time for which application threads were stopped: 0.0679750 seconds, Stopping threads took: 0.0662220 seconds
283.412: Application time: 0.0829370 seconds
283.470: [GC [PSYoungGen: 14608K->1653K(15360K)] 30283K->17329K(50688K), 0.0008010 secs] [Times: user=0.00 sys=0.00, real=0.00 secs] 
283.471: Total time for which application threads were stopped: 0.0596490 seconds, Stopping threads took: 0.0587520 seconds
283.554: Application time: 0.0829870 seconds
283.625: [GC [PSYoungGen: 14835K->774K(15360K)] 30511K->16450K(50688K), 0.0005570 secs] [Times: user=0.00 sys=0.00, real=0.00 secs] 
283.626: Total time for which application threads were stopped: 0.0715240 seconds, Stopping threads took: 0.0708720 seconds
283.710: Application time: 0.0837790 seconds
283.775: [GC [PSYoungGen: 13761K->790K(15360K)] 29437K->16482K(50688K), 0.0005560 secs] [Times: user=0.01 sys=0.00, real=0.01 secs] 
283.775: Total time for which application threads were stopped: 0.0657700 seconds, Stopping threads took: 0.0650990 seconds
283.859: Application time: 0.0837930 seconds
283.909: [GC [PSYoungGen: 13777K->742K(15360K)] 29469K->16442K(50688K), 0.0010370 secs] [Times: user=0.01 sys=0.00, real=0.00 secs] 
283.910: Total time for which application threads were stopped: 0.0512600 seconds, Stopping threads took: 0.0501270 seconds
283.995: Application time: 0.0842220 seconds
284.052: [GC [PSYoungGen: 13924K->970K(15360K)] 29624K->16677K(50688K), 0.0006200 secs] [Times: user=0.00 sys=0.00, real=0.00 secs] 
284.052: Total time for which application threads were stopped: 0.0577580 seconds, Stopping threads took: 0.0570450 seconds
284.136: Application time: 0.0831720 seconds
284.200: [GC [PSYoungGen: 14269K->1360K(15360K)] 29976K->17068K(50688K), 0.0006760 secs] [Times: user=0.00 sys=0.00, real=0.00 secs] 
284.201: Total time for which application threads were stopped: 0.0649860 seconds, Stopping threads took: 0.0642410 seconds
284.286: Application time: 0.0853300 seconds
284.355: [GC [PSYoungGen: 14640K->563K(15360K)] 30348K->16271K(50688K), 0.0005210 secs] [Times: user=0.00 sys=0.00, real=0.01 secs] 
284.355: Total time for which application threads were stopped: 0.0693800 seconds, Stopping threads took: 0.0687760 seconds
284.441: Application time: 0.0853220 seconds
284.504: [GC [PSYoungGen: 13862K->970K(15360K)] 29570K->16685K(50688K), 0.0005370 secs] [Times: user=0.00 sys=0.00, real=0.00 secs] 
284.504: Total time for which application threads were stopped: 0.0638290 seconds, Stopping threads took: 0.0632220 seconds
284.588: Application time: 0.0831990 seconds
284.656: [GC [PSYoungGen: 14152K->1149K(15360K)] 29867K->16865K(50688K), 0.0006770 secs] [Times: user=0.00 sys=0.00, real=0.00 secs] 
284.657: Total time for which application threads were stopped: 0.0693750 seconds, Stopping threads took: 0.0686240 seconds
284.740: Application time: 0.0830840 seconds
284.808: [GC [PSYoungGen: 14350K->336K(15360K)] 30066K->16059K(50688K), 0.0005210 secs] [Times: user=0.00 sys=0.00, real=0.00 secs] 
284.808: Total time for which application threads were stopped: 0.0682180 seconds, Stopping threads took: 0.0676230 seconds
284.891: Application time: 0.0828530 seconds
284.939: [GC [PSYoungGen: 13537K->2045K(15360K)] 29261K->19583K(50688K), 0.0013000 secs] [Times: user=0.01 sys=0.00, real=0.00 secs] 
284.941: Total time for which application threads were stopped: 0.0493160 seconds, Stopping threads took: 0.0479260 seconds
285.023: Application time: 0.0826260 seconds
285.101: [GC [PSYoungGen: 15129K->710K(15360K)] 32667K->18248K(50688K), 0.0005490 secs] [Times: user=0.01 sys=0.00, real=0.00 secs] 
285.102: Total time for which application threads were stopped: 0.0786510 seconds, Stopping threads took: 0.0780220 seconds
285.185: Application time: 0.0831070 seconds
285.246: [GC [PSYoungGen: 13853K->742K(15360K)] 31391K->18280K(50688K), 0.0005150 secs] [Times: user=0.00 sys=0.00, real=0.00 secs] 
285.246: Total time for which application threads were stopped: 0.0613970 seconds, Stopping threads took: 0.0607930 seconds
285.324: Application time: 0.0777560 seconds
285.378: [GC [PSYoungGen: 13729K->710K(15360K)] 31267K->18248K(50688K), 0.0006130 secs] [Times: user=0.00 sys=0.00, real=0.00 secs] 
285.378: Total time for which application threads were stopped: 0.0543220 seconds, Stopping threads took: 0.0536290 seconds
285.455: Application time: 0.0770520 seconds
285.518: [GC [PSYoungGen: 13697K->726K(15360K)] 31235K->18272K(50688K), 0.0006340 secs] [Times: user=0.00 sys=0.00, real=0.00 secs] 
285.518: Total time for which application threads were stopped: 0.0628250 seconds, Stopping threads took: 0.0620890 seconds
285.597: Application time: 0.0783510 seconds
285.646: [GC [PSYoungGen: 14025K->1181K(15360K)] 31571K->18735K(50688K), 0.0006740 secs] [Times: user=0.00 sys=0.00, real=0.00 secs] 
285.647: Total time for which application threads were stopped: 0.0500760 seconds, Stopping threads took: 0.0493120 seconds
285.725: Application time: 0.0783750 seconds
285.789: [GC [PSYoungGen: 14382K->320K(15360K)] 31936K->17881K(50688K), 0.0006230 secs] [Times: user=0.00 sys=0.00, real=0.00 secs] 
285.789: Total time for which application threads were stopped: 0.0641840 seconds, Stopping threads took: 0.0634710 seconds
285.867: Application time: 0.0781400 seconds
285.915: [GC [PSYoungGen: 13579K->563K(15360K)] 31141K->18133K(50688K), 0.0005510 secs] [Times: user=0.00 sys=0.00, real=0.01 secs] 
285.915: Total time for which application threads were stopped: 0.0480010 seconds, Stopping threads took: 0.0473800 seconds
285.992: Application time: 0.0764720 seconds
286.025: [GC [PSYoungGen: 13764K->1880K(15360K)] 31334K->20630K(50688K), 0.0010530 secs] [Times: user=0.01 sys=0.00, real=0.00 secs] 
286.026: Total time for which application threads were stopped: 0.0343070 seconds, Stopping threads took: 0.0331610 seconds
286.102: Application time: 0.0757440 seconds
286.167: [GC [PSYoungGen: 15179K->1913K(15360K)] 33929K->22233K(50688K), 0.0014270 secs] [Times: user=0.01 sys=0.00, real=0.01 secs] 
286.168: Total time for which application threads were stopped: 0.0661090 seconds, Stopping threads took: 0.0645890 seconds
286.245: Application time: 0.0766820 seconds
286.315: [GC [PSYoungGen: 15211K->579K(15360K)] 35532K->20899K(50688K), 0.0007930 secs] [Times: user=0.00 sys=0.00, real=0.01 secs] 
286.316: Total time for which application threads were stopped: 0.0712110 seconds, Stopping threads took: 0.0703430 seconds
286.395: Application time: 0.0789250 seconds
286.442: [GC [PSYoungGen: 13839K->742K(15360K)] 34159K->21070K(50688K), 0.0005310 secs] [Times: user=0.00 sys=0.00, real=0.00 secs] 
286.442: Total time for which application threads were stopped: 0.0474820 seconds, Stopping threads took: 0.0468630 seconds
286.519: Application time: 0.0770200 seconds
286.579: [GC [PSYoungGen: 14041K->1117K(15360K)] 34369K->21445K(50688K), 0.0008040 secs] [Times: user=0.00 sys=0.01, real=0.00 secs] 
286.580: Total time for which application threads were stopped: 0.0601820 seconds, Stopping threads took: 0.0592840 seconds
286.655: Application time: 0.0758180 seconds
286.692: [GC [PSYoungGen: 14397K->1962K(15360K)] 34725K->22884K(50688K), 0.0012060 secs] [Times: user=0.01 sys=0.00, real=0.00 secs] 
286.693: Total time for which application threads were stopped: 0.0373870 seconds, Stopping threads took: 0.0360880 seconds
286.771: Application time: 0.0779500 seconds
286.839: [GC [PSYoungGen: 15222K->595K(15360K)] 36144K->21517K(50688K), 0.0005930 secs] [Times: user=0.00 sys=0.00, real=0.00 secs] 
286.840: Total time for which application threads were stopped: 0.0689410 seconds, Stopping threads took: 0.0682570 seconds
286.918: Application time: 0.0783330 seconds
286.977: [GC [PSYoungGen: 13699K->726K(15360K)] 34621K->21648K(50688K), 0.0006790 secs] [Times: user=0.00 sys=0.00, real=0.00 secs] 
286.978: Total time for which application threads were stopped: 0.0600270 seconds, Stopping threads took: 0.0592560 seconds
287.055: Application time: 0.0772520 seconds
287.107: [GC [PSYoungGen: 13711K->758K(15360K)] 34633K->21688K(50688K), 0.0005700 secs] [Times: user=0.01 sys=0.00, real=0.01 secs] 
287.107: Total time for which application threads were stopped: 0.0520770 seconds, Stopping threads took: 0.0514080 seconds
287.185: Application time: 0.0780480 seconds
287.245: [GC [PSYoungGen: 13745K->742K(15360K)] 34675K->21680K(50688K), 0.0005680 secs] [Times: user=0.00 sys=0.00, real=0.00 secs] 
287.246: Total time for which application threads were stopped: 0.0603850 seconds, Stopping threads took: 0.0597480 seconds
287.325: Application time: 0.0789250 seconds
287.387: [GC [PSYoungGen: 13729K->742K(15360K)] 34667K->21688K(50688K), 0.0005270 secs] [Times: user=0.00 sys=0.00, real=0.00 secs] 
287.387: Total time for which application threads were stopped: 0.0623310 seconds, Stopping threads took: 0.0617350 seconds
287.466: Application time: 0.0787880 seconds
287.513: [GC [PSYoungGen: 14041K->1181K(15360K)] 34988K->22135K(50688K), 0.0005830 secs] [Times: user=0.00 sys=0.00, real=0.00 secs] 
287.514: Total time for which application threads were stopped: 0.0480170 seconds, Stopping threads took: 0.0473550 seconds
287.591: Application time: 0.0773010 seconds
287.650: [GC [PSYoungGen: 14363K->1360K(15360K)] 35317K->22314K(50688K), 0.0006750 secs] [Times: user=0.00 sys=0.00, real=0.00 secs] 
287.651: Total time for which application threads were stopped: 0.0596840 seconds, Stopping threads took: 0.0589280 seconds
287.730: Application time: 0.0788680 seconds
287.785: [GC [PSYoungGen: 14561K->563K(15360K)] 35516K->21517K(50688K), 0.0004680 secs] [Times: user=0.01 sys=0.00, real=0.00 secs] 
287.786: Total time for which application threads were stopped: 0.0557370 seconds, Stopping threads took: 0.0551980 seconds
287.862: Application time: 0.0764380 seconds
287.923: [GC [PSYoungGen: 13862K->986K(15360K)] 34816K->21956K(50688K), 0.0005850 secs] [Times: user=0.00 sys=0.00, real=0.00 secs] 
287.923: Total time for which application threads were stopped: 0.0615120 seconds, Stopping threads took: 0.0608520 seconds
288.002: Application time: 0.0784460 seconds
288.061: [GC [PSYoungGen: 14246K->1133K(15360K)] 35216K->22103K(50688K), 0.0006010 secs] [Times: user=0.00 sys=0.00, real=0.00 secs] 
288.062: Total time for which application threads were stopped: 0.0599890 seconds, Stopping threads took: 0.0593200 seconds
288.139: Application time: 0.0770400 seconds
288.188: [GC [PSYoungGen: 14432K->1572K(15360K)] 35402K->22542K(50688K), 0.0007320 secs] [Times: user=0.00 sys=0.00, real=0.00 secs] 
288.189: Total time for which application threads were stopped: 0.0499120 seconds, Stopping threads took: 0.0491000 seconds
288.266: Application time: 0.0771550 seconds
288.326: [GC [PSYoungGen: 14832K->1751K(15360K)] 35802K->22721K(50688K), 0.0008400 secs] [Times: user=0.00 sys=0.00, real=0.00 secs] 
288.327: Total time for which application threads were stopped: 0.0608350 seconds, Stopping threads took: 0.0599150 seconds
288.406: Application time: 0.0786750 seconds
288.461: [GC [PSYoungGen: 15030K->938K(15360K)] 36001K->21916K(50688K), 0.0006880 secs] [Times: user=0.00 sys=0.00, real=0.00 secs] 
288.463: Total time for which application threads were stopped: 0.0573990 seconds, Stopping threads took: 0.0557560 seconds
288.540: Application time: 0.0769810 seconds
288.596: [GC [PSYoungGen: 14120K->1149K(15360K)] 35098K->22127K(50688K), 0.0005990 secs] [Times: user=0.00 sys=0.00, real=0.00 secs] 
288.597: Total time for which application threads were stopped: 0.0570900 seconds, Stopping threads took: 0.0564210 seconds
288.677: Application time: 0.0795320 seconds
288.739: [GC [PSYoungGen: 14428K->352K(15360K)] 35407K->21346K(50688K), 0.0004220 secs] [Times: user=0.00 sys=0.00, real=0.00 secs] 
288.740: Total time for which application threads were stopped: 0.0630900 seconds, Stopping threads took: 0.0625880 seconds
288.818: Application time: 0.0782120 seconds
288.870: [GC [PSYoungGen: 13651K->774K(15360K)] 34645K->21776K(50688K), 0.0009420 secs] [Times: user=0.01 sys=0.00, real=0.00 secs] 
288.871: Total time for which application threads were stopped: 0.0527230 seconds, Stopping threads took: 0.0516860 seconds
288.949: Application time: 0.0783160 seconds
289.002: [GC [PSYoungGen: 13956K->986K(15360K)] 34958K->21988K(50688K), 0.0007860 secs] [Times: user=0.00 sys=0.00, real=0.00 secs] 
289.003: Total time for which application threads were stopped: 0.0539690 seconds, Stopping threads took: 0.0531160 seconds
289.081: Application time: 0.0776690 seconds
289.142: [GC [PSYoungGen: 14285K->1376K(15360K)] 35287K->22386K(50688K), 0.0006580 secs] [Times: user=0.01 sys=0.00, real=0.00 secs] 
289.143: Total time for which application threads were stopped: 0.0620200 seconds, Stopping threads took: 0.0612700 seconds
289.222: Application time: 0.0796650 seconds
289.281: [GC [PSYoungGen: 14656K->547K(15360K)] 35666K->21565K(50688K), 0.0007290 secs] [Times: user=0.00 sys=0.00, real=0.00 secs] 
289.282: Total time for which application threads were stopped: 0.0598340 seconds, Stopping threads took: 0.0590030 seconds
289.360: Application time: 0.0783350 seconds
289.416: [GC [PSYoungGen: 13651K->726K(15360K)] 34669K->21752K(50688K), 0.0005160 secs] [Times: user=0.00 sys=0.00, real=0.00 secs] 
289.417: Total time for which application threads were stopped: 0.0565030 seconds, Stopping threads took: 0.0559030 seconds
289.495: Application time: 0.0779660 seconds
289.547: [GC [PSYoungGen: 13713K->758K(15360K)] 34739K->21784K(50688K), 0.0007310 secs] [Times: user=0.00 sys=0.00, real=0.01 secs] 
289.548: Total time for which application threads were stopped: 0.0529380 seconds, Stopping threads took: 0.0521390 seconds
289.627: Application time: 0.0790840 seconds
289.686: [GC [PSYoungGen: 14057K->1117K(15360K)] 35084K->22159K(50688K), 0.0006520 secs] [Times: user=0.00 sys=0.00, real=0.00 secs] 
289.686: Total time for which application threads were stopped: 0.0593220 seconds, Stopping threads took: 0.0586010 seconds
289.764: Application time: 0.0781900 seconds
289.825: [GC [PSYoungGen: 14422K->352K(15360K)] 35465K->21394K(50688K), 0.0005050 secs] [Times: user=0.00 sys=0.00, real=0.00 secs] 
289.826: Total time for which application threads were stopped: 0.0613450 seconds, Stopping threads took: 0.0607380 seconds
289.902: Application time: 0.0759380 seconds
289.959: [GC [PSYoungGen: 13533K->515K(15360K)] 34576K->21557K(50688K), 0.0004930 secs] [Times: user=0.00 sys=0.00, real=0.00 secs] 
289.959: Total time for which application threads were stopped: 0.0576920 seconds, Stopping threads took: 0.0571280 seconds
290.038: Application time: 0.0788230 seconds
290.098: [GC [PSYoungGen: 13632K->515K(15360K)] 34674K->21565K(50688K), 0.0004950 secs] [Times: user=0.00 sys=0.00, real=0.00 secs] 
290.098: Total time for which application threads were stopped: 0.0598410 seconds, Stopping threads took: 0.0592700 seconds
290.173: Application time: 0.0752910 seconds
290.174: [GC [PSYoungGen: 13814K->2046K(15360K)] 34864K->26353K(50688K), 0.0016150 secs] [Times: user=0.01 sys=0.00, real=0.01 secs] 
290.176: Total time for which application threads were stopped: 0.0021700 seconds, Stopping threads took: 0.0004810 seconds
290.322: Application time: 0.1465060 seconds
290.329: [GC [PSYoungGen: 15227K->1021K(15360K)] 39535K->25344K(50688K), 0.0006520 secs] [Times: user=0.00 sys=0.00, real=0.00 secs] 
290.330: Total time for which application threads were stopped: 0.0074840 seconds, Stopping threads took: 0.0067490 seconds
290.407: Application time: 0.0771330 seconds
290.468: [GC [PSYoungGen: 14320K->1443K(15360K)] 38643K->25775K(50688K), 0.0006930 secs] [Times: user=0.00 sys=0.00, real=0.00 secs] 
290.469: Total time for which application threads were stopped: 0.0619100 seconds, Stopping threads took: 0.0611500 seconds
290.546: Application time: 0.0774560 seconds
290.610: [GC [PSYoungGen: 14723K->646K(15360K)] 39054K->24986K(50688K), 0.0004970 secs] [Times: user=0.00 sys=0.00, real=0.00 secs] 
290.610: Total time for which application threads were stopped: 0.0641540 seconds, Stopping threads took: 0.0635900 seconds
290.688: Application time: 0.0782390 seconds
290.737: [GC [PSYoungGen: 13633K->646K(15360K)] 37972K->25002K(50688K), 0.0007570 secs] [Times: user=0.00 sys=0.00, real=0.00 secs] 
290.738: Total time for which application threads were stopped: 0.0494450 seconds, Stopping threads took: 0.0486160 seconds
290.816: Application time: 0.0784520 seconds
290.876: [GC [PSYoungGen: 13945K->1037K(15360K)] 38301K->25392K(50688K), 0.0005610 secs] [Times: user=0.00 sys=0.00, real=0.00 secs] 
290.877: Total time for which application threads were stopped: 0.0604960 seconds, Stopping threads took: 0.0598580 seconds
290.953: Application time: 0.0765030 seconds
291.013: [GC [PSYoungGen: 14219K->1296K(15360K)] 38574K->25660K(50688K), 0.0008180 secs] [Times: user=0.00 sys=0.00, real=0.00 secs] 
291.014: Total time for which application threads were stopped: 0.0606630 seconds, Stopping threads took: 0.0597700 seconds
291.093: Application time: 0.0791990 seconds
291.145: [GC [PSYoungGen: 14595K->1703K(15360K)] 38959K->26066K(50688K), 0.0007290 secs] [Times: user=0.00 sys=0.00, real=0.00 secs] 
291.145: Total time for which application threads were stopped: 0.0522450 seconds, Stopping threads took: 0.0514370 seconds
291.223: Application time: 0.0779830 seconds
291.282: [GC [PSYoungGen: 14885K->1914K(15360K)] 39248K->26286K(50688K), 0.0008870 secs] [Times: user=0.00 sys=0.00, real=0.00 secs] 
291.283: Total time for which application threads were stopped: 0.0597520 seconds, Stopping threads took: 0.0587920 seconds
291.360: Application time: 0.0771390 seconds
291.422: [GC [PSYoungGen: 14881K->694K(15360K)] 39253K->25066K(50688K), 0.0006820 secs] [Times: user=0.00 sys=0.00, real=0.00 secs] 
291.422: Total time for which application threads were stopped: 0.0620650 seconds, Stopping threads took: 0.0612990 seconds
291.502: Application time: 0.0797950 seconds
291.552: [GC [PSYoungGen: 13993K->1101K(15360K)] 38365K->25480K(50688K), 0.0006260 secs] [Times: user=0.00 sys=0.00, real=0.00 secs] 
291.553: Total time for which application threads were stopped: 0.0508590 seconds, Stopping threads took: 0.0501660 seconds
291.630: Application time: 0.0774420 seconds
291.682: [GC [PSYoungGen: 14087K->1149K(15360K)] 38467K->25528K(50688K), 0.0007090 secs] [Times: user=0.00 sys=0.00, real=0.00 secs] 
291.683: Total time for which application threads were stopped: 0.0526670 seconds, Stopping threads took: 0.0518640 seconds
291.761: Application time: 0.0778060 seconds
291.821: [GC [PSYoungGen: 14331K->1328K(15360K)] 38710K->25724K(50688K), 0.0008470 secs] [Times: user=0.00 sys=0.00, real=0.00 secs] 
291.822: Total time for which application threads were stopped: 0.0610770 seconds, Stopping threads took: 0.0601420 seconds
291.901: Application time: 0.0785270 seconds
291.953: [GC [PSYoungGen: 14627K->1799K(15360K)] 39023K->26202K(50688K), 0.0008900 secs] [Times: user=0.01 sys=0.00, real=0.00 secs] 
291.954: Total time for which application threads were stopped: 0.0531490 seconds, Stopping threads took: 0.0521570 seconds
292.034: Application time: 0.0800820 seconds
292.099: [GC [PSYoungGen: 15078K->954K(15360K)] 39482K->25365K(50688K), 0.0006330 secs] [Times: user=0.00 sys=0.00, real=0.00 secs] 
292.100: Total time for which application threads were stopped: 0.0661630 seconds, Stopping threads took: 0.0654600 seconds
292.181: Application time: 0.0805410 seconds
292.238: [GC [PSYoungGen: 14252K->1360K(15360K)] 38664K->25772K(50688K), 0.0007360 secs] [Times: user=0.01 sys=0.00, real=0.00 secs] 
292.239: Total time for which application threads were stopped: 0.0584060 seconds, Stopping threads took: 0.0575760 seconds
292.316: Application time: 0.0767970 seconds
292.380: [GC [PSYoungGen: 14640K->563K(15360K)] 39051K->24990K(50688K), 0.0007340 secs] [Times: user=0.00 sys=0.00, real=0.00 secs] 
292.381: Total time for which application threads were stopped: 0.0654100 seconds, Stopping threads took: 0.0645880 seconds
292.459: Application time: 0.0779080 seconds
292.518: [GC [PSYoungGen: 13745K->790K(15360K)] 38173K->25218K(50688K), 0.0004980 secs] [Times: user=0.00 sys=0.00, real=0.00 secs] 
292.519: Total time for which application threads were stopped: 0.0595090 seconds, Stopping threads took: 0.0589360 seconds
292.597: Application time: 0.0781860 seconds
292.657: [GC [PSYoungGen: 13777K->742K(15360K)] 38205K->25186K(50688K), 0.0005280 secs] [Times: user=0.00 sys=0.00, real=0.00 secs] 
292.657: Total time for which application threads were stopped: 0.0605910 seconds, Stopping threads took: 0.0599930 seconds
292.735: Application time: 0.0773560 seconds
292.786: [GC [PSYoungGen: 13924K->1002K(15360K)] 38368K->25453K(50688K), 0.0005840 secs] [Times: user=0.00 sys=0.00, real=0.00 secs] 
292.786: Total time for which application threads were stopped: 0.0517540 seconds, Stopping threads took: 0.0511030 seconds
292.864: Application time: 0.0774100 seconds
292.925: [GC [PSYoungGen: 14183K->1165K(15360K)] 38635K->25616K(50688K), 0.0006030 secs] [Times: user=0.01 sys=0.00, real=0.00 secs] 
292.925: Total time for which application threads were stopped: 0.0613030 seconds, Stopping threads took: 0.0606270 seconds
293.002: Application time: 0.0769370 seconds
293.055: [GC [PSYoungGen: 14366K->1442K(15360K)] 38818K->25901K(50688K), 0.0007580 secs] [Times: user=0.00 sys=0.00, real=0.00 secs] 
293.056: Total time for which application threads were stopped: 0.0541520 seconds, Stopping threads took: 0.0533120 seconds
293.132: Application time: 0.0759920 seconds
293.193: [GC [PSYoungGen: 14624K->1637K(15360K)] 39083K->26097K(50688K), 0.0007240 secs] [Times: user=0.01 sys=0.00, real=0.00 secs] 
293.194: Total time for which application threads were stopped: 0.0618850 seconds, Stopping threads took: 0.0610890 seconds
293.273: Application time: 0.0787920 seconds
293.337: [GC [PSYoungGen: 14819K->1849K(15360K)] 39279K->26324K(50688K), 0.0008220 secs] [Times: user=0.01 sys=0.00, real=0.00 secs] 
293.337: Total time for which application threads were stopped: 0.0644850 seconds, Stopping threads took: 0.0635900 seconds
293.415: Application time: 0.0772700 seconds
293.474: [GC [PSYoungGen: 15148K->2028K(15360K)] 39623K->26707K(50688K), 0.0009210 secs] [Times: user=0.00 sys=0.00, real=0.01 secs] 
293.475: Total time for which application threads were stopped: 0.0606320 seconds, Stopping threads took: 0.0590350 seconds
293.551: Application time: 0.0759700 seconds
293.621: [GC [PSYoungGen: 15307K->336K(15360K)] 39986K->25014K(50688K), 0.0005720 secs] [Times: user=0.00 sys=0.00, real=0.00 secs] 
293.622: Total time for which application threads were stopped: 0.0703750 seconds, Stopping threads took: 0.0697190 seconds
293.698: Application time: 0.0764140 seconds
293.758: [GC [PSYoungGen: 13635K->742K(15360K)] 38314K->25437K(50688K), 0.0006630 secs] [Times: user=0.01 sys=0.00, real=0.00 secs] 
293.759: Total time for which application threads were stopped: 0.0609310 seconds, Stopping threads took: 0.0601900 seconds
293.836: Application time: 0.0765940 seconds
293.887: [GC [PSYoungGen: 13885K->758K(15360K)] 38580K->25469K(50688K), 0.0005920 secs] [Times: user=0.00 sys=0.00, real=0.01 secs] 
293.888: Total time for which application threads were stopped: 0.0520620 seconds, Stopping threads took: 0.0513810 seconds
293.965: Application time: 0.0772330 seconds
294.025: [GC [PSYoungGen: 13745K->742K(15360K)] 38456K->25453K(50688K), 0.0005650 secs] [Times: user=0.00 sys=0.00, real=0.00 secs] 
294.025: Total time for which application threads were stopped: 0.0604530 seconds, Stopping threads took: 0.0598180 seconds
294.105: Application time: 0.0795880 seconds
294.153: [GC [PSYoungGen: 14041K->1133K(15360K)] 38752K->25860K(50688K), 0.0006470 secs] [Times: user=0.00 sys=0.00, real=0.00 secs] 
294.154: Total time for which application threads were stopped: 0.0486780 seconds, Stopping threads took: 0.0479520 seconds
294.229: Application time: 0.0749610 seconds
294.290: [GC [PSYoungGen: 14432K->1897K(15360K)] 39159K->27405K(50688K), 0.0010390 secs] [Times: user=0.01 sys=0.00, real=0.00 secs] 
294.291: Total time for which application threads were stopped: 0.0627760 seconds, Stopping threads took: 0.0616600 seconds
294.369: Application time: 0.0779060 seconds
294.438: [GC [PSYoungGen: 15098K->790K(15360K)] 40606K->26306K(50688K), 0.0005810 secs] [Times: user=0.01 sys=0.00, real=0.00 secs] 
294.438: Total time for which application threads were stopped: 0.0688050 seconds, Stopping threads took: 0.0681350 seconds
294.517: Application time: 0.0787270 seconds
294.577: [GC [PSYoungGen: 13894K->986K(15360K)] 39410K->26510K(50688K), 0.0006670 secs] [Times: user=0.01 sys=0.00, real=0.00 secs] 
294.577: Total time for which application threads were stopped: 0.0604470 seconds, Stopping threads took: 0.0596890 seconds
294.655: Application time: 0.0779560 seconds
294.714: [GC [PSYoungGen: 14167K->1133K(15360K)] 39692K->26665K(50688K), 0.0006660 secs] [Times: user=0.00 sys=0.00, real=0.00 secs] 
294.714: Total time for which application threads were stopped: 0.0592220 seconds, Stopping threads took: 0.0584790 seconds
294.792: Application time: 0.0773600 seconds
294.843: [GC [PSYoungGen: 14276K->1181K(15360K)] 39808K->26721K(50688K), 0.0008910 secs] [Times: user=0.00 sys=0.00, real=0.00 secs] 
294.844: Total time for which application threads were stopped: 0.0521840 seconds, Stopping threads took: 0.0511940 seconds
294.921: Application time: 0.0772780 seconds
294.982: [GC [PSYoungGen: 14480K->1604K(15360K)] 40020K->27152K(50688K), 0.0007380 secs] [Times: user=0.00 sys=0.00, real=0.00 secs] 
294.982: Total time for which application threads were stopped: 0.0611350 seconds, Stopping threads took: 0.0603240 seconds
295.060: Application time: 0.0779270 seconds
295.118: [GC [PSYoungGen: 14805K->774K(15360K)] 40353K->26322K(50688K), 0.0008050 secs] [Times: user=0.01 sys=0.00, real=0.00 secs] 
295.119: Total time for which application threads were stopped: 0.0586030 seconds, Stopping threads took: 0.0577080 seconds
295.196: Application time: 0.0774520 seconds
295.247: [GC [PSYoungGen: 13839K->726K(15360K)] 39387K->26282K(50688K), 0.0005670 secs] [Times: user=0.00 sys=0.00, real=0.01 secs] 
295.248: Total time for which application threads were stopped: 0.0510440 seconds, Stopping threads took: 0.0504010 seconds
295.325: Application time: 0.0775870 seconds
295.385: [GC [PSYoungGen: 13713K->710K(15360K)] 39269K->26274K(50688K), 0.0004940 secs] [Times: user=0.00 sys=0.00, real=0.00 secs] 
295.385: Total time for which application threads were stopped: 0.0601930 seconds, Stopping threads took: 0.0596310 seconds
295.463: Application time: 0.0776030 seconds
295.524: [GC [PSYoungGen: 13892K->970K(15360K)] 39456K->26534K(50688K), 0.0005840 secs] [Times: user=0.00 sys=0.00, real=0.00 secs] 
295.525: Total time for which application threads were stopped: 0.0619780 seconds, Stopping threads took: 0.0613210 seconds
295.604: Application time: 0.0790960 seconds
295.653: [GC [PSYoungGen: 14269K->1376K(15360K)] 39833K->26948K(50688K), 0.0008960 secs] [Times: user=0.00 sys=0.01, real=0.00 secs] 
295.654: Total time for which application threads were stopped: 0.0498890 seconds, Stopping threads took: 0.0489010 seconds
295.733: Application time: 0.0790820 seconds
295.793: [GC [PSYoungGen: 14480K->1572K(15360K)] 40052K->27144K(50688K), 0.0009600 secs] [Times: user=0.00 sys=0.00, real=0.00 secs] 
295.794: Total time for which application threads were stopped: 0.0611980 seconds, Stopping threads took: 0.0601390 seconds
295.871: Application time: 0.0768850 seconds
295.934: [GC [PSYoungGen: 14773K->726K(15360K)] 40345K->26306K(50688K), 0.0007290 secs] [Times: user=0.00 sys=0.00, real=0.00 secs] 
295.935: Total time for which application threads were stopped: 0.0638400 seconds, Stopping threads took: 0.0630170 seconds
296.013: Application time: 0.0781660 seconds
296.073: [GC [PSYoungGen: 13791K->742K(15360K)] 39371K->26330K(50688K), 0.0007050 secs] [Times: user=0.00 sys=0.00, real=0.00 secs] 
296.073: Total time for which application threads were stopped: 0.0604040 seconds, Stopping threads took: 0.0596210 seconds
296.152: Application time: 0.0788580 seconds
296.204: [GC [PSYoungGen: 13729K->742K(15360K)] 39317K->26330K(50688K), 0.0005790 secs] [Times: user=0.00 sys=0.00, real=0.00 secs] 
296.205: Total time for which application threads were stopped: 0.0527210 seconds, Stopping threads took: 0.0520710 seconds
296.283: Application time: 0.0778870 seconds
296.344: [GC [PSYoungGen: 13807K->774K(15360K)] 39395K->26362K(50688K), 0.0006320 secs] [Times: user=0.01 sys=0.00, real=0.00 secs] 
296.345: Total time for which application threads were stopped: 0.0616500 seconds, Stopping threads took: 0.0609250 seconds
296.424: Application time: 0.0798520 seconds
296.470: [GC [PSYoungGen: 14073K->1197K(15360K)] 39661K->26785K(50688K), 0.0006000 secs] [Times: user=0.00 sys=0.00, real=0.00 secs] 
296.471: Total time for which application threads were stopped: 0.0463850 seconds, Stopping threads took: 0.0457150 seconds
296.550: Application time: 0.0794190 seconds
296.603: [GC [PSYoungGen: 14476K->1458K(15360K)] 40064K->27046K(50688K), 0.0006630 secs] [Times: user=0.01 sys=0.00, real=0.00 secs] 
296.603: Total time for which application threads were stopped: 0.0532280 seconds, Stopping threads took: 0.0524940 seconds
296.680: Application time: 0.0766860 seconds
296.748: [GC [PSYoungGen: 14640K->547K(15360K)] 40228K->26143K(50688K), 0.0005220 secs] [Times: user=0.00 sys=0.00, real=0.00 secs] 
296.749: Total time for which application threads were stopped: 0.0686660 seconds, Stopping threads took: 0.0680680 seconds
296.828: Application time: 0.0789580 seconds
296.874: [GC [PSYoungGen: 13651K->742K(15360K)] 39247K->26346K(50688K), 0.0005330 secs] [Times: user=0.00 sys=0.00, real=0.00 secs] 
296.875: Total time for which application threads were stopped: 0.0467780 seconds, Stopping threads took: 0.0461640 seconds
296.953: Application time: 0.0780760 seconds
297.013: [GC [PSYoungGen: 13729K->742K(15360K)] 39333K->26346K(50688K), 0.0005440 secs] [Times: user=0.00 sys=0.00, real=0.00 secs] 
297.014: Total time for which application threads were stopped: 0.0612790 seconds, Stopping threads took: 0.0606670 seconds
297.092: Application time: 0.0778970 seconds
297.148: [GC [PSYoungGen: 14041K->1181K(15360K)] 39645K->26785K(50688K), 0.0007020 secs] [Times: user=0.00 sys=0.00, real=0.00 secs] 
297.149: Total time for which application threads were stopped: 0.0568140 seconds, Stopping threads took: 0.0560430 seconds
297.226: Application time: 0.0776420 seconds
297.288: [GC [PSYoungGen: 14480K->1571K(15360K)] 40084K->27192K(50688K), 0.0008510 secs] [Times: user=0.00 sys=0.00, real=0.00 secs] 
297.289: Total time for which application threads were stopped: 0.0623090 seconds, Stopping threads took: 0.0613640 seconds
297.367: Application time: 0.0781240 seconds
297.430: [GC [PSYoungGen: 14851K->774K(15360K)] 40471K->26402K(50688K), 0.0006690 secs] [Times: user=0.00 sys=0.00, real=0.00 secs] 
297.431: Total time for which application threads were stopped: 0.0638550 seconds, Stopping threads took: 0.0630850 seconds
297.509: Application time: 0.0786280 seconds
297.569: [GC [PSYoungGen: 13956K->970K(15360K)] 39584K->26606K(50688K), 0.0006450 secs] [Times: user=0.01 sys=0.00, real=0.00 secs] 
297.570: Total time for which application threads were stopped: 0.0604770 seconds, Stopping threads took: 0.0597670 seconds
297.648: Application time: 0.0779580 seconds
297.698: [GC [PSYoungGen: 14151K->1149K(15360K)] 39788K->26785K(50688K), 0.0006240 secs] [Times: user=0.00 sys=0.00, real=0.00 secs] 
297.699: Total time for which application threads were stopped: 0.0509670 seconds, Stopping threads took: 0.0502710 seconds
297.774: Application time: 0.0749280 seconds
297.835: [GC [PSYoungGen: 14331K->1344K(15360K)] 39967K->26980K(50688K), 0.0008710 secs] [Times: user=0.00 sys=0.00, real=0.01 secs] 
297.836: Total time for which application threads were stopped: 0.0624750 seconds, Stopping threads took: 0.0615370 seconds
297.912: Application time: 0.0761840 seconds
297.960: [GC [PSYoungGen: 14428K->2010K(15360K)] 40065K->28232K(50688K), 0.0009650 secs] [Times: user=0.01 sys=0.00, real=0.00 secs] 
297.961: Total time for which application threads were stopped: 0.0486500 seconds, Stopping threads took: 0.0475820 seconds
298.051: Application time: 0.0906060 seconds
298.120: [GC [PSYoungGen: 15270K->515K(15360K)] 41492K->26745K(50688K), 0.0004970 secs] [Times: user=0.00 sys=0.00, real=0.00 secs] 
298.120: Total time for which application threads were stopped: 0.0685840 seconds, Stopping threads took: 0.0679940 seconds
298.199: Application time: 0.0788200 seconds
298.257: [GC [PSYoungGen: 13814K->1002K(15360K)] 40044K->27240K(50688K), 0.0006920 secs] [Times: user=0.00 sys=0.00, real=0.00 secs] 
298.258: Total time for which application threads were stopped: 0.0592570 seconds, Stopping threads took: 0.0584710 seconds
298.335: Application time: 0.0770510 seconds
298.383: [GC [PSYoungGen: 14105K->1165K(15360K)] 40343K->27411K(50688K), 0.0006620 secs] [Times: user=0.00 sys=0.00, real=0.00 secs] 
298.383: Total time for which application threads were stopped: 0.0480090 seconds, Stopping threads took: 0.0472730 seconds
298.462: Application time: 0.0791180 seconds
298.521: [GC [PSYoungGen: 14347K->1344K(15360K)] 40593K->27590K(50688K), 0.0006410 secs] [Times: user=0.00 sys=0.00, real=0.00 secs] 
298.523: Total time for which application threads were stopped: 0.0604290 seconds, Stopping threads took: 0.0587280 seconds
298.599: Application time: 0.0765360 seconds
298.651: [GC [PSYoungGen: 14448K->1555K(15360K)] 40694K->27810K(50688K), 0.0007450 secs] [Times: user=0.01 sys=0.00, real=0.00 secs] 
298.651: Total time for which application threads were stopped: 0.0520240 seconds, Stopping threads took: 0.0512060 seconds
298.729: Application time: 0.0781510 seconds
298.789: [GC [PSYoungGen: 14854K->1994K(15360K)] 41109K->28256K(50688K), 0.0007990 secs] [Times: user=0.00 sys=0.00, real=0.00 secs] 
298.789: Total time for which application threads were stopped: 0.0599910 seconds, Stopping threads took: 0.0591250 seconds
298.866: Application time: 0.0769530 seconds
298.930: [GC [PSYoungGen: 15156K->986K(15360K)] 41419K->27248K(50688K), 0.0005670 secs] [Times: user=0.00 sys=0.00, real=0.00 secs] 
298.930: Total time for which application threads were stopped: 0.0638390 seconds, Stopping threads took: 0.0631990 seconds
299.008: Application time: 0.0775980 seconds
299.062: [GC [PSYoungGen: 13972K->970K(15360K)] 40234K->27248K(50688K), 0.0007240 secs] [Times: user=0.01 sys=0.00, real=0.00 secs] 
299.063: Total time for which application threads were stopped: 0.0550670 seconds, Stopping threads took: 0.0542520 seconds
299.139: Application time: 0.0764330 seconds
299.199: [GC [PSYoungGen: 14151K->1149K(15360K)] 40430K->27427K(50688K), 0.0007150 secs] [Times: user=0.00 sys=0.00, real=0.00 secs] 
299.200: Total time for which application threads were stopped: 0.0601150 seconds, Stopping threads took: 0.0593170 seconds
299.277: Application time: 0.0778210 seconds
299.337: [GC [PSYoungGen: 14331K->1376K(15360K)] 40609K->27654K(50688K), 0.0007390 secs] [Times: user=0.01 sys=0.00, real=0.00 secs] 
299.338: Total time for which application threads were stopped: 0.0609120 seconds, Stopping threads took: 0.0600800 seconds
299.414: Application time: 0.0762230 seconds
299.467: [GC [PSYoungGen: 14577K->1669K(15360K)] 40856K->27955K(50688K), 0.0007620 secs] [Times: user=0.01 sys=0.00, real=0.01 secs] 
299.467: Total time for which application threads were stopped: 0.0528470 seconds, Stopping threads took: 0.0520020 seconds
299.546: Application time: 0.0790040 seconds
299.612: [GC [PSYoungGen: 14773K->758K(15360K)] 41059K->27060K(50688K), 0.0007260 secs] [Times: user=0.00 sys=0.00, real=0.00 secs] 
299.612: Total time for which application threads were stopped: 0.0661610 seconds, Stopping threads took: 0.0653570 seconds
299.691: Application time: 0.0788310 seconds
299.750: [GC [PSYoungGen: 13823K->758K(15360K)] 40125K->27068K(50688K), 0.0005380 secs] [Times: user=0.00 sys=0.00, real=0.00 secs] 
299.750: Total time for which application threads were stopped: 0.0591610 seconds, Stopping threads took: 0.0585530 seconds
299.829: Application time: 0.0784670 seconds
299.877: [GC [PSYoungGen: 13940K->970K(15360K)] 40250K->27288K(50688K), 0.0005450 secs] [Times: user=0.01 sys=0.00, real=0.00 secs] 
299.878: Total time for which application threads were stopped: 0.0487420 seconds, Stopping threads took: 0.0481260 seconds
299.955: Application time: 0.0771260 seconds
300.002: [GC [PSYoungGen: 14269K->1360K(15360K)] 40587K->27686K(50688K), 0.0006510 secs] [Times: user=0.00 sys=0.00, real=0.00 secs] 
300.003: Total time for which application threads were stopped: 0.0482860 seconds, Stopping threads took: 0.0475640 seconds
300.083: Application time: 0.0796900 seconds
300.146: [GC [PSYoungGen: 14562K->595K(15360K)] 40888K->26937K(50688K), 0.0005000 secs] [Times: user=0.00 sys=0.00, real=0.00 secs] 
300.146: Total time for which application threads were stopped: 0.0636240 seconds, Stopping threads took: 0.0630230 seconds
300.222: Application time: 0.0754210 seconds
300.292: [GC [PSYoungGen: 13777K->774K(15360K)] 40119K->27116K(50688K), 0.0006740 secs] [Times: user=0.00 sys=0.00, real=0.00 secs] 
300.293: Total time for which application threads were stopped: 0.0709080 seconds, Stopping threads took: 0.0701500 seconds
300.369: Application time: 0.0760680 seconds
300.404: [GC [PSYoungGen: 14054K->2044K(15360K)] 40396K->29558K(50688K), 0.0011540 secs] [Times: user=0.01 sys=0.00, real=0.00 secs] 
300.405: Total time for which application threads were stopped: 0.0365530 seconds, Stopping threads took: 0.0352970 seconds
300.496: Application time: 0.0910570 seconds
300.567: [GC [PSYoungGen: 15323K->1360K(15360K)] 42837K->28882K(50688K), 0.0007730 secs] [Times: user=0.00 sys=0.00, real=0.01 secs] 
300.567: Total time for which application threads were stopped: 0.0709880 seconds, Stopping threads took: 0.0701200 seconds
300.644: Application time: 0.0770470 seconds
300.703: [GC [PSYoungGen: 14620K->1556K(15360K)] 42142K->29078K(50688K), 0.0009310 secs] [Times: user=0.00 sys=0.00, real=0.00 secs] 
300.704: Total time for which application threads were stopped: 0.0596150 seconds, Stopping threads took: 0.0586040 seconds
300.780: Application time: 0.0762780 seconds
300.849: [GC [PSYoungGen: 14757K->758K(15360K)] 42279K->28280K(50688K), 0.0007930 secs] [Times: user=0.01 sys=0.00, real=0.00 secs] 
300.850: Total time for which application threads were stopped: 0.0695100 seconds, Stopping threads took: 0.0686280 seconds
300.929: Application time: 0.0795740 seconds
300.977: [GC [PSYoungGen: 13745K->774K(15360K)] 41267K->28304K(50688K), 0.0006070 secs] [Times: user=0.00 sys=0.00, real=0.00 secs] 
300.978: Total time for which application threads were stopped: 0.0480580 seconds, Stopping threads took: 0.0473610 seconds
301.056: Application time: 0.0786390 seconds
301.116: [GC [PSYoungGen: 14073K->1149K(15360K)] 41603K->28687K(50688K), 0.0006500 secs] [Times: user=0.00 sys=0.00, real=0.00 secs] 
301.117: Total time for which application threads were stopped: 0.0607540 seconds, Stopping threads took: 0.0600250 seconds
301.194: Application time: 0.0770790 seconds
301.254: [GC [PSYoungGen: 14331K->1376K(15360K)] 41869K->28922K(50688K), 0.0006660 secs] [Times: user=0.00 sys=0.00, real=0.00 secs] 
301.254: Total time for which application threads were stopped: 0.0601840 seconds, Stopping threads took: 0.0594400 seconds
301.331: Application time: 0.0764110 seconds
301.382: [GC [PSYoungGen: 14558K->1572K(15360K)] 42104K->29126K(50688K), 0.0007760 secs] [Times: user=0.00 sys=0.00, real=0.00 secs] 
301.383: Total time for which application threads were stopped: 0.0524300 seconds, Stopping threads took: 0.0515830 seconds
301.461: Application time: 0.0776520 seconds
301.521: [GC [PSYoungGen: 14753K->1783K(15360K)] 42307K->29337K(50688K), 0.0007630 secs] [Times: user=0.01 sys=0.00, real=0.00 secs] 
301.522: Total time for which application threads were stopped: 0.0613570 seconds, Stopping threads took: 0.0605270 seconds
301.600: Application time: 0.0777790 seconds
301.662: [GC [PSYoungGen: 14984K->986K(15360K)] 42538K->28540K(50688K), 0.0006700 secs] [Times: user=0.01 sys=0.00, real=0.00 secs] 
301.663: Total time for which application threads were stopped: 0.0633420 seconds, Stopping threads took: 0.0626000 seconds
301.744: Application time: 0.0805360 seconds
301.794: [GC [PSYoungGen: 13972K->986K(15360K)] 41526K->28548K(50688K), 0.0005840 secs] [Times: user=0.00 sys=0.00, real=0.00 secs] 
301.794: Total time for which application threads were stopped: 0.0506870 seconds, Stopping threads took: 0.0500220 seconds
301.872: Application time: 0.0772590 seconds
301.930: [GC [PSYoungGen: 14167K->1181K(15360K)] 41729K->28751K(50688K), 0.0006180 secs] [Times: user=0.00 sys=0.00, real=0.00 secs] 
301.931: Total time for which application threads were stopped: 0.0594260 seconds, Stopping threads took: 0.0587400 seconds
302.010: Application time: 0.0787930 seconds
302.057: [GC [PSYoungGen: 14363K->1360K(15360K)] 41933K->28930K(50688K), 0.0006740 secs] [Times: user=0.00 sys=0.00, real=0.00 secs] 
302.058: Total time for which application threads were stopped: 0.0478690 seconds, Stopping threads took: 0.0471240 seconds
302.135: Application time: 0.0768140 seconds
302.194: [GC [PSYoungGen: 14659K->1719K(15360K)] 42229K->29289K(50688K), 0.0007700 secs] [Times: user=0.00 sys=0.00, real=0.00 secs] 
302.195: Total time for which application threads were stopped: 0.0601470 seconds, Stopping threads took: 0.0593070 seconds
302.274: Application time: 0.0790250 seconds
302.321: [GC [PSYoungGen: 14901K->1962K(15360K)] 42471K->29540K(50688K), 0.0008850 secs] [Times: user=0.00 sys=0.00, real=0.00 secs] 
302.322: Total time for which application threads were stopped: 0.0484400 seconds, Stopping threads took: 0.0474680 seconds
302.400: Application time: 0.0773420 seconds
302.458: [GC [PSYoungGen: 15144K->1946K(15360K)] 42722K->29728K(50688K), 0.0009100 secs] [Times: user=0.00 sys=0.00, real=0.00 secs] 
302.459: Total time for which application threads were stopped: 0.0598020 seconds, Stopping threads took: 0.0588230 seconds
302.538: Application time: 0.0787210 seconds
302.589: [GC [PSYoungGen: 15128K->1978K(15360K)] 42910K->30158K(50688K), 0.0009760 secs] [Times: user=0.00 sys=0.00, real=0.00 secs] 
302.590: Total time for which application threads were stopped: 0.0522910 seconds, Stopping threads took: 0.0512410 seconds
302.668: Application time: 0.0780950 seconds
302.731: [GC [PSYoungGen: 15258K->1571K(15360K)] 43438K->29760K(50688K), 0.0007110 secs] [Times: user=0.01 sys=0.00, real=0.00 secs] 
302.731: Total time for which application threads were stopped: 0.0629480 seconds, Stopping threads took: 0.0621660 seconds
302.812: Application time: 0.0804580 seconds
302.874: [GC [PSYoungGen: 14773K->742K(15360K)] 42961K->28930K(50688K), 0.0005510 secs] [Times: user=0.00 sys=0.00, real=0.00 secs] 
302.875: Total time for which application threads were stopped: 0.0631180 seconds, Stopping threads took: 0.0624920 seconds
302.954: Application time: 0.0790240 seconds
303.013: [GC [PSYoungGen: 14041K->1133K(15360K)] 42229K->29329K(50688K), 0.0005770 secs] [Times: user=0.00 sys=0.00, real=0.00 secs] 
303.014: Total time for which application threads were stopped: 0.0598540 seconds, Stopping threads took: 0.0592060 seconds
303.094: Application time: 0.0802270 seconds
303.157: [GC [PSYoungGen: 14413K->304K(15360K)] 42609K->28500K(50688K), 0.0004990 secs] [Times: user=0.00 sys=0.00, real=0.00 secs] 
303.158: Total time for which application threads were stopped: 0.0638910 seconds, Stopping threads took: 0.0633020 seconds
303.234: Application time: 0.0756370 seconds
303.267: [GC [PSYoungGen: 13583K->1767K(15360K)] 41779K->29971K(50688K), 0.0008110 secs] [Times: user=0.01 sys=0.00, real=0.01 secs] 
303.268: Total time for which application threads were stopped: 0.0340940 seconds, Stopping threads took: 0.0331860 seconds
303.346: Application time: 0.0785210 seconds
303.406: [GC [PSYoungGen: 15066K->1930K(15360K)] 43270K->30346K(50688K), 0.0009220 secs] [Times: user=0.01 sys=0.00, real=0.00 secs] 
303.407: Total time for which application threads were stopped: 0.0602710 seconds, Stopping threads took: 0.0592640 seconds
303.483: Application time: 0.0764210 seconds
303.545: [GC [PSYoungGen: 15171K->1165K(15360K)] 43586K->29588K(50688K), 0.0006580 secs] [Times: user=0.00 sys=0.00, real=0.00 secs] 
303.547: Total time for which application threads were stopped: 0.0636250 seconds, Stopping threads took: 0.0619940 seconds
303.625: Application time: 0.0783380 seconds
303.689: [GC [PSYoungGen: 14366K->336K(15360K)] 42790K->28759K(50688K), 0.0004450 secs] [Times: user=0.01 sys=0.00, real=0.00 secs] 
303.690: Total time for which application threads were stopped: 0.0647640 seconds, Stopping threads took: 0.0642440 seconds
303.765: Application time: 0.0757900 seconds
303.799: [GC [PSYoungGen: 13596K->1978K(15360K)] 42019K->31191K(50688K), 0.0010840 secs] [Times: user=0.00 sys=0.00, real=0.00 secs] 
303.800: Total time for which application threads were stopped: 0.0344250 seconds, Stopping threads took: 0.0332560 seconds
303.879: Application time: 0.0786730 seconds
303.947: [GC [PSYoungGen: 15082K->758K(15360K)] 44294K->29979K(50688K), 0.0004950 secs] [Times: user=0.00 sys=0.00, real=0.01 secs] 
303.947: Total time for which application threads were stopped: 0.0687320 seconds, Stopping threads took: 0.0681600 seconds
304.024: Application time: 0.0771490 seconds
304.086: [GC [PSYoungGen: 13745K->726K(15360K)] 42966K->29955K(50688K), 0.0004930 secs] [Times: user=0.00 sys=0.00, real=0.00 secs] 
304.087: Total time for which application threads were stopped: 0.0620870 seconds, Stopping threads took: 0.0615150 seconds
304.166: Application time: 0.0798380 seconds
304.221: [GC [PSYoungGen: 14025K->1133K(15360K)] 43254K->30362K(50688K), 0.0006740 secs] [Times: user=0.01 sys=0.00, real=0.00 secs] 
304.221: Total time for which application threads were stopped: 0.0548840 seconds, Stopping threads took: 0.0541230 seconds
304.298: Application time: 0.0762160 seconds
304.346: [GC [PSYoungGen: 14334K->1410K(15360K)] 43563K->30647K(50688K), 0.0008430 secs] [Times: user=0.00 sys=0.00, real=0.00 secs] 
304.347: Total time for which application threads were stopped: 0.0492460 seconds, Stopping threads took: 0.0483190 seconds
304.425: Application time: 0.0783060 seconds
304.484: [GC [PSYoungGen: 14709K->1849K(15360K)] 43946K->31093K(50688K), 0.0007660 secs] [Times: user=0.00 sys=0.00, real=0.00 secs] 
304.485: Total time for which application threads were stopped: 0.0601680 seconds, Stopping threads took: 0.0593210 seconds
304.562: Application time: 0.0769240 seconds
304.615: [GC [PSYoungGen: 15148K->2044K(15360K)] 44392K->31492K(50688K), 0.0009230 secs] [Times: user=0.00 sys=0.00, real=0.01 secs] 
304.616: Total time for which application threads were stopped: 0.0538800 seconds, Stopping threads took: 0.0528900 seconds
304.693: Application time: 0.0767780 seconds
304.757: [GC [PSYoungGen: 15265K->1165K(15360K)] 44713K->30621K(50688K), 0.0006460 secs] [Times: user=0.00 sys=0.00, real=0.00 secs] 
304.758: Total time for which application threads were stopped: 0.0648740 seconds, Stopping threads took: 0.0641580 seconds
304.837: Application time: 0.0797080 seconds
304.897: [GC [PSYoungGen: 14444K->336K(15360K)] 43900K->29792K(50688K), 0.0005810 secs] [Times: user=0.00 sys=0.00, real=0.00 secs] 
304.898: Total time for which application threads were stopped: 0.0604710 seconds, Stopping threads took: 0.0598210 seconds
304.974: Application time: 0.0758290 seconds
305.025: [GC [PSYoungGen: 13537K->1751K(15360K)] 42993K->31207K(50688K), 0.0009020 secs] [Times: user=0.00 sys=0.00, real=0.00 secs] 
305.026: Total time for which application threads were stopped: 0.0521340 seconds, Stopping threads took: 0.0511300 seconds
305.105: Application time: 0.0795120 seconds
305.165: [GC [PSYoungGen: 14933K->1978K(15360K)] 44389K->31442K(50688K), 0.0008940 secs] [Times: user=0.00 sys=0.00, real=0.00 secs] 
305.166: Total time for which application threads were stopped: 0.0603170 seconds, Stopping threads took: 0.0593420 seconds
305.244: Application time: 0.0786580 seconds
305.305: [GC [PSYoungGen: 15258K->1149K(15360K)] 44722K->30621K(50688K), 0.0007180 secs] [Times: user=0.01 sys=0.00, real=0.00 secs] 
305.306: Total time for which application threads were stopped: 0.0617990 seconds, Stopping threads took: 0.0609860 seconds
305.383: Application time: 0.0766210 seconds
305.438: [GC [PSYoungGen: 14448K->1555K(15360K)] 43920K->31028K(50688K), 0.0008980 secs] [Times: user=0.01 sys=0.00, real=0.00 secs] 
305.439: Total time for which application threads were stopped: 0.0562320 seconds, Stopping threads took: 0.0552510 seconds
305.517: Application time: 0.0775840 seconds
305.573: [GC [PSYoungGen: 14757K->1865K(15360K)] 44229K->31345K(50688K), 0.0007930 secs] [Times: user=0.00 sys=0.00, real=0.00 secs] 
305.573: Total time for which application threads were stopped: 0.0568760 seconds, Stopping threads took: 0.0559980 seconds
305.650: Application time: 0.0767680 seconds
305.702: [GC [PSYoungGen: 15144K->1946K(15360K)] 44624K->31622K(50688K), 0.0008610 secs] [Times: user=0.01 sys=0.00, real=0.00 secs] 
305.703: Total time for which application threads were stopped: 0.0524260 seconds, Stopping threads took: 0.0514930 seconds
305.779: Application time: 0.0766200 seconds
305.844: [GC [PSYoungGen: 15147K->1392K(15360K)] 44823K->31076K(50688K), 0.0007520 secs] [Times: user=0.01 sys=0.00, real=0.00 secs] 
305.845: Total time for which application threads were stopped: 0.0657700 seconds, Stopping threads took: 0.0649450 seconds
305.925: Application time: 0.0795770 seconds
305.986: [GC [PSYoungGen: 14594K->595K(15360K)] 44277K->30278K(50688K), 0.0007930 secs] [Times: user=0.00 sys=0.00, real=0.00 secs] 
305.987: Total time for which application threads were stopped: 0.0626390 seconds, Stopping threads took: 0.0617460 seconds
306.066: Application time: 0.0785560 seconds
306.126: [GC [PSYoungGen: 13855K->774K(15360K)] 43538K->30474K(50688K), 0.0006920 secs] [Times: user=0.00 sys=0.00, real=0.00 secs] 
306.126: Total time for which application threads were stopped: 0.0605230 seconds, Stopping threads took: 0.0597450 seconds
306.206: Application time: 0.0792450 seconds
306.257: [GC [PSYoungGen: 13956K->986K(15360K)] 43655K->30685K(50688K), 0.0007340 secs] [Times: user=0.00 sys=0.00, real=0.00 secs] 
306.258: Total time for which application threads were stopped: 0.0519470 seconds, Stopping threads took: 0.0511410 seconds
306.336: Application time: 0.0782130 seconds
306.386: [GC [PSYoungGen: 13933K->790K(15360K)] 43633K->30490K(50688K), 0.0005520 secs] [Times: user=0.00 sys=0.00, real=0.00 secs] 
306.387: Total time for which application threads were stopped: 0.0511650 seconds, Stopping threads took: 0.0505410 seconds
306.465: Application time: 0.0783890 seconds
306.524: [GC [PSYoungGen: 13777K->742K(15360K)] 43476K->30442K(50688K), 0.0006840 secs] [Times: user=0.00 sys=0.00, real=0.00 secs] 
306.525: Total time for which application threads were stopped: 0.0598540 seconds, Stopping threads took: 0.0590910 seconds
306.605: Application time: 0.0796140 seconds
306.656: [GC [PSYoungGen: 14041K->1181K(15360K)] 43741K->30880K(50688K), 0.0007760 secs] [Times: user=0.00 sys=0.00, real=0.00 secs] 
306.657: Total time for which application threads were stopped: 0.0521060 seconds, Stopping threads took: 0.0512530 seconds
306.734: Application time: 0.0768300 seconds
306.793: [GC [PSYoungGen: 14480K->1556K(15360K)] 44179K->31263K(50688K), 0.0008070 secs] [Times: user=0.01 sys=0.00, real=0.00 secs] 
306.794: Total time for which application threads were stopped: 0.0603870 seconds, Stopping threads took: 0.0595070 seconds
306.871: Application time: 0.0770170 seconds
306.939: [GC [PSYoungGen: 14757K->758K(15360K)] 44464K->30474K(50688K), 0.0005390 secs] [Times: user=0.00 sys=0.00, real=0.00 secs] 
306.939: Total time for which application threads were stopped: 0.0680210 seconds, Stopping threads took: 0.0673890 seconds
307.017: Application time: 0.0779400 seconds
307.065: [GC [PSYoungGen: 13745K->790K(15360K)] 43460K->30506K(50688K), 0.0007850 secs] [Times: user=0.01 sys=0.00, real=0.00 secs] 
307.066: Total time for which application threads were stopped: 0.0490300 seconds, Stopping threads took: 0.0481780 seconds
307.146: Application time: 0.0798280 seconds
307.197: [GC [PSYoungGen: 14089K->1149K(15360K)] 43805K->30872K(50688K), 0.0007660 secs] [Times: user=0.01 sys=0.00, real=0.00 secs] 
307.198: Total time for which application threads were stopped: 0.0516170 seconds, Stopping threads took: 0.0507510 seconds
307.274: Application time: 0.0764960 seconds
307.334: [GC [PSYoungGen: 14135K->1165K(15360K)] 43859K->30896K(50688K), 0.0008770 secs] [Times: user=0.01 sys=0.01, real=0.00 secs] 
307.335: Total time for which application threads were stopped: 0.0606010 seconds, Stopping threads took: 0.0596350 seconds
307.415: Application time: 0.0804540 seconds
307.462: [GC [PSYoungGen: 14464K->1571K(15360K)] 44195K->31303K(50688K), 0.0012330 secs] [Times: user=0.00 sys=0.00, real=0.00 secs] 
307.463: Total time for which application threads were stopped: 0.0477470 seconds, Stopping threads took: 0.0464400 seconds
307.539: Application time: 0.0762720 seconds
307.601: [GC [PSYoungGen: 14870K->1946K(15360K)] 44602K->31678K(50688K), 0.0008190 secs] [Times: user=0.00 sys=0.00, real=0.00 secs] 
307.602: Total time for which application threads were stopped: 0.0624850 seconds, Stopping threads took: 0.0616000 seconds
307.677: Application time: 0.0757570 seconds
307.741: [GC [PSYoungGen: 15187K->970K(15360K)] 44918K->30709K(50688K), 0.0005750 secs] [Times: user=0.00 sys=0.00, real=0.00 secs] 
307.742: Total time for which application threads were stopped: 0.0642470 seconds, Stopping threads took: 0.0635820 seconds
307.819: Application time: 0.0772310 seconds
307.878: [GC [PSYoungGen: 14112K->922K(15360K)] 43852K->30661K(50688K), 0.0005810 secs] [Times: user=0.00 sys=0.00, real=0.00 secs] 
307.878: Total time for which application threads were stopped: 0.0593260 seconds, Stopping threads took: 0.0586770 seconds
307.956: Application time: 0.0782520 seconds
308.017: [GC [PSYoungGen: 14220K->1376K(15360K)] 43960K->31116K(50688K), 0.0007310 secs] [Times: user=0.00 sys=0.00, real=0.00 secs] 
308.018: Total time for which application threads were stopped: 0.0616980 seconds, Stopping threads took: 0.0608940 seconds
308.096: Application time: 0.0777050 seconds
308.158: [GC [PSYoungGen: 14675K->1735K(15360K)] 44415K->31482K(50688K), 0.0007390 secs] [Times: user=0.01 sys=0.00, real=0.00 secs] 
308.158: Total time for which application threads were stopped: 0.0623820 seconds, Stopping threads took: 0.0615710 seconds
308.237: Application time: 0.0789870 seconds
308.297: [GC [PSYoungGen: 15014K->986K(15360K)] 44762K->30741K(50688K), 0.0006500 secs] [Times: user=0.01 sys=0.00, real=0.00 secs] 
308.298: Total time for which application threads were stopped: 0.0605670 seconds, Stopping threads took: 0.0598360 seconds
308.376: Application time: 0.0784700 seconds
308.429: [GC [PSYoungGen: 14089K->1229K(15360K)] 43845K->30992K(50688K), 0.0006620 secs] [Times: user=0.01 sys=0.00, real=0.00 secs] 
308.429: Total time for which application threads were stopped: 0.0529110 seconds, Stopping threads took: 0.0521800 seconds
308.507: Application time: 0.0778560 seconds
308.567: [GC [PSYoungGen: 14411K->1344K(15360K)] 44174K->31116K(50688K), 0.0007530 secs] [Times: user=0.00 sys=0.00, real=0.01 secs] 
308.568: Total time for which application threads were stopped: 0.0612820 seconds, Stopping threads took: 0.0596900 seconds
308.646: Application time: 0.0771570 seconds
308.697: [GC [PSYoungGen: 14448K->1556K(15360K)] 44219K->31327K(50688K), 0.0008850 secs] [Times: user=0.01 sys=0.00, real=0.00 secs] 
308.698: Total time for which application threads were stopped: 0.0527590 seconds, Stopping threads took: 0.0517940 seconds
308.777: Application time: 0.0788020 seconds
308.837: [GC [PSYoungGen: 14855K->1946K(15360K)] 44626K->31718K(50688K), 0.0008700 secs] [Times: user=0.00 sys=0.00, real=0.00 secs] 
308.838: Total time for which application threads were stopped: 0.0608290 seconds, Stopping threads took: 0.0598580 seconds
308.916: Application time: 0.0778250 seconds
308.967: [GC [PSYoungGen: 15226K->2028K(15360K)] 44997K->31995K(50688K), 0.0011990 secs] [Times: user=0.01 sys=0.00, real=0.01 secs] 
308.968: Total time for which application threads were stopped: 0.0525950 seconds, Stopping threads took: 0.0513140 seconds
309.044: Application time: 0.0756950 seconds
309.111: [GC [PSYoungGen: 15288K->1376K(15360K)] 45255K->31351K(50688K), 0.0007290 secs] [Times: user=0.00 sys=0.00, real=0.00 secs] 
309.112: Total time for which application threads were stopped: 0.0674930 seconds, Stopping threads took: 0.0666670 seconds
309.188: Application time: 0.0766810 seconds
309.250: [GC [PSYoungGen: 14675K->1767K(15360K)] 44650K->31742K(50688K), 0.0008320 secs] [Times: user=0.00 sys=0.00, real=0.00 secs] 
309.251: Total time for which application threads were stopped: 0.0627730 seconds, Stopping threads took: 0.0618430 seconds
309.328: Application time: 0.0771870 seconds
309.379: [GC [PSYoungGen: 14968K->1881K(15360K)] 44943K->32059K(50688K), 0.0008080 secs] [Times: user=0.01 sys=0.01, real=0.00 secs] 
309.380: Total time for which application threads were stopped: 0.0515510 seconds, Stopping threads took: 0.0506620 seconds
309.457: Application time: 0.0777440 seconds
309.521: [GC [PSYoungGen: 15179K->1344K(15360K)] 45357K->31522K(50688K), 0.0006660 secs] [Times: user=0.00 sys=0.00, real=0.00 secs] 
309.522: Total time for which application threads were stopped: 0.0646930 seconds, Stopping threads took: 0.0639480 seconds
309.599: Application time: 0.0767640 seconds
309.653: [GC [PSYoungGen: 14487K->1360K(15360K)] 44665K->31538K(50688K), 0.0007350 secs] [Times: user=0.00 sys=0.00, real=0.00 secs] 
309.653: Total time for which application threads were stopped: 0.0545020 seconds, Stopping threads took: 0.0536970 seconds
309.730: Application time: 0.0770240 seconds
309.790: [GC [PSYoungGen: 14542K->1540K(15360K)] 44720K->31734K(50688K), 0.0007110 secs] [Times: user=0.00 sys=0.00, real=0.00 secs] 
309.791: Total time for which application threads were stopped: 0.0602500 seconds, Stopping threads took: 0.0594730 seconds
309.868: Application time: 0.0770560 seconds
309.919: [GC [PSYoungGen: 14741K->1865K(15360K)] 44935K->32067K(50688K), 0.0008020 secs] [Times: user=0.00 sys=0.00, real=0.00 secs] 
309.919: Total time for which application threads were stopped: 0.0515800 seconds, Stopping threads took: 0.0506990 seconds
309.998: Application time: 0.0781590 seconds
310.061: [GC [PSYoungGen: 14851K->758K(15360K)] 45053K->30960K(50688K), 0.0005980 secs] [Times: user=0.01 sys=0.00, real=0.00 secs] 
310.061: Total time for which application threads were stopped: 0.0638380 seconds, Stopping threads took: 0.0631460 seconds
310.139: Application time: 0.0773230 seconds
310.200: [GC [PSYoungGen: 13745K->774K(15360K)] 43947K->30976K(50688K), 0.0006400 secs] [Times: user=0.00 sys=0.00, real=0.00 secs] 
310.201: Total time for which application threads were stopped: 0.0620110 seconds, Stopping threads took: 0.0612830 seconds
310.278: Application time: 0.0776370 seconds
310.332: [GC [PSYoungGen: 13761K->742K(15360K)] 43963K->30952K(50688K), 0.0006620 secs] [Times: user=0.00 sys=0.00, real=0.00 secs] 
310.333: Total time for which application threads were stopped: 0.0542230 seconds, Stopping threads took: 0.0534700 seconds
310.411: Application time: 0.0781460 seconds
310.462: [GC [PSYoungGen: 14041K->1165K(15360K)] 44251K->31375K(50688K), 0.0006430 secs] [Times: user=0.00 sys=0.00, real=0.00 secs] 
310.463: Total time for which application threads were stopped: 0.0520250 seconds, Stopping threads took: 0.0512870 seconds
310.539: Application time: 0.0762090 seconds
310.604: [GC [PSYoungGen: 14366K->352K(15360K)] 44576K->30570K(50688K), 0.0005340 secs] [Times: user=0.00 sys=0.00, real=0.00 secs] 
310.605: Total time for which application threads were stopped: 0.0657590 seconds, Stopping threads took: 0.0651530 seconds
310.681: Application time: 0.0763200 seconds
310.715: [GC [PSYoungGen: 13514K->1556K(15360K)] 43732K->31774K(50688K), 0.0007180 secs] [Times: user=0.00 sys=0.00, real=0.01 secs] 
310.715: Total time for which application threads were stopped: 0.0343450 seconds, Stopping threads took: 0.0335610 seconds
310.793: Application time: 0.0778130 seconds
310.853: [GC [PSYoungGen: 14757K->1849K(15360K)] 44975K->32067K(50688K), 0.0010110 secs] [Times: user=0.01 sys=0.00, real=0.00 secs] 
310.854: Total time for which application threads were stopped: 0.0609300 seconds, Stopping threads took: 0.0598240 seconds
310.933: Application time: 0.0791310 seconds
310.992: [GC [PSYoungGen: 14835K->742K(15360K)] 45053K->30968K(50688K), 0.0007030 secs] [Times: user=0.01 sys=0.00, real=0.00 secs] 
310.993: Total time for which application threads were stopped: 0.0599320 seconds, Stopping threads took: 0.0591260 seconds
311.072: Application time: 0.0788710 seconds
311.130: [GC [PSYoungGen: 14041K->1117K(15360K)] 44267K->31359K(50688K), 0.0006400 secs] [Times: user=0.00 sys=0.00, real=0.00 secs] 
311.131: Total time for which application threads were stopped: 0.0585740 seconds, Stopping threads took: 0.0578690 seconds
311.208: Application time: 0.0771200 seconds
311.256: [GC [PSYoungGen: 14299K->1360K(15360K)] 44541K->31602K(50688K), 0.0006360 secs] [Times: user=0.00 sys=0.00, real=0.00 secs] 
311.257: Total time for which application threads were stopped: 0.0492810 seconds, Stopping threads took: 0.0485740 seconds
311.336: Application time: 0.0790960 seconds
311.398: [GC [PSYoungGen: 14523K->320K(15360K)] 44765K->30562K(50688K), 0.0004830 secs] [Times: user=0.00 sys=0.00, real=0.00 secs] 
311.399: Total time for which application threads were stopped: 0.0627430 seconds, Stopping threads took: 0.0621850 seconds
311.476: Application time: 0.0772040 seconds
311.536: [GC [PSYoungGen: 13501K->531K(15360K)] 43743K->30773K(50688K), 0.0005100 secs] [Times: user=0.00 sys=0.00, real=0.00 secs] 
311.537: Total time for which application threads were stopped: 0.0607490 seconds, Stopping threads took: 0.0601610 seconds
311.615: Application time: 0.0785790 seconds
311.664: [GC [PSYoungGen: 13830K->938K(15360K)] 44072K->31188K(50688K), 0.0006340 secs] [Times: user=0.00 sys=0.00, real=0.00 secs] 
311.665: Total time for which application threads were stopped: 0.0492170 seconds, Stopping threads took: 0.0485150 seconds
311.741: Application time: 0.0759570 seconds
311.802: [GC [PSYoungGen: 14237K->1344K(15360K)] 44487K->31602K(50688K), 0.0008090 secs] [Times: user=0.00 sys=0.00, real=0.00 secs] 
311.803: Total time for which application threads were stopped: 0.0625190 seconds, Stopping threads took: 0.0616360 seconds
311.881: Application time: 0.0778490 seconds
311.942: [GC [PSYoungGen: 14624K->579K(15360K)] 44882K->30837K(50688K), 0.0005520 secs] [Times: user=0.00 sys=0.00, real=0.00 secs] 
311.943: Total time for which application threads were stopped: 0.0619840 seconds, Stopping threads took: 0.0613630 seconds
312.021: Application time: 0.0783010 seconds
312.081: [GC [PSYoungGen: 13761K->758K(15360K)] 44019K->31032K(50688K), 0.0006610 secs] [Times: user=0.01 sys=0.00, real=0.00 secs] 
312.082: Total time for which application threads were stopped: 0.0606930 seconds, Stopping threads took: 0.0599350 seconds
312.160: Application time: 0.0780230 seconds
312.221: [GC [PSYoungGen: 14057K->1133K(15360K)] 44331K->31415K(50688K), 0.0006520 secs] [Times: user=0.00 sys=0.00, real=0.00 secs] 
312.221: Total time for which application threads were stopped: 0.0612710 seconds, Stopping threads took: 0.0605490 seconds
312.298: Application time: 0.0769130 seconds
312.350: [GC [PSYoungGen: 14432K->1588K(15360K)] 44714K->31878K(50688K), 0.0006920 secs] [Times: user=0.00 sys=0.00, real=0.00 secs] 
312.351: Total time for which application threads were stopped: 0.0525290 seconds, Stopping threads took: 0.0517660 seconds
312.427: Application time: 0.0761720 seconds
312.486: [GC [PSYoungGen: 14828K->563K(15360K)] 45118K->30853K(50688K), 0.0005080 secs] [Times: user=0.00 sys=0.00, real=0.00 secs] 
312.487: Total time for which application threads were stopped: 0.0600430 seconds, Stopping threads took: 0.0594490 seconds
312.563: Application time: 0.0762360 seconds
312.628: [GC [PSYoungGen: 13745K->710K(15360K)] 44035K->31000K(50688K), 0.0005530 secs] [Times: user=0.01 sys=0.00, real=0.00 secs] 
312.628: Total time for which application threads were stopped: 0.0651720 seconds, Stopping threads took: 0.0645160 seconds
312.707: Application time: 0.0789940 seconds
312.759: [GC [PSYoungGen: 13892K->970K(15360K)] 44182K->31268K(50688K), 0.0006060 secs] [Times: user=0.00 sys=0.00, real=0.00 secs] 
312.759: Total time for which application threads were stopped: 0.0520620 seconds, Stopping threads took: 0.0513780 seconds
312.836: Application time: 0.0769310 seconds
312.891: [GC [PSYoungGen: 14268K->1328K(15360K)] 44566K->31626K(50688K), 0.0007040 secs] [Times: user=0.00 sys=0.00, real=0.00 secs] 
312.891: Total time for which application threads were stopped: 0.0549670 seconds, Stopping threads took: 0.0541730 seconds
312.967: Application time: 0.0759040 seconds
313.036: [GC [PSYoungGen: 14608K->547K(15360K)] 44906K->30853K(50688K), 0.0007010 secs] [Times: user=0.01 sys=0.00, real=0.00 secs] 
313.037: Total time for which application threads were stopped: 0.0697210 seconds, Stopping threads took: 0.0689470 seconds
313.115: Application time: 0.0783420 seconds
313.174: [GC [PSYoungGen: 13807K->790K(15360K)] 44113K->31096K(50688K), 0.0007490 secs] [Times: user=0.00 sys=0.00, real=0.00 secs] 
313.175: Total time for which application threads were stopped: 0.0598470 seconds, Stopping threads took: 0.0590030 seconds
313.254: Application time: 0.0789070 seconds
313.304: [GC [PSYoungGen: 14089K->1117K(15360K)] 44395K->31431K(50688K), 0.0007530 secs] [Times: user=0.00 sys=0.00, real=0.00 secs] 
313.305: Total time for which application threads were stopped: 0.0505240 seconds, Stopping threads took: 0.0496760 seconds
313.383: Application time: 0.0781200 seconds
313.442: [GC [PSYoungGen: 14416K->1588K(15360K)] 44730K->31910K(50688K), 0.0007570 secs] [Times: user=0.00 sys=0.00, real=0.00 secs] 
313.443: Total time for which application threads were stopped: 0.0601220 seconds, Stopping threads took: 0.0592940 seconds
313.520: Application time: 0.0766780 seconds
313.582: [GC [PSYoungGen: 14789K->774K(15360K)] 45111K->31112K(50688K), 0.0005650 secs] [Times: user=0.00 sys=0.00, real=0.00 secs] 
313.583: Total time for which application threads were stopped: 0.0637880 seconds, Stopping threads took: 0.0622430 seconds
313.662: Application time: 0.0783760 seconds
313.713: [GC [PSYoungGen: 14073K->1165K(15360K)] 44411K->31503K(50688K), 0.0006770 secs] [Times: user=0.00 sys=0.00, real=0.00 secs] 
313.714: Total time for which application threads were stopped: 0.0518390 seconds, Stopping threads took: 0.0510740 seconds
313.791: Application time: 0.0772750 seconds
313.854: [GC [PSYoungGen: 14366K->304K(15360K)] 44704K->30642K(50688K), 0.0004750 secs] [Times: user=0.01 sys=0.00, real=0.00 secs] 
313.854: Total time for which application threads were stopped: 0.0636220 seconds, Stopping threads took: 0.0630530 seconds
313.930: Application time: 0.0756120 seconds
313.963: [GC [PSYoungGen: 13583K->2045K(15360K)] 43921K->34201K(50688K), 0.0015530 secs] [Times: user=0.01 sys=0.00, real=0.00 secs] 
313.964: Total time for which application threads were stopped: 0.0341260 seconds, Stopping threads took: 0.0324890 seconds
314.041: Application time: 0.0770760 seconds
314.111: [GC [PSYoungGen: 15286K->726K(15360K)] 47442K->32890K(50688K), 0.0006110 secs] [Times: user=0.01 sys=0.00, real=0.00 secs] 
314.111: Total time for which application threads were stopped: 0.0701220 seconds, Stopping threads took: 0.0694160 seconds
314.191: Application time: 0.0797670 seconds
314.247: [GC [PSYoungGen: 13791K->742K(15360K)] 45955K->32906K(50688K), 0.0005730 secs] [Times: user=0.01 sys=0.00, real=0.01 secs] 
314.248: Total time for which application threads were stopped: 0.0566230 seconds, Stopping threads took: 0.0559680 seconds
314.327: Application time: 0.0796430 seconds
314.374: [GC [PSYoungGen: 14041K->1149K(15360K)] 46205K->33313K(50688K), 0.0007050 secs] [Times: user=0.00 sys=0.00, real=0.00 secs] 
314.375: Total time for which application threads were stopped: 0.0474820 seconds, Stopping threads took: 0.0466860 seconds
314.453: Application time: 0.0782230 seconds
314.519: [GC [PSYoungGen: 14350K->320K(15360K)] 46514K->32500K(50688K), 0.0004900 secs] [Times: user=0.00 sys=0.00, real=0.00 secs] 
314.519: Total time for which application threads were stopped: 0.0663290 seconds, Stopping threads took: 0.0657480 seconds
314.596: Application time: 0.0764360 seconds
314.630: [GC [PSYoungGen: 13502K->1962K(15360K)] 45682K->34939K(50688K), 0.0011270 secs] [Times: user=0.01 sys=0.00, real=0.00 secs] 
314.632: Total time for which application threads were stopped: 0.0356640 seconds, Stopping threads took: 0.0344420 seconds
314.707: Application time: 0.0752430 seconds
314.740: [GC [PSYoungGen: 15242K->2010K(15360K)] 48219K->37144K(50688K), 0.0013960 secs] [Times: user=0.01 sys=0.00, real=0.00 secs] 
314.742: [Full GC [PSYoungGen: 2010K->0K(15360K)] [ParOldGen: 35133K->5100K(35328K)] 37144K->5100K(50688K) [PSPermGen: 5152K->5152K(21504K)], 0.0048160 secs] [Times: user=0.02 sys=0.00, real=0.00 secs] 
314.747: Total time for which application threads were stopped: 0.0397810 seconds, Stopping threads took: 0.0334500 seconds
314.825: Application time: 0.0784210 seconds
314.894: [GC [PSYoungGen: 13201K->973K(15360K)] 18301K->6074K(50688K), 0.0004970 secs] [Times: user=0.01 sys=0.00, real=0.00 secs] 
314.895: Total time for which application threads were stopped: 0.0695920 seconds, Stopping threads took: 0.0690190 seconds
314.973: Application time: 0.0780390 seconds
315.031: [GC [PSYoungGen: 14272K->1363K(15360K)] 19373K->6464K(50688K), 0.0006670 secs] [Times: user=0.00 sys=0.00, real=0.00 secs] 
315.032: Total time for which application threads were stopped: 0.0593330 seconds, Stopping threads took: 0.0585930 seconds
315.108: Application time: 0.0760110 seconds
315.159: [GC [PSYoungGen: 14350K->1395K(15360K)] 19451K->6496K(50688K), 0.0006270 secs] [Times: user=0.00 sys=0.00, real=0.00 secs] 
315.160: Total time for which application threads were stopped: 0.0516610 seconds, Stopping threads took: 0.0509660 seconds
315.237: Application time: 0.0770490 seconds
315.296: [GC [PSYoungGen: 14675K->1688K(15360K)] 19776K->6789K(50688K), 0.0007210 secs] [Times: user=0.00 sys=0.00, real=0.00 secs] 
315.297: Total time for which application threads were stopped: 0.0604340 seconds, Stopping threads took: 0.0596400 seconds
315.374: Application time: 0.0767220 seconds
315.435: [GC [PSYoungGen: 14870K->826K(15360K)] 19971K->5926K(50688K), 0.0005530 secs] [Times: user=0.00 sys=0.00, real=0.00 secs] 
315.436: Total time for which application threads were stopped: 0.0619610 seconds, Stopping threads took: 0.0613280 seconds
315.515: Application time: 0.0795510 seconds
315.564: [GC [PSYoungGen: 14007K->1037K(15360K)] 19108K->6138K(50688K), 0.0006210 secs] [Times: user=0.00 sys=0.00, real=0.00 secs] 
315.564: Total time for which application threads were stopped: 0.0489130 seconds, Stopping threads took: 0.0482170 seconds
315.640: Application time: 0.0760150 seconds
315.702: [GC [PSYoungGen: 14297K->1280K(15360K)] 19398K->6381K(50688K), 0.0006210 secs] [Times: user=0.01 sys=0.00, real=0.00 secs] 
315.703: Total time for which application threads were stopped: 0.0623410 seconds, Stopping threads took: 0.0616490 seconds
315.783: Application time: 0.0803760 seconds
315.846: [GC [PSYoungGen: 14560K->547K(15360K)] 19661K->5648K(50688K), 0.0004260 secs] [Times: user=0.00 sys=0.00, real=0.00 secs] 
315.846: Total time for which application threads were stopped: 0.0630090 seconds, Stopping threads took: 0.0625170 seconds
315.924: Application time: 0.0783390 seconds
315.976: [GC [PSYoungGen: 13651K->710K(15360K)] 18751K->5811K(50688K), 0.0005010 secs] [Times: user=0.00 sys=0.00, real=0.00 secs] 
315.977: Total time for which application threads were stopped: 0.0523000 seconds, Stopping threads took: 0.0517290 seconds
316.056: Application time: 0.0796620 seconds
316.114: [GC [PSYoungGen: 13892K->938K(15360K)] 18993K->6038K(50688K), 0.0005400 secs] [Times: user=0.00 sys=0.00, real=0.00 secs] 
316.114: Total time for which application threads were stopped: 0.0577970 seconds, Stopping threads took: 0.0571860 seconds
316.192: Application time: 0.0778810 seconds
316.252: [GC [PSYoungGen: 14236K->1312K(15360K)] 19337K->6413K(50688K), 0.0008040 secs] [Times: user=0.01 sys=0.00, real=0.00 secs] 
316.253: Total time for which application threads were stopped: 0.0609050 seconds, Stopping threads took: 0.0600330 seconds
316.331: Application time: 0.0781250 seconds
316.383: [GC [PSYoungGen: 14416K->1540K(15360K)] 19517K->6640K(50688K), 0.0007090 secs] [Times: user=0.01 sys=0.00, real=0.00 secs] 
316.384: Total time for which application threads were stopped: 0.0529120 seconds, Stopping threads took: 0.0521080 seconds
316.461: Application time: 0.0767080 seconds
316.521: [GC [PSYoungGen: 14838K->1946K(15360K)] 19939K->7047K(50688K), 0.0010550 secs] [Times: user=0.01 sys=0.00, real=0.00 secs] 
316.523: Total time for which application threads were stopped: 0.0618270 seconds, Stopping threads took: 0.0606870 seconds
316.601: Application time: 0.0788710 seconds
316.665: [GC [PSYoungGen: 15226K->1165K(15360K)] 20326K->6266K(50688K), 0.0007770 secs] [Times: user=0.00 sys=0.00, real=0.00 secs] 
316.666: Total time for which application threads were stopped: 0.0645980 seconds, Stopping threads took: 0.0637260 seconds
316.743: Application time: 0.0768830 seconds
316.803: [GC [PSYoungGen: 14425K->1360K(15360K)] 19526K->6461K(50688K), 0.0006440 secs] [Times: user=0.00 sys=0.00, real=0.00 secs] 
316.803: Total time for which application threads were stopped: 0.0605660 seconds, Stopping threads took: 0.0598460 seconds
316.883: Application time: 0.0792010 seconds
316.935: [GC [PSYoungGen: 14542K->1540K(15360K)] 19643K->6648K(50688K), 0.0006720 secs] [Times: user=0.01 sys=0.00, real=0.00 secs] 
316.936: Total time for which application threads were stopped: 0.0533630 seconds, Stopping threads took: 0.0526220 seconds
317.013: Application time: 0.0772430 seconds
317.065: [GC [PSYoungGen: 14526K->1523K(15360K)] 19635K->6632K(50688K), 0.0009810 secs] [Times: user=0.01 sys=0.00, real=0.00 secs] 
317.066: Total time for which application threads were stopped: 0.0531520 seconds, Stopping threads took: 0.0520920 seconds
317.145: Application time: 0.0788810 seconds
317.211: [GC [PSYoungGen: 14803K->742K(15360K)] 19912K->5867K(50688K), 0.0004930 secs] [Times: user=0.00 sys=0.00, real=0.00 secs] 
317.212: Total time for which application threads were stopped: 0.0663910 seconds, Stopping threads took: 0.0658050 seconds
317.290: Application time: 0.0781710 seconds
317.350: [GC [PSYoungGen: 14041K->1117K(15360K)] 19166K->6258K(50688K), 0.0007350 secs] [Times: user=0.00 sys=0.00, real=0.00 secs] 
317.350: Total time for which application threads were stopped: 0.0605590 seconds, Stopping threads took: 0.0597330 seconds
317.428: Application time: 0.0771140 seconds
317.477: [GC [PSYoungGen: 14299K->1344K(15360K)] 19440K->6501K(50688K), 0.0007160 secs] [Times: user=0.00 sys=0.00, real=0.00 secs] 
317.478: Total time for which application threads were stopped: 0.0504920 seconds, Stopping threads took: 0.0497090 seconds
317.554: Application time: 0.0762500 seconds
317.604: [GC [PSYoungGen: 14546K->1605K(15360K)] 19702K->6778K(50688K), 0.0007400 secs] [Times: user=0.01 sys=0.00, real=0.00 secs] 
317.605: Total time for which application threads were stopped: 0.0504770 seconds, Stopping threads took: 0.0496330 seconds
317.683: Application time: 0.0779090 seconds
317.742: [GC [PSYoungGen: 14885K->1946K(15360K)] 20057K->7143K(50688K), 0.0009400 secs] [Times: user=0.01 sys=0.00, real=0.00 secs] 
317.743: Total time for which application threads were stopped: 0.0600050 seconds, Stopping threads took: 0.0589710 seconds
317.819: Application time: 0.0767760 seconds
317.880: [GC [PSYoungGen: 15226K->1165K(15360K)] 20423K->6378K(50688K), 0.0009130 secs] [Times: user=0.00 sys=0.00, real=0.00 secs] 
317.881: Total time for which application threads were stopped: 0.0615600 seconds, Stopping threads took: 0.0605530 seconds
317.959: Application time: 0.0777040 seconds
317.993: [GC [PSYoungGen: 14444K->1783K(15360K)] 19657K->7777K(50688K), 0.0009240 secs] [Times: user=0.01 sys=0.00, real=0.00 secs] 
317.994: Total time for which application threads were stopped: 0.0352240 seconds, Stopping threads took: 0.0342280 seconds
318.070: Application time: 0.0758680 seconds
318.131: [GC [PSYoungGen: 15062K->2045K(15360K)] 21056K->9861K(50688K), 0.0012500 secs] [Times: user=0.01 sys=0.00, real=0.00 secs] 
318.133: Total time for which application threads were stopped: 0.0627390 seconds, Stopping threads took: 0.0614130 seconds
318.226: Application time: 0.0936310 seconds
318.294: [GC [PSYoungGen: 15129K->726K(15360K)] 22945K->8542K(50688K), 0.0004870 secs] [Times: user=0.01 sys=0.00, real=0.00 secs] 
318.295: Total time for which application threads were stopped: 0.0685170 seconds, Stopping threads took: 0.0679600 seconds
318.373: Application time: 0.0784080 seconds
318.433: [GC [PSYoungGen: 14025K->1149K(15360K)] 21841K->8965K(50688K), 0.0005900 secs] [Times: user=0.01 sys=0.00, real=0.00 secs] 
318.434: Total time for which application threads were stopped: 0.0605390 seconds, Stopping threads took: 0.0598600 seconds
318.512: Application time: 0.0784050 seconds
318.568: [GC [PSYoungGen: 14331K->1296K(15360K)] 22147K->9112K(50688K), 0.0007450 secs] [Times: user=0.00 sys=0.00, real=0.00 secs] 
318.569: Total time for which application threads were stopped: 0.0569840 seconds, Stopping threads took: 0.0561550 seconds
318.646: Application time: 0.0768170 seconds
318.711: [GC [PSYoungGen: 14576K->515K(15360K)] 22392K->8347K(50688K), 0.0004600 secs] [Times: user=0.00 sys=0.00, real=0.00 secs] 
318.713: Total time for which application threads were stopped: 0.0669500 seconds, Stopping threads took: 0.0653390 seconds
318.790: Application time: 0.0768770 seconds
318.853: [GC [PSYoungGen: 13697K->790K(15360K)] 21529K->8630K(50688K), 0.0005540 secs] [Times: user=0.00 sys=0.00, real=0.00 secs] 
318.853: Total time for which application threads were stopped: 0.0637290 seconds, Stopping threads took: 0.0630900 seconds
318.933: Application time: 0.0796360 seconds
318.992: [GC [PSYoungGen: 14089K->1133K(15360K)] 21929K->8981K(50688K), 0.0006200 secs] [Times: user=0.00 sys=0.00, real=0.00 secs] 
318.992: Total time for which application threads were stopped: 0.0592190 seconds, Stopping threads took: 0.0585110 seconds
319.069: Application time: 0.0766550 seconds
319.129: [GC [PSYoungGen: 14432K->1572K(15360K)] 22280K->9428K(50688K), 0.0007360 secs] [Times: user=0.01 sys=0.00, real=0.00 secs] 
319.130: Total time for which application threads were stopped: 0.0611440 seconds, Stopping threads took: 0.0603170 seconds
319.206: Application time: 0.0763340 seconds
319.269: [GC [PSYoungGen: 14734K->563K(15360K)] 22590K->8427K(50688K), 0.0004440 secs] [Times: user=0.00 sys=0.00, real=0.00 secs] 
319.269: Total time for which application threads were stopped: 0.0627760 seconds, Stopping threads took: 0.0622480 seconds
319.347: Application time: 0.0779570 seconds
319.406: [GC [PSYoungGen: 13862K->922K(15360K)] 21726K->8786K(50688K), 0.0007040 secs] [Times: user=0.00 sys=0.00, real=0.00 secs] 
319.407: Total time for which application threads were stopped: 0.0594570 seconds, Stopping threads took: 0.0586640 seconds
319.484: Application time: 0.0772830 seconds
319.544: [GC [PSYoungGen: 14103K->1181K(15360K)] 21967K->9053K(50688K), 0.0009310 secs] [Times: user=0.00 sys=0.00, real=0.00 secs] 
319.545: Total time for which application threads were stopped: 0.0614200 seconds, Stopping threads took: 0.0603810 seconds
319.624: Application time: 0.0790320 seconds
319.688: [GC [PSYoungGen: 14493K->368K(15360K)] 22365K->8240K(50688K), 0.0004910 secs] [Times: user=0.00 sys=0.00, real=0.00 secs] 
319.689: Total time for which application threads were stopped: 0.0644310 seconds, Stopping threads took: 0.0638660 seconds
319.764: Application time: 0.0748410 seconds
319.798: [GC [PSYoungGen: 13594K->1653K(15360K)] 21466K->9533K(50688K), 0.0007320 secs] [Times: user=0.00 sys=0.00, real=0.00 secs] 
319.798: Total time for which application threads were stopped: 0.0346470 seconds, Stopping threads took: 0.0338210 seconds
319.878: Application time: 0.0800690 seconds
319.942: [GC [PSYoungGen: 14835K->726K(15360K)] 22715K->8614K(50688K), 0.0006410 secs] [Times: user=0.00 sys=0.00, real=0.00 secs] 
319.942: Total time for which application threads were stopped: 0.0640420 seconds, Stopping threads took: 0.0633070 seconds
320.021: Application time: 0.0788060 seconds
320.082: [GC [PSYoungGen: 13908K->970K(15360K)] 21796K->8866K(50688K), 0.0005570 secs] [Times: user=0.01 sys=0.00, real=0.00 secs] 
320.082: Total time for which application threads were stopped: 0.0608380 seconds, Stopping threads took: 0.0602080 seconds
320.160: Application time: 0.0783240 seconds
320.213: [GC [PSYoungGen: 14269K->1360K(15360K)] 22165K->9272K(50688K), 0.0006700 secs] [Times: user=0.01 sys=0.00, real=0.00 secs] 
320.213: Total time for which application threads were stopped: 0.0529380 seconds, Stopping threads took: 0.0521990 seconds
320.290: Application time: 0.0764580 seconds
320.353: [GC [PSYoungGen: 14562K->563K(15360K)] 22474K->8483K(50688K), 0.0004570 secs] [Times: user=0.01 sys=0.00, real=0.00 secs] 
320.354: Total time for which application threads were stopped: 0.0638480 seconds, Stopping threads took: 0.0633090 seconds
320.430: Application time: 0.0761680 seconds
320.463: [GC [PSYoungGen: 13764K->1930K(15360K)] 21684K->9850K(50688K), 0.0008960 secs] [Times: user=0.00 sys=0.00, real=0.00 secs] 
320.464: Total time for which application threads were stopped: 0.0342640 seconds, Stopping threads took: 0.0332720 seconds
320.541: Application time: 0.0766360 seconds
320.605: [GC [PSYoungGen: 15132K->1117K(15360K)] 23052K->9045K(50688K), 0.0007090 secs] [Times: user=0.00 sys=0.00, real=0.00 secs] 
320.606: Total time for which application threads were stopped: 0.0650980 seconds, Stopping threads took: 0.0642930 seconds
320.681: Application time: 0.0756470 seconds
320.716: [GC [PSYoungGen: 14416K->2044K(15360K)] 22344K->12730K(50688K), 0.0016320 secs] [Times: user=0.01 sys=0.00, real=0.00 secs] 
320.718: Total time for which application threads were stopped: 0.0362250 seconds, Stopping threads took: 0.0344950 seconds
320.863: Application time: 0.1450480 seconds
320.871: [GC [PSYoungGen: 15323K->758K(15360K)] 26010K->11461K(50688K), 0.0005190 secs] [Times: user=0.00 sys=0.00, real=0.00 secs] 
320.871: Total time for which application threads were stopped: 0.0084640 seconds, Stopping threads took: 0.0078700 seconds
320.950: Application time: 0.0783880 seconds
321.005: [GC [PSYoungGen: 13823K->758K(15360K)] 24525K->11461K(50688K), 0.0005490 secs] [Times: user=0.00 sys=0.00, real=0.00 secs] 
321.006: Total time for which application threads were stopped: 0.0559340 seconds, Stopping threads took: 0.0553160 seconds
321.083: Application time: 0.0775970 seconds
321.132: [GC [PSYoungGen: 14019K->1001K(15360K)] 24721K->11704K(50688K), 0.0005240 secs] [Times: user=0.00 sys=0.00, real=0.00 secs] 
321.133: Total time for which application threads were stopped: 0.0498440 seconds, Stopping threads took: 0.0492530 seconds
321.209: Application time: 0.0762710 seconds
321.272: [GC [PSYoungGen: 14262K->1149K(15360K)] 24964K->11859K(50688K), 0.0007280 secs] [Times: user=0.00 sys=0.00, real=0.00 secs] 
321.273: Total time for which application threads were stopped: 0.0636360 seconds, Stopping threads took: 0.0628140 seconds
321.358: Application time: 0.0848240 seconds
321.415: [GC [PSYoungGen: 14331K->1392K(15360K)] 25041K->12103K(50688K), 0.0007000 secs] [Times: user=0.00 sys=0.00, real=0.01 secs] 
321.416: Total time for which application threads were stopped: 0.0578990 seconds, Stopping threads took: 0.0570980 seconds
321.501: Application time: 0.0854800 seconds
321.571: [GC [PSYoungGen: 14593K->531K(15360K)] 25304K->11249K(50688K), 0.0006740 secs] [Times: user=0.01 sys=0.00, real=0.00 secs] 
321.571: Total time for which application threads were stopped: 0.0702570 seconds, Stopping threads took: 0.0694830 seconds
321.656: Application time: 0.0843500 seconds
321.720: [GC [PSYoungGen: 13635K->758K(15360K)] 24353K->11485K(50688K), 0.0005900 secs] [Times: user=0.00 sys=0.00, real=0.00 secs] 
321.720: Total time for which application threads were stopped: 0.0644110 seconds, Stopping threads took: 0.0637280 seconds
321.804: Application time: 0.0843320 seconds
321.860: [GC [PSYoungGen: 14057K->1181K(15360K)] 24784K->11915K(50688K), 0.0007050 secs] [Times: user=0.00 sys=0.00, real=0.00 secs] 
321.861: Total time for which application threads were stopped: 0.0563310 seconds, Stopping threads took: 0.0555380 seconds
321.943: Application time: 0.0826300 seconds
322.010: [GC [PSYoungGen: 14382K->1394K(15360K)] 25117K->12136K(50688K), 0.0011820 secs] [Times: user=0.01 sys=0.00, real=0.00 secs] 
322.012: Total time for which application threads were stopped: 0.0681970 seconds, Stopping threads took: 0.0669170 seconds
322.095: Application time: 0.0831670 seconds
322.152: [GC [PSYoungGen: 14478K->1588K(15360K)] 25221K->12346K(50688K), 0.0007080 secs] [Times: user=0.00 sys=0.00, real=0.00 secs] 
322.152: Total time for which application threads were stopped: 0.0576620 seconds, Stopping threads took: 0.0568580 seconds
322.236: Application time: 0.0832950 seconds
322.300: [GC [PSYoungGen: 14769K->1783K(15360K)] 25528K->12541K(50688K), 0.0007170 secs] [Times: user=0.01 sys=0.00, real=0.00 secs] 
322.301: Total time for which application threads were stopped: 0.0647130 seconds, Stopping threads took: 0.0639270 seconds
322.384: Application time: 0.0830700 seconds
322.448: [GC [PSYoungGen: 15082K->1962K(15360K)] 25840K->12916K(50688K), 0.0009230 secs] [Times: user=0.00 sys=0.00, real=0.00 secs] 
322.449: Total time for which application threads were stopped: 0.0653740 seconds, Stopping threads took: 0.0643750 seconds
322.534: Application time: 0.0851720 seconds
322.603: [GC [PSYoungGen: 15242K->1328K(15360K)] 26196K->12282K(50688K), 0.0008540 secs] [Times: user=0.00 sys=0.00, real=0.00 secs] 
322.604: Total time for which application threads were stopped: 0.0696930 seconds, Stopping threads took: 0.0687460 seconds
322.687: Application time: 0.0830890 seconds
322.754: [GC [PSYoungGen: 14588K->1571K(15360K)] 25542K->12525K(50688K), 0.0007780 secs] [Times: user=0.01 sys=0.00, real=0.00 secs] 
322.754: Total time for which application threads were stopped: 0.0674290 seconds, Stopping threads took: 0.0665760 seconds
322.837: Application time: 0.0830140 seconds
322.895: [GC [PSYoungGen: 14851K->1849K(15360K)] 25805K->12802K(50688K), 0.0007780 secs] [Times: user=0.01 sys=0.00, real=0.01 secs] 
322.896: Total time for which application threads were stopped: 0.0583680 seconds, Stopping threads took: 0.0575110 seconds
322.980: Application time: 0.0844440 seconds
323.052: [GC [PSYoungGen: 14913K->726K(15360K)] 25867K->11688K(50688K), 0.0005810 secs] [Times: user=0.00 sys=0.00, real=0.00 secs] 
323.053: Total time for which application threads were stopped: 0.0726660 seconds, Stopping threads took: 0.0719870 seconds
323.138: Application time: 0.0851330 seconds
323.202: [GC [PSYoungGen: 14025K->1181K(15360K)] 24987K->12151K(50688K), 0.0005670 secs] [Times: user=0.00 sys=0.00, real=0.00 secs] 
323.203: Total time for which application threads were stopped: 0.0649110 seconds, Stopping threads took: 0.0642660 seconds
323.288: Application time: 0.0850090 seconds
323.355: [GC [PSYoungGen: 14480K->1524K(15360K)] 25450K->12501K(50688K), 0.0007610 secs] [Times: user=0.00 sys=0.00, real=0.01 secs] 
323.356: Total time for which application threads were stopped: 0.0676480 seconds, Stopping threads took: 0.0668120 seconds
323.438: Application time: 0.0826110 seconds
323.492: [GC [PSYoungGen: 14822K->1946K(15360K)] 25800K->12932K(50688K), 0.0008470 secs] [Times: user=0.01 sys=0.00, real=0.00 secs] 
323.493: Total time for which application threads were stopped: 0.0546180 seconds, Stopping threads took: 0.0537000 seconds
323.577: Application time: 0.0838650 seconds
323.614: [GC [PSYoungGen: 15245K->1864K(15360K)] 26231K->14421K(50688K), 0.0012200 secs] [Times: user=0.01 sys=0.00, real=0.01 secs] 
323.615: Total time for which application threads were stopped: 0.0387170 seconds, Stopping threads took: 0.0373990 seconds
323.704: Application time: 0.0885580 seconds
323.776: [GC [PSYoungGen: 15124K->320K(15360K)] 27681K->12876K(50688K), 0.0004890 secs] [Times: user=0.00 sys=0.00, real=0.00 secs] 
323.779: Total time for which application threads were stopped: 0.0752080 seconds, Stopping threads took: 0.0720220 seconds
323.861: Application time: 0.0822060 seconds
323.898: [GC [PSYoungGen: 13501K->1978K(15360K)] 26058K->15316K(50688K), 0.0010170 secs] [Times: user=0.01 sys=0.00, real=0.00 secs] 
323.899: Total time for which application threads were stopped: 0.0380930 seconds, Stopping threads took: 0.0370020 seconds
323.984: Application time: 0.0841590 seconds
324.052: [GC [PSYoungGen: 14984K->1767K(15360K)] 28322K->15105K(50688K), 0.0008210 secs] [Times: user=0.01 sys=0.00, real=0.00 secs] 
324.053: Total time for which application threads were stopped: 0.0692260 seconds, Stopping threads took: 0.0683020 seconds
324.136: Application time: 0.0827260 seconds
324.202: [GC [PSYoungGen: 14851K->742K(15360K)] 28189K->14080K(50688K), 0.0007170 secs] [Times: user=0.00 sys=0.00, real=0.00 secs] 
324.203: Total time for which application threads were stopped: 0.0669850 seconds, Stopping threads took: 0.0661730 seconds
324.285: Application time: 0.0820130 seconds
324.322: [GC [PSYoungGen: 13983K->1978K(15360K)] 27321K->15324K(50688K), 0.0009470 secs] [Times: user=0.00 sys=0.00, real=0.00 secs] 
324.323: Total time for which application threads were stopped: 0.0381180 seconds, Stopping threads took: 0.0370660 seconds
324.408: Application time: 0.0848680 seconds
324.476: [GC [PSYoungGen: 15258K->1133K(15360K)] 28603K->14487K(50688K), 0.0008800 secs] [Times: user=0.01 sys=0.00, real=0.00 secs] 
324.477: Total time for which application threads were stopped: 0.0689760 seconds, Stopping threads took: 0.0680010 seconds
324.560: Application time: 0.0833150 seconds
324.624: [GC [PSYoungGen: 14432K->1540K(15360K)] 27786K->14893K(50688K), 0.0006900 secs] [Times: user=0.01 sys=0.00, real=0.00 secs] 
324.625: Total time for which application threads were stopped: 0.0647960 seconds, Stopping threads took: 0.0640280 seconds
324.711: Application time: 0.0863220 seconds
324.767: [GC [PSYoungGen: 14839K->1962K(15360K)] 28192K->15324K(50688K), 0.0008480 secs] [Times: user=0.01 sys=0.00, real=0.01 secs] 
324.768: Total time for which application threads were stopped: 0.0567910 seconds, Stopping threads took: 0.0558640 seconds
324.850: Application time: 0.0825910 seconds
324.916: [GC [PSYoungGen: 15163K->2044K(15360K)] 28525K->15609K(50688K), 0.0009900 secs] [Times: user=0.00 sys=0.00, real=0.00 secs] 
324.917: Total time for which application threads were stopped: 0.0662650 seconds, Stopping threads took: 0.0651650 seconds
325.005: Application time: 0.0885510 seconds
325.075: [GC [PSYoungGen: 15245K->1442K(15360K)] 28810K->15023K(50688K), 0.0008840 secs] [Times: user=0.00 sys=0.01, real=0.01 secs] 
325.076: Total time for which application threads were stopped: 0.0709160 seconds, Stopping threads took: 0.0699480 seconds
325.160: Application time: 0.0836380 seconds
325.224: [GC [PSYoungGen: 14448K->1587K(15360K)] 28029K->15177K(50688K), 0.0009340 secs] [Times: user=0.01 sys=0.00, real=0.00 secs] 
325.225: Total time for which application threads were stopped: 0.0652000 seconds, Stopping threads took: 0.0641970 seconds
325.305: Application time: 0.0796300 seconds
325.369: [GC [PSYoungGen: 14867K->726K(15360K)] 28456K->14315K(50688K), 0.0008550 secs] [Times: user=0.01 sys=0.00, real=0.00 secs] 
325.370: Total time for which application threads were stopped: 0.0655190 seconds, Stopping threads took: 0.0645690 seconds
325.448: Application time: 0.0783660 seconds
325.509: [GC [PSYoungGen: 13986K->986K(15360K)] 27575K->14575K(50688K), 0.0007040 secs] [Times: user=0.01 sys=0.00, real=0.00 secs] 
325.509: Total time for which application threads were stopped: 0.0608840 seconds, Stopping threads took: 0.0600770 seconds
325.589: Application time: 0.0793170 seconds
325.637: [GC [PSYoungGen: 14167K->1133K(15360K)] 27757K->14722K(50688K), 0.0006130 secs] [Times: user=0.00 sys=0.00, real=0.00 secs] 
325.638: Total time for which application threads were stopped: 0.0488260 seconds, Stopping threads took: 0.0481210 seconds
325.713: Application time: 0.0755660 seconds
325.774: [GC [PSYoungGen: 14276K->1149K(15360K)] 27865K->14738K(50688K), 0.0006530 secs] [Times: user=0.01 sys=0.00, real=0.00 secs] 
325.775: Total time for which application threads were stopped: 0.0614370 seconds, Stopping threads took: 0.0607050 seconds
325.852: Application time: 0.0775390 seconds
325.902: [GC [PSYoungGen: 14448K->1556K(15360K)] 28037K->15161K(50688K), 0.0007490 secs] [Times: user=0.00 sys=0.00, real=0.00 secs] 
325.903: Total time for which application threads were stopped: 0.0511350 seconds, Stopping threads took: 0.0503110 seconds
325.980: Application time: 0.0770540 seconds
326.045: [GC [PSYoungGen: 14757K->758K(15360K)] 28362K->14371K(50688K), 0.0005390 secs] [Times: user=0.00 sys=0.00, real=0.00 secs] 
326.046: Total time for which application threads were stopped: 0.0654110 seconds, Stopping threads took: 0.0647730 seconds
326.123: Application time: 0.0772670 seconds
326.182: [GC [PSYoungGen: 13745K->742K(15360K)] 27358K->14355K(50688K), 0.0004990 secs] [Times: user=0.00 sys=0.00, real=0.00 secs] 
326.182: Total time for which application threads were stopped: 0.0592820 seconds, Stopping threads took: 0.0587090 seconds
326.261: Application time: 0.0788610 seconds
326.309: [GC [PSYoungGen: 14041K->1165K(15360K)] 27654K->14786K(50688K), 0.0006280 secs] [Times: user=0.01 sys=0.00, real=0.00 secs] 
326.309: Total time for which application threads were stopped: 0.0483640 seconds, Stopping threads took: 0.0476660 seconds
326.389: Application time: 0.0798920 seconds
326.436: [GC [PSYoungGen: 14464K->1556K(15360K)] 28085K->15185K(50688K), 0.0007000 secs] [Times: user=0.01 sys=0.00, real=0.00 secs] 
326.437: Total time for which application threads were stopped: 0.0473850 seconds, Stopping threads took: 0.0466050 seconds
326.513: Application time: 0.0764130 seconds
326.579: [GC [PSYoungGen: 14718K->595K(15360K)] 28347K->14232K(50688K), 0.0004480 secs] [Times: user=0.00 sys=0.00, real=0.00 secs] 
326.580: Total time for which application threads were stopped: 0.0664610 seconds, Stopping threads took: 0.0659310 seconds
326.657: Application time: 0.0772120 seconds
326.717: [GC [PSYoungGen: 13894K->954K(15360K)] 27531K->14591K(50688K), 0.0008130 secs] [Times: user=0.00 sys=0.00, real=0.00 secs] 
326.718: Total time for which application threads were stopped: 0.0611150 seconds, Stopping threads took: 0.0602200 seconds
326.795: Application time: 0.0770450 seconds
326.856: [GC [PSYoungGen: 14253K->1360K(15360K)] 27890K->14997K(50688K), 0.0008350 secs] [Times: user=0.01 sys=0.00, real=0.00 secs] 
326.857: Total time for which application threads were stopped: 0.0619860 seconds, Stopping threads took: 0.0610720 seconds
326.936: Application time: 0.0790480 seconds
326.996: [GC [PSYoungGen: 14561K->579K(15360K)] 28198K->14216K(50688K), 0.0005490 secs] [Times: user=0.00 sys=0.00, real=0.00 secs] 
326.997: Total time for which application threads were stopped: 0.0604980 seconds, Stopping threads took: 0.0598560 seconds
327.076: Application time: 0.0799830 seconds
327.131: [GC [PSYoungGen: 13722K->579K(15360K)] 27359K->14216K(50688K), 0.0005960 secs] [Times: user=0.00 sys=0.00, real=0.00 secs] 
327.131: Total time for which application threads were stopped: 0.0546430 seconds, Stopping threads took: 0.0539570 seconds
327.209: Application time: 0.0780250 seconds
327.267: [GC [PSYoungGen: 13761K->758K(15360K)] 27398K->14395K(50688K), 0.0006040 secs] [Times: user=0.00 sys=0.00, real=0.01 secs] 
327.268: Total time for which application threads were stopped: 0.0583520 seconds, Stopping threads took: 0.0576570 seconds
327.346: Application time: 0.0783690 seconds
327.400: [GC [PSYoungGen: 13745K->726K(15360K)] 27382K->14371K(50688K), 0.0005470 secs] [Times: user=0.01 sys=0.00, real=0.00 secs] 
327.401: Total time for which application threads were stopped: 0.0549910 seconds, Stopping threads took: 0.0543720 seconds
327.478: Application time: 0.0772220 seconds
327.540: [GC [PSYoungGen: 13908K->954K(15360K)] 27553K->14607K(50688K), 0.0006660 secs] [Times: user=0.00 sys=0.00, real=0.00 secs] 
327.541: Total time for which application threads were stopped: 0.0626480 seconds, Stopping threads took: 0.0618990 seconds
327.620: Application time: 0.0788440 seconds
327.680: [GC [PSYoungGen: 14253K->1376K(15360K)] 27906K->15037K(50688K), 0.0007350 secs] [Times: user=0.00 sys=0.00, real=0.00 secs] 
327.681: Total time for which application threads were stopped: 0.0615840 seconds, Stopping threads took: 0.0607460 seconds
327.761: Application time: 0.0794160 seconds
327.808: [GC [PSYoungGen: 14558K->1572K(15360K)] 28219K->15249K(50688K), 0.0007820 secs] [Times: user=0.01 sys=0.00, real=0.00 secs] 
327.809: Total time for which application threads were stopped: 0.0484360 seconds, Stopping threads took: 0.0475720 seconds
327.887: Application time: 0.0775880 seconds
327.946: [GC [PSYoungGen: 14870K->1946K(15360K)] 28548K->15623K(50688K), 0.0008720 secs] [Times: user=0.01 sys=0.00, real=0.00 secs] 
327.947: Total time for which application threads were stopped: 0.0598540 seconds, Stopping threads took: 0.0589010 seconds
328.026: Application time: 0.0797210 seconds
328.089: [GC [PSYoungGen: 15226K->1181K(15360K)] 28903K->14858K(50688K), 0.0006010 secs] [Times: user=0.00 sys=0.00, real=0.00 secs] 
328.090: Total time for which application threads were stopped: 0.0633440 seconds, Stopping threads took: 0.0626680 seconds
328.167: Application time: 0.0769850 seconds
328.232: [GC [PSYoungGen: 14460K->288K(15360K)] 28138K->13973K(50688K), 0.0005500 secs] [Times: user=0.00 sys=0.00, real=0.00 secs] 
328.232: Total time for which application threads were stopped: 0.0657980 seconds, Stopping threads took: 0.0651730 seconds
328.309: Application time: 0.0764060 seconds
328.370: [GC [PSYoungGen: 13587K->774K(15360K)] 27272K->14459K(50688K), 0.0005430 secs] [Times: user=0.00 sys=0.00, real=0.00 secs] 
328.371: Total time for which application threads were stopped: 0.0620570 seconds, Stopping threads took: 0.0614510 seconds
328.450: Application time: 0.0796130 seconds
328.501: [GC [PSYoungGen: 13878K->938K(15360K)] 27563K->14623K(50688K), 0.0005690 secs] [Times: user=0.00 sys=0.01, real=0.00 secs] 
328.502: Total time for which application threads were stopped: 0.0512790 seconds, Stopping threads took: 0.0506400 seconds
328.580: Application time: 0.0779460 seconds
328.642: [GC [PSYoungGen: 14120K->1149K(15360K)] 27805K->14842K(50688K), 0.0005660 secs] [Times: user=0.01 sys=0.00, real=0.00 secs] 
328.643: Total time for which application threads were stopped: 0.0629340 seconds, Stopping threads took: 0.0623000 seconds
328.719: Application time: 0.0767350 seconds
328.780: [GC [PSYoungGen: 14429K->288K(15360K)] 28122K->13981K(50688K), 0.0004730 secs] [Times: user=0.00 sys=0.00, real=0.00 secs] 
328.783: Total time for which application threads were stopped: 0.0632300 seconds, Stopping threads took: 0.0604170 seconds
328.858: Application time: 0.0756490 seconds
328.917: [GC [PSYoungGen: 13470K->547K(15360K)] 27163K->14240K(50688K), 0.0006450 secs] [Times: user=0.00 sys=0.00, real=0.00 secs] 
328.918: Total time for which application threads were stopped: 0.0597570 seconds, Stopping threads took: 0.0590190 seconds
328.996: Application time: 0.0780560 seconds
329.044: [GC [PSYoungGen: 13807K->790K(15360K)] 27500K->14483K(50688K), 0.0004760 secs] [Times: user=0.00 sys=0.01, real=0.00 secs] 
329.045: Total time for which application threads were stopped: 0.0489250 seconds, Stopping threads took: 0.0483790 seconds
329.122: Application time: 0.0770080 seconds
329.182: [GC [PSYoungGen: 13777K->790K(15360K)] 27470K->14499K(50688K), 0.0004970 secs] [Times: user=0.00 sys=0.00, real=0.00 secs] 
329.183: Total time for which application threads were stopped: 0.0606860 seconds, Stopping threads took: 0.0601200 seconds
329.260: Application time: 0.0775720 seconds
329.323: [GC [PSYoungGen: 13777K->774K(15360K)] 27486K->14491K(50688K), 0.0005130 secs] [Times: user=0.00 sys=0.00, real=0.00 secs] 
329.323: Total time for which application threads were stopped: 0.0629890 seconds, Stopping threads took: 0.0623980 seconds
329.402: Application time: 0.0783060 seconds
329.451: [GC [PSYoungGen: 14073K->1133K(15360K)] 27790K->14858K(50688K), 0.0006630 secs] [Times: user=0.00 sys=0.00, real=0.00 secs] 
329.452: Total time for which application threads were stopped: 0.0502320 seconds, Stopping threads took: 0.0494760 seconds
329.529: Application time: 0.0768070 seconds
329.595: [GC [PSYoungGen: 14334K->352K(15360K)] 28059K->14085K(50688K), 0.0004570 secs] [Times: user=0.00 sys=0.00, real=0.01 secs] 
329.595: Total time for which application threads were stopped: 0.0668130 seconds, Stopping threads took: 0.0662620 seconds
329.672: Application time: 0.0764750 seconds
329.705: [GC [PSYoungGen: 13533K->1994K(15360K)] 27266K->16509K(50688K), 0.0009790 secs] [Times: user=0.00 sys=0.00, real=0.00 secs] 
329.706: Total time for which application threads were stopped: 0.0344930 seconds, Stopping threads took: 0.0334480 seconds
329.783: Application time: 0.0769190 seconds
329.848: [GC [PSYoungGen: 15195K->1962K(15360K)] 29710K->16485K(50688K), 0.0009780 secs] [Times: user=0.00 sys=0.00, real=0.00 secs] 
329.849: Total time for which application threads were stopped: 0.0658690 seconds, Stopping threads took: 0.0647930 seconds
329.927: Application time: 0.0780330 seconds
329.988: [GC [PSYoungGen: 15242K->1133K(15360K)] 29764K->15655K(50688K), 0.0006390 secs] [Times: user=0.01 sys=0.00, real=0.00 secs] 
329.988: Total time for which application threads were stopped: 0.0612270 seconds, Stopping threads took: 0.0604880 seconds
330.066: Application time: 0.0771560 seconds
330.127: [GC [PSYoungGen: 14315K->1360K(15360K)] 28837K->15891K(50688K), 0.0008000 secs] [Times: user=0.00 sys=0.00, real=0.00 secs] 
330.128: Total time for which application threads were stopped: 0.0627220 seconds, Stopping threads took: 0.0618250 seconds
330.204: Application time: 0.0760640 seconds
330.266: [GC [PSYoungGen: 14542K->1571K(15360K)] 29072K->16110K(50688K), 0.0007910 secs] [Times: user=0.00 sys=0.00, real=0.00 secs] 
330.267: Total time for which application threads were stopped: 0.0626040 seconds, Stopping threads took: 0.0617380 seconds
330.345: Application time: 0.0777150 seconds
330.405: [GC [PSYoungGen: 14851K->1880K(15360K)] 29390K->16419K(50688K), 0.0007980 secs] [Times: user=0.00 sys=0.00, real=0.00 secs] 
330.405: Total time for which application threads were stopped: 0.0607480 seconds, Stopping threads took: 0.0598690 seconds
330.483: Application time: 0.0777670 seconds
330.534: [GC [PSYoungGen: 15160K->1962K(15360K)] 29698K->16696K(50688K), 0.0009420 secs] [Times: user=0.00 sys=0.00, real=0.01 secs] 
330.535: Total time for which application threads were stopped: 0.0522170 seconds, Stopping threads took: 0.0511800 seconds
330.613: Application time: 0.0777080 seconds
330.674: [GC [PSYoungGen: 15222K->1946K(15360K)] 29956K->17079K(50688K), 0.0008820 secs] [Times: user=0.01 sys=0.00, real=0.00 secs] 
330.675: Total time for which application threads were stopped: 0.0615090 seconds, Stopping threads took: 0.0605320 seconds
330.751: Application time: 0.0765990 seconds
330.816: [GC [PSYoungGen: 15147K->1540K(15360K)] 30280K->16680K(50688K), 0.0009310 secs] [Times: user=0.01 sys=0.00, real=0.00 secs] 
330.817: Total time for which application threads were stopped: 0.0659670 seconds, Stopping threads took: 0.0649420 seconds
330.894: Application time: 0.0769570 seconds
330.956: [GC [PSYoungGen: 14839K->1946K(15360K)] 29979K->17095K(50688K), 0.0009540 secs] [Times: user=0.00 sys=0.00, real=0.00 secs] 
330.957: Total time for which application threads were stopped: 0.0627020 seconds, Stopping threads took: 0.0616470 seconds
331.035: Application time: 0.0781080 seconds
331.103: [GC [PSYoungGen: 15147K->1165K(15360K)] 30296K->16321K(50688K), 0.0006790 secs] [Times: user=0.00 sys=0.00, real=0.00 secs] 
331.103: Total time for which application threads were stopped: 0.0683630 seconds, Stopping threads took: 0.0675930 seconds
331.180: Application time: 0.0769750 seconds
331.249: [GC [PSYoungGen: 14366K->352K(15360K)] 29523K->15516K(50688K), 0.0006260 secs] [Times: user=0.01 sys=0.00, real=0.00 secs] 
331.249: Total time for which application threads were stopped: 0.0690460 seconds, Stopping threads took: 0.0683480 seconds
331.326: Application time: 0.0763240 seconds
331.360: [GC [PSYoungGen: 13612K->1669K(15360K)] 28776K->16842K(50688K), 0.0009770 secs] [Times: user=0.01 sys=0.00, real=0.00 secs] 
331.361: Total time for which application threads were stopped: 0.0352210 seconds, Stopping threads took: 0.0341500 seconds
331.438: Application time: 0.0771350 seconds
331.508: [GC [PSYoungGen: 14968K->986K(15360K)] 30141K->16158K(50688K), 0.0009230 secs] [Times: user=0.00 sys=0.00, real=0.00 secs] 
331.509: Total time for which application threads were stopped: 0.0704160 seconds, Stopping threads took: 0.0694170 seconds
331.585: Application time: 0.0765910 seconds
331.621: [GC [PSYoungGen: 14284K->1881K(15360K)] 29457K->17639K(50688K), 0.0010380 secs] [Times: user=0.01 sys=0.00, real=0.00 secs] 
331.622: Total time for which application threads were stopped: 0.0365220 seconds, Stopping threads took: 0.0353880 seconds
331.698: Application time: 0.0762110 seconds
331.768: [GC [PSYoungGen: 15121K->368K(15360K)] 30880K->16142K(50688K), 0.0004490 secs] [Times: user=0.01 sys=0.00, real=0.00 secs] 
331.768: Total time for which application threads were stopped: 0.0702570 seconds, Stopping threads took: 0.0697360 seconds
331.844: Application time: 0.0755570 seconds
331.877: [GC [PSYoungGen: 13628K->1994K(15360K)] 29402K->18550K(50688K), 0.0013060 secs] [Times: user=0.01 sys=0.00, real=0.00 secs] 
331.879: Total time for which application threads were stopped: 0.0351330 seconds, Stopping threads took: 0.0337540 seconds
331.955: Application time: 0.0761770 seconds
332.025: [GC [PSYoungGen: 15273K->1930K(15360K)] 31829K->18494K(50688K), 0.0008110 secs] [Times: user=0.00 sys=0.00, real=0.00 secs] 
332.026: Total time for which application threads were stopped: 0.0710000 seconds, Stopping threads took: 0.0701150 seconds
332.105: Application time: 0.0785780 seconds
332.169: [GC [PSYoungGen: 15131K->1181K(15360K)] 31695K->17752K(50688K), 0.0006530 secs] [Times: user=0.00 sys=0.00, real=0.00 secs] 
332.170: Total time for which application threads were stopped: 0.0649240 seconds, Stopping threads took: 0.0642030 seconds
332.247: Application time: 0.0779520 seconds
332.306: [GC [PSYoungGen: 14382K->1474K(15360K)] 30954K->18053K(50688K), 0.0006610 secs] [Times: user=0.01 sys=0.00, real=0.00 secs] 
332.307: Total time for which application threads were stopped: 0.0593290 seconds, Stopping threads took: 0.0585950 seconds
332.386: Application time: 0.0794500 seconds
332.449: [GC [PSYoungGen: 14773K->790K(15360K)] 31352K->17378K(50688K), 0.0005500 secs] [Times: user=0.00 sys=0.00, real=0.00 secs] 
332.450: Total time for which application threads were stopped: 0.0636900 seconds, Stopping threads took: 0.0630690 seconds
332.529: Application time: 0.0792860 seconds
332.589: [GC [PSYoungGen: 13972K->970K(15360K)] 30560K->17565K(50688K), 0.0005490 secs] [Times: user=0.00 sys=0.00, real=0.00 secs] 
332.589: Total time for which application threads were stopped: 0.0601390 seconds, Stopping threads took: 0.0595180 seconds
332.668: Application time: 0.0786980 seconds
332.716: [GC [PSYoungGen: 14269K->1328K(15360K)] 30864K->17932K(50688K), 0.0006830 secs] [Times: user=0.01 sys=0.00, real=0.00 secs] 
332.717: Total time for which application threads were stopped: 0.0489960 seconds, Stopping threads took: 0.0482460 seconds
332.794: Application time: 0.0765570 seconds
332.862: [GC [PSYoungGen: 14608K->547K(15360K)] 31211K->17151K(50688K), 0.0005100 secs] [Times: user=0.01 sys=0.00, real=0.00 secs] 
332.863: Total time for which application threads were stopped: 0.0693910 seconds, Stopping threads took: 0.0687870 seconds
332.939: Application time: 0.0756260 seconds
332.972: [GC [PSYoungGen: 13729K->1994K(15360K)] 30333K->19574K(50688K), 0.0011360 secs] [Times: user=0.01 sys=0.00, real=0.00 secs] 
332.973: Total time for which application threads were stopped: 0.0347660 seconds, Stopping threads took: 0.0335360 seconds
333.051: Application time: 0.0777030 seconds
333.117: [GC [PSYoungGen: 15293K->1133K(15360K)] 32873K->18713K(50688K), 0.0005930 secs] [Times: user=0.00 sys=0.00, real=0.00 secs] 
333.118: Total time for which application threads were stopped: 0.0669640 seconds, Stopping threads took: 0.0662870 seconds
333.195: Application time: 0.0768800 seconds
333.259: [GC [PSYoungGen: 14413K->320K(15360K)] 31993K->17900K(50688K), 0.0005340 secs] [Times: user=0.00 sys=0.00, real=0.00 secs] 
333.260: Total time for which application threads were stopped: 0.0650410 seconds, Stopping threads took: 0.0644310 seconds
333.341: Application time: 0.0814810 seconds
333.400: [GC [PSYoungGen: 13541K->320K(15360K)] 31121K->17908K(50688K), 0.0005930 secs] [Times: user=0.00 sys=0.00, real=0.00 secs] 
333.401: Total time for which application threads were stopped: 0.0592510 seconds, Stopping threads took: 0.0585840 seconds
333.483: Application time: 0.0825670 seconds
333.553: [GC [PSYoungGen: 13619K->758K(15360K)] 31207K->18346K(50688K), 0.0007170 secs] [Times: user=0.01 sys=0.00, real=0.00 secs] 
333.554: Total time for which application threads were stopped: 0.0706150 seconds, Stopping threads took: 0.0698240 seconds
333.638: Application time: 0.0845180 seconds
333.703: [GC [PSYoungGen: 14057K->1165K(15360K)] 31645K->18753K(50688K), 0.0006710 secs] [Times: user=0.00 sys=0.00, real=0.00 secs] 
333.704: Total time for which application threads were stopped: 0.0652910 seconds, Stopping threads took: 0.0645330 seconds
333.788: Application time: 0.0846590 seconds
333.846: [GC [PSYoungGen: 14366K->1458K(15360K)] 31954K->19054K(50688K), 0.0006940 secs] [Times: user=0.00 sys=0.00, real=0.01 secs] 
333.848: Total time for which application threads were stopped: 0.0594820 seconds, Stopping threads took: 0.0577770 seconds
333.931: Application time: 0.0835230 seconds
334.000: [GC [PSYoungGen: 14757K->774K(15360K)] 32353K->18378K(50688K), 0.0007460 secs] [Times: user=0.00 sys=0.00, real=0.00 secs] 
334.001: Total time for which application threads were stopped: 0.0691200 seconds, Stopping threads took: 0.0682990 seconds
334.085: Application time: 0.0842290 seconds
334.147: [GC [PSYoungGen: 13761K->758K(15360K)] 31365K->18370K(50688K), 0.0007560 secs] [Times: user=0.00 sys=0.00, real=0.00 secs] 
334.148: Total time for which application threads were stopped: 0.0632810 seconds, Stopping threads took: 0.0624500 seconds
334.232: Application time: 0.0844090 seconds
334.290: [GC [PSYoungGen: 13940K->970K(15360K)] 31552K->18582K(50688K), 0.0008180 secs] [Times: user=0.01 sys=0.00, real=0.00 secs] 
334.291: Total time for which application threads were stopped: 0.0582190 seconds, Stopping threads took: 0.0572980 seconds
334.374: Application time: 0.0836040 seconds
334.439: [GC [PSYoungGen: 13956K->986K(15360K)] 31568K->18598K(50688K), 0.0007710 secs] [Times: user=0.00 sys=0.01, real=0.00 secs] 
334.440: Total time for which application threads were stopped: 0.0657150 seconds, Stopping threads took: 0.0648500 seconds
334.524: Application time: 0.0839770 seconds
334.590: [GC [PSYoungGen: 14168K->1165K(15360K)] 31780K->18777K(50688K), 0.0007190 secs] [Times: user=0.01 sys=0.00, real=0.00 secs] 
334.590: Total time for which application threads were stopped: 0.0663360 seconds, Stopping threads took: 0.0655200 seconds
334.674: Application time: 0.0835170 seconds
334.739: [GC [PSYoungGen: 14464K->1556K(15360K)] 32076K->19176K(50688K), 0.0007820 secs] [Times: user=0.00 sys=0.00, real=0.00 secs] 
334.740: Total time for which application threads were stopped: 0.0662740 seconds, Stopping threads took: 0.0654000 seconds
334.822: Application time: 0.0818980 seconds
334.880: [GC [PSYoungGen: 14796K->1653K(15360K)] 32416K->19273K(50688K), 0.0007020 secs] [Times: user=0.00 sys=0.00, real=0.00 secs] 
334.881: Total time for which application threads were stopped: 0.0590320 seconds, Stopping threads took: 0.0582490 seconds
334.965: Application time: 0.0842960 seconds
335.030: [GC [PSYoungGen: 14855K->1978K(15360K)] 32475K->19606K(50688K), 0.0008710 secs] [Times: user=0.01 sys=0.00, real=0.00 secs] 
335.031: Total time for which application threads were stopped: 0.0657000 seconds, Stopping threads took: 0.0647550 seconds
335.114: Application time: 0.0830550 seconds
335.185: [GC [PSYoungGen: 15180K->1149K(15360K)] 32808K->18785K(50688K), 0.0007920 secs] [Times: user=0.01 sys=0.00, real=0.00 secs] 
335.186: Total time for which application threads were stopped: 0.0717040 seconds, Stopping threads took: 0.0708330 seconds
335.270: Application time: 0.0844490 seconds
335.329: [GC [PSYoungGen: 14331K->1376K(15360K)] 31967K->19012K(50688K), 0.0008330 secs] [Times: user=0.00 sys=0.00, real=0.00 secs] 
335.330: Total time for which application threads were stopped: 0.0599640 seconds, Stopping threads took: 0.0590470 seconds
335.413: Application time: 0.0828550 seconds
335.483: [GC [PSYoungGen: 14577K->563K(15360K)] 32214K->18207K(50688K), 0.0006710 secs] [Times: user=0.00 sys=0.00, real=0.00 secs] 
335.483: Total time for which application threads were stopped: 0.0701060 seconds, Stopping threads took: 0.0693420 seconds
335.567: Application time: 0.0840480 seconds
335.624: [GC [PSYoungGen: 13667K->774K(15360K)] 31311K->18426K(50688K), 0.0005650 secs] [Times: user=0.00 sys=0.00, real=0.00 secs] 
335.624: Total time for which application threads were stopped: 0.0569700 seconds, Stopping threads took: 0.0563360 seconds
335.707: Application time: 0.0831550 seconds
335.772: [GC [PSYoungGen: 14034K->986K(15360K)] 31687K->18638K(50688K), 0.0006140 secs] [Times: user=0.00 sys=0.00, real=0.00 secs] 
335.773: Total time for which application threads were stopped: 0.0654740 seconds, Stopping threads took: 0.0647850 seconds
335.857: Application time: 0.0844330 seconds
335.922: [GC [PSYoungGen: 14167K->1149K(15360K)] 31820K->18801K(50688K), 0.0006730 secs] [Times: user=0.00 sys=0.00, real=0.00 secs] 
335.923: Total time for which application threads were stopped: 0.0656290 seconds, Stopping threads took: 0.0648820 seconds
336.006: Application time: 0.0834140 seconds
336.081: [GC [PSYoungGen: 14360K->288K(15360K)] 32012K->17940K(50688K), 0.0005480 secs] [Times: user=0.00 sys=0.00, real=0.00 secs] 
336.082: Total time for which application threads were stopped: 0.0754100 seconds, Stopping threads took: 0.0747810 seconds
336.163: Application time: 0.0811920 seconds
336.211: [GC [PSYoungGen: 13442K->1572K(15360K)] 31094K->19224K(50688K), 0.0008580 secs] [Times: user=0.00 sys=0.00, real=0.00 secs] 
336.212: Total time for which application threads were stopped: 0.0492860 seconds, Stopping threads took: 0.0483320 seconds
336.296: Application time: 0.0834430 seconds
336.364: [GC [PSYoungGen: 14773K->790K(15360K)] 32425K->18450K(50688K), 0.0006450 secs] [Times: user=0.00 sys=0.00, real=0.00 secs] 
336.365: Total time for which application threads were stopped: 0.0690970 seconds, Stopping threads took: 0.0683550 seconds
336.449: Application time: 0.0841320 seconds
336.503: [GC [PSYoungGen: 14089K->1165K(15360K)] 31749K->18841K(50688K), 0.0006190 secs] [Times: user=0.00 sys=0.00, real=0.00 secs] 
336.504: Total time for which application threads were stopped: 0.0545580 seconds, Stopping threads took: 0.0538480 seconds
336.586: Application time: 0.0827220 seconds
336.653: [GC [PSYoungGen: 14347K->1376K(15360K)] 32023K->19060K(50688K), 0.0007330 secs] [Times: user=0.00 sys=0.00, real=0.00 secs] 
336.653: Total time for which application threads were stopped: 0.0671760 seconds, Stopping threads took: 0.0663370 seconds
336.738: Application time: 0.0844390 seconds
336.795: [GC [PSYoungGen: 14636K->1572K(15360K)] 32320K->19264K(50688K), 0.0007960 secs] [Times: user=0.00 sys=0.00, real=0.00 secs] 
336.796: Total time for which application threads were stopped: 0.0582370 seconds, Stopping threads took: 0.0573690 seconds
336.879: Application time: 0.0829560 seconds
336.944: [GC [PSYoungGen: 14871K->1994K(15360K)] 32563K->19686K(50688K), 0.0008590 secs] [Times: user=0.00 sys=0.00, real=0.00 secs] 
336.945: Total time for which application threads were stopped: 0.0662070 seconds, Stopping threads took: 0.0652720 seconds
337.030: Application time: 0.0844050 seconds
337.095: [GC [PSYoungGen: 15274K->1880K(15360K)] 32966K->19979K(50688K), 0.0011440 secs] [Times: user=0.01 sys=0.00, real=0.01 secs] 
337.096: Total time for which application threads were stopped: 0.0664880 seconds, Stopping threads took: 0.0652730 seconds
337.178: Application time: 0.0817860 seconds
337.253: [GC [PSYoungGen: 15062K->1376K(15360K)] 33161K->19475K(50688K), 0.0006580 secs] [Times: user=0.00 sys=0.00, real=0.00 secs] 
337.254: Total time for which application threads were stopped: 0.0762080 seconds, Stopping threads took: 0.0754730 seconds
337.332: Application time: 0.0782070 seconds
337.385: [GC [PSYoungGen: 14578K->1637K(15360K)] 32676K->19736K(50688K), 0.0007200 secs] [Times: user=0.00 sys=0.00, real=0.00 secs] 
337.386: Total time for which application threads were stopped: 0.0532290 seconds, Stopping threads took: 0.0524350 seconds
337.464: Application time: 0.0780240 seconds
337.526: [GC [PSYoungGen: 14936K->954K(15360K)] 33035K->19060K(50688K), 0.0005610 secs] [Times: user=0.00 sys=0.00, real=0.00 secs] 
337.527: Total time for which application threads were stopped: 0.0630760 seconds, Stopping threads took: 0.0624230 seconds
337.604: Application time: 0.0770690 seconds
337.653: [GC [PSYoungGen: 14213K->1181K(15360K)] 32320K->19288K(50688K), 0.0006450 secs] [Times: user=0.00 sys=0.00, real=0.00 secs] 
337.654: Total time for which application threads were stopped: 0.0500220 seconds, Stopping threads took: 0.0492800 seconds
337.731: Application time: 0.0768230 seconds
337.794: [GC [PSYoungGen: 14382K->288K(15360K)] 32489K->18394K(50688K), 0.0004230 secs] [Times: user=0.00 sys=0.00, real=0.00 secs] 
337.794: Total time for which application threads were stopped: 0.0636120 seconds, Stopping threads took: 0.0631060 seconds
337.870: Application time: 0.0761770 seconds
337.922: [GC [PSYoungGen: 13587K->2045K(15360K)] 31693K->21014K(50688K), 0.0010520 secs] [Times: user=0.01 sys=0.00, real=0.00 secs] 
337.923: Total time for which application threads were stopped: 0.0522230 seconds, Stopping threads took: 0.0510800 seconds
338.001: Application time: 0.0780430 seconds
338.069: [GC [PSYoungGen: 15188K->726K(15360K)] 34156K->19702K(50688K), 0.0004890 secs] [Times: user=0.00 sys=0.00, real=0.00 secs] 
338.070: Total time for which application threads were stopped: 0.0689140 seconds, Stopping threads took: 0.0683570 seconds
338.147: Application time: 0.0778020 seconds
338.207: [GC [PSYoungGen: 13713K->726K(15360K)] 32689K->19702K(50688K), 0.0006250 secs] [Times: user=0.01 sys=0.00, real=0.00 secs] 
338.208: Total time for which application threads were stopped: 0.0607260 seconds, Stopping threads took: 0.0600110 seconds
338.287: Application time: 0.0789690 seconds
338.345: [GC [PSYoungGen: 13908K->906K(15360K)] 32884K->19890K(50688K), 0.0006010 secs] [Times: user=0.00 sys=0.00, real=0.00 secs] 
338.346: Total time for which application threads were stopped: 0.0588010 seconds, Stopping threads took: 0.0581260 seconds
338.424: Application time: 0.0779620 seconds
338.475: [GC [PSYoungGen: 14205K->1344K(15360K)] 33189K->20328K(50688K), 0.0006510 secs] [Times: user=0.00 sys=0.00, real=0.00 secs] 
338.475: Total time for which application threads were stopped: 0.0513010 seconds, Stopping threads took: 0.0505800 seconds
338.552: Application time: 0.0763630 seconds
338.614: [GC [PSYoungGen: 14546K->499K(15360K)] 33530K->19483K(50688K), 0.0004860 secs] [Times: user=0.00 sys=0.00, real=0.00 secs] 
338.615: Total time for which application threads were stopped: 0.0632970 seconds, Stopping threads took: 0.0627430 seconds
338.692: Application time: 0.0769680 seconds
338.725: [GC [PSYoungGen: 13798K->1978K(15360K)] 32782K->22142K(50688K), 0.0010520 secs] [Times: user=0.01 sys=0.01, real=0.00 secs] 
338.726: Total time for which application threads were stopped: 0.0343710 seconds, Stopping threads took: 0.0332550 seconds
338.802: Application time: 0.0757190 seconds
338.870: [GC [PSYoungGen: 15160K->2012K(15360K)] 35324K->22379K(50688K), 0.0009160 secs] [Times: user=0.00 sys=0.00, real=0.00 secs] 
338.871: Total time for which application threads were stopped: 0.0693660 seconds, Stopping threads took: 0.0676940 seconds
338.947: Application time: 0.0753010 seconds
339.011: [GC [PSYoungGen: 15272K->1881K(15360K)] 35639K->22834K(50688K), 0.0009130 secs] [Times: user=0.00 sys=0.00, real=0.00 secs] 
339.012: Total time for which application threads were stopped: 0.0656240 seconds, Stopping threads took: 0.0646350 seconds
339.090: Application time: 0.0776470 seconds
339.158: [GC [PSYoungGen: 15082K->563K(15360K)] 36035K->21524K(50688K), 0.0005950 secs] [Times: user=0.01 sys=0.00, real=0.00 secs] 
339.159: Total time for which application threads were stopped: 0.0689990 seconds, Stopping threads took: 0.0683170 seconds
339.235: Application time: 0.0760790 seconds
339.268: [GC [PSYoungGen: 13842K->1946K(15360K)] 34804K->22916K(50688K), 0.0011120 secs] [Times: user=0.01 sys=0.00, real=0.00 secs] 
339.269: Total time for which application threads were stopped: 0.0340990 seconds, Stopping threads took: 0.0328940 seconds
339.346: Application time: 0.0766040 seconds
339.406: [GC [PSYoungGen: 15206K->1930K(15360K)] 36176K->23095K(50688K), 0.0009400 secs] [Times: user=0.00 sys=0.00, real=0.00 secs] 
339.407: Total time for which application threads were stopped: 0.0612070 seconds, Stopping threads took: 0.0601660 seconds
339.486: Application time: 0.0791430 seconds
339.545: [GC [PSYoungGen: 15132K->1376K(15360K)] 36296K->22541K(50688K), 0.0008320 secs] [Times: user=0.01 sys=0.00, real=0.00 secs] 
339.546: Total time for which application threads were stopped: 0.0597780 seconds, Stopping threads took: 0.0588620 seconds
339.622: Application time: 0.0763520 seconds
339.680: [GC [PSYoungGen: 14480K->1572K(15360K)] 35645K->22744K(50688K), 0.0007190 secs] [Times: user=0.01 sys=0.00, real=0.00 secs] 
339.681: Total time for which application threads were stopped: 0.0588650 seconds, Stopping threads took: 0.0580750 seconds
339.760: Application time: 0.0789220 seconds
339.818: [GC [PSYoungGen: 14753K->1751K(15360K)] 35926K->22924K(50688K), 0.0007390 secs] [Times: user=0.00 sys=0.00, real=0.00 secs] 
339.819: Total time for which application threads were stopped: 0.0587080 seconds, Stopping threads took: 0.0578770 seconds
339.897: Application time: 0.0779580 seconds
339.945: [GC [PSYoungGen: 15058K->1962K(15360K)] 36231K->23330K(50688K), 0.0008140 secs] [Times: user=0.01 sys=0.00, real=0.00 secs] 
339.946: Total time for which application threads were stopped: 0.0495490 seconds, Stopping threads took: 0.0486520 seconds
340.024: Application time: 0.0781470 seconds
340.089: [GC [PSYoungGen: 15114K->1165K(15360K)] 36482K->22541K(50688K), 0.0006030 secs] [Times: user=0.00 sys=0.00, real=0.00 secs] 
340.089: Total time for which application threads were stopped: 0.0649340 seconds, Stopping threads took: 0.0642580 seconds
340.164: Application time: 0.0750420 seconds
340.226: [GC [PSYoungGen: 14464K->1572K(15360K)] 35840K->22956K(50688K), 0.0009350 secs] [Times: user=0.00 sys=0.00, real=0.00 secs] 
340.227: Total time for which application threads were stopped: 0.0623470 seconds, Stopping threads took: 0.0613140 seconds
340.306: Application time: 0.0792070 seconds
340.353: [GC [PSYoungGen: 14558K->1540K(15360K)] 35942K->22932K(50688K), 0.0007850 secs] [Times: user=0.01 sys=0.00, real=0.00 secs] 
340.354: Total time for which application threads were stopped: 0.0482380 seconds, Stopping threads took: 0.0473790 seconds
340.431: Application time: 0.0773650 seconds
340.493: [GC [PSYoungGen: 14702K->1653K(15360K)] 36094K->23045K(50688K), 0.0010840 secs] [Times: user=0.01 sys=0.00, real=0.00 secs] 
340.494: Total time for which application threads were stopped: 0.0622700 seconds, Stopping threads took: 0.0610940 seconds
340.574: Application time: 0.0800140 seconds
340.633: [GC [PSYoungGen: 14757K->758K(15360K)] 36149K->22150K(50688K), 0.0006940 secs] [Times: user=0.00 sys=0.00, real=0.00 secs] 
340.634: Total time for which application threads were stopped: 0.0599310 seconds, Stopping threads took: 0.0591640 seconds
340.712: Application time: 0.0787680 seconds
340.774: [GC [PSYoungGen: 13745K->726K(15360K)] 35137K->22118K(50688K), 0.0005260 secs] [Times: user=0.00 sys=0.00, real=0.00 secs] 
340.775: Total time for which application threads were stopped: 0.0620720 seconds, Stopping threads took: 0.0614550 seconds
340.853: Application time: 0.0786930 seconds
340.902: [GC [PSYoungGen: 14025K->1133K(15360K)] 35417K->22541K(50688K), 0.0006810 secs] [Times: user=0.00 sys=0.00, real=0.00 secs] 
340.903: Total time for which application threads were stopped: 0.0497470 seconds, Stopping threads took: 0.0489700 seconds
340.980: Application time: 0.0767650 seconds
341.041: [GC [PSYoungGen: 14315K->1376K(15360K)] 35723K->22792K(50688K), 0.0006770 secs] [Times: user=0.01 sys=0.00, real=0.00 secs] 
341.041: Total time for which application threads were stopped: 0.0617480 seconds, Stopping threads took: 0.0609810 seconds
341.120: Application time: 0.0788040 seconds
341.183: [GC [PSYoungGen: 14578K->547K(15360K)] 35994K->21963K(50688K), 0.0005120 secs] [Times: user=0.00 sys=0.00, real=0.00 secs] 
341.183: Total time for which application threads were stopped: 0.0628870 seconds, Stopping threads took: 0.0622860 seconds
341.260: Application time: 0.0765530 seconds
341.293: [GC [PSYoungGen: 13846K->1994K(15360K)] 35262K->24590K(50688K), 0.0010890 secs] [Times: user=0.01 sys=0.00, real=0.00 secs] 
341.294: Total time for which application threads were stopped: 0.0343420 seconds, Stopping threads took: 0.0331730 seconds
341.372: Application time: 0.0775860 seconds
341.441: [GC [PSYoungGen: 15176K->1101K(15360K)] 37772K->23705K(50688K), 0.0006770 secs] [Times: user=0.01 sys=0.00, real=0.00 secs] 
341.442: Total time for which application threads were stopped: 0.0700130 seconds, Stopping threads took: 0.0692420 seconds
341.518: Application time: 0.0765840 seconds
341.567: [GC [PSYoungGen: 14283K->1344K(15360K)] 36887K->23948K(50688K), 0.0006790 secs] [Times: user=0.00 sys=0.00, real=0.00 secs] 
341.567: Total time for which application threads were stopped: 0.0490040 seconds, Stopping threads took: 0.0482430 seconds
341.644: Application time: 0.0770760 seconds
341.705: [GC [PSYoungGen: 14487K->1392K(15360K)] 37091K->23996K(50688K), 0.0006930 secs] [Times: user=0.01 sys=0.00, real=0.00 secs] 
341.706: Total time for which application threads were stopped: 0.0615060 seconds, Stopping threads took: 0.0607410 seconds
341.784: Application time: 0.0782570 seconds
341.851: [GC [PSYoungGen: 14555K->288K(15360K)] 37159K->22900K(50688K), 0.0005260 secs] [Times: user=0.00 sys=0.00, real=0.00 secs] 
341.851: Total time for which application threads were stopped: 0.0671860 seconds, Stopping threads took: 0.0665890 seconds
341.928: Application time: 0.0770760 seconds
341.989: [GC [PSYoungGen: 13586K->726K(15360K)] 36199K->23338K(50688K), 0.0006090 secs] [Times: user=0.01 sys=0.00, real=0.00 secs] 
341.989: Total time for which application threads were stopped: 0.0609110 seconds, Stopping threads took: 0.0602320 seconds
342.069: Application time: 0.0793560 seconds
342.121: [GC [PSYoungGen: 14025K->1165K(15360K)] 36637K->23785K(50688K), 0.0006300 secs] [Times: user=0.01 sys=0.00, real=0.00 secs] 
342.121: Total time for which application threads were stopped: 0.0527950 seconds, Stopping threads took: 0.0520680 seconds
342.201: Application time: 0.0791990 seconds
342.258: [GC [PSYoungGen: 14464K->1588K(15360K)] 37084K->24208K(50688K), 0.0008400 secs] [Times: user=0.00 sys=0.00, real=0.00 secs] 
342.259: Total time for which application threads were stopped: 0.0583960 seconds, Stopping threads took: 0.0574600 seconds
342.335: Application time: 0.0760340 seconds
342.404: [GC [PSYoungGen: 14789K->758K(15360K)] 37409K->23386K(50688K), 0.0005400 secs] [Times: user=0.00 sys=0.00, real=0.00 secs] 
342.404: Total time for which application threads were stopped: 0.0690950 seconds, Stopping threads took: 0.0684840 seconds
342.482: Application time: 0.0776330 seconds
342.541: [GC [PSYoungGen: 14057K->1133K(15360K)] 36685K->23769K(50688K), 0.0005970 secs] [Times: user=0.00 sys=0.00, real=0.00 secs] 
342.542: Total time for which application threads were stopped: 0.0601160 seconds, Stopping threads took: 0.0594440 seconds
342.618: Application time: 0.0764860 seconds
342.682: [GC [PSYoungGen: 14334K->352K(15360K)] 36970K->22988K(50688K), 0.0006720 secs] [Times: user=0.00 sys=0.00, real=0.00 secs] 
342.683: Total time for which application threads were stopped: 0.0641590 seconds, Stopping threads took: 0.0633890 seconds
342.758: Application time: 0.0757930 seconds
342.804: [GC [PSYoungGen: 13553K->2044K(15360K)] 36189K->25469K(50688K), 0.0011640 secs] [Times: user=0.01 sys=0.00, real=0.00 secs] 
342.805: Total time for which application threads were stopped: 0.0465250 seconds, Stopping threads took: 0.0452680 seconds
342.881: Application time: 0.0763860 seconds
342.942: [GC [PSYoungGen: 15069K->1865K(15360K)] 38495K->26071K(50688K), 0.0009950 secs] [Times: user=0.01 sys=0.00, real=0.00 secs] 
342.943: Total time for which application threads were stopped: 0.0614420 seconds, Stopping threads took: 0.0603710 seconds
343.029: Application time: 0.0863080 seconds
343.097: [GC [PSYoungGen: 15027K->579K(15360K)] 39233K->24802K(50688K), 0.0004870 secs] [Times: user=0.01 sys=0.00, real=0.00 secs] 
343.097: Total time for which application threads were stopped: 0.0683520 seconds, Stopping threads took: 0.0677940 seconds
343.173: Application time: 0.0759600 seconds
343.234: [GC [PSYoungGen: 13761K->790K(15360K)] 37983K->25013K(50688K), 0.0005360 secs] [Times: user=0.00 sys=0.00, real=0.00 secs] 
343.235: Total time for which application threads were stopped: 0.0614620 seconds, Stopping threads took: 0.0608450 seconds
343.314: Application time: 0.0792680 seconds
343.369: [GC [PSYoungGen: 13777K->742K(15360K)] 38000K->24965K(50688K), 0.0005470 secs] [Times: user=0.01 sys=0.00, real=0.00 secs] 
343.370: Total time for which application threads were stopped: 0.0556310 seconds, Stopping threads took: 0.0550180 seconds
343.448: Application time: 0.0781330 seconds
343.508: [GC [PSYoungGen: 14041K->1181K(15360K)] 38264K->25420K(50688K), 0.0006410 secs] [Times: user=0.00 sys=0.00, real=0.00 secs] 
343.509: Total time for which application threads were stopped: 0.0609060 seconds, Stopping threads took: 0.0601990 seconds
343.586: Application time: 0.0769580 seconds
343.647: [GC [PSYoungGen: 14382K->320K(15360K)] 38621K->24566K(50688K), 0.0004660 secs] [Times: user=0.00 sys=0.00, real=0.01 secs] 
343.648: Total time for which application threads were stopped: 0.0618130 seconds, Stopping threads took: 0.0612570 seconds
343.723: Application time: 0.0753530 seconds
343.768: [GC [PSYoungGen: 13521K->1767K(15360K)] 37768K->26030K(50688K), 0.0007950 secs] [Times: user=0.00 sys=0.00, real=0.00 secs] 
343.769: Total time for which application threads were stopped: 0.0456810 seconds, Stopping threads took: 0.0448050 seconds
343.847: Application time: 0.0787590 seconds
343.902: [GC [PSYoungGen: 15066K->1978K(15360K)] 39328K->26444K(50688K), 0.0008610 secs] [Times: user=0.00 sys=0.00, real=0.00 secs] 
343.904: Total time for which application threads were stopped: 0.0561930 seconds, Stopping threads took: 0.0546210 seconds
343.981: Application time: 0.0773560 seconds
344.045: [GC [PSYoungGen: 15277K->1426K(15360K)] 39743K->25892K(50688K), 0.0006920 secs] [Times: user=0.01 sys=0.00, real=0.00 secs] 
344.046: Total time for which application threads were stopped: 0.0648960 seconds, Stopping threads took: 0.0641140 seconds
344.125: Application time: 0.0787100 seconds
344.187: [GC [PSYoungGen: 14510K->1540K(15360K)] 38976K->26006K(50688K), 0.0007810 secs] [Times: user=0.01 sys=0.00, real=0.01 secs] 
344.188: Total time for which application threads were stopped: 0.0631130 seconds, Stopping threads took: 0.0622360 seconds
344.265: Application time: 0.0771290 seconds
344.329: [GC [PSYoungGen: 14819K->774K(15360K)] 39285K->25240K(50688K), 0.0009290 secs] [Times: user=0.00 sys=0.00, real=0.00 secs] 
344.330: Total time for which application threads were stopped: 0.0653700 seconds, Stopping threads took: 0.0643390 seconds
344.410: Application time: 0.0794710 seconds
344.459: [GC [PSYoungGen: 13956K->986K(15360K)] 38422K->25452K(50688K), 0.0005660 secs] [Times: user=0.00 sys=0.00, real=0.00 secs] 
344.459: Total time for which application threads were stopped: 0.0495030 seconds, Stopping threads took: 0.0488620 seconds
344.536: Application time: 0.0772460 seconds
344.598: [GC [PSYoungGen: 14207K->1002K(15360K)] 38673K->25468K(50688K), 0.0005840 secs] [Times: user=0.00 sys=0.00, real=0.00 secs] 
344.599: Total time for which application threads were stopped: 0.0625390 seconds, Stopping threads took: 0.0618600 seconds
344.677: Application time: 0.0781250 seconds
344.725: [GC [PSYoungGen: 14300K->1376K(15360K)] 38766K->25842K(50688K), 0.0007960 secs] [Times: user=0.00 sys=0.00, real=0.00 secs] 
344.726: Total time for which application threads were stopped: 0.0485640 seconds, Stopping threads took: 0.0476850 seconds
344.802: Application time: 0.0763230 seconds
344.852: [GC [PSYoungGen: 14558K->1587K(15360K)] 39024K->26053K(50688K), 0.0007450 secs] [Times: user=0.01 sys=0.00, real=0.00 secs] 
344.853: Total time for which application threads were stopped: 0.0510750 seconds, Stopping threads took: 0.0502460 seconds
344.932: Application time: 0.0791950 seconds
344.997: [GC [PSYoungGen: 14789K->790K(15360K)] 39255K->25264K(50688K), 0.0006600 secs] [Times: user=0.00 sys=0.00, real=0.00 secs] 
344.998: Total time for which application threads were stopped: 0.0653750 seconds, Stopping threads took: 0.0646150 seconds
345.077: Application time: 0.0798740 seconds
345.137: [GC [PSYoungGen: 14089K->1133K(15360K)] 38563K->25615K(50688K), 0.0007630 secs] [Times: user=0.01 sys=0.00, real=0.00 secs] 
345.138: Total time for which application threads were stopped: 0.0602700 seconds, Stopping threads took: 0.0594130 seconds
345.216: Application time: 0.0781770 seconds
345.267: [GC [PSYoungGen: 14432K->1555K(15360K)] 38914K->26045K(50688K), 0.0007720 secs] [Times: user=0.00 sys=0.00, real=0.01 secs] 
345.268: Total time for which application threads were stopped: 0.0517420 seconds, Stopping threads took: 0.0508810 seconds
345.350: Application time: 0.0828340 seconds
345.416: [GC [PSYoungGen: 14542K->1572K(15360K)] 39032K->26070K(50688K), 0.0007640 secs] [Times: user=0.01 sys=0.00, real=0.00 secs] 
345.416: Total time for which application threads were stopped: 0.0659340 seconds, Stopping threads took: 0.0650870 seconds
345.501: Application time: 0.0842710 seconds
345.558: [GC [PSYoungGen: 14871K->1946K(15360K)] 39369K->26444K(50688K), 0.0009210 secs] [Times: user=0.00 sys=0.00, real=0.00 secs] 
345.559: Total time for which application threads were stopped: 0.0582330 seconds, Stopping threads took: 0.0572350 seconds
345.642: Application time: 0.0829690 seconds
345.708: [GC [PSYoungGen: 15108K->1897K(15360K)] 39606K->26590K(50688K), 0.0008410 secs] [Times: user=0.00 sys=0.00, real=0.00 secs] 
345.709: Total time for which application threads were stopped: 0.0673840 seconds, Stopping threads took: 0.0664740 seconds
345.794: Application time: 0.0842460 seconds
345.861: [GC [PSYoungGen: 15195K->1360K(15360K)] 39889K->26054K(50688K), 0.0006670 secs] [Times: user=0.01 sys=0.00, real=0.00 secs] 
345.862: Total time for which application threads were stopped: 0.0681110 seconds, Stopping threads took: 0.0673690 seconds
345.946: Application time: 0.0843390 seconds
346.011: [GC [PSYoungGen: 14542K->1556K(15360K)] 39235K->26249K(50688K), 0.0007380 secs] [Times: user=0.00 sys=0.00, real=0.00 secs] 
346.011: Total time for which application threads were stopped: 0.0654410 seconds, Stopping threads took: 0.0646110 seconds
346.096: Application time: 0.0849650 seconds
346.172: [GC [PSYoungGen: 14718K->595K(15360K)] 39411K->25288K(50688K), 0.0006240 secs] [Times: user=0.01 sys=0.00, real=0.00 secs] 
346.172: Total time for which application threads were stopped: 0.0759120 seconds, Stopping threads took: 0.0752200 seconds
346.256: Application time: 0.0839740 seconds
346.318: [GC [PSYoungGen: 13894K->970K(15360K)] 38587K->25671K(50688K), 0.0006450 secs] [Times: user=0.00 sys=0.00, real=0.00 secs] 
346.319: Total time for which application threads were stopped: 0.0624820 seconds, Stopping threads took: 0.0617640 seconds
346.402: Application time: 0.0827850 seconds
346.458: [GC [PSYoungGen: 14269K->1344K(15360K)] 38970K->26054K(50688K), 0.0007720 secs] [Times: user=0.00 sys=0.00, real=0.00 secs] 
346.458: Total time for which application threads were stopped: 0.0567510 seconds, Stopping threads took: 0.0558930 seconds
346.541: Application time: 0.0826960 seconds
346.613: [GC [PSYoungGen: 14507K->320K(15360K)] 39216K->25037K(50688K), 0.0006660 secs] [Times: user=0.00 sys=0.00, real=0.00 secs] 
346.614: Total time for which application threads were stopped: 0.0726680 seconds, Stopping threads took: 0.0718970 seconds
346.696: Application time: 0.0822990 seconds
346.733: [GC [PSYoungGen: 13619K->1962K(15360K)] 38336K->27664K(50688K), 0.0011160 secs] [Times: user=0.01 sys=0.00, real=0.00 secs] 
346.734: Total time for which application threads were stopped: 0.0378880 seconds, Stopping threads took: 0.0366960 seconds
346.816: Application time: 0.0825830 seconds
346.893: [GC [PSYoungGen: 15241K->1946K(15360K)] 40943K->27843K(50688K), 0.0009920 secs] [Times: user=0.00 sys=0.00, real=0.00 secs] 
346.895: Total time for which application threads were stopped: 0.0780500 seconds, Stopping threads took: 0.0769810 seconds
346.979: Application time: 0.0849440 seconds
347.031: [GC [PSYoungGen: 15206K->1946K(15360K)] 41104K->28242K(50688K), 0.0010520 secs] [Times: user=0.00 sys=0.00, real=0.00 secs] 
347.032: Total time for which application threads were stopped: 0.0525390 seconds, Stopping threads took: 0.0514080 seconds
347.114: Application time: 0.0818420 seconds
347.180: [GC [PSYoungGen: 15148K->2044K(15360K)] 41444K->28926K(50688K), 0.0012390 secs] [Times: user=0.01 sys=0.00, real=0.00 secs] 
347.182: Total time for which application threads were stopped: 0.0678870 seconds, Stopping threads took: 0.0665630 seconds
347.267: Application time: 0.0856700 seconds
347.342: [GC [PSYoungGen: 15343K->1946K(15360K)] 42225K->28828K(50688K), 0.0009600 secs] [Times: user=0.01 sys=0.00, real=0.00 secs] 
347.343: Total time for which application threads were stopped: 0.0751670 seconds, Stopping threads took: 0.0741260 seconds
347.427: Application time: 0.0842890 seconds
347.491: [GC [PSYoungGen: 15198K->1165K(15360K)] 42079K->28047K(50688K), 0.0007840 secs] [Times: user=0.00 sys=0.00, real=0.00 secs] 
347.491: Total time for which application threads were stopped: 0.0645780 seconds, Stopping threads took: 0.0637060 seconds
347.576: Application time: 0.0849430 seconds
347.647: [GC [PSYoungGen: 14472K->336K(15360K)] 41354K->27225K(50688K), 0.0005410 secs] [Times: user=0.00 sys=0.00, real=0.01 secs] 
347.647: Total time for which application threads were stopped: 0.0710010 seconds, Stopping threads took: 0.0703870 seconds
347.729: Application time: 0.0819210 seconds
347.772: [GC [PSYoungGen: 13517K->2010K(15360K)] 40407K->29681K(50688K), 0.0010390 secs] [Times: user=0.01 sys=0.00, real=0.00 secs] 
347.773: Total time for which application threads were stopped: 0.0438450 seconds, Stopping threads took: 0.0427250 seconds
347.856: Application time: 0.0826610 seconds
347.925: [GC [PSYoungGen: 15211K->1946K(15360K)] 42882K->29625K(50688K), 0.0011270 secs] [Times: user=0.00 sys=0.00, real=0.00 secs] 
347.926: Total time for which application threads were stopped: 0.0703210 seconds, Stopping threads took: 0.0691170 seconds
348.009: Application time: 0.0824370 seconds
348.067: [GC [PSYoungGen: 15226K->1865K(15360K)] 42905K->29934K(50688K), 0.0010680 secs] [Times: user=0.00 sys=0.00, real=0.00 secs] 
348.068: Total time for which application threads were stopped: 0.0597770 seconds, Stopping threads took: 0.0586290 seconds
348.155: Application time: 0.0861700 seconds
348.219: [GC [PSYoungGen: 14929K->1881K(15360K)] 42999K->30357K(50688K), 0.0010480 secs] [Times: user=0.00 sys=0.00, real=0.00 secs] 
348.220: Total time for which application threads were stopped: 0.0652710 seconds, Stopping threads took: 0.0641470 seconds
348.305: Application time: 0.0853740 seconds
348.374: [GC [PSYoungGen: 15062K->1392K(15360K)] 43539K->29877K(50688K), 0.0008640 secs] [Times: user=0.00 sys=0.00, real=0.00 secs] 
348.375: Total time for which application threads were stopped: 0.0695340 seconds, Stopping threads took: 0.0685720 seconds
348.460: Application time: 0.0849860 seconds
348.523: [GC [PSYoungGen: 14691K->1751K(15360K)] 43176K->30235K(50688K), 0.0008950 secs] [Times: user=0.00 sys=0.00, real=0.00 secs] 
348.524: Total time for which application threads were stopped: 0.0646800 seconds, Stopping threads took: 0.0636940 seconds
348.608: Application time: 0.0831610 seconds
348.676: [GC [PSYoungGen: 14952K->2044K(15360K)] 43437K->30528K(50688K), 0.0009310 secs] [Times: user=0.00 sys=0.00, real=0.00 secs] 
348.677: Total time for which application threads were stopped: 0.0690630 seconds, Stopping threads took: 0.0680550 seconds
348.760: Application time: 0.0838560 seconds
348.825: [GC [PSYoungGen: 15226K->1181K(15360K)] 43710K->29673K(50688K), 0.0006130 secs] [Times: user=0.00 sys=0.00, real=0.00 secs] 
348.825: Total time for which application threads were stopped: 0.0646580 seconds, Stopping threads took: 0.0639690 seconds
348.908: Application time: 0.0832550 seconds
348.972: [GC [PSYoungGen: 14363K->1360K(15360K)] 42855K->29853K(50688K), 0.0006770 secs] [Times: user=0.00 sys=0.00, real=0.00 secs] 
348.974: Total time for which application threads were stopped: 0.0653150 seconds, Stopping threads took: 0.0637380 seconds
349.058: Application time: 0.0844840 seconds
349.129: [GC [PSYoungGen: 14561K->579K(15360K)] 43054K->29079K(50688K), 0.0005380 secs] [Times: user=0.01 sys=0.00, real=0.00 secs] 
349.130: Total time for which application threads were stopped: 0.0716310 seconds, Stopping threads took: 0.0709990 seconds
349.212: Application time: 0.0824550 seconds
349.249: [GC [PSYoungGen: 13878K->2044K(15360K)] 42378K->32717K(50688K), 0.0015800 secs] [Times: user=0.01 sys=0.00, real=0.00 secs] 
349.251: Total time for which application threads were stopped: 0.0386520 seconds, Stopping threads took: 0.0369810 seconds
349.342: Application time: 0.0909040 seconds
349.403: [GC [PSYoungGen: 15225K->1149K(15360K)] 45899K->31822K(50688K), 0.0006610 secs] [Times: user=0.00 sys=0.00, real=0.00 secs] 
349.404: Total time for which application threads were stopped: 0.0619090 seconds, Stopping threads took: 0.0611730 seconds
349.481: Application time: 0.0770240 seconds
349.545: [GC [PSYoungGen: 14449K->272K(15360K)] 45122K->30945K(50688K), 0.0006760 secs] [Times: user=0.00 sys=0.00, real=0.00 secs] 
349.546: Total time for which application threads were stopped: 0.0647510 seconds, Stopping threads took: 0.0639860 seconds
349.620: Application time: 0.0744210 seconds
349.682: [GC [PSYoungGen: 13514K->547K(15360K)] 44187K->31220K(50688K), 0.0004720 secs] [Times: user=0.00 sys=0.00, real=0.00 secs] 
349.683: Total time for which application threads were stopped: 0.0626720 seconds, Stopping threads took: 0.0621290 seconds
349.759: Application time: 0.0767480 seconds
349.812: [GC [PSYoungGen: 13807K->774K(15360K)] 44480K->31455K(50688K), 0.0005040 secs] [Times: user=0.00 sys=0.00, real=0.00 secs] 
349.813: Total time for which application threads were stopped: 0.0534900 seconds, Stopping threads took: 0.0529160 seconds
349.892: Application time: 0.0789260 seconds
349.950: [GC [PSYoungGen: 14073K->1197K(15360K)] 44754K->31886K(50688K), 0.0005960 secs] [Times: user=0.00 sys=0.00, real=0.00 secs] 
349.951: Total time for which application threads were stopped: 0.0588980 seconds, Stopping threads took: 0.0582340 seconds
350.030: Application time: 0.0796820 seconds
350.093: [GC [PSYoungGen: 14476K->304K(15360K)] 45165K->30993K(50688K), 0.0004780 secs] [Times: user=0.00 sys=0.00, real=0.00 secs] 
350.094: Total time for which application threads were stopped: 0.0631490 seconds, Stopping threads took: 0.0625910 seconds
350.169: Application time: 0.0756430 seconds
350.218: [GC [PSYoungGen: 13603K->1994K(15360K)] 44292K->33668K(50688K), 0.0010650 secs] [Times: user=0.00 sys=0.00, real=0.00 secs] 
350.219: Total time for which application threads were stopped: 0.0494440 seconds, Stopping threads took: 0.0483070 seconds
350.294: Application time: 0.0754900 seconds
350.364: [GC [PSYoungGen: 15293K->1994K(15360K)] 46967K->35043K(50688K), 0.0011550 secs] [Times: user=0.00 sys=0.00, real=0.00 secs] 
350.365: Total time for which application threads were stopped: 0.0707850 seconds, Stopping threads took: 0.0695560 seconds
350.442: Application time: 0.0773270 seconds
350.513: [GC [PSYoungGen: 15293K->1540K(15360K)] 48342K->34596K(50688K), 0.0007720 secs] [Times: user=0.01 sys=0.00, real=0.00 secs] 
350.513: Total time for which application threads were stopped: 0.0710420 seconds, Stopping threads took: 0.0701790 seconds
350.590: Application time: 0.0767880 seconds
350.656: [GC [PSYoungGen: 14819K->742K(15360K)] 47876K->33799K(50688K), 0.0006650 secs] [Times: user=0.00 sys=0.00, real=0.00 secs] 
350.656: Total time for which application threads were stopped: 0.0663150 seconds, Stopping threads took: 0.0655490 seconds
350.733: Application time: 0.0769760 seconds
350.782: [GC [PSYoungGen: 13729K->774K(15360K)] 46786K->33831K(50688K), 0.0007050 secs] [Times: user=0.01 sys=0.00, real=0.00 secs] 
350.783: Total time for which application threads were stopped: 0.0491750 seconds, Stopping threads took: 0.0483890 seconds
350.862: Application time: 0.0794240 seconds
350.921: [GC [PSYoungGen: 14073K->1133K(15360K)] 47130K->34198K(50688K), 0.0006810 secs] [Times: user=0.00 sys=0.00, real=0.00 secs] 
350.922: Total time for which application threads were stopped: 0.0600680 seconds, Stopping threads took: 0.0593180 seconds
351.001: Application time: 0.0791880 seconds
351.061: [GC [PSYoungGen: 14352K->1181K(15360K)] 47417K->34254K(50688K), 0.0008100 secs] [Times: user=0.01 sys=0.00, real=0.00 secs] 
351.061: Total time for which application threads were stopped: 0.0601810 seconds, Stopping threads took: 0.0592940 seconds
351.140: Application time: 0.0781790 seconds
351.198: [GC [PSYoungGen: 14480K->1572K(15360K)] 47553K->34644K(50688K), 0.0006800 secs] [Times: user=0.00 sys=0.00, real=0.00 secs] 
351.199: Total time for which application threads were stopped: 0.0593030 seconds, Stopping threads took: 0.0585390 seconds
351.278: Application time: 0.0792110 seconds
351.333: [GC [PSYoungGen: 14773K->758K(15360K)] 47846K->33831K(50688K), 0.0006530 secs] [Times: user=0.01 sys=0.00, real=0.00 secs] 
351.334: Total time for which application threads were stopped: 0.0556090 seconds, Stopping threads took: 0.0548780 seconds
351.414: Application time: 0.0800840 seconds
351.472: [GC [PSYoungGen: 13823K->806K(15360K)] 46896K->33887K(50688K), 0.0007470 secs] [Times: user=0.01 sys=0.00, real=0.00 secs] 
351.473: Total time for which application threads were stopped: 0.0591670 seconds, Stopping threads took: 0.0583410 seconds
351.553: Application time: 0.0801350 seconds
351.612: [GC [PSYoungGen: 14105K->1149K(15360K)] 47186K->34238K(50688K), 0.0006360 secs] [Times: user=0.00 sys=0.00, real=0.00 secs] 
351.613: Total time for which application threads were stopped: 0.0593460 seconds, Stopping threads took: 0.0586390 seconds
351.689: Application time: 0.0763130 seconds
351.742: [GC [PSYoungGen: 14448K->1539K(15360K)] 47537K->34636K(50688K), 0.0007080 secs] [Times: user=0.01 sys=0.00, real=0.00 secs] 
351.742: Total time for which application threads were stopped: 0.0535840 seconds, Stopping threads took: 0.0528000 seconds
351.822: Application time: 0.0791060 seconds
351.881: [GC [PSYoungGen: 14838K->1962K(15360K)] 47935K->35067K(50688K), 0.0008580 secs] [Times: user=0.01 sys=0.00, real=0.00 secs] 
351.882: Total time for which application threads were stopped: 0.0600530 seconds, Stopping threads took: 0.0591230 seconds
351.959: Application time: 0.0771450 seconds
352.024: [GC [PSYoungGen: 15163K->1133K(15360K)] 48268K->34238K(50688K), 0.0006180 secs] [Times: user=0.00 sys=0.00, real=0.00 secs] 
352.024: Total time for which application threads were stopped: 0.0656520 seconds, Stopping threads took: 0.0649590 seconds
352.101: Application time: 0.0770460 seconds
352.155: [GC [PSYoungGen: 14315K->1376K(15360K)] 47420K->34497K(50688K), 0.0006880 secs] [Times: user=0.00 sys=0.00, real=0.01 secs] 
352.155: Total time for which application threads were stopped: 0.0539690 seconds, Stopping threads took: 0.0531870 seconds
352.233: Application time: 0.0777680 seconds
352.294: [GC [PSYoungGen: 14656K->1637K(15360K)] 47777K->34758K(50688K), 0.0007320 secs] [Times: user=0.01 sys=0.01, real=0.00 secs] 
352.295: Total time for which application threads were stopped: 0.0618100 seconds, Stopping threads took: 0.0609790 seconds
352.373: Application time: 0.0778770 seconds
352.423: [GC [PSYoungGen: 14878K->1767K(15360K)] 47999K->34888K(50688K), 0.0007830 secs] [Times: user=0.00 sys=0.01, real=0.00 secs] 
352.424: Total time for which application threads were stopped: 0.0511510 seconds, Stopping threads took: 0.0502940 seconds
352.500: Application time: 0.0758900 seconds
352.563: [GC [PSYoungGen: 14773K->710K(15360K)] 47894K->33831K(50688K), 0.0006430 secs] [Times: user=0.00 sys=0.00, real=0.00 secs] 
352.563: Total time for which application threads were stopped: 0.0635420 seconds, Stopping threads took: 0.0628030 seconds
352.638: Application time: 0.0746340 seconds
352.701: [GC [PSYoungGen: 13775K->758K(15360K)] 46896K->33887K(50688K), 0.0007770 secs] [Times: user=0.01 sys=0.00, real=0.00 secs] 
352.702: Total time for which application threads were stopped: 0.0638930 seconds, Stopping threads took: 0.0630360 seconds
352.780: Application time: 0.0777150 seconds
352.838: [GC [PSYoungGen: 14057K->1181K(15360K)] 47186K->34318K(50688K), 0.0006130 secs] [Times: user=0.00 sys=0.00, real=0.00 secs] 
352.839: Total time for which application threads were stopped: 0.0592470 seconds, Stopping threads took: 0.0585340 seconds
352.919: Application time: 0.0801820 seconds
352.965: [GC [PSYoungGen: 14480K->1588K(15360K)] 47617K->34724K(50688K), 0.0006850 secs] [Times: user=0.01 sys=0.00, real=0.00 secs] 
352.966: Total time for which application threads were stopped: 0.0467030 seconds, Stopping threads took: 0.0459470 seconds
353.043: Application time: 0.0767250 seconds
353.103: [GC [PSYoungGen: 14574K->1556K(15360K)] 47711K->34700K(50688K), 0.0007500 secs] [Times: user=0.00 sys=0.00, real=0.00 secs] 
353.103: Total time for which application threads were stopped: 0.0608150 seconds, Stopping threads took: 0.0599920 seconds
353.181: Application time: 0.0772980 seconds
353.241: [GC [PSYoungGen: 14757K->1865K(15360K)] 47902K->35009K(50688K), 0.0008790 secs] [Times: user=0.00 sys=0.00, real=0.00 secs] 
353.242: Total time for which application threads were stopped: 0.0610370 seconds, Stopping threads took: 0.0600870 seconds
353.319: Application time: 0.0776100 seconds
353.382: [GC [PSYoungGen: 15164K->1101K(15360K)] 48308K->34246K(50688K), 0.0006500 secs] [Times: user=0.00 sys=0.00, real=0.00 secs] 
353.382: Total time for which application threads were stopped: 0.0629810 seconds, Stopping threads took: 0.0622460 seconds
353.460: Application time: 0.0779760 seconds
353.511: [GC [PSYoungGen: 14283K->1376K(15360K)] 47428K->34529K(50688K), 0.0007100 secs] [Times: user=0.00 sys=0.00, real=0.00 secs] 
353.511: Total time for which application threads were stopped: 0.0509840 seconds, Stopping threads took: 0.0502100 seconds
353.589: Application time: 0.0777970 seconds
353.639: [GC [PSYoungGen: 14636K->1540K(15360K)] 47789K->34692K(50688K), 0.0009240 secs] [Times: user=0.00 sys=0.00, real=0.00 secs] 
353.640: Total time for which application threads were stopped: 0.0508510 seconds, Stopping threads took: 0.0498370 seconds
353.716: Application time: 0.0762700 seconds
353.779: [GC [PSYoungGen: 14526K->1556K(15360K)] 47679K->34708K(50688K), 0.0007790 secs] [Times: user=0.01 sys=0.00, real=0.00 secs] 
353.779: Total time for which application threads were stopped: 0.0631340 seconds, Stopping threads took: 0.0622580 seconds
353.857: Application time: 0.0775080 seconds
353.907: [GC [PSYoungGen: 14835K->1848K(15360K)] 47988K->35001K(50688K), 0.0008600 secs] [Times: user=0.01 sys=0.00, real=0.00 secs] 
353.908: Total time for which application threads were stopped: 0.0515000 seconds, Stopping threads took: 0.0505560 seconds
353.986: Application time: 0.0775170 seconds
354.050: [GC [PSYoungGen: 15147K->1117K(15360K)] 48300K->34270K(50688K), 0.0006840 secs] [Times: user=0.00 sys=0.00, real=0.00 secs] 
354.051: Total time for which application threads were stopped: 0.0653860 seconds, Stopping threads took: 0.0636960 seconds
354.128: Application time: 0.0765060 seconds
354.189: [GC [PSYoungGen: 14396K->1458K(15360K)] 47549K->34619K(50688K), 0.0008280 secs] [Times: user=0.00 sys=0.00, real=0.00 secs] 
354.190: Total time for which application threads were stopped: 0.0622380 seconds, Stopping threads took: 0.0613230 seconds
354.267: Application time: 0.0771190 seconds
354.318: [GC [PSYoungGen: 14542K->1540K(15360K)] 47703K->34708K(50688K), 0.0007280 secs] [Times: user=0.00 sys=0.00, real=0.00 secs] 
354.319: Total time for which application threads were stopped: 0.0517570 seconds, Stopping threads took: 0.0509560 seconds
354.395: Application time: 0.0762460 seconds
354.455: [GC [PSYoungGen: 14643K->1719K(15360K)] 47812K->34896K(50688K), 0.0008110 secs] [Times: user=0.01 sys=0.00, real=0.01 secs] 
354.456: Total time for which application threads were stopped: 0.0604830 seconds, Stopping threads took: 0.0595940 seconds
354.534: Application time: 0.0782870 seconds
354.584: [GC [PSYoungGen: 14901K->1882K(15360K)] 48078K->35059K(50688K), 0.0008460 secs] [Times: user=0.00 sys=0.00, real=0.00 secs] 
354.585: Total time for which application threads were stopped: 0.0511470 seconds, Stopping threads took: 0.0502340 seconds
354.662: Application time: 0.0772220 seconds
354.722: [GC [PSYoungGen: 15181K->1962K(15360K)] 48358K->35538K(50688K), 0.0008830 secs] [Times: user=0.01 sys=0.00, real=0.00 secs] 
354.722: Total time for which application threads were stopped: 0.0601700 seconds, Stopping threads took: 0.0592170 seconds
354.798: Application time: 0.0757830 seconds
354.851: [GC [PSYoungGen: 15222K->1930K(15360K)] 48798K->36092K(50688K), 0.0010280 secs] [Times: user=0.01 sys=0.00, real=0.00 secs] 
354.852: Total time for which application threads were stopped: 0.0539670 seconds, Stopping threads took: 0.0528640 seconds
354.928: Application time: 0.0760730 seconds
354.974: [GC-- [PSYoungGen: 15229K->15229K(15360K)] 49391K->50367K(50688K), 0.0010480 secs] [Times: user=0.00 sys=0.00, real=0.01 secs] 
354.975: [Full GC [PSYoungGen: 15229K->0K(15360K)] [ParOldGen: 35138K->5393K(35328K)] 50367K->5393K(50688K) [PSPermGen: 5152K->5152K(21504K)], 0.0046050 secs] [Times: user=0.02 sys=0.00, real=0.00 secs] 
354.980: Total time for which application threads were stopped: 0.0517650 seconds, Stopping threads took: 0.0459830 seconds
355.057: Application time: 0.0767660 seconds
355.125: [GC [PSYoungGen: 13259K->1981K(15360K)] 18653K->8352K(50688K), 0.0010260 secs] [Times: user=0.01 sys=0.00, real=0.00 secs] 
355.126: Total time for which application threads were stopped: 0.0694200 seconds, Stopping threads took: 0.0683180 seconds
355.203: Application time: 0.0766720 seconds
355.272: [GC [PSYoungGen: 15280K->1200K(15360K)] 21651K->7570K(50688K), 0.0006460 secs] [Times: user=0.01 sys=0.00, real=0.00 secs] 
355.272: Total time for which application threads were stopped: 0.0693340 seconds, Stopping threads took: 0.0685950 seconds
355.348: Application time: 0.0756240 seconds
355.409: [GC [PSYoungGen: 14382K->1427K(15360K)] 20752K->7798K(50688K), 0.0007170 secs] [Times: user=0.00 sys=0.00, real=0.00 secs] 
355.409: Total time for which application threads were stopped: 0.0614360 seconds, Stopping threads took: 0.0606480 seconds
355.487: Application time: 0.0779720 seconds
355.548: [GC [PSYoungGen: 14629K->646K(15360K)] 20999K->7016K(50688K), 0.0005660 secs] [Times: user=0.00 sys=0.00, real=0.00 secs] 
355.549: Total time for which application threads were stopped: 0.0615300 seconds, Stopping threads took: 0.0608790 seconds
355.627: Application time: 0.0782580 seconds
355.678: [GC [PSYoungGen: 13711K->614K(15360K)] 20081K->6984K(50688K), 0.0004510 secs] [Times: user=0.00 sys=0.00, real=0.00 secs] 
355.678: Total time for which application threads were stopped: 0.0512380 seconds, Stopping threads took: 0.0507190 seconds
355.757: Application time: 0.0788120 seconds
355.809: [GC [PSYoungGen: 13913K->1053K(15360K)] 20283K->7423K(50688K), 0.0005410 secs] [Times: user=0.00 sys=0.00, real=0.00 secs] 
355.810: Total time for which application threads were stopped: 0.0525430 seconds, Stopping threads took: 0.0519320 seconds
355.886: Application time: 0.0763280 seconds
355.950: [GC [PSYoungGen: 14254K->288K(15360K)] 20624K->6658K(50688K), 0.0006760 secs] [Times: user=0.00 sys=0.00, real=0.00 secs] 
355.950: Total time for which application threads were stopped: 0.0643300 seconds, Stopping threads took: 0.0635660 seconds
356.026: Application time: 0.0757510 seconds
356.059: [GC [PSYoungGen: 13548K->1914K(15360K)] 19918K->9066K(50688K), 0.0010390 secs] [Times: user=0.00 sys=0.00, real=0.00 secs] 
356.060: Total time for which application threads were stopped: 0.0340060 seconds, Stopping threads took: 0.0328700 seconds
356.149: Application time: 0.0888610 seconds
356.216: [GC [PSYoungGen: 15018K->710K(15360K)] 22169K->7862K(50688K), 0.0004860 secs] [Times: user=0.00 sys=0.00, real=0.00 secs] 
356.217: Total time for which application threads were stopped: 0.0677690 seconds, Stopping threads took: 0.0672100 seconds
356.295: Application time: 0.0780040 seconds
356.354: [GC [PSYoungGen: 13697K->774K(15360K)] 20848K->7926K(50688K), 0.0006010 secs] [Times: user=0.00 sys=0.00, real=0.00 secs] 
356.354: Total time for which application threads were stopped: 0.0595890 seconds, Stopping threads took: 0.0588940 seconds
356.434: Application time: 0.0799570 seconds
356.493: [GC [PSYoungGen: 14073K->1165K(15360K)] 21225K->8316K(50688K), 0.0007520 secs] [Times: user=0.00 sys=0.00, real=0.00 secs] 
356.494: Total time for which application threads were stopped: 0.0593540 seconds, Stopping threads took: 0.0585320 seconds
356.570: Application time: 0.0760290 seconds
356.623: [GC [PSYoungGen: 14347K->1376K(15360K)] 21498K->8528K(50688K), 0.0006670 secs] [Times: user=0.00 sys=0.00, real=0.00 secs] 
356.623: Total time for which application threads were stopped: 0.0535610 seconds, Stopping threads took: 0.0528140 seconds
356.700: Application time: 0.0766990 seconds
356.763: [GC [PSYoungGen: 14636K->1555K(15360K)] 21788K->8707K(50688K), 0.0007180 secs] [Times: user=0.00 sys=0.00, real=0.00 secs] 
356.764: Total time for which application threads were stopped: 0.0639300 seconds, Stopping threads took: 0.0631470 seconds
356.843: Application time: 0.0789740 seconds
356.903: [GC [PSYoungGen: 14835K->758K(15360K)] 21987K->7910K(50688K), 0.0005190 secs] [Times: user=0.00 sys=0.00, real=0.00 secs] 
356.904: Total time for which application threads were stopped: 0.0607910 seconds, Stopping threads took: 0.0602020 seconds
356.982: Application time: 0.0785670 seconds
357.041: [GC [PSYoungGen: 13940K->970K(15360K)] 21091K->8121K(50688K), 0.0005360 secs] [Times: user=0.01 sys=0.00, real=0.00 secs] 
357.042: Total time for which application threads were stopped: 0.0595890 seconds, Stopping threads took: 0.0589660 seconds
357.121: Application time: 0.0789850 seconds
357.172: [GC [PSYoungGen: 14269K->1344K(15360K)] 21420K->8520K(50688K), 0.0006860 secs] [Times: user=0.01 sys=0.00, real=0.00 secs] 
357.173: Total time for which application threads were stopped: 0.0520420 seconds, Stopping threads took: 0.0512560 seconds
357.252: Application time: 0.0788240 seconds
357.311: [GC [PSYoungGen: 14545K->531K(15360K)] 21721K->7706K(50688K), 0.0006010 secs] [Times: user=0.01 sys=0.00, real=0.00 secs] 
357.312: Total time for which application threads were stopped: 0.0604070 seconds, Stopping threads took: 0.0597320 seconds
357.390: Application time: 0.0775910 seconds
357.445: [GC [PSYoungGen: 13713K->758K(15360K)] 20888K->7950K(50688K), 0.0007970 secs] [Times: user=0.00 sys=0.00, real=0.00 secs] 
357.446: Total time for which application threads were stopped: 0.0566230 seconds, Stopping threads took: 0.0557340 seconds
357.526: Application time: 0.0792210 seconds
357.585: [GC [PSYoungGen: 13745K->742K(15360K)] 20936K->7934K(50688K), 0.0006060 secs] [Times: user=0.01 sys=0.00, real=0.00 secs] 
357.586: Total time for which application threads were stopped: 0.0599840 seconds, Stopping threads took: 0.0592890 seconds
357.664: Application time: 0.0788940 seconds
357.712: [GC [PSYoungGen: 14051K->1133K(15360K)] 21243K->8348K(50688K), 0.0006450 secs] [Times: user=0.01 sys=0.00, real=0.00 secs] 
357.713: Total time for which application threads were stopped: 0.0483550 seconds, Stopping threads took: 0.0476300 seconds
357.790: Application time: 0.0776510 seconds
357.850: [GC [PSYoungGen: 14307K->1344K(15360K)] 21522K->8560K(50688K), 0.0006830 secs] [Times: user=0.00 sys=0.00, real=0.00 secs] 
357.850: Total time for which application threads were stopped: 0.0598390 seconds, Stopping threads took: 0.0590860 seconds
357.930: Application time: 0.0798890 seconds
357.980: [GC [PSYoungGen: 14526K->1524K(15360K)] 21742K->8739K(50688K), 0.0006980 secs] [Times: user=0.00 sys=0.00, real=0.00 secs] 
357.981: Total time for which application threads were stopped: 0.0509940 seconds, Stopping threads took: 0.0502260 seconds
358.057: Application time: 0.0762400 seconds
358.121: [GC [PSYoungGen: 14686K->579K(15360K)] 21901K->7810K(50688K), 0.0004830 secs] [Times: user=0.00 sys=0.00, real=0.00 secs] 
358.122: Total time for which application threads were stopped: 0.0643120 seconds, Stopping threads took: 0.0637570 seconds
358.199: Application time: 0.0777130 seconds
358.233: [GC [PSYoungGen: 13683K->1848K(15360K)] 20914K->9080K(50688K), 0.0008420 secs] [Times: user=0.00 sys=0.00, real=0.00 secs] 
358.234: Total time for which application threads were stopped: 0.0348610 seconds, Stopping threads took: 0.0339340 seconds
358.311: Application time: 0.0767070 seconds
358.374: [GC [PSYoungGen: 15128K->1962K(15360K)] 22359K->9405K(50688K), 0.0008270 secs] [Times: user=0.00 sys=0.00, real=0.00 secs] 
358.375: Total time for which application threads were stopped: 0.0635250 seconds, Stopping threads took: 0.0626270 seconds
358.453: Application time: 0.0782410 seconds
358.512: [GC [PSYoungGen: 15242K->2044K(15360K)] 22685K->9877K(50688K), 0.0008970 secs] [Times: user=0.01 sys=0.00, real=0.00 secs] 
358.513: Total time for which application threads were stopped: 0.0605960 seconds, Stopping threads took: 0.0596230 seconds
358.589: Application time: 0.0753100 seconds
358.659: [GC [PSYoungGen: 15245K->595K(15360K)] 23079K->8444K(50688K), 0.0004850 secs] [Times: user=0.00 sys=0.00, real=0.00 secs] 
358.659: Total time for which application threads were stopped: 0.0706570 seconds, Stopping threads took: 0.0701030 seconds
358.736: Application time: 0.0763560 seconds
358.798: [GC [PSYoungGen: 13777K->710K(15360K)] 21626K->8576K(50688K), 0.0005130 secs] [Times: user=0.00 sys=0.00, real=0.00 secs] 
358.798: Total time for which application threads were stopped: 0.0625600 seconds, Stopping threads took: 0.0619710 seconds
358.878: Application time: 0.0800040 seconds
358.927: [GC [PSYoungGen: 14009K->1165K(15360K)] 21875K->9046K(50688K), 0.0005940 secs] [Times: user=0.00 sys=0.00, real=0.00 secs] 
358.927: Total time for which application threads were stopped: 0.0489810 seconds, Stopping threads took: 0.0483100 seconds
359.003: Application time: 0.0761830 seconds
359.066: [GC [PSYoungGen: 14347K->1392K(15360K)] 22228K->9282K(50688K), 0.0006480 secs] [Times: user=0.00 sys=0.00, real=0.00 secs] 
359.067: Total time for which application threads were stopped: 0.0637890 seconds, Stopping threads took: 0.0621710 seconds
359.145: Application time: 0.0778420 seconds
359.200: [GC [PSYoungGen: 14574K->1524K(15360K)] 22463K->9413K(50688K), 0.0007490 secs] [Times: user=0.00 sys=0.00, real=0.00 secs] 
359.201: Total time for which application threads were stopped: 0.0559720 seconds, Stopping threads took: 0.0551520 seconds
359.279: Application time: 0.0776300 seconds
359.344: [GC [PSYoungGen: 14803K->758K(15360K)] 22692K->8648K(50688K), 0.0007440 secs] [Times: user=0.00 sys=0.00, real=0.00 secs] 
359.345: Total time for which application threads were stopped: 0.0661250 seconds, Stopping threads took: 0.0652800 seconds
359.422: Application time: 0.0775720 seconds
359.481: [GC [PSYoungGen: 13940K->922K(15360K)] 21830K->8819K(50688K), 0.0006690 secs] [Times: user=0.00 sys=0.00, real=0.00 secs] 
359.482: Total time for which application threads were stopped: 0.0597660 seconds, Stopping threads took: 0.0590310 seconds
359.559: Application time: 0.0770040 seconds
359.608: [GC [PSYoungGen: 13908K->970K(15360K)] 21805K->8875K(50688K), 0.0005430 secs] [Times: user=0.00 sys=0.00, real=0.00 secs] 
359.608: Total time for which application threads were stopped: 0.0490430 seconds, Stopping threads took: 0.0484270 seconds
359.687: Application time: 0.0785600 seconds
359.745: [GC [PSYoungGen: 14269K->1360K(15360K)] 22174K->9266K(50688K), 0.0006440 secs] [Times: user=0.00 sys=0.00, real=0.00 secs] 
359.746: Total time for which application threads were stopped: 0.0593770 seconds, Stopping threads took: 0.0586650 seconds
359.825: Application time: 0.0787370 seconds
359.886: [GC [PSYoungGen: 14659K->1751K(15360K)] 22565K->9664K(50688K), 0.0009180 secs] [Times: user=0.00 sys=0.00, real=0.01 secs] 
359.887: Total time for which application threads were stopped: 0.0624910 seconds, Stopping threads took: 0.0614620 seconds
359.964: Application time: 0.0764730 seconds
360.016: [GC [PSYoungGen: 14913K->726K(15360K)] 22827K->8648K(50688K), 0.0005580 secs] [Times: user=0.01 sys=0.00, real=0.00 secs] 
360.016: Total time for which application threads were stopped: 0.0525060 seconds, Stopping threads took: 0.0518580 seconds
360.094: Application time: 0.0778450 seconds
360.153: [GC [PSYoungGen: 13830K->986K(15360K)] 21751K->8915K(50688K), 0.0006490 secs] [Times: user=0.00 sys=0.00, real=0.00 secs] 
360.154: Total time for which application threads were stopped: 0.0597840 seconds, Stopping threads took: 0.0590660 seconds
360.233: Application time: 0.0786550 seconds
360.290: [GC [PSYoungGen: 14245K->1085K(15360K)] 22175K->9014K(50688K), 0.0006990 secs] [Times: user=0.01 sys=0.00, real=0.00 secs] 
360.291: Total time for which application threads were stopped: 0.0582160 seconds, Stopping threads took: 0.0574430 seconds
360.368: Application time: 0.0773420 seconds
360.417: [GC [PSYoungGen: 14364K->1410K(15360K)] 22294K->9347K(50688K), 0.0007110 secs] [Times: user=0.01 sys=0.00, real=0.00 secs] 
360.418: Total time for which application threads were stopped: 0.0492700 seconds, Stopping threads took: 0.0484590 seconds
360.494: Application time: 0.0766370 seconds
360.554: [GC [PSYoungGen: 14709K->1801K(15360K)] 22646K->9746K(50688K), 0.0008100 secs] [Times: user=0.01 sys=0.00, real=0.00 secs] 
360.555: Total time for which application threads were stopped: 0.0605490 seconds, Stopping threads took: 0.0596660 seconds
360.633: Application time: 0.0785960 seconds
360.692: [GC [PSYoungGen: 15100K->1165K(15360K)] 23045K->9110K(50688K), 0.0006130 secs] [Times: user=0.00 sys=0.00, real=0.00 secs] 
360.693: Total time for which application threads were stopped: 0.0597640 seconds, Stopping threads took: 0.0590810 seconds
360.771: Application time: 0.0777120 seconds
360.830: [GC [PSYoungGen: 14347K->1360K(15360K)] 22292K->9314K(50688K), 0.0006320 secs] [Times: user=0.00 sys=0.00, real=0.00 secs] 
360.831: Total time for which application threads were stopped: 0.0598280 seconds, Stopping threads took: 0.0591310 seconds
360.908: Application time: 0.0778680 seconds
360.957: [GC [PSYoungGen: 14659K->1799K(15360K)] 22613K->9752K(50688K), 0.0008080 secs] [Times: user=0.00 sys=0.00, real=0.00 secs] 
360.958: Total time for which application threads were stopped: 0.0494650 seconds, Stopping threads took: 0.0485550 seconds
361.035: Application time: 0.0771980 seconds
361.094: [GC [PSYoungGen: 15059K->1962K(15360K)] 23012K->9924K(50688K), 0.0007690 secs] [Times: user=0.01 sys=0.00, real=0.00 secs] 
361.095: Total time for which application threads were stopped: 0.0600680 seconds, Stopping threads took: 0.0592290 seconds
361.171: Application time: 0.0758840 seconds
361.236: [GC [PSYoungGen: 15241K->1117K(15360K)] 23203K->9086K(50688K), 0.0006480 secs] [Times: user=0.01 sys=0.00, real=0.00 secs] 
361.237: Total time for which application threads were stopped: 0.0654520 seconds, Stopping threads took: 0.0647290 seconds
361.313: Application time: 0.0767940 seconds
361.373: [GC [PSYoungGen: 14299K->1376K(15360K)] 22268K->9354K(50688K), 0.0008450 secs] [Times: user=0.00 sys=0.00, real=0.00 secs] 
361.374: Total time for which application threads were stopped: 0.0607970 seconds, Stopping threads took: 0.0598600 seconds
361.452: Application time: 0.0776910 seconds
361.513: [GC [PSYoungGen: 14577K->531K(15360K)] 22555K->8516K(50688K), 0.0006370 secs] [Times: user=0.00 sys=0.00, real=0.00 secs] 
361.514: Total time for which application threads were stopped: 0.0617400 seconds, Stopping threads took: 0.0610020 seconds
361.590: Application time: 0.0767200 seconds
361.639: [GC [PSYoungGen: 13645K->742K(15360K)] 21630K->8736K(50688K), 0.0005100 secs] [Times: user=0.00 sys=0.00, real=0.00 secs] 
361.640: Total time for which application threads were stopped: 0.0496090 seconds, Stopping threads took: 0.0490280 seconds
361.718: Application time: 0.0784180 seconds
361.779: [GC [PSYoungGen: 13875K->790K(15360K)] 21869K->8784K(50688K), 0.0007800 secs] [Times: user=0.00 sys=0.00, real=0.00 secs] 
361.780: Total time for which application threads were stopped: 0.0616600 seconds, Stopping threads took: 0.0607890 seconds
361.856: Application time: 0.0758950 seconds
361.906: [GC [PSYoungGen: 14089K->1149K(15360K)] 22083K->9142K(50688K), 0.0008080 secs] [Times: user=0.00 sys=0.00, real=0.00 secs] 
361.907: Total time for which application threads were stopped: 0.0512970 seconds, Stopping threads took: 0.0503930 seconds
361.984: Application time: 0.0770710 seconds
362.045: [GC [PSYoungGen: 14448K->1572K(15360K)] 22441K->9573K(50688K), 0.0007050 secs] [Times: user=0.00 sys=0.00, real=0.00 secs] 
362.046: Total time for which application threads were stopped: 0.0619640 seconds, Stopping threads took: 0.0611670 seconds
362.122: Application time: 0.0761980 seconds
362.174: [GC [PSYoungGen: 14773K->1833K(15360K)] 22774K->9834K(50688K), 0.0008020 secs] [Times: user=0.00 sys=0.00, real=0.00 secs] 
362.175: Total time for which application threads were stopped: 0.0527370 seconds, Stopping threads took: 0.0518590 seconds
362.253: Application time: 0.0778680 seconds
362.306: [GC [PSYoungGen: 15092K->2044K(15360K)] 23094K->10053K(50688K), 0.0007720 secs] [Times: user=0.00 sys=0.00, real=0.00 secs] 
362.307: Total time for which application threads were stopped: 0.0539000 seconds, Stopping threads took: 0.0530560 seconds
362.385: Application time: 0.0778140 seconds
362.449: [GC [PSYoungGen: 15226K->1149K(15360K)] 23235K->9174K(50688K), 0.0006290 secs] [Times: user=0.00 sys=0.00, real=0.00 secs] 
362.450: Total time for which application threads were stopped: 0.0648200 seconds, Stopping threads took: 0.0641230 seconds
362.524: Application time: 0.0747970 seconds
362.586: [GC [PSYoungGen: 14331K->1328K(15360K)] 22356K->9354K(50688K), 0.0007950 secs] [Times: user=0.00 sys=0.00, real=0.00 secs] 
362.587: Total time for which application threads were stopped: 0.0628930 seconds, Stopping threads took: 0.0619880 seconds
362.665: Application time: 0.0772910 seconds
362.717: [GC [PSYoungGen: 14627K->1735K(15360K)] 22653K->9760K(50688K), 0.0009470 secs] [Times: user=0.00 sys=0.00, real=0.00 secs] 
362.718: Total time for which application threads were stopped: 0.0536400 seconds, Stopping threads took: 0.0526140 seconds
362.796: Application time: 0.0780330 seconds
362.855: [GC [PSYoungGen: 14917K->1978K(15360K)] 22942K->10012K(50688K), 0.0009720 secs] [Times: user=0.00 sys=0.00, real=0.01 secs] 
362.856: Total time for which application threads were stopped: 0.0593430 seconds, Stopping threads took: 0.0582880 seconds
362.934: Application time: 0.0780730 seconds
362.997: [GC [PSYoungGen: 15179K->1085K(15360K)] 23213K->9118K(50688K), 0.0006630 secs] [Times: user=0.01 sys=0.00, real=0.00 secs] 
362.998: Total time for which application threads were stopped: 0.0640290 seconds, Stopping threads took: 0.0632730 seconds
363.075: Application time: 0.0777410 seconds
363.144: [GC [PSYoungGen: 14286K->304K(15360K)] 22320K->8353K(50688K), 0.0004190 secs] [Times: user=0.00 sys=0.00, real=0.00 secs] 
363.145: Total time for which application threads were stopped: 0.0690660 seconds, Stopping threads took: 0.0685720 seconds
363.221: Application time: 0.0767580 seconds
363.255: [GC [PSYoungGen: 13564K->1930K(15360K)] 21613K->10769K(50688K), 0.0010060 secs] [Times: user=0.01 sys=0.00, real=0.01 secs] 
363.256: Total time for which application threads were stopped: 0.0345060 seconds, Stopping threads took: 0.0334070 seconds
363.333: Application time: 0.0775970 seconds
363.402: [GC [PSYoungGen: 15112K->742K(15360K)] 23950K->9589K(50688K), 0.0005230 secs] [Times: user=0.00 sys=0.00, real=0.00 secs] 
363.402: Total time for which application threads were stopped: 0.0690950 seconds, Stopping threads took: 0.0684980 seconds
363.482: Application time: 0.0794460 seconds
363.542: [GC [PSYoungGen: 13729K->742K(15360K)] 22575K->9589K(50688K), 0.0005750 secs] [Times: user=0.00 sys=0.00, real=0.00 secs] 
363.543: Total time for which application threads were stopped: 0.0608830 seconds, Stopping threads took: 0.0602170 seconds
363.622: Application time: 0.0787220 seconds
363.669: [GC [PSYoungGen: 13729K->726K(15360K)] 22576K->9573K(50688K), 0.0005680 secs] [Times: user=0.00 sys=0.00, real=0.00 secs] 
363.670: Total time for which application threads were stopped: 0.0482110 seconds, Stopping threads took: 0.0475310 seconds
363.748: Application time: 0.0783060 seconds
363.797: [GC [PSYoungGen: 13713K->726K(15360K)] 22560K->9581K(50688K), 0.0005390 secs] [Times: user=0.00 sys=0.00, real=0.00 secs] 
363.797: Total time for which application threads were stopped: 0.0491680 seconds, Stopping threads took: 0.0485610 seconds
363.874: Application time: 0.0769150 seconds
363.934: [GC [PSYoungGen: 13713K->726K(15360K)] 22568K->9581K(50688K), 0.0004960 secs] [Times: user=0.00 sys=0.00, real=0.00 secs] 
363.935: Total time for which application threads were stopped: 0.0603530 seconds, Stopping threads took: 0.0597840 seconds
364.014: Application time: 0.0791320 seconds
364.073: [GC [PSYoungGen: 14025K->1149K(15360K)] 22880K->10004K(50688K), 0.0005670 secs] [Times: user=0.00 sys=0.00, real=0.00 secs] 
364.075: Total time for which application threads were stopped: 0.0609160 seconds, Stopping threads took: 0.0593250 seconds
364.152: Application time: 0.0769710 seconds
364.217: [GC [PSYoungGen: 14350K->368K(15360K)] 23205K->9222K(50688K), 0.0005770 secs] [Times: user=0.01 sys=0.00, real=0.00 secs] 
364.217: Total time for which application threads were stopped: 0.0657130 seconds, Stopping threads took: 0.0650360 seconds
364.293: Application time: 0.0757100 seconds
364.328: [GC [PSYoungGen: 13667K->1962K(15360K)] 22521K->11801K(50688K), 0.0012800 secs] [Times: user=0.01 sys=0.00, real=0.00 secs] 
364.330: Total time for which application threads were stopped: 0.0368490 seconds, Stopping threads took: 0.0354940 seconds
364.405: Application time: 0.0750360 seconds
364.475: [GC [PSYoungGen: 15261K->1865K(15360K)] 25100K->12102K(50688K), 0.0009770 secs] [Times: user=0.00 sys=0.00, real=0.01 secs] 
364.476: Total time for which application threads were stopped: 0.0712330 seconds, Stopping threads took: 0.0701810 seconds
364.554: Application time: 0.0782890 seconds
364.618: [GC [PSYoungGen: 15125K->1376K(15360K)] 25362K->11622K(50688K), 0.0006480 secs] [Times: user=0.00 sys=0.00, real=0.00 secs] 
364.618: Total time for which application threads were stopped: 0.0639770 seconds, Stopping threads took: 0.0632380 seconds
364.697: Application time: 0.0785440 seconds
364.763: [GC [PSYoungGen: 14656K->531K(15360K)] 24902K->10777K(50688K), 0.0004430 secs] [Times: user=0.00 sys=0.00, real=0.00 secs] 
364.764: Total time for which application threads were stopped: 0.0667470 seconds, Stopping threads took: 0.0662260 seconds
364.839: Application time: 0.0751190 seconds
364.873: [GC [PSYoungGen: 13791K->2044K(15360K)] 24037K->14259K(50688K), 0.0015170 secs] [Times: user=0.01 sys=0.00, real=0.00 secs] 
364.874: Total time for which application threads were stopped: 0.0354780 seconds, Stopping threads took: 0.0338660 seconds
364.953: Application time: 0.0783250 seconds
365.016: [GC [PSYoungGen: 15206K->2044K(15360K)] 27421K->15236K(50688K), 0.0010790 secs] [Times: user=0.00 sys=0.00, real=0.00 secs] 
365.017: Total time for which application threads were stopped: 0.0648480 seconds, Stopping threads took: 0.0636750 seconds
365.094: Application time: 0.0767300 seconds
365.163: [GC [PSYoungGen: 15245K->1117K(15360K)] 28437K->14309K(50688K), 0.0006810 secs] [Times: user=0.00 sys=0.00, real=0.00 secs] 
365.164: Total time for which application threads were stopped: 0.0696190 seconds, Stopping threads took: 0.0688440 seconds
365.242: Application time: 0.0782970 seconds
365.297: [GC [PSYoungGen: 14318K->1474K(15360K)] 27510K->14674K(50688K), 0.0006730 secs] [Times: user=0.01 sys=0.00, real=0.00 secs] 
365.298: Total time for which application threads were stopped: 0.0556060 seconds, Stopping threads took: 0.0548530 seconds
365.374: Application time: 0.0763650 seconds
365.422: [GC [PSYoungGen: 14773K->1864K(15360K)] 27973K->15072K(50688K), 0.0007500 secs] [Times: user=0.01 sys=0.00, real=0.00 secs] 
365.423: Total time for which application threads were stopped: 0.0491410 seconds, Stopping threads took: 0.0483140 seconds
365.502: Application time: 0.0785190 seconds
365.562: [GC [PSYoungGen: 14851K->1848K(15360K)] 28059K->15064K(50688K), 0.0010310 secs] [Times: user=0.01 sys=0.00, real=0.00 secs] 
365.563: Total time for which application threads were stopped: 0.0613150 seconds, Stopping threads took: 0.0601910 seconds
365.640: Application time: 0.0770870 seconds
365.695: [GC [PSYoungGen: 15148K->2012K(15360K)] 28363K->15431K(50688K), 0.0009860 secs] [Times: user=0.01 sys=0.00, real=0.01 secs] 
365.696: Total time for which application threads were stopped: 0.0554110 seconds, Stopping threads took: 0.0543540 seconds
365.771: Application time: 0.0759310 seconds
365.842: [GC [PSYoungGen: 15194K->1360K(15360K)] 28613K->14787K(50688K), 0.0008960 secs] [Times: user=0.00 sys=0.00, real=0.00 secs] 
365.843: Total time for which application threads were stopped: 0.0713410 seconds, Stopping threads took: 0.0703500 seconds
365.919: Application time: 0.0765000 seconds
365.967: [GC [PSYoungGen: 14659K->1783K(15360K)] 28086K->15218K(50688K), 0.0007700 secs] [Times: user=0.01 sys=0.00, real=0.01 secs] 
365.968: Total time for which application threads were stopped: 0.0484170 seconds, Stopping threads took: 0.0475760 seconds
366.046: Application time: 0.0781610 seconds
366.112: [GC [PSYoungGen: 14921K->726K(15360K)] 28356K->14161K(50688K), 0.0006890 secs] [Times: user=0.01 sys=0.00, real=0.00 secs] 
366.113: Total time for which application threads were stopped: 0.0667050 seconds, Stopping threads took: 0.0659220 seconds
366.189: Application time: 0.0763430 seconds
366.236: [GC [PSYoungGen: 13737K->758K(15360K)] 27172K->14193K(50688K), 0.0007620 secs] [Times: user=0.00 sys=0.00, real=0.00 secs] 
366.237: Total time for which application threads were stopped: 0.0478800 seconds, Stopping threads took: 0.0470220 seconds
366.315: Application time: 0.0783960 seconds
366.374: [GC [PSYoungGen: 13745K->758K(15360K)] 27180K->14193K(50688K), 0.0007410 secs] [Times: user=0.00 sys=0.00, real=0.00 secs] 
366.375: Total time for which application threads were stopped: 0.0594520 seconds, Stopping threads took: 0.0586080 seconds
366.454: Application time: 0.0793830 seconds
366.505: [GC [PSYoungGen: 13823K->774K(15360K)] 27258K->14209K(50688K), 0.0005800 secs] [Times: user=0.00 sys=0.00, real=0.00 secs] 
366.506: Total time for which application threads were stopped: 0.0518600 seconds, Stopping threads took: 0.0512130 seconds
366.583: Application time: 0.0775010 seconds
366.644: [GC [PSYoungGen: 14073K->1181K(15360K)] 27508K->14624K(50688K), 0.0008430 secs] [Times: user=0.00 sys=0.00, real=0.00 secs] 
366.645: Total time for which application threads were stopped: 0.0614570 seconds, Stopping threads took: 0.0605180 seconds
366.722: Application time: 0.0770020 seconds
366.776: [GC [PSYoungGen: 14480K->1555K(15360K)] 27923K->15007K(50688K), 0.0006960 secs] [Times: user=0.00 sys=0.00, real=0.00 secs] 
366.777: Total time for which application threads were stopped: 0.0546390 seconds, Stopping threads took: 0.0538670 seconds
366.855: Application time: 0.0782070 seconds
366.916: [GC [PSYoungGen: 14835K->1849K(15360K)] 28286K->15308K(50688K), 0.0010090 secs] [Times: user=0.00 sys=0.00, real=0.00 secs] 
366.917: Total time for which application threads were stopped: 0.0623430 seconds, Stopping threads took: 0.0612300 seconds
366.995: Application time: 0.0783210 seconds
367.050: [GC [PSYoungGen: 15050K->1978K(15360K)] 28509K->15641K(50688K), 0.0010070 secs] [Times: user=0.00 sys=0.00, real=0.00 secs] 
367.051: Total time for which application threads were stopped: 0.0557670 seconds, Stopping threads took: 0.0546780 seconds
367.128: Application time: 0.0768480 seconds
367.195: [GC [PSYoungGen: 15179K->1376K(15360K)] 28842K->15039K(50688K), 0.0009010 secs] [Times: user=0.00 sys=0.01, real=0.01 secs] 
367.196: Total time for which application threads were stopped: 0.0676650 seconds, Stopping threads took: 0.0666670 seconds
367.272: Application time: 0.0758290 seconds
367.333: [GC [PSYoungGen: 14636K->1540K(15360K)] 28299K->15202K(50688K), 0.0007380 secs] [Times: user=0.01 sys=0.00, real=0.00 secs] 
367.334: Total time for which application threads were stopped: 0.0619900 seconds, Stopping threads took: 0.0611580 seconds
367.411: Application time: 0.0776000 seconds
367.462: [GC [PSYoungGen: 14721K->1767K(15360K)] 28384K->15429K(50688K), 0.0009810 secs] [Times: user=0.00 sys=0.00, real=0.00 secs] 
367.463: Total time for which application threads were stopped: 0.0517270 seconds, Stopping threads took: 0.0506650 seconds
367.539: Application time: 0.0759330 seconds
367.602: [GC [PSYoungGen: 14968K->970K(15360K)] 28631K->14640K(50688K), 0.0008300 secs] [Times: user=0.00 sys=0.00, real=0.00 secs] 
367.603: Total time for which application threads were stopped: 0.0638810 seconds, Stopping threads took: 0.0629560 seconds
367.681: Application time: 0.0781870 seconds
367.733: [GC [PSYoungGen: 14269K->1328K(15360K)] 27939K->14999K(50688K), 0.0006790 secs] [Times: user=0.01 sys=0.00, real=0.00 secs] 
367.734: Total time for which application threads were stopped: 0.0530200 seconds, Stopping threads took: 0.0522460 seconds
367.812: Application time: 0.0779560 seconds
367.871: [GC [PSYoungGen: 14608K->1669K(15360K)] 28278K->15348K(50688K), 0.0009410 secs] [Times: user=0.00 sys=0.00, real=0.00 secs] 
367.872: Total time for which application threads were stopped: 0.0598830 seconds, Stopping threads took: 0.0588720 seconds
367.951: Application time: 0.0788390 seconds
367.997: [GC [PSYoungGen: 14910K->1799K(15360K)] 28588K->15477K(50688K), 0.0008970 secs] [Times: user=0.00 sys=0.00, real=0.00 secs] 
367.998: Total time for which application threads were stopped: 0.0478100 seconds, Stopping threads took: 0.0468180 seconds
368.074: Application time: 0.0759930 seconds
368.135: [GC [PSYoungGen: 14981K->1946K(15360K)] 28659K->15633K(50688K), 0.0009940 secs] [Times: user=0.01 sys=0.00, real=0.01 secs] 
368.136: Total time for which application threads were stopped: 0.0613180 seconds, Stopping threads took: 0.0602300 seconds
368.212: Application time: 0.0765310 seconds
368.274: [GC [PSYoungGen: 15147K->2044K(15360K)] 28834K->15934K(50688K), 0.0009950 secs] [Times: user=0.00 sys=0.00, real=0.00 secs] 
368.275: Total time for which application threads were stopped: 0.0623330 seconds, Stopping threads took: 0.0612410 seconds
368.351: Application time: 0.0762790 seconds
368.415: [GC [PSYoungGen: 15245K->1815K(15360K)] 29135K->16494K(50688K), 0.0009390 secs] [Times: user=0.01 sys=0.00, real=0.01 secs] 
368.416: Total time for which application threads were stopped: 0.0648450 seconds, Stopping threads took: 0.0638130 seconds
368.493: Application time: 0.0771890 seconds
368.563: [GC [PSYoungGen: 15122K->742K(15360K)] 29801K->15429K(50688K), 0.0006050 secs] [Times: user=0.00 sys=0.00, real=0.00 secs] 
368.564: Total time for which application threads were stopped: 0.0711010 seconds, Stopping threads took: 0.0703980 seconds
368.641: Application time: 0.0772140 seconds
368.701: [GC [PSYoungGen: 13719K->758K(15360K)] 28406K->15445K(50688K), 0.0004890 secs] [Times: user=0.00 sys=0.00, real=0.00 secs] 
368.702: Total time for which application threads were stopped: 0.0604760 seconds, Stopping threads took: 0.0599160 seconds
368.781: Application time: 0.0793930 seconds
368.833: [GC [PSYoungGen: 14057K->1165K(15360K)] 28744K->15852K(50688K), 0.0006960 secs] [Times: user=0.00 sys=0.00, real=0.00 secs] 
368.833: Total time for which application threads were stopped: 0.0520990 seconds, Stopping threads took: 0.0513170 seconds
368.909: Application time: 0.0753690 seconds
368.970: [GC [PSYoungGen: 14464K->1555K(15360K)] 29151K->16251K(50688K), 0.0007390 secs] [Times: user=0.00 sys=0.00, real=0.00 secs] 
368.971: Total time for which application threads were stopped: 0.0622380 seconds, Stopping threads took: 0.0614050 seconds
369.052: Application time: 0.0806880 seconds
369.101: [GC [PSYoungGen: 14698K->1571K(15360K)] 29393K->16267K(50688K), 0.0006770 secs] [Times: user=0.01 sys=0.00, real=0.00 secs] 
369.103: Total time for which application threads were stopped: 0.0513640 seconds, Stopping threads took: 0.0496940 seconds
369.181: Application time: 0.0779210 seconds
369.233: [GC [PSYoungGen: 14851K->1817K(15360K)] 29546K->16512K(50688K), 0.0010130 secs] [Times: user=0.00 sys=0.00, real=0.00 secs] 
369.234: Total time for which application threads were stopped: 0.0533050 seconds, Stopping threads took: 0.0522000 seconds
369.316: Application time: 0.0816550 seconds
369.378: [GC [PSYoungGen: 15077K->1002K(15360K)] 29772K->15705K(50688K), 0.0005720 secs] [Times: user=0.00 sys=0.00, real=0.00 secs] 
369.379: Total time for which application threads were stopped: 0.0627630 seconds, Stopping threads took: 0.0621170 seconds
369.457: Application time: 0.0785970 seconds
369.517: [GC [PSYoungGen: 14183K->1181K(15360K)] 28887K->15892K(50688K), 0.0006770 secs] [Times: user=0.01 sys=0.00, real=0.00 secs] 
369.518: Total time for which application threads were stopped: 0.0606460 seconds, Stopping threads took: 0.0598810 seconds
369.595: Application time: 0.0772090 seconds
369.658: [GC [PSYoungGen: 14480K->1572K(15360K)] 29191K->16283K(50688K), 0.0007310 secs] [Times: user=0.00 sys=0.00, real=0.00 secs] 
369.659: Total time for which application threads were stopped: 0.0638530 seconds, Stopping threads took: 0.0630190 seconds
369.735: Application time: 0.0760670 seconds
369.787: [GC [PSYoungGen: 14773K->1881K(15360K)] 29484K->16592K(50688K), 0.0007710 secs] [Times: user=0.01 sys=0.00, real=0.01 secs] 
369.787: Total time for which application threads were stopped: 0.0524000 seconds, Stopping threads took: 0.0515480 seconds
369.865: Application time: 0.0780970 seconds
369.917: [GC [PSYoungGen: 15179K->1864K(15360K)] 29891K->16974K(50688K), 0.0009200 secs] [Times: user=0.01 sys=0.00, real=0.00 secs] 
369.918: Total time for which application threads were stopped: 0.0523120 seconds, Stopping threads took: 0.0513170 seconds
369.993: Application time: 0.0749520 seconds
370.057: [GC [PSYoungGen: 15164K->1897K(15360K)] 30273K->17796K(50688K), 0.0010300 secs] [Times: user=0.01 sys=0.00, real=0.00 secs] 
370.058: Total time for which application threads were stopped: 0.0648810 seconds, Stopping threads took: 0.0637810 seconds
370.134: Application time: 0.0765660 seconds
370.204: [GC [PSYoungGen: 15203K->1994K(15360K)] 31102K->17901K(50688K), 0.0008530 secs] [Times: user=0.01 sys=0.00, real=0.00 secs] 
370.205: Total time for which application threads were stopped: 0.0707570 seconds, Stopping threads took: 0.0698230 seconds
370.283: Application time: 0.0780820 seconds
370.332: [GC [PSYoungGen: 15246K->1962K(15360K)] 31153K->18064K(50688K), 0.0008670 secs] [Times: user=0.01 sys=0.00, real=0.00 secs] 
370.332: Total time for which application threads were stopped: 0.0494200 seconds, Stopping threads took: 0.0484870 seconds
370.412: Application time: 0.0793380 seconds
370.470: [GC [PSYoungGen: 14929K->1881K(15360K)] 31032K->18178K(50688K), 0.0009880 secs] [Times: user=0.00 sys=0.00, real=0.00 secs] 
370.471: Total time for which application threads were stopped: 0.0591090 seconds, Stopping threads took: 0.0580500 seconds
370.549: Application time: 0.0779580 seconds
370.613: [GC [PSYoungGen: 15179K->2044K(15360K)] 31477K->18732K(50688K), 0.0010930 secs] [Times: user=0.00 sys=0.00, real=0.00 secs] 
370.614: Total time for which application threads were stopped: 0.0655060 seconds, Stopping threads took: 0.0643290 seconds
370.692: Application time: 0.0778780 seconds
370.753: [GC [PSYoungGen: 15226K->1556K(15360K)] 31914K->18260K(50688K), 0.0009610 secs] [Times: user=0.00 sys=0.00, real=0.00 secs] 
370.754: Total time for which application threads were stopped: 0.0612830 seconds, Stopping threads took: 0.0602210 seconds
370.830: Application time: 0.0766570 seconds
370.890: [GC [PSYoungGen: 14835K->1848K(15360K)] 31539K->18553K(50688K), 0.0007880 secs] [Times: user=0.01 sys=0.00, real=0.00 secs] 
370.891: Total time for which application threads were stopped: 0.0610880 seconds, Stopping threads took: 0.0602110 seconds
370.969: Application time: 0.0780400 seconds
371.021: [GC [PSYoungGen: 15147K->2028K(15360K)] 31852K->18927K(50688K), 0.0010320 secs] [Times: user=0.01 sys=0.00, real=0.00 secs] 
371.022: Total time for which application threads were stopped: 0.0527520 seconds, Stopping threads took: 0.0516170 seconds
371.099: Application time: 0.0765710 seconds
371.164: [GC [PSYoungGen: 15288K->1408K(15360K)] 32187K->18324K(50688K), 0.0006600 secs] [Times: user=0.01 sys=0.00, real=0.00 secs] 
371.165: Total time for which application threads were stopped: 0.0658860 seconds, Stopping threads took: 0.0651580 seconds
371.245: Application time: 0.0801620 seconds
371.311: [GC [PSYoungGen: 14609K->515K(15360K)] 31525K->17439K(50688K), 0.0004680 secs] [Times: user=0.01 sys=0.00, real=0.00 secs] 
371.311: Total time for which application threads were stopped: 0.0663950 seconds, Stopping threads took: 0.0658520 seconds
371.390: Application time: 0.0785420 seconds
371.449: [GC [PSYoungGen: 13619K->790K(15360K)] 30542K->17722K(50688K), 0.0004640 secs] [Times: user=0.00 sys=0.00, real=0.00 secs] 
371.449: Total time for which application threads were stopped: 0.0595770 seconds, Stopping threads took: 0.0590470 seconds
371.526: Application time: 0.0772540 seconds
371.578: [GC [PSYoungGen: 13933K->758K(15360K)] 30865K->17698K(50688K), 0.0005200 secs] [Times: user=0.01 sys=0.00, real=0.00 secs] 
371.579: Total time for which application threads were stopped: 0.0524260 seconds, Stopping threads took: 0.0518400 seconds
371.657: Application time: 0.0784190 seconds
371.709: [GC [PSYoungGen: 14057K->1181K(15360K)] 30997K->18120K(50688K), 0.0006240 secs] [Times: user=0.00 sys=0.00, real=0.00 secs] 
371.710: Total time for which application threads were stopped: 0.0525350 seconds, Stopping threads took: 0.0518400 seconds
371.787: Application time: 0.0774520 seconds
371.847: [GC [PSYoungGen: 14480K->1540K(15360K)] 31419K->18479K(50688K), 0.0008000 secs] [Times: user=0.01 sys=0.00, real=0.01 secs] 
371.848: Total time for which application threads were stopped: 0.0602850 seconds, Stopping threads took: 0.0593990 seconds
371.926: Application time: 0.0782480 seconds
371.977: [GC [PSYoungGen: 14800K->1735K(15360K)] 31739K->18674K(50688K), 0.0008010 secs] [Times: user=0.00 sys=0.00, real=0.00 secs] 
371.978: Total time for which application threads were stopped: 0.0522190 seconds, Stopping threads took: 0.0513270 seconds
372.056: Application time: 0.0778120 seconds
372.117: [GC [PSYoungGen: 14936K->954K(15360K)] 31876K->17893K(50688K), 0.0006450 secs] [Times: user=0.00 sys=0.00, real=0.00 secs] 
372.118: Total time for which application threads were stopped: 0.0621830 seconds, Stopping threads took: 0.0614450 seconds
372.195: Application time: 0.0770860 seconds
372.242: [GC [PSYoungGen: 14253K->1344K(15360K)] 31192K->18284K(50688K), 0.0006740 secs] [Times: user=0.00 sys=0.00, real=0.00 secs] 
372.243: Total time for which application threads were stopped: 0.0476730 seconds, Stopping threads took: 0.0469280 seconds
372.321: Application time: 0.0779170 seconds
372.381: [GC [PSYoungGen: 14545K->1669K(15360K)] 31485K->18617K(50688K), 0.0007150 secs] [Times: user=0.00 sys=0.00, real=0.00 secs] 
372.382: Total time for which application threads were stopped: 0.0608660 seconds, Stopping threads took: 0.0600690 seconds
372.458: Application time: 0.0765520 seconds
372.517: [GC [PSYoungGen: 14851K->758K(15360K)] 31799K->17722K(50688K), 0.0005300 secs] [Times: user=0.00 sys=0.00, real=0.00 secs] 
372.518: Total time for which application threads were stopped: 0.0598540 seconds, Stopping threads took: 0.0592550 seconds
372.596: Application time: 0.0783650 seconds
372.653: [GC [PSYoungGen: 14018K->954K(15360K)] 30982K->17917K(50688K), 0.0006890 secs] [Times: user=0.00 sys=0.00, real=0.00 secs] 
372.654: Total time for which application threads were stopped: 0.0572060 seconds, Stopping threads took: 0.0564270 seconds
372.731: Application time: 0.0772560 seconds
372.782: [GC [PSYoungGen: 14135K->1165K(15360K)] 31099K->18136K(50688K), 0.0006990 secs] [Times: user=0.00 sys=0.00, real=0.00 secs] 
372.783: Total time for which application threads were stopped: 0.0517800 seconds, Stopping threads took: 0.0509930 seconds
372.859: Application time: 0.0767900 seconds
372.918: [GC [PSYoungGen: 14464K->1556K(15360K)] 31436K->18535K(50688K), 0.0007670 secs] [Times: user=0.00 sys=0.00, real=0.00 secs] 
372.919: Total time for which application threads were stopped: 0.0596470 seconds, Stopping threads took: 0.0587930 seconds
372.995: Application time: 0.0759770 seconds
373.057: [GC [PSYoungGen: 14718K->563K(15360K)] 31698K->17543K(50688K), 0.0004920 secs] [Times: user=0.00 sys=0.00, real=0.00 secs] 
373.058: Total time for which application threads were stopped: 0.0625000 seconds, Stopping threads took: 0.0619140 seconds
373.135: Application time: 0.0778420 seconds
373.190: [GC [PSYoungGen: 13667K->758K(15360K)] 30646K->17746K(50688K), 0.0006450 secs] [Times: user=0.00 sys=0.00, real=0.00 secs] 
373.191: Total time for which application threads were stopped: 0.0552670 seconds, Stopping threads took: 0.0545330 seconds
373.269: Application time: 0.0780350 seconds
373.328: [GC [PSYoungGen: 13745K->742K(15360K)] 30733K->17730K(50688K), 0.0006710 secs] [Times: user=0.01 sys=0.00, real=0.00 secs] 
373.329: Total time for which application threads were stopped: 0.0604760 seconds, Stopping threads took: 0.0597250 seconds
373.407: Application time: 0.0774900 seconds
373.454: [GC [PSYoungGen: 13924K->938K(15360K)] 30912K->17925K(50688K), 0.0005580 secs] [Times: user=0.01 sys=0.00, real=0.00 secs] 
373.454: Total time for which application threads were stopped: 0.0474370 seconds, Stopping threads took: 0.0468010 seconds
373.531: Application time: 0.0768070 seconds
373.591: [GC [PSYoungGen: 14237K->1344K(15360K)] 31224K->18340K(50688K), 0.0006600 secs] [Times: user=0.01 sys=0.00, real=0.00 secs] 
373.592: Total time for which application threads were stopped: 0.0611890 seconds, Stopping threads took: 0.0604600 seconds
373.670: Application time: 0.0773860 seconds
373.722: [GC [PSYoungGen: 14526K->1555K(15360K)] 31522K->18551K(50688K), 0.0007030 secs] [Times: user=0.00 sys=0.00, real=0.00 secs] 
373.723: Total time for which application threads were stopped: 0.0531000 seconds, Stopping threads took: 0.0523250 seconds
373.799: Application time: 0.0762950 seconds
373.858: [GC [PSYoungGen: 14854K->1962K(15360K)] 31850K->18958K(50688K), 0.0009170 secs] [Times: user=0.00 sys=0.00, real=0.00 secs] 
373.859: Total time for which application threads were stopped: 0.0604970 seconds, Stopping threads took: 0.0594840 seconds
373.938: Application time: 0.0784510 seconds
373.995: [GC [PSYoungGen: 15124K->970K(15360K)] 32120K->17973K(50688K), 0.0007160 secs] [Times: user=0.00 sys=0.00, real=0.01 secs] 
373.996: Total time for which application threads were stopped: 0.0580280 seconds, Stopping threads took: 0.0572320 seconds
374.072: Application time: 0.0762560 seconds
374.133: [GC [PSYoungGen: 14151K->1117K(15360K)] 31155K->18120K(50688K), 0.0005980 secs] [Times: user=0.00 sys=0.00, real=0.00 secs] 
374.135: Total time for which application threads were stopped: 0.0626830 seconds, Stopping threads took: 0.0611170 seconds
374.211: Application time: 0.0764550 seconds
374.276: [GC [PSYoungGen: 14416K->1556K(15360K)] 31420K->18559K(50688K), 0.0008810 secs] [Times: user=0.00 sys=0.00, real=0.00 secs] 
374.277: Total time for which application threads were stopped: 0.0657910 seconds, Stopping threads took: 0.0648170 seconds
374.355: Application time: 0.0781080 seconds
374.406: [GC [PSYoungGen: 14854K->1946K(15360K)] 31858K->18950K(50688K), 0.0008010 secs] [Times: user=0.00 sys=0.01, real=0.00 secs] 
374.407: Total time for which application threads were stopped: 0.0516460 seconds, Stopping threads took: 0.0507660 seconds
374.485: Application time: 0.0778130 seconds
374.549: [GC [PSYoungGen: 15226K->1165K(15360K)] 32229K->18176K(50688K), 0.0006590 secs] [Times: user=0.00 sys=0.00, real=0.00 secs] 
374.550: Total time for which application threads were stopped: 0.0648450 seconds, Stopping threads took: 0.0641080 seconds
374.626: Application time: 0.0763300 seconds
374.678: [GC [PSYoungGen: 14425K->1344K(15360K)] 31437K->18364K(50688K), 0.0007450 secs] [Times: user=0.01 sys=0.00, real=0.00 secs] 
374.678: Total time for which application threads were stopped: 0.0525830 seconds, Stopping threads took: 0.0517570 seconds
374.755: Application time: 0.0768640 seconds
374.814: [GC [PSYoungGen: 14526K->1588K(15360K)] 31546K->18615K(50688K), 0.0007040 secs] [Times: user=0.00 sys=0.00, real=0.00 secs] 
374.815: Total time for which application threads were stopped: 0.0596140 seconds, Stopping threads took: 0.0588390 seconds
374.891: Application time: 0.0759540 seconds
374.958: [GC [PSYoungGen: 14789K->790K(15360K)] 31817K->17818K(50688K), 0.0005320 secs] [Times: user=0.00 sys=0.00, real=0.00 secs] 
374.958: Total time for which application threads were stopped: 0.0673790 seconds, Stopping threads took: 0.0667800 seconds
375.038: Application time: 0.0795610 seconds
375.097: [GC [PSYoungGen: 14089K->1133K(15360K)] 31117K->18168K(50688K), 0.0006610 secs] [Times: user=0.00 sys=0.00, real=0.00 secs] 
375.098: Total time for which application threads were stopped: 0.0599980 seconds, Stopping threads took: 0.0592350 seconds
375.174: Application time: 0.0763380 seconds
375.234: [GC [PSYoungGen: 14413K->304K(15360K)] 31448K->17339K(50688K), 0.0006650 secs] [Times: user=0.00 sys=0.00, real=0.00 secs] 
375.235: Total time for which application threads were stopped: 0.0604650 seconds, Stopping threads took: 0.0597330 seconds
375.314: Application time: 0.0791470 seconds
375.364: [GC [PSYoungGen: 13603K->806K(15360K)] 30638K->17850K(50688K), 0.0005420 secs] [Times: user=0.00 sys=0.00, real=0.00 secs] 
375.365: Total time for which application threads were stopped: 0.0512780 seconds, Stopping threads took: 0.0506590 seconds
375.440: Application time: 0.0750100 seconds
375.474: [GC [PSYoungGen: 14047K->1962K(15360K)] 31091K->19014K(50688K), 0.0010220 secs] [Times: user=0.01 sys=0.00, real=0.00 secs] 
375.475: Total time for which application threads were stopped: 0.0349470 seconds, Stopping threads took: 0.0338420 seconds
375.554: Application time: 0.0786810 seconds
375.617: [GC [PSYoungGen: 15163K->1149K(15360K)] 32215K->18201K(50688K), 0.0007550 secs] [Times: user=0.01 sys=0.00, real=0.00 secs] 
375.618: Total time for which application threads were stopped: 0.0641950 seconds, Stopping threads took: 0.0633380 seconds
375.693: Application time: 0.0753720 seconds
375.694: [GC [PSYoungGen: 14350K->2047K(15360K)] 31402K->22811K(50688K), 0.0019050 secs] [Times: user=0.01 sys=0.00, real=0.01 secs] 
375.696: Total time for which application threads were stopped: 0.0024710 seconds, Stopping threads took: 0.0004800 seconds
375.842: Application time: 0.1458770 seconds
375.877: [GC [PSYoungGen: 15229K->451K(15360K)] 35992K->21215K(50688K), 0.0004760 secs] [Times: user=0.00 sys=0.00, real=0.00 secs] 
375.877: Total time for which application threads were stopped: 0.0357080 seconds, Stopping threads took: 0.0351380 seconds
375.954: Application time: 0.0764230 seconds
376.017: [GC [PSYoungGen: 13633K->646K(15360K)] 34397K->21410K(50688K), 0.0004730 secs] [Times: user=0.00 sys=0.00, real=0.00 secs] 
376.018: Total time for which application threads were stopped: 0.0642080 seconds, Stopping threads took: 0.0636680 seconds
376.096: Application time: 0.0783500 seconds
376.146: [GC [PSYoungGen: 13828K->841K(15360K)] 34592K->21605K(50688K), 0.0007750 secs] [Times: user=0.00 sys=0.01, real=0.00 secs] 
376.146: Total time for which application threads were stopped: 0.0501610 seconds, Stopping threads took: 0.0492850 seconds
376.225: Application time: 0.0781920 seconds
376.285: [GC [PSYoungGen: 14023K->1037K(15360K)] 34787K->21800K(50688K), 0.0006080 secs] [Times: user=0.01 sys=0.00, real=0.00 secs] 
376.286: Total time for which application threads were stopped: 0.0609710 seconds, Stopping threads took: 0.0602920 seconds
376.363: Application time: 0.0777120 seconds
376.430: [GC [PSYoungGen: 14238K->256K(15360K)] 35002K->21019K(50688K), 0.0004700 secs] [Times: user=0.00 sys=0.00, real=0.00 secs] 
376.431: Total time for which application threads were stopped: 0.0673840 seconds, Stopping threads took: 0.0668270 seconds
376.507: Application time: 0.0765280 seconds
376.557: [GC [PSYoungGen: 13437K->499K(15360K)] 34201K->21271K(50688K), 0.0005830 secs] [Times: user=0.00 sys=0.00, real=0.00 secs] 
376.558: Total time for which application threads were stopped: 0.0502420 seconds, Stopping threads took: 0.0495730 seconds
376.633: Application time: 0.0758690 seconds
376.694: [GC [PSYoungGen: 13798K->890K(15360K)] 34570K->21669K(50688K), 0.0006810 secs] [Times: user=0.00 sys=0.00, real=0.00 secs] 
376.695: Total time for which application threads were stopped: 0.0616570 seconds, Stopping threads took: 0.0608920 seconds
376.773: Application time: 0.0781820 seconds
376.833: [GC [PSYoungGen: 14071K->1085K(15360K)] 34851K->21873K(50688K), 0.0005890 secs] [Times: user=0.01 sys=0.00, real=0.00 secs] 
376.833: Total time for which application threads were stopped: 0.0600530 seconds, Stopping threads took: 0.0593970 seconds
376.913: Application time: 0.0799600 seconds
376.973: [GC [PSYoungGen: 14345K->1296K(15360K)] 35133K->22084K(50688K), 0.0006140 secs] [Times: user=0.00 sys=0.00, real=0.00 secs] 
376.973: Total time for which application threads were stopped: 0.0601820 seconds, Stopping threads took: 0.0595030 seconds
377.050: Application time: 0.0763410 seconds
377.110: [GC [PSYoungGen: 14576K->579K(15360K)] 35364K->21367K(50688K), 0.0005280 secs] [Times: user=0.00 sys=0.00, real=0.00 secs] 
377.110: Total time for which application threads were stopped: 0.0603180 seconds, Stopping threads took: 0.0597240 seconds
377.188: Application time: 0.0783020 seconds
377.246: [GC [PSYoungGen: 13682K->742K(15360K)] 34470K->21546K(50688K), 0.0005680 secs] [Times: user=0.01 sys=0.00, real=0.00 secs] 
377.247: Total time for which application threads were stopped: 0.0585960 seconds, Stopping threads took: 0.0579490 seconds
377.326: Application time: 0.0788450 seconds
377.381: [GC [PSYoungGen: 13729K->758K(15360K)] 34532K->21562K(50688K), 0.0005070 secs] [Times: user=0.00 sys=0.00, real=0.00 secs] 
377.382: Total time for which application threads were stopped: 0.0560870 seconds, Stopping threads took: 0.0554890 seconds
377.460: Application time: 0.0780410 seconds
377.519: [GC [PSYoungGen: 13940K->954K(15360K)] 34744K->21765K(50688K), 0.0008020 secs] [Times: user=0.00 sys=0.00, real=0.00 secs] 
377.519: Total time for which application threads were stopped: 0.0593370 seconds, Stopping threads took: 0.0584510 seconds
377.597: Application time: 0.0774090 seconds
377.650: [GC [PSYoungGen: 14253K->1328K(15360K)] 35064K->22140K(50688K), 0.0007080 secs] [Times: user=0.01 sys=0.00, real=0.00 secs] 
377.651: Total time for which application threads were stopped: 0.0537760 seconds, Stopping threads took: 0.0529930 seconds
377.729: Application time: 0.0783430 seconds
377.788: [GC [PSYoungGen: 14627K->1783K(15360K)] 35439K->22595K(50688K), 0.0007340 secs] [Times: user=0.01 sys=0.00, real=0.00 secs] 
377.789: Total time for which application threads were stopped: 0.0601770 seconds, Stopping threads took: 0.0593700 seconds
377.867: Application time: 0.0777380 seconds
377.934: [GC [PSYoungGen: 14867K->742K(15360K)] 35679K->21570K(50688K), 0.0005030 secs] [Times: user=0.00 sys=0.00, real=0.00 secs] 
377.935: Total time for which application threads were stopped: 0.0679810 seconds, Stopping threads took: 0.0674080 seconds
378.013: Application time: 0.0784960 seconds
378.062: [GC [PSYoungGen: 13924K->1002K(15360K)] 34752K->21837K(50688K), 0.0006110 secs] [Times: user=0.00 sys=0.00, real=0.00 secs] 
378.063: Total time for which application threads were stopped: 0.0495950 seconds, Stopping threads took: 0.0488960 seconds
378.140: Application time: 0.0767240 seconds
378.202: [GC [PSYoungGen: 14300K->1312K(15360K)] 35136K->22156K(50688K), 0.0006520 secs] [Times: user=0.00 sys=0.00, real=0.00 secs] 
378.203: Total time for which application threads were stopped: 0.0629990 seconds, Stopping threads took: 0.0622740 seconds
378.203: Application time: 0.0007030 seconds
378.236: Total time for which application threads were stopped: 0.0331460 seconds, Stopping threads took: 0.0331240 seconds
378.308: Application time: 0.0714290 seconds
378.341: Total time for which application threads were stopped: 0.0328480 seconds, Stopping threads took: 0.0327960 seconds
378.341: Application time: 0.0006120 seconds
378.341: [GC [PSYoungGen: 14516K->2045K(15360K)] 35360K->24492K(50688K), 0.0011410 secs] [Times: user=0.00 sys=0.00, real=0.00 secs] 
378.343: Total time for which application threads were stopped: 0.0012570 seconds, Stopping threads took: 0.0000590 seconds
378.411: Application time: 0.0679660 seconds
378.414: Total time for which application threads were stopped: 0.0034620 seconds, Stopping threads took: 0.0034260 seconds
378.484: Application time: 0.0696200 seconds
378.485: Total time for which application threads were stopped: 0.0017810 seconds, Stopping threads took: 0.0017370 seconds
378.486: Application time: 0.0002740 seconds
378.486: Total time for which application threads were stopped: 0.0000750 seconds, Stopping threads took: 0.0000620 seconds
378.486: Application time: 0.0000750 seconds
378.486: [GC [PSYoungGen: 15297K->1591K(15360K)] 37743K->24037K(50688K), 0.0006620 secs] [Times: user=0.00 sys=0.00, real=0.00 secs] 
378.487: Total time for which application threads were stopped: 0.0007730 seconds, Stopping threads took: 0.0000650 seconds
378.663: Application time: 0.1764230 seconds
378.690: [GC [PSYoungGen: 14640K->614K(15360K)] 37087K->23076K(50688K), 0.0004960 secs] [Times: user=0.00 sys=0.00, real=0.00 secs] 
378.690: Total time for which application threads were stopped: 0.0271260 seconds, Stopping threads took: 0.0265600 seconds
378.794: Application time: 0.1036490 seconds
378.825: Total time for which application threads were stopped: 0.0314320 seconds, Stopping threads took: 0.0314090 seconds
378.952: Application time: 0.1264040 seconds
378.952: [GC [PSYoungGen: 13926K->1905K(15360K)] 36388K->24439K(50688K), 0.0011920 secs] [Times: user=0.00 sys=0.00, real=0.00 secs] 
378.953: Total time for which application threads were stopped: 0.0013180 seconds, Stopping threads took: 0.0000480 seconds
378.953: Application time: 0.0000480 seconds
378.953: Total time for which application threads were stopped: 0.0000320 seconds, Stopping threads took: 0.0000190 seconds
378.953: Application time: 0.0000500 seconds
378.953: Total time for which application threads were stopped: 0.0000180 seconds, Stopping threads took: 0.0000120 seconds
378.953: Application time: 0.0000120 seconds
378.953: Total time for which application threads were stopped: 0.0000160 seconds, Stopping threads took: 0.0000110 seconds
378.953: Application time: 0.0000090 seconds
378.953: Total time for which application threads were stopped: 0.0000070 seconds, Stopping threads took: 0.0000020 seconds
378.953: Application time: 0.0000110 seconds
378.953: Total time for which application threads were stopped: 0.0000170 seconds, Stopping threads took: 0.0000130 seconds
378.953: Application time: 0.0000100 seconds
378.953: Total time for which application threads were stopped: 0.0000160 seconds, Stopping threads took: 0.0000110 seconds
378.953: Application time: 0.0000110 seconds
378.953: Total time for which application threads were stopped: 0.0000170 seconds, Stopping threads took: 0.0000110 seconds
378.953: Application time: 0.0000110 seconds
378.953: Total time for which application threads were stopped: 0.0000180 seconds, Stopping threads took: 0.0000130 seconds
378.953: Application time: 0.0000100 seconds
378.953: Total time for which application threads were stopped: 0.0000180 seconds, Stopping threads took: 0.0000130 seconds
378.953: Application time: 0.0000100 seconds
378.953: Total time for which application threads were stopped: 0.0000150 seconds, Stopping threads took: 0.0000100 seconds
378.953: Application time: 0.0000100 seconds
378.953: Total time for which application threads were stopped: 0.0000170 seconds, Stopping threads took: 0.0000120 seconds
378.953: Application time: 0.0000110 seconds
378.953: Total time for which application threads were stopped: 0.0000140 seconds, Stopping threads took: 0.0000100 seconds
378.953: Application time: 0.0000100 seconds
378.953: Total time for which application threads were stopped: 0.0000160 seconds, Stopping threads took: 0.0000100 seconds
378.953: Application time: 0.0000090 seconds
378.953: Total time for which application threads were stopped: 0.0000160 seconds, Stopping threads took: 0.0000120 seconds
378.953: Application time: 0.0000100 seconds
378.954: Total time for which application threads were stopped: 0.0000170 seconds, Stopping threads took: 0.0000110 seconds
378.954: Application time: 0.0000120 seconds
378.954: Total time for which application threads were stopped: 0.0000150 seconds, Stopping threads took: 0.0000100 seconds
378.954: Application time: 0.0000100 seconds
378.954: Total time for which application threads were stopped: 0.0000150 seconds, Stopping threads took: 0.0000100 seconds
378.954: Application time: 0.0000110 seconds
378.954: Total time for which application threads were stopped: 0.0000140 seconds, Stopping threads took: 0.0000090 seconds
378.954: Application time: 0.0000100 seconds
378.954: Total time for which application threads were stopped: 0.0000160 seconds, Stopping threads took: 0.0000110 seconds
378.954: Application time: 0.0000100 seconds
378.954: Total time for which application threads were stopped: 0.0000230 seconds, Stopping threads took: 0.0000100 seconds
379.132: Application time: 0.1781370 seconds
379.132: [GC [PSYoungGen: 13714K->2037K(15360K)] 36249K->27205K(50688K), 0.0031260 secs] [Times: user=0.02 sys=0.00, real=0.00 secs] 
379.135: Total time for which application threads were stopped: 0.0032430 seconds, Stopping threads took: 0.0000130 seconds
379.135: Application time: 0.0001230 seconds
379.135: Total time for which application threads were stopped: 0.0002760 seconds, Stopping threads took: 0.0002470 seconds
379.135: Application time: 0.0000250 seconds
379.135: Total time for which application threads were stopped: 0.0000370 seconds, Stopping threads took: 0.0000280 seconds
379.136: Application time: 0.0000150 seconds
379.136: Total time for which application threads were stopped: 0.0000270 seconds, Stopping threads took: 0.0000200 seconds
379.136: Application time: 0.0000140 seconds
379.136: Total time for which application threads were stopped: 0.0000200 seconds, Stopping threads took: 0.0000140 seconds
379.136: Application time: 0.0000140 seconds
379.136: Total time for which application threads were stopped: 0.0000240 seconds, Stopping threads took: 0.0000170 seconds
379.136: Application time: 0.0000130 seconds
379.136: Total time for which application threads were stopped: 0.0000250 seconds, Stopping threads took: 0.0000180 seconds
379.136: Application time: 0.0000120 seconds
379.136: Total time for which application threads were stopped: 0.0000210 seconds, Stopping threads took: 0.0000140 seconds
379.136: Application time: 0.0000130 seconds
379.136: Total time for which application threads were stopped: 0.0000280 seconds, Stopping threads took: 0.0000150 seconds
379.136: Application time: 0.0000240 seconds
379.136: Total time for which application threads were stopped: 0.0000200 seconds, Stopping threads took: 0.0000140 seconds
379.136: Application time: 0.0000110 seconds
379.136: Total time for which application threads were stopped: 0.0000230 seconds, Stopping threads took: 0.0000160 seconds
379.136: Application time: 0.0000110 seconds
379.136: Total time for which application threads were stopped: 0.0000210 seconds, Stopping threads took: 0.0000130 seconds
379.136: Application time: 0.0000130 seconds
379.136: Total time for which application threads were stopped: 0.0000210 seconds, Stopping threads took: 0.0000120 seconds
379.136: Application time: 0.0000140 seconds
379.136: Total time for which application threads were stopped: 0.0000220 seconds, Stopping threads took: 0.0000130 seconds
379.136: Application time: 0.0000130 seconds
379.136: Total time for which application threads were stopped: 0.0000210 seconds, Stopping threads took: 0.0000120 seconds
379.136: Application time: 0.0000140 seconds
379.136: Total time for which application threads were stopped: 0.0000220 seconds, Stopping threads took: 0.0000130 seconds
379.136: Application time: 0.0000130 seconds
379.136: Total time for which application threads were stopped: 0.0000210 seconds, Stopping threads took: 0.0000120 seconds
379.136: Application time: 0.0000130 seconds
379.136: Total time for which application threads were stopped: 0.0000210 seconds, Stopping threads took: 0.0000130 seconds
379.136: Application time: 0.0000130 seconds
379.136: Total time for which application threads were stopped: 0.0000210 seconds, Stopping threads took: 0.0000130 seconds
379.136: Application time: 0.0000140 seconds
379.136: Total time for which application threads were stopped: 0.0000190 seconds, Stopping threads took: 0.0000130 seconds
379.136: Application time: 0.0000120 seconds
379.136: Total time for which application threads were stopped: 0.0000290 seconds, Stopping threads took: 0.0000120 seconds
379.136: Application time: 0.0000500 seconds
379.136: Total time for which application threads were stopped: 0.0000220 seconds, Stopping threads took: 0.0000120 seconds
379.136: Application time: 0.0000740 seconds
379.136: Total time for which application threads were stopped: 0.0000260 seconds, Stopping threads took: 0.0000140 seconds
379.137: Application time: 0.0003010 seconds
379.137: Total time for which application threads were stopped: 0.0000240 seconds, Stopping threads took: 0.0000130 seconds
379.311: Application time: 0.1742700 seconds
379.311: [GC [PSYoungGen: 15154K->2037K(15360K)] 40322K->28116K(50688K), 0.0019480 secs] [Times: user=0.01 sys=0.00, real=0.00 secs] 
379.313: Total time for which application threads were stopped: 0.0020330 seconds, Stopping threads took: 0.0000090 seconds
379.313: Application time: 0.0000820 seconds
379.313: Total time for which application threads were stopped: 0.0002460 seconds, Stopping threads took: 0.0002240 seconds
379.313: Application time: 0.0000230 seconds
379.313: Total time for which application threads were stopped: 0.0000490 seconds, Stopping threads took: 0.0000340 seconds
379.313: Application time: 0.0000380 seconds
379.313: Total time for which application threads were stopped: 0.0000200 seconds, Stopping threads took: 0.0000110 seconds
379.469: Application time: 0.1554750 seconds
379.469: [GC [PSYoungGen: 15346K->2022K(15360K)] 41425K->28961K(50688K), 0.0020240 secs] [Times: user=0.01 sys=0.00, real=0.00 secs] 
379.471: Total time for which application threads were stopped: 0.0021460 seconds, Stopping threads took: 0.0000130 seconds
379.471: Application time: 0.0000620 seconds
379.471: Total time for which application threads were stopped: 0.0000400 seconds, Stopping threads took: 0.0000170 seconds
379.471: Application time: 0.0000290 seconds
379.471: Total time for which application threads were stopped: 0.0000200 seconds, Stopping threads took: 0.0000060 seconds
379.471: Application time: 0.0000430 seconds
379.471: Total time for which application threads were stopped: 0.0000240 seconds, Stopping threads took: 0.0000070 seconds
379.480: Application time: 0.0090000 seconds
379.480: Total time for which application threads were stopped: 0.0000280 seconds, Stopping threads took: 0.0000120 seconds
Heap
 PSYoungGen      total 15360K, used 2886K [0x00000000fee80000, 0x00000000fff80000, 0x0000000100000000)
  eden space 13312K, 6% used [0x00000000fee80000,0x00000000fef58230,0x00000000ffb80000)
  from space 2048K, 98% used [0x00000000ffb80000,0x00000000ffd79940,0x00000000ffd80000)
  to   space 2048K, 0% used [0x00000000ffd80000,0x00000000ffd80000,0x00000000fff80000)
 ParOldGen       total 35328K, used 26938K [0x00000000fcc00000, 0x00000000fee80000, 0x00000000fee80000)
  object space 35328K, 76% used [0x00000000fcc00000,0x00000000fe64eb40,0x00000000fee80000)
 PSPermGen       total 21504K, used 12866K [0x00000000f7a00000, 0x00000000f8f00000, 0x00000000fcc00000)
  object space 21504K, 59% used [0x00000000f7a00000,0x00000000f86909e0,0x00000000f8f00000)
379.480: Application time: 0.0001600 seconds
