Java HotSpot(TM) 64-Bit Server VM (24.80-b11) for linux-amd64 JRE (1.7.0_80-b15), built on Apr 10 2015 19:53:14 by "java_re" with gcc 4.3.0 20080428 (Red Hat 4.3.0-8)
Memory: 4k page, physical 8000092k(6044848k free), swap 8218620k(8218620k free)
CommandLine flags: -XX:InitialHeapSize=164862976 -XX:MaxHeapSize=164862976 -XX:+PrintGC -XX:+PrintGCApplicationConcurrentTime -XX:+PrintGCApplicationStoppedTime -XX:+PrintGCDetails -XX:+PrintGCTimeStamps -XX:-UseAdaptiveSizePolicy -XX:+UseCompressedOops -XX:+UseParallelGC -XX:+UseParallelOldGC 
1.007: Application time: 0.9865150 seconds
1.007: Total time for which application threads were stopped: 0.0000440 seconds, Stopping threads took: 0.0000110 seconds
4.026: Application time: 3.0188930 seconds
4.026: Total time for which application threads were stopped: 0.0000660 seconds, Stopping threads took: 0.0000100 seconds
14.729: Application time: 10.7036650 seconds
14.729: Total time for which application threads were stopped: 0.0000240 seconds, Stopping threads took: 0.0000070 seconds
14.729: Application time: 0.0000390 seconds
14.730: Total time for which application threads were stopped: 0.0000240 seconds, Stopping threads took: 0.0000170 seconds
14.731: Application time: 0.0014830 seconds
14.731: Total time for which application threads were stopped: 0.0000240 seconds, Stopping threads took: 0.0000170 seconds
14.750: Application time: 0.0193390 seconds
14.750: Total time for which application threads were stopped: 0.0000400 seconds, Stopping threads took: 0.0000110 seconds
14.763: Application time: 0.0122090 seconds
14.763: [GC [PSYoungGen: 11661K->3322K(47104K)] 11661K->3330K(154624K), 0.0022680 secs] [Times: user=0.01 sys=0.01, real=0.00 secs] 
14.765: [Full GC [PSYoungGen: 3322K->0K(47104K)] [ParOldGen: 8K->3145K(107520K)] 3330K->3145K(154624K) [PSPermGen: 5076K->5074K(21504K)], 0.0112360 secs] [Times: user=0.04 sys=0.00, real=0.01 secs] 
14.776: Total time for which application threads were stopped: 0.0136430 seconds, Stopping threads took: 0.0000180 seconds
14.776: Application time: 0.0000310 seconds
14.776: [GC [PSYoungGen: 0K->0K(47104K)] 3145K->3145K(154624K), 0.0002940 secs] [Times: user=0.00 sys=0.00, real=0.00 secs] 
14.777: [Full GC [PSYoungGen: 0K->0K(47104K)] [ParOldGen: 3145K->3145K(107520K)] 3145K->3145K(154624K) [PSPermGen: 5074K->5074K(21504K)], 0.0039400 secs] [Times: user=0.02 sys=0.00, real=0.00 secs] 
14.781: Total time for which application threads were stopped: 0.0043230 seconds, Stopping threads took: 0.0000060 seconds
14.781: Application time: 0.0001140 seconds
14.781: Total time for which application threads were stopped: 0.0000210 seconds, Stopping threads took: 0.0000130 seconds
14.781: Application time: 0.0000120 seconds
14.781: Total time for which application threads were stopped: 0.0000130 seconds, Stopping threads took: 0.0000090 seconds
14.781: Application time: 0.0000100 seconds
14.781: Total time for which application threads were stopped: 0.0000160 seconds, Stopping threads took: 0.0000130 seconds
14.781: Application time: 0.0000090 seconds
14.781: Total time for which application threads were stopped: 0.0000140 seconds, Stopping threads took: 0.0000110 seconds
14.781: Application time: 0.0000090 seconds
14.781: Total time for which application threads were stopped: 0.0000150 seconds, Stopping threads took: 0.0000120 seconds
14.781: Application time: 0.0000080 seconds
14.781: Total time for which application threads were stopped: 0.0000210 seconds, Stopping threads took: 0.0000170 seconds
14.781: Application time: 0.0000160 seconds
14.781: Total time for which application threads were stopped: 0.0000150 seconds, Stopping threads took: 0.0000120 seconds
14.781: Application time: 0.0000080 seconds
14.781: Total time for which application threads were stopped: 0.0000140 seconds, Stopping threads took: 0.0000110 seconds
14.781: Application time: 0.0000090 seconds
14.781: Total time for which application threads were stopped: 0.0000150 seconds, Stopping threads took: 0.0000120 seconds
14.781: Application time: 0.0000110 seconds
14.781: Total time for which application threads were stopped: 0.0000150 seconds, Stopping threads took: 0.0000120 seconds
14.781: Application time: 0.0000110 seconds
14.781: Total time for which application threads were stopped: 0.0000270 seconds, Stopping threads took: 0.0000240 seconds
14.781: Application time: 0.0000380 seconds
14.781: Total time for which application threads were stopped: 0.0000130 seconds, Stopping threads took: 0.0000100 seconds
14.781: Application time: 0.0000110 seconds
14.781: Total time for which application threads were stopped: 0.0000150 seconds, Stopping threads took: 0.0000120 seconds
14.781: Application time: 0.0000110 seconds
14.781: Total time for which application threads were stopped: 0.0000170 seconds, Stopping threads took: 0.0000140 seconds
14.781: Application time: 0.0000100 seconds
14.781: Total time for which application threads were stopped: 0.0000140 seconds, Stopping threads took: 0.0000100 seconds
14.781: Application time: 0.0000120 seconds
14.781: Total time for which application threads were stopped: 0.0000140 seconds, Stopping threads took: 0.0000100 seconds
14.781: Application time: 0.0000090 seconds
14.781: Total time for which application threads were stopped: 0.0000140 seconds, Stopping threads took: 0.0000110 seconds
14.781: Application time: 0.0000090 seconds
14.781: Total time for which application threads were stopped: 0.0000140 seconds, Stopping threads took: 0.0000110 seconds
14.781: Application time: 0.0000090 seconds
14.781: Total time for which application threads were stopped: 0.0000150 seconds, Stopping threads took: 0.0000110 seconds
14.781: Application time: 0.0000090 seconds
14.781: Total time for which application threads were stopped: 0.0000190 seconds, Stopping threads took: 0.0000080 seconds
14.782: Application time: 0.0004170 seconds
14.782: Total time for which application threads were stopped: 0.0000150 seconds, Stopping threads took: 0.0000060 seconds
14.810: Application time: 0.0284080 seconds
14.810: [GC [PSYoungGen: 40106K->6088K(47104K)] 43251K->40123K(154624K), 0.0090260 secs] [Times: user=0.05 sys=0.01, real=0.01 secs] 
14.819: Total time for which application threads were stopped: 0.0091190 seconds, Stopping threads took: 0.0000160 seconds
14.819: Application time: 0.0001060 seconds
14.820: Total time for which application threads were stopped: 0.0009920 seconds, Stopping threads took: 0.0009520 seconds
14.820: Application time: 0.0000980 seconds
14.825: Total time for which application threads were stopped: 0.0047150 seconds, Stopping threads took: 0.0046740 seconds
14.825: Application time: 0.0000680 seconds
14.825: Total time for which application threads were stopped: 0.0000240 seconds, Stopping threads took: 0.0000180 seconds
14.825: Application time: 0.0000500 seconds
14.825: Total time for which application threads were stopped: 0.0000220 seconds, Stopping threads took: 0.0000140 seconds
14.825: Application time: 0.0000410 seconds
14.825: Total time for which application threads were stopped: 0.0000110 seconds, Stopping threads took: 0.0000060 seconds
14.825: Application time: 0.0000200 seconds
14.825: Total time for which application threads were stopped: 0.0000180 seconds, Stopping threads took: 0.0000130 seconds
14.825: Application time: 0.0000150 seconds
14.825: Total time for which application threads were stopped: 0.0000160 seconds, Stopping threads took: 0.0000100 seconds
14.825: Application time: 0.0000270 seconds
14.826: Total time for which application threads were stopped: 0.0000160 seconds, Stopping threads took: 0.0000100 seconds
14.826: Application time: 0.0000270 seconds
14.826: Total time for which application threads were stopped: 0.0000070 seconds, Stopping threads took: 0.0000040 seconds
14.826: Application time: 0.0000110 seconds
14.826: Total time for which application threads were stopped: 0.0000060 seconds, Stopping threads took: 0.0000030 seconds
14.826: Application time: 0.0000080 seconds
14.826: Total time for which application threads were stopped: 0.0000150 seconds, Stopping threads took: 0.0000120 seconds
14.826: Application time: 0.0000080 seconds
14.826: Total time for which application threads were stopped: 0.0000220 seconds, Stopping threads took: 0.0000180 seconds
14.826: Application time: 0.0000100 seconds
14.826: Total time for which application threads were stopped: 0.0000070 seconds, Stopping threads took: 0.0000040 seconds
14.826: Application time: 0.0000090 seconds
14.826: Total time for which application threads were stopped: 0.0000160 seconds, Stopping threads took: 0.0000080 seconds
14.826: Application time: 0.0000090 seconds
14.826: Total time for which application threads were stopped: 0.0000060 seconds, Stopping threads took: 0.0000030 seconds
14.826: Application time: 0.0000090 seconds
14.826: Total time for which application threads were stopped: 0.0000150 seconds, Stopping threads took: 0.0000090 seconds
14.826: Application time: 0.0000090 seconds
14.826: Total time for which application threads were stopped: 0.0000130 seconds, Stopping threads took: 0.0000090 seconds
14.826: Application time: 0.0000090 seconds
14.826: Total time for which application threads were stopped: 0.0000120 seconds, Stopping threads took: 0.0000080 seconds
14.826: Application time: 0.0000090 seconds
14.826: Total time for which application threads were stopped: 0.0000070 seconds, Stopping threads took: 0.0000040 seconds
14.826: Application time: 0.0000090 seconds
14.826: Total time for which application threads were stopped: 0.0000140 seconds, Stopping threads took: 0.0000080 seconds
14.826: Application time: 0.0000090 seconds
14.826: Total time for which application threads were stopped: 0.0000110 seconds, Stopping threads took: 0.0000080 seconds
14.826: Application time: 0.0000090 seconds
14.826: Total time for which application threads were stopped: 0.0000130 seconds, Stopping threads took: 0.0000080 seconds
14.826: Application time: 0.0000090 seconds
14.826: Total time for which application threads were stopped: 0.0000120 seconds, Stopping threads took: 0.0000090 seconds
14.826: Application time: 0.0000090 seconds
14.826: Total time for which application threads were stopped: 0.0000120 seconds, Stopping threads took: 0.0000080 seconds
14.826: Application time: 0.0000100 seconds
14.826: Total time for which application threads were stopped: 0.0000070 seconds, Stopping threads took: 0.0000040 seconds
14.826: Application time: 0.0000080 seconds
14.826: Total time for which application threads were stopped: 0.0000140 seconds, Stopping threads took: 0.0000080 seconds
14.826: Application time: 0.0000090 seconds
14.826: Total time for which application threads were stopped: 0.0000130 seconds, Stopping threads took: 0.0000090 seconds
14.826: Application time: 0.0000090 seconds
14.826: Total time for which application threads were stopped: 0.0000140 seconds, Stopping threads took: 0.0000090 seconds
14.826: Application time: 0.0000090 seconds
14.826: Total time for which application threads were stopped: 0.0000120 seconds, Stopping threads took: 0.0000080 seconds
14.826: Application time: 0.0000080 seconds
14.826: Total time for which application threads were stopped: 0.0000070 seconds, Stopping threads took: 0.0000030 seconds
14.826: Application time: 0.0002030 seconds
14.826: Total time for which application threads were stopped: 0.0000580 seconds, Stopping threads took: 0.0000520 seconds
14.826: Application time: 0.0001630 seconds
14.827: Total time for which application threads were stopped: 0.0000630 seconds, Stopping threads took: 0.0000520 seconds
14.827: Application time: 0.0004310 seconds
14.827: Total time for which application threads were stopped: 0.0000600 seconds, Stopping threads took: 0.0000170 seconds
14.827: Application time: 0.0003060 seconds
14.827: Total time for which application threads were stopped: 0.0000160 seconds, Stopping threads took: 0.0000060 seconds
14.828: Application time: 0.0007460 seconds
14.828: Total time for which application threads were stopped: 0.0000220 seconds, Stopping threads took: 0.0000130 seconds
14.829: Application time: 0.0006480 seconds
14.829: Total time for which application threads were stopped: 0.0000630 seconds, Stopping threads took: 0.0000520 seconds
14.910: Application time: 0.0815000 seconds
14.910: Total time for which application threads were stopped: 0.0001170 seconds, Stopping threads took: 0.0000440 seconds
15.000: Application time: 0.0894070 seconds
15.002: Total time for which application threads were stopped: 0.0018190 seconds, Stopping threads took: 0.0017830 seconds
15.007: Application time: 0.0057050 seconds
15.007: [GC [PSYoungGen: 46416K->6638K(47104K)] 80586K->93099K(154624K), 0.0148320 secs] [Times: user=0.05 sys=0.04, real=0.02 secs] 
15.022: [Full GC [PSYoungGen: 6638K->0K(47104K)] [ParOldGen: 86460K->74676K(107520K)] 93099K->74676K(154624K) [PSPermGen: 5129K->5129K(21504K)], 0.0267150 secs] [Times: user=0.18 sys=0.01, real=0.02 secs] 
15.049: Total time for which application threads were stopped: 0.0417210 seconds, Stopping threads took: 0.0000490 seconds
15.059: Application time: 0.0096150 seconds
15.059: Total time for which application threads were stopped: 0.0001350 seconds, Stopping threads took: 0.0000770 seconds
15.610: Application time: 0.5511560 seconds
15.610: [Full GC [PSYoungGen: 40448K->0K(47104K)] [ParOldGen: 77677K->75412K(107520K)] 118125K->75412K(154624K) [PSPermGen: 5131K->5131K(21504K)], 0.0062450 secs] [Times: user=0.01 sys=0.01, real=0.01 secs] 
15.616: Total time for which application threads were stopped: 0.0064340 seconds, Stopping threads took: 0.0000900 seconds
16.091: Application time: 0.4742740 seconds
16.091: [Full GC [PSYoungGen: 40354K->0K(47104K)] [ParOldGen: 75412K->76005K(107520K)] 115767K->76005K(154624K) [PSPermGen: 5132K->5132K(21504K)], 0.0059130 secs] [Times: user=0.01 sys=0.01, real=0.01 secs] 
16.097: Total time for which application threads were stopped: 0.0060640 seconds, Stopping threads took: 0.0000620 seconds
16.588: Application time: 0.4916590 seconds
16.589: [Full GC [PSYoungGen: 40355K->0K(47104K)] [ParOldGen: 76005K->76465K(107520K)] 116360K->76465K(154624K) [PSPermGen: 5133K->5133K(21504K)], 0.0063240 secs] [Times: user=0.03 sys=0.00, real=0.01 secs] 
16.595: Total time for which application threads were stopped: 0.0065260 seconds, Stopping threads took: 0.0000810 seconds
17.125: Application time: 0.5304650 seconds
17.126: Total time for which application threads were stopped: 0.0001050 seconds, Stopping threads took: 0.0000720 seconds
17.126: Application time: 0.0001920 seconds
17.126: [Full GC [PSYoungGen: 40373K->0K(47104K)] [ParOldGen: 76735K->75593K(107520K)] 117108K->75593K(154624K) [PSPermGen: 5134K->5134K(21504K)], 0.0062720 secs] [Times: user=0.03 sys=0.00, real=0.00 secs] 
17.132: Total time for which application threads were stopped: 0.0063870 seconds, Stopping threads took: 0.0000320 seconds
17.722: Application time: 0.5902270 seconds
17.722: Total time for which application threads were stopped: 0.0001160 seconds, Stopping threads took: 0.0000820 seconds
17.724: Application time: 0.0016070 seconds
17.724: [Full GC [PSYoungGen: 40448K->0K(47104K)] [ParOldGen: 82792K->75199K(107520K)] 123240K->75199K(154624K) [PSPermGen: 5135K->5135K(21504K)], 0.0058250 secs] [Times: user=0.02 sys=0.00, real=0.00 secs] 
17.730: Total time for which application threads were stopped: 0.0060020 seconds, Stopping threads took: 0.0000930 seconds
18.288: Application time: 0.5574630 seconds
18.288: [Full GC [PSYoungGen: 40448K->0K(47104K)] [ParOldGen: 82056K->75936K(107520K)] 122504K->75936K(154624K) [PSPermGen: 5135K->5135K(21504K)], 0.0059630 secs] [Times: user=0.03 sys=0.00, real=0.01 secs] 
18.294: Total time for which application threads were stopped: 0.0061510 seconds, Stopping threads took: 0.0000820 seconds
18.700: Application time: 0.4064550 seconds
18.700: [Full GC [PSYoungGen: 40360K->0K(47104K)] [ParOldGen: 75936K->76467K(107520K)] 116297K->76467K(154624K) [PSPermGen: 5135K->5135K(21504K)], 0.0063470 secs] [Times: user=0.02 sys=0.00, real=0.01 secs] 
18.707: Total time for which application threads were stopped: 0.0065410 seconds, Stopping threads took: 0.0001020 seconds
19.229: Application time: 0.5226420 seconds
19.229: [Full GC [PSYoungGen: 40395K->0K(47104K)] [ParOldGen: 76467K->75541K(107520K)] 116863K->75541K(154624K) [PSPermGen: 5135K->5135K(21504K)], 0.0060720 secs] [Times: user=0.02 sys=0.00, real=0.01 secs] 
19.236: Total time for which application threads were stopped: 0.0062570 seconds, Stopping threads took: 0.0000740 seconds
19.705: Application time: 0.4697880 seconds
19.706: [Full GC [PSYoungGen: 40344K->0K(47104K)] [ParOldGen: 75541K->76665K(107520K)] 115886K->76665K(154624K) [PSPermGen: 5136K->5136K(21504K)], 0.0060660 secs] [Times: user=0.03 sys=0.00, real=0.00 secs] 
19.712: Total time for which application threads were stopped: 0.0062550 seconds, Stopping threads took: 0.0000950 seconds
20.234: Application time: 0.5228580 seconds
20.235: [Full GC [PSYoungGen: 40430K->0K(47104K)] [ParOldGen: 76665K->76000K(107520K)] 117095K->76000K(154624K) [PSPermGen: 5138K->5138K(21504K)], 0.0061400 secs] [Times: user=0.02 sys=0.00, real=0.00 secs] 
20.241: Total time for which application threads were stopped: 0.0063120 seconds, Stopping threads took: 0.0000740 seconds
20.760: Application time: 0.5194170 seconds
20.760: Total time for which application threads were stopped: 0.0001300 seconds, Stopping threads took: 0.0000940 seconds
20.761: Application time: 0.0009230 seconds
20.761: [Full GC [PSYoungGen: 40429K->0K(47104K)] [ParOldGen: 76405K->75803K(107520K)] 116834K->75803K(154624K) [PSPermGen: 5145K->5145K(21504K)], 0.0061630 secs] [Times: user=0.02 sys=0.00, real=0.01 secs] 
20.768: Total time for which application threads were stopped: 0.0063190 seconds, Stopping threads took: 0.0000700 seconds
21.334: Application time: 0.5665670 seconds
21.334: [Full GC [PSYoungGen: 40448K->0K(47104K)] [ParOldGen: 81755K->75210K(107520K)] 122203K->75210K(154624K) [PSPermGen: 5145K->5145K(21504K)], 0.0063860 secs] [Times: user=0.02 sys=0.00, real=0.00 secs] 
21.341: Total time for which application threads were stopped: 0.0065690 seconds, Stopping threads took: 0.0000870 seconds
21.777: Application time: 0.4361910 seconds
21.777: [Full GC [PSYoungGen: 40401K->0K(47104K)] [ParOldGen: 75210K->76396K(107520K)] 115611K->76396K(154624K) [PSPermGen: 5145K->5145K(21504K)], 0.0063690 secs] [Times: user=0.03 sys=0.00, real=0.01 secs] 
21.783: Total time for which application threads were stopped: 0.0065510 seconds, Stopping threads took: 0.0000920 seconds
22.277: Application time: 0.4933820 seconds
22.277: [Full GC [PSYoungGen: 40319K->0K(47104K)] [ParOldGen: 76396K->76001K(107520K)] 116716K->76001K(154624K) [PSPermGen: 5145K->5145K(21504K)], 0.0062040 secs] [Times: user=0.03 sys=0.00, real=0.01 secs] 
22.283: Total time for which application threads were stopped: 0.0063760 seconds, Stopping threads took: 0.0000760 seconds
22.760: Application time: 0.4765870 seconds
22.760: Total time for which application threads were stopped: 0.0000930 seconds, Stopping threads took: 0.0000700 seconds
22.760: Application time: 0.0000880 seconds
22.760: [Full GC [PSYoungGen: 40444K->0K(47104K)] [ParOldGen: 76144K->76001K(107520K)] 116588K->76001K(154624K) [PSPermGen: 5146K->5146K(21504K)], 0.0061640 secs] [Times: user=0.03 sys=0.00, real=0.01 secs] 
22.766: Total time for which application threads were stopped: 0.0062930 seconds, Stopping threads took: 0.0000470 seconds
23.325: Application time: 0.5583910 seconds
23.325: [Full GC [PSYoungGen: 40448K->0K(47104K)] [ParOldGen: 79431K->75598K(107520K)] 119879K->75598K(154624K) [PSPermGen: 5146K->5146K(21504K)], 0.0058060 secs] [Times: user=0.03 sys=0.00, real=0.00 secs] 
23.331: Total time for which application threads were stopped: 0.0059570 seconds, Stopping threads took: 0.0000560 seconds
23.808: Application time: 0.4769210 seconds
23.808: [Full GC [PSYoungGen: 40404K->0K(47104K)] [ParOldGen: 75598K->75930K(107520K)] 116003K->75930K(154624K) [PSPermGen: 5147K->5147K(21504K)], 0.0061790 secs] [Times: user=0.03 sys=0.00, real=0.01 secs] 
23.814: Total time for which application threads were stopped: 0.0063330 seconds, Stopping threads took: 0.0000650 seconds
24.325: Application time: 0.5114390 seconds
24.325: [Full GC [PSYoungGen: 40414K->0K(47104K)] [ParOldGen: 75930K->76335K(107520K)] 116345K->76335K(154624K) [PSPermGen: 5147K->5147K(21504K)], 0.0059570 secs] [Times: user=0.02 sys=0.00, real=0.00 secs] 
24.332: Total time for which application threads were stopped: 0.0061420 seconds, Stopping threads took: 0.0000800 seconds
24.764: Application time: 0.4326850 seconds
24.764: [Full GC [PSYoungGen: 40394K->0K(47104K)] [ParOldGen: 76335K->75931K(107520K)] 116729K->75931K(154624K) [PSPermGen: 5147K->5147K(21504K)], 0.0059910 secs] [Times: user=0.03 sys=0.00, real=0.00 secs] 
24.770: Total time for which application threads were stopped: 0.0061730 seconds, Stopping threads took: 0.0000920 seconds
25.277: Application time: 0.5064880 seconds
25.277: [Full GC [PSYoungGen: 40373K->0K(47104K)] [ParOldGen: 75931K->75805K(107520K)] 116304K->75805K(154624K) [PSPermGen: 5147K->5147K(21504K)], 0.0061040 secs] [Times: user=0.03 sys=0.00, real=0.01 secs] 
25.283: Total time for which application threads were stopped: 0.0062790 seconds, Stopping threads took: 0.0000790 seconds
25.762: Application time: 0.4787170 seconds
25.762: [Full GC [PSYoungGen: 40212K->0K(47104K)] [ParOldGen: 75805K->76003K(107520K)] 116017K->76003K(154624K) [PSPermGen: 5148K->5148K(21504K)], 0.0061650 secs] [Times: user=0.02 sys=0.00, real=0.00 secs] 
25.768: Total time for which application threads were stopped: 0.0063420 seconds, Stopping threads took: 0.0000880 seconds
26.262: Application time: 0.4933280 seconds
26.262: [Full GC [PSYoungGen: 40336K->0K(47104K)] [ParOldGen: 76003K->76668K(107520K)] 116339K->76668K(154624K) [PSPermGen: 5148K->5148K(21504K)], 0.0060140 secs] [Times: user=0.02 sys=0.00, real=0.00 secs] 
26.268: Total time for which application threads were stopped: 0.0061980 seconds, Stopping threads took: 0.0000590 seconds
26.788: Application time: 0.5199790 seconds
26.788: [Full GC [PSYoungGen: 40360K->0K(47104K)] [ParOldGen: 76668K->75410K(107520K)] 117029K->75410K(154624K) [PSPermGen: 5148K->5148K(21504K)], 0.0061170 secs] [Times: user=0.03 sys=0.00, real=0.01 secs] 
26.794: Total time for which application threads were stopped: 0.0062850 seconds, Stopping threads took: 0.0000690 seconds
27.260: Application time: 0.4661970 seconds
27.260: [Full GC [PSYoungGen: 40336K->0K(47104K)] [ParOldGen: 75410K->76273K(107520K)] 115747K->76273K(154624K) [PSPermGen: 5149K->5149K(21504K)], 0.0061220 secs] [Times: user=0.03 sys=0.00, real=0.01 secs] 
27.266: Total time for which application threads were stopped: 0.0062900 seconds, Stopping threads took: 0.0000790 seconds
27.720: Application time: 0.4539470 seconds
27.721: [Full GC [PSYoungGen: 40414K->0K(47104K)] [ParOldGen: 76273K->76273K(107520K)] 116688K->76273K(154624K) [PSPermGen: 5150K->5150K(21504K)], 0.0063060 secs] [Times: user=0.03 sys=0.00, real=0.01 secs] 
27.727: Total time for which application threads were stopped: 0.0064830 seconds, Stopping threads took: 0.0000800 seconds
28.233: Application time: 0.5060150 seconds
28.233: [Full GC [PSYoungGen: 40438K->0K(47104K)] [ParOldGen: 76273K->75806K(107520K)] 116711K->75806K(154624K) [PSPermGen: 5150K->5150K(21504K)], 0.0063850 secs] [Times: user=0.03 sys=0.00, real=0.01 secs] 
28.240: Total time for which application threads were stopped: 0.0065810 seconds, Stopping threads took: 0.0000940 seconds
28.725: Application time: 0.4852850 seconds
28.725: [Full GC [PSYoungGen: 40389K->0K(47104K)] [ParOldGen: 75806K->76202K(107520K)] 116196K->76202K(154624K) [PSPermGen: 5150K->5150K(21504K)], 0.0062190 secs] [Times: user=0.03 sys=0.00, real=0.00 secs] 
28.731: Total time for which application threads were stopped: 0.0063810 seconds, Stopping threads took: 0.0000750 seconds
29.234: Application time: 0.5024510 seconds
29.234: [Full GC [PSYoungGen: 40414K->0K(47104K)] [ParOldGen: 76202K->76202K(107520K)] 116617K->76202K(154624K) [PSPermGen: 5150K->5150K(21504K)], 0.0061840 secs] [Times: user=0.03 sys=0.00, real=0.00 secs] 
29.240: Total time for which application threads were stopped: 0.0063720 seconds, Stopping threads took: 0.0000870 seconds
29.747: Application time: 0.5070560 seconds
29.747: Total time for which application threads were stopped: 0.0000890 seconds, Stopping threads took: 0.0000590 seconds
29.748: Application time: 0.0009830 seconds
29.748: [Full GC [PSYoungGen: 40417K->0K(47104K)] [ParOldGen: 76472K->76203K(107520K)] 116889K->76203K(154624K) [PSPermGen: 5150K->5150K(21504K)], 0.0062440 secs] [Times: user=0.03 sys=0.00, real=0.01 secs] 
29.755: Total time for which application threads were stopped: 0.0063710 seconds, Stopping threads took: 0.0000480 seconds
30.309: Application time: 0.5544080 seconds
30.309: [Full GC [PSYoungGen: 40448K->0K(47104K)] [ParOldGen: 82091K->75807K(107520K)] 122539K->75807K(154624K) [PSPermGen: 5151K->5151K(21504K)], 0.0061250 secs] [Times: user=0.03 sys=0.00, real=0.01 secs] 
30.315: Total time for which application threads were stopped: 0.0063030 seconds, Stopping threads took: 0.0000770 seconds
30.759: Application time: 0.4436150 seconds
30.759: Total time for which application threads were stopped: 0.0000860 seconds, Stopping threads took: 0.0000600 seconds
30.759: Application time: 0.0001830 seconds
30.759: [Full GC [PSYoungGen: 40373K->0K(47104K)] [ParOldGen: 75942K->76203K(107520K)] 116316K->76203K(154624K) [PSPermGen: 5151K->5151K(21504K)], 0.0061130 secs] [Times: user=0.03 sys=0.00, real=0.01 secs] 
30.765: Total time for which application threads were stopped: 0.0062570 seconds, Stopping threads took: 0.0000590 seconds
31.313: Application time: 0.5478770 seconds
31.313: [Full GC [PSYoungGen: 40448K->0K(47104K)] [ParOldGen: 81037K->75808K(107520K)] 121485K->75808K(154624K) [PSPermGen: 5151K->5151K(21504K)], 0.0061330 secs] [Times: user=0.03 sys=0.00, real=0.01 secs] 
31.320: Total time for which application threads were stopped: 0.0063360 seconds, Stopping threads took: 0.0001000 seconds
31.812: Application time: 0.4923880 seconds
31.812: [Full GC [PSYoungGen: 40210K->0K(47104K)] [ParOldGen: 75808K->76006K(107520K)] 116018K->76006K(154624K) [PSPermGen: 5151K->5151K(21504K)], 0.0060610 secs] [Times: user=0.03 sys=0.00, real=0.01 secs] 
31.818: Total time for which application threads were stopped: 0.0062350 seconds, Stopping threads took: 0.0000830 seconds
32.304: Application time: 0.4853580 seconds
32.304: [Full GC [PSYoungGen: 40275K->0K(47104K)] [ParOldGen: 76006K->76204K(107520K)] 116281K->76204K(154624K) [PSPermGen: 5151K->5151K(21504K)], 0.0058930 secs] [Times: user=0.02 sys=0.00, real=0.00 secs] 
32.310: Total time for which application threads were stopped: 0.0060820 seconds, Stopping threads took: 0.0000700 seconds
32.831: Application time: 0.5216140 seconds
32.831: [Full GC [PSYoungGen: 40413K->0K(47104K)] [ParOldGen: 76204K->76205K(107520K)] 116618K->76205K(154624K) [PSPermGen: 5151K->5151K(21504K)], 0.0062340 secs] [Times: user=0.03 sys=0.00, real=0.01 secs] 
32.838: Total time for which application threads were stopped: 0.0064140 seconds, Stopping threads took: 0.0000850 seconds
33.319: Application time: 0.4807980 seconds
33.319: [Full GC [PSYoungGen: 40416K->0K(47104K)] [ParOldGen: 76205K->75747K(107520K)] 116621K->75747K(154624K) [PSPermGen: 5151K->5151K(21504K)], 0.0062270 secs] [Times: user=0.03 sys=0.00, real=0.01 secs] 
33.325: Total time for which application threads were stopped: 0.0063960 seconds, Stopping threads took: 0.0000770 seconds
33.780: Application time: 0.4551900 seconds
33.780: [Full GC [PSYoungGen: 40274K->0K(47104K)] [ParOldGen: 75747K->76403K(107520K)] 116022K->76403K(154624K) [PSPermGen: 5151K->5151K(21504K)], 0.0062720 secs] [Times: user=0.03 sys=0.00, real=0.01 secs] 
33.787: Total time for which application threads were stopped: 0.0064730 seconds, Stopping threads took: 0.0001020 seconds
34.290: Application time: 0.5032580 seconds
34.290: [Full GC [PSYoungGen: 40261K->0K(47104K)] [ParOldGen: 76403K->76205K(107520K)] 116664K->76205K(154624K) [PSPermGen: 5151K->5151K(21504K)], 0.0062620 secs] [Times: user=0.03 sys=0.00, real=0.01 secs] 
34.296: Total time for which application threads were stopped: 0.0064630 seconds, Stopping threads took: 0.0001010 seconds
34.775: Application time: 0.4786640 seconds
34.775: [Full GC [PSYoungGen: 40434K->0K(47104K)] [ParOldGen: 76205K->75810K(107520K)] 116640K->75810K(154624K) [PSPermGen: 5151K->5151K(21504K)], 0.0060740 secs] [Times: user=0.03 sys=0.00, real=0.00 secs] 
34.781: Total time for which application threads were stopped: 0.0062610 seconds, Stopping threads took: 0.0000890 seconds
35.292: Application time: 0.5111360 seconds
35.292: [Full GC [PSYoungGen: 40415K->0K(47104K)] [ParOldGen: 75810K->75810K(107520K)] 116226K->75810K(154624K) [PSPermGen: 5151K->5151K(21504K)], 0.0062510 secs] [Times: user=0.03 sys=0.00, real=0.01 secs] 
35.299: Total time for which application threads were stopped: 0.0064280 seconds, Stopping threads took: 0.0000790 seconds
35.782: Application time: 0.4834350 seconds
35.782: [Full GC [PSYoungGen: 40404K->0K(47104K)] [ParOldGen: 75810K->76143K(107520K)] 116215K->76143K(154624K) [PSPermGen: 5151K->5151K(21504K)], 0.0064090 secs] [Times: user=0.03 sys=0.00, real=0.00 secs] 
35.789: Total time for which application threads were stopped: 0.0065800 seconds, Stopping threads took: 0.0000830 seconds
36.262: Application time: 0.4735730 seconds
36.263: [Full GC [PSYoungGen: 40352K->0K(47104K)] [ParOldGen: 76143K->76081K(107520K)] 116496K->76081K(154624K) [PSPermGen: 5151K->5151K(21504K)], 0.0063790 secs] [Times: user=0.03 sys=0.00, real=0.00 secs] 
36.269: Total time for which application threads were stopped: 0.0065510 seconds, Stopping threads took: 0.0000730 seconds
36.746: Application time: 0.4765820 seconds
36.746: [Full GC [PSYoungGen: 40342K->0K(47104K)] [ParOldGen: 76081K->76476K(107520K)] 116423K->76476K(154624K) [PSPermGen: 5151K->5151K(21504K)], 0.0062850 secs] [Times: user=0.03 sys=0.00, real=0.00 secs] 
36.752: Total time for which application threads were stopped: 0.0064610 seconds, Stopping threads took: 0.0000870 seconds
37.246: Application time: 0.4939180 seconds
37.246: [Full GC [PSYoungGen: 40413K->0K(47104K)] [ParOldGen: 76476K->76342K(107520K)] 116890K->76342K(154624K) [PSPermGen: 5152K->5152K(21504K)], 0.0061430 secs] [Times: user=0.03 sys=0.00, real=0.00 secs] 
37.252: Total time for which application threads were stopped: 0.0063130 seconds, Stopping threads took: 0.0000710 seconds
37.759: Application time: 0.5070490 seconds
37.759: [Full GC [PSYoungGen: 40415K->0K(47104K)] [ParOldGen: 76342K->76342K(107520K)] 116757K->76342K(154624K) [PSPermGen: 5152K->5152K(21504K)], 0.0063150 secs] [Times: user=0.03 sys=0.00, real=0.01 secs] 
37.766: Total time for which application threads were stopped: 0.0065050 seconds, Stopping threads took: 0.0000870 seconds
38.259: Application time: 0.4937200 seconds
38.260: [Full GC [PSYoungGen: 40346K->0K(47104K)] [ParOldGen: 76342K->76405K(107520K)] 116688K->76405K(154624K) [PSPermGen: 5155K->5155K(21504K)], 0.0062570 secs] [Times: user=0.03 sys=0.00, real=0.01 secs] 
38.266: Total time for which application threads were stopped: 0.0064380 seconds, Stopping threads took: 0.0000840 seconds
38.774: Application time: 0.5083830 seconds
38.774: [Full GC [PSYoungGen: 40224K->0K(47104K)] [ParOldGen: 76405K->75417K(107520K)] 116630K->75417K(154624K) [PSPermGen: 5155K->5155K(21504K)], 0.0060190 secs] [Times: user=0.02 sys=0.00, real=0.00 secs] 
38.781: Total time for which application threads were stopped: 0.0061940 seconds, Stopping threads took: 0.0000780 seconds
39.221: Application time: 0.4399930 seconds
39.221: [Full GC [PSYoungGen: 40303K->0K(47104K)] [ParOldGen: 75417K->76010K(107520K)] 115720K->76010K(154624K) [PSPermGen: 5155K->5155K(21504K)], 0.0062540 secs] [Times: user=0.03 sys=0.00, real=0.01 secs] 
39.227: Total time for which application threads were stopped: 0.0064150 seconds, Stopping threads took: 0.0000750 seconds
39.721: Application time: 0.4936350 seconds
39.721: Total time for which application threads were stopped: 0.0001160 seconds, Stopping threads took: 0.0000840 seconds
39.722: Application time: 0.0009450 seconds
39.722: [Full GC [PSYoungGen: 40389K->0K(47104K)] [ParOldGen: 76415K->75813K(107520K)] 116804K->75813K(154624K) [PSPermGen: 5155K->5155K(21504K)], 0.0063220 secs] [Times: user=0.03 sys=0.00, real=0.00 secs] 
39.728: Total time for which application threads were stopped: 0.0064790 seconds, Stopping threads took: 0.0000630 seconds
40.274: Application time: 0.5455230 seconds
40.274: [Full GC [PSYoungGen: 40448K->0K(47104K)] [ParOldGen: 79910K->76036K(107520K)] 120358K->76036K(154624K) [PSPermGen: 5155K->5155K(21504K)], 0.0064480 secs] [Times: user=0.03 sys=0.00, real=0.00 secs] 
40.280: Total time for which application threads were stopped: 0.0066150 seconds, Stopping threads took: 0.0000700 seconds
40.764: Application time: 0.4835060 seconds
40.764: [Full GC [PSYoungGen: 40427K->0K(47104K)] [ParOldGen: 76036K->76011K(107520K)] 116463K->76011K(154624K) [PSPermGen: 5156K->5156K(21504K)], 0.0062400 secs] [Times: user=0.03 sys=0.00, real=0.00 secs] 
40.770: Total time for which application threads were stopped: 0.0063910 seconds, Stopping threads took: 0.0000640 seconds
41.294: Application time: 0.5235480 seconds
41.294: [Full GC [PSYoungGen: 40415K->0K(47104K)] [ParOldGen: 76011K->76011K(107520K)] 116426K->76011K(154624K) [PSPermGen: 5156K->5156K(21504K)], 0.0060220 secs] [Times: user=0.03 sys=0.00, real=0.00 secs] 
41.300: Total time for which application threads were stopped: 0.0061900 seconds, Stopping threads took: 0.0000700 seconds
41.765: Application time: 0.4653270 seconds
41.765: [Full GC [PSYoungGen: 40344K->0K(47104K)] [ParOldGen: 76011K->76083K(107520K)] 116355K->76083K(154624K) [PSPermGen: 5157K->5157K(21504K)], 0.0060810 secs] [Times: user=0.03 sys=0.00, real=0.00 secs] 
41.771: Total time for which application threads were stopped: 0.0062550 seconds, Stopping threads took: 0.0000830 seconds
42.244: Application time: 0.4726500 seconds
42.244: [Full GC [PSYoungGen: 40344K->0K(47104K)] [ParOldGen: 76083K->76012K(107520K)] 116427K->76012K(154624K) [PSPermGen: 5157K->5157K(21504K)], 0.0063720 secs] [Times: user=0.03 sys=0.00, real=0.00 secs] 
42.251: Total time for which application threads were stopped: 0.0065760 seconds, Stopping threads took: 0.0000810 seconds
42.731: Application time: 0.4801010 seconds
42.731: Total time for which application threads were stopped: 0.0000920 seconds, Stopping threads took: 0.0000720 seconds
42.732: Application time: 0.0008480 seconds
42.732: [Full GC [PSYoungGen: 40421K->0K(47104K)] [ParOldGen: 76146K->75814K(107520K)] 116568K->75814K(154624K) [PSPermGen: 5157K->5157K(21504K)], 0.0060290 secs] [Times: user=0.02 sys=0.00, real=0.01 secs] 
42.738: Total time for which application threads were stopped: 0.0061560 seconds, Stopping threads took: 0.0000440 seconds
43.315: Application time: 0.5774130 seconds
43.315: [Full GC [PSYoungGen: 40448K->0K(47104K)] [ParOldGen: 83123K->76084K(107520K)] 123571K->76084K(154624K) [PSPermGen: 5157K->5157K(21504K)], 0.0061620 secs] [Times: user=0.03 sys=0.00, real=0.01 secs] 
43.322: Total time for which application threads were stopped: 0.0063480 seconds, Stopping threads took: 0.0000880 seconds
43.797: Application time: 0.4748830 seconds
43.797: [Full GC [PSYoungGen: 40416K->0K(47104K)] [ParOldGen: 76084K->76084K(107520K)] 116500K->76084K(154624K) [PSPermGen: 5157K->5157K(21504K)], 0.0060000 secs] [Times: user=0.03 sys=0.00, real=0.01 secs] 
43.803: Total time for which application threads were stopped: 0.0061750 seconds, Stopping threads took: 0.0000830 seconds
44.328: Application time: 0.5257230 seconds
44.329: Total time for which application threads were stopped: 0.0001140 seconds, Stopping threads took: 0.0000780 seconds
44.329: Application time: 0.0001770 seconds
44.329: [Full GC [PSYoungGen: 40417K->0K(47104K)] [ParOldGen: 76488K->75815K(107520K)] 116905K->75815K(154624K) [PSPermGen: 5157K->5157K(21504K)], 0.0060750 secs] [Times: user=0.03 sys=0.00, real=0.01 secs] 
44.335: Total time for which application threads were stopped: 0.0061900 seconds, Stopping threads took: 0.0000370 seconds
44.906: Application time: 0.5707930 seconds
44.906: [Full GC [PSYoungGen: 40448K->0K(47104K)] [ParOldGen: 82036K->75752K(107520K)] 122484K->75752K(154624K) [PSPermGen: 5157K->5157K(21504K)], 0.0060780 secs] [Times: user=0.03 sys=0.00, real=0.00 secs] 
44.912: Total time for which application threads were stopped: 0.0062690 seconds, Stopping threads took: 0.0000820 seconds
45.389: Application time: 0.4774030 seconds
45.390: [Full GC [PSYoungGen: 40346K->0K(47104K)] [ParOldGen: 75752K->75816K(107520K)] 116099K->75816K(154624K) [PSPermGen: 5157K->5157K(21504K)], 0.0062440 secs] [Times: user=0.03 sys=0.01, real=0.01 secs] 
45.396: Total time for which application threads were stopped: 0.0064240 seconds, Stopping threads took: 0.0000880 seconds
45.853: Application time: 0.4569780 seconds
45.853: [Full GC [PSYoungGen: 40220K->0K(47104K)] [ParOldGen: 75816K->75420K(107520K)] 116036K->75420K(154624K) [PSPermGen: 5157K->5157K(21504K)], 0.0063190 secs] [Times: user=0.03 sys=0.00, real=0.01 secs] 
45.859: Total time for which application threads were stopped: 0.0065030 seconds, Stopping threads took: 0.0000860 seconds
46.341: Application time: 0.4818360 seconds
46.341: [Full GC [PSYoungGen: 40339K->0K(47104K)] [ParOldGen: 75420K->75816K(107520K)] 115760K->75816K(154624K) [PSPermGen: 5158K->5158K(21504K)], 0.0062380 secs] [Times: user=0.03 sys=0.00, real=0.01 secs] 
46.348: Total time for which application threads were stopped: 0.0064170 seconds, Stopping threads took: 0.0000860 seconds
46.826: Application time: 0.4787760 seconds
46.826: [Full GC [PSYoungGen: 40412K->0K(47104K)] [ParOldGen: 75816K->76086K(107520K)] 116228K->76086K(154624K) [PSPermGen: 5158K->5158K(21504K)], 0.0060600 secs] [Times: user=0.03 sys=0.00, real=0.00 secs] 
46.833: Total time for which application threads were stopped: 0.0062410 seconds, Stopping threads took: 0.0000840 seconds
47.351: Application time: 0.5180450 seconds
47.351: Total time for which application threads were stopped: 0.0000910 seconds, Stopping threads took: 0.0000630 seconds
47.354: Application time: 0.0029290 seconds
47.354: [Full GC [PSYoungGen: 40352K->0K(47104K)] [ParOldGen: 76490K->75816K(107520K)] 116843K->75816K(154624K) [PSPermGen: 5158K->5158K(21504K)], 0.0059290 secs] [Times: user=0.03 sys=0.00, real=0.00 secs] 
47.360: Total time for which application threads were stopped: 0.0060670 seconds, Stopping threads took: 0.0000530 seconds
47.919: Application time: 0.5593290 seconds
47.919: [Full GC [PSYoungGen: 40448K->0K(47104K)] [ParOldGen: 82237K->76086K(107520K)] 122685K->76086K(154624K) [PSPermGen: 5158K->5158K(21504K)], 0.0061110 secs] [Times: user=0.03 sys=0.00, real=0.01 secs] 
47.925: Total time for which application threads were stopped: 0.0063010 seconds, Stopping threads took: 0.0000920 seconds
48.414: Application time: 0.4882360 seconds
48.414: Total time for which application threads were stopped: 0.0001110 seconds, Stopping threads took: 0.0000860 seconds
48.414: Application time: 0.0003170 seconds
48.414: [Full GC [PSYoungGen: 40417K->0K(47104K)] [ParOldGen: 76221K->76014K(107520K)] 116639K->76014K(154624K) [PSPermGen: 5158K->5158K(21504K)], 0.0061930 secs] [Times: user=0.03 sys=0.00, real=0.00 secs] 
48.420: Total time for which application threads were stopped: 0.0063240 seconds, Stopping threads took: 0.0000490 seconds
48.964: Application time: 0.5436180 seconds
48.964: [Full GC [PSYoungGen: 40448K->0K(47104K)] [ParOldGen: 81347K->76213K(107520K)] 121795K->76213K(154624K) [PSPermGen: 5158K->5158K(21504K)], 0.0062580 secs] [Times: user=0.03 sys=0.00, real=0.00 secs] 
48.970: Total time for which application threads were stopped: 0.0064440 seconds, Stopping threads took: 0.0000880 seconds
49.453: Application time: 0.4827750 seconds
49.453: [Full GC [PSYoungGen: 40426K->0K(47104K)] [ParOldGen: 76213K->75620K(107520K)] 116639K->75620K(154624K) [PSPermGen: 5158K->5158K(21504K)], 0.0059370 secs] [Times: user=0.03 sys=0.00, real=0.01 secs] 
49.459: Total time for which application threads were stopped: 0.0061090 seconds, Stopping threads took: 0.0000820 seconds
49.931: Application time: 0.4718500 seconds
49.931: [Full GC [PSYoungGen: 40342K->0K(47104K)] [ParOldGen: 75620K->76015K(107520K)] 115962K->76015K(154624K) [PSPermGen: 5158K->5158K(21504K)], 0.0058760 secs] [Times: user=0.02 sys=0.00, real=0.01 secs] 
49.937: Total time for which application threads were stopped: 0.0060520 seconds, Stopping threads took: 0.0000790 seconds
50.412: Application time: 0.4746980 seconds
50.412: [Full GC [PSYoungGen: 40411K->0K(47104K)] [ParOldGen: 76015K->76285K(107520K)] 116427K->76285K(154624K) [PSPermGen: 5158K->5158K(21504K)], 0.0062230 secs] [Times: user=0.03 sys=0.00, real=0.01 secs] 
50.418: Total time for which application threads were stopped: 0.0064280 seconds, Stopping threads took: 0.0001120 seconds
50.942: Application time: 0.5232880 seconds
50.942: [Full GC [PSYoungGen: 40348K->0K(47104K)] [ParOldGen: 76285K->75620K(107520K)] 116634K->75620K(154624K) [PSPermGen: 5158K->5158K(21504K)], 0.0061870 secs] [Times: user=0.03 sys=0.00, real=0.00 secs] 
50.948: Total time for which application threads were stopped: 0.0063610 seconds, Stopping threads took: 0.0000760 seconds
51.406: Application time: 0.4583290 seconds
51.406: [Full GC [PSYoungGen: 40408K->0K(47104K)] [ParOldGen: 75620K->75953K(107520K)] 116029K->75953K(154624K) [PSPermGen: 5158K->5158K(21504K)], 0.0064820 secs] [Times: user=0.03 sys=0.00, real=0.00 secs] 
51.413: Total time for which application threads were stopped: 0.0066430 seconds, Stopping threads took: 0.0000740 seconds
51.915: Application time: 0.5024620 seconds
51.916: Total time for which application threads were stopped: 0.0001060 seconds, Stopping threads took: 0.0000750 seconds
51.916: Application time: 0.0002720 seconds
51.916: [Full GC [PSYoungGen: 40423K->0K(47104K)] [ParOldGen: 76017K->75818K(107520K)] 116441K->75818K(154624K) [PSPermGen: 5158K->5158K(21504K)], 0.0061450 secs] [Times: user=0.03 sys=0.00, real=0.01 secs] 
51.922: Total time for which application threads were stopped: 0.0062650 seconds, Stopping threads took: 0.0000380 seconds
52.463: Application time: 0.5413120 seconds
52.464: Total time for which application threads were stopped: 0.0001130 seconds, Stopping threads took: 0.0000820 seconds
52.465: Application time: 0.0015740 seconds
52.465: [Full GC [PSYoungGen: 40448K->0K(47104K)] [ParOldGen: 80991K->75423K(107520K)] 121439K->75423K(154624K) [PSPermGen: 5158K->5158K(21504K)], 0.0061510 secs] [Times: user=0.03 sys=0.00, real=0.00 secs] 
52.471: Total time for which application threads were stopped: 0.0062810 seconds, Stopping threads took: 0.0000470 seconds
52.976: Application time: 0.5044860 seconds
52.976: Total time for which application threads were stopped: 0.0001000 seconds, Stopping threads took: 0.0000680 seconds
52.977: Application time: 0.0013130 seconds
52.977: [Full GC [PSYoungGen: 40447K->0K(47104K)] [ParOldGen: 80240K->76008K(107520K)] 120688K->76008K(154624K) [PSPermGen: 5158K->5158K(21504K)], 0.0058820 secs] [Times: user=0.02 sys=0.00, real=0.01 secs] 
52.983: Total time for which application threads were stopped: 0.0060030 seconds, Stopping threads took: 0.0000350 seconds
53.548: Application time: 0.5649780 seconds
53.548: [Full GC [PSYoungGen: 40448K->0K(47104K)] [ParOldGen: 78000K->75844K(107520K)] 118448K->75844K(154624K) [PSPermGen: 5158K->5158K(21504K)], 0.0061820 secs] [Times: user=0.03 sys=0.00, real=0.01 secs] 
53.555: Total time for which application threads were stopped: 0.0063710 seconds, Stopping threads took: 0.0000940 seconds
54.026: Application time: 0.4717690 seconds
54.027: [Full GC [PSYoungGen: 40361K->0K(47104K)] [ParOldGen: 75844K->76089K(107520K)] 116205K->76089K(154624K) [PSPermGen: 5158K->5158K(21504K)], 0.0060780 secs] [Times: user=0.03 sys=0.00, real=0.00 secs] 
54.033: Total time for which application threads were stopped: 0.0062520 seconds, Stopping threads took: 0.0000820 seconds
54.572: Application time: 0.5393190 seconds
54.572: Total time for which application threads were stopped: 0.0000970 seconds, Stopping threads took: 0.0000680 seconds
54.573: Application time: 0.0005730 seconds
54.573: [Full GC [PSYoungGen: 40353K->0K(47104K)] [ParOldGen: 76494K->75820K(107520K)] 116847K->75820K(154624K) [PSPermGen: 5158K->5158K(21504K)], 0.0061190 secs] [Times: user=0.02 sys=0.00, real=0.01 secs] 
54.579: Total time for which application threads were stopped: 0.0062490 seconds, Stopping threads took: 0.0000500 seconds
55.112: Application time: 0.5328960 seconds
55.112: [Full GC [PSYoungGen: 40448K->0K(47104K)] [ParOldGen: 80947K->76215K(107520K)] 121395K->76215K(154624K) [PSPermGen: 5158K->5158K(21504K)], 0.0062100 secs] [Times: user=0.03 sys=0.00, real=0.01 secs] 
55.118: Total time for which application threads were stopped: 0.0063790 seconds, Stopping threads took: 0.0000710 seconds
55.616: Application time: 0.4981120 seconds
55.616: [Full GC [PSYoungGen: 40218K->0K(47104K)] [ParOldGen: 76215K->75820K(107520K)] 116433K->75820K(154624K) [PSPermGen: 5158K->5158K(21504K)], 0.0062400 secs] [Times: user=0.02 sys=0.00, real=0.01 secs] 
55.623: Total time for which application threads were stopped: 0.0064200 seconds, Stopping threads took: 0.0000820 seconds
56.080: Application time: 0.4570560 seconds
56.080: [Full GC [PSYoungGen: 40443K->0K(47104K)] [ParOldGen: 75820K->75607K(107520K)] 116264K->75607K(154624K) [PSPermGen: 5158K->5158K(21504K)], 0.0063010 secs] [Times: user=0.03 sys=0.00, real=0.01 secs] 
56.086: Total time for which application threads were stopped: 0.0064600 seconds, Stopping threads took: 0.0000700 seconds
56.568: Application time: 0.4816730 seconds
56.568: [Full GC [PSYoungGen: 40443K->0K(47104K)] [ParOldGen: 75607K->76020K(107520K)] 116051K->76020K(154624K) [PSPermGen: 5158K->5158K(21504K)], 0.0059910 secs] [Times: user=0.03 sys=0.00, real=0.01 secs] 
56.574: Total time for which application threads were stopped: 0.0061620 seconds, Stopping threads took: 0.0000740 seconds
57.073: Application time: 0.4988170 seconds
57.073: [Full GC [PSYoungGen: 40217K->0K(47104K)] [ParOldGen: 76020K->76018K(107520K)] 116237K->76018K(154624K) [PSPermGen: 5158K->5158K(21504K)], 0.0061070 secs] [Times: user=0.03 sys=0.00, real=0.01 secs] 
57.079: Total time for which application threads were stopped: 0.0062780 seconds, Stopping threads took: 0.0000740 seconds
57.569: Application time: 0.4894010 seconds
57.569: [Full GC [PSYoungGen: 40404K->0K(47104K)] [ParOldGen: 76018K->76154K(107520K)] 116423K->76154K(154624K) [PSPermGen: 5158K->5158K(21504K)], 0.0062750 secs] [Times: user=0.03 sys=0.00, real=0.01 secs] 
57.575: Total time for which application threads were stopped: 0.0064350 seconds, Stopping threads took: 0.0000710 seconds
58.059: Application time: 0.4840200 seconds
58.061: Total time for which application threads were stopped: 0.0017570 seconds, Stopping threads took: 0.0017310 seconds
58.061: Application time: 0.0000560 seconds
58.061: [Full GC [PSYoungGen: 40297K->0K(47104K)] [ParOldGen: 76423K->74887K(107520K)] 116721K->74887K(154624K) [PSPermGen: 5158K->5158K(21504K)], 0.0059510 secs] [Times: user=0.03 sys=0.00, real=0.01 secs] 
58.067: Total time for which application threads were stopped: 0.0060900 seconds, Stopping threads took: 0.0000600 seconds
58.610: Application time: 0.5434010 seconds
58.610: Total time for which application threads were stopped: 0.0001050 seconds, Stopping threads took: 0.0000740 seconds
58.612: Application time: 0.0019210 seconds
58.612: [Full GC [PSYoungGen: 40448K->0K(47104K)] [ParOldGen: 78099K->75408K(107520K)] 118547K->75408K(154624K) [PSPermGen: 5158K->5158K(21504K)], 0.0060310 secs] [Times: user=0.03 sys=0.00, real=0.01 secs] 
58.619: Total time for which application threads were stopped: 0.0061490 seconds, Stopping threads took: 0.0000350 seconds
59.206: Application time: 0.5877790 seconds
59.206: Total time for which application threads were stopped: 0.0001080 seconds, Stopping threads took: 0.0000760 seconds
59.207: Application time: 0.0009550 seconds
59.207: [Full GC [PSYoungGen: 40448K->0K(47104K)] [ParOldGen: 83938K->75822K(107520K)] 124386K->75822K(154624K) [PSPermGen: 5158K->5158K(21504K)], 0.0060010 secs] [Times: user=0.03 sys=0.00, real=0.00 secs] 
59.214: Total time for which application threads were stopped: 0.0061320 seconds, Stopping threads took: 0.0000480 seconds
59.672: Application time: 0.4589130 seconds
59.673: [Full GC [PSYoungGen: 40448K->0K(47104K)] [ParOldGen: 76505K->75625K(107520K)] 116953K->75625K(154624K) [PSPermGen: 5158K->5158K(21504K)], 0.0062420 secs] [Times: user=0.03 sys=0.01, real=0.01 secs] 
59.679: Total time for which application threads were stopped: 0.0064110 seconds, Stopping threads took: 0.0000730 seconds
60.158: Application time: 0.4793870 seconds
60.158: Total time for which application threads were stopped: 0.0001100 seconds, Stopping threads took: 0.0000770 seconds
60.159: Application time: 0.0005760 seconds
60.159: [Full GC [PSYoungGen: 40442K->0K(47104K)] [ParOldGen: 75767K->75625K(107520K)] 116209K->75625K(154624K) [PSPermGen: 5158K->5158K(21504K)], 0.0059860 secs] [Times: user=0.03 sys=0.00, real=0.01 secs] 
60.165: Total time for which application threads were stopped: 0.0061290 seconds, Stopping threads took: 0.0000570 seconds
60.699: Application time: 0.5336670 seconds
60.699: [Full GC [PSYoungGen: 40448K->0K(47104K)] [ParOldGen: 77883K->75848K(107520K)] 118331K->75848K(154624K) [PSPermGen: 5158K->5158K(21504K)], 0.0062920 secs] [Times: user=0.03 sys=0.00, real=0.01 secs] 
60.705: Total time for which application threads were stopped: 0.0064780 seconds, Stopping threads took: 0.0000890 seconds
61.186: Application time: 0.4808720 seconds
61.186: [Full GC [PSYoungGen: 40415K->0K(47104K)] [ParOldGen: 75848K->76218K(107520K)] 116264K->76218K(154624K) [PSPermGen: 5158K->5158K(21504K)], 0.0060290 secs] [Times: user=0.03 sys=0.00, real=0.00 secs] 
61.192: Total time for which application threads were stopped: 0.0062050 seconds, Stopping threads took: 0.0000880 seconds
61.696: Application time: 0.5037810 seconds
61.696: [Full GC [PSYoungGen: 40414K->0K(47104K)] [ParOldGen: 76218K->76218K(107520K)] 116632K->76218K(154624K) [PSPermGen: 5158K->5158K(21504K)], 0.0063610 secs] [Times: user=0.03 sys=0.00, real=0.01 secs] 
61.703: Total time for which application threads were stopped: 0.0065300 seconds, Stopping threads took: 0.0000710 seconds
62.190: Application time: 0.4873130 seconds
62.190: [Full GC [PSYoungGen: 40401K->0K(47104K)] [ParOldGen: 76218K->75823K(107520K)] 116620K->75823K(154624K) [PSPermGen: 5158K->5158K(21504K)], 0.0061580 secs] [Times: user=0.02 sys=0.00, real=0.01 secs] 
62.196: Total time for which application threads were stopped: 0.0063510 seconds, Stopping threads took: 0.0001030 seconds
62.655: Application time: 0.4588830 seconds
62.655: [Full GC [PSYoungGen: 40425K->0K(47104K)] [ParOldGen: 75823K->75958K(107520K)] 116249K->75958K(154624K) [PSPermGen: 5158K->5158K(21504K)], 0.0059420 secs] [Times: user=0.03 sys=0.00, real=0.00 secs] 
62.661: Total time for which application threads were stopped: 0.0061170 seconds, Stopping threads took: 0.0000770 seconds
63.158: Application time: 0.4966460 seconds
63.158: Total time for which application threads were stopped: 0.0001130 seconds, Stopping threads took: 0.0000750 seconds
63.159: Application time: 0.0013470 seconds
63.159: [Full GC [PSYoungGen: 40398K->0K(47104K)] [ParOldGen: 76093K->76021K(107520K)] 116492K->76021K(154624K) [PSPermGen: 5158K->5158K(21504K)], 0.0062070 secs] [Times: user=0.03 sys=0.00, real=0.01 secs] 
63.166: Total time for which application threads were stopped: 0.0063350 seconds, Stopping threads took: 0.0000440 seconds
63.723: Application time: 0.5569280 seconds
63.723: [Full GC [PSYoungGen: 40448K->0K(47104K)] [ParOldGen: 82124K->75824K(107520K)] 122572K->75824K(154624K) [PSPermGen: 5158K->5158K(21504K)], 0.0059730 secs] [Times: user=0.03 sys=0.00, real=0.00 secs] 
63.729: Total time for which application threads were stopped: 0.0061600 seconds, Stopping threads took: 0.0000840 seconds
64.213: Application time: 0.4842950 seconds
64.213: [Full GC [PSYoungGen: 40417K->0K(47104K)] [ParOldGen: 75824K->75824K(107520K)] 116242K->75824K(154624K) [PSPermGen: 5158K->5158K(21504K)], 0.0060120 secs] [Times: user=0.03 sys=0.00, real=0.01 secs] 
64.219: Total time for which application threads were stopped: 0.0061900 seconds, Stopping threads took: 0.0000860 seconds
64.722: Application time: 0.5024990 seconds
64.722: [Full GC [PSYoungGen: 40404K->0K(47104K)] [ParOldGen: 75824K->75960K(107520K)] 116228K->75960K(154624K) [PSPermGen: 5158K->5158K(21504K)], 0.0058810 secs] [Times: user=0.03 sys=0.00, real=0.00 secs] 
64.728: Total time for which application threads were stopped: 0.0060620 seconds, Stopping threads took: 0.0000720 seconds
65.210: Application time: 0.4818460 seconds
65.210: [Full GC [PSYoungGen: 40281K->0K(47104K)] [ParOldGen: 75960K->76022K(107520K)] 116241K->76022K(154624K) [PSPermGen: 5158K->5158K(21504K)], 0.0061350 secs] [Times: user=0.03 sys=0.00, real=0.01 secs] 
65.216: Total time for which application threads were stopped: 0.0062990 seconds, Stopping threads took: 0.0000780 seconds
65.681: Application time: 0.4652710 seconds
65.681: Total time for which application threads were stopped: 0.0001090 seconds, Stopping threads took: 0.0000790 seconds
65.681: Application time: 0.0000540 seconds
65.682: [Full GC [PSYoungGen: 40382K->0K(47104K)] [ParOldGen: 76157K->75825K(107520K)] 116540K->75825K(154624K) [PSPermGen: 5158K->5158K(21504K)], 0.0060730 secs] [Times: user=0.03 sys=0.00, real=0.01 secs] 
65.688: Total time for which application threads were stopped: 0.0062230 seconds, Stopping threads took: 0.0000670 seconds
66.238: Application time: 0.5507140 seconds
66.238: [Full GC [PSYoungGen: 40448K->0K(47104K)] [ParOldGen: 81261K->76023K(107520K)] 121709K->76023K(154624K) [PSPermGen: 5158K->5158K(21504K)], 0.0062950 secs] [Times: user=0.03 sys=0.00, real=0.01 secs] 
66.245: Total time for which application threads were stopped: 0.0064700 seconds, Stopping threads took: 0.0000760 seconds
66.743: Application time: 0.4983410 seconds
66.743: [Full GC [PSYoungGen: 40377K->0K(47104K)] [ParOldGen: 76023K->76023K(107520K)] 116400K->76023K(154624K) [PSPermGen: 5158K->5158K(21504K)], 0.0061540 secs] [Times: user=0.03 sys=0.00, real=0.00 secs] 
66.750: Total time for which application threads were stopped: 0.0063350 seconds, Stopping threads took: 0.0000840 seconds
67.247: Application time: 0.4972250 seconds
67.247: [Full GC [PSYoungGen: 40308K->0K(47104K)] [ParOldGen: 76023K->76221K(107520K)] 116332K->76221K(154624K) [PSPermGen: 5158K->5158K(21504K)], 0.0061160 secs] [Times: user=0.02 sys=0.00, real=0.00 secs] 
67.253: Total time for which application threads were stopped: 0.0062880 seconds, Stopping threads took: 0.0000730 seconds
67.748: Application time: 0.4945420 seconds
67.748: [Full GC [PSYoungGen: 40412K->0K(47104K)] [ParOldGen: 76221K->75817K(107520K)] 116634K->75817K(154624K) [PSPermGen: 5158K->5158K(21504K)], 0.0059610 secs] [Times: user=0.03 sys=0.00, real=0.01 secs] 
67.754: Total time for which application threads were stopped: 0.0061280 seconds, Stopping threads took: 0.0000730 seconds
68.234: Application time: 0.4800710 seconds
68.234: [Full GC [PSYoungGen: 40339K->0K(47104K)] [ParOldGen: 75817K->76294K(107520K)] 116156K->76294K(154624K) [PSPermGen: 5158K->5158K(21504K)], 0.0062060 secs] [Times: user=0.03 sys=0.00, real=0.00 secs] 
68.240: Total time for which application threads were stopped: 0.0063660 seconds, Stopping threads took: 0.0000720 seconds
68.700: Application time: 0.4601920 seconds
68.700: [Full GC [PSYoungGen: 40344K->0K(47104K)] [ParOldGen: 76294K->76420K(107520K)] 116639K->76420K(154624K) [PSPermGen: 5158K->5158K(21504K)], 0.0063270 secs] [Times: user=0.03 sys=0.00, real=0.01 secs] 
68.707: Total time for which application threads were stopped: 0.0064930 seconds, Stopping threads took: 0.0000690 seconds
69.217: Application time: 0.5105350 seconds
69.218: [Full GC [PSYoungGen: 40394K->0K(47104K)] [ParOldGen: 76420K->76159K(107520K)] 116814K->76159K(154624K) [PSPermGen: 5158K->5158K(21504K)], 0.0062650 secs] [Times: user=0.03 sys=0.00, real=0.01 secs] 
69.224: Total time for which application threads were stopped: 0.0064430 seconds, Stopping threads took: 0.0000770 seconds
69.701: Application time: 0.4776180 seconds
69.702: Total time for which application threads were stopped: 0.0000880 seconds, Stopping threads took: 0.0000650 seconds
69.702: Application time: 0.0000370 seconds
69.702: [Full GC [PSYoungGen: 40294K->0K(47104K)] [ParOldGen: 76429K->76088K(107520K)] 116723K->76088K(154624K) [PSPermGen: 5158K->5158K(21504K)], 0.0062250 secs] [Times: user=0.03 sys=0.00, real=0.00 secs] 
69.708: Total time for which application threads were stopped: 0.0063850 seconds, Stopping threads took: 0.0000700 seconds
70.280: Application time: 0.5720870 seconds
70.280: [Full GC [PSYoungGen: 40448K->0K(47104K)] [ParOldGen: 81350K->75457K(107520K)] 121798K->75457K(154624K) [PSPermGen: 5158K->5158K(21504K)], 0.0056870 secs] [Times: user=0.02 sys=0.00, real=0.01 secs] 
70.286: Total time for which application threads were stopped: 0.0058720 seconds, Stopping threads took: 0.0000840 seconds
70.774: Application time: 0.4878340 seconds
70.774: [Full GC [PSYoungGen: 40420K->0K(47104K)] [ParOldGen: 75457K->75819K(107520K)] 115877K->75819K(154624K) [PSPermGen: 5158K->5158K(21504K)], 0.0061190 secs] [Times: user=0.03 sys=0.00, real=0.00 secs] 
70.780: Total time for which application threads were stopped: 0.0062750 seconds, Stopping threads took: 0.0000680 seconds
71.279: Application time: 0.4989680 seconds
71.279: [Full GC [PSYoungGen: 40414K->0K(47104K)] [ParOldGen: 75819K->76025K(107520K)] 116233K->76025K(154624K) [PSPermGen: 5158K->5158K(21504K)], 0.0061410 secs] [Times: user=0.03 sys=0.00, real=0.01 secs] 
71.285: Total time for which application threads were stopped: 0.0063080 seconds, Stopping threads took: 0.0000700 seconds
71.744: Application time: 0.4591290 seconds
71.745: [Full GC [PSYoungGen: 40440K->0K(47104K)] [ParOldGen: 76025K->75963K(107520K)] 116466K->75963K(154624K) [PSPermGen: 5158K->5158K(21504K)], 0.0060280 secs] [Times: user=0.03 sys=0.00, real=0.00 secs] 
71.751: Total time for which application threads were stopped: 0.0061980 seconds, Stopping threads took: 0.0000790 seconds
72.241: Application time: 0.4905660 seconds
72.241: [Full GC [PSYoungGen: 40252K->0K(47104K)] [ParOldGen: 75963K->75630K(107520K)] 116215K->75630K(154624K) [PSPermGen: 5158K->5158K(21504K)], 0.0060520 secs] [Times: user=0.03 sys=0.00, real=0.01 secs] 
72.247: Total time for which application threads were stopped: 0.0062220 seconds, Stopping threads took: 0.0000740 seconds
72.722: Application time: 0.4749590 seconds
72.723: [Full GC [PSYoungGen: 40377K->0K(47104K)] [ParOldGen: 75630K->75828K(107520K)] 116008K->75828K(154624K) [PSPermGen: 5158K->5158K(21504K)], 0.0059610 secs] [Times: user=0.03 sys=0.00, real=0.00 secs] 
72.729: Total time for which application threads were stopped: 0.0061390 seconds, Stopping threads took: 0.0000880 seconds
73.236: Application time: 0.5073010 seconds
73.236: [Full GC [PSYoungGen: 40442K->0K(47104K)] [ParOldGen: 75828K->75766K(107520K)] 116270K->75766K(154624K) [PSPermGen: 5158K->5158K(21504K)], 0.0061170 secs] [Times: user=0.03 sys=0.00, real=0.01 secs] 
73.242: Total time for which application threads were stopped: 0.0062930 seconds, Stopping threads took: 0.0000770 seconds
73.732: Application time: 0.4894570 seconds
73.732: [Full GC [PSYoungGen: 40345K->0K(47104K)] [ParOldGen: 75766K->76296K(107520K)] 116111K->76296K(154624K) [PSPermGen: 5158K->5158K(21504K)], 0.0060490 secs] [Times: user=0.03 sys=0.00, real=0.01 secs] 
73.738: Total time for which application threads were stopped: 0.0062310 seconds, Stopping threads took: 0.0000930 seconds
74.194: Application time: 0.4561660 seconds
74.194: [Full GC [PSYoungGen: 40391K->0K(47104K)] [ParOldGen: 76296K->76296K(107520K)] 116687K->76296K(154624K) [PSPermGen: 5158K->5158K(21504K)], 0.0061960 secs] [Times: user=0.02 sys=0.00, real=0.00 secs] 
74.200: Total time for which application threads were stopped: 0.0063820 seconds, Stopping threads took: 0.0000890 seconds
74.688: Application time: 0.4874540 seconds
74.688: [Full GC [PSYoungGen: 40424K->0K(47104K)] [ParOldGen: 76296K->76225K(107520K)] 116721K->76225K(154624K) [PSPermGen: 5158K->5158K(21504K)], 0.0061490 secs] [Times: user=0.03 sys=0.00, real=0.01 secs] 
74.694: Total time for which application threads were stopped: 0.0063150 seconds, Stopping threads took: 0.0000780 seconds
75.176: Application time: 0.4822170 seconds
75.176: [Full GC [PSYoungGen: 40383K->0K(47104K)] [ParOldGen: 76225K->76027K(107520K)] 116609K->76027K(154624K) [PSPermGen: 5158K->5158K(21504K)], 0.0060020 secs] [Times: user=0.03 sys=0.00, real=0.01 secs] 
75.183: Total time for which application threads were stopped: 0.0061900 seconds, Stopping threads took: 0.0000830 seconds
75.706: Application time: 0.5238440 seconds
75.707: [Full GC [PSYoungGen: 40380K->0K(47104K)] [ParOldGen: 76027K->75902K(107520K)] 116408K->75902K(154624K) [PSPermGen: 5158K->5158K(21504K)], 0.0059170 secs] [Times: user=0.03 sys=0.00, real=0.00 secs] 
75.712: Total time for which application threads were stopped: 0.0060870 seconds, Stopping threads took: 0.0000700 seconds
76.197: Application time: 0.4843120 seconds
76.197: [Full GC [PSYoungGen: 40417K->0K(47104K)] [ParOldGen: 75902K->75902K(107520K)] 116319K->75902K(154624K) [PSPermGen: 5158K->5158K(21504K)], 0.0061180 secs] [Times: user=0.02 sys=0.00, real=0.01 secs] 
76.203: Total time for which application threads were stopped: 0.0062880 seconds, Stopping threads took: 0.0000780 seconds
76.684: Application time: 0.4810830 seconds
76.684: [Full GC [PSYoungGen: 40406K->0K(47104K)] [ParOldGen: 75902K->76028K(107520K)] 116309K->76028K(154624K) [PSPermGen: 5158K->5158K(21504K)], 0.0061990 secs] [Times: user=0.03 sys=0.00, real=0.00 secs] 
76.691: Total time for which application threads were stopped: 0.0063740 seconds, Stopping threads took: 0.0000790 seconds
77.173: Application time: 0.4821730 seconds
77.173: [Full GC [PSYoungGen: 40208K->0K(47104K)] [ParOldGen: 76028K->76226K(107520K)] 116236K->76226K(154624K) [PSPermGen: 5158K->5158K(21504K)], 0.0061780 secs] [Times: user=0.03 sys=0.00, real=0.01 secs] 
77.179: Total time for which application threads were stopped: 0.0063500 seconds, Stopping threads took: 0.0000830 seconds
77.660: Application time: 0.4812850 seconds
77.660: [Full GC [PSYoungGen: 40335K->0K(47104K)] [ParOldGen: 76226K->75902K(107520K)] 116562K->75902K(154624K) [PSPermGen: 5158K->5158K(21504K)], 0.0058750 secs] [Times: user=0.03 sys=0.00, real=0.01 secs] 
77.666: Total time for which application threads were stopped: 0.0060520 seconds, Stopping threads took: 0.0000780 seconds
78.146: Application time: 0.4793010 seconds
78.146: [Full GC [PSYoungGen: 40351K->0K(47104K)] [ParOldGen: 75902K->76226K(107520K)] 116254K->76226K(154624K) [PSPermGen: 5158K->5158K(21504K)], 0.0060940 secs] [Times: user=0.03 sys=0.00, real=0.00 secs] 
78.152: Total time for which application threads were stopped: 0.0062540 seconds, Stopping threads took: 0.0000730 seconds
78.678: Application time: 0.5257000 seconds
78.678: [Full GC [PSYoungGen: 40299K->0K(47104K)] [ParOldGen: 76226K->76029K(107520K)] 116526K->76029K(154624K) [PSPermGen: 5158K->5158K(21504K)], 0.0061200 secs] [Times: user=0.03 sys=0.00, real=0.01 secs] 
78.684: Total time for which application threads were stopped: 0.0062960 seconds, Stopping threads took: 0.0000770 seconds
79.157: Application time: 0.4731240 seconds
79.157: [Full GC [PSYoungGen: 40392K->0K(47104K)] [ParOldGen: 76029K->75832K(107520K)] 116421K->75832K(154624K) [PSPermGen: 5158K->5158K(21504K)], 0.0062650 secs] [Times: user=0.03 sys=0.00, real=0.01 secs] 
79.164: Total time for which application threads were stopped: 0.0064240 seconds, Stopping threads took: 0.0000700 seconds
79.643: Application time: 0.4791580 seconds
79.643: [Full GC [PSYoungGen: 40219K->0K(47104K)] [ParOldGen: 75832K->75634K(107520K)] 116051K->75634K(154624K) [PSPermGen: 5158K->5158K(21504K)], 0.0061000 secs] [Times: user=0.03 sys=0.00, real=0.00 secs] 
79.649: Total time for which application threads were stopped: 0.0062850 seconds, Stopping threads took: 0.0000860 seconds
80.129: Application time: 0.4803890 seconds
80.129: [Full GC [PSYoungGen: 40419K->0K(47104K)] [ParOldGen: 75634K->75832K(107520K)] 116054K->75832K(154624K) [PSPermGen: 5158K->5158K(21504K)], 0.0063950 secs] [Times: user=0.03 sys=0.00, real=0.01 secs] 
80.136: Total time for which application threads were stopped: 0.0065720 seconds, Stopping threads took: 0.0000850 seconds
80.612: Application time: 0.4759090 seconds
80.612: [Full GC [PSYoungGen: 40327K->0K(47104K)] [ParOldGen: 75832K->76299K(107520K)] 116159K->76299K(154624K) [PSPermGen: 5158K->5158K(21504K)], 0.0061060 secs] [Times: user=0.03 sys=0.00, real=0.01 secs] 
80.618: Total time for which application threads were stopped: 0.0062850 seconds, Stopping threads took: 0.0000750 seconds
81.127: Application time: 0.5090190 seconds
81.127: [Full GC [PSYoungGen: 40314K->0K(47104K)] [ParOldGen: 76299K->76030K(107520K)] 116614K->76030K(154624K) [PSPermGen: 5158K->5158K(21504K)], 0.0062250 secs] [Times: user=0.03 sys=0.00, real=0.00 secs] 
81.134: Total time for which application threads were stopped: 0.0064050 seconds, Stopping threads took: 0.0000790 seconds
81.600: Application time: 0.4667170 seconds
81.600: [Full GC [PSYoungGen: 40370K->0K(47104K)] [ParOldGen: 76030K->76498K(107520K)] 116401K->76498K(154624K) [PSPermGen: 5158K->5158K(21504K)], 0.0064480 secs] [Times: user=0.03 sys=0.00, real=0.01 secs] 
81.607: Total time for which application threads were stopped: 0.0066240 seconds, Stopping threads took: 0.0000870 seconds
82.101: Application time: 0.4943770 seconds
82.101: [Full GC [PSYoungGen: 40340K->0K(47104K)] [ParOldGen: 76498K->76426K(107520K)] 116838K->76426K(154624K) [PSPermGen: 5158K->5158K(21504K)], 0.0063660 secs] [Times: user=0.03 sys=0.00, real=0.01 secs] 
82.108: Total time for which application threads were stopped: 0.0065300 seconds, Stopping threads took: 0.0000660 seconds
82.591: Application time: 0.4834190 seconds
82.591: Total time for which application threads were stopped: 0.0001040 seconds, Stopping threads took: 0.0000850 seconds
82.591: Application time: 0.0000480 seconds
82.591: [Full GC [PSYoungGen: 40230K->0K(47104K)] [ParOldGen: 76695K->76093K(107520K)] 116926K->76093K(154624K) [PSPermGen: 5158K->5158K(21504K)], 0.0059870 secs] [Times: user=0.03 sys=0.00, real=0.01 secs] 
82.598: Total time for which application threads were stopped: 0.0061160 seconds, Stopping threads took: 0.0000530 seconds
83.176: Application time: 0.5787690 seconds
83.176: [Full GC [PSYoungGen: 40448K->0K(47104K)] [ParOldGen: 81967K->75635K(107520K)] 122415K->75635K(154624K) [PSPermGen: 5158K->5158K(21504K)], 0.0061990 secs] [Times: user=0.03 sys=0.00, real=0.01 secs] 
83.183: Total time for which application threads were stopped: 0.0063760 seconds, Stopping threads took: 0.0000780 seconds
83.668: Application time: 0.4848480 seconds
83.668: [Full GC [PSYoungGen: 40316K->0K(47104K)] [ParOldGen: 75635K->76498K(107520K)] 115952K->76498K(154624K) [PSPermGen: 5158K->5158K(21504K)], 0.0062280 secs] [Times: user=0.03 sys=0.00, real=0.01 secs] 
83.674: Total time for which application threads were stopped: 0.0063830 seconds, Stopping threads took: 0.0000680 seconds
84.170: Application time: 0.4962500 seconds
84.170: [Full GC [PSYoungGen: 40429K->0K(47104K)] [ParOldGen: 76498K->75170K(107520K)] 116928K->75170K(154624K) [PSPermGen: 5158K->5158K(21504K)], 0.0222120 secs] [Times: user=0.14 sys=0.00, real=0.02 secs] 
84.193: Total time for which application threads were stopped: 0.0224120 seconds, Stopping threads took: 0.0000960 seconds
84.687: Application time: 0.4948760 seconds
84.688: [Full GC [PSYoungGen: 40445K->0K(47104K)] [ParOldGen: 75170K->74110K(107520K)] 115615K->74110K(154624K) [PSPermGen: 5158K->5158K(21504K)], 0.0046010 secs] [Times: user=0.01 sys=0.00, real=0.00 secs] 
84.692: Total time for which application threads were stopped: 0.0047860 seconds, Stopping threads took: 0.0000900 seconds
85.172: Application time: 0.4795300 seconds
85.172: Total time for which application threads were stopped: 0.0001020 seconds, Stopping threads took: 0.0000770 seconds
85.172: Application time: 0.0001500 seconds
85.172: [Full GC [PSYoungGen: 40387K->0K(47104K)] [ParOldGen: 74514K->74903K(107520K)] 114901K->74903K(154624K) [PSPermGen: 5158K->5158K(21504K)], 0.0048020 secs] [Times: user=0.02 sys=0.00, real=0.01 secs] 
85.177: Total time for which application threads were stopped: 0.0049260 seconds, Stopping threads took: 0.0000440 seconds
85.761: Application time: 0.5837080 seconds
85.761: Total time for which application threads were stopped: 0.0001040 seconds, Stopping threads took: 0.0000750 seconds
85.762: Application time: 0.0014870 seconds
85.762: [Full GC [PSYoungGen: 40448K->0K(47104K)] [ParOldGen: 83029K->74705K(107520K)] 123477K->74705K(154624K) [PSPermGen: 5158K->5158K(21504K)], 0.0045910 secs] [Times: user=0.01 sys=0.00, real=0.00 secs] 
85.767: Total time for which application threads were stopped: 0.0047190 seconds, Stopping threads took: 0.0000480 seconds
86.312: Application time: 0.5451180 seconds
86.312: [Full GC [PSYoungGen: 40448K->0K(47104K)] [ParOldGen: 79244K->75102K(107520K)] 119692K->75102K(154624K) [PSPermGen: 5158K->5158K(21504K)], 0.0048520 secs] [Times: user=0.01 sys=0.00, real=0.01 secs] 
86.317: Total time for which application threads were stopped: 0.0050160 seconds, Stopping threads took: 0.0000690 seconds
86.798: Application time: 0.4805280 seconds
86.798: Total time for which application threads were stopped: 0.0000960 seconds, Stopping threads took: 0.0000750 seconds
86.799: Application time: 0.0008510 seconds
86.799: [Full GC [PSYoungGen: 40391K->0K(47104K)] [ParOldGen: 75506K->74705K(107520K)] 115898K->74705K(154624K) [PSPermGen: 5158K->5158K(21504K)], 0.0049620 secs] [Times: user=0.02 sys=0.00, real=0.01 secs] 
86.804: Total time for which application threads were stopped: 0.0050870 seconds, Stopping threads took: 0.0000420 seconds
87.358: Application time: 0.5542810 seconds
87.358: [Full GC [PSYoungGen: 40448K->0K(47104K)] [ParOldGen: 79082K->74903K(107520K)] 119530K->74903K(154624K) [PSPermGen: 5158K->5158K(21504K)], 0.0049540 secs] [Times: user=0.02 sys=0.00, real=0.01 secs] 
87.363: Total time for which application threads were stopped: 0.0051320 seconds, Stopping threads took: 0.0000820 seconds
87.851: Application time: 0.4879230 seconds
87.851: Total time for which application threads were stopped: 0.0000950 seconds, Stopping threads took: 0.0000750 seconds
87.852: Application time: 0.0006560 seconds
87.852: [Full GC [PSYoungGen: 40349K->0K(47104K)] [ParOldGen: 75308K->74904K(107520K)] 115657K->74904K(154624K) [PSPermGen: 5158K->5158K(21504K)], 0.0048870 secs] [Times: user=0.02 sys=0.00, real=0.01 secs] 
87.857: Total time for which application threads were stopped: 0.0050070 seconds, Stopping threads took: 0.0000360 seconds
88.347: Application time: 0.4905180 seconds
88.347: [Full GC [PSYoungGen: 40448K->0K(47104K)] [ParOldGen: 77681K->75102K(107520K)] 118129K->75102K(154624K) [PSPermGen: 5158K->5158K(21504K)], 0.0047720 secs] [Times: user=0.01 sys=0.00, real=0.00 secs] 
88.352: Total time for which application threads were stopped: 0.0049300 seconds, Stopping threads took: 0.0000660 seconds
88.870: Application time: 0.5175750 seconds
88.870: [Full GC [PSYoungGen: 40316K->0K(47104K)] [ParOldGen: 75102K->74707K(107520K)] 115418K->74707K(154624K) [PSPermGen: 5158K->5158K(21504K)], 0.0047990 secs] [Times: user=0.02 sys=0.00, real=0.01 secs] 
88.875: Total time for which application threads were stopped: 0.0049780 seconds, Stopping threads took: 0.0000750 seconds
89.338: Application time: 0.4628430 seconds
89.338: [Full GC [PSYoungGen: 40414K->0K(47104K)] [ParOldGen: 74707K->74707K(107520K)] 115122K->74707K(154624K) [PSPermGen: 5158K->5158K(21504K)], 0.0049090 secs] [Times: user=0.02 sys=0.00, real=0.01 secs] 
89.343: Total time for which application threads were stopped: 0.0050660 seconds, Stopping threads took: 0.0000720 seconds
89.824: Application time: 0.4811170 seconds
89.824: [Full GC [PSYoungGen: 40368K->0K(47104K)] [ParOldGen: 74707K->75174K(107520K)] 115075K->75174K(154624K) [PSPermGen: 5158K->5158K(21504K)], 0.0050650 secs] [Times: user=0.02 sys=0.00, real=0.00 secs] 
89.829: Total time for which application threads were stopped: 0.0052390 seconds, Stopping threads took: 0.0000770 seconds
90.323: Application time: 0.4942540 seconds
90.323: [Full GC [PSYoungGen: 40316K->0K(47104K)] [ParOldGen: 75174K->74905K(107520K)] 115491K->74905K(154624K) [PSPermGen: 5158K->5158K(21504K)], 0.0048310 secs] [Times: user=0.02 sys=0.00, real=0.00 secs] 
90.328: Total time for which application threads were stopped: 0.0049970 seconds, Stopping threads took: 0.0000790 seconds
90.813: Application time: 0.4842360 seconds
90.813: [Full GC [PSYoungGen: 40324K->0K(47104K)] [ParOldGen: 74905K->75175K(107520K)] 115230K->75175K(154624K) [PSPermGen: 5158K->5158K(21504K)], 0.0047850 secs] [Times: user=0.01 sys=0.00, real=0.01 secs] 
90.818: Total time for which application threads were stopped: 0.0049740 seconds, Stopping threads took: 0.0000930 seconds
91.293: Application time: 0.4750740 seconds
91.293: [Full GC [PSYoungGen: 40431K->0K(47104K)] [ParOldGen: 75175K->74977K(107520K)] 115606K->74977K(154624K) [PSPermGen: 5158K->5158K(21504K)], 0.0046670 secs] [Times: user=0.01 sys=0.00, real=0.01 secs] 
91.297: Total time for which application threads were stopped: 0.0048320 seconds, Stopping threads took: 0.0000770 seconds
91.795: Application time: 0.4974520 seconds
91.795: Total time for which application threads were stopped: 0.0001170 seconds, Stopping threads took: 0.0000890 seconds
91.795: Application time: 0.0000580 seconds
91.795: [Full GC [PSYoungGen: 40406K->0K(47104K)] [ParOldGen: 75112K->74897K(107520K)] 115519K->74897K(154624K) [PSPermGen: 5158K->5158K(21504K)], 0.0049540 secs] [Times: user=0.02 sys=0.00, real=0.00 secs] 
91.800: Total time for which application threads were stopped: 0.0050880 seconds, Stopping threads took: 0.0000520 seconds
92.317: Application time: 0.5172130 seconds
92.317: [Full GC [PSYoungGen: 40448K->0K(47104K)] [ParOldGen: 79195K->75373K(107520K)] 119643K->75373K(154624K) [PSPermGen: 5158K->5158K(21504K)], 0.0052800 secs] [Times: user=0.02 sys=0.00, real=0.01 secs] 
92.323: Total time for which application threads were stopped: 0.0054640 seconds, Stopping threads took: 0.0000890 seconds
92.831: Application time: 0.5086300 seconds
92.832: [Full GC [PSYoungGen: 40237K->0K(47104K)] [ParOldGen: 75373K->74511K(107520K)] 115610K->74511K(154624K) [PSPermGen: 5158K->5158K(21504K)], 0.0049370 secs] [Times: user=0.02 sys=0.00, real=0.01 secs] 
92.837: Total time for which application threads were stopped: 0.0051330 seconds, Stopping threads took: 0.0000920 seconds
93.317: Application time: 0.4801430 seconds
93.317: [Full GC [PSYoungGen: 40338K->0K(47104K)] [ParOldGen: 74511K->74709K(107520K)] 114849K->74709K(154624K) [PSPermGen: 5158K->5158K(21504K)], 0.0050820 secs] [Times: user=0.02 sys=0.00, real=0.01 secs] 
93.322: Total time for which application threads were stopped: 0.0052480 seconds, Stopping threads took: 0.0000750 seconds
93.810: Application time: 0.4877130 seconds
93.810: [Full GC [PSYoungGen: 40409K->0K(47104K)] [ParOldGen: 74709K->75176K(107520K)] 115118K->75176K(154624K) [PSPermGen: 5158K->5158K(21504K)], 0.0048900 secs] [Times: user=0.02 sys=0.00, real=0.01 secs] 
93.815: Total time for which application threads were stopped: 0.0050910 seconds, Stopping threads took: 0.0000990 seconds
94.293: Application time: 0.4778500 seconds
94.293: Total time for which application threads were stopped: 0.0000820 seconds, Stopping threads took: 0.0000620 seconds
94.293: Application time: 0.0002460 seconds
94.293: [Full GC [PSYoungGen: 40446K->0K(47104K)] [ParOldGen: 75859K->74709K(107520K)] 116306K->74709K(154624K) [PSPermGen: 5158K->5158K(21504K)], 0.0048020 secs] [Times: user=0.02 sys=0.00, real=0.01 secs] 
94.298: Total time for which application threads were stopped: 0.0049270 seconds, Stopping threads took: 0.0000410 seconds
94.823: Application time: 0.5252000 seconds
94.823: [Full GC [PSYoungGen: 40448K->0K(47104K)] [ParOldGen: 76787K->74883K(107520K)] 117235K->74883K(154624K) [PSPermGen: 5158K->5158K(21504K)], 0.0048630 secs] [Times: user=0.02 sys=0.00, real=0.00 secs] 
94.828: Total time for which application threads were stopped: 0.0050390 seconds, Stopping threads took: 0.0000760 seconds
95.306: Application time: 0.4775050 seconds
95.306: Total time for which application threads were stopped: 0.0001000 seconds, Stopping threads took: 0.0000790 seconds
95.307: Application time: 0.0012400 seconds
95.307: [Full GC [PSYoungGen: 40375K->0K(47104K)] [ParOldGen: 75152K->74503K(107520K)] 115528K->74503K(154624K) [PSPermGen: 5158K->5158K(21504K)], 0.0050570 secs] [Times: user=0.02 sys=0.00, real=0.00 secs] 
95.312: Total time for which application threads were stopped: 0.0051790 seconds, Stopping threads took: 0.0000330 seconds
95.822: Application time: 0.5099980 seconds
95.822: [Full GC [PSYoungGen: 40448K->0K(47104K)] [ParOldGen: 75761K->74537K(107520K)] 116209K->74537K(154624K) [PSPermGen: 5158K->5158K(21504K)], 0.0049610 secs] [Times: user=0.02 sys=0.00, real=0.00 secs] 
95.827: Total time for which application threads were stopped: 0.0051260 seconds, Stopping threads took: 0.0000680 seconds
96.319: Application time: 0.4918450 seconds
96.319: [Full GC [PSYoungGen: 40201K->0K(47104K)] [ParOldGen: 74537K->74908K(107520K)] 114739K->74908K(154624K) [PSPermGen: 5158K->5158K(21504K)], 0.0049270 secs] [Times: user=0.02 sys=0.00, real=0.01 secs] 
96.324: Total time for which application threads were stopped: 0.0050840 seconds, Stopping threads took: 0.0000700 seconds
96.807: Application time: 0.4828820 seconds
96.807: [Full GC [PSYoungGen: 40323K->0K(47104K)] [ParOldGen: 74908K->75177K(107520K)] 115231K->75177K(154624K) [PSPermGen: 5158K->5158K(21504K)], 0.0052530 secs] [Times: user=0.02 sys=0.00, real=0.00 secs] 
96.813: Total time for which application threads were stopped: 0.0054390 seconds, Stopping threads took: 0.0000900 seconds
97.281: Application time: 0.4684990 seconds
97.281: [Full GC [PSYoungGen: 40432K->0K(47104K)] [ParOldGen: 75177K->74980K(107520K)] 115610K->74980K(154624K) [PSPermGen: 5158K->5158K(21504K)], 0.0048720 secs] [Times: user=0.02 sys=0.00, real=0.01 secs] 
97.286: Total time for which application threads were stopped: 0.0050430 seconds, Stopping threads took: 0.0000800 seconds
97.777: Application time: 0.4907760 seconds
97.777: [Full GC [PSYoungGen: 40342K->0K(47104K)] [ParOldGen: 74980K->74908K(107520K)] 115323K->74908K(154624K) [PSPermGen: 5158K->5158K(21504K)], 0.0048410 secs] [Times: user=0.02 sys=0.00, real=0.01 secs] 
97.782: Total time for which application threads were stopped: 0.0050110 seconds, Stopping threads took: 0.0000740 seconds
98.262: Application time: 0.4801490 seconds
98.262: [Full GC [PSYoungGen: 40382K->0K(47104K)] [ParOldGen: 74908K->74981K(107520K)] 115291K->74981K(154624K) [PSPermGen: 5158K->5158K(21504K)], 0.0052130 secs] [Times: user=0.01 sys=0.00, real=0.00 secs] 
98.267: Total time for which application threads were stopped: 0.0054120 seconds, Stopping threads took: 0.0001070 seconds
98.748: Application time: 0.4804680 seconds
98.748: [Full GC [PSYoungGen: 40313K->0K(47104K)] [ParOldGen: 74981K->74711K(107520K)] 115294K->74711K(154624K) [PSPermGen: 5158K->5158K(21504K)], 0.0049800 secs] [Times: user=0.02 sys=0.00, real=0.00 secs] 
98.753: Total time for which application threads were stopped: 0.0051710 seconds, Stopping threads took: 0.0000910 seconds
99.245: Application time: 0.4921700 seconds
99.245: [Full GC [PSYoungGen: 40324K->0K(47104K)] [ParOldGen: 74711K->74981K(107520K)] 115036K->74981K(154624K) [PSPermGen: 5158K->5158K(21504K)], 0.0049660 secs] [Times: user=0.02 sys=0.00, real=0.00 secs] 
99.250: Total time for which application threads were stopped: 0.0051400 seconds, Stopping threads took: 0.0000850 seconds
99.719: Application time: 0.4684800 seconds
99.719: [Full GC [PSYoungGen: 40350K->0K(47104K)] [ParOldGen: 74981K->75305K(107520K)] 115332K->75305K(154624K) [PSPermGen: 5158K->5155K(21504K)], 0.0054010 secs] [Times: user=0.02 sys=0.00, real=0.01 secs] 
99.724: Total time for which application threads were stopped: 0.0055760 seconds, Stopping threads took: 0.0000700 seconds
100.244: Application time: 0.5191410 seconds
100.244: [Full GC [PSYoungGen: 40435K->0K(47104K)] [ParOldGen: 75305K->75044K(107520K)] 115741K->75044K(154624K) [PSPermGen: 5155K->5155K(21504K)], 0.0048420 secs] [Times: user=0.02 sys=0.00, real=0.00 secs] 
100.249: Total time for which application threads were stopped: 0.0050280 seconds, Stopping threads took: 0.0000880 seconds
100.713: Application time: 0.4640950 seconds
100.713: [Full GC [PSYoungGen: 40371K->0K(47104K)] [ParOldGen: 75044K->75305K(107520K)] 115416K->75305K(154624K) [PSPermGen: 5155K->5155K(21504K)], 0.0049300 secs] [Times: user=0.02 sys=0.00, real=0.01 secs] 
100.718: Total time for which application threads were stopped: 0.0051030 seconds, Stopping threads took: 0.0000740 seconds
101.211: Application time: 0.4935720 seconds
101.212: [Full GC [PSYoungGen: 40300K->0K(47104K)] [ParOldGen: 75305K->75108K(107520K)] 115605K->75108K(154624K) [PSPermGen: 5155K->5155K(21504K)], 0.0049160 secs] [Times: user=0.02 sys=0.00, real=0.01 secs] 
101.217: Total time for which application threads were stopped: 0.0051090 seconds, Stopping threads took: 0.0000980 seconds
101.699: Application time: 0.4820140 seconds
101.699: Total time for which application threads were stopped: 0.0000940 seconds, Stopping threads took: 0.0000740 seconds
101.699: Application time: 0.0005130 seconds
101.699: [Full GC [PSYoungGen: 40348K->0K(47104K)] [ParOldGen: 75512K->75108K(107520K)] 115860K->75108K(154624K) [PSPermGen: 5155K->5155K(21504K)], 0.0047350 secs] [Times: user=0.01 sys=0.00, real=0.01 secs] 
101.704: Total time for which application threads were stopped: 0.0048640 seconds, Stopping threads took: 0.0000500 seconds
102.242: Application time: 0.5377450 seconds
102.242: Total time for which application threads were stopped: 0.0001310 seconds, Stopping threads took: 0.0001040 seconds
102.243: Application time: 0.0015520 seconds
102.244: [Full GC [PSYoungGen: 40448K->0K(47104K)] [ParOldGen: 79695K->75108K(107520K)] 120143K->75108K(154624K) [PSPermGen: 5155K->5155K(21504K)], 0.0048220 secs] [Times: user=0.02 sys=0.00, real=0.00 secs] 
102.248: Total time for which application threads were stopped: 0.0049590 seconds, Stopping threads took: 0.0000550 seconds
102.766: Application time: 0.5172510 seconds
102.766: [Full GC [PSYoungGen: 40448K->0K(47104K)] [ParOldGen: 76517K->75133K(107520K)] 116965K->75133K(154624K) [PSPermGen: 5155K->5155K(21504K)], 0.0047290 secs] [Times: user=0.02 sys=0.00, real=0.00 secs] 
102.771: Total time for which application threads were stopped: 0.0049110 seconds, Stopping threads took: 0.0000870 seconds
103.241: Application time: 0.4700460 seconds
103.241: [Full GC [PSYoungGen: 40326K->0K(47104K)] [ParOldGen: 75133K->74983K(107520K)] 115460K->74983K(154624K) [PSPermGen: 5155K->5155K(21504K)], 0.0050100 secs] [Times: user=0.02 sys=0.00, real=0.01 secs] 
103.246: Total time for which application threads were stopped: 0.0051800 seconds, Stopping threads took: 0.0000830 seconds
103.728: Application time: 0.4824750 seconds
103.728: [Full GC [PSYoungGen: 40340K->0K(47104K)] [ParOldGen: 74983K->75109K(107520K)] 115324K->75109K(154624K) [PSPermGen: 5155K->5155K(21504K)], 0.0048720 secs] [Times: user=0.02 sys=0.01, real=0.00 secs] 
103.733: Total time for which application threads were stopped: 0.0050580 seconds, Stopping threads took: 0.0000920 seconds
104.221: Application time: 0.4874300 seconds
104.221: [Full GC [PSYoungGen: 40440K->0K(47104K)] [ParOldGen: 75109K->75046K(107520K)] 115550K->75046K(154624K) [PSPermGen: 5155K->5155K(21504K)], 0.0050260 secs] [Times: user=0.02 sys=0.00, real=0.01 secs] 
104.226: Total time for which application threads were stopped: 0.0052020 seconds, Stopping threads took: 0.0000900 seconds
104.702: Application time: 0.4759390 seconds
104.702: [Full GC [PSYoungGen: 40385K->0K(47104K)] [ParOldGen: 75046K->74651K(107520K)] 115432K->74651K(154624K) [PSPermGen: 5155K->5155K(21504K)], 0.0048220 secs] [Times: user=0.02 sys=0.00, real=0.00 secs] 
104.707: Total time for which application threads were stopped: 0.0049980 seconds, Stopping threads took: 0.0000810 seconds
105.212: Application time: 0.5048150 seconds
105.212: [Full GC [PSYoungGen: 40324K->0K(47104K)] [ParOldGen: 74651K->74714K(107520K)] 114976K->74714K(154624K) [PSPermGen: 5155K->5155K(21504K)], 0.0048060 secs] [Times: user=0.02 sys=0.00, real=0.01 secs] 
105.217: Total time for which application threads were stopped: 0.0049920 seconds, Stopping threads took: 0.0000890 seconds
105.691: Application time: 0.4739850 seconds
105.691: [Full GC [PSYoungGen: 40225K->0K(47104K)] [ParOldGen: 74714K->74912K(107520K)] 114939K->74912K(154624K) [PSPermGen: 5155K->5155K(21504K)], 0.0049260 secs] [Times: user=0.02 sys=0.00, real=0.01 secs] 
105.696: Total time for which application threads were stopped: 0.0051060 seconds, Stopping threads took: 0.0000830 seconds
106.172: Application time: 0.4764600 seconds
106.172: Total time for which application threads were stopped: 0.0001050 seconds, Stopping threads took: 0.0000750 seconds
106.175: Application time: 0.0022870 seconds
106.175: [Full GC [PSYoungGen: 40362K->0K(47104K)] [ParOldGen: 75047K->74912K(107520K)] 115409K->74912K(154624K) [PSPermGen: 5155K->5155K(21504K)], 0.0046780 secs] [Times: user=0.01 sys=0.00, real=0.00 secs] 
106.179: Total time for which application threads were stopped: 0.0048100 seconds, Stopping threads took: 0.0000480 seconds
106.681: Application time: 0.5019060 seconds
106.682: [Full GC [PSYoungGen: 40448K->0K(47104K)] [ParOldGen: 77597K->75082K(107520K)] 118045K->75082K(154624K) [PSPermGen: 5155K->5155K(21504K)], 0.0047930 secs] [Times: user=0.02 sys=0.00, real=0.01 secs] 
106.686: Total time for which application threads were stopped: 0.0049590 seconds, Stopping threads took: 0.0000720 seconds
107.201: Application time: 0.5146480 seconds
107.201: [Full GC [PSYoungGen: 40328K->0K(47104K)] [ParOldGen: 75082K->74517K(107520K)] 115410K->74517K(154624K) [PSPermGen: 5155K->5155K(21504K)], 0.0046980 secs] [Times: user=0.02 sys=0.00, real=0.01 secs] 
107.206: Total time for which application threads were stopped: 0.0048650 seconds, Stopping threads took: 0.0000720 seconds
107.693: Application time: 0.4867590 seconds
107.693: [Full GC [PSYoungGen: 40347K->0K(47104K)] [ParOldGen: 74517K->74518K(107520K)] 114865K->74518K(154624K) [PSPermGen: 5155K->5155K(21504K)], 0.0048080 secs] [Times: user=0.02 sys=0.00, real=0.01 secs] 
107.698: Total time for which application threads were stopped: 0.0050000 seconds, Stopping threads took: 0.0000960 seconds
108.178: Application time: 0.4803140 seconds
108.178: [Full GC [PSYoungGen: 40411K->0K(47104K)] [ParOldGen: 74518K->74788K(107520K)] 114929K->74788K(154624K) [PSPermGen: 5155K->5155K(21504K)], 0.0047330 secs] [Times: user=0.02 sys=0.00, real=0.01 secs] 
108.183: Total time for which application threads were stopped: 0.0049220 seconds, Stopping threads took: 0.0000880 seconds
108.664: Application time: 0.4808530 seconds
108.664: [Full GC [PSYoungGen: 40438K->0K(47104K)] [ParOldGen: 74788K->75048K(107520K)] 115226K->75048K(154624K) [PSPermGen: 5155K->5155K(21504K)], 0.0049490 secs] [Times: user=0.02 sys=0.00, real=0.00 secs] 
108.669: Total time for which application threads were stopped: 0.0051270 seconds, Stopping threads took: 0.0000880 seconds
109.159: Application time: 0.4897280 seconds
109.159: [Full GC [PSYoungGen: 40371K->0K(47104K)] [ParOldGen: 75048K->75309K(107520K)] 115420K->75309K(154624K) [PSPermGen: 5155K->5155K(21504K)], 0.0048110 secs] [Times: user=0.02 sys=0.00, real=0.01 secs] 
109.164: Total time for which application threads were stopped: 0.0049820 seconds, Stopping threads took: 0.0000750 seconds
109.653: Application time: 0.4896830 seconds
109.653: [Full GC [PSYoungGen: 40423K->0K(47104K)] [ParOldGen: 75309K->74914K(107520K)] 115733K->74914K(154624K) [PSPermGen: 5155K->5155K(21504K)], 0.0047190 secs] [Times: user=0.02 sys=0.00, real=0.01 secs] 
109.658: Total time for which application threads were stopped: 0.0048840 seconds, Stopping threads took: 0.0000760 seconds
110.134: Application time: 0.4758240 seconds
110.134: [Full GC [PSYoungGen: 40348K->0K(47104K)] [ParOldGen: 74914K->74716K(107520K)] 115262K->74716K(154624K) [PSPermGen: 5155K->5155K(21504K)], 0.0047220 secs] [Times: user=0.02 sys=0.00, real=0.00 secs] 
110.139: Total time for which application threads were stopped: 0.0049110 seconds, Stopping threads took: 0.0000920 seconds
110.632: Application time: 0.4930570 seconds
110.632: [Full GC [PSYoungGen: 40335K->0K(47104K)] [ParOldGen: 74716K->74914K(107520K)] 115052K->74914K(154624K) [PSPermGen: 5155K->5155K(21504K)], 0.0052040 secs] [Times: user=0.02 sys=0.00, real=0.01 secs] 
110.637: Total time for which application threads were stopped: 0.0053770 seconds, Stopping threads took: 0.0000820 seconds
111.130: Application time: 0.4925220 seconds
111.130: [Full GC [PSYoungGen: 40179K->0K(47104K)] [ParOldGen: 74914K->74915K(107520K)] 115094K->74915K(154624K) [PSPermGen: 5155K->5155K(21504K)], 0.0049410 secs] [Times: user=0.02 sys=0.00, real=0.01 secs] 
111.135: Total time for which application threads were stopped: 0.0051290 seconds, Stopping threads took: 0.0000880 seconds
111.617: Application time: 0.4820950 seconds
111.617: [Full GC [PSYoungGen: 40443K->0K(47104K)] [ParOldGen: 74915K->74852K(107520K)] 115358K->74852K(154624K) [PSPermGen: 5155K->5155K(21504K)], 0.0047800 secs] [Times: user=0.02 sys=0.00, real=0.01 secs] 
111.622: Total time for which application threads were stopped: 0.0049420 seconds, Stopping threads took: 0.0000760 seconds
112.081: Application time: 0.4587470 seconds
112.081: [Full GC [PSYoungGen: 40345K->0K(47104K)] [ParOldGen: 74852K->75382K(107520K)] 115197K->75382K(154624K) [PSPermGen: 5155K->5155K(21504K)], 0.0050740 secs] [Times: user=0.02 sys=0.00, real=0.01 secs] 
112.086: Total time for which application threads were stopped: 0.0052310 seconds, Stopping threads took: 0.0000570 seconds
112.609: Application time: 0.5229350 seconds
112.609: Total time for which application threads were stopped: 0.0001220 seconds, Stopping threads took: 0.0000910 seconds
112.611: Application time: 0.0017000 seconds
112.611: [Full GC [PSYoungGen: 40387K->0K(47104K)] [ParOldGen: 75652K->74520K(107520K)] 116039K->74520K(154624K) [PSPermGen: 5155K->5155K(21504K)], 0.0049260 secs] [Times: user=0.02 sys=0.00, real=0.01 secs] 
112.616: Total time for which application threads were stopped: 0.0050740 seconds, Stopping threads took: 0.0000690 seconds
113.179: Application time: 0.5635140 seconds
113.179: Total time for which application threads were stopped: 0.0000920 seconds, Stopping threads took: 0.0000650 seconds
113.180: Application time: 0.0008440 seconds
113.180: [Full GC [PSYoungGen: 40448K->0K(47104K)] [ParOldGen: 81178K->74718K(107520K)] 121626K->74718K(154624K) [PSPermGen: 5155K->5155K(21504K)], 0.0059700 secs] [Times: user=0.02 sys=0.00, real=0.01 secs] 
113.186: Total time for which application threads were stopped: 0.0060880 seconds, Stopping threads took: 0.0000360 seconds
113.770: Application time: 0.5832200 seconds
113.770: Total time for which application threads were stopped: 0.0001100 seconds, Stopping threads took: 0.0000830 seconds
113.770: Application time: 0.0000660 seconds
113.770: [Full GC [PSYoungGen: 40448K->0K(47104K)] [ParOldGen: 82487K->74289K(107520K)] 122935K->74289K(154624K) [PSPermGen: 5155K->5155K(21504K)], 0.0047840 secs] [Times: user=0.02 sys=0.00, real=0.01 secs] 
113.775: Total time for which application threads were stopped: 0.0049060 seconds, Stopping threads took: 0.0000420 seconds
114.330: Application time: 0.5548900 seconds
114.330: [Full GC [PSYoungGen: 40448K->0K(47104K)] [ParOldGen: 81200K->74521K(107520K)] 121648K->74521K(154624K) [PSPermGen: 5155K->5155K(21504K)], 0.0048480 secs] [Times: user=0.02 sys=0.00, real=0.01 secs] 
114.335: Total time for which application threads were stopped: 0.0050270 seconds, Stopping threads took: 0.0000800 seconds
114.833: Application time: 0.4981090 seconds
114.833: [Full GC [PSYoungGen: 40326K->0K(47104K)] [ParOldGen: 74521K->74988K(107520K)] 114848K->74988K(154624K) [PSPermGen: 5155K->5155K(21504K)], 0.0050560 secs] [Times: user=0.01 sys=0.00, real=0.01 secs] 
114.838: Total time for which application threads were stopped: 0.0052460 seconds, Stopping threads took: 0.0000910 seconds
115.317: Application time: 0.4794170 seconds
115.318: [Full GC [PSYoungGen: 40358K->0K(47104K)] [ParOldGen: 74988K->74719K(107520K)] 115346K->74719K(154624K) [PSPermGen: 5155K->5155K(21504K)], 0.0047740 secs] [Times: user=0.01 sys=0.00, real=0.01 secs] 
115.322: Total time for which application threads were stopped: 0.0049540 seconds, Stopping threads took: 0.0000920 seconds
115.815: Application time: 0.4926640 seconds
115.815: [Full GC [PSYoungGen: 40427K->0K(47104K)] [ParOldGen: 74719K->75052K(107520K)] 115146K->75052K(154624K) [PSPermGen: 5155K->5155K(21504K)], 0.0049930 secs] [Times: user=0.02 sys=0.00, real=0.00 secs] 
115.820: Total time for which application threads were stopped: 0.0051780 seconds, Stopping threads took: 0.0000770 seconds
116.280: Application time: 0.4601100 seconds
116.280: [Full GC [PSYoungGen: 40373K->0K(47104K)] [ParOldGen: 75052K->75313K(107520K)] 115425K->75313K(154624K) [PSPermGen: 5155K->5155K(21504K)], 0.0047620 secs] [Times: user=0.02 sys=0.00, real=0.01 secs] 
116.285: Total time for which application threads were stopped: 0.0049500 seconds, Stopping threads took: 0.0000970 seconds
116.794: Application time: 0.5082740 seconds
116.794: [Full GC [PSYoungGen: 40370K->0K(47104K)] [ParOldGen: 75313K->74989K(107520K)] 115683K->74989K(154624K) [PSPermGen: 5155K->5155K(21504K)], 0.0047470 secs] [Times: user=0.01 sys=0.00, real=0.00 secs] 
116.798: Total time for which application threads were stopped: 0.0049320 seconds, Stopping threads took: 0.0000810 seconds
117.281: Application time: 0.4828480 seconds
117.281: [Full GC [PSYoungGen: 40397K->0K(47104K)] [ParOldGen: 74989K->74522K(107520K)] 115387K->74522K(154624K) [PSPermGen: 5155K->5155K(21504K)], 0.0050550 secs] [Times: user=0.02 sys=0.00, real=0.01 secs] 
117.287: Total time for which application threads were stopped: 0.0052380 seconds, Stopping threads took: 0.0000920 seconds
117.773: Application time: 0.4865610 seconds
117.773: [Full GC [PSYoungGen: 40223K->0K(47104K)] [ParOldGen: 74522K->74720K(107520K)] 114746K->74720K(154624K) [PSPermGen: 5155K->5155K(21504K)], 0.0047910 secs] [Times: user=0.01 sys=0.00, real=0.01 secs] 
117.778: Total time for which application threads were stopped: 0.0049770 seconds, Stopping threads took: 0.0000890 seconds
118.289: Application time: 0.5112050 seconds
118.289: [Full GC [PSYoungGen: 40179K->0K(47104K)] [ParOldGen: 74720K->74523K(107520K)] 114900K->74523K(154624K) [PSPermGen: 5155K->5155K(21504K)], 0.0046990 secs] [Times: user=0.02 sys=0.00, real=0.01 secs] 
118.294: Total time for which application threads were stopped: 0.0048800 seconds, Stopping threads took: 0.0000810 seconds
118.754: Application time: 0.4599570 seconds
118.754: Total time for which application threads were stopped: 0.0000860 seconds, Stopping threads took: 0.0000690 seconds
118.754: Application time: 0.0000610 seconds
118.754: [Full GC [PSYoungGen: 40442K->0K(47104K)] [ParOldGen: 74587K->74918K(107520K)] 115029K->74918K(154624K) [PSPermGen: 5155K->5155K(21504K)], 0.0051290 secs] [Times: user=0.02 sys=0.00, real=0.00 secs] 
118.760: Total time for which application threads were stopped: 0.0052570 seconds, Stopping threads took: 0.0000470 seconds
119.302: Application time: 0.5427370 seconds
119.302: [Full GC [PSYoungGen: 40448K->0K(47104K)] [ParOldGen: 80529K->74649K(107520K)] 120977K->74649K(154624K) [PSPermGen: 5155K->5155K(21504K)], 0.0048740 secs] [Times: user=0.02 sys=0.00, real=0.00 secs] 
119.307: Total time for which application threads were stopped: 0.0050520 seconds, Stopping threads took: 0.0000810 seconds
119.825: Application time: 0.5181060 seconds
119.826: [Full GC [PSYoungGen: 40445K->0K(47104K)] [ParOldGen: 74649K->74524K(107520K)] 115094K->74524K(154624K) [PSPermGen: 5155K->5155K(21504K)], 0.0047560 secs] [Times: user=0.01 sys=0.00, real=0.00 secs] 
119.830: Total time for which application threads were stopped: 0.0049680 seconds, Stopping threads took: 0.0001100 seconds
120.312: Application time: 0.4813920 seconds
120.312: [Full GC [PSYoungGen: 40374K->0K(47104K)] [ParOldGen: 74524K->75386K(107520K)] 114898K->75386K(154624K) [PSPermGen: 5155K->5155K(21504K)], 0.0050980 secs] [Times: user=0.02 sys=0.00, real=0.01 secs] 
120.317: Total time for which application threads were stopped: 0.0052840 seconds, Stopping threads took: 0.0000930 seconds
120.817: Application time: 0.4995700 seconds
120.817: Total time for which application threads were stopped: 0.0001250 seconds, Stopping threads took: 0.0000930 seconds
120.818: Application time: 0.0016270 seconds
120.819: [Full GC [PSYoungGen: 40404K->0K(47104K)] [ParOldGen: 75585K->74919K(107520K)] 115989K->74919K(154624K) [PSPermGen: 5155K->5155K(21504K)], 0.0046730 secs] [Times: user=0.02 sys=0.01, real=0.01 secs] 
120.823: Total time for which application threads were stopped: 0.0048240 seconds, Stopping threads took: 0.0000590 seconds
121.340: Application time: 0.5171330 seconds
121.341: [Full GC [PSYoungGen: 40448K->0K(47104K)] [ParOldGen: 78364K->74919K(107520K)] 118812K->74919K(154624K) [PSPermGen: 5155K->5155K(21504K)], 0.0050300 secs] [Times: user=0.02 sys=0.00, real=0.01 secs] 
121.346: Total time for which application threads were stopped: 0.0052200 seconds, Stopping threads took: 0.0000860 seconds
121.829: Application time: 0.4833730 seconds
121.829: Total time for which application threads were stopped: 0.0001140 seconds, Stopping threads took: 0.0000910 seconds
121.829: Application time: 0.0001490 seconds
121.829: [Full GC [PSYoungGen: 40435K->0K(47104K)] [ParOldGen: 74983K->74919K(107520K)] 115419K->74919K(154624K) [PSPermGen: 5155K->5155K(21504K)], 0.0049470 secs] [Times: user=0.01 sys=0.01, real=0.01 secs] 
121.834: Total time for which application threads were stopped: 0.0050640 seconds, Stopping threads took: 0.0000380 seconds
122.340: Application time: 0.5054560 seconds
122.340: Total time for which application threads were stopped: 0.0000950 seconds, Stopping threads took: 0.0000710 seconds
122.340: Application time: 0.0000940 seconds
122.340: [Full GC [PSYoungGen: 40448K->0K(47104K)] [ParOldGen: 77287K->74689K(107520K)] 117735K->74689K(154624K) [PSPermGen: 5155K->5155K(21504K)], 0.0048540 secs] [Times: user=0.01 sys=0.00, real=0.01 secs] 
122.345: Total time for which application threads were stopped: 0.0049670 seconds, Stopping threads took: 0.0000330 seconds
122.345: Application time: 0.0000300 seconds
122.345: [GC [PSYoungGen: 26K->64K(47104K)] 74715K->74753K(154624K), 0.0003390 secs] [Times: user=0.01 sys=0.00, real=0.00 secs] 
122.345: [Full GC [PSYoungGen: 64K->0K(47104K)] [ParOldGen: 74689K->74641K(107520K)] 74753K->74641K(154624K) [PSPermGen: 5155K->5155K(21504K)], 0.0207530 secs] [Times: user=0.13 sys=0.00, real=0.02 secs] 
122.366: Total time for which application threads were stopped: 0.0212370 seconds, Stopping threads took: 0.0000440 seconds
122.857: Application time: 0.4908500 seconds
122.857: [Full GC [PSYoungGen: 40412K->0K(47104K)] [ParOldGen: 74641K->74651K(107520K)] 115054K->74651K(154624K) [PSPermGen: 5155K->5155K(21504K)], 0.0046520 secs] [Times: user=0.02 sys=0.00, real=0.01 secs] 
122.862: Total time for which application threads were stopped: 0.0048210 seconds, Stopping threads took: 0.0000740 seconds
123.365: Application time: 0.5032970 seconds
123.365: Total time for which application threads were stopped: 0.0001180 seconds, Stopping threads took: 0.0000860 seconds
123.366: Application time: 0.0003800 seconds
123.366: [Full GC [PSYoungGen: 40325K->0K(47104K)] [ParOldGen: 74785K->75046K(107520K)] 115111K->75046K(154624K) [PSPermGen: 5155K->5155K(21504K)], 0.0047280 secs] [Times: user=0.02 sys=0.00, real=0.00 secs] 
123.371: Total time for which application threads were stopped: 0.0048480 seconds, Stopping threads took: 0.0000400 seconds
123.925: Application time: 0.5543360 seconds
123.925: [Full GC [PSYoungGen: 40448K->0K(47104K)] [ParOldGen: 81347K->74857K(107520K)] 121795K->74857K(154624K) [PSPermGen: 5155K->5155K(21504K)], 0.0051420 secs] [Times: user=0.02 sys=0.00, real=0.00 secs] 
123.930: Total time for which application threads were stopped: 0.0053350 seconds, Stopping threads took: 0.0000910 seconds
124.415: Application time: 0.4850950 seconds
124.415: [Full GC [PSYoungGen: 40263K->0K(47104K)] [ParOldGen: 74857K->75047K(107520K)] 115121K->75047K(154624K) [PSPermGen: 5155K->5155K(21504K)], 0.0049670 secs] [Times: user=0.02 sys=0.00, real=0.00 secs] 
124.420: Total time for which application threads were stopped: 0.0051240 seconds, Stopping threads took: 0.0000650 seconds
124.922: Application time: 0.5014470 seconds
124.922: [Full GC [PSYoungGen: 40427K->0K(47104K)] [ParOldGen: 75047K->74652K(107520K)] 115474K->74652K(154624K) [PSPermGen: 5155K->5155K(21504K)], 0.0048820 secs] [Times: user=0.02 sys=0.00, real=0.00 secs] 
124.927: Total time for which application threads were stopped: 0.0050660 seconds, Stopping threads took: 0.0000810 seconds
125.392: Application time: 0.4649910 seconds
125.392: [Full GC [PSYoungGen: 40427K->0K(47104K)] [ParOldGen: 74652K->74984K(107520K)] 115079K->74984K(154624K) [PSPermGen: 5155K->5155K(21504K)], 0.0048830 secs] [Times: user=0.02 sys=0.00, real=0.01 secs] 
125.397: Total time for which application threads were stopped: 0.0050600 seconds, Stopping threads took: 0.0000890 seconds
125.884: Application time: 0.4867840 seconds
125.884: [Full GC [PSYoungGen: 40380K->0K(47104K)] [ParOldGen: 74984K->74652K(107520K)] 115364K->74652K(154624K) [PSPermGen: 5155K->5155K(21504K)], 0.0047980 secs] [Times: user=0.02 sys=0.00, real=0.00 secs] 
125.889: Total time for which application threads were stopped: 0.0049840 seconds, Stopping threads took: 0.0000860 seconds
126.377: Application time: 0.4881230 seconds
126.377: Total time for which application threads were stopped: 0.0000890 seconds, Stopping threads took: 0.0000710 seconds
126.377: Application time: 0.0000980 seconds
126.377: [Full GC [PSYoungGen: 40427K->0K(47104K)] [ParOldGen: 74922K->75245K(107520K)] 115349K->75245K(154624K) [PSPermGen: 5155K->5155K(21504K)], 0.0046670 secs] [Times: user=0.02 sys=0.00, real=0.01 secs] 
126.382: Total time for which application threads were stopped: 0.0047830 seconds, Stopping threads took: 0.0000380 seconds
126.937: Application time: 0.5547830 seconds
126.937: [Full GC [PSYoungGen: 40448K->0K(47104K)] [ParOldGen: 81522K->74793K(107520K)] 121970K->74793K(154624K) [PSPermGen: 5155K->5155K(21504K)], 0.0048560 secs] [Times: user=0.01 sys=0.00, real=0.01 secs] 
126.942: Total time for which application threads were stopped: 0.0050410 seconds, Stopping threads took: 0.0000870 seconds
127.442: Application time: 0.5007240 seconds
127.443: [Full GC [PSYoungGen: 40422K->0K(47104K)] [ParOldGen: 74793K->75183K(107520K)] 115215K->75183K(154624K) [PSPermGen: 5155K->5155K(21504K)], 0.0048040 secs] [Times: user=0.02 sys=0.00, real=0.00 secs] 
127.447: Total time for which application threads were stopped: 0.0049760 seconds, Stopping threads took: 0.0000740 seconds
127.930: Application time: 0.4825010 seconds
127.930: Total time for which application threads were stopped: 0.0000980 seconds, Stopping threads took: 0.0000740 seconds
127.931: Application time: 0.0007510 seconds
127.931: [Full GC [PSYoungGen: 40407K->0K(47104K)] [ParOldGen: 75318K->74653K(107520K)] 115725K->74653K(154624K) [PSPermGen: 5155K->5155K(21504K)], 0.0046610 secs] [Times: user=0.02 sys=0.00, real=0.01 secs] 
127.936: Total time for which application threads were stopped: 0.0047960 seconds, Stopping threads took: 0.0000510 seconds
128.463: Application time: 0.5276510 seconds
128.463: Total time for which application threads were stopped: 0.0001040 seconds, Stopping threads took: 0.0000770 seconds
128.465: Application time: 0.0013100 seconds
128.465: [Full GC [PSYoungGen: 40448K->0K(47104K)] [ParOldGen: 78503K->74649K(107520K)] 118951K->74649K(154624K) [PSPermGen: 5155K->5155K(21504K)], 0.0048940 secs] [Times: user=0.01 sys=0.00, real=0.00 secs] 
128.470: Total time for which application threads were stopped: 0.0050270 seconds, Stopping threads took: 0.0000360 seconds
128.989: Application time: 0.5193620 seconds
128.989: [Full GC [PSYoungGen: 40448K->0K(47104K)] [ParOldGen: 78503K->74793K(107520K)] 118951K->74793K(154624K) [PSPermGen: 5155K->5155K(21504K)], 0.0048840 secs] [Times: user=0.02 sys=0.00, real=0.01 secs] 
128.994: Total time for which application threads were stopped: 0.0050550 seconds, Stopping threads took: 0.0000770 seconds
129.477: Application time: 0.4828520 seconds
129.477: [Full GC [PSYoungGen: 40380K->0K(47104K)] [ParOldGen: 74793K->74456K(107520K)] 115173K->74456K(154624K) [PSPermGen: 5155K->5155K(21504K)], 0.0049730 secs] [Times: user=0.02 sys=0.00, real=0.01 secs] 
129.482: Total time for which application threads were stopped: 0.0051590 seconds, Stopping threads took: 0.0000950 seconds
129.959: Application time: 0.4768940 seconds
129.959: [Full GC [PSYoungGen: 40418K->0K(47104K)] [ParOldGen: 74456K->75382K(107520K)] 114875K->75382K(154624K) [PSPermGen: 5155K->5155K(21504K)], 0.0047920 secs] [Times: user=0.02 sys=0.00, real=0.01 secs] 
129.964: Total time for which application threads were stopped: 0.0049430 seconds, Stopping threads took: 0.0000570 seconds
130.495: Application time: 0.5309240 seconds
130.495: [Full GC [PSYoungGen: 40406K->0K(47104K)] [ParOldGen: 75382K->74928K(107520K)] 115788K->74928K(154624K) [PSPermGen: 5157K->5157K(21504K)], 0.0049080 secs] [Times: user=0.02 sys=0.00, real=0.00 secs] 
130.500: Total time for which application threads were stopped: 0.0050840 seconds, Stopping threads took: 0.0000790 seconds
130.977: Application time: 0.4771830 seconds
130.977: [Full GC [PSYoungGen: 40360K->0K(47104K)] [ParOldGen: 74928K->74856K(107520K)] 115288K->74856K(154624K) [PSPermGen: 5157K->5157K(21504K)], 0.0048780 secs] [Times: user=0.02 sys=0.00, real=0.01 secs] 
130.982: Total time for which application threads were stopped: 0.0050560 seconds, Stopping threads took: 0.0000880 seconds
131.484: Application time: 0.5022460 seconds
131.485: Total time for which application threads were stopped: 0.0001030 seconds, Stopping threads took: 0.0000750 seconds
131.485: Application time: 0.0001390 seconds
131.485: [Full GC [PSYoungGen: 40324K->0K(47104K)] [ParOldGen: 74991K->75054K(107520K)] 115316K->75054K(154624K) [PSPermGen: 5157K->5157K(21504K)], 0.0050410 secs] [Times: user=0.01 sys=0.00, real=0.00 secs] 
131.490: Total time for which application threads were stopped: 0.0051710 seconds, Stopping threads took: 0.0000500 seconds
132.027: Application time: 0.5369020 seconds
132.027: [Full GC [PSYoungGen: 40448K->0K(47104K)] [ParOldGen: 79906K->74289K(107520K)] 120354K->74289K(154624K) [PSPermGen: 5157K->5157K(21504K)], 0.0045710 secs] [Times: user=0.02 sys=0.00, real=0.00 secs] 
132.031: Total time for which application threads were stopped: 0.0047480 seconds, Stopping threads took: 0.0000810 seconds
132.488: Application time: 0.4564300 seconds
132.488: [Full GC [PSYoungGen: 40233K->0K(47104K)] [ParOldGen: 74289K->75051K(107520K)] 114523K->75051K(154624K) [PSPermGen: 5157K->5157K(21504K)], 0.0049340 secs] [Times: user=0.02 sys=0.00, real=0.00 secs] 
132.493: Total time for which application threads were stopped: 0.0051160 seconds, Stopping threads took: 0.0000890 seconds
132.982: Application time: 0.4887120 seconds
132.982: Total time for which application threads were stopped: 0.0001050 seconds, Stopping threads took: 0.0000730 seconds
132.982: Application time: 0.0003010 seconds
132.982: [Full GC [PSYoungGen: 40395K->0K(47104K)] [ParOldGen: 75320K->75053K(107520K)] 115716K->75053K(154624K) [PSPermGen: 5157K->5157K(21504K)], 0.0049170 secs] [Times: user=0.02 sys=0.00, real=0.00 secs] 
132.987: Total time for which application threads were stopped: 0.0050500 seconds, Stopping threads took: 0.0000460 seconds
133.533: Application time: 0.5462470 seconds
133.534: [Full GC [PSYoungGen: 40448K->0K(47104K)] [ParOldGen: 79933K->74856K(107520K)] 120381K->74856K(154624K) [PSPermGen: 5157K->5157K(21504K)], 0.0047810 secs] [Times: user=0.02 sys=0.00, real=0.01 secs] 
133.538: Total time for which application threads were stopped: 0.0049610 seconds, Stopping threads took: 0.0000820 seconds
134.058: Application time: 0.5191390 seconds
134.058: [Full GC [PSYoungGen: 40385K->0K(47104K)] [ParOldGen: 74856K->75189K(107520K)] 115241K->75189K(154624K) [PSPermGen: 5157K->5157K(21504K)], 0.0048470 secs] [Times: user=0.01 sys=0.00, real=0.01 secs] 
134.063: Total time for which application threads were stopped: 0.0050090 seconds, Stopping threads took: 0.0000690 seconds
134.542: Application time: 0.4790950 seconds
134.542: [Full GC [PSYoungGen: 40304K->0K(47104K)] [ParOldGen: 75189K->74461K(107520K)] 115494K->74461K(154624K) [PSPermGen: 5157K->5157K(21504K)], 0.0049300 secs] [Times: user=0.02 sys=0.00, real=0.00 secs] 
134.547: Total time for which application threads were stopped: 0.0051030 seconds, Stopping threads took: 0.0000850 seconds
135.035: Application time: 0.4887270 seconds
135.036: Total time for which application threads were stopped: 0.0000950 seconds, Stopping threads took: 0.0000690 seconds
135.036: Application time: 0.0001120 seconds
135.036: [Full GC [PSYoungGen: 40447K->0K(47104K)] [ParOldGen: 74596K->74461K(107520K)] 115043K->74461K(154624K) [PSPermGen: 5157K->5157K(21504K)], 0.0046930 secs] [Times: user=0.02 sys=0.00, real=0.00 secs] 
135.041: Total time for which application threads were stopped: 0.0048190 seconds, Stopping threads took: 0.0000460 seconds
135.603: Application time: 0.5628330 seconds
135.604: [Full GC [PSYoungGen: 40448K->0K(47104K)] [ParOldGen: 81779K->74463K(107520K)] 122227K->74463K(154624K) [PSPermGen: 5157K->5157K(21504K)], 0.0049910 secs] [Times: user=0.02 sys=0.00, real=0.00 secs] 
135.609: Total time for which application threads were stopped: 0.0051880 seconds, Stopping threads took: 0.0000950 seconds
135.634: Application time: 0.0256530 seconds
135.634: Total time for which application threads were stopped: 0.0000910 seconds, Stopping threads took: 0.0000700 seconds
135.935: Application time: 0.3011960 seconds
135.936: Total time for which application threads were stopped: 0.0000760 seconds, Stopping threads took: 0.0000580 seconds
136.154: Application time: 0.2188210 seconds
136.154: [Full GC [PSYoungGen: 40317K->0K(47104K)] [ParOldGen: 74463K->74387K(107520K)] 114780K->74387K(154624K) [PSPermGen: 5157K->5157K(21504K)], 0.0050410 secs] [Times: user=0.02 sys=0.00, real=0.00 secs] 
136.160: Total time for which application threads were stopped: 0.0051950 seconds, Stopping threads took: 0.0000580 seconds
136.468: Application time: 0.3080260 seconds
136.468: Total time for which application threads were stopped: 0.0001340 seconds, Stopping threads took: 0.0001130 seconds
136.509: Application time: 0.0410930 seconds
136.509: Total time for which application threads were stopped: 0.0000840 seconds, Stopping threads took: 0.0000550 seconds
136.516: Application time: 0.0068910 seconds
136.516: Total time for which application threads were stopped: 0.0000310 seconds, Stopping threads took: 0.0000190 seconds
136.550: Application time: 0.0345410 seconds
136.550: Total time for which application threads were stopped: 0.0000940 seconds, Stopping threads took: 0.0000650 seconds
136.836: Application time: 0.2852900 seconds
136.836: Total time for which application threads were stopped: 0.0001180 seconds, Stopping threads took: 0.0000810 seconds
136.837: Application time: 0.0011110 seconds
136.837: [Full GC [PSYoungGen: 40376K->0K(47104K)] [ParOldGen: 74791K->73897K(107520K)] 115168K->73897K(154624K) [PSPermGen: 5179K->5179K(21504K)], 0.0051010 secs] [Times: user=0.01 sys=0.01, real=0.01 secs] 
136.842: Total time for which application threads were stopped: 0.0052120 seconds, Stopping threads took: 0.0000370 seconds
137.328: Application time: 0.4854130 seconds
137.328: Total time for which application threads were stopped: 0.0000920 seconds, Stopping threads took: 0.0000640 seconds
137.329: Application time: 0.0010730 seconds
137.329: [Full GC [PSYoungGen: 40448K->0K(47104K)] [ParOldGen: 77685K->73899K(107520K)] 118133K->73899K(154624K) [PSPermGen: 5179K->5179K(21504K)], 0.0048260 secs] [Times: user=0.02 sys=0.00, real=0.01 secs] 
137.334: Total time for which application threads were stopped: 0.0049460 seconds, Stopping threads took: 0.0000400 seconds
137.807: Application time: 0.4734030 seconds
137.807: [Full GC [PSYoungGen: 40448K->0K(47104K)] [ParOldGen: 77527K->75159K(107520K)] 117975K->75159K(154624K) [PSPermGen: 5179K->5179K(21504K)], 0.0050310 secs] [Times: user=0.01 sys=0.00, real=0.00 secs] 
137.812: Total time for which application threads were stopped: 0.0052000 seconds, Stopping threads took: 0.0000720 seconds
138.357: Application time: 0.5447240 seconds
138.357: Total time for which application threads were stopped: 0.0001090 seconds, Stopping threads took: 0.0000810 seconds
138.359: Application time: 0.0013440 seconds
138.359: [Full GC [PSYoungGen: 40448K->0K(47104K)] [ParOldGen: 75770K->74099K(107520K)] 116218K->74099K(154624K) [PSPermGen: 5179K->5179K(21504K)], 0.0047520 secs] [Times: user=0.02 sys=0.00, real=0.01 secs] 
138.363: Total time for which application threads were stopped: 0.0049050 seconds, Stopping threads took: 0.0000600 seconds
138.856: Application time: 0.4921160 seconds
138.856: [Full GC [PSYoungGen: 40448K->0K(47104K)] [ParOldGen: 77941K->75294K(107520K)] 118389K->75294K(154624K) [PSPermGen: 5179K->5179K(21504K)], 0.0047350 secs] [Times: user=0.02 sys=0.00, real=0.00 secs] 
138.860: Total time for which application threads were stopped: 0.0048930 seconds, Stopping threads took: 0.0000700 seconds
139.411: Application time: 0.5508660 seconds
139.412: Total time for which application threads were stopped: 0.0006520 seconds, Stopping threads took: 0.0006150 seconds
139.418: Application time: 0.0057350 seconds
139.418: [Full GC [PSYoungGen: 40428K->0K(47104K)] [ParOldGen: 75699K->74227K(107520K)] 116127K->74227K(154624K) [PSPermGen: 5179K->5179K(21504K)], 0.0048850 secs] [Times: user=0.01 sys=0.00, real=0.01 secs] 
139.423: Total time for which application threads were stopped: 0.0050840 seconds, Stopping threads took: 0.0001150 seconds
140.009: Application time: 0.5866900 seconds
140.010: Total time for which application threads were stopped: 0.0001250 seconds, Stopping threads took: 0.0000810 seconds
140.011: Application time: 0.0013900 seconds
140.011: [Full GC [PSYoungGen: 40441K->0K(47104K)] [ParOldGen: 82456K->74702K(107520K)] 122898K->74702K(154624K) [PSPermGen: 5179K->5179K(21504K)], 0.0047110 secs] [Times: user=0.02 sys=0.00, real=0.01 secs] 
140.016: Total time for which application threads were stopped: 0.0048500 seconds, Stopping threads took: 0.0000530 seconds
140.603: Application time: 0.5867550 seconds
140.603: Total time for which application threads were stopped: 0.0001120 seconds, Stopping threads took: 0.0000810 seconds
140.604: Application time: 0.0014830 seconds
140.604: [Full GC [PSYoungGen: 40448K->0K(47104K)] [ParOldGen: 83303K->74702K(107520K)] 123751K->74702K(154624K) [PSPermGen: 5179K->5179K(21504K)], 0.0050230 secs] [Times: user=0.01 sys=0.00, real=0.00 secs] 
140.609: Total time for which application threads were stopped: 0.0051590 seconds, Stopping threads took: 0.0000530 seconds
141.154: Application time: 0.5444110 seconds
141.154: [Full GC [PSYoungGen: 40448K->0K(47104K)] [ParOldGen: 80177K->75098K(107520K)] 120625K->75098K(154624K) [PSPermGen: 5179K->5179K(21504K)], 0.0047300 secs] [Times: user=0.01 sys=0.00, real=0.00 secs] 
141.159: Total time for which application threads were stopped: 0.0049080 seconds, Stopping threads took: 0.0000800 seconds
141.672: Application time: 0.5131620 seconds
141.672: [Full GC [PSYoungGen: 40410K->0K(47104K)] [ParOldGen: 75098K->74838K(107520K)] 115508K->74838K(154624K) [PSPermGen: 5179K->5179K(21504K)], 0.0050680 secs] [Times: user=0.02 sys=0.00, real=0.01 secs] 
141.677: Total time for which application threads were stopped: 0.0052410 seconds, Stopping threads took: 0.0000750 seconds
142.149: Application time: 0.4718130 seconds
142.149: [Full GC [PSYoungGen: 40415K->0K(47104K)] [ParOldGen: 74838K->75035K(107520K)] 115253K->75035K(154624K) [PSPermGen: 5179K->5179K(21504K)], 0.0050240 secs] [Times: user=0.01 sys=0.00, real=0.01 secs] 
142.154: Total time for which application threads were stopped: 0.0051810 seconds, Stopping threads took: 0.0000670 seconds
142.619: Application time: 0.4647940 seconds
142.619: Total time for which application threads were stopped: 0.0001000 seconds, Stopping threads took: 0.0000750 seconds
142.619: Application time: 0.0000590 seconds
142.619: [Full GC [PSYoungGen: 40403K->0K(47104K)] [ParOldGen: 75170K->75296K(107520K)] 115574K->75296K(154624K) [PSPermGen: 5179K->5179K(21504K)], 0.0050570 secs] [Times: user=0.02 sys=0.00, real=0.01 secs] 
142.624: Total time for which application threads were stopped: 0.0052140 seconds, Stopping threads took: 0.0000780 seconds
143.204: Application time: 0.5795160 seconds
143.204: [Full GC [PSYoungGen: 40448K->0K(47104K)] [ParOldGen: 82271K->74973K(107520K)] 122719K->74973K(154624K) [PSPermGen: 5179K->5179K(21504K)], 0.0049220 secs] [Times: user=0.01 sys=0.00, real=0.00 secs] 
143.209: Total time for which application threads were stopped: 0.0051180 seconds, Stopping threads took: 0.0000880 seconds
143.677: Application time: 0.4679780 seconds
143.677: [Full GC [PSYoungGen: 40403K->0K(47104K)] [ParOldGen: 74973K->75566K(107520K)] 115377K->75566K(154624K) [PSPermGen: 5179K->5179K(21504K)], 0.0051550 secs] [Times: user=0.02 sys=0.00, real=0.01 secs] 
143.682: Total time for which application threads were stopped: 0.0053500 seconds, Stopping threads took: 0.0001050 seconds
144.216: Application time: 0.5340670 seconds
144.216: [Full GC [PSYoungGen: 40225K->0K(47104K)] [ParOldGen: 75566K->74111K(107520K)] 115791K->74111K(154624K) [PSPermGen: 5179K->5179K(21504K)], 0.0048180 secs] [Times: user=0.02 sys=0.00, real=0.00 secs] 
144.221: Total time for which application threads were stopped: 0.0050050 seconds, Stopping threads took: 0.0000840 seconds
144.708: Application time: 0.4863200 seconds
144.708: Total time for which application threads were stopped: 0.0000770 seconds, Stopping threads took: 0.0000580 seconds
144.710: Application time: 0.0018630 seconds
144.710: [Full GC [PSYoungGen: 40404K->0K(47104K)] [ParOldGen: 74310K->74893K(107520K)] 114715K->74893K(154624K) [PSPermGen: 5179K->5179K(21504K)], 0.0046810 secs] [Times: user=0.01 sys=0.00, real=0.01 secs] 
144.714: Total time for which application threads were stopped: 0.0048130 seconds, Stopping threads took: 0.0000520 seconds
145.285: Application time: 0.5702240 seconds
145.285: Total time for which application threads were stopped: 0.0001100 seconds, Stopping threads took: 0.0000800 seconds
145.286: Application time: 0.0015920 seconds
145.286: [Full GC [PSYoungGen: 40448K->0K(47104K)] [ParOldGen: 80640K->74102K(107520K)] 121088K->74102K(154624K) [PSPermGen: 5179K->5179K(21504K)], 0.0047070 secs] [Times: user=0.01 sys=0.00, real=0.00 secs] 
145.291: Total time for which application threads were stopped: 0.0048420 seconds, Stopping threads took: 0.0000520 seconds
145.881: Application time: 0.5902410 seconds
145.882: Total time for which application threads were stopped: 0.0001090 seconds, Stopping threads took: 0.0000780 seconds
145.883: Application time: 0.0016240 seconds
145.883: [Full GC [PSYoungGen: 40448K->0K(47104K)] [ParOldGen: 81007K->73905K(107520K)] 121455K->73905K(154624K) [PSPermGen: 5179K->5179K(21504K)], 0.0049010 secs] [Times: user=0.02 sys=0.00, real=0.00 secs] 
145.888: Total time for which application threads were stopped: 0.0050190 seconds, Stopping threads took: 0.0000360 seconds
146.467: Application time: 0.5784500 seconds
146.467: [Full GC [PSYoungGen: 40444K->0K(47104K)] [ParOldGen: 81745K->74175K(107520K)] 122190K->74175K(154624K) [PSPermGen: 5179K->5179K(21504K)], 0.0047030 secs] [Times: user=0.02 sys=0.00, real=0.00 secs] 
146.472: Total time for which application threads were stopped: 0.0048870 seconds, Stopping threads took: 0.0000860 seconds
146.868: Application time: 0.3964160 seconds
146.868: [Full GC [PSYoungGen: 40336K->0K(47104K)] [ParOldGen: 74175K->75298K(107520K)] 114512K->75298K(154624K) [PSPermGen: 5179K->5179K(21504K)], 0.0051520 secs] [Times: user=0.02 sys=0.00, real=0.00 secs] 
146.873: Total time for which application threads were stopped: 0.0053210 seconds, Stopping threads took: 0.0000810 seconds
147.401: Application time: 0.5280490 seconds
147.401: Total time for which application threads were stopped: 0.0001040 seconds, Stopping threads took: 0.0000730 seconds
147.402: Application time: 0.0010480 seconds
147.403: [Full GC [PSYoungGen: 40447K->0K(47104K)] [ParOldGen: 75897K->74705K(107520K)] 116345K->74705K(154624K) [PSPermGen: 5179K->5179K(21504K)], 0.0050100 secs] [Times: user=0.02 sys=0.00, real=0.00 secs] 
147.408: Total time for which application threads were stopped: 0.0051360 seconds, Stopping threads took: 0.0000450 seconds
147.982: Application time: 0.5746040 seconds
147.982: [Full GC [PSYoungGen: 40448K->0K(47104K)] [ParOldGen: 82071K->74310K(107520K)] 122519K->74310K(154624K) [PSPermGen: 5179K->5179K(21504K)], 0.0049730 secs] [Times: user=0.02 sys=0.00, real=0.00 secs] 
147.987: Total time for which application threads were stopped: 0.0051600 seconds, Stopping threads took: 0.0000830 seconds
148.464: Application time: 0.4765290 seconds
148.464: Total time for which application threads were stopped: 0.0001000 seconds, Stopping threads took: 0.0000770 seconds
148.464: Application time: 0.0003180 seconds
148.464: [Full GC [PSYoungGen: 40413K->0K(47104K)] [ParOldGen: 74509K->74499K(107520K)] 114923K->74499K(154624K) [PSPermGen: 5179K->5179K(21504K)], 0.0049400 secs] [Times: user=0.02 sys=0.00, real=0.00 secs] 
148.469: Total time for which application threads were stopped: 0.0050540 seconds, Stopping threads took: 0.0000330 seconds
149.041: Application time: 0.5714440 seconds
149.041: Total time for which application threads were stopped: 0.0001110 seconds, Stopping threads took: 0.0000830 seconds
149.041: Application time: 0.0003590 seconds
149.041: [Full GC [PSYoungGen: 40448K->0K(47104K)] [ParOldGen: 80032K->74706K(107520K)] 120480K->74706K(154624K) [PSPermGen: 5179K->5179K(21504K)], 0.0049070 secs] [Times: user=0.02 sys=0.00, real=0.01 secs] 
149.046: Total time for which application threads were stopped: 0.0050340 seconds, Stopping threads took: 0.0000450 seconds
149.625: Application time: 0.5789820 seconds
149.625: Total time for which application threads were stopped: 0.0001210 seconds, Stopping threads took: 0.0000950 seconds
149.625: Application time: 0.0000520 seconds
149.626: [Full GC [PSYoungGen: 40448K->0K(47104K)] [ParOldGen: 81817K->74311K(107520K)] 122265K->74311K(154624K) [PSPermGen: 5179K->5179K(21504K)], 0.0049510 secs] [Times: user=0.02 sys=0.00, real=0.00 secs] 
149.631: Total time for which application threads were stopped: 0.0050780 seconds, Stopping threads took: 0.0000470 seconds
150.210: Application time: 0.5791400 seconds
150.210: Total time for which application threads were stopped: 0.0001140 seconds, Stopping threads took: 0.0000840 seconds
150.211: Application time: 0.0011360 seconds
150.211: [Full GC [PSYoungGen: 40448K->0K(47104K)] [ParOldGen: 81270K->74707K(107520K)] 121718K->74707K(154624K) [PSPermGen: 5179K->5179K(21504K)], 0.0048080 secs] [Times: user=0.02 sys=0.00, real=0.01 secs] 
150.216: Total time for which application threads were stopped: 0.0049290 seconds, Stopping threads took: 0.0000420 seconds
150.765: Application time: 0.5489240 seconds
150.765: [Full GC [PSYoungGen: 40448K->0K(47104K)] [ParOldGen: 80992K->75102K(107520K)] 121440K->75102K(154624K) [PSPermGen: 5179K->5179K(21504K)], 0.0051130 secs] [Times: user=0.01 sys=0.00, real=0.00 secs] 
150.770: Total time for which application threads were stopped: 0.0052920 seconds, Stopping threads took: 0.0000830 seconds
151.285: Application time: 0.5152960 seconds
151.286: [Full GC [PSYoungGen: 40268K->0K(47104K)] [ParOldGen: 75102K->75301K(107520K)] 115371K->75301K(154624K) [PSPermGen: 5179K->5179K(21504K)], 0.0051710 secs] [Times: user=0.02 sys=0.00, real=0.00 secs] 
151.291: Total time for which application threads were stopped: 0.0053290 seconds, Stopping threads took: 0.0000570 seconds
151.762: Application time: 0.4713960 seconds
151.762: [Full GC [PSYoungGen: 40214K->0K(47104K)] [ParOldGen: 75301K->74905K(107520K)] 115515K->74905K(154624K) [PSPermGen: 5179K->5179K(21504K)], 0.0049440 secs] [Times: user=0.02 sys=0.00, real=0.00 secs] 
151.767: Total time for which application threads were stopped: 0.0051260 seconds, Stopping threads took: 0.0000920 seconds
152.230: Application time: 0.4624910 seconds
152.230: [Full GC [PSYoungGen: 40425K->0K(47104K)] [ParOldGen: 74905K->75301K(107520K)] 115331K->75301K(154624K) [PSPermGen: 5179K->5179K(21504K)], 0.0049040 secs] [Times: user=0.02 sys=0.00, real=0.01 secs] 
152.235: Total time for which application threads were stopped: 0.0050760 seconds, Stopping threads took: 0.0000720 seconds
152.737: Application time: 0.5016760 seconds
152.737: Total time for which application threads were stopped: 0.0000990 seconds, Stopping threads took: 0.0000700 seconds
152.737: Application time: 0.0000800 seconds
152.737: [Full GC [PSYoungGen: 40405K->0K(47104K)] [ParOldGen: 75570K->74708K(107520K)] 115976K->74708K(154624K) [PSPermGen: 5179K->5179K(21504K)], 0.0049890 secs] [Times: user=0.02 sys=0.00, real=0.01 secs] 
152.742: Total time for which application threads were stopped: 0.0051340 seconds, Stopping threads took: 0.0000640 seconds
153.317: Application time: 0.5753380 seconds
153.317: Total time for which application threads were stopped: 0.0001140 seconds, Stopping threads took: 0.0000840 seconds
153.318: Application time: 0.0008760 seconds
153.318: [Full GC [PSYoungGen: 40448K->0K(47104K)] [ParOldGen: 80671K->74699K(107520K)] 121119K->74699K(154624K) [PSPermGen: 5179K->5179K(21504K)], 0.0047520 secs] [Times: user=0.02 sys=0.00, real=0.01 secs] 
153.323: Total time for which application threads were stopped: 0.0048960 seconds, Stopping threads took: 0.0000570 seconds
153.909: Application time: 0.5860640 seconds
153.909: Total time for which application threads were stopped: 0.0001010 seconds, Stopping threads took: 0.0000700 seconds
153.910: Application time: 0.0010200 seconds
153.910: [Full GC [PSYoungGen: 40448K->0K(47104K)] [ParOldGen: 83419K->74708K(107520K)] 123867K->74708K(154624K) [PSPermGen: 5179K->5179K(21504K)], 0.0048000 secs] [Times: user=0.02 sys=0.00, real=0.01 secs] 
153.915: Total time for which application threads were stopped: 0.0049210 seconds, Stopping threads took: 0.0000400 seconds
154.490: Application time: 0.5751880 seconds
154.491: [Full GC [PSYoungGen: 40448K->0K(47104K)] [ParOldGen: 82222K->74511K(107520K)] 122670K->74511K(154624K) [PSPermGen: 5179K->5179K(21504K)], 0.0048620 secs] [Times: user=0.02 sys=0.00, real=0.01 secs] 
154.495: Total time for which application threads were stopped: 0.0050560 seconds, Stopping threads took: 0.0000970 seconds
154.992: Application time: 0.4960990 seconds
154.992: [Full GC [PSYoungGen: 40409K->0K(47104K)] [ParOldGen: 74511K->74646K(107520K)] 114920K->74646K(154624K) [PSPermGen: 5179K->5179K(21504K)], 0.0047470 secs] [Times: user=0.02 sys=0.00, real=0.01 secs] 
154.996: Total time for which application threads were stopped: 0.0049400 seconds, Stopping threads took: 0.0000900 seconds
155.498: Application time: 0.5015850 seconds
155.498: [Full GC [PSYoungGen: 40340K->0K(47104K)] [ParOldGen: 74646K->75176K(107520K)] 114987K->75176K(154624K) [PSPermGen: 5179K->5179K(21504K)], 0.0049650 secs] [Times: user=0.02 sys=0.00, real=0.01 secs] 
155.503: Total time for which application threads were stopped: 0.0051290 seconds, Stopping threads took: 0.0000670 seconds
155.960: Application time: 0.4568020 seconds
155.960: [Full GC [PSYoungGen: 40207K->0K(47104K)] [ParOldGen: 75176K->74907K(107520K)] 115384K->74907K(154624K) [PSPermGen: 5179K->5179K(21504K)], 0.0051060 secs] [Times: user=0.02 sys=0.00, real=0.01 secs] 
155.965: Total time for which application threads were stopped: 0.0052750 seconds, Stopping threads took: 0.0000800 seconds
156.449: Application time: 0.4835780 seconds
156.449: [Full GC [PSYoungGen: 40412K->0K(47104K)] [ParOldGen: 74907K->74710K(107520K)] 115320K->74710K(154624K) [PSPermGen: 5179K->5179K(21504K)], 0.0049180 secs] [Times: user=0.02 sys=0.00, real=0.01 secs] 
156.454: Total time for which application threads were stopped: 0.0050830 seconds, Stopping threads took: 0.0000660 seconds
156.939: Application time: 0.4854910 seconds
156.940: [Full GC [PSYoungGen: 40362K->0K(47104K)] [ParOldGen: 74710K->74979K(107520K)] 115072K->74979K(154624K) [PSPermGen: 5179K->5179K(21504K)], 0.0048770 secs] [Times: user=0.01 sys=0.00, real=0.01 secs] 
156.944: Total time for which application threads were stopped: 0.0050610 seconds, Stopping threads took: 0.0000930 seconds
157.449: Application time: 0.5046010 seconds
157.449: [Full GC [PSYoungGen: 40322K->0K(47104K)] [ParOldGen: 74979K->75106K(107520K)] 115302K->75106K(154624K) [PSPermGen: 5179K->5179K(21504K)], 0.0048590 secs] [Times: user=0.02 sys=0.00, real=0.01 secs] 
157.454: Total time for which application threads were stopped: 0.0050410 seconds, Stopping threads took: 0.0000850 seconds
157.944: Application time: 0.4894580 seconds
157.944: [Full GC [PSYoungGen: 40214K->0K(47104K)] [ParOldGen: 75106K->74710K(107520K)] 115320K->74710K(154624K) [PSPermGen: 5179K->5179K(21504K)], 0.0049870 secs] [Times: user=0.02 sys=0.00, real=0.00 secs] 
157.949: Total time for which application threads were stopped: 0.0051510 seconds, Stopping threads took: 0.0000760 seconds
158.471: Application time: 0.5225010 seconds
158.471: [Full GC [PSYoungGen: 40267K->0K(47104K)] [ParOldGen: 74710K->74909K(107520K)] 114977K->74909K(154624K) [PSPermGen: 5179K->5179K(21504K)], 0.0047540 secs] [Times: user=0.02 sys=0.00, real=0.01 secs] 
158.476: Total time for which application threads were stopped: 0.0049420 seconds, Stopping threads took: 0.0000870 seconds
158.892: Application time: 0.4161240 seconds
158.892: [Full GC [PSYoungGen: 40210K->0K(47104K)] [ParOldGen: 74909K->75106K(107520K)] 115119K->75106K(154624K) [PSPermGen: 5179K->5179K(21504K)], 0.0049890 secs] [Times: user=0.02 sys=0.00, real=0.01 secs] 
158.897: Total time for which application threads were stopped: 0.0051720 seconds, Stopping threads took: 0.0000930 seconds
159.416: Application time: 0.5188730 seconds
159.416: [Full GC [PSYoungGen: 40383K->0K(47104K)] [ParOldGen: 75106K->74513K(107520K)] 115490K->74513K(154624K) [PSPermGen: 5179K->5179K(21504K)], 0.0050470 secs] [Times: user=0.02 sys=0.00, real=0.00 secs] 
159.422: Total time for which application threads were stopped: 0.0052100 seconds, Stopping threads took: 0.0000660 seconds
159.879: Application time: 0.4574000 seconds
159.879: [Full GC [PSYoungGen: 40431K->0K(47104K)] [ParOldGen: 74513K->75242K(107520K)] 114945K->75242K(154624K) [PSPermGen: 5179K->5179K(21504K)], 0.0047530 secs] [Times: user=0.02 sys=0.00, real=0.01 secs] 
159.884: Total time for which application threads were stopped: 0.0049170 seconds, Stopping threads took: 0.0000750 seconds
160.373: Application time: 0.4895790 seconds
160.374: [Full GC [PSYoungGen: 40277K->0K(47104K)] [ParOldGen: 75242K->75304K(107520K)] 115519K->75304K(154624K) [PSPermGen: 5179K->5179K(21504K)], 0.0049020 secs] [Times: user=0.01 sys=0.01, real=0.01 secs] 
160.379: Total time for which application threads were stopped: 0.0050800 seconds, Stopping threads took: 0.0000810 seconds
160.933: Application time: 0.5541890 seconds
160.933: [Full GC [PSYoungGen: 40284K->0K(47104K)] [ParOldGen: 75304K->74317K(107520K)] 115589K->74317K(154624K) [PSPermGen: 5179K->5179K(21504K)], 0.0048880 secs] [Times: user=0.02 sys=0.00, real=0.01 secs] 
160.938: Total time for which application threads were stopped: 0.0050650 seconds, Stopping threads took: 0.0000760 seconds
161.355: Application time: 0.4172230 seconds
161.355: [Full GC [PSYoungGen: 40201K->0K(47104K)] [ParOldGen: 74317K->75107K(107520K)] 114518K->75107K(154624K) [PSPermGen: 5179K->5179K(21504K)], 0.0050400 secs] [Times: user=0.02 sys=0.00, real=0.00 secs] 
161.360: Total time for which application threads were stopped: 0.0052230 seconds, Stopping threads took: 0.0000930 seconds
161.867: Application time: 0.5064580 seconds
161.867: [Full GC [PSYoungGen: 40389K->0K(47104K)] [ParOldGen: 75107K->75108K(107520K)] 115497K->75108K(154624K) [PSPermGen: 5179K->5179K(21504K)], 0.0050260 secs] [Times: user=0.01 sys=0.00, real=0.00 secs] 
161.872: Total time for which application threads were stopped: 0.0052060 seconds, Stopping threads took: 0.0000850 seconds
162.330: Application time: 0.4585280 seconds
162.331: [Full GC [PSYoungGen: 40289K->0K(47104K)] [ParOldGen: 75108K->75306K(107520K)] 115397K->75306K(154624K) [PSPermGen: 5179K->5179K(21504K)], 0.0050270 secs] [Times: user=0.02 sys=0.00, real=0.01 secs] 
162.336: Total time for which application threads were stopped: 0.0052280 seconds, Stopping threads took: 0.0001090 seconds
162.860: Application time: 0.5247670 seconds
162.861: [Full GC [PSYoungGen: 40429K->0K(47104K)] [ParOldGen: 75306K->74847K(107520K)] 115735K->74847K(154624K) [PSPermGen: 5179K->5179K(21504K)], 0.0050890 secs] [Times: user=0.02 sys=0.00, real=0.01 secs] 
162.866: Total time for which application threads were stopped: 0.0052970 seconds, Stopping threads took: 0.0000970 seconds
163.351: Application time: 0.4851110 seconds
163.351: [Full GC [PSYoungGen: 40392K->0K(47104K)] [ParOldGen: 74847K->74848K(107520K)] 115240K->74848K(154624K) [PSPermGen: 5179K->5179K(21504K)], 0.0049020 secs] [Times: user=0.02 sys=0.00, real=0.01 secs] 
163.356: Total time for which application threads were stopped: 0.0050610 seconds, Stopping threads took: 0.0000740 seconds
163.846: Application time: 0.4896440 seconds
163.846: [Full GC [PSYoungGen: 40280K->0K(47104K)] [ParOldGen: 74848K->74911K(107520K)] 115128K->74911K(154624K) [PSPermGen: 5179K->5179K(21504K)], 0.0047830 secs] [Times: user=0.02 sys=0.00, real=0.00 secs] 
163.851: Total time for which application threads were stopped: 0.0049920 seconds, Stopping threads took: 0.0001120 seconds
164.304: Application time: 0.4532150 seconds
164.304: Total time for which application threads were stopped: 0.0000990 seconds, Stopping threads took: 0.0000770 seconds
164.304: Application time: 0.0003420 seconds
164.304: [Full GC [PSYoungGen: 40412K->0K(47104K)] [ParOldGen: 75180K->74507K(107520K)] 115593K->74507K(154624K) [PSPermGen: 5179K->5179K(21504K)], 0.0048210 secs] [Times: user=0.01 sys=0.00, real=0.00 secs] 
164.309: Total time for which application threads were stopped: 0.0049500 seconds, Stopping threads took: 0.0000430 seconds
164.870: Application time: 0.5606560 seconds
164.870: [Full GC [PSYoungGen: 40448K->0K(47104K)] [ParOldGen: 78755K->74309K(107520K)] 119203K->74309K(154624K) [PSPermGen: 5179K->5179K(21504K)], 0.0045350 secs] [Times: user=0.01 sys=0.00, real=0.01 secs] 
164.875: Total time for which application threads were stopped: 0.0047070 seconds, Stopping threads took: 0.0000710 seconds
165.329: Application time: 0.4540900 seconds
165.329: [Full GC [PSYoungGen: 40427K->0K(47104K)] [ParOldGen: 74309K->74849K(107520K)] 114737K->74849K(154624K) [PSPermGen: 5179K->5179K(21504K)], 0.0046970 secs] [Times: user=0.01 sys=0.00, real=0.00 secs] 
165.333: Total time for which application threads were stopped: 0.0048620 seconds, Stopping threads took: 0.0000760 seconds
165.847: Application time: 0.5135870 seconds
165.847: [Full GC [PSYoungGen: 40257K->0K(47104K)] [ParOldGen: 74849K->74912K(107520K)] 115106K->74912K(154624K) [PSPermGen: 5179K->5179K(21504K)], 0.0051670 secs] [Times: user=0.02 sys=0.00, real=0.00 secs] 
165.852: Total time for which application threads were stopped: 0.0053460 seconds, Stopping threads took: 0.0000800 seconds
166.362: Application time: 0.5098540 seconds
166.362: Total time for which application threads were stopped: 0.0001110 seconds, Stopping threads took: 0.0000790 seconds
166.362: Application time: 0.0000620 seconds
166.363: [Full GC [PSYoungGen: 40412K->0K(47104K)] [ParOldGen: 75047K->74642K(107520K)] 115459K->74642K(154624K) [PSPermGen: 5179K->5179K(21504K)], 0.0047550 secs] [Times: user=0.02 sys=0.00, real=0.00 secs] 
166.367: Total time for which application threads were stopped: 0.0048800 seconds, Stopping threads took: 0.0000450 seconds
166.953: Application time: 0.5860610 seconds
166.954: Total time for which application threads were stopped: 0.0001040 seconds, Stopping threads took: 0.0000740 seconds
166.954: Application time: 0.0000510 seconds
166.954: [Full GC [PSYoungGen: 40448K->0K(47104K)] [ParOldGen: 81474K->74508K(107520K)] 121922K->74508K(154624K) [PSPermGen: 5179K->5179K(21504K)], 0.0047680 secs] [Times: user=0.02 sys=0.00, real=0.00 secs] 
166.958: Total time for which application threads were stopped: 0.0048840 seconds, Stopping threads took: 0.0000340 seconds
167.522: Application time: 0.5634460 seconds
167.522: [Full GC [PSYoungGen: 40448K->0K(47104K)] [ParOldGen: 80998K->74912K(107520K)] 121446K->74912K(154624K) [PSPermGen: 5179K->5179K(21504K)], 0.0050350 secs] [Times: user=0.01 sys=0.00, real=0.00 secs] 
167.527: Total time for which application threads were stopped: 0.0051980 seconds, Stopping threads took: 0.0000680 seconds
167.936: Application time: 0.4091430 seconds
167.936: [Full GC [PSYoungGen: 40405K->0K(47104K)] [ParOldGen: 74912K->75048K(107520K)] 115318K->75048K(154624K) [PSPermGen: 5179K->5179K(21504K)], 0.0049500 secs] [Times: user=0.01 sys=0.00, real=0.00 secs] 
167.941: Total time for which application threads were stopped: 0.0051350 seconds, Stopping threads took: 0.0000940 seconds
168.478: Application time: 0.5369750 seconds
168.478: [Full GC [PSYoungGen: 40284K->0K(47104K)] [ParOldGen: 75048K->74311K(107520K)] 115332K->74311K(154624K) [PSPermGen: 5179K->5179K(21504K)], 0.0047600 secs] [Times: user=0.01 sys=0.00, real=0.01 secs] 
168.483: Total time for which application threads were stopped: 0.0049320 seconds, Stopping threads took: 0.0000780 seconds
168.937: Application time: 0.4536490 seconds
168.937: [Full GC [PSYoungGen: 40416K->0K(47104K)] [ParOldGen: 74311K->75246K(107520K)] 114728K->75246K(154624K) [PSPermGen: 5179K->5179K(21504K)], 0.0049270 secs] [Times: user=0.02 sys=0.00, real=0.01 secs] 
168.942: Total time for which application threads were stopped: 0.0050910 seconds, Stopping threads took: 0.0000770 seconds
169.449: Application time: 0.5074050 seconds
169.450: Total time for which application threads were stopped: 0.0001030 seconds, Stopping threads took: 0.0000720 seconds
169.450: Application time: 0.0007930 seconds
169.450: [Full GC [PSYoungGen: 40400K->0K(47104K)] [ParOldGen: 75310K->75111K(107520K)] 115710K->75111K(154624K) [PSPermGen: 5179K->5179K(21504K)], 0.0051580 secs] [Times: user=0.02 sys=0.00, real=0.01 secs] 
169.456: Total time for which application threads were stopped: 0.0052990 seconds, Stopping threads took: 0.0000590 seconds
169.998: Application time: 0.5426770 seconds
169.998: [Full GC [PSYoungGen: 40448K->0K(47104K)] [ParOldGen: 78399K->74939K(107520K)] 118847K->74939K(154624K) [PSPermGen: 5179K->5179K(21504K)], 0.0048540 secs] [Times: user=0.02 sys=0.00, real=0.01 secs] 
170.003: Total time for which application threads were stopped: 0.0050580 seconds, Stopping threads took: 0.0001050 seconds
170.494: Application time: 0.4910880 seconds
170.495: [Full GC [PSYoungGen: 40420K->0K(47104K)] [ParOldGen: 74939K->74914K(107520K)] 115359K->74914K(154624K) [PSPermGen: 5179K->5179K(21504K)], 0.0047840 secs] [Times: user=0.01 sys=0.00, real=0.00 secs] 
170.499: Total time for which application threads were stopped: 0.0049600 seconds, Stopping threads took: 0.0000860 seconds
170.965: Application time: 0.4659870 seconds
170.966: [Full GC [PSYoungGen: 40414K->0K(47104K)] [ParOldGen: 74914K->74914K(107520K)] 115329K->74914K(154624K) [PSPermGen: 5179K->5179K(21504K)], 0.0048570 secs] [Times: user=0.02 sys=0.00, real=0.00 secs] 
170.970: Total time for which application threads were stopped: 0.0050240 seconds, Stopping threads took: 0.0000710 seconds
171.463: Application time: 0.4926250 seconds
171.463: [Full GC [PSYoungGen: 40345K->0K(47104K)] [ParOldGen: 74914K->74717K(107520K)] 115259K->74717K(154624K) [PSPermGen: 5179K->5179K(21504K)], 0.0047930 secs] [Times: user=0.02 sys=0.00, real=0.00 secs] 
171.468: Total time for which application threads were stopped: 0.0049710 seconds, Stopping threads took: 0.0000870 seconds
171.956: Application time: 0.4881830 seconds
171.956: Total time for which application threads were stopped: 0.0001320 seconds, Stopping threads took: 0.0001040 seconds
171.957: Application time: 0.0002420 seconds
171.957: [Full GC [PSYoungGen: 40347K->0K(47104K)] [ParOldGen: 75121K->74717K(107520K)] 115469K->74717K(154624K) [PSPermGen: 5179K->5179K(21504K)], 0.0047500 secs] [Times: user=0.02 sys=0.00, real=0.00 secs] 
171.961: Total time for which application threads were stopped: 0.0048800 seconds, Stopping threads took: 0.0000510 seconds
172.513: Application time: 0.5511880 seconds
172.513: [Full GC [PSYoungGen: 40448K->0K(47104K)] [ParOldGen: 79860K->75112K(107520K)] 120308K->75112K(154624K) [PSPermGen: 5179K->5179K(21504K)], 0.0048800 secs] [Times: user=0.01 sys=0.00, real=0.01 secs] 
172.518: Total time for which application threads were stopped: 0.0050550 seconds, Stopping threads took: 0.0000740 seconds
173.005: Application time: 0.4875970 seconds
173.005: [Full GC [PSYoungGen: 40389K->0K(47104K)] [ParOldGen: 75112K->74915K(107520K)] 115502K->74915K(154624K) [PSPermGen: 5179K->5179K(21504K)], 0.0050610 secs] [Times: user=0.01 sys=0.00, real=0.00 secs] 
173.011: Total time for which application threads were stopped: 0.0052360 seconds, Stopping threads took: 0.0000880 seconds
173.506: Application time: 0.4952810 seconds
173.506: [Full GC [PSYoungGen: 40414K->0K(47104K)] [ParOldGen: 74915K->74915K(107520K)] 115330K->74915K(154624K) [PSPermGen: 5179K->5179K(21504K)], 0.0051490 secs] [Times: user=0.02 sys=0.01, real=0.00 secs] 
173.511: Total time for which application threads were stopped: 0.0053450 seconds, Stopping threads took: 0.0000960 seconds
173.974: Application time: 0.4629360 seconds
173.974: [Full GC [PSYoungGen: 40405K->0K(47104K)] [ParOldGen: 74915K->75248K(107520K)] 115321K->75248K(154624K) [PSPermGen: 5179K->5179K(21504K)], 0.0050180 secs] [Times: user=0.02 sys=0.00, real=0.00 secs] 
173.979: Total time for which application threads were stopped: 0.0052070 seconds, Stopping threads took: 0.0001010 seconds
174.469: Application time: 0.4895220 seconds
174.469: [Full GC [PSYoungGen: 40423K->0K(47104K)] [ParOldGen: 75248K->74655K(107520K)] 115672K->74655K(154624K) [PSPermGen: 5179K->5179K(21504K)], 0.0250010 secs] [Times: user=0.16 sys=0.00, real=0.03 secs] 
174.494: Total time for which application threads were stopped: 0.0251820 seconds, Stopping threads took: 0.0000820 seconds
174.983: Application time: 0.4893930 seconds
174.984: [Full GC [PSYoungGen: 40441K->0K(47104K)] [ParOldGen: 74655K->74917K(107520K)] 115096K->74917K(154624K) [PSPermGen: 5179K->5179K(21504K)], 0.0050260 secs] [Times: user=0.02 sys=0.00, real=0.00 secs] 
174.989: Total time for which application threads were stopped: 0.0052080 seconds, Stopping threads took: 0.0000800 seconds
175.481: Application time: 0.4924470 seconds
175.481: [Full GC [PSYoungGen: 40319K->0K(47104K)] [ParOldGen: 74917K->74719K(107520K)] 115236K->74719K(154624K) [PSPermGen: 5179K->5179K(21504K)], 0.0049750 secs] [Times: user=0.01 sys=0.00, real=0.01 secs] 
175.486: Total time for which application threads were stopped: 0.0051360 seconds, Stopping threads took: 0.0000690 seconds
175.993: Application time: 0.5067270 seconds
175.993: [Full GC [PSYoungGen: 40412K->0K(47104K)] [ParOldGen: 74719K->74719K(107520K)] 115131K->74719K(154624K) [PSPermGen: 5179K->5179K(21504K)], 0.0049460 secs] [Times: user=0.02 sys=0.00, real=0.01 secs] 
175.998: Total time for which application threads were stopped: 0.0051300 seconds, Stopping threads took: 0.0000830 seconds
176.443: Application time: 0.4447080 seconds
176.443: [Full GC [PSYoungGen: 40395K->0K(47104K)] [ParOldGen: 74719K->75447K(107520K)] 115114K->75447K(154624K) [PSPermGen: 5179K->5179K(21504K)], 0.0051060 secs] [Times: user=0.02 sys=0.00, real=0.00 secs] 
176.448: Total time for which application threads were stopped: 0.0052870 seconds, Stopping threads took: 0.0000930 seconds
176.942: Application time: 0.4935880 seconds
176.942: [Full GC [PSYoungGen: 40288K->0K(47104K)] [ParOldGen: 75447K->74917K(107520K)] 115736K->74917K(154624K) [PSPermGen: 5179K->5179K(21504K)], 0.0046520 secs] [Times: user=0.01 sys=0.00, real=0.00 secs] 
176.947: Total time for which application threads were stopped: 0.0048260 seconds, Stopping threads took: 0.0000780 seconds
177.444: Application time: 0.4978980 seconds
177.445: [Full GC [PSYoungGen: 40384K->0K(47104K)] [ParOldGen: 74917K->74522K(107520K)] 115302K->74522K(154624K) [PSPermGen: 5179K->5179K(21504K)], 0.0048030 secs] [Times: user=0.02 sys=0.01, real=0.00 secs] 
177.449: Total time for which application threads were stopped: 0.0049830 seconds, Stopping threads took: 0.0000810 seconds
177.929: Application time: 0.4800640 seconds
177.930: Total time for which application threads were stopped: 0.0000940 seconds, Stopping threads took: 0.0000710 seconds
177.930: Application time: 0.0002730 seconds
177.930: [Full GC [PSYoungGen: 40447K->0K(47104K)] [ParOldGen: 74990K->74522K(107520K)] 115438K->74522K(154624K) [PSPermGen: 5179K->5179K(21504K)], 0.0049460 secs] [Times: user=0.02 sys=0.00, real=0.01 secs] 
177.935: Total time for which application threads were stopped: 0.0050790 seconds, Stopping threads took: 0.0000410 seconds
178.493: Application time: 0.5578970 seconds
178.493: [Full GC [PSYoungGen: 40448K->0K(47104K)] [ParOldGen: 80473K->75313K(107520K)] 120921K->75313K(154624K) [PSPermGen: 5179K->5179K(21504K)], 0.0048890 secs] [Times: user=0.02 sys=0.00, real=0.01 secs] 
178.498: Total time for which application threads were stopped: 0.0050730 seconds, Stopping threads took: 0.0000890 seconds
178.999: Application time: 0.5007180 seconds
178.999: [Full GC [PSYoungGen: 40390K->0K(47104K)] [ParOldGen: 75313K->75116K(107520K)] 115703K->75116K(154624K) [PSPermGen: 5179K->5179K(21504K)], 0.0049940 secs] [Times: user=0.02 sys=0.00, real=0.01 secs] 
179.004: Total time for which application threads were stopped: 0.0051710 seconds, Stopping threads took: 0.0000760 seconds
179.516: Application time: 0.5124730 seconds
179.516: [Full GC [PSYoungGen: 40423K->0K(47104K)] [ParOldGen: 75116K->74523K(107520K)] 115540K->74523K(154624K) [PSPermGen: 5179K->5179K(21504K)], 0.0048170 secs] [Times: user=0.01 sys=0.00, real=0.00 secs] 
179.521: Total time for which application threads were stopped: 0.0050070 seconds, Stopping threads took: 0.0000920 seconds
179.994: Application time: 0.4729410 seconds
179.994: Total time for which application threads were stopped: 0.0001020 seconds, Stopping threads took: 0.0000790 seconds
179.995: Application time: 0.0002330 seconds
179.995: [Full GC [PSYoungGen: 40403K->0K(47104K)] [ParOldGen: 74722K->74523K(107520K)] 115125K->74523K(154624K) [PSPermGen: 5179K->5179K(21504K)], 0.0050020 secs] [Times: user=0.02 sys=0.00, real=0.00 secs] 
180.000: Total time for which application threads were stopped: 0.0051190 seconds, Stopping threads took: 0.0000390 seconds
180.518: Application time: 0.5181230 seconds
180.518: [Full GC [PSYoungGen: 40448K->0K(47104K)] [ParOldGen: 79666K->74919K(107520K)] 120114K->74919K(154624K) [PSPermGen: 5179K->5179K(21504K)], 0.0047860 secs] [Times: user=0.02 sys=0.00, real=0.01 secs] 
180.523: Total time for which application threads were stopped: 0.0049530 seconds, Stopping threads took: 0.0000710 seconds
181.032: Application time: 0.5091960 seconds
181.032: [Full GC [PSYoungGen: 40384K->0K(47104K)] [ParOldGen: 74919K->74523K(107520K)] 115303K->74523K(154624K) [PSPermGen: 5179K->5179K(21504K)], 0.0048630 secs] [Times: user=0.02 sys=0.00, real=0.01 secs] 
181.037: Total time for which application threads were stopped: 0.0050410 seconds, Stopping threads took: 0.0000780 seconds
181.520: Application time: 0.4831990 seconds
181.520: Total time for which application threads were stopped: 0.0000920 seconds, Stopping threads took: 0.0000690 seconds
181.520: Application time: 0.0001080 seconds
181.520: [Full GC [PSYoungGen: 40370K->0K(47104K)] [ParOldGen: 74658K->74919K(107520K)] 115029K->74919K(154624K) [PSPermGen: 5179K->5179K(21504K)], 0.0048490 secs] [Times: user=0.02 sys=0.00, real=0.01 secs] 
181.525: Total time for which application threads were stopped: 0.0049730 seconds, Stopping threads took: 0.0000410 seconds
182.083: Application time: 0.5572390 seconds
182.083: Total time for which application threads were stopped: 0.0000980 seconds, Stopping threads took: 0.0000720 seconds
182.084: Application time: 0.0011410 seconds
182.084: [Full GC [PSYoungGen: 40448K->0K(47104K)] [ParOldGen: 79460K->74721K(107520K)] 119908K->74721K(154624K) [PSPermGen: 5179K->5179K(21504K)], 0.0048510 secs] [Times: user=0.01 sys=0.00, real=0.00 secs] 
182.089: Total time for which application threads were stopped: 0.0049890 seconds, Stopping threads took: 0.0000570 seconds
182.599: Application time: 0.5103290 seconds
182.599: [Full GC [PSYoungGen: 40448K->0K(47104K)] [ParOldGen: 77714K->75117K(107520K)] 118162K->75117K(154624K) [PSPermGen: 5179K->5179K(21504K)], 0.0048800 secs] [Times: user=0.02 sys=0.00, real=0.01 secs] 
182.604: Total time for which application threads were stopped: 0.0050340 seconds, Stopping threads took: 0.0000550 seconds
183.116: Application time: 0.5118610 seconds
183.116: [Full GC [PSYoungGen: 40421K->0K(47104K)] [ParOldGen: 75117K->74524K(107520K)] 115539K->74524K(154624K) [PSPermGen: 5179K->5179K(21504K)], 0.0049750 secs] [Times: user=0.01 sys=0.00, real=0.00 secs] 
183.121: Total time for which application threads were stopped: 0.0051580 seconds, Stopping threads took: 0.0000800 seconds
183.585: Application time: 0.4638820 seconds
183.585: [Full GC [PSYoungGen: 40448K->0K(47104K)] [ParOldGen: 74524K->74748K(107520K)] 114972K->74748K(154624K) [PSPermGen: 5179K->5179K(21504K)], 0.0046680 secs] [Times: user=0.02 sys=0.00, real=0.00 secs] 
183.590: Total time for which application threads were stopped: 0.0048450 seconds, Stopping threads took: 0.0000880 seconds
184.068: Application time: 0.4783050 seconds
184.068: [Full GC [PSYoungGen: 40238K->0K(47104K)] [ParOldGen: 74748K->74920K(107520K)] 114986K->74920K(154624K) [PSPermGen: 5179K->5179K(21504K)], 0.0049180 secs] [Times: user=0.02 sys=0.00, real=0.00 secs] 
184.073: Total time for which application threads were stopped: 0.0051080 seconds, Stopping threads took: 0.0000870 seconds
184.566: Application time: 0.4930130 seconds
184.566: [Full GC [PSYoungGen: 40377K->0K(47104K)] [ParOldGen: 74920K->75118K(107520K)] 115297K->75118K(154624K) [PSPermGen: 5179K->5179K(21504K)], 0.0050030 secs] [Times: user=0.02 sys=0.00, real=0.00 secs] 
184.572: Total time for which application threads were stopped: 0.0051630 seconds, Stopping threads took: 0.0000730 seconds
185.061: Application time: 0.4893150 seconds
185.061: [Full GC [PSYoungGen: 40307K->0K(47104K)] [ParOldGen: 75118K->75119K(107520K)] 115426K->75119K(154624K) [PSPermGen: 5179K->5179K(21504K)], 0.0047760 secs] [Times: user=0.02 sys=0.00, real=0.01 secs] 
185.066: Total time for which application threads were stopped: 0.0049680 seconds, Stopping threads took: 0.0000930 seconds
185.589: Application time: 0.5233380 seconds
185.589: [Full GC [PSYoungGen: 40432K->0K(47104K)] [ParOldGen: 75119K->74660K(107520K)] 115551K->74660K(154624K) [PSPermGen: 5179K->5179K(21504K)], 0.0049130 secs] [Times: user=0.02 sys=0.00, real=0.01 secs] 
185.594: Total time for which application threads were stopped: 0.0050980 seconds, Stopping threads took: 0.0000900 seconds
186.016: Application time: 0.4216100 seconds
186.016: [Full GC [PSYoungGen: 40324K->0K(47104K)] [ParOldGen: 74660K->75191K(107520K)] 114985K->75191K(154624K) [PSPermGen: 5179K->5179K(21504K)], 0.0052460 secs] [Times: user=0.02 sys=0.00, real=0.00 secs] 
186.021: Total time for which application threads were stopped: 0.0054210 seconds, Stopping threads took: 0.0000850 seconds
186.542: Application time: 0.5204960 seconds
186.546: [Full GC [PSYoungGen: 40421K->0K(47104K)] [ParOldGen: 75191K->74391K(107520K)] 115612K->74391K(154624K) [PSPermGen: 5179K->5179K(21504K)], 0.0046980 secs] [Times: user=0.02 sys=0.00, real=0.00 secs] 
186.550: Total time for which application threads were stopped: 0.0086690 seconds, Stopping threads took: 0.0038730 seconds
187.009: Application time: 0.4584880 seconds
187.009: [Full GC [PSYoungGen: 40307K->0K(47104K)] [ParOldGen: 74391K->74922K(107520K)] 114699K->74922K(154624K) [PSPermGen: 5179K->5179K(21504K)], 0.0049550 secs] [Times: user=0.01 sys=0.00, real=0.01 secs] 
187.014: Total time for which application threads were stopped: 0.0051370 seconds, Stopping threads took: 0.0000930 seconds
187.546: Application time: 0.5315080 seconds
187.546: [Full GC [PSYoungGen: 40306K->0K(47104K)] [ParOldGen: 74922K->74922K(107520K)] 115228K->74922K(154624K) [PSPermGen: 5179K->5179K(21504K)], 0.0049590 secs] [Times: user=0.02 sys=0.00, real=0.00 secs] 
187.551: Total time for which application threads were stopped: 0.0051320 seconds, Stopping threads took: 0.0000720 seconds
188.030: Application time: 0.4797210 seconds
188.031: [Full GC [PSYoungGen: 40434K->0K(47104K)] [ParOldGen: 74922K->74464K(107520K)] 115356K->74464K(154624K) [PSPermGen: 5179K->5179K(21504K)], 0.0050250 secs] [Times: user=0.01 sys=0.00, real=0.01 secs] 
188.036: Total time for which application threads were stopped: 0.0052120 seconds, Stopping threads took: 0.0000940 seconds
188.506: Application time: 0.4703300 seconds
188.506: [Full GC [PSYoungGen: 40384K->0K(47104K)] [ParOldGen: 74464K->75057K(107520K)] 114848K->75057K(154624K) [PSPermGen: 5179K->5179K(21504K)], 0.0049100 secs] [Times: user=0.02 sys=0.00, real=0.00 secs] 
188.511: Total time for which application threads were stopped: 0.0050930 seconds, Stopping threads took: 0.0000840 seconds
188.985: Application time: 0.4737730 seconds
188.985: [Full GC [PSYoungGen: 40414K->0K(47104K)] [ParOldGen: 75057K->75057K(107520K)] 115472K->75057K(154624K) [PSPermGen: 5179K->5179K(21504K)], 0.0049540 secs] [Times: user=0.02 sys=0.01, real=0.00 secs] 
188.990: Total time for which application threads were stopped: 0.0051270 seconds, Stopping threads took: 0.0000810 seconds
189.477: Application time: 0.4866490 seconds
189.477: [Full GC [PSYoungGen: 40314K->0K(47104K)] [ParOldGen: 75057K->75192K(107520K)] 115371K->75192K(154624K) [PSPermGen: 5179K->5179K(21504K)], 0.0051030 secs] [Times: user=0.02 sys=0.00, real=0.01 secs] 
189.482: Total time for which application threads were stopped: 0.0053140 seconds, Stopping threads took: 0.0001070 seconds
189.985: Application time: 0.5025370 seconds
189.985: [Full GC [PSYoungGen: 40248K->0K(47104K)] [ParOldGen: 75192K->74725K(107520K)] 115441K->74725K(154624K) [PSPermGen: 5179K->5179K(21504K)], 0.0047270 secs] [Times: user=0.02 sys=0.00, real=0.00 secs] 
189.989: Total time for which application threads were stopped: 0.0049030 seconds, Stopping threads took: 0.0000780 seconds
190.493: Application time: 0.5039190 seconds
190.493: [Full GC [PSYoungGen: 40288K->0K(47104K)] [ParOldGen: 74725K->74923K(107520K)] 115014K->74923K(154624K) [PSPermGen: 5179K->5179K(21504K)], 0.0050320 secs] [Times: user=0.01 sys=0.00, real=0.01 secs] 
190.499: Total time for which application threads were stopped: 0.0052170 seconds, Stopping threads took: 0.0000890 seconds
190.978: Application time: 0.4793030 seconds
190.978: [Full GC [PSYoungGen: 40191K->0K(47104K)] [ParOldGen: 74923K->74528K(107520K)] 115115K->74528K(154624K) [PSPermGen: 5179K->5179K(21504K)], 0.0049080 secs] [Times: user=0.02 sys=0.00, real=0.01 secs] 
190.983: Total time for which application threads were stopped: 0.0050750 seconds, Stopping threads took: 0.0000810 seconds
191.419: Application time: 0.4355690 seconds
191.419: [Full GC [PSYoungGen: 40201K->0K(47104K)] [ParOldGen: 74528K->75319K(107520K)] 114730K->75319K(154624K) [PSPermGen: 5179K->5179K(21504K)], 0.0049170 secs] [Times: user=0.02 sys=0.00, real=0.01 secs] 
191.424: Total time for which application threads were stopped: 0.0050890 seconds, Stopping threads took: 0.0000770 seconds
191.938: Application time: 0.5147070 seconds
191.938: [Full GC [PSYoungGen: 40438K->0K(47104K)] [ParOldGen: 75319K->74331K(107520K)] 115758K->74331K(154624K) [PSPermGen: 5179K->5179K(21504K)], 0.0047800 secs] [Times: user=0.02 sys=0.00, real=0.01 secs] 
191.943: Total time for which application threads were stopped: 0.0049470 seconds, Stopping threads took: 0.0000680 seconds
192.397: Application time: 0.4534910 seconds
192.397: Total time for which application threads were stopped: 0.0000960 seconds, Stopping threads took: 0.0000730 seconds
192.397: Application time: 0.0006400 seconds
192.398: [Full GC [PSYoungGen: 40316K->0K(47104K)] [ParOldGen: 74466K->75320K(107520K)] 114782K->75320K(154624K) [PSPermGen: 5179K->5179K(21504K)], 0.0047440 secs] [Times: user=0.01 sys=0.00, real=0.01 secs] 
192.402: Total time for which application threads were stopped: 0.0048680 seconds, Stopping threads took: 0.0000440 seconds
192.956: Application time: 0.5537020 seconds
192.956: [Full GC [PSYoungGen: 40448K->0K(47104K)] [ParOldGen: 78995K->74592K(107520K)] 119443K->74592K(154624K) [PSPermGen: 5179K->5179K(21504K)], 0.0051030 secs] [Times: user=0.02 sys=0.00, real=0.00 secs] 
192.961: Total time for which application threads were stopped: 0.0052670 seconds, Stopping threads took: 0.0000670 seconds
193.456: Application time: 0.4945630 seconds
193.456: Total time for which application threads were stopped: 0.0001100 seconds, Stopping threads took: 0.0000880 seconds
193.456: Application time: 0.0004500 seconds
193.457: [Full GC [PSYoungGen: 40370K->0K(47104K)] [ParOldGen: 74861K->75122K(107520K)] 115232K->75122K(154624K) [PSPermGen: 5179K->5179K(21504K)], 0.0048670 secs] [Times: user=0.01 sys=0.00, real=0.00 secs] 
193.461: Total time for which application threads were stopped: 0.0049970 seconds, Stopping threads took: 0.0000480 seconds
194.005: Application time: 0.5434810 seconds
194.005: [Full GC [PSYoungGen: 40448K->0K(47104K)] [ParOldGen: 79455K->75122K(107520K)] 119903K->75122K(154624K) [PSPermGen: 5179K->5179K(21504K)], 0.0047990 secs] [Times: user=0.02 sys=0.00, real=0.00 secs] 
194.010: Total time for which application threads were stopped: 0.0049640 seconds, Stopping threads took: 0.0000700 seconds
194.484: Application time: 0.4742430 seconds
194.484: [Full GC [PSYoungGen: 40195K->0K(47104K)] [ParOldGen: 75122K->74728K(107520K)] 115318K->74728K(154624K) [PSPermGen: 5179K->5179K(21504K)], 0.0048240 secs] [Times: user=0.02 sys=0.00, real=0.00 secs] 
194.489: Total time for which application threads were stopped: 0.0050000 seconds, Stopping threads took: 0.0000870 seconds
194.965: Application time: 0.4756250 seconds
194.965: [Full GC [PSYoungGen: 40217K->0K(47104K)] [ParOldGen: 74728K->74126K(107520K)] 114945K->74126K(154624K) [PSPermGen: 5179K->5179K(21504K)], 0.0047220 secs] [Times: user=0.02 sys=0.00, real=0.00 secs] 
194.970: Total time for which application threads were stopped: 0.0048920 seconds, Stopping threads took: 0.0000760 seconds
195.446: Application time: 0.4761100 seconds
195.446: [Full GC [PSYoungGen: 40368K->0K(47104K)] [ParOldGen: 74126K->75123K(107520K)] 114494K->75123K(154624K) [PSPermGen: 5179K->5179K(21504K)], 0.0050880 secs] [Times: user=0.02 sys=0.00, real=0.00 secs] 
195.451: Total time for which application threads were stopped: 0.0052550 seconds, Stopping threads took: 0.0000780 seconds
195.952: Application time: 0.5006630 seconds
195.952: [Full GC [PSYoungGen: 40382K->0K(47104K)] [ParOldGen: 75123K->74998K(107520K)] 115506K->74998K(154624K) [PSPermGen: 5179K->5179K(21504K)], 0.0050660 secs] [Times: user=0.02 sys=0.00, real=0.01 secs] 
195.957: Total time for which application threads were stopped: 0.0052660 seconds, Stopping threads took: 0.0001000 seconds
196.452: Application time: 0.4952640 seconds
196.452: Total time for which application threads were stopped: 0.0001240 seconds, Stopping threads took: 0.0000980 seconds
196.453: Application time: 0.0007480 seconds
196.453: [Full GC [PSYoungGen: 40444K->0K(47104K)] [ParOldGen: 75197K->74126K(107520K)] 115641K->74126K(154624K) [PSPermGen: 5179K->5179K(21504K)], 0.0047540 secs] [Times: user=0.02 sys=0.00, real=0.01 secs] 
196.458: Total time for which application threads were stopped: 0.0048990 seconds, Stopping threads took: 0.0000520 seconds
196.999: Application time: 0.5413170 seconds
196.999: Total time for which application threads were stopped: 0.0001020 seconds, Stopping threads took: 0.0000720 seconds
197.000: Application time: 0.0004880 seconds
197.000: [Full GC [PSYoungGen: 40448K->0K(47104K)] [ParOldGen: 77937K->74729K(107520K)] 118385K->74729K(154624K) [PSPermGen: 5179K->5179K(21504K)], 0.0048380 secs] [Times: user=0.02 sys=0.00, real=0.01 secs] 
197.005: Total time for which application threads were stopped: 0.0049570 seconds, Stopping threads took: 0.0000400 seconds
197.525: Application time: 0.5196960 seconds
197.525: [Full GC [PSYoungGen: 40448K->0K(47104K)] [ParOldGen: 78438K->75322K(107520K)] 118886K->75322K(154624K) [PSPermGen: 5179K->5179K(21504K)], 0.0050260 secs] [Times: user=0.02 sys=0.00, real=0.00 secs] 
197.530: Total time for which application threads were stopped: 0.0052020 seconds, Stopping threads took: 0.0000790 seconds
197.982: Application time: 0.4520130 seconds
197.982: [Full GC [PSYoungGen: 40381K->0K(47104K)] [ParOldGen: 75322K->75197K(107520K)] 115703K->75197K(154624K) [PSPermGen: 5179K->5179K(21504K)], 0.0050390 secs] [Times: user=0.01 sys=0.00, real=0.00 secs] 
197.987: Total time for which application threads were stopped: 0.0052090 seconds, Stopping threads took: 0.0000800 seconds
198.511: Application time: 0.5237210 seconds
198.511: Total time for which application threads were stopped: 0.0001020 seconds, Stopping threads took: 0.0000730 seconds
198.512: Application time: 0.0009430 seconds
198.512: [Full GC [PSYoungGen: 40361K->0K(47104K)] [ParOldGen: 75466K->75125K(107520K)] 115827K->75125K(154624K) [PSPermGen: 5181K->5181K(21504K)], 0.0048480 secs] [Times: user=0.01 sys=0.00, real=0.01 secs] 
198.517: Total time for which application threads were stopped: 0.0049670 seconds, Stopping threads took: 0.0000400 seconds
199.094: Application time: 0.5769250 seconds
199.094: [Full GC [PSYoungGen: 40448K->0K(47104K)] [ParOldGen: 82458K->74755K(107520K)] 122906K->74755K(154624K) [PSPermGen: 5181K->5181K(21504K)], 0.0048290 secs] [Times: user=0.02 sys=0.00, real=0.00 secs] 
199.099: Total time for which application threads were stopped: 0.0050120 seconds, Stopping threads took: 0.0000890 seconds
199.569: Application time: 0.4699430 seconds
199.569: [Full GC [PSYoungGen: 40319K->0K(47104K)] [ParOldGen: 74755K->75197K(107520K)] 115074K->75197K(154624K) [PSPermGen: 5181K->5181K(21504K)], 0.0048110 secs] [Times: user=0.02 sys=0.00, real=0.00 secs] 
199.574: Total time for which application threads were stopped: 0.0049870 seconds, Stopping threads took: 0.0000810 seconds
200.075: Application time: 0.5011600 seconds
200.075: [Full GC [PSYoungGen: 40310K->0K(47104K)] [ParOldGen: 75197K->74928K(107520K)] 115508K->74928K(154624K) [PSPermGen: 5181K->5181K(21504K)], 0.0047760 secs] [Times: user=0.01 sys=0.00, real=0.00 secs] 
200.080: Total time for which application threads were stopped: 0.0049500 seconds, Stopping threads took: 0.0000750 seconds
200.572: Application time: 0.4917870 seconds
200.572: [Full GC [PSYoungGen: 40441K->0K(47104K)] [ParOldGen: 74928K->74865K(107520K)] 115369K->74865K(154624K) [PSPermGen: 5181K->5181K(21504K)], 0.0047120 secs] [Times: user=0.01 sys=0.00, real=0.01 secs] 
200.576: Total time for which application threads were stopped: 0.0048940 seconds, Stopping threads took: 0.0000930 seconds
201.052: Application time: 0.4758880 seconds
201.052: [Full GC [PSYoungGen: 40282K->0K(47104K)] [ParOldGen: 74865K->74928K(107520K)] 115147K->74928K(154624K) [PSPermGen: 5181K->5181K(21504K)], 0.0046990 secs] [Times: user=0.02 sys=0.00, real=0.01 secs] 
201.057: Total time for which application threads were stopped: 0.0048650 seconds, Stopping threads took: 0.0000700 seconds
201.531: Application time: 0.4735330 seconds
201.531: [Full GC [PSYoungGen: 40440K->0K(47104K)] [ParOldGen: 74928K->74715K(107520K)] 115369K->74715K(154624K) [PSPermGen: 5181K->5181K(21504K)], 0.0048640 secs] [Times: user=0.02 sys=0.00, real=0.01 secs] 
201.536: Total time for which application threads were stopped: 0.0050370 seconds, Stopping threads took: 0.0000860 seconds
202.015: Application time: 0.4796190 seconds
202.015: Total time for which application threads were stopped: 0.0001200 seconds, Stopping threads took: 0.0000880 seconds
202.016: Application time: 0.0002810 seconds
202.016: [Full GC [PSYoungGen: 40388K->0K(47104K)] [ParOldGen: 74984K->74731K(107520K)] 115373K->74731K(154624K) [PSPermGen: 5181K->5181K(21504K)], 0.0048060 secs] [Times: user=0.02 sys=0.00, real=0.00 secs] 
202.021: Total time for which application threads were stopped: 0.0049640 seconds, Stopping threads took: 0.0000740 seconds
202.583: Application time: 0.5626390 seconds
202.584: [Full GC [PSYoungGen: 40448K->0K(47104K)] [ParOldGen: 80769K->75128K(107520K)] 121217K->75128K(154624K) [PSPermGen: 5182K->5182K(21504K)], 0.0049510 secs] [Times: user=0.02 sys=0.00, real=0.00 secs] 
202.589: Total time for which application threads were stopped: 0.0051270 seconds, Stopping threads took: 0.0000810 seconds
203.095: Application time: 0.5062630 seconds
203.095: [Full GC [PSYoungGen: 40389K->0K(47104K)] [ParOldGen: 75128K->74804K(107520K)] 115517K->74804K(154624K) [PSPermGen: 5182K->5182K(21504K)], 0.0049050 secs] [Times: user=0.02 sys=0.00, real=0.00 secs] 
203.100: Total time for which application threads were stopped: 0.0051110 seconds, Stopping threads took: 0.0000970 seconds
203.601: Application time: 0.5006490 seconds
203.601: [Full GC [PSYoungGen: 40229K->0K(47104K)] [ParOldGen: 74804K->74534K(107520K)] 115033K->74534K(154624K) [PSPermGen: 5182K->5182K(21504K)], 0.0047810 secs] [Times: user=0.02 sys=0.00, real=0.01 secs] 
203.605: Total time for which application threads were stopped: 0.0049550 seconds, Stopping threads took: 0.0000730 seconds
204.067: Application time: 0.4616520 seconds
204.067: [Full GC [PSYoungGen: 40392K->0K(47104K)] [ParOldGen: 74534K->74535K(107520K)] 114927K->74535K(154624K) [PSPermGen: 5182K->5182K(21504K)], 0.0048630 secs] [Times: user=0.02 sys=0.00, real=0.00 secs] 
204.072: Total time for which application threads were stopped: 0.0050190 seconds, Stopping threads took: 0.0000690 seconds
204.529: Application time: 0.4565710 seconds
204.529: [Full GC [PSYoungGen: 40403K->0K(47104K)] [ParOldGen: 74535K->74930K(107520K)] 114938K->74930K(154624K) [PSPermGen: 5182K->5182K(21504K)], 0.0050870 secs] [Times: user=0.02 sys=0.00, real=0.01 secs] 
204.534: Total time for which application threads were stopped: 0.0052810 seconds, Stopping threads took: 0.0000930 seconds
205.044: Application time: 0.5101770 seconds
205.044: [Full GC [PSYoungGen: 40383K->0K(47104K)] [ParOldGen: 74930K->74732K(107520K)] 115314K->74732K(154624K) [PSPermGen: 5182K->5182K(21504K)], 0.0049250 secs] [Times: user=0.01 sys=0.00, real=0.00 secs] 
205.049: Total time for which application threads were stopped: 0.0051180 seconds, Stopping threads took: 0.0000920 seconds
205.536: Application time: 0.4869580 seconds
205.536: [Full GC [PSYoungGen: 40369K->0K(47104K)] [ParOldGen: 74732K->75200K(107520K)] 115102K->75200K(154624K) [PSPermGen: 5182K->5182K(21504K)], 0.0049910 secs] [Times: user=0.02 sys=0.00, real=0.00 secs] 
205.541: Total time for which application threads were stopped: 0.0051610 seconds, Stopping threads took: 0.0000810 seconds
206.029: Application time: 0.4875900 seconds
206.029: [Full GC [PSYoungGen: 40312K->0K(47104K)] [ParOldGen: 75200K->74931K(107520K)] 115512K->74931K(154624K) [PSPermGen: 5182K->5182K(21504K)], 0.0047230 secs] [Times: user=0.02 sys=0.00, real=0.01 secs] 
206.034: Total time for which application threads were stopped: 0.0049160 seconds, Stopping threads took: 0.0000940 seconds
206.505: Application time: 0.4713450 seconds
206.505: Total time for which application threads were stopped: 0.0001050 seconds, Stopping threads took: 0.0000780 seconds
206.507: Application time: 0.0017450 seconds
206.507: [Full GC [PSYoungGen: 40442K->0K(47104K)] [ParOldGen: 75002K->74733K(107520K)] 115445K->74733K(154624K) [PSPermGen: 5182K->5182K(21504K)], 0.0046060 secs] [Times: user=0.01 sys=0.00, real=0.00 secs] 
206.512: Total time for which application threads were stopped: 0.0047310 seconds, Stopping threads took: 0.0000430 seconds
207.054: Application time: 0.5419770 seconds
207.054: [Full GC [PSYoungGen: 40448K->0K(47104K)] [ParOldGen: 79005K->74733K(107520K)] 119453K->74733K(154624K) [PSPermGen: 5182K->5182K(21504K)], 0.0049260 secs] [Times: user=0.02 sys=0.00, real=0.00 secs] 
207.059: Total time for which application threads were stopped: 0.0051100 seconds, Stopping threads took: 0.0000930 seconds
207.527: Application time: 0.4678870 seconds
207.527: [Full GC [PSYoungGen: 40203K->0K(47104K)] [ParOldGen: 74733K->74734K(107520K)] 114936K->74734K(154624K) [PSPermGen: 5182K->5182K(21504K)], 0.0048020 secs] [Times: user=0.02 sys=0.00, real=0.00 secs] 
207.532: Total time for which application threads were stopped: 0.0049700 seconds, Stopping threads took: 0.0000780 seconds
208.033: Application time: 0.5008280 seconds
208.033: [Full GC [PSYoungGen: 40252K->0K(47104K)] [ParOldGen: 74734K->75129K(107520K)] 114986K->75129K(154624K) [PSPermGen: 5182K->5182K(21504K)], 0.0048750 secs] [Times: user=0.02 sys=0.00, real=0.01 secs] 
208.038: Total time for which application threads were stopped: 0.0050490 seconds, Stopping threads took: 0.0000770 seconds
208.530: Application time: 0.4925510 seconds
208.530: [Full GC [PSYoungGen: 40187K->0K(47104K)] [ParOldGen: 75129K->74339K(107520K)] 115316K->74339K(154624K) [PSPermGen: 5182K->5182K(21504K)], 0.0049760 secs] [Times: user=0.01 sys=0.00, real=0.01 secs] 
208.535: Total time for which application threads were stopped: 0.0051490 seconds, Stopping threads took: 0.0000840 seconds
209.015: Application time: 0.4793230 seconds
209.015: [Full GC [PSYoungGen: 40432K->0K(47104K)] [ParOldGen: 74339K->74869K(107520K)] 114771K->74869K(154624K) [PSPermGen: 5182K->5182K(21504K)], 0.0050700 secs] [Times: user=0.02 sys=0.00, real=0.00 secs] 
209.020: Total time for which application threads were stopped: 0.0052480 seconds, Stopping threads took: 0.0000790 seconds
209.516: Application time: 0.4963740 seconds
209.516: [Full GC [PSYoungGen: 40364K->0K(47104K)] [ParOldGen: 74869K->74330K(107520K)] 115234K->74330K(154624K) [PSPermGen: 5182K->5182K(21504K)], 0.0049310 secs] [Times: user=0.02 sys=0.00, real=0.00 secs] 
209.521: Total time for which application threads were stopped: 0.0051030 seconds, Stopping threads took: 0.0000720 seconds
209.970: Application time: 0.4487550 seconds
209.970: [Full GC [PSYoungGen: 40370K->0K(47104K)] [ParOldGen: 74330K->75400K(107520K)] 114701K->75400K(154624K) [PSPermGen: 5182K->5182K(21504K)], 0.0048260 secs] [Times: user=0.02 sys=0.00, real=0.01 secs] 
209.975: Total time for which application threads were stopped: 0.0049820 seconds, Stopping threads took: 0.0000670 seconds
210.497: Application time: 0.5219450 seconds
210.497: Total time for which application threads were stopped: 0.0001200 seconds, Stopping threads took: 0.0000870 seconds
210.498: Application time: 0.0002520 seconds
210.498: [Full GC [PSYoungGen: 40445K->0K(47104K)] [ParOldGen: 75804K->74537K(107520K)] 116250K->74537K(154624K) [PSPermGen: 5182K->5182K(21504K)], 0.0048050 secs] [Times: user=0.01 sys=0.00, real=0.01 secs] 
210.502: Total time for which application threads were stopped: 0.0049350 seconds, Stopping threads took: 0.0000420 seconds
211.045: Application time: 0.5428040 seconds
211.045: [Full GC [PSYoungGen: 40448K->0K(47104K)] [ParOldGen: 78593K->74958K(107520K)] 119041K->74958K(154624K) [PSPermGen: 5182K->5182K(21504K)], 0.0049700 secs] [Times: user=0.02 sys=0.00, real=0.00 secs] 
211.050: Total time for which application threads were stopped: 0.0051470 seconds, Stopping threads took: 0.0000780 seconds
211.543: Application time: 0.4929770 seconds
211.543: Total time for which application threads were stopped: 0.0000960 seconds, Stopping threads took: 0.0000670 seconds
211.545: Application time: 0.0011640 seconds
211.545: [Full GC [PSYoungGen: 40398K->0K(47104K)] [ParOldGen: 75426K->74933K(107520K)] 115825K->74933K(154624K) [PSPermGen: 5182K->5182K(21504K)], 0.0047480 secs] [Times: user=0.02 sys=0.00, real=0.00 secs] 
211.550: Total time for which application threads were stopped: 0.0048740 seconds, Stopping threads took: 0.0000460 seconds
212.084: Application time: 0.5349210 seconds
212.085: [Full GC [PSYoungGen: 40448K->0K(47104K)] [ParOldGen: 80369K->75131K(107520K)] 120817K->75131K(154624K) [PSPermGen: 5182K->5182K(21504K)], 0.0051780 secs] [Times: user=0.02 sys=0.00, real=0.00 secs] 
212.090: Total time for which application threads were stopped: 0.0053440 seconds, Stopping threads took: 0.0000660 seconds
212.578: Application time: 0.4883430 seconds
212.578: [Full GC [PSYoungGen: 40379K->0K(47104K)] [ParOldGen: 75131K->75006K(107520K)] 115510K->75006K(154624K) [PSPermGen: 5182K->5182K(21504K)], 0.0046750 secs] [Times: user=0.02 sys=0.00, real=0.01 secs] 
212.583: Total time for which application threads were stopped: 0.0048430 seconds, Stopping threads took: 0.0000770 seconds
213.096: Application time: 0.5125980 seconds
213.096: Total time for which application threads were stopped: 0.0001060 seconds, Stopping threads took: 0.0000780 seconds
213.096: Application time: 0.0002020 seconds
213.096: [Full GC [PSYoungGen: 40351K->0K(47104K)] [ParOldGen: 75410K->74736K(107520K)] 115762K->74736K(154624K) [PSPermGen: 5182K->5182K(21504K)], 0.0046510 secs] [Times: user=0.02 sys=0.00, real=0.00 secs] 
213.101: Total time for which application threads were stopped: 0.0047860 seconds, Stopping threads took: 0.0000440 seconds
213.562: Application time: 0.4613450 seconds
213.562: [Full GC [PSYoungGen: 40448K->0K(47104K)] [ParOldGen: 75759K->75402K(107520K)] 116207K->75402K(154624K) [PSPermGen: 5182K->5182K(21504K)], 0.0050500 secs] [Times: user=0.01 sys=0.00, real=0.00 secs] 
213.567: Total time for which application threads were stopped: 0.0052420 seconds, Stopping threads took: 0.0000980 seconds
214.058: Application time: 0.4904460 seconds
214.058: [Full GC [PSYoungGen: 40227K->0K(47104K)] [ParOldGen: 75402K->75132K(107520K)] 115629K->75132K(154624K) [PSPermGen: 5182K->5182K(21504K)], 0.0051380 secs] [Times: user=0.02 sys=0.00, real=0.01 secs] 
214.063: Total time for which application threads were stopped: 0.0053410 seconds, Stopping threads took: 0.0001020 seconds
214.570: Application time: 0.5067700 seconds
214.570: [Full GC [PSYoungGen: 40185K->0K(47104K)] [ParOldGen: 75132K->74341K(107520K)] 115317K->74341K(154624K) [PSPermGen: 5182K->5182K(21504K)], 0.0046030 secs] [Times: user=0.02 sys=0.00, real=0.01 secs] 
214.575: Total time for which application threads were stopped: 0.0047790 seconds, Stopping threads took: 0.0000760 seconds
215.040: Application time: 0.4650280 seconds
215.040: [Full GC [PSYoungGen: 40300K->0K(47104K)] [ParOldGen: 74341K->74935K(107520K)] 114642K->74935K(154624K) [PSPermGen: 5182K->5182K(21504K)], 0.0050370 secs] [Times: user=0.02 sys=0.00, real=0.01 secs] 
215.045: Total time for which application threads were stopped: 0.0052080 seconds, Stopping threads took: 0.0000820 seconds
215.561: Application time: 0.5165640 seconds
215.562: Total time for which application threads were stopped: 0.0001260 seconds, Stopping threads took: 0.0000970 seconds
215.566: Application time: 0.0040780 seconds
215.566: [Full GC [PSYoungGen: 40444K->0K(47104K)] [ParOldGen: 75403K->74540K(107520K)] 115847K->74540K(154624K) [PSPermGen: 5182K->5182K(21504K)], 0.0049300 secs] [Times: user=0.02 sys=0.00, real=0.00 secs] 
215.571: Total time for which application threads were stopped: 0.0050600 seconds, Stopping threads took: 0.0000480 seconds
216.101: Application time: 0.5305490 seconds
216.101: [Full GC [PSYoungGen: 40448K->0K(47104K)] [ParOldGen: 78930K->74960K(107520K)] 119378K->74960K(154624K) [PSPermGen: 5182K->5182K(21504K)], 0.0049280 secs] [Times: user=0.02 sys=0.00, real=0.01 secs] 
216.106: Total time for which application threads were stopped: 0.0050970 seconds, Stopping threads took: 0.0000730 seconds
216.566: Application time: 0.4594150 seconds
216.566: [Full GC [PSYoungGen: 40240K->0K(47104K)] [ParOldGen: 74960K->75133K(107520K)] 115201K->75133K(154624K) [PSPermGen: 5182K->5182K(21504K)], 0.0050850 secs] [Times: user=0.01 sys=0.00, real=0.00 secs] 
216.571: Total time for which application threads were stopped: 0.0052480 seconds, Stopping threads took: 0.0000710 seconds
217.066: Application time: 0.4947510 seconds
217.066: [Full GC [PSYoungGen: 40260K->0K(47104K)] [ParOldGen: 75133K->74936K(107520K)] 115394K->74936K(154624K) [PSPermGen: 5182K->5182K(21504K)], 0.0048470 secs] [Times: user=0.02 sys=0.00, real=0.00 secs] 
217.071: Total time for which application threads were stopped: 0.0050330 seconds, Stopping threads took: 0.0000920 seconds
217.570: Application time: 0.4987640 seconds
217.570: Total time for which application threads were stopped: 0.0001140 seconds, Stopping threads took: 0.0000810 seconds
217.570: Application time: 0.0007830 seconds
217.571: [Full GC [PSYoungGen: 40368K->0K(47104K)] [ParOldGen: 75205K->74541K(107520K)] 115573K->74541K(154624K) [PSPermGen: 5182K->5182K(21504K)], 0.0049600 secs] [Times: user=0.02 sys=0.00, real=0.01 secs] 
217.576: Total time for which application threads were stopped: 0.0050840 seconds, Stopping threads took: 0.0000410 seconds
218.149: Application time: 0.5730620 seconds
218.149: [Full GC [PSYoungGen: 40448K->0K(47104K)] [ParOldGen: 81737K->74873K(107520K)] 122185K->74873K(154624K) [PSPermGen: 5182K->5182K(21504K)], 0.0049150 secs] [Times: user=0.02 sys=0.00, real=0.01 secs] 
218.154: Total time for which application threads were stopped: 0.0050950 seconds, Stopping threads took: 0.0000740 seconds
218.619: Application time: 0.4657460 seconds
218.620: [Full GC [PSYoungGen: 40442K->0K(47104K)] [ParOldGen: 74873K->75206K(107520K)] 115316K->75206K(154624K) [PSPermGen: 5182K->5182K(21504K)], 0.0051410 secs] [Times: user=0.02 sys=0.00, real=0.01 secs] 
218.625: Total time for which application threads were stopped: 0.0053200 seconds, Stopping threads took: 0.0000850 seconds
219.138: Application time: 0.5127540 seconds
219.138: [Full GC [PSYoungGen: 40227K->0K(47104K)] [ParOldGen: 75206K->74937K(107520K)] 115434K->74937K(154624K) [PSPermGen: 5182K->5182K(21504K)], 0.0048050 secs] [Times: user=0.02 sys=0.00, real=0.01 secs] 
219.143: Total time for which application threads were stopped: 0.0049960 seconds, Stopping threads took: 0.0000930 seconds
219.584: Application time: 0.4418440 seconds
219.584: Total time for which application threads were stopped: 0.0001020 seconds, Stopping threads took: 0.0000800 seconds
219.585: Application time: 0.0001220 seconds
219.585: [Full GC [PSYoungGen: 40369K->0K(47104K)] [ParOldGen: 75072K->75332K(107520K)] 115441K->75332K(154624K) [PSPermGen: 5182K->5182K(21504K)], 0.0046170 secs] [Times: user=0.01 sys=0.00, real=0.00 secs] 
219.589: Total time for which application threads were stopped: 0.0047400 seconds, Stopping threads took: 0.0000430 seconds
220.147: Application time: 0.5574010 seconds
220.147: Total time for which application threads were stopped: 0.0001410 seconds, Stopping threads took: 0.0001060 seconds
220.148: Application time: 0.0006280 seconds
220.148: [Full GC [PSYoungGen: 40448K->0K(47104K)] [ParOldGen: 80284K->74533K(107520K)] 120732K->74533K(154624K) [PSPermGen: 5182K->5182K(21504K)], 0.0050340 secs] [Times: user=0.02 sys=0.00, real=0.00 secs] 
220.153: Total time for which application threads were stopped: 0.0051850 seconds, Stopping threads took: 0.0000690 seconds
220.682: Application time: 0.5294580 seconds
220.682: [Full GC [PSYoungGen: 40448K->0K(47104K)] [ParOldGen: 76922K->75160K(107520K)] 117370K->75160K(154624K) [PSPermGen: 5182K->5182K(21504K)], 0.0047720 secs] [Times: user=0.02 sys=0.00, real=0.00 secs] 
220.687: Total time for which application threads were stopped: 0.0049280 seconds, Stopping threads took: 0.0000620 seconds
221.176: Application time: 0.4890540 seconds
221.176: [Full GC [PSYoungGen: 40368K->0K(47104K)] [ParOldGen: 75160K->74779K(107520K)] 115529K->74779K(154624K) [PSPermGen: 5182K->5182K(21504K)], 0.0049140 secs] [Times: user=0.01 sys=0.00, real=0.00 secs] 
221.181: Total time for which application threads were stopped: 0.0050850 seconds, Stopping threads took: 0.0000830 seconds
221.667: Application time: 0.4854980 seconds
221.667: Total time for which application threads were stopped: 0.0000910 seconds, Stopping threads took: 0.0000600 seconds
221.667: Application time: 0.0002530 seconds
221.667: [Full GC [PSYoungGen: 40442K->0K(47104K)] [ParOldGen: 74851K->74905K(107520K)] 115293K->74905K(154624K) [PSPermGen: 5182K->5182K(21504K)], 0.0046360 secs] [Times: user=0.01 sys=0.00, real=0.00 secs] 
221.672: Total time for which application threads were stopped: 0.0047630 seconds, Stopping threads took: 0.0000450 seconds
222.207: Application time: 0.5351180 seconds
222.207: [Full GC [PSYoungGen: 40448K->0K(47104K)] [ParOldGen: 79659K->74905K(107520K)] 120107K->74905K(154624K) [PSPermGen: 5182K->5182K(21504K)], 0.0051290 secs] [Times: user=0.01 sys=0.00, real=0.00 secs] 
222.212: Total time for which application threads were stopped: 0.0053120 seconds, Stopping threads took: 0.0000850 seconds
222.716: Application time: 0.5040880 seconds
222.717: [Full GC [PSYoungGen: 40425K->0K(47104K)] [ParOldGen: 74905K->75040K(107520K)] 115331K->75040K(154624K) [PSPermGen: 5182K->5182K(21504K)], 0.0048710 secs] [Times: user=0.02 sys=0.01, real=0.00 secs] 
222.721: Total time for which application threads were stopped: 0.0050510 seconds, Stopping threads took: 0.0000820 seconds
223.171: Application time: 0.4499720 seconds
223.172: [Full GC [PSYoungGen: 40371K->0K(47104K)] [ParOldGen: 75040K->75301K(107520K)] 115412K->75301K(154624K) [PSPermGen: 5182K->5182K(21504K)], 0.0050300 secs] [Times: user=0.02 sys=0.00, real=0.01 secs] 
223.177: Total time for which application threads were stopped: 0.0051900 seconds, Stopping threads took: 0.0000730 seconds
223.691: Application time: 0.5144310 seconds
223.691: [Full GC [PSYoungGen: 40311K->0K(47104K)] [ParOldGen: 75301K->74511K(107520K)] 115613K->74511K(154624K) [PSPermGen: 5182K->5182K(21504K)], 0.0047580 secs] [Times: user=0.02 sys=0.00, real=0.01 secs] 
223.696: Total time for which application threads were stopped: 0.0049360 seconds, Stopping threads took: 0.0000740 seconds
224.176: Application time: 0.4796390 seconds
224.176: [Full GC [PSYoungGen: 40326K->0K(47104K)] [ParOldGen: 74511K->74781K(107520K)] 114837K->74781K(154624K) [PSPermGen: 5182K->5182K(21504K)], 0.0051600 secs] [Times: user=0.02 sys=0.00, real=0.00 secs] 
224.181: Total time for which application threads were stopped: 0.0053470 seconds, Stopping threads took: 0.0000960 seconds
224.669: Application time: 0.4881840 seconds
224.669: Total time for which application threads were stopped: 0.0001120 seconds, Stopping threads took: 0.0000810 seconds
224.670: Application time: 0.0006980 seconds
224.670: [Full GC [PSYoungGen: 40360K->0K(47104K)] [ParOldGen: 75185K->74907K(107520K)] 115545K->74907K(154624K) [PSPermGen: 5182K->5182K(21504K)], 0.0048460 secs] [Times: user=0.02 sys=0.00, real=0.01 secs] 
224.675: Total time for which application threads were stopped: 0.0049870 seconds, Stopping threads took: 0.0000580 seconds
225.239: Application time: 0.5639870 seconds
225.239: [Full GC [PSYoungGen: 40448K->0K(47104K)] [ParOldGen: 82247K->74979K(107520K)] 122695K->74979K(154624K) [PSPermGen: 5182K->5182K(21504K)], 0.0049860 secs] [Times: user=0.02 sys=0.00, real=0.01 secs] 
225.244: Total time for which application threads were stopped: 0.0051540 seconds, Stopping threads took: 0.0000710 seconds
225.749: Application time: 0.5053220 seconds
225.750: Total time for which application threads were stopped: 0.0001130 seconds, Stopping threads took: 0.0000830 seconds
225.751: Application time: 0.0013030 seconds
225.751: [Full GC [PSYoungGen: 40444K->0K(47104K)] [ParOldGen: 75185K->74709K(107520K)] 115630K->74709K(154624K) [PSPermGen: 5182K->5182K(21504K)], 0.0048870 secs] [Times: user=0.02 sys=0.00, real=0.01 secs] 
225.756: Total time for which application threads were stopped: 0.0050320 seconds, Stopping threads took: 0.0000640 seconds
226.289: Application time: 0.5326650 seconds
226.289: [Full GC [PSYoungGen: 40448K->0K(47104K)] [ParOldGen: 79210K->75130K(107520K)] 119658K->75130K(154624K) [PSPermGen: 5182K->5182K(21504K)], 0.0048600 secs] [Times: user=0.02 sys=0.00, real=0.00 secs] 
226.294: Total time for which application threads were stopped: 0.0050440 seconds, Stopping threads took: 0.0000870 seconds
226.761: Application time: 0.4678860 seconds
226.762: [Full GC [PSYoungGen: 40338K->0K(47104K)] [ParOldGen: 75130K->75105K(107520K)] 115469K->75105K(154624K) [PSPermGen: 5182K->5182K(21504K)], 0.0051560 secs] [Times: user=0.02 sys=0.00, real=0.01 secs] 
226.767: Total time for which application threads were stopped: 0.0053270 seconds, Stopping threads took: 0.0000840 seconds
227.277: Application time: 0.5106840 seconds
227.278: Total time for which application threads were stopped: 0.0001100 seconds, Stopping threads took: 0.0000770 seconds
227.279: Application time: 0.0010890 seconds
227.279: [Full GC [PSYoungGen: 40436K->0K(47104K)] [ParOldGen: 75375K->74908K(107520K)] 115812K->74908K(154624K) [PSPermGen: 5182K->5182K(21504K)], 0.0047530 secs] [Times: user=0.02 sys=0.00, real=0.01 secs] 
227.284: Total time for which application threads were stopped: 0.0048860 seconds, Stopping threads took: 0.0000490 seconds
227.833: Application time: 0.5496420 seconds
227.833: [Full GC [PSYoungGen: 40448K->0K(47104K)] [ParOldGen: 80686K->74933K(107520K)] 121134K->74933K(154624K) [PSPermGen: 5182K->5182K(21504K)], 0.0048890 secs] [Times: user=0.02 sys=0.00, real=0.01 secs] 
227.838: Total time for which application threads were stopped: 0.0050680 seconds, Stopping threads took: 0.0000700 seconds
228.339: Application time: 0.5009090 seconds
228.339: [Full GC [PSYoungGen: 40377K->0K(47104K)] [ParOldGen: 74933K->74513K(107520K)] 115310K->74513K(154624K) [PSPermGen: 5182K->5182K(21504K)], 0.0049550 secs] [Times: user=0.02 sys=0.00, real=0.01 secs] 
228.344: Total time for which application threads were stopped: 0.0051490 seconds, Stopping threads took: 0.0000790 seconds
228.820: Application time: 0.4760270 seconds
228.820: Total time for which application threads were stopped: 0.0001050 seconds, Stopping threads took: 0.0000850 seconds
228.821: Application time: 0.0000720 seconds
228.821: [Full GC [PSYoungGen: 40386K->0K(47104K)] [ParOldGen: 74783K->74171K(107520K)] 115169K->74171K(154624K) [PSPermGen: 5182K->5182K(21504K)], 0.0044660 secs] [Times: user=0.01 sys=0.00, real=0.01 secs] 
228.825: Total time for which application threads were stopped: 0.0046040 seconds, Stopping threads took: 0.0000580 seconds
229.381: Application time: 0.5562250 seconds
229.381: [Full GC [PSYoungGen: 40448K->0K(47104K)] [ParOldGen: 79465K->74711K(107520K)] 119913K->74711K(154624K) [PSPermGen: 5182K->5182K(21504K)], 0.0050360 secs] [Times: user=0.02 sys=0.00, real=0.01 secs] 
229.387: Total time for which application threads were stopped: 0.0052070 seconds, Stopping threads took: 0.0000750 seconds
229.865: Application time: 0.4782990 seconds
229.865: [Full GC [PSYoungGen: 40217K->0K(47104K)] [ParOldGen: 74711K->74316K(107520K)] 114929K->74316K(154624K) [PSPermGen: 5182K->5182K(21504K)], 0.0048250 secs] [Times: user=0.02 sys=0.00, real=0.00 secs] 
229.870: Total time for which application threads were stopped: 0.0049950 seconds, Stopping threads took: 0.0000780 seconds
230.332: Application time: 0.4623090 seconds
230.332: [Full GC [PSYoungGen: 40374K->0K(47104K)] [ParOldGen: 74316K->75305K(107520K)] 114691K->75305K(154624K) [PSPermGen: 5182K->5182K(21504K)], 0.0053060 secs] [Times: user=0.02 sys=0.00, real=0.01 secs] 
230.338: Total time for which application threads were stopped: 0.0054730 seconds, Stopping threads took: 0.0000710 seconds
230.838: Application time: 0.5006550 seconds
230.838: [Full GC [PSYoungGen: 40373K->0K(47104K)] [ParOldGen: 75305K->74981K(107520K)] 115679K->74981K(154624K) [PSPermGen: 5182K->5182K(21504K)], 0.0046790 secs] [Times: user=0.01 sys=0.00, real=0.01 secs] 
230.843: Total time for which application threads were stopped: 0.0048480 seconds, Stopping threads took: 0.0000750 seconds
231.339: Application time: 0.4959750 seconds
231.339: [Full GC [PSYoungGen: 40386K->0K(47104K)] [ParOldGen: 74981K->74586K(107520K)] 115368K->74586K(154624K) [PSPermGen: 5182K->5182K(21504K)], 0.0047910 secs] [Times: user=0.01 sys=0.00, real=0.01 secs] 
231.344: Total time for which application threads were stopped: 0.0049730 seconds, Stopping threads took: 0.0000820 seconds
231.812: Application time: 0.4678710 seconds
231.812: [Full GC [PSYoungGen: 40434K->0K(47104K)] [ParOldGen: 74586K->75108K(107520K)] 115021K->75108K(154624K) [PSPermGen: 5182K->5182K(21504K)], 0.0049880 secs] [Times: user=0.01 sys=0.00, real=0.01 secs] 
231.817: Total time for which application threads were stopped: 0.0051570 seconds, Stopping threads took: 0.0000800 seconds
232.337: Application time: 0.5194420 seconds
232.337: [Full GC [PSYoungGen: 40360K->0K(47104K)] [ParOldGen: 75108K->75180K(107520K)] 115468K->75180K(154624K) [PSPermGen: 5182K->5182K(21504K)], 0.0048850 secs] [Times: user=0.02 sys=0.00, real=0.01 secs] 
232.342: Total time for which application threads were stopped: 0.0050780 seconds, Stopping threads took: 0.0000910 seconds
232.807: Application time: 0.4650330 seconds
232.807: [Full GC [PSYoungGen: 40445K->0K(47104K)] [ParOldGen: 75180K->74911K(107520K)] 115625K->74911K(154624K) [PSPermGen: 5182K->5182K(21504K)], 0.0049270 secs] [Times: user=0.01 sys=0.00, real=0.00 secs] 
232.812: Total time for which application threads were stopped: 0.0051240 seconds, Stopping threads took: 0.0001060 seconds
233.299: Application time: 0.4875710 seconds
233.300: Total time for which application threads were stopped: 0.0001010 seconds, Stopping threads took: 0.0000710 seconds
233.300: Application time: 0.0002670 seconds
233.300: [Full GC [PSYoungGen: 40433K->0K(47104K)] [ParOldGen: 75180K->74910K(107520K)] 115613K->74910K(154624K) [PSPermGen: 5182K->5182K(21504K)], 0.0050020 secs] [Times: user=0.02 sys=0.00, real=0.01 secs] 
233.305: Total time for which application threads were stopped: 0.0051450 seconds, Stopping threads took: 0.0000570 seconds
233.874: Application time: 0.5692480 seconds
233.874: [Full GC [PSYoungGen: 40448K->0K(47104K)] [ParOldGen: 81102K->74541K(107520K)] 121550K->74541K(154624K) [PSPermGen: 5182K->5182K(21504K)], 0.0046500 secs] [Times: user=0.02 sys=0.00, real=0.00 secs] 
233.879: Total time for which application threads were stopped: 0.0048080 seconds, Stopping threads took: 0.0000660 seconds
234.344: Application time: 0.4646820 seconds
234.344: [Full GC [PSYoungGen: 40442K->0K(47104K)] [ParOldGen: 74541K->74785K(107520K)] 114983K->74785K(154624K) [PSPermGen: 5182K->5182K(21504K)], 0.0050800 secs] [Times: user=0.01 sys=0.00, real=0.00 secs] 
234.349: Total time for which application threads were stopped: 0.0052600 seconds, Stopping threads took: 0.0000940 seconds
234.834: Application time: 0.4853580 seconds
234.834: [Full GC [PSYoungGen: 40305K->0K(47104K)] [ParOldGen: 74785K->75109K(107520K)] 115091K->75109K(154624K) [PSPermGen: 5182K->5182K(21504K)], 0.0050830 secs] [Times: user=0.02 sys=0.00, real=0.00 secs] 
234.840: Total time for which application threads were stopped: 0.0052520 seconds, Stopping threads took: 0.0000730 seconds
235.354: Application time: 0.5139820 seconds
235.354: [Full GC [PSYoungGen: 40385K->0K(47104K)] [ParOldGen: 75109K->74391K(107520K)] 115494K->74391K(154624K) [PSPermGen: 5182K->5182K(21504K)], 0.0049660 secs] [Times: user=0.02 sys=0.00, real=0.00 secs] 
235.359: Total time for which application threads were stopped: 0.0051360 seconds, Stopping threads took: 0.0000710 seconds
235.833: Application time: 0.4742710 seconds
235.833: [Full GC [PSYoungGen: 40345K->0K(47104K)] [ParOldGen: 74391K->74319K(107520K)] 114736K->74319K(154624K) [PSPermGen: 5182K->5182K(21504K)], 0.0046290 secs] [Times: user=0.01 sys=0.00, real=0.01 secs] 
235.838: Total time for which application threads were stopped: 0.0048010 seconds, Stopping threads took: 0.0000820 seconds
236.307: Application time: 0.4695770 seconds
236.307: [Full GC [PSYoungGen: 40383K->0K(47104K)] [ParOldGen: 74319K->75110K(107520K)] 114702K->75110K(154624K) [PSPermGen: 5182K->5182K(21504K)], 0.0050470 secs] [Times: user=0.02 sys=0.00, real=0.00 secs] 
236.313: Total time for which application threads were stopped: 0.0052060 seconds, Stopping threads took: 0.0000630 seconds
236.796: Application time: 0.4831900 seconds
236.796: [Full GC [PSYoungGen: 40365K->0K(47104K)] [ParOldGen: 75110K->75182K(107520K)] 115475K->75182K(154624K) [PSPermGen: 5182K->5182K(21504K)], 0.0050720 secs] [Times: user=0.02 sys=0.00, real=0.00 secs] 
236.801: Total time for which application threads were stopped: 0.0052460 seconds, Stopping threads took: 0.0000820 seconds
237.309: Application time: 0.5079210 seconds
237.309: [Full GC [PSYoungGen: 40382K->0K(47104K)] [ParOldGen: 75182K->74787K(107520K)] 115565K->74787K(154624K) [PSPermGen: 5182K->5182K(21504K)], 0.0049100 secs] [Times: user=0.01 sys=0.00, real=0.01 secs] 
237.314: Total time for which application threads were stopped: 0.0050800 seconds, Stopping threads took: 0.0000750 seconds
237.806: Application time: 0.4923310 seconds
237.806: [Full GC [PSYoungGen: 40445K->0K(47104K)] [ParOldGen: 74787K->74715K(107520K)] 115232K->74715K(154624K) [PSPermGen: 5182K->5182K(21504K)], 0.0049090 secs] [Times: user=0.02 sys=0.00, real=0.00 secs] 
237.811: Total time for which application threads were stopped: 0.0050690 seconds, Stopping threads took: 0.0000740 seconds
238.290: Application time: 0.4788620 seconds
238.290: [Full GC [PSYoungGen: 40425K->0K(47104K)] [ParOldGen: 74715K->74850K(107520K)] 115141K->74850K(154624K) [PSPermGen: 5182K->5182K(21504K)], 0.0049220 secs] [Times: user=0.02 sys=0.00, real=0.01 secs] 
238.295: Total time for which application threads were stopped: 0.0051060 seconds, Stopping threads took: 0.0000800 seconds
238.775: Application time: 0.4793150 seconds
238.775: [Full GC [PSYoungGen: 40441K->0K(47104K)] [ParOldGen: 74850K->74691K(107520K)] 115292K->74691K(154624K) [PSPermGen: 5182K->5182K(21504K)], 0.0047030 secs] [Times: user=0.01 sys=0.00, real=0.00 secs] 
238.780: Total time for which application threads were stopped: 0.0048430 seconds, Stopping threads took: 0.0000530 seconds
239.258: Application time: 0.4783070 seconds
239.258: [Full GC [PSYoungGen: 40231K->0K(47104K)] [ParOldGen: 74691K->74913K(107520K)] 114923K->74913K(154624K) [PSPermGen: 5182K->5182K(21504K)], 0.0051010 secs] [Times: user=0.01 sys=0.00, real=0.01 secs] 
239.263: Total time for which application threads were stopped: 0.0052970 seconds, Stopping threads took: 0.0000980 seconds
239.764: Application time: 0.5004140 seconds
239.764: [Full GC [PSYoungGen: 40447K->0K(47104K)] [ParOldGen: 74913K->74985K(107520K)] 115360K->74985K(154624K) [PSPermGen: 5182K->5182K(21504K)], 0.0048800 secs] [Times: user=0.02 sys=0.00, real=0.00 secs] 
239.769: Total time for which application threads were stopped: 0.0050620 seconds, Stopping threads took: 0.0000860 seconds
240.265: Application time: 0.4963940 seconds
240.265: [Full GC [PSYoungGen: 40245K->0K(47104K)] [ParOldGen: 74985K->74519K(107520K)] 115231K->74519K(154624K) [PSPermGen: 5182K->5182K(21504K)], 0.0047650 secs] [Times: user=0.02 sys=0.00, real=0.00 secs] 
240.270: Total time for which application threads were stopped: 0.0049510 seconds, Stopping threads took: 0.0000890 seconds
240.759: Application time: 0.4895330 seconds
240.760: [Full GC [PSYoungGen: 40366K->0K(47104K)] [ParOldGen: 74519K->75112K(107520K)] 114885K->75112K(154624K) [PSPermGen: 5182K->5182K(21504K)], 0.0049760 secs] [Times: user=0.02 sys=0.00, real=0.01 secs] 
240.765: Total time for which application threads were stopped: 0.0051420 seconds, Stopping threads took: 0.0000780 seconds
241.217: Application time: 0.4520370 seconds
241.217: [Full GC [PSYoungGen: 40319K->0K(47104K)] [ParOldGen: 75112K->74717K(107520K)] 115431K->74717K(154624K) [PSPermGen: 5182K->5182K(21504K)], 0.0048220 secs] [Times: user=0.01 sys=0.00, real=0.01 secs] 
241.222: Total time for which application threads were stopped: 0.0050020 seconds, Stopping threads took: 0.0000690 seconds
241.702: Application time: 0.4800740 seconds
241.702: [Full GC [PSYoungGen: 40405K->0K(47104K)] [ParOldGen: 74717K->75112K(107520K)] 115123K->75112K(154624K) [PSPermGen: 5182K->5182K(21504K)], 0.0049640 secs] [Times: user=0.02 sys=0.00, real=0.00 secs] 
241.707: Total time for which application threads were stopped: 0.0051290 seconds, Stopping threads took: 0.0000760 seconds
242.209: Application time: 0.5022180 seconds
242.209: [Full GC [PSYoungGen: 40332K->0K(47104K)] [ParOldGen: 75112K->74987K(107520K)] 115445K->74987K(154624K) [PSPermGen: 5182K->5182K(21504K)], 0.0049060 secs] [Times: user=0.02 sys=0.00, real=0.01 secs] 
242.214: Total time for which application threads were stopped: 0.0050870 seconds, Stopping threads took: 0.0000790 seconds
242.702: Application time: 0.4876670 seconds
242.702: [Full GC [PSYoungGen: 40356K->0K(47104K)] [ParOldGen: 74987K->74717K(107520K)] 115343K->74717K(154624K) [PSPermGen: 5182K->5182K(21504K)], 0.0048340 secs] [Times: user=0.02 sys=0.01, real=0.00 secs] 
242.707: Total time for which application threads were stopped: 0.0050020 seconds, Stopping threads took: 0.0000800 seconds
243.214: Application time: 0.5073830 seconds
243.214: Total time for which application threads were stopped: 0.0001200 seconds, Stopping threads took: 0.0000810 seconds
243.215: Application time: 0.0001690 seconds
243.215: [Full GC [PSYoungGen: 40386K->0K(47104K)] [ParOldGen: 75122K->74717K(107520K)] 115508K->74717K(154624K) [PSPermGen: 5182K->5182K(21504K)], 0.0047750 secs] [Times: user=0.01 sys=0.00, real=0.00 secs] 
243.219: Total time for which application threads were stopped: 0.0049080 seconds, Stopping threads took: 0.0000420 seconds
243.743: Application time: 0.5232160 seconds
243.743: [Full GC [PSYoungGen: 40448K->0K(47104K)] [ParOldGen: 78861K->74718K(107520K)] 119309K->74718K(154624K) [PSPermGen: 5182K->5182K(21504K)], 0.0048070 secs] [Times: user=0.02 sys=0.00, real=0.00 secs] 
243.748: Total time for which application threads were stopped: 0.0049850 seconds, Stopping threads took: 0.0000790 seconds
244.221: Application time: 0.4735020 seconds
244.221: Total time for which application threads were stopped: 0.0001090 seconds, Stopping threads took: 0.0000830 seconds
244.221: Application time: 0.0001500 seconds
244.221: [Full GC [PSYoungGen: 40414K->0K(47104K)] [ParOldGen: 75122K->74916K(107520K)] 115537K->74916K(154624K) [PSPermGen: 5182K->5182K(21504K)], 0.0045760 secs] [Times: user=0.02 sys=0.00, real=0.01 secs] 
244.226: Total time for which application threads were stopped: 0.0047010 seconds, Stopping threads took: 0.0000420 seconds
244.774: Application time: 0.5483540 seconds
244.775: Total time for which application threads were stopped: 0.0001060 seconds, Stopping threads took: 0.0000710 seconds
244.776: Application time: 0.0014930 seconds
244.776: [Full GC [PSYoungGen: 40448K->0K(47104K)] [ParOldGen: 77635K->74314K(107520K)] 118083K->74314K(154624K) [PSPermGen: 5182K->5182K(21504K)], 0.0046780 secs] [Times: user=0.01 sys=0.00, real=0.00 secs] 
244.781: Total time for which application threads were stopped: 0.0048150 seconds, Stopping threads took: 0.0000520 seconds
245.317: Application time: 0.5359650 seconds
245.317: [Full GC [PSYoungGen: 40448K->0K(47104K)] [ParOldGen: 80424K->75186K(107520K)] 120872K->75186K(154624K) [PSPermGen: 5182K->5182K(21504K)], 0.0051650 secs] [Times: user=0.02 sys=0.00, real=0.01 secs] 
245.322: Total time for which application threads were stopped: 0.0053390 seconds, Stopping threads took: 0.0000730 seconds
245.827: Application time: 0.5051600 seconds
245.827: [Full GC [PSYoungGen: 40345K->0K(47104K)] [ParOldGen: 75186K->74988K(107520K)] 115531K->74988K(154624K) [PSPermGen: 5182K->5182K(21504K)], 0.0049460 secs] [Times: user=0.02 sys=0.00, real=0.00 secs] 
245.832: Total time for which application threads were stopped: 0.0051340 seconds, Stopping threads took: 0.0000880 seconds
246.329: Application time: 0.4962460 seconds
246.329: [Full GC [PSYoungGen: 40410K->0K(47104K)] [ParOldGen: 74988K->74854K(107520K)] 115399K->74854K(154624K) [PSPermGen: 5182K->5182K(21504K)], 0.0050090 secs] [Times: user=0.02 sys=0.00, real=0.01 secs] 
246.334: Total time for which application threads were stopped: 0.0052030 seconds, Stopping threads took: 0.0000940 seconds
246.830: Application time: 0.4961070 seconds
246.830: [Full GC [PSYoungGen: 40314K->0K(47104K)] [ParOldGen: 74854K->74989K(107520K)] 115168K->74989K(154624K) [PSPermGen: 5182K->5182K(21504K)], 0.0050040 secs] [Times: user=0.02 sys=0.00, real=0.01 secs] 
246.835: Total time for which application threads were stopped: 0.0051710 seconds, Stopping threads took: 0.0000710 seconds
247.300: Application time: 0.4647070 seconds
247.300: [Full GC [PSYoungGen: 40235K->0K(47104K)] [ParOldGen: 74989K->75115K(107520K)] 115225K->75115K(154624K) [PSPermGen: 5182K->5182K(21504K)], 0.0048850 secs] [Times: user=0.02 sys=0.00, real=0.01 secs] 
247.305: Total time for which application threads were stopped: 0.0050840 seconds, Stopping threads took: 0.0001080 seconds
247.806: Application time: 0.5008340 seconds
247.806: Total time for which application threads were stopped: 0.0001040 seconds, Stopping threads took: 0.0000710 seconds
247.806: Application time: 0.0000580 seconds
247.806: [Full GC [PSYoungGen: 40412K->0K(47104K)] [ParOldGen: 75385K->75178K(107520K)] 115797K->75178K(154624K) [PSPermGen: 5182K->5182K(21504K)], 0.0049780 secs] [Times: user=0.01 sys=0.00, real=0.00 secs] 
247.811: Total time for which application threads were stopped: 0.0051120 seconds, Stopping threads took: 0.0000500 seconds
248.339: Application time: 0.5274580 seconds
248.339: Total time for which application threads were stopped: 0.0000980 seconds, Stopping threads took: 0.0000690 seconds
248.339: Application time: 0.0005770 seconds
248.339: [Full GC [PSYoungGen: 40448K->0K(47104K)] [ParOldGen: 80276K->75115K(107520K)] 120724K->75115K(154624K) [PSPermGen: 5182K->5182K(21504K)], 0.0048970 secs] [Times: user=0.02 sys=0.00, real=0.01 secs] 
248.344: Total time for which application threads were stopped: 0.0050440 seconds, Stopping threads took: 0.0000670 seconds
248.915: Application time: 0.5703050 seconds
248.915: [Full GC [PSYoungGen: 40448K->0K(47104K)] [ParOldGen: 81774K->74712K(107520K)] 122222K->74712K(154624K) [PSPermGen: 5182K->5182K(21504K)], 0.0049540 secs] [Times: user=0.02 sys=0.00, real=0.00 secs] 
248.920: Total time for which application threads were stopped: 0.0051070 seconds, Stopping threads took: 0.0000520 seconds
249.423: Application time: 0.5036750 seconds
249.424: [Full GC [PSYoungGen: 40344K->0K(47104K)] [ParOldGen: 74712K->75116K(107520K)] 115057K->75116K(154624K) [PSPermGen: 5182K->5182K(21504K)], 0.0047850 secs] [Times: user=0.02 sys=0.00, real=0.00 secs] 
249.428: Total time for which application threads were stopped: 0.0049610 seconds, Stopping threads took: 0.0000780 seconds
249.924: Application time: 0.4955760 seconds
249.924: Total time for which application threads were stopped: 0.0001330 seconds, Stopping threads took: 0.0000980 seconds
249.926: Application time: 0.0018170 seconds
249.926: [Full GC [PSYoungGen: 40417K->0K(47104K)] [ParOldGen: 75251K->74721K(107520K)] 115668K->74721K(154624K) [PSPermGen: 5182K->5182K(21504K)], 0.0049780 secs] [Times: user=0.01 sys=0.00, real=0.00 secs] 
249.931: Total time for which application threads were stopped: 0.0051120 seconds, Stopping threads took: 0.0000500 seconds
250.487: Application time: 0.5556090 seconds
250.487: [Full GC [PSYoungGen: 40448K->0K(47104K)] [ParOldGen: 81243K->74990K(107520K)] 121691K->74990K(154624K) [PSPermGen: 5182K->5182K(21504K)], 0.0048650 secs] [Times: user=0.02 sys=0.00, real=0.00 secs] 
250.492: Total time for which application threads were stopped: 0.0050510 seconds, Stopping threads took: 0.0000860 seconds
250.981: Application time: 0.4892590 seconds
250.981: [Full GC [PSYoungGen: 40444K->0K(47104K)] [ParOldGen: 74990K->74721K(107520K)] 115434K->74721K(154624K) [PSPermGen: 5182K->5182K(21504K)], 0.0047740 secs] [Times: user=0.02 sys=0.00, real=0.01 secs] 
250.986: Total time for which application threads were stopped: 0.0049310 seconds, Stopping threads took: 0.0000700 seconds
251.490: Application time: 0.5038960 seconds
251.490: Total time for which application threads were stopped: 0.0001060 seconds, Stopping threads took: 0.0000720 seconds
251.491: Application time: 0.0011780 seconds
251.491: [Full GC [PSYoungGen: 40354K->0K(47104K)] [ParOldGen: 74991K->74721K(107520K)] 115345K->74721K(154624K) [PSPermGen: 5182K->5182K(21504K)], 0.0045840 secs] [Times: user=0.01 sys=0.00, real=0.01 secs] 
251.496: Total time for which application threads were stopped: 0.0047190 seconds, Stopping threads took: 0.0000520 seconds
252.043: Application time: 0.5468680 seconds
252.043: Total time for which application threads were stopped: 0.0001080 seconds, Stopping threads took: 0.0000780 seconds
252.043: Application time: 0.0000560 seconds
252.043: [Full GC [PSYoungGen: 40448K->0K(47104K)] [ParOldGen: 79475K->74491K(107520K)] 119923K->74491K(154624K) [PSPermGen: 5182K->5182K(21504K)], 0.0049970 secs] [Times: user=0.02 sys=0.00, real=0.00 secs] 
252.048: Total time for which application threads were stopped: 0.0051140 seconds, Stopping threads took: 0.0000370 seconds
252.561: Application time: 0.5134970 seconds
252.562: [Full GC [PSYoungGen: 40448K->0K(47104K)] [ParOldGen: 78284K->75117K(107520K)] 118732K->75117K(154624K) [PSPermGen: 5182K->5182K(21504K)], 0.0046990 secs] [Times: user=0.02 sys=0.00, real=0.01 secs] 
252.566: Total time for which application threads were stopped: 0.0048680 seconds, Stopping threads took: 0.0000730 seconds
253.065: Application time: 0.4990060 seconds
253.065: Total time for which application threads were stopped: 0.0000910 seconds, Stopping threads took: 0.0000620 seconds
253.065: Application time: 0.0000660 seconds
253.066: [Full GC [PSYoungGen: 40436K->0K(47104K)] [ParOldGen: 75252K->74255K(107520K)] 115689K->74255K(154624K) [PSPermGen: 5182K->5182K(21504K)], 0.0048210 secs] [Times: user=0.02 sys=0.00, real=0.00 secs] 
253.070: Total time for which application threads were stopped: 0.0049360 seconds, Stopping threads took: 0.0000370 seconds
253.655: Application time: 0.5843790 seconds
253.655: [Full GC [PSYoungGen: 40448K->0K(47104K)] [ParOldGen: 82484K->75119K(107520K)] 122932K->75119K(154624K) [PSPermGen: 5182K->5182K(21504K)], 0.0051790 secs] [Times: user=0.02 sys=0.00, real=0.00 secs] 
253.660: Total time for which application threads were stopped: 0.0053700 seconds, Stopping threads took: 0.0000960 seconds
254.139: Application time: 0.4789250 seconds
254.139: [Full GC [PSYoungGen: 40396K->0K(47104K)] [ParOldGen: 75119K->75253K(107520K)] 115515K->75253K(154624K) [PSPermGen: 5182K->5182K(21504K)], 0.0049560 secs] [Times: user=0.02 sys=0.00, real=0.01 secs] 
254.144: Total time for which application threads were stopped: 0.0051690 seconds, Stopping threads took: 0.0001200 seconds
254.627: Application time: 0.4830530 seconds
254.627: [Full GC [PSYoungGen: 40368K->0K(47104K)] [ParOldGen: 75253K->74993K(107520K)] 115621K->74993K(154624K) [PSPermGen: 5182K->5182K(21504K)], 0.0047510 secs] [Times: user=0.01 sys=0.00, real=0.00 secs] 
254.632: Total time for which application threads were stopped: 0.0049370 seconds, Stopping threads took: 0.0000890 seconds
255.118: Application time: 0.4856540 seconds
255.118: [Full GC [PSYoungGen: 40427K->0K(47104K)] [ParOldGen: 74993K->74921K(107520K)] 115420K->74921K(154624K) [PSPermGen: 5182K->5182K(21504K)], 0.0049560 secs] [Times: user=0.02 sys=0.00, real=0.01 secs] 
255.123: Total time for which application threads were stopped: 0.0051350 seconds, Stopping threads took: 0.0000900 seconds
255.623: Application time: 0.4999220 seconds
255.623: [Full GC [PSYoungGen: 40234K->0K(47104K)] [ParOldGen: 74921K->74526K(107520K)] 115155K->74526K(154624K) [PSPermGen: 5182K->5182K(21504K)], 0.0047720 secs] [Times: user=0.02 sys=0.00, real=0.00 secs] 
255.628: Total time for which application threads were stopped: 0.0049550 seconds, Stopping threads took: 0.0000850 seconds
256.089: Application time: 0.4605950 seconds
256.089: [Full GC [PSYoungGen: 40374K->0K(47104K)] [ParOldGen: 74526K->74724K(107520K)] 114901K->74724K(154624K) [PSPermGen: 5182K->5182K(21504K)], 0.0049890 secs] [Times: user=0.01 sys=0.00, real=0.01 secs] 
256.094: Total time for which application threads were stopped: 0.0052090 seconds, Stopping threads took: 0.0001300 seconds
256.579: Application time: 0.4853860 seconds
256.579: [Full GC [PSYoungGen: 40385K->0K(47104K)] [ParOldGen: 74724K->75056K(107520K)] 115109K->75056K(154624K) [PSPermGen: 5182K->5182K(21504K)], 0.0047070 secs] [Times: user=0.01 sys=0.00, real=0.01 secs] 
256.584: Total time for which application threads were stopped: 0.0048710 seconds, Stopping threads took: 0.0000670 seconds
257.084: Application time: 0.4995840 seconds
257.084: [Full GC [PSYoungGen: 40430K->0K(47104K)] [ParOldGen: 75056K->74859K(107520K)] 115486K->74859K(154624K) [PSPermGen: 5182K->5182K(21504K)], 0.0051150 secs] [Times: user=0.02 sys=0.00, real=0.00 secs] 
257.089: Total time for which application threads were stopped: 0.0052840 seconds, Stopping threads took: 0.0000720 seconds
257.568: Application time: 0.4795810 seconds
257.569: [Full GC [PSYoungGen: 40446K->0K(47104K)] [ParOldGen: 74859K->74724K(107520K)] 115306K->74724K(154624K) [PSPermGen: 5182K->5182K(21504K)], 0.0046320 secs] [Times: user=0.02 sys=0.00, real=0.00 secs] 
257.573: Total time for which application threads were stopped: 0.0048030 seconds, Stopping threads took: 0.0000840 seconds
258.066: Application time: 0.4929870 seconds
258.066: [Full GC [PSYoungGen: 40441K->0K(47104K)] [ParOldGen: 74724K->74708K(107520K)] 115166K->74708K(154624K) [PSPermGen: 5182K->5182K(21504K)], 0.0048900 secs] [Times: user=0.02 sys=0.00, real=0.00 secs] 
258.071: Total time for which application threads were stopped: 0.0050950 seconds, Stopping threads took: 0.0001010 seconds
258.530: Application time: 0.4589920 seconds
258.530: [Full GC [PSYoungGen: 40410K->0K(47104K)] [ParOldGen: 74708K->75453K(107520K)] 115119K->75453K(154624K) [PSPermGen: 5182K->5182K(21504K)], 0.0049460 secs] [Times: user=0.02 sys=0.00, real=0.01 secs] 
258.535: Total time for which application threads were stopped: 0.0051100 seconds, Stopping threads took: 0.0000750 seconds
259.035: Application time: 0.4998420 seconds
259.035: [Full GC [PSYoungGen: 40301K->0K(47104K)] [ParOldGen: 75453K->74725K(107520K)] 115754K->74725K(154624K) [PSPermGen: 5182K->5182K(21504K)], 0.0047430 secs] [Times: user=0.02 sys=0.00, real=0.00 secs] 
259.040: Total time for which application threads were stopped: 0.0049040 seconds, Stopping threads took: 0.0000680 seconds
259.548: Application time: 0.5073400 seconds
259.548: [Full GC [PSYoungGen: 40252K->0K(47104K)] [ParOldGen: 74725K->75121K(107520K)] 114978K->75121K(154624K) [PSPermGen: 5182K->5182K(21504K)], 0.0047870 secs] [Times: user=0.01 sys=0.00, real=0.00 secs] 
259.552: Total time for which application threads were stopped: 0.0049600 seconds, Stopping threads took: 0.0000750 seconds
260.017: Application time: 0.4648780 seconds
260.017: [Full GC [PSYoungGen: 40179K->0K(47104K)] [ParOldGen: 75121K->74923K(107520K)] 115300K->74923K(154624K) [PSPermGen: 5182K->5182K(21504K)], 0.0048850 secs] [Times: user=0.02 sys=0.00, real=0.01 secs] 
260.022: Total time for which application threads were stopped: 0.0050500 seconds, Stopping threads took: 0.0000760 seconds
260.512: Application time: 0.4895500 seconds
260.512: Total time for which application threads were stopped: 0.0001100 seconds, Stopping threads took: 0.0000790 seconds
260.513: Application time: 0.0012670 seconds
260.513: [Full GC [PSYoungGen: 40441K->0K(47104K)] [ParOldGen: 74995K->74726K(107520K)] 115436K->74726K(154624K) [PSPermGen: 5182K->5182K(21504K)], 0.0046960 secs] [Times: user=0.02 sys=0.00, real=0.01 secs] 
260.518: Total time for which application threads were stopped: 0.0048220 seconds, Stopping threads took: 0.0000440 seconds
261.056: Application time: 0.5377110 seconds
261.056: [Full GC [PSYoungGen: 40448K->0K(47104K)] [ParOldGen: 78411K->74751K(107520K)] 118859K->74751K(154624K) [PSPermGen: 5182K->5182K(21504K)], 0.0048790 secs] [Times: user=0.02 sys=0.00, real=0.00 secs] 
261.061: Total time for which application threads were stopped: 0.0050370 seconds, Stopping threads took: 0.0000650 seconds
261.538: Application time: 0.4773820 seconds
261.538: Total time for which application threads were stopped: 0.0000970 seconds, Stopping threads took: 0.0000730 seconds
261.539: Application time: 0.0005060 seconds
261.539: [Full GC [PSYoungGen: 40395K->0K(47104K)] [ParOldGen: 75020K->74924K(107520K)] 115416K->74924K(154624K) [PSPermGen: 5182K->5182K(21504K)], 0.0048330 secs] [Times: user=0.02 sys=0.00, real=0.01 secs] 
261.544: Total time for which application threads were stopped: 0.0049580 seconds, Stopping threads took: 0.0000420 seconds
262.133: Application time: 0.5892780 seconds
262.133: Total time for which application threads were stopped: 0.0000980 seconds, Stopping threads took: 0.0000710 seconds
262.133: Application time: 0.0000690 seconds
262.133: [Full GC [PSYoungGen: 40448K->0K(47104K)] [ParOldGen: 83359K->74457K(107520K)] 123807K->74457K(154624K) [PSPermGen: 5182K->5182K(21504K)], 0.0045790 secs] [Times: user=0.02 sys=0.00, real=0.01 secs] 
262.138: Total time for which application threads were stopped: 0.0047000 seconds, Stopping threads took: 0.0000410 seconds
262.649: Application time: 0.5107560 seconds
262.649: [Full GC [PSYoungGen: 40448K->0K(47104K)] [ParOldGen: 75932K->74727K(107520K)] 116380K->74727K(154624K) [PSPermGen: 5182K->5182K(21504K)], 0.0046550 secs] [Times: user=0.01 sys=0.00, real=0.01 secs] 
262.654: Total time for which application threads were stopped: 0.0048680 seconds, Stopping threads took: 0.0001040 seconds
263.141: Application time: 0.4878350 seconds
263.142: Total time for which application threads were stopped: 0.0001130 seconds, Stopping threads took: 0.0000940 seconds
263.142: Application time: 0.0000660 seconds
263.142: [Full GC [PSYoungGen: 40325K->0K(47104K)] [ParOldGen: 74861K->74925K(107520K)] 115187K->74925K(154624K) [PSPermGen: 5182K->5182K(21504K)], 0.0047510 secs] [Times: user=0.02 sys=0.00, real=0.00 secs] 
263.147: Total time for which application threads were stopped: 0.0048830 seconds, Stopping threads took: 0.0000490 seconds
263.678: Application time: 0.5311140 seconds
263.678: [Full GC [PSYoungGen: 40448K->0K(47104K)] [ParOldGen: 78322K->74727K(107520K)] 118770K->74727K(154624K) [PSPermGen: 5182K->5182K(21504K)], 0.0049100 secs] [Times: user=0.02 sys=0.00, real=0.01 secs] 
263.683: Total time for which application threads were stopped: 0.0050820 seconds, Stopping threads took: 0.0000790 seconds
264.162: Application time: 0.4796110 seconds
264.162: [Full GC [PSYoungGen: 40309K->0K(47104K)] [ParOldGen: 74727K->74728K(107520K)] 115037K->74728K(154624K) [PSPermGen: 5182K->5182K(21504K)], 0.0050360 secs] [Times: user=0.02 sys=0.00, real=0.00 secs] 
264.168: Total time for which application threads were stopped: 0.0052170 seconds, Stopping threads took: 0.0000880 seconds
264.663: Application time: 0.4952100 seconds
264.663: [Full GC [PSYoungGen: 40429K->0K(47104K)] [ParOldGen: 74728K->74862K(107520K)] 115157K->74862K(154624K) [PSPermGen: 5182K->5182K(21504K)], 0.0047480 secs] [Times: user=0.01 sys=0.00, real=0.00 secs] 
264.668: Total time for which application threads were stopped: 0.0049250 seconds, Stopping threads took: 0.0000800 seconds
265.120: Application time: 0.4524310 seconds
265.120: [Full GC [PSYoungGen: 40287K->0K(47104K)] [ParOldGen: 74862K->75321K(107520K)] 115150K->75321K(154624K) [PSPermGen: 5182K->5182K(21504K)], 0.0047680 secs] [Times: user=0.02 sys=0.00, real=0.01 secs] 
265.125: Total time for which application threads were stopped: 0.0049240 seconds, Stopping threads took: 0.0000690 seconds
265.623: Application time: 0.4982050 seconds
265.623: [Full GC [PSYoungGen: 40383K->0K(47104K)] [ParOldGen: 75321K->74926K(107520K)] 115704K->74926K(154624K) [PSPermGen: 5182K->5182K(21504K)], 0.0050800 secs] [Times: user=0.02 sys=0.00, real=0.00 secs] 
265.629: Total time for which application threads were stopped: 0.0052580 seconds, Stopping threads took: 0.0000800 seconds
266.132: Application time: 0.5037300 seconds
266.132: [Full GC [PSYoungGen: 40386K->0K(47104K)] [ParOldGen: 74926K->75259K(107520K)] 115313K->75259K(154624K) [PSPermGen: 5182K->5182K(21504K)], 0.0048550 secs] [Times: user=0.02 sys=0.00, real=0.01 secs] 
266.137: Total time for which application threads were stopped: 0.0050550 seconds, Stopping threads took: 0.0001020 seconds
266.616: Application time: 0.4790740 seconds
266.617: Total time for which application threads were stopped: 0.0000980 seconds, Stopping threads took: 0.0000770 seconds
266.618: Application time: 0.0010540 seconds
266.618: [Full GC [PSYoungGen: 40446K->0K(47104K)] [ParOldGen: 75521K->74522K(107520K)] 115967K->74522K(154624K) [PSPermGen: 5182K->5182K(21504K)], 0.0048610 secs] [Times: user=0.02 sys=0.00, real=0.01 secs] 
266.623: Total time for which application threads were stopped: 0.0049960 seconds, Stopping threads took: 0.0000510 seconds
267.165: Application time: 0.5425660 seconds
267.165: [Full GC [PSYoungGen: 40448K->0K(47104K)] [ParOldGen: 79751K->75124K(107520K)] 120199K->75124K(154624K) [PSPermGen: 5182K->5182K(21504K)], 0.0049620 secs] [Times: user=0.02 sys=0.00, real=0.00 secs] 
267.170: Total time for which application threads were stopped: 0.0051330 seconds, Stopping threads took: 0.0000730 seconds
267.661: Application time: 0.4911340 seconds
267.662: [Full GC [PSYoungGen: 40426K->0K(47104K)] [ParOldGen: 75124K->74729K(107520K)] 115551K->74729K(154624K) [PSPermGen: 5182K->5182K(21504K)], 0.0050180 secs] [Times: user=0.02 sys=0.00, real=0.01 secs] 
267.667: Total time for which application threads were stopped: 0.0051970 seconds, Stopping threads took: 0.0000890 seconds
268.164: Application time: 0.4975360 seconds
268.164: [Full GC [PSYoungGen: 40304K->0K(47104K)] [ParOldGen: 74729K->74532K(107520K)] 115034K->74532K(154624K) [PSPermGen: 5182K->5182K(21504K)], 0.0049400 secs] [Times: user=0.02 sys=0.00, real=0.00 secs] 
268.169: Total time for which application threads were stopped: 0.0051220 seconds, Stopping threads took: 0.0000830 seconds
268.639: Application time: 0.4702120 seconds
268.640: [Full GC [PSYoungGen: 40340K->0K(47104K)] [ParOldGen: 74532K->74927K(107520K)] 114872K->74927K(154624K) [PSPermGen: 5182K->5182K(21504K)], 0.0048660 secs] [Times: user=0.02 sys=0.00, real=0.01 secs] 
268.644: Total time for which application threads were stopped: 0.0050240 seconds, Stopping threads took: 0.0000680 seconds
269.139: Application time: 0.4942200 seconds
269.139: [Full GC [PSYoungGen: 40337K->0K(47104K)] [ParOldGen: 74927K->75125K(107520K)] 115264K->75125K(154624K) [PSPermGen: 5182K->5182K(21504K)], 0.0050870 secs] [Times: user=0.02 sys=0.00, real=0.01 secs] 
269.144: Total time for which application threads were stopped: 0.0052650 seconds, Stopping threads took: 0.0000780 seconds
269.630: Application time: 0.4858140 seconds
269.630: [Full GC [PSYoungGen: 40446K->0K(47104K)] [ParOldGen: 75125K->75395K(107520K)] 115572K->75395K(154624K) [PSPermGen: 5182K->5182K(21504K)], 0.0050040 secs] [Times: user=0.02 sys=0.00, real=0.01 secs] 
269.635: Total time for which application threads were stopped: 0.0051640 seconds, Stopping threads took: 0.0000720 seconds
270.119: Application time: 0.4842130 seconds
270.119: [Full GC [PSYoungGen: 40439K->0K(47104K)] [ParOldGen: 75395K->74604K(107520K)] 115834K->74604K(154624K) [PSPermGen: 5182K->5182K(21504K)], 0.0049610 secs] [Times: user=0.02 sys=0.00, real=0.01 secs] 
270.124: Total time for which application threads were stopped: 0.0051390 seconds, Stopping threads took: 0.0000770 seconds
270.597: Application time: 0.4731550 seconds
270.598: [Full GC [PSYoungGen: 40417K->0K(47104K)] [ParOldGen: 74604K->75126K(107520K)] 115022K->75126K(154624K) [PSPermGen: 5182K->5182K(21504K)], 0.0050690 secs] [Times: user=0.02 sys=0.00, real=0.01 secs] 
270.603: Total time for which application threads were stopped: 0.0052200 seconds, Stopping threads took: 0.0000650 seconds
271.097: Application time: 0.4940910 seconds
271.097: [Full GC [PSYoungGen: 40430K->0K(47104K)] [ParOldGen: 75126K->74928K(107520K)] 115556K->74928K(154624K) [PSPermGen: 5182K->5182K(21504K)], 0.0050210 secs] [Times: user=0.02 sys=0.00, real=0.01 secs] 
271.102: Total time for which application threads were stopped: 0.0051810 seconds, Stopping threads took: 0.0000570 seconds
271.577: Application time: 0.4748870 seconds
271.577: [Full GC [PSYoungGen: 40325K->0K(47104K)] [ParOldGen: 74928K->75396K(107520K)] 115254K->75396K(154624K) [PSPermGen: 5182K->5182K(21504K)], 0.0049540 secs] [Times: user=0.02 sys=0.00, real=0.01 secs] 
271.582: Total time for which application threads were stopped: 0.0051280 seconds, Stopping threads took: 0.0000860 seconds
272.097: Application time: 0.5147280 seconds
272.097: [Full GC [PSYoungGen: 40197K->0K(47104K)] [ParOldGen: 75396K->74731K(107520K)] 115594K->74731K(154624K) [PSPermGen: 5182K->5182K(21504K)], 0.0047050 secs] [Times: user=0.02 sys=0.00, real=0.00 secs] 
272.102: Total time for which application threads were stopped: 0.0048780 seconds, Stopping threads took: 0.0000710 seconds
272.572: Application time: 0.4708560 seconds
272.573: [Full GC [PSYoungGen: 40423K->0K(47104K)] [ParOldGen: 74731K->75127K(107520K)] 115155K->75127K(154624K) [PSPermGen: 5182K->5182K(21504K)], 0.0049380 secs] [Times: user=0.02 sys=0.00, real=0.01 secs] 
272.578: Total time for which application threads were stopped: 0.0050990 seconds, Stopping threads took: 0.0000700 seconds
273.067: Application time: 0.4890480 seconds
273.067: [Full GC [PSYoungGen: 40423K->0K(47104K)] [ParOldGen: 75127K->75262K(107520K)] 115550K->75262K(154624K) [PSPermGen: 5182K->5182K(21504K)], 0.0047400 secs] [Times: user=0.02 sys=0.00, real=0.00 secs] 
273.072: Total time for which application threads were stopped: 0.0048980 seconds, Stopping threads took: 0.0000650 seconds
273.555: Application time: 0.4832520 seconds
273.555: Total time for which application threads were stopped: 0.0001160 seconds, Stopping threads took: 0.0000920 seconds
273.557: Application time: 0.0020230 seconds
273.557: [Full GC [PSYoungGen: 40396K->0K(47104K)] [ParOldGen: 75865K->74534K(107520K)] 116261K->74534K(154624K) [PSPermGen: 5182K->5182K(21504K)], 0.0049050 secs] [Times: user=0.02 sys=0.00, real=0.01 secs] 
273.562: Total time for which application threads were stopped: 0.0050320 seconds, Stopping threads took: 0.0000420 seconds
274.115: Application time: 0.5535560 seconds
274.116: [Full GC [PSYoungGen: 40448K->0K(47104K)] [ParOldGen: 79677K->74732K(107520K)] 120125K->74732K(154624K) [PSPermGen: 5182K->5182K(21504K)], 0.0047110 secs] [Times: user=0.01 sys=0.00, real=0.00 secs] 
274.120: Total time for which application threads were stopped: 0.0048850 seconds, Stopping threads took: 0.0000780 seconds
274.602: Application time: 0.4815210 seconds
274.602: [Full GC [PSYoungGen: 40418K->0K(47104K)] [ParOldGen: 74732K->74607K(107520K)] 115150K->74607K(154624K) [PSPermGen: 5182K->5182K(21504K)], 0.0048280 secs] [Times: user=0.02 sys=0.00, real=0.00 secs] 
274.607: Total time for which application threads were stopped: 0.0049890 seconds, Stopping threads took: 0.0000710 seconds
275.104: Application time: 0.4966460 seconds
275.104: [Full GC [PSYoungGen: 40266K->0K(47104K)] [ParOldGen: 74607K->75128K(107520K)] 114873K->75128K(154624K) [PSPermGen: 5182K->5182K(21504K)], 0.0049970 secs] [Times: user=0.01 sys=0.00, real=0.00 secs] 
275.109: Total time for which application threads were stopped: 0.0051590 seconds, Stopping threads took: 0.0000600 seconds
275.577: Application time: 0.4683180 seconds
275.577: [Full GC [PSYoungGen: 40179K->0K(47104K)] [ParOldGen: 75128K->74930K(107520K)] 115307K->74930K(154624K) [PSPermGen: 5182K->5182K(21504K)], 0.0051670 secs] [Times: user=0.02 sys=0.00, real=0.01 secs] 
275.582: Total time for which application threads were stopped: 0.0053310 seconds, Stopping threads took: 0.0000750 seconds
276.067: Application time: 0.4844910 seconds
276.067: [Full GC [PSYoungGen: 40225K->0K(47104K)] [ParOldGen: 74930K->74931K(107520K)] 115156K->74931K(154624K) [PSPermGen: 5182K->5182K(21504K)], 0.0049080 secs] [Times: user=0.02 sys=0.00, real=0.00 secs] 
276.072: Total time for which application threads were stopped: 0.0050830 seconds, Stopping threads took: 0.0000760 seconds
276.549: Application time: 0.4772280 seconds
276.549: [Full GC [PSYoungGen: 40426K->0K(47104K)] [ParOldGen: 74931K->75066K(107520K)] 115357K->75066K(154624K) [PSPermGen: 5182K->5182K(21504K)], 0.0051270 secs] [Times: user=0.02 sys=0.00, real=0.01 secs] 
276.554: Total time for which application threads were stopped: 0.0052860 seconds, Stopping threads took: 0.0000740 seconds
277.038: Application time: 0.4839990 seconds
277.039: Total time for which application threads were stopped: 0.0001310 seconds, Stopping threads took: 0.0000900 seconds
277.039: Application time: 0.0003090 seconds
277.039: [Full GC [PSYoungGen: 40417K->0K(47104K)] [ParOldGen: 75470K->74931K(107520K)] 115888K->74931K(154624K) [PSPermGen: 5182K->5182K(21504K)], 0.0048360 secs] [Times: user=0.02 sys=0.00, real=0.01 secs] 
277.044: Total time for which application threads were stopped: 0.0049580 seconds, Stopping threads took: 0.0000400 seconds
277.586: Application time: 0.5420020 seconds
277.586: [Full GC [PSYoungGen: 40448K->0K(47104K)] [ParOldGen: 79105K->75327K(107520K)] 119553K->75327K(154624K) [PSPermGen: 5182K->5182K(21504K)], 0.0050890 secs] [Times: user=0.02 sys=0.00, real=0.00 secs] 
277.591: Total time for which application threads were stopped: 0.0052590 seconds, Stopping threads took: 0.0000720 seconds
278.087: Application time: 0.4955750 seconds
278.087: [Full GC [PSYoungGen: 40393K->0K(47104K)] [ParOldGen: 75327K->75066K(107520K)] 115720K->75066K(154624K) [PSPermGen: 5182K->5182K(21504K)], 0.0050300 secs] [Times: user=0.02 sys=0.00, real=0.00 secs] 
278.092: Total time for which application threads were stopped: 0.0052380 seconds, Stopping threads took: 0.0001080 seconds
278.563: Application time: 0.4709280 seconds
278.563: [Full GC [PSYoungGen: 40424K->0K(47104K)] [ParOldGen: 75066K->75462K(107520K)] 115491K->75462K(154624K) [PSPermGen: 5182K->5182K(21504K)], 0.0051210 secs] [Times: user=0.02 sys=0.00, real=0.00 secs] 
278.568: Total time for which application threads were stopped: 0.0052770 seconds, Stopping threads took: 0.0000640 seconds
279.071: Application time: 0.5031550 seconds
279.071: [Full GC [PSYoungGen: 40373K->0K(47104K)] [ParOldGen: 75462K->74734K(107520K)] 115835K->74734K(154624K) [PSPermGen: 5182K->5182K(21504K)], 0.0047880 secs] [Times: user=0.02 sys=0.00, real=0.01 secs] 
279.076: Total time for which application threads were stopped: 0.0049730 seconds, Stopping threads took: 0.0000860 seconds
279.545: Application time: 0.4685450 seconds
279.545: Total time for which application threads were stopped: 0.0001270 seconds, Stopping threads took: 0.0001050 seconds
279.546: Application time: 0.0008790 seconds
279.546: [Full GC [PSYoungGen: 40410K->0K(47104K)] [ParOldGen: 74869K->75130K(107520K)] 115279K->75130K(154624K) [PSPermGen: 5182K->5182K(21504K)], 0.0047660 secs] [Times: user=0.02 sys=0.00, real=0.00 secs] 
279.551: Total time for which application threads were stopped: 0.0048880 seconds, Stopping threads took: 0.0000420 seconds
280.124: Application time: 0.5732250 seconds
280.124: [Full GC [PSYoungGen: 40448K->0K(47104K)] [ParOldGen: 81272K->74330K(107520K)] 121720K->74330K(154624K) [PSPermGen: 5182K->5182K(21504K)], 0.0046960 secs] [Times: user=0.02 sys=0.00, real=0.00 secs] 
280.129: Total time for which application threads were stopped: 0.0048450 seconds, Stopping threads took: 0.0000580 seconds
280.601: Application time: 0.4720320 seconds
280.601: [Full GC [PSYoungGen: 40336K->0K(47104K)] [ParOldGen: 74330K->74933K(107520K)] 114667K->74933K(154624K) [PSPermGen: 5182K->5182K(21504K)], 0.0050080 secs] [Times: user=0.02 sys=0.00, real=0.01 secs] 
280.606: Total time for which application threads were stopped: 0.0051670 seconds, Stopping threads took: 0.0000720 seconds
281.109: Application time: 0.5029550 seconds
281.109: [Full GC [PSYoungGen: 40347K->0K(47104K)] [ParOldGen: 74933K->74933K(107520K)] 115280K->74933K(154624K) [PSPermGen: 5182K->5182K(21504K)], 0.0050570 secs] [Times: user=0.02 sys=0.00, real=0.01 secs] 
281.114: Total time for which application threads were stopped: 0.0052520 seconds, Stopping threads took: 0.0000970 seconds
281.601: Application time: 0.4865550 seconds
281.601: [Full GC [PSYoungGen: 40377K->0K(47104K)] [ParOldGen: 74933K->74933K(107520K)] 115310K->74933K(154624K) [PSPermGen: 5182K->5182K(21504K)], 0.0049560 secs] [Times: user=0.01 sys=0.00, real=0.01 secs] 
281.606: Total time for which application threads were stopped: 0.0051150 seconds, Stopping threads took: 0.0000700 seconds
282.072: Application time: 0.4665830 seconds
282.073: Total time for which application threads were stopped: 0.0001180 seconds, Stopping threads took: 0.0000830 seconds
282.073: Application time: 0.0002990 seconds
282.073: [Full GC [PSYoungGen: 40380K->0K(47104K)] [ParOldGen: 75068K->74934K(107520K)] 115449K->74934K(154624K) [PSPermGen: 5182K->5182K(21504K)], 0.0048540 secs] [Times: user=0.02 sys=0.00, real=0.01 secs] 
282.078: Total time for which application threads were stopped: 0.0049980 seconds, Stopping threads took: 0.0000600 seconds
282.615: Application time: 0.5372580 seconds
282.615: Total time for which application threads were stopped: 0.0001080 seconds, Stopping threads took: 0.0000850 seconds
282.615: Application time: 0.0000470 seconds
282.615: [Full GC [PSYoungGen: 40448K->0K(47104K)] [ParOldGen: 78596K->74728K(107520K)] 119044K->74728K(154624K) [PSPermGen: 5182K->5182K(21504K)], 0.0049130 secs] [Times: user=0.01 sys=0.00, real=0.00 secs] 
282.620: Total time for which application threads were stopped: 0.0050290 seconds, Stopping threads took: 0.0000370 seconds
283.143: Application time: 0.5230020 seconds
283.143: [Full GC [PSYoungGen: 40448K->0K(47104K)] [ParOldGen: 78851K->74918K(107520K)] 119299K->74918K(154624K) [PSPermGen: 5182K->5182K(21504K)], 0.0047880 secs] [Times: user=0.02 sys=0.00, real=0.00 secs] 
283.148: Total time for which application threads were stopped: 0.0049800 seconds, Stopping threads took: 0.0000870 seconds
283.637: Application time: 0.4890410 seconds
283.637: [Full GC [PSYoungGen: 40366K->0K(47104K)] [ParOldGen: 74918K->75132K(107520K)] 115285K->75132K(154624K) [PSPermGen: 5182K->5182K(21504K)], 0.0047370 secs] [Times: user=0.02 sys=0.00, real=0.01 secs] 
283.642: Total time for which application threads were stopped: 0.0049080 seconds, Stopping threads took: 0.0000830 seconds
284.155: Application time: 0.5123230 seconds
284.155: Total time for which application threads were stopped: 0.0001080 seconds, Stopping threads took: 0.0000750 seconds
284.156: Application time: 0.0009570 seconds
284.156: [Full GC [PSYoungGen: 40354K->0K(47104K)] [ParOldGen: 75536K->74539K(107520K)] 115890K->74539K(154624K) [PSPermGen: 5182K->5182K(21504K)], 0.0051740 secs] [Times: user=0.02 sys=0.00, real=0.00 secs] 
284.161: Total time for which application threads were stopped: 0.0052950 seconds, Stopping threads took: 0.0000390 seconds
284.724: Application time: 0.5625490 seconds
284.724: [Full GC [PSYoungGen: 40448K->0K(47104K)] [ParOldGen: 81157K->74737K(107520K)] 121605K->74737K(154624K) [PSPermGen: 5182K->5182K(21504K)], 0.0049360 secs] [Times: user=0.02 sys=0.00, real=0.00 secs] 
284.729: Total time for which application threads were stopped: 0.0051130 seconds, Stopping threads took: 0.0000770 seconds
285.210: Application time: 0.4812270 seconds
285.210: [Full GC [PSYoungGen: 40386K->0K(47104K)] [ParOldGen: 74737K->74540K(107520K)] 115123K->74540K(154624K) [PSPermGen: 5182K->5182K(21504K)], 0.0046530 secs] [Times: user=0.01 sys=0.00, real=0.01 secs] 
285.215: Total time for which application threads were stopped: 0.0048070 seconds, Stopping threads took: 0.0000670 seconds
285.689: Application time: 0.4740520 seconds
285.689: [Full GC [PSYoungGen: 40432K->0K(47104K)] [ParOldGen: 74540K->75070K(107520K)] 114972K->75070K(154624K) [PSPermGen: 5182K->5182K(21504K)], 0.0051090 secs] [Times: user=0.01 sys=0.00, real=0.01 secs] 
285.694: Total time for which application threads were stopped: 0.0052890 seconds, Stopping threads took: 0.0000840 seconds
286.167: Application time: 0.4725970 seconds
286.167: [Full GC [PSYoungGen: 40279K->0K(47104K)] [ParOldGen: 75070K->75133K(107520K)] 115350K->75133K(154624K) [PSPermGen: 5182K->5182K(21504K)], 0.0048120 secs] [Times: user=0.01 sys=0.00, real=0.00 secs] 
286.172: Total time for which application threads were stopped: 0.0049730 seconds, Stopping threads took: 0.0000660 seconds
286.692: Application time: 0.5207050 seconds
286.692: Total time for which application threads were stopped: 0.0001150 seconds, Stopping threads took: 0.0000800 seconds
286.693: Application time: 0.0008330 seconds
286.693: [Full GC [PSYoungGen: 40355K->0K(47104K)] [ParOldGen: 75537K->74540K(107520K)] 115893K->74540K(154624K) [PSPermGen: 5182K->5182K(21504K)], 0.0046700 secs] [Times: user=0.02 sys=0.00, real=0.01 secs] 
286.698: Total time for which application threads were stopped: 0.0047920 seconds, Stopping threads took: 0.0000390 seconds
287.282: Application time: 0.5843140 seconds
287.282: [Full GC [PSYoungGen: 40448K->0K(47104K)] [ParOldGen: 82594K->74738K(107520K)] 123042K->74738K(154624K) [PSPermGen: 5182K->5182K(21504K)], 0.0050040 secs] [Times: user=0.01 sys=0.00, real=0.00 secs] 
287.288: Total time for which application threads were stopped: 0.0051720 seconds, Stopping threads took: 0.0000710 seconds
287.762: Application time: 0.4745060 seconds
287.762: [Full GC [PSYoungGen: 40337K->0K(47104K)] [ParOldGen: 74738K->74936K(107520K)] 115076K->74936K(154624K) [PSPermGen: 5182K->5182K(21504K)], 0.0048820 secs] [Times: user=0.01 sys=0.00, real=0.00 secs] 
287.767: Total time for which application threads were stopped: 0.0050440 seconds, Stopping threads took: 0.0000740 seconds
288.260: Application time: 0.4930130 seconds
288.260: [Full GC [PSYoungGen: 40346K->0K(47104K)] [ParOldGen: 74936K->74936K(107520K)] 115283K->74936K(154624K) [PSPermGen: 5182K->5182K(21504K)], 0.0048430 secs] [Times: user=0.02 sys=0.00, real=0.01 secs] 
288.265: Total time for which application threads were stopped: 0.0050380 seconds, Stopping threads took: 0.0000840 seconds
288.749: Application time: 0.4842890 seconds
288.750: [Full GC [PSYoungGen: 40377K->0K(47104K)] [ParOldGen: 74936K->75134K(107520K)] 115314K->75134K(154624K) [PSPermGen: 5182K->5182K(21504K)], 0.0048680 secs] [Times: user=0.01 sys=0.00, real=0.01 secs] 
288.754: Total time for which application threads were stopped: 0.0050620 seconds, Stopping threads took: 0.0001070 seconds
289.223: Application time: 0.4688240 seconds
289.223: [Full GC [PSYoungGen: 40224K->0K(47104K)] [ParOldGen: 75134K->75135K(107520K)] 115359K->75135K(154624K) [PSPermGen: 5182K->5182K(21504K)], 0.0051470 secs] [Times: user=0.02 sys=0.00, real=0.00 secs] 
289.229: Total time for which application threads were stopped: 0.0053230 seconds, Stopping threads took: 0.0000760 seconds
289.720: Application time: 0.4916420 seconds
289.720: [Full GC [PSYoungGen: 40287K->0K(47104K)] [ParOldGen: 75135K->75332K(107520K)] 115422K->75332K(154624K) [PSPermGen: 5182K->5182K(21504K)], 0.0051480 secs] [Times: user=0.02 sys=0.00, real=0.01 secs] 
289.726: Total time for which application threads were stopped: 0.0053380 seconds, Stopping threads took: 0.0000880 seconds
290.193: Application time: 0.4670830 seconds
290.193: [Full GC [PSYoungGen: 40343K->0K(47104K)] [ParOldGen: 75332K->74937K(107520K)] 115676K->74937K(154624K) [PSPermGen: 5182K->5182K(21504K)], 0.0050340 secs] [Times: user=0.02 sys=0.00, real=0.01 secs] 
290.198: Total time for which application threads were stopped: 0.0052470 seconds, Stopping threads took: 0.0001110 seconds
290.717: Application time: 0.5195450 seconds
290.718: [Full GC [PSYoungGen: 40343K->0K(47104K)] [ParOldGen: 74937K->74938K(107520K)] 115281K->74938K(154624K) [PSPermGen: 5182K->5182K(21504K)], 0.0047450 secs] [Times: user=0.02 sys=0.00, real=0.01 secs] 
290.722: Total time for which application threads were stopped: 0.0049290 seconds, Stopping threads took: 0.0000820 seconds
291.212: Application time: 0.4895810 seconds
291.212: [Full GC [PSYoungGen: 40187K->0K(47104K)] [ParOldGen: 74938K->74147K(107520K)] 115125K->74147K(154624K) [PSPermGen: 5182K->5182K(21504K)], 0.0048010 secs] [Times: user=0.02 sys=0.00, real=0.01 secs] 
291.217: Total time for which application threads were stopped: 0.0049650 seconds, Stopping threads took: 0.0000790 seconds
291.671: Application time: 0.4542570 seconds
291.671: [Full GC [PSYoungGen: 40425K->0K(47104K)] [ParOldGen: 74147K->75271K(107520K)] 114573K->75271K(154624K) [PSPermGen: 5182K->5182K(21504K)], 0.0051270 secs] [Times: user=0.02 sys=0.00, real=0.01 secs] 
291.677: Total time for which application threads were stopped: 0.0052960 seconds, Stopping threads took: 0.0000740 seconds
292.170: Application time: 0.4938370 seconds
292.170: [Full GC [PSYoungGen: 40362K->0K(47104K)] [ParOldGen: 75271K->75136K(107520K)] 115633K->75136K(154624K) [PSPermGen: 5182K->5182K(21504K)], 0.0049440 secs] [Times: user=0.02 sys=0.00, real=0.01 secs] 
292.175: Total time for which application threads were stopped: 0.0050920 seconds, Stopping threads took: 0.0000580 seconds
292.660: Application time: 0.4849080 seconds
292.661: [Full GC [PSYoungGen: 40398K->0K(47104K)] [ParOldGen: 75136K->75073K(107520K)] 115534K->75073K(154624K) [PSPermGen: 5182K->5182K(21504K)], 0.0049380 secs] [Times: user=0.02 sys=0.00, real=0.01 secs] 
292.666: Total time for which application threads were stopped: 0.0051250 seconds, Stopping threads took: 0.0000870 seconds
293.161: Application time: 0.4953320 seconds
293.161: [Full GC [PSYoungGen: 40411K->0K(47104K)] [ParOldGen: 75073K->75136K(107520K)] 115485K->75136K(154624K) [PSPermGen: 5182K->5182K(21504K)], 0.0050650 secs] [Times: user=0.02 sys=0.00, real=0.01 secs] 
293.166: Total time for which application threads were stopped: 0.0052460 seconds, Stopping threads took: 0.0000790 seconds
293.658: Application time: 0.4921860 seconds
293.658: [Full GC [PSYoungGen: 40392K->0K(47104K)] [ParOldGen: 75136K->74669K(107520K)] 115529K->74669K(154624K) [PSPermGen: 5182K->5182K(21504K)], 0.0049610 secs] [Times: user=0.02 sys=0.00, real=0.01 secs] 
293.663: Total time for which application threads were stopped: 0.0051110 seconds, Stopping threads took: 0.0000640 seconds
294.140: Application time: 0.4762970 seconds
294.140: [Full GC [PSYoungGen: 40297K->0K(47104K)] [ParOldGen: 74669K->74939K(107520K)] 114967K->74939K(154624K) [PSPermGen: 5182K->5182K(21504K)], 0.0047080 secs] [Times: user=0.02 sys=0.00, real=0.01 secs] 
294.145: Total time for which application threads were stopped: 0.0048750 seconds, Stopping threads took: 0.0000710 seconds
294.627: Application time: 0.4820320 seconds
294.627: [Full GC [PSYoungGen: 40446K->0K(47104K)] [ParOldGen: 74939K->75011K(107520K)] 115386K->75011K(154624K) [PSPermGen: 5182K->5182K(21504K)], 0.0051840 secs] [Times: user=0.02 sys=0.00, real=0.00 secs] 
294.632: Total time for which application threads were stopped: 0.0053640 seconds, Stopping threads took: 0.0000920 seconds
295.112: Application time: 0.4799470 seconds
295.112: [Full GC [PSYoungGen: 40190K->0K(47104K)] [ParOldGen: 75011K->74940K(107520K)] 115201K->74940K(154624K) [PSPermGen: 5182K->5182K(21504K)], 0.0047690 secs] [Times: user=0.02 sys=0.00, real=0.01 secs] 
295.117: Total time for which application threads were stopped: 0.0049480 seconds, Stopping threads took: 0.0000800 seconds
295.601: Application time: 0.4842590 seconds
295.601: Total time for which application threads were stopped: 0.0001100 seconds, Stopping threads took: 0.0000870 seconds
295.602: Application time: 0.0010000 seconds
295.602: [Full GC [PSYoungGen: 40400K->0K(47104K)] [ParOldGen: 75209K->74940K(107520K)] 115609K->74940K(154624K) [PSPermGen: 5182K->5182K(21504K)], 0.0047400 secs] [Times: user=0.02 sys=0.00, real=0.00 secs] 
295.607: Total time for which application threads were stopped: 0.0048690 seconds, Stopping threads took: 0.0000460 seconds
296.179: Application time: 0.5717420 seconds
296.179: [Full GC [PSYoungGen: 40448K->0K(47104K)] [ParOldGen: 82391K->74545K(107520K)] 122839K->74545K(154624K) [PSPermGen: 5182K->5182K(21504K)], 0.0050530 secs] [Times: user=0.02 sys=0.00, real=0.01 secs] 
296.184: Total time for which application threads were stopped: 0.0052320 seconds, Stopping threads took: 0.0000770 seconds
296.685: Application time: 0.5011500 seconds
296.685: [Full GC [PSYoungGen: 40327K->0K(47104K)] [ParOldGen: 74545K->75336K(107520K)] 114872K->75336K(154624K) [PSPermGen: 5182K->5182K(21504K)], 0.0047580 secs] [Times: user=0.02 sys=0.00, real=0.00 secs] 
296.690: Total time for which application threads were stopped: 0.0049290 seconds, Stopping threads took: 0.0000730 seconds
297.184: Application time: 0.4937050 seconds
297.184: [Full GC [PSYoungGen: 40391K->0K(47104K)] [ParOldGen: 75336K->74545K(107520K)] 115728K->74545K(154624K) [PSPermGen: 5182K->5182K(21504K)], 0.0049900 secs] [Times: user=0.02 sys=0.00, real=0.00 secs] 
297.189: Total time for which application threads were stopped: 0.0051450 seconds, Stopping threads took: 0.0000670 seconds
297.638: Application time: 0.4490450 seconds
297.638: [Full GC [PSYoungGen: 40363K->0K(47104K)] [ParOldGen: 74545K->75606K(107520K)] 114909K->75606K(154624K) [PSPermGen: 5182K->5182K(21504K)], 0.0052810 secs] [Times: user=0.02 sys=0.00, real=0.01 secs] 
297.644: Total time for which application threads were stopped: 0.0054420 seconds, Stopping threads took: 0.0000640 seconds
298.145: Application time: 0.5019080 seconds
298.146: [Full GC [PSYoungGen: 40238K->0K(47104K)] [ParOldGen: 75606K->74743K(107520K)] 115844K->74743K(154624K) [PSPermGen: 5182K->5182K(21504K)], 0.0049000 secs] [Times: user=0.02 sys=0.00, real=0.00 secs] 
298.150: Total time for which application threads were stopped: 0.0050730 seconds, Stopping threads took: 0.0000760 seconds
298.644: Application time: 0.4935510 seconds
298.644: Total time for which application threads were stopped: 0.0001110 seconds, Stopping threads took: 0.0000890 seconds
298.645: Application time: 0.0012160 seconds
298.645: [Full GC [PSYoungGen: 40405K->0K(47104K)] [ParOldGen: 75006K->74743K(107520K)] 115411K->74743K(154624K) [PSPermGen: 5182K->5182K(21504K)], 0.0048290 secs] [Times: user=0.02 sys=0.00, real=0.00 secs] 
298.650: Total time for which application threads were stopped: 0.0049510 seconds, Stopping threads took: 0.0000390 seconds
299.199: Application time: 0.5491290 seconds
299.200: [Full GC [PSYoungGen: 40448K->0K(47104K)] [ParOldGen: 80347K->74941K(107520K)] 120795K->74941K(154624K) [PSPermGen: 5182K->5182K(21504K)], 0.0049600 secs] [Times: user=0.02 sys=0.00, real=0.01 secs] 
299.205: Total time for which application threads were stopped: 0.0051330 seconds, Stopping threads took: 0.0000750 seconds
299.705: Application time: 0.5003180 seconds
299.705: [Full GC [PSYoungGen: 40338K->0K(47104K)] [ParOldGen: 74941K->75337K(107520K)] 115280K->75337K(154624K) [PSPermGen: 5182K->5182K(21504K)], 0.0049430 secs] [Times: user=0.02 sys=0.00, real=0.00 secs] 
299.710: Total time for which application threads were stopped: 0.0051160 seconds, Stopping threads took: 0.0000750 seconds
300.211: Application time: 0.5004970 seconds
300.211: [Full GC [PSYoungGen: 40353K->0K(47104K)] [ParOldGen: 75337K->74547K(107520K)] 115691K->74547K(154624K) [PSPermGen: 5182K->5182K(21504K)], 0.0047580 secs] [Times: user=0.02 sys=0.00, real=0.01 secs] 
300.215: Total time for which application threads were stopped: 0.0049290 seconds, Stopping threads took: 0.0000710 seconds
300.684: Application time: 0.4682630 seconds
300.684: [Full GC [PSYoungGen: 40377K->0K(47104K)] [ParOldGen: 74547K->74745K(107520K)] 114924K->74745K(154624K) [PSPermGen: 5182K->5182K(21504K)], 0.0047350 secs] [Times: user=0.02 sys=0.00, real=0.00 secs] 
300.689: Total time for which application threads were stopped: 0.0048950 seconds, Stopping threads took: 0.0000730 seconds
301.167: Application time: 0.4781050 seconds
301.167: [Full GC [PSYoungGen: 40336K->0K(47104K)] [ParOldGen: 74745K->74943K(107520K)] 115081K->74943K(154624K) [PSPermGen: 5182K->5182K(21504K)], 0.0046430 secs] [Times: user=0.02 sys=0.00, real=0.00 secs] 
301.172: Total time for which application threads were stopped: 0.0048110 seconds, Stopping threads took: 0.0000690 seconds
301.685: Application time: 0.5139300 seconds
301.686: [Full GC [PSYoungGen: 40384K->0K(47104K)] [ParOldGen: 74943K->74745K(107520K)] 115327K->74745K(154624K) [PSPermGen: 5182K->5182K(21504K)], 0.0049200 secs] [Times: user=0.02 sys=0.00, real=0.00 secs] 
301.691: Total time for which application threads were stopped: 0.0050870 seconds, Stopping threads took: 0.0000700 seconds
302.180: Application time: 0.4898260 seconds
302.180: Total time for which application threads were stopped: 0.0001000 seconds, Stopping threads took: 0.0000760 seconds
302.181: Application time: 0.0001540 seconds
302.181: [Full GC [PSYoungGen: 40418K->0K(47104K)] [ParOldGen: 74880K->74350K(107520K)] 115298K->74350K(154624K) [PSPermGen: 5182K->5182K(21504K)], 0.0046270 secs] [Times: user=0.02 sys=0.00, real=0.01 secs] 
302.185: Total time for which application threads were stopped: 0.0047500 seconds, Stopping threads took: 0.0000430 seconds
302.737: Application time: 0.5521090 seconds
302.738: Total time for which application threads were stopped: 0.0001140 seconds, Stopping threads took: 0.0000810 seconds
302.739: Application time: 0.0011990 seconds
302.739: [Full GC [PSYoungGen: 40448K->0K(47104K)] [ParOldGen: 79746K->74745K(107520K)] 120194K->74745K(154624K) [PSPermGen: 5182K->5182K(21504K)], 0.0046940 secs] [Times: user=0.02 sys=0.00, real=0.01 secs] 
302.744: Total time for which application threads were stopped: 0.0048430 seconds, Stopping threads took: 0.0000630 seconds
303.273: Application time: 0.5293030 seconds
303.273: Total time for which application threads were stopped: 0.0001020 seconds, Stopping threads took: 0.0000730 seconds
303.274: Application time: 0.0005360 seconds
303.274: [Full GC [PSYoungGen: 40448K->0K(47104K)] [ParOldGen: 79527K->75141K(107520K)] 119975K->75141K(154624K) [PSPermGen: 5182K->5182K(21504K)], 0.0049910 secs] [Times: user=0.02 sys=0.00, real=0.00 secs] 
303.279: Total time for which application threads were stopped: 0.0051240 seconds, Stopping threads took: 0.0000430 seconds
303.837: Application time: 0.5582500 seconds
303.837: [Full GC [PSYoungGen: 40448K->0K(47104K)] [ParOldGen: 81363K->74746K(107520K)] 121811K->74746K(154624K) [PSPermGen: 5182K->5182K(21504K)], 0.0048750 secs] [Times: user=0.02 sys=0.00, real=0.01 secs] 
303.842: Total time for which application threads were stopped: 0.0050500 seconds, Stopping threads took: 0.0000780 seconds
304.314: Application time: 0.4721900 seconds
304.314: [Full GC [PSYoungGen: 40179K->0K(47104K)] [ParOldGen: 74746K->74549K(107520K)] 114926K->74549K(154624K) [PSPermGen: 5182K->5182K(21504K)], 0.0048200 secs] [Times: user=0.02 sys=0.00, real=0.00 secs] 
304.319: Total time for which application threads were stopped: 0.0049920 seconds, Stopping threads took: 0.0000830 seconds
304.788: Application time: 0.4687710 seconds
304.788: [Full GC [PSYoungGen: 40422K->0K(47104K)] [ParOldGen: 74549K->74944K(107520K)] 114971K->74944K(154624K) [PSPermGen: 5182K->5182K(21504K)], 0.0049290 secs] [Times: user=0.01 sys=0.00, real=0.00 secs] 
304.793: Total time for which application threads were stopped: 0.0050940 seconds, Stopping threads took: 0.0000710 seconds
305.322: Application time: 0.5293320 seconds
305.323: Total time for which application threads were stopped: 0.0001090 seconds, Stopping threads took: 0.0000750 seconds
305.324: Application time: 0.0013020 seconds
305.324: [Full GC [PSYoungGen: 40444K->0K(47104K)] [ParOldGen: 75413K->74549K(107520K)] 115858K->74549K(154624K) [PSPermGen: 5182K->5182K(21504K)], 0.0046870 secs] [Times: user=0.02 sys=0.00, real=0.00 secs] 
305.329: Total time for which application threads were stopped: 0.0048140 seconds, Stopping threads took: 0.0000440 seconds
305.887: Application time: 0.5582360 seconds
305.887: [Full GC [PSYoungGen: 40448K->0K(47104K)] [ParOldGen: 80152K->74747K(107520K)] 120600K->74747K(154624K) [PSPermGen: 5182K->5182K(21504K)], 0.0046670 secs] [Times: user=0.02 sys=0.00, real=0.00 secs] 
305.892: Total time for which application threads were stopped: 0.0048350 seconds, Stopping threads took: 0.0000720 seconds
306.375: Application time: 0.4828860 seconds
306.375: [Full GC [PSYoungGen: 40346K->0K(47104K)] [ParOldGen: 74747K->74352K(107520K)] 115094K->74352K(154624K) [PSPermGen: 5182K->5182K(21504K)], 0.0047840 secs] [Times: user=0.02 sys=0.00, real=0.00 secs] 
306.380: Total time for which application threads were stopped: 0.0049500 seconds, Stopping threads took: 0.0000770 seconds
306.847: Application time: 0.4673460 seconds
306.847: [Full GC [PSYoungGen: 40337K->0K(47104K)] [ParOldGen: 74352K->74945K(107520K)] 114689K->74945K(154624K) [PSPermGen: 5182K->5182K(21504K)], 0.0049300 secs] [Times: user=0.02 sys=0.00, real=0.00 secs] 
306.852: Total time for which application threads were stopped: 0.0051010 seconds, Stopping threads took: 0.0000740 seconds
307.328: Application time: 0.4763250 seconds
307.328: [Full GC [PSYoungGen: 40337K->0K(47104K)] [ParOldGen: 74945K->75143K(107520K)] 115283K->75143K(154624K) [PSPermGen: 5182K->5182K(21504K)], 0.0048140 secs] [Times: user=0.02 sys=0.00, real=0.00 secs] 
307.333: Total time for which application threads were stopped: 0.0050080 seconds, Stopping threads took: 0.0001080 seconds
307.821: Application time: 0.4873220 seconds
307.821: [Full GC [PSYoungGen: 40414K->0K(47104K)] [ParOldGen: 75143K->75143K(107520K)] 115558K->75143K(154624K) [PSPermGen: 5182K->5182K(21504K)], 0.0047520 secs] [Times: user=0.02 sys=0.00, real=0.01 secs] 
307.826: Total time for which application threads were stopped: 0.0049480 seconds, Stopping threads took: 0.0000850 seconds
308.332: Application time: 0.5062070 seconds
308.332: [Full GC [PSYoungGen: 40379K->0K(47104K)] [ParOldGen: 75143K->75215K(107520K)] 115522K->75215K(154624K) [PSPermGen: 5182K->5182K(21504K)], 0.0050640 secs] [Times: user=0.02 sys=0.00, real=0.01 secs] 
308.337: Total time for which application threads were stopped: 0.0052290 seconds, Stopping threads took: 0.0000710 seconds
308.811: Application time: 0.4734650 seconds
308.811: [Full GC [PSYoungGen: 40384K->0K(47104K)] [ParOldGen: 75215K->74820K(107520K)] 115600K->74820K(154624K) [PSPermGen: 5182K->5182K(21504K)], 0.0048030 secs] [Times: user=0.02 sys=0.00, real=0.01 secs] 
308.815: Total time for which application threads were stopped: 0.0049610 seconds, Stopping threads took: 0.0000720 seconds
309.335: Application time: 0.5199220 seconds
309.336: [Full GC [PSYoungGen: 40406K->0K(47104K)] [ParOldGen: 74820K->74686K(107520K)] 115227K->74686K(154624K) [PSPermGen: 5182K->5182K(21504K)], 0.0049050 secs] [Times: user=0.02 sys=0.00, real=0.00 secs] 
309.341: Total time for which application threads were stopped: 0.0050990 seconds, Stopping threads took: 0.0000980 seconds
309.806: Application time: 0.4652610 seconds
309.806: [Full GC [PSYoungGen: 40214K->0K(47104K)] [ParOldGen: 74686K->74551K(107520K)] 114901K->74551K(154624K) [PSPermGen: 5182K->5182K(21504K)], 0.0049260 secs] [Times: user=0.01 sys=0.00, real=0.00 secs] 
309.811: Total time for which application threads were stopped: 0.0051020 seconds, Stopping threads took: 0.0000870 seconds
310.294: Application time: 0.4835670 seconds
310.295: [Full GC [PSYoungGen: 40292K->0K(47104K)] [ParOldGen: 74551K->74749K(107520K)] 114844K->74749K(154624K) [PSPermGen: 5182K->5182K(21504K)], 0.0046860 secs] [Times: user=0.02 sys=0.00, real=0.00 secs] 
310.299: Total time for which application threads were stopped: 0.0048500 seconds, Stopping threads took: 0.0000680 seconds
310.772: Application time: 0.4722290 seconds
310.772: [Full GC [PSYoungGen: 40310K->0K(47104K)] [ParOldGen: 74749K->74749K(107520K)] 115060K->74749K(154624K) [PSPermGen: 5182K->5182K(21504K)], 0.0048880 secs] [Times: user=0.02 sys=0.00, real=0.01 secs] 
310.777: Total time for which application threads were stopped: 0.0050700 seconds, Stopping threads took: 0.0000930 seconds
311.285: Application time: 0.5081640 seconds
311.285: [Full GC [PSYoungGen: 40290K->0K(47104K)] [ParOldGen: 74749K->74947K(107520K)] 115040K->74947K(154624K) [PSPermGen: 5182K->5182K(21504K)], 0.0047090 secs] [Times: user=0.01 sys=0.01, real=0.00 secs] 
311.290: Total time for which application threads were stopped: 0.0048860 seconds, Stopping threads took: 0.0000720 seconds
311.776: Application time: 0.4867120 seconds
311.777: [Full GC [PSYoungGen: 40415K->0K(47104K)] [ParOldGen: 74947K->74624K(107520K)] 115363K->74624K(154624K) [PSPermGen: 5182K->5182K(21504K)], 0.0049010 secs] [Times: user=0.02 sys=0.00, real=0.00 secs] 
311.781: Total time for which application threads were stopped: 0.0050810 seconds, Stopping threads took: 0.0000870 seconds
312.255: Application time: 0.4739360 seconds
312.256: [Full GC [PSYoungGen: 40400K->0K(47104K)] [ParOldGen: 74624K->75083K(107520K)] 115025K->75083K(154624K) [PSPermGen: 5182K->5182K(21504K)], 0.0050170 secs] [Times: user=0.02 sys=0.00, real=0.00 secs] 
312.261: Total time for which application threads were stopped: 0.0052040 seconds, Stopping threads took: 0.0000910 seconds
312.758: Application time: 0.4976560 seconds
312.758: [Full GC [PSYoungGen: 40446K->0K(47104K)] [ParOldGen: 75083K->74948K(107520K)] 115529K->74948K(154624K) [PSPermGen: 5182K->5182K(21504K)], 0.0049840 secs] [Times: user=0.02 sys=0.00, real=0.01 secs] 
312.763: Total time for which application threads were stopped: 0.0051660 seconds, Stopping threads took: 0.0000790 seconds
313.219: Application time: 0.4557650 seconds
313.219: [Full GC [PSYoungGen: 40225K->0K(47104K)] [ParOldGen: 74948K->75146K(107520K)] 115174K->75146K(154624K) [PSPermGen: 5182K->5182K(21504K)], 0.0049580 secs] [Times: user=0.01 sys=0.00, real=0.01 secs] 
313.224: Total time for which application threads were stopped: 0.0051610 seconds, Stopping threads took: 0.0001130 seconds
313.721: Application time: 0.4963550 seconds
313.721: Total time for which application threads were stopped: 0.0001200 seconds, Stopping threads took: 0.0000920 seconds
313.722: Application time: 0.0009720 seconds
313.722: [Full GC [PSYoungGen: 40362K->0K(47104K)] [ParOldGen: 75281K->75146K(107520K)] 115644K->75146K(154624K) [PSPermGen: 5182K->5182K(21504K)], 0.0049360 secs] [Times: user=0.02 sys=0.00, real=0.00 secs] 
313.727: Total time for which application threads were stopped: 0.0050640 seconds, Stopping threads took: 0.0000410 seconds
314.274: Application time: 0.5466540 seconds
314.274: [Full GC [PSYoungGen: 40448K->0K(47104K)] [ParOldGen: 78768K->74974K(107520K)] 119216K->74974K(154624K) [PSPermGen: 5182K->5182K(21504K)], 0.0050680 secs] [Times: user=0.02 sys=0.00, real=0.00 secs] 
314.279: Total time for which application threads were stopped: 0.0052550 seconds, Stopping threads took: 0.0000850 seconds
314.768: Application time: 0.4894570 seconds
314.768: Total time for which application threads were stopped: 0.0001250 seconds, Stopping threads took: 0.0001030 seconds
314.768: Application time: 0.0000600 seconds
314.769: [Full GC [PSYoungGen: 40435K->0K(47104K)] [ParOldGen: 75038K->74553K(107520K)] 115473K->74553K(154624K) [PSPermGen: 5182K->5182K(21504K)], 0.0048810 secs] [Times: user=0.01 sys=0.01, real=0.00 secs] 
314.773: Total time for which application threads were stopped: 0.0050170 seconds, Stopping threads took: 0.0000540 seconds
315.347: Application time: 0.5731660 seconds
315.347: [Full GC [PSYoungGen: 40448K->0K(47104K)] [ParOldGen: 81379K->74554K(107520K)] 121827K->74554K(154624K) [PSPermGen: 5182K->5182K(21504K)], 0.0049650 secs] [Times: user=0.02 sys=0.00, real=0.00 secs] 
315.352: Total time for which application threads were stopped: 0.0051580 seconds, Stopping threads took: 0.0000940 seconds
315.830: Application time: 0.4778600 seconds
315.830: [Full GC [PSYoungGen: 40336K->0K(47104K)] [ParOldGen: 74554K->74949K(107520K)] 114891K->74949K(154624K) [PSPermGen: 5182K->5182K(21504K)], 0.0049410 secs] [Times: user=0.01 sys=0.00, real=0.01 secs] 
315.835: Total time for which application threads were stopped: 0.0051010 seconds, Stopping threads took: 0.0000730 seconds
316.308: Application time: 0.4735700 seconds
316.308: [Full GC [PSYoungGen: 40364K->0K(47104K)] [ParOldGen: 74949K->75219K(107520K)] 115314K->75219K(154624K) [PSPermGen: 5182K->5182K(21504K)], 0.0050680 secs] [Times: user=0.02 sys=0.00, real=0.00 secs] 
316.314: Total time for which application threads were stopped: 0.0052390 seconds, Stopping threads took: 0.0000760 seconds
316.794: Application time: 0.4806970 seconds
316.794: Total time for which application threads were stopped: 0.0000970 seconds, Stopping threads took: 0.0000760 seconds
316.794: Application time: 0.0000970 seconds
316.795: [Full GC [PSYoungGen: 40445K->0K(47104K)] [ParOldGen: 75426K->74950K(107520K)] 115872K->74950K(154624K) [PSPermGen: 5182K->5182K(21504K)], 0.0049400 secs] [Times: user=0.02 sys=0.00, real=0.00 secs] 
316.800: Total time for which application threads were stopped: 0.0050590 seconds, Stopping threads took: 0.0000380 seconds
317.351: Application time: 0.5512190 seconds
317.351: Total time for which application threads were stopped: 0.0001150 seconds, Stopping threads took: 0.0000860 seconds
317.351: Application time: 0.0000610 seconds
317.351: [Full GC [PSYoungGen: 40448K->0K(47104K)] [ParOldGen: 80164K->75013K(107520K)] 120612K->75013K(154624K) [PSPermGen: 5182K->5182K(21504K)], 0.0049400 secs] [Times: user=0.02 sys=0.00, real=0.01 secs] 
317.356: Total time for which application threads were stopped: 0.0050740 seconds, Stopping threads took: 0.0000530 seconds
317.895: Application time: 0.5392220 seconds
317.895: Total time for which application threads were stopped: 0.0000880 seconds, Stopping threads took: 0.0000550 seconds
317.896: Application time: 0.0003190 seconds
317.896: [Full GC [PSYoungGen: 40448K->0K(47104K)] [ParOldGen: 76759K->75148K(107520K)] 117207K->75148K(154624K) [PSPermGen: 5182K->5182K(21504K)], 0.0046920 secs] [Times: user=0.02 sys=0.00, real=0.00 secs] 
317.900: Total time for which application threads were stopped: 0.0048260 seconds, Stopping threads took: 0.0000540 seconds
318.474: Application time: 0.5735260 seconds
318.474: [Full GC [PSYoungGen: 40448K->0K(47104K)] [ParOldGen: 81901K->74753K(107520K)] 122349K->74753K(154624K) [PSPermGen: 5182K->5182K(21504K)], 0.0049290 secs] [Times: user=0.02 sys=0.00, real=0.00 secs] 
318.479: Total time for which application threads were stopped: 0.0051110 seconds, Stopping threads took: 0.0000740 seconds
318.963: Application time: 0.4836030 seconds
318.963: [Full GC [PSYoungGen: 40347K->0K(47104K)] [ParOldGen: 74753K->74358K(107520K)] 115100K->74358K(154624K) [PSPermGen: 5182K->5182K(21504K)], 0.0049500 secs] [Times: user=0.01 sys=0.00, real=0.00 secs] 
318.968: Total time for which application threads were stopped: 0.0051160 seconds, Stopping threads took: 0.0000750 seconds
319.439: Application time: 0.4713460 seconds
319.439: [Full GC [PSYoungGen: 40408K->0K(47104K)] [ParOldGen: 74358K->74825K(107520K)] 114766K->74825K(154624K) [PSPermGen: 5182K->5182K(21504K)], 0.0048280 secs] [Times: user=0.02 sys=0.00, real=0.01 secs] 
319.444: Total time for which application threads were stopped: 0.0050140 seconds, Stopping threads took: 0.0000910 seconds
319.921: Application time: 0.4771210 seconds
319.921: [Full GC [PSYoungGen: 40438K->0K(47104K)] [ParOldGen: 74825K->75086K(107520K)] 115263K->75086K(154624K) [PSPermGen: 5182K->5182K(21504K)], 0.0048840 secs] [Times: user=0.02 sys=0.00, real=0.01 secs] 
319.926: Total time for which application threads were stopped: 0.0050410 seconds, Stopping threads took: 0.0000690 seconds
320.401: Application time: 0.4745100 seconds
320.401: [Full GC [PSYoungGen: 40301K->0K(47104K)] [ParOldGen: 75086K->74952K(107520K)] 115388K->74952K(154624K) [PSPermGen: 5182K->5182K(21504K)], 0.0049720 secs] [Times: user=0.02 sys=0.00, real=0.01 secs] 
320.406: Total time for which application threads were stopped: 0.0051490 seconds, Stopping threads took: 0.0000750 seconds
320.910: Application time: 0.5043030 seconds
320.910: [Full GC [PSYoungGen: 40425K->0K(47104K)] [ParOldGen: 74952K->75086K(107520K)] 115378K->75086K(154624K) [PSPermGen: 5182K->5182K(21504K)], 0.0049910 secs] [Times: user=0.02 sys=0.00, real=0.01 secs] 
320.915: Total time for which application threads were stopped: 0.0051650 seconds, Stopping threads took: 0.0000770 seconds
321.383: Application time: 0.4678520 seconds
321.383: [Full GC [PSYoungGen: 40213K->0K(47104K)] [ParOldGen: 75086K->74952K(107520K)] 115300K->74952K(154624K) [PSPermGen: 5182K->5182K(21504K)], 0.0051620 secs] [Times: user=0.02 sys=0.00, real=0.00 secs] 
321.389: Total time for which application threads were stopped: 0.0053350 seconds, Stopping threads took: 0.0000850 seconds
321.885: Application time: 0.4965000 seconds
321.885: [Full GC [PSYoungGen: 40336K->0K(47104K)] [ParOldGen: 74952K->75348K(107520K)] 115288K->75348K(154624K) [PSPermGen: 5182K->5182K(21504K)], 0.0051490 secs] [Times: user=0.02 sys=0.00, real=0.00 secs] 
321.890: Total time for which application threads were stopped: 0.0053110 seconds, Stopping threads took: 0.0000600 seconds
322.389: Application time: 0.4982630 seconds
322.389: [Full GC [PSYoungGen: 40261K->0K(47104K)] [ParOldGen: 75348K->75150K(107520K)] 115609K->75150K(154624K) [PSPermGen: 5182K->5182K(21504K)], 0.0050170 secs] [Times: user=0.01 sys=0.00, real=0.01 secs] 
322.394: Total time for which application threads were stopped: 0.0051910 seconds, Stopping threads took: 0.0000730 seconds
322.857: Application time: 0.4635560 seconds
322.858: [Full GC [PSYoungGen: 40355K->0K(47104K)] [ParOldGen: 75150K->74360K(107520K)] 115506K->74360K(154624K) [PSPermGen: 5182K->5182K(21504K)], 0.0046630 secs] [Times: user=0.01 sys=0.00, real=0.01 secs] 
322.862: Total time for which application threads were stopped: 0.0048570 seconds, Stopping threads took: 0.0000970 seconds
323.332: Application time: 0.4695310 seconds
323.332: [Full GC [PSYoungGen: 40280K->0K(47104K)] [ParOldGen: 74360K->75150K(107520K)] 114640K->75150K(154624K) [PSPermGen: 5182K->5182K(21504K)], 0.0049190 secs] [Times: user=0.02 sys=0.00, real=0.01 secs] 
323.337: Total time for which application threads were stopped: 0.0051140 seconds, Stopping threads took: 0.0000950 seconds
323.860: Application time: 0.5231250 seconds
323.860: [Full GC [PSYoungGen: 40342K->0K(47104K)] [ParOldGen: 75150K->74755K(107520K)] 115493K->74755K(154624K) [PSPermGen: 5182K->5182K(21504K)], 0.0048620 secs] [Times: user=0.02 sys=0.00, real=0.01 secs] 
323.865: Total time for which application threads were stopped: 0.0050280 seconds, Stopping threads took: 0.0000700 seconds
324.351: Application time: 0.4858420 seconds
324.351: [Full GC [PSYoungGen: 40347K->0K(47104K)] [ParOldGen: 74755K->74756K(107520K)] 115103K->74756K(154624K) [PSPermGen: 5182K->5182K(21504K)], 0.0048400 secs] [Times: user=0.01 sys=0.00, real=0.01 secs] 
324.356: Total time for which application threads were stopped: 0.0050030 seconds, Stopping threads took: 0.0000770 seconds
324.826: Application time: 0.4696710 seconds
324.826: [Full GC [PSYoungGen: 40346K->0K(47104K)] [ParOldGen: 74756K->74361K(107520K)] 115102K->74361K(154624K) [PSPermGen: 5182K->5182K(21504K)], 0.0049360 secs] [Times: user=0.02 sys=0.00, real=0.00 secs] 
324.831: Total time for which application threads were stopped: 0.0051370 seconds, Stopping threads took: 0.0001070 seconds
325.301: Application time: 0.4706650 seconds
325.302: [Full GC [PSYoungGen: 40339K->0K(47104K)] [ParOldGen: 74361K->74954K(107520K)] 114700K->74954K(154624K) [PSPermGen: 5182K->5182K(21504K)], 0.0047680 secs] [Times: user=0.02 sys=0.00, real=0.01 secs] 
325.306: Total time for which application threads were stopped: 0.0049310 seconds, Stopping threads took: 0.0000710 seconds
325.777: Application time: 0.4710650 seconds
325.778: [Full GC [PSYoungGen: 40405K->0K(47104K)] [ParOldGen: 74954K->75349K(107520K)] 115360K->75349K(154624K) [PSPermGen: 5182K->5182K(21504K)], 0.0048900 secs] [Times: user=0.02 sys=0.00, real=0.01 secs] 
325.783: Total time for which application threads were stopped: 0.0050670 seconds, Stopping threads took: 0.0000790 seconds
326.310: Application time: 0.5274180 seconds
326.310: Total time for which application threads were stopped: 0.0000970 seconds, Stopping threads took: 0.0000660 seconds
326.310: Application time: 0.0003270 seconds
326.310: [Full GC [PSYoungGen: 40444K->0K(47104K)] [ParOldGen: 75548K->74559K(107520K)] 115993K->74559K(154624K) [PSPermGen: 5182K->5182K(21504K)], 0.0048130 secs] [Times: user=0.02 sys=0.00, real=0.01 secs] 
326.315: Total time for which application threads were stopped: 0.0049620 seconds, Stopping threads took: 0.0000650 seconds
326.893: Application time: 0.5775520 seconds
326.893: Total time for which application threads were stopped: 0.0001070 seconds, Stopping threads took: 0.0000770 seconds
326.893: Application time: 0.0001760 seconds
326.893: [Full GC [PSYoungGen: 40448K->0K(47104K)] [ParOldGen: 81717K->74361K(107520K)] 122165K->74361K(154624K) [PSPermGen: 5182K->5182K(21504K)], 0.0046300 secs] [Times: user=0.02 sys=0.00, real=0.01 secs] 
326.898: Total time for which application threads were stopped: 0.0047540 seconds, Stopping threads took: 0.0000400 seconds
327.455: Application time: 0.5566280 seconds
327.455: [Full GC [PSYoungGen: 40448K->0K(47104K)] [ParOldGen: 80360K->75350K(107520K)] 120808K->75350K(154624K) [PSPermGen: 5182K->5182K(21504K)], 0.0047520 secs] [Times: user=0.02 sys=0.00, real=0.00 secs] 
327.459: Total time for which application threads were stopped: 0.0049180 seconds, Stopping threads took: 0.0000710 seconds
327.959: Application time: 0.4993000 seconds
327.959: Total time for which application threads were stopped: 0.0001080 seconds, Stopping threads took: 0.0000800 seconds
327.959: Application time: 0.0004690 seconds
327.959: [Full GC [PSYoungGen: 40421K->0K(47104K)] [ParOldGen: 75485K->74955K(107520K)] 115906K->74955K(154624K) [PSPermGen: 5182K->5182K(21504K)], 0.0049660 secs] [Times: user=0.02 sys=0.00, real=0.01 secs] 
327.964: Total time for which application threads were stopped: 0.0050910 seconds, Stopping threads took: 0.0000440 seconds
328.532: Application time: 0.5678120 seconds
328.532: [Full GC [PSYoungGen: 40448K->0K(47104K)] [ParOldGen: 81446K->74830K(107520K)] 121894K->74830K(154624K) [PSPermGen: 5182K->5182K(21504K)], 0.0049170 secs] [Times: user=0.02 sys=0.00, real=0.01 secs] 
328.537: Total time for which application threads were stopped: 0.0050940 seconds, Stopping threads took: 0.0000720 seconds
329.001: Application time: 0.4635070 seconds
329.001: Total time for which application threads were stopped: 0.0001050 seconds, Stopping threads took: 0.0000830 seconds
329.002: Application time: 0.0007730 seconds
329.002: [Full GC [PSYoungGen: 40410K->0K(47104K)] [ParOldGen: 75099K->74955K(107520K)] 115510K->74955K(154624K) [PSPermGen: 5182K->5182K(21504K)], 0.0051250 secs] [Times: user=0.02 sys=0.00, real=0.00 secs] 
329.007: Total time for which application threads were stopped: 0.0052680 seconds, Stopping threads took: 0.0000600 seconds
329.578: Application time: 0.5705050 seconds
329.578: [Full GC [PSYoungGen: 40448K->0K(47104K)] [ParOldGen: 81291K->74758K(107520K)] 121739K->74758K(154624K) [PSPermGen: 5182K->5182K(21504K)], 0.0049660 secs] [Times: user=0.02 sys=0.00, real=0.01 secs] 
329.583: Total time for which application threads were stopped: 0.0051420 seconds, Stopping threads took: 0.0000780 seconds
330.075: Application time: 0.4923730 seconds
330.075: [Full GC [PSYoungGen: 40347K->0K(47104K)] [ParOldGen: 74758K->74561K(107520K)] 115105K->74561K(154624K) [PSPermGen: 5182K->5182K(21504K)], 0.0045710 secs] [Times: user=0.02 sys=0.00, real=0.00 secs] 
330.080: Total time for which application threads were stopped: 0.0047370 seconds, Stopping threads took: 0.0000760 seconds
330.548: Application time: 0.4681170 seconds
330.548: [Full GC [PSYoungGen: 40289K->0K(47104K)] [ParOldGen: 74561K->74956K(107520K)] 114850K->74956K(154624K) [PSPermGen: 5182K->5182K(21504K)], 0.0047190 secs] [Times: user=0.01 sys=0.00, real=0.00 secs] 
330.553: Total time for which application threads were stopped: 0.0049030 seconds, Stopping threads took: 0.0000850 seconds
331.033: Application time: 0.4799850 seconds
331.033: [Full GC [PSYoungGen: 40335K->0K(47104K)] [ParOldGen: 74956K->75154K(107520K)] 115292K->75154K(154624K) [PSPermGen: 5182K->5182K(21504K)], 0.0049790 secs] [Times: user=0.01 sys=0.00, real=0.01 secs] 
331.038: Total time for which application threads were stopped: 0.0051460 seconds, Stopping threads took: 0.0000780 seconds
331.572: Application time: 0.5343830 seconds
331.572: [Full GC [PSYoungGen: 40357K->0K(47104K)] [ParOldGen: 75154K->74561K(107520K)] 115512K->74561K(154624K) [PSPermGen: 5182K->5182K(21504K)], 0.0048110 secs] [Times: user=0.01 sys=0.00, real=0.01 secs] 
331.577: Total time for which application threads were stopped: 0.0049960 seconds, Stopping threads took: 0.0000850 seconds
332.034: Application time: 0.4562310 seconds
332.034: [Full GC [PSYoungGen: 40409K->0K(47104K)] [ParOldGen: 74561K->74831K(107520K)] 114971K->74831K(154624K) [PSPermGen: 5182K->5182K(21504K)], 0.0049550 secs] [Times: user=0.02 sys=0.00, real=0.00 secs] 
332.039: Total time for which application threads were stopped: 0.0051200 seconds, Stopping threads took: 0.0000760 seconds
332.513: Application time: 0.4744980 seconds
332.513: [Full GC [PSYoungGen: 40399K->0K(47104K)] [ParOldGen: 74831K->75290K(107520K)] 115231K->75290K(154624K) [PSPermGen: 5182K->5182K(21504K)], 0.0048600 secs] [Times: user=0.01 sys=0.01, real=0.01 secs] 
332.518: Total time for which application threads were stopped: 0.0050450 seconds, Stopping threads took: 0.0000850 seconds
332.976: Application time: 0.4578970 seconds
332.976: Total time for which application threads were stopped: 0.0000960 seconds, Stopping threads took: 0.0000750 seconds
332.977: Application time: 0.0005060 seconds
332.977: [Full GC [PSYoungGen: 40425K->0K(47104K)] [ParOldGen: 75964K->75155K(107520K)] 116389K->75155K(154624K) [PSPermGen: 5182K->5182K(21504K)], 0.0050590 secs] [Times: user=0.02 sys=0.00, real=0.01 secs] 
332.982: Total time for which application threads were stopped: 0.0051780 seconds, Stopping threads took: 0.0000400 seconds
333.544: Application time: 0.5623740 seconds
333.544: [Full GC [PSYoungGen: 40448K->0K(47104K)] [ParOldGen: 79758K->75378K(107520K)] 120206K->75378K(154624K) [PSPermGen: 5182K->5182K(21504K)], 0.0049450 secs] [Times: user=0.02 sys=0.00, real=0.00 secs] 
333.549: Total time for which application threads were stopped: 0.0051150 seconds, Stopping threads took: 0.0000630 seconds
334.056: Application time: 0.5070780 seconds
334.057: [Full GC [PSYoungGen: 40318K->0K(47104K)] [ParOldGen: 75378K->75353K(107520K)] 115697K->75353K(154624K) [PSPermGen: 5182K->5182K(21504K)], 0.0048780 secs] [Times: user=0.02 sys=0.00, real=0.00 secs] 
334.062: Total time for which application threads were stopped: 0.0050360 seconds, Stopping threads took: 0.0000580 seconds
334.581: Application time: 0.5193030 seconds
334.581: Total time for which application threads were stopped: 0.0001030 seconds, Stopping threads took: 0.0000740 seconds
334.582: Application time: 0.0008250 seconds
334.582: [Full GC [PSYoungGen: 40435K->0K(47104K)] [ParOldGen: 75687K->74365K(107520K)] 116122K->74365K(154624K) [PSPermGen: 5182K->5182K(21504K)], 0.0047890 secs] [Times: user=0.02 sys=0.00, real=0.00 secs] 
334.587: Total time for which application threads were stopped: 0.0049060 seconds, Stopping threads took: 0.0000390 seconds
335.146: Application time: 0.5590220 seconds
335.146: [Full GC [PSYoungGen: 40448K->0K(47104K)] [ParOldGen: 80911K->74896K(107520K)] 121359K->74896K(154624K) [PSPermGen: 5182K->5182K(21504K)], 0.0050410 secs] [Times: user=0.02 sys=0.00, real=0.00 secs] 
335.151: Total time for which application threads were stopped: 0.0052310 seconds, Stopping threads took: 0.0000920 seconds
335.616: Application time: 0.4655050 seconds
335.617: [Full GC [PSYoungGen: 40411K->0K(47104K)] [ParOldGen: 74896K->74959K(107520K)] 115307K->74959K(154624K) [PSPermGen: 5182K->5182K(21504K)], 0.0051550 secs] [Times: user=0.02 sys=0.00, real=0.01 secs] 
335.622: Total time for which application threads were stopped: 0.0053280 seconds, Stopping threads took: 0.0000840 seconds
336.105: Application time: 0.4827790 seconds
336.105: Total time for which application threads were stopped: 0.0001140 seconds, Stopping threads took: 0.0000810 seconds
336.105: Application time: 0.0005850 seconds
336.105: [Full GC [PSYoungGen: 40416K->0K(47104K)] [ParOldGen: 75093K->74761K(107520K)] 115510K->74761K(154624K) [PSPermGen: 5182K->5182K(21504K)], 0.0048570 secs] [Times: user=0.02 sys=0.00, real=0.00 secs] 
336.110: Total time for which application threads were stopped: 0.0049880 seconds, Stopping threads took: 0.0000470 seconds
336.668: Application time: 0.5578360 seconds
336.668: Total time for which application threads were stopped: 0.0000900 seconds, Stopping threads took: 0.0000640 seconds
336.670: Application time: 0.0014670 seconds
336.670: [Full GC [PSYoungGen: 40448K->0K(47104K)] [ParOldGen: 80090K->73977K(107520K)] 120538K->73977K(154624K) [PSPermGen: 5182K->5182K(21504K)], 0.0046980 secs] [Times: user=0.02 sys=0.00, real=0.01 secs] 
336.674: Total time for which application threads were stopped: 0.0048220 seconds, Stopping threads took: 0.0000450 seconds
337.153: Application time: 0.4781460 seconds
337.153: Total time for which application threads were stopped: 0.0001020 seconds, Stopping threads took: 0.0000780 seconds
337.153: Application time: 0.0004580 seconds
337.153: [Full GC [PSYoungGen: 40448K->0K(47104K)] [ParOldGen: 77321K->75157K(107520K)] 117769K->75157K(154624K) [PSPermGen: 5182K->5182K(21504K)], 0.0049230 secs] [Times: user=0.02 sys=0.00, real=0.01 secs] 
337.158: Total time for which application threads were stopped: 0.0050570 seconds, Stopping threads took: 0.0000480 seconds
337.732: Application time: 0.5738020 seconds
337.732: Total time for which application threads were stopped: 0.0001160 seconds, Stopping threads took: 0.0000820 seconds
337.734: Application time: 0.0019840 seconds
337.734: [Full GC [PSYoungGen: 40448K->0K(47104K)] [ParOldGen: 80721K->74357K(107520K)] 121169K->74357K(154624K) [PSPermGen: 5182K->5182K(21504K)], 0.0048770 secs] [Times: user=0.02 sys=0.00, real=0.00 secs] 
337.739: Total time for which application threads were stopped: 0.0050120 seconds, Stopping threads took: 0.0000530 seconds
338.287: Application time: 0.5475940 seconds
338.287: Total time for which application threads were stopped: 0.0001030 seconds, Stopping threads took: 0.0000740 seconds
338.288: Application time: 0.0010900 seconds
338.288: [Full GC [PSYoungGen: 40448K->0K(47104K)] [ParOldGen: 76982K->74762K(107520K)] 117430K->74762K(154624K) [PSPermGen: 5182K->5182K(21504K)], 0.0046740 secs] [Times: user=0.02 sys=0.00, real=0.00 secs] 
338.293: Total time for which application threads were stopped: 0.0048020 seconds, Stopping threads took: 0.0000430 seconds
338.866: Application time: 0.5731750 seconds
338.866: [Full GC [PSYoungGen: 40448K->0K(47104K)] [ParOldGen: 82531K->74565K(107520K)] 122979K->74565K(154624K) [PSPermGen: 5182K->5182K(21504K)], 0.0049120 secs] [Times: user=0.02 sys=0.00, real=0.00 secs] 
338.871: Total time for which application threads were stopped: 0.0050990 seconds, Stopping threads took: 0.0000870 seconds
339.370: Application time: 0.4988100 seconds
339.370: [Full GC [PSYoungGen: 40337K->0K(47104K)] [ParOldGen: 74565K->74763K(107520K)] 114902K->74763K(154624K) [PSPermGen: 5182K->5182K(21504K)], 0.0047910 secs] [Times: user=0.02 sys=0.00, real=0.01 secs] 
339.375: Total time for which application threads were stopped: 0.0049610 seconds, Stopping threads took: 0.0000740 seconds
339.844: Application time: 0.4696600 seconds
339.845: [Full GC [PSYoungGen: 40336K->0K(47104K)] [ParOldGen: 74763K->75158K(107520K)] 115099K->75158K(154624K) [PSPermGen: 5182K->5182K(21504K)], 0.0049800 secs] [Times: user=0.02 sys=0.00, real=0.00 secs] 
339.850: Total time for which application threads were stopped: 0.0051560 seconds, Stopping threads took: 0.0000740 seconds
340.331: Application time: 0.4814250 seconds
340.331: Total time for which application threads were stopped: 0.0001040 seconds, Stopping threads took: 0.0000740 seconds
340.331: Application time: 0.0000780 seconds
340.331: [Full GC [PSYoungGen: 40331K->0K(47104K)] [ParOldGen: 75293K->74961K(107520K)] 115625K->74961K(154624K) [PSPermGen: 5182K->5182K(21504K)], 0.0049740 secs] [Times: user=0.02 sys=0.00, real=0.01 secs] 
340.336: Total time for which application threads were stopped: 0.0050900 seconds, Stopping threads took: 0.0000380 seconds
340.859: Application time: 0.5225030 seconds
340.859: [Full GC [PSYoungGen: 40448K->0K(47104K)] [ParOldGen: 77766K->74986K(107520K)] 118214K->74986K(154624K) [PSPermGen: 5182K->5182K(21504K)], 0.0049450 secs] [Times: user=0.02 sys=0.00, real=0.01 secs] 
340.864: Total time for which application threads were stopped: 0.0051540 seconds, Stopping threads took: 0.0001090 seconds
341.339: Application time: 0.4746910 seconds
341.339: Total time for which application threads were stopped: 0.0000970 seconds, Stopping threads took: 0.0000760 seconds
341.339: Application time: 0.0003070 seconds
341.339: [Full GC [PSYoungGen: 40444K->0K(47104K)] [ParOldGen: 75391K->75159K(107520K)] 115836K->75159K(154624K) [PSPermGen: 5182K->5182K(21504K)], 0.0049470 secs] [Times: user=0.02 sys=0.00, real=0.01 secs] 
341.344: Total time for which application threads were stopped: 0.0050710 seconds, Stopping threads took: 0.0000440 seconds
341.879: Application time: 0.5346190 seconds
341.879: Total time for which application threads were stopped: 0.0001080 seconds, Stopping threads took: 0.0000760 seconds
341.881: Application time: 0.0019930 seconds
341.881: [Full GC [PSYoungGen: 40448K->0K(47104K)] [ParOldGen: 77181K->74557K(107520K)] 117629K->74557K(154624K) [PSPermGen: 5182K->5182K(21504K)], 0.0047440 secs] [Times: user=0.02 sys=0.00, real=0.01 secs] 
341.886: Total time for which application threads were stopped: 0.0048670 seconds, Stopping threads took: 0.0000390 seconds
342.457: Application time: 0.5710720 seconds
342.457: [Full GC [PSYoungGen: 40448K->0K(47104K)] [ParOldGen: 82389K->75034K(107520K)] 122837K->75034K(154624K) [PSPermGen: 5182K->5182K(21504K)], 0.0049610 secs] [Times: user=0.02 sys=0.00, real=0.01 secs] 
342.462: Total time for which application threads were stopped: 0.0051410 seconds, Stopping threads took: 0.0000800 seconds
342.970: Application time: 0.5081410 seconds
342.970: [Full GC [PSYoungGen: 40274K->0K(47104K)] [ParOldGen: 75034K->74962K(107520K)] 115308K->74962K(154624K) [PSPermGen: 5182K->5182K(21504K)], 0.0047070 secs] [Times: user=0.02 sys=0.00, real=0.01 secs] 
342.975: Total time for which application threads were stopped: 0.0048920 seconds, Stopping threads took: 0.0000800 seconds
343.439: Application time: 0.4639250 seconds
343.439: [Full GC [PSYoungGen: 40406K->0K(47104K)] [ParOldGen: 74962K->75232K(107520K)] 115369K->75232K(154624K) [PSPermGen: 5182K->5182K(21504K)], 0.0051530 secs] [Times: user=0.01 sys=0.00, real=0.01 secs] 
343.444: Total time for which application threads were stopped: 0.0053190 seconds, Stopping threads took: 0.0000750 seconds
343.925: Application time: 0.4802620 seconds
343.925: [Full GC [PSYoungGen: 40398K->0K(47104K)] [ParOldGen: 75232K->74963K(107520K)] 115631K->74963K(154624K) [PSPermGen: 5182K->5182K(21504K)], 0.0048540 secs] [Times: user=0.02 sys=0.00, real=0.00 secs] 
343.930: Total time for which application threads were stopped: 0.0050110 seconds, Stopping threads took: 0.0000590 seconds
344.409: Application time: 0.4796350 seconds
344.409: Total time for which application threads were stopped: 0.0000960 seconds, Stopping threads took: 0.0000760 seconds
344.409: Application time: 0.0001680 seconds
344.410: [Full GC [PSYoungGen: 40419K->0K(47104K)] [ParOldGen: 75097K->74567K(107520K)] 115516K->74567K(154624K) [PSPermGen: 5182K->5182K(21504K)], 0.0052750 secs] [Times: user=0.01 sys=0.00, real=0.01 secs] 
344.415: Total time for which application threads were stopped: 0.0054120 seconds, Stopping threads took: 0.0000580 seconds
344.955: Application time: 0.5399770 seconds
344.955: [Full GC [PSYoungGen: 40448K->0K(47104K)] [ParOldGen: 79711K->74963K(107520K)] 120159K->74963K(154624K) [PSPermGen: 5182K->5182K(21504K)], 0.0049620 secs] [Times: user=0.02 sys=0.00, real=0.00 secs] 
344.960: Total time for which application threads were stopped: 0.0051410 seconds, Stopping threads took: 0.0000770 seconds
345.476: Application time: 0.5156920 seconds
345.476: Total time for which application threads were stopped: 0.0001040 seconds, Stopping threads took: 0.0000760 seconds
345.476: Application time: 0.0003670 seconds
345.476: [Full GC [PSYoungGen: 40346K->0K(47104K)] [ParOldGen: 75367K->74963K(107520K)] 115713K->74963K(154624K) [PSPermGen: 5182K->5182K(21504K)], 0.0049070 secs] [Times: user=0.02 sys=0.00, real=0.00 secs] 
345.481: Total time for which application threads were stopped: 0.0050270 seconds, Stopping threads took: 0.0000400 seconds
346.048: Application time: 0.5672240 seconds
346.049: [Full GC [PSYoungGen: 40448K->0K(47104K)] [ParOldGen: 82414K->74568K(107520K)] 122862K->74568K(154624K) [PSPermGen: 5182K->5182K(21504K)], 0.0049200 secs] [Times: user=0.02 sys=0.00, real=0.00 secs] 
346.053: Total time for which application threads were stopped: 0.0050980 seconds, Stopping threads took: 0.0000840 seconds
346.551: Application time: 0.4973700 seconds
346.551: [Full GC [PSYoungGen: 40337K->0K(47104K)] [ParOldGen: 74568K->74964K(107520K)] 114906K->74964K(154624K) [PSPermGen: 5182K->5182K(21504K)], 0.0049410 secs] [Times: user=0.02 sys=0.00, real=0.01 secs] 
346.556: Total time for which application threads were stopped: 0.0051150 seconds, Stopping threads took: 0.0000760 seconds
347.020: Application time: 0.4639200 seconds
347.020: [Full GC [PSYoungGen: 40408K->0K(47104K)] [ParOldGen: 74964K->75234K(107520K)] 115372K->75234K(154624K) [PSPermGen: 5182K->5182K(21504K)], 0.0050340 secs] [Times: user=0.02 sys=0.00, real=0.01 secs] 
347.025: Total time for which application threads were stopped: 0.0051950 seconds, Stopping threads took: 0.0000730 seconds
347.521: Application time: 0.4955730 seconds
347.521: [Full GC [PSYoungGen: 40398K->0K(47104K)] [ParOldGen: 75234K->74964K(107520K)] 115632K->74964K(154624K) [PSPermGen: 5182K->5182K(21504K)], 0.0050280 secs] [Times: user=0.02 sys=0.00, real=0.01 secs] 
347.526: Total time for which application threads were stopped: 0.0052010 seconds, Stopping threads took: 0.0000760 seconds
347.987: Application time: 0.4606890 seconds
347.987: [Full GC [PSYoungGen: 40340K->0K(47104K)] [ParOldGen: 74964K->75360K(107520K)] 115305K->75360K(154624K) [PSPermGen: 5182K->5182K(21504K)], 0.0052480 secs] [Times: user=0.02 sys=0.00, real=0.00 secs] 
347.992: Total time for which application threads were stopped: 0.0054180 seconds, Stopping threads took: 0.0000720 seconds
348.496: Application time: 0.5039770 seconds
348.496: [Full GC [PSYoungGen: 40425K->0K(47104K)] [ParOldGen: 75360K->75495K(107520K)] 115786K->75495K(154624K) [PSPermGen: 5182K->5182K(21504K)], 0.0049250 secs] [Times: user=0.02 sys=0.00, real=0.00 secs] 
348.501: Total time for which application threads were stopped: 0.0051030 seconds, Stopping threads took: 0.0000830 seconds
348.983: Application time: 0.4823750 seconds
348.984: [Full GC [PSYoungGen: 40414K->0K(47104K)] [ParOldGen: 75495K->75163K(107520K)] 115910K->75163K(154624K) [PSPermGen: 5182K->5182K(21504K)], 0.0048390 secs] [Times: user=0.02 sys=0.00, real=0.00 secs] 
348.988: Total time for which application threads were stopped: 0.0050020 seconds, Stopping threads took: 0.0000750 seconds
349.488: Application time: 0.4997920 seconds
349.488: [Full GC [PSYoungGen: 40346K->0K(47104K)] [ParOldGen: 75163K->74965K(107520K)] 115509K->74965K(154624K) [PSPermGen: 5182K->5182K(21504K)], 0.0047330 secs] [Times: user=0.02 sys=0.00, real=0.00 secs] 
349.493: Total time for which application threads were stopped: 0.0049250 seconds, Stopping threads took: 0.0000940 seconds
349.957: Application time: 0.4640770 seconds
349.957: [Full GC [PSYoungGen: 40348K->0K(47104K)] [ParOldGen: 74965K->74768K(107520K)] 115313K->74768K(154624K) [PSPermGen: 5182K->5182K(21504K)], 0.0048850 secs] [Times: user=0.02 sys=0.00, real=0.01 secs] 
349.962: Total time for which application threads were stopped: 0.0050490 seconds, Stopping threads took: 0.0000750 seconds
350.453: Application time: 0.4907000 seconds
350.453: [Full GC [PSYoungGen: 40337K->0K(47104K)] [ParOldGen: 74768K->74966K(107520K)] 115105K->74966K(154624K) [PSPermGen: 5182K->5182K(21504K)], 0.0050820 secs] [Times: user=0.02 sys=0.00, real=0.01 secs] 
350.458: Total time for which application threads were stopped: 0.0052560 seconds, Stopping threads took: 0.0000740 seconds
350.927: Application time: 0.4689580 seconds
350.927: Total time for which application threads were stopped: 0.0000970 seconds, Stopping threads took: 0.0000730 seconds
350.928: Application time: 0.0005440 seconds
350.928: [Full GC [PSYoungGen: 40423K->0K(47104K)] [ParOldGen: 75370K->74768K(107520K)] 115794K->74768K(154624K) [PSPermGen: 5182K->5182K(21504K)], 0.0046630 secs] [Times: user=0.02 sys=0.00, real=0.00 secs] 
350.933: Total time for which application threads were stopped: 0.0047990 seconds, Stopping threads took: 0.0000510 seconds
351.484: Application time: 0.5517920 seconds
351.485: Total time for which application threads were stopped: 0.0001120 seconds, Stopping threads took: 0.0000800 seconds
351.486: Application time: 0.0017680 seconds
351.486: [Full GC [PSYoungGen: 40448K->0K(47104K)] [ParOldGen: 77893K->74571K(107520K)] 118341K->74571K(154624K) [PSPermGen: 5182K->5182K(21504K)], 0.0048290 secs] [Times: user=0.02 sys=0.00, real=0.00 secs] 
351.491: Total time for which application threads were stopped: 0.0049550 seconds, Stopping threads took: 0.0000400 seconds
352.061: Application time: 0.5696440 seconds
352.061: [Full GC [PSYoungGen: 40448K->0K(47104K)] [ParOldGen: 81229K->74769K(107520K)] 121677K->74769K(154624K) [PSPermGen: 5182K->5182K(21504K)], 0.0050790 secs] [Times: user=0.02 sys=0.00, real=0.01 secs] 
352.066: Total time for which application threads were stopped: 0.0052880 seconds, Stopping threads took: 0.0001100 seconds
352.565: Application time: 0.4990450 seconds
352.565: Total time for which application threads were stopped: 0.0001370 seconds, Stopping threads took: 0.0001050 seconds
352.566: Application time: 0.0004740 seconds
352.566: [Full GC [PSYoungGen: 40410K->0K(47104K)] [ParOldGen: 74903K->74966K(107520K)] 115313K->74966K(154624K) [PSPermGen: 5182K->5182K(21504K)], 0.0046980 secs] [Times: user=0.02 sys=0.00, real=0.00 secs] 
352.571: Total time for which application threads were stopped: 0.0048380 seconds, Stopping threads took: 0.0000490 seconds
353.138: Application time: 0.5673530 seconds
353.138: [Full GC [PSYoungGen: 40448K->0K(47104K)] [ParOldGen: 81386K->74769K(107520K)] 121834K->74769K(154624K) [PSPermGen: 5182K->5182K(21504K)], 0.0048350 secs] [Times: user=0.02 sys=0.00, real=0.01 secs] 
353.143: Total time for which application threads were stopped: 0.0050130 seconds, Stopping threads took: 0.0000780 seconds
353.581: Application time: 0.4374200 seconds
353.581: [Full GC [PSYoungGen: 40341K->0K(47104K)] [ParOldGen: 74769K->75363K(107520K)] 115111K->75363K(154624K) [PSPermGen: 5182K->5182K(21504K)], 0.0051690 secs] [Times: user=0.02 sys=0.00, real=0.01 secs] 
353.586: Total time for which application threads were stopped: 0.0053320 seconds, Stopping threads took: 0.0000760 seconds
354.099: Application time: 0.5131810 seconds
354.099: [Full GC [PSYoungGen: 40414K->0K(47104K)] [ParOldGen: 75363K->75039K(107520K)] 115778K->75039K(154624K) [PSPermGen: 5182K->5182K(21504K)], 0.0048550 secs] [Times: user=0.02 sys=0.00, real=0.01 secs] 
354.104: Total time for which application threads were stopped: 0.0050260 seconds, Stopping threads took: 0.0000750 seconds
354.543: Application time: 0.4392640 seconds
354.543: [Full GC [PSYoungGen: 40405K->0K(47104K)] [ParOldGen: 75039K->75632K(107520K)] 115445K->75632K(154624K) [PSPermGen: 5182K->5182K(21504K)], 0.0052880 secs] [Times: user=0.02 sys=0.00, real=0.00 secs] 
354.549: Total time for which application threads were stopped: 0.0054630 seconds, Stopping threads took: 0.0000840 seconds
355.071: Application time: 0.5223670 seconds
355.071: [Full GC [PSYoungGen: 40241K->0K(47104K)] [ParOldGen: 75632K->75166K(107520K)] 115874K->75166K(154624K) [PSPermGen: 5182K->5182K(21504K)], 0.0047510 secs] [Times: user=0.02 sys=0.00, real=0.01 secs] 
355.076: Total time for which application threads were stopped: 0.0049160 seconds, Stopping threads took: 0.0000730 seconds
355.563: Application time: 0.4866530 seconds
355.563: [Full GC [PSYoungGen: 40382K->0K(47104K)] [ParOldGen: 75166K->74573K(107520K)] 115548K->74573K(154624K) [PSPermGen: 5182K->5182K(21504K)], 0.0049230 secs] [Times: user=0.02 sys=0.00, real=0.00 secs] 
355.568: Total time for which application threads were stopped: 0.0050840 seconds, Stopping threads took: 0.0000690 seconds
356.050: Application time: 0.4821370 seconds
356.050: Total time for which application threads were stopped: 0.0000910 seconds, Stopping threads took: 0.0000610 seconds
356.051: Application time: 0.0013730 seconds
356.051: [Full GC [PSYoungGen: 40410K->0K(47104K)] [ParOldGen: 74707K->74968K(107520K)] 115118K->74968K(154624K) [PSPermGen: 5182K->5182K(21504K)], 0.0049980 secs] [Times: user=0.01 sys=0.00, real=0.01 secs] 
356.057: Total time for which application threads were stopped: 0.0051240 seconds, Stopping threads took: 0.0000410 seconds
356.607: Application time: 0.5504160 seconds
356.607: [Full GC [PSYoungGen: 40447K->0K(47104K)] [ParOldGen: 81118K->74708K(107520K)] 121566K->74708K(154624K) [PSPermGen: 5182K->5182K(21504K)], 0.0048350 secs] [Times: user=0.01 sys=0.00, real=0.00 secs] 
356.612: Total time for which application threads were stopped: 0.0050180 seconds, Stopping threads took: 0.0000820 seconds
357.102: Application time: 0.4896630 seconds
357.102: [Full GC [PSYoungGen: 40409K->0K(47104K)] [ParOldGen: 74708K->74969K(107520K)] 115117K->74969K(154624K) [PSPermGen: 5182K->5182K(21504K)], 0.0048580 secs] [Times: user=0.02 sys=0.00, real=0.00 secs] 
357.107: Total time for which application threads were stopped: 0.0050090 seconds, Stopping threads took: 0.0000670 seconds
357.560: Application time: 0.4534510 seconds
357.560: [Full GC [PSYoungGen: 40326K->0K(47104K)] [ParOldGen: 74969K->75239K(107520K)] 115296K->75239K(154624K) [PSPermGen: 5182K->5182K(21504K)], 0.0047900 secs] [Times: user=0.02 sys=0.00, real=0.01 secs] 
357.565: Total time for which application threads were stopped: 0.0049650 seconds, Stopping threads took: 0.0000760 seconds
358.084: Application time: 0.5190200 seconds
358.084: Total time for which application threads were stopped: 0.0001020 seconds, Stopping threads took: 0.0000730 seconds
358.084: Application time: 0.0000490 seconds
358.084: [Full GC [PSYoungGen: 40237K->0K(47104K)] [ParOldGen: 75508K->74439K(107520K)] 115745K->74439K(154624K) [PSPermGen: 5182K->5182K(21504K)], 0.0050800 secs] [Times: user=0.01 sys=0.00, real=0.00 secs] 
358.089: Total time for which application threads were stopped: 0.0052100 seconds, Stopping threads took: 0.0000490 seconds
358.592: Application time: 0.5026410 seconds
358.592: [Full GC [PSYoungGen: 40448K->0K(47104K)] [ParOldGen: 74963K->74574K(107520K)] 115411K->74574K(154624K) [PSPermGen: 5182K->5182K(21504K)], 0.0050350 secs] [Times: user=0.02 sys=0.00, real=0.01 secs] 
358.597: Total time for which application threads were stopped: 0.0052120 seconds, Stopping threads took: 0.0000770 seconds
359.079: Application time: 0.4819600 seconds
359.079: [Full GC [PSYoungGen: 40313K->0K(47104K)] [ParOldGen: 74574K->75437K(107520K)] 114888K->75437K(154624K) [PSPermGen: 5182K->5182K(21504K)], 0.0051390 secs] [Times: user=0.02 sys=0.00, real=0.01 secs] 
359.085: Total time for which application threads were stopped: 0.0053100 seconds, Stopping threads took: 0.0000810 seconds
359.539: Application time: 0.4547840 seconds
359.540: [Full GC [PSYoungGen: 40411K->0K(47104K)] [ParOldGen: 75437K->75302K(107520K)] 115848K->75302K(154624K) [PSPermGen: 5182K->5182K(21504K)], 0.0051950 secs] [Times: user=0.02 sys=0.00, real=0.01 secs] 
359.545: Total time for which application threads were stopped: 0.0054020 seconds, Stopping threads took: 0.0000930 seconds
360.072: Application time: 0.5276940 seconds
360.073: Total time for which application threads were stopped: 0.0001180 seconds, Stopping threads took: 0.0000820 seconds
360.074: Application time: 0.0010840 seconds
360.074: [Full GC [PSYoungGen: 40356K->0K(47104K)] [ParOldGen: 75572K->74772K(107520K)] 115928K->74772K(154624K) [PSPermGen: 5182K->5182K(21504K)], 0.0048660 secs] [Times: user=0.02 sys=0.00, real=0.00 secs] 
360.079: Total time for which application threads were stopped: 0.0049880 seconds, Stopping threads took: 0.0000410 seconds
360.662: Application time: 0.5833260 seconds
360.662: [Full GC [PSYoungGen: 40448K->0K(47104K)] [ParOldGen: 82090K->74179K(107520K)] 122538K->74179K(154624K) [PSPermGen: 5182K->5182K(21504K)], 0.0047790 secs] [Times: user=0.02 sys=0.00, real=0.00 secs] 
360.667: Total time for which application threads were stopped: 0.0049680 seconds, Stopping threads took: 0.0000850 seconds
361.119: Application time: 0.4519050 seconds
361.119: [Full GC [PSYoungGen: 40388K->0K(47104K)] [ParOldGen: 74179K->74369K(107520K)] 114567K->74369K(154624K) [PSPermGen: 5182K->5182K(21504K)], 0.0050110 secs] [Times: user=0.02 sys=0.00, real=0.01 secs] 
361.124: Total time for which application threads were stopped: 0.0051630 seconds, Stopping threads took: 0.0000660 seconds
361.615: Application time: 0.4911790 seconds
361.615: [Full GC [PSYoungGen: 40365K->0K(47104K)] [ParOldGen: 74369K->74432K(107520K)] 114734K->74432K(154624K) [PSPermGen: 5182K->5182K(21504K)], 0.0048710 secs] [Times: user=0.02 sys=0.00, real=0.00 secs] 
361.620: Total time for which application threads were stopped: 0.0050210 seconds, Stopping threads took: 0.0000550 seconds
362.141: Application time: 0.5209680 seconds
362.141: Total time for which application threads were stopped: 0.0001200 seconds, Stopping threads took: 0.0000860 seconds
362.143: Application time: 0.0013470 seconds
362.143: [Full GC [PSYoungGen: 40413K->0K(47104K)] [ParOldGen: 74496K->74576K(107520K)] 114909K->74576K(154624K) [PSPermGen: 5182K->5182K(21504K)], 0.0048140 secs] [Times: user=0.02 sys=0.00, real=0.00 secs] 
362.148: Total time for which application threads were stopped: 0.0049400 seconds, Stopping threads took: 0.0000450 seconds
362.684: Application time: 0.5360430 seconds
362.684: [Full GC [PSYoungGen: 40448K->0K(47104K)] [ParOldGen: 81185K->75367K(107520K)] 121633K->75367K(154624K) [PSPermGen: 5182K->5182K(21504K)], 0.0049820 secs] [Times: user=0.02 sys=0.00, real=0.00 secs] 
362.689: Total time for which application threads were stopped: 0.0051620 seconds, Stopping threads took: 0.0000740 seconds
363.173: Application time: 0.4845530 seconds
363.174: [Full GC [PSYoungGen: 40420K->0K(47104K)] [ParOldGen: 75367K->75241K(107520K)] 115787K->75241K(154624K) [PSPermGen: 5182K->5182K(21504K)], 0.0051860 secs] [Times: user=0.02 sys=0.00, real=0.01 secs] 
363.179: Total time for which application threads were stopped: 0.0053730 seconds, Stopping threads took: 0.0000970 seconds
363.676: Application time: 0.4973290 seconds
363.676: [Full GC [PSYoungGen: 40407K->0K(47104K)] [ParOldGen: 75241K->75107K(107520K)] 115648K->75107K(154624K) [PSPermGen: 5182K->5182K(21504K)], 0.0049020 secs] [Times: user=0.01 sys=0.00, real=0.00 secs] 
363.681: Total time for which application threads were stopped: 0.0050780 seconds, Stopping threads took: 0.0000770 seconds
364.162: Application time: 0.4805590 seconds
364.162: Total time for which application threads were stopped: 0.0000790 seconds, Stopping threads took: 0.0000590 seconds
364.166: Application time: 0.0038330 seconds
364.166: [Full GC [PSYoungGen: 40422K->0K(47104K)] [ParOldGen: 75440K->75035K(107520K)] 115863K->75035K(154624K) [PSPermGen: 5182K->5182K(21504K)], 0.0050570 secs] [Times: user=0.02 sys=0.00, real=0.00 secs] 
364.171: Total time for which application threads were stopped: 0.0051920 seconds, Stopping threads took: 0.0000550 seconds
364.679: Application time: 0.5078520 seconds
364.679: [Full GC [PSYoungGen: 40448K->0K(47104K)] [ParOldGen: 76101K->75393K(107520K)] 116549K->75393K(154624K) [PSPermGen: 5182K->5182K(21504K)], 0.0048060 secs] [Times: user=0.02 sys=0.00, real=0.01 secs] 
364.684: Total time for which application threads were stopped: 0.0049950 seconds, Stopping threads took: 0.0000990 seconds
365.197: Application time: 0.5135480 seconds
365.197: [Full GC [PSYoungGen: 40327K->0K(47104K)] [ParOldGen: 75393K->74775K(107520K)] 115720K->74775K(154624K) [PSPermGen: 5182K->5182K(21504K)], 0.0051450 secs] [Times: user=0.02 sys=0.00, real=0.01 secs] 
365.203: Total time for which application threads were stopped: 0.0053350 seconds, Stopping threads took: 0.0000860 seconds
365.652: Application time: 0.4492140 seconds
365.652: [Full GC [PSYoungGen: 40339K->0K(47104K)] [ParOldGen: 74775K->75170K(107520K)] 115114K->75170K(154624K) [PSPermGen: 5182K->5182K(21504K)], 0.0051270 secs] [Times: user=0.02 sys=0.00, real=0.01 secs] 
365.657: Total time for which application threads were stopped: 0.0053000 seconds, Stopping threads took: 0.0000800 seconds
366.156: Application time: 0.4991360 seconds
366.156: [Full GC [PSYoungGen: 40419K->0K(47104K)] [ParOldGen: 75170K->75045K(107520K)] 115590K->75045K(154624K) [PSPermGen: 5182K->5182K(21504K)], 0.0047440 secs] [Times: user=0.02 sys=0.00, real=0.00 secs] 
366.161: Total time for which application threads were stopped: 0.0049400 seconds, Stopping threads took: 0.0000990 seconds
366.666: Application time: 0.5049190 seconds
366.666: Total time for which application threads were stopped: 0.0001350 seconds, Stopping threads took: 0.0000970 seconds
366.668: Application time: 0.0021080 seconds
366.668: [Full GC [PSYoungGen: 40420K->0K(47104K)] [ParOldGen: 75379K->74775K(107520K)] 115799K->74775K(154624K) [PSPermGen: 5182K->5182K(21504K)], 0.0046890 secs] [Times: user=0.01 sys=0.00, real=0.00 secs] 
366.673: Total time for which application threads were stopped: 0.0048170 seconds, Stopping threads took: 0.0000450 seconds
367.239: Application time: 0.5660380 seconds
367.239: [Full GC [PSYoungGen: 40448K->0K(47104K)] [ParOldGen: 82298K->75180K(107520K)] 122746K->75180K(154624K) [PSPermGen: 5182K->5182K(21504K)], 0.0048900 secs] [Times: user=0.02 sys=0.00, real=0.01 secs] 
367.244: Total time for which application threads were stopped: 0.0050600 seconds, Stopping threads took: 0.0000690 seconds
367.731: Application time: 0.4868750 seconds
367.731: [Full GC [PSYoungGen: 40328K->0K(47104K)] [ParOldGen: 75180K->75243K(107520K)] 115509K->75243K(154624K) [PSPermGen: 5182K->5182K(21504K)], 0.0048290 secs] [Times: user=0.02 sys=0.00, real=0.01 secs] 
367.736: Total time for which application threads were stopped: 0.0050130 seconds, Stopping threads took: 0.0000890 seconds
368.218: Application time: 0.4820620 seconds
368.218: [Full GC [PSYoungGen: 40442K->0K(47104K)] [ParOldGen: 75243K->75172K(107520K)] 115686K->75172K(154624K) [PSPermGen: 5182K->5182K(21504K)], 0.0050880 secs] [Times: user=0.02 sys=0.00, real=0.01 secs] 
368.223: Total time for which application threads were stopped: 0.0052610 seconds, Stopping threads took: 0.0000760 seconds
368.715: Application time: 0.4916550 seconds
368.715: [Full GC [PSYoungGen: 40446K->0K(47104K)] [ParOldGen: 75172K->75244K(107520K)] 115618K->75244K(154624K) [PSPermGen: 5182K->5182K(21504K)], 0.0047030 secs] [Times: user=0.02 sys=0.00, real=0.00 secs] 
368.720: Total time for which application threads were stopped: 0.0048590 seconds, Stopping threads took: 0.0000660 seconds
369.190: Application time: 0.4696190 seconds
369.190: [Full GC [PSYoungGen: 40400K->0K(47104K)] [ParOldGen: 75244K->74974K(107520K)] 115644K->74974K(154624K) [PSPermGen: 5182K->5182K(21504K)], 0.0050380 secs] [Times: user=0.02 sys=0.00, real=0.01 secs] 
369.195: Total time for which application threads were stopped: 0.0052350 seconds, Stopping threads took: 0.0000980 seconds
369.682: Application time: 0.4875660 seconds
369.683: [Full GC [PSYoungGen: 40428K->0K(47104K)] [ParOldGen: 74974K->74579K(107520K)] 115403K->74579K(154624K) [PSPermGen: 5182K->5182K(21504K)], 0.0047580 secs] [Times: user=0.01 sys=0.00, real=0.00 secs] 
369.687: Total time for which application threads were stopped: 0.0049200 seconds, Stopping threads took: 0.0000750 seconds
370.173: Application time: 0.4851600 seconds
370.173: [Full GC [PSYoungGen: 40210K->0K(47104K)] [ParOldGen: 74579K->74975K(107520K)] 114790K->74975K(154624K) [PSPermGen: 5182K->5182K(21504K)], 0.0049300 secs] [Times: user=0.01 sys=0.00, real=0.01 secs] 
370.178: Total time for which application threads were stopped: 0.0051600 seconds, Stopping threads took: 0.0001170 seconds
370.664: Application time: 0.4864640 seconds
370.664: [Full GC [PSYoungGen: 40307K->0K(47104K)] [ParOldGen: 74975K->74975K(107520K)] 115282K->74975K(154624K) [PSPermGen: 5182K->5182K(21504K)], 0.0050090 secs] [Times: user=0.02 sys=0.00, real=0.00 secs] 
370.669: Total time for which application threads were stopped: 0.0051800 seconds, Stopping threads took: 0.0000810 seconds
371.173: Application time: 0.5038610 seconds
371.173: [Full GC [PSYoungGen: 40185K->0K(47104K)] [ParOldGen: 74975K->74185K(107520K)] 115160K->74185K(154624K) [PSPermGen: 5182K->5182K(21504K)], 0.0048760 secs] [Times: user=0.01 sys=0.00, real=0.01 secs] 
371.178: Total time for which application threads were stopped: 0.0050640 seconds, Stopping threads took: 0.0000910 seconds
371.638: Application time: 0.4593210 seconds
371.638: [Full GC [PSYoungGen: 40401K->0K(47104K)] [ParOldGen: 74185K->75047K(107520K)] 114586K->75047K(154624K) [PSPermGen: 5182K->5182K(21504K)], 0.0050000 secs] [Times: user=0.01 sys=0.00, real=0.01 secs] 
371.643: Total time for which application threads were stopped: 0.0051820 seconds, Stopping threads took: 0.0000920 seconds
372.130: Application time: 0.4868580 seconds
372.130: [Full GC [PSYoungGen: 40276K->0K(47104K)] [ParOldGen: 75047K->74769K(107520K)] 115324K->74769K(154624K) [PSPermGen: 5182K->5182K(21504K)], 0.0050060 secs] [Times: user=0.02 sys=0.00, real=0.01 secs] 
372.135: Total time for which application threads were stopped: 0.0051820 seconds, Stopping threads took: 0.0000750 seconds
372.633: Application time: 0.4977580 seconds
372.633: [Full GC [PSYoungGen: 40205K->0K(47104K)] [ParOldGen: 74769K->75174K(107520K)] 114975K->75174K(154624K) [PSPermGen: 5182K->5182K(21504K)], 0.0048670 secs] [Times: user=0.02 sys=0.00, real=0.01 secs] 
372.638: Total time for which application threads were stopped: 0.0050400 seconds, Stopping threads took: 0.0000730 seconds
373.123: Application time: 0.4852260 seconds
373.123: [Full GC [PSYoungGen: 40402K->0K(47104K)] [ParOldGen: 75174K->74581K(107520K)] 115576K->74581K(154624K) [PSPermGen: 5182K->5182K(21504K)], 0.0050420 secs] [Times: user=0.02 sys=0.00, real=0.00 secs] 
373.128: Total time for which application threads were stopped: 0.0052230 seconds, Stopping threads took: 0.0000850 seconds
373.602: Application time: 0.4735600 seconds
373.602: [Full GC [PSYoungGen: 40416K->0K(47104K)] [ParOldGen: 74581K->75309K(107520K)] 114997K->75309K(154624K) [PSPermGen: 5182K->5182K(21504K)], 0.0049590 secs] [Times: user=0.02 sys=0.00, real=0.00 secs] 
373.607: Total time for which application threads were stopped: 0.0051230 seconds, Stopping threads took: 0.0000670 seconds
374.133: Application time: 0.5258360 seconds
374.133: [Full GC [PSYoungGen: 40428K->0K(47104K)] [ParOldGen: 75309K->75112K(107520K)] 115738K->75112K(154624K) [PSPermGen: 5182K->5182K(21504K)], 0.0050180 secs] [Times: user=0.01 sys=0.00, real=0.01 secs] 
374.138: Total time for which application threads were stopped: 0.0051900 seconds, Stopping threads took: 0.0000750 seconds
374.596: Application time: 0.4586270 seconds
374.596: Total time for which application threads were stopped: 0.0001050 seconds, Stopping threads took: 0.0000780 seconds
374.597: Application time: 0.0002770 seconds
374.597: [Full GC [PSYoungGen: 40410K->0K(47104K)] [ParOldGen: 75651K->74779K(107520K)] 116061K->74779K(154624K) [PSPermGen: 5182K->5182K(21504K)], 0.0047560 secs] [Times: user=0.02 sys=0.00, real=0.01 secs] 
374.602: Total time for which application threads were stopped: 0.0048930 seconds, Stopping threads took: 0.0000540 seconds
375.173: Application time: 0.5713120 seconds
375.173: [Full GC [PSYoungGen: 40448K->0K(47104K)] [ParOldGen: 82946K->74978K(107520K)] 123394K->74978K(154624K) [PSPermGen: 5182K->5182K(21504K)], 0.0050540 secs] [Times: user=0.02 sys=0.00, real=0.01 secs] 
375.178: Total time for which application threads were stopped: 0.0052320 seconds, Stopping threads took: 0.0000750 seconds
375.696: Application time: 0.5178080 seconds
375.696: Total time for which application threads were stopped: 0.0001050 seconds, Stopping threads took: 0.0000740 seconds
375.696: Application time: 0.0001040 seconds
375.696: [Full GC [PSYoungGen: 40439K->0K(47104K)] [ParOldGen: 75383K->74780K(107520K)] 115823K->74780K(154624K) [PSPermGen: 5182K->5182K(21504K)], 0.0048150 secs] [Times: user=0.02 sys=0.00, real=0.00 secs] 
375.701: Total time for which application threads were stopped: 0.0049550 seconds, Stopping threads took: 0.0000560 seconds
376.276: Application time: 0.5744480 seconds
376.276: [Full GC [PSYoungGen: 40448K->0K(47104K)] [ParOldGen: 81891K->74384K(107520K)] 122339K->74384K(154624K) [PSPermGen: 5182K->5182K(21504K)], 0.0047960 secs] [Times: user=0.02 sys=0.00, real=0.00 secs] 
376.281: Total time for which application threads were stopped: 0.0049870 seconds, Stopping threads took: 0.0000860 seconds
376.753: Application time: 0.4727660 seconds
376.754: [Full GC [PSYoungGen: 40380K->0K(47104K)] [ParOldGen: 74384K->74978K(107520K)] 114765K->74978K(154624K) [PSPermGen: 5182K->5182K(21504K)], 0.0050800 secs] [Times: user=0.02 sys=0.00, real=0.01 secs] 
376.759: Total time for which application threads were stopped: 0.0052420 seconds, Stopping threads took: 0.0000740 seconds
377.235: Application time: 0.4759930 seconds
377.235: [Full GC [PSYoungGen: 40425K->0K(47104K)] [ParOldGen: 74978K->75113K(107520K)] 115403K->75113K(154624K) [PSPermGen: 5182K->5182K(21504K)], 0.0049820 secs] [Times: user=0.02 sys=0.00, real=0.00 secs] 
377.240: Total time for which application threads were stopped: 0.0051480 seconds, Stopping threads took: 0.0000710 seconds
377.694: Application time: 0.4545800 seconds
377.694: Total time for which application threads were stopped: 0.0000660 seconds, Stopping threads took: 0.0000480 seconds
377.755: Application time: 0.0601300 seconds
377.755: Total time for which application threads were stopped: 0.0000850 seconds, Stopping threads took: 0.0000560 seconds
377.784: Application time: 0.0295230 seconds
377.784: [Full GC [PSYoungGen: 40331K->0K(47104K)] [ParOldGen: 75113K->73716K(107520K)] 115444K->73716K(154624K) [PSPermGen: 5182K->5182K(21504K)], 0.0050120 secs] [Times: user=0.01 sys=0.00, real=0.00 secs] 
377.789: Total time for which application threads were stopped: 0.0051690 seconds, Stopping threads took: 0.0000600 seconds
377.915: Application time: 0.1259540 seconds
377.915: Total time for which application threads were stopped: 0.0000760 seconds, Stopping threads took: 0.0000560 seconds
378.112: Application time: 0.1961610 seconds
378.112: Total time for which application threads were stopped: 0.0000740 seconds, Stopping threads took: 0.0000520 seconds
378.370: Application time: 0.2579460 seconds
378.370: [Full GC [PSYoungGen: 40373K->0K(47104K)] [ParOldGen: 73716K->73204K(107520K)] 114090K->73204K(154624K) [PSPermGen: 5182K->5182K(21504K)], 0.0051530 secs] [Times: user=0.02 sys=0.00, real=0.01 secs] 
378.375: Total time for which application threads were stopped: 0.0052900 seconds, Stopping threads took: 0.0000400 seconds
378.433: Application time: 0.0582720 seconds
378.433: Total time for which application threads were stopped: 0.0000550 seconds, Stopping threads took: 0.0000370 seconds
379.114: Application time: 0.6806670 seconds
379.114: [Full GC [PSYoungGen: 40448K->0K(47104K)] [ParOldGen: 73204K->80586K(107520K)] 113652K->80586K(154624K) [PSPermGen: 12635K->12631K(21504K)], 0.0207220 secs] [Times: user=0.08 sys=0.00, real=0.02 secs] 
379.135: Total time for which application threads were stopped: 0.0208600 seconds, Stopping threads took: 0.0000110 seconds
379.135: Application time: 0.0000860 seconds
379.135: Total time for which application threads were stopped: 0.0000740 seconds, Stopping threads took: 0.0000510 seconds
379.135: Application time: 0.0000390 seconds
379.135: Total time for which application threads were stopped: 0.0000610 seconds, Stopping threads took: 0.0000460 seconds
379.135: Application time: 0.0000600 seconds
379.135: Total time for which application threads were stopped: 0.0000240 seconds, Stopping threads took: 0.0000140 seconds
379.135: Application time: 0.0000160 seconds
379.135: Total time for which application threads were stopped: 0.0000230 seconds, Stopping threads took: 0.0000140 seconds
379.177: Application time: 0.0418800 seconds
379.177: Total time for which application threads were stopped: 0.0000330 seconds, Stopping threads took: 0.0000120 seconds
379.179: Application time: 0.0018400 seconds
379.179: Total time for which application threads were stopped: 0.0000250 seconds, Stopping threads took: 0.0000120 seconds
Heap
 PSYoungGen      total 47104K, used 9220K [0x00000000fcb00000, 0x00000000fff80000, 0x0000000100000000)
  eden space 40448K, 22% used [0x00000000fcb00000,0x00000000fd401320,0x00000000ff280000)
  from space 6656K, 0% used [0x00000000ff280000,0x00000000ff280000,0x00000000ff900000)
  to   space 6656K, 0% used [0x00000000ff900000,0x00000000ff900000,0x00000000fff80000)
 ParOldGen       total 107520K, used 80586K [0x00000000f6200000, 0x00000000fcb00000, 0x00000000fcb00000)
  object space 107520K, 74% used [0x00000000f6200000,0x00000000fb0b2a80,0x00000000fcb00000)
 PSPermGen       total 21504K, used 12895K [0x00000000f1000000, 0x00000000f2500000, 0x00000000f6200000)
  object space 21504K, 59% used [0x00000000f1000000,0x00000000f1c97ce0,0x00000000f2500000)
379.179: Application time: 0.0001730 seconds
