Java HotSpot(TM) 64-Bit Server VM (24.80-b11) for linux-amd64 JRE (1.7.0_80-b15), built on Apr 10 2015 19:53:14 by "java_re" with gcc 4.3.0 20080428 (Red Hat 4.3.0-8)
Memory: 4k page, physical 8000092k(6081980k free), swap 8218620k(8218620k free)
CommandLine flags: -XX:InitialHeapSize=340904960 -XX:MaxHeapSize=340904960 -XX:+PrintGC -XX:+PrintGCApplicationConcurrentTime -XX:+PrintGCApplicationStoppedTime -XX:+PrintGCDetails -XX:+PrintGCTimeStamps -XX:-UseAdaptiveSizePolicy -XX:+UseCompressedOops -XX:+UseParallelGC 
1.011: Application time: 0.9843430 seconds
1.011: Total time for which application threads were stopped: 0.0000460 seconds, Stopping threads took: 0.0000110 seconds
4.032: Application time: 3.0210390 seconds
4.032: Total time for which application threads were stopped: 0.0000670 seconds, Stopping threads took: 0.0000100 seconds
14.811: Application time: 10.7794740 seconds
14.811: Total time for which application threads were stopped: 0.0000320 seconds, Stopping threads took: 0.0000120 seconds
14.811: Application time: 0.0000430 seconds
14.811: Total time for which application threads were stopped: 0.0000220 seconds, Stopping threads took: 0.0000150 seconds
14.813: Application time: 0.0015190 seconds
14.813: Total time for which application threads were stopped: 0.0000240 seconds, Stopping threads took: 0.0000180 seconds
14.833: Application time: 0.0198950 seconds
14.833: Total time for which application threads were stopped: 0.0000420 seconds, Stopping threads took: 0.0000110 seconds
14.847: Application time: 0.0143790 seconds
14.847: [GC [PSYoungGen: 13395K->3289K(97280K)] 13395K->3297K(319488K), 0.0022000 secs] [Times: user=0.00 sys=0.00, real=0.00 secs] 
14.849: [Full GC [PSYoungGen: 3289K->0K(97280K)] [ParOldGen: 8K->3145K(222208K)] 3297K->3145K(319488K) [PSPermGen: 5075K->5074K(21504K)], 0.0114470 secs] [Times: user=0.02 sys=0.02, real=0.01 secs] 
14.861: Total time for which application threads were stopped: 0.0137740 seconds, Stopping threads took: 0.0000170 seconds
14.861: Application time: 0.0000450 seconds
14.861: [GC [PSYoungGen: 0K->0K(97280K)] 3145K->3145K(319488K), 0.0002870 secs] [Times: user=0.00 sys=0.00, real=0.00 secs] 
14.861: [Full GC [PSYoungGen: 0K->0K(97280K)] [ParOldGen: 3145K->3145K(222208K)] 3145K->3145K(319488K) [PSPermGen: 5074K->5074K(21504K)], 0.0040020 secs] [Times: user=0.02 sys=0.00, real=0.01 secs] 
14.865: Total time for which application threads were stopped: 0.0043770 seconds, Stopping threads took: 0.0000120 seconds
14.865: Application time: 0.0000560 seconds
14.865: Total time for which application threads were stopped: 0.0000300 seconds, Stopping threads took: 0.0000210 seconds
14.865: Application time: 0.0000230 seconds
14.865: Total time for which application threads were stopped: 0.0000190 seconds, Stopping threads took: 0.0000150 seconds
14.866: Application time: 0.0000290 seconds
14.866: Total time for which application threads were stopped: 0.0000130 seconds, Stopping threads took: 0.0000100 seconds
14.866: Application time: 0.0000100 seconds
14.866: Total time for which application threads were stopped: 0.0000140 seconds, Stopping threads took: 0.0000110 seconds
14.866: Application time: 0.0000090 seconds
14.866: Total time for which application threads were stopped: 0.0000150 seconds, Stopping threads took: 0.0000110 seconds
14.866: Application time: 0.0000080 seconds
14.866: Total time for which application threads were stopped: 0.0000090 seconds, Stopping threads took: 0.0000050 seconds
14.866: Application time: 0.0000100 seconds
14.866: Total time for which application threads were stopped: 0.0000160 seconds, Stopping threads took: 0.0000130 seconds
14.866: Application time: 0.0000080 seconds
14.866: Total time for which application threads were stopped: 0.0000090 seconds, Stopping threads took: 0.0000050 seconds
14.866: Application time: 0.0000120 seconds
14.866: Total time for which application threads were stopped: 0.0000150 seconds, Stopping threads took: 0.0000120 seconds
14.866: Application time: 0.0000110 seconds
14.866: Total time for which application threads were stopped: 0.0000150 seconds, Stopping threads took: 0.0000110 seconds
14.866: Application time: 0.0000900 seconds
14.866: Total time for which application threads were stopped: 0.0000180 seconds, Stopping threads took: 0.0000140 seconds
14.866: Application time: 0.0000120 seconds
14.866: Total time for which application threads were stopped: 0.0000150 seconds, Stopping threads took: 0.0000110 seconds
14.866: Application time: 0.0000110 seconds
14.866: Total time for which application threads were stopped: 0.0000140 seconds, Stopping threads took: 0.0000110 seconds
14.866: Application time: 0.0000120 seconds
14.866: Total time for which application threads were stopped: 0.0000130 seconds, Stopping threads took: 0.0000090 seconds
14.866: Application time: 0.0000110 seconds
14.866: Total time for which application threads were stopped: 0.0000200 seconds, Stopping threads took: 0.0000160 seconds
14.866: Application time: 0.0000100 seconds
14.866: Total time for which application threads were stopped: 0.0000130 seconds, Stopping threads took: 0.0000090 seconds
14.866: Application time: 0.0000110 seconds
14.866: Total time for which application threads were stopped: 0.0000150 seconds, Stopping threads took: 0.0000120 seconds
14.866: Application time: 0.0000110 seconds
14.866: Total time for which application threads were stopped: 0.0000070 seconds, Stopping threads took: 0.0000030 seconds
14.866: Application time: 0.0000120 seconds
14.866: Total time for which application threads were stopped: 0.0000110 seconds, Stopping threads took: 0.0000080 seconds
14.866: Application time: 0.0000110 seconds
14.866: Total time for which application threads were stopped: 0.0000190 seconds, Stopping threads took: 0.0000080 seconds
14.866: Application time: 0.0004060 seconds
14.866: Total time for which application threads were stopped: 0.0000110 seconds, Stopping threads took: 0.0000050 seconds
14.868: Application time: 0.0019530 seconds
14.868: Total time for which application threads were stopped: 0.0000200 seconds, Stopping threads took: 0.0000140 seconds
14.869: Application time: 0.0001420 seconds
14.869: Total time for which application threads were stopped: 0.0000280 seconds, Stopping threads took: 0.0000160 seconds
14.869: Application time: 0.0005310 seconds
14.869: Total time for which application threads were stopped: 0.0000330 seconds, Stopping threads took: 0.0000220 seconds
14.876: Application time: 0.0069160 seconds
14.876: Total time for which application threads were stopped: 0.0001210 seconds, Stopping threads took: 0.0000990 seconds
14.990: Application time: 0.1140510 seconds
14.992: [GC [PSYoungGen: 83456K->8240K(97280K)] 86601K->11385K(319488K), 0.0023830 secs] [Times: user=0.02 sys=0.00, real=0.00 secs] 
14.995: Total time for which application threads were stopped: 0.0043230 seconds, Stopping threads took: 0.0018340 seconds
14.995: Application time: 0.0003320 seconds
14.995: Total time for which application threads were stopped: 0.0004250 seconds, Stopping threads took: 0.0004040 seconds
14.995: Application time: 0.0000400 seconds
14.999: Total time for which application threads were stopped: 0.0031020 seconds, Stopping threads took: 0.0030890 seconds
14.999: Application time: 0.0000200 seconds
14.999: Total time for which application threads were stopped: 0.0000120 seconds, Stopping threads took: 0.0000060 seconds
14.999: Application time: 0.0000100 seconds
14.999: Total time for which application threads were stopped: 0.0000070 seconds, Stopping threads took: 0.0000020 seconds
14.999: Application time: 0.0000220 seconds
15.001: Total time for which application threads were stopped: 0.0020470 seconds, Stopping threads took: 0.0020360 seconds
15.001: Application time: 0.0000330 seconds
15.001: Total time for which application threads were stopped: 0.0000950 seconds, Stopping threads took: 0.0000850 seconds
15.001: Application time: 0.0000160 seconds
15.001: Total time for which application threads were stopped: 0.0000760 seconds, Stopping threads took: 0.0000680 seconds
15.001: Application time: 0.0000150 seconds
15.001: Total time for which application threads were stopped: 0.0001160 seconds, Stopping threads took: 0.0001100 seconds
15.001: Application time: 0.0000110 seconds
15.001: Total time for which application threads were stopped: 0.0000220 seconds, Stopping threads took: 0.0000160 seconds
15.001: Application time: 0.0000100 seconds
15.001: Total time for which application threads were stopped: 0.0000210 seconds, Stopping threads took: 0.0000150 seconds
15.001: Application time: 0.0000160 seconds
15.003: Total time for which application threads were stopped: 0.0014170 seconds, Stopping threads took: 0.0014120 seconds
15.003: Application time: 0.0000140 seconds
15.003: Total time for which application threads were stopped: 0.0000830 seconds, Stopping threads took: 0.0000770 seconds
15.078: Application time: 0.0753720 seconds
15.080: [GC [PSYoungGen: 91696K->7472K(97280K)] 94841K->10617K(319488K), 0.0018610 secs] [Times: user=0.02 sys=0.00, real=0.00 secs] 
15.082: Total time for which application threads were stopped: 0.0042740 seconds, Stopping threads took: 0.0023430 seconds
15.161: Application time: 0.0789470 seconds
15.164: [GC [PSYoungGen: 90928K->6864K(97280K)] 94073K->10009K(319488K), 0.0019690 secs] [Times: user=0.01 sys=0.00, real=0.01 secs] 
15.166: Total time for which application threads were stopped: 0.0043800 seconds, Stopping threads took: 0.0023370 seconds
15.244: Application time: 0.0781990 seconds
15.245: [GC [PSYoungGen: 90320K->7264K(97280K)] 93465K->10409K(319488K), 0.0020320 secs] [Times: user=0.02 sys=0.01, real=0.00 secs] 
15.247: Total time for which application threads were stopped: 0.0035810 seconds, Stopping threads took: 0.0014760 seconds
15.324: Application time: 0.0766430 seconds
15.326: [GC [PSYoungGen: 90720K->7632K(97280K)] 93865K->10777K(319488K), 0.0025340 secs] [Times: user=0.01 sys=0.00, real=0.00 secs] 
15.328: Total time for which application threads were stopped: 0.0041660 seconds, Stopping threads took: 0.0015450 seconds
15.407: Application time: 0.0785330 seconds
15.409: [GC [PSYoungGen: 91088K->8192K(97280K)] 94233K->11337K(319488K), 0.0026830 secs] [Times: user=0.02 sys=0.01, real=0.00 secs] 
15.412: Total time for which application threads were stopped: 0.0051780 seconds, Stopping threads took: 0.0024070 seconds
15.485: Application time: 0.0731220 seconds
15.487: [GC [PSYoungGen: 91648K->8336K(97280K)] 94793K->11481K(319488K), 0.0025950 secs] [Times: user=0.02 sys=0.00, real=0.00 secs] 
15.490: Total time for which application threads were stopped: 0.0047700 seconds, Stopping threads took: 0.0020820 seconds
15.568: Application time: 0.0781090 seconds
15.570: [GC [PSYoungGen: 91792K->8112K(97280K)] 94937K->11257K(319488K), 0.0027640 secs] [Times: user=0.00 sys=0.01, real=0.00 secs] 
15.573: Total time for which application threads were stopped: 0.0050580 seconds, Stopping threads took: 0.0022040 seconds
15.658: Application time: 0.0853130 seconds
15.660: [GC [PSYoungGen: 91568K->7456K(97280K)] 94713K->10601K(319488K), 0.0023760 secs] [Times: user=0.02 sys=0.00, real=0.00 secs] 
15.663: Total time for which application threads were stopped: 0.0045760 seconds, Stopping threads took: 0.0021140 seconds
15.737: Application time: 0.0745940 seconds
15.739: [GC [PSYoungGen: 90912K->7104K(97280K)] 94057K->10249K(319488K), 0.0023350 secs] [Times: user=0.02 sys=0.00, real=0.00 secs] 
15.742: Total time for which application threads were stopped: 0.0041740 seconds, Stopping threads took: 0.0017580 seconds
15.818: Application time: 0.0762080 seconds
15.821: [GC [PSYoungGen: 90560K->7856K(97280K)] 93705K->11001K(319488K), 0.0023060 secs] [Times: user=0.01 sys=0.00, real=0.00 secs] 
15.823: Total time for which application threads were stopped: 0.0050740 seconds, Stopping threads took: 0.0026780 seconds
15.897: Application time: 0.0736330 seconds
15.899: [GC [PSYoungGen: 91312K->6704K(97280K)] 94457K->9849K(319488K), 0.0018660 secs] [Times: user=0.01 sys=0.00, real=0.00 secs] 
15.901: Total time for which application threads were stopped: 0.0039810 seconds, Stopping threads took: 0.0020340 seconds
15.978: Application time: 0.0773980 seconds
15.981: [GC [PSYoungGen: 90160K->7472K(97280K)] 93305K->10617K(319488K), 0.0021020 secs] [Times: user=0.01 sys=0.00, real=0.00 secs] 
15.983: Total time for which application threads were stopped: 0.0047690 seconds, Stopping threads took: 0.0025850 seconds
16.060: Application time: 0.0769300 seconds
16.062: [GC [PSYoungGen: 90928K->7920K(97280K)] 94073K->11065K(319488K), 0.0022980 secs] [Times: user=0.02 sys=0.00, real=0.00 secs] 
16.064: Total time for which application threads were stopped: 0.0044770 seconds, Stopping threads took: 0.0020970 seconds
16.139: Application time: 0.0745330 seconds
16.141: [GC [PSYoungGen: 91376K->8352K(97280K)] 94521K->11497K(319488K), 0.0023380 secs] [Times: user=0.02 sys=0.00, real=0.00 secs] 
16.143: Total time for which application threads were stopped: 0.0046020 seconds, Stopping threads took: 0.0021830 seconds
16.218: Application time: 0.0744210 seconds
16.220: [GC [PSYoungGen: 91808K->6992K(97280K)] 94953K->10209K(319488K), 0.0019060 secs] [Times: user=0.02 sys=0.00, real=0.00 secs] 
16.221: Total time for which application threads were stopped: 0.0038010 seconds, Stopping threads took: 0.0018160 seconds
16.297: Application time: 0.0751280 seconds
16.299: [GC [PSYoungGen: 90448K->7456K(97280K)] 93665K->10697K(319488K), 0.0022690 secs] [Times: user=0.01 sys=0.00, real=0.00 secs] 
16.302: Total time for which application threads were stopped: 0.0051150 seconds, Stopping threads took: 0.0027400 seconds
16.373: Application time: 0.0709210 seconds
16.374: [GC [PSYoungGen: 90912K->7792K(97280K)] 94153K->11033K(319488K), 0.0023590 secs] [Times: user=0.01 sys=0.00, real=0.00 secs] 
16.377: Total time for which application threads were stopped: 0.0041750 seconds, Stopping threads took: 0.0017430 seconds
16.452: Application time: 0.0754360 seconds
16.455: [GC [PSYoungGen: 91248K->7840K(97280K)] 94489K->11081K(319488K), 0.0022720 secs] [Times: user=0.01 sys=0.00, real=0.00 secs] 
16.457: Total time for which application threads were stopped: 0.0045810 seconds, Stopping threads took: 0.0022060 seconds
16.533: Application time: 0.0758470 seconds
16.535: [GC [PSYoungGen: 91296K->7104K(97280K)] 94537K->10345K(319488K), 0.0021400 secs] [Times: user=0.01 sys=0.00, real=0.00 secs] 
16.537: Total time for which application threads were stopped: 0.0043060 seconds, Stopping threads took: 0.0020840 seconds
16.621: Application time: 0.0835360 seconds
16.622: [GC [PSYoungGen: 90560K->7600K(97280K)] 93801K->10857K(319488K), 0.0021630 secs] [Times: user=0.01 sys=0.00, real=0.00 secs] 
16.624: Total time for which application threads were stopped: 0.0037960 seconds, Stopping threads took: 0.0015450 seconds
16.703: Application time: 0.0788400 seconds
16.705: [GC [PSYoungGen: 91056K->7104K(97280K)] 94313K->10385K(319488K), 0.0020690 secs] [Times: user=0.02 sys=0.00, real=0.00 secs] 
16.707: Total time for which application threads were stopped: 0.0041590 seconds, Stopping threads took: 0.0020080 seconds
16.783: Application time: 0.0760520 seconds
16.785: [GC [PSYoungGen: 90560K->7344K(97280K)] 93841K->10657K(319488K), 0.0021920 secs] [Times: user=0.02 sys=0.00, real=0.01 secs] 
16.787: Total time for which application threads were stopped: 0.0036010 seconds, Stopping threads took: 0.0013250 seconds
16.864: Application time: 0.0772030 seconds
16.866: [GC [PSYoungGen: 90800K->7664K(97280K)] 94113K->10977K(319488K), 0.0021440 secs] [Times: user=0.02 sys=0.00, real=0.00 secs] 
16.869: Total time for which application threads were stopped: 0.0044410 seconds, Stopping threads took: 0.0022070 seconds
16.954: Application time: 0.0857760 seconds
16.957: [GC [PSYoungGen: 91120K->7216K(97280K)] 94433K->10529K(319488K), 0.0024940 secs] [Times: user=0.01 sys=0.01, real=0.01 secs] 
16.960: Total time for which application threads were stopped: 0.0051780 seconds, Stopping threads took: 0.0025960 seconds
17.039: Application time: 0.0798720 seconds
17.041: [GC [PSYoungGen: 90672K->7232K(97280K)] 93985K->10545K(319488K), 0.0021010 secs] [Times: user=0.01 sys=0.00, real=0.00 secs] 
17.043: Total time for which application threads were stopped: 0.0035230 seconds, Stopping threads took: 0.0013400 seconds
17.127: Application time: 0.0840680 seconds
17.130: [GC [PSYoungGen: 90688K->7056K(97280K)] 94001K->10369K(319488K), 0.0019220 secs] [Times: user=0.01 sys=0.00, real=0.00 secs] 
17.132: Total time for which application threads were stopped: 0.0052830 seconds, Stopping threads took: 0.0032840 seconds
17.212: Application time: 0.0795950 seconds
17.214: [GC [PSYoungGen: 90512K->7536K(97280K)] 93825K->10857K(319488K), 0.0020620 secs] [Times: user=0.02 sys=0.00, real=0.00 secs] 
17.216: Total time for which application threads were stopped: 0.0044320 seconds, Stopping threads took: 0.0022710 seconds
17.298: Application time: 0.0820160 seconds
17.300: [GC [PSYoungGen: 90992K->7200K(97280K)] 94313K->10521K(319488K), 0.0020700 secs] [Times: user=0.02 sys=0.00, real=0.00 secs] 
17.302: Total time for which application threads were stopped: 0.0037290 seconds, Stopping threads took: 0.0015720 seconds
17.387: Application time: 0.0848040 seconds
17.390: [GC [PSYoungGen: 90656K->6912K(97280K)] 93977K->10233K(319488K), 0.0019620 secs] [Times: user=0.01 sys=0.00, real=0.00 secs] 
17.392: Total time for which application threads were stopped: 0.0049780 seconds, Stopping threads took: 0.0029360 seconds
17.470: Application time: 0.0784060 seconds
17.473: [GC [PSYoungGen: 90368K->6944K(97280K)] 93689K->10265K(319488K), 0.0021160 secs] [Times: user=0.01 sys=0.01, real=0.00 secs] 
17.475: Total time for which application threads were stopped: 0.0051000 seconds, Stopping threads took: 0.0028880 seconds
17.554: Application time: 0.0783400 seconds
17.556: [GC [PSYoungGen: 90400K->7168K(97280K)] 93721K->10489K(319488K), 0.0020860 secs] [Times: user=0.02 sys=0.00, real=0.01 secs] 
17.558: Total time for which application threads were stopped: 0.0046810 seconds, Stopping threads took: 0.0025110 seconds
17.637: Application time: 0.0785910 seconds
17.639: [GC [PSYoungGen: 90624K->7520K(97280K)] 93945K->10841K(319488K), 0.0022280 secs] [Times: user=0.02 sys=0.00, real=0.00 secs] 
17.642: Total time for which application threads were stopped: 0.0047040 seconds, Stopping threads took: 0.0023880 seconds
17.719: Application time: 0.0775180 seconds
17.721: [GC [PSYoungGen: 90976K->7104K(97280K)] 94297K->10433K(319488K), 0.0032390 secs] [Times: user=0.01 sys=0.00, real=0.00 secs] 
17.725: Total time for which application threads were stopped: 0.0053620 seconds, Stopping threads took: 0.0020450 seconds
17.806: Application time: 0.0812570 seconds
17.808: [GC [PSYoungGen: 90560K->7760K(97280K)] 93889K->11097K(319488K), 0.0021940 secs] [Times: user=0.01 sys=0.00, real=0.00 secs] 
17.810: Total time for which application threads were stopped: 0.0044080 seconds, Stopping threads took: 0.0021360 seconds
17.891: Application time: 0.0805990 seconds
17.893: [GC [PSYoungGen: 91216K->6432K(97280K)] 94553K->9769K(319488K), 0.0018760 secs] [Times: user=0.01 sys=0.00, real=0.00 secs] 
17.895: Total time for which application threads were stopped: 0.0036580 seconds, Stopping threads took: 0.0016980 seconds
17.977: Application time: 0.0827990 seconds
17.980: [GC [PSYoungGen: 89888K->8176K(97280K)] 93225K->11513K(319488K), 0.0023950 secs] [Times: user=0.02 sys=0.00, real=0.00 secs] 
17.983: Total time for which application threads were stopped: 0.0053130 seconds, Stopping threads took: 0.0028220 seconds
18.062: Application time: 0.0795520 seconds
18.064: [GC [PSYoungGen: 91632K->7056K(97280K)] 94969K->10393K(319488K), 0.0020160 secs] [Times: user=0.01 sys=0.00, real=0.01 secs] 
18.066: Total time for which application threads were stopped: 0.0036240 seconds, Stopping threads took: 0.0015260 seconds
18.147: Application time: 0.0806730 seconds
18.148: [GC [PSYoungGen: 90512K->6544K(97280K)] 93849K->9881K(319488K), 0.0018920 secs] [Times: user=0.02 sys=0.00, real=0.00 secs] 
18.150: Total time for which application threads were stopped: 0.0035300 seconds, Stopping threads took: 0.0015550 seconds
18.228: Application time: 0.0777860 seconds
18.231: [GC [PSYoungGen: 90000K->8160K(97280K)] 93337K->11505K(319488K), 0.0023630 secs] [Times: user=0.01 sys=0.00, real=0.00 secs] 
18.233: Total time for which application threads were stopped: 0.0051010 seconds, Stopping threads took: 0.0026510 seconds
18.314: Application time: 0.0807330 seconds
18.316: [GC [PSYoungGen: 91615K->7440K(97280K)] 94961K->10793K(319488K), 0.0023910 secs] [Times: user=0.02 sys=0.00, real=0.01 secs] 
18.318: Total time for which application threads were stopped: 0.0043310 seconds, Stopping threads took: 0.0018510 seconds
18.400: Application time: 0.0817150 seconds
18.401: [GC [PSYoungGen: 90896K->6640K(97280K)] 94249K->9993K(319488K), 0.0019000 secs] [Times: user=0.00 sys=0.00, real=0.00 secs] 
18.403: Total time for which application threads were stopped: 0.0031630 seconds, Stopping threads took: 0.0011870 seconds
18.486: Application time: 0.0831260 seconds
18.489: [GC [PSYoungGen: 90096K->7152K(97280K)] 93449K->10505K(319488K), 0.0020500 secs] [Times: user=0.02 sys=0.00, real=0.00 secs] 
18.491: Total time for which application threads were stopped: 0.0052150 seconds, Stopping threads took: 0.0030670 seconds
18.571: Application time: 0.0802220 seconds
18.575: [GC [PSYoungGen: 90608K->6432K(97280K)] 93961K->9785K(319488K), 0.0018570 secs] [Times: user=0.01 sys=0.00, real=0.00 secs] 
18.577: Total time for which application threads were stopped: 0.0050050 seconds, Stopping threads took: 0.0030690 seconds
18.658: Application time: 0.0810970 seconds
18.660: [GC [PSYoungGen: 89888K->6608K(97280K)] 93241K->9961K(319488K), 0.0019360 secs] [Times: user=0.02 sys=0.00, real=0.00 secs] 
18.662: Total time for which application threads were stopped: 0.0042540 seconds, Stopping threads took: 0.0022310 seconds
18.739: Application time: 0.0775430 seconds
18.742: [GC [PSYoungGen: 90064K->6976K(97280K)] 93417K->10337K(319488K), 0.0019950 secs] [Times: user=0.01 sys=0.00, real=0.00 secs] 
18.744: Total time for which application threads were stopped: 0.0046860 seconds, Stopping threads took: 0.0026030 seconds
18.823: Application time: 0.0788420 seconds
18.825: [GC [PSYoungGen: 90432K->7792K(97280K)] 93793K->11161K(319488K), 0.0022560 secs] [Times: user=0.01 sys=0.00, real=0.01 secs] 
18.827: Total time for which application threads were stopped: 0.0044100 seconds, Stopping threads took: 0.0020610 seconds
18.905: Application time: 0.0773010 seconds
18.906: [GC [PSYoungGen: 91248K->7568K(97280K)] 94617K->10977K(319488K), 0.0020740 secs] [Times: user=0.02 sys=0.01, real=0.00 secs] 
18.908: Total time for which application threads were stopped: 0.0037610 seconds, Stopping threads took: 0.0016040 seconds
18.991: Application time: 0.0826850 seconds
18.994: [GC [PSYoungGen: 91024K->6896K(97280K)] 94433K->10305K(319488K), 0.0019580 secs] [Times: user=0.01 sys=0.00, real=0.00 secs] 
18.996: Total time for which application threads were stopped: 0.0049640 seconds, Stopping threads took: 0.0029180 seconds
19.077: Application time: 0.0811130 seconds
19.079: [GC [PSYoungGen: 90352K->7360K(97280K)] 93761K->10769K(319488K), 0.0021240 secs] [Times: user=0.01 sys=0.00, real=0.00 secs] 
19.081: Total time for which application threads were stopped: 0.0039570 seconds, Stopping threads took: 0.0017490 seconds
19.162: Application time: 0.0811570 seconds
19.163: [GC [PSYoungGen: 90816K->6640K(97280K)] 94225K->10049K(319488K), 0.0020790 secs] [Times: user=0.01 sys=0.01, real=0.01 secs] 
19.166: Total time for which application threads were stopped: 0.0032280 seconds, Stopping threads took: 0.0010690 seconds
19.248: Application time: 0.0827040 seconds
19.251: [GC [PSYoungGen: 90096K->6448K(97280K)] 93505K->9865K(319488K), 0.0018820 secs] [Times: user=0.01 sys=0.01, real=0.00 secs] 
19.253: Total time for which application threads were stopped: 0.0044880 seconds, Stopping threads took: 0.0025260 seconds
19.332: Application time: 0.0796990 seconds
19.335: [GC [PSYoungGen: 89904K->6928K(97280K)] 93321K->10353K(319488K), 0.0021030 secs] [Times: user=0.01 sys=0.00, real=0.00 secs] 
19.337: Total time for which application threads were stopped: 0.0043770 seconds, Stopping threads took: 0.0021910 seconds
19.415: Application time: 0.0785330 seconds
19.418: [GC [PSYoungGen: 90384K->7376K(97280K)] 93809K->10801K(319488K), 0.0020880 secs] [Times: user=0.02 sys=0.00, real=0.00 secs] 
19.420: Total time for which application threads were stopped: 0.0049890 seconds, Stopping threads took: 0.0028200 seconds
19.500: Application time: 0.0800550 seconds
19.502: [GC [PSYoungGen: 90832K->7328K(97280K)] 94257K->10753K(319488K), 0.0021760 secs] [Times: user=0.01 sys=0.00, real=0.00 secs] 
19.504: Total time for which application threads were stopped: 0.0034820 seconds, Stopping threads took: 0.0012170 seconds
19.584: Application time: 0.0797870 seconds
19.586: [GC [PSYoungGen: 90784K->7200K(97280K)] 94209K->10649K(319488K), 0.0020810 secs] [Times: user=0.01 sys=0.00, real=0.00 secs] 
19.588: Total time for which application threads were stopped: 0.0040850 seconds, Stopping threads took: 0.0019170 seconds
19.671: Application time: 0.0829780 seconds
19.673: [GC [PSYoungGen: 90656K->6208K(97280K)] 94105K->9657K(319488K), 0.0019220 secs] [Times: user=0.01 sys=0.00, real=0.00 secs] 
19.675: Total time for which application threads were stopped: 0.0046560 seconds, Stopping threads took: 0.0026610 seconds
19.757: Application time: 0.0811580 seconds
19.759: [GC [PSYoungGen: 89664K->6512K(97280K)] 93113K->9969K(319488K), 0.0019680 secs] [Times: user=0.01 sys=0.00, real=0.00 secs] 
19.761: Total time for which application threads were stopped: 0.0040550 seconds, Stopping threads took: 0.0020030 seconds
19.841: Application time: 0.0804370 seconds
19.843: [GC [PSYoungGen: 89968K->8080K(97280K)] 93425K->11545K(319488K), 0.0022170 secs] [Times: user=0.02 sys=0.00, real=0.01 secs] 
19.845: Total time for which application threads were stopped: 0.0041900 seconds, Stopping threads took: 0.0018930 seconds
19.927: Application time: 0.0819820 seconds
19.929: [GC [PSYoungGen: 91536K->7536K(97280K)] 95001K->11009K(319488K), 0.0021810 secs] [Times: user=0.02 sys=0.00, real=0.00 secs] 
19.931: Total time for which application threads were stopped: 0.0039790 seconds, Stopping threads took: 0.0017140 seconds
20.008: Application time: 0.0772300 seconds
20.011: [GC [PSYoungGen: 90992K->7184K(97280K)] 94465K->10657K(319488K), 0.0020260 secs] [Times: user=0.01 sys=0.00, real=0.00 secs] 
20.013: Total time for which application threads were stopped: 0.0046020 seconds, Stopping threads took: 0.0024840 seconds
20.091: Application time: 0.0782940 seconds
20.093: [GC [PSYoungGen: 90640K->6480K(97280K)] 94113K->9953K(319488K), 0.0018700 secs] [Times: user=0.01 sys=0.00, real=0.00 secs] 
20.095: Total time for which application threads were stopped: 0.0031830 seconds, Stopping threads took: 0.0012250 seconds
20.174: Application time: 0.0797630 seconds
20.177: [GC [PSYoungGen: 89936K->7744K(97280K)] 93409K->11217K(319488K), 0.0025260 secs] [Times: user=0.01 sys=0.00, real=0.00 secs] 
20.180: Total time for which application threads were stopped: 0.0057750 seconds, Stopping threads took: 0.0031630 seconds
20.260: Application time: 0.0801880 seconds
20.263: [GC [PSYoungGen: 91200K->7232K(97280K)] 94673K->10713K(319488K), 0.0019750 secs] [Times: user=0.02 sys=0.00, real=0.01 secs] 
20.265: Total time for which application threads were stopped: 0.0052380 seconds, Stopping threads took: 0.0031840 seconds
20.345: Application time: 0.0799000 seconds
20.348: [GC [PSYoungGen: 90688K->7152K(97280K)] 94169K->10641K(319488K), 0.0021060 secs] [Times: user=0.01 sys=0.00, real=0.00 secs] 
20.350: Total time for which application threads were stopped: 0.0044690 seconds, Stopping threads took: 0.0022780 seconds
20.427: Application time: 0.0775410 seconds
20.430: [GC [PSYoungGen: 90608K->7152K(97280K)] 94097K->10649K(319488K), 0.0020100 secs] [Times: user=0.01 sys=0.01, real=0.00 secs] 
20.432: Total time for which application threads were stopped: 0.0046730 seconds, Stopping threads took: 0.0025860 seconds
20.513: Application time: 0.0809040 seconds
20.515: [GC [PSYoungGen: 90608K->6864K(97280K)] 94105K->10361K(319488K), 0.0020510 secs] [Times: user=0.01 sys=0.00, real=0.01 secs] 
20.517: Total time for which application threads were stopped: 0.0041340 seconds, Stopping threads took: 0.0019690 seconds
20.594: Application time: 0.0766340 seconds
20.595: [GC [PSYoungGen: 90320K->6640K(97280K)] 93817K->10137K(319488K), 0.0018740 secs] [Times: user=0.01 sys=0.00, real=0.00 secs] 
20.597: Total time for which application threads were stopped: 0.0030600 seconds, Stopping threads took: 0.0011020 seconds
20.673: Application time: 0.0764610 seconds
20.675: [GC [PSYoungGen: 90096K->7520K(97280K)] 93593K->11017K(319488K), 0.0021350 secs] [Times: user=0.02 sys=0.00, real=0.01 secs] 
20.678: Total time for which application threads were stopped: 0.0042170 seconds, Stopping threads took: 0.0019960 seconds
20.752: Application time: 0.0746570 seconds
20.754: [GC [PSYoungGen: 90976K->6992K(97280K)] 94473K->10489K(319488K), 0.0019150 secs] [Times: user=0.01 sys=0.00, real=0.00 secs] 
20.756: Total time for which application threads were stopped: 0.0038950 seconds, Stopping threads took: 0.0019070 seconds
20.831: Application time: 0.0749820 seconds
20.833: [GC [PSYoungGen: 90448K->7520K(97280K)] 93945K->11025K(319488K), 0.0023330 secs] [Times: user=0.01 sys=0.00, real=0.00 secs] 
20.835: Total time for which application threads were stopped: 0.0042000 seconds, Stopping threads took: 0.0017830 seconds
20.911: Application time: 0.0758180 seconds
20.913: [GC [PSYoungGen: 90976K->6928K(97280K)] 94481K->10441K(319488K), 0.0019400 secs] [Times: user=0.01 sys=0.00, real=0.00 secs] 
20.915: Total time for which application threads were stopped: 0.0040050 seconds, Stopping threads took: 0.0019770 seconds
20.990: Application time: 0.0746450 seconds
20.992: [GC [PSYoungGen: 90384K->7504K(97280K)] 93897K->11025K(319488K), 0.0021860 secs] [Times: user=0.02 sys=0.00, real=0.00 secs] 
20.994: Total time for which application threads were stopped: 0.0044380 seconds, Stopping threads took: 0.0021680 seconds
21.065: Application time: 0.0710830 seconds
21.068: [GC [PSYoungGen: 90960K->7936K(97280K)] 94481K->11457K(319488K), 0.0022930 secs] [Times: user=0.01 sys=0.00, real=0.00 secs] 
21.071: Total time for which application threads were stopped: 0.0055490 seconds, Stopping threads took: 0.0031650 seconds
21.148: Application time: 0.0767180 seconds
21.150: [GC [PSYoungGen: 91392K->6656K(97280K)] 94913K->10177K(319488K), 0.0018880 secs] [Times: user=0.01 sys=0.00, real=0.00 secs] 
21.152: Total time for which application threads were stopped: 0.0039820 seconds, Stopping threads took: 0.0020240 seconds
21.230: Application time: 0.0783640 seconds
21.231: [GC [PSYoungGen: 90112K->5072K(97280K)] 93633K->8593K(319488K), 0.0015240 secs] [Times: user=0.01 sys=0.00, real=0.00 secs] 
21.232: Total time for which application threads were stopped: 0.0022160 seconds, Stopping threads took: 0.0006170 seconds
21.307: Application time: 0.0750250 seconds
21.309: [GC [PSYoungGen: 88528K->7120K(97280K)] 92049K->10649K(319488K), 0.0020540 secs] [Times: user=0.01 sys=0.01, real=0.00 secs] 
21.311: Total time for which application threads were stopped: 0.0040560 seconds, Stopping threads took: 0.0019200 seconds
21.386: Application time: 0.0752370 seconds
21.388: [GC [PSYoungGen: 90576K->7344K(97280K)] 94105K->10881K(319488K), 0.0021080 secs] [Times: user=0.01 sys=0.00, real=0.00 secs] 
21.390: Total time for which application threads were stopped: 0.0040770 seconds, Stopping threads took: 0.0018890 seconds
21.466: Application time: 0.0758490 seconds
21.468: [GC [PSYoungGen: 90800K->6800K(97280K)] 94337K->10345K(319488K), 0.0019520 secs] [Times: user=0.02 sys=0.00, real=0.00 secs] 
21.470: Total time for which application threads were stopped: 0.0039130 seconds, Stopping threads took: 0.0018810 seconds
21.548: Application time: 0.0781000 seconds
21.550: [GC [PSYoungGen: 90256K->6240K(97280K)] 93801K->9785K(319488K), 0.0017590 secs] [Times: user=0.00 sys=0.00, real=0.00 secs] 
21.552: Total time for which application threads were stopped: 0.0035430 seconds, Stopping threads took: 0.0017060 seconds
21.628: Application time: 0.0765920 seconds
21.630: [GC [PSYoungGen: 89696K->6496K(97280K)] 93241K->10041K(319488K), 0.0018630 secs] [Times: user=0.01 sys=0.00, real=0.00 secs] 
21.632: Total time for which application threads were stopped: 0.0034690 seconds, Stopping threads took: 0.0015220 seconds
21.709: Application time: 0.0766890 seconds
21.712: [GC [PSYoungGen: 89952K->8064K(97280K)] 93497K->11609K(319488K), 0.0022390 secs] [Times: user=0.01 sys=0.00, real=0.00 secs] 
21.714: Total time for which application threads were stopped: 0.0051800 seconds, Stopping threads took: 0.0028620 seconds
21.790: Application time: 0.0759840 seconds
21.793: [GC [PSYoungGen: 91520K->8208K(97280K)] 95065K->11753K(319488K), 0.0023490 secs] [Times: user=0.02 sys=0.00, real=0.00 secs] 
21.795: Total time for which application threads were stopped: 0.0052230 seconds, Stopping threads took: 0.0027890 seconds
21.867: Application time: 0.0722290 seconds
21.870: [GC [PSYoungGen: 91664K->7568K(97280K)] 95209K->11121K(319488K), 0.0022080 secs] [Times: user=0.01 sys=0.00, real=0.00 secs] 
21.872: Total time for which application threads were stopped: 0.0051080 seconds, Stopping threads took: 0.0028170 seconds
21.946: Application time: 0.0739170 seconds
21.949: [GC [PSYoungGen: 91024K->6304K(97280K)] 94577K->9865K(319488K), 0.0018010 secs] [Times: user=0.02 sys=0.00, real=0.00 secs] 
21.951: Total time for which application threads were stopped: 0.0043400 seconds, Stopping threads took: 0.0024580 seconds
22.025: Application time: 0.0738870 seconds
22.027: [GC [PSYoungGen: 89760K->6864K(97280K)] 93321K->10425K(319488K), 0.0019910 secs] [Times: user=0.02 sys=0.00, real=0.00 secs] 
22.029: Total time for which application threads were stopped: 0.0044020 seconds, Stopping threads took: 0.0023260 seconds
22.106: Application time: 0.0767080 seconds
22.109: [GC [PSYoungGen: 90320K->8016K(97280K)] 93881K->11577K(319488K), 0.0022830 secs] [Times: user=0.01 sys=0.00, real=0.00 secs] 
22.111: Total time for which application threads were stopped: 0.0053510 seconds, Stopping threads took: 0.0029810 seconds
22.186: Application time: 0.0748780 seconds
22.188: [GC [PSYoungGen: 91472K->6400K(97280K)] 95033K->9961K(319488K), 0.0017660 secs] [Times: user=0.01 sys=0.00, real=0.00 secs] 
22.190: Total time for which application threads were stopped: 0.0042080 seconds, Stopping threads took: 0.0023590 seconds
22.266: Application time: 0.0760660 seconds
22.268: [GC [PSYoungGen: 89856K->7696K(97280K)] 93417K->11257K(319488K), 0.0021000 secs] [Times: user=0.01 sys=0.00, real=0.00 secs] 
22.271: Total time for which application threads were stopped: 0.0043970 seconds, Stopping threads took: 0.0022170 seconds
22.344: Application time: 0.0733830 seconds
22.346: [GC [PSYoungGen: 91152K->7248K(97280K)] 94713K->10817K(319488K), 0.0020560 secs] [Times: user=0.02 sys=0.00, real=0.00 secs] 
22.348: Total time for which application threads were stopped: 0.0042430 seconds, Stopping threads took: 0.0021050 seconds
22.421: Application time: 0.0732670 seconds
22.424: [GC [PSYoungGen: 90704K->8112K(97280K)] 94273K->11689K(319488K), 0.0023330 secs] [Times: user=0.02 sys=0.00, real=0.01 secs] 
22.427: Total time for which application threads were stopped: 0.0050730 seconds, Stopping threads took: 0.0026530 seconds
22.500: Application time: 0.0737490 seconds
22.502: [GC [PSYoungGen: 91568K->6688K(97280K)] 95145K->10265K(319488K), 0.0019660 secs] [Times: user=0.01 sys=0.00, real=0.00 secs] 
22.504: Total time for which application threads were stopped: 0.0039620 seconds, Stopping threads took: 0.0019170 seconds
22.580: Application time: 0.0757340 seconds
22.582: [GC [PSYoungGen: 90144K->7008K(97280K)] 93721K->10585K(319488K), 0.0020770 secs] [Times: user=0.00 sys=0.00, real=0.00 secs] 
22.584: Total time for which application threads were stopped: 0.0039730 seconds, Stopping threads took: 0.0018090 seconds
22.658: Application time: 0.0741830 seconds
22.661: [GC [PSYoungGen: 90464K->7184K(97280K)] 94041K->10761K(319488K), 0.0019660 secs] [Times: user=0.02 sys=0.00, real=0.00 secs] 
22.663: Total time for which application threads were stopped: 0.0044220 seconds, Stopping threads took: 0.0023520 seconds
22.740: Application time: 0.0771230 seconds
22.741: [GC [PSYoungGen: 90640K->6256K(97280K)] 94217K->9833K(319488K), 0.0017760 secs] [Times: user=0.01 sys=0.00, real=0.00 secs] 
22.743: Total time for which application threads were stopped: 0.0030580 seconds, Stopping threads took: 0.0011930 seconds
22.814: Application time: 0.0709000 seconds
22.815: [GC [PSYoungGen: 89712K->8336K(97280K)] 93289K->11921K(319488K), 0.0024540 secs] [Times: user=0.01 sys=0.00, real=0.01 secs] 
22.818: Total time for which application threads were stopped: 0.0042220 seconds, Stopping threads took: 0.0016810 seconds
22.893: Application time: 0.0751450 seconds
22.895: [GC [PSYoungGen: 91792K->7952K(97280K)] 95377K->11545K(319488K), 0.0023180 secs] [Times: user=0.02 sys=0.00, real=0.01 secs] 
22.898: Total time for which application threads were stopped: 0.0045790 seconds, Stopping threads took: 0.0021780 seconds
22.972: Application time: 0.0741970 seconds
22.974: [GC [PSYoungGen: 91408K->7056K(97280K)] 95001K->10649K(319488K), 0.0019940 secs] [Times: user=0.02 sys=0.00, real=0.00 secs] 
22.976: Total time for which application threads were stopped: 0.0040950 seconds, Stopping threads took: 0.0020130 seconds
23.053: Application time: 0.0770460 seconds
23.056: [GC [PSYoungGen: 90512K->6224K(97280K)] 94105K->9817K(319488K), 0.0017970 secs] [Times: user=0.01 sys=0.00, real=0.01 secs] 
23.058: Total time for which application threads were stopped: 0.0047420 seconds, Stopping threads took: 0.0028650 seconds
23.133: Application time: 0.0752720 seconds
23.135: [GC [PSYoungGen: 89680K->6272K(97280K)] 93273K->9865K(319488K), 0.0018370 secs] [Times: user=0.01 sys=0.01, real=0.00 secs] 
23.137: Total time for which application threads were stopped: 0.0039300 seconds, Stopping threads took: 0.0020140 seconds
23.216: Application time: 0.0795460 seconds
23.219: [GC [PSYoungGen: 89728K->6016K(97280K)] 93321K->9609K(319488K), 0.0018330 secs] [Times: user=0.01 sys=0.00, real=0.00 secs] 
23.221: Total time for which application threads were stopped: 0.0041890 seconds, Stopping threads took: 0.0022770 seconds
23.294: Application time: 0.0735730 seconds
23.296: [GC [PSYoungGen: 89472K->6576K(97280K)] 93065K->10177K(319488K), 0.0020360 secs] [Times: user=0.01 sys=0.00, real=0.01 secs] 
23.298: Total time for which application threads were stopped: 0.0040100 seconds, Stopping threads took: 0.0018870 seconds
23.376: Application time: 0.0776910 seconds
23.378: [GC [PSYoungGen: 90032K->8288K(97280K)] 93633K->11897K(319488K), 0.0023960 secs] [Times: user=0.01 sys=0.00, real=0.00 secs] 
23.381: Total time for which application threads were stopped: 0.0049540 seconds, Stopping threads took: 0.0024690 seconds
23.457: Application time: 0.0763380 seconds
23.459: [GC [PSYoungGen: 91744K->7840K(97280K)] 95353K->11457K(319488K), 0.0021330 secs] [Times: user=0.02 sys=0.00, real=0.00 secs] 
23.461: Total time for which application threads were stopped: 0.0037190 seconds, Stopping threads took: 0.0015140 seconds
23.538: Application time: 0.0770460 seconds
23.540: [GC [PSYoungGen: 91296K->6464K(97280K)] 94913K->10081K(319488K), 0.0018560 secs] [Times: user=0.02 sys=0.00, real=0.00 secs] 
23.542: Total time for which application threads were stopped: 0.0036630 seconds, Stopping threads took: 0.0017260 seconds
23.617: Application time: 0.0751020 seconds
23.619: [GC [PSYoungGen: 89920K->7504K(97280K)] 93537K->11121K(319488K), 0.0021660 secs] [Times: user=0.01 sys=0.00, real=0.00 secs] 
23.621: Total time for which application threads were stopped: 0.0042920 seconds, Stopping threads took: 0.0020400 seconds
23.699: Application time: 0.0779530 seconds
23.701: [GC [PSYoungGen: 90960K->5584K(97280K)] 94577K->9201K(319488K), 0.0015720 secs] [Times: user=0.01 sys=0.00, real=0.00 secs] 
23.703: Total time for which application threads were stopped: 0.0035480 seconds, Stopping threads took: 0.0019050 seconds
23.784: Application time: 0.0812490 seconds
23.786: [GC [PSYoungGen: 89040K->6624K(97280K)] 92657K->10281K(319488K), 0.0018760 secs] [Times: user=0.01 sys=0.00, real=0.00 secs] 
23.788: Total time for which application threads were stopped: 0.0038980 seconds, Stopping threads took: 0.0019350 seconds
23.864: Application time: 0.0767360 seconds
23.867: [GC [PSYoungGen: 90080K->7328K(97280K)] 93737K->10993K(319488K), 0.0020560 secs] [Times: user=0.01 sys=0.00, real=0.00 secs] 
23.869: Total time for which application threads were stopped: 0.0049960 seconds, Stopping threads took: 0.0028490 seconds
23.943: Application time: 0.0733570 seconds
23.945: [GC [PSYoungGen: 90784K->6688K(97280K)] 94449K->10361K(319488K), 0.0019310 secs] [Times: user=0.02 sys=0.00, real=0.01 secs] 
23.947: Total time for which application threads were stopped: 0.0040230 seconds, Stopping threads took: 0.0020110 seconds
24.023: Application time: 0.0760020 seconds
24.025: [GC [PSYoungGen: 90144K->5728K(97280K)] 93817K->9401K(319488K), 0.0016480 secs] [Times: user=0.01 sys=0.00, real=0.01 secs] 
24.026: Total time for which application threads were stopped: 0.0036450 seconds, Stopping threads took: 0.0019250 seconds
24.104: Application time: 0.0776500 seconds
24.107: [GC [PSYoungGen: 89184K->6112K(97280K)] 92857K->9785K(319488K), 0.0017120 secs] [Times: user=0.01 sys=0.00, real=0.00 secs] 
24.108: Total time for which application threads were stopped: 0.0043360 seconds, Stopping threads took: 0.0025500 seconds
24.184: Application time: 0.0755220 seconds
24.186: [GC [PSYoungGen: 89568K->6528K(97280K)] 93241K->10201K(319488K), 0.0019790 secs] [Times: user=0.01 sys=0.00, real=0.00 secs] 
24.188: Total time for which application threads were stopped: 0.0038800 seconds, Stopping threads took: 0.0018240 seconds
24.265: Application time: 0.0773860 seconds
24.267: [GC [PSYoungGen: 89984K->8096K(97280K)] 93657K->11777K(319488K), 0.0023010 secs] [Times: user=0.01 sys=0.00, real=0.00 secs] 
24.269: Total time for which application threads were stopped: 0.0040710 seconds, Stopping threads took: 0.0016850 seconds
24.344: Application time: 0.0748900 seconds
24.347: [GC [PSYoungGen: 91552K->7744K(97280K)] 95233K->11433K(319488K), 0.0022690 secs] [Times: user=0.01 sys=0.00, real=0.00 secs] 
24.349: Total time for which application threads were stopped: 0.0046080 seconds, Stopping threads took: 0.0022530 seconds
24.423: Application time: 0.0737530 seconds
24.425: [GC [PSYoungGen: 91200K->6560K(97280K)] 94889K->10257K(319488K), 0.0017710 secs] [Times: user=0.01 sys=0.00, real=0.01 secs] 
24.427: Total time for which application threads were stopped: 0.0039120 seconds, Stopping threads took: 0.0020590 seconds
24.506: Application time: 0.0790610 seconds
24.507: [GC [PSYoungGen: 90016K->5120K(97280K)] 93713K->8817K(319488K), 0.0015730 secs] [Times: user=0.01 sys=0.00, real=0.00 secs] 
24.508: Total time for which application threads were stopped: 0.0028910 seconds, Stopping threads took: 0.0012480 seconds
24.585: Application time: 0.0766200 seconds
24.588: [GC [PSYoungGen: 88576K->6688K(97280K)] 92273K->10385K(319488K), 0.0018500 secs] [Times: user=0.01 sys=0.00, real=0.00 secs] 
24.590: Total time for which application threads were stopped: 0.0046750 seconds, Stopping threads took: 0.0027420 seconds
24.671: Application time: 0.0813040 seconds
24.672: [GC [PSYoungGen: 90144K->4016K(97280K)] 93841K->7713K(319488K), 0.0013360 secs] [Times: user=0.01 sys=0.00, real=0.00 secs] 
24.673: Total time for which application threads were stopped: 0.0023510 seconds, Stopping threads took: 0.0009360 seconds
24.752: Application time: 0.0788270 seconds
24.754: [GC [PSYoungGen: 87472K->6960K(97280K)] 91169K->10657K(319488K), 0.0021490 secs] [Times: user=0.01 sys=0.00, real=0.00 secs] 
24.757: Total time for which application threads were stopped: 0.0043840 seconds, Stopping threads took: 0.0021520 seconds
24.838: Application time: 0.0810360 seconds
24.840: [GC [PSYoungGen: 90416K->6608K(97280K)] 94113K->10313K(319488K), 0.0020480 secs] [Times: user=0.01 sys=0.00, real=0.00 secs] 
24.842: Total time for which application threads were stopped: 0.0040740 seconds, Stopping threads took: 0.0019400 seconds
24.922: Application time: 0.0805500 seconds
24.925: [GC [PSYoungGen: 90064K->7248K(97280K)] 93769K->10961K(319488K), 0.0020440 secs] [Times: user=0.01 sys=0.00, real=0.01 secs] 
24.927: Total time for which application threads were stopped: 0.0046730 seconds, Stopping threads took: 0.0025460 seconds
25.012: Application time: 0.0852000 seconds
25.015: [GC [PSYoungGen: 90704K->6064K(97280K)] 94417K->9777K(319488K), 0.0017960 secs] [Times: user=0.01 sys=0.00, real=0.01 secs] 
25.017: Total time for which application threads were stopped: 0.0050810 seconds, Stopping threads took: 0.0031900 seconds
25.097: Application time: 0.0792620 seconds
25.098: [GC [PSYoungGen: 89520K->6768K(97280K)] 93233K->10481K(319488K), 0.0019350 secs] [Times: user=0.01 sys=0.00, real=0.00 secs] 
25.100: Total time for which application threads were stopped: 0.0035240 seconds, Stopping threads took: 0.0015090 seconds
25.178: Application time: 0.0782140 seconds
25.180: [GC [PSYoungGen: 90224K->7568K(97280K)] 93937K->11281K(319488K), 0.0021020 secs] [Times: user=0.01 sys=0.00, real=0.00 secs] 
25.183: Total time for which application threads were stopped: 0.0042190 seconds, Stopping threads took: 0.0020390 seconds
25.262: Application time: 0.0799170 seconds
25.264: [GC [PSYoungGen: 91024K->7280K(97280K)] 94737K->10993K(319488K), 0.0021070 secs] [Times: user=0.02 sys=0.00, real=0.01 secs] 
25.266: Total time for which application threads were stopped: 0.0036460 seconds, Stopping threads took: 0.0014550 seconds
25.345: Application time: 0.0792090 seconds
25.347: [GC [PSYoungGen: 90736K->8032K(97280K)] 94449K->11753K(319488K), 0.0023640 secs] [Times: user=0.01 sys=0.00, real=0.00 secs] 
25.349: Total time for which application threads were stopped: 0.0041290 seconds, Stopping threads took: 0.0016750 seconds
25.429: Application time: 0.0792550 seconds
25.431: [GC [PSYoungGen: 91488K->7328K(97280K)] 95209K->11057K(319488K), 0.0021250 secs] [Times: user=0.01 sys=0.00, real=0.00 secs] 
25.433: Total time for which application threads were stopped: 0.0043320 seconds, Stopping threads took: 0.0021220 seconds
25.511: Application time: 0.0781920 seconds
25.513: [GC [PSYoungGen: 90784K->7248K(97280K)] 94513K->10977K(319488K), 0.0021790 secs] [Times: user=0.01 sys=0.00, real=0.00 secs] 
25.515: Total time for which application threads were stopped: 0.0042950 seconds, Stopping threads took: 0.0020310 seconds
25.593: Application time: 0.0772930 seconds
25.595: [GC [PSYoungGen: 90704K->7328K(97280K)] 94433K->11057K(319488K), 0.0021830 secs] [Times: user=0.01 sys=0.00, real=0.01 secs] 
25.597: Total time for which application threads were stopped: 0.0043220 seconds, Stopping threads took: 0.0020400 seconds
25.677: Application time: 0.0800280 seconds
25.680: [GC [PSYoungGen: 90784K->8032K(97280K)] 94513K->11761K(319488K), 0.0023280 secs] [Times: user=0.02 sys=0.00, real=0.00 secs] 
25.682: Total time for which application threads were stopped: 0.0052620 seconds, Stopping threads took: 0.0028470 seconds
25.761: Application time: 0.0787430 seconds
25.764: [GC [PSYoungGen: 91488K->7712K(97280K)] 95217K->11441K(319488K), 0.0020850 secs] [Times: user=0.01 sys=0.00, real=0.01 secs] 
25.766: Total time for which application threads were stopped: 0.0051750 seconds, Stopping threads took: 0.0030120 seconds
25.845: Application time: 0.0787940 seconds
25.848: [GC [PSYoungGen: 91168K->7456K(97280K)] 94897K->11193K(319488K), 0.0021220 secs] [Times: user=0.02 sys=0.00, real=0.00 secs] 
25.850: Total time for which application threads were stopped: 0.0053260 seconds, Stopping threads took: 0.0031150 seconds
25.931: Application time: 0.0804700 seconds
25.933: [GC [PSYoungGen: 90912K->6784K(97280K)] 94649K->10529K(319488K), 0.0040890 secs] [Times: user=0.02 sys=0.00, real=0.01 secs] 
25.937: Total time for which application threads were stopped: 0.0062460 seconds, Stopping threads took: 0.0020740 seconds
26.016: Application time: 0.0784400 seconds
26.018: [GC [PSYoungGen: 90240K->6752K(97280K)] 93985K->10505K(319488K), 0.0020030 secs] [Times: user=0.01 sys=0.00, real=0.00 secs] 
26.020: Total time for which application threads were stopped: 0.0042620 seconds, Stopping threads took: 0.0021670 seconds
26.098: Application time: 0.0781430 seconds
26.100: [GC [PSYoungGen: 90208K->6880K(97280K)] 93961K->10633K(319488K), 0.0020540 secs] [Times: user=0.02 sys=0.00, real=0.00 secs] 
26.102: Total time for which application threads were stopped: 0.0040870 seconds, Stopping threads took: 0.0019390 seconds
26.184: Application time: 0.0818600 seconds
26.185: [GC [PSYoungGen: 90336K->6064K(97280K)] 94089K->9817K(319488K), 0.0019310 secs] [Times: user=0.00 sys=0.00, real=0.00 secs] 
26.187: Total time for which application threads were stopped: 0.0032490 seconds, Stopping threads took: 0.0012330 seconds
26.268: Application time: 0.0803750 seconds
26.271: [GC [PSYoungGen: 89520K->6752K(97280K)] 93273K->10505K(319488K), 0.0018050 secs] [Times: user=0.01 sys=0.00, real=0.00 secs] 
26.273: Total time for which application threads were stopped: 0.0050550 seconds, Stopping threads took: 0.0031740 seconds
26.355: Application time: 0.0823530 seconds
26.358: [GC [PSYoungGen: 90208K->6432K(97280K)] 93961K->10201K(319488K), 0.0018090 secs] [Times: user=0.01 sys=0.00, real=0.00 secs] 
26.360: Total time for which application threads were stopped: 0.0050810 seconds, Stopping threads took: 0.0031880 seconds
26.439: Application time: 0.0788550 seconds
26.442: [GC [PSYoungGen: 89888K->6848K(97280K)] 93657K->10625K(319488K), 0.0019290 secs] [Times: user=0.01 sys=0.00, real=0.00 secs] 
26.444: Total time for which application threads were stopped: 0.0047710 seconds, Stopping threads took: 0.0027660 seconds
26.526: Application time: 0.0819030 seconds
26.528: [GC [PSYoungGen: 90304K->7824K(97280K)] 94081K->11609K(319488K), 0.0022270 secs] [Times: user=0.01 sys=0.00, real=0.00 secs] 
26.530: Total time for which application threads were stopped: 0.0047020 seconds, Stopping threads took: 0.0023970 seconds
26.611: Application time: 0.0804070 seconds
26.613: [GC [PSYoungGen: 91280K->5552K(97280K)] 95065K->9337K(319488K), 0.0015910 secs] [Times: user=0.01 sys=0.00, real=0.00 secs] 
26.614: Total time for which application threads were stopped: 0.0036540 seconds, Stopping threads took: 0.0019770 seconds
26.699: Application time: 0.0843830 seconds
26.702: [GC [PSYoungGen: 89008K->5856K(97280K)] 92793K->9641K(319488K), 0.0017290 secs] [Times: user=0.01 sys=0.00, real=0.00 secs] 
26.704: Total time for which application threads were stopped: 0.0047500 seconds, Stopping threads took: 0.0029460 seconds
26.786: Application time: 0.0828050 seconds
26.790: [GC [PSYoungGen: 89312K->8096K(97280K)] 93097K->11881K(319488K), 0.0023130 secs] [Times: user=0.01 sys=0.00, real=0.00 secs] 
26.792: Total time for which application threads were stopped: 0.0055050 seconds, Stopping threads took: 0.0031060 seconds
26.871: Application time: 0.0794600 seconds
26.873: [GC [PSYoungGen: 91552K->6256K(97280K)] 95337K->10041K(319488K), 0.0017880 secs] [Times: user=0.01 sys=0.00, real=0.00 secs] 
26.875: Total time for which application threads were stopped: 0.0038460 seconds, Stopping threads took: 0.0019790 seconds
26.954: Application time: 0.0788090 seconds
26.957: [GC [PSYoungGen: 89712K->6768K(97280K)] 93497K->10561K(319488K), 0.0019680 secs] [Times: user=0.01 sys=0.00, real=0.00 secs] 
26.959: Total time for which application threads were stopped: 0.0052650 seconds, Stopping threads took: 0.0032070 seconds
27.042: Application time: 0.0830090 seconds
27.045: [GC [PSYoungGen: 90224K->6784K(97280K)] 94017K->10585K(319488K), 0.0018990 secs] [Times: user=0.01 sys=0.00, real=0.00 secs] 
27.047: Total time for which application threads were stopped: 0.0050230 seconds, Stopping threads took: 0.0030370 seconds
27.128: Application time: 0.0807810 seconds
27.130: [GC [PSYoungGen: 90240K->7008K(97280K)] 94041K->10809K(319488K), 0.0019510 secs] [Times: user=0.01 sys=0.00, real=0.00 secs] 
27.132: Total time for which application threads were stopped: 0.0040370 seconds, Stopping threads took: 0.0019980 seconds
27.212: Application time: 0.0795880 seconds
27.214: [GC [PSYoungGen: 90464K->8080K(97280K)] 94265K->11881K(319488K), 0.0023970 secs] [Times: user=0.02 sys=0.00, real=0.00 secs] 
27.216: Total time for which application threads were stopped: 0.0047270 seconds, Stopping threads took: 0.0022370 seconds
27.294: Application time: 0.0778830 seconds
27.296: [GC [PSYoungGen: 91536K->5840K(97280K)] 95337K->9641K(319488K), 0.0016790 secs] [Times: user=0.02 sys=0.00, real=0.01 secs] 
27.298: Total time for which application threads were stopped: 0.0034260 seconds, Stopping threads took: 0.0016750 seconds
27.377: Application time: 0.0789380 seconds
27.378: [GC [PSYoungGen: 89296K->7008K(97280K)] 93097K->10809K(319488K), 0.0019610 secs] [Times: user=0.01 sys=0.00, real=0.00 secs] 
27.380: Total time for which application threads were stopped: 0.0037080 seconds, Stopping threads took: 0.0016650 seconds
27.462: Application time: 0.0816410 seconds
27.464: [GC [PSYoungGen: 90464K->7696K(97280K)] 94265K->11505K(319488K), 0.0021980 secs] [Times: user=0.02 sys=0.00, real=0.01 secs] 
27.466: Total time for which application threads were stopped: 0.0043250 seconds, Stopping threads took: 0.0020420 seconds
27.546: Application time: 0.0793660 seconds
27.548: [GC [PSYoungGen: 91152K->6992K(97280K)] 94961K->10809K(319488K), 0.0020450 secs] [Times: user=0.01 sys=0.00, real=0.00 secs] 
27.550: Total time for which application threads were stopped: 0.0046420 seconds, Stopping threads took: 0.0025140 seconds
27.633: Application time: 0.0822680 seconds
27.635: [GC [PSYoungGen: 90448K->7808K(97280K)] 94265K->11625K(319488K), 0.0020720 secs] [Times: user=0.01 sys=0.01, real=0.01 secs] 
27.637: Total time for which application threads were stopped: 0.0045440 seconds, Stopping threads took: 0.0023810 seconds
27.718: Application time: 0.0805730 seconds
27.721: [GC [PSYoungGen: 91264K->7072K(97280K)] 95081K->10889K(319488K), 0.0020650 secs] [Times: user=0.01 sys=0.00, real=0.00 secs] 
27.723: Total time for which application threads were stopped: 0.0049970 seconds, Stopping threads took: 0.0028500 seconds
27.801: Application time: 0.0778500 seconds
27.803: [GC [PSYoungGen: 90528K->6912K(97280K)] 94345K->10729K(319488K), 0.0019010 secs] [Times: user=0.01 sys=0.00, real=0.00 secs] 
27.805: Total time for which application threads were stopped: 0.0043110 seconds, Stopping threads took: 0.0023260 seconds
27.888: Application time: 0.0830460 seconds
27.891: [GC [PSYoungGen: 90368K->7984K(97280K)] 94185K->11801K(319488K), 0.0022520 secs] [Times: user=0.01 sys=0.00, real=0.00 secs] 
27.893: Total time for which application threads were stopped: 0.0050390 seconds, Stopping threads took: 0.0027090 seconds
27.973: Application time: 0.0803140 seconds
27.976: [GC [PSYoungGen: 91440K->7088K(97280K)] 95257K->10913K(319488K), 0.0019260 secs] [Times: user=0.01 sys=0.00, real=0.01 secs] 
27.978: Total time for which application threads were stopped: 0.0046900 seconds, Stopping threads took: 0.0026860 seconds
28.059: Application time: 0.0809600 seconds
28.062: [GC [PSYoungGen: 90544K->7280K(97280K)] 94369K->11105K(319488K), 0.0022360 secs] [Times: user=0.02 sys=0.00, real=0.00 secs] 
28.064: Total time for which application threads were stopped: 0.0049430 seconds, Stopping threads took: 0.0026210 seconds
28.144: Application time: 0.0805000 seconds
28.148: [GC [PSYoungGen: 90736K->8112K(97280K)] 94561K->11945K(319488K), 0.0021310 secs] [Times: user=0.01 sys=0.00, real=0.00 secs] 
28.150: Total time for which application threads were stopped: 0.0055050 seconds, Stopping threads took: 0.0032850 seconds
28.233: Application time: 0.0834480 seconds
28.236: [GC [PSYoungGen: 91568K->6560K(97280K)] 95401K->10393K(319488K), 0.0019370 secs] [Times: user=0.02 sys=0.00, real=0.01 secs] 
28.238: Total time for which application threads were stopped: 0.0045290 seconds, Stopping threads took: 0.0025080 seconds
28.318: Application time: 0.0799410 seconds
28.321: [GC [PSYoungGen: 90016K->6048K(97280K)] 93849K->9881K(319488K), 0.0017620 secs] [Times: user=0.01 sys=0.00, real=0.00 secs] 
28.323: Total time for which application threads were stopped: 0.0050840 seconds, Stopping threads took: 0.0032430 seconds
28.404: Application time: 0.0810560 seconds
28.407: [GC [PSYoungGen: 89504K->8240K(97280K)] 93337K->12073K(319488K), 0.0023380 secs] [Times: user=0.01 sys=0.01, real=0.00 secs] 
28.409: Total time for which application threads were stopped: 0.0053100 seconds, Stopping threads took: 0.0028830 seconds
28.486: Application time: 0.0768700 seconds
28.489: [GC [PSYoungGen: 91696K->7680K(97280K)] 95529K->11521K(319488K), 0.0022200 secs] [Times: user=0.01 sys=0.00, real=0.00 secs] 
28.492: Total time for which application threads were stopped: 0.0054970 seconds, Stopping threads took: 0.0031900 seconds
28.572: Application time: 0.0799680 seconds
28.574: [GC [PSYoungGen: 91136K->7072K(97280K)] 94977K->10921K(319488K), 0.0018760 secs] [Times: user=0.01 sys=0.01, real=0.00 secs] 
28.576: Total time for which application threads were stopped: 0.0044840 seconds, Stopping threads took: 0.0025300 seconds
28.651: Application time: 0.0751440 seconds
28.654: [GC [PSYoungGen: 90528K->7152K(97280K)] 94377K->11009K(319488K), 0.0019150 secs] [Times: user=0.01 sys=0.00, real=0.00 secs] 
28.656: Total time for which application threads were stopped: 0.0047610 seconds, Stopping threads took: 0.0027600 seconds
28.731: Application time: 0.0753700 seconds
28.734: [GC [PSYoungGen: 90608K->8416K(97280K)] 94465K->12273K(319488K), 0.0024110 secs] [Times: user=0.01 sys=0.00, real=0.00 secs] 
28.737: Total time for which application threads were stopped: 0.0052220 seconds, Stopping threads took: 0.0027250 seconds
28.810: Application time: 0.0730820 seconds
28.813: [GC [PSYoungGen: 91872K->7472K(97280K)] 95729K->11329K(319488K), 0.0020140 secs] [Times: user=0.01 sys=0.00, real=0.00 secs] 
28.815: Total time for which application threads were stopped: 0.0050230 seconds, Stopping threads took: 0.0029310 seconds
28.891: Application time: 0.0757560 seconds
28.892: [GC [PSYoungGen: 90928K->7232K(97280K)] 94785K->11089K(319488K), 0.0021290 secs] [Times: user=0.01 sys=0.00, real=0.00 secs] 
28.895: Total time for which application threads were stopped: 0.0040500 seconds, Stopping threads took: 0.0018420 seconds
28.972: Application time: 0.0777090 seconds
28.975: [GC [PSYoungGen: 90688K->4304K(97280K)] 94545K->8169K(319488K), 0.0012990 secs] [Times: user=0.00 sys=0.00, real=0.00 secs] 
28.976: Total time for which application threads were stopped: 0.0036340 seconds, Stopping threads took: 0.0022590 seconds
29.053: Application time: 0.0766140 seconds
29.054: [GC [PSYoungGen: 87760K->6432K(97280K)] 91625K->10305K(319488K), 0.0019370 secs] [Times: user=0.02 sys=0.00, real=0.00 secs] 
29.056: Total time for which application threads were stopped: 0.0038240 seconds, Stopping threads took: 0.0017990 seconds
29.129: Application time: 0.0730710 seconds
29.131: [GC [PSYoungGen: 89888K->7408K(97280K)] 93761K->11289K(319488K), 0.0022530 secs] [Times: user=0.01 sys=0.00, real=0.00 secs] 
29.133: Total time for which application threads were stopped: 0.0038920 seconds, Stopping threads took: 0.0015590 seconds
29.211: Application time: 0.0777710 seconds
29.214: [GC [PSYoungGen: 90864K->8112K(97280K)] 94745K->11993K(319488K), 0.0022110 secs] [Times: user=0.01 sys=0.00, real=0.00 secs] 
29.216: Total time for which application threads were stopped: 0.0050720 seconds, Stopping threads took: 0.0027650 seconds
29.290: Application time: 0.0739460 seconds
29.292: [GC [PSYoungGen: 91568K->7680K(97280K)] 95449K->11561K(319488K), 0.0020950 secs] [Times: user=0.01 sys=0.00, real=0.00 secs] 
29.294: Total time for which application threads were stopped: 0.0043320 seconds, Stopping threads took: 0.0021640 seconds
29.372: Application time: 0.0779690 seconds
29.375: [GC [PSYoungGen: 91136K->7776K(97280K)] 95017K->11657K(319488K), 0.0021970 secs] [Times: user=0.01 sys=0.00, real=0.00 secs] 
29.377: Total time for which application threads were stopped: 0.0043660 seconds, Stopping threads took: 0.0020860 seconds
29.452: Application time: 0.0748330 seconds
29.454: [GC [PSYoungGen: 91232K->7056K(97280K)] 95113K->10945K(319488K), 0.0020180 secs] [Times: user=0.01 sys=0.00, real=0.00 secs] 
29.456: Total time for which application threads were stopped: 0.0040010 seconds, Stopping threads took: 0.0018960 seconds
29.533: Application time: 0.0777460 seconds
29.537: [GC [PSYoungGen: 90512K->6912K(97280K)] 94401K->10809K(319488K), 0.0019410 secs] [Times: user=0.01 sys=0.00, real=0.00 secs] 
29.539: Total time for which application threads were stopped: 0.0057430 seconds, Stopping threads took: 0.0037260 seconds
29.614: Application time: 0.0752270 seconds
29.616: [GC [PSYoungGen: 90368K->6864K(97280K)] 94265K->10769K(319488K), 0.0019340 secs] [Times: user=0.02 sys=0.00, real=0.01 secs] 
29.618: Total time for which application threads were stopped: 0.0040780 seconds, Stopping threads took: 0.0020610 seconds
29.697: Application time: 0.0782620 seconds
29.700: [GC [PSYoungGen: 90320K->8256K(97280K)] 94225K->12161K(319488K), 0.0023530 secs] [Times: user=0.02 sys=0.00, real=0.00 secs] 
29.702: Total time for which application threads were stopped: 0.0055200 seconds, Stopping threads took: 0.0030820 seconds
29.776: Application time: 0.0739360 seconds
29.778: [GC [PSYoungGen: 91712K->7344K(97280K)] 95617K->11249K(319488K), 0.0019500 secs] [Times: user=0.01 sys=0.00, real=0.00 secs] 
29.780: Total time for which application threads were stopped: 0.0041170 seconds, Stopping threads took: 0.0020900 seconds
29.859: Application time: 0.0789590 seconds
29.861: [GC [PSYoungGen: 90800K->6736K(97280K)] 94705K->10641K(319488K), 0.0019500 secs] [Times: user=0.01 sys=0.00, real=0.00 secs] 
29.863: Total time for which application threads were stopped: 0.0040080 seconds, Stopping threads took: 0.0019790 seconds
29.937: Application time: 0.0734980 seconds
29.938: [GC [PSYoungGen: 90192K->6608K(97280K)] 94097K->10513K(319488K), 0.0018790 secs] [Times: user=0.01 sys=0.00, real=0.00 secs] 
29.940: Total time for which application threads were stopped: 0.0035010 seconds, Stopping threads took: 0.0015430 seconds
30.021: Application time: 0.0811830 seconds
30.025: [GC [PSYoungGen: 90064K->6336K(97280K)] 93969K->10249K(319488K), 0.0017420 secs] [Times: user=0.01 sys=0.00, real=0.01 secs] 
30.026: Total time for which application threads were stopped: 0.0048060 seconds, Stopping threads took: 0.0029880 seconds
30.103: Application time: 0.0770310 seconds
30.105: [GC [PSYoungGen: 89792K->7744K(97280K)] 93705K->11665K(319488K), 0.0021810 secs] [Times: user=0.01 sys=0.00, real=0.01 secs] 
30.107: Total time for which application threads were stopped: 0.0039770 seconds, Stopping threads took: 0.0017150 seconds
30.182: Application time: 0.0749800 seconds
30.185: [GC [PSYoungGen: 91200K->8144K(97280K)] 95121K->12065K(319488K), 0.0022770 secs] [Times: user=0.01 sys=0.00, real=0.01 secs] 
30.187: Total time for which application threads were stopped: 0.0047370 seconds, Stopping threads took: 0.0023710 seconds
30.261: Application time: 0.0738490 seconds
30.263: [GC [PSYoungGen: 91600K->7136K(97280K)] 95521K->11057K(319488K), 0.0020430 secs] [Times: user=0.02 sys=0.00, real=0.00 secs] 
30.265: Total time for which application threads were stopped: 0.0040350 seconds, Stopping threads took: 0.0019090 seconds
30.340: Application time: 0.0748760 seconds
30.342: [GC [PSYoungGen: 90592K->7840K(97280K)] 94513K->11761K(319488K), 0.0022920 secs] [Times: user=0.01 sys=0.00, real=0.00 secs] 
30.344: Total time for which application threads were stopped: 0.0043400 seconds, Stopping threads took: 0.0019550 seconds
30.421: Application time: 0.0768540 seconds
30.423: [GC [PSYoungGen: 91296K->6368K(97280K)] 95217K->10289K(319488K), 0.0017870 secs] [Times: user=0.02 sys=0.00, real=0.01 secs] 
30.425: Total time for which application threads were stopped: 0.0041530 seconds, Stopping threads took: 0.0022930 seconds
30.505: Application time: 0.0801180 seconds
30.508: [GC [PSYoungGen: 89824K->6256K(97280K)] 93745K->10193K(319488K), 0.0017400 secs] [Times: user=0.01 sys=0.00, real=0.00 secs] 
30.510: Total time for which application threads were stopped: 0.0048120 seconds, Stopping threads took: 0.0029980 seconds
30.586: Application time: 0.0755050 seconds
30.588: [GC [PSYoungGen: 89712K->6400K(97280K)] 93649K->10345K(319488K), 0.0018780 secs] [Times: user=0.01 sys=0.00, real=0.00 secs] 
30.590: Total time for which application threads were stopped: 0.0039700 seconds, Stopping threads took: 0.0020070 seconds
30.666: Application time: 0.0761900 seconds
30.668: [GC [PSYoungGen: 89856K->7456K(97280K)] 93801K->11409K(319488K), 0.0021830 secs] [Times: user=0.01 sys=0.00, real=0.00 secs] 
30.670: Total time for which application threads were stopped: 0.0043250 seconds, Stopping threads took: 0.0020550 seconds
30.744: Application time: 0.0734460 seconds
30.746: [GC [PSYoungGen: 90912K->6704K(97280K)] 94865K->10657K(319488K), 0.0019950 secs] [Times: user=0.01 sys=0.00, real=0.00 secs] 
30.748: Total time for which application threads were stopped: 0.0040480 seconds, Stopping threads took: 0.0019700 seconds
30.823: Application time: 0.0758530 seconds
30.825: [GC [PSYoungGen: 90160K->5744K(97280K)] 94113K->9697K(319488K), 0.0017470 secs] [Times: user=0.01 sys=0.00, real=0.00 secs] 
30.827: Total time for which application threads were stopped: 0.0035380 seconds, Stopping threads took: 0.0017130 seconds
30.903: Application time: 0.0765310 seconds
30.905: [GC [PSYoungGen: 89200K->6304K(97280K)] 93153K->10257K(319488K), 0.0018260 secs] [Times: user=0.01 sys=0.00, real=0.00 secs] 
30.907: Total time for which application threads were stopped: 0.0036370 seconds, Stopping threads took: 0.0017260 seconds
30.985: Application time: 0.0776500 seconds
30.986: [GC [PSYoungGen: 89760K->6448K(97280K)] 93713K->10409K(319488K), 0.0018410 secs] [Times: user=0.01 sys=0.00, real=0.00 secs] 
30.988: Total time for which application threads were stopped: 0.0032650 seconds, Stopping threads took: 0.0013480 seconds
31.063: Application time: 0.0750850 seconds
31.066: [GC [PSYoungGen: 89904K->7776K(97280K)] 93865K->11745K(319488K), 0.0021480 secs] [Times: user=0.00 sys=0.00, real=0.00 secs] 
31.068: Total time for which application threads were stopped: 0.0050210 seconds, Stopping threads took: 0.0027920 seconds
31.147: Application time: 0.0784240 seconds
31.150: [GC [PSYoungGen: 91232K->7392K(97280K)] 95201K->11369K(319488K), 0.0021170 secs] [Times: user=0.01 sys=0.00, real=0.00 secs] 
31.152: Total time for which application threads were stopped: 0.0051520 seconds, Stopping threads took: 0.0029540 seconds
31.228: Application time: 0.0760050 seconds
31.229: [GC [PSYoungGen: 90848K->6576K(97280K)] 94825K->10553K(319488K), 0.0019390 secs] [Times: user=0.01 sys=0.01, real=0.00 secs] 
31.231: Total time for which application threads were stopped: 0.0036520 seconds, Stopping threads took: 0.0016280 seconds
31.307: Application time: 0.0758270 seconds
31.309: [GC [PSYoungGen: 90032K->5536K(97280K)] 94009K->9513K(319488K), 0.0016010 secs] [Times: user=0.01 sys=0.00, real=0.00 secs] 
31.311: Total time for which application threads were stopped: 0.0033520 seconds, Stopping threads took: 0.0016690 seconds
31.385: Application time: 0.0743010 seconds
31.388: [GC [PSYoungGen: 88992K->7360K(97280K)] 92969K->11337K(319488K), 0.0021300 secs] [Times: user=0.02 sys=0.00, real=0.00 secs] 
31.390: Total time for which application threads were stopped: 0.0050500 seconds, Stopping threads took: 0.0028320 seconds
31.465: Application time: 0.0755440 seconds
31.467: [GC [PSYoungGen: 90816K->5616K(97280K)] 94793K->9601K(319488K), 0.0016380 secs] [Times: user=0.02 sys=0.00, real=0.00 secs] 
31.469: Total time for which application threads were stopped: 0.0032160 seconds, Stopping threads took: 0.0014940 seconds
31.545: Application time: 0.0759600 seconds
31.547: [GC [PSYoungGen: 89072K->6480K(97280K)] 93057K->10473K(319488K), 0.0017610 secs] [Times: user=0.01 sys=0.00, real=0.00 secs] 
31.549: Total time for which application threads were stopped: 0.0044950 seconds, Stopping threads took: 0.0026600 seconds
31.624: Application time: 0.0749050 seconds
31.627: [GC [PSYoungGen: 89936K->7136K(97280K)] 93929K->11137K(319488K), 0.0020290 secs] [Times: user=0.01 sys=0.00, real=0.00 secs] 
31.629: Total time for which application threads were stopped: 0.0051180 seconds, Stopping threads took: 0.0029920 seconds
31.704: Application time: 0.0747850 seconds
31.706: [GC [PSYoungGen: 90592K->7552K(97280K)] 94593K->11553K(319488K), 0.0022930 secs] [Times: user=0.01 sys=0.00, real=0.00 secs] 
31.708: Total time for which application threads were stopped: 0.0044550 seconds, Stopping threads took: 0.0020620 seconds
31.785: Application time: 0.0764290 seconds
31.786: [GC [PSYoungGen: 91008K->5968K(97280K)] 95009K->9969K(319488K), 0.0017000 secs] [Times: user=0.01 sys=0.00, real=0.00 secs] 
31.788: Total time for which application threads were stopped: 0.0028720 seconds, Stopping threads took: 0.0011020 seconds
31.865: Application time: 0.0770910 seconds
31.867: [GC [PSYoungGen: 89424K->6224K(97280K)] 93425K->10225K(319488K), 0.0017630 secs] [Times: user=0.01 sys=0.00, real=0.00 secs] 
31.869: Total time for which application threads were stopped: 0.0040980 seconds, Stopping threads took: 0.0022560 seconds
31.944: Application time: 0.0747390 seconds
31.945: [GC [PSYoungGen: 89680K->7200K(97280K)] 93681K->11209K(319488K), 0.0020130 secs] [Times: user=0.01 sys=0.01, real=0.00 secs] 
31.947: Total time for which application threads were stopped: 0.0036400 seconds, Stopping threads took: 0.0015500 seconds
32.024: Application time: 0.0761880 seconds
32.025: [GC [PSYoungGen: 90656K->5728K(97280K)] 94665K->9745K(319488K), 0.0016100 secs] [Times: user=0.01 sys=0.00, real=0.00 secs] 
32.027: Total time for which application threads were stopped: 0.0033770 seconds, Stopping threads took: 0.0016870 seconds
32.105: Application time: 0.0783910 seconds
32.109: [GC [PSYoungGen: 89184K->6016K(97280K)] 93201K->10041K(319488K), 0.0017770 secs] [Times: user=0.01 sys=0.00, real=0.00 secs] 
32.111: Total time for which application threads were stopped: 0.0056830 seconds, Stopping threads took: 0.0038280 seconds
32.186: Application time: 0.0753480 seconds
32.189: [GC [PSYoungGen: 89472K->7584K(97280K)] 93497K->11609K(319488K), 0.0021090 secs] [Times: user=0.02 sys=0.00, real=0.00 secs] 
32.191: Total time for which application threads were stopped: 0.0044760 seconds, Stopping threads took: 0.0022850 seconds
32.266: Application time: 0.0750140 seconds
32.268: [GC [PSYoungGen: 91040K->6000K(97280K)] 95065K->10025K(319488K), 0.0017710 secs] [Times: user=0.01 sys=0.00, real=0.00 secs] 
32.270: Total time for which application threads were stopped: 0.0041020 seconds, Stopping threads took: 0.0022520 seconds
32.344: Application time: 0.0742560 seconds
32.346: [GC [PSYoungGen: 89456K->6016K(97280K)] 93481K->10041K(319488K), 0.0017150 secs] [Times: user=0.01 sys=0.00, real=0.00 secs] 
32.348: Total time for which application threads were stopped: 0.0033320 seconds, Stopping threads took: 0.0015390 seconds
32.428: Application time: 0.0808660 seconds
32.430: [GC [PSYoungGen: 89472K->4992K(97280K)] 93497K->9017K(319488K), 0.0014800 secs] [Times: user=0.01 sys=0.00, real=0.00 secs] 
32.432: Total time for which application threads were stopped: 0.0035860 seconds, Stopping threads took: 0.0020170 seconds
32.507: Application time: 0.0749460 seconds
32.509: [GC [PSYoungGen: 88448K->8272K(97280K)] 92473K->12305K(319488K), 0.0023940 secs] [Times: user=0.01 sys=0.01, real=0.00 secs] 
32.511: Total time for which application threads were stopped: 0.0045500 seconds, Stopping threads took: 0.0020730 seconds
32.589: Application time: 0.0778120 seconds
32.591: [GC [PSYoungGen: 91728K->6848K(97280K)] 95761K->10889K(319488K), 0.0020500 secs] [Times: user=0.01 sys=0.00, real=0.00 secs] 
32.593: Total time for which application threads were stopped: 0.0041750 seconds, Stopping threads took: 0.0020250 seconds
32.676: Application time: 0.0824870 seconds
32.677: [GC [PSYoungGen: 90304K->7584K(97280K)] 94345K->11625K(319488K), 0.0022150 secs] [Times: user=0.02 sys=0.00, real=0.01 secs] 
32.679: Total time for which application threads were stopped: 0.0032080 seconds, Stopping threads took: 0.0009080 seconds
32.759: Application time: 0.0794390 seconds
32.761: [GC [PSYoungGen: 91040K->7248K(97280K)] 95081K->11289K(319488K), 0.0020130 secs] [Times: user=0.01 sys=0.00, real=0.00 secs] 
32.763: Total time for which application threads were stopped: 0.0048340 seconds, Stopping threads took: 0.0027340 seconds
32.845: Application time: 0.0820380 seconds
32.848: [GC [PSYoungGen: 90704K->6608K(97280K)] 94745K->10649K(319488K), 0.0019170 secs] [Times: user=0.02 sys=0.00, real=0.00 secs] 
32.850: Total time for which application threads were stopped: 0.0045810 seconds, Stopping threads took: 0.0025820 seconds
32.932: Application time: 0.0819450 seconds
32.933: [GC [PSYoungGen: 90064K->6624K(97280K)] 94105K->10665K(319488K), 0.0025050 secs] [Times: user=0.01 sys=0.00, real=0.00 secs] 
32.936: Total time for which application threads were stopped: 0.0037670 seconds, Stopping threads took: 0.0011560 seconds
33.016: Application time: 0.0799980 seconds
33.018: [GC [PSYoungGen: 90080K->6496K(97280K)] 94121K->10545K(319488K), 0.0019780 secs] [Times: user=0.01 sys=0.00, real=0.00 secs] 
33.020: Total time for which application threads were stopped: 0.0041290 seconds, Stopping threads took: 0.0020780 seconds
33.102: Application time: 0.0821260 seconds
33.104: [GC [PSYoungGen: 89952K->5840K(97280K)] 94001K->9897K(319488K), 0.0017540 secs] [Times: user=0.01 sys=0.00, real=0.01 secs] 
33.106: Total time for which application threads were stopped: 0.0040670 seconds, Stopping threads took: 0.0022300 seconds
33.186: Application time: 0.0794110 seconds
33.188: [GC [PSYoungGen: 89296K->7520K(97280K)] 93353K->11585K(319488K), 0.0022570 secs] [Times: user=0.02 sys=0.00, real=0.00 secs] 
33.190: Total time for which application threads were stopped: 0.0042820 seconds, Stopping threads took: 0.0019390 seconds
33.271: Application time: 0.0808090 seconds
33.273: [GC [PSYoungGen: 90976K->7232K(97280K)] 95041K->11297K(319488K), 0.0021410 secs] [Times: user=0.01 sys=0.00, real=0.00 secs] 
33.275: Total time for which application threads were stopped: 0.0048270 seconds, Stopping threads took: 0.0025990 seconds
33.353: Application time: 0.0779980 seconds
33.356: [GC [PSYoungGen: 90688K->6880K(97280K)] 94753K->10945K(319488K), 0.0019080 secs] [Times: user=0.01 sys=0.00, real=0.01 secs] 
33.358: Total time for which application threads were stopped: 0.0043590 seconds, Stopping threads took: 0.0023760 seconds
33.439: Application time: 0.0807750 seconds
33.441: [GC [PSYoungGen: 90336K->6336K(97280K)] 94401K->10401K(319488K), 0.0018410 secs] [Times: user=0.02 sys=0.00, real=0.00 secs] 
33.443: Total time for which application threads were stopped: 0.0046010 seconds, Stopping threads took: 0.0026760 seconds
33.526: Application time: 0.0831730 seconds
33.529: [GC [PSYoungGen: 89792K->7360K(97280K)] 93857K->11433K(319488K), 0.0020700 secs] [Times: user=0.02 sys=0.00, real=0.00 secs] 
33.531: Total time for which application threads were stopped: 0.0046090 seconds, Stopping threads took: 0.0024510 seconds
33.612: Application time: 0.0810090 seconds
33.615: [GC [PSYoungGen: 90816K->7024K(97280K)] 94889K->11105K(319488K), 0.0022580 secs] [Times: user=0.02 sys=0.00, real=0.00 secs] 
33.617: Total time for which application threads were stopped: 0.0049230 seconds, Stopping threads took: 0.0025690 seconds
33.696: Application time: 0.0789830 seconds
33.699: [GC [PSYoungGen: 90480K->6544K(97280K)] 94561K->10633K(319488K), 0.0019150 secs] [Times: user=0.01 sys=0.00, real=0.00 secs] 
33.701: Total time for which application threads were stopped: 0.0048000 seconds, Stopping threads took: 0.0028070 seconds
33.779: Application time: 0.0784350 seconds
33.781: [GC [PSYoungGen: 90000K->6736K(97280K)] 94089K->10825K(319488K), 0.0019570 secs] [Times: user=0.02 sys=0.00, real=0.00 secs] 
33.783: Total time for which application threads were stopped: 0.0038010 seconds, Stopping threads took: 0.0017560 seconds
33.861: Application time: 0.0778900 seconds
33.863: [GC [PSYoungGen: 90192K->8112K(97280K)] 94281K->12201K(319488K), 0.0024120 secs] [Times: user=0.01 sys=0.01, real=0.01 secs] 
33.865: Total time for which application threads were stopped: 0.0044750 seconds, Stopping threads took: 0.0019770 seconds
33.949: Application time: 0.0833480 seconds
33.949: [GC [PSYoungGen: 91568K->6256K(97280K)] 95657K->10345K(319488K), 0.0018570 secs] [Times: user=0.01 sys=0.00, real=0.00 secs] 
33.951: Total time for which application threads were stopped: 0.0026610 seconds, Stopping threads took: 0.0007220 seconds
34.030: Application time: 0.0788390 seconds
34.032: [GC [PSYoungGen: 89712K->7616K(97280K)] 93801K->11713K(319488K), 0.0022430 secs] [Times: user=0.01 sys=0.00, real=0.00 secs] 
34.034: Total time for which application threads were stopped: 0.0038450 seconds, Stopping threads took: 0.0015170 seconds
34.114: Application time: 0.0796080 seconds
34.116: [GC [PSYoungGen: 91072K->6464K(97280K)] 95169K->10569K(319488K), 0.0018910 secs] [Times: user=0.01 sys=0.00, real=0.01 secs] 
34.118: Total time for which application threads were stopped: 0.0042220 seconds, Stopping threads took: 0.0022340 seconds
34.199: Application time: 0.0811230 seconds
34.201: [GC [PSYoungGen: 89920K->5776K(97280K)] 94025K->9889K(319488K), 0.0016330 secs] [Times: user=0.01 sys=0.00, real=0.00 secs] 
34.203: Total time for which application threads were stopped: 0.0036560 seconds, Stopping threads took: 0.0019420 seconds
34.287: Application time: 0.0840640 seconds
34.289: [GC [PSYoungGen: 89232K->6048K(97280K)] 93345K->10161K(319488K), 0.0017820 secs] [Times: user=0.00 sys=0.00, real=0.00 secs] 
34.290: Total time for which application threads were stopped: 0.0037710 seconds, Stopping threads took: 0.0019090 seconds
34.373: Application time: 0.0822630 seconds
34.374: [GC [PSYoungGen: 89504K->5904K(97280K)] 93617K->10017K(319488K), 0.0019360 secs] [Times: user=0.02 sys=0.00, real=0.00 secs] 
34.376: Total time for which application threads were stopped: 0.0037050 seconds, Stopping threads took: 0.0016890 seconds
34.454: Application time: 0.0779520 seconds
34.457: [GC [PSYoungGen: 89360K->6864K(97280K)] 93473K->10977K(319488K), 0.0022540 secs] [Times: user=0.01 sys=0.00, real=0.01 secs] 
34.459: Total time for which application threads were stopped: 0.0044950 seconds, Stopping threads took: 0.0021320 seconds
34.536: Application time: 0.0766670 seconds
34.538: [GC [PSYoungGen: 90320K->6976K(97280K)] 94433K->11097K(319488K), 0.0020300 secs] [Times: user=0.01 sys=0.00, real=0.00 secs] 
34.540: Total time for which application threads were stopped: 0.0041700 seconds, Stopping threads took: 0.0020350 seconds
34.619: Application time: 0.0793650 seconds
34.621: [GC [PSYoungGen: 90432K->6784K(97280K)] 94553K->10913K(319488K), 0.0019800 secs] [Times: user=0.02 sys=0.00, real=0.00 secs] 
34.623: Total time for which application threads were stopped: 0.0042790 seconds, Stopping threads took: 0.0022040 seconds
34.699: Application time: 0.0758940 seconds
34.701: [GC [PSYoungGen: 90240K->7824K(97280K)] 94369K->11961K(319488K), 0.0021810 secs] [Times: user=0.02 sys=0.00, real=0.00 secs] 
34.704: Total time for which application threads were stopped: 0.0043880 seconds, Stopping threads took: 0.0021220 seconds
34.785: Application time: 0.0816940 seconds
34.788: [GC [PSYoungGen: 91280K->8080K(97280K)] 95417K->12217K(319488K), 0.0023450 secs] [Times: user=0.01 sys=0.00, real=0.00 secs] 
34.791: Total time for which application threads were stopped: 0.0053670 seconds, Stopping threads took: 0.0029120 seconds
34.867: Application time: 0.0761390 seconds
34.869: [GC [PSYoungGen: 91536K->6880K(97280K)] 95673K->11017K(319488K), 0.0020460 secs] [Times: user=0.01 sys=0.00, real=0.00 secs] 
34.871: Total time for which application threads were stopped: 0.0038460 seconds, Stopping threads took: 0.0017150 seconds
34.955: Application time: 0.0839510 seconds
34.956: [GC [PSYoungGen: 90336K->7440K(97280K)] 94473K->11577K(319488K), 0.0021510 secs] [Times: user=0.01 sys=0.00, real=0.01 secs] 
34.958: Total time for which application threads were stopped: 0.0030760 seconds, Stopping threads took: 0.0008390 seconds
35.037: Application time: 0.0788270 seconds
35.039: [GC [PSYoungGen: 90896K->7072K(97280K)] 95033K->11209K(319488K), 0.0019890 secs] [Times: user=0.01 sys=0.00, real=0.00 secs] 
35.041: Total time for which application threads were stopped: 0.0041420 seconds, Stopping threads took: 0.0020710 seconds
35.121: Application time: 0.0806360 seconds
35.124: [GC [PSYoungGen: 90528K->7584K(97280K)] 94665K->11729K(319488K), 0.0022810 secs] [Times: user=0.02 sys=0.00, real=0.01 secs] 
35.127: Total time for which application threads were stopped: 0.0054030 seconds, Stopping threads took: 0.0030090 seconds
35.207: Application time: 0.0804400 seconds
35.210: [GC [PSYoungGen: 91040K->7040K(97280K)] 95185K->11193K(319488K), 0.0022050 secs] [Times: user=0.01 sys=0.00, real=0.00 secs] 
35.212: Total time for which application threads were stopped: 0.0047220 seconds, Stopping threads took: 0.0024080 seconds
35.291: Application time: 0.0793420 seconds
35.293: [GC [PSYoungGen: 90496K->6672K(97280K)] 94649K->10833K(319488K), 0.0019620 secs] [Times: user=0.02 sys=0.00, real=0.00 secs] 
35.295: Total time for which application threads were stopped: 0.0038090 seconds, Stopping threads took: 0.0017550 seconds
35.373: Application time: 0.0783410 seconds
35.377: [GC [PSYoungGen: 90128K->6832K(97280K)] 94289K->10993K(319488K), 0.0019380 secs] [Times: user=0.01 sys=0.00, real=0.01 secs] 
35.379: Total time for which application threads were stopped: 0.0050850 seconds, Stopping threads took: 0.0030600 seconds
35.458: Application time: 0.0792340 seconds
35.460: [GC [PSYoungGen: 90288K->7040K(97280K)] 94449K->11201K(319488K), 0.0023570 secs] [Times: user=0.01 sys=0.00, real=0.00 secs] 
35.462: Total time for which application threads were stopped: 0.0041350 seconds, Stopping threads took: 0.0016870 seconds
35.540: Application time: 0.0782990 seconds
35.542: [GC [PSYoungGen: 90496K->5840K(97280K)] 94657K->10001K(319488K), 0.0018110 secs] [Times: user=0.01 sys=0.00, real=0.00 secs] 
35.544: Total time for which application threads were stopped: 0.0040410 seconds, Stopping threads took: 0.0021540 seconds
35.626: Application time: 0.0816860 seconds
35.629: [GC [PSYoungGen: 89296K->7872K(97280K)] 93457K->12041K(319488K), 0.0023120 secs] [Times: user=0.02 sys=0.00, real=0.00 secs] 
35.631: Total time for which application threads were stopped: 0.0053440 seconds, Stopping threads took: 0.0029330 seconds
35.711: Application time: 0.0792650 seconds
35.713: [GC [PSYoungGen: 91328K->8080K(97280K)] 95497K->12257K(319488K), 0.0022510 secs] [Times: user=0.02 sys=0.00, real=0.00 secs] 
35.716: Total time for which application threads were stopped: 0.0052060 seconds, Stopping threads took: 0.0028670 seconds
35.796: Application time: 0.0803980 seconds
35.799: [GC [PSYoungGen: 91536K->6208K(97280K)] 95713K->10393K(319488K), 0.0018000 secs] [Times: user=0.00 sys=0.00, real=0.00 secs] 
35.801: Total time for which application threads were stopped: 0.0044620 seconds, Stopping threads took: 0.0025870 seconds
35.878: Application time: 0.0775080 seconds
35.881: [GC [PSYoungGen: 89664K->7088K(97280K)] 93849K->11273K(319488K), 0.0020650 secs] [Times: user=0.01 sys=0.00, real=0.00 secs] 
35.883: Total time for which application threads were stopped: 0.0049800 seconds, Stopping threads took: 0.0028280 seconds
35.964: Application time: 0.0809840 seconds
35.967: [GC [PSYoungGen: 90544K->8032K(97280K)] 94729K->12217K(319488K), 0.0022990 secs] [Times: user=0.02 sys=0.00, real=0.00 secs] 
35.970: Total time for which application threads were stopped: 0.0056270 seconds, Stopping threads took: 0.0032370 seconds
36.049: Application time: 0.0795330 seconds
36.052: [GC [PSYoungGen: 91488K->6336K(97280K)] 95673K->10521K(319488K), 0.0018340 secs] [Times: user=0.02 sys=0.00, real=0.00 secs] 
36.054: Total time for which application threads were stopped: 0.0046410 seconds, Stopping threads took: 0.0027260 seconds
36.138: Application time: 0.0841250 seconds
36.140: [GC [PSYoungGen: 89790K->5792K(97280K)] 93975K->9985K(319488K), 0.0018810 secs] [Times: user=0.01 sys=0.00, real=0.00 secs] 
36.142: Total time for which application threads were stopped: 0.0034870 seconds, Stopping threads took: 0.0015120 seconds
36.222: Application time: 0.0801830 seconds
36.224: [GC [PSYoungGen: 89248K->6192K(97280K)] 93441K->10393K(319488K), 0.0018740 secs] [Times: user=0.01 sys=0.00, real=0.01 secs] 
36.226: Total time for which application threads were stopped: 0.0044410 seconds, Stopping threads took: 0.0024830 seconds
36.309: Application time: 0.0828840 seconds
36.311: [GC [PSYoungGen: 89648K->6944K(97280K)] 93849K->11153K(319488K), 0.0020630 secs] [Times: user=0.02 sys=0.00, real=0.00 secs] 
36.313: Total time for which application threads were stopped: 0.0042200 seconds, Stopping threads took: 0.0020730 seconds
36.394: Application time: 0.0804470 seconds
36.396: [GC [PSYoungGen: 90400K->6608K(97280K)] 94609K->10817K(319488K), 0.0018300 secs] [Times: user=0.01 sys=0.00, real=0.01 secs] 
36.398: Total time for which application threads were stopped: 0.0046360 seconds, Stopping threads took: 0.0027270 seconds
36.480: Application time: 0.0814140 seconds
36.482: [GC [PSYoungGen: 90064K->6544K(97280K)] 94273K->10753K(319488K), 0.0019210 secs] [Times: user=0.01 sys=0.00, real=0.00 secs] 
36.484: Total time for which application threads were stopped: 0.0046330 seconds, Stopping threads took: 0.0026100 seconds
36.564: Application time: 0.0797150 seconds
36.567: [GC [PSYoungGen: 90000K->7392K(97280K)] 94209K->11601K(319488K), 0.0020930 secs] [Times: user=0.01 sys=0.01, real=0.00 secs] 
36.569: Total time for which application threads were stopped: 0.0051990 seconds, Stopping threads took: 0.0030200 seconds
36.646: Application time: 0.0766100 seconds
36.649: [GC [PSYoungGen: 90848K->6736K(97280K)] 95057K->10953K(319488K), 0.0020340 secs] [Times: user=0.01 sys=0.00, real=0.00 secs] 
36.651: Total time for which application threads were stopped: 0.0046770 seconds, Stopping threads took: 0.0025550 seconds
36.728: Application time: 0.0771210 seconds
36.728: [GC [PSYoungGen: 90192K->5840K(97280K)] 94409K->10073K(319488K), 0.0017620 secs] [Times: user=0.01 sys=0.00, real=0.00 secs] 
36.730: Total time for which application threads were stopped: 0.0022790 seconds, Stopping threads took: 0.0004400 seconds
36.808: Application time: 0.0777070 seconds
36.809: [GC [PSYoungGen: 89296K->6320K(97280K)] 93529K->10561K(319488K), 0.0017690 secs] [Times: user=0.01 sys=0.00, real=0.00 secs] 
36.811: Total time for which application threads were stopped: 0.0034670 seconds, Stopping threads took: 0.0016210 seconds
36.883: Application time: 0.0722810 seconds
36.886: [GC [PSYoungGen: 89776K->7360K(97280K)] 94017K->11601K(319488K), 0.0019800 secs] [Times: user=0.01 sys=0.00, real=0.00 secs] 
36.888: Total time for which application threads were stopped: 0.0040850 seconds, Stopping threads took: 0.0020300 seconds
36.967: Application time: 0.0790630 seconds
36.969: [GC [PSYoungGen: 90816K->7440K(97280K)] 95057K->11681K(319488K), 0.0020990 secs] [Times: user=0.01 sys=0.00, real=0.00 secs] 
36.971: Total time for which application threads were stopped: 0.0044480 seconds, Stopping threads took: 0.0022660 seconds
37.044: Application time: 0.0733440 seconds
37.047: [GC [PSYoungGen: 90896K->7904K(97280K)] 95137K->12145K(319488K), 0.0022910 secs] [Times: user=0.02 sys=0.00, real=0.00 secs] 
37.050: Total time for which application threads were stopped: 0.0050830 seconds, Stopping threads took: 0.0027040 seconds
37.124: Application time: 0.0744970 seconds
37.126: [GC [PSYoungGen: 91360K->7520K(97280K)] 95601K->11769K(319488K), 0.0021660 secs] [Times: user=0.02 sys=0.00, real=0.00 secs] 
37.128: Total time for which application threads were stopped: 0.0044530 seconds, Stopping threads took: 0.0022040 seconds
37.202: Application time: 0.0733750 seconds
37.204: [GC [PSYoungGen: 90976K->7328K(97280K)] 95225K->11585K(319488K), 0.0020750 secs] [Times: user=0.01 sys=0.00, real=0.01 secs] 
37.206: Total time for which application threads were stopped: 0.0045660 seconds, Stopping threads took: 0.0024010 seconds
37.285: Application time: 0.0782970 seconds
37.286: [GC [PSYoungGen: 90784K->5456K(97280K)] 95041K->9721K(319488K), 0.0015510 secs] [Times: user=0.01 sys=0.01, real=0.00 secs] 
37.288: Total time for which application threads were stopped: 0.0030050 seconds, Stopping threads took: 0.0013810 seconds
37.361: Application time: 0.0728700 seconds
37.363: [GC [PSYoungGen: 88912K->7632K(97280K)] 93177K->11897K(319488K), 0.0022870 secs] [Times: user=0.01 sys=0.00, real=0.01 secs] 
37.365: Total time for which application threads were stopped: 0.0045690 seconds, Stopping threads took: 0.0021940 seconds
37.443: Application time: 0.0774080 seconds
37.445: [GC [PSYoungGen: 91088K->6096K(97280K)] 95353K->10361K(319488K), 0.0017480 secs] [Times: user=0.01 sys=0.00, real=0.01 secs] 
37.446: Total time for which application threads were stopped: 0.0038490 seconds, Stopping threads took: 0.0020200 seconds
37.523: Application time: 0.0768050 seconds
37.525: [GC [PSYoungGen: 89552K->5872K(97280K)] 93817K->10137K(319488K), 0.0016990 secs] [Times: user=0.01 sys=0.00, real=0.01 secs] 
37.526: Total time for which application threads were stopped: 0.0031060 seconds, Stopping threads took: 0.0013390 seconds
37.601: Application time: 0.0749900 seconds
37.603: [GC [PSYoungGen: 89328K->7088K(97280K)] 93593K->11353K(319488K), 0.0020690 secs] [Times: user=0.01 sys=0.00, real=0.01 secs] 
37.605: Total time for which application threads were stopped: 0.0040890 seconds, Stopping threads took: 0.0019330 seconds
37.680: Application time: 0.0744710 seconds
37.682: [GC [PSYoungGen: 90544K->5824K(97280K)] 94809K->10097K(319488K), 0.0017950 secs] [Times: user=0.01 sys=0.00, real=0.00 secs] 
37.683: Total time for which application threads were stopped: 0.0034260 seconds, Stopping threads took: 0.0015600 seconds
37.759: Application time: 0.0759140 seconds
37.761: [GC [PSYoungGen: 89280K->6576K(97280K)] 93553K->10849K(319488K), 0.0019340 secs] [Times: user=0.02 sys=0.00, real=0.00 secs] 
37.763: Total time for which application threads were stopped: 0.0040970 seconds, Stopping threads took: 0.0020720 seconds
37.837: Application time: 0.0741000 seconds
37.839: [GC [PSYoungGen: 90032K->6032K(97280K)] 94305K->10313K(319488K), 0.0017070 secs] [Times: user=0.01 sys=0.00, real=0.00 secs] 
37.841: Total time for which application threads were stopped: 0.0032440 seconds, Stopping threads took: 0.0014600 seconds
37.918: Application time: 0.0774770 seconds
37.920: [GC [PSYoungGen: 89488K->6528K(97280K)] 93769K->10809K(319488K), 0.0021550 secs] [Times: user=0.01 sys=0.00, real=0.00 secs] 
37.922: Total time for which application threads were stopped: 0.0043150 seconds, Stopping threads took: 0.0020740 seconds
37.995: Application time: 0.0728080 seconds
37.997: [GC [PSYoungGen: 89984K->7568K(97280K)] 94265K->11849K(319488K), 0.0021760 secs] [Times: user=0.01 sys=0.01, real=0.01 secs] 
37.999: Total time for which application threads were stopped: 0.0039100 seconds, Stopping threads took: 0.0016490 seconds
38.072: Application time: 0.0730510 seconds
38.074: [GC [PSYoungGen: 91024K->6928K(97280K)] 95305K->11209K(319488K), 0.0019490 secs] [Times: user=0.01 sys=0.00, real=0.00 secs] 
38.076: Total time for which application threads were stopped: 0.0041140 seconds, Stopping threads took: 0.0020890 seconds
38.150: Application time: 0.0738760 seconds
38.153: [GC [PSYoungGen: 90384K->6864K(97280K)] 94665K->11153K(319488K), 0.0019120 secs] [Times: user=0.02 sys=0.00, real=0.00 secs] 
38.155: Total time for which application threads were stopped: 0.0045660 seconds, Stopping threads took: 0.0025730 seconds
38.236: Application time: 0.0811930 seconds
38.237: [GC [PSYoungGen: 90320K->5648K(97280K)] 94609K->9945K(319488K), 0.0017310 secs] [Times: user=0.01 sys=0.00, real=0.01 secs] 
38.238: Total time for which application threads were stopped: 0.0024270 seconds, Stopping threads took: 0.0006160 seconds
38.313: Application time: 0.0748800 seconds
38.316: [GC [PSYoungGen: 89104K->6912K(97280K)] 93401K->11217K(319488K), 0.0021010 secs] [Times: user=0.02 sys=0.00, real=0.01 secs] 
38.319: Total time for which application threads were stopped: 0.0052170 seconds, Stopping threads took: 0.0030080 seconds
38.394: Application time: 0.0756690 seconds
38.396: [GC [PSYoungGen: 90368K->7392K(97280K)] 94673K->11697K(319488K), 0.0021410 secs] [Times: user=0.02 sys=0.00, real=0.01 secs] 
38.398: Total time for which application threads were stopped: 0.0042610 seconds, Stopping threads took: 0.0020050 seconds
38.474: Application time: 0.0755420 seconds
38.476: [GC [PSYoungGen: 90848K->6640K(97280K)] 95153K->10945K(319488K), 0.0018830 secs] [Times: user=0.01 sys=0.00, real=0.01 secs] 
38.478: Total time for which application threads were stopped: 0.0040630 seconds, Stopping threads took: 0.0021010 seconds
38.555: Application time: 0.0770040 seconds
38.557: [GC [PSYoungGen: 90096K->8048K(97280K)] 94401K->12353K(319488K), 0.0022260 secs] [Times: user=0.02 sys=0.00, real=0.00 secs] 
38.559: Total time for which application threads were stopped: 0.0043020 seconds, Stopping threads took: 0.0019970 seconds
38.634: Application time: 0.0750370 seconds
38.637: [GC [PSYoungGen: 91504K->6624K(97280K)] 95809K->10937K(319488K), 0.0019490 secs] [Times: user=0.02 sys=0.00, real=0.01 secs] 
38.639: Total time for which application threads were stopped: 0.0043800 seconds, Stopping threads took: 0.0023490 seconds
38.716: Application time: 0.0771170 seconds
38.718: [GC [PSYoungGen: 90080K->6432K(97280K)] 94393K->10753K(319488K), 0.0018300 secs] [Times: user=0.01 sys=0.00, real=0.00 secs] 
38.720: Total time for which application threads were stopped: 0.0035850 seconds, Stopping threads took: 0.0016730 seconds
38.793: Application time: 0.0732530 seconds
38.795: [GC [PSYoungGen: 89888K->7952K(97280K)] 94209K->12281K(319488K), 0.0022630 secs] [Times: user=0.02 sys=0.00, real=0.01 secs] 
38.798: Total time for which application threads were stopped: 0.0050090 seconds, Stopping threads took: 0.0026640 seconds
38.873: Application time: 0.0748490 seconds
38.875: [GC [PSYoungGen: 91408K->7248K(97280K)] 95737K->11577K(319488K), 0.0021220 secs] [Times: user=0.02 sys=0.00, real=0.00 secs] 
38.877: Total time for which application threads were stopped: 0.0041440 seconds, Stopping threads took: 0.0019280 seconds
38.949: Application time: 0.0723760 seconds
38.952: [GC [PSYoungGen: 90704K->8256K(97280K)] 95033K->12585K(319488K), 0.0024360 secs] [Times: user=0.01 sys=0.00, real=0.00 secs] 
38.954: Total time for which application threads were stopped: 0.0049790 seconds, Stopping threads took: 0.0024600 seconds
39.031: Application time: 0.0768530 seconds
39.033: [GC [PSYoungGen: 91712K->5744K(97280K)] 96041K->10073K(319488K), 0.0016070 secs] [Times: user=0.01 sys=0.00, real=0.00 secs] 
39.034: Total time for which application threads were stopped: 0.0034250 seconds, Stopping threads took: 0.0017420 seconds
39.107: Application time: 0.0727590 seconds
39.109: [GC [PSYoungGen: 89200K->7296K(97280K)] 93529K->11625K(319488K), 0.0020500 secs] [Times: user=0.02 sys=0.01, real=0.00 secs] 
39.111: Total time for which application threads were stopped: 0.0038980 seconds, Stopping threads took: 0.0017670 seconds
39.188: Application time: 0.0773880 seconds
39.191: [GC [PSYoungGen: 90752K->7008K(97280K)] 95081K->11345K(319488K), 0.0019470 secs] [Times: user=0.02 sys=0.00, real=0.00 secs] 
39.193: Total time for which application threads were stopped: 0.0041940 seconds, Stopping threads took: 0.0021610 seconds
39.268: Application time: 0.0750310 seconds
39.270: [GC [PSYoungGen: 90464K->6384K(97280K)] 94801K->10729K(319488K), 0.0018390 secs] [Times: user=0.02 sys=0.00, real=0.00 secs] 
39.272: Total time for which application threads were stopped: 0.0043110 seconds, Stopping threads took: 0.0023920 seconds
39.350: Application time: 0.0781110 seconds
39.352: [GC [PSYoungGen: 89840K->7616K(97280K)] 94185K->11961K(319488K), 0.0021820 secs] [Times: user=0.02 sys=0.00, real=0.00 secs] 
39.354: Total time for which application threads were stopped: 0.0036850 seconds, Stopping threads took: 0.0014210 seconds
39.425: Application time: 0.0713510 seconds
39.427: [GC [PSYoungGen: 91072K->7952K(97280K)] 95417K->12297K(319488K), 0.0022730 secs] [Times: user=0.02 sys=0.00, real=0.00 secs] 
39.429: Total time for which application threads were stopped: 0.0040680 seconds, Stopping threads took: 0.0017010 seconds
39.502: Application time: 0.0731980 seconds
39.505: [GC [PSYoungGen: 91408K->7808K(97280K)] 95753K->12153K(319488K), 0.0022940 secs] [Times: user=0.02 sys=0.00, real=0.01 secs] 
39.507: Total time for which application threads were stopped: 0.0044990 seconds, Stopping threads took: 0.0021170 seconds
39.587: Application time: 0.0799660 seconds
39.589: [GC [PSYoungGen: 91264K->4512K(97280K)] 95609K->8857K(319488K), 0.0013200 secs] [Times: user=0.01 sys=0.00, real=0.00 secs] 
39.591: Total time for which application threads were stopped: 0.0035640 seconds, Stopping threads took: 0.0021710 seconds
39.669: Application time: 0.0786370 seconds
39.671: [GC [PSYoungGen: 87968K->6000K(97280K)] 92313K->10353K(319488K), 0.0016660 secs] [Times: user=0.01 sys=0.00, real=0.00 secs] 
39.673: Total time for which application threads were stopped: 0.0036360 seconds, Stopping threads took: 0.0019000 seconds
39.748: Application time: 0.0749910 seconds
39.751: [GC [PSYoungGen: 89456K->7744K(97280K)] 93809K->12105K(319488K), 0.0021970 secs] [Times: user=0.02 sys=0.00, real=0.00 secs] 
39.753: Total time for which application threads were stopped: 0.0052700 seconds, Stopping threads took: 0.0029890 seconds
39.826: Application time: 0.0734040 seconds
39.828: [GC [PSYoungGen: 91200K->8416K(97280K)] 95561K->12777K(319488K), 0.0025190 secs] [Times: user=0.02 sys=0.00, real=0.00 secs] 
39.831: Total time for which application threads were stopped: 0.0044890 seconds, Stopping threads took: 0.0018830 seconds
39.906: Application time: 0.0748080 seconds
39.907: [GC [PSYoungGen: 91870K->6208K(97280K)] 96232K->10569K(319488K), 0.0018780 secs] [Times: user=0.01 sys=0.01, real=0.00 secs] 
39.909: Total time for which application threads were stopped: 0.0036480 seconds, Stopping threads took: 0.0016920 seconds
39.986: Application time: 0.0767480 seconds
39.987: [GC [PSYoungGen: 89664K->6688K(97280K)] 94025K->11049K(319488K), 0.0018850 secs] [Times: user=0.01 sys=0.00, real=0.00 secs] 
39.989: Total time for which application threads were stopped: 0.0031460 seconds, Stopping threads took: 0.0011740 seconds
40.062: Application time: 0.0727090 seconds
40.064: [GC [PSYoungGen: 90144K->7344K(97280K)] 94505K->11705K(319488K), 0.0021420 secs] [Times: user=0.02 sys=0.00, real=0.01 secs] 
40.066: Total time for which application threads were stopped: 0.0038060 seconds, Stopping threads took: 0.0015820 seconds
40.144: Application time: 0.0777540 seconds
40.146: [GC [PSYoungGen: 90800K->6736K(97280K)] 95161K->11105K(319488K), 0.0019490 secs] [Times: user=0.01 sys=0.00, real=0.00 secs] 
40.148: Total time for which application threads were stopped: 0.0045060 seconds, Stopping threads took: 0.0024790 seconds
40.221: Application time: 0.0733040 seconds
40.225: [GC [PSYoungGen: 90192K->6880K(97280K)] 94561K->11257K(319488K), 0.0020910 secs] [Times: user=0.01 sys=0.00, real=0.00 secs] 
40.227: Total time for which application threads were stopped: 0.0058970 seconds, Stopping threads took: 0.0037270 seconds
40.304: Application time: 0.0767430 seconds
40.306: [GC [PSYoungGen: 90336K->6816K(97280K)] 94713K->11201K(319488K), 0.0019070 secs] [Times: user=0.01 sys=0.00, real=0.00 secs] 
40.308: Total time for which application threads were stopped: 0.0041010 seconds, Stopping threads took: 0.0021170 seconds
40.381: Application time: 0.0732320 seconds
40.383: [GC [PSYoungGen: 90272K->6464K(97280K)] 94657K->10849K(319488K), 0.0017830 secs] [Times: user=0.01 sys=0.00, real=0.00 secs] 
40.385: Total time for which application threads were stopped: 0.0033930 seconds, Stopping threads took: 0.0015310 seconds
40.458: Application time: 0.0734490 seconds
40.460: [GC [PSYoungGen: 89920K->7584K(97280K)] 94305K->11969K(319488K), 0.0021270 secs] [Times: user=0.01 sys=0.00, real=0.00 secs] 
40.462: Total time for which application threads were stopped: 0.0040860 seconds, Stopping threads took: 0.0018760 seconds
40.536: Application time: 0.0733190 seconds
40.538: [GC [PSYoungGen: 91040K->7712K(97280K)] 95425K->12097K(319488K), 0.0021990 secs] [Times: user=0.02 sys=0.00, real=0.00 secs] 
40.540: Total time for which application threads were stopped: 0.0045810 seconds, Stopping threads took: 0.0022790 seconds
40.618: Application time: 0.0778800 seconds
40.621: [GC [PSYoungGen: 91168K->6464K(97280K)] 95553K->10857K(319488K), 0.0018630 secs] [Times: user=0.01 sys=0.00, real=0.00 secs] 
40.623: Total time for which application threads were stopped: 0.0047850 seconds, Stopping threads took: 0.0028330 seconds
40.700: Application time: 0.0774780 seconds
40.701: [GC [PSYoungGen: 89920K->7104K(97280K)] 94313K->11505K(319488K), 0.0020210 secs] [Times: user=0.01 sys=0.00, real=0.00 secs] 
40.703: Total time for which application threads were stopped: 0.0030830 seconds, Stopping threads took: 0.0009860 seconds
40.787: Application time: 0.0831680 seconds
40.789: [GC [PSYoungGen: 90560K->7632K(97280K)] 94961K->12041K(319488K), 0.0021940 secs] [Times: user=0.01 sys=0.00, real=0.00 secs] 
40.792: Total time for which application threads were stopped: 0.0050620 seconds, Stopping threads took: 0.0027860 seconds
40.870: Application time: 0.0780840 seconds
40.873: [GC [PSYoungGen: 91088K->6160K(97280K)] 95497K->10569K(319488K), 0.0017180 secs] [Times: user=0.01 sys=0.00, real=0.00 secs] 
40.874: Total time for which application threads were stopped: 0.0047280 seconds, Stopping threads took: 0.0029270 seconds
40.957: Application time: 0.0822770 seconds
40.960: [GC [PSYoungGen: 89616K->8464K(97280K)] 94025K->12873K(319488K), 0.0024650 secs] [Times: user=0.01 sys=0.00, real=0.00 secs] 
40.962: Total time for which application threads were stopped: 0.0055870 seconds, Stopping threads took: 0.0030350 seconds
41.041: Application time: 0.0785010 seconds
41.043: [GC [PSYoungGen: 91920K->7616K(97280K)] 96329K->12025K(319488K), 0.0022230 secs] [Times: user=0.02 sys=0.00, real=0.01 secs] 
41.046: Total time for which application threads were stopped: 0.0046920 seconds, Stopping threads took: 0.0023770 seconds
41.124: Application time: 0.0780780 seconds
41.126: [GC [PSYoungGen: 91072K->7072K(97280K)] 95481K->11489K(319488K), 0.0020010 secs] [Times: user=0.02 sys=0.00, real=0.00 secs] 
41.128: Total time for which application threads were stopped: 0.0040020 seconds, Stopping threads took: 0.0019150 seconds
41.205: Application time: 0.0776560 seconds
41.208: [GC [PSYoungGen: 90528K->6544K(97280K)] 94945K->10969K(319488K), 0.0019110 secs] [Times: user=0.01 sys=0.00, real=0.00 secs] 
41.210: Total time for which application threads were stopped: 0.0046740 seconds, Stopping threads took: 0.0026790 seconds
41.288: Application time: 0.0777610 seconds
41.291: [GC [PSYoungGen: 90000K->6544K(97280K)] 94425K->10977K(319488K), 0.0018950 secs] [Times: user=0.01 sys=0.01, real=0.00 secs] 
41.293: Total time for which application threads were stopped: 0.0047620 seconds, Stopping threads took: 0.0027800 seconds
41.369: Application time: 0.0761270 seconds
41.370: [GC [PSYoungGen: 90000K->7520K(97280K)] 94433K->11953K(319488K), 0.0021690 secs] [Times: user=0.01 sys=0.00, real=0.00 secs] 
41.373: Total time for which application threads were stopped: 0.0040320 seconds, Stopping threads took: 0.0017760 seconds
41.452: Application time: 0.0794630 seconds
41.455: [GC [PSYoungGen: 90976K->7904K(97280K)] 95409K->12337K(319488K), 0.0023280 secs] [Times: user=0.02 sys=0.00, real=0.01 secs] 
41.457: Total time for which application threads were stopped: 0.0050150 seconds, Stopping threads took: 0.0025790 seconds
41.537: Application time: 0.0796250 seconds
41.538: [GC [PSYoungGen: 91360K->5040K(97280K)] 95793K->9473K(319488K), 0.0016220 secs] [Times: user=0.01 sys=0.00, real=0.00 secs] 
41.540: Total time for which application threads were stopped: 0.0028020 seconds, Stopping threads took: 0.0011040 seconds
41.621: Application time: 0.0816460 seconds
41.624: [GC [PSYoungGen: 88496K->6960K(97280K)] 92929K->11401K(319488K), 0.0021480 secs] [Times: user=0.01 sys=0.00, real=0.01 secs] 
41.626: Total time for which application threads were stopped: 0.0048610 seconds, Stopping threads took: 0.0026210 seconds
41.706: Application time: 0.0794430 seconds
41.708: [GC [PSYoungGen: 90416K->7376K(97280K)] 94857K->11825K(319488K), 0.0022270 secs] [Times: user=0.02 sys=0.00, real=0.00 secs] 
41.711: Total time for which application threads were stopped: 0.0050770 seconds, Stopping threads took: 0.0027650 seconds
41.791: Application time: 0.0804410 seconds
41.794: [GC [PSYoungGen: 90832K->7136K(97280K)] 95281K->11593K(319488K), 0.0021070 secs] [Times: user=0.02 sys=0.00, real=0.00 secs] 
41.796: Total time for which application threads were stopped: 0.0049290 seconds, Stopping threads took: 0.0027360 seconds
41.874: Application time: 0.0785010 seconds
41.876: [GC [PSYoungGen: 90592K->7568K(97280K)] 95049K->12025K(319488K), 0.0021880 secs] [Times: user=0.02 sys=0.00, real=0.01 secs] 
41.878: Total time for which application threads were stopped: 0.0039040 seconds, Stopping threads took: 0.0016270 seconds
41.960: Application time: 0.0818740 seconds
41.963: [GC [PSYoungGen: 91024K->7872K(97280K)] 95481K->12329K(319488K), 0.0022090 secs] [Times: user=0.01 sys=0.00, real=0.01 secs] 
41.966: Total time for which application threads were stopped: 0.0053030 seconds, Stopping threads took: 0.0030070 seconds
42.043: Application time: 0.0776300 seconds
42.045: [GC [PSYoungGen: 91328K->8144K(97280K)] 95785K->12601K(319488K), 0.0023340 secs] [Times: user=0.02 sys=0.01, real=0.01 secs] 
42.047: Total time for which application threads were stopped: 0.0041240 seconds, Stopping threads took: 0.0016990 seconds
42.132: Application time: 0.0844710 seconds
42.135: [GC [PSYoungGen: 91600K->7648K(97280K)] 96057K->12113K(319488K), 0.0020370 secs] [Times: user=0.02 sys=0.00, real=0.00 secs] 
42.137: Total time for which application threads were stopped: 0.0051710 seconds, Stopping threads took: 0.0030450 seconds
42.217: Application time: 0.0803070 seconds
42.219: [GC [PSYoungGen: 91104K->7760K(97280K)] 95569K->12233K(319488K), 0.0022970 secs] [Times: user=0.02 sys=0.00, real=0.00 secs] 
42.222: Total time for which application threads were stopped: 0.0044720 seconds, Stopping threads took: 0.0020910 seconds
42.300: Application time: 0.0787270 seconds
42.303: [GC [PSYoungGen: 91216K->7024K(97280K)] 95689K->11505K(319488K), 0.0020860 secs] [Times: user=0.01 sys=0.00, real=0.00 secs] 
42.305: Total time for which application threads were stopped: 0.0042900 seconds, Stopping threads took: 0.0021240 seconds
42.382: Application time: 0.0773600 seconds
42.384: [GC [PSYoungGen: 90480K->7408K(97280K)] 94961K->11889K(319488K), 0.0023130 secs] [Times: user=0.02 sys=0.00, real=0.01 secs] 
42.387: Total time for which application threads were stopped: 0.0044150 seconds, Stopping threads took: 0.0020220 seconds
42.467: Application time: 0.0808390 seconds
42.470: [GC [PSYoungGen: 90864K->7456K(97280K)] 95345K->11937K(319488K), 0.0020720 secs] [Times: user=0.01 sys=0.00, real=0.00 secs] 
42.472: Total time for which application threads were stopped: 0.0048850 seconds, Stopping threads took: 0.0027300 seconds
42.550: Application time: 0.0781630 seconds
42.553: [GC [PSYoungGen: 90912K->6192K(97280K)] 95393K->10673K(319488K), 0.0018570 secs] [Times: user=0.01 sys=0.00, real=0.00 secs] 
42.555: Total time for which application threads were stopped: 0.0045390 seconds, Stopping threads took: 0.0025960 seconds
42.633: Application time: 0.0781410 seconds
42.635: [GC [PSYoungGen: 89648K->6864K(97280K)] 94129K->11345K(319488K), 0.0019800 secs] [Times: user=0.01 sys=0.01, real=0.01 secs] 
42.637: Total time for which application threads were stopped: 0.0040060 seconds, Stopping threads took: 0.0019390 seconds
42.720: Application time: 0.0827060 seconds
42.722: [GC [PSYoungGen: 90320K->5072K(97280K)] 94801K->9561K(319488K), 0.0015630 secs] [Times: user=0.01 sys=0.00, real=0.00 secs] 
42.724: Total time for which application threads were stopped: 0.0038330 seconds, Stopping threads took: 0.0021930 seconds
42.805: Application time: 0.0814520 seconds
42.808: [GC [PSYoungGen: 88528K->7792K(97280K)] 93017K->12289K(319488K), 0.0022580 secs] [Times: user=0.02 sys=0.00, real=0.00 secs] 
42.810: Total time for which application threads were stopped: 0.0046790 seconds, Stopping threads took: 0.0023290 seconds
42.888: Application time: 0.0781540 seconds
42.890: [GC [PSYoungGen: 91248K->7184K(97280K)] 95745K->11681K(319488K), 0.0020110 secs] [Times: user=0.01 sys=0.00, real=0.00 secs] 
42.892: Total time for which application threads were stopped: 0.0042540 seconds, Stopping threads took: 0.0021640 seconds
42.974: Application time: 0.0821840 seconds
42.976: [GC [PSYoungGen: 90640K->7296K(97280K)] 95137K->11793K(319488K), 0.0021190 secs] [Times: user=0.01 sys=0.00, real=0.01 secs] 
42.979: Total time for which application threads were stopped: 0.0040670 seconds, Stopping threads took: 0.0018580 seconds
43.058: Application time: 0.0799570 seconds
43.060: [GC [PSYoungGen: 90752K->6064K(97280K)] 95249K->10561K(319488K), 0.0018460 secs] [Times: user=0.01 sys=0.00, real=0.00 secs] 
43.062: Total time for which application threads were stopped: 0.0032890 seconds, Stopping threads took: 0.0013680 seconds
43.146: Application time: 0.0841100 seconds
43.147: [GC [PSYoungGen: 89520K->6320K(97280K)] 94017K->10817K(319488K), 0.0018440 secs] [Times: user=0.01 sys=0.00, real=0.00 secs] 
43.149: Total time for which application threads were stopped: 0.0033950 seconds, Stopping threads took: 0.0014600 seconds
43.232: Application time: 0.0827240 seconds
43.234: [GC [PSYoungGen: 89776K->6976K(97280K)] 94273K->11481K(319488K), 0.0019120 secs] [Times: user=0.01 sys=0.00, real=0.00 secs] 
43.236: Total time for which application threads were stopped: 0.0042420 seconds, Stopping threads took: 0.0022520 seconds
43.325: Application time: 0.0889500 seconds
43.326: [GC [PSYoungGen: 90432K->6528K(97280K)] 94937K->11041K(319488K), 0.0018920 secs] [Times: user=0.02 sys=0.00, real=0.00 secs] 
43.328: Total time for which application threads were stopped: 0.0026610 seconds, Stopping threads took: 0.0006900 seconds
43.409: Application time: 0.0813600 seconds
43.411: [GC [PSYoungGen: 89984K->6896K(97280K)] 94497K->11409K(319488K), 0.0020420 secs] [Times: user=0.02 sys=0.00, real=0.00 secs] 
43.414: Total time for which application threads were stopped: 0.0043310 seconds, Stopping threads took: 0.0022030 seconds
43.493: Application time: 0.0798980 seconds
43.496: [GC [PSYoungGen: 90352K->7024K(97280K)] 94865K->11537K(319488K), 0.0020140 secs] [Times: user=0.01 sys=0.00, real=0.01 secs] 
43.498: Total time for which application threads were stopped: 0.0041310 seconds, Stopping threads took: 0.0020350 seconds
43.578: Application time: 0.0801210 seconds
43.580: [GC [PSYoungGen: 90480K->7040K(97280K)] 94993K->11553K(319488K), 0.0019630 secs] [Times: user=0.01 sys=0.00, real=0.00 secs] 
43.582: Total time for which application threads were stopped: 0.0047550 seconds, Stopping threads took: 0.0027060 seconds
43.664: Application time: 0.0819490 seconds
43.666: [GC [PSYoungGen: 90496K->7088K(97280K)] 95009K->11601K(319488K), 0.0020060 secs] [Times: user=0.01 sys=0.00, real=0.00 secs] 
43.668: Total time for which application threads were stopped: 0.0040120 seconds, Stopping threads took: 0.0019270 seconds
43.750: Application time: 0.0819650 seconds
43.753: [GC [PSYoungGen: 90544K->6720K(97280K)] 95057K->11241K(319488K), 0.0019900 secs] [Times: user=0.02 sys=0.00, real=0.00 secs] 
43.755: Total time for which application threads were stopped: 0.0042510 seconds, Stopping threads took: 0.0021800 seconds
43.833: Application time: 0.0786570 seconds
43.835: [GC [PSYoungGen: 90176K->6464K(97280K)] 94697K->10993K(319488K), 0.0019270 secs] [Times: user=0.01 sys=0.00, real=0.00 secs] 
43.837: Total time for which application threads were stopped: 0.0034510 seconds, Stopping threads took: 0.0014410 seconds
43.919: Application time: 0.0821370 seconds
43.922: [GC [PSYoungGen: 89920K->6704K(97280K)] 94449K->11241K(319488K), 0.0019620 secs] [Times: user=0.01 sys=0.00, real=0.00 secs] 
43.924: Total time for which application threads were stopped: 0.0050940 seconds, Stopping threads took: 0.0030550 seconds
44.003: Application time: 0.0786630 seconds
44.004: [GC [PSYoungGen: 90160K->6544K(97280K)] 94697K->11081K(319488K), 0.0019330 secs] [Times: user=0.02 sys=0.00, real=0.01 secs] 
44.006: Total time for which application threads were stopped: 0.0036990 seconds, Stopping threads took: 0.0016770 seconds
44.087: Application time: 0.0808020 seconds
44.090: [GC [PSYoungGen: 90000K->6896K(97280K)] 94537K->11433K(319488K), 0.0018920 secs] [Times: user=0.01 sys=0.00, real=0.00 secs] 
44.092: Total time for which application threads were stopped: 0.0046530 seconds, Stopping threads took: 0.0026840 seconds
44.171: Application time: 0.0796150 seconds
44.174: [GC [PSYoungGen: 90352K->7104K(97280K)] 94889K->11641K(319488K), 0.0020420 secs] [Times: user=0.01 sys=0.00, real=0.00 secs] 
44.176: Total time for which application threads were stopped: 0.0046840 seconds, Stopping threads took: 0.0025400 seconds
44.255: Application time: 0.0790130 seconds
44.257: [GC [PSYoungGen: 90560K->6704K(97280K)] 95097K->11249K(319488K), 0.0019580 secs] [Times: user=0.02 sys=0.00, real=0.00 secs] 
44.259: Total time for which application threads were stopped: 0.0042890 seconds, Stopping threads took: 0.0022490 seconds
44.339: Application time: 0.0798340 seconds
44.342: [GC [PSYoungGen: 90160K->6752K(97280K)] 94705K->11305K(319488K), 0.0020740 secs] [Times: user=0.01 sys=0.00, real=0.00 secs] 
44.344: Total time for which application threads were stopped: 0.0047890 seconds, Stopping threads took: 0.0026350 seconds
44.421: Application time: 0.0770620 seconds
44.422: [GC [PSYoungGen: 90208K->6656K(97280K)] 94761K->11217K(319488K), 0.0019870 secs] [Times: user=0.01 sys=0.00, real=0.00 secs] 
44.424: Total time for which application threads were stopped: 0.0028750 seconds, Stopping threads took: 0.0008070 seconds
44.505: Application time: 0.0812660 seconds
44.507: [GC [PSYoungGen: 90112K->7936K(97280K)] 94673K->12497K(319488K), 0.0022410 secs] [Times: user=0.02 sys=0.00, real=0.00 secs] 
44.510: Total time for which application threads were stopped: 0.0043960 seconds, Stopping threads took: 0.0020670 seconds
44.589: Application time: 0.0795080 seconds
44.591: [GC [PSYoungGen: 91392K->7824K(97280K)] 95953K->12385K(319488K), 0.0022570 secs] [Times: user=0.02 sys=0.00, real=0.00 secs] 
44.594: Total time for which application threads were stopped: 0.0044090 seconds, Stopping threads took: 0.0020680 seconds
44.669: Application time: 0.0755790 seconds
44.672: [GC [PSYoungGen: 91280K->6528K(97280K)] 95841K->11089K(319488K), 0.0018480 secs] [Times: user=0.00 sys=0.00, real=0.00 secs] 
44.673: Total time for which application threads were stopped: 0.0043010 seconds, Stopping threads took: 0.0023780 seconds
44.752: Application time: 0.0790090 seconds
44.754: [GC [PSYoungGen: 89984K->6032K(97280K)] 94545K->10593K(319488K), 0.0016940 secs] [Times: user=0.01 sys=0.00, real=0.00 secs] 
44.756: Total time for which application threads were stopped: 0.0030680 seconds, Stopping threads took: 0.0012910 seconds
44.833: Application time: 0.0772380 seconds
44.834: [GC [PSYoungGen: 89488K->5728K(97280K)] 94049K->10297K(319488K), 0.0016210 secs] [Times: user=0.01 sys=0.00, real=0.00 secs] 
44.836: Total time for which application threads were stopped: 0.0030700 seconds, Stopping threads took: 0.0013740 seconds
44.907: Application time: 0.0714190 seconds
44.909: [GC [PSYoungGen: 89184K->7472K(97280K)] 93753K->12049K(319488K), 0.0021390 secs] [Times: user=0.02 sys=0.00, real=0.00 secs] 
44.911: Total time for which application threads were stopped: 0.0041250 seconds, Stopping threads took: 0.0019040 seconds
44.985: Application time: 0.0736950 seconds
44.987: [GC [PSYoungGen: 90928K->8112K(97280K)] 95505K->12689K(319488K), 0.0022800 secs] [Times: user=0.01 sys=0.00, real=0.00 secs] 
44.989: Total time for which application threads were stopped: 0.0043690 seconds, Stopping threads took: 0.0020060 seconds
45.062: Application time: 0.0729340 seconds
45.064: [GC [PSYoungGen: 91568K->7184K(97280K)] 96145K->11761K(319488K), 0.0020400 secs] [Times: user=0.02 sys=0.00, real=0.01 secs] 
45.066: Total time for which application threads were stopped: 0.0040400 seconds, Stopping threads took: 0.0019170 seconds
45.140: Application time: 0.0735310 seconds
45.141: [GC [PSYoungGen: 90640K->7408K(97280K)] 95217K->11985K(319488K), 0.0021760 secs] [Times: user=0.01 sys=0.00, real=0.00 secs] 
45.144: Total time for which application threads were stopped: 0.0035920 seconds, Stopping threads took: 0.0013330 seconds
45.216: Application time: 0.0728820 seconds
45.218: [GC [PSYoungGen: 90864K->7584K(97280K)] 95441K->12161K(319488K), 0.0024090 secs] [Times: user=0.01 sys=0.00, real=0.00 secs] 
45.221: Total time for which application threads were stopped: 0.0041820 seconds, Stopping threads took: 0.0016670 seconds
45.297: Application time: 0.0765440 seconds
45.300: [GC [PSYoungGen: 91040K->7792K(97280K)] 95617K->12377K(319488K), 0.0020940 secs] [Times: user=0.02 sys=0.00, real=0.00 secs] 
45.302: Total time for which application threads were stopped: 0.0049220 seconds, Stopping threads took: 0.0027420 seconds
45.379: Application time: 0.0766210 seconds
45.382: [GC [PSYoungGen: 91248K->7104K(97280K)] 95833K->11697K(319488K), 0.0019780 secs] [Times: user=0.01 sys=0.00, real=0.00 secs] 
45.384: Total time for which application threads were stopped: 0.0051470 seconds, Stopping threads took: 0.0030700 seconds
45.463: Application time: 0.0794340 seconds
45.465: [GC [PSYoungGen: 90560K->6272K(97280K)] 95153K->10865K(319488K), 0.0018740 secs] [Times: user=0.01 sys=0.01, real=0.00 secs] 
45.467: Total time for which application threads were stopped: 0.0040240 seconds, Stopping threads took: 0.0020680 seconds
45.543: Application time: 0.0756970 seconds
45.546: [GC [PSYoungGen: 89728K->7616K(97280K)] 94321K->12209K(319488K), 0.0022280 secs] [Times: user=0.01 sys=0.00, real=0.00 secs] 
45.548: Total time for which application threads were stopped: 0.0047800 seconds, Stopping threads took: 0.0024490 seconds
45.624: Application time: 0.0759880 seconds
45.626: [GC [PSYoungGen: 91072K->6816K(97280K)] 95665K->11409K(319488K), 0.0018210 secs] [Times: user=0.01 sys=0.00, real=0.00 secs] 
45.628: Total time for which application threads were stopped: 0.0037380 seconds, Stopping threads took: 0.0018400 seconds
45.700: Application time: 0.0724530 seconds
45.703: [GC [PSYoungGen: 90272K->6544K(97280K)] 94865K->11137K(319488K), 0.0020460 secs] [Times: user=0.01 sys=0.00, real=0.00 secs] 
45.705: Total time for which application threads were stopped: 0.0046050 seconds, Stopping threads took: 0.0024720 seconds
45.781: Application time: 0.0764170 seconds
45.784: [GC [PSYoungGen: 90000K->7488K(97280K)] 94593K->12089K(319488K), 0.0023080 secs] [Times: user=0.01 sys=0.00, real=0.01 secs] 
45.786: Total time for which application threads were stopped: 0.0049280 seconds, Stopping threads took: 0.0025310 seconds
45.861: Application time: 0.0746470 seconds
45.862: [GC [PSYoungGen: 90944K->7872K(97280K)] 95545K->12481K(319488K), 0.0022010 secs] [Times: user=0.01 sys=0.00, real=0.00 secs] 
45.865: Total time for which application threads were stopped: 0.0040580 seconds, Stopping threads took: 0.0017680 seconds
45.943: Application time: 0.0783520 seconds
45.945: [GC [PSYoungGen: 91328K->7664K(97280K)] 95937K->12281K(319488K), 0.0022260 secs] [Times: user=0.01 sys=0.00, real=0.00 secs] 
45.948: Total time for which application threads were stopped: 0.0046890 seconds, Stopping threads took: 0.0023800 seconds
46.019: Application time: 0.0714150 seconds
46.021: [GC [PSYoungGen: 91120K->7584K(97280K)] 95737K->12201K(319488K), 0.0022160 secs] [Times: user=0.02 sys=0.00, real=0.00 secs] 
46.024: Total time for which application threads were stopped: 0.0045060 seconds, Stopping threads took: 0.0022040 seconds
46.098: Application time: 0.0747350 seconds
46.101: [GC [PSYoungGen: 91040K->7152K(97280K)] 95657K->11769K(319488K), 0.0020610 secs] [Times: user=0.02 sys=0.00, real=0.00 secs] 
46.103: Total time for which application threads were stopped: 0.0042930 seconds, Stopping threads took: 0.0021530 seconds
46.178: Application time: 0.0757540 seconds
46.181: [GC [PSYoungGen: 90608K->6528K(97280K)] 95225K->11145K(319488K), 0.0018410 secs] [Times: user=0.01 sys=0.00, real=0.00 secs] 
46.183: Total time for which application threads were stopped: 0.0041600 seconds, Stopping threads took: 0.0022270 seconds
46.257: Application time: 0.0739280 seconds
46.259: [GC [PSYoungGen: 89984K->6192K(97280K)] 94601K->10817K(319488K), 0.0018200 secs] [Times: user=0.02 sys=0.00, real=0.00 secs] 
46.261: Total time for which application threads were stopped: 0.0042480 seconds, Stopping threads took: 0.0023510 seconds
46.335: Application time: 0.0746310 seconds
46.338: [GC [PSYoungGen: 89648K->6752K(97280K)] 94273K->11393K(319488K), 0.0019190 secs] [Times: user=0.01 sys=0.00, real=0.00 secs] 
46.340: Total time for which application threads were stopped: 0.0043310 seconds, Stopping threads took: 0.0023310 seconds
46.417: Application time: 0.0774380 seconds
46.419: [GC [PSYoungGen: 90208K->6256K(97280K)] 94849K->10905K(319488K), 0.0017790 secs] [Times: user=0.01 sys=0.00, real=0.00 secs] 
46.421: Total time for which application threads were stopped: 0.0037940 seconds, Stopping threads took: 0.0019280 seconds
46.500: Application time: 0.0790360 seconds
46.503: [GC [PSYoungGen: 89712K->5840K(97280K)] 94361K->10489K(319488K), 0.0016140 secs] [Times: user=0.01 sys=0.00, real=0.00 secs] 
46.504: Total time for which application threads were stopped: 0.0041390 seconds, Stopping threads took: 0.0024490 seconds
46.583: Application time: 0.0787990 seconds
46.585: [GC [PSYoungGen: 89296K->7440K(97280K)] 93945K->12089K(319488K), 0.0020420 secs] [Times: user=0.01 sys=0.00, real=0.01 secs] 
46.587: Total time for which application threads were stopped: 0.0041250 seconds, Stopping threads took: 0.0019960 seconds
46.661: Application time: 0.0739750 seconds
46.663: [GC [PSYoungGen: 90896K->6784K(97280K)] 95545K->11433K(319488K), 0.0019570 secs] [Times: user=0.01 sys=0.00, real=0.01 secs] 
46.665: Total time for which application threads were stopped: 0.0040860 seconds, Stopping threads took: 0.0020380 seconds
46.739: Application time: 0.0739880 seconds
46.742: [GC [PSYoungGen: 90240K->8160K(97280K)] 94889K->12809K(319488K), 0.0023420 secs] [Times: user=0.02 sys=0.00, real=0.00 secs] 
46.744: Total time for which application threads were stopped: 0.0047770 seconds, Stopping threads took: 0.0023470 seconds
46.817: Application time: 0.0734920 seconds
46.819: [GC [PSYoungGen: 91616K->6784K(97280K)] 96265K->11441K(319488K), 0.0019340 secs] [Times: user=0.01 sys=0.00, real=0.00 secs] 
46.821: Total time for which application threads were stopped: 0.0040100 seconds, Stopping threads took: 0.0019950 seconds
46.897: Application time: 0.0750760 seconds
46.899: [GC [PSYoungGen: 90240K->6880K(97280K)] 94897K->11545K(319488K), 0.0020040 secs] [Times: user=0.01 sys=0.00, real=0.00 secs] 
46.901: Total time for which application threads were stopped: 0.0046210 seconds, Stopping threads took: 0.0025330 seconds
46.975: Application time: 0.0734280 seconds
46.977: [GC [PSYoungGen: 90336K->6768K(97280K)] 95001K->11433K(319488K), 0.0019230 secs] [Times: user=0.02 sys=0.00, real=0.01 secs] 
46.979: Total time for which application threads were stopped: 0.0039180 seconds, Stopping threads took: 0.0018980 seconds
47.054: Application time: 0.0756100 seconds
47.056: [GC [PSYoungGen: 90224K->7424K(97280K)] 94889K->12089K(319488K), 0.0020870 secs] [Times: user=0.01 sys=0.00, real=0.01 secs] 
47.058: Total time for which application threads were stopped: 0.0041930 seconds, Stopping threads took: 0.0020190 seconds
47.131: Application time: 0.0730620 seconds
47.133: [GC [PSYoungGen: 90880K->8448K(97280K)] 95545K->13113K(319488K), 0.0024840 secs] [Times: user=0.02 sys=0.00, real=0.00 secs] 
47.135: Total time for which application threads were stopped: 0.0040220 seconds, Stopping threads took: 0.0014480 seconds
47.212: Application time: 0.0768010 seconds
47.214: [GC [PSYoungGen: 91904K->6752K(97280K)] 96569K->11417K(319488K), 0.0019140 secs] [Times: user=0.01 sys=0.00, real=0.00 secs] 
47.216: Total time for which application threads were stopped: 0.0041160 seconds, Stopping threads took: 0.0021280 seconds
47.293: Application time: 0.0763070 seconds
47.295: [GC [PSYoungGen: 90208K->8288K(97280K)] 94873K->12961K(319488K), 0.0023040 secs] [Times: user=0.02 sys=0.00, real=0.01 secs] 
47.297: Total time for which application threads were stopped: 0.0046470 seconds, Stopping threads took: 0.0022420 seconds
47.377: Application time: 0.0797630 seconds
47.379: [GC [PSYoungGen: 91744K->6608K(97280K)] 96417K->11297K(319488K), 0.0018800 secs] [Times: user=0.02 sys=0.00, real=0.00 secs] 
47.381: Total time for which application threads were stopped: 0.0040420 seconds, Stopping threads took: 0.0020720 seconds
47.461: Application time: 0.0798420 seconds
47.463: [GC [PSYoungGen: 90064K->6240K(97280K)] 94753K->10929K(319488K), 0.0017870 secs] [Times: user=0.02 sys=0.00, real=0.01 secs] 
47.465: Total time for which application threads were stopped: 0.0043330 seconds, Stopping threads took: 0.0024770 seconds
47.540: Application time: 0.0746620 seconds
47.542: [GC [PSYoungGen: 89696K->7664K(97280K)] 94385K->12353K(319488K), 0.0021800 secs] [Times: user=0.02 sys=0.00, real=0.00 secs] 
47.544: Total time for which application threads were stopped: 0.0043080 seconds, Stopping threads took: 0.0020340 seconds
47.617: Application time: 0.0725630 seconds
47.619: [GC [PSYoungGen: 91120K->7600K(97280K)] 95809K->12289K(319488K), 0.0023290 secs] [Times: user=0.00 sys=0.00, real=0.00 secs] 
47.621: Total time for which application threads were stopped: 0.0044500 seconds, Stopping threads took: 0.0020330 seconds
47.697: Application time: 0.0755090 seconds
47.698: [GC [PSYoungGen: 91056K->6400K(97280K)] 95745K->11089K(319488K), 0.0019100 secs] [Times: user=0.01 sys=0.00, real=0.00 secs] 
47.700: Total time for which application threads were stopped: 0.0029030 seconds, Stopping threads took: 0.0009170 seconds
47.774: Application time: 0.0745120 seconds
47.776: [GC [PSYoungGen: 89856K->6560K(97280K)] 94545K->11257K(319488K), 0.0017750 secs] [Times: user=0.01 sys=0.00, real=0.01 secs] 
47.778: Total time for which application threads were stopped: 0.0038330 seconds, Stopping threads took: 0.0019860 seconds
47.857: Application time: 0.0788240 seconds
47.859: [GC [PSYoungGen: 90016K->6208K(97280K)] 94713K->10913K(319488K), 0.0017580 secs] [Times: user=0.01 sys=0.00, real=0.00 secs] 
47.861: Total time for which application threads were stopped: 0.0039340 seconds, Stopping threads took: 0.0021030 seconds
47.939: Application time: 0.0777860 seconds
47.941: [GC [PSYoungGen: 89664K->7360K(97280K)] 94369K->12065K(319488K), 0.0020920 secs] [Times: user=0.02 sys=0.00, real=0.00 secs] 
47.943: Total time for which application threads were stopped: 0.0042790 seconds, Stopping threads took: 0.0021030 seconds
48.020: Application time: 0.0772820 seconds
48.022: [GC [PSYoungGen: 90816K->6800K(97280K)] 95521K->11505K(319488K), 0.0020260 secs] [Times: user=0.02 sys=0.00, real=0.00 secs] 
48.024: Total time for which application threads were stopped: 0.0043550 seconds, Stopping threads took: 0.0022490 seconds
48.098: Application time: 0.0735190 seconds
48.100: [GC [PSYoungGen: 90256K->7072K(97280K)] 94961K->11777K(319488K), 0.0019990 secs] [Times: user=0.01 sys=0.00, real=0.00 secs] 
48.102: Total time for which application threads were stopped: 0.0041850 seconds, Stopping threads took: 0.0020950 seconds
48.178: Application time: 0.0753890 seconds
48.180: [GC [PSYoungGen: 90528K->7248K(97280K)] 95233K->11953K(319488K), 0.0021610 secs] [Times: user=0.01 sys=0.00, real=0.00 secs] 
48.182: Total time for which application threads were stopped: 0.0046190 seconds, Stopping threads took: 0.0023680 seconds
48.256: Application time: 0.0740890 seconds
48.259: [GC [PSYoungGen: 90704K->8080K(97280K)] 95409K->12793K(319488K), 0.0023900 secs] [Times: user=0.01 sys=0.00, real=0.00 secs] 
48.261: Total time for which application threads were stopped: 0.0049420 seconds, Stopping threads took: 0.0024660 seconds
48.339: Application time: 0.0772760 seconds
48.341: [GC [PSYoungGen: 91536K->6912K(97280K)] 96249K->11633K(319488K), 0.0020510 secs] [Times: user=0.01 sys=0.00, real=0.00 secs] 
48.343: Total time for which application threads were stopped: 0.0043160 seconds, Stopping threads took: 0.0021820 seconds
48.419: Application time: 0.0757100 seconds
48.421: [GC [PSYoungGen: 90368K->8448K(97280K)] 95089K->13177K(319488K), 0.0024950 secs] [Times: user=0.01 sys=0.00, real=0.00 secs] 
48.423: Total time for which application threads were stopped: 0.0046900 seconds, Stopping threads took: 0.0021090 seconds
48.496: Application time: 0.0728180 seconds
48.499: [GC [PSYoungGen: 91904K->7040K(97280K)] 96633K->11769K(319488K), 0.0019970 secs] [Times: user=0.02 sys=0.00, real=0.00 secs] 
48.501: Total time for which application threads were stopped: 0.0046760 seconds, Stopping threads took: 0.0025990 seconds
48.574: Application time: 0.0731700 seconds
48.576: [GC [PSYoungGen: 90496K->7120K(97280K)] 95225K->11849K(319488K), 0.0020720 secs] [Times: user=0.01 sys=0.00, real=0.01 secs] 
48.579: Total time for which application threads were stopped: 0.0046620 seconds, Stopping threads took: 0.0025070 seconds
48.654: Application time: 0.0751240 seconds
48.656: [GC [PSYoungGen: 90576K->6528K(97280K)] 95305K->11257K(319488K), 0.0018260 secs] [Times: user=0.02 sys=0.00, real=0.01 secs] 
48.658: Total time for which application threads were stopped: 0.0040490 seconds, Stopping threads took: 0.0021310 seconds
48.734: Application time: 0.0761160 seconds
48.735: [GC [PSYoungGen: 89984K->7296K(97280K)] 94713K->12025K(319488K), 0.0021390 secs] [Times: user=0.01 sys=0.00, real=0.01 secs] 
48.738: Total time for which application threads were stopped: 0.0036940 seconds, Stopping threads took: 0.0014670 seconds
48.814: Application time: 0.0762080 seconds
48.816: [GC [PSYoungGen: 90752K->7504K(97280K)] 95481K->12241K(319488K), 0.0022300 secs] [Times: user=0.02 sys=0.00, real=0.01 secs] 
48.819: Total time for which application threads were stopped: 0.0049500 seconds, Stopping threads took: 0.0026390 seconds
48.898: Application time: 0.0797430 seconds
48.899: [GC [PSYoungGen: 90960K->4896K(97280K)] 95697K->9641K(319488K), 0.0014580 secs] [Times: user=0.01 sys=0.00, real=0.00 secs] 
48.901: Total time for which application threads were stopped: 0.0020880 seconds, Stopping threads took: 0.0005590 seconds
48.975: Application time: 0.0744360 seconds
48.978: [GC [PSYoungGen: 88352K->7744K(97280K)] 93097K->12489K(319488K), 0.0022160 secs] [Times: user=0.01 sys=0.00, real=0.00 secs] 
48.980: Total time for which application threads were stopped: 0.0051910 seconds, Stopping threads took: 0.0028940 seconds
49.054: Application time: 0.0742930 seconds
49.058: [GC [PSYoungGen: 91200K->7424K(97280K)] 95945K->12169K(319488K), 0.0020020 secs] [Times: user=0.02 sys=0.00, real=0.00 secs] 
49.060: Total time for which application threads were stopped: 0.0051090 seconds, Stopping threads took: 0.0030330 seconds
49.138: Application time: 0.0785200 seconds
49.141: [GC [PSYoungGen: 90880K->7392K(97280K)] 95625K->12137K(319488K), 0.0021020 secs] [Times: user=0.02 sys=0.00, real=0.00 secs] 
49.143: Total time for which application threads were stopped: 0.0048980 seconds, Stopping threads took: 0.0027100 seconds
49.217: Application time: 0.0739530 seconds
49.219: [GC [PSYoungGen: 90848K->7536K(97280K)] 95593K->12281K(319488K), 0.0020990 secs] [Times: user=0.02 sys=0.00, real=0.00 secs] 
49.222: Total time for which application threads were stopped: 0.0045240 seconds, Stopping threads took: 0.0023330 seconds
49.295: Application time: 0.0730130 seconds
49.297: [GC [PSYoungGen: 90992K->8016K(97280K)] 95737K->12769K(319488K), 0.0023270 secs] [Times: user=0.02 sys=0.00, real=0.00 secs] 
49.300: Total time for which application threads were stopped: 0.0052780 seconds, Stopping threads took: 0.0028670 seconds
49.371: Application time: 0.0713190 seconds
49.374: [GC [PSYoungGen: 91472K->7536K(97280K)] 96225K->12297K(319488K), 0.0022170 secs] [Times: user=0.01 sys=0.00, real=0.00 secs] 
49.376: Total time for which application threads were stopped: 0.0048240 seconds, Stopping threads took: 0.0025240 seconds
49.452: Application time: 0.0760850 seconds
49.454: [GC [PSYoungGen: 90992K->7376K(97280K)] 95753K->12137K(319488K), 0.0021200 secs] [Times: user=0.01 sys=0.00, real=0.00 secs] 
49.456: Total time for which application threads were stopped: 0.0043540 seconds, Stopping threads took: 0.0021450 seconds
49.528: Application time: 0.0718640 seconds
49.531: [GC [PSYoungGen: 90832K->7600K(97280K)] 95593K->12361K(319488K), 0.0024430 secs] [Times: user=0.02 sys=0.00, real=0.00 secs] 
49.533: Total time for which application threads were stopped: 0.0049420 seconds, Stopping threads took: 0.0024020 seconds
49.615: Application time: 0.0822720 seconds
49.618: [GC [PSYoungGen: 91056K->6288K(97280K)] 95817K->11049K(319488K), 0.0018170 secs] [Times: user=0.01 sys=0.00, real=0.00 secs] 
49.619: Total time for which application threads were stopped: 0.0039810 seconds, Stopping threads took: 0.0020730 seconds
49.700: Application time: 0.0805040 seconds
49.702: [GC [PSYoungGen: 89744K->3120K(97280K)] 94505K->7881K(319488K), 0.0010260 secs] [Times: user=0.00 sys=0.00, real=0.00 secs] 
49.703: Total time for which application threads were stopped: 0.0034600 seconds, Stopping threads took: 0.0023610 seconds
49.782: Application time: 0.0783200 seconds
49.784: [GC [PSYoungGen: 86576K->4736K(97280K)] 91337K->9505K(319488K), 0.0013530 secs] [Times: user=0.00 sys=0.00, real=0.00 secs] 
49.785: Total time for which application threads were stopped: 0.0032860 seconds, Stopping threads took: 0.0018550 seconds
49.861: Application time: 0.0758380 seconds
49.863: [GC [PSYoungGen: 88192K->4896K(97280K)] 92961K->9673K(319488K), 0.0014220 secs] [Times: user=0.01 sys=0.00, real=0.00 secs] 
49.864: Total time for which application threads were stopped: 0.0033690 seconds, Stopping threads took: 0.0018760 seconds
49.940: Application time: 0.0758130 seconds
49.942: [GC [PSYoungGen: 88352K->6256K(97280K)] 93129K->11033K(319488K), 0.0017880 secs] [Times: user=0.02 sys=0.00, real=0.00 secs] 
49.944: Total time for which application threads were stopped: 0.0035950 seconds, Stopping threads took: 0.0017280 seconds
50.020: Application time: 0.0761320 seconds
50.023: [GC [PSYoungGen: 89712K->6560K(97280K)] 94489K->11337K(319488K), 0.0017560 secs] [Times: user=0.01 sys=0.00, real=0.00 secs] 
50.024: Total time for which application threads were stopped: 0.0046120 seconds, Stopping threads took: 0.0027830 seconds
50.101: Application time: 0.0767710 seconds
50.103: [GC [PSYoungGen: 90016K->7200K(97280K)] 94793K->11977K(319488K), 0.0020030 secs] [Times: user=0.02 sys=0.00, real=0.01 secs] 
50.105: Total time for which application threads were stopped: 0.0042920 seconds, Stopping threads took: 0.0022040 seconds
50.182: Application time: 0.0764770 seconds
50.184: [GC [PSYoungGen: 90656K->6032K(97280K)] 95433K->10809K(319488K), 0.0017480 secs] [Times: user=0.01 sys=0.00, real=0.01 secs] 
50.186: Total time for which application threads were stopped: 0.0041320 seconds, Stopping threads took: 0.0023040 seconds
50.263: Application time: 0.0772430 seconds
50.266: [GC [PSYoungGen: 89488K->7552K(97280K)] 94265K->12337K(319488K), 0.0021600 secs] [Times: user=0.01 sys=0.00, real=0.00 secs] 
50.268: Total time for which application threads were stopped: 0.0045560 seconds, Stopping threads took: 0.0023170 seconds
50.342: Application time: 0.0744950 seconds
50.345: [GC [PSYoungGen: 91008K->6304K(97280K)] 95793K->11105K(319488K), 0.0018270 secs] [Times: user=0.02 sys=0.00, real=0.01 secs] 
50.346: Total time for which application threads were stopped: 0.0039770 seconds, Stopping threads took: 0.0020610 seconds
50.418: Application time: 0.0720660 seconds
50.420: [GC [PSYoungGen: 89760K->7696K(97280K)] 94561K->12505K(319488K), 0.0022590 secs] [Times: user=0.01 sys=0.00, real=0.00 secs] 
50.423: Total time for which application threads were stopped: 0.0042280 seconds, Stopping threads took: 0.0018820 seconds
50.500: Application time: 0.0769580 seconds
50.502: [GC [PSYoungGen: 91152K->7264K(97280K)] 95961K->12073K(319488K), 0.0019930 secs] [Times: user=0.02 sys=0.00, real=0.00 secs] 
50.504: Total time for which application threads were stopped: 0.0041250 seconds, Stopping threads took: 0.0020570 seconds
50.583: Application time: 0.0790840 seconds
50.585: [GC [PSYoungGen: 90720K->6560K(97280K)] 95529K->11369K(319488K), 0.0018950 secs] [Times: user=0.01 sys=0.00, real=0.01 secs] 
50.587: Total time for which application threads were stopped: 0.0038240 seconds, Stopping threads took: 0.0018490 seconds
50.665: Application time: 0.0779530 seconds
50.666: [GC [PSYoungGen: 90016K->3872K(97280K)] 94825K->8681K(319488K), 0.0014070 secs] [Times: user=0.01 sys=0.00, real=0.00 secs] 
50.668: Total time for which application threads were stopped: 0.0032170 seconds, Stopping threads took: 0.0017150 seconds
50.748: Application time: 0.0803690 seconds
50.751: [GC [PSYoungGen: 87328K->5152K(97280K)] 92137K->9969K(319488K), 0.0014900 secs] [Times: user=0.01 sys=0.00, real=0.00 secs] 
50.753: Total time for which application threads were stopped: 0.0047000 seconds, Stopping threads took: 0.0031360 seconds
50.828: Application time: 0.0746600 seconds
50.830: [GC [PSYoungGen: 88608K->7808K(97280K)] 93425K->12633K(319488K), 0.0021270 secs] [Times: user=0.01 sys=0.00, real=0.00 secs] 
50.832: Total time for which application threads were stopped: 0.0048800 seconds, Stopping threads took: 0.0026540 seconds
50.911: Application time: 0.0786170 seconds
50.913: [GC [PSYoungGen: 91264K->7648K(97280K)] 96089K->12481K(319488K), 0.0022230 secs] [Times: user=0.01 sys=0.00, real=0.00 secs] 
50.915: Total time for which application threads were stopped: 0.0040490 seconds, Stopping threads took: 0.0017300 seconds
50.987: Application time: 0.0722620 seconds
50.989: [GC [PSYoungGen: 91104K->6112K(97280K)] 95937K->10945K(319488K), 0.0017280 secs] [Times: user=0.01 sys=0.00, real=0.00 secs] 
50.991: Total time for which application threads were stopped: 0.0033060 seconds, Stopping threads took: 0.0015040 seconds
51.069: Application time: 0.0785170 seconds
51.072: [GC [PSYoungGen: 89568K->7120K(97280K)] 94401K->11953K(319488K), 0.0020200 secs] [Times: user=0.01 sys=0.00, real=0.00 secs] 
51.074: Total time for which application threads were stopped: 0.0044730 seconds, Stopping threads took: 0.0023690 seconds
51.147: Application time: 0.0735420 seconds
51.149: [GC [PSYoungGen: 90576K->7024K(97280K)] 95409K->11857K(319488K), 0.0019660 secs] [Times: user=0.01 sys=0.00, real=0.00 secs] 
51.151: Total time for which application threads were stopped: 0.0038210 seconds, Stopping threads took: 0.0017610 seconds
51.226: Application time: 0.0753550 seconds
51.229: [GC [PSYoungGen: 90480K->7392K(97280K)] 95313K->12241K(319488K), 0.0021210 secs] [Times: user=0.02 sys=0.00, real=0.00 secs] 
51.231: Total time for which application threads were stopped: 0.0043670 seconds, Stopping threads took: 0.0021600 seconds
51.305: Application time: 0.0739120 seconds
51.307: [GC [PSYoungGen: 90848K->6640K(97280K)] 95697K->11497K(319488K), 0.0019210 secs] [Times: user=0.01 sys=0.00, real=0.00 secs] 
51.309: Total time for which application threads were stopped: 0.0039400 seconds, Stopping threads took: 0.0019390 seconds
51.381: Application time: 0.0720390 seconds
51.383: [GC [PSYoungGen: 90096K->7632K(97280K)] 94953K->12497K(319488K), 0.0022020 secs] [Times: user=0.02 sys=0.00, real=0.01 secs] 
51.385: Total time for which application threads were stopped: 0.0045980 seconds, Stopping threads took: 0.0023150 seconds
51.466: Application time: 0.0807870 seconds
51.468: [GC [PSYoungGen: 91088K->6704K(97280K)] 95953K->11569K(319488K), 0.0018870 secs] [Times: user=0.01 sys=0.00, real=0.00 secs] 
51.470: Total time for which application threads were stopped: 0.0037150 seconds, Stopping threads took: 0.0017510 seconds
51.548: Application time: 0.0783450 seconds
51.551: [GC [PSYoungGen: 90160K->4960K(97280K)] 95025K->9825K(319488K), 0.0015030 secs] [Times: user=0.01 sys=0.00, real=0.00 secs] 
51.552: Total time for which application threads were stopped: 0.0039700 seconds, Stopping threads took: 0.0023940 seconds
51.625: Application time: 0.0724090 seconds
51.627: [GC [PSYoungGen: 88416K->7952K(97280K)] 93281K->12817K(319488K), 0.0023840 secs] [Times: user=0.02 sys=0.00, real=0.00 secs] 
51.629: Total time for which application threads were stopped: 0.0044020 seconds, Stopping threads took: 0.0019220 seconds
51.704: Application time: 0.0750480 seconds
51.706: [GC [PSYoungGen: 91408K->7344K(97280K)] 96273K->12209K(319488K), 0.0022380 secs] [Times: user=0.01 sys=0.00, real=0.00 secs] 
51.708: Total time for which application threads were stopped: 0.0042980 seconds, Stopping threads took: 0.0019770 seconds
51.782: Application time: 0.0739330 seconds
51.785: [GC [PSYoungGen: 90800K->7968K(97280K)] 95665K->12841K(319488K), 0.0022740 secs] [Times: user=0.01 sys=0.00, real=0.01 secs] 
51.787: Total time for which application threads were stopped: 0.0047250 seconds, Stopping threads took: 0.0023710 seconds
51.861: Application time: 0.0744660 seconds
51.864: [GC [PSYoungGen: 91424K->7456K(97280K)] 96297K->12337K(319488K), 0.0024630 secs] [Times: user=0.02 sys=0.00, real=0.01 secs] 
51.867: Total time for which application threads were stopped: 0.0051200 seconds, Stopping threads took: 0.0025760 seconds
51.943: Application time: 0.0765930 seconds
51.946: [GC [PSYoungGen: 90912K->7168K(97280K)] 95793K->12049K(319488K), 0.0021110 secs] [Times: user=0.01 sys=0.00, real=0.00 secs] 
51.948: Total time for which application threads were stopped: 0.0050570 seconds, Stopping threads took: 0.0028630 seconds
52.025: Application time: 0.0769290 seconds
52.027: [GC [PSYoungGen: 90624K->6512K(97280K)] 95505K->11393K(319488K), 0.0018750 secs] [Times: user=0.01 sys=0.00, real=0.00 secs] 
52.029: Total time for which application threads were stopped: 0.0039910 seconds, Stopping threads took: 0.0020250 seconds
52.108: Application time: 0.0786460 seconds
52.109: [GC [PSYoungGen: 89968K->5904K(97280K)] 94849K->10785K(319488K), 0.0016920 secs] [Times: user=0.01 sys=0.00, real=0.00 secs] 
52.111: Total time for which application threads were stopped: 0.0032660 seconds, Stopping threads took: 0.0014950 seconds
52.185: Application time: 0.0742550 seconds
52.188: [GC [PSYoungGen: 89360K->6784K(97280K)] 94241K->11665K(319488K), 0.0020000 secs] [Times: user=0.02 sys=0.00, real=0.00 secs] 
52.190: Total time for which application threads were stopped: 0.0043940 seconds, Stopping threads took: 0.0023110 seconds
52.264: Application time: 0.0745100 seconds
52.267: [GC [PSYoungGen: 90240K->7264K(97280K)] 95121K->12153K(319488K), 0.0021090 secs] [Times: user=0.02 sys=0.00, real=0.00 secs] 
52.269: Total time for which application threads were stopped: 0.0047150 seconds, Stopping threads took: 0.0025200 seconds
52.347: Application time: 0.0776150 seconds
52.349: [GC [PSYoungGen: 90720K->7408K(97280K)] 95609K->12305K(319488K), 0.0021490 secs] [Times: user=0.01 sys=0.00, real=0.00 secs] 
52.352: Total time for which application threads were stopped: 0.0050700 seconds, Stopping threads took: 0.0028500 seconds
52.431: Application time: 0.0793890 seconds
52.433: [GC [PSYoungGen: 90864K->6960K(97280K)] 95761K->11857K(319488K), 0.0018910 secs] [Times: user=0.01 sys=0.00, real=0.00 secs] 
52.435: Total time for which application threads were stopped: 0.0040300 seconds, Stopping threads took: 0.0020530 seconds
52.512: Application time: 0.0767780 seconds
52.514: [GC [PSYoungGen: 90416K->7328K(97280K)] 95313K->12225K(319488K), 0.0020760 secs] [Times: user=0.01 sys=0.00, real=0.00 secs] 
52.516: Total time for which application threads were stopped: 0.0045160 seconds, Stopping threads took: 0.0023570 seconds
52.593: Application time: 0.0763400 seconds
52.596: [GC [PSYoungGen: 90784K->6528K(97280K)] 95681K->11425K(319488K), 0.0017890 secs] [Times: user=0.01 sys=0.00, real=0.01 secs] 
52.598: Total time for which application threads were stopped: 0.0050110 seconds, Stopping threads took: 0.0031350 seconds
52.681: Application time: 0.0830610 seconds
52.683: [GC [PSYoungGen: 89984K->5152K(97280K)] 94881K->10049K(319488K), 0.0015490 secs] [Times: user=0.01 sys=0.00, real=0.00 secs] 
52.684: Total time for which application threads were stopped: 0.0037250 seconds, Stopping threads took: 0.0021010 seconds
52.769: Application time: 0.0846850 seconds
52.771: [GC [PSYoungGen: 88608K->5920K(97280K)] 93505K->10825K(319488K), 0.0016070 secs] [Times: user=0.01 sys=0.00, real=0.00 secs] 
52.773: Total time for which application threads were stopped: 0.0038040 seconds, Stopping threads took: 0.0021130 seconds
52.858: Application time: 0.0845240 seconds
52.860: [GC [PSYoungGen: 89376K->7456K(97280K)] 94281K->12377K(319488K), 0.0020490 secs] [Times: user=0.01 sys=0.00, real=0.00 secs] 
52.863: Total time for which application threads were stopped: 0.0049860 seconds, Stopping threads took: 0.0028500 seconds
52.941: Application time: 0.0784150 seconds
52.944: [GC [PSYoungGen: 90912K->6816K(97280K)] 95833K->11745K(319488K), 0.0019600 secs] [Times: user=0.01 sys=0.00, real=0.01 secs] 
52.946: Total time for which application threads were stopped: 0.0051830 seconds, Stopping threads took: 0.0031370 seconds
53.027: Application time: 0.0810700 seconds
53.029: [GC [PSYoungGen: 90272K->6160K(97280K)] 95201K->11089K(319488K), 0.0018060 secs] [Times: user=0.02 sys=0.00, real=0.00 secs] 
53.031: Total time for which application threads were stopped: 0.0034250 seconds, Stopping threads took: 0.0015360 seconds
53.107: Application time: 0.0761740 seconds
53.108: [GC [PSYoungGen: 89616K->7248K(97280K)] 94545K->12177K(319488K), 0.0020490 secs] [Times: user=0.02 sys=0.00, real=0.00 secs] 
53.111: Total time for which application threads were stopped: 0.0037740 seconds, Stopping threads took: 0.0016370 seconds
53.190: Application time: 0.0793690 seconds
53.192: [GC [PSYoungGen: 90704K->7648K(97280K)] 95633K->12577K(319488K), 0.0022190 secs] [Times: user=0.01 sys=0.00, real=0.00 secs] 
53.194: Total time for which application threads were stopped: 0.0038870 seconds, Stopping threads took: 0.0015820 seconds
53.276: Application time: 0.0826780 seconds
53.278: [GC [PSYoungGen: 91104K->6528K(97280K)] 96033K->11465K(319488K), 0.0018870 secs] [Times: user=0.01 sys=0.00, real=0.00 secs] 
53.280: Total time for which application threads were stopped: 0.0033470 seconds, Stopping threads took: 0.0013780 seconds
53.360: Application time: 0.0805660 seconds
53.363: [GC [PSYoungGen: 89984K->5856K(97280K)] 94921K->10801K(319488K), 0.0016760 secs] [Times: user=0.01 sys=0.00, real=0.00 secs] 
53.365: Total time for which application threads were stopped: 0.0040900 seconds, Stopping threads took: 0.0023340 seconds
53.442: Application time: 0.0775940 seconds
53.445: [GC [PSYoungGen: 89312K->7232K(97280K)] 94257K->12185K(319488K), 0.0020670 secs] [Times: user=0.02 sys=0.00, real=0.01 secs] 
53.447: Total time for which application threads were stopped: 0.0047650 seconds, Stopping threads took: 0.0026160 seconds
53.527: Application time: 0.0800790 seconds
53.530: [GC [PSYoungGen: 90688K->7792K(97280K)] 95641K->12745K(319488K), 0.0022380 secs] [Times: user=0.02 sys=0.00, real=0.00 secs] 
53.532: Total time for which application threads were stopped: 0.0054110 seconds, Stopping threads took: 0.0030860 seconds
53.611: Application time: 0.0790070 seconds
53.614: [GC [PSYoungGen: 91248K->7360K(97280K)] 96201K->12313K(319488K), 0.0020660 secs] [Times: user=0.01 sys=0.00, real=0.00 secs] 
53.616: Total time for which application threads were stopped: 0.0048180 seconds, Stopping threads took: 0.0026680 seconds
53.699: Application time: 0.0825130 seconds
53.701: [GC [PSYoungGen: 90816K->6048K(97280K)] 95769K->11001K(319488K), 0.0017570 secs] [Times: user=0.01 sys=0.00, real=0.00 secs] 
53.703: Total time for which application threads were stopped: 0.0042930 seconds, Stopping threads took: 0.0024530 seconds
53.781: Application time: 0.0779880 seconds
53.783: [GC [PSYoungGen: 89504K->6560K(97280K)] 94457K->11521K(319488K), 0.0018370 secs] [Times: user=0.01 sys=0.00, real=0.01 secs] 
53.785: Total time for which application threads were stopped: 0.0041600 seconds, Stopping threads took: 0.0022370 seconds
53.869: Application time: 0.0834670 seconds
53.872: [GC [PSYoungGen: 90016K->6768K(97280K)] 94977K->11737K(319488K), 0.0020500 secs] [Times: user=0.01 sys=0.00, real=0.00 secs] 
53.874: Total time for which application threads were stopped: 0.0050460 seconds, Stopping threads took: 0.0029120 seconds
53.957: Application time: 0.0832910 seconds
53.959: [GC [PSYoungGen: 90224K->6544K(97280K)] 95193K->11521K(319488K), 0.0018530 secs] [Times: user=0.02 sys=0.00, real=0.00 secs] 
53.961: Total time for which application threads were stopped: 0.0039810 seconds, Stopping threads took: 0.0020530 seconds
54.045: Application time: 0.0835610 seconds
54.047: [GC [PSYoungGen: 90000K->7472K(97280K)] 94977K->12449K(319488K), 0.0021620 secs] [Times: user=0.01 sys=0.00, real=0.00 secs] 
54.049: Total time for which application threads were stopped: 0.0046620 seconds, Stopping threads took: 0.0024090 seconds
54.127: Application time: 0.0776770 seconds
54.129: [GC [PSYoungGen: 90928K->6736K(97280K)] 95905K->11713K(319488K), 0.0018400 secs] [Times: user=0.01 sys=0.00, real=0.00 secs] 
54.131: Total time for which application threads were stopped: 0.0042840 seconds, Stopping threads took: 0.0023620 seconds
54.214: Application time: 0.0832290 seconds
54.216: [GC [PSYoungGen: 90192K->6832K(97280K)] 95169K->11809K(319488K), 0.0020830 secs] [Times: user=0.01 sys=0.00, real=0.01 secs] 
54.218: Total time for which application threads were stopped: 0.0039100 seconds, Stopping threads took: 0.0017310 seconds
54.295: Application time: 0.0764020 seconds
54.297: [GC [PSYoungGen: 90288K->6512K(97280K)] 95265K->11497K(319488K), 0.0020860 secs] [Times: user=0.02 sys=0.00, real=0.01 secs] 
54.299: Total time for which application threads were stopped: 0.0043320 seconds, Stopping threads took: 0.0021600 seconds
54.379: Application time: 0.0803370 seconds
54.382: [GC [PSYoungGen: 89967K->7184K(97280K)] 94953K->12177K(319488K), 0.0023440 secs] [Times: user=0.02 sys=0.00, real=0.00 secs] 
54.384: Total time for which application threads were stopped: 0.0045340 seconds, Stopping threads took: 0.0021060 seconds
54.462: Application time: 0.0778480 seconds
54.464: [GC [PSYoungGen: 90640K->7648K(97280K)] 95633K->12649K(319488K), 0.0023720 secs] [Times: user=0.02 sys=0.00, real=0.01 secs] 
54.467: Total time for which application threads were stopped: 0.0051240 seconds, Stopping threads took: 0.0026790 seconds
54.546: Application time: 0.0792070 seconds
54.549: [GC [PSYoungGen: 91104K->8016K(97280K)] 96105K->13017K(319488K), 0.0025180 secs] [Times: user=0.02 sys=0.00, real=0.00 secs] 
54.551: Total time for which application threads were stopped: 0.0052510 seconds, Stopping threads took: 0.0026340 seconds
54.632: Application time: 0.0808180 seconds
54.635: [GC [PSYoungGen: 91472K->6400K(97280K)] 96473K->11401K(319488K), 0.0019280 secs] [Times: user=0.01 sys=0.00, real=0.01 secs] 
54.637: Total time for which application threads were stopped: 0.0049820 seconds, Stopping threads took: 0.0029570 seconds
54.717: Application time: 0.0802120 seconds
54.720: [GC [PSYoungGen: 89856K->5904K(97280K)] 94857K->10905K(319488K), 0.0017670 secs] [Times: user=0.01 sys=0.00, real=0.00 secs] 
54.722: Total time for which application threads were stopped: 0.0048540 seconds, Stopping threads took: 0.0030060 seconds
54.801: Application time: 0.0790430 seconds
54.803: [GC [PSYoungGen: 89360K->6528K(97280K)] 94361K->11529K(319488K), 0.0018740 secs] [Times: user=0.02 sys=0.00, real=0.01 secs] 
54.805: Total time for which application threads were stopped: 0.0038960 seconds, Stopping threads took: 0.0019420 seconds
54.886: Application time: 0.0804330 seconds
54.887: [GC [PSYoungGen: 89984K->6560K(97280K)] 94985K->11569K(319488K), 0.0019070 secs] [Times: user=0.01 sys=0.00, real=0.00 secs] 
54.889: Total time for which application threads were stopped: 0.0033390 seconds, Stopping threads took: 0.0013480 seconds
54.968: Application time: 0.0791140 seconds
54.971: [GC [PSYoungGen: 90016K->8016K(97280K)] 95025K->13033K(319488K), 0.0024300 secs] [Times: user=0.02 sys=0.00, real=0.00 secs] 
54.974: Total time for which application threads were stopped: 0.0057190 seconds, Stopping threads took: 0.0032080 seconds
55.054: Application time: 0.0804720 seconds
55.057: [GC [PSYoungGen: 91472K->7488K(97280K)] 96489K->12505K(319488K), 0.0021630 secs] [Times: user=0.01 sys=0.00, real=0.00 secs] 
55.059: Total time for which application threads were stopped: 0.0051980 seconds, Stopping threads took: 0.0029400 seconds
55.136: Application time: 0.0770010 seconds
55.138: [GC [PSYoungGen: 90944K->7120K(97280K)] 95961K->12137K(319488K), 0.0020000 secs] [Times: user=0.01 sys=0.00, real=0.00 secs] 
55.140: Total time for which application threads were stopped: 0.0037530 seconds, Stopping threads took: 0.0016670 seconds
55.220: Application time: 0.0798490 seconds
55.222: [GC [PSYoungGen: 90576K->7376K(97280K)] 95593K->12393K(319488K), 0.0020820 secs] [Times: user=0.01 sys=0.00, real=0.00 secs] 
55.224: Total time for which application threads were stopped: 0.0041790 seconds, Stopping threads took: 0.0020080 seconds
55.304: Application time: 0.0793960 seconds
55.307: [GC [PSYoungGen: 90832K->7584K(97280K)] 95849K->12601K(319488K), 0.0020390 secs] [Times: user=0.02 sys=0.00, real=0.00 secs] 
55.309: Total time for which application threads were stopped: 0.0051500 seconds, Stopping threads took: 0.0030300 seconds
55.388: Application time: 0.0792610 seconds
55.390: [GC [PSYoungGen: 91040K->8160K(97280K)] 96057K->13185K(319488K), 0.0023720 secs] [Times: user=0.01 sys=0.00, real=0.00 secs] 
55.392: Total time for which application threads were stopped: 0.0042730 seconds, Stopping threads took: 0.0018120 seconds
55.474: Application time: 0.0816130 seconds
55.476: [GC [PSYoungGen: 91616K->6848K(97280K)] 96641K->11881K(319488K), 0.0018650 secs] [Times: user=0.01 sys=0.00, real=0.01 secs] 
55.478: Total time for which application threads were stopped: 0.0036730 seconds, Stopping threads took: 0.0017310 seconds
55.562: Application time: 0.0847830 seconds
55.564: [GC [PSYoungGen: 90304K->5504K(97280K)] 95337K->10537K(319488K), 0.0017040 secs] [Times: user=0.01 sys=0.00, real=0.01 secs] 
55.566: Total time for which application threads were stopped: 0.0037910 seconds, Stopping threads took: 0.0020070 seconds
55.644: Application time: 0.0781910 seconds
55.647: [GC [PSYoungGen: 88960K->6176K(97280K)] 93993K->11209K(319488K), 0.0018110 secs] [Times: user=0.01 sys=0.00, real=0.00 secs] 
55.649: Total time for which application threads were stopped: 0.0041750 seconds, Stopping threads took: 0.0022730 seconds
55.731: Application time: 0.0823250 seconds
55.734: [GC [PSYoungGen: 89632K->8288K(97280K)] 94665K->13321K(319488K), 0.0024160 secs] [Times: user=0.01 sys=0.01, real=0.00 secs] 
55.737: Total time for which application threads were stopped: 0.0056240 seconds, Stopping threads took: 0.0031180 seconds
55.814: Application time: 0.0770900 seconds
55.816: [GC [PSYoungGen: 91744K->7392K(97280K)] 96777K->12425K(319488K), 0.0021070 secs] [Times: user=0.01 sys=0.00, real=0.01 secs] 
55.818: Total time for which application threads were stopped: 0.0044090 seconds, Stopping threads took: 0.0022220 seconds
55.902: Application time: 0.0840070 seconds
55.904: [GC [PSYoungGen: 90848K->6720K(97280K)] 95881K->11761K(319488K), 0.0020210 secs] [Times: user=0.01 sys=0.00, real=0.01 secs] 
55.906: Total time for which application threads were stopped: 0.0036500 seconds, Stopping threads took: 0.0015430 seconds
55.984: Application time: 0.0785670 seconds
55.987: [GC [PSYoungGen: 90176K->6656K(97280K)] 95217K->11705K(319488K), 0.0018950 secs] [Times: user=0.01 sys=0.00, real=0.00 secs] 
55.989: Total time for which application threads were stopped: 0.0045190 seconds, Stopping threads took: 0.0025470 seconds
56.068: Application time: 0.0797080 seconds
56.071: [GC [PSYoungGen: 90112K->6720K(97280K)] 95161K->11777K(319488K), 0.0019450 secs] [Times: user=0.02 sys=0.00, real=0.00 secs] 
56.073: Total time for which application threads were stopped: 0.0042400 seconds, Stopping threads took: 0.0022160 seconds
56.150: Application time: 0.0775860 seconds
56.153: [GC [PSYoungGen: 90176K->7456K(97280K)] 95233K->12513K(319488K), 0.0021210 secs] [Times: user=0.01 sys=0.00, real=0.00 secs] 
56.155: Total time for which application threads were stopped: 0.0045010 seconds, Stopping threads took: 0.0022860 seconds
56.239: Application time: 0.0839470 seconds
56.242: [GC [PSYoungGen: 90912K->6944K(97280K)] 95969K->12001K(319488K), 0.0020860 secs] [Times: user=0.02 sys=0.00, real=0.00 secs] 
56.244: Total time for which application threads were stopped: 0.0051710 seconds, Stopping threads took: 0.0029900 seconds
56.323: Application time: 0.0789310 seconds
56.324: [GC [PSYoungGen: 90400K->5120K(97280K)] 95457K->10177K(319488K), 0.0015930 secs] [Times: user=0.01 sys=0.00, real=0.01 secs] 
56.326: Total time for which application threads were stopped: 0.0032480 seconds, Stopping threads took: 0.0015780 seconds
56.403: Application time: 0.0767840 seconds
56.405: [GC [PSYoungGen: 88576K->7728K(97280K)] 93633K->12793K(319488K), 0.0020800 secs] [Times: user=0.01 sys=0.00, real=0.00 secs] 
56.407: Total time for which application threads were stopped: 0.0043470 seconds, Stopping threads took: 0.0021890 seconds
56.487: Application time: 0.0801340 seconds
56.490: [GC [PSYoungGen: 91184K->7248K(97280K)] 96249K->12321K(319488K), 0.0021130 secs] [Times: user=0.01 sys=0.00, real=0.00 secs] 
56.492: Total time for which application threads were stopped: 0.0047830 seconds, Stopping threads took: 0.0025840 seconds
56.571: Application time: 0.0787830 seconds
56.574: [GC [PSYoungGen: 90704K->7104K(97280K)] 95777K->12185K(319488K), 0.0020440 secs] [Times: user=0.02 sys=0.00, real=0.00 secs] 
56.576: Total time for which application threads were stopped: 0.0053900 seconds, Stopping threads took: 0.0032640 seconds
56.652: Application time: 0.0753680 seconds
56.655: [GC [PSYoungGen: 90560K->6528K(97280K)] 95641K->11609K(319488K), 0.0018630 secs] [Times: user=0.01 sys=0.00, real=0.00 secs] 
56.657: Total time for which application threads were stopped: 0.0049060 seconds, Stopping threads took: 0.0029570 seconds
56.729: Application time: 0.0722630 seconds
56.730: [GC [PSYoungGen: 89984K->7840K(97280K)] 95065K->12921K(319488K), 0.0023250 secs] [Times: user=0.01 sys=0.00, real=0.00 secs] 
56.732: Total time for which application threads were stopped: 0.0035360 seconds, Stopping threads took: 0.0011240 seconds
56.806: Application time: 0.0738370 seconds
56.807: [GC [PSYoungGen: 91296K->6816K(97280K)] 96377K->11897K(319488K), 0.0018750 secs] [Times: user=0.01 sys=0.00, real=0.00 secs] 
56.809: Total time for which application threads were stopped: 0.0030810 seconds, Stopping threads took: 0.0011270 seconds
56.887: Application time: 0.0775200 seconds
56.889: [GC [PSYoungGen: 90272K->5232K(97280K)] 95353K->10313K(319488K), 0.0016060 secs] [Times: user=0.01 sys=0.00, real=0.00 secs] 
56.891: Total time for which application threads were stopped: 0.0036870 seconds, Stopping threads took: 0.0020110 seconds
56.965: Application time: 0.0743700 seconds
56.966: [GC [PSYoungGen: 88688K->7136K(97280K)] 93769K->12233K(319488K), 0.0019470 secs] [Times: user=0.02 sys=0.00, real=0.00 secs] 
56.968: Total time for which application threads were stopped: 0.0035070 seconds, Stopping threads took: 0.0014840 seconds
57.049: Application time: 0.0802720 seconds
57.051: [GC [PSYoungGen: 90592K->7520K(97280K)] 95689K->12625K(319488K), 0.0021350 secs] [Times: user=0.01 sys=0.00, real=0.00 secs] 
57.053: Total time for which application threads were stopped: 0.0041980 seconds, Stopping threads took: 0.0019800 seconds
57.132: Application time: 0.0791530 seconds
57.135: [GC [PSYoungGen: 90976K->7056K(97280K)] 96081K->12161K(319488K), 0.0018800 secs] [Times: user=0.01 sys=0.00, real=0.00 secs] 
57.137: Total time for which application threads were stopped: 0.0048510 seconds, Stopping threads took: 0.0029040 seconds
57.220: Application time: 0.0829110 seconds
57.222: [GC [PSYoungGen: 90512K->6256K(97280K)] 95617K->11361K(319488K), 0.0018210 secs] [Times: user=0.02 sys=0.00, real=0.00 secs] 
57.224: Total time for which application threads were stopped: 0.0039310 seconds, Stopping threads took: 0.0020270 seconds
57.297: Application time: 0.0735860 seconds
57.299: [GC [PSYoungGen: 89712K->8112K(97280K)] 94817K->13217K(319488K), 0.0022950 secs] [Times: user=0.01 sys=0.00, real=0.00 secs] 
57.301: Total time for which application threads were stopped: 0.0039260 seconds, Stopping threads took: 0.0015430 seconds
57.375: Application time: 0.0732760 seconds
57.377: [GC [PSYoungGen: 91568K->7424K(97280K)] 96673K->12529K(319488K), 0.0020600 secs] [Times: user=0.01 sys=0.00, real=0.00 secs] 
57.380: Total time for which application threads were stopped: 0.0049890 seconds, Stopping threads took: 0.0028460 seconds
57.455: Application time: 0.0752220 seconds
57.456: [GC [PSYoungGen: 90880K->7680K(97280K)] 95985K->12793K(319488K), 0.0020400 secs] [Times: user=0.01 sys=0.00, real=0.01 secs] 
57.458: Total time for which application threads were stopped: 0.0030760 seconds, Stopping threads took: 0.0009620 seconds
57.535: Application time: 0.0772750 seconds
57.537: [GC [PSYoungGen: 91136K->5552K(97280K)] 96249K->10673K(319488K), 0.0016460 secs] [Times: user=0.00 sys=0.00, real=0.01 secs] 
57.539: Total time for which application threads were stopped: 0.0035590 seconds, Stopping threads took: 0.0018370 seconds
57.610: Application time: 0.0711700 seconds
57.612: [GC [PSYoungGen: 89008K->6176K(97280K)] 94129K->11297K(319488K), 0.0018190 secs] [Times: user=0.02 sys=0.00, real=0.00 secs] 
57.613: Total time for which application threads were stopped: 0.0034950 seconds, Stopping threads took: 0.0015940 seconds
57.691: Application time: 0.0781090 seconds
57.694: [GC [PSYoungGen: 89632K->6944K(97280K)] 94753K->12065K(319488K), 0.0020410 secs] [Times: user=0.01 sys=0.00, real=0.00 secs] 
57.696: Total time for which application threads were stopped: 0.0046550 seconds, Stopping threads took: 0.0025250 seconds
57.771: Application time: 0.0745290 seconds
57.772: [GC [PSYoungGen: 90400K->6304K(97280K)] 95521K->11425K(319488K), 0.0017350 secs] [Times: user=0.01 sys=0.00, real=0.00 secs] 
57.774: Total time for which application threads were stopped: 0.0030690 seconds, Stopping threads took: 0.0012490 seconds
57.852: Application time: 0.0782340 seconds
57.854: [GC [PSYoungGen: 89760K->5888K(97280K)] 94881K->11009K(319488K), 0.0016650 secs] [Times: user=0.02 sys=0.00, real=0.00 secs] 
57.856: Total time for which application threads were stopped: 0.0041370 seconds, Stopping threads took: 0.0023970 seconds
57.932: Application time: 0.0754280 seconds
57.934: [GC [PSYoungGen: 89344K->7200K(97280K)] 94465K->12337K(319488K), 0.0023350 secs] [Times: user=0.01 sys=0.00, real=0.00 secs] 
57.936: Total time for which application threads were stopped: 0.0046430 seconds, Stopping threads took: 0.0021830 seconds
58.014: Application time: 0.0779140 seconds
58.017: [GC [PSYoungGen: 90656K->7312K(97280K)] 95793K->12465K(319488K), 0.0021000 secs] [Times: user=0.01 sys=0.00, real=0.01 secs] 
58.019: Total time for which application threads were stopped: 0.0046960 seconds, Stopping threads took: 0.0025090 seconds
58.093: Application time: 0.0738380 seconds
58.095: [GC [PSYoungGen: 90768K->6656K(97280K)] 95921K->11809K(319488K), 0.0017770 secs] [Times: user=0.01 sys=0.00, real=0.00 secs] 
58.097: Total time for which application threads were stopped: 0.0039180 seconds, Stopping threads took: 0.0020670 seconds
58.173: Application time: 0.0765530 seconds
58.176: [GC [PSYoungGen: 90112K->8016K(97280K)] 95265K->13169K(319488K), 0.0023090 secs] [Times: user=0.01 sys=0.00, real=0.01 secs] 
58.178: Total time for which application threads were stopped: 0.0049710 seconds, Stopping threads took: 0.0025780 seconds
58.253: Application time: 0.0753330 seconds
58.255: [GC [PSYoungGen: 91472K->5488K(97280K)] 96625K->10641K(319488K), 0.0016300 secs] [Times: user=0.01 sys=0.00, real=0.00 secs] 
58.257: Total time for which application threads were stopped: 0.0035650 seconds, Stopping threads took: 0.0018630 seconds
58.334: Application time: 0.0771150 seconds
58.336: [GC [PSYoungGen: 88944K->5872K(97280K)] 94097K->11025K(319488K), 0.0017430 secs] [Times: user=0.01 sys=0.00, real=0.01 secs] 
58.338: Total time for which application threads were stopped: 0.0036140 seconds, Stopping threads took: 0.0017790 seconds
58.413: Application time: 0.0748650 seconds
58.414: [GC [PSYoungGen: 89328K->6768K(97280K)] 94481K->11929K(319488K), 0.0018760 secs] [Times: user=0.02 sys=0.00, real=0.00 secs] 
58.416: Total time for which application threads were stopped: 0.0037620 seconds, Stopping threads took: 0.0018070 seconds
58.495: Application time: 0.0782950 seconds
58.497: [GC [PSYoungGen: 90224K->6448K(97280K)] 95385K->11617K(319488K), 0.0018600 secs] [Times: user=0.01 sys=0.00, real=0.00 secs] 
58.499: Total time for which application threads were stopped: 0.0044250 seconds, Stopping threads took: 0.0024850 seconds
58.572: Application time: 0.0733680 seconds
58.575: [GC [PSYoungGen: 89904K->6912K(97280K)] 95073K->12089K(319488K), 0.0019110 secs] [Times: user=0.02 sys=0.00, real=0.00 secs] 
58.577: Total time for which application threads were stopped: 0.0042100 seconds, Stopping threads took: 0.0022240 seconds
58.656: Application time: 0.0791910 seconds
58.658: [GC [PSYoungGen: 90368K->6704K(97280K)] 95545K->11881K(319488K), 0.0018410 secs] [Times: user=0.01 sys=0.00, real=0.00 secs] 
58.660: Total time for which application threads were stopped: 0.0044080 seconds, Stopping threads took: 0.0024840 seconds
58.737: Application time: 0.0765180 seconds
58.740: [GC [PSYoungGen: 90160K->8240K(97280K)] 95337K->13417K(319488K), 0.0023790 secs] [Times: user=0.02 sys=0.00, real=0.00 secs] 
58.742: Total time for which application threads were stopped: 0.0052300 seconds, Stopping threads took: 0.0027670 seconds
58.817: Application time: 0.0747680 seconds
58.818: [GC [PSYoungGen: 91696K->6464K(97280K)] 96873K->11641K(319488K), 0.0020180 secs] [Times: user=0.01 sys=0.00, real=0.00 secs] 
58.820: Total time for which application threads were stopped: 0.0034990 seconds, Stopping threads took: 0.0014010 seconds
58.895: Application time: 0.0749180 seconds
58.898: [GC [PSYoungGen: 89920K->8080K(97280K)] 95097K->13265K(319488K), 0.0022490 secs] [Times: user=0.02 sys=0.00, real=0.00 secs] 
58.900: Total time for which application threads were stopped: 0.0047890 seconds, Stopping threads took: 0.0024500 seconds
58.975: Application time: 0.0753210 seconds
58.978: [GC [PSYoungGen: 91536K->7712K(97280K)] 96721K->12905K(319488K), 0.0023530 secs] [Times: user=0.01 sys=0.00, real=0.00 secs] 
58.980: Total time for which application threads were stopped: 0.0048430 seconds, Stopping threads took: 0.0024070 seconds
59.052: Application time: 0.0718140 seconds
59.054: [GC [PSYoungGen: 91168K->7440K(97280K)] 96361K->12641K(319488K), 0.0020740 secs] [Times: user=0.01 sys=0.00, real=0.00 secs] 
59.056: Total time for which application threads were stopped: 0.0041640 seconds, Stopping threads took: 0.0020130 seconds
59.133: Application time: 0.0770230 seconds
59.135: [GC [PSYoungGen: 90896K->7120K(97280K)] 96097K->12321K(319488K), 0.0020380 secs] [Times: user=0.02 sys=0.00, real=0.01 secs] 
59.137: Total time for which application threads were stopped: 0.0039520 seconds, Stopping threads took: 0.0018200 seconds
59.211: Application time: 0.0741160 seconds
59.213: [GC [PSYoungGen: 90576K->6448K(97280K)] 95777K->11649K(319488K), 0.0018190 secs] [Times: user=0.01 sys=0.00, real=0.00 secs] 
59.215: Total time for which application threads were stopped: 0.0038200 seconds, Stopping threads took: 0.0019230 seconds
59.289: Application time: 0.0743300 seconds
59.292: [GC [PSYoungGen: 89904K->7408K(97280K)] 95105K->12609K(319488K), 0.0021260 secs] [Times: user=0.02 sys=0.00, real=0.00 secs] 
59.294: Total time for which application threads were stopped: 0.0046130 seconds, Stopping threads took: 0.0024000 seconds
59.372: Application time: 0.0774970 seconds
59.374: [GC [PSYoungGen: 90864K->4048K(97280K)] 96065K->9257K(319488K), 0.0012420 secs] [Times: user=0.01 sys=0.00, real=0.00 secs] 
59.375: Total time for which application threads were stopped: 0.0038950 seconds, Stopping threads took: 0.0025810 seconds
59.454: Application time: 0.0781370 seconds
59.457: [GC [PSYoungGen: 87504K->6880K(97280K)] 92713K->12097K(319488K), 0.0019050 secs] [Times: user=0.01 sys=0.00, real=0.01 secs] 
59.459: Total time for which application threads were stopped: 0.0050660 seconds, Stopping threads took: 0.0030680 seconds
59.535: Application time: 0.0763070 seconds
59.538: [GC [PSYoungGen: 90336K->6496K(97280K)] 95553K->11721K(319488K), 0.0018230 secs] [Times: user=0.01 sys=0.00, real=0.00 secs] 
59.540: Total time for which application threads were stopped: 0.0047260 seconds, Stopping threads took: 0.0028240 seconds
59.615: Application time: 0.0751560 seconds
59.617: [GC [PSYoungGen: 89952K->7728K(97280K)] 95177K->12953K(319488K), 0.0022660 secs] [Times: user=0.02 sys=0.00, real=0.00 secs] 
59.620: Total time for which application threads were stopped: 0.0047720 seconds, Stopping threads took: 0.0024250 seconds
59.696: Application time: 0.0762100 seconds
59.698: [GC [PSYoungGen: 91184K->6656K(97280K)] 96409K->11881K(319488K), 0.0019110 secs] [Times: user=0.02 sys=0.00, real=0.00 secs] 
59.700: Total time for which application threads were stopped: 0.0043490 seconds, Stopping threads took: 0.0023600 seconds
59.778: Application time: 0.0780790 seconds
59.780: [GC [PSYoungGen: 90112K->6160K(97280K)] 95337K->11385K(319488K), 0.0018400 secs] [Times: user=0.02 sys=0.00, real=0.00 secs] 
59.782: Total time for which application threads were stopped: 0.0041100 seconds, Stopping threads took: 0.0021860 seconds
59.858: Application time: 0.0756000 seconds
59.859: [GC [PSYoungGen: 89616K->7824K(97280K)] 94841K->13049K(319488K), 0.0022090 secs] [Times: user=0.01 sys=0.00, real=0.00 secs] 
59.862: Total time for which application threads were stopped: 0.0037600 seconds, Stopping threads took: 0.0014640 seconds
59.938: Application time: 0.0761320 seconds
59.940: [GC [PSYoungGen: 91280K->6352K(97280K)] 96505K->11585K(319488K), 0.0017870 secs] [Times: user=0.02 sys=0.00, real=0.00 secs] 
59.942: Total time for which application threads were stopped: 0.0042980 seconds, Stopping threads took: 0.0024300 seconds
60.015: Application time: 0.0731840 seconds
60.017: [GC [PSYoungGen: 89808K->8112K(97280K)] 95041K->13353K(319488K), 0.0022760 secs] [Times: user=0.01 sys=0.00, real=0.01 secs] 
60.019: Total time for which application threads were stopped: 0.0040050 seconds, Stopping threads took: 0.0016350 seconds
60.098: Application time: 0.0786370 seconds
60.100: [GC [PSYoungGen: 91568K->7456K(97280K)] 96809K->12697K(319488K), 0.0021060 secs] [Times: user=0.01 sys=0.00, real=0.00 secs] 
60.102: Total time for which application threads were stopped: 0.0040560 seconds, Stopping threads took: 0.0018610 seconds
60.178: Application time: 0.0756660 seconds
60.180: [GC [PSYoungGen: 90912K->7904K(97280K)] 96153K->13145K(319488K), 0.0022150 secs] [Times: user=0.01 sys=0.00, real=0.00 secs] 
60.182: Total time for which application threads were stopped: 0.0045770 seconds, Stopping threads took: 0.0022810 seconds
60.258: Application time: 0.0757890 seconds
60.261: [GC [PSYoungGen: 91360K->7440K(97280K)] 96601K->12681K(319488K), 0.0021040 secs] [Times: user=0.02 sys=0.00, real=0.00 secs] 
60.263: Total time for which application threads were stopped: 0.0046150 seconds, Stopping threads took: 0.0024270 seconds
60.335: Application time: 0.0724900 seconds
60.337: [GC [PSYoungGen: 90895K->6304K(97280K)] 96136K->11545K(319488K), 0.0018260 secs] [Times: user=0.01 sys=0.00, real=0.00 secs] 
60.339: Total time for which application threads were stopped: 0.0037580 seconds, Stopping threads took: 0.0018510 seconds
60.417: Application time: 0.0782960 seconds
60.418: [GC [PSYoungGen: 89760K->6144K(97280K)] 95001K->11393K(319488K), 0.0018200 secs] [Times: user=0.01 sys=0.00, real=0.00 secs] 
60.420: Total time for which application threads were stopped: 0.0030260 seconds, Stopping threads took: 0.0011270 seconds
60.496: Application time: 0.0752520 seconds
60.498: [GC [PSYoungGen: 89600K->6672K(97280K)] 94849K->11929K(319488K), 0.0018240 secs] [Times: user=0.02 sys=0.00, real=0.00 secs] 
60.500: Total time for which application threads were stopped: 0.0045160 seconds, Stopping threads took: 0.0026180 seconds
60.579: Application time: 0.0791940 seconds
60.581: [GC [PSYoungGen: 90128K->5008K(97280K)] 95385K->10265K(319488K), 0.0014860 secs] [Times: user=0.01 sys=0.00, real=0.00 secs] 
60.583: Total time for which application threads were stopped: 0.0036320 seconds, Stopping threads took: 0.0020540 seconds
60.662: Application time: 0.0791840 seconds
60.665: [GC [PSYoungGen: 88464K->6784K(97280K)] 93721K->12041K(319488K), 0.0021150 secs] [Times: user=0.02 sys=0.00, real=0.01 secs] 
60.667: Total time for which application threads were stopped: 0.0048940 seconds, Stopping threads took: 0.0027010 seconds
60.751: Application time: 0.0841300 seconds
60.754: [GC [PSYoungGen: 90240K->7712K(97280K)] 95497K->12969K(319488K), 0.0021620 secs] [Times: user=0.02 sys=0.00, real=0.00 secs] 
60.757: Total time for which application threads were stopped: 0.0055200 seconds, Stopping threads took: 0.0032810 seconds
60.838: Application time: 0.0810770 seconds
60.839: [GC [PSYoungGen: 91168K->5488K(97280K)] 96425K->10745K(319488K), 0.0015290 secs] [Times: user=0.01 sys=0.00, real=0.00 secs] 
60.841: Total time for which application threads were stopped: 0.0033510 seconds, Stopping threads took: 0.0017480 seconds
60.927: Application time: 0.0861410 seconds
60.929: [GC [PSYoungGen: 88944K->5920K(97280K)] 94201K->11185K(319488K), 0.0017390 secs] [Times: user=0.01 sys=0.00, real=0.00 secs] 
60.931: Total time for which application threads were stopped: 0.0033000 seconds, Stopping threads took: 0.0014830 seconds
61.011: Application time: 0.0808820 seconds
61.014: [GC [PSYoungGen: 89376K->7184K(97280K)] 94641K->12457K(319488K), 0.0020390 secs] [Times: user=0.01 sys=0.00, real=0.00 secs] 
61.016: Total time for which application threads were stopped: 0.0049170 seconds, Stopping threads took: 0.0027940 seconds
61.098: Application time: 0.0814340 seconds
61.101: [GC [PSYoungGen: 90640K->7456K(97280K)] 95913K->12737K(319488K), 0.0022080 secs] [Times: user=0.01 sys=0.00, real=0.00 secs] 
61.103: Total time for which application threads were stopped: 0.0055510 seconds, Stopping threads took: 0.0032470 seconds
61.180: Application time: 0.0769270 seconds
61.183: [GC [PSYoungGen: 90912K->7184K(97280K)] 96193K->12465K(319488K), 0.0021630 secs] [Times: user=0.02 sys=0.01, real=0.00 secs] 
61.185: Total time for which application threads were stopped: 0.0046910 seconds, Stopping threads took: 0.0024230 seconds
61.265: Application time: 0.0803400 seconds
61.267: [GC [PSYoungGen: 90640K->7648K(97280K)] 95921K->12929K(319488K), 0.0022220 secs] [Times: user=0.01 sys=0.00, real=0.00 secs] 
61.269: Total time for which application threads were stopped: 0.0040120 seconds, Stopping threads took: 0.0017080 seconds
61.352: Application time: 0.0832160 seconds
61.354: [GC [PSYoungGen: 91104K->6944K(97280K)] 96385K->12225K(319488K), 0.0019610 secs] [Times: user=0.02 sys=0.00, real=0.00 secs] 
61.356: Total time for which application threads were stopped: 0.0038390 seconds, Stopping threads took: 0.0018000 seconds
61.436: Application time: 0.0798040 seconds
61.438: [GC [PSYoungGen: 90400K->7552K(97280K)] 95681K->12841K(319488K), 0.0021550 secs] [Times: user=0.02 sys=0.00, real=0.00 secs] 
61.440: Total time for which application threads were stopped: 0.0039360 seconds, Stopping threads took: 0.0016930 seconds
61.519: Application time: 0.0786480 seconds
61.521: [GC [PSYoungGen: 91008K->7920K(97280K)] 96297K->13217K(319488K), 0.0022660 secs] [Times: user=0.02 sys=0.00, real=0.00 secs] 
61.523: Total time for which application threads were stopped: 0.0041780 seconds, Stopping threads took: 0.0018280 seconds
61.606: Application time: 0.0826620 seconds
61.608: [GC [PSYoungGen: 91376K->7424K(97280K)] 96673K->12729K(319488K), 0.0021490 secs] [Times: user=0.01 sys=0.00, real=0.00 secs] 
61.610: Total time for which application threads were stopped: 0.0042740 seconds, Stopping threads took: 0.0020330 seconds
61.687: Application time: 0.0776270 seconds
61.690: [GC [PSYoungGen: 90880K->6960K(97280K)] 96185K->12265K(319488K), 0.0021130 secs] [Times: user=0.02 sys=0.00, real=0.00 secs] 
61.692: Total time for which application threads were stopped: 0.0042040 seconds, Stopping threads took: 0.0020100 seconds
61.773: Application time: 0.0815250 seconds
61.775: [GC [PSYoungGen: 90416K->5264K(97280K)] 95721K->10569K(319488K), 0.0015490 secs] [Times: user=0.01 sys=0.00, real=0.00 secs] 
61.777: Total time for which application threads were stopped: 0.0037040 seconds, Stopping threads took: 0.0020810 seconds
61.856: Application time: 0.0788100 seconds
61.858: [GC [PSYoungGen: 88720K->6464K(97280K)] 94025K->11769K(319488K), 0.0018750 secs] [Times: user=0.01 sys=0.00, real=0.00 secs] 
61.860: Total time for which application threads were stopped: 0.0044150 seconds, Stopping threads took: 0.0024540 seconds
61.940: Application time: 0.0803040 seconds
61.944: [GC [PSYoungGen: 89920K->8112K(97280K)] 95225K->13425K(319488K), 0.0023950 secs] [Times: user=0.02 sys=0.00, real=0.01 secs] 
61.946: Total time for which application threads were stopped: 0.0056410 seconds, Stopping threads took: 0.0031620 seconds
62.024: Application time: 0.0781980 seconds
62.027: [GC [PSYoungGen: 91568K->7552K(97280K)] 96881K->12873K(319488K), 0.0021830 secs] [Times: user=0.01 sys=0.00, real=0.00 secs] 
62.029: Total time for which application threads were stopped: 0.0048380 seconds, Stopping threads took: 0.0025670 seconds
62.110: Application time: 0.0804870 seconds
62.112: [GC [PSYoungGen: 91008K->8336K(97280K)] 96329K->13665K(319488K), 0.0023800 secs] [Times: user=0.01 sys=0.00, real=0.00 secs] 
62.114: Total time for which application threads were stopped: 0.0047120 seconds, Stopping threads took: 0.0022360 seconds
62.194: Application time: 0.0792650 seconds
62.196: [GC [PSYoungGen: 91792K->8144K(97280K)] 97121K->13473K(319488K), 0.0023690 secs] [Times: user=0.01 sys=0.00, real=0.01 secs] 
62.199: Total time for which application threads were stopped: 0.0050440 seconds, Stopping threads took: 0.0025870 seconds
62.279: Application time: 0.0802670 seconds
62.281: [GC [PSYoungGen: 91600K->6608K(97280K)] 96929K->11937K(319488K), 0.0019130 secs] [Times: user=0.02 sys=0.00, real=0.00 secs] 
62.283: Total time for which application threads were stopped: 0.0038880 seconds, Stopping threads took: 0.0018870 seconds
62.363: Application time: 0.0803650 seconds
62.366: [GC [PSYoungGen: 90064K->7824K(97280K)] 95393K->13153K(319488K), 0.0022600 secs] [Times: user=0.01 sys=0.00, real=0.00 secs] 
62.368: Total time for which application threads were stopped: 0.0052790 seconds, Stopping threads took: 0.0029340 seconds
62.447: Application time: 0.0789860 seconds
62.450: [GC [PSYoungGen: 91280K->7952K(97280K)] 96609K->13281K(319488K), 0.0024030 secs] [Times: user=0.02 sys=0.00, real=0.00 secs] 
62.452: Total time for which application threads were stopped: 0.0046740 seconds, Stopping threads took: 0.0021780 seconds
62.531: Application time: 0.0785190 seconds
62.532: [GC [PSYoungGen: 91408K->7488K(97280K)] 96737K->12825K(319488K), 0.0020970 secs] [Times: user=0.02 sys=0.00, real=0.00 secs] 
62.534: Total time for which application threads were stopped: 0.0034290 seconds, Stopping threads took: 0.0012500 seconds
62.616: Application time: 0.0821490 seconds
62.618: [GC [PSYoungGen: 90944K->7744K(97280K)] 96281K->13089K(319488K), 0.0021320 secs] [Times: user=0.02 sys=0.01, real=0.00 secs] 
62.620: Total time for which application threads were stopped: 0.0037660 seconds, Stopping threads took: 0.0015460 seconds
62.700: Application time: 0.0798010 seconds
62.703: [GC [PSYoungGen: 91200K->7472K(97280K)] 96545K->12817K(319488K), 0.0020260 secs] [Times: user=0.02 sys=0.00, real=0.00 secs] 
62.705: Total time for which application threads were stopped: 0.0048600 seconds, Stopping threads took: 0.0027570 seconds
62.785: Application time: 0.0807700 seconds
62.787: [GC [PSYoungGen: 90928K->6944K(97280K)] 96273K->12289K(319488K), 0.0019700 secs] [Times: user=0.02 sys=0.00, real=0.00 secs] 
62.789: Total time for which application threads were stopped: 0.0040160 seconds, Stopping threads took: 0.0019620 seconds
62.869: Application time: 0.0795190 seconds
62.872: [GC [PSYoungGen: 90400K->7040K(97280K)] 95745K->12385K(319488K), 0.0020240 secs] [Times: user=0.02 sys=0.00, real=0.00 secs] 
62.874: Total time for which application threads were stopped: 0.0050830 seconds, Stopping threads took: 0.0029790 seconds
62.954: Application time: 0.0801750 seconds
62.957: [GC [PSYoungGen: 90496K->7456K(97280K)] 95841K->12801K(319488K), 0.0020550 secs] [Times: user=0.02 sys=0.00, real=0.01 secs] 
62.959: Total time for which application threads were stopped: 0.0044100 seconds, Stopping threads took: 0.0022730 seconds
63.041: Application time: 0.0826500 seconds
63.044: [GC [PSYoungGen: 90912K->8048K(97280K)] 96257K->13401K(319488K), 0.0022920 secs] [Times: user=0.02 sys=0.00, real=0.01 secs] 
63.046: Total time for which application threads were stopped: 0.0046840 seconds, Stopping threads took: 0.0022990 seconds
63.123: Application time: 0.0772720 seconds
63.126: [GC [PSYoungGen: 91504K->7904K(97280K)] 96857K->13265K(319488K), 0.0025950 secs] [Times: user=0.01 sys=0.00, real=0.00 secs] 
63.129: Total time for which application threads were stopped: 0.0055140 seconds, Stopping threads took: 0.0028030 seconds
63.207: Application time: 0.0787010 seconds
63.210: [GC [PSYoungGen: 91360K->7136K(97280K)] 96721K->12505K(319488K), 0.0021270 secs] [Times: user=0.01 sys=0.00, real=0.00 secs] 
63.212: Total time for which application threads were stopped: 0.0042060 seconds, Stopping threads took: 0.0019870 seconds
63.292: Application time: 0.0806530 seconds
63.295: [GC [PSYoungGen: 90592K->7008K(97280K)] 95961K->12377K(319488K), 0.0019860 secs] [Times: user=0.01 sys=0.00, real=0.00 secs] 
63.297: Total time for which application threads were stopped: 0.0047250 seconds, Stopping threads took: 0.0026550 seconds
63.375: Application time: 0.0782660 seconds
63.377: [GC [PSYoungGen: 90464K->7632K(97280K)] 95833K->13001K(319488K), 0.0022700 secs] [Times: user=0.01 sys=0.00, real=0.00 secs] 
63.380: Total time for which application threads were stopped: 0.0043080 seconds, Stopping threads took: 0.0019460 seconds
63.457: Application time: 0.0777650 seconds
63.460: [GC [PSYoungGen: 91088K->8352K(97280K)] 96457K->13721K(319488K), 0.0026910 secs] [Times: user=0.02 sys=0.00, real=0.00 secs] 
63.462: Total time for which application threads were stopped: 0.0048920 seconds, Stopping threads took: 0.0020940 seconds
63.542: Application time: 0.0801920 seconds
63.544: [GC [PSYoungGen: 91808K->7872K(97280K)] 97177K->13249K(319488K), 0.0025600 secs] [Times: user=0.01 sys=0.00, real=0.01 secs] 
63.547: Total time for which application threads were stopped: 0.0042670 seconds, Stopping threads took: 0.0016120 seconds
63.625: Application time: 0.0783950 seconds
63.628: [GC [PSYoungGen: 91328K->6928K(97280K)] 96705K->12313K(319488K), 0.0020600 secs] [Times: user=0.01 sys=0.00, real=0.00 secs] 
63.630: Total time for which application threads were stopped: 0.0050360 seconds, Stopping threads took: 0.0028800 seconds
63.708: Application time: 0.0773020 seconds
63.710: [GC [PSYoungGen: 90384K->7296K(97280K)] 95769K->12689K(319488K), 0.0019660 secs] [Times: user=0.02 sys=0.00, real=0.00 secs] 
63.712: Total time for which application threads were stopped: 0.0048890 seconds, Stopping threads took: 0.0028470 seconds
63.794: Application time: 0.0813040 seconds
63.796: [GC [PSYoungGen: 90752K->7760K(97280K)] 96145K->13153K(319488K), 0.0022400 secs] [Times: user=0.02 sys=0.00, real=0.01 secs] 
63.798: Total time for which application threads were stopped: 0.0045260 seconds, Stopping threads took: 0.0022010 seconds
63.878: Application time: 0.0798610 seconds
63.880: [GC [PSYoungGen: 91216K->7712K(97280K)] 96609K->13105K(319488K), 0.0022120 secs] [Times: user=0.01 sys=0.00, real=0.00 secs] 
63.883: Total time for which application threads were stopped: 0.0045240 seconds, Stopping threads took: 0.0022220 seconds
63.964: Application time: 0.0813350 seconds
63.966: [GC [PSYoungGen: 91168K->7072K(97280K)] 96561K->12465K(319488K), 0.0020510 secs] [Times: user=0.01 sys=0.00, real=0.00 secs] 
63.968: Total time for which application threads were stopped: 0.0043540 seconds, Stopping threads took: 0.0022140 seconds
64.046: Application time: 0.0776200 seconds
64.049: [GC [PSYoungGen: 90528K->7056K(97280K)] 95921K->12457K(319488K), 0.0020420 secs] [Times: user=0.02 sys=0.00, real=0.00 secs] 
64.051: Total time for which application threads were stopped: 0.0051480 seconds, Stopping threads took: 0.0030090 seconds
64.131: Application time: 0.0799360 seconds
64.133: [GC [PSYoungGen: 90512K->5664K(97280K)] 95913K->11073K(319488K), 0.0017100 secs] [Times: user=0.01 sys=0.00, real=0.00 secs] 
64.135: Total time for which application threads were stopped: 0.0037610 seconds, Stopping threads took: 0.0019580 seconds
64.213: Application time: 0.0781070 seconds
64.215: [GC [PSYoungGen: 89120K->6592K(97280K)] 94529K->12009K(319488K), 0.0018770 secs] [Times: user=0.01 sys=0.00, real=0.00 secs] 
64.217: Total time for which application threads were stopped: 0.0040290 seconds, Stopping threads took: 0.0020680 seconds
64.300: Application time: 0.0831740 seconds
64.302: [GC [PSYoungGen: 90048K->8288K(97280K)] 95465K->13705K(319488K), 0.0025230 secs] [Times: user=0.02 sys=0.00, real=0.00 secs] 
64.305: Total time for which application threads were stopped: 0.0046530 seconds, Stopping threads took: 0.0020380 seconds
64.384: Application time: 0.0790550 seconds
64.386: [GC [PSYoungGen: 91744K->7392K(97280K)] 97161K->12809K(319488K), 0.0021430 secs] [Times: user=0.01 sys=0.00, real=0.00 secs] 
64.388: Total time for which application threads were stopped: 0.0040900 seconds, Stopping threads took: 0.0018630 seconds
64.471: Application time: 0.0834200 seconds
64.474: [GC [PSYoungGen: 90848K->7968K(97280K)] 96265K->13385K(319488K), 0.0022450 secs] [Times: user=0.01 sys=0.00, real=0.00 secs] 
64.477: Total time for which application threads were stopped: 0.0053850 seconds, Stopping threads took: 0.0030530 seconds
64.554: Application time: 0.0769460 seconds
64.556: [GC [PSYoungGen: 91424K->7424K(97280K)] 96841K->12841K(319488K), 0.0020360 secs] [Times: user=0.02 sys=0.00, real=0.01 secs] 
64.558: Total time for which application threads were stopped: 0.0043340 seconds, Stopping threads took: 0.0022160 seconds
64.637: Application time: 0.0789730 seconds
64.640: [GC [PSYoungGen: 90880K->8016K(97280K)] 96297K->13441K(319488K), 0.0023840 secs] [Times: user=0.01 sys=0.01, real=0.00 secs] 
64.642: Total time for which application threads were stopped: 0.0051230 seconds, Stopping threads took: 0.0026470 seconds
64.718: Application time: 0.0763640 seconds
64.721: [GC [PSYoungGen: 91472K->7600K(97280K)] 96897K->13033K(319488K), 0.0020230 secs] [Times: user=0.01 sys=0.00, real=0.00 secs] 
64.723: Total time for which application threads were stopped: 0.0049970 seconds, Stopping threads took: 0.0029010 seconds
64.801: Application time: 0.0770830 seconds
64.803: [GC [PSYoungGen: 91056K->7040K(97280K)] 96489K->12473K(319488K), 0.0019900 secs] [Times: user=0.02 sys=0.00, real=0.01 secs] 
64.805: Total time for which application threads were stopped: 0.0048250 seconds, Stopping threads took: 0.0027450 seconds
64.878: Application time: 0.0725210 seconds
64.879: [GC [PSYoungGen: 90496K->6928K(97280K)] 95929K->12361K(319488K), 0.0019950 secs] [Times: user=0.01 sys=0.00, real=0.00 secs] 
64.881: Total time for which application threads were stopped: 0.0030810 seconds, Stopping threads took: 0.0010150 seconds
64.959: Application time: 0.0779950 seconds
64.962: [GC [PSYoungGen: 90384K->6784K(97280K)] 95817K->12217K(319488K), 0.0019310 secs] [Times: user=0.01 sys=0.00, real=0.00 secs] 
64.964: Total time for which application threads were stopped: 0.0048260 seconds, Stopping threads took: 0.0028110 seconds
65.036: Application time: 0.0723570 seconds
65.038: [GC [PSYoungGen: 90240K->6912K(97280K)] 95673K->12345K(319488K), 0.0020250 secs] [Times: user=0.01 sys=0.00, real=0.00 secs] 
65.040: Total time for which application threads were stopped: 0.0043160 seconds, Stopping threads took: 0.0022080 seconds
65.115: Application time: 0.0745730 seconds
65.116: [GC [PSYoungGen: 90368K->6816K(97280K)] 95801K->12257K(319488K), 0.0021490 secs] [Times: user=0.01 sys=0.00, real=0.01 secs] 
65.118: Total time for which application threads were stopped: 0.0032820 seconds, Stopping threads took: 0.0010470 seconds
65.192: Application time: 0.0738550 seconds
65.194: [GC [PSYoungGen: 90272K->6736K(97280K)] 95713K->12185K(319488K), 0.0020020 secs] [Times: user=0.01 sys=0.00, real=0.00 secs] 
65.196: Total time for which application threads were stopped: 0.0037700 seconds, Stopping threads took: 0.0016800 seconds
65.272: Application time: 0.0762680 seconds
65.274: [GC [PSYoungGen: 90192K->7104K(97280K)] 95641K->12553K(319488K), 0.0020830 secs] [Times: user=0.01 sys=0.00, real=0.00 secs] 
65.276: Total time for which application threads were stopped: 0.0041950 seconds, Stopping threads took: 0.0020270 seconds
65.353: Application time: 0.0760810 seconds
65.354: [GC [PSYoungGen: 90560K->6336K(97280K)] 96009K->11785K(319488K), 0.0018900 secs] [Times: user=0.01 sys=0.00, real=0.00 secs] 
65.356: Total time for which application threads were stopped: 0.0037130 seconds, Stopping threads took: 0.0017420 seconds
65.435: Application time: 0.0785750 seconds
65.437: [GC [PSYoungGen: 89792K->7440K(97280K)] 95241K->12889K(319488K), 0.0019630 secs] [Times: user=0.01 sys=0.00, real=0.00 secs] 
65.439: Total time for which application threads were stopped: 0.0046660 seconds, Stopping threads took: 0.0026240 seconds
65.512: Application time: 0.0728030 seconds
65.514: [GC [PSYoungGen: 90896K->7696K(97280K)] 96345K->13145K(319488K), 0.0020620 secs] [Times: user=0.01 sys=0.00, real=0.00 secs] 
65.516: Total time for which application threads were stopped: 0.0041630 seconds, Stopping threads took: 0.0020240 seconds
65.593: Application time: 0.0767660 seconds
65.595: [GC [PSYoungGen: 91152K->6352K(97280K)] 96601K->11809K(319488K), 0.0018170 secs] [Times: user=0.01 sys=0.00, real=0.00 secs] 
65.597: Total time for which application threads were stopped: 0.0038570 seconds, Stopping threads took: 0.0019500 seconds
65.671: Application time: 0.0743630 seconds
65.673: [GC [PSYoungGen: 89808K->6896K(97280K)] 95265K->12369K(319488K), 0.0019240 secs] [Times: user=0.01 sys=0.00, real=0.00 secs] 
65.675: Total time for which application threads were stopped: 0.0037820 seconds, Stopping threads took: 0.0017780 seconds
65.752: Application time: 0.0767820 seconds
65.754: [GC [PSYoungGen: 90352K->6400K(97280K)] 95825K->11881K(319488K), 0.0018990 secs] [Times: user=0.01 sys=0.00, real=0.00 secs] 
65.756: Total time for which application threads were stopped: 0.0035690 seconds, Stopping threads took: 0.0015850 seconds
65.830: Application time: 0.0739880 seconds
65.832: [GC [PSYoungGen: 89856K->7968K(97280K)] 95337K->13449K(319488K), 0.0022870 secs] [Times: user=0.02 sys=0.00, real=0.00 secs] 
65.834: Total time for which application threads were stopped: 0.0045720 seconds, Stopping threads took: 0.0022060 seconds
65.909: Application time: 0.0744110 seconds
65.911: [GC [PSYoungGen: 91424K->8112K(97280K)] 96905K->13593K(319488K), 0.0023080 secs] [Times: user=0.02 sys=0.00, real=0.00 secs] 
65.913: Total time for which application threads were stopped: 0.0046930 seconds, Stopping threads took: 0.0023000 seconds
65.988: Application time: 0.0745630 seconds
65.990: [GC [PSYoungGen: 91568K->6560K(97280K)] 97049K->12041K(319488K), 0.0018570 secs] [Times: user=0.01 sys=0.00, real=0.00 secs] 
65.992: Total time for which application threads were stopped: 0.0036900 seconds, Stopping threads took: 0.0017510 seconds
66.069: Application time: 0.0772460 seconds
66.071: [GC [PSYoungGen: 90016K->6240K(97280K)] 95497K->11729K(319488K), 0.0018430 secs] [Times: user=0.01 sys=0.00, real=0.00 secs] 
66.073: Total time for which application threads were stopped: 0.0039100 seconds, Stopping threads took: 0.0019820 seconds
66.147: Application time: 0.0741400 seconds
66.149: [GC [PSYoungGen: 89696K->6784K(97280K)] 95185K->12281K(319488K), 0.0019880 secs] [Times: user=0.01 sys=0.00, real=0.00 secs] 
66.151: Total time for which application threads were stopped: 0.0045160 seconds, Stopping threads took: 0.0024490 seconds
66.225: Application time: 0.0738140 seconds
66.227: [GC [PSYoungGen: 90240K->7392K(97280K)] 95737K->12897K(319488K), 0.0021210 secs] [Times: user=0.01 sys=0.00, real=0.00 secs] 
66.230: Total time for which application threads were stopped: 0.0043890 seconds, Stopping threads took: 0.0021770 seconds
66.302: Application time: 0.0726410 seconds
66.305: [GC [PSYoungGen: 90848K->6784K(97280K)] 96353K->12289K(319488K), 0.0019470 secs] [Times: user=0.01 sys=0.00, real=0.01 secs] 
66.307: Total time for which application threads were stopped: 0.0044840 seconds, Stopping threads took: 0.0024470 seconds
66.383: Application time: 0.0766920 seconds
66.386: [GC [PSYoungGen: 90240K->5280K(97280K)] 95745K->10785K(319488K), 0.0015450 secs] [Times: user=0.01 sys=0.00, real=0.00 secs] 
66.387: Total time for which application threads were stopped: 0.0039030 seconds, Stopping threads took: 0.0022810 seconds
66.461: Application time: 0.0741250 seconds
66.464: [GC [PSYoungGen: 88736K->7376K(97280K)] 94241K->12881K(319488K), 0.0020260 secs] [Times: user=0.01 sys=0.00, real=0.01 secs] 
66.466: Total time for which application threads were stopped: 0.0046160 seconds, Stopping threads took: 0.0025140 seconds
66.545: Application time: 0.0786850 seconds
66.547: [GC [PSYoungGen: 90832K->6128K(97280K)] 96337K->11641K(319488K), 0.0017700 secs] [Times: user=0.01 sys=0.00, real=0.00 secs] 
66.549: Total time for which application threads were stopped: 0.0043210 seconds, Stopping threads took: 0.0024710 seconds
66.623: Application time: 0.0739520 seconds
66.625: [GC [PSYoungGen: 89584K->6480K(97280K)] 95097K->12001K(319488K), 0.0019470 secs] [Times: user=0.02 sys=0.00, real=0.01 secs] 
66.627: Total time for which application threads were stopped: 0.0036640 seconds, Stopping threads took: 0.0016330 seconds
66.703: Application time: 0.0766860 seconds
66.705: [GC [PSYoungGen: 89936K->7328K(97280K)] 95457K->12857K(319488K), 0.0020280 secs] [Times: user=0.01 sys=0.00, real=0.00 secs] 
66.707: Total time for which application threads were stopped: 0.0041220 seconds, Stopping threads took: 0.0020200 seconds
66.783: Application time: 0.0752350 seconds
66.785: [GC [PSYoungGen: 90784K->6688K(97280K)] 96313K->12217K(319488K), 0.0018430 secs] [Times: user=0.01 sys=0.00, real=0.00 secs] 
66.787: Total time for which application threads were stopped: 0.0043500 seconds, Stopping threads took: 0.0024240 seconds
66.862: Application time: 0.0753630 seconds
66.866: [GC [PSYoungGen: 90144K->7296K(97280K)] 95673K->12825K(319488K), 0.0019940 secs] [Times: user=0.01 sys=0.00, real=0.00 secs] 
66.868: Total time for which application threads were stopped: 0.0051330 seconds, Stopping threads took: 0.0030480 seconds
66.944: Application time: 0.0761120 seconds
66.946: [GC [PSYoungGen: 90752K->7616K(97280K)] 96281K->13145K(319488K), 0.0025180 secs] [Times: user=0.02 sys=0.00, real=0.00 secs] 
66.948: Total time for which application threads were stopped: 0.0045100 seconds, Stopping threads took: 0.0018870 seconds
67.027: Application time: 0.0786540 seconds
67.029: [GC [PSYoungGen: 91072K->6144K(97280K)] 96601K->11681K(319488K), 0.0018360 secs] [Times: user=0.01 sys=0.00, real=0.00 secs] 
67.031: Total time for which application threads were stopped: 0.0042630 seconds, Stopping threads took: 0.0023480 seconds
67.106: Application time: 0.0746250 seconds
67.108: [GC [PSYoungGen: 89600K->6752K(97280K)] 95137K->12297K(319488K), 0.0019100 secs] [Times: user=0.01 sys=0.00, real=0.00 secs] 
67.110: Total time for which application threads were stopped: 0.0037650 seconds, Stopping threads took: 0.0017720 seconds
67.186: Application time: 0.0766200 seconds
67.188: [GC [PSYoungGen: 90208K->8400K(97280K)] 95753K->13953K(319488K), 0.0024190 secs] [Times: user=0.02 sys=0.00, real=0.00 secs] 
67.191: Total time for which application threads were stopped: 0.0048030 seconds, Stopping threads took: 0.0022980 seconds
67.266: Application time: 0.0749270 seconds
67.268: [GC [PSYoungGen: 91856K->8096K(97280K)] 97409K->13649K(319488K), 0.0022240 secs] [Times: user=0.02 sys=0.00, real=0.00 secs] 
67.271: Total time for which application threads were stopped: 0.0046800 seconds, Stopping threads took: 0.0023810 seconds
67.347: Application time: 0.0768820 seconds
67.350: [GC [PSYoungGen: 91552K->6736K(97280K)] 97105K->12289K(319488K), 0.0019300 secs] [Times: user=0.01 sys=0.00, real=0.00 secs] 
67.352: Total time for which application threads were stopped: 0.0043540 seconds, Stopping threads took: 0.0023440 seconds
67.425: Application time: 0.0731500 seconds
67.427: [GC [PSYoungGen: 90192K->6992K(97280K)] 95745K->12545K(319488K), 0.0019780 secs] [Times: user=0.01 sys=0.00, real=0.00 secs] 
67.429: Total time for which application threads were stopped: 0.0037590 seconds, Stopping threads took: 0.0016900 seconds
67.505: Application time: 0.0759110 seconds
67.506: [GC [PSYoungGen: 90448K->6320K(97280K)] 96001K->11873K(319488K), 0.0018130 secs] [Times: user=0.01 sys=0.00, real=0.00 secs] 
67.508: Total time for which application threads were stopped: 0.0034370 seconds, Stopping threads took: 0.0015430 seconds
67.583: Application time: 0.0748850 seconds
67.585: [GC [PSYoungGen: 89776K->7712K(97280K)] 95329K->13273K(319488K), 0.0020910 secs] [Times: user=0.01 sys=0.00, real=0.00 secs] 
67.587: Total time for which application threads were stopped: 0.0044780 seconds, Stopping threads took: 0.0023060 seconds
67.662: Application time: 0.0748500 seconds
67.665: [GC [PSYoungGen: 91168K->8096K(97280K)] 96729K->13665K(319488K), 0.0023310 secs] [Times: user=0.02 sys=0.00, real=0.01 secs] 
67.667: Total time for which application threads were stopped: 0.0048210 seconds, Stopping threads took: 0.0024040 seconds
67.740: Application time: 0.0729230 seconds
67.742: [GC [PSYoungGen: 91552K->6624K(97280K)] 97121K->12193K(319488K), 0.0018770 secs] [Times: user=0.01 sys=0.00, real=0.00 secs] 
67.744: Total time for which application threads were stopped: 0.0035480 seconds, Stopping threads took: 0.0015870 seconds
67.821: Application time: 0.0770920 seconds
67.823: [GC [PSYoungGen: 90080K->6848K(97280K)] 95649K->12417K(319488K), 0.0019290 secs] [Times: user=0.01 sys=0.00, real=0.01 secs] 
67.825: Total time for which application threads were stopped: 0.0044890 seconds, Stopping threads took: 0.0024720 seconds
67.898: Application time: 0.0731070 seconds
67.900: [GC [PSYoungGen: 90304K->7184K(97280K)] 95873K->12753K(319488K), 0.0021470 secs] [Times: user=0.01 sys=0.00, real=0.00 secs] 
67.902: Total time for which application threads were stopped: 0.0040140 seconds, Stopping threads took: 0.0017850 seconds
67.979: Application time: 0.0765010 seconds
67.982: [GC [PSYoungGen: 90640K->6464K(97280K)] 96209K->12033K(319488K), 0.0018480 secs] [Times: user=0.02 sys=0.00, real=0.00 secs] 
67.984: Total time for which application threads were stopped: 0.0049230 seconds, Stopping threads took: 0.0029820 seconds
68.058: Application time: 0.0747680 seconds
68.061: [GC [PSYoungGen: 89920K->8080K(97280K)] 95489K->13657K(319488K), 0.0022790 secs] [Times: user=0.01 sys=0.00, real=0.00 secs] 
68.063: Total time for which application threads were stopped: 0.0044720 seconds, Stopping threads took: 0.0021160 seconds
68.137: Application time: 0.0743720 seconds
68.140: [GC [PSYoungGen: 91536K->7840K(97280K)] 97113K->13425K(319488K), 0.0022360 secs] [Times: user=0.02 sys=0.00, real=0.00 secs] 
68.142: Total time for which application threads were stopped: 0.0046980 seconds, Stopping threads took: 0.0023800 seconds
68.215: Application time: 0.0727960 seconds
68.218: [GC [PSYoungGen: 91296K->7200K(97280K)] 96881K->12793K(319488K), 0.0021500 secs] [Times: user=0.01 sys=0.00, real=0.00 secs] 
68.220: Total time for which application threads were stopped: 0.0049990 seconds, Stopping threads took: 0.0027660 seconds
68.298: Application time: 0.0784060 seconds
68.301: [GC [PSYoungGen: 90656K->6880K(97280K)] 96249K->12473K(319488K), 0.0019680 secs] [Times: user=0.01 sys=0.00, real=0.00 secs] 
68.303: Total time for which application threads were stopped: 0.0045210 seconds, Stopping threads took: 0.0024650 seconds
68.378: Application time: 0.0755320 seconds
68.381: [GC [PSYoungGen: 90336K->5504K(97280K)] 95929K->11097K(319488K), 0.0016660 secs] [Times: user=0.01 sys=0.00, real=0.00 secs] 
68.382: Total time for which application threads were stopped: 0.0041270 seconds, Stopping threads took: 0.0023810 seconds
68.463: Application time: 0.0807880 seconds
68.465: [GC [PSYoungGen: 88960K->5120K(97280K)] 94553K->10713K(319488K), 0.0014770 secs] [Times: user=0.01 sys=0.00, real=0.00 secs] 
68.467: Total time for which application threads were stopped: 0.0035890 seconds, Stopping threads took: 0.0020340 seconds
68.540: Application time: 0.0729470 seconds
68.542: [GC [PSYoungGen: 88576K->7456K(97280K)] 94169K->13057K(319488K), 0.0020680 secs] [Times: user=0.01 sys=0.00, real=0.00 secs] 
68.544: Total time for which application threads were stopped: 0.0046090 seconds, Stopping threads took: 0.0024490 seconds
68.623: Application time: 0.0788830 seconds
68.625: [GC [PSYoungGen: 90912K->7744K(97280K)] 96513K->13353K(319488K), 0.0023920 secs] [Times: user=0.02 sys=0.00, real=0.00 secs] 
68.628: Total time for which application threads were stopped: 0.0045650 seconds, Stopping threads took: 0.0020910 seconds
68.705: Application time: 0.0776730 seconds
68.707: [GC [PSYoungGen: 91200K->8176K(97280K)] 96809K->13793K(319488K), 0.0023020 secs] [Times: user=0.01 sys=0.00, real=0.00 secs] 
68.710: Total time for which application threads were stopped: 0.0041910 seconds, Stopping threads took: 0.0018070 seconds
68.792: Application time: 0.0826310 seconds
68.794: [GC [PSYoungGen: 91632K->6448K(97280K)] 97249K->12065K(319488K), 0.0018330 secs] [Times: user=0.01 sys=0.00, real=0.00 secs] 
68.796: Total time for which application threads were stopped: 0.0039040 seconds, Stopping threads took: 0.0019880 seconds
68.880: Application time: 0.0834790 seconds
68.882: [GC [PSYoungGen: 89904K->4288K(97280K)] 95521K->9905K(319488K), 0.0013180 secs] [Times: user=0.00 sys=0.00, real=0.00 secs] 
68.883: Total time for which application threads were stopped: 0.0036900 seconds, Stopping threads took: 0.0022960 seconds
68.965: Application time: 0.0820920 seconds
68.968: [GC [PSYoungGen: 87744K->7008K(97280K)] 93361K->12625K(319488K), 0.0020020 secs] [Times: user=0.02 sys=0.00, real=0.00 secs] 
68.970: Total time for which application threads were stopped: 0.0049030 seconds, Stopping threads took: 0.0028180 seconds
69.050: Application time: 0.0800670 seconds
69.053: [GC [PSYoungGen: 90464K->6496K(97280K)] 96081K->12121K(319488K), 0.0019950 secs] [Times: user=0.01 sys=0.00, real=0.00 secs] 
69.055: Total time for which application threads were stopped: 0.0045440 seconds, Stopping threads took: 0.0024610 seconds
69.135: Application time: 0.0797740 seconds
69.136: [GC [PSYoungGen: 89952K->7056K(97280K)] 95577K->12689K(319488K), 0.0020180 secs] [Times: user=0.01 sys=0.00, real=0.01 secs] 
69.138: Total time for which application threads were stopped: 0.0033840 seconds, Stopping threads took: 0.0012820 seconds
69.217: Application time: 0.0787390 seconds
69.220: [GC [PSYoungGen: 90512K->7296K(97280K)] 96145K->12937K(319488K), 0.0020220 secs] [Times: user=0.01 sys=0.00, real=0.00 secs] 
69.222: Total time for which application threads were stopped: 0.0052040 seconds, Stopping threads took: 0.0031040 seconds
69.307: Application time: 0.0844990 seconds
69.310: [GC [PSYoungGen: 90752K->6448K(97280K)] 96393K->12089K(319488K), 0.0018100 secs] [Times: user=0.01 sys=0.00, real=0.00 secs] 
69.312: Total time for which application threads were stopped: 0.0050550 seconds, Stopping threads took: 0.0031640 seconds
69.394: Application time: 0.0826160 seconds
69.397: [GC [PSYoungGen: 89904K->6848K(97280K)] 95545K->12489K(319488K), 0.0018760 secs] [Times: user=0.01 sys=0.00, real=0.01 secs] 
69.399: Total time for which application threads were stopped: 0.0042170 seconds, Stopping threads took: 0.0022670 seconds
69.481: Application time: 0.0821130 seconds
69.483: [GC [PSYoungGen: 90304K->5856K(97280K)] 95945K->11497K(319488K), 0.0017640 secs] [Times: user=0.01 sys=0.00, real=0.00 secs] 
69.485: Total time for which application threads were stopped: 0.0040240 seconds, Stopping threads took: 0.0021820 seconds
69.565: Application time: 0.0798910 seconds
69.567: [GC [PSYoungGen: 89312K->6672K(97280K)] 94953K->12321K(319488K), 0.0018990 secs] [Times: user=0.01 sys=0.00, real=0.00 secs] 
69.569: Total time for which application threads were stopped: 0.0043760 seconds, Stopping threads took: 0.0023790 seconds
69.649: Application time: 0.0803680 seconds
69.652: [GC [PSYoungGen: 90128K->7152K(97280K)] 95777K->12809K(319488K), 0.0021070 secs] [Times: user=0.01 sys=0.00, real=0.00 secs] 
69.654: Total time for which application threads were stopped: 0.0047890 seconds, Stopping threads took: 0.0025900 seconds
69.733: Application time: 0.0793200 seconds
69.736: [GC [PSYoungGen: 90608K->7696K(97280K)] 96265K->13361K(319488K), 0.0022260 secs] [Times: user=0.02 sys=0.00, real=0.01 secs] 
69.738: Total time for which application threads were stopped: 0.0050680 seconds, Stopping threads took: 0.0027540 seconds
69.820: Application time: 0.0813450 seconds
69.823: [GC [PSYoungGen: 91152K->7184K(97280K)] 96817K->12849K(319488K), 0.0020690 secs] [Times: user=0.01 sys=0.00, real=0.00 secs] 
69.825: Total time for which application threads were stopped: 0.0049710 seconds, Stopping threads took: 0.0028150 seconds
69.904: Application time: 0.0792350 seconds
69.907: [GC [PSYoungGen: 90640K->6992K(97280K)] 96305K->12657K(319488K), 0.0019720 secs] [Times: user=0.01 sys=0.00, real=0.00 secs] 
69.909: Total time for which application threads were stopped: 0.0044810 seconds, Stopping threads took: 0.0024230 seconds
69.990: Application time: 0.0818070 seconds
69.993: [GC [PSYoungGen: 90448K->8048K(97280K)] 96113K->13713K(319488K), 0.0023410 secs] [Times: user=0.02 sys=0.00, real=0.00 secs] 
69.995: Total time for which application threads were stopped: 0.0048500 seconds, Stopping threads took: 0.0024220 seconds
70.076: Application time: 0.0809820 seconds
70.078: [GC [PSYoungGen: 91504K->5728K(97280K)] 97169K->11393K(319488K), 0.0017990 secs] [Times: user=0.01 sys=0.00, real=0.00 secs] 
70.080: Total time for which application threads were stopped: 0.0034400 seconds, Stopping threads took: 0.0015570 seconds
70.163: Application time: 0.0836010 seconds
70.167: [GC [PSYoungGen: 89184K->7152K(97280K)] 94849K->12825K(319488K), 0.0020620 secs] [Times: user=0.02 sys=0.00, real=0.00 secs] 
70.169: Total time for which application threads were stopped: 0.0054360 seconds, Stopping threads took: 0.0032950 seconds
70.250: Application time: 0.0815660 seconds
70.253: [GC [PSYoungGen: 90608K->7856K(97280K)] 96281K->13537K(319488K), 0.0024200 secs] [Times: user=0.01 sys=0.00, real=0.00 secs] 
70.256: Total time for which application threads were stopped: 0.0056570 seconds, Stopping threads took: 0.0031430 seconds
70.339: Application time: 0.0830940 seconds
70.342: [GC [PSYoungGen: 91312K->7456K(97280K)] 96993K->13145K(319488K), 0.0020290 secs] [Times: user=0.01 sys=0.00, real=0.00 secs] 
70.344: Total time for which application threads were stopped: 0.0054280 seconds, Stopping threads took: 0.0033170 seconds
70.428: Application time: 0.0834760 seconds
70.431: [GC [PSYoungGen: 90912K->6704K(97280K)] 96601K->12393K(319488K), 0.0018830 secs] [Times: user=0.02 sys=0.00, real=0.00 secs] 
70.433: Total time for which application threads were stopped: 0.0048120 seconds, Stopping threads took: 0.0028500 seconds
70.515: Application time: 0.0818220 seconds
70.517: [GC [PSYoungGen: 90160K->6624K(97280K)] 95849K->12313K(319488K), 0.0019770 secs] [Times: user=0.02 sys=0.00, real=0.00 secs] 
70.519: Total time for which application threads were stopped: 0.0046130 seconds, Stopping threads took: 0.0025490 seconds
70.600: Application time: 0.0812740 seconds
70.602: [GC [PSYoungGen: 90080K->6464K(97280K)] 95769K->12153K(319488K), 0.0019070 secs] [Times: user=0.01 sys=0.00, real=0.00 secs] 
70.604: Total time for which application threads were stopped: 0.0038010 seconds, Stopping threads took: 0.0018000 seconds
70.688: Application time: 0.0834790 seconds
70.691: [GC [PSYoungGen: 89920K->6464K(97280K)] 95609K->12161K(319488K), 0.0018670 secs] [Times: user=0.01 sys=0.00, real=0.00 secs] 
70.693: Total time for which application threads were stopped: 0.0049710 seconds, Stopping threads took: 0.0030240 seconds
70.774: Application time: 0.0816560 seconds
70.778: [GC [PSYoungGen: 89920K->6880K(97280K)] 95617K->12585K(319488K), 0.0019420 secs] [Times: user=0.01 sys=0.00, real=0.00 secs] 
70.780: Total time for which application threads were stopped: 0.0052300 seconds, Stopping threads took: 0.0032030 seconds
70.863: Application time: 0.0834690 seconds
70.865: [GC [PSYoungGen: 90336K->7536K(97280K)] 96041K->13249K(319488K), 0.0020170 secs] [Times: user=0.01 sys=0.01, real=0.01 secs] 
70.867: Total time for which application threads were stopped: 0.0040740 seconds, Stopping threads took: 0.0019780 seconds
70.951: Application time: 0.0835430 seconds
70.953: [GC [PSYoungGen: 90990K->6480K(97280K)] 96703K->12193K(319488K), 0.0018970 secs] [Times: user=0.01 sys=0.00, real=0.00 secs] 
70.954: Total time for which application threads were stopped: 0.0037980 seconds, Stopping threads took: 0.0018050 seconds
71.036: Application time: 0.0814120 seconds
71.039: [GC [PSYoungGen: 89936K->7216K(97280K)] 95649K->12929K(319488K), 0.0021210 secs] [Times: user=0.02 sys=0.00, real=0.00 secs] 
71.041: Total time for which application threads were stopped: 0.0050530 seconds, Stopping threads took: 0.0028470 seconds
71.119: Application time: 0.0783150 seconds
71.122: [GC [PSYoungGen: 90672K->7120K(97280K)] 96385K->12833K(319488K), 0.0019880 secs] [Times: user=0.01 sys=0.00, real=0.00 secs] 
71.124: Total time for which application threads were stopped: 0.0044130 seconds, Stopping threads took: 0.0023320 seconds
71.203: Application time: 0.0794590 seconds
71.206: [GC [PSYoungGen: 90576K->7664K(97280K)] 96289K->13385K(319488K), 0.0021680 secs] [Times: user=0.02 sys=0.00, real=0.00 secs] 
71.209: Total time for which application threads were stopped: 0.0053900 seconds, Stopping threads took: 0.0031160 seconds
71.289: Application time: 0.0800750 seconds
71.290: [GC [PSYoungGen: 91120K->6736K(97280K)] 96841K->12465K(319488K), 0.0019200 secs] [Times: user=0.02 sys=0.00, real=0.00 secs] 
71.292: Total time for which application threads were stopped: 0.0036630 seconds, Stopping threads took: 0.0016690 seconds
71.374: Application time: 0.0815300 seconds
71.376: [GC [PSYoungGen: 90192K->6832K(97280K)] 95921K->12569K(319488K), 0.0019960 secs] [Times: user=0.01 sys=0.00, real=0.01 secs] 
71.378: Total time for which application threads were stopped: 0.0037530 seconds, Stopping threads took: 0.0016790 seconds
71.458: Application time: 0.0805340 seconds
71.461: [GC [PSYoungGen: 90286K->7168K(97280K)] 96024K->12905K(319488K), 0.0019800 secs] [Times: user=0.01 sys=0.01, real=0.00 secs] 
71.463: Total time for which application threads were stopped: 0.0049370 seconds, Stopping threads took: 0.0028650 seconds
71.544: Application time: 0.0811120 seconds
71.546: [GC [PSYoungGen: 90624K->7520K(97280K)] 96361K->13257K(319488K), 0.0021580 secs] [Times: user=0.01 sys=0.00, real=0.00 secs] 
71.549: Total time for which application threads were stopped: 0.0043690 seconds, Stopping threads took: 0.0021250 seconds
71.626: Application time: 0.0774400 seconds
71.628: [GC [PSYoungGen: 90976K->6736K(97280K)] 96713K->12473K(319488K), 0.0018280 secs] [Times: user=0.01 sys=0.00, real=0.00 secs] 
71.630: Total time for which application threads were stopped: 0.0042910 seconds, Stopping threads took: 0.0023760 seconds
71.711: Application time: 0.0811140 seconds
71.714: [GC [PSYoungGen: 90192K->6112K(97280K)] 95929K->11857K(319488K), 0.0017950 secs] [Times: user=0.01 sys=0.00, real=0.00 secs] 
71.716: Total time for which application threads were stopped: 0.0043010 seconds, Stopping threads took: 0.0024280 seconds
71.795: Application time: 0.0794190 seconds
71.798: [GC [PSYoungGen: 89568K->7072K(97280K)] 95313K->12825K(319488K), 0.0020030 secs] [Times: user=0.02 sys=0.00, real=0.00 secs] 
71.800: Total time for which application threads were stopped: 0.0047060 seconds, Stopping threads took: 0.0026130 seconds
71.879: Application time: 0.0796280 seconds
71.882: [GC [PSYoungGen: 90528K->6032K(97280K)] 96281K->11793K(319488K), 0.0017260 secs] [Times: user=0.01 sys=0.00, real=0.00 secs] 
71.884: Total time for which application threads were stopped: 0.0046600 seconds, Stopping threads took: 0.0028220 seconds
71.963: Application time: 0.0785190 seconds
71.964: [GC [PSYoungGen: 89488K->7696K(97280K)] 95249K->13457K(319488K), 0.0021760 secs] [Times: user=0.01 sys=0.00, real=0.01 secs] 
71.966: Total time for which application threads were stopped: 0.0037980 seconds, Stopping threads took: 0.0015390 seconds
72.050: Application time: 0.0831800 seconds
72.051: [GC [PSYoungGen: 91152K->6080K(97280K)] 96913K->11841K(319488K), 0.0018250 secs] [Times: user=0.02 sys=0.00, real=0.00 secs] 
72.053: Total time for which application threads were stopped: 0.0033410 seconds, Stopping threads took: 0.0014390 seconds
72.131: Application time: 0.0785080 seconds
72.134: [GC [PSYoungGen: 89536K->7600K(97280K)] 95297K->13361K(319488K), 0.0021390 secs] [Times: user=0.01 sys=0.00, real=0.00 secs] 
72.136: Total time for which application threads were stopped: 0.0046690 seconds, Stopping threads took: 0.0024350 seconds
72.217: Application time: 0.0803940 seconds
72.218: [GC [PSYoungGen: 91056K->7040K(97280K)] 96817K->12801K(319488K), 0.0020330 secs] [Times: user=0.02 sys=0.00, real=0.00 secs] 
72.220: Total time for which application threads were stopped: 0.0036790 seconds, Stopping threads took: 0.0015620 seconds
72.299: Application time: 0.0787130 seconds
72.301: [GC [PSYoungGen: 90496K->6176K(97280K)] 96257K->11945K(319488K), 0.0017840 secs] [Times: user=0.01 sys=0.00, real=0.00 secs] 
72.303: Total time for which application threads were stopped: 0.0040980 seconds, Stopping threads took: 0.0022330 seconds
72.384: Application time: 0.0808440 seconds
72.386: [GC [PSYoungGen: 89632K->6272K(97280K)] 95401K->12049K(319488K), 0.0018640 secs] [Times: user=0.01 sys=0.00, real=0.00 secs] 
72.388: Total time for which application threads were stopped: 0.0040310 seconds, Stopping threads took: 0.0020790 seconds
72.467: Application time: 0.0792900 seconds
72.470: [GC [PSYoungGen: 89728K->6144K(97280K)] 95505K->11937K(319488K), 0.0018310 secs] [Times: user=0.02 sys=0.00, real=0.00 secs] 
72.471: Total time for which application threads were stopped: 0.0042470 seconds, Stopping threads took: 0.0023290 seconds
72.551: Application time: 0.0793090 seconds
72.552: [GC [PSYoungGen: 89600K->6576K(97280K)] 95393K->12369K(319488K), 0.0019510 secs] [Times: user=0.02 sys=0.00, real=0.00 secs] 
72.554: Total time for which application threads were stopped: 0.0033130 seconds, Stopping threads took: 0.0012790 seconds
72.635: Application time: 0.0809750 seconds
72.638: [GC [PSYoungGen: 90032K->6896K(97280K)] 95825K->12689K(319488K), 0.0018760 secs] [Times: user=0.01 sys=0.00, real=0.00 secs] 
72.640: Total time for which application threads were stopped: 0.0047020 seconds, Stopping threads took: 0.0027430 seconds
72.719: Application time: 0.0797090 seconds
72.721: [GC [PSYoungGen: 90352K->4704K(97280K)] 96145K->10497K(319488K), 0.0014960 secs] [Times: user=0.00 sys=0.01, real=0.00 secs] 
72.723: Total time for which application threads were stopped: 0.0031400 seconds, Stopping threads took: 0.0015720 seconds
72.800: Application time: 0.0776720 seconds
72.802: [GC [PSYoungGen: 88160K->5616K(97280K)] 93953K->11417K(319488K), 0.0015520 secs] [Times: user=0.01 sys=0.00, real=0.00 secs] 
72.803: Total time for which application threads were stopped: 0.0029050 seconds, Stopping threads took: 0.0012720 seconds
72.881: Application time: 0.0780990 seconds
72.884: [GC [PSYoungGen: 89072K->7168K(97280K)] 94873K->12977K(319488K), 0.0020270 secs] [Times: user=0.01 sys=0.00, real=0.01 secs] 
72.886: Total time for which application threads were stopped: 0.0047830 seconds, Stopping threads took: 0.0026720 seconds
72.961: Application time: 0.0745880 seconds
72.962: [GC [PSYoungGen: 90624K->7872K(97280K)] 96433K->13689K(319488K), 0.0021230 secs] [Times: user=0.02 sys=0.00, real=0.00 secs] 
72.965: Total time for which application threads were stopped: 0.0039100 seconds, Stopping threads took: 0.0017100 seconds
73.044: Application time: 0.0799050 seconds
73.047: [GC [PSYoungGen: 91328K->7280K(97280K)] 97145K->13097K(319488K), 0.0021790 secs] [Times: user=0.01 sys=0.00, real=0.00 secs] 
73.050: Total time for which application threads were stopped: 0.0052240 seconds, Stopping threads took: 0.0029600 seconds
73.124: Application time: 0.0742290 seconds
73.126: [GC [PSYoungGen: 90736K->6560K(97280K)] 96553K->12377K(319488K), 0.0018130 secs] [Times: user=0.01 sys=0.00, real=0.00 secs] 
73.128: Total time for which application threads were stopped: 0.0040060 seconds, Stopping threads took: 0.0021150 seconds
73.205: Application time: 0.0772150 seconds
73.207: [GC [PSYoungGen: 90016K->6608K(97280K)] 95833K->12425K(319488K), 0.0017970 secs] [Times: user=0.01 sys=0.00, real=0.00 secs] 
73.209: Total time for which application threads were stopped: 0.0040060 seconds, Stopping threads took: 0.0021230 seconds
73.287: Application time: 0.0778010 seconds
73.288: [GC [PSYoungGen: 90064K->5600K(97280K)] 95881K->11425K(319488K), 0.0016840 secs] [Times: user=0.01 sys=0.00, real=0.00 secs] 
73.289: Total time for which application threads were stopped: 0.0024410 seconds, Stopping threads took: 0.0006790 seconds
73.373: Application time: 0.0832610 seconds
73.375: [GC [PSYoungGen: 89056K->6368K(97280K)] 94881K->12201K(319488K), 0.0018050 secs] [Times: user=0.01 sys=0.00, real=0.01 secs] 
73.377: Total time for which application threads were stopped: 0.0045870 seconds, Stopping threads took: 0.0027010 seconds
73.454: Application time: 0.0770130 seconds
73.456: [GC [PSYoungGen: 89824K->6912K(97280K)] 95657K->12753K(319488K), 0.0019110 secs] [Times: user=0.01 sys=0.00, real=0.01 secs] 
73.458: Total time for which application threads were stopped: 0.0041020 seconds, Stopping threads took: 0.0021190 seconds
73.533: Application time: 0.0741740 seconds
73.537: [GC [PSYoungGen: 90368K->6608K(97280K)] 96209K->12449K(319488K), 0.0017870 secs] [Times: user=0.01 sys=0.00, real=0.00 secs] 
73.539: Total time for which application threads were stopped: 0.0064750 seconds, Stopping threads took: 0.0046140 seconds
73.617: Application time: 0.0777420 seconds
73.619: [GC [PSYoungGen: 90064K->6768K(97280K)] 95905K->12609K(319488K), 0.0018230 secs] [Times: user=0.02 sys=0.00, real=0.00 secs] 
73.621: Total time for which application threads were stopped: 0.0044630 seconds, Stopping threads took: 0.0025610 seconds
73.702: Application time: 0.0809420 seconds
73.703: [GC [PSYoungGen: 90224K->5904K(97280K)] 96065K->11745K(319488K), 0.0017460 secs] [Times: user=0.01 sys=0.00, real=0.00 secs] 
73.705: Total time for which application threads were stopped: 0.0028180 seconds, Stopping threads took: 0.0009780 seconds
73.779: Application time: 0.0741480 seconds
73.781: [GC [PSYoungGen: 89360K->6320K(97280K)] 95201K->12169K(319488K), 0.0018770 secs] [Times: user=0.02 sys=0.00, real=0.00 secs] 
73.783: Total time for which application threads were stopped: 0.0033850 seconds, Stopping threads took: 0.0014210 seconds
73.862: Application time: 0.0795790 seconds
73.864: [GC [PSYoungGen: 89776K->7744K(97280K)] 95625K->13601K(319488K), 0.0022230 secs] [Times: user=0.02 sys=0.00, real=0.01 secs] 
73.866: Total time for which application threads were stopped: 0.0040140 seconds, Stopping threads took: 0.0017080 seconds
73.941: Application time: 0.0746700 seconds
73.943: [GC [PSYoungGen: 91200K->8352K(97280K)] 97057K->14217K(319488K), 0.0024060 secs] [Times: user=0.01 sys=0.00, real=0.01 secs] 
73.945: Total time for which application threads were stopped: 0.0043110 seconds, Stopping threads took: 0.0018220 seconds
74.018: Application time: 0.0727570 seconds
74.020: [GC [PSYoungGen: 91808K->7008K(97280K)] 97673K->12873K(319488K), 0.0020510 secs] [Times: user=0.01 sys=0.00, real=0.00 secs] 
74.022: Total time for which application threads were stopped: 0.0045390 seconds, Stopping threads took: 0.0024040 seconds
74.096: Application time: 0.0734850 seconds
74.098: [GC [PSYoungGen: 90464K->7440K(97280K)] 96329K->13305K(319488K), 0.0021400 secs] [Times: user=0.01 sys=0.00, real=0.00 secs] 
74.100: Total time for which application threads were stopped: 0.0045440 seconds, Stopping threads took: 0.0023250 seconds
74.178: Application time: 0.0776250 seconds
74.180: [GC [PSYoungGen: 90896K->5728K(97280K)] 96761K->11593K(319488K), 0.0016470 secs] [Times: user=0.01 sys=0.00, real=0.00 secs] 
74.181: Total time for which application threads were stopped: 0.0032380 seconds, Stopping threads took: 0.0015120 seconds
74.257: Application time: 0.0752820 seconds
74.258: [GC [PSYoungGen: 89184K->7232K(97280K)] 95049K->13097K(319488K), 0.0020890 secs] [Times: user=0.01 sys=0.00, real=0.00 secs] 
74.260: Total time for which application threads were stopped: 0.0032650 seconds, Stopping threads took: 0.0010970 seconds
74.336: Application time: 0.0762820 seconds
74.338: [GC [PSYoungGen: 90688K->6528K(97280K)] 96553K->12401K(319488K), 0.0019060 secs] [Times: user=0.01 sys=0.00, real=0.00 secs] 
74.340: Total time for which application threads were stopped: 0.0033500 seconds, Stopping threads took: 0.0013590 seconds
74.411: Application time: 0.0713570 seconds
74.413: [GC [PSYoungGen: 89984K->7760K(97280K)] 95857K->13641K(319488K), 0.0022710 secs] [Times: user=0.01 sys=0.00, real=0.00 secs] 
74.415: Total time for which application threads were stopped: 0.0041020 seconds, Stopping threads took: 0.0017470 seconds
74.493: Application time: 0.0775610 seconds
74.495: [GC [PSYoungGen: 91216K->7136K(97280K)] 97097K->13017K(319488K), 0.0020410 secs] [Times: user=0.01 sys=0.00, real=0.01 secs] 
74.498: Total time for which application threads were stopped: 0.0049910 seconds, Stopping threads took: 0.0028650 seconds
74.570: Application time: 0.0727600 seconds
74.573: [GC [PSYoungGen: 90592K->8016K(97280K)] 96473K->13897K(319488K), 0.0022750 secs] [Times: user=0.01 sys=0.00, real=0.00 secs] 
74.575: Total time for which application threads were stopped: 0.0048700 seconds, Stopping threads took: 0.0025070 seconds
74.653: Application time: 0.0781320 seconds
74.654: [GC [PSYoungGen: 91472K->6608K(97280K)] 97353K->12489K(319488K), 0.0018820 secs] [Times: user=0.01 sys=0.00, real=0.00 secs] 
74.656: Total time for which application threads were stopped: 0.0030610 seconds, Stopping threads took: 0.0011020 seconds
74.730: Application time: 0.0732630 seconds
74.732: [GC [PSYoungGen: 90064K->7264K(97280K)] 95945K->13145K(319488K), 0.0020700 secs] [Times: user=0.02 sys=0.00, real=0.00 secs] 
74.734: Total time for which application threads were stopped: 0.0044270 seconds, Stopping threads took: 0.0022690 seconds
74.810: Application time: 0.0758550 seconds
74.812: [GC [PSYoungGen: 90720K->6368K(97280K)] 96601K->12257K(319488K), 0.0018960 secs] [Times: user=0.01 sys=0.00, real=0.00 secs] 
74.814: Total time for which application threads were stopped: 0.0040150 seconds, Stopping threads took: 0.0020430 seconds
74.889: Application time: 0.0746220 seconds
74.891: [GC [PSYoungGen: 89824K->7664K(97280K)] 95713K->13561K(319488K), 0.0021130 secs] [Times: user=0.02 sys=0.00, real=0.00 secs] 
74.893: Total time for which application threads were stopped: 0.0042050 seconds, Stopping threads took: 0.0020070 seconds
74.972: Application time: 0.0788270 seconds
74.973: [GC [PSYoungGen: 91120K->7456K(97280K)] 97017K->13361K(319488K), 0.0020840 secs] [Times: user=0.01 sys=0.01, real=0.00 secs] 
74.975: Total time for which application threads were stopped: 0.0034000 seconds, Stopping threads took: 0.0012300 seconds
75.050: Application time: 0.0751520 seconds
75.052: [GC [PSYoungGen: 90912K->7840K(97280K)] 96817K->13745K(319488K), 0.0021180 secs] [Times: user=0.02 sys=0.00, real=0.00 secs] 
75.054: Total time for which application threads were stopped: 0.0037880 seconds, Stopping threads took: 0.0015940 seconds
75.129: Application time: 0.0749020 seconds
75.131: [GC [PSYoungGen: 91296K->7296K(97280K)] 97201K->13201K(319488K), 0.0021420 secs] [Times: user=0.02 sys=0.00, real=0.00 secs] 
75.133: Total time for which application threads were stopped: 0.0046430 seconds, Stopping threads took: 0.0024150 seconds
75.208: Application time: 0.0743490 seconds
75.210: [GC [PSYoungGen: 90752K->7552K(97280K)] 96657K->13457K(319488K), 0.0021490 secs] [Times: user=0.01 sys=0.00, real=0.00 secs] 
75.212: Total time for which application threads were stopped: 0.0039890 seconds, Stopping threads took: 0.0017470 seconds
75.288: Application time: 0.0763200 seconds
75.291: [GC [PSYoungGen: 91008K->5936K(97280K)] 96913K->11849K(319488K), 0.0017060 secs] [Times: user=0.01 sys=0.00, real=0.00 secs] 
75.293: Total time for which application threads were stopped: 0.0043430 seconds, Stopping threads took: 0.0025560 seconds
75.367: Application time: 0.0743180 seconds
75.369: [GC [PSYoungGen: 89392K->7648K(97280K)] 95305K->13569K(319488K), 0.0022340 secs] [Times: user=0.02 sys=0.00, real=0.00 secs] 
75.371: Total time for which application threads were stopped: 0.0044090 seconds, Stopping threads took: 0.0020880 seconds
75.448: Application time: 0.0766450 seconds
75.450: [GC [PSYoungGen: 91104K->6992K(97280K)] 97025K->12921K(319488K), 0.0019670 secs] [Times: user=0.01 sys=0.00, real=0.00 secs] 
75.452: Total time for which application threads were stopped: 0.0042040 seconds, Stopping threads took: 0.0021480 seconds
75.525: Application time: 0.0731890 seconds
75.528: [GC [PSYoungGen: 90448K->7312K(97280K)] 96377K->13241K(319488K), 0.0020840 secs] [Times: user=0.01 sys=0.00, real=0.00 secs] 
75.530: Total time for which application threads were stopped: 0.0051910 seconds, Stopping threads took: 0.0030260 seconds
75.604: Application time: 0.0731290 seconds
75.606: [GC [PSYoungGen: 90768K->6512K(97280K)] 96697K->12441K(319488K), 0.0018500 secs] [Times: user=0.01 sys=0.00, real=0.00 secs] 
75.607: Total time for which application threads were stopped: 0.0038660 seconds, Stopping threads took: 0.0019400 seconds
75.680: Application time: 0.0723640 seconds
75.682: [GC [PSYoungGen: 89968K->7664K(97280K)] 95897K->13593K(319488K), 0.0021590 secs] [Times: user=0.01 sys=0.00, real=0.00 secs] 
75.684: Total time for which application threads were stopped: 0.0045850 seconds, Stopping threads took: 0.0023470 seconds
75.761: Application time: 0.0763170 seconds
75.763: [GC [PSYoungGen: 91120K->7632K(97280K)] 97049K->13569K(319488K), 0.0022550 secs] [Times: user=0.00 sys=0.01, real=0.01 secs] 
75.765: Total time for which application threads were stopped: 0.0043760 seconds, Stopping threads took: 0.0020240 seconds
75.843: Application time: 0.0774270 seconds
75.844: [GC [PSYoungGen: 91088K->4752K(97280K)] 97025K->10697K(319488K), 0.0015340 secs] [Times: user=0.01 sys=0.00, real=0.01 secs] 
75.845: Total time for which application threads were stopped: 0.0027310 seconds, Stopping threads took: 0.0011180 seconds
75.921: Application time: 0.0761460 seconds
75.924: [GC [PSYoungGen: 88208K->8176K(97280K)] 94153K->14129K(319488K), 0.0023250 secs] [Times: user=0.01 sys=0.00, real=0.01 secs] 
75.926: Total time for which application threads were stopped: 0.0048700 seconds, Stopping threads took: 0.0024590 seconds
76.003: Application time: 0.0762920 seconds
76.004: [GC [PSYoungGen: 91632K->7744K(97280K)] 97585K->13697K(319488K), 0.0020580 secs] [Times: user=0.02 sys=0.00, real=0.01 secs] 
76.006: Total time for which application threads were stopped: 0.0031860 seconds, Stopping threads took: 0.0010470 seconds
76.084: Application time: 0.0785980 seconds
76.087: [GC [PSYoungGen: 91200K->7280K(97280K)] 97153K->13233K(319488K), 0.0020830 secs] [Times: user=0.02 sys=0.00, real=0.00 secs] 
76.089: Total time for which application threads were stopped: 0.0047240 seconds, Stopping threads took: 0.0025490 seconds
76.163: Application time: 0.0739270 seconds
76.165: [GC [PSYoungGen: 90736K->7760K(97280K)] 96689K->13713K(319488K), 0.0022780 secs] [Times: user=0.01 sys=0.00, real=0.01 secs] 
76.167: Total time for which application threads were stopped: 0.0041060 seconds, Stopping threads took: 0.0017440 seconds
76.241: Application time: 0.0741570 seconds
76.243: [GC [PSYoungGen: 91216K->8256K(97280K)] 97169K->14225K(319488K), 0.0024770 secs] [Times: user=0.02 sys=0.00, real=0.01 secs] 
76.246: Total time for which application threads were stopped: 0.0045330 seconds, Stopping threads took: 0.0019670 seconds
76.320: Application time: 0.0744700 seconds
76.323: [GC [PSYoungGen: 91712K->7024K(97280K)] 97681K->13001K(319488K), 0.0018860 secs] [Times: user=0.01 sys=0.00, real=0.00 secs] 
76.325: Total time for which application threads were stopped: 0.0046790 seconds, Stopping threads took: 0.0027210 seconds
76.403: Application time: 0.0782420 seconds
76.406: [GC [PSYoungGen: 90480K->7584K(97280K)] 96457K->13569K(319488K), 0.0021330 secs] [Times: user=0.02 sys=0.00, real=0.00 secs] 
76.408: Total time for which application threads were stopped: 0.0048810 seconds, Stopping threads took: 0.0026660 seconds
76.482: Application time: 0.0734100 seconds
76.483: [GC [PSYoungGen: 91040K->7184K(97280K)] 97025K->13177K(319488K), 0.0021350 secs] [Times: user=0.02 sys=0.00, real=0.01 secs] 
76.486: Total time for which application threads were stopped: 0.0041210 seconds, Stopping threads took: 0.0019020 seconds
76.563: Application time: 0.0768950 seconds
76.564: [GC [PSYoungGen: 90640K->7584K(97280K)] 96633K->13577K(319488K), 0.0021410 secs] [Times: user=0.01 sys=0.00, real=0.01 secs] 
76.567: Total time for which application threads were stopped: 0.0040820 seconds, Stopping threads took: 0.0018520 seconds
76.641: Application time: 0.0741640 seconds
76.644: [GC [PSYoungGen: 91040K->6192K(97280K)] 97033K->12185K(319488K), 0.0018690 secs] [Times: user=0.01 sys=0.00, real=0.01 secs] 
76.646: Total time for which application threads were stopped: 0.0050110 seconds, Stopping threads took: 0.0030600 seconds
76.728: Application time: 0.0817830 seconds
76.730: [GC [PSYoungGen: 89648K->7184K(97280K)] 95641K->13185K(319488K), 0.0021030 secs] [Times: user=0.01 sys=0.00, real=0.00 secs] 
76.732: Total time for which application threads were stopped: 0.0046850 seconds, Stopping threads took: 0.0024960 seconds
76.814: Application time: 0.0820730 seconds
76.816: [GC [PSYoungGen: 90640K->5824K(97280K)] 96641K->11833K(319488K), 0.0017420 secs] [Times: user=0.00 sys=0.00, real=0.01 secs] 
76.818: Total time for which application threads were stopped: 0.0036200 seconds, Stopping threads took: 0.0017950 seconds
76.899: Application time: 0.0812220 seconds
76.901: [GC [PSYoungGen: 89280K->6528K(97280K)] 95289K->12545K(319488K), 0.0018150 secs] [Times: user=0.01 sys=0.00, real=0.00 secs] 
76.903: Total time for which application threads were stopped: 0.0037720 seconds, Stopping threads took: 0.0018770 seconds
76.985: Application time: 0.0819680 seconds
76.988: [GC [PSYoungGen: 89984K->6784K(97280K)] 96001K->12809K(319488K), 0.0020020 secs] [Times: user=0.02 sys=0.00, real=0.00 secs] 
76.990: Total time for which application threads were stopped: 0.0047000 seconds, Stopping threads took: 0.0026130 seconds
77.072: Application time: 0.0818600 seconds
77.074: [GC [PSYoungGen: 90240K->5952K(97280K)] 96265K->11977K(319488K), 0.0016880 secs] [Times: user=0.01 sys=0.00, real=0.00 secs] 
77.075: Total time for which application threads were stopped: 0.0037180 seconds, Stopping threads took: 0.0019490 seconds
77.153: Application time: 0.0778770 seconds
77.155: [GC [PSYoungGen: 89408K->6336K(97280K)] 95433K->12361K(319488K), 0.0018530 secs] [Times: user=0.01 sys=0.00, real=0.01 secs] 
77.157: Total time for which application threads were stopped: 0.0041080 seconds, Stopping threads took: 0.0021680 seconds
77.239: Application time: 0.0815680 seconds
77.242: [GC [PSYoungGen: 89792K->7616K(97280K)] 95817K->13649K(319488K), 0.0020430 secs] [Times: user=0.01 sys=0.00, real=0.00 secs] 
77.244: Total time for which application threads were stopped: 0.0053360 seconds, Stopping threads took: 0.0032080 seconds
77.328: Application time: 0.0836780 seconds
77.331: [GC [PSYoungGen: 91072K->7024K(97280K)] 97105K->13065K(319488K), 0.0019000 secs] [Times: user=0.01 sys=0.00, real=0.00 secs] 
77.332: Total time for which application threads were stopped: 0.0046500 seconds, Stopping threads took: 0.0026720 seconds
77.414: Application time: 0.0818700 seconds
77.417: [GC [PSYoungGen: 90480K->8256K(97280K)] 96521K->14313K(319488K), 0.0023940 secs] [Times: user=0.02 sys=0.00, real=0.01 secs] 
77.419: Total time for which application threads were stopped: 0.0051390 seconds, Stopping threads took: 0.0026540 seconds
77.499: Application time: 0.0799040 seconds
77.502: [GC [PSYoungGen: 91712K->6592K(97280K)] 97769K->12657K(319488K), 0.0018400 secs] [Times: user=0.01 sys=0.00, real=0.00 secs] 
77.504: Total time for which application threads were stopped: 0.0046420 seconds, Stopping threads took: 0.0027240 seconds
77.585: Application time: 0.0810170 seconds
77.588: [GC [PSYoungGen: 90048K->8112K(97280K)] 96113K->14177K(319488K), 0.0023620 secs] [Times: user=0.02 sys=0.00, real=0.00 secs] 
77.590: Total time for which application threads were stopped: 0.0049560 seconds, Stopping threads took: 0.0024920 seconds
77.669: Application time: 0.0787750 seconds
77.671: [GC [PSYoungGen: 91568K->6352K(97280K)] 97633K->12417K(319488K), 0.0018310 secs] [Times: user=0.01 sys=0.00, real=0.00 secs] 
77.673: Total time for which application threads were stopped: 0.0041220 seconds, Stopping threads took: 0.0022130 seconds
77.757: Application time: 0.0836530 seconds
77.759: [GC [PSYoungGen: 89808K->5504K(97280K)] 95873K->11577K(319488K), 0.0016720 secs] [Times: user=0.01 sys=0.00, real=0.00 secs] 
77.760: Total time for which application threads were stopped: 0.0037840 seconds, Stopping threads took: 0.0020340 seconds
77.840: Application time: 0.0794000 seconds
77.842: [GC [PSYoungGen: 88960K->6496K(97280K)] 95033K->12577K(319488K), 0.0018150 secs] [Times: user=0.01 sys=0.00, real=0.00 secs] 
77.844: Total time for which application threads were stopped: 0.0039660 seconds, Stopping threads took: 0.0020660 seconds
77.923: Application time: 0.0797650 seconds
77.925: [GC [PSYoungGen: 89952K->7168K(97280K)] 96033K->13257K(319488K), 0.0021370 secs] [Times: user=0.01 sys=0.00, real=0.00 secs] 
77.928: Total time for which application threads were stopped: 0.0041360 seconds, Stopping threads took: 0.0019150 seconds
78.005: Application time: 0.0771220 seconds
78.007: [GC [PSYoungGen: 90624K->7440K(97280K)] 96713K->13537K(319488K), 0.0021340 secs] [Times: user=0.01 sys=0.00, real=0.00 secs] 
78.009: Total time for which application threads were stopped: 0.0039700 seconds, Stopping threads took: 0.0017580 seconds
78.093: Application time: 0.0839220 seconds
78.095: [GC [PSYoungGen: 90896K->6848K(97280K)] 96993K->12945K(319488K), 0.0019860 secs] [Times: user=0.01 sys=0.00, real=0.00 secs] 
78.097: Total time for which application threads were stopped: 0.0041040 seconds, Stopping threads took: 0.0020280 seconds
78.181: Application time: 0.0840300 seconds
78.184: [GC [PSYoungGen: 90304K->4944K(97280K)] 96401K->11041K(319488K), 0.0013880 secs] [Times: user=0.01 sys=0.00, real=0.01 secs] 
78.185: Total time for which application threads were stopped: 0.0043520 seconds, Stopping threads took: 0.0028890 seconds
78.268: Application time: 0.0826740 seconds
78.270: [GC [PSYoungGen: 88400K->7440K(97280K)] 94497K->13537K(319488K), 0.0021680 secs] [Times: user=0.02 sys=0.00, real=0.00 secs] 
78.272: Total time for which application threads were stopped: 0.0041780 seconds, Stopping threads took: 0.0019190 seconds
78.351: Application time: 0.0788420 seconds
78.353: [GC [PSYoungGen: 90896K->7200K(97280K)] 96993K->13305K(319488K), 0.0019530 secs] [Times: user=0.01 sys=0.00, real=0.00 secs] 
78.355: Total time for which application threads were stopped: 0.0038590 seconds, Stopping threads took: 0.0018340 seconds
78.438: Application time: 0.0829260 seconds
78.441: [GC [PSYoungGen: 90656K->7408K(97280K)] 96761K->13521K(319488K), 0.0021490 secs] [Times: user=0.01 sys=0.00, real=0.00 secs] 
78.443: Total time for which application threads were stopped: 0.0054280 seconds, Stopping threads took: 0.0031910 seconds
78.523: Application time: 0.0804160 seconds
78.525: [GC [PSYoungGen: 90864K->7920K(97280K)] 96977K->14041K(319488K), 0.0021780 secs] [Times: user=0.01 sys=0.00, real=0.00 secs] 
78.527: Total time for which application threads were stopped: 0.0039760 seconds, Stopping threads took: 0.0017210 seconds
78.609: Application time: 0.0810490 seconds
78.611: [GC [PSYoungGen: 91376K->7248K(97280K)] 97497K->13369K(319488K), 0.0020870 secs] [Times: user=0.01 sys=0.00, real=0.00 secs] 
78.613: Total time for which application threads were stopped: 0.0044860 seconds, Stopping threads took: 0.0023000 seconds
78.690: Application time: 0.0772290 seconds
78.692: [GC [PSYoungGen: 90704K->8224K(97280K)] 96825K->14345K(319488K), 0.0023640 secs] [Times: user=0.02 sys=0.00, real=0.00 secs] 
78.695: Total time for which application threads were stopped: 0.0043400 seconds, Stopping threads took: 0.0018880 seconds
78.772: Application time: 0.0776150 seconds
78.775: [GC [PSYoungGen: 91680K->7312K(97280K)] 97801K->13433K(319488K), 0.0021810 secs] [Times: user=0.01 sys=0.00, real=0.00 secs] 
78.777: Total time for which application threads were stopped: 0.0047150 seconds, Stopping threads took: 0.0024440 seconds
78.855: Application time: 0.0780880 seconds
78.858: [GC [PSYoungGen: 90768K->6176K(97280K)] 96889K->12305K(319488K), 0.0017940 secs] [Times: user=0.01 sys=0.00, real=0.00 secs] 
78.860: Total time for which application threads were stopped: 0.0045450 seconds, Stopping threads took: 0.0026690 seconds
78.942: Application time: 0.0821530 seconds
78.944: [GC [PSYoungGen: 89632K->7008K(97280K)] 95761K->13145K(319488K), 0.0019760 secs] [Times: user=0.02 sys=0.00, real=0.01 secs] 
78.946: Total time for which application threads were stopped: 0.0046510 seconds, Stopping threads took: 0.0025890 seconds
79.030: Application time: 0.0836830 seconds
79.033: [GC [PSYoungGen: 90464K->6720K(97280K)] 96601K->12865K(319488K), 0.0018020 secs] [Times: user=0.01 sys=0.00, real=0.00 secs] 
79.035: Total time for which application threads were stopped: 0.0048870 seconds, Stopping threads took: 0.0030040 seconds
79.118: Application time: 0.0834780 seconds
79.121: [GC [PSYoungGen: 90176K->5856K(97280K)] 96321K->12009K(319488K), 0.0017920 secs] [Times: user=0.01 sys=0.00, real=0.00 secs] 
79.123: Total time for which application threads were stopped: 0.0041460 seconds, Stopping threads took: 0.0022630 seconds
79.201: Application time: 0.0786500 seconds
79.204: [GC [PSYoungGen: 89312K->6192K(97280K)] 95465K->12345K(319488K), 0.0017880 secs] [Times: user=0.01 sys=0.00, real=0.01 secs] 
79.205: Total time for which application threads were stopped: 0.0042760 seconds, Stopping threads took: 0.0024040 seconds
79.283: Application time: 0.0773090 seconds
79.284: [GC [PSYoungGen: 89648K->7360K(97280K)] 95801K->13513K(319488K), 0.0021470 secs] [Times: user=0.01 sys=0.00, real=0.01 secs] 
79.287: Total time for which application threads were stopped: 0.0038170 seconds, Stopping threads took: 0.0015830 seconds
79.365: Application time: 0.0784250 seconds
79.367: [GC [PSYoungGen: 90816K->6528K(97280K)] 96969K->12689K(319488K), 0.0018260 secs] [Times: user=0.01 sys=0.00, real=0.00 secs] 
79.369: Total time for which application threads were stopped: 0.0041680 seconds, Stopping threads took: 0.0022620 seconds
79.448: Application time: 0.0785510 seconds
79.450: [GC [PSYoungGen: 89984K->7920K(97280K)] 96145K->14089K(319488K), 0.0021970 secs] [Times: user=0.01 sys=0.00, real=0.00 secs] 
79.452: Total time for which application threads were stopped: 0.0046320 seconds, Stopping threads took: 0.0023520 seconds
79.532: Application time: 0.0798730 seconds
79.535: [GC [PSYoungGen: 91376K->5568K(97280K)] 97545K->11745K(319488K), 0.0016040 secs] [Times: user=0.01 sys=0.00, real=0.00 secs] 
79.536: Total time for which application threads were stopped: 0.0039390 seconds, Stopping threads took: 0.0022600 seconds
79.624: Application time: 0.0881030 seconds
79.626: [GC [PSYoungGen: 89024K->5216K(97280K)] 95201K->11401K(319488K), 0.0015470 secs] [Times: user=0.01 sys=0.00, real=0.00 secs] 
79.628: Total time for which application threads were stopped: 0.0032350 seconds, Stopping threads took: 0.0016020 seconds
79.711: Application time: 0.0838000 seconds
79.714: [GC [PSYoungGen: 88672K->7968K(97280K)] 94857K->14153K(319488K), 0.0023690 secs] [Times: user=0.01 sys=0.00, real=0.00 secs] 
79.716: Total time for which application threads were stopped: 0.0050340 seconds, Stopping threads took: 0.0025780 seconds
79.799: Application time: 0.0826690 seconds
79.801: [GC [PSYoungGen: 91424K->7424K(97280K)] 97609K->13609K(319488K), 0.0023530 secs] [Times: user=0.01 sys=0.00, real=0.00 secs] 
79.804: Total time for which application threads were stopped: 0.0047940 seconds, Stopping threads took: 0.0023520 seconds
79.884: Application time: 0.0803750 seconds
79.887: [GC [PSYoungGen: 90880K->7312K(97280K)] 97065K->13505K(319488K), 0.0020910 secs] [Times: user=0.01 sys=0.00, real=0.00 secs] 
79.889: Total time for which application threads were stopped: 0.0048340 seconds, Stopping threads took: 0.0026520 seconds
79.972: Application time: 0.0831970 seconds
79.975: [GC [PSYoungGen: 90768K->6704K(97280K)] 96961K->12905K(319488K), 0.0018690 secs] [Times: user=0.01 sys=0.00, real=0.00 secs] 
79.977: Total time for which application threads were stopped: 0.0044710 seconds, Stopping threads took: 0.0025220 seconds
80.056: Application time: 0.0796070 seconds
80.058: [GC [PSYoungGen: 90160K->6960K(97280K)] 96361K->13169K(319488K), 0.0022290 secs] [Times: user=0.01 sys=0.00, real=0.00 secs] 
80.061: Total time for which application threads were stopped: 0.0042600 seconds, Stopping threads took: 0.0019460 seconds
80.142: Application time: 0.0816970 seconds
80.145: [GC [PSYoungGen: 90416K->7216K(97280K)] 96625K->13433K(319488K), 0.0020940 secs] [Times: user=0.01 sys=0.00, real=0.01 secs] 
80.147: Total time for which application threads were stopped: 0.0045020 seconds, Stopping threads took: 0.0023130 seconds
80.226: Application time: 0.0793080 seconds
80.228: [GC [PSYoungGen: 90672K->6368K(97280K)] 96889K->12585K(319488K), 0.0017500 secs] [Times: user=0.01 sys=0.00, real=0.00 secs] 
80.230: Total time for which application threads were stopped: 0.0038310 seconds, Stopping threads took: 0.0020020 seconds
80.311: Application time: 0.0810510 seconds
80.313: [GC [PSYoungGen: 89824K->7648K(97280K)] 96041K->13865K(319488K), 0.0022410 secs] [Times: user=0.02 sys=0.00, real=0.00 secs] 
80.316: Total time for which application threads were stopped: 0.0046740 seconds, Stopping threads took: 0.0023420 seconds
80.393: Application time: 0.0771040 seconds
80.395: [GC [PSYoungGen: 91104K->7760K(97280K)] 97321K->13977K(319488K), 0.0022960 secs] [Times: user=0.01 sys=0.00, real=0.01 secs] 
80.398: Total time for which application threads were stopped: 0.0049840 seconds, Stopping threads took: 0.0026000 seconds
80.476: Application time: 0.0777500 seconds
80.478: [GC [PSYoungGen: 91216K->8192K(97280K)] 97433K->14417K(319488K), 0.0024770 secs] [Times: user=0.01 sys=0.00, real=0.00 secs] 
80.480: Total time for which application threads were stopped: 0.0048760 seconds, Stopping threads took: 0.0023140 seconds
80.559: Application time: 0.0781470 seconds
80.561: [GC [PSYoungGen: 91648K->5712K(97280K)] 97873K->11945K(319488K), 0.0016940 secs] [Times: user=0.01 sys=0.00, real=0.00 secs] 
80.562: Total time for which application threads were stopped: 0.0038510 seconds, Stopping threads took: 0.0020810 seconds
80.641: Application time: 0.0785480 seconds
80.642: [GC [PSYoungGen: 89168K->4768K(97280K)] 95401K->11009K(319488K), 0.0013610 secs] [Times: user=0.01 sys=0.00, real=0.00 secs] 
80.644: Total time for which application threads were stopped: 0.0027010 seconds, Stopping threads took: 0.0012650 seconds
80.715: Application time: 0.0716500 seconds
80.717: [GC [PSYoungGen: 88224K->5888K(97280K)] 94465K->12129K(319488K), 0.0017600 secs] [Times: user=0.01 sys=0.00, real=0.01 secs] 
80.718: Total time for which application threads were stopped: 0.0031310 seconds, Stopping threads took: 0.0012850 seconds
80.792: Application time: 0.0738750 seconds
80.794: [GC [PSYoungGen: 89344K->7312K(97280K)] 95585K->13553K(319488K), 0.0021190 secs] [Times: user=0.01 sys=0.00, real=0.00 secs] 
80.796: Total time for which application threads were stopped: 0.0040720 seconds, Stopping threads took: 0.0018680 seconds
80.870: Application time: 0.0740320 seconds
80.872: [GC [PSYoungGen: 90768K->7072K(97280K)] 97009K->13313K(319488K), 0.0020240 secs] [Times: user=0.01 sys=0.00, real=0.00 secs] 
80.874: Total time for which application threads were stopped: 0.0032750 seconds, Stopping threads took: 0.0011600 seconds
80.951: Application time: 0.0772390 seconds
80.954: [GC [PSYoungGen: 90528K->7008K(97280K)] 96769K->13257K(319488K), 0.0019930 secs] [Times: user=0.01 sys=0.00, real=0.00 secs] 
80.956: Total time for which application threads were stopped: 0.0045930 seconds, Stopping threads took: 0.0025160 seconds
81.031: Application time: 0.0754860 seconds
81.033: [GC [PSYoungGen: 90464K->7472K(97280K)] 96713K->13729K(319488K), 0.0021290 secs] [Times: user=0.01 sys=0.00, real=0.00 secs] 
81.035: Total time for which application threads were stopped: 0.0041530 seconds, Stopping threads took: 0.0019370 seconds
81.112: Application time: 0.0771040 seconds
81.115: [GC [PSYoungGen: 90928K->7232K(97280K)] 97185K->13505K(319488K), 0.0020200 secs] [Times: user=0.01 sys=0.00, real=0.01 secs] 
81.117: Total time for which application threads were stopped: 0.0049590 seconds, Stopping threads took: 0.0028570 seconds
81.193: Application time: 0.0761880 seconds
81.195: [GC [PSYoungGen: 90688K->6384K(97280K)] 96961K->12657K(319488K), 0.0018850 secs] [Times: user=0.02 sys=0.00, real=0.01 secs] 
81.197: Total time for which application threads were stopped: 0.0037000 seconds, Stopping threads took: 0.0017370 seconds
81.275: Application time: 0.0777730 seconds
81.277: [GC [PSYoungGen: 89840K->6672K(97280K)] 96113K->12945K(319488K), 0.0019030 secs] [Times: user=0.01 sys=0.00, real=0.01 secs] 
81.279: Total time for which application threads were stopped: 0.0040560 seconds, Stopping threads took: 0.0020590 seconds
81.357: Application time: 0.0775010 seconds
81.359: [GC [PSYoungGen: 90128K->6560K(97280K)] 96401K->12833K(319488K), 0.0018240 secs] [Times: user=0.01 sys=0.00, real=0.00 secs] 
81.361: Total time for which application threads were stopped: 0.0040980 seconds, Stopping threads took: 0.0021920 seconds
81.435: Application time: 0.0745670 seconds
81.437: [GC [PSYoungGen: 90016K->6416K(97280K)] 96289K->12697K(319488K), 0.0018590 secs] [Times: user=0.01 sys=0.00, real=0.01 secs] 
81.438: Total time for which application threads were stopped: 0.0033000 seconds, Stopping threads took: 0.0013620 seconds
81.515: Application time: 0.0764450 seconds
81.517: [GC [PSYoungGen: 89872K->6176K(97280K)] 96153K->12465K(319488K), 0.0017670 secs] [Times: user=0.01 sys=0.00, real=0.01 secs] 
81.519: Total time for which application threads were stopped: 0.0038010 seconds, Stopping threads took: 0.0019520 seconds
81.594: Application time: 0.0748280 seconds
81.595: [GC [PSYoungGen: 89632K->6032K(97280K)] 95921K->12329K(319488K), 0.0017070 secs] [Times: user=0.01 sys=0.00, real=0.00 secs] 
81.597: Total time for which application threads were stopped: 0.0033670 seconds, Stopping threads took: 0.0015790 seconds
81.672: Application time: 0.0754870 seconds
81.675: [GC [PSYoungGen: 89488K->8112K(97280K)] 95785K->14417K(319488K), 0.0023670 secs] [Times: user=0.01 sys=0.00, real=0.01 secs] 
81.677: Total time for which application threads were stopped: 0.0048980 seconds, Stopping threads took: 0.0024440 seconds
81.754: Application time: 0.0766140 seconds
81.756: [GC [PSYoungGen: 91568K->7680K(97280K)] 97873K->13985K(319488K), 0.0021350 secs] [Times: user=0.00 sys=0.00, real=0.01 secs] 
81.758: Total time for which application threads were stopped: 0.0045480 seconds, Stopping threads took: 0.0023330 seconds
81.835: Application time: 0.0762850 seconds
81.838: [GC [PSYoungGen: 91136K->7136K(97280K)] 97441K->13441K(319488K), 0.0020140 secs] [Times: user=0.02 sys=0.00, real=0.00 secs] 
81.840: Total time for which application threads were stopped: 0.0050210 seconds, Stopping threads took: 0.0028940 seconds
81.917: Application time: 0.0772160 seconds
81.919: [GC [PSYoungGen: 90592K->7104K(97280K)] 96897K->13417K(319488K), 0.0020360 secs] [Times: user=0.01 sys=0.00, real=0.00 secs] 
81.922: Total time for which application threads were stopped: 0.0045180 seconds, Stopping threads took: 0.0023980 seconds
81.995: Application time: 0.0733640 seconds
81.998: [GC [PSYoungGen: 90560K->7584K(97280K)] 96873K->13905K(319488K), 0.0020930 secs] [Times: user=0.01 sys=0.00, real=0.00 secs] 
82.000: Total time for which application threads were stopped: 0.0049500 seconds, Stopping threads took: 0.0027810 seconds
82.075: Application time: 0.0752430 seconds
82.078: [GC [PSYoungGen: 91040K->6992K(97280K)] 97361K->13321K(319488K), 0.0020020 secs] [Times: user=0.02 sys=0.00, real=0.00 secs] 
82.080: Total time for which application threads were stopped: 0.0050170 seconds, Stopping threads took: 0.0029280 seconds
82.154: Application time: 0.0734320 seconds
82.156: [GC [PSYoungGen: 90448K->7568K(97280K)] 96777K->13905K(319488K), 0.0022090 secs] [Times: user=0.02 sys=0.00, real=0.01 secs] 
82.158: Total time for which application threads were stopped: 0.0042040 seconds, Stopping threads took: 0.0019100 seconds
82.230: Application time: 0.0726240 seconds
82.233: [GC [PSYoungGen: 91024K->7840K(97280K)] 97361K->14177K(319488K), 0.0023260 secs] [Times: user=0.01 sys=0.00, real=0.00 secs] 
82.235: Total time for which application threads were stopped: 0.0049850 seconds, Stopping threads took: 0.0025670 seconds
82.308: Application time: 0.0726350 seconds
82.310: [GC [PSYoungGen: 91296K->7056K(97280K)] 97633K->13393K(319488K), 0.0019030 secs] [Times: user=0.01 sys=0.00, real=0.00 secs] 
82.312: Total time for which application threads were stopped: 0.0037970 seconds, Stopping threads took: 0.0018190 seconds
82.388: Application time: 0.0757260 seconds
82.391: [GC [PSYoungGen: 90512K->6736K(97280K)] 96849K->13073K(319488K), 0.0018970 secs] [Times: user=0.01 sys=0.00, real=0.00 secs] 
82.393: Total time for which application threads were stopped: 0.0050090 seconds, Stopping threads took: 0.0030240 seconds
82.464: Application time: 0.0719100 seconds
82.466: [GC [PSYoungGen: 90192K->8128K(97280K)] 96529K->14473K(319488K), 0.0022620 secs] [Times: user=0.02 sys=0.00, real=0.00 secs] 
82.468: Total time for which application threads were stopped: 0.0039990 seconds, Stopping threads took: 0.0016480 seconds
82.545: Application time: 0.0763240 seconds
82.547: [GC [PSYoungGen: 91584K->7712K(97280K)] 97929K->14065K(319488K), 0.0020790 secs] [Times: user=0.01 sys=0.00, real=0.00 secs] 
82.549: Total time for which application threads were stopped: 0.0046010 seconds, Stopping threads took: 0.0024410 seconds
82.625: Application time: 0.0755810 seconds
82.627: [GC [PSYoungGen: 91168K->7264K(97280K)] 97521K->13625K(319488K), 0.0020340 secs] [Times: user=0.01 sys=0.00, real=0.00 secs] 
82.629: Total time for which application threads were stopped: 0.0042540 seconds, Stopping threads took: 0.0021390 seconds
82.705: Application time: 0.0761770 seconds
82.708: [GC [PSYoungGen: 90720K->6720K(97280K)] 97081K->13081K(319488K), 0.0019250 secs] [Times: user=0.01 sys=0.00, real=0.00 secs] 
82.710: Total time for which application threads were stopped: 0.0042920 seconds, Stopping threads took: 0.0022810 seconds
82.786: Application time: 0.0758610 seconds
82.788: [GC [PSYoungGen: 90176K->7840K(97280K)] 96537K->14201K(319488K), 0.0022480 secs] [Times: user=0.02 sys=0.00, real=0.00 secs] 
82.790: Total time for which application threads were stopped: 0.0047070 seconds, Stopping threads took: 0.0023730 seconds
82.867: Application time: 0.0772000 seconds
82.869: [GC [PSYoungGen: 91296K->5760K(97280K)] 97657K->12121K(319488K), 0.0016390 secs] [Times: user=0.01 sys=0.00, real=0.00 secs] 
82.870: Total time for which application threads were stopped: 0.0029310 seconds, Stopping threads took: 0.0012180 seconds
82.944: Application time: 0.0737870 seconds
82.946: [GC [PSYoungGen: 89216K->6784K(97280K)] 95577K->13153K(319488K), 0.0019640 secs] [Times: user=0.01 sys=0.00, real=0.00 secs] 
82.948: Total time for which application threads were stopped: 0.0038500 seconds, Stopping threads took: 0.0017900 seconds
83.021: Application time: 0.0731980 seconds
83.023: [GC [PSYoungGen: 90240K->7408K(97280K)] 96609K->13785K(319488K), 0.0022080 secs] [Times: user=0.01 sys=0.00, real=0.01 secs] 
83.026: Total time for which application threads were stopped: 0.0043740 seconds, Stopping threads took: 0.0020780 seconds
83.101: Application time: 0.0755020 seconds
83.103: [GC [PSYoungGen: 90864K->7984K(97280K)] 97241K->14369K(319488K), 0.0023320 secs] [Times: user=0.01 sys=0.00, real=0.01 secs] 
83.106: Total time for which application threads were stopped: 0.0046780 seconds, Stopping threads took: 0.0022590 seconds
83.185: Application time: 0.0791910 seconds
83.188: [GC [PSYoungGen: 91440K->4768K(97280K)] 97825K->11153K(319488K), 0.0013800 secs] [Times: user=0.00 sys=0.01, real=0.00 secs] 
83.189: Total time for which application threads were stopped: 0.0043590 seconds, Stopping threads took: 0.0029060 seconds
83.262: Application time: 0.0725680 seconds
83.264: [GC [PSYoungGen: 88224K->6576K(97280K)] 94609K->12961K(319488K), 0.0018870 secs] [Times: user=0.01 sys=0.00, real=0.01 secs] 
83.266: Total time for which application threads were stopped: 0.0042210 seconds, Stopping threads took: 0.0022460 seconds
83.347: Application time: 0.0804890 seconds
83.348: [GC [PSYoungGen: 90032K->6304K(97280K)] 96417K->12689K(319488K), 0.0018550 secs] [Times: user=0.01 sys=0.00, real=0.00 secs] 
83.350: Total time for which application threads were stopped: 0.0035550 seconds, Stopping threads took: 0.0016200 seconds
83.424: Application time: 0.0737190 seconds
83.426: [GC [PSYoungGen: 89760K->6208K(97280K)] 96145K->12609K(319488K), 0.0018390 secs] [Times: user=0.02 sys=0.00, real=0.00 secs] 
83.428: Total time for which application threads were stopped: 0.0040750 seconds, Stopping threads took: 0.0021330 seconds
83.503: Application time: 0.0748820 seconds
83.505: [GC [PSYoungGen: 89664K->7296K(97280K)] 96065K->13705K(319488K), 0.0021940 secs] [Times: user=0.01 sys=0.00, real=0.00 secs] 
83.508: Total time for which application threads were stopped: 0.0047530 seconds, Stopping threads took: 0.0024660 seconds
83.581: Application time: 0.0736540 seconds
83.583: [GC [PSYoungGen: 90752K->6784K(97280K)] 97161K->13201K(319488K), 0.0019440 secs] [Times: user=0.01 sys=0.00, real=0.00 secs] 
83.585: Total time for which application threads were stopped: 0.0035640 seconds, Stopping threads took: 0.0015470 seconds
83.663: Application time: 0.0782120 seconds
83.666: [GC [PSYoungGen: 90240K->7712K(97280K)] 96657K->14129K(319488K), 0.0023290 secs] [Times: user=0.01 sys=0.00, real=0.00 secs] 
83.668: Total time for which application threads were stopped: 0.0053490 seconds, Stopping threads took: 0.0029360 seconds
83.742: Application time: 0.0738750 seconds
83.745: [GC [PSYoungGen: 91168K->7648K(97280K)] 97585K->14065K(319488K), 0.0021590 secs] [Times: user=0.01 sys=0.00, real=0.01 secs] 
83.747: Total time for which application threads were stopped: 0.0046510 seconds, Stopping threads took: 0.0024070 seconds
83.824: Application time: 0.0771250 seconds
83.826: [GC [PSYoungGen: 91104K->7008K(97280K)] 97521K->13425K(319488K), 0.0019200 secs] [Times: user=0.02 sys=0.00, real=0.00 secs] 
83.828: Total time for which application threads were stopped: 0.0043270 seconds, Stopping threads took: 0.0023240 seconds
83.900: Application time: 0.0716900 seconds
83.902: [GC [PSYoungGen: 90464K->7136K(97280K)] 96881K->13561K(319488K), 0.0022290 secs] [Times: user=0.01 sys=0.00, real=0.00 secs] 
83.904: Total time for which application threads were stopped: 0.0038520 seconds, Stopping threads took: 0.0015390 seconds
83.979: Application time: 0.0753900 seconds
83.982: [GC [PSYoungGen: 90592K->7216K(97280K)] 97017K->13649K(319488K), 0.0020970 secs] [Times: user=0.01 sys=0.00, real=0.00 secs] 
83.984: Total time for which application threads were stopped: 0.0046210 seconds, Stopping threads took: 0.0024310 seconds
84.058: Application time: 0.0737680 seconds
84.060: [GC [PSYoungGen: 90672K->7248K(97280K)] 97105K->13689K(319488K), 0.0020310 secs] [Times: user=0.01 sys=0.00, real=0.00 secs] 
84.062: Total time for which application threads were stopped: 0.0042500 seconds, Stopping threads took: 0.0021310 seconds
84.138: Application time: 0.0758560 seconds
84.140: [GC [PSYoungGen: 90704K->8080K(97280K)] 97145K->14521K(319488K), 0.0025470 secs] [Times: user=0.02 sys=0.00, real=0.00 secs] 
84.143: Total time for which application threads were stopped: 0.0046940 seconds, Stopping threads took: 0.0020510 seconds
84.217: Application time: 0.0746210 seconds
84.220: [GC [PSYoungGen: 91536K->6576K(97280K)] 97977K->13017K(319488K), 0.0018170 secs] [Times: user=0.01 sys=0.00, real=0.00 secs] 
84.222: Total time for which application threads were stopped: 0.0045920 seconds, Stopping threads took: 0.0026980 seconds
84.299: Application time: 0.0773240 seconds
84.301: [GC [PSYoungGen: 90032K->6016K(97280K)] 96473K->12457K(319488K), 0.0017990 secs] [Times: user=0.02 sys=0.00, real=0.00 secs] 
84.303: Total time for which application threads were stopped: 0.0034530 seconds, Stopping threads took: 0.0015760 seconds
84.377: Application time: 0.0743490 seconds
84.380: [GC [PSYoungGen: 89472K->5920K(97280K)] 95913K->12369K(319488K), 0.0017330 secs] [Times: user=0.00 sys=0.01, real=0.00 secs] 
84.381: Total time for which application threads were stopped: 0.0044340 seconds, Stopping threads took: 0.0026250 seconds
84.457: Application time: 0.0753810 seconds
84.459: [GC [PSYoungGen: 89376K->5824K(97280K)] 95825K->12281K(319488K), 0.0017090 secs] [Times: user=0.01 sys=0.00, real=0.00 secs] 
84.461: Total time for which application threads were stopped: 0.0039020 seconds, Stopping threads took: 0.0021140 seconds
84.535: Application time: 0.0744210 seconds
84.537: [GC [PSYoungGen: 89280K->6896K(97280K)] 95737K->13361K(319488K), 0.0020650 secs] [Times: user=0.02 sys=0.00, real=0.01 secs] 
84.539: Total time for which application threads were stopped: 0.0038640 seconds, Stopping threads took: 0.0017190 seconds
84.610: Application time: 0.0710340 seconds
84.612: [GC [PSYoungGen: 90352K->7808K(97280K)] 96817K->14281K(319488K), 0.0023340 secs] [Times: user=0.02 sys=0.00, real=0.00 secs] 
84.614: Total time for which application threads were stopped: 0.0040830 seconds, Stopping threads took: 0.0016530 seconds
84.691: Application time: 0.0769540 seconds
84.693: [GC [PSYoungGen: 91264K->7280K(97280K)] 97737K->13753K(319488K), 0.0021570 secs] [Times: user=0.02 sys=0.00, real=0.00 secs] 
84.695: Total time for which application threads were stopped: 0.0043910 seconds, Stopping threads took: 0.0021540 seconds
84.777: Application time: 0.0816230 seconds
84.780: [GC [PSYoungGen: 90736K->6896K(97280K)] 97209K->13369K(319488K), 0.0019620 secs] [Times: user=0.01 sys=0.00, real=0.00 secs] 
84.782: Total time for which application threads were stopped: 0.0051470 seconds, Stopping threads took: 0.0031010 seconds
84.863: Application time: 0.0803670 seconds
84.865: [GC [PSYoungGen: 90352K->6816K(97280K)] 96825K->13297K(319488K), 0.0019980 secs] [Times: user=0.01 sys=0.00, real=0.01 secs] 
84.867: Total time for which application threads were stopped: 0.0045600 seconds, Stopping threads took: 0.0024780 seconds
84.949: Application time: 0.0818470 seconds
84.952: [GC [PSYoungGen: 90272K->8064K(97280K)] 96753K->14553K(319488K), 0.0023340 secs] [Times: user=0.01 sys=0.00, real=0.00 secs] 
84.954: Total time for which application threads were stopped: 0.0051940 seconds, Stopping threads took: 0.0027730 seconds
85.035: Application time: 0.0810300 seconds
85.038: [GC [PSYoungGen: 91520K->6608K(97280K)] 98009K->13105K(319488K), 0.0018780 secs] [Times: user=0.01 sys=0.00, real=0.00 secs] 
85.040: Total time for which application threads were stopped: 0.0048040 seconds, Stopping threads took: 0.0028460 seconds
85.119: Application time: 0.0794300 seconds
85.121: [GC [PSYoungGen: 90064K->5120K(97280K)] 96561K->11625K(319488K), 0.0015300 secs] [Times: user=0.01 sys=0.00, real=0.00 secs] 
85.123: Total time for which application threads were stopped: 0.0032090 seconds, Stopping threads took: 0.0015850 seconds
85.202: Application time: 0.0791260 seconds
85.204: [GC [PSYoungGen: 88576K->6288K(97280K)] 95081K->12793K(319488K), 0.0019200 secs] [Times: user=0.01 sys=0.00, real=0.01 secs] 
85.206: Total time for which application threads were stopped: 0.0045130 seconds, Stopping threads took: 0.0025150 seconds
85.289: Application time: 0.0823680 seconds
85.292: [GC [PSYoungGen: 89744K->6688K(97280K)] 96249K->13193K(319488K), 0.0019340 secs] [Times: user=0.01 sys=0.00, real=0.00 secs] 
85.294: Total time for which application threads were stopped: 0.0049220 seconds, Stopping threads took: 0.0029030 seconds
85.372: Application time: 0.0788040 seconds
85.375: [GC [PSYoungGen: 90144K->6704K(97280K)] 96649K->13209K(319488K), 0.0018950 secs] [Times: user=0.01 sys=0.00, real=0.01 secs] 
85.377: Total time for which application threads were stopped: 0.0050370 seconds, Stopping threads took: 0.0030570 seconds
85.457: Application time: 0.0799610 seconds
85.459: [GC [PSYoungGen: 90160K->8048K(97280K)] 96665K->14561K(319488K), 0.0023030 secs] [Times: user=0.02 sys=0.00, real=0.00 secs] 
85.461: Total time for which application threads were stopped: 0.0040710 seconds, Stopping threads took: 0.0016790 seconds
85.540: Application time: 0.0785270 seconds
85.541: [GC [PSYoungGen: 91504K->6864K(97280K)] 98017K->13385K(319488K), 0.0019090 secs] [Times: user=0.01 sys=0.00, real=0.00 secs] 
85.543: Total time for which application threads were stopped: 0.0033840 seconds, Stopping threads took: 0.0013970 seconds
85.621: Application time: 0.0780460 seconds
85.623: [GC [PSYoungGen: 90320K->8128K(97280K)] 96841K->14657K(319488K), 0.0023690 secs] [Times: user=0.01 sys=0.00, real=0.01 secs] 
85.626: Total time for which application threads were stopped: 0.0041250 seconds, Stopping threads took: 0.0016570 seconds
85.703: Application time: 0.0778740 seconds
85.706: [GC [PSYoungGen: 91584K->7584K(97280K)] 98113K->14113K(319488K), 0.0021910 secs] [Times: user=0.02 sys=0.00, real=0.00 secs] 
85.708: Total time for which application threads were stopped: 0.0044190 seconds, Stopping threads took: 0.0021420 seconds
85.785: Application time: 0.0775790 seconds
85.789: [GC [PSYoungGen: 91040K->7744K(97280K)] 97569K->14273K(319488K), 0.0020970 secs] [Times: user=0.02 sys=0.00, real=0.00 secs] 
85.791: Total time for which application threads were stopped: 0.0054010 seconds, Stopping threads took: 0.0032210 seconds
85.870: Application time: 0.0787750 seconds
85.871: [GC [PSYoungGen: 91200K->6864K(97280K)] 97729K->13393K(319488K), 0.0019560 secs] [Times: user=0.00 sys=0.01, real=0.00 secs] 
85.873: Total time for which application threads were stopped: 0.0037600 seconds, Stopping threads took: 0.0017120 seconds
85.953: Application time: 0.0792260 seconds
85.954: [GC [PSYoungGen: 90320K->7840K(97280K)] 96849K->14377K(319488K), 0.0023830 secs] [Times: user=0.01 sys=0.00, real=0.00 secs] 
85.957: Total time for which application threads were stopped: 0.0039380 seconds, Stopping threads took: 0.0014460 seconds
86.037: Application time: 0.0808450 seconds
86.040: [GC [PSYoungGen: 91296K->7600K(97280K)] 97833K->14145K(319488K), 0.0021990 secs] [Times: user=0.01 sys=0.00, real=0.00 secs] 
86.043: Total time for which application threads were stopped: 0.0051870 seconds, Stopping threads took: 0.0029030 seconds
86.121: Application time: 0.0782230 seconds
86.123: [GC [PSYoungGen: 91056K->7056K(97280K)] 97601K->13609K(319488K), 0.0020910 secs] [Times: user=0.02 sys=0.00, real=0.00 secs] 
86.125: Total time for which application threads were stopped: 0.0042480 seconds, Stopping threads took: 0.0020730 seconds
86.205: Application time: 0.0797660 seconds
86.207: [GC [PSYoungGen: 90512K->6880K(97280K)] 97065K->13433K(319488K), 0.0019080 secs] [Times: user=0.02 sys=0.00, real=0.00 secs] 
86.209: Total time for which application threads were stopped: 0.0042420 seconds, Stopping threads took: 0.0022470 seconds
86.289: Application time: 0.0803760 seconds
86.291: [GC [PSYoungGen: 90336K->7040K(97280K)] 96889K->13593K(319488K), 0.0020490 secs] [Times: user=0.02 sys=0.00, real=0.00 secs] 
86.294: Total time for which application threads were stopped: 0.0041230 seconds, Stopping threads took: 0.0019850 seconds
86.377: Application time: 0.0830430 seconds
86.379: [GC [PSYoungGen: 90496K->6544K(97280K)] 97049K->13097K(319488K), 0.0018660 secs] [Times: user=0.01 sys=0.00, real=0.00 secs] 
86.381: Total time for which application threads were stopped: 0.0043070 seconds, Stopping threads took: 0.0023580 seconds
86.468: Application time: 0.0872660 seconds
86.471: [GC [PSYoungGen: 90000K->5392K(97280K)] 96553K->11953K(319488K), 0.0015980 secs] [Times: user=0.01 sys=0.00, real=0.00 secs] 
86.472: Total time for which application threads were stopped: 0.0041050 seconds, Stopping threads took: 0.0024290 seconds
86.550: Application time: 0.0778750 seconds
86.552: [GC [PSYoungGen: 88848K->7504K(97280K)] 95409K->14073K(319488K), 0.0021300 secs] [Times: user=0.01 sys=0.00, real=0.00 secs] 
86.554: Total time for which application threads were stopped: 0.0042560 seconds, Stopping threads took: 0.0020200 seconds
86.634: Application time: 0.0795010 seconds
86.636: [GC [PSYoungGen: 90960K->7264K(97280K)] 97529K->13841K(319488K), 0.0021910 secs] [Times: user=0.01 sys=0.00, real=0.01 secs] 
86.638: Total time for which application threads were stopped: 0.0043560 seconds, Stopping threads took: 0.0020740 seconds
86.719: Application time: 0.0803050 seconds
86.722: [GC [PSYoungGen: 90720K->8000K(97280K)] 97297K->14585K(319488K), 0.0023160 secs] [Times: user=0.02 sys=0.00, real=0.00 secs] 
86.724: Total time for which application threads were stopped: 0.0054070 seconds, Stopping threads took: 0.0030070 seconds
86.805: Application time: 0.0810130 seconds
86.807: [GC [PSYoungGen: 91456K->6896K(97280K)] 98041K->13481K(319488K), 0.0020980 secs] [Times: user=0.02 sys=0.00, real=0.00 secs] 
86.810: Total time for which application threads were stopped: 0.0045880 seconds, Stopping threads took: 0.0024080 seconds
86.888: Application time: 0.0785010 seconds
86.891: [GC [PSYoungGen: 90352K->7792K(97280K)] 96937K->14377K(319488K), 0.0021080 secs] [Times: user=0.01 sys=0.00, real=0.00 secs] 
86.893: Total time for which application threads were stopped: 0.0053350 seconds, Stopping threads took: 0.0031510 seconds
86.980: Application time: 0.0867900 seconds
86.983: [GC [PSYoungGen: 91248K->4544K(97280K)] 97833K->11137K(319488K), 0.0013630 secs] [Times: user=0.01 sys=0.00, real=0.00 secs] 
86.984: Total time for which application threads were stopped: 0.0037570 seconds, Stopping threads took: 0.0023040 seconds
87.063: Application time: 0.0791290 seconds
87.066: [GC [PSYoungGen: 88000K->7360K(97280K)] 94593K->13961K(319488K), 0.0021830 secs] [Times: user=0.01 sys=0.00, real=0.00 secs] 
87.068: Total time for which application threads were stopped: 0.0048740 seconds, Stopping threads took: 0.0026000 seconds
87.151: Application time: 0.0832310 seconds
87.154: [GC [PSYoungGen: 90816K->7120K(97280K)] 97417K->13729K(319488K), 0.0022410 secs] [Times: user=0.02 sys=0.00, real=0.00 secs] 
87.156: Total time for which application threads were stopped: 0.0049240 seconds, Stopping threads took: 0.0025950 seconds
87.234: Application time: 0.0773960 seconds
87.235: [GC [PSYoungGen: 90576K->7392K(97280K)] 97185K->14009K(319488K), 0.0020990 secs] [Times: user=0.02 sys=0.00, real=0.01 secs] 
87.237: Total time for which application threads were stopped: 0.0038880 seconds, Stopping threads took: 0.0016970 seconds
87.318: Application time: 0.0807880 seconds
87.320: [GC [PSYoungGen: 90848K->6032K(97280K)] 97465K->12649K(319488K), 0.0018250 secs] [Times: user=0.01 sys=0.00, real=0.00 secs] 
87.322: Total time for which application threads were stopped: 0.0038160 seconds, Stopping threads took: 0.0019140 seconds
87.406: Application time: 0.0835640 seconds
87.407: [GC [PSYoungGen: 89488K->6816K(97280K)] 96105K->13433K(319488K), 0.0020210 secs] [Times: user=0.02 sys=0.00, real=0.00 secs] 
87.409: Total time for which application threads were stopped: 0.0034830 seconds, Stopping threads took: 0.0013720 seconds
87.491: Application time: 0.0823140 seconds
87.494: [GC [PSYoungGen: 90272K->7008K(97280K)] 96889K->13625K(319488K), 0.0019820 secs] [Times: user=0.01 sys=0.00, real=0.00 secs] 
87.496: Total time for which application threads were stopped: 0.0050260 seconds, Stopping threads took: 0.0029580 seconds
87.579: Application time: 0.0821340 seconds
87.582: [GC [PSYoungGen: 90464K->5472K(97280K)] 97081K->12097K(319488K), 0.0015350 secs] [Times: user=0.01 sys=0.00, real=0.00 secs] 
87.583: Total time for which application threads were stopped: 0.0047710 seconds, Stopping threads took: 0.0031640 seconds
87.664: Application time: 0.0810190 seconds
87.668: [GC [PSYoungGen: 88928K->8224K(97280K)] 95553K->14857K(319488K), 0.0024140 secs] [Times: user=0.02 sys=0.00, real=0.00 secs] 
87.670: Total time for which application threads were stopped: 0.0057680 seconds, Stopping threads took: 0.0032630 seconds
87.749: Application time: 0.0789410 seconds
87.752: [GC [PSYoungGen: 91680K->8048K(97280K)] 98313K->14689K(319488K), 0.0023330 secs] [Times: user=0.01 sys=0.00, real=0.00 secs] 
87.754: Total time for which application threads were stopped: 0.0052370 seconds, Stopping threads took: 0.0028100 seconds
87.834: Application time: 0.0791750 seconds
87.837: [GC [PSYoungGen: 91504K->8368K(97280K)] 98145K->15009K(319488K), 0.0023230 secs] [Times: user=0.01 sys=0.00, real=0.01 secs] 
87.839: Total time for which application threads were stopped: 0.0056910 seconds, Stopping threads took: 0.0032800 seconds
87.918: Application time: 0.0792880 seconds
87.920: [GC [PSYoungGen: 91824K->7072K(97280K)] 98465K->13713K(319488K), 0.0021330 secs] [Times: user=0.01 sys=0.00, real=0.00 secs] 
87.922: Total time for which application threads were stopped: 0.0038170 seconds, Stopping threads took: 0.0016020 seconds
88.002: Application time: 0.0791970 seconds
88.004: [GC [PSYoungGen: 90528K->7248K(97280K)] 97169K->13889K(319488K), 0.0021260 secs] [Times: user=0.01 sys=0.00, real=0.01 secs] 
88.006: Total time for which application threads were stopped: 0.0047340 seconds, Stopping threads took: 0.0025300 seconds
88.089: Application time: 0.0822760 seconds
88.091: [GC [PSYoungGen: 90704K->6976K(97280K)] 97345K->13625K(319488K), 0.0020450 secs] [Times: user=0.01 sys=0.00, real=0.00 secs] 
88.093: Total time for which application threads were stopped: 0.0041160 seconds, Stopping threads took: 0.0019960 seconds
88.177: Application time: 0.0843890 seconds
88.180: [GC [PSYoungGen: 90432K->6880K(97280K)] 97081K->13537K(319488K), 0.0019640 secs] [Times: user=0.02 sys=0.00, real=0.00 secs] 
88.182: Total time for which application threads were stopped: 0.0053150 seconds, Stopping threads took: 0.0032660 seconds
88.261: Application time: 0.0784330 seconds
88.264: [GC [PSYoungGen: 90336K->7776K(97280K)] 96993K->14441K(319488K), 0.0023190 secs] [Times: user=0.02 sys=0.00, real=0.01 secs] 
88.266: Total time for which application threads were stopped: 0.0052970 seconds, Stopping threads took: 0.0028810 seconds
88.345: Application time: 0.0791000 seconds
88.347: [GC [PSYoungGen: 91232K->7888K(97280K)] 97897K->14553K(319488K), 0.0022190 secs] [Times: user=0.02 sys=0.00, real=0.00 secs] 
88.349: Total time for which application threads were stopped: 0.0042520 seconds, Stopping threads took: 0.0019460 seconds
88.430: Application time: 0.0809750 seconds
88.433: [GC [PSYoungGen: 91344K->6656K(97280K)] 98009K->13321K(319488K), 0.0018730 secs] [Times: user=0.02 sys=0.00, real=0.00 secs] 
88.435: Total time for which application threads were stopped: 0.0041780 seconds, Stopping threads took: 0.0022260 seconds
88.522: Application time: 0.0869230 seconds
88.523: [GC [PSYoungGen: 90112K->4544K(97280K)] 96777K->11209K(319488K), 0.0013210 secs] [Times: user=0.00 sys=0.00, real=0.00 secs] 
88.525: Total time for which application threads were stopped: 0.0030120 seconds, Stopping threads took: 0.0016220 seconds
88.603: Application time: 0.0786040 seconds
88.605: [GC [PSYoungGen: 88000K->6240K(97280K)] 94665K->12913K(319488K), 0.0018890 secs] [Times: user=0.01 sys=0.00, real=0.01 secs] 
88.607: Total time for which application threads were stopped: 0.0037030 seconds, Stopping threads took: 0.0017330 seconds
88.688: Application time: 0.0809020 seconds
88.690: [GC [PSYoungGen: 89696K->7840K(97280K)] 96369K->14521K(319488K), 0.0022460 secs] [Times: user=0.02 sys=0.00, real=0.00 secs] 
88.692: Total time for which application threads were stopped: 0.0045380 seconds, Stopping threads took: 0.0022140 seconds
88.766: Application time: 0.0738760 seconds
88.768: [GC [PSYoungGen: 91296K->8384K(97280K)] 97977K->15073K(319488K), 0.0023440 secs] [Times: user=0.01 sys=0.00, real=0.00 secs] 
88.770: Total time for which application threads were stopped: 0.0039900 seconds, Stopping threads took: 0.0015610 seconds
88.851: Application time: 0.0804710 seconds
88.853: [GC [PSYoungGen: 91840K->4032K(97280K)] 98529K->10729K(319488K), 0.0012040 secs] [Times: user=0.01 sys=0.00, real=0.00 secs] 
88.854: Total time for which application threads were stopped: 0.0036790 seconds, Stopping threads took: 0.0023980 seconds
88.928: Application time: 0.0735890 seconds
88.930: [GC [PSYoungGen: 87488K->7808K(97280K)] 94185K->14505K(319488K), 0.0022060 secs] [Times: user=0.02 sys=0.00, real=0.00 secs] 
88.932: Total time for which application threads were stopped: 0.0039430 seconds, Stopping threads took: 0.0016500 seconds
89.004: Application time: 0.0722510 seconds
89.006: [GC [PSYoungGen: 91264K->7600K(97280K)] 97961K->14297K(319488K), 0.0021230 secs] [Times: user=0.01 sys=0.00, real=0.00 secs] 
89.008: Total time for which application threads were stopped: 0.0040670 seconds, Stopping threads took: 0.0018630 seconds
89.085: Application time: 0.0768750 seconds
89.088: [GC [PSYoungGen: 91056K->7504K(97280K)] 97753K->14209K(319488K), 0.0020640 secs] [Times: user=0.01 sys=0.00, real=0.00 secs] 
89.090: Total time for which application threads were stopped: 0.0048310 seconds, Stopping threads took: 0.0026870 seconds
89.170: Application time: 0.0798150 seconds
89.172: [GC [PSYoungGen: 90960K->6848K(97280K)] 97665K->13561K(319488K), 0.0019620 secs] [Times: user=0.01 sys=0.00, real=0.00 secs] 
89.174: Total time for which application threads were stopped: 0.0038660 seconds, Stopping threads took: 0.0018200 seconds
89.248: Application time: 0.0748020 seconds
89.251: [GC [PSYoungGen: 90304K->7248K(97280K)] 97017K->13969K(319488K), 0.0019930 secs] [Times: user=0.01 sys=0.00, real=0.00 secs] 
89.253: Total time for which application threads were stopped: 0.0047160 seconds, Stopping threads took: 0.0026370 seconds
89.332: Application time: 0.0784540 seconds
89.335: [GC [PSYoungGen: 90704K->7808K(97280K)] 97425K->14537K(319488K), 0.0023030 secs] [Times: user=0.02 sys=0.00, real=0.00 secs] 
89.337: Total time for which application threads were stopped: 0.0053120 seconds, Stopping threads took: 0.0029200 seconds
89.409: Application time: 0.0717670 seconds
89.411: [GC [PSYoungGen: 91264K->7184K(97280K)] 97993K->13913K(319488K), 0.0020760 secs] [Times: user=0.02 sys=0.00, real=0.00 secs] 
89.413: Total time for which application threads were stopped: 0.0042880 seconds, Stopping threads took: 0.0021260 seconds
89.488: Application time: 0.0747130 seconds
89.490: [GC [PSYoungGen: 90640K->6208K(97280K)] 97369K->12937K(319488K), 0.0017980 secs] [Times: user=0.01 sys=0.00, real=0.00 secs] 
89.492: Total time for which application threads were stopped: 0.0042800 seconds, Stopping threads took: 0.0024030 seconds
89.566: Application time: 0.0745220 seconds
89.569: [GC [PSYoungGen: 89664K->6816K(97280K)] 96393K->13545K(319488K), 0.0019630 secs] [Times: user=0.01 sys=0.00, real=0.00 secs] 
89.571: Total time for which application threads were stopped: 0.0041360 seconds, Stopping threads took: 0.0020830 seconds
89.644: Application time: 0.0736280 seconds
89.647: [GC [PSYoungGen: 90272K->7184K(97280K)] 97001K->13921K(319488K), 0.0021100 secs] [Times: user=0.01 sys=0.00, real=0.00 secs] 
89.649: Total time for which application threads were stopped: 0.0047470 seconds, Stopping threads took: 0.0025590 seconds
89.725: Application time: 0.0760270 seconds
89.727: [GC [PSYoungGen: 90640K->7360K(97280K)] 97377K->14105K(319488K), 0.0021940 secs] [Times: user=0.01 sys=0.00, real=0.00 secs] 
89.729: Total time for which application threads were stopped: 0.0037650 seconds, Stopping threads took: 0.0014880 seconds
89.806: Application time: 0.0776870 seconds
89.809: [GC [PSYoungGen: 90816K->8016K(97280K)] 97561K->14769K(319488K), 0.0023500 secs] [Times: user=0.01 sys=0.00, real=0.00 secs] 
89.811: Total time for which application threads were stopped: 0.0044840 seconds, Stopping threads took: 0.0020320 seconds
89.884: Application time: 0.0726900 seconds
89.886: [GC [PSYoungGen: 91472K->7616K(97280K)] 98225K->14369K(319488K), 0.0022130 secs] [Times: user=0.02 sys=0.00, real=0.00 secs] 
89.889: Total time for which application threads were stopped: 0.0050830 seconds, Stopping threads took: 0.0027450 seconds
89.964: Application time: 0.0755330 seconds
89.967: [GC [PSYoungGen: 91072K->8016K(97280K)] 97825K->14769K(319488K), 0.0023280 secs] [Times: user=0.01 sys=0.00, real=0.00 secs] 
89.969: Total time for which application threads were stopped: 0.0047480 seconds, Stopping threads took: 0.0023310 seconds
90.043: Application time: 0.0735750 seconds
90.045: [GC [PSYoungGen: 91472K->8048K(97280K)] 98225K->14801K(319488K), 0.0022280 secs] [Times: user=0.01 sys=0.00, real=0.00 secs] 
90.048: Total time for which application threads were stopped: 0.0049560 seconds, Stopping threads took: 0.0026500 seconds
90.124: Application time: 0.0762370 seconds
90.126: [GC [PSYoungGen: 91504K->7600K(97280K)] 98257K->14361K(319488K), 0.0022180 secs] [Times: user=0.02 sys=0.00, real=0.00 secs] 
90.128: Total time for which application threads were stopped: 0.0044670 seconds, Stopping threads took: 0.0021660 seconds
90.202: Application time: 0.0741810 seconds
90.205: [GC [PSYoungGen: 91056K->7120K(97280K)] 97817K->13889K(319488K), 0.0019800 secs] [Times: user=0.02 sys=0.00, real=0.01 secs] 
90.207: Total time for which application threads were stopped: 0.0045750 seconds, Stopping threads took: 0.0025170 seconds
90.284: Application time: 0.0767230 seconds
90.285: [GC [PSYoungGen: 90576K->7136K(97280K)] 97345K->13913K(319488K), 0.0020780 secs] [Times: user=0.01 sys=0.00, real=0.00 secs] 
90.287: Total time for which application threads were stopped: 0.0037260 seconds, Stopping threads took: 0.0015640 seconds
90.363: Application time: 0.0758520 seconds
90.365: [GC [PSYoungGen: 90592K->7568K(97280K)] 97369K->14345K(319488K), 0.0021530 secs] [Times: user=0.02 sys=0.00, real=0.01 secs] 
90.367: Total time for which application threads were stopped: 0.0035800 seconds, Stopping threads took: 0.0013470 seconds
90.445: Application time: 0.0778760 seconds
90.446: [GC [PSYoungGen: 91024K->7328K(97280K)] 97801K->14105K(319488K), 0.0021630 secs] [Times: user=0.02 sys=0.00, real=0.00 secs] 
90.449: Total time for which application threads were stopped: 0.0039180 seconds, Stopping threads took: 0.0016610 seconds
90.524: Application time: 0.0751950 seconds
90.525: [GC [PSYoungGen: 90784K->6672K(97280K)] 97561K->13449K(319488K), 0.0018720 secs] [Times: user=0.01 sys=0.00, real=0.00 secs] 
90.527: Total time for which application threads were stopped: 0.0033950 seconds, Stopping threads took: 0.0014500 seconds
90.606: Application time: 0.0782490 seconds
90.608: [GC [PSYoungGen: 90128K->7184K(97280K)] 96905K->13969K(319488K), 0.0020340 secs] [Times: user=0.02 sys=0.00, real=0.00 secs] 
90.610: Total time for which application threads were stopped: 0.0046640 seconds, Stopping threads took: 0.0025460 seconds
90.684: Application time: 0.0736770 seconds
90.686: [GC [PSYoungGen: 90640K->7648K(97280K)] 97425K->14441K(319488K), 0.0021230 secs] [Times: user=0.02 sys=0.00, real=0.00 secs] 
90.688: Total time for which application threads were stopped: 0.0040490 seconds, Stopping threads took: 0.0018520 seconds
90.767: Application time: 0.0793860 seconds
90.769: [GC [PSYoungGen: 91104K->6288K(97280K)] 97897K->13097K(319488K), 0.0018350 secs] [Times: user=0.01 sys=0.00, real=0.00 secs] 
90.771: Total time for which application threads were stopped: 0.0039550 seconds, Stopping threads took: 0.0020470 seconds
90.849: Application time: 0.0780580 seconds
90.852: [GC [PSYoungGen: 89744K->5728K(97280K)] 96553K->12545K(319488K), 0.0015780 secs] [Times: user=0.01 sys=0.00, real=0.00 secs] 
90.854: Total time for which application threads were stopped: 0.0041490 seconds, Stopping threads took: 0.0025030 seconds
90.930: Application time: 0.0767800 seconds
90.933: [GC [PSYoungGen: 89184K->7856K(97280K)] 96001K->14673K(319488K), 0.0041820 secs] [Times: user=0.03 sys=0.00, real=0.01 secs] 
90.937: Total time for which application threads were stopped: 0.0070170 seconds, Stopping threads took: 0.0027530 seconds
91.011: Application time: 0.0734980 seconds
91.013: [GC [PSYoungGen: 91312K->7056K(97280K)] 98129K->13873K(319488K), 0.0019090 secs] [Times: user=0.02 sys=0.00, real=0.00 secs] 
91.015: Total time for which application threads were stopped: 0.0040220 seconds, Stopping threads took: 0.0020210 seconds
91.090: Application time: 0.0752720 seconds
91.093: [GC [PSYoungGen: 90512K->8304K(97280K)] 97329K->15129K(319488K), 0.0025660 secs] [Times: user=0.02 sys=0.00, real=0.00 secs] 
91.096: Total time for which application threads were stopped: 0.0054470 seconds, Stopping threads took: 0.0027740 seconds
91.176: Application time: 0.0802450 seconds
91.177: [GC [PSYoungGen: 91760K->5184K(97280K)] 98585K->12017K(319488K), 0.0015060 secs] [Times: user=0.01 sys=0.00, real=0.00 secs] 
91.179: Total time for which application threads were stopped: 0.0028440 seconds, Stopping threads took: 0.0012530 seconds
91.258: Application time: 0.0794090 seconds
91.261: [GC [PSYoungGen: 88640K->6176K(97280K)] 95473K->13017K(319488K), 0.0017350 secs] [Times: user=0.02 sys=0.00, real=0.00 secs] 
91.263: Total time for which application threads were stopped: 0.0047720 seconds, Stopping threads took: 0.0029550 seconds
91.335: Application time: 0.0722560 seconds
91.336: [GC [PSYoungGen: 89632K->7632K(97280K)] 96473K->14481K(319488K), 0.0021370 secs] [Times: user=0.02 sys=0.00, real=0.01 secs] 
91.339: Total time for which application threads were stopped: 0.0034690 seconds, Stopping threads took: 0.0012540 seconds
91.419: Application time: 0.0800630 seconds
91.420: [GC [PSYoungGen: 91088K->5248K(97280K)] 97937K->12097K(319488K), 0.0015530 secs] [Times: user=0.01 sys=0.00, real=0.00 secs] 
91.422: Total time for which application threads were stopped: 0.0032530 seconds, Stopping threads took: 0.0016230 seconds
91.494: Application time: 0.0724980 seconds
91.497: [GC [PSYoungGen: 88704K->7552K(97280K)] 95553K->14401K(319488K), 0.0021860 secs] [Times: user=0.01 sys=0.00, real=0.01 secs] 
91.499: Total time for which application threads were stopped: 0.0048700 seconds, Stopping threads took: 0.0025980 seconds
91.577: Application time: 0.0772770 seconds
91.577: [GC [PSYoungGen: 91008K->6080K(97280K)] 97857K->12937K(319488K), 0.0017540 secs] [Times: user=0.02 sys=0.00, real=0.00 secs] 
91.579: Total time for which application threads were stopped: 0.0027400 seconds, Stopping threads took: 0.0009030 seconds
91.657: Application time: 0.0778540 seconds
91.660: [GC [PSYoungGen: 89536K->5872K(97280K)] 96393K->12737K(319488K), 0.0016230 secs] [Times: user=0.01 sys=0.00, real=0.00 secs] 
91.662: Total time for which application threads were stopped: 0.0050030 seconds, Stopping threads took: 0.0033040 seconds
91.738: Application time: 0.0761960 seconds
91.741: [GC [PSYoungGen: 89328K->7392K(97280K)] 96193K->14265K(319488K), 0.0020780 secs] [Times: user=0.02 sys=0.00, real=0.00 secs] 
91.743: Total time for which application threads were stopped: 0.0050060 seconds, Stopping threads took: 0.0028440 seconds
91.818: Application time: 0.0746650 seconds
91.820: [GC [PSYoungGen: 90848K->7760K(97280K)] 97721K->14649K(319488K), 0.0021290 secs] [Times: user=0.01 sys=0.00, real=0.00 secs] 
91.822: Total time for which application threads were stopped: 0.0041880 seconds, Stopping threads took: 0.0019820 seconds
91.903: Application time: 0.0803170 seconds
91.905: [GC [PSYoungGen: 91216K->6448K(97280K)] 98105K->13337K(319488K), 0.0018180 secs] [Times: user=0.02 sys=0.00, real=0.01 secs] 
91.907: Total time for which application threads were stopped: 0.0041050 seconds, Stopping threads took: 0.0022000 seconds
91.982: Application time: 0.0755650 seconds
91.985: [GC [PSYoungGen: 89904K->6688K(97280K)] 96793K->13577K(319488K), 0.0017980 secs] [Times: user=0.01 sys=0.00, real=0.01 secs] 
91.987: Total time for which application threads were stopped: 0.0044640 seconds, Stopping threads took: 0.0025830 seconds
92.064: Application time: 0.0773190 seconds
92.066: [GC [PSYoungGen: 90144K->6336K(97280K)] 97033K->13233K(319488K), 0.0017910 secs] [Times: user=0.02 sys=0.00, real=0.00 secs] 
92.068: Total time for which application threads were stopped: 0.0037810 seconds, Stopping threads took: 0.0019070 seconds
92.142: Application time: 0.0745510 seconds
92.145: [GC [PSYoungGen: 89791K->8000K(97280K)] 96689K->14905K(319488K), 0.0021400 secs] [Times: user=0.01 sys=0.00, real=0.01 secs] 
92.147: Total time for which application threads were stopped: 0.0047290 seconds, Stopping threads took: 0.0025000 seconds
92.224: Application time: 0.0764560 seconds
92.227: [GC [PSYoungGen: 91456K->7472K(97280K)] 98361K->14393K(319488K), 0.0021370 secs] [Times: user=0.02 sys=0.00, real=0.00 secs] 
92.229: Total time for which application threads were stopped: 0.0052240 seconds, Stopping threads took: 0.0030040 seconds
92.304: Application time: 0.0751940 seconds
92.306: [GC [PSYoungGen: 90928K->6208K(97280K)] 97849K->13137K(319488K), 0.0019570 secs] [Times: user=0.01 sys=0.00, real=0.00 secs] 
92.308: Total time for which application threads were stopped: 0.0040710 seconds, Stopping threads took: 0.0020160 seconds
92.384: Application time: 0.0757250 seconds
92.385: [GC [PSYoungGen: 89664K->6000K(97280K)] 96593K->12929K(319488K), 0.0017240 secs] [Times: user=0.01 sys=0.00, real=0.00 secs] 
92.387: Total time for which application threads were stopped: 0.0034740 seconds, Stopping threads took: 0.0016740 seconds
92.460: Application time: 0.0731380 seconds
92.463: [GC [PSYoungGen: 89456K->7616K(97280K)] 96385K->14545K(319488K), 0.0021910 secs] [Times: user=0.01 sys=0.00, real=0.01 secs] 
92.465: Total time for which application threads were stopped: 0.0048580 seconds, Stopping threads took: 0.0025840 seconds
92.541: Application time: 0.0755610 seconds
92.543: [GC [PSYoungGen: 91072K->7136K(97280K)] 98001K->14073K(319488K), 0.0020500 secs] [Times: user=0.01 sys=0.00, real=0.00 secs] 
92.545: Total time for which application threads were stopped: 0.0041120 seconds, Stopping threads took: 0.0019820 seconds
92.621: Application time: 0.0765200 seconds
92.624: [GC [PSYoungGen: 90592K->5680K(97280K)] 97529K->12625K(319488K), 0.0016170 secs] [Times: user=0.01 sys=0.00, real=0.01 secs] 
92.626: Total time for which application threads were stopped: 0.0041730 seconds, Stopping threads took: 0.0024820 seconds
92.708: Application time: 0.0823880 seconds
92.710: [GC [PSYoungGen: 89136K->7408K(97280K)] 96081K->14361K(319488K), 0.0023110 secs] [Times: user=0.01 sys=0.00, real=0.00 secs] 
92.712: Total time for which application threads were stopped: 0.0043280 seconds, Stopping threads took: 0.0019020 seconds
92.791: Application time: 0.0782540 seconds
92.793: [GC [PSYoungGen: 90864K->8064K(97280K)] 97817K->15025K(319488K), 0.0021980 secs] [Times: user=0.02 sys=0.00, real=0.00 secs] 
92.796: Total time for which application threads were stopped: 0.0050030 seconds, Stopping threads took: 0.0027230 seconds
92.876: Application time: 0.0803260 seconds
92.878: [GC [PSYoungGen: 91520K->7728K(97280K)] 98481K->14689K(319488K), 0.0022560 secs] [Times: user=0.02 sys=0.00, real=0.00 secs] 
92.881: Total time for which application threads were stopped: 0.0046400 seconds, Stopping threads took: 0.0022980 seconds
92.960: Application time: 0.0792190 seconds
92.962: [GC [PSYoungGen: 91184K->8208K(97280K)] 98145K->15169K(319488K), 0.0024140 secs] [Times: user=0.02 sys=0.00, real=0.00 secs] 
92.965: Total time for which application threads were stopped: 0.0051800 seconds, Stopping threads took: 0.0026730 seconds
93.048: Application time: 0.0831060 seconds
93.050: [GC [PSYoungGen: 91664K->7648K(97280K)] 98625K->14609K(319488K), 0.0022320 secs] [Times: user=0.01 sys=0.00, real=0.00 secs] 
93.053: Total time for which application threads were stopped: 0.0047040 seconds, Stopping threads took: 0.0023890 seconds
93.131: Application time: 0.0781030 seconds
93.134: [GC [PSYoungGen: 91104K->7088K(97280K)] 98065K->14057K(319488K), 0.0019610 secs] [Times: user=0.01 sys=0.00, real=0.00 secs] 
93.136: Total time for which application threads were stopped: 0.0049260 seconds, Stopping threads took: 0.0028810 seconds
93.219: Application time: 0.0827520 seconds
93.221: [GC [PSYoungGen: 90544K->7536K(97280K)] 97513K->14513K(319488K), 0.0021450 secs] [Times: user=0.01 sys=0.00, real=0.00 secs] 
93.223: Total time for which application threads were stopped: 0.0049310 seconds, Stopping threads took: 0.0026880 seconds
93.303: Application time: 0.0797720 seconds
93.305: [GC [PSYoungGen: 90992K->6416K(97280K)] 97969K->13401K(319488K), 0.0019340 secs] [Times: user=0.01 sys=0.00, real=0.00 secs] 
93.307: Total time for which application threads were stopped: 0.0039710 seconds, Stopping threads took: 0.0019500 seconds
93.388: Application time: 0.0807440 seconds
93.391: [GC [PSYoungGen: 89872K->6976K(97280K)] 96857K->13969K(319488K), 0.0021480 secs] [Times: user=0.00 sys=0.00, real=0.00 secs] 
93.393: Total time for which application threads were stopped: 0.0048410 seconds, Stopping threads took: 0.0026080 seconds
93.470: Application time: 0.0774400 seconds
93.473: [GC [PSYoungGen: 90432K->7488K(97280K)] 97425K->14481K(319488K), 0.0020930 secs] [Times: user=0.02 sys=0.00, real=0.00 secs] 
93.475: Total time for which application threads were stopped: 0.0049830 seconds, Stopping threads took: 0.0028050 seconds
93.559: Application time: 0.0836430 seconds
93.561: [GC [PSYoungGen: 90944K->7824K(97280K)] 97937K->14817K(319488K), 0.0022120 secs] [Times: user=0.02 sys=0.00, real=0.00 secs] 
93.564: Total time for which application threads were stopped: 0.0048650 seconds, Stopping threads took: 0.0025700 seconds
93.643: Application time: 0.0794690 seconds
93.645: [GC [PSYoungGen: 91280K->7472K(97280K)] 98273K->14473K(319488K), 0.0021810 secs] [Times: user=0.01 sys=0.00, real=0.01 secs] 
93.647: Total time for which application threads were stopped: 0.0038090 seconds, Stopping threads took: 0.0015460 seconds
93.730: Application time: 0.0824990 seconds
93.732: [GC [PSYoungGen: 90928K->7056K(97280K)] 97929K->14065K(319488K), 0.0019080 secs] [Times: user=0.01 sys=0.00, real=0.00 secs] 
93.734: Total time for which application threads were stopped: 0.0045350 seconds, Stopping threads took: 0.0025400 seconds
93.814: Application time: 0.0795110 seconds
93.816: [GC [PSYoungGen: 90512K->6832K(97280K)] 97521K->13849K(319488K), 0.0019250 secs] [Times: user=0.00 sys=0.01, real=0.01 secs] 
93.818: Total time for which application threads were stopped: 0.0045160 seconds, Stopping threads took: 0.0025130 seconds
93.897: Application time: 0.0785230 seconds
93.899: [GC [PSYoungGen: 90288K->7616K(97280K)] 97305K->14641K(319488K), 0.0022050 secs] [Times: user=0.01 sys=0.00, real=0.00 secs] 
93.901: Total time for which application threads were stopped: 0.0047940 seconds, Stopping threads took: 0.0024980 seconds
93.980: Application time: 0.0790390 seconds
93.983: [GC [PSYoungGen: 91072K->6128K(97280K)] 98097K->13153K(319488K), 0.0019010 secs] [Times: user=0.01 sys=0.00, real=0.00 secs] 
93.985: Total time for which application threads were stopped: 0.0043920 seconds, Stopping threads took: 0.0023930 seconds
94.062: Application time: 0.0775960 seconds
94.065: [GC [PSYoungGen: 89584K->6496K(97280K)] 96609K->13521K(319488K), 0.0018700 secs] [Times: user=0.01 sys=0.00, real=0.00 secs] 
94.067: Total time for which application threads were stopped: 0.0047060 seconds, Stopping threads took: 0.0027490 seconds
94.147: Application time: 0.0798580 seconds
94.149: [GC [PSYoungGen: 89952K->7824K(97280K)] 96977K->14857K(319488K), 0.0023420 secs] [Times: user=0.01 sys=0.00, real=0.00 secs] 
94.152: Total time for which application threads were stopped: 0.0046770 seconds, Stopping threads took: 0.0022240 seconds
94.233: Application time: 0.0810670 seconds
94.236: [GC [PSYoungGen: 91280K->7776K(97280K)] 98313K->14817K(319488K), 0.0023590 secs] [Times: user=0.01 sys=0.00, real=0.01 secs] 
94.239: Total time for which application threads were stopped: 0.0057600 seconds, Stopping threads took: 0.0033040 seconds
94.319: Application time: 0.0805080 seconds
94.321: [GC [PSYoungGen: 91232K->7184K(97280K)] 98273K->14233K(319488K), 0.0023190 secs] [Times: user=0.01 sys=0.00, real=0.00 secs] 
94.323: Total time for which application threads were stopped: 0.0041380 seconds, Stopping threads took: 0.0017110 seconds
94.404: Application time: 0.0806510 seconds
94.406: [GC [PSYoungGen: 90640K->7104K(97280K)] 97689K->14161K(319488K), 0.0022300 secs] [Times: user=0.02 sys=0.00, real=0.00 secs] 
94.408: Total time for which application threads were stopped: 0.0040870 seconds, Stopping threads took: 0.0017720 seconds
94.485: Application time: 0.0768840 seconds
94.487: [GC [PSYoungGen: 90560K->7632K(97280K)] 97617K->14689K(319488K), 0.0023780 secs] [Times: user=0.01 sys=0.00, real=0.00 secs] 
94.490: Total time for which application threads were stopped: 0.0049900 seconds, Stopping threads took: 0.0025340 seconds
94.571: Application time: 0.0807170 seconds
94.572: [GC [PSYoungGen: 91088K->6784K(97280K)] 98145K->13841K(319488K), 0.0020620 secs] [Times: user=0.02 sys=0.00, real=0.00 secs] 
94.574: Total time for which application threads were stopped: 0.0035290 seconds, Stopping threads took: 0.0013780 seconds
94.655: Application time: 0.0807460 seconds
94.658: [GC [PSYoungGen: 90240K->8304K(97280K)] 97297K->15369K(319488K), 0.0026140 secs] [Times: user=0.02 sys=0.00, real=0.00 secs] 
94.661: Total time for which application threads were stopped: 0.0057820 seconds, Stopping threads took: 0.0030840 seconds
94.741: Application time: 0.0808300 seconds
94.744: [GC [PSYoungGen: 91760K->7808K(97280K)] 98825K->14881K(319488K), 0.0021940 secs] [Times: user=0.01 sys=0.00, real=0.01 secs] 
94.746: Total time for which application threads were stopped: 0.0046050 seconds, Stopping threads took: 0.0023170 seconds
94.825: Application time: 0.0794070 seconds
94.829: [GC [PSYoungGen: 91264K->8208K(97280K)] 98337K->15289K(319488K), 0.0022560 secs] [Times: user=0.01 sys=0.00, real=0.00 secs] 
94.831: Total time for which application threads were stopped: 0.0056960 seconds, Stopping threads took: 0.0033590 seconds
94.916: Application time: 0.0847370 seconds
94.918: [GC [PSYoungGen: 91664K->5680K(97280K)] 98745K->12769K(319488K), 0.0017200 secs] [Times: user=0.01 sys=0.00, real=0.00 secs] 
94.920: Total time for which application threads were stopped: 0.0041760 seconds, Stopping threads took: 0.0023760 seconds
94.997: Application time: 0.0771580 seconds
94.999: [GC [PSYoungGen: 89136K->7344K(97280K)] 96225K->14433K(319488K), 0.0021200 secs] [Times: user=0.01 sys=0.00, real=0.00 secs] 
95.001: Total time for which application threads were stopped: 0.0039160 seconds, Stopping threads took: 0.0017150 seconds
95.084: Application time: 0.0832900 seconds
95.087: [GC [PSYoungGen: 90800K->7824K(97280K)] 97889K->14913K(319488K), 0.0022010 secs] [Times: user=0.01 sys=0.00, real=0.00 secs] 
95.089: Total time for which application threads were stopped: 0.0046760 seconds, Stopping threads took: 0.0023870 seconds
95.164: Application time: 0.0750580 seconds
95.166: [GC [PSYoungGen: 91280K->7632K(97280K)] 98369K->14729K(319488K), 0.0022940 secs] [Times: user=0.01 sys=0.00, real=0.00 secs] 
95.168: Total time for which application threads were stopped: 0.0042160 seconds, Stopping threads took: 0.0018370 seconds
95.248: Application time: 0.0799530 seconds
95.250: [GC [PSYoungGen: 91088K->7600K(97280K)] 98185K->14705K(319488K), 0.0022470 secs] [Times: user=0.01 sys=0.00, real=0.00 secs] 
95.253: Total time for which application threads were stopped: 0.0043290 seconds, Stopping threads took: 0.0019850 seconds
95.330: Application time: 0.0777590 seconds
95.333: [GC [PSYoungGen: 91056K->8352K(97280K)] 98161K->15465K(319488K), 0.0021990 secs] [Times: user=0.01 sys=0.00, real=0.00 secs] 
95.335: Total time for which application threads were stopped: 0.0048000 seconds, Stopping threads took: 0.0025170 seconds
95.417: Application time: 0.0816650 seconds
95.420: [GC [PSYoungGen: 91808K->7056K(97280K)] 98921K->14177K(319488K), 0.0022770 secs] [Times: user=0.01 sys=0.00, real=0.00 secs] 
95.422: Total time for which application threads were stopped: 0.0052780 seconds, Stopping threads took: 0.0029050 seconds
95.500: Application time: 0.0773400 seconds
95.503: [GC [PSYoungGen: 90512K->7488K(97280K)] 97633K->14617K(319488K), 0.0021490 secs] [Times: user=0.01 sys=0.00, real=0.00 secs] 
95.505: Total time for which application threads were stopped: 0.0052490 seconds, Stopping threads took: 0.0030180 seconds
95.585: Application time: 0.0803570 seconds
95.588: [GC [PSYoungGen: 90944K->6960K(97280K)] 98073K->14089K(319488K), 0.0020260 secs] [Times: user=0.01 sys=0.00, real=0.00 secs] 
95.590: Total time for which application threads were stopped: 0.0045800 seconds, Stopping threads took: 0.0024670 seconds
95.672: Application time: 0.0818460 seconds
95.673: [GC [PSYoungGen: 90416K->5264K(97280K)] 97545K->12393K(319488K), 0.0015820 secs] [Times: user=0.01 sys=0.00, real=0.00 secs] 
95.675: Total time for which application threads were stopped: 0.0034520 seconds, Stopping threads took: 0.0017980 seconds
95.758: Application time: 0.0828130 seconds
95.760: [GC [PSYoungGen: 88720K->6240K(97280K)] 95849K->13377K(319488K), 0.0018330 secs] [Times: user=0.01 sys=0.00, real=0.00 secs] 
95.762: Total time for which application threads were stopped: 0.0040240 seconds, Stopping threads took: 0.0021020 seconds
95.841: Application time: 0.0791000 seconds
95.843: [GC [PSYoungGen: 89696K->7328K(97280K)] 96833K->14473K(319488K), 0.0021650 secs] [Times: user=0.01 sys=0.00, real=0.01 secs] 
95.845: Total time for which application threads were stopped: 0.0043710 seconds, Stopping threads took: 0.0021150 seconds
95.925: Application time: 0.0794740 seconds
95.927: [GC [PSYoungGen: 90784K->6832K(97280K)] 97929K->13985K(319488K), 0.0019670 secs] [Times: user=0.01 sys=0.00, real=0.00 secs] 
95.929: Total time for which application threads were stopped: 0.0043160 seconds, Stopping threads took: 0.0022610 seconds
96.007: Application time: 0.0774590 seconds
96.010: [GC [PSYoungGen: 90288K->8304K(97280K)] 97441K->15465K(319488K), 0.0024770 secs] [Times: user=0.01 sys=0.01, real=0.00 secs] 
96.012: Total time for which application threads were stopped: 0.0054700 seconds, Stopping threads took: 0.0029060 seconds
96.092: Application time: 0.0797910 seconds
96.094: [GC [PSYoungGen: 91760K->7024K(97280K)] 98921K->14185K(319488K), 0.0019920 secs] [Times: user=0.01 sys=0.00, real=0.00 secs] 
96.096: Total time for which application threads were stopped: 0.0040780 seconds, Stopping threads took: 0.0020120 seconds
96.175: Application time: 0.0794010 seconds
96.178: [GC [PSYoungGen: 90480K->6672K(97280K)] 97641K->13833K(319488K), 0.0021010 secs] [Times: user=0.01 sys=0.00, real=0.00 secs] 
96.180: Total time for which application threads were stopped: 0.0047350 seconds, Stopping threads took: 0.0025450 seconds
96.260: Application time: 0.0802440 seconds
96.262: [GC [PSYoungGen: 90128K->6800K(97280K)] 97289K->13969K(319488K), 0.0019100 secs] [Times: user=0.01 sys=0.00, real=0.00 secs] 
96.264: Total time for which application threads were stopped: 0.0040010 seconds, Stopping threads took: 0.0020070 seconds
96.345: Application time: 0.0809790 seconds
96.349: [GC [PSYoungGen: 90256K->7216K(97280K)] 97425K->14393K(319488K), 0.0020140 secs] [Times: user=0.01 sys=0.00, real=0.00 secs] 
96.351: Total time for which application threads were stopped: 0.0052940 seconds, Stopping threads took: 0.0031880 seconds
96.430: Application time: 0.0791560 seconds
96.433: [GC [PSYoungGen: 90672K->6256K(97280K)] 97849K->13441K(319488K), 0.0018550 secs] [Times: user=0.02 sys=0.00, real=0.00 secs] 
96.435: Total time for which application threads were stopped: 0.0047470 seconds, Stopping threads took: 0.0028130 seconds
96.510: Application time: 0.0759220 seconds
96.513: [GC [PSYoungGen: 89712K->8128K(97280K)] 96897K->15321K(319488K), 0.0024290 secs] [Times: user=0.02 sys=0.00, real=0.00 secs] 
96.515: Total time for which application threads were stopped: 0.0050000 seconds, Stopping threads took: 0.0024870 seconds
96.596: Application time: 0.0806920 seconds
96.598: [GC [PSYoungGen: 91584K->5776K(97280K)] 98777K->12969K(319488K), 0.0016710 secs] [Times: user=0.01 sys=0.00, real=0.00 secs] 
96.599: Total time for which application threads were stopped: 0.0031860 seconds, Stopping threads took: 0.0014370 seconds
96.673: Application time: 0.0739450 seconds
96.675: [GC [PSYoungGen: 89232K->8240K(97280K)] 96425K->15433K(319488K), 0.0022000 secs] [Times: user=0.01 sys=0.00, real=0.01 secs] 
96.677: Total time for which application threads were stopped: 0.0039730 seconds, Stopping threads took: 0.0016920 seconds
96.756: Application time: 0.0782840 seconds
96.758: [GC [PSYoungGen: 91696K->6480K(97280K)] 98889K->13681K(319488K), 0.0017900 secs] [Times: user=0.01 sys=0.00, real=0.00 secs] 
96.760: Total time for which application threads were stopped: 0.0044060 seconds, Stopping threads took: 0.0025360 seconds
96.835: Application time: 0.0752660 seconds
96.838: [GC [PSYoungGen: 89936K->6528K(97280K)] 97137K->13737K(319488K), 0.0019800 secs] [Times: user=0.01 sys=0.00, real=0.00 secs] 
96.840: Total time for which application threads were stopped: 0.0047680 seconds, Stopping threads took: 0.0027060 seconds
96.920: Application time: 0.0801800 seconds
96.921: [GC [PSYoungGen: 89983K->6608K(97280K)] 97193K->13825K(319488K), 0.0018920 secs] [Times: user=0.02 sys=0.00, real=0.00 secs] 
96.923: Total time for which application threads were stopped: 0.0026570 seconds, Stopping threads took: 0.0006850 seconds
96.997: Application time: 0.0743100 seconds
97.000: [GC [PSYoungGen: 90064K->7200K(97280K)] 97281K->14425K(319488K), 0.0020090 secs] [Times: user=0.01 sys=0.00, real=0.00 secs] 
97.002: Total time for which application threads were stopped: 0.0047060 seconds, Stopping threads took: 0.0026150 seconds
97.083: Application time: 0.0811350 seconds
97.085: [GC [PSYoungGen: 90656K->7552K(97280K)] 97881K->14777K(319488K), 0.0021750 secs] [Times: user=0.01 sys=0.00, real=0.01 secs] 
97.087: Total time for which application threads were stopped: 0.0038240 seconds, Stopping threads took: 0.0015680 seconds
97.166: Application time: 0.0796450 seconds
97.168: [GC [PSYoungGen: 91008K->5840K(97280K)] 98233K->13065K(319488K), 0.0017530 secs] [Times: user=0.01 sys=0.00, real=0.00 secs] 
97.169: Total time for which application threads were stopped: 0.0028990 seconds, Stopping threads took: 0.0010720 seconds
97.247: Application time: 0.0779300 seconds
97.250: [GC [PSYoungGen: 89296K->5392K(97280K)] 96521K->12625K(319488K), 0.0015640 secs] [Times: user=0.01 sys=0.00, real=0.00 secs] 
97.252: Total time for which application threads were stopped: 0.0045690 seconds, Stopping threads took: 0.0029270 seconds
97.329: Application time: 0.0771840 seconds
97.331: [GC [PSYoungGen: 88848K->7680K(97280K)] 96081K->14921K(319488K), 0.0023600 secs] [Times: user=0.02 sys=0.00, real=0.00 secs] 
97.334: Total time for which application threads were stopped: 0.0048160 seconds, Stopping threads took: 0.0023680 seconds
97.410: Application time: 0.0764870 seconds
97.412: [GC [PSYoungGen: 91136K->6304K(97280K)] 98377K->13553K(319488K), 0.0019970 secs] [Times: user=0.01 sys=0.00, real=0.00 secs] 
97.414: Total time for which application threads were stopped: 0.0037600 seconds, Stopping threads took: 0.0016690 seconds
97.488: Application time: 0.0735500 seconds
97.491: [GC [PSYoungGen: 89760K->7152K(97280K)] 97009K->14401K(319488K), 0.0019870 secs] [Times: user=0.01 sys=0.00, real=0.00 secs] 
97.493: Total time for which application threads were stopped: 0.0050040 seconds, Stopping threads took: 0.0029360 seconds
97.570: Application time: 0.0769900 seconds
97.572: [GC [PSYoungGen: 90608K->7584K(97280K)] 97857K->14841K(319488K), 0.0022590 secs] [Times: user=0.01 sys=0.00, real=0.00 secs] 
97.574: Total time for which application threads were stopped: 0.0044830 seconds, Stopping threads took: 0.0021430 seconds
97.648: Application time: 0.0735030 seconds
97.650: [GC [PSYoungGen: 91040K->7024K(97280K)] 98297K->14281K(319488K), 0.0019500 secs] [Times: user=0.02 sys=0.00, real=0.00 secs] 
97.652: Total time for which application threads were stopped: 0.0042420 seconds, Stopping threads took: 0.0021850 seconds
97.729: Application time: 0.0770660 seconds
97.732: [GC [PSYoungGen: 90480K->7840K(97280K)] 97737K->15105K(319488K), 0.0022860 secs] [Times: user=0.01 sys=0.00, real=0.00 secs] 
97.734: Total time for which application threads were stopped: 0.0051380 seconds, Stopping threads took: 0.0027650 seconds
97.807: Application time: 0.0731840 seconds
97.809: [GC [PSYoungGen: 91296K->7024K(97280K)] 98561K->14297K(319488K), 0.0019580 secs] [Times: user=0.02 sys=0.00, real=0.00 secs] 
97.811: Total time for which application threads were stopped: 0.0039460 seconds, Stopping threads took: 0.0019160 seconds
97.889: Application time: 0.0778740 seconds
97.891: [GC [PSYoungGen: 90480K->6656K(97280K)] 97753K->13937K(319488K), 0.0018950 secs] [Times: user=0.01 sys=0.00, real=0.00 secs] 
97.893: Total time for which application threads were stopped: 0.0042770 seconds, Stopping threads took: 0.0022990 seconds
97.968: Application time: 0.0741490 seconds
97.970: [GC [PSYoungGen: 90112K->7280K(97280K)] 97393K->14569K(319488K), 0.0020470 secs] [Times: user=0.01 sys=0.00, real=0.00 secs] 
97.972: Total time for which application threads were stopped: 0.0044720 seconds, Stopping threads took: 0.0023370 seconds
98.050: Application time: 0.0783530 seconds
98.053: [GC [PSYoungGen: 90736K->6528K(97280K)] 98025K->13825K(319488K), 0.0018780 secs] [Times: user=0.01 sys=0.00, real=0.00 secs] 
98.055: Total time for which application threads were stopped: 0.0042220 seconds, Stopping threads took: 0.0022680 seconds
98.130: Application time: 0.0750970 seconds
98.132: [GC [PSYoungGen: 89984K->7632K(97280K)] 97281K->14929K(319488K), 0.0022950 secs] [Times: user=0.01 sys=0.00, real=0.00 secs] 
98.134: Total time for which application threads were stopped: 0.0043860 seconds, Stopping threads took: 0.0020090 seconds
98.210: Application time: 0.0759750 seconds
98.213: [GC [PSYoungGen: 91088K->6880K(97280K)] 98385K->14177K(319488K), 0.0019710 secs] [Times: user=0.01 sys=0.00, real=0.00 secs] 
98.215: Total time for which application threads were stopped: 0.0049650 seconds, Stopping threads took: 0.0029090 seconds
98.288: Application time: 0.0726390 seconds
98.290: [GC [PSYoungGen: 90336K->6864K(97280K)] 97633K->14169K(319488K), 0.0020320 secs] [Times: user=0.01 sys=0.00, real=0.00 secs] 
98.292: Total time for which application threads were stopped: 0.0040750 seconds, Stopping threads took: 0.0019580 seconds
98.368: Application time: 0.0767200 seconds
98.370: [GC [PSYoungGen: 90320K->6880K(97280K)] 97625K->14193K(319488K), 0.0020320 secs] [Times: user=0.01 sys=0.00, real=0.00 secs] 
98.373: Total time for which application threads were stopped: 0.0040550 seconds, Stopping threads took: 0.0019420 seconds
98.450: Application time: 0.0774110 seconds
98.452: [GC [PSYoungGen: 90336K->5968K(97280K)] 97649K->13289K(319488K), 0.0017240 secs] [Times: user=0.02 sys=0.00, real=0.00 secs] 
98.454: Total time for which application threads were stopped: 0.0037670 seconds, Stopping threads took: 0.0019720 seconds
98.537: Application time: 0.0830280 seconds
98.540: [GC [PSYoungGen: 89424K->6800K(97280K)] 96745K->14129K(319488K), 0.0019190 secs] [Times: user=0.02 sys=0.00, real=0.00 secs] 
98.542: Total time for which application threads were stopped: 0.0047590 seconds, Stopping threads took: 0.0027530 seconds
98.617: Application time: 0.0755990 seconds
98.619: [GC [PSYoungGen: 90256K->7120K(97280K)] 97585K->14449K(319488K), 0.0020370 secs] [Times: user=0.01 sys=0.00, real=0.00 secs] 
98.621: Total time for which application threads were stopped: 0.0042900 seconds, Stopping threads took: 0.0021770 seconds
98.696: Application time: 0.0741300 seconds
98.697: [GC [PSYoungGen: 90576K->7088K(97280K)] 97905K->14417K(319488K), 0.0020650 secs] [Times: user=0.01 sys=0.00, real=0.01 secs] 
98.699: Total time for which application threads were stopped: 0.0036400 seconds, Stopping threads took: 0.0014970 seconds
98.773: Application time: 0.0734980 seconds
98.775: [GC [PSYoungGen: 90544K->8160K(97280K)] 97873K->15513K(319488K), 0.0023000 secs] [Times: user=0.01 sys=0.01, real=0.01 secs] 
98.777: Total time for which application threads were stopped: 0.0047830 seconds, Stopping threads took: 0.0023980 seconds
98.857: Application time: 0.0794150 seconds
98.858: [GC [PSYoungGen: 91616K->5936K(97280K)] 98969K->13297K(319488K), 0.0016810 secs] [Times: user=0.01 sys=0.00, real=0.00 secs] 
98.860: Total time for which application threads were stopped: 0.0032250 seconds, Stopping threads took: 0.0014680 seconds
98.934: Application time: 0.0736750 seconds
98.937: [GC [PSYoungGen: 89392K->7296K(97280K)] 96753K->14665K(319488K), 0.0021810 secs] [Times: user=0.01 sys=0.00, real=0.01 secs] 
98.939: Total time for which application threads were stopped: 0.0053870 seconds, Stopping threads took: 0.0031100 seconds
99.013: Application time: 0.0738630 seconds
99.015: [GC [PSYoungGen: 90752K->7312K(97280K)] 98121K->14689K(319488K), 0.0021060 secs] [Times: user=0.02 sys=0.00, real=0.01 secs] 
99.018: Total time for which application threads were stopped: 0.0045990 seconds, Stopping threads took: 0.0024100 seconds
99.091: Application time: 0.0736700 seconds
99.093: [GC [PSYoungGen: 90768K->7696K(97280K)] 98145K->15073K(319488K), 0.0022630 secs] [Times: user=0.02 sys=0.00, real=0.00 secs] 
99.095: Total time for which application threads were stopped: 0.0039120 seconds, Stopping threads took: 0.0015590 seconds
99.174: Application time: 0.0784830 seconds
99.175: [GC [PSYoungGen: 91152K->7632K(97280K)] 98529K->15009K(319488K), 0.0021520 secs] [Times: user=0.02 sys=0.00, real=0.01 secs] 
99.178: Total time for which application threads were stopped: 0.0038730 seconds, Stopping threads took: 0.0016340 seconds
99.251: Application time: 0.0733880 seconds
99.253: [GC [PSYoungGen: 91088K->6992K(97280K)] 98465K->14377K(319488K), 0.0019230 secs] [Times: user=0.01 sys=0.00, real=0.00 secs] 
99.255: Total time for which application threads were stopped: 0.0044110 seconds, Stopping threads took: 0.0024130 seconds
99.336: Application time: 0.0801640 seconds
99.337: [GC [PSYoungGen: 90448K->5744K(97280K)] 97833K->13137K(319488K), 0.0016780 secs] [Times: user=0.01 sys=0.00, real=0.00 secs] 
99.339: Total time for which application threads were stopped: 0.0033240 seconds, Stopping threads took: 0.0015740 seconds
99.414: Application time: 0.0753620 seconds
99.417: [GC [PSYoungGen: 89200K->6576K(97280K)] 96593K->13977K(319488K), 0.0018680 secs] [Times: user=0.01 sys=0.00, real=0.01 secs] 
99.419: Total time for which application threads were stopped: 0.0044840 seconds, Stopping threads took: 0.0025350 seconds
99.494: Application time: 0.0752950 seconds
99.497: [GC [PSYoungGen: 90032K->7040K(97280K)] 97433K->14449K(319488K), 0.0020200 secs] [Times: user=0.02 sys=0.00, real=0.01 secs] 
99.499: Total time for which application threads were stopped: 0.0047210 seconds, Stopping threads took: 0.0026030 seconds
99.573: Application time: 0.0740740 seconds
99.575: [GC [PSYoungGen: 90496K->5952K(97280K)] 97905K->13361K(319488K), 0.0019120 secs] [Times: user=0.01 sys=0.00, real=0.00 secs] 
99.577: Total time for which application threads were stopped: 0.0040490 seconds, Stopping threads took: 0.0020460 seconds
99.651: Application time: 0.0741280 seconds
99.653: [GC [PSYoungGen: 89408K->7696K(97280K)] 96817K->15105K(319488K), 0.0022400 secs] [Times: user=0.02 sys=0.00, real=0.00 secs] 
99.655: Total time for which application threads were stopped: 0.0042170 seconds, Stopping threads took: 0.0018830 seconds
99.728: Application time: 0.0731240 seconds
99.730: [GC [PSYoungGen: 91152K->7840K(97280K)] 98561K->15257K(319488K), 0.0021270 secs] [Times: user=0.01 sys=0.00, real=0.00 secs] 
99.733: Total time for which application threads were stopped: 0.0042090 seconds, Stopping threads took: 0.0020080 seconds
99.809: Application time: 0.0768070 seconds
99.811: [GC [PSYoungGen: 91296K->7184K(97280K)] 98713K->14609K(319488K), 0.0020270 secs] [Times: user=0.01 sys=0.00, real=0.00 secs] 
99.813: Total time for which application threads were stopped: 0.0039810 seconds, Stopping threads took: 0.0018640 seconds
99.887: Application time: 0.0739280 seconds
99.890: [GC [PSYoungGen: 90640K->6816K(97280K)] 98065K->14249K(319488K), 0.0018950 secs] [Times: user=0.01 sys=0.00, real=0.00 secs] 
99.892: Total time for which application threads were stopped: 0.0042620 seconds, Stopping threads took: 0.0022900 seconds
99.967: Application time: 0.0754530 seconds
99.969: [GC [PSYoungGen: 90272K->7296K(97280K)] 97705K->14729K(319488K), 0.0023720 secs] [Times: user=0.02 sys=0.00, real=0.00 secs] 
99.971: Total time for which application threads were stopped: 0.0041820 seconds, Stopping threads took: 0.0017030 seconds
100.045: Application time: 0.0734980 seconds
100.047: [GC [PSYoungGen: 90752K->7008K(97280K)] 98185K->14449K(319488K), 0.0019650 secs] [Times: user=0.01 sys=0.00, real=0.00 secs] 
100.049: Total time for which application threads were stopped: 0.0042770 seconds, Stopping threads took: 0.0022340 seconds
100.124: Application time: 0.0747420 seconds
100.125: [GC [PSYoungGen: 90464K->6576K(97280K)] 97905K->14017K(319488K), 0.0019980 secs] [Times: user=0.02 sys=0.00, real=0.00 secs] 
100.127: Total time for which application threads were stopped: 0.0035820 seconds, Stopping threads took: 0.0015050 seconds
100.203: Application time: 0.0758440 seconds
100.205: [GC [PSYoungGen: 90032K->6896K(97280K)] 97473K->14337K(319488K), 0.0018820 secs] [Times: user=0.01 sys=0.00, real=0.00 secs] 
100.207: Total time for which application threads were stopped: 0.0041080 seconds, Stopping threads took: 0.0021430 seconds
100.284: Application time: 0.0764070 seconds
100.286: [GC [PSYoungGen: 90352K->7728K(97280K)] 97793K->15177K(319488K), 0.0022600 secs] [Times: user=0.01 sys=0.00, real=0.00 secs] 
100.288: Total time for which application threads were stopped: 0.0047920 seconds, Stopping threads took: 0.0024480 seconds
100.362: Application time: 0.0737310 seconds
100.364: [GC [PSYoungGen: 91184K->7152K(97280K)] 98633K->14609K(319488K), 0.0021050 secs] [Times: user=0.01 sys=0.00, real=0.01 secs] 
100.366: Total time for which application threads were stopped: 0.0041470 seconds, Stopping threads took: 0.0019560 seconds
100.441: Application time: 0.0747110 seconds
100.444: [GC [PSYoungGen: 90608K->5632K(97280K)] 98065K->13097K(319488K), 0.0016000 secs] [Times: user=0.01 sys=0.00, real=0.01 secs] 
100.446: Total time for which application threads were stopped: 0.0045870 seconds, Stopping threads took: 0.0029130 seconds
100.526: Application time: 0.0805300 seconds
100.529: [GC [PSYoungGen: 89088K->7488K(97280K)] 96553K->14961K(319488K), 0.0020360 secs] [Times: user=0.01 sys=0.00, real=0.00 secs] 
100.531: Total time for which application threads were stopped: 0.0047410 seconds, Stopping threads took: 0.0026250 seconds
100.608: Application time: 0.0767320 seconds
100.609: [GC [PSYoungGen: 90944K->6928K(97280K)] 98417K->14401K(319488K), 0.0019340 secs] [Times: user=0.01 sys=0.00, real=0.00 secs] 
100.611: Total time for which application threads were stopped: 0.0035510 seconds, Stopping threads took: 0.0015360 seconds
100.686: Application time: 0.0746460 seconds
100.689: [GC [PSYoungGen: 90384K->8144K(97280K)] 97857K->15617K(319488K), 0.0022470 secs] [Times: user=0.01 sys=0.00, real=0.00 secs] 
100.691: Total time for which application threads were stopped: 0.0050750 seconds, Stopping threads took: 0.0027440 seconds
100.771: Application time: 0.0803550 seconds
100.773: [GC [PSYoungGen: 91600K->7712K(97280K)] 99073K->15193K(319488K), 0.0021240 secs] [Times: user=0.01 sys=0.00, real=0.00 secs] 
100.775: Total time for which application threads were stopped: 0.0038920 seconds, Stopping threads took: 0.0016760 seconds
100.858: Application time: 0.0828030 seconds
100.861: [GC [PSYoungGen: 91168K->5600K(97280K)] 98649K->13089K(319488K), 0.0016270 secs] [Times: user=0.01 sys=0.00, real=0.00 secs] 
100.862: Total time for which application threads were stopped: 0.0044660 seconds, Stopping threads took: 0.0027630 seconds
100.943: Application time: 0.0805930 seconds
100.946: [GC [PSYoungGen: 89056K->6800K(97280K)] 96545K->14297K(319488K), 0.0021060 secs] [Times: user=0.01 sys=0.00, real=0.00 secs] 
100.948: Total time for which application threads were stopped: 0.0046740 seconds, Stopping threads took: 0.0024730 seconds
101.024: Application time: 0.0760100 seconds
101.025: [GC [PSYoungGen: 90256K->7200K(97280K)] 97753K->14705K(319488K), 0.0020820 secs] [Times: user=0.01 sys=0.00, real=0.01 secs] 
101.027: Total time for which application threads were stopped: 0.0034370 seconds, Stopping threads took: 0.0012720 seconds
101.112: Application time: 0.0851810 seconds
101.114: [GC [PSYoungGen: 90656K->7472K(97280K)] 98161K->14977K(319488K), 0.0020330 secs] [Times: user=0.01 sys=0.00, real=0.00 secs] 
101.116: Total time for which application threads were stopped: 0.0040410 seconds, Stopping threads took: 0.0019270 seconds
101.200: Application time: 0.0839400 seconds
101.201: [GC [PSYoungGen: 90928K->6304K(97280K)] 98433K->13809K(319488K), 0.0018450 secs] [Times: user=0.02 sys=0.00, real=0.00 secs] 
101.203: Total time for which application threads were stopped: 0.0029040 seconds, Stopping threads took: 0.0009780 seconds
101.284: Application time: 0.0805310 seconds
101.286: [GC [PSYoungGen: 89760K->6048K(97280K)] 97265K->13561K(319488K), 0.0018140 secs] [Times: user=0.01 sys=0.00, real=0.00 secs] 
101.288: Total time for which application threads were stopped: 0.0042310 seconds, Stopping threads took: 0.0023300 seconds
101.366: Application time: 0.0782900 seconds
101.369: [GC [PSYoungGen: 89504K->8304K(97280K)] 97017K->15825K(319488K), 0.0023230 secs] [Times: user=0.02 sys=0.00, real=0.00 secs] 
101.371: Total time for which application threads were stopped: 0.0050320 seconds, Stopping threads took: 0.0026050 seconds
101.451: Application time: 0.0799980 seconds
101.453: [GC [PSYoungGen: 91760K->7360K(97280K)] 99281K->14889K(319488K), 0.0021720 secs] [Times: user=0.02 sys=0.00, real=0.00 secs] 
101.456: Total time for which application threads were stopped: 0.0043660 seconds, Stopping threads took: 0.0021060 seconds
101.534: Application time: 0.0783040 seconds
101.536: [GC [PSYoungGen: 90816K->6480K(97280K)] 98345K->14017K(319488K), 0.0017730 secs] [Times: user=0.01 sys=0.00, real=0.01 secs] 
101.538: Total time for which application threads were stopped: 0.0042590 seconds, Stopping threads took: 0.0024100 seconds
101.620: Application time: 0.0816780 seconds
101.622: [GC [PSYoungGen: 89936K->7840K(97280K)] 97473K->15377K(319488K), 0.0022660 secs] [Times: user=0.01 sys=0.00, real=0.00 secs] 
101.624: Total time for which application threads were stopped: 0.0040780 seconds, Stopping threads took: 0.0017240 seconds
101.701: Application time: 0.0766660 seconds
101.702: [GC [PSYoungGen: 91296K->6832K(97280K)] 98833K->14369K(319488K), 0.0019710 secs] [Times: user=0.01 sys=0.00, real=0.00 secs] 
101.704: Total time for which application threads were stopped: 0.0030370 seconds, Stopping threads took: 0.0009820 seconds
101.788: Application time: 0.0843750 seconds
101.790: [GC [PSYoungGen: 90288K->6208K(97280K)] 97825K->13753K(319488K), 0.0018290 secs] [Times: user=0.02 sys=0.00, real=0.00 secs] 
101.792: Total time for which application threads were stopped: 0.0034130 seconds, Stopping threads took: 0.0014920 seconds
101.868: Application time: 0.0760520 seconds
101.870: [GC [PSYoungGen: 89664K->8320K(97280K)] 97209K->15873K(319488K), 0.0024270 secs] [Times: user=0.02 sys=0.00, real=0.00 secs] 
101.873: Total time for which application threads were stopped: 0.0052750 seconds, Stopping threads took: 0.0027630 seconds
101.953: Application time: 0.0804420 seconds
101.956: [GC [PSYoungGen: 91776K->6912K(97280K)] 99329K->14473K(319488K), 0.0019970 secs] [Times: user=0.01 sys=0.00, real=0.01 secs] 
101.958: Total time for which application threads were stopped: 0.0042640 seconds, Stopping threads took: 0.0021830 seconds
102.038: Application time: 0.0800270 seconds
102.040: [GC [PSYoungGen: 90368K->7168K(97280K)] 97929K->14729K(319488K), 0.0019710 secs] [Times: user=0.01 sys=0.00, real=0.00 secs] 
102.042: Total time for which application threads were stopped: 0.0040420 seconds, Stopping threads took: 0.0019950 seconds
102.122: Application time: 0.0803410 seconds
102.125: [GC [PSYoungGen: 90624K->7456K(97280K)] 98185K->15025K(319488K), 0.0022070 secs] [Times: user=0.02 sys=0.00, real=0.01 secs] 
102.127: Total time for which application threads were stopped: 0.0050300 seconds, Stopping threads took: 0.0027350 seconds
102.205: Application time: 0.0781000 seconds
102.207: [GC [PSYoungGen: 90912K->7328K(97280K)] 98481K->14897K(319488K), 0.0020830 secs] [Times: user=0.02 sys=0.00, real=0.00 secs] 
102.209: Total time for which application threads were stopped: 0.0041870 seconds, Stopping threads took: 0.0020240 seconds
102.291: Application time: 0.0818040 seconds
102.294: [GC [PSYoungGen: 90784K->8288K(97280K)] 98353K->15857K(319488K), 0.0023920 secs] [Times: user=0.01 sys=0.00, real=0.00 secs] 
102.296: Total time for which application threads were stopped: 0.0049980 seconds, Stopping threads took: 0.0025070 seconds
102.375: Application time: 0.0785920 seconds
102.376: [GC [PSYoungGen: 91744K->6560K(97280K)] 99313K->14137K(319488K), 0.0019500 secs] [Times: user=0.01 sys=0.00, real=0.01 secs] 
102.378: Total time for which application threads were stopped: 0.0037070 seconds, Stopping threads took: 0.0016730 seconds
102.458: Application time: 0.0799490 seconds
102.460: [GC [PSYoungGen: 90016K->7152K(97280K)] 97593K->14737K(319488K), 0.0020440 secs] [Times: user=0.01 sys=0.00, real=0.00 secs] 
102.463: Total time for which application threads were stopped: 0.0041550 seconds, Stopping threads took: 0.0020300 seconds
102.544: Application time: 0.0811870 seconds
102.546: [GC [PSYoungGen: 90608K->6832K(97280K)] 98193K->14425K(319488K), 0.0018760 secs] [Times: user=0.01 sys=0.00, real=0.00 secs] 
102.548: Total time for which application threads were stopped: 0.0043700 seconds, Stopping threads took: 0.0024140 seconds
102.630: Application time: 0.0818990 seconds
102.633: [GC [PSYoungGen: 90288K->8160K(97280K)] 97881K->15761K(319488K), 0.0024020 secs] [Times: user=0.02 sys=0.00, real=0.00 secs] 
102.635: Total time for which application threads were stopped: 0.0051450 seconds, Stopping threads took: 0.0026570 seconds
102.715: Application time: 0.0796720 seconds
102.718: [GC [PSYoungGen: 91616K->7488K(97280K)] 99217K->15089K(319488K), 0.0020390 secs] [Times: user=0.01 sys=0.00, real=0.00 secs] 
102.720: Total time for which application threads were stopped: 0.0048870 seconds, Stopping threads took: 0.0027640 seconds
102.799: Application time: 0.0792130 seconds
102.802: [GC [PSYoungGen: 90944K->7280K(97280K)] 98545K->14881K(319488K), 0.0021670 secs] [Times: user=0.02 sys=0.00, real=0.00 secs] 
102.804: Total time for which application threads were stopped: 0.0052440 seconds, Stopping threads took: 0.0029790 seconds
102.881: Application time: 0.0770700 seconds
102.883: [GC [PSYoungGen: 90736K->7056K(97280K)] 98337K->14665K(319488K), 0.0019780 secs] [Times: user=0.01 sys=0.00, real=0.01 secs] 
102.886: Total time for which application threads were stopped: 0.0042810 seconds, Stopping threads took: 0.0022070 seconds
102.964: Application time: 0.0786340 seconds
102.967: [GC [PSYoungGen: 90512K->7552K(97280K)] 98121K->15169K(319488K), 0.0021290 secs] [Times: user=0.01 sys=0.00, real=0.00 secs] 
102.969: Total time for which application threads were stopped: 0.0051320 seconds, Stopping threads took: 0.0029100 seconds
103.048: Application time: 0.0789060 seconds
103.049: [GC [PSYoungGen: 91008K->6832K(97280K)] 98625K->14457K(319488K), 0.0019480 secs] [Times: user=0.01 sys=0.00, real=0.00 secs] 
103.051: Total time for which application threads were stopped: 0.0030710 seconds, Stopping threads took: 0.0010460 seconds
103.139: Application time: 0.0878250 seconds
103.140: [GC [PSYoungGen: 90288K->7136K(97280K)] 97913K->14769K(319488K), 0.0021760 secs] [Times: user=0.01 sys=0.00, real=0.00 secs] 
103.142: Total time for which application threads were stopped: 0.0027960 seconds, Stopping threads took: 0.0005380 seconds
103.219: Application time: 0.0766600 seconds
103.222: [GC [PSYoungGen: 90592K->6992K(97280K)] 98225K->14625K(319488K), 0.0019800 secs] [Times: user=0.02 sys=0.00, real=0.00 secs] 
103.224: Total time for which application threads were stopped: 0.0053210 seconds, Stopping threads took: 0.0032580 seconds
103.308: Application time: 0.0845250 seconds
103.312: [GC [PSYoungGen: 90448K->6352K(97280K)] 98081K->13985K(319488K), 0.0018150 secs] [Times: user=0.01 sys=0.00, real=0.00 secs] 
103.313: Total time for which application threads were stopped: 0.0050520 seconds, Stopping threads took: 0.0031430 seconds
103.392: Application time: 0.0790080 seconds
103.394: [GC [PSYoungGen: 89808K->6976K(97280K)] 97441K->14617K(319488K), 0.0021350 secs] [Times: user=0.02 sys=0.00, real=0.00 secs] 
103.397: Total time for which application threads were stopped: 0.0041940 seconds, Stopping threads took: 0.0019730 seconds
103.475: Application time: 0.0788060 seconds
103.479: [GC [PSYoungGen: 90432K->6624K(97280K)] 98073K->14273K(319488K), 0.0020080 secs] [Times: user=0.02 sys=0.00, real=0.00 secs] 
103.481: Total time for which application threads were stopped: 0.0051440 seconds, Stopping threads took: 0.0030280 seconds
103.560: Application time: 0.0793120 seconds
103.562: [GC [PSYoungGen: 90080K->6800K(97280K)] 97729K->14457K(319488K), 0.0019860 secs] [Times: user=0.02 sys=0.00, real=0.00 secs] 
103.564: Total time for which application threads were stopped: 0.0040270 seconds, Stopping threads took: 0.0019560 seconds
103.646: Application time: 0.0817200 seconds
103.647: [GC [PSYoungGen: 90256K->6512K(97280K)] 97913K->14177K(319488K), 0.0019820 secs] [Times: user=0.01 sys=0.00, real=0.00 secs] 
103.649: Total time for which application threads were stopped: 0.0037570 seconds, Stopping threads took: 0.0016910 seconds
103.729: Application time: 0.0790770 seconds
103.731: [GC [PSYoungGen: 89968K->7536K(97280K)] 97633K->15201K(319488K), 0.0021770 secs] [Times: user=0.01 sys=0.00, real=0.00 secs] 
103.733: Total time for which application threads were stopped: 0.0043210 seconds, Stopping threads took: 0.0020580 seconds
103.815: Application time: 0.0818240 seconds
103.816: [GC [PSYoungGen: 90992K->5952K(97280K)] 98657K->13617K(319488K), 0.0018900 secs] [Times: user=0.01 sys=0.00, real=0.01 secs] 
103.818: Total time for which application threads were stopped: 0.0035670 seconds, Stopping threads took: 0.0015850 seconds
103.897: Application time: 0.0785470 seconds
103.900: [GC [PSYoungGen: 89408K->7712K(97280K)] 97073K->15385K(319488K), 0.0021570 secs] [Times: user=0.01 sys=0.00, real=0.00 secs] 
103.902: Total time for which application threads were stopped: 0.0051600 seconds, Stopping threads took: 0.0029110 seconds
103.984: Application time: 0.0821950 seconds
103.987: [GC [PSYoungGen: 91168K->8256K(97280K)] 98841K->15937K(319488K), 0.0022650 secs] [Times: user=0.02 sys=0.00, real=0.00 secs] 
103.989: Total time for which application threads were stopped: 0.0052960 seconds, Stopping threads took: 0.0029470 seconds
104.069: Application time: 0.0790890 seconds
104.071: [GC [PSYoungGen: 91712K->7024K(97280K)] 99393K->14713K(319488K), 0.0020500 secs] [Times: user=0.01 sys=0.00, real=0.00 secs] 
104.073: Total time for which application threads were stopped: 0.0049000 seconds, Stopping threads took: 0.0027640 seconds
104.155: Application time: 0.0812660 seconds
104.157: [GC [PSYoungGen: 90480K->6528K(97280K)] 98169K->14225K(319488K), 0.0018400 secs] [Times: user=0.01 sys=0.00, real=0.00 secs] 
104.159: Total time for which application threads were stopped: 0.0044490 seconds, Stopping threads took: 0.0025270 seconds
104.237: Application time: 0.0779770 seconds
104.239: [GC [PSYoungGen: 89984K->8000K(97280K)] 97681K->15697K(319488K), 0.0021990 secs] [Times: user=0.02 sys=0.00, real=0.00 secs] 
104.241: Total time for which application threads were stopped: 0.0037450 seconds, Stopping threads took: 0.0014630 seconds
104.320: Application time: 0.0795850 seconds
104.323: [GC [PSYoungGen: 91456K->8320K(97280K)] 99153K->16017K(319488K), 0.0024480 secs] [Times: user=0.02 sys=0.00, real=0.01 secs] 
104.326: Total time for which application threads were stopped: 0.0054740 seconds, Stopping threads took: 0.0029260 seconds
104.406: Application time: 0.0796100 seconds
104.408: [GC [PSYoungGen: 91776K->6704K(97280K)] 99473K->14401K(319488K), 0.0019330 secs] [Times: user=0.02 sys=0.00, real=0.00 secs] 
104.410: Total time for which application threads were stopped: 0.0041750 seconds, Stopping threads took: 0.0021570 seconds
104.492: Application time: 0.0823170 seconds
104.495: [GC [PSYoungGen: 90160K->6432K(97280K)] 97857K->14137K(319488K), 0.0019230 secs] [Times: user=0.02 sys=0.00, real=0.00 secs] 
104.497: Total time for which application threads were stopped: 0.0048640 seconds, Stopping threads took: 0.0028610 seconds
104.577: Application time: 0.0803600 seconds
104.579: [GC [PSYoungGen: 89888K->5696K(97280K)] 97593K->13409K(319488K), 0.0016790 secs] [Times: user=0.01 sys=0.00, real=0.00 secs] 
104.581: Total time for which application threads were stopped: 0.0033430 seconds, Stopping threads took: 0.0015870 seconds
104.661: Application time: 0.0808640 seconds
104.664: [GC [PSYoungGen: 89152K->7072K(97280K)] 96865K->14785K(319488K), 0.0020220 secs] [Times: user=0.01 sys=0.00, real=0.01 secs] 
104.666: Total time for which application threads were stopped: 0.0045360 seconds, Stopping threads took: 0.0024120 seconds
104.743: Application time: 0.0766660 seconds
104.745: [GC [PSYoungGen: 90528K->6608K(97280K)] 98241K->14329K(319488K), 0.0018610 secs] [Times: user=0.01 sys=0.00, real=0.00 secs] 
104.747: Total time for which application threads were stopped: 0.0044700 seconds, Stopping threads took: 0.0025310 seconds
104.824: Application time: 0.0768820 seconds
104.826: [GC [PSYoungGen: 90064K->6912K(97280K)] 97785K->14633K(319488K), 0.0020740 secs] [Times: user=0.01 sys=0.00, real=0.00 secs] 
104.828: Total time for which application threads were stopped: 0.0039130 seconds, Stopping threads took: 0.0017450 seconds
104.901: Application time: 0.0734820 seconds
104.903: [GC [PSYoungGen: 90368K->6384K(97280K)] 98089K->14105K(319488K), 0.0018040 secs] [Times: user=0.01 sys=0.00, real=0.00 secs] 
104.905: Total time for which application threads were stopped: 0.0034520 seconds, Stopping threads took: 0.0015690 seconds
104.981: Application time: 0.0765980 seconds
104.983: [GC [PSYoungGen: 89840K->8064K(97280K)] 97561K->15793K(319488K), 0.0023850 secs] [Times: user=0.02 sys=0.00, real=0.01 secs] 
104.986: Total time for which application threads were stopped: 0.0043510 seconds, Stopping threads took: 0.0018790 seconds
105.059: Application time: 0.0731010 seconds
105.061: [GC [PSYoungGen: 91520K->7600K(97280K)] 99249K->15337K(319488K), 0.0021910 secs] [Times: user=0.02 sys=0.00, real=0.00 secs] 
105.064: Total time for which application threads were stopped: 0.0045670 seconds, Stopping threads took: 0.0022910 seconds
105.136: Application time: 0.0726450 seconds
105.138: [GC [PSYoungGen: 91056K->7088K(97280K)] 98793K->14825K(319488K), 0.0019880 secs] [Times: user=0.02 sys=0.00, real=0.00 secs] 
105.140: Total time for which application threads were stopped: 0.0037810 seconds, Stopping threads took: 0.0017090 seconds
105.213: Application time: 0.0726520 seconds
105.215: [GC [PSYoungGen: 90544K->6640K(97280K)] 98281K->14385K(319488K), 0.0019210 secs] [Times: user=0.01 sys=0.00, real=0.00 secs] 
105.217: Total time for which application threads were stopped: 0.0042940 seconds, Stopping threads took: 0.0022980 seconds
105.295: Application time: 0.0780080 seconds
105.297: [GC [PSYoungGen: 90096K->6032K(97280K)] 97841K->13777K(319488K), 0.0017060 secs] [Times: user=0.01 sys=0.00, real=0.01 secs] 
105.298: Total time for which application threads were stopped: 0.0033340 seconds, Stopping threads took: 0.0015550 seconds
105.374: Application time: 0.0761360 seconds
105.377: [GC [PSYoungGen: 89488K->8256K(97280K)] 97233K->16001K(319488K), 0.0023410 secs] [Times: user=0.02 sys=0.00, real=0.01 secs] 
105.379: Total time for which application threads were stopped: 0.0048020 seconds, Stopping threads took: 0.0023690 seconds
105.452: Application time: 0.0726670 seconds
105.454: [GC [PSYoungGen: 91712K->6752K(97280K)] 99457K->14505K(319488K), 0.0019330 secs] [Times: user=0.02 sys=0.00, real=0.00 secs] 
105.456: Total time for which application threads were stopped: 0.0041710 seconds, Stopping threads took: 0.0021570 seconds
105.531: Application time: 0.0754520 seconds
105.533: [GC [PSYoungGen: 90208K->6336K(97280K)] 97961K->14097K(319488K), 0.0018440 secs] [Times: user=0.01 sys=0.00, real=0.00 secs] 
105.535: Total time for which application threads were stopped: 0.0032310 seconds, Stopping threads took: 0.0013060 seconds
105.611: Application time: 0.0758180 seconds
105.613: [GC [PSYoungGen: 89792K->7728K(97280K)] 97553K->15497K(319488K), 0.0024970 secs] [Times: user=0.02 sys=0.00, real=0.00 secs] 
105.615: Total time for which application threads were stopped: 0.0048270 seconds, Stopping threads took: 0.0022450 seconds
105.689: Application time: 0.0735730 seconds
105.691: [GC [PSYoungGen: 91184K->7312K(97280K)] 98953K->15089K(319488K), 0.0022120 secs] [Times: user=0.01 sys=0.00, real=0.00 secs] 
105.694: Total time for which application threads were stopped: 0.0046160 seconds, Stopping threads took: 0.0023190 seconds
105.769: Application time: 0.0752140 seconds
105.771: [GC [PSYoungGen: 90768K->7248K(97280K)] 98545K->15025K(319488K), 0.0020970 secs] [Times: user=0.02 sys=0.00, real=0.00 secs] 
105.773: Total time for which application threads were stopped: 0.0040250 seconds, Stopping threads took: 0.0018450 seconds
105.849: Application time: 0.0759410 seconds
105.851: [GC [PSYoungGen: 90704K->7600K(97280K)] 98481K->15377K(319488K), 0.0021510 secs] [Times: user=0.01 sys=0.00, real=0.00 secs] 
105.853: Total time for which application threads were stopped: 0.0040500 seconds, Stopping threads took: 0.0018190 seconds
105.929: Application time: 0.0763050 seconds
105.931: [GC [PSYoungGen: 91056K->5760K(97280K)] 98833K->13545K(319488K), 0.0017090 secs] [Times: user=0.01 sys=0.00, real=0.00 secs] 
105.932: Total time for which application threads were stopped: 0.0033890 seconds, Stopping threads took: 0.0016010 seconds
106.005: Application time: 0.0725300 seconds
106.007: [GC [PSYoungGen: 89216K->7008K(97280K)] 97001K->14801K(319488K), 0.0019040 secs] [Times: user=0.01 sys=0.00, real=0.00 secs] 
106.009: Total time for which application threads were stopped: 0.0040710 seconds, Stopping threads took: 0.0020800 seconds
106.087: Application time: 0.0783390 seconds
106.090: [GC [PSYoungGen: 90464K->7424K(97280K)] 98257K->15225K(319488K), 0.0021170 secs] [Times: user=0.01 sys=0.00, real=0.00 secs] 
106.092: Total time for which application threads were stopped: 0.0048060 seconds, Stopping threads took: 0.0026070 seconds
106.167: Application time: 0.0744110 seconds
106.170: [GC [PSYoungGen: 90880K->7376K(97280K)] 98681K->15185K(319488K), 0.0021880 secs] [Times: user=0.02 sys=0.00, real=0.00 secs] 
106.172: Total time for which application threads were stopped: 0.0052810 seconds, Stopping threads took: 0.0029930 seconds
106.248: Application time: 0.0759540 seconds
106.250: [GC [PSYoungGen: 90832K->7280K(97280K)] 98641K->15089K(319488K), 0.0021200 secs] [Times: user=0.01 sys=0.00, real=0.00 secs] 
106.252: Total time for which application threads were stopped: 0.0042120 seconds, Stopping threads took: 0.0020080 seconds
106.327: Application time: 0.0753690 seconds
106.330: [GC [PSYoungGen: 90736K->6064K(97280K)] 98545K->13873K(319488K), 0.0016850 secs] [Times: user=0.01 sys=0.00, real=0.00 secs] 
106.332: Total time for which application threads were stopped: 0.0042220 seconds, Stopping threads took: 0.0024670 seconds
106.410: Application time: 0.0787750 seconds
106.413: [GC [PSYoungGen: 89520K->8288K(97280K)] 97329K->16105K(319488K), 0.0023690 secs] [Times: user=0.02 sys=0.00, real=0.00 secs] 
106.416: Total time for which application threads were stopped: 0.0051130 seconds, Stopping threads took: 0.0026580 seconds
106.487: Application time: 0.0718980 seconds
106.489: [GC [PSYoungGen: 91744K->6512K(97280K)] 99561K->14337K(319488K), 0.0018740 secs] [Times: user=0.01 sys=0.00, real=0.00 secs] 
106.491: Total time for which application threads were stopped: 0.0033370 seconds, Stopping threads took: 0.0013760 seconds
106.568: Application time: 0.0768370 seconds
106.570: [GC [PSYoungGen: 89968K->6992K(97280K)] 97793K->14833K(319488K), 0.0020030 secs] [Times: user=0.02 sys=0.00, real=0.00 secs] 
106.572: Total time for which application threads were stopped: 0.0045370 seconds, Stopping threads took: 0.0024490 seconds
106.649: Application time: 0.0768230 seconds
106.652: [GC [PSYoungGen: 90448K->7552K(97280K)] 98289K->15401K(319488K), 0.0022320 secs] [Times: user=0.02 sys=0.00, real=0.00 secs] 
106.654: Total time for which application threads were stopped: 0.0048770 seconds, Stopping threads took: 0.0025620 seconds
106.728: Application time: 0.0735890 seconds
106.730: [GC [PSYoungGen: 91008K->7328K(97280K)] 98857K->15177K(319488K), 0.0021270 secs] [Times: user=0.02 sys=0.00, real=0.00 secs] 
106.732: Total time for which application threads were stopped: 0.0044060 seconds, Stopping threads took: 0.0021960 seconds
106.804: Application time: 0.0725350 seconds
106.806: [GC [PSYoungGen: 90784K->7184K(97280K)] 98633K->15033K(319488K), 0.0020920 secs] [Times: user=0.02 sys=0.00, real=0.00 secs] 
106.809: Total time for which application threads were stopped: 0.0041720 seconds, Stopping threads took: 0.0019910 seconds
106.885: Application time: 0.0768230 seconds
106.887: [GC [PSYoungGen: 90640K->6912K(97280K)] 98489K->14761K(319488K), 0.0020720 secs] [Times: user=0.01 sys=0.00, real=0.00 secs] 
106.889: Total time for which application threads were stopped: 0.0036420 seconds, Stopping threads took: 0.0014780 seconds
106.964: Application time: 0.0748140 seconds
106.967: [GC [PSYoungGen: 90368K->8112K(97280K)] 98217K->15969K(319488K), 0.0021290 secs] [Times: user=0.01 sys=0.00, real=0.00 secs] 
106.969: Total time for which application threads were stopped: 0.0050690 seconds, Stopping threads took: 0.0028630 seconds
107.049: Application time: 0.0802710 seconds
107.051: [GC [PSYoungGen: 91568K->6784K(97280K)] 99425K->14649K(319488K), 0.0019410 secs] [Times: user=0.01 sys=0.00, real=0.00 secs] 
107.053: Total time for which application threads were stopped: 0.0040770 seconds, Stopping threads took: 0.0020420 seconds
107.129: Application time: 0.0754280 seconds
107.131: [GC [PSYoungGen: 90240K->7712K(97280K)] 98105K->15577K(319488K), 0.0021740 secs] [Times: user=0.02 sys=0.00, real=0.00 secs] 
107.133: Total time for which application threads were stopped: 0.0045500 seconds, Stopping threads took: 0.0022930 seconds
107.210: Application time: 0.0763940 seconds
107.211: [GC [PSYoungGen: 91168K->7792K(97280K)] 99033K->15665K(319488K), 0.0022240 secs] [Times: user=0.01 sys=0.00, real=0.00 secs] 
107.214: Total time for which application threads were stopped: 0.0040470 seconds, Stopping threads took: 0.0017390 seconds
107.289: Application time: 0.0750090 seconds
107.290: [GC [PSYoungGen: 91248K->5696K(97280K)] 99121K->13569K(319488K), 0.0016300 secs] [Times: user=0.01 sys=0.00, real=0.00 secs] 
107.292: Total time for which application threads were stopped: 0.0031680 seconds, Stopping threads took: 0.0014620 seconds
107.372: Application time: 0.0797420 seconds
107.374: [GC [PSYoungGen: 89152K->6576K(97280K)] 97025K->14449K(319488K), 0.0018350 secs] [Times: user=0.01 sys=0.00, real=0.00 secs] 
107.376: Total time for which application threads were stopped: 0.0044360 seconds, Stopping threads took: 0.0025220 seconds
107.452: Application time: 0.0761340 seconds
107.455: [GC [PSYoungGen: 90032K->6176K(97280K)] 97905K->14057K(319488K), 0.0017620 secs] [Times: user=0.01 sys=0.00, real=0.00 secs] 
107.456: Total time for which application threads were stopped: 0.0041480 seconds, Stopping threads took: 0.0023070 seconds
107.537: Application time: 0.0809000 seconds
107.540: [GC [PSYoungGen: 89632K->7152K(97280K)] 97513K->15041K(319488K), 0.0020430 secs] [Times: user=0.01 sys=0.00, real=0.00 secs] 
107.542: Total time for which application threads were stopped: 0.0050420 seconds, Stopping threads took: 0.0029200 seconds
107.618: Application time: 0.0753780 seconds
107.619: [GC [PSYoungGen: 90608K->6832K(97280K)] 98497K->14737K(319488K), 0.0019560 secs] [Times: user=0.01 sys=0.00, real=0.00 secs] 
107.621: Total time for which application threads were stopped: 0.0035190 seconds, Stopping threads took: 0.0014820 seconds
107.698: Application time: 0.0770390 seconds
107.701: [GC [PSYoungGen: 90288K->7600K(97280K)] 98193K->15513K(319488K), 0.0020650 secs] [Times: user=0.01 sys=0.00, real=0.00 secs] 
107.703: Total time for which application threads were stopped: 0.0046530 seconds, Stopping threads took: 0.0025110 seconds
107.777: Application time: 0.0743710 seconds
107.779: [GC [PSYoungGen: 91056K->6800K(97280K)] 98969K->14713K(319488K), 0.0019500 secs] [Times: user=0.02 sys=0.00, real=0.00 secs] 
107.781: Total time for which application threads were stopped: 0.0036660 seconds, Stopping threads took: 0.0016320 seconds
107.857: Application time: 0.0763630 seconds
107.860: [GC [PSYoungGen: 90256K->7552K(97280K)] 98169K->15465K(319488K), 0.0021610 secs] [Times: user=0.01 sys=0.00, real=0.00 secs] 
107.862: Total time for which application threads were stopped: 0.0049060 seconds, Stopping threads took: 0.0026600 seconds
107.938: Application time: 0.0761280 seconds
107.941: [GC [PSYoungGen: 91008K->6000K(97280K)] 98921K->13921K(319488K), 0.0016750 secs] [Times: user=0.01 sys=0.00, real=0.00 secs] 
107.942: Total time for which application threads were stopped: 0.0039820 seconds, Stopping threads took: 0.0022270 seconds
108.019: Application time: 0.0762640 seconds
108.021: [GC [PSYoungGen: 89456K->7568K(97280K)] 97377K->15497K(319488K), 0.0021530 secs] [Times: user=0.02 sys=0.00, real=0.00 secs] 
108.023: Total time for which application threads were stopped: 0.0041200 seconds, Stopping threads took: 0.0018810 seconds
108.097: Application time: 0.0743570 seconds
108.099: [GC [PSYoungGen: 91024K->7312K(97280K)] 98953K->15249K(319488K), 0.0021480 secs] [Times: user=0.01 sys=0.00, real=0.00 secs] 
108.101: Total time for which application threads were stopped: 0.0042410 seconds, Stopping threads took: 0.0020120 seconds
108.182: Application time: 0.0801840 seconds
108.183: [GC [PSYoungGen: 90768K->5104K(97280K)] 98705K->13049K(319488K), 0.0015830 secs] [Times: user=0.01 sys=0.00, real=0.00 secs] 
108.185: Total time for which application threads were stopped: 0.0031830 seconds, Stopping threads took: 0.0015150 seconds
108.257: Application time: 0.0720400 seconds
108.259: [GC [PSYoungGen: 88560K->7184K(97280K)] 96505K->15129K(319488K), 0.0020070 secs] [Times: user=0.02 sys=0.00, real=0.00 secs] 
108.261: Total time for which application threads were stopped: 0.0041420 seconds, Stopping threads took: 0.0020520 seconds
108.340: Application time: 0.0791440 seconds
108.343: [GC [PSYoungGen: 90640K->7648K(97280K)] 98585K->15593K(319488K), 0.0021980 secs] [Times: user=0.01 sys=0.00, real=0.00 secs] 
108.345: Total time for which application threads were stopped: 0.0048270 seconds, Stopping threads took: 0.0025440 seconds
108.420: Application time: 0.0747990 seconds
108.422: [GC [PSYoungGen: 91104K->7056K(97280K)] 99049K->15009K(319488K), 0.0019650 secs] [Times: user=0.02 sys=0.00, real=0.00 secs] 
108.424: Total time for which application threads were stopped: 0.0046980 seconds, Stopping threads took: 0.0026550 seconds
108.499: Application time: 0.0748710 seconds
108.501: [GC [PSYoungGen: 90512K->5504K(97280K)] 98465K->13465K(319488K), 0.0016370 secs] [Times: user=0.01 sys=0.00, real=0.00 secs] 
108.502: Total time for which application threads were stopped: 0.0030260 seconds, Stopping threads took: 0.0013160 seconds
108.577: Application time: 0.0748320 seconds
108.579: [GC [PSYoungGen: 88960K->6944K(97280K)] 96921K->14921K(319488K), 0.0019730 secs] [Times: user=0.02 sys=0.00, real=0.00 secs] 
108.581: Total time for which application threads were stopped: 0.0040390 seconds, Stopping threads took: 0.0019840 seconds
108.659: Application time: 0.0780300 seconds
108.662: [GC [PSYoungGen: 90400K->6720K(97280K)] 98377K->14705K(319488K), 0.0019170 secs] [Times: user=0.01 sys=0.00, real=0.00 secs] 
108.664: Total time for which application threads were stopped: 0.0048330 seconds, Stopping threads took: 0.0028200 seconds
108.743: Application time: 0.0787230 seconds
108.745: [GC [PSYoungGen: 90176K->6368K(97280K)] 98161K->14353K(319488K), 0.0018410 secs] [Times: user=0.01 sys=0.00, real=0.01 secs] 
108.747: Total time for which application threads were stopped: 0.0040070 seconds, Stopping threads took: 0.0020720 seconds
108.828: Application time: 0.0807760 seconds
108.830: [GC [PSYoungGen: 89824K->7248K(97280K)] 97809K->15233K(319488K), 0.0021370 secs] [Times: user=0.02 sys=0.00, real=0.00 secs] 
108.832: Total time for which application threads were stopped: 0.0046110 seconds, Stopping threads took: 0.0023940 seconds
108.912: Application time: 0.0793900 seconds
108.913: [GC [PSYoungGen: 90704K->6528K(97280K)] 98689K->14521K(319488K), 0.0020510 secs] [Times: user=0.01 sys=0.00, real=0.00 secs] 
108.915: Total time for which application threads were stopped: 0.0034910 seconds, Stopping threads took: 0.0013560 seconds
108.996: Application time: 0.0812370 seconds
108.998: [GC [PSYoungGen: 89984K->7312K(97280K)] 97977K->15313K(319488K), 0.0021700 secs] [Times: user=0.01 sys=0.00, real=0.00 secs] 
109.000: Total time for which application threads were stopped: 0.0041920 seconds, Stopping threads took: 0.0019380 seconds
109.082: Application time: 0.0818130 seconds
109.085: [GC [PSYoungGen: 90768K->6752K(97280K)] 98769K->14761K(319488K), 0.0019490 secs] [Times: user=0.01 sys=0.00, real=0.01 secs] 
109.087: Total time for which application threads were stopped: 0.0047290 seconds, Stopping threads took: 0.0027020 seconds
109.172: Application time: 0.0846530 seconds
109.175: [GC [PSYoungGen: 90208K->6944K(97280K)] 98217K->14953K(319488K), 0.0021650 secs] [Times: user=0.01 sys=0.00, real=0.01 secs] 
109.177: Total time for which application threads were stopped: 0.0055000 seconds, Stopping threads took: 0.0032390 seconds
109.255: Application time: 0.0777950 seconds
109.257: [GC [PSYoungGen: 90400K->7536K(97280K)] 98409K->15553K(319488K), 0.0021040 secs] [Times: user=0.02 sys=0.00, real=0.00 secs] 
109.259: Total time for which application threads were stopped: 0.0042410 seconds, Stopping threads took: 0.0020380 seconds
109.340: Application time: 0.0810680 seconds
109.343: [GC [PSYoungGen: 90992K->6720K(97280K)] 99009K->14737K(319488K), 0.0019560 secs] [Times: user=0.01 sys=0.00, real=0.01 secs] 
109.345: Total time for which application threads were stopped: 0.0051760 seconds, Stopping threads took: 0.0031340 seconds
109.423: Application time: 0.0774790 seconds
109.425: [GC [PSYoungGen: 90176K->8176K(97280K)] 98193K->16193K(319488K), 0.0024020 secs] [Times: user=0.02 sys=0.00, real=0.00 secs] 
109.428: Total time for which application threads were stopped: 0.0047470 seconds, Stopping threads took: 0.0022610 seconds
109.510: Application time: 0.0822200 seconds
109.513: [GC [PSYoungGen: 91632K->6640K(97280K)] 99649K->14665K(319488K), 0.0019830 secs] [Times: user=0.01 sys=0.00, real=0.00 secs] 
109.515: Total time for which application threads were stopped: 0.0046450 seconds, Stopping threads took: 0.0025580 seconds
109.592: Application time: 0.0778290 seconds
109.595: [GC [PSYoungGen: 90096K->7056K(97280K)] 98121K->15089K(319488K), 0.0020690 secs] [Times: user=0.02 sys=0.00, real=0.01 secs] 
109.597: Total time for which application threads were stopped: 0.0049000 seconds, Stopping threads took: 0.0027480 seconds
109.678: Application time: 0.0807990 seconds
109.681: [GC [PSYoungGen: 90512K->7536K(97280K)] 98545K->15569K(319488K), 0.0022170 secs] [Times: user=0.01 sys=0.00, real=0.00 secs] 
109.683: Total time for which application threads were stopped: 0.0051020 seconds, Stopping threads took: 0.0027980 seconds
109.764: Application time: 0.0808340 seconds
109.767: [GC [PSYoungGen: 90992K->6288K(97280K)] 99025K->14329K(319488K), 0.0018070 secs] [Times: user=0.01 sys=0.00, real=0.00 secs] 
109.769: Total time for which application threads were stopped: 0.0048370 seconds, Stopping threads took: 0.0029470 seconds
109.851: Application time: 0.0816500 seconds
109.853: [GC [PSYoungGen: 89744K->6576K(97280K)] 97785K->14617K(319488K), 0.0019110 secs] [Times: user=0.01 sys=0.00, real=0.00 secs] 
109.855: Total time for which application threads were stopped: 0.0042900 seconds, Stopping threads took: 0.0022920 seconds
109.934: Application time: 0.0794200 seconds
109.938: [GC [PSYoungGen: 90032K->7104K(97280K)] 98073K->15145K(319488K), 0.0021250 secs] [Times: user=0.01 sys=0.00, real=0.00 secs] 
109.940: Total time for which application threads were stopped: 0.0056020 seconds, Stopping threads took: 0.0033860 seconds
110.018: Application time: 0.0785880 seconds
110.021: [GC [PSYoungGen: 90560K->7264K(97280K)] 98601K->15313K(319488K), 0.0020970 secs] [Times: user=0.01 sys=0.01, real=0.00 secs] 
110.023: Total time for which application threads were stopped: 0.0046660 seconds, Stopping threads took: 0.0024830 seconds
110.103: Application time: 0.0794600 seconds
110.104: [GC [PSYoungGen: 90720K->5616K(97280K)] 98769K->13673K(319488K), 0.0016600 secs] [Times: user=0.01 sys=0.00, real=0.01 secs] 
110.106: Total time for which application threads were stopped: 0.0033700 seconds, Stopping threads took: 0.0016340 seconds
110.188: Application time: 0.0824990 seconds
110.190: [GC [PSYoungGen: 89072K->6800K(97280K)] 97129K->14865K(319488K), 0.0019420 secs] [Times: user=0.02 sys=0.00, real=0.00 secs] 
110.192: Total time for which application threads were stopped: 0.0035880 seconds, Stopping threads took: 0.0015670 seconds
110.275: Application time: 0.0830410 seconds
110.278: [GC [PSYoungGen: 90256K->6880K(97280K)] 98321K->14953K(319488K), 0.0019810 secs] [Times: user=0.02 sys=0.00, real=0.00 secs] 
110.280: Total time for which application threads were stopped: 0.0048310 seconds, Stopping threads took: 0.0027550 seconds
110.362: Application time: 0.0817490 seconds
110.363: [GC [PSYoungGen: 90336K->7376K(97280K)] 98409K->15449K(319488K), 0.0022500 secs] [Times: user=0.00 sys=0.00, real=0.01 secs] 
110.365: Total time for which application threads were stopped: 0.0037240 seconds, Stopping threads took: 0.0013840 seconds
110.444: Application time: 0.0783320 seconds
110.446: [GC [PSYoungGen: 90832K->6560K(97280K)] 98905K->14633K(319488K), 0.0019090 secs] [Times: user=0.01 sys=0.00, real=0.00 secs] 
110.448: Total time for which application threads were stopped: 0.0045460 seconds, Stopping threads took: 0.0025580 seconds
110.530: Application time: 0.0818400 seconds
110.533: [GC [PSYoungGen: 90016K->6240K(97280K)] 98089K->14321K(319488K), 0.0017610 secs] [Times: user=0.01 sys=0.00, real=0.00 secs] 
110.535: Total time for which application threads were stopped: 0.0046910 seconds, Stopping threads took: 0.0028460 seconds
110.614: Application time: 0.0791660 seconds
110.616: [GC [PSYoungGen: 89696K->6976K(97280K)] 97777K->15065K(319488K), 0.0020150 secs] [Times: user=0.01 sys=0.00, real=0.01 secs] 
110.618: Total time for which application threads were stopped: 0.0037670 seconds, Stopping threads took: 0.0016670 seconds
110.696: Application time: 0.0782120 seconds
110.699: [GC [PSYoungGen: 90432K->7600K(97280K)] 98521K->15697K(319488K), 0.0022240 secs] [Times: user=0.02 sys=0.00, real=0.00 secs] 
110.701: Total time for which application threads were stopped: 0.0049560 seconds, Stopping threads took: 0.0026450 seconds
110.777: Application time: 0.0765040 seconds
110.779: [GC [PSYoungGen: 91056K->6784K(97280K)] 99153K->14889K(319488K), 0.0019780 secs] [Times: user=0.02 sys=0.00, real=0.00 secs] 
110.781: Total time for which application threads were stopped: 0.0033640 seconds, Stopping threads took: 0.0012920 seconds
110.862: Application time: 0.0816810 seconds
110.865: [GC [PSYoungGen: 90240K->7296K(97280K)] 98345K->15401K(319488K), 0.0020130 secs] [Times: user=0.02 sys=0.00, real=0.01 secs] 
110.867: Total time for which application threads were stopped: 0.0042640 seconds, Stopping threads took: 0.0021680 seconds
110.951: Application time: 0.0839850 seconds
110.954: [GC [PSYoungGen: 90752K->6896K(97280K)] 98857K->15001K(319488K), 0.0020090 secs] [Times: user=0.01 sys=0.00, real=0.00 secs] 
110.956: Total time for which application threads were stopped: 0.0049050 seconds, Stopping threads took: 0.0027780 seconds
111.033: Application time: 0.0777200 seconds
111.037: [GC [PSYoungGen: 90352K->7360K(97280K)] 98457K->15473K(319488K), 0.0021390 secs] [Times: user=0.02 sys=0.00, real=0.01 secs] 
111.039: Total time for which application threads were stopped: 0.0055470 seconds, Stopping threads took: 0.0033150 seconds
111.121: Application time: 0.0824000 seconds
111.123: [GC [PSYoungGen: 90816K->5120K(97280K)] 98929K->13241K(319488K), 0.0015040 secs] [Times: user=0.01 sys=0.00, real=0.00 secs] 
111.124: Total time for which application threads were stopped: 0.0030180 seconds, Stopping threads took: 0.0014360 seconds
111.203: Application time: 0.0789730 seconds
111.205: [GC [PSYoungGen: 88576K->7456K(97280K)] 96697K->15585K(319488K), 0.0021010 secs] [Times: user=0.02 sys=0.00, real=0.01 secs] 
111.207: Total time for which application threads were stopped: 0.0038280 seconds, Stopping threads took: 0.0016400 seconds
111.287: Application time: 0.0802090 seconds
111.290: [GC [PSYoungGen: 90912K->6912K(97280K)] 99041K->15049K(319488K), 0.0019420 secs] [Times: user=0.01 sys=0.00, real=0.00 secs] 
111.292: Total time for which application threads were stopped: 0.0043540 seconds, Stopping threads took: 0.0023200 seconds
111.372: Application time: 0.0799120 seconds
111.374: [GC [PSYoungGen: 90368K->6512K(97280K)] 98505K->14649K(319488K), 0.0019210 secs] [Times: user=0.01 sys=0.00, real=0.00 secs] 
111.376: Total time for which application threads were stopped: 0.0044280 seconds, Stopping threads took: 0.0024240 seconds
111.457: Application time: 0.0811100 seconds
111.459: [GC [PSYoungGen: 89968K->6336K(97280K)] 98105K->14473K(319488K), 0.0018690 secs] [Times: user=0.01 sys=0.00, real=0.00 secs] 
111.461: Total time for which application threads were stopped: 0.0040780 seconds, Stopping threads took: 0.0021290 seconds
111.541: Application time: 0.0802060 seconds
111.543: [GC [PSYoungGen: 89792K->6688K(97280K)] 97929K->14833K(319488K), 0.0019250 secs] [Times: user=0.02 sys=0.00, real=0.00 secs] 
111.545: Total time for which application threads were stopped: 0.0034730 seconds, Stopping threads took: 0.0014640 seconds
111.624: Application time: 0.0790110 seconds
111.626: [GC [PSYoungGen: 90144K->7200K(97280K)] 98289K->15353K(319488K), 0.0020530 secs] [Times: user=0.01 sys=0.00, real=0.00 secs] 
111.629: Total time for which application threads were stopped: 0.0045850 seconds, Stopping threads took: 0.0024460 seconds
111.709: Application time: 0.0809290 seconds
111.712: [GC [PSYoungGen: 90656K->7232K(97280K)] 98809K->15393K(319488K), 0.0020190 secs] [Times: user=0.02 sys=0.00, real=0.00 secs] 
111.714: Total time for which application threads were stopped: 0.0041950 seconds, Stopping threads took: 0.0020990 seconds
111.795: Application time: 0.0814670 seconds
111.797: [GC [PSYoungGen: 90688K->6848K(97280K)] 98849K->15017K(319488K), 0.0018470 secs] [Times: user=0.01 sys=0.00, real=0.01 secs] 
111.799: Total time for which application threads were stopped: 0.0036490 seconds, Stopping threads took: 0.0017110 seconds
111.880: Application time: 0.0816380 seconds
111.883: [GC [PSYoungGen: 90304K->7440K(97280K)] 98473K->15609K(319488K), 0.0023280 secs] [Times: user=0.01 sys=0.00, real=0.01 secs] 
111.886: Total time for which application threads were stopped: 0.0050930 seconds, Stopping threads took: 0.0026570 seconds
111.964: Application time: 0.0786420 seconds
111.967: [GC [PSYoungGen: 90896K->6832K(97280K)] 99065K->15001K(319488K), 0.0021090 secs] [Times: user=0.01 sys=0.00, real=0.00 secs] 
111.969: Total time for which application threads were stopped: 0.0045700 seconds, Stopping threads took: 0.0023520 seconds
112.055: Application time: 0.0857910 seconds
112.056: [GC [PSYoungGen: 90288K->5024K(97280K)] 98457K->13201K(319488K), 0.0014860 secs] [Times: user=0.01 sys=0.00, real=0.01 secs] 
112.058: Total time for which application threads were stopped: 0.0032890 seconds, Stopping threads took: 0.0017210 seconds
112.135: Application time: 0.0772720 seconds
112.137: [GC [PSYoungGen: 88480K->7008K(97280K)] 96657K->15193K(319488K), 0.0021500 secs] [Times: user=0.01 sys=0.00, real=0.00 secs] 
112.140: Total time for which application threads were stopped: 0.0044580 seconds, Stopping threads took: 0.0022230 seconds
112.219: Application time: 0.0797540 seconds
112.221: [GC [PSYoungGen: 90464K->8384K(97280K)] 98649K->16577K(319488K), 0.0024820 secs] [Times: user=0.01 sys=0.00, real=0.00 secs] 
112.224: Total time for which application threads were stopped: 0.0044140 seconds, Stopping threads took: 0.0018340 seconds
112.305: Application time: 0.0810010 seconds
112.308: [GC [PSYoungGen: 91840K->6816K(97280K)] 100033K->15017K(319488K), 0.0021000 secs] [Times: user=0.01 sys=0.00, real=0.00 secs] 
112.310: Total time for which application threads were stopped: 0.0053170 seconds, Stopping threads took: 0.0031250 seconds
112.389: Application time: 0.0789570 seconds
112.391: [GC [PSYoungGen: 90272K->7408K(97280K)] 98473K->15617K(319488K), 0.0021210 secs] [Times: user=0.02 sys=0.00, real=0.00 secs] 
112.393: Total time for which application threads were stopped: 0.0043920 seconds, Stopping threads took: 0.0021650 seconds
112.474: Application time: 0.0804510 seconds
112.475: [GC [PSYoungGen: 90864K->6816K(97280K)] 99073K->15025K(319488K), 0.0019650 secs] [Times: user=0.02 sys=0.00, real=0.01 secs] 
112.477: Total time for which application threads were stopped: 0.0034980 seconds, Stopping threads took: 0.0014550 seconds
112.555: Application time: 0.0781020 seconds
112.557: [GC [PSYoungGen: 90272K->7216K(97280K)] 98481K->15425K(319488K), 0.0020900 secs] [Times: user=0.02 sys=0.00, real=0.00 secs] 
112.559: Total time for which application threads were stopped: 0.0038190 seconds, Stopping threads took: 0.0016410 seconds
112.638: Application time: 0.0782730 seconds
112.639: [GC [PSYoungGen: 90672K->6544K(97280K)] 98881K->14761K(319488K), 0.0018810 secs] [Times: user=0.01 sys=0.00, real=0.00 secs] 
112.641: Total time for which application threads were stopped: 0.0036680 seconds, Stopping threads took: 0.0017010 seconds
112.715: Application time: 0.0739830 seconds
112.717: [GC [PSYoungGen: 90000K->6880K(97280K)] 98217K->15105K(319488K), 0.0020170 secs] [Times: user=0.01 sys=0.00, real=0.01 secs] 
112.719: Total time for which application threads were stopped: 0.0034210 seconds, Stopping threads took: 0.0013190 seconds
112.793: Application time: 0.0745880 seconds
112.795: [GC [PSYoungGen: 90336K->7184K(97280K)] 98561K->15417K(319488K), 0.0020160 secs] [Times: user=0.01 sys=0.00, real=0.00 secs] 
112.797: Total time for which application threads were stopped: 0.0037760 seconds, Stopping threads took: 0.0016800 seconds
112.873: Application time: 0.0759250 seconds
112.875: [GC [PSYoungGen: 90640K->7040K(97280K)] 98873K->15281K(319488K), 0.0019710 secs] [Times: user=0.01 sys=0.00, real=0.00 secs] 
112.877: Total time for which application threads were stopped: 0.0040830 seconds, Stopping threads took: 0.0020220 seconds
112.953: Application time: 0.0764920 seconds
112.956: [GC [PSYoungGen: 90496K->7440K(97280K)] 98737K->15681K(319488K), 0.0019840 secs] [Times: user=0.02 sys=0.00, real=0.01 secs] 
112.958: Total time for which application threads were stopped: 0.0048300 seconds, Stopping threads took: 0.0027670 seconds
113.039: Application time: 0.0804680 seconds
113.042: [GC [PSYoungGen: 90896K->6864K(97280K)] 99137K->15105K(319488K), 0.0019770 secs] [Times: user=0.01 sys=0.00, real=0.00 secs] 
113.044: Total time for which application threads were stopped: 0.0050300 seconds, Stopping threads took: 0.0029730 seconds
113.118: Application time: 0.0743510 seconds
113.121: [GC [PSYoungGen: 90320K->7152K(97280K)] 98561K->15401K(319488K), 0.0019320 secs] [Times: user=0.02 sys=0.00, real=0.00 secs] 
113.123: Total time for which application threads were stopped: 0.0043340 seconds, Stopping threads took: 0.0023270 seconds
113.202: Application time: 0.0791710 seconds
113.204: [GC [PSYoungGen: 90608K->7104K(97280K)] 98857K->15361K(319488K), 0.0019750 secs] [Times: user=0.01 sys=0.00, real=0.01 secs] 
113.206: Total time for which application threads were stopped: 0.0039990 seconds, Stopping threads took: 0.0019350 seconds
113.283: Application time: 0.0774140 seconds
113.286: [GC [PSYoungGen: 90560K->7872K(97280K)] 98817K->16137K(319488K), 0.0021300 secs] [Times: user=0.01 sys=0.00, real=0.00 secs] 
113.288: Total time for which application threads were stopped: 0.0050500 seconds, Stopping threads took: 0.0028430 seconds
113.367: Application time: 0.0785270 seconds
113.369: [GC [PSYoungGen: 91328K->8224K(97280K)] 99593K->16497K(319488K), 0.0022940 secs] [Times: user=0.01 sys=0.00, real=0.00 secs] 
113.371: Total time for which application threads were stopped: 0.0046940 seconds, Stopping threads took: 0.0023130 seconds
113.445: Application time: 0.0733860 seconds
113.446: [GC [PSYoungGen: 91680K->6864K(97280K)] 99953K->15137K(319488K), 0.0019710 secs] [Times: user=0.02 sys=0.00, real=0.00 secs] 
113.448: Total time for which application threads were stopped: 0.0034080 seconds, Stopping threads took: 0.0013430 seconds
113.523: Application time: 0.0752280 seconds
113.525: [GC [PSYoungGen: 90320K->5584K(97280K)] 98593K->13857K(319488K), 0.0016220 secs] [Times: user=0.01 sys=0.00, real=0.00 secs] 
113.527: Total time for which application threads were stopped: 0.0034800 seconds, Stopping threads took: 0.0017810 seconds
113.605: Application time: 0.0777320 seconds
113.607: [GC [PSYoungGen: 89040K->6128K(97280K)] 97313K->14409K(319488K), 0.0018130 secs] [Times: user=0.01 sys=0.00, real=0.00 secs] 
113.609: Total time for which application threads were stopped: 0.0038940 seconds, Stopping threads took: 0.0019980 seconds
113.684: Application time: 0.0758640 seconds
113.686: [GC [PSYoungGen: 89584K->7520K(97280K)] 97865K->15809K(319488K), 0.0020260 secs] [Times: user=0.01 sys=0.00, real=0.00 secs] 
113.689: Total time for which application threads were stopped: 0.0041060 seconds, Stopping threads took: 0.0019820 seconds
113.767: Application time: 0.0784580 seconds
113.769: [GC [PSYoungGen: 90976K->7216K(97280K)] 99265K->15513K(319488K), 0.0020450 secs] [Times: user=0.01 sys=0.00, real=0.00 secs] 
113.771: Total time for which application threads were stopped: 0.0038500 seconds, Stopping threads took: 0.0017190 seconds
113.852: Application time: 0.0815390 seconds
113.854: [GC [PSYoungGen: 90672K->5152K(97280K)] 98969K->13457K(319488K), 0.0015170 secs] [Times: user=0.00 sys=0.00, real=0.00 secs] 
113.856: Total time for which application threads were stopped: 0.0031940 seconds, Stopping threads took: 0.0016060 seconds
113.932: Application time: 0.0762830 seconds
113.934: [GC [PSYoungGen: 88608K->5824K(97280K)] 96913K->14129K(319488K), 0.0018570 secs] [Times: user=0.01 sys=0.00, real=0.00 secs] 
113.936: Total time for which application threads were stopped: 0.0043660 seconds, Stopping threads took: 0.0024260 seconds
114.012: Application time: 0.0757350 seconds
114.014: [GC [PSYoungGen: 89280K->6672K(97280K)] 97585K->14977K(319488K), 0.0018990 secs] [Times: user=0.01 sys=0.00, real=0.00 secs] 
114.016: Total time for which application threads were stopped: 0.0044480 seconds, Stopping threads took: 0.0024580 seconds
114.089: Application time: 0.0727880 seconds
114.090: [GC [PSYoungGen: 90128K->7728K(97280K)] 98433K->16033K(319488K), 0.0022540 secs] [Times: user=0.01 sys=0.00, real=0.00 secs] 
114.093: Total time for which application threads were stopped: 0.0033470 seconds, Stopping threads took: 0.0010120 seconds
114.165: Application time: 0.0728120 seconds
114.168: [GC [PSYoungGen: 91184K->7456K(97280K)] 99489K->15769K(319488K), 0.0021260 secs] [Times: user=0.02 sys=0.00, real=0.00 secs] 
114.170: Total time for which application threads were stopped: 0.0045390 seconds, Stopping threads took: 0.0023230 seconds
114.244: Application time: 0.0741100 seconds
114.247: [GC [PSYoungGen: 90912K->6480K(97280K)] 99225K->14801K(319488K), 0.0018710 secs] [Times: user=0.01 sys=0.00, real=0.00 secs] 
114.249: Total time for which application threads were stopped: 0.0045940 seconds, Stopping threads took: 0.0026440 seconds
114.325: Application time: 0.0765920 seconds
114.328: [GC [PSYoungGen: 89936K->7760K(97280K)] 98257K->16081K(319488K), 0.0022900 secs] [Times: user=0.01 sys=0.00, real=0.00 secs] 
114.330: Total time for which application threads were stopped: 0.0048660 seconds, Stopping threads took: 0.0024870 seconds
114.403: Application time: 0.0733040 seconds
114.405: [GC [PSYoungGen: 91216K->8112K(97280K)] 99537K->16441K(319488K), 0.0022140 secs] [Times: user=0.01 sys=0.00, real=0.01 secs] 
114.407: Total time for which application threads were stopped: 0.0038630 seconds, Stopping threads took: 0.0015680 seconds
114.484: Application time: 0.0770230 seconds
114.487: [GC [PSYoungGen: 91568K->6432K(97280K)] 99897K->14761K(319488K), 0.0018850 secs] [Times: user=0.01 sys=0.00, real=0.00 secs] 
114.489: Total time for which application threads were stopped: 0.0049110 seconds, Stopping threads took: 0.0029390 seconds
114.562: Application time: 0.0727940 seconds
114.564: [GC [PSYoungGen: 89888K->7328K(97280K)] 98217K->15657K(319488K), 0.0020410 secs] [Times: user=0.02 sys=0.00, real=0.01 secs] 
114.566: Total time for which application threads were stopped: 0.0039570 seconds, Stopping threads took: 0.0018300 seconds
114.643: Application time: 0.0769740 seconds
114.645: [GC [PSYoungGen: 90784K->8304K(97280K)] 99113K->16641K(319488K), 0.0025120 secs] [Times: user=0.02 sys=0.00, real=0.01 secs] 
114.648: Total time for which application threads were stopped: 0.0047030 seconds, Stopping threads took: 0.0021040 seconds
114.722: Application time: 0.0740370 seconds
114.723: [GC [PSYoungGen: 91760K->5952K(97280K)] 100097K->14297K(319488K), 0.0016350 secs] [Times: user=0.01 sys=0.00, real=0.00 secs] 
114.725: Total time for which application threads were stopped: 0.0033900 seconds, Stopping threads took: 0.0016790 seconds
114.805: Application time: 0.0804490 seconds
114.806: [GC [PSYoungGen: 89408K->4608K(97280K)] 97753K->12961K(319488K), 0.0013810 secs] [Times: user=0.01 sys=0.00, real=0.00 secs] 
114.807: Total time for which application threads were stopped: 0.0019270 seconds, Stopping threads took: 0.0004730 seconds
114.885: Application time: 0.0778360 seconds
114.888: [GC [PSYoungGen: 88064K->7152K(97280K)] 96417K->15513K(319488K), 0.0019530 secs] [Times: user=0.02 sys=0.00, real=0.00 secs] 
114.890: Total time for which application threads were stopped: 0.0042840 seconds, Stopping threads took: 0.0022530 seconds
114.966: Application time: 0.0767980 seconds
114.969: [GC [PSYoungGen: 90608K->7232K(97280K)] 98969K->15593K(319488K), 0.0020670 secs] [Times: user=0.01 sys=0.00, real=0.00 secs] 
114.971: Total time for which application threads were stopped: 0.0047400 seconds, Stopping threads took: 0.0025860 seconds
115.046: Application time: 0.0744540 seconds
115.047: [GC [PSYoungGen: 90688K->7584K(97280K)] 99049K->15945K(319488K), 0.0022520 secs] [Times: user=0.01 sys=0.00, real=0.00 secs] 
115.049: Total time for which application threads were stopped: 0.0034060 seconds, Stopping threads took: 0.0010730 seconds
115.127: Application time: 0.0781350 seconds
115.129: [GC [PSYoungGen: 91040K->8000K(97280K)] 99401K->16369K(319488K), 0.0023380 secs] [Times: user=0.01 sys=0.00, real=0.00 secs] 
115.131: Total time for which application threads were stopped: 0.0043030 seconds, Stopping threads took: 0.0018740 seconds
115.204: Application time: 0.0728080 seconds
115.206: [GC [PSYoungGen: 91456K->6496K(97280K)] 99825K->14873K(319488K), 0.0018880 secs] [Times: user=0.01 sys=0.00, real=0.00 secs] 
115.208: Total time for which application threads were stopped: 0.0034400 seconds, Stopping threads took: 0.0014740 seconds
115.282: Application time: 0.0741880 seconds
115.284: [GC [PSYoungGen: 89952K->7072K(97280K)] 98329K->15457K(319488K), 0.0019910 secs] [Times: user=0.02 sys=0.00, real=0.01 secs] 
115.286: Total time for which application threads were stopped: 0.0041850 seconds, Stopping threads took: 0.0021120 seconds
115.360: Application time: 0.0736810 seconds
115.362: [GC [PSYoungGen: 90528K->6832K(97280K)] 98913K->15225K(319488K), 0.0019680 secs] [Times: user=0.02 sys=0.00, real=0.00 secs] 
115.364: Total time for which application threads were stopped: 0.0039800 seconds, Stopping threads took: 0.0019220 seconds
115.439: Application time: 0.0751920 seconds
115.441: [GC [PSYoungGen: 90288K->6848K(97280K)] 98681K->15241K(319488K), 0.0019530 secs] [Times: user=0.01 sys=0.00, real=0.00 secs] 
115.443: Total time for which application threads were stopped: 0.0041290 seconds, Stopping threads took: 0.0020930 seconds
115.521: Application time: 0.0777010 seconds
115.522: [GC [PSYoungGen: 90304K->6640K(97280K)] 98697K->15033K(319488K), 0.0018420 secs] [Times: user=0.02 sys=0.00, real=0.00 secs] 
115.524: Total time for which application threads were stopped: 0.0034970 seconds, Stopping threads took: 0.0015750 seconds
115.600: Application time: 0.0756240 seconds
115.602: [GC [PSYoungGen: 90096K->7296K(97280K)] 98489K->15697K(319488K), 0.0020780 secs] [Times: user=0.02 sys=0.00, real=0.00 secs] 
115.604: Total time for which application threads were stopped: 0.0043100 seconds, Stopping threads took: 0.0021490 seconds
115.676: Application time: 0.0717060 seconds
115.678: [GC [PSYoungGen: 90752K->7056K(97280K)] 99153K->15465K(319488K), 0.0020640 secs] [Times: user=0.01 sys=0.00, real=0.00 secs] 
115.680: Total time for which application threads were stopped: 0.0040990 seconds, Stopping threads took: 0.0019400 seconds
115.754: Application time: 0.0742580 seconds
115.756: [GC [PSYoungGen: 90512K->7616K(97280K)] 98921K->16033K(319488K), 0.0021660 secs] [Times: user=0.01 sys=0.00, real=0.01 secs] 
115.759: Total time for which application threads were stopped: 0.0044080 seconds, Stopping threads took: 0.0021590 seconds
115.831: Application time: 0.0724480 seconds
115.833: [GC [PSYoungGen: 91072K->7040K(97280K)] 99489K->15465K(319488K), 0.0019030 secs] [Times: user=0.01 sys=0.00, real=0.00 secs] 
115.835: Total time for which application threads were stopped: 0.0041900 seconds, Stopping threads took: 0.0022140 seconds
115.911: Application time: 0.0754190 seconds
115.913: [GC [PSYoungGen: 90496K->6832K(97280K)] 98921K->15257K(319488K), 0.0018270 secs] [Times: user=0.02 sys=0.00, real=0.00 secs] 
115.915: Total time for which application threads were stopped: 0.0046520 seconds, Stopping threads took: 0.0027500 seconds
115.993: Application time: 0.0772330 seconds
115.995: [GC [PSYoungGen: 90288K->6480K(97280K)] 98713K->14905K(319488K), 0.0019110 secs] [Times: user=0.01 sys=0.00, real=0.00 secs] 
115.997: Total time for which application threads were stopped: 0.0039700 seconds, Stopping threads took: 0.0019710 seconds
116.076: Application time: 0.0798310 seconds
116.079: [GC [PSYoungGen: 89936K->8288K(97280K)] 98361K->16721K(319488K), 0.0024120 secs] [Times: user=0.02 sys=0.00, real=0.00 secs] 
116.081: Total time for which application threads were stopped: 0.0050740 seconds, Stopping threads took: 0.0025700 seconds
116.159: Application time: 0.0778460 seconds
116.162: [GC [PSYoungGen: 91744K->7056K(97280K)] 100177K->15497K(319488K), 0.0019530 secs] [Times: user=0.01 sys=0.00, real=0.00 secs] 
116.164: Total time for which application threads were stopped: 0.0046000 seconds, Stopping threads took: 0.0025700 seconds
116.242: Application time: 0.0783790 seconds
116.245: [GC [PSYoungGen: 90512K->8144K(97280K)] 98953K->16593K(319488K), 0.0023180 secs] [Times: user=0.02 sys=0.00, real=0.01 secs] 
116.247: Total time for which application threads were stopped: 0.0048570 seconds, Stopping threads took: 0.0024410 seconds
116.322: Application time: 0.0744040 seconds
116.323: [GC [PSYoungGen: 91600K->6640K(97280K)] 100049K->15097K(319488K), 0.0019330 secs] [Times: user=0.01 sys=0.00, real=0.00 secs] 
116.325: Total time for which application threads were stopped: 0.0034450 seconds, Stopping threads took: 0.0014310 seconds
116.400: Application time: 0.0751890 seconds
116.402: [GC [PSYoungGen: 90096K->6592K(97280K)] 98553K->15049K(319488K), 0.0019210 secs] [Times: user=0.01 sys=0.00, real=0.00 secs] 
116.404: Total time for which application threads were stopped: 0.0037450 seconds, Stopping threads took: 0.0017400 seconds
116.479: Application time: 0.0748580 seconds
116.481: [GC [PSYoungGen: 90048K->6528K(97280K)] 98505K->14985K(319488K), 0.0018630 secs] [Times: user=0.01 sys=0.00, real=0.00 secs] 
116.483: Total time for which application threads were stopped: 0.0039340 seconds, Stopping threads took: 0.0019960 seconds
116.559: Application time: 0.0763290 seconds
116.562: [GC [PSYoungGen: 89984K->6544K(97280K)] 98441K->15009K(319488K), 0.0018280 secs] [Times: user=0.01 sys=0.00, real=0.00 secs] 
116.564: Total time for which application threads were stopped: 0.0047610 seconds, Stopping threads took: 0.0028530 seconds
116.641: Application time: 0.0770460 seconds
116.643: [GC [PSYoungGen: 90000K->5968K(97280K)] 98465K->14441K(319488K), 0.0017620 secs] [Times: user=0.01 sys=0.00, real=0.00 secs] 
116.645: Total time for which application threads were stopped: 0.0041330 seconds, Stopping threads took: 0.0022950 seconds
116.726: Application time: 0.0810020 seconds
116.728: [GC [PSYoungGen: 89424K->7168K(97280K)] 97897K->15649K(319488K), 0.0021410 secs] [Times: user=0.02 sys=0.00, real=0.00 secs] 
116.730: Total time for which application threads were stopped: 0.0039330 seconds, Stopping threads took: 0.0017080 seconds
116.809: Application time: 0.0789720 seconds
116.811: [GC [PSYoungGen: 90624K->7312K(97280K)] 99105K->15793K(319488K), 0.0020290 secs] [Times: user=0.01 sys=0.00, real=0.00 secs] 
116.813: Total time for which application threads were stopped: 0.0041590 seconds, Stopping threads took: 0.0020290 seconds
116.896: Application time: 0.0830670 seconds
116.899: [GC [PSYoungGen: 90768K->7616K(97280K)] 99249K->16105K(319488K), 0.0021390 secs] [Times: user=0.01 sys=0.00, real=0.00 secs] 
116.901: Total time for which application threads were stopped: 0.0052160 seconds, Stopping threads took: 0.0029880 seconds
116.979: Application time: 0.0774330 seconds
116.982: [GC [PSYoungGen: 91072K->7216K(97280K)] 99561K->15705K(319488K), 0.0020860 secs] [Times: user=0.01 sys=0.00, real=0.00 secs] 
116.984: Total time for which application threads were stopped: 0.0050430 seconds, Stopping threads took: 0.0028730 seconds
117.066: Application time: 0.0822230 seconds
117.068: [GC [PSYoungGen: 90672K->7264K(97280K)] 99161K->15753K(319488K), 0.0022260 secs] [Times: user=0.01 sys=0.00, real=0.00 secs] 
117.071: Total time for which application threads were stopped: 0.0046150 seconds, Stopping threads took: 0.0022760 seconds
117.148: Application time: 0.0768760 seconds
117.150: [GC [PSYoungGen: 90720K->6800K(97280K)] 99209K->15297K(319488K), 0.0020090 secs] [Times: user=0.02 sys=0.00, real=0.00 secs] 
117.152: Total time for which application threads were stopped: 0.0044220 seconds, Stopping threads took: 0.0023080 seconds
117.234: Application time: 0.0823260 seconds
117.237: [GC [PSYoungGen: 90256K->6752K(97280K)] 98753K->15257K(319488K), 0.0019610 secs] [Times: user=0.01 sys=0.00, real=0.01 secs] 
117.239: Total time for which application threads were stopped: 0.0046660 seconds, Stopping threads took: 0.0026190 seconds
117.318: Application time: 0.0790770 seconds
117.320: [GC [PSYoungGen: 90208K->8400K(97280K)] 98713K->16913K(319488K), 0.0023510 secs] [Times: user=0.01 sys=0.00, real=0.00 secs] 
117.322: Total time for which application threads were stopped: 0.0042940 seconds, Stopping threads took: 0.0018570 seconds
117.403: Application time: 0.0810250 seconds
117.405: [GC [PSYoungGen: 91856K->6992K(97280K)] 100369K->15513K(319488K), 0.0019930 secs] [Times: user=0.02 sys=0.00, real=0.00 secs] 
117.407: Total time for which application threads were stopped: 0.0040210 seconds, Stopping threads took: 0.0019410 seconds
117.484: Application time: 0.0766700 seconds
117.486: [GC [PSYoungGen: 90448K->7024K(97280K)] 98969K->15545K(319488K), 0.0020310 secs] [Times: user=0.02 sys=0.00, real=0.00 secs] 
117.488: Total time for which application threads were stopped: 0.0041990 seconds, Stopping threads took: 0.0020770 seconds
117.570: Application time: 0.0816310 seconds
117.572: [GC [PSYoungGen: 90480K->7328K(97280K)] 99001K->15849K(319488K), 0.0021660 secs] [Times: user=0.01 sys=0.00, real=0.00 secs] 
117.574: Total time for which application threads were stopped: 0.0044170 seconds, Stopping threads took: 0.0021560 seconds
117.653: Application time: 0.0789720 seconds
117.656: [GC [PSYoungGen: 90784K->7648K(97280K)] 99305K->16177K(319488K), 0.0020730 secs] [Times: user=0.01 sys=0.00, real=0.01 secs] 
117.658: Total time for which application threads were stopped: 0.0046590 seconds, Stopping threads took: 0.0025050 seconds
117.741: Application time: 0.0826530 seconds
117.743: [GC [PSYoungGen: 91104K->6848K(97280K)] 99633K->15385K(319488K), 0.0020030 secs] [Times: user=0.01 sys=0.00, real=0.00 secs] 
117.745: Total time for which application threads were stopped: 0.0043640 seconds, Stopping threads took: 0.0022800 seconds
117.821: Application time: 0.0763610 seconds
117.823: [GC [PSYoungGen: 90304K->7968K(97280K)] 98841K->16513K(319488K), 0.0021130 secs] [Times: user=0.01 sys=0.00, real=0.01 secs] 
117.825: Total time for which application threads were stopped: 0.0039310 seconds, Stopping threads took: 0.0017260 seconds
117.905: Application time: 0.0796070 seconds
117.908: [GC [PSYoungGen: 91424K->7248K(97280K)] 99969K->15801K(319488K), 0.0020880 secs] [Times: user=0.01 sys=0.00, real=0.00 secs] 
117.910: Total time for which application threads were stopped: 0.0047770 seconds, Stopping threads took: 0.0025980 seconds
117.988: Application time: 0.0782590 seconds
117.991: [GC [PSYoungGen: 90704K->7584K(97280K)] 99257K->16137K(319488K), 0.0022140 secs] [Times: user=0.01 sys=0.00, real=0.00 secs] 
117.993: Total time for which application threads were stopped: 0.0053790 seconds, Stopping threads took: 0.0030770 seconds
118.073: Application time: 0.0798610 seconds
118.075: [GC [PSYoungGen: 91040K->5936K(97280K)] 99593K->14489K(319488K), 0.0017920 secs] [Times: user=0.01 sys=0.00, real=0.00 secs] 
118.077: Total time for which application threads were stopped: 0.0034150 seconds, Stopping threads took: 0.0015390 seconds
118.156: Application time: 0.0797950 seconds
118.158: [GC [PSYoungGen: 89392K->7408K(97280K)] 97945K->15969K(319488K), 0.0021260 secs] [Times: user=0.01 sys=0.00, real=0.00 secs] 
118.161: Total time for which application threads were stopped: 0.0041660 seconds, Stopping threads took: 0.0019570 seconds
118.242: Application time: 0.0809680 seconds
118.243: [GC [PSYoungGen: 90864K->6336K(97280K)] 99425K->14905K(319488K), 0.0018020 secs] [Times: user=0.01 sys=0.00, real=0.00 secs] 
118.245: Total time for which application threads were stopped: 0.0034560 seconds, Stopping threads took: 0.0015760 seconds
118.323: Application time: 0.0784330 seconds
118.327: [GC [PSYoungGen: 89792K->7056K(97280K)] 98361K->15633K(319488K), 0.0021490 secs] [Times: user=0.01 sys=0.00, real=0.00 secs] 
118.329: Total time for which application threads were stopped: 0.0052730 seconds, Stopping threads took: 0.0030230 seconds
118.410: Application time: 0.0814440 seconds
118.412: [GC [PSYoungGen: 90512K->6208K(97280K)] 99089K->14793K(319488K), 0.0020220 secs] [Times: user=0.01 sys=0.00, real=0.00 secs] 
118.414: Total time for which application threads were stopped: 0.0037060 seconds, Stopping threads took: 0.0015840 seconds
118.491: Application time: 0.0772530 seconds
118.493: [GC [PSYoungGen: 89664K->7856K(97280K)] 98249K->16441K(319488K), 0.0021330 secs] [Times: user=0.01 sys=0.00, real=0.00 secs] 
118.495: Total time for which application threads were stopped: 0.0042470 seconds, Stopping threads took: 0.0020370 seconds
118.579: Application time: 0.0833510 seconds
118.580: [GC [PSYoungGen: 91312K->7040K(97280K)] 99897K->15625K(319488K), 0.0020540 secs] [Times: user=0.02 sys=0.00, real=0.00 secs] 
118.582: Total time for which application threads were stopped: 0.0036280 seconds, Stopping threads took: 0.0014850 seconds
118.663: Application time: 0.0802810 seconds
118.665: [GC [PSYoungGen: 90496K->4736K(97280K)] 99081K->13329K(319488K), 0.0014480 secs] [Times: user=0.01 sys=0.00, real=0.01 secs] 
118.666: Total time for which application threads were stopped: 0.0038530 seconds, Stopping threads took: 0.0023270 seconds
118.748: Application time: 0.0811420 seconds
118.749: [GC [PSYoungGen: 88192K->8224K(97280K)] 96785K->16825K(319488K), 0.0024770 secs] [Times: user=0.02 sys=0.00, real=0.00 secs] 
118.752: Total time for which application threads were stopped: 0.0042680 seconds, Stopping threads took: 0.0017080 seconds
118.831: Application time: 0.0789910 seconds
118.833: [GC [PSYoungGen: 91680K->6912K(97280K)] 100281K->15521K(319488K), 0.0019640 secs] [Times: user=0.01 sys=0.00, real=0.00 secs] 
118.835: Total time for which application threads were stopped: 0.0042010 seconds, Stopping threads took: 0.0021470 seconds
118.914: Application time: 0.0793250 seconds
118.917: [GC [PSYoungGen: 90368K->6848K(97280K)] 98977K->15465K(319488K), 0.0020300 secs] [Times: user=0.02 sys=0.00, real=0.01 secs] 
118.919: Total time for which application threads were stopped: 0.0043090 seconds, Stopping threads took: 0.0021910 seconds
118.997: Application time: 0.0783230 seconds
119.000: [GC [PSYoungGen: 90304K->7824K(97280K)] 98921K->16441K(319488K), 0.0022350 secs] [Times: user=0.02 sys=0.00, real=0.00 secs] 
119.002: Total time for which application threads were stopped: 0.0048150 seconds, Stopping threads took: 0.0024980 seconds
119.085: Application time: 0.0829270 seconds
119.088: [GC [PSYoungGen: 91280K->6928K(97280K)] 99897K->15545K(319488K), 0.0020020 secs] [Times: user=0.02 sys=0.00, real=0.00 secs] 
119.090: Total time for which application threads were stopped: 0.0049440 seconds, Stopping threads took: 0.0028550 seconds
119.170: Application time: 0.0798660 seconds
119.172: [GC [PSYoungGen: 90384K->5248K(97280K)] 99001K->13865K(319488K), 0.0015260 secs] [Times: user=0.01 sys=0.00, real=0.00 secs] 
119.173: Total time for which application threads were stopped: 0.0038500 seconds, Stopping threads took: 0.0022440 seconds
119.253: Application time: 0.0791960 seconds
119.256: [GC [PSYoungGen: 88704K->7504K(97280K)] 97321K->16137K(319488K), 0.0021890 secs] [Times: user=0.01 sys=0.00, real=0.01 secs] 
119.258: Total time for which application threads were stopped: 0.0052940 seconds, Stopping threads took: 0.0030180 seconds
119.335: Application time: 0.0766570 seconds
119.338: [GC [PSYoungGen: 90960K->8096K(97280K)] 99593K->16737K(319488K), 0.0022870 secs] [Times: user=0.02 sys=0.00, real=0.00 secs] 
119.340: Total time for which application threads were stopped: 0.0052510 seconds, Stopping threads took: 0.0028690 seconds
119.419: Application time: 0.0794930 seconds
119.422: [GC [PSYoungGen: 91552K->7072K(97280K)] 100193K->15721K(319488K), 0.0020770 secs] [Times: user=0.01 sys=0.00, real=0.00 secs] 
119.424: Total time for which application threads were stopped: 0.0044060 seconds, Stopping threads took: 0.0022450 seconds
119.502: Application time: 0.0779850 seconds
119.504: [GC [PSYoungGen: 90528K->7040K(97280K)] 99177K->15697K(319488K), 0.0019650 secs] [Times: user=0.01 sys=0.00, real=0.01 secs] 
119.506: Total time for which application threads were stopped: 0.0039150 seconds, Stopping threads took: 0.0018740 seconds
119.589: Application time: 0.0831900 seconds
119.591: [GC [PSYoungGen: 90496K->6256K(97280K)] 99153K->14913K(319488K), 0.0018470 secs] [Times: user=0.01 sys=0.00, real=0.00 secs] 
119.593: Total time for which application threads were stopped: 0.0038750 seconds, Stopping threads took: 0.0019420 seconds
119.676: Application time: 0.0828570 seconds
119.678: [GC [PSYoungGen: 89712K->7920K(97280K)] 98369K->16577K(319488K), 0.0022690 secs] [Times: user=0.01 sys=0.00, real=0.00 secs] 
119.681: Total time for which application threads were stopped: 0.0049410 seconds, Stopping threads took: 0.0025860 seconds
119.758: Application time: 0.0778660 seconds
119.761: [GC [PSYoungGen: 91376K->8288K(97280K)] 100033K->16953K(319488K), 0.0024130 secs] [Times: user=0.01 sys=0.00, real=0.00 secs] 
119.763: Total time for which application threads were stopped: 0.0045550 seconds, Stopping threads took: 0.0020500 seconds
119.845: Application time: 0.0817430 seconds
119.847: [GC [PSYoungGen: 91744K->6736K(97280K)] 100409K->15409K(319488K), 0.0018340 secs] [Times: user=0.02 sys=0.00, real=0.00 secs] 
119.848: Total time for which application threads were stopped: 0.0036640 seconds, Stopping threads took: 0.0017400 seconds
119.931: Application time: 0.0824970 seconds
119.934: [GC [PSYoungGen: 90192K->6096K(97280K)] 98865K->14777K(319488K), 0.0023970 secs] [Times: user=0.01 sys=0.00, real=0.00 secs] 
119.937: Total time for which application threads were stopped: 0.0056490 seconds, Stopping threads took: 0.0031500 seconds
120.013: Application time: 0.0767790 seconds
120.016: [GC [PSYoungGen: 89552K->7072K(97280K)] 98233K->15761K(319488K), 0.0019270 secs] [Times: user=0.00 sys=0.00, real=0.01 secs] 
120.018: Total time for which application threads were stopped: 0.0048350 seconds, Stopping threads took: 0.0028040 seconds
120.102: Application time: 0.0842200 seconds
120.105: [GC [PSYoungGen: 90528K->7280K(97280K)] 99217K->15969K(319488K), 0.0021970 secs] [Times: user=0.02 sys=0.00, real=0.00 secs] 
120.108: Total time for which application threads were stopped: 0.0053390 seconds, Stopping threads took: 0.0030580 seconds
120.185: Application time: 0.0769650 seconds
120.187: [GC [PSYoungGen: 90736K->6816K(97280K)] 99425K->15505K(319488K), 0.0019440 secs] [Times: user=0.01 sys=0.00, real=0.00 secs] 
120.189: Total time for which application threads were stopped: 0.0040790 seconds, Stopping threads took: 0.0020550 seconds
120.269: Application time: 0.0798500 seconds
120.271: [GC [PSYoungGen: 90272K->6848K(97280K)] 98961K->15545K(319488K), 0.0020340 secs] [Times: user=0.01 sys=0.00, real=0.00 secs] 
120.273: Total time for which application threads were stopped: 0.0041030 seconds, Stopping threads took: 0.0019900 seconds
120.351: Application time: 0.0786290 seconds
120.354: [GC [PSYoungGen: 90304K->6976K(97280K)] 99001K->15681K(319488K), 0.0020730 secs] [Times: user=0.01 sys=0.00, real=0.00 secs] 
120.356: Total time for which application threads were stopped: 0.0050210 seconds, Stopping threads took: 0.0028340 seconds
120.439: Application time: 0.0821890 seconds
120.441: [GC [PSYoungGen: 90432K->7440K(97280K)] 99137K->16153K(319488K), 0.0021170 secs] [Times: user=0.02 sys=0.00, real=0.00 secs] 
120.444: Total time for which application threads were stopped: 0.0050200 seconds, Stopping threads took: 0.0028140 seconds
120.523: Application time: 0.0795920 seconds
120.526: [GC [PSYoungGen: 90896K->6960K(97280K)] 99609K->15681K(319488K), 0.0019770 secs] [Times: user=0.01 sys=0.00, real=0.00 secs] 
120.528: Total time for which application threads were stopped: 0.0050660 seconds, Stopping threads took: 0.0030080 seconds
120.608: Application time: 0.0801930 seconds
120.610: [GC [PSYoungGen: 90416K->7200K(97280K)] 99137K->15921K(319488K), 0.0021020 secs] [Times: user=0.02 sys=0.00, real=0.00 secs] 
120.613: Total time for which application threads were stopped: 0.0040630 seconds, Stopping threads took: 0.0018760 seconds
120.690: Application time: 0.0775800 seconds
120.692: [GC [PSYoungGen: 90656K->6704K(97280K)] 99377K->15425K(319488K), 0.0018670 secs] [Times: user=0.02 sys=0.00, real=0.00 secs] 
120.694: Total time for which application threads were stopped: 0.0037900 seconds, Stopping threads took: 0.0018430 seconds
120.768: Application time: 0.0739880 seconds
120.769: [GC [PSYoungGen: 90160K->6768K(97280K)] 98881K->15497K(319488K), 0.0019500 secs] [Times: user=0.01 sys=0.00, real=0.00 secs] 
120.771: Total time for which application threads were stopped: 0.0033190 seconds, Stopping threads took: 0.0012880 seconds
120.847: Application time: 0.0759880 seconds
120.850: [GC [PSYoungGen: 90224K->7808K(97280K)] 98953K->16545K(319488K), 0.0021870 secs] [Times: user=0.01 sys=0.00, real=0.00 secs] 
120.852: Total time for which application threads were stopped: 0.0050140 seconds, Stopping threads took: 0.0027390 seconds
120.927: Application time: 0.0750800 seconds
120.929: [GC [PSYoungGen: 91264K->6656K(97280K)] 100001K->15409K(319488K), 0.0018940 secs] [Times: user=0.01 sys=0.00, real=0.00 secs] 
120.931: Total time for which application threads were stopped: 0.0038540 seconds, Stopping threads took: 0.0018740 seconds
121.004: Application time: 0.0725620 seconds
121.006: [GC [PSYoungGen: 90112K->7248K(97280K)] 98865K->16001K(319488K), 0.0020870 secs] [Times: user=0.01 sys=0.00, real=0.00 secs] 
121.008: Total time for which application threads were stopped: 0.0047230 seconds, Stopping threads took: 0.0025320 seconds
121.085: Application time: 0.0765480 seconds
121.088: [GC [PSYoungGen: 90704K->6528K(97280K)] 99457K->15289K(319488K), 0.0018690 secs] [Times: user=0.02 sys=0.00, real=0.00 secs] 
121.089: Total time for which application threads were stopped: 0.0044930 seconds, Stopping threads took: 0.0025430 seconds
121.163: Application time: 0.0739760 seconds
121.165: [GC [PSYoungGen: 89983K->7152K(97280K)] 98744K->15913K(319488K), 0.0020930 secs] [Times: user=0.01 sys=0.00, real=0.00 secs] 
121.168: Total time for which application threads were stopped: 0.0040430 seconds, Stopping threads took: 0.0018680 seconds
121.241: Application time: 0.0734390 seconds
121.244: [GC [PSYoungGen: 90608K->7680K(97280K)] 99369K->16449K(319488K), 0.0021420 secs] [Times: user=0.02 sys=0.00, real=0.01 secs] 
121.246: Total time for which application threads were stopped: 0.0048860 seconds, Stopping threads took: 0.0026580 seconds
121.320: Application time: 0.0743140 seconds
121.322: [GC [PSYoungGen: 91136K->6800K(97280K)] 99905K->15577K(319488K), 0.0019180 secs] [Times: user=0.01 sys=0.00, real=0.00 secs] 
121.324: Total time for which application threads were stopped: 0.0042800 seconds, Stopping threads took: 0.0022820 seconds
121.402: Application time: 0.0776120 seconds
121.403: [GC [PSYoungGen: 90256K->5824K(97280K)] 99033K->14609K(319488K), 0.0016810 secs] [Times: user=0.01 sys=0.00, real=0.00 secs] 
121.405: Total time for which application threads were stopped: 0.0029770 seconds, Stopping threads took: 0.0012220 seconds
121.481: Application time: 0.0763890 seconds
121.484: [GC [PSYoungGen: 89280K->6992K(97280K)] 98065K->15777K(319488K), 0.0020130 secs] [Times: user=0.01 sys=0.00, real=0.01 secs] 
121.486: Total time for which application threads were stopped: 0.0041530 seconds, Stopping threads took: 0.0020480 seconds
121.561: Application time: 0.0757980 seconds
121.564: [GC [PSYoungGen: 90448K->7072K(97280K)] 99233K->15865K(319488K), 0.0019680 secs] [Times: user=0.02 sys=0.00, real=0.01 secs] 
121.566: Total time for which application threads were stopped: 0.0046660 seconds, Stopping threads took: 0.0026180 seconds
121.644: Application time: 0.0776820 seconds
121.646: [GC [PSYoungGen: 90528K->6752K(97280K)] 99321K->15545K(319488K), 0.0020610 secs] [Times: user=0.01 sys=0.00, real=0.00 secs] 
121.648: Total time for which application threads were stopped: 0.0042900 seconds, Stopping threads took: 0.0021510 seconds
121.724: Application time: 0.0763610 seconds
121.726: [GC [PSYoungGen: 90208K->6176K(97280K)] 99001K->14969K(319488K), 0.0017570 secs] [Times: user=0.01 sys=0.00, real=0.00 secs] 
121.728: Total time for which application threads were stopped: 0.0033450 seconds, Stopping threads took: 0.0015120 seconds
121.800: Application time: 0.0725030 seconds
121.803: [GC [PSYoungGen: 89632K->8160K(97280K)] 98425K->16961K(319488K), 0.0022240 secs] [Times: user=0.01 sys=0.00, real=0.01 secs] 
121.805: Total time for which application threads were stopped: 0.0050870 seconds, Stopping threads took: 0.0027870 seconds
121.880: Application time: 0.0750980 seconds
121.882: [GC [PSYoungGen: 91616K->8240K(97280K)] 100417K->17049K(319488K), 0.0024120 secs] [Times: user=0.02 sys=0.00, real=0.00 secs] 
121.885: Total time for which application threads were stopped: 0.0043510 seconds, Stopping threads took: 0.0018580 seconds
121.957: Application time: 0.0725850 seconds
121.959: [GC [PSYoungGen: 91696K->7056K(97280K)] 100505K->15865K(319488K), 0.0020400 secs] [Times: user=0.01 sys=0.00, real=0.00 secs] 
121.961: Total time for which application threads were stopped: 0.0037300 seconds, Stopping threads took: 0.0015970 seconds
122.036: Application time: 0.0752790 seconds
122.038: [GC [PSYoungGen: 90512K->7456K(97280K)] 99321K->16273K(319488K), 0.0020990 secs] [Times: user=0.01 sys=0.00, real=0.00 secs] 
122.041: Total time for which application threads were stopped: 0.0042310 seconds, Stopping threads took: 0.0020290 seconds
122.117: Application time: 0.0763510 seconds
122.119: [GC [PSYoungGen: 90912K->7856K(97280K)] 99729K->16673K(319488K), 0.0021380 secs] [Times: user=0.00 sys=0.01, real=0.00 secs] 
122.121: Total time for which application threads were stopped: 0.0044450 seconds, Stopping threads took: 0.0022260 seconds
122.197: Application time: 0.0751170 seconds
122.198: [GC [PSYoungGen: 91312K->6592K(97280K)] 100129K->15409K(319488K), 0.0019010 secs] [Times: user=0.02 sys=0.00, real=0.00 secs] 
122.200: Total time for which application threads were stopped: 0.0032810 seconds, Stopping threads took: 0.0013000 seconds
122.277: Application time: 0.0768050 seconds
122.279: [GC [PSYoungGen: 90048K->6368K(97280K)] 98865K->15193K(319488K), 0.0018650 secs] [Times: user=0.01 sys=0.00, real=0.00 secs] 
122.280: Total time for which application threads were stopped: 0.0038820 seconds, Stopping threads took: 0.0019400 seconds
122.359: Application time: 0.0781540 seconds
122.361: [GC [PSYoungGen: 89824K->6848K(97280K)] 98649K->15681K(319488K), 0.0019280 secs] [Times: user=0.01 sys=0.00, real=0.00 secs] 
122.363: Total time for which application threads were stopped: 0.0040840 seconds, Stopping threads took: 0.0020770 seconds
122.442: Application time: 0.0796960 seconds
122.445: [GC [PSYoungGen: 90304K->6848K(97280K)] 99137K->15689K(319488K), 0.0019330 secs] [Times: user=0.01 sys=0.00, real=0.00 secs] 
122.447: Total time for which application threads were stopped: 0.0047220 seconds, Stopping threads took: 0.0027110 seconds
122.524: Application time: 0.0769070 seconds
122.527: [GC [PSYoungGen: 90304K->6784K(97280K)] 99145K->15633K(319488K), 0.0019410 secs] [Times: user=0.01 sys=0.00, real=0.00 secs] 
122.529: Total time for which application threads were stopped: 0.0045300 seconds, Stopping threads took: 0.0025070 seconds
122.604: Application time: 0.0754330 seconds
122.606: [GC [PSYoungGen: 90240K->7200K(97280K)] 99089K->16049K(319488K), 0.0021770 secs] [Times: user=0.02 sys=0.00, real=0.00 secs] 
122.609: Total time for which application threads were stopped: 0.0045180 seconds, Stopping threads took: 0.0022420 seconds
122.686: Application time: 0.0773460 seconds
122.689: [GC [PSYoungGen: 90656K->5776K(97280K)] 99505K->14625K(319488K), 0.0016050 secs] [Times: user=0.01 sys=0.00, real=0.00 secs] 
122.690: Total time for which application threads were stopped: 0.0045000 seconds, Stopping threads took: 0.0028180 seconds
122.764: Application time: 0.0734850 seconds
122.766: [GC [PSYoungGen: 89232K->7264K(97280K)] 98081K->16121K(319488K), 0.0020850 secs] [Times: user=0.02 sys=0.00, real=0.00 secs] 
122.768: Total time for which application threads were stopped: 0.0043660 seconds, Stopping threads took: 0.0021980 seconds
122.845: Application time: 0.0770310 seconds
122.848: [GC [PSYoungGen: 90720K->8192K(97280K)] 99577K->17057K(319488K), 0.0022770 secs] [Times: user=0.02 sys=0.00, real=0.00 secs] 
122.850: Total time for which application threads were stopped: 0.0051190 seconds, Stopping threads took: 0.0027580 seconds
122.925: Application time: 0.0741650 seconds
122.926: [GC [PSYoungGen: 91648K->6896K(97280K)] 100513K->15769K(319488K), 0.0020060 secs] [Times: user=0.02 sys=0.00, real=0.00 secs] 
122.928: Total time for which application threads were stopped: 0.0036740 seconds, Stopping threads took: 0.0015900 seconds
123.006: Application time: 0.0777370 seconds
123.007: [GC [PSYoungGen: 90352K->5184K(97280K)] 99225K->14065K(319488K), 0.0015500 secs] [Times: user=0.01 sys=0.00, real=0.00 secs] 
123.008: Total time for which application threads were stopped: 0.0024250 seconds, Stopping threads took: 0.0008030 seconds
123.082: Application time: 0.0736250 seconds
123.084: [GC [PSYoungGen: 88638K->6560K(97280K)] 97519K->15441K(319488K), 0.0019400 secs] [Times: user=0.01 sys=0.00, real=0.01 secs] 
123.086: Total time for which application threads were stopped: 0.0041290 seconds, Stopping threads took: 0.0021030 seconds
123.166: Application time: 0.0794470 seconds
123.167: [GC [PSYoungGen: 90016K->6832K(97280K)] 98897K->15713K(319488K), 0.0019290 secs] [Times: user=0.02 sys=0.00, real=0.00 secs] 
123.169: Total time for which application threads were stopped: 0.0036720 seconds, Stopping threads took: 0.0016490 seconds
123.246: Application time: 0.0768720 seconds
123.247: [GC [PSYoungGen: 90288K->7456K(97280K)] 99169K->16345K(319488K), 0.0022060 secs] [Times: user=0.01 sys=0.00, real=0.00 secs] 
123.250: Total time for which application threads were stopped: 0.0035540 seconds, Stopping threads took: 0.0012660 seconds
123.328: Application time: 0.0785360 seconds
123.331: [GC [PSYoungGen: 90912K->6800K(97280K)] 99801K->15697K(319488K), 0.0019540 secs] [Times: user=0.01 sys=0.00, real=0.00 secs] 
123.333: Total time for which application threads were stopped: 0.0044780 seconds, Stopping threads took: 0.0024420 seconds
123.407: Application time: 0.0738780 seconds
123.409: [GC [PSYoungGen: 90256K->7440K(97280K)] 99153K->16345K(319488K), 0.0022330 secs] [Times: user=0.01 sys=0.00, real=0.00 secs] 
123.411: Total time for which application threads were stopped: 0.0042290 seconds, Stopping threads took: 0.0019140 seconds
123.486: Application time: 0.0754270 seconds
123.488: [GC [PSYoungGen: 90896K->6048K(97280K)] 99801K->14953K(319488K), 0.0017880 secs] [Times: user=0.01 sys=0.00, real=0.00 secs] 
123.490: Total time for which application threads were stopped: 0.0036360 seconds, Stopping threads took: 0.0017650 seconds
123.564: Application time: 0.0738140 seconds
123.565: [GC [PSYoungGen: 89504K->6768K(97280K)] 98409K->15681K(319488K), 0.0018570 secs] [Times: user=0.01 sys=0.00, real=0.00 secs] 
123.567: Total time for which application threads were stopped: 0.0034800 seconds, Stopping threads took: 0.0015520 seconds
123.646: Application time: 0.0783070 seconds
123.648: [GC [PSYoungGen: 90224K->6304K(97280K)] 99137K->15217K(319488K), 0.0018880 secs] [Times: user=0.02 sys=0.00, real=0.00 secs] 
123.650: Total time for which application threads were stopped: 0.0039680 seconds, Stopping threads took: 0.0019960 seconds
123.723: Application time: 0.0735560 seconds
123.726: [GC [PSYoungGen: 89760K->6384K(97280K)] 98673K->15305K(319488K), 0.0018630 secs] [Times: user=0.02 sys=0.00, real=0.00 secs] 
123.728: Total time for which application threads were stopped: 0.0048960 seconds, Stopping threads took: 0.0029460 seconds
123.801: Application time: 0.0731610 seconds
123.803: [GC [PSYoungGen: 89840K->7136K(97280K)] 98761K->16065K(319488K), 0.0020310 secs] [Times: user=0.01 sys=0.00, real=0.00 secs] 
123.805: Total time for which application threads were stopped: 0.0038310 seconds, Stopping threads took: 0.0017170 seconds
123.882: Application time: 0.0768560 seconds
123.884: [GC [PSYoungGen: 90592K->6880K(97280K)] 99521K->15817K(319488K), 0.0019650 secs] [Times: user=0.01 sys=0.00, real=0.01 secs] 
123.886: Total time for which application threads were stopped: 0.0045700 seconds, Stopping threads took: 0.0025250 seconds
123.965: Application time: 0.0784970 seconds
123.968: [GC [PSYoungGen: 90336K->7232K(97280K)] 99273K->16169K(319488K), 0.0021040 secs] [Times: user=0.01 sys=0.00, real=0.00 secs] 
123.970: Total time for which application threads were stopped: 0.0053030 seconds, Stopping threads took: 0.0031050 seconds
124.045: Application time: 0.0745220 seconds
124.048: [GC [PSYoungGen: 90688K->7728K(97280K)] 99625K->16673K(319488K), 0.0020820 secs] [Times: user=0.01 sys=0.00, real=0.00 secs] 
124.050: Total time for which application threads were stopped: 0.0051880 seconds, Stopping threads took: 0.0030280 seconds
124.128: Application time: 0.0776190 seconds
124.129: [GC [PSYoungGen: 91184K->6128K(97280K)] 100129K->15073K(319488K), 0.0018160 secs] [Times: user=0.01 sys=0.00, real=0.00 secs] 
124.131: Total time for which application threads were stopped: 0.0034510 seconds, Stopping threads took: 0.0015450 seconds
124.210: Application time: 0.0791430 seconds
124.213: [GC [PSYoungGen: 89584K->7088K(97280K)] 98529K->16033K(319488K), 0.0020220 secs] [Times: user=0.02 sys=0.00, real=0.00 secs] 
124.215: Total time for which application threads were stopped: 0.0049770 seconds, Stopping threads took: 0.0028770 seconds
124.295: Application time: 0.0801390 seconds
124.298: [GC [PSYoungGen: 90544K->7104K(97280K)] 99489K->16057K(319488K), 0.0019630 secs] [Times: user=0.01 sys=0.00, real=0.00 secs] 
124.300: Total time for which application threads were stopped: 0.0047620 seconds, Stopping threads took: 0.0027150 seconds
124.378: Application time: 0.0777350 seconds
124.380: [GC [PSYoungGen: 90560K->5792K(97280K)] 99513K->14753K(319488K), 0.0016940 secs] [Times: user=0.01 sys=0.00, real=0.00 secs] 
124.382: Total time for which application threads were stopped: 0.0037850 seconds, Stopping threads took: 0.0020180 seconds
124.457: Application time: 0.0759210 seconds
124.460: [GC [PSYoungGen: 89248K->7168K(97280K)] 98209K->16129K(319488K), 0.0020870 secs] [Times: user=0.01 sys=0.00, real=0.00 secs] 
124.462: Total time for which application threads were stopped: 0.0049520 seconds, Stopping threads took: 0.0027800 seconds
124.535: Application time: 0.0726390 seconds
124.537: [GC [PSYoungGen: 90624K->7936K(97280K)] 99585K->16905K(319488K), 0.0022040 secs] [Times: user=0.01 sys=0.00, real=0.00 secs] 
124.539: Total time for which application threads were stopped: 0.0042940 seconds, Stopping threads took: 0.0020010 seconds
124.613: Application time: 0.0735290 seconds
124.615: [GC [PSYoungGen: 91392K->7344K(97280K)] 100361K->16313K(319488K), 0.0021740 secs] [Times: user=0.01 sys=0.00, real=0.00 secs] 
124.617: Total time for which application threads were stopped: 0.0039130 seconds, Stopping threads took: 0.0016510 seconds
124.692: Application time: 0.0747130 seconds
124.694: [GC [PSYoungGen: 90800K->7728K(97280K)] 99769K->16697K(319488K), 0.0022870 secs] [Times: user=0.01 sys=0.00, real=0.00 secs] 
124.696: Total time for which application threads were stopped: 0.0048960 seconds, Stopping threads took: 0.0025220 seconds
124.778: Application time: 0.0814450 seconds
124.781: [GC [PSYoungGen: 91184K->6528K(97280K)] 100153K->15505K(319488K), 0.0018700 secs] [Times: user=0.01 sys=0.00, real=0.00 secs] 
124.783: Total time for which application threads were stopped: 0.0048370 seconds, Stopping threads took: 0.0028810 seconds
124.860: Application time: 0.0771360 seconds
124.862: [GC [PSYoungGen: 89984K->7360K(97280K)] 98961K->16345K(319488K), 0.0021320 secs] [Times: user=0.02 sys=0.00, real=0.00 secs] 
124.864: Total time for which application threads were stopped: 0.0040390 seconds, Stopping threads took: 0.0018080 seconds
124.944: Application time: 0.0797500 seconds
124.946: [GC [PSYoungGen: 90816K->5984K(97280K)] 99801K->14969K(319488K), 0.0017950 secs] [Times: user=0.01 sys=0.00, real=0.00 secs] 
124.948: Total time for which application threads were stopped: 0.0040490 seconds, Stopping threads took: 0.0021720 seconds
125.027: Application time: 0.0794950 seconds
125.028: [GC [PSYoungGen: 89440K->6656K(97280K)] 98425K->15649K(319488K), 0.0018840 secs] [Times: user=0.01 sys=0.00, real=0.00 secs] 
125.030: Total time for which application threads were stopped: 0.0028930 seconds, Stopping threads took: 0.0009390 seconds
125.114: Application time: 0.0837240 seconds
125.117: [GC [PSYoungGen: 90112K->5888K(97280K)] 99105K->14881K(319488K), 0.0016270 secs] [Times: user=0.00 sys=0.00, real=0.01 secs] 
125.119: Total time for which application threads were stopped: 0.0049450 seconds, Stopping threads took: 0.0032350 seconds
125.196: Application time: 0.0775820 seconds
125.200: [GC [PSYoungGen: 89344K->7552K(97280K)] 98337K->16545K(319488K), 0.0020910 secs] [Times: user=0.02 sys=0.00, real=0.00 secs] 
125.202: Total time for which application threads were stopped: 0.0053480 seconds, Stopping threads took: 0.0031760 seconds
125.292: Application time: 0.0905990 seconds
125.292: [GC [PSYoungGen: 91008K->2624K(97280K)] 100001K->11625K(319488K), 0.0009490 secs] [Times: user=0.01 sys=0.00, real=0.00 secs] 
125.293: Total time for which application threads were stopped: 0.0011720 seconds, Stopping threads took: 0.0001510 seconds
125.370: Application time: 0.0763780 seconds
125.372: [GC [PSYoungGen: 86080K->7648K(97280K)] 95081K->16657K(319488K), 0.0022600 secs] [Times: user=0.01 sys=0.00, real=0.00 secs] 
125.374: Total time for which application threads were stopped: 0.0042040 seconds, Stopping threads took: 0.0018430 seconds
125.455: Application time: 0.0809350 seconds
125.457: [GC [PSYoungGen: 91104K->6576K(97280K)] 100113K->15593K(319488K), 0.0019230 secs] [Times: user=0.01 sys=0.00, real=0.01 secs] 
125.459: Total time for which application threads were stopped: 0.0037040 seconds, Stopping threads took: 0.0016960 seconds
125.541: Application time: 0.0825560 seconds
125.544: [GC [PSYoungGen: 90032K->6704K(97280K)] 99049K->15729K(319488K), 0.0018570 secs] [Times: user=0.01 sys=0.01, real=0.01 secs] 
125.546: Total time for which application threads were stopped: 0.0046480 seconds, Stopping threads took: 0.0027150 seconds
125.626: Application time: 0.0798970 seconds
125.628: [GC [PSYoungGen: 90160K->7632K(97280K)] 99185K->16657K(319488K), 0.0021510 secs] [Times: user=0.01 sys=0.00, real=0.00 secs] 
125.630: Total time for which application threads were stopped: 0.0040260 seconds, Stopping threads took: 0.0017890 seconds
125.710: Application time: 0.0802640 seconds
125.713: [GC [PSYoungGen: 91088K->7952K(97280K)] 100113K->16977K(319488K), 0.0021820 secs] [Times: user=0.01 sys=0.00, real=0.00 secs] 
125.715: Total time for which application threads were stopped: 0.0048980 seconds, Stopping threads took: 0.0026310 seconds
125.795: Application time: 0.0800560 seconds
125.796: [GC [PSYoungGen: 91408K->6160K(97280K)] 100433K->15193K(319488K), 0.0018150 secs] [Times: user=0.01 sys=0.00, real=0.01 secs] 
125.798: Total time for which application threads were stopped: 0.0030730 seconds, Stopping threads took: 0.0011740 seconds
125.877: Application time: 0.0788430 seconds
125.879: [GC [PSYoungGen: 89616K->6240K(97280K)] 98649K->15281K(319488K), 0.0017670 secs] [Times: user=0.01 sys=0.00, real=0.00 secs] 
125.881: Total time for which application threads were stopped: 0.0035710 seconds, Stopping threads took: 0.0017160 seconds
125.962: Application time: 0.0818640 seconds
125.965: [GC [PSYoungGen: 89696K->7024K(97280K)] 98737K->16073K(319488K), 0.0019860 secs] [Times: user=0.01 sys=0.00, real=0.01 secs] 
125.967: Total time for which application threads were stopped: 0.0046450 seconds, Stopping threads took: 0.0025710 seconds
126.047: Application time: 0.0798950 seconds
126.049: [GC [PSYoungGen: 90480K->7168K(97280K)] 99529K->16217K(319488K), 0.0019380 secs] [Times: user=0.01 sys=0.00, real=0.00 secs] 
126.051: Total time for which application threads were stopped: 0.0040730 seconds, Stopping threads took: 0.0020550 seconds
126.134: Application time: 0.0834130 seconds
126.136: [GC [PSYoungGen: 90624K->7136K(97280K)] 99673K->16193K(319488K), 0.0020740 secs] [Times: user=0.01 sys=0.00, real=0.01 secs] 
126.139: Total time for which application threads were stopped: 0.0041780 seconds, Stopping threads took: 0.0020140 seconds
126.217: Application time: 0.0780480 seconds
126.219: [GC [PSYoungGen: 90592K->7600K(97280K)] 99649K->16657K(319488K), 0.0021110 secs] [Times: user=0.01 sys=0.00, real=0.00 secs] 
126.221: Total time for which application threads were stopped: 0.0042230 seconds, Stopping threads took: 0.0020300 seconds
126.305: Application time: 0.0841200 seconds
126.307: [GC [PSYoungGen: 91056K->7296K(97280K)] 100113K->16361K(319488K), 0.0022710 secs] [Times: user=0.01 sys=0.00, real=0.00 secs] 
126.309: Total time for which application threads were stopped: 0.0043040 seconds, Stopping threads took: 0.0019480 seconds
126.387: Application time: 0.0777180 seconds
126.390: [GC [PSYoungGen: 90752K->6992K(97280K)] 99817K->16065K(319488K), 0.0020730 secs] [Times: user=0.02 sys=0.00, real=0.00 secs] 
126.392: Total time for which application threads were stopped: 0.0050350 seconds, Stopping threads took: 0.0028690 seconds
126.471: Application time: 0.0784800 seconds
126.473: [GC [PSYoungGen: 90448K->8352K(97280K)] 99521K->17433K(319488K), 0.0023500 secs] [Times: user=0.02 sys=0.00, real=0.00 secs] 
126.475: Total time for which application threads were stopped: 0.0044060 seconds, Stopping threads took: 0.0019710 seconds
126.555: Application time: 0.0800440 seconds
126.558: [GC [PSYoungGen: 91808K->8112K(97280K)] 100889K->17193K(319488K), 0.0021390 secs] [Times: user=0.02 sys=0.00, real=0.00 secs] 
126.560: Total time for which application threads were stopped: 0.0053110 seconds, Stopping threads took: 0.0030950 seconds
126.644: Application time: 0.0838750 seconds
126.647: [GC [PSYoungGen: 91568K->6736K(97280K)] 100649K->15825K(319488K), 0.0019620 secs] [Times: user=0.01 sys=0.01, real=0.00 secs] 
126.649: Total time for which application threads were stopped: 0.0051840 seconds, Stopping threads took: 0.0031360 seconds
126.727: Application time: 0.0772940 seconds
126.729: [GC [PSYoungGen: 90192K->7440K(97280K)] 99281K->16529K(319488K), 0.0020650 secs] [Times: user=0.01 sys=0.00, real=0.00 secs] 
126.731: Total time for which application threads were stopped: 0.0043390 seconds, Stopping threads took: 0.0021900 seconds
126.811: Application time: 0.0799730 seconds
126.813: [GC [PSYoungGen: 90896K->7904K(97280K)] 99985K->16993K(319488K), 0.0022590 secs] [Times: user=0.02 sys=0.00, real=0.00 secs] 
126.816: Total time for which application threads were stopped: 0.0045430 seconds, Stopping threads took: 0.0021960 seconds
126.893: Application time: 0.0774970 seconds
126.896: [GC [PSYoungGen: 91360K->7376K(97280K)] 100449K->16473K(319488K), 0.0022390 secs] [Times: user=0.01 sys=0.00, real=0.01 secs] 
126.898: Total time for which application threads were stopped: 0.0049010 seconds, Stopping threads took: 0.0025680 seconds
126.979: Application time: 0.0808200 seconds
126.981: [GC [PSYoungGen: 90832K->6896K(97280K)] 99929K->16001K(319488K), 0.0019110 secs] [Times: user=0.01 sys=0.00, real=0.00 secs] 
126.983: Total time for which application threads were stopped: 0.0038670 seconds, Stopping threads took: 0.0018720 seconds
127.063: Application time: 0.0807280 seconds
127.067: [GC [PSYoungGen: 90352K->7200K(97280K)] 99457K->16305K(319488K), 0.0019770 secs] [Times: user=0.01 sys=0.00, real=0.00 secs] 
127.069: Total time for which application threads were stopped: 0.0051540 seconds, Stopping threads took: 0.0031010 seconds
127.153: Application time: 0.0842750 seconds
127.154: [GC [PSYoungGen: 90656K->6384K(97280K)] 99761K->15497K(319488K), 0.0018170 secs] [Times: user=0.01 sys=0.00, real=0.00 secs] 
127.156: Total time for which application threads were stopped: 0.0034500 seconds, Stopping threads took: 0.0015480 seconds
127.236: Application time: 0.0797350 seconds
127.239: [GC [PSYoungGen: 89840K->5952K(97280K)] 98953K->15065K(319488K), 0.0016970 secs] [Times: user=0.01 sys=0.00, real=0.00 secs] 
127.241: Total time for which application threads were stopped: 0.0045670 seconds, Stopping threads took: 0.0027960 seconds
127.325: Application time: 0.0847770 seconds
127.328: [GC [PSYoungGen: 89408K->5280K(97280K)] 98521K->14393K(319488K), 0.0015350 secs] [Times: user=0.01 sys=0.00, real=0.00 secs] 
127.329: Total time for which application threads were stopped: 0.0037530 seconds, Stopping threads took: 0.0021340 seconds
127.412: Application time: 0.0828080 seconds
127.417: [GC [PSYoungGen: 88736K->6752K(97280K)] 97849K->15873K(319488K), 0.0018950 secs] [Times: user=0.02 sys=0.00, real=0.00 secs] 
127.419: Total time for which application threads were stopped: 0.0072170 seconds, Stopping threads took: 0.0052390 seconds
127.503: Application time: 0.0839360 seconds
127.506: [GC [PSYoungGen: 90208K->7264K(97280K)] 99329K->16393K(319488K), 0.0019800 secs] [Times: user=0.01 sys=0.00, real=0.00 secs] 
127.508: Total time for which application threads were stopped: 0.0051690 seconds, Stopping threads took: 0.0031030 seconds
127.592: Application time: 0.0840840 seconds
127.595: [GC [PSYoungGen: 90720K->6896K(97280K)] 99849K->16033K(319488K), 0.0019530 secs] [Times: user=0.01 sys=0.00, real=0.01 secs] 
127.597: Total time for which application threads were stopped: 0.0049840 seconds, Stopping threads took: 0.0029410 seconds
127.675: Application time: 0.0776550 seconds
127.678: [GC [PSYoungGen: 90352K->6560K(97280K)] 99489K->15705K(319488K), 0.0019200 secs] [Times: user=0.01 sys=0.00, real=0.00 secs] 
127.680: Total time for which application threads were stopped: 0.0046610 seconds, Stopping threads took: 0.0026570 seconds
127.757: Application time: 0.0774350 seconds
127.760: [GC [PSYoungGen: 90016K->7072K(97280K)] 99161K->16217K(319488K), 0.0020360 secs] [Times: user=0.01 sys=0.00, real=0.00 secs] 
127.762: Total time for which application threads were stopped: 0.0048510 seconds, Stopping threads took: 0.0027320 seconds
127.844: Application time: 0.0817940 seconds
127.846: [GC [PSYoungGen: 90528K->8176K(97280K)] 99673K->17321K(319488K), 0.0023940 secs] [Times: user=0.02 sys=0.00, real=0.00 secs] 
127.849: Total time for which application threads were stopped: 0.0050670 seconds, Stopping threads took: 0.0025820 seconds
127.927: Application time: 0.0782960 seconds
127.929: [GC [PSYoungGen: 91632K->8368K(97280K)] 100777K->17521K(319488K), 0.0023560 secs] [Times: user=0.02 sys=0.00, real=0.00 secs] 
127.932: Total time for which application threads were stopped: 0.0046250 seconds, Stopping threads took: 0.0021730 seconds
128.008: Application time: 0.0765920 seconds
128.011: [GC [PSYoungGen: 91824K->7696K(97280K)] 100977K->16857K(319488K), 0.0023580 secs] [Times: user=0.02 sys=0.00, real=0.00 secs] 
128.014: Total time for which application threads were stopped: 0.0052520 seconds, Stopping threads took: 0.0028040 seconds
128.092: Application time: 0.0784960 seconds
128.095: [GC [PSYoungGen: 91152K->6448K(97280K)] 100313K->15617K(319488K), 0.0018070 secs] [Times: user=0.01 sys=0.00, real=0.00 secs] 
128.097: Total time for which application threads were stopped: 0.0048380 seconds, Stopping threads took: 0.0029550 seconds
128.181: Application time: 0.0836490 seconds
128.185: [GC [PSYoungGen: 89904K->6288K(97280K)] 99073K->15465K(319488K), 0.0018160 secs] [Times: user=0.01 sys=0.00, real=0.00 secs] 
128.187: Total time for which application threads were stopped: 0.0064810 seconds, Stopping threads took: 0.0045800 seconds
128.266: Application time: 0.0785300 seconds
128.268: [GC [PSYoungGen: 89744K->7568K(97280K)] 98921K->16745K(319488K), 0.0021890 secs] [Times: user=0.02 sys=0.00, real=0.00 secs] 
128.270: Total time for which application threads were stopped: 0.0042750 seconds, Stopping threads took: 0.0019950 seconds
128.349: Application time: 0.0792930 seconds
128.350: [GC [PSYoungGen: 91024K->7024K(97280K)] 100201K->16201K(319488K), 0.0021240 secs] [Times: user=0.02 sys=0.00, real=0.00 secs] 
128.353: Total time for which application threads were stopped: 0.0033970 seconds, Stopping threads took: 0.0011880 seconds
128.434: Application time: 0.0811490 seconds
128.436: [GC [PSYoungGen: 90480K->6672K(97280K)] 99657K->15857K(319488K), 0.0018690 secs] [Times: user=0.01 sys=0.00, real=0.01 secs] 
128.438: Total time for which application threads were stopped: 0.0044280 seconds, Stopping threads took: 0.0024670 seconds
128.518: Application time: 0.0799120 seconds
128.520: [GC [PSYoungGen: 90128K->8064K(97280K)] 99313K->17281K(319488K), 0.0023480 secs] [Times: user=0.02 sys=0.00, real=0.00 secs] 
128.523: Total time for which application threads were stopped: 0.0048380 seconds, Stopping threads took: 0.0024080 seconds
128.602: Application time: 0.0791090 seconds
128.604: [GC [PSYoungGen: 91520K->7808K(97280K)] 100737K->17041K(319488K), 0.0023000 secs] [Times: user=0.02 sys=0.00, real=0.01 secs] 
128.607: Total time for which application threads were stopped: 0.0046670 seconds, Stopping threads took: 0.0022740 seconds
128.686: Application time: 0.0789580 seconds
128.688: [GC [PSYoungGen: 91264K->6800K(97280K)] 100497K->16049K(319488K), 0.0021110 secs] [Times: user=0.01 sys=0.00, real=0.00 secs] 
128.690: Total time for which application threads were stopped: 0.0045230 seconds, Stopping threads took: 0.0023290 seconds
128.768: Application time: 0.0783730 seconds
128.771: [GC [PSYoungGen: 90256K->5392K(97280K)] 99505K->14641K(319488K), 0.0015150 secs] [Times: user=0.01 sys=0.00, real=0.00 secs] 
128.772: Total time for which application threads were stopped: 0.0036930 seconds, Stopping threads took: 0.0021040 seconds
128.849: Application time: 0.0765180 seconds
128.852: [GC [PSYoungGen: 88848K->7792K(97280K)] 98097K->17041K(319488K), 0.0022420 secs] [Times: user=0.02 sys=0.00, real=0.00 secs] 
128.854: Total time for which application threads were stopped: 0.0050670 seconds, Stopping threads took: 0.0027420 seconds
128.929: Application time: 0.0753580 seconds
128.931: [GC [PSYoungGen: 91248K->5808K(97280K)] 100497K->15065K(319488K), 0.0016930 secs] [Times: user=0.01 sys=0.00, real=0.00 secs] 
128.933: Total time for which application threads were stopped: 0.0036410 seconds, Stopping threads took: 0.0018800 seconds
129.008: Application time: 0.0754190 seconds
129.011: [GC [PSYoungGen: 89264K->7872K(97280K)] 98521K->17137K(319488K), 0.0022140 secs] [Times: user=0.01 sys=0.00, real=0.00 secs] 
129.013: Total time for which application threads were stopped: 0.0050550 seconds, Stopping threads took: 0.0027510 seconds
129.090: Application time: 0.0771730 seconds
129.092: [GC [PSYoungGen: 91328K->6048K(97280K)] 100593K->15321K(319488K), 0.0017430 secs] [Times: user=0.02 sys=0.00, real=0.00 secs] 
129.093: Total time for which application threads were stopped: 0.0028810 seconds, Stopping threads took: 0.0010590 seconds
129.175: Application time: 0.0814310 seconds
129.176: [GC [PSYoungGen: 89504K->5840K(97280K)] 98777K->15113K(319488K), 0.0016380 secs] [Times: user=0.01 sys=0.00, real=0.01 secs] 
129.178: Total time for which application threads were stopped: 0.0029200 seconds, Stopping threads took: 0.0012090 seconds
129.251: Application time: 0.0735580 seconds
129.252: [GC [PSYoungGen: 89296K->6576K(97280K)] 98569K->15857K(319488K), 0.0019480 secs] [Times: user=0.02 sys=0.00, real=0.00 secs] 
129.254: Total time for which application threads were stopped: 0.0032150 seconds, Stopping threads took: 0.0011840 seconds
129.333: Application time: 0.0781720 seconds
129.335: [GC [PSYoungGen: 90032K->6288K(97280K)] 99313K->15569K(319488K), 0.0017970 secs] [Times: user=0.01 sys=0.00, real=0.00 secs] 
129.336: Total time for which application threads were stopped: 0.0038160 seconds, Stopping threads took: 0.0019360 seconds
129.411: Application time: 0.0744010 seconds
129.412: [GC [PSYoungGen: 89744K->7360K(97280K)] 99025K->16649K(319488K), 0.0021600 secs] [Times: user=0.01 sys=0.00, real=0.00 secs] 
129.414: Total time for which application threads were stopped: 0.0035720 seconds, Stopping threads took: 0.0013310 seconds
129.493: Application time: 0.0784390 seconds
129.495: [GC [PSYoungGen: 90816K->7744K(97280K)] 100105K->17041K(319488K), 0.0022400 secs] [Times: user=0.02 sys=0.00, real=0.01 secs] 
129.498: Total time for which application threads were stopped: 0.0049030 seconds, Stopping threads took: 0.0025780 seconds
129.573: Application time: 0.0750620 seconds
129.576: [GC [PSYoungGen: 91200K->7600K(97280K)] 100497K->16905K(319488K), 0.0019980 secs] [Times: user=0.01 sys=0.00, real=0.01 secs] 
129.578: Total time for which application threads were stopped: 0.0050400 seconds, Stopping threads took: 0.0029580 seconds
129.657: Application time: 0.0787550 seconds
129.659: [GC [PSYoungGen: 91056K->5408K(97280K)] 100361K->14721K(319488K), 0.0016030 secs] [Times: user=0.01 sys=0.00, real=0.00 secs] 
129.660: Total time for which application threads were stopped: 0.0037280 seconds, Stopping threads took: 0.0020580 seconds
129.738: Application time: 0.0777550 seconds
129.741: [GC [PSYoungGen: 88864K->7504K(97280K)] 98177K->16825K(319488K), 0.0020950 secs] [Times: user=0.02 sys=0.00, real=0.00 secs] 
129.743: Total time for which application threads were stopped: 0.0049060 seconds, Stopping threads took: 0.0027290 seconds
129.821: Application time: 0.0783670 seconds
129.824: [GC [PSYoungGen: 90960K->6304K(97280K)] 100281K->15625K(319488K), 0.0017900 secs] [Times: user=0.01 sys=0.00, real=0.01 secs] 
129.826: Total time for which application threads were stopped: 0.0045690 seconds, Stopping threads took: 0.0026890 seconds
129.899: Application time: 0.0732140 seconds
129.901: [GC [PSYoungGen: 89760K->6640K(97280K)] 99081K->15961K(319488K), 0.0018110 secs] [Times: user=0.01 sys=0.01, real=0.00 secs] 
129.903: Total time for which application threads were stopped: 0.0036320 seconds, Stopping threads took: 0.0017410 seconds
129.980: Application time: 0.0768940 seconds
129.982: [GC [PSYoungGen: 90096K->7216K(97280K)] 99417K->16545K(319488K), 0.0020810 secs] [Times: user=0.01 sys=0.00, real=0.00 secs] 
129.984: Total time for which application threads were stopped: 0.0043950 seconds, Stopping threads took: 0.0022300 seconds
130.060: Application time: 0.0763080 seconds
130.063: [GC [PSYoungGen: 90672K->6576K(97280K)] 100001K->15913K(319488K), 0.0018550 secs] [Times: user=0.01 sys=0.00, real=0.01 secs] 
130.065: Total time for which application threads were stopped: 0.0048230 seconds, Stopping threads took: 0.0028720 seconds
130.140: Application time: 0.0746010 seconds
130.142: [GC [PSYoungGen: 90032K->7120K(97280K)] 99369K->16465K(319488K), 0.0020650 secs] [Times: user=0.01 sys=0.00, real=0.00 secs] 
130.144: Total time for which application threads were stopped: 0.0041120 seconds, Stopping threads took: 0.0019580 seconds
130.219: Application time: 0.0750180 seconds
130.221: [GC [PSYoungGen: 90576K->7760K(97280K)] 99921K->17113K(319488K), 0.0021170 secs] [Times: user=0.01 sys=0.00, real=0.00 secs] 
130.223: Total time for which application threads were stopped: 0.0044840 seconds, Stopping threads took: 0.0022820 seconds
130.301: Application time: 0.0773280 seconds
130.303: [GC [PSYoungGen: 91216K->6560K(97280K)] 100569K->15913K(319488K), 0.0019040 secs] [Times: user=0.01 sys=0.00, real=0.01 secs] 
130.305: Total time for which application threads were stopped: 0.0044490 seconds, Stopping threads took: 0.0024630 seconds
130.377: Application time: 0.0715250 seconds
130.379: [GC [PSYoungGen: 90016K->8352K(97280K)] 99369K->17705K(319488K), 0.0023970 secs] [Times: user=0.02 sys=0.00, real=0.00 secs] 
130.381: Total time for which application threads were stopped: 0.0045080 seconds, Stopping threads took: 0.0020240 seconds
130.459: Application time: 0.0773640 seconds
130.461: [GC [PSYoungGen: 91808K->5968K(97280K)] 101161K->15329K(319488K), 0.0017120 secs] [Times: user=0.01 sys=0.00, real=0.00 secs] 
130.463: Total time for which application threads were stopped: 0.0042030 seconds, Stopping threads took: 0.0024110 seconds
130.539: Application time: 0.0761450 seconds
130.541: [GC [PSYoungGen: 89424K->4960K(97280K)] 98785K->14329K(319488K), 0.0014500 secs] [Times: user=0.00 sys=0.00, real=0.00 secs] 
130.542: Total time for which application threads were stopped: 0.0032690 seconds, Stopping threads took: 0.0017450 seconds
130.618: Application time: 0.0753870 seconds
130.620: [GC [PSYoungGen: 88416K->7840K(97280K)] 97785K->17217K(319488K), 0.0022320 secs] [Times: user=0.02 sys=0.00, real=0.00 secs] 
130.622: Total time for which application threads were stopped: 0.0047240 seconds, Stopping threads took: 0.0024040 seconds
130.697: Application time: 0.0741880 seconds
130.699: [GC [PSYoungGen: 91296K->6464K(97280K)] 100673K->15849K(319488K), 0.0017450 secs] [Times: user=0.01 sys=0.00, real=0.00 secs] 
130.701: Total time for which application threads were stopped: 0.0045450 seconds, Stopping threads took: 0.0027090 seconds
130.777: Application time: 0.0758310 seconds
130.779: [GC [PSYoungGen: 89920K->6224K(97280K)] 99305K->15609K(319488K), 0.0019160 secs] [Times: user=0.01 sys=0.00, real=0.00 secs] 
130.781: Total time for which application threads were stopped: 0.0042260 seconds, Stopping threads took: 0.0022070 seconds
130.856: Application time: 0.0747230 seconds
130.858: [GC [PSYoungGen: 89680K->7040K(97280K)] 99065K->16425K(319488K), 0.0019740 secs] [Times: user=0.01 sys=0.00, real=0.00 secs] 
130.860: Total time for which application threads were stopped: 0.0044070 seconds, Stopping threads took: 0.0023530 seconds
130.937: Application time: 0.0764990 seconds
130.939: [GC [PSYoungGen: 90496K->7712K(97280K)] 99881K->17105K(319488K), 0.0021260 secs] [Times: user=0.02 sys=0.00, real=0.00 secs] 
130.941: Total time for which application threads were stopped: 0.0042250 seconds, Stopping threads took: 0.0020170 seconds
131.018: Application time: 0.0769990 seconds
131.021: [GC [PSYoungGen: 91168K->6688K(97280K)] 100561K->16089K(319488K), 0.0018540 secs] [Times: user=0.01 sys=0.00, real=0.00 secs] 
131.023: Total time for which application threads were stopped: 0.0046230 seconds, Stopping threads took: 0.0026940 seconds
131.100: Application time: 0.0769250 seconds
131.102: [GC [PSYoungGen: 90144K->7184K(97280K)] 99545K->16593K(319488K), 0.0021460 secs] [Times: user=0.01 sys=0.00, real=0.00 secs] 
131.104: Total time for which application threads were stopped: 0.0046460 seconds, Stopping threads took: 0.0024150 seconds
131.178: Application time: 0.0736940 seconds
131.180: [GC [PSYoungGen: 90640K->7568K(97280K)] 100049K->16977K(319488K), 0.0021380 secs] [Times: user=0.02 sys=0.00, real=0.00 secs] 
131.182: Total time for which application threads were stopped: 0.0041140 seconds, Stopping threads took: 0.0018910 seconds
131.260: Application time: 0.0783570 seconds
131.263: [GC [PSYoungGen: 91024K->6800K(97280K)] 100433K->16217K(319488K), 0.0019470 secs] [Times: user=0.02 sys=0.00, real=0.00 secs] 
131.265: Total time for which application threads were stopped: 0.0043040 seconds, Stopping threads took: 0.0022650 seconds
131.344: Application time: 0.0797540 seconds
131.346: [GC [PSYoungGen: 90256K->5456K(97280K)] 99673K->14873K(319488K), 0.0015800 secs] [Times: user=0.01 sys=0.00, real=0.00 secs] 
131.348: Total time for which application threads were stopped: 0.0035410 seconds, Stopping threads took: 0.0018850 seconds
131.427: Application time: 0.0786330 seconds
131.430: [GC [PSYoungGen: 88912K->5920K(97280K)] 98329K->15345K(319488K), 0.0017280 secs] [Times: user=0.01 sys=0.00, real=0.00 secs] 
131.432: Total time for which application threads were stopped: 0.0048320 seconds, Stopping threads took: 0.0030300 seconds
131.505: Application time: 0.0733700 seconds
131.507: [GC [PSYoungGen: 89376K->8064K(97280K)] 98801K->17497K(319488K), 0.0022980 secs] [Times: user=0.01 sys=0.00, real=0.00 secs] 
131.509: Total time for which application threads were stopped: 0.0041550 seconds, Stopping threads took: 0.0017700 seconds
131.580: Application time: 0.0713090 seconds
131.583: [GC [PSYoungGen: 91520K->7680K(97280K)] 100953K->17121K(319488K), 0.0022160 secs] [Times: user=0.01 sys=0.00, real=0.00 secs] 
131.585: Total time for which application threads were stopped: 0.0045930 seconds, Stopping threads took: 0.0022930 seconds
131.660: Application time: 0.0749020 seconds
131.661: [GC [PSYoungGen: 91136K->7152K(97280K)] 100577K->16593K(319488K), 0.0021230 secs] [Times: user=0.01 sys=0.00, real=0.00 secs] 
131.664: Total time for which application threads were stopped: 0.0038130 seconds, Stopping threads took: 0.0016040 seconds
131.740: Application time: 0.0763210 seconds
131.741: [GC [PSYoungGen: 90608K->7440K(97280K)] 100049K->16889K(319488K), 0.0022390 secs] [Times: user=0.01 sys=0.00, real=0.00 secs] 
131.743: Total time for which application threads were stopped: 0.0033850 seconds, Stopping threads took: 0.0010540 seconds
131.820: Application time: 0.0763230 seconds
131.822: [GC [PSYoungGen: 90896K->6976K(97280K)] 100345K->16425K(319488K), 0.0019130 secs] [Times: user=0.01 sys=0.00, real=0.00 secs] 
131.824: Total time for which application threads were stopped: 0.0041110 seconds, Stopping threads took: 0.0021120 seconds
131.901: Application time: 0.0772210 seconds
131.904: [GC [PSYoungGen: 90432K->7264K(97280K)] 99881K->16713K(319488K), 0.0020990 secs] [Times: user=0.01 sys=0.00, real=0.01 secs] 
131.906: Total time for which application threads were stopped: 0.0046760 seconds, Stopping threads took: 0.0024910 seconds
131.979: Application time: 0.0736350 seconds
131.981: [GC [PSYoungGen: 90720K->5728K(97280K)] 100169K->15185K(319488K), 0.0016810 secs] [Times: user=0.02 sys=0.00, real=0.00 secs] 
131.982: Total time for which application threads were stopped: 0.0031290 seconds, Stopping threads took: 0.0013610 seconds
132.058: Application time: 0.0752700 seconds
132.061: [GC [PSYoungGen: 89184K->7440K(97280K)] 98641K->16905K(319488K), 0.0020860 secs] [Times: user=0.02 sys=0.00, real=0.00 secs] 
132.063: Total time for which application threads were stopped: 0.0051380 seconds, Stopping threads took: 0.0029680 seconds
132.136: Application time: 0.0728180 seconds
132.138: [GC [PSYoungGen: 90896K->6992K(97280K)] 100361K->16457K(319488K), 0.0021560 secs] [Times: user=0.01 sys=0.00, real=0.00 secs] 
132.141: Total time for which application threads were stopped: 0.0048780 seconds, Stopping threads took: 0.0026340 seconds
132.218: Application time: 0.0773780 seconds
132.221: [GC [PSYoungGen: 90448K->6656K(97280K)] 99913K->16129K(319488K), 0.0018860 secs] [Times: user=0.02 sys=0.00, real=0.00 secs] 
132.223: Total time for which application threads were stopped: 0.0046790 seconds, Stopping threads took: 0.0027120 seconds
132.296: Application time: 0.0729800 seconds
132.298: [GC [PSYoungGen: 90112K->7072K(97280K)] 99585K->16545K(319488K), 0.0020020 secs] [Times: user=0.01 sys=0.00, real=0.00 secs] 
132.300: Total time for which application threads were stopped: 0.0048000 seconds, Stopping threads took: 0.0027170 seconds
132.377: Application time: 0.0770670 seconds
132.380: [GC [PSYoungGen: 90528K->5472K(97280K)] 100001K->14945K(319488K), 0.0016680 secs] [Times: user=0.01 sys=0.00, real=0.00 secs] 
132.382: Total time for which application threads were stopped: 0.0043150 seconds, Stopping threads took: 0.0025610 seconds
132.456: Application time: 0.0737070 seconds
132.458: [GC [PSYoungGen: 88928K->7232K(97280K)] 98401K->16713K(319488K), 0.0019400 secs] [Times: user=0.02 sys=0.00, real=0.00 secs] 
132.460: Total time for which application threads were stopped: 0.0040450 seconds, Stopping threads took: 0.0020280 seconds
132.535: Application time: 0.0753320 seconds
132.537: [GC [PSYoungGen: 90688K->8208K(97280K)] 100169K->17697K(319488K), 0.0023680 secs] [Times: user=0.02 sys=0.00, real=0.01 secs] 
132.539: Total time for which application threads were stopped: 0.0042890 seconds, Stopping threads took: 0.0018230 seconds
132.613: Application time: 0.0737760 seconds
132.615: [GC [PSYoungGen: 91664K->7568K(97280K)] 101153K->17065K(319488K), 0.0021160 secs] [Times: user=0.02 sys=0.00, real=0.00 secs] 
132.617: Total time for which application threads were stopped: 0.0040360 seconds, Stopping threads took: 0.0018400 seconds
132.696: Application time: 0.0790980 seconds
132.698: [GC [PSYoungGen: 91024K->7056K(97280K)] 100521K->16561K(319488K), 0.0020900 secs] [Times: user=0.02 sys=0.00, real=0.00 secs] 
132.700: Total time for which application threads were stopped: 0.0036980 seconds, Stopping threads took: 0.0015250 seconds
132.780: Application time: 0.0799940 seconds
132.782: [GC [PSYoungGen: 90512K->6192K(97280K)] 100017K->15697K(319488K), 0.0018390 secs] [Times: user=0.02 sys=0.00, real=0.00 secs] 
132.784: Total time for which application threads were stopped: 0.0039220 seconds, Stopping threads took: 0.0020040 seconds
132.868: Application time: 0.0843900 seconds
132.871: [GC [PSYoungGen: 89648K->5504K(97280K)] 99153K->15009K(319488K), 0.0016610 secs] [Times: user=0.01 sys=0.00, real=0.00 secs] 
132.873: Total time for which application threads were stopped: 0.0045160 seconds, Stopping threads took: 0.0027790 seconds
132.951: Application time: 0.0783860 seconds
132.954: [GC [PSYoungGen: 88960K->7536K(97280K)] 98465K->17049K(319488K), 0.0020690 secs] [Times: user=0.02 sys=0.00, real=0.00 secs] 
132.956: Total time for which application threads were stopped: 0.0054590 seconds, Stopping threads took: 0.0032960 seconds
133.036: Application time: 0.0791080 seconds
133.039: [GC [PSYoungGen: 90992K->6784K(97280K)] 100505K->16305K(319488K), 0.0018850 secs] [Times: user=0.01 sys=0.00, real=0.00 secs] 
133.041: Total time for which application threads were stopped: 0.0051450 seconds, Stopping threads took: 0.0031780 seconds
133.118: Application time: 0.0777320 seconds
133.122: [GC [PSYoungGen: 90240K->6976K(97280K)] 99761K->16505K(319488K), 0.0021170 secs] [Times: user=0.01 sys=0.00, real=0.00 secs] 
133.124: Total time for which application threads were stopped: 0.0054500 seconds, Stopping threads took: 0.0032220 seconds
133.203: Application time: 0.0790870 seconds
133.204: [GC [PSYoungGen: 90432K->7472K(97280K)] 99961K->17009K(319488K), 0.0021170 secs] [Times: user=0.01 sys=0.00, real=0.01 secs] 
133.207: Total time for which application threads were stopped: 0.0035830 seconds, Stopping threads took: 0.0013800 seconds
133.287: Application time: 0.0800550 seconds
133.288: [GC [PSYoungGen: 90928K->5024K(97280K)] 100465K->14561K(319488K), 0.0016430 secs] [Times: user=0.01 sys=0.00, real=0.00 secs] 
133.290: Total time for which application threads were stopped: 0.0032940 seconds, Stopping threads took: 0.0015740 seconds
133.371: Application time: 0.0810520 seconds
133.374: [GC [PSYoungGen: 88480K->6048K(97280K)] 98017K->15585K(319488K), 0.0017840 secs] [Times: user=0.01 sys=0.00, real=0.00 secs] 
133.376: Total time for which application threads were stopped: 0.0048700 seconds, Stopping threads took: 0.0029950 seconds
133.454: Application time: 0.0783490 seconds
133.456: [GC [PSYoungGen: 89504K->6352K(97280K)] 99041K->15897K(319488K), 0.0019290 secs] [Times: user=0.02 sys=0.00, real=0.01 secs] 
133.458: Total time for which application threads were stopped: 0.0040320 seconds, Stopping threads took: 0.0020000 seconds
133.545: Application time: 0.0864470 seconds
133.547: [GC [PSYoungGen: 89808K->6096K(97280K)] 99353K->15649K(319488K), 0.0018090 secs] [Times: user=0.01 sys=0.00, real=0.00 secs] 
133.548: Total time for which application threads were stopped: 0.0036120 seconds, Stopping threads took: 0.0017270 seconds
133.629: Application time: 0.0801750 seconds
133.631: [GC [PSYoungGen: 89552K->6816K(97280K)] 99105K->16377K(319488K), 0.0018630 secs] [Times: user=0.01 sys=0.01, real=0.00 secs] 
133.633: Total time for which application threads were stopped: 0.0041660 seconds, Stopping threads took: 0.0022290 seconds
133.718: Application time: 0.0854380 seconds
133.721: [GC [PSYoungGen: 90272K->8112K(97280K)] 99833K->17673K(319488K), 0.0023810 secs] [Times: user=0.02 sys=0.00, real=0.00 secs] 
133.724: Total time for which application threads were stopped: 0.0054370 seconds, Stopping threads took: 0.0029680 seconds
133.801: Application time: 0.0771970 seconds
133.803: [GC [PSYoungGen: 91568K->5936K(97280K)] 101129K->15505K(319488K), 0.0018510 secs] [Times: user=0.01 sys=0.00, real=0.01 secs] 
133.805: Total time for which application threads were stopped: 0.0043670 seconds, Stopping threads took: 0.0024300 seconds
133.887: Application time: 0.0814130 seconds
133.888: [GC [PSYoungGen: 89392K->7024K(97280K)] 98961K->16593K(319488K), 0.0020120 secs] [Times: user=0.01 sys=0.00, real=0.00 secs] 
133.890: Total time for which application threads were stopped: 0.0037040 seconds, Stopping threads took: 0.0016110 seconds
133.967: Application time: 0.0771980 seconds
133.970: [GC [PSYoungGen: 90480K->8208K(97280K)] 100049K->17785K(319488K), 0.0023350 secs] [Times: user=0.02 sys=0.00, real=0.00 secs] 
133.973: Total time for which application threads were stopped: 0.0051180 seconds, Stopping threads took: 0.0026820 seconds
134.052: Application time: 0.0796350 seconds
134.055: [GC [PSYoungGen: 91664K->7312K(97280K)] 101241K->16897K(319488K), 0.0021630 secs] [Times: user=0.02 sys=0.00, real=0.01 secs] 
134.057: Total time for which application threads were stopped: 0.0050700 seconds, Stopping threads took: 0.0028210 seconds
134.136: Application time: 0.0789040 seconds
134.139: [GC [PSYoungGen: 90766K->6640K(97280K)] 100351K->16233K(319488K), 0.0019340 secs] [Times: user=0.02 sys=0.00, real=0.00 secs] 
134.141: Total time for which application threads were stopped: 0.0044370 seconds, Stopping threads took: 0.0024210 seconds
134.226: Application time: 0.0848950 seconds
134.226: [GC [PSYoungGen: 90094K->4608K(97280K)] 99687K->14201K(319488K), 0.0014960 secs] [Times: user=0.01 sys=0.00, real=0.00 secs] 
134.228: Total time for which application threads were stopped: 0.0020150 seconds, Stopping threads took: 0.0004430 seconds
134.306: Application time: 0.0786540 seconds
134.308: [GC [PSYoungGen: 88064K->6176K(97280K)] 97657K->15777K(319488K), 0.0018130 secs] [Times: user=0.01 sys=0.00, real=0.00 secs] 
134.310: Total time for which application threads were stopped: 0.0033780 seconds, Stopping threads took: 0.0014820 seconds
134.390: Application time: 0.0808530 seconds
134.393: [GC [PSYoungGen: 89632K->7504K(97280K)] 99233K->17105K(319488K), 0.0021160 secs] [Times: user=0.02 sys=0.00, real=0.00 secs] 
134.395: Total time for which application threads were stopped: 0.0049720 seconds, Stopping threads took: 0.0027670 seconds
134.477: Application time: 0.0820160 seconds
134.480: [GC [PSYoungGen: 90960K->5936K(97280K)] 100561K->15537K(319488K), 0.0016940 secs] [Times: user=0.01 sys=0.00, real=0.00 secs] 
134.481: Total time for which application threads were stopped: 0.0038760 seconds, Stopping threads took: 0.0020920 seconds
134.565: Application time: 0.0838930 seconds
134.567: [GC [PSYoungGen: 89392K->6528K(97280K)] 98993K->16137K(319488K), 0.0019200 secs] [Times: user=0.01 sys=0.00, real=0.00 secs] 
134.569: Total time for which application threads were stopped: 0.0040630 seconds, Stopping threads took: 0.0020560 seconds
134.652: Application time: 0.0826000 seconds
134.655: [GC [PSYoungGen: 89984K->8000K(97280K)] 99593K->17617K(319488K), 0.0022260 secs] [Times: user=0.01 sys=0.00, real=0.00 secs] 
134.657: Total time for which application threads were stopped: 0.0050450 seconds, Stopping threads took: 0.0027340 seconds
134.737: Application time: 0.0804680 seconds
134.740: [GC [PSYoungGen: 91456K->7648K(97280K)] 101073K->17273K(319488K), 0.0022960 secs] [Times: user=0.01 sys=0.00, real=0.00 secs] 
134.742: Total time for which application threads were stopped: 0.0046160 seconds, Stopping threads took: 0.0022310 seconds
134.819: Application time: 0.0765600 seconds
134.820: [GC [PSYoungGen: 91104K->7248K(97280K)] 100729K->16881K(319488K), 0.0021010 secs] [Times: user=0.01 sys=0.00, real=0.00 secs] 
134.822: Total time for which application threads were stopped: 0.0037910 seconds, Stopping threads took: 0.0016090 seconds
134.899: Application time: 0.0768610 seconds
134.901: [GC [PSYoungGen: 90704K->6864K(97280K)] 100337K->16497K(319488K), 0.0021060 secs] [Times: user=0.02 sys=0.00, real=0.00 secs] 
134.903: Total time for which application threads were stopped: 0.0041780 seconds, Stopping threads took: 0.0019860 seconds
134.981: Application time: 0.0780830 seconds
134.984: [GC [PSYoungGen: 90320K->7776K(97280K)] 99953K->17409K(319488K), 0.0021610 secs] [Times: user=0.01 sys=0.00, real=0.01 secs] 
134.986: Total time for which application threads were stopped: 0.0042870 seconds, Stopping threads took: 0.0020330 seconds
135.070: Application time: 0.0838540 seconds
135.072: [GC [PSYoungGen: 91232K->5872K(97280K)] 100865K->15513K(319488K), 0.0017250 secs] [Times: user=0.01 sys=0.00, real=0.00 secs] 
135.074: Total time for which application threads were stopped: 0.0045040 seconds, Stopping threads took: 0.0026990 seconds
135.152: Application time: 0.0778320 seconds
135.155: [GC [PSYoungGen: 89328K->5824K(97280K)] 98969K->15473K(319488K), 0.0019060 secs] [Times: user=0.02 sys=0.00, real=0.00 secs] 
135.157: Total time for which application threads were stopped: 0.0046920 seconds, Stopping threads took: 0.0027040 seconds
135.237: Application time: 0.0807780 seconds
135.239: [GC [PSYoungGen: 89280K->8272K(97280K)] 98929K->17929K(319488K), 0.0026860 secs] [Times: user=0.02 sys=0.00, real=0.00 secs] 
135.242: Total time for which application threads were stopped: 0.0047320 seconds, Stopping threads took: 0.0019340 seconds
135.322: Application time: 0.0797320 seconds
135.324: [GC [PSYoungGen: 91728K->6048K(97280K)] 101385K->15713K(319488K), 0.0018100 secs] [Times: user=0.02 sys=0.00, real=0.01 secs] 
135.326: Total time for which application threads were stopped: 0.0039640 seconds, Stopping threads took: 0.0020660 seconds
135.377: Application time: 0.0514050 seconds
135.379: Total time for which application threads were stopped: 0.0015740 seconds, Stopping threads took: 0.0015460 seconds
135.395: Application time: 0.0163110 seconds
135.397: Total time for which application threads were stopped: 0.0015940 seconds, Stopping threads took: 0.0015700 seconds
135.413: Application time: 0.0159230 seconds
135.415: [GC [PSYoungGen: 89504K->4720K(97280K)] 99169K->14385K(319488K), 0.0015750 secs] [Times: user=0.01 sys=0.00, real=0.00 secs] 
135.417: Total time for which application threads were stopped: 0.0041100 seconds, Stopping threads took: 0.0024430 seconds
135.433: Application time: 0.0165430 seconds
135.435: Total time for which application threads were stopped: 0.0017330 seconds, Stopping threads took: 0.0016870 seconds
135.480: Application time: 0.0446890 seconds
135.481: Total time for which application threads were stopped: 0.0014940 seconds, Stopping threads took: 0.0014650 seconds
135.513: Application time: 0.0313580 seconds
135.514: [GC [PSYoungGen: 88176K->3056K(97280K)] 97841K->12721K(319488K), 0.0012090 secs] [Times: user=0.00 sys=0.00, real=0.00 secs] 
135.515: Total time for which application threads were stopped: 0.0026080 seconds, Stopping threads took: 0.0013110 seconds
135.523: Application time: 0.0077770 seconds
135.525: Total time for which application threads were stopped: 0.0016030 seconds, Stopping threads took: 0.0015760 seconds
135.629: Application time: 0.1045110 seconds
135.629: Total time for which application threads were stopped: 0.0001560 seconds, Stopping threads took: 0.0001060 seconds
135.700: Application time: 0.0705390 seconds
135.700: Total time for which application threads were stopped: 0.0000510 seconds, Stopping threads took: 0.0000200 seconds
135.709: Application time: 0.0093960 seconds
135.711: [GC [PSYoungGen: 86512K->6480K(97280K)] 96177K->16153K(319488K), 0.0018720 secs] [Times: user=0.01 sys=0.00, real=0.00 secs] 
135.713: Total time for which application threads were stopped: 0.0040610 seconds, Stopping threads took: 0.0021080 seconds
135.793: Application time: 0.0799750 seconds
135.795: [GC [PSYoungGen: 89936K->8096K(97280K)] 99609K->17777K(319488K), 0.0022220 secs] [Times: user=0.01 sys=0.00, real=0.01 secs] 
135.798: Total time for which application threads were stopped: 0.0042670 seconds, Stopping threads took: 0.0019640 seconds
135.880: Application time: 0.0827410 seconds
135.882: [GC [PSYoungGen: 91552K->7808K(97280K)] 101233K->17497K(319488K), 0.0022130 secs] [Times: user=0.02 sys=0.00, real=0.00 secs] 
135.885: Total time for which application threads were stopped: 0.0043940 seconds, Stopping threads took: 0.0020920 seconds
135.963: Application time: 0.0780920 seconds
135.965: [GC [PSYoungGen: 91264K->7152K(97280K)] 100953K->16841K(319488K), 0.0021090 secs] [Times: user=0.01 sys=0.00, real=0.01 secs] 
135.967: Total time for which application threads were stopped: 0.0040280 seconds, Stopping threads took: 0.0018310 seconds
136.054: Application time: 0.0868320 seconds
136.056: [GC [PSYoungGen: 90608K->6656K(97280K)] 100297K->16353K(319488K), 0.0022780 secs] [Times: user=0.01 sys=0.01, real=0.01 secs] 
136.059: Total time for which application threads were stopped: 0.0051120 seconds, Stopping threads took: 0.0027320 seconds
136.145: Application time: 0.0861860 seconds
136.147: [GC [PSYoungGen: 90112K->6352K(97280K)] 99809K->16049K(319488K), 0.0019800 secs] [Times: user=0.01 sys=0.00, real=0.00 secs] 
136.149: Total time for which application threads were stopped: 0.0042720 seconds, Stopping threads took: 0.0022110 seconds
136.202: Application time: 0.0529240 seconds
136.205: Total time for which application threads were stopped: 0.0023010 seconds, Stopping threads took: 0.0022700 seconds
136.205: Application time: 0.0001610 seconds
136.208: Total time for which application threads were stopped: 0.0032910 seconds, Stopping threads took: 0.0032680 seconds
136.225: Application time: 0.0173370 seconds
136.227: Total time for which application threads were stopped: 0.0019400 seconds, Stopping threads took: 0.0019090 seconds
136.243: Application time: 0.0155080 seconds
136.244: [GC [PSYoungGen: 89808K->7104K(97280K)] 99505K->16809K(319488K), 0.0021370 secs] [Times: user=0.02 sys=0.00, real=0.01 secs] 
136.246: Total time for which application threads were stopped: 0.0029950 seconds, Stopping threads took: 0.0007670 seconds
136.323: Application time: 0.0777250 seconds
136.326: [GC [PSYoungGen: 90560K->6560K(97280K)] 100265K->16273K(319488K), 0.0018150 secs] [Times: user=0.01 sys=0.00, real=0.00 secs] 
136.328: Total time for which application threads were stopped: 0.0046800 seconds, Stopping threads took: 0.0027840 seconds
136.406: Application time: 0.0783310 seconds
136.409: [GC [PSYoungGen: 90016K->7904K(97280K)] 99729K->17625K(319488K), 0.0022090 secs] [Times: user=0.02 sys=0.00, real=0.00 secs] 
136.411: Total time for which application threads were stopped: 0.0043750 seconds, Stopping threads took: 0.0020850 seconds
136.492: Application time: 0.0815650 seconds
136.494: [GC [PSYoungGen: 91360K->7344K(97280K)] 101081K->17073K(319488K), 0.0020560 secs] [Times: user=0.02 sys=0.00, real=0.00 secs] 
136.496: Total time for which application threads were stopped: 0.0039130 seconds, Stopping threads took: 0.0017770 seconds
136.580: Application time: 0.0837020 seconds
136.582: [GC [PSYoungGen: 90800K->7600K(97280K)] 100529K->17337K(319488K), 0.0021170 secs] [Times: user=0.02 sys=0.00, real=0.00 secs] 
136.584: Total time for which application threads were stopped: 0.0040610 seconds, Stopping threads took: 0.0018440 seconds
136.668: Application time: 0.0837360 seconds
136.670: [GC [PSYoungGen: 91056K->4752K(97280K)] 100793K->14489K(319488K), 0.0015080 secs] [Times: user=0.01 sys=0.00, real=0.00 secs] 
136.671: Total time for which application threads were stopped: 0.0032220 seconds, Stopping threads took: 0.0016430 seconds
136.745: Application time: 0.0743350 seconds
136.748: [GC [PSYoungGen: 88208K->7328K(97280K)] 97945K->17073K(319488K), 0.0022820 secs] [Times: user=0.01 sys=0.00, real=0.00 secs] 
136.750: Total time for which application threads were stopped: 0.0044860 seconds, Stopping threads took: 0.0021190 seconds
136.824: Application time: 0.0744410 seconds
136.826: [GC [PSYoungGen: 90784K->6368K(97280K)] 100529K->16129K(319488K), 0.0018410 secs] [Times: user=0.02 sys=0.00, real=0.00 secs] 
136.828: Total time for which application threads were stopped: 0.0032960 seconds, Stopping threads took: 0.0013840 seconds
136.905: Application time: 0.0775560 seconds
136.907: [GC [PSYoungGen: 89824K->6784K(97280K)] 99585K->16545K(319488K), 0.0019710 secs] [Times: user=0.00 sys=0.01, real=0.00 secs] 
136.909: Total time for which application threads were stopped: 0.0041640 seconds, Stopping threads took: 0.0020860 seconds
136.984: Application time: 0.0744900 seconds
136.986: [GC [PSYoungGen: 90240K->7040K(97280K)] 100001K->16849K(319488K), 0.0022050 secs] [Times: user=0.01 sys=0.00, real=0.00 secs] 
136.989: Total time for which application threads were stopped: 0.0048190 seconds, Stopping threads took: 0.0025270 seconds
137.065: Application time: 0.0761200 seconds
137.067: [GC [PSYoungGen: 90496K->6624K(97280K)] 100305K->16449K(319488K), 0.0018950 secs] [Times: user=0.02 sys=0.00, real=0.00 secs] 
137.069: Total time for which application threads were stopped: 0.0045190 seconds, Stopping threads took: 0.0025370 seconds
137.148: Application time: 0.0788970 seconds
137.151: [GC [PSYoungGen: 90080K->6352K(97280K)] 99905K->16177K(319488K), 0.0016940 secs] [Times: user=0.02 sys=0.00, real=0.00 secs] 
137.152: Total time for which application threads were stopped: 0.0040990 seconds, Stopping threads took: 0.0023260 seconds
137.232: Application time: 0.0792500 seconds
137.234: [GC [PSYoungGen: 89806K->7136K(97280K)] 99632K->16961K(319488K), 0.0020590 secs] [Times: user=0.01 sys=0.00, real=0.00 secs] 
137.236: Total time for which application threads were stopped: 0.0047560 seconds, Stopping threads took: 0.0026120 seconds
137.311: Application time: 0.0748130 seconds
137.313: [GC [PSYoungGen: 90592K->6320K(97280K)] 100417K->16145K(319488K), 0.0018120 secs] [Times: user=0.02 sys=0.00, real=0.00 secs] 
137.315: Total time for which application threads were stopped: 0.0038820 seconds, Stopping threads took: 0.0019940 seconds
137.389: Application time: 0.0737590 seconds
137.391: [GC [PSYoungGen: 89776K->7936K(97280K)] 99601K->17761K(319488K), 0.0022320 secs] [Times: user=0.01 sys=0.00, real=0.00 secs] 
137.394: Total time for which application threads were stopped: 0.0049060 seconds, Stopping threads took: 0.0025900 seconds
137.469: Application time: 0.0753910 seconds
137.472: [GC [PSYoungGen: 91392K->8320K(97280K)] 101217K->18169K(319488K), 0.0022940 secs] [Times: user=0.02 sys=0.00, real=0.00 secs] 
137.474: Total time for which application threads were stopped: 0.0048810 seconds, Stopping threads took: 0.0025110 seconds
137.553: Application time: 0.0792390 seconds
137.556: [GC [PSYoungGen: 91776K->7936K(97280K)] 101625K->17817K(319488K), 0.0022790 secs] [Times: user=0.01 sys=0.00, real=0.01 secs] 
137.558: Total time for which application threads were stopped: 0.0052340 seconds, Stopping threads took: 0.0028710 seconds
137.635: Application time: 0.0763900 seconds
137.636: [GC [PSYoungGen: 91392K->6672K(97280K)] 101273K->16553K(319488K), 0.0020380 secs] [Times: user=0.01 sys=0.00, real=0.01 secs] 
137.638: Total time for which application threads were stopped: 0.0033270 seconds, Stopping threads took: 0.0012050 seconds
137.713: Application time: 0.0745530 seconds
137.715: [GC [PSYoungGen: 90128K->7424K(97280K)] 100009K->17305K(319488K), 0.0021490 secs] [Times: user=0.01 sys=0.00, real=0.01 secs] 
137.717: Total time for which application threads were stopped: 0.0046200 seconds, Stopping threads took: 0.0023800 seconds
137.792: Application time: 0.0749050 seconds
137.795: [GC [PSYoungGen: 90880K->5568K(97280K)] 100761K->15449K(319488K), 0.0017000 secs] [Times: user=0.01 sys=0.00, real=0.00 secs] 
137.796: Total time for which application threads were stopped: 0.0040650 seconds, Stopping threads took: 0.0022870 seconds
137.874: Application time: 0.0776220 seconds
137.876: [GC [PSYoungGen: 89024K->6352K(97280K)] 98905K->16233K(319488K), 0.0018310 secs] [Times: user=0.01 sys=0.00, real=0.01 secs] 
137.878: Total time for which application threads were stopped: 0.0037950 seconds, Stopping threads took: 0.0018880 seconds
137.952: Application time: 0.0740100 seconds
137.955: [GC [PSYoungGen: 89808K->7168K(97280K)] 99689K->17057K(319488K), 0.0020290 secs] [Times: user=0.02 sys=0.00, real=0.00 secs] 
137.957: Total time for which application threads were stopped: 0.0048000 seconds, Stopping threads took: 0.0026910 seconds
138.033: Application time: 0.0768480 seconds
138.036: [GC [PSYoungGen: 90624K->7616K(97280K)] 100513K->17513K(319488K), 0.0022600 secs] [Times: user=0.01 sys=0.00, real=0.01 secs] 
138.038: Total time for which application threads were stopped: 0.0046990 seconds, Stopping threads took: 0.0023540 seconds
138.112: Application time: 0.0735530 seconds
138.113: [GC [PSYoungGen: 91072K->6144K(97280K)] 100969K->16041K(319488K), 0.0016920 secs] [Times: user=0.01 sys=0.00, real=0.00 secs] 
138.115: Total time for which application threads were stopped: 0.0032670 seconds, Stopping threads took: 0.0014970 seconds
138.190: Application time: 0.0750130 seconds
138.191: [GC [PSYoungGen: 89600K->6512K(97280K)] 99497K->16409K(319488K), 0.0020070 secs] [Times: user=0.02 sys=0.00, real=0.00 secs] 
138.193: Total time for which application threads were stopped: 0.0031330 seconds, Stopping threads took: 0.0010330 seconds
138.266: Application time: 0.0728910 seconds
138.268: [GC [PSYoungGen: 89968K->6080K(97280K)] 99865K->15977K(319488K), 0.0022460 secs] [Times: user=0.01 sys=0.00, real=0.00 secs] 
138.270: Total time for which application threads were stopped: 0.0044120 seconds, Stopping threads took: 0.0020830 seconds
138.345: Application time: 0.0747990 seconds
138.348: [GC [PSYoungGen: 89536K->7488K(97280K)] 99433K->17385K(319488K), 0.0022670 secs] [Times: user=0.01 sys=0.00, real=0.00 secs] 
138.350: Total time for which application threads were stopped: 0.0048980 seconds, Stopping threads took: 0.0025390 seconds
138.426: Application time: 0.0757550 seconds
138.428: [GC [PSYoungGen: 90944K->6640K(97280K)] 100841K->16537K(319488K), 0.0019810 secs] [Times: user=0.01 sys=0.00, real=0.00 secs] 
138.431: Total time for which application threads were stopped: 0.0046270 seconds, Stopping threads took: 0.0025580 seconds
138.506: Application time: 0.0750750 seconds
138.508: [GC [PSYoungGen: 90096K->6928K(97280K)] 99993K->16841K(319488K), 0.0020230 secs] [Times: user=0.01 sys=0.00, real=0.00 secs] 
138.510: Total time for which application threads were stopped: 0.0043370 seconds, Stopping threads took: 0.0022150 seconds
138.587: Application time: 0.0770930 seconds
138.589: [GC [PSYoungGen: 90384K->6400K(97280K)] 100297K->16313K(319488K), 0.0019490 secs] [Times: user=0.02 sys=0.00, real=0.00 secs] 
138.591: Total time for which application threads were stopped: 0.0042330 seconds, Stopping threads took: 0.0021990 seconds
138.664: Application time: 0.0727310 seconds
138.666: [GC [PSYoungGen: 89856K->7168K(97280K)] 99769K->17081K(319488K), 0.0020950 secs] [Times: user=0.02 sys=0.00, real=0.00 secs] 
138.668: Total time for which application threads were stopped: 0.0038620 seconds, Stopping threads took: 0.0016840 seconds
138.743: Application time: 0.0750100 seconds
138.745: [GC [PSYoungGen: 90624K->7360K(97280K)] 100537K->17273K(319488K), 0.0020240 secs] [Times: user=0.01 sys=0.00, real=0.01 secs] 
138.747: Total time for which application threads were stopped: 0.0040950 seconds, Stopping threads took: 0.0019930 seconds
138.823: Application time: 0.0761280 seconds
138.826: [GC [PSYoungGen: 90816K->7328K(97280K)] 100729K->17241K(319488K), 0.0020900 secs] [Times: user=0.02 sys=0.00, real=0.00 secs] 
138.828: Total time for which application threads were stopped: 0.0049420 seconds, Stopping threads took: 0.0027640 seconds
138.905: Application time: 0.0772830 seconds
138.910: [GC [PSYoungGen: 90784K->7792K(97280K)] 100697K->17705K(319488K), 0.0024390 secs] [Times: user=0.01 sys=0.00, real=0.00 secs] 
138.912: Total time for which application threads were stopped: 0.0068490 seconds, Stopping threads took: 0.0043200 seconds
138.992: Application time: 0.0796570 seconds
138.993: [GC [PSYoungGen: 91248K->8240K(97280K)] 101161K->18161K(319488K), 0.0023960 secs] [Times: user=0.02 sys=0.00, real=0.00 secs] 
138.995: Total time for which application threads were stopped: 0.0032370 seconds, Stopping threads took: 0.0007510 seconds
139.070: Application time: 0.0747620 seconds
139.072: [GC [PSYoungGen: 91696K->7776K(97280K)] 101617K->17705K(319488K), 0.0023170 secs] [Times: user=0.02 sys=0.00, real=0.00 secs] 
139.075: Total time for which application threads were stopped: 0.0046990 seconds, Stopping threads took: 0.0022930 seconds
139.150: Application time: 0.0754700 seconds
139.152: [GC [PSYoungGen: 91232K->8400K(97280K)] 101161K->18329K(319488K), 0.0025460 secs] [Times: user=0.02 sys=0.00, real=0.00 secs] 
139.155: Total time for which application threads were stopped: 0.0048220 seconds, Stopping threads took: 0.0021920 seconds
139.228: Application time: 0.0730710 seconds
139.230: [GC [PSYoungGen: 91856K->7232K(97280K)] 101785K->17161K(319488K), 0.0021050 secs] [Times: user=0.01 sys=0.00, real=0.00 secs] 
139.232: Total time for which application threads were stopped: 0.0039790 seconds, Stopping threads took: 0.0018020 seconds
139.309: Application time: 0.0768980 seconds
139.311: [GC [PSYoungGen: 90688K->6544K(97280K)] 100617K->16473K(319488K), 0.0018530 secs] [Times: user=0.01 sys=0.00, real=0.00 secs] 
139.313: Total time for which application threads were stopped: 0.0043600 seconds, Stopping threads took: 0.0024260 seconds
139.387: Application time: 0.0735390 seconds
139.388: [GC [PSYoungGen: 90000K->7056K(97280K)] 99929K->16985K(319488K), 0.0019800 secs] [Times: user=0.01 sys=0.00, real=0.00 secs] 
139.390: Total time for which application threads were stopped: 0.0037710 seconds, Stopping threads took: 0.0017020 seconds
139.467: Application time: 0.0766790 seconds
139.470: [GC [PSYoungGen: 90512K->5664K(97280K)] 100441K->15601K(319488K), 0.0018650 secs] [Times: user=0.01 sys=0.00, real=0.00 secs] 
139.472: Total time for which application threads were stopped: 0.0045810 seconds, Stopping threads took: 0.0026440 seconds
139.546: Application time: 0.0738550 seconds
139.548: [GC [PSYoungGen: 89120K->7136K(97280K)] 99057K->17081K(319488K), 0.0020540 secs] [Times: user=0.01 sys=0.00, real=0.00 secs] 
139.550: Total time for which application threads were stopped: 0.0046210 seconds, Stopping threads took: 0.0024810 seconds
139.624: Application time: 0.0741630 seconds
139.627: [GC [PSYoungGen: 90592K->6992K(97280K)] 100537K->16937K(319488K), 0.0020230 secs] [Times: user=0.01 sys=0.00, real=0.00 secs] 
139.629: Total time for which application threads were stopped: 0.0042640 seconds, Stopping threads took: 0.0021570 seconds
139.703: Application time: 0.0747570 seconds
139.705: [GC [PSYoungGen: 90448K->6416K(97280K)] 100393K->16361K(319488K), 0.0020080 secs] [Times: user=0.00 sys=0.00, real=0.01 secs] 
139.707: Total time for which application threads were stopped: 0.0036960 seconds, Stopping threads took: 0.0016030 seconds
139.783: Application time: 0.0763000 seconds
139.785: [GC [PSYoungGen: 89872K->7648K(97280K)] 99817K->17593K(319488K), 0.0021460 secs] [Times: user=0.01 sys=0.00, real=0.00 secs] 
139.787: Total time for which application threads were stopped: 0.0040180 seconds, Stopping threads took: 0.0017910 seconds
139.863: Application time: 0.0760090 seconds
139.865: [GC [PSYoungGen: 91104K->5904K(97280K)] 101049K->15849K(319488K), 0.0016690 secs] [Times: user=0.01 sys=0.00, real=0.01 secs] 
139.866: Total time for which application threads were stopped: 0.0028020 seconds, Stopping threads took: 0.0010610 seconds
139.946: Application time: 0.0795900 seconds
139.948: [GC [PSYoungGen: 89360K->6976K(97280K)] 99305K->16929K(319488K), 0.0020090 secs] [Times: user=0.01 sys=0.00, real=0.00 secs] 
139.950: Total time for which application threads were stopped: 0.0043870 seconds, Stopping threads took: 0.0022860 seconds
140.026: Application time: 0.0762860 seconds
140.029: [GC [PSYoungGen: 90432K->7440K(97280K)] 100385K->17417K(319488K), 0.0020590 secs] [Times: user=0.01 sys=0.00, real=0.00 secs] 
140.031: Total time for which application threads were stopped: 0.0046250 seconds, Stopping threads took: 0.0024880 seconds
140.108: Application time: 0.0766940 seconds
140.109: [GC [PSYoungGen: 90896K->7136K(97280K)] 100873K->17113K(319488K), 0.0021040 secs] [Times: user=0.01 sys=0.00, real=0.00 secs] 
140.111: Total time for which application threads were stopped: 0.0031290 seconds, Stopping threads took: 0.0009410 seconds
140.186: Application time: 0.0745890 seconds
140.188: [GC [PSYoungGen: 90592K->6624K(97280K)] 100569K->16601K(319488K), 0.0018850 secs] [Times: user=0.01 sys=0.00, real=0.00 secs] 
140.190: Total time for which application threads were stopped: 0.0046700 seconds, Stopping threads took: 0.0027060 seconds
140.266: Application time: 0.0761170 seconds
140.268: [GC [PSYoungGen: 90080K->7184K(97280K)] 100057K->17161K(319488K), 0.0020790 secs] [Times: user=0.01 sys=0.00, real=0.00 secs] 
140.270: Total time for which application threads were stopped: 0.0038790 seconds, Stopping threads took: 0.0017170 seconds
140.345: Application time: 0.0747490 seconds
140.347: [GC [PSYoungGen: 90640K->8208K(97280K)] 100617K->18185K(319488K), 0.0022330 secs] [Times: user=0.01 sys=0.00, real=0.00 secs] 
140.349: Total time for which application threads were stopped: 0.0040670 seconds, Stopping threads took: 0.0017520 seconds
140.425: Application time: 0.0759580 seconds
140.426: [GC [PSYoungGen: 91664K->7728K(97280K)] 101641K->17705K(319488K), 0.0023930 secs] [Times: user=0.02 sys=0.00, real=0.00 secs] 
140.429: Total time for which application threads were stopped: 0.0035290 seconds, Stopping threads took: 0.0010530 seconds
140.504: Application time: 0.0754300 seconds
140.506: [GC [PSYoungGen: 91184K->6848K(97280K)] 101161K->16833K(319488K), 0.0019730 secs] [Times: user=0.01 sys=0.00, real=0.00 secs] 
140.508: Total time for which application threads were stopped: 0.0044980 seconds, Stopping threads took: 0.0024260 seconds
140.587: Application time: 0.0783050 seconds
140.590: [GC [PSYoungGen: 90304K->7376K(97280K)] 100289K->17369K(319488K), 0.0021450 secs] [Times: user=0.01 sys=0.00, real=0.00 secs] 
140.592: Total time for which application threads were stopped: 0.0050400 seconds, Stopping threads took: 0.0028110 seconds
140.667: Application time: 0.0747090 seconds
140.669: [GC [PSYoungGen: 90832K->6944K(97280K)] 100825K->16937K(319488K), 0.0019370 secs] [Times: user=0.01 sys=0.00, real=0.00 secs] 
140.671: Total time for which application threads were stopped: 0.0040570 seconds, Stopping threads took: 0.0020470 seconds
140.751: Application time: 0.0799630 seconds
140.752: [GC [PSYoungGen: 90400K->7504K(97280K)] 100393K->17497K(319488K), 0.0021810 secs] [Times: user=0.01 sys=0.00, real=0.00 secs] 
140.755: Total time for which application threads were stopped: 0.0040190 seconds, Stopping threads took: 0.0017490 seconds
140.835: Application time: 0.0803820 seconds
140.837: [GC [PSYoungGen: 90960K->6400K(97280K)] 100953K->16393K(319488K), 0.0018630 secs] [Times: user=0.02 sys=0.00, real=0.01 secs] 
140.839: Total time for which application threads were stopped: 0.0037100 seconds, Stopping threads took: 0.0017610 seconds
140.922: Application time: 0.0830140 seconds
140.924: [GC [PSYoungGen: 89856K->5216K(97280K)] 99849K->15209K(319488K), 0.0017260 secs] [Times: user=0.00 sys=0.00, real=0.01 secs] 
140.925: Total time for which application threads were stopped: 0.0036630 seconds, Stopping threads took: 0.0018560 seconds
141.005: Application time: 0.0792390 seconds
141.006: [GC [PSYoungGen: 88672K->6912K(97280K)] 98665K->16913K(319488K), 0.0019890 secs] [Times: user=0.01 sys=0.00, real=0.00 secs] 
141.008: Total time for which application threads were stopped: 0.0037940 seconds, Stopping threads took: 0.0017220 seconds
141.090: Application time: 0.0821200 seconds
141.092: [GC [PSYoungGen: 90368K->7856K(97280K)] 100369K->17865K(319488K), 0.0022410 secs] [Times: user=0.02 sys=0.00, real=0.00 secs] 
141.094: Total time for which application threads were stopped: 0.0039840 seconds, Stopping threads took: 0.0016460 seconds
141.173: Application time: 0.0784420 seconds
141.175: [GC [PSYoungGen: 91312K->7056K(97280K)] 101321K->17065K(319488K), 0.0021440 secs] [Times: user=0.01 sys=0.00, real=0.01 secs] 
141.178: Total time for which application threads were stopped: 0.0045790 seconds, Stopping threads took: 0.0023490 seconds
141.257: Application time: 0.0795260 seconds
141.259: [GC [PSYoungGen: 90512K->6640K(97280K)] 100521K->16649K(319488K), 0.0020020 secs] [Times: user=0.01 sys=0.00, real=0.00 secs] 
141.261: Total time for which application threads were stopped: 0.0037080 seconds, Stopping threads took: 0.0016220 seconds
141.342: Application time: 0.0817260 seconds
141.345: [GC [PSYoungGen: 90096K->7440K(97280K)] 100105K->17449K(319488K), 0.0022310 secs] [Times: user=0.01 sys=0.00, real=0.01 secs] 
141.347: Total time for which application threads were stopped: 0.0043660 seconds, Stopping threads took: 0.0020460 seconds
141.427: Application time: 0.0799530 seconds
141.429: [GC [PSYoungGen: 90896K->6832K(97280K)] 100905K->16841K(319488K), 0.0020950 secs] [Times: user=0.01 sys=0.00, real=0.00 secs] 
141.431: Total time for which application threads were stopped: 0.0040300 seconds, Stopping threads took: 0.0018500 seconds
141.508: Application time: 0.0772230 seconds
141.511: [GC [PSYoungGen: 90288K->7456K(97280K)] 100297K->17473K(319488K), 0.0021660 secs] [Times: user=0.01 sys=0.00, real=0.00 secs] 
141.513: Total time for which application threads were stopped: 0.0048950 seconds, Stopping threads took: 0.0026450 seconds
141.594: Application time: 0.0813610 seconds
141.596: [GC [PSYoungGen: 90912K->7056K(97280K)] 100929K->17081K(319488K), 0.0020550 secs] [Times: user=0.02 sys=0.00, real=0.01 secs] 
141.599: Total time for which application threads were stopped: 0.0042690 seconds, Stopping threads took: 0.0021190 seconds
141.677: Application time: 0.0788710 seconds
141.681: [GC [PSYoungGen: 90512K->7616K(97280K)] 100537K->17641K(319488K), 0.0022230 secs] [Times: user=0.02 sys=0.00, real=0.00 secs] 
141.683: Total time for which application threads were stopped: 0.0054060 seconds, Stopping threads took: 0.0030940 seconds
141.762: Application time: 0.0790610 seconds
141.765: [GC [PSYoungGen: 91072K->6880K(97280K)] 101097K->16905K(319488K), 0.0019540 secs] [Times: user=0.02 sys=0.00, real=0.00 secs] 
141.767: Total time for which application threads were stopped: 0.0052660 seconds, Stopping threads took: 0.0032290 seconds
141.847: Application time: 0.0796750 seconds
141.850: [GC [PSYoungGen: 90336K->7632K(97280K)] 100361K->17657K(319488K), 0.0021570 secs] [Times: user=0.01 sys=0.00, real=0.00 secs] 
141.852: Total time for which application threads were stopped: 0.0050700 seconds, Stopping threads took: 0.0028320 seconds
141.934: Application time: 0.0823230 seconds
141.936: [GC [PSYoungGen: 91088K->6112K(97280K)] 101113K->16137K(319488K), 0.0018210 secs] [Times: user=0.01 sys=0.00, real=0.01 secs] 
141.938: Total time for which application threads were stopped: 0.0035440 seconds, Stopping threads took: 0.0016410 seconds
142.014: Application time: 0.0759830 seconds
142.015: [GC [PSYoungGen: 89568K->6672K(97280K)] 99593K->16705K(319488K), 0.0019470 secs] [Times: user=0.01 sys=0.01, real=0.01 secs] 
142.017: Total time for which application threads were stopped: 0.0035400 seconds, Stopping threads took: 0.0015140 seconds
142.103: Application time: 0.0859140 seconds
142.104: [GC [PSYoungGen: 90128K->5552K(97280K)] 100161K->15593K(319488K), 0.0016870 secs] [Times: user=0.01 sys=0.00, real=0.01 secs] 
142.106: Total time for which application threads were stopped: 0.0024370 seconds, Stopping threads took: 0.0006590 seconds
142.186: Application time: 0.0799860 seconds
142.188: [GC [PSYoungGen: 89008K->6672K(97280K)] 99049K->16713K(319488K), 0.0019530 secs] [Times: user=0.02 sys=0.00, real=0.00 secs] 
142.190: Total time for which application threads were stopped: 0.0043970 seconds, Stopping threads took: 0.0023650 seconds
142.269: Application time: 0.0786900 seconds
142.271: [GC [PSYoungGen: 90128K->6800K(97280K)] 100169K->16841K(319488K), 0.0020590 secs] [Times: user=0.02 sys=0.00, real=0.00 secs] 
142.273: Total time for which application threads were stopped: 0.0042710 seconds, Stopping threads took: 0.0021270 seconds
142.354: Application time: 0.0807430 seconds
142.357: [GC [PSYoungGen: 90256K->6608K(97280K)] 100297K->16649K(319488K), 0.0017880 secs] [Times: user=0.01 sys=0.00, real=0.01 secs] 
142.359: Total time for which application threads were stopped: 0.0048420 seconds, Stopping threads took: 0.0029730 seconds
142.442: Application time: 0.0831050 seconds
142.444: [GC [PSYoungGen: 90064K->6592K(97280K)] 100105K->16633K(319488K), 0.0020070 secs] [Times: user=0.01 sys=0.00, real=0.01 secs] 
142.446: Total time for which application threads were stopped: 0.0045900 seconds, Stopping threads took: 0.0024910 seconds
142.524: Application time: 0.0781090 seconds
142.527: [GC [PSYoungGen: 90048K->6160K(97280K)] 100089K->16209K(319488K), 0.0017820 secs] [Times: user=0.01 sys=0.00, real=0.00 secs] 
142.529: Total time for which application threads were stopped: 0.0045620 seconds, Stopping threads took: 0.0026940 seconds
142.611: Application time: 0.0817470 seconds
142.612: [GC [PSYoungGen: 89616K->6080K(97280K)] 99665K->16137K(319488K), 0.0017960 secs] [Times: user=0.01 sys=0.00, real=0.00 secs] 
142.614: Total time for which application threads were stopped: 0.0035130 seconds, Stopping threads took: 0.0016270 seconds
142.692: Application time: 0.0779160 seconds
142.695: [GC [PSYoungGen: 89536K->7760K(97280K)] 99593K->17817K(319488K), 0.0022760 secs] [Times: user=0.02 sys=0.00, real=0.01 secs] 
142.698: Total time for which application threads were stopped: 0.0054460 seconds, Stopping threads took: 0.0030830 seconds
142.775: Application time: 0.0773270 seconds
142.777: [GC [PSYoungGen: 91216K->8176K(97280K)] 101273K->18233K(319488K), 0.0023990 secs] [Times: user=0.02 sys=0.00, real=0.01 secs] 
142.780: Total time for which application threads were stopped: 0.0045530 seconds, Stopping threads took: 0.0020530 seconds
142.858: Application time: 0.0787480 seconds
142.860: [GC [PSYoungGen: 91632K->7152K(97280K)] 101689K->17209K(319488K), 0.0021200 secs] [Times: user=0.01 sys=0.00, real=0.00 secs] 
142.863: Total time for which application threads were stopped: 0.0042560 seconds, Stopping threads took: 0.0020460 seconds
142.942: Application time: 0.0797100 seconds
142.943: [GC [PSYoungGen: 90608K->6832K(97280K)] 100665K->16889K(319488K), 0.0020210 secs] [Times: user=0.02 sys=0.00, real=0.01 secs] 
142.946: Total time for which application threads were stopped: 0.0032670 seconds, Stopping threads took: 0.0011590 seconds
143.024: Application time: 0.0782300 seconds
143.026: [GC [PSYoungGen: 90288K->6800K(97280K)] 100345K->16857K(319488K), 0.0021880 secs] [Times: user=0.01 sys=0.00, real=0.00 secs] 
143.029: Total time for which application threads were stopped: 0.0048870 seconds, Stopping threads took: 0.0026090 seconds
143.111: Application time: 0.0818550 seconds
143.112: [GC [PSYoungGen: 90256K->7024K(97280K)] 100313K->17089K(319488K), 0.0021440 secs] [Times: user=0.02 sys=0.00, real=0.00 secs] 
143.114: Total time for which application threads were stopped: 0.0035160 seconds, Stopping threads took: 0.0012880 seconds
143.193: Application time: 0.0792230 seconds
143.196: [GC [PSYoungGen: 90480K->7344K(97280K)] 100545K->17409K(319488K), 0.0020160 secs] [Times: user=0.02 sys=0.00, real=0.01 secs] 
143.198: Total time for which application threads were stopped: 0.0048130 seconds, Stopping threads took: 0.0027120 seconds
143.279: Application time: 0.0805650 seconds
143.280: [GC [PSYoungGen: 90800K->6240K(97280K)] 100865K->16305K(319488K), 0.0019050 secs] [Times: user=0.01 sys=0.00, real=0.00 secs] 
143.282: Total time for which application threads were stopped: 0.0034900 seconds, Stopping threads took: 0.0015000 seconds
143.363: Application time: 0.0813540 seconds
143.365: [GC [PSYoungGen: 89696K->6784K(97280K)] 99761K->16849K(319488K), 0.0019420 secs] [Times: user=0.02 sys=0.00, real=0.00 secs] 
143.367: Total time for which application threads were stopped: 0.0036540 seconds, Stopping threads took: 0.0016350 seconds
143.446: Application time: 0.0793490 seconds
143.448: [GC [PSYoungGen: 90240K->6448K(97280K)] 100305K->16513K(319488K), 0.0019060 secs] [Times: user=0.01 sys=0.00, real=0.00 secs] 
143.450: Total time for which application threads were stopped: 0.0038800 seconds, Stopping threads took: 0.0018900 seconds
143.532: Application time: 0.0812930 seconds
143.534: [GC [PSYoungGen: 89904K->6592K(97280K)] 99969K->16657K(319488K), 0.0019220 secs] [Times: user=0.01 sys=0.00, real=0.00 secs] 
143.536: Total time for which application threads were stopped: 0.0040730 seconds, Stopping threads took: 0.0020710 seconds
143.618: Application time: 0.0823190 seconds
143.621: [GC [PSYoungGen: 90048K->6720K(97280K)] 100113K->16793K(319488K), 0.0019740 secs] [Times: user=0.01 sys=0.00, real=0.00 secs] 
143.623: Total time for which application threads were stopped: 0.0051470 seconds, Stopping threads took: 0.0030850 seconds
143.705: Application time: 0.0819460 seconds
143.707: [GC [PSYoungGen: 90176K->4544K(97280K)] 100249K->14625K(319488K), 0.0014040 secs] [Times: user=0.01 sys=0.00, real=0.00 secs] 
143.708: Total time for which application threads were stopped: 0.0029000 seconds, Stopping threads took: 0.0014160 seconds
143.791: Application time: 0.0829320 seconds
143.793: [GC [PSYoungGen: 88000K->6720K(97280K)] 98081K->16801K(319488K), 0.0019670 secs] [Times: user=0.01 sys=0.00, real=0.00 secs] 
143.795: Total time for which application threads were stopped: 0.0042450 seconds, Stopping threads took: 0.0021940 seconds
143.874: Application time: 0.0789940 seconds
143.877: [GC [PSYoungGen: 90176K->7840K(97280K)] 100257K->17921K(319488K), 0.0023180 secs] [Times: user=0.02 sys=0.00, real=0.01 secs] 
143.879: Total time for which application threads were stopped: 0.0051740 seconds, Stopping threads took: 0.0027700 seconds
143.962: Application time: 0.0826080 seconds
143.964: [GC [PSYoungGen: 91296K->7872K(97280K)] 101377K->17953K(319488K), 0.0024980 secs] [Times: user=0.01 sys=0.00, real=0.01 secs] 
143.966: Total time for which application threads were stopped: 0.0042820 seconds, Stopping threads took: 0.0016970 seconds
144.044: Application time: 0.0772190 seconds
144.046: [GC [PSYoungGen: 91328K->7472K(97280K)] 101409K->17553K(319488K), 0.0020980 secs] [Times: user=0.01 sys=0.00, real=0.00 secs] 
144.049: Total time for which application threads were stopped: 0.0049820 seconds, Stopping threads took: 0.0028080 seconds
144.130: Application time: 0.0815870 seconds
144.133: [GC [PSYoungGen: 90928K->6928K(97280K)] 101009K->17017K(319488K), 0.0021060 secs] [Times: user=0.02 sys=0.00, real=0.00 secs] 
144.135: Total time for which application threads were stopped: 0.0047090 seconds, Stopping threads took: 0.0025120 seconds
144.214: Application time: 0.0788140 seconds
144.217: [GC [PSYoungGen: 90384K->7520K(97280K)] 100473K->17617K(319488K), 0.0021360 secs] [Times: user=0.01 sys=0.00, real=0.01 secs] 
144.219: Total time for which application threads were stopped: 0.0052620 seconds, Stopping threads took: 0.0030290 seconds
144.298: Application time: 0.0786320 seconds
144.300: [GC [PSYoungGen: 90976K->7952K(97280K)] 101073K->18049K(319488K), 0.0022320 secs] [Times: user=0.01 sys=0.00, real=0.00 secs] 
144.302: Total time for which application threads were stopped: 0.0047640 seconds, Stopping threads took: 0.0024470 seconds
144.382: Application time: 0.0800500 seconds
144.386: [GC [PSYoungGen: 91408K->7728K(97280K)] 101505K->17825K(319488K), 0.0022310 secs] [Times: user=0.02 sys=0.00, real=0.00 secs] 
144.388: Total time for which application threads were stopped: 0.0054680 seconds, Stopping threads took: 0.0031550 seconds
144.470: Application time: 0.0825310 seconds
144.473: [GC [PSYoungGen: 91184K->6000K(97280K)] 101281K->16097K(319488K), 0.0020710 secs] [Times: user=0.01 sys=0.00, real=0.00 secs] 
144.475: Total time for which application threads were stopped: 0.0043640 seconds, Stopping threads took: 0.0022080 seconds
144.555: Application time: 0.0798900 seconds
144.558: [GC [PSYoungGen: 89456K->7168K(97280K)] 99553K->17265K(319488K), 0.0021600 secs] [Times: user=0.01 sys=0.00, real=0.00 secs] 
144.560: Total time for which application threads were stopped: 0.0051020 seconds, Stopping threads took: 0.0028570 seconds
144.641: Application time: 0.0814980 seconds
144.644: [GC [PSYoungGen: 90624K->7632K(97280K)] 100721K->17737K(319488K), 0.0022880 secs] [Times: user=0.02 sys=0.00, real=0.01 secs] 
144.647: Total time for which application threads were stopped: 0.0054600 seconds, Stopping threads took: 0.0030650 seconds
144.722: Application time: 0.0753870 seconds
144.725: [GC [PSYoungGen: 91088K->7456K(97280K)] 101193K->17569K(319488K), 0.0020350 secs] [Times: user=0.01 sys=0.00, real=0.01 secs] 
144.727: Total time for which application threads were stopped: 0.0045240 seconds, Stopping threads took: 0.0024100 seconds
144.805: Application time: 0.0782880 seconds
144.808: [GC [PSYoungGen: 90912K->6240K(97280K)] 101025K->16353K(319488K), 0.0017750 secs] [Times: user=0.01 sys=0.00, real=0.00 secs] 
144.810: Total time for which application threads were stopped: 0.0047500 seconds, Stopping threads took: 0.0028960 seconds
144.883: Application time: 0.0730170 seconds
144.885: [GC [PSYoungGen: 89696K->7936K(97280K)] 99809K->18049K(319488K), 0.0021370 secs] [Times: user=0.02 sys=0.00, real=0.00 secs] 
144.887: Total time for which application threads were stopped: 0.0048220 seconds, Stopping threads took: 0.0026080 seconds
144.964: Application time: 0.0761630 seconds
144.966: [GC [PSYoungGen: 91392K->7104K(97280K)] 101505K->17217K(319488K), 0.0020790 secs] [Times: user=0.01 sys=0.00, real=0.00 secs] 
144.968: Total time for which application threads were stopped: 0.0043540 seconds, Stopping threads took: 0.0021940 seconds
145.040: Application time: 0.0719270 seconds
145.043: [GC [PSYoungGen: 90560K->7424K(97280K)] 100673K->17537K(319488K), 0.0021120 secs] [Times: user=0.02 sys=0.00, real=0.00 secs] 
145.045: Total time for which application threads were stopped: 0.0049970 seconds, Stopping threads took: 0.0028010 seconds
145.120: Application time: 0.0746160 seconds
145.122: [GC [PSYoungGen: 90880K->6688K(97280K)] 100993K->16809K(319488K), 0.0018820 secs] [Times: user=0.02 sys=0.00, real=0.00 secs] 
145.124: Total time for which application threads were stopped: 0.0040410 seconds, Stopping threads took: 0.0020740 seconds
145.196: Application time: 0.0723960 seconds
145.197: [GC [PSYoungGen: 90144K->7600K(97280K)] 100265K->17729K(319488K), 0.0020950 secs] [Times: user=0.01 sys=0.00, real=0.00 secs] 
145.200: Total time for which application threads were stopped: 0.0036090 seconds, Stopping threads took: 0.0014360 seconds
145.277: Application time: 0.0774310 seconds
145.280: [GC [PSYoungGen: 91056K->8208K(97280K)] 101185K->18337K(319488K), 0.0023770 secs] [Times: user=0.01 sys=0.00, real=0.00 secs] 
145.282: Total time for which application threads were stopped: 0.0052720 seconds, Stopping threads took: 0.0028030 seconds
145.358: Application time: 0.0755150 seconds
145.361: [GC [PSYoungGen: 91664K->6576K(97280K)] 101793K->16705K(319488K), 0.0017900 secs] [Times: user=0.01 sys=0.00, real=0.00 secs] 
145.362: Total time for which application threads were stopped: 0.0045430 seconds, Stopping threads took: 0.0026770 seconds
145.439: Application time: 0.0762240 seconds
145.441: [GC [PSYoungGen: 90032K->7568K(97280K)] 100161K->17697K(319488K), 0.0022330 secs] [Times: user=0.01 sys=0.00, real=0.00 secs] 
145.444: Total time for which application threads were stopped: 0.0049460 seconds, Stopping threads took: 0.0026280 seconds
145.517: Application time: 0.0737160 seconds
145.519: [GC [PSYoungGen: 91024K->7312K(97280K)] 101153K->17441K(319488K), 0.0021260 secs] [Times: user=0.01 sys=0.00, real=0.00 secs] 
145.521: Total time for which application threads were stopped: 0.0040470 seconds, Stopping threads took: 0.0018380 seconds
145.604: Application time: 0.0828690 seconds
145.607: [GC [PSYoungGen: 90768K->5040K(97280K)] 100897K->15177K(319488K), 0.0014590 secs] [Times: user=0.01 sys=0.00, real=0.00 secs] 
145.609: Total time for which application threads were stopped: 0.0044930 seconds, Stopping threads took: 0.0029600 seconds
145.688: Application time: 0.0792090 seconds
145.690: [GC [PSYoungGen: 88496K->6240K(97280K)] 98633K->16385K(319488K), 0.0017460 secs] [Times: user=0.02 sys=0.00, real=0.00 secs] 
145.692: Total time for which application threads were stopped: 0.0040190 seconds, Stopping threads took: 0.0022020 seconds
145.770: Application time: 0.0776880 seconds
145.772: [GC [PSYoungGen: 89696K->7680K(97280K)] 99841K->17825K(319488K), 0.0022230 secs] [Times: user=0.02 sys=0.00, real=0.00 secs] 
145.775: Total time for which application threads were stopped: 0.0050040 seconds, Stopping threads took: 0.0026740 seconds
145.848: Application time: 0.0738860 seconds
145.851: [GC [PSYoungGen: 91136K->7392K(97280K)] 101281K->17537K(319488K), 0.0020810 secs] [Times: user=0.01 sys=0.00, real=0.00 secs] 
145.853: Total time for which application threads were stopped: 0.0045290 seconds, Stopping threads took: 0.0023560 seconds
145.928: Application time: 0.0747800 seconds
145.931: [GC [PSYoungGen: 90848K->6352K(97280K)] 100993K->16497K(319488K), 0.0018080 secs] [Times: user=0.01 sys=0.00, real=0.00 secs] 
145.933: Total time for which application threads were stopped: 0.0048630 seconds, Stopping threads took: 0.0029740 seconds
146.005: Application time: 0.0727130 seconds
146.008: [GC [PSYoungGen: 89808K->6496K(97280K)] 99953K->16641K(319488K), 0.0018880 secs] [Times: user=0.02 sys=0.00, real=0.00 secs] 
146.010: Total time for which application threads were stopped: 0.0041200 seconds, Stopping threads took: 0.0021480 seconds
146.086: Application time: 0.0763000 seconds
146.089: [GC [PSYoungGen: 89952K->6576K(97280K)] 100097K->16721K(319488K), 0.0018870 secs] [Times: user=0.01 sys=0.00, real=0.00 secs] 
146.090: Total time for which application threads were stopped: 0.0046730 seconds, Stopping threads took: 0.0026970 seconds
146.162: Application time: 0.0720170 seconds
146.165: [GC [PSYoungGen: 90032K->7104K(97280K)] 100177K->17257K(319488K), 0.0020430 secs] [Times: user=0.01 sys=0.00, real=0.01 secs] 
146.167: Total time for which application threads were stopped: 0.0045150 seconds, Stopping threads took: 0.0023800 seconds
146.241: Application time: 0.0740140 seconds
146.244: [GC [PSYoungGen: 90560K->7472K(97280K)] 100713K->17633K(319488K), 0.0020810 secs] [Times: user=0.02 sys=0.00, real=0.01 secs] 
146.246: Total time for which application threads were stopped: 0.0050930 seconds, Stopping threads took: 0.0029280 seconds
146.319: Application time: 0.0725400 seconds
146.321: [GC [PSYoungGen: 90928K->7824K(97280K)] 101089K->17985K(319488K), 0.0021700 secs] [Times: user=0.01 sys=0.00, real=0.00 secs] 
146.323: Total time for which application threads were stopped: 0.0047600 seconds, Stopping threads took: 0.0025160 seconds
146.401: Application time: 0.0772380 seconds
146.403: [GC [PSYoungGen: 91280K->6480K(97280K)] 101441K->16641K(319488K), 0.0018070 secs] [Times: user=0.01 sys=0.00, real=0.00 secs] 
146.405: Total time for which application threads were stopped: 0.0039170 seconds, Stopping threads took: 0.0020230 seconds
146.478: Application time: 0.0738020 seconds
146.481: [GC [PSYoungGen: 89936K->5840K(97280K)] 100097K->16001K(319488K), 0.0016390 secs] [Times: user=0.02 sys=0.00, real=0.00 secs] 
146.482: Total time for which application threads were stopped: 0.0038220 seconds, Stopping threads took: 0.0021030 seconds
146.558: Application time: 0.0759560 seconds
146.560: [GC [PSYoungGen: 89296K->7440K(97280K)] 99457K->17601K(319488K), 0.0022640 secs] [Times: user=0.02 sys=0.00, real=0.00 secs] 
146.563: Total time for which application threads were stopped: 0.0045790 seconds, Stopping threads took: 0.0022220 seconds
146.636: Application time: 0.0728860 seconds
146.637: [GC [PSYoungGen: 90896K->6496K(97280K)] 101057K->16665K(319488K), 0.0018400 secs] [Times: user=0.01 sys=0.00, real=0.00 secs] 
146.639: Total time for which application threads were stopped: 0.0035760 seconds, Stopping threads took: 0.0016570 seconds
146.714: Application time: 0.0744660 seconds
146.715: [GC [PSYoungGen: 89952K->6560K(97280K)] 100121K->16737K(319488K), 0.0018590 secs] [Times: user=0.01 sys=0.00, real=0.01 secs] 
146.717: Total time for which application threads were stopped: 0.0036010 seconds, Stopping threads took: 0.0016630 seconds
146.792: Application time: 0.0744400 seconds
146.794: [GC [PSYoungGen: 90016K->6976K(97280K)] 100193K->17153K(319488K), 0.0020080 secs] [Times: user=0.02 sys=0.00, real=0.00 secs] 
146.796: Total time for which application threads were stopped: 0.0045590 seconds, Stopping threads took: 0.0024680 seconds
146.871: Application time: 0.0745860 seconds
146.873: [GC [PSYoungGen: 90432K->6816K(97280K)] 100609K->16993K(319488K), 0.0019910 secs] [Times: user=0.01 sys=0.00, real=0.00 secs] 
146.875: Total time for which application threads were stopped: 0.0044160 seconds, Stopping threads took: 0.0023420 seconds
146.949: Application time: 0.0737520 seconds
146.950: [GC [PSYoungGen: 90272K->6608K(97280K)] 100449K->16785K(319488K), 0.0019630 secs] [Times: user=0.01 sys=0.00, real=0.00 secs] 
146.952: Total time for which application threads were stopped: 0.0031500 seconds, Stopping threads took: 0.0011010 seconds
147.029: Application time: 0.0767610 seconds
147.031: [GC [PSYoungGen: 90064K->6464K(97280K)] 100241K->16641K(319488K), 0.0019830 secs] [Times: user=0.01 sys=0.00, real=0.00 secs] 
147.033: Total time for which application threads were stopped: 0.0035630 seconds, Stopping threads took: 0.0015020 seconds
147.107: Application time: 0.0748200 seconds
147.110: [GC [PSYoungGen: 89920K->6960K(97280K)] 100097K->17145K(319488K), 0.0019400 secs] [Times: user=0.01 sys=0.00, real=0.00 secs] 
147.112: Total time for which application threads were stopped: 0.0046750 seconds, Stopping threads took: 0.0026580 seconds
147.195: Application time: 0.0827400 seconds
147.196: [GC [PSYoungGen: 90416K->4608K(97280K)] 100601K->14801K(319488K), 0.0014870 secs] [Times: user=0.01 sys=0.00, real=0.01 secs] 
147.198: Total time for which application threads were stopped: 0.0028450 seconds, Stopping threads took: 0.0012870 seconds
147.277: Application time: 0.0791490 seconds
147.279: [GC [PSYoungGen: 88064K->6720K(97280K)] 98257K->16913K(319488K), 0.0020570 secs] [Times: user=0.01 sys=0.00, real=0.00 secs] 
147.281: Total time for which application threads were stopped: 0.0044930 seconds, Stopping threads took: 0.0023540 seconds
147.359: Application time: 0.0777820 seconds
147.362: [GC [PSYoungGen: 90176K->7600K(97280K)] 100369K->17793K(319488K), 0.0021940 secs] [Times: user=0.02 sys=0.00, real=0.00 secs] 
147.364: Total time for which application threads were stopped: 0.0050620 seconds, Stopping threads took: 0.0027820 seconds
147.438: Application time: 0.0741680 seconds
147.439: [GC [PSYoungGen: 91056K->6048K(97280K)] 101249K->16241K(319488K), 0.0018010 secs] [Times: user=0.02 sys=0.00, real=0.00 secs] 
147.441: Total time for which application threads were stopped: 0.0028660 seconds, Stopping threads took: 0.0009890 seconds
147.518: Application time: 0.0772360 seconds
147.521: [GC [PSYoungGen: 89504K->7552K(97280K)] 99697K->17745K(319488K), 0.0022010 secs] [Times: user=0.02 sys=0.00, real=0.00 secs] 
147.524: Total time for which application threads were stopped: 0.0052530 seconds, Stopping threads took: 0.0029590 seconds
147.598: Application time: 0.0746540 seconds
147.600: [GC [PSYoungGen: 91008K->7280K(97280K)] 101201K->17481K(319488K), 0.0020330 secs] [Times: user=0.01 sys=0.00, real=0.00 secs] 
147.602: Total time for which application threads were stopped: 0.0041490 seconds, Stopping threads took: 0.0020340 seconds
147.679: Application time: 0.0761130 seconds
147.681: [GC [PSYoungGen: 90736K->7968K(97280K)] 100937K->18177K(319488K), 0.0024240 secs] [Times: user=0.02 sys=0.00, real=0.00 secs] 
147.684: Total time for which application threads were stopped: 0.0052820 seconds, Stopping threads took: 0.0027680 seconds
147.757: Application time: 0.0726540 seconds
147.759: [GC [PSYoungGen: 91424K->6608K(97280K)] 101633K->16817K(319488K), 0.0018840 secs] [Times: user=0.02 sys=0.00, real=0.00 secs] 
147.761: Total time for which application threads were stopped: 0.0039950 seconds, Stopping threads took: 0.0020260 seconds
147.837: Application time: 0.0768900 seconds
147.839: [GC [PSYoungGen: 90064K->6176K(97280K)] 100273K->16385K(319488K), 0.0017510 secs] [Times: user=0.01 sys=0.00, real=0.00 secs] 
147.841: Total time for which application threads were stopped: 0.0034020 seconds, Stopping threads took: 0.0015750 seconds
147.916: Application time: 0.0753380 seconds
147.918: [GC [PSYoungGen: 89632K->7456K(97280K)] 99841K->17665K(319488K), 0.0021690 secs] [Times: user=0.02 sys=0.00, real=0.00 secs] 
147.920: Total time for which application threads were stopped: 0.0039250 seconds, Stopping threads took: 0.0016740 seconds
147.997: Application time: 0.0764360 seconds
147.998: [GC [PSYoungGen: 90912K->6768K(97280K)] 101121K->16977K(319488K), 0.0019370 secs] [Times: user=0.01 sys=0.00, real=0.00 secs] 
148.000: Total time for which application threads were stopped: 0.0035270 seconds, Stopping threads took: 0.0015090 seconds
148.075: Application time: 0.0750250 seconds
148.077: [GC [PSYoungGen: 90224K->7552K(97280K)] 100433K->17785K(319488K), 0.0022960 secs] [Times: user=0.01 sys=0.00, real=0.01 secs] 
148.079: Total time for which application threads were stopped: 0.0040990 seconds, Stopping threads took: 0.0017100 seconds
148.157: Application time: 0.0775590 seconds
148.158: [GC [PSYoungGen: 91008K->6560K(97280K)] 101241K->16801K(319488K), 0.0021190 secs] [Times: user=0.01 sys=0.00, real=0.00 secs] 
148.160: Total time for which application threads were stopped: 0.0036800 seconds, Stopping threads took: 0.0014780 seconds
148.234: Application time: 0.0731920 seconds
148.237: [GC [PSYoungGen: 90016K->6912K(97280K)] 100257K->17169K(319488K), 0.0020860 secs] [Times: user=0.01 sys=0.00, real=0.01 secs] 
148.239: Total time for which application threads were stopped: 0.0051760 seconds, Stopping threads took: 0.0030000 seconds
148.315: Application time: 0.0757180 seconds
148.317: [GC [PSYoungGen: 90368K->6896K(97280K)] 100625K->17153K(319488K), 0.0019660 secs] [Times: user=0.01 sys=0.00, real=0.01 secs] 
148.319: Total time for which application threads were stopped: 0.0041110 seconds, Stopping threads took: 0.0020610 seconds
148.391: Application time: 0.0724980 seconds
148.393: [GC [PSYoungGen: 90352K->6224K(97280K)] 100609K->16481K(319488K), 0.0017980 secs] [Times: user=0.01 sys=0.00, real=0.00 secs] 
148.395: Total time for which application threads were stopped: 0.0041730 seconds, Stopping threads took: 0.0023020 seconds
148.476: Application time: 0.0802560 seconds
148.477: [GC [PSYoungGen: 89680K->6432K(97280K)] 99937K->16689K(319488K), 0.0019510 secs] [Times: user=0.02 sys=0.00, real=0.00 secs] 
148.479: Total time for which application threads were stopped: 0.0035730 seconds, Stopping threads took: 0.0015410 seconds
148.552: Application time: 0.0729210 seconds
148.554: [GC [PSYoungGen: 89888K->7888K(97280K)] 100145K->18161K(319488K), 0.0021580 secs] [Times: user=0.01 sys=0.00, real=0.00 secs] 
148.556: Total time for which application threads were stopped: 0.0043040 seconds, Stopping threads took: 0.0020680 seconds
148.634: Application time: 0.0772280 seconds
148.636: [GC [PSYoungGen: 91344K->6352K(97280K)] 101617K->16633K(319488K), 0.0018230 secs] [Times: user=0.01 sys=0.01, real=0.01 secs] 
148.637: Total time for which application threads were stopped: 0.0037990 seconds, Stopping threads took: 0.0018840 seconds
148.711: Application time: 0.0738910 seconds
148.713: [GC [PSYoungGen: 89808K->7728K(97280K)] 100089K->18017K(319488K), 0.0021030 secs] [Times: user=0.02 sys=0.00, real=0.00 secs] 
148.715: Total time for which application threads were stopped: 0.0040040 seconds, Stopping threads took: 0.0018210 seconds
148.800: Application time: 0.0843070 seconds
148.801: [GC [PSYoungGen: 91184K->7472K(97280K)] 101473K->17761K(319488K), 0.0021390 secs] [Times: user=0.01 sys=0.00, real=0.00 secs] 
148.803: Total time for which application threads were stopped: 0.0036360 seconds, Stopping threads took: 0.0014100 seconds
148.885: Application time: 0.0818170 seconds
148.887: [GC [PSYoungGen: 90928K->6720K(97280K)] 101217K->17009K(319488K), 0.0018870 secs] [Times: user=0.01 sys=0.01, real=0.00 secs] 
148.889: Total time for which application threads were stopped: 0.0037090 seconds, Stopping threads took: 0.0017420 seconds
148.972: Application time: 0.0836500 seconds
148.975: [GC [PSYoungGen: 90176K->6336K(97280K)] 100465K->16625K(319488K), 0.0018270 secs] [Times: user=0.01 sys=0.00, real=0.00 secs] 
148.977: Total time for which application threads were stopped: 0.0045400 seconds, Stopping threads took: 0.0026320 seconds
149.056: Application time: 0.0791470 seconds
149.059: [GC [PSYoungGen: 89792K->7264K(97280K)] 100081K->17553K(319488K), 0.0021210 secs] [Times: user=0.02 sys=0.00, real=0.00 secs] 
149.061: Total time for which application threads were stopped: 0.0050140 seconds, Stopping threads took: 0.0027990 seconds
149.140: Application time: 0.0788120 seconds
149.142: [GC [PSYoungGen: 90720K->6944K(97280K)] 101009K->17249K(319488K), 0.0019930 secs] [Times: user=0.01 sys=0.00, real=0.00 secs] 
149.145: Total time for which application threads were stopped: 0.0045660 seconds, Stopping threads took: 0.0024740 seconds
149.224: Application time: 0.0792610 seconds
149.227: [GC [PSYoungGen: 90400K->6576K(97280K)] 100705K->16897K(319488K), 0.0018730 secs] [Times: user=0.01 sys=0.00, real=0.00 secs] 
149.229: Total time for which application threads were stopped: 0.0050550 seconds, Stopping threads took: 0.0031040 seconds
149.311: Application time: 0.0817690 seconds
149.313: [GC [PSYoungGen: 90032K->6976K(97280K)] 100353K->17297K(319488K), 0.0019390 secs] [Times: user=0.01 sys=0.00, real=0.00 secs] 
149.315: Total time for which application threads were stopped: 0.0042080 seconds, Stopping threads took: 0.0021880 seconds
149.393: Application time: 0.0786430 seconds
149.396: [GC [PSYoungGen: 90432K->7424K(97280K)] 100753K->17745K(319488K), 0.0020770 secs] [Times: user=0.01 sys=0.00, real=0.01 secs] 
149.398: Total time for which application threads were stopped: 0.0045440 seconds, Stopping threads took: 0.0023850 seconds
149.477: Application time: 0.0793940 seconds
149.480: [GC [PSYoungGen: 90880K->8336K(97280K)] 101201K->18657K(319488K), 0.0024460 secs] [Times: user=0.02 sys=0.00, real=0.00 secs] 
149.483: Total time for which application threads were stopped: 0.0053840 seconds, Stopping threads took: 0.0028490 seconds
149.562: Application time: 0.0796230 seconds
149.565: [GC [PSYoungGen: 91792K->7552K(97280K)] 102113K->17873K(319488K), 0.0021880 secs] [Times: user=0.01 sys=0.01, real=0.01 secs] 
149.567: Total time for which application threads were stopped: 0.0047330 seconds, Stopping threads took: 0.0024590 seconds
149.649: Application time: 0.0820300 seconds
149.652: [GC [PSYoungGen: 91008K->6496K(97280K)] 101329K->16825K(319488K), 0.0018760 secs] [Times: user=0.02 sys=0.00, real=0.00 secs] 
149.654: Total time for which application threads were stopped: 0.0045420 seconds, Stopping threads took: 0.0025700 seconds
149.732: Application time: 0.0782300 seconds
149.734: [GC [PSYoungGen: 89952K->6336K(97280K)] 100281K->16681K(319488K), 0.0018750 secs] [Times: user=0.01 sys=0.00, real=0.00 secs] 
149.735: Total time for which application threads were stopped: 0.0034860 seconds, Stopping threads took: 0.0015330 seconds
149.816: Application time: 0.0803860 seconds
149.818: [GC [PSYoungGen: 89792K->6016K(97280K)] 100137K->16361K(319488K), 0.0018040 secs] [Times: user=0.01 sys=0.00, real=0.00 secs] 
149.820: Total time for which application threads were stopped: 0.0042090 seconds, Stopping threads took: 0.0023030 seconds
149.897: Application time: 0.0768710 seconds
149.899: [GC [PSYoungGen: 89472K->6848K(97280K)] 99817K->17193K(319488K), 0.0021060 secs] [Times: user=0.01 sys=0.00, real=0.00 secs] 
149.901: Total time for which application threads were stopped: 0.0043660 seconds, Stopping threads took: 0.0021850 seconds
149.983: Application time: 0.0818250 seconds
149.986: [GC [PSYoungGen: 90304K->7680K(97280K)] 100649K->18025K(319488K), 0.0022020 secs] [Times: user=0.01 sys=0.00, real=0.00 secs] 
149.988: Total time for which application threads were stopped: 0.0051700 seconds, Stopping threads took: 0.0028780 seconds
150.067: Application time: 0.0789370 seconds
150.070: [GC [PSYoungGen: 91136K->6576K(97280K)] 101481K->16921K(319488K), 0.0019920 secs] [Times: user=0.02 sys=0.00, real=0.00 secs] 
150.072: Total time for which application threads were stopped: 0.0049230 seconds, Stopping threads took: 0.0028550 seconds
150.156: Application time: 0.0839650 seconds
150.159: [GC [PSYoungGen: 90032K->7024K(97280K)] 100377K->17377K(319488K), 0.0020110 secs] [Times: user=0.01 sys=0.00, real=0.00 secs] 
150.161: Total time for which application threads were stopped: 0.0052280 seconds, Stopping threads took: 0.0031220 seconds
150.239: Application time: 0.0773370 seconds
150.242: [GC [PSYoungGen: 90480K->6960K(97280K)] 100833K->17321K(319488K), 0.0019350 secs] [Times: user=0.02 sys=0.00, real=0.00 secs] 
150.244: Total time for which application threads were stopped: 0.0048580 seconds, Stopping threads took: 0.0028390 seconds
150.324: Application time: 0.0808410 seconds
150.327: [GC [PSYoungGen: 90416K->6416K(97280K)] 100777K->16777K(319488K), 0.0019920 secs] [Times: user=0.01 sys=0.00, real=0.00 secs] 
150.329: Total time for which application threads were stopped: 0.0041570 seconds, Stopping threads took: 0.0020790 seconds
150.407: Application time: 0.0781680 seconds
150.409: [GC [PSYoungGen: 89872K->8032K(97280K)] 100233K->18393K(319488K), 0.0022280 secs] [Times: user=0.02 sys=0.00, real=0.00 secs] 
150.411: Total time for which application threads were stopped: 0.0041570 seconds, Stopping threads took: 0.0018450 seconds
150.492: Application time: 0.0807160 seconds
150.494: [GC [PSYoungGen: 91488K->6640K(97280K)] 101849K->17001K(319488K), 0.0019040 secs] [Times: user=0.01 sys=0.00, real=0.00 secs] 
150.496: Total time for which application threads were stopped: 0.0046080 seconds, Stopping threads took: 0.0026090 seconds
150.574: Application time: 0.0777340 seconds
150.577: [GC [PSYoungGen: 90096K->7136K(97280K)] 100457K->17497K(319488K), 0.0020760 secs] [Times: user=0.02 sys=0.00, real=0.01 secs] 
150.579: Total time for which application threads were stopped: 0.0048380 seconds, Stopping threads took: 0.0026740 seconds
150.658: Application time: 0.0790790 seconds
150.661: [GC [PSYoungGen: 90592K->7344K(97280K)] 100953K->17721K(319488K), 0.0021450 secs] [Times: user=0.02 sys=0.00, real=0.00 secs] 
150.663: Total time for which application threads were stopped: 0.0048530 seconds, Stopping threads took: 0.0026090 seconds
150.741: Application time: 0.0784050 seconds
150.743: [GC [PSYoungGen: 90800K->7456K(97280K)] 101177K->17857K(319488K), 0.0021220 secs] [Times: user=0.02 sys=0.00, real=0.00 secs] 
150.745: Total time for which application threads were stopped: 0.0038570 seconds, Stopping threads took: 0.0016520 seconds
150.825: Application time: 0.0801700 seconds
150.827: [GC [PSYoungGen: 90912K->6288K(97280K)] 101313K->16697K(319488K), 0.0018230 secs] [Times: user=0.02 sys=0.00, real=0.00 secs] 
150.828: Total time for which application threads were stopped: 0.0032430 seconds, Stopping threads took: 0.0013400 seconds
150.906: Application time: 0.0780100 seconds
150.909: [GC [PSYoungGen: 89744K->6368K(97280K)] 100153K->16777K(319488K), 0.0019480 secs] [Times: user=0.01 sys=0.00, real=0.00 secs] 
150.911: Total time for which application threads were stopped: 0.0042600 seconds, Stopping threads took: 0.0022260 seconds
150.990: Application time: 0.0792470 seconds
150.991: [GC [PSYoungGen: 89824K->6848K(97280K)] 100233K->17257K(319488K), 0.0019380 secs] [Times: user=0.01 sys=0.00, real=0.00 secs] 
150.993: Total time for which application threads were stopped: 0.0032910 seconds, Stopping threads took: 0.0012680 seconds
151.073: Application time: 0.0802610 seconds
151.076: [GC [PSYoungGen: 90304K->6928K(97280K)] 100713K->17337K(319488K), 0.0020110 secs] [Times: user=0.02 sys=0.00, real=0.01 secs] 
151.078: Total time for which application threads were stopped: 0.0048250 seconds, Stopping threads took: 0.0027290 seconds
151.160: Application time: 0.0813780 seconds
151.162: [GC [PSYoungGen: 90384K->7040K(97280K)] 100793K->17457K(319488K), 0.0022840 secs] [Times: user=0.01 sys=0.00, real=0.00 secs] 
151.164: Total time for which application threads were stopped: 0.0044020 seconds, Stopping threads took: 0.0020050 seconds
151.241: Application time: 0.0770610 seconds
151.244: [GC [PSYoungGen: 90496K->7424K(97280K)] 100913K->17857K(319488K), 0.0021460 secs] [Times: user=0.01 sys=0.00, real=0.01 secs] 
151.246: Total time for which application threads were stopped: 0.0046070 seconds, Stopping threads took: 0.0023690 seconds
151.325: Application time: 0.0796190 seconds
151.328: [GC [PSYoungGen: 90880K->8064K(97280K)] 101313K->18505K(319488K), 0.0023990 secs] [Times: user=0.01 sys=0.00, real=0.00 secs] 
151.330: Total time for which application threads were stopped: 0.0047760 seconds, Stopping threads took: 0.0022660 seconds
151.410: Application time: 0.0802660 seconds
151.412: [GC [PSYoungGen: 91520K->7744K(97280K)] 101961K->18185K(319488K), 0.0021440 secs] [Times: user=0.01 sys=0.00, real=0.00 secs] 
151.415: Total time for which application threads were stopped: 0.0042230 seconds, Stopping threads took: 0.0019960 seconds
151.498: Application time: 0.0831070 seconds
151.499: [GC [PSYoungGen: 91200K->6784K(97280K)] 101641K->17225K(319488K), 0.0020260 secs] [Times: user=0.01 sys=0.01, real=0.00 secs] 
151.501: Total time for which application threads were stopped: 0.0036440 seconds, Stopping threads took: 0.0015330 seconds
151.582: Application time: 0.0803230 seconds
151.585: [GC [PSYoungGen: 90240K->5648K(97280K)] 100681K->16089K(319488K), 0.0015900 secs] [Times: user=0.01 sys=0.00, real=0.01 secs] 
151.586: Total time for which application threads were stopped: 0.0046930 seconds, Stopping threads took: 0.0030240 seconds
151.669: Application time: 0.0826350 seconds
151.671: [GC [PSYoungGen: 89104K->6000K(97280K)] 99545K->16441K(319488K), 0.0018170 secs] [Times: user=0.01 sys=0.00, real=0.00 secs] 
151.673: Total time for which application threads were stopped: 0.0037400 seconds, Stopping threads took: 0.0018380 seconds
151.753: Application time: 0.0800730 seconds
151.754: [GC [PSYoungGen: 89454K->7616K(97280K)] 99895K->18065K(319488K), 0.0022070 secs] [Times: user=0.02 sys=0.00, real=0.00 secs] 
151.756: Total time for which application threads were stopped: 0.0031260 seconds, Stopping threads took: 0.0008290 seconds
151.836: Application time: 0.0801180 seconds
151.838: [GC [PSYoungGen: 91072K->7456K(97280K)] 101521K->17913K(319488K), 0.0021860 secs] [Times: user=0.01 sys=0.00, real=0.00 secs] 
151.841: Total time for which application threads were stopped: 0.0044740 seconds, Stopping threads took: 0.0022030 seconds
151.919: Application time: 0.0781040 seconds
151.920: [GC [PSYoungGen: 90912K->6112K(97280K)] 101369K->16569K(319488K), 0.0017720 secs] [Times: user=0.01 sys=0.00, real=0.00 secs] 
151.922: Total time for which application threads were stopped: 0.0034120 seconds, Stopping threads took: 0.0015550 seconds
152.001: Application time: 0.0789640 seconds
152.004: [GC [PSYoungGen: 89568K->6576K(97280K)] 100025K->17033K(319488K), 0.0019810 secs] [Times: user=0.01 sys=0.00, real=0.01 secs] 
152.006: Total time for which application threads were stopped: 0.0048290 seconds, Stopping threads took: 0.0027700 seconds
152.087: Application time: 0.0809130 seconds
152.090: [GC [PSYoungGen: 90032K->6624K(97280K)] 100489K->17081K(319488K), 0.0017890 secs] [Times: user=0.02 sys=0.00, real=0.00 secs] 
152.092: Total time for which application threads were stopped: 0.0050350 seconds, Stopping threads took: 0.0031650 seconds
152.172: Application time: 0.0800540 seconds
152.175: [GC [PSYoungGen: 90080K->6992K(97280K)] 100537K->17449K(319488K), 0.0020220 secs] [Times: user=0.02 sys=0.00, real=0.00 secs] 
152.177: Total time for which application threads were stopped: 0.0048200 seconds, Stopping threads took: 0.0026850 seconds
152.258: Application time: 0.0809080 seconds
152.260: [GC [PSYoungGen: 90448K->6368K(97280K)] 100905K->16849K(319488K), 0.0018640 secs] [Times: user=0.01 sys=0.00, real=0.00 secs] 
152.262: Total time for which application threads were stopped: 0.0044250 seconds, Stopping threads took: 0.0024750 seconds
152.344: Application time: 0.0815280 seconds
152.345: [GC [PSYoungGen: 89824K->6064K(97280K)] 100305K->16553K(319488K), 0.0018790 secs] [Times: user=0.01 sys=0.00, real=0.01 secs] 
152.347: Total time for which application threads were stopped: 0.0029090 seconds, Stopping threads took: 0.0009520 seconds
152.424: Application time: 0.0776790 seconds
152.426: [GC [PSYoungGen: 89520K->6048K(97280K)] 100009K->16537K(319488K), 0.0017990 secs] [Times: user=0.01 sys=0.00, real=0.00 secs] 
152.428: Total time for which application threads were stopped: 0.0033700 seconds, Stopping threads took: 0.0014940 seconds
152.507: Application time: 0.0798400 seconds
152.510: [GC [PSYoungGen: 89504K->6432K(97280K)] 99993K->16921K(319488K), 0.0018630 secs] [Times: user=0.01 sys=0.00, real=0.00 secs] 
152.511: Total time for which application threads were stopped: 0.0040210 seconds, Stopping threads took: 0.0020580 seconds
152.589: Application time: 0.0774380 seconds
152.591: [GC [PSYoungGen: 89888K->7360K(97280K)] 100377K->17849K(319488K), 0.0021890 secs] [Times: user=0.02 sys=0.00, real=0.00 secs] 
152.593: Total time for which application threads were stopped: 0.0045470 seconds, Stopping threads took: 0.0022660 seconds
152.674: Application time: 0.0808210 seconds
152.677: [GC [PSYoungGen: 90816K->7600K(97280K)] 101305K->18089K(319488K), 0.0022340 secs] [Times: user=0.02 sys=0.00, real=0.01 secs] 
152.679: Total time for which application threads were stopped: 0.0048210 seconds, Stopping threads took: 0.0024870 seconds
152.755: Application time: 0.0756830 seconds
152.757: [GC [PSYoungGen: 91056K->6304K(97280K)] 101545K->16801K(319488K), 0.0018350 secs] [Times: user=0.02 sys=0.00, real=0.01 secs] 
152.758: Total time for which application threads were stopped: 0.0036830 seconds, Stopping threads took: 0.0017610 seconds
152.833: Application time: 0.0741150 seconds
152.835: [GC [PSYoungGen: 89760K->7584K(97280K)] 100257K->18097K(319488K), 0.0021790 secs] [Times: user=0.01 sys=0.00, real=0.01 secs] 
152.837: Total time for which application threads were stopped: 0.0046360 seconds, Stopping threads took: 0.0023680 seconds
152.910: Application time: 0.0729600 seconds
152.912: [GC [PSYoungGen: 91040K->7520K(97280K)] 101553K->18033K(319488K), 0.0022860 secs] [Times: user=0.01 sys=0.00, real=0.00 secs] 
152.915: Total time for which application threads were stopped: 0.0046300 seconds, Stopping threads took: 0.0022620 seconds
152.990: Application time: 0.0753810 seconds
152.993: [GC [PSYoungGen: 90976K->8032K(97280K)] 101489K->18545K(319488K), 0.0022450 secs] [Times: user=0.02 sys=0.00, real=0.00 secs] 
152.995: Total time for which application threads were stopped: 0.0052440 seconds, Stopping threads took: 0.0029150 seconds
153.070: Application time: 0.0745030 seconds
153.073: [GC [PSYoungGen: 91488K->6000K(97280K)] 102001K->16513K(319488K), 0.0017550 secs] [Times: user=0.01 sys=0.00, real=0.00 secs] 
153.075: Total time for which application threads were stopped: 0.0046260 seconds, Stopping threads took: 0.0027890 seconds
153.150: Application time: 0.0751600 seconds
153.151: [GC [PSYoungGen: 89456K->5440K(97280K)] 99969K->15953K(319488K), 0.0015260 secs] [Times: user=0.01 sys=0.00, real=0.00 secs] 
153.153: Total time for which application threads were stopped: 0.0031130 seconds, Stopping threads took: 0.0015160 seconds
153.230: Application time: 0.0767800 seconds
153.232: [GC [PSYoungGen: 88896K->7712K(97280K)] 99409K->18233K(319488K), 0.0022330 secs] [Times: user=0.02 sys=0.00, real=0.00 secs] 
153.234: Total time for which application threads were stopped: 0.0043790 seconds, Stopping threads took: 0.0020560 seconds
153.308: Application time: 0.0744430 seconds
153.311: [GC [PSYoungGen: 91168K->7488K(97280K)] 101689K->18017K(319488K), 0.0021390 secs] [Times: user=0.01 sys=0.00, real=0.00 secs] 
153.313: Total time for which application threads were stopped: 0.0045750 seconds, Stopping threads took: 0.0023530 seconds
153.388: Application time: 0.0745630 seconds
153.389: [GC [PSYoungGen: 90944K->5168K(97280K)] 101473K->15705K(319488K), 0.0014660 secs] [Times: user=0.01 sys=0.00, real=0.00 secs] 
153.391: Total time for which application threads were stopped: 0.0030960 seconds, Stopping threads took: 0.0015530 seconds
153.467: Application time: 0.0763980 seconds
153.468: [GC [PSYoungGen: 88624K->5984K(97280K)] 99161K->16521K(319488K), 0.0017170 secs] [Times: user=0.01 sys=0.00, real=0.00 secs] 
153.470: Total time for which application threads were stopped: 0.0031080 seconds, Stopping threads took: 0.0013140 seconds
153.543: Application time: 0.0725640 seconds
153.545: [GC [PSYoungGen: 89440K->7184K(97280K)] 99977K->17721K(319488K), 0.0019080 secs] [Times: user=0.02 sys=0.00, real=0.01 secs] 
153.547: Total time for which application threads were stopped: 0.0041380 seconds, Stopping threads took: 0.0021520 seconds
153.627: Application time: 0.0801690 seconds
153.630: [GC [PSYoungGen: 90640K->7712K(97280K)] 101177K->18249K(319488K), 0.0021360 secs] [Times: user=0.01 sys=0.00, real=0.00 secs] 
153.632: Total time for which application threads were stopped: 0.0046010 seconds, Stopping threads took: 0.0023850 seconds
153.707: Application time: 0.0751910 seconds
153.710: [GC [PSYoungGen: 91168K->7568K(97280K)] 101705K->18113K(319488K), 0.0022030 secs] [Times: user=0.02 sys=0.00, real=0.00 secs] 
153.712: Total time for which application threads were stopped: 0.0049330 seconds, Stopping threads took: 0.0026490 seconds
153.788: Application time: 0.0760160 seconds
153.790: [GC [PSYoungGen: 91024K->6848K(97280K)] 101569K->17401K(319488K), 0.0019520 secs] [Times: user=0.01 sys=0.00, real=0.00 secs] 
153.792: Total time for which application threads were stopped: 0.0039730 seconds, Stopping threads took: 0.0019190 seconds
153.862: Application time: 0.0703180 seconds
153.864: [GC [PSYoungGen: 90304K->7424K(97280K)] 100857K->17985K(319488K), 0.0020190 secs] [Times: user=0.01 sys=0.00, real=0.01 secs] 
153.866: Total time for which application threads were stopped: 0.0038560 seconds, Stopping threads took: 0.0017590 seconds
153.946: Application time: 0.0802600 seconds
153.949: [GC [PSYoungGen: 90880K->7792K(97280K)] 101441K->18353K(319488K), 0.0023190 secs] [Times: user=0.01 sys=0.00, real=0.00 secs] 
153.951: Total time for which application threads were stopped: 0.0050190 seconds, Stopping threads took: 0.0026130 seconds
154.024: Application time: 0.0727910 seconds
154.026: [GC [PSYoungGen: 91248K->6864K(97280K)] 101809K->17425K(319488K), 0.0019760 secs] [Times: user=0.01 sys=0.00, real=0.00 secs] 
154.028: Total time for which application threads were stopped: 0.0042920 seconds, Stopping threads took: 0.0022360 seconds
154.104: Application time: 0.0754830 seconds
154.106: [GC [PSYoungGen: 90320K->7840K(97280K)] 100881K->18401K(319488K), 0.0023160 secs] [Times: user=0.01 sys=0.00, real=0.00 secs] 
154.109: Total time for which application threads were stopped: 0.0049210 seconds, Stopping threads took: 0.0025170 seconds
154.183: Application time: 0.0743140 seconds
154.187: [GC [PSYoungGen: 91296K->7200K(97280K)] 101857K->17761K(319488K), 0.0021160 secs] [Times: user=0.02 sys=0.00, real=0.00 secs] 
154.189: Total time for which application threads were stopped: 0.0057660 seconds, Stopping threads took: 0.0035570 seconds
154.266: Application time: 0.0772140 seconds
154.268: [GC [PSYoungGen: 90654K->7152K(97280K)] 101216K->17721K(319488K), 0.0021530 secs] [Times: user=0.02 sys=0.00, real=0.00 secs] 
154.270: Total time for which application threads were stopped: 0.0041970 seconds, Stopping threads took: 0.0019630 seconds
154.345: Application time: 0.0752100 seconds
154.347: [GC [PSYoungGen: 90608K->5536K(97280K)] 101177K->16121K(319488K), 0.0016390 secs] [Times: user=0.02 sys=0.00, real=0.00 secs] 
154.349: Total time for which application threads were stopped: 0.0032450 seconds, Stopping threads took: 0.0015220 seconds
154.428: Application time: 0.0792480 seconds
154.430: [GC [PSYoungGen: 88992K->6112K(97280K)] 99577K->16697K(319488K), 0.0018010 secs] [Times: user=0.01 sys=0.00, real=0.00 secs] 
154.432: Total time for which application threads were stopped: 0.0038730 seconds, Stopping threads took: 0.0019980 seconds
154.508: Application time: 0.0761860 seconds
154.510: [GC [PSYoungGen: 89568K->6832K(97280K)] 100153K->17417K(319488K), 0.0021050 secs] [Times: user=0.02 sys=0.00, real=0.00 secs] 
154.512: Total time for which application threads were stopped: 0.0037950 seconds, Stopping threads took: 0.0016090 seconds
154.588: Application time: 0.0757760 seconds
154.589: [GC [PSYoungGen: 90288K->5792K(97280K)] 100873K->16377K(319488K), 0.0016110 secs] [Times: user=0.01 sys=0.00, real=0.00 secs] 
154.591: Total time for which application threads were stopped: 0.0032860 seconds, Stopping threads took: 0.0016050 seconds
154.665: Application time: 0.0743730 seconds
154.668: [GC [PSYoungGen: 89248K->6592K(97280K)] 99833K->17177K(319488K), 0.0019450 secs] [Times: user=0.01 sys=0.00, real=0.00 secs] 
154.670: Total time for which application threads were stopped: 0.0043720 seconds, Stopping threads took: 0.0023410 seconds
154.747: Application time: 0.0771210 seconds
154.750: [GC [PSYoungGen: 90048K->6304K(97280K)] 100633K->16897K(319488K), 0.0017630 secs] [Times: user=0.01 sys=0.00, real=0.00 secs] 
154.751: Total time for which application threads were stopped: 0.0046970 seconds, Stopping threads took: 0.0028470 seconds
154.824: Application time: 0.0723100 seconds
154.826: [GC [PSYoungGen: 89760K->6928K(97280K)] 100353K->17529K(319488K), 0.0018840 secs] [Times: user=0.01 sys=0.00, real=0.00 secs] 
154.828: Total time for which application threads were stopped: 0.0039030 seconds, Stopping threads took: 0.0019490 seconds
154.906: Application time: 0.0784020 seconds
154.908: [GC [PSYoungGen: 90384K->7520K(97280K)] 100985K->18121K(319488K), 0.0021750 secs] [Times: user=0.01 sys=0.00, real=0.00 secs] 
154.911: Total time for which application threads were stopped: 0.0044620 seconds, Stopping threads took: 0.0021870 seconds
154.985: Application time: 0.0740970 seconds
154.989: [GC [PSYoungGen: 90976K->6768K(97280K)] 101577K->17369K(319488K), 0.0019110 secs] [Times: user=0.00 sys=0.00, real=0.00 secs] 
154.991: Total time for which application threads were stopped: 0.0065540 seconds, Stopping threads took: 0.0045660 seconds
155.068: Application time: 0.0764980 seconds
155.069: [GC [PSYoungGen: 90224K->5504K(97280K)] 100825K->16105K(319488K), 0.0016770 secs] [Times: user=0.00 sys=0.01, real=0.00 secs] 
155.071: Total time for which application threads were stopped: 0.0030950 seconds, Stopping threads took: 0.0013350 seconds
155.142: Application time: 0.0711060 seconds
155.145: [GC [PSYoungGen: 88960K->7920K(97280K)] 99561K->18521K(319488K), 0.0022190 secs] [Times: user=0.02 sys=0.00, real=0.01 secs] 
155.147: Total time for which application threads were stopped: 0.0049070 seconds, Stopping threads took: 0.0026020 seconds
155.221: Application time: 0.0744120 seconds
155.224: [GC [PSYoungGen: 91376K->7440K(97280K)] 101977K->18049K(319488K), 0.0021760 secs] [Times: user=0.02 sys=0.00, real=0.01 secs] 
155.226: Total time for which application threads were stopped: 0.0046260 seconds, Stopping threads took: 0.0023630 seconds
155.302: Application time: 0.0756740 seconds
155.303: [GC [PSYoungGen: 90896K->5840K(97280K)] 101505K->16457K(319488K), 0.0018140 secs] [Times: user=0.00 sys=0.00, real=0.01 secs] 
155.305: Total time for which application threads were stopped: 0.0037240 seconds, Stopping threads took: 0.0018320 seconds
155.382: Application time: 0.0764000 seconds
155.383: [GC [PSYoungGen: 89296K->6432K(97280K)] 99913K->17057K(319488K), 0.0018730 secs] [Times: user=0.01 sys=0.00, real=0.00 secs] 
155.385: Total time for which application threads were stopped: 0.0033690 seconds, Stopping threads took: 0.0014090 seconds
155.460: Application time: 0.0750760 seconds
155.463: [GC [PSYoungGen: 89888K->8336K(97280K)] 100513K->18961K(319488K), 0.0025100 secs] [Times: user=0.01 sys=0.00, real=0.01 secs] 
155.466: Total time for which application threads were stopped: 0.0054780 seconds, Stopping threads took: 0.0028720 seconds
155.546: Application time: 0.0799610 seconds
155.548: [GC [PSYoungGen: 91792K->6272K(97280K)] 102417K->16897K(319488K), 0.0017450 secs] [Times: user=0.01 sys=0.00, real=0.00 secs] 
155.549: Total time for which application threads were stopped: 0.0037610 seconds, Stopping threads took: 0.0019380 seconds
155.623: Application time: 0.0735640 seconds
155.624: [GC [PSYoungGen: 89728K->7360K(97280K)] 100353K->17985K(319488K), 0.0021590 secs] [Times: user=0.02 sys=0.00, real=0.01 secs] 
155.627: Total time for which application threads were stopped: 0.0037420 seconds, Stopping threads took: 0.0014990 seconds
155.703: Application time: 0.0768020 seconds
155.706: [GC [PSYoungGen: 90816K->6624K(97280K)] 101441K->17257K(319488K), 0.0019900 secs] [Times: user=0.01 sys=0.00, real=0.00 secs] 
155.708: Total time for which application threads were stopped: 0.0045070 seconds, Stopping threads took: 0.0024330 seconds
155.783: Application time: 0.0755460 seconds
155.786: [GC [PSYoungGen: 90080K->6288K(97280K)] 100713K->16929K(319488K), 0.0018750 secs] [Times: user=0.02 sys=0.00, real=0.00 secs] 
155.788: Total time for which application threads were stopped: 0.0046170 seconds, Stopping threads took: 0.0026670 seconds
155.863: Application time: 0.0752760 seconds
155.866: [GC [PSYoungGen: 89744K->6576K(97280K)] 100385K->17225K(319488K), 0.0018910 secs] [Times: user=0.01 sys=0.00, real=0.00 secs] 
155.868: Total time for which application threads were stopped: 0.0046600 seconds, Stopping threads took: 0.0026880 seconds
155.943: Application time: 0.0752660 seconds
155.946: [GC [PSYoungGen: 90032K->7312K(97280K)] 100681K->17961K(319488K), 0.0020940 secs] [Times: user=0.01 sys=0.00, real=0.00 secs] 
155.948: Total time for which application threads were stopped: 0.0046570 seconds, Stopping threads took: 0.0024680 seconds
156.024: Application time: 0.0759660 seconds
156.026: [GC [PSYoungGen: 90768K->6224K(97280K)] 101417K->16873K(319488K), 0.0019570 secs] [Times: user=0.01 sys=0.00, real=0.00 secs] 
156.028: Total time for which application threads were stopped: 0.0035860 seconds, Stopping threads took: 0.0015390 seconds
156.100: Application time: 0.0722470 seconds
156.101: [GC [PSYoungGen: 89680K->7728K(97280K)] 100329K->18377K(319488K), 0.0022820 secs] [Times: user=0.02 sys=0.00, real=0.00 secs] 
156.104: Total time for which application threads were stopped: 0.0040250 seconds, Stopping threads took: 0.0016580 seconds
156.180: Application time: 0.0761640 seconds
156.182: [GC [PSYoungGen: 91184K->8304K(97280K)] 101833K->18953K(319488K), 0.0023230 secs] [Times: user=0.02 sys=0.00, real=0.00 secs] 
156.185: Total time for which application threads were stopped: 0.0049000 seconds, Stopping threads took: 0.0024940 seconds
156.260: Application time: 0.0749950 seconds
156.262: [GC [PSYoungGen: 91760K->6560K(97280K)] 102409K->17217K(319488K), 0.0018340 secs] [Times: user=0.01 sys=0.00, real=0.00 secs] 
156.264: Total time for which application threads were stopped: 0.0039360 seconds, Stopping threads took: 0.0020290 seconds
156.339: Application time: 0.0752110 seconds
156.341: [GC [PSYoungGen: 90016K->7312K(97280K)] 100673K->17977K(319488K), 0.0021450 secs] [Times: user=0.01 sys=0.00, real=0.00 secs] 
156.343: Total time for which application threads were stopped: 0.0041590 seconds, Stopping threads took: 0.0019270 seconds
156.417: Application time: 0.0737380 seconds
156.419: [GC [PSYoungGen: 90768K->8048K(97280K)] 101433K->18713K(319488K), 0.0023460 secs] [Times: user=0.02 sys=0.00, real=0.00 secs] 
156.422: Total time for which application threads were stopped: 0.0048600 seconds, Stopping threads took: 0.0024310 seconds
156.497: Application time: 0.0752430 seconds
156.499: [GC [PSYoungGen: 91504K->7536K(97280K)] 102169K->18201K(319488K), 0.0021830 secs] [Times: user=0.01 sys=0.00, real=0.00 secs] 
156.501: Total time for which application threads were stopped: 0.0038900 seconds, Stopping threads took: 0.0016200 seconds
156.577: Application time: 0.0763390 seconds
156.579: [GC [PSYoungGen: 90992K->4720K(97280K)] 101657K->15385K(319488K), 0.0013700 secs] [Times: user=0.01 sys=0.00, real=0.00 secs] 
156.581: Total time for which application threads were stopped: 0.0035060 seconds, Stopping threads took: 0.0020590 seconds
156.659: Application time: 0.0781800 seconds
156.661: [GC [PSYoungGen: 88176K->6624K(97280K)] 98841K->17289K(319488K), 0.0019370 secs] [Times: user=0.01 sys=0.00, real=0.00 secs] 
156.663: Total time for which application threads were stopped: 0.0039220 seconds, Stopping threads took: 0.0018990 seconds
156.740: Application time: 0.0766770 seconds
156.741: [GC [PSYoungGen: 90080K->6688K(97280K)] 100745K->17361K(319488K), 0.0018700 secs] [Times: user=0.02 sys=0.00, real=0.00 secs] 
156.743: Total time for which application threads were stopped: 0.0029980 seconds, Stopping threads took: 0.0010540 seconds
156.826: Application time: 0.0836040 seconds
156.829: [GC [PSYoungGen: 90144K->7200K(97280K)] 100817K->17897K(319488K), 0.0021090 secs] [Times: user=0.01 sys=0.00, real=0.00 secs] 
156.831: Total time for which application threads were stopped: 0.0051040 seconds, Stopping threads took: 0.0029010 seconds
156.915: Application time: 0.0832460 seconds
156.915: [GC [PSYoungGen: 90656K->5008K(97280K)] 101353K->15705K(319488K), 0.0015050 secs] [Times: user=0.01 sys=0.00, real=0.00 secs] 
156.917: Total time for which application threads were stopped: 0.0022060 seconds, Stopping threads took: 0.0006250 seconds
156.997: Application time: 0.0807460 seconds
157.000: [GC [PSYoungGen: 88464K->5360K(97280K)] 99161K->16057K(319488K), 0.0015630 secs] [Times: user=0.01 sys=0.00, real=0.00 secs] 
157.002: Total time for which application threads were stopped: 0.0042950 seconds, Stopping threads took: 0.0026480 seconds
157.078: Application time: 0.0765370 seconds
157.081: [GC [PSYoungGen: 88816K->7728K(97280K)] 99513K->18425K(319488K), 0.0022520 secs] [Times: user=0.02 sys=0.00, real=0.00 secs] 
157.083: Total time for which application threads were stopped: 0.0046220 seconds, Stopping threads took: 0.0022730 seconds
157.167: Application time: 0.0845660 seconds
157.170: [GC [PSYoungGen: 91184K->8016K(97280K)] 101881K->18713K(319488K), 0.0022030 secs] [Times: user=0.01 sys=0.00, real=0.00 secs] 
157.172: Total time for which application threads were stopped: 0.0045020 seconds, Stopping threads took: 0.0022210 seconds
157.252: Application time: 0.0800470 seconds
157.255: [GC [PSYoungGen: 91472K->7360K(97280K)] 102169K->18065K(319488K), 0.0021210 secs] [Times: user=0.02 sys=0.00, real=0.00 secs] 
157.257: Total time for which application threads were stopped: 0.0046670 seconds, Stopping threads took: 0.0024570 seconds
157.338: Application time: 0.0814020 seconds
157.339: [GC [PSYoungGen: 90816K->5648K(97280K)] 101521K->16361K(319488K), 0.0016890 secs] [Times: user=0.01 sys=0.00, real=0.00 secs] 
157.341: Total time for which application threads were stopped: 0.0029770 seconds, Stopping threads took: 0.0011990 seconds
157.420: Application time: 0.0789870 seconds
157.422: [GC [PSYoungGen: 89104K->6288K(97280K)] 99817K->17017K(319488K), 0.0018290 secs] [Times: user=0.02 sys=0.00, real=0.00 secs] 
157.424: Total time for which application threads were stopped: 0.0039090 seconds, Stopping threads took: 0.0020100 seconds
157.506: Application time: 0.0820980 seconds
157.508: [GC [PSYoungGen: 89744K->7632K(97280K)] 100473K->18361K(319488K), 0.0021710 secs] [Times: user=0.02 sys=0.00, real=0.00 secs] 
157.510: Total time for which application threads were stopped: 0.0043660 seconds, Stopping threads took: 0.0021040 seconds
157.589: Application time: 0.0784430 seconds
157.590: [GC [PSYoungGen: 91088K->6976K(97280K)] 101817K->17705K(319488K), 0.0019770 secs] [Times: user=0.01 sys=0.00, real=0.00 secs] 
157.592: Total time for which application threads were stopped: 0.0034030 seconds, Stopping threads took: 0.0013290 seconds
157.672: Application time: 0.0796570 seconds
157.674: [GC [PSYoungGen: 90432K->7216K(97280K)] 101161K->17945K(319488K), 0.0021600 secs] [Times: user=0.01 sys=0.00, real=0.00 secs] 
157.677: Total time for which application threads were stopped: 0.0045850 seconds, Stopping threads took: 0.0023410 seconds
157.756: Application time: 0.0792890 seconds
157.759: [GC [PSYoungGen: 90672K->7600K(97280K)] 101401K->18345K(319488K), 0.0022850 secs] [Times: user=0.02 sys=0.00, real=0.00 secs] 
157.761: Total time for which application threads were stopped: 0.0055590 seconds, Stopping threads took: 0.0031870 seconds
157.842: Application time: 0.0804680 seconds
157.844: [GC [PSYoungGen: 91056K->8080K(97280K)] 101801K->18833K(319488K), 0.0022940 secs] [Times: user=0.02 sys=0.00, real=0.01 secs] 
157.847: Total time for which application threads were stopped: 0.0048230 seconds, Stopping threads took: 0.0024420 seconds
157.925: Application time: 0.0787310 seconds
157.929: [GC [PSYoungGen: 91536K->7552K(97280K)] 102289K->18313K(319488K), 0.0021990 secs] [Times: user=0.02 sys=0.00, real=0.00 secs] 
157.931: Total time for which application threads were stopped: 0.0055100 seconds, Stopping threads took: 0.0032270 seconds
158.009: Application time: 0.0777220 seconds
158.011: [GC [PSYoungGen: 91008K->6912K(97280K)] 101769K->17673K(319488K), 0.0019730 secs] [Times: user=0.02 sys=0.00, real=0.00 secs] 
158.013: Total time for which application threads were stopped: 0.0040310 seconds, Stopping threads took: 0.0019700 seconds
158.090: Application time: 0.0775780 seconds
158.094: [GC [PSYoungGen: 90368K->7408K(97280K)] 101129K->18169K(319488K), 0.0020820 secs] [Times: user=0.02 sys=0.00, real=0.00 secs] 
158.096: Total time for which application threads were stopped: 0.0054210 seconds, Stopping threads took: 0.0032470 seconds
158.175: Application time: 0.0788690 seconds
158.177: [GC [PSYoungGen: 90864K->7648K(97280K)] 101625K->18409K(319488K), 0.0022340 secs] [Times: user=0.02 sys=0.00, real=0.01 secs] 
158.179: Total time for which application threads were stopped: 0.0042560 seconds, Stopping threads took: 0.0019250 seconds
158.261: Application time: 0.0824400 seconds
158.264: [GC [PSYoungGen: 91104K->5184K(97280K)] 101865K->15953K(319488K), 0.0015560 secs] [Times: user=0.01 sys=0.00, real=0.01 secs] 
158.266: Total time for which application threads were stopped: 0.0047590 seconds, Stopping threads took: 0.0031290 seconds
158.347: Application time: 0.0814250 seconds
158.349: [GC [PSYoungGen: 88640K->7664K(97280K)] 99409K->18449K(319488K), 0.0022270 secs] [Times: user=0.02 sys=0.00, real=0.00 secs] 
158.352: Total time for which application threads were stopped: 0.0041280 seconds, Stopping threads took: 0.0018090 seconds
158.429: Application time: 0.0777360 seconds
158.433: [GC [PSYoungGen: 91120K->7792K(97280K)] 101905K->18585K(319488K), 0.0023040 secs] [Times: user=0.01 sys=0.00, real=0.00 secs] 
158.435: Total time for which application threads were stopped: 0.0056540 seconds, Stopping threads took: 0.0032640 seconds
158.515: Application time: 0.0801000 seconds
158.517: [GC [PSYoungGen: 91248K->6880K(97280K)] 102041K->17673K(319488K), 0.0020150 secs] [Times: user=0.01 sys=0.00, real=0.01 secs] 
158.519: Total time for which application threads were stopped: 0.0040260 seconds, Stopping threads took: 0.0019260 seconds
158.598: Application time: 0.0793170 seconds
158.602: [GC [PSYoungGen: 90336K->7712K(97280K)] 101129K->18505K(319488K), 0.0021600 secs] [Times: user=0.02 sys=0.00, real=0.00 secs] 
158.604: Total time for which application threads were stopped: 0.0054980 seconds, Stopping threads took: 0.0032430 seconds
158.685: Application time: 0.0815640 seconds
158.687: [GC [PSYoungGen: 91168K->6576K(97280K)] 101961K->17369K(319488K), 0.0019480 secs] [Times: user=0.01 sys=0.00, real=0.00 secs] 
158.689: Total time for which application threads were stopped: 0.0037630 seconds, Stopping threads took: 0.0017310 seconds
158.767: Application time: 0.0776870 seconds
158.769: [GC [PSYoungGen: 90032K->8064K(97280K)] 100825K->18881K(319488K), 0.0022800 secs] [Times: user=0.02 sys=0.00, real=0.00 secs] 
158.771: Total time for which application threads were stopped: 0.0042490 seconds, Stopping threads took: 0.0018850 seconds
158.850: Application time: 0.0787500 seconds
158.853: [GC [PSYoungGen: 91520K->7120K(97280K)] 102337K->17977K(319488K), 0.0020880 secs] [Times: user=0.01 sys=0.00, real=0.00 secs] 
158.855: Total time for which application threads were stopped: 0.0047030 seconds, Stopping threads took: 0.0025290 seconds
158.933: Application time: 0.0778860 seconds
158.935: [GC [PSYoungGen: 90576K->6672K(97280K)] 101433K->17537K(319488K), 0.0020900 secs] [Times: user=0.01 sys=0.00, real=0.00 secs] 
158.937: Total time for which application threads were stopped: 0.0044960 seconds, Stopping threads took: 0.0023140 seconds
159.017: Application time: 0.0802350 seconds
159.020: [GC [PSYoungGen: 90128K->7088K(97280K)] 100993K->17953K(319488K), 0.0020830 secs] [Times: user=0.02 sys=0.00, real=0.00 secs] 
159.022: Total time for which application threads were stopped: 0.0046420 seconds, Stopping threads took: 0.0024720 seconds
159.101: Application time: 0.0785820 seconds
159.103: [GC [PSYoungGen: 90544K->6640K(97280K)] 101409K->17505K(319488K), 0.0018600 secs] [Times: user=0.01 sys=0.00, real=0.00 secs] 
159.105: Total time for which application threads were stopped: 0.0042970 seconds, Stopping threads took: 0.0023260 seconds
159.188: Application time: 0.0827770 seconds
159.191: [GC [PSYoungGen: 90096K->7760K(97280K)] 100961K->18625K(319488K), 0.0021960 secs] [Times: user=0.01 sys=0.00, real=0.00 secs] 
159.193: Total time for which application threads were stopped: 0.0051820 seconds, Stopping threads took: 0.0028980 seconds
159.271: Application time: 0.0779270 seconds
159.272: [GC [PSYoungGen: 91214K->7216K(97280K)] 102080K->18081K(319488K), 0.0022070 secs] [Times: user=0.01 sys=0.00, real=0.00 secs] 
159.275: Total time for which application threads were stopped: 0.0039290 seconds, Stopping threads took: 0.0016380 seconds
159.357: Application time: 0.0822730 seconds
159.359: [GC [PSYoungGen: 90672K->7648K(97280K)] 101537K->18521K(319488K), 0.0022630 secs] [Times: user=0.01 sys=0.00, real=0.00 secs] 
159.362: Total time for which application threads were stopped: 0.0048230 seconds, Stopping threads took: 0.0024740 seconds
159.444: Application time: 0.0825830 seconds
159.446: [GC [PSYoungGen: 91104K->6640K(97280K)] 101977K->17521K(319488K), 0.0019490 secs] [Times: user=0.01 sys=0.00, real=0.00 secs] 
159.448: Total time for which application threads were stopped: 0.0036370 seconds, Stopping threads took: 0.0016100 seconds
159.528: Application time: 0.0804170 seconds
159.531: [GC [PSYoungGen: 90096K->7120K(97280K)] 100977K->18001K(319488K), 0.0020000 secs] [Times: user=0.01 sys=0.00, real=0.00 secs] 
159.533: Total time for which application threads were stopped: 0.0043690 seconds, Stopping threads took: 0.0022770 seconds
159.614: Application time: 0.0816200 seconds
159.617: [GC [PSYoungGen: 90576K->7008K(97280K)] 101457K->17889K(319488K), 0.0020900 secs] [Times: user=0.02 sys=0.00, real=0.01 secs] 
159.619: Total time for which application threads were stopped: 0.0042930 seconds, Stopping threads took: 0.0020920 seconds
159.699: Application time: 0.0802780 seconds
159.700: [GC [PSYoungGen: 90464K->5696K(97280K)] 101345K->16577K(319488K), 0.0017690 secs] [Times: user=0.01 sys=0.00, real=0.00 secs] 
159.702: Total time for which application threads were stopped: 0.0027550 seconds, Stopping threads took: 0.0009110 seconds
159.781: Application time: 0.0793360 seconds
159.784: [GC [PSYoungGen: 89152K->7808K(97280K)] 100033K->18689K(319488K), 0.0021910 secs] [Times: user=0.02 sys=0.00, real=0.01 secs] 
159.786: Total time for which application threads were stopped: 0.0048750 seconds, Stopping threads took: 0.0025980 seconds
159.865: Application time: 0.0794960 seconds
159.868: [GC [PSYoungGen: 91264K->6320K(97280K)] 102145K->17209K(319488K), 0.0018500 secs] [Times: user=0.02 sys=0.00, real=0.00 secs] 
159.870: Total time for which application threads were stopped: 0.0048320 seconds, Stopping threads took: 0.0028950 seconds
159.947: Application time: 0.0769250 seconds
159.950: [GC [PSYoungGen: 89776K->7360K(97280K)] 100665K->18273K(319488K), 0.0021190 secs] [Times: user=0.01 sys=0.00, real=0.00 secs] 
159.952: Total time for which application threads were stopped: 0.0048980 seconds, Stopping threads took: 0.0026960 seconds
160.033: Application time: 0.0813430 seconds
160.036: [GC [PSYoungGen: 90816K->6448K(97280K)] 101729K->17369K(319488K), 0.0018570 secs] [Times: user=0.01 sys=0.00, real=0.01 secs] 
160.038: Total time for which application threads were stopped: 0.0048400 seconds, Stopping threads took: 0.0028990 seconds
160.115: Application time: 0.0766450 seconds
160.117: [GC [PSYoungGen: 89904K->8192K(97280K)] 100825K->19113K(319488K), 0.0023520 secs] [Times: user=0.01 sys=0.00, real=0.01 secs] 
160.119: Total time for which application threads were stopped: 0.0042900 seconds, Stopping threads took: 0.0018530 seconds
160.199: Application time: 0.0794120 seconds
160.201: [GC [PSYoungGen: 91648K->8336K(97280K)] 102569K->19257K(319488K), 0.0026160 secs] [Times: user=0.01 sys=0.00, real=0.00 secs] 
160.204: Total time for which application threads were stopped: 0.0054290 seconds, Stopping threads took: 0.0027150 seconds
160.282: Application time: 0.0776050 seconds
160.285: [GC [PSYoungGen: 91792K->7440K(97280K)] 102713K->18361K(319488K), 0.0020800 secs] [Times: user=0.01 sys=0.00, real=0.01 secs] 
160.287: Total time for which application threads were stopped: 0.0051860 seconds, Stopping threads took: 0.0030050 seconds
160.370: Application time: 0.0826660 seconds
160.372: [GC [PSYoungGen: 90896K->6384K(97280K)] 101817K->17313K(319488K), 0.0018020 secs] [Times: user=0.01 sys=0.00, real=0.00 secs] 
160.374: Total time for which application threads were stopped: 0.0047190 seconds, Stopping threads took: 0.0028370 seconds
160.456: Application time: 0.0815270 seconds
160.459: [GC [PSYoungGen: 89840K->6592K(97280K)] 100769K->17529K(319488K), 0.0018800 secs] [Times: user=0.01 sys=0.00, real=0.00 secs] 
160.461: Total time for which application threads were stopped: 0.0048020 seconds, Stopping threads took: 0.0028430 seconds
160.544: Application time: 0.0834970 seconds
160.547: [GC [PSYoungGen: 90048K->7552K(97280K)] 100985K->18497K(319488K), 0.0021520 secs] [Times: user=0.02 sys=0.00, real=0.00 secs] 
160.549: Total time for which application threads were stopped: 0.0046710 seconds, Stopping threads took: 0.0024320 seconds
160.628: Application time: 0.0789990 seconds
160.629: [GC [PSYoungGen: 91008K->5984K(97280K)] 101953K->16929K(319488K), 0.0016470 secs] [Times: user=0.01 sys=0.00, real=0.00 secs] 
160.631: Total time for which application threads were stopped: 0.0033010 seconds, Stopping threads took: 0.0015780 seconds
160.713: Application time: 0.0817930 seconds
160.715: [GC [PSYoungGen: 89440K->7856K(97280K)] 100385K->18801K(319488K), 0.0024240 secs] [Times: user=0.01 sys=0.00, real=0.01 secs] 
160.718: Total time for which application threads were stopped: 0.0051150 seconds, Stopping threads took: 0.0025750 seconds
160.791: Application time: 0.0727960 seconds
160.792: [GC [PSYoungGen: 91312K->7520K(97280K)] 102257K->18465K(319488K), 0.0022530 secs] [Times: user=0.01 sys=0.00, real=0.00 secs] 
160.795: Total time for which application threads were stopped: 0.0038690 seconds, Stopping threads took: 0.0015310 seconds
160.870: Application time: 0.0754180 seconds
160.873: [GC [PSYoungGen: 90976K->7520K(97280K)] 101921K->18473K(319488K), 0.0021360 secs] [Times: user=0.01 sys=0.00, real=0.00 secs] 
160.875: Total time for which application threads were stopped: 0.0047040 seconds, Stopping threads took: 0.0024830 seconds
160.951: Application time: 0.0764400 seconds
160.953: [GC [PSYoungGen: 90976K->8080K(97280K)] 101929K->19041K(319488K), 0.0021080 secs] [Times: user=0.01 sys=0.00, real=0.00 secs] 
160.956: Total time for which application threads were stopped: 0.0043890 seconds, Stopping threads took: 0.0022010 seconds
161.032: Application time: 0.0767840 seconds
161.034: [GC [PSYoungGen: 91536K->7760K(97280K)] 102497K->18729K(319488K), 0.0022430 secs] [Times: user=0.02 sys=0.00, real=0.00 secs] 
161.037: Total time for which application threads were stopped: 0.0041730 seconds, Stopping threads took: 0.0018430 seconds
161.113: Application time: 0.0765700 seconds
161.115: [GC [PSYoungGen: 91216K->7152K(97280K)] 102185K->18121K(319488K), 0.0020110 secs] [Times: user=0.01 sys=0.00, real=0.01 secs] 
161.117: Total time for which application threads were stopped: 0.0043300 seconds, Stopping threads took: 0.0022380 seconds
161.192: Application time: 0.0749660 seconds
161.195: [GC [PSYoungGen: 90608K->4864K(97280K)] 101577K->15833K(319488K), 0.0014130 secs] [Times: user=0.01 sys=0.00, real=0.00 secs] 
161.196: Total time for which application threads were stopped: 0.0037360 seconds, Stopping threads took: 0.0022510 seconds
161.271: Application time: 0.0743450 seconds
161.273: [GC [PSYoungGen: 88320K->6288K(97280K)] 99289K->17257K(319488K), 0.0018330 secs] [Times: user=0.02 sys=0.00, real=0.00 secs] 
161.275: Total time for which application threads were stopped: 0.0042890 seconds, Stopping threads took: 0.0023690 seconds
161.348: Application time: 0.0733970 seconds
161.350: [GC [PSYoungGen: 89744K->8096K(97280K)] 100713K->19065K(319488K), 0.0023230 secs] [Times: user=0.02 sys=0.00, real=0.00 secs] 
161.352: Total time for which application threads were stopped: 0.0042790 seconds, Stopping threads took: 0.0018720 seconds
161.430: Application time: 0.0775280 seconds
161.432: [GC [PSYoungGen: 91551K->7040K(97280K)] 102520K->18017K(319488K), 0.0020000 secs] [Times: user=0.02 sys=0.00, real=0.00 secs] 
161.434: Total time for which application threads were stopped: 0.0043200 seconds, Stopping threads took: 0.0022350 seconds
161.510: Application time: 0.0753090 seconds
161.512: [GC [PSYoungGen: 90496K->6784K(97280K)] 101473K->17769K(319488K), 0.0020420 secs] [Times: user=0.01 sys=0.00, real=0.00 secs] 
161.514: Total time for which application threads were stopped: 0.0042540 seconds, Stopping threads took: 0.0021290 seconds
161.588: Application time: 0.0739600 seconds
161.590: [GC [PSYoungGen: 90240K->6960K(97280K)] 101225K->17945K(319488K), 0.0019740 secs] [Times: user=0.01 sys=0.00, real=0.00 secs] 
161.592: Total time for which application threads were stopped: 0.0045100 seconds, Stopping threads took: 0.0024530 seconds
161.670: Application time: 0.0778050 seconds
161.673: [GC [PSYoungGen: 90416K->6736K(97280K)] 101401K->17721K(319488K), 0.0019250 secs] [Times: user=0.01 sys=0.00, real=0.00 secs] 
161.675: Total time for which application threads were stopped: 0.0043980 seconds, Stopping threads took: 0.0023940 seconds
161.749: Application time: 0.0741940 seconds
161.751: [GC [PSYoungGen: 90192K->7408K(97280K)] 101177K->18393K(319488K), 0.0020660 secs] [Times: user=0.01 sys=0.00, real=0.00 secs] 
161.753: Total time for which application threads were stopped: 0.0041360 seconds, Stopping threads took: 0.0019880 seconds
161.828: Application time: 0.0754520 seconds
161.831: [GC [PSYoungGen: 90864K->6784K(97280K)] 101849K->17769K(319488K), 0.0018970 secs] [Times: user=0.01 sys=0.00, real=0.00 secs] 
161.833: Total time for which application threads were stopped: 0.0046400 seconds, Stopping threads took: 0.0026550 seconds
161.910: Application time: 0.0767350 seconds
161.912: [GC [PSYoungGen: 90240K->6896K(97280K)] 101225K->17889K(319488K), 0.0019490 secs] [Times: user=0.01 sys=0.00, real=0.00 secs] 
161.914: Total time for which application threads were stopped: 0.0041570 seconds, Stopping threads took: 0.0021310 seconds
161.990: Application time: 0.0765050 seconds
161.992: [GC [PSYoungGen: 90352K->6624K(97280K)] 101345K->17633K(319488K), 0.0020550 secs] [Times: user=0.01 sys=0.00, real=0.00 secs] 
161.994: Total time for which application threads were stopped: 0.0036170 seconds, Stopping threads took: 0.0014810 seconds
162.068: Application time: 0.0739870 seconds
162.071: [GC [PSYoungGen: 90080K->5840K(97280K)] 101089K->16849K(319488K), 0.0016850 secs] [Times: user=0.01 sys=0.00, real=0.00 secs] 
162.073: Total time for which application threads were stopped: 0.0046940 seconds, Stopping threads took: 0.0029380 seconds
162.150: Application time: 0.0774810 seconds
162.151: [GC [PSYoungGen: 89296K->5600K(97280K)] 100305K->16609K(319488K), 0.0017110 secs] [Times: user=0.01 sys=0.00, real=0.00 secs] 
162.153: Total time for which application threads were stopped: 0.0027390 seconds, Stopping threads took: 0.0009500 seconds
162.230: Application time: 0.0775210 seconds
162.233: [GC [PSYoungGen: 89056K->5936K(97280K)] 100065K->16945K(319488K), 0.0016790 secs] [Times: user=0.01 sys=0.00, real=0.00 secs] 
162.235: Total time for which application threads were stopped: 0.0042050 seconds, Stopping threads took: 0.0024510 seconds
162.314: Application time: 0.0794760 seconds
162.317: [GC [PSYoungGen: 89392K->6496K(97280K)] 100401K->17505K(319488K), 0.0019060 secs] [Times: user=0.01 sys=0.00, real=0.01 secs] 
162.319: Total time for which application threads were stopped: 0.0043710 seconds, Stopping threads took: 0.0023850 seconds
162.393: Application time: 0.0740110 seconds
162.395: [GC [PSYoungGen: 89952K->7232K(97280K)] 100961K->18249K(319488K), 0.0021770 secs] [Times: user=0.01 sys=0.00, real=0.00 secs] 
162.397: Total time for which application threads were stopped: 0.0043500 seconds, Stopping threads took: 0.0020850 seconds
162.472: Application time: 0.0752420 seconds
162.475: [GC [PSYoungGen: 90688K->7296K(97280K)] 101705K->18321K(319488K), 0.0021610 secs] [Times: user=0.01 sys=0.00, real=0.00 secs] 
162.477: Total time for which application threads were stopped: 0.0048650 seconds, Stopping threads took: 0.0026160 seconds
162.552: Application time: 0.0748870 seconds
162.555: [GC [PSYoungGen: 90752K->6544K(97280K)] 101777K->17577K(319488K), 0.0018120 secs] [Times: user=0.01 sys=0.00, real=0.00 secs] 
162.557: Total time for which application threads were stopped: 0.0048320 seconds, Stopping threads took: 0.0029450 seconds
162.635: Application time: 0.0785340 seconds
162.638: [GC [PSYoungGen: 90000K->7264K(97280K)] 101033K->18297K(319488K), 0.0020850 secs] [Times: user=0.02 sys=0.00, real=0.00 secs] 
162.640: Total time for which application threads were stopped: 0.0046480 seconds, Stopping threads took: 0.0024800 seconds
162.715: Application time: 0.0748520 seconds
162.718: [GC [PSYoungGen: 90720K->6160K(97280K)] 101753K->17193K(319488K), 0.0017140 secs] [Times: user=0.01 sys=0.00, real=0.00 secs] 
162.720: Total time for which application threads were stopped: 0.0049110 seconds, Stopping threads took: 0.0031220 seconds
162.803: Application time: 0.0834920 seconds
162.805: [GC [PSYoungGen: 89616K->4688K(97280K)] 100649K->15721K(319488K), 0.0014070 secs] [Times: user=0.01 sys=0.00, real=0.00 secs] 
162.807: Total time for which application threads were stopped: 0.0035260 seconds, Stopping threads took: 0.0020520 seconds
162.880: Application time: 0.0736560 seconds
162.882: [GC [PSYoungGen: 88144K->7584K(97280K)] 99177K->18625K(319488K), 0.0021400 secs] [Times: user=0.02 sys=0.00, real=0.00 secs] 
162.884: Total time for which application threads were stopped: 0.0040250 seconds, Stopping threads took: 0.0018020 seconds
162.963: Application time: 0.0781890 seconds
162.965: [GC [PSYoungGen: 91040K->8208K(97280K)] 102081K->19257K(319488K), 0.0023570 secs] [Times: user=0.02 sys=0.00, real=0.01 secs] 
162.967: Total time for which application threads were stopped: 0.0046580 seconds, Stopping threads took: 0.0022050 seconds
163.043: Application time: 0.0753940 seconds
163.045: [GC [PSYoungGen: 91664K->7952K(97280K)] 102713K->19009K(319488K), 0.0021050 secs] [Times: user=0.01 sys=0.00, real=0.01 secs] 
163.047: Total time for which application threads were stopped: 0.0045410 seconds, Stopping threads took: 0.0023560 seconds
163.121: Application time: 0.0742670 seconds
163.123: [GC [PSYoungGen: 91408K->8208K(97280K)] 102465K->19265K(319488K), 0.0023910 secs] [Times: user=0.02 sys=0.00, real=0.01 secs] 
163.126: Total time for which application threads were stopped: 0.0040470 seconds, Stopping threads took: 0.0015670 seconds
163.201: Application time: 0.0758580 seconds
163.203: [GC [PSYoungGen: 91664K->6464K(97280K)] 102721K->17521K(319488K), 0.0019230 secs] [Times: user=0.00 sys=0.00, real=0.01 secs] 
163.205: Total time for which application threads were stopped: 0.0040830 seconds, Stopping threads took: 0.0020750 seconds
163.282: Application time: 0.0761500 seconds
163.284: [GC [PSYoungGen: 89920K->6480K(97280K)] 100977K->17537K(319488K), 0.0019100 secs] [Times: user=0.01 sys=0.00, real=0.01 secs] 
163.286: Total time for which application threads were stopped: 0.0044110 seconds, Stopping threads took: 0.0024150 seconds
163.362: Application time: 0.0758880 seconds
163.365: [GC [PSYoungGen: 89936K->6912K(97280K)] 100993K->17977K(319488K), 0.0019920 secs] [Times: user=0.01 sys=0.00, real=0.01 secs] 
163.367: Total time for which application threads were stopped: 0.0049490 seconds, Stopping threads took: 0.0028740 seconds
163.443: Application time: 0.0762740 seconds
163.446: [GC [PSYoungGen: 90368K->6400K(97280K)] 101433K->17473K(319488K), 0.0018220 secs] [Times: user=0.01 sys=0.00, real=0.00 secs] 
163.448: Total time for which application threads were stopped: 0.0045900 seconds, Stopping threads took: 0.0026830 seconds
163.520: Application time: 0.0721870 seconds
163.522: [GC [PSYoungGen: 89856K->7600K(97280K)] 100929K->18681K(319488K), 0.0022210 secs] [Times: user=0.02 sys=0.00, real=0.00 secs] 
163.524: Total time for which application threads were stopped: 0.0041110 seconds, Stopping threads took: 0.0017980 seconds
163.599: Application time: 0.0745970 seconds
163.601: [GC [PSYoungGen: 91056K->7280K(97280K)] 102137K->18361K(319488K), 0.0020720 secs] [Times: user=0.01 sys=0.00, real=0.00 secs] 
163.603: Total time for which application threads were stopped: 0.0044910 seconds, Stopping threads took: 0.0023340 seconds
163.677: Application time: 0.0737910 seconds
163.679: [GC [PSYoungGen: 90736K->6880K(97280K)] 101817K->17961K(319488K), 0.0020060 secs] [Times: user=0.02 sys=0.00, real=0.00 secs] 
163.681: Total time for which application threads were stopped: 0.0041070 seconds, Stopping threads took: 0.0020090 seconds
163.756: Application time: 0.0752530 seconds
163.759: [GC [PSYoungGen: 90336K->6304K(97280K)] 101417K->17385K(319488K), 0.0017340 secs] [Times: user=0.01 sys=0.00, real=0.00 secs] 
163.761: Total time for which application threads were stopped: 0.0046060 seconds, Stopping threads took: 0.0027940 seconds
163.834: Application time: 0.0736170 seconds
163.837: [GC [PSYoungGen: 89760K->7040K(97280K)] 100841K->18129K(319488K), 0.0020310 secs] [Times: user=0.01 sys=0.00, real=0.01 secs] 
163.839: Total time for which application threads were stopped: 0.0042420 seconds, Stopping threads took: 0.0021270 seconds
163.913: Application time: 0.0742190 seconds
163.915: [GC [PSYoungGen: 90496K->6928K(97280K)] 101585K->18025K(319488K), 0.0019860 secs] [Times: user=0.01 sys=0.00, real=0.00 secs] 
163.917: Total time for which application threads were stopped: 0.0036210 seconds, Stopping threads took: 0.0015520 seconds
163.992: Application time: 0.0754440 seconds
163.995: [GC [PSYoungGen: 90384K->7552K(97280K)] 101481K->18657K(319488K), 0.0021380 secs] [Times: user=0.01 sys=0.00, real=0.00 secs] 
163.997: Total time for which application threads were stopped: 0.0047570 seconds, Stopping threads took: 0.0025380 seconds
164.073: Application time: 0.0758830 seconds
164.075: [GC [PSYoungGen: 91008K->8256K(97280K)] 102113K->19361K(319488K), 0.0023400 secs] [Times: user=0.02 sys=0.00, real=0.00 secs] 
164.077: Total time for which application threads were stopped: 0.0043720 seconds, Stopping threads took: 0.0019360 seconds
164.151: Application time: 0.0744160 seconds
164.153: [GC [PSYoungGen: 91712K->5968K(97280K)] 102817K->17073K(319488K), 0.0017160 secs] [Times: user=0.01 sys=0.00, real=0.00 secs] 
164.155: Total time for which application threads were stopped: 0.0036730 seconds, Stopping threads took: 0.0018750 seconds
164.233: Application time: 0.0779030 seconds
164.235: [GC [PSYoungGen: 89424K->5888K(97280K)] 100529K->16993K(319488K), 0.0017370 secs] [Times: user=0.01 sys=0.00, real=0.01 secs] 
164.237: Total time for which application threads were stopped: 0.0041540 seconds, Stopping threads took: 0.0023360 seconds
164.315: Application time: 0.0778910 seconds
164.317: [GC [PSYoungGen: 89344K->6304K(97280K)] 100449K->17409K(319488K), 0.0019720 secs] [Times: user=0.01 sys=0.00, real=0.01 secs] 
164.319: Total time for which application threads were stopped: 0.0034450 seconds, Stopping threads took: 0.0013950 seconds
164.397: Application time: 0.0786740 seconds
164.399: [GC [PSYoungGen: 89760K->6800K(97280K)] 100865K->17913K(319488K), 0.0019960 secs] [Times: user=0.02 sys=0.00, real=0.00 secs] 
164.401: Total time for which application threads were stopped: 0.0041110 seconds, Stopping threads took: 0.0020120 seconds
164.476: Application time: 0.0745880 seconds
164.478: [GC [PSYoungGen: 90256K->5168K(97280K)] 101369K->16289K(319488K), 0.0015380 secs] [Times: user=0.01 sys=0.00, real=0.00 secs] 
164.479: Total time for which application threads were stopped: 0.0033870 seconds, Stopping threads took: 0.0017750 seconds
164.554: Application time: 0.0745440 seconds
164.556: [GC [PSYoungGen: 88624K->6608K(97280K)] 99745K->17729K(319488K), 0.0019680 secs] [Times: user=0.01 sys=0.00, real=0.01 secs] 
164.558: Total time for which application threads were stopped: 0.0038920 seconds, Stopping threads took: 0.0018390 seconds
164.631: Application time: 0.0727760 seconds
164.633: [GC [PSYoungGen: 90064K->7920K(97280K)] 101185K->19041K(319488K), 0.0022750 secs] [Times: user=0.02 sys=0.00, real=0.00 secs] 
164.635: Total time for which application threads were stopped: 0.0044060 seconds, Stopping threads took: 0.0020370 seconds
164.708: Application time: 0.0726920 seconds
164.710: [GC [PSYoungGen: 91374K->7968K(97280K)] 102495K->19089K(319488K), 0.0022860 secs] [Times: user=0.02 sys=0.00, real=0.00 secs] 
164.713: Total time for which application threads were stopped: 0.0050790 seconds, Stopping threads took: 0.0027070 seconds
164.790: Application time: 0.0776600 seconds
164.792: [GC [PSYoungGen: 91424K->7488K(97280K)] 102545K->18609K(319488K), 0.0021580 secs] [Times: user=0.02 sys=0.00, real=0.00 secs] 
164.794: Total time for which application threads were stopped: 0.0037070 seconds, Stopping threads took: 0.0014700 seconds
164.872: Application time: 0.0782820 seconds
164.874: [GC [PSYoungGen: 90944K->7376K(97280K)] 102065K->18529K(319488K), 0.0021580 secs] [Times: user=0.02 sys=0.00, real=0.00 secs] 
164.876: Total time for which application threads were stopped: 0.0040560 seconds, Stopping threads took: 0.0018120 seconds
164.961: Application time: 0.0845110 seconds
164.962: [GC [PSYoungGen: 90832K->7024K(97280K)] 101985K->18185K(319488K), 0.0021140 secs] [Times: user=0.01 sys=0.00, real=0.00 secs] 
164.965: Total time for which application threads were stopped: 0.0036030 seconds, Stopping threads took: 0.0013880 seconds
165.045: Application time: 0.0807010 seconds
165.048: [GC [PSYoungGen: 90480K->7472K(97280K)] 101641K->18641K(319488K), 0.0021550 secs] [Times: user=0.01 sys=0.00, real=0.00 secs] 
165.051: Total time for which application threads were stopped: 0.0052710 seconds, Stopping threads took: 0.0030270 seconds
165.129: Application time: 0.0783950 seconds
165.132: [GC [PSYoungGen: 90928K->8192K(97280K)] 102097K->19361K(319488K), 0.0023350 secs] [Times: user=0.02 sys=0.00, real=0.00 secs] 
165.134: Total time for which application threads were stopped: 0.0054150 seconds, Stopping threads took: 0.0029890 seconds
165.214: Application time: 0.0792750 seconds
165.215: [GC [PSYoungGen: 91648K->4960K(97280K)] 102817K->16129K(319488K), 0.0015750 secs] [Times: user=0.01 sys=0.00, real=0.00 secs] 
165.217: Total time for which application threads were stopped: 0.0033860 seconds, Stopping threads took: 0.0017230 seconds
165.299: Application time: 0.0816530 seconds
165.301: [GC [PSYoungGen: 88416K->7664K(97280K)] 99585K->18833K(319488K), 0.0021850 secs] [Times: user=0.02 sys=0.00, real=0.00 secs] 
165.303: Total time for which application threads were stopped: 0.0048100 seconds, Stopping threads took: 0.0025380 seconds
165.382: Application time: 0.0788730 seconds
165.385: [GC [PSYoungGen: 91120K->7360K(97280K)] 102289K->18537K(319488K), 0.0020570 secs] [Times: user=0.01 sys=0.00, real=0.01 secs] 
165.387: Total time for which application threads were stopped: 0.0045360 seconds, Stopping threads took: 0.0023910 seconds
165.465: Application time: 0.0785900 seconds
165.468: [GC [PSYoungGen: 90816K->7968K(97280K)] 101993K->19153K(319488K), 0.0022920 secs] [Times: user=0.02 sys=0.00, real=0.00 secs] 
165.470: Total time for which application threads were stopped: 0.0046700 seconds, Stopping threads took: 0.0022910 seconds
165.551: Application time: 0.0806460 seconds
165.554: [GC [PSYoungGen: 91424K->5856K(97280K)] 102609K->17049K(319488K), 0.0017380 secs] [Times: user=0.01 sys=0.00, real=0.00 secs] 
165.555: Total time for which application threads were stopped: 0.0045790 seconds, Stopping threads took: 0.0027650 seconds
165.635: Application time: 0.0793990 seconds
165.637: [GC [PSYoungGen: 89312K->7344K(97280K)] 100505K->18537K(319488K), 0.0022190 secs] [Times: user=0.02 sys=0.00, real=0.01 secs] 
165.639: Total time for which application threads were stopped: 0.0041550 seconds, Stopping threads took: 0.0018510 seconds
165.720: Application time: 0.0807150 seconds
165.722: [GC [PSYoungGen: 90800K->7440K(97280K)] 101993K->18633K(319488K), 0.0023800 secs] [Times: user=0.01 sys=0.00, real=0.00 secs] 
165.724: Total time for which application threads were stopped: 0.0045280 seconds, Stopping threads took: 0.0020500 seconds
165.803: Application time: 0.0787650 seconds
165.806: [GC [PSYoungGen: 90896K->6944K(97280K)] 102089K->18137K(319488K), 0.0021200 secs] [Times: user=0.01 sys=0.00, real=0.00 secs] 
165.808: Total time for which application threads were stopped: 0.0049080 seconds, Stopping threads took: 0.0027060 seconds
165.889: Application time: 0.0810600 seconds
165.890: [GC [PSYoungGen: 90400K->7648K(97280K)] 101593K->18857K(319488K), 0.0022300 secs] [Times: user=0.01 sys=0.00, real=0.00 secs] 
165.892: Total time for which application threads were stopped: 0.0033990 seconds, Stopping threads took: 0.0010750 seconds
165.973: Application time: 0.0811130 seconds
165.975: [GC [PSYoungGen: 91104K->7248K(97280K)] 102313K->18473K(319488K), 0.0020890 secs] [Times: user=0.01 sys=0.00, real=0.01 secs] 
165.978: Total time for which application threads were stopped: 0.0040700 seconds, Stopping threads took: 0.0018980 seconds
166.057: Application time: 0.0797560 seconds
166.060: [GC [PSYoungGen: 90704K->7664K(97280K)] 101929K->18897K(319488K), 0.0022550 secs] [Times: user=0.01 sys=0.00, real=0.00 secs] 
166.062: Total time for which application threads were stopped: 0.0048760 seconds, Stopping threads took: 0.0025310 seconds
166.142: Application time: 0.0802450 seconds
166.145: [GC [PSYoungGen: 91120K->6944K(97280K)] 102353K->18177K(319488K), 0.0020650 secs] [Times: user=0.02 sys=0.00, real=0.01 secs] 
166.147: Total time for which application threads were stopped: 0.0043450 seconds, Stopping threads took: 0.0021950 seconds
166.226: Application time: 0.0789170 seconds
166.228: [GC [PSYoungGen: 90400K->6800K(97280K)] 101633K->18033K(319488K), 0.0019810 secs] [Times: user=0.01 sys=0.00, real=0.00 secs] 
166.230: Total time for which application threads were stopped: 0.0043260 seconds, Stopping threads took: 0.0022540 seconds
166.308: Application time: 0.0777530 seconds
166.309: [GC [PSYoungGen: 90256K->6816K(97280K)] 101489K->18049K(319488K), 0.0019380 secs] [Times: user=0.01 sys=0.00, real=0.00 secs] 
166.311: Total time for which application threads were stopped: 0.0033470 seconds, Stopping threads took: 0.0013170 seconds
166.391: Application time: 0.0801150 seconds
166.395: [GC [PSYoungGen: 90272K->7296K(97280K)] 101505K->18537K(319488K), 0.0021000 secs] [Times: user=0.01 sys=0.00, real=0.00 secs] 
166.397: Total time for which application threads were stopped: 0.0055090 seconds, Stopping threads took: 0.0033220 seconds
166.474: Application time: 0.0770660 seconds
166.477: [GC [PSYoungGen: 90752K->7648K(97280K)] 101993K->18897K(319488K), 0.0022350 secs] [Times: user=0.01 sys=0.00, real=0.01 secs] 
166.479: Total time for which application threads were stopped: 0.0054130 seconds, Stopping threads took: 0.0030890 seconds
166.560: Application time: 0.0810880 seconds
166.562: [GC [PSYoungGen: 91104K->6112K(97280K)] 102353K->17369K(319488K), 0.0019260 secs] [Times: user=0.01 sys=0.00, real=0.00 secs] 
166.564: Total time for which application threads were stopped: 0.0040500 seconds, Stopping threads took: 0.0020500 seconds
166.647: Application time: 0.0826660 seconds
166.650: [GC [PSYoungGen: 89568K->6624K(97280K)] 100825K->17881K(319488K), 0.0017990 secs] [Times: user=0.01 sys=0.00, real=0.00 secs] 
166.652: Total time for which application threads were stopped: 0.0047800 seconds, Stopping threads took: 0.0029040 seconds
166.733: Application time: 0.0815650 seconds
166.736: [GC [PSYoungGen: 90080K->7616K(97280K)] 101337K->18873K(319488K), 0.0023490 secs] [Times: user=0.02 sys=0.00, real=0.01 secs] 
166.738: Total time for which application threads were stopped: 0.0050900 seconds, Stopping threads took: 0.0026410 seconds
166.816: Application time: 0.0776110 seconds
166.819: [GC [PSYoungGen: 91072K->8352K(97280K)] 102329K->19609K(319488K), 0.0021950 secs] [Times: user=0.01 sys=0.00, real=0.00 secs] 
166.821: Total time for which application threads were stopped: 0.0047480 seconds, Stopping threads took: 0.0024690 seconds
166.901: Application time: 0.0804740 seconds
166.904: [GC [PSYoungGen: 91808K->6992K(97280K)] 103065K->18249K(319488K), 0.0020910 secs] [Times: user=0.01 sys=0.00, real=0.01 secs] 
166.906: Total time for which application threads were stopped: 0.0048260 seconds, Stopping threads took: 0.0026470 seconds
166.987: Application time: 0.0806630 seconds
166.989: [GC [PSYoungGen: 90448K->6080K(97280K)] 101705K->17353K(319488K), 0.0017540 secs] [Times: user=0.01 sys=0.00, real=0.00 secs] 
166.991: Total time for which application threads were stopped: 0.0038150 seconds, Stopping threads took: 0.0019730 seconds
167.076: Application time: 0.0857070 seconds
167.078: [GC [PSYoungGen: 89536K->5024K(97280K)] 100809K->16313K(319488K), 0.0015000 secs] [Times: user=0.01 sys=0.00, real=0.00 secs] 
167.079: Total time for which application threads were stopped: 0.0028160 seconds, Stopping threads took: 0.0012440 seconds
167.158: Application time: 0.0792230 seconds
167.161: [GC [PSYoungGen: 88480K->7504K(97280K)] 99769K->18793K(319488K), 0.0020890 secs] [Times: user=0.02 sys=0.00, real=0.00 secs] 
167.163: Total time for which application threads were stopped: 0.0046860 seconds, Stopping threads took: 0.0025030 seconds
167.244: Application time: 0.0811880 seconds
167.247: [GC [PSYoungGen: 90960K->7792K(97280K)] 102249K->19081K(319488K), 0.0023120 secs] [Times: user=0.01 sys=0.00, real=0.00 secs] 
167.249: Total time for which application threads were stopped: 0.0046700 seconds, Stopping threads took: 0.0022640 seconds
167.329: Application time: 0.0801090 seconds
167.331: [GC [PSYoungGen: 91248K->8080K(97280K)] 102537K->19369K(319488K), 0.0022570 secs] [Times: user=0.02 sys=0.00, real=0.00 secs] 
167.333: Total time for which application threads were stopped: 0.0039130 seconds, Stopping threads took: 0.0015660 seconds
167.414: Application time: 0.0815160 seconds
167.416: [GC [PSYoungGen: 91536K->7168K(97280K)] 102825K->18457K(319488K), 0.0020900 secs] [Times: user=0.01 sys=0.00, real=0.01 secs] 
167.418: Total time for which application threads were stopped: 0.0036570 seconds, Stopping threads took: 0.0014760 seconds
167.499: Application time: 0.0807740 seconds
167.501: [GC [PSYoungGen: 90624K->4912K(97280K)] 101913K->16209K(319488K), 0.0015390 secs] [Times: user=0.01 sys=0.00, real=0.00 secs] 
167.502: Total time for which application threads were stopped: 0.0033340 seconds, Stopping threads took: 0.0016940 seconds
167.584: Application time: 0.0817160 seconds
167.587: [GC [PSYoungGen: 88368K->7040K(97280K)] 99665K->18345K(319488K), 0.0021770 secs] [Times: user=0.02 sys=0.00, real=0.00 secs] 
167.589: Total time for which application threads were stopped: 0.0048770 seconds, Stopping threads took: 0.0026260 seconds
167.670: Application time: 0.0809970 seconds
167.673: [GC [PSYoungGen: 90496K->8032K(97280K)] 101801K->19353K(319488K), 0.0025130 secs] [Times: user=0.02 sys=0.00, real=0.00 secs] 
167.675: Total time for which application threads were stopped: 0.0053100 seconds, Stopping threads took: 0.0027080 seconds
167.756: Application time: 0.0811450 seconds
167.758: [GC [PSYoungGen: 91488K->7584K(97280K)] 102809K->18905K(319488K), 0.0022030 secs] [Times: user=0.01 sys=0.00, real=0.00 secs] 
167.760: Total time for which application threads were stopped: 0.0039650 seconds, Stopping threads took: 0.0016660 seconds
167.839: Application time: 0.0786100 seconds
167.842: [GC [PSYoungGen: 91040K->6944K(97280K)] 102361K->18265K(319488K), 0.0019970 secs] [Times: user=0.02 sys=0.00, real=0.00 secs] 
167.844: Total time for which application threads were stopped: 0.0050060 seconds, Stopping threads took: 0.0029220 seconds
167.921: Application time: 0.0769750 seconds
167.923: [GC [PSYoungGen: 90400K->6704K(97280K)] 101721K->18025K(319488K), 0.0020100 secs] [Times: user=0.01 sys=0.00, real=0.01 secs] 
167.925: Total time for which application threads were stopped: 0.0044440 seconds, Stopping threads took: 0.0023500 seconds
168.003: Application time: 0.0775600 seconds
168.005: [GC [PSYoungGen: 90160K->7248K(97280K)] 101481K->18593K(319488K), 0.0020610 secs] [Times: user=0.02 sys=0.00, real=0.01 secs] 
168.007: Total time for which application threads were stopped: 0.0037850 seconds, Stopping threads took: 0.0016440 seconds
168.089: Application time: 0.0823690 seconds
168.092: [GC [PSYoungGen: 90704K->6528K(97280K)] 102049K->17905K(319488K), 0.0020830 secs] [Times: user=0.02 sys=0.00, real=0.00 secs] 
168.094: Total time for which application threads were stopped: 0.0050520 seconds, Stopping threads took: 0.0028860 seconds
168.174: Application time: 0.0797430 seconds
168.176: [GC [PSYoungGen: 89984K->7152K(97280K)] 101361K->18537K(319488K), 0.0022130 secs] [Times: user=0.01 sys=0.00, real=0.01 secs] 
168.178: Total time for which application threads were stopped: 0.0045720 seconds, Stopping threads took: 0.0022660 seconds
168.259: Application time: 0.0810180 seconds
168.265: [GC [PSYoungGen: 90608K->6784K(97280K)] 101993K->18169K(319488K), 0.0022500 secs] [Times: user=0.01 sys=0.00, real=0.00 secs] 
168.268: Total time for which application threads were stopped: 0.0082660 seconds, Stopping threads took: 0.0059090 seconds
168.346: Application time: 0.0781120 seconds
168.349: [GC [PSYoungGen: 90240K->6928K(97280K)] 101625K->18313K(319488K), 0.0019490 secs] [Times: user=0.02 sys=0.00, real=0.00 secs] 
168.351: Total time for which application threads were stopped: 0.0049540 seconds, Stopping threads took: 0.0029180 seconds
168.430: Application time: 0.0797460 seconds
168.433: [GC [PSYoungGen: 90384K->8176K(97280K)] 101769K->19561K(319488K), 0.0024310 secs] [Times: user=0.02 sys=0.00, real=0.00 secs] 
168.435: Total time for which application threads were stopped: 0.0044850 seconds, Stopping threads took: 0.0019400 seconds
168.514: Application time: 0.0791980 seconds
168.516: [GC [PSYoungGen: 91632K->5888K(97280K)] 103017K->17281K(319488K), 0.0018180 secs] [Times: user=0.02 sys=0.00, real=0.01 secs] 
168.518: Total time for which application threads were stopped: 0.0035760 seconds, Stopping threads took: 0.0016770 seconds
168.600: Application time: 0.0825720 seconds
168.603: [GC [PSYoungGen: 89344K->6400K(97280K)] 100737K->17801K(319488K), 0.0018430 secs] [Times: user=0.02 sys=0.00, real=0.01 secs] 
168.605: Total time for which application threads were stopped: 0.0048850 seconds, Stopping threads took: 0.0029560 seconds
168.684: Application time: 0.0788750 seconds
168.686: [GC [PSYoungGen: 89856K->7904K(97280K)] 101257K->19313K(319488K), 0.0021880 secs] [Times: user=0.02 sys=0.00, real=0.00 secs] 
168.688: Total time for which application threads were stopped: 0.0039610 seconds, Stopping threads took: 0.0016940 seconds
168.765: Application time: 0.0767610 seconds
168.768: [GC [PSYoungGen: 91360K->8240K(97280K)] 102769K->19649K(319488K), 0.0024030 secs] [Times: user=0.02 sys=0.00, real=0.00 secs] 
168.770: Total time for which application threads were stopped: 0.0053590 seconds, Stopping threads took: 0.0028610 seconds
168.844: Application time: 0.0742180 seconds
168.846: [GC [PSYoungGen: 91696K->6816K(97280K)] 103105K->18225K(319488K), 0.0018990 secs] [Times: user=0.01 sys=0.00, real=0.00 secs] 
168.848: Total time for which application threads were stopped: 0.0035140 seconds, Stopping threads took: 0.0015310 seconds
168.924: Application time: 0.0761560 seconds
168.926: [GC [PSYoungGen: 90272K->6592K(97280K)] 101681K->18001K(319488K), 0.0019240 secs] [Times: user=0.02 sys=0.00, real=0.00 secs] 
168.928: Total time for which application threads were stopped: 0.0035390 seconds, Stopping threads took: 0.0015350 seconds
169.002: Application time: 0.0740960 seconds
169.003: [GC [PSYoungGen: 90048K->7312K(97280K)] 101457K->18721K(319488K), 0.0021190 secs] [Times: user=0.02 sys=0.00, real=0.01 secs] 
169.006: Total time for which application threads were stopped: 0.0039390 seconds, Stopping threads took: 0.0017350 seconds
169.082: Application time: 0.0759860 seconds
169.084: [GC [PSYoungGen: 90768K->7248K(97280K)] 102177K->18665K(319488K), 0.0020740 secs] [Times: user=0.01 sys=0.00, real=0.01 secs] 
169.086: Total time for which application threads were stopped: 0.0043450 seconds, Stopping threads took: 0.0021880 seconds
169.160: Application time: 0.0736720 seconds
169.161: [GC [PSYoungGen: 90704K->7328K(97280K)] 102121K->18753K(319488K), 0.0020460 secs] [Times: user=0.01 sys=0.00, real=0.00 secs] 
169.164: Total time for which application threads were stopped: 0.0038830 seconds, Stopping threads took: 0.0017540 seconds
169.238: Application time: 0.0740330 seconds
169.239: [GC [PSYoungGen: 90784K->7968K(97280K)] 102209K->19393K(319488K), 0.0022400 secs] [Times: user=0.02 sys=0.00, real=0.00 secs] 
169.241: Total time for which application threads were stopped: 0.0036910 seconds, Stopping threads took: 0.0013660 seconds
169.313: Application time: 0.0720940 seconds
169.315: [GC [PSYoungGen: 91424K->7328K(97280K)] 102849K->18753K(319488K), 0.0021040 secs] [Times: user=0.02 sys=0.00, real=0.00 secs] 
169.317: Total time for which application threads were stopped: 0.0036720 seconds, Stopping threads took: 0.0014740 seconds
169.395: Application time: 0.0778300 seconds
169.397: [GC [PSYoungGen: 90784K->6800K(97280K)] 102209K->18225K(319488K), 0.0018840 secs] [Times: user=0.01 sys=0.00, real=0.00 secs] 
169.399: Total time for which application threads were stopped: 0.0042230 seconds, Stopping threads took: 0.0022570 seconds
169.473: Application time: 0.0743950 seconds
169.476: [GC [PSYoungGen: 90256K->6608K(97280K)] 101681K->18033K(319488K), 0.0019290 secs] [Times: user=0.01 sys=0.00, real=0.01 secs] 
169.478: Total time for which application threads were stopped: 0.0039930 seconds, Stopping threads took: 0.0019850 seconds
169.551: Application time: 0.0736230 seconds
169.553: [GC [PSYoungGen: 90064K->6608K(97280K)] 101489K->18041K(319488K), 0.0019020 secs] [Times: user=0.01 sys=0.00, real=0.00 secs] 
169.555: Total time for which application threads were stopped: 0.0042970 seconds, Stopping threads took: 0.0023120 seconds
169.631: Application time: 0.0753590 seconds
169.633: [GC [PSYoungGen: 90064K->6064K(97280K)] 101497K->17505K(319488K), 0.0018510 secs] [Times: user=0.01 sys=0.00, real=0.00 secs] 
169.635: Total time for which application threads were stopped: 0.0040080 seconds, Stopping threads took: 0.0020800 seconds
169.708: Application time: 0.0730870 seconds
169.710: [GC [PSYoungGen: 89520K->7072K(97280K)] 100961K->18529K(319488K), 0.0021430 secs] [Times: user=0.01 sys=0.00, real=0.00 secs] 
169.712: Total time for which application threads were stopped: 0.0045750 seconds, Stopping threads took: 0.0023260 seconds
169.786: Application time: 0.0730790 seconds
169.788: [GC [PSYoungGen: 90528K->7536K(97280K)] 101985K->18993K(319488K), 0.0021730 secs] [Times: user=0.01 sys=0.00, real=0.00 secs] 
169.790: Total time for which application threads were stopped: 0.0042460 seconds, Stopping threads took: 0.0019850 seconds
169.865: Application time: 0.0750800 seconds
169.866: [GC [PSYoungGen: 90992K->6592K(97280K)] 102449K->18049K(319488K), 0.0018990 secs] [Times: user=0.01 sys=0.00, real=0.00 secs] 
169.868: Total time for which application threads were stopped: 0.0034620 seconds, Stopping threads took: 0.0014730 seconds
169.944: Application time: 0.0752260 seconds
169.945: [GC [PSYoungGen: 90048K->5376K(97280K)] 101505K->16833K(319488K), 0.0015810 secs] [Times: user=0.01 sys=0.00, real=0.00 secs] 
169.947: Total time for which application threads were stopped: 0.0035200 seconds, Stopping threads took: 0.0018620 seconds
170.023: Application time: 0.0760160 seconds
170.026: [GC [PSYoungGen: 88832K->6976K(97280K)] 100289K->18441K(319488K), 0.0019440 secs] [Times: user=0.01 sys=0.00, real=0.00 secs] 
170.028: Total time for which application threads were stopped: 0.0046180 seconds, Stopping threads took: 0.0025900 seconds
170.103: Application time: 0.0754410 seconds
170.105: [GC [PSYoungGen: 90432K->6576K(97280K)] 101897K->18049K(319488K), 0.0019480 secs] [Times: user=0.01 sys=0.00, real=0.01 secs] 
170.107: Total time for which application threads were stopped: 0.0034520 seconds, Stopping threads took: 0.0014220 seconds
170.187: Application time: 0.0799660 seconds
170.189: [GC [PSYoungGen: 90032K->6416K(97280K)] 101505K->17897K(319488K), 0.0018450 secs] [Times: user=0.02 sys=0.00, real=0.00 secs] 
170.191: Total time for which application threads were stopped: 0.0047470 seconds, Stopping threads took: 0.0028210 seconds
170.266: Application time: 0.0748790 seconds
170.269: [GC [PSYoungGen: 89872K->6512K(97280K)] 101353K->17993K(319488K), 0.0017750 secs] [Times: user=0.02 sys=0.00, real=0.00 secs] 
170.270: Total time for which application threads were stopped: 0.0040850 seconds, Stopping threads took: 0.0022380 seconds
170.347: Application time: 0.0771170 seconds
170.349: [GC [PSYoungGen: 89968K->6000K(97280K)] 101449K->17481K(319488K), 0.0017870 secs] [Times: user=0.01 sys=0.01, real=0.00 secs] 
170.351: Total time for which application threads were stopped: 0.0034280 seconds, Stopping threads took: 0.0015570 seconds
170.422: Application time: 0.0710130 seconds
170.424: [GC [PSYoungGen: 89456K->6832K(97280K)] 100937K->18313K(319488K), 0.0019110 secs] [Times: user=0.02 sys=0.00, real=0.01 secs] 
170.426: Total time for which application threads were stopped: 0.0044740 seconds, Stopping threads took: 0.0024580 seconds
170.501: Application time: 0.0748250 seconds
170.503: [GC [PSYoungGen: 90288K->7760K(97280K)] 101769K->19249K(319488K), 0.0021770 secs] [Times: user=0.01 sys=0.00, real=0.00 secs] 
170.505: Total time for which application threads were stopped: 0.0037680 seconds, Stopping threads took: 0.0015110 seconds
170.582: Application time: 0.0775510 seconds
170.585: [GC [PSYoungGen: 91216K->8000K(97280K)] 102705K->19505K(319488K), 0.0021680 secs] [Times: user=0.01 sys=0.00, real=0.01 secs] 
170.587: Total time for which application threads were stopped: 0.0043030 seconds, Stopping threads took: 0.0020580 seconds
170.664: Application time: 0.0771680 seconds
170.666: [GC [PSYoungGen: 91456K->7440K(97280K)] 102961K->18961K(319488K), 0.0020010 secs] [Times: user=0.02 sys=0.00, real=0.00 secs] 
170.668: Total time for which application threads were stopped: 0.0036130 seconds, Stopping threads took: 0.0015310 seconds
170.740: Application time: 0.0727080 seconds
170.743: [GC [PSYoungGen: 90896K->7712K(97280K)] 102417K->19233K(319488K), 0.0022800 secs] [Times: user=0.01 sys=0.00, real=0.00 secs] 
170.745: Total time for which application threads were stopped: 0.0047310 seconds, Stopping threads took: 0.0023670 seconds
170.820: Application time: 0.0748260 seconds
170.822: [GC [PSYoungGen: 91168K->7920K(97280K)] 102689K->19441K(319488K), 0.0023110 secs] [Times: user=0.02 sys=0.00, real=0.00 secs] 
170.824: Total time for which application threads were stopped: 0.0041640 seconds, Stopping threads took: 0.0017700 seconds
170.899: Application time: 0.0746320 seconds
170.902: [GC [PSYoungGen: 91376K->8144K(97280K)] 102897K->19665K(319488K), 0.0023040 secs] [Times: user=0.01 sys=0.00, real=0.00 secs] 
170.904: Total time for which application threads were stopped: 0.0052330 seconds, Stopping threads took: 0.0028390 seconds
170.978: Application time: 0.0744870 seconds
170.980: [GC [PSYoungGen: 91600K->7296K(97280K)] 103121K->18825K(319488K), 0.0020980 secs] [Times: user=0.01 sys=0.00, real=0.00 secs] 
170.983: Total time for which application threads were stopped: 0.0041710 seconds, Stopping threads took: 0.0019800 seconds
171.056: Application time: 0.0731480 seconds
171.057: [GC [PSYoungGen: 90752K->6704K(97280K)] 102281K->18249K(319488K), 0.0018580 secs] [Times: user=0.01 sys=0.00, real=0.00 secs] 
171.059: Total time for which application threads were stopped: 0.0035390 seconds, Stopping threads took: 0.0016030 seconds
171.135: Application time: 0.0761540 seconds
171.137: [GC [PSYoungGen: 90160K->8032K(97280K)] 101705K->19585K(319488K), 0.0024870 secs] [Times: user=0.02 sys=0.00, real=0.00 secs] 
171.140: Total time for which application threads were stopped: 0.0045540 seconds, Stopping threads took: 0.0019820 seconds
171.215: Application time: 0.0747690 seconds
171.217: [GC [PSYoungGen: 91488K->6672K(97280K)] 103041K->18225K(319488K), 0.0019050 secs] [Times: user=0.01 sys=0.00, real=0.00 secs] 
171.219: Total time for which application threads were stopped: 0.0045680 seconds, Stopping threads took: 0.0025830 seconds
171.293: Application time: 0.0740810 seconds
171.295: [GC [PSYoungGen: 90128K->7104K(97280K)] 101681K->18657K(319488K), 0.0019420 secs] [Times: user=0.01 sys=0.00, real=0.00 secs] 
171.297: Total time for which application threads were stopped: 0.0036030 seconds, Stopping threads took: 0.0015850 seconds
171.370: Application time: 0.0727070 seconds
171.372: [GC [PSYoungGen: 90560K->7568K(97280K)] 102113K->19121K(319488K), 0.0020510 secs] [Times: user=0.01 sys=0.00, real=0.00 secs] 
171.374: Total time for which application threads were stopped: 0.0044410 seconds, Stopping threads took: 0.0022990 seconds
171.451: Application time: 0.0769760 seconds
171.453: [GC [PSYoungGen: 91024K->7120K(97280K)] 102577K->18681K(319488K), 0.0019870 secs] [Times: user=0.02 sys=0.00, real=0.00 secs] 
171.455: Total time for which application threads were stopped: 0.0035160 seconds, Stopping threads took: 0.0014530 seconds
171.533: Application time: 0.0779430 seconds
171.535: [GC [PSYoungGen: 90576K->5952K(97280K)] 102137K->17521K(319488K), 0.0017370 secs] [Times: user=0.01 sys=0.00, real=0.00 secs] 
171.537: Total time for which application threads were stopped: 0.0043360 seconds, Stopping threads took: 0.0025130 seconds
171.615: Application time: 0.0781560 seconds
171.617: [GC [PSYoungGen: 89408K->6736K(97280K)] 100977K->18313K(319488K), 0.0019600 secs] [Times: user=0.01 sys=0.00, real=0.00 secs] 
171.619: Total time for which application threads were stopped: 0.0040240 seconds, Stopping threads took: 0.0019760 seconds
171.691: Application time: 0.0714940 seconds
171.692: [GC [PSYoungGen: 90192K->7376K(97280K)] 101769K->18953K(319488K), 0.0020960 secs] [Times: user=0.01 sys=0.00, real=0.00 secs] 
171.695: Total time for which application threads were stopped: 0.0039370 seconds, Stopping threads took: 0.0017490 seconds
171.769: Application time: 0.0747670 seconds
171.771: [GC [PSYoungGen: 90832K->6800K(97280K)] 102409K->18377K(319488K), 0.0019510 secs] [Times: user=0.01 sys=0.00, real=0.00 secs] 
171.773: Total time for which application threads were stopped: 0.0037470 seconds, Stopping threads took: 0.0017150 seconds
171.849: Application time: 0.0759830 seconds
171.851: [GC [PSYoungGen: 90256K->6240K(97280K)] 101833K->17817K(319488K), 0.0018130 secs] [Times: user=0.01 sys=0.00, real=0.00 secs] 
171.853: Total time for which application threads were stopped: 0.0038470 seconds, Stopping threads took: 0.0019600 seconds
171.930: Application time: 0.0771210 seconds
171.932: [GC [PSYoungGen: 89696K->6512K(97280K)] 101273K->18089K(319488K), 0.0037630 secs] [Times: user=0.03 sys=0.00, real=0.00 secs] 
171.936: Total time for which application threads were stopped: 0.0055880 seconds, Stopping threads took: 0.0017420 seconds
172.011: Application time: 0.0752120 seconds
172.013: [GC [PSYoungGen: 89968K->7888K(97280K)] 101545K->19473K(319488K), 0.0022660 secs] [Times: user=0.01 sys=0.00, real=0.00 secs] 
172.015: Total time for which application threads were stopped: 0.0043410 seconds, Stopping threads took: 0.0019890 seconds
172.093: Application time: 0.0782870 seconds
172.096: [GC [PSYoungGen: 91344K->8128K(97280K)] 102929K->19721K(319488K), 0.0022620 secs] [Times: user=0.02 sys=0.00, real=0.01 secs] 
172.098: Total time for which application threads were stopped: 0.0049010 seconds, Stopping threads took: 0.0025450 seconds
172.172: Application time: 0.0736100 seconds
172.173: [GC [PSYoungGen: 91584K->7776K(97280K)] 103177K->19393K(319488K), 0.0022780 secs] [Times: user=0.01 sys=0.00, real=0.00 secs] 
172.176: Total time for which application threads were stopped: 0.0035610 seconds, Stopping threads took: 0.0012000 seconds
172.251: Application time: 0.0755640 seconds
172.253: [GC [PSYoungGen: 91232K->7168K(97280K)] 102849K->18785K(319488K), 0.0020440 secs] [Times: user=0.02 sys=0.00, real=0.00 secs] 
172.256: Total time for which application threads were stopped: 0.0044710 seconds, Stopping threads took: 0.0023440 seconds
172.328: Application time: 0.0723280 seconds
172.330: [GC [PSYoungGen: 90624K->7744K(97280K)] 102241K->19361K(319488K), 0.0021470 secs] [Times: user=0.02 sys=0.00, real=0.00 secs] 
172.332: Total time for which application threads were stopped: 0.0041390 seconds, Stopping threads took: 0.0019090 seconds
172.408: Application time: 0.0762950 seconds
172.411: [GC [PSYoungGen: 91200K->6576K(97280K)] 102817K->18193K(319488K), 0.0019770 secs] [Times: user=0.01 sys=0.00, real=0.00 secs] 
172.413: Total time for which application threads were stopped: 0.0048640 seconds, Stopping threads took: 0.0028020 seconds
172.486: Application time: 0.0725690 seconds
172.487: [GC [PSYoungGen: 90032K->8032K(97280K)] 101649K->19657K(319488K), 0.0024140 secs] [Times: user=0.01 sys=0.00, real=0.00 secs] 
172.490: Total time for which application threads were stopped: 0.0039270 seconds, Stopping threads took: 0.0014250 seconds
172.566: Application time: 0.0760980 seconds
172.568: [GC [PSYoungGen: 91488K->6096K(97280K)] 103113K->17729K(319488K), 0.0020430 secs] [Times: user=0.01 sys=0.00, real=0.00 secs] 
172.570: Total time for which application threads were stopped: 0.0045330 seconds, Stopping threads took: 0.0023880 seconds
172.645: Application time: 0.0746570 seconds
172.648: [GC [PSYoungGen: 89552K->6464K(97280K)] 101185K->18105K(319488K), 0.0019560 secs] [Times: user=0.01 sys=0.00, real=0.00 secs] 
172.650: Total time for which application threads were stopped: 0.0049970 seconds, Stopping threads took: 0.0029550 seconds
172.728: Application time: 0.0781760 seconds
172.731: [GC [PSYoungGen: 89920K->7040K(97280K)] 101561K->18681K(319488K), 0.0020780 secs] [Times: user=0.01 sys=0.00, real=0.00 secs] 
172.733: Total time for which application threads were stopped: 0.0049100 seconds, Stopping threads took: 0.0027370 seconds
172.812: Application time: 0.0785060 seconds
172.813: [GC [PSYoungGen: 90496K->7488K(97280K)] 102137K->19129K(319488K), 0.0021270 secs] [Times: user=0.02 sys=0.00, real=0.00 secs] 
172.815: Total time for which application threads were stopped: 0.0037980 seconds, Stopping threads took: 0.0015820 seconds
172.904: Application time: 0.0884210 seconds
172.905: [GC [PSYoungGen: 90944K->6736K(97280K)] 102585K->18377K(319488K), 0.0019570 secs] [Times: user=0.01 sys=0.00, real=0.01 secs] 
172.907: Total time for which application threads were stopped: 0.0028740 seconds, Stopping threads took: 0.0008310 seconds
172.985: Application time: 0.0787320 seconds
172.987: [GC [PSYoungGen: 90192K->7168K(97280K)] 101833K->18817K(319488K), 0.0021510 secs] [Times: user=0.02 sys=0.00, real=0.00 secs] 
172.989: Total time for which application threads were stopped: 0.0038560 seconds, Stopping threads took: 0.0016170 seconds
173.069: Application time: 0.0792540 seconds
173.070: [GC [PSYoungGen: 90624K->6672K(97280K)] 102273K->18329K(319488K), 0.0019870 secs] [Times: user=0.01 sys=0.00, real=0.00 secs] 
173.072: Total time for which application threads were stopped: 0.0034580 seconds, Stopping threads took: 0.0013910 seconds
173.150: Application time: 0.0780190 seconds
173.153: [GC [PSYoungGen: 90128K->6960K(97280K)] 101785K->18625K(319488K), 0.0021580 secs] [Times: user=0.01 sys=0.01, real=0.00 secs] 
173.155: Total time for which application threads were stopped: 0.0052340 seconds, Stopping threads took: 0.0029780 seconds
173.235: Application time: 0.0798180 seconds
173.238: [GC [PSYoungGen: 90416K->7456K(97280K)] 102081K->19121K(319488K), 0.0021700 secs] [Times: user=0.02 sys=0.00, real=0.00 secs] 
173.240: Total time for which application threads were stopped: 0.0046620 seconds, Stopping threads took: 0.0024000 seconds
173.322: Application time: 0.0826460 seconds
173.323: [GC [PSYoungGen: 90912K->6320K(97280K)] 102577K->17985K(319488K), 0.0019230 secs] [Times: user=0.01 sys=0.00, real=0.00 secs] 
173.325: Total time for which application threads were stopped: 0.0025330 seconds, Stopping threads took: 0.0005330 seconds
173.407: Application time: 0.0819800 seconds
173.410: [GC [PSYoungGen: 89776K->7968K(97280K)] 101441K->19633K(319488K), 0.0023060 secs] [Times: user=0.01 sys=0.00, real=0.00 secs] 
173.412: Total time for which application threads were stopped: 0.0054460 seconds, Stopping threads took: 0.0030380 seconds
173.492: Application time: 0.0796170 seconds
173.495: [GC [PSYoungGen: 91424K->6448K(97280K)] 103089K->18121K(319488K), 0.0019200 secs] [Times: user=0.00 sys=0.00, real=0.00 secs] 
173.497: Total time for which application threads were stopped: 0.0046830 seconds, Stopping threads took: 0.0026800 seconds
173.579: Application time: 0.0820460 seconds
173.580: [GC [PSYoungGen: 89904K->6208K(97280K)] 101577K->17889K(319488K), 0.0018740 secs] [Times: user=0.02 sys=0.00, real=0.00 secs] 
173.582: Total time for which application threads were stopped: 0.0036380 seconds, Stopping threads took: 0.0016780 seconds
173.665: Application time: 0.0826560 seconds
173.667: [GC [PSYoungGen: 89664K->5776K(97280K)] 101345K->17465K(319488K), 0.0016510 secs] [Times: user=0.01 sys=0.00, real=0.00 secs] 
173.668: Total time for which application threads were stopped: 0.0032670 seconds, Stopping threads took: 0.0015310 seconds
173.750: Application time: 0.0816890 seconds
173.752: [GC [PSYoungGen: 89232K->7328K(97280K)] 100921K->19017K(319488K), 0.0021790 secs] [Times: user=0.02 sys=0.00, real=0.00 secs] 
173.754: Total time for which application threads were stopped: 0.0043520 seconds, Stopping threads took: 0.0020930 seconds
173.836: Application time: 0.0820350 seconds
173.839: [GC [PSYoungGen: 90784K->5536K(97280K)] 102473K->17225K(319488K), 0.0016230 secs] [Times: user=0.01 sys=0.00, real=0.00 secs] 
173.840: Total time for which application threads were stopped: 0.0040140 seconds, Stopping threads took: 0.0023150 seconds
173.922: Application time: 0.0819970 seconds
173.925: [GC [PSYoungGen: 88992K->6352K(97280K)] 100681K->18041K(319488K), 0.0018290 secs] [Times: user=0.01 sys=0.00, real=0.01 secs] 
173.926: Total time for which application threads were stopped: 0.0040530 seconds, Stopping threads took: 0.0021400 seconds
174.004: Application time: 0.0775980 seconds
174.006: [GC [PSYoungGen: 89808K->6736K(97280K)] 101497K->18425K(319488K), 0.0019080 secs] [Times: user=0.01 sys=0.00, real=0.00 secs] 
174.008: Total time for which application threads were stopped: 0.0034730 seconds, Stopping threads took: 0.0014860 seconds
174.088: Application time: 0.0805860 seconds
174.090: [GC [PSYoungGen: 90192K->6400K(97280K)] 101881K->18105K(319488K), 0.0020610 secs] [Times: user=0.01 sys=0.00, real=0.00 secs] 
174.092: Total time for which application threads were stopped: 0.0037990 seconds, Stopping threads took: 0.0016510 seconds
174.170: Application time: 0.0776330 seconds
174.172: [GC [PSYoungGen: 89856K->8192K(97280K)] 101561K->19905K(319488K), 0.0024000 secs] [Times: user=0.01 sys=0.00, real=0.00 secs] 
174.174: Total time for which application threads were stopped: 0.0048110 seconds, Stopping threads took: 0.0023230 seconds
174.259: Application time: 0.0841780 seconds
174.262: [GC [PSYoungGen: 91648K->7552K(97280K)] 103361K->19265K(319488K), 0.0021050 secs] [Times: user=0.02 sys=0.00, real=0.00 secs] 
174.264: Total time for which application threads were stopped: 0.0055940 seconds, Stopping threads took: 0.0033880 seconds
174.342: Application time: 0.0780360 seconds
174.344: [GC [PSYoungGen: 91008K->6752K(97280K)] 102721K->18465K(319488K), 0.0023560 secs] [Times: user=0.01 sys=0.00, real=0.01 secs] 
174.346: Total time for which application threads were stopped: 0.0042520 seconds, Stopping threads took: 0.0018110 seconds
174.428: Application time: 0.0814230 seconds
174.430: [GC [PSYoungGen: 90208K->4960K(97280K)] 101921K->16673K(319488K), 0.0015300 secs] [Times: user=0.01 sys=0.00, real=0.00 secs] 
174.431: Total time for which application threads were stopped: 0.0033190 seconds, Stopping threads took: 0.0017180 seconds
174.511: Application time: 0.0800650 seconds
174.513: [GC [PSYoungGen: 88416K->6496K(97280K)] 100129K->18209K(319488K), 0.0020010 secs] [Times: user=0.01 sys=0.00, real=0.00 secs] 
174.515: Total time for which application threads were stopped: 0.0041870 seconds, Stopping threads took: 0.0020790 seconds
174.597: Application time: 0.0820080 seconds
174.600: [GC [PSYoungGen: 89952K->7424K(97280K)] 101665K->19145K(319488K), 0.0021780 secs] [Times: user=0.02 sys=0.00, real=0.00 secs] 
174.602: Total time for which application threads were stopped: 0.0049780 seconds, Stopping threads took: 0.0027170 seconds
174.680: Application time: 0.0773360 seconds
174.682: [GC [PSYoungGen: 90880K->6976K(97280K)] 102601K->18705K(319488K), 0.0020160 secs] [Times: user=0.01 sys=0.00, real=0.00 secs] 
174.684: Total time for which application threads were stopped: 0.0044410 seconds, Stopping threads took: 0.0023330 seconds
174.764: Application time: 0.0794820 seconds
174.766: [GC [PSYoungGen: 90432K->7552K(97280K)] 102161K->19289K(319488K), 0.0022130 secs] [Times: user=0.02 sys=0.00, real=0.00 secs] 
174.769: Total time for which application threads were stopped: 0.0049030 seconds, Stopping threads took: 0.0026070 seconds
174.848: Application time: 0.0791270 seconds
174.851: [GC [PSYoungGen: 91008K->6976K(97280K)] 102745K->18713K(319488K), 0.0018680 secs] [Times: user=0.02 sys=0.00, real=0.00 secs] 
174.853: Total time for which application threads were stopped: 0.0050620 seconds, Stopping threads took: 0.0031130 seconds
174.935: Application time: 0.0818440 seconds
174.936: [GC [PSYoungGen: 90432K->6880K(97280K)] 102169K->18617K(319488K), 0.0020440 secs] [Times: user=0.01 sys=0.00, real=0.01 secs] 
174.938: Total time for which application threads were stopped: 0.0037650 seconds, Stopping threads took: 0.0016380 seconds
175.019: Application time: 0.0801680 seconds
175.021: [GC [PSYoungGen: 90336K->7808K(97280K)] 102073K->19545K(319488K), 0.0023210 secs] [Times: user=0.02 sys=0.00, real=0.00 secs] 
175.023: Total time for which application threads were stopped: 0.0047130 seconds, Stopping threads took: 0.0023040 seconds
175.103: Application time: 0.0793040 seconds
175.105: [GC [PSYoungGen: 91264K->6000K(97280K)] 103001K->17745K(319488K), 0.0017650 secs] [Times: user=0.01 sys=0.00, real=0.01 secs] 
175.107: Total time for which application threads were stopped: 0.0042680 seconds, Stopping threads took: 0.0024170 seconds
175.183: Application time: 0.0758450 seconds
175.185: [GC [PSYoungGen: 89456K->7456K(97280K)] 101201K->19209K(319488K), 0.0022080 secs] [Times: user=0.01 sys=0.00, real=0.01 secs] 
175.187: Total time for which application threads were stopped: 0.0041410 seconds, Stopping threads took: 0.0018370 seconds
175.268: Application time: 0.0811000 seconds
175.270: [GC [PSYoungGen: 90912K->7008K(97280K)] 102665K->18769K(319488K), 0.0022390 secs] [Times: user=0.01 sys=0.00, real=0.00 secs] 
175.273: Total time for which application threads were stopped: 0.0045740 seconds, Stopping threads took: 0.0022260 seconds
175.350: Application time: 0.0772060 seconds
175.353: [GC [PSYoungGen: 90464K->7360K(97280K)] 102225K->19121K(319488K), 0.0023040 secs] [Times: user=0.02 sys=0.00, real=0.00 secs] 
175.355: Total time for which application threads were stopped: 0.0053850 seconds, Stopping threads took: 0.0029950 seconds
175.434: Application time: 0.0790680 seconds
175.437: [GC [PSYoungGen: 90816K->6832K(97280K)] 102577K->18593K(319488K), 0.0019740 secs] [Times: user=0.01 sys=0.00, real=0.01 secs] 
175.439: Total time for which application threads were stopped: 0.0045600 seconds, Stopping threads took: 0.0025030 seconds
175.522: Application time: 0.0834710 seconds
175.524: [GC [PSYoungGen: 90288K->6352K(97280K)] 102049K->18113K(319488K), 0.0019490 secs] [Times: user=0.01 sys=0.00, real=0.01 secs] 
175.526: Total time for which application threads were stopped: 0.0041660 seconds, Stopping threads took: 0.0021170 seconds
175.611: Application time: 0.0850600 seconds
175.615: [GC [PSYoungGen: 89808K->6928K(97280K)] 101569K->18697K(319488K), 0.0021310 secs] [Times: user=0.02 sys=0.00, real=0.00 secs] 
175.617: Total time for which application threads were stopped: 0.0053730 seconds, Stopping threads took: 0.0031600 seconds
175.697: Application time: 0.0799510 seconds
175.700: [GC [PSYoungGen: 90384K->5600K(97280K)] 102153K->17377K(319488K), 0.0017190 secs] [Times: user=0.01 sys=0.00, real=0.00 secs] 
175.702: Total time for which application threads were stopped: 0.0047930 seconds, Stopping threads took: 0.0029840 seconds
175.783: Application time: 0.0810200 seconds
175.786: [GC [PSYoungGen: 89056K->7408K(97280K)] 100833K->19193K(319488K), 0.0020900 secs] [Times: user=0.02 sys=0.00, real=0.00 secs] 
175.788: Total time for which application threads were stopped: 0.0052520 seconds, Stopping threads took: 0.0030750 seconds
175.866: Application time: 0.0780420 seconds
175.867: [GC [PSYoungGen: 90864K->7840K(97280K)] 102649K->19625K(319488K), 0.0021590 secs] [Times: user=0.02 sys=0.00, real=0.00 secs] 
175.870: Total time for which application threads were stopped: 0.0036370 seconds, Stopping threads took: 0.0013910 seconds
175.951: Application time: 0.0813800 seconds
175.954: [GC [PSYoungGen: 91296K->8240K(97280K)] 103081K->20025K(319488K), 0.0023640 secs] [Times: user=0.01 sys=0.00, real=0.00 secs] 
175.957: Total time for which application threads were stopped: 0.0057880 seconds, Stopping threads took: 0.0033310 seconds
176.036: Application time: 0.0792090 seconds
176.037: [GC [PSYoungGen: 91696K->6208K(97280K)] 103481K->17993K(319488K), 0.0017840 secs] [Times: user=0.01 sys=0.00, real=0.00 secs] 
176.039: Total time for which application threads were stopped: 0.0034110 seconds, Stopping threads took: 0.0015460 seconds
176.119: Application time: 0.0801000 seconds
176.121: [GC [PSYoungGen: 89664K->6608K(97280K)] 101449K->18409K(319488K), 0.0019420 secs] [Times: user=0.01 sys=0.00, real=0.00 secs] 
176.123: Total time for which application threads were stopped: 0.0035600 seconds, Stopping threads took: 0.0015310 seconds
176.199: Application time: 0.0761720 seconds
176.202: [GC [PSYoungGen: 90064K->7168K(97280K)] 101865K->18969K(319488K), 0.0020430 secs] [Times: user=0.01 sys=0.00, real=0.00 secs] 
176.204: Total time for which application threads were stopped: 0.0047370 seconds, Stopping threads took: 0.0025950 seconds
176.283: Application time: 0.0794170 seconds
176.286: [GC [PSYoungGen: 90624K->6576K(97280K)] 102425K->18393K(319488K), 0.0019310 secs] [Times: user=0.01 sys=0.00, real=0.00 secs] 
176.288: Total time for which application threads were stopped: 0.0043170 seconds, Stopping threads took: 0.0023010 seconds
176.368: Application time: 0.0799710 seconds
176.369: [GC [PSYoungGen: 90032K->4992K(97280K)] 101849K->16809K(319488K), 0.0015060 secs] [Times: user=0.00 sys=0.00, real=0.00 secs] 
176.371: Total time for which application threads were stopped: 0.0032490 seconds, Stopping threads took: 0.0016780 seconds
176.450: Application time: 0.0792840 seconds
176.452: [GC [PSYoungGen: 88448K->6784K(97280K)] 100265K->18601K(319488K), 0.0019870 secs] [Times: user=0.01 sys=0.00, real=0.00 secs] 
176.454: Total time for which application threads were stopped: 0.0039390 seconds, Stopping threads took: 0.0018650 seconds
176.535: Application time: 0.0805410 seconds
176.537: [GC [PSYoungGen: 90240K->6928K(97280K)] 102057K->18745K(319488K), 0.0020030 secs] [Times: user=0.01 sys=0.00, real=0.00 secs] 
176.539: Total time for which application threads were stopped: 0.0045090 seconds, Stopping threads took: 0.0024190 seconds
176.622: Application time: 0.0827200 seconds
176.624: [GC [PSYoungGen: 90384K->6656K(97280K)] 102201K->18473K(319488K), 0.0019550 secs] [Times: user=0.02 sys=0.00, real=0.01 secs] 
176.626: Total time for which application threads were stopped: 0.0041150 seconds, Stopping threads took: 0.0020710 seconds
176.704: Application time: 0.0783800 seconds
176.707: [GC [PSYoungGen: 90112K->7776K(97280K)] 101929K->19601K(319488K), 0.0022280 secs] [Times: user=0.02 sys=0.00, real=0.00 secs] 
176.709: Total time for which application threads were stopped: 0.0048040 seconds, Stopping threads took: 0.0024790 seconds
176.786: Application time: 0.0765510 seconds
176.787: [GC [PSYoungGen: 91232K->6240K(97280K)] 103057K->18073K(319488K), 0.0017410 secs] [Times: user=0.01 sys=0.00, real=0.00 secs] 
176.789: Total time for which application threads were stopped: 0.0032920 seconds, Stopping threads took: 0.0014700 seconds
176.865: Application time: 0.0759340 seconds
176.868: [GC [PSYoungGen: 89696K->6656K(97280K)] 101529K->18497K(319488K), 0.0019010 secs] [Times: user=0.02 sys=0.00, real=0.00 secs] 
176.870: Total time for which application threads were stopped: 0.0045900 seconds, Stopping threads took: 0.0026120 seconds
176.947: Application time: 0.0779550 seconds
176.950: [GC [PSYoungGen: 90112K->7088K(97280K)] 101953K->18929K(319488K), 0.0020280 secs] [Times: user=0.01 sys=0.00, real=0.00 secs] 
176.952: Total time for which application threads were stopped: 0.0049470 seconds, Stopping threads took: 0.0028350 seconds
177.026: Application time: 0.0737310 seconds
177.028: [GC [PSYoungGen: 90544K->7552K(97280K)] 102385K->19393K(319488K), 0.0021320 secs] [Times: user=0.02 sys=0.00, real=0.00 secs] 
177.030: Total time for which application threads were stopped: 0.0039600 seconds, Stopping threads took: 0.0017450 seconds
177.106: Application time: 0.0757390 seconds
177.107: [GC [PSYoungGen: 91008K->7568K(97280K)] 102849K->19409K(319488K), 0.0022270 secs] [Times: user=0.01 sys=0.00, real=0.00 secs] 
177.110: Total time for which application threads were stopped: 0.0038640 seconds, Stopping threads took: 0.0015470 seconds
177.183: Application time: 0.0727650 seconds
177.184: [GC [PSYoungGen: 91024K->7264K(97280K)] 102865K->19113K(319488K), 0.0020820 secs] [Times: user=0.02 sys=0.00, real=0.01 secs] 
177.186: Total time for which application threads were stopped: 0.0038100 seconds, Stopping threads took: 0.0016270 seconds
177.263: Application time: 0.0764440 seconds
177.265: [GC [PSYoungGen: 90720K->7408K(97280K)] 102569K->19265K(319488K), 0.0021260 secs] [Times: user=0.01 sys=0.00, real=0.01 secs] 
177.267: Total time for which application threads were stopped: 0.0043700 seconds, Stopping threads took: 0.0021530 seconds
177.344: Application time: 0.0766960 seconds
177.347: [GC [PSYoungGen: 90864K->6720K(97280K)] 102721K->18593K(319488K), 0.0018200 secs] [Times: user=0.01 sys=0.00, real=0.00 secs] 
177.349: Total time for which application threads were stopped: 0.0046640 seconds, Stopping threads took: 0.0027680 seconds
177.429: Application time: 0.0809530 seconds
177.432: [GC [PSYoungGen: 90176K->4720K(97280K)] 102049K->16593K(319488K), 0.0013550 secs] [Times: user=0.01 sys=0.00, real=0.00 secs] 
177.434: Total time for which application threads were stopped: 0.0042180 seconds, Stopping threads took: 0.0027840 seconds
177.508: Application time: 0.0744860 seconds
177.511: [GC [PSYoungGen: 88176K->6912K(97280K)] 100049K->18785K(319488K), 0.0020990 secs] [Times: user=0.01 sys=0.00, real=0.00 secs] 
177.513: Total time for which application threads were stopped: 0.0045330 seconds, Stopping threads took: 0.0023610 seconds
177.589: Application time: 0.0758660 seconds
177.591: [GC [PSYoungGen: 90368K->6144K(97280K)] 102241K->18017K(319488K), 0.0018760 secs] [Times: user=0.01 sys=0.00, real=0.00 secs] 
177.592: Total time for which application threads were stopped: 0.0038680 seconds, Stopping threads took: 0.0019110 seconds
177.668: Application time: 0.0751520 seconds
177.670: [GC [PSYoungGen: 89600K->7232K(97280K)] 101473K->19113K(319488K), 0.0019760 secs] [Times: user=0.01 sys=0.00, real=0.00 secs] 
177.672: Total time for which application threads were stopped: 0.0041580 seconds, Stopping threads took: 0.0021130 seconds
177.748: Application time: 0.0767200 seconds
177.751: [GC [PSYoungGen: 90688K->6976K(97280K)] 102569K->18865K(319488K), 0.0020440 secs] [Times: user=0.01 sys=0.00, real=0.00 secs] 
177.753: Total time for which application threads were stopped: 0.0042750 seconds, Stopping threads took: 0.0021490 seconds
177.827: Application time: 0.0741910 seconds
177.829: [GC [PSYoungGen: 90432K->7184K(97280K)] 102321K->19081K(319488K), 0.0019030 secs] [Times: user=0.01 sys=0.00, real=0.00 secs] 
177.831: Total time for which application threads were stopped: 0.0044430 seconds, Stopping threads took: 0.0024530 seconds
177.906: Application time: 0.0743290 seconds
177.908: [GC [PSYoungGen: 90640K->7840K(97280K)] 102537K->19737K(319488K), 0.0022680 secs] [Times: user=0.02 sys=0.00, real=0.00 secs] 
177.911: Total time for which application threads were stopped: 0.0049550 seconds, Stopping threads took: 0.0025980 seconds
177.984: Application time: 0.0735540 seconds
177.986: [GC [PSYoungGen: 91296K->6784K(97280K)] 103193K->18681K(319488K), 0.0019360 secs] [Times: user=0.02 sys=0.00, real=0.00 secs] 
177.988: Total time for which application threads were stopped: 0.0036310 seconds, Stopping threads took: 0.0016130 seconds
178.065: Application time: 0.0768760 seconds
178.067: [GC [PSYoungGen: 90240K->6544K(97280K)] 102137K->18441K(319488K), 0.0018520 secs] [Times: user=0.01 sys=0.00, real=0.00 secs] 
178.068: Total time for which application threads were stopped: 0.0037370 seconds, Stopping threads took: 0.0018080 seconds
178.144: Application time: 0.0750810 seconds
178.145: [GC [PSYoungGen: 90000K->6144K(97280K)] 101897K->18049K(319488K), 0.0017590 secs] [Times: user=0.02 sys=0.00, real=0.00 secs] 
178.147: Total time for which application threads were stopped: 0.0035800 seconds, Stopping threads took: 0.0017420 seconds
178.225: Application time: 0.0780650 seconds
178.227: [GC [PSYoungGen: 89600K->4928K(97280K)] 101505K->16841K(319488K), 0.0015290 secs] [Times: user=0.01 sys=0.00, real=0.00 secs] 
178.228: Total time for which application threads were stopped: 0.0032290 seconds, Stopping threads took: 0.0016240 seconds
178.304: Application time: 0.0752890 seconds
178.305: [GC [PSYoungGen: 88384K->6864K(97280K)] 100297K->18785K(319488K), 0.0020750 secs] [Times: user=0.01 sys=0.00, real=0.00 secs] 
178.307: Total time for which application threads were stopped: 0.0037290 seconds, Stopping threads took: 0.0015720 seconds
178.387: Application time: 0.0794880 seconds
178.390: [GC [PSYoungGen: 90320K->6560K(97280K)] 102241K->18481K(319488K), 0.0019030 secs] [Times: user=0.01 sys=0.00, real=0.00 secs] 
178.391: Total time for which application threads were stopped: 0.0045100 seconds, Stopping threads took: 0.0025160 seconds
178.469: Application time: 0.0778710 seconds
178.470: [GC [PSYoungGen: 90016K->5024K(97280K)] 101937K->16945K(319488K), 0.0014830 secs] [Times: user=0.01 sys=0.00, real=0.00 secs] 
178.472: Total time for which application threads were stopped: 0.0024390 seconds, Stopping threads took: 0.0008900 seconds
178.551: Application time: 0.0795480 seconds
178.553: [GC [PSYoungGen: 88480K->4848K(97280K)] 100401K->16769K(319488K), 0.0014240 secs] [Times: user=0.01 sys=0.00, real=0.00 secs] 
178.555: Total time for which application threads were stopped: 0.0033890 seconds, Stopping threads took: 0.0018960 seconds
178.629: Application time: 0.0742780 seconds
178.631: [GC [PSYoungGen: 88304K->7296K(97280K)] 100225K->19225K(319488K), 0.0019850 secs] [Times: user=0.01 sys=0.00, real=0.00 secs] 
178.633: Total time for which application threads were stopped: 0.0037490 seconds, Stopping threads took: 0.0016820 seconds
178.710: Application time: 0.0772410 seconds
178.712: [GC [PSYoungGen: 90752K->6768K(97280K)] 102681K->18705K(319488K), 0.0019180 secs] [Times: user=0.01 sys=0.00, real=0.00 secs] 
178.714: Total time for which application threads were stopped: 0.0040710 seconds, Stopping threads took: 0.0020730 seconds
178.789: Application time: 0.0753190 seconds
178.792: [GC [PSYoungGen: 90224K->7280K(97280K)] 102161K->19225K(319488K), 0.0020870 secs] [Times: user=0.01 sys=0.00, real=0.00 secs] 
178.794: Total time for which application threads were stopped: 0.0050150 seconds, Stopping threads took: 0.0028430 seconds
178.870: Application time: 0.0757220 seconds
178.872: [GC [PSYoungGen: 90736K->6208K(97280K)] 102681K->18153K(319488K), 0.0018450 secs] [Times: user=0.02 sys=0.00, real=0.00 secs] 
178.874: Total time for which application threads were stopped: 0.0035570 seconds, Stopping threads took: 0.0016310 seconds
178.947: Application time: 0.0734480 seconds
178.949: [GC [PSYoungGen: 89664K->8000K(97280K)] 101609K->19945K(319488K), 0.0022270 secs] [Times: user=0.01 sys=0.00, real=0.00 secs] 
178.951: Total time for which application threads were stopped: 0.0040110 seconds, Stopping threads took: 0.0016930 seconds
179.027: Application time: 0.0761050 seconds
179.030: [GC [PSYoungGen: 91456K->7568K(97280K)] 103401K->19513K(319488K), 0.0021390 secs] [Times: user=0.01 sys=0.00, real=0.00 secs] 
179.032: Total time for which application threads were stopped: 0.0050050 seconds, Stopping threads took: 0.0027810 seconds
179.105: Application time: 0.0727360 seconds
179.107: [GC [PSYoungGen: 91024K->7872K(97280K)] 102969K->19817K(319488K), 0.0022440 secs] [Times: user=0.02 sys=0.00, real=0.00 secs] 
179.109: Total time for which application threads were stopped: 0.0044180 seconds, Stopping threads took: 0.0020750 seconds
179.184: Application time: 0.0747610 seconds
179.186: [GC [PSYoungGen: 91328K->8400K(97280K)] 103273K->20369K(319488K), 0.0024760 secs] [Times: user=0.02 sys=0.00, real=0.00 secs] 
179.189: Total time for which application threads were stopped: 0.0045790 seconds, Stopping threads took: 0.0019960 seconds
179.262: Application time: 0.0728570 seconds
179.264: [GC [PSYoungGen: 91856K->7824K(97280K)] 103825K->19801K(319488K), 0.0022630 secs] [Times: user=0.01 sys=0.00, real=0.01 secs] 
179.267: Total time for which application threads were stopped: 0.0050130 seconds, Stopping threads took: 0.0026640 seconds
179.340: Application time: 0.0731080 seconds
179.342: [GC [PSYoungGen: 91280K->7008K(97280K)] 103257K->18985K(319488K), 0.0021370 secs] [Times: user=0.02 sys=0.00, real=0.00 secs] 
179.344: Total time for which application threads were stopped: 0.0040030 seconds, Stopping threads took: 0.0017610 seconds
179.419: Application time: 0.0755010 seconds
179.421: [GC [PSYoungGen: 90464K->6096K(97280K)] 102441K->18073K(319488K), 0.0017290 secs] [Times: user=0.01 sys=0.00, real=0.00 secs] 
179.422: Total time for which application threads were stopped: 0.0030800 seconds, Stopping threads took: 0.0012820 seconds
179.506: Application time: 0.0840140 seconds
179.509: [GC [PSYoungGen: 89552K->5280K(97280K)] 101529K->17257K(319488K), 0.0015410 secs] [Times: user=0.01 sys=0.00, real=0.00 secs] 
179.511: Total time for which application threads were stopped: 0.0046420 seconds, Stopping threads took: 0.0030240 seconds
179.588: Application time: 0.0770850 seconds
179.591: [GC [PSYoungGen: 88736K->7296K(97280K)] 100713K->19273K(319488K), 0.0021130 secs] [Times: user=0.02 sys=0.00, real=0.00 secs] 
179.593: Total time for which application threads were stopped: 0.0047760 seconds, Stopping threads took: 0.0025790 seconds
179.672: Application time: 0.0788680 seconds
179.674: [GC [PSYoungGen: 90752K->7648K(97280K)] 102729K->19633K(319488K), 0.0022030 secs] [Times: user=0.02 sys=0.00, real=0.00 secs] 
179.676: Total time for which application threads were stopped: 0.0047250 seconds, Stopping threads took: 0.0024360 seconds
179.749: Application time: 0.0721980 seconds
179.751: [GC [PSYoungGen: 91104K->7056K(97280K)] 103089K->19049K(319488K), 0.0019970 secs] [Times: user=0.01 sys=0.00, real=0.00 secs] 
179.753: Total time for which application threads were stopped: 0.0041320 seconds, Stopping threads took: 0.0020540 seconds
179.828: Application time: 0.0751530 seconds
179.831: [GC [PSYoungGen: 90512K->7520K(97280K)] 102505K->19529K(319488K), 0.0020920 secs] [Times: user=0.01 sys=0.00, real=0.00 secs] 
179.833: Total time for which application threads were stopped: 0.0054190 seconds, Stopping threads took: 0.0032460 seconds
179.907: Application time: 0.0732580 seconds
179.909: [GC [PSYoungGen: 90976K->7712K(97280K)] 102985K->19721K(319488K), 0.0021220 secs] [Times: user=0.02 sys=0.00, real=0.00 secs] 
179.911: Total time for which application threads were stopped: 0.0047280 seconds, Stopping threads took: 0.0025250 seconds
179.988: Application time: 0.0763430 seconds
179.990: [GC [PSYoungGen: 91168K->7488K(97280K)] 103177K->19497K(319488K), 0.0021600 secs] [Times: user=0.01 sys=0.00, real=0.00 secs] 
179.992: Total time for which application threads were stopped: 0.0040510 seconds, Stopping threads took: 0.0018030 seconds
180.064: Application time: 0.0719030 seconds
180.065: [GC [PSYoungGen: 90944K->7280K(97280K)] 102953K->19289K(319488K), 0.0019790 secs] [Times: user=0.02 sys=0.00, real=0.00 secs] 
180.067: Total time for which application threads were stopped: 0.0037620 seconds, Stopping threads took: 0.0016990 seconds
180.144: Application time: 0.0764670 seconds
180.147: [GC [PSYoungGen: 90736K->7168K(97280K)] 102745K->19185K(319488K), 0.0020970 secs] [Times: user=0.01 sys=0.00, real=0.00 secs] 
180.149: Total time for which application threads were stopped: 0.0047100 seconds, Stopping threads took: 0.0025320 seconds
180.221: Application time: 0.0723510 seconds
180.223: [GC [PSYoungGen: 90624K->7328K(97280K)] 102641K->19353K(319488K), 0.0021390 secs] [Times: user=0.01 sys=0.00, real=0.01 secs] 
180.225: Total time for which application threads were stopped: 0.0041630 seconds, Stopping threads took: 0.0019410 seconds
180.301: Application time: 0.0757220 seconds
180.304: [GC [PSYoungGen: 90784K->6928K(97280K)] 102809K->18961K(319488K), 0.0021100 secs] [Times: user=0.01 sys=0.00, real=0.01 secs] 
180.306: Total time for which application threads were stopped: 0.0047780 seconds, Stopping threads took: 0.0025800 seconds
180.380: Application time: 0.0745230 seconds
180.382: [GC [PSYoungGen: 90384K->7488K(97280K)] 102417K->19521K(319488K), 0.0021310 secs] [Times: user=0.01 sys=0.00, real=0.00 secs] 
180.384: Total time for which application threads were stopped: 0.0038880 seconds, Stopping threads took: 0.0016730 seconds
180.462: Application time: 0.0782040 seconds
180.464: [GC [PSYoungGen: 90944K->7760K(97280K)] 102977K->19793K(319488K), 0.0023510 secs] [Times: user=0.01 sys=0.00, real=0.01 secs] 
180.466: Total time for which application threads were stopped: 0.0041890 seconds, Stopping threads took: 0.0017460 seconds
180.541: Application time: 0.0749760 seconds
180.543: [GC [PSYoungGen: 91216K->6032K(97280K)] 103249K->18065K(319488K), 0.0017250 secs] [Times: user=0.01 sys=0.00, real=0.00 secs] 
180.545: Total time for which application threads were stopped: 0.0035930 seconds, Stopping threads took: 0.0017840 seconds
180.622: Application time: 0.0765220 seconds
180.624: [GC [PSYoungGen: 89488K->7600K(97280K)] 101521K->19641K(319488K), 0.0021920 secs] [Times: user=0.02 sys=0.00, real=0.01 secs] 
180.626: Total time for which application threads were stopped: 0.0049230 seconds, Stopping threads took: 0.0026430 seconds
180.700: Application time: 0.0733860 seconds
180.703: [GC [PSYoungGen: 91056K->6336K(97280K)] 103097K->18385K(319488K), 0.0017890 secs] [Times: user=0.01 sys=0.00, real=0.00 secs] 
180.705: Total time for which application threads were stopped: 0.0048290 seconds, Stopping threads took: 0.0029610 seconds
180.784: Application time: 0.0789830 seconds
180.785: [GC [PSYoungGen: 89792K->6064K(97280K)] 101841K->18121K(319488K), 0.0019530 secs] [Times: user=0.01 sys=0.00, real=0.00 secs] 
180.787: Total time for which application threads were stopped: 0.0036070 seconds, Stopping threads took: 0.0015720 seconds
180.866: Application time: 0.0784870 seconds
180.868: [GC [PSYoungGen: 89520K->6704K(97280K)] 101577K->18761K(319488K), 0.0019470 secs] [Times: user=0.01 sys=0.00, real=0.00 secs] 
180.870: Total time for which application threads were stopped: 0.0045030 seconds, Stopping threads took: 0.0024690 seconds
180.952: Application time: 0.0815680 seconds
180.954: [GC [PSYoungGen: 90160K->7472K(97280K)] 102217K->19529K(319488K), 0.0022370 secs] [Times: user=0.01 sys=0.00, real=0.00 secs] 
180.956: Total time for which application threads were stopped: 0.0041190 seconds, Stopping threads took: 0.0017940 seconds
181.034: Application time: 0.0779500 seconds
181.037: [GC [PSYoungGen: 90928K->7056K(97280K)] 102985K->19113K(319488K), 0.0021290 secs] [Times: user=0.02 sys=0.00, real=0.01 secs] 
181.039: Total time for which application threads were stopped: 0.0049640 seconds, Stopping threads took: 0.0027430 seconds
181.119: Application time: 0.0805350 seconds
181.121: [GC [PSYoungGen: 90512K->7392K(97280K)] 102569K->19465K(319488K), 0.0022040 secs] [Times: user=0.01 sys=0.01, real=0.00 secs] 
181.123: Total time for which application threads were stopped: 0.0038440 seconds, Stopping threads took: 0.0015480 seconds
181.206: Application time: 0.0829330 seconds
181.208: [GC [PSYoungGen: 90848K->5616K(97280K)] 102921K->17697K(319488K), 0.0016610 secs] [Times: user=0.01 sys=0.00, real=0.00 secs] 
181.210: Total time for which application threads were stopped: 0.0033560 seconds, Stopping threads took: 0.0016060 seconds
181.292: Application time: 0.0823000 seconds
181.294: [GC [PSYoungGen: 89072K->7600K(97280K)] 101153K->19705K(319488K), 0.0022730 secs] [Times: user=0.02 sys=0.00, real=0.00 secs] 
181.296: Total time for which application threads were stopped: 0.0044790 seconds, Stopping threads took: 0.0021110 seconds
181.374: Application time: 0.0780410 seconds
181.376: [GC [PSYoungGen: 91056K->8096K(97280K)] 103161K->20209K(319488K), 0.0024530 secs] [Times: user=0.02 sys=0.00, real=0.01 secs] 
181.379: Total time for which application threads were stopped: 0.0042960 seconds, Stopping threads took: 0.0017560 seconds
181.457: Application time: 0.0782030 seconds
181.459: [GC [PSYoungGen: 91552K->7568K(97280K)] 103665K->19681K(319488K), 0.0022220 secs] [Times: user=0.01 sys=0.00, real=0.00 secs] 
181.461: Total time for which application threads were stopped: 0.0043080 seconds, Stopping threads took: 0.0019940 seconds
181.538: Application time: 0.0770650 seconds
181.540: [GC [PSYoungGen: 91024K->6960K(97280K)] 103137K->19073K(319488K), 0.0020790 secs] [Times: user=0.01 sys=0.00, real=0.00 secs] 
181.542: Total time for which application threads were stopped: 0.0038150 seconds, Stopping threads took: 0.0016500 seconds
181.623: Application time: 0.0807460 seconds
181.626: [GC [PSYoungGen: 90416K->7648K(97280K)] 102529K->19761K(319488K), 0.0023040 secs] [Times: user=0.02 sys=0.00, real=0.00 secs] 
181.628: Total time for which application threads were stopped: 0.0052150 seconds, Stopping threads took: 0.0028210 seconds
181.706: Application time: 0.0778380 seconds
181.708: [GC [PSYoungGen: 91104K->7552K(97280K)] 103217K->19673K(319488K), 0.0022880 secs] [Times: user=0.01 sys=0.00, real=0.00 secs] 
181.710: Total time for which application threads were stopped: 0.0043160 seconds, Stopping threads took: 0.0019400 seconds
181.790: Application time: 0.0795930 seconds
181.793: [GC [PSYoungGen: 91008K->8048K(97280K)] 103129K->20177K(319488K), 0.0023360 secs] [Times: user=0.01 sys=0.00, real=0.00 secs] 
181.795: Total time for which application threads were stopped: 0.0053790 seconds, Stopping threads took: 0.0029460 seconds
181.874: Application time: 0.0786090 seconds
181.876: [GC [PSYoungGen: 91504K->7088K(97280K)] 103633K->19225K(319488K), 0.0020260 secs] [Times: user=0.01 sys=0.00, real=0.01 secs] 
181.878: Total time for which application threads were stopped: 0.0045800 seconds, Stopping threads took: 0.0024700 seconds
181.959: Application time: 0.0808620 seconds
181.962: [GC [PSYoungGen: 90544K->6512K(97280K)] 102681K->18649K(319488K), 0.0019140 secs] [Times: user=0.02 sys=0.00, real=0.00 secs] 
181.964: Total time for which application threads were stopped: 0.0043000 seconds, Stopping threads took: 0.0023050 seconds
182.044: Application time: 0.0799760 seconds
182.046: [GC [PSYoungGen: 89966K->7472K(97280K)] 102103K->19609K(319488K), 0.0020800 secs] [Times: user=0.01 sys=0.00, real=0.00 secs] 
182.048: Total time for which application threads were stopped: 0.0042620 seconds, Stopping threads took: 0.0021020 seconds
182.131: Application time: 0.0832470 seconds
182.134: [GC [PSYoungGen: 90928K->6816K(97280K)] 103065K->18953K(319488K), 0.0019210 secs] [Times: user=0.02 sys=0.00, real=0.00 secs] 
182.136: Total time for which application threads were stopped: 0.0051850 seconds, Stopping threads took: 0.0031840 seconds
182.219: Application time: 0.0832090 seconds
182.222: [GC [PSYoungGen: 90272K->7216K(97280K)] 102409K->19361K(319488K), 0.0022600 secs] [Times: user=0.01 sys=0.00, real=0.00 secs] 
182.224: Total time for which application threads were stopped: 0.0047960 seconds, Stopping threads took: 0.0024530 seconds
182.305: Application time: 0.0802970 seconds
182.307: [GC [PSYoungGen: 90672K->7760K(97280K)] 102817K->19913K(319488K), 0.0022280 secs] [Times: user=0.02 sys=0.00, real=0.00 secs] 
182.310: Total time for which application threads were stopped: 0.0051350 seconds, Stopping threads took: 0.0028090 seconds
182.388: Application time: 0.0783640 seconds
182.391: [GC [PSYoungGen: 91216K->6304K(97280K)] 103369K->18465K(319488K), 0.0018110 secs] [Times: user=0.02 sys=0.00, real=0.00 secs] 
182.393: Total time for which application threads were stopped: 0.0046230 seconds, Stopping threads took: 0.0027420 seconds
182.476: Application time: 0.0835280 seconds
182.477: [GC [PSYoungGen: 89760K->7680K(97280K)] 101921K->19841K(319488K), 0.0022350 secs] [Times: user=0.02 sys=0.00, real=0.00 secs] 
182.480: Total time for which application threads were stopped: 0.0035240 seconds, Stopping threads took: 0.0012020 seconds
182.560: Application time: 0.0800390 seconds
182.563: [GC [PSYoungGen: 91136K->7920K(97280K)] 103297K->20081K(319488K), 0.0022740 secs] [Times: user=0.01 sys=0.00, real=0.01 secs] 
182.565: Total time for which application threads were stopped: 0.0054980 seconds, Stopping threads took: 0.0031340 seconds
182.645: Application time: 0.0794100 seconds
182.647: [GC [PSYoungGen: 91376K->7120K(97280K)] 103537K->19281K(319488K), 0.0019920 secs] [Times: user=0.01 sys=0.00, real=0.00 secs] 
182.649: Total time for which application threads were stopped: 0.0047960 seconds, Stopping threads took: 0.0027300 seconds
182.727: Application time: 0.0779340 seconds
182.729: [GC [PSYoungGen: 90576K->6576K(97280K)] 102737K->18745K(319488K), 0.0019720 secs] [Times: user=0.02 sys=0.00, real=0.00 secs] 
182.731: Total time for which application threads were stopped: 0.0039440 seconds, Stopping threads took: 0.0018890 seconds
182.811: Application time: 0.0799470 seconds
182.815: [GC [PSYoungGen: 90032K->6848K(97280K)] 102201K->19025K(319488K), 0.0020100 secs] [Times: user=0.02 sys=0.00, real=0.00 secs] 
182.817: Total time for which application threads were stopped: 0.0053180 seconds, Stopping threads took: 0.0032030 seconds
182.900: Application time: 0.0836910 seconds
182.902: [GC [PSYoungGen: 90304K->6416K(97280K)] 102481K->18601K(319488K), 0.0017760 secs] [Times: user=0.01 sys=0.00, real=0.00 secs] 
182.904: Total time for which application threads were stopped: 0.0039510 seconds, Stopping threads took: 0.0021050 seconds
182.986: Application time: 0.0821030 seconds
182.989: [GC [PSYoungGen: 89872K->7936K(97280K)] 102057K->20129K(319488K), 0.0023820 secs] [Times: user=0.01 sys=0.00, real=0.00 secs] 
182.991: Total time for which application threads were stopped: 0.0046150 seconds, Stopping threads took: 0.0021460 seconds
183.070: Application time: 0.0791280 seconds
183.073: [GC [PSYoungGen: 91392K->7104K(97280K)] 103585K->19297K(319488K), 0.0020000 secs] [Times: user=0.01 sys=0.00, real=0.00 secs] 
183.075: Total time for which application threads were stopped: 0.0047610 seconds, Stopping threads took: 0.0026740 seconds
183.154: Application time: 0.0788980 seconds
183.156: [GC [PSYoungGen: 90560K->7280K(97280K)] 102753K->19473K(319488K), 0.0021240 secs] [Times: user=0.02 sys=0.00, real=0.01 secs] 
183.158: Total time for which application threads were stopped: 0.0038880 seconds, Stopping threads took: 0.0016790 seconds
183.239: Application time: 0.0818070 seconds
183.241: [GC [PSYoungGen: 90736K->5312K(97280K)] 102929K->17513K(319488K), 0.0016450 secs] [Times: user=0.00 sys=0.00, real=0.00 secs] 
183.243: Total time for which application threads were stopped: 0.0033910 seconds, Stopping threads took: 0.0016730 seconds
183.329: Application time: 0.0861150 seconds
183.331: [GC [PSYoungGen: 88768K->5280K(97280K)] 100969K->17489K(319488K), 0.0015790 secs] [Times: user=0.01 sys=0.00, real=0.00 secs] 
183.333: Total time for which application threads were stopped: 0.0039660 seconds, Stopping threads took: 0.0023030 seconds
183.414: Application time: 0.0806640 seconds
183.417: [GC [PSYoungGen: 88736K->7328K(97280K)] 100945K->19545K(319488K), 0.0021750 secs] [Times: user=0.02 sys=0.00, real=0.01 secs] 
183.419: Total time for which application threads were stopped: 0.0053470 seconds, Stopping threads took: 0.0030860 seconds
183.499: Application time: 0.0800510 seconds
183.501: [GC [PSYoungGen: 90784K->7360K(97280K)] 103001K->19585K(319488K), 0.0022370 secs] [Times: user=0.01 sys=0.00, real=0.00 secs] 
183.504: Total time for which application threads were stopped: 0.0045070 seconds, Stopping threads took: 0.0021870 seconds
183.582: Application time: 0.0784610 seconds
183.584: [GC [PSYoungGen: 90816K->6736K(97280K)] 103041K->18961K(319488K), 0.0019880 secs] [Times: user=0.01 sys=0.00, real=0.01 secs] 
183.586: Total time for which application threads were stopped: 0.0041510 seconds, Stopping threads took: 0.0020740 seconds
183.667: Application time: 0.0811120 seconds
183.669: [GC [PSYoungGen: 90192K->6960K(97280K)] 102417K->19185K(319488K), 0.0019920 secs] [Times: user=0.02 sys=0.00, real=0.00 secs] 
183.672: Total time for which application threads were stopped: 0.0042380 seconds, Stopping threads took: 0.0021670 seconds
183.754: Application time: 0.0828750 seconds
183.756: [GC [PSYoungGen: 90416K->5872K(97280K)] 102641K->18105K(319488K), 0.0016580 secs] [Times: user=0.01 sys=0.00, real=0.01 secs] 
183.758: Total time for which application threads were stopped: 0.0037300 seconds, Stopping threads took: 0.0019970 seconds
183.843: Application time: 0.0847290 seconds
183.845: [GC [PSYoungGen: 89328K->7008K(97280K)] 101561K->19249K(319488K), 0.0020270 secs] [Times: user=0.02 sys=0.00, real=0.00 secs] 
183.847: Total time for which application threads were stopped: 0.0044350 seconds, Stopping threads took: 0.0023150 seconds
183.927: Application time: 0.0799730 seconds
183.929: [GC [PSYoungGen: 90464K->6912K(97280K)] 102705K->19161K(319488K), 0.0019700 secs] [Times: user=0.01 sys=0.00, real=0.00 secs] 
183.931: Total time for which application threads were stopped: 0.0037910 seconds, Stopping threads took: 0.0017360 seconds
184.009: Application time: 0.0779750 seconds
184.011: [GC [PSYoungGen: 90368K->7200K(97280K)] 102617K->19457K(319488K), 0.0020880 secs] [Times: user=0.01 sys=0.00, real=0.00 secs] 
184.013: Total time for which application threads were stopped: 0.0043600 seconds, Stopping threads took: 0.0021830 seconds
184.091: Application time: 0.0780750 seconds
184.093: [GC [PSYoungGen: 90656K->8128K(97280K)] 102913K->20385K(319488K), 0.0022850 secs] [Times: user=0.01 sys=0.00, real=0.00 secs] 
184.096: Total time for which application threads were stopped: 0.0042940 seconds, Stopping threads took: 0.0019230 seconds
184.179: Application time: 0.0830070 seconds
184.181: [GC [PSYoungGen: 91584K->7712K(97280K)] 103841K->19969K(319488K), 0.0021970 secs] [Times: user=0.01 sys=0.00, real=0.00 secs] 
184.183: Total time for which application threads were stopped: 0.0045040 seconds, Stopping threads took: 0.0022200 seconds
184.261: Application time: 0.0779810 seconds
184.263: [GC [PSYoungGen: 91168K->6160K(97280K)] 103425K->18417K(319488K), 0.0018620 secs] [Times: user=0.02 sys=0.00, real=0.01 secs] 
184.265: Total time for which application threads were stopped: 0.0040010 seconds, Stopping threads took: 0.0020590 seconds
184.347: Application time: 0.0814600 seconds
184.349: [GC [PSYoungGen: 89616K->6880K(97280K)] 101873K->19145K(319488K), 0.0019630 secs] [Times: user=0.01 sys=0.00, real=0.00 secs] 
184.351: Total time for which application threads were stopped: 0.0043590 seconds, Stopping threads took: 0.0022920 seconds
184.430: Application time: 0.0792630 seconds
184.433: [GC [PSYoungGen: 90336K->6592K(97280K)] 102601K->18865K(319488K), 0.0019230 secs] [Times: user=0.01 sys=0.00, real=0.00 secs] 
184.435: Total time for which application threads were stopped: 0.0048570 seconds, Stopping threads took: 0.0028520 seconds
184.514: Application time: 0.0783940 seconds
184.517: [GC [PSYoungGen: 90048K->7296K(97280K)] 102321K->19577K(319488K), 0.0020780 secs] [Times: user=0.01 sys=0.00, real=0.01 secs] 
184.519: Total time for which application threads were stopped: 0.0051220 seconds, Stopping threads took: 0.0029640 seconds
184.599: Application time: 0.0799840 seconds
184.600: [GC [PSYoungGen: 90752K->6720K(97280K)] 103033K->19001K(319488K), 0.0019850 secs] [Times: user=0.02 sys=0.00, real=0.00 secs] 
184.602: Total time for which application threads were stopped: 0.0035540 seconds, Stopping threads took: 0.0014830 seconds
184.685: Application time: 0.0827320 seconds
184.688: [GC [PSYoungGen: 90176K->7808K(97280K)] 102457K->20089K(319488K), 0.0022830 secs] [Times: user=0.02 sys=0.00, real=0.00 secs] 
184.690: Total time for which application threads were stopped: 0.0052940 seconds, Stopping threads took: 0.0029250 seconds
184.767: Application time: 0.0766970 seconds
184.769: [GC [PSYoungGen: 91264K->5792K(97280K)] 103545K->18073K(319488K), 0.0016670 secs] [Times: user=0.01 sys=0.01, real=0.00 secs] 
184.771: Total time for which application threads were stopped: 0.0036720 seconds, Stopping threads took: 0.0019250 seconds
184.848: Application time: 0.0770470 seconds
184.850: [GC [PSYoungGen: 89248K->6672K(97280K)] 101529K->18961K(319488K), 0.0020670 secs] [Times: user=0.01 sys=0.00, real=0.00 secs] 
184.852: Total time for which application threads were stopped: 0.0041540 seconds, Stopping threads took: 0.0019970 seconds
184.929: Application time: 0.0773150 seconds
184.932: [GC [PSYoungGen: 90128K->7312K(97280K)] 102417K->19609K(319488K), 0.0042970 secs] [Times: user=0.03 sys=0.00, real=0.00 secs] 
184.936: Total time for which application threads were stopped: 0.0071960 seconds, Stopping threads took: 0.0028120 seconds
185.012: Application time: 0.0755980 seconds
185.015: [GC [PSYoungGen: 90768K->7152K(97280K)] 103065K->19465K(319488K), 0.0020590 secs] [Times: user=0.02 sys=0.00, real=0.00 secs] 
185.017: Total time for which application threads were stopped: 0.0048020 seconds, Stopping threads took: 0.0026650 seconds
185.090: Application time: 0.0731830 seconds
185.092: [GC [PSYoungGen: 90608K->7856K(97280K)] 102921K->20169K(319488K), 0.0024330 secs] [Times: user=0.02 sys=0.00, real=0.00 secs] 
185.095: Total time for which application threads were stopped: 0.0046770 seconds, Stopping threads took: 0.0021530 seconds
185.172: Application time: 0.0768960 seconds
185.173: [GC [PSYoungGen: 91312K->5472K(97280K)] 103625K->17785K(319488K), 0.0016220 secs] [Times: user=0.01 sys=0.00, real=0.00 secs] 
185.174: Total time for which application threads were stopped: 0.0028730 seconds, Stopping threads took: 0.0011710 seconds
185.248: Application time: 0.0737630 seconds
185.250: [GC [PSYoungGen: 88928K->6528K(97280K)] 101241K->18841K(319488K), 0.0019730 secs] [Times: user=0.01 sys=0.00, real=0.00 secs] 
185.252: Total time for which application threads were stopped: 0.0038800 seconds, Stopping threads took: 0.0018100 seconds
185.328: Application time: 0.0754480 seconds
185.329: [GC [PSYoungGen: 89984K->5728K(97280K)] 102297K->18057K(319488K), 0.0017330 secs] [Times: user=0.01 sys=0.00, real=0.00 secs] 
185.331: Total time for which application threads were stopped: 0.0029500 seconds, Stopping threads took: 0.0011430 seconds
185.404: Application time: 0.0738400 seconds
185.407: [GC [PSYoungGen: 89184K->6464K(97280K)] 101513K->18801K(319488K), 0.0018070 secs] [Times: user=0.01 sys=0.00, real=0.00 secs] 
185.409: Total time for which application threads were stopped: 0.0048080 seconds, Stopping threads took: 0.0029140 seconds
185.484: Application time: 0.0753280 seconds
185.487: [GC [PSYoungGen: 89920K->6176K(97280K)] 102257K->18521K(319488K), 0.0017150 secs] [Times: user=0.01 sys=0.00, real=0.00 secs] 
185.489: Total time for which application threads were stopped: 0.0041910 seconds, Stopping threads took: 0.0024020 seconds
185.566: Application time: 0.0769500 seconds
185.568: [GC [PSYoungGen: 89632K->6480K(97280K)] 101977K->18825K(319488K), 0.0018190 secs] [Times: user=0.01 sys=0.00, real=0.00 secs] 
185.570: Total time for which application threads were stopped: 0.0044270 seconds, Stopping threads took: 0.0025270 seconds
185.646: Application time: 0.0761020 seconds
185.649: [GC [PSYoungGen: 89936K->6192K(97280K)] 102281K->18537K(319488K), 0.0017880 secs] [Times: user=0.01 sys=0.00, real=0.00 secs] 
185.651: Total time for which application threads were stopped: 0.0048440 seconds, Stopping threads took: 0.0029750 seconds
185.727: Application time: 0.0756140 seconds
185.730: [GC [PSYoungGen: 89648K->6816K(97280K)] 101993K->19161K(319488K), 0.0018950 secs] [Times: user=0.02 sys=0.00, real=0.00 secs] 
185.732: Total time for which application threads were stopped: 0.0048660 seconds, Stopping threads took: 0.0028880 seconds
185.804: Application time: 0.0726880 seconds
185.807: [GC [PSYoungGen: 90270K->7056K(97280K)] 102615K->19401K(319488K), 0.0020290 secs] [Times: user=0.01 sys=0.00, real=0.00 secs] 
185.809: Total time for which application threads were stopped: 0.0047330 seconds, Stopping threads took: 0.0026240 seconds
185.884: Application time: 0.0747270 seconds
185.886: [GC [PSYoungGen: 90512K->6336K(97280K)] 102857K->18697K(319488K), 0.0018050 secs] [Times: user=0.02 sys=0.00, real=0.00 secs] 
185.888: Total time for which application threads were stopped: 0.0041480 seconds, Stopping threads took: 0.0022650 seconds
185.965: Application time: 0.0774540 seconds
185.967: [GC [PSYoungGen: 89792K->5792K(97280K)] 102153K->18161K(319488K), 0.0018900 secs] [Times: user=0.01 sys=0.00, real=0.00 secs] 
185.969: Total time for which application threads were stopped: 0.0034270 seconds, Stopping threads took: 0.0014520 seconds
186.041: Application time: 0.0721820 seconds
186.043: [GC [PSYoungGen: 89248K->7472K(97280K)] 101617K->19841K(319488K), 0.0021450 secs] [Times: user=0.02 sys=0.00, real=0.01 secs] 
186.045: Total time for which application threads were stopped: 0.0043350 seconds, Stopping threads took: 0.0021090 seconds
186.122: Application time: 0.0764560 seconds
186.124: [GC [PSYoungGen: 90928K->6496K(97280K)] 103297K->18865K(319488K), 0.0018890 secs] [Times: user=0.02 sys=0.00, real=0.01 secs] 
186.126: Total time for which application threads were stopped: 0.0039290 seconds, Stopping threads took: 0.0019560 seconds
186.198: Application time: 0.0728740 seconds
186.200: [GC [PSYoungGen: 89952K->8208K(97280K)] 102321K->20577K(319488K), 0.0024080 secs] [Times: user=0.02 sys=0.00, real=0.00 secs] 
186.203: Total time for which application threads were stopped: 0.0042000 seconds, Stopping threads took: 0.0017020 seconds
186.278: Application time: 0.0750510 seconds
186.280: [GC [PSYoungGen: 91664K->6288K(97280K)] 104033K->18657K(319488K), 0.0019280 secs] [Times: user=0.01 sys=0.00, real=0.00 secs] 
186.282: Total time for which application threads were stopped: 0.0042000 seconds, Stopping threads took: 0.0021820 seconds
186.357: Application time: 0.0750360 seconds
186.359: [GC [PSYoungGen: 89744K->5712K(97280K)] 102113K->18089K(319488K), 0.0017250 secs] [Times: user=0.01 sys=0.00, real=0.00 secs] 
186.360: Total time for which application threads were stopped: 0.0032970 seconds, Stopping threads took: 0.0014950 seconds
186.438: Application time: 0.0777610 seconds
186.440: [GC [PSYoungGen: 89168K->6352K(97280K)] 101545K->18737K(319488K), 0.0018710 secs] [Times: user=0.02 sys=0.00, real=0.00 secs] 
186.442: Total time for which application threads were stopped: 0.0041090 seconds, Stopping threads took: 0.0021590 seconds
186.515: Application time: 0.0733470 seconds
186.518: [GC [PSYoungGen: 89808K->5680K(97280K)] 102193K->18073K(319488K), 0.0016360 secs] [Times: user=0.01 sys=0.00, real=0.00 secs] 
186.519: Total time for which application threads were stopped: 0.0038260 seconds, Stopping threads took: 0.0020980 seconds
186.598: Application time: 0.0791710 seconds
186.600: [GC [PSYoungGen: 89136K->6352K(97280K)] 101529K->18745K(319488K), 0.0018920 secs] [Times: user=0.01 sys=0.00, real=0.00 secs] 
186.602: Total time for which application threads were stopped: 0.0036270 seconds, Stopping threads took: 0.0016500 seconds
186.676: Application time: 0.0736030 seconds
186.678: [GC [PSYoungGen: 89808K->6704K(97280K)] 102201K->19097K(319488K), 0.0019510 secs] [Times: user=0.01 sys=0.00, real=0.00 secs] 
186.680: Total time for which application threads were stopped: 0.0045290 seconds, Stopping threads took: 0.0024940 seconds
186.758: Application time: 0.0778620 seconds
186.761: [GC [PSYoungGen: 90160K->7664K(97280K)] 102553K->20057K(319488K), 0.0021660 secs] [Times: user=0.01 sys=0.00, real=0.00 secs] 
186.763: Total time for which application threads were stopped: 0.0051890 seconds, Stopping threads took: 0.0029310 seconds
186.839: Application time: 0.0759970 seconds
186.842: [GC [PSYoungGen: 91120K->7376K(97280K)] 103513K->19777K(319488K), 0.0021720 secs] [Times: user=0.02 sys=0.00, real=0.00 secs] 
186.844: Total time for which application threads were stopped: 0.0046520 seconds, Stopping threads took: 0.0023900 seconds
186.917: Application time: 0.0735090 seconds
186.920: [GC [PSYoungGen: 90832K->7152K(97280K)] 103233K->19561K(319488K), 0.0021550 secs] [Times: user=0.01 sys=0.00, real=0.00 secs] 
186.923: Total time for which application threads were stopped: 0.0050610 seconds, Stopping threads took: 0.0028190 seconds
186.997: Application time: 0.0744240 seconds
186.998: [GC [PSYoungGen: 90608K->6592K(97280K)] 103017K->19009K(319488K), 0.0018970 secs] [Times: user=0.01 sys=0.00, real=0.00 secs] 
187.000: Total time for which application threads were stopped: 0.0033270 seconds, Stopping threads took: 0.0013510 seconds
187.074: Application time: 0.0733570 seconds
187.076: [GC [PSYoungGen: 90048K->7504K(97280K)] 102465K->19921K(319488K), 0.0021610 secs] [Times: user=0.02 sys=0.00, real=0.01 secs] 
187.078: Total time for which application threads were stopped: 0.0046710 seconds, Stopping threads took: 0.0024130 seconds
187.152: Application time: 0.0737820 seconds
187.155: [GC [PSYoungGen: 90960K->6512K(97280K)] 103377K->18929K(319488K), 0.0017720 secs] [Times: user=0.02 sys=0.00, real=0.00 secs] 
187.157: Total time for which application threads were stopped: 0.0048320 seconds, Stopping threads took: 0.0029890 seconds
187.234: Application time: 0.0766850 seconds
187.236: [GC [PSYoungGen: 89968K->6832K(97280K)] 102385K->19249K(319488K), 0.0019090 secs] [Times: user=0.01 sys=0.00, real=0.01 secs] 
187.238: Total time for which application threads were stopped: 0.0045140 seconds, Stopping threads took: 0.0025260 seconds
187.312: Application time: 0.0737060 seconds
187.314: [GC [PSYoungGen: 90288K->8368K(97280K)] 102705K->20793K(319488K), 0.0022440 secs] [Times: user=0.02 sys=0.00, real=0.00 secs] 
187.316: Total time for which application threads were stopped: 0.0043690 seconds, Stopping threads took: 0.0020240 seconds
187.394: Application time: 0.0780280 seconds
187.397: [GC [PSYoungGen: 91824K->8000K(97280K)] 104249K->20465K(319488K), 0.0022410 secs] [Times: user=0.01 sys=0.00, real=0.00 secs] 
187.400: Total time for which application threads were stopped: 0.0053370 seconds, Stopping threads took: 0.0030150 seconds
187.471: Application time: 0.0713290 seconds
187.472: [GC [PSYoungGen: 91456K->7712K(97280K)] 103921K->20185K(319488K), 0.0021840 secs] [Times: user=0.01 sys=0.00, real=0.00 secs] 
187.474: Total time for which application threads were stopped: 0.0035040 seconds, Stopping threads took: 0.0012350 seconds
187.550: Application time: 0.0759640 seconds
187.553: [GC [PSYoungGen: 91168K->8064K(97280K)] 103641K->20537K(319488K), 0.0022760 secs] [Times: user=0.02 sys=0.00, real=0.00 secs] 
187.556: Total time for which application threads were stopped: 0.0053890 seconds, Stopping threads took: 0.0030100 seconds
187.631: Application time: 0.0749830 seconds
187.634: [GC [PSYoungGen: 91520K->6656K(97280K)] 103993K->19129K(319488K), 0.0021600 secs] [Times: user=0.01 sys=0.00, real=0.00 secs] 
187.636: Total time for which application threads were stopped: 0.0050270 seconds, Stopping threads took: 0.0027750 seconds
187.708: Application time: 0.0723020 seconds
187.710: [GC [PSYoungGen: 90112K->7808K(97280K)] 102585K->20281K(319488K), 0.0023960 secs] [Times: user=0.01 sys=0.00, real=0.00 secs] 
187.712: Total time for which application threads were stopped: 0.0042980 seconds, Stopping threads took: 0.0018220 seconds
187.787: Application time: 0.0748680 seconds
187.790: [GC [PSYoungGen: 91264K->7376K(97280K)] 103737K->19857K(319488K), 0.0021160 secs] [Times: user=0.01 sys=0.00, real=0.00 secs] 
187.792: Total time for which application threads were stopped: 0.0046520 seconds, Stopping threads took: 0.0024510 seconds
187.867: Application time: 0.0749550 seconds
187.869: [GC [PSYoungGen: 90832K->7168K(97280K)] 103313K->19657K(319488K), 0.0021400 secs] [Times: user=0.02 sys=0.00, real=0.00 secs] 
187.871: Total time for which application threads were stopped: 0.0038570 seconds, Stopping threads took: 0.0016360 seconds
187.943: Application time: 0.0721490 seconds
187.945: [GC [PSYoungGen: 90624K->7584K(97280K)] 103113K->20081K(319488K), 0.0021220 secs] [Times: user=0.02 sys=0.00, real=0.00 secs] 
187.947: Total time for which application threads were stopped: 0.0043800 seconds, Stopping threads took: 0.0021660 seconds
188.023: Application time: 0.0756130 seconds
188.026: [GC [PSYoungGen: 91040K->7840K(97280K)] 103537K->20337K(319488K), 0.0022890 secs] [Times: user=0.02 sys=0.00, real=0.00 secs] 
188.028: Total time for which application threads were stopped: 0.0050980 seconds, Stopping threads took: 0.0027220 seconds
188.102: Application time: 0.0738800 seconds
188.104: [GC [PSYoungGen: 91296K->7296K(97280K)] 103793K->19793K(319488K), 0.0021490 secs] [Times: user=0.01 sys=0.00, real=0.01 secs] 
188.106: Total time for which application threads were stopped: 0.0041550 seconds, Stopping threads took: 0.0019260 seconds
188.183: Application time: 0.0768870 seconds
188.186: [GC [PSYoungGen: 90752K->6896K(97280K)] 103249K->19393K(319488K), 0.0019490 secs] [Times: user=0.01 sys=0.00, real=0.00 secs] 
188.188: Total time for which application threads were stopped: 0.0049200 seconds, Stopping threads took: 0.0028760 seconds
188.262: Application time: 0.0741360 seconds
188.264: [GC [PSYoungGen: 90352K->6960K(97280K)] 102849K->19465K(319488K), 0.0019140 secs] [Times: user=0.01 sys=0.00, real=0.01 secs] 
188.266: Total time for which application threads were stopped: 0.0043260 seconds, Stopping threads took: 0.0023270 seconds
188.343: Application time: 0.0768260 seconds
188.346: [GC [PSYoungGen: 90416K->5680K(97280K)] 102921K->18193K(319488K), 0.0016740 secs] [Times: user=0.01 sys=0.00, real=0.00 secs] 
188.348: Total time for which application threads were stopped: 0.0049100 seconds, Stopping threads took: 0.0031600 seconds
188.422: Application time: 0.0736670 seconds
188.424: [GC [PSYoungGen: 89136K->7760K(97280K)] 101649K->20281K(319488K), 0.0022520 secs] [Times: user=0.02 sys=0.00, real=0.01 secs] 
188.426: Total time for which application threads were stopped: 0.0043770 seconds, Stopping threads took: 0.0020410 seconds
188.504: Application time: 0.0774740 seconds
188.506: [GC [PSYoungGen: 91216K->7440K(97280K)] 103737K->19961K(319488K), 0.0021620 secs] [Times: user=0.01 sys=0.00, real=0.00 secs] 
188.508: Total time for which application threads were stopped: 0.0043960 seconds, Stopping threads took: 0.0021500 seconds
188.581: Application time: 0.0730860 seconds
188.584: [GC [PSYoungGen: 90896K->7776K(97280K)] 103417K->20297K(319488K), 0.0023280 secs] [Times: user=0.01 sys=0.00, real=0.01 secs] 
188.586: Total time for which application threads were stopped: 0.0050370 seconds, Stopping threads took: 0.0026240 seconds
188.661: Application time: 0.0744790 seconds
188.663: [GC [PSYoungGen: 91232K->7024K(97280K)] 103753K->19545K(319488K), 0.0019560 secs] [Times: user=0.02 sys=0.00, real=0.00 secs] 
188.665: Total time for which application threads were stopped: 0.0045130 seconds, Stopping threads took: 0.0024670 seconds
188.740: Application time: 0.0747890 seconds
188.741: [GC [PSYoungGen: 90480K->6592K(97280K)] 103001K->19121K(319488K), 0.0018610 secs] [Times: user=0.02 sys=0.00, real=0.00 secs] 
188.743: Total time for which application threads were stopped: 0.0029380 seconds, Stopping threads took: 0.0009830 seconds
188.826: Application time: 0.0832920 seconds
188.828: [GC [PSYoungGen: 90048K->7456K(97280K)] 102577K->19993K(319488K), 0.0021860 secs] [Times: user=0.01 sys=0.00, real=0.00 secs] 
188.830: Total time for which application threads were stopped: 0.0036080 seconds, Stopping threads took: 0.0013350 seconds
188.909: Application time: 0.0791450 seconds
188.911: [GC [PSYoungGen: 90912K->6848K(97280K)] 103449K->19393K(319488K), 0.0020230 secs] [Times: user=0.02 sys=0.00, real=0.00 secs] 
188.913: Total time for which application threads were stopped: 0.0039130 seconds, Stopping threads took: 0.0018040 seconds
188.995: Application time: 0.0825480 seconds
188.998: [GC [PSYoungGen: 90304K->6160K(97280K)] 102849K->18713K(319488K), 0.0017900 secs] [Times: user=0.01 sys=0.00, real=0.00 secs] 
188.999: Total time for which application threads were stopped: 0.0041140 seconds, Stopping threads took: 0.0022360 seconds
189.078: Application time: 0.0789380 seconds
189.081: [GC [PSYoungGen: 89616K->7696K(97280K)] 102169K->20249K(319488K), 0.0021850 secs] [Times: user=0.00 sys=0.01, real=0.00 secs] 
189.083: Total time for which application threads were stopped: 0.0048020 seconds, Stopping threads took: 0.0025330 seconds
189.162: Application time: 0.0789100 seconds
189.164: [GC [PSYoungGen: 91152K->7936K(97280K)] 103705K->20489K(319488K), 0.0022150 secs] [Times: user=0.02 sys=0.00, real=0.01 secs] 
189.167: Total time for which application threads were stopped: 0.0045010 seconds, Stopping threads took: 0.0022030 seconds
189.244: Application time: 0.0775680 seconds
189.247: [GC [PSYoungGen: 91392K->7776K(97280K)] 103945K->20329K(319488K), 0.0022500 secs] [Times: user=0.01 sys=0.00, real=0.00 secs] 
189.249: Total time for which application threads were stopped: 0.0051430 seconds, Stopping threads took: 0.0027940 seconds
189.331: Application time: 0.0812030 seconds
189.333: [GC [PSYoungGen: 91232K->6256K(97280K)] 103785K->18817K(319488K), 0.0018140 secs] [Times: user=0.01 sys=0.00, real=0.00 secs] 
189.334: Total time for which application threads were stopped: 0.0038460 seconds, Stopping threads took: 0.0019540 seconds
189.412: Application time: 0.0776460 seconds
189.414: [GC [PSYoungGen: 89712K->5760K(97280K)] 102273K->18329K(319488K), 0.0017480 secs] [Times: user=0.01 sys=0.00, real=0.00 secs] 
189.416: Total time for which application threads were stopped: 0.0039610 seconds, Stopping threads took: 0.0021310 seconds
189.498: Application time: 0.0819090 seconds
189.499: [GC [PSYoungGen: 89216K->5808K(97280K)] 101785K->18385K(319488K), 0.0017070 secs] [Times: user=0.01 sys=0.00, real=0.00 secs] 
189.501: Total time for which application threads were stopped: 0.0030410 seconds, Stopping threads took: 0.0012560 seconds
189.579: Application time: 0.0775690 seconds
189.582: [GC [PSYoungGen: 89264K->7760K(97280K)] 101841K->20337K(319488K), 0.0022250 secs] [Times: user=0.02 sys=0.00, real=0.00 secs] 
189.584: Total time for which application threads were stopped: 0.0056080 seconds, Stopping threads took: 0.0032960 seconds
189.664: Application time: 0.0802230 seconds
189.667: [GC [PSYoungGen: 91216K->7312K(97280K)] 103793K->19889K(319488K), 0.0021750 secs] [Times: user=0.01 sys=0.00, real=0.00 secs] 
189.669: Total time for which application threads were stopped: 0.0045020 seconds, Stopping threads took: 0.0022430 seconds
189.746: Application time: 0.0775450 seconds
189.749: [GC [PSYoungGen: 90768K->8368K(97280K)] 103345K->20945K(319488K), 0.0025150 secs] [Times: user=0.01 sys=0.00, real=0.00 secs] 
189.751: Total time for which application threads were stopped: 0.0047990 seconds, Stopping threads took: 0.0021840 seconds
189.833: Application time: 0.0815060 seconds
189.835: [GC [PSYoungGen: 91824K->7152K(97280K)] 104401K->19737K(319488K), 0.0021130 secs] [Times: user=0.02 sys=0.00, real=0.00 secs] 
189.837: Total time for which application threads were stopped: 0.0041670 seconds, Stopping threads took: 0.0019740 seconds
189.915: Application time: 0.0778830 seconds
189.916: [GC [PSYoungGen: 90608K->7232K(97280K)] 103193K->19825K(319488K), 0.0021300 secs] [Times: user=0.01 sys=0.00, real=0.01 secs] 
189.919: Total time for which application threads were stopped: 0.0037900 seconds, Stopping threads took: 0.0015830 seconds
190.001: Application time: 0.0827730 seconds
190.004: [GC [PSYoungGen: 90688K->6624K(97280K)] 103281K->19225K(319488K), 0.0019400 secs] [Times: user=0.01 sys=0.00, real=0.01 secs] 
190.006: Total time for which application threads were stopped: 0.0048110 seconds, Stopping threads took: 0.0027850 seconds
190.085: Application time: 0.0789300 seconds
190.087: [GC [PSYoungGen: 90080K->7040K(97280K)] 102681K->19641K(319488K), 0.0023140 secs] [Times: user=0.01 sys=0.01, real=0.00 secs] 
190.090: Total time for which application threads were stopped: 0.0045640 seconds, Stopping threads took: 0.0021620 seconds
190.171: Application time: 0.0808980 seconds
190.173: [GC [PSYoungGen: 90496K->6624K(97280K)] 103097K->19225K(319488K), 0.0018760 secs] [Times: user=0.01 sys=0.00, real=0.00 secs] 
190.175: Total time for which application threads were stopped: 0.0041430 seconds, Stopping threads took: 0.0021820 seconds
190.255: Application time: 0.0804860 seconds
190.257: [GC [PSYoungGen: 90080K->6816K(97280K)] 102681K->19417K(319488K), 0.0022440 secs] [Times: user=0.01 sys=0.00, real=0.00 secs] 
190.260: Total time for which application threads were stopped: 0.0044460 seconds, Stopping threads took: 0.0021020 seconds
190.340: Application time: 0.0803030 seconds
190.343: [GC [PSYoungGen: 90272K->7792K(97280K)] 102873K->20401K(319488K), 0.0025500 secs] [Times: user=0.01 sys=0.00, real=0.01 secs] 
190.346: Total time for which application threads were stopped: 0.0058560 seconds, Stopping threads took: 0.0032160 seconds
190.424: Application time: 0.0778010 seconds
190.426: [GC [PSYoungGen: 91248K->6160K(97280K)] 103857K->18777K(319488K), 0.0017990 secs] [Times: user=0.01 sys=0.00, real=0.00 secs] 
190.428: Total time for which application threads were stopped: 0.0038880 seconds, Stopping threads took: 0.0020080 seconds
190.508: Application time: 0.0800670 seconds
190.510: [GC [PSYoungGen: 89616K->7904K(97280K)] 102233K->20529K(319488K), 0.0023190 secs] [Times: user=0.02 sys=0.00, real=0.00 secs] 
190.513: Total time for which application threads were stopped: 0.0050790 seconds, Stopping threads took: 0.0026720 seconds
190.591: Application time: 0.0783720 seconds
190.593: [GC [PSYoungGen: 91360K->7856K(97280K)] 103985K->20481K(319488K), 0.0021880 secs] [Times: user=0.02 sys=0.00, real=0.00 secs] 
190.595: Total time for which application threads were stopped: 0.0041780 seconds, Stopping threads took: 0.0019060 seconds
190.677: Application time: 0.0820670 seconds
190.680: [GC [PSYoungGen: 91312K->7840K(97280K)] 103937K->20465K(319488K), 0.0022250 secs] [Times: user=0.01 sys=0.00, real=0.00 secs] 
190.682: Total time for which application threads were stopped: 0.0051350 seconds, Stopping threads took: 0.0028240 seconds
190.761: Application time: 0.0787220 seconds
190.763: [GC [PSYoungGen: 91296K->8256K(97280K)] 103921K->20881K(319488K), 0.0023610 secs] [Times: user=0.02 sys=0.00, real=0.01 secs] 
190.766: Total time for which application threads were stopped: 0.0046260 seconds, Stopping threads took: 0.0021700 seconds
190.845: Application time: 0.0790130 seconds
190.847: [GC [PSYoungGen: 91712K->7680K(97280K)] 104337K->20313K(319488K), 0.0022640 secs] [Times: user=0.01 sys=0.00, real=0.00 secs] 
190.849: Total time for which application threads were stopped: 0.0045440 seconds, Stopping threads took: 0.0021890 seconds
190.932: Application time: 0.0826520 seconds
190.935: [GC [PSYoungGen: 91136K->6400K(97280K)] 103769K->19041K(319488K), 0.0022340 secs] [Times: user=0.01 sys=0.00, real=0.01 secs] 
190.937: Total time for which application threads were stopped: 0.0053110 seconds, Stopping threads took: 0.0029670 seconds
191.018: Application time: 0.0802970 seconds
191.020: [GC [PSYoungGen: 89856K->6896K(97280K)] 102497K->19545K(319488K), 0.0020710 secs] [Times: user=0.02 sys=0.00, real=0.00 secs] 
191.022: Total time for which application threads were stopped: 0.0040960 seconds, Stopping threads took: 0.0019330 seconds
191.102: Application time: 0.0804810 seconds
191.104: [GC [PSYoungGen: 90352K->8320K(97280K)] 103001K->20985K(319488K), 0.0024880 secs] [Times: user=0.02 sys=0.00, real=0.01 secs] 
191.106: Total time for which application threads were stopped: 0.0041620 seconds, Stopping threads took: 0.0015850 seconds
191.188: Application time: 0.0816150 seconds
191.189: [GC [PSYoungGen: 91776K->7648K(97280K)] 104441K->20313K(319488K), 0.0022650 secs] [Times: user=0.02 sys=0.00, real=0.00 secs] 
191.191: Total time for which application threads were stopped: 0.0032960 seconds, Stopping threads took: 0.0009390 seconds
191.270: Application time: 0.0783080 seconds
191.272: [GC [PSYoungGen: 91104K->6000K(97280K)] 103769K->18665K(319488K), 0.0017760 secs] [Times: user=0.01 sys=0.00, real=0.00 secs] 
191.274: Total time for which application threads were stopped: 0.0044200 seconds, Stopping threads took: 0.0025430 seconds
191.356: Application time: 0.0823820 seconds
191.359: [GC [PSYoungGen: 89456K->6144K(97280K)] 102121K->18817K(319488K), 0.0018430 secs] [Times: user=0.01 sys=0.00, real=0.00 secs] 
191.361: Total time for which application threads were stopped: 0.0041260 seconds, Stopping threads took: 0.0021960 seconds
191.444: Application time: 0.0834890 seconds
191.447: [GC [PSYoungGen: 89600K->6688K(97280K)] 102273K->19369K(319488K), 0.0018850 secs] [Times: user=0.01 sys=0.00, real=0.00 secs] 
191.449: Total time for which application threads were stopped: 0.0047010 seconds, Stopping threads took: 0.0027240 seconds
191.531: Application time: 0.0827900 seconds
191.534: [GC [PSYoungGen: 90144K->7248K(97280K)] 102825K->19961K(319488K), 0.0021040 secs] [Times: user=0.02 sys=0.00, real=0.00 secs] 
191.536: Total time for which application threads were stopped: 0.0049320 seconds, Stopping threads took: 0.0027410 seconds
191.616: Application time: 0.0792700 seconds
191.618: [GC [PSYoungGen: 90704K->6944K(97280K)] 103417K->19673K(319488K), 0.0019700 secs] [Times: user=0.01 sys=0.00, real=0.00 secs] 
191.620: Total time for which application threads were stopped: 0.0042640 seconds, Stopping threads took: 0.0022150 seconds
191.703: Application time: 0.0826090 seconds
191.705: [GC [PSYoungGen: 90400K->6000K(97280K)] 103129K->18729K(319488K), 0.0017540 secs] [Times: user=0.02 sys=0.00, real=0.01 secs] 
191.707: Total time for which application threads were stopped: 0.0039240 seconds, Stopping threads took: 0.0020900 seconds
191.786: Application time: 0.0793740 seconds
191.789: [GC [PSYoungGen: 89456K->7872K(97280K)] 102185K->20601K(319488K), 0.0022540 secs] [Times: user=0.02 sys=0.00, real=0.00 secs] 
191.791: Total time for which application threads were stopped: 0.0049830 seconds, Stopping threads took: 0.0026300 seconds
191.876: Application time: 0.0846620 seconds
191.878: [GC [PSYoungGen: 91328K->5200K(97280K)] 104057K->17929K(319488K), 0.0015960 secs] [Times: user=0.01 sys=0.00, real=0.00 secs] 
191.879: Total time for which application threads were stopped: 0.0038230 seconds, Stopping threads took: 0.0021560 seconds
191.962: Application time: 0.0825430 seconds
191.965: [GC [PSYoungGen: 88656K->7904K(97280K)] 101385K->20641K(319488K), 0.0022520 secs] [Times: user=0.02 sys=0.00, real=0.01 secs] 
191.967: Total time for which application threads were stopped: 0.0050180 seconds, Stopping threads took: 0.0026650 seconds
192.052: Application time: 0.0846200 seconds
192.054: [GC [PSYoungGen: 91360K->7520K(97280K)] 104097K->20265K(319488K), 0.0021440 secs] [Times: user=0.01 sys=0.00, real=0.00 secs] 
192.056: Total time for which application threads were stopped: 0.0045330 seconds, Stopping threads took: 0.0022780 seconds
192.139: Application time: 0.0824570 seconds
192.141: [GC [PSYoungGen: 90976K->4640K(97280K)] 103721K->17393K(319488K), 0.0014480 secs] [Times: user=0.01 sys=0.00, real=0.00 secs] 
192.142: Total time for which application threads were stopped: 0.0036600 seconds, Stopping threads took: 0.0021350 seconds
192.224: Application time: 0.0818660 seconds
192.227: [GC [PSYoungGen: 88096K->6624K(97280K)] 100849K->19377K(319488K), 0.0019330 secs] [Times: user=0.02 sys=0.00, real=0.00 secs] 
192.229: Total time for which application threads were stopped: 0.0048350 seconds, Stopping threads took: 0.0028140 seconds
192.306: Application time: 0.0772680 seconds
192.308: [GC [PSYoungGen: 90080K->8080K(97280K)] 102833K->20833K(319488K), 0.0023110 secs] [Times: user=0.01 sys=0.00, real=0.00 secs] 
192.310: Total time for which application threads were stopped: 0.0041390 seconds, Stopping threads took: 0.0017350 seconds
192.392: Application time: 0.0813490 seconds
192.394: [GC [PSYoungGen: 91536K->6592K(97280K)] 104289K->19345K(319488K), 0.0018690 secs] [Times: user=0.02 sys=0.00, real=0.00 secs] 
192.396: Total time for which application threads were stopped: 0.0044410 seconds, Stopping threads took: 0.0024900 seconds
192.474: Application time: 0.0782340 seconds
192.478: [GC [PSYoungGen: 90048K->7312K(97280K)] 102801K->20081K(319488K), 0.0020600 secs] [Times: user=0.01 sys=0.00, real=0.00 secs] 
192.480: Total time for which application threads were stopped: 0.0054220 seconds, Stopping threads took: 0.0032580 seconds
192.560: Application time: 0.0804590 seconds
192.563: [GC [PSYoungGen: 90768K->7056K(97280K)] 103537K->19841K(319488K), 0.0020930 secs] [Times: user=0.02 sys=0.00, real=0.00 secs] 
192.565: Total time for which application threads were stopped: 0.0046860 seconds, Stopping threads took: 0.0025060 seconds
192.643: Application time: 0.0778890 seconds
192.645: [GC [PSYoungGen: 90511K->6064K(97280K)] 103296K->18857K(319488K), 0.0017350 secs] [Times: user=0.01 sys=0.00, real=0.01 secs] 
192.647: Total time for which application threads were stopped: 0.0037380 seconds, Stopping threads took: 0.0019190 seconds
192.729: Application time: 0.0822370 seconds
192.731: [GC [PSYoungGen: 89520K->6560K(97280K)] 102313K->19353K(319488K), 0.0019000 secs] [Times: user=0.01 sys=0.00, real=0.00 secs] 
192.733: Total time for which application threads were stopped: 0.0045420 seconds, Stopping threads took: 0.0025620 seconds
192.806: Application time: 0.0729250 seconds
192.809: [GC [PSYoungGen: 90016K->7856K(97280K)] 102809K->20649K(319488K), 0.0023320 secs] [Times: user=0.02 sys=0.00, real=0.00 secs] 
192.811: Total time for which application threads were stopped: 0.0051910 seconds, Stopping threads took: 0.0027630 seconds
192.884: Application time: 0.0726260 seconds
192.886: [GC [PSYoungGen: 91312K->7120K(97280K)] 104105K->19913K(319488K), 0.0020830 secs] [Times: user=0.01 sys=0.00, real=0.00 secs] 
192.888: Total time for which application threads were stopped: 0.0039020 seconds, Stopping threads took: 0.0017380 seconds
192.962: Application time: 0.0738370 seconds
192.964: [GC [PSYoungGen: 90576K->7600K(97280K)] 103369K->20401K(319488K), 0.0020910 secs] [Times: user=0.01 sys=0.00, real=0.01 secs] 
192.967: Total time for which application threads were stopped: 0.0047650 seconds, Stopping threads took: 0.0025940 seconds
193.045: Application time: 0.0781140 seconds
193.047: [GC [PSYoungGen: 91056K->5264K(97280K)] 103857K->18073K(319488K), 0.0014950 secs] [Times: user=0.01 sys=0.00, real=0.00 secs] 
193.049: Total time for which application threads were stopped: 0.0041350 seconds, Stopping threads took: 0.0025710 seconds
193.127: Application time: 0.0780270 seconds
193.128: [GC [PSYoungGen: 88720K->6896K(97280K)] 101529K->19721K(319488K), 0.0020770 secs] [Times: user=0.02 sys=0.00, real=0.00 secs] 
193.130: Total time for which application threads were stopped: 0.0032450 seconds, Stopping threads took: 0.0010900 seconds
193.211: Application time: 0.0813710 seconds
193.214: [GC [PSYoungGen: 90352K->6736K(97280K)] 103177K->19569K(319488K), 0.0019320 secs] [Times: user=0.01 sys=0.00, real=0.00 secs] 
193.216: Total time for which application threads were stopped: 0.0046040 seconds, Stopping threads took: 0.0025890 seconds
193.294: Application time: 0.0778050 seconds
193.296: [GC [PSYoungGen: 90192K->6368K(97280K)] 103025K->19201K(319488K), 0.0019280 secs] [Times: user=0.01 sys=0.00, real=0.01 secs] 
193.298: Total time for which application threads were stopped: 0.0038920 seconds, Stopping threads took: 0.0018790 seconds
193.373: Application time: 0.0751850 seconds
193.375: [GC [PSYoungGen: 89824K->6224K(97280K)] 102657K->19057K(319488K), 0.0018480 secs] [Times: user=0.01 sys=0.00, real=0.00 secs] 
193.377: Total time for which application threads were stopped: 0.0038680 seconds, Stopping threads took: 0.0019270 seconds
193.453: Application time: 0.0765510 seconds
193.456: [GC [PSYoungGen: 89680K->7040K(97280K)] 102513K->19881K(319488K), 0.0018940 secs] [Times: user=0.01 sys=0.00, real=0.01 secs] 
193.458: Total time for which application threads were stopped: 0.0049340 seconds, Stopping threads took: 0.0029640 seconds
193.538: Application time: 0.0791740 seconds
193.540: [GC [PSYoungGen: 90496K->6128K(97280K)] 103337K->18977K(319488K), 0.0018450 secs] [Times: user=0.01 sys=0.00, real=0.00 secs] 
193.542: Total time for which application threads were stopped: 0.0040290 seconds, Stopping threads took: 0.0021100 seconds
193.615: Application time: 0.0735390 seconds
193.617: [GC [PSYoungGen: 89584K->6592K(97280K)] 102433K->19449K(319488K), 0.0018750 secs] [Times: user=0.01 sys=0.00, real=0.01 secs] 
193.619: Total time for which application threads were stopped: 0.0034820 seconds, Stopping threads took: 0.0015200 seconds
193.695: Application time: 0.0762000 seconds
193.697: [GC [PSYoungGen: 90048K->6496K(97280K)] 102905K->19377K(319488K), 0.0019740 secs] [Times: user=0.01 sys=0.00, real=0.01 secs] 
193.699: Total time for which application threads were stopped: 0.0039750 seconds, Stopping threads took: 0.0019220 seconds
193.774: Application time: 0.0748140 seconds
193.775: [GC [PSYoungGen: 89952K->7824K(97280K)] 102833K->20705K(319488K), 0.0022400 secs] [Times: user=0.02 sys=0.00, real=0.01 secs] 
193.777: Total time for which application threads were stopped: 0.0038840 seconds, Stopping threads took: 0.0015550 seconds
193.854: Application time: 0.0760640 seconds
193.856: [GC [PSYoungGen: 91280K->8272K(97280K)] 104161K->21153K(319488K), 0.0024010 secs] [Times: user=0.01 sys=0.00, real=0.01 secs] 
193.858: Total time for which application threads were stopped: 0.0047250 seconds, Stopping threads took: 0.0022390 seconds
193.932: Application time: 0.0735180 seconds
193.933: [GC [PSYoungGen: 91728K->5456K(97280K)] 104609K->18345K(319488K), 0.0035940 secs] [Times: user=0.03 sys=0.00, real=0.00 secs] 
193.937: Total time for which application threads were stopped: 0.0050150 seconds, Stopping threads took: 0.0013290 seconds
194.013: Application time: 0.0762570 seconds
194.016: [GC [PSYoungGen: 88912K->7280K(97280K)] 101801K->20177K(319488K), 0.0022290 secs] [Times: user=0.02 sys=0.00, real=0.01 secs] 
194.018: Total time for which application threads were stopped: 0.0053500 seconds, Stopping threads took: 0.0030340 seconds
194.095: Application time: 0.0763530 seconds
194.097: [GC [PSYoungGen: 90736K->7856K(97280K)] 103633K->20769K(319488K), 0.0022770 secs] [Times: user=0.02 sys=0.00, real=0.00 secs] 
194.100: Total time for which application threads were stopped: 0.0048090 seconds, Stopping threads took: 0.0024450 seconds
194.175: Application time: 0.0755930 seconds
194.177: [GC [PSYoungGen: 91312K->7200K(97280K)] 104225K->20121K(319488K), 0.0021730 secs] [Times: user=0.02 sys=0.00, real=0.00 secs] 
194.179: Total time for which application threads were stopped: 0.0041750 seconds, Stopping threads took: 0.0019190 seconds
194.255: Application time: 0.0758120 seconds
194.257: [GC [PSYoungGen: 90656K->6304K(97280K)] 103577K->19225K(319488K), 0.0018020 secs] [Times: user=0.01 sys=0.00, real=0.00 secs] 
194.259: Total time for which application threads were stopped: 0.0038240 seconds, Stopping threads took: 0.0019420 seconds
194.338: Application time: 0.0789950 seconds
194.340: [GC [PSYoungGen: 89760K->5648K(97280K)] 102681K->18569K(319488K), 0.0016410 secs] [Times: user=0.01 sys=0.00, real=0.00 secs] 
194.342: Total time for which application threads were stopped: 0.0038190 seconds, Stopping threads took: 0.0020970 seconds
194.415: Application time: 0.0730980 seconds
194.418: [GC [PSYoungGen: 89104K->7056K(97280K)] 102025K->19985K(319488K), 0.0019430 secs] [Times: user=0.01 sys=0.00, real=0.00 secs] 
194.420: Total time for which application threads were stopped: 0.0049310 seconds, Stopping threads took: 0.0029020 seconds
194.498: Application time: 0.0782360 seconds
194.501: [GC [PSYoungGen: 90512K->7504K(97280K)] 103441K->20441K(319488K), 0.0021030 secs] [Times: user=0.01 sys=0.00, real=0.00 secs] 
194.503: Total time for which application threads were stopped: 0.0049880 seconds, Stopping threads took: 0.0027930 seconds
194.576: Application time: 0.0731510 seconds
194.578: [GC [PSYoungGen: 90960K->7152K(97280K)] 103897K->20097K(319488K), 0.0019430 secs] [Times: user=0.01 sys=0.00, real=0.00 secs] 
194.580: Total time for which application threads were stopped: 0.0034040 seconds, Stopping threads took: 0.0013770 seconds
194.658: Application time: 0.0786280 seconds
194.660: [GC [PSYoungGen: 90608K->5664K(97280K)] 103553K->18617K(319488K), 0.0016620 secs] [Times: user=0.01 sys=0.00, real=0.00 secs] 
194.662: Total time for which application threads were stopped: 0.0033700 seconds, Stopping threads took: 0.0016300 seconds
194.735: Application time: 0.0731800 seconds
194.737: [GC [PSYoungGen: 89120K->6320K(97280K)] 102073K->19273K(319488K), 0.0018010 secs] [Times: user=0.01 sys=0.00, real=0.01 secs] 
194.738: Total time for which application threads were stopped: 0.0036320 seconds, Stopping threads took: 0.0017530 seconds
194.814: Application time: 0.0750710 seconds
194.816: [GC [PSYoungGen: 89776K->7760K(97280K)] 102729K->20713K(319488K), 0.0023050 secs] [Times: user=0.01 sys=0.00, real=0.01 secs] 
194.818: Total time for which application threads were stopped: 0.0044330 seconds, Stopping threads took: 0.0020440 seconds
194.893: Application time: 0.0754360 seconds
194.896: [GC [PSYoungGen: 91216K->6624K(97280K)] 104169K->19577K(319488K), 0.0018890 secs] [Times: user=0.02 sys=0.00, real=0.01 secs] 
194.898: Total time for which application threads were stopped: 0.0044980 seconds, Stopping threads took: 0.0025380 seconds
194.974: Application time: 0.0758890 seconds
194.977: [GC [PSYoungGen: 90080K->6656K(97280K)] 103033K->19617K(319488K), 0.0018700 secs] [Times: user=0.02 sys=0.00, real=0.01 secs] 
194.979: Total time for which application threads were stopped: 0.0048150 seconds, Stopping threads took: 0.0028570 seconds
195.049: Application time: 0.0702880 seconds
195.051: [GC [PSYoungGen: 90112K->8192K(97280K)] 103073K->21185K(319488K), 0.0023380 secs] [Times: user=0.01 sys=0.00, real=0.00 secs] 
195.054: Total time for which application threads were stopped: 0.0046990 seconds, Stopping threads took: 0.0022690 seconds
195.131: Application time: 0.0779040 seconds
195.134: [GC [PSYoungGen: 91648K->7952K(97280K)] 104641K->20961K(319488K), 0.0023100 secs] [Times: user=0.02 sys=0.00, real=0.00 secs] 
195.136: Total time for which application threads were stopped: 0.0044000 seconds, Stopping threads took: 0.0020050 seconds
195.210: Application time: 0.0744330 seconds
195.212: [GC [PSYoungGen: 91408K->6480K(97280K)] 104417K->19489K(319488K), 0.0019990 secs] [Times: user=0.01 sys=0.00, real=0.00 secs] 
195.214: Total time for which application threads were stopped: 0.0035110 seconds, Stopping threads took: 0.0014390 seconds
195.288: Application time: 0.0745270 seconds
195.291: [GC [PSYoungGen: 89936K->8016K(97280K)] 102945K->21025K(319488K), 0.0023010 secs] [Times: user=0.01 sys=0.00, real=0.00 secs] 
195.293: Total time for which application threads were stopped: 0.0048810 seconds, Stopping threads took: 0.0024910 seconds
195.370: Application time: 0.0764270 seconds
195.372: [GC [PSYoungGen: 91472K->7408K(97280K)] 104481K->20417K(319488K), 0.0021180 secs] [Times: user=0.01 sys=0.00, real=0.00 secs] 
195.374: Total time for which application threads were stopped: 0.0047500 seconds, Stopping threads took: 0.0025520 seconds
195.448: Application time: 0.0738310 seconds
195.450: [GC [PSYoungGen: 90864K->6832K(97280K)] 103873K->19849K(319488K), 0.0019640 secs] [Times: user=0.01 sys=0.00, real=0.00 secs] 
195.452: Total time for which application threads were stopped: 0.0033620 seconds, Stopping threads took: 0.0013140 seconds
195.525: Application time: 0.0729550 seconds
195.527: [GC [PSYoungGen: 90288K->7152K(97280K)] 103305K->20177K(319488K), 0.0020260 secs] [Times: user=0.02 sys=0.00, real=0.00 secs] 
195.529: Total time for which application threads were stopped: 0.0045610 seconds, Stopping threads took: 0.0024510 seconds
195.606: Application time: 0.0765120 seconds
195.608: [GC [PSYoungGen: 90608K->7392K(97280K)] 103633K->20425K(319488K), 0.0023940 secs] [Times: user=0.01 sys=0.00, real=0.00 secs] 
195.610: Total time for which application threads were stopped: 0.0047140 seconds, Stopping threads took: 0.0022210 seconds
195.683: Application time: 0.0728030 seconds
195.685: [GC [PSYoungGen: 90848K->6912K(97280K)] 103881K->19953K(319488K), 0.0019560 secs] [Times: user=0.01 sys=0.00, real=0.01 secs] 
195.687: Total time for which application threads were stopped: 0.0038910 seconds, Stopping threads took: 0.0018550 seconds
195.761: Application time: 0.0735650 seconds
195.762: [GC [PSYoungGen: 90368K->6480K(97280K)] 103409K->19521K(319488K), 0.0018810 secs] [Times: user=0.01 sys=0.00, real=0.00 secs] 
195.764: Total time for which application threads were stopped: 0.0033870 seconds, Stopping threads took: 0.0014240 seconds
195.838: Application time: 0.0743790 seconds
195.841: [GC [PSYoungGen: 89936K->7824K(97280K)] 102977K->20865K(319488K), 0.0022160 secs] [Times: user=0.02 sys=0.00, real=0.00 secs] 
195.843: Total time for which application threads were stopped: 0.0046160 seconds, Stopping threads took: 0.0023180 seconds
195.920: Application time: 0.0772310 seconds
195.922: [GC [PSYoungGen: 91280K->6544K(97280K)] 104321K->19593K(319488K), 0.0019110 secs] [Times: user=0.01 sys=0.00, real=0.00 secs] 
195.924: Total time for which application threads were stopped: 0.0036560 seconds, Stopping threads took: 0.0016670 seconds
195.998: Application time: 0.0736360 seconds
196.000: [GC [PSYoungGen: 90000K->6768K(97280K)] 103049K->19825K(319488K), 0.0019550 secs] [Times: user=0.01 sys=0.00, real=0.00 secs] 
196.002: Total time for which application threads were stopped: 0.0040980 seconds, Stopping threads took: 0.0020590 seconds
196.078: Application time: 0.0762760 seconds
196.079: [GC [PSYoungGen: 90224K->6512K(97280K)] 103281K->19577K(319488K), 0.0019270 secs] [Times: user=0.02 sys=0.00, real=0.00 secs] 
196.081: Total time for which application threads were stopped: 0.0026350 seconds, Stopping threads took: 0.0006300 seconds
196.153: Application time: 0.0723050 seconds
196.155: [GC [PSYoungGen: 89968K->6672K(97280K)] 103033K->19745K(319488K), 0.0018610 secs] [Times: user=0.01 sys=0.00, real=0.00 secs] 
196.157: Total time for which application threads were stopped: 0.0039250 seconds, Stopping threads took: 0.0019810 seconds
196.236: Application time: 0.0790000 seconds
196.237: [GC [PSYoungGen: 90128K->8224K(97280K)] 103201K->21297K(319488K), 0.0023800 secs] [Times: user=0.01 sys=0.00, real=0.00 secs] 
196.240: Total time for which application threads were stopped: 0.0039780 seconds, Stopping threads took: 0.0015140 seconds
196.316: Application time: 0.0761950 seconds
196.318: [GC [PSYoungGen: 91680K->7424K(97280K)] 104753K->20497K(319488K), 0.0021090 secs] [Times: user=0.02 sys=0.00, real=0.00 secs] 
196.320: Total time for which application threads were stopped: 0.0043790 seconds, Stopping threads took: 0.0021840 seconds
196.395: Application time: 0.0747430 seconds
196.398: [GC [PSYoungGen: 90880K->4544K(97280K)] 103953K->17633K(319488K), 0.0014420 secs] [Times: user=0.01 sys=0.00, real=0.00 secs] 
196.399: Total time for which application threads were stopped: 0.0039600 seconds, Stopping threads took: 0.0024450 seconds
196.473: Application time: 0.0734950 seconds
196.474: [GC [PSYoungGen: 88000K->8096K(97280K)] 101089K->21193K(319488K), 0.0021660 secs] [Times: user=0.02 sys=0.00, real=0.00 secs] 
196.476: Total time for which application threads were stopped: 0.0037970 seconds, Stopping threads took: 0.0015500 seconds
196.555: Application time: 0.0784820 seconds
196.557: [GC [PSYoungGen: 91552K->7680K(97280K)] 104649K->20785K(319488K), 0.0021520 secs] [Times: user=0.02 sys=0.00, real=0.01 secs] 
196.559: Total time for which application threads were stopped: 0.0041440 seconds, Stopping threads took: 0.0019060 seconds
196.634: Application time: 0.0752710 seconds
196.637: [GC [PSYoungGen: 91136K->8208K(97280K)] 104241K->21321K(319488K), 0.0023550 secs] [Times: user=0.02 sys=0.00, real=0.00 secs] 
196.640: Total time for which application threads were stopped: 0.0052590 seconds, Stopping threads took: 0.0028150 seconds
196.715: Application time: 0.0759500 seconds
196.717: [GC [PSYoungGen: 91664K->6864K(97280K)] 104777K->19977K(319488K), 0.0020370 secs] [Times: user=0.02 sys=0.00, real=0.01 secs] 
196.719: Total time for which application threads were stopped: 0.0035240 seconds, Stopping threads took: 0.0013860 seconds
196.800: Application time: 0.0806750 seconds
196.803: [GC [PSYoungGen: 90320K->6560K(97280K)] 103433K->19673K(319488K), 0.0019530 secs] [Times: user=0.01 sys=0.00, real=0.00 secs] 
196.805: Total time for which application threads were stopped: 0.0051310 seconds, Stopping threads took: 0.0030880 seconds
196.882: Application time: 0.0768920 seconds
196.885: [GC [PSYoungGen: 90016K->7376K(97280K)] 103129K->20505K(319488K), 0.0021510 secs] [Times: user=0.02 sys=0.00, real=0.01 secs] 
196.887: Total time for which application threads were stopped: 0.0051240 seconds, Stopping threads took: 0.0028810 seconds
196.968: Application time: 0.0807380 seconds
196.970: [GC [PSYoungGen: 90832K->4304K(97280K)] 103961K->17441K(319488K), 0.0013940 secs] [Times: user=0.01 sys=0.00, real=0.00 secs] 
196.971: Total time for which application threads were stopped: 0.0033760 seconds, Stopping threads took: 0.0019120 seconds
197.050: Application time: 0.0790870 seconds
197.052: [GC [PSYoungGen: 87760K->6176K(97280K)] 100897K->19321K(319488K), 0.0018180 secs] [Times: user=0.01 sys=0.00, real=0.00 secs] 
197.054: Total time for which application threads were stopped: 0.0040770 seconds, Stopping threads took: 0.0021700 seconds
197.131: Application time: 0.0769840 seconds
197.133: [GC [PSYoungGen: 89632K->7840K(97280K)] 102777K->21001K(319488K), 0.0023270 secs] [Times: user=0.01 sys=0.01, real=0.00 secs] 
197.135: Total time for which application threads were stopped: 0.0043320 seconds, Stopping threads took: 0.0019150 seconds
197.216: Application time: 0.0800920 seconds
197.218: [GC [PSYoungGen: 91296K->7424K(97280K)] 104457K->20585K(319488K), 0.0021760 secs] [Times: user=0.01 sys=0.00, real=0.00 secs] 
197.220: Total time for which application threads were stopped: 0.0047170 seconds, Stopping threads took: 0.0024280 seconds
197.299: Application time: 0.0786160 seconds
197.301: [GC [PSYoungGen: 90880K->6096K(97280K)] 104041K->19257K(319488K), 0.0018380 secs] [Times: user=0.01 sys=0.00, real=0.00 secs] 
197.303: Total time for which application threads were stopped: 0.0043750 seconds, Stopping threads took: 0.0024610 seconds
197.381: Application time: 0.0780300 seconds
197.384: [GC [PSYoungGen: 89552K->6864K(97280K)] 102713K->20025K(319488K), 0.0020270 secs] [Times: user=0.01 sys=0.00, real=0.01 secs] 
197.386: Total time for which application threads were stopped: 0.0045010 seconds, Stopping threads took: 0.0023880 seconds
197.468: Application time: 0.0818580 seconds
197.469: [GC [PSYoungGen: 90320K->6416K(97280K)] 103481K->19585K(319488K), 0.0019310 secs] [Times: user=0.01 sys=0.00, real=0.00 secs] 
197.471: Total time for which application threads were stopped: 0.0037350 seconds, Stopping threads took: 0.0017200 seconds
197.554: Application time: 0.0829530 seconds
197.556: [GC [PSYoungGen: 89872K->8064K(97280K)] 103041K->21241K(319488K), 0.0023730 secs] [Times: user=0.02 sys=0.00, real=0.01 secs] 
197.559: Total time for which application threads were stopped: 0.0045850 seconds, Stopping threads took: 0.0020990 seconds
197.636: Application time: 0.0772180 seconds
197.639: [GC [PSYoungGen: 91520K->6976K(97280K)] 104697K->20161K(319488K), 0.0020070 secs] [Times: user=0.01 sys=0.00, real=0.00 secs] 
197.641: Total time for which application threads were stopped: 0.0044260 seconds, Stopping threads took: 0.0023330 seconds
197.720: Application time: 0.0795760 seconds
197.723: [GC [PSYoungGen: 90432K->8032K(97280K)] 103617K->21217K(319488K), 0.0022550 secs] [Times: user=0.02 sys=0.00, real=0.01 secs] 
197.725: Total time for which application threads were stopped: 0.0052440 seconds, Stopping threads took: 0.0028940 seconds
197.803: Application time: 0.0775850 seconds
197.806: [GC [PSYoungGen: 91488K->7488K(97280K)] 104673K->20673K(319488K), 0.0020680 secs] [Times: user=0.02 sys=0.00, real=0.00 secs] 
197.808: Total time for which application threads were stopped: 0.0049290 seconds, Stopping threads took: 0.0027730 seconds
197.887: Application time: 0.0790360 seconds
197.889: [GC [PSYoungGen: 90944K->7824K(97280K)] 104129K->21009K(319488K), 0.0023060 secs] [Times: user=0.01 sys=0.00, real=0.00 secs] 
197.891: Total time for which application threads were stopped: 0.0039940 seconds, Stopping threads took: 0.0016010 seconds
197.969: Application time: 0.0784860 seconds
197.971: [GC [PSYoungGen: 91280K->7728K(97280K)] 104465K->20921K(319488K), 0.0022790 secs] [Times: user=0.01 sys=0.00, real=0.00 secs] 
197.974: Total time for which application threads were stopped: 0.0043280 seconds, Stopping threads took: 0.0019590 seconds
198.053: Application time: 0.0797120 seconds
198.055: [GC [PSYoungGen: 91184K->7536K(97280K)] 104377K->20737K(319488K), 0.0022180 secs] [Times: user=0.02 sys=0.00, real=0.01 secs] 
198.057: Total time for which application threads were stopped: 0.0039370 seconds, Stopping threads took: 0.0016340 seconds
198.135: Application time: 0.0780570 seconds
198.138: [GC [PSYoungGen: 90992K->6944K(97280K)] 104193K->20153K(319488K), 0.0019570 secs] [Times: user=0.01 sys=0.00, real=0.00 secs] 
198.140: Total time for which application threads were stopped: 0.0041850 seconds, Stopping threads took: 0.0021520 seconds
198.224: Application time: 0.0840540 seconds
198.227: [GC [PSYoungGen: 90400K->6048K(97280K)] 103609K->19265K(319488K), 0.0017650 secs] [Times: user=0.01 sys=0.00, real=0.00 secs] 
198.229: Total time for which application threads were stopped: 0.0049810 seconds, Stopping threads took: 0.0031310 seconds
198.309: Application time: 0.0803910 seconds
198.311: [GC [PSYoungGen: 89504K->5472K(97280K)] 102721K->18689K(319488K), 0.0015870 secs] [Times: user=0.01 sys=0.00, real=0.00 secs] 
198.312: Total time for which application threads were stopped: 0.0032380 seconds, Stopping threads took: 0.0015740 seconds
198.393: Application time: 0.0801690 seconds
198.395: [GC [PSYoungGen: 88928K->6496K(97280K)] 102145K->19713K(319488K), 0.0019200 secs] [Times: user=0.01 sys=0.00, real=0.00 secs] 
198.397: Total time for which application threads were stopped: 0.0044640 seconds, Stopping threads took: 0.0024580 seconds
198.477: Application time: 0.0803090 seconds
198.480: [GC [PSYoungGen: 89952K->7056K(97280K)] 103169K->20281K(319488K), 0.0020610 secs] [Times: user=0.01 sys=0.00, real=0.00 secs] 
198.482: Total time for which application threads were stopped: 0.0050770 seconds, Stopping threads took: 0.0029240 seconds
198.565: Application time: 0.0824600 seconds
198.567: [GC [PSYoungGen: 90512K->7264K(97280K)] 103737K->20497K(319488K), 0.0021250 secs] [Times: user=0.01 sys=0.01, real=0.00 secs] 
198.569: Total time for which application threads were stopped: 0.0045890 seconds, Stopping threads took: 0.0023810 seconds
198.650: Application time: 0.0808960 seconds
198.653: [GC [PSYoungGen: 90720K->5696K(97280K)] 103953K->18937K(319488K), 0.0016730 secs] [Times: user=0.01 sys=0.00, real=0.00 secs] 
198.655: Total time for which application threads were stopped: 0.0042820 seconds, Stopping threads took: 0.0025270 seconds
198.732: Application time: 0.0770660 seconds
198.734: [GC [PSYoungGen: 89152K->7776K(97280K)] 102393K->21025K(319488K), 0.0022930 secs] [Times: user=0.02 sys=0.00, real=0.00 secs] 
198.736: Total time for which application threads were stopped: 0.0047800 seconds, Stopping threads took: 0.0023900 seconds
198.814: Application time: 0.0775160 seconds
198.816: [GC [PSYoungGen: 91232K->6672K(97280K)] 104481K->19921K(319488K), 0.0021700 secs] [Times: user=0.01 sys=0.00, real=0.01 secs] 
198.819: Total time for which application threads were stopped: 0.0046130 seconds, Stopping threads took: 0.0023570 seconds
198.897: Application time: 0.0783650 seconds
198.899: [GC [PSYoungGen: 90128K->6384K(97280K)] 103377K->19633K(319488K), 0.0018970 secs] [Times: user=0.01 sys=0.00, real=0.00 secs] 
198.901: Total time for which application threads were stopped: 0.0044810 seconds, Stopping threads took: 0.0024940 seconds
198.982: Application time: 0.0801870 seconds
198.985: [GC [PSYoungGen: 89840K->6928K(97280K)] 103089K->20185K(319488K), 0.0019400 secs] [Times: user=0.01 sys=0.00, real=0.01 secs] 
198.987: Total time for which application threads were stopped: 0.0050070 seconds, Stopping threads took: 0.0029790 seconds
199.068: Application time: 0.0817460 seconds
199.072: [GC [PSYoungGen: 90384K->6528K(97280K)] 103641K->19793K(319488K), 0.0018800 secs] [Times: user=0.01 sys=0.00, real=0.00 secs] 
199.073: Total time for which application threads were stopped: 0.0050970 seconds, Stopping threads took: 0.0031320 seconds
199.153: Application time: 0.0798770 seconds
199.156: [GC [PSYoungGen: 89984K->6976K(97280K)] 103249K->20257K(319488K), 0.0020000 secs] [Times: user=0.02 sys=0.00, real=0.01 secs] 
199.158: Total time for which application threads were stopped: 0.0050260 seconds, Stopping threads took: 0.0029430 seconds
199.237: Application time: 0.0786940 seconds
199.240: [GC [PSYoungGen: 90432K->6976K(97280K)] 103713K->20265K(319488K), 0.0021270 secs] [Times: user=0.01 sys=0.00, real=0.00 secs] 
199.242: Total time for which application threads were stopped: 0.0052270 seconds, Stopping threads took: 0.0029980 seconds
199.320: Application time: 0.0775930 seconds
199.322: [GC [PSYoungGen: 90432K->8064K(97280K)] 103721K->21353K(319488K), 0.0023060 secs] [Times: user=0.01 sys=0.00, real=0.00 secs] 
199.325: Total time for which application threads were stopped: 0.0047300 seconds, Stopping threads took: 0.0023330 seconds
199.405: Application time: 0.0799340 seconds
199.407: [GC [PSYoungGen: 91520K->8224K(97280K)] 104809K->21513K(319488K), 0.0022750 secs] [Times: user=0.01 sys=0.00, real=0.00 secs] 
199.409: Total time for which application threads were stopped: 0.0044270 seconds, Stopping threads took: 0.0020700 seconds
199.491: Application time: 0.0821730 seconds
199.494: [GC [PSYoungGen: 91680K->6592K(97280K)] 104969K->19881K(319488K), 0.0018720 secs] [Times: user=0.01 sys=0.00, real=0.00 secs] 
199.496: Total time for which application threads were stopped: 0.0045990 seconds, Stopping threads took: 0.0026430 seconds
199.581: Application time: 0.0852680 seconds
199.583: [GC [PSYoungGen: 90048K->5984K(97280K)] 103337K->19281K(319488K), 0.0018600 secs] [Times: user=0.01 sys=0.00, real=0.00 secs] 
199.585: Total time for which application threads were stopped: 0.0037480 seconds, Stopping threads took: 0.0018110 seconds
199.665: Application time: 0.0803730 seconds
199.667: [GC [PSYoungGen: 89440K->8352K(97280K)] 102737K->21665K(319488K), 0.0024180 secs] [Times: user=0.02 sys=0.00, real=0.00 secs] 
199.669: Total time for which application threads were stopped: 0.0042220 seconds, Stopping threads took: 0.0017150 seconds
199.750: Application time: 0.0803870 seconds
199.752: [GC [PSYoungGen: 91808K->6912K(97280K)] 105121K->20241K(319488K), 0.0020570 secs] [Times: user=0.01 sys=0.00, real=0.00 secs] 
199.754: Total time for which application threads were stopped: 0.0044760 seconds, Stopping threads took: 0.0023260 seconds
199.833: Application time: 0.0787560 seconds
199.836: [GC [PSYoungGen: 90368K->6160K(97280K)] 103697K->19489K(319488K), 0.0017740 secs] [Times: user=0.00 sys=0.00, real=0.01 secs] 
199.837: Total time for which application threads were stopped: 0.0043980 seconds, Stopping threads took: 0.0025410 seconds
199.918: Application time: 0.0803150 seconds
199.920: [GC [PSYoungGen: 89616K->6816K(97280K)] 102945K->20145K(319488K), 0.0020430 secs] [Times: user=0.02 sys=0.00, real=0.00 secs] 
199.922: Total time for which application threads were stopped: 0.0046390 seconds, Stopping threads took: 0.0025100 seconds
200.000: Application time: 0.0772540 seconds
200.002: [GC [PSYoungGen: 90272K->7552K(97280K)] 103601K->20881K(319488K), 0.0021340 secs] [Times: user=0.02 sys=0.00, real=0.00 secs] 
200.005: Total time for which application threads were stopped: 0.0049390 seconds, Stopping threads took: 0.0027220 seconds
200.087: Application time: 0.0824980 seconds
200.089: [GC [PSYoungGen: 91008K->8048K(97280K)] 104337K->21385K(319488K), 0.0023880 secs] [Times: user=0.01 sys=0.00, real=0.00 secs] 
200.092: Total time for which application threads were stopped: 0.0047130 seconds, Stopping threads took: 0.0022370 seconds
200.170: Application time: 0.0786680 seconds
200.172: [GC [PSYoungGen: 91504K->6544K(97280K)] 104841K->19889K(319488K), 0.0020530 secs] [Times: user=0.01 sys=0.00, real=0.00 secs] 
200.174: Total time for which application threads were stopped: 0.0037180 seconds, Stopping threads took: 0.0015800 seconds
200.257: Application time: 0.0823460 seconds
200.259: [GC [PSYoungGen: 90000K->6256K(97280K)] 103345K->19617K(319488K), 0.0018840 secs] [Times: user=0.01 sys=0.00, real=0.00 secs] 
200.260: Total time for which application threads were stopped: 0.0039380 seconds, Stopping threads took: 0.0019570 seconds
200.338: Application time: 0.0773880 seconds
200.339: [GC [PSYoungGen: 89712K->6720K(97280K)] 103073K->20081K(319488K), 0.0020480 secs] [Times: user=0.01 sys=0.00, real=0.00 secs] 
200.341: Total time for which application threads were stopped: 0.0033490 seconds, Stopping threads took: 0.0012150 seconds
200.420: Application time: 0.0787380 seconds
200.422: [GC [PSYoungGen: 90176K->6704K(97280K)] 103537K->20065K(319488K), 0.0019690 secs] [Times: user=0.01 sys=0.00, real=0.00 secs] 
200.424: Total time for which application threads were stopped: 0.0044930 seconds, Stopping threads took: 0.0024420 seconds
200.507: Application time: 0.0823680 seconds
200.509: [GC [PSYoungGen: 90160K->6768K(97280K)] 103521K->20129K(319488K), 0.0019570 secs] [Times: user=0.02 sys=0.00, real=0.00 secs] 
200.511: Total time for which application threads were stopped: 0.0046370 seconds, Stopping threads took: 0.0025940 seconds
200.593: Application time: 0.0813400 seconds
200.594: [GC [PSYoungGen: 90224K->5136K(97280K)] 103585K->18505K(319488K), 0.0015860 secs] [Times: user=0.01 sys=0.00, real=0.00 secs] 
200.596: Total time for which application threads were stopped: 0.0026990 seconds, Stopping threads took: 0.0010330 seconds
200.675: Application time: 0.0793670 seconds
200.678: [GC [PSYoungGen: 88592K->7344K(97280K)] 101961K->20729K(319488K), 0.0021890 secs] [Times: user=0.01 sys=0.00, real=0.00 secs] 
200.681: Total time for which application threads were stopped: 0.0057110 seconds, Stopping threads took: 0.0034250 seconds
200.759: Application time: 0.0779300 seconds
200.761: [GC [PSYoungGen: 90800K->6992K(97280K)] 104185K->20385K(319488K), 0.0020180 secs] [Times: user=0.02 sys=0.00, real=0.00 secs] 
200.763: Total time for which application threads were stopped: 0.0044780 seconds, Stopping threads took: 0.0023610 seconds
200.836: Application time: 0.0729110 seconds
200.838: [GC [PSYoungGen: 90448K->6576K(97280K)] 103841K->19977K(319488K), 0.0019070 secs] [Times: user=0.02 sys=0.00, real=0.00 secs] 
200.840: Total time for which application threads were stopped: 0.0039680 seconds, Stopping threads took: 0.0019770 seconds
200.913: Application time: 0.0734040 seconds
200.916: [GC [PSYoungGen: 90032K->7936K(97280K)] 103433K->21337K(319488K), 0.0021750 secs] [Times: user=0.01 sys=0.00, real=0.01 secs] 
200.918: Total time for which application threads were stopped: 0.0050270 seconds, Stopping threads took: 0.0027680 seconds
200.994: Application time: 0.0755120 seconds
200.996: [GC [PSYoungGen: 91392K->7168K(97280K)] 104793K->20569K(319488K), 0.0020070 secs] [Times: user=0.02 sys=0.00, real=0.01 secs] 
200.999: Total time for which application threads were stopped: 0.0046670 seconds, Stopping threads took: 0.0025780 seconds
201.076: Application time: 0.0770190 seconds
201.078: [GC [PSYoungGen: 90624K->8304K(97280K)] 104025K->21713K(319488K), 0.0023620 secs] [Times: user=0.02 sys=0.00, real=0.00 secs] 
201.080: Total time for which application threads were stopped: 0.0049010 seconds, Stopping threads took: 0.0024530 seconds
201.155: Application time: 0.0741990 seconds
201.157: [GC [PSYoungGen: 91760K->7872K(97280K)] 105169K->21289K(319488K), 0.0020440 secs] [Times: user=0.01 sys=0.00, real=0.00 secs] 
201.160: Total time for which application threads were stopped: 0.0048830 seconds, Stopping threads took: 0.0027610 seconds
201.235: Application time: 0.0753980 seconds
201.236: [GC [PSYoungGen: 91328K->6720K(97280K)] 104745K->20145K(319488K), 0.0020870 secs] [Times: user=0.02 sys=0.00, real=0.01 secs] 
201.239: Total time for which application threads were stopped: 0.0036620 seconds, Stopping threads took: 0.0014940 seconds
201.313: Application time: 0.0741290 seconds
201.314: [GC [PSYoungGen: 90176K->8432K(97280K)] 103601K->21865K(319488K), 0.0025030 secs] [Times: user=0.02 sys=0.00, real=0.00 secs] 
201.317: Total time for which application threads were stopped: 0.0042980 seconds, Stopping threads took: 0.0017030 seconds
201.394: Application time: 0.0771070 seconds
201.396: [GC [PSYoungGen: 91888K->6912K(97280K)] 105321K->20345K(319488K), 0.0019880 secs] [Times: user=0.02 sys=0.00, real=0.01 secs] 
201.399: Total time for which application threads were stopped: 0.0044080 seconds, Stopping threads took: 0.0023320 seconds
201.472: Application time: 0.0731880 seconds
201.473: [GC [PSYoungGen: 90368K->6752K(97280K)] 103801K->20185K(319488K), 0.0020320 secs] [Times: user=0.02 sys=0.00, real=0.00 secs] 
201.475: Total time for which application threads were stopped: 0.0035920 seconds, Stopping threads took: 0.0014800 seconds
201.553: Application time: 0.0781310 seconds
201.555: [GC [PSYoungGen: 90208K->6128K(97280K)] 103641K->19577K(319488K), 0.0017090 secs] [Times: user=0.01 sys=0.00, real=0.01 secs] 
201.557: Total time for which application threads were stopped: 0.0037600 seconds, Stopping threads took: 0.0019760 seconds
201.630: Application time: 0.0732030 seconds
201.632: [GC [PSYoungGen: 89584K->7504K(97280K)] 103033K->20961K(319488K), 0.0022000 secs] [Times: user=0.01 sys=0.00, real=0.00 secs] 
201.634: Total time for which application threads were stopped: 0.0037110 seconds, Stopping threads took: 0.0014240 seconds
201.707: Application time: 0.0732240 seconds
201.710: [GC [PSYoungGen: 90960K->7616K(97280K)] 104417K->21081K(319488K), 0.0021910 secs] [Times: user=0.02 sys=0.00, real=0.00 secs] 
201.712: Total time for which application threads were stopped: 0.0048170 seconds, Stopping threads took: 0.0025420 seconds
201.787: Application time: 0.0745880 seconds
201.788: [GC [PSYoungGen: 91072K->6144K(97280K)] 104537K->19617K(319488K), 0.0017670 secs] [Times: user=0.01 sys=0.00, real=0.00 secs] 
201.790: Total time for which application threads were stopped: 0.0033400 seconds, Stopping threads took: 0.0014960 seconds
201.867: Application time: 0.0768710 seconds
201.869: [GC [PSYoungGen: 89600K->8432K(97280K)] 103073K->21905K(319488K), 0.0023710 secs] [Times: user=0.02 sys=0.00, real=0.00 secs] 
201.871: Total time for which application threads were stopped: 0.0042720 seconds, Stopping threads took: 0.0018090 seconds
201.945: Application time: 0.0739030 seconds
201.948: [GC [PSYoungGen: 91888K->7424K(97280K)] 105361K->20897K(319488K), 0.0021180 secs] [Times: user=0.01 sys=0.00, real=0.00 secs] 
201.950: Total time for which application threads were stopped: 0.0047540 seconds, Stopping threads took: 0.0025520 seconds
202.027: Application time: 0.0768660 seconds
202.028: [GC [PSYoungGen: 90880K->5952K(97280K)] 104353K->19425K(319488K), 0.0017650 secs] [Times: user=0.01 sys=0.00, real=0.00 secs] 
202.030: Total time for which application threads were stopped: 0.0028180 seconds, Stopping threads took: 0.0009770 seconds
202.103: Application time: 0.0732520 seconds
202.105: [GC [PSYoungGen: 89408K->8304K(97280K)] 102881K->21785K(319488K), 0.0023980 secs] [Times: user=0.02 sys=0.00, real=0.00 secs] 
202.108: Total time for which application threads were stopped: 0.0049670 seconds, Stopping threads took: 0.0024810 seconds
202.181: Application time: 0.0728900 seconds
202.182: [GC [PSYoungGen: 91760K->7760K(97280K)] 105241K->21249K(319488K), 0.0022730 secs] [Times: user=0.02 sys=0.00, real=0.00 secs] 
202.184: Total time for which application threads were stopped: 0.0035140 seconds, Stopping threads took: 0.0011590 seconds
202.259: Application time: 0.0744700 seconds
202.260: [GC [PSYoungGen: 91216K->6480K(97280K)] 104705K->19977K(319488K), 0.0018770 secs] [Times: user=0.01 sys=0.00, real=0.00 secs] 
202.262: Total time for which application threads were stopped: 0.0034840 seconds, Stopping threads took: 0.0015170 seconds
202.338: Application time: 0.0762510 seconds
202.340: [GC [PSYoungGen: 89936K->6080K(97280K)] 103433K->19577K(319488K), 0.0018250 secs] [Times: user=0.01 sys=0.00, real=0.00 secs] 
202.342: Total time for which application threads were stopped: 0.0038730 seconds, Stopping threads took: 0.0019650 seconds
202.416: Application time: 0.0737020 seconds
202.418: [GC [PSYoungGen: 89536K->5408K(97280K)] 103033K->18905K(319488K), 0.0016210 secs] [Times: user=0.02 sys=0.00, real=0.00 secs] 
202.420: Total time for which application threads were stopped: 0.0035700 seconds, Stopping threads took: 0.0018630 seconds
202.494: Application time: 0.0746870 seconds
202.497: [GC [PSYoungGen: 88864K->5312K(97280K)] 102361K->18809K(319488K), 0.0016090 secs] [Times: user=0.01 sys=0.00, real=0.00 secs] 
202.499: Total time for which application threads were stopped: 0.0045580 seconds, Stopping threads took: 0.0028700 seconds
202.576: Application time: 0.0771240 seconds
202.578: [GC [PSYoungGen: 88768K->5200K(97280K)] 102265K->18705K(319488K), 0.0014910 secs] [Times: user=0.01 sys=0.00, real=0.00 secs] 
202.580: Total time for which application threads were stopped: 0.0038960 seconds, Stopping threads took: 0.0023290 seconds
202.656: Application time: 0.0761500 seconds
202.657: [GC [PSYoungGen: 88656K->5936K(97280K)] 102161K->19449K(319488K), 0.0017670 secs] [Times: user=0.01 sys=0.00, real=0.01 secs] 
202.659: Total time for which application threads were stopped: 0.0027570 seconds, Stopping threads took: 0.0009070 seconds
202.735: Application time: 0.0758970 seconds
202.737: [GC [PSYoungGen: 89392K->6448K(97280K)] 102905K->19969K(319488K), 0.0018450 secs] [Times: user=0.01 sys=0.00, real=0.00 secs] 
202.739: Total time for which application threads were stopped: 0.0046150 seconds, Stopping threads took: 0.0026870 seconds
202.813: Application time: 0.0735320 seconds
202.816: [GC [PSYoungGen: 89904K->7504K(97280K)] 103425K->21033K(319488K), 0.0022430 secs] [Times: user=0.01 sys=0.00, real=0.01 secs] 
202.818: Total time for which application threads were stopped: 0.0052010 seconds, Stopping threads took: 0.0028780 seconds
202.898: Application time: 0.0803530 seconds
202.901: [GC [PSYoungGen: 90960K->4352K(97280K)] 104489K->17881K(319488K), 0.0012330 secs] [Times: user=0.01 sys=0.00, real=0.00 secs] 
202.903: Total time for which application threads were stopped: 0.0042400 seconds, Stopping threads took: 0.0029370 seconds
202.982: Application time: 0.0793230 seconds
202.985: [GC [PSYoungGen: 87808K->7552K(97280K)] 101337K->21081K(319488K), 0.0020420 secs] [Times: user=0.01 sys=0.00, real=0.01 secs] 
202.987: Total time for which application threads were stopped: 0.0049630 seconds, Stopping threads took: 0.0028360 seconds
203.066: Application time: 0.0791220 seconds
203.069: [GC [PSYoungGen: 91008K->7488K(97280K)] 104537K->21025K(319488K), 0.0020360 secs] [Times: user=0.01 sys=0.00, real=0.00 secs] 
203.071: Total time for which application threads were stopped: 0.0051910 seconds, Stopping threads took: 0.0030780 seconds
203.150: Application time: 0.0786460 seconds
203.152: [GC [PSYoungGen: 90944K->7408K(97280K)] 104481K->20953K(319488K), 0.0022550 secs] [Times: user=0.01 sys=0.00, real=0.00 secs] 
203.155: Total time for which application threads were stopped: 0.0047850 seconds, Stopping threads took: 0.0024230 seconds
203.233: Application time: 0.0783200 seconds
203.234: [GC [PSYoungGen: 90864K->6144K(97280K)] 104409K->19697K(319488K), 0.0018120 secs] [Times: user=0.01 sys=0.00, real=0.00 secs] 
203.236: Total time for which application threads were stopped: 0.0030000 seconds, Stopping threads took: 0.0011130 seconds
203.316: Application time: 0.0801300 seconds
203.318: [GC [PSYoungGen: 89600K->7616K(97280K)] 103153K->21193K(319488K), 0.0022570 secs] [Times: user=0.02 sys=0.00, real=0.00 secs] 
203.321: Total time for which application threads were stopped: 0.0045490 seconds, Stopping threads took: 0.0022100 seconds
203.395: Application time: 0.0744860 seconds
203.397: [GC [PSYoungGen: 91072K->8032K(97280K)] 104649K->21609K(319488K), 0.0023500 secs] [Times: user=0.02 sys=0.00, real=0.00 secs] 
203.400: Total time for which application threads were stopped: 0.0046550 seconds, Stopping threads took: 0.0022200 seconds
203.474: Application time: 0.0746090 seconds
203.477: [GC [PSYoungGen: 91488K->6592K(97280K)] 105065K->20169K(319488K), 0.0018550 secs] [Times: user=0.01 sys=0.00, real=0.01 secs] 
203.478: Total time for which application threads were stopped: 0.0040480 seconds, Stopping threads took: 0.0021130 seconds
203.555: Application time: 0.0760680 seconds
203.557: [GC [PSYoungGen: 90048K->7088K(97280K)] 103625K->20673K(319488K), 0.0019210 secs] [Times: user=0.01 sys=0.00, real=0.00 secs] 
203.559: Total time for which application threads were stopped: 0.0048180 seconds, Stopping threads took: 0.0028080 seconds
203.636: Application time: 0.0767770 seconds
203.638: [GC [PSYoungGen: 90544K->7392K(97280K)] 104129K->20985K(319488K), 0.0021440 secs] [Times: user=0.01 sys=0.00, real=0.00 secs] 
203.640: Total time for which application threads were stopped: 0.0040050 seconds, Stopping threads took: 0.0017730 seconds
203.715: Application time: 0.0746900 seconds
203.717: [GC [PSYoungGen: 90848K->6688K(97280K)] 104441K->20289K(319488K), 0.0019880 secs] [Times: user=0.01 sys=0.00, real=0.00 secs] 
203.720: Total time for which application threads were stopped: 0.0046570 seconds, Stopping threads took: 0.0025910 seconds
203.797: Application time: 0.0774910 seconds
203.800: [GC [PSYoungGen: 90144K->6880K(97280K)] 103745K->20489K(319488K), 0.0019610 secs] [Times: user=0.02 sys=0.00, real=0.00 secs] 
203.802: Total time for which application threads were stopped: 0.0046960 seconds, Stopping threads took: 0.0026550 seconds
203.878: Application time: 0.0759500 seconds
203.879: [GC [PSYoungGen: 90336K->7440K(97280K)] 103945K->21049K(319488K), 0.0021170 secs] [Times: user=0.01 sys=0.00, real=0.00 secs] 
203.881: Total time for which application threads were stopped: 0.0035990 seconds, Stopping threads took: 0.0013960 seconds
203.957: Application time: 0.0756920 seconds
203.959: [GC [PSYoungGen: 90896K->7232K(97280K)] 104505K->20841K(319488K), 0.0020330 secs] [Times: user=0.01 sys=0.00, real=0.00 secs] 
203.961: Total time for which application threads were stopped: 0.0042020 seconds, Stopping threads took: 0.0020900 seconds
204.041: Application time: 0.0799040 seconds
204.043: [GC [PSYoungGen: 90688K->4832K(97280K)] 104297K->18465K(319488K), 0.0013960 secs] [Times: user=0.00 sys=0.00, real=0.00 secs] 
204.044: Total time for which application threads were stopped: 0.0029820 seconds, Stopping threads took: 0.0015200 seconds
204.126: Application time: 0.0817940 seconds
204.128: [GC [PSYoungGen: 88288K->6000K(97280K)] 101921K->19641K(319488K), 0.0017760 secs] [Times: user=0.02 sys=0.00, real=0.00 secs] 
204.129: Total time for which application threads were stopped: 0.0035330 seconds, Stopping threads took: 0.0016680 seconds
204.208: Application time: 0.0785500 seconds
204.210: [GC [PSYoungGen: 89456K->7104K(97280K)] 103097K->20753K(319488K), 0.0020800 secs] [Times: user=0.01 sys=0.00, real=0.00 secs] 
204.212: Total time for which application threads were stopped: 0.0041770 seconds, Stopping threads took: 0.0020130 seconds
204.288: Application time: 0.0757970 seconds
204.290: [GC [PSYoungGen: 90560K->7200K(97280K)] 104209K->20857K(319488K), 0.0019460 secs] [Times: user=0.01 sys=0.00, real=0.00 secs] 
204.292: Total time for which application threads were stopped: 0.0042950 seconds, Stopping threads took: 0.0022750 seconds
204.370: Application time: 0.0775880 seconds
204.372: [GC [PSYoungGen: 90656K->6960K(97280K)] 104313K->20617K(319488K), 0.0019860 secs] [Times: user=0.02 sys=0.00, real=0.00 secs] 
204.374: Total time for which application threads were stopped: 0.0038880 seconds, Stopping threads took: 0.0018190 seconds
204.449: Application time: 0.0757800 seconds
204.451: [GC [PSYoungGen: 90416K->6784K(97280K)] 104073K->20441K(319488K), 0.0019370 secs] [Times: user=0.01 sys=0.00, real=0.00 secs] 
204.453: Total time for which application threads were stopped: 0.0036850 seconds, Stopping threads took: 0.0016550 seconds
204.527: Application time: 0.0734050 seconds
204.529: [GC [PSYoungGen: 90240K->7552K(97280K)] 103897K->21209K(319488K), 0.0021600 secs] [Times: user=0.01 sys=0.00, real=0.00 secs] 
204.531: Total time for which application threads were stopped: 0.0046010 seconds, Stopping threads took: 0.0023490 seconds
204.607: Application time: 0.0757370 seconds
204.609: [GC [PSYoungGen: 91008K->6336K(97280K)] 104665K->20001K(319488K), 0.0018290 secs] [Times: user=0.01 sys=0.00, real=0.00 secs] 
204.611: Total time for which application threads were stopped: 0.0037400 seconds, Stopping threads took: 0.0018310 seconds
204.684: Application time: 0.0734800 seconds
204.686: [GC [PSYoungGen: 89792K->6960K(97280K)] 103457K->20633K(319488K), 0.0021240 secs] [Times: user=0.01 sys=0.00, real=0.00 secs] 
204.688: Total time for which application threads were stopped: 0.0040930 seconds, Stopping threads took: 0.0018730 seconds
204.764: Application time: 0.0760110 seconds
204.765: [GC [PSYoungGen: 90416K->6688K(97280K)] 104089K->20369K(319488K), 0.0020010 secs] [Times: user=0.02 sys=0.00, real=0.00 secs] 
204.767: Total time for which application threads were stopped: 0.0029020 seconds, Stopping threads took: 0.0008190 seconds
204.844: Application time: 0.0769450 seconds
204.847: [GC [PSYoungGen: 90144K->7152K(97280K)] 103825K->20841K(319488K), 0.0020680 secs] [Times: user=0.02 sys=0.00, real=0.00 secs] 
204.849: Total time for which application threads were stopped: 0.0048490 seconds, Stopping threads took: 0.0026970 seconds
204.929: Application time: 0.0801950 seconds
204.932: [GC [PSYoungGen: 90608K->6816K(97280K)] 104297K->20505K(319488K), 0.0039100 secs] [Times: user=0.02 sys=0.00, real=0.00 secs] 
204.936: Total time for which application threads were stopped: 0.0071460 seconds, Stopping threads took: 0.0031500 seconds
205.014: Application time: 0.0779320 seconds
205.016: [GC [PSYoungGen: 90272K->7008K(97280K)] 103961K->20697K(319488K), 0.0019400 secs] [Times: user=0.02 sys=0.00, real=0.01 secs] 
205.018: Total time for which application threads were stopped: 0.0039520 seconds, Stopping threads took: 0.0019340 seconds
205.097: Application time: 0.0783620 seconds
205.100: [GC [PSYoungGen: 90464K->8208K(97280K)] 104153K->21913K(319488K), 0.0024070 secs] [Times: user=0.02 sys=0.00, real=0.00 secs] 
205.102: Total time for which application threads were stopped: 0.0054670 seconds, Stopping threads took: 0.0029680 seconds
205.180: Application time: 0.0777180 seconds
205.182: [GC [PSYoungGen: 91664K->7888K(97280K)] 105369K->21601K(319488K), 0.0021560 secs] [Times: user=0.01 sys=0.00, real=0.00 secs] 
205.184: Total time for which application threads were stopped: 0.0041010 seconds, Stopping threads took: 0.0018630 seconds
205.267: Application time: 0.0835290 seconds
205.270: [GC [PSYoungGen: 91344K->6224K(97280K)] 105057K->19945K(319488K), 0.0020180 secs] [Times: user=0.01 sys=0.00, real=0.00 secs] 
205.272: Total time for which application threads were stopped: 0.0049690 seconds, Stopping threads took: 0.0028490 seconds
205.352: Application time: 0.0800240 seconds
205.354: [GC [PSYoungGen: 89680K->6176K(97280K)] 103401K->19905K(319488K), 0.0017910 secs] [Times: user=0.01 sys=0.00, real=0.00 secs] 
205.356: Total time for which application threads were stopped: 0.0038580 seconds, Stopping threads took: 0.0019930 seconds
205.438: Application time: 0.0817720 seconds
205.441: [GC [PSYoungGen: 89632K->6368K(97280K)] 103361K->20097K(319488K), 0.0018400 secs] [Times: user=0.01 sys=0.00, real=0.00 secs] 
205.443: Total time for which application threads were stopped: 0.0049750 seconds, Stopping threads took: 0.0030500 seconds
205.523: Application time: 0.0796340 seconds
205.524: [GC [PSYoungGen: 89824K->8384K(97280K)] 103553K->22113K(319488K), 0.0023130 secs] [Times: user=0.01 sys=0.00, real=0.01 secs] 
205.527: Total time for which application threads were stopped: 0.0041460 seconds, Stopping threads took: 0.0017530 seconds
205.613: Application time: 0.0859060 seconds
205.614: [GC [PSYoungGen: 91840K->7152K(97280K)] 105569K->20889K(319488K), 0.0021270 secs] [Times: user=0.01 sys=0.00, real=0.00 secs] 
205.616: Total time for which application threads were stopped: 0.0036430 seconds, Stopping threads took: 0.0014380 seconds
205.701: Application time: 0.0851550 seconds
205.703: [GC [PSYoungGen: 90607K->4720K(97280K)] 104345K->18473K(319488K), 0.0015060 secs] [Times: user=0.01 sys=0.00, real=0.00 secs] 
205.705: Total time for which application threads were stopped: 0.0031160 seconds, Stopping threads took: 0.0015310 seconds
205.785: Application time: 0.0808580 seconds
205.789: [GC [PSYoungGen: 88176K->6960K(97280K)] 101929K->20721K(319488K), 0.0020100 secs] [Times: user=0.01 sys=0.00, real=0.00 secs] 
205.791: Total time for which application threads were stopped: 0.0052860 seconds, Stopping threads took: 0.0031830 seconds
205.870: Application time: 0.0790290 seconds
205.873: [GC [PSYoungGen: 90416K->7584K(97280K)] 104177K->21353K(319488K), 0.0020700 secs] [Times: user=0.02 sys=0.00, real=0.00 secs] 
205.875: Total time for which application threads were stopped: 0.0052320 seconds, Stopping threads took: 0.0030760 seconds
205.957: Application time: 0.0824630 seconds
205.960: [GC [PSYoungGen: 91040K->6480K(97280K)] 104809K->20249K(319488K), 0.0020020 secs] [Times: user=0.01 sys=0.00, real=0.00 secs] 
205.962: Total time for which application threads were stopped: 0.0045420 seconds, Stopping threads took: 0.0024540 seconds
206.044: Application time: 0.0820770 seconds
206.047: [GC [PSYoungGen: 89936K->7072K(97280K)] 103705K->20841K(319488K), 0.0019810 secs] [Times: user=0.02 sys=0.00, real=0.00 secs] 
206.049: Total time for which application threads were stopped: 0.0050720 seconds, Stopping threads took: 0.0030130 seconds
206.132: Application time: 0.0827380 seconds
206.134: [GC [PSYoungGen: 90528K->6256K(97280K)] 104297K->20033K(319488K), 0.0017400 secs] [Times: user=0.01 sys=0.00, real=0.00 secs] 
206.136: Total time for which application threads were stopped: 0.0037320 seconds, Stopping threads took: 0.0019090 seconds
206.217: Application time: 0.0812260 seconds
206.220: [GC [PSYoungGen: 89712K->6848K(97280K)] 103489K->20633K(319488K), 0.0019820 secs] [Times: user=0.01 sys=0.00, real=0.00 secs] 
206.222: Total time for which application threads were stopped: 0.0047370 seconds, Stopping threads took: 0.0026720 seconds
206.304: Application time: 0.0820200 seconds
206.307: [GC [PSYoungGen: 90304K->6272K(97280K)] 104089K->20065K(319488K), 0.0017940 secs] [Times: user=0.02 sys=0.00, real=0.00 secs] 
206.308: Total time for which application threads were stopped: 0.0047410 seconds, Stopping threads took: 0.0028520 seconds
206.387: Application time: 0.0789380 seconds
206.390: [GC [PSYoungGen: 89728K->7824K(97280K)] 103521K->21625K(319488K), 0.0022710 secs] [Times: user=0.02 sys=0.00, real=0.00 secs] 
206.393: Total time for which application threads were stopped: 0.0054510 seconds, Stopping threads took: 0.0030980 seconds
206.476: Application time: 0.0830130 seconds
206.478: [GC [PSYoungGen: 91280K->7072K(97280K)] 105081K->20873K(319488K), 0.0020920 secs] [Times: user=0.01 sys=0.00, real=0.00 secs] 
206.480: Total time for which application threads were stopped: 0.0043610 seconds, Stopping threads took: 0.0021890 seconds
206.559: Application time: 0.0785450 seconds
206.561: [GC [PSYoungGen: 90528K->6880K(97280K)] 104329K->20681K(319488K), 0.0019760 secs] [Times: user=0.01 sys=0.00, real=0.00 secs] 
206.563: Total time for which application threads were stopped: 0.0038350 seconds, Stopping threads took: 0.0017770 seconds
206.644: Application time: 0.0815060 seconds
206.646: [GC [PSYoungGen: 90336K->6768K(97280K)] 104137K->20569K(319488K), 0.0020150 secs] [Times: user=0.02 sys=0.00, real=0.00 secs] 
206.648: Total time for which application threads were stopped: 0.0041290 seconds, Stopping threads took: 0.0020280 seconds
206.730: Application time: 0.0818280 seconds
206.733: [GC [PSYoungGen: 90224K->7392K(97280K)] 104025K->21201K(319488K), 0.0021120 secs] [Times: user=0.01 sys=0.00, real=0.00 secs] 
206.735: Total time for which application threads were stopped: 0.0051030 seconds, Stopping threads took: 0.0028950 seconds
206.814: Application time: 0.0793890 seconds
206.818: [GC [PSYoungGen: 90848K->6192K(97280K)] 104657K->20009K(319488K), 0.0018980 secs] [Times: user=0.01 sys=0.00, real=0.00 secs] 
206.820: Total time for which application threads were stopped: 0.0050700 seconds, Stopping threads took: 0.0030630 seconds
206.900: Application time: 0.0804800 seconds
206.902: [GC [PSYoungGen: 89648K->5840K(97280K)] 103465K->19665K(319488K), 0.0017720 secs] [Times: user=0.01 sys=0.00, real=0.00 secs] 
206.904: Total time for which application threads were stopped: 0.0035880 seconds, Stopping threads took: 0.0017340 seconds
206.987: Application time: 0.0835990 seconds
206.989: [GC [PSYoungGen: 89296K->6560K(97280K)] 103121K->20385K(319488K), 0.0020210 secs] [Times: user=0.01 sys=0.00, real=0.00 secs] 
206.991: Total time for which application threads were stopped: 0.0041850 seconds, Stopping threads took: 0.0020800 seconds
207.072: Application time: 0.0809050 seconds
207.074: [GC [PSYoungGen: 90016K->4848K(97280K)] 103841K->18673K(319488K), 0.0014660 secs] [Times: user=0.01 sys=0.00, real=0.00 secs] 
207.075: Total time for which application threads were stopped: 0.0028810 seconds, Stopping threads took: 0.0013400 seconds
207.154: Application time: 0.0786210 seconds
207.156: [GC [PSYoungGen: 88304K->6848K(97280K)] 102129K->20673K(319488K), 0.0020180 secs] [Times: user=0.02 sys=0.00, real=0.01 secs] 
207.158: Total time for which application threads were stopped: 0.0038620 seconds, Stopping threads took: 0.0017550 seconds
207.235: Application time: 0.0775390 seconds
207.238: [GC [PSYoungGen: 90304K->7216K(97280K)] 104129K->21049K(319488K), 0.0020930 secs] [Times: user=0.02 sys=0.00, real=0.00 secs] 
207.240: Total time for which application threads were stopped: 0.0043800 seconds, Stopping threads took: 0.0022020 seconds
207.319: Application time: 0.0795970 seconds
207.322: [GC [PSYoungGen: 90672K->7088K(97280K)] 104505K->20937K(319488K), 0.0021040 secs] [Times: user=0.01 sys=0.00, real=0.00 secs] 
207.324: Total time for which application threads were stopped: 0.0047530 seconds, Stopping threads took: 0.0025510 seconds
207.402: Application time: 0.0779120 seconds
207.404: [GC [PSYoungGen: 90544K->7664K(97280K)] 104393K->21521K(319488K), 0.0022090 secs] [Times: user=0.02 sys=0.00, real=0.01 secs] 
207.406: Total time for which application threads were stopped: 0.0042870 seconds, Stopping threads took: 0.0019910 seconds
207.486: Application time: 0.0797260 seconds
207.487: [GC [PSYoungGen: 91120K->6864K(97280K)] 104977K->20729K(319488K), 0.0021020 secs] [Times: user=0.02 sys=0.00, real=0.00 secs] 
207.490: Total time for which application threads were stopped: 0.0036640 seconds, Stopping threads took: 0.0014560 seconds
207.571: Application time: 0.0809420 seconds
207.573: [GC [PSYoungGen: 90320K->6400K(97280K)] 104185K->20265K(319488K), 0.0018860 secs] [Times: user=0.02 sys=0.00, real=0.00 secs] 
207.575: Total time for which application threads were stopped: 0.0048640 seconds, Stopping threads took: 0.0028900 seconds
207.657: Application time: 0.0813010 seconds
207.659: [GC [PSYoungGen: 89856K->7728K(97280K)] 103721K->21593K(319488K), 0.0020900 secs] [Times: user=0.02 sys=0.00, real=0.00 secs] 
207.662: Total time for which application threads were stopped: 0.0048450 seconds, Stopping threads took: 0.0026760 seconds
207.742: Application time: 0.0803210 seconds
207.744: [GC [PSYoungGen: 91184K->7344K(97280K)] 105049K->21241K(319488K), 0.0020110 secs] [Times: user=0.01 sys=0.00, real=0.01 secs] 
207.746: Total time for which application threads were stopped: 0.0040860 seconds, Stopping threads took: 0.0019940 seconds
207.828: Application time: 0.0823170 seconds
207.831: [GC [PSYoungGen: 90800K->7936K(97280K)] 104697K->21849K(319488K), 0.0024070 secs] [Times: user=0.01 sys=0.00, real=0.00 secs] 
207.833: Total time for which application threads were stopped: 0.0051260 seconds, Stopping threads took: 0.0025970 seconds
207.914: Application time: 0.0808680 seconds
207.917: [GC [PSYoungGen: 91392K->5872K(97280K)] 105305K->19793K(319488K), 0.0018150 secs] [Times: user=0.01 sys=0.00, real=0.01 secs] 
207.918: Total time for which application threads were stopped: 0.0041600 seconds, Stopping threads took: 0.0022630 seconds
208.000: Application time: 0.0814770 seconds
208.003: [GC [PSYoungGen: 89328K->7568K(97280K)] 103249K->21497K(319488K), 0.0023950 secs] [Times: user=0.02 sys=0.00, real=0.01 secs] 
208.005: Total time for which application threads were stopped: 0.0053210 seconds, Stopping threads took: 0.0028370 seconds
208.083: Application time: 0.0774810 seconds
208.085: [GC [PSYoungGen: 91024K->6816K(97280K)] 104953K->20745K(319488K), 0.0020570 secs] [Times: user=0.01 sys=0.00, real=0.01 secs] 
208.087: Total time for which application threads were stopped: 0.0040720 seconds, Stopping threads took: 0.0019230 seconds
208.167: Application time: 0.0798830 seconds
208.168: [GC [PSYoungGen: 90272K->7520K(97280K)] 104201K->21449K(319488K), 0.0021970 secs] [Times: user=0.02 sys=0.00, real=0.00 secs] 
208.170: Total time for which application threads were stopped: 0.0032990 seconds, Stopping threads took: 0.0010110 seconds
208.252: Application time: 0.0816960 seconds
208.253: [GC [PSYoungGen: 90976K->7728K(97280K)] 104905K->21665K(319488K), 0.0022790 secs] [Times: user=0.02 sys=0.00, real=0.00 secs] 
208.256: Total time for which application threads were stopped: 0.0039070 seconds, Stopping threads took: 0.0015440 seconds
208.336: Application time: 0.0805310 seconds
208.338: [GC [PSYoungGen: 91184K->7552K(97280K)] 105121K->21497K(319488K), 0.0022540 secs] [Times: user=0.02 sys=0.00, real=0.00 secs] 
208.340: Total time for which application threads were stopped: 0.0038630 seconds, Stopping threads took: 0.0015140 seconds
208.415: Application time: 0.0753120 seconds
208.417: [GC [PSYoungGen: 91008K->7824K(97280K)] 104953K->21785K(319488K), 0.0022070 secs] [Times: user=0.01 sys=0.00, real=0.00 secs] 
208.420: Total time for which application threads were stopped: 0.0042160 seconds, Stopping threads took: 0.0019210 seconds
208.502: Application time: 0.0825160 seconds
208.505: [GC [PSYoungGen: 91280K->8176K(97280K)] 105241K->22145K(319488K), 0.0023650 secs] [Times: user=0.01 sys=0.00, real=0.01 secs] 
208.507: Total time for which application threads were stopped: 0.0053710 seconds, Stopping threads took: 0.0029180 seconds
208.586: Application time: 0.0782740 seconds
208.588: [GC [PSYoungGen: 91632K->7744K(97280K)] 105601K->21713K(319488K), 0.0022330 secs] [Times: user=0.01 sys=0.00, real=0.00 secs] 
208.590: Total time for which application threads were stopped: 0.0044360 seconds, Stopping threads took: 0.0021180 seconds
208.672: Application time: 0.0819290 seconds
208.674: [GC [PSYoungGen: 91200K->6464K(97280K)] 105169K->20433K(319488K), 0.0020970 secs] [Times: user=0.01 sys=0.00, real=0.00 secs] 
208.676: Total time for which application threads were stopped: 0.0044000 seconds, Stopping threads took: 0.0022170 seconds
208.754: Application time: 0.0776600 seconds
208.756: [GC [PSYoungGen: 89920K->6448K(97280K)] 103889K->20425K(319488K), 0.0018850 secs] [Times: user=0.01 sys=0.00, real=0.01 secs] 
208.758: Total time for which application threads were stopped: 0.0042040 seconds, Stopping threads took: 0.0022390 seconds
208.831: Application time: 0.0722020 seconds
208.833: [GC [PSYoungGen: 89904K->7152K(97280K)] 103881K->21137K(319488K), 0.0021170 secs] [Times: user=0.02 sys=0.00, real=0.00 secs] 
208.835: Total time for which application threads were stopped: 0.0041240 seconds, Stopping threads took: 0.0019240 seconds
208.908: Application time: 0.0735800 seconds
208.911: [GC [PSYoungGen: 90608K->6656K(97280K)] 104593K->20649K(319488K), 0.0019320 secs] [Times: user=0.01 sys=0.00, real=0.00 secs] 
208.913: Total time for which application threads were stopped: 0.0043910 seconds, Stopping threads took: 0.0023660 seconds
208.986: Application time: 0.0731630 seconds
208.988: [GC [PSYoungGen: 90111K->7920K(97280K)] 104104K->21921K(319488K), 0.0023160 secs] [Times: user=0.02 sys=0.00, real=0.00 secs] 
208.990: Total time for which application threads were stopped: 0.0043050 seconds, Stopping threads took: 0.0019050 seconds
209.065: Application time: 0.0744900 seconds
209.066: [GC [PSYoungGen: 91376K->5872K(97280K)] 105377K->19873K(319488K), 0.0016760 secs] [Times: user=0.01 sys=0.00, real=0.00 secs] 
209.068: Total time for which application threads were stopped: 0.0035870 seconds, Stopping threads took: 0.0018370 seconds
209.143: Application time: 0.0747920 seconds
209.145: [GC [PSYoungGen: 89328K->8272K(97280K)] 103329K->22273K(319488K), 0.0024300 secs] [Times: user=0.02 sys=0.00, real=0.01 secs] 
209.147: Total time for which application threads were stopped: 0.0043970 seconds, Stopping threads took: 0.0018810 seconds
209.222: Application time: 0.0748110 seconds
209.225: [GC [PSYoungGen: 91728K->6768K(97280K)] 105729K->20777K(319488K), 0.0019410 secs] [Times: user=0.01 sys=0.00, real=0.01 secs] 
209.227: Total time for which application threads were stopped: 0.0043450 seconds, Stopping threads took: 0.0023260 seconds
209.301: Application time: 0.0739690 seconds
209.303: [GC [PSYoungGen: 90224K->7456K(97280K)] 104233K->21473K(319488K), 0.0021670 secs] [Times: user=0.02 sys=0.00, real=0.01 secs] 
209.305: Total time for which application threads were stopped: 0.0046790 seconds, Stopping threads took: 0.0024320 seconds
209.379: Application time: 0.0739890 seconds
209.381: [GC [PSYoungGen: 90912K->7008K(97280K)] 104929K->21033K(319488K), 0.0020910 secs] [Times: user=0.01 sys=0.00, real=0.00 secs] 
209.383: Total time for which application threads were stopped: 0.0036140 seconds, Stopping threads took: 0.0014420 seconds
209.460: Application time: 0.0774960 seconds
209.463: [GC [PSYoungGen: 90464K->7808K(97280K)] 104489K->21841K(319488K), 0.0023030 secs] [Times: user=0.01 sys=0.01, real=0.01 secs] 
209.465: Total time for which application threads were stopped: 0.0050420 seconds, Stopping threads took: 0.0026480 seconds
209.539: Application time: 0.0733760 seconds
209.542: [GC [PSYoungGen: 91264K->8336K(97280K)] 105297K->22369K(319488K), 0.0023340 secs] [Times: user=0.02 sys=0.00, real=0.00 secs] 
209.544: Total time for which application threads were stopped: 0.0053040 seconds, Stopping threads took: 0.0028840 seconds
209.619: Application time: 0.0752440 seconds
209.621: [GC [PSYoungGen: 91792K->7728K(97280K)] 105825K->21761K(319488K), 0.0021810 secs] [Times: user=0.01 sys=0.00, real=0.00 secs] 
209.624: Total time for which application threads were stopped: 0.0043940 seconds, Stopping threads took: 0.0021250 seconds
209.699: Application time: 0.0751450 seconds
209.702: [GC [PSYoungGen: 91184K->6160K(97280K)] 105217K->20201K(319488K), 0.0017060 secs] [Times: user=0.01 sys=0.00, real=0.00 secs] 
209.703: Total time for which application threads were stopped: 0.0045670 seconds, Stopping threads took: 0.0027930 seconds
209.782: Application time: 0.0782150 seconds
209.784: [GC [PSYoungGen: 89616K->6608K(97280K)] 103657K->20657K(319488K), 0.0018680 secs] [Times: user=0.01 sys=0.00, real=0.01 secs] 
209.786: Total time for which application threads were stopped: 0.0041810 seconds, Stopping threads took: 0.0022310 seconds
209.862: Application time: 0.0766740 seconds
209.865: [GC [PSYoungGen: 90064K->6192K(97280K)] 104113K->20249K(319488K), 0.0017980 secs] [Times: user=0.01 sys=0.00, real=0.01 secs] 
209.867: Total time for which application threads were stopped: 0.0040360 seconds, Stopping threads took: 0.0021620 seconds
209.945: Application time: 0.0782080 seconds
209.947: [GC [PSYoungGen: 89648K->6320K(97280K)] 103705K->20385K(319488K), 0.0019960 secs] [Times: user=0.02 sys=0.00, real=0.00 secs] 
209.949: Total time for which application threads were stopped: 0.0040850 seconds, Stopping threads took: 0.0020080 seconds
210.023: Application time: 0.0739350 seconds
210.026: [GC [PSYoungGen: 89776K->7312K(97280K)] 103841K->21377K(319488K), 0.0022870 secs] [Times: user=0.01 sys=0.00, real=0.00 secs] 
210.028: Total time for which application threads were stopped: 0.0053780 seconds, Stopping threads took: 0.0029890 seconds
210.102: Application time: 0.0739220 seconds
210.105: [GC [PSYoungGen: 90768K->5920K(97280K)] 104833K->19985K(319488K), 0.0017990 secs] [Times: user=0.01 sys=0.00, real=0.01 secs] 
210.106: Total time for which application threads were stopped: 0.0043440 seconds, Stopping threads took: 0.0024610 seconds
210.180: Application time: 0.0734140 seconds
210.182: [GC [PSYoungGen: 89376K->6688K(97280K)] 103441K->20753K(319488K), 0.0019730 secs] [Times: user=0.02 sys=0.00, real=0.00 secs] 
210.184: Total time for which application threads were stopped: 0.0037480 seconds, Stopping threads took: 0.0016800 seconds
210.262: Application time: 0.0786420 seconds
210.265: [GC [PSYoungGen: 90144K->7632K(97280K)] 104209K->21705K(319488K), 0.0022060 secs] [Times: user=0.01 sys=0.00, real=0.01 secs] 
210.267: Total time for which application threads were stopped: 0.0046560 seconds, Stopping threads took: 0.0023400 seconds
210.342: Application time: 0.0754410 seconds
210.344: [GC [PSYoungGen: 91088K->6256K(97280K)] 105161K->20337K(319488K), 0.0018780 secs] [Times: user=0.02 sys=0.00, real=0.01 secs] 
210.346: Total time for which application threads were stopped: 0.0040110 seconds, Stopping threads took: 0.0020530 seconds
210.423: Application time: 0.0762840 seconds
210.424: [GC [PSYoungGen: 89712K->6576K(97280K)] 103793K->20665K(319488K), 0.0018480 secs] [Times: user=0.01 sys=0.00, real=0.01 secs] 
210.426: Total time for which application threads were stopped: 0.0036150 seconds, Stopping threads took: 0.0016860 seconds
210.503: Application time: 0.0767350 seconds
210.505: [GC [PSYoungGen: 90032K->5840K(97280K)] 104121K->19945K(319488K), 0.0017120 secs] [Times: user=0.01 sys=0.00, real=0.00 secs] 
210.507: Total time for which application threads were stopped: 0.0040820 seconds, Stopping threads took: 0.0022950 seconds
210.581: Application time: 0.0736230 seconds
210.583: [GC [PSYoungGen: 89296K->6160K(97280K)] 103401K->20265K(319488K), 0.0020140 secs] [Times: user=0.02 sys=0.00, real=0.00 secs] 
210.585: Total time for which application threads were stopped: 0.0040830 seconds, Stopping threads took: 0.0019730 seconds
210.658: Application time: 0.0736270 seconds
210.659: [GC [PSYoungGen: 89616K->7280K(97280K)] 103721K->21385K(319488K), 0.0022970 secs] [Times: user=0.01 sys=0.00, real=0.00 secs] 
210.661: Total time for which application threads were stopped: 0.0030650 seconds, Stopping threads took: 0.0006820 seconds
210.740: Application time: 0.0781410 seconds
210.741: [GC [PSYoungGen: 90736K->5056K(97280K)] 104841K->19169K(319488K), 0.0015090 secs] [Times: user=0.01 sys=0.00, real=0.00 secs] 
210.743: Total time for which application threads were stopped: 0.0033940 seconds, Stopping threads took: 0.0018110 seconds
210.815: Application time: 0.0721090 seconds
210.818: [GC [PSYoungGen: 88512K->7568K(97280K)] 102625K->21689K(319488K), 0.0020980 secs] [Times: user=0.02 sys=0.00, real=0.00 secs] 
210.820: Total time for which application threads were stopped: 0.0051050 seconds, Stopping threads took: 0.0029260 seconds
210.897: Application time: 0.0765850 seconds
210.900: [GC [PSYoungGen: 91024K->6992K(97280K)] 105145K->21129K(319488K), 0.0019450 secs] [Times: user=0.01 sys=0.00, real=0.00 secs] 
210.902: Total time for which application threads were stopped: 0.0051360 seconds, Stopping threads took: 0.0031050 seconds
210.977: Application time: 0.0751400 seconds
210.980: [GC [PSYoungGen: 90448K->8160K(97280K)] 104585K->22313K(319488K), 0.0024120 secs] [Times: user=0.01 sys=0.00, real=0.00 secs] 
210.982: Total time for which application threads were stopped: 0.0049730 seconds, Stopping threads took: 0.0024740 seconds
211.057: Application time: 0.0754630 seconds
211.059: [GC [PSYoungGen: 91616K->6544K(97280K)] 105769K->20697K(319488K), 0.0018770 secs] [Times: user=0.01 sys=0.01, real=0.00 secs] 
211.061: Total time for which application threads were stopped: 0.0038690 seconds, Stopping threads took: 0.0019110 seconds
211.133: Application time: 0.0716850 seconds
211.136: [GC [PSYoungGen: 90000K->7200K(97280K)] 104153K->21353K(319488K), 0.0020600 secs] [Times: user=0.02 sys=0.00, real=0.01 secs] 
211.138: Total time for which application threads were stopped: 0.0045630 seconds, Stopping threads took: 0.0024140 seconds
211.219: Application time: 0.0818260 seconds
211.221: [GC [PSYoungGen: 90656K->4720K(97280K)] 104809K->18881K(319488K), 0.0015270 secs] [Times: user=0.01 sys=0.00, real=0.00 secs] 
211.222: Total time for which application threads were stopped: 0.0029390 seconds, Stopping threads took: 0.0013390 seconds
211.297: Application time: 0.0742980 seconds
211.298: [GC [PSYoungGen: 88176K->6064K(97280K)] 102337K->20233K(319488K), 0.0017310 secs] [Times: user=0.01 sys=0.00, real=0.00 secs] 
211.300: Total time for which application threads were stopped: 0.0034670 seconds, Stopping threads took: 0.0016630 seconds
211.378: Application time: 0.0779260 seconds
211.380: [GC [PSYoungGen: 89520K->6832K(97280K)] 103689K->21009K(319488K), 0.0019590 secs] [Times: user=0.02 sys=0.00, real=0.00 secs] 
211.382: Total time for which application threads were stopped: 0.0041420 seconds, Stopping threads took: 0.0021020 seconds
211.456: Application time: 0.0738080 seconds
211.458: [GC [PSYoungGen: 90288K->7232K(97280K)] 104465K->21417K(319488K), 0.0020620 secs] [Times: user=0.01 sys=0.00, real=0.00 secs] 
211.460: Total time for which application threads were stopped: 0.0043250 seconds, Stopping threads took: 0.0021810 seconds
211.537: Application time: 0.0764950 seconds
211.539: [GC [PSYoungGen: 90688K->6832K(97280K)] 104873K->21017K(319488K), 0.0021510 secs] [Times: user=0.01 sys=0.00, real=0.00 secs] 
211.541: Total time for which application threads were stopped: 0.0041830 seconds, Stopping threads took: 0.0019500 seconds
211.613: Application time: 0.0715360 seconds
211.615: [GC [PSYoungGen: 90288K->7216K(97280K)] 104473K->21401K(319488K), 0.0019650 secs] [Times: user=0.02 sys=0.00, real=0.00 secs] 
211.617: Total time for which application threads were stopped: 0.0042490 seconds, Stopping threads took: 0.0022050 seconds
211.693: Application time: 0.0763910 seconds
211.694: [GC [PSYoungGen: 90672K->7456K(97280K)] 104857K->21649K(319488K), 0.0021090 secs] [Times: user=0.02 sys=0.00, real=0.00 secs] 
211.697: Total time for which application threads were stopped: 0.0033810 seconds, Stopping threads took: 0.0011780 seconds
211.770: Application time: 0.0731490 seconds
211.772: [GC [PSYoungGen: 90912K->7744K(97280K)] 105105K->21945K(319488K), 0.0021980 secs] [Times: user=0.01 sys=0.00, real=0.00 secs] 
211.774: Total time for which application threads were stopped: 0.0046380 seconds, Stopping threads took: 0.0023580 seconds
211.849: Application time: 0.0749950 seconds
211.852: [GC [PSYoungGen: 91200K->7568K(97280K)] 105401K->21777K(319488K), 0.0021460 secs] [Times: user=0.02 sys=0.00, real=0.00 secs] 
211.854: Total time for which application threads were stopped: 0.0046780 seconds, Stopping threads took: 0.0024460 seconds
211.928: Application time: 0.0735090 seconds
211.929: [GC [PSYoungGen: 91024K->6144K(97280K)] 105233K->20361K(319488K), 0.0017900 secs] [Times: user=0.01 sys=0.00, real=0.00 secs] 
211.930: Total time for which application threads were stopped: 0.0028160 seconds, Stopping threads took: 0.0009470 seconds
212.004: Application time: 0.0738660 seconds
212.006: [GC [PSYoungGen: 89600K->7568K(97280K)] 103817K->21785K(319488K), 0.0020340 secs] [Times: user=0.01 sys=0.00, real=0.00 secs] 
212.008: Total time for which application threads were stopped: 0.0037340 seconds, Stopping threads took: 0.0016210 seconds
212.083: Application time: 0.0753040 seconds
212.086: [GC [PSYoungGen: 91024K->6496K(97280K)] 105241K->20713K(319488K), 0.0018960 secs] [Times: user=0.01 sys=0.00, real=0.00 secs] 
212.088: Total time for which application threads were stopped: 0.0042480 seconds, Stopping threads took: 0.0022680 seconds
212.162: Application time: 0.0741930 seconds
212.165: [GC [PSYoungGen: 89952K->7312K(97280K)] 104169K->21529K(319488K), 0.0023070 secs] [Times: user=0.01 sys=0.00, real=0.01 secs] 
212.167: Total time for which application threads were stopped: 0.0052970 seconds, Stopping threads took: 0.0028980 seconds
212.243: Application time: 0.0762140 seconds
212.245: [GC [PSYoungGen: 90768K->5408K(97280K)] 104985K->19633K(319488K), 0.0016840 secs] [Times: user=0.01 sys=0.00, real=0.00 secs] 
212.247: Total time for which application threads were stopped: 0.0035050 seconds, Stopping threads took: 0.0017330 seconds
212.326: Application time: 0.0788370 seconds
212.328: [GC [PSYoungGen: 88864K->5872K(97280K)] 103089K->20105K(319488K), 0.0016790 secs] [Times: user=0.01 sys=0.00, real=0.00 secs] 
212.330: Total time for which application threads were stopped: 0.0042150 seconds, Stopping threads took: 0.0024590 seconds
212.402: Application time: 0.0722690 seconds
212.405: [GC [PSYoungGen: 89328K->7344K(97280K)] 103561K->21585K(319488K), 0.0021240 secs] [Times: user=0.02 sys=0.00, real=0.01 secs] 
212.407: Total time for which application threads were stopped: 0.0045920 seconds, Stopping threads took: 0.0023850 seconds
212.483: Application time: 0.0765990 seconds
212.485: [GC [PSYoungGen: 90800K->7536K(97280K)] 105041K->21777K(319488K), 0.0020970 secs] [Times: user=0.02 sys=0.00, real=0.01 secs] 
212.487: Total time for which application threads were stopped: 0.0037300 seconds, Stopping threads took: 0.0015500 seconds
212.561: Application time: 0.0743170 seconds
212.563: [GC [PSYoungGen: 90992K->6336K(97280K)] 105233K->20577K(319488K), 0.0018480 secs] [Times: user=0.01 sys=0.00, real=0.01 secs] 
212.565: Total time for which application threads were stopped: 0.0038060 seconds, Stopping threads took: 0.0018790 seconds
212.645: Application time: 0.0797740 seconds
212.646: [GC [PSYoungGen: 89792K->4384K(97280K)] 104033K->18625K(319488K), 0.0014230 secs] [Times: user=0.01 sys=0.00, real=0.00 secs] 
212.647: Total time for which application threads were stopped: 0.0024460 seconds, Stopping threads took: 0.0009510 seconds
212.722: Application time: 0.0744010 seconds
212.724: [GC [PSYoungGen: 87840K->7584K(97280K)] 102081K->21841K(319488K), 0.0022150 secs] [Times: user=0.02 sys=0.00, real=0.01 secs] 
212.727: Total time for which application threads were stopped: 0.0047000 seconds, Stopping threads took: 0.0024010 seconds
212.802: Application time: 0.0750710 seconds
212.804: [GC [PSYoungGen: 91040K->8256K(97280K)] 105297K->22521K(319488K), 0.0024040 secs] [Times: user=0.02 sys=0.00, real=0.01 secs] 
212.807: Total time for which application threads were stopped: 0.0050140 seconds, Stopping threads took: 0.0025130 seconds
212.887: Application time: 0.0807890 seconds
212.890: [GC [PSYoungGen: 91712K->6240K(97280K)] 105977K->20513K(319488K), 0.0018710 secs] [Times: user=0.02 sys=0.00, real=0.00 secs] 
212.892: Total time for which application threads were stopped: 0.0041640 seconds, Stopping threads took: 0.0022100 seconds
212.971: Application time: 0.0792510 seconds
212.973: [GC [PSYoungGen: 89696K->7328K(97280K)] 103969K->21601K(319488K), 0.0023220 secs] [Times: user=0.01 sys=0.01, real=0.00 secs] 
212.975: Total time for which application threads were stopped: 0.0046340 seconds, Stopping threads took: 0.0022200 seconds
213.053: Application time: 0.0775370 seconds
213.055: [GC [PSYoungGen: 90784K->7632K(97280K)] 105057K->21905K(319488K), 0.0022440 secs] [Times: user=0.01 sys=0.00, real=0.01 secs] 
213.057: Total time for which application threads were stopped: 0.0042660 seconds, Stopping threads took: 0.0019150 seconds
213.137: Application time: 0.0793450 seconds
213.139: [GC [PSYoungGen: 91088K->7008K(97280K)] 105361K->21281K(319488K), 0.0020680 secs] [Times: user=0.02 sys=0.00, real=0.00 secs] 
213.141: Total time for which application threads were stopped: 0.0042330 seconds, Stopping threads took: 0.0020800 seconds
213.220: Application time: 0.0795320 seconds
213.222: [GC [PSYoungGen: 90464K->7200K(97280K)] 104737K->21489K(319488K), 0.0022260 secs] [Times: user=0.01 sys=0.00, real=0.00 secs] 
213.225: Total time for which application threads were stopped: 0.0041290 seconds, Stopping threads took: 0.0018170 seconds
213.305: Application time: 0.0800010 seconds
213.307: [GC [PSYoungGen: 90656K->6832K(97280K)] 104945K->21129K(319488K), 0.0020410 secs] [Times: user=0.01 sys=0.00, real=0.00 secs] 
213.309: Total time for which application threads were stopped: 0.0040830 seconds, Stopping threads took: 0.0019470 seconds
213.389: Application time: 0.0806160 seconds
213.392: [GC [PSYoungGen: 90288K->6352K(97280K)] 104585K->20657K(319488K), 0.0018090 secs] [Times: user=0.02 sys=0.00, real=0.00 secs] 
213.394: Total time for which application threads were stopped: 0.0050940 seconds, Stopping threads took: 0.0032050 seconds
213.478: Application time: 0.0835880 seconds
213.480: [GC [PSYoungGen: 89808K->5888K(97280K)] 104113K->20201K(319488K), 0.0018340 secs] [Times: user=0.01 sys=0.00, real=0.00 secs] 
213.481: Total time for which application threads were stopped: 0.0034630 seconds, Stopping threads took: 0.0015540 seconds
213.559: Application time: 0.0774400 seconds
213.561: [GC [PSYoungGen: 89344K->6944K(97280K)] 103657K->21257K(319488K), 0.0020430 secs] [Times: user=0.01 sys=0.00, real=0.00 secs] 
213.563: Total time for which application threads were stopped: 0.0039870 seconds, Stopping threads took: 0.0018620 seconds
213.644: Application time: 0.0811380 seconds
213.647: [GC [PSYoungGen: 90400K->7168K(97280K)] 104713K->21481K(319488K), 0.0020800 secs] [Times: user=0.02 sys=0.00, real=0.00 secs] 
213.649: Total time for which application threads were stopped: 0.0049060 seconds, Stopping threads took: 0.0027380 seconds
213.730: Application time: 0.0814960 seconds
213.732: [GC [PSYoungGen: 90624K->6912K(97280K)] 104937K->21233K(319488K), 0.0020450 secs] [Times: user=0.01 sys=0.00, real=0.00 secs] 
213.735: Total time for which application threads were stopped: 0.0041650 seconds, Stopping threads took: 0.0020320 seconds
213.813: Application time: 0.0788240 seconds
213.815: [GC [PSYoungGen: 90368K->6000K(97280K)] 104689K->20329K(319488K), 0.0018110 secs] [Times: user=0.01 sys=0.00, real=0.00 secs] 
213.817: Total time for which application threads were stopped: 0.0033340 seconds, Stopping threads took: 0.0014360 seconds
213.898: Application time: 0.0809780 seconds
213.899: [GC [PSYoungGen: 89456K->6224K(97280K)] 103785K->20561K(319488K), 0.0018040 secs] [Times: user=0.02 sys=0.00, real=0.00 secs] 
213.901: Total time for which application threads were stopped: 0.0035130 seconds, Stopping threads took: 0.0016360 seconds
213.983: Application time: 0.0818980 seconds
213.986: [GC [PSYoungGen: 89680K->8256K(97280K)] 104017K->22601K(319488K), 0.0023840 secs] [Times: user=0.01 sys=0.00, real=0.00 secs] 
213.989: Total time for which application threads were stopped: 0.0054680 seconds, Stopping threads took: 0.0029990 seconds
214.067: Application time: 0.0782770 seconds
214.069: [GC [PSYoungGen: 91712K->7120K(97280K)] 106057K->21465K(319488K), 0.0019650 secs] [Times: user=0.01 sys=0.00, real=0.00 secs] 
214.071: Total time for which application threads were stopped: 0.0043480 seconds, Stopping threads took: 0.0023060 seconds
214.153: Application time: 0.0815390 seconds
214.155: [GC [PSYoungGen: 90576K->6864K(97280K)] 104921K->21209K(319488K), 0.0019770 secs] [Times: user=0.01 sys=0.00, real=0.00 secs] 
214.157: Total time for which application threads were stopped: 0.0043770 seconds, Stopping threads took: 0.0022860 seconds
214.236: Application time: 0.0786870 seconds
214.239: [GC [PSYoungGen: 90320K->6096K(97280K)] 104665K->20449K(319488K), 0.0020540 secs] [Times: user=0.01 sys=0.00, real=0.00 secs] 
214.241: Total time for which application threads were stopped: 0.0049370 seconds, Stopping threads took: 0.0027770 seconds
214.321: Application time: 0.0805100 seconds
214.325: [GC [PSYoungGen: 89552K->7088K(97280K)] 103905K->21449K(319488K), 0.0020450 secs] [Times: user=0.02 sys=0.00, real=0.01 secs] 
214.327: Total time for which application threads were stopped: 0.0053890 seconds, Stopping threads took: 0.0032490 seconds
214.408: Application time: 0.0815840 seconds
214.411: [GC [PSYoungGen: 90544K->6720K(97280K)] 104905K->21097K(319488K), 0.0020130 secs] [Times: user=0.02 sys=0.00, real=0.00 secs] 
214.413: Total time for which application threads were stopped: 0.0046150 seconds, Stopping threads took: 0.0025130 seconds
214.494: Application time: 0.0816300 seconds
214.498: [GC [PSYoungGen: 90176K->6880K(97280K)] 104553K->21273K(319488K), 0.0019130 secs] [Times: user=0.01 sys=0.00, real=0.00 secs] 
214.500: Total time for which application threads were stopped: 0.0053650 seconds, Stopping threads took: 0.0033660 seconds
214.583: Application time: 0.0829450 seconds
214.586: [GC [PSYoungGen: 90336K->6384K(97280K)] 104729K->20777K(319488K), 0.0018130 secs] [Times: user=0.01 sys=0.00, real=0.00 secs] 
214.588: Total time for which application threads were stopped: 0.0047900 seconds, Stopping threads took: 0.0029010 seconds
214.671: Application time: 0.0829930 seconds
214.673: [GC [PSYoungGen: 89840K->7888K(97280K)] 104233K->22281K(319488K), 0.0022810 secs] [Times: user=0.01 sys=0.00, real=0.00 secs] 
214.676: Total time for which application threads were stopped: 0.0049850 seconds, Stopping threads took: 0.0026140 seconds
214.754: Application time: 0.0785890 seconds
214.757: [GC [PSYoungGen: 91344K->6096K(97280K)] 105737K->20497K(319488K), 0.0019840 secs] [Times: user=0.02 sys=0.00, real=0.00 secs] 
214.759: Total time for which application threads were stopped: 0.0050450 seconds, Stopping threads took: 0.0029770 seconds
214.837: Application time: 0.0780870 seconds
214.840: [GC [PSYoungGen: 89552K->6864K(97280K)] 103953K->21265K(319488K), 0.0021500 secs] [Times: user=0.01 sys=0.00, real=0.00 secs] 
214.842: Total time for which application threads were stopped: 0.0050300 seconds, Stopping threads took: 0.0027680 seconds
214.923: Application time: 0.0806730 seconds
214.926: [GC [PSYoungGen: 90320K->7760K(97280K)] 104721K->22177K(319488K), 0.0022760 secs] [Times: user=0.02 sys=0.00, real=0.00 secs] 
214.928: Total time for which application threads were stopped: 0.0051360 seconds, Stopping threads took: 0.0027710 seconds
215.006: Application time: 0.0774650 seconds
215.007: [GC [PSYoungGen: 91216K->7200K(97280K)] 105633K->21625K(319488K), 0.0021140 secs] [Times: user=0.02 sys=0.00, real=0.00 secs] 
215.010: Total time for which application threads were stopped: 0.0040630 seconds, Stopping threads took: 0.0018600 seconds
215.087: Application time: 0.0773280 seconds
215.090: [GC [PSYoungGen: 90656K->7408K(97280K)] 105081K->21833K(319488K), 0.0020670 secs] [Times: user=0.01 sys=0.00, real=0.00 secs] 
215.092: Total time for which application threads were stopped: 0.0048180 seconds, Stopping threads took: 0.0026620 seconds
215.168: Application time: 0.0764760 seconds
215.171: [GC [PSYoungGen: 90864K->7824K(97280K)] 105289K->22249K(319488K), 0.0023490 secs] [Times: user=0.02 sys=0.00, real=0.00 secs] 
215.173: Total time for which application threads were stopped: 0.0050360 seconds, Stopping threads took: 0.0026030 seconds
215.251: Application time: 0.0777130 seconds
215.254: [GC [PSYoungGen: 91280K->8336K(97280K)] 105705K->22761K(319488K), 0.0025260 secs] [Times: user=0.02 sys=0.00, real=0.00 secs] 
215.257: Total time for which application threads were stopped: 0.0059640 seconds, Stopping threads took: 0.0033330 seconds
215.336: Application time: 0.0788080 seconds
215.338: [GC [PSYoungGen: 91792K->7600K(97280K)] 106217K->22033K(319488K), 0.0021910 secs] [Times: user=0.02 sys=0.00, real=0.00 secs] 
215.341: Total time for which application threads were stopped: 0.0047620 seconds, Stopping threads took: 0.0024790 seconds
215.421: Application time: 0.0800530 seconds
215.422: [GC [PSYoungGen: 91056K->8128K(97280K)] 105489K->22569K(319488K), 0.0023070 secs] [Times: user=0.01 sys=0.00, real=0.00 secs] 
215.424: Total time for which application threads were stopped: 0.0036250 seconds, Stopping threads took: 0.0012280 seconds
215.508: Application time: 0.0839770 seconds
215.510: [GC [PSYoungGen: 91584K->5872K(97280K)] 106025K->20337K(319488K), 0.0017350 secs] [Times: user=0.01 sys=0.00, real=0.00 secs] 
215.512: Total time for which application threads were stopped: 0.0039750 seconds, Stopping threads took: 0.0021530 seconds
215.590: Application time: 0.0773210 seconds
215.591: [GC [PSYoungGen: 89328K->7264K(97280K)] 103793K->21737K(319488K), 0.0021580 secs] [Times: user=0.02 sys=0.00, real=0.00 secs] 
215.594: Total time for which application threads were stopped: 0.0040050 seconds, Stopping threads took: 0.0017650 seconds
215.675: Application time: 0.0810830 seconds
215.676: [GC [PSYoungGen: 90720K->5232K(97280K)] 105193K->19705K(319488K), 0.0016390 secs] [Times: user=0.01 sys=0.00, real=0.01 secs] 
215.677: Total time for which application threads were stopped: 0.0028680 seconds, Stopping threads took: 0.0011500 seconds
215.756: Application time: 0.0787220 seconds
215.758: [GC [PSYoungGen: 88688K->7024K(97280K)] 103161K->21497K(319488K), 0.0019680 secs] [Times: user=0.01 sys=0.00, real=0.00 secs] 
215.760: Total time for which application threads were stopped: 0.0041060 seconds, Stopping threads took: 0.0020540 seconds
215.840: Application time: 0.0801280 seconds
215.842: [GC [PSYoungGen: 90480K->6512K(97280K)] 104953K->20993K(319488K), 0.0019570 secs] [Times: user=0.02 sys=0.00, real=0.00 secs] 
215.844: Total time for which application threads were stopped: 0.0037790 seconds, Stopping threads took: 0.0017390 seconds
215.926: Application time: 0.0817070 seconds
215.928: [GC [PSYoungGen: 89968K->5952K(97280K)] 104449K->20441K(319488K), 0.0017640 secs] [Times: user=0.01 sys=0.00, real=0.00 secs] 
215.930: Total time for which application threads were stopped: 0.0038580 seconds, Stopping threads took: 0.0020090 seconds
216.010: Application time: 0.0801210 seconds
216.012: [GC [PSYoungGen: 89408K->6704K(97280K)] 103897K->21201K(319488K), 0.0019460 secs] [Times: user=0.02 sys=0.00, real=0.00 secs] 
216.014: Total time for which application threads were stopped: 0.0042160 seconds, Stopping threads took: 0.0021900 seconds
216.091: Application time: 0.0770660 seconds
216.093: [GC [PSYoungGen: 90160K->7696K(97280K)] 104657K->22201K(319488K), 0.0022680 secs] [Times: user=0.02 sys=0.00, real=0.00 secs] 
216.095: Total time for which application threads were stopped: 0.0041260 seconds, Stopping threads took: 0.0017650 seconds
216.176: Application time: 0.0806470 seconds
216.179: [GC [PSYoungGen: 91152K->7440K(97280K)] 105657K->21945K(319488K), 0.0021570 secs] [Times: user=0.02 sys=0.00, real=0.00 secs] 
216.182: Total time for which application threads were stopped: 0.0056130 seconds, Stopping threads took: 0.0033700 seconds
216.260: Application time: 0.0787050 seconds
216.263: [GC [PSYoungGen: 90896K->6864K(97280K)] 105401K->21369K(319488K), 0.0020110 secs] [Times: user=0.01 sys=0.00, real=0.00 secs] 
216.265: Total time for which application threads were stopped: 0.0043000 seconds, Stopping threads took: 0.0022000 seconds
216.345: Application time: 0.0805000 seconds
216.347: [GC [PSYoungGen: 90320K->7056K(97280K)] 104825K->21569K(319488K), 0.0020700 secs] [Times: user=0.01 sys=0.00, real=0.00 secs] 
216.349: Total time for which application threads were stopped: 0.0041190 seconds, Stopping threads took: 0.0019610 seconds
216.430: Application time: 0.0810490 seconds
216.433: [GC [PSYoungGen: 90512K->6688K(97280K)] 105025K->21209K(319488K), 0.0019350 secs] [Times: user=0.01 sys=0.00, real=0.00 secs] 
216.435: Total time for which application threads were stopped: 0.0049340 seconds, Stopping threads took: 0.0029100 seconds
216.513: Application time: 0.0773770 seconds
216.515: [GC [PSYoungGen: 90144K->5920K(97280K)] 104665K->20449K(319488K), 0.0018240 secs] [Times: user=0.01 sys=0.00, real=0.00 secs] 
216.517: Total time for which application threads were stopped: 0.0040090 seconds, Stopping threads took: 0.0021020 seconds
216.597: Application time: 0.0801710 seconds
216.598: [GC [PSYoungGen: 89376K->7568K(97280K)] 103905K->22105K(319488K), 0.0022260 secs] [Times: user=0.01 sys=0.00, real=0.00 secs] 
216.601: Total time for which application threads were stopped: 0.0038310 seconds, Stopping threads took: 0.0015210 seconds
216.682: Application time: 0.0810480 seconds
216.684: [GC [PSYoungGen: 91024K->7376K(97280K)] 105561K->21913K(319488K), 0.0020930 secs] [Times: user=0.02 sys=0.00, real=0.01 secs] 
216.686: Total time for which application threads were stopped: 0.0046330 seconds, Stopping threads took: 0.0024580 seconds
216.764: Application time: 0.0775430 seconds
216.766: [GC [PSYoungGen: 90830K->7248K(97280K)] 105368K->21785K(319488K), 0.0020250 secs] [Times: user=0.01 sys=0.00, real=0.00 secs] 
216.768: Total time for which application threads were stopped: 0.0038880 seconds, Stopping threads took: 0.0017790 seconds
216.845: Application time: 0.0776410 seconds
216.847: [GC [PSYoungGen: 90704K->7776K(97280K)] 105241K->22337K(319488K), 0.0022950 secs] [Times: user=0.01 sys=0.00, real=0.00 secs] 
216.849: Total time for which application threads were stopped: 0.0036320 seconds, Stopping threads took: 0.0012500 seconds
216.923: Application time: 0.0740320 seconds
216.926: [GC [PSYoungGen: 91232K->6864K(97280K)] 105793K->21433K(319488K), 0.0019050 secs] [Times: user=0.01 sys=0.00, real=0.00 secs] 
216.928: Total time for which application threads were stopped: 0.0044770 seconds, Stopping threads took: 0.0024940 seconds
217.002: Application time: 0.0740370 seconds
217.004: [GC [PSYoungGen: 90320K->6416K(97280K)] 104889K->20993K(319488K), 0.0018870 secs] [Times: user=0.01 sys=0.00, real=0.01 secs] 
217.006: Total time for which application threads were stopped: 0.0042840 seconds, Stopping threads took: 0.0023090 seconds
217.081: Application time: 0.0751540 seconds
217.083: [GC [PSYoungGen: 89872K->8272K(97280K)] 104449K->22857K(319488K), 0.0025290 secs] [Times: user=0.02 sys=0.00, real=0.01 secs] 
217.086: Total time for which application threads were stopped: 0.0048870 seconds, Stopping threads took: 0.0022760 seconds
217.162: Application time: 0.0764370 seconds
217.164: [GC [PSYoungGen: 91728K->6608K(97280K)] 106313K->21193K(319488K), 0.0019250 secs] [Times: user=0.01 sys=0.00, real=0.01 secs] 
217.166: Total time for which application threads were stopped: 0.0040850 seconds, Stopping threads took: 0.0020810 seconds
217.243: Application time: 0.0766780 seconds
217.245: [GC [PSYoungGen: 90064K->7200K(97280K)] 104649K->21785K(319488K), 0.0019660 secs] [Times: user=0.01 sys=0.00, real=0.00 secs] 
217.247: Total time for which application threads were stopped: 0.0041660 seconds, Stopping threads took: 0.0021260 seconds
217.326: Application time: 0.0784260 seconds
217.329: [GC [PSYoungGen: 90656K->7680K(97280K)] 105241K->22273K(319488K), 0.0022700 secs] [Times: user=0.02 sys=0.00, real=0.00 secs] 
217.331: Total time for which application threads were stopped: 0.0051290 seconds, Stopping threads took: 0.0027700 seconds
217.405: Application time: 0.0739030 seconds
217.407: [GC [PSYoungGen: 91136K->8128K(97280K)] 105729K->22729K(319488K), 0.0022220 secs] [Times: user=0.01 sys=0.00, real=0.00 secs] 
217.409: Total time for which application threads were stopped: 0.0044700 seconds, Stopping threads took: 0.0021660 seconds
217.490: Application time: 0.0807070 seconds
217.491: [GC [PSYoungGen: 91584K->7664K(97280K)] 106185K->22273K(319488K), 0.0022290 secs] [Times: user=0.02 sys=0.00, real=0.00 secs] 
217.494: Total time for which application threads were stopped: 0.0035750 seconds, Stopping threads took: 0.0012600 seconds
217.568: Application time: 0.0740790 seconds
217.570: [GC [PSYoungGen: 91120K->6144K(97280K)] 105729K->20761K(319488K), 0.0017880 secs] [Times: user=0.00 sys=0.00, real=0.00 secs] 
217.572: Total time for which application threads were stopped: 0.0043800 seconds, Stopping threads took: 0.0025080 seconds
217.644: Application time: 0.0718300 seconds
217.645: [GC [PSYoungGen: 89600K->7296K(97280K)] 104217K->21913K(319488K), 0.0021640 secs] [Times: user=0.02 sys=0.00, real=0.00 secs] 
217.648: Total time for which application threads were stopped: 0.0037930 seconds, Stopping threads took: 0.0015390 seconds
217.725: Application time: 0.0776250 seconds
217.728: [GC [PSYoungGen: 90752K->6016K(97280K)] 105369K->20633K(319488K), 0.0020360 secs] [Times: user=0.01 sys=0.00, real=0.00 secs] 
217.730: Total time for which application threads were stopped: 0.0044620 seconds, Stopping threads took: 0.0023100 seconds
217.809: Application time: 0.0795540 seconds
217.812: [GC [PSYoungGen: 89472K->6288K(97280K)] 104089K->20905K(319488K), 0.0018980 secs] [Times: user=0.01 sys=0.00, real=0.00 secs] 
217.814: Total time for which application threads were stopped: 0.0045260 seconds, Stopping threads took: 0.0025500 seconds
217.889: Application time: 0.0748190 seconds
217.891: [GC [PSYoungGen: 89744K->7664K(97280K)] 104361K->22289K(319488K), 0.0021160 secs] [Times: user=0.02 sys=0.00, real=0.00 secs] 
217.893: Total time for which application threads were stopped: 0.0048350 seconds, Stopping threads took: 0.0026380 seconds
217.971: Application time: 0.0775860 seconds
217.974: [GC [PSYoungGen: 91120K->7104K(97280K)] 105745K->21737K(319488K), 0.0020460 secs] [Times: user=0.01 sys=0.00, real=0.00 secs] 
217.976: Total time for which application threads were stopped: 0.0049460 seconds, Stopping threads took: 0.0028170 seconds
218.052: Application time: 0.0764760 seconds
218.055: [GC [PSYoungGen: 90560K->6480K(97280K)] 105193K->21121K(319488K), 0.0018320 secs] [Times: user=0.01 sys=0.00, real=0.00 secs] 
218.057: Total time for which application threads were stopped: 0.0044190 seconds, Stopping threads took: 0.0025060 seconds
218.132: Application time: 0.0755300 seconds
218.135: [GC [PSYoungGen: 89936K->8160K(97280K)] 104577K->22809K(319488K), 0.0023640 secs] [Times: user=0.01 sys=0.00, real=0.01 secs] 
218.137: Total time for which application threads were stopped: 0.0050400 seconds, Stopping threads took: 0.0025780 seconds
218.213: Application time: 0.0753510 seconds
218.215: [GC [PSYoungGen: 91616K->7760K(97280K)] 106265K->22409K(319488K), 0.0021920 secs] [Times: user=0.02 sys=0.00, real=0.00 secs] 
218.217: Total time for which application threads were stopped: 0.0041430 seconds, Stopping threads took: 0.0018700 seconds
218.292: Application time: 0.0750510 seconds
218.295: [GC [PSYoungGen: 91216K->7232K(97280K)] 105865K->21881K(319488K), 0.0020720 secs] [Times: user=0.02 sys=0.00, real=0.00 secs] 
218.297: Total time for which application threads were stopped: 0.0048210 seconds, Stopping threads took: 0.0026620 seconds
218.371: Application time: 0.0739710 seconds
218.373: [GC [PSYoungGen: 90688K->7680K(97280K)] 105337K->22337K(319488K), 0.0021010 secs] [Times: user=0.01 sys=0.00, real=0.00 secs] 
218.375: Total time for which application threads were stopped: 0.0041900 seconds, Stopping threads took: 0.0020090 seconds
218.453: Application time: 0.0784850 seconds
218.456: [GC [PSYoungGen: 91136K->6176K(97280K)] 105793K->20841K(319488K), 0.0018240 secs] [Times: user=0.01 sys=0.00, real=0.01 secs] 
218.457: Total time for which application threads were stopped: 0.0039540 seconds, Stopping threads took: 0.0020500 seconds
218.536: Application time: 0.0781450 seconds
218.538: [GC [PSYoungGen: 89632K->6976K(97280K)] 104297K->21657K(319488K), 0.0019870 secs] [Times: user=0.01 sys=0.00, real=0.00 secs] 
218.540: Total time for which application threads were stopped: 0.0041270 seconds, Stopping threads took: 0.0020570 seconds
218.614: Application time: 0.0741320 seconds
218.616: [GC [PSYoungGen: 90431K->7696K(97280K)] 105112K->22385K(319488K), 0.0022470 secs] [Times: user=0.01 sys=0.00, real=0.01 secs] 
218.619: Total time for which application threads were stopped: 0.0048650 seconds, Stopping threads took: 0.0025320 seconds
218.694: Application time: 0.0753940 seconds
218.697: [GC [PSYoungGen: 91152K->6928K(97280K)] 105841K->21617K(319488K), 0.0018830 secs] [Times: user=0.02 sys=0.00, real=0.01 secs] 
218.698: Total time for which application threads were stopped: 0.0043530 seconds, Stopping threads took: 0.0023800 seconds
218.775: Application time: 0.0763920 seconds
218.777: [GC [PSYoungGen: 90384K->7344K(97280K)] 105073K->22033K(319488K), 0.0022380 secs] [Times: user=0.02 sys=0.00, real=0.01 secs] 
218.779: Total time for which application threads were stopped: 0.0040300 seconds, Stopping threads took: 0.0017030 seconds
218.853: Application time: 0.0745200 seconds
218.856: [GC [PSYoungGen: 90800K->7648K(97280K)] 105489K->22353K(319488K), 0.0021120 secs] [Times: user=0.02 sys=0.00, real=0.01 secs] 
218.858: Total time for which application threads were stopped: 0.0042630 seconds, Stopping threads took: 0.0020690 seconds
218.934: Application time: 0.0763290 seconds
218.937: [GC [PSYoungGen: 91104K->6752K(97280K)] 105809K->21465K(319488K), 0.0019880 secs] [Times: user=0.01 sys=0.00, real=0.01 secs] 
218.939: Total time for which application threads were stopped: 0.0048120 seconds, Stopping threads took: 0.0027340 seconds
219.013: Application time: 0.0746930 seconds
219.015: [GC [PSYoungGen: 90208K->7680K(97280K)] 104921K->22401K(319488K), 0.0021200 secs] [Times: user=0.02 sys=0.00, real=0.01 secs] 
219.018: Total time for which application threads were stopped: 0.0040480 seconds, Stopping threads took: 0.0018480 seconds
219.092: Application time: 0.0749550 seconds
219.095: [GC [PSYoungGen: 91136K->7104K(97280K)] 105857K->21857K(319488K), 0.0020970 secs] [Times: user=0.01 sys=0.00, real=0.00 secs] 
219.097: Total time for which application threads were stopped: 0.0044030 seconds, Stopping threads took: 0.0022210 seconds
219.173: Application time: 0.0756480 seconds
219.175: [GC [PSYoungGen: 90560K->6624K(97280K)] 105313K->21377K(319488K), 0.0018750 secs] [Times: user=0.01 sys=0.00, real=0.00 secs] 
219.177: Total time for which application threads were stopped: 0.0041950 seconds, Stopping threads took: 0.0022460 seconds
219.257: Application time: 0.0805170 seconds
219.260: [GC [PSYoungGen: 90080K->5216K(97280K)] 104833K->19969K(319488K), 0.0015030 secs] [Times: user=0.01 sys=0.00, real=0.00 secs] 
219.262: Total time for which application threads were stopped: 0.0044890 seconds, Stopping threads took: 0.0028970 seconds
219.337: Application time: 0.0748150 seconds
219.338: [GC [PSYoungGen: 88672K->6720K(97280K)] 103425K->21481K(319488K), 0.0019810 secs] [Times: user=0.01 sys=0.00, real=0.00 secs] 
219.340: Total time for which application threads were stopped: 0.0036480 seconds, Stopping threads took: 0.0015880 seconds
219.415: Application time: 0.0747600 seconds
219.417: [GC [PSYoungGen: 90176K->6224K(97280K)] 104937K->20993K(319488K), 0.0018190 secs] [Times: user=0.01 sys=0.00, real=0.01 secs] 
219.419: Total time for which application threads were stopped: 0.0037370 seconds, Stopping threads took: 0.0018340 seconds
219.492: Application time: 0.0728440 seconds
219.494: [GC [PSYoungGen: 89680K->6960K(97280K)] 104449K->21737K(319488K), 0.0021760 secs] [Times: user=0.01 sys=0.00, real=0.00 secs] 
219.496: Total time for which application threads were stopped: 0.0045420 seconds, Stopping threads took: 0.0022750 seconds
219.572: Application time: 0.0761740 seconds
219.574: [GC [PSYoungGen: 90416K->7328K(97280K)] 105193K->22113K(319488K), 0.0024820 secs] [Times: user=0.02 sys=0.00, real=0.00 secs] 
219.577: Total time for which application threads were stopped: 0.0042530 seconds, Stopping threads took: 0.0016880 seconds
219.649: Application time: 0.0719670 seconds
219.651: [GC [PSYoungGen: 90784K->7696K(97280K)] 105569K->22481K(319488K), 0.0024440 secs] [Times: user=0.02 sys=0.00, real=0.00 secs] 
219.653: Total time for which application threads were stopped: 0.0045390 seconds, Stopping threads took: 0.0019930 seconds
219.729: Application time: 0.0755240 seconds
219.731: [GC [PSYoungGen: 91152K->7040K(97280K)] 105937K->21825K(319488K), 0.0020560 secs] [Times: user=0.02 sys=0.00, real=0.00 secs] 
219.733: Total time for which application threads were stopped: 0.0045990 seconds, Stopping threads took: 0.0024390 seconds
219.808: Application time: 0.0747640 seconds
219.810: [GC [PSYoungGen: 90496K->6480K(97280K)] 105281K->21265K(319488K), 0.0018350 secs] [Times: user=0.01 sys=0.00, real=0.00 secs] 
219.812: Total time for which application threads were stopped: 0.0037280 seconds, Stopping threads took: 0.0018070 seconds
219.889: Application time: 0.0777090 seconds
219.891: [GC [PSYoungGen: 89936K->6064K(97280K)] 104721K->20857K(319488K), 0.0017200 secs] [Times: user=0.01 sys=0.00, real=0.00 secs] 
219.893: Total time for which application threads were stopped: 0.0034410 seconds, Stopping threads took: 0.0016370 seconds
219.965: Application time: 0.0718780 seconds
219.966: [GC [PSYoungGen: 89520K->7344K(97280K)] 104313K->22153K(319488K), 0.0021200 secs] [Times: user=0.02 sys=0.00, real=0.00 secs] 
219.968: Total time for which application threads were stopped: 0.0035210 seconds, Stopping threads took: 0.0013150 seconds
220.043: Application time: 0.0746840 seconds
220.045: [GC [PSYoungGen: 90800K->6464K(97280K)] 105609K->21281K(319488K), 0.0019220 secs] [Times: user=0.01 sys=0.00, real=0.01 secs] 
220.047: Total time for which application threads were stopped: 0.0039510 seconds, Stopping threads took: 0.0019450 seconds
220.124: Application time: 0.0767230 seconds
220.126: [GC [PSYoungGen: 89920K->6688K(97280K)] 104737K->21513K(319488K), 0.0018790 secs] [Times: user=0.01 sys=0.00, real=0.00 secs] 
220.128: Total time for which application threads were stopped: 0.0045900 seconds, Stopping threads took: 0.0026310 seconds
220.202: Application time: 0.0738170 seconds
220.204: [GC [PSYoungGen: 90144K->6912K(97280K)] 104969K->21737K(319488K), 0.0020860 secs] [Times: user=0.01 sys=0.00, real=0.01 secs] 
220.206: Total time for which application threads were stopped: 0.0039710 seconds, Stopping threads took: 0.0018020 seconds
220.279: Application time: 0.0732470 seconds
220.281: [GC [PSYoungGen: 90368K->5168K(97280K)] 105193K->19993K(319488K), 0.0015030 secs] [Times: user=0.01 sys=0.00, real=0.00 secs] 
220.282: Total time for which application threads were stopped: 0.0030420 seconds, Stopping threads took: 0.0014630 seconds
220.355: Application time: 0.0731060 seconds
220.357: [GC [PSYoungGen: 88624K->7520K(97280K)] 103449K->22361K(319488K), 0.0022370 secs] [Times: user=0.01 sys=0.00, real=0.01 secs] 
220.359: Total time for which application threads were stopped: 0.0039190 seconds, Stopping threads took: 0.0015900 seconds
220.431: Application time: 0.0713940 seconds
220.433: [GC [PSYoungGen: 90976K->7184K(97280K)] 105817K->22033K(319488K), 0.0020870 secs] [Times: user=0.01 sys=0.00, real=0.00 secs] 
220.435: Total time for which application threads were stopped: 0.0042960 seconds, Stopping threads took: 0.0021200 seconds
220.512: Application time: 0.0773110 seconds
220.514: [GC [PSYoungGen: 90640K->7760K(97280K)] 105489K->22617K(319488K), 0.0023270 secs] [Times: user=0.01 sys=0.00, real=0.00 secs] 
220.516: Total time for which application threads were stopped: 0.0040220 seconds, Stopping threads took: 0.0016090 seconds
220.589: Application time: 0.0731300 seconds
220.591: [GC [PSYoungGen: 91216K->6544K(97280K)] 106073K->21425K(319488K), 0.0019230 secs] [Times: user=0.02 sys=0.00, real=0.00 secs] 
220.593: Total time for which application threads were stopped: 0.0036110 seconds, Stopping threads took: 0.0015950 seconds
220.670: Application time: 0.0767870 seconds
220.672: [GC [PSYoungGen: 90000K->6560K(97280K)] 104881K->21441K(319488K), 0.0018610 secs] [Times: user=0.02 sys=0.00, real=0.00 secs] 
220.674: Total time for which application threads were stopped: 0.0043650 seconds, Stopping threads took: 0.0024210 seconds
220.749: Application time: 0.0748090 seconds
220.751: [GC [PSYoungGen: 90016K->5632K(97280K)] 104897K->20513K(319488K), 0.0017940 secs] [Times: user=0.01 sys=0.00, real=0.00 secs] 
220.753: Total time for which application threads were stopped: 0.0034740 seconds, Stopping threads took: 0.0015980 seconds
220.836: Application time: 0.0839080 seconds
220.839: [GC [PSYoungGen: 89088K->6048K(97280K)] 103969K->20945K(319488K), 0.0017670 secs] [Times: user=0.02 sys=0.00, real=0.00 secs] 
220.841: Total time for which application threads were stopped: 0.0047700 seconds, Stopping threads took: 0.0029200 seconds
220.920: Application time: 0.0792700 seconds
220.922: [GC [PSYoungGen: 89504K->6896K(97280K)] 104401K->21809K(319488K), 0.0019690 secs] [Times: user=0.02 sys=0.00, real=0.00 secs] 
220.924: Total time for which application threads were stopped: 0.0037640 seconds, Stopping threads took: 0.0017070 seconds
221.005: Application time: 0.0807960 seconds
221.007: [GC [PSYoungGen: 90352K->7568K(97280K)] 105265K->22505K(319488K), 0.0022260 secs] [Times: user=0.02 sys=0.00, real=0.00 secs] 
221.009: Total time for which application threads were stopped: 0.0040580 seconds, Stopping threads took: 0.0017310 seconds
221.089: Application time: 0.0799040 seconds
221.091: [GC [PSYoungGen: 91024K->8064K(97280K)] 105961K->23025K(319488K), 0.0022520 secs] [Times: user=0.00 sys=0.01, real=0.00 secs] 
221.093: Total time for which application threads were stopped: 0.0040970 seconds, Stopping threads took: 0.0017560 seconds
221.175: Application time: 0.0822090 seconds
221.178: [GC [PSYoungGen: 91520K->6560K(97280K)] 106481K->21521K(319488K), 0.0019360 secs] [Times: user=0.00 sys=0.00, real=0.00 secs] 
221.180: Total time for which application threads were stopped: 0.0047590 seconds, Stopping threads took: 0.0027380 seconds
221.259: Application time: 0.0785930 seconds
221.262: [GC [PSYoungGen: 90016K->6592K(97280K)] 104977K->21553K(319488K), 0.0019280 secs] [Times: user=0.01 sys=0.00, real=0.00 secs] 
221.264: Total time for which application threads were stopped: 0.0051400 seconds, Stopping threads took: 0.0031230 seconds
221.343: Application time: 0.0795970 seconds
221.346: [GC [PSYoungGen: 90048K->6656K(97280K)] 105009K->21625K(319488K), 0.0019740 secs] [Times: user=0.01 sys=0.00, real=0.00 secs] 
221.348: Total time for which application threads were stopped: 0.0047030 seconds, Stopping threads took: 0.0026260 seconds
221.428: Application time: 0.0802990 seconds
221.431: [GC [PSYoungGen: 90112K->7136K(97280K)] 105081K->22121K(319488K), 0.0021370 secs] [Times: user=0.01 sys=0.00, real=0.00 secs] 
221.434: Total time for which application threads were stopped: 0.0052040 seconds, Stopping threads took: 0.0029740 seconds
221.517: Application time: 0.0833150 seconds
221.519: [GC [PSYoungGen: 90592K->5792K(97280K)] 105577K->20785K(319488K), 0.0017260 secs] [Times: user=0.01 sys=0.00, real=0.00 secs] 
221.520: Total time for which application threads were stopped: 0.0034200 seconds, Stopping threads took: 0.0016160 seconds
221.599: Application time: 0.0783290 seconds
221.600: [GC [PSYoungGen: 89248K->8336K(97280K)] 104241K->23345K(319488K), 0.0024560 secs] [Times: user=0.02 sys=0.00, real=0.00 secs] 
221.603: Total time for which application threads were stopped: 0.0040510 seconds, Stopping threads took: 0.0015090 seconds
221.682: Application time: 0.0794030 seconds
221.685: [GC [PSYoungGen: 91792K->6528K(97280K)] 106801K->21537K(319488K), 0.0018750 secs] [Times: user=0.01 sys=0.00, real=0.01 secs] 
221.687: Total time for which application threads were stopped: 0.0046980 seconds, Stopping threads took: 0.0027340 seconds
221.766: Application time: 0.0794380 seconds
221.769: [GC [PSYoungGen: 89984K->7296K(97280K)] 104993K->22305K(319488K), 0.0020970 secs] [Times: user=0.01 sys=0.00, real=0.00 secs] 
221.771: Total time for which application threads were stopped: 0.0047930 seconds, Stopping threads took: 0.0026110 seconds
221.852: Application time: 0.0812110 seconds
221.854: [GC [PSYoungGen: 90752K->7616K(97280K)] 105761K->22633K(319488K), 0.0022710 secs] [Times: user=0.01 sys=0.00, real=0.00 secs] 
221.857: Total time for which application threads were stopped: 0.0043000 seconds, Stopping threads took: 0.0019400 seconds
221.934: Application time: 0.0770850 seconds
221.937: [GC [PSYoungGen: 91072K->7136K(97280K)] 106089K->22161K(319488K), 0.0020630 secs] [Times: user=0.02 sys=0.00, real=0.01 secs] 
221.939: Total time for which application threads were stopped: 0.0051010 seconds, Stopping threads took: 0.0029370 seconds
222.018: Application time: 0.0787530 seconds
222.019: [GC [PSYoungGen: 90592K->6784K(97280K)] 105617K->21817K(319488K), 0.0020080 secs] [Times: user=0.01 sys=0.00, real=0.00 secs] 
222.021: Total time for which application threads were stopped: 0.0038370 seconds, Stopping threads took: 0.0017390 seconds
222.103: Application time: 0.0812390 seconds
222.105: [GC [PSYoungGen: 90240K->5152K(97280K)] 105273K->20193K(319488K), 0.0015570 secs] [Times: user=0.01 sys=0.00, real=0.00 secs] 
222.107: Total time for which application threads were stopped: 0.0041620 seconds, Stopping threads took: 0.0025200 seconds
222.191: Application time: 0.0837480 seconds
222.194: [GC [PSYoungGen: 88608K->6704K(97280K)] 103649K->21753K(319488K), 0.0018800 secs] [Times: user=0.02 sys=0.00, real=0.00 secs] 
222.196: Total time for which application threads were stopped: 0.0051860 seconds, Stopping threads took: 0.0032250 seconds
222.276: Application time: 0.0801850 seconds
222.279: [GC [PSYoungGen: 90160K->6032K(97280K)] 105209K->21081K(319488K), 0.0017510 secs] [Times: user=0.01 sys=0.00, real=0.00 secs] 
222.280: Total time for which application threads were stopped: 0.0044520 seconds, Stopping threads took: 0.0026230 seconds
222.363: Application time: 0.0822560 seconds
222.365: [GC [PSYoungGen: 89488K->5680K(97280K)] 104537K->20737K(319488K), 0.0016100 secs] [Times: user=0.01 sys=0.00, real=0.01 secs] 
222.367: Total time for which application threads were stopped: 0.0039940 seconds, Stopping threads took: 0.0023020 seconds
222.444: Application time: 0.0771120 seconds
222.446: [GC [PSYoungGen: 89136K->6960K(97280K)] 104193K->22025K(319488K), 0.0020770 secs] [Times: user=0.01 sys=0.01, real=0.00 secs] 
222.448: Total time for which application threads were stopped: 0.0046270 seconds, Stopping threads took: 0.0024570 seconds
222.530: Application time: 0.0820130 seconds
222.533: [GC [PSYoungGen: 90416K->6496K(97280K)] 105481K->21569K(319488K), 0.0019060 secs] [Times: user=0.01 sys=0.00, real=0.00 secs] 
222.535: Total time for which application threads were stopped: 0.0046840 seconds, Stopping threads took: 0.0026940 seconds
222.617: Application time: 0.0823720 seconds
222.620: [GC [PSYoungGen: 89952K->8192K(97280K)] 105025K->23273K(319488K), 0.0023850 secs] [Times: user=0.02 sys=0.00, real=0.00 secs] 
222.622: Total time for which application threads were stopped: 0.0050190 seconds, Stopping threads took: 0.0025450 seconds
222.703: Application time: 0.0802230 seconds
222.706: [GC [PSYoungGen: 91648K->7664K(97280K)] 106729K->22753K(319488K), 0.0022670 secs] [Times: user=0.01 sys=0.00, real=0.00 secs] 
222.708: Total time for which application threads were stopped: 0.0053440 seconds, Stopping threads took: 0.0029880 seconds
222.787: Application time: 0.0788700 seconds
222.790: [GC [PSYoungGen: 91120K->6352K(97280K)] 106209K->21441K(319488K), 0.0018880 secs] [Times: user=0.01 sys=0.00, real=0.00 secs] 
222.792: Total time for which application threads were stopped: 0.0047300 seconds, Stopping threads took: 0.0027550 seconds
222.874: Application time: 0.0826070 seconds
222.877: [GC [PSYoungGen: 89808K->6528K(97280K)] 104897K->21617K(319488K), 0.0019010 secs] [Times: user=0.02 sys=0.00, real=0.01 secs] 
222.879: Total time for which application threads were stopped: 0.0047220 seconds, Stopping threads took: 0.0027360 seconds
222.956: Application time: 0.0771430 seconds
222.959: [GC [PSYoungGen: 89984K->7776K(97280K)] 105073K->22873K(319488K), 0.0022600 secs] [Times: user=0.02 sys=0.00, real=0.00 secs] 
222.962: Total time for which application threads were stopped: 0.0054450 seconds, Stopping threads took: 0.0030900 seconds
223.041: Application time: 0.0790530 seconds
223.044: [GC [PSYoungGen: 91232K->7264K(97280K)] 106329K->22385K(319488K), 0.0021270 secs] [Times: user=0.02 sys=0.00, real=0.01 secs] 
223.046: Total time for which application threads were stopped: 0.0054730 seconds, Stopping threads took: 0.0032540 seconds
223.124: Application time: 0.0783800 seconds
223.127: [GC [PSYoungGen: 90720K->7808K(97280K)] 105841K->22937K(319488K), 0.0022700 secs] [Times: user=0.02 sys=0.00, real=0.00 secs] 
223.129: Total time for which application threads were stopped: 0.0048980 seconds, Stopping threads took: 0.0025420 seconds
223.212: Application time: 0.0826230 seconds
223.215: [GC [PSYoungGen: 91264K->6496K(97280K)] 106393K->21633K(319488K), 0.0018770 secs] [Times: user=0.01 sys=0.00, real=0.00 secs] 
223.217: Total time for which application threads were stopped: 0.0045970 seconds, Stopping threads took: 0.0026340 seconds
223.294: Application time: 0.0771920 seconds
223.296: [GC [PSYoungGen: 89952K->7552K(97280K)] 105089K->22689K(319488K), 0.0022270 secs] [Times: user=0.02 sys=0.00, real=0.01 secs] 
223.298: Total time for which application threads were stopped: 0.0045870 seconds, Stopping threads took: 0.0022720 seconds
223.378: Application time: 0.0793610 seconds
223.380: [GC [PSYoungGen: 91008K->6800K(97280K)] 106145K->21937K(319488K), 0.0022780 secs] [Times: user=0.02 sys=0.00, real=0.00 secs] 
223.382: Total time for which application threads were stopped: 0.0045970 seconds, Stopping threads took: 0.0022300 seconds
223.460: Application time: 0.0780820 seconds
223.463: [GC [PSYoungGen: 90256K->6336K(97280K)] 105393K->21481K(319488K), 0.0019190 secs] [Times: user=0.01 sys=0.00, real=0.01 secs] 
223.465: Total time for which application threads were stopped: 0.0047260 seconds, Stopping threads took: 0.0027230 seconds
223.544: Application time: 0.0787420 seconds
223.546: [GC [PSYoungGen: 89792K->7792K(97280K)] 104937K->22945K(319488K), 0.0022350 secs] [Times: user=0.02 sys=0.00, real=0.00 secs] 
223.548: Total time for which application threads were stopped: 0.0040200 seconds, Stopping threads took: 0.0017010 seconds
223.627: Application time: 0.0793800 seconds
223.629: [GC [PSYoungGen: 91248K->7520K(97280K)] 106401K->22681K(319488K), 0.0023250 secs] [Times: user=0.01 sys=0.00, real=0.00 secs] 
223.632: Total time for which application threads were stopped: 0.0043680 seconds, Stopping threads took: 0.0019540 seconds
223.713: Application time: 0.0812510 seconds
223.716: [GC [PSYoungGen: 90976K->6240K(97280K)] 106137K->21409K(319488K), 0.0018380 secs] [Times: user=0.01 sys=0.00, real=0.01 secs] 
223.718: Total time for which application threads were stopped: 0.0046310 seconds, Stopping threads took: 0.0027110 seconds
223.797: Application time: 0.0797170 seconds
223.800: [GC [PSYoungGen: 89696K->7696K(97280K)] 104865K->22865K(319488K), 0.0020630 secs] [Times: user=0.02 sys=0.00, real=0.00 secs] 
223.803: Total time for which application threads were stopped: 0.0052830 seconds, Stopping threads took: 0.0031350 seconds
223.885: Application time: 0.0823450 seconds
223.887: [GC [PSYoungGen: 91152K->8288K(97280K)] 106321K->23457K(319488K), 0.0024090 secs] [Times: user=0.01 sys=0.00, real=0.00 secs] 
223.890: Total time for which application threads were stopped: 0.0047710 seconds, Stopping threads took: 0.0022510 seconds
223.969: Application time: 0.0789360 seconds
223.971: [GC [PSYoungGen: 91744K->6944K(97280K)] 106913K->22121K(319488K), 0.0019060 secs] [Times: user=0.01 sys=0.01, real=0.00 secs] 
223.973: Total time for which application threads were stopped: 0.0046890 seconds, Stopping threads took: 0.0026960 seconds
224.058: Application time: 0.0844300 seconds
224.059: [GC [PSYoungGen: 90400K->6704K(97280K)] 105577K->21889K(319488K), 0.0019980 secs] [Times: user=0.01 sys=0.00, real=0.00 secs] 
224.061: Total time for which application threads were stopped: 0.0032280 seconds, Stopping threads took: 0.0011490 seconds
224.140: Application time: 0.0786550 seconds
224.142: [GC [PSYoungGen: 90160K->6848K(97280K)] 105345K->22041K(319488K), 0.0020400 secs] [Times: user=0.01 sys=0.00, real=0.00 secs] 
224.144: Total time for which application threads were stopped: 0.0045280 seconds, Stopping threads took: 0.0024060 seconds
224.224: Application time: 0.0800930 seconds
224.227: [GC [PSYoungGen: 90304K->7424K(97280K)] 105497K->22625K(319488K), 0.0021200 secs] [Times: user=0.02 sys=0.00, real=0.00 secs] 
224.229: Total time for which application threads were stopped: 0.0048440 seconds, Stopping threads took: 0.0026360 seconds
224.308: Application time: 0.0792040 seconds
224.310: [GC [PSYoungGen: 90880K->6928K(97280K)] 106081K->22129K(319488K), 0.0021070 secs] [Times: user=0.01 sys=0.00, real=0.00 secs] 
224.313: Total time for which application threads were stopped: 0.0042000 seconds, Stopping threads took: 0.0020010 seconds
224.391: Application time: 0.0783480 seconds
224.393: [GC [PSYoungGen: 90384K->7456K(97280K)] 105585K->22657K(319488K), 0.0023000 secs] [Times: user=0.01 sys=0.00, real=0.00 secs] 
224.395: Total time for which application threads were stopped: 0.0041480 seconds, Stopping threads took: 0.0017620 seconds
224.473: Application time: 0.0776970 seconds
224.475: [GC [PSYoungGen: 90912K->8000K(97280K)] 106113K->23209K(319488K), 0.0022620 secs] [Times: user=0.01 sys=0.00, real=0.01 secs] 
224.478: Total time for which application threads were stopped: 0.0049720 seconds, Stopping threads took: 0.0026170 seconds
224.559: Application time: 0.0816740 seconds
224.563: [GC [PSYoungGen: 91456K->6496K(97280K)] 106665K->21713K(319488K), 0.0019380 secs] [Times: user=0.01 sys=0.00, real=0.00 secs] 
224.565: Total time for which application threads were stopped: 0.0051480 seconds, Stopping threads took: 0.0031320 seconds
224.644: Application time: 0.0791780 seconds
224.646: [GC [PSYoungGen: 89952K->8000K(97280K)] 105169K->23225K(319488K), 0.0023490 secs] [Times: user=0.02 sys=0.00, real=0.00 secs] 
224.649: Total time for which application threads were stopped: 0.0048180 seconds, Stopping threads took: 0.0023820 seconds
224.727: Application time: 0.0786540 seconds
224.730: [GC [PSYoungGen: 91456K->6112K(97280K)] 106681K->21345K(319488K), 0.0018220 secs] [Times: user=0.01 sys=0.00, real=0.00 secs] 
224.732: Total time for which application threads were stopped: 0.0044410 seconds, Stopping threads took: 0.0025400 seconds
224.809: Application time: 0.0769100 seconds
224.810: [GC [PSYoungGen: 89568K->6160K(97280K)] 104801K->21393K(319488K), 0.0017730 secs] [Times: user=0.01 sys=0.00, real=0.00 secs] 
224.812: Total time for which application threads were stopped: 0.0033390 seconds, Stopping threads took: 0.0014920 seconds
224.887: Application time: 0.0755240 seconds
224.890: [GC [PSYoungGen: 89616K->8192K(97280K)] 104849K->23425K(319488K), 0.0023640 secs] [Times: user=0.02 sys=0.00, real=0.00 secs] 
224.892: Total time for which application threads were stopped: 0.0044970 seconds, Stopping threads took: 0.0020460 seconds
224.965: Application time: 0.0735450 seconds
224.968: [GC [PSYoungGen: 91648K->7472K(97280K)] 106881K->22705K(319488K), 0.0021360 secs] [Times: user=0.01 sys=0.00, real=0.00 secs] 
224.971: Total time for which application threads were stopped: 0.0051130 seconds, Stopping threads took: 0.0028930 seconds
225.046: Application time: 0.0756290 seconds
225.048: [GC [PSYoungGen: 90928K->7872K(97280K)] 106161K->23113K(319488K), 0.0022290 secs] [Times: user=0.01 sys=0.00, real=0.00 secs] 
225.050: Total time for which application threads were stopped: 0.0040270 seconds, Stopping threads took: 0.0017040 seconds
225.127: Application time: 0.0769050 seconds
225.129: [GC [PSYoungGen: 91328K->5488K(97280K)] 106569K->20737K(319488K), 0.0016560 secs] [Times: user=0.01 sys=0.00, real=0.00 secs] 
225.131: Total time for which application threads were stopped: 0.0033520 seconds, Stopping threads took: 0.0016240 seconds
225.210: Application time: 0.0796080 seconds
225.213: [GC [PSYoungGen: 88944K->7168K(97280K)] 104193K->22425K(319488K), 0.0020290 secs] [Times: user=0.01 sys=0.00, real=0.00 secs] 
225.215: Total time for which application threads were stopped: 0.0052240 seconds, Stopping threads took: 0.0031150 seconds
225.291: Application time: 0.0759180 seconds
225.294: [GC [PSYoungGen: 90624K->7840K(97280K)] 105881K->23105K(319488K), 0.0022120 secs] [Times: user=0.01 sys=0.00, real=0.00 secs] 
225.296: Total time for which application threads were stopped: 0.0050590 seconds, Stopping threads took: 0.0027710 seconds
225.370: Application time: 0.0739330 seconds
225.372: [GC [PSYoungGen: 91296K->8320K(97280K)] 106561K->23585K(319488K), 0.0023890 secs] [Times: user=0.02 sys=0.00, real=0.00 secs] 
225.374: Total time for which application threads were stopped: 0.0041640 seconds, Stopping threads took: 0.0016910 seconds
225.451: Application time: 0.0763430 seconds
225.452: [GC [PSYoungGen: 91776K->7680K(97280K)] 107041K->22945K(319488K), 0.0020970 secs] [Times: user=0.02 sys=0.00, real=0.00 secs] 
225.455: Total time for which application threads were stopped: 0.0037460 seconds, Stopping threads took: 0.0015640 seconds
225.531: Application time: 0.0760960 seconds
225.533: [GC [PSYoungGen: 91136K->7008K(97280K)] 106401K->22281K(319488K), 0.0020130 secs] [Times: user=0.01 sys=0.00, real=0.00 secs] 
225.535: Total time for which application threads were stopped: 0.0041080 seconds, Stopping threads took: 0.0020100 seconds
225.610: Application time: 0.0751280 seconds
225.612: [GC [PSYoungGen: 90464K->6336K(97280K)] 105737K->21625K(319488K), 0.0018460 secs] [Times: user=0.01 sys=0.00, real=0.00 secs] 
225.614: Total time for which application threads were stopped: 0.0039400 seconds, Stopping threads took: 0.0020060 seconds
225.688: Application time: 0.0742940 seconds
225.690: [GC [PSYoungGen: 89792K->6352K(97280K)] 105081K->21649K(319488K), 0.0018180 secs] [Times: user=0.02 sys=0.00, real=0.00 secs] 
225.691: Total time for which application threads were stopped: 0.0033790 seconds, Stopping threads took: 0.0014800 seconds
225.769: Application time: 0.0775270 seconds
225.771: [GC [PSYoungGen: 89808K->3904K(97280K)] 105105K->19209K(319488K), 0.0013940 secs] [Times: user=0.01 sys=0.00, real=0.00 secs] 
225.773: Total time for which application threads were stopped: 0.0037080 seconds, Stopping threads took: 0.0022310 seconds
225.848: Application time: 0.0755950 seconds
225.851: [GC [PSYoungGen: 87360K->7120K(97280K)] 102665K->22425K(319488K), 0.0020690 secs] [Times: user=0.01 sys=0.00, real=0.00 secs] 
225.853: Total time for which application threads were stopped: 0.0043520 seconds, Stopping threads took: 0.0022040 seconds
225.924: Application time: 0.0717680 seconds
225.927: [GC [PSYoungGen: 90576K->7504K(97280K)] 105881K->22809K(319488K), 0.0020630 secs] [Times: user=0.02 sys=0.00, real=0.00 secs] 
225.930: Total time for which application threads were stopped: 0.0050650 seconds, Stopping threads took: 0.0029250 seconds
226.007: Application time: 0.0772360 seconds
226.009: [GC [PSYoungGen: 90960K->7600K(97280K)] 106265K->22913K(319488K), 0.0022840 secs] [Times: user=0.02 sys=0.00, real=0.00 secs] 
226.011: Total time for which application threads were stopped: 0.0045760 seconds, Stopping threads took: 0.0022050 seconds
226.085: Application time: 0.0735250 seconds
226.086: [GC [PSYoungGen: 91056K->8128K(97280K)] 106369K->23449K(319488K), 0.0022510 secs] [Times: user=0.02 sys=0.00, real=0.00 secs] 
226.089: Total time for which application threads were stopped: 0.0038650 seconds, Stopping threads took: 0.0015370 seconds
226.164: Application time: 0.0756200 seconds
226.167: [GC [PSYoungGen: 91584K->7536K(97280K)] 106905K->22865K(319488K), 0.0021300 secs] [Times: user=0.01 sys=0.00, real=0.00 secs] 
226.169: Total time for which application threads were stopped: 0.0045860 seconds, Stopping threads took: 0.0023630 seconds
226.244: Application time: 0.0751940 seconds
226.245: [GC [PSYoungGen: 90992K->6832K(97280K)] 106321K->22169K(319488K), 0.0019660 secs] [Times: user=0.01 sys=0.00, real=0.00 secs] 
226.247: Total time for which application threads were stopped: 0.0033260 seconds, Stopping threads took: 0.0012840 seconds
226.323: Application time: 0.0753610 seconds
226.325: [GC [PSYoungGen: 90288K->5040K(97280K)] 105625K->20377K(319488K), 0.0015420 secs] [Times: user=0.01 sys=0.00, real=0.00 secs] 
226.327: Total time for which application threads were stopped: 0.0039540 seconds, Stopping threads took: 0.0023410 seconds
226.402: Application time: 0.0749260 seconds
226.404: [GC [PSYoungGen: 88496K->6688K(97280K)] 103833K->22025K(319488K), 0.0018230 secs] [Times: user=0.02 sys=0.00, real=0.01 secs] 
226.406: Total time for which application threads were stopped: 0.0042200 seconds, Stopping threads took: 0.0023250 seconds
226.480: Application time: 0.0745540 seconds
226.482: [GC [PSYoungGen: 90144K->8144K(97280K)] 105481K->23489K(319488K), 0.0021740 secs] [Times: user=0.01 sys=0.00, real=0.00 secs] 
226.484: Total time for which application threads were stopped: 0.0037840 seconds, Stopping threads took: 0.0015300 seconds
226.561: Application time: 0.0763680 seconds
226.562: [GC [PSYoungGen: 91600K->6720K(97280K)] 106945K->22081K(319488K), 0.0019630 secs] [Times: user=0.02 sys=0.00, real=0.00 secs] 
226.564: Total time for which application threads were stopped: 0.0034120 seconds, Stopping threads took: 0.0013660 seconds
226.638: Application time: 0.0738730 seconds
226.640: [GC [PSYoungGen: 90176K->7888K(97280K)] 105537K->23257K(319488K), 0.0022660 secs] [Times: user=0.01 sys=0.00, real=0.00 secs] 
226.643: Total time for which application threads were stopped: 0.0048900 seconds, Stopping threads took: 0.0025400 seconds
226.716: Application time: 0.0729530 seconds
226.719: [GC [PSYoungGen: 91344K->8208K(97280K)] 106713K->23617K(319488K), 0.0024020 secs] [Times: user=0.01 sys=0.00, real=0.00 secs] 
226.721: Total time for which application threads were stopped: 0.0052080 seconds, Stopping threads took: 0.0027120 seconds
226.798: Application time: 0.0767760 seconds
226.800: [GC [PSYoungGen: 91664K->6752K(97280K)] 107073K->22161K(319488K), 0.0019440 secs] [Times: user=0.01 sys=0.00, real=0.00 secs] 
226.802: Total time for which application threads were stopped: 0.0040960 seconds, Stopping threads took: 0.0020710 seconds
226.875: Application time: 0.0733160 seconds
226.878: [GC [PSYoungGen: 90208K->7872K(97280K)] 105617K->23281K(319488K), 0.0022280 secs] [Times: user=0.01 sys=0.00, real=0.00 secs] 
226.880: Total time for which application threads were stopped: 0.0049520 seconds, Stopping threads took: 0.0026450 seconds
226.958: Application time: 0.0775030 seconds
226.960: [GC [PSYoungGen: 91328K->7984K(97280K)] 106737K->23417K(319488K), 0.0022980 secs] [Times: user=0.01 sys=0.00, real=0.00 secs] 
226.962: Total time for which application threads were stopped: 0.0042410 seconds, Stopping threads took: 0.0018520 seconds
227.038: Application time: 0.0756570 seconds
227.039: [GC [PSYoungGen: 91440K->6304K(97280K)] 106873K->21761K(319488K), 0.0018100 secs] [Times: user=0.02 sys=0.00, real=0.00 secs] 
227.041: Total time for which application threads were stopped: 0.0036640 seconds, Stopping threads took: 0.0017710 seconds
227.118: Application time: 0.0770480 seconds
227.121: [GC [PSYoungGen: 89760K->7728K(97280K)] 105217K->23193K(319488K), 0.0022980 secs] [Times: user=0.01 sys=0.01, real=0.00 secs] 
227.123: Total time for which application threads were stopped: 0.0051380 seconds, Stopping threads took: 0.0027560 seconds
227.196: Application time: 0.0727040 seconds
227.198: [GC [PSYoungGen: 91184K->7376K(97280K)] 106649K->22849K(319488K), 0.0021210 secs] [Times: user=0.02 sys=0.00, real=0.00 secs] 
227.200: Total time for which application threads were stopped: 0.0042600 seconds, Stopping threads took: 0.0020640 seconds
227.277: Application time: 0.0769040 seconds
227.279: [GC [PSYoungGen: 90832K->6128K(97280K)] 106305K->21609K(319488K), 0.0018460 secs] [Times: user=0.01 sys=0.00, real=0.00 secs] 
227.281: Total time for which application threads were stopped: 0.0040010 seconds, Stopping threads took: 0.0020650 seconds
227.353: Application time: 0.0720930 seconds
227.356: [GC [PSYoungGen: 89584K->8064K(97280K)] 105065K->23545K(319488K), 0.0022940 secs] [Times: user=0.01 sys=0.00, real=0.01 secs] 
227.359: Total time for which application threads were stopped: 0.0051470 seconds, Stopping threads took: 0.0027710 seconds
227.433: Application time: 0.0740690 seconds
227.435: [GC [PSYoungGen: 91520K->7488K(97280K)] 107001K->22969K(319488K), 0.0021150 secs] [Times: user=0.01 sys=0.00, real=0.00 secs] 
227.437: Total time for which application threads were stopped: 0.0042040 seconds, Stopping threads took: 0.0020020 seconds
227.509: Application time: 0.0720530 seconds
227.510: [GC [PSYoungGen: 90944K->7312K(97280K)] 106425K->22817K(319488K), 0.0021080 secs] [Times: user=0.01 sys=0.00, real=0.00 secs] 
227.513: Total time for which application threads were stopped: 0.0037800 seconds, Stopping threads took: 0.0015920 seconds
227.590: Application time: 0.0777140 seconds
227.593: [GC [PSYoungGen: 90768K->8160K(97280K)] 106273K->23681K(319488K), 0.0024000 secs] [Times: user=0.01 sys=0.00, real=0.00 secs] 
227.595: Total time for which application threads were stopped: 0.0050510 seconds, Stopping threads took: 0.0025550 seconds
227.668: Application time: 0.0728290 seconds
227.670: [GC [PSYoungGen: 91616K->7824K(97280K)] 107137K->23353K(319488K), 0.0023320 secs] [Times: user=0.02 sys=0.00, real=0.00 secs] 
227.673: Total time for which application threads were stopped: 0.0046130 seconds, Stopping threads took: 0.0021950 seconds
227.750: Application time: 0.0769720 seconds
227.753: [GC [PSYoungGen: 91280K->7344K(97280K)] 106809K->22881K(319488K), 0.0021150 secs] [Times: user=0.02 sys=0.00, real=0.00 secs] 
227.755: Total time for which application threads were stopped: 0.0048570 seconds, Stopping threads took: 0.0026600 seconds
227.829: Application time: 0.0743350 seconds
227.832: [GC [PSYoungGen: 90800K->6896K(97280K)] 106337K->22433K(319488K), 0.0019130 secs] [Times: user=0.02 sys=0.00, real=0.00 secs] 
227.833: Total time for which application threads were stopped: 0.0044620 seconds, Stopping threads took: 0.0024690 seconds
227.909: Application time: 0.0751660 seconds
227.911: [GC [PSYoungGen: 90352K->7104K(97280K)] 105889K->22641K(319488K), 0.0020420 secs] [Times: user=0.01 sys=0.00, real=0.00 secs] 
227.913: Total time for which application threads were stopped: 0.0044540 seconds, Stopping threads took: 0.0023250 seconds
227.986: Application time: 0.0733420 seconds
227.988: [GC [PSYoungGen: 90560K->7392K(97280K)] 106097K->22937K(319488K), 0.0021240 secs] [Times: user=0.02 sys=0.00, real=0.00 secs] 
227.990: Total time for which application threads were stopped: 0.0036450 seconds, Stopping threads took: 0.0014440 seconds
228.067: Application time: 0.0770500 seconds
228.070: [GC [PSYoungGen: 90848K->8096K(97280K)] 106393K->23649K(319488K), 0.0023110 secs] [Times: user=0.02 sys=0.00, real=0.00 secs] 
228.072: Total time for which application threads were stopped: 0.0052660 seconds, Stopping threads took: 0.0028680 seconds
228.149: Application time: 0.0770460 seconds
228.152: [GC [PSYoungGen: 91552K->6544K(97280K)] 107105K->22105K(319488K), 0.0019220 secs] [Times: user=0.01 sys=0.00, real=0.00 secs] 
228.154: Total time for which application threads were stopped: 0.0044170 seconds, Stopping threads took: 0.0024120 seconds
228.229: Application time: 0.0752670 seconds
228.231: [GC [PSYoungGen: 90000K->6112K(97280K)] 105561K->21681K(319488K), 0.0017730 secs] [Times: user=0.02 sys=0.00, real=0.00 secs] 
228.232: Total time for which application threads were stopped: 0.0032940 seconds, Stopping threads took: 0.0014360 seconds
228.306: Application time: 0.0732620 seconds
228.308: [GC [PSYoungGen: 89568K->6736K(97280K)] 105137K->22305K(319488K), 0.0019370 secs] [Times: user=0.01 sys=0.00, real=0.00 secs] 
228.310: Total time for which application threads were stopped: 0.0042020 seconds, Stopping threads took: 0.0021820 seconds
228.388: Application time: 0.0777170 seconds
228.391: [GC [PSYoungGen: 90192K->6080K(97280K)] 105761K->21649K(319488K), 0.0017360 secs] [Times: user=0.01 sys=0.00, real=0.00 secs] 
228.392: Total time for which application threads were stopped: 0.0048560 seconds, Stopping threads took: 0.0030300 seconds
228.468: Application time: 0.0758770 seconds
228.471: [GC [PSYoungGen: 89536K->6736K(97280K)] 105105K->22313K(319488K), 0.0020020 secs] [Times: user=0.01 sys=0.00, real=0.00 secs] 
228.473: Total time for which application threads were stopped: 0.0047450 seconds, Stopping threads took: 0.0026570 seconds
228.554: Application time: 0.0810190 seconds
228.556: [GC [PSYoungGen: 90192K->5232K(97280K)] 105769K->20817K(319488K), 0.0015100 secs] [Times: user=0.01 sys=0.00, real=0.01 secs] 
228.558: Total time for which application threads were stopped: 0.0035260 seconds, Stopping threads took: 0.0019380 seconds
228.633: Application time: 0.0749560 seconds
228.635: [GC [PSYoungGen: 88688K->7856K(97280K)] 104273K->23449K(319488K), 0.0021680 secs] [Times: user=0.02 sys=0.00, real=0.01 secs] 
228.637: Total time for which application threads were stopped: 0.0046730 seconds, Stopping threads took: 0.0024230 seconds
228.713: Application time: 0.0757180 seconds
228.717: [GC [PSYoungGen: 91312K->6656K(97280K)] 106905K->22257K(319488K), 0.0021540 secs] [Times: user=0.01 sys=0.00, real=0.00 secs] 
228.719: Total time for which application threads were stopped: 0.0064950 seconds, Stopping threads took: 0.0042340 seconds
228.795: Application time: 0.0750910 seconds
228.797: [GC [PSYoungGen: 90112K->6560K(97280K)] 105713K->22161K(319488K), 0.0019030 secs] [Times: user=0.01 sys=0.00, real=0.01 secs] 
228.799: Total time for which application threads were stopped: 0.0041460 seconds, Stopping threads took: 0.0021640 seconds
228.884: Application time: 0.0852640 seconds
228.887: [GC [PSYoungGen: 90016K->5712K(97280K)] 105617K->21313K(319488K), 0.0018970 secs] [Times: user=0.00 sys=0.00, real=0.00 secs] 
228.889: Total time for which application threads were stopped: 0.0051050 seconds, Stopping threads took: 0.0031220 seconds
228.966: Application time: 0.0773480 seconds
228.969: [GC [PSYoungGen: 89168K->7216K(97280K)] 104769K->22825K(319488K), 0.0022080 secs] [Times: user=0.01 sys=0.00, real=0.00 secs] 
228.971: Total time for which application threads were stopped: 0.0044000 seconds, Stopping threads took: 0.0020940 seconds
229.048: Application time: 0.0775700 seconds
229.051: [GC [PSYoungGen: 90672K->7648K(97280K)] 106281K->23273K(319488K), 0.0021400 secs] [Times: user=0.02 sys=0.00, real=0.00 secs] 
229.053: Total time for which application threads were stopped: 0.0048100 seconds, Stopping threads took: 0.0025660 seconds
229.132: Application time: 0.0788540 seconds
229.135: [GC [PSYoungGen: 91104K->7392K(97280K)] 106729K->23025K(319488K), 0.0021740 secs] [Times: user=0.01 sys=0.00, real=0.00 secs] 
229.137: Total time for which application threads were stopped: 0.0048120 seconds, Stopping threads took: 0.0025530 seconds
229.216: Application time: 0.0790870 seconds
229.219: [GC [PSYoungGen: 90848K->7808K(97280K)] 106481K->23449K(319488K), 0.0022540 secs] [Times: user=0.01 sys=0.00, real=0.00 secs] 
229.221: Total time for which application threads were stopped: 0.0051110 seconds, Stopping threads took: 0.0027610 seconds
229.299: Application time: 0.0781740 seconds
229.301: [GC [PSYoungGen: 91264K->6832K(97280K)] 106905K->22473K(319488K), 0.0019790 secs] [Times: user=0.01 sys=0.00, real=0.00 secs] 
229.303: Total time for which application threads were stopped: 0.0040830 seconds, Stopping threads took: 0.0020220 seconds
229.385: Application time: 0.0816830 seconds
229.387: [GC [PSYoungGen: 90288K->6880K(97280K)] 105929K->22521K(319488K), 0.0021750 secs] [Times: user=0.01 sys=0.00, real=0.00 secs] 
229.389: Total time for which application threads were stopped: 0.0039630 seconds, Stopping threads took: 0.0017040 seconds
229.467: Application time: 0.0782210 seconds
229.469: [GC [PSYoungGen: 90336K->6224K(97280K)] 105977K->21865K(319488K), 0.0017970 secs] [Times: user=0.01 sys=0.00, real=0.00 secs] 
229.471: Total time for which application threads were stopped: 0.0038050 seconds, Stopping threads took: 0.0019190 seconds
229.551: Application time: 0.0801540 seconds
229.554: [GC [PSYoungGen: 89680K->6800K(97280K)] 105321K->22449K(319488K), 0.0020550 secs] [Times: user=0.02 sys=0.00, real=0.00 secs] 
229.556: Total time for which application threads were stopped: 0.0044780 seconds, Stopping threads took: 0.0023410 seconds
229.637: Application time: 0.0812290 seconds
229.638: [GC [PSYoungGen: 90256K->4864K(97280K)] 105905K->20521K(319488K), 0.0014970 secs] [Times: user=0.01 sys=0.00, real=0.00 secs] 
229.640: Total time for which application threads were stopped: 0.0030800 seconds, Stopping threads took: 0.0015110 seconds
229.721: Application time: 0.0805550 seconds
229.723: [GC [PSYoungGen: 88320K->7424K(97280K)] 103977K->23089K(319488K), 0.0020230 secs] [Times: user=0.01 sys=0.00, real=0.01 secs] 
229.726: Total time for which application threads were stopped: 0.0049320 seconds, Stopping threads took: 0.0028320 seconds
229.807: Application time: 0.0812390 seconds
229.810: [GC [PSYoungGen: 90880K->7296K(97280K)] 106545K->22969K(319488K), 0.0020610 secs] [Times: user=0.02 sys=0.00, real=0.00 secs] 
229.812: Total time for which application threads were stopped: 0.0050200 seconds, Stopping threads took: 0.0028670 seconds
229.895: Application time: 0.0833560 seconds
229.898: [GC [PSYoungGen: 90752K->5904K(97280K)] 106425K->21577K(319488K), 0.0016800 secs] [Times: user=0.01 sys=0.00, real=0.00 secs] 
229.899: Total time for which application threads were stopped: 0.0042540 seconds, Stopping threads took: 0.0024880 seconds
229.979: Application time: 0.0791850 seconds
229.981: [GC [PSYoungGen: 89360K->7408K(97280K)] 105033K->23081K(319488K), 0.0021480 secs] [Times: user=0.01 sys=0.00, real=0.00 secs] 
229.983: Total time for which application threads were stopped: 0.0045470 seconds, Stopping threads took: 0.0022960 seconds
230.065: Application time: 0.0814650 seconds
230.066: [GC [PSYoungGen: 90864K->6592K(97280K)] 106537K->22273K(319488K), 0.0021640 secs] [Times: user=0.02 sys=0.00, real=0.00 secs] 
230.069: Total time for which application threads were stopped: 0.0040390 seconds, Stopping threads took: 0.0017900 seconds
230.151: Application time: 0.0826360 seconds
230.154: [GC [PSYoungGen: 90048K->7136K(97280K)] 105729K->22825K(319488K), 0.0022000 secs] [Times: user=0.01 sys=0.00, real=0.00 secs] 
230.156: Total time for which application threads were stopped: 0.0044990 seconds, Stopping threads took: 0.0022210 seconds
230.240: Application time: 0.0838300 seconds
230.242: [GC [PSYoungGen: 90592K->6912K(97280K)] 106281K->22609K(319488K), 0.0020360 secs] [Times: user=0.02 sys=0.00, real=0.00 secs] 
230.244: Total time for which application threads were stopped: 0.0042720 seconds, Stopping threads took: 0.0021520 seconds
230.322: Application time: 0.0782700 seconds
230.325: [GC [PSYoungGen: 90368K->5808K(97280K)] 106065K->21513K(319488K), 0.0017410 secs] [Times: user=0.01 sys=0.00, real=0.01 secs] 
230.326: Total time for which application threads were stopped: 0.0043390 seconds, Stopping threads took: 0.0025200 seconds
230.407: Application time: 0.0808090 seconds
230.409: [GC [PSYoungGen: 89264K->6912K(97280K)] 104969K->22617K(319488K), 0.0020940 secs] [Times: user=0.02 sys=0.00, real=0.00 secs] 
230.411: Total time for which application threads were stopped: 0.0037470 seconds, Stopping threads took: 0.0015540 seconds
230.489: Application time: 0.0778350 seconds
230.491: [GC [PSYoungGen: 90368K->7024K(97280K)] 106073K->22729K(319488K), 0.0020810 secs] [Times: user=0.01 sys=0.00, real=0.00 secs] 
230.493: Total time for which application threads were stopped: 0.0042850 seconds, Stopping threads took: 0.0021110 seconds
230.575: Application time: 0.0818030 seconds
230.578: [GC [PSYoungGen: 90480K->7600K(97280K)] 106185K->23313K(319488K), 0.0022680 secs] [Times: user=0.01 sys=0.00, real=0.00 secs] 
230.580: Total time for which application threads were stopped: 0.0051860 seconds, Stopping threads took: 0.0028210 seconds
230.658: Application time: 0.0777140 seconds
230.660: [GC [PSYoungGen: 91056K->6832K(97280K)] 106769K->22553K(319488K), 0.0020590 secs] [Times: user=0.01 sys=0.00, real=0.00 secs] 
230.662: Total time for which application threads were stopped: 0.0045460 seconds, Stopping threads took: 0.0024010 seconds
230.742: Application time: 0.0795330 seconds
230.744: [GC [PSYoungGen: 90288K->7664K(97280K)] 106009K->23393K(319488K), 0.0021960 secs] [Times: user=0.02 sys=0.00, real=0.01 secs] 
230.746: Total time for which application threads were stopped: 0.0044490 seconds, Stopping threads took: 0.0021660 seconds
230.825: Application time: 0.0783240 seconds
230.827: [GC [PSYoungGen: 91120K->7216K(97280K)] 106849K->22953K(319488K), 0.0020830 secs] [Times: user=0.01 sys=0.00, real=0.00 secs] 
230.829: Total time for which application threads were stopped: 0.0045350 seconds, Stopping threads took: 0.0023640 seconds
230.910: Application time: 0.0811120 seconds
230.913: [GC [PSYoungGen: 90672K->7984K(97280K)] 106409K->23721K(319488K), 0.0023870 secs] [Times: user=0.01 sys=0.00, real=0.00 secs] 
230.916: Total time for which application threads were stopped: 0.0053750 seconds, Stopping threads took: 0.0028990 seconds
230.994: Application time: 0.0782840 seconds
230.997: [GC [PSYoungGen: 91440K->7392K(97280K)] 107177K->23129K(319488K), 0.0022310 secs] [Times: user=0.02 sys=0.00, real=0.01 secs] 
230.999: Total time for which application threads were stopped: 0.0049190 seconds, Stopping threads took: 0.0025900 seconds
231.079: Application time: 0.0804020 seconds
231.082: [GC [PSYoungGen: 90848K->7984K(97280K)] 106585K->23729K(319488K), 0.0023850 secs] [Times: user=0.01 sys=0.00, real=0.00 secs] 
231.085: Total time for which application threads were stopped: 0.0054980 seconds, Stopping threads took: 0.0030180 seconds
231.164: Application time: 0.0794000 seconds
231.166: [GC [PSYoungGen: 91440K->5840K(97280K)] 107185K->21593K(319488K), 0.0016960 secs] [Times: user=0.01 sys=0.00, real=0.00 secs] 
231.168: Total time for which application threads were stopped: 0.0033310 seconds, Stopping threads took: 0.0015630 seconds
231.249: Application time: 0.0808950 seconds
231.251: [GC [PSYoungGen: 89296K->6432K(97280K)] 105049K->22193K(319488K), 0.0018570 secs] [Times: user=0.01 sys=0.00, real=0.00 secs] 
231.253: Total time for which application threads were stopped: 0.0046490 seconds, Stopping threads took: 0.0027080 seconds
231.329: Application time: 0.0760910 seconds
231.331: [GC [PSYoungGen: 89888K->7840K(97280K)] 105649K->23609K(319488K), 0.0023080 secs] [Times: user=0.01 sys=0.00, real=0.00 secs] 
231.334: Total time for which application threads were stopped: 0.0044600 seconds, Stopping threads took: 0.0020590 seconds
231.414: Application time: 0.0801150 seconds
231.415: [GC [PSYoungGen: 91296K->7376K(97280K)] 107065K->23145K(319488K), 0.0021280 secs] [Times: user=0.01 sys=0.00, real=0.01 secs] 
231.418: Total time for which application threads were stopped: 0.0038410 seconds, Stopping threads took: 0.0016250 seconds
231.498: Application time: 0.0804510 seconds
231.500: [GC [PSYoungGen: 90832K->5712K(97280K)] 106601K->21481K(319488K), 0.0016950 secs] [Times: user=0.01 sys=0.00, real=0.00 secs] 
231.502: Total time for which application threads were stopped: 0.0035830 seconds, Stopping threads took: 0.0017930 seconds
231.580: Application time: 0.0784610 seconds
231.582: [GC [PSYoungGen: 89168K->6992K(97280K)] 104937K->22777K(319488K), 0.0020200 secs] [Times: user=0.01 sys=0.00, real=0.00 secs] 
231.584: Total time for which application threads were stopped: 0.0039090 seconds, Stopping threads took: 0.0018020 seconds
231.662: Application time: 0.0780520 seconds
231.664: [GC [PSYoungGen: 90448K->7136K(97280K)] 106233K->22929K(319488K), 0.0020950 secs] [Times: user=0.02 sys=0.00, real=0.01 secs] 
231.666: Total time for which application threads were stopped: 0.0042300 seconds, Stopping threads took: 0.0020420 seconds
231.746: Application time: 0.0801260 seconds
231.748: [GC [PSYoungGen: 90592K->6416K(97280K)] 106385K->22217K(319488K), 0.0019210 secs] [Times: user=0.02 sys=0.00, real=0.00 secs] 
231.750: Total time for which application threads were stopped: 0.0033870 seconds, Stopping threads took: 0.0013820 seconds
231.828: Application time: 0.0785090 seconds
231.830: [GC [PSYoungGen: 89872K->7328K(97280K)] 105673K->23137K(319488K), 0.0020300 secs] [Times: user=0.01 sys=0.00, real=0.00 secs] 
231.833: Total time for which application threads were stopped: 0.0041520 seconds, Stopping threads took: 0.0020470 seconds
231.914: Application time: 0.0815320 seconds
231.916: [GC [PSYoungGen: 90784K->7696K(97280K)] 106593K->23513K(319488K), 0.0022730 secs] [Times: user=0.02 sys=0.00, real=0.01 secs] 
231.918: Total time for which application threads were stopped: 0.0041760 seconds, Stopping threads took: 0.0018150 seconds
231.999: Application time: 0.0806180 seconds
232.002: [GC [PSYoungGen: 91152K->7888K(97280K)] 106969K->23705K(319488K), 0.0022920 secs] [Times: user=0.01 sys=0.00, real=0.00 secs] 
232.004: Total time for which application threads were stopped: 0.0049990 seconds, Stopping threads took: 0.0026130 seconds
232.085: Application time: 0.0810990 seconds
232.087: [GC [PSYoungGen: 91344K->8192K(97280K)] 107161K->24009K(319488K), 0.0023550 secs] [Times: user=0.02 sys=0.00, real=0.00 secs] 
232.090: Total time for which application threads were stopped: 0.0045340 seconds, Stopping threads took: 0.0020900 seconds
232.168: Application time: 0.0782220 seconds
232.170: [GC [PSYoungGen: 91648K->6720K(97280K)] 107465K->22545K(319488K), 0.0019790 secs] [Times: user=0.02 sys=0.00, real=0.00 secs] 
232.172: Total time for which application threads were stopped: 0.0041660 seconds, Stopping threads took: 0.0021040 seconds
232.253: Application time: 0.0805960 seconds
232.255: [GC [PSYoungGen: 90176K->7920K(97280K)] 106001K->23753K(319488K), 0.0023690 secs] [Times: user=0.01 sys=0.00, real=0.01 secs] 
232.258: Total time for which application threads were stopped: 0.0054010 seconds, Stopping threads took: 0.0029440 seconds
232.336: Application time: 0.0780790 seconds
232.339: [GC [PSYoungGen: 91376K->7552K(97280K)] 107209K->23393K(319488K), 0.0021820 secs] [Times: user=0.01 sys=0.00, real=0.00 secs] 
232.341: Total time for which application threads were stopped: 0.0049600 seconds, Stopping threads took: 0.0026900 seconds
232.420: Application time: 0.0788300 seconds
232.422: [GC [PSYoungGen: 91008K->6608K(97280K)] 106849K->22457K(319488K), 0.0019360 secs] [Times: user=0.01 sys=0.00, real=0.00 secs] 
232.424: Total time for which application threads were stopped: 0.0046400 seconds, Stopping threads took: 0.0026160 seconds
232.504: Application time: 0.0791440 seconds
232.505: [GC [PSYoungGen: 90064K->6624K(97280K)] 105913K->22473K(319488K), 0.0020330 secs] [Times: user=0.01 sys=0.00, real=0.01 secs] 
232.507: Total time for which application threads were stopped: 0.0034980 seconds, Stopping threads took: 0.0013730 seconds
232.587: Application time: 0.0803670 seconds
232.589: [GC [PSYoungGen: 90080K->6784K(97280K)] 105929K->22633K(319488K), 0.0019610 secs] [Times: user=0.01 sys=0.00, real=0.00 secs] 
232.591: Total time for which application threads were stopped: 0.0038790 seconds, Stopping threads took: 0.0018350 seconds
232.668: Application time: 0.0767800 seconds
232.671: [GC [PSYoungGen: 90240K->7024K(97280K)] 106089K->22881K(319488K), 0.0019070 secs] [Times: user=0.01 sys=0.00, real=0.00 secs] 
232.673: Total time for which application threads were stopped: 0.0045080 seconds, Stopping threads took: 0.0025230 seconds
232.753: Application time: 0.0802660 seconds
232.756: [GC [PSYoungGen: 90480K->7056K(97280K)] 106337K->22921K(319488K), 0.0019650 secs] [Times: user=0.01 sys=0.00, real=0.01 secs] 
232.758: Total time for which application threads were stopped: 0.0052700 seconds, Stopping threads took: 0.0032160 seconds
232.832: Application time: 0.0734280 seconds
232.833: [GC [PSYoungGen: 90512K->8112K(97280K)] 106377K->23985K(319488K), 0.0021650 secs] [Times: user=0.01 sys=0.00, real=0.00 secs] 
232.835: Total time for which application threads were stopped: 0.0038800 seconds, Stopping threads took: 0.0016340 seconds
232.911: Application time: 0.0755550 seconds
232.913: [GC [PSYoungGen: 91568K->7712K(97280K)] 107441K->23593K(319488K), 0.0022130 secs] [Times: user=0.02 sys=0.00, real=0.00 secs] 
232.916: Total time for which application threads were stopped: 0.0046740 seconds, Stopping threads took: 0.0023790 seconds
232.990: Application time: 0.0738450 seconds
232.992: [GC [PSYoungGen: 91168K->6992K(97280K)] 107049K->22873K(319488K), 0.0020560 secs] [Times: user=0.02 sys=0.00, real=0.00 secs] 
232.994: Total time for which application threads were stopped: 0.0047080 seconds, Stopping threads took: 0.0025690 seconds
233.067: Application time: 0.0725570 seconds
233.069: [GC [PSYoungGen: 90448K->7792K(97280K)] 106329K->23673K(319488K), 0.0021980 secs] [Times: user=0.01 sys=0.00, real=0.00 secs] 
233.072: Total time for which application threads were stopped: 0.0047090 seconds, Stopping threads took: 0.0024180 seconds
233.144: Application time: 0.0727130 seconds
233.147: [GC [PSYoungGen: 91248K->7376K(97280K)] 107129K->23265K(319488K), 0.0020660 secs] [Times: user=0.02 sys=0.00, real=0.00 secs] 
233.149: Total time for which application threads were stopped: 0.0051450 seconds, Stopping threads took: 0.0029960 seconds
233.226: Application time: 0.0761850 seconds
233.228: [GC [PSYoungGen: 90832K->7536K(97280K)] 106721K->23433K(319488K), 0.0020900 secs] [Times: user=0.01 sys=0.00, real=0.00 secs] 
233.231: Total time for which application threads were stopped: 0.0049650 seconds, Stopping threads took: 0.0027960 seconds
233.301: Application time: 0.0703540 seconds
233.303: [GC [PSYoungGen: 90992K->7856K(97280K)] 106889K->23761K(319488K), 0.0023380 secs] [Times: user=0.02 sys=0.00, real=0.00 secs] 
233.305: Total time for which application threads were stopped: 0.0041300 seconds, Stopping threads took: 0.0017040 seconds
233.381: Application time: 0.0761140 seconds
233.383: [GC [PSYoungGen: 91312K->8224K(97280K)] 107217K->24137K(319488K), 0.0026150 secs] [Times: user=0.01 sys=0.01, real=0.01 secs] 
233.386: Total time for which application threads were stopped: 0.0049650 seconds, Stopping threads took: 0.0022400 seconds
233.460: Application time: 0.0739070 seconds
233.463: [GC [PSYoungGen: 91680K->7536K(97280K)] 107593K->23449K(319488K), 0.0023100 secs] [Times: user=0.02 sys=0.00, real=0.00 secs] 
233.465: Total time for which application threads were stopped: 0.0048740 seconds, Stopping threads took: 0.0024810 seconds
233.539: Application time: 0.0744060 seconds
233.542: [GC [PSYoungGen: 90992K->7760K(97280K)] 106905K->23673K(319488K), 0.0022860 secs] [Times: user=0.01 sys=0.00, real=0.00 secs] 
233.544: Total time for which application threads were stopped: 0.0046240 seconds, Stopping threads took: 0.0022270 seconds
233.618: Application time: 0.0745050 seconds
233.620: [GC [PSYoungGen: 91216K->8064K(97280K)] 107129K->23993K(319488K), 0.0023060 secs] [Times: user=0.01 sys=0.00, real=0.00 secs] 
233.623: Total time for which application threads were stopped: 0.0041860 seconds, Stopping threads took: 0.0017840 seconds
233.697: Application time: 0.0744700 seconds
233.699: [GC [PSYoungGen: 91520K->6640K(97280K)] 107449K->22577K(319488K), 0.0020180 secs] [Times: user=0.01 sys=0.00, real=0.00 secs] 
233.701: Total time for which application threads were stopped: 0.0041350 seconds, Stopping threads took: 0.0020320 seconds
233.775: Application time: 0.0739500 seconds
233.777: [GC [PSYoungGen: 90096K->6528K(97280K)] 106033K->22473K(319488K), 0.0018930 secs] [Times: user=0.02 sys=0.00, real=0.00 secs] 
233.779: Total time for which application threads were stopped: 0.0040990 seconds, Stopping threads took: 0.0021290 seconds
233.856: Application time: 0.0767990 seconds
233.858: [GC [PSYoungGen: 89984K->6688K(97280K)] 105929K->22641K(319488K), 0.0018900 secs] [Times: user=0.02 sys=0.00, real=0.00 secs] 
233.860: Total time for which application threads were stopped: 0.0037610 seconds, Stopping threads took: 0.0017950 seconds
233.933: Application time: 0.0732610 seconds
233.937: [GC [PSYoungGen: 90144K->8096K(97280K)] 106097K->24049K(319488K), 0.0022860 secs] [Times: user=0.02 sys=0.00, real=0.01 secs] 
233.939: Total time for which application threads were stopped: 0.0060570 seconds, Stopping threads took: 0.0036920 seconds
234.014: Application time: 0.0746520 seconds
234.015: [GC [PSYoungGen: 91552K->6624K(97280K)] 107505K->22577K(319488K), 0.0019040 secs] [Times: user=0.01 sys=0.00, real=0.01 secs] 
234.017: Total time for which application threads were stopped: 0.0035590 seconds, Stopping threads took: 0.0015770 seconds
234.092: Application time: 0.0746960 seconds
234.093: [GC [PSYoungGen: 90080K->5088K(97280K)] 106033K->21049K(319488K), 0.0015650 secs] [Times: user=0.01 sys=0.00, real=0.00 secs] 
234.095: Total time for which application threads were stopped: 0.0027560 seconds, Stopping threads took: 0.0011150 seconds
234.174: Application time: 0.0793610 seconds
234.176: [GC [PSYoungGen: 88544K->6176K(97280K)] 104505K->22145K(319488K), 0.0019160 secs] [Times: user=0.01 sys=0.00, real=0.01 secs] 
234.178: Total time for which application threads were stopped: 0.0033100 seconds, Stopping threads took: 0.0013060 seconds
234.251: Application time: 0.0732400 seconds
234.254: [GC [PSYoungGen: 89632K->8384K(97280K)] 105601K->24361K(319488K), 0.0024380 secs] [Times: user=0.02 sys=0.00, real=0.00 secs] 
234.256: Total time for which application threads were stopped: 0.0053250 seconds, Stopping threads took: 0.0027970 seconds
234.332: Application time: 0.0760330 seconds
234.335: [GC [PSYoungGen: 91840K->8176K(97280K)] 107817K->24169K(319488K), 0.0024460 secs] [Times: user=0.02 sys=0.00, real=0.01 secs] 
234.337: Total time for which application threads were stopped: 0.0051150 seconds, Stopping threads took: 0.0025820 seconds
234.411: Application time: 0.0734810 seconds
234.414: [GC [PSYoungGen: 91632K->7392K(97280K)] 107625K->23393K(319488K), 0.0021390 secs] [Times: user=0.01 sys=0.00, real=0.00 secs] 
234.416: Total time for which application threads were stopped: 0.0050140 seconds, Stopping threads took: 0.0027940 seconds
234.496: Application time: 0.0801640 seconds
234.498: [GC [PSYoungGen: 90848K->7072K(97280K)] 106849K->23073K(319488K), 0.0020420 secs] [Times: user=0.01 sys=0.00, real=0.00 secs] 
234.500: Total time for which application threads were stopped: 0.0041300 seconds, Stopping threads took: 0.0020080 seconds
234.575: Application time: 0.0753410 seconds
234.578: [GC [PSYoungGen: 90528K->5872K(97280K)] 106529K->21873K(319488K), 0.0016870 secs] [Times: user=0.00 sys=0.00, real=0.00 secs] 
234.580: Total time for which application threads were stopped: 0.0044740 seconds, Stopping threads took: 0.0027130 seconds
234.661: Application time: 0.0809700 seconds
234.664: [GC [PSYoungGen: 89328K->6384K(97280K)] 105329K->22393K(319488K), 0.0018250 secs] [Times: user=0.01 sys=0.00, real=0.01 secs] 
234.666: Total time for which application threads were stopped: 0.0047170 seconds, Stopping threads took: 0.0028090 seconds
234.739: Application time: 0.0734520 seconds
234.741: [GC [PSYoungGen: 89840K->7152K(97280K)] 105849K->23169K(319488K), 0.0019880 secs] [Times: user=0.02 sys=0.00, real=0.00 secs] 
234.743: Total time for which application threads were stopped: 0.0042340 seconds, Stopping threads took: 0.0021600 seconds
234.823: Application time: 0.0793630 seconds
234.824: [GC [PSYoungGen: 90608K->6672K(97280K)] 106625K->22697K(319488K), 0.0019190 secs] [Times: user=0.01 sys=0.00, real=0.01 secs] 
234.826: Total time for which application threads were stopped: 0.0035880 seconds, Stopping threads took: 0.0015860 seconds
234.901: Application time: 0.0751240 seconds
234.904: [GC [PSYoungGen: 90128K->6688K(97280K)] 106153K->22721K(319488K), 0.0019280 secs] [Times: user=0.01 sys=0.00, real=0.01 secs] 
234.906: Total time for which application threads were stopped: 0.0045290 seconds, Stopping threads took: 0.0025210 seconds
234.979: Application time: 0.0731260 seconds
234.981: [GC [PSYoungGen: 90144K->6944K(97280K)] 106177K->22977K(319488K), 0.0019670 secs] [Times: user=0.01 sys=0.00, real=0.00 secs] 
234.983: Total time for which application threads were stopped: 0.0038420 seconds, Stopping threads took: 0.0017930 seconds
235.058: Application time: 0.0751300 seconds
235.060: [GC [PSYoungGen: 90400K->7312K(97280K)] 106433K->23345K(319488K), 0.0021170 secs] [Times: user=0.01 sys=0.00, real=0.00 secs] 
235.063: Total time for which application threads were stopped: 0.0046330 seconds, Stopping threads took: 0.0024300 seconds
235.138: Application time: 0.0752740 seconds
235.140: [GC [PSYoungGen: 90768K->6416K(97280K)] 106801K->22465K(319488K), 0.0019020 secs] [Times: user=0.02 sys=0.00, real=0.00 secs] 
235.142: Total time for which application threads were stopped: 0.0044450 seconds, Stopping threads took: 0.0024580 seconds
235.217: Application time: 0.0744880 seconds
235.220: [GC [PSYoungGen: 89872K->8144K(97280K)] 105921K->24201K(319488K), 0.0021840 secs] [Times: user=0.02 sys=0.00, real=0.00 secs] 
235.222: Total time for which application threads were stopped: 0.0049370 seconds, Stopping threads took: 0.0026750 seconds
235.298: Application time: 0.0766710 seconds
235.300: [GC [PSYoungGen: 91600K->5952K(97280K)] 107657K->22017K(319488K), 0.0017880 secs] [Times: user=0.01 sys=0.00, real=0.00 secs] 
235.302: Total time for which application threads were stopped: 0.0036110 seconds, Stopping threads took: 0.0017230 seconds
235.376: Application time: 0.0741300 seconds
235.378: [GC [PSYoungGen: 89408K->6464K(97280K)] 105473K->22537K(319488K), 0.0020120 secs] [Times: user=0.01 sys=0.00, real=0.00 secs] 
235.381: Total time for which application threads were stopped: 0.0043810 seconds, Stopping threads took: 0.0022810 seconds
235.457: Application time: 0.0759820 seconds
235.458: [GC [PSYoungGen: 89920K->6912K(97280K)] 105993K->22985K(319488K), 0.0022410 secs] [Times: user=0.01 sys=0.00, real=0.00 secs] 
235.461: Total time for which application threads were stopped: 0.0040960 seconds, Stopping threads took: 0.0017700 seconds
235.536: Application time: 0.0750890 seconds
235.539: [GC [PSYoungGen: 90368K->6432K(97280K)] 106441K->22505K(319488K), 0.0019870 secs] [Times: user=0.01 sys=0.00, real=0.00 secs] 
235.541: Total time for which application threads were stopped: 0.0048390 seconds, Stopping threads took: 0.0027520 seconds
235.616: Application time: 0.0749730 seconds
235.618: [GC [PSYoungGen: 89888K->6912K(97280K)] 105961K->22993K(319488K), 0.0020400 secs] [Times: user=0.01 sys=0.00, real=0.00 secs] 
235.620: Total time for which application threads were stopped: 0.0045100 seconds, Stopping threads took: 0.0023690 seconds
235.694: Application time: 0.0739500 seconds
235.696: [GC [PSYoungGen: 90368K->6656K(97280K)] 106449K->22745K(319488K), 0.0019370 secs] [Times: user=0.02 sys=0.00, real=0.01 secs] 
235.698: Total time for which application threads were stopped: 0.0039660 seconds, Stopping threads took: 0.0019510 seconds
235.778: Application time: 0.0801940 seconds
235.780: [GC [PSYoungGen: 90112K->7584K(97280K)] 106201K->23681K(319488K), 0.0021180 secs] [Times: user=0.01 sys=0.00, real=0.00 secs] 
235.782: Total time for which application threads were stopped: 0.0039140 seconds, Stopping threads took: 0.0017140 seconds
235.858: Application time: 0.0755410 seconds
235.860: [GC [PSYoungGen: 91040K->7696K(97280K)] 107137K->23801K(319488K), 0.0020720 secs] [Times: user=0.01 sys=0.00, real=0.00 secs] 
235.862: Total time for which application threads were stopped: 0.0046460 seconds, Stopping threads took: 0.0024860 seconds
235.938: Application time: 0.0760780 seconds
235.941: [GC [PSYoungGen: 91152K->8384K(97280K)] 107257K->24489K(319488K), 0.0024490 secs] [Times: user=0.02 sys=0.00, real=0.00 secs] 
235.943: Total time for which application threads were stopped: 0.0048260 seconds, Stopping threads took: 0.0022890 seconds
236.015: Application time: 0.0720810 seconds
236.017: [GC [PSYoungGen: 91840K->6720K(97280K)] 107945K->22825K(319488K), 0.0019710 secs] [Times: user=0.01 sys=0.00, real=0.01 secs] 
236.019: Total time for which application threads were stopped: 0.0035240 seconds, Stopping threads took: 0.0014640 seconds
236.095: Application time: 0.0760980 seconds
236.097: [GC [PSYoungGen: 90176K->8112K(97280K)] 106281K->24225K(319488K), 0.0024190 secs] [Times: user=0.02 sys=0.00, real=0.01 secs] 
236.099: Total time for which application threads were stopped: 0.0045610 seconds, Stopping threads took: 0.0020580 seconds
236.173: Application time: 0.0737180 seconds
236.175: [GC [PSYoungGen: 91568K->6528K(97280K)] 107681K->22649K(319488K), 0.0018860 secs] [Times: user=0.02 sys=0.00, real=0.00 secs] 
236.177: Total time for which application threads were stopped: 0.0036470 seconds, Stopping threads took: 0.0016580 seconds
236.252: Application time: 0.0751160 seconds
236.254: [GC [PSYoungGen: 89984K->5920K(97280K)] 106105K->22049K(319488K), 0.0016850 secs] [Times: user=0.02 sys=0.00, real=0.00 secs] 
236.256: Total time for which application threads were stopped: 0.0039540 seconds, Stopping threads took: 0.0021800 seconds
236.330: Application time: 0.0736630 seconds
236.331: [GC [PSYoungGen: 89376K->7424K(97280K)] 105505K->23561K(319488K), 0.0020510 secs] [Times: user=0.01 sys=0.00, real=0.00 secs] 
236.333: Total time for which application threads were stopped: 0.0036930 seconds, Stopping threads took: 0.0015690 seconds
236.413: Application time: 0.0795350 seconds
236.417: [GC [PSYoungGen: 90880K->7056K(97280K)] 107017K->23201K(319488K), 0.0020450 secs] [Times: user=0.01 sys=0.00, real=0.00 secs] 
236.419: Total time for which application threads were stopped: 0.0064720 seconds, Stopping threads took: 0.0043300 seconds
236.497: Application time: 0.0779860 seconds
236.498: [GC [PSYoungGen: 90512K->6128K(97280K)] 106657K->22273K(319488K), 0.0018170 secs] [Times: user=0.01 sys=0.00, real=0.00 secs] 
236.500: Total time for which application threads were stopped: 0.0022970 seconds, Stopping threads took: 0.0004070 seconds
236.582: Application time: 0.0820710 seconds
236.585: [GC [PSYoungGen: 89584K->6160K(97280K)] 105729K->22305K(319488K), 0.0019370 secs] [Times: user=0.01 sys=0.00, real=0.01 secs] 
236.586: Total time for which application threads were stopped: 0.0048560 seconds, Stopping threads took: 0.0028400 seconds
236.659: Application time: 0.0726300 seconds
236.662: [GC [PSYoungGen: 89616K->7696K(97280K)] 105761K->23857K(319488K), 0.0022740 secs] [Times: user=0.01 sys=0.00, real=0.00 secs] 
236.664: Total time for which application threads were stopped: 0.0047180 seconds, Stopping threads took: 0.0023610 seconds
236.739: Application time: 0.0752940 seconds
236.740: [GC [PSYoungGen: 91152K->5600K(97280K)] 107313K->21777K(319488K), 0.0016720 secs] [Times: user=0.01 sys=0.00, real=0.00 secs] 
236.742: Total time for which application threads were stopped: 0.0030460 seconds, Stopping threads took: 0.0012910 seconds
236.818: Application time: 0.0760480 seconds
236.821: [GC [PSYoungGen: 89056K->6800K(97280K)] 105233K->22985K(319488K), 0.0020460 secs] [Times: user=0.01 sys=0.00, real=0.00 secs] 
236.823: Total time for which application threads were stopped: 0.0050440 seconds, Stopping threads took: 0.0029120 seconds
236.903: Application time: 0.0797910 seconds
236.905: [GC [PSYoungGen: 90256K->7376K(97280K)] 106441K->23569K(319488K), 0.0021430 secs] [Times: user=0.02 sys=0.00, real=0.01 secs] 
236.907: Total time for which application threads were stopped: 0.0040910 seconds, Stopping threads took: 0.0018640 seconds
236.986: Application time: 0.0786120 seconds
236.988: [GC [PSYoungGen: 90832K->7632K(97280K)] 107025K->23825K(319488K), 0.0022680 secs] [Times: user=0.02 sys=0.00, real=0.00 secs] 
236.991: Total time for which application threads were stopped: 0.0047990 seconds, Stopping threads took: 0.0024320 seconds
237.072: Application time: 0.0819000 seconds
237.075: [GC [PSYoungGen: 91088K->8064K(97280K)] 107281K->24257K(319488K), 0.0023280 secs] [Times: user=0.02 sys=0.00, real=0.01 secs] 
237.078: Total time for which application threads were stopped: 0.0053790 seconds, Stopping threads took: 0.0029590 seconds
237.156: Application time: 0.0779050 seconds
237.159: [GC [PSYoungGen: 91520K->7456K(97280K)] 107713K->23657K(319488K), 0.0020510 secs] [Times: user=0.01 sys=0.00, real=0.00 secs] 
237.161: Total time for which application threads were stopped: 0.0049360 seconds, Stopping threads took: 0.0027870 seconds
237.243: Application time: 0.0827500 seconds
237.245: [GC [PSYoungGen: 90912K->5216K(97280K)] 107113K->21425K(319488K), 0.0019380 secs] [Times: user=0.01 sys=0.00, real=0.00 secs] 
237.247: Total time for which application threads were stopped: 0.0037270 seconds, Stopping threads took: 0.0017180 seconds
237.329: Application time: 0.0813370 seconds
237.331: [GC [PSYoungGen: 88672K->6960K(97280K)] 104881K->23177K(319488K), 0.0019530 secs] [Times: user=0.01 sys=0.00, real=0.00 secs] 
237.333: Total time for which application threads were stopped: 0.0046570 seconds, Stopping threads took: 0.0026040 seconds
237.418: Application time: 0.0848720 seconds
237.420: [GC [PSYoungGen: 90416K->5776K(97280K)] 106633K->22001K(319488K), 0.0017210 secs] [Times: user=0.01 sys=0.00, real=0.00 secs] 
237.422: Total time for which application threads were stopped: 0.0036400 seconds, Stopping threads took: 0.0018420 seconds
237.505: Application time: 0.0832970 seconds
237.506: [GC [PSYoungGen: 89232K->5504K(97280K)] 105457K->21729K(319488K), 0.0017950 secs] [Times: user=0.01 sys=0.00, real=0.00 secs] 
237.508: Total time for which application threads were stopped: 0.0027010 seconds, Stopping threads took: 0.0008090 seconds
237.587: Application time: 0.0790930 seconds
237.590: [GC [PSYoungGen: 88960K->8416K(97280K)] 105185K->24641K(319488K), 0.0024020 secs] [Times: user=0.02 sys=0.00, real=0.00 secs] 
237.592: Total time for which application threads were stopped: 0.0052440 seconds, Stopping threads took: 0.0027550 seconds
237.670: Application time: 0.0779150 seconds
237.672: [GC [PSYoungGen: 91872K->6800K(97280K)] 108097K->23033K(319488K), 0.0020080 secs] [Times: user=0.02 sys=0.00, real=0.00 secs] 
237.674: Total time for which application threads were stopped: 0.0040430 seconds, Stopping threads took: 0.0019530 seconds
237.756: Application time: 0.0818030 seconds
237.757: [GC [PSYoungGen: 90256K->6320K(97280K)] 106489K->22561K(319488K), 0.0018570 secs] [Times: user=0.01 sys=0.00, real=0.01 secs] 
237.759: Total time for which application threads were stopped: 0.0027850 seconds, Stopping threads took: 0.0008460 seconds
237.837: Application time: 0.0787510 seconds
237.839: [GC [PSYoungGen: 89776K->6048K(97280K)] 106017K->22297K(319488K), 0.0018060 secs] [Times: user=0.01 sys=0.00, real=0.00 secs] 
237.840: Total time for which application threads were stopped: 0.0030660 seconds, Stopping threads took: 0.0011830 seconds
237.921: Application time: 0.0806140 seconds
237.923: [GC [PSYoungGen: 89504K->7808K(97280K)] 105753K->24065K(319488K), 0.0022780 secs] [Times: user=0.02 sys=0.00, real=0.01 secs] 
237.925: Total time for which application threads were stopped: 0.0041020 seconds, Stopping threads took: 0.0017440 seconds
238.003: Application time: 0.0778780 seconds
238.006: [GC [PSYoungGen: 91264K->8112K(97280K)] 107521K->24369K(319488K), 0.0023460 secs] [Times: user=0.01 sys=0.00, real=0.00 secs] 
238.009: Total time for which application threads were stopped: 0.0056560 seconds, Stopping threads took: 0.0032130 seconds
238.089: Application time: 0.0799300 seconds
238.091: [GC [PSYoungGen: 91568K->8288K(97280K)] 107825K->24545K(319488K), 0.0024390 secs] [Times: user=0.02 sys=0.00, real=0.00 secs] 
238.094: Total time for which application threads were stopped: 0.0052500 seconds, Stopping threads took: 0.0027220 seconds
238.173: Application time: 0.0788030 seconds
238.175: [GC [PSYoungGen: 91744K->7744K(97280K)] 108001K->24009K(319488K), 0.0021580 secs] [Times: user=0.02 sys=0.00, real=0.01 secs] 
238.178: Total time for which application threads were stopped: 0.0049900 seconds, Stopping threads took: 0.0027490 seconds
238.259: Application time: 0.0818160 seconds
238.261: [GC [PSYoungGen: 91200K->6576K(97280K)] 107465K->22849K(319488K), 0.0018950 secs] [Times: user=0.02 sys=0.00, real=0.00 secs] 
238.263: Total time for which application threads were stopped: 0.0035950 seconds, Stopping threads took: 0.0016180 seconds
238.342: Application time: 0.0784740 seconds
238.344: [GC [PSYoungGen: 90032K->5712K(97280K)] 106305K->21993K(319488K), 0.0016980 secs] [Times: user=0.02 sys=0.00, real=0.01 secs] 
238.345: Total time for which application threads were stopped: 0.0038710 seconds, Stopping threads took: 0.0020900 seconds
238.425: Application time: 0.0791160 seconds
238.427: [GC [PSYoungGen: 89168K->7552K(97280K)] 105449K->23841K(319488K), 0.0021870 secs] [Times: user=0.01 sys=0.00, real=0.00 secs] 
238.429: Total time for which application threads were stopped: 0.0047850 seconds, Stopping threads took: 0.0025080 seconds
238.509: Application time: 0.0795910 seconds
238.512: [GC [PSYoungGen: 91008K->7520K(97280K)] 107297K->23809K(319488K), 0.0021440 secs] [Times: user=0.02 sys=0.00, real=0.00 secs] 
238.514: Total time for which application threads were stopped: 0.0053130 seconds, Stopping threads took: 0.0030740 seconds
238.596: Application time: 0.0822510 seconds
238.600: [GC [PSYoungGen: 90976K->7424K(97280K)] 107265K->23713K(319488K), 0.0021050 secs] [Times: user=0.02 sys=0.00, real=0.00 secs] 
238.602: Total time for which application threads were stopped: 0.0051960 seconds, Stopping threads took: 0.0030050 seconds
238.681: Application time: 0.0790430 seconds
238.683: [GC [PSYoungGen: 90880K->7600K(97280K)] 107169K->23905K(319488K), 0.0022530 secs] [Times: user=0.02 sys=0.00, real=0.01 secs] 
238.686: Total time for which application threads were stopped: 0.0049240 seconds, Stopping threads took: 0.0025660 seconds
238.769: Application time: 0.0833830 seconds
238.771: [GC [PSYoungGen: 91056K->6400K(97280K)] 107361K->22713K(319488K), 0.0018850 secs] [Times: user=0.02 sys=0.00, real=0.00 secs] 
238.773: Total time for which application threads were stopped: 0.0034930 seconds, Stopping threads took: 0.0015240 seconds
238.851: Application time: 0.0784280 seconds
238.853: [GC [PSYoungGen: 89856K->7296K(97280K)] 106169K->23633K(319488K), 0.0021830 secs] [Times: user=0.01 sys=0.00, real=0.00 secs] 
238.856: Total time for which application threads were stopped: 0.0046190 seconds, Stopping threads took: 0.0023530 seconds
238.936: Application time: 0.0799550 seconds
238.938: [GC [PSYoungGen: 90752K->7056K(97280K)] 107089K->23401K(319488K), 0.0021390 secs] [Times: user=0.01 sys=0.00, real=0.00 secs] 
238.940: Total time for which application threads were stopped: 0.0048370 seconds, Stopping threads took: 0.0026100 seconds
239.019: Application time: 0.0785750 seconds
239.021: [GC [PSYoungGen: 90512K->8304K(97280K)] 106857K->24649K(319488K), 0.0022480 secs] [Times: user=0.01 sys=0.00, real=0.00 secs] 
239.023: Total time for which application threads were stopped: 0.0040010 seconds, Stopping threads took: 0.0016620 seconds
239.105: Application time: 0.0820410 seconds
239.108: [GC [PSYoungGen: 91760K->7664K(97280K)] 108105K->24009K(319488K), 0.0022510 secs] [Times: user=0.02 sys=0.00, real=0.00 secs] 
239.110: Total time for which application threads were stopped: 0.0052890 seconds, Stopping threads took: 0.0029500 seconds
239.189: Application time: 0.0788070 seconds
239.192: [GC [PSYoungGen: 91120K->8192K(97280K)] 107465K->24537K(319488K), 0.0023150 secs] [Times: user=0.01 sys=0.00, real=0.00 secs] 
239.194: Total time for which application threads were stopped: 0.0048670 seconds, Stopping threads took: 0.0024620 seconds
239.273: Application time: 0.0794950 seconds
239.276: [GC [PSYoungGen: 91648K->7664K(97280K)] 107993K->24017K(319488K), 0.0022270 secs] [Times: user=0.01 sys=0.00, real=0.01 secs] 
239.278: Total time for which application threads were stopped: 0.0044980 seconds, Stopping threads took: 0.0021860 seconds
239.358: Application time: 0.0803200 seconds
239.361: [GC [PSYoungGen: 91120K->7408K(97280K)] 107473K->23769K(319488K), 0.0020420 secs] [Times: user=0.01 sys=0.00, real=0.00 secs] 
239.363: Total time for which application threads were stopped: 0.0050280 seconds, Stopping threads took: 0.0029050 seconds
239.446: Application time: 0.0829920 seconds
239.449: [GC [PSYoungGen: 90864K->7008K(97280K)] 107225K->23385K(319488K), 0.0020020 secs] [Times: user=0.01 sys=0.00, real=0.00 secs] 
239.451: Total time for which application threads were stopped: 0.0047190 seconds, Stopping threads took: 0.0026310 seconds
239.532: Application time: 0.0812760 seconds
239.534: [GC [PSYoungGen: 90464K->7152K(97280K)] 106841K->23537K(319488K), 0.0020940 secs] [Times: user=0.02 sys=0.00, real=0.00 secs] 
239.536: Total time for which application threads were stopped: 0.0035090 seconds, Stopping threads took: 0.0013290 seconds
239.617: Application time: 0.0813670 seconds
239.621: [GC [PSYoungGen: 90608K->7536K(97280K)] 106993K->23921K(319488K), 0.0022320 secs] [Times: user=0.02 sys=0.00, real=0.00 secs] 
239.623: Total time for which application threads were stopped: 0.0056590 seconds, Stopping threads took: 0.0033370 seconds
239.702: Application time: 0.0787540 seconds
239.704: [GC [PSYoungGen: 90992K->6848K(97280K)] 107377K->23233K(319488K), 0.0018930 secs] [Times: user=0.01 sys=0.00, real=0.01 secs] 
239.706: Total time for which application threads were stopped: 0.0047050 seconds, Stopping threads took: 0.0027290 seconds
239.788: Application time: 0.0813630 seconds
239.790: [GC [PSYoungGen: 90304K->6896K(97280K)] 106689K->23289K(319488K), 0.0021400 secs] [Times: user=0.02 sys=0.00, real=0.00 secs] 
239.792: Total time for which application threads were stopped: 0.0041300 seconds, Stopping threads took: 0.0019130 seconds
239.871: Application time: 0.0795260 seconds
239.875: [GC [PSYoungGen: 90352K->6608K(97280K)] 106745K->23009K(319488K), 0.0019150 secs] [Times: user=0.01 sys=0.00, real=0.00 secs] 
239.876: Total time for which application threads were stopped: 0.0051290 seconds, Stopping threads took: 0.0031330 seconds
239.957: Application time: 0.0809450 seconds
239.960: [GC [PSYoungGen: 90064K->7888K(97280K)] 106465K->24297K(319488K), 0.0023140 secs] [Times: user=0.02 sys=0.00, real=0.00 secs] 
239.963: Total time for which application threads were stopped: 0.0053800 seconds, Stopping threads took: 0.0029780 seconds
240.042: Application time: 0.0791390 seconds
240.044: [GC [PSYoungGen: 91344K->7328K(97280K)] 107753K->23769K(319488K), 0.0021830 secs] [Times: user=0.01 sys=0.00, real=0.01 secs] 
240.046: Total time for which application threads were stopped: 0.0043150 seconds, Stopping threads took: 0.0020360 seconds
240.124: Application time: 0.0781430 seconds
240.127: [GC [PSYoungGen: 90784K->7616K(97280K)] 107225K->24057K(319488K), 0.0022690 secs] [Times: user=0.02 sys=0.00, real=0.00 secs] 
240.129: Total time for which application threads were stopped: 0.0046320 seconds, Stopping threads took: 0.0022770 seconds
240.207: Application time: 0.0781050 seconds
240.209: [GC [PSYoungGen: 91072K->7312K(97280K)] 107513K->23753K(319488K), 0.0020570 secs] [Times: user=0.00 sys=0.00, real=0.00 secs] 
240.211: Total time for which application threads were stopped: 0.0039940 seconds, Stopping threads took: 0.0018550 seconds
240.295: Application time: 0.0836030 seconds
240.297: [GC [PSYoungGen: 90768K->6336K(97280K)] 107209K->22793K(319488K), 0.0018960 secs] [Times: user=0.01 sys=0.00, real=0.01 secs] 
240.299: Total time for which application threads were stopped: 0.0039100 seconds, Stopping threads took: 0.0019290 seconds
240.377: Application time: 0.0784940 seconds
240.379: [GC [PSYoungGen: 89792K->7168K(97280K)] 106249K->23633K(319488K), 0.0020860 secs] [Times: user=0.01 sys=0.00, real=0.00 secs] 
240.381: Total time for which application threads were stopped: 0.0042730 seconds, Stopping threads took: 0.0021040 seconds
240.462: Application time: 0.0806180 seconds
240.465: [GC [PSYoungGen: 90624K->6944K(97280K)] 107089K->23417K(319488K), 0.0020490 secs] [Times: user=0.01 sys=0.00, real=0.01 secs] 
240.467: Total time for which application threads were stopped: 0.0050270 seconds, Stopping threads took: 0.0028910 seconds
240.548: Application time: 0.0809210 seconds
240.550: [GC [PSYoungGen: 90400K->7312K(97280K)] 106873K->23793K(319488K), 0.0021360 secs] [Times: user=0.02 sys=0.00, real=0.00 secs] 
240.552: Total time for which application threads were stopped: 0.0044110 seconds, Stopping threads took: 0.0021810 seconds
240.634: Application time: 0.0812140 seconds
240.636: [GC [PSYoungGen: 90768K->7184K(97280K)] 107249K->23665K(319488K), 0.0021430 secs] [Times: user=0.01 sys=0.00, real=0.01 secs] 
240.638: Total time for which application threads were stopped: 0.0045180 seconds, Stopping threads took: 0.0022880 seconds
240.719: Application time: 0.0807520 seconds
240.722: [GC [PSYoungGen: 90640K->6096K(97280K)] 107121K->22577K(319488K), 0.0017300 secs] [Times: user=0.02 sys=0.00, real=0.00 secs] 
240.724: Total time for which application threads were stopped: 0.0046020 seconds, Stopping threads took: 0.0027920 seconds
240.805: Application time: 0.0810520 seconds
240.807: [GC [PSYoungGen: 89552K->7312K(97280K)] 106033K->23801K(319488K), 0.0020710 secs] [Times: user=0.01 sys=0.00, real=0.00 secs] 
240.809: Total time for which application threads were stopped: 0.0045370 seconds, Stopping threads took: 0.0023720 seconds
240.884: Application time: 0.0747080 seconds
240.886: [GC [PSYoungGen: 90768K->5888K(97280K)] 107257K->22385K(319488K), 0.0017880 secs] [Times: user=0.02 sys=0.00, real=0.00 secs] 
240.888: Total time for which application threads were stopped: 0.0042260 seconds, Stopping threads took: 0.0023680 seconds
240.966: Application time: 0.0778000 seconds
240.968: [GC [PSYoungGen: 89344K->6464K(97280K)] 105841K->22969K(319488K), 0.0018960 secs] [Times: user=0.01 sys=0.00, real=0.00 secs] 
240.970: Total time for which application threads were stopped: 0.0041530 seconds, Stopping threads took: 0.0021590 seconds
241.046: Application time: 0.0759320 seconds
241.049: [GC [PSYoungGen: 89920K->6128K(97280K)] 106425K->22649K(319488K), 0.0017140 secs] [Times: user=0.01 sys=0.00, real=0.00 secs] 
241.050: Total time for which application threads were stopped: 0.0044980 seconds, Stopping threads took: 0.0027110 seconds
241.131: Application time: 0.0808170 seconds
241.134: [GC [PSYoungGen: 89584K->6784K(97280K)] 106105K->23305K(319488K), 0.0019290 secs] [Times: user=0.02 sys=0.00, real=0.00 secs] 
241.136: Total time for which application threads were stopped: 0.0046410 seconds, Stopping threads took: 0.0026200 seconds
241.213: Application time: 0.0771400 seconds
241.215: [GC [PSYoungGen: 90240K->4896K(97280K)] 106761K->21417K(319488K), 0.0014040 secs] [Times: user=0.01 sys=0.00, real=0.00 secs] 
241.216: Total time for which application threads were stopped: 0.0029750 seconds, Stopping threads took: 0.0015010 seconds
241.292: Application time: 0.0757100 seconds
241.293: [GC [PSYoungGen: 88352K->6624K(97280K)] 104873K->23145K(319488K), 0.0019710 secs] [Times: user=0.02 sys=0.00, real=0.00 secs] 
241.295: Total time for which application threads were stopped: 0.0035950 seconds, Stopping threads took: 0.0015440 seconds
241.369: Application time: 0.0734110 seconds
241.371: [GC [PSYoungGen: 90080K->8128K(97280K)] 106601K->24657K(319488K), 0.0021680 secs] [Times: user=0.01 sys=0.00, real=0.00 secs] 
241.373: Total time for which application threads were stopped: 0.0040870 seconds, Stopping threads took: 0.0018390 seconds
241.452: Application time: 0.0792290 seconds
241.455: [GC [PSYoungGen: 91584K->6976K(97280K)] 108113K->23513K(319488K), 0.0020800 secs] [Times: user=0.02 sys=0.00, real=0.00 secs] 
241.457: Total time for which application threads were stopped: 0.0049800 seconds, Stopping threads took: 0.0028180 seconds
241.532: Application time: 0.0747380 seconds
241.533: [GC [PSYoungGen: 90432K->6640K(97280K)] 106969K->23193K(319488K), 0.0019250 secs] [Times: user=0.01 sys=0.00, real=0.00 secs] 
241.535: Total time for which application threads were stopped: 0.0036560 seconds, Stopping threads took: 0.0016510 seconds
241.616: Application time: 0.0808460 seconds
241.619: [GC [PSYoungGen: 90096K->5312K(97280K)] 106649K->21865K(319488K), 0.0015400 secs] [Times: user=0.01 sys=0.00, real=0.00 secs] 
241.620: Total time for which application threads were stopped: 0.0037790 seconds, Stopping threads took: 0.0021450 seconds
241.694: Application time: 0.0735160 seconds
241.695: [GC [PSYoungGen: 88768K->6992K(97280K)] 105321K->23545K(319488K), 0.0019700 secs] [Times: user=0.01 sys=0.00, real=0.01 secs] 
241.697: Total time for which application threads were stopped: 0.0036870 seconds, Stopping threads took: 0.0016330 seconds
241.780: Application time: 0.0822990 seconds
241.782: [GC [PSYoungGen: 90448K->4960K(97280K)] 107001K->21513K(319488K), 0.0014860 secs] [Times: user=0.01 sys=0.00, real=0.00 secs] 
241.784: Total time for which application threads were stopped: 0.0043440 seconds, Stopping threads took: 0.0027830 seconds
241.857: Application time: 0.0731970 seconds
241.859: [GC [PSYoungGen: 88416K->7200K(97280K)] 104969K->23761K(319488K), 0.0020140 secs] [Times: user=0.01 sys=0.00, real=0.00 secs] 
241.861: Total time for which application threads were stopped: 0.0042600 seconds, Stopping threads took: 0.0021700 seconds
241.939: Application time: 0.0775620 seconds
241.941: [GC [PSYoungGen: 90656K->6880K(97280K)] 107217K->23449K(319488K), 0.0019560 secs] [Times: user=0.01 sys=0.00, real=0.00 secs] 
241.943: Total time for which application threads were stopped: 0.0041500 seconds, Stopping threads took: 0.0021160 seconds
242.015: Application time: 0.0719660 seconds
242.017: [GC [PSYoungGen: 90336K->7424K(97280K)] 106905K->24001K(319488K), 0.0021140 secs] [Times: user=0.01 sys=0.00, real=0.01 secs] 
242.019: Total time for which application threads were stopped: 0.0036240 seconds, Stopping threads took: 0.0014330 seconds
242.095: Application time: 0.0759670 seconds
242.097: [GC [PSYoungGen: 90880K->7744K(97280K)] 107457K->24329K(319488K), 0.0022300 secs] [Times: user=0.01 sys=0.00, real=0.01 secs] 
242.099: Total time for which application threads were stopped: 0.0041620 seconds, Stopping threads took: 0.0018500 seconds
242.176: Application time: 0.0769190 seconds
242.177: [GC [PSYoungGen: 91200K->6336K(97280K)] 107785K->22921K(319488K), 0.0018310 secs] [Times: user=0.00 sys=0.01, real=0.01 secs] 
242.179: Total time for which application threads were stopped: 0.0030530 seconds, Stopping threads took: 0.0011500 seconds
242.255: Application time: 0.0760990 seconds
242.257: [GC [PSYoungGen: 89792K->7600K(97280K)] 106377K->24185K(319488K), 0.0021640 secs] [Times: user=0.02 sys=0.00, real=0.01 secs] 
242.259: Total time for which application threads were stopped: 0.0041340 seconds, Stopping threads took: 0.0018790 seconds
242.331: Application time: 0.0719490 seconds
242.333: [GC [PSYoungGen: 91056K->7888K(97280K)] 107641K->24481K(319488K), 0.0021130 secs] [Times: user=0.02 sys=0.00, real=0.00 secs] 
242.336: Total time for which application threads were stopped: 0.0045080 seconds, Stopping threads took: 0.0023160 seconds
242.411: Application time: 0.0756390 seconds
242.414: [GC [PSYoungGen: 91344K->8208K(97280K)] 107937K->24817K(319488K), 0.0024040 secs] [Times: user=0.02 sys=0.00, real=0.00 secs] 
242.416: Total time for which application threads were stopped: 0.0050020 seconds, Stopping threads took: 0.0025060 seconds
242.489: Application time: 0.0731610 seconds
242.492: [GC [PSYoungGen: 91664K->7648K(97280K)] 108273K->24265K(319488K), 0.0021120 secs] [Times: user=0.01 sys=0.00, real=0.00 secs] 
242.494: Total time for which application threads were stopped: 0.0044880 seconds, Stopping threads took: 0.0022950 seconds
242.571: Application time: 0.0773460 seconds
242.574: [GC [PSYoungGen: 91104K->6976K(97280K)] 107721K->23601K(319488K), 0.0019320 secs] [Times: user=0.01 sys=0.00, real=0.00 secs] 
242.576: Total time for which application threads were stopped: 0.0050380 seconds, Stopping threads took: 0.0030200 seconds
242.651: Application time: 0.0751170 seconds
242.654: [GC [PSYoungGen: 90432K->5600K(97280K)] 107057K->22225K(319488K), 0.0016850 secs] [Times: user=0.01 sys=0.00, real=0.00 secs] 
242.656: Total time for which application threads were stopped: 0.0043150 seconds, Stopping threads took: 0.0025600 seconds
242.733: Application time: 0.0775940 seconds
242.736: [GC [PSYoungGen: 89056K->7872K(97280K)] 105681K->24497K(319488K), 0.0022580 secs] [Times: user=0.02 sys=0.00, real=0.01 secs] 
242.738: Total time for which application threads were stopped: 0.0052340 seconds, Stopping threads took: 0.0028900 seconds
242.813: Application time: 0.0745790 seconds
242.816: [GC [PSYoungGen: 91328K->7680K(97280K)] 107953K->24313K(319488K), 0.0022430 secs] [Times: user=0.02 sys=0.00, real=0.01 secs] 
242.818: Total time for which application threads were stopped: 0.0053680 seconds, Stopping threads took: 0.0030330 seconds
242.893: Application time: 0.0745410 seconds
242.895: [GC [PSYoungGen: 91136K->5984K(97280K)] 107769K->22625K(319488K), 0.0018030 secs] [Times: user=0.01 sys=0.00, real=0.00 secs] 
242.896: Total time for which application threads were stopped: 0.0033630 seconds, Stopping threads took: 0.0014850 seconds
242.970: Application time: 0.0732960 seconds
242.972: [GC [PSYoungGen: 89440K->7472K(97280K)] 106081K->24121K(319488K), 0.0021240 secs] [Times: user=0.01 sys=0.00, real=0.00 secs] 
242.975: Total time for which application threads were stopped: 0.0048920 seconds, Stopping threads took: 0.0026850 seconds
243.050: Application time: 0.0754780 seconds
243.053: [GC [PSYoungGen: 90928K->6944K(97280K)] 107577K->23601K(319488K), 0.0020200 secs] [Times: user=0.01 sys=0.00, real=0.00 secs] 
243.055: Total time for which application threads were stopped: 0.0047130 seconds, Stopping threads took: 0.0025980 seconds
243.131: Application time: 0.0767080 seconds
243.134: [GC [PSYoungGen: 90400K->6608K(97280K)] 107057K->23265K(319488K), 0.0019200 secs] [Times: user=0.01 sys=0.00, real=0.00 secs] 
243.136: Total time for which application threads were stopped: 0.0045990 seconds, Stopping threads took: 0.0025910 seconds
243.215: Application time: 0.0786910 seconds
243.217: [GC [PSYoungGen: 90064K->6576K(97280K)] 106721K->23233K(319488K), 0.0019370 secs] [Times: user=0.01 sys=0.00, real=0.00 secs] 
243.219: Total time for which application threads were stopped: 0.0046720 seconds, Stopping threads took: 0.0026470 seconds
243.292: Application time: 0.0723740 seconds
243.294: [GC [PSYoungGen: 90032K->7520K(97280K)] 106689K->24185K(319488K), 0.0021720 secs] [Times: user=0.02 sys=0.00, real=0.00 secs] 
243.296: Total time for which application threads were stopped: 0.0042120 seconds, Stopping threads took: 0.0019550 seconds
243.374: Application time: 0.0780590 seconds
243.377: [GC [PSYoungGen: 90976K->7056K(97280K)] 107641K->23729K(319488K), 0.0019820 secs] [Times: user=0.01 sys=0.00, real=0.01 secs] 
243.379: Total time for which application threads were stopped: 0.0046890 seconds, Stopping threads took: 0.0026200 seconds
243.453: Application time: 0.0745930 seconds
243.455: [GC [PSYoungGen: 90512K->6816K(97280K)] 107185K->23497K(319488K), 0.0019800 secs] [Times: user=0.02 sys=0.00, real=0.00 secs] 
243.457: Total time for which application threads were stopped: 0.0037060 seconds, Stopping threads took: 0.0016460 seconds
243.533: Application time: 0.0759180 seconds
243.534: [GC [PSYoungGen: 90272K->6016K(97280K)] 106953K->22705K(319488K), 0.0017220 secs] [Times: user=0.01 sys=0.00, real=0.00 secs] 
243.536: Total time for which application threads were stopped: 0.0031170 seconds, Stopping threads took: 0.0013190 seconds
243.611: Application time: 0.0751840 seconds
243.614: [GC [PSYoungGen: 89472K->6640K(97280K)] 106161K->23329K(319488K), 0.0018810 secs] [Times: user=0.01 sys=0.00, real=0.00 secs] 
243.616: Total time for which application threads were stopped: 0.0046120 seconds, Stopping threads took: 0.0026550 seconds
243.691: Application time: 0.0748600 seconds
243.693: [GC [PSYoungGen: 90096K->8384K(97280K)] 106785K->25073K(319488K), 0.0024770 secs] [Times: user=0.02 sys=0.00, real=0.00 secs] 
243.696: Total time for which application threads were stopped: 0.0047620 seconds, Stopping threads took: 0.0021940 seconds
243.769: Application time: 0.0736540 seconds
243.771: [GC [PSYoungGen: 91840K->7424K(97280K)] 108529K->24113K(319488K), 0.0021590 secs] [Times: user=0.01 sys=0.01, real=0.00 secs] 
243.773: Total time for which application threads were stopped: 0.0039420 seconds, Stopping threads took: 0.0016700 seconds
243.846: Application time: 0.0731300 seconds
243.849: [GC [PSYoungGen: 90880K->6720K(97280K)] 107569K->23417K(319488K), 0.0019930 secs] [Times: user=0.01 sys=0.00, real=0.00 secs] 
243.851: Total time for which application threads were stopped: 0.0043440 seconds, Stopping threads took: 0.0022590 seconds
243.924: Application time: 0.0733200 seconds
243.927: [GC [PSYoungGen: 90176K->7504K(97280K)] 106873K->24209K(319488K), 0.0021340 secs] [Times: user=0.02 sys=0.00, real=0.00 secs] 
243.929: Total time for which application threads were stopped: 0.0053140 seconds, Stopping threads took: 0.0030660 seconds
244.004: Application time: 0.0745780 seconds
244.005: [GC [PSYoungGen: 90960K->7136K(97280K)] 107665K->23849K(319488K), 0.0020790 secs] [Times: user=0.02 sys=0.00, real=0.00 secs] 
244.007: Total time for which application threads were stopped: 0.0034540 seconds, Stopping threads took: 0.0012920 seconds
244.083: Application time: 0.0755330 seconds
244.084: [GC [PSYoungGen: 90592K->5568K(97280K)] 107305K->22289K(319488K), 0.0016650 secs] [Times: user=0.01 sys=0.00, real=0.01 secs] 
244.086: Total time for which application threads were stopped: 0.0032730 seconds, Stopping threads took: 0.0015310 seconds
244.162: Application time: 0.0762700 seconds
244.164: [GC [PSYoungGen: 89024K->6480K(97280K)] 105745K->23201K(319488K), 0.0018710 secs] [Times: user=0.01 sys=0.00, real=0.01 secs] 
244.166: Total time for which application threads were stopped: 0.0039390 seconds, Stopping threads took: 0.0019830 seconds
244.241: Application time: 0.0751420 seconds
244.244: [GC [PSYoungGen: 89936K->6704K(97280K)] 106657K->23425K(319488K), 0.0019210 secs] [Times: user=0.01 sys=0.00, real=0.01 secs] 
244.246: Total time for which application threads were stopped: 0.0043600 seconds, Stopping threads took: 0.0023610 seconds
244.322: Application time: 0.0762310 seconds
244.325: [GC [PSYoungGen: 90160K->5856K(97280K)] 106881K->22585K(319488K), 0.0016780 secs] [Times: user=0.01 sys=0.00, real=0.00 secs] 
244.327: Total time for which application threads were stopped: 0.0048530 seconds, Stopping threads took: 0.0030960 seconds
244.400: Application time: 0.0733890 seconds
244.403: [GC [PSYoungGen: 89312K->8192K(97280K)] 106041K->24937K(319488K), 0.0022100 secs] [Times: user=0.01 sys=0.00, real=0.00 secs] 
244.405: Total time for which application threads were stopped: 0.0046580 seconds, Stopping threads took: 0.0023690 seconds
244.485: Application time: 0.0801180 seconds
244.487: [GC [PSYoungGen: 91648K->5152K(97280K)] 108393K->21905K(319488K), 0.0015080 secs] [Times: user=0.01 sys=0.00, real=0.00 secs] 
244.489: Total time for which application threads were stopped: 0.0035740 seconds, Stopping threads took: 0.0019880 seconds
244.569: Application time: 0.0804800 seconds
244.571: [GC [PSYoungGen: 88608K->4768K(97280K)] 105361K->21529K(319488K), 0.0013930 secs] [Times: user=0.01 sys=0.00, real=0.00 secs] 
244.572: Total time for which application threads were stopped: 0.0029940 seconds, Stopping threads took: 0.0015320 seconds
244.649: Application time: 0.0771380 seconds
244.651: [GC [PSYoungGen: 88224K->6592K(97280K)] 104985K->23353K(319488K), 0.0018850 secs] [Times: user=0.02 sys=0.00, real=0.00 secs] 
244.653: Total time for which application threads were stopped: 0.0040830 seconds, Stopping threads took: 0.0020990 seconds
244.729: Application time: 0.0751990 seconds
244.731: [GC [PSYoungGen: 90048K->7568K(97280K)] 106809K->24329K(319488K), 0.0021280 secs] [Times: user=0.01 sys=0.00, real=0.00 secs] 
244.733: Total time for which application threads were stopped: 0.0042830 seconds, Stopping threads took: 0.0020580 seconds
244.815: Application time: 0.0819870 seconds
244.817: [GC [PSYoungGen: 91024K->6048K(97280K)] 107785K->22817K(319488K), 0.0017660 secs] [Times: user=0.01 sys=0.00, real=0.01 secs] 
244.819: Total time for which application threads were stopped: 0.0039260 seconds, Stopping threads took: 0.0020730 seconds
244.895: Application time: 0.0765780 seconds
244.897: [GC [PSYoungGen: 89504K->7264K(97280K)] 106273K->24041K(319488K), 0.0022130 secs] [Times: user=0.02 sys=0.00, real=0.01 secs] 
244.899: Total time for which application threads were stopped: 0.0038600 seconds, Stopping threads took: 0.0015610 seconds
244.980: Application time: 0.0805930 seconds
244.982: [GC [PSYoungGen: 90720K->5936K(97280K)] 107497K->22721K(319488K), 0.0017160 secs] [Times: user=0.01 sys=0.00, real=0.00 secs] 
244.984: Total time for which application threads were stopped: 0.0041100 seconds, Stopping threads took: 0.0023150 seconds
245.064: Application time: 0.0798010 seconds
245.066: [GC [PSYoungGen: 89392K->6544K(97280K)] 106177K->23337K(319488K), 0.0018670 secs] [Times: user=0.01 sys=0.00, real=0.00 secs] 
245.068: Total time for which application threads were stopped: 0.0044340 seconds, Stopping threads took: 0.0024800 seconds
245.151: Application time: 0.0825530 seconds
245.153: [GC [PSYoungGen: 90000K->6720K(97280K)] 106793K->23513K(319488K), 0.0020630 secs] [Times: user=0.02 sys=0.00, real=0.00 secs] 
245.155: Total time for which application threads were stopped: 0.0047990 seconds, Stopping threads took: 0.0026480 seconds
245.234: Application time: 0.0788100 seconds
245.237: [GC [PSYoungGen: 90176K->6656K(97280K)] 106969K->23449K(319488K), 0.0019250 secs] [Times: user=0.02 sys=0.00, real=0.00 secs] 
245.239: Total time for which application threads were stopped: 0.0049850 seconds, Stopping threads took: 0.0029680 seconds
245.319: Application time: 0.0801740 seconds
245.322: [GC [PSYoungGen: 90112K->8144K(97280K)] 106905K->24961K(319488K), 0.0024110 secs] [Times: user=0.02 sys=0.00, real=0.00 secs] 
245.324: Total time for which application threads were stopped: 0.0045640 seconds, Stopping threads took: 0.0020650 seconds
245.405: Application time: 0.0807290 seconds
245.408: [GC [PSYoungGen: 91600K->6800K(97280K)] 108417K->23625K(319488K), 0.0019550 secs] [Times: user=0.01 sys=0.00, real=0.00 secs] 
245.410: Total time for which application threads were stopped: 0.0049420 seconds, Stopping threads took: 0.0029060 seconds
245.491: Application time: 0.0812780 seconds
245.494: [GC [PSYoungGen: 90256K->6848K(97280K)] 107081K->23681K(319488K), 0.0019650 secs] [Times: user=0.02 sys=0.00, real=0.00 secs] 
245.496: Total time for which application threads were stopped: 0.0047910 seconds, Stopping threads took: 0.0027460 seconds
245.577: Application time: 0.0812230 seconds
245.579: [GC [PSYoungGen: 90304K->6112K(97280K)] 107137K->22953K(319488K), 0.0018730 secs] [Times: user=0.02 sys=0.00, real=0.00 secs] 
245.581: Total time for which application threads were stopped: 0.0038470 seconds, Stopping threads took: 0.0018860 seconds
245.663: Application time: 0.0821210 seconds
245.665: [GC [PSYoungGen: 89568K->6640K(97280K)] 106409K->23481K(319488K), 0.0019770 secs] [Times: user=0.01 sys=0.00, real=0.00 secs] 
245.667: Total time for which application threads were stopped: 0.0043780 seconds, Stopping threads took: 0.0023100 seconds
245.747: Application time: 0.0798250 seconds
245.749: [GC [PSYoungGen: 90096K->7296K(97280K)] 106937K->24137K(319488K), 0.0021110 secs] [Times: user=0.02 sys=0.00, real=0.00 secs] 
245.751: Total time for which application threads were stopped: 0.0039800 seconds, Stopping threads took: 0.0017900 seconds
245.833: Application time: 0.0821770 seconds
245.836: [GC [PSYoungGen: 90752K->6176K(97280K)] 107593K->23025K(319488K), 0.0018010 secs] [Times: user=0.01 sys=0.00, real=0.01 secs] 
245.838: Total time for which application threads were stopped: 0.0046290 seconds, Stopping threads took: 0.0027430 seconds
245.916: Application time: 0.0784730 seconds
245.918: [GC [PSYoungGen: 89632K->6832K(97280K)] 106481K->23689K(319488K), 0.0020100 secs] [Times: user=0.01 sys=0.00, real=0.00 secs] 
245.920: Total time for which application threads were stopped: 0.0035060 seconds, Stopping threads took: 0.0014110 seconds
245.998: Application time: 0.0777130 seconds
246.000: [GC [PSYoungGen: 90288K->8064K(97280K)] 107145K->24929K(319488K), 0.0023380 secs] [Times: user=0.02 sys=0.00, real=0.00 secs] 
246.003: Total time for which application threads were stopped: 0.0051610 seconds, Stopping threads took: 0.0027350 seconds
246.083: Application time: 0.0797270 seconds
246.085: [GC [PSYoungGen: 91520K->6576K(97280K)] 108385K->23449K(319488K), 0.0018660 secs] [Times: user=0.01 sys=0.00, real=0.01 secs] 
246.087: Total time for which application threads were stopped: 0.0041410 seconds, Stopping threads took: 0.0021890 seconds
246.171: Application time: 0.0842850 seconds
246.174: [GC [PSYoungGen: 90032K->6944K(97280K)] 106905K->23817K(319488K), 0.0021320 secs] [Times: user=0.01 sys=0.00, real=0.00 secs] 
246.176: Total time for which application threads were stopped: 0.0049480 seconds, Stopping threads took: 0.0027160 seconds
246.254: Application time: 0.0780610 seconds
246.256: [GC [PSYoungGen: 90400K->8384K(97280K)] 107273K->25257K(319488K), 0.0024960 secs] [Times: user=0.02 sys=0.00, real=0.01 secs] 
246.259: Total time for which application threads were stopped: 0.0050020 seconds, Stopping threads took: 0.0024210 seconds
246.341: Application time: 0.0820020 seconds
246.343: [GC [PSYoungGen: 91840K->7600K(97280K)] 108713K->24473K(319488K), 0.0023750 secs] [Times: user=0.01 sys=0.00, real=0.01 secs] 
246.346: Total time for which application threads were stopped: 0.0047540 seconds, Stopping threads took: 0.0022920 seconds
246.424: Application time: 0.0780440 seconds
246.427: [GC [PSYoungGen: 91056K->8048K(97280K)] 107929K->24929K(319488K), 0.0021900 secs] [Times: user=0.02 sys=0.00, real=0.00 secs] 
246.429: Total time for which application threads were stopped: 0.0055720 seconds, Stopping threads took: 0.0033020 seconds
246.512: Application time: 0.0825760 seconds
246.514: [GC [PSYoungGen: 91504K->6688K(97280K)] 108385K->23577K(319488K), 0.0020520 secs] [Times: user=0.01 sys=0.00, real=0.00 secs] 
246.516: Total time for which application threads were stopped: 0.0042910 seconds, Stopping threads took: 0.0021500 seconds
246.594: Application time: 0.0780540 seconds
246.597: [GC [PSYoungGen: 90144K->6528K(97280K)] 107033K->23425K(319488K), 0.0019400 secs] [Times: user=0.01 sys=0.00, real=0.01 secs] 
246.599: Total time for which application threads were stopped: 0.0043600 seconds, Stopping threads took: 0.0023280 seconds
246.677: Application time: 0.0785930 seconds
246.679: [GC [PSYoungGen: 89984K->6400K(97280K)] 106881K->23305K(319488K), 0.0018970 secs] [Times: user=0.01 sys=0.00, real=0.00 secs] 
246.681: Total time for which application threads were stopped: 0.0038760 seconds, Stopping threads took: 0.0018950 seconds
246.758: Application time: 0.0768420 seconds
246.760: [GC [PSYoungGen: 89856K->7392K(97280K)] 106761K->24297K(319488K), 0.0021720 secs] [Times: user=0.02 sys=0.00, real=0.00 secs] 
246.762: Total time for which application threads were stopped: 0.0041090 seconds, Stopping threads took: 0.0018540 seconds
246.841: Application time: 0.0791110 seconds
246.843: [GC [PSYoungGen: 90848K->7504K(97280K)] 107753K->24409K(319488K), 0.0022230 secs] [Times: user=0.01 sys=0.00, real=0.01 secs] 
246.846: Total time for which application threads were stopped: 0.0045010 seconds, Stopping threads took: 0.0021940 seconds
246.926: Application time: 0.0805980 seconds
246.929: [GC [PSYoungGen: 90960K->7856K(97280K)] 107865K->24769K(319488K), 0.0022550 secs] [Times: user=0.01 sys=0.00, real=0.00 secs] 
246.931: Total time for which application threads were stopped: 0.0044980 seconds, Stopping threads took: 0.0021560 seconds
247.008: Application time: 0.0768870 seconds
247.010: [GC [PSYoungGen: 91311K->7120K(97280K)] 108225K->24041K(319488K), 0.0021060 secs] [Times: user=0.01 sys=0.00, real=0.00 secs] 
247.012: Total time for which application threads were stopped: 0.0047140 seconds, Stopping threads took: 0.0025230 seconds
247.091: Application time: 0.0784860 seconds
247.094: [GC [PSYoungGen: 90576K->6928K(97280K)] 107497K->23865K(319488K), 0.0023170 secs] [Times: user=0.01 sys=0.00, real=0.00 secs] 
247.096: Total time for which application threads were stopped: 0.0051780 seconds, Stopping threads took: 0.0027560 seconds
247.175: Application time: 0.0791730 seconds
247.177: [GC [PSYoungGen: 90384K->6736K(97280K)] 107321K->23697K(319488K), 0.0023220 secs] [Times: user=0.01 sys=0.00, real=0.00 secs] 
247.179: Total time for which application threads were stopped: 0.0041840 seconds, Stopping threads took: 0.0017590 seconds
247.258: Application time: 0.0787560 seconds
247.260: [GC [PSYoungGen: 90190K->7392K(97280K)] 107152K->24353K(319488K), 0.0022060 secs] [Times: user=0.02 sys=0.00, real=0.00 secs] 
247.262: Total time for which application threads were stopped: 0.0040160 seconds, Stopping threads took: 0.0017260 seconds
247.347: Application time: 0.0842910 seconds
247.350: [GC [PSYoungGen: 90848K->6080K(97280K)] 107809K->23041K(319488K), 0.0017960 secs] [Times: user=0.01 sys=0.00, real=0.00 secs] 
247.352: Total time for which application threads were stopped: 0.0052480 seconds, Stopping threads took: 0.0033730 seconds
247.435: Application time: 0.0828060 seconds
247.438: [GC [PSYoungGen: 89536K->6976K(97280K)] 106497K->23945K(319488K), 0.0019300 secs] [Times: user=0.01 sys=0.00, real=0.00 secs] 
247.440: Total time for which application threads were stopped: 0.0051640 seconds, Stopping threads took: 0.0031250 seconds
247.522: Application time: 0.0820000 seconds
247.524: [GC [PSYoungGen: 90432K->7360K(97280K)] 107401K->24337K(319488K), 0.0023870 secs] [Times: user=0.02 sys=0.00, real=0.01 secs] 
247.526: Total time for which application threads were stopped: 0.0042500 seconds, Stopping threads took: 0.0017760 seconds
247.607: Application time: 0.0810820 seconds
247.609: [GC [PSYoungGen: 90816K->6928K(97280K)] 107793K->23913K(319488K), 0.0021840 secs] [Times: user=0.01 sys=0.00, real=0.00 secs] 
247.611: Total time for which application threads were stopped: 0.0040800 seconds, Stopping threads took: 0.0018190 seconds
247.693: Application time: 0.0819850 seconds
247.694: [GC [PSYoungGen: 90384K->6512K(97280K)] 107369K->23505K(319488K), 0.0019360 secs] [Times: user=0.01 sys=0.00, real=0.00 secs] 
247.696: Total time for which application threads were stopped: 0.0031550 seconds, Stopping threads took: 0.0011270 seconds
247.776: Application time: 0.0792130 seconds
247.779: [GC [PSYoungGen: 89968K->7792K(97280K)] 106961K->24785K(319488K), 0.0021250 secs] [Times: user=0.02 sys=0.00, real=0.00 secs] 
247.781: Total time for which application threads were stopped: 0.0051360 seconds, Stopping threads took: 0.0029270 seconds
247.860: Application time: 0.0797960 seconds
247.863: [GC [PSYoungGen: 91248K->8288K(97280K)] 108241K->25281K(319488K), 0.0024800 secs] [Times: user=0.01 sys=0.00, real=0.01 secs] 
247.865: Total time for which application threads were stopped: 0.0049960 seconds, Stopping threads took: 0.0024200 seconds
247.946: Application time: 0.0802480 seconds
247.948: [GC [PSYoungGen: 91744K->7456K(97280K)] 108737K->24457K(319488K), 0.0021640 secs] [Times: user=0.02 sys=0.00, real=0.00 secs] 
247.950: Total time for which application threads were stopped: 0.0043130 seconds, Stopping threads took: 0.0020660 seconds
248.033: Application time: 0.0827100 seconds
248.036: [GC [PSYoungGen: 90912K->6944K(97280K)] 107913K->23945K(319488K), 0.0020530 secs] [Times: user=0.02 sys=0.00, real=0.01 secs] 
248.038: Total time for which application threads were stopped: 0.0051850 seconds, Stopping threads took: 0.0030440 seconds
248.117: Application time: 0.0786540 seconds
248.120: [GC [PSYoungGen: 90400K->7648K(97280K)] 107401K->24657K(319488K), 0.0022820 secs] [Times: user=0.01 sys=0.00, real=0.00 secs] 
248.122: Total time for which application threads were stopped: 0.0054770 seconds, Stopping threads took: 0.0031130 seconds
248.203: Application time: 0.0812170 seconds
248.206: [GC [PSYoungGen: 91104K->6256K(97280K)] 108113K->23273K(319488K), 0.0018510 secs] [Times: user=0.02 sys=0.00, real=0.00 secs] 
248.208: Total time for which application threads were stopped: 0.0045040 seconds, Stopping threads took: 0.0025650 seconds
248.286: Application time: 0.0785550 seconds
248.289: [GC [PSYoungGen: 89712K->6624K(97280K)] 106729K->23641K(319488K), 0.0019990 secs] [Times: user=0.01 sys=0.00, real=0.00 secs] 
248.291: Total time for which application threads were stopped: 0.0043320 seconds, Stopping threads took: 0.0022240 seconds
248.371: Application time: 0.0798610 seconds
248.373: [GC [PSYoungGen: 90080K->7488K(97280K)] 107097K->24505K(319488K), 0.0021660 secs] [Times: user=0.01 sys=0.00, real=0.00 secs] 
248.375: Total time for which application threads were stopped: 0.0043520 seconds, Stopping threads took: 0.0021010 seconds
248.452: Application time: 0.0769630 seconds
248.455: [GC [PSYoungGen: 90944K->7424K(97280K)] 107961K->24441K(319488K), 0.0020690 secs] [Times: user=0.01 sys=0.00, real=0.00 secs] 
248.457: Total time for which application threads were stopped: 0.0049240 seconds, Stopping threads took: 0.0027730 seconds
248.539: Application time: 0.0821040 seconds
248.542: [GC [PSYoungGen: 90880K->6960K(97280K)] 107897K->23985K(319488K), 0.0019940 secs] [Times: user=0.01 sys=0.00, real=0.00 secs] 
248.544: Total time for which application threads were stopped: 0.0053450 seconds, Stopping threads took: 0.0032650 seconds
248.623: Application time: 0.0784750 seconds
248.625: [GC [PSYoungGen: 90416K->5536K(97280K)] 107441K->22569K(319488K), 0.0016410 secs] [Times: user=0.01 sys=0.00, real=0.00 secs] 
248.627: Total time for which application threads were stopped: 0.0040920 seconds, Stopping threads took: 0.0023740 seconds
248.707: Application time: 0.0801450 seconds
248.709: [GC [PSYoungGen: 88992K->7232K(97280K)] 106025K->24273K(319488K), 0.0021140 secs] [Times: user=0.01 sys=0.00, real=0.00 secs] 
248.711: Total time for which application threads were stopped: 0.0039830 seconds, Stopping threads took: 0.0017760 seconds
248.789: Application time: 0.0776930 seconds
248.790: [GC [PSYoungGen: 90688K->6976K(97280K)] 107729K->24017K(319488K), 0.0020720 secs] [Times: user=0.01 sys=0.00, real=0.00 secs] 
248.793: Total time for which application threads were stopped: 0.0039500 seconds, Stopping threads took: 0.0017930 seconds
248.868: Application time: 0.0751940 seconds
248.871: [GC [PSYoungGen: 90432K->7568K(97280K)] 107473K->24609K(319488K), 0.0021660 secs] [Times: user=0.02 sys=0.00, real=0.00 secs] 
248.873: Total time for which application threads were stopped: 0.0050170 seconds, Stopping threads took: 0.0027650 seconds
248.947: Application time: 0.0744000 seconds
248.950: [GC [PSYoungGen: 91024K->7648K(97280K)] 108065K->24689K(319488K), 0.0022010 secs] [Times: user=0.02 sys=0.00, real=0.00 secs] 
248.952: Total time for which application threads were stopped: 0.0051820 seconds, Stopping threads took: 0.0029000 seconds
249.031: Application time: 0.0784480 seconds
249.033: [GC [PSYoungGen: 91104K->6528K(97280K)] 108145K->23577K(319488K), 0.0019700 secs] [Times: user=0.02 sys=0.00, real=0.00 secs] 
249.036: Total time for which application threads were stopped: 0.0046590 seconds, Stopping threads took: 0.0026030 seconds
249.108: Application time: 0.0720160 seconds
249.110: [GC [PSYoungGen: 89984K->8336K(97280K)] 107033K->25393K(319488K), 0.0024260 secs] [Times: user=0.02 sys=0.00, real=0.00 secs] 
249.112: Total time for which application threads were stopped: 0.0045290 seconds, Stopping threads took: 0.0020180 seconds
249.186: Application time: 0.0736460 seconds
249.188: [GC [PSYoungGen: 91792K->7984K(97280K)] 108849K->25049K(319488K), 0.0024010 secs] [Times: user=0.02 sys=0.00, real=0.00 secs] 
249.191: Total time for which application threads were stopped: 0.0049390 seconds, Stopping threads took: 0.0024270 seconds
249.263: Application time: 0.0727710 seconds
249.265: [GC [PSYoungGen: 91440K->7472K(97280K)] 108505K->24545K(319488K), 0.0020600 secs] [Times: user=0.01 sys=0.00, real=0.01 secs] 
249.267: Total time for which application threads were stopped: 0.0036280 seconds, Stopping threads took: 0.0014780 seconds
249.344: Application time: 0.0765910 seconds
249.346: [GC [PSYoungGen: 90928K->7120K(97280K)] 108001K->24193K(319488K), 0.0021040 secs] [Times: user=0.02 sys=0.00, real=0.00 secs] 
249.348: Total time for which application threads were stopped: 0.0046810 seconds, Stopping threads took: 0.0024890 seconds
249.421: Application time: 0.0728680 seconds
249.423: [GC [PSYoungGen: 90576K->7296K(97280K)] 107649K->24369K(319488K), 0.0020990 secs] [Times: user=0.01 sys=0.00, real=0.01 secs] 
249.425: Total time for which application threads were stopped: 0.0040770 seconds, Stopping threads took: 0.0018900 seconds
249.501: Application time: 0.0760030 seconds
249.503: [GC [PSYoungGen: 90752K->6080K(97280K)] 107825K->23161K(319488K), 0.0017860 secs] [Times: user=0.01 sys=0.00, real=0.00 secs] 
249.505: Total time for which application threads were stopped: 0.0036800 seconds, Stopping threads took: 0.0018140 seconds
249.580: Application time: 0.0751180 seconds
249.582: [GC [PSYoungGen: 89536K->6576K(97280K)] 106617K->23665K(319488K), 0.0017930 secs] [Times: user=0.01 sys=0.00, real=0.00 secs] 
249.584: Total time for which application threads were stopped: 0.0034960 seconds, Stopping threads took: 0.0016290 seconds
249.660: Application time: 0.0761720 seconds
249.662: [GC [PSYoungGen: 90032K->8192K(97280K)] 107121K->25289K(319488K), 0.0023650 secs] [Times: user=0.01 sys=0.00, real=0.00 secs] 
249.664: Total time for which application threads were stopped: 0.0045310 seconds, Stopping threads took: 0.0020810 seconds
249.740: Application time: 0.0758520 seconds
249.742: [GC [PSYoungGen: 91648K->6848K(97280K)] 108745K->23953K(319488K), 0.0019910 secs] [Times: user=0.02 sys=0.00, real=0.00 secs] 
249.744: Total time for which application threads were stopped: 0.0039930 seconds, Stopping threads took: 0.0019240 seconds
249.820: Application time: 0.0757010 seconds
249.822: [GC [PSYoungGen: 90304K->8192K(97280K)] 107409K->25297K(319488K), 0.0023800 secs] [Times: user=0.02 sys=0.00, real=0.00 secs] 
249.824: Total time for which application threads were stopped: 0.0045490 seconds, Stopping threads took: 0.0020570 seconds
249.897: Application time: 0.0728140 seconds
249.900: [GC [PSYoungGen: 91648K->6480K(97280K)] 108753K->23585K(319488K), 0.0018860 secs] [Times: user=0.01 sys=0.00, real=0.00 secs] 
249.901: Total time for which application threads were stopped: 0.0042790 seconds, Stopping threads took: 0.0023150 seconds
249.979: Application time: 0.0770910 seconds
249.981: [GC [PSYoungGen: 89936K->6672K(97280K)] 107041K->23785K(319488K), 0.0019460 secs] [Times: user=0.02 sys=0.00, real=0.00 secs] 
249.983: Total time for which application threads were stopped: 0.0039760 seconds, Stopping threads took: 0.0019470 seconds
250.057: Application time: 0.0740130 seconds
250.058: [GC [PSYoungGen: 90128K->7712K(97280K)] 107241K->24833K(319488K), 0.0022300 secs] [Times: user=0.02 sys=0.00, real=0.00 secs] 
250.060: Total time for which application threads were stopped: 0.0037150 seconds, Stopping threads took: 0.0014030 seconds
250.135: Application time: 0.0747720 seconds
250.137: [GC [PSYoungGen: 91168K->7856K(97280K)] 108289K->25001K(319488K), 0.0022970 secs] [Times: user=0.02 sys=0.00, real=0.01 secs] 
250.139: Total time for which application threads were stopped: 0.0038700 seconds, Stopping threads took: 0.0014870 seconds
250.212: Application time: 0.0732090 seconds
250.215: [GC [PSYoungGen: 91312K->7408K(97280K)] 108457K->24561K(319488K), 0.0020150 secs] [Times: user=0.02 sys=0.00, real=0.01 secs] 
250.217: Total time for which application threads were stopped: 0.0049920 seconds, Stopping threads took: 0.0028980 seconds
250.296: Application time: 0.0790150 seconds
250.299: [GC [PSYoungGen: 90864K->6784K(97280K)] 108017K->23937K(319488K), 0.0018670 secs] [Times: user=0.02 sys=0.00, real=0.00 secs] 
250.300: Total time for which application threads were stopped: 0.0042980 seconds, Stopping threads took: 0.0023530 seconds
250.379: Application time: 0.0786640 seconds
250.382: [GC [PSYoungGen: 90240K->7904K(97280K)] 107393K->25057K(319488K), 0.0022790 secs] [Times: user=0.01 sys=0.00, real=0.00 secs] 
250.384: Total time for which application threads were stopped: 0.0050720 seconds, Stopping threads took: 0.0026980 seconds
250.457: Application time: 0.0730040 seconds
250.459: [GC [PSYoungGen: 91360K->6208K(97280K)] 108513K->23369K(319488K), 0.0022290 secs] [Times: user=0.01 sys=0.01, real=0.00 secs] 
250.461: Total time for which application threads were stopped: 0.0041080 seconds, Stopping threads took: 0.0017770 seconds
250.535: Application time: 0.0734550 seconds
250.536: [GC [PSYoungGen: 89664K->6896K(97280K)] 106825K->24065K(319488K), 0.0020220 secs] [Times: user=0.02 sys=0.00, real=0.01 secs] 
250.538: Total time for which application threads were stopped: 0.0035410 seconds, Stopping threads took: 0.0014370 seconds
250.615: Application time: 0.0771710 seconds
250.618: [GC [PSYoungGen: 90352K->6576K(97280K)] 107521K->23753K(319488K), 0.0019840 secs] [Times: user=0.01 sys=0.00, real=0.00 secs] 
250.620: Total time for which application threads were stopped: 0.0041410 seconds, Stopping threads took: 0.0020730 seconds
250.694: Application time: 0.0740540 seconds
250.696: [GC [PSYoungGen: 90032K->7008K(97280K)] 107209K->24193K(319488K), 0.0020010 secs] [Times: user=0.01 sys=0.00, real=0.01 secs] 
250.698: Total time for which application threads were stopped: 0.0046240 seconds, Stopping threads took: 0.0025410 seconds
250.772: Application time: 0.0739030 seconds
250.774: [GC [PSYoungGen: 90464K->8368K(97280K)] 107649K->25553K(319488K), 0.0024140 secs] [Times: user=0.02 sys=0.00, real=0.00 secs] 
250.777: Total time for which application threads were stopped: 0.0047210 seconds, Stopping threads took: 0.0022120 seconds
250.851: Application time: 0.0737150 seconds
250.853: [GC [PSYoungGen: 91824K->7840K(97280K)] 109009K->25025K(319488K), 0.0024120 secs] [Times: user=0.01 sys=0.00, real=0.00 secs] 
250.855: Total time for which application threads were stopped: 0.0043690 seconds, Stopping threads took: 0.0018660 seconds
250.929: Application time: 0.0738070 seconds
250.931: [GC [PSYoungGen: 91296K->6192K(97280K)] 108481K->23377K(319488K), 0.0017990 secs] [Times: user=0.01 sys=0.00, real=0.00 secs] 
250.933: Total time for which application threads were stopped: 0.0037330 seconds, Stopping threads took: 0.0018390 seconds
251.006: Application time: 0.0731050 seconds
251.007: [GC [PSYoungGen: 89648K->6560K(97280K)] 106833K->23753K(319488K), 0.0020960 secs] [Times: user=0.01 sys=0.00, real=0.00 secs] 
251.010: Total time for which application threads were stopped: 0.0039560 seconds, Stopping threads took: 0.0017600 seconds
251.086: Application time: 0.0765120 seconds
251.088: [GC [PSYoungGen: 90016K->6960K(97280K)] 107209K->24161K(319488K), 0.0019890 secs] [Times: user=0.01 sys=0.00, real=0.00 secs] 
251.090: Total time for which application threads were stopped: 0.0039690 seconds, Stopping threads took: 0.0018960 seconds
251.164: Application time: 0.0735400 seconds
251.166: [GC [PSYoungGen: 90416K->6496K(97280K)] 107617K->23705K(319488K), 0.0018760 secs] [Times: user=0.01 sys=0.00, real=0.00 secs] 
251.168: Total time for which application threads were stopped: 0.0043640 seconds, Stopping threads took: 0.0024070 seconds
251.246: Application time: 0.0780860 seconds
251.248: [GC [PSYoungGen: 89952K->6912K(97280K)] 107161K->24121K(319488K), 0.0020670 secs] [Times: user=0.01 sys=0.00, real=0.00 secs] 
251.250: Total time for which application threads were stopped: 0.0039120 seconds, Stopping threads took: 0.0017630 seconds
251.324: Application time: 0.0736360 seconds
251.326: [GC [PSYoungGen: 90368K->6640K(97280K)] 107577K->23849K(319488K), 0.0018530 secs] [Times: user=0.01 sys=0.00, real=0.00 secs] 
251.328: Total time for which application threads were stopped: 0.0039490 seconds, Stopping threads took: 0.0020240 seconds
251.405: Application time: 0.0771410 seconds
251.408: [GC [PSYoungGen: 90096K->6320K(97280K)] 107305K->23529K(319488K), 0.0019120 secs] [Times: user=0.00 sys=0.00, real=0.00 secs] 
251.410: Total time for which application threads were stopped: 0.0049820 seconds, Stopping threads took: 0.0029950 seconds
251.484: Application time: 0.0747030 seconds
251.486: [GC [PSYoungGen: 89776K->5504K(97280K)] 106985K->22721K(319488K), 0.0016920 secs] [Times: user=0.01 sys=0.00, real=0.00 secs] 
251.488: Total time for which application threads were stopped: 0.0033700 seconds, Stopping threads took: 0.0015860 seconds
251.566: Application time: 0.0782700 seconds
251.568: [GC [PSYoungGen: 88960K->5904K(97280K)] 106177K->23129K(319488K), 0.0018210 secs] [Times: user=0.01 sys=0.00, real=0.00 secs] 
251.570: Total time for which application threads were stopped: 0.0034900 seconds, Stopping threads took: 0.0015880 seconds
251.643: Application time: 0.0738280 seconds
251.646: [GC [PSYoungGen: 89360K->6560K(97280K)] 106585K->23793K(319488K), 0.0019490 secs] [Times: user=0.01 sys=0.00, real=0.00 secs] 
251.648: Total time for which application threads were stopped: 0.0048550 seconds, Stopping threads took: 0.0028240 seconds
251.725: Application time: 0.0769780 seconds
251.727: [GC [PSYoungGen: 90016K->5184K(97280K)] 107249K->22425K(319488K), 0.0015420 secs] [Times: user=0.01 sys=0.00, real=0.00 secs] 
251.728: Total time for which application threads were stopped: 0.0030650 seconds, Stopping threads took: 0.0014510 seconds
251.802: Application time: 0.0741260 seconds
251.805: [GC [PSYoungGen: 88640K->6736K(97280K)] 105881K->23977K(319488K), 0.0019610 secs] [Times: user=0.01 sys=0.00, real=0.00 secs] 
251.807: Total time for which application threads were stopped: 0.0048870 seconds, Stopping threads took: 0.0028460 seconds
251.882: Application time: 0.0749790 seconds
251.885: [GC [PSYoungGen: 90192K->7104K(97280K)] 107433K->24345K(319488K), 0.0020740 secs] [Times: user=0.01 sys=0.00, real=0.01 secs] 
251.887: Total time for which application threads were stopped: 0.0047420 seconds, Stopping threads took: 0.0025860 seconds
251.962: Application time: 0.0753470 seconds
251.965: [GC [PSYoungGen: 90560K->7168K(97280K)] 107801K->24417K(319488K), 0.0020750 secs] [Times: user=0.01 sys=0.00, real=0.00 secs] 
251.967: Total time for which application threads were stopped: 0.0049310 seconds, Stopping threads took: 0.0027780 seconds
252.046: Application time: 0.0785480 seconds
252.048: [GC [PSYoungGen: 90624K->5616K(97280K)] 107873K->22873K(319488K), 0.0016980 secs] [Times: user=0.01 sys=0.00, real=0.00 secs] 
252.049: Total time for which application threads were stopped: 0.0033720 seconds, Stopping threads took: 0.0015860 seconds
252.123: Application time: 0.0740340 seconds
252.125: [GC [PSYoungGen: 89072K->7040K(97280K)] 106329K->24305K(319488K), 0.0020240 secs] [Times: user=0.01 sys=0.00, real=0.01 secs] 
252.127: Total time for which application threads were stopped: 0.0037950 seconds, Stopping threads took: 0.0016900 seconds
252.199: Application time: 0.0717520 seconds
252.201: [GC [PSYoungGen: 90496K->7680K(97280K)] 107761K->24953K(319488K), 0.0022730 secs] [Times: user=0.02 sys=0.00, real=0.00 secs] 
252.203: Total time for which application threads were stopped: 0.0045850 seconds, Stopping threads took: 0.0022230 seconds
252.278: Application time: 0.0749480 seconds
252.280: [GC [PSYoungGen: 91136K->7136K(97280K)] 108409K->24409K(319488K), 0.0020890 secs] [Times: user=0.02 sys=0.00, real=0.00 secs] 
252.282: Total time for which application threads were stopped: 0.0039870 seconds, Stopping threads took: 0.0018120 seconds
252.359: Application time: 0.0764570 seconds
252.361: [GC [PSYoungGen: 90592K->6832K(97280K)] 107865K->24105K(319488K), 0.0020070 secs] [Times: user=0.01 sys=0.00, real=0.00 secs] 
252.363: Total time for which application threads were stopped: 0.0042010 seconds, Stopping threads took: 0.0021110 seconds
252.436: Application time: 0.0734320 seconds
252.438: [GC [PSYoungGen: 90288K->6944K(97280K)] 107561K->24225K(319488K), 0.0020690 secs] [Times: user=0.02 sys=0.00, real=0.00 secs] 
252.440: Total time for which application threads were stopped: 0.0036980 seconds, Stopping threads took: 0.0015400 seconds
252.517: Application time: 0.0764280 seconds
252.518: [GC [PSYoungGen: 90400K->6928K(97280K)] 107681K->24217K(319488K), 0.0019910 secs] [Times: user=0.02 sys=0.01, real=0.00 secs] 
252.520: Total time for which application threads were stopped: 0.0038560 seconds, Stopping threads took: 0.0017820 seconds
252.595: Application time: 0.0750020 seconds
252.597: [GC [PSYoungGen: 90384K->6592K(97280K)] 107673K->23889K(319488K), 0.0019240 secs] [Times: user=0.01 sys=0.00, real=0.01 secs] 
252.599: Total time for which application threads were stopped: 0.0035550 seconds, Stopping threads took: 0.0015500 seconds
252.672: Application time: 0.0725060 seconds
252.674: [GC [PSYoungGen: 90048K->7616K(97280K)] 107345K->24921K(319488K), 0.0021800 secs] [Times: user=0.02 sys=0.00, real=0.00 secs] 
252.676: Total time for which application threads were stopped: 0.0043840 seconds, Stopping threads took: 0.0021190 seconds
252.749: Application time: 0.0731420 seconds
252.752: [GC [PSYoungGen: 91072K->7296K(97280K)] 108377K->24601K(319488K), 0.0020500 secs] [Times: user=0.01 sys=0.00, real=0.00 secs] 
252.754: Total time for which application threads were stopped: 0.0049460 seconds, Stopping threads took: 0.0028120 seconds
252.832: Application time: 0.0783750 seconds
252.834: [GC [PSYoungGen: 90752K->5648K(97280K)] 108057K->22953K(319488K), 0.0017230 secs] [Times: user=0.01 sys=0.00, real=0.00 secs] 
252.836: Total time for which application threads were stopped: 0.0034690 seconds, Stopping threads took: 0.0016670 seconds
252.916: Application time: 0.0798780 seconds
252.918: [GC [PSYoungGen: 89104K->4448K(97280K)] 106409K->21761K(319488K), 0.0014180 secs] [Times: user=0.01 sys=0.00, real=0.00 secs] 
252.919: Total time for which application threads were stopped: 0.0035220 seconds, Stopping threads took: 0.0020270 seconds
252.998: Application time: 0.0788680 seconds
253.000: [GC [PSYoungGen: 87904K->6672K(97280K)] 105217K->23993K(319488K), 0.0019770 secs] [Times: user=0.01 sys=0.00, real=0.00 secs] 
253.003: Total time for which application threads were stopped: 0.0043710 seconds, Stopping threads took: 0.0023070 seconds
253.081: Application time: 0.0787260 seconds
253.083: [GC [PSYoungGen: 90128K->6832K(97280K)] 107449K->24193K(319488K), 0.0020350 secs] [Times: user=0.01 sys=0.00, real=0.01 secs] 
253.085: Total time for which application threads were stopped: 0.0040900 seconds, Stopping threads took: 0.0019710 seconds
253.168: Application time: 0.0824420 seconds
253.170: [GC [PSYoungGen: 90288K->7600K(97280K)] 107649K->24969K(319488K), 0.0022170 secs] [Times: user=0.02 sys=0.00, real=0.00 secs] 
253.172: Total time for which application threads were stopped: 0.0044430 seconds, Stopping threads took: 0.0021300 seconds
253.251: Application time: 0.0784700 seconds
253.252: [GC [PSYoungGen: 91056K->6656K(97280K)] 108425K->24025K(319488K), 0.0019780 secs] [Times: user=0.01 sys=0.00, real=0.00 secs] 
253.254: Total time for which application threads were stopped: 0.0035990 seconds, Stopping threads took: 0.0015400 seconds
253.332: Application time: 0.0779540 seconds
253.335: [GC [PSYoungGen: 90112K->6288K(97280K)] 107481K->23657K(319488K), 0.0018560 secs] [Times: user=0.01 sys=0.00, real=0.00 secs] 
253.337: Total time for which application threads were stopped: 0.0042590 seconds, Stopping threads took: 0.0023160 seconds
253.416: Application time: 0.0792840 seconds
253.418: [GC [PSYoungGen: 89744K->7488K(97280K)] 107113K->24857K(319488K), 0.0021320 secs] [Times: user=0.01 sys=0.00, real=0.00 secs] 
253.421: Total time for which application threads were stopped: 0.0048150 seconds, Stopping threads took: 0.0026000 seconds
253.502: Application time: 0.0816010 seconds
253.505: [GC [PSYoungGen: 90944K->7088K(97280K)] 108313K->24465K(319488K), 0.0020520 secs] [Times: user=0.02 sys=0.00, real=0.01 secs] 
253.507: Total time for which application threads were stopped: 0.0048970 seconds, Stopping threads took: 0.0027520 seconds
253.590: Application time: 0.0823900 seconds
253.592: [GC [PSYoungGen: 90544K->5568K(97280K)] 107921K->22953K(319488K), 0.0016500 secs] [Times: user=0.01 sys=0.00, real=0.00 secs] 
253.593: Total time for which application threads were stopped: 0.0037400 seconds, Stopping threads took: 0.0020130 seconds
253.676: Application time: 0.0826960 seconds
253.678: [GC [PSYoungGen: 89024K->6192K(97280K)] 106409K->23585K(319488K), 0.0017800 secs] [Times: user=0.01 sys=0.00, real=0.00 secs] 
253.680: Total time for which application threads were stopped: 0.0035610 seconds, Stopping threads took: 0.0016940 seconds
253.759: Application time: 0.0790500 seconds
253.761: [GC [PSYoungGen: 89648K->7584K(97280K)] 107041K->24977K(319488K), 0.0021580 secs] [Times: user=0.01 sys=0.00, real=0.00 secs] 
253.763: Total time for which application threads were stopped: 0.0046380 seconds, Stopping threads took: 0.0023930 seconds
253.844: Application time: 0.0808180 seconds
253.846: [GC [PSYoungGen: 91040K->7776K(97280K)] 108433K->25169K(319488K), 0.0023740 secs] [Times: user=0.02 sys=0.00, real=0.00 secs] 
253.849: Total time for which application threads were stopped: 0.0046990 seconds, Stopping threads took: 0.0022270 seconds
253.926: Application time: 0.0771790 seconds
253.928: [GC [PSYoungGen: 91232K->7776K(97280K)] 108625K->25169K(319488K), 0.0023070 secs] [Times: user=0.02 sys=0.00, real=0.00 secs] 
253.930: Total time for which application threads were stopped: 0.0040540 seconds, Stopping threads took: 0.0016710 seconds
254.011: Application time: 0.0814300 seconds
254.015: [GC [PSYoungGen: 91232K->6320K(97280K)] 108625K->23721K(319488K), 0.0018870 secs] [Times: user=0.01 sys=0.00, real=0.00 secs] 
254.016: Total time for which application threads were stopped: 0.0050450 seconds, Stopping threads took: 0.0030740 seconds
254.095: Application time: 0.0781550 seconds
254.097: [GC [PSYoungGen: 89776K->7024K(97280K)] 107177K->24433K(319488K), 0.0019290 secs] [Times: user=0.01 sys=0.00, real=0.00 secs] 
254.099: Total time for which application threads were stopped: 0.0047850 seconds, Stopping threads took: 0.0027800 seconds
254.180: Application time: 0.0805720 seconds
254.182: [GC [PSYoungGen: 90480K->6704K(97280K)] 107889K->24121K(319488K), 0.0019710 secs] [Times: user=0.02 sys=0.00, real=0.00 secs] 
254.184: Total time for which application threads were stopped: 0.0043650 seconds, Stopping threads took: 0.0023000 seconds
254.262: Application time: 0.0772730 seconds
254.263: [GC [PSYoungGen: 90160K->6256K(97280K)] 107577K->23673K(319488K), 0.0018860 secs] [Times: user=0.01 sys=0.00, real=0.01 secs] 
254.265: Total time for which application threads were stopped: 0.0036060 seconds, Stopping threads took: 0.0016270 seconds
254.347: Application time: 0.0813550 seconds
254.349: [GC [PSYoungGen: 89712K->6128K(97280K)] 107129K->23545K(319488K), 0.0018560 secs] [Times: user=0.01 sys=0.01, real=0.00 secs] 
254.351: Total time for which application threads were stopped: 0.0042340 seconds, Stopping threads took: 0.0022890 seconds
254.428: Application time: 0.0769930 seconds
254.430: [GC [PSYoungGen: 89584K->6752K(97280K)] 107001K->24169K(319488K), 0.0020110 secs] [Times: user=0.01 sys=0.00, real=0.00 secs] 
254.432: Total time for which application threads were stopped: 0.0041590 seconds, Stopping threads took: 0.0020700 seconds
254.513: Application time: 0.0808210 seconds
254.515: [GC [PSYoungGen: 90208K->7040K(97280K)] 107625K->24481K(319488K), 0.0020730 secs] [Times: user=0.01 sys=0.00, real=0.00 secs] 
254.517: Total time for which application threads were stopped: 0.0040220 seconds, Stopping threads took: 0.0018600 seconds
254.595: Application time: 0.0784110 seconds
254.598: [GC [PSYoungGen: 90496K->6640K(97280K)] 107937K->24097K(319488K), 0.0018130 secs] [Times: user=0.02 sys=0.00, real=0.00 secs] 
254.600: Total time for which application threads were stopped: 0.0046700 seconds, Stopping threads took: 0.0027790 seconds
254.684: Application time: 0.0843330 seconds
254.687: [GC [PSYoungGen: 90096K->7264K(97280K)] 107553K->24729K(319488K), 0.0020760 secs] [Times: user=0.01 sys=0.00, real=0.00 secs] 
254.689: Total time for which application threads were stopped: 0.0048090 seconds, Stopping threads took: 0.0026370 seconds
254.768: Application time: 0.0791630 seconds
254.770: [GC [PSYoungGen: 90720K->5648K(97280K)] 108185K->23113K(319488K), 0.0016740 secs] [Times: user=0.01 sys=0.00, real=0.00 secs] 
254.772: Total time for which application threads were stopped: 0.0034190 seconds, Stopping threads took: 0.0016680 seconds
254.852: Application time: 0.0802590 seconds
254.854: [GC [PSYoungGen: 89104K->8272K(97280K)] 106569K->25737K(319488K), 0.0024130 secs] [Times: user=0.02 sys=0.00, real=0.00 secs] 
254.856: Total time for which application threads were stopped: 0.0044830 seconds, Stopping threads took: 0.0019800 seconds
254.936: Application time: 0.0795590 seconds
254.939: [GC [PSYoungGen: 91728K->7408K(97280K)] 109193K->24873K(319488K), 0.0021480 secs] [Times: user=0.01 sys=0.00, real=0.00 secs] 
254.942: Total time for which application threads were stopped: 0.0055970 seconds, Stopping threads took: 0.0033570 seconds
255.023: Application time: 0.0814720 seconds
255.025: [GC [PSYoungGen: 90864K->7072K(97280K)] 108329K->24545K(319488K), 0.0021150 secs] [Times: user=0.01 sys=0.00, real=0.00 secs] 
255.027: Total time for which application threads were stopped: 0.0044580 seconds, Stopping threads took: 0.0022540 seconds
255.107: Application time: 0.0791690 seconds
255.109: [GC [PSYoungGen: 90528K->8112K(97280K)] 108001K->25593K(319488K), 0.0023800 secs] [Times: user=0.02 sys=0.00, real=0.00 secs] 
255.111: Total time for which application threads were stopped: 0.0044850 seconds, Stopping threads took: 0.0020150 seconds
255.193: Application time: 0.0817100 seconds
255.196: [GC [PSYoungGen: 91568K->6416K(97280K)] 109049K->23905K(319488K), 0.0018910 secs] [Times: user=0.01 sys=0.00, real=0.01 secs] 
255.198: Total time for which application threads were stopped: 0.0047010 seconds, Stopping threads took: 0.0027150 seconds
255.275: Application time: 0.0771310 seconds
255.277: [GC [PSYoungGen: 89872K->7120K(97280K)] 107361K->24617K(319488K), 0.0020950 secs] [Times: user=0.01 sys=0.00, real=0.00 secs] 
255.279: Total time for which application threads were stopped: 0.0046440 seconds, Stopping threads took: 0.0024650 seconds
255.361: Application time: 0.0817840 seconds
255.362: [GC [PSYoungGen: 90576K->5648K(97280K)] 108073K->23145K(319488K), 0.0018150 secs] [Times: user=0.01 sys=0.00, real=0.00 secs] 
255.364: Total time for which application threads were stopped: 0.0027220 seconds, Stopping threads took: 0.0008280 seconds
255.447: Application time: 0.0828100 seconds
255.450: [GC [PSYoungGen: 89104K->6528K(97280K)] 106601K->24025K(319488K), 0.0019140 secs] [Times: user=0.01 sys=0.00, real=0.00 secs] 
255.452: Total time for which application threads were stopped: 0.0048500 seconds, Stopping threads took: 0.0028550 seconds
255.533: Application time: 0.0813740 seconds
255.535: [GC [PSYoungGen: 89984K->6912K(97280K)] 107481K->24417K(319488K), 0.0020280 secs] [Times: user=0.01 sys=0.00, real=0.00 secs] 
255.537: Total time for which application threads were stopped: 0.0042250 seconds, Stopping threads took: 0.0021000 seconds
255.615: Application time: 0.0780040 seconds
255.616: [GC [PSYoungGen: 90368K->7472K(97280K)] 107873K->24985K(319488K), 0.0020820 secs] [Times: user=0.02 sys=0.00, real=0.01 secs] 
255.619: Total time for which application threads were stopped: 0.0034940 seconds, Stopping threads took: 0.0013360 seconds
255.703: Application time: 0.0846630 seconds
255.706: [GC [PSYoungGen: 90928K->8112K(97280K)] 108441K->25633K(319488K), 0.0023040 secs] [Times: user=0.01 sys=0.00, real=0.00 secs] 
255.709: Total time for which application threads were stopped: 0.0055040 seconds, Stopping threads took: 0.0031040 seconds
255.787: Application time: 0.0781620 seconds
255.789: [GC [PSYoungGen: 91568K->5760K(97280K)] 109089K->23289K(319488K), 0.0016950 secs] [Times: user=0.01 sys=0.00, real=0.00 secs] 
255.791: Total time for which application threads were stopped: 0.0036050 seconds, Stopping threads took: 0.0018340 seconds
255.873: Application time: 0.0828070 seconds
255.876: [GC [PSYoungGen: 89216K->8352K(97280K)] 106745K->25881K(319488K), 0.0024450 secs] [Times: user=0.02 sys=0.00, real=0.01 secs] 
255.879: Total time for which application threads were stopped: 0.0053910 seconds, Stopping threads took: 0.0028580 seconds
255.961: Application time: 0.0817670 seconds
255.963: [GC [PSYoungGen: 91808K->7536K(97280K)] 109337K->25065K(319488K), 0.0021580 secs] [Times: user=0.01 sys=0.00, real=0.00 secs] 
255.965: Total time for which application threads were stopped: 0.0045110 seconds, Stopping threads took: 0.0022670 seconds
256.045: Application time: 0.0804600 seconds
256.048: [GC [PSYoungGen: 90992K->5792K(97280K)] 108521K->23329K(319488K), 0.0017610 secs] [Times: user=0.01 sys=0.00, real=0.00 secs] 
256.050: Total time for which application threads were stopped: 0.0045560 seconds, Stopping threads took: 0.0027120 seconds
256.130: Application time: 0.0800270 seconds
256.132: [GC [PSYoungGen: 89248K->6224K(97280K)] 106785K->23761K(319488K), 0.0017850 secs] [Times: user=0.01 sys=0.00, real=0.00 secs] 
256.134: Total time for which application threads were stopped: 0.0039900 seconds, Stopping threads took: 0.0021200 seconds
256.215: Application time: 0.0812750 seconds
256.218: [GC [PSYoungGen: 89680K->6672K(97280K)] 107217K->24217K(319488K), 0.0023880 secs] [Times: user=0.02 sys=0.00, real=0.00 secs] 
256.221: Total time for which application threads were stopped: 0.0054970 seconds, Stopping threads took: 0.0030190 seconds
256.299: Application time: 0.0784910 seconds
256.301: [GC [PSYoungGen: 90128K->7360K(97280K)] 107673K->24913K(319488K), 0.0021890 secs] [Times: user=0.01 sys=0.00, real=0.00 secs] 
256.304: Total time for which application threads were stopped: 0.0043530 seconds, Stopping threads took: 0.0020800 seconds
256.388: Application time: 0.0838450 seconds
256.390: [GC [PSYoungGen: 90816K->7664K(97280K)] 108369K->25217K(319488K), 0.0023430 secs] [Times: user=0.02 sys=0.00, real=0.00 secs] 
256.393: Total time for which application threads were stopped: 0.0053300 seconds, Stopping threads took: 0.0028840 seconds
256.470: Application time: 0.0770260 seconds
256.472: [GC [PSYoungGen: 91120K->7264K(97280K)] 108673K->24817K(319488K), 0.0021050 secs] [Times: user=0.02 sys=0.00, real=0.00 secs] 
256.474: Total time for which application threads were stopped: 0.0043220 seconds, Stopping threads took: 0.0021340 seconds
256.555: Application time: 0.0807340 seconds
256.557: [GC [PSYoungGen: 90720K->6400K(97280K)] 108273K->23953K(319488K), 0.0018580 secs] [Times: user=0.01 sys=0.00, real=0.01 secs] 
256.559: Total time for which application threads were stopped: 0.0037070 seconds, Stopping threads took: 0.0017670 seconds
256.640: Application time: 0.0809300 seconds
256.642: [GC [PSYoungGen: 89856K->6576K(97280K)] 107409K->24137K(319488K), 0.0019190 secs] [Times: user=0.01 sys=0.00, real=0.00 secs] 
256.644: Total time for which application threads were stopped: 0.0043500 seconds, Stopping threads took: 0.0023490 seconds
256.723: Application time: 0.0785390 seconds
256.725: [GC [PSYoungGen: 90032K->7120K(97280K)] 107593K->24689K(319488K), 0.0021420 secs] [Times: user=0.02 sys=0.00, real=0.00 secs] 
256.728: Total time for which application threads were stopped: 0.0050960 seconds, Stopping threads took: 0.0028600 seconds
256.804: Application time: 0.0765530 seconds
256.805: [GC [PSYoungGen: 90576K->6416K(97280K)] 108145K->23993K(319488K), 0.0018660 secs] [Times: user=0.01 sys=0.00, real=0.00 secs] 
256.807: Total time for which application threads were stopped: 0.0031240 seconds, Stopping threads took: 0.0011770 seconds
256.884: Application time: 0.0764050 seconds
256.886: [GC [PSYoungGen: 89872K->6016K(97280K)] 107449K->23593K(319488K), 0.0017440 secs] [Times: user=0.02 sys=0.00, real=0.00 secs] 
256.888: Total time for which application threads were stopped: 0.0039790 seconds, Stopping threads took: 0.0021480 seconds
256.961: Application time: 0.0737540 seconds
256.963: [GC [PSYoungGen: 89472K->6448K(97280K)] 107049K->24025K(319488K), 0.0018310 secs] [Times: user=0.01 sys=0.00, real=0.01 secs] 
256.965: Total time for which application threads were stopped: 0.0037230 seconds, Stopping threads took: 0.0018170 seconds
257.042: Application time: 0.0773280 seconds
257.045: [GC [PSYoungGen: 89904K->7424K(97280K)] 107481K->25001K(319488K), 0.0021690 secs] [Times: user=0.01 sys=0.00, real=0.01 secs] 
257.047: Total time for which application threads were stopped: 0.0048050 seconds, Stopping threads took: 0.0025530 seconds
257.121: Application time: 0.0732270 seconds
257.123: [GC [PSYoungGen: 90880K->6720K(97280K)] 108457K->24305K(319488K), 0.0020190 secs] [Times: user=0.01 sys=0.00, real=0.01 secs] 
257.125: Total time for which application threads were stopped: 0.0046560 seconds, Stopping threads took: 0.0025570 seconds
257.203: Application time: 0.0781100 seconds
257.205: [GC [PSYoungGen: 90176K->7984K(97280K)] 107761K->25577K(319488K), 0.0025450 secs] [Times: user=0.02 sys=0.00, real=0.00 secs] 
257.208: Total time for which application threads were stopped: 0.0044870 seconds, Stopping threads took: 0.0018550 seconds
257.280: Application time: 0.0726610 seconds
257.282: [GC [PSYoungGen: 91440K->6688K(97280K)] 109033K->24289K(319488K), 0.0021320 secs] [Times: user=0.01 sys=0.00, real=0.00 secs] 
257.284: Total time for which application threads were stopped: 0.0039440 seconds, Stopping threads took: 0.0017150 seconds
257.358: Application time: 0.0739150 seconds
257.360: [GC [PSYoungGen: 90144K->6624K(97280K)] 107745K->24225K(319488K), 0.0021580 secs] [Times: user=0.01 sys=0.00, real=0.00 secs] 
257.362: Total time for which application threads were stopped: 0.0040170 seconds, Stopping threads took: 0.0017590 seconds
257.440: Application time: 0.0779060 seconds
257.443: [GC [PSYoungGen: 90080K->7024K(97280K)] 107681K->24625K(319488K), 0.0021490 secs] [Times: user=0.01 sys=0.01, real=0.01 secs] 
257.445: Total time for which application threads were stopped: 0.0051940 seconds, Stopping threads took: 0.0029550 seconds
257.519: Application time: 0.0737680 seconds
257.521: [GC [PSYoungGen: 90480K->7296K(97280K)] 108081K->24897K(319488K), 0.0020830 secs] [Times: user=0.01 sys=0.00, real=0.00 secs] 
257.523: Total time for which application threads were stopped: 0.0036620 seconds, Stopping threads took: 0.0014900 seconds
257.598: Application time: 0.0748850 seconds
257.599: [GC [PSYoungGen: 90752K->7600K(97280K)] 108353K->25209K(319488K), 0.0021580 secs] [Times: user=0.01 sys=0.00, real=0.00 secs] 
257.602: Total time for which application threads were stopped: 0.0037630 seconds, Stopping threads took: 0.0015280 seconds
257.681: Application time: 0.0794120 seconds
257.684: [GC [PSYoungGen: 91056K->6976K(97280K)] 108665K->24593K(319488K), 0.0020000 secs] [Times: user=0.02 sys=0.00, real=0.01 secs] 
257.686: Total time for which application threads were stopped: 0.0048400 seconds, Stopping threads took: 0.0027560 seconds
257.760: Application time: 0.0741580 seconds
257.763: [GC [PSYoungGen: 90432K->7248K(97280K)] 108049K->24873K(319488K), 0.0020850 secs] [Times: user=0.02 sys=0.00, real=0.00 secs] 
257.765: Total time for which application threads were stopped: 0.0049410 seconds, Stopping threads took: 0.0027730 seconds
257.841: Application time: 0.0757670 seconds
257.843: [GC [PSYoungGen: 90704K->8224K(97280K)] 108329K->25857K(319488K), 0.0022970 secs] [Times: user=0.02 sys=0.00, real=0.00 secs] 
257.845: Total time for which application threads were stopped: 0.0042400 seconds, Stopping threads took: 0.0018500 seconds
257.921: Application time: 0.0757220 seconds
257.923: [GC [PSYoungGen: 91680K->7392K(97280K)] 109313K->25025K(319488K), 0.0021110 secs] [Times: user=0.01 sys=0.00, real=0.01 secs] 
257.925: Total time for which application threads were stopped: 0.0046510 seconds, Stopping threads took: 0.0024610 seconds
258.000: Application time: 0.0743550 seconds
258.002: [GC [PSYoungGen: 90848K->7440K(97280K)] 108481K->25073K(319488K), 0.0021100 secs] [Times: user=0.01 sys=0.00, real=0.00 secs] 
258.004: Total time for which application threads were stopped: 0.0048670 seconds, Stopping threads took: 0.0026800 seconds
258.081: Application time: 0.0766570 seconds
258.083: [GC [PSYoungGen: 90896K->6432K(97280K)] 108529K->24065K(319488K), 0.0019250 secs] [Times: user=0.01 sys=0.00, real=0.01 secs] 
258.085: Total time for which application threads were stopped: 0.0041440 seconds, Stopping threads took: 0.0021370 seconds
258.161: Application time: 0.0752850 seconds
258.163: [GC [PSYoungGen: 89888K->6800K(97280K)] 107521K->24441K(319488K), 0.0020590 secs] [Times: user=0.01 sys=0.00, real=0.00 secs] 
258.165: Total time for which application threads were stopped: 0.0041750 seconds, Stopping threads took: 0.0020340 seconds
258.240: Application time: 0.0755070 seconds
258.243: [GC [PSYoungGen: 90256K->7248K(97280K)] 107897K->24897K(319488K), 0.0021520 secs] [Times: user=0.01 sys=0.00, real=0.00 secs] 
258.245: Total time for which application threads were stopped: 0.0045810 seconds, Stopping threads took: 0.0023430 seconds
258.324: Application time: 0.0791860 seconds
258.326: [GC [PSYoungGen: 90704K->6256K(97280K)] 108353K->23921K(319488K), 0.0018120 secs] [Times: user=0.01 sys=0.00, real=0.00 secs] 
258.328: Total time for which application threads were stopped: 0.0038760 seconds, Stopping threads took: 0.0019840 seconds
258.401: Application time: 0.0726360 seconds
258.403: [GC [PSYoungGen: 89712K->7408K(97280K)] 107377K->25073K(319488K), 0.0021920 secs] [Times: user=0.02 sys=0.00, real=0.00 secs] 
258.405: Total time for which application threads were stopped: 0.0045570 seconds, Stopping threads took: 0.0022630 seconds
258.482: Application time: 0.0773000 seconds
258.485: [GC [PSYoungGen: 90864K->7856K(97280K)] 108529K->25521K(319488K), 0.0022970 secs] [Times: user=0.02 sys=0.00, real=0.00 secs] 
258.488: Total time for which application threads were stopped: 0.0053250 seconds, Stopping threads took: 0.0029310 seconds
258.562: Application time: 0.0745520 seconds
258.565: [GC [PSYoungGen: 91312K->6976K(97280K)] 108977K->24641K(319488K), 0.0020530 secs] [Times: user=0.02 sys=0.00, real=0.01 secs] 
258.567: Total time for which application threads were stopped: 0.0045080 seconds, Stopping threads took: 0.0023710 seconds
258.644: Application time: 0.0769360 seconds
258.647: [GC [PSYoungGen: 90432K->7776K(97280K)] 108097K->25449K(319488K), 0.0022720 secs] [Times: user=0.01 sys=0.00, real=0.00 secs] 
258.649: Total time for which application threads were stopped: 0.0052050 seconds, Stopping threads took: 0.0028480 seconds
258.723: Application time: 0.0737230 seconds
258.725: [GC [PSYoungGen: 91232K->6368K(97280K)] 108905K->24049K(319488K), 0.0018360 secs] [Times: user=0.00 sys=0.00, real=0.00 secs] 
258.727: Total time for which application threads were stopped: 0.0042860 seconds, Stopping threads took: 0.0023650 seconds
258.801: Application time: 0.0740910 seconds
258.802: [GC [PSYoungGen: 89824K->6800K(97280K)] 107505K->24489K(319488K), 0.0019110 secs] [Times: user=0.02 sys=0.00, real=0.00 secs] 
258.804: Total time for which application threads were stopped: 0.0029780 seconds, Stopping threads took: 0.0009870 seconds
258.879: Application time: 0.0747160 seconds
258.880: [GC [PSYoungGen: 90256K->6416K(97280K)] 107945K->24105K(319488K), 0.0018240 secs] [Times: user=0.02 sys=0.00, real=0.00 secs] 
258.882: Total time for which application threads were stopped: 0.0034580 seconds, Stopping threads took: 0.0015520 seconds
258.958: Application time: 0.0754460 seconds
258.960: [GC [PSYoungGen: 89872K->6784K(97280K)] 107561K->24473K(319488K), 0.0018830 secs] [Times: user=0.01 sys=0.00, real=0.00 secs] 
258.962: Total time for which application threads were stopped: 0.0043340 seconds, Stopping threads took: 0.0023680 seconds
259.036: Application time: 0.0743100 seconds
259.039: [GC [PSYoungGen: 90240K->6784K(97280K)] 107929K->24473K(319488K), 0.0018880 secs] [Times: user=0.02 sys=0.00, real=0.00 secs] 
259.041: Total time for which application threads were stopped: 0.0042810 seconds, Stopping threads took: 0.0023150 seconds
259.116: Application time: 0.0753330 seconds
259.118: [GC [PSYoungGen: 90240K->6880K(97280K)] 107929K->24577K(319488K), 0.0020640 secs] [Times: user=0.01 sys=0.00, real=0.00 secs] 
259.120: Total time for which application threads were stopped: 0.0043790 seconds, Stopping threads took: 0.0022360 seconds
259.193: Application time: 0.0728140 seconds
259.196: [GC [PSYoungGen: 90336K->7232K(97280K)] 108033K->24937K(319488K), 0.0021430 secs] [Times: user=0.01 sys=0.01, real=0.01 secs] 
259.198: Total time for which application threads were stopped: 0.0049280 seconds, Stopping threads took: 0.0027010 seconds
259.273: Application time: 0.0745100 seconds
259.274: [GC [PSYoungGen: 90688K->7792K(97280K)] 108393K->25505K(319488K), 0.0022860 secs] [Times: user=0.01 sys=0.00, real=0.00 secs] 
259.277: Total time for which application threads were stopped: 0.0042560 seconds, Stopping threads took: 0.0018790 seconds
259.352: Application time: 0.0755810 seconds
259.356: [GC [PSYoungGen: 91248K->7104K(97280K)] 108961K->24817K(319488K), 0.0019680 secs] [Times: user=0.01 sys=0.00, real=0.01 secs] 
259.358: Total time for which application threads were stopped: 0.0051050 seconds, Stopping threads took: 0.0030400 seconds
259.431: Application time: 0.0738680 seconds
259.433: [GC [PSYoungGen: 90560K->7680K(97280K)] 108273K->25393K(319488K), 0.0022180 secs] [Times: user=0.01 sys=0.00, real=0.00 secs] 
259.435: Total time for which application threads were stopped: 0.0040180 seconds, Stopping threads took: 0.0017190 seconds
259.508: Application time: 0.0729460 seconds
259.511: [GC [PSYoungGen: 91136K->7728K(97280K)] 108849K->25441K(319488K), 0.0021000 secs] [Times: user=0.01 sys=0.00, real=0.00 secs] 
259.513: Total time for which application threads were stopped: 0.0050540 seconds, Stopping threads took: 0.0028670 seconds
259.589: Application time: 0.0759060 seconds
259.592: [GC [PSYoungGen: 91184K->8128K(97280K)] 108897K->25849K(319488K), 0.0023910 secs] [Times: user=0.01 sys=0.00, real=0.00 secs] 
259.595: Total time for which application threads were stopped: 0.0053320 seconds, Stopping threads took: 0.0028600 seconds
259.667: Application time: 0.0724900 seconds
259.668: [GC [PSYoungGen: 91584K->7536K(97280K)] 109305K->25265K(319488K), 0.0020970 secs] [Times: user=0.01 sys=0.00, real=0.00 secs] 
259.670: Total time for which application threads were stopped: 0.0031720 seconds, Stopping threads took: 0.0009920 seconds
259.745: Application time: 0.0746780 seconds
259.748: [GC [PSYoungGen: 90992K->8128K(97280K)] 108721K->25865K(319488K), 0.0023100 secs] [Times: user=0.02 sys=0.00, real=0.00 secs] 
259.750: Total time for which application threads were stopped: 0.0049100 seconds, Stopping threads took: 0.0025130 seconds
259.823: Application time: 0.0728050 seconds
259.824: [GC [PSYoungGen: 91584K->7680K(97280K)] 109321K->25417K(319488K), 0.0022010 secs] [Times: user=0.01 sys=0.00, real=0.01 secs] 
259.827: Total time for which application threads were stopped: 0.0039720 seconds, Stopping threads took: 0.0016880 seconds
259.902: Application time: 0.0757990 seconds
259.905: [GC [PSYoungGen: 91136K->7824K(97280K)] 108873K->25561K(319488K), 0.0021570 secs] [Times: user=0.02 sys=0.00, real=0.01 secs] 
259.907: Total time for which application threads were stopped: 0.0047690 seconds, Stopping threads took: 0.0025310 seconds
259.982: Application time: 0.0742700 seconds
259.984: [GC [PSYoungGen: 91280K->7520K(97280K)] 109017K->25257K(319488K), 0.0021790 secs] [Times: user=0.02 sys=0.00, real=0.01 secs] 
259.986: Total time for which application threads were stopped: 0.0047760 seconds, Stopping threads took: 0.0025130 seconds
260.059: Application time: 0.0727530 seconds
260.061: [GC [PSYoungGen: 90975K->7616K(97280K)] 108713K->25353K(319488K), 0.0021960 secs] [Times: user=0.01 sys=0.00, real=0.00 secs] 
260.063: Total time for which application threads were stopped: 0.0041470 seconds, Stopping threads took: 0.0018550 seconds
260.138: Application time: 0.0744550 seconds
260.139: [GC [PSYoungGen: 91072K->8176K(97280K)] 108809K->25921K(319488K), 0.0023930 secs] [Times: user=0.01 sys=0.00, real=0.00 secs] 
260.142: Total time for which application threads were stopped: 0.0042430 seconds, Stopping threads took: 0.0017420 seconds
260.217: Application time: 0.0754490 seconds
260.221: [GC [PSYoungGen: 91632K->5776K(97280K)] 109377K->23529K(319488K), 0.0016610 secs] [Times: user=0.02 sys=0.00, real=0.00 secs] 
260.223: Total time for which application threads were stopped: 0.0055200 seconds, Stopping threads took: 0.0037810 seconds
260.300: Application time: 0.0775960 seconds
260.303: [GC [PSYoungGen: 89232K->7184K(97280K)] 106985K->24937K(319488K), 0.0021780 secs] [Times: user=0.01 sys=0.00, real=0.01 secs] 
260.305: Total time for which application threads were stopped: 0.0049420 seconds, Stopping threads took: 0.0026870 seconds
260.382: Application time: 0.0766170 seconds
260.384: [GC [PSYoungGen: 90640K->6464K(97280K)] 108393K->24217K(319488K), 0.0018530 secs] [Times: user=0.01 sys=0.00, real=0.01 secs] 
260.386: Total time for which application threads were stopped: 0.0038320 seconds, Stopping threads took: 0.0018990 seconds
260.462: Application time: 0.0766080 seconds
260.464: [GC [PSYoungGen: 89920K->6272K(97280K)] 107673K->24025K(319488K), 0.0018490 secs] [Times: user=0.01 sys=0.00, real=0.01 secs] 
260.466: Total time for which application threads were stopped: 0.0034800 seconds, Stopping threads took: 0.0015460 seconds
260.544: Application time: 0.0779650 seconds
260.545: [GC [PSYoungGen: 89728K->6064K(97280K)] 107481K->23817K(319488K), 0.0018050 secs] [Times: user=0.01 sys=0.00, real=0.01 secs] 
260.547: Total time for which application threads were stopped: 0.0027170 seconds, Stopping threads took: 0.0008330 seconds
260.623: Application time: 0.0762090 seconds
260.624: [GC [PSYoungGen: 89520K->6736K(97280K)] 107273K->24497K(319488K), 0.0019320 secs] [Times: user=0.01 sys=0.00, real=0.01 secs] 
260.626: Total time for which application threads were stopped: 0.0034650 seconds, Stopping threads took: 0.0014460 seconds
260.705: Application time: 0.0789710 seconds
260.707: [GC [PSYoungGen: 90192K->6272K(97280K)] 107953K->24041K(319488K), 0.0017780 secs] [Times: user=0.01 sys=0.00, real=0.00 secs] 
260.709: Total time for which application threads were stopped: 0.0033910 seconds, Stopping threads took: 0.0015360 seconds
260.783: Application time: 0.0741440 seconds
260.785: [GC [PSYoungGen: 89728K->6592K(97280K)] 107497K->24369K(319488K), 0.0018320 secs] [Times: user=0.01 sys=0.00, real=0.01 secs] 
260.787: Total time for which application threads were stopped: 0.0039270 seconds, Stopping threads took: 0.0020160 seconds
260.867: Application time: 0.0804860 seconds
260.870: [GC [PSYoungGen: 90048K->6960K(97280K)] 107825K->24737K(319488K), 0.0020070 secs] [Times: user=0.02 sys=0.00, real=0.00 secs] 
260.872: Total time for which application threads were stopped: 0.0048090 seconds, Stopping threads took: 0.0027120 seconds
260.952: Application time: 0.0796130 seconds
260.954: [GC [PSYoungGen: 90416K->6160K(97280K)] 108193K->23937K(319488K), 0.0017600 secs] [Times: user=0.01 sys=0.00, real=0.00 secs] 
260.956: Total time for which application threads were stopped: 0.0043120 seconds, Stopping threads took: 0.0024750 seconds
261.039: Application time: 0.0833940 seconds
261.042: [GC [PSYoungGen: 89616K->6864K(97280K)] 107393K->24641K(319488K), 0.0020080 secs] [Times: user=0.01 sys=0.00, real=0.00 secs] 
261.044: Total time for which application threads were stopped: 0.0046960 seconds, Stopping threads took: 0.0026060 seconds
261.126: Application time: 0.0821500 seconds
261.129: [GC [PSYoungGen: 90320K->5840K(97280K)] 108097K->23625K(319488K), 0.0017620 secs] [Times: user=0.01 sys=0.00, real=0.00 secs] 
261.130: Total time for which application threads were stopped: 0.0041040 seconds, Stopping threads took: 0.0022560 seconds
261.211: Application time: 0.0809790 seconds
261.214: [GC [PSYoungGen: 89296K->6896K(97280K)] 107081K->24689K(319488K), 0.0019870 secs] [Times: user=0.01 sys=0.00, real=0.00 secs] 
261.216: Total time for which application threads were stopped: 0.0048150 seconds, Stopping threads took: 0.0027420 seconds
261.294: Application time: 0.0781400 seconds
261.298: [GC [PSYoungGen: 90352K->7120K(97280K)] 108145K->24921K(319488K), 0.0020460 secs] [Times: user=0.01 sys=0.00, real=0.00 secs] 
261.300: Total time for which application threads were stopped: 0.0053140 seconds, Stopping threads took: 0.0031840 seconds
261.386: Application time: 0.0862090 seconds
261.388: [GC [PSYoungGen: 90576K->5440K(97280K)] 108377K->23241K(319488K), 0.0015160 secs] [Times: user=0.01 sys=0.00, real=0.00 secs] 
261.389: Total time for which application threads were stopped: 0.0034930 seconds, Stopping threads took: 0.0019030 seconds
261.472: Application time: 0.0823960 seconds
261.475: [GC [PSYoungGen: 88896K->6160K(97280K)] 106697K->23961K(319488K), 0.0018360 secs] [Times: user=0.01 sys=0.00, real=0.00 secs] 
261.477: Total time for which application threads were stopped: 0.0049570 seconds, Stopping threads took: 0.0030410 seconds
261.558: Application time: 0.0817920 seconds
261.560: [GC [PSYoungGen: 89616K->7008K(97280K)] 107417K->24809K(319488K), 0.0022070 secs] [Times: user=0.01 sys=0.00, real=0.00 secs] 
261.563: Total time for which application threads were stopped: 0.0040820 seconds, Stopping threads took: 0.0017880 seconds
261.641: Application time: 0.0779790 seconds
261.643: [GC [PSYoungGen: 90464K->7600K(97280K)] 108265K->25409K(319488K), 0.0021490 secs] [Times: user=0.02 sys=0.00, real=0.00 secs] 
261.645: Total time for which application threads were stopped: 0.0044450 seconds, Stopping threads took: 0.0021980 seconds
261.726: Application time: 0.0814940 seconds
261.729: [GC [PSYoungGen: 91056K->8304K(97280K)] 108865K->26121K(319488K), 0.0023740 secs] [Times: user=0.02 sys=0.00, real=0.00 secs] 
261.731: Total time for which application threads were stopped: 0.0047240 seconds, Stopping threads took: 0.0022610 seconds
261.811: Application time: 0.0799650 seconds
261.813: [GC [PSYoungGen: 91760K->5504K(97280K)] 109577K->23329K(319488K), 0.0017300 secs] [Times: user=0.01 sys=0.00, real=0.00 secs] 
261.815: Total time for which application threads were stopped: 0.0037790 seconds, Stopping threads took: 0.0019670 seconds
261.898: Application time: 0.0826520 seconds
261.900: [GC [PSYoungGen: 88960K->6320K(97280K)] 106785K->24145K(319488K), 0.0023440 secs] [Times: user=0.01 sys=0.00, real=0.00 secs] 
261.903: Total time for which application threads were stopped: 0.0049010 seconds, Stopping threads took: 0.0024720 seconds
261.982: Application time: 0.0796730 seconds
261.985: [GC [PSYoungGen: 89776K->6800K(97280K)] 107601K->24625K(319488K), 0.0019660 secs] [Times: user=0.01 sys=0.00, real=0.01 secs] 
261.987: Total time for which application threads were stopped: 0.0048380 seconds, Stopping threads took: 0.0027860 seconds
262.068: Application time: 0.0814610 seconds
262.070: [GC [PSYoungGen: 90256K->6768K(97280K)] 108081K->24593K(319488K), 0.0019680 secs] [Times: user=0.02 sys=0.00, real=0.00 secs] 
262.072: Total time for which application threads were stopped: 0.0038570 seconds, Stopping threads took: 0.0018080 seconds
262.152: Application time: 0.0793410 seconds
262.154: [GC [PSYoungGen: 90224K->6176K(97280K)] 108049K->24017K(319488K), 0.0017560 secs] [Times: user=0.01 sys=0.00, real=0.00 secs] 
262.156: Total time for which application threads were stopped: 0.0040200 seconds, Stopping threads took: 0.0021770 seconds
262.237: Application time: 0.0809600 seconds
262.239: [GC [PSYoungGen: 89632K->7200K(97280K)] 107473K->25049K(319488K), 0.0023470 secs] [Times: user=0.01 sys=0.00, real=0.00 secs] 
262.241: Total time for which application threads were stopped: 0.0044390 seconds, Stopping threads took: 0.0020050 seconds
262.320: Application time: 0.0785280 seconds
262.322: [GC [PSYoungGen: 90656K->7232K(97280K)] 108505K->25089K(319488K), 0.0022360 secs] [Times: user=0.02 sys=0.00, real=0.00 secs] 
262.324: Total time for which application threads were stopped: 0.0047360 seconds, Stopping threads took: 0.0024120 seconds
262.405: Application time: 0.0801330 seconds
262.408: [GC [PSYoungGen: 90688K->7360K(97280K)] 108545K->25217K(319488K), 0.0020930 secs] [Times: user=0.01 sys=0.00, real=0.00 secs] 
262.410: Total time for which application threads were stopped: 0.0052490 seconds, Stopping threads took: 0.0030690 seconds
262.488: Application time: 0.0782110 seconds
262.490: [GC [PSYoungGen: 90816K->7200K(97280K)] 108673K->25057K(319488K), 0.0021260 secs] [Times: user=0.02 sys=0.00, real=0.00 secs] 
262.492: Total time for which application threads were stopped: 0.0041340 seconds, Stopping threads took: 0.0019270 seconds
262.571: Application time: 0.0788230 seconds
262.573: [GC [PSYoungGen: 90656K->7616K(97280K)] 108513K->25473K(319488K), 0.0023290 secs] [Times: user=0.02 sys=0.00, real=0.00 secs] 
262.575: Total time for which application threads were stopped: 0.0043910 seconds, Stopping threads took: 0.0019730 seconds
262.653: Application time: 0.0775380 seconds
262.655: [GC [PSYoungGen: 91072K->7008K(97280K)] 108929K->24873K(319488K), 0.0019500 secs] [Times: user=0.01 sys=0.00, real=0.00 secs] 
262.657: Total time for which application threads were stopped: 0.0042100 seconds, Stopping threads took: 0.0021590 seconds
262.738: Application time: 0.0811240 seconds
262.740: [GC [PSYoungGen: 90464K->7264K(97280K)] 108329K->25145K(319488K), 0.0021680 secs] [Times: user=0.01 sys=0.00, real=0.00 secs] 
262.742: Total time for which application threads were stopped: 0.0042420 seconds, Stopping threads took: 0.0019810 seconds
262.820: Application time: 0.0774310 seconds
262.822: [GC [PSYoungGen: 90720K->7488K(97280K)] 108601K->25377K(319488K), 0.0022310 secs] [Times: user=0.01 sys=0.00, real=0.00 secs] 
262.824: Total time for which application threads were stopped: 0.0040460 seconds, Stopping threads took: 0.0017320 seconds
262.904: Application time: 0.0803470 seconds
262.906: [GC [PSYoungGen: 90944K->8144K(97280K)] 108833K->26065K(319488K), 0.0024220 secs] [Times: user=0.02 sys=0.00, real=0.00 secs] 
262.909: Total time for which application threads were stopped: 0.0044570 seconds, Stopping threads took: 0.0019390 seconds
262.990: Application time: 0.0807610 seconds
262.993: [GC [PSYoungGen: 91600K->6880K(97280K)] 109521K->24801K(319488K), 0.0020500 secs] [Times: user=0.01 sys=0.00, real=0.00 secs] 
262.995: Total time for which application threads were stopped: 0.0050890 seconds, Stopping threads took: 0.0029500 seconds
263.074: Application time: 0.0792150 seconds
263.076: [GC [PSYoungGen: 90336K->6432K(97280K)] 108257K->24353K(319488K), 0.0020410 secs] [Times: user=0.02 sys=0.00, real=0.01 secs] 
263.078: Total time for which application threads were stopped: 0.0040140 seconds, Stopping threads took: 0.0018640 seconds
263.153: Application time: 0.0752640 seconds
263.155: [GC [PSYoungGen: 89888K->7920K(97280K)] 107809K->25841K(319488K), 0.0023060 secs] [Times: user=0.02 sys=0.00, real=0.01 secs] 
263.157: Total time for which application threads were stopped: 0.0041900 seconds, Stopping threads took: 0.0017980 seconds
263.237: Application time: 0.0798660 seconds
263.239: [GC [PSYoungGen: 91376K->7584K(97280K)] 109297K->25521K(319488K), 0.0022270 secs] [Times: user=0.01 sys=0.00, real=0.00 secs] 
263.242: Total time for which application threads were stopped: 0.0043190 seconds, Stopping threads took: 0.0019820 seconds
263.320: Application time: 0.0787390 seconds
263.322: [GC [PSYoungGen: 91040K->6736K(97280K)] 108977K->24689K(319488K), 0.0020800 secs] [Times: user=0.02 sys=0.00, real=0.00 secs] 
263.324: Total time for which application threads were stopped: 0.0036660 seconds, Stopping threads took: 0.0015090 seconds
263.408: Application time: 0.0841590 seconds
263.410: [GC [PSYoungGen: 90192K->7136K(97280K)] 108145K->25105K(319488K), 0.0020720 secs] [Times: user=0.01 sys=0.00, real=0.00 secs] 
263.412: Total time for which application threads were stopped: 0.0044090 seconds, Stopping threads took: 0.0022530 seconds
263.496: Application time: 0.0832430 seconds
263.498: [GC [PSYoungGen: 90592K->7776K(97280K)] 108561K->25745K(319488K), 0.0022120 secs] [Times: user=0.01 sys=0.00, real=0.00 secs] 
263.501: Total time for which application threads were stopped: 0.0049260 seconds, Stopping threads took: 0.0026240 seconds
263.582: Application time: 0.0816150 seconds
263.585: [GC [PSYoungGen: 91232K->8176K(97280K)] 109201K->26145K(319488K), 0.0023730 secs] [Times: user=0.01 sys=0.00, real=0.00 secs] 
263.588: Total time for which application threads were stopped: 0.0054610 seconds, Stopping threads took: 0.0029980 seconds
263.667: Application time: 0.0792340 seconds
263.669: [GC [PSYoungGen: 91632K->8224K(97280K)] 109601K->26193K(319488K), 0.0023760 secs] [Times: user=0.02 sys=0.00, real=0.00 secs] 
263.671: Total time for which application threads were stopped: 0.0043470 seconds, Stopping threads took: 0.0018810 seconds
263.753: Application time: 0.0812060 seconds
263.756: [GC [PSYoungGen: 91680K->6592K(97280K)] 109649K->24569K(319488K), 0.0019580 secs] [Times: user=0.01 sys=0.00, real=0.01 secs] 
263.758: Total time for which application threads were stopped: 0.0053110 seconds, Stopping threads took: 0.0032550 seconds
263.836: Application time: 0.0784010 seconds
263.839: [GC [PSYoungGen: 90048K->7136K(97280K)] 108025K->25129K(319488K), 0.0021150 secs] [Times: user=0.02 sys=0.00, real=0.00 secs] 
263.842: Total time for which application threads were stopped: 0.0052660 seconds, Stopping threads took: 0.0030640 seconds
263.920: Application time: 0.0783110 seconds
263.922: [GC [PSYoungGen: 90592K->7440K(97280K)] 108585K->25441K(319488K), 0.0021500 secs] [Times: user=0.02 sys=0.00, real=0.00 secs] 
263.925: Total time for which application threads were stopped: 0.0048290 seconds, Stopping threads took: 0.0025930 seconds
264.003: Application time: 0.0779370 seconds
264.006: [GC [PSYoungGen: 90896K->8080K(97280K)] 108897K->26081K(319488K), 0.0024450 secs] [Times: user=0.01 sys=0.00, real=0.00 secs] 
264.008: Total time for which application threads were stopped: 0.0057860 seconds, Stopping threads took: 0.0032490 seconds
264.087: Application time: 0.0784840 seconds
264.089: [GC [PSYoungGen: 91536K->7552K(97280K)] 109537K->25553K(319488K), 0.0022040 secs] [Times: user=0.02 sys=0.00, real=0.00 secs] 
264.092: Total time for which application threads were stopped: 0.0048190 seconds, Stopping threads took: 0.0025310 seconds
264.171: Application time: 0.0788150 seconds
264.172: [GC [PSYoungGen: 91008K->7696K(97280K)] 109009K->25697K(319488K), 0.0022810 secs] [Times: user=0.02 sys=0.00, real=0.00 secs] 
264.174: Total time for which application threads were stopped: 0.0036440 seconds, Stopping threads took: 0.0012740 seconds
264.255: Application time: 0.0807820 seconds
264.257: [GC [PSYoungGen: 91152K->7792K(97280K)] 109153K->25817K(319488K), 0.0022320 secs] [Times: user=0.02 sys=0.00, real=0.00 secs] 
264.260: Total time for which application threads were stopped: 0.0046940 seconds, Stopping threads took: 0.0023600 seconds
264.337: Application time: 0.0776180 seconds
264.340: [GC [PSYoungGen: 91248K->6816K(97280K)] 109273K->24849K(319488K), 0.0019640 secs] [Times: user=0.01 sys=0.00, real=0.00 secs] 
264.342: Total time for which application threads were stopped: 0.0048660 seconds, Stopping threads took: 0.0028220 seconds
264.424: Application time: 0.0813850 seconds
264.426: [GC [PSYoungGen: 90270K->6928K(97280K)] 108304K->24969K(319488K), 0.0020780 secs] [Times: user=0.01 sys=0.00, real=0.00 secs] 
264.428: Total time for which application threads were stopped: 0.0043270 seconds, Stopping threads took: 0.0021700 seconds
264.506: Application time: 0.0781090 seconds
264.508: [GC [PSYoungGen: 90384K->7424K(97280K)] 108425K->25465K(319488K), 0.0021650 secs] [Times: user=0.02 sys=0.00, real=0.00 secs] 
264.510: Total time for which application threads were stopped: 0.0043090 seconds, Stopping threads took: 0.0020560 seconds
264.589: Application time: 0.0789140 seconds
264.591: [GC [PSYoungGen: 90880K->7024K(97280K)] 108921K->25065K(319488K), 0.0020050 secs] [Times: user=0.01 sys=0.00, real=0.00 secs] 
264.594: Total time for which application threads were stopped: 0.0043320 seconds, Stopping threads took: 0.0022440 seconds
264.671: Application time: 0.0771480 seconds
264.673: [GC [PSYoungGen: 90480K->6592K(97280K)] 108521K->24633K(319488K), 0.0020320 secs] [Times: user=0.01 sys=0.00, real=0.00 secs] 
264.675: Total time for which application threads were stopped: 0.0045100 seconds, Stopping threads took: 0.0023830 seconds
264.757: Application time: 0.0816410 seconds
264.760: [GC [PSYoungGen: 90048K->7312K(97280K)] 108089K->25361K(319488K), 0.0020220 secs] [Times: user=0.01 sys=0.00, real=0.00 secs] 
264.762: Total time for which application threads were stopped: 0.0053640 seconds, Stopping threads took: 0.0032470 seconds
264.839: Application time: 0.0766170 seconds
264.840: [GC [PSYoungGen: 90768K->6720K(97280K)] 108817K->24785K(319488K), 0.0019800 secs] [Times: user=0.01 sys=0.00, real=0.00 secs] 
264.843: Total time for which application threads were stopped: 0.0037120 seconds, Stopping threads took: 0.0016480 seconds
264.923: Application time: 0.0808750 seconds
264.925: [GC [PSYoungGen: 90176K->7264K(97280K)] 108241K->25337K(319488K), 0.0021280 secs] [Times: user=0.01 sys=0.00, real=0.00 secs] 
264.928: Total time for which application threads were stopped: 0.0041860 seconds, Stopping threads took: 0.0019810 seconds
265.000: Application time: 0.0721310 seconds
265.001: [GC [PSYoungGen: 90720K->7248K(97280K)] 108793K->25321K(319488K), 0.0021220 secs] [Times: user=0.02 sys=0.00, real=0.00 secs] 
265.003: Total time for which application threads were stopped: 0.0033580 seconds, Stopping threads took: 0.0011540 seconds
265.078: Application time: 0.0749680 seconds
265.081: [GC [PSYoungGen: 90704K->7104K(97280K)] 108777K->25177K(319488K), 0.0020190 secs] [Times: user=0.01 sys=0.00, real=0.00 secs] 
265.083: Total time for which application threads were stopped: 0.0047760 seconds, Stopping threads took: 0.0026730 seconds
265.158: Application time: 0.0756520 seconds
265.161: [GC [PSYoungGen: 90560K->7344K(97280K)] 108633K->25417K(319488K), 0.0021590 secs] [Times: user=0.01 sys=0.00, real=0.00 secs] 
265.163: Total time for which application threads were stopped: 0.0045460 seconds, Stopping threads took: 0.0023010 seconds
265.239: Application time: 0.0759050 seconds
265.241: [GC [PSYoungGen: 90800K->6816K(97280K)] 108873K->24889K(319488K), 0.0019740 secs] [Times: user=0.00 sys=0.00, real=0.00 secs] 
265.243: Total time for which application threads were stopped: 0.0040500 seconds, Stopping threads took: 0.0019970 seconds
265.320: Application time: 0.0770100 seconds
265.322: [GC [PSYoungGen: 90272K->6864K(97280K)] 108345K->24945K(319488K), 0.0019930 secs] [Times: user=0.01 sys=0.00, real=0.00 secs] 
265.324: Total time for which application threads were stopped: 0.0036390 seconds, Stopping threads took: 0.0015600 seconds
265.398: Application time: 0.0747740 seconds
265.401: [GC [PSYoungGen: 90320K->7296K(97280K)] 108401K->25385K(319488K), 0.0020140 secs] [Times: user=0.01 sys=0.00, real=0.00 secs] 
265.403: Total time for which application threads were stopped: 0.0042560 seconds, Stopping threads took: 0.0021690 seconds
265.481: Application time: 0.0785230 seconds
265.483: [GC [PSYoungGen: 90752K->6448K(97280K)] 108841K->24545K(319488K), 0.0018370 secs] [Times: user=0.00 sys=0.01, real=0.01 secs] 
265.485: Total time for which application threads were stopped: 0.0039110 seconds, Stopping threads took: 0.0019800 seconds
265.562: Application time: 0.0770010 seconds
265.565: [GC [PSYoungGen: 89904K->6864K(97280K)] 108001K->24961K(319488K), 0.0019710 secs] [Times: user=0.01 sys=0.00, real=0.01 secs] 
265.567: Total time for which application threads were stopped: 0.0045500 seconds, Stopping threads took: 0.0025070 seconds
265.645: Application time: 0.0785160 seconds
265.647: [GC [PSYoungGen: 90320K->7648K(97280K)] 108417K->25745K(319488K), 0.0022090 secs] [Times: user=0.02 sys=0.00, real=0.00 secs] 
265.649: Total time for which application threads were stopped: 0.0042090 seconds, Stopping threads took: 0.0019120 seconds
265.724: Application time: 0.0750430 seconds
265.726: [GC [PSYoungGen: 91104K->6640K(97280K)] 109201K->24737K(319488K), 0.0021120 secs] [Times: user=0.01 sys=0.00, real=0.00 secs] 
265.729: Total time for which application threads were stopped: 0.0040770 seconds, Stopping threads took: 0.0018830 seconds
265.804: Application time: 0.0754570 seconds
265.806: [GC [PSYoungGen: 90096K->6960K(97280K)] 108193K->25065K(319488K), 0.0019520 secs] [Times: user=0.01 sys=0.00, real=0.00 secs] 
265.808: Total time for which application threads were stopped: 0.0044390 seconds, Stopping threads took: 0.0024090 seconds
265.883: Application time: 0.0749910 seconds
265.886: [GC [PSYoungGen: 90416K->6944K(97280K)] 108521K->25057K(319488K), 0.0020240 secs] [Times: user=0.01 sys=0.00, real=0.00 secs] 
265.888: Total time for which application threads were stopped: 0.0045860 seconds, Stopping threads took: 0.0024760 seconds
265.962: Application time: 0.0743880 seconds
265.964: [GC [PSYoungGen: 90400K->7280K(97280K)] 108513K->25401K(319488K), 0.0020580 secs] [Times: user=0.02 sys=0.00, real=0.01 secs] 
265.967: Total time for which application threads were stopped: 0.0041220 seconds, Stopping threads took: 0.0019790 seconds
266.041: Application time: 0.0745420 seconds
266.044: [GC [PSYoungGen: 90736K->6576K(97280K)] 108857K->24697K(319488K), 0.0019000 secs] [Times: user=0.01 sys=0.00, real=0.01 secs] 
266.046: Total time for which application threads were stopped: 0.0048460 seconds, Stopping threads took: 0.0028650 seconds
266.119: Application time: 0.0728470 seconds
266.122: [GC [PSYoungGen: 90032K->7856K(97280K)] 108153K->25977K(319488K), 0.0022140 secs] [Times: user=0.01 sys=0.00, real=0.00 secs] 
266.124: Total time for which application threads were stopped: 0.0051110 seconds, Stopping threads took: 0.0028140 seconds
266.202: Application time: 0.0780720 seconds
266.205: [GC [PSYoungGen: 91312K->7040K(97280K)] 109433K->25161K(319488K), 0.0019780 secs] [Times: user=0.02 sys=0.00, real=0.01 secs] 
266.207: Total time for which application threads were stopped: 0.0046310 seconds, Stopping threads took: 0.0025550 seconds
266.282: Application time: 0.0751560 seconds
266.284: [GC [PSYoungGen: 90496K->6080K(97280K)] 108617K->24209K(319488K), 0.0019590 secs] [Times: user=0.02 sys=0.00, real=0.01 secs] 
266.286: Total time for which application threads were stopped: 0.0041670 seconds, Stopping threads took: 0.0021220 seconds
266.360: Application time: 0.0742410 seconds
266.363: [GC [PSYoungGen: 89536K->8032K(97280K)] 107665K->26177K(319488K), 0.0023180 secs] [Times: user=0.02 sys=0.00, real=0.01 secs] 
266.365: Total time for which application threads were stopped: 0.0050880 seconds, Stopping threads took: 0.0026810 seconds
266.439: Application time: 0.0735720 seconds
266.442: [GC [PSYoungGen: 91488K->7392K(97280K)] 109633K->25545K(319488K), 0.0020420 secs] [Times: user=0.02 sys=0.00, real=0.00 secs] 
266.444: Total time for which application threads were stopped: 0.0047910 seconds, Stopping threads took: 0.0026630 seconds
266.519: Application time: 0.0751200 seconds
266.521: [GC [PSYoungGen: 90848K->6720K(97280K)] 109001K->24881K(319488K), 0.0019670 secs] [Times: user=0.02 sys=0.00, real=0.00 secs] 
266.523: Total time for which application threads were stopped: 0.0040470 seconds, Stopping threads took: 0.0019970 seconds
266.598: Application time: 0.0748540 seconds
266.600: [GC [PSYoungGen: 90176K->7024K(97280K)] 108337K->25185K(319488K), 0.0020100 secs] [Times: user=0.01 sys=0.00, real=0.00 secs] 
266.602: Total time for which application threads were stopped: 0.0045300 seconds, Stopping threads took: 0.0024380 seconds
266.678: Application time: 0.0756850 seconds
266.680: [GC [PSYoungGen: 90480K->6048K(97280K)] 108641K->24209K(319488K), 0.0018380 secs] [Times: user=0.01 sys=0.00, real=0.00 secs] 
266.681: Total time for which application threads were stopped: 0.0035710 seconds, Stopping threads took: 0.0016510 seconds
266.753: Application time: 0.0719670 seconds
266.755: [GC [PSYoungGen: 89504K->6576K(97280K)] 107665K->24745K(319488K), 0.0018740 secs] [Times: user=0.01 sys=0.00, real=0.00 secs] 
266.757: Total time for which application threads were stopped: 0.0036530 seconds, Stopping threads took: 0.0017060 seconds
266.834: Application time: 0.0768310 seconds
266.835: [GC [PSYoungGen: 90032K->5984K(97280K)] 108201K->24161K(319488K), 0.0017450 secs] [Times: user=0.01 sys=0.00, real=0.00 secs] 
266.837: Total time for which application threads were stopped: 0.0030270 seconds, Stopping threads took: 0.0011990 seconds
266.911: Application time: 0.0741240 seconds
266.914: [GC [PSYoungGen: 89440K->6960K(97280K)] 107617K->25145K(319488K), 0.0019390 secs] [Times: user=0.01 sys=0.00, real=0.00 secs] 
266.916: Total time for which application threads were stopped: 0.0046160 seconds, Stopping threads took: 0.0025980 seconds
266.990: Application time: 0.0744980 seconds
266.992: [GC [PSYoungGen: 90416K->6944K(97280K)] 108601K->25137K(319488K), 0.0020830 secs] [Times: user=0.01 sys=0.00, real=0.00 secs] 
266.994: Total time for which application threads were stopped: 0.0043290 seconds, Stopping threads took: 0.0021550 seconds
267.067: Application time: 0.0729980 seconds
267.069: [GC [PSYoungGen: 90400K->6768K(97280K)] 108593K->24961K(319488K), 0.0019080 secs] [Times: user=0.01 sys=0.00, real=0.00 secs] 
267.071: Total time for which application threads were stopped: 0.0038030 seconds, Stopping threads took: 0.0018160 seconds
267.144: Application time: 0.0725870 seconds
267.146: [GC [PSYoungGen: 90224K->7200K(97280K)] 108417K->25393K(319488K), 0.0020400 secs] [Times: user=0.01 sys=0.00, real=0.00 secs] 
267.148: Total time for which application threads were stopped: 0.0044190 seconds, Stopping threads took: 0.0022970 seconds
267.222: Application time: 0.0733950 seconds
267.224: [GC [PSYoungGen: 90656K->6432K(97280K)] 108849K->24633K(319488K), 0.0017870 secs] [Times: user=0.01 sys=0.00, real=0.01 secs] 
267.225: Total time for which application threads were stopped: 0.0036940 seconds, Stopping threads took: 0.0018230 seconds
267.302: Application time: 0.0761390 seconds
267.304: [GC [PSYoungGen: 89888K->7824K(97280K)] 108089K->26033K(319488K), 0.0023340 secs] [Times: user=0.01 sys=0.00, real=0.01 secs] 
267.306: Total time for which application threads were stopped: 0.0045820 seconds, Stopping threads took: 0.0021620 seconds
267.380: Application time: 0.0741700 seconds
267.382: [GC [PSYoungGen: 91280K->6000K(97280K)] 109489K->24217K(319488K), 0.0017480 secs] [Times: user=0.01 sys=0.00, real=0.00 secs] 
267.384: Total time for which application threads were stopped: 0.0035890 seconds, Stopping threads took: 0.0017630 seconds
267.460: Application time: 0.0762860 seconds
267.462: [GC [PSYoungGen: 89456K->8144K(97280K)] 107673K->26369K(319488K), 0.0024250 secs] [Times: user=0.01 sys=0.00, real=0.00 secs] 
267.465: Total time for which application threads were stopped: 0.0044960 seconds, Stopping threads took: 0.0019870 seconds
267.540: Application time: 0.0750220 seconds
267.542: [GC [PSYoungGen: 91600K->7744K(97280K)] 109825K->25969K(319488K), 0.0021090 secs] [Times: user=0.01 sys=0.00, real=0.00 secs] 
267.544: Total time for which application threads were stopped: 0.0040800 seconds, Stopping threads took: 0.0018830 seconds
267.621: Application time: 0.0776390 seconds
267.623: [GC [PSYoungGen: 91200K->7776K(97280K)] 109425K->26001K(319488K), 0.0022820 secs] [Times: user=0.01 sys=0.00, real=0.01 secs] 
267.625: Total time for which application threads were stopped: 0.0039730 seconds, Stopping threads took: 0.0016040 seconds
267.700: Application time: 0.0747310 seconds
267.701: [GC [PSYoungGen: 91232K->5296K(97280K)] 109457K->23529K(319488K), 0.0015710 secs] [Times: user=0.01 sys=0.00, real=0.00 secs] 
267.703: Total time for which application threads were stopped: 0.0029650 seconds, Stopping threads took: 0.0013200 seconds
267.781: Application time: 0.0774210 seconds
267.782: [GC [PSYoungGen: 88752K->6352K(97280K)] 106985K->24601K(319488K), 0.0018060 secs] [Times: user=0.02 sys=0.00, real=0.00 secs] 
267.784: Total time for which application threads were stopped: 0.0035830 seconds, Stopping threads took: 0.0016930 seconds
267.857: Application time: 0.0730180 seconds
267.861: [GC [PSYoungGen: 89808K->6144K(97280K)] 108057K->24401K(319488K), 0.0018900 secs] [Times: user=0.01 sys=0.00, real=0.00 secs] 
267.863: Total time for which application threads were stopped: 0.0060390 seconds, Stopping threads took: 0.0040590 seconds
267.937: Application time: 0.0738840 seconds
267.939: [GC [PSYoungGen: 89600K->6384K(97280K)] 107857K->24649K(319488K), 0.0018720 secs] [Times: user=0.01 sys=0.00, real=0.00 secs] 
267.941: Total time for which application threads were stopped: 0.0038590 seconds, Stopping threads took: 0.0019070 seconds
268.015: Application time: 0.0736240 seconds
268.017: [GC [PSYoungGen: 89840K->6432K(97280K)] 108105K->24713K(319488K), 0.0019600 secs] [Times: user=0.01 sys=0.00, real=0.00 secs] 
268.019: Total time for which application threads were stopped: 0.0045870 seconds, Stopping threads took: 0.0025500 seconds
268.095: Application time: 0.0757070 seconds
268.097: [GC [PSYoungGen: 89888K->8144K(97280K)] 108169K->26425K(319488K), 0.0022300 secs] [Times: user=0.02 sys=0.00, real=0.01 secs] 
268.099: Total time for which application threads were stopped: 0.0043000 seconds, Stopping threads took: 0.0019820 seconds
268.175: Application time: 0.0757090 seconds
268.177: [GC [PSYoungGen: 91600K->8256K(97280K)] 109881K->26545K(319488K), 0.0023760 secs] [Times: user=0.02 sys=0.00, real=0.00 secs] 
268.180: Total time for which application threads were stopped: 0.0047580 seconds, Stopping threads took: 0.0022980 seconds
268.255: Application time: 0.0751200 seconds
268.257: [GC [PSYoungGen: 91712K->8032K(97280K)] 110001K->26321K(319488K), 0.0022250 secs] [Times: user=0.02 sys=0.00, real=0.01 secs] 
268.259: Total time for which application threads were stopped: 0.0044060 seconds, Stopping threads took: 0.0021000 seconds
268.332: Application time: 0.0733320 seconds
268.335: [GC [PSYoungGen: 91488K->7280K(97280K)] 109777K->25577K(319488K), 0.0020460 secs] [Times: user=0.01 sys=0.00, real=0.01 secs] 
268.338: Total time for which application threads were stopped: 0.0051110 seconds, Stopping threads took: 0.0029770 seconds
268.413: Application time: 0.0750990 seconds
268.414: [GC [PSYoungGen: 90736K->5984K(97280K)] 109033K->24289K(319488K), 0.0019450 secs] [Times: user=0.01 sys=0.00, real=0.00 secs] 
268.416: Total time for which application threads were stopped: 0.0034960 seconds, Stopping threads took: 0.0014680 seconds
268.488: Application time: 0.0722230 seconds
268.491: [GC [PSYoungGen: 89440K->7104K(97280K)] 107745K->25417K(319488K), 0.0020690 secs] [Times: user=0.01 sys=0.00, real=0.00 secs] 
268.494: Total time for which application threads were stopped: 0.0051630 seconds, Stopping threads took: 0.0030200 seconds
268.570: Application time: 0.0760100 seconds
268.572: [GC [PSYoungGen: 90560K->7504K(97280K)] 108873K->25817K(319488K), 0.0023540 secs] [Times: user=0.01 sys=0.00, real=0.00 secs] 
268.574: Total time for which application threads were stopped: 0.0045850 seconds, Stopping threads took: 0.0021290 seconds
268.647: Application time: 0.0730750 seconds
268.649: [GC [PSYoungGen: 90960K->7760K(97280K)] 109273K->26081K(319488K), 0.0021700 secs] [Times: user=0.01 sys=0.00, real=0.00 secs] 
268.652: Total time for which application threads were stopped: 0.0042770 seconds, Stopping threads took: 0.0020190 seconds
268.731: Application time: 0.0794680 seconds
268.731: [GC [PSYoungGen: 91216K->4560K(97280K)] 109537K->22881K(319488K), 0.0014100 secs] [Times: user=0.01 sys=0.00, real=0.00 secs] 
268.733: Total time for which application threads were stopped: 0.0017240 seconds, Stopping threads took: 0.0002440 seconds
268.808: Application time: 0.0751790 seconds
268.810: [GC [PSYoungGen: 88016K->7024K(97280K)] 106337K->25353K(319488K), 0.0020380 secs] [Times: user=0.02 sys=0.00, real=0.00 secs] 
268.812: Total time for which application threads were stopped: 0.0044610 seconds, Stopping threads took: 0.0023390 seconds
268.895: Application time: 0.0828130 seconds
268.898: [GC [PSYoungGen: 90480K->7504K(97280K)] 108809K->25841K(319488K), 0.0022910 secs] [Times: user=0.01 sys=0.00, real=0.00 secs] 
268.900: Total time for which application threads were stopped: 0.0047850 seconds, Stopping threads took: 0.0024050 seconds
268.979: Application time: 0.0789640 seconds
268.981: [GC [PSYoungGen: 90960K->5984K(97280K)] 109297K->24329K(319488K), 0.0017840 secs] [Times: user=0.01 sys=0.00, real=0.00 secs] 
268.983: Total time for which application threads were stopped: 0.0036670 seconds, Stopping threads took: 0.0017990 seconds
269.066: Application time: 0.0830580 seconds
269.069: [GC [PSYoungGen: 89440K->6528K(97280K)] 107785K->24873K(319488K), 0.0018750 secs] [Times: user=0.01 sys=0.00, real=0.00 secs] 
269.071: Total time for which application threads were stopped: 0.0051350 seconds, Stopping threads took: 0.0031780 seconds
269.148: Application time: 0.0772230 seconds
269.151: [GC [PSYoungGen: 89984K->7232K(97280K)] 108329K->25585K(319488K), 0.0021260 secs] [Times: user=0.01 sys=0.00, real=0.00 secs] 
269.153: Total time for which application threads were stopped: 0.0050890 seconds, Stopping threads took: 0.0028630 seconds
269.234: Application time: 0.0809150 seconds
269.236: [GC [PSYoungGen: 90688K->7184K(97280K)] 109041K->25537K(319488K), 0.0021580 secs] [Times: user=0.02 sys=0.00, real=0.01 secs] 
269.238: Total time for which application threads were stopped: 0.0040070 seconds, Stopping threads took: 0.0017610 seconds
269.319: Application time: 0.0814350 seconds
269.323: [GC [PSYoungGen: 90640K->6592K(97280K)] 108993K->24953K(319488K), 0.0019490 secs] [Times: user=0.01 sys=0.00, real=0.00 secs] 
269.325: Total time for which application threads were stopped: 0.0051020 seconds, Stopping threads took: 0.0030680 seconds
269.407: Application time: 0.0823770 seconds
269.410: [GC [PSYoungGen: 90048K->6368K(97280K)] 108409K->24737K(319488K), 0.0020590 secs] [Times: user=0.02 sys=0.00, real=0.00 secs] 
269.412: Total time for which application threads were stopped: 0.0052090 seconds, Stopping threads took: 0.0030450 seconds
269.491: Application time: 0.0791930 seconds
269.494: [GC [PSYoungGen: 89824K->6704K(97280K)] 108193K->25081K(319488K), 0.0021250 secs] [Times: user=0.01 sys=0.00, real=0.00 secs] 
269.496: Total time for which application threads were stopped: 0.0047980 seconds, Stopping threads took: 0.0025900 seconds
269.579: Application time: 0.0826680 seconds
269.582: [GC [PSYoungGen: 90160K->6784K(97280K)] 108537K->25161K(319488K), 0.0019750 secs] [Times: user=0.01 sys=0.00, real=0.00 secs] 
269.584: Total time for which application threads were stopped: 0.0049240 seconds, Stopping threads took: 0.0028610 seconds
269.662: Application time: 0.0781400 seconds
269.663: [GC [PSYoungGen: 90240K->7328K(97280K)] 108617K->25705K(319488K), 0.0022040 secs] [Times: user=0.02 sys=0.00, real=0.01 secs] 
269.665: Total time for which application threads were stopped: 0.0034880 seconds, Stopping threads took: 0.0011880 seconds
269.750: Application time: 0.0843010 seconds
269.752: [GC [PSYoungGen: 90784K->5920K(97280K)] 109161K->24305K(319488K), 0.0017820 secs] [Times: user=0.01 sys=0.00, real=0.00 secs] 
269.754: Total time for which application threads were stopped: 0.0040410 seconds, Stopping threads took: 0.0021610 seconds
269.832: Application time: 0.0779820 seconds
269.834: [GC [PSYoungGen: 89376K->6832K(97280K)] 107761K->25225K(319488K), 0.0020090 secs] [Times: user=0.02 sys=0.00, real=0.00 secs] 
269.836: Total time for which application threads were stopped: 0.0043860 seconds, Stopping threads took: 0.0022900 seconds
269.917: Application time: 0.0813190 seconds
269.919: [GC [PSYoungGen: 90288K->6560K(97280K)] 108681K->24961K(319488K), 0.0019430 secs] [Times: user=0.02 sys=0.00, real=0.00 secs] 
269.921: Total time for which application threads were stopped: 0.0039290 seconds, Stopping threads took: 0.0019050 seconds
270.001: Application time: 0.0799830 seconds
270.003: [GC [PSYoungGen: 90016K->6816K(97280K)] 108417K->25225K(319488K), 0.0020190 secs] [Times: user=0.01 sys=0.00, real=0.00 secs] 
270.005: Total time for which application threads were stopped: 0.0036790 seconds, Stopping threads took: 0.0015790 seconds
270.088: Application time: 0.0825770 seconds
270.090: [GC [PSYoungGen: 90272K->7296K(97280K)] 108681K->25713K(319488K), 0.0021830 secs] [Times: user=0.02 sys=0.00, real=0.00 secs] 
270.092: Total time for which application threads were stopped: 0.0045270 seconds, Stopping threads took: 0.0022440 seconds
270.171: Application time: 0.0791300 seconds
270.174: [GC [PSYoungGen: 90752K->7264K(97280K)] 109169K->25681K(319488K), 0.0020470 secs] [Times: user=0.01 sys=0.00, real=0.00 secs] 
270.176: Total time for which application threads were stopped: 0.0049080 seconds, Stopping threads took: 0.0027700 seconds
270.254: Application time: 0.0773250 seconds
270.256: [GC [PSYoungGen: 90720K->8352K(97280K)] 109137K->26777K(319488K), 0.0024670 secs] [Times: user=0.02 sys=0.00, real=0.01 secs] 
270.258: Total time for which application threads were stopped: 0.0045380 seconds, Stopping threads took: 0.0019860 seconds
270.336: Application time: 0.0782950 seconds
270.339: [GC [PSYoungGen: 91808K->6544K(97280K)] 110233K->24977K(319488K), 0.0018870 secs] [Times: user=0.01 sys=0.01, real=0.00 secs] 
270.341: Total time for which application threads were stopped: 0.0042110 seconds, Stopping threads took: 0.0022420 seconds
270.419: Application time: 0.0787670 seconds
270.422: [GC [PSYoungGen: 90000K->8240K(97280K)] 108433K->26681K(319488K), 0.0023370 secs] [Times: user=0.02 sys=0.00, real=0.00 secs] 
270.425: Total time for which application threads were stopped: 0.0054670 seconds, Stopping threads took: 0.0030440 seconds
270.504: Application time: 0.0794290 seconds
270.507: [GC [PSYoungGen: 91696K->7328K(97280K)] 110137K->25777K(319488K), 0.0021010 secs] [Times: user=0.02 sys=0.00, real=0.00 secs] 
270.509: Total time for which application threads were stopped: 0.0044770 seconds, Stopping threads took: 0.0022970 seconds
270.590: Application time: 0.0814530 seconds
270.592: [GC [PSYoungGen: 90784K->6448K(97280K)] 109233K->24905K(319488K), 0.0019380 secs] [Times: user=0.01 sys=0.00, real=0.00 secs] 
270.594: Total time for which application threads were stopped: 0.0038550 seconds, Stopping threads took: 0.0018230 seconds
270.675: Application time: 0.0805040 seconds
270.677: [GC [PSYoungGen: 89904K->7584K(97280K)] 108361K->26041K(319488K), 0.0021040 secs] [Times: user=0.01 sys=0.00, real=0.01 secs] 
270.679: Total time for which application threads were stopped: 0.0044220 seconds, Stopping threads took: 0.0022260 seconds
270.764: Application time: 0.0846330 seconds
270.766: [GC [PSYoungGen: 91040K->3984K(97280K)] 109497K->22457K(319488K), 0.0013520 secs] [Times: user=0.01 sys=0.00, real=0.00 secs] 
270.767: Total time for which application threads were stopped: 0.0036050 seconds, Stopping threads took: 0.0021790 seconds
270.846: Application time: 0.0790000 seconds
270.848: [GC [PSYoungGen: 87440K->6688K(97280K)] 105913K->25161K(319488K), 0.0019750 secs] [Times: user=0.01 sys=0.00, real=0.00 secs] 
270.850: Total time for which application threads were stopped: 0.0042110 seconds, Stopping threads took: 0.0021550 seconds
270.929: Application time: 0.0789800 seconds
270.932: [GC [PSYoungGen: 90144K->7824K(97280K)] 108617K->26305K(319488K), 0.0045830 secs] [Times: user=0.03 sys=0.00, real=0.00 secs] 
270.937: Total time for which application threads were stopped: 0.0074340 seconds, Stopping threads took: 0.0027580 seconds
271.018: Application time: 0.0811670 seconds
271.021: [GC [PSYoungGen: 91280K->6864K(97280K)] 109761K->25369K(319488K), 0.0020130 secs] [Times: user=0.01 sys=0.00, real=0.00 secs] 
271.023: Total time for which application threads were stopped: 0.0045850 seconds, Stopping threads took: 0.0024880 seconds
271.099: Application time: 0.0759460 seconds
271.101: [GC [PSYoungGen: 90320K->7264K(97280K)] 108825K->25785K(319488K), 0.0021440 secs] [Times: user=0.01 sys=0.00, real=0.00 secs] 
271.104: Total time for which application threads were stopped: 0.0050100 seconds, Stopping threads took: 0.0027740 seconds
271.183: Application time: 0.0793560 seconds
271.186: [GC [PSYoungGen: 90720K->7568K(97280K)] 109241K->26089K(319488K), 0.0021280 secs] [Times: user=0.02 sys=0.00, real=0.00 secs] 
271.188: Total time for which application threads were stopped: 0.0049950 seconds, Stopping threads took: 0.0027750 seconds
271.270: Application time: 0.0824990 seconds
271.273: [GC [PSYoungGen: 91024K->7632K(97280K)] 109545K->26177K(319488K), 0.0022250 secs] [Times: user=0.02 sys=0.00, real=0.00 secs] 
271.276: Total time for which application threads were stopped: 0.0051300 seconds, Stopping threads took: 0.0028170 seconds
271.355: Application time: 0.0791170 seconds
271.356: [GC [PSYoungGen: 91088K->7280K(97280K)] 109633K->25825K(319488K), 0.0020980 secs] [Times: user=0.02 sys=0.00, real=0.01 secs] 
271.358: Total time for which application threads were stopped: 0.0037980 seconds, Stopping threads took: 0.0016210 seconds
271.441: Application time: 0.0825130 seconds
271.442: [GC [PSYoungGen: 90736K->5392K(97280K)] 109281K->23945K(319488K), 0.0016210 secs] [Times: user=0.01 sys=0.00, real=0.00 secs] 
271.444: Total time for which application threads were stopped: 0.0031080 seconds, Stopping threads took: 0.0014060 seconds
271.522: Application time: 0.0781990 seconds
271.524: [GC [PSYoungGen: 88848K->6544K(97280K)] 107401K->25105K(319488K), 0.0019080 secs] [Times: user=0.01 sys=0.00, real=0.01 secs] 
271.526: Total time for which application threads were stopped: 0.0036290 seconds, Stopping threads took: 0.0016370 seconds
271.608: Application time: 0.0820990 seconds
271.611: [GC [PSYoungGen: 89999K->6960K(97280K)] 108560K->25529K(319488K), 0.0020360 secs] [Times: user=0.01 sys=0.00, real=0.00 secs] 
271.613: Total time for which application threads were stopped: 0.0048430 seconds, Stopping threads took: 0.0027240 seconds
271.694: Application time: 0.0809880 seconds
271.696: [GC [PSYoungGen: 90416K->6576K(97280K)] 108985K->25145K(319488K), 0.0019340 secs] [Times: user=0.01 sys=0.00, real=0.01 secs] 
271.698: Total time for which application threads were stopped: 0.0044550 seconds, Stopping threads took: 0.0024300 seconds
271.777: Application time: 0.0785220 seconds
271.780: [GC [PSYoungGen: 90032K->7808K(97280K)] 108601K->26393K(319488K), 0.0023460 secs] [Times: user=0.02 sys=0.00, real=0.00 secs] 
271.782: Total time for which application threads were stopped: 0.0052380 seconds, Stopping threads took: 0.0028030 seconds
271.860: Application time: 0.0777800 seconds
271.862: [GC [PSYoungGen: 91264K->8128K(97280K)] 109849K->26713K(319488K), 0.0025570 secs] [Times: user=0.01 sys=0.00, real=0.00 secs] 
271.865: Total time for which application threads were stopped: 0.0050260 seconds, Stopping threads took: 0.0023780 seconds
271.947: Application time: 0.0816600 seconds
271.948: [GC [PSYoungGen: 91584K->6688K(97280K)] 110169K->25281K(319488K), 0.0019650 secs] [Times: user=0.02 sys=0.00, real=0.00 secs] 
271.950: Total time for which application threads were stopped: 0.0037700 seconds, Stopping threads took: 0.0017190 seconds
272.028: Application time: 0.0773460 seconds
272.030: [GC [PSYoungGen: 90144K->7184K(97280K)] 108737K->25785K(319488K), 0.0020600 secs] [Times: user=0.01 sys=0.00, real=0.00 secs] 
272.032: Total time for which application threads were stopped: 0.0042430 seconds, Stopping threads took: 0.0021050 seconds
272.112: Application time: 0.0805670 seconds
272.114: [GC [PSYoungGen: 90640K->6528K(97280K)] 109241K->25137K(319488K), 0.0019700 secs] [Times: user=0.01 sys=0.00, real=0.00 secs] 
272.116: Total time for which application threads were stopped: 0.0038680 seconds, Stopping threads took: 0.0018140 seconds
272.196: Application time: 0.0796030 seconds
272.199: [GC [PSYoungGen: 89984K->8016K(97280K)] 108593K->26633K(319488K), 0.0021760 secs] [Times: user=0.02 sys=0.00, real=0.00 secs] 
272.201: Total time for which application threads were stopped: 0.0052550 seconds, Stopping threads took: 0.0029890 seconds
272.283: Application time: 0.0820930 seconds
272.285: [GC [PSYoungGen: 91472K->6832K(97280K)] 110089K->25449K(319488K), 0.0020280 secs] [Times: user=0.01 sys=0.00, real=0.00 secs] 
272.287: Total time for which application threads were stopped: 0.0039120 seconds, Stopping threads took: 0.0018070 seconds
272.369: Application time: 0.0818430 seconds
272.371: [GC [PSYoungGen: 90288K->7728K(97280K)] 108905K->26353K(319488K), 0.0022090 secs] [Times: user=0.02 sys=0.00, real=0.00 secs] 
272.374: Total time for which application threads were stopped: 0.0044730 seconds, Stopping threads took: 0.0021780 seconds
272.454: Application time: 0.0799860 seconds
272.456: [GC [PSYoungGen: 91184K->7392K(97280K)] 109809K->26025K(319488K), 0.0021510 secs] [Times: user=0.01 sys=0.00, real=0.01 secs] 
272.459: Total time for which application threads were stopped: 0.0050420 seconds, Stopping threads took: 0.0028020 seconds
272.539: Application time: 0.0806630 seconds
272.541: [GC [PSYoungGen: 90848K->6000K(97280K)] 109481K->24641K(319488K), 0.0017980 secs] [Times: user=0.01 sys=0.00, real=0.00 secs] 
272.543: Total time for which application threads were stopped: 0.0037900 seconds, Stopping threads took: 0.0019170 seconds
272.621: Application time: 0.0779550 seconds
272.624: [GC [PSYoungGen: 89456K->6672K(97280K)] 108097K->25321K(319488K), 0.0020140 secs] [Times: user=0.01 sys=0.00, real=0.01 secs] 
272.626: Total time for which application threads were stopped: 0.0047500 seconds, Stopping threads took: 0.0026470 seconds
272.706: Application time: 0.0801980 seconds
272.709: [GC [PSYoungGen: 90128K->7088K(97280K)] 108777K->25745K(319488K), 0.0020520 secs] [Times: user=0.01 sys=0.00, real=0.00 secs] 
272.711: Total time for which application threads were stopped: 0.0047340 seconds, Stopping threads took: 0.0025900 seconds
272.790: Application time: 0.0794050 seconds
272.792: [GC [PSYoungGen: 90544K->7792K(97280K)] 109201K->26449K(319488K), 0.0023060 secs] [Times: user=0.02 sys=0.00, real=0.00 secs] 
272.794: Total time for which application threads were stopped: 0.0042250 seconds, Stopping threads took: 0.0018080 seconds
272.870: Application time: 0.0757540 seconds
272.872: [GC [PSYoungGen: 91248K->8160K(97280K)] 109905K->26825K(319488K), 0.0021660 secs] [Times: user=0.01 sys=0.00, real=0.00 secs] 
272.874: Total time for which application threads were stopped: 0.0038990 seconds, Stopping threads took: 0.0016570 seconds
272.950: Application time: 0.0759590 seconds
272.952: [GC [PSYoungGen: 91616K->7392K(97280K)] 110281K->26065K(319488K), 0.0024700 secs] [Times: user=0.01 sys=0.00, real=0.00 secs] 
272.955: Total time for which application threads were stopped: 0.0049320 seconds, Stopping threads took: 0.0023800 seconds
273.027: Application time: 0.0719350 seconds
273.028: [GC [PSYoungGen: 90848K->8160K(97280K)] 109521K->26841K(319488K), 0.0023330 secs] [Times: user=0.02 sys=0.00, real=0.00 secs] 
273.031: Total time for which application threads were stopped: 0.0038840 seconds, Stopping threads took: 0.0014430 seconds
273.108: Application time: 0.0772040 seconds
273.111: [GC [PSYoungGen: 91616K->6848K(97280K)] 110297K->25537K(319488K), 0.0019740 secs] [Times: user=0.01 sys=0.00, real=0.00 secs] 
273.113: Total time for which application threads were stopped: 0.0048610 seconds, Stopping threads took: 0.0028060 seconds
273.189: Application time: 0.0759940 seconds
273.191: [GC [PSYoungGen: 90304K->6944K(97280K)] 108993K->25641K(319488K), 0.0019050 secs] [Times: user=0.01 sys=0.00, real=0.00 secs] 
273.193: Total time for which application threads were stopped: 0.0046600 seconds, Stopping threads took: 0.0026810 seconds
273.271: Application time: 0.0774510 seconds
273.274: [GC [PSYoungGen: 90400K->6704K(97280K)] 109097K->25401K(319488K), 0.0018350 secs] [Times: user=0.01 sys=0.00, real=0.00 secs] 
273.276: Total time for which application threads were stopped: 0.0048550 seconds, Stopping threads took: 0.0029300 seconds
273.355: Application time: 0.0791180 seconds
273.358: [GC [PSYoungGen: 90160K->7200K(97280K)] 108857K->25905K(319488K), 0.0021030 secs] [Times: user=0.01 sys=0.00, real=0.00 secs] 
273.360: Total time for which application threads were stopped: 0.0051140 seconds, Stopping threads took: 0.0029350 seconds
273.436: Application time: 0.0760950 seconds
273.438: [GC [PSYoungGen: 90656K->5808K(97280K)] 109361K->24513K(319488K), 0.0017480 secs] [Times: user=0.01 sys=0.00, real=0.00 secs] 
273.440: Total time for which application threads were stopped: 0.0035290 seconds, Stopping threads took: 0.0016960 seconds
273.514: Application time: 0.0742600 seconds
273.515: [GC [PSYoungGen: 89264K->7280K(97280K)] 107969K->25993K(319488K), 0.0023660 secs] [Times: user=0.02 sys=0.00, real=0.01 secs] 
273.518: Total time for which application threads were stopped: 0.0038290 seconds, Stopping threads took: 0.0013790 seconds
273.591: Application time: 0.0728880 seconds
273.593: [GC [PSYoungGen: 90736K->6784K(97280K)] 109449K->25505K(319488K), 0.0019810 secs] [Times: user=0.01 sys=0.00, real=0.00 secs] 
273.595: Total time for which application threads were stopped: 0.0049070 seconds, Stopping threads took: 0.0028420 seconds
273.667: Application time: 0.0715270 seconds
273.669: [GC [PSYoungGen: 90240K->8368K(97280K)] 108961K->27097K(319488K), 0.0024000 secs] [Times: user=0.01 sys=0.00, real=0.00 secs] 
273.671: Total time for which application threads were stopped: 0.0041720 seconds, Stopping threads took: 0.0016880 seconds
273.749: Application time: 0.0775190 seconds
273.751: [GC [PSYoungGen: 91824K->7440K(97280K)] 110553K->26169K(319488K), 0.0022160 secs] [Times: user=0.02 sys=0.00, real=0.00 secs] 
273.753: Total time for which application threads were stopped: 0.0046860 seconds, Stopping threads took: 0.0023820 seconds
273.826: Application time: 0.0727900 seconds
273.828: [GC [PSYoungGen: 90896K->8064K(97280K)] 109625K->26801K(319488K), 0.0023790 secs] [Times: user=0.01 sys=0.00, real=0.00 secs] 
273.830: Total time for which application threads were stopped: 0.0040510 seconds, Stopping threads took: 0.0015770 seconds
273.905: Application time: 0.0743980 seconds
273.906: [GC [PSYoungGen: 91520K->6832K(97280K)] 110257K->25569K(319488K), 0.0020240 secs] [Times: user=0.02 sys=0.00, real=0.00 secs] 
273.908: Total time for which application threads were stopped: 0.0031580 seconds, Stopping threads took: 0.0010440 seconds
273.982: Application time: 0.0739360 seconds
273.984: [GC [PSYoungGen: 90288K->6896K(97280K)] 109025K->25641K(319488K), 0.0020460 secs] [Times: user=0.01 sys=0.00, real=0.01 secs] 
273.986: Total time for which application threads were stopped: 0.0039550 seconds, Stopping threads took: 0.0018030 seconds
274.062: Application time: 0.0764450 seconds
274.065: [GC [PSYoungGen: 90352K->7200K(97280K)] 109097K->25953K(319488K), 0.0020980 secs] [Times: user=0.01 sys=0.00, real=0.01 secs] 
274.067: Total time for which application threads were stopped: 0.0048370 seconds, Stopping threads took: 0.0026500 seconds
274.143: Application time: 0.0762640 seconds
274.146: [GC [PSYoungGen: 90656K->7328K(97280K)] 109409K->26089K(319488K), 0.0021980 secs] [Times: user=0.02 sys=0.00, real=0.00 secs] 
274.148: Total time for which application threads were stopped: 0.0048610 seconds, Stopping threads took: 0.0025780 seconds
274.226: Application time: 0.0776590 seconds
274.228: [GC [PSYoungGen: 90784K->7360K(97280K)] 109545K->26121K(319488K), 0.0020830 secs] [Times: user=0.02 sys=0.00, real=0.00 secs] 
274.231: Total time for which application threads were stopped: 0.0047400 seconds, Stopping threads took: 0.0025670 seconds
274.303: Application time: 0.0724360 seconds
274.305: [GC [PSYoungGen: 90816K->7760K(97280K)] 109577K->26529K(319488K), 0.0024280 secs] [Times: user=0.01 sys=0.00, real=0.00 secs] 
274.308: Total time for which application threads were stopped: 0.0050190 seconds, Stopping threads took: 0.0024850 seconds
274.381: Application time: 0.0735170 seconds
274.384: [GC [PSYoungGen: 91216K->8176K(97280K)] 109985K->26945K(319488K), 0.0023850 secs] [Times: user=0.02 sys=0.00, real=0.01 secs] 
274.387: Total time for which application threads were stopped: 0.0051260 seconds, Stopping threads took: 0.0026410 seconds
274.459: Application time: 0.0722430 seconds
274.461: [GC [PSYoungGen: 91632K->7120K(97280K)] 110401K->25897K(319488K), 0.0020970 secs] [Times: user=0.01 sys=0.00, real=0.00 secs] 
274.463: Total time for which application threads were stopped: 0.0045680 seconds, Stopping threads took: 0.0023920 seconds
274.539: Application time: 0.0754850 seconds
274.541: [GC [PSYoungGen: 90576K->6880K(97280K)] 109353K->25665K(319488K), 0.0019230 secs] [Times: user=0.02 sys=0.00, real=0.00 secs] 
274.543: Total time for which application threads were stopped: 0.0045010 seconds, Stopping threads took: 0.0025030 seconds
274.619: Application time: 0.0756000 seconds
274.621: [GC [PSYoungGen: 90336K->7200K(97280K)] 109121K->25993K(319488K), 0.0020770 secs] [Times: user=0.02 sys=0.00, real=0.00 secs] 
274.623: Total time for which application threads were stopped: 0.0043960 seconds, Stopping threads took: 0.0022350 seconds
274.699: Application time: 0.0754900 seconds
274.701: [GC [PSYoungGen: 90656K->7360K(97280K)] 109449K->26153K(319488K), 0.0021160 secs] [Times: user=0.01 sys=0.00, real=0.00 secs] 
274.703: Total time for which application threads were stopped: 0.0042040 seconds, Stopping threads took: 0.0020030 seconds
274.778: Application time: 0.0749550 seconds
274.779: [GC [PSYoungGen: 90816K->6304K(97280K)] 109609K->25105K(319488K), 0.0019250 secs] [Times: user=0.01 sys=0.00, real=0.00 secs] 
274.781: Total time for which application threads were stopped: 0.0028850 seconds, Stopping threads took: 0.0008760 seconds
274.857: Application time: 0.0758610 seconds
274.858: [GC [PSYoungGen: 89760K->7040K(97280K)] 108561K->25841K(319488K), 0.0020820 secs] [Times: user=0.02 sys=0.00, real=0.00 secs] 
274.861: Total time for which application threads were stopped: 0.0037740 seconds, Stopping threads took: 0.0015860 seconds
274.934: Application time: 0.0737200 seconds
274.937: [GC [PSYoungGen: 90496K->8352K(97280K)] 109297K->27169K(319488K), 0.0023910 secs] [Times: user=0.02 sys=0.00, real=0.01 secs] 
274.939: Total time for which application threads were stopped: 0.0048190 seconds, Stopping threads took: 0.0023280 seconds
275.014: Application time: 0.0744580 seconds
275.016: [GC [PSYoungGen: 91808K->7536K(97280K)] 110625K->26361K(319488K), 0.0023450 secs] [Times: user=0.02 sys=0.00, real=0.01 secs] 
275.019: Total time for which application threads were stopped: 0.0052530 seconds, Stopping threads took: 0.0028230 seconds
275.093: Application time: 0.0739270 seconds
275.096: [GC [PSYoungGen: 90992K->7424K(97280K)] 109817K->26257K(319488K), 0.0020070 secs] [Times: user=0.02 sys=0.00, real=0.01 secs] 
275.098: Total time for which application threads were stopped: 0.0049030 seconds, Stopping threads took: 0.0028150 seconds
275.175: Application time: 0.0774320 seconds
275.178: [GC [PSYoungGen: 90880K->7504K(97280K)] 109713K->26353K(319488K), 0.0021550 secs] [Times: user=0.01 sys=0.00, real=0.00 secs] 
275.180: Total time for which application threads were stopped: 0.0045730 seconds, Stopping threads took: 0.0023340 seconds
275.255: Application time: 0.0751090 seconds
275.258: [GC [PSYoungGen: 90960K->6416K(97280K)] 109809K->25265K(319488K), 0.0017760 secs] [Times: user=0.01 sys=0.00, real=0.00 secs] 
275.260: Total time for which application threads were stopped: 0.0047070 seconds, Stopping threads took: 0.0028610 seconds
275.337: Application time: 0.0777310 seconds
275.340: [GC [PSYoungGen: 89872K->8352K(97280K)] 108721K->27209K(319488K), 0.0025400 secs] [Times: user=0.01 sys=0.00, real=0.00 secs] 
275.342: Total time for which application threads were stopped: 0.0052030 seconds, Stopping threads took: 0.0025820 seconds
275.416: Application time: 0.0739770 seconds
275.419: [GC [PSYoungGen: 91808K->5984K(97280K)] 110665K->24841K(319488K), 0.0017070 secs] [Times: user=0.01 sys=0.00, real=0.00 secs] 
275.421: Total time for which application threads were stopped: 0.0041270 seconds, Stopping threads took: 0.0023340 seconds
275.498: Application time: 0.0773350 seconds
275.501: [GC [PSYoungGen: 89440K->7856K(97280K)] 108297K->26721K(319488K), 0.0024880 secs] [Times: user=0.02 sys=0.00, real=0.00 secs] 
275.503: Total time for which application threads were stopped: 0.0051430 seconds, Stopping threads took: 0.0025560 seconds
275.578: Application time: 0.0749380 seconds
275.580: [GC [PSYoungGen: 91312K->5872K(97280K)] 110177K->24745K(319488K), 0.0018730 secs] [Times: user=0.02 sys=0.00, real=0.00 secs] 
275.582: Total time for which application threads were stopped: 0.0039600 seconds, Stopping threads took: 0.0020090 seconds
275.659: Application time: 0.0772810 seconds
275.661: [GC [PSYoungGen: 89328K->7968K(97280K)] 108201K->26849K(319488K), 0.0023570 secs] [Times: user=0.01 sys=0.00, real=0.00 secs] 
275.664: Total time for which application threads were stopped: 0.0046400 seconds, Stopping threads took: 0.0021940 seconds
275.737: Application time: 0.0730450 seconds
275.739: [GC [PSYoungGen: 91424K->8160K(97280K)] 110305K->27041K(319488K), 0.0023510 secs] [Times: user=0.02 sys=0.00, real=0.00 secs] 
275.742: Total time for which application threads were stopped: 0.0045950 seconds, Stopping threads took: 0.0021600 seconds
275.815: Application time: 0.0739900 seconds
275.819: [GC [PSYoungGen: 91616K->7184K(97280K)] 110497K->26073K(319488K), 0.0022010 secs] [Times: user=0.02 sys=0.00, real=0.00 secs] 
275.821: Total time for which application threads were stopped: 0.0053300 seconds, Stopping threads took: 0.0030550 seconds
275.898: Application time: 0.0773740 seconds
275.900: [GC [PSYoungGen: 90639K->5744K(97280K)] 109529K->24633K(319488K), 0.0016980 secs] [Times: user=0.01 sys=0.00, real=0.00 secs] 
275.902: Total time for which application threads were stopped: 0.0036520 seconds, Stopping threads took: 0.0018790 seconds
275.980: Application time: 0.0781300 seconds
275.982: [GC [PSYoungGen: 89200K->5568K(97280K)] 108089K->24465K(319488K), 0.0017030 secs] [Times: user=0.01 sys=0.00, real=0.00 secs] 
275.983: Total time for which application threads were stopped: 0.0033220 seconds, Stopping threads took: 0.0015380 seconds
276.060: Application time: 0.0768640 seconds
276.062: [GC [PSYoungGen: 89024K->5920K(97280K)] 107921K->24825K(319488K), 0.0017090 secs] [Times: user=0.01 sys=0.00, real=0.00 secs] 
276.064: Total time for which application threads were stopped: 0.0037710 seconds, Stopping threads took: 0.0019490 seconds
276.142: Application time: 0.0777450 seconds
276.144: [GC [PSYoungGen: 89376K->7200K(97280K)] 108281K->26113K(319488K), 0.0021520 secs] [Times: user=0.01 sys=0.00, real=0.01 secs] 
276.146: Total time for which application threads were stopped: 0.0043740 seconds, Stopping threads took: 0.0021370 seconds
276.219: Application time: 0.0730620 seconds
276.221: [GC [PSYoungGen: 90656K->7200K(97280K)] 109569K->26113K(319488K), 0.0020470 secs] [Times: user=0.02 sys=0.00, real=0.00 secs] 
276.223: Total time for which application threads were stopped: 0.0037130 seconds, Stopping threads took: 0.0015790 seconds
276.300: Application time: 0.0775770 seconds
276.303: [GC [PSYoungGen: 90656K->8384K(97280K)] 109569K->27305K(319488K), 0.0025570 secs] [Times: user=0.02 sys=0.00, real=0.01 secs] 
276.306: Total time for which application threads were stopped: 0.0055920 seconds, Stopping threads took: 0.0029480 seconds
276.380: Application time: 0.0738190 seconds
276.382: [GC [PSYoungGen: 91840K->7888K(97280K)] 110761K->26809K(319488K), 0.0022510 secs] [Times: user=0.02 sys=0.00, real=0.00 secs] 
276.384: Total time for which application threads were stopped: 0.0043180 seconds, Stopping threads took: 0.0019670 seconds
276.460: Application time: 0.0754870 seconds
276.463: [GC [PSYoungGen: 91344K->7248K(97280K)] 110265K->26177K(319488K), 0.0021230 secs] [Times: user=0.02 sys=0.00, real=0.00 secs] 
276.465: Total time for which application threads were stopped: 0.0051170 seconds, Stopping threads took: 0.0029120 seconds
276.537: Application time: 0.0717630 seconds
276.538: [GC [PSYoungGen: 90704K->7392K(97280K)] 109633K->26329K(319488K), 0.0020810 secs] [Times: user=0.02 sys=0.00, real=0.00 secs] 
276.540: Total time for which application threads were stopped: 0.0031100 seconds, Stopping threads took: 0.0009480 seconds
276.619: Application time: 0.0789240 seconds
276.621: [GC [PSYoungGen: 90848K->5824K(97280K)] 109785K->24769K(319488K), 0.0017530 secs] [Times: user=0.01 sys=0.00, real=0.00 secs] 
276.623: Total time for which application threads were stopped: 0.0040300 seconds, Stopping threads took: 0.0021830 seconds
276.694: Application time: 0.0713510 seconds
276.696: [GC [PSYoungGen: 89280K->7936K(97280K)] 108225K->26881K(319488K), 0.0023100 secs] [Times: user=0.02 sys=0.00, real=0.01 secs] 
276.698: Total time for which application threads were stopped: 0.0041700 seconds, Stopping threads took: 0.0017750 seconds
276.773: Application time: 0.0743960 seconds
276.776: [GC [PSYoungGen: 91392K->7136K(97280K)] 110337K->26089K(319488K), 0.0021370 secs] [Times: user=0.02 sys=0.00, real=0.01 secs] 
276.778: Total time for which application threads were stopped: 0.0052570 seconds, Stopping threads took: 0.0030430 seconds
276.856: Application time: 0.0778820 seconds
276.858: [GC [PSYoungGen: 90592K->7056K(97280K)] 109545K->26009K(319488K), 0.0019710 secs] [Times: user=0.02 sys=0.00, real=0.00 secs] 
276.860: Total time for which application threads were stopped: 0.0044600 seconds, Stopping threads took: 0.0024110 seconds
276.944: Application time: 0.0838530 seconds
276.946: [GC [PSYoungGen: 90512K->7408K(97280K)] 109465K->26377K(319488K), 0.0021440 secs] [Times: user=0.01 sys=0.00, real=0.00 secs] 
276.949: Total time for which application threads were stopped: 0.0046430 seconds, Stopping threads took: 0.0024150 seconds
277.026: Application time: 0.0770070 seconds
277.028: [GC [PSYoungGen: 90864K->7728K(97280K)] 109833K->26705K(319488K), 0.0021520 secs] [Times: user=0.02 sys=0.00, real=0.00 secs] 
277.030: Total time for which application threads were stopped: 0.0047800 seconds, Stopping threads took: 0.0025440 seconds
277.113: Application time: 0.0821050 seconds
277.116: [GC [PSYoungGen: 91184K->7520K(97280K)] 110161K->26513K(319488K), 0.0022450 secs] [Times: user=0.01 sys=0.00, real=0.01 secs] 
277.118: Total time for which application threads were stopped: 0.0053200 seconds, Stopping threads took: 0.0029810 seconds
277.194: Application time: 0.0758780 seconds
277.196: [GC [PSYoungGen: 90976K->7920K(97280K)] 109969K->26913K(319488K), 0.0023560 secs] [Times: user=0.02 sys=0.00, real=0.01 secs] 
277.198: Total time for which application threads were stopped: 0.0045340 seconds, Stopping threads took: 0.0020770 seconds
277.278: Application time: 0.0801690 seconds
277.280: [GC [PSYoungGen: 91376K->6096K(97280K)] 110369K->25097K(319488K), 0.0018150 secs] [Times: user=0.01 sys=0.00, real=0.00 secs] 
277.282: Total time for which application threads were stopped: 0.0034140 seconds, Stopping threads took: 0.0015190 seconds
277.359: Application time: 0.0770560 seconds
277.361: [GC [PSYoungGen: 89552K->7616K(97280K)] 108553K->26617K(319488K), 0.0021280 secs] [Times: user=0.01 sys=0.00, real=0.00 secs] 
277.363: Total time for which application threads were stopped: 0.0044570 seconds, Stopping threads took: 0.0022500 seconds
277.446: Application time: 0.0824880 seconds
277.447: [GC [PSYoungGen: 91072K->7296K(97280K)] 110073K->26297K(319488K), 0.0021680 secs] [Times: user=0.01 sys=0.00, real=0.00 secs] 
277.449: Total time for which application threads were stopped: 0.0033390 seconds, Stopping threads took: 0.0010780 seconds
277.527: Application time: 0.0781100 seconds
277.529: [GC [PSYoungGen: 90752K->7088K(97280K)] 109753K->26121K(319488K), 0.0021430 secs] [Times: user=0.01 sys=0.00, real=0.00 secs] 
277.531: Total time for which application threads were stopped: 0.0037340 seconds, Stopping threads took: 0.0015070 seconds
277.612: Application time: 0.0804500 seconds
277.614: [GC [PSYoungGen: 90544K->7440K(97280K)] 109577K->26481K(319488K), 0.0021430 secs] [Times: user=0.02 sys=0.00, real=0.00 secs] 
277.617: Total time for which application threads were stopped: 0.0050720 seconds, Stopping threads took: 0.0028400 seconds
277.695: Application time: 0.0780300 seconds
277.697: [GC [PSYoungGen: 90896K->8080K(97280K)] 109937K->27129K(319488K), 0.0021780 secs] [Times: user=0.02 sys=0.00, real=0.00 secs] 
277.700: Total time for which application threads were stopped: 0.0049830 seconds, Stopping threads took: 0.0027180 seconds
277.778: Application time: 0.0781940 seconds
277.781: [GC [PSYoungGen: 91536K->8080K(97280K)] 110585K->27137K(319488K), 0.0023790 secs] [Times: user=0.01 sys=0.00, real=0.00 secs] 
277.783: Total time for which application threads were stopped: 0.0056210 seconds, Stopping threads took: 0.0031560 seconds
277.862: Application time: 0.0786440 seconds
277.864: [GC [PSYoungGen: 91536K->6448K(97280K)] 110593K->25505K(319488K), 0.0019220 secs] [Times: user=0.01 sys=0.00, real=0.01 secs] 
277.866: Total time for which application threads were stopped: 0.0038920 seconds, Stopping threads took: 0.0018920 seconds
277.944: Application time: 0.0779130 seconds
277.947: [GC [PSYoungGen: 89904K->7328K(97280K)] 108961K->26385K(319488K), 0.0021440 secs] [Times: user=0.01 sys=0.00, real=0.00 secs] 
277.949: Total time for which application threads were stopped: 0.0055410 seconds, Stopping threads took: 0.0033100 seconds
278.031: Application time: 0.0820230 seconds
278.034: [GC [PSYoungGen: 90784K->5456K(97280K)] 109841K->24521K(319488K), 0.0018380 secs] [Times: user=0.01 sys=0.00, real=0.00 secs] 
278.036: Total time for which application threads were stopped: 0.0046360 seconds, Stopping threads took: 0.0027130 seconds
278.118: Application time: 0.0815530 seconds
278.119: [GC [PSYoungGen: 88912K->6816K(97280K)] 107977K->25889K(319488K), 0.0020950 secs] [Times: user=0.01 sys=0.00, real=0.00 secs] 
278.122: Total time for which application threads were stopped: 0.0039080 seconds, Stopping threads took: 0.0017290 seconds
278.199: Application time: 0.0772000 seconds
278.200: [GC [PSYoungGen: 90272K->7584K(97280K)] 109345K->26673K(319488K), 0.0021370 secs] [Times: user=0.02 sys=0.00, real=0.00 secs] 
278.203: Total time for which application threads were stopped: 0.0037370 seconds, Stopping threads took: 0.0015000 seconds
278.292: Application time: 0.0892480 seconds
278.293: [GC [PSYoungGen: 91040K->7040K(97280K)] 110129K->26129K(319488K), 0.0020150 secs] [Times: user=0.01 sys=0.00, real=0.00 secs] 
278.295: Total time for which application threads were stopped: 0.0028130 seconds, Stopping threads took: 0.0007060 seconds
278.375: Application time: 0.0806460 seconds
278.377: [GC [PSYoungGen: 90496K->8224K(97280K)] 109585K->27329K(319488K), 0.0023990 secs] [Times: user=0.02 sys=0.00, real=0.00 secs] 
278.380: Total time for which application threads were stopped: 0.0046040 seconds, Stopping threads took: 0.0021150 seconds
278.463: Application time: 0.0834390 seconds
278.465: [GC [PSYoungGen: 91680K->5984K(97280K)] 110785K->25089K(319488K), 0.0017470 secs] [Times: user=0.01 sys=0.00, real=0.00 secs] 
278.467: Total time for which application threads were stopped: 0.0036810 seconds, Stopping threads took: 0.0018530 seconds
278.545: Application time: 0.0779800 seconds
278.547: [GC [PSYoungGen: 89440K->7120K(97280K)] 108545K->26233K(319488K), 0.0019680 secs] [Times: user=0.01 sys=0.00, real=0.00 secs] 
278.549: Total time for which application threads were stopped: 0.0043160 seconds, Stopping threads took: 0.0022670 seconds
278.630: Application time: 0.0810600 seconds
278.632: [GC [PSYoungGen: 90576K->7008K(97280K)] 109689K->26129K(319488K), 0.0020220 secs] [Times: user=0.01 sys=0.00, real=0.00 secs] 
278.634: Total time for which application threads were stopped: 0.0035350 seconds, Stopping threads took: 0.0014270 seconds
278.715: Application time: 0.0809140 seconds
278.718: [GC [PSYoungGen: 90464K->6560K(97280K)] 109585K->25689K(319488K), 0.0018100 secs] [Times: user=0.01 sys=0.00, real=0.00 secs] 
278.719: Total time for which application threads were stopped: 0.0047160 seconds, Stopping threads took: 0.0028240 seconds
278.800: Application time: 0.0806770 seconds
278.803: [GC [PSYoungGen: 90016K->7120K(97280K)] 109145K->26249K(319488K), 0.0020170 secs] [Times: user=0.01 sys=0.00, real=0.00 secs] 
278.805: Total time for which application threads were stopped: 0.0047500 seconds, Stopping threads took: 0.0026510 seconds
278.883: Application time: 0.0779600 seconds
278.886: [GC [PSYoungGen: 90576K->6832K(97280K)] 109705K->25969K(319488K), 0.0020600 secs] [Times: user=0.01 sys=0.00, real=0.00 secs] 
278.888: Total time for which application threads were stopped: 0.0051130 seconds, Stopping threads took: 0.0029700 seconds
278.967: Application time: 0.0785470 seconds
278.969: [GC [PSYoungGen: 90288K->6976K(97280K)] 109425K->26113K(319488K), 0.0020140 secs] [Times: user=0.02 sys=0.00, real=0.00 secs] 
278.971: Total time for which application threads were stopped: 0.0041230 seconds, Stopping threads took: 0.0020230 seconds
279.049: Application time: 0.0785200 seconds
279.051: [GC [PSYoungGen: 90432K->6624K(97280K)] 109569K->25769K(319488K), 0.0019530 secs] [Times: user=0.02 sys=0.00, real=0.00 secs] 
279.053: Total time for which application threads were stopped: 0.0036470 seconds, Stopping threads took: 0.0016080 seconds
279.135: Application time: 0.0821620 seconds
279.137: [GC [PSYoungGen: 90080K->6992K(97280K)] 109225K->26153K(319488K), 0.0020620 secs] [Times: user=0.02 sys=0.00, real=0.00 secs] 
279.139: Total time for which application threads were stopped: 0.0044960 seconds, Stopping threads took: 0.0023490 seconds
279.219: Application time: 0.0799580 seconds
279.222: [GC [PSYoungGen: 90448K->6608K(97280K)] 109609K->25777K(319488K), 0.0019320 secs] [Times: user=0.01 sys=0.00, real=0.00 secs] 
279.224: Total time for which application threads were stopped: 0.0044300 seconds, Stopping threads took: 0.0024130 seconds
279.303: Application time: 0.0795980 seconds
279.306: [GC [PSYoungGen: 90064K->7824K(97280K)] 109233K->27001K(319488K), 0.0022480 secs] [Times: user=0.01 sys=0.00, real=0.00 secs] 
279.308: Total time for which application threads were stopped: 0.0047150 seconds, Stopping threads took: 0.0023780 seconds
279.388: Application time: 0.0801640 seconds
279.391: [GC [PSYoungGen: 91280K->7808K(97280K)] 110457K->26993K(319488K), 0.0022940 secs] [Times: user=0.02 sys=0.00, real=0.00 secs] 
279.393: Total time for which application threads were stopped: 0.0049250 seconds, Stopping threads took: 0.0025380 seconds
279.477: Application time: 0.0841160 seconds
279.481: [GC [PSYoungGen: 91264K->8448K(97280K)] 110449K->27633K(319488K), 0.0024230 secs] [Times: user=0.01 sys=0.00, real=0.00 secs] 
279.483: Total time for which application threads were stopped: 0.0056800 seconds, Stopping threads took: 0.0031610 seconds
279.561: Application time: 0.0778690 seconds
279.563: [GC [PSYoungGen: 91904K->6928K(97280K)] 111089K->26121K(319488K), 0.0019410 secs] [Times: user=0.01 sys=0.00, real=0.01 secs] 
279.565: Total time for which application threads were stopped: 0.0043150 seconds, Stopping threads took: 0.0022930 seconds
279.645: Application time: 0.0801760 seconds
279.648: [GC [PSYoungGen: 90384K->7664K(97280K)] 109577K->26865K(319488K), 0.0022830 secs] [Times: user=0.02 sys=0.00, real=0.00 secs] 
279.651: Total time for which application threads were stopped: 0.0052290 seconds, Stopping threads took: 0.0028590 seconds
279.728: Application time: 0.0773910 seconds
279.731: [GC [PSYoungGen: 91120K->7168K(97280K)] 110321K->26385K(319488K), 0.0019920 secs] [Times: user=0.02 sys=0.00, real=0.00 secs] 
279.733: Total time for which application threads were stopped: 0.0045140 seconds, Stopping threads took: 0.0024360 seconds
279.813: Application time: 0.0805320 seconds
279.814: [GC [PSYoungGen: 90624K->6416K(97280K)] 109841K->25641K(319488K), 0.0020030 secs] [Times: user=0.01 sys=0.00, real=0.00 secs] 
279.816: Total time for which application threads were stopped: 0.0031920 seconds, Stopping threads took: 0.0011100 seconds
279.896: Application time: 0.0799570 seconds
279.898: [GC [PSYoungGen: 89872K->5360K(97280K)] 109097K->24593K(319488K), 0.0016940 secs] [Times: user=0.01 sys=0.00, real=0.00 secs] 
279.899: Total time for which application threads were stopped: 0.0031950 seconds, Stopping threads took: 0.0014340 seconds
279.982: Application time: 0.0821700 seconds
279.984: [GC [PSYoungGen: 88816K->7296K(97280K)] 108049K->26529K(319488K), 0.0021370 secs] [Times: user=0.02 sys=0.00, real=0.01 secs] 
279.986: Total time for which application threads were stopped: 0.0042920 seconds, Stopping threads took: 0.0020620 seconds
280.065: Application time: 0.0792720 seconds
280.069: [GC [PSYoungGen: 90752K->7392K(97280K)] 109985K->26625K(319488K), 0.0022680 secs] [Times: user=0.01 sys=0.00, real=0.00 secs] 
280.071: Total time for which application threads were stopped: 0.0062720 seconds, Stopping threads took: 0.0039190 seconds
280.152: Application time: 0.0806600 seconds
280.155: [GC [PSYoungGen: 90848K->7440K(97280K)] 110081K->26681K(319488K), 0.0022030 secs] [Times: user=0.01 sys=0.00, real=0.01 secs] 
280.158: Total time for which application threads were stopped: 0.0055340 seconds, Stopping threads took: 0.0032250 seconds
280.238: Application time: 0.0801050 seconds
280.240: [GC [PSYoungGen: 90896K->7824K(97280K)] 110137K->27073K(319488K), 0.0022410 secs] [Times: user=0.02 sys=0.00, real=0.00 secs] 
280.243: Total time for which application threads were stopped: 0.0048360 seconds, Stopping threads took: 0.0024980 seconds
280.321: Application time: 0.0784800 seconds
280.324: [GC [PSYoungGen: 91280K->8080K(97280K)] 110529K->27353K(319488K), 0.0023550 secs] [Times: user=0.02 sys=0.00, real=0.01 secs] 
280.327: Total time for which application threads were stopped: 0.0055480 seconds, Stopping threads took: 0.0031010 seconds
280.404: Application time: 0.0775560 seconds
280.407: [GC [PSYoungGen: 91536K->7504K(97280K)] 110809K->26785K(319488K), 0.0022250 secs] [Times: user=0.01 sys=0.00, real=0.00 secs] 
280.409: Total time for which application threads were stopped: 0.0047450 seconds, Stopping threads took: 0.0024380 seconds
280.490: Application time: 0.0811810 seconds
280.493: [GC [PSYoungGen: 90960K->6672K(97280K)] 110241K->25953K(319488K), 0.0019550 secs] [Times: user=0.02 sys=0.00, real=0.00 secs] 
280.495: Total time for which application threads were stopped: 0.0045640 seconds, Stopping threads took: 0.0025190 seconds
280.575: Application time: 0.0800700 seconds
280.578: [GC [PSYoungGen: 90128K->6464K(97280K)] 109409K->25745K(319488K), 0.0019460 secs] [Times: user=0.01 sys=0.00, real=0.00 secs] 
280.580: Total time for which application threads were stopped: 0.0048090 seconds, Stopping threads took: 0.0027780 seconds
280.663: Application time: 0.0829140 seconds
280.665: [GC [PSYoungGen: 89920K->6096K(97280K)] 109201K->25385K(319488K), 0.0018680 secs] [Times: user=0.01 sys=0.00, real=0.01 secs] 
280.667: Total time for which application threads were stopped: 0.0043950 seconds, Stopping threads took: 0.0024430 seconds
280.748: Application time: 0.0809700 seconds
280.751: [GC [PSYoungGen: 89552K->6768K(97280K)] 108841K->26065K(319488K), 0.0020410 secs] [Times: user=0.01 sys=0.00, real=0.00 secs] 
280.753: Total time for which application threads were stopped: 0.0050910 seconds, Stopping threads took: 0.0029540 seconds
280.832: Application time: 0.0788090 seconds
280.833: [GC [PSYoungGen: 90224K->7552K(97280K)] 109521K->26857K(319488K), 0.0023490 secs] [Times: user=0.01 sys=0.00, real=0.00 secs] 
280.836: Total time for which application threads were stopped: 0.0040260 seconds, Stopping threads took: 0.0015920 seconds
280.915: Application time: 0.0789000 seconds
280.917: [GC [PSYoungGen: 91008K->6336K(97280K)] 110313K->25641K(319488K), 0.0019430 secs] [Times: user=0.01 sys=0.00, real=0.00 secs] 
280.919: Total time for which application threads were stopped: 0.0047370 seconds, Stopping threads took: 0.0027130 seconds
280.994: Application time: 0.0746870 seconds
280.996: [GC [PSYoungGen: 89792K->7376K(97280K)] 109097K->26689K(319488K), 0.0023090 secs] [Times: user=0.01 sys=0.00, real=0.01 secs] 
280.998: Total time for which application threads were stopped: 0.0040490 seconds, Stopping threads took: 0.0016570 seconds
281.072: Application time: 0.0733900 seconds
281.074: [GC [PSYoungGen: 90832K->6800K(97280K)] 110145K->26113K(319488K), 0.0020200 secs] [Times: user=0.01 sys=0.00, real=0.00 secs] 
281.076: Total time for which application threads were stopped: 0.0046390 seconds, Stopping threads took: 0.0025300 seconds
281.152: Application time: 0.0753770 seconds
281.154: [GC [PSYoungGen: 90256K->7024K(97280K)] 109569K->26345K(319488K), 0.0020870 secs] [Times: user=0.01 sys=0.00, real=0.00 secs] 
281.156: Total time for which application threads were stopped: 0.0043700 seconds, Stopping threads took: 0.0021620 seconds
281.228: Application time: 0.0724330 seconds
281.230: [GC [PSYoungGen: 90480K->6560K(97280K)] 109801K->25889K(319488K), 0.0018940 secs] [Times: user=0.01 sys=0.00, real=0.00 secs] 
281.232: Total time for which application threads were stopped: 0.0040060 seconds, Stopping threads took: 0.0020300 seconds
281.310: Application time: 0.0776940 seconds
281.313: [GC [PSYoungGen: 90016K->7072K(97280K)] 109345K->26417K(319488K), 0.0019820 secs] [Times: user=0.01 sys=0.00, real=0.00 secs] 
281.315: Total time for which application threads were stopped: 0.0050250 seconds, Stopping threads took: 0.0029470 seconds
281.388: Application time: 0.0732480 seconds
281.390: [GC [PSYoungGen: 90528K->6688K(97280K)] 109873K->26033K(319488K), 0.0019930 secs] [Times: user=0.01 sys=0.00, real=0.00 secs] 
281.392: Total time for which application threads were stopped: 0.0037490 seconds, Stopping threads took: 0.0016730 seconds
281.466: Application time: 0.0736910 seconds
281.468: [GC [PSYoungGen: 90144K->6864K(97280K)] 109489K->26217K(319488K), 0.0020170 secs] [Times: user=0.01 sys=0.00, real=0.00 secs] 
281.470: Total time for which application threads were stopped: 0.0043910 seconds, Stopping threads took: 0.0022870 seconds
281.544: Application time: 0.0734290 seconds
281.546: [GC [PSYoungGen: 90320K->6832K(97280K)] 109673K->26185K(319488K), 0.0020810 secs] [Times: user=0.02 sys=0.00, real=0.00 secs] 
281.548: Total time for which application threads were stopped: 0.0044840 seconds, Stopping threads took: 0.0023160 seconds
281.626: Application time: 0.0777080 seconds
281.628: [GC [PSYoungGen: 90288K->7056K(97280K)] 109641K->26417K(319488K), 0.0020600 secs] [Times: user=0.02 sys=0.00, real=0.00 secs] 
281.630: Total time for which application threads were stopped: 0.0044050 seconds, Stopping threads took: 0.0022530 seconds
281.703: Application time: 0.0730170 seconds
281.706: [GC [PSYoungGen: 90512K->7088K(97280K)] 109873K->26465K(319488K), 0.0019450 secs] [Times: user=0.01 sys=0.00, real=0.00 secs] 
281.708: Total time for which application threads were stopped: 0.0047960 seconds, Stopping threads took: 0.0027700 seconds
281.783: Application time: 0.0752570 seconds
281.786: [GC [PSYoungGen: 90544K->7792K(97280K)] 109921K->27169K(319488K), 0.0022430 secs] [Times: user=0.01 sys=0.00, real=0.00 secs] 
281.788: Total time for which application threads were stopped: 0.0048220 seconds, Stopping threads took: 0.0024920 seconds
281.863: Application time: 0.0748230 seconds
281.866: [GC [PSYoungGen: 91248K->8256K(97280K)] 110625K->27649K(319488K), 0.0023420 secs] [Times: user=0.02 sys=0.00, real=0.00 secs] 
281.868: Total time for which application threads were stopped: 0.0053060 seconds, Stopping threads took: 0.0028730 seconds
281.942: Application time: 0.0741210 seconds
281.945: [GC [PSYoungGen: 91712K->6992K(97280K)] 111105K->26393K(319488K), 0.0020420 secs] [Times: user=0.01 sys=0.00, real=0.01 secs] 
281.947: Total time for which application threads were stopped: 0.0043400 seconds, Stopping threads took: 0.0022130 seconds
282.025: Application time: 0.0783030 seconds
282.028: [GC [PSYoungGen: 90448K->7040K(97280K)] 109849K->26441K(319488K), 0.0019790 secs] [Times: user=0.01 sys=0.00, real=0.00 secs] 
282.030: Total time for which application threads were stopped: 0.0047670 seconds, Stopping threads took: 0.0027050 seconds
282.104: Application time: 0.0739100 seconds
282.106: [GC [PSYoungGen: 90496K->7552K(97280K)] 109897K->26953K(319488K), 0.0022030 secs] [Times: user=0.01 sys=0.00, real=0.00 secs] 
282.109: Total time for which application threads were stopped: 0.0047980 seconds, Stopping threads took: 0.0024900 seconds
282.183: Application time: 0.0742860 seconds
282.186: [GC [PSYoungGen: 91008K->6288K(97280K)] 110409K->25697K(319488K), 0.0017910 secs] [Times: user=0.02 sys=0.00, real=0.00 secs] 
282.188: Total time for which application threads were stopped: 0.0048620 seconds, Stopping threads took: 0.0029780 seconds
282.268: Application time: 0.0804800 seconds
282.271: [GC [PSYoungGen: 89744K->6912K(97280K)] 109153K->26321K(319488K), 0.0020470 secs] [Times: user=0.02 sys=0.00, real=0.00 secs] 
282.273: Total time for which application threads were stopped: 0.0050930 seconds, Stopping threads took: 0.0029540 seconds
282.347: Application time: 0.0735750 seconds
282.348: [GC [PSYoungGen: 90368K->6496K(97280K)] 109777K->25913K(319488K), 0.0018570 secs] [Times: user=0.02 sys=0.00, real=0.00 secs] 
282.350: Total time for which application threads were stopped: 0.0032660 seconds, Stopping threads took: 0.0013320 seconds
282.431: Application time: 0.0812940 seconds
282.433: [GC [PSYoungGen: 89952K->5088K(97280K)] 109369K->24505K(319488K), 0.0015670 secs] [Times: user=0.01 sys=0.00, real=0.00 secs] 
282.435: Total time for which application threads were stopped: 0.0033510 seconds, Stopping threads took: 0.0016990 seconds
282.510: Application time: 0.0751230 seconds
282.513: [GC [PSYoungGen: 88544K->7456K(97280K)] 107961K->26881K(319488K), 0.0021090 secs] [Times: user=0.02 sys=0.00, real=0.00 secs] 
282.515: Total time for which application threads were stopped: 0.0050680 seconds, Stopping threads took: 0.0028740 seconds
282.591: Application time: 0.0764920 seconds
282.594: [GC [PSYoungGen: 90912K->7424K(97280K)] 110337K->26849K(319488K), 0.0020840 secs] [Times: user=0.01 sys=0.00, real=0.00 secs] 
282.597: Total time for which application threads were stopped: 0.0050860 seconds, Stopping threads took: 0.0029250 seconds
282.676: Application time: 0.0793960 seconds
282.678: [GC [PSYoungGen: 90880K->5760K(97280K)] 110305K->25201K(319488K), 0.0017240 secs] [Times: user=0.01 sys=0.00, real=0.00 secs] 
282.680: Total time for which application threads were stopped: 0.0040120 seconds, Stopping threads took: 0.0022160 seconds
282.756: Application time: 0.0756260 seconds
282.757: [GC [PSYoungGen: 89216K->7200K(97280K)] 108657K->26649K(319488K), 0.0020490 secs] [Times: user=0.01 sys=0.00, real=0.00 secs] 
282.759: Total time for which application threads were stopped: 0.0037630 seconds, Stopping threads took: 0.0016400 seconds
282.837: Application time: 0.0773990 seconds
282.838: [GC [PSYoungGen: 90656K->6224K(97280K)] 110105K->25681K(319488K), 0.0019800 secs] [Times: user=0.01 sys=0.00, real=0.00 secs] 
282.841: Total time for which application threads were stopped: 0.0037180 seconds, Stopping threads took: 0.0016580 seconds
282.919: Application time: 0.0782420 seconds
282.920: [GC [PSYoungGen: 89680K->6912K(97280K)] 109137K->26369K(319488K), 0.0019160 secs] [Times: user=0.01 sys=0.00, real=0.00 secs] 
282.922: Total time for which application threads were stopped: 0.0035810 seconds, Stopping threads took: 0.0015860 seconds
282.997: Application time: 0.0741840 seconds
282.999: [GC [PSYoungGen: 90368K->7152K(97280K)] 109825K->26625K(319488K), 0.0019960 secs] [Times: user=0.01 sys=0.00, real=0.00 secs] 
283.001: Total time for which application threads were stopped: 0.0048550 seconds, Stopping threads took: 0.0027700 seconds
283.077: Application time: 0.0761140 seconds
283.080: [GC [PSYoungGen: 90608K->6624K(97280K)] 110081K->26097K(319488K), 0.0019300 secs] [Times: user=0.02 sys=0.00, real=0.00 secs] 
283.082: Total time for which application threads were stopped: 0.0045850 seconds, Stopping threads took: 0.0025710 seconds
283.154: Application time: 0.0721910 seconds
283.157: [GC [PSYoungGen: 90080K->7184K(97280K)] 109553K->26665K(319488K), 0.0021190 secs] [Times: user=0.02 sys=0.00, real=0.01 secs] 
283.159: Total time for which application threads were stopped: 0.0048120 seconds, Stopping threads took: 0.0026070 seconds
283.236: Application time: 0.0765170 seconds
283.237: [GC [PSYoungGen: 90640K->7136K(97280K)] 110121K->26633K(319488K), 0.0020760 secs] [Times: user=0.02 sys=0.00, real=0.00 secs] 
283.239: Total time for which application threads were stopped: 0.0037580 seconds, Stopping threads took: 0.0016010 seconds
283.312: Application time: 0.0729360 seconds
283.315: [GC [PSYoungGen: 90592K->7888K(97280K)] 110089K->27401K(319488K), 0.0022450 secs] [Times: user=0.02 sys=0.00, real=0.00 secs] 
283.317: Total time for which application threads were stopped: 0.0047620 seconds, Stopping threads took: 0.0024340 seconds
283.398: Application time: 0.0804920 seconds
283.399: [GC [PSYoungGen: 91344K->4896K(97280K)] 110857K->24409K(319488K), 0.0014630 secs] [Times: user=0.01 sys=0.00, real=0.00 secs] 
283.401: Total time for which application threads were stopped: 0.0030130 seconds, Stopping threads took: 0.0014810 seconds
283.476: Application time: 0.0756480 seconds
283.478: [GC [PSYoungGen: 88352K->7184K(97280K)] 107865K->26705K(319488K), 0.0020480 secs] [Times: user=0.00 sys=0.00, real=0.00 secs] 
283.480: Total time for which application threads were stopped: 0.0036670 seconds, Stopping threads took: 0.0015400 seconds
283.558: Application time: 0.0777340 seconds
283.560: [GC [PSYoungGen: 90640K->6432K(97280K)] 110161K->25953K(319488K), 0.0019000 secs] [Times: user=0.02 sys=0.00, real=0.00 secs] 
283.562: Total time for which application threads were stopped: 0.0040120 seconds, Stopping threads took: 0.0020190 seconds
283.637: Application time: 0.0756020 seconds
283.640: [GC [PSYoungGen: 89888K->7104K(97280K)] 109409K->26633K(319488K), 0.0020030 secs] [Times: user=0.01 sys=0.00, real=0.00 secs] 
283.642: Total time for which application threads were stopped: 0.0043740 seconds, Stopping threads took: 0.0022880 seconds
283.717: Application time: 0.0755020 seconds
283.720: [GC [PSYoungGen: 90560K->6816K(97280K)] 110089K->26353K(319488K), 0.0019520 secs] [Times: user=0.02 sys=0.00, real=0.00 secs] 
283.722: Total time for which application threads were stopped: 0.0045230 seconds, Stopping threads took: 0.0024900 seconds
283.794: Application time: 0.0727210 seconds
283.797: [GC [PSYoungGen: 90272K->7392K(97280K)] 109809K->26937K(319488K), 0.0020330 secs] [Times: user=0.01 sys=0.00, real=0.01 secs] 
283.799: Total time for which application threads were stopped: 0.0046890 seconds, Stopping threads took: 0.0025720 seconds
283.878: Application time: 0.0785060 seconds
283.880: [GC [PSYoungGen: 90848K->6960K(97280K)] 110393K->26505K(319488K), 0.0019940 secs] [Times: user=0.01 sys=0.00, real=0.00 secs] 
283.882: Total time for which application threads were stopped: 0.0042750 seconds, Stopping threads took: 0.0021940 seconds
283.960: Application time: 0.0781020 seconds
283.963: [GC [PSYoungGen: 90416K->7216K(97280K)] 109961K->26769K(319488K), 0.0020870 secs] [Times: user=0.01 sys=0.00, real=0.00 secs] 
283.965: Total time for which application threads were stopped: 0.0047230 seconds, Stopping threads took: 0.0025580 seconds
284.040: Application time: 0.0749890 seconds
284.042: [GC [PSYoungGen: 90672K->7136K(97280K)] 110225K->26689K(319488K), 0.0021110 secs] [Times: user=0.02 sys=0.00, real=0.00 secs] 
284.044: Total time for which application threads were stopped: 0.0042660 seconds, Stopping threads took: 0.0020540 seconds
284.117: Application time: 0.0729080 seconds
284.119: [GC [PSYoungGen: 90592K->7008K(97280K)] 110145K->26569K(319488K), 0.0019450 secs] [Times: user=0.02 sys=0.00, real=0.00 secs] 
284.121: Total time for which application threads were stopped: 0.0045250 seconds, Stopping threads took: 0.0024930 seconds
284.200: Application time: 0.0786390 seconds
284.202: [GC [PSYoungGen: 90464K->7360K(97280K)] 110025K->26929K(319488K), 0.0021340 secs] [Times: user=0.01 sys=0.00, real=0.00 secs] 
284.205: Total time for which application threads were stopped: 0.0046110 seconds, Stopping threads took: 0.0023900 seconds
284.279: Application time: 0.0743680 seconds
284.281: [GC [PSYoungGen: 90816K->7248K(97280K)] 110385K->26817K(319488K), 0.0020160 secs] [Times: user=0.01 sys=0.00, real=0.00 secs] 
284.284: Total time for which application threads were stopped: 0.0045610 seconds, Stopping threads took: 0.0024620 seconds
284.363: Application time: 0.0793270 seconds
284.366: [GC [PSYoungGen: 90704K->6784K(97280K)] 110273K->26361K(319488K), 0.0021030 secs] [Times: user=0.01 sys=0.00, real=0.00 secs] 
284.368: Total time for which application threads were stopped: 0.0048040 seconds, Stopping threads took: 0.0026150 seconds
284.441: Application time: 0.0735070 seconds
284.444: [GC [PSYoungGen: 90240K->6496K(97280K)] 109817K->26081K(319488K), 0.0017640 secs] [Times: user=0.01 sys=0.00, real=0.01 secs] 
284.446: Total time for which application threads were stopped: 0.0045690 seconds, Stopping threads took: 0.0027290 seconds
284.524: Application time: 0.0782960 seconds
284.526: [GC [PSYoungGen: 89952K->5952K(97280K)] 109537K->25537K(319488K), 0.0016960 secs] [Times: user=0.01 sys=0.00, real=0.00 secs] 
284.528: Total time for which application threads were stopped: 0.0038510 seconds, Stopping threads took: 0.0020730 seconds
284.602: Application time: 0.0739420 seconds
284.603: [GC [PSYoungGen: 89408K->7232K(97280K)] 108993K->26825K(319488K), 0.0020970 secs] [Times: user=0.01 sys=0.00, real=0.01 secs] 
284.606: Total time for which application threads were stopped: 0.0036460 seconds, Stopping threads took: 0.0014670 seconds
284.679: Application time: 0.0738910 seconds
284.682: [GC [PSYoungGen: 90688K->8352K(97280K)] 110281K->27953K(319488K), 0.0024090 secs] [Times: user=0.02 sys=0.00, real=0.00 secs] 
284.684: Total time for which application threads were stopped: 0.0049180 seconds, Stopping threads took: 0.0024160 seconds
284.763: Application time: 0.0782180 seconds
284.764: [GC [PSYoungGen: 91808K->5856K(97280K)] 111409K->25465K(319488K), 0.0016530 secs] [Times: user=0.01 sys=0.00, real=0.01 secs] 
284.766: Total time for which application threads were stopped: 0.0033300 seconds, Stopping threads took: 0.0016050 seconds
284.852: Application time: 0.0861730 seconds
284.854: [GC [PSYoungGen: 89312K->3328K(97280K)] 108921K->22945K(319488K), 0.0011580 secs] [Times: user=0.01 sys=0.00, real=0.00 secs] 
284.855: Total time for which application threads were stopped: 0.0028430 seconds, Stopping threads took: 0.0015970 seconds
284.933: Application time: 0.0779110 seconds
284.935: [GC [PSYoungGen: 86784K->6544K(97280K)] 106401K->26169K(319488K), 0.0020210 secs] [Times: user=0.01 sys=0.01, real=0.01 secs] 
284.937: Total time for which application threads were stopped: 0.0045610 seconds, Stopping threads took: 0.0024450 seconds
285.015: Application time: 0.0775020 seconds
285.017: [GC [PSYoungGen: 90000K->6784K(97280K)] 109625K->26409K(319488K), 0.0020130 secs] [Times: user=0.01 sys=0.00, real=0.01 secs] 
285.019: Total time for which application threads were stopped: 0.0039570 seconds, Stopping threads took: 0.0018590 seconds
285.099: Application time: 0.0799210 seconds
285.101: [GC [PSYoungGen: 90240K->8384K(97280K)] 109865K->28009K(319488K), 0.0024420 secs] [Times: user=0.01 sys=0.00, real=0.00 secs] 
285.104: Total time for which application threads were stopped: 0.0050600 seconds, Stopping threads took: 0.0025290 seconds
285.185: Application time: 0.0806840 seconds
285.186: [GC [PSYoungGen: 91840K->6864K(97280K)] 111465K->26497K(319488K), 0.0021290 secs] [Times: user=0.01 sys=0.00, real=0.00 secs] 
285.188: Total time for which application threads were stopped: 0.0032470 seconds, Stopping threads took: 0.0010220 seconds
285.269: Application time: 0.0815010 seconds
285.272: [GC [PSYoungGen: 90320K->6512K(97280K)] 109953K->26153K(319488K), 0.0018430 secs] [Times: user=0.01 sys=0.00, real=0.00 secs] 
285.274: Total time for which application threads were stopped: 0.0050600 seconds, Stopping threads took: 0.0031390 seconds
285.356: Application time: 0.0819280 seconds
285.359: [GC [PSYoungGen: 89968K->6624K(97280K)] 109609K->26273K(319488K), 0.0019360 secs] [Times: user=0.01 sys=0.00, real=0.00 secs] 
285.361: Total time for which application threads were stopped: 0.0042440 seconds, Stopping threads took: 0.0022030 seconds
285.440: Application time: 0.0791900 seconds
285.443: [GC [PSYoungGen: 90080K->7456K(97280K)] 109729K->27105K(319488K), 0.0020580 secs] [Times: user=0.02 sys=0.00, real=0.00 secs] 
285.445: Total time for which application threads were stopped: 0.0050930 seconds, Stopping threads took: 0.0029420 seconds
285.526: Application time: 0.0815020 seconds
285.529: [GC [PSYoungGen: 90912K->7600K(97280K)] 110561K->27257K(319488K), 0.0022390 secs] [Times: user=0.01 sys=0.00, real=0.00 secs] 
285.531: Total time for which application threads were stopped: 0.0049820 seconds, Stopping threads took: 0.0026520 seconds
285.611: Application time: 0.0795130 seconds
285.613: [GC [PSYoungGen: 91056K->7040K(97280K)] 110713K->26697K(319488K), 0.0020770 secs] [Times: user=0.01 sys=0.00, real=0.00 secs] 
285.615: Total time for which application threads were stopped: 0.0043560 seconds, Stopping threads took: 0.0021940 seconds
285.694: Application time: 0.0791290 seconds
285.695: [GC [PSYoungGen: 90496K->7104K(97280K)] 110153K->26769K(319488K), 0.0020990 secs] [Times: user=0.01 sys=0.00, real=0.01 secs] 
285.697: Total time for which application threads were stopped: 0.0032080 seconds, Stopping threads took: 0.0010140 seconds
285.776: Application time: 0.0788400 seconds
285.779: [GC [PSYoungGen: 90560K->7472K(97280K)] 110225K->27145K(319488K), 0.0020800 secs] [Times: user=0.01 sys=0.00, real=0.00 secs] 
285.781: Total time for which application threads were stopped: 0.0049730 seconds, Stopping threads took: 0.0028100 seconds
285.860: Application time: 0.0787390 seconds
285.863: [GC [PSYoungGen: 90928K->7664K(97280K)] 110601K->27345K(319488K), 0.0022520 secs] [Times: user=0.02 sys=0.00, real=0.01 secs] 
285.866: Total time for which application threads were stopped: 0.0054860 seconds, Stopping threads took: 0.0031450 seconds
285.944: Application time: 0.0789000 seconds
285.947: [GC [PSYoungGen: 91120K->7008K(97280K)] 110801K->26689K(319488K), 0.0020090 secs] [Times: user=0.02 sys=0.00, real=0.00 secs] 
285.949: Total time for which application threads were stopped: 0.0043380 seconds, Stopping threads took: 0.0022400 seconds
286.029: Application time: 0.0801770 seconds
286.031: [GC [PSYoungGen: 90464K->7072K(97280K)] 110145K->26761K(319488K), 0.0020280 secs] [Times: user=0.02 sys=0.00, real=0.00 secs] 
286.033: Total time for which application threads were stopped: 0.0036460 seconds, Stopping threads took: 0.0015240 seconds
286.110: Application time: 0.0770890 seconds
286.112: [GC [PSYoungGen: 90528K->7504K(97280K)] 110217K->27193K(319488K), 0.0021640 secs] [Times: user=0.01 sys=0.00, real=0.00 secs] 
286.114: Total time for which application threads were stopped: 0.0047590 seconds, Stopping threads took: 0.0025140 seconds
286.195: Application time: 0.0810370 seconds
286.197: [GC [PSYoungGen: 90960K->7104K(97280K)] 110649K->26801K(319488K), 0.0020760 secs] [Times: user=0.01 sys=0.00, real=0.01 secs] 
286.199: Total time for which application threads were stopped: 0.0036810 seconds, Stopping threads took: 0.0015100 seconds
286.278: Application time: 0.0787060 seconds
286.280: [GC [PSYoungGen: 90560K->6528K(97280K)] 110257K->26233K(319488K), 0.0019960 secs] [Times: user=0.01 sys=0.00, real=0.00 secs] 
286.282: Total time for which application threads were stopped: 0.0039960 seconds, Stopping threads took: 0.0019120 seconds
286.361: Application time: 0.0789960 seconds
286.364: [GC [PSYoungGen: 89984K->7088K(97280K)] 109689K->26793K(319488K), 0.0020650 secs] [Times: user=0.02 sys=0.00, real=0.01 secs] 
286.366: Total time for which application threads were stopped: 0.0048940 seconds, Stopping threads took: 0.0027430 seconds
286.447: Application time: 0.0814560 seconds
286.450: [GC [PSYoungGen: 90544K->7056K(97280K)] 110249K->26769K(319488K), 0.0023000 secs] [Times: user=0.01 sys=0.00, real=0.00 secs] 
286.452: Total time for which application threads were stopped: 0.0048260 seconds, Stopping threads took: 0.0024420 seconds
286.531: Application time: 0.0787290 seconds
286.533: [GC [PSYoungGen: 90512K->7520K(97280K)] 110225K->27249K(319488K), 0.0022960 secs] [Times: user=0.01 sys=0.00, real=0.00 secs] 
286.535: Total time for which application threads were stopped: 0.0044680 seconds, Stopping threads took: 0.0020710 seconds
286.616: Application time: 0.0806020 seconds
286.618: [GC [PSYoungGen: 90976K->7248K(97280K)] 110705K->26977K(319488K), 0.0022810 secs] [Times: user=0.01 sys=0.00, real=0.00 secs] 
286.620: Total time for which application threads were stopped: 0.0041730 seconds, Stopping threads took: 0.0017880 seconds
286.702: Application time: 0.0821270 seconds
286.704: [GC [PSYoungGen: 90704K->6608K(97280K)] 110433K->26345K(319488K), 0.0019330 secs] [Times: user=0.01 sys=0.00, real=0.01 secs] 
286.706: Total time for which application threads were stopped: 0.0042510 seconds, Stopping threads took: 0.0022200 seconds
286.785: Application time: 0.0788580 seconds
286.787: [GC [PSYoungGen: 90064K->7488K(97280K)] 109801K->27233K(319488K), 0.0022610 secs] [Times: user=0.02 sys=0.00, real=0.00 secs] 
286.790: Total time for which application threads were stopped: 0.0044380 seconds, Stopping threads took: 0.0020900 seconds
286.870: Application time: 0.0799720 seconds
286.873: [GC [PSYoungGen: 90944K->6496K(97280K)] 110689K->26241K(319488K), 0.0020370 secs] [Times: user=0.01 sys=0.00, real=0.00 secs] 
286.875: Total time for which application threads were stopped: 0.0050880 seconds, Stopping threads took: 0.0029700 seconds
286.953: Application time: 0.0777860 seconds
286.955: [GC [PSYoungGen: 89952K->7120K(97280K)] 109697K->26889K(319488K), 0.0020540 secs] [Times: user=0.01 sys=0.00, real=0.00 secs] 
286.957: Total time for which application threads were stopped: 0.0040570 seconds, Stopping threads took: 0.0019250 seconds
287.036: Application time: 0.0789260 seconds
287.038: [GC [PSYoungGen: 90576K->7472K(97280K)] 110345K->27249K(319488K), 0.0021810 secs] [Times: user=0.02 sys=0.00, real=0.00 secs] 
287.040: Total time for which application threads were stopped: 0.0048620 seconds, Stopping threads took: 0.0025900 seconds
287.119: Application time: 0.0781090 seconds
287.121: [GC [PSYoungGen: 90928K->6912K(97280K)] 110705K->26689K(319488K), 0.0021390 secs] [Times: user=0.02 sys=0.00, real=0.00 secs] 
287.123: Total time for which application threads were stopped: 0.0043270 seconds, Stopping threads took: 0.0020960 seconds
287.205: Application time: 0.0817960 seconds
287.207: [GC [PSYoungGen: 90368K->5920K(97280K)] 110145K->25705K(319488K), 0.0017640 secs] [Times: user=0.01 sys=0.00, real=0.00 secs] 
287.208: Total time for which application threads were stopped: 0.0037670 seconds, Stopping threads took: 0.0019140 seconds
287.287: Application time: 0.0783970 seconds
287.289: [GC [PSYoungGen: 89376K->7248K(97280K)] 109161K->27041K(319488K), 0.0021350 secs] [Times: user=0.01 sys=0.00, real=0.00 secs] 
287.291: Total time for which application threads were stopped: 0.0039570 seconds, Stopping threads took: 0.0017380 seconds
287.371: Application time: 0.0804350 seconds
287.373: [GC [PSYoungGen: 90704K->8016K(97280K)] 110497K->27817K(319488K), 0.0026000 secs] [Times: user=0.02 sys=0.00, real=0.00 secs] 
287.376: Total time for which application threads were stopped: 0.0048690 seconds, Stopping threads took: 0.0021790 seconds
287.455: Application time: 0.0785580 seconds
287.457: [GC [PSYoungGen: 91472K->6352K(97280K)] 111273K->26161K(319488K), 0.0019760 secs] [Times: user=0.02 sys=0.00, real=0.00 secs] 
287.459: Total time for which application threads were stopped: 0.0044700 seconds, Stopping threads took: 0.0024100 seconds
287.540: Application time: 0.0811620 seconds
287.542: [GC [PSYoungGen: 89808K->6624K(97280K)] 109617K->26441K(319488K), 0.0019530 secs] [Times: user=0.02 sys=0.00, real=0.00 secs] 
287.544: Total time for which application threads were stopped: 0.0036680 seconds, Stopping threads took: 0.0016320 seconds
287.621: Application time: 0.0774640 seconds
287.624: [GC [PSYoungGen: 90080K->7744K(97280K)] 109897K->27561K(319488K), 0.0021880 secs] [Times: user=0.01 sys=0.00, real=0.01 secs] 
287.626: Total time for which application threads were stopped: 0.0046950 seconds, Stopping threads took: 0.0024210 seconds
287.705: Application time: 0.0790790 seconds
287.708: [GC [PSYoungGen: 91200K->8240K(97280K)] 111017K->28057K(319488K), 0.0024900 secs] [Times: user=0.01 sys=0.00, real=0.00 secs] 
287.710: Total time for which application threads were stopped: 0.0049330 seconds, Stopping threads took: 0.0023410 seconds
287.789: Application time: 0.0786300 seconds
287.792: [GC [PSYoungGen: 91696K->7552K(97280K)] 111513K->27377K(319488K), 0.0019970 secs] [Times: user=0.01 sys=0.00, real=0.00 secs] 
287.794: Total time for which application threads were stopped: 0.0049470 seconds, Stopping threads took: 0.0028680 seconds
287.877: Application time: 0.0836190 seconds
287.880: [GC [PSYoungGen: 91008K->5584K(97280K)] 110833K->25417K(319488K), 0.0017030 secs] [Times: user=0.02 sys=0.00, real=0.00 secs] 
287.882: Total time for which application threads were stopped: 0.0042480 seconds, Stopping threads took: 0.0024620 seconds
287.961: Application time: 0.0790210 seconds
287.964: [GC [PSYoungGen: 89040K->7776K(97280K)] 108873K->27617K(319488K), 0.0021820 secs] [Times: user=0.02 sys=0.00, real=0.01 secs] 
287.966: Total time for which application threads were stopped: 0.0054450 seconds, Stopping threads took: 0.0031800 seconds
288.049: Application time: 0.0831210 seconds
288.052: [GC [PSYoungGen: 91232K->7136K(97280K)] 111073K->26985K(319488K), 0.0020250 secs] [Times: user=0.01 sys=0.00, real=0.00 secs] 
288.054: Total time for which application threads were stopped: 0.0047940 seconds, Stopping threads took: 0.0026870 seconds
288.132: Application time: 0.0778110 seconds
288.134: [GC [PSYoungGen: 90592K->7040K(97280K)] 110441K->26889K(319488K), 0.0020900 secs] [Times: user=0.01 sys=0.00, real=0.00 secs] 
288.136: Total time for which application threads were stopped: 0.0038290 seconds, Stopping threads took: 0.0016560 seconds
288.217: Application time: 0.0815570 seconds
288.219: [GC [PSYoungGen: 90496K->5392K(97280K)] 110345K->25241K(319488K), 0.0016690 secs] [Times: user=0.01 sys=0.00, real=0.00 secs] 
288.221: Total time for which application threads were stopped: 0.0033840 seconds, Stopping threads took: 0.0016340 seconds
288.298: Application time: 0.0776920 seconds
288.300: [GC [PSYoungGen: 88848K->6816K(97280K)] 108697K->26673K(319488K), 0.0019810 secs] [Times: user=0.02 sys=0.00, real=0.00 secs] 
288.302: Total time for which application threads were stopped: 0.0041550 seconds, Stopping threads took: 0.0020850 seconds
288.380: Application time: 0.0777130 seconds
288.383: [GC [PSYoungGen: 90272K->8016K(97280K)] 110129K->27881K(319488K), 0.0023270 secs] [Times: user=0.02 sys=0.00, real=0.00 secs] 
288.385: Total time for which application threads were stopped: 0.0047990 seconds, Stopping threads took: 0.0023880 seconds
288.462: Application time: 0.0774340 seconds
288.465: [GC [PSYoungGen: 91472K->7552K(97280K)] 111337K->27417K(319488K), 0.0021520 secs] [Times: user=0.02 sys=0.00, real=0.01 secs] 
288.467: Total time for which application threads were stopped: 0.0043150 seconds, Stopping threads took: 0.0020760 seconds
288.548: Application time: 0.0808780 seconds
288.549: [GC [PSYoungGen: 91008K->4704K(97280K)] 110873K->24585K(319488K), 0.0014440 secs] [Times: user=0.01 sys=0.00, real=0.00 secs] 
288.551: Total time for which application threads were stopped: 0.0032030 seconds, Stopping threads took: 0.0016860 seconds
288.629: Application time: 0.0778270 seconds
288.631: [GC [PSYoungGen: 88160K->7280K(97280K)] 108041K->27169K(319488K), 0.0021380 secs] [Times: user=0.01 sys=0.00, real=0.00 secs] 
288.634: Total time for which application threads were stopped: 0.0048780 seconds, Stopping threads took: 0.0026510 seconds
288.713: Application time: 0.0797050 seconds
288.715: [GC [PSYoungGen: 90736K->7312K(97280K)] 110625K->27201K(319488K), 0.0021440 secs] [Times: user=0.01 sys=0.00, real=0.01 secs] 
288.718: Total time for which application threads were stopped: 0.0043020 seconds, Stopping threads took: 0.0020690 seconds
288.797: Application time: 0.0798020 seconds
288.800: [GC [PSYoungGen: 90768K->6880K(97280K)] 110657K->26777K(319488K), 0.0020020 secs] [Times: user=0.01 sys=0.00, real=0.00 secs] 
288.802: Total time for which application threads were stopped: 0.0043680 seconds, Stopping threads took: 0.0022750 seconds
288.880: Application time: 0.0784270 seconds
288.882: [GC [PSYoungGen: 90336K->6224K(97280K)] 110233K->26129K(319488K), 0.0019080 secs] [Times: user=0.01 sys=0.00, real=0.00 secs] 
288.884: Total time for which application threads were stopped: 0.0035770 seconds, Stopping threads took: 0.0015940 seconds
288.960: Application time: 0.0762780 seconds
288.962: [GC [PSYoungGen: 89680K->8112K(97280K)] 109585K->28017K(319488K), 0.0023550 secs] [Times: user=0.01 sys=0.00, real=0.00 secs] 
288.965: Total time for which application threads were stopped: 0.0046440 seconds, Stopping threads took: 0.0022000 seconds
289.040: Application time: 0.0756060 seconds
289.043: [GC [PSYoungGen: 91568K->7136K(97280K)] 111473K->27065K(319488K), 0.0020140 secs] [Times: user=0.01 sys=0.00, real=0.00 secs] 
289.045: Total time for which application threads were stopped: 0.0047550 seconds, Stopping threads took: 0.0026570 seconds
289.119: Application time: 0.0737510 seconds
289.121: [GC [PSYoungGen: 90592K->6192K(97280K)] 110521K->26129K(319488K), 0.0017630 secs] [Times: user=0.02 sys=0.00, real=0.00 secs] 
289.123: Total time for which application threads were stopped: 0.0039490 seconds, Stopping threads took: 0.0021120 seconds
289.201: Application time: 0.0785370 seconds
289.204: [GC [PSYoungGen: 89648K->7552K(97280K)] 109585K->27489K(319488K), 0.0023500 secs] [Times: user=0.01 sys=0.00, real=0.01 secs] 
289.206: Total time for which application threads were stopped: 0.0050010 seconds, Stopping threads took: 0.0025620 seconds
289.279: Application time: 0.0725850 seconds
289.281: [GC [PSYoungGen: 91008K->7840K(97280K)] 110945K->27785K(319488K), 0.0024500 secs] [Times: user=0.01 sys=0.00, real=0.00 secs] 
289.283: Total time for which application threads were stopped: 0.0044850 seconds, Stopping threads took: 0.0019300 seconds
289.360: Application time: 0.0765660 seconds
289.362: [GC [PSYoungGen: 91296K->8208K(97280K)] 111241K->28161K(319488K), 0.0024760 secs] [Times: user=0.02 sys=0.00, real=0.00 secs] 
289.365: Total time for which application threads were stopped: 0.0051060 seconds, Stopping threads took: 0.0025050 seconds
289.440: Application time: 0.0745250 seconds
289.442: [GC [PSYoungGen: 91664K->6832K(97280K)] 111617K->26785K(319488K), 0.0018700 secs] [Times: user=0.01 sys=0.00, real=0.00 secs] 
289.444: Total time for which application threads were stopped: 0.0044120 seconds, Stopping threads took: 0.0024650 seconds
289.522: Application time: 0.0777050 seconds
289.525: [GC [PSYoungGen: 90288K->7648K(97280K)] 110241K->27609K(319488K), 0.0021790 secs] [Times: user=0.01 sys=0.00, real=0.01 secs] 
289.527: Total time for which application threads were stopped: 0.0052460 seconds, Stopping threads took: 0.0029790 seconds
289.600: Application time: 0.0732620 seconds
289.602: [GC [PSYoungGen: 91104K->7232K(97280K)] 111065K->27201K(319488K), 0.0021100 secs] [Times: user=0.01 sys=0.00, real=0.00 secs] 
289.604: Total time for which application threads were stopped: 0.0039510 seconds, Stopping threads took: 0.0017380 seconds
289.680: Application time: 0.0762590 seconds
289.683: [GC [PSYoungGen: 90688K->6048K(97280K)] 110657K->26017K(319488K), 0.0017470 secs] [Times: user=0.01 sys=0.00, real=0.00 secs] 
289.685: Total time for which application threads were stopped: 0.0046830 seconds, Stopping threads took: 0.0028570 seconds
289.759: Application time: 0.0738640 seconds
289.761: [GC [PSYoungGen: 89504K->6496K(97280K)] 109473K->26473K(319488K), 0.0019590 secs] [Times: user=0.01 sys=0.00, real=0.00 secs] 
289.763: Total time for which application threads were stopped: 0.0041060 seconds, Stopping threads took: 0.0020650 seconds
289.842: Application time: 0.0789050 seconds
289.844: [GC [PSYoungGen: 89952K->5792K(97280K)] 109929K->25793K(319488K), 0.0016870 secs] [Times: user=0.02 sys=0.00, real=0.01 secs] 
289.845: Total time for which application threads were stopped: 0.0033300 seconds, Stopping threads took: 0.0015710 seconds
289.921: Application time: 0.0754140 seconds
289.923: [GC [PSYoungGen: 89248K->7424K(97280K)] 109249K->27449K(319488K), 0.0022220 secs] [Times: user=0.02 sys=0.00, real=0.00 secs] 
289.925: Total time for which application threads were stopped: 0.0043760 seconds, Stopping threads took: 0.0020620 seconds
289.999: Application time: 0.0741620 seconds
290.002: [GC [PSYoungGen: 90880K->8064K(97280K)] 110905K->28097K(319488K), 0.0023280 secs] [Times: user=0.02 sys=0.00, real=0.00 secs] 
290.004: Total time for which application threads were stopped: 0.0048490 seconds, Stopping threads took: 0.0024340 seconds
290.079: Application time: 0.0748900 seconds
290.081: [GC [PSYoungGen: 91520K->6960K(97280K)] 111553K->27001K(319488K), 0.0019840 secs] [Times: user=0.01 sys=0.00, real=0.00 secs] 
290.083: Total time for which application threads were stopped: 0.0043430 seconds, Stopping threads took: 0.0022840 seconds
290.161: Application time: 0.0779700 seconds
290.163: [GC [PSYoungGen: 90416K->7040K(97280K)] 110457K->27081K(319488K), 0.0020600 secs] [Times: user=0.01 sys=0.00, real=0.00 secs] 
290.165: Total time for which application threads were stopped: 0.0035760 seconds, Stopping threads took: 0.0014330 seconds
290.248: Application time: 0.0828910 seconds
290.250: [GC [PSYoungGen: 90496K->5504K(97280K)] 110537K->25545K(319488K), 0.0015410 secs] [Times: user=0.01 sys=0.00, real=0.00 secs] 
290.251: Total time for which application threads were stopped: 0.0035480 seconds, Stopping threads took: 0.0019370 seconds
290.330: Application time: 0.0786160 seconds
290.332: [GC [PSYoungGen: 88960K->8080K(97280K)] 109001K->28129K(319488K), 0.0023200 secs] [Times: user=0.01 sys=0.00, real=0.00 secs] 
290.334: Total time for which application threads were stopped: 0.0045440 seconds, Stopping threads took: 0.0021440 seconds
290.410: Application time: 0.0752420 seconds
290.413: [GC [PSYoungGen: 91536K->8208K(97280K)] 111585K->28265K(319488K), 0.0024350 secs] [Times: user=0.02 sys=0.00, real=0.00 secs] 
290.415: Total time for which application threads were stopped: 0.0054050 seconds, Stopping threads took: 0.0028600 seconds
290.490: Application time: 0.0744950 seconds
290.492: [GC [PSYoungGen: 91663K->7744K(97280K)] 111721K->27801K(319488K), 0.0022690 secs] [Times: user=0.01 sys=0.00, real=0.00 secs] 
290.494: Total time for which application threads were stopped: 0.0045280 seconds, Stopping threads took: 0.0021670 seconds
290.568: Application time: 0.0736030 seconds
290.570: [GC [PSYoungGen: 91200K->7120K(97280K)] 111257K->27193K(319488K), 0.0021210 secs] [Times: user=0.02 sys=0.00, real=0.00 secs] 
290.573: Total time for which application threads were stopped: 0.0048350 seconds, Stopping threads took: 0.0026090 seconds
290.651: Application time: 0.0780670 seconds
290.653: [GC [PSYoungGen: 90576K->7808K(97280K)] 110649K->27881K(319488K), 0.0023010 secs] [Times: user=0.01 sys=0.00, real=0.00 secs] 
290.656: Total time for which application threads were stopped: 0.0051430 seconds, Stopping threads took: 0.0027390 seconds
290.731: Application time: 0.0747220 seconds
290.733: [GC [PSYoungGen: 91264K->6960K(97280K)] 111337K->27033K(319488K), 0.0021230 secs] [Times: user=0.01 sys=0.00, real=0.00 secs] 
290.735: Total time for which application threads were stopped: 0.0046630 seconds, Stopping threads took: 0.0024520 seconds
290.811: Application time: 0.0760450 seconds
290.813: [GC [PSYoungGen: 90416K->7680K(97280K)] 110489K->27761K(319488K), 0.0023390 secs] [Times: user=0.01 sys=0.00, real=0.00 secs] 
290.816: Total time for which application threads were stopped: 0.0044450 seconds, Stopping threads took: 0.0020160 seconds
290.888: Application time: 0.0721850 seconds
290.890: [GC [PSYoungGen: 91136K->6896K(97280K)] 111217K->26985K(319488K), 0.0019170 secs] [Times: user=0.01 sys=0.00, real=0.00 secs] 
290.892: Total time for which application threads were stopped: 0.0044630 seconds, Stopping threads took: 0.0024710 seconds
290.968: Application time: 0.0758370 seconds
290.971: [GC [PSYoungGen: 90352K->7760K(97280K)] 110441K->27849K(319488K), 0.0023180 secs] [Times: user=0.02 sys=0.00, real=0.00 secs] 
290.973: Total time for which application threads were stopped: 0.0050950 seconds, Stopping threads took: 0.0026950 seconds
291.045: Application time: 0.0722060 seconds
291.049: [GC [PSYoungGen: 91216K->7008K(97280K)] 111305K->27105K(319488K), 0.0022250 secs] [Times: user=0.01 sys=0.00, real=0.00 secs] 
291.051: Total time for which application threads were stopped: 0.0059860 seconds, Stopping threads took: 0.0036730 seconds
291.126: Application time: 0.0745080 seconds
291.128: [GC [PSYoungGen: 90464K->7504K(97280K)] 110561K->27601K(319488K), 0.0022000 secs] [Times: user=0.02 sys=0.00, real=0.00 secs] 
291.131: Total time for which application threads were stopped: 0.0046250 seconds, Stopping threads took: 0.0023360 seconds
291.204: Application time: 0.0737850 seconds
291.207: [GC [PSYoungGen: 90960K->6896K(97280K)] 111057K->26993K(319488K), 0.0019380 secs] [Times: user=0.01 sys=0.00, real=0.00 secs] 
291.209: Total time for which application threads were stopped: 0.0042240 seconds, Stopping threads took: 0.0022110 seconds
291.284: Application time: 0.0754950 seconds
291.286: [GC [PSYoungGen: 90352K->7200K(97280K)] 110449K->27305K(319488K), 0.0020890 secs] [Times: user=0.02 sys=0.00, real=0.00 secs] 
291.288: Total time for which application threads were stopped: 0.0038910 seconds, Stopping threads took: 0.0017150 seconds
291.366: Application time: 0.0777660 seconds
291.368: [GC [PSYoungGen: 90656K->6752K(97280K)] 110761K->26865K(319488K), 0.0018910 secs] [Times: user=0.01 sys=0.00, real=0.00 secs] 
291.370: Total time for which application threads were stopped: 0.0045560 seconds, Stopping threads took: 0.0025790 seconds
291.447: Application time: 0.0767910 seconds
291.449: [GC [PSYoungGen: 90208K->6448K(97280K)] 110321K->26569K(319488K), 0.0018900 secs] [Times: user=0.01 sys=0.00, real=0.00 secs] 
291.450: Total time for which application threads were stopped: 0.0033110 seconds, Stopping threads took: 0.0013410 seconds
291.527: Application time: 0.0764090 seconds
291.530: [GC [PSYoungGen: 89904K->6912K(97280K)] 110025K->27041K(319488K), 0.0019830 secs] [Times: user=0.02 sys=0.00, real=0.00 secs] 
291.532: Total time for which application threads were stopped: 0.0050380 seconds, Stopping threads took: 0.0029640 seconds
291.610: Application time: 0.0779330 seconds
291.613: [GC [PSYoungGen: 90368K->6544K(97280K)] 110497K->26681K(319488K), 0.0018380 secs] [Times: user=0.02 sys=0.00, real=0.00 secs] 
291.614: Total time for which application threads were stopped: 0.0045400 seconds, Stopping threads took: 0.0026210 seconds
291.687: Application time: 0.0723090 seconds
291.689: [GC [PSYoungGen: 90000K->7024K(97280K)] 110137K->27161K(319488K), 0.0021250 secs] [Times: user=0.01 sys=0.00, real=0.00 secs] 
291.692: Total time for which application threads were stopped: 0.0048280 seconds, Stopping threads took: 0.0026060 seconds
291.770: Application time: 0.0783300 seconds
291.772: [GC [PSYoungGen: 90480K->6688K(97280K)] 110617K->26833K(319488K), 0.0021540 secs] [Times: user=0.02 sys=0.00, real=0.00 secs] 
291.775: Total time for which application threads were stopped: 0.0048420 seconds, Stopping threads took: 0.0025820 seconds
291.853: Application time: 0.0784430 seconds
291.853: [GC [PSYoungGen: 90144K->5200K(97280K)] 110289K->25353K(319488K), 0.0016430 secs] [Times: user=0.01 sys=0.00, real=0.00 secs] 
291.855: Total time for which application threads were stopped: 0.0019310 seconds, Stopping threads took: 0.0002130 seconds
291.934: Application time: 0.0785970 seconds
291.936: [GC [PSYoungGen: 88656K->7120K(97280K)] 108809K->27281K(319488K), 0.0021770 secs] [Times: user=0.02 sys=0.00, real=0.01 secs] 
291.938: Total time for which application threads were stopped: 0.0046320 seconds, Stopping threads took: 0.0023660 seconds
292.014: Application time: 0.0753890 seconds
292.016: [GC [PSYoungGen: 90576K->8048K(97280K)] 110737K->28217K(319488K), 0.0022570 secs] [Times: user=0.02 sys=0.00, real=0.01 secs] 
292.019: Total time for which application threads were stopped: 0.0049180 seconds, Stopping threads took: 0.0025770 seconds
292.094: Application time: 0.0752440 seconds
292.096: [GC [PSYoungGen: 91504K->8384K(97280K)] 111673K->28561K(319488K), 0.0024320 secs] [Times: user=0.01 sys=0.00, real=0.01 secs] 
292.099: Total time for which application threads were stopped: 0.0050240 seconds, Stopping threads took: 0.0025040 seconds
292.173: Application time: 0.0737100 seconds
292.176: [GC [PSYoungGen: 91840K->7856K(97280K)] 112017K->28033K(319488K), 0.0022570 secs] [Times: user=0.02 sys=0.00, real=0.01 secs] 
292.178: Total time for which application threads were stopped: 0.0053040 seconds, Stopping threads took: 0.0029550 seconds
292.256: Application time: 0.0777530 seconds
292.257: [GC [PSYoungGen: 91312K->6576K(97280K)] 111489K->26761K(319488K), 0.0019360 secs] [Times: user=0.01 sys=0.00, real=0.00 secs] 
292.259: Total time for which application threads were stopped: 0.0034790 seconds, Stopping threads took: 0.0014600 seconds
292.333: Application time: 0.0735300 seconds
292.335: [GC [PSYoungGen: 90032K->8016K(97280K)] 110217K->28209K(319488K), 0.0023120 secs] [Times: user=0.01 sys=0.00, real=0.01 secs] 
292.337: Total time for which application threads were stopped: 0.0046370 seconds, Stopping threads took: 0.0022410 seconds
292.414: Application time: 0.0765780 seconds
292.416: [GC [PSYoungGen: 91472K->7344K(97280K)] 111665K->27545K(319488K), 0.0021440 secs] [Times: user=0.01 sys=0.00, real=0.01 secs] 
292.418: Total time for which application threads were stopped: 0.0040390 seconds, Stopping threads took: 0.0018090 seconds
292.491: Application time: 0.0731300 seconds
292.493: [GC [PSYoungGen: 90800K->6464K(97280K)] 111001K->26673K(319488K), 0.0018610 secs] [Times: user=0.02 sys=0.00, real=0.00 secs] 
292.495: Total time for which application threads were stopped: 0.0042320 seconds, Stopping threads took: 0.0022930 seconds
292.574: Application time: 0.0786560 seconds
292.576: [GC [PSYoungGen: 89920K->6208K(97280K)] 110129K->26425K(319488K), 0.0018740 secs] [Times: user=0.01 sys=0.00, real=0.01 secs] 
292.578: Total time for which application threads were stopped: 0.0036060 seconds, Stopping threads took: 0.0016520 seconds
292.655: Application time: 0.0778220 seconds
292.657: [GC [PSYoungGen: 89664K->6576K(97280K)] 109881K->26793K(319488K), 0.0019190 secs] [Times: user=0.01 sys=0.00, real=0.01 secs] 
292.659: Total time for which application threads were stopped: 0.0034270 seconds, Stopping threads took: 0.0014300 seconds
292.738: Application time: 0.0794000 seconds
292.741: [GC [PSYoungGen: 90032K->7952K(97280K)] 110249K->28177K(319488K), 0.0023000 secs] [Times: user=0.01 sys=0.00, real=0.00 secs] 
292.744: Total time for which application threads were stopped: 0.0054730 seconds, Stopping threads took: 0.0030790 seconds
292.817: Application time: 0.0737470 seconds
292.819: [GC [PSYoungGen: 91408K->6944K(97280K)] 111633K->27177K(319488K), 0.0020180 secs] [Times: user=0.01 sys=0.00, real=0.00 secs] 
292.821: Total time for which application threads were stopped: 0.0031800 seconds, Stopping threads took: 0.0010780 seconds
292.904: Application time: 0.0834290 seconds
292.907: [GC [PSYoungGen: 90400K->7376K(97280K)] 110633K->27617K(319488K), 0.0021120 secs] [Times: user=0.02 sys=0.00, real=0.00 secs] 
292.909: Total time for which application threads were stopped: 0.0047280 seconds, Stopping threads took: 0.0025340 seconds
292.988: Application time: 0.0794550 seconds
292.991: [GC [PSYoungGen: 90832K->8368K(97280K)] 111073K->28609K(319488K), 0.0022230 secs] [Times: user=0.01 sys=0.00, real=0.00 secs] 
292.993: Total time for which application threads were stopped: 0.0046730 seconds, Stopping threads took: 0.0023750 seconds
293.074: Application time: 0.0814460 seconds
293.077: [GC [PSYoungGen: 91824K->7680K(97280K)] 112065K->27929K(319488K), 0.0022490 secs] [Times: user=0.02 sys=0.00, real=0.00 secs] 
293.080: Total time for which application threads were stopped: 0.0052750 seconds, Stopping threads took: 0.0029360 seconds
293.162: Application time: 0.0827860 seconds
293.165: [GC [PSYoungGen: 91136K->6448K(97280K)] 111385K->26697K(319488K), 0.0019360 secs] [Times: user=0.01 sys=0.00, real=0.01 secs] 
293.167: Total time for which application threads were stopped: 0.0044390 seconds, Stopping threads took: 0.0024180 seconds
293.249: Application time: 0.0823690 seconds
293.251: [GC [PSYoungGen: 89904K->6384K(97280K)] 110153K->26641K(319488K), 0.0019310 secs] [Times: user=0.01 sys=0.00, real=0.00 secs] 
293.253: Total time for which application threads were stopped: 0.0037810 seconds, Stopping threads took: 0.0017590 seconds
293.331: Application time: 0.0782780 seconds
293.334: [GC [PSYoungGen: 89840K->6656K(97280K)] 110097K->26921K(319488K), 0.0021980 secs] [Times: user=0.02 sys=0.00, real=0.00 secs] 
293.336: Total time for which application threads were stopped: 0.0044870 seconds, Stopping threads took: 0.0022050 seconds
293.413: Application time: 0.0773080 seconds
293.415: [GC [PSYoungGen: 90112K->6976K(97280K)] 110377K->27249K(319488K), 0.0020120 secs] [Times: user=0.01 sys=0.00, real=0.00 secs] 
293.417: Total time for which application threads were stopped: 0.0038870 seconds, Stopping threads took: 0.0017890 seconds
293.499: Application time: 0.0815870 seconds
293.500: [GC [PSYoungGen: 90432K->7440K(97280K)] 110705K->27713K(319488K), 0.0020700 secs] [Times: user=0.01 sys=0.00, real=0.00 secs] 
293.503: Total time for which application threads were stopped: 0.0039200 seconds, Stopping threads took: 0.0017650 seconds
293.584: Application time: 0.0810390 seconds
293.586: [GC [PSYoungGen: 90896K->7728K(97280K)] 111169K->28009K(319488K), 0.0022790 secs] [Times: user=0.01 sys=0.00, real=0.00 secs] 
293.589: Total time for which application threads were stopped: 0.0051620 seconds, Stopping threads took: 0.0027990 seconds
293.670: Application time: 0.0810650 seconds
293.672: [GC [PSYoungGen: 91184K->6224K(97280K)] 111465K->26505K(319488K), 0.0017680 secs] [Times: user=0.01 sys=0.00, real=0.00 secs] 
293.674: Total time for which application threads were stopped: 0.0043600 seconds, Stopping threads took: 0.0025190 seconds
293.758: Application time: 0.0836280 seconds
293.760: [GC [PSYoungGen: 89680K->6672K(97280K)] 109961K->26953K(319488K), 0.0020060 secs] [Times: user=0.01 sys=0.00, real=0.00 secs] 
293.762: Total time for which application threads were stopped: 0.0042930 seconds, Stopping threads took: 0.0021830 seconds
293.840: Application time: 0.0783620 seconds
293.843: [GC [PSYoungGen: 90128K->6016K(97280K)] 110409K->26305K(319488K), 0.0017950 secs] [Times: user=0.02 sys=0.00, real=0.00 secs] 
293.844: Total time for which application threads were stopped: 0.0040040 seconds, Stopping threads took: 0.0021260 seconds
293.928: Application time: 0.0837900 seconds
293.931: [GC [PSYoungGen: 89472K->6704K(97280K)] 109761K->27001K(319488K), 0.0019080 secs] [Times: user=0.01 sys=0.01, real=0.00 secs] 
293.933: Total time for which application threads were stopped: 0.0050950 seconds, Stopping threads took: 0.0031060 seconds
294.013: Application time: 0.0798220 seconds
294.015: [GC [PSYoungGen: 90160K->6128K(97280K)] 110457K->26433K(319488K), 0.0017140 secs] [Times: user=0.01 sys=0.00, real=0.00 secs] 
294.017: Total time for which application threads were stopped: 0.0038730 seconds, Stopping threads took: 0.0020750 seconds
294.096: Application time: 0.0793680 seconds
294.099: [GC [PSYoungGen: 89584K->7696K(97280K)] 109889K->28009K(319488K), 0.0021220 secs] [Times: user=0.01 sys=0.00, real=0.00 secs] 
294.101: Total time for which application threads were stopped: 0.0048790 seconds, Stopping threads took: 0.0026730 seconds
294.179: Application time: 0.0780560 seconds
294.182: [GC [PSYoungGen: 91152K->8000K(97280K)] 111465K->28321K(319488K), 0.0023110 secs] [Times: user=0.02 sys=0.00, real=0.00 secs] 
294.185: Total time for which application threads were stopped: 0.0053140 seconds, Stopping threads took: 0.0029160 seconds
294.266: Application time: 0.0815100 seconds
294.269: [GC [PSYoungGen: 91456K->7312K(97280K)] 111777K->27633K(319488K), 0.0021470 secs] [Times: user=0.01 sys=0.00, real=0.00 secs] 
294.272: Total time for which application threads were stopped: 0.0053560 seconds, Stopping threads took: 0.0031130 seconds
294.352: Application time: 0.0809090 seconds
294.354: [GC [PSYoungGen: 90768K->7888K(97280K)] 111089K->28217K(319488K), 0.0022960 secs] [Times: user=0.02 sys=0.00, real=0.00 secs] 
294.357: Total time for which application threads were stopped: 0.0043330 seconds, Stopping threads took: 0.0019510 seconds
294.436: Application time: 0.0787760 seconds
294.438: [GC [PSYoungGen: 91344K->6560K(97280K)] 111673K->26897K(319488K), 0.0018270 secs] [Times: user=0.01 sys=0.00, real=0.00 secs] 
294.440: Total time for which application threads were stopped: 0.0042700 seconds, Stopping threads took: 0.0023580 seconds
294.518: Application time: 0.0777630 seconds
294.520: [GC [PSYoungGen: 90016K->8240K(97280K)] 110353K->28585K(319488K), 0.0023840 secs] [Times: user=0.02 sys=0.00, real=0.00 secs] 
294.523: Total time for which application threads were stopped: 0.0053210 seconds, Stopping threads took: 0.0028490 seconds
294.601: Application time: 0.0780590 seconds
294.603: [GC [PSYoungGen: 91696K->7776K(97280K)] 112041K->28129K(319488K), 0.0022110 secs] [Times: user=0.02 sys=0.00, real=0.01 secs] 
294.606: Total time for which application threads were stopped: 0.0046340 seconds, Stopping threads took: 0.0023340 seconds
294.687: Application time: 0.0814910 seconds
294.690: [GC [PSYoungGen: 91232K->7104K(97280K)] 111585K->27465K(319488K), 0.0021600 secs] [Times: user=0.01 sys=0.00, real=0.00 secs] 
294.693: Total time for which application threads were stopped: 0.0055020 seconds, Stopping threads took: 0.0032570 seconds
294.773: Application time: 0.0807690 seconds
294.775: [GC [PSYoungGen: 90560K->7232K(97280K)] 110921K->27593K(319488K), 0.0021690 secs] [Times: user=0.01 sys=0.00, real=0.01 secs] 
294.777: Total time for which application threads were stopped: 0.0038130 seconds, Stopping threads took: 0.0015520 seconds
294.857: Application time: 0.0798420 seconds
294.859: [GC [PSYoungGen: 90688K->7376K(97280K)] 111049K->27745K(319488K), 0.0021670 secs] [Times: user=0.02 sys=0.00, real=0.00 secs] 
294.861: Total time for which application threads were stopped: 0.0042200 seconds, Stopping threads took: 0.0019660 seconds
294.943: Application time: 0.0816160 seconds
294.946: [GC [PSYoungGen: 90832K->6384K(97280K)] 111201K->26777K(319488K), 0.0019780 secs] [Times: user=0.01 sys=0.00, real=0.00 secs] 
294.948: Total time for which application threads were stopped: 0.0050570 seconds, Stopping threads took: 0.0029950 seconds
295.029: Application time: 0.0814650 seconds
295.032: [GC [PSYoungGen: 89840K->6432K(97280K)] 110233K->26833K(319488K), 0.0017900 secs] [Times: user=0.02 sys=0.00, real=0.00 secs] 
295.034: Total time for which application threads were stopped: 0.0044300 seconds, Stopping threads took: 0.0025680 seconds
295.116: Application time: 0.0820380 seconds
295.118: [GC [PSYoungGen: 89888K->5472K(97280K)] 110289K->25881K(319488K), 0.0017270 secs] [Times: user=0.01 sys=0.00, real=0.00 secs] 
295.120: Total time for which application threads were stopped: 0.0041870 seconds, Stopping threads took: 0.0023800 seconds
295.198: Application time: 0.0778680 seconds
295.199: [GC [PSYoungGen: 88928K->7312K(97280K)] 109337K->27729K(319488K), 0.0021670 secs] [Times: user=0.02 sys=0.00, real=0.00 secs] 
295.201: Total time for which application threads were stopped: 0.0033350 seconds, Stopping threads took: 0.0010810 seconds
295.283: Application time: 0.0816140 seconds
295.286: [GC [PSYoungGen: 90768K->7760K(97280K)] 111185K->28177K(319488K), 0.0021860 secs] [Times: user=0.02 sys=0.00, real=0.00 secs] 
295.288: Total time for which application threads were stopped: 0.0053010 seconds, Stopping threads took: 0.0030160 seconds
295.368: Application time: 0.0797190 seconds
295.370: [GC [PSYoungGen: 91216K->7440K(97280K)] 111633K->27865K(319488K), 0.0023030 secs] [Times: user=0.01 sys=0.00, real=0.00 secs] 
295.373: Total time for which application threads were stopped: 0.0048880 seconds, Stopping threads took: 0.0024830 seconds
295.451: Application time: 0.0782630 seconds
295.454: [GC [PSYoungGen: 90896K->7728K(97280K)] 111321K->28161K(319488K), 0.0024730 secs] [Times: user=0.01 sys=0.00, real=0.00 secs] 
295.457: Total time for which application threads were stopped: 0.0054850 seconds, Stopping threads took: 0.0029140 seconds
295.535: Application time: 0.0783670 seconds
295.538: [GC [PSYoungGen: 91184K->6480K(97280K)] 111617K->26921K(319488K), 0.0019060 secs] [Times: user=0.01 sys=0.00, real=0.00 secs] 
295.539: Total time for which application threads were stopped: 0.0045570 seconds, Stopping threads took: 0.0025700 seconds
295.621: Application time: 0.0814740 seconds
295.624: [GC [PSYoungGen: 89936K->7920K(97280K)] 110377K->28369K(319488K), 0.0023080 secs] [Times: user=0.02 sys=0.00, real=0.01 secs] 
295.626: Total time for which application threads were stopped: 0.0051320 seconds, Stopping threads took: 0.0027170 seconds
295.704: Application time: 0.0780510 seconds
295.707: [GC [PSYoungGen: 91375K->7392K(97280K)] 111825K->27849K(319488K), 0.0021040 secs] [Times: user=0.02 sys=0.00, real=0.00 secs] 
295.709: Total time for which application threads were stopped: 0.0049940 seconds, Stopping threads took: 0.0028050 seconds
295.791: Application time: 0.0816460 seconds
295.793: [GC [PSYoungGen: 90848K->7632K(97280K)] 111305K->28089K(319488K), 0.0021630 secs] [Times: user=0.01 sys=0.00, real=0.00 secs] 
295.795: Total time for which application threads were stopped: 0.0045160 seconds, Stopping threads took: 0.0022450 seconds
295.873: Application time: 0.0780930 seconds
295.876: [GC [PSYoungGen: 91088K->7056K(97280K)] 111545K->27513K(319488K), 0.0021360 secs] [Times: user=0.01 sys=0.00, real=0.01 secs] 
295.879: Total time for which application threads were stopped: 0.0050900 seconds, Stopping threads took: 0.0028660 seconds
295.959: Application time: 0.0804840 seconds
295.962: [GC [PSYoungGen: 90512K->7520K(97280K)] 110969K->27993K(319488K), 0.0021510 secs] [Times: user=0.01 sys=0.01, real=0.00 secs] 
295.964: Total time for which application threads were stopped: 0.0052440 seconds, Stopping threads took: 0.0030060 seconds
296.042: Application time: 0.0778530 seconds
296.043: [GC [PSYoungGen: 90976K->7920K(97280K)] 111449K->28401K(319488K), 0.0023310 secs] [Times: user=0.02 sys=0.00, real=0.01 secs] 
296.046: Total time for which application threads were stopped: 0.0037650 seconds, Stopping threads took: 0.0013440 seconds
296.124: Application time: 0.0778110 seconds
296.126: [GC [PSYoungGen: 91376K->7248K(97280K)] 111857K->27729K(319488K), 0.0022440 secs] [Times: user=0.01 sys=0.00, real=0.00 secs] 
296.128: Total time for which application threads were stopped: 0.0048050 seconds, Stopping threads took: 0.0024660 seconds
296.206: Application time: 0.0774970 seconds
296.209: [GC [PSYoungGen: 90704K->7248K(97280K)] 111185K->27737K(319488K), 0.0020080 secs] [Times: user=0.01 sys=0.00, real=0.00 secs] 
296.211: Total time for which application threads were stopped: 0.0047700 seconds, Stopping threads took: 0.0026830 seconds
296.292: Application time: 0.0813630 seconds
296.294: [GC [PSYoungGen: 90704K->7664K(97280K)] 111193K->28153K(319488K), 0.0023040 secs] [Times: user=0.02 sys=0.00, real=0.00 secs] 
296.297: Total time for which application threads were stopped: 0.0046990 seconds, Stopping threads took: 0.0022750 seconds
296.375: Application time: 0.0783520 seconds
296.378: [GC [PSYoungGen: 91120K->6992K(97280K)] 111609K->27481K(319488K), 0.0020500 secs] [Times: user=0.02 sys=0.00, real=0.00 secs] 
296.380: Total time for which application threads were stopped: 0.0045180 seconds, Stopping threads took: 0.0023840 seconds
296.460: Application time: 0.0799170 seconds
296.462: [GC [PSYoungGen: 90448K->6672K(97280K)] 110937K->27169K(319488K), 0.0020170 secs] [Times: user=0.01 sys=0.00, real=0.00 secs] 
296.464: Total time for which application threads were stopped: 0.0046920 seconds, Stopping threads took: 0.0026010 seconds
296.542: Application time: 0.0777260 seconds
296.544: [GC [PSYoungGen: 90128K->6704K(97280K)] 110625K->27209K(319488K), 0.0018990 secs] [Times: user=0.01 sys=0.00, real=0.01 secs] 
296.546: Total time for which application threads were stopped: 0.0041370 seconds, Stopping threads took: 0.0021600 seconds
296.624: Application time: 0.0780980 seconds
296.627: [GC [PSYoungGen: 90160K->7232K(97280K)] 110665K->27753K(319488K), 0.0021230 secs] [Times: user=0.01 sys=0.00, real=0.00 secs] 
296.629: Total time for which application threads were stopped: 0.0045930 seconds, Stopping threads took: 0.0023850 seconds
296.707: Application time: 0.0784440 seconds
296.709: [GC [PSYoungGen: 90688K->7712K(97280K)] 111209K->28241K(319488K), 0.0021340 secs] [Times: user=0.01 sys=0.00, real=0.00 secs] 
296.711: Total time for which application threads were stopped: 0.0039760 seconds, Stopping threads took: 0.0017520 seconds
296.795: Application time: 0.0835330 seconds
296.798: [GC [PSYoungGen: 91168K->6464K(97280K)] 111697K->26993K(319488K), 0.0019010 secs] [Times: user=0.01 sys=0.00, real=0.00 secs] 
296.799: Total time for which application threads were stopped: 0.0046600 seconds, Stopping threads took: 0.0026670 seconds
296.875: Application time: 0.0754530 seconds
296.877: [GC [PSYoungGen: 89920K->5888K(97280K)] 110449K->26417K(319488K), 0.0017920 secs] [Times: user=0.01 sys=0.00, real=0.00 secs] 
296.879: Total time for which application threads were stopped: 0.0040870 seconds, Stopping threads took: 0.0022130 seconds
296.956: Application time: 0.0773590 seconds
296.958: [GC [PSYoungGen: 89344K->8112K(97280K)] 109873K->28649K(319488K), 0.0023400 secs] [Times: user=0.01 sys=0.00, real=0.00 secs] 
296.961: Total time for which application threads were stopped: 0.0041640 seconds, Stopping threads took: 0.0017370 seconds
297.035: Application time: 0.0744980 seconds
297.037: [GC [PSYoungGen: 91568K->5952K(97280K)] 112105K->26497K(319488K), 0.0017730 secs] [Times: user=0.00 sys=0.01, real=0.01 secs] 
297.039: Total time for which application threads were stopped: 0.0037870 seconds, Stopping threads took: 0.0019320 seconds
297.115: Application time: 0.0756600 seconds
297.117: [GC [PSYoungGen: 89408K->7584K(97280K)] 109953K->28137K(319488K), 0.0021780 secs] [Times: user=0.02 sys=0.00, real=0.01 secs] 
297.119: Total time for which application threads were stopped: 0.0044320 seconds, Stopping threads took: 0.0021590 seconds
297.196: Application time: 0.0768730 seconds
297.197: [GC [PSYoungGen: 91040K->7440K(97280K)] 111593K->28001K(319488K), 0.0020530 secs] [Times: user=0.01 sys=0.00, real=0.00 secs] 
297.199: Total time for which application threads were stopped: 0.0033710 seconds, Stopping threads took: 0.0012400 seconds
297.279: Application time: 0.0799110 seconds
297.282: [GC [PSYoungGen: 90896K->7568K(97280K)] 111457K->28137K(319488K), 0.0020990 secs] [Times: user=0.01 sys=0.00, real=0.00 secs] 
297.284: Total time for which application threads were stopped: 0.0046070 seconds, Stopping threads took: 0.0024330 seconds
297.362: Application time: 0.0786250 seconds
297.364: [GC [PSYoungGen: 91024K->5856K(97280K)] 111593K->26425K(319488K), 0.0017970 secs] [Times: user=0.02 sys=0.00, real=0.01 secs] 
297.366: Total time for which application threads were stopped: 0.0031990 seconds, Stopping threads took: 0.0013140 seconds
297.439: Application time: 0.0735720 seconds
297.441: [GC [PSYoungGen: 89312K->7552K(97280K)] 109881K->28145K(319488K), 0.0020570 secs] [Times: user=0.02 sys=0.00, real=0.00 secs] 
297.443: Total time for which application threads were stopped: 0.0043430 seconds, Stopping threads took: 0.0022070 seconds
297.522: Application time: 0.0789380 seconds
297.525: [GC [PSYoungGen: 91008K->7904K(97280K)] 111601K->28513K(319488K), 0.0021590 secs] [Times: user=0.02 sys=0.00, real=0.01 secs] 
297.527: Total time for which application threads were stopped: 0.0047650 seconds, Stopping threads took: 0.0025240 seconds
297.601: Application time: 0.0740150 seconds
297.603: [GC [PSYoungGen: 91360K->7552K(97280K)] 111969K->28185K(319488K), 0.0022180 secs] [Times: user=0.01 sys=0.00, real=0.00 secs] 
297.605: Total time for which application threads were stopped: 0.0037800 seconds, Stopping threads took: 0.0014750 seconds
297.679: Application time: 0.0744780 seconds
297.681: [GC [PSYoungGen: 91008K->6384K(97280K)] 111641K->27025K(319488K), 0.0017930 secs] [Times: user=0.01 sys=0.00, real=0.00 secs] 
297.683: Total time for which application threads were stopped: 0.0037550 seconds, Stopping threads took: 0.0018890 seconds
297.761: Application time: 0.0777230 seconds
297.763: [GC [PSYoungGen: 89840K->6976K(97280K)] 110481K->27625K(319488K), 0.0020050 secs] [Times: user=0.01 sys=0.00, real=0.01 secs] 
297.765: Total time for which application threads were stopped: 0.0042540 seconds, Stopping threads took: 0.0021670 seconds
297.839: Application time: 0.0738170 seconds
297.841: [GC [PSYoungGen: 90432K->6960K(97280K)] 111081K->27609K(319488K), 0.0020150 secs] [Times: user=0.01 sys=0.00, real=0.00 secs] 
297.843: Total time for which application threads were stopped: 0.0038800 seconds, Stopping threads took: 0.0017840 seconds
297.919: Application time: 0.0759310 seconds
297.921: [GC [PSYoungGen: 90416K->6688K(97280K)] 111065K->27337K(319488K), 0.0019800 secs] [Times: user=0.01 sys=0.00, real=0.00 secs] 
297.923: Total time for which application threads were stopped: 0.0041730 seconds, Stopping threads took: 0.0021060 seconds
297.995: Application time: 0.0722260 seconds
297.997: [GC [PSYoungGen: 90144K->6944K(97280K)] 110793K->27601K(319488K), 0.0019550 secs] [Times: user=0.01 sys=0.00, real=0.01 secs] 
297.999: Total time for which application threads were stopped: 0.0035590 seconds, Stopping threads took: 0.0015220 seconds
298.074: Application time: 0.0747360 seconds
298.076: [GC [PSYoungGen: 90400K->6960K(97280K)] 111057K->27625K(319488K), 0.0021420 secs] [Times: user=0.01 sys=0.00, real=0.01 secs] 
298.078: Total time for which application threads were stopped: 0.0045040 seconds, Stopping threads took: 0.0022770 seconds
298.153: Application time: 0.0750750 seconds
298.155: [GC [PSYoungGen: 90416K->7088K(97280K)] 111081K->27761K(319488K), 0.0021900 secs] [Times: user=0.02 sys=0.00, real=0.01 secs] 
298.158: Total time for which application threads were stopped: 0.0046270 seconds, Stopping threads took: 0.0023490 seconds
298.231: Application time: 0.0736080 seconds
298.234: [GC [PSYoungGen: 90544K->6720K(97280K)] 111217K->27401K(319488K), 0.0022280 secs] [Times: user=0.02 sys=0.00, real=0.00 secs] 
298.236: Total time for which application threads were stopped: 0.0050490 seconds, Stopping threads took: 0.0027090 seconds
298.312: Application time: 0.0752370 seconds
298.314: [GC [PSYoungGen: 90176K->8240K(97280K)] 110857K->28921K(319488K), 0.0023750 secs] [Times: user=0.01 sys=0.00, real=0.00 secs] 
298.316: Total time for which application threads were stopped: 0.0047310 seconds, Stopping threads took: 0.0022550 seconds
298.395: Application time: 0.0784320 seconds
298.397: [GC [PSYoungGen: 91696K->6336K(97280K)] 112377K->27017K(319488K), 0.0018240 secs] [Times: user=0.01 sys=0.00, real=0.00 secs] 
298.399: Total time for which application threads were stopped: 0.0041340 seconds, Stopping threads took: 0.0022330 seconds
298.475: Application time: 0.0763430 seconds
298.477: [GC [PSYoungGen: 89792K->6624K(97280K)] 110473K->27313K(319488K), 0.0019210 secs] [Times: user=0.02 sys=0.00, real=0.01 secs] 
298.479: Total time for which application threads were stopped: 0.0036280 seconds, Stopping threads took: 0.0016170 seconds
298.553: Application time: 0.0736790 seconds
298.555: [GC [PSYoungGen: 90080K->6976K(97280K)] 110769K->27673K(319488K), 0.0021210 secs] [Times: user=0.02 sys=0.00, real=0.01 secs] 
298.557: Total time for which application threads were stopped: 0.0046710 seconds, Stopping threads took: 0.0024680 seconds
298.634: Application time: 0.0768160 seconds
298.636: [GC [PSYoungGen: 90432K->7856K(97280K)] 111129K->28561K(319488K), 0.0022490 secs] [Times: user=0.02 sys=0.00, real=0.01 secs] 
298.638: Total time for which application threads were stopped: 0.0039270 seconds, Stopping threads took: 0.0015940 seconds
298.714: Application time: 0.0762470 seconds
298.717: [GC [PSYoungGen: 91312K->7200K(97280K)] 112017K->27913K(319488K), 0.0021220 secs] [Times: user=0.01 sys=0.00, real=0.01 secs] 
298.719: Total time for which application threads were stopped: 0.0049000 seconds, Stopping threads took: 0.0026950 seconds
298.792: Application time: 0.0732560 seconds
298.794: [GC [PSYoungGen: 90656K->7104K(97280K)] 111369K->27817K(319488K), 0.0020630 secs] [Times: user=0.02 sys=0.00, real=0.00 secs] 
298.797: Total time for which application threads were stopped: 0.0040910 seconds, Stopping threads took: 0.0019430 seconds
298.872: Application time: 0.0752950 seconds
298.874: [GC [PSYoungGen: 90560K->6016K(97280K)] 111273K->26729K(319488K), 0.0017620 secs] [Times: user=0.01 sys=0.00, real=0.00 secs] 
298.876: Total time for which application threads were stopped: 0.0041460 seconds, Stopping threads took: 0.0023030 seconds
298.950: Application time: 0.0736280 seconds
298.952: [GC [PSYoungGen: 89472K->6256K(97280K)] 110185K->26977K(319488K), 0.0017770 secs] [Times: user=0.01 sys=0.00, real=0.00 secs] 
298.954: Total time for which application threads were stopped: 0.0044760 seconds, Stopping threads took: 0.0026180 seconds
299.030: Application time: 0.0759620 seconds
299.031: [GC [PSYoungGen: 89712K->7536K(97280K)] 110433K->28273K(319488K), 0.0023230 secs] [Times: user=0.01 sys=0.00, real=0.00 secs] 
299.034: Total time for which application threads were stopped: 0.0036670 seconds, Stopping threads took: 0.0012500 seconds
299.108: Application time: 0.0739130 seconds
299.110: [GC [PSYoungGen: 90992K->7184K(97280K)] 111729K->27929K(319488K), 0.0019180 secs] [Times: user=0.01 sys=0.00, real=0.00 secs] 
299.112: Total time for which application threads were stopped: 0.0042610 seconds, Stopping threads took: 0.0022690 seconds
299.191: Application time: 0.0791790 seconds
299.194: [GC [PSYoungGen: 90640K->7664K(97280K)] 111385K->28425K(319488K), 0.0023440 secs] [Times: user=0.01 sys=0.00, real=0.00 secs] 
299.196: Total time for which application threads were stopped: 0.0050430 seconds, Stopping threads took: 0.0026000 seconds
299.270: Application time: 0.0734880 seconds
299.271: [GC [PSYoungGen: 91120K->6336K(97280K)] 111881K->27097K(319488K), 0.0018820 secs] [Times: user=0.01 sys=0.00, real=0.00 secs] 
299.273: Total time for which application threads were stopped: 0.0037480 seconds, Stopping threads took: 0.0017720 seconds
299.348: Application time: 0.0744920 seconds
299.350: [GC [PSYoungGen: 89792K->6560K(97280K)] 110553K->27321K(319488K), 0.0020700 secs] [Times: user=0.01 sys=0.00, real=0.00 secs] 
299.352: Total time for which application threads were stopped: 0.0038850 seconds, Stopping threads took: 0.0017350 seconds
299.426: Application time: 0.0745300 seconds
299.428: [GC [PSYoungGen: 90016K->6240K(97280K)] 110777K->27009K(319488K), 0.0017750 secs] [Times: user=0.01 sys=0.00, real=0.00 secs] 
299.430: Total time for which application threads were stopped: 0.0034480 seconds, Stopping threads took: 0.0016020 seconds
299.505: Application time: 0.0750080 seconds
299.506: [GC [PSYoungGen: 89696K->6704K(97280K)] 110465K->27481K(319488K), 0.0019570 secs] [Times: user=0.01 sys=0.00, real=0.00 secs] 
299.508: Total time for which application threads were stopped: 0.0034630 seconds, Stopping threads took: 0.0014200 seconds
299.584: Application time: 0.0759420 seconds
299.585: [GC [PSYoungGen: 90160K->6352K(97280K)] 110937K->27137K(319488K), 0.0018570 secs] [Times: user=0.01 sys=0.00, real=0.01 secs] 
299.587: Total time for which application threads were stopped: 0.0027170 seconds, Stopping threads took: 0.0007700 seconds
299.659: Application time: 0.0722790 seconds
299.662: [GC [PSYoungGen: 89808K->7808K(97280K)] 110593K->28609K(319488K), 0.0023130 secs] [Times: user=0.02 sys=0.00, real=0.00 secs] 
299.664: Total time for which application threads were stopped: 0.0048220 seconds, Stopping threads took: 0.0024240 seconds
299.735: Application time: 0.0714830 seconds
299.737: [GC [PSYoungGen: 91264K->7136K(97280K)] 112065K->27945K(319488K), 0.0020230 secs] [Times: user=0.01 sys=0.00, real=0.00 secs] 
299.739: Total time for which application threads were stopped: 0.0037420 seconds, Stopping threads took: 0.0016330 seconds
299.813: Application time: 0.0735320 seconds
299.816: [GC [PSYoungGen: 90592K->6240K(97280K)] 111401K->27049K(319488K), 0.0017740 secs] [Times: user=0.01 sys=0.00, real=0.01 secs] 
299.818: Total time for which application threads were stopped: 0.0048530 seconds, Stopping threads took: 0.0029970 seconds
299.892: Application time: 0.0745320 seconds
299.894: [GC [PSYoungGen: 89696K->6400K(97280K)] 110505K->27225K(319488K), 0.0018370 secs] [Times: user=0.01 sys=0.00, real=0.00 secs] 
299.896: Total time for which application threads were stopped: 0.0037390 seconds, Stopping threads took: 0.0018210 seconds
299.969: Application time: 0.0733130 seconds
299.972: [GC [PSYoungGen: 89856K->7536K(97280K)] 110681K->28369K(319488K), 0.0022540 secs] [Times: user=0.01 sys=0.00, real=0.00 secs] 
299.974: Total time for which application threads were stopped: 0.0046890 seconds, Stopping threads took: 0.0023450 seconds
300.049: Application time: 0.0747380 seconds
300.050: [GC [PSYoungGen: 90992K->6912K(97280K)] 111825K->27753K(319488K), 0.0020120 secs] [Times: user=0.02 sys=0.00, real=0.00 secs] 
300.052: Total time for which application threads were stopped: 0.0035690 seconds, Stopping threads took: 0.0014620 seconds
300.127: Application time: 0.0744070 seconds
300.129: [GC [PSYoungGen: 90368K->7280K(97280K)] 111209K->28129K(319488K), 0.0021370 secs] [Times: user=0.01 sys=0.00, real=0.00 secs] 
300.132: Total time for which application threads were stopped: 0.0050780 seconds, Stopping threads took: 0.0028420 seconds
300.205: Application time: 0.0728560 seconds
300.207: [GC [PSYoungGen: 90736K->8336K(97280K)] 111585K->29201K(319488K), 0.0024220 secs] [Times: user=0.02 sys=0.00, real=0.00 secs] 
300.209: Total time for which application threads were stopped: 0.0046930 seconds, Stopping threads took: 0.0021850 seconds
300.284: Application time: 0.0750990 seconds
300.287: [GC [PSYoungGen: 91792K->7632K(97280K)] 112657K->28497K(319488K), 0.0021950 secs] [Times: user=0.01 sys=0.00, real=0.00 secs] 
300.289: Total time for which application threads were stopped: 0.0045750 seconds, Stopping threads took: 0.0022980 seconds
300.366: Application time: 0.0774110 seconds
300.368: [GC [PSYoungGen: 91088K->5904K(97280K)] 111953K->26777K(319488K), 0.0018230 secs] [Times: user=0.01 sys=0.00, real=0.00 secs] 
300.370: Total time for which application threads were stopped: 0.0034960 seconds, Stopping threads took: 0.0015940 seconds
300.446: Application time: 0.0766220 seconds
300.449: [GC [PSYoungGen: 89360K->7120K(97280K)] 110233K->28001K(319488K), 0.0020560 secs] [Times: user=0.01 sys=0.00, real=0.00 secs] 
300.451: Total time for which application threads were stopped: 0.0043440 seconds, Stopping threads took: 0.0022030 seconds
300.526: Application time: 0.0755750 seconds
300.529: [GC [PSYoungGen: 90576K->7104K(97280K)] 111457K->27993K(319488K), 0.0020570 secs] [Times: user=0.02 sys=0.00, real=0.00 secs] 
300.531: Total time for which application threads were stopped: 0.0045060 seconds, Stopping threads took: 0.0023710 seconds
300.610: Application time: 0.0792660 seconds
300.612: [GC [PSYoungGen: 90560K->6624K(97280K)] 111449K->27513K(319488K), 0.0019960 secs] [Times: user=0.01 sys=0.00, real=0.00 secs] 
300.614: Total time for which application threads were stopped: 0.0041590 seconds, Stopping threads took: 0.0020850 seconds
300.689: Application time: 0.0745790 seconds
300.691: [GC [PSYoungGen: 90080K->7904K(97280K)] 110969K->28809K(319488K), 0.0023280 secs] [Times: user=0.02 sys=0.00, real=0.00 secs] 
300.694: Total time for which application threads were stopped: 0.0049350 seconds, Stopping threads took: 0.0025160 seconds
300.770: Application time: 0.0759440 seconds
300.772: [GC [PSYoungGen: 91360K->7792K(97280K)] 112265K->28697K(319488K), 0.0024560 secs] [Times: user=0.02 sys=0.00, real=0.00 secs] 
300.775: Total time for which application threads were stopped: 0.0052220 seconds, Stopping threads took: 0.0026580 seconds
300.850: Application time: 0.0745770 seconds
300.853: [GC [PSYoungGen: 91248K->6336K(97280K)] 112153K->27241K(319488K), 0.0018470 secs] [Times: user=0.01 sys=0.00, real=0.00 secs] 
300.854: Total time for which application threads were stopped: 0.0048480 seconds, Stopping threads took: 0.0029200 seconds
300.931: Application time: 0.0769360 seconds
300.934: [GC [PSYoungGen: 89792K->8144K(97280K)] 110697K->29057K(319488K), 0.0028270 secs] [Times: user=0.01 sys=0.00, real=0.00 secs] 
300.937: Total time for which application threads were stopped: 0.0051860 seconds, Stopping threads took: 0.0022530 seconds
301.016: Application time: 0.0795870 seconds
301.019: [GC [PSYoungGen: 91600K->7024K(97280K)] 112513K->27945K(319488K), 0.0018860 secs] [Times: user=0.01 sys=0.00, real=0.00 secs] 
301.021: Total time for which application threads were stopped: 0.0051350 seconds, Stopping threads took: 0.0031740 seconds
301.103: Application time: 0.0816120 seconds
301.105: [GC [PSYoungGen: 90480K->8304K(97280K)] 111401K->29225K(319488K), 0.0024540 secs] [Times: user=0.02 sys=0.00, real=0.00 secs] 
301.108: Total time for which application threads were stopped: 0.0049120 seconds, Stopping threads took: 0.0023650 seconds
301.186: Application time: 0.0782250 seconds
301.187: [GC [PSYoungGen: 91760K->6784K(97280K)] 112681K->27713K(319488K), 0.0019870 secs] [Times: user=0.01 sys=0.00, real=0.00 secs] 
301.189: Total time for which application threads were stopped: 0.0032340 seconds, Stopping threads took: 0.0011660 seconds
301.270: Application time: 0.0804070 seconds
301.272: [GC [PSYoungGen: 90240K->7200K(97280K)] 111169K->28129K(319488K), 0.0020310 secs] [Times: user=0.01 sys=0.00, real=0.00 secs] 
301.274: Total time for which application threads were stopped: 0.0043400 seconds, Stopping threads took: 0.0022230 seconds
301.352: Application time: 0.0780180 seconds
301.355: [GC [PSYoungGen: 90656K->7808K(97280K)] 111585K->28737K(319488K), 0.0023350 secs] [Times: user=0.00 sys=0.00, real=0.01 secs] 
301.358: Total time for which application threads were stopped: 0.0056260 seconds, Stopping threads took: 0.0032040 seconds
301.438: Application time: 0.0808550 seconds
301.440: [GC [PSYoungGen: 91264K->6624K(97280K)] 112193K->27561K(319488K), 0.0020250 secs] [Times: user=0.01 sys=0.00, real=0.00 secs] 
301.442: Total time for which application threads were stopped: 0.0036270 seconds, Stopping threads took: 0.0015110 seconds
301.521: Application time: 0.0785870 seconds
301.523: [GC [PSYoungGen: 90080K->7312K(97280K)] 111017K->28257K(319488K), 0.0021390 secs] [Times: user=0.01 sys=0.00, real=0.01 secs] 
301.525: Total time for which application threads were stopped: 0.0044950 seconds, Stopping threads took: 0.0022720 seconds
301.605: Application time: 0.0802800 seconds
301.609: [GC [PSYoungGen: 90768K->6848K(97280K)] 111713K->27801K(319488K), 0.0019830 secs] [Times: user=0.01 sys=0.00, real=0.00 secs] 
301.611: Total time for which application threads were stopped: 0.0053450 seconds, Stopping threads took: 0.0032790 seconds
301.689: Application time: 0.0777930 seconds
301.691: [GC [PSYoungGen: 90304K->6464K(97280K)] 111257K->27425K(319488K), 0.0019070 secs] [Times: user=0.02 sys=0.00, real=0.00 secs] 
301.693: Total time for which application threads were stopped: 0.0045200 seconds, Stopping threads took: 0.0025280 seconds
301.775: Application time: 0.0822580 seconds
301.779: [GC [PSYoungGen: 89920K->7232K(97280K)] 110881K->28217K(319488K), 0.0021260 secs] [Times: user=0.02 sys=0.00, real=0.00 secs] 
301.781: Total time for which application threads were stopped: 0.0054010 seconds, Stopping threads took: 0.0031790 seconds
301.858: Application time: 0.0774420 seconds
301.860: [GC [PSYoungGen: 90688K->7024K(97280K)] 111673K->28009K(319488K), 0.0020500 secs] [Times: user=0.01 sys=0.00, real=0.00 secs] 
301.862: Total time for which application threads were stopped: 0.0036060 seconds, Stopping threads took: 0.0014680 seconds
301.943: Application time: 0.0813490 seconds
301.946: [GC [PSYoungGen: 90480K->7264K(97280K)] 111465K->28257K(319488K), 0.0021040 secs] [Times: user=0.01 sys=0.00, real=0.00 secs] 
301.948: Total time for which application threads were stopped: 0.0049100 seconds, Stopping threads took: 0.0027210 seconds
302.025: Application time: 0.0773000 seconds
302.028: [GC [PSYoungGen: 90720K->7808K(97280K)] 111713K->28809K(319488K), 0.0022870 secs] [Times: user=0.02 sys=0.00, real=0.00 secs] 
302.030: Total time for which application threads were stopped: 0.0048090 seconds, Stopping threads took: 0.0024300 seconds
302.111: Application time: 0.0811450 seconds
302.113: [GC [PSYoungGen: 91264K->4592K(97280K)] 112265K->25601K(319488K), 0.0015290 secs] [Times: user=0.01 sys=0.01, real=0.00 secs] 
302.115: Total time for which application threads were stopped: 0.0031190 seconds, Stopping threads took: 0.0015120 seconds
302.195: Application time: 0.0800270 seconds
302.196: [GC [PSYoungGen: 88048K->8224K(97280K)] 109057K->29241K(319488K), 0.0024910 secs] [Times: user=0.01 sys=0.00, real=0.01 secs] 
302.199: Total time for which application threads were stopped: 0.0043730 seconds, Stopping threads took: 0.0017880 seconds
302.281: Application time: 0.0818210 seconds
302.283: [GC [PSYoungGen: 91680K->7504K(97280K)] 112697K->28537K(319488K), 0.0021530 secs] [Times: user=0.01 sys=0.00, real=0.00 secs] 
302.285: Total time for which application threads were stopped: 0.0042660 seconds, Stopping threads took: 0.0020140 seconds
302.364: Application time: 0.0787520 seconds
302.366: [GC [PSYoungGen: 90960K->4928K(97280K)] 111993K->25961K(319488K), 0.0015520 secs] [Times: user=0.01 sys=0.00, real=0.00 secs] 
302.368: Total time for which application threads were stopped: 0.0038490 seconds, Stopping threads took: 0.0022200 seconds
302.448: Application time: 0.0805830 seconds
302.451: [GC [PSYoungGen: 88384K->7312K(97280K)] 109417K->28353K(319488K), 0.0021250 secs] [Times: user=0.01 sys=0.00, real=0.00 secs] 
302.453: Total time for which application threads were stopped: 0.0045840 seconds, Stopping threads took: 0.0023770 seconds
302.531: Application time: 0.0780860 seconds
302.533: [GC [PSYoungGen: 90768K->7328K(97280K)] 111809K->28409K(319488K), 0.0021620 secs] [Times: user=0.01 sys=0.00, real=0.00 secs] 
302.536: Total time for which application threads were stopped: 0.0048020 seconds, Stopping threads took: 0.0025590 seconds
302.615: Application time: 0.0795950 seconds
302.618: [GC [PSYoungGen: 90784K->7248K(97280K)] 111865K->28337K(319488K), 0.0023010 secs] [Times: user=0.01 sys=0.00, real=0.00 secs] 
302.620: Total time for which application threads were stopped: 0.0045790 seconds, Stopping threads took: 0.0021920 seconds
302.697: Application time: 0.0774350 seconds
302.700: [GC [PSYoungGen: 90704K->7840K(97280K)] 111793K->28929K(319488K), 0.0025660 secs] [Times: user=0.02 sys=0.00, real=0.00 secs] 
302.703: Total time for which application threads were stopped: 0.0052390 seconds, Stopping threads took: 0.0025840 seconds
302.785: Application time: 0.0825380 seconds
302.787: [GC [PSYoungGen: 91296K->6080K(97280K)] 112385K->27177K(319488K), 0.0018970 secs] [Times: user=0.01 sys=0.00, real=0.00 secs] 
302.789: Total time for which application threads were stopped: 0.0035920 seconds, Stopping threads took: 0.0015800 seconds
302.870: Application time: 0.0811720 seconds
302.872: [GC [PSYoungGen: 89536K->5504K(97280K)] 110633K->26601K(319488K), 0.0016870 secs] [Times: user=0.01 sys=0.00, real=0.00 secs] 
302.874: Total time for which application threads were stopped: 0.0039200 seconds, Stopping threads took: 0.0021500 seconds
302.954: Application time: 0.0798470 seconds
302.956: [GC [PSYoungGen: 88960K->7856K(97280K)] 110057K->28953K(319488K), 0.0022700 secs] [Times: user=0.01 sys=0.00, real=0.01 secs] 
302.958: Total time for which application threads were stopped: 0.0047140 seconds, Stopping threads took: 0.0023610 seconds
303.038: Application time: 0.0794900 seconds
303.041: [GC [PSYoungGen: 91312K->8368K(97280K)] 112409K->29473K(319488K), 0.0025640 secs] [Times: user=0.01 sys=0.00, real=0.00 secs] 
303.043: Total time for which application threads were stopped: 0.0053750 seconds, Stopping threads took: 0.0027240 seconds
303.123: Application time: 0.0801000 seconds
303.125: [GC [PSYoungGen: 91824K->6576K(97280K)] 112929K->27689K(319488K), 0.0019760 secs] [Times: user=0.01 sys=0.00, real=0.00 secs] 
303.127: Total time for which application threads were stopped: 0.0040310 seconds, Stopping threads took: 0.0019690 seconds
303.205: Application time: 0.0773490 seconds
303.207: [GC [PSYoungGen: 90032K->8096K(97280K)] 111145K->29209K(319488K), 0.0022510 secs] [Times: user=0.01 sys=0.00, real=0.00 secs] 
303.210: Total time for which application threads were stopped: 0.0048350 seconds, Stopping threads took: 0.0025010 seconds
303.292: Application time: 0.0826960 seconds
303.294: [GC [PSYoungGen: 91552K->6576K(97280K)] 112665K->27697K(319488K), 0.0019170 secs] [Times: user=0.01 sys=0.00, real=0.00 secs] 
303.296: Total time for which application threads were stopped: 0.0041850 seconds, Stopping threads took: 0.0021750 seconds
303.377: Application time: 0.0810540 seconds
303.379: [GC [PSYoungGen: 90032K->7776K(97280K)] 111153K->28897K(319488K), 0.0023160 secs] [Times: user=0.01 sys=0.00, real=0.00 secs] 
303.381: Total time for which application threads were stopped: 0.0039540 seconds, Stopping threads took: 0.0015520 seconds
303.459: Application time: 0.0776950 seconds
303.462: [GC [PSYoungGen: 91232K->7568K(97280K)] 112353K->28689K(319488K), 0.0021740 secs] [Times: user=0.01 sys=0.00, real=0.00 secs] 
303.464: Total time for which application threads were stopped: 0.0049130 seconds, Stopping threads took: 0.0026630 seconds
303.549: Application time: 0.0846600 seconds
303.552: [GC [PSYoungGen: 91024K->4992K(97280K)] 112145K->26121K(319488K), 0.0015120 secs] [Times: user=0.00 sys=0.01, real=0.00 secs] 
303.553: Total time for which application threads were stopped: 0.0046230 seconds, Stopping threads took: 0.0030120 seconds
303.640: Application time: 0.0864140 seconds
303.643: [GC [PSYoungGen: 88448K->5408K(97280K)] 109577K->26545K(319488K), 0.0015440 secs] [Times: user=0.01 sys=0.00, real=0.00 secs] 
303.645: Total time for which application threads were stopped: 0.0049050 seconds, Stopping threads took: 0.0032810 seconds
303.724: Application time: 0.0796460 seconds
303.726: [GC [PSYoungGen: 88864K->7008K(97280K)] 110001K->28161K(319488K), 0.0021260 secs] [Times: user=0.01 sys=0.00, real=0.00 secs] 
303.728: Total time for which application threads were stopped: 0.0037930 seconds, Stopping threads took: 0.0015850 seconds
303.810: Application time: 0.0823210 seconds
303.811: [GC [PSYoungGen: 90464K->7600K(97280K)] 111617K->28761K(319488K), 0.0022560 secs] [Times: user=0.01 sys=0.00, real=0.00 secs] 
303.814: Total time for which application threads were stopped: 0.0031520 seconds, Stopping threads took: 0.0008010 seconds
303.895: Application time: 0.0817290 seconds
303.898: [GC [PSYoungGen: 91056K->6528K(97280K)] 112217K->27697K(319488K), 0.0018090 secs] [Times: user=0.01 sys=0.00, real=0.00 secs] 
303.900: Total time for which application threads were stopped: 0.0046230 seconds, Stopping threads took: 0.0027340 seconds
303.981: Application time: 0.0806720 seconds
303.984: [GC [PSYoungGen: 89984K->7792K(97280K)] 111153K->28961K(319488K), 0.0023400 secs] [Times: user=0.02 sys=0.00, real=0.01 secs] 
303.986: Total time for which application threads were stopped: 0.0056530 seconds, Stopping threads took: 0.0032220 seconds
304.066: Application time: 0.0796590 seconds
304.068: [GC [PSYoungGen: 91248K->5136K(97280K)] 112417K->26313K(319488K), 0.0018500 secs] [Times: user=0.01 sys=0.00, real=0.00 secs] 
304.070: Total time for which application threads were stopped: 0.0043100 seconds, Stopping threads took: 0.0023650 seconds
304.153: Application time: 0.0828080 seconds
304.155: [GC [PSYoungGen: 88592K->8192K(97280K)] 109769K->29377K(319488K), 0.0026270 secs] [Times: user=0.02 sys=0.00, real=0.01 secs] 
304.158: Total time for which application threads were stopped: 0.0050420 seconds, Stopping threads took: 0.0023030 seconds
304.237: Application time: 0.0785590 seconds
304.239: [GC [PSYoungGen: 91648K->7712K(97280K)] 112833K->28905K(319488K), 0.0022040 secs] [Times: user=0.02 sys=0.00, real=0.00 secs] 
304.242: Total time for which application threads were stopped: 0.0049870 seconds, Stopping threads took: 0.0027000 seconds
304.323: Application time: 0.0816060 seconds
304.326: [GC [PSYoungGen: 91168K->6816K(97280K)] 112361K->28009K(319488K), 0.0019450 secs] [Times: user=0.01 sys=0.00, real=0.00 secs] 
304.328: Total time for which application threads were stopped: 0.0051270 seconds, Stopping threads took: 0.0030960 seconds
304.410: Application time: 0.0819120 seconds
304.412: [GC [PSYoungGen: 90272K->6016K(97280K)] 111465K->27217K(319488K), 0.0018030 secs] [Times: user=0.02 sys=0.00, real=0.00 secs] 
304.414: Total time for which application threads were stopped: 0.0038870 seconds, Stopping threads took: 0.0020030 seconds
304.498: Application time: 0.0835140 seconds
304.500: [GC [PSYoungGen: 89472K->6928K(97280K)] 110673K->28129K(319488K), 0.0021020 secs] [Times: user=0.02 sys=0.00, real=0.00 secs] 
304.503: Total time for which application threads were stopped: 0.0048040 seconds, Stopping threads took: 0.0026230 seconds
304.581: Application time: 0.0781910 seconds
304.583: [GC [PSYoungGen: 90384K->6864K(97280K)] 111585K->28073K(319488K), 0.0022580 secs] [Times: user=0.01 sys=0.00, real=0.00 secs] 
304.585: Total time for which application threads were stopped: 0.0041090 seconds, Stopping threads took: 0.0017690 seconds
304.666: Application time: 0.0808010 seconds
304.668: [GC [PSYoungGen: 90320K->7296K(97280K)] 111529K->28513K(319488K), 0.0022160 secs] [Times: user=0.02 sys=0.00, real=0.00 secs] 
304.670: Total time for which application threads were stopped: 0.0042960 seconds, Stopping threads took: 0.0019930 seconds
304.749: Application time: 0.0786430 seconds
304.750: [GC [PSYoungGen: 90752K->7808K(97280K)] 111969K->29033K(319488K), 0.0022730 secs] [Times: user=0.01 sys=0.00, real=0.00 secs] 
304.753: Total time for which application threads were stopped: 0.0040630 seconds, Stopping threads took: 0.0017080 seconds
304.835: Application time: 0.0828200 seconds
304.838: [GC [PSYoungGen: 91264K->8304K(97280K)] 112489K->29529K(319488K), 0.0025390 secs] [Times: user=0.02 sys=0.00, real=0.00 secs] 
304.840: Total time for which application threads were stopped: 0.0048290 seconds, Stopping threads took: 0.0021920 seconds
304.913: Application time: 0.0731920 seconds
304.915: [GC [PSYoungGen: 91760K->6928K(97280K)] 112985K->28161K(319488K), 0.0020760 secs] [Times: user=0.01 sys=0.00, real=0.01 secs] 
304.918: Total time for which application threads were stopped: 0.0040400 seconds, Stopping threads took: 0.0018810 seconds
304.991: Application time: 0.0735010 seconds
304.993: [GC [PSYoungGen: 90384K->8144K(97280K)] 111617K->29377K(319488K), 0.0023420 secs] [Times: user=0.02 sys=0.00, real=0.00 secs] 
304.996: Total time for which application threads were stopped: 0.0048120 seconds, Stopping threads took: 0.0023770 seconds
305.072: Application time: 0.0759570 seconds
305.074: [GC [PSYoungGen: 91600K->6832K(97280K)] 112833K->28073K(319488K), 0.0020610 secs] [Times: user=0.01 sys=0.00, real=0.00 secs] 
305.076: Total time for which application threads were stopped: 0.0039570 seconds, Stopping threads took: 0.0018090 seconds
305.155: Application time: 0.0790690 seconds
305.156: [GC [PSYoungGen: 90288K->5488K(97280K)] 111529K->26737K(319488K), 0.0016440 secs] [Times: user=0.01 sys=0.00, real=0.01 secs] 
305.159: Total time for which application threads were stopped: 0.0041290 seconds, Stopping threads took: 0.0015740 seconds
305.232: Application time: 0.0731910 seconds
305.234: [GC [PSYoungGen: 88944K->7952K(97280K)] 110193K->29209K(319488K), 0.0022350 secs] [Times: user=0.02 sys=0.00, real=0.00 secs] 
305.236: Total time for which application threads were stopped: 0.0040780 seconds, Stopping threads took: 0.0017510 seconds
305.310: Application time: 0.0742850 seconds
305.313: [GC [PSYoungGen: 91408K->7568K(97280K)] 112665K->28825K(319488K), 0.0021630 secs] [Times: user=0.02 sys=0.00, real=0.00 secs] 
305.315: Total time for which application threads were stopped: 0.0046320 seconds, Stopping threads took: 0.0023860 seconds
305.389: Application time: 0.0737350 seconds
305.390: [GC [PSYoungGen: 91024K->6448K(97280K)] 112281K->27713K(319488K), 0.0020620 secs] [Times: user=0.01 sys=0.00, real=0.00 secs] 
305.392: Total time for which application threads were stopped: 0.0035900 seconds, Stopping threads took: 0.0014360 seconds
305.469: Application time: 0.0767490 seconds
305.471: [GC [PSYoungGen: 89904K->7600K(97280K)] 111169K->28873K(319488K), 0.0022620 secs] [Times: user=0.01 sys=0.00, real=0.00 secs] 
305.473: Total time for which application threads were stopped: 0.0037540 seconds, Stopping threads took: 0.0014150 seconds
305.547: Application time: 0.0744870 seconds
305.550: [GC [PSYoungGen: 91056K->6784K(97280K)] 112329K->28065K(319488K), 0.0019210 secs] [Times: user=0.01 sys=0.00, real=0.00 secs] 
305.551: Total time for which application threads were stopped: 0.0040170 seconds, Stopping threads took: 0.0020180 seconds
305.627: Application time: 0.0756800 seconds
305.630: [GC [PSYoungGen: 90240K->7920K(97280K)] 111521K->29209K(319488K), 0.0022440 secs] [Times: user=0.02 sys=0.00, real=0.00 secs] 
305.632: Total time for which application threads were stopped: 0.0048430 seconds, Stopping threads took: 0.0025100 seconds
305.706: Application time: 0.0740180 seconds
305.708: [GC [PSYoungGen: 91376K->6656K(97280K)] 112665K->27961K(319488K), 0.0020040 secs] [Times: user=0.01 sys=0.00, real=0.00 secs] 
305.710: Total time for which application threads were stopped: 0.0036270 seconds, Stopping threads took: 0.0015450 seconds
305.785: Application time: 0.0752580 seconds
305.787: [GC [PSYoungGen: 90112K->6688K(97280K)] 111417K->28001K(319488K), 0.0019330 secs] [Times: user=0.01 sys=0.00, real=0.00 secs] 
305.788: Total time for which application threads were stopped: 0.0035630 seconds, Stopping threads took: 0.0015450 seconds
305.864: Application time: 0.0753500 seconds
305.866: [GC [PSYoungGen: 90144K->7168K(97280K)] 111457K->28489K(319488K), 0.0019920 secs] [Times: user=0.01 sys=0.00, real=0.00 secs] 
305.869: Total time for which application threads were stopped: 0.0046790 seconds, Stopping threads took: 0.0026040 seconds
305.943: Application time: 0.0741700 seconds
305.945: [GC [PSYoungGen: 90624K->7632K(97280K)] 111945K->28977K(319488K), 0.0022530 secs] [Times: user=0.02 sys=0.00, real=0.00 secs] 
305.947: Total time for which application threads were stopped: 0.0047430 seconds, Stopping threads took: 0.0023980 seconds
306.021: Application time: 0.0737350 seconds
306.023: [GC [PSYoungGen: 91088K->7856K(97280K)] 112433K->29201K(319488K), 0.0024720 secs] [Times: user=0.01 sys=0.00, real=0.01 secs] 
306.026: Total time for which application threads were stopped: 0.0046820 seconds, Stopping threads took: 0.0021250 seconds
306.100: Application time: 0.0742460 seconds
306.102: [GC [PSYoungGen: 91312K->6704K(97280K)] 112657K->28057K(319488K), 0.0019480 secs] [Times: user=0.01 sys=0.00, real=0.00 secs] 
306.104: Total time for which application threads were stopped: 0.0036050 seconds, Stopping threads took: 0.0015740 seconds
306.177: Application time: 0.0731340 seconds
306.179: [GC [PSYoungGen: 90160K->7152K(97280K)] 111513K->28513K(319488K), 0.0019460 secs] [Times: user=0.01 sys=0.00, real=0.00 secs] 
306.181: Total time for which application threads were stopped: 0.0044650 seconds, Stopping threads took: 0.0024420 seconds
306.258: Application time: 0.0767370 seconds
306.260: [GC [PSYoungGen: 90608K->5648K(97280K)] 111969K->27017K(319488K), 0.0016610 secs] [Times: user=0.00 sys=0.00, real=0.00 secs] 
306.262: Total time for which application threads were stopped: 0.0035810 seconds, Stopping threads took: 0.0018440 seconds
306.339: Application time: 0.0773160 seconds
306.342: [GC [PSYoungGen: 89104K->6736K(97280K)] 110473K->28113K(319488K), 0.0019550 secs] [Times: user=0.01 sys=0.00, real=0.00 secs] 
306.344: Total time for which application threads were stopped: 0.0045600 seconds, Stopping threads took: 0.0025260 seconds
306.421: Application time: 0.0771770 seconds
306.423: [GC [PSYoungGen: 90192K->6080K(97280K)] 111569K->27465K(319488K), 0.0017460 secs] [Times: user=0.01 sys=0.00, real=0.00 secs] 
306.425: Total time for which application threads were stopped: 0.0039600 seconds, Stopping threads took: 0.0021370 seconds
306.500: Application time: 0.0754580 seconds
306.502: [GC [PSYoungGen: 89536K->5824K(97280K)] 110921K->27209K(319488K), 0.0016990 secs] [Times: user=0.01 sys=0.00, real=0.00 secs] 
306.504: Total time for which application threads were stopped: 0.0037380 seconds, Stopping threads took: 0.0019570 seconds
306.581: Application time: 0.0774900 seconds
306.583: [GC [PSYoungGen: 89280K->7040K(97280K)] 110665K->28433K(319488K), 0.0020420 secs] [Times: user=0.01 sys=0.00, real=0.00 secs] 
306.585: Total time for which application threads were stopped: 0.0034960 seconds, Stopping threads took: 0.0013670 seconds
306.661: Application time: 0.0760000 seconds
306.664: [GC [PSYoungGen: 90496K->6512K(97280K)] 111889K->27921K(319488K), 0.0017710 secs] [Times: user=0.01 sys=0.00, real=0.01 secs] 
306.666: Total time for which application threads were stopped: 0.0047900 seconds, Stopping threads took: 0.0029450 seconds
306.744: Application time: 0.0780280 seconds
306.746: [GC [PSYoungGen: 89968K->8208K(97280K)] 111377K->29649K(319488K), 0.0023810 secs] [Times: user=0.01 sys=0.00, real=0.00 secs] 
306.749: Total time for which application threads were stopped: 0.0050350 seconds, Stopping threads took: 0.0025680 seconds
306.825: Application time: 0.0768110 seconds
306.828: [GC [PSYoungGen: 91664K->6000K(97280K)] 113105K->27449K(319488K), 0.0016530 secs] [Times: user=0.01 sys=0.00, real=0.00 secs] 
306.830: Total time for which application threads were stopped: 0.0043680 seconds, Stopping threads took: 0.0026400 seconds
306.907: Application time: 0.0774340 seconds
306.909: [GC [PSYoungGen: 89456K->6464K(97280K)] 110905K->27921K(319488K), 0.0018330 secs] [Times: user=0.02 sys=0.00, real=0.00 secs] 
306.911: Total time for which application threads were stopped: 0.0039270 seconds, Stopping threads took: 0.0020160 seconds
306.986: Application time: 0.0750420 seconds
306.989: [GC [PSYoungGen: 89918K->7872K(97280K)] 111375K->29329K(319488K), 0.0022020 secs] [Times: user=0.01 sys=0.00, real=0.00 secs] 
306.991: Total time for which application threads were stopped: 0.0045680 seconds, Stopping threads took: 0.0022680 seconds
307.065: Application time: 0.0745060 seconds
307.067: [GC [PSYoungGen: 91328K->6992K(97280K)] 112785K->28457K(319488K), 0.0020960 secs] [Times: user=0.01 sys=0.00, real=0.00 secs] 
307.070: Total time for which application threads were stopped: 0.0042320 seconds, Stopping threads took: 0.0020420 seconds
307.144: Application time: 0.0747940 seconds
307.146: [GC [PSYoungGen: 90448K->7472K(97280K)] 111913K->28945K(319488K), 0.0020850 secs] [Times: user=0.02 sys=0.00, real=0.00 secs] 
307.148: Total time for which application threads were stopped: 0.0040170 seconds, Stopping threads took: 0.0018570 seconds
307.225: Application time: 0.0765580 seconds
307.227: [GC [PSYoungGen: 90928K->6912K(97280K)] 112401K->28393K(319488K), 0.0020910 secs] [Times: user=0.02 sys=0.00, real=0.00 secs] 
307.229: Total time for which application threads were stopped: 0.0043190 seconds, Stopping threads took: 0.0021420 seconds
307.301: Application time: 0.0717120 seconds
307.303: [GC [PSYoungGen: 90368K->7648K(97280K)] 111849K->29129K(319488K), 0.0022770 secs] [Times: user=0.01 sys=0.01, real=0.01 secs] 
307.305: Total time for which application threads were stopped: 0.0042960 seconds, Stopping threads took: 0.0019310 seconds
307.382: Application time: 0.0769840 seconds
307.384: [GC [PSYoungGen: 91104K->5712K(97280K)] 112585K->27201K(319488K), 0.0017250 secs] [Times: user=0.01 sys=0.00, real=0.01 secs] 
307.386: Total time for which application threads were stopped: 0.0035770 seconds, Stopping threads took: 0.0017760 seconds
307.461: Application time: 0.0754010 seconds
307.463: [GC [PSYoungGen: 89168K->6352K(97280K)] 110657K->27841K(319488K), 0.0019010 secs] [Times: user=0.01 sys=0.00, real=0.00 secs] 
307.465: Total time for which application threads were stopped: 0.0033790 seconds, Stopping threads took: 0.0013930 seconds
307.541: Application time: 0.0767610 seconds
307.544: [GC [PSYoungGen: 89808K->6480K(97280K)] 111297K->27977K(319488K), 0.0020040 secs] [Times: user=0.02 sys=0.00, real=0.01 secs] 
307.546: Total time for which application threads were stopped: 0.0041360 seconds, Stopping threads took: 0.0020560 seconds
307.621: Application time: 0.0754300 seconds
307.624: [GC [PSYoungGen: 89936K->7440K(97280K)] 111433K->28945K(319488K), 0.0021310 secs] [Times: user=0.01 sys=0.00, real=0.01 secs] 
307.626: Total time for which application threads were stopped: 0.0050840 seconds, Stopping threads took: 0.0028630 seconds
307.700: Application time: 0.0742860 seconds
307.702: [GC [PSYoungGen: 90896K->8048K(97280K)] 112401K->29561K(319488K), 0.0023140 secs] [Times: user=0.02 sys=0.00, real=0.00 secs] 
307.705: Total time for which application threads were stopped: 0.0044000 seconds, Stopping threads took: 0.0020010 seconds
307.779: Application time: 0.0746410 seconds
307.781: [GC [PSYoungGen: 91504K->7872K(97280K)] 113017K->29385K(319488K), 0.0022830 secs] [Times: user=0.01 sys=0.00, real=0.00 secs] 
307.783: Total time for which application threads were stopped: 0.0035110 seconds, Stopping threads took: 0.0011500 seconds
307.859: Application time: 0.0756000 seconds
307.861: [GC [PSYoungGen: 91328K->7040K(97280K)] 112841K->28569K(319488K), 0.0020650 secs] [Times: user=0.01 sys=0.00, real=0.00 secs] 
307.863: Total time for which application threads were stopped: 0.0044640 seconds, Stopping threads took: 0.0023130 seconds
307.937: Application time: 0.0738130 seconds
307.939: [GC [PSYoungGen: 90496K->7504K(97280K)] 112025K->29033K(319488K), 0.0022310 secs] [Times: user=0.01 sys=0.00, real=0.00 secs] 
307.942: Total time for which application threads were stopped: 0.0047700 seconds, Stopping threads took: 0.0024490 seconds
308.018: Application time: 0.0767860 seconds
308.021: [GC [PSYoungGen: 90960K->7728K(97280K)] 112489K->29257K(319488K), 0.0022390 secs] [Times: user=0.02 sys=0.00, real=0.00 secs] 
308.024: Total time for which application threads were stopped: 0.0052220 seconds, Stopping threads took: 0.0028970 seconds
308.098: Application time: 0.0745310 seconds
308.099: [GC [PSYoungGen: 91184K->7168K(97280K)] 112713K->28705K(319488K), 0.0020750 secs] [Times: user=0.01 sys=0.00, real=0.00 secs] 
308.101: Total time for which application threads were stopped: 0.0033460 seconds, Stopping threads took: 0.0011820 seconds
308.175: Application time: 0.0740070 seconds
308.178: [GC [PSYoungGen: 90624K->7552K(97280K)] 112161K->29105K(319488K), 0.0022790 secs] [Times: user=0.02 sys=0.00, real=0.00 secs] 
308.180: Total time for which application threads were stopped: 0.0046430 seconds, Stopping threads took: 0.0022710 seconds
308.255: Application time: 0.0749280 seconds
308.257: [GC [PSYoungGen: 91008K->7264K(97280K)] 112561K->28817K(319488K), 0.0020620 secs] [Times: user=0.01 sys=0.00, real=0.00 secs] 
308.259: Total time for which application threads were stopped: 0.0044170 seconds, Stopping threads took: 0.0022760 seconds
308.336: Application time: 0.0761860 seconds
308.338: [GC [PSYoungGen: 90720K->6752K(97280K)] 112273K->28313K(319488K), 0.0020970 secs] [Times: user=0.02 sys=0.00, real=0.00 secs] 
308.340: Total time for which application threads were stopped: 0.0042050 seconds, Stopping threads took: 0.0020300 seconds
308.413: Application time: 0.0726350 seconds
308.415: [GC [PSYoungGen: 90208K->6928K(97280K)] 111769K->28489K(319488K), 0.0020310 secs] [Times: user=0.02 sys=0.00, real=0.00 secs] 
308.417: Total time for which application threads were stopped: 0.0040810 seconds, Stopping threads took: 0.0019630 seconds
308.491: Application time: 0.0747130 seconds
308.494: [GC [PSYoungGen: 90384K->7344K(97280K)] 111945K->28905K(319488K), 0.0021690 secs] [Times: user=0.01 sys=0.00, real=0.00 secs] 
308.496: Total time for which application threads were stopped: 0.0047440 seconds, Stopping threads took: 0.0024900 seconds
308.569: Application time: 0.0734220 seconds
308.572: [GC [PSYoungGen: 90800K->8320K(97280K)] 112361K->29889K(319488K), 0.0024180 secs] [Times: user=0.02 sys=0.00, real=0.00 secs] 
308.575: Total time for which application threads were stopped: 0.0050610 seconds, Stopping threads took: 0.0025560 seconds
308.652: Application time: 0.0779150 seconds
308.654: [GC [PSYoungGen: 91776K->7296K(97280K)] 113345K->28881K(319488K), 0.0021730 secs] [Times: user=0.02 sys=0.00, real=0.00 secs] 
308.656: Total time for which application threads were stopped: 0.0037080 seconds, Stopping threads took: 0.0014550 seconds
308.732: Application time: 0.0759510 seconds
308.735: [GC [PSYoungGen: 90752K->8384K(97280K)] 112337K->29977K(319488K), 0.0024870 secs] [Times: user=0.02 sys=0.00, real=0.01 secs] 
308.737: Total time for which application threads were stopped: 0.0053350 seconds, Stopping threads took: 0.0027540 seconds
308.813: Application time: 0.0751860 seconds
308.815: [GC [PSYoungGen: 91840K->6560K(97280K)] 113433K->28161K(319488K), 0.0019260 secs] [Times: user=0.02 sys=0.00, real=0.01 secs] 
308.817: Total time for which application threads were stopped: 0.0045060 seconds, Stopping threads took: 0.0024930 seconds
308.897: Application time: 0.0794950 seconds
308.898: [GC [PSYoungGen: 90016K->6288K(97280K)] 111617K->27897K(319488K), 0.0018680 secs] [Times: user=0.01 sys=0.00, real=0.00 secs] 
308.900: Total time for which application threads were stopped: 0.0035700 seconds, Stopping threads took: 0.0016170 seconds
308.983: Application time: 0.0824270 seconds
308.985: [GC [PSYoungGen: 89744K->7200K(97280K)] 111353K->28809K(319488K), 0.0021790 secs] [Times: user=0.02 sys=0.00, real=0.01 secs] 
308.987: Total time for which application threads were stopped: 0.0042470 seconds, Stopping threads took: 0.0019760 seconds
309.066: Application time: 0.0788780 seconds
309.068: [GC [PSYoungGen: 90656K->7792K(97280K)] 112265K->29433K(319488K), 0.0023200 secs] [Times: user=0.01 sys=0.00, real=0.00 secs] 
309.070: Total time for which application threads were stopped: 0.0042980 seconds, Stopping threads took: 0.0018890 seconds
309.154: Application time: 0.0840070 seconds
309.157: [GC [PSYoungGen: 91248K->6016K(97280K)] 112889K->27665K(319488K), 0.0017530 secs] [Times: user=0.01 sys=0.00, real=0.01 secs] 
309.159: Total time for which application threads were stopped: 0.0045460 seconds, Stopping threads took: 0.0027020 seconds
309.238: Application time: 0.0796450 seconds
309.240: [GC [PSYoungGen: 89472K->6688K(97280K)] 111121K->28353K(319488K), 0.0020190 secs] [Times: user=0.02 sys=0.00, real=0.00 secs] 
309.242: Total time for which application threads were stopped: 0.0038300 seconds, Stopping threads took: 0.0017220 seconds
309.324: Application time: 0.0815250 seconds
309.327: [GC [PSYoungGen: 90144K->7040K(97280K)] 111809K->28705K(319488K), 0.0022020 secs] [Times: user=0.01 sys=0.00, real=0.00 secs] 
309.329: Total time for which application threads were stopped: 0.0052630 seconds, Stopping threads took: 0.0029670 seconds
309.408: Application time: 0.0793440 seconds
309.410: [GC [PSYoungGen: 90496K->7472K(97280K)] 112161K->29145K(319488K), 0.0022690 secs] [Times: user=0.02 sys=0.00, real=0.00 secs] 
309.412: Total time for which application threads were stopped: 0.0039370 seconds, Stopping threads took: 0.0015810 seconds
309.494: Application time: 0.0820460 seconds
309.496: [GC [PSYoungGen: 90928K->7696K(97280K)] 112601K->29369K(319488K), 0.0022340 secs] [Times: user=0.01 sys=0.00, real=0.01 secs] 
309.498: Total time for which application threads were stopped: 0.0038000 seconds, Stopping threads took: 0.0014840 seconds
309.578: Application time: 0.0799610 seconds
309.581: [GC [PSYoungGen: 91152K->7280K(97280K)] 112825K->28961K(319488K), 0.0019590 secs] [Times: user=0.01 sys=0.00, real=0.00 secs] 
309.583: Total time for which application threads were stopped: 0.0049660 seconds, Stopping threads took: 0.0029300 seconds
309.669: Application time: 0.0856950 seconds
309.670: [GC [PSYoungGen: 90736K->5520K(97280K)] 112417K->27209K(319488K), 0.0016940 secs] [Times: user=0.01 sys=0.00, real=0.00 secs] 
309.672: Total time for which application threads were stopped: 0.0034740 seconds, Stopping threads took: 0.0017010 seconds
309.752: Application time: 0.0797580 seconds
309.753: [GC [PSYoungGen: 88976K->5888K(97280K)] 110665K->27585K(319488K), 0.0017220 secs] [Times: user=0.01 sys=0.00, real=0.00 secs] 
309.755: Total time for which application threads were stopped: 0.0032930 seconds, Stopping threads took: 0.0014790 seconds
309.835: Application time: 0.0802780 seconds
309.838: [GC [PSYoungGen: 89344K->6688K(97280K)] 111041K->28385K(319488K), 0.0019860 secs] [Times: user=0.01 sys=0.00, real=0.00 secs] 
309.840: Total time for which application threads were stopped: 0.0042810 seconds, Stopping threads took: 0.0022090 seconds
309.920: Application time: 0.0798440 seconds
309.922: [GC [PSYoungGen: 90144K->8064K(97280K)] 111841K->29769K(319488K), 0.0023640 secs] [Times: user=0.01 sys=0.00, real=0.00 secs] 
309.924: Total time for which application threads were stopped: 0.0045050 seconds, Stopping threads took: 0.0020580 seconds
310.004: Application time: 0.0797740 seconds
310.007: [GC [PSYoungGen: 91520K->5344K(97280K)] 113225K->27049K(319488K), 0.0016090 secs] [Times: user=0.01 sys=0.00, real=0.00 secs] 
310.008: Total time for which application threads were stopped: 0.0044460 seconds, Stopping threads took: 0.0027550 seconds
310.086: Application time: 0.0775440 seconds
310.088: [GC [PSYoungGen: 88800K->6960K(97280K)] 110505K->28673K(319488K), 0.0020530 secs] [Times: user=0.02 sys=0.00, real=0.00 secs] 
310.090: Total time for which application threads were stopped: 0.0040480 seconds, Stopping threads took: 0.0019100 seconds
310.173: Application time: 0.0828070 seconds
310.176: [GC [PSYoungGen: 90416K->7392K(97280K)] 112129K->29113K(319488K), 0.0021410 secs] [Times: user=0.02 sys=0.00, real=0.01 secs] 
310.178: Total time for which application threads were stopped: 0.0053590 seconds, Stopping threads took: 0.0031310 seconds
310.260: Application time: 0.0815330 seconds
310.263: [GC [PSYoungGen: 90848K->6928K(97280K)] 112569K->28657K(319488K), 0.0019770 secs] [Times: user=0.02 sys=0.00, real=0.00 secs] 
310.265: Total time for which application threads were stopped: 0.0053700 seconds, Stopping threads took: 0.0033040 seconds
310.346: Application time: 0.0806930 seconds
310.348: [GC [PSYoungGen: 90384K->8256K(97280K)] 112113K->29985K(319488K), 0.0024430 secs] [Times: user=0.02 sys=0.00, real=0.00 secs] 
310.351: Total time for which application threads were stopped: 0.0051130 seconds, Stopping threads took: 0.0025780 seconds
310.430: Application time: 0.0790560 seconds
310.432: [GC [PSYoungGen: 91712K->6432K(97280K)] 113441K->28169K(319488K), 0.0018460 secs] [Times: user=0.01 sys=0.00, real=0.00 secs] 
310.434: Total time for which application threads were stopped: 0.0042800 seconds, Stopping threads took: 0.0023560 seconds
310.513: Application time: 0.0790650 seconds
310.516: [GC [PSYoungGen: 89888K->6112K(97280K)] 111625K->27849K(319488K), 0.0018540 secs] [Times: user=0.01 sys=0.00, real=0.01 secs] 
310.518: Total time for which application threads were stopped: 0.0044410 seconds, Stopping threads took: 0.0024970 seconds
310.596: Application time: 0.0787460 seconds
310.599: [GC [PSYoungGen: 89568K->7888K(97280K)] 111305K->29625K(319488K), 0.0023430 secs] [Times: user=0.02 sys=0.00, real=0.00 secs] 
310.601: Total time for which application threads were stopped: 0.0046010 seconds, Stopping threads took: 0.0021740 seconds
310.681: Application time: 0.0799880 seconds
310.684: [GC [PSYoungGen: 91344K->7680K(97280K)] 113081K->29425K(319488K), 0.0021880 secs] [Times: user=0.02 sys=0.00, real=0.01 secs] 
310.686: Total time for which application threads were stopped: 0.0051480 seconds, Stopping threads took: 0.0028730 seconds
310.766: Application time: 0.0795940 seconds
310.767: [GC [PSYoungGen: 91136K->6800K(97280K)] 112881K->28553K(319488K), 0.0020000 secs] [Times: user=0.01 sys=0.00, real=0.00 secs] 
310.769: Total time for which application threads were stopped: 0.0035270 seconds, Stopping threads took: 0.0014430 seconds
310.854: Application time: 0.0842610 seconds
310.856: [GC [PSYoungGen: 90256K->6384K(97280K)] 112009K->28145K(319488K), 0.0019080 secs] [Times: user=0.01 sys=0.00, real=0.01 secs] 
310.858: Total time for which application threads were stopped: 0.0043090 seconds, Stopping threads took: 0.0023200 seconds
310.936: Application time: 0.0785930 seconds
310.938: [GC [PSYoungGen: 89840K->7504K(97280K)] 111601K->29281K(319488K), 0.0022260 secs] [Times: user=0.02 sys=0.00, real=0.00 secs] 
310.941: Total time for which application threads were stopped: 0.0041530 seconds, Stopping threads took: 0.0018380 seconds
311.021: Application time: 0.0801770 seconds
311.024: [GC [PSYoungGen: 90960K->8208K(97280K)] 112737K->29985K(319488K), 0.0024340 secs] [Times: user=0.01 sys=0.00, real=0.01 secs] 
311.027: Total time for which application threads were stopped: 0.0057090 seconds, Stopping threads took: 0.0031880 seconds
311.105: Application time: 0.0786330 seconds
311.106: [GC [PSYoungGen: 91664K->7184K(97280K)] 113441K->28961K(319488K), 0.0021370 secs] [Times: user=0.01 sys=0.00, real=0.00 secs] 
311.109: Total time for which application threads were stopped: 0.0035170 seconds, Stopping threads took: 0.0012970 seconds
311.193: Application time: 0.0842440 seconds
311.195: [GC [PSYoungGen: 90640K->6480K(97280K)] 112417K->28265K(319488K), 0.0018470 secs] [Times: user=0.00 sys=0.01, real=0.01 secs] 
311.197: Total time for which application threads were stopped: 0.0044510 seconds, Stopping threads took: 0.0025290 seconds
311.276: Application time: 0.0783020 seconds
311.278: [GC [PSYoungGen: 89936K->7856K(97280K)] 111721K->29649K(319488K), 0.0021700 secs] [Times: user=0.01 sys=0.00, real=0.00 secs] 
311.280: Total time for which application threads were stopped: 0.0045840 seconds, Stopping threads took: 0.0023260 seconds
311.363: Application time: 0.0828480 seconds
311.366: [GC [PSYoungGen: 91312K->7552K(97280K)] 113105K->29353K(319488K), 0.0022430 secs] [Times: user=0.01 sys=0.00, real=0.00 secs] 
311.368: Total time for which application threads were stopped: 0.0048130 seconds, Stopping threads took: 0.0024840 seconds
311.447: Application time: 0.0789340 seconds
311.450: [GC [PSYoungGen: 91008K->7008K(97280K)] 112809K->28809K(319488K), 0.0020320 secs] [Times: user=0.02 sys=0.00, real=0.00 secs] 
311.452: Total time for which application threads were stopped: 0.0049080 seconds, Stopping threads took: 0.0027900 seconds
311.533: Application time: 0.0814960 seconds
311.536: [GC [PSYoungGen: 90464K->6688K(97280K)] 112265K->28497K(319488K), 0.0019830 secs] [Times: user=0.02 sys=0.00, real=0.01 secs] 
311.538: Total time for which application threads were stopped: 0.0051510 seconds, Stopping threads took: 0.0030630 seconds
311.615: Application time: 0.0766090 seconds
311.617: [GC [PSYoungGen: 90144K->7584K(97280K)] 111953K->29393K(319488K), 0.0021600 secs] [Times: user=0.01 sys=0.00, real=0.01 secs] 
311.619: Total time for which application threads were stopped: 0.0042440 seconds, Stopping threads took: 0.0020040 seconds
311.705: Application time: 0.0858320 seconds
311.706: [GC [PSYoungGen: 91040K->7664K(97280K)] 112849K->29481K(319488K), 0.0022150 secs] [Times: user=0.02 sys=0.00, real=0.00 secs] 
311.708: Total time for which application threads were stopped: 0.0032510 seconds, Stopping threads took: 0.0009510 seconds
311.786: Application time: 0.0775510 seconds
311.788: [GC [PSYoungGen: 91120K->6976K(97280K)] 112937K->28801K(319488K), 0.0020140 secs] [Times: user=0.02 sys=0.00, real=0.00 secs] 
311.790: Total time for which application threads were stopped: 0.0037700 seconds, Stopping threads took: 0.0016590 seconds
311.873: Application time: 0.0835770 seconds
311.875: [GC [PSYoungGen: 90432K->6512K(97280K)] 112257K->28345K(319488K), 0.0020480 secs] [Times: user=0.02 sys=0.00, real=0.01 secs] 
311.877: Total time for which application threads were stopped: 0.0039570 seconds, Stopping threads took: 0.0018260 seconds
311.955: Application time: 0.0775390 seconds
311.957: [GC [PSYoungGen: 89968K->7024K(97280K)] 111801K->28857K(319488K), 0.0020890 secs] [Times: user=0.01 sys=0.00, real=0.00 secs] 
311.959: Total time for which application threads were stopped: 0.0045010 seconds, Stopping threads took: 0.0023170 seconds
312.041: Application time: 0.0815250 seconds
312.043: [GC [PSYoungGen: 90480K->7296K(97280K)] 112313K->29137K(319488K), 0.0021470 secs] [Times: user=0.02 sys=0.00, real=0.01 secs] 
312.045: Total time for which application threads were stopped: 0.0045340 seconds, Stopping threads took: 0.0023030 seconds
312.127: Application time: 0.0814060 seconds
312.129: [GC [PSYoungGen: 90752K->6800K(97280K)] 112593K->28641K(319488K), 0.0018860 secs] [Times: user=0.01 sys=0.00, real=0.00 secs] 
312.131: Total time for which application threads were stopped: 0.0042510 seconds, Stopping threads took: 0.0022890 seconds
312.215: Application time: 0.0836650 seconds
312.217: [GC [PSYoungGen: 90256K->5232K(97280K)] 112097K->27081K(319488K), 0.0016190 secs] [Times: user=0.01 sys=0.00, real=0.00 secs] 
312.219: Total time for which application threads were stopped: 0.0041780 seconds, Stopping threads took: 0.0024840 seconds
312.299: Application time: 0.0804980 seconds
312.301: [GC [PSYoungGen: 88688K->7664K(97280K)] 110537K->29521K(319488K), 0.0022950 secs] [Times: user=0.01 sys=0.00, real=0.00 secs] 
312.304: Total time for which application threads were stopped: 0.0043950 seconds, Stopping threads took: 0.0019980 seconds
312.384: Application time: 0.0799970 seconds
312.386: [GC [PSYoungGen: 91120K->8320K(97280K)] 112977K->30193K(319488K), 0.0023990 secs] [Times: user=0.01 sys=0.00, real=0.00 secs] 
312.388: Total time for which application threads were stopped: 0.0045560 seconds, Stopping threads took: 0.0020680 seconds
312.472: Application time: 0.0838450 seconds
312.474: [GC [PSYoungGen: 91776K->6832K(97280K)] 113649K->28705K(319488K), 0.0020610 secs] [Times: user=0.01 sys=0.00, real=0.00 secs] 
312.476: Total time for which application threads were stopped: 0.0039290 seconds, Stopping threads took: 0.0017920 seconds
312.561: Application time: 0.0846480 seconds
312.562: [GC [PSYoungGen: 90288K->5920K(97280K)] 112161K->27801K(319488K), 0.0018070 secs] [Times: user=0.01 sys=0.00, real=0.00 secs] 
312.564: Total time for which application threads were stopped: 0.0035720 seconds, Stopping threads took: 0.0016770 seconds
312.643: Application time: 0.0790160 seconds
312.645: [GC [PSYoungGen: 89376K->6656K(97280K)] 111257K->28537K(319488K), 0.0019480 secs] [Times: user=0.01 sys=0.00, real=0.01 secs] 
312.647: Total time for which application threads were stopped: 0.0037270 seconds, Stopping threads took: 0.0016930 seconds
312.731: Application time: 0.0843760 seconds
312.733: [GC [PSYoungGen: 90112K->7520K(97280K)] 111993K->29409K(319488K), 0.0021700 secs] [Times: user=0.02 sys=0.00, real=0.00 secs] 
312.735: Total time for which application threads were stopped: 0.0036710 seconds, Stopping threads took: 0.0014150 seconds
312.814: Application time: 0.0785490 seconds
312.817: [GC [PSYoungGen: 90976K->6864K(97280K)] 112865K->28761K(319488K), 0.0019460 secs] [Times: user=0.01 sys=0.00, real=0.01 secs] 
312.819: Total time for which application threads were stopped: 0.0051700 seconds, Stopping threads took: 0.0031340 seconds
312.898: Application time: 0.0789550 seconds
312.900: [GC [PSYoungGen: 90320K->7600K(97280K)] 112217K->29505K(319488K), 0.0023020 secs] [Times: user=0.01 sys=0.00, real=0.00 secs] 
312.902: Total time for which application threads were stopped: 0.0046800 seconds, Stopping threads took: 0.0022960 seconds
312.976: Application time: 0.0737870 seconds
312.979: [GC [PSYoungGen: 91056K->8160K(97280K)] 112961K->30065K(319488K), 0.0023300 secs] [Times: user=0.02 sys=0.00, real=0.00 secs] 
312.981: Total time for which application threads were stopped: 0.0048580 seconds, Stopping threads took: 0.0024400 seconds
313.058: Application time: 0.0764220 seconds
313.059: [GC [PSYoungGen: 91616K->6128K(97280K)] 113521K->28049K(319488K), 0.0018420 secs] [Times: user=0.01 sys=0.00, real=0.00 secs] 
313.061: Total time for which application threads were stopped: 0.0035260 seconds, Stopping threads took: 0.0016050 seconds
313.135: Application time: 0.0736000 seconds
313.137: [GC [PSYoungGen: 89584K->7088K(97280K)] 111505K->29009K(319488K), 0.0020860 secs] [Times: user=0.02 sys=0.00, real=0.00 secs] 
313.140: Total time for which application threads were stopped: 0.0048490 seconds, Stopping threads took: 0.0026770 seconds
313.218: Application time: 0.0786800 seconds
313.219: [GC [PSYoungGen: 90544K->6144K(97280K)] 112465K->28065K(319488K), 0.0018750 secs] [Times: user=0.01 sys=0.00, real=0.00 secs] 
313.221: Total time for which application threads were stopped: 0.0031760 seconds, Stopping threads took: 0.0012240 seconds
313.297: Application time: 0.0758770 seconds
313.299: [GC [PSYoungGen: 89600K->6048K(97280K)] 111521K->27977K(319488K), 0.0017300 secs] [Times: user=0.01 sys=0.00, real=0.00 secs] 
313.301: Total time for which application threads were stopped: 0.0038660 seconds, Stopping threads took: 0.0020470 seconds
313.375: Application time: 0.0737260 seconds
313.377: [GC [PSYoungGen: 89504K->7456K(97280K)] 111433K->29393K(319488K), 0.0022370 secs] [Times: user=0.01 sys=0.00, real=0.00 secs] 
313.380: Total time for which application threads were stopped: 0.0047060 seconds, Stopping threads took: 0.0023490 seconds
313.452: Application time: 0.0724110 seconds
313.455: [GC [PSYoungGen: 90912K->7120K(97280K)] 112849K->29065K(319488K), 0.0020170 secs] [Times: user=0.02 sys=0.00, real=0.00 secs] 
313.457: Total time for which application threads were stopped: 0.0051100 seconds, Stopping threads took: 0.0030050 seconds
313.535: Application time: 0.0783180 seconds
313.538: [GC [PSYoungGen: 90576K->6784K(97280K)] 112521K->28737K(319488K), 0.0020350 secs] [Times: user=0.01 sys=0.00, real=0.00 secs] 
313.540: Total time for which application threads were stopped: 0.0042370 seconds, Stopping threads took: 0.0021170 seconds
313.611: Application time: 0.0716010 seconds
313.614: [GC [PSYoungGen: 90240K->6128K(97280K)] 112193K->28089K(319488K), 0.0018340 secs] [Times: user=0.01 sys=0.00, real=0.00 secs] 
313.616: Total time for which application threads were stopped: 0.0043570 seconds, Stopping threads took: 0.0024440 seconds
313.691: Application time: 0.0757660 seconds
313.694: [GC [PSYoungGen: 89584K->6496K(97280K)] 111545K->28457K(319488K), 0.0019210 secs] [Times: user=0.01 sys=0.00, real=0.00 secs] 
313.696: Total time for which application threads were stopped: 0.0043630 seconds, Stopping threads took: 0.0023620 seconds
313.770: Application time: 0.0738580 seconds
313.772: [GC [PSYoungGen: 89952K->7184K(97280K)] 111913K->29153K(319488K), 0.0020490 secs] [Times: user=0.02 sys=0.00, real=0.00 secs] 
313.774: Total time for which application threads were stopped: 0.0045240 seconds, Stopping threads took: 0.0023930 seconds
313.850: Application time: 0.0756280 seconds
313.853: [GC [PSYoungGen: 90640K->6816K(97280K)] 112609K->28793K(319488K), 0.0019500 secs] [Times: user=0.01 sys=0.00, real=0.00 secs] 
313.855: Total time for which application threads were stopped: 0.0049200 seconds, Stopping threads took: 0.0028860 seconds
313.927: Application time: 0.0721820 seconds
313.929: [GC [PSYoungGen: 90272K->7296K(97280K)] 112249K->29281K(319488K), 0.0019940 secs] [Times: user=0.01 sys=0.00, real=0.00 secs] 
313.931: Total time for which application threads were stopped: 0.0043530 seconds, Stopping threads took: 0.0022780 seconds
314.009: Application time: 0.0778200 seconds
314.012: [GC [PSYoungGen: 90752K->6048K(97280K)] 112737K->28041K(319488K), 0.0017770 secs] [Times: user=0.01 sys=0.00, real=0.00 secs] 
314.014: Total time for which application threads were stopped: 0.0048460 seconds, Stopping threads took: 0.0029860 seconds
314.089: Application time: 0.0746180 seconds
314.091: [GC [PSYoungGen: 89504K->8240K(97280K)] 111497K->30241K(319488K), 0.0023620 secs] [Times: user=0.02 sys=0.00, real=0.00 secs] 
314.094: Total time for which application threads were stopped: 0.0051940 seconds, Stopping threads took: 0.0027420 seconds
314.169: Application time: 0.0757960 seconds
314.171: [GC [PSYoungGen: 91696K->7616K(97280K)] 113697K->29617K(319488K), 0.0021790 secs] [Times: user=0.01 sys=0.00, real=0.00 secs] 
314.174: Total time for which application threads were stopped: 0.0040420 seconds, Stopping threads took: 0.0017800 seconds
314.247: Application time: 0.0736250 seconds
314.249: [GC [PSYoungGen: 91072K->7408K(97280K)] 113073K->29417K(319488K), 0.0021550 secs] [Times: user=0.02 sys=0.00, real=0.00 secs] 
314.251: Total time for which application threads were stopped: 0.0038940 seconds, Stopping threads took: 0.0016530 seconds
314.327: Application time: 0.0761190 seconds
314.330: [GC [PSYoungGen: 90864K->7744K(97280K)] 112873K->29777K(319488K), 0.0022300 secs] [Times: user=0.01 sys=0.00, real=0.00 secs] 
314.332: Total time for which application threads were stopped: 0.0049050 seconds, Stopping threads took: 0.0025900 seconds
314.404: Application time: 0.0714600 seconds
314.405: [GC [PSYoungGen: 91200K->7296K(97280K)] 113233K->29337K(319488K), 0.0021930 secs] [Times: user=0.01 sys=0.00, real=0.00 secs] 
314.408: Total time for which application threads were stopped: 0.0040960 seconds, Stopping threads took: 0.0018210 seconds
314.480: Application time: 0.0721730 seconds
314.482: [GC [PSYoungGen: 90752K->7904K(97280K)] 112793K->29945K(319488K), 0.0022950 secs] [Times: user=0.02 sys=0.00, real=0.00 secs] 
314.485: Total time for which application threads were stopped: 0.0048590 seconds, Stopping threads took: 0.0024650 seconds
314.560: Application time: 0.0755470 seconds
314.563: [GC [PSYoungGen: 91360K->6272K(97280K)] 113401K->28329K(319488K), 0.0018020 secs] [Times: user=0.01 sys=0.00, real=0.00 secs] 
314.564: Total time for which application threads were stopped: 0.0041470 seconds, Stopping threads took: 0.0022690 seconds
314.649: Application time: 0.0848310 seconds
314.651: [GC [PSYoungGen: 89728K->5616K(97280K)] 111785K->27673K(319488K), 0.0016980 secs] [Times: user=0.02 sys=0.00, real=0.00 secs] 
314.653: Total time for which application threads were stopped: 0.0032760 seconds, Stopping threads took: 0.0015060 seconds
314.729: Application time: 0.0766160 seconds
314.731: [GC [PSYoungGen: 89072K->7840K(97280K)] 111129K->29913K(319488K), 0.0021590 secs] [Times: user=0.01 sys=0.00, real=0.00 secs] 
314.734: Total time for which application threads were stopped: 0.0045290 seconds, Stopping threads took: 0.0022790 seconds
314.814: Application time: 0.0801450 seconds
314.817: [GC [PSYoungGen: 91296K->7200K(97280K)] 113369K->29289K(319488K), 0.0020960 secs] [Times: user=0.01 sys=0.00, real=0.01 secs] 
314.819: Total time for which application threads were stopped: 0.0049690 seconds, Stopping threads took: 0.0027990 seconds
314.897: Application time: 0.0786180 seconds
314.899: [GC [PSYoungGen: 90656K->4288K(97280K)] 112745K->26385K(319488K), 0.0012910 secs] [Times: user=0.01 sys=0.00, real=0.00 secs] 
314.900: Total time for which application threads were stopped: 0.0030880 seconds, Stopping threads took: 0.0017210 seconds
314.979: Application time: 0.0781700 seconds
314.981: [GC [PSYoungGen: 87744K->7728K(97280K)] 109841K->29825K(319488K), 0.0024440 secs] [Times: user=0.01 sys=0.00, real=0.00 secs] 
314.983: Total time for which application threads were stopped: 0.0048210 seconds, Stopping threads took: 0.0022820 seconds
315.057: Application time: 0.0732450 seconds
315.059: [GC [PSYoungGen: 91184K->6496K(97280K)] 113281K->28601K(319488K), 0.0019620 secs] [Times: user=0.01 sys=0.00, real=0.00 secs] 
315.061: Total time for which application threads were stopped: 0.0038150 seconds, Stopping threads took: 0.0017580 seconds
315.138: Application time: 0.0770170 seconds
315.140: [GC [PSYoungGen: 89952K->6560K(97280K)] 112057K->28665K(319488K), 0.0019090 secs] [Times: user=0.02 sys=0.00, real=0.00 secs] 
315.142: Total time for which application threads were stopped: 0.0041290 seconds, Stopping threads took: 0.0021360 seconds
315.218: Application time: 0.0766950 seconds
315.221: [GC [PSYoungGen: 90016K->5600K(97280K)] 112121K->27705K(319488K), 0.0017420 secs] [Times: user=0.02 sys=0.00, real=0.00 secs] 
315.223: Total time for which application threads were stopped: 0.0046000 seconds, Stopping threads took: 0.0027810 seconds
315.298: Application time: 0.0746510 seconds
315.300: [GC [PSYoungGen: 89056K->7840K(97280K)] 111161K->29953K(319488K), 0.0022950 secs] [Times: user=0.02 sys=0.00, real=0.00 secs] 
315.303: Total time for which application threads were stopped: 0.0049810 seconds, Stopping threads took: 0.0025960 seconds
315.378: Application time: 0.0749180 seconds
315.380: [GC [PSYoungGen: 91296K->6960K(97280K)] 113409K->29081K(319488K), 0.0019370 secs] [Times: user=0.01 sys=0.00, real=0.00 secs] 
315.382: Total time for which application threads were stopped: 0.0044460 seconds, Stopping threads took: 0.0024330 seconds
315.459: Application time: 0.0765290 seconds
315.461: [GC [PSYoungGen: 90416K->7520K(97280K)] 112537K->29657K(319488K), 0.0021270 secs] [Times: user=0.01 sys=0.00, real=0.00 secs] 
315.463: Total time for which application threads were stopped: 0.0041690 seconds, Stopping threads took: 0.0019640 seconds
315.536: Application time: 0.0737250 seconds
315.539: [GC [PSYoungGen: 90976K->7024K(97280K)] 113113K->29169K(319488K), 0.0020550 secs] [Times: user=0.01 sys=0.00, real=0.00 secs] 
315.541: Total time for which application threads were stopped: 0.0046720 seconds, Stopping threads took: 0.0025250 seconds
315.617: Application time: 0.0761120 seconds
315.619: [GC [PSYoungGen: 90480K->7312K(97280K)] 112625K->29465K(319488K), 0.0021050 secs] [Times: user=0.02 sys=0.00, real=0.00 secs] 
315.621: Total time for which application threads were stopped: 0.0034900 seconds, Stopping threads took: 0.0012880 seconds
315.694: Application time: 0.0730010 seconds
315.696: [GC [PSYoungGen: 90768K->7776K(97280K)] 112921K->29929K(319488K), 0.0022210 secs] [Times: user=0.02 sys=0.00, real=0.01 secs] 
315.698: Total time for which application threads were stopped: 0.0044740 seconds, Stopping threads took: 0.0021620 seconds
315.775: Application time: 0.0770630 seconds
315.778: [GC [PSYoungGen: 91232K->6160K(97280K)] 113385K->28321K(319488K), 0.0018010 secs] [Times: user=0.01 sys=0.00, real=0.00 secs] 
315.780: Total time for which application threads were stopped: 0.0042660 seconds, Stopping threads took: 0.0023890 seconds
315.852: Application time: 0.0721750 seconds
315.854: [GC [PSYoungGen: 89616K->7040K(97280K)] 111777K->29209K(319488K), 0.0020700 secs] [Times: user=0.01 sys=0.00, real=0.00 secs] 
315.856: Total time for which application threads were stopped: 0.0039940 seconds, Stopping threads took: 0.0018390 seconds
315.933: Application time: 0.0773810 seconds
315.937: [GC [PSYoungGen: 90496K->7152K(97280K)] 112665K->29329K(319488K), 0.0021350 secs] [Times: user=0.01 sys=0.00, real=0.01 secs] 
315.939: Total time for which application threads were stopped: 0.0056180 seconds, Stopping threads took: 0.0033980 seconds
316.012: Application time: 0.0736710 seconds
316.014: [GC [PSYoungGen: 90608K->6816K(97280K)] 112785K->29009K(319488K), 0.0021360 secs] [Times: user=0.01 sys=0.00, real=0.00 secs] 
316.017: Total time for which application threads were stopped: 0.0041910 seconds, Stopping threads took: 0.0019680 seconds
316.093: Application time: 0.0763300 seconds
316.095: [GC [PSYoungGen: 90272K->7584K(97280K)] 112465K->29785K(319488K), 0.0021820 secs] [Times: user=0.01 sys=0.00, real=0.01 secs] 
316.097: Total time for which application threads were stopped: 0.0043400 seconds, Stopping threads took: 0.0020710 seconds
316.169: Application time: 0.0718670 seconds
316.170: [GC [PSYoungGen: 91040K->7920K(97280K)] 113241K->30121K(319488K), 0.0021820 secs] [Times: user=0.01 sys=0.00, real=0.00 secs] 
316.172: Total time for which application threads were stopped: 0.0033680 seconds, Stopping threads took: 0.0010950 seconds
316.251: Application time: 0.0787200 seconds
316.253: [GC [PSYoungGen: 91376K->7824K(97280K)] 113577K->30033K(319488K), 0.0022630 secs] [Times: user=0.02 sys=0.00, real=0.00 secs] 
316.255: Total time for which application threads were stopped: 0.0039600 seconds, Stopping threads took: 0.0016130 seconds
316.327: Application time: 0.0720300 seconds
316.329: [GC [PSYoungGen: 91280K->7632K(97280K)] 113489K->29849K(319488K), 0.0023400 secs] [Times: user=0.01 sys=0.00, real=0.00 secs] 
316.331: Total time for which application threads were stopped: 0.0042730 seconds, Stopping threads took: 0.0018320 seconds
316.405: Application time: 0.0738820 seconds
316.408: [GC [PSYoungGen: 91088K->7712K(97280K)] 113305K->29937K(319488K), 0.0022020 secs] [Times: user=0.01 sys=0.00, real=0.00 secs] 
316.410: Total time for which application threads were stopped: 0.0051320 seconds, Stopping threads took: 0.0028480 seconds
316.485: Application time: 0.0742880 seconds
316.487: [GC [PSYoungGen: 91168K->6496K(97280K)] 113393K->28729K(319488K), 0.0018780 secs] [Times: user=0.00 sys=0.01, real=0.00 secs] 
316.489: Total time for which application threads were stopped: 0.0045260 seconds, Stopping threads took: 0.0025750 seconds
316.564: Application time: 0.0748700 seconds
316.566: [GC [PSYoungGen: 89952K->7024K(97280K)] 112185K->29265K(319488K), 0.0020620 secs] [Times: user=0.02 sys=0.00, real=0.00 secs] 
316.568: Total time for which application threads were stopped: 0.0035060 seconds, Stopping threads took: 0.0013620 seconds
316.642: Application time: 0.0740820 seconds
316.645: [GC [PSYoungGen: 90480K->8128K(97280K)] 112721K->30369K(319488K), 0.0023370 secs] [Times: user=0.01 sys=0.00, real=0.01 secs] 
316.647: Total time for which application threads were stopped: 0.0053030 seconds, Stopping threads took: 0.0028780 seconds
316.721: Application time: 0.0739280 seconds
316.723: [GC [PSYoungGen: 91584K->6656K(97280K)] 113825K->28905K(319488K), 0.0019550 secs] [Times: user=0.02 sys=0.00, real=0.01 secs] 
316.725: Total time for which application threads were stopped: 0.0042590 seconds, Stopping threads took: 0.0022130 seconds
316.805: Application time: 0.0795350 seconds
316.807: [GC [PSYoungGen: 90112K->4656K(97280K)] 112361K->26913K(319488K), 0.0014280 secs] [Times: user=0.01 sys=0.00, real=0.00 secs] 
316.809: Total time for which application threads were stopped: 0.0041100 seconds, Stopping threads took: 0.0026120 seconds
316.888: Application time: 0.0795050 seconds
316.891: [GC [PSYoungGen: 88112K->7152K(97280K)] 110369K->29417K(319488K), 0.0021310 secs] [Times: user=0.01 sys=0.00, real=0.00 secs] 
316.893: Total time for which application threads were stopped: 0.0044240 seconds, Stopping threads took: 0.0022020 seconds
316.971: Application time: 0.0784610 seconds
316.973: [GC [PSYoungGen: 90608K->7520K(97280K)] 112873K->29793K(319488K), 0.0022150 secs] [Times: user=0.01 sys=0.00, real=0.00 secs] 
316.975: Total time for which application threads were stopped: 0.0040590 seconds, Stopping threads took: 0.0017500 seconds
317.053: Application time: 0.0775400 seconds
317.056: [GC [PSYoungGen: 90976K->7712K(97280K)] 113249K->29993K(319488K), 0.0022420 secs] [Times: user=0.02 sys=0.00, real=0.01 secs] 
317.058: Total time for which application threads were stopped: 0.0049760 seconds, Stopping threads took: 0.0026490 seconds
317.139: Application time: 0.0807270 seconds
317.141: [GC [PSYoungGen: 91168K->6800K(97280K)] 113449K->29081K(319488K), 0.0020560 secs] [Times: user=0.01 sys=0.00, real=0.00 secs] 
317.143: Total time for which application threads were stopped: 0.0043260 seconds, Stopping threads took: 0.0021880 seconds
317.226: Application time: 0.0833960 seconds
317.229: [GC [PSYoungGen: 90256K->6608K(97280K)] 112537K->28889K(319488K), 0.0018660 secs] [Times: user=0.01 sys=0.00, real=0.00 secs] 
317.230: Total time for which application threads were stopped: 0.0041390 seconds, Stopping threads took: 0.0021810 seconds
317.314: Application time: 0.0833520 seconds
317.317: [GC [PSYoungGen: 90064K->7168K(97280K)] 112345K->29457K(319488K), 0.0021310 secs] [Times: user=0.01 sys=0.00, real=0.01 secs] 
317.319: Total time for which application threads were stopped: 0.0048870 seconds, Stopping threads took: 0.0026720 seconds
317.399: Application time: 0.0807380 seconds
317.402: [GC [PSYoungGen: 90624K->6592K(97280K)] 112913K->28889K(319488K), 0.0019220 secs] [Times: user=0.01 sys=0.00, real=0.00 secs] 
317.404: Total time for which application threads were stopped: 0.0043230 seconds, Stopping threads took: 0.0023170 seconds
317.482: Application time: 0.0784200 seconds
317.485: [GC [PSYoungGen: 90048K->7184K(97280K)] 112345K->29489K(319488K), 0.0021240 secs] [Times: user=0.01 sys=0.00, real=0.01 secs] 
317.487: Total time for which application threads were stopped: 0.0045600 seconds, Stopping threads took: 0.0023520 seconds
317.569: Application time: 0.0820350 seconds
317.572: [GC [PSYoungGen: 90640K->7584K(97280K)] 112945K->29897K(319488K), 0.0021960 secs] [Times: user=0.01 sys=0.00, real=0.00 secs] 
317.574: Total time for which application threads were stopped: 0.0050720 seconds, Stopping threads took: 0.0027850 seconds
317.652: Application time: 0.0783300 seconds
317.655: [GC [PSYoungGen: 91040K->7056K(97280K)] 113353K->29369K(319488K), 0.0022720 secs] [Times: user=0.01 sys=0.00, real=0.00 secs] 
317.657: Total time for which application threads were stopped: 0.0047610 seconds, Stopping threads took: 0.0023850 seconds
317.737: Application time: 0.0799670 seconds
317.739: [GC [PSYoungGen: 90512K->6704K(97280K)] 112825K->29017K(319488K), 0.0022670 secs] [Times: user=0.01 sys=0.00, real=0.00 secs] 
317.741: Total time for which application threads were stopped: 0.0041130 seconds, Stopping threads took: 0.0017500 seconds
317.822: Application time: 0.0808920 seconds
317.824: [GC [PSYoungGen: 90160K->5952K(97280K)] 112473K->28281K(319488K), 0.0019820 secs] [Times: user=0.01 sys=0.00, real=0.01 secs] 
317.826: Total time for which application threads were stopped: 0.0040760 seconds, Stopping threads took: 0.0019930 seconds
317.906: Application time: 0.0798410 seconds
317.909: [GC [PSYoungGen: 89408K->7856K(97280K)] 111737K->30193K(319488K), 0.0024760 secs] [Times: user=0.01 sys=0.00, real=0.00 secs] 
317.912: Total time for which application threads were stopped: 0.0058340 seconds, Stopping threads took: 0.0032710 seconds
317.990: Application time: 0.0777830 seconds
317.992: [GC [PSYoungGen: 91312K->7456K(97280K)] 113649K->29793K(319488K), 0.0023580 secs] [Times: user=0.02 sys=0.00, real=0.00 secs] 
317.994: Total time for which application threads were stopped: 0.0044100 seconds, Stopping threads took: 0.0019630 seconds
318.077: Application time: 0.0834360 seconds
318.081: [GC [PSYoungGen: 90912K->7968K(97280K)] 113249K->30313K(319488K), 0.0025670 secs] [Times: user=0.01 sys=0.00, real=0.00 secs] 
318.083: Total time for which application threads were stopped: 0.0059000 seconds, Stopping threads took: 0.0032260 seconds
318.164: Application time: 0.0808840 seconds
318.167: [GC [PSYoungGen: 91424K->8336K(97280K)] 113769K->30697K(319488K), 0.0024290 secs] [Times: user=0.02 sys=0.00, real=0.00 secs] 
318.170: Total time for which application threads were stopped: 0.0055250 seconds, Stopping threads took: 0.0030080 seconds
318.247: Application time: 0.0776140 seconds
318.250: [GC [PSYoungGen: 91792K->7584K(97280K)] 114153K->29945K(319488K), 0.0022480 secs] [Times: user=0.01 sys=0.00, real=0.00 secs] 
318.252: Total time for which application threads were stopped: 0.0049100 seconds, Stopping threads took: 0.0025680 seconds
318.334: Application time: 0.0813440 seconds
318.335: [GC [PSYoungGen: 91040K->6960K(97280K)] 113401K->29329K(319488K), 0.0021630 secs] [Times: user=0.02 sys=0.00, real=0.01 secs] 
318.338: Total time for which application threads were stopped: 0.0040740 seconds, Stopping threads took: 0.0018290 seconds
318.418: Application time: 0.0806510 seconds
318.420: [GC [PSYoungGen: 90415K->7888K(97280K)] 112785K->30265K(319488K), 0.0023100 secs] [Times: user=0.02 sys=0.00, real=0.00 secs] 
318.423: Total time for which application threads were stopped: 0.0042370 seconds, Stopping threads took: 0.0018390 seconds
318.500: Application time: 0.0778910 seconds
318.502: [GC [PSYoungGen: 91344K->7072K(97280K)] 113721K->29457K(319488K), 0.0019920 secs] [Times: user=0.01 sys=0.00, real=0.00 secs] 
318.504: Total time for which application threads were stopped: 0.0034670 seconds, Stopping threads took: 0.0013730 seconds
318.584: Application time: 0.0805810 seconds
318.587: [GC [PSYoungGen: 90528K->7664K(97280K)] 112913K->30057K(319488K), 0.0023470 secs] [Times: user=0.02 sys=0.00, real=0.00 secs] 
318.590: Total time for which application threads were stopped: 0.0050500 seconds, Stopping threads took: 0.0026110 seconds
318.666: Application time: 0.0768650 seconds
318.669: [GC [PSYoungGen: 91120K->7056K(97280K)] 113513K->29457K(319488K), 0.0020810 secs] [Times: user=0.02 sys=0.00, real=0.00 secs] 
318.671: Total time for which application threads were stopped: 0.0049640 seconds, Stopping threads took: 0.0028010 seconds
318.750: Application time: 0.0787000 seconds
318.752: [GC [PSYoungGen: 90512K->7568K(97280K)] 112913K->29969K(319488K), 0.0021710 secs] [Times: user=0.02 sys=0.00, real=0.00 secs] 
318.754: Total time for which application threads were stopped: 0.0041180 seconds, Stopping threads took: 0.0018540 seconds
318.832: Application time: 0.0775520 seconds
318.834: [GC [PSYoungGen: 91024K->6864K(97280K)] 113425K->29273K(319488K), 0.0020500 secs] [Times: user=0.01 sys=0.00, real=0.00 secs] 
318.836: Total time for which application threads were stopped: 0.0045450 seconds, Stopping threads took: 0.0024090 seconds
318.918: Application time: 0.0812470 seconds
318.919: [GC [PSYoungGen: 90320K->6448K(97280K)] 112729K->28865K(319488K), 0.0018660 secs] [Times: user=0.01 sys=0.00, real=0.00 secs] 
318.921: Total time for which application threads were stopped: 0.0035730 seconds, Stopping threads took: 0.0016170 seconds
318.999: Application time: 0.0777230 seconds
319.001: [GC [PSYoungGen: 89904K->8096K(97280K)] 112321K->30529K(319488K), 0.0022640 secs] [Times: user=0.01 sys=0.00, real=0.00 secs] 
319.003: Total time for which application threads were stopped: 0.0041050 seconds, Stopping threads took: 0.0017530 seconds
319.087: Application time: 0.0841570 seconds
319.090: [GC [PSYoungGen: 91552K->6784K(97280K)] 113985K->29225K(319488K), 0.0019980 secs] [Times: user=0.02 sys=0.00, real=0.00 secs] 
319.092: Total time for which application threads were stopped: 0.0052240 seconds, Stopping threads took: 0.0031410 seconds
319.172: Application time: 0.0795500 seconds
319.174: [GC [PSYoungGen: 90240K->7856K(97280K)] 112681K->30305K(319488K), 0.0023360 secs] [Times: user=0.02 sys=0.00, real=0.00 secs] 
319.176: Total time for which application threads were stopped: 0.0040550 seconds, Stopping threads took: 0.0016330 seconds
319.256: Application time: 0.0805890 seconds
319.259: [GC [PSYoungGen: 91312K->5760K(97280K)] 113761K->28209K(319488K), 0.0017500 secs] [Times: user=0.02 sys=0.00, real=0.00 secs] 
319.261: Total time for which application threads were stopped: 0.0040760 seconds, Stopping threads took: 0.0022310 seconds
319.339: Application time: 0.0779960 seconds
319.341: [GC [PSYoungGen: 89216K->7760K(97280K)] 111665K->30217K(319488K), 0.0022940 secs] [Times: user=0.02 sys=0.00, real=0.00 secs] 
319.343: Total time for which application threads were stopped: 0.0047490 seconds, Stopping threads took: 0.0023680 seconds
319.421: Application time: 0.0777880 seconds
319.424: [GC [PSYoungGen: 91216K->8208K(97280K)] 113673K->30673K(319488K), 0.0024140 secs] [Times: user=0.02 sys=0.00, real=0.01 secs] 
319.427: Total time for which application threads were stopped: 0.0055130 seconds, Stopping threads took: 0.0030140 seconds
319.505: Application time: 0.0783180 seconds
319.508: [GC [PSYoungGen: 91664K->7408K(97280K)] 114129K->29881K(319488K), 0.0021910 secs] [Times: user=0.02 sys=0.00, real=0.00 secs] 
319.510: Total time for which application threads were stopped: 0.0048460 seconds, Stopping threads took: 0.0025710 seconds
319.588: Application time: 0.0781600 seconds
319.590: [GC [PSYoungGen: 90864K->7648K(97280K)] 113337K->30129K(319488K), 0.0023080 secs] [Times: user=0.02 sys=0.00, real=0.00 secs] 
319.593: Total time for which application threads were stopped: 0.0047880 seconds, Stopping threads took: 0.0023860 seconds
319.670: Application time: 0.0773910 seconds
319.671: [GC [PSYoungGen: 91104K->7200K(97280K)] 113585K->29689K(319488K), 0.0021470 secs] [Times: user=0.01 sys=0.00, real=0.00 secs] 
319.674: Total time for which application threads were stopped: 0.0033960 seconds, Stopping threads took: 0.0011610 seconds
319.756: Application time: 0.0828060 seconds
319.759: [GC [PSYoungGen: 90656K->7584K(97280K)] 113145K->30073K(319488K), 0.0022170 secs] [Times: user=0.02 sys=0.00, real=0.00 secs] 
319.761: Total time for which application threads were stopped: 0.0046790 seconds, Stopping threads took: 0.0023760 seconds
319.839: Application time: 0.0782600 seconds
319.841: [GC [PSYoungGen: 91040K->7232K(97280K)] 113529K->29721K(319488K), 0.0020910 secs] [Times: user=0.02 sys=0.00, real=0.00 secs] 
319.843: Total time for which application threads were stopped: 0.0038690 seconds, Stopping threads took: 0.0016810 seconds
319.921: Application time: 0.0778610 seconds
319.924: [GC [PSYoungGen: 90688K->7712K(97280K)] 113177K->30209K(319488K), 0.0022500 secs] [Times: user=0.02 sys=0.00, real=0.01 secs] 
319.926: Total time for which application threads were stopped: 0.0049380 seconds, Stopping threads took: 0.0025980 seconds
320.005: Application time: 0.0786370 seconds
320.007: [GC [PSYoungGen: 91168K->7392K(97280K)] 113665K->29905K(319488K), 0.0022070 secs] [Times: user=0.02 sys=0.00, real=0.00 secs] 
320.009: Total time for which application threads were stopped: 0.0045390 seconds, Stopping threads took: 0.0022520 seconds
320.089: Application time: 0.0794970 seconds
320.091: [GC [PSYoungGen: 90848K->7264K(97280K)] 113361K->29785K(319488K), 0.0022360 secs] [Times: user=0.01 sys=0.00, real=0.00 secs] 
320.093: Total time for which application threads were stopped: 0.0047380 seconds, Stopping threads took: 0.0024140 seconds
320.173: Application time: 0.0793410 seconds
320.175: [GC [PSYoungGen: 90720K->7504K(97280K)] 113241K->30033K(319488K), 0.0021760 secs] [Times: user=0.02 sys=0.00, real=0.00 secs] 
320.177: Total time for which application threads were stopped: 0.0040850 seconds, Stopping threads took: 0.0018240 seconds
320.258: Application time: 0.0809600 seconds
320.261: [GC [PSYoungGen: 90960K->5920K(97280K)] 113489K->28449K(319488K), 0.0017410 secs] [Times: user=0.01 sys=0.00, real=0.00 secs] 
320.263: Total time for which application threads were stopped: 0.0052040 seconds, Stopping threads took: 0.0033730 seconds
320.340: Application time: 0.0770290 seconds
320.343: [GC [PSYoungGen: 89376K->7728K(97280K)] 111905K->30257K(319488K), 0.0022460 secs] [Times: user=0.01 sys=0.00, real=0.00 secs] 
320.345: Total time for which application threads were stopped: 0.0048130 seconds, Stopping threads took: 0.0024750 seconds
320.423: Application time: 0.0781700 seconds
320.425: [GC [PSYoungGen: 91184K->7344K(97280K)] 113713K->29889K(319488K), 0.0021830 secs] [Times: user=0.01 sys=0.00, real=0.00 secs] 
320.427: Total time for which application threads were stopped: 0.0043840 seconds, Stopping threads took: 0.0021150 seconds
320.506: Application time: 0.0786310 seconds
320.508: [GC [PSYoungGen: 90800K->5712K(97280K)] 113345K->28265K(319488K), 0.0016230 secs] [Times: user=0.01 sys=0.00, real=0.00 secs] 
320.510: Total time for which application threads were stopped: 0.0040280 seconds, Stopping threads took: 0.0023300 seconds
320.590: Application time: 0.0797070 seconds
320.591: [GC [PSYoungGen: 89168K->6816K(97280K)] 111721K->29377K(319488K), 0.0019950 secs] [Times: user=0.01 sys=0.00, real=0.00 secs] 
320.593: Total time for which application threads were stopped: 0.0035340 seconds, Stopping threads took: 0.0014590 seconds
320.673: Application time: 0.0799800 seconds
320.676: [GC [PSYoungGen: 90272K->7584K(97280K)] 112833K->30153K(319488K), 0.0022450 secs] [Times: user=0.01 sys=0.00, real=0.01 secs] 
320.678: Total time for which application threads were stopped: 0.0047350 seconds, Stopping threads took: 0.0024060 seconds
320.758: Application time: 0.0799580 seconds
320.760: [GC [PSYoungGen: 91040K->7120K(97280K)] 113609K->29697K(319488K), 0.0021250 secs] [Times: user=0.02 sys=0.00, real=0.00 secs] 
320.762: Total time for which application threads were stopped: 0.0044410 seconds, Stopping threads took: 0.0022300 seconds
320.846: Application time: 0.0834340 seconds
320.849: [GC [PSYoungGen: 90576K->6544K(97280K)] 113153K->29121K(319488K), 0.0020460 secs] [Times: user=0.01 sys=0.00, real=0.00 secs] 
320.851: Total time for which application threads were stopped: 0.0054120 seconds, Stopping threads took: 0.0032740 seconds
320.925: Application time: 0.0741110 seconds
320.927: [GC [PSYoungGen: 90000K->7744K(97280K)] 112577K->30329K(319488K), 0.0023250 secs] [Times: user=0.02 sys=0.00, real=0.00 secs] 
320.930: Total time for which application threads were stopped: 0.0044360 seconds, Stopping threads took: 0.0020270 seconds
321.003: Application time: 0.0731390 seconds
321.005: [GC [PSYoungGen: 91200K->6848K(97280K)] 113785K->29441K(319488K), 0.0020640 secs] [Times: user=0.01 sys=0.00, real=0.01 secs] 
321.007: Total time for which application threads were stopped: 0.0038210 seconds, Stopping threads took: 0.0016710 seconds
321.083: Application time: 0.0758580 seconds
321.085: [GC [PSYoungGen: 90304K->6496K(97280K)] 112897K->29105K(319488K), 0.0019180 secs] [Times: user=0.01 sys=0.00, real=0.00 secs] 
321.087: Total time for which application threads were stopped: 0.0047900 seconds, Stopping threads took: 0.0027710 seconds
321.162: Application time: 0.0745520 seconds
321.165: [GC [PSYoungGen: 89952K->6976K(97280K)] 112561K->29593K(319488K), 0.0021560 secs] [Times: user=0.02 sys=0.00, real=0.01 secs] 
321.167: Total time for which application threads were stopped: 0.0048990 seconds, Stopping threads took: 0.0026640 seconds
321.243: Application time: 0.0761310 seconds
321.246: [GC [PSYoungGen: 90432K->7536K(97280K)] 113049K->30161K(319488K), 0.0023570 secs] [Times: user=0.01 sys=0.00, real=0.00 secs] 
321.248: Total time for which application threads were stopped: 0.0051140 seconds, Stopping threads took: 0.0026740 seconds
321.324: Application time: 0.0754940 seconds
321.325: [GC [PSYoungGen: 90992K->6160K(97280K)] 113617K->28785K(319488K), 0.0018880 secs] [Times: user=0.01 sys=0.00, real=0.01 secs] 
321.327: Total time for which application threads were stopped: 0.0032910 seconds, Stopping threads took: 0.0013290 seconds
321.405: Application time: 0.0776360 seconds
321.406: [GC [PSYoungGen: 89616K->7744K(97280K)] 112241K->30377K(319488K), 0.0023870 secs] [Times: user=0.01 sys=0.00, real=0.00 secs] 
321.409: Total time for which application threads were stopped: 0.0040020 seconds, Stopping threads took: 0.0014980 seconds
321.483: Application time: 0.0743500 seconds
321.485: [GC [PSYoungGen: 91200K->7120K(97280K)] 113833K->29761K(319488K), 0.0019330 secs] [Times: user=0.01 sys=0.00, real=0.00 secs] 
321.487: Total time for which application threads were stopped: 0.0041960 seconds, Stopping threads took: 0.0021870 seconds
321.564: Application time: 0.0767790 seconds
321.567: [GC [PSYoungGen: 90576K->7568K(97280K)] 113217K->30217K(319488K), 0.0022200 secs] [Times: user=0.02 sys=0.00, real=0.00 secs] 
321.569: Total time for which application threads were stopped: 0.0051440 seconds, Stopping threads took: 0.0028420 seconds
321.645: Application time: 0.0760430 seconds
321.648: [GC [PSYoungGen: 91024K->7984K(97280K)] 113673K->30641K(319488K), 0.0023440 secs] [Times: user=0.02 sys=0.00, real=0.00 secs] 
321.650: Total time for which application threads were stopped: 0.0049100 seconds, Stopping threads took: 0.0024810 seconds
321.724: Application time: 0.0743070 seconds
321.726: [GC [PSYoungGen: 91440K->5296K(97280K)] 114097K->27961K(319488K), 0.0016510 secs] [Times: user=0.02 sys=0.00, real=0.00 secs] 
321.728: Total time for which application threads were stopped: 0.0032970 seconds, Stopping threads took: 0.0015730 seconds
321.802: Application time: 0.0748600 seconds
321.805: [GC [PSYoungGen: 88752K->6976K(97280K)] 111417K->29641K(319488K), 0.0021130 secs] [Times: user=0.01 sys=0.00, real=0.01 secs] 
321.807: Total time for which application threads were stopped: 0.0046170 seconds, Stopping threads took: 0.0024200 seconds
321.885: Application time: 0.0774970 seconds
321.886: [GC [PSYoungGen: 90432K->6624K(97280K)] 113097K->29297K(319488K), 0.0018990 secs] [Times: user=0.01 sys=0.00, real=0.00 secs] 
321.888: Total time for which application threads were stopped: 0.0035430 seconds, Stopping threads took: 0.0015720 seconds
321.966: Application time: 0.0774740 seconds
321.968: [GC [PSYoungGen: 90080K->7488K(97280K)] 112753K->30169K(319488K), 0.0020640 secs] [Times: user=0.01 sys=0.00, real=0.00 secs] 
321.970: Total time for which application threads were stopped: 0.0043960 seconds, Stopping threads took: 0.0022400 seconds
322.047: Application time: 0.0765640 seconds
322.049: [GC [PSYoungGen: 90944K->6176K(97280K)] 113625K->28865K(319488K), 0.0018990 secs] [Times: user=0.02 sys=0.00, real=0.00 secs] 
322.051: Total time for which application threads were stopped: 0.0042450 seconds, Stopping threads took: 0.0022590 seconds
322.126: Application time: 0.0747400 seconds
322.127: [GC [PSYoungGen: 89632K->6880K(97280K)] 112321K->29577K(319488K), 0.0019680 secs] [Times: user=0.01 sys=0.00, real=0.00 secs] 
322.129: Total time for which application threads were stopped: 0.0034450 seconds, Stopping threads took: 0.0014010 seconds
322.209: Application time: 0.0798570 seconds
322.211: [GC [PSYoungGen: 90336K->7040K(97280K)] 113033K->29745K(319488K), 0.0023230 secs] [Times: user=0.01 sys=0.00, real=0.00 secs] 
322.213: Total time for which application threads were stopped: 0.0040170 seconds, Stopping threads took: 0.0015930 seconds
322.285: Application time: 0.0721340 seconds
322.287: [GC [PSYoungGen: 90496K->7744K(97280K)] 113201K->30449K(319488K), 0.0021820 secs] [Times: user=0.01 sys=0.01, real=0.00 secs] 
322.289: Total time for which application threads were stopped: 0.0040800 seconds, Stopping threads took: 0.0018110 seconds
322.364: Application time: 0.0748110 seconds
322.366: [GC [PSYoungGen: 91200K->7056K(97280K)] 113905K->29761K(319488K), 0.0020430 secs] [Times: user=0.02 sys=0.00, real=0.00 secs] 
322.368: Total time for which application threads were stopped: 0.0041810 seconds, Stopping threads took: 0.0020540 seconds
322.442: Application time: 0.0740120 seconds
322.444: [GC [PSYoungGen: 90512K->5952K(97280K)] 113217K->28665K(319488K), 0.0017320 secs] [Times: user=0.01 sys=0.00, real=0.01 secs] 
322.446: Total time for which application threads were stopped: 0.0038810 seconds, Stopping threads took: 0.0020690 seconds
322.525: Application time: 0.0787050 seconds
322.527: [GC [PSYoungGen: 89408K->6640K(97280K)] 112121K->29361K(319488K), 0.0020610 secs] [Times: user=0.02 sys=0.00, real=0.00 secs] 
322.529: Total time for which application threads were stopped: 0.0044640 seconds, Stopping threads took: 0.0023080 seconds
322.605: Application time: 0.0756040 seconds
322.607: [GC [PSYoungGen: 90096K->7888K(97280K)] 112817K->30609K(319488K), 0.0021710 secs] [Times: user=0.01 sys=0.00, real=0.00 secs] 
322.609: Total time for which application threads were stopped: 0.0046780 seconds, Stopping threads took: 0.0024300 seconds
322.686: Application time: 0.0767330 seconds
322.688: [GC [PSYoungGen: 91344K->6464K(97280K)] 114065K->29193K(319488K), 0.0018590 secs] [Times: user=0.01 sys=0.00, real=0.00 secs] 
322.690: Total time for which application threads were stopped: 0.0038230 seconds, Stopping threads took: 0.0018840 seconds
322.764: Application time: 0.0737050 seconds
322.765: [GC [PSYoungGen: 89920K->6592K(97280K)] 112649K->29329K(319488K), 0.0019450 secs] [Times: user=0.01 sys=0.00, real=0.00 secs] 
322.767: Total time for which application threads were stopped: 0.0036710 seconds, Stopping threads took: 0.0016450 seconds
322.844: Application time: 0.0767300 seconds
322.846: [GC [PSYoungGen: 90048K->7264K(97280K)] 112785K->30001K(319488K), 0.0021410 secs] [Times: user=0.01 sys=0.00, real=0.00 secs] 
322.848: Total time for which application threads were stopped: 0.0040790 seconds, Stopping threads took: 0.0018520 seconds
322.921: Application time: 0.0725610 seconds
322.923: [GC [PSYoungGen: 90720K->7088K(97280K)] 113457K->29833K(319488K), 0.0022320 secs] [Times: user=0.01 sys=0.00, real=0.01 secs] 
322.926: Total time for which application threads were stopped: 0.0048220 seconds, Stopping threads took: 0.0025160 seconds
323.000: Application time: 0.0745010 seconds
323.003: [GC [PSYoungGen: 90544K->8080K(97280K)] 113289K->30841K(319488K), 0.0024810 secs] [Times: user=0.02 sys=0.00, real=0.01 secs] 
323.005: Total time for which application threads were stopped: 0.0051790 seconds, Stopping threads took: 0.0026110 seconds
323.079: Application time: 0.0733040 seconds
323.081: [GC [PSYoungGen: 91535K->7248K(97280K)] 114296K->30009K(319488K), 0.0020990 secs] [Times: user=0.01 sys=0.00, real=0.00 secs] 
323.083: Total time for which application threads were stopped: 0.0041930 seconds, Stopping threads took: 0.0020110 seconds
323.159: Application time: 0.0759820 seconds
323.161: [GC [PSYoungGen: 90704K->6592K(97280K)] 113465K->29361K(319488K), 0.0020020 secs] [Times: user=0.01 sys=0.00, real=0.00 secs] 
323.163: Total time for which application threads were stopped: 0.0046560 seconds, Stopping threads took: 0.0025750 seconds
323.238: Application time: 0.0750100 seconds
323.239: [GC [PSYoungGen: 90048K->6832K(97280K)] 112817K->29609K(319488K), 0.0021530 secs] [Times: user=0.02 sys=0.00, real=0.00 secs] 
323.241: Total time for which application threads were stopped: 0.0025500 seconds, Stopping threads took: 0.0003180 seconds
323.318: Application time: 0.0766950 seconds
323.321: [GC [PSYoungGen: 90288K->6672K(97280K)] 113065K->29449K(319488K), 0.0019180 secs] [Times: user=0.01 sys=0.00, real=0.00 secs] 
323.323: Total time for which application threads were stopped: 0.0049170 seconds, Stopping threads took: 0.0029110 seconds
323.396: Application time: 0.0731780 seconds
323.398: [GC [PSYoungGen: 90128K->7008K(97280K)] 112905K->29793K(319488K), 0.0020280 secs] [Times: user=0.02 sys=0.00, real=0.00 secs] 
323.400: Total time for which application threads were stopped: 0.0041870 seconds, Stopping threads took: 0.0020810 seconds
323.475: Application time: 0.0747540 seconds
323.477: [GC [PSYoungGen: 90464K->6816K(97280K)] 113249K->29609K(319488K), 0.0019350 secs] [Times: user=0.01 sys=0.00, real=0.01 secs] 
323.479: Total time for which application threads were stopped: 0.0042710 seconds, Stopping threads took: 0.0022500 seconds
323.552: Application time: 0.0733840 seconds
323.554: [GC [PSYoungGen: 90272K->7344K(97280K)] 113065K->30137K(319488K), 0.0021750 secs] [Times: user=0.01 sys=0.00, real=0.00 secs] 
323.557: Total time for which application threads were stopped: 0.0043050 seconds, Stopping threads took: 0.0020500 seconds
323.633: Application time: 0.0767010 seconds
323.635: [GC [PSYoungGen: 90800K->7008K(97280K)] 113593K->29809K(319488K), 0.0020390 secs] [Times: user=0.01 sys=0.00, real=0.00 secs] 
323.637: Total time for which application threads were stopped: 0.0036130 seconds, Stopping threads took: 0.0014880 seconds
323.710: Application time: 0.0727940 seconds
323.712: [GC [PSYoungGen: 90463K->7280K(97280K)] 113265K->30089K(319488K), 0.0020070 secs] [Times: user=0.01 sys=0.00, real=0.00 secs] 
323.714: Total time for which application threads were stopped: 0.0043200 seconds, Stopping threads took: 0.0022370 seconds
323.789: Application time: 0.0745570 seconds
323.791: [GC [PSYoungGen: 90736K->7664K(97280K)] 113545K->30473K(319488K), 0.0021270 secs] [Times: user=0.01 sys=0.00, real=0.00 secs] 
323.793: Total time for which application threads were stopped: 0.0042130 seconds, Stopping threads took: 0.0020030 seconds
323.865: Application time: 0.0718630 seconds
323.867: [GC [PSYoungGen: 91120K->7376K(97280K)] 113929K->30193K(319488K), 0.0021120 secs] [Times: user=0.01 sys=0.00, real=0.00 secs] 
323.869: Total time for which application threads were stopped: 0.0041540 seconds, Stopping threads took: 0.0019600 seconds
323.950: Application time: 0.0805550 seconds
323.951: [GC [PSYoungGen: 90832K->7584K(97280K)] 113649K->30409K(319488K), 0.0022430 secs] [Times: user=0.01 sys=0.00, real=0.00 secs] 
323.953: Total time for which application threads were stopped: 0.0033440 seconds, Stopping threads took: 0.0010180 seconds
324.026: Application time: 0.0727310 seconds
324.027: [GC [PSYoungGen: 91040K->7600K(97280K)] 113865K->30433K(319488K), 0.0021390 secs] [Times: user=0.02 sys=0.00, real=0.00 secs] 
324.029: Total time for which application threads were stopped: 0.0038370 seconds, Stopping threads took: 0.0016170 seconds
324.105: Application time: 0.0755670 seconds
324.107: [GC [PSYoungGen: 91056K->5856K(97280K)] 113889K->28697K(319488K), 0.0017250 secs] [Times: user=0.01 sys=0.00, real=0.00 secs] 
324.109: Total time for which application threads were stopped: 0.0038040 seconds, Stopping threads took: 0.0020060 seconds
324.180: Application time: 0.0715950 seconds
324.182: [GC [PSYoungGen: 89312K->8016K(97280K)] 112153K->30865K(319488K), 0.0023340 secs] [Times: user=0.01 sys=0.00, real=0.00 secs] 
324.184: Total time for which application threads were stopped: 0.0040400 seconds, Stopping threads took: 0.0016140 seconds
324.262: Application time: 0.0774640 seconds
324.264: [GC [PSYoungGen: 91472K->8272K(97280K)] 114321K->31121K(319488K), 0.0024050 secs] [Times: user=0.02 sys=0.00, real=0.01 secs] 
324.266: Total time for which application threads were stopped: 0.0042750 seconds, Stopping threads took: 0.0017830 seconds
324.341: Application time: 0.0745690 seconds
324.343: [GC [PSYoungGen: 91728K->7712K(97280K)] 114577K->30569K(319488K), 0.0023400 secs] [Times: user=0.00 sys=0.02, real=0.01 secs] 
324.346: Total time for which application threads were stopped: 0.0048280 seconds, Stopping threads took: 0.0024070 seconds
324.422: Application time: 0.0762210 seconds
324.424: [GC [PSYoungGen: 91168K->7200K(97280K)] 114025K->30073K(319488K), 0.0020960 secs] [Times: user=0.02 sys=0.00, real=0.01 secs] 
324.426: Total time for which application threads were stopped: 0.0044690 seconds, Stopping threads took: 0.0022880 seconds
324.500: Application time: 0.0733480 seconds
324.502: [GC [PSYoungGen: 90656K->7120K(97280K)] 113529K->30001K(319488K), 0.0020480 secs] [Times: user=0.02 sys=0.00, real=0.00 secs] 
324.504: Total time for which application threads were stopped: 0.0048210 seconds, Stopping threads took: 0.0026930 seconds
324.579: Application time: 0.0743040 seconds
324.581: [GC [PSYoungGen: 90576K->7088K(97280K)] 113457K->29977K(319488K), 0.0020460 secs] [Times: user=0.02 sys=0.00, real=0.00 secs] 
324.583: Total time for which application threads were stopped: 0.0044730 seconds, Stopping threads took: 0.0023380 seconds
324.656: Application time: 0.0729910 seconds
324.658: [GC [PSYoungGen: 90544K->6464K(97280K)] 113433K->29353K(319488K), 0.0018910 secs] [Times: user=0.01 sys=0.00, real=0.00 secs] 
324.660: Total time for which application threads were stopped: 0.0036980 seconds, Stopping threads took: 0.0017280 seconds
324.732: Application time: 0.0725190 seconds
324.735: [GC [PSYoungGen: 89920K->7632K(97280K)] 112809K->30529K(319488K), 0.0022510 secs] [Times: user=0.01 sys=0.01, real=0.01 secs] 
324.737: Total time for which application threads were stopped: 0.0048270 seconds, Stopping threads took: 0.0024820 seconds
324.811: Application time: 0.0734400 seconds
324.814: [GC [PSYoungGen: 91088K->8064K(97280K)] 113985K->30961K(319488K), 0.0021950 secs] [Times: user=0.01 sys=0.00, real=0.00 secs] 
324.816: Total time for which application threads were stopped: 0.0051490 seconds, Stopping threads took: 0.0028780 seconds
324.893: Application time: 0.0770700 seconds
324.896: [GC [PSYoungGen: 91518K->7744K(97280K)] 114416K->30649K(319488K), 0.0022440 secs] [Times: user=0.02 sys=0.00, real=0.01 secs] 
324.898: Total time for which application threads were stopped: 0.0050780 seconds, Stopping threads took: 0.0027450 seconds
324.977: Application time: 0.0787690 seconds
324.979: [GC [PSYoungGen: 91200K->7280K(97280K)] 114105K->30201K(319488K), 0.0020560 secs] [Times: user=0.02 sys=0.00, real=0.00 secs] 
324.981: Total time for which application threads were stopped: 0.0041510 seconds, Stopping threads took: 0.0020190 seconds
325.063: Application time: 0.0821250 seconds
325.065: [GC [PSYoungGen: 90736K->6720K(97280K)] 113657K->29641K(319488K), 0.0019450 secs] [Times: user=0.01 sys=0.00, real=0.00 secs] 
325.067: Total time for which application threads were stopped: 0.0043630 seconds, Stopping threads took: 0.0023280 seconds
325.145: Application time: 0.0772990 seconds
325.147: [GC [PSYoungGen: 90176K->7152K(97280K)] 113097K->30089K(319488K), 0.0021370 secs] [Times: user=0.02 sys=0.00, real=0.00 secs] 
325.149: Total time for which application threads were stopped: 0.0042310 seconds, Stopping threads took: 0.0020080 seconds
325.229: Application time: 0.0801920 seconds
325.232: [GC [PSYoungGen: 90608K->7680K(97280K)] 113545K->30625K(319488K), 0.0022060 secs] [Times: user=0.01 sys=0.00, real=0.00 secs] 
325.234: Total time for which application threads were stopped: 0.0048430 seconds, Stopping threads took: 0.0025440 seconds
325.315: Application time: 0.0809650 seconds
325.318: [GC [PSYoungGen: 91136K->5872K(97280K)] 114081K->28817K(319488K), 0.0017320 secs] [Times: user=0.01 sys=0.00, real=0.00 secs] 
325.319: Total time for which application threads were stopped: 0.0045040 seconds, Stopping threads took: 0.0026860 seconds
325.402: Application time: 0.0821630 seconds
325.404: [GC [PSYoungGen: 89328K->7248K(97280K)] 112273K->30201K(319488K), 0.0021580 secs] [Times: user=0.01 sys=0.00, real=0.01 secs] 
325.406: Total time for which application threads were stopped: 0.0043170 seconds, Stopping threads took: 0.0020690 seconds
325.485: Application time: 0.0794690 seconds
325.489: [GC [PSYoungGen: 90704K->6848K(97280K)] 113657K->29809K(319488K), 0.0020100 secs] [Times: user=0.02 sys=0.00, real=0.00 secs] 
325.491: Total time for which application threads were stopped: 0.0053280 seconds, Stopping threads took: 0.0032170 seconds
325.574: Application time: 0.0829780 seconds
325.576: [GC [PSYoungGen: 90304K->6800K(97280K)] 113265K->29761K(319488K), 0.0019920 secs] [Times: user=0.02 sys=0.00, real=0.01 secs] 
325.578: Total time for which application threads were stopped: 0.0043780 seconds, Stopping threads took: 0.0023000 seconds
325.657: Application time: 0.0787050 seconds
325.659: [GC [PSYoungGen: 90256K->6816K(97280K)] 113217K->29785K(319488K), 0.0019600 secs] [Times: user=0.01 sys=0.00, real=0.00 secs] 
325.661: Total time for which application threads were stopped: 0.0039310 seconds, Stopping threads took: 0.0018940 seconds
325.739: Application time: 0.0784320 seconds
325.742: [GC [PSYoungGen: 90272K->5600K(97280K)] 113241K->28577K(319488K), 0.0016330 secs] [Times: user=0.01 sys=0.00, real=0.00 secs] 
325.744: Total time for which application threads were stopped: 0.0045660 seconds, Stopping threads took: 0.0028530 seconds
325.823: Application time: 0.0790390 seconds
325.825: [GC [PSYoungGen: 89056K->6416K(97280K)] 112033K->29393K(319488K), 0.0020250 secs] [Times: user=0.01 sys=0.00, real=0.01 secs] 
325.827: Total time for which application threads were stopped: 0.0040260 seconds, Stopping threads took: 0.0019200 seconds
325.914: Application time: 0.0870540 seconds
325.917: [GC [PSYoungGen: 89872K->6496K(97280K)] 112849K->29481K(319488K), 0.0018710 secs] [Times: user=0.01 sys=0.00, real=0.00 secs] 
325.919: Total time for which application threads were stopped: 0.0051810 seconds, Stopping threads took: 0.0032240 seconds
325.998: Application time: 0.0785090 seconds
326.001: [GC [PSYoungGen: 89952K->7824K(97280K)] 112937K->30817K(319488K), 0.0027020 secs] [Times: user=0.02 sys=0.00, real=0.00 secs] 
326.004: Total time for which application threads were stopped: 0.0062610 seconds, Stopping threads took: 0.0034640 seconds
326.085: Application time: 0.0808360 seconds
326.086: [GC [PSYoungGen: 91280K->5824K(97280K)] 114273K->28817K(319488K), 0.0020780 secs] [Times: user=0.01 sys=0.00, real=0.00 secs] 
326.088: Total time for which application threads were stopped: 0.0032680 seconds, Stopping threads took: 0.0011130 seconds
326.164: Application time: 0.0762200 seconds
326.167: [GC [PSYoungGen: 89280K->7424K(97280K)] 112273K->30433K(319488K), 0.0021930 secs] [Times: user=0.02 sys=0.00, real=0.00 secs] 
326.169: Total time for which application threads were stopped: 0.0048450 seconds, Stopping threads took: 0.0025720 seconds
326.249: Application time: 0.0800090 seconds
326.251: [GC [PSYoungGen: 90880K->6848K(97280K)] 113889K->29865K(319488K), 0.0021110 secs] [Times: user=0.02 sys=0.00, real=0.00 secs] 
326.254: Total time for which application threads were stopped: 0.0045940 seconds, Stopping threads took: 0.0024000 seconds
326.333: Application time: 0.0797910 seconds
326.335: [GC [PSYoungGen: 90304K->6352K(97280K)] 113321K->29369K(319488K), 0.0018550 secs] [Times: user=0.01 sys=0.01, real=0.01 secs] 
326.337: Total time for which application threads were stopped: 0.0039380 seconds, Stopping threads took: 0.0019930 seconds
326.419: Application time: 0.0817970 seconds
326.422: [GC [PSYoungGen: 89808K->5456K(97280K)] 112825K->28481K(319488K), 0.0017030 secs] [Times: user=0.01 sys=0.00, real=0.00 secs] 
326.423: Total time for which application threads were stopped: 0.0041680 seconds, Stopping threads took: 0.0023810 seconds
326.502: Application time: 0.0784810 seconds
326.503: [GC [PSYoungGen: 88912K->6624K(97280K)] 111937K->29657K(319488K), 0.0019070 secs] [Times: user=0.01 sys=0.00, real=0.01 secs] 
326.505: Total time for which application threads were stopped: 0.0035860 seconds, Stopping threads took: 0.0015950 seconds
326.586: Application time: 0.0802920 seconds
326.588: [GC [PSYoungGen: 90080K->6896K(97280K)] 113113K->29937K(319488K), 0.0023060 secs] [Times: user=0.01 sys=0.00, real=0.00 secs] 
326.590: Total time for which application threads were stopped: 0.0045310 seconds, Stopping threads took: 0.0021230 seconds
326.671: Application time: 0.0805550 seconds
326.674: [GC [PSYoungGen: 90352K->7808K(97280K)] 113393K->30857K(319488K), 0.0022790 secs] [Times: user=0.02 sys=0.00, real=0.00 secs] 
326.676: Total time for which application threads were stopped: 0.0054600 seconds, Stopping threads took: 0.0030990 seconds
326.758: Application time: 0.0813000 seconds
326.760: [GC [PSYoungGen: 91264K->6560K(97280K)] 114313K->29617K(319488K), 0.0019710 secs] [Times: user=0.01 sys=0.00, real=0.00 secs] 
326.762: Total time for which application threads were stopped: 0.0046050 seconds, Stopping threads took: 0.0025450 seconds
326.841: Application time: 0.0786770 seconds
326.844: [GC [PSYoungGen: 90016K->6752K(97280K)] 113073K->29809K(319488K), 0.0020160 secs] [Times: user=0.02 sys=0.00, real=0.01 secs] 
326.846: Total time for which application threads were stopped: 0.0048700 seconds, Stopping threads took: 0.0027620 seconds
326.926: Application time: 0.0804370 seconds
326.929: [GC [PSYoungGen: 90208K->7104K(97280K)] 113265K->30185K(319488K), 0.0020250 secs] [Times: user=0.02 sys=0.00, real=0.00 secs] 
326.931: Total time for which application threads were stopped: 0.0047880 seconds, Stopping threads took: 0.0026810 seconds
327.009: Application time: 0.0784570 seconds
327.014: [GC [PSYoungGen: 90560K->7264K(97280K)] 113641K->30361K(319488K), 0.0021870 secs] [Times: user=0.02 sys=0.00, real=0.00 secs] 
327.016: Total time for which application threads were stopped: 0.0065230 seconds, Stopping threads took: 0.0042530 seconds
327.100: Application time: 0.0839880 seconds
327.102: [GC [PSYoungGen: 90720K->7568K(97280K)] 113817K->30681K(319488K), 0.0023860 secs] [Times: user=0.02 sys=0.00, real=0.00 secs] 
327.105: Total time for which application threads were stopped: 0.0047160 seconds, Stopping threads took: 0.0022480 seconds
327.181: Application time: 0.0764960 seconds
327.184: [GC [PSYoungGen: 91024K->7200K(97280K)] 114137K->30337K(319488K), 0.0020940 secs] [Times: user=0.02 sys=0.00, real=0.01 secs] 
327.186: Total time for which application threads were stopped: 0.0047640 seconds, Stopping threads took: 0.0025940 seconds
327.270: Application time: 0.0843600 seconds
327.273: [GC [PSYoungGen: 90656K->7120K(97280K)] 113793K->30265K(319488K), 0.0021260 secs] [Times: user=0.01 sys=0.00, real=0.00 secs] 
327.276: Total time for which application threads were stopped: 0.0052350 seconds, Stopping threads took: 0.0030310 seconds
327.353: Application time: 0.0778270 seconds
327.355: [GC [PSYoungGen: 90576K->7952K(97280K)] 113721K->31097K(319488K), 0.0021760 secs] [Times: user=0.01 sys=0.00, real=0.01 secs] 
327.357: Total time for which application threads were stopped: 0.0039150 seconds, Stopping threads took: 0.0016480 seconds
327.438: Application time: 0.0810680 seconds
327.441: [GC [PSYoungGen: 91408K->7328K(97280K)] 114553K->30481K(319488K), 0.0021620 secs] [Times: user=0.02 sys=0.00, real=0.00 secs] 
327.443: Total time for which application threads were stopped: 0.0045360 seconds, Stopping threads took: 0.0022860 seconds
327.521: Application time: 0.0783720 seconds
327.524: [GC [PSYoungGen: 90784K->6624K(97280K)] 113937K->29793K(319488K), 0.0019230 secs] [Times: user=0.02 sys=0.00, real=0.01 secs] 
327.526: Total time for which application threads were stopped: 0.0047180 seconds, Stopping threads took: 0.0027090 seconds
327.606: Application time: 0.0798390 seconds
327.608: [GC [PSYoungGen: 90080K->6784K(97280K)] 113249K->29961K(319488K), 0.0020470 secs] [Times: user=0.01 sys=0.00, real=0.00 secs] 
327.610: Total time for which application threads were stopped: 0.0042460 seconds, Stopping threads took: 0.0021200 seconds
327.689: Application time: 0.0791920 seconds
327.692: [GC [PSYoungGen: 90240K->7776K(97280K)] 113417K->30953K(319488K), 0.0023670 secs] [Times: user=0.02 sys=0.00, real=0.00 secs] 
327.694: Total time for which application threads were stopped: 0.0050740 seconds, Stopping threads took: 0.0026180 seconds
327.773: Application time: 0.0783410 seconds
327.775: [GC [PSYoungGen: 91230K->7312K(97280K)] 114407K->30497K(319488K), 0.0021880 secs] [Times: user=0.02 sys=0.00, real=0.01 secs] 
327.777: Total time for which application threads were stopped: 0.0045370 seconds, Stopping threads took: 0.0022580 seconds
327.860: Application time: 0.0828450 seconds
327.863: [GC [PSYoungGen: 90768K->7040K(97280K)] 113953K->30233K(319488K), 0.0030680 secs] [Times: user=0.00 sys=0.00, real=0.01 secs] 
327.866: Total time for which application threads were stopped: 0.0057390 seconds, Stopping threads took: 0.0025550 seconds
327.945: Application time: 0.0796470 seconds
327.948: [GC [PSYoungGen: 90496K->7408K(97280K)] 113689K->30601K(319488K), 0.0022360 secs] [Times: user=0.01 sys=0.00, real=0.00 secs] 
327.950: Total time for which application threads were stopped: 0.0048350 seconds, Stopping threads took: 0.0025020 seconds
328.027: Application time: 0.0771010 seconds
328.030: [GC [PSYoungGen: 90864K->7744K(97280K)] 114057K->30945K(319488K), 0.0022540 secs] [Times: user=0.01 sys=0.00, real=0.00 secs] 
328.032: Total time for which application threads were stopped: 0.0044970 seconds, Stopping threads took: 0.0021550 seconds
328.111: Application time: 0.0793540 seconds
328.114: [GC [PSYoungGen: 91200K->7680K(97280K)] 114401K->30889K(319488K), 0.0023050 secs] [Times: user=0.02 sys=0.00, real=0.00 secs] 
328.116: Total time for which application threads were stopped: 0.0048520 seconds, Stopping threads took: 0.0024630 seconds
328.195: Application time: 0.0788190 seconds
328.197: [GC [PSYoungGen: 91136K->7408K(97280K)] 114345K->30617K(319488K), 0.0020930 secs] [Times: user=0.01 sys=0.00, real=0.01 secs] 
328.199: Total time for which application threads were stopped: 0.0039960 seconds, Stopping threads took: 0.0017910 seconds
328.279: Application time: 0.0802130 seconds
328.281: [GC [PSYoungGen: 90864K->7952K(97280K)] 114073K->31169K(319488K), 0.0024650 secs] [Times: user=0.01 sys=0.00, real=0.00 secs] 
328.284: Total time for which application threads were stopped: 0.0048550 seconds, Stopping threads took: 0.0023010 seconds
328.366: Application time: 0.0819170 seconds
328.368: [GC [PSYoungGen: 91408K->7376K(97280K)] 114625K->30601K(319488K), 0.0021820 secs] [Times: user=0.01 sys=0.00, real=0.00 secs] 
328.370: Total time for which application threads were stopped: 0.0044590 seconds, Stopping threads took: 0.0021910 seconds
328.456: Application time: 0.0853920 seconds
328.459: [GC [PSYoungGen: 90832K->6352K(97280K)] 114057K->29577K(319488K), 0.0019810 secs] [Times: user=0.01 sys=0.00, real=0.00 secs] 
328.461: Total time for which application threads were stopped: 0.0048210 seconds, Stopping threads took: 0.0027530 seconds
328.539: Application time: 0.0783540 seconds
328.541: [GC [PSYoungGen: 89808K->5504K(97280K)] 113033K->28737K(319488K), 0.0015630 secs] [Times: user=0.01 sys=0.00, real=0.00 secs] 
328.543: Total time for which application threads were stopped: 0.0040680 seconds, Stopping threads took: 0.0024300 seconds
328.623: Application time: 0.0803230 seconds
328.625: [GC [PSYoungGen: 88960K->7104K(97280K)] 112193K->30345K(319488K), 0.0020670 secs] [Times: user=0.01 sys=0.00, real=0.00 secs] 
328.628: Total time for which application threads were stopped: 0.0042610 seconds, Stopping threads took: 0.0021080 seconds
328.709: Application time: 0.0811460 seconds
328.711: [GC [PSYoungGen: 90560K->6320K(97280K)] 113801K->29561K(319488K), 0.0020000 secs] [Times: user=0.01 sys=0.00, real=0.00 secs] 
328.713: Total time for which application threads were stopped: 0.0042770 seconds, Stopping threads took: 0.0021980 seconds
328.796: Application time: 0.0828500 seconds
328.798: [GC [PSYoungGen: 89776K->6624K(97280K)] 113017K->29873K(319488K), 0.0020490 secs] [Times: user=0.01 sys=0.00, real=0.00 secs] 
328.800: Total time for which application threads were stopped: 0.0042430 seconds, Stopping threads took: 0.0021060 seconds
328.878: Application time: 0.0783230 seconds
328.881: [GC [PSYoungGen: 90080K->7200K(97280K)] 113329K->30457K(319488K), 0.0021270 secs] [Times: user=0.01 sys=0.00, real=0.00 secs] 
328.883: Total time for which application threads were stopped: 0.0046360 seconds, Stopping threads took: 0.0024200 seconds
328.961: Application time: 0.0781400 seconds
328.964: [GC [PSYoungGen: 90656K->7392K(97280K)] 113913K->30649K(319488K), 0.0022080 secs] [Times: user=0.02 sys=0.00, real=0.01 secs] 
328.966: Total time for which application threads were stopped: 0.0045420 seconds, Stopping threads took: 0.0022540 seconds
329.046: Application time: 0.0797740 seconds
329.049: [GC [PSYoungGen: 90847K->7024K(97280K)] 114105K->30289K(319488K), 0.0019190 secs] [Times: user=0.01 sys=0.00, real=0.00 secs] 
329.051: Total time for which application threads were stopped: 0.0049800 seconds, Stopping threads took: 0.0029750 seconds
329.126: Application time: 0.0758390 seconds
329.128: [GC [PSYoungGen: 90480K->6464K(97280K)] 113745K->29737K(319488K), 0.0018500 secs] [Times: user=0.01 sys=0.00, real=0.00 secs] 
329.130: Total time for which application threads were stopped: 0.0035460 seconds, Stopping threads took: 0.0016130 seconds
329.204: Application time: 0.0744620 seconds
329.206: [GC [PSYoungGen: 89920K->7328K(97280K)] 113193K->30609K(319488K), 0.0019960 secs] [Times: user=0.02 sys=0.00, real=0.00 secs] 
329.208: Total time for which application threads were stopped: 0.0037810 seconds, Stopping threads took: 0.0017150 seconds
329.287: Application time: 0.0784380 seconds
329.288: [GC [PSYoungGen: 90784K->6256K(97280K)] 114065K->29537K(319488K), 0.0019980 secs] [Times: user=0.01 sys=0.00, real=0.00 secs] 
329.290: Total time for which application threads were stopped: 0.0036910 seconds, Stopping threads took: 0.0016140 seconds
329.366: Application time: 0.0755300 seconds
329.368: [GC [PSYoungGen: 89712K->6208K(97280K)] 112993K->29497K(319488K), 0.0017100 secs] [Times: user=0.01 sys=0.00, real=0.00 secs] 
329.370: Total time for which application threads were stopped: 0.0041260 seconds, Stopping threads took: 0.0023510 seconds
329.449: Application time: 0.0785680 seconds
329.451: [GC [PSYoungGen: 89664K->6832K(97280K)] 112953K->30121K(319488K), 0.0020020 secs] [Times: user=0.01 sys=0.00, real=0.00 secs] 
329.453: Total time for which application threads were stopped: 0.0047960 seconds, Stopping threads took: 0.0026970 seconds
329.525: Application time: 0.0714870 seconds
329.527: [GC [PSYoungGen: 90288K->7328K(97280K)] 113577K->30633K(319488K), 0.0020300 secs] [Times: user=0.01 sys=0.00, real=0.00 secs] 
329.529: Total time for which application threads were stopped: 0.0040980 seconds, Stopping threads took: 0.0019940 seconds
329.606: Application time: 0.0773790 seconds
329.609: [GC [PSYoungGen: 90784K->7648K(97280K)] 114089K->30961K(319488K), 0.0021640 secs] [Times: user=0.01 sys=0.00, real=0.00 secs] 
329.611: Total time for which application threads were stopped: 0.0045850 seconds, Stopping threads took: 0.0023350 seconds
329.686: Application time: 0.0747080 seconds
329.688: [GC [PSYoungGen: 91104K->6144K(97280K)] 114417K->29465K(319488K), 0.0017410 secs] [Times: user=0.01 sys=0.00, real=0.00 secs] 
329.690: Total time for which application threads were stopped: 0.0045130 seconds, Stopping threads took: 0.0026960 seconds
329.767: Application time: 0.0766810 seconds
329.769: [GC [PSYoungGen: 89600K->7728K(97280K)] 112921K->31049K(319488K), 0.0022710 secs] [Times: user=0.01 sys=0.00, real=0.00 secs] 
329.772: Total time for which application threads were stopped: 0.0050120 seconds, Stopping threads took: 0.0026610 seconds
329.846: Application time: 0.0745920 seconds
329.849: [GC [PSYoungGen: 91184K->7728K(97280K)] 114505K->31065K(319488K), 0.0021240 secs] [Times: user=0.01 sys=0.00, real=0.00 secs] 
329.852: Total time for which application threads were stopped: 0.0052090 seconds, Stopping threads took: 0.0030080 seconds
329.928: Application time: 0.0768050 seconds
329.931: [GC [PSYoungGen: 91184K->6624K(97280K)] 114521K->29961K(319488K), 0.0019210 secs] [Times: user=0.01 sys=0.00, real=0.00 secs] 
329.932: Total time for which application threads were stopped: 0.0040690 seconds, Stopping threads took: 0.0020630 seconds
330.007: Application time: 0.0742750 seconds
330.009: [GC [PSYoungGen: 90080K->7952K(97280K)] 113417K->31297K(319488K), 0.0021190 secs] [Times: user=0.01 sys=0.00, real=0.00 secs] 
330.011: Total time for which application threads were stopped: 0.0046110 seconds, Stopping threads took: 0.0024050 seconds
330.089: Application time: 0.0781130 seconds
330.091: [GC [PSYoungGen: 91408K->6688K(97280K)] 114753K->30041K(319488K), 0.0022590 secs] [Times: user=0.02 sys=0.00, real=0.00 secs] 
330.094: Total time for which application threads were stopped: 0.0043130 seconds, Stopping threads took: 0.0019520 seconds
330.170: Application time: 0.0765330 seconds
330.173: [GC [PSYoungGen: 90144K->6576K(97280K)] 113497K->29937K(319488K), 0.0018650 secs] [Times: user=0.02 sys=0.00, real=0.00 secs] 
330.175: Total time for which application threads were stopped: 0.0046140 seconds, Stopping threads took: 0.0026590 seconds
330.251: Application time: 0.0764270 seconds
330.253: [GC [PSYoungGen: 90032K->5248K(97280K)] 113393K->28609K(319488K), 0.0015050 secs] [Times: user=0.02 sys=0.00, real=0.00 secs] 
330.255: Total time for which application threads were stopped: 0.0033600 seconds, Stopping threads took: 0.0017820 seconds
330.330: Application time: 0.0751570 seconds
330.331: [GC [PSYoungGen: 88704K->6032K(97280K)] 112065K->29401K(319488K), 0.0018190 secs] [Times: user=0.01 sys=0.00, real=0.00 secs] 
330.333: Total time for which application threads were stopped: 0.0030440 seconds, Stopping threads took: 0.0011440 seconds
330.410: Application time: 0.0770470 seconds
330.412: [GC [PSYoungGen: 89488K->7808K(97280K)] 112857K->31185K(319488K), 0.0023650 secs] [Times: user=0.01 sys=0.00, real=0.00 secs] 
330.415: Total time for which application threads were stopped: 0.0046430 seconds, Stopping threads took: 0.0021960 seconds
330.490: Application time: 0.0754440 seconds
330.493: [GC [PSYoungGen: 91264K->7280K(97280K)] 114641K->30657K(319488K), 0.0020500 secs] [Times: user=0.01 sys=0.00, real=0.00 secs] 
330.495: Total time for which application threads were stopped: 0.0049120 seconds, Stopping threads took: 0.0027820 seconds
330.571: Application time: 0.0759760 seconds
330.574: [GC [PSYoungGen: 90736K->6784K(97280K)] 114113K->30169K(319488K), 0.0019320 secs] [Times: user=0.02 sys=0.00, real=0.00 secs] 
330.576: Total time for which application threads were stopped: 0.0045850 seconds, Stopping threads took: 0.0025640 seconds
330.651: Application time: 0.0750470 seconds
330.653: [GC [PSYoungGen: 90240K->6336K(97280K)] 113625K->29729K(319488K), 0.0018370 secs] [Times: user=0.01 sys=0.00, real=0.00 secs] 
330.654: Total time for which application threads were stopped: 0.0037790 seconds, Stopping threads took: 0.0018600 seconds
330.731: Application time: 0.0768070 seconds
330.733: [GC [PSYoungGen: 89792K->6016K(97280K)] 113185K->29409K(319488K), 0.0018180 secs] [Times: user=0.01 sys=0.00, real=0.00 secs] 
330.735: Total time for which application threads were stopped: 0.0034200 seconds, Stopping threads took: 0.0015260 seconds
330.809: Application time: 0.0741770 seconds
330.811: [GC [PSYoungGen: 89472K->6816K(97280K)] 112865K->30217K(319488K), 0.0019810 secs] [Times: user=0.01 sys=0.00, real=0.00 secs] 
330.813: Total time for which application threads were stopped: 0.0037790 seconds, Stopping threads took: 0.0017190 seconds
330.889: Application time: 0.0760240 seconds
330.890: [GC [PSYoungGen: 90272K->6400K(97280K)] 113673K->29809K(319488K), 0.0019240 secs] [Times: user=0.01 sys=0.00, real=0.00 secs] 
330.892: Total time for which application threads were stopped: 0.0031220 seconds, Stopping threads took: 0.0011150 seconds
330.967: Application time: 0.0749550 seconds
330.969: [GC [PSYoungGen: 89856K->6800K(97280K)] 113265K->30209K(319488K), 0.0019990 secs] [Times: user=0.01 sys=0.00, real=0.00 secs] 
330.971: Total time for which application threads were stopped: 0.0047390 seconds, Stopping threads took: 0.0026380 seconds
331.047: Application time: 0.0754000 seconds
331.050: [GC [PSYoungGen: 90256K->7520K(97280K)] 113665K->30937K(319488K), 0.0021620 secs] [Times: user=0.01 sys=0.00, real=0.00 secs] 
331.052: Total time for which application threads were stopped: 0.0049930 seconds, Stopping threads took: 0.0027280 seconds
331.129: Application time: 0.0768970 seconds
331.131: [GC [PSYoungGen: 90976K->6064K(97280K)] 114393K->29497K(319488K), 0.0017990 secs] [Times: user=0.01 sys=0.00, real=0.00 secs] 
331.133: Total time for which application threads were stopped: 0.0040330 seconds, Stopping threads took: 0.0021460 seconds
331.211: Application time: 0.0777450 seconds
331.213: [GC [PSYoungGen: 89520K->7664K(97280K)] 112953K->31105K(319488K), 0.0022250 secs] [Times: user=0.02 sys=0.00, real=0.00 secs] 
331.215: Total time for which application threads were stopped: 0.0043360 seconds, Stopping threads took: 0.0020200 seconds
331.289: Application time: 0.0740260 seconds
331.292: [GC [PSYoungGen: 91120K->6432K(97280K)] 114561K->29881K(319488K), 0.0017830 secs] [Times: user=0.01 sys=0.00, real=0.00 secs] 
331.294: Total time for which application threads were stopped: 0.0048170 seconds, Stopping threads took: 0.0029550 seconds
331.369: Application time: 0.0754640 seconds
331.371: [GC [PSYoungGen: 89888K->6976K(97280K)] 113337K->30433K(319488K), 0.0020550 secs] [Times: user=0.02 sys=0.00, real=0.00 secs] 
331.373: Total time for which application threads were stopped: 0.0039150 seconds, Stopping threads took: 0.0017570 seconds
331.450: Application time: 0.0764960 seconds
331.452: [GC [PSYoungGen: 90432K->6592K(97280K)] 113889K->30049K(319488K), 0.0019100 secs] [Times: user=0.01 sys=0.00, real=0.00 secs] 
331.454: Total time for which application threads were stopped: 0.0041730 seconds, Stopping threads took: 0.0021840 seconds
331.531: Application time: 0.0775230 seconds
331.534: [GC [PSYoungGen: 90048K->7168K(97280K)] 113505K->30633K(319488K), 0.0020960 secs] [Times: user=0.02 sys=0.00, real=0.00 secs] 
331.536: Total time for which application threads were stopped: 0.0049610 seconds, Stopping threads took: 0.0027770 seconds
331.613: Application time: 0.0763190 seconds
331.614: [GC [PSYoungGen: 90624K->7808K(97280K)] 114089K->31281K(319488K), 0.0022960 secs] [Times: user=0.02 sys=0.00, real=0.00 secs] 
331.617: Total time for which application threads were stopped: 0.0042110 seconds, Stopping threads took: 0.0018320 seconds
331.692: Application time: 0.0749660 seconds
331.694: [GC [PSYoungGen: 91264K->7296K(97280K)] 114737K->30785K(319488K), 0.0022670 secs] [Times: user=0.02 sys=0.00, real=0.00 secs] 
331.696: Total time for which application threads were stopped: 0.0045680 seconds, Stopping threads took: 0.0021900 seconds
331.771: Application time: 0.0745990 seconds
331.773: [GC [PSYoungGen: 90752K->7744K(97280K)] 114241K->31241K(319488K), 0.0023440 secs] [Times: user=0.02 sys=0.00, real=0.00 secs] 
331.776: Total time for which application threads were stopped: 0.0049630 seconds, Stopping threads took: 0.0025390 seconds
331.853: Application time: 0.0774250 seconds
331.856: [GC [PSYoungGen: 91200K->7264K(97280K)] 114697K->30769K(319488K), 0.0021130 secs] [Times: user=0.01 sys=0.00, real=0.01 secs] 
331.858: Total time for which application threads were stopped: 0.0047610 seconds, Stopping threads took: 0.0025660 seconds
331.930: Application time: 0.0718310 seconds
331.932: [GC [PSYoungGen: 90720K->6976K(97280K)] 114225K->30481K(319488K), 0.0039380 secs] [Times: user=0.03 sys=0.00, real=0.00 secs] 
331.936: Total time for which application threads were stopped: 0.0056780 seconds, Stopping threads took: 0.0016590 seconds
332.010: Application time: 0.0742330 seconds
332.013: [GC [PSYoungGen: 90432K->6192K(97280K)] 113937K->29705K(319488K), 0.0017610 secs] [Times: user=0.01 sys=0.00, real=0.00 secs] 
332.015: Total time for which application threads were stopped: 0.0051510 seconds, Stopping threads took: 0.0033180 seconds
332.093: Application time: 0.0775630 seconds
332.094: [GC [PSYoungGen: 89648K->8208K(97280K)] 113161K->31729K(319488K), 0.0024500 secs] [Times: user=0.01 sys=0.00, real=0.00 secs] 
332.097: Total time for which application threads were stopped: 0.0044070 seconds, Stopping threads took: 0.0018720 seconds
332.172: Application time: 0.0755340 seconds
332.174: [GC [PSYoungGen: 91664K->6736K(97280K)] 115185K->30265K(319488K), 0.0020260 secs] [Times: user=0.02 sys=0.00, real=0.00 secs] 
332.176: Total time for which application threads were stopped: 0.0039930 seconds, Stopping threads took: 0.0018890 seconds
332.252: Application time: 0.0752280 seconds
332.254: [GC [PSYoungGen: 90192K->7584K(97280K)] 113721K->31113K(319488K), 0.0020670 secs] [Times: user=0.02 sys=0.00, real=0.00 secs] 
332.257: Total time for which application threads were stopped: 0.0048650 seconds, Stopping threads took: 0.0027160 seconds
332.332: Application time: 0.0753140 seconds
332.334: [GC [PSYoungGen: 91040K->8288K(97280K)] 114569K->31825K(319488K), 0.0023430 secs] [Times: user=0.01 sys=0.00, real=0.00 secs] 
332.337: Total time for which application threads were stopped: 0.0046050 seconds, Stopping threads took: 0.0021690 seconds
332.412: Application time: 0.0753030 seconds
332.414: [GC [PSYoungGen: 91744K->7072K(97280K)] 115281K->30617K(319488K), 0.0021080 secs] [Times: user=0.01 sys=0.00, real=0.00 secs] 
332.417: Total time for which application threads were stopped: 0.0047780 seconds, Stopping threads took: 0.0025690 seconds
332.492: Application time: 0.0753630 seconds
332.495: [GC [PSYoungGen: 90528K->6272K(97280K)] 114073K->29841K(319488K), 0.0018680 secs] [Times: user=0.01 sys=0.00, real=0.00 secs] 
332.497: Total time for which application threads were stopped: 0.0048020 seconds, Stopping threads took: 0.0028540 seconds
332.571: Application time: 0.0746930 seconds
332.573: [GC [PSYoungGen: 89728K->6880K(97280K)] 113297K->30457K(319488K), 0.0020540 secs] [Times: user=0.01 sys=0.00, real=0.00 secs] 
332.575: Total time for which application threads were stopped: 0.0036550 seconds, Stopping threads took: 0.0015200 seconds
332.649: Application time: 0.0739230 seconds
332.652: [GC [PSYoungGen: 90336K->7376K(97280K)] 113913K->30961K(319488K), 0.0021250 secs] [Times: user=0.01 sys=0.00, real=0.00 secs] 
332.654: Total time for which application threads were stopped: 0.0047410 seconds, Stopping threads took: 0.0025290 seconds
332.727: Application time: 0.0728450 seconds
332.728: [GC [PSYoungGen: 90832K->6848K(97280K)] 114417K->30433K(319488K), 0.0020030 secs] [Times: user=0.01 sys=0.00, real=0.00 secs] 
332.730: Total time for which application threads were stopped: 0.0035020 seconds, Stopping threads took: 0.0014110 seconds
332.805: Application time: 0.0747950 seconds
332.807: [GC [PSYoungGen: 90304K->8272K(97280K)] 113889K->31873K(319488K), 0.0023830 secs] [Times: user=0.01 sys=0.00, real=0.00 secs] 
332.809: Total time for which application threads were stopped: 0.0040450 seconds, Stopping threads took: 0.0015700 seconds
332.885: Application time: 0.0761690 seconds
332.888: [GC [PSYoungGen: 91728K->7104K(97280K)] 115329K->30713K(319488K), 0.0020170 secs] [Times: user=0.02 sys=0.00, real=0.00 secs] 
332.890: Total time for which application threads were stopped: 0.0047150 seconds, Stopping threads took: 0.0026090 seconds
332.972: Application time: 0.0825980 seconds
332.975: [GC [PSYoungGen: 90560K->5664K(97280K)] 114169K->29273K(319488K), 0.0017090 secs] [Times: user=0.01 sys=0.00, real=0.00 secs] 
332.977: Total time for which application threads were stopped: 0.0043480 seconds, Stopping threads took: 0.0025640 seconds
333.056: Application time: 0.0791240 seconds
333.058: [GC [PSYoungGen: 89120K->7040K(97280K)] 112729K->30673K(319488K), 0.0020500 secs] [Times: user=0.01 sys=0.00, real=0.00 secs] 
333.060: Total time for which application threads were stopped: 0.0045220 seconds, Stopping threads took: 0.0023930 seconds
333.142: Application time: 0.0813050 seconds
333.145: [GC [PSYoungGen: 90496K->6688K(97280K)] 114129K->30329K(319488K), 0.0019120 secs] [Times: user=0.02 sys=0.00, real=0.01 secs] 
333.147: Total time for which application threads were stopped: 0.0047680 seconds, Stopping threads took: 0.0027760 seconds
333.224: Application time: 0.0778790 seconds
333.226: [GC [PSYoungGen: 90144K->6304K(97280K)] 113785K->29953K(319488K), 0.0017990 secs] [Times: user=0.02 sys=0.00, real=0.00 secs] 
333.228: Total time for which application threads were stopped: 0.0035350 seconds, Stopping threads took: 0.0016610 seconds
333.313: Application time: 0.0848450 seconds
333.315: [GC [PSYoungGen: 89760K->6560K(97280K)] 113409K->30217K(319488K), 0.0019540 secs] [Times: user=0.02 sys=0.00, real=0.00 secs] 
333.317: Total time for which application threads were stopped: 0.0041850 seconds, Stopping threads took: 0.0021380 seconds
333.394: Application time: 0.0770410 seconds
333.397: [GC [PSYoungGen: 90016K->6864K(97280K)] 113673K->30529K(319488K), 0.0019780 secs] [Times: user=0.01 sys=0.00, real=0.00 secs] 
333.399: Total time for which application threads were stopped: 0.0051460 seconds, Stopping threads took: 0.0030870 seconds
333.481: Application time: 0.0816050 seconds
333.483: [GC [PSYoungGen: 90320K->8160K(97280K)] 113985K->31825K(319488K), 0.0023300 secs] [Times: user=0.01 sys=0.00, real=0.01 secs] 
333.485: Total time for which application threads were stopped: 0.0045250 seconds, Stopping threads took: 0.0021030 seconds
333.564: Application time: 0.0789360 seconds
333.566: [GC [PSYoungGen: 91616K->6800K(97280K)] 115281K->30473K(319488K), 0.0019960 secs] [Times: user=0.02 sys=0.00, real=0.00 secs] 
333.568: Total time for which application threads were stopped: 0.0038300 seconds, Stopping threads took: 0.0017460 seconds
333.649: Application time: 0.0810380 seconds
333.652: [GC [PSYoungGen: 90256K->7792K(97280K)] 113929K->31473K(319488K), 0.0023440 secs] [Times: user=0.02 sys=0.00, real=0.00 secs] 
333.654: Total time for which application threads were stopped: 0.0047830 seconds, Stopping threads took: 0.0023300 seconds
333.733: Application time: 0.0791010 seconds
333.735: [GC [PSYoungGen: 91248K->6304K(97280K)] 114929K->29993K(319488K), 0.0018860 secs] [Times: user=0.02 sys=0.00, real=0.00 secs] 
333.737: Total time for which application threads were stopped: 0.0040360 seconds, Stopping threads took: 0.0020720 seconds
333.819: Application time: 0.0816510 seconds
333.821: [GC [PSYoungGen: 89760K->7072K(97280K)] 113449K->30769K(319488K), 0.0020790 secs] [Times: user=0.01 sys=0.00, real=0.00 secs] 
333.823: Total time for which application threads were stopped: 0.0045490 seconds, Stopping threads took: 0.0023760 seconds
333.901: Application time: 0.0773420 seconds
333.904: [GC [PSYoungGen: 90528K->7792K(97280K)] 114225K->31497K(319488K), 0.0023680 secs] [Times: user=0.01 sys=0.00, real=0.01 secs] 
333.906: Total time for which application threads were stopped: 0.0054820 seconds, Stopping threads took: 0.0030230 seconds
333.987: Application time: 0.0805220 seconds
333.988: [GC [PSYoungGen: 91248K->7360K(97280K)] 114953K->31065K(319488K), 0.0022470 secs] [Times: user=0.02 sys=0.00, real=0.00 secs] 
333.990: Total time for which application threads were stopped: 0.0034930 seconds, Stopping threads took: 0.0011620 seconds
334.070: Application time: 0.0796550 seconds
334.072: [GC [PSYoungGen: 90816K->8352K(97280K)] 114521K->32065K(319488K), 0.0024090 secs] [Times: user=0.02 sys=0.00, real=0.00 secs] 
334.075: Total time for which application threads were stopped: 0.0048070 seconds, Stopping threads took: 0.0023100 seconds
334.157: Application time: 0.0824360 seconds
334.160: [GC [PSYoungGen: 91808K->6832K(97280K)] 115521K->30553K(319488K), 0.0020140 secs] [Times: user=0.01 sys=0.00, real=0.00 secs] 
334.162: Total time for which application threads were stopped: 0.0049050 seconds, Stopping threads took: 0.0028040 seconds
334.242: Application time: 0.0797210 seconds
334.243: [GC [PSYoungGen: 90288K->6080K(97280K)] 114009K->29809K(319488K), 0.0017940 secs] [Times: user=0.01 sys=0.00, real=0.01 secs] 
334.245: Total time for which application threads were stopped: 0.0034860 seconds, Stopping threads took: 0.0016020 seconds
334.330: Application time: 0.0845310 seconds
334.331: [GC [PSYoungGen: 89536K->5728K(97280K)] 113265K->29465K(319488K), 0.0016980 secs] [Times: user=0.01 sys=0.00, real=0.00 secs] 
334.333: Total time for which application threads were stopped: 0.0035310 seconds, Stopping threads took: 0.0017410 seconds
334.411: Application time: 0.0780490 seconds
334.414: [GC [PSYoungGen: 89184K->7872K(97280K)] 112921K->31609K(319488K), 0.0021400 secs] [Times: user=0.02 sys=0.00, real=0.00 secs] 
334.417: Total time for which application threads were stopped: 0.0052610 seconds, Stopping threads took: 0.0030420 seconds
334.498: Application time: 0.0811730 seconds
334.500: [GC [PSYoungGen: 91328K->6160K(97280K)] 115065K->29905K(319488K), 0.0018470 secs] [Times: user=0.02 sys=0.00, real=0.00 secs] 
334.502: Total time for which application threads were stopped: 0.0040570 seconds, Stopping threads took: 0.0021290 seconds
334.579: Application time: 0.0770230 seconds
334.581: [GC [PSYoungGen: 89616K->7344K(97280K)] 113361K->31097K(319488K), 0.0021250 secs] [Times: user=0.01 sys=0.00, real=0.00 secs] 
334.584: Total time for which application threads were stopped: 0.0047500 seconds, Stopping threads took: 0.0025210 seconds
334.664: Application time: 0.0803730 seconds
334.667: [GC [PSYoungGen: 90800K->7376K(97280K)] 114553K->31137K(319488K), 0.0022870 secs] [Times: user=0.02 sys=0.00, real=0.00 secs] 
334.669: Total time for which application threads were stopped: 0.0054200 seconds, Stopping threads took: 0.0030440 seconds
334.749: Application time: 0.0794860 seconds
334.752: [GC [PSYoungGen: 90832K->7296K(97280K)] 114593K->31065K(319488K), 0.0022040 secs] [Times: user=0.02 sys=0.00, real=0.00 secs] 
334.754: Total time for which application threads were stopped: 0.0049870 seconds, Stopping threads took: 0.0026930 seconds
334.840: Application time: 0.0864050 seconds
334.843: [GC [PSYoungGen: 90752K->4128K(97280K)] 114521K->27897K(319488K), 0.0013810 secs] [Times: user=0.01 sys=0.00, real=0.00 secs] 
334.844: Total time for which application threads were stopped: 0.0040230 seconds, Stopping threads took: 0.0025590 seconds
334.922: Application time: 0.0779410 seconds
334.924: [GC [PSYoungGen: 87584K->6848K(97280K)] 111353K->30625K(319488K), 0.0019910 secs] [Times: user=0.01 sys=0.00, real=0.01 secs] 
334.926: Total time for which application threads were stopped: 0.0037590 seconds, Stopping threads took: 0.0016800 seconds
335.006: Application time: 0.0805260 seconds
335.009: [GC [PSYoungGen: 90304K->8320K(97280K)] 114081K->32105K(319488K), 0.0024550 secs] [Times: user=0.02 sys=0.00, real=0.00 secs] 
335.011: Total time for which application threads were stopped: 0.0047260 seconds, Stopping threads took: 0.0021800 seconds
335.092: Application time: 0.0805130 seconds
335.094: [GC [PSYoungGen: 91774K->7888K(97280K)] 115560K->31681K(319488K), 0.0024920 secs] [Times: user=0.01 sys=0.00, real=0.00 secs] 
335.096: Total time for which application threads were stopped: 0.0043860 seconds, Stopping threads took: 0.0017920 seconds
335.176: Application time: 0.0798230 seconds
335.178: [GC [PSYoungGen: 91344K->8400K(97280K)] 115137K->32201K(319488K), 0.0024370 secs] [Times: user=0.02 sys=0.00, real=0.00 secs] 
335.180: Total time for which application threads were stopped: 0.0044250 seconds, Stopping threads took: 0.0019030 seconds
335.260: Application time: 0.0798690 seconds
335.263: [GC [PSYoungGen: 91856K->6992K(97280K)] 115657K->30801K(319488K), 0.0020690 secs] [Times: user=0.01 sys=0.00, real=0.00 secs] 
335.265: Total time for which application threads were stopped: 0.0045840 seconds, Stopping threads took: 0.0024310 seconds
335.346: Application time: 0.0814050 seconds
335.348: [GC [PSYoungGen: 90448K->6304K(97280K)] 114257K->30113K(319488K), 0.0018960 secs] [Times: user=0.01 sys=0.00, real=0.00 secs] 
335.350: Total time for which application threads were stopped: 0.0041180 seconds, Stopping threads took: 0.0021280 seconds
335.432: Application time: 0.0820700 seconds
335.434: [GC [PSYoungGen: 89760K->6688K(97280K)] 113569K->30505K(319488K), 0.0020140 secs] [Times: user=0.01 sys=0.00, real=0.00 secs] 
335.436: Total time for which application threads were stopped: 0.0038190 seconds, Stopping threads took: 0.0017240 seconds
335.518: Application time: 0.0815030 seconds
335.520: [GC [PSYoungGen: 90144K->6096K(97280K)] 113961K->29921K(319488K), 0.0017470 secs] [Times: user=0.02 sys=0.00, real=0.00 secs] 
335.522: Total time for which application threads were stopped: 0.0038530 seconds, Stopping threads took: 0.0020260 seconds
335.606: Application time: 0.0841130 seconds
335.608: [GC [PSYoungGen: 89552K->6112K(97280K)] 113377K->29937K(319488K), 0.0017880 secs] [Times: user=0.01 sys=0.00, real=0.00 secs] 
335.610: Total time for which application threads were stopped: 0.0045470 seconds, Stopping threads took: 0.0026800 seconds
335.692: Application time: 0.0819980 seconds
335.695: [GC [PSYoungGen: 89568K->6016K(97280K)] 113393K->29849K(319488K), 0.0017540 secs] [Times: user=0.02 sys=0.00, real=0.00 secs] 
335.697: Total time for which application threads were stopped: 0.0047950 seconds, Stopping threads took: 0.0029530 seconds
335.776: Application time: 0.0785760 seconds
335.777: [GC [PSYoungGen: 89472K->7280K(97280K)] 113305K->31121K(319488K), 0.0021770 secs] [Times: user=0.01 sys=0.00, real=0.00 secs] 
335.780: Total time for which application threads were stopped: 0.0039490 seconds, Stopping threads took: 0.0016850 seconds
335.861: Application time: 0.0814900 seconds
335.863: [GC [PSYoungGen: 90736K->7312K(97280K)] 114577K->31161K(319488K), 0.0023850 secs] [Times: user=0.02 sys=0.00, real=0.01 secs] 
335.866: Total time for which application threads were stopped: 0.0046950 seconds, Stopping threads took: 0.0022000 seconds
335.947: Application time: 0.0814130 seconds
335.949: [GC [PSYoungGen: 90768K->6944K(97280K)] 114617K->30809K(319488K), 0.0020340 secs] [Times: user=0.02 sys=0.00, real=0.00 secs] 
335.951: Total time for which application threads were stopped: 0.0035100 seconds, Stopping threads took: 0.0013690 seconds
336.028: Application time: 0.0768930 seconds
336.030: [GC [PSYoungGen: 90400K->7808K(97280K)] 114265K->31689K(319488K), 0.0022720 secs] [Times: user=0.01 sys=0.00, real=0.00 secs] 
336.032: Total time for which application threads were stopped: 0.0043860 seconds, Stopping threads took: 0.0020280 seconds
336.109: Application time: 0.0770580 seconds
336.112: [GC [PSYoungGen: 91264K->7312K(97280K)] 115145K->31193K(319488K), 0.0021070 secs] [Times: user=0.01 sys=0.00, real=0.00 secs] 
336.114: Total time for which application threads were stopped: 0.0049920 seconds, Stopping threads took: 0.0027940 seconds
336.193: Application time: 0.0786100 seconds
336.195: [GC [PSYoungGen: 90768K->7296K(97280K)] 114649K->31185K(319488K), 0.0024190 secs] [Times: user=0.01 sys=0.00, real=0.01 secs] 
336.197: Total time for which application threads were stopped: 0.0045640 seconds, Stopping threads took: 0.0020530 seconds
336.276: Application time: 0.0789020 seconds
336.278: [GC [PSYoungGen: 90752K->7216K(97280K)] 114641K->31113K(319488K), 0.0022160 secs] [Times: user=0.01 sys=0.00, real=0.00 secs] 
336.281: Total time for which application threads were stopped: 0.0044960 seconds, Stopping threads took: 0.0021970 seconds
336.361: Application time: 0.0799470 seconds
336.363: [GC [PSYoungGen: 90672K->6864K(97280K)] 114569K->30769K(319488K), 0.0023710 secs] [Times: user=0.01 sys=0.00, real=0.00 secs] 
336.365: Total time for which application threads were stopped: 0.0044110 seconds, Stopping threads took: 0.0019450 seconds
336.447: Application time: 0.0817060 seconds
336.450: [GC [PSYoungGen: 90320K->7424K(97280K)] 114225K->31337K(319488K), 0.0023810 secs] [Times: user=0.02 sys=0.00, real=0.00 secs] 
336.452: Total time for which application threads were stopped: 0.0056290 seconds, Stopping threads took: 0.0031310 seconds
336.533: Application time: 0.0803020 seconds
336.534: [GC [PSYoungGen: 90880K->6864K(97280K)] 114793K->30777K(319488K), 0.0021130 secs] [Times: user=0.02 sys=0.00, real=0.00 secs] 
336.536: Total time for which application threads were stopped: 0.0038110 seconds, Stopping threads took: 0.0016140 seconds
336.615: Application time: 0.0790180 seconds
336.617: [GC [PSYoungGen: 90320K->7008K(97280K)] 114233K->30929K(319488K), 0.0022070 secs] [Times: user=0.01 sys=0.00, real=0.00 secs] 
336.619: Total time for which application threads were stopped: 0.0040530 seconds, Stopping threads took: 0.0017600 seconds
336.700: Application time: 0.0809760 seconds
336.702: [GC [PSYoungGen: 90464K->6928K(97280K)] 114385K->30865K(319488K), 0.0020460 secs] [Times: user=0.01 sys=0.00, real=0.00 secs] 
336.704: Total time for which application threads were stopped: 0.0040280 seconds, Stopping threads took: 0.0018940 seconds
336.785: Application time: 0.0802570 seconds
336.787: [GC [PSYoungGen: 90384K->7152K(97280K)] 114321K->31105K(319488K), 0.0021040 secs] [Times: user=0.02 sys=0.00, real=0.00 secs] 
336.789: Total time for which application threads were stopped: 0.0045840 seconds, Stopping threads took: 0.0023940 seconds
336.873: Application time: 0.0834510 seconds
336.875: [GC [PSYoungGen: 90608K->6688K(97280K)] 114561K->30649K(319488K), 0.0019830 secs] [Times: user=0.02 sys=0.00, real=0.01 secs] 
336.877: Total time for which application threads were stopped: 0.0045420 seconds, Stopping threads took: 0.0024770 seconds
336.956: Application time: 0.0787540 seconds
336.959: [GC [PSYoungGen: 90144K->6976K(97280K)] 114105K->30937K(319488K), 0.0018850 secs] [Times: user=0.02 sys=0.00, real=0.00 secs] 
336.961: Total time for which application threads were stopped: 0.0044800 seconds, Stopping threads took: 0.0025040 seconds
337.038: Application time: 0.0775610 seconds
337.041: [GC [PSYoungGen: 90432K->6576K(97280K)] 114393K->30545K(319488K), 0.0019220 secs] [Times: user=0.01 sys=0.00, real=0.00 secs] 
337.043: Total time for which application threads were stopped: 0.0045640 seconds, Stopping threads took: 0.0025590 seconds
337.116: Application time: 0.0731850 seconds
337.118: [GC [PSYoungGen: 90032K->5920K(97280K)] 114001K->29897K(319488K), 0.0018360 secs] [Times: user=0.01 sys=0.00, real=0.00 secs] 
337.120: Total time for which application threads were stopped: 0.0037290 seconds, Stopping threads took: 0.0018090 seconds
337.193: Application time: 0.0730800 seconds
337.195: [GC [PSYoungGen: 89376K->7488K(97280K)] 113353K->31473K(319488K), 0.0022990 secs] [Times: user=0.01 sys=0.00, real=0.01 secs] 
337.197: Total time for which application threads were stopped: 0.0044430 seconds, Stopping threads took: 0.0020540 seconds
337.270: Application time: 0.0728960 seconds
337.273: [GC [PSYoungGen: 90944K->8048K(97280K)] 114929K->32041K(319488K), 0.0023340 secs] [Times: user=0.01 sys=0.00, real=0.00 secs] 
337.275: Total time for which application threads were stopped: 0.0048780 seconds, Stopping threads took: 0.0024560 seconds
337.352: Application time: 0.0770280 seconds
337.354: [GC [PSYoungGen: 91504K->6592K(97280K)] 115497K->30593K(319488K), 0.0018940 secs] [Times: user=0.01 sys=0.00, real=0.00 secs] 
337.356: Total time for which application threads were stopped: 0.0042480 seconds, Stopping threads took: 0.0022700 seconds
337.430: Application time: 0.0741340 seconds
337.432: [GC [PSYoungGen: 90048K->6000K(97280K)] 114049K->30001K(319488K), 0.0017740 secs] [Times: user=0.01 sys=0.00, real=0.00 secs] 
337.434: Total time for which application threads were stopped: 0.0032510 seconds, Stopping threads took: 0.0013950 seconds
337.509: Application time: 0.0749330 seconds
337.511: [GC [PSYoungGen: 89456K->7456K(97280K)] 113457K->31465K(319488K), 0.0022290 secs] [Times: user=0.02 sys=0.00, real=0.00 secs] 
337.513: Total time for which application threads were stopped: 0.0043360 seconds, Stopping threads took: 0.0020160 seconds
337.590: Application time: 0.0775010 seconds
337.593: [GC [PSYoungGen: 90912K->6912K(97280K)] 114921K->30929K(319488K), 0.0020200 secs] [Times: user=0.02 sys=0.00, real=0.00 secs] 
337.595: Total time for which application threads were stopped: 0.0048630 seconds, Stopping threads took: 0.0027690 seconds
337.674: Application time: 0.0787000 seconds
337.676: [GC [PSYoungGen: 90368K->7488K(97280K)] 114385K->31513K(319488K), 0.0021680 secs] [Times: user=0.01 sys=0.00, real=0.01 secs] 
337.679: Total time for which application threads were stopped: 0.0046830 seconds, Stopping threads took: 0.0024250 seconds
337.752: Application time: 0.0732900 seconds
337.754: [GC [PSYoungGen: 90944K->7904K(97280K)] 114969K->31937K(319488K), 0.0022910 secs] [Times: user=0.02 sys=0.00, real=0.00 secs] 
337.757: Total time for which application threads were stopped: 0.0048240 seconds, Stopping threads took: 0.0024450 seconds
337.830: Application time: 0.0730130 seconds
337.832: [GC [PSYoungGen: 91360K->7632K(97280K)] 115393K->31673K(319488K), 0.0022090 secs] [Times: user=0.02 sys=0.00, real=0.00 secs] 
337.834: Total time for which application threads were stopped: 0.0044300 seconds, Stopping threads took: 0.0021360 seconds
337.910: Application time: 0.0755850 seconds
337.912: [GC [PSYoungGen: 91088K->7024K(97280K)] 115129K->31073K(319488K), 0.0019390 secs] [Times: user=0.01 sys=0.00, real=0.00 secs] 
337.914: Total time for which application threads were stopped: 0.0046800 seconds, Stopping threads took: 0.0026550 seconds
337.992: Application time: 0.0775450 seconds
337.995: [GC [PSYoungGen: 90480K->6272K(97280K)] 114529K->30329K(319488K), 0.0017500 secs] [Times: user=0.01 sys=0.00, real=0.00 secs] 
337.997: Total time for which application threads were stopped: 0.0047800 seconds, Stopping threads took: 0.0029530 seconds
338.070: Application time: 0.0736200 seconds
338.073: [GC [PSYoungGen: 89728K->6688K(97280K)] 113785K->30753K(319488K), 0.0019830 secs] [Times: user=0.01 sys=0.00, real=0.00 secs] 
338.075: Total time for which application threads were stopped: 0.0043700 seconds, Stopping threads took: 0.0022980 seconds
338.152: Application time: 0.0769670 seconds
338.154: [GC [PSYoungGen: 90144K->8192K(97280K)] 114209K->32273K(319488K), 0.0024250 secs] [Times: user=0.02 sys=0.00, real=0.00 secs] 
338.157: Total time for which application threads were stopped: 0.0050740 seconds, Stopping threads took: 0.0025670 seconds
338.231: Application time: 0.0745520 seconds
338.234: [GC [PSYoungGen: 91648K->7744K(97280K)] 115729K->31833K(319488K), 0.0022180 secs] [Times: user=0.02 sys=0.00, real=0.00 secs] 
338.236: Total time for which application threads were stopped: 0.0051130 seconds, Stopping threads took: 0.0028090 seconds
338.312: Application time: 0.0753040 seconds
338.314: [GC [PSYoungGen: 91200K->6928K(97280K)] 115289K->31025K(319488K), 0.0020170 secs] [Times: user=0.01 sys=0.00, real=0.00 secs] 
338.316: Total time for which application threads were stopped: 0.0038680 seconds, Stopping threads took: 0.0017720 seconds
338.391: Application time: 0.0749210 seconds
338.393: [GC [PSYoungGen: 90384K->6992K(97280K)] 114481K->31105K(319488K), 0.0020760 secs] [Times: user=0.01 sys=0.00, real=0.00 secs] 
338.395: Total time for which application threads were stopped: 0.0040680 seconds, Stopping threads took: 0.0019120 seconds
338.471: Application time: 0.0759640 seconds
338.473: [GC [PSYoungGen: 90448K->7584K(97280K)] 114561K->31713K(319488K), 0.0022230 secs] [Times: user=0.02 sys=0.00, real=0.00 secs] 
338.475: Total time for which application threads were stopped: 0.0046300 seconds, Stopping threads took: 0.0023170 seconds
338.549: Application time: 0.0738830 seconds
338.552: [GC [PSYoungGen: 91040K->6208K(97280K)] 115169K->30337K(319488K), 0.0018240 secs] [Times: user=0.01 sys=0.00, real=0.00 secs] 
338.554: Total time for which application threads were stopped: 0.0048170 seconds, Stopping threads took: 0.0029150 seconds
338.630: Application time: 0.0759120 seconds
338.631: [GC [PSYoungGen: 89664K->5200K(97280K)] 113793K->29345K(319488K), 0.0015520 secs] [Times: user=0.01 sys=0.00, real=0.00 secs] 
338.633: Total time for which application threads were stopped: 0.0030170 seconds, Stopping threads took: 0.0013820 seconds
338.707: Application time: 0.0739570 seconds
338.709: [GC [PSYoungGen: 88656K->6736K(97280K)] 112801K->30889K(319488K), 0.0019250 secs] [Times: user=0.01 sys=0.00, real=0.00 secs] 
338.711: Total time for which application threads were stopped: 0.0037250 seconds, Stopping threads took: 0.0017160 seconds
338.784: Application time: 0.0731980 seconds
338.786: [GC [PSYoungGen: 90192K->8400K(97280K)] 114345K->32561K(319488K), 0.0025210 secs] [Times: user=0.02 sys=0.00, real=0.00 secs] 
338.789: Total time for which application threads were stopped: 0.0049390 seconds, Stopping threads took: 0.0023310 seconds
338.864: Application time: 0.0747870 seconds
338.865: [GC [PSYoungGen: 91856K->6720K(97280K)] 116017K->30889K(319488K), 0.0019070 secs] [Times: user=0.01 sys=0.00, real=0.00 secs] 
338.867: Total time for which application threads were stopped: 0.0038200 seconds, Stopping threads took: 0.0018400 seconds
338.947: Application time: 0.0794650 seconds
338.949: [GC [PSYoungGen: 90176K->7360K(97280K)] 114345K->31537K(319488K), 0.0020430 secs] [Times: user=0.02 sys=0.00, real=0.00 secs] 
338.951: Total time for which application threads were stopped: 0.0043770 seconds, Stopping threads took: 0.0022440 seconds
339.025: Application time: 0.0738330 seconds
339.027: [GC [PSYoungGen: 90816K->7552K(97280K)] 114993K->31729K(319488K), 0.0021650 secs] [Times: user=0.02 sys=0.00, real=0.00 secs] 
339.029: Total time for which application threads were stopped: 0.0037060 seconds, Stopping threads took: 0.0014560 seconds
339.103: Application time: 0.0745790 seconds
339.105: [GC [PSYoungGen: 91008K->8176K(97280K)] 115185K->32361K(319488K), 0.0023980 secs] [Times: user=0.02 sys=0.00, real=0.01 secs] 
339.107: Total time for which application threads were stopped: 0.0040450 seconds, Stopping threads took: 0.0015580 seconds
339.182: Application time: 0.0742560 seconds
339.184: [GC [PSYoungGen: 91632K->6976K(97280K)] 115817K->31169K(319488K), 0.0020200 secs] [Times: user=0.01 sys=0.00, real=0.01 secs] 
339.186: Total time for which application threads were stopped: 0.0046440 seconds, Stopping threads took: 0.0025320 seconds
339.264: Application time: 0.0777930 seconds
339.267: [GC [PSYoungGen: 90432K->8080K(97280K)] 114625K->32313K(319488K), 0.0023790 secs] [Times: user=0.02 sys=0.00, real=0.00 secs] 
339.269: Total time for which application threads were stopped: 0.0050140 seconds, Stopping threads took: 0.0025500 seconds
339.342: Application time: 0.0726580 seconds
339.343: [GC [PSYoungGen: 91536K->6112K(97280K)] 115769K->30353K(319488K), 0.0017880 secs] [Times: user=0.01 sys=0.00, real=0.00 secs] 
339.345: Total time for which application threads were stopped: 0.0033130 seconds, Stopping threads took: 0.0014450 seconds
339.421: Application time: 0.0754860 seconds
339.422: [GC [PSYoungGen: 89568K->7280K(97280K)] 113809K->31529K(319488K), 0.0021960 secs] [Times: user=0.01 sys=0.00, real=0.00 secs] 
339.424: Total time for which application threads were stopped: 0.0039220 seconds, Stopping threads took: 0.0016430 seconds
339.499: Application time: 0.0746180 seconds
339.502: [GC [PSYoungGen: 90736K->7104K(97280K)] 114985K->31353K(319488K), 0.0020450 secs] [Times: user=0.01 sys=0.00, real=0.00 secs] 
339.504: Total time for which application threads were stopped: 0.0045210 seconds, Stopping threads took: 0.0024010 seconds
339.580: Application time: 0.0760400 seconds
339.582: [GC [PSYoungGen: 90560K->6864K(97280K)] 114809K->31121K(319488K), 0.0020440 secs] [Times: user=0.01 sys=0.00, real=0.00 secs] 
339.584: Total time for which application threads were stopped: 0.0040320 seconds, Stopping threads took: 0.0019080 seconds
339.658: Application time: 0.0739390 seconds
339.660: [GC [PSYoungGen: 90320K->6864K(97280K)] 114577K->31129K(319488K), 0.0018990 secs] [Times: user=0.02 sys=0.00, real=0.00 secs] 
339.662: Total time for which application threads were stopped: 0.0047900 seconds, Stopping threads took: 0.0028150 seconds
339.741: Application time: 0.0790590 seconds
339.743: [GC [PSYoungGen: 90320K->6832K(97280K)] 114585K->31105K(319488K), 0.0020050 secs] [Times: user=0.01 sys=0.00, real=0.01 secs] 
339.745: Total time for which application threads were stopped: 0.0038150 seconds, Stopping threads took: 0.0017130 seconds
339.821: Application time: 0.0761570 seconds
339.824: [GC [PSYoungGen: 90288K->8144K(97280K)] 114561K->32417K(319488K), 0.0023340 secs] [Times: user=0.02 sys=0.00, real=0.01 secs] 
339.826: Total time for which application threads were stopped: 0.0046870 seconds, Stopping threads took: 0.0022660 seconds
339.900: Application time: 0.0734080 seconds
339.901: [GC [PSYoungGen: 91600K->7200K(97280K)] 115873K->31481K(319488K), 0.0021080 secs] [Times: user=0.02 sys=0.00, real=0.00 secs] 
339.904: Total time for which application threads were stopped: 0.0039830 seconds, Stopping threads took: 0.0017950 seconds
339.977: Application time: 0.0736790 seconds
339.979: [GC [PSYoungGen: 90656K->7088K(97280K)] 114937K->31385K(319488K), 0.0020630 secs] [Times: user=0.01 sys=0.01, real=0.00 secs] 
339.981: Total time for which application threads were stopped: 0.0042650 seconds, Stopping threads took: 0.0021180 seconds
340.059: Application time: 0.0772950 seconds
340.060: [GC [PSYoungGen: 90544K->6400K(97280K)] 114841K->30705K(319488K), 0.0019660 secs] [Times: user=0.01 sys=0.00, real=0.00 secs] 
340.062: Total time for which application threads were stopped: 0.0032090 seconds, Stopping threads took: 0.0011550 seconds
340.136: Application time: 0.0740050 seconds
340.138: [GC [PSYoungGen: 89856K->7232K(97280K)] 114161K->31545K(319488K), 0.0021600 secs] [Times: user=0.02 sys=0.00, real=0.00 secs] 
340.141: Total time for which application threads were stopped: 0.0046410 seconds, Stopping threads took: 0.0024000 seconds
340.215: Application time: 0.0741640 seconds
340.217: [GC [PSYoungGen: 90688K->6112K(97280K)] 115001K->30433K(319488K), 0.0017790 secs] [Times: user=0.01 sys=0.00, real=0.01 secs] 
340.218: Total time for which application threads were stopped: 0.0035990 seconds, Stopping threads took: 0.0017390 seconds
340.295: Application time: 0.0767210 seconds
340.298: [GC [PSYoungGen: 89568K->6768K(97280K)] 113889K->31097K(319488K), 0.0020390 secs] [Times: user=0.02 sys=0.00, real=0.00 secs] 
340.300: Total time for which application threads were stopped: 0.0046010 seconds, Stopping threads took: 0.0024720 seconds
340.376: Application time: 0.0764450 seconds
340.378: [GC [PSYoungGen: 90224K->7312K(97280K)] 114553K->31649K(319488K), 0.0021140 secs] [Times: user=0.01 sys=0.00, real=0.00 secs] 
340.381: Total time for which application threads were stopped: 0.0043450 seconds, Stopping threads took: 0.0021510 seconds
340.454: Application time: 0.0732640 seconds
340.456: [GC [PSYoungGen: 90768K->7328K(97280K)] 115105K->31681K(319488K), 0.0021320 secs] [Times: user=0.01 sys=0.00, real=0.01 secs] 
340.458: Total time for which application threads were stopped: 0.0046750 seconds, Stopping threads took: 0.0024580 seconds
340.535: Application time: 0.0769780 seconds
340.539: [GC [PSYoungGen: 90784K->7952K(97280K)] 115137K->32321K(319488K), 0.0022640 secs] [Times: user=0.02 sys=0.00, real=0.00 secs] 
340.541: Total time for which application threads were stopped: 0.0053770 seconds, Stopping threads took: 0.0030280 seconds
340.618: Application time: 0.0769120 seconds
340.620: [GC [PSYoungGen: 91408K->7328K(97280K)] 115777K->31697K(319488K), 0.0021430 secs] [Times: user=0.02 sys=0.00, real=0.00 secs] 
340.622: Total time for which application threads were stopped: 0.0040590 seconds, Stopping threads took: 0.0018310 seconds
340.695: Application time: 0.0728410 seconds
340.697: [GC [PSYoungGen: 90784K->6400K(97280K)] 115153K->30785K(319488K), 0.0019020 secs] [Times: user=0.01 sys=0.00, real=0.01 secs] 
340.699: Total time for which application threads were stopped: 0.0042920 seconds, Stopping threads took: 0.0023080 seconds
340.774: Application time: 0.0748320 seconds
340.775: [GC [PSYoungGen: 89856K->6624K(97280K)] 114241K->31017K(319488K), 0.0019870 secs] [Times: user=0.01 sys=0.00, real=0.01 secs] 
340.777: Total time for which application threads were stopped: 0.0036720 seconds, Stopping threads took: 0.0016020 seconds
340.854: Application time: 0.0763390 seconds
340.856: [GC [PSYoungGen: 90080K->8096K(97280K)] 114473K->32505K(319488K), 0.0022340 secs] [Times: user=0.01 sys=0.00, real=0.01 secs] 
340.858: Total time for which application threads were stopped: 0.0042800 seconds, Stopping threads took: 0.0019610 seconds
340.941: Application time: 0.0824500 seconds
340.944: [GC [PSYoungGen: 91552K->6928K(97280K)] 115961K->31345K(319488K), 0.0020060 secs] [Times: user=0.01 sys=0.00, real=0.01 secs] 
340.946: Total time for which application threads were stopped: 0.0050660 seconds, Stopping threads took: 0.0029790 seconds
341.022: Application time: 0.0765160 seconds
341.025: [GC [PSYoungGen: 90384K->7744K(97280K)] 114801K->32161K(319488K), 0.0022770 secs] [Times: user=0.02 sys=0.00, real=0.01 secs] 
341.027: Total time for which application threads were stopped: 0.0047740 seconds, Stopping threads took: 0.0024080 seconds
341.106: Application time: 0.0788230 seconds
341.108: [GC [PSYoungGen: 91200K->7072K(97280K)] 115617K->31513K(319488K), 0.0021120 secs] [Times: user=0.01 sys=0.00, real=0.00 secs] 
341.111: Total time for which application threads were stopped: 0.0048160 seconds, Stopping threads took: 0.0026030 seconds
341.191: Application time: 0.0802230 seconds
341.194: [GC [PSYoungGen: 90528K->8112K(97280K)] 114969K->32561K(319488K), 0.0024640 secs] [Times: user=0.01 sys=0.00, real=0.00 secs] 
341.196: Total time for which application threads were stopped: 0.0057210 seconds, Stopping threads took: 0.0031550 seconds
341.274: Application time: 0.0770730 seconds
341.276: [GC [PSYoungGen: 91568K->7712K(97280K)] 116017K->32169K(319488K), 0.0022980 secs] [Times: user=0.02 sys=0.00, real=0.01 secs] 
341.279: Total time for which application threads were stopped: 0.0052030 seconds, Stopping threads took: 0.0028140 seconds
341.360: Application time: 0.0813280 seconds
341.363: [GC [PSYoungGen: 91168K->6384K(97280K)] 115625K->30849K(319488K), 0.0018410 secs] [Times: user=0.02 sys=0.00, real=0.00 secs] 
341.365: Total time for which application threads were stopped: 0.0045550 seconds, Stopping threads took: 0.0026310 seconds
341.450: Application time: 0.0852780 seconds
341.453: [GC [PSYoungGen: 89840K->7040K(97280K)] 114305K->31521K(319488K), 0.0020020 secs] [Times: user=0.02 sys=0.00, real=0.00 secs] 
341.455: Total time for which application threads were stopped: 0.0052810 seconds, Stopping threads took: 0.0031910 seconds
341.536: Application time: 0.0805770 seconds
341.538: [GC [PSYoungGen: 90496K->6704K(97280K)] 114977K->31185K(319488K), 0.0020010 secs] [Times: user=0.02 sys=0.00, real=0.00 secs] 
341.540: Total time for which application threads were stopped: 0.0043450 seconds, Stopping threads took: 0.0022600 seconds
341.618: Application time: 0.0776370 seconds
341.619: [GC [PSYoungGen: 90160K->6832K(97280K)] 114641K->31321K(319488K), 0.0020480 secs] [Times: user=0.02 sys=0.00, real=0.00 secs] 
341.621: Total time for which application threads were stopped: 0.0033850 seconds, Stopping threads took: 0.0012510 seconds
341.702: Application time: 0.0808350 seconds
341.705: [GC [PSYoungGen: 90288K->6720K(97280K)] 114777K->31225K(319488K), 0.0019560 secs] [Times: user=0.01 sys=0.00, real=0.00 secs] 
341.707: Total time for which application threads were stopped: 0.0052790 seconds, Stopping threads took: 0.0032370 seconds
341.785: Application time: 0.0774950 seconds
341.787: [GC [PSYoungGen: 90176K->7536K(97280K)] 114681K->32049K(319488K), 0.0022880 secs] [Times: user=0.01 sys=0.00, real=0.00 secs] 
341.790: Total time for which application threads were stopped: 0.0049110 seconds, Stopping threads took: 0.0025350 seconds
341.874: Application time: 0.0842590 seconds
341.876: [GC [PSYoungGen: 90992K->7312K(97280K)] 115505K->31833K(319488K), 0.0021350 secs] [Times: user=0.02 sys=0.00, real=0.01 secs] 
341.878: Total time for which application threads were stopped: 0.0043340 seconds, Stopping threads took: 0.0021060 seconds
341.956: Application time: 0.0776390 seconds
341.958: [GC [PSYoungGen: 90768K->6784K(97280K)] 115289K->31313K(319488K), 0.0019960 secs] [Times: user=0.01 sys=0.00, real=0.00 secs] 
341.960: Total time for which application threads were stopped: 0.0045490 seconds, Stopping threads took: 0.0024650 seconds
342.044: Application time: 0.0839900 seconds
342.046: [GC [PSYoungGen: 90240K->5968K(97280K)] 114769K->30497K(319488K), 0.0017260 secs] [Times: user=0.01 sys=0.00, real=0.00 secs] 
342.048: Total time for which application threads were stopped: 0.0033410 seconds, Stopping threads took: 0.0015380 seconds
342.126: Application time: 0.0781000 seconds
342.127: [GC [PSYoungGen: 89424K->6416K(97280K)] 113953K->30953K(319488K), 0.0019290 secs] [Times: user=0.01 sys=0.00, real=0.00 secs] 
342.129: Total time for which application threads were stopped: 0.0030470 seconds, Stopping threads took: 0.0010410 seconds
342.212: Application time: 0.0831250 seconds
342.215: [GC [PSYoungGen: 89872K->6960K(97280K)] 114409K->31505K(319488K), 0.0021440 secs] [Times: user=0.01 sys=0.00, real=0.00 secs] 
342.217: Total time for which application threads were stopped: 0.0046970 seconds, Stopping threads took: 0.0024650 seconds
342.297: Application time: 0.0799010 seconds
342.299: [GC [PSYoungGen: 90416K->8064K(97280K)] 114961K->32617K(319488K), 0.0023270 secs] [Times: user=0.02 sys=0.00, real=0.00 secs] 
342.302: Total time for which application threads were stopped: 0.0050770 seconds, Stopping threads took: 0.0026640 seconds
342.385: Application time: 0.0835520 seconds
342.387: [GC [PSYoungGen: 91520K->4512K(97280K)] 116073K->29073K(319488K), 0.0014210 secs] [Times: user=0.01 sys=0.00, real=0.00 secs] 
342.389: Total time for which application threads were stopped: 0.0032830 seconds, Stopping threads took: 0.0017770 seconds
342.466: Application time: 0.0777470 seconds
342.468: [GC [PSYoungGen: 87968K->7008K(97280K)] 112529K->31577K(319488K), 0.0021080 secs] [Times: user=0.02 sys=0.00, real=0.00 secs] 
342.471: Total time for which application threads were stopped: 0.0041300 seconds, Stopping threads took: 0.0019400 seconds
342.551: Application time: 0.0802840 seconds
342.552: [GC [PSYoungGen: 90464K->5264K(97280K)] 115033K->29833K(319488K), 0.0015850 secs] [Times: user=0.01 sys=0.00, real=0.00 secs] 
342.554: Total time for which application threads were stopped: 0.0032520 seconds, Stopping threads took: 0.0015860 seconds
342.634: Application time: 0.0803770 seconds
342.637: [GC [PSYoungGen: 88720K->8224K(97280K)] 113289K->32801K(319488K), 0.0024800 secs] [Times: user=0.01 sys=0.00, real=0.00 secs] 
342.640: Total time for which application threads were stopped: 0.0053450 seconds, Stopping threads took: 0.0027820 seconds
342.718: Application time: 0.0782770 seconds
342.721: [GC [PSYoungGen: 91680K->7584K(97280K)] 116257K->32161K(319488K), 0.0021240 secs] [Times: user=0.01 sys=0.00, real=0.00 secs] 
342.723: Total time for which application threads were stopped: 0.0053820 seconds, Stopping threads took: 0.0031570 seconds
342.801: Application time: 0.0776790 seconds
342.803: [GC [PSYoungGen: 91040K->8128K(97280K)] 115617K->32713K(319488K), 0.0022750 secs] [Times: user=0.02 sys=0.00, real=0.01 secs] 
342.806: Total time for which application threads were stopped: 0.0044500 seconds, Stopping threads took: 0.0020900 seconds
342.885: Application time: 0.0789940 seconds
342.887: [GC [PSYoungGen: 91584K->7584K(97280K)] 116169K->32185K(319488K), 0.0022320 secs] [Times: user=0.01 sys=0.00, real=0.00 secs] 
342.890: Total time for which application threads were stopped: 0.0050300 seconds, Stopping threads took: 0.0027080 seconds
342.967: Application time: 0.0777280 seconds
342.970: [GC [PSYoungGen: 91040K->7040K(97280K)] 115641K->31649K(319488K), 0.0020150 secs] [Times: user=0.02 sys=0.00, real=0.00 secs] 
342.972: Total time for which application threads were stopped: 0.0051250 seconds, Stopping threads took: 0.0030150 seconds
343.052: Application time: 0.0799340 seconds
343.055: [GC [PSYoungGen: 90496K->5584K(97280K)] 115105K->30209K(319488K), 0.0016970 secs] [Times: user=0.01 sys=0.00, real=0.00 secs] 
343.057: Total time for which application threads were stopped: 0.0042990 seconds, Stopping threads took: 0.0025210 seconds
343.134: Application time: 0.0776630 seconds
343.137: [GC [PSYoungGen: 89040K->8112K(97280K)] 113665K->32745K(319488K), 0.0022290 secs] [Times: user=0.02 sys=0.00, real=0.01 secs] 
343.139: Total time for which application threads were stopped: 0.0044570 seconds, Stopping threads took: 0.0021500 seconds
343.218: Application time: 0.0795170 seconds
343.221: [GC [PSYoungGen: 91568K->6416K(97280K)] 116201K->31049K(319488K), 0.0018970 secs] [Times: user=0.02 sys=0.00, real=0.00 secs] 
343.223: Total time for which application threads were stopped: 0.0047850 seconds, Stopping threads took: 0.0028040 seconds
343.299: Application time: 0.0756490 seconds
343.301: [GC [PSYoungGen: 89872K->7712K(97280K)] 114505K->32361K(319488K), 0.0022270 secs] [Times: user=0.02 sys=0.00, real=0.00 secs] 
343.304: Total time for which application threads were stopped: 0.0047160 seconds, Stopping threads took: 0.0024070 seconds
343.383: Application time: 0.0790190 seconds
343.385: [GC [PSYoungGen: 91168K->6368K(97280K)] 115817K->31033K(319488K), 0.0018200 secs] [Times: user=0.01 sys=0.00, real=0.01 secs] 
343.387: Total time for which application threads were stopped: 0.0042700 seconds, Stopping threads took: 0.0023600 seconds
343.464: Application time: 0.0770290 seconds
343.467: [GC [PSYoungGen: 89824K->7712K(97280K)] 114489K->32385K(319488K), 0.0022570 secs] [Times: user=0.01 sys=0.00, real=0.00 secs] 
343.469: Total time for which application threads were stopped: 0.0052380 seconds, Stopping threads took: 0.0028940 seconds
343.548: Application time: 0.0784730 seconds
343.550: [GC [PSYoungGen: 91168K->6976K(97280K)] 115841K->31657K(319488K), 0.0021280 secs] [Times: user=0.01 sys=0.00, real=0.00 secs] 
343.552: Total time for which application threads were stopped: 0.0044360 seconds, Stopping threads took: 0.0022150 seconds
343.630: Application time: 0.0781040 seconds
343.632: [GC [PSYoungGen: 90432K->6944K(97280K)] 115113K->31641K(319488K), 0.0020500 secs] [Times: user=0.02 sys=0.00, real=0.00 secs] 
343.634: Total time for which application threads were stopped: 0.0038130 seconds, Stopping threads took: 0.0016750 seconds
343.715: Application time: 0.0808780 seconds
343.718: [GC [PSYoungGen: 90400K->7904K(97280K)] 115097K->32601K(319488K), 0.0022510 secs] [Times: user=0.02 sys=0.00, real=0.00 secs] 
343.720: Total time for which application threads were stopped: 0.0054030 seconds, Stopping threads took: 0.0030600 seconds
343.798: Application time: 0.0780280 seconds
343.801: [GC [PSYoungGen: 91360K->7520K(97280K)] 116057K->32225K(319488K), 0.0021690 secs] [Times: user=0.02 sys=0.00, real=0.00 secs] 
343.803: Total time for which application threads were stopped: 0.0049480 seconds, Stopping threads took: 0.0026920 seconds
343.882: Application time: 0.0788970 seconds
343.885: [GC [PSYoungGen: 90976K->7968K(97280K)] 115681K->32689K(319488K), 0.0023300 secs] [Times: user=0.02 sys=0.00, real=0.01 secs] 
343.887: Total time for which application threads were stopped: 0.0051030 seconds, Stopping threads took: 0.0026860 seconds
343.967: Application time: 0.0793730 seconds
343.968: [GC [PSYoungGen: 91424K->6960K(97280K)] 116145K->31689K(319488K), 0.0019650 secs] [Times: user=0.01 sys=0.00, real=0.00 secs] 
343.970: Total time for which application threads were stopped: 0.0038580 seconds, Stopping threads took: 0.0018090 seconds
344.055: Application time: 0.0844040 seconds
344.058: [GC [PSYoungGen: 90416K->6736K(97280K)] 115145K->31481K(319488K), 0.0019070 secs] [Times: user=0.02 sys=0.00, real=0.00 secs] 
344.060: Total time for which application threads were stopped: 0.0047860 seconds, Stopping threads took: 0.0027890 seconds
344.137: Application time: 0.0776890 seconds
344.139: [GC [PSYoungGen: 90192K->8368K(97280K)] 114937K->33113K(319488K), 0.0025040 secs] [Times: user=0.02 sys=0.00, real=0.00 secs] 
344.142: Total time for which application threads were stopped: 0.0047250 seconds, Stopping threads took: 0.0021330 seconds
344.221: Application time: 0.0784840 seconds
344.223: [GC [PSYoungGen: 91824K->7728K(97280K)] 116569K->32481K(319488K), 0.0021710 secs] [Times: user=0.02 sys=0.00, real=0.01 secs] 
344.225: Total time for which application threads were stopped: 0.0046920 seconds, Stopping threads took: 0.0024410 seconds
344.311: Application time: 0.0853290 seconds
344.312: [GC [PSYoungGen: 91184K->5264K(97280K)] 115937K->30025K(319488K), 0.0015510 secs] [Times: user=0.01 sys=0.00, real=0.00 secs] 
344.314: Total time for which application threads were stopped: 0.0029840 seconds, Stopping threads took: 0.0013490 seconds
344.395: Application time: 0.0814810 seconds
344.397: [GC [PSYoungGen: 88720K->6672K(97280K)] 113481K->31441K(319488K), 0.0019850 secs] [Times: user=0.02 sys=0.00, real=0.00 secs] 
344.399: Total time for which application threads were stopped: 0.0041860 seconds, Stopping threads took: 0.0021190 seconds
344.478: Application time: 0.0790940 seconds
344.480: [GC [PSYoungGen: 90128K->6624K(97280K)] 114897K->31401K(319488K), 0.0019480 secs] [Times: user=0.01 sys=0.00, real=0.00 secs] 
344.482: Total time for which application threads were stopped: 0.0041370 seconds, Stopping threads took: 0.0021040 seconds
344.565: Application time: 0.0821560 seconds
344.566: [GC [PSYoungGen: 90080K->5632K(97280K)] 114857K->30417K(319488K), 0.0017360 secs] [Times: user=0.01 sys=0.00, real=0.00 secs] 
344.568: Total time for which application threads were stopped: 0.0034920 seconds, Stopping threads took: 0.0016790 seconds
344.649: Application time: 0.0812970 seconds
344.652: [GC [PSYoungGen: 89088K->6528K(97280K)] 113873K->31313K(319488K), 0.0019020 secs] [Times: user=0.01 sys=0.00, real=0.00 secs] 
344.654: Total time for which application threads were stopped: 0.0041400 seconds, Stopping threads took: 0.0021600 seconds
344.736: Application time: 0.0828720 seconds
344.739: [GC [PSYoungGen: 89984K->6048K(97280K)] 114769K->30841K(319488K), 0.0017330 secs] [Times: user=0.01 sys=0.00, real=0.00 secs] 
344.741: Total time for which application threads were stopped: 0.0041190 seconds, Stopping threads took: 0.0023110 seconds
344.821: Application time: 0.0806850 seconds
344.823: [GC [PSYoungGen: 89504K->7616K(97280K)] 114297K->32417K(319488K), 0.0022750 secs] [Times: user=0.02 sys=0.00, real=0.01 secs] 
344.826: Total time for which application threads were stopped: 0.0044970 seconds, Stopping threads took: 0.0021390 seconds
344.905: Application time: 0.0788890 seconds
344.907: [GC [PSYoungGen: 91072K->6960K(97280K)] 115873K->31769K(319488K), 0.0020670 secs] [Times: user=0.01 sys=0.00, real=0.00 secs] 
344.909: Total time for which application threads were stopped: 0.0046600 seconds, Stopping threads took: 0.0025090 seconds
344.985: Application time: 0.0758900 seconds
344.988: [GC [PSYoungGen: 90416K->6736K(97280K)] 115225K->31553K(319488K), 0.0018080 secs] [Times: user=0.02 sys=0.00, real=0.00 secs] 
344.990: Total time for which application threads were stopped: 0.0043740 seconds, Stopping threads took: 0.0024900 seconds
345.065: Application time: 0.0757920 seconds
345.068: [GC [PSYoungGen: 90192K->7616K(97280K)] 115009K->32441K(319488K), 0.0021890 secs] [Times: user=0.02 sys=0.00, real=0.00 secs] 
345.070: Total time for which application threads were stopped: 0.0051660 seconds, Stopping threads took: 0.0028860 seconds
345.146: Application time: 0.0757410 seconds
345.148: [GC [PSYoungGen: 91072K->4288K(97280K)] 115897K->29113K(319488K), 0.0013920 secs] [Times: user=0.01 sys=0.00, real=0.00 secs] 
345.150: Total time for which application threads were stopped: 0.0033250 seconds, Stopping threads took: 0.0018590 seconds
345.226: Application time: 0.0767580 seconds
345.229: [GC [PSYoungGen: 87744K->7088K(97280K)] 112569K->31921K(319488K), 0.0022100 secs] [Times: user=0.01 sys=0.00, real=0.00 secs] 
345.231: Total time for which application threads were stopped: 0.0045080 seconds, Stopping threads took: 0.0022080 seconds
345.305: Application time: 0.0742660 seconds
345.307: [GC [PSYoungGen: 90544K->6976K(97280K)] 115377K->31809K(319488K), 0.0020790 secs] [Times: user=0.01 sys=0.00, real=0.00 secs] 
345.309: Total time for which application threads were stopped: 0.0043950 seconds, Stopping threads took: 0.0022340 seconds
345.382: Application time: 0.0721300 seconds
345.384: [GC [PSYoungGen: 90432K->7856K(97280K)] 115265K->32697K(319488K), 0.0023250 secs] [Times: user=0.02 sys=0.00, real=0.01 secs] 
345.386: Total time for which application threads were stopped: 0.0048560 seconds, Stopping threads took: 0.0024440 seconds
345.464: Application time: 0.0771710 seconds
345.465: [GC [PSYoungGen: 91312K->5776K(97280K)] 116153K->30625K(319488K), 0.0016680 secs] [Times: user=0.01 sys=0.00, real=0.00 secs] 
345.467: Total time for which application threads were stopped: 0.0033000 seconds, Stopping threads took: 0.0015550 seconds
345.546: Application time: 0.0791430 seconds
345.548: [GC [PSYoungGen: 89232K->6464K(97280K)] 114081K->31321K(319488K), 0.0019520 secs] [Times: user=0.01 sys=0.00, real=0.00 secs] 
345.550: Total time for which application threads were stopped: 0.0035950 seconds, Stopping threads took: 0.0015660 seconds
345.626: Application time: 0.0763630 seconds
345.628: [GC [PSYoungGen: 89920K->8288K(97280K)] 114777K->33153K(319488K), 0.0023800 secs] [Times: user=0.02 sys=0.00, real=0.00 secs] 
345.631: Total time for which application threads were stopped: 0.0044450 seconds, Stopping threads took: 0.0019640 seconds
345.706: Application time: 0.0759370 seconds
345.708: [GC [PSYoungGen: 91744K->7152K(97280K)] 116609K->32041K(319488K), 0.0020660 secs] [Times: user=0.02 sys=0.00, real=0.00 secs] 
345.711: Total time for which application threads were stopped: 0.0041040 seconds, Stopping threads took: 0.0019520 seconds
345.786: Application time: 0.0755760 seconds
345.789: [GC [PSYoungGen: 90608K->5808K(97280K)] 115497K->30697K(319488K), 0.0017580 secs] [Times: user=0.01 sys=0.00, real=0.00 secs] 
345.790: Total time for which application threads were stopped: 0.0042620 seconds, Stopping threads took: 0.0024230 seconds
345.868: Application time: 0.0775170 seconds
345.870: [GC [PSYoungGen: 89264K->5472K(97280K)] 114153K->30369K(319488K), 0.0016320 secs] [Times: user=0.01 sys=0.00, real=0.00 secs] 
345.872: Total time for which application threads were stopped: 0.0036980 seconds, Stopping threads took: 0.0019850 seconds
345.943: Application time: 0.0715190 seconds
345.945: [GC [PSYoungGen: 88928K->8400K(97280K)] 113825K->33305K(319488K), 0.0024740 secs] [Times: user=0.02 sys=0.00, real=0.01 secs] 
345.947: Total time for which application threads were stopped: 0.0041630 seconds, Stopping threads took: 0.0016000 seconds
346.026: Application time: 0.0789140 seconds
346.028: [GC [PSYoungGen: 91856K->7872K(97280K)] 116761K->32785K(319488K), 0.0023230 secs] [Times: user=0.01 sys=0.00, real=0.00 secs] 
346.030: Total time for which application threads were stopped: 0.0042520 seconds, Stopping threads took: 0.0018420 seconds
346.104: Application time: 0.0730710 seconds
346.105: [GC [PSYoungGen: 91328K->6112K(97280K)] 116241K->31033K(319488K), 0.0017730 secs] [Times: user=0.01 sys=0.00, real=0.00 secs] 
346.107: Total time for which application threads were stopped: 0.0033850 seconds, Stopping threads took: 0.0015320 seconds
346.183: Application time: 0.0755770 seconds
346.183: [GC [PSYoungGen: 89568K->6224K(97280K)] 114489K->31153K(319488K), 0.0018100 secs] [Times: user=0.01 sys=0.00, real=0.01 secs] 
346.185: Total time for which application threads were stopped: 0.0027840 seconds, Stopping threads took: 0.0008860 seconds
346.262: Application time: 0.0765110 seconds
346.264: [GC [PSYoungGen: 89680K->5888K(97280K)] 114609K->30817K(319488K), 0.0017570 secs] [Times: user=0.00 sys=0.00, real=0.01 secs] 
346.265: Total time for which application threads were stopped: 0.0035280 seconds, Stopping threads took: 0.0016870 seconds
346.343: Application time: 0.0774800 seconds
346.345: [GC [PSYoungGen: 89344K->7568K(97280K)] 114273K->32505K(319488K), 0.0022420 secs] [Times: user=0.01 sys=0.00, real=0.00 secs] 
346.347: Total time for which application threads were stopped: 0.0045530 seconds, Stopping threads took: 0.0022240 seconds
346.422: Application time: 0.0746150 seconds
346.425: [GC [PSYoungGen: 91024K->7136K(97280K)] 115961K->32081K(319488K), 0.0020250 secs] [Times: user=0.01 sys=0.00, real=0.00 secs] 
346.427: Total time for which application threads were stopped: 0.0052270 seconds, Stopping threads took: 0.0031230 seconds
346.503: Application time: 0.0761350 seconds
346.505: [GC [PSYoungGen: 90592K->6528K(97280K)] 115537K->31481K(319488K), 0.0019540 secs] [Times: user=0.01 sys=0.00, real=0.00 secs] 
346.507: Total time for which application threads were stopped: 0.0039760 seconds, Stopping threads took: 0.0019430 seconds
346.580: Application time: 0.0729000 seconds
346.583: [GC [PSYoungGen: 89984K->6720K(97280K)] 114937K->31689K(319488K), 0.0018800 secs] [Times: user=0.02 sys=0.00, real=0.00 secs] 
346.585: Total time for which application threads were stopped: 0.0044060 seconds, Stopping threads took: 0.0024470 seconds
346.661: Application time: 0.0760820 seconds
346.663: [GC [PSYoungGen: 90176K->6016K(97280K)] 115145K->30985K(319488K), 0.0017480 secs] [Times: user=0.02 sys=0.00, real=0.00 secs] 
346.665: Total time for which application threads were stopped: 0.0041760 seconds, Stopping threads took: 0.0023470 seconds
346.738: Application time: 0.0735070 seconds
346.740: [GC [PSYoungGen: 89472K->7072K(97280K)] 114441K->32049K(319488K), 0.0019820 secs] [Times: user=0.02 sys=0.00, real=0.00 secs] 
346.742: Total time for which application threads were stopped: 0.0036920 seconds, Stopping threads took: 0.0016220 seconds
346.820: Application time: 0.0778890 seconds
346.822: [GC [PSYoungGen: 90528K->6000K(97280K)] 115505K->30985K(319488K), 0.0017780 secs] [Times: user=0.01 sys=0.00, real=0.00 secs] 
346.824: Total time for which application threads were stopped: 0.0041810 seconds, Stopping threads took: 0.0023230 seconds
346.897: Application time: 0.0726950 seconds
346.900: [GC [PSYoungGen: 89456K->7008K(97280K)] 114441K->32009K(319488K), 0.0019310 secs] [Times: user=0.01 sys=0.00, real=0.00 secs] 
346.902: Total time for which application threads were stopped: 0.0047380 seconds, Stopping threads took: 0.0027350 seconds
346.980: Application time: 0.0779070 seconds
346.983: [GC [PSYoungGen: 90464K->8128K(97280K)] 115465K->33137K(319488K), 0.0023410 secs] [Times: user=0.01 sys=0.00, real=0.00 secs] 
346.985: Total time for which application threads were stopped: 0.0054500 seconds, Stopping threads took: 0.0030220 seconds
347.058: Application time: 0.0732500 seconds
347.060: [GC [PSYoungGen: 91584K->7728K(97280K)] 116593K->32745K(319488K), 0.0020720 secs] [Times: user=0.02 sys=0.00, real=0.00 secs] 
347.063: Total time for which application threads were stopped: 0.0043480 seconds, Stopping threads took: 0.0021990 seconds
347.140: Application time: 0.0775680 seconds
347.143: [GC [PSYoungGen: 91184K->8000K(97280K)] 116201K->33017K(319488K), 0.0023240 secs] [Times: user=0.01 sys=0.00, real=0.00 secs] 
347.145: Total time for which application threads were stopped: 0.0048660 seconds, Stopping threads took: 0.0024570 seconds
347.220: Application time: 0.0746010 seconds
347.221: [GC [PSYoungGen: 91456K->7200K(97280K)] 116473K->32225K(319488K), 0.0021270 secs] [Times: user=0.01 sys=0.00, real=0.00 secs] 
347.223: Total time for which application threads were stopped: 0.0032900 seconds, Stopping threads took: 0.0010820 seconds
347.300: Application time: 0.0766560 seconds
347.302: [GC [PSYoungGen: 90656K->6672K(97280K)] 115681K->31705K(319488K), 0.0019410 secs] [Times: user=0.01 sys=0.00, real=0.00 secs] 
347.304: Total time for which application threads were stopped: 0.0042960 seconds, Stopping threads took: 0.0022580 seconds
347.378: Application time: 0.0738110 seconds
347.380: [GC [PSYoungGen: 90128K->8208K(97280K)] 115161K->33249K(319488K), 0.0022110 secs] [Times: user=0.02 sys=0.00, real=0.00 secs] 
347.382: Total time for which application threads were stopped: 0.0047000 seconds, Stopping threads took: 0.0024120 seconds
347.458: Application time: 0.0757100 seconds
347.460: [GC [PSYoungGen: 91664K->7744K(97280K)] 116705K->32793K(319488K), 0.0022910 secs] [Times: user=0.02 sys=0.00, real=0.00 secs] 
347.462: Total time for which application threads were stopped: 0.0042190 seconds, Stopping threads took: 0.0018430 seconds
347.537: Application time: 0.0747240 seconds
347.540: [GC [PSYoungGen: 91200K->6624K(97280K)] 116249K->31681K(319488K), 0.0020020 secs] [Times: user=0.01 sys=0.00, real=0.00 secs] 
347.542: Total time for which application threads were stopped: 0.0046400 seconds, Stopping threads took: 0.0025530 seconds
347.618: Application time: 0.0762610 seconds
347.620: [GC [PSYoungGen: 90078K->6992K(97280K)] 115135K->32057K(319488K), 0.0020350 secs] [Times: user=0.01 sys=0.00, real=0.00 secs] 
347.622: Total time for which application threads were stopped: 0.0036590 seconds, Stopping threads took: 0.0015430 seconds
347.697: Application time: 0.0749910 seconds
347.699: [GC [PSYoungGen: 90448K->6688K(97280K)] 115513K->31761K(319488K), 0.0019300 secs] [Times: user=0.01 sys=0.00, real=0.00 secs] 
347.701: Total time for which application threads were stopped: 0.0041030 seconds, Stopping threads took: 0.0020970 seconds
347.778: Application time: 0.0768680 seconds
347.779: [GC [PSYoungGen: 90144K->7040K(97280K)] 115217K->32113K(319488K), 0.0020160 secs] [Times: user=0.02 sys=0.00, real=0.00 secs] 
347.781: Total time for which application threads were stopped: 0.0035960 seconds, Stopping threads took: 0.0014870 seconds
347.857: Application time: 0.0759150 seconds
347.860: [GC [PSYoungGen: 90496K->7360K(97280K)] 115569K->32441K(319488K), 0.0022000 secs] [Times: user=0.02 sys=0.00, real=0.00 secs] 
347.862: Total time for which application threads were stopped: 0.0053330 seconds, Stopping threads took: 0.0030360 seconds
347.937: Application time: 0.0744860 seconds
347.939: [GC [PSYoungGen: 90816K->6160K(97280K)] 115897K->31249K(319488K), 0.0017020 secs] [Times: user=0.01 sys=0.00, real=0.00 secs] 
347.941: Total time for which application threads were stopped: 0.0041410 seconds, Stopping threads took: 0.0023530 seconds
348.016: Application time: 0.0747660 seconds
348.019: [GC [PSYoungGen: 89616K->7360K(97280K)] 114705K->32457K(319488K), 0.0020830 secs] [Times: user=0.02 sys=0.00, real=0.00 secs] 
348.021: Total time for which application threads were stopped: 0.0053990 seconds, Stopping threads took: 0.0032360 seconds
348.098: Application time: 0.0764630 seconds
348.099: [GC [PSYoungGen: 90816K->7120K(97280K)] 115913K->32233K(319488K), 0.0021470 secs] [Times: user=0.02 sys=0.00, real=0.00 secs] 
348.102: Total time for which application threads were stopped: 0.0039600 seconds, Stopping threads took: 0.0017300 seconds
348.174: Application time: 0.0723770 seconds
348.176: [GC [PSYoungGen: 90576K->7712K(97280K)] 115689K->32849K(319488K), 0.0021630 secs] [Times: user=0.02 sys=0.00, real=0.01 secs] 
348.178: Total time for which application threads were stopped: 0.0041920 seconds, Stopping threads took: 0.0019530 seconds
348.256: Application time: 0.0774690 seconds
348.257: [GC [PSYoungGen: 91168K->6144K(97280K)] 116305K->31281K(319488K), 0.0018470 secs] [Times: user=0.01 sys=0.00, real=0.00 secs] 
348.259: Total time for which application threads were stopped: 0.0033810 seconds, Stopping threads took: 0.0014580 seconds
348.334: Application time: 0.0747680 seconds
348.336: [GC [PSYoungGen: 89600K->7280K(97280K)] 114737K->32425K(319488K), 0.0021030 secs] [Times: user=0.01 sys=0.00, real=0.01 secs] 
348.338: Total time for which application threads were stopped: 0.0044290 seconds, Stopping threads took: 0.0022470 seconds
348.417: Application time: 0.0785510 seconds
348.420: [GC [PSYoungGen: 90736K->8000K(97280K)] 115881K->33153K(319488K), 0.0023560 secs] [Times: user=0.01 sys=0.00, real=0.00 secs] 
348.422: Total time for which application threads were stopped: 0.0050510 seconds, Stopping threads took: 0.0026000 seconds
348.495: Application time: 0.0730410 seconds
348.498: [GC [PSYoungGen: 91456K->6656K(97280K)] 116609K->31817K(319488K), 0.0018870 secs] [Times: user=0.02 sys=0.00, real=0.00 secs] 
348.499: Total time for which application threads were stopped: 0.0045120 seconds, Stopping threads took: 0.0025470 seconds
348.578: Application time: 0.0786250 seconds
348.581: [GC [PSYoungGen: 90112K->5392K(97280K)] 115273K->30561K(319488K), 0.0016340 secs] [Times: user=0.01 sys=0.00, real=0.00 secs] 
348.582: Total time for which application threads were stopped: 0.0041460 seconds, Stopping threads took: 0.0024390 seconds
348.656: Application time: 0.0737520 seconds
348.658: [GC [PSYoungGen: 88848K->7232K(97280K)] 114017K->32409K(319488K), 0.0021040 secs] [Times: user=0.02 sys=0.00, real=0.00 secs] 
348.660: Total time for which application threads were stopped: 0.0037590 seconds, Stopping threads took: 0.0015750 seconds
348.735: Application time: 0.0755930 seconds
348.737: [GC [PSYoungGen: 90688K->6608K(97280K)] 115865K->31785K(319488K), 0.0018770 secs] [Times: user=0.01 sys=0.00, real=0.01 secs] 
348.739: Total time for which application threads were stopped: 0.0033290 seconds, Stopping threads took: 0.0013730 seconds
348.811: Application time: 0.0723250 seconds
348.813: [GC [PSYoungGen: 90064K->7248K(97280K)] 115241K->32433K(319488K), 0.0020250 secs] [Times: user=0.01 sys=0.00, real=0.00 secs] 
348.815: Total time for which application threads were stopped: 0.0043370 seconds, Stopping threads took: 0.0022290 seconds
348.893: Application time: 0.0772220 seconds
348.895: [GC [PSYoungGen: 90704K->4912K(97280K)] 115889K->30105K(319488K), 0.0015670 secs] [Times: user=0.00 sys=0.00, real=0.00 secs] 
348.897: Total time for which application threads were stopped: 0.0040140 seconds, Stopping threads took: 0.0023680 seconds
348.974: Application time: 0.0775730 seconds
348.976: [GC [PSYoungGen: 88368K->7072K(97280K)] 113561K->32273K(319488K), 0.0021720 secs] [Times: user=0.01 sys=0.00, real=0.01 secs] 
348.978: Total time for which application threads were stopped: 0.0041590 seconds, Stopping threads took: 0.0018740 seconds
349.060: Application time: 0.0817260 seconds
349.062: [GC [PSYoungGen: 90528K->6656K(97280K)] 115729K->31865K(319488K), 0.0019070 secs] [Times: user=0.01 sys=0.00, real=0.00 secs] 
349.064: Total time for which application threads were stopped: 0.0043020 seconds, Stopping threads took: 0.0022950 seconds
349.142: Application time: 0.0772340 seconds
349.145: [GC [PSYoungGen: 90112K->7408K(97280K)] 115321K->32617K(319488K), 0.0020160 secs] [Times: user=0.01 sys=0.00, real=0.01 secs] 
349.147: Total time for which application threads were stopped: 0.0052380 seconds, Stopping threads took: 0.0031370 seconds
349.227: Application time: 0.0802720 seconds
349.229: [GC [PSYoungGen: 90864K->7472K(97280K)] 116073K->32689K(319488K), 0.0023090 secs] [Times: user=0.01 sys=0.00, real=0.00 secs] 
349.231: Total time for which application threads were stopped: 0.0042780 seconds, Stopping threads took: 0.0018800 seconds
349.316: Application time: 0.0844120 seconds
349.317: [GC [PSYoungGen: 90928K->4704K(97280K)] 116145K->29929K(319488K), 0.0014790 secs] [Times: user=0.01 sys=0.00, real=0.00 secs] 
349.319: Total time for which application threads were stopped: 0.0031610 seconds, Stopping threads took: 0.0016090 seconds
349.396: Application time: 0.0767980 seconds
349.399: [GC [PSYoungGen: 88160K->7584K(97280K)] 113385K->32817K(319488K), 0.0024220 secs] [Times: user=0.01 sys=0.00, real=0.00 secs] 
349.401: Total time for which application threads were stopped: 0.0052240 seconds, Stopping threads took: 0.0027180 seconds
349.480: Application time: 0.0786750 seconds
349.482: [GC [PSYoungGen: 91040K->4768K(97280K)] 116273K->30009K(319488K), 0.0016890 secs] [Times: user=0.01 sys=0.00, real=0.00 secs] 
349.484: Total time for which application threads were stopped: 0.0042550 seconds, Stopping threads took: 0.0024600 seconds
349.566: Application time: 0.0825370 seconds
349.570: [GC [PSYoungGen: 88224K->6624K(97280K)] 113465K->31865K(319488K), 0.0019050 secs] [Times: user=0.02 sys=0.00, real=0.00 secs] 
349.571: Total time for which application threads were stopped: 0.0050000 seconds, Stopping threads took: 0.0030110 seconds
349.649: Application time: 0.0780120 seconds
349.652: [GC [PSYoungGen: 90080K->7648K(97280K)] 115321K->32897K(319488K), 0.0021740 secs] [Times: user=0.02 sys=0.00, real=0.00 secs] 
349.654: Total time for which application threads were stopped: 0.0049190 seconds, Stopping threads took: 0.0026580 seconds
349.735: Application time: 0.0808260 seconds
349.737: [GC [PSYoungGen: 91104K->6736K(97280K)] 116353K->31993K(319488K), 0.0019760 secs] [Times: user=0.01 sys=0.00, real=0.00 secs] 
349.739: Total time for which application threads were stopped: 0.0042440 seconds, Stopping threads took: 0.0021840 seconds
349.819: Application time: 0.0792930 seconds
349.821: [GC [PSYoungGen: 90192K->5648K(97280K)] 115449K->30913K(319488K), 0.0017460 secs] [Times: user=0.02 sys=0.00, real=0.00 secs] 
349.822: Total time for which application threads were stopped: 0.0036890 seconds, Stopping threads took: 0.0018670 seconds
349.903: Application time: 0.0807410 seconds
349.906: [GC [PSYoungGen: 89104K->6992K(97280K)] 114369K->32265K(319488K), 0.0020310 secs] [Times: user=0.02 sys=0.00, real=0.00 secs] 
349.908: Total time for which application threads were stopped: 0.0047130 seconds, Stopping threads took: 0.0025970 seconds
349.988: Application time: 0.0797590 seconds
349.991: [GC [PSYoungGen: 90448K->7600K(97280K)] 115721K->32881K(319488K), 0.0021740 secs] [Times: user=0.01 sys=0.00, real=0.00 secs] 
349.993: Total time for which application threads were stopped: 0.0053080 seconds, Stopping threads took: 0.0030480 seconds
350.077: Application time: 0.0844220 seconds
350.080: [GC [PSYoungGen: 91056K->7008K(97280K)] 116337K->32289K(319488K), 0.0019270 secs] [Times: user=0.01 sys=0.00, real=0.00 secs] 
350.082: Total time for which application threads were stopped: 0.0043730 seconds, Stopping threads took: 0.0023690 seconds
350.162: Application time: 0.0801550 seconds
350.164: [GC [PSYoungGen: 90464K->7136K(97280K)] 115745K->32425K(319488K), 0.0022440 secs] [Times: user=0.01 sys=0.00, real=0.01 secs] 
350.167: Total time for which application threads were stopped: 0.0046530 seconds, Stopping threads took: 0.0022990 seconds
350.247: Application time: 0.0808770 seconds
350.251: [GC [PSYoungGen: 90592K->7136K(97280K)] 115881K->32433K(319488K), 0.0023020 secs] [Times: user=0.01 sys=0.00, real=0.00 secs] 
350.253: Total time for which application threads were stopped: 0.0054480 seconds, Stopping threads took: 0.0030430 seconds
350.329: Application time: 0.0757970 seconds
350.330: [GC [PSYoungGen: 90592K->7760K(97280K)] 115889K->33065K(319488K), 0.0023890 secs] [Times: user=0.02 sys=0.00, real=0.00 secs] 
350.333: Total time for which application threads were stopped: 0.0041440 seconds, Stopping threads took: 0.0016670 seconds
350.415: Application time: 0.0821680 seconds
350.418: [GC [PSYoungGen: 91216K->6448K(97280K)] 116521K->31761K(319488K), 0.0020170 secs] [Times: user=0.01 sys=0.00, real=0.00 secs] 
350.420: Total time for which application threads were stopped: 0.0046270 seconds, Stopping threads took: 0.0025250 seconds
350.499: Application time: 0.0795650 seconds
350.502: [GC [PSYoungGen: 89904K->7264K(97280K)] 115217K->32585K(319488K), 0.0020090 secs] [Times: user=0.01 sys=0.00, real=0.00 secs] 
350.504: Total time for which application threads were stopped: 0.0051870 seconds, Stopping threads took: 0.0030900 seconds
350.587: Application time: 0.0829350 seconds
350.590: [GC [PSYoungGen: 90720K->6496K(97280K)] 116041K->31825K(319488K), 0.0019150 secs] [Times: user=0.01 sys=0.00, real=0.00 secs] 
350.592: Total time for which application threads were stopped: 0.0047520 seconds, Stopping threads took: 0.0027520 seconds
350.668: Application time: 0.0762900 seconds
350.671: [GC [PSYoungGen: 89952K->7712K(97280K)] 115281K->33057K(319488K), 0.0023020 secs] [Times: user=0.01 sys=0.00, real=0.00 secs] 
350.673: Total time for which application threads were stopped: 0.0049880 seconds, Stopping threads took: 0.0025980 seconds
350.750: Application time: 0.0764690 seconds
350.752: [GC [PSYoungGen: 91168K->7136K(97280K)] 116513K->32497K(319488K), 0.0020670 secs] [Times: user=0.02 sys=0.00, real=0.00 secs] 
350.754: Total time for which application threads were stopped: 0.0044020 seconds, Stopping threads took: 0.0022540 seconds
350.836: Application time: 0.0819270 seconds
350.840: [GC [PSYoungGen: 90592K->7472K(97280K)] 115953K->32833K(319488K), 0.0022260 secs] [Times: user=0.01 sys=0.00, real=0.00 secs] 
350.842: Total time for which application threads were stopped: 0.0055810 seconds, Stopping threads took: 0.0032650 seconds
350.921: Application time: 0.0791960 seconds
350.924: [GC [PSYoungGen: 90928K->7856K(97280K)] 116289K->33225K(319488K), 0.0023430 secs] [Times: user=0.02 sys=0.00, real=0.01 secs] 
350.927: Total time for which application threads were stopped: 0.0056300 seconds, Stopping threads took: 0.0031960 seconds
351.003: Application time: 0.0764080 seconds
351.006: [GC [PSYoungGen: 91312K->7760K(97280K)] 116681K->33145K(319488K), 0.0024710 secs] [Times: user=0.02 sys=0.00, real=0.00 secs] 
351.008: Total time for which application threads were stopped: 0.0052360 seconds, Stopping threads took: 0.0026510 seconds
351.089: Application time: 0.0805410 seconds
351.091: [GC [PSYoungGen: 91216K->7312K(97280K)] 116601K->32705K(319488K), 0.0022620 secs] [Times: user=0.01 sys=0.00, real=0.00 secs] 
351.094: Total time for which application threads were stopped: 0.0049730 seconds, Stopping threads took: 0.0026020 seconds
351.174: Application time: 0.0798310 seconds
351.177: [GC [PSYoungGen: 90768K->6912K(97280K)] 116161K->32313K(319488K), 0.0019540 secs] [Times: user=0.01 sys=0.00, real=0.00 secs] 
351.179: Total time for which application threads were stopped: 0.0055090 seconds, Stopping threads took: 0.0034740 seconds
351.260: Application time: 0.0806160 seconds
351.263: [GC [PSYoungGen: 90368K->7760K(97280K)] 115769K->33161K(319488K), 0.0022660 secs] [Times: user=0.01 sys=0.00, real=0.01 secs] 
351.265: Total time for which application threads were stopped: 0.0054900 seconds, Stopping threads took: 0.0031290 seconds
351.342: Application time: 0.0770500 seconds
351.345: [GC [PSYoungGen: 91216K->7808K(97280K)] 116617K->33217K(319488K), 0.0023340 secs] [Times: user=0.02 sys=0.00, real=0.01 secs] 
351.347: Total time for which application threads were stopped: 0.0047860 seconds, Stopping threads took: 0.0023620 seconds
351.426: Application time: 0.0787360 seconds
351.428: [GC [PSYoungGen: 91264K->6272K(97280K)] 116673K->31689K(319488K), 0.0018910 secs] [Times: user=0.01 sys=0.00, real=0.00 secs] 
351.430: Total time for which application threads were stopped: 0.0036990 seconds, Stopping threads took: 0.0017190 seconds
351.509: Application time: 0.0795020 seconds
351.512: [GC [PSYoungGen: 89728K->6544K(97280K)] 115145K->31969K(319488K), 0.0019550 secs] [Times: user=0.01 sys=0.00, real=0.00 secs] 
351.514: Total time for which application threads were stopped: 0.0046350 seconds, Stopping threads took: 0.0025860 seconds
351.595: Application time: 0.0808810 seconds
351.597: [GC [PSYoungGen: 90000K->6624K(97280K)] 115425K->32057K(319488K), 0.0018270 secs] [Times: user=0.01 sys=0.00, real=0.01 secs] 
351.599: Total time for which application threads were stopped: 0.0041590 seconds, Stopping threads took: 0.0022560 seconds
351.679: Application time: 0.0801780 seconds
351.682: [GC [PSYoungGen: 90080K->6704K(97280K)] 115513K->32153K(319488K), 0.0019850 secs] [Times: user=0.02 sys=0.00, real=0.00 secs] 
351.684: Total time for which application threads were stopped: 0.0050840 seconds, Stopping threads took: 0.0030200 seconds
351.767: Application time: 0.0829030 seconds
351.769: [GC [PSYoungGen: 90160K->6464K(97280K)] 115609K->31913K(319488K), 0.0019470 secs] [Times: user=0.02 sys=0.00, real=0.00 secs] 
351.771: Total time for which application threads were stopped: 0.0043320 seconds, Stopping threads took: 0.0023020 seconds
351.849: Application time: 0.0781910 seconds
351.852: [GC [PSYoungGen: 89920K->7184K(97280K)] 115369K->32641K(319488K), 0.0020720 secs] [Times: user=0.02 sys=0.00, real=0.00 secs] 
351.854: Total time for which application threads were stopped: 0.0042960 seconds, Stopping threads took: 0.0021380 seconds
351.938: Application time: 0.0842830 seconds
351.939: [GC [PSYoungGen: 90640K->6864K(97280K)] 116097K->32329K(319488K), 0.0021120 secs] [Times: user=0.01 sys=0.00, real=0.00 secs] 
351.941: Total time for which application threads were stopped: 0.0032910 seconds, Stopping threads took: 0.0010940 seconds
352.022: Application time: 0.0807980 seconds
352.024: [GC [PSYoungGen: 90320K->6672K(97280K)] 115785K->32145K(319488K), 0.0019930 secs] [Times: user=0.01 sys=0.00, real=0.01 secs] 
352.026: Total time for which application threads were stopped: 0.0036460 seconds, Stopping threads took: 0.0015610 seconds
352.111: Application time: 0.0855250 seconds
352.114: [GC [PSYoungGen: 90128K->6656K(97280K)] 115601K->32137K(319488K), 0.0019710 secs] [Times: user=0.01 sys=0.00, real=0.00 secs] 
352.116: Total time for which application threads were stopped: 0.0048330 seconds, Stopping threads took: 0.0027750 seconds
352.197: Application time: 0.0808050 seconds
352.199: [GC [PSYoungGen: 90112K->4864K(97280K)] 115593K->30353K(319488K), 0.0014940 secs] [Times: user=0.01 sys=0.00, real=0.00 secs] 
352.200: Total time for which application threads were stopped: 0.0035100 seconds, Stopping threads took: 0.0019420 seconds
352.285: Application time: 0.0847810 seconds
352.288: [GC [PSYoungGen: 88320K->5936K(97280K)] 113809K->31425K(319488K), 0.0017970 secs] [Times: user=0.01 sys=0.00, real=0.00 secs] 
352.290: Total time for which application threads were stopped: 0.0048110 seconds, Stopping threads took: 0.0029390 seconds
352.368: Application time: 0.0775310 seconds
352.371: [GC [PSYoungGen: 89392K->7568K(97280K)] 114881K->33065K(319488K), 0.0021230 secs] [Times: user=0.02 sys=0.00, real=0.00 secs] 
352.373: Total time for which application threads were stopped: 0.0053360 seconds, Stopping threads took: 0.0031310 seconds
352.455: Application time: 0.0820570 seconds
352.457: [GC [PSYoungGen: 91024K->8032K(97280K)] 116521K->33537K(319488K), 0.0023910 secs] [Times: user=0.01 sys=0.00, real=0.01 secs] 
352.459: Total time for which application threads were stopped: 0.0040660 seconds, Stopping threads took: 0.0015870 seconds
352.544: Application time: 0.0847950 seconds
352.546: [GC [PSYoungGen: 91488K->6416K(97280K)] 116993K->31929K(319488K), 0.0018220 secs] [Times: user=0.01 sys=0.00, real=0.00 secs] 
352.547: Total time for which application threads were stopped: 0.0036030 seconds, Stopping threads took: 0.0016980 seconds
352.629: Application time: 0.0820640 seconds
352.631: [GC [PSYoungGen: 89872K->5520K(97280K)] 115385K->31049K(319488K), 0.0016770 secs] [Times: user=0.01 sys=0.00, real=0.00 secs] 
352.633: Total time for which application threads were stopped: 0.0034660 seconds, Stopping threads took: 0.0017110 seconds
352.710: Application time: 0.0772310 seconds
352.713: [GC [PSYoungGen: 88976K->7696K(97280K)] 114505K->33233K(319488K), 0.0022280 secs] [Times: user=0.01 sys=0.00, real=0.00 secs] 
352.715: Total time for which application threads were stopped: 0.0048470 seconds, Stopping threads took: 0.0025330 seconds
352.798: Application time: 0.0825300 seconds
352.800: [GC [PSYoungGen: 91152K->6384K(97280K)] 116689K->31929K(319488K), 0.0018850 secs] [Times: user=0.01 sys=0.00, real=0.00 secs] 
352.802: Total time for which application threads were stopped: 0.0045320 seconds, Stopping threads took: 0.0025640 seconds
352.883: Application time: 0.0804500 seconds
352.885: [GC [PSYoungGen: 89840K->5568K(97280K)] 115385K->31121K(319488K), 0.0017290 secs] [Times: user=0.01 sys=0.00, real=0.01 secs] 
352.887: Total time for which application threads were stopped: 0.0040130 seconds, Stopping threads took: 0.0022060 seconds
352.963: Application time: 0.0767220 seconds
352.966: [GC [PSYoungGen: 89024K->7056K(97280K)] 114577K->32617K(319488K), 0.0020040 secs] [Times: user=0.01 sys=0.00, real=0.00 secs] 
352.968: Total time for which application threads were stopped: 0.0048550 seconds, Stopping threads took: 0.0027660 seconds
353.042: Application time: 0.0735990 seconds
353.043: [GC [PSYoungGen: 90512K->7616K(97280K)] 116073K->33185K(319488K), 0.0022340 secs] [Times: user=0.02 sys=0.00, real=0.01 secs] 
353.046: Total time for which application threads were stopped: 0.0038840 seconds, Stopping threads took: 0.0015670 seconds
353.121: Application time: 0.0752520 seconds
353.123: [GC [PSYoungGen: 91072K->8288K(97280K)] 116641K->33873K(319488K), 0.0025010 secs] [Times: user=0.02 sys=0.00, real=0.01 secs] 
353.126: Total time for which application threads were stopped: 0.0048910 seconds, Stopping threads took: 0.0022930 seconds
353.203: Application time: 0.0776120 seconds
353.205: [GC [PSYoungGen: 91744K->5632K(97280K)] 117329K->31225K(319488K), 0.0019800 secs] [Times: user=0.01 sys=0.00, real=0.01 secs] 
353.207: Total time for which application threads were stopped: 0.0032520 seconds, Stopping threads took: 0.0012010 seconds
353.281: Application time: 0.0745400 seconds
353.284: [GC [PSYoungGen: 89088K->6496K(97280K)] 114681K->32097K(319488K), 0.0018870 secs] [Times: user=0.01 sys=0.00, real=0.01 secs] 
353.286: Total time for which application threads were stopped: 0.0044350 seconds, Stopping threads took: 0.0024450 seconds
353.359: Application time: 0.0732920 seconds
353.362: [GC [PSYoungGen: 89952K->7776K(97280K)] 115553K->33393K(319488K), 0.0022810 secs] [Times: user=0.02 sys=0.00, real=0.00 secs] 
353.364: Total time for which application threads were stopped: 0.0049950 seconds, Stopping threads took: 0.0026230 seconds
353.443: Application time: 0.0788470 seconds
353.443: [GC [PSYoungGen: 91232K->5520K(97280K)] 116849K->31137K(319488K), 0.0016230 secs] [Times: user=0.01 sys=0.00, real=0.00 secs] 
353.445: Total time for which application threads were stopped: 0.0023320 seconds, Stopping threads took: 0.0006270 seconds
353.523: Application time: 0.0779840 seconds
353.525: [GC [PSYoungGen: 88976K->5168K(97280K)] 114593K->30793K(319488K), 0.0015250 secs] [Times: user=0.01 sys=0.00, real=0.01 secs] 
353.526: Total time for which application threads were stopped: 0.0033540 seconds, Stopping threads took: 0.0017570 seconds
353.603: Application time: 0.0765290 seconds
353.606: [GC [PSYoungGen: 88624K->6944K(97280K)] 114249K->32585K(319488K), 0.0019380 secs] [Times: user=0.01 sys=0.00, real=0.00 secs] 
353.608: Total time for which application threads were stopped: 0.0047890 seconds, Stopping threads took: 0.0027750 seconds
353.685: Application time: 0.0775470 seconds
353.688: [GC [PSYoungGen: 90400K->7360K(97280K)] 116041K->33009K(319488K), 0.0021870 secs] [Times: user=0.02 sys=0.00, real=0.00 secs] 
353.690: Total time for which application threads were stopped: 0.0045110 seconds, Stopping threads took: 0.0022350 seconds
353.765: Application time: 0.0747750 seconds
353.768: [GC [PSYoungGen: 90816K->6016K(97280K)] 116465K->31673K(319488K), 0.0018110 secs] [Times: user=0.01 sys=0.00, real=0.00 secs] 
353.770: Total time for which application threads were stopped: 0.0049460 seconds, Stopping threads took: 0.0030530 seconds
353.845: Application time: 0.0754040 seconds
353.846: [GC [PSYoungGen: 89472K->6688K(97280K)] 115129K->32345K(319488K), 0.0018610 secs] [Times: user=0.01 sys=0.00, real=0.00 secs] 
353.848: Total time for which application threads were stopped: 0.0033310 seconds, Stopping threads took: 0.0013990 seconds
353.928: Application time: 0.0796390 seconds
353.931: [GC [PSYoungGen: 90144K->7200K(97280K)] 115801K->32865K(319488K), 0.0020430 secs] [Times: user=0.01 sys=0.00, real=0.00 secs] 
353.933: Total time for which application threads were stopped: 0.0050080 seconds, Stopping threads took: 0.0028810 seconds
354.006: Application time: 0.0730840 seconds
354.008: [GC [PSYoungGen: 90654K->7440K(97280K)] 116319K->33129K(319488K), 0.0022640 secs] [Times: user=0.01 sys=0.00, real=0.00 secs] 
354.011: Total time for which application threads were stopped: 0.0046520 seconds, Stopping threads took: 0.0022880 seconds
354.089: Application time: 0.0786130 seconds
354.092: [GC [PSYoungGen: 90896K->6944K(97280K)] 116585K->32641K(319488K), 0.0020900 secs] [Times: user=0.01 sys=0.00, real=0.00 secs] 
354.094: Total time for which application threads were stopped: 0.0045220 seconds, Stopping threads took: 0.0023550 seconds
354.168: Application time: 0.0740990 seconds
354.170: [GC [PSYoungGen: 90400K->8128K(97280K)] 116097K->33833K(319488K), 0.0023140 secs] [Times: user=0.01 sys=0.00, real=0.00 secs] 
354.172: Total time for which application threads were stopped: 0.0039390 seconds, Stopping threads took: 0.0015400 seconds
354.248: Application time: 0.0763960 seconds
354.250: [GC [PSYoungGen: 91584K->5760K(97280K)] 117289K->31473K(319488K), 0.0016520 secs] [Times: user=0.01 sys=0.00, real=0.00 secs] 
354.252: Total time for which application threads were stopped: 0.0033320 seconds, Stopping threads took: 0.0015960 seconds
354.328: Application time: 0.0760720 seconds
354.330: [GC [PSYoungGen: 89216K->5696K(97280K)] 114929K->31409K(319488K), 0.0016780 secs] [Times: user=0.01 sys=0.00, real=0.00 secs] 
354.332: Total time for which application threads were stopped: 0.0044580 seconds, Stopping threads took: 0.0027080 seconds
354.410: Application time: 0.0776370 seconds
354.413: [GC [PSYoungGen: 89152K->6880K(97280K)] 114865K->32601K(319488K), 0.0019610 secs] [Times: user=0.01 sys=0.00, real=0.00 secs] 
354.415: Total time for which application threads were stopped: 0.0049360 seconds, Stopping threads took: 0.0028900 seconds
354.492: Application time: 0.0771330 seconds
354.493: [GC [PSYoungGen: 90336K->6240K(97280K)] 116057K->31969K(319488K), 0.0018890 secs] [Times: user=0.01 sys=0.00, real=0.00 secs] 
354.495: Total time for which application threads were stopped: 0.0034810 seconds, Stopping threads took: 0.0015140 seconds
354.571: Application time: 0.0760320 seconds
354.574: [GC [PSYoungGen: 89696K->6720K(97280K)] 115425K->32457K(319488K), 0.0019630 secs] [Times: user=0.01 sys=0.00, real=0.00 secs] 
354.576: Total time for which application threads were stopped: 0.0041500 seconds, Stopping threads took: 0.0021060 seconds
354.653: Application time: 0.0770770 seconds
354.654: [GC [PSYoungGen: 90176K->6432K(97280K)] 115913K->32177K(319488K), 0.0018850 secs] [Times: user=0.02 sys=0.00, real=0.00 secs] 
354.656: Total time for which application threads were stopped: 0.0031560 seconds, Stopping threads took: 0.0011950 seconds
354.731: Application time: 0.0748820 seconds
354.732: [GC [PSYoungGen: 89888K->6848K(97280K)] 115633K->32601K(319488K), 0.0020680 secs] [Times: user=0.01 sys=0.00, real=0.00 secs] 
354.734: Total time for which application threads were stopped: 0.0037920 seconds, Stopping threads took: 0.0016440 seconds
354.809: Application time: 0.0743650 seconds
354.811: [GC [PSYoungGen: 90304K->7504K(97280K)] 116057K->33257K(319488K), 0.0022030 secs] [Times: user=0.01 sys=0.00, real=0.00 secs] 
354.813: Total time for which application threads were stopped: 0.0044890 seconds, Stopping threads took: 0.0022050 seconds
354.889: Application time: 0.0755780 seconds
354.891: [GC [PSYoungGen: 90960K->5920K(97280K)] 116713K->31689K(319488K), 0.0017920 secs] [Times: user=0.01 sys=0.00, real=0.00 secs] 
354.893: Total time for which application threads were stopped: 0.0037620 seconds, Stopping threads took: 0.0018900 seconds
354.966: Application time: 0.0735700 seconds
354.968: [GC [PSYoungGen: 89376K->8240K(97280K)] 115145K->34017K(319488K), 0.0024100 secs] [Times: user=0.02 sys=0.00, real=0.00 secs] 
354.970: Total time for which application threads were stopped: 0.0040090 seconds, Stopping threads took: 0.0015130 seconds
355.050: Application time: 0.0794990 seconds
355.052: [GC [PSYoungGen: 91696K->7744K(97280K)] 117473K->33529K(319488K), 0.0022830 secs] [Times: user=0.01 sys=0.00, real=0.00 secs] 
355.054: Total time for which application threads were stopped: 0.0046740 seconds, Stopping threads took: 0.0023060 seconds
355.132: Application time: 0.0778860 seconds
355.134: [GC [PSYoungGen: 91200K->5632K(97280K)] 116985K->31425K(319488K), 0.0016560 secs] [Times: user=0.01 sys=0.00, real=0.00 secs] 
355.135: Total time for which application threads were stopped: 0.0032010 seconds, Stopping threads took: 0.0014650 seconds
355.212: Application time: 0.0760700 seconds
355.213: [GC [PSYoungGen: 89088K->5584K(97280K)] 114881K->31385K(319488K), 0.0017060 secs] [Times: user=0.01 sys=0.00, real=0.00 secs] 
355.215: Total time for which application threads were stopped: 0.0034630 seconds, Stopping threads took: 0.0016640 seconds
355.293: Application time: 0.0782310 seconds
355.296: [GC [PSYoungGen: 89040K->6384K(97280K)] 114841K->32185K(319488K), 0.0018720 secs] [Times: user=0.02 sys=0.00, real=0.01 secs] 
355.298: Total time for which application threads were stopped: 0.0042510 seconds, Stopping threads took: 0.0022980 seconds
355.375: Application time: 0.0776870 seconds
355.377: [GC [PSYoungGen: 89840K->5936K(97280K)] 115641K->31745K(319488K), 0.0017590 secs] [Times: user=0.01 sys=0.00, real=0.00 secs] 
355.379: Total time for which application threads were stopped: 0.0037330 seconds, Stopping threads took: 0.0018900 seconds
355.453: Application time: 0.0745230 seconds
355.456: [GC [PSYoungGen: 89392K->6896K(97280K)] 115201K->32713K(319488K), 0.0020210 secs] [Times: user=0.01 sys=0.00, real=0.01 secs] 
355.458: Total time for which application threads were stopped: 0.0041790 seconds, Stopping threads took: 0.0020740 seconds
355.534: Application time: 0.0765640 seconds
355.537: [GC [PSYoungGen: 90352K->6128K(97280K)] 116169K->31953K(319488K), 0.0017450 secs] [Times: user=0.01 sys=0.00, real=0.00 secs] 
355.539: Total time for which application threads were stopped: 0.0047620 seconds, Stopping threads took: 0.0029280 seconds
355.613: Application time: 0.0742660 seconds
355.615: [GC [PSYoungGen: 89584K->5760K(97280K)] 115409K->31593K(319488K), 0.0017200 secs] [Times: user=0.01 sys=0.00, real=0.00 secs] 
355.617: Total time for which application threads were stopped: 0.0036870 seconds, Stopping threads took: 0.0018910 seconds
355.699: Application time: 0.0823970 seconds
355.701: [GC [PSYoungGen: 89216K->5728K(97280K)] 115049K->31569K(319488K), 0.0016540 secs] [Times: user=0.01 sys=0.00, real=0.00 secs] 
355.703: Total time for which application threads were stopped: 0.0037240 seconds, Stopping threads took: 0.0019800 seconds
355.778: Application time: 0.0749570 seconds
355.780: [GC [PSYoungGen: 89184K->8096K(97280K)] 115025K->33937K(319488K), 0.0022480 secs] [Times: user=0.01 sys=0.00, real=0.00 secs] 
355.782: Total time for which application threads were stopped: 0.0043140 seconds, Stopping threads took: 0.0019870 seconds
355.861: Application time: 0.0788670 seconds
355.862: [GC [PSYoungGen: 91552K->4640K(97280K)] 117393K->30481K(319488K), 0.0014250 secs] [Times: user=0.01 sys=0.00, real=0.00 secs] 
355.864: Total time for which application threads were stopped: 0.0026570 seconds, Stopping threads took: 0.0011620 seconds
355.940: Application time: 0.0765780 seconds
355.943: [GC [PSYoungGen: 88096K->8032K(97280K)] 113937K->33881K(319488K), 0.0023220 secs] [Times: user=0.02 sys=0.00, real=0.01 secs] 
355.945: Total time for which application threads were stopped: 0.0048100 seconds, Stopping threads took: 0.0023960 seconds
356.020: Application time: 0.0743080 seconds
356.021: [GC [PSYoungGen: 91488K->5776K(97280K)] 117337K->31633K(319488K), 0.0017700 secs] [Times: user=0.01 sys=0.00, real=0.00 secs] 
356.023: Total time for which application threads were stopped: 0.0032950 seconds, Stopping threads took: 0.0014490 seconds
356.100: Application time: 0.0771840 seconds
356.102: [GC [PSYoungGen: 89232K->6064K(97280K)] 115089K->31929K(319488K), 0.0018360 secs] [Times: user=0.01 sys=0.00, real=0.00 secs] 
356.104: Total time for which application threads were stopped: 0.0040850 seconds, Stopping threads took: 0.0021760 seconds
356.178: Application time: 0.0743070 seconds
356.181: [GC [PSYoungGen: 89520K->8256K(97280K)] 115385K->34129K(319488K), 0.0023960 secs] [Times: user=0.02 sys=0.00, real=0.00 secs] 
356.183: Total time for which application threads were stopped: 0.0045360 seconds, Stopping threads took: 0.0020530 seconds
356.257: Application time: 0.0737130 seconds
356.259: [GC [PSYoungGen: 91712K->7920K(97280K)] 117585K->33793K(319488K), 0.0023550 secs] [Times: user=0.02 sys=0.00, real=0.00 secs] 
356.262: Total time for which application threads were stopped: 0.0048690 seconds, Stopping threads took: 0.0024270 seconds
356.340: Application time: 0.0783410 seconds
356.342: [GC [PSYoungGen: 91376K->6560K(97280K)] 117249K->32433K(319488K), 0.0018900 secs] [Times: user=0.02 sys=0.00, real=0.00 secs] 
356.344: Total time for which application threads were stopped: 0.0039530 seconds, Stopping threads took: 0.0019790 seconds
356.418: Application time: 0.0741480 seconds
356.420: [GC [PSYoungGen: 90016K->7168K(97280K)] 115889K->33049K(319488K), 0.0020990 secs] [Times: user=0.01 sys=0.00, real=0.00 secs] 
356.422: Total time for which application threads were stopped: 0.0043830 seconds, Stopping threads took: 0.0022020 seconds
356.497: Application time: 0.0744060 seconds
356.498: [GC [PSYoungGen: 90624K->7632K(97280K)] 116505K->33521K(319488K), 0.0022950 secs] [Times: user=0.02 sys=0.00, real=0.00 secs] 
356.501: Total time for which application threads were stopped: 0.0039530 seconds, Stopping threads took: 0.0015680 seconds
356.575: Application time: 0.0743930 seconds
356.577: [GC [PSYoungGen: 91088K->7360K(97280K)] 116977K->33257K(319488K), 0.0021330 secs] [Times: user=0.01 sys=0.00, real=0.01 secs] 
356.579: Total time for which application threads were stopped: 0.0036730 seconds, Stopping threads took: 0.0014600 seconds
356.656: Application time: 0.0772710 seconds
356.658: [GC [PSYoungGen: 90816K->7312K(97280K)] 116713K->33217K(319488K), 0.0021010 secs] [Times: user=0.01 sys=0.00, real=0.00 secs] 
356.661: Total time for which application threads were stopped: 0.0044410 seconds, Stopping threads took: 0.0022660 seconds
356.736: Application time: 0.0752970 seconds
356.737: [GC [PSYoungGen: 90768K->6496K(97280K)] 116673K->32417K(319488K), 0.0018110 secs] [Times: user=0.01 sys=0.00, real=0.01 secs] 
356.739: Total time for which application threads were stopped: 0.0027980 seconds, Stopping threads took: 0.0009130 seconds
356.817: Application time: 0.0783520 seconds
356.820: [GC [PSYoungGen: 89952K->6992K(97280K)] 115873K->32913K(319488K), 0.0019460 secs] [Times: user=0.01 sys=0.00, real=0.00 secs] 
356.822: Total time for which application threads were stopped: 0.0047650 seconds, Stopping threads took: 0.0027390 seconds
356.894: Application time: 0.0724270 seconds
356.896: [GC [PSYoungGen: 90448K->7056K(97280K)] 116369K->32985K(319488K), 0.0020530 secs] [Times: user=0.02 sys=0.00, real=0.01 secs] 
356.898: Total time for which application threads were stopped: 0.0037050 seconds, Stopping threads took: 0.0015660 seconds
356.983: Application time: 0.0849270 seconds
356.986: [GC [PSYoungGen: 90512K->8336K(97280K)] 116441K->34273K(319488K), 0.0024200 secs] [Times: user=0.02 sys=0.00, real=0.00 secs] 
356.988: Total time for which application threads were stopped: 0.0052370 seconds, Stopping threads took: 0.0027280 seconds
357.069: Application time: 0.0804430 seconds
357.071: [GC [PSYoungGen: 91792K->7024K(97280K)] 117729K->32969K(319488K), 0.0020600 secs] [Times: user=0.01 sys=0.00, real=0.00 secs] 
357.073: Total time for which application threads were stopped: 0.0044820 seconds, Stopping threads took: 0.0023270 seconds
357.154: Application time: 0.0810350 seconds
357.156: [GC [PSYoungGen: 90480K->6592K(97280K)] 116425K->32545K(319488K), 0.0019810 secs] [Times: user=0.00 sys=0.00, real=0.01 secs] 
357.158: Total time for which application threads were stopped: 0.0037200 seconds, Stopping threads took: 0.0016560 seconds
357.238: Application time: 0.0801590 seconds
357.241: [GC [PSYoungGen: 90048K->6976K(97280K)] 116001K->32937K(319488K), 0.0019200 secs] [Times: user=0.01 sys=0.00, real=0.00 secs] 
357.243: Total time for which application threads were stopped: 0.0050950 seconds, Stopping threads took: 0.0030910 seconds
357.325: Application time: 0.0816310 seconds
357.327: [GC [PSYoungGen: 90432K->7856K(97280K)] 116393K->33817K(319488K), 0.0023710 secs] [Times: user=0.01 sys=0.00, real=0.00 secs] 
357.329: Total time for which application threads were stopped: 0.0047750 seconds, Stopping threads took: 0.0023120 seconds
357.407: Application time: 0.0779750 seconds
357.410: [GC [PSYoungGen: 91312K->7472K(97280K)] 117273K->33441K(319488K), 0.0021720 secs] [Times: user=0.01 sys=0.00, real=0.00 secs] 
357.412: Total time for which application threads were stopped: 0.0045040 seconds, Stopping threads took: 0.0022460 seconds
357.492: Application time: 0.0803860 seconds
357.494: [GC [PSYoungGen: 90928K->6752K(97280K)] 116897K->32729K(319488K), 0.0019650 secs] [Times: user=0.01 sys=0.00, real=0.00 secs] 
357.496: Total time for which application threads were stopped: 0.0040370 seconds, Stopping threads took: 0.0019720 seconds
357.576: Application time: 0.0793560 seconds
357.578: [GC [PSYoungGen: 90208K->7056K(97280K)] 116185K->33041K(319488K), 0.0023350 secs] [Times: user=0.02 sys=0.00, real=0.00 secs] 
357.581: Total time for which application threads were stopped: 0.0049010 seconds, Stopping threads took: 0.0024740 seconds
357.665: Application time: 0.0844660 seconds
357.667: [GC [PSYoungGen: 90512K->4848K(97280K)] 116497K->30841K(319488K), 0.0016320 secs] [Times: user=0.01 sys=0.00, real=0.00 secs] 
357.669: Total time for which application threads were stopped: 0.0038350 seconds, Stopping threads took: 0.0021260 seconds
357.748: Application time: 0.0788950 seconds
357.749: [GC [PSYoungGen: 88304K->7248K(97280K)] 114297K->33249K(319488K), 0.0022290 secs] [Times: user=0.01 sys=0.00, real=0.00 secs] 
357.752: Total time for which application threads were stopped: 0.0038910 seconds, Stopping threads took: 0.0015780 seconds
357.831: Application time: 0.0794820 seconds
357.832: [GC [PSYoungGen: 90704K->6288K(97280K)] 116705K->32289K(319488K), 0.0019770 secs] [Times: user=0.01 sys=0.00, real=0.00 secs] 
357.834: Total time for which application threads were stopped: 0.0029570 seconds, Stopping threads took: 0.0008940 seconds
357.915: Application time: 0.0806440 seconds
357.918: [GC [PSYoungGen: 89744K->5616K(97280K)] 115745K->31625K(319488K), 0.0016440 secs] [Times: user=0.01 sys=0.00, real=0.00 secs] 
357.920: Total time for which application threads were stopped: 0.0047690 seconds, Stopping threads took: 0.0030480 seconds
358.003: Application time: 0.0830080 seconds
358.004: [GC [PSYoungGen: 89072K->6016K(97280K)] 115081K->32025K(319488K), 0.0017800 secs] [Times: user=0.01 sys=0.00, real=0.01 secs] 
358.006: Total time for which application threads were stopped: 0.0036320 seconds, Stopping threads took: 0.0017660 seconds
358.083: Application time: 0.0763650 seconds
358.085: [GC [PSYoungGen: 89472K->7456K(97280K)] 115481K->33473K(319488K), 0.0022180 secs] [Times: user=0.01 sys=0.00, real=0.01 secs] 
358.087: Total time for which application threads were stopped: 0.0043010 seconds, Stopping threads took: 0.0019880 seconds
358.166: Application time: 0.0795950 seconds
358.168: [GC [PSYoungGen: 90911K->6096K(97280K)] 116928K->32121K(319488K), 0.0018260 secs] [Times: user=0.01 sys=0.00, real=0.00 secs] 
358.170: Total time for which application threads were stopped: 0.0035050 seconds, Stopping threads took: 0.0016020 seconds
358.247: Application time: 0.0767930 seconds
358.250: [GC [PSYoungGen: 89552K->7520K(97280K)] 115577K->33553K(319488K), 0.0020520 secs] [Times: user=0.01 sys=0.00, real=0.00 secs] 
358.252: Total time for which application threads were stopped: 0.0051880 seconds, Stopping threads took: 0.0030470 seconds
358.334: Application time: 0.0825240 seconds
358.337: [GC [PSYoungGen: 90976K->8112K(97280K)] 117009K->34145K(319488K), 0.0024100 secs] [Times: user=0.02 sys=0.00, real=0.01 secs] 
358.339: Total time for which application threads were stopped: 0.0046220 seconds, Stopping threads took: 0.0021050 seconds
358.417: Application time: 0.0776110 seconds
358.420: [GC [PSYoungGen: 91568K->7136K(97280K)] 117601K->33169K(319488K), 0.0020940 secs] [Times: user=0.02 sys=0.00, real=0.00 secs] 
358.422: Total time for which application threads were stopped: 0.0053440 seconds, Stopping threads took: 0.0031660 seconds
358.502: Application time: 0.0797490 seconds
358.504: [GC [PSYoungGen: 90592K->7120K(97280K)] 116625K->33161K(319488K), 0.0021110 secs] [Times: user=0.01 sys=0.00, real=0.01 secs] 
358.506: Total time for which application threads were stopped: 0.0044680 seconds, Stopping threads took: 0.0022740 seconds
358.586: Application time: 0.0793840 seconds
358.589: [GC [PSYoungGen: 90576K->6512K(97280K)] 116617K->32561K(319488K), 0.0019720 secs] [Times: user=0.01 sys=0.00, real=0.00 secs] 
358.591: Total time for which application threads were stopped: 0.0049220 seconds, Stopping threads took: 0.0028570 seconds
358.672: Application time: 0.0818930 seconds
358.674: [GC [PSYoungGen: 89968K->7696K(97280K)] 116017K->33777K(319488K), 0.0023320 secs] [Times: user=0.02 sys=0.00, real=0.00 secs] 
358.677: Total time for which application threads were stopped: 0.0043260 seconds, Stopping threads took: 0.0019080 seconds
358.756: Application time: 0.0795480 seconds
358.759: [GC [PSYoungGen: 91152K->7824K(97280K)] 117233K->33913K(319488K), 0.0022490 secs] [Times: user=0.01 sys=0.01, real=0.00 secs] 
358.761: Total time for which application threads were stopped: 0.0047810 seconds, Stopping threads took: 0.0024000 seconds
358.842: Application time: 0.0808310 seconds
358.844: [GC [PSYoungGen: 91280K->7312K(97280K)] 117369K->33401K(319488K), 0.0022280 secs] [Times: user=0.01 sys=0.00, real=0.01 secs] 
358.847: Total time for which application threads were stopped: 0.0045830 seconds, Stopping threads took: 0.0022620 seconds
358.925: Application time: 0.0788170 seconds
358.928: [GC [PSYoungGen: 90768K->7072K(97280K)] 116857K->33161K(319488K), 0.0021120 secs] [Times: user=0.01 sys=0.00, real=0.00 secs] 
358.930: Total time for which application threads were stopped: 0.0050840 seconds, Stopping threads took: 0.0028840 seconds
359.009: Application time: 0.0788330 seconds
359.012: [GC [PSYoungGen: 90528K->7472K(97280K)] 116617K->33569K(319488K), 0.0021760 secs] [Times: user=0.01 sys=0.00, real=0.00 secs] 
359.014: Total time for which application threads were stopped: 0.0044240 seconds, Stopping threads took: 0.0021590 seconds
359.094: Application time: 0.0806380 seconds
359.097: [GC [PSYoungGen: 90928K->6112K(97280K)] 117025K->32217K(319488K), 0.0019210 secs] [Times: user=0.01 sys=0.00, real=0.00 secs] 
359.099: Total time for which application threads were stopped: 0.0047490 seconds, Stopping threads took: 0.0027410 seconds
359.181: Application time: 0.0817540 seconds
359.183: [GC [PSYoungGen: 89568K->6048K(97280K)] 115673K->32161K(319488K), 0.0017800 secs] [Times: user=0.01 sys=0.00, real=0.00 secs] 
359.185: Total time for which application threads were stopped: 0.0038390 seconds, Stopping threads took: 0.0019750 seconds
359.263: Application time: 0.0782090 seconds
359.265: [GC [PSYoungGen: 89504K->7168K(97280K)] 115617K->33289K(319488K), 0.0021330 secs] [Times: user=0.01 sys=0.00, real=0.01 secs] 
359.267: Total time for which application threads were stopped: 0.0042630 seconds, Stopping threads took: 0.0020450 seconds
359.349: Application time: 0.0817820 seconds
359.352: [GC [PSYoungGen: 90624K->6800K(97280K)] 116745K->32945K(319488K), 0.0020110 secs] [Times: user=0.01 sys=0.00, real=0.00 secs] 
359.354: Total time for which application threads were stopped: 0.0049460 seconds, Stopping threads took: 0.0028490 seconds
359.433: Application time: 0.0785710 seconds
359.434: [GC [PSYoungGen: 90256K->5792K(97280K)] 116401K->31937K(319488K), 0.0017100 secs] [Times: user=0.01 sys=0.00, real=0.00 secs] 
359.436: Total time for which application threads were stopped: 0.0036100 seconds, Stopping threads took: 0.0018230 seconds
359.517: Application time: 0.0810680 seconds
359.520: [GC [PSYoungGen: 89248K->6688K(97280K)] 115393K->32857K(319488K), 0.0019350 secs] [Times: user=0.01 sys=0.00, real=0.00 secs] 
359.522: Total time for which application threads were stopped: 0.0044300 seconds, Stopping threads took: 0.0024110 seconds
359.601: Application time: 0.0791670 seconds
359.603: [GC [PSYoungGen: 90144K->7584K(97280K)] 116313K->33761K(319488K), 0.0022610 secs] [Times: user=0.02 sys=0.00, real=0.01 secs] 
359.605: Total time for which application threads were stopped: 0.0043620 seconds, Stopping threads took: 0.0020030 seconds
359.686: Application time: 0.0807610 seconds
359.688: [GC [PSYoungGen: 91040K->7584K(97280K)] 117217K->33769K(319488K), 0.0023100 secs] [Times: user=0.02 sys=0.00, real=0.00 secs] 
359.691: Total time for which application threads were stopped: 0.0049260 seconds, Stopping threads took: 0.0025300 seconds
359.770: Application time: 0.0789650 seconds
359.772: [GC [PSYoungGen: 91040K->5648K(97280K)] 117225K->31841K(319488K), 0.0017290 secs] [Times: user=0.00 sys=0.00, real=0.00 secs] 
359.774: Total time for which application threads were stopped: 0.0038140 seconds, Stopping threads took: 0.0020080 seconds
359.854: Application time: 0.0800910 seconds
359.857: [GC [PSYoungGen: 89104K->7296K(97280K)] 115297K->33497K(319488K), 0.0021340 secs] [Times: user=0.02 sys=0.00, real=0.01 secs] 
359.859: Total time for which application threads were stopped: 0.0052660 seconds, Stopping threads took: 0.0030500 seconds
359.938: Application time: 0.0785790 seconds
359.940: [GC [PSYoungGen: 90752K->6400K(97280K)] 116953K->32601K(319488K), 0.0018750 secs] [Times: user=0.01 sys=0.00, real=0.00 secs] 
359.942: Total time for which application threads were stopped: 0.0044050 seconds, Stopping threads took: 0.0024490 seconds
360.023: Application time: 0.0805770 seconds
360.024: [GC [PSYoungGen: 89856K->7584K(97280K)] 116057K->33793K(319488K), 0.0023120 secs] [Times: user=0.01 sys=0.00, real=0.01 secs] 
360.027: Total time for which application threads were stopped: 0.0042940 seconds, Stopping threads took: 0.0018900 seconds
360.107: Application time: 0.0805450 seconds
360.110: [GC [PSYoungGen: 91040K->6944K(97280K)] 117249K->33161K(319488K), 0.0020310 secs] [Times: user=0.01 sys=0.00, real=0.00 secs] 
360.112: Total time for which application threads were stopped: 0.0049540 seconds, Stopping threads took: 0.0028280 seconds
360.195: Application time: 0.0824590 seconds
360.197: [GC [PSYoungGen: 90400K->6464K(97280K)] 116617K->32689K(319488K), 0.0018810 secs] [Times: user=0.01 sys=0.00, real=0.00 secs] 
360.199: Total time for which application threads were stopped: 0.0042510 seconds, Stopping threads took: 0.0022880 seconds
360.279: Application time: 0.0795060 seconds
360.282: [GC [PSYoungGen: 89920K->7872K(97280K)] 116145K->34113K(319488K), 0.0022100 secs] [Times: user=0.01 sys=0.00, real=0.00 secs] 
360.284: Total time for which application threads were stopped: 0.0054210 seconds, Stopping threads took: 0.0031130 seconds
360.367: Application time: 0.0826910 seconds
360.369: [GC [PSYoungGen: 91328K->7488K(97280K)] 117569K->33745K(319488K), 0.0021520 secs] [Times: user=0.02 sys=0.00, real=0.00 secs] 
360.372: Total time for which application threads were stopped: 0.0049070 seconds, Stopping threads took: 0.0026670 seconds
360.452: Application time: 0.0802780 seconds
360.455: [GC [PSYoungGen: 90944K->7376K(97280K)] 117201K->33633K(319488K), 0.0021510 secs] [Times: user=0.01 sys=0.00, real=0.01 secs] 
360.457: Total time for which application threads were stopped: 0.0052890 seconds, Stopping threads took: 0.0030380 seconds
360.537: Application time: 0.0800350 seconds
360.539: [GC [PSYoungGen: 90832K->7152K(97280K)] 117089K->33409K(319488K), 0.0020840 secs] [Times: user=0.01 sys=0.00, real=0.00 secs] 
360.541: Total time for which application threads were stopped: 0.0037400 seconds, Stopping threads took: 0.0015720 seconds
360.619: Application time: 0.0779020 seconds
360.621: [GC [PSYoungGen: 90608K->7472K(97280K)] 116865K->33737K(319488K), 0.0021520 secs] [Times: user=0.01 sys=0.00, real=0.00 secs] 
360.623: Total time for which application threads were stopped: 0.0045770 seconds, Stopping threads took: 0.0023400 seconds
360.707: Application time: 0.0835010 seconds
360.710: [GC [PSYoungGen: 90928K->6816K(97280K)] 117193K->33097K(319488K), 0.0019880 secs] [Times: user=0.01 sys=0.00, real=0.00 secs] 
360.712: Total time for which application threads were stopped: 0.0053320 seconds, Stopping threads took: 0.0032610 seconds
360.790: Application time: 0.0773310 seconds
360.792: [GC [PSYoungGen: 90272K->7664K(97280K)] 116553K->33953K(319488K), 0.0023260 secs] [Times: user=0.02 sys=0.00, real=0.00 secs] 
360.795: Total time for which application threads were stopped: 0.0049940 seconds, Stopping threads took: 0.0025830 seconds
360.873: Application time: 0.0786670 seconds
360.875: [GC [PSYoungGen: 91120K->7760K(97280K)] 117409K->34057K(319488K), 0.0023180 secs] [Times: user=0.01 sys=0.00, real=0.01 secs] 
360.878: Total time for which application threads were stopped: 0.0044570 seconds, Stopping threads took: 0.0020520 seconds
360.954: Application time: 0.0766610 seconds
360.957: [GC [PSYoungGen: 91216K->8176K(97280K)] 117513K->34473K(319488K), 0.0023030 secs] [Times: user=0.01 sys=0.00, real=0.00 secs] 
360.960: Total time for which application threads were stopped: 0.0052610 seconds, Stopping threads took: 0.0028740 seconds
361.036: Application time: 0.0765620 seconds
361.039: [GC [PSYoungGen: 91632K->7184K(97280K)] 117929K->33481K(319488K), 0.0021490 secs] [Times: user=0.02 sys=0.00, real=0.00 secs] 
361.041: Total time for which application threads were stopped: 0.0046150 seconds, Stopping threads took: 0.0023890 seconds
361.115: Application time: 0.0739990 seconds
361.118: [GC [PSYoungGen: 90640K->6176K(97280K)] 116937K->32481K(319488K), 0.0020190 secs] [Times: user=0.01 sys=0.00, real=0.00 secs] 
361.120: Total time for which application threads were stopped: 0.0049180 seconds, Stopping threads took: 0.0028140 seconds
361.199: Application time: 0.0789370 seconds
361.201: [GC [PSYoungGen: 89632K->7792K(97280K)] 115937K->34105K(319488K), 0.0022810 secs] [Times: user=0.01 sys=0.00, real=0.00 secs] 
361.203: Total time for which application threads were stopped: 0.0044230 seconds, Stopping threads took: 0.0020470 seconds
361.278: Application time: 0.0747340 seconds
361.280: [GC [PSYoungGen: 91248K->8288K(97280K)] 117561K->34609K(319488K), 0.0024990 secs] [Times: user=0.02 sys=0.00, real=0.00 secs] 
361.283: Total time for which application threads were stopped: 0.0048280 seconds, Stopping threads took: 0.0022470 seconds
361.358: Application time: 0.0751890 seconds
361.360: [GC [PSYoungGen: 91744K->7712K(97280K)] 118065K->34041K(319488K), 0.0022450 secs] [Times: user=0.01 sys=0.01, real=0.00 secs] 
361.362: Total time for which application threads were stopped: 0.0044510 seconds, Stopping threads took: 0.0021220 seconds
361.439: Application time: 0.0769200 seconds
361.442: [GC [PSYoungGen: 91168K->6976K(97280K)] 117497K->33313K(319488K), 0.0018700 secs] [Times: user=0.01 sys=0.00, real=0.00 secs] 
361.444: Total time for which application threads were stopped: 0.0044080 seconds, Stopping threads took: 0.0024630 seconds
361.520: Application time: 0.0767680 seconds
361.522: [GC [PSYoungGen: 90432K->7552K(97280K)] 116769K->33889K(319488K), 0.0022320 secs] [Times: user=0.02 sys=0.00, real=0.00 secs] 
361.524: Total time for which application threads were stopped: 0.0038350 seconds, Stopping threads took: 0.0014990 seconds
361.598: Application time: 0.0741590 seconds
361.601: [GC [PSYoungGen: 91008K->8128K(97280K)] 117345K->34473K(319488K), 0.0023720 secs] [Times: user=0.01 sys=0.00, real=0.00 secs] 
361.603: Total time for which application threads were stopped: 0.0050190 seconds, Stopping threads took: 0.0025710 seconds
361.681: Application time: 0.0772910 seconds
361.683: [GC [PSYoungGen: 91584K->6400K(97280K)] 117929K->32753K(319488K), 0.0018100 secs] [Times: user=0.01 sys=0.00, real=0.00 secs] 
361.685: Total time for which application threads were stopped: 0.0043100 seconds, Stopping threads took: 0.0024200 seconds
361.762: Application time: 0.0766000 seconds
361.764: [GC [PSYoungGen: 89856K->6416K(97280K)] 116209K->32777K(319488K), 0.0019100 secs] [Times: user=0.02 sys=0.00, real=0.01 secs] 
361.766: Total time for which application threads were stopped: 0.0039350 seconds, Stopping threads took: 0.0019420 seconds
361.844: Application time: 0.0783370 seconds
361.847: [GC [PSYoungGen: 89872K->6592K(97280K)] 116233K->32961K(319488K), 0.0019440 secs] [Times: user=0.01 sys=0.01, real=0.00 secs] 
361.849: Total time for which application threads were stopped: 0.0048150 seconds, Stopping threads took: 0.0027900 seconds
361.922: Application time: 0.0735630 seconds
361.924: [GC [PSYoungGen: 90048K->6960K(97280K)] 116417K->33337K(319488K), 0.0019810 secs] [Times: user=0.01 sys=0.00, real=0.01 secs] 
361.926: Total time for which application threads were stopped: 0.0037340 seconds, Stopping threads took: 0.0016750 seconds
362.002: Application time: 0.0760450 seconds
362.004: [GC [PSYoungGen: 90416K->5488K(97280K)] 116793K->31865K(319488K), 0.0016420 secs] [Times: user=0.01 sys=0.00, real=0.01 secs] 
362.006: Total time for which application threads were stopped: 0.0040560 seconds, Stopping threads took: 0.0023370 seconds
362.080: Application time: 0.0735510 seconds
362.082: [GC [PSYoungGen: 88944K->7840K(97280K)] 115321K->34225K(319488K), 0.0021740 secs] [Times: user=0.01 sys=0.00, real=0.00 secs] 
362.084: Total time for which application threads were stopped: 0.0046780 seconds, Stopping threads took: 0.0024270 seconds
362.159: Application time: 0.0747550 seconds
362.162: [GC [PSYoungGen: 91296K->8096K(97280K)] 117681K->34489K(319488K), 0.0022560 secs] [Times: user=0.02 sys=0.00, real=0.00 secs] 
362.164: Total time for which application threads were stopped: 0.0048620 seconds, Stopping threads took: 0.0025260 seconds
362.239: Application time: 0.0752750 seconds
362.241: [GC [PSYoungGen: 91552K->7008K(97280K)] 117945K->33409K(319488K), 0.0020870 secs] [Times: user=0.01 sys=0.00, real=0.00 secs] 
362.243: Total time for which application threads were stopped: 0.0041420 seconds, Stopping threads took: 0.0019710 seconds
362.319: Application time: 0.0755550 seconds
362.321: [GC [PSYoungGen: 90464K->5712K(97280K)] 116865K->32129K(319488K), 0.0017090 secs] [Times: user=0.01 sys=0.00, real=0.00 secs] 
362.322: Total time for which application threads were stopped: 0.0034240 seconds, Stopping threads took: 0.0016310 seconds
362.395: Application time: 0.0728510 seconds
362.397: [GC [PSYoungGen: 89166K->7408K(97280K)] 115584K->33833K(319488K), 0.0020940 secs] [Times: user=0.01 sys=0.00, real=0.00 secs] 
362.400: Total time for which application threads were stopped: 0.0043310 seconds, Stopping threads took: 0.0021560 seconds
362.476: Application time: 0.0766610 seconds
362.478: [GC [PSYoungGen: 90864K->6160K(97280K)] 117289K->32585K(319488K), 0.0018480 secs] [Times: user=0.01 sys=0.00, real=0.00 secs] 
362.480: Total time for which application threads were stopped: 0.0034960 seconds, Stopping threads took: 0.0015670 seconds
362.554: Application time: 0.0742460 seconds
362.556: [GC [PSYoungGen: 89616K->8400K(97280K)] 116041K->34825K(319488K), 0.0024710 secs] [Times: user=0.02 sys=0.00, real=0.01 secs] 
362.559: Total time for which application threads were stopped: 0.0048930 seconds, Stopping threads took: 0.0023380 seconds
362.632: Application time: 0.0733130 seconds
362.634: [GC [PSYoungGen: 91856K->7616K(97280K)] 118281K->34049K(319488K), 0.0022030 secs] [Times: user=0.01 sys=0.00, real=0.00 secs] 
362.637: Total time for which application threads were stopped: 0.0044660 seconds, Stopping threads took: 0.0021760 seconds
362.711: Application time: 0.0746990 seconds
362.713: [GC [PSYoungGen: 91072K->5152K(97280K)] 117505K->31593K(319488K), 0.0015530 secs] [Times: user=0.01 sys=0.01, real=0.00 secs] 
362.715: Total time for which application threads were stopped: 0.0033330 seconds, Stopping threads took: 0.0017100 seconds
362.798: Application time: 0.0831380 seconds
362.801: [GC [PSYoungGen: 88608K->6096K(97280K)] 115049K->32545K(319488K), 0.0018770 secs] [Times: user=0.01 sys=0.00, real=0.00 secs] 
362.802: Total time for which application threads were stopped: 0.0045580 seconds, Stopping threads took: 0.0026010 seconds
362.879: Application time: 0.0765860 seconds
362.881: [GC [PSYoungGen: 89552K->7120K(97280K)] 116001K->33577K(319488K), 0.0020350 secs] [Times: user=0.01 sys=0.00, real=0.00 secs] 
362.883: Total time for which application threads were stopped: 0.0041780 seconds, Stopping threads took: 0.0020490 seconds
362.958: Application time: 0.0750670 seconds
362.960: [GC [PSYoungGen: 90576K->7824K(97280K)] 117033K->34281K(319488K), 0.0022680 secs] [Times: user=0.02 sys=0.00, real=0.00 secs] 
362.962: Total time for which application threads were stopped: 0.0040200 seconds, Stopping threads took: 0.0016680 seconds
363.038: Application time: 0.0752920 seconds
363.039: [GC [PSYoungGen: 91280K->7152K(97280K)] 117737K->33609K(319488K), 0.0020300 secs] [Times: user=0.02 sys=0.00, real=0.00 secs] 
363.041: Total time for which application threads were stopped: 0.0037920 seconds, Stopping threads took: 0.0016810 seconds
363.121: Application time: 0.0794850 seconds
363.123: [GC [PSYoungGen: 90608K->5616K(97280K)] 117065K->32081K(319488K), 0.0017450 secs] [Times: user=0.01 sys=0.00, real=0.00 secs] 
363.125: Total time for which application threads were stopped: 0.0037320 seconds, Stopping threads took: 0.0019100 seconds
363.198: Application time: 0.0737180 seconds
363.201: [GC [PSYoungGen: 89072K->6976K(97280K)] 115537K->33449K(319488K), 0.0019710 secs] [Times: user=0.01 sys=0.00, real=0.00 secs] 
363.203: Total time for which application threads were stopped: 0.0043610 seconds, Stopping threads took: 0.0023110 seconds
363.280: Application time: 0.0768850 seconds
363.282: [GC [PSYoungGen: 90432K->7664K(97280K)] 116905K->34145K(319488K), 0.0022320 secs] [Times: user=0.02 sys=0.00, real=0.00 secs] 
363.284: Total time for which application threads were stopped: 0.0042210 seconds, Stopping threads took: 0.0018990 seconds
363.359: Application time: 0.0751620 seconds
363.361: [GC [PSYoungGen: 91120K->6880K(97280K)] 117601K->33369K(319488K), 0.0020490 secs] [Times: user=0.01 sys=0.00, real=0.00 secs] 
363.363: Total time for which application threads were stopped: 0.0042210 seconds, Stopping threads took: 0.0020830 seconds
363.439: Application time: 0.0757440 seconds
363.442: [GC [PSYoungGen: 90336K->7664K(97280K)] 116825K->34153K(319488K), 0.0021060 secs] [Times: user=0.01 sys=0.00, real=0.00 secs] 
363.444: Total time for which application threads were stopped: 0.0050450 seconds, Stopping threads took: 0.0028540 seconds
363.518: Application time: 0.0737960 seconds
363.520: [GC [PSYoungGen: 91120K->7120K(97280K)] 117609K->33609K(319488K), 0.0020800 secs] [Times: user=0.01 sys=0.00, real=0.00 secs] 
363.522: Total time for which application threads were stopped: 0.0042830 seconds, Stopping threads took: 0.0021270 seconds
363.596: Application time: 0.0734570 seconds
363.598: [GC [PSYoungGen: 90576K->7536K(97280K)] 117065K->34041K(319488K), 0.0022290 secs] [Times: user=0.01 sys=0.00, real=0.00 secs] 
363.600: Total time for which application threads were stopped: 0.0049260 seconds, Stopping threads took: 0.0026120 seconds
363.673: Application time: 0.0730030 seconds
363.675: [GC [PSYoungGen: 90992K->7312K(97280K)] 117497K->33825K(319488K), 0.0022940 secs] [Times: user=0.02 sys=0.00, real=0.01 secs] 
363.678: Total time for which application threads were stopped: 0.0042170 seconds, Stopping threads took: 0.0018360 seconds
363.754: Application time: 0.0764110 seconds
363.756: [GC [PSYoungGen: 90768K->6496K(97280K)] 117281K->33025K(319488K), 0.0018610 secs] [Times: user=0.01 sys=0.00, real=0.01 secs] 
363.758: Total time for which application threads were stopped: 0.0039960 seconds, Stopping threads took: 0.0020550 seconds
363.833: Application time: 0.0749750 seconds
363.835: [GC [PSYoungGen: 89952K->7440K(97280K)] 116481K->33977K(319488K), 0.0020700 secs] [Times: user=0.02 sys=0.00, real=0.00 secs] 
363.837: Total time for which application threads were stopped: 0.0039290 seconds, Stopping threads took: 0.0017830 seconds
363.914: Application time: 0.0766350 seconds
363.916: [GC [PSYoungGen: 90896K->6592K(97280K)] 117433K->33137K(319488K), 0.0019030 secs] [Times: user=0.01 sys=0.00, real=0.01 secs] 
363.918: Total time for which application threads were stopped: 0.0038780 seconds, Stopping threads took: 0.0018930 seconds
363.990: Application time: 0.0729910 seconds
363.993: [GC [PSYoungGen: 90048K->6624K(97280K)] 116593K->33169K(319488K), 0.0018860 secs] [Times: user=0.01 sys=0.00, real=0.00 secs] 
363.995: Total time for which application threads were stopped: 0.0045810 seconds, Stopping threads took: 0.0026070 seconds
364.073: Application time: 0.0778480 seconds
364.076: [GC [PSYoungGen: 90080K->6624K(97280K)] 116625K->33177K(319488K), 0.0018960 secs] [Times: user=0.02 sys=0.00, real=0.01 secs] 
364.078: Total time for which application threads were stopped: 0.0045960 seconds, Stopping threads took: 0.0026170 seconds
364.153: Application time: 0.0754330 seconds
364.155: [GC [PSYoungGen: 90080K->5168K(97280K)] 116633K->31729K(319488K), 0.0015990 secs] [Times: user=0.01 sys=0.00, real=0.00 secs] 
364.157: Total time for which application threads were stopped: 0.0037590 seconds, Stopping threads took: 0.0020820 seconds
364.234: Application time: 0.0775370 seconds
364.236: [GC [PSYoungGen: 88624K->6224K(97280K)] 115185K->32793K(319488K), 0.0018250 secs] [Times: user=0.01 sys=0.00, real=0.01 secs] 
364.238: Total time for which application threads were stopped: 0.0039400 seconds, Stopping threads took: 0.0020310 seconds
364.315: Application time: 0.0764270 seconds
364.316: [GC [PSYoungGen: 89680K->5824K(97280K)] 116249K->32401K(319488K), 0.0017300 secs] [Times: user=0.01 sys=0.00, real=0.01 secs] 
364.318: Total time for which application threads were stopped: 0.0033500 seconds, Stopping threads took: 0.0015430 seconds
364.395: Application time: 0.0773200 seconds
364.398: [GC [PSYoungGen: 89280K->7120K(97280K)] 115857K->33721K(319488K), 0.0019580 secs] [Times: user=0.01 sys=0.00, real=0.00 secs] 
364.400: Total time for which application threads were stopped: 0.0047600 seconds, Stopping threads took: 0.0027280 seconds
364.475: Application time: 0.0750810 seconds
364.477: [GC [PSYoungGen: 90576K->7136K(97280K)] 117177K->33737K(319488K), 0.0021490 secs] [Times: user=0.01 sys=0.00, real=0.00 secs] 
364.479: Total time for which application threads were stopped: 0.0043050 seconds, Stopping threads took: 0.0020740 seconds
364.559: Application time: 0.0798660 seconds
364.561: [GC [PSYoungGen: 90592K->3856K(97280K)] 117193K->30465K(319488K), 0.0012830 secs] [Times: user=0.01 sys=0.00, real=0.00 secs] 
364.562: Total time for which application threads were stopped: 0.0028470 seconds, Stopping threads took: 0.0014840 seconds
364.640: Application time: 0.0775390 seconds
364.642: [GC [PSYoungGen: 87312K->6288K(97280K)] 113921K->32913K(319488K), 0.0018700 secs] [Times: user=0.01 sys=0.00, real=0.00 secs] 
364.644: Total time for which application threads were stopped: 0.0038280 seconds, Stopping threads took: 0.0018750 seconds
364.718: Application time: 0.0745350 seconds
364.719: [GC [PSYoungGen: 89744K->7856K(97280K)] 116369K->34489K(319488K), 0.0023210 secs] [Times: user=0.02 sys=0.00, real=0.00 secs] 
364.722: Total time for which application threads were stopped: 0.0037650 seconds, Stopping threads took: 0.0013560 seconds
364.794: Application time: 0.0721350 seconds
364.796: [GC [PSYoungGen: 91312K->7184K(97280K)] 117945K->33833K(319488K), 0.0022150 secs] [Times: user=0.02 sys=0.00, real=0.01 secs] 
364.798: Total time for which application threads were stopped: 0.0038980 seconds, Stopping threads took: 0.0016000 seconds
364.873: Application time: 0.0755730 seconds
364.876: [GC [PSYoungGen: 90640K->7536K(97280K)] 117289K->34193K(319488K), 0.0022110 secs] [Times: user=0.02 sys=0.00, real=0.01 secs] 
364.878: Total time for which application threads were stopped: 0.0049980 seconds, Stopping threads took: 0.0027020 seconds
364.956: Application time: 0.0773540 seconds
364.958: [GC [PSYoungGen: 90992K->7840K(97280K)] 117649K->34497K(319488K), 0.0022190 secs] [Times: user=0.01 sys=0.00, real=0.00 secs] 
364.960: Total time for which application threads were stopped: 0.0041600 seconds, Stopping threads took: 0.0018560 seconds
365.043: Application time: 0.0826900 seconds
365.045: [GC [PSYoungGen: 91296K->8032K(97280K)] 117953K->34689K(319488K), 0.0024020 secs] [Times: user=0.02 sys=0.00, real=0.01 secs] 
365.047: Total time for which application threads were stopped: 0.0045150 seconds, Stopping threads took: 0.0020230 seconds
365.125: Application time: 0.0778280 seconds
365.128: [GC [PSYoungGen: 91488K->6432K(97280K)] 118145K->33097K(319488K), 0.0019600 secs] [Times: user=0.02 sys=0.00, real=0.00 secs] 
365.130: Total time for which application threads were stopped: 0.0045070 seconds, Stopping threads took: 0.0024490 seconds
365.210: Application time: 0.0802970 seconds
365.213: [GC [PSYoungGen: 89888K->6848K(97280K)] 116553K->33521K(319488K), 0.0019920 secs] [Times: user=0.02 sys=0.00, real=0.00 secs] 
365.215: Total time for which application threads were stopped: 0.0049890 seconds, Stopping threads took: 0.0029050 seconds
365.293: Application time: 0.0785170 seconds
365.296: [GC [PSYoungGen: 90304K->7040K(97280K)] 116977K->33721K(319488K), 0.0021310 secs] [Times: user=0.01 sys=0.00, real=0.01 secs] 
365.298: Total time for which application threads were stopped: 0.0050170 seconds, Stopping threads took: 0.0027910 seconds
365.379: Application time: 0.0803010 seconds
365.381: [GC [PSYoungGen: 90496K->8112K(97280K)] 117177K->34801K(319488K), 0.0024690 secs] [Times: user=0.02 sys=0.00, real=0.00 secs] 
365.383: Total time for which application threads were stopped: 0.0044490 seconds, Stopping threads took: 0.0018940 seconds
365.462: Application time: 0.0787690 seconds
365.465: [GC [PSYoungGen: 91568K->7024K(97280K)] 118257K->33713K(319488K), 0.0035840 secs] [Times: user=0.02 sys=0.00, real=0.01 secs] 
365.469: Total time for which application threads were stopped: 0.0067310 seconds, Stopping threads took: 0.0030600 seconds
365.550: Application time: 0.0808970 seconds
365.551: [GC [PSYoungGen: 90480K->7040K(97280K)] 117169K->33729K(319488K), 0.0020660 secs] [Times: user=0.02 sys=0.00, real=0.00 secs] 
365.553: Total time for which application threads were stopped: 0.0038140 seconds, Stopping threads took: 0.0016620 seconds
365.633: Application time: 0.0800030 seconds
365.637: [GC [PSYoungGen: 90496K->5264K(97280K)] 117185K->31969K(319488K), 0.0015490 secs] [Times: user=0.01 sys=0.00, real=0.01 secs] 
365.638: Total time for which application threads were stopped: 0.0049130 seconds, Stopping threads took: 0.0032860 seconds
365.721: Application time: 0.0826260 seconds
365.724: [GC [PSYoungGen: 88720K->6992K(97280K)] 115425K->33705K(319488K), 0.0020390 secs] [Times: user=0.01 sys=0.00, real=0.01 secs] 
365.726: Total time for which application threads were stopped: 0.0053120 seconds, Stopping threads took: 0.0031820 seconds
365.802: Application time: 0.0760060 seconds
365.805: [GC [PSYoungGen: 90448K->6992K(97280K)] 117161K->33713K(319488K), 0.0020430 secs] [Times: user=0.01 sys=0.00, real=0.01 secs] 
365.807: Total time for which application threads were stopped: 0.0045880 seconds, Stopping threads took: 0.0024590 seconds
365.887: Application time: 0.0801580 seconds
365.888: [GC [PSYoungGen: 90448K->6672K(97280K)] 117169K->33401K(319488K), 0.0019740 secs] [Times: user=0.01 sys=0.00, real=0.00 secs] 
365.890: Total time for which application threads were stopped: 0.0031890 seconds, Stopping threads took: 0.0011320 seconds
365.969: Application time: 0.0792030 seconds
365.972: [GC [PSYoungGen: 90128K->7200K(97280K)] 116857K->33929K(319488K), 0.0020990 secs] [Times: user=0.02 sys=0.00, real=0.00 secs] 
365.974: Total time for which application threads were stopped: 0.0049900 seconds, Stopping threads took: 0.0028050 seconds
366.058: Application time: 0.0832310 seconds
366.059: [GC [PSYoungGen: 90656K->5184K(97280K)] 117385K->31913K(319488K), 0.0015790 secs] [Times: user=0.01 sys=0.00, real=0.00 secs] 
366.061: Total time for which application threads were stopped: 0.0031100 seconds, Stopping threads took: 0.0014510 seconds
366.140: Application time: 0.0791970 seconds
366.143: [GC [PSYoungGen: 88640K->6496K(97280K)] 115369K->33241K(319488K), 0.0018790 secs] [Times: user=0.02 sys=0.00, real=0.00 secs] 
366.145: Total time for which application threads were stopped: 0.0046310 seconds, Stopping threads took: 0.0026590 seconds
366.226: Application time: 0.0810180 seconds
366.229: [GC [PSYoungGen: 89952K->7936K(97280K)] 116697K->34697K(319488K), 0.0023050 secs] [Times: user=0.01 sys=0.00, real=0.00 secs] 
366.231: Total time for which application threads were stopped: 0.0054350 seconds, Stopping threads took: 0.0030420 seconds
366.312: Application time: 0.0807700 seconds
366.314: [GC [PSYoungGen: 91392K->7648K(97280K)] 118153K->34417K(319488K), 0.0021610 secs] [Times: user=0.01 sys=0.00, real=0.00 secs] 
366.317: Total time for which application threads were stopped: 0.0047640 seconds, Stopping threads took: 0.0025230 seconds
366.397: Application time: 0.0804850 seconds
366.399: [GC [PSYoungGen: 91104K->5616K(97280K)] 117873K->32393K(319488K), 0.0017150 secs] [Times: user=0.01 sys=0.00, real=0.00 secs] 
366.400: Total time for which application threads were stopped: 0.0032900 seconds, Stopping threads took: 0.0014910 seconds
366.480: Application time: 0.0798110 seconds
366.483: [GC [PSYoungGen: 89072K->6656K(97280K)] 115849K->33441K(319488K), 0.0019240 secs] [Times: user=0.01 sys=0.00, real=0.01 secs] 
366.485: Total time for which application threads were stopped: 0.0050580 seconds, Stopping threads took: 0.0030490 seconds
366.562: Application time: 0.0768780 seconds
366.565: [GC [PSYoungGen: 90110K->7136K(97280K)] 116895K->33921K(319488K), 0.0022050 secs] [Times: user=0.01 sys=0.00, real=0.01 secs] 
366.567: Total time for which application threads were stopped: 0.0050500 seconds, Stopping threads took: 0.0027490 seconds
366.645: Application time: 0.0775820 seconds
366.646: [GC [PSYoungGen: 90592K->6304K(97280K)] 117377K->33097K(319488K), 0.0019920 secs] [Times: user=0.01 sys=0.00, real=0.00 secs] 
366.648: Total time for which application threads were stopped: 0.0035600 seconds, Stopping threads took: 0.0014790 seconds
366.729: Application time: 0.0810050 seconds
366.732: [GC [PSYoungGen: 89760K->7040K(97280K)] 116553K->33849K(319488K), 0.0021020 secs] [Times: user=0.01 sys=0.00, real=0.00 secs] 
366.734: Total time for which application threads were stopped: 0.0048730 seconds, Stopping threads took: 0.0026870 seconds
366.814: Application time: 0.0800260 seconds
366.816: [GC [PSYoungGen: 90496K->7824K(97280K)] 117305K->34641K(319488K), 0.0022000 secs] [Times: user=0.02 sys=0.00, real=0.01 secs] 
366.819: Total time for which application threads were stopped: 0.0044810 seconds, Stopping threads took: 0.0021950 seconds
366.901: Application time: 0.0826290 seconds
366.904: [GC [PSYoungGen: 91280K->7088K(97280K)] 118097K->33913K(319488K), 0.0020800 secs] [Times: user=0.01 sys=0.00, real=0.01 secs] 
366.906: Total time for which application threads were stopped: 0.0045410 seconds, Stopping threads took: 0.0023770 seconds
366.983: Application time: 0.0774980 seconds
366.986: [GC [PSYoungGen: 90544K->7680K(97280K)] 117369K->34513K(319488K), 0.0022680 secs] [Times: user=0.01 sys=0.00, real=0.00 secs] 
366.988: Total time for which application threads were stopped: 0.0049780 seconds, Stopping threads took: 0.0026270 seconds
367.066: Application time: 0.0778210 seconds
367.068: [GC [PSYoungGen: 91136K->7424K(97280K)] 117969K->34257K(319488K), 0.0021810 secs] [Times: user=0.01 sys=0.00, real=0.00 secs] 
367.071: Total time for which application threads were stopped: 0.0044480 seconds, Stopping threads took: 0.0021810 seconds
367.146: Application time: 0.0758400 seconds
367.149: [GC [PSYoungGen: 90880K->7696K(97280K)] 117713K->34529K(319488K), 0.0023020 secs] [Times: user=0.02 sys=0.00, real=0.00 secs] 
367.151: Total time for which application threads were stopped: 0.0044840 seconds, Stopping threads took: 0.0020870 seconds
367.234: Application time: 0.0827100 seconds
367.237: [GC [PSYoungGen: 91152K->6752K(97280K)] 117985K->33593K(319488K), 0.0020000 secs] [Times: user=0.02 sys=0.00, real=0.01 secs] 
367.239: Total time for which application threads were stopped: 0.0053790 seconds, Stopping threads took: 0.0032930 seconds
367.317: Application time: 0.0781560 seconds
367.319: [GC [PSYoungGen: 90208K->7168K(97280K)] 117049K->34017K(319488K), 0.0020500 secs] [Times: user=0.01 sys=0.00, real=0.00 secs] 
367.321: Total time for which application threads were stopped: 0.0040540 seconds, Stopping threads took: 0.0019000 seconds
367.403: Application time: 0.0819380 seconds
367.406: [GC [PSYoungGen: 90624K->7456K(97280K)] 117473K->34313K(319488K), 0.0022200 secs] [Times: user=0.02 sys=0.00, real=0.00 secs] 
367.408: Total time for which application threads were stopped: 0.0047900 seconds, Stopping threads took: 0.0024840 seconds
367.487: Application time: 0.0789520 seconds
367.489: [GC [PSYoungGen: 90912K->6416K(97280K)] 117769K->33281K(319488K), 0.0018950 secs] [Times: user=0.01 sys=0.00, real=0.00 secs] 
367.491: Total time for which application threads were stopped: 0.0036790 seconds, Stopping threads took: 0.0016960 seconds
367.569: Application time: 0.0783780 seconds
367.570: [GC [PSYoungGen: 89872K->7344K(97280K)] 116737K->34209K(319488K), 0.0021890 secs] [Times: user=0.02 sys=0.00, real=0.00 secs] 
367.573: Total time for which application threads were stopped: 0.0037510 seconds, Stopping threads took: 0.0014860 seconds
367.654: Application time: 0.0812420 seconds
367.656: [GC [PSYoungGen: 90800K->6208K(97280K)] 117665K->33073K(319488K), 0.0019080 secs] [Times: user=0.01 sys=0.00, real=0.01 secs] 
367.658: Total time for which application threads were stopped: 0.0037340 seconds, Stopping threads took: 0.0017270 seconds
367.737: Application time: 0.0796150 seconds
367.740: [GC [PSYoungGen: 89664K->6528K(97280K)] 116529K->33401K(319488K), 0.0019230 secs] [Times: user=0.01 sys=0.00, real=0.00 secs] 
367.742: Total time for which application threads were stopped: 0.0043550 seconds, Stopping threads took: 0.0023480 seconds
367.819: Application time: 0.0770970 seconds
367.821: [GC [PSYoungGen: 89984K->7184K(97280K)] 116857K->34065K(319488K), 0.0021820 secs] [Times: user=0.01 sys=0.00, real=0.00 secs] 
367.823: Total time for which application threads were stopped: 0.0046350 seconds, Stopping threads took: 0.0023660 seconds
367.905: Application time: 0.0818070 seconds
367.907: [GC [PSYoungGen: 90640K->6480K(97280K)] 117521K->33369K(319488K), 0.0019860 secs] [Times: user=0.01 sys=0.00, real=0.00 secs] 
367.909: Total time for which application threads were stopped: 0.0042690 seconds, Stopping threads took: 0.0022020 seconds
367.990: Application time: 0.0806770 seconds
367.993: [GC [PSYoungGen: 89936K->6464K(97280K)] 116825K->33369K(319488K), 0.0021500 secs] [Times: user=0.02 sys=0.00, real=0.00 secs] 
367.995: Total time for which application threads were stopped: 0.0048950 seconds, Stopping threads took: 0.0026610 seconds
368.078: Application time: 0.0825490 seconds
368.081: [GC [PSYoungGen: 89920K->7664K(97280K)] 116825K->34569K(319488K), 0.0021950 secs] [Times: user=0.01 sys=0.00, real=0.00 secs] 
368.083: Total time for which application threads were stopped: 0.0053330 seconds, Stopping threads took: 0.0030360 seconds
368.164: Application time: 0.0814100 seconds
368.167: [GC [PSYoungGen: 91120K->6096K(97280K)] 118025K->33001K(319488K), 0.0018110 secs] [Times: user=0.01 sys=0.00, real=0.00 secs] 
368.168: Total time for which application threads were stopped: 0.0040580 seconds, Stopping threads took: 0.0021620 seconds
368.250: Application time: 0.0815000 seconds
368.253: [GC [PSYoungGen: 89552K->4992K(97280K)] 116457K->31913K(319488K), 0.0016060 secs] [Times: user=0.00 sys=0.00, real=0.00 secs] 
368.255: Total time for which application threads were stopped: 0.0049080 seconds, Stopping threads took: 0.0032190 seconds
368.333: Application time: 0.0783050 seconds
368.336: [GC [PSYoungGen: 88448K->6016K(97280K)] 115369K->32945K(319488K), 0.0017420 secs] [Times: user=0.01 sys=0.00, real=0.01 secs] 
368.338: Total time for which application threads were stopped: 0.0047830 seconds, Stopping threads took: 0.0029660 seconds
368.422: Application time: 0.0838690 seconds
368.423: [GC [PSYoungGen: 89472K->5664K(97280K)] 116401K->32601K(319488K), 0.0017760 secs] [Times: user=0.01 sys=0.00, real=0.01 secs] 
368.425: Total time for which application threads were stopped: 0.0034390 seconds, Stopping threads took: 0.0015850 seconds
368.508: Application time: 0.0823560 seconds
368.509: [GC [PSYoungGen: 89120K->6864K(97280K)] 116057K->33809K(319488K), 0.0021340 secs] [Times: user=0.02 sys=0.00, real=0.00 secs] 
368.511: Total time for which application threads were stopped: 0.0037730 seconds, Stopping threads took: 0.0015560 seconds
368.590: Application time: 0.0788010 seconds
368.593: [GC [PSYoungGen: 90320K->6784K(97280K)] 117265K->33729K(319488K), 0.0023180 secs] [Times: user=0.01 sys=0.00, real=0.00 secs] 
368.595: Total time for which application threads were stopped: 0.0049240 seconds, Stopping threads took: 0.0025210 seconds
368.677: Application time: 0.0819350 seconds
368.680: [GC [PSYoungGen: 90240K->7296K(97280K)] 117185K->34241K(319488K), 0.0020620 secs] [Times: user=0.02 sys=0.00, real=0.00 secs] 
368.682: Total time for which application threads were stopped: 0.0046460 seconds, Stopping threads took: 0.0024900 seconds
368.765: Application time: 0.0829040 seconds
368.767: [GC [PSYoungGen: 90752K->6896K(97280K)] 117697K->33849K(319488K), 0.0020580 secs] [Times: user=0.02 sys=0.00, real=0.00 secs] 
368.770: Total time for which application threads were stopped: 0.0049940 seconds, Stopping threads took: 0.0028470 seconds
368.848: Application time: 0.0781060 seconds
368.850: [GC [PSYoungGen: 90351K->8416K(97280K)] 117304K->35385K(319488K), 0.0024360 secs] [Times: user=0.01 sys=0.00, real=0.00 secs] 
368.853: Total time for which application threads were stopped: 0.0052740 seconds, Stopping threads took: 0.0027410 seconds
368.928: Application time: 0.0751700 seconds
368.930: [GC [PSYoungGen: 91872K->7712K(97280K)] 118841K->34697K(319488K), 0.0023110 secs] [Times: user=0.01 sys=0.00, real=0.00 secs] 
368.932: Total time for which application threads were stopped: 0.0037160 seconds, Stopping threads took: 0.0013180 seconds
369.006: Application time: 0.0744450 seconds
369.008: [GC [PSYoungGen: 91168K->6784K(97280K)] 118153K->33777K(319488K), 0.0019510 secs] [Times: user=0.01 sys=0.00, real=0.00 secs] 
369.010: Total time for which application threads were stopped: 0.0034420 seconds, Stopping threads took: 0.0014100 seconds
369.087: Application time: 0.0770730 seconds
369.088: [GC [PSYoungGen: 90240K->7920K(97280K)] 117233K->34913K(319488K), 0.0023810 secs] [Times: user=0.02 sys=0.00, real=0.00 secs] 
369.091: Total time for which application threads were stopped: 0.0038180 seconds, Stopping threads took: 0.0013290 seconds
369.165: Application time: 0.0739450 seconds
369.167: [GC [PSYoungGen: 91376K->7536K(97280K)] 118369K->34529K(319488K), 0.0021750 secs] [Times: user=0.01 sys=0.00, real=0.00 secs] 
369.169: Total time for which application threads were stopped: 0.0043750 seconds, Stopping threads took: 0.0021160 seconds
369.245: Application time: 0.0764860 seconds
369.248: [GC [PSYoungGen: 90992K->7200K(97280K)] 117985K->34193K(319488K), 0.0021370 secs] [Times: user=0.01 sys=0.00, real=0.00 secs] 
369.250: Total time for which application threads were stopped: 0.0045580 seconds, Stopping threads took: 0.0023280 seconds
369.326: Application time: 0.0757890 seconds
369.328: [GC [PSYoungGen: 90656K->6096K(97280K)] 117649K->33097K(319488K), 0.0018460 secs] [Times: user=0.02 sys=0.00, real=0.00 secs] 
369.329: Total time for which application threads were stopped: 0.0036310 seconds, Stopping threads took: 0.0017010 seconds
369.402: Application time: 0.0730250 seconds
369.405: [GC [PSYoungGen: 89552K->7648K(97280K)] 116553K->34657K(319488K), 0.0022990 secs] [Times: user=0.02 sys=0.00, real=0.00 secs] 
369.407: Total time for which application threads were stopped: 0.0049890 seconds, Stopping threads took: 0.0025980 seconds
369.480: Application time: 0.0722780 seconds
369.482: [GC [PSYoungGen: 91103K->6784K(97280K)] 118113K->33801K(319488K), 0.0019590 secs] [Times: user=0.02 sys=0.00, real=0.00 secs] 
369.484: Total time for which application threads were stopped: 0.0043810 seconds, Stopping threads took: 0.0023430 seconds
369.559: Application time: 0.0751440 seconds
369.561: [GC [PSYoungGen: 90240K->6128K(97280K)] 117257K->33153K(319488K), 0.0018710 secs] [Times: user=0.02 sys=0.00, real=0.00 secs] 
369.563: Total time for which application threads were stopped: 0.0034860 seconds, Stopping threads took: 0.0015330 seconds
369.636: Application time: 0.0734230 seconds
369.639: [GC [PSYoungGen: 89584K->7184K(97280K)] 116609K->34209K(319488K), 0.0021120 secs] [Times: user=0.01 sys=0.00, real=0.00 secs] 
369.641: Total time for which application threads were stopped: 0.0045810 seconds, Stopping threads took: 0.0023650 seconds
369.715: Application time: 0.0746770 seconds
369.717: [GC [PSYoungGen: 90640K->5536K(97280K)] 117665K->32561K(319488K), 0.0016210 secs] [Times: user=0.01 sys=0.00, real=0.01 secs] 
369.719: Total time for which application threads were stopped: 0.0032140 seconds, Stopping threads took: 0.0015090 seconds
369.793: Application time: 0.0744990 seconds
369.795: [GC [PSYoungGen: 88992K->7008K(97280K)] 116017K->34041K(319488K), 0.0020520 secs] [Times: user=0.01 sys=0.00, real=0.01 secs] 
369.797: Total time for which application threads were stopped: 0.0042720 seconds, Stopping threads took: 0.0021310 seconds
369.872: Application time: 0.0747720 seconds
369.874: [GC [PSYoungGen: 90464K->7312K(97280K)] 117497K->34353K(319488K), 0.0021540 secs] [Times: user=0.02 sys=0.00, real=0.00 secs] 
369.876: Total time for which application threads were stopped: 0.0042100 seconds, Stopping threads took: 0.0019740 seconds
369.951: Application time: 0.0749420 seconds
369.953: [GC [PSYoungGen: 90768K->7040K(97280K)] 117809K->34089K(319488K), 0.0020810 secs] [Times: user=0.02 sys=0.00, real=0.00 secs] 
369.956: Total time for which application threads were stopped: 0.0041760 seconds, Stopping threads took: 0.0020090 seconds
370.030: Application time: 0.0747410 seconds
370.032: [GC [PSYoungGen: 90496K->7808K(97280K)] 117545K->34865K(319488K), 0.0023470 secs] [Times: user=0.02 sys=0.00, real=0.00 secs] 
370.035: Total time for which application threads were stopped: 0.0042450 seconds, Stopping threads took: 0.0018090 seconds
370.109: Application time: 0.0741450 seconds
370.111: [GC [PSYoungGen: 91264K->6688K(97280K)] 118321K->33745K(319488K), 0.0020080 secs] [Times: user=0.01 sys=0.00, real=0.00 secs] 
370.113: Total time for which application threads were stopped: 0.0043320 seconds, Stopping threads took: 0.0022390 seconds
370.188: Application time: 0.0745950 seconds
370.190: [GC [PSYoungGen: 90144K->7472K(97280K)] 117201K->34529K(319488K), 0.0021150 secs] [Times: user=0.01 sys=0.00, real=0.00 secs] 
370.192: Total time for which application threads were stopped: 0.0047050 seconds, Stopping threads took: 0.0025060 seconds
370.266: Application time: 0.0740520 seconds
370.269: [GC [PSYoungGen: 90928K->8272K(97280K)] 117985K->35337K(319488K), 0.0024290 secs] [Times: user=0.01 sys=0.00, real=0.00 secs] 
370.271: Total time for which application threads were stopped: 0.0045970 seconds, Stopping threads took: 0.0020850 seconds
370.347: Application time: 0.0764480 seconds
370.350: [GC [PSYoungGen: 91728K->7536K(97280K)] 118793K->34601K(319488K), 0.0020910 secs] [Times: user=0.01 sys=0.00, real=0.00 secs] 
370.352: Total time for which application threads were stopped: 0.0046140 seconds, Stopping threads took: 0.0024320 seconds
370.425: Application time: 0.0731290 seconds
370.427: [GC [PSYoungGen: 90992K->7824K(97280K)] 118057K->34897K(319488K), 0.0021580 secs] [Times: user=0.01 sys=0.00, real=0.00 secs] 
370.430: Total time for which application threads were stopped: 0.0044350 seconds, Stopping threads took: 0.0022000 seconds
370.509: Application time: 0.0798210 seconds
370.511: [GC [PSYoungGen: 91280K->6480K(97280K)] 118353K->33569K(319488K), 0.0019490 secs] [Times: user=0.02 sys=0.00, real=0.00 secs] 
370.513: Total time for which application threads were stopped: 0.0031620 seconds, Stopping threads took: 0.0011320 seconds
370.587: Application time: 0.0742870 seconds
370.589: [GC [PSYoungGen: 89936K->7168K(97280K)] 117025K->34257K(319488K), 0.0019970 secs] [Times: user=0.01 sys=0.00, real=0.00 secs] 
370.591: Total time for which application threads were stopped: 0.0045530 seconds, Stopping threads took: 0.0024770 seconds
370.670: Application time: 0.0790530 seconds
370.673: [GC [PSYoungGen: 90624K->7872K(97280K)] 117713K->34961K(319488K), 0.0023350 secs] [Times: user=0.02 sys=0.00, real=0.00 secs] 
370.675: Total time for which application threads were stopped: 0.0044700 seconds, Stopping threads took: 0.0020510 seconds
370.750: Application time: 0.0750120 seconds
370.753: [GC [PSYoungGen: 91328K->6096K(97280K)] 118417K->33193K(319488K), 0.0017700 secs] [Times: user=0.01 sys=0.00, real=0.00 secs] 
370.754: Total time for which application threads were stopped: 0.0043650 seconds, Stopping threads took: 0.0025190 seconds
370.832: Application time: 0.0776570 seconds
370.835: [GC [PSYoungGen: 89552K->6800K(97280K)] 116649K->33897K(319488K), 0.0019320 secs] [Times: user=0.01 sys=0.00, real=0.00 secs] 
370.837: Total time for which application threads were stopped: 0.0049370 seconds, Stopping threads took: 0.0029210 seconds
370.910: Application time: 0.0726860 seconds
370.912: [GC [PSYoungGen: 90256K->8304K(97280K)] 117353K->35417K(319488K), 0.0024420 secs] [Times: user=0.02 sys=0.00, real=0.00 secs] 
370.915: Total time for which application threads were stopped: 0.0052770 seconds, Stopping threads took: 0.0027380 seconds
370.989: Application time: 0.0740600 seconds
370.991: [GC [PSYoungGen: 91760K->6624K(97280K)] 118873K->33745K(319488K), 0.0019920 secs] [Times: user=0.01 sys=0.00, real=0.00 secs] 
370.994: Total time for which application threads were stopped: 0.0045530 seconds, Stopping threads took: 0.0024620 seconds
371.067: Application time: 0.0735510 seconds
371.069: [GC [PSYoungGen: 90080K->8112K(97280K)] 117201K->35233K(319488K), 0.0022180 secs] [Times: user=0.01 sys=0.00, real=0.00 secs] 
371.071: Total time for which application threads were stopped: 0.0043500 seconds, Stopping threads took: 0.0020520 seconds
371.146: Application time: 0.0743000 seconds
371.148: [GC [PSYoungGen: 91568K->7104K(97280K)] 118689K->34225K(319488K), 0.0021910 secs] [Times: user=0.02 sys=0.00, real=0.00 secs] 
371.150: Total time for which application threads were stopped: 0.0044300 seconds, Stopping threads took: 0.0021530 seconds
371.223: Application time: 0.0731930 seconds
371.226: [GC [PSYoungGen: 90560K->6880K(97280K)] 117681K->34017K(319488K), 0.0020980 secs] [Times: user=0.01 sys=0.00, real=0.00 secs] 
371.228: Total time for which application threads were stopped: 0.0044090 seconds, Stopping threads took: 0.0022200 seconds
371.307: Application time: 0.0788210 seconds
371.309: [GC [PSYoungGen: 90336K->6432K(97280K)] 117473K->33577K(319488K), 0.0018980 secs] [Times: user=0.01 sys=0.00, real=0.00 secs] 
371.311: Total time for which application threads were stopped: 0.0046160 seconds, Stopping threads took: 0.0026420 seconds
371.384: Application time: 0.0724470 seconds
371.385: [GC [PSYoungGen: 89888K->7616K(97280K)] 117033K->34769K(319488K), 0.0021080 secs] [Times: user=0.01 sys=0.00, real=0.00 secs] 
371.388: Total time for which application threads were stopped: 0.0038850 seconds, Stopping threads took: 0.0017030 seconds
371.469: Application time: 0.0811490 seconds
371.471: [GC [PSYoungGen: 91072K->3584K(97280K)] 118225K->30745K(319488K), 0.0012160 secs] [Times: user=0.01 sys=0.00, real=0.00 secs] 
371.472: Total time for which application threads were stopped: 0.0032740 seconds, Stopping threads took: 0.0019810 seconds
371.548: Application time: 0.0757880 seconds
371.550: [GC [PSYoungGen: 87040K->7104K(97280K)] 114201K->34273K(319488K), 0.0021150 secs] [Times: user=0.01 sys=0.00, real=0.00 secs] 
371.552: Total time for which application threads were stopped: 0.0040490 seconds, Stopping threads took: 0.0018510 seconds
371.629: Application time: 0.0771190 seconds
371.631: [GC [PSYoungGen: 90560K->6512K(97280K)] 117729K->33681K(319488K), 0.0018890 secs] [Times: user=0.01 sys=0.00, real=0.00 secs] 
371.633: Total time for which application threads were stopped: 0.0041160 seconds, Stopping threads took: 0.0021480 seconds
371.706: Application time: 0.0729230 seconds
371.708: [GC [PSYoungGen: 89968K->7024K(97280K)] 117137K->34193K(319488K), 0.0023020 secs] [Times: user=0.01 sys=0.00, real=0.00 secs] 
371.711: Total time for which application threads were stopped: 0.0047470 seconds, Stopping threads took: 0.0023450 seconds
371.786: Application time: 0.0749130 seconds
371.789: [GC [PSYoungGen: 90480K->7808K(97280K)] 117649K->34985K(319488K), 0.0023870 secs] [Times: user=0.02 sys=0.00, real=0.00 secs] 
371.791: Total time for which application threads were stopped: 0.0054030 seconds, Stopping threads took: 0.0029280 seconds
371.867: Application time: 0.0761980 seconds
371.870: [GC [PSYoungGen: 91264K->6832K(97280K)] 118441K->34017K(319488K), 0.0020240 secs] [Times: user=0.01 sys=0.00, real=0.00 secs] 
371.872: Total time for which application threads were stopped: 0.0046230 seconds, Stopping threads took: 0.0025180 seconds
371.950: Application time: 0.0776760 seconds
371.952: [GC [PSYoungGen: 90288K->8336K(97280K)] 117473K->35529K(319488K), 0.0024500 secs] [Times: user=0.02 sys=0.00, real=0.00 secs] 
371.955: Total time for which application threads were stopped: 0.0049400 seconds, Stopping threads took: 0.0024040 seconds
372.029: Application time: 0.0741050 seconds
372.031: [GC [PSYoungGen: 91792K->7568K(97280K)] 118985K->34769K(319488K), 0.0022100 secs] [Times: user=0.02 sys=0.00, real=0.00 secs] 
372.033: Total time for which application threads were stopped: 0.0047180 seconds, Stopping threads took: 0.0024120 seconds
372.109: Application time: 0.0758220 seconds
372.112: [GC [PSYoungGen: 91024K->6688K(97280K)] 118225K->33889K(319488K), 0.0019170 secs] [Times: user=0.01 sys=0.00, real=0.00 secs] 
372.114: Total time for which application threads were stopped: 0.0049140 seconds, Stopping threads took: 0.0029090 seconds
372.190: Application time: 0.0760360 seconds
372.192: [GC [PSYoungGen: 90144K->5952K(97280K)] 117345K->33153K(319488K), 0.0018490 secs] [Times: user=0.01 sys=0.00, real=0.00 secs] 
372.194: Total time for which application threads were stopped: 0.0036230 seconds, Stopping threads took: 0.0016980 seconds
372.269: Application time: 0.0754360 seconds
372.272: [GC [PSYoungGen: 89408K->7776K(97280K)] 116609K->34985K(319488K), 0.0022050 secs] [Times: user=0.01 sys=0.00, real=0.00 secs] 
372.274: Total time for which application threads were stopped: 0.0052020 seconds, Stopping threads took: 0.0029220 seconds
372.349: Application time: 0.0747330 seconds
372.351: [GC [PSYoungGen: 91232K->7280K(97280K)] 118441K->34497K(319488K), 0.0022200 secs] [Times: user=0.02 sys=0.00, real=0.00 secs] 
372.353: Total time for which application threads were stopped: 0.0041950 seconds, Stopping threads took: 0.0018910 seconds
372.427: Application time: 0.0732630 seconds
372.428: [GC [PSYoungGen: 90736K->7872K(97280K)] 117953K->35105K(319488K), 0.0022590 secs] [Times: user=0.02 sys=0.00, real=0.00 secs] 
372.431: Total time for which application threads were stopped: 0.0039880 seconds, Stopping threads took: 0.0016370 seconds
372.504: Application time: 0.0731240 seconds
372.506: [GC [PSYoungGen: 91328K->7520K(97280K)] 118561K->34785K(319488K), 0.0022400 secs] [Times: user=0.02 sys=0.00, real=0.00 secs] 
372.508: Total time for which application threads were stopped: 0.0043860 seconds, Stopping threads took: 0.0020620 seconds
372.585: Application time: 0.0765800 seconds
372.586: [GC [PSYoungGen: 90976K->7008K(97280K)] 118241K->34273K(319488K), 0.0020780 secs] [Times: user=0.01 sys=0.00, real=0.00 secs] 
372.588: Total time for which application threads were stopped: 0.0032570 seconds, Stopping threads took: 0.0010890 seconds
372.661: Application time: 0.0726130 seconds
372.663: [GC [PSYoungGen: 90464K->8352K(97280K)] 117729K->35617K(319488K), 0.0024040 secs] [Times: user=0.02 sys=0.00, real=0.01 secs] 
372.665: Total time for which application threads were stopped: 0.0048800 seconds, Stopping threads took: 0.0023830 seconds
372.739: Application time: 0.0732030 seconds
372.741: [GC [PSYoungGen: 91808K->7728K(97280K)] 119073K->35001K(319488K), 0.0022740 secs] [Times: user=0.02 sys=0.00, real=0.00 secs] 
372.744: Total time for which application threads were stopped: 0.0050340 seconds, Stopping threads took: 0.0026530 seconds
372.818: Application time: 0.0739390 seconds
372.821: [GC [PSYoungGen: 91184K->8064K(97280K)] 118457K->35337K(319488K), 0.0024170 secs] [Times: user=0.02 sys=0.00, real=0.00 secs] 
372.823: Total time for which application threads were stopped: 0.0054300 seconds, Stopping threads took: 0.0029230 seconds
372.898: Application time: 0.0748970 seconds
372.900: [GC [PSYoungGen: 91520K->6320K(97280K)] 118793K->33601K(319488K), 0.0020230 secs] [Times: user=0.01 sys=0.00, real=0.00 secs] 
372.902: Total time for which application threads were stopped: 0.0041680 seconds, Stopping threads took: 0.0020620 seconds
372.981: Application time: 0.0792800 seconds
372.984: [GC [PSYoungGen: 89776K->6448K(97280K)] 117057K->33737K(319488K), 0.0018920 secs] [Times: user=0.02 sys=0.00, real=0.01 secs] 
372.986: Total time for which application threads were stopped: 0.0050360 seconds, Stopping threads took: 0.0030600 seconds
373.067: Application time: 0.0805940 seconds
373.070: [GC [PSYoungGen: 89904K->6896K(97280K)] 117193K->34185K(319488K), 0.0020040 secs] [Times: user=0.01 sys=0.00, real=0.00 secs] 
373.072: Total time for which application threads were stopped: 0.0052680 seconds, Stopping threads took: 0.0031810 seconds
373.152: Application time: 0.0793410 seconds
373.154: [GC [PSYoungGen: 90352K->7616K(97280K)] 117641K->34905K(319488K), 0.0021610 secs] [Times: user=0.02 sys=0.00, real=0.00 secs] 
373.157: Total time for which application threads were stopped: 0.0050240 seconds, Stopping threads took: 0.0027670 seconds
373.242: Application time: 0.0851210 seconds
373.244: [GC [PSYoungGen: 91072K->5312K(97280K)] 118361K->32609K(319488K), 0.0015940 secs] [Times: user=0.01 sys=0.00, real=0.01 secs] 
373.246: Total time for which application threads were stopped: 0.0039450 seconds, Stopping threads took: 0.0022760 seconds
373.325: Application time: 0.0794860 seconds
373.327: [GC [PSYoungGen: 88768K->7632K(97280K)] 116065K->34929K(319488K), 0.0022700 secs] [Times: user=0.02 sys=0.00, real=0.00 secs] 
373.329: Total time for which application threads were stopped: 0.0041530 seconds, Stopping threads took: 0.0017960 seconds
373.410: Application time: 0.0808730 seconds
373.412: [GC [PSYoungGen: 91088K->6608K(97280K)] 118385K->33913K(319488K), 0.0019550 secs] [Times: user=0.02 sys=0.00, real=0.00 secs] 
373.414: Total time for which application threads were stopped: 0.0037080 seconds, Stopping threads took: 0.0016670 seconds
373.492: Application time: 0.0779120 seconds
373.494: [GC [PSYoungGen: 90064K->7184K(97280K)] 117369K->34497K(319488K), 0.0021230 secs] [Times: user=0.01 sys=0.00, real=0.00 secs] 
373.496: Total time for which application threads were stopped: 0.0045760 seconds, Stopping threads took: 0.0023660 seconds
373.579: Application time: 0.0827430 seconds
373.582: [GC [PSYoungGen: 90640K->7264K(97280K)] 117953K->34577K(319488K), 0.0020740 secs] [Times: user=0.01 sys=0.00, real=0.00 secs] 
373.584: Total time for which application threads were stopped: 0.0050200 seconds, Stopping threads took: 0.0028620 seconds
373.667: Application time: 0.0832110 seconds
373.670: [GC [PSYoungGen: 90720K->6976K(97280K)] 118033K->34289K(319488K), 0.0018920 secs] [Times: user=0.01 sys=0.00, real=0.00 secs] 
373.672: Total time for which application threads were stopped: 0.0047470 seconds, Stopping threads took: 0.0027640 seconds
373.752: Application time: 0.0801800 seconds
373.755: [GC [PSYoungGen: 90432K->8160K(97280K)] 117745K->35473K(319488K), 0.0023370 secs] [Times: user=0.01 sys=0.00, real=0.01 secs] 
373.758: Total time for which application threads were stopped: 0.0052550 seconds, Stopping threads took: 0.0028360 seconds
373.837: Application time: 0.0798410 seconds
373.840: [GC [PSYoungGen: 91616K->5968K(97280K)] 118929K->33289K(319488K), 0.0017960 secs] [Times: user=0.01 sys=0.00, real=0.00 secs] 
373.842: Total time for which application threads were stopped: 0.0044850 seconds, Stopping threads took: 0.0026120 seconds
373.926: Application time: 0.0838290 seconds
373.928: [GC [PSYoungGen: 89424K->7136K(97280K)] 116745K->34473K(319488K), 0.0021300 secs] [Times: user=0.02 sys=0.00, real=0.00 secs] 
373.930: Total time for which application threads were stopped: 0.0043170 seconds, Stopping threads took: 0.0020950 seconds
374.008: Application time: 0.0777810 seconds
374.011: [GC [PSYoungGen: 90592K->7584K(97280K)] 117929K->34937K(319488K), 0.0022280 secs] [Times: user=0.01 sys=0.00, real=0.00 secs] 
374.013: Total time for which application threads were stopped: 0.0049730 seconds, Stopping threads took: 0.0026560 seconds
374.095: Application time: 0.0825210 seconds
374.098: [GC [PSYoungGen: 91040K->8208K(97280K)] 118393K->35577K(319488K), 0.0023640 secs] [Times: user=0.01 sys=0.00, real=0.00 secs] 
374.100: Total time for which application threads were stopped: 0.0050960 seconds, Stopping threads took: 0.0026500 seconds
374.180: Application time: 0.0796570 seconds
374.183: [GC [PSYoungGen: 91664K->6864K(97280K)] 119033K->34233K(319488K), 0.0020190 secs] [Times: user=0.01 sys=0.00, real=0.01 secs] 
374.185: Total time for which application threads were stopped: 0.0050090 seconds, Stopping threads took: 0.0029040 seconds
374.266: Application time: 0.0809480 seconds
374.269: [GC [PSYoungGen: 90320K->6144K(97280K)] 117689K->33513K(319488K), 0.0017980 secs] [Times: user=0.01 sys=0.00, real=0.00 secs] 
374.271: Total time for which application threads were stopped: 0.0049270 seconds, Stopping threads took: 0.0030390 seconds
374.356: Application time: 0.0845730 seconds
374.359: [GC [PSYoungGen: 89600K->5472K(97280K)] 116969K->32849K(319488K), 0.0015830 secs] [Times: user=0.01 sys=0.00, real=0.00 secs] 
374.360: Total time for which application threads were stopped: 0.0046450 seconds, Stopping threads took: 0.0029710 seconds
374.440: Application time: 0.0798240 seconds
374.442: [GC [PSYoungGen: 88928K->6208K(97280K)] 116305K->33601K(319488K), 0.0018660 secs] [Times: user=0.02 sys=0.00, real=0.00 secs] 
374.444: Total time for which application threads were stopped: 0.0038530 seconds, Stopping threads took: 0.0019020 seconds
374.525: Application time: 0.0805930 seconds
374.527: [GC [PSYoungGen: 89664K->6992K(97280K)] 117057K->34393K(319488K), 0.0020290 secs] [Times: user=0.01 sys=0.00, real=0.00 secs] 
374.529: Total time for which application threads were stopped: 0.0047520 seconds, Stopping threads took: 0.0026360 seconds
374.611: Application time: 0.0817990 seconds
374.613: [GC [PSYoungGen: 90448K->7472K(97280K)] 117849K->34889K(319488K), 0.0021630 secs] [Times: user=0.01 sys=0.00, real=0.00 secs] 
374.615: Total time for which application threads were stopped: 0.0038820 seconds, Stopping threads took: 0.0016310 seconds
374.693: Application time: 0.0782800 seconds
374.695: [GC [PSYoungGen: 90928K->6624K(97280K)] 118345K->34041K(319488K), 0.0020680 secs] [Times: user=0.01 sys=0.00, real=0.01 secs] 
374.697: Total time for which application threads were stopped: 0.0042040 seconds, Stopping threads took: 0.0020310 seconds
374.778: Application time: 0.0800830 seconds
374.781: [GC [PSYoungGen: 90080K->7712K(97280K)] 117497K->35129K(319488K), 0.0023260 secs] [Times: user=0.02 sys=0.00, real=0.00 secs] 
374.783: Total time for which application threads were stopped: 0.0053880 seconds, Stopping threads took: 0.0029590 seconds
374.863: Application time: 0.0799770 seconds
374.865: [GC [PSYoungGen: 91168K->7168K(97280K)] 118585K->34593K(319488K), 0.0020000 secs] [Times: user=0.02 sys=0.00, real=0.01 secs] 
374.867: Total time for which application threads were stopped: 0.0039430 seconds, Stopping threads took: 0.0018620 seconds
374.947: Application time: 0.0800480 seconds
374.949: [GC [PSYoungGen: 90624K->7424K(97280K)] 118049K->34857K(319488K), 0.0022470 secs] [Times: user=0.02 sys=0.00, real=0.00 secs] 
374.951: Total time for which application threads were stopped: 0.0041030 seconds, Stopping threads took: 0.0017700 seconds
375.029: Application time: 0.0779000 seconds
375.031: [GC [PSYoungGen: 90880K->5664K(97280K)] 118313K->33105K(319488K), 0.0017010 secs] [Times: user=0.01 sys=0.00, real=0.00 secs] 
375.033: Total time for which application threads were stopped: 0.0041210 seconds, Stopping threads took: 0.0023430 seconds
375.112: Application time: 0.0788460 seconds
375.115: [GC [PSYoungGen: 89118K->7024K(97280K)] 116559K->34473K(319488K), 0.0020810 secs] [Times: user=0.02 sys=0.00, real=0.00 secs] 
375.117: Total time for which application threads were stopped: 0.0048170 seconds, Stopping threads took: 0.0026520 seconds
375.196: Application time: 0.0797530 seconds
375.198: [GC [PSYoungGen: 90480K->6720K(97280K)] 117929K->34169K(319488K), 0.0019990 secs] [Times: user=0.02 sys=0.00, real=0.00 secs] 
375.200: Total time for which application threads were stopped: 0.0039920 seconds, Stopping threads took: 0.0018970 seconds
375.282: Application time: 0.0817770 seconds
375.283: [GC [PSYoungGen: 90176K->5984K(97280K)] 117625K->33433K(319488K), 0.0018350 secs] [Times: user=0.02 sys=0.00, real=0.01 secs] 
375.285: Total time for which application threads were stopped: 0.0029490 seconds, Stopping threads took: 0.0010300 seconds
375.364: Application time: 0.0785150 seconds
375.366: [GC [PSYoungGen: 89440K->7680K(97280K)] 116889K->35137K(319488K), 0.0022340 secs] [Times: user=0.01 sys=0.00, real=0.00 secs] 
375.368: Total time for which application threads were stopped: 0.0044990 seconds, Stopping threads took: 0.0021760 seconds
375.449: Application time: 0.0806540 seconds
375.452: [GC [PSYoungGen: 91136K->7200K(97280K)] 118593K->34665K(319488K), 0.0021040 secs] [Times: user=0.02 sys=0.00, real=0.00 secs] 
375.454: Total time for which application threads were stopped: 0.0048530 seconds, Stopping threads took: 0.0026620 seconds
375.533: Application time: 0.0788050 seconds
375.535: [GC [PSYoungGen: 90656K->6272K(97280K)] 118121K->33745K(319488K), 0.0018380 secs] [Times: user=0.01 sys=0.00, real=0.01 secs] 
375.537: Total time for which application threads were stopped: 0.0047500 seconds, Stopping threads took: 0.0028330 seconds
375.616: Application time: 0.0791900 seconds
375.619: [GC [PSYoungGen: 89728K->7760K(97280K)] 117201K->35241K(319488K), 0.0023350 secs] [Times: user=0.02 sys=0.00, real=0.00 secs] 
375.621: Total time for which application threads were stopped: 0.0049920 seconds, Stopping threads took: 0.0025690 seconds
375.700: Application time: 0.0787140 seconds
375.703: [GC [PSYoungGen: 91216K->8368K(97280K)] 118697K->35849K(319488K), 0.0022630 secs] [Times: user=0.02 sys=0.00, real=0.01 secs] 
375.705: Total time for which application threads were stopped: 0.0050890 seconds, Stopping threads took: 0.0027370 seconds
375.785: Application time: 0.0796310 seconds
375.788: [GC [PSYoungGen: 91824K->7648K(97280K)] 119305K->35129K(319488K), 0.0023230 secs] [Times: user=0.02 sys=0.00, real=0.00 secs] 
375.790: Total time for which application threads were stopped: 0.0051980 seconds, Stopping threads took: 0.0027840 seconds
375.868: Application time: 0.0779460 seconds
375.871: [GC [PSYoungGen: 91104K->7040K(97280K)] 118585K->34537K(319488K), 0.0019800 secs] [Times: user=0.01 sys=0.00, real=0.00 secs] 
375.873: Total time for which application threads were stopped: 0.0047950 seconds, Stopping threads took: 0.0027350 seconds
375.953: Application time: 0.0804580 seconds
375.956: [GC [PSYoungGen: 90496K->7584K(97280K)] 117993K->35081K(319488K), 0.0022330 secs] [Times: user=0.02 sys=0.00, real=0.01 secs] 
375.958: Total time for which application threads were stopped: 0.0049910 seconds, Stopping threads took: 0.0026670 seconds
376.038: Application time: 0.0792970 seconds
376.040: [GC [PSYoungGen: 91040K->8320K(97280K)] 118537K->35825K(319488K), 0.0025010 secs] [Times: user=0.02 sys=0.00, real=0.00 secs] 
376.042: Total time for which application threads were stopped: 0.0044730 seconds, Stopping threads took: 0.0018830 seconds
376.122: Application time: 0.0795870 seconds
376.123: [GC [PSYoungGen: 91776K->7888K(97280K)] 119281K->35401K(319488K), 0.0023550 secs] [Times: user=0.01 sys=0.00, real=0.01 secs] 
376.126: Total time for which application threads were stopped: 0.0041410 seconds, Stopping threads took: 0.0016950 seconds
376.175: Application time: 0.0495510 seconds
376.178: Total time for which application threads were stopped: 0.0024040 seconds, Stopping threads took: 0.0023790 seconds
376.206: Application time: 0.0281500 seconds
376.208: [GC [PSYoungGen: 91344K->7008K(97280K)] 118857K->34529K(319488K), 0.0019800 secs] [Times: user=0.01 sys=0.00, real=0.00 secs] 
376.210: Total time for which application threads were stopped: 0.0045390 seconds, Stopping threads took: 0.0024730 seconds
376.302: Application time: 0.0916660 seconds
376.304: [GC [PSYoungGen: 90464K->3488K(97280K)] 117985K->31009K(319488K), 0.0011360 secs] [Times: user=0.01 sys=0.00, real=0.00 secs] 
376.305: Total time for which application threads were stopped: 0.0029680 seconds, Stopping threads took: 0.0017480 seconds
376.307: Application time: 0.0022810 seconds
376.309: Total time for which application threads were stopped: 0.0020950 seconds, Stopping threads took: 0.0020720 seconds
376.313: Application time: 0.0037270 seconds
376.314: Total time for which application threads were stopped: 0.0004130 seconds, Stopping threads took: 0.0003930 seconds
376.350: Application time: 0.0361110 seconds
376.350: Total time for which application threads were stopped: 0.0001280 seconds, Stopping threads took: 0.0000990 seconds
376.566: Application time: 0.2161270 seconds
376.566: Total time for which application threads were stopped: 0.0000550 seconds, Stopping threads took: 0.0000090 seconds
376.654: Application time: 0.0883230 seconds
376.654: [GC [PSYoungGen: 86944K->2049K(97280K)] 114465K->29642K(319488K), 0.0046070 secs] [Times: user=0.04 sys=0.00, real=0.01 secs] 
376.659: Total time for which application threads were stopped: 0.0047120 seconds, Stopping threads took: 0.0000150 seconds
376.659: Application time: 0.0000550 seconds
376.659: Total time for which application threads were stopped: 0.0000620 seconds, Stopping threads took: 0.0000440 seconds
376.659: Application time: 0.0000380 seconds
376.659: Total time for which application threads were stopped: 0.0000120 seconds, Stopping threads took: 0.0000060 seconds
376.659: Application time: 0.0000310 seconds
376.659: Total time for which application threads were stopped: 0.0000330 seconds, Stopping threads took: 0.0000270 seconds
376.659: Application time: 0.0000150 seconds
376.659: Total time for which application threads were stopped: 0.0000200 seconds, Stopping threads took: 0.0000150 seconds
376.659: Application time: 0.0000120 seconds
376.659: Total time for which application threads were stopped: 0.0000190 seconds, Stopping threads took: 0.0000140 seconds
376.659: Application time: 0.0000120 seconds
376.659: Total time for which application threads were stopped: 0.0000130 seconds, Stopping threads took: 0.0000080 seconds
376.659: Application time: 0.0000110 seconds
376.659: Total time for which application threads were stopped: 0.0000190 seconds, Stopping threads took: 0.0000140 seconds
376.659: Application time: 0.0000110 seconds
376.659: Total time for which application threads were stopped: 0.0000180 seconds, Stopping threads took: 0.0000120 seconds
376.659: Application time: 0.0000110 seconds
376.660: Total time for which application threads were stopped: 0.0000190 seconds, Stopping threads took: 0.0000140 seconds
376.660: Application time: 0.0000110 seconds
376.660: Total time for which application threads were stopped: 0.0000170 seconds, Stopping threads took: 0.0000120 seconds
376.660: Application time: 0.0000110 seconds
376.660: Total time for which application threads were stopped: 0.0000200 seconds, Stopping threads took: 0.0000140 seconds
376.660: Application time: 0.0000120 seconds
376.660: Total time for which application threads were stopped: 0.0000180 seconds, Stopping threads took: 0.0000120 seconds
376.660: Application time: 0.0000110 seconds
376.660: Total time for which application threads were stopped: 0.0000190 seconds, Stopping threads took: 0.0000140 seconds
376.660: Application time: 0.0000110 seconds
376.660: Total time for which application threads were stopped: 0.0000180 seconds, Stopping threads took: 0.0000130 seconds
376.660: Application time: 0.0000110 seconds
376.660: Total time for which application threads were stopped: 0.0000150 seconds, Stopping threads took: 0.0000100 seconds
376.660: Application time: 0.0000120 seconds
376.660: Total time for which application threads were stopped: 0.0000160 seconds, Stopping threads took: 0.0000100 seconds
376.660: Application time: 0.0000110 seconds
376.660: Total time for which application threads were stopped: 0.0000190 seconds, Stopping threads took: 0.0000130 seconds
376.660: Application time: 0.0000110 seconds
376.660: Total time for which application threads were stopped: 0.0000190 seconds, Stopping threads took: 0.0000130 seconds
376.660: Application time: 0.0000110 seconds
376.660: Total time for which application threads were stopped: 0.0000200 seconds, Stopping threads took: 0.0000140 seconds
376.660: Application time: 0.0000110 seconds
376.660: Total time for which application threads were stopped: 0.0000270 seconds, Stopping threads took: 0.0000120 seconds
377.565: Application time: 0.9052760 seconds
377.565: Total time for which application threads were stopped: 0.0000780 seconds, Stopping threads took: 0.0000130 seconds
Heap
 PSYoungGen      total 97280K, used 53487K [0x00000000f9300000, 0x00000000fff80000, 0x0000000100000000)
  eden space 83456K, 61% used [0x00000000f9300000,0x00000000fc53b910,0x00000000fe480000)
  from space 13824K, 14% used [0x00000000ff200000,0x00000000ff400418,0x00000000fff80000)
  to   space 13824K, 0% used [0x00000000fe480000,0x00000000fe480000,0x00000000ff200000)
 ParOldGen       total 222208K, used 27593K [0x00000000eba00000, 0x00000000f9300000, 0x00000000f9300000)
  object space 222208K, 12% used [0x00000000eba00000,0x00000000ed4f25d0,0x00000000f9300000)
 PSPermGen       total 21504K, used 12938K [0x00000000e6800000, 0x00000000e7d00000, 0x00000000eba00000)
  object space 21504K, 60% used [0x00000000e6800000,0x00000000e74a2868,0x00000000e7d00000)
377.565: Application time: 0.0001920 seconds
