Java HotSpot(TM) 64-Bit Server VM (24.80-b11) for linux-amd64 JRE (1.7.0_80-b15), built on Apr 10 2015 19:53:14 by "java_re" with gcc 4.3.0 20080428 (Red Hat 4.3.0-8)
Memory: 4k page, physical 8000092k(5618580k free), swap 8218620k(8218620k free)
CommandLine flags: -XX:InitialHeapSize=61229056 -XX:MaxHeapSize=61229056 -XX:+PrintGC -XX:+PrintGCApplicationConcurrentTime -XX:+PrintGCApplicationStoppedTime -XX:+PrintGCDetails -XX:+PrintGCTimeStamps -XX:-UseAdaptiveSizePolicy -XX:+UseCompressedOops -XX:+UseParNewGC 
1.006: Application time: 0.9847310 seconds
1.006: Total time for which application threads were stopped: 0.0000420 seconds, Stopping threads took: 0.0000100 seconds
4.027: Application time: 3.0206860 seconds
4.027: Total time for which application threads were stopped: 0.0000620 seconds, Stopping threads took: 0.0000110 seconds
14.665: Application time: 10.6377640 seconds
14.665: Total time for which application threads were stopped: 0.0000230 seconds, Stopping threads took: 0.0000080 seconds
14.665: Application time: 0.0000630 seconds
14.665: Total time for which application threads were stopped: 0.0000230 seconds, Stopping threads took: 0.0000080 seconds
14.667: Application time: 0.0015070 seconds
14.667: Total time for which application threads were stopped: 0.0000240 seconds, Stopping threads took: 0.0000180 seconds
14.686: Application time: 0.0192420 seconds
14.686: Total time for which application threads were stopped: 0.0000380 seconds, Stopping threads took: 0.0000090 seconds
14.698: Application time: 0.0123010 seconds
14.698: [Full GC14.698: [Tenured: 0K->3145K(39936K), 0.0088530 secs] 9963K->3145K(57856K), [Perm : 5076K->5076K(21248K)], 0.0089140 secs] [Times: user=0.00 sys=0.00, real=0.01 secs] 
14.707: Total time for which application threads were stopped: 0.0089800 seconds, Stopping threads took: 0.0000170 seconds
14.707: Application time: 0.0000660 seconds
14.707: [Full GC14.707: [Tenured: 3145K->3145K(39936K), 0.0057960 secs] 3145K->3145K(57984K), [Perm : 5076K->5076K(21248K)], 0.0058240 secs] [Times: user=0.01 sys=0.00, real=0.00 secs] 
14.713: Total time for which application threads were stopped: 0.0058850 seconds, Stopping threads took: 0.0000070 seconds
14.713: Application time: 0.0002040 seconds
14.713: Total time for which application threads were stopped: 0.0000820 seconds, Stopping threads took: 0.0000480 seconds
14.714: Application time: 0.0000820 seconds
14.714: Total time for which application threads were stopped: 0.0001010 seconds, Stopping threads took: 0.0000680 seconds
14.714: Application time: 0.0000820 seconds
14.714: Total time for which application threads were stopped: 0.0000790 seconds, Stopping threads took: 0.0000700 seconds
14.714: Application time: 0.0000410 seconds
14.714: Total time for which application threads were stopped: 0.0000200 seconds, Stopping threads took: 0.0000140 seconds
14.714: Application time: 0.0000310 seconds
14.714: Total time for which application threads were stopped: 0.0000160 seconds, Stopping threads took: 0.0000120 seconds
14.714: Application time: 0.0000320 seconds
14.714: Total time for which application threads were stopped: 0.0000130 seconds, Stopping threads took: 0.0000090 seconds
14.714: Application time: 0.0000240 seconds
14.714: Total time for which application threads were stopped: 0.0000130 seconds, Stopping threads took: 0.0000100 seconds
14.714: Application time: 0.0000090 seconds
14.714: Total time for which application threads were stopped: 0.0000130 seconds, Stopping threads took: 0.0000090 seconds
14.714: Application time: 0.0000080 seconds
14.714: Total time for which application threads were stopped: 0.0000130 seconds, Stopping threads took: 0.0000100 seconds
14.714: Application time: 0.0000080 seconds
14.714: Total time for which application threads were stopped: 0.0000140 seconds, Stopping threads took: 0.0000100 seconds
14.714: Application time: 0.0000080 seconds
14.714: Total time for which application threads were stopped: 0.0000140 seconds, Stopping threads took: 0.0000100 seconds
14.714: Application time: 0.0000090 seconds
14.714: Total time for which application threads were stopped: 0.0000120 seconds, Stopping threads took: 0.0000080 seconds
14.714: Application time: 0.0000100 seconds
14.714: Total time for which application threads were stopped: 0.0000130 seconds, Stopping threads took: 0.0000090 seconds
14.714: Application time: 0.0000090 seconds
14.714: Total time for which application threads were stopped: 0.0000120 seconds, Stopping threads took: 0.0000090 seconds
14.714: Application time: 0.0000090 seconds
14.714: Total time for which application threads were stopped: 0.0000150 seconds, Stopping threads took: 0.0000110 seconds
14.714: Application time: 0.0000080 seconds
14.714: Total time for which application threads were stopped: 0.0000120 seconds, Stopping threads took: 0.0000090 seconds
14.714: Application time: 0.0000170 seconds
14.714: Total time for which application threads were stopped: 0.0000190 seconds, Stopping threads took: 0.0000130 seconds
14.714: Application time: 0.0000120 seconds
14.714: Total time for which application threads were stopped: 0.0000190 seconds, Stopping threads took: 0.0000130 seconds
14.714: Application time: 0.0000110 seconds
14.714: Total time for which application threads were stopped: 0.0000280 seconds, Stopping threads took: 0.0000150 seconds
14.714: Application time: 0.0000140 seconds
14.714: Total time for which application threads were stopped: 0.0000250 seconds, Stopping threads took: 0.0000120 seconds
14.718: Application time: 0.0033700 seconds
14.718: Total time for which application threads were stopped: 0.0000330 seconds, Stopping threads took: 0.0000220 seconds
14.718: Application time: 0.0001360 seconds
14.718: Total time for which application threads were stopped: 0.0000510 seconds, Stopping threads took: 0.0000390 seconds
14.719: Application time: 0.0010370 seconds
14.719: Total time for which application threads were stopped: 0.0000530 seconds, Stopping threads took: 0.0000400 seconds
14.726: Application time: 0.0072830 seconds
14.727: Total time for which application threads were stopped: 0.0008100 seconds, Stopping threads took: 0.0007920 seconds
14.801: Application time: 0.0737650 seconds
14.801: [GC14.801: [ParNew: 15565K->1812K(18048K), 0.0015030 secs] 18711K->9566K(57984K), 0.0015440 secs] [Times: user=0.01 sys=0.01, real=0.00 secs] 
14.803: Total time for which application threads were stopped: 0.0018900 seconds, Stopping threads took: 0.0002610 seconds
14.803: Application time: 0.0002290 seconds
14.803: Total time for which application threads were stopped: 0.0001780 seconds, Stopping threads took: 0.0001550 seconds
14.803: Application time: 0.0000700 seconds
14.803: Total time for which application threads were stopped: 0.0001490 seconds, Stopping threads took: 0.0001370 seconds
14.803: Application time: 0.0000400 seconds
14.804: Total time for which application threads were stopped: 0.0001010 seconds, Stopping threads took: 0.0000910 seconds
14.804: Application time: 0.0000320 seconds
14.804: Total time for which application threads were stopped: 0.0000410 seconds, Stopping threads took: 0.0000300 seconds
14.804: Application time: 0.0000140 seconds
14.804: Total time for which application threads were stopped: 0.0000320 seconds, Stopping threads took: 0.0000240 seconds
14.804: Application time: 0.0000150 seconds
14.804: Total time for which application threads were stopped: 0.0000280 seconds, Stopping threads took: 0.0000220 seconds
14.804: Application time: 0.0000120 seconds
14.804: Total time for which application threads were stopped: 0.0000090 seconds, Stopping threads took: 0.0000040 seconds
14.804: Application time: 0.0000100 seconds
14.804: Total time for which application threads were stopped: 0.0000280 seconds, Stopping threads took: 0.0000190 seconds
14.804: Application time: 0.0000130 seconds
14.804: Total time for which application threads were stopped: 0.0000930 seconds, Stopping threads took: 0.0000860 seconds
14.804: Application time: 0.0000100 seconds
14.804: Total time for which application threads were stopped: 0.0000210 seconds, Stopping threads took: 0.0000160 seconds
14.804: Application time: 0.0000140 seconds
14.804: Total time for which application threads were stopped: 0.0000310 seconds, Stopping threads took: 0.0000240 seconds
14.804: Application time: 0.0000220 seconds
14.804: Total time for which application threads were stopped: 0.0000350 seconds, Stopping threads took: 0.0000280 seconds
14.804: Application time: 0.0000160 seconds
14.804: Total time for which application threads were stopped: 0.0000560 seconds, Stopping threads took: 0.0000510 seconds
14.804: Application time: 0.0000120 seconds
14.804: Total time for which application threads were stopped: 0.0000250 seconds, Stopping threads took: 0.0000190 seconds
14.845: Application time: 0.0404160 seconds
14.845: [GC14.845: [ParNew: 17610K->1589K(18048K), 0.0009010 secs] 25364K->11151K(57984K), 0.0009450 secs] [Times: user=0.01 sys=0.00, real=0.01 secs] 
14.846: Total time for which application threads were stopped: 0.0010700 seconds, Stopping threads took: 0.0000610 seconds
14.887: Application time: 0.0411310 seconds
14.887: [GC14.887: [ParNew: 17237K->1032K(18048K), 0.0005030 secs] 26799K->10609K(57984K), 0.0005360 secs] [Times: user=0.00 sys=0.00, real=0.00 secs] 
14.887: Total time for which application threads were stopped: 0.0006740 seconds, Stopping threads took: 0.0000810 seconds
14.929: Application time: 0.0412590 seconds
14.929: [GC14.929: [ParNew: 17093K->1036K(18048K), 0.0004700 secs] 26671K->10613K(57984K), 0.0005000 secs] [Times: user=0.01 sys=0.00, real=0.00 secs] 
14.929: Total time for which application threads were stopped: 0.0006380 seconds, Stopping threads took: 0.0000830 seconds
14.971: Application time: 0.0413180 seconds
14.971: [GC14.971: [ParNew: 17032K->12K(18048K), 0.0002370 secs] 26610K->9605K(57984K), 0.0002620 secs] [Times: user=0.00 sys=0.00, real=0.00 secs] 
14.971: Total time for which application threads were stopped: 0.0003920 seconds, Stopping threads took: 0.0000780 seconds
15.011: Application time: 0.0403690 seconds
15.012: [GC15.012: [ParNew: 16037K->522K(18048K), 0.0003310 secs] 25631K->10115K(57984K), 0.0003570 secs] [Times: user=0.00 sys=0.00, real=0.00 secs] 
15.012: Total time for which application threads were stopped: 0.0004570 seconds, Stopping threads took: 0.0000490 seconds
15.049: Application time: 0.0370230 seconds
15.049: [GC15.049: [ParNew: 16502K->1548K(18048K), 0.0009050 secs] 26096K->12166K(57984K), 0.0009420 secs] [Times: user=0.00 sys=0.00, real=0.00 secs] 
15.050: Total time for which application threads were stopped: 0.0010720 seconds, Stopping threads took: 0.0000640 seconds
15.088: Application time: 0.0381570 seconds
15.088: [GC15.088: [ParNew: 17519K->1552K(18048K), 0.0010750 secs] 28137K->13706K(57984K), 0.0011080 secs] [Times: user=0.01 sys=0.00, real=0.00 secs] 
15.089: Total time for which application threads were stopped: 0.0012700 seconds, Stopping threads took: 0.0000980 seconds
15.131: Application time: 0.0411740 seconds
15.131: [GC15.131: [ParNew: 17518K->1552K(18048K), 0.0011710 secs] 29672K->15242K(57984K), 0.0012020 secs] [Times: user=0.01 sys=0.00, real=0.00 secs] 
15.132: Total time for which application threads were stopped: 0.0013390 seconds, Stopping threads took: 0.0000740 seconds
15.173: Application time: 0.0411150 seconds
15.173: [GC15.173: [ParNew: 17524K->1552K(18048K), 0.0008290 secs] 31214K->16266K(57984K), 0.0008620 secs] [Times: user=0.01 sys=0.00, real=0.00 secs] 
15.174: Total time for which application threads were stopped: 0.0010130 seconds, Stopping threads took: 0.0000760 seconds
15.216: Application time: 0.0417000 seconds
15.217: [GC15.217: [ParNew: 17523K->1552K(18048K), 0.0006690 secs] 32237K->16266K(57984K), 0.0007000 secs] [Times: user=0.01 sys=0.00, real=0.00 secs] 
15.218: Total time for which application threads were stopped: 0.0022040 seconds, Stopping threads took: 0.0014430 seconds
15.258: Application time: 0.0402800 seconds
15.258: [GC15.258: [ParNew: 17523K->1550K(18048K), 0.0006600 secs] 32237K->16264K(57984K), 0.0006870 secs] [Times: user=0.00 sys=0.00, real=0.00 secs] 
15.259: Total time for which application threads were stopped: 0.0008600 seconds, Stopping threads took: 0.0001100 seconds
15.300: Application time: 0.0409070 seconds
15.300: [GC15.300: [ParNew: 17521K->1038K(18048K), 0.0005140 secs] 32235K->15752K(57984K), 0.0005500 secs] [Times: user=0.00 sys=0.00, real=0.00 secs] 
15.301: Total time for which application threads were stopped: 0.0006700 seconds, Stopping threads took: 0.0000630 seconds
15.339: Application time: 0.0386600 seconds
15.340: [GC15.340: [ParNew: 17004K->1038K(18048K), 0.0005120 secs] 31718K->15752K(57984K), 0.0005410 secs] [Times: user=0.00 sys=0.00, real=0.00 secs] 
15.340: Total time for which application threads were stopped: 0.0007120 seconds, Stopping threads took: 0.0001120 seconds
15.382: Application time: 0.0416180 seconds
15.382: [GC15.382: [ParNew: 17009K->526K(18048K), 0.0003480 secs] 31723K->15240K(57984K), 0.0003770 secs] [Times: user=0.01 sys=0.00, real=0.00 secs] 
15.382: Total time for which application threads were stopped: 0.0004980 seconds, Stopping threads took: 0.0000630 seconds
15.423: Application time: 0.0410980 seconds
15.423: [GC15.423: [ParNew: 16488K->1038K(18048K), 0.0004310 secs] 31202K->15752K(57984K), 0.0004580 secs] [Times: user=0.01 sys=0.00, real=0.00 secs] 
15.424: Total time for which application threads were stopped: 0.0005790 seconds, Stopping threads took: 0.0000670 seconds
15.463: Application time: 0.0394590 seconds
15.463: [GC15.463: [ParNew: 16876K->1692K(18048K), 0.0007740 secs] 31590K->16918K(57984K), 0.0008020 secs] [Times: user=0.01 sys=0.00, real=0.00 secs] 
15.464: Total time for which application threads were stopped: 0.0009300 seconds, Stopping threads took: 0.0000690 seconds
15.504: Application time: 0.0400850 seconds
15.504: [GC15.505: [ParNew: 17386K->1124K(18048K), 0.0005140 secs] 32612K->16542K(57984K), 0.0005460 secs] [Times: user=0.00 sys=0.00, real=0.00 secs] 
15.505: Total time for which application threads were stopped: 0.0006770 seconds, Stopping threads took: 0.0000750 seconds
15.546: Application time: 0.0408640 seconds
15.546: [GC15.546: [ParNew: 17095K->524K(18048K), 0.0003780 secs] 32513K->16078K(57984K), 0.0004060 secs] [Times: user=0.00 sys=0.00, real=0.00 secs] 
15.546: Total time for which application threads were stopped: 0.0005090 seconds, Stopping threads took: 0.0000480 seconds
15.588: Application time: 0.0417600 seconds
15.589: [GC15.589: [ParNew: 16490K->524K(18048K), 0.0004250 secs] 32045K->16078K(57984K), 0.0004520 secs] [Times: user=0.00 sys=0.00, real=0.00 secs] 
15.590: Total time for which application threads were stopped: 0.0015010 seconds, Stopping threads took: 0.0009890 seconds
15.632: Application time: 0.0425780 seconds
15.632: [GC15.632: [ParNew: 16484K->1550K(18048K), 0.0009520 secs] 32039K->17616K(57984K), 0.0009910 secs] [Times: user=0.01 sys=0.00, real=0.00 secs] 
15.633: Total time for which application threads were stopped: 0.0011750 seconds, Stopping threads took: 0.0001140 seconds
15.678: Application time: 0.0447390 seconds
15.678: [GC15.678: [ParNew: 17510K->1550K(18048K), 0.0010170 secs] 33577K->19192K(57984K), 0.0010490 secs] [Times: user=0.00 sys=0.01, real=0.00 secs] 
15.679: Total time for which application threads were stopped: 0.0011860 seconds, Stopping threads took: 0.0000690 seconds
15.720: Application time: 0.0408610 seconds
15.720: [GC15.720: [ParNew: 17521K->1548K(18048K), 0.0009460 secs] 35163K->20214K(57984K), 0.0009810 secs] [Times: user=0.00 sys=0.00, real=0.00 secs] 
15.721: Total time for which application threads were stopped: 0.0011350 seconds, Stopping threads took: 0.0000890 seconds
15.761: Application time: 0.0392790 seconds
15.761: [GC15.761: [ParNew: 17519K->1548K(18048K), 0.0007700 secs] 36185K->20726K(57984K), 0.0008010 secs] [Times: user=0.01 sys=0.00, real=0.00 secs] 
15.762: Total time for which application threads were stopped: 0.0009440 seconds, Stopping threads took: 0.0000830 seconds
15.802: Application time: 0.0407350 seconds
15.802: [GC15.802: [ParNew: 17519K->1550K(18048K), 0.0006730 secs] 36697K->20728K(57984K), 0.0007010 secs] [Times: user=0.00 sys=0.00, real=0.00 secs] 
15.803: Total time for which application threads were stopped: 0.0008310 seconds, Stopping threads took: 0.0000610 seconds
15.844: Application time: 0.0412240 seconds
15.845: [GC15.845: [ParNew: 17516K->1552K(18048K), 0.0006290 secs] 36695K->20730K(57984K), 0.0006600 secs] [Times: user=0.01 sys=0.00, real=0.01 secs] 
15.845: Total time for which application threads were stopped: 0.0008810 seconds, Stopping threads took: 0.0001640 seconds
15.886: Application time: 0.0406190 seconds
15.886: [GC15.886: [ParNew: 17518K->1550K(18048K), 0.0006130 secs] 36697K->20728K(57984K), 0.0006440 secs] [Times: user=0.01 sys=0.00, real=0.00 secs] 
15.887: Total time for which application threads were stopped: 0.0007820 seconds, Stopping threads took: 0.0000790 seconds
15.928: Application time: 0.0409140 seconds
15.928: [GC15.928: [ParNew: 17516K->1550K(18048K), 0.0005960 secs] 36695K->20728K(57984K), 0.0006230 secs] [Times: user=0.00 sys=0.00, real=0.00 secs] 
15.928: Total time for which application threads were stopped: 0.0007500 seconds, Stopping threads took: 0.0000700 seconds
15.967: Application time: 0.0384250 seconds
15.967: [GC15.967: [ParNew: 17512K->1546K(18048K), 0.0007740 secs] 36691K->21236K(57984K), 0.0008060 secs] [Times: user=0.00 sys=0.00, real=0.00 secs] 
15.968: Total time for which application threads were stopped: 0.0009540 seconds, Stopping threads took: 0.0000880 seconds
16.008: Application time: 0.0404790 seconds
16.008: [GC16.008: [ParNew: 17512K->1552K(18048K), 0.0007640 secs] 37203K->21754K(57984K), 0.0007930 secs] [Times: user=0.00 sys=0.00, real=0.00 secs] 
16.009: Total time for which application threads were stopped: 0.0009490 seconds, Stopping threads took: 0.0000900 seconds
16.049: Application time: 0.0401150 seconds
16.049: [GC16.049: [ParNew: 17523K->1548K(18048K), 0.0006050 secs] 37725K->21750K(57984K), 0.0006370 secs] [Times: user=0.01 sys=0.00, real=0.00 secs] 
16.050: Total time for which application threads were stopped: 0.0007600 seconds, Stopping threads took: 0.0000610 seconds
16.089: Application time: 0.0389820 seconds
16.089: [GC16.089: [ParNew: 17510K->1546K(18048K), 0.0007570 secs] 37713K->22260K(57984K), 0.0007910 secs] [Times: user=0.00 sys=0.00, real=0.00 secs] 
16.090: Total time for which application threads were stopped: 0.0009260 seconds, Stopping threads took: 0.0000730 seconds
16.131: Application time: 0.0407500 seconds
16.131: [GC16.131: [ParNew: 17589K->1580K(18048K), 0.0008280 secs] 38303K->22806K(57984K), 0.0008570 secs] [Times: user=0.00 sys=0.00, real=0.00 secs] 
16.132: Total time for which application threads were stopped: 0.0011560 seconds, Stopping threads took: 0.0002390 seconds
16.170: Application time: 0.0383350 seconds
16.170: [GC16.170: [ParNew: 17341K->1664K(18048K), 0.0009580 secs] 38568K->23978K(57984K), 0.0009890 secs] [Times: user=0.00 sys=0.00, real=0.00 secs] 
16.171: Total time for which application threads were stopped: 0.0011180 seconds, Stopping threads took: 0.0000660 seconds
16.213: Application time: 0.0414820 seconds
16.213: [GC16.213: [ParNew: 17358K->1636K(18048K), 0.0007060 secs] 39672K->24114K(57984K), 0.0007350 secs] [Times: user=0.00 sys=0.00, real=0.00 secs] 
16.214: Total time for which application threads were stopped: 0.0009020 seconds, Stopping threads took: 0.0000980 seconds
16.254: Application time: 0.0401590 seconds
16.254: [GC16.254: [ParNew: 17607K->1036K(18048K), 0.0005150 secs] 40085K->23642K(57984K), 0.0005440 secs] [Times: user=0.01 sys=0.00, real=0.00 secs] 
16.255: Total time for which application threads were stopped: 0.0006620 seconds, Stopping threads took: 0.0000610 seconds
16.295: Application time: 0.0408790 seconds
16.296: [GC16.296: [ParNew: 17006K->522K(18048K), 0.0003410 secs] 39613K->23128K(57984K), 0.0003660 secs] [Times: user=0.01 sys=0.00, real=0.00 secs] 
16.296: Total time for which application threads were stopped: 0.0004810 seconds, Stopping threads took: 0.0000600 seconds
16.335: Application time: 0.0393190 seconds
16.335: [GC16.335: [ParNew: 16488K->522K(18048K), 0.0004090 secs] 39095K->23128K(57984K), 0.0004380 secs] [Times: user=0.00 sys=0.00, real=0.00 secs] 
16.336: Total time for which application threads were stopped: 0.0007240 seconds, Stopping threads took: 0.0002190 seconds
16.373: Application time: 0.0372650 seconds
16.373: [GC16.373: [ParNew: 16468K->1548K(18048K), 0.0010850 secs] 39074K->25690K(57984K), 0.0011180 secs] [Times: user=0.01 sys=0.00, real=0.00 secs] 
16.374: Total time for which application threads were stopped: 0.0012640 seconds, Stopping threads took: 0.0000810 seconds
16.416: Application time: 0.0411260 seconds
16.416: [GC16.416: [ParNew: 17519K->1550K(18048K), 0.0009350 secs] 41661K->26716K(57984K), 0.0009680 secs] [Times: user=0.00 sys=0.00, real=0.00 secs] 
16.417: Total time for which application threads were stopped: 0.0010930 seconds, Stopping threads took: 0.0000620 seconds
16.457: Application time: 0.0406740 seconds
16.458: [GC16.458: [ParNew: 17523K->1548K(18048K), 0.0007380 secs] 42689K->26714K(57984K), 0.0007670 secs] [Times: user=0.00 sys=0.00, real=0.00 secs] 
16.458: Total time for which application threads were stopped: 0.0010430 seconds, Stopping threads took: 0.0002160 seconds
16.500: Application time: 0.0414880 seconds
16.500: [GC16.500: [ParNew: 17519K->1038K(18048K), 0.0005500 secs] 42685K->26204K(57984K), 0.0005780 secs] [Times: user=0.00 sys=0.00, real=0.00 secs] 
16.501: Total time for which application threads were stopped: 0.0007080 seconds, Stopping threads took: 0.0000750 seconds
16.540: Application time: 0.0389970 seconds
16.540: [GC16.540: [ParNew: 17000K->1550K(18048K), 0.0007010 secs] 42167K->26716K(57984K), 0.0007310 secs] [Times: user=0.01 sys=0.00, real=0.00 secs] 
16.540: Total time for which application threads were stopped: 0.0008740 seconds, Stopping threads took: 0.0000830 seconds
16.581: Application time: 0.0405640 seconds
16.581: [GC16.581: [ParNew: 17521K->1036K(18048K), 0.0005280 secs] 42687K->26202K(57984K), 0.0005550 secs] [Times: user=0.00 sys=0.00, real=0.00 secs] 
16.582: Total time for which application threads were stopped: 0.0006800 seconds, Stopping threads took: 0.0000630 seconds
16.621: Application time: 0.0390650 seconds
16.621: [GC16.621: [ParNew: 16998K->1552K(18048K), 0.0006600 secs] 42165K->26719K(57984K), 0.0006920 secs] [Times: user=0.00 sys=0.00, real=0.00 secs] 
16.622: Total time for which application threads were stopped: 0.0009950 seconds, Stopping threads took: 0.0002390 seconds
16.663: Application time: 0.0409280 seconds
16.663: [GC16.663: [ParNew: 17518K->1550K(18048K), 0.0005960 secs] 42685K->26716K(57984K), 0.0006250 secs] [Times: user=0.00 sys=0.00, real=0.00 secs] 
16.664: Total time for which application threads were stopped: 0.0007910 seconds, Stopping threads took: 0.0001060 seconds
16.703: Application time: 0.0390180 seconds
16.703: [GC16.703: [ParNew: 17512K->1550K(18048K), 0.0007760 secs] 42679K->27229K(57984K), 0.0008060 secs] [Times: user=0.01 sys=0.00, real=0.00 secs] 
16.704: Total time for which application threads were stopped: 0.0011250 seconds, Stopping threads took: 0.0002570 seconds
16.744: Application time: 0.0404120 seconds
16.744: [GC16.744: [ParNew: 17516K->1550K(18048K), 0.0007560 secs] 43195K->27741K(57984K), 0.0007860 secs] [Times: user=0.01 sys=0.00, real=0.00 secs] 
16.745: Total time for which application threads were stopped: 0.0009220 seconds, Stopping threads took: 0.0000680 seconds
16.786: Application time: 0.0412260 seconds
16.786: [GC16.786: [ParNew: 17521K->1544K(18048K), 0.0006600 secs] 43711K->27734K(57984K), 0.0006910 secs] [Times: user=0.00 sys=0.00, real=0.00 secs] 
16.787: Total time for which application threads were stopped: 0.0008470 seconds, Stopping threads took: 0.0000940 seconds
16.825: Application time: 0.0374640 seconds
16.825: [GC16.825: [ParNew: 17303K->1664K(18048K), 0.0008080 secs] 43494K->28367K(57984K), 0.0008390 secs] [Times: user=0.01 sys=0.00, real=0.01 secs] 
16.826: Total time for which application threads were stopped: 0.0009720 seconds, Stopping threads took: 0.0000710 seconds
16.865: Application time: 0.0399510 seconds
16.866: [GC16.866: [ParNew: 17353K->1636K(18048K), 0.0007040 secs] 44056K->28495K(57984K), 0.0007410 secs] [Times: user=0.00 sys=0.00, real=0.00 secs] 
16.867: Total time for which application threads were stopped: 0.0010470 seconds, Stopping threads took: 0.0002450 seconds
16.906: Application time: 0.0393450 seconds
16.906: [GC16.906: [ParNew: 17677K->1578K(18048K), 0.0008450 secs] 44536K->29069K(57984K), 0.0008730 secs] [Times: user=0.00 sys=0.00, real=0.00 secs] 
16.907: Total time for which application threads were stopped: 0.0009990 seconds, Stopping threads took: 0.0000660 seconds
16.948: Application time: 0.0410030 seconds
16.948: [GC16.948: [ParNew: 17546K->1548K(18048K), 0.0006200 secs] 45038K->29103K(57984K), 0.0006480 secs] [Times: user=0.01 sys=0.00, real=0.00 secs] 
16.949: Total time for which application threads were stopped: 0.0007640 seconds, Stopping threads took: 0.0000540 seconds
16.990: Application time: 0.0412970 seconds
16.990: [GC16.990: [ParNew: 17516K->1034K(18048K), 0.0004780 secs] 45072K->28589K(57984K), 0.0005040 secs] [Times: user=0.00 sys=0.00, real=0.00 secs] 
16.991: Total time for which application threads were stopped: 0.0006170 seconds, Stopping threads took: 0.0000590 seconds
17.029: Application time: 0.0388340 seconds
17.030: [GC17.030: [ParNew: 16992K->1548K(18048K), 0.0007550 secs] 44547K->29615K(57984K), 0.0007850 secs] [Times: user=0.01 sys=0.00, real=0.00 secs] 
17.030: Total time for which application threads were stopped: 0.0009240 seconds, Stopping threads took: 0.0000760 seconds
17.069: Application time: 0.0391170 seconds
17.070: [GC17.070: [ParNew: 17506K->1550K(18048K), 0.0010170 secs] 45573K->31153K(57984K), 0.0010490 secs] [Times: user=0.01 sys=0.00, real=0.00 secs] 
17.071: Total time for which application threads were stopped: 0.0011690 seconds, Stopping threads took: 0.0000550 seconds
17.112: Application time: 0.0410490 seconds
17.112: [GC17.112: [ParNew: 17521K->1550K(18048K), 0.0008870 secs] 47124K->32177K(57984K), 0.0009170 secs] [Times: user=0.01 sys=0.00, real=0.00 secs] 
17.113: Total time for which application threads were stopped: 0.0010480 seconds, Stopping threads took: 0.0000700 seconds
17.152: Application time: 0.0396950 seconds
17.153: [GC17.153: [ParNew: 17521K->1546K(18048K), 0.0008030 secs] 48148K->32685K(57984K), 0.0008340 secs] [Times: user=0.00 sys=0.00, real=0.00 secs] 
17.153: Total time for which application threads were stopped: 0.0009690 seconds, Stopping threads took: 0.0000690 seconds
17.194: Application time: 0.0403960 seconds
17.194: [GC17.194: [ParNew: 17504K->1552K(18048K), 0.0010280 secs] 48643K->34227K(57984K), 0.0010600 secs] [Times: user=0.00 sys=0.00, real=0.00 secs] 
17.195: Total time for which application threads were stopped: 0.0011970 seconds, Stopping threads took: 0.0000750 seconds
17.235: Application time: 0.0399640 seconds
17.235: [GC17.235: [ParNew: 17523K->1548K(18048K), 0.0009380 secs] 50198K->35247K(57984K), 0.0009690 secs] [Times: user=0.01 sys=0.00, real=0.00 secs] 
17.236: Total time for which application threads were stopped: 0.0011230 seconds, Stopping threads took: 0.0000930 seconds
17.276: Application time: 0.0403340 seconds
17.277: [GC17.277: [ParNew: 17519K->1550K(18048K), 0.0008630 secs] 51218K->35761K(57984K), 0.0009000 secs] [Times: user=0.01 sys=0.00, real=0.01 secs] 
17.277: Total time for which application threads were stopped: 0.0010440 seconds, Stopping threads took: 0.0000720 seconds
17.319: Application time: 0.0420120 seconds
17.320: [GC17.320: [ParNew: 17521K->1548K(18048K), 0.0006810 secs] 51732K->35759K(57984K), 0.0007090 secs] [Times: user=0.00 sys=0.00, real=0.00 secs] 
17.320: Total time for which application threads were stopped: 0.0008300 seconds, Stopping threads took: 0.0000600 seconds
17.361: Application time: 0.0410890 seconds
17.361: [GC17.362: [ParNew: 17519K->1038K(18048K), 0.0005240 secs] 51730K->35249K(57984K), 0.0005560 secs] [Times: user=0.00 sys=0.00, real=0.00 secs] 
17.362: Total time for which application threads were stopped: 0.0006830 seconds, Stopping threads took: 0.0000670 seconds
17.403: Application time: 0.0412770 seconds
17.403: [GC17.403: [ParNew: 17004K->1038K(18048K), 0.0004910 secs] 51216K->35249K(57984K), 0.0005300 secs] [Times: user=0.00 sys=0.00, real=0.00 secs] 
17.404: Total time for which application threads were stopped: 0.0006600 seconds, Stopping threads took: 0.0000710 seconds
17.443: Application time: 0.0393230 seconds
17.443: [GC17.443: [ParNew: 17000K->1548K(18048K), 0.0006540 secs] 51212K->35759K(57984K), 0.0006820 secs] [Times: user=0.01 sys=0.00, real=0.00 secs] 
17.444: Total time for which application threads were stopped: 0.0008090 seconds, Stopping threads took: 0.0000680 seconds
17.483: Application time: 0.0392540 seconds
17.484: [GC17.484: [ParNew: 17510K->1550K(18048K), 0.0007620 secs] 51722K->36273K(57984K), 0.0007960 secs] [Times: user=0.01 sys=0.00, real=0.00 secs] 
17.484: Total time for which application threads were stopped: 0.0009580 seconds, Stopping threads took: 0.0000970 seconds
17.525: Application time: 0.0411410 seconds
17.526: [GC17.526: [ParNew: 17402K->662K(18048K), 0.0005420 secs] 52125K->35385K(57984K), 0.0005700 secs] [Times: user=0.00 sys=0.00, real=0.00 secs] 
17.526: Total time for which application threads were stopped: 0.0008620 seconds, Stopping threads took: 0.0002340 seconds
17.563: Application time: 0.0364240 seconds
17.563: [GC17.563: [ParNew: 16333K->1774K(18048K), 0.0011720 secs] 51056K->38033K(57984K), 0.0012040 secs] [Times: user=0.01 sys=0.00, real=0.00 secs] 
17.564: Total time for which application threads were stopped: 0.0013380 seconds, Stopping threads took: 0.0000720 seconds
17.605: Application time: 0.0405380 seconds
17.605: [GC17.605: [ParNew: 17745K->1550K(18048K), 0.0009970 secs] 54004K->39101K(57984K), 0.0010260 secs] [Times: user=0.00 sys=0.00, real=0.01 secs] 
17.606: Total time for which application threads were stopped: 0.0012000 seconds, Stopping threads took: 0.0001050 seconds
17.647: Application time: 0.0412350 seconds
17.647: [GC17.647: [ParNew: 17521K->1550K(18048K), 0.0006270 secs] 55072K->39101K(57984K), 0.0006570 secs] [Times: user=0.01 sys=0.00, real=0.00 secs] 
17.648: Total time for which application threads were stopped: 0.0007950 seconds, Stopping threads took: 0.0000800 seconds
17.688: Application time: 0.0405380 seconds
17.689: [GC17.689: [ParNew: 17521K->1036K(18048K), 0.0005410 secs] 55072K->38587K(57984K), 0.0005690 secs] [Times: user=0.00 sys=0.00, real=0.00 secs] 
17.689: Total time for which application threads were stopped: 0.0007500 seconds, Stopping threads took: 0.0001260 seconds
17.729: Application time: 0.0399600 seconds
17.729: [GC17.729: [ParNew: 17006K->1038K(18048K), 0.0004920 secs] 54558K->38589K(57984K), 0.0005210 secs] [Times: user=0.01 sys=0.00, real=0.00 secs] 
17.730: Total time for which application threads were stopped: 0.0007960 seconds, Stopping threads took: 0.0002150 seconds
17.771: Application time: 0.0411880 seconds
17.771: [GC17.771: [ParNew: 17009K->524K(18048K), 0.0003560 secs] 54560K->38075K(57984K), 0.0003830 secs] [Times: user=0.00 sys=0.00, real=0.00 secs] 
17.772: Total time for which application threads were stopped: 0.0006260 seconds, Stopping threads took: 0.0001890 seconds
17.811: Application time: 0.0394510 seconds
17.811: [GC17.811: [ParNew: 16490K->526K(18048K), 0.0003620 secs] 54042K->38077K(57984K), 0.0003890 secs] [Times: user=0.01 sys=0.00, real=0.00 secs] 
17.812: Total time for which application threads were stopped: 0.0005240 seconds, Stopping threads took: 0.0000660 seconds
17.849: Application time: 0.0373460 seconds
17.849: [GC17.849: [ParNew: 16472K->1552K(18048K), 0.0010550 secs] 54023K->40639K(57984K), 0.0010870 secs] [Times: user=0.01 sys=0.00, real=0.00 secs] 
17.850: Total time for which application threads were stopped: 0.0012560 seconds, Stopping threads took: 0.0001030 seconds
17.889: Application time: 0.0387600 seconds
17.889: [GC17.889: [ParNew: 17518K->17518K(18048K), 0.0000110 secs]17.889: [Tenured: 39087K->11076K(39936K), 0.0075680 secs] 56606K->11076K(57984K), [Perm : 5131K->5131K(21248K)], 0.0076220 secs] [Times: user=0.01 sys=0.01, real=0.00 secs] 
17.897: Total time for which application threads were stopped: 0.0077720 seconds, Stopping threads took: 0.0000790 seconds
17.938: Application time: 0.0408380 seconds
17.938: [GC17.938: [ParNew: 15970K->1550K(18048K), 0.0009840 secs] 27046K->13650K(57984K), 0.0010220 secs] [Times: user=0.01 sys=0.00, real=0.00 secs] 
17.939: Total time for which application threads were stopped: 0.0011530 seconds, Stopping threads took: 0.0000660 seconds
17.979: Application time: 0.0405680 seconds
17.980: [GC17.980: [ParNew: 17521K->1548K(18048K), 0.0008620 secs] 29621K->14160K(57984K), 0.0008900 secs] [Times: user=0.01 sys=0.00, real=0.00 secs] 
17.980: Total time for which application threads were stopped: 0.0010130 seconds, Stopping threads took: 0.0000620 seconds
18.021: Application time: 0.0403940 seconds
18.021: [GC18.021: [ParNew: 17519K->1548K(18048K), 0.0006340 secs] 30131K->14160K(57984K), 0.0006640 secs] [Times: user=0.00 sys=0.00, real=0.00 secs] 
18.022: Total time for which application threads were stopped: 0.0007790 seconds, Stopping threads took: 0.0000550 seconds
18.061: Application time: 0.0397800 seconds
18.062: [GC18.062: [ParNew: 17519K->1038K(18048K), 0.0004390 secs] 30131K->13650K(57984K), 0.0004690 secs] [Times: user=0.00 sys=0.00, real=0.00 secs] 
18.062: Total time for which application threads were stopped: 0.0005910 seconds, Stopping threads took: 0.0000630 seconds
18.101: Application time: 0.0389650 seconds
18.101: [GC18.101: [ParNew: 16992K->1550K(18048K), 0.0007620 secs] 29604K->14674K(57984K), 0.0007920 secs] [Times: user=0.01 sys=0.00, real=0.00 secs] 
18.102: Total time for which application threads were stopped: 0.0009100 seconds, Stopping threads took: 0.0000610 seconds
18.139: Application time: 0.0370430 seconds
18.139: [GC18.139: [ParNew: 17512K->1548K(18048K), 0.0011420 secs] 30636K->16208K(57984K), 0.0011750 secs] [Times: user=0.01 sys=0.00, real=0.00 secs] 
18.140: Total time for which application threads were stopped: 0.0013230 seconds, Stopping threads took: 0.0000820 seconds
18.181: Application time: 0.0402640 seconds
18.181: [GC18.181: [ParNew: 17398K->1692K(18048K), 0.0008350 secs] 32058K->16864K(57984K), 0.0008660 secs] [Times: user=0.01 sys=0.00, real=0.00 secs] 
18.182: Total time for which application threads were stopped: 0.0009940 seconds, Stopping threads took: 0.0000660 seconds
18.222: Application time: 0.0403410 seconds
18.222: [GC18.222: [ParNew: 17741K->1580K(18048K), 0.0006510 secs] 32913K->16940K(57984K), 0.0006830 secs] [Times: user=0.01 sys=0.00, real=0.00 secs] 
18.223: Total time for which application threads were stopped: 0.0008320 seconds, Stopping threads took: 0.0000900 seconds
18.263: Application time: 0.0404500 seconds
18.263: [GC18.263: [ParNew: 17195K->584K(18048K), 0.0003540 secs] 32556K->16016K(57984K), 0.0003830 secs] [Times: user=0.00 sys=0.00, real=0.00 secs] 
18.264: Total time for which application threads were stopped: 0.0005140 seconds, Stopping threads took: 0.0000760 seconds
18.302: Application time: 0.0384220 seconds
18.302: [GC18.302: [ParNew: 16550K->584K(18048K), 0.0003580 secs] 31983K->16016K(57984K), 0.0003860 secs] [Times: user=0.00 sys=0.00, real=0.00 secs] 
18.303: Total time for which application threads were stopped: 0.0004940 seconds, Stopping threads took: 0.0000530 seconds
18.341: Application time: 0.0384580 seconds
18.341: [GC18.341: [ParNew: 16542K->1606K(18048K), 0.0006780 secs] 31975K->17038K(57984K), 0.0007070 secs] [Times: user=0.00 sys=0.00, real=0.00 secs] 
18.342: Total time for which application threads were stopped: 0.0010910 seconds, Stopping threads took: 0.0003170 seconds
18.379: Application time: 0.0372340 seconds
18.379: [GC18.380: [ParNew: 17564K->1548K(18048K), 0.0010390 secs] 32997K->18100K(57984K), 0.0010710 secs] [Times: user=0.01 sys=0.00, real=0.00 secs] 
18.381: Total time for which application threads were stopped: 0.0012060 seconds, Stopping threads took: 0.0000730 seconds
18.421: Application time: 0.0402330 seconds
18.421: [GC18.421: [ParNew: 17514K->1550K(18048K), 0.0009190 secs] 34067K->19126K(57984K), 0.0009520 secs] [Times: user=0.01 sys=0.00, real=0.00 secs] 
18.422: Total time for which application threads were stopped: 0.0010860 seconds, Stopping threads took: 0.0000610 seconds
18.463: Application time: 0.0407840 seconds
18.463: [GC18.463: [ParNew: 17518K->1548K(18048K), 0.0007940 secs] 35095K->19636K(57984K), 0.0008220 secs] [Times: user=0.01 sys=0.00, real=0.00 secs] 
18.464: Total time for which application threads were stopped: 0.0009670 seconds, Stopping threads took: 0.0000840 seconds
18.503: Application time: 0.0394610 seconds
18.503: [GC18.503: [ParNew: 17519K->1548K(18048K), 0.0006150 secs] 35607K->19636K(57984K), 0.0006420 secs] [Times: user=0.01 sys=0.00, real=0.00 secs] 
18.504: Total time for which application threads were stopped: 0.0007670 seconds, Stopping threads took: 0.0000660 seconds
18.544: Application time: 0.0404800 seconds
18.544: [GC18.545: [ParNew: 17519K->1036K(18048K), 0.0004380 secs] 35607K->19124K(57984K), 0.0004660 secs] [Times: user=0.00 sys=0.00, real=0.00 secs] 
18.545: Total time for which application threads were stopped: 0.0006000 seconds, Stopping threads took: 0.0000770 seconds
18.585: Application time: 0.0400120 seconds
18.585: [GC18.585: [ParNew: 17002K->1040K(18048K), 0.0004610 secs] 35091K->19128K(57984K), 0.0004900 secs] [Times: user=0.00 sys=0.00, real=0.01 secs] 
18.586: Total time for which application threads were stopped: 0.0006320 seconds, Stopping threads took: 0.0000640 seconds
18.625: Application time: 0.0391710 seconds
18.625: [GC18.625: [ParNew: 17011K->524K(18048K), 0.0003130 secs] 35099K->18612K(57984K), 0.0003410 secs] [Times: user=0.01 sys=0.00, real=0.01 secs] 
18.625: Total time for which application threads were stopped: 0.0005920 seconds, Stopping threads took: 0.0001960 seconds
18.664: Application time: 0.0390740 seconds
18.665: [GC18.665: [ParNew: 16490K->524K(18048K), 0.0003500 secs] 34579K->18612K(57984K), 0.0003780 secs] [Times: user=0.00 sys=0.00, real=0.00 secs] 
18.665: Total time for which application threads were stopped: 0.0005160 seconds, Stopping threads took: 0.0000790 seconds
18.703: Application time: 0.0380970 seconds
18.703: [GC18.703: [ParNew: 16482K->1546K(18048K), 0.0006640 secs] 34571K->19634K(57984K), 0.0006920 secs] [Times: user=0.00 sys=0.00, real=0.00 secs] 
18.704: Total time for which application threads were stopped: 0.0008150 seconds, Stopping threads took: 0.0000650 seconds
18.743: Application time: 0.0393270 seconds
18.744: [GC18.744: [ParNew: 17512K->1546K(18048K), 0.0007130 secs] 35601K->19634K(57984K), 0.0007390 secs] [Times: user=0.00 sys=0.00, real=0.00 secs] 
18.744: Total time for which application threads were stopped: 0.0010570 seconds, Stopping threads took: 0.0002600 seconds
18.783: Application time: 0.0389730 seconds
18.783: [GC18.783: [ParNew: 17512K->1546K(18048K), 0.0006930 secs] 35601K->19634K(57984K), 0.0007240 secs] [Times: user=0.01 sys=0.00, real=0.00 secs] 
18.784: Total time for which application threads were stopped: 0.0008630 seconds, Stopping threads took: 0.0000780 seconds
18.825: Application time: 0.0404170 seconds
18.825: [GC18.825: [ParNew: 17595K->1064K(18048K), 0.0005620 secs] 35683K->19152K(57984K), 0.0005880 secs] [Times: user=0.00 sys=0.00, real=0.01 secs] 
18.825: Total time for which application threads were stopped: 0.0007710 seconds, Stopping threads took: 0.0001250 seconds
18.864: Application time: 0.0382780 seconds
18.864: [GC18.864: [ParNew: 16823K->1664K(18048K), 0.0006410 secs] 34912K->19824K(57984K), 0.0006740 secs] [Times: user=0.00 sys=0.00, real=0.00 secs] 
18.864: Total time for which application threads were stopped: 0.0008010 seconds, Stopping threads took: 0.0000550 seconds
18.901: Application time: 0.0364050 seconds
18.901: [GC18.901: [ParNew: 17269K->1608K(18048K), 0.0008160 secs] 35430K->20440K(57984K), 0.0008480 secs] [Times: user=0.00 sys=0.00, real=0.00 secs] 
18.902: Total time for which application threads were stopped: 0.0009810 seconds, Stopping threads took: 0.0000710 seconds
18.942: Application time: 0.0403110 seconds
18.942: [GC18.942: [ParNew: 17655K->1580K(18048K), 0.0006670 secs] 36488K->20517K(57984K), 0.0007040 secs] [Times: user=0.01 sys=0.00, real=0.00 secs] 
18.943: Total time for which application threads were stopped: 0.0010550 seconds, Stopping threads took: 0.0002910 seconds
18.983: Application time: 0.0394740 seconds
18.983: [GC18.983: [ParNew: 17542K->1548K(18048K), 0.0008660 secs] 36479K->21052K(57984K), 0.0008960 secs] [Times: user=0.00 sys=0.00, real=0.00 secs] 
18.984: Total time for which application threads were stopped: 0.0010370 seconds, Stopping threads took: 0.0000780 seconds
19.024: Application time: 0.0399050 seconds
19.024: [GC19.024: [ParNew: 17521K->1036K(18048K), 0.0005650 secs] 37025K->20540K(57984K), 0.0005920 secs] [Times: user=0.00 sys=0.00, real=0.00 secs] 
19.024: Total time for which application threads were stopped: 0.0006970 seconds, Stopping threads took: 0.0000520 seconds
19.062: Application time: 0.0375690 seconds
19.062: [GC19.062: [ParNew: 16994K->1550K(18048K), 0.0007830 secs] 36499K->21567K(57984K), 0.0008130 secs] [Times: user=0.01 sys=0.00, real=0.00 secs] 
19.063: Total time for which application threads were stopped: 0.0009380 seconds, Stopping threads took: 0.0000650 seconds
19.103: Application time: 0.0399410 seconds
19.103: [GC19.103: [ParNew: 17512K->1548K(18048K), 0.0009540 secs] 37529K->22589K(57984K), 0.0009860 secs] [Times: user=0.00 sys=0.00, real=0.00 secs] 
19.104: Total time for which application threads were stopped: 0.0012280 seconds, Stopping threads took: 0.0001810 seconds
19.142: Application time: 0.0383280 seconds
19.142: [GC19.142: [ParNew: 17510K->1550K(18048K), 0.0012220 secs] 38551K->24127K(57984K), 0.0012560 secs] [Times: user=0.01 sys=0.00, real=0.00 secs] 
19.144: Total time for which application threads were stopped: 0.0013910 seconds, Stopping threads took: 0.0000690 seconds
19.183: Application time: 0.0395950 seconds
19.183: [GC19.183: [ParNew: 17521K->1550K(18048K), 0.0009700 secs] 40097K->25151K(57984K), 0.0010020 secs] [Times: user=0.00 sys=0.00, real=0.00 secs] 
19.184: Total time for which application threads were stopped: 0.0011350 seconds, Stopping threads took: 0.0000700 seconds
19.225: Application time: 0.0407170 seconds
19.225: [GC19.225: [ParNew: 17521K->1552K(18048K), 0.0007640 secs] 41122K->25665K(57984K), 0.0007940 secs] [Times: user=0.00 sys=0.00, real=0.00 secs] 
19.226: Total time for which application threads were stopped: 0.0009840 seconds, Stopping threads took: 0.0001290 seconds
19.266: Application time: 0.0394560 seconds
19.266: [GC19.266: [ParNew: 17523K->1550K(18048K), 0.0006580 secs] 41636K->25703K(57984K), 0.0006870 secs] [Times: user=0.00 sys=0.00, real=0.00 secs] 
19.267: Total time for which application threads were stopped: 0.0009760 seconds, Stopping threads took: 0.0002290 seconds
19.306: Application time: 0.0392420 seconds
19.306: [GC19.306: [ParNew: 17516K->1548K(18048K), 0.0005940 secs] 41669K->25701K(57984K), 0.0006230 secs] [Times: user=0.00 sys=0.00, real=0.00 secs] 
19.307: Total time for which application threads were stopped: 0.0007520 seconds, Stopping threads took: 0.0000710 seconds
19.346: Application time: 0.0392430 seconds
19.346: [GC19.346: [ParNew: 17506K->1550K(18048K), 0.0009730 secs] 41659K->26727K(57984K), 0.0010030 secs] [Times: user=0.01 sys=0.00, real=0.00 secs] 
19.347: Total time for which application threads were stopped: 0.0011500 seconds, Stopping threads took: 0.0000850 seconds
19.385: Application time: 0.0380110 seconds
19.385: [GC19.385: [ParNew: 17521K->1552K(18048K), 0.0007760 secs] 42698K->27241K(57984K), 0.0008070 secs] [Times: user=0.01 sys=0.00, real=0.01 secs] 
19.386: Total time for which application threads were stopped: 0.0009520 seconds, Stopping threads took: 0.0000740 seconds
19.427: Application time: 0.0411570 seconds
19.427: [GC19.427: [ParNew: 17523K->1550K(18048K), 0.0006940 secs] 43212K->27239K(57984K), 0.0007220 secs] [Times: user=0.00 sys=0.00, real=0.00 secs] 
19.428: Total time for which application threads were stopped: 0.0009730 seconds, Stopping threads took: 0.0001890 seconds
19.469: Application time: 0.0406260 seconds
19.469: [GC19.469: [ParNew: 17512K->1552K(18048K), 0.0007750 secs] 43201K->27753K(57984K), 0.0008160 secs] [Times: user=0.00 sys=0.00, real=0.00 secs] 
19.470: Total time for which application threads were stopped: 0.0009390 seconds, Stopping threads took: 0.0000610 seconds
19.508: Application time: 0.0381160 seconds
19.508: [GC19.508: [ParNew: 17246K->1124K(18048K), 0.0004960 secs] 43447K->27325K(57984K), 0.0005230 secs] [Times: user=0.00 sys=0.00, real=0.00 secs] 
19.508: Total time for which application threads were stopped: 0.0006590 seconds, Stopping threads took: 0.0000830 seconds
19.547: Application time: 0.0385140 seconds
19.547: [GC19.547: [ParNew: 16809K->1124K(18048K), 0.0005090 secs] 43010K->27461K(57984K), 0.0005350 secs] [Times: user=0.01 sys=0.00, real=0.00 secs] 
19.548: Total time for which application threads were stopped: 0.0006550 seconds, Stopping threads took: 0.0000640 seconds
19.586: Application time: 0.0381470 seconds
19.586: [GC19.586: [ParNew: 17169K->1064K(18048K), 0.0004940 secs] 43506K->27533K(57984K), 0.0005230 secs] [Times: user=0.00 sys=0.00, real=0.00 secs] 
19.586: Total time for which application threads were stopped: 0.0006420 seconds, Stopping threads took: 0.0000640 seconds
19.627: Application time: 0.0408100 seconds
19.627: [GC19.627: [ParNew: 17111K->554K(18048K), 0.0003440 secs] 43580K->27091K(57984K), 0.0003710 secs] [Times: user=0.00 sys=0.00, real=0.00 secs] 
19.628: Total time for which application threads were stopped: 0.0005580 seconds, Stopping threads took: 0.0001320 seconds
19.663: Application time: 0.0355160 seconds
19.663: [GC19.663: [ParNew: 16496K->1580K(18048K), 0.0012270 secs] 43033K->29653K(57984K), 0.0012580 secs] [Times: user=0.00 sys=0.00, real=0.00 secs] 
19.665: Total time for which application threads were stopped: 0.0014190 seconds, Stopping threads took: 0.0000970 seconds
19.705: Application time: 0.0404470 seconds
19.705: [GC19.705: [ParNew: 17553K->1550K(18048K), 0.0010300 secs] 45626K->30695K(57984K), 0.0010590 secs] [Times: user=0.01 sys=0.00, real=0.00 secs] 
19.706: Total time for which application threads were stopped: 0.0012030 seconds, Stopping threads took: 0.0000800 seconds
19.745: Application time: 0.0389120 seconds
19.749: [GC19.749: [ParNew: 17516K->1546K(18048K), 0.0008420 secs] 46662K->31203K(57984K), 0.0008740 secs] [Times: user=0.00 sys=0.01, real=0.00 secs] 
19.750: Total time for which application threads were stopped: 0.0048140 seconds, Stopping threads took: 0.0038730 seconds
19.791: Application time: 0.0408700 seconds
19.791: [GC19.791: [ParNew: 17519K->1034K(18048K), 0.0005150 secs] 47176K->30691K(57984K), 0.0005470 secs] [Times: user=0.00 sys=0.00, real=0.00 secs] 
19.792: Total time for which application threads were stopped: 0.0007060 seconds, Stopping threads took: 0.0000980 seconds
19.832: Application time: 0.0407830 seconds
19.833: [GC19.833: [ParNew: 17007K->526K(18048K), 0.0003500 secs] 46664K->30183K(57984K), 0.0003800 secs] [Times: user=0.00 sys=0.00, real=0.00 secs] 
19.833: Total time for which application threads were stopped: 0.0004990 seconds, Stopping threads took: 0.0000610 seconds
19.871: Application time: 0.0377140 seconds
19.871: [GC19.871: [ParNew: 16484K->1546K(18048K), 0.0007550 secs] 46141K->31203K(57984K), 0.0007840 secs] [Times: user=0.01 sys=0.00, real=0.00 secs] 
19.872: Total time for which application threads were stopped: 0.0011630 seconds, Stopping threads took: 0.0003200 seconds
19.909: Application time: 0.0376570 seconds
19.910: [GC19.910: [ParNew: 17500K->1550K(18048K), 0.0012090 secs] 47157K->32743K(57984K), 0.0012410 secs] [Times: user=0.01 sys=0.00, real=0.00 secs] 
19.911: Total time for which application threads were stopped: 0.0014020 seconds, Stopping threads took: 0.0000870 seconds
19.953: Application time: 0.0421140 seconds
19.953: [GC19.953: [ParNew: 17518K->1548K(18048K), 0.0009210 secs] 48712K->33765K(57984K), 0.0009520 secs] [Times: user=0.01 sys=0.00, real=0.00 secs] 
19.954: Total time for which application threads were stopped: 0.0010710 seconds, Stopping threads took: 0.0000560 seconds
19.995: Application time: 0.0405580 seconds
19.995: [GC19.995: [ParNew: 17519K->1552K(18048K), 0.0007660 secs] 49736K->34281K(57984K), 0.0008030 secs] [Times: user=0.00 sys=0.00, real=0.00 secs] 
19.996: Total time for which application threads were stopped: 0.0009240 seconds, Stopping threads took: 0.0000620 seconds
20.036: Application time: 0.0404780 seconds
20.036: [GC20.036: [ParNew: 17525K->1036K(18048K), 0.0004400 secs] 50254K->33765K(57984K), 0.0004680 secs] [Times: user=0.00 sys=0.00, real=0.00 secs] 
20.037: Total time for which application threads were stopped: 0.0006870 seconds, Stopping threads took: 0.0001620 seconds
20.076: Application time: 0.0389780 seconds
20.076: [GC20.076: [ParNew: 16998K->1546K(18048K), 0.0006640 secs] 49728K->34275K(57984K), 0.0006930 secs] [Times: user=0.00 sys=0.00, real=0.00 secs] 
20.077: Total time for which application threads were stopped: 0.0008180 seconds, Stopping threads took: 0.0000650 seconds
20.117: Application time: 0.0401250 seconds
20.117: [GC20.117: [ParNew: 17516K->1034K(18048K), 0.0004690 secs] 50246K->33763K(57984K), 0.0004940 secs] [Times: user=0.01 sys=0.00, real=0.01 secs] 
20.117: Total time for which application threads were stopped: 0.0006680 seconds, Stopping threads took: 0.0001190 seconds
20.156: Application time: 0.0388030 seconds
20.156: [GC20.156: [ParNew: 16645K->584K(18048K), 0.0003250 secs] 49374K->33313K(57984K), 0.0003520 secs] [Times: user=0.00 sys=0.00, real=0.00 secs] 
20.157: Total time for which application threads were stopped: 0.0005090 seconds, Stopping threads took: 0.0001030 seconds
20.193: Application time: 0.0359670 seconds
20.193: [GC20.193: [ParNew: 16183K->1660K(18048K), 0.0012230 secs] 48912K->34901K(57984K), 0.0012540 secs] [Times: user=0.00 sys=0.00, real=0.00 secs] 
20.194: Total time for which application threads were stopped: 0.0013830 seconds, Stopping threads took: 0.0000710 seconds
20.232: Application time: 0.0378760 seconds
20.232: [GC20.232: [ParNew: 17263K->1606K(18048K), 0.0010620 secs] 50504K->36035K(57984K), 0.0010950 secs] [Times: user=0.00 sys=0.00, real=0.00 secs] 
20.233: Total time for which application threads were stopped: 0.0012210 seconds, Stopping threads took: 0.0000560 seconds
20.272: Application time: 0.0390810 seconds
20.272: [GC20.272: [ParNew: 17219K->1608K(18048K), 0.0008540 secs] 51649K->36658K(57984K), 0.0008840 secs] [Times: user=0.00 sys=0.00, real=0.00 secs] 
20.273: Total time for which application threads were stopped: 0.0010140 seconds, Stopping threads took: 0.0000570 seconds
20.314: Application time: 0.0404820 seconds
20.314: [GC20.314: [ParNew: 17579K->1550K(18048K), 0.0006490 secs] 52628K->36696K(57984K), 0.0006760 secs] [Times: user=0.00 sys=0.00, real=0.00 secs] 
20.314: Total time for which application threads were stopped: 0.0008040 seconds, Stopping threads took: 0.0000690 seconds
20.354: Application time: 0.0393810 seconds
20.354: [GC20.354: [ParNew: 17516K->1548K(18048K), 0.0006920 secs] 52662K->36693K(57984K), 0.0007190 secs] [Times: user=0.00 sys=0.00, real=0.00 secs] 
20.355: Total time for which application threads were stopped: 0.0008310 seconds, Stopping threads took: 0.0000520 seconds
20.395: Application time: 0.0406310 seconds
20.395: [GC20.395: [ParNew: 17521K->522K(18048K), 0.0003430 secs] 52666K->35667K(57984K), 0.0003710 secs] [Times: user=0.00 sys=0.00, real=0.00 secs] 
20.396: Total time for which application threads were stopped: 0.0004790 seconds, Stopping threads took: 0.0000520 seconds
20.431: Application time: 0.0356720 seconds
20.432: [GC20.432: [ParNew: 16468K->1552K(18048K), 0.0011680 secs] 51613K->38234K(57984K), 0.0012010 secs] [Times: user=0.01 sys=0.00, real=0.00 secs] 
20.433: Total time for which application threads were stopped: 0.0013490 seconds, Stopping threads took: 0.0000720 seconds
20.471: Application time: 0.0386540 seconds
20.472: [GC20.472: [ParNew: 17523K->1550K(18048K), 0.0009960 secs] 54204K->39256K(57984K), 0.0010290 secs] [Times: user=0.01 sys=0.00, real=0.00 secs] 
20.473: Total time for which application threads were stopped: 0.0011700 seconds, Stopping threads took: 0.0000760 seconds
20.513: Application time: 0.0405040 seconds
20.513: [GC20.513: [ParNew: 17521K->1548K(18048K), 0.0008000 secs] 55226K->39766K(57984K), 0.0008400 secs] [Times: user=0.01 sys=0.00, real=0.00 secs] 
20.514: Total time for which application threads were stopped: 0.0009880 seconds, Stopping threads took: 0.0000870 seconds
20.554: Application time: 0.0398700 seconds
20.554: [GC20.554: [ParNew: 17519K->1548K(18048K), 0.0006340 secs] 55736K->39766K(57984K), 0.0006630 secs] [Times: user=0.01 sys=0.00, real=0.00 secs] 
20.555: Total time for which application threads were stopped: 0.0007820 seconds, Stopping threads took: 0.0000610 seconds
20.593: Application time: 0.0383710 seconds
20.593: [GC20.593: [ParNew: 17514K->1550K(18048K), 0.0006450 secs] 55732K->39768K(57984K), 0.0006750 secs] [Times: user=0.00 sys=0.00, real=0.00 secs] 
20.594: Total time for which application threads were stopped: 0.0008180 seconds, Stopping threads took: 0.0000830 seconds
20.633: Application time: 0.0387740 seconds
20.633: [GC20.633: [ParNew: 17508K->1548K(18048K), 0.0008240 secs] 55726K->40278K(57984K), 0.0008550 secs] [Times: user=0.00 sys=0.00, real=0.00 secs] 
20.634: Total time for which application threads were stopped: 0.0010000 seconds, Stopping threads took: 0.0000860 seconds
20.673: Application time: 0.0395720 seconds
20.673: [GC20.673: [ParNew: 17519K->1550K(18048K), 0.0007850 secs] 56248K->40792K(57984K), 0.0008150 secs] [Times: user=0.00 sys=0.00, real=0.00 secs] 
20.674: Total time for which application threads were stopped: 0.0009430 seconds, Stopping threads took: 0.0000670 seconds
20.714: Application time: 0.0400070 seconds
20.714: [GC20.714: [ParNew: 17521K->1550K(18048K), 0.0006910 secs] 56762K->40792K(57984K), 0.0007200 secs] [Times: user=0.01 sys=0.00, real=0.00 secs] 
20.715: Total time for which application threads were stopped: 0.0008540 seconds, Stopping threads took: 0.0000740 seconds
20.754: Application time: 0.0386100 seconds
20.754: [GC20.754: [ParNew: 17516K->1546K(18048K), 0.0007140 secs] 56758K->40788K(57984K), 0.0007410 secs] [Times: user=0.00 sys=0.00, real=0.00 secs] 
20.755: Total time for which application threads were stopped: 0.0008550 seconds, Stopping threads took: 0.0000590 seconds
20.794: Application time: 0.0395440 seconds
20.794: [GC20.794: [ParNew: 17508K->1550K(18048K), 0.0007550 secs] 56750K->41304K(57984K), 0.0007850 secs] [Times: user=0.01 sys=0.00, real=0.00 secs] 
20.795: Total time for which application threads were stopped: 0.0009130 seconds, Stopping threads took: 0.0000670 seconds
20.833: Application time: 0.0381900 seconds
20.833: [GC20.833: [ParNew: 17157K->17157K(18048K), 0.0000110 secs]20.833: [Tenured: 39753K->8485K(39936K), 0.0087870 secs] 56911K->8485K(57984K), [Perm : 5140K->5139K(21248K)], 0.0088470 secs] [Times: user=0.01 sys=0.00, real=0.01 secs] 
20.842: Total time for which application threads were stopped: 0.0090020 seconds, Stopping threads took: 0.0000830 seconds
20.880: Application time: 0.0382320 seconds
20.881: [GC20.881: [ParNew: 15689K->1636K(18048K), 0.0006680 secs] 24174K->10121K(57984K), 0.0006970 secs] [Times: user=0.01 sys=0.00, real=0.00 secs] 
20.881: Total time for which application threads were stopped: 0.0008520 seconds, Stopping threads took: 0.0000950 seconds
20.920: Application time: 0.0391350 seconds
20.921: [GC20.921: [ParNew: 17672K->1580K(18048K), 0.0011860 secs] 26158K->11741K(57984K), 0.0012210 secs] [Times: user=0.01 sys=0.00, real=0.00 secs] 
20.922: Total time for which application threads were stopped: 0.0013730 seconds, Stopping threads took: 0.0000860 seconds
20.961: Application time: 0.0394290 seconds
20.961: [GC20.961: [ParNew: 17195K->1608K(18048K), 0.0008230 secs] 27356K->12329K(57984K), 0.0008520 secs] [Times: user=0.00 sys=0.00, real=0.00 secs] 
20.962: Total time for which application threads were stopped: 0.0009910 seconds, Stopping threads took: 0.0000680 seconds
21.001: Application time: 0.0391140 seconds
21.002: [GC21.002: [ParNew: 17579K->1552K(18048K), 0.0006360 secs] 28300K->12377K(57984K), 0.0006640 secs] [Times: user=0.01 sys=0.00, real=0.00 secs] 
21.002: Total time for which application threads were stopped: 0.0008630 seconds, Stopping threads took: 0.0001330 seconds
21.042: Application time: 0.0398220 seconds
21.042: [GC21.042: [ParNew: 17518K->1550K(18048K), 0.0006410 secs] 28344K->12375K(57984K), 0.0006690 secs] [Times: user=0.00 sys=0.00, real=0.00 secs] 
21.043: Total time for which application threads were stopped: 0.0007910 seconds, Stopping threads took: 0.0000640 seconds
21.081: Application time: 0.0383780 seconds
21.082: [GC21.082: [ParNew: 17521K->1038K(18048K), 0.0004630 secs] 28346K->11863K(57984K), 0.0004890 secs] [Times: user=0.00 sys=0.00, real=0.00 secs] 
21.082: Total time for which application threads were stopped: 0.0007990 seconds, Stopping threads took: 0.0002540 seconds
21.121: Application time: 0.0385710 seconds
21.121: [GC21.121: [ParNew: 17000K->1550K(18048K), 0.0006410 secs] 27826K->12375K(57984K), 0.0006700 secs] [Times: user=0.00 sys=0.00, real=0.00 secs] 
21.121: Total time for which application threads were stopped: 0.0007990 seconds, Stopping threads took: 0.0000700 seconds
21.162: Application time: 0.0406940 seconds
21.162: [GC21.162: [ParNew: 17516K->1550K(18048K), 0.0006110 secs] 28342K->12375K(57984K), 0.0006410 secs] [Times: user=0.00 sys=0.00, real=0.00 secs] 
21.163: Total time for which application threads were stopped: 0.0007620 seconds, Stopping threads took: 0.0000610 seconds
21.200: Application time: 0.0369500 seconds
21.200: [GC21.200: [ParNew: 17508K->1548K(18048K), 0.0009410 secs] 28334K->13397K(57984K), 0.0009750 secs] [Times: user=0.01 sys=0.00, real=0.00 secs] 
21.201: Total time for which application threads were stopped: 0.0014060 seconds, Stopping threads took: 0.0003680 seconds
21.242: Application time: 0.0403640 seconds
21.242: [GC21.242: [ParNew: 17514K->1550K(18048K), 0.0009510 secs] 29364K->14423K(57984K), 0.0009810 secs] [Times: user=0.01 sys=0.00, real=0.00 secs] 
21.243: Total time for which application threads were stopped: 0.0011130 seconds, Stopping threads took: 0.0000680 seconds
21.281: Application time: 0.0385060 seconds
21.281: [GC21.281: [ParNew: 17521K->1550K(18048K), 0.0008600 secs] 30394K->14935K(57984K), 0.0008890 secs] [Times: user=0.01 sys=0.00, real=0.00 secs] 
21.282: Total time for which application threads were stopped: 0.0010130 seconds, Stopping threads took: 0.0000640 seconds
21.322: Application time: 0.0402020 seconds
21.323: [GC21.323: [ParNew: 17521K->1548K(18048K), 0.0006010 secs] 30906K->14933K(57984K), 0.0006310 secs] [Times: user=0.01 sys=0.00, real=0.00 secs] 
21.323: Total time for which application threads were stopped: 0.0007540 seconds, Stopping threads took: 0.0000620 seconds
21.361: Application time: 0.0380520 seconds
21.361: [GC21.361: [ParNew: 17514K->1548K(18048K), 0.0006430 secs] 30900K->14933K(57984K), 0.0006730 secs] [Times: user=0.01 sys=0.00, real=0.00 secs] 
21.362: Total time for which application threads were stopped: 0.0008240 seconds, Stopping threads took: 0.0000920 seconds
21.402: Application time: 0.0402070 seconds
21.402: [GC21.402: [ParNew: 17519K->1038K(18048K), 0.0004940 secs] 30904K->14423K(57984K), 0.0005250 secs] [Times: user=0.01 sys=0.00, real=0.00 secs] 
21.403: Total time for which application threads were stopped: 0.0006460 seconds, Stopping threads took: 0.0000600 seconds
21.442: Application time: 0.0387800 seconds
21.442: [GC21.442: [ParNew: 17009K->526K(18048K), 0.0003060 secs] 30394K->13911K(57984K), 0.0003360 secs] [Times: user=0.00 sys=0.00, real=0.00 secs] 
21.442: Total time for which application threads were stopped: 0.0004560 seconds, Stopping threads took: 0.0000590 seconds
21.480: Application time: 0.0382560 seconds
21.481: [GC21.481: [ParNew: 16579K->564K(18048K), 0.0003390 secs] 29964K->13949K(57984K), 0.0003650 secs] [Times: user=0.00 sys=0.00, real=0.00 secs] 
21.481: Total time for which application threads were stopped: 0.0007260 seconds, Stopping threads took: 0.0002940 seconds
21.518: Application time: 0.0365030 seconds
21.518: [GC21.518: [ParNew: 16227K->1664K(18048K), 0.0009400 secs] 29612K->16073K(57984K), 0.0009800 secs] [Times: user=0.01 sys=0.00, real=0.00 secs] 
21.519: Total time for which application threads were stopped: 0.0012680 seconds, Stopping threads took: 0.0002240 seconds
21.558: Application time: 0.0394450 seconds
21.559: [GC21.559: [ParNew: 17279K->1606K(18048K), 0.0007470 secs] 31689K->16155K(57984K), 0.0007770 secs] [Times: user=0.01 sys=0.00, real=0.00 secs] 
21.559: Total time for which application threads were stopped: 0.0009040 seconds, Stopping threads took: 0.0000660 seconds
21.598: Application time: 0.0383400 seconds
21.598: [GC21.598: [ParNew: 17651K->1576K(18048K), 0.0006950 secs] 32200K->16221K(57984K), 0.0007230 secs] [Times: user=0.00 sys=0.00, real=0.00 secs] 
21.599: Total time for which application threads were stopped: 0.0008470 seconds, Stopping threads took: 0.0000670 seconds
21.636: Application time: 0.0379450 seconds
21.637: [GC21.637: [ParNew: 17614K->1580K(18048K), 0.0008270 secs] 32260K->16793K(57984K), 0.0008570 secs] [Times: user=0.01 sys=0.00, real=0.01 secs] 
21.637: Total time for which application threads were stopped: 0.0010490 seconds, Stopping threads took: 0.0001320 seconds
21.677: Application time: 0.0398590 seconds
21.678: [GC21.678: [ParNew: 17546K->1548K(18048K), 0.0008420 secs] 32760K->17345K(57984K), 0.0008700 secs] [Times: user=0.00 sys=0.00, real=0.00 secs] 
21.678: Total time for which application threads were stopped: 0.0010620 seconds, Stopping threads took: 0.0001330 seconds
21.716: Application time: 0.0375830 seconds
21.716: [GC21.716: [ParNew: 17510K->1550K(18048K), 0.0011500 secs] 33308K->18883K(57984K), 0.0011840 secs] [Times: user=0.01 sys=0.00, real=0.01 secs] 
21.717: Total time for which application threads were stopped: 0.0013160 seconds, Stopping threads took: 0.0000690 seconds
21.757: Application time: 0.0395920 seconds
21.757: [GC21.757: [ParNew: 17521K->1550K(18048K), 0.0009600 secs] 34854K->19908K(57984K), 0.0009910 secs] [Times: user=0.00 sys=0.00, real=0.01 secs] 
21.758: Total time for which application threads were stopped: 0.0011200 seconds, Stopping threads took: 0.0000660 seconds
21.798: Application time: 0.0395390 seconds
21.798: [GC21.798: [ParNew: 17521K->1550K(18048K), 0.0008170 secs] 35878K->20420K(57984K), 0.0008470 secs] [Times: user=0.00 sys=0.00, real=0.00 secs] 
21.799: Total time for which application threads were stopped: 0.0010170 seconds, Stopping threads took: 0.0001050 seconds
21.838: Application time: 0.0395370 seconds
21.838: [GC21.838: [ParNew: 17516K->1548K(18048K), 0.0008180 secs] 36386K->20930K(57984K), 0.0008480 secs] [Times: user=0.00 sys=0.00, real=0.00 secs] 
21.839: Total time for which application threads were stopped: 0.0009940 seconds, Stopping threads took: 0.0000840 seconds
21.879: Application time: 0.0399570 seconds
21.879: [GC21.879: [ParNew: 17519K->1552K(18048K), 0.0006340 secs] 36900K->20934K(57984K), 0.0006630 secs] [Times: user=0.01 sys=0.00, real=0.00 secs] 
21.880: Total time for which application threads were stopped: 0.0007810 seconds, Stopping threads took: 0.0000560 seconds
21.920: Application time: 0.0398650 seconds
21.920: [GC21.920: [ParNew: 17523K->1032K(18048K), 0.0004560 secs] 36904K->20413K(57984K), 0.0004810 secs] [Times: user=0.00 sys=0.00, real=0.00 secs] 
21.920: Total time for which application threads were stopped: 0.0005960 seconds, Stopping threads took: 0.0000600 seconds
21.956: Application time: 0.0360130 seconds
21.956: [GC21.956: [ParNew: 16982K->1550K(18048K), 0.0011100 secs] 36364K->22468K(57984K), 0.0011420 secs] [Times: user=0.00 sys=0.00, real=0.01 secs] 
21.958: Total time for which application threads were stopped: 0.0012750 seconds, Stopping threads took: 0.0000700 seconds
21.996: Application time: 0.0383430 seconds
21.996: [GC21.996: [ParNew: 17516K->1552K(18048K), 0.0011260 secs] 38434K->24006K(57984K), 0.0011580 secs] [Times: user=0.01 sys=0.00, real=0.01 secs] 
21.997: Total time for which application threads were stopped: 0.0013190 seconds, Stopping threads took: 0.0000880 seconds
22.038: Application time: 0.0409320 seconds
22.038: [GC22.038: [ParNew: 17523K->1548K(18048K), 0.0010190 secs] 39977K->25026K(57984K), 0.0010570 secs] [Times: user=0.01 sys=0.00, real=0.00 secs] 
22.039: Total time for which application threads were stopped: 0.0011870 seconds, Stopping threads took: 0.0000690 seconds
22.079: Application time: 0.0393630 seconds
22.079: [GC22.079: [ParNew: 17519K->1552K(18048K), 0.0007680 secs] 40997K->25542K(57984K), 0.0007980 secs] [Times: user=0.00 sys=0.00, real=0.00 secs] 
22.080: Total time for which application threads were stopped: 0.0009300 seconds, Stopping threads took: 0.0000680 seconds
22.120: Application time: 0.0401650 seconds
22.120: [GC22.120: [ParNew: 17523K->1552K(18048K), 0.0006070 secs] 41513K->25542K(57984K), 0.0006360 secs] [Times: user=0.00 sys=0.00, real=0.00 secs] 
22.121: Total time for which application threads were stopped: 0.0007590 seconds, Stopping threads took: 0.0000650 seconds
22.161: Application time: 0.0400350 seconds
22.161: [GC22.161: [ParNew: 17599K->1066K(18048K), 0.0004790 secs] 41589K->25056K(57984K), 0.0005080 secs] [Times: user=0.00 sys=0.00, real=0.00 secs] 
22.161: Total time for which application threads were stopped: 0.0006330 seconds, Stopping threads took: 0.0000690 seconds
22.196: Application time: 0.0351470 seconds
22.197: [GC22.197: [ParNew: 16897K->1692K(18048K), 0.0010010 secs] 40887K->26762K(57984K), 0.0010310 secs] [Times: user=0.01 sys=0.00, real=0.01 secs] 
22.198: Total time for which application threads were stopped: 0.0012370 seconds, Stopping threads took: 0.0001440 seconds
22.236: Application time: 0.0386740 seconds
22.236: [GC22.237: [ParNew: 17655K->1552K(18048K), 0.0011810 secs] 42725K->28338K(57984K), 0.0012170 secs] [Times: user=0.01 sys=0.00, real=0.01 secs] 
22.238: Total time for which application threads were stopped: 0.0013510 seconds, Stopping threads took: 0.0000680 seconds
22.277: Application time: 0.0387750 seconds
22.277: [GC22.277: [ParNew: 17163K->1606K(18048K), 0.0024590 secs] 43949K->29416K(57984K), 0.0024940 secs] [Times: user=0.01 sys=0.00, real=0.01 secs] 
22.279: Total time for which application threads were stopped: 0.0026750 seconds, Stopping threads took: 0.0001150 seconds
22.319: Application time: 0.0397860 seconds
22.319: [GC22.319: [ParNew: 17577K->1546K(18048K), 0.0008090 secs] 45387K->29964K(57984K), 0.0008390 secs] [Times: user=0.01 sys=0.00, real=0.00 secs] 
22.320: Total time for which application threads were stopped: 0.0009650 seconds, Stopping threads took: 0.0000660 seconds
22.358: Application time: 0.0381470 seconds
22.358: [GC22.358: [ParNew: 17512K->1548K(18048K), 0.0007710 secs] 45931K->30478K(57984K), 0.0008020 secs] [Times: user=0.00 sys=0.00, real=0.00 secs] 
22.359: Total time for which application threads were stopped: 0.0010590 seconds, Stopping threads took: 0.0001970 seconds
22.397: Application time: 0.0381370 seconds
22.397: [GC22.397: [ParNew: 17510K->1548K(18048K), 0.0009530 secs] 46441K->31502K(57984K), 0.0009820 secs] [Times: user=0.00 sys=0.00, real=0.00 secs] 
22.398: Total time for which application threads were stopped: 0.0011100 seconds, Stopping threads took: 0.0000670 seconds
22.438: Application time: 0.0393740 seconds
22.438: [GC22.438: [ParNew: 17519K->1550K(18048K), 0.0007540 secs] 47473K->32016K(57984K), 0.0007820 secs] [Times: user=0.00 sys=0.00, real=0.00 secs] 
22.439: Total time for which application threads were stopped: 0.0009360 seconds, Stopping threads took: 0.0000940 seconds
22.480: Application time: 0.0414660 seconds
22.480: [GC22.480: [ParNew: 17521K->1546K(18048K), 0.0006450 secs] 47987K->32012K(57984K), 0.0006750 secs] [Times: user=0.01 sys=0.00, real=0.00 secs] 
22.481: Total time for which application threads were stopped: 0.0008010 seconds, Stopping threads took: 0.0000670 seconds
22.520: Application time: 0.0389650 seconds
22.520: [GC22.520: [ParNew: 17516K->1036K(18048K), 0.0004530 secs] 47983K->31502K(57984K), 0.0004830 secs] [Times: user=0.00 sys=0.00, real=0.00 secs] 
22.521: Total time for which application threads were stopped: 0.0006200 seconds, Stopping threads took: 0.0000680 seconds
22.559: Application time: 0.0383260 seconds
22.559: [GC22.559: [ParNew: 16998K->1550K(18048K), 0.0006520 secs] 47465K->32016K(57984K), 0.0006920 secs] [Times: user=0.01 sys=0.00, real=0.00 secs] 
22.560: Total time for which application threads were stopped: 0.0008240 seconds, Stopping threads took: 0.0000690 seconds
22.599: Application time: 0.0388450 seconds
22.599: [GC22.599: [ParNew: 17521K->1036K(18048K), 0.0005610 secs] 47987K->31502K(57984K), 0.0005900 secs] [Times: user=0.00 sys=0.00, real=0.00 secs] 
22.599: Total time for which application threads were stopped: 0.0007140 seconds, Stopping threads took: 0.0000660 seconds
22.639: Application time: 0.0393650 seconds
22.639: [GC22.639: [ParNew: 17006K->526K(18048K), 0.0003670 secs] 47473K->30992K(57984K), 0.0003940 secs] [Times: user=0.00 sys=0.00, real=0.00 secs] 
22.639: Total time for which application threads were stopped: 0.0006810 seconds, Stopping threads took: 0.0002310 seconds
22.678: Application time: 0.0387080 seconds
22.678: [GC22.678: [ParNew: 16482K->1552K(18048K), 0.0008320 secs] 46949K->32530K(57984K), 0.0008620 secs] [Times: user=0.00 sys=0.00, real=0.00 secs] 
22.679: Total time for which application threads were stopped: 0.0010180 seconds, Stopping threads took: 0.0000960 seconds
22.717: Application time: 0.0380350 seconds
22.717: [GC22.717: [ParNew: 17523K->1548K(18048K), 0.0006520 secs] 48501K->32526K(57984K), 0.0006820 secs] [Times: user=0.00 sys=0.00, real=0.00 secs] 
22.718: Total time for which application threads were stopped: 0.0009570 seconds, Stopping threads took: 0.0002160 seconds
22.758: Application time: 0.0403460 seconds
22.761: [GC22.761: [ParNew: 17514K->1036K(18048K), 0.0005040 secs] 48493K->32014K(57984K), 0.0005290 secs] [Times: user=0.00 sys=0.00, real=0.00 secs] 
22.762: Total time for which application threads were stopped: 0.0034120 seconds, Stopping threads took: 0.0028070 seconds
22.802: Application time: 0.0399740 seconds
22.802: [GC22.802: [ParNew: 17006K->1040K(18048K), 0.0005130 secs] 47985K->32018K(57984K), 0.0005430 secs] [Times: user=0.01 sys=0.00, real=0.00 secs] 
22.802: Total time for which application threads were stopped: 0.0006700 seconds, Stopping threads took: 0.0000650 seconds
22.837: Application time: 0.0350160 seconds
22.838: [GC22.838: [ParNew: 16637K->1608K(18048K), 0.0009730 secs] 47615K->33610K(57984K), 0.0010040 secs] [Times: user=0.00 sys=0.00, real=0.00 secs] 
22.839: Total time for which application threads were stopped: 0.0011500 seconds, Stopping threads took: 0.0000830 seconds
22.876: Application time: 0.0374420 seconds
22.876: [GC22.876: [ParNew: 17378K->1662K(18048K), 0.0009090 secs] 49380K->34272K(57984K), 0.0009420 secs] [Times: user=0.01 sys=0.00, real=0.01 secs] 
22.877: Total time for which application threads were stopped: 0.0011070 seconds, Stopping threads took: 0.0000920 seconds
22.918: Application time: 0.0404480 seconds
22.918: [GC22.918: [ParNew: 17279K->584K(18048K), 0.0003850 secs] 49890K->33350K(57984K), 0.0004120 secs] [Times: user=0.00 sys=0.00, real=0.00 secs] 
22.918: Total time for which application threads were stopped: 0.0005410 seconds, Stopping threads took: 0.0000720 seconds
22.959: Application time: 0.0405600 seconds
22.959: [GC22.959: [ParNew: 16555K->72K(18048K), 0.0002520 secs] 49321K->32838K(57984K), 0.0002820 secs] [Times: user=0.00 sys=0.00, real=0.00 secs] 
22.959: Total time for which application threads were stopped: 0.0003920 seconds, Stopping threads took: 0.0000520 seconds
22.999: Application time: 0.0402660 seconds
23.000: [GC23.000: [ParNew: 16038K->70K(18048K), 0.0002600 secs] 48805K->32836K(57984K), 0.0002870 secs] [Times: user=0.01 sys=0.00, real=0.00 secs] 
23.000: Total time for which application threads were stopped: 0.0004230 seconds, Stopping threads took: 0.0000840 seconds
23.034: Application time: 0.0345950 seconds
23.035: [GC23.035: [ParNew: 16012K->1608K(18048K), 0.0010770 secs] 48778K->35911K(57984K), 0.0011090 secs] [Times: user=0.01 sys=0.00, real=0.00 secs] 
23.036: Total time for which application threads were stopped: 0.0012540 seconds, Stopping threads took: 0.0000710 seconds
23.075: Application time: 0.0392970 seconds
23.075: [GC23.075: [ParNew: 17579K->1552K(18048K), 0.0009760 secs] 51881K->36983K(57984K), 0.0010150 secs] [Times: user=0.00 sys=0.00, real=0.00 secs] 
23.076: Total time for which application threads were stopped: 0.0011430 seconds, Stopping threads took: 0.0000660 seconds
23.117: Application time: 0.0405720 seconds
23.117: [GC23.117: [ParNew: 17523K->1548K(18048K), 0.0007880 secs] 52953K->37491K(57984K), 0.0008170 secs] [Times: user=0.00 sys=0.00, real=0.01 secs] 
23.118: Total time for which application threads were stopped: 0.0009580 seconds, Stopping threads took: 0.0000780 seconds
23.158: Application time: 0.0399000 seconds
23.158: [GC23.158: [ParNew: 17514K->1550K(18048K), 0.0006480 secs] 53457K->37493K(57984K), 0.0006760 secs] [Times: user=0.00 sys=0.00, real=0.00 secs] 
23.158: Total time for which application threads were stopped: 0.0008290 seconds, Stopping threads took: 0.0000950 seconds
23.198: Application time: 0.0392190 seconds
23.198: [GC23.198: [ParNew: 17521K->1548K(18048K), 0.0006690 secs] 53463K->37491K(57984K), 0.0006990 secs] [Times: user=0.00 sys=0.00, real=0.00 secs] 
23.198: Total time for which application threads were stopped: 0.0008450 seconds, Stopping threads took: 0.0000870 seconds
23.238: Application time: 0.0397330 seconds
23.238: [GC23.238: [ParNew: 17519K->1034K(18048K), 0.0005380 secs] 53461K->36977K(57984K), 0.0005640 secs] [Times: user=0.01 sys=0.00, real=0.00 secs] 
23.239: Total time for which application threads were stopped: 0.0006760 seconds, Stopping threads took: 0.0000580 seconds
23.278: Application time: 0.0386980 seconds
23.278: [GC23.278: [ParNew: 17000K->1038K(18048K), 0.0004630 secs] 52943K->36981K(57984K), 0.0004950 secs] [Times: user=0.01 sys=0.00, real=0.00 secs] 
23.278: Total time for which application threads were stopped: 0.0006240 seconds, Stopping threads took: 0.0000670 seconds
23.317: Application time: 0.0389040 seconds
23.317: [GC23.317: [ParNew: 17004K->1034K(18048K), 0.0005270 secs] 52947K->36977K(57984K), 0.0005540 secs] [Times: user=0.00 sys=0.00, real=0.00 secs] 
23.318: Total time for which application threads were stopped: 0.0007150 seconds, Stopping threads took: 0.0001030 seconds
23.357: Application time: 0.0389460 seconds
23.357: [GC23.357: [ParNew: 16996K->1552K(18048K), 0.0006400 secs] 52939K->37495K(57984K), 0.0006700 secs] [Times: user=0.00 sys=0.00, real=0.01 secs] 
23.358: Total time for which application threads were stopped: 0.0008160 seconds, Stopping threads took: 0.0000850 seconds
23.398: Application time: 0.0406470 seconds
23.398: [GC23.398: [ParNew: 17523K->1036K(18048K), 0.0004750 secs] 53465K->36979K(57984K), 0.0005010 secs] [Times: user=0.00 sys=0.00, real=0.00 secs] 
23.399: Total time for which application threads were stopped: 0.0006190 seconds, Stopping threads took: 0.0000660 seconds
23.437: Application time: 0.0377260 seconds
23.437: [GC23.437: [ParNew: 17002K->1038K(18048K), 0.0005000 secs] 52945K->36981K(57984K), 0.0005300 secs] [Times: user=0.00 sys=0.01, real=0.01 secs] 
23.437: Total time for which application threads were stopped: 0.0006530 seconds, Stopping threads took: 0.0000600 seconds
23.478: Application time: 0.0406740 seconds
23.478: [GC23.478: [ParNew: 17009K->524K(18048K), 0.0003680 secs] 52951K->36467K(57984K), 0.0003940 secs] [Times: user=0.01 sys=0.00, real=0.00 secs] 
23.478: Total time for which application threads were stopped: 0.0005150 seconds, Stopping threads took: 0.0000680 seconds
23.512: Application time: 0.0333060 seconds
23.512: [GC23.512: [ParNew: 16184K->1636K(18048K), 0.0012820 secs] 52127K->39627K(57984K), 0.0013220 secs] [Times: user=0.01 sys=0.00, real=0.00 secs] 
23.513: Total time for which application threads were stopped: 0.0014590 seconds, Stopping threads took: 0.0000700 seconds
23.553: Application time: 0.0393100 seconds
23.553: [GC23.553: [ParNew: 17405K->1662K(18048K), 0.0012520 secs] 55396K->41309K(57984K), 0.0012860 secs] [Times: user=0.01 sys=0.00, real=0.00 secs] 
23.554: Total time for which application threads were stopped: 0.0014340 seconds, Stopping threads took: 0.0000710 seconds
23.594: Application time: 0.0403870 seconds
23.594: [GC23.594: [ParNew: 17711K->17711K(18048K), 0.0000110 secs]23.594: [Tenured: 39647K->9198K(39936K), 0.0069960 secs] 57358K->9198K(57984K), [Perm : 5140K->5140K(21248K)], 0.0070600 secs] [Times: user=0.00 sys=0.00, real=0.01 secs] 
23.602: Total time for which application threads were stopped: 0.0072140 seconds, Stopping threads took: 0.0000860 seconds
23.642: Application time: 0.0403140 seconds
23.642: [GC23.642: [ParNew: 15970K->1550K(18048K), 0.0007820 secs] 25169K->11260K(57984K), 0.0008120 secs] [Times: user=0.01 sys=0.00, real=0.00 secs] 
23.643: Total time for which application threads were stopped: 0.0009400 seconds, Stopping threads took: 0.0000650 seconds
23.683: Application time: 0.0397650 seconds
23.683: [GC23.683: [ParNew: 17523K->1038K(18048K), 0.0004670 secs] 27233K->10748K(57984K), 0.0004980 secs] [Times: user=0.00 sys=0.00, real=0.00 secs] 
23.683: Total time for which application threads were stopped: 0.0008960 seconds, Stopping threads took: 0.0003380 seconds
23.723: Application time: 0.0396200 seconds
23.723: [GC23.723: [ParNew: 17009K->526K(18048K), 0.0003990 secs] 26719K->10236K(57984K), 0.0004270 secs] [Times: user=0.00 sys=0.00, real=0.00 secs] 
23.724: Total time for which application threads were stopped: 0.0005720 seconds, Stopping threads took: 0.0000860 seconds
23.763: Application time: 0.0393910 seconds
23.763: [GC23.763: [ParNew: 16488K->1038K(18048K), 0.0005080 secs] 26199K->10748K(57984K), 0.0005370 secs] [Times: user=0.01 sys=0.00, real=0.00 secs] 
23.764: Total time for which application threads were stopped: 0.0008310 seconds, Stopping threads took: 0.0002360 seconds
23.801: Application time: 0.0368880 seconds
23.801: [GC23.801: [ParNew: 16996K->1548K(18048K), 0.0008200 secs] 26707K->11770K(57984K), 0.0008520 secs] [Times: user=0.01 sys=0.00, real=0.00 secs] 
23.802: Total time for which application threads were stopped: 0.0010200 seconds, Stopping threads took: 0.0001030 seconds
23.842: Application time: 0.0405940 seconds
23.843: [GC23.843: [ParNew: 17521K->1034K(18048K), 0.0005170 secs] 27743K->11256K(57984K), 0.0005420 secs] [Times: user=0.01 sys=0.00, real=0.00 secs] 
23.843: Total time for which application threads were stopped: 0.0006680 seconds, Stopping threads took: 0.0000720 seconds
23.883: Application time: 0.0403040 seconds
23.883: [GC23.883: [ParNew: 17004K->526K(18048K), 0.0004090 secs] 27227K->10748K(57984K), 0.0004330 secs] [Times: user=0.00 sys=0.00, real=0.00 secs] 
23.884: Total time for which application threads were stopped: 0.0005370 seconds, Stopping threads took: 0.0000510 seconds
23.923: Application time: 0.0392670 seconds
23.923: [GC23.923: [ParNew: 16492K->524K(18048K), 0.0003500 secs] 26715K->10746K(57984K), 0.0003770 secs] [Times: user=0.00 sys=0.00, real=0.00 secs] 
23.924: Total time for which application threads were stopped: 0.0004870 seconds, Stopping threads took: 0.0000510 seconds
23.960: Application time: 0.0366510 seconds
23.961: [GC23.961: [ParNew: 16478K->1548K(18048K), 0.0007650 secs] 26701K->12282K(57984K), 0.0007960 secs] [Times: user=0.00 sys=0.00, real=0.00 secs] 
23.961: Total time for which application threads were stopped: 0.0010430 seconds, Stopping threads took: 0.0001860 seconds
23.999: Application time: 0.0372740 seconds
23.999: [GC23.999: [ParNew: 17514K->1550K(18048K), 0.0008810 secs] 28249K->12796K(57984K), 0.0009100 secs] [Times: user=0.01 sys=0.00, real=0.00 secs] 
24.000: Total time for which application threads were stopped: 0.0011930 seconds, Stopping threads took: 0.0002240 seconds
24.040: Application time: 0.0403720 seconds
24.040: [GC24.041: [ParNew: 17523K->1038K(18048K), 0.0005140 secs] 28769K->12284K(57984K), 0.0005390 secs] [Times: user=0.00 sys=0.00, real=0.00 secs] 
24.041: Total time for which application threads were stopped: 0.0008420 seconds, Stopping threads took: 0.0002500 seconds
24.082: Application time: 0.0408690 seconds
24.082: [GC24.082: [ParNew: 17006K->524K(18048K), 0.0003400 secs] 28253K->11770K(57984K), 0.0003750 secs] [Times: user=0.00 sys=0.00, real=0.00 secs] 
24.083: Total time for which application threads were stopped: 0.0006500 seconds, Stopping threads took: 0.0002080 seconds
24.120: Application time: 0.0370180 seconds
24.120: [GC24.120: [ParNew: 16482K->1550K(18048K), 0.0006340 secs] 27729K->12796K(57984K), 0.0006640 secs] [Times: user=0.00 sys=0.00, real=0.00 secs] 
24.120: Total time for which application threads were stopped: 0.0008410 seconds, Stopping threads took: 0.0001170 seconds
24.158: Application time: 0.0374590 seconds
24.158: [GC24.158: [ParNew: 17586K->1578K(18048K), 0.0009460 secs] 28833K->13848K(57984K), 0.0009780 secs] [Times: user=0.01 sys=0.00, real=0.00 secs] 
24.159: Total time for which application threads were stopped: 0.0010980 seconds, Stopping threads took: 0.0000570 seconds
24.198: Application time: 0.0393090 seconds
24.198: [GC24.198: [ParNew: 17345K->1664K(18048K), 0.0007790 secs] 29616K->14495K(57984K), 0.0008080 secs] [Times: user=0.01 sys=0.00, real=0.00 secs] 
24.199: Total time for which application threads were stopped: 0.0009260 seconds, Stopping threads took: 0.0000560 seconds
24.239: Application time: 0.0393950 seconds
24.239: [GC24.239: [ParNew: 17355K->1634K(18048K), 0.0007730 secs] 30186K->14621K(57984K), 0.0008020 secs] [Times: user=0.00 sys=0.00, real=0.00 secs] 
24.240: Total time for which application threads were stopped: 0.0009350 seconds, Stopping threads took: 0.0000720 seconds
24.280: Application time: 0.0407220 seconds
24.280: [GC24.280: [ParNew: 17603K->1036K(18048K), 0.0005040 secs] 30590K->14151K(57984K), 0.0005320 secs] [Times: user=0.01 sys=0.00, real=0.00 secs] 
24.281: Total time for which application threads were stopped: 0.0006510 seconds, Stopping threads took: 0.0000600 seconds
24.320: Application time: 0.0392700 seconds
24.320: [GC24.320: [ParNew: 17006K->528K(18048K), 0.0003060 secs] 30122K->13643K(57984K), 0.0003310 secs] [Times: user=0.00 sys=0.00, real=0.00 secs] 
24.321: Total time for which application threads were stopped: 0.0004440 seconds, Stopping threads took: 0.0000600 seconds
24.358: Application time: 0.0370280 seconds
24.358: [GC24.358: [ParNew: 16478K->1550K(18048K), 0.0007450 secs] 29593K->15177K(57984K), 0.0007730 secs] [Times: user=0.00 sys=0.00, real=0.00 secs] 
24.359: Total time for which application threads were stopped: 0.0009300 seconds, Stopping threads took: 0.0000990 seconds
24.398: Application time: 0.0395800 seconds
24.398: [GC24.398: [ParNew: 17523K->1036K(18048K), 0.0004840 secs] 31150K->14663K(57984K), 0.0005150 secs] [Times: user=0.00 sys=0.00, real=0.00 secs] 
24.399: Total time for which application threads were stopped: 0.0007420 seconds, Stopping threads took: 0.0001680 seconds
24.439: Application time: 0.0395520 seconds
24.439: [GC24.439: [ParNew: 17007K->526K(18048K), 0.0004030 secs] 30634K->14153K(57984K), 0.0004280 secs] [Times: user=0.00 sys=0.00, real=0.00 secs] 
24.439: Total time for which application threads were stopped: 0.0006530 seconds, Stopping threads took: 0.0001730 seconds
24.475: Application time: 0.0356920 seconds
24.477: [GC24.477: [ParNew: 16472K->1550K(18048K), 0.0011740 secs] 30099K->16713K(57984K), 0.0012050 secs] [Times: user=0.01 sys=0.00, real=0.00 secs] 
24.478: Total time for which application threads were stopped: 0.0036230 seconds, Stopping threads took: 0.0023540 seconds
24.518: Application time: 0.0392740 seconds
24.518: [GC24.518: [ParNew: 17518K->1550K(18048K), 0.0009760 secs] 32682K->17737K(57984K), 0.0010080 secs] [Times: user=0.00 sys=0.00, real=0.00 secs] 
24.519: Total time for which application threads were stopped: 0.0011660 seconds, Stopping threads took: 0.0000950 seconds
24.558: Application time: 0.0393560 seconds
24.558: [GC24.558: [ParNew: 17521K->1548K(18048K), 0.0007360 secs] 33708K->18247K(57984K), 0.0007660 secs] [Times: user=0.00 sys=0.00, real=0.00 secs] 
24.559: Total time for which application threads were stopped: 0.0009520 seconds, Stopping threads took: 0.0001270 seconds
24.600: Application time: 0.0405450 seconds
24.600: [GC24.600: [ParNew: 17519K->1548K(18048K), 0.0007110 secs] 34218K->18247K(57984K), 0.0007490 secs] [Times: user=0.00 sys=0.00, real=0.00 secs] 
24.601: Total time for which application threads were stopped: 0.0008840 seconds, Stopping threads took: 0.0000670 seconds
24.639: Application time: 0.0386810 seconds
24.639: [GC24.639: [ParNew: 17514K->1544K(18048K), 0.0006480 secs] 34214K->18243K(57984K), 0.0006780 secs] [Times: user=0.01 sys=0.00, real=0.00 secs] 
24.640: Total time for which application threads were stopped: 0.0008050 seconds, Stopping threads took: 0.0000670 seconds
24.680: Application time: 0.0394540 seconds
24.680: [GC24.680: [ParNew: 17506K->1552K(18048K), 0.0007640 secs] 34205K->18763K(57984K), 0.0007950 secs] [Times: user=0.01 sys=0.00, real=0.00 secs] 
24.681: Total time for which application threads were stopped: 0.0009180 seconds, Stopping threads took: 0.0000620 seconds
24.718: Application time: 0.0377660 seconds
24.718: [GC24.718: [ParNew: 17514K->1552K(18048K), 0.0009630 secs] 34725K->19787K(57984K), 0.0009970 secs] [Times: user=0.01 sys=0.00, real=0.00 secs] 
24.719: Total time for which application threads were stopped: 0.0011540 seconds, Stopping threads took: 0.0000940 seconds
24.760: Application time: 0.0407470 seconds
24.760: [GC24.760: [ParNew: 17525K->1544K(18048K), 0.0006300 secs] 35760K->19779K(57984K), 0.0006560 secs] [Times: user=0.01 sys=0.00, real=0.00 secs] 
24.761: Total time for which application threads were stopped: 0.0007730 seconds, Stopping threads took: 0.0000600 seconds
24.799: Application time: 0.0376090 seconds
24.799: [GC24.799: [ParNew: 17510K->1550K(18048K), 0.0005880 secs] 35746K->19785K(57984K), 0.0006170 secs] [Times: user=0.00 sys=0.00, real=0.00 secs] 
24.799: Total time for which application threads were stopped: 0.0007520 seconds, Stopping threads took: 0.0000750 seconds
24.836: Application time: 0.0364150 seconds
24.836: [GC24.836: [ParNew: 17227K->1636K(18048K), 0.0008980 secs] 35462K->20895K(57984K), 0.0009270 secs] [Times: user=0.01 sys=0.00, real=0.00 secs] 
24.837: Total time for which application threads were stopped: 0.0010760 seconds, Stopping threads took: 0.0000840 seconds
24.876: Application time: 0.0393750 seconds
24.876: [GC24.876: [ParNew: 17326K->1634K(18048K), 0.0009180 secs] 36585K->21529K(57984K), 0.0009460 secs] [Times: user=0.00 sys=0.00, real=0.01 secs] 
24.877: Total time for which application threads were stopped: 0.0010680 seconds, Stopping threads took: 0.0000630 seconds
24.914: Application time: 0.0365950 seconds
24.914: [GC24.914: [ParNew: 17241K->1608K(18048K), 0.0008940 secs] 37136K->22143K(57984K), 0.0009250 secs] [Times: user=0.01 sys=0.00, real=0.00 secs] 
24.915: Total time for which application threads were stopped: 0.0012420 seconds, Stopping threads took: 0.0002530 seconds
24.953: Application time: 0.0378000 seconds
24.953: [GC24.953: [ParNew: 17575K->1548K(18048K), 0.0007830 secs] 38110K->22683K(57984K), 0.0008150 secs] [Times: user=0.01 sys=0.00, real=0.00 secs] 
24.954: Total time for which application threads were stopped: 0.0009600 seconds, Stopping threads took: 0.0000820 seconds
24.993: Application time: 0.0392160 seconds
24.993: [GC24.993: [ParNew: 17519K->1546K(18048K), 0.0006810 secs] 38654K->22681K(57984K), 0.0007110 secs] [Times: user=0.00 sys=0.00, real=0.00 secs] 
24.994: Total time for which application threads were stopped: 0.0008410 seconds, Stopping threads took: 0.0000660 seconds
25.035: Application time: 0.0414790 seconds
25.036: [GC25.036: [ParNew: 17516K->1036K(18048K), 0.0005200 secs] 38652K->22171K(57984K), 0.0005470 secs] [Times: user=0.01 sys=0.00, real=0.00 secs] 
25.036: Total time for which application threads were stopped: 0.0008190 seconds, Stopping threads took: 0.0002150 seconds
25.073: Application time: 0.0371570 seconds
25.074: [GC25.074: [ParNew: 16994K->1546K(18048K), 0.0007260 secs] 38130K->23193K(57984K), 0.0007570 secs] [Times: user=0.01 sys=0.00, real=0.00 secs] 
25.074: Total time for which application threads were stopped: 0.0008890 seconds, Stopping threads took: 0.0000710 seconds
25.114: Application time: 0.0396320 seconds
25.114: [GC25.114: [ParNew: 17508K->1552K(18048K), 0.0008760 secs] 39156K->24223K(57984K), 0.0009160 secs] [Times: user=0.01 sys=0.00, real=0.00 secs] 
25.115: Total time for which application threads were stopped: 0.0010460 seconds, Stopping threads took: 0.0000600 seconds
25.153: Application time: 0.0383330 seconds
25.154: [GC25.154: [ParNew: 17523K->1550K(18048K), 0.0007730 secs] 40194K->24733K(57984K), 0.0008040 secs] [Times: user=0.00 sys=0.00, real=0.00 secs] 
25.154: Total time for which application threads were stopped: 0.0010930 seconds, Stopping threads took: 0.0002260 seconds
25.195: Application time: 0.0401070 seconds
25.195: [GC25.195: [ParNew: 17521K->1550K(18048K), 0.0006380 secs] 40704K->24733K(57984K), 0.0006650 secs] [Times: user=0.01 sys=0.00, real=0.00 secs] 
25.195: Total time for which application threads were stopped: 0.0007870 seconds, Stopping threads took: 0.0000650 seconds
25.234: Application time: 0.0389070 seconds
25.234: [GC25.234: [ParNew: 17516K->1034K(18048K), 0.0004480 secs] 40700K->24217K(57984K), 0.0004710 secs] [Times: user=0.00 sys=0.00, real=0.00 secs] 
25.235: Total time for which application threads were stopped: 0.0006390 seconds, Stopping threads took: 0.0001170 seconds
25.272: Application time: 0.0372850 seconds
25.272: [GC25.272: [ParNew: 16994K->1550K(18048K), 0.0009100 secs] 40178K->25757K(57984K), 0.0009430 secs] [Times: user=0.01 sys=0.00, real=0.00 secs] 
25.273: Total time for which application threads were stopped: 0.0012950 seconds, Stopping threads took: 0.0002900 seconds
25.312: Application time: 0.0389310 seconds
25.313: [GC25.313: [ParNew: 17516K->1552K(18048K), 0.0009970 secs] 41724K->26783K(57984K), 0.0010280 secs] [Times: user=0.01 sys=0.00, real=0.00 secs] 
25.314: Total time for which application threads were stopped: 0.0013350 seconds, Stopping threads took: 0.0002460 seconds
25.354: Application time: 0.0402970 seconds
25.354: [GC25.354: [ParNew: 17518K->1550K(18048K), 0.0009770 secs] 42750K->27805K(57984K), 0.0010080 secs] [Times: user=0.01 sys=0.00, real=0.00 secs] 
25.355: Total time for which application threads were stopped: 0.0011310 seconds, Stopping threads took: 0.0000630 seconds
25.394: Application time: 0.0387120 seconds
25.394: [GC25.394: [ParNew: 17521K->1546K(18048K), 0.0008890 secs] 43776K->28313K(57984K), 0.0009190 secs] [Times: user=0.00 sys=0.00, real=0.00 secs] 
25.395: Total time for which application threads were stopped: 0.0010400 seconds, Stopping threads took: 0.0000610 seconds
25.434: Application time: 0.0390420 seconds
25.434: [GC25.434: [ParNew: 17512K->1546K(18048K), 0.0008930 secs] 44280K->28825K(57984K), 0.0009240 secs] [Times: user=0.00 sys=0.00, real=0.00 secs] 
25.435: Total time for which application threads were stopped: 0.0010700 seconds, Stopping threads took: 0.0000860 seconds
25.473: Application time: 0.0384140 seconds
25.474: [GC25.474: [ParNew: 17235K->1634K(18048K), 0.0006760 secs] 44515K->28914K(57984K), 0.0007060 secs] [Times: user=0.00 sys=0.00, real=0.00 secs] 
25.474: Total time for which application threads were stopped: 0.0008540 seconds, Stopping threads took: 0.0000890 seconds
25.513: Application time: 0.0389970 seconds
25.513: [GC25.513: [ParNew: 17683K->1066K(18048K), 0.0005010 secs] 44963K->28474K(57984K), 0.0005270 secs] [Times: user=0.01 sys=0.00, real=0.00 secs] 
25.514: Total time for which application threads were stopped: 0.0007010 seconds, Stopping threads took: 0.0001200 seconds
25.551: Application time: 0.0373500 seconds
25.551: [GC25.551: [ParNew: 16827K->1664K(18048K), 0.0006490 secs] 44235K->29120K(57984K), 0.0006800 secs] [Times: user=0.00 sys=0.00, real=0.00 secs] 
25.552: Total time for which application threads were stopped: 0.0008190 seconds, Stopping threads took: 0.0000750 seconds
25.591: Application time: 0.0391930 seconds
25.591: [GC25.591: [ParNew: 17635K->1040K(18048K), 0.0005000 secs] 45091K->28656K(57984K), 0.0005290 secs] [Times: user=0.00 sys=0.00, real=0.00 secs] 
25.592: Total time for which application threads were stopped: 0.0006620 seconds, Stopping threads took: 0.0000740 seconds
25.632: Application time: 0.0396530 seconds
25.632: [GC25.632: [ParNew: 17011K->526K(18048K), 0.0003210 secs] 44627K->28142K(57984K), 0.0003570 secs] [Times: user=0.00 sys=0.00, real=0.00 secs] 
25.632: Total time for which application threads were stopped: 0.0004750 seconds, Stopping threads took: 0.0000540 seconds
25.669: Application time: 0.0368430 seconds
25.669: [GC25.669: [ParNew: 16488K->1036K(18048K), 0.0005540 secs] 44104K->28652K(57984K), 0.0005800 secs] [Times: user=0.01 sys=0.00, real=0.00 secs] 
25.670: Total time for which application threads were stopped: 0.0009100 seconds, Stopping threads took: 0.0002770 seconds
25.707: Application time: 0.0374970 seconds
25.708: [GC25.708: [ParNew: 16986K->1550K(18048K), 0.0011430 secs] 44602K->30702K(57984K), 0.0011730 secs] [Times: user=0.01 sys=0.00, real=0.00 secs] 
25.709: Total time for which application threads were stopped: 0.0013030 seconds, Stopping threads took: 0.0000660 seconds
25.749: Application time: 0.0406010 seconds
25.749: [GC25.749: [ParNew: 17523K->1548K(18048K), 0.0008440 secs] 46675K->31212K(57984K), 0.0008720 secs] [Times: user=0.01 sys=0.00, real=0.00 secs] 
25.750: Total time for which application threads were stopped: 0.0010010 seconds, Stopping threads took: 0.0000710 seconds
25.789: Application time: 0.0388900 seconds
25.789: [GC25.789: [ParNew: 17519K->1550K(18048K), 0.0006580 secs] 47183K->31214K(57984K), 0.0006870 secs] [Times: user=0.00 sys=0.00, real=0.00 secs] 
25.790: Total time for which application threads were stopped: 0.0009730 seconds, Stopping threads took: 0.0002270 seconds
25.831: Application time: 0.0404230 seconds
25.831: [GC25.831: [ParNew: 17521K->1036K(18048K), 0.0005840 secs] 47185K->30700K(57984K), 0.0006110 secs] [Times: user=0.01 sys=0.00, real=0.00 secs] 
25.831: Total time for which application threads were stopped: 0.0007550 seconds, Stopping threads took: 0.0000840 seconds
25.872: Application time: 0.0402710 seconds
25.872: [GC25.872: [ParNew: 17006K->528K(18048K), 0.0003490 secs] 46671K->30192K(57984K), 0.0003790 secs] [Times: user=0.00 sys=0.00, real=0.00 secs] 
25.872: Total time for which application threads were stopped: 0.0005180 seconds, Stopping threads took: 0.0000810 seconds
25.907: Application time: 0.0351420 seconds
25.907: [GC25.907: [ParNew: 16474K->1552K(18048K), 0.0011080 secs] 46138K->32752K(57984K), 0.0011400 secs] [Times: user=0.01 sys=0.00, real=0.00 secs] 
25.909: Total time for which application threads were stopped: 0.0012800 seconds, Stopping threads took: 0.0000740 seconds
25.948: Application time: 0.0393380 seconds
25.948: [GC25.948: [ParNew: 17518K->1548K(18048K), 0.0011910 secs] 48718K->34284K(57984K), 0.0012210 secs] [Times: user=0.00 sys=0.00, real=0.00 secs] 
25.949: Total time for which application threads were stopped: 0.0013520 seconds, Stopping threads took: 0.0000690 seconds
25.989: Application time: 0.0397370 seconds
25.989: [GC25.989: [ParNew: 17519K->1548K(18048K), 0.0010430 secs] 50255K->35308K(57984K), 0.0010750 secs] [Times: user=0.00 sys=0.00, real=0.00 secs] 
25.990: Total time for which application threads were stopped: 0.0013500 seconds, Stopping threads took: 0.0002110 seconds
26.030: Application time: 0.0394460 seconds
26.030: [GC26.030: [ParNew: 17514K->1550K(18048K), 0.0007650 secs] 51275K->35822K(57984K), 0.0007980 secs] [Times: user=0.01 sys=0.00, real=0.00 secs] 
26.031: Total time for which application threads were stopped: 0.0009610 seconds, Stopping threads took: 0.0001010 seconds
26.071: Application time: 0.0400440 seconds
26.071: [GC26.071: [ParNew: 17520K->1036K(18048K), 0.0004770 secs] 51793K->35308K(57984K), 0.0005070 secs] [Times: user=0.00 sys=0.00, real=0.00 secs] 
26.071: Total time for which application threads were stopped: 0.0006620 seconds, Stopping threads took: 0.0000960 seconds
26.108: Application time: 0.0361560 seconds
26.108: [GC26.108: [ParNew: 16990K->1550K(18048K), 0.0010830 secs] 51262K->37358K(57984K), 0.0011120 secs] [Times: user=0.00 sys=0.00, real=0.00 secs] 
26.109: Total time for which application threads were stopped: 0.0012520 seconds, Stopping threads took: 0.0000700 seconds
26.149: Application time: 0.0396600 seconds
26.149: [GC26.149: [ParNew: 17243K->1636K(18048K), 0.0008250 secs] 53052K->37956K(57984K), 0.0008540 secs] [Times: user=0.01 sys=0.00, real=0.00 secs] 
26.150: Total time for which application threads were stopped: 0.0009940 seconds, Stopping threads took: 0.0000690 seconds
26.189: Application time: 0.0391770 seconds
26.189: [GC26.189: [ParNew: 17251K->1096K(18048K), 0.0005400 secs] 53571K->37544K(57984K), 0.0005730 secs] [Times: user=0.01 sys=0.00, real=0.00 secs] 
26.189: Total time for which application threads were stopped: 0.0007020 seconds, Stopping threads took: 0.0000660 seconds
26.227: Application time: 0.0375800 seconds
26.227: [GC26.227: [ParNew: 16785K->610K(18048K), 0.0004130 secs] 53234K->37162K(57984K), 0.0004420 secs] [Times: user=0.00 sys=0.00, real=0.00 secs] 
26.228: Total time for which application threads were stopped: 0.0005630 seconds, Stopping threads took: 0.0000610 seconds
26.265: Application time: 0.0369430 seconds
26.265: [GC26.265: [ParNew: 16568K->1636K(18048K), 0.0006720 secs] 53121K->38188K(57984K), 0.0007020 secs] [Times: user=0.00 sys=0.00, real=0.01 secs] 
26.266: Total time for which application threads were stopped: 0.0009970 seconds, Stopping threads took: 0.0002320 seconds
26.305: Application time: 0.0391690 seconds
26.305: [GC26.305: [ParNew: 17607K->1036K(18048K), 0.0005120 secs] 54159K->37716K(57984K), 0.0005400 secs] [Times: user=0.01 sys=0.00, real=0.01 secs] 
26.305: Total time for which application threads were stopped: 0.0006820 seconds, Stopping threads took: 0.0000800 seconds
26.345: Application time: 0.0392060 seconds
26.345: [GC26.345: [ParNew: 17006K->520K(18048K), 0.0003230 secs] 53687K->37200K(57984K), 0.0003480 secs] [Times: user=0.00 sys=0.00, real=0.00 secs] 
26.345: Total time for which application threads were stopped: 0.0004710 seconds, Stopping threads took: 0.0000690 seconds
26.382: Application time: 0.0366640 seconds
26.382: [GC26.382: [ParNew: 16474K->1550K(18048K), 0.0007800 secs] 53154K->38742K(57984K), 0.0008110 secs] [Times: user=0.00 sys=0.00, real=0.00 secs] 
26.383: Total time for which application threads were stopped: 0.0009470 seconds, Stopping threads took: 0.0000750 seconds
26.422: Application time: 0.0392240 seconds
26.422: [GC26.422: [ParNew: 17516K->1552K(18048K), 0.0008130 secs] 54709K->39256K(57984K), 0.0008430 secs] [Times: user=0.00 sys=0.00, real=0.00 secs] 
26.423: Total time for which application threads were stopped: 0.0009700 seconds, Stopping threads took: 0.0000620 seconds
26.464: Application time: 0.0407280 seconds
26.464: [GC26.464: [ParNew: 17525K->1034K(18048K), 0.0004800 secs] 55229K->38738K(57984K), 0.0005110 secs] [Times: user=0.00 sys=0.00, real=0.00 secs] 
26.464: Total time for which application threads were stopped: 0.0006540 seconds, Stopping threads took: 0.0000840 seconds
26.502: Application time: 0.0382070 seconds
26.503: [GC26.503: [ParNew: 16996K->1550K(18048K), 0.0006950 secs] 54701K->39254K(57984K), 0.0007260 secs] [Times: user=0.00 sys=0.00, real=0.00 secs] 
26.503: Total time for which application threads were stopped: 0.0010090 seconds, Stopping threads took: 0.0002220 seconds
26.542: Application time: 0.0381220 seconds
26.542: [GC26.542: [ParNew: 17508K->1548K(18048K), 0.0009720 secs] 55213K->40276K(57984K), 0.0010030 secs] [Times: user=0.00 sys=0.00, real=0.00 secs] 
26.543: Total time for which application threads were stopped: 0.0011340 seconds, Stopping threads took: 0.0000690 seconds
26.582: Application time: 0.0395520 seconds
26.582: [GC26.582: [ParNew: 17514K->1546K(18048K), 0.0010090 secs] 56243K->41298K(57984K), 0.0010380 secs] [Times: user=0.00 sys=0.00, real=0.00 secs] 
26.583: Total time for which application threads were stopped: 0.0011770 seconds, Stopping threads took: 0.0000780 seconds
26.621: Application time: 0.0380330 seconds
26.622: [GC26.622: [ParNew: 17512K->17512K(18048K), 0.0000100 secs]26.622: [Tenured: 39752K->9286K(39936K), 0.0070020 secs] 57265K->9286K(57984K), [Perm : 5141K->5141K(21248K)], 0.0070670 secs] [Times: user=0.01 sys=0.00, real=0.01 secs] 
26.629: Total time for which application threads were stopped: 0.0072070 seconds, Stopping threads took: 0.0000690 seconds
26.670: Application time: 0.0411230 seconds
26.670: [GC26.670: [ParNew: 15970K->1548K(18048K), 0.0008540 secs] 25257K->11346K(57984K), 0.0008810 secs] [Times: user=0.00 sys=0.00, real=0.00 secs] 
26.671: Total time for which application threads were stopped: 0.0010490 seconds, Stopping threads took: 0.0001020 seconds
26.711: Application time: 0.0399890 seconds
26.711: [GC26.711: [ParNew: 17519K->1040K(18048K), 0.0004720 secs] 27317K->10838K(57984K), 0.0005000 secs] [Times: user=0.01 sys=0.00, real=0.00 secs] 
26.712: Total time for which application threads were stopped: 0.0006920 seconds, Stopping threads took: 0.0001350 seconds
26.751: Application time: 0.0398970 seconds
26.752: [GC26.752: [ParNew: 17004K->1548K(18048K), 0.0006010 secs] 26803K->11346K(57984K), 0.0006300 secs] [Times: user=0.00 sys=0.00, real=0.00 secs] 
26.752: Total time for which application threads were stopped: 0.0007560 seconds, Stopping threads took: 0.0000680 seconds
26.788: Application time: 0.0360650 seconds
26.788: [GC26.788: [ParNew: 17233K->1636K(18048K), 0.0006690 secs] 27032K->11434K(57984K), 0.0007100 secs] [Times: user=0.00 sys=0.00, real=0.00 secs] 
26.789: Total time for which application threads were stopped: 0.0009110 seconds, Stopping threads took: 0.0001390 seconds
26.828: Application time: 0.0389690 seconds
26.829: [GC26.829: [ParNew: 17681K->1578K(18048K), 0.0007020 secs] 27479K->11512K(57984K), 0.0007320 secs] [Times: user=0.01 sys=0.00, real=0.00 secs] 
26.829: Total time for which application threads were stopped: 0.0011540 seconds, Stopping threads took: 0.0003630 seconds
26.868: Application time: 0.0384900 seconds
26.868: [GC26.868: [ParNew: 17614K->1580K(18048K), 0.0008940 secs] 27549K->12610K(57984K), 0.0009240 secs] [Times: user=0.00 sys=0.00, real=0.00 secs] 
26.869: Total time for which application threads were stopped: 0.0010770 seconds, Stopping threads took: 0.0000930 seconds
26.906: Application time: 0.0374260 seconds
26.906: [GC26.906: [ParNew: 17187K->1606K(18048K), 0.0009710 secs] 28218K->13708K(57984K), 0.0010030 secs] [Times: user=0.01 sys=0.00, real=0.00 secs] 
26.907: Total time for which application threads were stopped: 0.0011330 seconds, Stopping threads took: 0.0000660 seconds
26.946: Application time: 0.0387550 seconds
26.946: [GC26.946: [ParNew: 17655K->1578K(18048K), 0.0008540 secs] 29757K->14297K(57984K), 0.0008830 secs] [Times: user=0.01 sys=0.00, real=0.00 secs] 
26.947: Total time for which application threads were stopped: 0.0010160 seconds, Stopping threads took: 0.0000710 seconds
26.987: Application time: 0.0395280 seconds
26.987: [GC26.987: [ParNew: 17549K->1552K(18048K), 0.0006580 secs] 30267K->14327K(57984K), 0.0006880 secs] [Times: user=0.01 sys=0.00, real=0.00 secs] 
26.988: Total time for which application threads were stopped: 0.0009480 seconds, Stopping threads took: 0.0001960 seconds
27.027: Application time: 0.0393070 seconds
27.027: [GC27.027: [ParNew: 17518K->1550K(18048K), 0.0005990 secs] 30293K->14325K(57984K), 0.0006300 secs] [Times: user=0.01 sys=0.00, real=0.00 secs] 
27.028: Total time for which application threads were stopped: 0.0007630 seconds, Stopping threads took: 0.0000690 seconds
27.067: Application time: 0.0392940 seconds
27.067: [GC27.067: [ParNew: 17516K->1550K(18048K), 0.0005850 secs] 30291K->14325K(57984K), 0.0006150 secs] [Times: user=0.00 sys=0.00, real=0.00 secs] 
27.068: Total time for which application threads were stopped: 0.0007400 seconds, Stopping threads took: 0.0000640 seconds
27.107: Application time: 0.0391370 seconds
27.107: [GC27.107: [ParNew: 17521K->1038K(18048K), 0.0004820 secs] 30295K->13812K(57984K), 0.0005110 secs] [Times: user=0.00 sys=0.00, real=0.00 secs] 
27.108: Total time for which application threads were stopped: 0.0006270 seconds, Stopping threads took: 0.0000590 seconds
27.146: Application time: 0.0389120 seconds
27.147: [GC27.147: [ParNew: 17000K->1548K(18048K), 0.0006230 secs] 29775K->14322K(57984K), 0.0006610 secs] [Times: user=0.00 sys=0.00, real=0.00 secs] 
27.147: Total time for which application threads were stopped: 0.0007850 seconds, Stopping threads took: 0.0000660 seconds
27.184: Application time: 0.0371280 seconds
27.185: [GC27.185: [ParNew: 17506K->1550K(18048K), 0.0009210 secs] 30281K->15349K(57984K), 0.0009520 secs] [Times: user=0.01 sys=0.00, real=0.01 secs] 
27.186: Total time for which application threads were stopped: 0.0011300 seconds, Stopping threads took: 0.0001100 seconds
27.226: Application time: 0.0401680 seconds
27.226: [GC27.226: [ParNew: 17521K->1552K(18048K), 0.0007700 secs] 31319K->15863K(57984K), 0.0008000 secs] [Times: user=0.01 sys=0.00, real=0.00 secs] 
27.227: Total time for which application threads were stopped: 0.0009270 seconds, Stopping threads took: 0.0000640 seconds
27.268: Application time: 0.0409240 seconds
27.268: [GC27.268: [ParNew: 17523K->1550K(18048K), 0.0006760 secs] 31833K->15861K(57984K), 0.0007030 secs] [Times: user=0.01 sys=0.00, real=0.00 secs] 
27.268: Total time for which application threads were stopped: 0.0008370 seconds, Stopping threads took: 0.0000750 seconds
27.308: Application time: 0.0392840 seconds
27.308: [GC27.308: [ParNew: 17521K->1036K(18048K), 0.0005670 secs] 31831K->15347K(57984K), 0.0015680 secs] [Times: user=0.00 sys=0.00, real=0.00 secs] 
27.309: Total time for which application threads were stopped: 0.0016980 seconds, Stopping threads took: 0.0000650 seconds
27.349: Application time: 0.0393180 seconds
27.349: [GC27.349: [ParNew: 17002K->526K(18048K), 0.0003530 secs] 31313K->14837K(57984K), 0.0003760 secs] [Times: user=0.00 sys=0.00, real=0.00 secs] 
27.349: Total time for which application threads were stopped: 0.0005750 seconds, Stopping threads took: 0.0001460 seconds
27.388: Application time: 0.0383070 seconds
27.388: [GC27.388: [ParNew: 16496K->524K(18048K), 0.0003650 secs] 30807K->14835K(57984K), 0.0003940 secs] [Times: user=0.00 sys=0.00, real=0.00 secs] 
27.388: Total time for which application threads were stopped: 0.0005130 seconds, Stopping threads took: 0.0000630 seconds
27.424: Application time: 0.0362280 seconds
27.424: [GC27.424: [ParNew: 16586K->1612K(18048K), 0.0009380 secs] 30897K->16947K(57984K), 0.0009680 secs] [Times: user=0.01 sys=0.00, real=0.01 secs] 
27.425: Total time for which application threads were stopped: 0.0011020 seconds, Stopping threads took: 0.0000740 seconds
27.464: Application time: 0.0389800 seconds
27.465: [GC27.465: [ParNew: 17187K->1606K(18048K), 0.0009490 secs] 32522K->18029K(57984K), 0.0009790 secs] [Times: user=0.00 sys=0.00, real=0.01 secs] 
27.466: Total time for which application threads were stopped: 0.0011230 seconds, Stopping threads took: 0.0000840 seconds
27.505: Application time: 0.0391910 seconds
27.505: [GC27.505: [ParNew: 17219K->1606K(18048K), 0.0007550 secs] 33642K->18113K(57984K), 0.0007850 secs] [Times: user=0.01 sys=0.00, real=0.00 secs] 
27.506: Total time for which application threads were stopped: 0.0013050 seconds, Stopping threads took: 0.0004550 seconds
27.546: Application time: 0.0395430 seconds
27.546: [GC27.546: [ParNew: 17577K->1038K(18048K), 0.0004770 secs] 34084K->17649K(57984K), 0.0005060 secs] [Times: user=0.00 sys=0.00, real=0.00 secs] 
27.546: Total time for which application threads were stopped: 0.0007140 seconds, Stopping threads took: 0.0001440 seconds
27.584: Application time: 0.0379140 seconds
27.585: [GC27.585: [ParNew: 16643K->1096K(18048K), 0.0004850 secs] 33254K->17707K(57984K), 0.0005130 secs] [Times: user=0.01 sys=0.00, real=0.00 secs] 
27.586: Total time for which application threads were stopped: 0.0015300 seconds, Stopping threads took: 0.0009560 seconds
27.625: Application time: 0.0391290 seconds
27.625: [GC27.625: [ParNew: 17137K->1580K(18048K), 0.0010290 secs] 33748K->18799K(57984K), 0.0010600 secs] [Times: user=0.01 sys=0.00, real=0.01 secs] 
27.626: Total time for which application threads were stopped: 0.0011900 seconds, Stopping threads took: 0.0000690 seconds
27.667: Application time: 0.0404780 seconds
27.667: [GC27.667: [ParNew: 17555K->524K(18048K), 0.0003260 secs] 34774K->17815K(57984K), 0.0003600 secs] [Times: user=0.00 sys=0.00, real=0.00 secs] 
27.667: Total time for which application threads were stopped: 0.0006530 seconds, Stopping threads took: 0.0002410 seconds
27.705: Application time: 0.0376170 seconds
27.705: [GC27.705: [ParNew: 16486K->1036K(18048K), 0.0004630 secs] 33777K->18327K(57984K), 0.0004930 secs] [Times: user=0.01 sys=0.00, real=0.01 secs] 
27.705: Total time for which application threads were stopped: 0.0006250 seconds, Stopping threads took: 0.0000650 seconds
27.742: Application time: 0.0362350 seconds
27.742: [GC27.742: [ParNew: 16990K->1548K(18048K), 0.0009590 secs] 34281K->19863K(57984K), 0.0009900 secs] [Times: user=0.00 sys=0.00, real=0.00 secs] 
27.743: Total time for which application threads were stopped: 0.0012780 seconds, Stopping threads took: 0.0002250 seconds
27.782: Application time: 0.0391820 seconds
27.782: [GC27.782: [ParNew: 17514K->1550K(18048K), 0.0009470 secs] 35830K->20889K(57984K), 0.0009780 secs] [Times: user=0.00 sys=0.00, real=0.00 secs] 
27.783: Total time for which application threads were stopped: 0.0011060 seconds, Stopping threads took: 0.0000650 seconds
27.822: Application time: 0.0388850 seconds
27.822: [GC27.822: [ParNew: 17516K->1552K(18048K), 0.0009490 secs] 36856K->21915K(57984K), 0.0009810 secs] [Times: user=0.01 sys=0.00, real=0.00 secs] 
27.823: Total time for which application threads were stopped: 0.0011160 seconds, Stopping threads took: 0.0000730 seconds
27.866: Application time: 0.0424080 seconds
27.866: [GC27.866: [ParNew: 17522K->1548K(18048K), 0.0005750 secs] 37886K->21911K(57984K), 0.0006060 secs] [Times: user=0.00 sys=0.00, real=0.00 secs] 
27.866: Total time for which application threads were stopped: 0.0007430 seconds, Stopping threads took: 0.0000590 seconds
27.904: Application time: 0.0371960 seconds
27.904: [GC27.904: [ParNew: 17506K->1550K(18048K), 0.0009670 secs] 37869K->22937K(57984K), 0.0010030 secs] [Times: user=0.00 sys=0.00, real=0.00 secs] 
27.905: Total time for which application threads were stopped: 0.0012390 seconds, Stopping threads took: 0.0001700 seconds
27.945: Application time: 0.0397180 seconds
27.945: [GC27.945: [ParNew: 17520K->1548K(18048K), 0.0007870 secs] 38908K->23447K(57984K), 0.0008200 secs] [Times: user=0.01 sys=0.00, real=0.01 secs] 
27.946: Total time for which application threads were stopped: 0.0010370 seconds, Stopping threads took: 0.0001530 seconds
27.985: Application time: 0.0396600 seconds
27.985: [GC27.985: [ParNew: 17518K->1550K(18048K), 0.0006570 secs] 39418K->23449K(57984K), 0.0006890 secs] [Times: user=0.00 sys=0.00, real=0.00 secs] 
27.986: Total time for which application threads were stopped: 0.0008750 seconds, Stopping threads took: 0.0001250 seconds
28.024: Application time: 0.0382590 seconds
28.025: [GC28.025: [ParNew: 17512K->1548K(18048K), 0.0008670 secs] 39412K->23959K(57984K), 0.0008990 secs] [Times: user=0.00 sys=0.00, real=0.01 secs] 
28.025: Total time for which application threads were stopped: 0.0010400 seconds, Stopping threads took: 0.0000770 seconds
28.063: Application time: 0.0376500 seconds
28.063: [GC28.063: [ParNew: 17510K->1548K(18048K), 0.0009880 secs] 39922K->24983K(57984K), 0.0010180 secs] [Times: user=0.01 sys=0.00, real=0.00 secs] 
28.064: Total time for which application threads were stopped: 0.0012350 seconds, Stopping threads took: 0.0001550 seconds
28.108: Application time: 0.0437270 seconds
28.108: [GC28.108: [ParNew: 17241K->1120K(18048K), 0.0005680 secs] 40677K->24555K(57984K), 0.0006010 secs] [Times: user=0.01 sys=0.00, real=0.00 secs] 
28.109: Total time for which application threads were stopped: 0.0007200 seconds, Stopping threads took: 0.0000500 seconds
28.147: Application time: 0.0380950 seconds
28.147: [GC28.147: [ParNew: 16723K->1606K(18048K), 0.0007290 secs] 40158K->25169K(57984K), 0.0007630 secs] [Times: user=0.01 sys=0.00, real=0.00 secs] 
28.148: Total time for which application threads were stopped: 0.0008850 seconds, Stopping threads took: 0.0000560 seconds
28.186: Application time: 0.0385170 seconds
28.187: [GC28.187: [ParNew: 17568K->1546K(18048K), 0.0006390 secs] 41132K->25205K(57984K), 0.0006730 secs] [Times: user=0.00 sys=0.00, real=0.00 secs] 
28.187: Total time for which application threads were stopped: 0.0008900 seconds, Stopping threads took: 0.0001610 seconds
28.226: Application time: 0.0383390 seconds
28.226: [GC28.226: [ParNew: 17516K->1550K(18048K), 0.0007070 secs] 41176K->25209K(57984K), 0.0007340 secs] [Times: user=0.00 sys=0.00, real=0.00 secs] 
28.227: Total time for which application threads were stopped: 0.0009810 seconds, Stopping threads took: 0.0001810 seconds
28.264: Application time: 0.0377350 seconds
28.264: [GC28.264: [ParNew: 17153K->1608K(18048K), 0.0008410 secs] 40812K->25779K(57984K), 0.0008720 secs] [Times: user=0.01 sys=0.01, real=0.01 secs] 
28.265: Total time for which application threads were stopped: 0.0010050 seconds, Stopping threads took: 0.0000730 seconds
28.304: Application time: 0.0384030 seconds
28.304: [GC28.304: [ParNew: 17653K->1580K(18048K), 0.0007680 secs] 41824K->26359K(57984K), 0.0007980 secs] [Times: user=0.01 sys=0.00, real=0.00 secs] 
28.305: Total time for which application threads were stopped: 0.0009200 seconds, Stopping threads took: 0.0000590 seconds
28.342: Application time: 0.0377680 seconds
28.342: [GC28.342: [ParNew: 17546K->1546K(18048K), 0.0008640 secs] 42326K->26885K(57984K), 0.0008920 secs] [Times: user=0.01 sys=0.00, real=0.00 secs] 
28.343: Total time for which application threads were stopped: 0.0010110 seconds, Stopping threads took: 0.0000580 seconds
28.383: Application time: 0.0396550 seconds
28.383: [GC28.383: [ParNew: 17512K->1550K(18048K), 0.0007510 secs] 42852K->27401K(57984K), 0.0007800 secs] [Times: user=0.01 sys=0.00, real=0.00 secs] 
28.384: Total time for which application threads were stopped: 0.0009060 seconds, Stopping threads took: 0.0000630 seconds
28.423: Application time: 0.0386080 seconds
28.423: [GC28.423: [ParNew: 17516K->1548K(18048K), 0.0007680 secs] 43368K->27911K(57984K), 0.0007990 secs] [Times: user=0.01 sys=0.00, real=0.00 secs] 
28.423: Total time for which application threads were stopped: 0.0009280 seconds, Stopping threads took: 0.0000620 seconds
28.463: Application time: 0.0397640 seconds
28.463: [GC28.463: [ParNew: 17518K->1548K(18048K), 0.0006710 secs] 43882K->27911K(57984K), 0.0007010 secs] [Times: user=0.01 sys=0.00, real=0.00 secs] 
28.464: Total time for which application threads were stopped: 0.0008400 seconds, Stopping threads took: 0.0000760 seconds
28.503: Application time: 0.0387620 seconds
28.503: [GC28.503: [ParNew: 17518K->1036K(18048K), 0.0005380 secs] 43882K->27399K(57984K), 0.0005650 secs] [Times: user=0.00 sys=0.00, real=0.00 secs] 
28.504: Total time for which application threads were stopped: 0.0006880 seconds, Stopping threads took: 0.0000680 seconds
28.543: Application time: 0.0394210 seconds
28.543: [GC28.543: [ParNew: 17006K->524K(18048K), 0.0003730 secs] 43370K->26887K(57984K), 0.0003990 secs] [Times: user=0.00 sys=0.00, real=0.00 secs] 
28.543: Total time for which application threads were stopped: 0.0005200 seconds, Stopping threads took: 0.0000670 seconds
28.582: Application time: 0.0381600 seconds
28.582: [GC28.582: [ParNew: 16486K->1038K(18048K), 0.0005090 secs] 42850K->27401K(57984K), 0.0005370 secs] [Times: user=0.01 sys=0.00, real=0.00 secs] 
28.582: Total time for which application threads were stopped: 0.0006570 seconds, Stopping threads took: 0.0000650 seconds
28.622: Application time: 0.0392880 seconds
28.622: [GC28.622: [ParNew: 17004K->1034K(18048K), 0.0005160 secs] 43368K->27397K(57984K), 0.0005450 secs] [Times: user=0.01 sys=0.00, real=0.00 secs] 
28.622: Total time for which application threads were stopped: 0.0006790 seconds, Stopping threads took: 0.0000730 seconds
28.661: Application time: 0.0387600 seconds
28.661: [GC28.661: [ParNew: 17004K->522K(18048K), 0.0004470 secs] 43368K->26885K(57984K), 0.0004750 secs] [Times: user=0.00 sys=0.00, real=0.00 secs] 
28.662: Total time for which application threads were stopped: 0.0005980 seconds, Stopping threads took: 0.0000560 seconds
28.699: Application time: 0.0378530 seconds
28.700: [GC28.700: [ParNew: 16484K->1038K(18048K), 0.0005350 secs] 42848K->27401K(57984K), 0.0005640 secs] [Times: user=0.00 sys=0.00, real=0.00 secs] 
28.700: Total time for which application threads were stopped: 0.0006940 seconds, Stopping threads took: 0.0000700 seconds
28.736: Application time: 0.0354530 seconds
28.736: [GC28.736: [ParNew: 17066K->1578K(18048K), 0.0011260 secs] 43430K->29478K(57984K), 0.0011600 secs] [Times: user=0.01 sys=0.00, real=0.00 secs] 
28.737: Total time for which application threads were stopped: 0.0013900 seconds, Stopping threads took: 0.0001570 seconds
28.776: Application time: 0.0392860 seconds
28.776: [GC28.776: [ParNew: 17267K->1634K(18048K), 0.0011730 secs] 45167K->30630K(57984K), 0.0012030 secs] [Times: user=0.01 sys=0.00, real=0.01 secs] 
28.778: Total time for which application threads were stopped: 0.0013770 seconds, Stopping threads took: 0.0001120 seconds
28.817: Application time: 0.0389290 seconds
28.817: [GC28.817: [ParNew: 17683K->1580K(18048K), 0.0008230 secs] 46679K->31212K(57984K), 0.0008540 secs] [Times: user=0.01 sys=0.00, real=0.01 secs] 
28.818: Total time for which application threads were stopped: 0.0009890 seconds, Stopping threads took: 0.0000720 seconds
28.857: Application time: 0.0389530 seconds
28.857: [GC28.857: [ParNew: 17551K->1546K(18048K), 0.0006350 secs] 47183K->31234K(57984K), 0.0006680 secs] [Times: user=0.00 sys=0.00, real=0.01 secs] 
28.857: Total time for which application threads were stopped: 0.0007970 seconds, Stopping threads took: 0.0000670 seconds
28.895: Application time: 0.0380240 seconds
28.896: [GC28.896: [ParNew: 17512K->1544K(18048K), 0.0006140 secs] 47200K->31232K(57984K), 0.0006410 secs] [Times: user=0.01 sys=0.00, real=0.00 secs] 
28.896: Total time for which application threads were stopped: 0.0007620 seconds, Stopping threads took: 0.0000600 seconds
28.933: Application time: 0.0365520 seconds
28.933: [GC28.933: [ParNew: 17146K->1604K(18048K), 0.0007780 secs] 46834K->31804K(57984K), 0.0008090 secs] [Times: user=0.01 sys=0.00, real=0.00 secs] 
28.934: Total time for which application threads were stopped: 0.0009290 seconds, Stopping threads took: 0.0000640 seconds
28.972: Application time: 0.0386420 seconds
28.972: [GC28.972: [ParNew: 17649K->1578K(18048K), 0.0008470 secs] 47849K->32394K(57984K), 0.0008770 secs] [Times: user=0.01 sys=0.00, real=0.00 secs] 
28.973: Total time for which application threads were stopped: 0.0010130 seconds, Stopping threads took: 0.0000740 seconds
29.011: Application time: 0.0378270 seconds
29.013: [GC29.013: [ParNew: 17542K->1544K(18048K), 0.0009460 secs] 48358K->32936K(57984K), 0.0009730 secs] [Times: user=0.00 sys=0.00, real=0.00 secs] 
29.014: Total time for which application threads were stopped: 0.0031250 seconds, Stopping threads took: 0.0020940 seconds
29.055: Application time: 0.0411510 seconds
29.056: [GC29.056: [ParNew: 17512K->1544K(18048K), 0.0006860 secs] 48905K->32936K(57984K), 0.0007130 secs] [Times: user=0.01 sys=0.00, real=0.00 secs] 
29.056: Total time for which application threads were stopped: 0.0008590 seconds, Stopping threads took: 0.0000890 seconds
29.093: Application time: 0.0365020 seconds
29.093: [GC29.093: [ParNew: 17502K->1546K(18048K), 0.0030230 secs] 48894K->33962K(57984K), 0.0030580 secs] [Times: user=0.02 sys=0.00, real=0.00 secs] 
29.096: Total time for which application threads were stopped: 0.0032080 seconds, Stopping threads took: 0.0000860 seconds
29.135: Application time: 0.0386340 seconds
29.135: [GC29.135: [ParNew: 17512K->1548K(18048K), 0.0009660 secs] 49929K->34988K(57984K), 0.0009970 secs] [Times: user=0.01 sys=0.00, real=0.00 secs] 
29.136: Total time for which application threads were stopped: 0.0012150 seconds, Stopping threads took: 0.0001540 seconds
29.176: Application time: 0.0402420 seconds
29.176: [GC29.176: [ParNew: 17514K->1548K(18048K), 0.0010210 secs] 50955K->36012K(57984K), 0.0010550 secs] [Times: user=0.01 sys=0.00, real=0.01 secs] 
29.177: Total time for which application threads were stopped: 0.0012080 seconds, Stopping threads took: 0.0000770 seconds
29.216: Application time: 0.0383210 seconds
29.216: [GC29.216: [ParNew: 17519K->1546K(18048K), 0.0008530 secs] 51983K->36522K(57984K), 0.0008810 secs] [Times: user=0.01 sys=0.00, real=0.00 secs] 
29.217: Total time for which application threads were stopped: 0.0010010 seconds, Stopping threads took: 0.0000580 seconds
29.256: Application time: 0.0398090 seconds
29.257: [GC29.257: [ParNew: 17514K->1546K(18048K), 0.0006460 secs] 52491K->36522K(57984K), 0.0006750 secs] [Times: user=0.00 sys=0.00, real=0.01 secs] 
29.257: Total time for which application threads were stopped: 0.0008170 seconds, Stopping threads took: 0.0000720 seconds
29.295: Application time: 0.0380340 seconds
29.295: [GC29.295: [ParNew: 17510K->1548K(18048K), 0.0006370 secs] 52487K->36524K(57984K), 0.0006660 secs] [Times: user=0.01 sys=0.00, real=0.00 secs] 
29.296: Total time for which application threads were stopped: 0.0007960 seconds, Stopping threads took: 0.0000690 seconds
29.334: Application time: 0.0381110 seconds
29.334: [GC29.334: [ParNew: 17514K->1548K(18048K), 0.0005970 secs] 52491K->36524K(57984K), 0.0006280 secs] [Times: user=0.00 sys=0.00, real=0.00 secs] 
29.335: Total time for which application threads were stopped: 0.0007720 seconds, Stopping threads took: 0.0000880 seconds
29.374: Application time: 0.0387050 seconds
29.374: [GC29.374: [ParNew: 17597K->1064K(18048K), 0.0005600 secs] 52573K->36040K(57984K), 0.0005870 secs] [Times: user=0.01 sys=0.00, real=0.00 secs] 
29.374: Total time for which application threads were stopped: 0.0007090 seconds, Stopping threads took: 0.0000640 seconds
29.410: Application time: 0.0353420 seconds
29.410: [GC29.410: [ParNew: 16662K->1608K(18048K), 0.0008000 secs] 51639K->37160K(57984K), 0.0008290 secs] [Times: user=0.01 sys=0.00, real=0.00 secs] 
29.411: Total time for which application threads were stopped: 0.0009670 seconds, Stopping threads took: 0.0000790 seconds
29.449: Application time: 0.0382670 seconds
29.449: [GC29.449: [ParNew: 17219K->1606K(18048K), 0.0007420 secs] 52771K->37262K(57984K), 0.0007700 secs] [Times: user=0.01 sys=0.00, real=0.00 secs] 
29.450: Total time for which application threads were stopped: 0.0009210 seconds, Stopping threads took: 0.0000950 seconds
29.487: Application time: 0.0373250 seconds
29.487: [GC29.487: [ParNew: 17568K->1546K(18048K), 0.0007910 secs] 53225K->37818K(57984K), 0.0008210 secs] [Times: user=0.00 sys=0.00, real=0.00 secs] 
29.488: Total time for which application threads were stopped: 0.0009400 seconds, Stopping threads took: 0.0000580 seconds
29.527: Application time: 0.0386870 seconds
29.527: [GC29.527: [ParNew: 17512K->1546K(18048K), 0.0007620 secs] 53785K->38330K(57984K), 0.0007930 secs] [Times: user=0.01 sys=0.00, real=0.00 secs] 
29.528: Total time for which application threads were stopped: 0.0009370 seconds, Stopping threads took: 0.0000820 seconds
29.567: Application time: 0.0388410 seconds
29.567: [GC29.567: [ParNew: 17517K->1546K(18048K), 0.0006370 secs] 54301K->38330K(57984K), 0.0006630 secs] [Times: user=0.00 sys=0.00, real=0.00 secs] 
29.567: Total time for which application threads were stopped: 0.0007980 seconds, Stopping threads took: 0.0000800 seconds
29.603: Application time: 0.0351270 seconds
29.603: [GC29.603: [ParNew: 17144K->1608K(18048K), 0.0009400 secs] 53929K->39416K(57984K), 0.0009710 secs] [Times: user=0.01 sys=0.00, real=0.00 secs] 
29.604: Total time for which application threads were stopped: 0.0011150 seconds, Stopping threads took: 0.0000810 seconds
29.642: Application time: 0.0382300 seconds
29.642: [GC29.642: [ParNew: 17653K->1580K(18048K), 0.0009910 secs] 55461K->40484K(57984K), 0.0010240 secs] [Times: user=0.01 sys=0.00, real=0.00 secs] 
29.643: Total time for which application threads were stopped: 0.0011660 seconds, Stopping threads took: 0.0000760 seconds
29.683: Application time: 0.0401950 seconds
29.683: [GC29.683: [ParNew: 17551K->1550K(18048K), 0.0007870 secs] 56455K->41022K(57984K), 0.0008280 secs] [Times: user=0.01 sys=0.00, real=0.00 secs] 
29.684: Total time for which application threads were stopped: 0.0009610 seconds, Stopping threads took: 0.0000700 seconds
29.724: Application time: 0.0397930 seconds
29.724: [GC29.724: [ParNew: 17516K->1548K(18048K), 0.0007440 secs]29.725: [Tenured: 39984K->8930K(40452K), 0.0061750 secs] 56989K->8930K(58500K), [Perm : 5141K->5141K(21248K)], 0.0069930 secs] [Times: user=0.02 sys=0.00, real=0.01 secs] 
29.731: Total time for which application threads were stopped: 0.0071330 seconds, Stopping threads took: 0.0000710 seconds
29.770: Application time: 0.0384630 seconds
29.770: [GC29.770: [ParNew: 15970K->1546K(18048K), 0.0006700 secs] 24900K->10476K(57984K), 0.0006970 secs] [Times: user=0.01 sys=0.00, real=0.00 secs] 
29.770: Total time for which application threads were stopped: 0.0008280 seconds, Stopping threads took: 0.0000670 seconds
29.809: Application time: 0.0384990 seconds
29.809: [GC29.809: [ParNew: 17516K->1034K(18048K), 0.0004830 secs] 26447K->9964K(57984K), 0.0005100 secs] [Times: user=0.00 sys=0.00, real=0.00 secs] 
29.810: Total time for which application threads were stopped: 0.0006340 seconds, Stopping threads took: 0.0000670 seconds
29.849: Application time: 0.0390020 seconds
29.849: [GC29.849: [ParNew: 17004K->522K(18048K), 0.0003220 secs] 25935K->9452K(57984K), 0.0003470 secs] [Times: user=0.00 sys=0.00, real=0.00 secs] 
29.849: Total time for which application threads were stopped: 0.0004610 seconds, Stopping threads took: 0.0000620 seconds
29.887: Application time: 0.0375030 seconds
29.887: [GC29.887: [ParNew: 16484K->1034K(18048K), 0.0004660 secs] 25414K->9964K(57984K), 0.0004930 secs] [Times: user=0.00 sys=0.00, real=0.00 secs] 
29.887: Total time for which application threads were stopped: 0.0006060 seconds, Stopping threads took: 0.0000570 seconds
29.924: Application time: 0.0370890 seconds
29.924: [GC29.924: [ParNew: 16984K->1548K(18048K), 0.0011360 secs] 25914K->12014K(57984K), 0.0011690 secs] [Times: user=0.01 sys=0.00, real=0.01 secs] 
29.926: Total time for which application threads were stopped: 0.0013070 seconds, Stopping threads took: 0.0000720 seconds
29.965: Application time: 0.0391420 seconds
29.965: [GC29.965: [ParNew: 17519K->1546K(18048K), 0.0009400 secs] 27985K->13036K(57984K), 0.0009730 secs] [Times: user=0.01 sys=0.00, real=0.01 secs] 
29.966: Total time for which application threads were stopped: 0.0011120 seconds, Stopping threads took: 0.0000750 seconds
30.005: Application time: 0.0390180 seconds
30.005: [GC30.005: [ParNew: 17595K->1576K(18048K), 0.0007590 secs] 29085K->13578K(57984K), 0.0007920 secs] [Times: user=0.00 sys=0.01, real=0.01 secs] 
30.006: Total time for which application threads were stopped: 0.0009340 seconds, Stopping threads took: 0.0000780 seconds
30.045: Application time: 0.0388030 seconds
30.045: [GC30.045: [ParNew: 17187K->1606K(18048K), 0.0006300 secs] 29189K->13672K(57984K), 0.0006600 secs] [Times: user=0.01 sys=0.00, real=0.01 secs] 
30.045: Total time for which application threads were stopped: 0.0007890 seconds, Stopping threads took: 0.0000710 seconds
30.084: Application time: 0.0391120 seconds
30.085: [GC30.085: [ParNew: 17651K->1578K(18048K), 0.0006780 secs] 29717K->13740K(57984K), 0.0007060 secs] [Times: user=0.00 sys=0.00, real=0.01 secs] 
30.085: Total time for which application threads were stopped: 0.0008190 seconds, Stopping threads took: 0.0000540 seconds
30.124: Application time: 0.0386920 seconds
30.124: [GC30.124: [ParNew: 17627K->1062K(18048K), 0.0004680 secs] 29789K->13288K(57984K), 0.0004970 secs] [Times: user=0.00 sys=0.00, real=0.00 secs] 
30.125: Total time for which application threads were stopped: 0.0006140 seconds, Stopping threads took: 0.0000570 seconds
30.160: Application time: 0.0353930 seconds
30.160: [GC30.160: [ParNew: 17008K->1550K(18048K), 0.0012820 secs] 29234K->15904K(57984K), 0.0013180 secs] [Times: user=0.01 sys=0.00, real=0.00 secs] 
30.161: Total time for which application threads were stopped: 0.0014470 seconds, Stopping threads took: 0.0000620 seconds
30.200: Application time: 0.0386290 seconds
30.200: [GC30.200: [ParNew: 17521K->1550K(18048K), 0.0011120 secs] 31875K->17440K(57984K), 0.0011500 secs] [Times: user=0.00 sys=0.00, real=0.00 secs] 
30.201: Total time for which application threads were stopped: 0.0012860 seconds, Stopping threads took: 0.0000750 seconds
30.240: Application time: 0.0387230 seconds
30.240: [GC30.240: [ParNew: 17521K->1548K(18048K), 0.0009320 secs] 33411K->18462K(57984K), 0.0009630 secs] [Times: user=0.01 sys=0.00, real=0.00 secs] 
30.241: Total time for which application threads were stopped: 0.0011080 seconds, Stopping threads took: 0.0000810 seconds
30.280: Application time: 0.0391990 seconds
30.281: [GC30.281: [ParNew: 17159K->1604K(18048K), 0.0008060 secs] 34073K->19030K(57984K), 0.0008360 secs] [Times: user=0.01 sys=0.00, real=0.00 secs] 
30.281: Total time for which application threads were stopped: 0.0009730 seconds, Stopping threads took: 0.0000670 seconds
30.322: Application time: 0.0402010 seconds
30.322: [GC30.322: [ParNew: 17653K->1576K(18048K), 0.0007050 secs] 35079K->19106K(57984K), 0.0007350 secs] [Times: user=0.01 sys=0.00, real=0.00 secs] 
30.322: Total time for which application threads were stopped: 0.0008560 seconds, Stopping threads took: 0.0000570 seconds
30.361: Application time: 0.0382640 seconds
30.361: [GC30.361: [ParNew: 17547K->1032K(18048K), 0.0004720 secs] 35077K->18634K(57984K), 0.0005020 secs] [Times: user=0.01 sys=0.00, real=0.00 secs] 
30.361: Total time for which application threads were stopped: 0.0006320 seconds, Stopping threads took: 0.0000710 seconds
30.398: Application time: 0.0363760 seconds
30.398: [GC30.398: [ParNew: 16986K->1546K(18048K), 0.0009520 secs] 34588K->20172K(57984K), 0.0009830 secs] [Times: user=0.01 sys=0.00, real=0.00 secs] 
30.399: Total time for which application threads were stopped: 0.0011080 seconds, Stopping threads took: 0.0000600 seconds
30.436: Application time: 0.0375970 seconds
30.437: [GC30.437: [ParNew: 17512K->1550K(18048K), 0.0009290 secs] 36139K->21200K(57984K), 0.0009590 secs] [Times: user=0.00 sys=0.00, real=0.01 secs] 
30.438: Total time for which application threads were stopped: 0.0010860 seconds, Stopping threads took: 0.0000630 seconds
30.477: Application time: 0.0392430 seconds
30.477: [GC30.477: [ParNew: 17521K->1548K(18048K), 0.0007970 secs] 37171K->21710K(57984K), 0.0008280 secs] [Times: user=0.00 sys=0.00, real=0.01 secs] 
30.478: Total time for which application threads were stopped: 0.0009700 seconds, Stopping threads took: 0.0000800 seconds
30.517: Application time: 0.0394610 seconds
30.517: [GC30.517: [ParNew: 17519K->1548K(18048K), 0.0005940 secs] 37681K->21710K(57984K), 0.0006230 secs] [Times: user=0.00 sys=0.00, real=0.00 secs] 
30.518: Total time for which application threads were stopped: 0.0007580 seconds, Stopping threads took: 0.0000750 seconds
30.558: Application time: 0.0397330 seconds
30.558: [GC30.558: [ParNew: 17514K->1546K(18048K), 0.0006030 secs] 37677K->21708K(57984K), 0.0006330 secs] [Times: user=0.00 sys=0.00, real=0.00 secs] 
30.558: Total time for which application threads were stopped: 0.0007640 seconds, Stopping threads took: 0.0000710 seconds
30.598: Application time: 0.0390630 seconds
30.598: [GC30.598: [ParNew: 17512K->1544K(18048K), 0.0006600 secs] 37675K->21706K(57984K), 0.0006910 secs] [Times: user=0.01 sys=0.00, real=0.00 secs] 
30.598: Total time for which application threads were stopped: 0.0008220 seconds, Stopping threads took: 0.0000710 seconds
30.637: Application time: 0.0389500 seconds
30.637: [GC30.637: [ParNew: 17514K->1034K(18048K), 0.0004490 secs] 37677K->21196K(57984K), 0.0004770 secs] [Times: user=0.00 sys=0.00, real=0.00 secs] 
30.638: Total time for which application threads were stopped: 0.0006180 seconds, Stopping threads took: 0.0000850 seconds
30.676: Application time: 0.0376640 seconds
30.676: [GC30.676: [ParNew: 17074K->1572K(18048K), 0.0007330 secs] 37237K->21734K(57984K), 0.0007600 secs] [Times: user=0.01 sys=0.00, real=0.00 secs] 
30.676: Total time for which application threads were stopped: 0.0008780 seconds, Stopping threads took: 0.0000600 seconds
30.713: Application time: 0.0361710 seconds
30.713: [GC30.713: [ParNew: 17257K->1636K(18048K), 0.0006550 secs] 37420K->21863K(57984K), 0.0006970 secs] [Times: user=0.00 sys=0.00, real=0.00 secs] 
30.713: Total time for which application threads were stopped: 0.0008360 seconds, Stopping threads took: 0.0000800 seconds
30.753: Application time: 0.0395760 seconds
30.753: [GC30.753: [ParNew: 17681K->1578K(18048K), 0.0007260 secs] 37907K->21929K(57984K), 0.0007560 secs] [Times: user=0.00 sys=0.00, real=0.00 secs] 
30.754: Total time for which application threads were stopped: 0.0008970 seconds, Stopping threads took: 0.0000760 seconds
30.793: Application time: 0.0387600 seconds
30.793: [GC30.793: [ParNew: 17549K->1032K(18048K), 0.0004860 secs] 37899K->21446K(57984K), 0.0005160 secs] [Times: user=0.01 sys=0.00, real=0.00 secs] 
30.793: Total time for which application threads were stopped: 0.0006600 seconds, Stopping threads took: 0.0000780 seconds
30.831: Application time: 0.0377550 seconds
30.831: [GC30.831: [ParNew: 16998K->1034K(18048K), 0.0004870 secs] 37413K->21448K(57984K), 0.0005160 secs] [Times: user=0.00 sys=0.00, real=0.00 secs] 
30.832: Total time for which application threads were stopped: 0.0006460 seconds, Stopping threads took: 0.0000690 seconds
30.868: Application time: 0.0360250 seconds
30.868: [GC30.868: [ParNew: 16984K->1550K(18048K), 0.0010950 secs] 37399K->23501K(57984K), 0.0011270 secs] [Times: user=0.01 sys=0.00, real=0.00 secs] 
30.869: Total time for which application threads were stopped: 0.0012590 seconds, Stopping threads took: 0.0000680 seconds
30.908: Application time: 0.0387670 seconds
30.908: [GC30.908: [ParNew: 17161K->1606K(18048K), 0.0010140 secs] 39112K->24581K(57984K), 0.0010440 secs] [Times: user=0.00 sys=0.00, real=0.00 secs] 
30.909: Total time for which application threads were stopped: 0.0011810 seconds, Stopping threads took: 0.0000750 seconds
30.948: Application time: 0.0388650 seconds
30.948: [GC30.948: [ParNew: 17577K->1546K(18048K), 0.0007580 secs] 40552K->25129K(57984K), 0.0007850 secs] [Times: user=0.01 sys=0.00, real=0.00 secs] 
30.949: Total time for which application threads were stopped: 0.0009130 seconds, Stopping threads took: 0.0000680 seconds
30.987: Application time: 0.0386230 seconds
30.988: [GC30.988: [ParNew: 17595K->1576K(18048K), 0.0006790 secs] 41178K->25159K(57984K), 0.0007070 secs] [Times: user=0.00 sys=0.00, real=0.00 secs] 
30.988: Total time for which application threads were stopped: 0.0008280 seconds, Stopping threads took: 0.0000630 seconds
31.026: Application time: 0.0373470 seconds
31.026: [GC31.026: [ParNew: 17538K->1548K(18048K), 0.0008600 secs] 41121K->25707K(57984K), 0.0008910 secs] [Times: user=0.01 sys=0.00, real=0.00 secs] 
31.027: Total time for which application threads were stopped: 0.0010510 seconds, Stopping threads took: 0.0001000 seconds
31.064: Application time: 0.0374550 seconds
31.064: [GC31.064: [ParNew: 17510K->1548K(18048K), 0.0009810 secs] 41669K->26731K(57984K), 0.0010140 secs] [Times: user=0.00 sys=0.00, real=0.01 secs] 
31.065: Total time for which application threads were stopped: 0.0011400 seconds, Stopping threads took: 0.0000650 seconds
31.105: Application time: 0.0393890 seconds
31.105: [GC31.105: [ParNew: 17516K->1548K(18048K), 0.0007650 secs] 42700K->27243K(57984K), 0.0007960 secs] [Times: user=0.00 sys=0.00, real=0.01 secs] 
31.106: Total time for which application threads were stopped: 0.0010050 seconds, Stopping threads took: 0.0001480 seconds
31.144: Application time: 0.0385370 seconds
31.144: [GC31.144: [ParNew: 17514K->1546K(18048K), 0.0007480 secs] 43209K->27753K(57984K), 0.0007780 secs] [Times: user=0.01 sys=0.00, real=0.00 secs] 
31.145: Total time for which application threads were stopped: 0.0009280 seconds, Stopping threads took: 0.0000870 seconds
31.183: Application time: 0.0382170 seconds
31.183: [GC31.183: [ParNew: 17517K->1546K(18048K), 0.0006740 secs] 43724K->27753K(57984K), 0.0007040 secs] [Times: user=0.00 sys=0.00, real=0.00 secs] 
31.184: Total time for which application threads were stopped: 0.0008500 seconds, Stopping threads took: 0.0000790 seconds
31.221: Application time: 0.0369820 seconds
31.221: [GC31.221: [ParNew: 17512K->1548K(18048K), 0.0006110 secs] 43719K->27755K(57984K), 0.0006400 secs] [Times: user=0.00 sys=0.01, real=0.00 secs] 
31.222: Total time for which application threads were stopped: 0.0007850 seconds, Stopping threads took: 0.0000870 seconds
31.260: Application time: 0.0380140 seconds
31.260: [GC31.260: [ParNew: 17510K->1550K(18048K), 0.0007990 secs] 43717K->28269K(57984K), 0.0008310 secs] [Times: user=0.01 sys=0.00, real=0.00 secs] 
31.261: Total time for which application threads were stopped: 0.0009660 seconds, Stopping threads took: 0.0000730 seconds
31.299: Application time: 0.0384060 seconds
31.299: [GC31.300: [ParNew: 17595K->1576K(18048K), 0.0008480 secs] 44314K->28807K(57984K), 0.0008780 secs] [Times: user=0.00 sys=0.00, real=0.00 secs] 
31.300: Total time for which application threads were stopped: 0.0010300 seconds, Stopping threads took: 0.0000830 seconds
31.340: Application time: 0.0395420 seconds
31.340: [GC31.340: [ParNew: 17191K->1096K(18048K), 0.0005480 secs] 44422K->28383K(57984K), 0.0005790 secs] [Times: user=0.00 sys=0.00, real=0.00 secs] 
31.341: Total time for which application threads were stopped: 0.0006960 seconds, Stopping threads took: 0.0000570 seconds
31.379: Application time: 0.0380080 seconds
31.379: [GC31.379: [ParNew: 16707K->582K(18048K), 0.0003970 secs] 43994K->27965K(57984K), 0.0004240 secs] [Times: user=0.00 sys=0.00, real=0.00 secs] 
31.379: Total time for which application threads were stopped: 0.0005660 seconds, Stopping threads took: 0.0000890 seconds
31.415: Application time: 0.0358110 seconds
31.415: [GC31.415: [ParNew: 16536K->1606K(18048K), 0.0008310 secs] 43919K->29501K(57984K), 0.0008600 secs] [Times: user=0.01 sys=0.00, real=0.00 secs] 
31.416: Total time for which application threads were stopped: 0.0010360 seconds, Stopping threads took: 0.0001150 seconds
31.456: Application time: 0.0399000 seconds
31.456: [GC31.456: [ParNew: 17579K->520K(18048K), 0.0003890 secs] 45474K->28519K(57984K), 0.0004170 secs] [Times: user=0.00 sys=0.00, real=0.00 secs] 
31.457: Total time for which application threads were stopped: 0.0006340 seconds, Stopping threads took: 0.0001580 seconds
31.495: Application time: 0.0379990 seconds
31.495: [GC31.495: [ParNew: 16476K->1546K(18048K), 0.0008150 secs] 44475K->30057K(57984K), 0.0008430 secs] [Times: user=0.00 sys=0.00, real=0.00 secs] 
31.496: Total time for which application threads were stopped: 0.0009670 seconds, Stopping threads took: 0.0000660 seconds
31.534: Application time: 0.0388620 seconds
31.535: [GC31.535: [ParNew: 17519K->1032K(18048K), 0.0004990 secs] 46030K->29543K(57984K), 0.0005310 secs] [Times: user=0.01 sys=0.00, real=0.00 secs] 
31.535: Total time for which application threads were stopped: 0.0006490 seconds, Stopping threads took: 0.0000560 seconds
31.571: Application time: 0.0360770 seconds
31.571: [GC31.571: [ParNew: 16631K->1608K(18048K), 0.0006110 secs] 45142K->30119K(57984K), 0.0006410 secs] [Times: user=0.01 sys=0.00, real=0.00 secs] 
31.572: Total time for which application threads were stopped: 0.0008000 seconds, Stopping threads took: 0.0000990 seconds
31.611: Application time: 0.0392230 seconds
31.611: [GC31.611: [ParNew: 17572K->1546K(18048K), 0.0008650 secs] 46084K->30665K(57984K), 0.0008920 secs] [Times: user=0.01 sys=0.00, real=0.00 secs] 
31.612: Total time for which application threads were stopped: 0.0010190 seconds, Stopping threads took: 0.0000670 seconds
31.651: Application time: 0.0391620 seconds
31.651: [GC31.651: [ParNew: 17595K->1578K(18048K), 0.0007080 secs] 46714K->30697K(57984K), 0.0007350 secs] [Times: user=0.01 sys=0.00, real=0.00 secs] 
31.652: Total time for which application threads were stopped: 0.0008620 seconds, Stopping threads took: 0.0000710 seconds
31.691: Application time: 0.0386140 seconds
31.691: [GC31.691: [ParNew: 17549K->1032K(18048K), 0.0004770 secs] 46668K->30215K(57984K), 0.0005040 secs] [Times: user=0.00 sys=0.00, real=0.00 secs] 
31.691: Total time for which application threads were stopped: 0.0006320 seconds, Stopping threads took: 0.0000620 seconds
31.731: Application time: 0.0396850 seconds
31.731: [GC31.731: [ParNew: 16998K->1034K(18048K), 0.0004430 secs] 46182K->30217K(57984K), 0.0004690 secs] [Times: user=0.00 sys=0.00, real=0.00 secs] 
31.732: Total time for which application threads were stopped: 0.0005800 seconds, Stopping threads took: 0.0000570 seconds
31.769: Application time: 0.0373080 seconds
31.769: [GC31.769: [ParNew: 16992K->1548K(18048K), 0.0006140 secs] 46175K->30731K(57984K), 0.0006400 secs] [Times: user=0.00 sys=0.00, real=0.00 secs] 
31.770: Total time for which application threads were stopped: 0.0008100 seconds, Stopping threads took: 0.0001160 seconds
31.808: Application time: 0.0377150 seconds
31.808: [GC31.808: [ParNew: 17508K->1550K(18048K), 0.0009440 secs] 46692K->31757K(57984K), 0.0009760 secs] [Times: user=0.01 sys=0.01, real=0.00 secs] 
31.809: Total time for which application threads were stopped: 0.0011270 seconds, Stopping threads took: 0.0000800 seconds
31.847: Application time: 0.0386420 seconds
31.847: [GC31.848: [ParNew: 17516K->1548K(18048K), 0.0009090 secs] 47724K->32779K(57984K), 0.0009380 secs] [Times: user=0.00 sys=0.00, real=0.00 secs] 
31.848: Total time for which application threads were stopped: 0.0010810 seconds, Stopping threads took: 0.0000820 seconds
31.888: Application time: 0.0397890 seconds
31.888: [GC31.888: [ParNew: 17521K->1548K(18048K), 0.0006020 secs] 48752K->32779K(57984K), 0.0006320 secs] [Times: user=0.00 sys=0.00, real=0.00 secs] 
31.889: Total time for which application threads were stopped: 0.0007640 seconds, Stopping threads took: 0.0000720 seconds
31.928: Application time: 0.0385090 seconds
31.928: [GC31.928: [ParNew: 17519K->1034K(18048K), 0.0004830 secs] 48750K->32265K(57984K), 0.0005110 secs] [Times: user=0.01 sys=0.00, real=0.00 secs] 
31.928: Total time for which application threads were stopped: 0.0006330 seconds, Stopping threads took: 0.0000630 seconds
31.965: Application time: 0.0369420 seconds
31.965: [GC31.965: [ParNew: 16637K->1608K(18048K), 0.0006560 secs] 47868K->32839K(57984K), 0.0006850 secs] [Times: user=0.00 sys=0.00, real=0.00 secs] 
31.966: Total time for which application threads were stopped: 0.0008050 seconds, Stopping threads took: 0.0000560 seconds
32.001: Application time: 0.0353350 seconds
32.001: [GC32.001: [ParNew: 17207K->1608K(18048K), 0.0009360 secs] 48438K->33967K(57984K), 0.0009670 secs] [Times: user=0.00 sys=0.00, real=0.00 secs] 
32.002: Total time for which application threads were stopped: 0.0010870 seconds, Stopping threads took: 0.0000570 seconds
32.042: Application time: 0.0398230 seconds
32.042: [GC32.042: [ParNew: 17655K->1578K(18048K), 0.0008260 secs] 50014K->34553K(57984K), 0.0008530 secs] [Times: user=0.01 sys=0.00, real=0.00 secs] 
32.043: Total time for which application threads were stopped: 0.0009780 seconds, Stopping threads took: 0.0000670 seconds
32.081: Application time: 0.0381150 seconds
32.081: [GC32.081: [ParNew: 17540K->1546K(18048K), 0.0009590 secs] 50516K->35609K(57984K), 0.0009890 secs] [Times: user=0.01 sys=0.00, real=0.00 secs] 
32.082: Total time for which application threads were stopped: 0.0011270 seconds, Stopping threads took: 0.0000740 seconds
32.121: Application time: 0.0390700 seconds
32.122: [GC32.122: [ParNew: 17512K->1548K(18048K), 0.0009600 secs] 51576K->36635K(57984K), 0.0009880 secs] [Times: user=0.00 sys=0.00, real=0.00 secs] 
32.123: Total time for which application threads were stopped: 0.0011090 seconds, Stopping threads took: 0.0000610 seconds
32.162: Application time: 0.0389920 seconds
32.162: [GC32.162: [ParNew: 17514K->1546K(18048K), 0.0008480 secs] 52602K->37145K(57984K), 0.0008780 secs] [Times: user=0.00 sys=0.00, real=0.00 secs] 
32.163: Total time for which application threads were stopped: 0.0010400 seconds, Stopping threads took: 0.0000980 seconds
32.202: Application time: 0.0389770 seconds
32.202: [GC32.202: [ParNew: 17517K->1544K(18048K), 0.0007080 secs] 53116K->37143K(57984K), 0.0007350 secs] [Times: user=0.01 sys=0.00, real=0.00 secs] 
32.202: Total time for which application threads were stopped: 0.0008620 seconds, Stopping threads took: 0.0000700 seconds
32.240: Application time: 0.0374760 seconds
32.240: [GC32.240: [ParNew: 17149K->1606K(18048K), 0.0008310 secs] 52749K->37718K(57984K), 0.0008610 secs] [Times: user=0.01 sys=0.00, real=0.00 secs] 
32.241: Total time for which application threads were stopped: 0.0010190 seconds, Stopping threads took: 0.0000980 seconds
32.279: Application time: 0.0378020 seconds
32.279: [GC32.279: [ParNew: 17572K->1548K(18048K), 0.0008490 secs] 53684K->38260K(57984K), 0.0008820 secs] [Times: user=0.00 sys=0.00, real=0.00 secs] 
32.280: Total time for which application threads were stopped: 0.0010310 seconds, Stopping threads took: 0.0000880 seconds
32.318: Application time: 0.0386860 seconds
32.319: [GC32.319: [ParNew: 17597K->1574K(18048K), 0.0007290 secs] 54309K->38286K(57984K), 0.0015800 secs] [Times: user=0.01 sys=0.00, real=0.00 secs] 
32.320: Total time for which application threads were stopped: 0.0018260 seconds, Stopping threads took: 0.0001790 seconds
32.359: Application time: 0.0390020 seconds
32.359: [GC32.359: [ParNew: 17540K->1544K(18048K), 0.0006940 secs] 54252K->38312K(57984K), 0.0007230 secs] [Times: user=0.00 sys=0.00, real=0.00 secs] 
32.360: Total time for which application threads were stopped: 0.0008660 seconds, Stopping threads took: 0.0000840 seconds
32.397: Application time: 0.0370120 seconds
32.397: [GC32.397: [ParNew: 17502K->1550K(18048K), 0.0009880 secs] 54270K->39342K(57984K), 0.0010230 secs] [Times: user=0.00 sys=0.00, real=0.00 secs] 
32.398: Total time for which application threads were stopped: 0.0011590 seconds, Stopping threads took: 0.0000700 seconds
32.436: Application time: 0.0381030 seconds
32.437: [GC32.437: [ParNew: 17521K->1544K(18048K), 0.0008220 secs] 55312K->39848K(57984K), 0.0008550 secs] [Times: user=0.00 sys=0.00, real=0.01 secs] 
32.437: Total time for which application threads were stopped: 0.0009930 seconds, Stopping threads took: 0.0000740 seconds
32.477: Application time: 0.0394970 seconds
32.477: [GC32.477: [ParNew: 17514K->1546K(18048K), 0.0006690 secs] 55818K->39850K(57984K), 0.0006990 secs] [Times: user=0.01 sys=0.00, real=0.01 secs] 
32.478: Total time for which application threads were stopped: 0.0008370 seconds, Stopping threads took: 0.0000760 seconds
32.518: Application time: 0.0401440 seconds
32.518: [GC32.518: [ParNew: 17516K->1032K(18048K), 0.0005240 secs] 55820K->39336K(57984K), 0.0005490 secs] [Times: user=0.00 sys=0.00, real=0.00 secs] 
32.519: Total time for which application threads were stopped: 0.0006760 seconds, Stopping threads took: 0.0000730 seconds
32.558: Application time: 0.0395520 seconds
32.558: [GC32.558: [ParNew: 17002K->522K(18048K), 0.0003540 secs] 55306K->38826K(57984K), 0.0003800 secs] [Times: user=0.00 sys=0.00, real=0.00 secs] 
32.559: Total time for which application threads were stopped: 0.0005210 seconds, Stopping threads took: 0.0000880 seconds
32.594: Application time: 0.0353510 seconds
32.594: [GC32.594: [ParNew: 16562K->1066K(18048K), 0.0004700 secs] 54866K->39370K(57984K), 0.0004960 secs] [Times: user=0.01 sys=0.00, real=0.00 secs] 
32.595: Total time for which application threads were stopped: 0.0006130 seconds, Stopping threads took: 0.0000620 seconds
32.632: Application time: 0.0376560 seconds
32.632: [GC32.632: [ParNew: 16664K->1608K(18048K), 0.0008010 secs] 54968K->40496K(57984K), 0.0008300 secs] [Times: user=0.01 sys=0.00, real=0.00 secs] 
32.633: Total time for which application threads were stopped: 0.0009740 seconds, Stopping threads took: 0.0000850 seconds
32.668: Application time: 0.0350520 seconds
32.668: [GC32.669: [ParNew: 17211K->1608K(18048K), 0.0010290 secs]32.670: [Tenured: 40024K->9006K(40896K), 0.0063690 secs] 56099K->9006K(58944K), [Perm : 5141K->5141K(21248K)], 0.0074710 secs] [Times: user=0.02 sys=0.00, real=0.00 secs] 
32.676: Total time for which application threads were stopped: 0.0076610 seconds, Stopping threads took: 0.0001210 seconds
32.716: Application time: 0.0403760 seconds
32.716: [GC32.717: [ParNew: 15970K->1546K(18048K), 0.0008210 secs] 24977K->11064K(57984K), 0.0008600 secs] [Times: user=0.01 sys=0.00, real=0.01 secs] 
32.717: Total time for which application threads were stopped: 0.0009920 seconds, Stopping threads took: 0.0000720 seconds
32.755: Application time: 0.0375230 seconds
32.755: [GC32.755: [ParNew: 17504K->1550K(18048K), 0.0011540 secs] 27023K->12604K(57984K), 0.0011830 secs] [Times: user=0.00 sys=0.00, real=0.00 secs] 
32.756: Total time for which application threads were stopped: 0.0013570 seconds, Stopping threads took: 0.0001060 seconds
32.795: Application time: 0.0385070 seconds
32.795: [GC32.795: [ParNew: 17521K->1548K(18048K), 0.0009550 secs] 28575K->13626K(57984K), 0.0009860 secs] [Times: user=0.01 sys=0.00, real=0.00 secs] 
32.796: Total time for which application threads were stopped: 0.0011140 seconds, Stopping threads took: 0.0000650 seconds
32.835: Application time: 0.0388120 seconds
32.835: [GC32.835: [ParNew: 17519K->1548K(18048K), 0.0007970 secs] 29597K->14138K(57984K), 0.0008270 secs] [Times: user=0.01 sys=0.00, real=0.00 secs] 
32.836: Total time for which application threads were stopped: 0.0009700 seconds, Stopping threads took: 0.0000760 seconds
32.875: Application time: 0.0390230 seconds
32.875: [GC32.875: [ParNew: 17521K->1034K(18048K), 0.0004620 secs] 30111K->13624K(57984K), 0.0004910 secs] [Times: user=0.00 sys=0.00, real=0.00 secs] 
32.875: Total time for which application threads were stopped: 0.0007120 seconds, Stopping threads took: 0.0001620 seconds
32.914: Application time: 0.0388630 seconds
32.914: [GC32.914: [ParNew: 16645K->580K(18048K), 0.0003790 secs] 29236K->13171K(57984K), 0.0004050 secs] [Times: user=0.00 sys=0.00, real=0.00 secs] 
32.915: Total time for which application threads were stopped: 0.0005300 seconds, Stopping threads took: 0.0000700 seconds
32.950: Application time: 0.0355850 seconds
32.950: [GC32.951: [ParNew: 16530K->1606K(18048K), 0.0009320 secs] 29121K->15221K(57984K), 0.0009610 secs] [Times: user=0.01 sys=0.00, real=0.00 secs] 
32.951: Total time for which application threads were stopped: 0.0011020 seconds, Stopping threads took: 0.0000810 seconds
32.992: Application time: 0.0406810 seconds
32.992: [GC32.992: [ParNew: 17661K->552K(18048K), 0.0003350 secs] 31276K->14263K(57984K), 0.0003610 secs] [Times: user=0.01 sys=0.00, real=0.00 secs] 
32.993: Total time for which application threads were stopped: 0.0004810 seconds, Stopping threads took: 0.0000660 seconds
33.030: Application time: 0.0375080 seconds
33.030: [GC33.030: [ParNew: 16510K->1578K(18048K), 0.0006280 secs] 30221K->15289K(57984K), 0.0006570 secs] [Times: user=0.00 sys=0.00, real=0.00 secs] 
33.031: Total time for which application threads were stopped: 0.0008530 seconds, Stopping threads took: 0.0001380 seconds
33.069: Application time: 0.0378350 seconds
33.069: [GC33.069: [ParNew: 17544K->1546K(18048K), 0.0006030 secs] 31255K->15329K(57984K), 0.0006330 secs] [Times: user=0.01 sys=0.00, real=0.00 secs] 
33.070: Total time for which application threads were stopped: 0.0007510 seconds, Stopping threads took: 0.0000550 seconds
33.109: Application time: 0.0389510 seconds
33.109: [GC33.109: [ParNew: 17504K->1546K(18048K), 0.0008620 secs] 31287K->16353K(57984K), 0.0008900 secs] [Times: user=0.00 sys=0.00, real=0.00 secs] 
33.110: Total time for which application threads were stopped: 0.0010090 seconds, Stopping threads took: 0.0000590 seconds
33.147: Application time: 0.0372610 seconds
33.147: [GC33.147: [ParNew: 17517K->1546K(18048K), 0.0007380 secs] 32324K->16865K(57984K), 0.0007690 secs] [Times: user=0.01 sys=0.00, real=0.00 secs] 
33.148: Total time for which application threads were stopped: 0.0008920 seconds, Stopping threads took: 0.0000630 seconds
33.186: Application time: 0.0380410 seconds
33.186: [GC33.186: [ParNew: 17512K->1546K(18048K), 0.0008780 secs] 32831K->17377K(57984K), 0.0009100 secs] [Times: user=0.01 sys=0.00, real=0.00 secs] 
33.187: Total time for which application threads were stopped: 0.0010440 seconds, Stopping threads took: 0.0000610 seconds
33.226: Application time: 0.0388040 seconds
33.226: [GC33.226: [ParNew: 17512K->1548K(18048K), 0.0007460 secs] 33343K->17891K(57984K), 0.0007770 secs] [Times: user=0.00 sys=0.00, real=0.00 secs] 
33.227: Total time for which application threads were stopped: 0.0009050 seconds, Stopping threads took: 0.0000650 seconds
33.264: Application time: 0.0377770 seconds
33.264: [GC33.264: [ParNew: 17237K->1634K(18048K), 0.0006880 secs] 33580K->17977K(57984K), 0.0007140 secs] [Times: user=0.00 sys=0.00, real=0.00 secs] 
33.265: Total time for which application threads were stopped: 0.0008390 seconds, Stopping threads took: 0.0000690 seconds
33.303: Application time: 0.0382750 seconds
33.304: [GC33.304: [ParNew: 17249K->580K(18048K), 0.0004690 secs] 33592K->17043K(57984K), 0.0004940 secs] [Times: user=0.00 sys=0.00, real=0.00 secs] 
33.304: Total time for which application threads were stopped: 0.0006030 seconds, Stopping threads took: 0.0000550 seconds
33.344: Application time: 0.0401230 seconds
33.344: [GC33.344: [ParNew: 16551K->72K(18048K), 0.0002640 secs] 33014K->16535K(57984K), 0.0002900 secs] [Times: user=0.00 sys=0.00, real=0.00 secs] 
33.345: Total time for which application threads were stopped: 0.0004030 seconds, Stopping threads took: 0.0000550 seconds
33.378: Application time: 0.0334610 seconds
33.378: [GC33.378: [ParNew: 16009K->1608K(18048K), 0.0013440 secs] 32472K->20119K(57984K), 0.0013810 secs] [Times: user=0.01 sys=0.00, real=0.00 secs] 
33.380: Total time for which application threads were stopped: 0.0015260 seconds, Stopping threads took: 0.0000770 seconds
33.420: Application time: 0.0399860 seconds
33.420: [GC33.420: [ParNew: 17581K->1548K(18048K), 0.0009560 secs] 36092K->21195K(57984K), 0.0009890 secs] [Times: user=0.01 sys=0.00, real=0.00 secs] 
33.421: Total time for which application threads were stopped: 0.0011910 seconds, Stopping threads took: 0.0001380 seconds
33.459: Application time: 0.0381840 seconds
33.459: [GC33.459: [ParNew: 17519K->1546K(18048K), 0.0007770 secs] 37166K->21705K(57984K), 0.0008080 secs] [Times: user=0.00 sys=0.00, real=0.00 secs] 
33.460: Total time for which application threads were stopped: 0.0010320 seconds, Stopping threads took: 0.0001620 seconds
33.498: Application time: 0.0376240 seconds
33.498: [GC33.498: [ParNew: 17512K->1546K(18048K), 0.0007460 secs] 37672K->22217K(57984K), 0.0007720 secs] [Times: user=0.01 sys=0.00, real=0.00 secs] 
33.498: Total time for which application threads were stopped: 0.0009000 seconds, Stopping threads took: 0.0000690 seconds
33.537: Application time: 0.0386880 seconds
33.537: [GC33.537: [ParNew: 17512K->1546K(18048K), 0.0008310 secs] 38184K->22729K(57984K), 0.0008600 secs] [Times: user=0.00 sys=0.00, real=0.00 secs] 
33.538: Total time for which application threads were stopped: 0.0009820 seconds, Stopping threads took: 0.0000640 seconds
33.578: Application time: 0.0397770 seconds
33.578: [GC33.578: [ParNew: 17587K->1576K(18048K), 0.0010750 secs] 38770K->23783K(57984K), 0.0011040 secs] [Times: user=0.01 sys=0.00, real=0.00 secs] 
33.579: Total time for which application threads were stopped: 0.0012170 seconds, Stopping threads took: 0.0000540 seconds
33.616: Application time: 0.0365030 seconds
33.616: [GC33.616: [ParNew: 17621K->1576K(18048K), 0.0010720 secs] 39828K->24863K(57984K), 0.0011030 secs] [Times: user=0.00 sys=0.00, real=0.00 secs] 
33.617: Total time for which application threads were stopped: 0.0012350 seconds, Stopping threads took: 0.0000670 seconds
33.657: Application time: 0.0397940 seconds
33.657: [GC33.657: [ParNew: 17625K->1578K(18048K), 0.0007960 secs] 40912K->25433K(57984K), 0.0008270 secs] [Times: user=0.01 sys=0.00, real=0.01 secs] 
33.658: Total time for which application threads were stopped: 0.0009550 seconds, Stopping threads took: 0.0000640 seconds
33.696: Application time: 0.0380920 seconds
33.696: [GC33.696: [ParNew: 17544K->1546K(18048K), 0.0008060 secs] 41400K->25985K(57984K), 0.0008350 secs] [Times: user=0.01 sys=0.00, real=0.00 secs] 
33.697: Total time for which application threads were stopped: 0.0009790 seconds, Stopping threads took: 0.0000720 seconds
33.736: Application time: 0.0389170 seconds
33.736: [GC33.736: [ParNew: 17517K->1546K(18048K), 0.0006440 secs] 41956K->25985K(57984K), 0.0006720 secs] [Times: user=0.01 sys=0.00, real=0.00 secs] 
33.736: Total time for which application threads were stopped: 0.0008300 seconds, Stopping threads took: 0.0000980 seconds
33.775: Application time: 0.0382010 seconds
33.775: [GC33.775: [ParNew: 17508K->1548K(18048K), 0.0006940 secs] 41948K->25987K(57984K), 0.0007230 secs] [Times: user=0.01 sys=0.00, real=0.00 secs] 
33.776: Total time for which application threads were stopped: 0.0008660 seconds, Stopping threads took: 0.0000840 seconds
33.813: Application time: 0.0377770 seconds
33.813: [GC33.814: [ParNew: 17512K->1548K(18048K), 0.0007810 secs] 41952K->26499K(57984K), 0.0008080 secs] [Times: user=0.01 sys=0.00, real=0.00 secs] 
33.814: Total time for which application threads were stopped: 0.0010120 seconds, Stopping threads took: 0.0001460 seconds
33.852: Application time: 0.0374820 seconds
33.852: [GC33.852: [ParNew: 17514K->1548K(18048K), 0.0007810 secs] 42466K->27011K(57984K), 0.0008080 secs] [Times: user=0.01 sys=0.00, real=0.00 secs] 
33.853: Total time for which application threads were stopped: 0.0009340 seconds, Stopping threads took: 0.0000580 seconds
33.894: Application time: 0.0408830 seconds
33.894: [GC33.894: [ParNew: 17597K->1578K(18048K), 0.0006170 secs] 43060K->27041K(57984K), 0.0006440 secs] [Times: user=0.01 sys=0.00, real=0.00 secs] 
33.894: Total time for which application threads were stopped: 0.0007760 seconds, Stopping threads took: 0.0000720 seconds
33.932: Application time: 0.0372140 seconds
33.932: [GC33.932: [ParNew: 17271K->612K(18048K), 0.0003480 secs] 42735K->26139K(57984K), 0.0003780 secs] [Times: user=0.00 sys=0.00, real=0.00 secs] 
33.932: Total time for which application threads were stopped: 0.0004960 seconds, Stopping threads took: 0.0000590 seconds
33.970: Application time: 0.0374110 seconds
33.970: [GC33.970: [ParNew: 16648K->1664K(18048K), 0.0006310 secs] 42176K->27191K(57984K), 0.0006590 secs] [Times: user=0.00 sys=0.00, real=0.00 secs] 
33.970: Total time for which application threads were stopped: 0.0007720 seconds, Stopping threads took: 0.0000580 seconds
34.009: Application time: 0.0385060 seconds
34.009: [GC34.009: [ParNew: 17635K->1036K(18048K), 0.0004940 secs] 43162K->26723K(57984K), 0.0005260 secs] [Times: user=0.00 sys=0.00, real=0.00 secs] 
34.009: Total time for which application threads were stopped: 0.0006590 seconds, Stopping threads took: 0.0000750 seconds
34.048: Application time: 0.0386940 seconds
34.048: [GC34.048: [ParNew: 17002K->1034K(18048K), 0.0004580 secs] 42690K->26721K(57984K), 0.0004850 secs] [Times: user=0.01 sys=0.00, real=0.00 secs] 
34.049: Total time for which application threads were stopped: 0.0005960 seconds, Stopping threads took: 0.0000560 seconds
34.087: Application time: 0.0378060 seconds
34.087: [GC34.087: [ParNew: 16996K->1546K(18048K), 0.0006200 secs] 42684K->27233K(57984K), 0.0006480 secs] [Times: user=0.00 sys=0.00, real=0.00 secs] 
34.087: Total time for which application threads were stopped: 0.0007660 seconds, Stopping threads took: 0.0000630 seconds
34.125: Application time: 0.0374340 seconds
34.125: [GC34.125: [ParNew: 17508K->1548K(18048K), 0.0008670 secs] 43196K->27747K(57984K), 0.0008990 secs] [Times: user=0.01 sys=0.00, real=0.01 secs] 
34.126: Total time for which application threads were stopped: 0.0010340 seconds, Stopping threads took: 0.0000730 seconds
34.167: Application time: 0.0406990 seconds
34.169: [GC34.169: [ParNew: 17519K->1546K(18048K), 0.0006250 secs] 43718K->27745K(57984K), 0.0006560 secs] [Times: user=0.00 sys=0.01, real=0.00 secs] 
34.170: Total time for which application threads were stopped: 0.0034210 seconds, Stopping threads took: 0.0027050 seconds
34.209: Application time: 0.0390580 seconds
34.209: [GC34.209: [ParNew: 17591K->1578K(18048K), 0.0006630 secs] 43790K->27777K(57984K), 0.0006990 secs] [Times: user=0.00 sys=0.00, real=0.00 secs] 
34.210: Total time for which application threads were stopped: 0.0008260 seconds, Stopping threads took: 0.0000710 seconds
34.246: Application time: 0.0364610 seconds
34.246: [GC34.246: [ParNew: 17540K->1548K(18048K), 0.0007700 secs] 43740K->28323K(57984K), 0.0008010 secs] [Times: user=0.01 sys=0.00, real=0.00 secs] 
34.247: Total time for which application threads were stopped: 0.0010170 seconds, Stopping threads took: 0.0001570 seconds
34.287: Application time: 0.0399860 seconds
34.287: [GC34.287: [ParNew: 17593K->1580K(18048K), 0.0007890 secs] 44368K->28868K(57984K), 0.0008170 secs] [Times: user=0.00 sys=0.00, real=0.00 secs] 
34.288: Total time for which application threads were stopped: 0.0009440 seconds, Stopping threads took: 0.0000660 seconds
34.326: Application time: 0.0379270 seconds
34.326: [GC34.326: [ParNew: 17625K->1578K(18048K), 0.0008100 secs] 44912K->29450K(57984K), 0.0008400 secs] [Times: user=0.00 sys=0.00, real=0.00 secs] 
34.327: Total time for which application threads were stopped: 0.0009870 seconds, Stopping threads took: 0.0000840 seconds
34.366: Application time: 0.0392470 seconds
34.367: [GC34.367: [ParNew: 17544K->1546K(18048K), 0.0008600 secs] 45416K->29994K(57984K), 0.0008910 secs] [Times: user=0.01 sys=0.00, real=0.00 secs] 
34.367: Total time for which application threads were stopped: 0.0010370 seconds, Stopping threads took: 0.0000730 seconds
34.405: Application time: 0.0375840 seconds
34.405: [GC34.405: [ParNew: 17512K->1546K(18048K), 0.0008510 secs] 45960K->30506K(57984K), 0.0008790 secs] [Times: user=0.01 sys=0.00, real=0.00 secs] 
34.406: Total time for which application threads were stopped: 0.0010590 seconds, Stopping threads took: 0.0001170 seconds
34.444: Application time: 0.0383310 seconds
34.445: [GC34.445: [ParNew: 17517K->1548K(18048K), 0.0006630 secs] 46476K->30508K(57984K), 0.0006960 secs] [Times: user=0.00 sys=0.01, real=0.01 secs] 
34.445: Total time for which application threads were stopped: 0.0008490 seconds, Stopping threads took: 0.0000890 seconds
34.484: Application time: 0.0384980 seconds
34.484: [GC34.484: [ParNew: 17510K->1548K(18048K), 0.0007500 secs] 46470K->31020K(57984K), 0.0007790 secs] [Times: user=0.00 sys=0.00, real=0.00 secs] 
34.485: Total time for which application threads were stopped: 0.0009180 seconds, Stopping threads took: 0.0000780 seconds
34.524: Application time: 0.0391240 seconds
34.524: [GC34.524: [ParNew: 17519K->1546K(18048K), 0.0006320 secs] 46990K->31018K(57984K), 0.0006630 secs] [Times: user=0.01 sys=0.00, real=0.00 secs] 
34.525: Total time for which application threads were stopped: 0.0007830 seconds, Stopping threads took: 0.0000590 seconds
34.562: Application time: 0.0375790 seconds
34.562: [GC34.562: [ParNew: 17309K->1664K(18048K), 0.0006720 secs] 46781K->31136K(57984K), 0.0006990 secs] [Times: user=0.00 sys=0.00, real=0.00 secs] 
34.563: Total time for which application threads were stopped: 0.0008380 seconds, Stopping threads took: 0.0000780 seconds
34.603: Application time: 0.0399880 seconds
34.603: [GC34.603: [ParNew: 17715K->554K(18048K), 0.0004140 secs] 47187K->30186K(57984K), 0.0004400 secs] [Times: user=0.00 sys=0.00, real=0.00 secs] 
34.604: Total time for which application threads were stopped: 0.0005510 seconds, Stopping threads took: 0.0000580 seconds
34.643: Application time: 0.0398610 seconds
34.644: [GC34.644: [ParNew: 16518K->552K(18048K), 0.0004210 secs] 46150K->30184K(57984K), 0.0004470 secs] [Times: user=0.00 sys=0.00, real=0.00 secs] 
34.644: Total time for which application threads were stopped: 0.0005850 seconds, Stopping threads took: 0.0000850 seconds
34.682: Application time: 0.0382230 seconds
34.682: [GC34.682: [ParNew: 16514K->1064K(18048K), 0.0005290 secs] 46146K->30696K(57984K), 0.0005590 secs] [Times: user=0.01 sys=0.00, real=0.00 secs] 
34.683: Total time for which application threads were stopped: 0.0006820 seconds, Stopping threads took: 0.0000630 seconds
34.720: Application time: 0.0369750 seconds
34.720: [GC34.720: [ParNew: 17026K->1548K(18048K), 0.0006790 secs] 46658K->31244K(57984K), 0.0007150 secs] [Times: user=0.01 sys=0.00, real=0.00 secs] 
34.721: Total time for which application threads were stopped: 0.0008480 seconds, Stopping threads took: 0.0000770 seconds
34.759: Application time: 0.0384410 seconds
34.759: [GC34.759: [ParNew: 17514K->1548K(18048K), 0.0006530 secs] 47210K->31244K(57984K), 0.0006840 secs] [Times: user=0.00 sys=0.00, real=0.00 secs] 
34.760: Total time for which application threads were stopped: 0.0008360 seconds, Stopping threads took: 0.0000900 seconds
34.799: Application time: 0.0390250 seconds
34.799: [GC34.799: [ParNew: 17519K->1034K(18048K), 0.0004810 secs] 47215K->30730K(57984K), 0.0005090 secs] [Times: user=0.01 sys=0.00, real=0.00 secs] 
34.800: Total time for which application threads were stopped: 0.0006520 seconds, Stopping threads took: 0.0000850 seconds
34.837: Application time: 0.0370510 seconds
34.837: [GC34.837: [ParNew: 16996K->1548K(18048K), 0.0006450 secs] 46692K->31244K(57984K), 0.0006740 secs] [Times: user=0.00 sys=0.00, real=0.01 secs] 
34.838: Total time for which application threads were stopped: 0.0008070 seconds, Stopping threads took: 0.0000730 seconds
34.877: Application time: 0.0390070 seconds
34.877: [GC34.877: [ParNew: 17584K->1578K(18048K), 0.0009010 secs] 47280K->31786K(57984K), 0.0009310 secs] [Times: user=0.01 sys=0.00, real=0.01 secs] 
34.878: Total time for which application threads were stopped: 0.0011430 seconds, Stopping threads took: 0.0001410 seconds
34.916: Application time: 0.0380290 seconds
34.916: [GC34.916: [ParNew: 17625K->1574K(18048K), 0.0008450 secs] 47833K->32358K(57984K), 0.0008750 secs] [Times: user=0.01 sys=0.00, real=0.00 secs] 
34.917: Total time for which application threads were stopped: 0.0010030 seconds, Stopping threads took: 0.0000680 seconds
34.955: Application time: 0.0386230 seconds
34.955: [GC34.955: [ParNew: 17619K->1578K(18048K), 0.0008620 secs] 48403K->32922K(57984K), 0.0008910 secs] [Times: user=0.00 sys=0.00, real=0.00 secs] 
34.956: Total time for which application threads were stopped: 0.0010150 seconds, Stopping threads took: 0.0000650 seconds
34.997: Application time: 0.0401620 seconds
34.997: [GC34.997: [ParNew: 17549K->1544K(18048K), 0.0006350 secs] 48893K->32960K(57984K), 0.0006640 secs] [Times: user=0.01 sys=0.00, real=0.01 secs] 
34.997: Total time for which application threads were stopped: 0.0008020 seconds, Stopping threads took: 0.0000780 seconds
35.035: Application time: 0.0380930 seconds
35.036: [GC35.036: [ParNew: 17506K->1546K(18048K), 0.0008050 secs] 48922K->33474K(57984K), 0.0008350 secs] [Times: user=0.01 sys=0.00, real=0.00 secs] 
35.036: Total time for which application threads were stopped: 0.0009700 seconds, Stopping threads took: 0.0000740 seconds
35.077: Application time: 0.0407210 seconds
35.077: [GC35.077: [ParNew: 17514K->1546K(18048K), 0.0006620 secs] 49443K->33474K(57984K), 0.0006930 secs] [Times: user=0.00 sys=0.00, real=0.00 secs] 
35.078: Total time for which application threads were stopped: 0.0008170 seconds, Stopping threads took: 0.0000610 seconds
35.116: Application time: 0.0383230 seconds
35.117: [GC35.117: [ParNew: 17512K->1544K(18048K), 0.0006650 secs] 49441K->33472K(57984K), 0.0006930 secs] [Times: user=0.00 sys=0.00, real=0.01 secs] 
35.117: Total time for which application threads were stopped: 0.0009190 seconds, Stopping threads took: 0.0001470 seconds
35.157: Application time: 0.0394060 seconds
35.157: [GC35.157: [ParNew: 17514K->1032K(18048K), 0.0005420 secs] 49443K->32960K(57984K), 0.0005700 secs] [Times: user=0.01 sys=0.00, real=0.01 secs] 
35.157: Total time for which application threads were stopped: 0.0006950 seconds, Stopping threads took: 0.0000670 seconds
35.194: Application time: 0.0366330 seconds
35.194: [GC35.194: [ParNew: 16713K->1636K(18048K), 0.0006840 secs] 48641K->33564K(57984K), 0.0007130 secs] [Times: user=0.01 sys=0.00, real=0.00 secs] 
35.195: Total time for which application threads were stopped: 0.0008390 seconds, Stopping threads took: 0.0000660 seconds
35.234: Application time: 0.0390460 seconds
35.234: [GC35.234: [ParNew: 17685K->1064K(18048K), 0.0004980 secs] 49613K->33124K(57984K), 0.0005370 secs] [Times: user=0.00 sys=0.00, real=0.00 secs] 
35.235: Total time for which application threads were stopped: 0.0006640 seconds, Stopping threads took: 0.0000660 seconds
35.272: Application time: 0.0379440 seconds
35.273: [GC35.273: [ParNew: 17109K->1066K(18048K), 0.0005680 secs] 49169K->33198K(57984K), 0.0005960 secs] [Times: user=0.01 sys=0.00, real=0.00 secs] 
35.273: Total time for which application threads were stopped: 0.0007240 seconds, Stopping threads took: 0.0000640 seconds
35.311: Application time: 0.0377290 seconds
35.311: [GC35.311: [ParNew: 17032K->1030K(18048K), 0.0005350 secs] 49165K->33218K(57984K), 0.0005680 secs] [Times: user=0.01 sys=0.00, real=0.00 secs] 
35.312: Total time for which application threads were stopped: 0.0006940 seconds, Stopping threads took: 0.0000620 seconds
35.351: Application time: 0.0398860 seconds
35.352: [GC35.352: [ParNew: 17000K->522K(18048K), 0.0004130 secs] 49189K->32710K(57984K), 0.0004400 secs] [Times: user=0.00 sys=0.00, real=0.00 secs] 
35.352: Total time for which application threads were stopped: 0.0005500 seconds, Stopping threads took: 0.0000550 seconds
35.387: Application time: 0.0346360 seconds
35.387: [GC35.387: [ParNew: 16463K->1552K(18048K), 0.0013470 secs] 48652K->35788K(57984K), 0.0013790 secs] [Times: user=0.01 sys=0.00, real=0.00 secs] 
35.388: Total time for which application threads were stopped: 0.0015430 seconds, Stopping threads took: 0.0000880 seconds
35.428: Application time: 0.0396780 seconds
35.428: [GC35.428: [ParNew: 17525K->1548K(18048K), 0.0009870 secs] 51761K->36808K(57984K), 0.0010190 secs] [Times: user=0.01 sys=0.00, real=0.00 secs] 
35.429: Total time for which application threads were stopped: 0.0011680 seconds, Stopping threads took: 0.0000860 seconds
35.468: Application time: 0.0389290 seconds
35.468: [GC35.468: [ParNew: 17521K->1544K(18048K), 0.0006520 secs] 52781K->36804K(57984K), 0.0006810 secs] [Times: user=0.01 sys=0.00, real=0.00 secs] 
35.469: Total time for which application threads were stopped: 0.0008150 seconds, Stopping threads took: 0.0000740 seconds
35.508: Application time: 0.0390900 seconds
35.508: [GC35.508: [ParNew: 17514K->1032K(18048K), 0.0005350 secs] 52775K->36292K(57984K), 0.0005610 secs] [Times: user=0.00 sys=0.00, real=0.00 secs] 
35.509: Total time for which application threads were stopped: 0.0006980 seconds, Stopping threads took: 0.0000810 seconds
35.546: Application time: 0.0378380 seconds
35.547: [GC35.547: [ParNew: 17077K->1066K(18048K), 0.0005410 secs] 52337K->36326K(57984K), 0.0005690 secs] [Times: user=0.00 sys=0.00, real=0.00 secs] 
35.547: Total time for which application threads were stopped: 0.0006960 seconds, Stopping threads took: 0.0000660 seconds
35.585: Application time: 0.0374010 seconds
35.585: [GC35.585: [ParNew: 17024K->1548K(18048K), 0.0007990 secs] 52285K->37376K(57984K), 0.0008320 secs] [Times: user=0.01 sys=0.00, real=0.01 secs] 
35.586: Total time for which application threads were stopped: 0.0009770 seconds, Stopping threads took: 0.0000790 seconds
35.623: Application time: 0.0378040 seconds
35.623: [GC35.623: [ParNew: 17155K->1608K(18048K), 0.0007760 secs] 52983K->37948K(57984K), 0.0008050 secs] [Times: user=0.01 sys=0.00, real=0.00 secs] 
35.624: Total time for which application threads were stopped: 0.0009550 seconds, Stopping threads took: 0.0000870 seconds
35.664: Application time: 0.0393210 seconds
35.664: [GC35.664: [ParNew: 17581K->1034K(18048K), 0.0005280 secs] 53921K->37470K(57984K), 0.0005550 secs] [Times: user=0.01 sys=0.00, real=0.00 secs] 
35.664: Total time for which application threads were stopped: 0.0006740 seconds, Stopping threads took: 0.0000630 seconds
35.703: Application time: 0.0384160 seconds
35.703: [GC35.703: [ParNew: 17000K->1032K(18048K), 0.0004710 secs] 53437K->37468K(57984K), 0.0004990 secs] [Times: user=0.01 sys=0.00, real=0.00 secs] 
35.703: Total time for which application threads were stopped: 0.0006180 seconds, Stopping threads took: 0.0000570 seconds
35.740: Application time: 0.0369850 seconds
35.740: [GC35.740: [ParNew: 16986K->1546K(18048K), 0.0009740 secs] 53422K->39006K(57984K), 0.0010160 secs] [Times: user=0.01 sys=0.00, real=0.00 secs] 
35.741: Total time for which application threads were stopped: 0.0011630 seconds, Stopping threads took: 0.0000820 seconds
35.780: Application time: 0.0386760 seconds
35.780: [GC35.780: [ParNew: 17508K->1552K(18048K), 0.0011150 secs] 54969K->40548K(57984K), 0.0011480 secs] [Times: user=0.00 sys=0.00, real=0.00 secs] 
35.781: Total time for which application threads were stopped: 0.0012830 seconds, Stopping threads took: 0.0000720 seconds
35.818: Application time: 0.0370190 seconds
35.819: [GC35.819: [ParNew: 17601K->1580K(18048K), 0.0009490 secs]35.820: [Tenured: 40020K->10715K(40452K), 0.0062830 secs] 56598K->10715K(58500K), [Perm : 5141K->5141K(21248K)], 0.0073110 secs] [Times: user=0.01 sys=0.00, real=0.01 secs] 
35.826: Total time for which application threads were stopped: 0.0074760 seconds, Stopping threads took: 0.0000960 seconds
35.865: Application time: 0.0388780 seconds
35.865: [GC35.865: [ParNew: 15689K->1636K(18048K), 0.0008030 secs] 26405K->12864K(57984K), 0.0008340 secs] [Times: user=0.01 sys=0.00, real=0.01 secs] 
35.866: Total time for which application threads were stopped: 0.0009670 seconds, Stopping threads took: 0.0000720 seconds
35.905: Application time: 0.0394100 seconds
35.905: [GC35.905: [ParNew: 17603K->1546K(18048K), 0.0006340 secs] 28830K->12906K(57984K), 0.0006640 secs] [Times: user=0.00 sys=0.00, real=0.00 secs] 
35.906: Total time for which application threads were stopped: 0.0008580 seconds, Stopping threads took: 0.0001260 seconds
35.944: Application time: 0.0381080 seconds
35.944: [GC35.944: [ParNew: 17593K->1578K(18048K), 0.0005960 secs] 28953K->12938K(57984K), 0.0006260 secs] [Times: user=0.00 sys=0.00, real=0.00 secs] 
35.945: Total time for which application threads were stopped: 0.0008060 seconds, Stopping threads took: 0.0001200 seconds
35.983: Application time: 0.0383060 seconds
35.983: [GC35.983: [ParNew: 17544K->1548K(18048K), 0.0005740 secs] 28904K->12980K(57984K), 0.0006050 secs] [Times: user=0.00 sys=0.00, real=0.00 secs] 
35.984: Total time for which application threads were stopped: 0.0007400 seconds, Stopping threads took: 0.0000740 seconds
36.024: Application time: 0.0397700 seconds
36.024: [GC36.024: [ParNew: 17514K->1036K(18048K), 0.0004830 secs] 28946K->12468K(57984K), 0.0005120 secs] [Times: user=0.00 sys=0.00, real=0.00 secs] 
36.025: Total time for which application threads were stopped: 0.0006950 seconds, Stopping threads took: 0.0001220 seconds
36.062: Application time: 0.0373060 seconds
36.062: [GC36.062: [ParNew: 17000K->1548K(18048K), 0.0006200 secs] 28432K->12980K(57984K), 0.0006480 secs] [Times: user=0.00 sys=0.00, real=0.00 secs] 
36.063: Total time for which application threads were stopped: 0.0007680 seconds, Stopping threads took: 0.0000620 seconds
36.102: Application time: 0.0398900 seconds
36.103: [GC36.103: [ParNew: 17514K->1546K(18048K), 0.0005470 secs] 28946K->12978K(57984K), 0.0005740 secs] [Times: user=0.00 sys=0.00, real=0.00 secs] 
36.103: Total time for which application threads were stopped: 0.0006900 seconds, Stopping threads took: 0.0000600 seconds
36.142: Application time: 0.0386560 seconds
36.142: [GC36.142: [ParNew: 17512K->1546K(18048K), 0.0007020 secs] 28944K->12978K(57984K), 0.0007290 secs] [Times: user=0.01 sys=0.00, real=0.00 secs] 
36.143: Total time for which application threads were stopped: 0.0008750 seconds, Stopping threads took: 0.0000910 seconds
36.178: Application time: 0.0355730 seconds
36.178: [GC36.178: [ParNew: 17504K->1550K(18048K), 0.0009450 secs] 28936K->14006K(57984K), 0.0009780 secs] [Times: user=0.01 sys=0.00, real=0.00 secs] 
36.179: Total time for which application threads were stopped: 0.0011090 seconds, Stopping threads took: 0.0000670 seconds
36.220: Application time: 0.0407430 seconds
36.220: [GC36.220: [ParNew: 17597K->1576K(18048K), 0.0007460 secs] 30053K->14544K(57984K), 0.0007790 secs] [Times: user=0.01 sys=0.00, real=0.00 secs] 
36.221: Total time for which application threads were stopped: 0.0009490 seconds, Stopping threads took: 0.0000970 seconds
36.261: Application time: 0.0397400 seconds
36.261: [GC36.261: [ParNew: 17547K->1548K(18048K), 0.0005900 secs] 30515K->14580K(57984K), 0.0006170 secs] [Times: user=0.00 sys=0.00, real=0.00 secs] 
36.262: Total time for which application threads were stopped: 0.0007520 seconds, Stopping threads took: 0.0000780 seconds
36.300: Application time: 0.0379730 seconds
36.300: [GC36.300: [ParNew: 17159K->1096K(18048K), 0.0004630 secs] 30191K->14128K(57984K), 0.0004900 secs] [Times: user=0.01 sys=0.00, real=0.00 secs] 
36.300: Total time for which application threads were stopped: 0.0006180 seconds, Stopping threads took: 0.0000720 seconds
36.337: Application time: 0.0364490 seconds
36.337: [GC36.337: [ParNew: 17050K->1548K(18048K), 0.0008120 secs] 30082K->15188K(57984K), 0.0008410 secs] [Times: user=0.01 sys=0.00, real=0.01 secs] 
36.338: Total time for which application threads were stopped: 0.0009850 seconds, Stopping threads took: 0.0000850 seconds
36.375: Application time: 0.0378490 seconds
36.376: [GC36.376: [ParNew: 17508K->1548K(18048K), 0.0011480 secs] 31148K->16724K(57984K), 0.0011810 secs] [Times: user=0.01 sys=0.00, real=0.00 secs] 
36.377: Total time for which application threads were stopped: 0.0013200 seconds, Stopping threads took: 0.0000740 seconds
36.417: Application time: 0.0397990 seconds
36.417: [GC36.417: [ParNew: 17521K->1548K(18048K), 0.0008200 secs] 32697K->17236K(57984K), 0.0008490 secs] [Times: user=0.00 sys=0.00, real=0.01 secs] 
36.418: Total time for which application threads were stopped: 0.0010120 seconds, Stopping threads took: 0.0000940 seconds
36.457: Application time: 0.0392300 seconds
36.457: [GC36.457: [ParNew: 17519K->1546K(18048K), 0.0005810 secs] 33207K->17234K(57984K), 0.0006110 secs] [Times: user=0.01 sys=0.00, real=0.01 secs] 
36.458: Total time for which application threads were stopped: 0.0007370 seconds, Stopping threads took: 0.0000650 seconds
36.496: Application time: 0.0382870 seconds
36.496: [GC36.496: [ParNew: 17317K->638K(18048K), 0.0004190 secs] 33005K->16326K(57984K), 0.0004450 secs] [Times: user=0.00 sys=0.00, real=0.00 secs] 
36.496: Total time for which application threads were stopped: 0.0005530 seconds, Stopping threads took: 0.0000580 seconds
36.535: Application time: 0.0387650 seconds
36.535: [GC36.535: [ParNew: 16609K->128K(18048K), 0.0002610 secs] 32297K->15816K(57984K), 0.0002850 secs] [Times: user=0.00 sys=0.00, real=0.00 secs] 
36.536: Total time for which application threads were stopped: 0.0003990 seconds, Stopping threads took: 0.0000620 seconds
36.576: Application time: 0.0401000 seconds
36.576: [GC36.576: [ParNew: 16171K->668K(18048K), 0.0004030 secs] 31859K->16356K(57984K), 0.0004300 secs] [Times: user=0.00 sys=0.00, real=0.00 secs] 
36.576: Total time for which application threads were stopped: 0.0006420 seconds, Stopping threads took: 0.0001580 seconds
36.612: Application time: 0.0359470 seconds
36.612: [GC36.612: [ParNew: 16630K->1180K(18048K), 0.0005220 secs] 32319K->16868K(57984K), 0.0005520 secs] [Times: user=0.00 sys=0.00, real=0.00 secs] 
36.613: Total time for which application threads were stopped: 0.0006840 seconds, Stopping threads took: 0.0000720 seconds
36.652: Application time: 0.0395480 seconds
36.653: [GC36.653: [ParNew: 17147K->1034K(18048K), 0.0005500 secs] 32835K->16910K(57984K), 0.0005820 secs] [Times: user=0.00 sys=0.00, real=0.00 secs] 
36.653: Total time for which application threads were stopped: 0.0006950 seconds, Stopping threads took: 0.0000550 seconds
36.691: Application time: 0.0374720 seconds
36.691: [GC36.691: [ParNew: 16996K->1546K(18048K), 0.0006060 secs] 32872K->17422K(57984K), 0.0006330 secs] [Times: user=0.01 sys=0.00, real=0.00 secs] 
36.691: Total time for which application threads were stopped: 0.0007580 seconds, Stopping threads took: 0.0000670 seconds
36.730: Application time: 0.0386920 seconds
36.730: [GC36.730: [ParNew: 17508K->1548K(18048K), 0.0008510 secs] 33384K->17936K(57984K), 0.0008880 secs] [Times: user=0.00 sys=0.00, real=0.00 secs] 
36.731: Total time for which application threads were stopped: 0.0010020 seconds, Stopping threads took: 0.0000530 seconds
36.770: Application time: 0.0387520 seconds
36.770: [GC36.770: [ParNew: 17514K->1546K(18048K), 0.0008620 secs] 33903K->18446K(57984K), 0.0008910 secs] [Times: user=0.01 sys=0.00, real=0.00 secs] 
36.771: Total time for which application threads were stopped: 0.0010390 seconds, Stopping threads took: 0.0000870 seconds
36.809: Application time: 0.0382730 seconds
36.809: [GC36.809: [ParNew: 17517K->1544K(18048K), 0.0006000 secs] 34417K->18444K(57984K), 0.0006290 secs] [Times: user=0.01 sys=0.00, real=0.00 secs] 
36.810: Total time for which application threads were stopped: 0.0007550 seconds, Stopping threads took: 0.0000660 seconds
36.850: Application time: 0.0402830 seconds
36.850: [GC36.850: [ParNew: 17593K->1066K(18048K), 0.0004850 secs] 34493K->17966K(57984K), 0.0005120 secs] [Times: user=0.00 sys=0.00, real=0.00 secs] 
36.851: Total time for which application threads were stopped: 0.0006410 seconds, Stopping threads took: 0.0000710 seconds
36.890: Application time: 0.0395630 seconds
36.891: [GC36.891: [ParNew: 17037K->522K(18048K), 0.0003210 secs] 33937K->17478K(57984K), 0.0003460 secs] [Times: user=0.00 sys=0.00, real=0.00 secs] 
36.891: Total time for which application threads were stopped: 0.0004640 seconds, Stopping threads took: 0.0000630 seconds
36.926: Application time: 0.0349960 seconds
36.926: [GC36.926: [ParNew: 16550K->1578K(18048K), 0.0009830 secs] 33506K->19558K(57984K), 0.0010120 secs] [Times: user=0.00 sys=0.00, real=0.00 secs] 
36.927: Total time for which application threads were stopped: 0.0011440 seconds, Stopping threads took: 0.0000620 seconds
36.967: Application time: 0.0401290 seconds
36.967: [GC36.967: [ParNew: 17625K->1578K(18048K), 0.0008200 secs] 35605K->20118K(57984K), 0.0008500 secs] [Times: user=0.00 sys=0.00, real=0.00 secs] 
36.968: Total time for which application threads were stopped: 0.0009720 seconds, Stopping threads took: 0.0000590 seconds
37.006: Application time: 0.0378120 seconds
37.006: [GC37.006: [ParNew: 17544K->1546K(18048K), 0.0008110 secs] 36085K->20662K(57984K), 0.0008420 secs] [Times: user=0.01 sys=0.00, real=0.00 secs] 
37.007: Total time for which application threads were stopped: 0.0009630 seconds, Stopping threads took: 0.0000610 seconds
37.045: Application time: 0.0384670 seconds
37.046: [GC37.046: [ParNew: 17517K->1542K(18048K), 0.0006670 secs] 36633K->20658K(57984K), 0.0006960 secs] [Times: user=0.00 sys=0.00, real=0.00 secs] 
37.046: Total time for which application threads were stopped: 0.0008360 seconds, Stopping threads took: 0.0000810 seconds
37.085: Application time: 0.0391850 seconds
37.086: [GC37.086: [ParNew: 17512K->1034K(18048K), 0.0004830 secs] 36629K->20150K(57984K), 0.0005120 secs] [Times: user=0.00 sys=0.00, real=0.00 secs] 
37.086: Total time for which application threads were stopped: 0.0006400 seconds, Stopping threads took: 0.0000710 seconds
37.123: Application time: 0.0368520 seconds
37.123: [GC37.123: [ParNew: 16637K->1608K(18048K), 0.0006280 secs] 35753K->20724K(57984K), 0.0006590 secs] [Times: user=0.01 sys=0.00, real=0.00 secs] 
37.124: Total time for which application threads were stopped: 0.0007810 seconds, Stopping threads took: 0.0000630 seconds
37.163: Application time: 0.0395210 seconds
37.163: [GC37.163: [ParNew: 17653K->1578K(18048K), 0.0006510 secs] 36769K->20774K(57984K), 0.0006780 secs] [Times: user=0.00 sys=0.00, real=0.00 secs] 
37.164: Total time for which application threads were stopped: 0.0008130 seconds, Stopping threads took: 0.0000750 seconds
37.202: Application time: 0.0380470 seconds
37.202: [GC37.202: [ParNew: 17627K->1066K(18048K), 0.0004960 secs] 36823K->20326K(57984K), 0.0005220 secs] [Times: user=0.01 sys=0.00, real=0.00 secs] 
37.203: Total time for which application threads were stopped: 0.0006430 seconds, Stopping threads took: 0.0000650 seconds
37.242: Application time: 0.0394970 seconds
37.242: [GC37.242: [ParNew: 17115K->556K(18048K), 0.0003370 secs] 36375K->19888K(57984K), 0.0003720 secs] [Times: user=0.00 sys=0.00, real=0.00 secs] 
37.243: Total time for which application threads were stopped: 0.0005080 seconds, Stopping threads took: 0.0000830 seconds
37.280: Application time: 0.0368970 seconds
37.280: [GC37.280: [ParNew: 16514K->1068K(18048K), 0.0004830 secs] 35847K->20400K(57984K), 0.0005130 secs] [Times: user=0.00 sys=0.00, real=0.00 secs] 
37.280: Total time for which application threads were stopped: 0.0006320 seconds, Stopping threads took: 0.0000610 seconds
37.318: Application time: 0.0378320 seconds
37.318: [GC37.318: [ParNew: 17028K->1546K(18048K), 0.0023860 secs] 36361K->21454K(57984K), 0.0024220 secs] [Times: user=0.00 sys=0.00, real=0.00 secs] 
37.321: Total time for which application threads were stopped: 0.0025510 seconds, Stopping threads took: 0.0000670 seconds
37.359: Application time: 0.0383680 seconds
37.359: [GC37.359: [ParNew: 17512K->1546K(18048K), 0.0008270 secs] 37421K->21966K(57984K), 0.0008600 secs] [Times: user=0.00 sys=0.00, real=0.00 secs] 
37.360: Total time for which application threads were stopped: 0.0009880 seconds, Stopping threads took: 0.0000610 seconds
37.397: Application time: 0.0368260 seconds
37.397: [GC37.397: [ParNew: 17504K->1548K(18048K), 0.0011600 secs] 37925K->23504K(57984K), 0.0011920 secs] [Times: user=0.01 sys=0.00, real=0.01 secs] 
37.398: Total time for which application threads were stopped: 0.0013490 seconds, Stopping threads took: 0.0000920 seconds
37.439: Application time: 0.0407720 seconds
37.439: [GC37.439: [ParNew: 17521K->1546K(18048K), 0.0005780 secs] 39477K->23502K(57984K), 0.0006060 secs] [Times: user=0.00 sys=0.00, real=0.00 secs] 
37.440: Total time for which application threads were stopped: 0.0007850 seconds, Stopping threads took: 0.0001110 seconds
37.477: Application time: 0.0372140 seconds
37.477: [GC37.477: [ParNew: 17510K->1544K(18048K), 0.0007650 secs] 39467K->24012K(57984K), 0.0007950 secs] [Times: user=0.00 sys=0.01, real=0.01 secs] 
37.478: Total time for which application threads were stopped: 0.0009120 seconds, Stopping threads took: 0.0000590 seconds
37.516: Application time: 0.0382060 seconds
37.516: [GC37.516: [ParNew: 17585K->1576K(18048K), 0.0008170 secs] 40053K->24556K(57984K), 0.0008480 secs] [Times: user=0.00 sys=0.00, real=0.00 secs] 
37.517: Total time for which application threads were stopped: 0.0010520 seconds, Stopping threads took: 0.0001370 seconds
37.555: Application time: 0.0376910 seconds
37.555: [GC37.555: [ParNew: 17540K->1548K(18048K), 0.0009250 secs] 40521K->25616K(57984K), 0.0009580 secs] [Times: user=0.01 sys=0.00, real=0.00 secs] 
37.556: Total time for which application threads were stopped: 0.0010940 seconds, Stopping threads took: 0.0000720 seconds
37.596: Application time: 0.0400060 seconds
37.596: [GC37.596: [ParNew: 17595K->1580K(18048K), 0.0007270 secs] 41663K->26161K(57984K), 0.0007560 secs] [Times: user=0.01 sys=0.00, real=0.00 secs] 
37.597: Total time for which application threads were stopped: 0.0009020 seconds, Stopping threads took: 0.0000860 seconds
37.635: Application time: 0.0384310 seconds
37.635: [GC37.635: [ParNew: 17625K->1576K(18048K), 0.0007790 secs] 42206K->26733K(57984K), 0.0008120 secs] [Times: user=0.01 sys=0.00, real=0.00 secs] 
37.636: Total time for which application threads were stopped: 0.0009370 seconds, Stopping threads took: 0.0000600 seconds
37.675: Application time: 0.0383010 seconds
37.675: [GC37.675: [ParNew: 17542K->1546K(18048K), 0.0008690 secs] 42699K->27279K(57984K), 0.0008990 secs] [Times: user=0.00 sys=0.00, real=0.00 secs] 
37.676: Total time for which application threads were stopped: 0.0010830 seconds, Stopping threads took: 0.0001250 seconds
37.714: Application time: 0.0383150 seconds
37.714: [GC37.714: [ParNew: 17508K->1546K(18048K), 0.0008790 secs] 43241K->28303K(57984K), 0.0009080 secs] [Times: user=0.01 sys=0.00, real=0.00 secs] 
37.715: Total time for which application threads were stopped: 0.0010420 seconds, Stopping threads took: 0.0000740 seconds
37.754: Application time: 0.0386480 seconds
37.754: [GC37.754: [ParNew: 17161K->1608K(18048K), 0.0006120 secs] 43918K->28365K(57984K), 0.0006500 secs] [Times: user=0.01 sys=0.00, real=0.00 secs] 
37.754: Total time for which application threads were stopped: 0.0007720 seconds, Stopping threads took: 0.0000630 seconds
37.792: Application time: 0.0371070 seconds
37.792: [GC37.792: [ParNew: 17653K->1576K(18048K), 0.0006760 secs] 44410K->28429K(57984K), 0.0007060 secs] [Times: user=0.01 sys=0.00, real=0.00 secs] 
37.792: Total time for which application threads were stopped: 0.0008630 seconds, Stopping threads took: 0.0000960 seconds
37.831: Application time: 0.0384340 seconds
37.831: [GC37.831: [ParNew: 17612K->1578K(18048K), 0.0010130 secs] 44465K->29511K(57984K), 0.0010400 secs] [Times: user=0.00 sys=0.00, real=0.00 secs] 
37.832: Total time for which application threads were stopped: 0.0011620 seconds, Stopping threads took: 0.0000620 seconds
37.871: Application time: 0.0391230 seconds
37.871: [GC37.871: [ParNew: 17627K->1580K(18048K), 0.0008360 secs] 45560K->30089K(57984K), 0.0008640 secs] [Times: user=0.00 sys=0.00, real=0.00 secs] 
37.872: Total time for which application threads were stopped: 0.0010080 seconds, Stopping threads took: 0.0000840 seconds
37.911: Application time: 0.0387270 seconds
37.911: [GC37.911: [ParNew: 17551K->1546K(18048K), 0.0006450 secs] 46060K->30135K(57984K), 0.0006740 secs] [Times: user=0.01 sys=0.00, real=0.00 secs] 
37.912: Total time for which application threads were stopped: 0.0008170 seconds, Stopping threads took: 0.0000810 seconds
37.951: Application time: 0.0396160 seconds
37.951: [GC37.951: [ParNew: 17519K->520K(18048K), 0.0003730 secs] 46108K->29109K(57984K), 0.0003980 secs] [Times: user=0.00 sys=0.00, real=0.00 secs] 
37.952: Total time for which application threads were stopped: 0.0005890 seconds, Stopping threads took: 0.0001290 seconds
37.987: Application time: 0.0346910 seconds
37.987: [GC37.987: [ParNew: 16466K->1550K(18048K), 0.0011680 secs] 45055K->31675K(57984K), 0.0012000 secs] [Times: user=0.00 sys=0.00, real=0.00 secs] 
37.988: Total time for which application threads were stopped: 0.0013710 seconds, Stopping threads took: 0.0001050 seconds
38.026: Application time: 0.0382210 seconds
38.026: [GC38.026: [ParNew: 17516K->1550K(18048K), 0.0011900 secs] 47642K->33211K(57984K), 0.0012190 secs] [Times: user=0.01 sys=0.00, real=0.00 secs] 
38.028: Total time for which application threads were stopped: 0.0013540 seconds, Stopping threads took: 0.0000700 seconds
38.068: Application time: 0.0402200 seconds
38.068: [GC38.068: [ParNew: 17523K->1546K(18048K), 0.0007650 secs] 49184K->33719K(57984K), 0.0007920 secs] [Times: user=0.00 sys=0.00, real=0.00 secs] 
38.069: Total time for which application threads were stopped: 0.0009600 seconds, Stopping threads took: 0.0001080 seconds
38.108: Application time: 0.0393330 seconds
38.108: [GC38.108: [ParNew: 17512K->1548K(18048K), 0.0007080 secs] 49686K->34233K(57984K), 0.0007380 secs] [Times: user=0.00 sys=0.00, real=0.00 secs] 
38.109: Total time for which application threads were stopped: 0.0008680 seconds, Stopping threads took: 0.0000680 seconds
38.148: Application time: 0.0389290 seconds
38.148: [GC38.148: [ParNew: 17519K->1546K(18048K), 0.0005980 secs] 50204K->34231K(57984K), 0.0006270 secs] [Times: user=0.01 sys=0.00, real=0.00 secs] 
38.149: Total time for which application threads were stopped: 0.0007510 seconds, Stopping threads took: 0.0000630 seconds
38.187: Application time: 0.0383330 seconds
38.187: [GC38.187: [ParNew: 17586K->1576K(18048K), 0.0008000 secs] 50272K->34773K(57984K), 0.0008290 secs] [Times: user=0.01 sys=0.00, real=0.00 secs] 
38.188: Total time for which application threads were stopped: 0.0009570 seconds, Stopping threads took: 0.0000660 seconds
38.225: Application time: 0.0370610 seconds
38.225: [GC38.225: [ParNew: 17534K->1548K(18048K), 0.0011200 secs] 50731K->36345K(57984K), 0.0011510 secs] [Times: user=0.00 sys=0.00, real=0.01 secs] 
38.226: Total time for which application threads were stopped: 0.0012750 seconds, Stopping threads took: 0.0000620 seconds
38.265: Application time: 0.0383010 seconds
38.265: [GC38.265: [ParNew: 17597K->1580K(18048K), 0.0009540 secs] 52394K->37401K(57984K), 0.0009940 secs] [Times: user=0.01 sys=0.00, real=0.01 secs] 
38.266: Total time for which application threads were stopped: 0.0011290 seconds, Stopping threads took: 0.0000720 seconds
38.305: Application time: 0.0393050 seconds
38.305: [GC38.305: [ParNew: 17629K->1578K(18048K), 0.0007850 secs] 53450K->37975K(57984K), 0.0008150 secs] [Times: user=0.00 sys=0.01, real=0.01 secs] 
38.306: Total time for which application threads were stopped: 0.0009510 seconds, Stopping threads took: 0.0000730 seconds
38.344: Application time: 0.0383640 seconds
38.345: [GC38.345: [ParNew: 17544K->1544K(18048K), 0.0008010 secs] 53942K->38525K(57984K), 0.0008350 secs] [Times: user=0.01 sys=0.00, real=0.01 secs] 
38.345: Total time for which application threads were stopped: 0.0010820 seconds, Stopping threads took: 0.0001850 seconds
38.384: Application time: 0.0383230 seconds
38.384: [GC38.384: [ParNew: 17589K->1578K(18048K), 0.0007500 secs] 54570K->39071K(57984K), 0.0007780 secs] [Times: user=0.00 sys=0.00, real=0.00 secs] 
38.385: Total time for which application threads were stopped: 0.0009080 seconds, Stopping threads took: 0.0000670 seconds
38.423: Application time: 0.0386560 seconds
38.423: [GC38.423: [ParNew: 17623K->1576K(18048K), 0.0008520 secs] 55116K->39645K(57984K), 0.0008840 secs] [Times: user=0.01 sys=0.00, real=0.00 secs] 
38.424: Total time for which application threads were stopped: 0.0010180 seconds, Stopping threads took: 0.0000690 seconds
38.463: Application time: 0.0387790 seconds
38.463: [GC38.463: [ParNew: 17187K->1606K(18048K), 0.0006870 secs] 55257K->39739K(57984K), 0.0007180 secs] [Times: user=0.00 sys=0.00, real=0.00 secs] 
38.464: Total time for which application threads were stopped: 0.0008690 seconds, Stopping threads took: 0.0000790 seconds
38.501: Application time: 0.0374790 seconds
38.502: [GC38.502: [ParNew: 17651K->1574K(18048K), 0.0008610 secs] 55784K->39803K(57984K), 0.0008880 secs] [Times: user=0.00 sys=0.00, real=0.00 secs] 
38.502: Total time for which application threads were stopped: 0.0010000 seconds, Stopping threads took: 0.0000560 seconds
38.541: Application time: 0.0381610 seconds
38.541: [GC38.541: [ParNew: 17540K->1548K(18048K), 0.0006320 secs] 55770K->39853K(57984K), 0.0006600 secs] [Times: user=0.00 sys=0.00, real=0.00 secs] 
38.541: Total time for which application threads were stopped: 0.0008010 seconds, Stopping threads took: 0.0000830 seconds
38.578: Application time: 0.0364810 seconds
38.578: [GC38.578: [ParNew: 17506K->1548K(18048K), 0.0010590 secs] 55812K->40877K(57984K), 0.0010900 secs] [Times: user=0.01 sys=0.00, real=0.00 secs] 
38.579: Total time for which application threads were stopped: 0.0012260 seconds, Stopping threads took: 0.0000700 seconds
38.619: Application time: 0.0400810 seconds
38.619: [GC38.619: [ParNew: 17519K->1548K(18048K), 0.0008300 secs] 56848K->41389K(57984K), 0.0008610 secs] [Times: user=0.01 sys=0.00, real=0.00 secs] 
38.620: Total time for which application threads were stopped: 0.0010740 seconds, Stopping threads took: 0.0001480 seconds
38.659: Application time: 0.0383490 seconds
38.659: [GC38.659: [ParNew: 17514K->17514K(18048K), 0.0000090 secs]38.659: [Tenured: 39841K->10356K(39936K), 0.0062510 secs] 57356K->10356K(57984K), [Perm : 5141K->5141K(21248K)], 0.0063070 secs] [Times: user=0.01 sys=0.00, real=0.00 secs] 
38.665: Total time for which application threads were stopped: 0.0064340 seconds, Stopping threads took: 0.0000590 seconds
38.703: Application time: 0.0381860 seconds
38.703: [GC38.703: [ParNew: 15966K->1546K(18048K), 0.0008150 secs] 26323K->12414K(57984K), 0.0008460 secs] [Times: user=0.01 sys=0.00, real=0.00 secs] 
38.704: Total time for which application threads were stopped: 0.0009720 seconds, Stopping threads took: 0.0000660 seconds
38.743: Application time: 0.0390860 seconds
38.743: [GC38.743: [ParNew: 17512K->1546K(18048K), 0.0008390 secs] 28381K->12926K(57984K), 0.0008770 secs] [Times: user=0.01 sys=0.00, real=0.00 secs] 
38.744: Total time for which application threads were stopped: 0.0010020 seconds, Stopping threads took: 0.0000590 seconds
38.782: Application time: 0.0374920 seconds
38.782: [GC38.782: [ParNew: 17517K->1544K(18048K), 0.0006030 secs] 28897K->12924K(57984K), 0.0006300 secs] [Times: user=0.00 sys=0.00, real=0.00 secs] 
38.783: Total time for which application threads were stopped: 0.0007430 seconds, Stopping threads took: 0.0000560 seconds
38.821: Application time: 0.0388260 seconds
38.821: [GC38.821: [ParNew: 17593K->1068K(18048K), 0.0004810 secs] 28973K->12448K(57984K), 0.0005080 secs] [Times: user=0.01 sys=0.00, real=0.00 secs] 
38.822: Total time for which application threads were stopped: 0.0006500 seconds, Stopping threads took: 0.0000830 seconds
38.861: Application time: 0.0391800 seconds
38.861: [GC38.861: [ParNew: 17030K->1546K(18048K), 0.0006330 secs] 28411K->12990K(57984K), 0.0006610 secs] [Times: user=0.00 sys=0.00, real=0.00 secs] 
38.862: Total time for which application threads were stopped: 0.0007800 seconds, Stopping threads took: 0.0000570 seconds
38.899: Application time: 0.0372610 seconds
38.899: [GC38.899: [ParNew: 17508K->1548K(18048K), 0.0007820 secs] 28953K->13504K(57984K), 0.0008100 secs] [Times: user=0.00 sys=0.00, real=0.00 secs] 
38.900: Total time for which application threads were stopped: 0.0009420 seconds, Stopping threads took: 0.0000710 seconds
38.939: Application time: 0.0386530 seconds
38.939: [GC38.939: [ParNew: 17159K->1608K(18048K), 0.0006660 secs] 29116K->13564K(57984K), 0.0006910 secs] [Times: user=0.01 sys=0.00, real=0.00 secs] 
38.940: Total time for which application threads were stopped: 0.0008400 seconds, Stopping threads took: 0.0000930 seconds
38.975: Application time: 0.0356300 seconds
38.975: [GC38.975: [ParNew: 17566K->1548K(18048K), 0.0009190 secs] 29523K->14632K(57984K), 0.0009510 secs] [Times: user=0.01 sys=0.00, real=0.00 secs] 
38.976: Total time for which application threads were stopped: 0.0010920 seconds, Stopping threads took: 0.0000700 seconds
39.015: Application time: 0.0390900 seconds
39.016: [GC39.016: [ParNew: 17593K->1576K(18048K), 0.0009570 secs] 30677K->15684K(57984K), 0.0009870 secs] [Times: user=0.01 sys=0.00, real=0.00 secs] 
39.017: Total time for which application threads were stopped: 0.0011230 seconds, Stopping threads took: 0.0000770 seconds
39.056: Application time: 0.0391800 seconds
39.056: [GC39.056: [ParNew: 17625K->1576K(18048K), 0.0008340 secs] 31734K->16245K(57984K), 0.0008600 secs] [Times: user=0.01 sys=0.00, real=0.00 secs] 
39.057: Total time for which application threads were stopped: 0.0009980 seconds, Stopping threads took: 0.0000810 seconds
39.096: Application time: 0.0390630 seconds
39.096: [GC39.096: [ParNew: 17547K->1544K(18048K), 0.0007410 secs] 32215K->16268K(57984K), 0.0007670 secs] [Times: user=0.01 sys=0.00, real=0.00 secs] 
39.097: Total time for which application threads were stopped: 0.0009660 seconds, Stopping threads took: 0.0001420 seconds
39.135: Application time: 0.0382550 seconds
39.135: [GC39.135: [ParNew: 17155K->1090K(18048K), 0.0005770 secs] 31880K->15815K(57984K), 0.0006070 secs] [Times: user=0.01 sys=0.00, real=0.00 secs] 
39.136: Total time for which application threads were stopped: 0.0007270 seconds, Stopping threads took: 0.0000590 seconds
39.174: Application time: 0.0382150 seconds
39.174: [GC39.174: [ParNew: 17131K->1576K(18048K), 0.0007190 secs] 31855K->16405K(57984K), 0.0007490 secs] [Times: user=0.01 sys=0.00, real=0.00 secs] 
39.175: Total time for which application threads were stopped: 0.0008780 seconds, Stopping threads took: 0.0000690 seconds
39.213: Application time: 0.0380770 seconds
39.213: [GC39.213: [ParNew: 17547K->1036K(18048K), 0.0005540 secs] 32375K->15929K(57984K), 0.0005830 secs] [Times: user=0.00 sys=0.00, real=0.00 secs] 
39.214: Total time for which application threads were stopped: 0.0007110 seconds, Stopping threads took: 0.0000700 seconds
39.252: Application time: 0.0381370 seconds
39.252: [GC39.252: [ParNew: 16998K->1546K(18048K), 0.0006820 secs] 31891K->16439K(57984K), 0.0007120 secs] [Times: user=0.00 sys=0.00, real=0.00 secs] 
39.253: Total time for which application threads were stopped: 0.0008500 seconds, Stopping threads took: 0.0000760 seconds
39.292: Application time: 0.0397740 seconds
39.293: [GC39.293: [ParNew: 17514K->1034K(18048K), 0.0004900 secs] 32407K->15927K(57984K), 0.0005190 secs] [Times: user=0.00 sys=0.00, real=0.00 secs] 
39.293: Total time for which application threads were stopped: 0.0006470 seconds, Stopping threads took: 0.0000700 seconds
39.330: Application time: 0.0373520 seconds
39.331: [GC39.331: [ParNew: 16992K->1546K(18048K), 0.0008120 secs] 31885K->16951K(57984K), 0.0008390 secs] [Times: user=0.01 sys=0.00, real=0.00 secs] 
39.331: Total time for which application threads were stopped: 0.0009520 seconds, Stopping threads took: 0.0000570 seconds
39.369: Application time: 0.0377610 seconds
39.369: [GC39.369: [ParNew: 17512K->1546K(18048K), 0.0008410 secs] 32917K->17463K(57984K), 0.0008680 secs] [Times: user=0.00 sys=0.00, real=0.00 secs] 
39.370: Total time for which application threads were stopped: 0.0009930 seconds, Stopping threads took: 0.0000680 seconds
39.409: Application time: 0.0389730 seconds
39.409: [GC39.409: [ParNew: 17517K->1544K(18048K), 0.0007000 secs] 33434K->17461K(57984K), 0.0007280 secs] [Times: user=0.00 sys=0.00, real=0.00 secs] 
39.410: Total time for which application threads were stopped: 0.0008410 seconds, Stopping threads took: 0.0000560 seconds
39.449: Application time: 0.0393460 seconds
39.449: [GC39.449: [ParNew: 17514K->1034K(18048K), 0.0005440 secs] 33431K->16951K(57984K), 0.0005720 secs] [Times: user=0.01 sys=0.00, real=0.00 secs] 
39.450: Total time for which application threads were stopped: 0.0006820 seconds, Stopping threads took: 0.0000530 seconds
39.486: Application time: 0.0364190 seconds
39.487: [GC39.487: [ParNew: 17066K->1576K(18048K), 0.0009820 secs] 32983K->18517K(57984K), 0.0010080 secs] [Times: user=0.01 sys=0.00, real=0.00 secs] 
39.488: Total time for which application threads were stopped: 0.0011400 seconds, Stopping threads took: 0.0000660 seconds
39.526: Application time: 0.0385850 seconds
39.526: [GC39.526: [ParNew: 17544K->1550K(18048K), 0.0007480 secs] 34486K->19059K(57984K), 0.0007770 secs] [Times: user=0.01 sys=0.00, real=0.00 secs] 
39.527: Total time for which application threads were stopped: 0.0009410 seconds, Stopping threads took: 0.0001060 seconds
39.566: Application time: 0.0392830 seconds
39.567: [GC39.567: [ParNew: 17521K->1546K(18048K), 0.0006980 secs] 35030K->19055K(57984K), 0.0007300 secs] [Times: user=0.01 sys=0.00, real=0.00 secs] 
39.567: Total time for which application threads were stopped: 0.0008520 seconds, Stopping threads took: 0.0000590 seconds
39.606: Application time: 0.0386720 seconds
39.606: [GC39.606: [ParNew: 17157K->1094K(18048K), 0.0004380 secs] 34666K->18603K(57984K), 0.0004680 secs] [Times: user=0.00 sys=0.00, real=0.00 secs] 
39.607: Total time for which application threads were stopped: 0.0006030 seconds, Stopping threads took: 0.0000800 seconds
39.645: Application time: 0.0386360 seconds
39.645: [GC39.645: [ParNew: 17060K->1036K(18048K), 0.0004640 secs] 34570K->18641K(57984K), 0.0004950 secs] [Times: user=0.00 sys=0.00, real=0.00 secs] 
39.646: Total time for which application threads were stopped: 0.0006370 seconds, Stopping threads took: 0.0000800 seconds
39.681: Application time: 0.0352010 seconds
39.681: [GC39.681: [ParNew: 16630K->1608K(18048K), 0.0008800 secs] 34236K->20237K(57984K), 0.0009120 secs] [Times: user=0.00 sys=0.00, real=0.00 secs] 
39.682: Total time for which application threads were stopped: 0.0010360 seconds, Stopping threads took: 0.0000600 seconds
39.721: Application time: 0.0388400 seconds
39.721: [GC39.721: [ParNew: 17579K->1546K(18048K), 0.0007970 secs] 36208K->20783K(57984K), 0.0008240 secs] [Times: user=0.00 sys=0.00, real=0.00 secs] 
39.722: Total time for which application threads were stopped: 0.0009400 seconds, Stopping threads took: 0.0000590 seconds
39.759: Application time: 0.0368200 seconds
39.759: [GC39.759: [ParNew: 17587K->1580K(18048K), 0.0009600 secs] 36824K->21841K(57984K), 0.0009990 secs] [Times: user=0.01 sys=0.00, real=0.00 secs] 
39.760: Total time for which application threads were stopped: 0.0011650 seconds, Stopping threads took: 0.0001020 seconds
39.799: Application time: 0.0391600 seconds
39.799: [GC39.799: [ParNew: 17191K->1606K(18048K), 0.0007530 secs] 37452K->22443K(57984K), 0.0007810 secs] [Times: user=0.01 sys=0.00, real=0.00 secs] 
39.800: Total time for which application threads were stopped: 0.0009180 seconds, Stopping threads took: 0.0000800 seconds
39.838: Application time: 0.0377660 seconds
39.838: [GC39.838: [ParNew: 17572K->1548K(18048K), 0.0007690 secs] 38410K->23009K(57984K), 0.0007980 secs] [Times: user=0.00 sys=0.00, real=0.00 secs] 
39.839: Total time for which application threads were stopped: 0.0009220 seconds, Stopping threads took: 0.0000650 seconds
39.877: Application time: 0.0388180 seconds
39.878: [GC39.878: [ParNew: 17519K->1546K(18048K), 0.0006970 secs] 38980K->23007K(57984K), 0.0007220 secs] [Times: user=0.00 sys=0.00, real=0.00 secs] 
39.878: Total time for which application threads were stopped: 0.0008350 seconds, Stopping threads took: 0.0000570 seconds
39.918: Application time: 0.0392570 seconds
39.918: [GC39.918: [ParNew: 17512K->1034K(18048K), 0.0005340 secs] 38974K->22495K(57984K), 0.0005590 secs] [Times: user=0.01 sys=0.00, real=0.00 secs] 
39.918: Total time for which application threads were stopped: 0.0006920 seconds, Stopping threads took: 0.0000790 seconds
39.958: Application time: 0.0393190 seconds
39.958: [GC39.958: [ParNew: 17002K->1034K(18048K), 0.0005470 secs] 38464K->22495K(57984K), 0.0005760 secs] [Times: user=0.01 sys=0.00, real=0.00 secs] 
39.958: Total time for which application threads were stopped: 0.0006940 seconds, Stopping threads took: 0.0000570 seconds
39.997: Application time: 0.0386830 seconds
39.997: [GC39.997: [ParNew: 17004K->524K(18048K), 0.0003940 secs] 38466K->21985K(57984K), 0.0004200 secs] [Times: user=0.00 sys=0.00, real=0.01 secs] 
39.997: Total time for which application threads were stopped: 0.0005800 seconds, Stopping threads took: 0.0001010 seconds
40.035: Application time: 0.0379600 seconds
40.036: [GC40.036: [ParNew: 16486K->1034K(18048K), 0.0004770 secs] 37948K->22495K(57984K), 0.0005060 secs] [Times: user=0.01 sys=0.00, real=0.00 secs] 
40.036: Total time for which application threads were stopped: 0.0006310 seconds, Stopping threads took: 0.0000660 seconds
40.075: Application time: 0.0392270 seconds
40.075: [GC40.076: [ParNew: 16994K->1544K(18048K), 0.0006470 secs] 38455K->23005K(57984K), 0.0006790 secs] [Times: user=0.01 sys=0.00, real=0.00 secs] 
40.076: Total time for which application threads were stopped: 0.0008890 seconds, Stopping threads took: 0.0001480 seconds
40.115: Application time: 0.0389250 seconds
40.115: [GC40.115: [ParNew: 17510K->1546K(18048K), 0.0006190 secs] 38972K->23007K(57984K), 0.0006490 secs] [Times: user=0.01 sys=0.00, real=0.00 secs] 
40.116: Total time for which application threads were stopped: 0.0007720 seconds, Stopping threads took: 0.0000590 seconds
40.151: Application time: 0.0355320 seconds
40.152: [GC40.152: [ParNew: 17578K->1580K(18048K), 0.0011370 secs] 39040K->24577K(57984K), 0.0011710 secs] [Times: user=0.01 sys=0.00, real=0.00 secs] 
40.153: Total time for which application threads were stopped: 0.0013150 seconds, Stopping threads took: 0.0000770 seconds
40.192: Application time: 0.0394360 seconds
40.192: [GC40.192: [ParNew: 17553K->1548K(18048K), 0.0008730 secs] 40550K->25129K(57984K), 0.0009030 secs] [Times: user=0.00 sys=0.00, real=0.00 secs] 
40.193: Total time for which application threads were stopped: 0.0010820 seconds, Stopping threads took: 0.0001210 seconds
40.231: Application time: 0.0380910 seconds
40.231: [GC40.231: [ParNew: 17514K->1546K(18048K), 0.0008230 secs] 41096K->25639K(57984K), 0.0008550 secs] [Times: user=0.00 sys=0.00, real=0.00 secs] 
40.232: Total time for which application threads were stopped: 0.0009830 seconds, Stopping threads took: 0.0000650 seconds
40.270: Application time: 0.0374010 seconds
40.270: [GC40.270: [ParNew: 17153K->1606K(18048K), 0.0008050 secs] 41246K->26211K(57984K), 0.0008430 secs] [Times: user=0.01 sys=0.00, real=0.00 secs] 
40.271: Total time for which application threads were stopped: 0.0010440 seconds, Stopping threads took: 0.0001390 seconds
40.310: Application time: 0.0387200 seconds
40.310: [GC40.310: [ParNew: 17651K->1576K(18048K), 0.0008180 secs] 42256K->26805K(57984K), 0.0008470 secs] [Times: user=0.00 sys=0.00, real=0.00 secs] 
40.310: Total time for which application threads were stopped: 0.0009590 seconds, Stopping threads took: 0.0000530 seconds
40.349: Application time: 0.0384230 seconds
40.349: [GC40.349: [ParNew: 17621K->1580K(18048K), 0.0007920 secs] 42850K->27385K(57984K), 0.0008210 secs] [Times: user=0.00 sys=0.00, real=0.00 secs] 
40.350: Total time for which application threads were stopped: 0.0009560 seconds, Stopping threads took: 0.0000750 seconds
40.389: Application time: 0.0389620 seconds
40.389: [GC40.389: [ParNew: 17629K->1578K(18048K), 0.0006430 secs] 43435K->27439K(57984K), 0.0006730 secs] [Times: user=0.00 sys=0.00, real=0.00 secs] 
40.390: Total time for which application threads were stopped: 0.0008070 seconds, Stopping threads took: 0.0000750 seconds
40.428: Application time: 0.0387060 seconds
40.428: [GC40.428: [ParNew: 17627K->1062K(18048K), 0.0005550 secs] 43489K->26995K(57984K), 0.0005840 secs] [Times: user=0.00 sys=0.00, real=0.00 secs] 
40.429: Total time for which application threads were stopped: 0.0007360 seconds, Stopping threads took: 0.0000950 seconds
40.467: Application time: 0.0381270 seconds
40.467: [GC40.467: [ParNew: 17103K->1578K(18048K), 0.0006520 secs] 43036K->27559K(57984K), 0.0006840 secs] [Times: user=0.00 sys=0.00, real=0.00 secs] 
40.468: Total time for which application threads were stopped: 0.0008210 seconds, Stopping threads took: 0.0000740 seconds
40.505: Application time: 0.0372780 seconds
40.506: [GC40.506: [ParNew: 17536K->1548K(18048K), 0.0007940 secs] 43518K->28105K(57984K), 0.0008250 secs] [Times: user=0.01 sys=0.00, real=0.00 secs] 
40.506: Total time for which application threads were stopped: 0.0010320 seconds, Stopping threads took: 0.0001370 seconds
40.545: Application time: 0.0389650 seconds
40.545: [GC40.545: [ParNew: 17516K->1546K(18048K), 0.0008080 secs] 44074K->28615K(57984K), 0.0008390 secs] [Times: user=0.00 sys=0.00, real=0.00 secs] 
40.546: Total time for which application threads were stopped: 0.0009970 seconds, Stopping threads took: 0.0000990 seconds
40.584: Application time: 0.0379600 seconds
40.584: [GC40.584: [ParNew: 17512K->1546K(18048K), 0.0007840 secs] 44582K->29127K(57984K), 0.0008140 secs] [Times: user=0.00 sys=0.00, real=0.01 secs] 
40.585: Total time for which application threads were stopped: 0.0009580 seconds, Stopping threads took: 0.0000840 seconds
40.624: Application time: 0.0385470 seconds
40.624: [GC40.624: [ParNew: 17517K->1546K(18048K), 0.0006670 secs] 45098K->29127K(57984K), 0.0006970 secs] [Times: user=0.00 sys=0.00, real=0.00 secs] 
40.625: Total time for which application threads were stopped: 0.0008410 seconds, Stopping threads took: 0.0000840 seconds
40.662: Application time: 0.0370790 seconds
40.662: [GC40.662: [ParNew: 17504K->1546K(18048K), 0.0009590 secs] 45086K->30151K(57984K), 0.0009910 secs] [Times: user=0.00 sys=0.00, real=0.00 secs] 
40.663: Total time for which application threads were stopped: 0.0011250 seconds, Stopping threads took: 0.0000720 seconds
40.701: Application time: 0.0382060 seconds
40.701: [GC40.701: [ParNew: 17508K->1548K(18048K), 0.0011420 secs] 46114K->31690K(57984K), 0.0011730 secs] [Times: user=0.00 sys=0.00, real=0.00 secs] 
40.702: Total time for which application threads were stopped: 0.0013290 seconds, Stopping threads took: 0.0000830 seconds
40.741: Application time: 0.0387520 seconds
40.741: [GC40.741: [ParNew: 17519K->1546K(18048K), 0.0010210 secs] 47660K->32712K(57984K), 0.0010500 secs] [Times: user=0.00 sys=0.00, real=0.00 secs] 
40.742: Total time for which application threads were stopped: 0.0011860 seconds, Stopping threads took: 0.0000780 seconds
40.782: Application time: 0.0396360 seconds
40.782: [GC40.782: [ParNew: 17517K->1544K(18048K), 0.0007650 secs] 48682K->33222K(57984K), 0.0008010 secs] [Times: user=0.01 sys=0.00, real=0.00 secs] 
40.783: Total time for which application threads were stopped: 0.0009470 seconds, Stopping threads took: 0.0000830 seconds
40.822: Application time: 0.0387690 seconds
40.822: [GC40.822: [ParNew: 17589K->1576K(18048K), 0.0008680 secs] 49267K->33766K(57984K), 0.0008960 secs] [Times: user=0.01 sys=0.00, real=0.00 secs] 
40.823: Total time for which application threads were stopped: 0.0010250 seconds, Stopping threads took: 0.0000710 seconds
40.862: Application time: 0.0396070 seconds
40.862: [GC40.862: [ParNew: 17547K->1544K(18048K), 0.0006020 secs] 49737K->33798K(57984K), 0.0006320 secs] [Times: user=0.01 sys=0.00, real=0.00 secs] 
40.863: Total time for which application threads were stopped: 0.0007730 seconds, Stopping threads took: 0.0000770 seconds
40.902: Application time: 0.0393770 seconds
40.903: [GC40.903: [ParNew: 17506K->1546K(18048K), 0.0008330 secs] 49760K->34312K(57984K), 0.0008630 secs] [Times: user=0.00 sys=0.00, real=0.00 secs] 
40.903: Total time for which application threads were stopped: 0.0009820 seconds, Stopping threads took: 0.0000600 seconds
40.940: Application time: 0.0365040 seconds
40.940: [GC40.940: [ParNew: 17157K->1604K(18048K), 0.0007110 secs] 49923K->34370K(57984K), 0.0007390 secs] [Times: user=0.01 sys=0.00, real=0.00 secs] 
40.941: Total time for which application threads were stopped: 0.0008680 seconds, Stopping threads took: 0.0000700 seconds
40.980: Application time: 0.0386890 seconds
40.980: [GC40.980: [ParNew: 17215K->1096K(18048K), 0.0005300 secs] 49981K->33974K(57984K), 0.0005590 secs] [Times: user=0.00 sys=0.00, real=0.00 secs] 
40.980: Total time for which application threads were stopped: 0.0007300 seconds, Stopping threads took: 0.0001130 seconds
41.019: Application time: 0.0390770 seconds
41.019: [GC41.019: [ParNew: 17145K->556K(18048K), 0.0003570 secs] 50023K->33530K(57984K), 0.0003850 secs] [Times: user=0.00 sys=0.00, real=0.00 secs] 
41.020: Total time for which application threads were stopped: 0.0005170 seconds, Stopping threads took: 0.0000640 seconds
41.058: Application time: 0.0385250 seconds
41.059: [GC41.059: [ParNew: 16601K->580K(18048K), 0.0003610 secs] 49575K->33554K(57984K), 0.0003860 secs] [Times: user=0.01 sys=0.00, real=0.00 secs] 
41.059: Total time for which application threads were stopped: 0.0006320 seconds, Stopping threads took: 0.0001940 seconds
41.096: Application time: 0.0373500 seconds
41.096: [GC41.096: [ParNew: 16612K->1636K(18048K), 0.0007880 secs] 49586K->35122K(57984K), 0.0008220 secs] [Times: user=0.01 sys=0.00, real=0.01 secs] 
41.097: Total time for which application threads were stopped: 0.0009610 seconds, Stopping threads took: 0.0000800 seconds
41.137: Application time: 0.0400880 seconds
41.138: [GC41.138: [ParNew: 17603K->1546K(18048K), 0.0007970 secs] 51089K->35680K(57984K), 0.0008270 secs] [Times: user=0.00 sys=0.00, real=0.00 secs] 
41.138: Total time for which application threads were stopped: 0.0009520 seconds, Stopping threads took: 0.0000650 seconds
41.177: Application time: 0.0385340 seconds
41.177: [GC41.177: [ParNew: 17508K->1548K(18048K), 0.0009680 secs] 51642K->36706K(57984K), 0.0010000 secs] [Times: user=0.01 sys=0.00, real=0.01 secs] 
41.178: Total time for which application threads were stopped: 0.0011380 seconds, Stopping threads took: 0.0000730 seconds
41.217: Application time: 0.0389160 seconds
41.217: [GC41.217: [ParNew: 17516K->1548K(18048K), 0.0007610 secs] 52675K->37218K(57984K), 0.0007950 secs] [Times: user=0.00 sys=0.01, real=0.01 secs] 
41.218: Total time for which application threads were stopped: 0.0009260 seconds, Stopping threads took: 0.0000640 seconds
41.258: Application time: 0.0399630 seconds
41.258: [GC41.258: [ParNew: 17512K->1548K(18048K), 0.0006980 secs] 53183K->37218K(57984K), 0.0007290 secs] [Times: user=0.01 sys=0.00, real=0.00 secs] 
41.259: Total time for which application threads were stopped: 0.0008750 seconds, Stopping threads took: 0.0000760 seconds
41.298: Application time: 0.0394160 seconds
41.298: [GC41.298: [ParNew: 17516K->1546K(18048K), 0.0006160 secs] 53187K->37216K(57984K), 0.0006430 secs] [Times: user=0.01 sys=0.00, real=0.00 secs] 
41.299: Total time for which application threads were stopped: 0.0007830 seconds, Stopping threads took: 0.0000840 seconds
41.336: Application time: 0.0373190 seconds
41.336: [GC41.336: [ParNew: 17516K->1034K(18048K), 0.0004600 secs] 53187K->36704K(57984K), 0.0004870 secs] [Times: user=0.00 sys=0.00, real=0.00 secs] 
41.337: Total time for which application threads were stopped: 0.0006100 seconds, Stopping threads took: 0.0000630 seconds
41.377: Application time: 0.0404140 seconds
41.377: [GC41.377: [ParNew: 17004K->522K(18048K), 0.0003970 secs] 52675K->36192K(57984K), 0.0004220 secs] [Times: user=0.00 sys=0.00, real=0.00 secs] 
41.378: Total time for which application threads were stopped: 0.0005400 seconds, Stopping threads took: 0.0000650 seconds
41.414: Application time: 0.0358770 seconds
41.414: [GC41.414: [ParNew: 16472K->1548K(18048K), 0.0008000 secs] 52142K->37730K(57984K), 0.0008310 secs] [Times: user=0.01 sys=0.00, real=0.00 secs] 
41.415: Total time for which application threads were stopped: 0.0010320 seconds, Stopping threads took: 0.0001420 seconds
41.451: Application time: 0.0363160 seconds
41.451: [GC41.451: [ParNew: 17508K->1548K(18048K), 0.0011440 secs] 53691K->39266K(57984K), 0.0011770 secs] [Times: user=0.01 sys=0.00, real=0.00 secs] 
41.452: Total time for which application threads were stopped: 0.0013360 seconds, Stopping threads took: 0.0000930 seconds
41.492: Application time: 0.0400510 seconds
41.493: [GC41.493: [ParNew: 17599K->1578K(18048K), 0.0008280 secs] 55317K->39808K(57984K), 0.0008610 secs] [Times: user=0.00 sys=0.00, real=0.00 secs] 
41.493: Total time for which application threads were stopped: 0.0010220 seconds, Stopping threads took: 0.0001000 seconds
41.533: Application time: 0.0396710 seconds
41.533: [GC41.533: [ParNew: 17553K->518K(18048K), 0.0003440 secs] 55783K->38828K(57984K), 0.0003740 secs] [Times: user=0.00 sys=0.00, real=0.00 secs] 
41.534: Total time for which application threads were stopped: 0.0006350 seconds, Stopping threads took: 0.0001950 seconds
41.573: Application time: 0.0390700 seconds
41.573: [GC41.573: [ParNew: 16562K->554K(18048K), 0.0003580 secs] 54873K->38864K(57984K), 0.0003840 secs] [Times: user=0.00 sys=0.00, real=0.00 secs] 
41.573: Total time for which application threads were stopped: 0.0004930 seconds, Stopping threads took: 0.0000570 seconds
41.607: Application time: 0.0337700 seconds
41.607: [GC41.607: [ParNew: 16140K->1636K(18048K), 0.0011240 secs] 54451K->41482K(57984K), 0.0011590 secs] [Times: user=0.01 sys=0.00, real=0.00 secs] 
41.608: Total time for which application threads were stopped: 0.0012830 seconds, Stopping threads took: 0.0000590 seconds
41.647: Application time: 0.0386820 seconds
41.647: [GC41.647: [ParNew: 17251K->17251K(18048K), 0.0000100 secs]41.647: [Tenured: 39846K->10473K(39936K), 0.0063840 secs] 57098K->10473K(57984K), [Perm : 5142K->5142K(21248K)], 0.0064390 secs] [Times: user=0.00 sys=0.00, real=0.00 secs] 
41.654: Total time for which application threads were stopped: 0.0065690 seconds, Stopping threads took: 0.0000610 seconds
41.694: Application time: 0.0401020 seconds
41.694: [GC41.694: [ParNew: 15970K->1544K(18048K), 0.0006220 secs] 26443K->12017K(57984K), 0.0006470 secs] [Times: user=0.01 sys=0.00, real=0.00 secs] 
41.695: Total time for which application threads were stopped: 0.0007910 seconds, Stopping threads took: 0.0000890 seconds
41.734: Application time: 0.0398820 seconds
41.735: [GC41.735: [ParNew: 17593K->1066K(18048K), 0.0004820 secs] 28066K->11539K(57984K), 0.0005120 secs] [Times: user=0.00 sys=0.00, real=0.00 secs] 
41.735: Total time for which application threads were stopped: 0.0006420 seconds, Stopping threads took: 0.0000710 seconds
41.773: Application time: 0.0376590 seconds
41.773: [GC41.773: [ParNew: 17115K->552K(18048K), 0.0003760 secs] 27588K->11089K(57984K), 0.0004110 secs] [Times: user=0.00 sys=0.00, real=0.00 secs] 
41.773: Total time for which application threads were stopped: 0.0005340 seconds, Stopping threads took: 0.0000690 seconds
41.810: Application time: 0.0366740 seconds
41.810: [GC41.810: [ParNew: 16498K->1578K(18048K), 0.0010920 secs] 27035K->13651K(57984K), 0.0011230 secs] [Times: user=0.01 sys=0.00, real=0.00 secs] 
41.811: Total time for which application threads were stopped: 0.0012680 seconds, Stopping threads took: 0.0000810 seconds
41.849: Application time: 0.0380460 seconds
41.849: [GC41.849: [ParNew: 17549K->1546K(18048K), 0.0010150 secs] 29622K->14699K(57984K), 0.0010460 secs] [Times: user=0.00 sys=0.00, real=0.00 secs] 
41.850: Total time for which application threads were stopped: 0.0011690 seconds, Stopping threads took: 0.0000610 seconds
41.890: Application time: 0.0400680 seconds
41.891: [GC41.891: [ParNew: 17517K->1546K(18048K), 0.0007790 secs] 30670K->15211K(57984K), 0.0008080 secs] [Times: user=0.01 sys=0.00, real=0.00 secs] 
41.891: Total time for which application threads were stopped: 0.0009380 seconds, Stopping threads took: 0.0000650 seconds
41.932: Application time: 0.0402760 seconds
41.932: [GC41.932: [ParNew: 17517K->1544K(18048K), 0.0006430 secs] 31182K->15209K(57984K), 0.0006700 secs] [Times: user=0.01 sys=0.00, real=0.00 secs] 
41.933: Total time for which application threads were stopped: 0.0008030 seconds, Stopping threads took: 0.0000740 seconds
41.973: Application time: 0.0402750 seconds
41.973: [GC41.973: [ParNew: 17514K->1032K(18048K), 0.0005090 secs] 31180K->14697K(57984K), 0.0005350 secs] [Times: user=0.00 sys=0.00, real=0.00 secs] 
41.973: Total time for which application threads were stopped: 0.0006530 seconds, Stopping threads took: 0.0000640 seconds
42.012: Application time: 0.0382120 seconds
42.012: [GC42.012: [ParNew: 17002K->520K(18048K), 0.0003230 secs] 30668K->14185K(57984K), 0.0003520 secs] [Times: user=0.00 sys=0.00, real=0.00 secs] 
42.012: Total time for which application threads were stopped: 0.0004710 seconds, Stopping threads took: 0.0000630 seconds
42.049: Application time: 0.0366470 seconds
42.049: [GC42.049: [ParNew: 16466K->1550K(18048K), 0.0011690 secs] 30131K->16751K(57984K), 0.0012000 secs] [Times: user=0.01 sys=0.00, real=0.00 secs] 
42.050: Total time for which application threads were stopped: 0.0013480 seconds, Stopping threads took: 0.0000740 seconds
42.087: Application time: 0.0368660 seconds
42.087: [GC42.087: [ParNew: 17516K->1550K(18048K), 0.0010930 secs] 32718K->18287K(57984K), 0.0011260 secs] [Times: user=0.00 sys=0.00, real=0.00 secs] 
42.088: Total time for which application threads were stopped: 0.0012720 seconds, Stopping threads took: 0.0000800 seconds
42.128: Application time: 0.0399160 seconds
42.128: [GC42.128: [ParNew: 17599K->1580K(18048K), 0.0009670 secs] 34336K->19341K(57984K), 0.0010020 secs] [Times: user=0.01 sys=0.00, real=0.00 secs] 
42.129: Total time for which application threads were stopped: 0.0011450 seconds, Stopping threads took: 0.0000790 seconds
42.169: Application time: 0.0397410 seconds
42.169: [GC42.169: [ParNew: 17551K->1548K(18048K), 0.0007520 secs] 35312K->19877K(57984K), 0.0007810 secs] [Times: user=0.01 sys=0.00, real=0.00 secs] 
42.170: Total time for which application threads were stopped: 0.0009100 seconds, Stopping threads took: 0.0000650 seconds
42.210: Application time: 0.0404030 seconds
42.211: [GC42.211: [ParNew: 17519K->1546K(18048K), 0.0006420 secs] 35848K->19875K(57984K), 0.0006700 secs] [Times: user=0.01 sys=0.00, real=0.00 secs] 
42.211: Total time for which application threads were stopped: 0.0007860 seconds, Stopping threads took: 0.0000580 seconds
42.250: Application time: 0.0383920 seconds
42.250: [GC42.250: [ParNew: 17595K->1064K(18048K), 0.0004520 secs] 35924K->19393K(57984K), 0.0004810 secs] [Times: user=0.01 sys=0.00, real=0.00 secs] 
42.250: Total time for which application threads were stopped: 0.0006020 seconds, Stopping threads took: 0.0000600 seconds
42.287: Application time: 0.0370360 seconds
42.287: [GC42.287: [ParNew: 16745K->1634K(18048K), 0.0007250 secs] 35074K->20027K(57984K), 0.0007650 secs] [Times: user=0.01 sys=0.00, real=0.00 secs] 
42.288: Total time for which application threads were stopped: 0.0008970 seconds, Stopping threads took: 0.0000710 seconds
42.324: Application time: 0.0362960 seconds
42.325: [GC42.325: [ParNew: 17671K->1576K(18048K), 0.0023230 secs] 36064K->20621K(57984K), 0.0023560 secs] [Times: user=0.00 sys=0.00, real=0.01 secs] 
42.327: Total time for which application threads were stopped: 0.0025120 seconds, Stopping threads took: 0.0000940 seconds
42.367: Application time: 0.0398740 seconds
42.367: [GC42.367: [ParNew: 17629K->1068K(18048K), 0.0004510 secs] 36674K->20169K(57984K), 0.0004820 secs] [Times: user=0.01 sys=0.00, real=0.00 secs] 
42.367: Total time for which application threads were stopped: 0.0006290 seconds, Stopping threads took: 0.0000840 seconds
42.407: Application time: 0.0400590 seconds
42.408: [GC42.408: [ParNew: 17113K->552K(18048K), 0.0003610 secs] 36214K->19717K(57984K), 0.0003870 secs] [Times: user=0.00 sys=0.00, real=0.00 secs] 
42.408: Total time for which application threads were stopped: 0.0005270 seconds, Stopping threads took: 0.0000870 seconds
42.445: Application time: 0.0372730 seconds
42.445: [GC42.445: [ParNew: 16516K->1064K(18048K), 0.0005000 secs] 35682K->20229K(57984K), 0.0005270 secs] [Times: user=0.00 sys=0.00, real=0.00 secs] 
42.446: Total time for which application threads were stopped: 0.0006470 seconds, Stopping threads took: 0.0000620 seconds
42.483: Application time: 0.0371810 seconds
42.483: [GC42.483: [ParNew: 17022K->1548K(18048K), 0.0008540 secs] 36188K->21289K(57984K), 0.0008840 secs] [Times: user=0.00 sys=0.00, real=0.00 secs] 
42.484: Total time for which application threads were stopped: 0.0010180 seconds, Stopping threads took: 0.0000710 seconds
42.524: Application time: 0.0395470 seconds
42.524: [GC42.524: [ParNew: 17519K->1544K(18048K), 0.0007410 secs] 37260K->21285K(57984K), 0.0007680 secs] [Times: user=0.00 sys=0.00, real=0.00 secs] 
42.525: Total time for which application threads were stopped: 0.0008980 seconds, Stopping threads took: 0.0000750 seconds
42.563: Application time: 0.0379610 seconds
42.563: [GC42.563: [ParNew: 17510K->1546K(18048K), 0.0006540 secs] 37252K->21287K(57984K), 0.0006820 secs] [Times: user=0.00 sys=0.00, real=0.00 secs] 
42.563: Total time for which application threads were stopped: 0.0008320 seconds, Stopping threads took: 0.0000830 seconds
42.602: Application time: 0.0387760 seconds
42.602: [GC42.602: [ParNew: 17508K->1546K(18048K), 0.0007670 secs] 37250K->21799K(57984K), 0.0007970 secs] [Times: user=0.00 sys=0.00, real=0.00 secs] 
42.603: Total time for which application threads were stopped: 0.0009330 seconds, Stopping threads took: 0.0000720 seconds
42.642: Application time: 0.0393590 seconds
42.643: [GC42.643: [ParNew: 17514K->1548K(18048K), 0.0006100 secs] 37768K->21801K(57984K), 0.0006370 secs] [Times: user=0.00 sys=0.00, real=0.00 secs] 
42.643: Total time for which application threads were stopped: 0.0007890 seconds, Stopping threads took: 0.0000970 seconds
42.682: Application time: 0.0387330 seconds
42.682: [GC42.682: [ParNew: 17510K->1548K(18048K), 0.0008360 secs] 37764K->22313K(57984K), 0.0008660 secs] [Times: user=0.01 sys=0.00, real=0.00 secs] 
42.683: Total time for which application threads were stopped: 0.0010000 seconds, Stopping threads took: 0.0000720 seconds
42.720: Application time: 0.0371750 seconds
42.720: [GC42.720: [ParNew: 17514K->1546K(18048K), 0.0007810 secs] 38280K->22823K(57984K), 0.0008080 secs] [Times: user=0.00 sys=0.00, real=0.00 secs] 
42.721: Total time for which application threads were stopped: 0.0009330 seconds, Stopping threads took: 0.0000680 seconds
42.760: Application time: 0.0387840 seconds
42.760: [GC42.760: [ParNew: 17508K->1546K(18048K), 0.0009600 secs] 38786K->23847K(57984K), 0.0009910 secs] [Times: user=0.01 sys=0.00, real=0.00 secs] 
42.761: Total time for which application threads were stopped: 0.0011230 seconds, Stopping threads took: 0.0000680 seconds
42.800: Application time: 0.0390090 seconds
42.800: [GC42.800: [ParNew: 17591K->1576K(18048K), 0.0009350 secs] 39893K->24901K(57984K), 0.0009730 secs] [Times: user=0.01 sys=0.00, real=0.00 secs] 
42.801: Total time for which application threads were stopped: 0.0011030 seconds, Stopping threads took: 0.0000680 seconds
42.838: Application time: 0.0373470 seconds
42.839: [GC42.839: [ParNew: 17542K->1548K(18048K), 0.0009380 secs] 40868K->25969K(57984K), 0.0009710 secs] [Times: user=0.01 sys=0.00, real=0.00 secs] 
42.840: Total time for which application threads were stopped: 0.0011000 seconds, Stopping threads took: 0.0000630 seconds
42.880: Application time: 0.0399220 seconds
42.880: [GC42.880: [ParNew: 17519K->1548K(18048K), 0.0008520 secs] 41940K->26482K(57984K), 0.0008830 secs] [Times: user=0.01 sys=0.00, real=0.00 secs] 
42.881: Total time for which application threads were stopped: 0.0010400 seconds, Stopping threads took: 0.0000930 seconds
42.918: Application time: 0.0378210 seconds
42.918: [GC42.919: [ParNew: 17237K->1124K(18048K), 0.0004700 secs] 42171K->26058K(57984K), 0.0004990 secs] [Times: user=0.01 sys=0.00, real=0.00 secs] 
42.919: Total time for which application threads were stopped: 0.0006350 seconds, Stopping threads took: 0.0000760 seconds
42.958: Application time: 0.0388790 seconds
42.958: [GC42.958: [ParNew: 17171K->1066K(18048K), 0.0005180 secs] 42105K->26128K(57984K), 0.0005450 secs] [Times: user=0.00 sys=0.00, real=0.00 secs] 
42.959: Total time for which application threads were stopped: 0.0006620 seconds, Stopping threads took: 0.0000560 seconds
42.996: Application time: 0.0378190 seconds
42.996: [GC42.996: [ParNew: 17111K->1066K(18048K), 0.0004690 secs] 42173K->26184K(57984K), 0.0004960 secs] [Times: user=0.01 sys=0.00, real=0.00 secs] 
42.997: Total time for which application threads were stopped: 0.0006150 seconds, Stopping threads took: 0.0000600 seconds
43.033: Application time: 0.0360930 seconds
43.033: [GC43.033: [ParNew: 17102K->1576K(18048K), 0.0008670 secs] 42220K->27270K(57984K), 0.0008950 secs] [Times: user=0.00 sys=0.00, real=0.00 secs] 
43.034: Total time for which application threads were stopped: 0.0011160 seconds, Stopping threads took: 0.0001620 seconds
43.074: Application time: 0.0398590 seconds
43.074: [GC43.074: [ParNew: 17619K->1578K(18048K), 0.0007940 secs] 43313K->27848K(57984K), 0.0008240 secs] [Times: user=0.01 sys=0.00, real=0.00 secs] 
43.075: Total time for which application threads were stopped: 0.0009470 seconds, Stopping threads took: 0.0000590 seconds
43.115: Application time: 0.0399510 seconds
43.115: [GC43.115: [ParNew: 17551K->1034K(18048K), 0.0004760 secs] 43821K->27368K(57984K), 0.0005060 secs] [Times: user=0.00 sys=0.00, real=0.00 secs] 
43.116: Total time for which application threads were stopped: 0.0006310 seconds, Stopping threads took: 0.0000650 seconds
43.152: Application time: 0.0365570 seconds
43.152: [GC43.152: [ParNew: 16992K->1546K(18048K), 0.0008390 secs] 43326K->28392K(57984K), 0.0008700 secs] [Times: user=0.01 sys=0.00, real=0.00 secs] 
43.153: Total time for which application threads were stopped: 0.0010100 seconds, Stopping threads took: 0.0000710 seconds
43.191: Application time: 0.0381280 seconds
43.191: [GC43.191: [ParNew: 17512K->1548K(18048K), 0.0008210 secs] 44358K->28906K(57984K), 0.0008500 secs] [Times: user=0.00 sys=0.00, real=0.00 secs] 
43.192: Total time for which application threads were stopped: 0.0009800 seconds, Stopping threads took: 0.0000650 seconds
43.230: Application time: 0.0377530 seconds
43.230: [GC43.230: [ParNew: 17514K->1548K(18048K), 0.0008240 secs] 44873K->29418K(57984K), 0.0008540 secs] [Times: user=0.00 sys=0.00, real=0.00 secs] 
43.231: Total time for which application threads were stopped: 0.0009920 seconds, Stopping threads took: 0.0000760 seconds
43.270: Application time: 0.0389920 seconds
43.270: [GC43.270: [ParNew: 17514K->1548K(18048K), 0.0007650 secs] 45385K->29930K(57984K), 0.0007940 secs] [Times: user=0.01 sys=0.00, real=0.00 secs] 
43.271: Total time for which application threads were stopped: 0.0009180 seconds, Stopping threads took: 0.0000660 seconds
43.309: Application time: 0.0377450 seconds
43.309: [GC43.309: [ParNew: 17514K->1552K(18048K), 0.0007570 secs] 45897K->30446K(57984K), 0.0007950 secs] [Times: user=0.01 sys=0.00, real=0.00 secs] 
43.310: Total time for which application threads were stopped: 0.0009080 seconds, Stopping threads took: 0.0000550 seconds
43.348: Application time: 0.0380270 seconds
43.348: [GC43.348: [ParNew: 17514K->1548K(18048K), 0.0008620 secs] 46408K->30954K(57984K), 0.0008920 secs] [Times: user=0.01 sys=0.00, real=0.00 secs] 
43.349: Total time for which application threads were stopped: 0.0010810 seconds, Stopping threads took: 0.0001250 seconds
43.388: Application time: 0.0397810 seconds
43.389: [GC43.389: [ParNew: 17521K->1548K(18048K), 0.0006400 secs] 46927K->30954K(57984K), 0.0006670 secs] [Times: user=0.00 sys=0.00, real=0.00 secs] 
43.389: Total time for which application threads were stopped: 0.0007830 seconds, Stopping threads took: 0.0000580 seconds
43.428: Application time: 0.0382810 seconds
43.428: [GC43.428: [ParNew: 17514K->1544K(18048K), 0.0006330 secs] 46921K->30950K(57984K), 0.0006600 secs] [Times: user=0.01 sys=0.00, real=0.00 secs] 
43.428: Total time for which application threads were stopped: 0.0007890 seconds, Stopping threads took: 0.0000710 seconds
43.466: Application time: 0.0374460 seconds
43.466: [GC43.466: [ParNew: 17584K->1578K(18048K), 0.0007900 secs] 46991K->31496K(57984K), 0.0008190 secs] [Times: user=0.00 sys=0.00, real=0.00 secs] 
43.467: Total time for which application threads were stopped: 0.0009530 seconds, Stopping threads took: 0.0000720 seconds
43.505: Application time: 0.0387490 seconds
43.506: [GC43.506: [ParNew: 17549K->1548K(18048K), 0.0006210 secs] 47467K->31530K(57984K), 0.0006510 secs] [Times: user=0.01 sys=0.00, real=0.00 secs] 
43.506: Total time for which application threads were stopped: 0.0007890 seconds, Stopping threads took: 0.0000730 seconds
43.545: Application time: 0.0384170 seconds
43.545: [GC43.545: [ParNew: 17159K->1096K(18048K), 0.0004910 secs] 47141K->31078K(57984K), 0.0005190 secs] [Times: user=0.01 sys=0.00, real=0.01 secs] 
43.545: Total time for which application threads were stopped: 0.0006440 seconds, Stopping threads took: 0.0000640 seconds
43.585: Application time: 0.0392570 seconds
43.585: [GC43.585: [ParNew: 17145K->550K(18048K), 0.0004530 secs] 47127K->30616K(57984K), 0.0004800 secs] [Times: user=0.00 sys=0.00, real=0.00 secs] 
43.586: Total time for which application threads were stopped: 0.0011340 seconds, Stopping threads took: 0.0005870 seconds
43.620: Application time: 0.0342620 seconds
43.620: [GC43.620: [ParNew: 16606K->1640K(18048K), 0.0011540 secs] 46672K->33242K(57984K), 0.0011870 secs] [Times: user=0.01 sys=0.00, real=0.00 secs] 
43.621: Total time for which application threads were stopped: 0.0013270 seconds, Stopping threads took: 0.0000750 seconds
43.661: Application time: 0.0391780 seconds
43.661: [GC43.661: [ParNew: 17221K->1608K(18048K), 0.0008080 secs] 48823K->33818K(57984K), 0.0008380 secs] [Times: user=0.00 sys=0.00, real=0.00 secs] 
43.661: Total time for which application threads were stopped: 0.0009610 seconds, Stopping threads took: 0.0000600 seconds
43.700: Application time: 0.0382630 seconds
43.700: [GC43.700: [ParNew: 17649K->1578K(18048K), 0.0009570 secs] 49859K->34908K(57984K), 0.0009890 secs] [Times: user=0.01 sys=0.00, real=0.00 secs] 
43.701: Total time for which application threads were stopped: 0.0011170 seconds, Stopping threads took: 0.0000620 seconds
43.739: Application time: 0.0381250 seconds
43.739: [GC43.739: [ParNew: 17544K->1550K(18048K), 0.0009140 secs] 50875K->35976K(57984K), 0.0009440 secs] [Times: user=0.01 sys=0.00, real=0.00 secs] 
43.740: Total time for which application threads were stopped: 0.0010810 seconds, Stopping threads took: 0.0000750 seconds
43.778: Application time: 0.0380030 seconds
43.778: [GC43.778: [ParNew: 17516K->1548K(18048K), 0.0009120 secs] 51943K->36998K(57984K), 0.0009400 secs] [Times: user=0.01 sys=0.00, real=0.00 secs] 
43.779: Total time for which application threads were stopped: 0.0010880 seconds, Stopping threads took: 0.0000780 seconds
43.818: Application time: 0.0392440 seconds
43.819: [GC43.819: [ParNew: 17519K->1546K(18048K), 0.0007750 secs] 52969K->37508K(57984K), 0.0008040 secs] [Times: user=0.01 sys=0.00, real=0.00 secs] 
43.819: Total time for which application threads were stopped: 0.0009400 seconds, Stopping threads took: 0.0000750 seconds
43.857: Application time: 0.0378430 seconds
43.857: [GC43.857: [ParNew: 17512K->1546K(18048K), 0.0008440 secs] 53475K->38020K(57984K), 0.0008740 secs] [Times: user=0.01 sys=0.00, real=0.00 secs] 
43.858: Total time for which application threads were stopped: 0.0010090 seconds, Stopping threads took: 0.0000730 seconds
43.897: Application time: 0.0389810 seconds
43.897: [GC43.897: [ParNew: 17512K->1546K(18048K), 0.0008670 secs] 53987K->38532K(57984K), 0.0008970 secs] [Times: user=0.00 sys=0.00, real=0.00 secs] 
43.898: Total time for which application threads were stopped: 0.0010160 seconds, Stopping threads took: 0.0000590 seconds
43.937: Application time: 0.0385300 seconds
43.937: [GC43.937: [ParNew: 17512K->1546K(18048K), 0.0006260 secs] 54499K->38532K(57984K), 0.0006570 secs] [Times: user=0.01 sys=0.00, real=0.01 secs] 
43.938: Total time for which application threads were stopped: 0.0008300 seconds, Stopping threads took: 0.0001140 seconds
43.976: Application time: 0.0385890 seconds
43.976: [GC43.976: [ParNew: 17514K->1546K(18048K), 0.0006320 secs] 54501K->38532K(57984K), 0.0006620 secs] [Times: user=0.00 sys=0.00, real=0.00 secs] 
43.977: Total time for which application threads were stopped: 0.0007870 seconds, Stopping threads took: 0.0000630 seconds
44.016: Application time: 0.0387780 seconds
44.016: [GC44.016: [ParNew: 17512K->1034K(18048K), 0.0005220 secs] 54499K->38020K(57984K), 0.0005490 secs] [Times: user=0.00 sys=0.00, real=0.00 secs] 
44.016: Total time for which application threads were stopped: 0.0007050 seconds, Stopping threads took: 0.0001000 seconds
44.056: Application time: 0.0393970 seconds
44.056: [GC44.056: [ParNew: 17006K->522K(18048K), 0.0003530 secs] 53993K->37508K(57984K), 0.0003790 secs] [Times: user=0.00 sys=0.00, real=0.00 secs] 
44.056: Total time for which application threads were stopped: 0.0005020 seconds, Stopping threads took: 0.0000680 seconds
44.094: Application time: 0.0379480 seconds
44.095: [GC44.095: [ParNew: 16488K->520K(18048K), 0.0003850 secs] 53475K->37506K(57984K), 0.0004160 secs] [Times: user=0.01 sys=0.00, real=0.00 secs] 
44.096: Total time for which application threads were stopped: 0.0014880 seconds, Stopping threads took: 0.0009820 seconds
44.136: Application time: 0.0401560 seconds
44.136: [GC44.136: [ParNew: 16562K->554K(18048K), 0.0003350 secs] 53549K->37540K(57984K), 0.0003580 secs] [Times: user=0.00 sys=0.00, real=0.00 secs] 
44.137: Total time for which application threads were stopped: 0.0005750 seconds, Stopping threads took: 0.0001650 seconds
44.171: Application time: 0.0348210 seconds
44.171: [GC44.171: [ParNew: 16498K->1580K(18048K), 0.0010770 secs] 53484K->40102K(57984K), 0.0011100 secs] [Times: user=0.01 sys=0.00, real=0.00 secs] 
44.173: Total time for which application threads were stopped: 0.0012450 seconds, Stopping threads took: 0.0000720 seconds
44.212: Application time: 0.0394290 seconds
44.212: [GC44.212: [ParNew: 17193K->1606K(18048K), 0.0010240 secs] 55716K->41217K(57984K), 0.0010560 secs] [Times: user=0.01 sys=0.00, real=0.00 secs] 
44.213: Total time for which application threads were stopped: 0.0011830 seconds, Stopping threads took: 0.0000650 seconds
44.255: Application time: 0.0415080 seconds
44.255: [GC44.255: [ParNew: 17653K->17653K(18048K), 0.0000090 secs]44.255: [Tenured: 39610K->7992K(39936K), 0.0062380 secs] 57264K->7992K(57984K), [Perm : 5142K->5142K(21248K)], 0.0062920 secs] [Times: user=0.00 sys=0.00, real=0.01 secs] 
44.261: Total time for which application threads were stopped: 0.0064140 seconds, Stopping threads took: 0.0000550 seconds
44.299: Application time: 0.0378700 seconds
44.299: [GC44.299: [ParNew: 15606K->1608K(18048K), 0.0006210 secs] 23599K->9600K(57984K), 0.0006590 secs] [Times: user=0.00 sys=0.00, real=0.00 secs] 
44.300: Total time for which application threads were stopped: 0.0008100 seconds, Stopping threads took: 0.0000900 seconds
44.338: Application time: 0.0377380 seconds
44.338: [GC44.338: [ParNew: 17219K->1094K(18048K), 0.0005430 secs] 25212K->9199K(57984K), 0.0005690 secs] [Times: user=0.01 sys=0.00, real=0.00 secs] 
44.338: Total time for which application threads were stopped: 0.0007060 seconds, Stopping threads took: 0.0000810 seconds
44.375: Application time: 0.0364710 seconds
44.375: [GC44.375: [ParNew: 17052K->1548K(18048K), 0.0008170 secs] 25157K->10260K(57984K), 0.0008460 secs] [Times: user=0.00 sys=0.00, real=0.00 secs] 
44.376: Total time for which application threads were stopped: 0.0009790 seconds, Stopping threads took: 0.0000730 seconds
44.415: Application time: 0.0391500 seconds
44.415: [GC44.415: [ParNew: 17516K->1546K(18048K), 0.0006430 secs] 26229K->10258K(57984K), 0.0006710 secs] [Times: user=0.00 sys=0.00, real=0.00 secs] 
44.416: Total time for which application threads were stopped: 0.0007890 seconds, Stopping threads took: 0.0000600 seconds
44.455: Application time: 0.0392490 seconds
44.455: [GC44.455: [ParNew: 17516K->1032K(18048K), 0.0005150 secs] 26229K->9744K(57984K), 0.0005430 secs] [Times: user=0.00 sys=0.00, real=0.00 secs] 
44.456: Total time for which application threads were stopped: 0.0006590 seconds, Stopping threads took: 0.0000580 seconds
44.494: Application time: 0.0384170 seconds
44.494: [GC44.494: [ParNew: 16998K->1034K(18048K), 0.0004510 secs] 25711K->9746K(57984K), 0.0004810 secs] [Times: user=0.00 sys=0.00, real=0.00 secs] 
44.495: Total time for which application threads were stopped: 0.0006430 seconds, Stopping threads took: 0.0001030 seconds
44.533: Application time: 0.0381250 seconds
44.533: [GC44.533: [ParNew: 17000K->1034K(18048K), 0.0004940 secs] 25713K->9746K(57984K), 0.0005240 secs] [Times: user=0.01 sys=0.00, real=0.00 secs] 
44.533: Total time for which application threads were stopped: 0.0006420 seconds, Stopping threads took: 0.0000570 seconds
44.569: Application time: 0.0351410 seconds
44.569: [GC44.569: [ParNew: 16988K->1548K(18048K), 0.0009690 secs] 25701K->11285K(57984K), 0.0010010 secs] [Times: user=0.01 sys=0.00, real=0.00 secs] 
44.570: Total time for which application threads were stopped: 0.0011430 seconds, Stopping threads took: 0.0000750 seconds
44.610: Application time: 0.0399280 seconds
44.610: [GC44.610: [ParNew: 17519K->1548K(18048K), 0.0007160 secs] 27255K->11797K(57984K), 0.0007450 secs] [Times: user=0.00 sys=0.00, real=0.00 secs] 
44.611: Total time for which application threads were stopped: 0.0008870 seconds, Stopping threads took: 0.0000750 seconds
44.651: Application time: 0.0400580 seconds
44.651: [GC44.651: [ParNew: 17519K->1546K(18048K), 0.0005900 secs] 27767K->11795K(57984K), 0.0006170 secs] [Times: user=0.01 sys=0.00, real=0.00 secs] 
44.651: Total time for which application threads were stopped: 0.0007450 seconds, Stopping threads took: 0.0000700 seconds
44.691: Application time: 0.0401120 seconds
44.692: [GC44.692: [ParNew: 17516K->1032K(18048K), 0.0004740 secs] 27765K->11280K(57984K), 0.0005000 secs] [Times: user=0.00 sys=0.00, real=0.00 secs] 
44.692: Total time for which application threads were stopped: 0.0006300 seconds, Stopping threads took: 0.0000720 seconds
44.728: Application time: 0.0354460 seconds
44.728: [GC44.728: [ParNew: 16986K->1548K(18048K), 0.0009940 secs] 27235K->12821K(57984K), 0.0010250 secs] [Times: user=0.01 sys=0.00, real=0.00 secs] 
44.729: Total time for which application threads were stopped: 0.0012030 seconds, Stopping threads took: 0.0001130 seconds
44.767: Application time: 0.0383540 seconds
44.767: [GC44.767: [ParNew: 17514K->1546K(18048K), 0.0009840 secs] 28787K->13843K(57984K), 0.0010160 secs] [Times: user=0.01 sys=0.00, real=0.00 secs] 
44.768: Total time for which application threads were stopped: 0.0011480 seconds, Stopping threads took: 0.0000680 seconds
44.807: Application time: 0.0383430 seconds
44.807: [GC44.807: [ParNew: 17590K->1576K(18048K), 0.0009820 secs] 29887K->14897K(57984K), 0.0010230 secs] [Times: user=0.01 sys=0.00, real=0.00 secs] 
44.808: Total time for which application threads were stopped: 0.0011670 seconds, Stopping threads took: 0.0000800 seconds
44.847: Application time: 0.0393950 seconds
44.847: [GC44.847: [ParNew: 17183K->1604K(18048K), 0.0009970 secs] 30504K->16013K(57984K), 0.0010290 secs] [Times: user=0.01 sys=0.00, real=0.00 secs] 
44.848: Total time for which application threads were stopped: 0.0011560 seconds, Stopping threads took: 0.0000620 seconds
44.887: Application time: 0.0384530 seconds
44.887: [GC44.887: [ParNew: 17575K->1548K(18048K), 0.0007990 secs] 31984K->16581K(57984K), 0.0008300 secs] [Times: user=0.00 sys=0.00, real=0.00 secs] 
44.888: Total time for which application threads were stopped: 0.0009600 seconds, Stopping threads took: 0.0000660 seconds
44.926: Application time: 0.0384880 seconds
44.926: [GC44.926: [ParNew: 17163K->1094K(18048K), 0.0004810 secs] 32196K->16127K(57984K), 0.0005080 secs] [Times: user=0.00 sys=0.00, real=0.00 secs] 
44.927: Total time for which application threads were stopped: 0.0006270 seconds, Stopping threads took: 0.0000640 seconds
44.965: Application time: 0.0380070 seconds
44.965: [GC44.965: [ParNew: 16701K->1094K(18048K), 0.0005010 secs] 31734K->16235K(57984K), 0.0005270 secs] [Times: user=0.00 sys=0.01, real=0.01 secs] 
44.966: Total time for which application threads were stopped: 0.0007910 seconds, Stopping threads took: 0.0002100 seconds
45.003: Application time: 0.0368910 seconds
45.003: [GC45.003: [ParNew: 17130K->1576K(18048K), 0.0007870 secs] 32272K->17325K(57984K), 0.0008180 secs] [Times: user=0.01 sys=0.00, real=0.00 secs] 
45.003: Total time for which application threads were stopped: 0.0009410 seconds, Stopping threads took: 0.0000610 seconds
45.043: Application time: 0.0395720 seconds
45.043: [GC45.043: [ParNew: 17549K->1036K(18048K), 0.0004790 secs] 33298K->16857K(57984K), 0.0005050 secs] [Times: user=0.01 sys=0.00, real=0.00 secs] 
45.044: Total time for which application threads were stopped: 0.0006240 seconds, Stopping threads took: 0.0000650 seconds
45.081: Application time: 0.0373950 seconds
45.081: [GC45.081: [ParNew: 16994K->1548K(18048K), 0.0007820 secs] 32815K->17881K(57984K), 0.0008150 secs] [Times: user=0.01 sys=0.00, real=0.00 secs] 
45.082: Total time for which application threads were stopped: 0.0009580 seconds, Stopping threads took: 0.0000750 seconds
45.121: Application time: 0.0387080 seconds
45.121: [GC45.121: [ParNew: 17514K->1548K(18048K), 0.0006310 secs] 33848K->17881K(57984K), 0.0006590 secs] [Times: user=0.00 sys=0.00, real=0.00 secs] 
45.122: Total time for which application threads were stopped: 0.0008400 seconds, Stopping threads took: 0.0001180 seconds
45.160: Application time: 0.0381610 seconds
45.160: [GC45.160: [ParNew: 17512K->1548K(18048K), 0.0008430 secs] 33846K->18393K(57984K), 0.0008740 secs] [Times: user=0.00 sys=0.00, real=0.00 secs] 
45.161: Total time for which application threads were stopped: 0.0009990 seconds, Stopping threads took: 0.0000650 seconds
45.199: Application time: 0.0381450 seconds
45.199: [GC45.199: [ParNew: 17519K->1546K(18048K), 0.0006440 secs] 34364K->18391K(57984K), 0.0006710 secs] [Times: user=0.00 sys=0.00, real=0.00 secs] 
45.200: Total time for which application threads were stopped: 0.0007860 seconds, Stopping threads took: 0.0000560 seconds
45.238: Application time: 0.0387480 seconds
45.239: [GC45.239: [ParNew: 17512K->1548K(18048K), 0.0006200 secs] 34358K->18393K(57984K), 0.0006530 secs] [Times: user=0.01 sys=0.00, real=0.00 secs] 
45.239: Total time for which application threads were stopped: 0.0008000 seconds, Stopping threads took: 0.0000840 seconds
45.278: Application time: 0.0392490 seconds
45.279: [GC45.279: [ParNew: 17521K->522K(18048K), 0.0004220 secs] 34366K->17367K(57984K), 0.0004480 secs] [Times: user=0.00 sys=0.00, real=0.00 secs] 
45.279: Total time for which application threads were stopped: 0.0005650 seconds, Stopping threads took: 0.0000630 seconds
45.318: Application time: 0.0387190 seconds
45.318: [GC45.318: [ParNew: 16488K->520K(18048K), 0.0004130 secs] 33334K->17365K(57984K), 0.0004490 secs] [Times: user=0.00 sys=0.00, real=0.00 secs] 
45.318: Total time for which application threads were stopped: 0.0005670 seconds, Stopping threads took: 0.0000610 seconds
45.356: Application time: 0.0374620 seconds
45.356: [GC45.356: [ParNew: 16482K->1034K(18048K), 0.0004610 secs] 33327K->17879K(57984K), 0.0004900 secs] [Times: user=0.01 sys=0.00, real=0.00 secs] 
45.356: Total time for which application threads were stopped: 0.0006580 seconds, Stopping threads took: 0.0001100 seconds
45.393: Application time: 0.0362330 seconds
45.393: [GC45.393: [ParNew: 16988K->1546K(18048K), 0.0009220 secs] 33833K->19415K(57984K), 0.0009550 secs] [Times: user=0.00 sys=0.00, real=0.00 secs] 
45.394: Total time for which application threads were stopped: 0.0010780 seconds, Stopping threads took: 0.0000580 seconds
45.432: Application time: 0.0378720 seconds
45.432: [GC45.432: [ParNew: 17512K->1548K(18048K), 0.0009570 secs] 35382K->20441K(57984K), 0.0009870 secs] [Times: user=0.01 sys=0.00, real=0.00 secs] 
45.433: Total time for which application threads were stopped: 0.0011270 seconds, Stopping threads took: 0.0000760 seconds
45.471: Application time: 0.0382900 seconds
45.471: [GC45.471: [ParNew: 17163K->1608K(18048K), 0.0006250 secs] 36056K->20501K(57984K), 0.0006520 secs] [Times: user=0.01 sys=0.00, real=0.00 secs] 
45.472: Total time for which application threads were stopped: 0.0007750 seconds, Stopping threads took: 0.0000670 seconds
45.510: Application time: 0.0381730 seconds
45.510: [GC45.510: [ParNew: 17653K->1578K(18048K), 0.0006700 secs] 36546K->20567K(57984K), 0.0006990 secs] [Times: user=0.01 sys=0.00, real=0.00 secs] 
45.511: Total time for which application threads were stopped: 0.0008280 seconds, Stopping threads took: 0.0000710 seconds
45.551: Application time: 0.0397260 seconds
45.551: [GC45.551: [ParNew: 17627K->1066K(18048K), 0.0004680 secs] 36616K->20119K(57984K), 0.0004950 secs] [Times: user=0.01 sys=0.00, real=0.00 secs] 
45.551: Total time for which application threads were stopped: 0.0006150 seconds, Stopping threads took: 0.0000650 seconds
45.589: Application time: 0.0373980 seconds
45.589: [GC45.589: [ParNew: 17111K->1068K(18048K), 0.0005260 secs] 36164K->20185K(57984K), 0.0005560 secs] [Times: user=0.01 sys=0.00, real=0.00 secs] 
45.589: Total time for which application threads were stopped: 0.0006780 seconds, Stopping threads took: 0.0000610 seconds
45.625: Application time: 0.0359860 seconds
45.625: [GC45.625: [ParNew: 16745K->1636K(18048K), 0.0008090 secs] 35862K->21313K(57984K), 0.0008390 secs] [Times: user=0.01 sys=0.00, real=0.00 secs] 
45.626: Total time for which application threads were stopped: 0.0010630 seconds, Stopping threads took: 0.0001560 seconds
45.667: Application time: 0.0403950 seconds
45.667: [GC45.667: [ParNew: 17607K->1034K(18048K), 0.0006440 secs] 37284K->20823K(57984K), 0.0006690 secs] [Times: user=0.01 sys=0.00, real=0.00 secs] 
45.667: Total time for which application threads were stopped: 0.0007800 seconds, Stopping threads took: 0.0000560 seconds
45.706: Application time: 0.0386120 seconds
45.706: [GC45.706: [ParNew: 16996K->1546K(18048K), 0.0007220 secs] 36786K->21335K(57984K), 0.0007500 secs] [Times: user=0.00 sys=0.00, real=0.00 secs] 
45.707: Total time for which application threads were stopped: 0.0009410 seconds, Stopping threads took: 0.0001340 seconds
45.746: Application time: 0.0386660 seconds
45.746: [GC45.746: [ParNew: 17516K->1034K(18048K), 0.0005910 secs] 37306K->20823K(57984K), 0.0006230 secs] [Times: user=0.00 sys=0.00, real=0.00 secs] 
45.746: Total time for which application threads were stopped: 0.0007700 seconds, Stopping threads took: 0.0000860 seconds
45.783: Application time: 0.0360200 seconds
45.783: [GC45.783: [ParNew: 16988K->1546K(18048K), 0.0009150 secs] 36778K->22359K(57984K), 0.0009450 secs] [Times: user=0.01 sys=0.00, real=0.00 secs] 
45.784: Total time for which application threads were stopped: 0.0010780 seconds, Stopping threads took: 0.0000630 seconds
45.821: Application time: 0.0377090 seconds
45.821: [GC45.821: [ParNew: 17508K->1548K(18048K), 0.0011010 secs] 38322K->23897K(57984K), 0.0011340 secs] [Times: user=0.01 sys=0.00, real=0.00 secs] 
45.823: Total time for which application threads were stopped: 0.0012590 seconds, Stopping threads took: 0.0000590 seconds
45.862: Application time: 0.0391700 seconds
45.862: [GC45.862: [ParNew: 17519K->1546K(18048K), 0.0009090 secs] 39868K->24919K(57984K), 0.0009400 secs] [Times: user=0.01 sys=0.00, real=0.00 secs] 
45.863: Total time for which application threads were stopped: 0.0010760 seconds, Stopping threads took: 0.0000740 seconds
45.901: Application time: 0.0385930 seconds
45.902: [GC45.902: [ParNew: 17514K->1546K(18048K), 0.0007580 secs] 40888K->25431K(57984K), 0.0007880 secs] [Times: user=0.01 sys=0.00, real=0.00 secs] 
45.902: Total time for which application threads were stopped: 0.0009150 seconds, Stopping threads took: 0.0000650 seconds
45.941: Application time: 0.0384540 seconds
45.941: [GC45.941: [ParNew: 17512K->1544K(18048K), 0.0007870 secs] 41398K->25941K(57984K), 0.0008180 secs] [Times: user=0.01 sys=0.00, real=0.00 secs] 
45.942: Total time for which application threads were stopped: 0.0009430 seconds, Stopping threads took: 0.0000620 seconds
45.981: Application time: 0.0390250 seconds
45.981: [GC45.981: [ParNew: 17510K->1548K(18048K), 0.0006320 secs] 41908K->25945K(57984K), 0.0006590 secs] [Times: user=0.01 sys=0.00, real=0.00 secs] 
45.982: Total time for which application threads were stopped: 0.0008810 seconds, Stopping threads took: 0.0001650 seconds
46.021: Application time: 0.0395500 seconds
46.021: [GC46.021: [ParNew: 17512K->1548K(18048K), 0.0007820 secs] 41910K->26457K(57984K), 0.0008120 secs] [Times: user=0.00 sys=0.00, real=0.00 secs] 
46.022: Total time for which application threads were stopped: 0.0009360 seconds, Stopping threads took: 0.0000620 seconds
46.062: Application time: 0.0395920 seconds
46.062: [GC46.062: [ParNew: 17523K->522K(18048K), 0.0003360 secs] 42432K->25431K(57984K), 0.0003630 secs] [Times: user=0.01 sys=0.00, real=0.00 secs] 
46.062: Total time for which application threads were stopped: 0.0004780 seconds, Stopping threads took: 0.0000570 seconds
46.100: Application time: 0.0377880 seconds
46.100: [GC46.100: [ParNew: 16558K->1578K(18048K), 0.0005510 secs] 41468K->26488K(57984K), 0.0005780 secs] [Times: user=0.01 sys=0.00, real=0.00 secs] 
46.101: Total time for which application threads were stopped: 0.0007130 seconds, Stopping threads took: 0.0000800 seconds
46.139: Application time: 0.0378540 seconds
46.139: [GC46.139: [ParNew: 17185K->1096K(18048K), 0.0005130 secs] 42095K->26078K(57984K), 0.0005390 secs] [Times: user=0.01 sys=0.00, real=0.00 secs] 
46.139: Total time for which application threads were stopped: 0.0006840 seconds, Stopping threads took: 0.0000840 seconds
46.176: Application time: 0.0370710 seconds
46.176: [GC46.176: [ParNew: 17056K->1546K(18048K), 0.0008270 secs] 42038K->27136K(57984K), 0.0008560 secs] [Times: user=0.01 sys=0.00, real=0.01 secs] 
46.177: Total time for which application threads were stopped: 0.0010150 seconds, Stopping threads took: 0.0000980 seconds
46.216: Application time: 0.0384970 seconds
46.216: [GC46.216: [ParNew: 17591K->1576K(18048K), 0.0008270 secs] 43181K->27678K(57984K), 0.0008580 secs] [Times: user=0.00 sys=0.00, real=0.00 secs] 
46.217: Total time for which application threads were stopped: 0.0009840 seconds, Stopping threads took: 0.0000640 seconds
46.255: Application time: 0.0384690 seconds
46.255: [GC46.255: [ParNew: 17191K->1096K(18048K), 0.0004850 secs] 43293K->27262K(57984K), 0.0005150 secs] [Times: user=0.00 sys=0.00, real=0.00 secs] 
46.256: Total time for which application threads were stopped: 0.0006570 seconds, Stopping threads took: 0.0000830 seconds
46.293: Application time: 0.0371240 seconds
46.293: [GC46.293: [ParNew: 16695K->1606K(18048K), 0.0007420 secs] 42861K->27860K(57984K), 0.0007710 secs] [Times: user=0.00 sys=0.00, real=0.00 secs] 
46.294: Total time for which application threads were stopped: 0.0008980 seconds, Stopping threads took: 0.0000550 seconds
46.331: Application time: 0.0368640 seconds
46.331: [GC46.331: [ParNew: 17570K->1548K(18048K), 0.0009260 secs] 43824K->28402K(57984K), 0.0009560 secs] [Times: user=0.01 sys=0.00, real=0.00 secs] 
46.332: Total time for which application threads were stopped: 0.0011210 seconds, Stopping threads took: 0.0001030 seconds
46.371: Application time: 0.0389720 seconds
46.371: [GC46.371: [ParNew: 17519K->1544K(18048K), 0.0006980 secs] 44373K->28398K(57984K), 0.0007290 secs] [Times: user=0.00 sys=0.00, real=0.00 secs] 
46.372: Total time for which application threads were stopped: 0.0008730 seconds, Stopping threads took: 0.0000720 seconds
46.408: Application time: 0.0366100 seconds
46.409: [GC46.409: [ParNew: 17506K->1546K(18048K), 0.0008370 secs] 44360K->28912K(57984K), 0.0008700 secs] [Times: user=0.00 sys=0.00, real=0.00 secs] 
46.409: Total time for which application threads were stopped: 0.0010110 seconds, Stopping threads took: 0.0000790 seconds
46.448: Application time: 0.0386250 seconds
46.448: [GC46.448: [ParNew: 17504K->1550K(18048K), 0.0011300 secs] 44870K->30452K(57984K), 0.0011630 secs] [Times: user=0.01 sys=0.00, real=0.00 secs] 
46.449: Total time for which application threads were stopped: 0.0012960 seconds, Stopping threads took: 0.0000690 seconds
46.488: Application time: 0.0390260 seconds
46.489: [GC46.489: [ParNew: 17521K->1548K(18048K), 0.0009630 secs] 46423K->31474K(57984K), 0.0009960 secs] [Times: user=0.01 sys=0.00, real=0.00 secs] 
46.490: Total time for which application threads were stopped: 0.0011510 seconds, Stopping threads took: 0.0000900 seconds
46.528: Application time: 0.0387400 seconds
46.528: [GC46.528: [ParNew: 17519K->1546K(18048K), 0.0007970 secs] 47445K->31984K(57984K), 0.0008280 secs] [Times: user=0.00 sys=0.01, real=0.00 secs] 
46.529: Total time for which application threads were stopped: 0.0009670 seconds, Stopping threads took: 0.0000760 seconds
46.568: Application time: 0.0387430 seconds
46.568: [GC46.568: [ParNew: 17517K->1544K(18048K), 0.0006150 secs] 47955K->31982K(57984K), 0.0006450 secs] [Times: user=0.00 sys=0.00, real=0.00 secs] 
46.569: Total time for which application threads were stopped: 0.0008480 seconds, Stopping threads took: 0.0001450 seconds
46.607: Application time: 0.0380180 seconds
46.607: [GC46.607: [ParNew: 17506K->1548K(18048K), 0.0007540 secs] 47944K->32498K(57984K), 0.0007820 secs] [Times: user=0.00 sys=0.00, real=0.00 secs] 
46.608: Total time for which application threads were stopped: 0.0009190 seconds, Stopping threads took: 0.0000750 seconds
46.646: Application time: 0.0379960 seconds
46.646: [GC46.646: [ParNew: 17519K->1546K(18048K), 0.0007010 secs] 48469K->32496K(57984K), 0.0007330 secs] [Times: user=0.00 sys=0.00, real=0.00 secs] 
46.647: Total time for which application threads were stopped: 0.0008720 seconds, Stopping threads took: 0.0000680 seconds
46.686: Application time: 0.0390450 seconds
46.686: [GC46.686: [ParNew: 17516K->1032K(18048K), 0.0005520 secs] 48467K->31982K(57984K), 0.0005770 secs] [Times: user=0.01 sys=0.00, real=0.00 secs] 
46.686: Total time for which application threads were stopped: 0.0007830 seconds, Stopping threads took: 0.0001490 seconds
46.724: Application time: 0.0376470 seconds
46.724: [GC46.724: [ParNew: 16998K->1032K(18048K), 0.0005050 secs] 47949K->31982K(57984K), 0.0005320 secs] [Times: user=0.00 sys=0.00, real=0.00 secs] 
46.725: Total time for which application threads were stopped: 0.0006770 seconds, Stopping threads took: 0.0000890 seconds
46.762: Application time: 0.0376440 seconds
46.763: [GC46.763: [ParNew: 16717K->1122K(18048K), 0.0005720 secs] 47667K->32072K(57984K), 0.0005980 secs] [Times: user=0.01 sys=0.00, real=0.00 secs] 
46.763: Total time for which application threads were stopped: 0.0007210 seconds, Stopping threads took: 0.0000660 seconds
46.799: Application time: 0.0362980 seconds
46.800: [GC46.800: [ParNew: 17080K->1546K(18048K), 0.0008050 secs] 48030K->33144K(57984K), 0.0008480 secs] [Times: user=0.00 sys=0.00, real=0.00 secs] 
46.800: Total time for which application threads were stopped: 0.0009730 seconds, Stopping threads took: 0.0000600 seconds
46.840: Application time: 0.0395380 seconds
46.840: [GC46.840: [ParNew: 17599K->552K(18048K), 0.0003580 secs] 49197K->32150K(57984K), 0.0003850 secs] [Times: user=0.00 sys=0.00, real=0.00 secs] 
46.840: Total time for which application threads were stopped: 0.0004910 seconds, Stopping threads took: 0.0000540 seconds
46.877: Application time: 0.0364870 seconds
46.877: [GC46.877: [ParNew: 16584K->1606K(18048K), 0.0007730 secs] 48183K->33716K(57984K), 0.0008040 secs] [Times: user=0.01 sys=0.00, real=0.01 secs] 
46.878: Total time for which application threads were stopped: 0.0009570 seconds, Stopping threads took: 0.0000880 seconds
46.914: Application time: 0.0363770 seconds
46.914: [GC46.914: [ParNew: 17209K->1604K(18048K), 0.0010340 secs] 49319K->34834K(57984K), 0.0010640 secs] [Times: user=0.01 sys=0.00, real=0.00 secs] 
46.916: Total time for which application threads were stopped: 0.0011960 seconds, Stopping threads took: 0.0000670 seconds
46.954: Application time: 0.0383380 seconds
46.954: [GC46.954: [ParNew: 17653K->1578K(18048K), 0.0008250 secs] 50883K->35424K(57984K), 0.0008560 secs] [Times: user=0.01 sys=0.00, real=0.00 secs] 
46.955: Total time for which application threads were stopped: 0.0009770 seconds, Stopping threads took: 0.0000600 seconds
46.994: Application time: 0.0389560 seconds
46.994: [GC46.994: [ParNew: 17549K->1544K(18048K), 0.0007000 secs] 51395K->35438K(57984K), 0.0007260 secs] [Times: user=0.01 sys=0.00, real=0.00 secs] 
46.995: Total time for which application threads were stopped: 0.0008500 seconds, Stopping threads took: 0.0000680 seconds
47.033: Application time: 0.0382090 seconds
47.033: [GC47.033: [ParNew: 17510K->1546K(18048K), 0.0006270 secs] 51405K->35440K(57984K), 0.0006540 secs] [Times: user=0.01 sys=0.00, real=0.00 secs] 
47.034: Total time for which application threads were stopped: 0.0007720 seconds, Stopping threads took: 0.0000600 seconds
47.072: Application time: 0.0385760 seconds
47.072: [GC47.072: [ParNew: 17516K->1034K(18048K), 0.0004760 secs] 51411K->34928K(57984K), 0.0005070 secs] [Times: user=0.00 sys=0.00, real=0.00 secs] 
47.073: Total time for which application threads were stopped: 0.0006280 seconds, Stopping threads took: 0.0000620 seconds
47.110: Application time: 0.0368090 seconds
47.110: [GC47.110: [ParNew: 16988K->1546K(18048K), 0.0009430 secs] 50882K->36464K(57984K), 0.0009760 secs] [Times: user=0.01 sys=0.00, real=0.00 secs] 
47.111: Total time for which application threads were stopped: 0.0011260 seconds, Stopping threads took: 0.0000850 seconds
47.152: Application time: 0.0410640 seconds
47.152: [GC47.152: [ParNew: 17516K->1546K(18048K), 0.0006810 secs] 52435K->36464K(57984K), 0.0007130 secs] [Times: user=0.00 sys=0.00, real=0.00 secs] 
47.153: Total time for which application threads were stopped: 0.0009040 seconds, Stopping threads took: 0.0001110 seconds
47.191: Application time: 0.0386700 seconds
47.192: [GC47.192: [ParNew: 17512K->1546K(18048K), 0.0006530 secs] 52431K->36464K(57984K), 0.0006810 secs] [Times: user=0.01 sys=0.00, real=0.00 secs] 
47.192: Total time for which application threads were stopped: 0.0008100 seconds, Stopping threads took: 0.0000710 seconds
47.228: Application time: 0.0361750 seconds
47.229: [GC47.229: [ParNew: 17500K->1548K(18048K), 0.0011600 secs] 52419K->38002K(57984K), 0.0011900 secs] [Times: user=0.00 sys=0.00, real=0.00 secs] 
47.230: Total time for which application threads were stopped: 0.0013180 seconds, Stopping threads took: 0.0000630 seconds
47.268: Application time: 0.0380900 seconds
47.268: [GC47.268: [ParNew: 17514K->1550K(18048K), 0.0010880 secs] 53969K->39540K(57984K), 0.0011200 secs] [Times: user=0.01 sys=0.00, real=0.00 secs] 
47.269: Total time for which application threads were stopped: 0.0012460 seconds, Stopping threads took: 0.0000630 seconds
47.308: Application time: 0.0391780 seconds
47.308: [GC47.308: [ParNew: 17521K->1546K(18048K), 0.0009760 secs] 55511K->40560K(57984K), 0.0010130 secs] [Times: user=0.01 sys=0.00, real=0.00 secs] 
47.309: Total time for which application threads were stopped: 0.0011530 seconds, Stopping threads took: 0.0000770 seconds
47.349: Application time: 0.0394820 seconds
47.349: [GC47.349: [ParNew: 17519K->17519K(18048K), 0.0015210 secs]47.351: [Tenured: 39014K->9878K(39936K), 0.0062690 secs] 56533K->9878K(57984K), [Perm : 5142K->5142K(21248K)], 0.0078450 secs] [Times: user=0.01 sys=0.00, real=0.00 secs] 
47.357: Total time for which application threads were stopped: 0.0079780 seconds, Stopping threads took: 0.0000640 seconds
47.395: Application time: 0.0385720 seconds
47.396: [GC47.396: [ParNew: 15966K->1546K(18048K), 0.0006540 secs] 25844K->11424K(57984K), 0.0006810 secs] [Times: user=0.01 sys=0.00, real=0.00 secs] 
47.396: Total time for which application threads were stopped: 0.0007980 seconds, Stopping threads took: 0.0000580 seconds
47.432: Application time: 0.0357140 seconds
47.432: [GC47.432: [ParNew: 17227K->1636K(18048K), 0.0007920 secs] 27105K->12026K(57984K), 0.0008200 secs] [Times: user=0.01 sys=0.00, real=0.00 secs] 
47.433: Total time for which application threads were stopped: 0.0009450 seconds, Stopping threads took: 0.0000640 seconds
47.471: Application time: 0.0384910 seconds
47.471: [GC47.472: [ParNew: 17677K->1578K(18048K), 0.0009420 secs] 28067K->13128K(57984K), 0.0009690 secs] [Times: user=0.01 sys=0.00, real=0.00 secs] 
47.472: Total time for which application threads were stopped: 0.0010970 seconds, Stopping threads took: 0.0000670 seconds
47.511: Application time: 0.0383320 seconds
47.511: [GC47.511: [ParNew: 17627K->1578K(18048K), 0.0007820 secs] 29177K->13704K(57984K), 0.0008140 secs] [Times: user=0.01 sys=0.00, real=0.00 secs] 
47.512: Total time for which application threads were stopped: 0.0009420 seconds, Stopping threads took: 0.0000630 seconds
47.552: Application time: 0.0397860 seconds
47.552: [GC47.552: [ParNew: 17549K->1544K(18048K), 0.0005830 secs] 29675K->13734K(57984K), 0.0006110 secs] [Times: user=0.00 sys=0.00, real=0.00 secs] 
47.552: Total time for which application threads were stopped: 0.0007260 seconds, Stopping threads took: 0.0000600 seconds
47.590: Application time: 0.0374390 seconds
47.590: [GC47.590: [ParNew: 17151K->1094K(18048K), 0.0004940 secs] 29341K->13284K(57984K), 0.0005220 secs] [Times: user=0.00 sys=0.00, real=0.00 secs] 
47.590: Total time for which application threads were stopped: 0.0006460 seconds, Stopping threads took: 0.0000650 seconds
47.627: Application time: 0.0369180 seconds
47.627: [GC47.627: [ParNew: 17128K->1580K(18048K), 0.0009320 secs] 29319K->14898K(57984K), 0.0009620 secs] [Times: user=0.01 sys=0.00, real=0.00 secs] 
47.628: Total time for which application threads were stopped: 0.0011030 seconds, Stopping threads took: 0.0000780 seconds
47.667: Application time: 0.0384120 seconds
47.667: [GC47.667: [ParNew: 17551K->1548K(18048K), 0.0008760 secs] 30869K->15434K(57984K), 0.0009030 secs] [Times: user=0.01 sys=0.00, real=0.00 secs] 
47.668: Total time for which application threads were stopped: 0.0010450 seconds, Stopping threads took: 0.0000740 seconds
47.708: Application time: 0.0398030 seconds
47.708: [GC47.708: [ParNew: 17519K->1546K(18048K), 0.0007040 secs] 31405K->15432K(57984K), 0.0007340 secs] [Times: user=0.00 sys=0.00, real=0.00 secs] 
47.709: Total time for which application threads were stopped: 0.0008740 seconds, Stopping threads took: 0.0000790 seconds
47.746: Application time: 0.0377070 seconds
47.746: [GC47.746: [ParNew: 17508K->1546K(18048K), 0.0008190 secs] 31395K->15944K(57984K), 0.0008470 secs] [Times: user=0.01 sys=0.00, real=0.00 secs] 
47.747: Total time for which application threads were stopped: 0.0009800 seconds, Stopping threads took: 0.0000750 seconds
47.784: Application time: 0.0369280 seconds
47.784: [GC47.784: [ParNew: 17508K->1550K(18048K), 0.0009720 secs] 31907K->16972K(57984K), 0.0010050 secs] [Times: user=0.01 sys=0.00, real=0.01 secs] 
47.785: Total time for which application threads were stopped: 0.0011350 seconds, Stopping threads took: 0.0000670 seconds
47.825: Application time: 0.0395420 seconds
47.825: [GC47.825: [ParNew: 17521K->1548K(18048K), 0.0009030 secs] 32943K->17482K(57984K), 0.0009440 secs] [Times: user=0.00 sys=0.00, real=0.01 secs] 
47.826: Total time for which application threads were stopped: 0.0010760 seconds, Stopping threads took: 0.0000690 seconds
47.864: Application time: 0.0383560 seconds
47.864: [GC47.864: [ParNew: 17519K->1548K(18048K), 0.0006060 secs] 33453K->17482K(57984K), 0.0006350 secs] [Times: user=0.00 sys=0.00, real=0.00 secs] 
47.865: Total time for which application threads were stopped: 0.0007680 seconds, Stopping threads took: 0.0000720 seconds
47.903: Application time: 0.0376420 seconds
47.903: [GC47.903: [ParNew: 17508K->1548K(18048K), 0.0008620 secs] 33443K->18506K(57984K), 0.0008910 secs] [Times: user=0.01 sys=0.00, real=0.00 secs] 
47.904: Total time for which application threads were stopped: 0.0010710 seconds, Stopping threads took: 0.0001210 seconds
47.944: Application time: 0.0401080 seconds
47.944: [GC47.944: [ParNew: 17519K->1546K(18048K), 0.0007930 secs] 34477K->19016K(57984K), 0.0008250 secs] [Times: user=0.01 sys=0.00, real=0.00 secs] 
47.945: Total time for which application threads were stopped: 0.0009450 seconds, Stopping threads took: 0.0000580 seconds
47.983: Application time: 0.0378610 seconds
47.983: [GC47.983: [ParNew: 17512K->1546K(18048K), 0.0008340 secs] 34983K->19528K(57984K), 0.0008640 secs] [Times: user=0.00 sys=0.00, real=0.00 secs] 
47.984: Total time for which application threads were stopped: 0.0009960 seconds, Stopping threads took: 0.0000700 seconds
48.023: Application time: 0.0393500 seconds
48.023: [GC48.023: [ParNew: 17517K->1546K(18048K), 0.0006190 secs] 35499K->19528K(57984K), 0.0006470 secs] [Times: user=0.00 sys=0.00, real=0.00 secs] 
48.024: Total time for which application threads were stopped: 0.0007590 seconds, Stopping threads took: 0.0000550 seconds
48.062: Application time: 0.0382720 seconds
48.062: [GC48.062: [ParNew: 17161K->580K(18048K), 0.0004160 secs] 35144K->18562K(57984K), 0.0004440 secs] [Times: user=0.00 sys=0.00, real=0.00 secs] 
48.063: Total time for which application threads were stopped: 0.0005700 seconds, Stopping threads took: 0.0000680 seconds
48.098: Application time: 0.0358330 seconds
48.099: [GC48.099: [ParNew: 16640K->1660K(18048K), 0.0005930 secs] 34623K->19643K(57984K), 0.0006200 secs] [Times: user=0.00 sys=0.00, real=0.00 secs] 
48.099: Total time for which application threads were stopped: 0.0007380 seconds, Stopping threads took: 0.0000640 seconds
48.139: Application time: 0.0401560 seconds
48.139: [GC48.139: [ParNew: 17683K->1064K(18048K), 0.0004810 secs] 35665K->19183K(57984K), 0.0005130 secs] [Times: user=0.01 sys=0.00, real=0.00 secs] 
48.140: Total time for which application threads were stopped: 0.0006270 seconds, Stopping threads took: 0.0000550 seconds
48.179: Application time: 0.0385130 seconds
48.179: [GC48.179: [ParNew: 17104K->1578K(18048K), 0.0006510 secs] 35223K->19753K(57984K), 0.0006820 secs] [Times: user=0.01 sys=0.00, real=0.00 secs] 
48.179: Total time for which application threads were stopped: 0.0008360 seconds, Stopping threads took: 0.0000810 seconds
48.218: Application time: 0.0386800 seconds
48.218: [GC48.218: [ParNew: 17623K->1580K(18048K), 0.0005910 secs] 35798K->19827K(57984K), 0.0006200 secs] [Times: user=0.00 sys=0.00, real=0.00 secs] 
48.219: Total time for which application threads were stopped: 0.0007470 seconds, Stopping threads took: 0.0000700 seconds
48.258: Application time: 0.0388790 seconds
48.258: [GC48.258: [ParNew: 17625K->1578K(18048K), 0.0007150 secs] 35872K->19881K(57984K), 0.0007450 secs] [Times: user=0.01 sys=0.00, real=0.00 secs] 
48.259: Total time for which application threads were stopped: 0.0008720 seconds, Stopping threads took: 0.0000690 seconds
48.296: Application time: 0.0371510 seconds
48.296: [GC48.296: [ParNew: 17619K->1578K(18048K), 0.0007520 secs] 35921K->20457K(57984K), 0.0007820 secs] [Times: user=0.01 sys=0.00, real=0.00 secs] 
48.297: Total time for which application threads were stopped: 0.0009160 seconds, Stopping threads took: 0.0000620 seconds
48.334: Application time: 0.0373530 seconds
48.334: [GC48.334: [ParNew: 17544K->1548K(18048K), 0.0008140 secs] 36423K->21003K(57984K), 0.0008400 secs] [Times: user=0.00 sys=0.00, real=0.00 secs] 
48.335: Total time for which application threads were stopped: 0.0009720 seconds, Stopping threads took: 0.0000740 seconds
48.375: Application time: 0.0398520 seconds
48.375: [GC48.375: [ParNew: 17519K->1546K(18048K), 0.0006930 secs] 36974K->21001K(57984K), 0.0007170 secs] [Times: user=0.01 sys=0.00, real=0.00 secs] 
48.376: Total time for which application threads were stopped: 0.0008420 seconds, Stopping threads took: 0.0000690 seconds
48.415: Application time: 0.0393520 seconds
48.415: [GC48.415: [ParNew: 17516K->1034K(18048K), 0.0005600 secs] 36972K->20489K(57984K), 0.0005870 secs] [Times: user=0.00 sys=0.00, real=0.00 secs] 
48.416: Total time for which application threads were stopped: 0.0007370 seconds, Stopping threads took: 0.0000970 seconds
48.454: Application time: 0.0382630 seconds
48.454: [GC48.454: [ParNew: 17004K->522K(18048K), 0.0003850 secs] 36459K->19977K(57984K), 0.0004150 secs] [Times: user=0.00 sys=0.00, real=0.00 secs] 
48.455: Total time for which application threads were stopped: 0.0005400 seconds, Stopping threads took: 0.0000670 seconds
48.494: Application time: 0.0391930 seconds
48.494: [GC48.494: [ParNew: 16492K->8K(18048K), 0.0002470 secs] 35947K->19463K(57984K), 0.0002720 secs] [Times: user=0.01 sys=0.00, real=0.00 secs] 
48.494: Total time for which application threads were stopped: 0.0003870 seconds, Stopping threads took: 0.0000640 seconds
48.530: Application time: 0.0360040 seconds
48.530: [GC48.530: [ParNew: 15958K->1548K(18048K), 0.0007730 secs] 35413K->21515K(57984K), 0.0008020 secs] [Times: user=0.01 sys=0.00, real=0.00 secs] 
48.531: Total time for which application threads were stopped: 0.0009370 seconds, Stopping threads took: 0.0000710 seconds
48.568: Application time: 0.0364840 seconds
48.568: [GC48.568: [ParNew: 17506K->1548K(18048K), 0.0011310 secs] 37473K->23051K(57984K), 0.0011660 secs] [Times: user=0.00 sys=0.00, real=0.00 secs] 
48.569: Total time for which application threads were stopped: 0.0012970 seconds, Stopping threads took: 0.0000620 seconds
48.608: Application time: 0.0395100 seconds
48.608: [GC48.609: [ParNew: 17519K->1546K(18048K), 0.0009240 secs] 39022K->24073K(57984K), 0.0009570 secs] [Times: user=0.01 sys=0.00, real=0.00 secs] 
48.609: Total time for which application threads were stopped: 0.0011140 seconds, Stopping threads took: 0.0000940 seconds
48.648: Application time: 0.0382430 seconds
48.648: [GC48.648: [ParNew: 17512K->1548K(18048K), 0.0009280 secs] 40039K->25099K(57984K), 0.0009580 secs] [Times: user=0.01 sys=0.00, real=0.00 secs] 
48.649: Total time for which application threads were stopped: 0.0010980 seconds, Stopping threads took: 0.0000790 seconds
48.687: Application time: 0.0384350 seconds
48.687: [GC48.687: [ParNew: 17593K->1580K(18048K), 0.0009220 secs] 41144K->26155K(57984K), 0.0009510 secs] [Times: user=0.00 sys=0.00, real=0.00 secs] 
48.688: Total time for which application threads were stopped: 0.0010930 seconds, Stopping threads took: 0.0000700 seconds
48.728: Application time: 0.0399100 seconds
48.728: [GC48.728: [ParNew: 17627K->1576K(18048K), 0.0007850 secs] 42202K->26735K(57984K), 0.0008140 secs] [Times: user=0.01 sys=0.00, real=0.00 secs] 
48.729: Total time for which application threads were stopped: 0.0009540 seconds, Stopping threads took: 0.0000800 seconds
48.766: Application time: 0.0363300 seconds
48.766: [GC48.766: [ParNew: 17181K->1608K(18048K), 0.0009390 secs] 42340K->27847K(57984K), 0.0009690 secs] [Times: user=0.01 sys=0.00, real=0.00 secs] 
48.767: Total time for which application threads were stopped: 0.0011050 seconds, Stopping threads took: 0.0000740 seconds
48.806: Application time: 0.0396570 seconds
48.806: [GC48.806: [ParNew: 17659K->1574K(18048K), 0.0007170 secs] 43898K->27909K(57984K), 0.0007430 secs] [Times: user=0.00 sys=0.00, real=0.00 secs] 
48.807: Total time for which application threads were stopped: 0.0008720 seconds, Stopping threads took: 0.0000640 seconds
48.845: Application time: 0.0381760 seconds
48.845: [GC48.845: [ParNew: 17540K->1544K(18048K), 0.0006780 secs] 43876K->27943K(57984K), 0.0007090 secs] [Times: user=0.00 sys=0.00, real=0.00 secs] 
48.846: Total time for which application threads were stopped: 0.0008290 seconds, Stopping threads took: 0.0000570 seconds
48.886: Application time: 0.0394000 seconds
48.886: [GC48.886: [ParNew: 17584K->1578K(18048K), 0.0007450 secs] 43984K->28489K(57984K), 0.0007740 secs] [Times: user=0.00 sys=0.00, real=0.00 secs] 
48.886: Total time for which application threads were stopped: 0.0009060 seconds, Stopping threads took: 0.0000750 seconds
48.922: Application time: 0.0359560 seconds
48.923: [GC48.923: [ParNew: 17620K->1580K(18048K), 0.0007750 secs] 44532K->29091K(57984K), 0.0008030 secs] [Times: user=0.01 sys=0.00, real=0.00 secs] 
48.923: Total time for which application threads were stopped: 0.0009730 seconds, Stopping threads took: 0.0001100 seconds
48.963: Application time: 0.0398940 seconds
48.963: [GC48.963: [ParNew: 17627K->1578K(18048K), 0.0008000 secs] 45138K->29657K(57984K), 0.0008300 secs] [Times: user=0.00 sys=0.00, real=0.00 secs] 
48.964: Total time for which application threads were stopped: 0.0009560 seconds, Stopping threads took: 0.0000660 seconds
49.002: Application time: 0.0373520 seconds
49.002: [GC49.002: [ParNew: 17549K->1548K(18048K), 0.0007300 secs] 45628K->29691K(57984K), 0.0007600 secs] [Times: user=0.01 sys=0.00, real=0.00 secs] 
49.003: Total time for which application threads were stopped: 0.0009130 seconds, Stopping threads took: 0.0000930 seconds
49.042: Application time: 0.0391150 seconds
49.042: [GC49.042: [ParNew: 17519K->1034K(18048K), 0.0004900 secs] 45662K->29177K(57984K), 0.0005200 secs] [Times: user=0.00 sys=0.00, real=0.00 secs] 
49.042: Total time for which application threads were stopped: 0.0006460 seconds, Stopping threads took: 0.0000660 seconds
49.082: Application time: 0.0392910 seconds
49.082: [GC49.082: [ParNew: 16996K->1546K(18048K), 0.0006120 secs] 45140K->29689K(57984K), 0.0006410 secs] [Times: user=0.00 sys=0.00, real=0.00 secs] 
49.082: Total time for which application threads were stopped: 0.0007700 seconds, Stopping threads took: 0.0000670 seconds
49.120: Application time: 0.0380480 seconds
49.121: [GC49.121: [ParNew: 17516K->1034K(18048K), 0.0004780 secs] 45660K->29177K(57984K), 0.0005060 secs] [Times: user=0.01 sys=0.00, real=0.00 secs] 
49.121: Total time for which application threads were stopped: 0.0006250 seconds, Stopping threads took: 0.0000610 seconds
49.160: Application time: 0.0386480 seconds
49.160: [GC49.160: [ParNew: 17000K->1034K(18048K), 0.0004830 secs] 45144K->29177K(57984K), 0.0005100 secs] [Times: user=0.00 sys=0.00, real=0.00 secs] 
49.160: Total time for which application threads were stopped: 0.0006320 seconds, Stopping threads took: 0.0000660 seconds
49.199: Application time: 0.0384140 seconds
49.199: [GC49.199: [ParNew: 16996K->1546K(18048K), 0.0006490 secs] 45140K->29689K(57984K), 0.0006790 secs] [Times: user=0.00 sys=0.00, real=0.00 secs] 
49.200: Total time for which application threads were stopped: 0.0008280 seconds, Stopping threads took: 0.0000720 seconds
49.237: Application time: 0.0370660 seconds
49.237: [GC49.237: [ParNew: 17508K->1546K(18048K), 0.0008490 secs] 45652K->30201K(57984K), 0.0008780 secs] [Times: user=0.00 sys=0.00, real=0.01 secs] 
49.238: Total time for which application threads were stopped: 0.0010150 seconds, Stopping threads took: 0.0000760 seconds
49.276: Application time: 0.0388050 seconds
49.277: [GC49.277: [ParNew: 17517K->1546K(18048K), 0.0006620 secs] 46172K->30201K(57984K), 0.0006920 secs] [Times: user=0.01 sys=0.00, real=0.01 secs] 
49.277: Total time for which application threads were stopped: 0.0008180 seconds, Stopping threads took: 0.0000660 seconds
49.316: Application time: 0.0391560 seconds
49.317: [GC49.317: [ParNew: 17595K->1064K(18048K), 0.0004810 secs] 46250K->29719K(57984K), 0.0005150 secs] [Times: user=0.00 sys=0.00, real=0.00 secs] 
49.317: Total time for which application threads were stopped: 0.0006470 seconds, Stopping threads took: 0.0000750 seconds
49.355: Application time: 0.0380750 seconds
49.355: [GC49.355: [ParNew: 17030K->1032K(18048K), 0.0005520 secs] 45686K->29751K(57984K), 0.0005780 secs] [Times: user=0.00 sys=0.00, real=0.00 secs] 
49.356: Total time for which application threads were stopped: 0.0006920 seconds, Stopping threads took: 0.0000580 seconds
49.390: Application time: 0.0344460 seconds
49.390: [GC49.390: [ParNew: 16709K->1636K(18048K), 0.0008020 secs] 45429K->30867K(57984K), 0.0008350 secs] [Times: user=0.00 sys=0.00, real=0.00 secs] 
49.391: Total time for which application threads were stopped: 0.0010040 seconds, Stopping threads took: 0.0001060 seconds
49.431: Application time: 0.0393590 seconds
49.431: [GC49.431: [ParNew: 17681K->1574K(18048K), 0.0008030 secs] 46913K->31445K(57984K), 0.0008330 secs] [Times: user=0.00 sys=0.00, real=0.00 secs] 
49.432: Total time for which application threads were stopped: 0.0009550 seconds, Stopping threads took: 0.0000590 seconds
49.469: Application time: 0.0373860 seconds
49.469: [GC49.469: [ParNew: 17536K->1548K(18048K), 0.0009930 secs] 47408K->32515K(57984K), 0.0010240 secs] [Times: user=0.01 sys=0.00, real=0.00 secs] 
49.470: Total time for which application threads were stopped: 0.0011830 seconds, Stopping threads took: 0.0000930 seconds
49.509: Application time: 0.0386470 seconds
49.509: [GC49.509: [ParNew: 17597K->1576K(18048K), 0.0007570 secs] 48565K->33055K(57984K), 0.0007870 secs] [Times: user=0.00 sys=0.00, real=0.00 secs] 
49.510: Total time for which application threads were stopped: 0.0009990 seconds, Stopping threads took: 0.0001530 seconds
49.548: Application time: 0.0381790 seconds
49.548: [GC49.548: [ParNew: 17538K->1550K(18048K), 0.0009270 secs] 49018K->34117K(57984K), 0.0009570 secs] [Times: user=0.00 sys=0.00, real=0.00 secs] 
49.549: Total time for which application threads were stopped: 0.0010820 seconds, Stopping threads took: 0.0000630 seconds
49.588: Application time: 0.0393370 seconds
49.589: [GC49.589: [ParNew: 17588K->1580K(18048K), 0.0011450 secs] 50156K->35684K(57984K), 0.0011770 secs] [Times: user=0.01 sys=0.00, real=0.00 secs] 
49.590: Total time for which application threads were stopped: 0.0013050 seconds, Stopping threads took: 0.0000630 seconds
49.629: Application time: 0.0396110 seconds
49.630: [GC49.630: [ParNew: 17631K->1578K(18048K), 0.0008430 secs] 51735K->36242K(57984K), 0.0008720 secs] [Times: user=0.01 sys=0.00, real=0.00 secs] 
49.630: Total time for which application threads were stopped: 0.0010220 seconds, Stopping threads took: 0.0000890 seconds
49.669: Application time: 0.0388100 seconds
49.669: [GC49.669: [ParNew: 17540K->1548K(18048K), 0.0010080 secs] 52204K->37308K(57984K), 0.0010390 secs] [Times: user=0.01 sys=0.00, real=0.00 secs] 
49.670: Total time for which application threads were stopped: 0.0011610 seconds, Stopping threads took: 0.0000610 seconds
49.709: Application time: 0.0386450 seconds
49.709: [GC49.709: [ParNew: 17519K->1546K(18048K), 0.0007490 secs] 53279K->37818K(57984K), 0.0007810 secs] [Times: user=0.01 sys=0.00, real=0.00 secs] 
49.710: Total time for which application threads were stopped: 0.0009160 seconds, Stopping threads took: 0.0000670 seconds
49.748: Application time: 0.0377710 seconds
49.748: [GC49.748: [ParNew: 17512K->1546K(18048K), 0.0007560 secs] 53784K->38330K(57984K), 0.0007870 secs] [Times: user=0.01 sys=0.00, real=0.00 secs] 
49.749: Total time for which application threads were stopped: 0.0009100 seconds, Stopping threads took: 0.0000600 seconds
49.786: Application time: 0.0373920 seconds
49.786: [GC49.786: [ParNew: 17508K->1548K(18048K), 0.0009230 secs] 54292K->39356K(57984K), 0.0009580 secs] [Times: user=0.00 sys=0.00, real=0.00 secs] 
49.787: Total time for which application threads were stopped: 0.0010930 seconds, Stopping threads took: 0.0000690 seconds
49.826: Application time: 0.0387280 seconds
49.826: [GC49.826: [ParNew: 17519K->1548K(18048K), 0.0008470 secs] 55327K->39868K(57984K), 0.0008820 secs] [Times: user=0.01 sys=0.00, real=0.00 secs] 
49.827: Total time for which application threads were stopped: 0.0010030 seconds, Stopping threads took: 0.0000610 seconds
49.866: Application time: 0.0391800 seconds
49.866: [GC49.866: [ParNew: 17519K->1546K(18048K), 0.0007600 secs] 55839K->39866K(57984K), 0.0007890 secs] [Times: user=0.01 sys=0.00, real=0.00 secs] 
49.867: Total time for which application threads were stopped: 0.0009140 seconds, Stopping threads took: 0.0000610 seconds
49.907: Application time: 0.0397150 seconds
49.907: [GC49.907: [ParNew: 17516K->1034K(18048K), 0.0005400 secs] 55837K->39354K(57984K), 0.0005670 secs] [Times: user=0.01 sys=0.00, real=0.00 secs] 
49.907: Total time for which application threads were stopped: 0.0006790 seconds, Stopping threads took: 0.0000560 seconds
49.945: Application time: 0.0372780 seconds
49.945: [GC49.945: [ParNew: 16996K->1546K(18048K), 0.0006190 secs] 55316K->39866K(57984K), 0.0006500 secs] [Times: user=0.00 sys=0.00, real=0.01 secs] 
49.945: Total time for which application threads were stopped: 0.0007760 seconds, Stopping threads took: 0.0000630 seconds
49.983: Application time: 0.0375290 seconds
49.983: [GC49.983: [ParNew: 17582K->1578K(18048K), 0.0009600 secs] 55902K->40922K(57984K), 0.0009900 secs] [Times: user=0.01 sys=0.00, real=0.00 secs] 
49.984: Total time for which application threads were stopped: 0.0011320 seconds, Stopping threads took: 0.0000760 seconds
50.023: Application time: 0.0389870 seconds
50.023: [GC50.023: [ParNew: 17549K->1546K(18048K), 0.0007670 secs]50.024: [Tenured: 39928K->8651K(39936K), 0.0052440 secs] 56893K->8651K(57984K), [Perm : 5142K->5142K(21248K)], 0.0060640 secs] [Times: user=0.01 sys=0.00, real=0.01 secs] 
50.029: Total time for which application threads were stopped: 0.0061890 seconds, Stopping threads took: 0.0000600 seconds
50.068: Application time: 0.0388790 seconds
50.068: [GC50.068: [ParNew: 15768K->1664K(18048K), 0.0006470 secs] 24419K->10315K(57984K), 0.0006760 secs] [Times: user=0.01 sys=0.00, real=0.00 secs] 
50.069: Total time for which application threads were stopped: 0.0007990 seconds, Stopping threads took: 0.0000620 seconds
50.108: Application time: 0.0386150 seconds
50.108: [GC50.108: [ParNew: 17635K->1034K(18048K), 0.0004720 secs] 26286K->9845K(57984K), 0.0005010 secs] [Times: user=0.01 sys=0.00, real=0.00 secs] 
50.108: Total time for which application threads were stopped: 0.0006150 seconds, Stopping threads took: 0.0000540 seconds
50.145: Application time: 0.0368140 seconds
50.145: [GC50.145: [ParNew: 16992K->1546K(18048K), 0.0007800 secs] 25804K->10869K(57984K), 0.0008080 secs] [Times: user=0.00 sys=0.00, real=0.01 secs] 
50.146: Total time for which application threads were stopped: 0.0009240 seconds, Stopping threads took: 0.0000560 seconds
50.184: Application time: 0.0384860 seconds
50.185: [GC50.185: [ParNew: 17580K->1578K(18048K), 0.0012610 secs] 26904K->12949K(57984K), 0.0012930 secs] [Times: user=0.01 sys=0.00, real=0.01 secs] 
50.186: Total time for which application threads were stopped: 0.0014260 seconds, Stopping threads took: 0.0000700 seconds
50.226: Application time: 0.0399730 seconds
50.226: [GC50.226: [ParNew: 17631K->1580K(18048K), 0.0006540 secs] 29003K->13007K(57984K), 0.0006850 secs] [Times: user=0.00 sys=0.00, real=0.00 secs] 
50.227: Total time for which application threads were stopped: 0.0009070 seconds, Stopping threads took: 0.0001540 seconds
50.267: Application time: 0.0400460 seconds
50.267: [GC50.267: [ParNew: 17631K->550K(18048K), 0.0004140 secs] 29059K->12041K(57984K), 0.0004410 secs] [Times: user=0.01 sys=0.00, real=0.00 secs] 
50.267: Total time for which application threads were stopped: 0.0006030 seconds, Stopping threads took: 0.0001040 seconds
50.302: Application time: 0.0350340 seconds
50.302: [GC50.303: [ParNew: 16498K->1580K(18048K), 0.0011270 secs] 27989K->14607K(57984K), 0.0011580 secs] [Times: user=0.01 sys=0.00, real=0.00 secs] 
50.304: Total time for which application threads were stopped: 0.0012860 seconds, Stopping threads took: 0.0000660 seconds
50.342: Application time: 0.0386780 seconds
50.342: [GC50.342: [ParNew: 17546K->1550K(18048K), 0.0011620 secs] 30574K->16177K(57984K), 0.0012020 secs] [Times: user=0.01 sys=0.00, real=0.00 secs] 
50.344: Total time for which application threads were stopped: 0.0013350 seconds, Stopping threads took: 0.0000700 seconds
50.383: Application time: 0.0391260 seconds
50.383: [GC50.383: [ParNew: 17521K->1548K(18048K), 0.0009510 secs] 32148K->17200K(57984K), 0.0009810 secs] [Times: user=0.00 sys=0.00, real=0.00 secs] 
50.384: Total time for which application threads were stopped: 0.0011140 seconds, Stopping threads took: 0.0000720 seconds
50.423: Application time: 0.0390490 seconds
50.423: [GC50.423: [ParNew: 17519K->1546K(18048K), 0.0007960 secs] 33170K->17710K(57984K), 0.0008250 secs] [Times: user=0.00 sys=0.00, real=0.00 secs] 
50.424: Total time for which application threads were stopped: 0.0009440 seconds, Stopping threads took: 0.0000600 seconds
50.463: Application time: 0.0388710 seconds
50.463: [GC50.463: [ParNew: 17517K->1546K(18048K), 0.0006230 secs] 33680K->17710K(57984K), 0.0006510 secs] [Times: user=0.01 sys=0.00, real=0.00 secs] 
50.464: Total time for which application threads were stopped: 0.0008130 seconds, Stopping threads took: 0.0001020 seconds
50.501: Application time: 0.0377590 seconds
50.502: [GC50.502: [ParNew: 17504K->1546K(18048K), 0.0008760 secs] 33668K->18734K(57984K), 0.0009080 secs] [Times: user=0.01 sys=0.00, real=0.00 secs] 
50.502: Total time for which application threads were stopped: 0.0010500 seconds, Stopping threads took: 0.0000770 seconds
50.541: Application time: 0.0388370 seconds
50.541: [GC50.541: [ParNew: 17517K->1546K(18048K), 0.0008110 secs] 34704K->19246K(57984K), 0.0008440 secs] [Times: user=0.00 sys=0.00, real=0.00 secs] 
50.542: Total time for which application threads were stopped: 0.0009650 seconds, Stopping threads took: 0.0000580 seconds
50.581: Application time: 0.0389650 seconds
50.581: [GC50.581: [ParNew: 17514K->1546K(18048K), 0.0006170 secs] 35214K->19246K(57984K), 0.0006460 secs] [Times: user=0.01 sys=0.00, real=0.00 secs] 
50.582: Total time for which application threads were stopped: 0.0007900 seconds, Stopping threads took: 0.0000830 seconds
50.620: Application time: 0.0382350 seconds
50.620: [GC50.620: [ParNew: 17514K->1546K(18048K), 0.0006080 secs] 35214K->19246K(57984K), 0.0006340 secs] [Times: user=0.00 sys=0.00, real=0.00 secs] 
50.621: Total time for which application threads were stopped: 0.0007670 seconds, Stopping threads took: 0.0000750 seconds
50.660: Application time: 0.0390770 seconds
50.660: [GC50.660: [ParNew: 17591K->1578K(18048K), 0.0006230 secs] 35291K->19278K(57984K), 0.0006510 secs] [Times: user=0.01 sys=0.00, real=0.00 secs] 
50.661: Total time for which application threads were stopped: 0.0007770 seconds, Stopping threads took: 0.0000660 seconds
50.699: Application time: 0.0378140 seconds
50.699: [GC50.699: [ParNew: 17185K->1606K(18048K), 0.0007440 secs] 34885K->19354K(57984K), 0.0007730 secs] [Times: user=0.00 sys=0.00, real=0.00 secs] 
50.700: Total time for which application threads were stopped: 0.0009040 seconds, Stopping threads took: 0.0000740 seconds
50.737: Application time: 0.0369220 seconds
50.737: [GC50.737: [ParNew: 17217K->1094K(18048K), 0.0005790 secs] 34965K->18930K(57984K), 0.0006050 secs] [Times: user=0.00 sys=0.01, real=0.01 secs] 
50.737: Total time for which application threads were stopped: 0.0007580 seconds, Stopping threads took: 0.0000890 seconds
50.777: Application time: 0.0396260 seconds
50.777: [GC50.777: [ParNew: 17065K->522K(18048K), 0.0003570 secs] 34901K->18470K(57984K), 0.0003880 secs] [Times: user=0.00 sys=0.00, real=0.01 secs] 
50.777: Total time for which application threads were stopped: 0.0005260 seconds, Stopping threads took: 0.0000790 seconds
50.816: Application time: 0.0381140 seconds
50.816: [GC50.816: [ParNew: 16571K->44K(18048K), 0.0002230 secs] 34519K->17992K(57984K), 0.0002510 secs] [Times: user=0.00 sys=0.00, real=0.00 secs] 
50.816: Total time for which application threads were stopped: 0.0003800 seconds, Stopping threads took: 0.0000630 seconds
50.851: Application time: 0.0345890 seconds
50.851: [GC50.851: [ParNew: 15981K->1578K(18048K), 0.0013440 secs] 33929K->21574K(57984K), 0.0013750 secs] [Times: user=0.01 sys=0.00, real=0.00 secs] 
50.852: Total time for which application threads were stopped: 0.0015040 seconds, Stopping threads took: 0.0000640 seconds
50.891: Application time: 0.0391050 seconds
50.891: [GC50.891: [ParNew: 17627K->1578K(18048K), 0.0011840 secs] 37623K->23174K(57984K), 0.0012150 secs] [Times: user=0.01 sys=0.00, real=0.00 secs] 
50.892: Total time for which application threads were stopped: 0.0013470 seconds, Stopping threads took: 0.0000680 seconds
50.932: Application time: 0.0398690 seconds
50.932: [GC50.932: [ParNew: 17627K->1578K(18048K), 0.0009280 secs] 39223K->24246K(57984K), 0.0009560 secs] [Times: user=0.00 sys=0.00, real=0.00 secs] 
50.933: Total time for which application threads were stopped: 0.0010760 seconds, Stopping threads took: 0.0000610 seconds
50.972: Application time: 0.0381310 seconds
50.972: [GC50.972: [ParNew: 17549K->1546K(18048K), 0.0008010 secs] 40217K->24806K(57984K), 0.0008330 secs] [Times: user=0.00 sys=0.00, real=0.00 secs] 
50.973: Total time for which application threads were stopped: 0.0009550 seconds, Stopping threads took: 0.0000590 seconds
51.011: Application time: 0.0380990 seconds
51.011: [GC51.011: [ParNew: 17517K->1546K(18048K), 0.0006720 secs] 40777K->24806K(57984K), 0.0006990 secs] [Times: user=0.00 sys=0.00, real=0.00 secs] 
51.011: Total time for which application threads were stopped: 0.0008180 seconds, Stopping threads took: 0.0000620 seconds
51.051: Application time: 0.0399210 seconds
51.052: [GC51.052: [ParNew: 17512K->1034K(18048K), 0.0005070 secs] 40773K->24294K(57984K), 0.0005380 secs] [Times: user=0.00 sys=0.00, real=0.00 secs] 
51.052: Total time for which application threads were stopped: 0.0007340 seconds, Stopping threads took: 0.0001340 seconds
51.089: Application time: 0.0364190 seconds
51.089: [GC51.089: [ParNew: 16990K->1548K(18048K), 0.0009540 secs] 40250K->25832K(57984K), 0.0009840 secs] [Times: user=0.01 sys=0.00, real=0.00 secs] 
51.090: Total time for which application threads were stopped: 0.0011730 seconds, Stopping threads took: 0.0001280 seconds
51.129: Application time: 0.0392700 seconds
51.129: [GC51.129: [ParNew: 17516K->1548K(18048K), 0.0007840 secs] 41801K->26344K(57984K), 0.0008150 secs] [Times: user=0.01 sys=0.00, real=0.00 secs] 
51.130: Total time for which application threads were stopped: 0.0009600 seconds, Stopping threads took: 0.0000820 seconds
51.169: Application time: 0.0391720 seconds
51.169: [GC51.169: [ParNew: 17514K->1546K(18048K), 0.0008240 secs] 42311K->26854K(57984K), 0.0008570 secs] [Times: user=0.00 sys=0.00, real=0.00 secs] 
51.170: Total time for which application threads were stopped: 0.0010040 seconds, Stopping threads took: 0.0000830 seconds
51.210: Application time: 0.0399260 seconds
51.210: [GC51.210: [ParNew: 17514K->1546K(18048K), 0.0006680 secs] 42823K->26854K(57984K), 0.0006990 secs] [Times: user=0.01 sys=0.00, real=0.00 secs] 
51.211: Total time for which application threads were stopped: 0.0008180 seconds, Stopping threads took: 0.0000570 seconds
51.248: Application time: 0.0376450 seconds
51.249: [GC51.249: [ParNew: 17516K->1032K(18048K), 0.0005720 secs] 42825K->26340K(57984K), 0.0006000 secs] [Times: user=0.00 sys=0.00, real=0.00 secs] 
51.249: Total time for which application threads were stopped: 0.0007260 seconds, Stopping threads took: 0.0000560 seconds
51.289: Application time: 0.0393920 seconds
51.289: [GC51.289: [ParNew: 17081K->552K(18048K), 0.0003310 secs] 42389K->25860K(57984K), 0.0003630 secs] [Times: user=0.00 sys=0.00, real=0.00 secs] 
51.289: Total time for which application threads were stopped: 0.0004810 seconds, Stopping threads took: 0.0000560 seconds
51.327: Application time: 0.0381700 seconds
51.327: [GC51.327: [ParNew: 16592K->1096K(18048K), 0.0004840 secs] 41901K->26404K(57984K), 0.0005150 secs] [Times: user=0.01 sys=0.00, real=0.00 secs] 
51.328: Total time for which application threads were stopped: 0.0006430 seconds, Stopping threads took: 0.0000580 seconds
51.364: Application time: 0.0364110 seconds
51.364: [GC51.364: [ParNew: 16699K->1606K(18048K), 0.0006400 secs] 42007K->27014K(57984K), 0.0006700 secs] [Times: user=0.00 sys=0.00, real=0.00 secs] 
51.365: Total time for which application threads were stopped: 0.0007980 seconds, Stopping threads took: 0.0000650 seconds
51.403: Application time: 0.0382020 seconds
51.403: [GC51.403: [ParNew: 17645K->1580K(18048K), 0.0009420 secs] 43053K->28116K(57984K), 0.0009740 secs] [Times: user=0.00 sys=0.00, real=0.00 secs] 
51.404: Total time for which application threads were stopped: 0.0011130 seconds, Stopping threads took: 0.0000750 seconds
51.444: Application time: 0.0390780 seconds
51.444: [GC51.444: [ParNew: 17629K->1578K(18048K), 0.0008510 secs] 44166K->28698K(57984K), 0.0008790 secs] [Times: user=0.00 sys=0.00, real=0.00 secs] 
51.445: Total time for which application threads were stopped: 0.0010050 seconds, Stopping threads took: 0.0000670 seconds
51.484: Application time: 0.0390920 seconds
51.484: [GC51.484: [ParNew: 17549K->1546K(18048K), 0.0007450 secs] 44669K->28730K(57984K), 0.0007760 secs] [Times: user=0.01 sys=0.00, real=0.00 secs] 
51.485: Total time for which application threads were stopped: 0.0009180 seconds, Stopping threads took: 0.0000820 seconds
51.522: Application time: 0.0376340 seconds
51.522: [GC51.522: [ParNew: 17512K->1546K(18048K), 0.0006970 secs] 44697K->28730K(57984K), 0.0007260 secs] [Times: user=0.00 sys=0.00, real=0.00 secs] 
51.523: Total time for which application threads were stopped: 0.0008550 seconds, Stopping threads took: 0.0000710 seconds
51.563: Application time: 0.0404370 seconds
51.564: [GC51.564: [ParNew: 17597K->552K(18048K), 0.0003550 secs] 44781K->27736K(57984K), 0.0003820 secs] [Times: user=0.01 sys=0.00, real=0.00 secs] 
51.564: Total time for which application threads were stopped: 0.0005040 seconds, Stopping threads took: 0.0000680 seconds
51.600: Application time: 0.0362500 seconds
51.600: [GC51.600: [ParNew: 16584K->1606K(18048K), 0.0007570 secs] 43769K->29302K(57984K), 0.0007880 secs] [Times: user=0.01 sys=0.00, real=0.00 secs] 
51.601: Total time for which application threads were stopped: 0.0009290 seconds, Stopping threads took: 0.0000720 seconds
51.640: Application time: 0.0390470 seconds
51.640: [GC51.640: [ParNew: 17568K->1548K(18048K), 0.0009390 secs] 45265K->30372K(57984K), 0.0009690 secs] [Times: user=0.01 sys=0.00, real=0.00 secs] 
51.641: Total time for which application threads were stopped: 0.0011060 seconds, Stopping threads took: 0.0000760 seconds
51.681: Application time: 0.0401070 seconds
51.685: [GC51.685: [ParNew: 17516K->1546K(18048K), 0.0008850 secs] 46341K->30882K(57984K), 0.0009110 secs] [Times: user=0.00 sys=0.00, real=0.00 secs] 
51.686: Total time for which application threads were stopped: 0.0047410 seconds, Stopping threads took: 0.0037730 seconds
51.722: Application time: 0.0361150 seconds
51.722: [GC51.722: [ParNew: 17504K->1550K(18048K), 0.0011540 secs] 46841K->32422K(57984K), 0.0011870 secs] [Times: user=0.00 sys=0.00, real=0.00 secs] 
51.724: Total time for which application threads were stopped: 0.0013250 seconds, Stopping threads took: 0.0000750 seconds
51.762: Application time: 0.0387120 seconds
51.762: [GC51.762: [ParNew: 17521K->1548K(18048K), 0.0009190 secs] 48393K->33444K(57984K), 0.0009470 secs] [Times: user=0.01 sys=0.00, real=0.00 secs] 
51.763: Total time for which application threads were stopped: 0.0010830 seconds, Stopping threads took: 0.0000620 seconds
51.803: Application time: 0.0397810 seconds
51.803: [GC51.803: [ParNew: 17519K->1546K(18048K), 0.0007770 secs] 49415K->33954K(57984K), 0.0008050 secs] [Times: user=0.01 sys=0.00, real=0.00 secs] 
51.804: Total time for which application threads were stopped: 0.0009230 seconds, Stopping threads took: 0.0000600 seconds
51.843: Application time: 0.0392030 seconds
51.843: [GC51.843: [ParNew: 17517K->1546K(18048K), 0.0006940 secs] 49925K->33954K(57984K), 0.0007250 secs] [Times: user=0.00 sys=0.00, real=0.00 secs] 
51.844: Total time for which application threads were stopped: 0.0008600 seconds, Stopping threads took: 0.0000710 seconds
51.882: Application time: 0.0381750 seconds
51.882: [GC51.882: [ParNew: 17516K->1034K(18048K), 0.0005270 secs] 49925K->33442K(57984K), 0.0005530 secs] [Times: user=0.00 sys=0.00, real=0.00 secs] 
51.883: Total time for which application threads were stopped: 0.0006710 seconds, Stopping threads took: 0.0000640 seconds
51.922: Application time: 0.0389830 seconds
51.922: [GC51.922: [ParNew: 17079K->1064K(18048K), 0.0004740 secs] 49488K->33473K(57984K), 0.0005030 secs] [Times: user=0.01 sys=0.00, real=0.00 secs] 
51.923: Total time for which application threads were stopped: 0.0006450 seconds, Stopping threads took: 0.0000820 seconds
51.960: Application time: 0.0378350 seconds
51.961: [GC51.961: [ParNew: 17105K->1578K(18048K), 0.0006620 secs] 49513K->34043K(57984K), 0.0006940 secs] [Times: user=0.00 sys=0.00, real=0.00 secs] 
51.961: Total time for which application threads were stopped: 0.0008240 seconds, Stopping threads took: 0.0000690 seconds
51.999: Application time: 0.0376380 seconds
51.999: [GC51.999: [ParNew: 17623K->1578K(18048K), 0.0006430 secs] 50088K->34115K(57984K), 0.0006720 secs] [Times: user=0.00 sys=0.00, real=0.00 secs] 
52.000: Total time for which application threads were stopped: 0.0007870 seconds, Stopping threads took: 0.0000570 seconds
52.040: Application time: 0.0400020 seconds
52.040: [GC52.040: [ParNew: 17629K->554K(18048K), 0.0003570 secs] 50166K->33163K(57984K), 0.0003830 secs] [Times: user=0.00 sys=0.00, real=0.00 secs] 
52.040: Total time for which application threads were stopped: 0.0005060 seconds, Stopping threads took: 0.0000670 seconds
52.079: Application time: 0.0387320 seconds
52.079: [GC52.079: [ParNew: 16599K->582K(18048K), 0.0004180 secs] 49208K->33191K(57984K), 0.0004440 secs] [Times: user=0.01 sys=0.00, real=0.00 secs] 
52.080: Total time for which application threads were stopped: 0.0005600 seconds, Stopping threads took: 0.0000610 seconds
52.116: Application time: 0.0365840 seconds
52.116: [GC52.116: [ParNew: 16614K->1634K(18048K), 0.0009150 secs] 49223K->34755K(57984K), 0.0009500 secs] [Times: user=0.01 sys=0.00, real=0.01 secs] 
52.117: Total time for which application threads were stopped: 0.0010870 seconds, Stopping threads took: 0.0000720 seconds
52.157: Application time: 0.0392810 seconds
52.157: [GC52.157: [ParNew: 17601K->1546K(18048K), 0.0008880 secs] 50722K->35315K(57984K), 0.0009200 secs] [Times: user=0.01 sys=0.00, real=0.01 secs] 
52.158: Total time for which application threads were stopped: 0.0010610 seconds, Stopping threads took: 0.0000750 seconds
52.196: Application time: 0.0379530 seconds
52.196: [GC52.196: [ParNew: 17512K->1548K(18048K), 0.0007950 secs] 51281K->35829K(57984K), 0.0008230 secs] [Times: user=0.00 sys=0.00, real=0.00 secs] 
52.196: Total time for which application threads were stopped: 0.0009470 seconds, Stopping threads took: 0.0000670 seconds
52.236: Application time: 0.0391160 seconds
52.236: [GC52.236: [ParNew: 17597K->1578K(18048K), 0.0007020 secs] 51878K->35859K(57984K), 0.0007270 secs] [Times: user=0.00 sys=0.00, real=0.00 secs] 
52.236: Total time for which application threads were stopped: 0.0008500 seconds, Stopping threads took: 0.0000690 seconds
52.274: Application time: 0.0378890 seconds
52.274: [GC52.274: [ParNew: 17623K->1580K(18048K), 0.0006390 secs] 51904K->35925K(57984K), 0.0006680 secs] [Times: user=0.01 sys=0.00, real=0.00 secs] 
52.275: Total time for which application threads were stopped: 0.0008080 seconds, Stopping threads took: 0.0000720 seconds
52.314: Application time: 0.0389480 seconds
52.314: [GC52.314: [ParNew: 17546K->1546K(18048K), 0.0006290 secs] 51892K->35947K(57984K), 0.0006550 secs] [Times: user=0.00 sys=0.00, real=0.00 secs] 
52.315: Total time for which application threads were stopped: 0.0007810 seconds, Stopping threads took: 0.0000720 seconds
52.353: Application time: 0.0382960 seconds
52.353: [GC52.355: [ParNew: 17508K->1552K(18048K), 0.0007860 secs] 51909K->36465K(57984K), 0.0023280 secs] [Times: user=0.01 sys=0.00, real=0.00 secs] 
52.356: Total time for which application threads were stopped: 0.0024470 seconds, Stopping threads took: 0.0000610 seconds
52.394: Application time: 0.0380890 seconds
52.394: [GC52.394: [ParNew: 17523K->1546K(18048K), 0.0006300 secs] 52436K->36459K(57984K), 0.0006580 secs] [Times: user=0.01 sys=0.00, real=0.00 secs] 
52.395: Total time for which application threads were stopped: 0.0007760 seconds, Stopping threads took: 0.0000580 seconds
52.434: Application time: 0.0392640 seconds
52.434: [GC52.434: [ParNew: 17516K->1034K(18048K), 0.0004740 secs] 52430K->35947K(57984K), 0.0005020 secs] [Times: user=0.00 sys=0.00, real=0.00 secs] 
52.434: Total time for which application threads were stopped: 0.0006180 seconds, Stopping threads took: 0.0000580 seconds
52.472: Application time: 0.0375720 seconds
52.472: [GC52.472: [ParNew: 16996K->1546K(18048K), 0.0006220 secs] 51909K->36459K(57984K), 0.0006500 secs] [Times: user=0.01 sys=0.00, real=0.00 secs] 
52.473: Total time for which application threads were stopped: 0.0007700 seconds, Stopping threads took: 0.0000610 seconds
52.509: Application time: 0.0358890 seconds
52.509: [GC52.509: [ParNew: 17504K->1550K(18048K), 0.0009640 secs] 52417K->37487K(57984K), 0.0009970 secs] [Times: user=0.00 sys=0.00, real=0.00 secs] 
52.510: Total time for which application threads were stopped: 0.0011370 seconds, Stopping threads took: 0.0000750 seconds
52.548: Application time: 0.0386830 seconds
52.549: [GC52.549: [ParNew: 17599K->1580K(18048K), 0.0008060 secs] 53536K->38029K(57984K), 0.0008380 secs] [Times: user=0.01 sys=0.00, real=0.00 secs] 
52.549: Total time for which application threads were stopped: 0.0009700 seconds, Stopping threads took: 0.0000700 seconds
52.589: Application time: 0.0394160 seconds
52.589: [GC52.589: [ParNew: 17629K->1578K(18048K), 0.0006510 secs] 54078K->38083K(57984K), 0.0006810 secs] [Times: user=0.01 sys=0.00, real=0.00 secs] 
52.590: Total time for which application threads were stopped: 0.0008120 seconds, Stopping threads took: 0.0000690 seconds
52.629: Application time: 0.0397590 seconds
52.630: [GC52.630: [ParNew: 17629K->554K(18048K), 0.0003900 secs] 54134K->37123K(57984K), 0.0004180 secs] [Times: user=0.01 sys=0.00, real=0.00 secs] 
52.630: Total time for which application threads were stopped: 0.0005410 seconds, Stopping threads took: 0.0000640 seconds
52.670: Application time: 0.0396810 seconds
52.670: [GC52.670: [ParNew: 16603K->72K(18048K), 0.0002700 secs] 53172K->36641K(57984K), 0.0002990 secs] [Times: user=0.01 sys=0.00, real=0.00 secs] 
52.670: Total time for which application threads were stopped: 0.0004180 seconds, Stopping threads took: 0.0000620 seconds
52.705: Application time: 0.0345840 seconds
52.705: [GC52.705: [ParNew: 16018K->1606K(18048K), 0.0009990 secs] 52587K->39199K(57984K), 0.0010300 secs] [Times: user=0.00 sys=0.00, real=0.01 secs] 
52.706: Total time for which application threads were stopped: 0.0011560 seconds, Stopping threads took: 0.0000660 seconds
52.744: Application time: 0.0379490 seconds
52.744: [GC52.744: [ParNew: 17217K->1608K(18048K), 0.0008180 secs] 54810K->39817K(57984K), 0.0008450 secs] [Times: user=0.00 sys=0.00, real=0.00 secs] 
52.745: Total time for which application threads were stopped: 0.0009910 seconds, Stopping threads took: 0.0000890 seconds
52.784: Application time: 0.0389400 seconds
52.784: [GC52.784: [ParNew: 17574K->1546K(18048K), 0.0006520 secs] 55784K->39859K(57984K), 0.0006810 secs] [Times: user=0.01 sys=0.00, real=0.00 secs] 
52.785: Total time for which application threads were stopped: 0.0008740 seconds, Stopping threads took: 0.0001220 seconds
52.824: Application time: 0.0395400 seconds
52.824: [GC52.824: [ParNew: 17519K->1034K(18048K), 0.0005070 secs] 55832K->39347K(57984K), 0.0005360 secs] [Times: user=0.00 sys=0.00, real=0.00 secs] 
52.825: Total time for which application threads were stopped: 0.0006830 seconds, Stopping threads took: 0.0000860 seconds
52.863: Application time: 0.0381040 seconds
52.863: [GC52.863: [ParNew: 17079K->1066K(18048K), 0.0004800 secs] 55392K->39379K(57984K), 0.0005190 secs] [Times: user=0.00 sys=0.00, real=0.00 secs] 
52.864: Total time for which application threads were stopped: 0.0006510 seconds, Stopping threads took: 0.0000720 seconds
52.902: Application time: 0.0380120 seconds
52.902: [GC52.902: [ParNew: 17028K->1546K(18048K), 0.0006420 secs] 55342K->39907K(57984K), 0.0006690 secs] [Times: user=0.00 sys=0.00, real=0.00 secs] 
52.902: Total time for which application threads were stopped: 0.0008000 seconds, Stopping threads took: 0.0000750 seconds
52.940: Application time: 0.0371980 seconds
52.940: [GC52.940: [ParNew: 17587K->1578K(18048K), 0.0008190 secs] 55948K->40451K(57984K), 0.0008500 secs] [Times: user=0.01 sys=0.00, real=0.00 secs] 
52.941: Total time for which application threads were stopped: 0.0009770 seconds, Stopping threads took: 0.0000660 seconds
52.980: Application time: 0.0398910 seconds
52.981: [GC52.981: [ParNew: 17549K->1548K(18048K), 0.0006290 secs] 56422K->40477K(57984K), 0.0006590 secs] [Times: user=0.00 sys=0.00, real=0.00 secs] 
52.981: Total time for which application threads were stopped: 0.0008830 seconds, Stopping threads took: 0.0001640 seconds
53.018: Application time: 0.0368840 seconds
53.018: [GC53.018: [ParNew: 17510K->1548K(18048K), 0.0008470 secs] 56440K->40989K(57984K), 0.0008760 secs] [Times: user=0.00 sys=0.00, real=0.00 secs] 
53.019: Total time for which application threads were stopped: 0.0010980 seconds, Stopping threads took: 0.0001620 seconds
53.058: Application time: 0.0386880 seconds
53.058: [GC53.058: [ParNew: 17514K->1546K(18048K), 0.0008030 secs]53.059: [Tenured: 39953K->9364K(40452K), 0.0056350 secs] 56956K->9364K(58500K), [Perm : 5143K->5143K(21248K)], 0.0064980 secs] [Times: user=0.01 sys=0.00, real=0.00 secs] 
53.065: Total time for which application threads were stopped: 0.0066530 seconds, Stopping threads took: 0.0000880 seconds
53.104: Application time: 0.0396870 seconds
53.104: [GC53.104: [ParNew: 15970K->1546K(18048K), 0.0005380 secs] 25335K->10911K(57984K), 0.0005680 secs] [Times: user=0.00 sys=0.00, real=0.00 secs] 
53.105: Total time for which application threads were stopped: 0.0007110 seconds, Stopping threads took: 0.0000810 seconds
53.143: Application time: 0.0378490 seconds
53.143: [GC53.143: [ParNew: 17508K->1546K(18048K), 0.0007420 secs] 26873K->11423K(57984K), 0.0007730 secs] [Times: user=0.01 sys=0.00, real=0.00 secs] 
53.144: Total time for which application threads were stopped: 0.0009080 seconds, Stopping threads took: 0.0000720 seconds
53.183: Application time: 0.0388190 seconds
53.183: [GC53.183: [ParNew: 17593K->1580K(18048K), 0.0005730 secs] 27470K->11457K(57984K), 0.0006020 secs] [Times: user=0.00 sys=0.00, real=0.00 secs] 
53.183: Total time for which application threads were stopped: 0.0007410 seconds, Stopping threads took: 0.0000800 seconds
53.223: Application time: 0.0392280 seconds
53.223: [GC53.223: [ParNew: 17623K->1580K(18048K), 0.0007750 secs] 27500K->12017K(57984K), 0.0008060 secs] [Times: user=0.00 sys=0.00, real=0.00 secs] 
53.224: Total time for which application threads were stopped: 0.0009400 seconds, Stopping threads took: 0.0000730 seconds
53.262: Application time: 0.0382090 seconds
53.262: [GC53.262: [ParNew: 17546K->1546K(18048K), 0.0008160 secs] 27983K->12559K(57984K), 0.0008490 secs] [Times: user=0.01 sys=0.00, real=0.00 secs] 
53.263: Total time for which application threads were stopped: 0.0009870 seconds, Stopping threads took: 0.0000770 seconds
53.302: Application time: 0.0397180 seconds
53.303: [GC53.303: [ParNew: 17595K->1580K(18048K), 0.0006650 secs] 28608K->12593K(57984K), 0.0006960 secs] [Times: user=0.00 sys=0.00, real=0.00 secs] 
53.303: Total time for which application threads were stopped: 0.0008340 seconds, Stopping threads took: 0.0000620 seconds
53.343: Application time: 0.0399140 seconds
53.343: [GC53.343: [ParNew: 17631K->556K(18048K), 0.0003630 secs] 28644K->11633K(57984K), 0.0003930 secs] [Times: user=0.00 sys=0.00, real=0.00 secs] 
53.344: Total time for which application threads were stopped: 0.0005340 seconds, Stopping threads took: 0.0000700 seconds
53.383: Application time: 0.0396570 seconds
53.384: [GC53.384: [ParNew: 16605K->72K(18048K), 0.0002440 secs] 27682K->11149K(57984K), 0.0002690 secs] [Times: user=0.00 sys=0.00, real=0.00 secs] 
53.384: Total time for which application threads were stopped: 0.0003730 seconds, Stopping threads took: 0.0000510 seconds
53.417: Application time: 0.0335600 seconds
53.417: [GC53.417: [ParNew: 16088K->1636K(18048K), 0.0012710 secs] 27165K->14761K(57984K), 0.0013080 secs] [Times: user=0.01 sys=0.00, real=0.00 secs] 
53.419: Total time for which application threads were stopped: 0.0014530 seconds, Stopping threads took: 0.0000780 seconds
53.459: Application time: 0.0399950 seconds
53.459: [GC53.459: [ParNew: 17605K->1548K(18048K), 0.0011130 secs] 30730K->16345K(57984K), 0.0011480 secs] [Times: user=0.01 sys=0.00, real=0.00 secs] 
53.460: Total time for which application threads were stopped: 0.0012770 seconds, Stopping threads took: 0.0000610 seconds
53.500: Application time: 0.0402030 seconds
53.500: [GC53.501: [ParNew: 17518K->1548K(18048K), 0.0006270 secs] 32316K->16345K(57984K), 0.0006580 secs] [Times: user=0.00 sys=0.00, real=0.00 secs] 
53.501: Total time for which application threads were stopped: 0.0008910 seconds, Stopping threads took: 0.0001660 seconds
53.539: Application time: 0.0382120 seconds
53.540: [GC53.540: [ParNew: 17591K->1574K(18048K), 0.0008180 secs] 32388K->16883K(57984K), 0.0008480 secs] [Times: user=0.00 sys=0.00, real=0.00 secs] 
53.540: Total time for which application threads were stopped: 0.0009800 seconds, Stopping threads took: 0.0000710 seconds
53.580: Application time: 0.0396940 seconds
53.580: [GC53.580: [ParNew: 17547K->1034K(18048K), 0.0005210 secs] 32856K->16407K(57984K), 0.0005490 secs] [Times: user=0.00 sys=0.00, real=0.00 secs] 
53.581: Total time for which application threads were stopped: 0.0006730 seconds, Stopping threads took: 0.0000640 seconds
53.618: Application time: 0.0370040 seconds
53.618: [GC53.618: [ParNew: 17075K->1578K(18048K), 0.0006340 secs] 32448K->16951K(57984K), 0.0006680 secs] [Times: user=0.00 sys=0.00, real=0.00 secs] 
53.619: Total time for which application threads were stopped: 0.0009930 seconds, Stopping threads took: 0.0002630 seconds
53.656: Application time: 0.0377180 seconds
53.657: [GC53.657: [ParNew: 17532K->1550K(18048K), 0.0010840 secs] 32905K->18531K(57984K), 0.0011210 secs] [Times: user=0.00 sys=0.00, real=0.01 secs] 
53.658: Total time for which application threads were stopped: 0.0012910 seconds, Stopping threads took: 0.0001040 seconds
53.696: Application time: 0.0384740 seconds
53.696: [GC53.696: [ParNew: 17521K->1546K(18048K), 0.0009520 secs] 34502K->19551K(57984K), 0.0009830 secs] [Times: user=0.00 sys=0.00, real=0.01 secs] 
53.697: Total time for which application threads were stopped: 0.0011060 seconds, Stopping threads took: 0.0000620 seconds
53.736: Application time: 0.0388240 seconds
53.736: [GC53.736: [ParNew: 17512K->1546K(18048K), 0.0008900 secs] 35518K->20575K(57984K), 0.0009200 secs] [Times: user=0.01 sys=0.00, real=0.01 secs] 
53.737: Total time for which application threads were stopped: 0.0010730 seconds, Stopping threads took: 0.0000920 seconds
53.776: Application time: 0.0392500 seconds
53.777: [GC53.777: [ParNew: 17512K->1546K(18048K), 0.0009060 secs] 36542K->21599K(57984K), 0.0009370 secs] [Times: user=0.01 sys=0.00, real=0.01 secs] 
53.778: Total time for which application threads were stopped: 0.0010730 seconds, Stopping threads took: 0.0000740 seconds
53.814: Application time: 0.0366600 seconds
53.814: [GC53.814: [ParNew: 17586K->1576K(18048K), 0.0011110 secs] 37640K->23165K(57984K), 0.0011420 secs] [Times: user=0.01 sys=0.00, real=0.00 secs] 
53.816: Total time for which application threads were stopped: 0.0012730 seconds, Stopping threads took: 0.0000570 seconds
53.855: Application time: 0.0395820 seconds
53.855: [GC53.855: [ParNew: 17547K->1546K(18048K), 0.0009220 secs] 39136K->24223K(57984K), 0.0009630 secs] [Times: user=0.00 sys=0.00, real=0.00 secs] 
53.856: Total time for which application threads were stopped: 0.0010890 seconds, Stopping threads took: 0.0000610 seconds
53.895: Application time: 0.0385110 seconds
53.895: [GC53.895: [ParNew: 17595K->1574K(18048K), 0.0008960 secs] 40272K->24763K(57984K), 0.0009250 secs] [Times: user=0.00 sys=0.00, real=0.00 secs] 
53.896: Total time for which application threads were stopped: 0.0010890 seconds, Stopping threads took: 0.0001030 seconds
53.935: Application time: 0.0389870 seconds
53.935: [GC53.935: [ParNew: 17623K->1578K(18048K), 0.0006340 secs] 40812K->24823K(57984K), 0.0006600 secs] [Times: user=0.00 sys=0.00, real=0.00 secs] 
53.936: Total time for which application threads were stopped: 0.0008000 seconds, Stopping threads took: 0.0000830 seconds
53.974: Application time: 0.0380800 seconds
53.974: [GC53.974: [ParNew: 17619K->1578K(18048K), 0.0007830 secs] 40864K->25407K(57984K), 0.0008130 secs] [Times: user=0.01 sys=0.00, real=0.00 secs] 
53.975: Total time for which application threads were stopped: 0.0009430 seconds, Stopping threads took: 0.0000670 seconds
54.013: Application time: 0.0383330 seconds
54.013: [GC54.013: [ParNew: 17544K->1546K(18048K), 0.0008130 secs] 41374K->25951K(57984K), 0.0008440 secs] [Times: user=0.00 sys=0.01, real=0.00 secs] 
54.014: Total time for which application threads were stopped: 0.0010010 seconds, Stopping threads took: 0.0000940 seconds
54.053: Application time: 0.0392290 seconds
54.053: [GC54.053: [ParNew: 17161K->1096K(18048K), 0.0004730 secs] 41567K->25501K(57984K), 0.0005030 secs] [Times: user=0.00 sys=0.00, real=0.00 secs] 
54.054: Total time for which application threads were stopped: 0.0006470 seconds, Stopping threads took: 0.0000830 seconds
54.094: Application time: 0.0402330 seconds
54.096: [GC54.096: [ParNew: 17067K->520K(18048K), 0.0004810 secs] 41472K->25029K(57984K), 0.0005120 secs] [Times: user=0.01 sys=0.00, real=0.00 secs] 
54.097: Total time for which application threads were stopped: 0.0028040 seconds, Stopping threads took: 0.0022190 seconds
54.133: Application time: 0.0360670 seconds
54.133: [GC54.133: [ParNew: 16478K->1548K(18048K), 0.0006050 secs] 40988K->26057K(57984K), 0.0006330 secs] [Times: user=0.01 sys=0.00, real=0.00 secs] 
54.134: Total time for which application threads were stopped: 0.0007520 seconds, Stopping threads took: 0.0000640 seconds
54.172: Application time: 0.0382970 seconds
54.172: [GC54.172: [ParNew: 17510K->1546K(18048K), 0.0007790 secs] 42020K->26567K(57984K), 0.0008100 secs] [Times: user=0.01 sys=0.00, real=0.00 secs] 
54.173: Total time for which application threads were stopped: 0.0009420 seconds, Stopping threads took: 0.0000660 seconds
54.214: Application time: 0.0406530 seconds
54.214: [GC54.214: [ParNew: 17595K->1576K(18048K), 0.0006940 secs] 42617K->26597K(57984K), 0.0007230 secs] [Times: user=0.01 sys=0.00, real=0.00 secs] 
54.214: Total time for which application threads were stopped: 0.0008520 seconds, Stopping threads took: 0.0000680 seconds
54.252: Application time: 0.0379870 seconds
54.253: [GC54.253: [ParNew: 17547K->1032K(18048K), 0.0006100 secs] 42568K->26109K(57984K), 0.0006390 secs] [Times: user=0.00 sys=0.00, real=0.00 secs] 
54.253: Total time for which application threads were stopped: 0.0007620 seconds, Stopping threads took: 0.0000560 seconds
54.291: Application time: 0.0376400 seconds
54.291: [GC54.291: [ParNew: 17068K->1578K(18048K), 0.0006310 secs] 42146K->26656K(57984K), 0.0006620 secs] [Times: user=0.00 sys=0.00, real=0.00 secs] 
54.292: Total time for which application threads were stopped: 0.0008380 seconds, Stopping threads took: 0.0001150 seconds
54.332: Application time: 0.0404180 seconds
54.332: [GC54.332: [ParNew: 17551K->1034K(18048K), 0.0005020 secs] 42628K->26167K(57984K), 0.0005310 secs] [Times: user=0.00 sys=0.00, real=0.00 secs] 
54.333: Total time for which application threads were stopped: 0.0006610 seconds, Stopping threads took: 0.0000660 seconds
54.370: Application time: 0.0368500 seconds
54.370: [GC54.370: [ParNew: 16996K->1038K(18048K), 0.0004860 secs] 42130K->26172K(57984K), 0.0005240 secs] [Times: user=0.01 sys=0.00, real=0.00 secs] 
54.370: Total time for which application threads were stopped: 0.0006670 seconds, Stopping threads took: 0.0000830 seconds
54.409: Application time: 0.0386160 seconds
54.409: [GC54.409: [ParNew: 17002K->1548K(18048K), 0.0007250 secs] 42136K->26682K(57984K), 0.0007530 secs] [Times: user=0.00 sys=0.00, real=0.00 secs] 
54.410: Total time for which application threads were stopped: 0.0009250 seconds, Stopping threads took: 0.0001130 seconds
54.448: Application time: 0.0379220 seconds
54.448: [GC54.448: [ParNew: 17510K->1546K(18048K), 0.0006850 secs] 42644K->26679K(57984K), 0.0007150 secs] [Times: user=0.01 sys=0.00, real=0.00 secs] 
54.449: Total time for which application threads were stopped: 0.0008550 seconds, Stopping threads took: 0.0000790 seconds
54.487: Application time: 0.0388830 seconds
54.488: [GC54.488: [ParNew: 17597K->554K(18048K), 0.0003260 secs] 42730K->25688K(57984K), 0.0003550 secs] [Times: user=0.00 sys=0.00, real=0.00 secs] 
54.488: Total time for which application threads were stopped: 0.0004890 seconds, Stopping threads took: 0.0000760 seconds
54.526: Application time: 0.0383170 seconds
54.526: [GC54.526: [ParNew: 16605K->72K(18048K), 0.0002540 secs] 41739K->25206K(57984K), 0.0002820 secs] [Times: user=0.00 sys=0.00, real=0.00 secs] 
54.527: Total time for which application threads were stopped: 0.0004420 seconds, Stopping threads took: 0.0001010 seconds
54.562: Application time: 0.0350360 seconds
54.562: [GC54.562: [ParNew: 16013K->1608K(18048K), 0.0010980 secs] 41147K->28278K(57984K), 0.0011300 secs] [Times: user=0.01 sys=0.00, real=0.00 secs] 
54.563: Total time for which application threads were stopped: 0.0012630 seconds, Stopping threads took: 0.0000700 seconds
54.602: Application time: 0.0385330 seconds
54.602: [GC54.602: [ParNew: 17219K->1608K(18048K), 0.0009480 secs] 43889K->29402K(57984K), 0.0009780 secs] [Times: user=0.00 sys=0.00, real=0.00 secs] 
54.603: Total time for which application threads were stopped: 0.0011110 seconds, Stopping threads took: 0.0000720 seconds
54.642: Application time: 0.0393130 seconds
54.642: [GC54.642: [ParNew: 17579K->1546K(18048K), 0.0008790 secs] 45373K->29956K(57984K), 0.0009100 secs] [Times: user=0.00 sys=0.00, real=0.00 secs] 
54.643: Total time for which application threads were stopped: 0.0010390 seconds, Stopping threads took: 0.0000660 seconds
54.682: Application time: 0.0391200 seconds
54.682: [GC54.682: [ParNew: 17510K->1548K(18048K), 0.0008710 secs] 45920K->30470K(57984K), 0.0009000 secs] [Times: user=0.01 sys=0.00, real=0.00 secs] 
54.683: Total time for which application threads were stopped: 0.0010440 seconds, Stopping threads took: 0.0000830 seconds
54.721: Application time: 0.0382370 seconds
54.722: [GC54.722: [ParNew: 17155K->1608K(18048K), 0.0008490 secs] 46077K->31042K(57984K), 0.0008800 secs] [Times: user=0.01 sys=0.00, real=0.00 secs] 
54.722: Total time for which application threads were stopped: 0.0010240 seconds, Stopping threads took: 0.0000840 seconds
54.762: Application time: 0.0398330 seconds
54.762: [GC54.762: [ParNew: 17581K->1032K(18048K), 0.0004850 secs] 47015K->30570K(57984K), 0.0005130 secs] [Times: user=0.01 sys=0.00, real=0.00 secs] 
54.763: Total time for which application threads were stopped: 0.0006360 seconds, Stopping threads took: 0.0000640 seconds
54.802: Application time: 0.0395250 seconds
54.803: [GC54.803: [ParNew: 17002K->522K(18048K), 0.0003420 secs] 46541K->30060K(57984K), 0.0003700 secs] [Times: user=0.01 sys=0.00, real=0.00 secs] 
54.803: Total time for which application threads were stopped: 0.0005070 seconds, Stopping threads took: 0.0000800 seconds
54.841: Application time: 0.0383600 seconds
54.841: [GC54.841: [ParNew: 16492K->8K(18048K), 0.0002760 secs] 46031K->29546K(57984K), 0.0003020 secs] [Times: user=0.01 sys=0.00, real=0.00 secs] 
54.842: Total time for which application threads were stopped: 0.0004260 seconds, Stopping threads took: 0.0000640 seconds
54.877: Application time: 0.0352360 seconds
54.877: [GC54.877: [ParNew: 15949K->1550K(18048K), 0.0011570 secs] 45488K->32624K(57984K), 0.0012000 secs] [Times: user=0.01 sys=0.00, real=0.01 secs] 
54.878: Total time for which application threads were stopped: 0.0013420 seconds, Stopping threads took: 0.0000770 seconds
54.918: Application time: 0.0396550 seconds
54.918: [GC54.918: [ParNew: 17599K->1580K(18048K), 0.0010430 secs] 48673K->33678K(57984K), 0.0010760 secs] [Times: user=0.01 sys=0.00, real=0.00 secs] 
54.919: Total time for which application threads were stopped: 0.0011990 seconds, Stopping threads took: 0.0000600 seconds
54.958: Application time: 0.0384570 seconds
54.958: [GC54.958: [ParNew: 17629K->1578K(18048K), 0.0009070 secs] 49727K->34252K(57984K), 0.0009360 secs] [Times: user=0.00 sys=0.00, real=0.00 secs] 
54.959: Total time for which application threads were stopped: 0.0010560 seconds, Stopping threads took: 0.0000580 seconds
54.998: Application time: 0.0397230 seconds
54.999: [GC54.999: [ParNew: 17549K->1546K(18048K), 0.0006280 secs] 50223K->34284K(57984K), 0.0006570 secs] [Times: user=0.01 sys=0.00, real=0.00 secs] 
54.999: Total time for which application threads were stopped: 0.0007780 seconds, Stopping threads took: 0.0000600 seconds
55.039: Application time: 0.0394700 seconds
55.039: [GC55.039: [ParNew: 17516K->1034K(18048K), 0.0005140 secs] 50255K->33772K(57984K), 0.0005410 secs] [Times: user=0.00 sys=0.00, real=0.00 secs] 
55.039: Total time for which application threads were stopped: 0.0006550 seconds, Stopping threads took: 0.0000560 seconds
55.077: Application time: 0.0376330 seconds
55.077: [GC55.077: [ParNew: 17000K->1030K(18048K), 0.0005660 secs] 49739K->33768K(57984K), 0.0005980 secs] [Times: user=0.00 sys=0.00, real=0.01 secs] 
55.078: Total time for which application threads were stopped: 0.0007680 seconds, Stopping threads took: 0.0001110 seconds
55.115: Application time: 0.0373200 seconds
55.115: [GC55.115: [ParNew: 17066K->1578K(18048K), 0.0008290 secs] 49805K->34828K(57984K), 0.0008600 secs] [Times: user=0.00 sys=0.00, real=0.00 secs] 
55.116: Total time for which application threads were stopped: 0.0009980 seconds, Stopping threads took: 0.0000740 seconds
55.155: Application time: 0.0389980 seconds
55.155: [GC55.155: [ParNew: 17544K->1546K(18048K), 0.0008690 secs] 50795K->35372K(57984K), 0.0008990 secs] [Times: user=0.01 sys=0.00, real=0.00 secs] 
55.156: Total time for which application threads were stopped: 0.0010260 seconds, Stopping threads took: 0.0000640 seconds
55.195: Application time: 0.0386100 seconds
55.195: [GC55.195: [ParNew: 17595K->1578K(18048K), 0.0007020 secs] 51421K->35404K(57984K), 0.0007340 secs] [Times: user=0.00 sys=0.00, real=0.00 secs] 
55.196: Total time for which application threads were stopped: 0.0008540 seconds, Stopping threads took: 0.0000590 seconds
55.235: Application time: 0.0391050 seconds
55.235: [GC55.235: [ParNew: 17623K->1578K(18048K), 0.0007260 secs] 51449K->35452K(57984K), 0.0007530 secs] [Times: user=0.01 sys=0.00, real=0.00 secs] 
55.236: Total time for which application threads were stopped: 0.0008700 seconds, Stopping threads took: 0.0000570 seconds
55.274: Application time: 0.0386160 seconds
55.274: [GC55.274: [ParNew: 17627K->1064K(18048K), 0.0005590 secs] 51501K->35002K(57984K), 0.0005880 secs] [Times: user=0.00 sys=0.00, real=0.00 secs] 
55.275: Total time for which application threads were stopped: 0.0007870 seconds, Stopping threads took: 0.0001400 seconds
55.314: Application time: 0.0390340 seconds
55.314: [GC55.314: [ParNew: 17026K->1546K(18048K), 0.0006960 secs] 50965K->35548K(57984K), 0.0007250 secs] [Times: user=0.01 sys=0.00, real=0.00 secs] 
55.315: Total time for which application threads were stopped: 0.0008660 seconds, Stopping threads took: 0.0000810 seconds
55.353: Application time: 0.0381360 seconds
55.353: [GC55.353: [ParNew: 17582K->1578K(18048K), 0.0009610 secs] 51585K->36604K(57984K), 0.0010060 secs] [Times: user=0.01 sys=0.01, real=0.00 secs] 
55.354: Total time for which application threads were stopped: 0.0011710 seconds, Stopping threads took: 0.0000880 seconds
55.394: Application time: 0.0401570 seconds
55.394: [GC55.394: [ParNew: 17625K->1578K(18048K), 0.0008030 secs] 52651K->37172K(57984K), 0.0008420 secs] [Times: user=0.00 sys=0.00, real=0.00 secs] 
55.395: Total time for which application threads were stopped: 0.0009660 seconds, Stopping threads took: 0.0000600 seconds
55.434: Application time: 0.0385720 seconds
55.434: [GC55.434: [ParNew: 17549K->1546K(18048K), 0.0006460 secs] 53143K->37204K(57984K), 0.0006760 secs] [Times: user=0.01 sys=0.00, real=0.00 secs] 
55.435: Total time for which application threads were stopped: 0.0008100 seconds, Stopping threads took: 0.0000710 seconds
55.473: Application time: 0.0378260 seconds
55.473: [GC55.473: [ParNew: 17512K->1034K(18048K), 0.0005520 secs] 53171K->36692K(57984K), 0.0005810 secs] [Times: user=0.00 sys=0.00, real=0.00 secs] 
55.473: Total time for which application threads were stopped: 0.0007530 seconds, Stopping threads took: 0.0001120 seconds
55.513: Application time: 0.0396750 seconds
55.513: [GC55.513: [ParNew: 17004K->524K(18048K), 0.0003670 secs] 52663K->36182K(57984K), 0.0003940 secs] [Times: user=0.00 sys=0.00, real=0.00 secs] 
55.513: Total time for which application threads were stopped: 0.0005250 seconds, Stopping threads took: 0.0000780 seconds
55.550: Application time: 0.0369410 seconds
55.551: [GC55.551: [ParNew: 16562K->1578K(18048K), 0.0006170 secs] 52221K->37236K(57984K), 0.0006480 secs] [Times: user=0.00 sys=0.00, real=0.00 secs] 
55.551: Total time for which application threads were stopped: 0.0007750 seconds, Stopping threads took: 0.0000670 seconds
55.589: Application time: 0.0382140 seconds
55.590: [GC55.590: [ParNew: 17615K->1578K(18048K), 0.0010310 secs] 53273K->38324K(57984K), 0.0010630 secs] [Times: user=0.00 sys=0.00, real=0.00 secs] 
55.591: Total time for which application threads were stopped: 0.0012120 seconds, Stopping threads took: 0.0000850 seconds
55.629: Application time: 0.0382640 seconds
55.629: [GC55.629: [ParNew: 17544K->1548K(18048K), 0.0009190 secs] 54291K->39382K(57984K), 0.0009500 secs] [Times: user=0.01 sys=0.00, real=0.00 secs] 
55.630: Total time for which application threads were stopped: 0.0010870 seconds, Stopping threads took: 0.0000740 seconds
55.667: Application time: 0.0367020 seconds
55.667: [GC55.667: [ParNew: 17519K->1546K(18048K), 0.0008200 secs] 55353K->39892K(57984K), 0.0008520 secs] [Times: user=0.01 sys=0.00, real=0.00 secs] 
55.668: Total time for which application threads were stopped: 0.0010150 seconds, Stopping threads took: 0.0001030 seconds
55.708: Application time: 0.0398660 seconds
55.708: [GC55.708: [ParNew: 17517K->1546K(18048K), 0.0006680 secs] 55863K->39892K(57984K), 0.0006980 secs] [Times: user=0.00 sys=0.00, real=0.00 secs] 
55.708: Total time for which application threads were stopped: 0.0008220 seconds, Stopping threads took: 0.0000630 seconds
55.747: Application time: 0.0391120 seconds
55.748: [GC55.748: [ParNew: 17508K->1544K(18048K), 0.0007880 secs] 55855K->40402K(57984K), 0.0008210 secs] [Times: user=0.00 sys=0.00, real=0.00 secs] 
55.748: Total time for which application threads were stopped: 0.0009550 seconds, Stopping threads took: 0.0000700 seconds
55.787: Application time: 0.0384120 seconds
55.787: [GC55.787: [ParNew: 17593K->1578K(18048K), 0.0006300 secs] 56452K->40436K(57984K), 0.0006580 secs] [Times: user=0.00 sys=0.00, real=0.00 secs] 
55.788: Total time for which application threads were stopped: 0.0008050 seconds, Stopping threads took: 0.0000880 seconds
55.825: Application time: 0.0374020 seconds
55.825: [GC55.825: [ParNew: 17619K->1580K(18048K), 0.0008320 secs] 56477K->41023K(57984K), 0.0008610 secs] [Times: user=0.01 sys=0.00, real=0.00 secs] 
55.826: Total time for which application threads were stopped: 0.0010100 seconds, Stopping threads took: 0.0000880 seconds
55.865: Application time: 0.0387960 seconds
55.865: [GC55.865: [ParNew: 17625K->1578K(18048K), 0.0008570 secs]55.866: [Tenured: 40018K->7518K(40452K), 0.0064880 secs] 57068K->7518K(58500K), [Perm : 5143K->5143K(21248K)], 0.0074180 secs] [Times: user=0.01 sys=0.00, real=0.01 secs] 
55.872: Total time for which application threads were stopped: 0.0075890 seconds, Stopping threads took: 0.0000880 seconds
55.914: Application time: 0.0410240 seconds
55.914: [GC55.914: [ParNew: 16051K->1068K(18048K), 0.0004570 secs] 23569K->8586K(57984K), 0.0004840 secs] [Times: user=0.01 sys=0.00, real=0.00 secs] 
55.914: Total time for which application threads were stopped: 0.0006030 seconds, Stopping threads took: 0.0000620 seconds
55.951: Application time: 0.0367640 seconds
55.951: [GC55.951: [ParNew: 17030K->1548K(18048K), 0.0006220 secs] 24549K->9130K(57984K), 0.0006510 secs] [Times: user=0.01 sys=0.00, real=0.00 secs] 
55.952: Total time for which application threads were stopped: 0.0007780 seconds, Stopping threads took: 0.0000680 seconds
55.990: Application time: 0.0387630 seconds
55.991: [GC55.991: [ParNew: 17584K->1580K(18048K), 0.0009600 secs] 25167K->10186K(57984K), 0.0009910 secs] [Times: user=0.00 sys=0.00, real=0.00 secs] 
55.992: Total time for which application threads were stopped: 0.0011130 seconds, Stopping threads took: 0.0000570 seconds
56.032: Application time: 0.0403630 seconds
56.032: [GC56.032: [ParNew: 17629K->1580K(18048K), 0.0007930 secs] 26235K->10754K(57984K), 0.0008240 secs] [Times: user=0.00 sys=0.00, real=0.00 secs] 
56.033: Total time for which application threads were stopped: 0.0009540 seconds, Stopping threads took: 0.0000680 seconds
56.071: Application time: 0.0384870 seconds
56.071: [GC56.071: [ParNew: 17551K->1546K(18048K), 0.0006330 secs] 26725K->10792K(57984K), 0.0006620 secs] [Times: user=0.00 sys=0.00, real=0.00 secs] 
56.072: Total time for which application threads were stopped: 0.0007910 seconds, Stopping threads took: 0.0000700 seconds
56.112: Application time: 0.0394190 seconds
56.112: [GC56.112: [ParNew: 17512K->1546K(18048K), 0.0006570 secs] 26759K->10792K(57984K), 0.0006850 secs] [Times: user=0.00 sys=0.00, real=0.00 secs] 
56.112: Total time for which application threads were stopped: 0.0008230 seconds, Stopping threads took: 0.0000810 seconds
56.151: Application time: 0.0385440 seconds
56.151: [GC56.151: [ParNew: 17500K->1548K(18048K), 0.0012680 secs] 26746K->12330K(57984K), 0.0013000 secs] [Times: user=0.01 sys=0.00, real=0.00 secs] 
56.152: Total time for which application threads were stopped: 0.0014390 seconds, Stopping threads took: 0.0000770 seconds
56.193: Application time: 0.0404400 seconds
56.193: [GC56.193: [ParNew: 17516K->1548K(18048K), 0.0007740 secs] 28299K->12842K(57984K), 0.0008040 secs] [Times: user=0.01 sys=0.00, real=0.00 secs] 
56.194: Total time for which application threads were stopped: 0.0010120 seconds, Stopping threads took: 0.0001470 seconds
56.235: Application time: 0.0406790 seconds
56.235: [GC56.235: [ParNew: 17591K->1578K(18048K), 0.0009570 secs] 28885K->13896K(57984K), 0.0009880 secs] [Times: user=0.00 sys=0.00, real=0.00 secs] 
56.236: Total time for which application threads were stopped: 0.0011110 seconds, Stopping threads took: 0.0000580 seconds
56.275: Application time: 0.0398030 seconds
56.276: [GC56.276: [ParNew: 17627K->1580K(18048K), 0.0007650 secs] 29945K->14482K(57984K), 0.0007970 secs] [Times: user=0.01 sys=0.00, real=0.00 secs] 
56.276: Total time for which application threads were stopped: 0.0009390 seconds, Stopping threads took: 0.0000800 seconds
56.316: Application time: 0.0399980 seconds
56.316: [GC56.316: [ParNew: 17551K->1548K(18048K), 0.0005900 secs] 30453K->14522K(57984K), 0.0006210 secs] [Times: user=0.00 sys=0.00, real=0.00 secs] 
56.317: Total time for which application threads were stopped: 0.0007430 seconds, Stopping threads took: 0.0000610 seconds
56.357: Application time: 0.0400690 seconds
56.357: [GC56.357: [ParNew: 17521K->524K(18048K), 0.0003190 secs] 30495K->13498K(57984K), 0.0003440 secs] [Times: user=0.00 sys=0.00, real=0.00 secs] 
56.358: Total time for which application threads were stopped: 0.0005870 seconds, Stopping threads took: 0.0001880 seconds
56.395: Application time: 0.0376440 seconds
56.396: [GC56.396: [ParNew: 16486K->1032K(18048K), 0.0004430 secs] 29461K->14006K(57984K), 0.0004810 secs] [Times: user=0.00 sys=0.00, real=0.00 secs] 
56.396: Total time for which application threads were stopped: 0.0006980 seconds, Stopping threads took: 0.0001530 seconds
56.434: Application time: 0.0378170 seconds
56.434: [GC56.434: [ParNew: 17060K->1578K(18048K), 0.0012100 secs] 30035K->16088K(57984K), 0.0012440 secs] [Times: user=0.01 sys=0.00, real=0.00 secs] 
56.435: Total time for which application threads were stopped: 0.0014090 seconds, Stopping threads took: 0.0000990 seconds
56.475: Application time: 0.0399410 seconds
56.475: [GC56.475: [ParNew: 17551K->1546K(18048K), 0.0007840 secs] 32061K->16624K(57984K), 0.0008140 secs] [Times: user=0.00 sys=0.00, real=0.00 secs] 
56.476: Total time for which application threads were stopped: 0.0009360 seconds, Stopping threads took: 0.0000580 seconds
56.516: Application time: 0.0397540 seconds
56.516: [GC56.516: [ParNew: 17595K->1576K(18048K), 0.0006350 secs] 32674K->16654K(57984K), 0.0006620 secs] [Times: user=0.01 sys=0.00, real=0.00 secs] 
56.517: Total time for which application threads were stopped: 0.0007840 seconds, Stopping threads took: 0.0000640 seconds
56.555: Application time: 0.0387100 seconds
56.556: [GC56.556: [ParNew: 17625K->1064K(18048K), 0.0004550 secs] 32704K->16198K(57984K), 0.0004830 secs] [Times: user=0.00 sys=0.00, real=0.00 secs] 
56.556: Total time for which application threads were stopped: 0.0006010 seconds, Stopping threads took: 0.0000620 seconds
56.596: Application time: 0.0396400 seconds
56.596: [GC56.596: [ParNew: 17109K->1064K(18048K), 0.0005460 secs] 32243K->16255K(57984K), 0.0005750 secs] [Times: user=0.00 sys=0.00, real=0.00 secs] 
56.596: Total time for which application threads were stopped: 0.0006860 seconds, Stopping threads took: 0.0000520 seconds
56.634: Application time: 0.0372000 seconds
56.634: [GC56.634: [ParNew: 17018K->1546K(18048K), 0.0009780 secs] 32209K->17825K(57984K), 0.0010120 secs] [Times: user=0.00 sys=0.00, real=0.00 secs] 
56.635: Total time for which application threads were stopped: 0.0011350 seconds, Stopping threads took: 0.0000580 seconds
56.674: Application time: 0.0393300 seconds
56.677: [GC56.677: [ParNew: 17157K->1606K(18048K), 0.0008150 secs] 33436K->18397K(57984K), 0.0008460 secs] [Times: user=0.01 sys=0.00, real=0.00 secs] 
56.678: Total time for which application threads were stopped: 0.0040490 seconds, Stopping threads took: 0.0031400 seconds
56.719: Application time: 0.0408910 seconds
56.719: [GC56.719: [ParNew: 17577K->1548K(18048K), 0.0006100 secs] 34368K->18435K(57984K), 0.0006420 secs] [Times: user=0.00 sys=0.00, real=0.00 secs] 
56.720: Total time for which application threads were stopped: 0.0007600 seconds, Stopping threads took: 0.0000570 seconds
56.757: Application time: 0.0374340 seconds
56.757: [GC56.757: [ParNew: 17514K->1548K(18048K), 0.0005960 secs] 34401K->18435K(57984K), 0.0006280 secs] [Times: user=0.00 sys=0.00, real=0.00 secs] 
56.758: Total time for which application threads were stopped: 0.0007640 seconds, Stopping threads took: 0.0000760 seconds
56.797: Application time: 0.0391790 seconds
56.797: [GC56.797: [ParNew: 17506K->1546K(18048K), 0.0009430 secs] 34393K->19457K(57984K), 0.0009780 secs] [Times: user=0.01 sys=0.00, real=0.00 secs] 
56.798: Total time for which application threads were stopped: 0.0011070 seconds, Stopping threads took: 0.0000660 seconds
56.838: Application time: 0.0393670 seconds
56.838: [GC56.838: [ParNew: 17517K->1546K(18048K), 0.0007550 secs] 35428K->19969K(57984K), 0.0007840 secs] [Times: user=0.01 sys=0.00, real=0.00 secs] 
56.839: Total time for which application threads were stopped: 0.0009140 seconds, Stopping threads took: 0.0000700 seconds
56.878: Application time: 0.0396470 seconds
56.878: [GC56.878: [ParNew: 17595K->1576K(18048K), 0.0006780 secs] 36018K->19999K(57984K), 0.0007060 secs] [Times: user=0.01 sys=0.00, real=0.00 secs] 
56.879: Total time for which application threads were stopped: 0.0008230 seconds, Stopping threads took: 0.0000580 seconds
56.919: Application time: 0.0398910 seconds
56.919: [GC56.919: [ParNew: 17621K->1580K(18048K), 0.0006470 secs] 36044K->20067K(57984K), 0.0006850 secs] [Times: user=0.00 sys=0.00, real=0.00 secs] 
56.920: Total time for which application threads were stopped: 0.0008210 seconds, Stopping threads took: 0.0000680 seconds
56.959: Application time: 0.0387900 seconds
56.959: [GC56.959: [ParNew: 17542K->1546K(18048K), 0.0008090 secs] 36029K->20609K(57984K), 0.0008400 secs] [Times: user=0.01 sys=0.00, real=0.00 secs] 
56.960: Total time for which application threads were stopped: 0.0009630 seconds, Stopping threads took: 0.0000600 seconds
56.999: Application time: 0.0393900 seconds
56.999: [GC56.999: [ParNew: 17517K->1546K(18048K), 0.0006560 secs] 36580K->20609K(57984K), 0.0006810 secs] [Times: user=0.01 sys=0.00, real=0.00 secs] 
57.000: Total time for which application threads were stopped: 0.0008120 seconds, Stopping threads took: 0.0000710 seconds
57.038: Application time: 0.0387900 seconds
57.039: [GC57.039: [ParNew: 17516K->1034K(18048K), 0.0004590 secs] 36580K->20097K(57984K), 0.0004850 secs] [Times: user=0.00 sys=0.00, real=0.00 secs] 
57.039: Total time for which application threads were stopped: 0.0006020 seconds, Stopping threads took: 0.0000610 seconds
57.079: Application time: 0.0398610 seconds
57.079: [GC57.079: [ParNew: 17000K->1034K(18048K), 0.0004830 secs] 36063K->20097K(57984K), 0.0005090 secs] [Times: user=0.00 sys=0.00, real=0.00 secs] 
57.080: Total time for which application threads were stopped: 0.0006450 seconds, Stopping threads took: 0.0000810 seconds
57.116: Application time: 0.0359050 seconds
57.116: [GC57.116: [ParNew: 17062K->1578K(18048K), 0.0011230 secs] 36125K->22177K(57984K), 0.0011560 secs] [Times: user=0.01 sys=0.00, real=0.00 secs] 
57.117: Total time for which application threads were stopped: 0.0013350 seconds, Stopping threads took: 0.0001140 seconds
57.157: Application time: 0.0405440 seconds
57.158: [GC57.158: [ParNew: 17599K->1552K(18048K), 0.0008030 secs] 38198K->22735K(57984K), 0.0008310 secs] [Times: user=0.01 sys=0.00, real=0.00 secs] 
57.158: Total time for which application threads were stopped: 0.0010860 seconds, Stopping threads took: 0.0001940 seconds
57.198: Application time: 0.0395050 seconds
57.198: [GC57.198: [ParNew: 17544K->1576K(18048K), 0.0010590 secs] 38728K->23815K(57984K), 0.0010920 secs] [Times: user=0.01 sys=0.00, real=0.00 secs] 
57.199: Total time for which application threads were stopped: 0.0012280 seconds, Stopping threads took: 0.0000720 seconds
57.239: Application time: 0.0394280 seconds
57.239: [GC57.239: [ParNew: 17625K->1578K(18048K), 0.0007880 secs] 39864K->24377K(57984K), 0.0008200 secs] [Times: user=0.01 sys=0.00, real=0.00 secs] 
57.240: Total time for which application threads were stopped: 0.0009530 seconds, Stopping threads took: 0.0000700 seconds
57.279: Application time: 0.0398170 seconds
57.280: [GC57.280: [ParNew: 17625K->1576K(18048K), 0.0006430 secs] 40424K->24431K(57984K), 0.0006710 secs] [Times: user=0.01 sys=0.00, real=0.00 secs] 
57.280: Total time for which application threads were stopped: 0.0008180 seconds, Stopping threads took: 0.0000880 seconds
57.319: Application time: 0.0383530 seconds
57.319: [GC57.319: [ParNew: 17612K->1576K(18048K), 0.0009650 secs] 40468K->25519K(57984K), 0.0009970 secs] [Times: user=0.00 sys=0.00, real=0.00 secs] 
57.320: Total time for which application threads were stopped: 0.0011520 seconds, Stopping threads took: 0.0000910 seconds
57.360: Application time: 0.0407400 seconds
57.361: [GC57.361: [ParNew: 17629K->1062K(18048K), 0.0005690 secs] 41572K->25069K(57984K), 0.0015990 secs] [Times: user=0.00 sys=0.00, real=0.00 secs] 
57.362: Total time for which application threads were stopped: 0.0017230 seconds, Stopping threads took: 0.0000640 seconds
57.401: Application time: 0.0387850 seconds
57.401: [GC57.401: [ParNew: 17024K->1542K(18048K), 0.0006280 secs] 41032K->25621K(57984K), 0.0006550 secs] [Times: user=0.01 sys=0.00, real=0.00 secs] 
57.402: Total time for which application threads were stopped: 0.0008040 seconds, Stopping threads took: 0.0000900 seconds
57.441: Application time: 0.0394120 seconds
57.441: [GC57.441: [ParNew: 17514K->520K(18048K), 0.0003050 secs] 41594K->24599K(57984K), 0.0003390 secs] [Times: user=0.00 sys=0.00, real=0.00 secs] 
57.442: Total time for which application threads were stopped: 0.0005790 seconds, Stopping threads took: 0.0001740 seconds
57.480: Application time: 0.0380620 seconds
57.480: [GC57.480: [ParNew: 16470K->1548K(18048K), 0.0009780 secs] 40549K->26651K(57984K), 0.0010090 secs] [Times: user=0.01 sys=0.00, real=0.00 secs] 
57.481: Total time for which application threads were stopped: 0.0011400 seconds, Stopping threads took: 0.0000680 seconds
57.521: Application time: 0.0397100 seconds
57.521: [GC57.521: [ParNew: 17595K->1578K(18048K), 0.0006290 secs] 42698K->26681K(57984K), 0.0006570 secs] [Times: user=0.00 sys=0.00, real=0.00 secs] 
57.522: Total time for which application threads were stopped: 0.0008310 seconds, Stopping threads took: 0.0001140 seconds
57.560: Application time: 0.0386390 seconds
57.560: [GC57.560: [ParNew: 17540K->1548K(18048K), 0.0008090 secs] 42644K->27219K(57984K), 0.0008400 secs] [Times: user=0.01 sys=0.00, real=0.00 secs] 
57.561: Total time for which application threads were stopped: 0.0010200 seconds, Stopping threads took: 0.0001190 seconds
57.600: Application time: 0.0388560 seconds
57.600: [GC57.600: [ParNew: 17591K->1578K(18048K), 0.0009560 secs] 43262K->28273K(57984K), 0.0009870 secs] [Times: user=0.00 sys=0.00, real=0.00 secs] 
57.601: Total time for which application threads were stopped: 0.0011280 seconds, Stopping threads took: 0.0000770 seconds
57.641: Application time: 0.0398000 seconds
57.641: [GC57.641: [ParNew: 17546K->1548K(18048K), 0.0007910 secs] 44242K->28819K(57984K), 0.0008200 secs] [Times: user=0.01 sys=0.00, real=0.00 secs] 
57.642: Total time for which application threads were stopped: 0.0010350 seconds, Stopping threads took: 0.0001550 seconds
57.681: Application time: 0.0392020 seconds
57.681: [GC57.681: [ParNew: 17514K->1548K(18048K), 0.0007680 secs] 44786K->29331K(57984K), 0.0007970 secs] [Times: user=0.01 sys=0.00, real=0.00 secs] 
57.682: Total time for which application threads were stopped: 0.0009190 seconds, Stopping threads took: 0.0000600 seconds
57.721: Application time: 0.0393060 seconds
57.722: [GC57.722: [ParNew: 17514K->1548K(18048K), 0.0007670 secs] 45298K->29843K(57984K), 0.0007960 secs] [Times: user=0.01 sys=0.00, real=0.00 secs] 
57.722: Total time for which application threads were stopped: 0.0009160 seconds, Stopping threads took: 0.0000570 seconds
57.762: Application time: 0.0398670 seconds
57.762: [GC57.762: [ParNew: 17593K->1580K(18048K), 0.0007900 secs] 45888K->30387K(57984K), 0.0008190 secs] [Times: user=0.00 sys=0.00, real=0.00 secs] 
57.763: Total time for which application threads were stopped: 0.0009470 seconds, Stopping threads took: 0.0000660 seconds
57.803: Application time: 0.0400970 seconds
57.803: [GC57.803: [ParNew: 17551K->1546K(18048K), 0.0006010 secs] 46358K->30417K(57984K), 0.0006300 secs] [Times: user=0.01 sys=0.00, real=0.00 secs] 
57.804: Total time for which application threads were stopped: 0.0007490 seconds, Stopping threads took: 0.0000590 seconds
57.844: Application time: 0.0403360 seconds
57.845: [GC57.845: [ParNew: 17595K->1064K(18048K), 0.0005350 secs] 46467K->29935K(57984K), 0.0005610 secs] [Times: user=0.00 sys=0.00, real=0.00 secs] 
57.845: Total time for which application threads were stopped: 0.0006920 seconds, Stopping threads took: 0.0000760 seconds
57.886: Application time: 0.0407880 seconds
57.886: [GC57.886: [ParNew: 17035K->522K(18048K), 0.0003860 secs] 45906K->29457K(57984K), 0.0004130 secs] [Times: user=0.00 sys=0.00, real=0.00 secs] 
57.886: Total time for which application threads were stopped: 0.0005670 seconds, Stopping threads took: 0.0000990 seconds
57.925: Application time: 0.0390270 seconds
57.926: [GC57.926: [ParNew: 16133K->70K(18048K), 0.0002550 secs] 45068K->29005K(57984K), 0.0002790 secs] [Times: user=0.00 sys=0.00, real=0.00 secs] 
57.926: Total time for which application threads were stopped: 0.0003890 seconds, Stopping threads took: 0.0000590 seconds
57.963: Application time: 0.0371290 seconds
57.963: [GC57.963: [ParNew: 16014K->1606K(18048K), 0.0012430 secs] 44949K->32077K(57984K), 0.0012840 secs] [Times: user=0.01 sys=0.00, real=0.00 secs] 
57.964: Total time for which application threads were stopped: 0.0014270 seconds, Stopping threads took: 0.0000710 seconds
58.003: Application time: 0.0390420 seconds
58.004: [GC58.004: [ParNew: 17651K->1578K(18048K), 0.0011520 secs] 48123K->33674K(57984K), 0.0011870 secs] [Times: user=0.01 sys=0.00, real=0.00 secs] 
58.005: Total time for which application threads were stopped: 0.0013150 seconds, Stopping threads took: 0.0000640 seconds
58.044: Application time: 0.0394520 seconds
58.044: [GC58.044: [ParNew: 17627K->1578K(18048K), 0.0010270 secs] 49723K->34770K(57984K), 0.0010590 secs] [Times: user=0.01 sys=0.00, real=0.01 secs] 
58.045: Total time for which application threads were stopped: 0.0011850 seconds, Stopping threads took: 0.0000600 seconds
58.086: Application time: 0.0402720 seconds
58.086: [GC58.086: [ParNew: 17549K->1548K(18048K), 0.0008580 secs] 50741K->35324K(57984K), 0.0008850 secs] [Times: user=0.01 sys=0.00, real=0.00 secs] 
58.087: Total time for which application threads were stopped: 0.0010150 seconds, Stopping threads took: 0.0000700 seconds
58.127: Application time: 0.0401860 seconds
58.127: [GC58.127: [ParNew: 17514K->1546K(18048K), 0.0007890 secs] 51290K->35834K(57984K), 0.0008180 secs] [Times: user=0.00 sys=0.00, real=0.00 secs] 
58.128: Total time for which application threads were stopped: 0.0009560 seconds, Stopping threads took: 0.0000780 seconds
58.168: Application time: 0.0403200 seconds
58.168: [GC58.168: [ParNew: 17595K->1576K(18048K), 0.0006240 secs] 51883K->35864K(57984K), 0.0006510 secs] [Times: user=0.01 sys=0.00, real=0.00 secs] 
58.169: Total time for which application threads were stopped: 0.0007850 seconds, Stopping threads took: 0.0000780 seconds
58.210: Application time: 0.0406210 seconds
58.210: [GC58.210: [ParNew: 17547K->1034K(18048K), 0.0004730 secs] 51835K->35386K(57984K), 0.0005000 secs] [Times: user=0.01 sys=0.00, real=0.00 secs] 
58.210: Total time for which application threads were stopped: 0.0006110 seconds, Stopping threads took: 0.0000540 seconds
58.250: Application time: 0.0394480 seconds
58.250: [GC58.250: [ParNew: 17079K->1068K(18048K), 0.0004570 secs] 51431K->35420K(57984K), 0.0004830 secs] [Times: user=0.00 sys=0.00, real=0.00 secs] 
58.250: Total time for which application threads were stopped: 0.0006130 seconds, Stopping threads took: 0.0000730 seconds
58.290: Application time: 0.0401360 seconds
58.291: [GC58.291: [ParNew: 17039K->522K(18048K), 0.0003150 secs] 51391K->34930K(57984K), 0.0003420 secs] [Times: user=0.01 sys=0.00, real=0.00 secs] 
58.291: Total time for which application threads were stopped: 0.0004590 seconds, Stopping threads took: 0.0000630 seconds
58.330: Application time: 0.0394200 seconds
58.330: [GC58.330: [ParNew: 16488K->520K(18048K), 0.0003840 secs] 50896K->34928K(57984K), 0.0004110 secs] [Times: user=0.00 sys=0.00, real=0.00 secs] 
58.331: Total time for which application threads were stopped: 0.0005510 seconds, Stopping threads took: 0.0000850 seconds
58.366: Application time: 0.0353050 seconds
58.366: [GC58.366: [ParNew: 16466K->1548K(18048K), 0.0011480 secs] 50874K->37492K(57984K), 0.0011810 secs] [Times: user=0.01 sys=0.00, real=0.00 secs] 
58.367: Total time for which application threads were stopped: 0.0013140 seconds, Stopping threads took: 0.0000690 seconds
58.408: Application time: 0.0403470 seconds
58.408: [GC58.408: [ParNew: 17514K->1552K(18048K), 0.0011700 secs] 53458K->39032K(57984K), 0.0012040 secs] [Times: user=0.00 sys=0.00, real=0.00 secs] 
58.409: Total time for which application threads were stopped: 0.0013470 seconds, Stopping threads took: 0.0000700 seconds
58.448: Application time: 0.0392470 seconds
58.449: [GC58.449: [ParNew: 17597K->1578K(18048K), 0.0011760 secs] 55077K->40594K(57984K), 0.0012110 secs] [Times: user=0.01 sys=0.00, real=0.00 secs] 
58.450: Total time for which application threads were stopped: 0.0013730 seconds, Stopping threads took: 0.0000950 seconds
58.490: Application time: 0.0404080 seconds
58.490: [GC58.490: [ParNew: 17549K->17549K(18048K), 0.0000100 secs]58.490: [Tenured: 39016K->8202K(39936K), 0.0052900 secs] 56565K->8202K(57984K), [Perm : 5143K->5143K(21248K)], 0.0053550 secs] [Times: user=0.00 sys=0.00, real=0.00 secs] 
58.496: Total time for which application threads were stopped: 0.0055060 seconds, Stopping threads took: 0.0000730 seconds
58.536: Application time: 0.0404880 seconds
58.536: [GC58.536: [ParNew: 16049K->1578K(18048K), 0.0008040 secs] 24251K->10292K(57984K), 0.0008320 secs] [Times: user=0.00 sys=0.00, real=0.00 secs] 
58.537: Total time for which application threads were stopped: 0.0009770 seconds, Stopping threads took: 0.0000740 seconds
58.578: Application time: 0.0403640 seconds
58.578: [GC58.578: [ParNew: 17627K->1580K(18048K), 0.0006480 secs] 26342K->10367K(57984K), 0.0006760 secs] [Times: user=0.01 sys=0.00, real=0.00 secs] 
58.578: Total time for which application threads were stopped: 0.0008040 seconds, Stopping threads took: 0.0000710 seconds
58.617: Application time: 0.0382270 seconds
58.617: [GC58.617: [ParNew: 17625K->1578K(18048K), 0.0006950 secs] 26412K->10429K(57984K), 0.0007280 secs] [Times: user=0.00 sys=0.00, real=0.01 secs] 
58.617: Total time for which application threads were stopped: 0.0008590 seconds, Stopping threads took: 0.0000690 seconds
58.657: Application time: 0.0398070 seconds
58.657: [GC58.657: [ParNew: 17619K->1578K(18048K), 0.0008170 secs] 26469K->11005K(57984K), 0.0008480 secs] [Times: user=0.00 sys=0.00, real=0.00 secs] 
58.658: Total time for which application threads were stopped: 0.0009680 seconds, Stopping threads took: 0.0000570 seconds
58.697: Application time: 0.0392660 seconds
58.698: [GC58.698: [ParNew: 17627K->1576K(18048K), 0.0006380 secs] 27054K->11075K(57984K), 0.0006650 secs] [Times: user=0.00 sys=0.00, real=0.00 secs] 
58.698: Total time for which application threads were stopped: 0.0007840 seconds, Stopping threads took: 0.0000610 seconds
58.737: Application time: 0.0389230 seconds
58.737: [GC58.737: [ParNew: 17542K->1546K(18048K), 0.0006740 secs] 27041K->11109K(57984K), 0.0007030 secs] [Times: user=0.00 sys=0.00, real=0.00 secs] 
58.738: Total time for which application threads were stopped: 0.0008220 seconds, Stopping threads took: 0.0000610 seconds
58.777: Application time: 0.0389090 seconds
58.777: [GC58.777: [ParNew: 17508K->1548K(18048K), 0.0007600 secs] 27071K->11623K(57984K), 0.0007900 secs] [Times: user=0.01 sys=0.00, real=0.01 secs] 
58.778: Total time for which application threads were stopped: 0.0009250 seconds, Stopping threads took: 0.0000730 seconds
58.817: Application time: 0.0390630 seconds
58.817: [GC58.817: [ParNew: 17510K->1548K(18048K), 0.0010180 secs] 27585K->12647K(57984K), 0.0010490 secs] [Times: user=0.01 sys=0.00, real=0.01 secs] 
58.818: Total time for which application threads were stopped: 0.0011860 seconds, Stopping threads took: 0.0000740 seconds
58.859: Application time: 0.0405060 seconds
58.859: [GC58.859: [ParNew: 17599K->1576K(18048K), 0.0006760 secs] 28698K->12675K(57984K), 0.0007040 secs] [Times: user=0.00 sys=0.00, real=0.00 secs] 
58.859: Total time for which application threads were stopped: 0.0008160 seconds, Stopping threads took: 0.0000530 seconds
58.898: Application time: 0.0380900 seconds
58.898: [GC58.898: [ParNew: 17616K->1576K(18048K), 0.0008540 secs] 28715K->13259K(57984K), 0.0008830 secs] [Times: user=0.01 sys=0.00, real=0.00 secs] 
58.899: Total time for which application threads were stopped: 0.0010030 seconds, Stopping threads took: 0.0000590 seconds
58.939: Application time: 0.0405000 seconds
58.939: [GC58.939: [ParNew: 17547K->1546K(18048K), 0.0006010 secs] 29230K->13301K(57984K), 0.0006280 secs] [Times: user=0.01 sys=0.00, real=0.00 secs] 
58.940: Total time for which application threads were stopped: 0.0007520 seconds, Stopping threads took: 0.0000660 seconds
58.978: Application time: 0.0381660 seconds
58.978: [GC58.978: [ParNew: 17512K->1548K(18048K), 0.0006540 secs] 29267K->13303K(57984K), 0.0006910 secs] [Times: user=0.01 sys=0.00, real=0.00 secs] 
58.979: Total time for which application threads were stopped: 0.0008090 seconds, Stopping threads took: 0.0000580 seconds
59.018: Application time: 0.0396440 seconds
59.019: [GC59.019: [ParNew: 17510K->1546K(18048K), 0.0007640 secs] 29265K->13813K(57984K), 0.0007950 secs] [Times: user=0.00 sys=0.00, real=0.00 secs] 
59.019: Total time for which application threads were stopped: 0.0009320 seconds, Stopping threads took: 0.0000660 seconds
59.058: Application time: 0.0382210 seconds
59.058: [GC59.058: [ParNew: 17512K->1546K(18048K), 0.0007410 secs] 29779K->14325K(57984K), 0.0007690 secs] [Times: user=0.01 sys=0.00, real=0.00 secs] 
59.058: Total time for which application threads were stopped: 0.0008970 seconds, Stopping threads took: 0.0000670 seconds
59.098: Application time: 0.0396880 seconds
59.098: [GC59.098: [ParNew: 17591K->1578K(18048K), 0.0007980 secs] 30370K->14869K(57984K), 0.0008260 secs] [Times: user=0.01 sys=0.00, real=0.00 secs] 
59.099: Total time for which application threads were stopped: 0.0009510 seconds, Stopping threads took: 0.0000660 seconds
59.140: Application time: 0.0407430 seconds
59.140: [GC59.140: [ParNew: 17551K->1036K(18048K), 0.0004690 secs] 30842K->14399K(57984K), 0.0004970 secs] [Times: user=0.01 sys=0.00, real=0.00 secs] 
59.140: Total time for which application threads were stopped: 0.0006150 seconds, Stopping threads took: 0.0000590 seconds
59.179: Application time: 0.0388020 seconds
59.179: [GC59.179: [ParNew: 17002K->1034K(18048K), 0.0004320 secs] 30365K->14397K(57984K), 0.0004600 secs] [Times: user=0.00 sys=0.00, real=0.00 secs] 
59.180: Total time for which application threads were stopped: 0.0005930 seconds, Stopping threads took: 0.0000720 seconds
59.218: Application time: 0.0383090 seconds
59.218: [GC59.218: [ParNew: 17066K->1580K(18048K), 0.0009680 secs] 30429K->15967K(57984K), 0.0010020 secs] [Times: user=0.00 sys=0.00, real=0.00 secs] 
59.219: Total time for which application threads were stopped: 0.0011350 seconds, Stopping threads took: 0.0000680 seconds
59.260: Application time: 0.0407240 seconds
59.260: [GC59.260: [ParNew: 17629K->1578K(18048K), 0.0006350 secs] 32016K->16037K(57984K), 0.0006630 secs] [Times: user=0.00 sys=0.00, real=0.00 secs] 
59.261: Total time for which application threads were stopped: 0.0007800 seconds, Stopping threads took: 0.0000590 seconds
59.299: Application time: 0.0378220 seconds
59.299: [GC59.299: [ParNew: 17631K->1586K(18048K), 0.0006290 secs] 32090K->16101K(57984K), 0.0006580 secs] [Times: user=0.00 sys=0.00, real=0.00 secs] 
59.299: Total time for which application threads were stopped: 0.0007820 seconds, Stopping threads took: 0.0000640 seconds
59.339: Application time: 0.0396030 seconds
59.339: [GC59.339: [ParNew: 17623K->1574K(18048K), 0.0006120 secs] 32138K->16153K(57984K), 0.0006400 secs] [Times: user=0.00 sys=0.00, real=0.00 secs] 
59.340: Total time for which application threads were stopped: 0.0007660 seconds, Stopping threads took: 0.0000640 seconds
59.380: Application time: 0.0401180 seconds
59.380: [GC59.380: [ParNew: 17623K->1066K(18048K), 0.0004790 secs] 32202K->15701K(57984K), 0.0005060 secs] [Times: user=0.01 sys=0.00, real=0.00 secs] 
59.381: Total time for which application threads were stopped: 0.0006290 seconds, Stopping threads took: 0.0000660 seconds
59.420: Application time: 0.0391110 seconds
59.420: [GC59.420: [ParNew: 17028K->1548K(18048K), 0.0006870 secs] 31664K->16247K(57984K), 0.0007150 secs] [Times: user=0.00 sys=0.00, real=0.00 secs] 
59.421: Total time for which application threads were stopped: 0.0008380 seconds, Stopping threads took: 0.0000640 seconds
59.459: Application time: 0.0385450 seconds
59.459: [GC59.459: [ParNew: 17514K->1544K(18048K), 0.0007250 secs] 32214K->16243K(57984K), 0.0007520 secs] [Times: user=0.01 sys=0.00, real=0.00 secs] 
59.460: Total time for which application threads were stopped: 0.0008770 seconds, Stopping threads took: 0.0000650 seconds
59.498: Application time: 0.0381740 seconds
59.498: [GC59.498: [ParNew: 17588K->1578K(18048K), 0.0005990 secs] 32288K->16277K(57984K), 0.0006340 secs] [Times: user=0.01 sys=0.00, real=0.00 secs] 
59.499: Total time for which application threads were stopped: 0.0007560 seconds, Stopping threads took: 0.0000650 seconds
59.539: Application time: 0.0402360 seconds
59.539: [GC59.539: [ParNew: 17627K->1066K(18048K), 0.0004910 secs] 32326K->15821K(57984K), 0.0005180 secs] [Times: user=0.01 sys=0.00, real=0.00 secs] 
59.540: Total time for which application threads were stopped: 0.0006390 seconds, Stopping threads took: 0.0000570 seconds
59.579: Application time: 0.0394540 seconds
59.579: [GC59.579: [ParNew: 17032K->1032K(18048K), 0.0004700 secs] 31788K->15867K(57984K), 0.0004980 secs] [Times: user=0.01 sys=0.00, real=0.00 secs] 
59.580: Total time for which application threads were stopped: 0.0006090 seconds, Stopping threads took: 0.0000540 seconds
59.617: Application time: 0.0373480 seconds
59.617: [GC59.617: [ParNew: 16994K->1544K(18048K), 0.0005800 secs] 31830K->16379K(57984K), 0.0006080 secs] [Times: user=0.01 sys=0.00, real=0.00 secs] 
59.618: Total time for which application threads were stopped: 0.0007470 seconds, Stopping threads took: 0.0000800 seconds
59.658: Application time: 0.0404550 seconds
59.658: [GC59.658: [ParNew: 17514K->1036K(18048K), 0.0004810 secs] 32350K->15871K(57984K), 0.0005080 secs] [Times: user=0.00 sys=0.00, real=0.00 secs] 
59.659: Total time for which application threads were stopped: 0.0006240 seconds, Stopping threads took: 0.0000620 seconds
59.696: Application time: 0.0367640 seconds
59.696: [GC59.696: [ParNew: 16990K->1548K(18048K), 0.0010250 secs] 31825K->17407K(57984K), 0.0010550 secs] [Times: user=0.00 sys=0.00, real=0.00 secs] 
59.697: Total time for which application threads were stopped: 0.0012020 seconds, Stopping threads took: 0.0000860 seconds
59.736: Application time: 0.0389780 seconds
59.736: [GC59.736: [ParNew: 17514K->1548K(18048K), 0.0010190 secs] 33374K->18431K(57984K), 0.0010500 secs] [Times: user=0.01 sys=0.00, real=0.00 secs] 
59.737: Total time for which application threads were stopped: 0.0011870 seconds, Stopping threads took: 0.0000730 seconds
59.776: Application time: 0.0392220 seconds
59.776: [GC59.776: [ParNew: 17597K->1578K(18048K), 0.0007870 secs] 34480K->18973K(57984K), 0.0008180 secs] [Times: user=0.01 sys=0.00, real=0.01 secs] 
59.777: Total time for which application threads were stopped: 0.0009400 seconds, Stopping threads took: 0.0000590 seconds
59.818: Application time: 0.0403160 seconds
59.818: [GC59.818: [ParNew: 17549K->1546K(18048K), 0.0006690 secs] 34944K->18997K(57984K), 0.0006980 secs] [Times: user=0.00 sys=0.00, real=0.00 secs] 
59.818: Total time for which application threads were stopped: 0.0008230 seconds, Stopping threads took: 0.0000670 seconds
59.857: Application time: 0.0381770 seconds
59.857: [GC59.857: [ParNew: 17508K->1546K(18048K), 0.0007790 secs] 34960K->19509K(57984K), 0.0008090 secs] [Times: user=0.00 sys=0.00, real=0.01 secs] 
59.858: Total time for which application threads were stopped: 0.0009300 seconds, Stopping threads took: 0.0000610 seconds
59.897: Application time: 0.0398350 seconds
59.897: [GC59.897: [ParNew: 17591K->1574K(18048K), 0.0008550 secs] 35554K->20049K(57984K), 0.0008840 secs] [Times: user=0.00 sys=0.00, real=0.00 secs] 
59.898: Total time for which application threads were stopped: 0.0010060 seconds, Stopping threads took: 0.0000610 seconds
59.936: Application time: 0.0373550 seconds
59.936: [GC59.936: [ParNew: 17185K->1606K(18048K), 0.0006430 secs] 35660K->20145K(57984K), 0.0006710 secs] [Times: user=0.01 sys=0.00, real=0.00 secs] 
59.937: Total time for which application threads were stopped: 0.0008160 seconds, Stopping threads took: 0.0000860 seconds
59.977: Application time: 0.0403950 seconds
59.977: [GC59.977: [ParNew: 17655K->1066K(18048K), 0.0004940 secs] 36195K->19701K(57984K), 0.0005220 secs] [Times: user=0.00 sys=0.00, real=0.01 secs] 
59.978: Total time for which application threads were stopped: 0.0006500 seconds, Stopping threads took: 0.0000690 seconds
60.016: Application time: 0.0381120 seconds
60.016: [GC60.016: [ParNew: 17028K->1546K(18048K), 0.0006370 secs] 35664K->20245K(57984K), 0.0006730 secs] [Times: user=0.00 sys=0.00, real=0.00 secs] 
60.017: Total time for which application threads were stopped: 0.0007920 seconds, Stopping threads took: 0.0000580 seconds
60.055: Application time: 0.0389200 seconds
60.056: [GC60.056: [ParNew: 17595K->1064K(18048K), 0.0005220 secs] 36294K->19763K(57984K), 0.0005490 secs] [Times: user=0.01 sys=0.00, real=0.00 secs] 
60.056: Total time for which application threads were stopped: 0.0007070 seconds, Stopping threads took: 0.0000940 seconds
60.096: Application time: 0.0400690 seconds
60.096: [GC60.096: [ParNew: 17030K->1034K(18048K), 0.0005330 secs] 35730K->19797K(57984K), 0.0005590 secs] [Times: user=0.01 sys=0.00, real=0.00 secs] 
60.097: Total time for which application threads were stopped: 0.0006920 seconds, Stopping threads took: 0.0000740 seconds
60.134: Application time: 0.0372440 seconds
60.134: [GC60.134: [ParNew: 17070K->1578K(18048K), 0.0007720 secs] 35834K->20853K(57984K), 0.0008030 secs] [Times: user=0.00 sys=0.00, real=0.00 secs] 
60.135: Total time for which application threads were stopped: 0.0009230 seconds, Stopping threads took: 0.0000600 seconds
60.175: Application time: 0.0396310 seconds
60.175: [GC60.175: [ParNew: 17549K->1546K(18048K), 0.0007020 secs] 36824K->20893K(57984K), 0.0007330 secs] [Times: user=0.00 sys=0.00, real=0.00 secs] 
60.176: Total time for which application threads were stopped: 0.0008680 seconds, Stopping threads took: 0.0000740 seconds
60.215: Application time: 0.0397500 seconds
60.215: [GC60.215: [ParNew: 17597K->556K(18048K), 0.0003430 secs] 36945K->19903K(57984K), 0.0003700 secs] [Times: user=0.00 sys=0.00, real=0.00 secs] 
60.216: Total time for which application threads were stopped: 0.0004900 seconds, Stopping threads took: 0.0000660 seconds
60.255: Application time: 0.0387250 seconds
60.255: [GC60.255: [ParNew: 16514K->1576K(18048K), 0.0006990 secs] 35862K->20923K(57984K), 0.0007270 secs] [Times: user=0.01 sys=0.00, real=0.00 secs] 
60.255: Total time for which application threads were stopped: 0.0008510 seconds, Stopping threads took: 0.0000660 seconds
60.295: Application time: 0.0400890 seconds
60.296: [GC60.296: [ParNew: 17546K->522K(18048K), 0.0003930 secs] 36894K->19925K(57984K), 0.0004180 secs] [Times: user=0.01 sys=0.00, real=0.00 secs] 
60.296: Total time for which application threads were stopped: 0.0005380 seconds, Stopping threads took: 0.0000680 seconds
60.332: Application time: 0.0356540 seconds
60.332: [GC60.332: [ParNew: 16468K->1546K(18048K), 0.0010360 secs] 35871K->21973K(57984K), 0.0010660 secs] [Times: user=0.01 sys=0.00, real=0.00 secs] 
60.333: Total time for which application threads were stopped: 0.0012280 seconds, Stopping threads took: 0.0001010 seconds
60.373: Application time: 0.0398680 seconds
60.373: [GC60.373: [ParNew: 17510K->1550K(18048K), 0.0009490 secs] 37938K->23001K(57984K), 0.0009810 secs] [Times: user=0.00 sys=0.00, real=0.00 secs] 
60.374: Total time for which application threads were stopped: 0.0011790 seconds, Stopping threads took: 0.0001330 seconds
60.414: Application time: 0.0403150 seconds
60.414: [GC60.414: [ParNew: 17597K->1580K(18048K), 0.0009390 secs] 39049K->24056K(57984K), 0.0009710 secs] [Times: user=0.00 sys=0.00, real=0.00 secs] 
60.415: Total time for which application threads were stopped: 0.0011230 seconds, Stopping threads took: 0.0000880 seconds
60.454: Application time: 0.0381080 seconds
60.454: [GC60.454: [ParNew: 17551K->1550K(18048K), 0.0007720 secs] 40026K->24594K(57984K), 0.0008050 secs] [Times: user=0.00 sys=0.00, real=0.00 secs] 
60.454: Total time for which application threads were stopped: 0.0009370 seconds, Stopping threads took: 0.0000710 seconds
60.494: Application time: 0.0398710 seconds
60.494: [GC60.494: [ParNew: 17521K->1548K(18048K), 0.0006650 secs] 40564K->24592K(57984K), 0.0006930 secs] [Times: user=0.00 sys=0.00, real=0.00 secs] 
60.495: Total time for which application threads were stopped: 0.0008080 seconds, Stopping threads took: 0.0000570 seconds
60.536: Application time: 0.0404670 seconds
60.536: [GC60.536: [ParNew: 17597K->1064K(18048K), 0.0004540 secs] 40641K->24108K(57984K), 0.0004920 secs] [Times: user=0.00 sys=0.00, real=0.00 secs] 
60.536: Total time for which application threads were stopped: 0.0007010 seconds, Stopping threads took: 0.0001530 seconds
60.572: Application time: 0.0355420 seconds
60.572: [GC60.572: [ParNew: 17088K->1580K(18048K), 0.0013670 secs] 40132K->26728K(57984K), 0.0014030 secs] [Times: user=0.01 sys=0.00, real=0.00 secs] 
60.573: Total time for which application threads were stopped: 0.0015740 seconds, Stopping threads took: 0.0000990 seconds
60.614: Application time: 0.0409760 seconds
60.615: [GC60.615: [ParNew: 17199K->1606K(18048K), 0.0006340 secs] 42347K->26818K(57984K), 0.0006630 secs] [Times: user=0.01 sys=0.00, real=0.00 secs] 
60.615: Total time for which application threads were stopped: 0.0007820 seconds, Stopping threads took: 0.0000600 seconds
60.654: Application time: 0.0388410 seconds
60.654: [GC60.654: [ParNew: 17572K->1546K(18048K), 0.0006330 secs] 42785K->26862K(57984K), 0.0006610 secs] [Times: user=0.00 sys=0.00, real=0.00 secs] 
60.655: Total time for which application threads were stopped: 0.0007870 seconds, Stopping threads took: 0.0000660 seconds
60.695: Application time: 0.0397690 seconds
60.695: [GC60.695: [ParNew: 17595K->1068K(18048K), 0.0004800 secs] 42911K->26384K(57984K), 0.0005070 secs] [Times: user=0.00 sys=0.00, real=0.00 secs] 
60.695: Total time for which application threads were stopped: 0.0006170 seconds, Stopping threads took: 0.0000540 seconds
60.735: Application time: 0.0393200 seconds
60.735: [GC60.735: [ParNew: 17030K->1546K(18048K), 0.0006560 secs] 42346K->26926K(57984K), 0.0006850 secs] [Times: user=0.00 sys=0.00, real=0.00 secs] 
60.735: Total time for which application threads were stopped: 0.0008540 seconds, Stopping threads took: 0.0001060 seconds
60.776: Application time: 0.0401760 seconds
60.776: [GC60.776: [ParNew: 17589K->1578K(18048K), 0.0006550 secs] 42969K->26958K(57984K), 0.0006830 secs] [Times: user=0.01 sys=0.00, real=0.00 secs] 
60.776: Total time for which application threads were stopped: 0.0008770 seconds, Stopping threads took: 0.0001350 seconds
60.816: Application time: 0.0390970 seconds
60.816: [GC60.816: [ParNew: 17542K->1548K(18048K), 0.0008150 secs] 42922K->27496K(57984K), 0.0008460 secs] [Times: user=0.00 sys=0.00, real=0.00 secs] 
60.817: Total time for which application threads were stopped: 0.0009800 seconds, Stopping threads took: 0.0000720 seconds
60.854: Application time: 0.0377320 seconds
60.854: [GC60.854: [ParNew: 17597K->1576K(18048K), 0.0006310 secs] 43545K->27524K(57984K), 0.0006590 secs] [Times: user=0.00 sys=0.00, real=0.00 secs] 
60.855: Total time for which application threads were stopped: 0.0007800 seconds, Stopping threads took: 0.0000610 seconds
60.895: Application time: 0.0401080 seconds
60.895: [GC60.895: [ParNew: 17547K->1036K(18048K), 0.0004460 secs] 43495K->27048K(57984K), 0.0004730 secs] [Times: user=0.00 sys=0.00, real=0.00 secs] 
60.896: Total time for which application threads were stopped: 0.0005900 seconds, Stopping threads took: 0.0000590 seconds
60.935: Application time: 0.0393270 seconds
60.935: [GC60.935: [ParNew: 16998K->1546K(18048K), 0.0006090 secs] 43010K->27558K(57984K), 0.0006360 secs] [Times: user=0.00 sys=0.00, real=0.00 secs] 
60.936: Total time for which application threads were stopped: 0.0007650 seconds, Stopping threads took: 0.0000690 seconds
60.975: Application time: 0.0389200 seconds
60.975: [GC60.975: [ParNew: 17508K->1548K(18048K), 0.0007630 secs] 43520K->28072K(57984K), 0.0007930 secs] [Times: user=0.00 sys=0.00, real=0.00 secs] 
60.976: Total time for which application threads were stopped: 0.0009600 seconds, Stopping threads took: 0.0001060 seconds
61.015: Application time: 0.0387950 seconds
61.015: [GC61.015: [ParNew: 17514K->1548K(18048K), 0.0008120 secs] 44039K->28584K(57984K), 0.0008410 secs] [Times: user=0.01 sys=0.00, real=0.00 secs] 
61.016: Total time for which application threads were stopped: 0.0009790 seconds, Stopping threads took: 0.0000690 seconds
61.053: Application time: 0.0377810 seconds
61.053: [GC61.053: [ParNew: 17510K->1546K(18048K), 0.0009910 secs] 44546K->29606K(57984K), 0.0010250 secs] [Times: user=0.01 sys=0.00, real=0.00 secs] 
61.054: Total time for which application threads were stopped: 0.0011530 seconds, Stopping threads took: 0.0000600 seconds
61.093: Application time: 0.0387330 seconds
61.093: [GC61.093: [ParNew: 17591K->1576K(18048K), 0.0011560 secs] 45651K->30660K(57984K), 0.0012010 secs] [Times: user=0.00 sys=0.00, real=0.00 secs] 
61.095: Total time for which application threads were stopped: 0.0014800 seconds, Stopping threads took: 0.0001780 seconds
61.136: Application time: 0.0409880 seconds
61.136: [GC61.136: [ParNew: 17542K->1548K(18048K), 0.0010410 secs] 46627K->31720K(57984K), 0.0010740 secs] [Times: user=0.01 sys=0.00, real=0.00 secs] 
61.137: Total time for which application threads were stopped: 0.0012170 seconds, Stopping threads took: 0.0000780 seconds
61.175: Application time: 0.0378530 seconds
61.175: [GC61.175: [ParNew: 17519K->1548K(18048K), 0.0008520 secs] 47691K->32232K(57984K), 0.0008810 secs] [Times: user=0.00 sys=0.00, real=0.00 secs] 
61.176: Total time for which application threads were stopped: 0.0010230 seconds, Stopping threads took: 0.0000800 seconds
61.216: Application time: 0.0404500 seconds
61.216: [GC61.216: [ParNew: 17510K->1550K(18048K), 0.0007950 secs] 48195K->32746K(57984K), 0.0008250 secs] [Times: user=0.00 sys=0.00, real=0.00 secs] 
61.217: Total time for which application threads were stopped: 0.0009820 seconds, Stopping threads took: 0.0000870 seconds
61.255: Application time: 0.0379820 seconds
61.255: [GC61.255: [ParNew: 17161K->1606K(18048K), 0.0006200 secs] 48357K->32802K(57984K), 0.0006490 secs] [Times: user=0.00 sys=0.00, real=0.00 secs] 
61.256: Total time for which application threads were stopped: 0.0008420 seconds, Stopping threads took: 0.0001340 seconds
61.294: Application time: 0.0380180 seconds
61.294: [GC61.294: [ParNew: 17215K->1608K(18048K), 0.0006530 secs] 48412K->32900K(57984K), 0.0006830 secs] [Times: user=0.01 sys=0.00, real=0.00 secs] 
61.295: Total time for which application threads were stopped: 0.0008050 seconds, Stopping threads took: 0.0000590 seconds
61.334: Application time: 0.0395540 seconds
61.334: [GC61.335: [ParNew: 17570K->1548K(18048K), 0.0007990 secs] 48863K->33448K(57984K), 0.0008300 secs] [Times: user=0.01 sys=0.00, real=0.00 secs] 
61.335: Total time for which application threads were stopped: 0.0009520 seconds, Stopping threads took: 0.0000600 seconds
61.376: Application time: 0.0401690 seconds
61.376: [GC61.376: [ParNew: 17597K->1576K(18048K), 0.0006510 secs] 49497K->33476K(57984K), 0.0006780 secs] [Times: user=0.01 sys=0.00, real=0.00 secs] 
61.376: Total time for which application threads were stopped: 0.0008050 seconds, Stopping threads took: 0.0000670 seconds
61.415: Application time: 0.0386640 seconds
61.415: [GC61.415: [ParNew: 17621K->1578K(18048K), 0.0006550 secs] 49521K->33542K(57984K), 0.0006850 secs] [Times: user=0.00 sys=0.00, real=0.00 secs] 
61.416: Total time for which application threads were stopped: 0.0008040 seconds, Stopping threads took: 0.0000580 seconds
61.454: Application time: 0.0379060 seconds
61.454: [GC61.454: [ParNew: 17540K->1548K(18048K), 0.0007890 secs] 49505K->34080K(57984K), 0.0008190 secs] [Times: user=0.01 sys=0.00, real=0.00 secs] 
61.455: Total time for which application threads were stopped: 0.0010570 seconds, Stopping threads took: 0.0001760 seconds
61.495: Application time: 0.0403270 seconds
61.495: [GC61.495: [ParNew: 17514K->1546K(18048K), 0.0009160 secs] 50047K->34590K(57984K), 0.0009440 secs] [Times: user=0.01 sys=0.00, real=0.00 secs] 
61.496: Total time for which application threads were stopped: 0.0010710 seconds, Stopping threads took: 0.0000670 seconds
61.535: Application time: 0.0391310 seconds
61.535: [GC61.535: [ParNew: 17595K->1578K(18048K), 0.0006820 secs] 50639K->34622K(57984K), 0.0007090 secs] [Times: user=0.01 sys=0.00, real=0.00 secs] 
61.536: Total time for which application threads were stopped: 0.0008470 seconds, Stopping threads took: 0.0000720 seconds
61.575: Application time: 0.0388170 seconds
61.575: [GC61.575: [ParNew: 17544K->1546K(18048K), 0.0006850 secs] 50589K->34650K(57984K), 0.0007110 secs] [Times: user=0.00 sys=0.00, real=0.00 secs] 
61.576: Total time for which application threads were stopped: 0.0008350 seconds, Stopping threads took: 0.0000690 seconds
61.615: Application time: 0.0387850 seconds
61.615: [GC61.615: [ParNew: 17512K->1546K(18048K), 0.0006280 secs] 50617K->34650K(57984K), 0.0006540 secs] [Times: user=0.01 sys=0.00, real=0.00 secs] 
61.615: Total time for which application threads were stopped: 0.0007830 seconds, Stopping threads took: 0.0000630 seconds
61.654: Application time: 0.0386840 seconds
61.654: [GC61.654: [ParNew: 17504K->1546K(18048K), 0.0010060 secs] 50609K->35674K(57984K), 0.0010390 secs] [Times: user=0.01 sys=0.00, real=0.00 secs] 
61.655: Total time for which application threads were stopped: 0.0011780 seconds, Stopping threads took: 0.0000760 seconds
61.695: Application time: 0.0393630 seconds
61.695: [GC61.695: [ParNew: 17512K->1548K(18048K), 0.0010250 secs] 51641K->36700K(57984K), 0.0010560 secs] [Times: user=0.01 sys=0.00, real=0.00 secs] 
61.696: Total time for which application threads were stopped: 0.0011840 seconds, Stopping threads took: 0.0000640 seconds
61.735: Application time: 0.0396120 seconds
61.736: [GC61.736: [ParNew: 17519K->1548K(18048K), 0.0007660 secs] 52671K->37212K(57984K), 0.0007920 secs] [Times: user=0.01 sys=0.00, real=0.00 secs] 
61.736: Total time for which application threads were stopped: 0.0009390 seconds, Stopping threads took: 0.0000870 seconds
61.775: Application time: 0.0385310 seconds
61.775: [GC61.775: [ParNew: 17593K->1578K(18048K), 0.0008820 secs] 53257K->37754K(57984K), 0.0009120 secs] [Times: user=0.00 sys=0.00, real=0.00 secs] 
61.776: Total time for which application threads were stopped: 0.0010470 seconds, Stopping threads took: 0.0000720 seconds
61.815: Application time: 0.0395270 seconds
61.816: [GC61.816: [ParNew: 17544K->1546K(18048K), 0.0008050 secs] 53721K->38306K(57984K), 0.0008360 secs] [Times: user=0.01 sys=0.00, real=0.00 secs] 
61.816: Total time for which application threads were stopped: 0.0009640 seconds, Stopping threads took: 0.0000660 seconds
61.856: Application time: 0.0398250 seconds
61.856: [GC61.856: [ParNew: 17517K->1544K(18048K), 0.0006290 secs] 54277K->38304K(57984K), 0.0006560 secs] [Times: user=0.00 sys=0.00, real=0.00 secs] 
61.857: Total time for which application threads were stopped: 0.0007750 seconds, Stopping threads took: 0.0000590 seconds
61.897: Application time: 0.0402840 seconds
61.897: [GC61.897: [ParNew: 17514K->1034K(18048K), 0.0004680 secs] 54275K->37794K(57984K), 0.0004940 secs] [Times: user=0.00 sys=0.00, real=0.00 secs] 
61.898: Total time for which application threads were stopped: 0.0006080 seconds, Stopping threads took: 0.0000580 seconds
61.935: Application time: 0.0371070 seconds
61.935: [GC61.935: [ParNew: 16710K->1634K(18048K), 0.0007190 secs] 53471K->38395K(57984K), 0.0007470 secs] [Times: user=0.01 sys=0.00, real=0.00 secs] 
61.936: Total time for which application threads were stopped: 0.0009180 seconds, Stopping threads took: 0.0001110 seconds
61.975: Application time: 0.0392090 seconds
61.975: [GC61.975: [ParNew: 17683K->1576K(18048K), 0.0007070 secs] 54444K->38457K(57984K), 0.0007370 secs] [Times: user=0.01 sys=0.00, real=0.00 secs] 
61.976: Total time for which application threads were stopped: 0.0008690 seconds, Stopping threads took: 0.0000700 seconds
62.016: Application time: 0.0396740 seconds
62.016: [GC62.016: [ParNew: 17538K->1546K(18048K), 0.0008810 secs] 54419K->39003K(57984K), 0.0009100 secs] [Times: user=0.01 sys=0.00, real=0.00 secs] 
62.017: Total time for which application threads were stopped: 0.0010410 seconds, Stopping threads took: 0.0000670 seconds
62.055: Application time: 0.0385220 seconds
62.055: [GC62.055: [ParNew: 17157K->1608K(18048K), 0.0006400 secs] 54614K->39065K(57984K), 0.0006780 secs] [Times: user=0.00 sys=0.00, real=0.00 secs] 
62.056: Total time for which application threads were stopped: 0.0008050 seconds, Stopping threads took: 0.0000680 seconds
62.095: Application time: 0.0386130 seconds
62.095: [GC62.095: [ParNew: 17574K->1548K(18048K), 0.0008090 secs] 55031K->39101K(57984K), 0.0008450 secs] [Times: user=0.00 sys=0.00, real=0.00 secs] 
62.096: Total time for which application threads were stopped: 0.0010180 seconds, Stopping threads took: 0.0000930 seconds
62.137: Application time: 0.0412480 seconds
62.137: [GC62.137: [ParNew: 17519K->1034K(18048K), 0.0004510 secs] 55072K->38587K(57984K), 0.0004810 secs] [Times: user=0.00 sys=0.00, real=0.01 secs] 
62.138: Total time for which application threads were stopped: 0.0006170 seconds, Stopping threads took: 0.0000710 seconds
62.177: Application time: 0.0397480 seconds
62.177: [GC62.177: [ParNew: 17077K->1578K(18048K), 0.0006190 secs] 54630K->39131K(57984K), 0.0006470 secs] [Times: user=0.00 sys=0.00, real=0.00 secs] 
62.178: Total time for which application threads were stopped: 0.0007700 seconds, Stopping threads took: 0.0000650 seconds
62.218: Application time: 0.0398340 seconds
62.218: [GC62.218: [ParNew: 17549K->1036K(18048K), 0.0004600 secs] 55102K->38645K(57984K), 0.0004860 secs] [Times: user=0.00 sys=0.00, real=0.00 secs] 
62.219: Total time for which application threads were stopped: 0.0006120 seconds, Stopping threads took: 0.0000710 seconds
62.259: Application time: 0.0401280 seconds
62.261: [GC62.261: [ParNew: 17002K->1036K(18048K), 0.0006170 secs] 54611K->38645K(57984K), 0.0006420 secs] [Times: user=0.00 sys=0.00, real=0.00 secs] 
62.262: Total time for which application threads were stopped: 0.0032280 seconds, Stopping threads took: 0.0025300 seconds
62.300: Application time: 0.0381560 seconds
62.300: [GC62.300: [ParNew: 16994K->1550K(18048K), 0.0007730 secs] 54603K->39671K(57984K), 0.0008030 secs] [Times: user=0.00 sys=0.00, real=0.00 secs] 
62.301: Total time for which application threads were stopped: 0.0009700 seconds, Stopping threads took: 0.0001040 seconds
62.339: Application time: 0.0380290 seconds
62.339: [GC62.339: [ParNew: 17508K->1550K(18048K), 0.0011280 secs] 55629K->41207K(57984K), 0.0011610 secs] [Times: user=0.00 sys=0.00, real=0.00 secs] 
62.340: Total time for which application threads were stopped: 0.0012940 seconds, Stopping threads took: 0.0000660 seconds
62.380: Application time: 0.0397530 seconds
62.380: [GC62.380: [ParNew: 17521K->17521K(18048K), 0.0000180 secs]62.380: [Tenured: 39657K->8380K(39936K), 0.0053330 secs] 57178K->8380K(57984K), [Perm : 5144K->5144K(21248K)], 0.0054020 secs] [Times: user=0.01 sys=0.00, real=0.01 secs] 
62.386: Total time for which application threads were stopped: 0.0055360 seconds, Stopping threads took: 0.0000640 seconds
62.426: Application time: 0.0404040 seconds
62.426: [GC62.426: [ParNew: 16045K->1578K(18048K), 0.0010150 secs] 24425K->10982K(57984K), 0.0010490 secs] [Times: user=0.01 sys=0.00, real=0.00 secs] 
62.427: Total time for which application threads were stopped: 0.0011960 seconds, Stopping threads took: 0.0000820 seconds
62.468: Application time: 0.0404840 seconds
62.468: [GC62.468: [ParNew: 17551K->1546K(18048K), 0.0006260 secs] 26955K->11030K(57984K), 0.0006550 secs] [Times: user=0.01 sys=0.00, real=0.00 secs] 
62.469: Total time for which application threads were stopped: 0.0007840 seconds, Stopping threads took: 0.0000680 seconds
62.508: Application time: 0.0392930 seconds
62.508: [GC62.508: [ParNew: 17512K->1546K(18048K), 0.0005800 secs] 26997K->11030K(57984K), 0.0006090 secs] [Times: user=0.00 sys=0.00, real=0.00 secs] 
62.509: Total time for which application threads were stopped: 0.0007220 seconds, Stopping threads took: 0.0000540 seconds
62.548: Application time: 0.0393470 seconds
62.548: [GC62.548: [ParNew: 17512K->1548K(18048K), 0.0006100 secs] 26997K->11032K(57984K), 0.0006420 secs] [Times: user=0.00 sys=0.00, real=0.00 secs] 
62.549: Total time for which application threads were stopped: 0.0007860 seconds, Stopping threads took: 0.0000830 seconds
62.587: Application time: 0.0386000 seconds
62.587: [GC62.587: [ParNew: 17159K->1096K(18048K), 0.0004420 secs] 26643K->10580K(57984K), 0.0004770 secs] [Times: user=0.00 sys=0.00, real=0.00 secs] 
62.588: Total time for which application threads were stopped: 0.0005980 seconds, Stopping threads took: 0.0000640 seconds
62.626: Application time: 0.0381160 seconds
62.626: [GC62.626: [ParNew: 17137K->1578K(18048K), 0.0006490 secs] 26621K->11158K(57984K), 0.0006790 secs] [Times: user=0.00 sys=0.00, real=0.00 secs] 
62.627: Total time for which application threads were stopped: 0.0008060 seconds, Stopping threads took: 0.0000670 seconds
62.667: Application time: 0.0403690 seconds
62.667: [GC62.667: [ParNew: 17619K->1580K(18048K), 0.0006120 secs] 27199K->11216K(57984K), 0.0006390 secs] [Times: user=0.01 sys=0.00, real=0.00 secs] 
62.668: Total time for which application threads were stopped: 0.0008440 seconds, Stopping threads took: 0.0001370 seconds
62.706: Application time: 0.0377900 seconds
62.706: [GC62.706: [ParNew: 17193K->1094K(18048K), 0.0005540 secs] 26830K->10794K(57984K), 0.0005800 secs] [Times: user=0.00 sys=0.00, real=0.00 secs] 
62.707: Total time for which application threads were stopped: 0.0007160 seconds, Stopping threads took: 0.0000790 seconds
62.747: Application time: 0.0401370 seconds
62.747: [GC62.747: [ParNew: 17065K->520K(18048K), 0.0003360 secs] 26765K->10332K(57984K), 0.0003620 secs] [Times: user=0.00 sys=0.00, real=0.00 secs] 
62.747: Total time for which application threads were stopped: 0.0004650 seconds, Stopping threads took: 0.0000500 seconds
62.787: Application time: 0.0402590 seconds
62.788: [GC62.788: [ParNew: 16490K->10K(18048K), 0.0002310 secs] 26303K->9822K(57984K), 0.0002560 secs] [Times: user=0.01 sys=0.00, real=0.00 secs] 
62.788: Total time for which application threads were stopped: 0.0004400 seconds, Stopping threads took: 0.0001310 seconds
62.824: Application time: 0.0360730 seconds
62.824: [GC62.824: [ParNew: 16030K->1578K(18048K), 0.0011100 secs] 25842K->12926K(57984K), 0.0011450 secs] [Times: user=0.01 sys=0.00, real=0.01 secs] 
62.825: Total time for which application threads were stopped: 0.0012850 seconds, Stopping threads took: 0.0000750 seconds
62.866: Application time: 0.0404890 seconds
62.866: [GC62.866: [ParNew: 17551K->1546K(18048K), 0.0008050 secs] 28899K->13470K(57984K), 0.0008330 secs] [Times: user=0.01 sys=0.00, real=0.00 secs] 
62.867: Total time for which application threads were stopped: 0.0009640 seconds, Stopping threads took: 0.0000720 seconds
62.906: Application time: 0.0396370 seconds
62.906: [GC62.906: [ParNew: 17512K->1546K(18048K), 0.0007540 secs] 29437K->13982K(57984K), 0.0007840 secs] [Times: user=0.01 sys=0.00, real=0.00 secs] 
62.907: Total time for which application threads were stopped: 0.0009170 seconds, Stopping threads took: 0.0000710 seconds
62.947: Application time: 0.0395260 seconds
62.947: [GC62.947: [ParNew: 17517K->1546K(18048K), 0.0006330 secs] 29953K->13982K(57984K), 0.0006620 secs] [Times: user=0.01 sys=0.00, real=0.00 secs] 
62.948: Total time for which application threads were stopped: 0.0007910 seconds, Stopping threads took: 0.0000700 seconds
62.987: Application time: 0.0390380 seconds
62.987: [GC62.987: [ParNew: 17512K->1546K(18048K), 0.0006610 secs] 29949K->13982K(57984K), 0.0006910 secs] [Times: user=0.00 sys=0.00, real=0.00 secs] 
62.987: Total time for which application threads were stopped: 0.0008360 seconds, Stopping threads took: 0.0000860 seconds
63.028: Application time: 0.0401820 seconds
63.028: [GC63.028: [ParNew: 17516K->1030K(18048K), 0.0009490 secs] 29953K->13466K(57984K), 0.0010310 secs] [Times: user=0.00 sys=0.00, real=0.00 secs] 
63.029: Total time for which application threads were stopped: 0.0014810 seconds, Stopping threads took: 0.0002500 seconds
63.071: Application time: 0.0414450 seconds
63.071: [GC63.071: [ParNew: 16994K->1032K(18048K), 0.0005200 secs] 29431K->13468K(57984K), 0.0005480 secs] [Times: user=0.00 sys=0.00, real=0.00 secs] 
63.071: Total time for which application threads were stopped: 0.0006600 seconds, Stopping threads took: 0.0000550 seconds
63.109: Application time: 0.0382660 seconds
63.110: [GC63.110: [ParNew: 17072K->1578K(18048K), 0.0006300 secs] 29509K->14014K(57984K), 0.0006660 secs] [Times: user=0.01 sys=0.00, real=0.00 secs] 
63.110: Total time for which application threads were stopped: 0.0007770 seconds, Stopping threads took: 0.0000520 seconds
63.150: Application time: 0.0394730 seconds
63.150: [GC63.150: [ParNew: 17540K->1546K(18048K), 0.0008240 secs] 29977K->14550K(57984K), 0.0008560 secs] [Times: user=0.01 sys=0.00, real=0.00 secs] 
63.151: Total time for which application threads were stopped: 0.0009760 seconds, Stopping threads took: 0.0000590 seconds
63.189: Application time: 0.0386430 seconds
63.189: [GC63.189: [ParNew: 17510K->1552K(18048K), 0.0008500 secs] 30515K->15068K(57984K), 0.0008800 secs] [Times: user=0.01 sys=0.00, real=0.00 secs] 
63.190: Total time for which application threads were stopped: 0.0010100 seconds, Stopping threads took: 0.0000590 seconds
63.231: Application time: 0.0404480 seconds
63.231: [GC63.231: [ParNew: 17525K->526K(18048K), 0.0003910 secs] 31041K->14042K(57984K), 0.0004180 secs] [Times: user=0.01 sys=0.00, real=0.00 secs] 
63.231: Total time for which application threads were stopped: 0.0005940 seconds, Stopping threads took: 0.0001240 seconds
63.268: Application time: 0.0365630 seconds
63.268: [GC63.268: [ParNew: 16198K->1634K(18048K), 0.0010560 secs] 29715K->16175K(57984K), 0.0010880 secs] [Times: user=0.01 sys=0.00, real=0.00 secs] 
63.269: Total time for which application threads were stopped: 0.0012220 seconds, Stopping threads took: 0.0000710 seconds
63.310: Application time: 0.0406700 seconds
63.310: [GC63.310: [ParNew: 17601K->1548K(18048K), 0.0009770 secs] 32141K->17249K(57984K), 0.0010090 secs] [Times: user=0.01 sys=0.00, real=0.00 secs] 
63.311: Total time for which application threads were stopped: 0.0011470 seconds, Stopping threads took: 0.0000750 seconds
63.350: Application time: 0.0386910 seconds
63.350: [GC63.350: [ParNew: 17163K->1608K(18048K), 0.0006320 secs] 32864K->17309K(57984K), 0.0006610 secs] [Times: user=0.00 sys=0.00, real=0.00 secs] 
63.351: Total time for which application threads were stopped: 0.0007870 seconds, Stopping threads took: 0.0000650 seconds
63.390: Application time: 0.0399780 seconds
63.391: [GC63.391: [ParNew: 17653K->1578K(18048K), 0.0006330 secs] 33354K->17383K(57984K), 0.0006620 secs] [Times: user=0.00 sys=0.00, real=0.00 secs] 
63.391: Total time for which application threads were stopped: 0.0007830 seconds, Stopping threads took: 0.0000630 seconds
63.431: Application time: 0.0396310 seconds
63.431: [GC63.431: [ParNew: 17549K->1034K(18048K), 0.0004370 secs] 33354K->16911K(57984K), 0.0004650 secs] [Times: user=0.00 sys=0.00, real=0.00 secs] 
63.431: Total time for which application threads were stopped: 0.0005850 seconds, Stopping threads took: 0.0000620 seconds
63.470: Application time: 0.0381500 seconds
63.470: [GC63.470: [ParNew: 17070K->1580K(18048K), 0.0007720 secs] 32947K->17969K(57984K), 0.0007980 secs] [Times: user=0.00 sys=0.00, real=0.00 secs] 
63.471: Total time for which application threads were stopped: 0.0009350 seconds, Stopping threads took: 0.0000740 seconds
63.509: Application time: 0.0380360 seconds
63.509: [GC63.509: [ParNew: 17546K->1546K(18048K), 0.0008220 secs] 33936K->18511K(57984K), 0.0008490 secs] [Times: user=0.00 sys=0.00, real=0.00 secs] 
63.510: Total time for which application threads were stopped: 0.0009710 seconds, Stopping threads took: 0.0000600 seconds
63.550: Application time: 0.0400580 seconds
63.550: [GC63.550: [ParNew: 17517K->1544K(18048K), 0.0006400 secs] 34482K->18509K(57984K), 0.0006690 secs] [Times: user=0.00 sys=0.00, real=0.00 secs] 
63.550: Total time for which application threads were stopped: 0.0007840 seconds, Stopping threads took: 0.0000560 seconds
63.590: Application time: 0.0395040 seconds
63.590: [GC63.590: [ParNew: 17514K->1032K(18048K), 0.0004310 secs] 34480K->17997K(57984K), 0.0004560 secs] [Times: user=0.00 sys=0.00, real=0.00 secs] 
63.591: Total time for which application threads were stopped: 0.0005830 seconds, Stopping threads took: 0.0000620 seconds
63.629: Application time: 0.0387700 seconds
63.629: [GC63.629: [ParNew: 17002K->522K(18048K), 0.0003200 secs] 33968K->17487K(57984K), 0.0003470 secs] [Times: user=0.00 sys=0.00, real=0.00 secs] 
63.630: Total time for which application threads were stopped: 0.0004680 seconds, Stopping threads took: 0.0000660 seconds
63.670: Application time: 0.0401730 seconds
63.670: [GC63.670: [ParNew: 16488K->520K(18048K), 0.0003120 secs] 33453K->17485K(57984K), 0.0003390 secs] [Times: user=0.00 sys=0.00, real=0.00 secs] 
63.670: Total time for which application threads were stopped: 0.0004420 seconds, Stopping threads took: 0.0000470 seconds
63.706: Application time: 0.0352750 seconds
63.706: [GC63.706: [ParNew: 16470K->1550K(18048K), 0.0010090 secs] 33435K->19539K(57984K), 0.0010400 secs] [Times: user=0.01 sys=0.00, real=0.00 secs] 
63.707: Total time for which application threads were stopped: 0.0012590 seconds, Stopping threads took: 0.0001500 seconds
63.747: Application time: 0.0402860 seconds
63.747: [GC63.747: [ParNew: 17525K->1034K(18048K), 0.0005460 secs] 35514K->19023K(57984K), 0.0005730 secs] [Times: user=0.01 sys=0.00, real=0.00 secs] 
63.748: Total time for which application threads were stopped: 0.0007370 seconds, Stopping threads took: 0.0001060 seconds
63.788: Application time: 0.0402300 seconds
63.788: [GC63.788: [ParNew: 17072K->1578K(18048K), 0.0006510 secs] 35062K->19567K(57984K), 0.0006800 secs] [Times: user=0.01 sys=0.00, real=0.00 secs] 
63.789: Total time for which application threads were stopped: 0.0008140 seconds, Stopping threads took: 0.0000770 seconds
63.828: Application time: 0.0387230 seconds
63.828: [GC63.828: [ParNew: 17547K->1546K(18048K), 0.0006420 secs] 35536K->19599K(57984K), 0.0006700 secs] [Times: user=0.00 sys=0.00, real=0.00 secs] 
63.829: Total time for which application threads were stopped: 0.0007970 seconds, Stopping threads took: 0.0000680 seconds
63.867: Application time: 0.0387190 seconds
63.867: [GC63.867: [ParNew: 17508K->1548K(18048K), 0.0007620 secs] 35561K->20113K(57984K), 0.0007920 secs] [Times: user=0.01 sys=0.00, real=0.00 secs] 
63.868: Total time for which application threads were stopped: 0.0009120 seconds, Stopping threads took: 0.0000590 seconds
63.907: Application time: 0.0390730 seconds
63.907: [GC63.907: [ParNew: 17161K->1094K(18048K), 0.0004660 secs] 35726K->19659K(57984K), 0.0004950 secs] [Times: user=0.00 sys=0.00, real=0.00 secs] 
63.908: Total time for which application threads were stopped: 0.0006180 seconds, Stopping threads took: 0.0000670 seconds
63.947: Application time: 0.0394920 seconds
63.947: [GC63.947: [ParNew: 17141K->1064K(18048K), 0.0004760 secs] 35706K->19733K(57984K), 0.0005040 secs] [Times: user=0.00 sys=0.00, real=0.00 secs] 
63.948: Total time for which application threads were stopped: 0.0006290 seconds, Stopping threads took: 0.0000690 seconds
63.986: Application time: 0.0384020 seconds
63.986: [GC63.986: [ParNew: 17109K->1066K(18048K), 0.0004850 secs] 35778K->19799K(57984K), 0.0005140 secs] [Times: user=0.01 sys=0.00, real=0.00 secs] 
63.987: Total time for which application threads were stopped: 0.0006250 seconds, Stopping threads took: 0.0000510 seconds
64.026: Application time: 0.0394970 seconds
64.027: [GC64.027: [ParNew: 17115K->552K(18048K), 0.0003300 secs] 35848K->19357K(57984K), 0.0003580 secs] [Times: user=0.01 sys=0.00, real=0.00 secs] 
64.027: Total time for which application threads were stopped: 0.0005090 seconds, Stopping threads took: 0.0000970 seconds
64.067: Application time: 0.0403260 seconds
64.067: [GC64.067: [ParNew: 16596K->584K(18048K), 0.0003390 secs] 35402K->19389K(57984K), 0.0003650 secs] [Times: user=0.00 sys=0.00, real=0.00 secs] 
64.068: Total time for which application threads were stopped: 0.0004810 seconds, Stopping threads took: 0.0000610 seconds
64.106: Application time: 0.0380540 seconds
64.106: [GC64.106: [ParNew: 16542K->1606K(18048K), 0.0006240 secs] 35347K->20411K(57984K), 0.0006540 secs] [Times: user=0.01 sys=0.00, real=0.00 secs] 
64.107: Total time for which application threads were stopped: 0.0007810 seconds, Stopping threads took: 0.0000580 seconds
64.145: Application time: 0.0382830 seconds
64.145: [GC64.145: [ParNew: 17647K->1580K(18048K), 0.0008440 secs] 36452K->20993K(57984K), 0.0008790 secs] [Times: user=0.01 sys=0.00, real=0.01 secs] 
64.146: Total time for which application threads were stopped: 0.0010190 seconds, Stopping threads took: 0.0000770 seconds
64.185: Application time: 0.0393340 seconds
64.185: [GC64.185: [ParNew: 17546K->1548K(18048K), 0.0007780 secs] 36960K->21537K(57984K), 0.0008090 secs] [Times: user=0.01 sys=0.00, real=0.00 secs] 
64.186: Total time for which application threads were stopped: 0.0009420 seconds, Stopping threads took: 0.0000720 seconds
64.226: Application time: 0.0400200 seconds
64.226: [GC64.226: [ParNew: 17519K->1546K(18048K), 0.0006530 secs] 37508K->21535K(57984K), 0.0006820 secs] [Times: user=0.00 sys=0.00, real=0.00 secs] 
64.227: Total time for which application threads were stopped: 0.0008310 seconds, Stopping threads took: 0.0000810 seconds
64.267: Application time: 0.0397350 seconds
64.267: [GC64.267: [ParNew: 17508K->1546K(18048K), 0.0007990 secs] 37498K->22047K(57984K), 0.0008280 secs] [Times: user=0.01 sys=0.00, real=0.00 secs] 
64.268: Total time for which application threads were stopped: 0.0009550 seconds, Stopping threads took: 0.0000670 seconds
64.307: Application time: 0.0389050 seconds
64.307: [GC64.307: [ParNew: 17517K->1546K(18048K), 0.0005960 secs] 38018K->22047K(57984K), 0.0006250 secs] [Times: user=0.00 sys=0.00, real=0.00 secs] 
64.307: Total time for which application threads were stopped: 0.0007550 seconds, Stopping threads took: 0.0000710 seconds
64.348: Application time: 0.0404360 seconds
64.348: [GC64.348: [ParNew: 17512K->1546K(18048K), 0.0006170 secs] 38014K->22047K(57984K), 0.0006470 secs] [Times: user=0.00 sys=0.00, real=0.00 secs] 
64.349: Total time for which application threads were stopped: 0.0007740 seconds, Stopping threads took: 0.0000660 seconds
64.388: Application time: 0.0394380 seconds
64.388: [GC64.388: [ParNew: 17516K->1034K(18048K), 0.0004630 secs] 38018K->21535K(57984K), 0.0004880 secs] [Times: user=0.00 sys=0.00, real=0.00 secs] 
64.389: Total time for which application threads were stopped: 0.0006040 seconds, Stopping threads took: 0.0000600 seconds
64.428: Application time: 0.0396470 seconds
64.428: [GC64.428: [ParNew: 17083K->554K(18048K), 0.0003410 secs] 37584K->21055K(57984K), 0.0003680 secs] [Times: user=0.00 sys=0.00, real=0.00 secs] 
64.429: Total time for which application threads were stopped: 0.0004980 seconds, Stopping threads took: 0.0000740 seconds
64.468: Application time: 0.0392780 seconds
64.468: [GC64.468: [ParNew: 16516K->1066K(18048K), 0.0004500 secs] 37018K->21567K(57984K), 0.0004790 secs] [Times: user=0.01 sys=0.00, real=0.00 secs] 
64.469: Total time for which application threads were stopped: 0.0005920 seconds, Stopping threads took: 0.0000560 seconds
64.506: Application time: 0.0368880 seconds
64.506: [GC64.506: [ParNew: 17020K->1546K(18048K), 0.0007860 secs] 37521K->22615K(57984K), 0.0008150 secs] [Times: user=0.01 sys=0.00, real=0.00 secs] 
64.507: Total time for which application threads were stopped: 0.0010990 seconds, Stopping threads took: 0.0002250 seconds
64.547: Application time: 0.0405220 seconds
64.547: [GC64.547: [ParNew: 17510K->1546K(18048K), 0.0009640 secs] 38580K->23639K(57984K), 0.0009970 secs] [Times: user=0.01 sys=0.00, real=0.00 secs] 
64.548: Total time for which application threads were stopped: 0.0011420 seconds, Stopping threads took: 0.0000790 seconds
64.586: Application time: 0.0379160 seconds
64.586: [GC64.586: [ParNew: 17161K->1608K(18048K), 0.0006090 secs] 39255K->23701K(57984K), 0.0006370 secs] [Times: user=0.01 sys=0.00, real=0.00 secs] 
64.587: Total time for which application threads were stopped: 0.0007620 seconds, Stopping threads took: 0.0000670 seconds
64.625: Application time: 0.0381860 seconds
64.625: [GC64.625: [ParNew: 17223K->580K(18048K), 0.0003450 secs] 39317K->22769K(57984K), 0.0003830 secs] [Times: user=0.01 sys=0.00, real=0.00 secs] 
64.626: Total time for which application threads were stopped: 0.0004900 seconds, Stopping threads took: 0.0000510 seconds
64.665: Application time: 0.0389080 seconds
64.665: [GC64.665: [ParNew: 16534K->1606K(18048K), 0.0007970 secs] 38724K->24307K(57984K), 0.0008290 secs] [Times: user=0.00 sys=0.00, real=0.01 secs] 
64.666: Total time for which application threads were stopped: 0.0009540 seconds, Stopping threads took: 0.0000640 seconds
64.704: Application time: 0.0384520 seconds
64.704: [GC64.704: [ParNew: 17661K->1588K(18048K), 0.0006460 secs] 40362K->24397K(57984K), 0.0006750 secs] [Times: user=0.01 sys=0.00, real=0.00 secs] 
64.705: Total time for which application threads were stopped: 0.0008150 seconds, Stopping threads took: 0.0000810 seconds
64.746: Application time: 0.0413290 seconds
64.746: [GC64.746: [ParNew: 17625K->1576K(18048K), 0.0006900 secs] 40434K->24457K(57984K), 0.0007190 secs] [Times: user=0.00 sys=0.00, real=0.00 secs] 
64.747: Total time for which application threads were stopped: 0.0008530 seconds, Stopping threads took: 0.0000670 seconds
64.784: Application time: 0.0367070 seconds
64.784: [GC64.784: [ParNew: 17617K->1578K(18048K), 0.0008640 secs] 40498K->25035K(57984K), 0.0008920 secs] [Times: user=0.00 sys=0.00, real=0.00 secs] 
64.785: Total time for which application threads were stopped: 0.0010260 seconds, Stopping threads took: 0.0000730 seconds
64.826: Application time: 0.0415170 seconds
64.826: [GC64.826: [ParNew: 17544K->1546K(18048K), 0.0008500 secs] 41002K->25579K(57984K), 0.0008790 secs] [Times: user=0.01 sys=0.00, real=0.00 secs] 
64.827: Total time for which application threads were stopped: 0.0010230 seconds, Stopping threads took: 0.0000820 seconds
64.867: Application time: 0.0400660 seconds
64.868: [GC64.868: [ParNew: 17517K->1546K(18048K), 0.0006030 secs] 41550K->25579K(57984K), 0.0006310 secs] [Times: user=0.00 sys=0.00, real=0.00 secs] 
64.868: Total time for which application threads were stopped: 0.0007540 seconds, Stopping threads took: 0.0000640 seconds
64.908: Application time: 0.0397540 seconds
64.908: [GC64.908: [ParNew: 17516K->1034K(18048K), 0.0004460 secs] 41550K->25067K(57984K), 0.0004700 secs] [Times: user=0.00 sys=0.00, real=0.00 secs] 
64.909: Total time for which application threads were stopped: 0.0005920 seconds, Stopping threads took: 0.0000670 seconds
64.950: Application time: 0.0411000 seconds
64.950: [GC64.950: [ParNew: 17004K->522K(18048K), 0.0003910 secs] 41038K->24555K(57984K), 0.0004170 secs] [Times: user=0.00 sys=0.00, real=0.00 secs] 
64.950: Total time for which application threads were stopped: 0.0005270 seconds, Stopping threads took: 0.0000560 seconds
64.986: Application time: 0.0362420 seconds
64.987: [GC64.987: [ParNew: 16484K->1034K(18048K), 0.0004660 secs] 40518K->25067K(57984K), 0.0004930 secs] [Times: user=0.01 sys=0.00, real=0.00 secs] 
64.987: Total time for which application threads were stopped: 0.0006650 seconds, Stopping threads took: 0.0001150 seconds
65.025: Application time: 0.0381190 seconds
65.025: [GC65.025: [ParNew: 16988K->1548K(18048K), 0.0009880 secs] 41022K->26605K(57984K), 0.0010230 secs] [Times: user=0.00 sys=0.00, real=0.00 secs] 
65.026: Total time for which application threads were stopped: 0.0012460 seconds, Stopping threads took: 0.0001580 seconds
65.066: Application time: 0.0395230 seconds
65.066: [GC65.066: [ParNew: 17514K->1546K(18048K), 0.0010310 secs] 42572K->27628K(57984K), 0.0010620 secs] [Times: user=0.01 sys=0.00, real=0.00 secs] 
65.067: Total time for which application threads were stopped: 0.0011960 seconds, Stopping threads took: 0.0000720 seconds
65.108: Application time: 0.0411920 seconds
65.108: [GC65.108: [ParNew: 17595K->1578K(18048K), 0.0008520 secs] 43677K->28172K(57984K), 0.0008820 secs] [Times: user=0.01 sys=0.00, real=0.00 secs] 
65.109: Total time for which application threads were stopped: 0.0009990 seconds, Stopping threads took: 0.0000580 seconds
65.148: Application time: 0.0389130 seconds
65.148: [GC65.148: [ParNew: 17544K->1548K(18048K), 0.0008890 secs] 44138K->28702K(57984K), 0.0009290 secs] [Times: user=0.01 sys=0.00, real=0.00 secs] 
65.149: Total time for which application threads were stopped: 0.0010780 seconds, Stopping threads took: 0.0000870 seconds
65.188: Application time: 0.0389270 seconds
65.188: [GC65.188: [ParNew: 17514K->1548K(18048K), 0.0007730 secs] 44668K->29214K(57984K), 0.0008040 secs] [Times: user=0.01 sys=0.01, real=0.00 secs] 
65.189: Total time for which application threads were stopped: 0.0009380 seconds, Stopping threads took: 0.0000720 seconds
65.228: Application time: 0.0389800 seconds
65.228: [GC65.228: [ParNew: 17593K->1578K(18048K), 0.0008160 secs] 45259K->29756K(57984K), 0.0008490 secs] [Times: user=0.00 sys=0.00, real=0.00 secs] 
65.229: Total time for which application threads were stopped: 0.0010020 seconds, Stopping threads took: 0.0000920 seconds
65.266: Application time: 0.0372510 seconds
65.267: [GC65.267: [ParNew: 17181K->1608K(18048K), 0.0009720 secs] 45359K->30874K(57984K), 0.0010020 secs] [Times: user=0.01 sys=0.00, real=0.00 secs] 
65.268: Total time for which application threads were stopped: 0.0011470 seconds, Stopping threads took: 0.0000690 seconds
65.308: Application time: 0.0408230 seconds
65.309: [GC65.309: [ParNew: 17655K->1578K(18048K), 0.0009340 secs] 46921K->30940K(57984K), 0.0009630 secs] [Times: user=0.01 sys=0.00, real=0.00 secs] 
65.310: Total time for which application threads were stopped: 0.0011610 seconds, Stopping threads took: 0.0001370 seconds
65.349: Application time: 0.0394840 seconds
65.349: [GC65.349: [ParNew: 17538K->1548K(18048K), 0.0010270 secs] 46900K->31998K(57984K), 0.0010590 secs] [Times: user=0.00 sys=0.00, real=0.00 secs] 
65.350: Total time for which application threads were stopped: 0.0011990 seconds, Stopping threads took: 0.0000710 seconds
65.389: Application time: 0.0383490 seconds
65.389: [GC65.389: [ParNew: 17165K->1094K(18048K), 0.0004780 secs] 47615K->31544K(57984K), 0.0005060 secs] [Times: user=0.01 sys=0.00, real=0.00 secs] 
65.389: Total time for which application threads were stopped: 0.0006420 seconds, Stopping threads took: 0.0000810 seconds
65.429: Application time: 0.0398930 seconds
65.429: [GC65.429: [ParNew: 17135K->1576K(18048K), 0.0006340 secs] 47585K->32106K(57984K), 0.0006630 secs] [Times: user=0.00 sys=0.00, real=0.00 secs] 
65.430: Total time for which application threads were stopped: 0.0007890 seconds, Stopping threads took: 0.0000670 seconds
65.468: Application time: 0.0382880 seconds
65.468: [GC65.468: [ParNew: 17542K->1548K(18048K), 0.0006320 secs] 48073K->32150K(57984K), 0.0006610 secs] [Times: user=0.00 sys=0.00, real=0.00 secs] 
65.469: Total time for which application threads were stopped: 0.0007800 seconds, Stopping threads took: 0.0000580 seconds
65.509: Application time: 0.0396170 seconds
65.509: [GC65.509: [ParNew: 17510K->1548K(18048K), 0.0008070 secs] 48112K->32662K(57984K), 0.0008370 secs] [Times: user=0.00 sys=0.00, real=0.00 secs] 
65.510: Total time for which application threads were stopped: 0.0009560 seconds, Stopping threads took: 0.0000580 seconds
65.549: Application time: 0.0389230 seconds
65.549: [GC65.549: [ParNew: 17514K->1548K(18048K), 0.0007940 secs] 48629K->33174K(57984K), 0.0008240 secs] [Times: user=0.00 sys=0.00, real=0.00 secs] 
65.549: Total time for which application threads were stopped: 0.0009610 seconds, Stopping threads took: 0.0000760 seconds
65.589: Application time: 0.0390350 seconds
65.589: [GC65.589: [ParNew: 17519K->1548K(18048K), 0.0006670 secs] 49145K->33174K(57984K), 0.0006980 secs] [Times: user=0.01 sys=0.00, real=0.00 secs] 
65.589: Total time for which application threads were stopped: 0.0008300 seconds, Stopping threads took: 0.0000720 seconds
65.631: Application time: 0.0419730 seconds
65.631: [GC65.631: [ParNew: 17519K->1034K(18048K), 0.0004650 secs] 49145K->32660K(57984K), 0.0004910 secs] [Times: user=0.00 sys=0.00, real=0.00 secs] 
65.632: Total time for which application threads were stopped: 0.0006100 seconds, Stopping threads took: 0.0000640 seconds
65.668: Application time: 0.0362720 seconds
65.668: [GC65.668: [ParNew: 16992K->1548K(18048K), 0.0007750 secs] 48618K->33686K(57984K), 0.0008140 secs] [Times: user=0.01 sys=0.00, real=0.00 secs] 
65.669: Total time for which application threads were stopped: 0.0009510 seconds, Stopping threads took: 0.0000670 seconds
65.708: Application time: 0.0384140 seconds
65.708: [GC65.708: [ParNew: 17510K->1548K(18048K), 0.0010220 secs] 49649K->34710K(57984K), 0.0010520 secs] [Times: user=0.01 sys=0.00, real=0.00 secs] 
65.709: Total time for which application threads were stopped: 0.0011780 seconds, Stopping threads took: 0.0000650 seconds
65.750: Application time: 0.0416870 seconds
65.751: [GC65.751: [ParNew: 17599K->1578K(18048K), 0.0006740 secs] 50761K->34740K(57984K), 0.0007020 secs] [Times: user=0.01 sys=0.00, real=0.00 secs] 
65.751: Total time for which application threads were stopped: 0.0008240 seconds, Stopping threads took: 0.0000650 seconds
65.792: Application time: 0.0405100 seconds
65.792: [GC65.792: [ParNew: 17549K->1032K(18048K), 0.0004510 secs] 50711K->34258K(57984K), 0.0004790 secs] [Times: user=0.01 sys=0.00, real=0.00 secs] 
65.792: Total time for which application threads were stopped: 0.0006280 seconds, Stopping threads took: 0.0000840 seconds
65.829: Application time: 0.0370350 seconds
65.830: [GC65.830: [ParNew: 16992K->1548K(18048K), 0.0006220 secs] 50218K->34774K(57984K), 0.0006510 secs] [Times: user=0.01 sys=0.00, real=0.00 secs] 
65.830: Total time for which application threads were stopped: 0.0008540 seconds, Stopping threads took: 0.0001450 seconds
65.871: Application time: 0.0404970 seconds
65.871: [GC65.871: [ParNew: 17512K->1548K(18048K), 0.0008520 secs] 50739K->35286K(57984K), 0.0008800 secs] [Times: user=0.01 sys=0.00, real=0.00 secs] 
65.872: Total time for which application threads were stopped: 0.0010130 seconds, Stopping threads took: 0.0000730 seconds
65.908: Application time: 0.0364850 seconds
65.908: [GC65.908: [ParNew: 17155K->1608K(18048K), 0.0008210 secs] 50893K->35858K(57984K), 0.0008520 secs] [Times: user=0.00 sys=0.00, real=0.00 secs] 
65.909: Total time for which application threads were stopped: 0.0009970 seconds, Stopping threads took: 0.0000850 seconds
65.949: Application time: 0.0395550 seconds
65.949: [GC65.949: [ParNew: 17653K->1578K(18048K), 0.0008250 secs] 51903K->36436K(57984K), 0.0008570 secs] [Times: user=0.01 sys=0.00, real=0.00 secs] 
65.950: Total time for which application threads were stopped: 0.0009940 seconds, Stopping threads took: 0.0000750 seconds
65.989: Application time: 0.0394970 seconds
65.989: [GC65.989: [ParNew: 17627K->1578K(18048K), 0.0006660 secs] 52485K->36492K(57984K), 0.0006950 secs] [Times: user=0.00 sys=0.00, real=0.00 secs] 
65.990: Total time for which application threads were stopped: 0.0008140 seconds, Stopping threads took: 0.0000590 seconds
66.029: Application time: 0.0389440 seconds
66.029: [GC66.029: [ParNew: 17544K->1546K(18048K), 0.0006110 secs] 52459K->36532K(57984K), 0.0006410 secs] [Times: user=0.00 sys=0.00, real=0.00 secs] 
66.030: Total time for which application threads were stopped: 0.0007970 seconds, Stopping threads took: 0.0000970 seconds
66.069: Application time: 0.0386830 seconds
66.069: [GC66.069: [ParNew: 17231K->1634K(18048K), 0.0006430 secs] 52218K->36620K(57984K), 0.0006740 secs] [Times: user=0.00 sys=0.00, real=0.00 secs] 
66.069: Total time for which application threads were stopped: 0.0007950 seconds, Stopping threads took: 0.0000610 seconds
66.109: Application time: 0.0394150 seconds
66.109: [GC66.109: [ParNew: 17596K->1546K(18048K), 0.0008060 secs] 52583K->37172K(57984K), 0.0008360 secs] [Times: user=0.01 sys=0.00, real=0.00 secs] 
66.110: Total time for which application threads were stopped: 0.0009730 seconds, Stopping threads took: 0.0000780 seconds
66.149: Application time: 0.0394080 seconds
66.149: [GC66.149: [ParNew: 17517K->1546K(18048K), 0.0006510 secs] 53143K->37172K(57984K), 0.0006780 secs] [Times: user=0.01 sys=0.00, real=0.00 secs] 
66.150: Total time for which application threads were stopped: 0.0008090 seconds, Stopping threads took: 0.0000720 seconds
66.189: Application time: 0.0389640 seconds
66.189: [GC66.189: [ParNew: 17504K->1548K(18048K), 0.0010160 secs] 53131K->38198K(57984K), 0.0010580 secs] [Times: user=0.01 sys=0.01, real=0.00 secs] 
66.190: Total time for which application threads were stopped: 0.0011900 seconds, Stopping threads took: 0.0000680 seconds
66.233: Application time: 0.0424070 seconds
66.233: [GC66.233: [ParNew: 17523K->1030K(18048K), 0.0004650 secs] 54173K->37680K(57984K), 0.0004960 secs] [Times: user=0.01 sys=0.00, real=0.00 secs] 
66.233: Total time for which application threads were stopped: 0.0006190 seconds, Stopping threads took: 0.0000640 seconds
66.270: Application time: 0.0369920 seconds
66.270: [GC66.270: [ParNew: 16984K->1546K(18048K), 0.0010040 secs] 53635K->39220K(57984K), 0.0010390 secs] [Times: user=0.01 sys=0.00, real=0.00 secs] 
66.271: Total time for which application threads were stopped: 0.0011720 seconds, Stopping threads took: 0.0000660 seconds
66.312: Application time: 0.0407500 seconds
66.312: [GC66.312: [ParNew: 17512K->1546K(18048K), 0.0010150 secs] 55187K->40244K(57984K), 0.0010470 secs] [Times: user=0.01 sys=0.00, real=0.00 secs] 
66.313: Total time for which application threads were stopped: 0.0012030 seconds, Stopping threads took: 0.0000840 seconds
66.353: Application time: 0.0398870 seconds
66.353: [GC66.353: [ParNew: 17519K->1544K(18048K), 0.0006820 secs] 56217K->40242K(57984K), 0.0007110 secs] [Times: user=0.01 sys=0.00, real=0.00 secs] 
66.354: Total time for which application threads were stopped: 0.0009470 seconds, Stopping threads took: 0.0001750 seconds
66.393: Application time: 0.0391990 seconds
66.393: [GC66.394: [ParNew: 17506K->1548K(18048K), 0.0007850 secs] 56205K->40758K(57984K), 0.0008150 secs] [Times: user=0.01 sys=0.00, real=0.00 secs] 
66.394: Total time for which application threads were stopped: 0.0009590 seconds, Stopping threads took: 0.0000820 seconds
66.433: Application time: 0.0382040 seconds
66.433: [GC66.433: [ParNew: 17589K->1576K(18048K), 0.0009810 secs]66.434: [Tenured: 40234K->8582K(40452K), 0.0050940 secs] 56799K->8582K(58500K), [Perm : 5144K->5144K(21248K)], 0.0061570 secs] [Times: user=0.01 sys=0.00, real=0.01 secs] 
66.439: Total time for which application threads were stopped: 0.0062970 seconds, Stopping threads took: 0.0000700 seconds
66.479: Application time: 0.0401230 seconds
66.479: [GC66.479: [ParNew: 15966K->1552K(18048K), 0.0009500 secs] 24549K->11158K(57984K), 0.0009820 secs] [Times: user=0.01 sys=0.00, real=0.00 secs] 
66.480: Total time for which application threads were stopped: 0.0011190 seconds, Stopping threads took: 0.0000740 seconds
66.520: Application time: 0.0395370 seconds
66.520: [GC66.520: [ParNew: 17520K->1548K(18048K), 0.0008230 secs] 27127K->11666K(57984K), 0.0008530 secs] [Times: user=0.00 sys=0.00, real=0.00 secs] 
66.521: Total time for which application threads were stopped: 0.0011610 seconds, Stopping threads took: 0.0002490 seconds
66.560: Application time: 0.0394350 seconds
66.560: [GC66.560: [ParNew: 17155K->1604K(18048K), 0.0007710 secs] 27273K->12234K(57984K), 0.0008030 secs] [Times: user=0.00 sys=0.00, real=0.00 secs] 
66.561: Total time for which application threads were stopped: 0.0009300 seconds, Stopping threads took: 0.0000660 seconds
66.600: Application time: 0.0393080 seconds
66.601: [GC66.601: [ParNew: 17649K->1578K(18048K), 0.0008230 secs] 28279K->12808K(57984K), 0.0008540 secs] [Times: user=0.00 sys=0.00, real=0.00 secs] 
66.601: Total time for which application threads were stopped: 0.0009790 seconds, Stopping threads took: 0.0000640 seconds
66.641: Application time: 0.0397540 seconds
66.641: [GC66.641: [ParNew: 17549K->1036K(18048K), 0.0004670 secs] 28779K->12330K(57984K), 0.0004940 secs] [Times: user=0.00 sys=0.00, real=0.00 secs] 
66.642: Total time for which application threads were stopped: 0.0006220 seconds, Stopping threads took: 0.0000710 seconds
66.682: Application time: 0.0397210 seconds
66.685: [GC66.685: [ParNew: 17078K->1580K(18048K), 0.0006210 secs] 28373K->12874K(57984K), 0.0006620 secs] [Times: user=0.01 sys=0.00, real=0.00 secs] 
66.686: Total time for which application threads were stopped: 0.0044180 seconds, Stopping threads took: 0.0036940 seconds
66.724: Application time: 0.0381250 seconds
66.724: [GC66.724: [ParNew: 17621K->1580K(18048K), 0.0007900 secs] 28915K->13458K(57984K), 0.0008240 secs] [Times: user=0.01 sys=0.00, real=0.00 secs] 
66.725: Total time for which application threads were stopped: 0.0009500 seconds, Stopping threads took: 0.0000600 seconds
66.762: Application time: 0.0369850 seconds
66.762: [GC66.762: [ParNew: 17191K->1608K(18048K), 0.0006610 secs] 29070K->13534K(57984K), 0.0006910 secs] [Times: user=0.01 sys=0.00, real=0.00 secs] 
66.763: Total time for which application threads were stopped: 0.0008140 seconds, Stopping threads took: 0.0000640 seconds
66.803: Application time: 0.0401770 seconds
66.803: [GC66.803: [ParNew: 17566K->1548K(18048K), 0.0009230 secs] 29493K->14602K(57984K), 0.0009550 secs] [Times: user=0.00 sys=0.00, real=0.00 secs] 
66.804: Total time for which application threads were stopped: 0.0010700 seconds, Stopping threads took: 0.0000530 seconds
66.842: Application time: 0.0380340 seconds
66.842: [GC66.842: [ParNew: 17519K->1546K(18048K), 0.0008160 secs] 30573K->15112K(57984K), 0.0008450 secs] [Times: user=0.00 sys=0.00, real=0.00 secs] 
66.843: Total time for which application threads were stopped: 0.0009760 seconds, Stopping threads took: 0.0000590 seconds
66.884: Application time: 0.0406100 seconds
66.884: [GC66.884: [ParNew: 17517K->1546K(18048K), 0.0006120 secs] 31083K->15112K(57984K), 0.0006410 secs] [Times: user=0.00 sys=0.00, real=0.00 secs] 
66.884: Total time for which application threads were stopped: 0.0007750 seconds, Stopping threads took: 0.0000770 seconds
66.925: Application time: 0.0400630 seconds
66.925: [GC66.925: [ParNew: 17512K->1546K(18048K), 0.0006380 secs] 31079K->15112K(57984K), 0.0006670 secs] [Times: user=0.01 sys=0.00, real=0.01 secs] 
66.925: Total time for which application threads were stopped: 0.0008260 seconds, Stopping threads took: 0.0001000 seconds
66.964: Application time: 0.0383170 seconds
66.964: [GC66.964: [ParNew: 17512K->1546K(18048K), 0.0006340 secs] 31079K->15112K(57984K), 0.0006630 secs] [Times: user=0.00 sys=0.00, real=0.00 secs] 
66.964: Total time for which application threads were stopped: 0.0007940 seconds, Stopping threads took: 0.0000730 seconds
67.004: Application time: 0.0398310 seconds
67.005: [GC67.005: [ParNew: 17516K->1036K(18048K), 0.0004270 secs] 31083K->14602K(57984K), 0.0004520 secs] [Times: user=0.00 sys=0.00, real=0.00 secs] 
67.005: Total time for which application threads were stopped: 0.0006680 seconds, Stopping threads took: 0.0001610 seconds
67.045: Application time: 0.0395660 seconds
67.045: [GC67.045: [ParNew: 17002K->1032K(18048K), 0.0005030 secs] 30569K->14598K(57984K), 0.0005310 secs] [Times: user=0.00 sys=0.00, real=0.01 secs] 
67.045: Total time for which application threads were stopped: 0.0006820 seconds, Stopping threads took: 0.0000940 seconds
67.085: Application time: 0.0393540 seconds
67.085: [GC67.085: [ParNew: 16998K->1034K(18048K), 0.0004440 secs] 30565K->14600K(57984K), 0.0004700 secs] [Times: user=0.01 sys=0.00, real=0.01 secs] 
67.085: Total time for which application threads were stopped: 0.0005960 seconds, Stopping threads took: 0.0000680 seconds
67.124: Application time: 0.0388430 seconds
67.124: [GC67.124: [ParNew: 17079K->1068K(18048K), 0.0004460 secs] 30646K->14635K(57984K), 0.0004740 secs] [Times: user=0.00 sys=0.00, real=0.00 secs] 
67.125: Total time for which application threads were stopped: 0.0006080 seconds, Stopping threads took: 0.0000750 seconds
67.162: Application time: 0.0377760 seconds
67.163: [GC67.163: [ParNew: 17030K->1546K(18048K), 0.0006710 secs] 30597K->15176K(57984K), 0.0007000 secs] [Times: user=0.01 sys=0.00, real=0.00 secs] 
67.163: Total time for which application threads were stopped: 0.0008220 seconds, Stopping threads took: 0.0000610 seconds
67.202: Application time: 0.0388820 seconds
67.202: [GC67.202: [ParNew: 17157K->1092K(18048K), 0.0005380 secs] 30788K->14723K(57984K), 0.0005720 secs] [Times: user=0.00 sys=0.00, real=0.00 secs] 
67.203: Total time for which application threads were stopped: 0.0006990 seconds, Stopping threads took: 0.0000730 seconds
67.242: Application time: 0.0390130 seconds
67.242: [GC67.242: [ParNew: 17063K->524K(18048K), 0.0003970 secs] 30693K->14259K(57984K), 0.0004230 secs] [Times: user=0.00 sys=0.00, real=0.00 secs] 
67.242: Total time for which application threads were stopped: 0.0005290 seconds, Stopping threads took: 0.0000520 seconds
67.282: Application time: 0.0396900 seconds
67.282: [GC67.282: [ParNew: 16573K->42K(18048K), 0.0002260 secs] 30308K->13777K(57984K), 0.0002530 secs] [Times: user=0.00 sys=0.00, real=0.00 secs] 
67.282: Total time for which application threads were stopped: 0.0003560 seconds, Stopping threads took: 0.0000510 seconds
67.319: Application time: 0.0364230 seconds
67.319: [GC67.319: [ParNew: 15988K->1576K(18048K), 0.0006020 secs] 29723K->15311K(57984K), 0.0006310 secs] [Times: user=0.00 sys=0.00, real=0.00 secs] 
67.320: Total time for which application threads were stopped: 0.0008240 seconds, Stopping threads took: 0.0001350 seconds
67.357: Application time: 0.0377800 seconds
67.358: [GC67.358: [ParNew: 17613K->1576K(18048K), 0.0012370 secs] 31347K->16911K(57984K), 0.0012700 secs] [Times: user=0.01 sys=0.00, real=0.00 secs] 
67.359: Total time for which application threads were stopped: 0.0014010 seconds, Stopping threads took: 0.0000580 seconds
67.399: Application time: 0.0401210 seconds
67.399: [GC67.399: [ParNew: 17621K->1578K(18048K), 0.0026690 secs] 32956K->18513K(57984K), 0.0027080 secs] [Times: user=0.01 sys=0.00, real=0.00 secs] 
67.402: Total time for which application threads were stopped: 0.0028330 seconds, Stopping threads took: 0.0000590 seconds
67.441: Application time: 0.0388040 seconds
67.441: [GC67.441: [ParNew: 17193K->1606K(18048K), 0.0008370 secs] 34128K->19109K(57984K), 0.0008680 secs] [Times: user=0.00 sys=0.00, real=0.00 secs] 
67.442: Total time for which application threads were stopped: 0.0010000 seconds, Stopping threads took: 0.0000710 seconds
67.481: Application time: 0.0394580 seconds
67.481: [GC67.481: [ParNew: 17577K->1546K(18048K), 0.0006180 secs] 35080K->19153K(57984K), 0.0006460 secs] [Times: user=0.01 sys=0.00, real=0.00 secs] 
67.482: Total time for which application threads were stopped: 0.0007950 seconds, Stopping threads took: 0.0000930 seconds
67.521: Application time: 0.0396010 seconds
67.522: [GC67.522: [ParNew: 17512K->1546K(18048K), 0.0006350 secs] 35120K->19153K(57984K), 0.0006630 secs] [Times: user=0.01 sys=0.00, real=0.00 secs] 
67.522: Total time for which application threads were stopped: 0.0008400 seconds, Stopping threads took: 0.0001190 seconds
67.562: Application time: 0.0392790 seconds
67.562: [GC67.562: [ParNew: 17512K->1548K(18048K), 0.0006580 secs] 35120K->19155K(57984K), 0.0006880 secs] [Times: user=0.00 sys=0.00, real=0.00 secs] 
67.562: Total time for which application threads were stopped: 0.0008040 seconds, Stopping threads took: 0.0000580 seconds
67.602: Application time: 0.0394240 seconds
67.602: [GC67.602: [ParNew: 17510K->1548K(18048K), 0.0006330 secs] 35117K->19155K(57984K), 0.0006610 secs] [Times: user=0.01 sys=0.00, real=0.00 secs] 
67.603: Total time for which application threads were stopped: 0.0008180 seconds, Stopping threads took: 0.0000940 seconds
67.641: Application time: 0.0383190 seconds
67.641: [GC67.641: [ParNew: 17512K->1546K(18048K), 0.0008390 secs] 35119K->19665K(57984K), 0.0008710 secs] [Times: user=0.00 sys=0.00, real=0.00 secs] 
67.642: Total time for which application threads were stopped: 0.0009910 seconds, Stopping threads took: 0.0000580 seconds
67.682: Application time: 0.0402440 seconds
67.682: [GC67.682: [ParNew: 17517K->1546K(18048K), 0.0005890 secs] 35636K->19665K(57984K), 0.0006160 secs] [Times: user=0.01 sys=0.00, real=0.00 secs] 
67.683: Total time for which application threads were stopped: 0.0007360 seconds, Stopping threads took: 0.0000620 seconds
67.722: Application time: 0.0387090 seconds
67.722: [GC67.722: [ParNew: 17508K->1544K(18048K), 0.0008860 secs] 35627K->20175K(57984K), 0.0009230 secs] [Times: user=0.00 sys=0.00, real=0.00 secs] 
67.723: Total time for which application threads were stopped: 0.0010710 seconds, Stopping threads took: 0.0000880 seconds
67.763: Application time: 0.0401220 seconds
67.763: [GC67.763: [ParNew: 17514K->1546K(18048K), 0.0006790 secs] 36146K->20177K(57984K), 0.0007060 secs] [Times: user=0.01 sys=0.00, real=0.00 secs] 
67.764: Total time for which application threads were stopped: 0.0008210 seconds, Stopping threads took: 0.0000560 seconds
67.803: Application time: 0.0391510 seconds
67.803: [GC67.803: [ParNew: 17591K->1578K(18048K), 0.0006800 secs] 36222K->20209K(57984K), 0.0007070 secs] [Times: user=0.00 sys=0.00, real=0.00 secs] 
67.804: Total time for which application threads were stopped: 0.0008320 seconds, Stopping threads took: 0.0000630 seconds
67.843: Application time: 0.0393650 seconds
67.843: [GC67.843: [ParNew: 17623K->1578K(18048K), 0.0006720 secs] 36254K->20273K(57984K), 0.0007000 secs] [Times: user=0.00 sys=0.00, real=0.00 secs] 
67.844: Total time for which application threads were stopped: 0.0008250 seconds, Stopping threads took: 0.0000640 seconds
67.881: Application time: 0.0371110 seconds
67.881: [GC67.881: [ParNew: 17614K->1580K(18048K), 0.0010490 secs] 36310K->21371K(57984K), 0.0010790 secs] [Times: user=0.01 sys=0.00, real=0.00 secs] 
67.882: Total time for which application threads were stopped: 0.0012810 seconds, Stopping threads took: 0.0001250 seconds
67.922: Application time: 0.0401500 seconds
67.923: [GC67.923: [ParNew: 17546K->1546K(18048K), 0.0010270 secs] 37338K->22425K(57984K), 0.0010580 secs] [Times: user=0.00 sys=0.00, real=0.00 secs] 
67.924: Total time for which application threads were stopped: 0.0011800 seconds, Stopping threads took: 0.0000610 seconds
67.963: Application time: 0.0396340 seconds
67.963: [GC67.963: [ParNew: 17591K->1578K(18048K), 0.0010520 secs] 38470K->23481K(57984K), 0.0010820 secs] [Times: user=0.01 sys=0.00, real=0.00 secs] 
67.964: Total time for which application threads were stopped: 0.0012080 seconds, Stopping threads took: 0.0000630 seconds
68.005: Application time: 0.0400890 seconds
68.005: [GC68.005: [ParNew: 17549K->1546K(18048K), 0.0008350 secs] 39452K->24025K(57984K), 0.0008650 secs] [Times: user=0.00 sys=0.00, real=0.01 secs] 
68.006: Total time for which application threads were stopped: 0.0010030 seconds, Stopping threads took: 0.0000800 seconds
68.044: Application time: 0.0388770 seconds
68.045: [GC68.045: [ParNew: 17157K->1606K(18048K), 0.0006120 secs] 39637K->24085K(57984K), 0.0006490 secs] [Times: user=0.00 sys=0.00, real=0.01 secs] 
68.045: Total time for which application threads were stopped: 0.0007650 seconds, Stopping threads took: 0.0000570 seconds
68.082: Application time: 0.0370660 seconds
68.082: [GC68.082: [ParNew: 17209K->1608K(18048K), 0.0008030 secs] 39688K->24687K(57984K), 0.0008340 secs] [Times: user=0.00 sys=0.00, real=0.00 secs] 
68.083: Total time for which application threads were stopped: 0.0009740 seconds, Stopping threads took: 0.0000790 seconds
68.124: Application time: 0.0410940 seconds
68.125: [GC68.125: [ParNew: 17577K->1546K(18048K), 0.0006570 secs] 40656K->24713K(57984K), 0.0006870 secs] [Times: user=0.00 sys=0.00, real=0.01 secs] 
68.125: Total time for which application threads were stopped: 0.0008850 seconds, Stopping threads took: 0.0001370 seconds
68.165: Application time: 0.0397750 seconds
68.165: [GC68.165: [ParNew: 17512K->1544K(18048K), 0.0006370 secs] 40680K->24711K(57984K), 0.0006680 secs] [Times: user=0.00 sys=0.01, real=0.01 secs] 
68.166: Total time for which application threads were stopped: 0.0007970 seconds, Stopping threads took: 0.0000680 seconds
68.205: Application time: 0.0388310 seconds
68.205: [GC68.205: [ParNew: 17510K->1546K(18048K), 0.0006370 secs] 40678K->24713K(57984K), 0.0006660 secs] [Times: user=0.00 sys=0.00, real=0.01 secs] 
68.205: Total time for which application threads were stopped: 0.0007970 seconds, Stopping threads took: 0.0000710 seconds
68.245: Application time: 0.0390950 seconds
68.245: [GC68.245: [ParNew: 17504K->1550K(18048K), 0.0010120 secs] 40672K->25741K(57984K), 0.0010520 secs] [Times: user=0.00 sys=0.00, real=0.01 secs] 
68.246: Total time for which application threads were stopped: 0.0011830 seconds, Stopping threads took: 0.0000680 seconds
68.285: Application time: 0.0391520 seconds
68.285: [GC68.285: [ParNew: 17512K->1550K(18048K), 0.0009580 secs] 41704K->26765K(57984K), 0.0009910 secs] [Times: user=0.00 sys=0.00, real=0.01 secs] 
68.286: Total time for which application threads were stopped: 0.0012010 seconds, Stopping threads took: 0.0001490 seconds
68.326: Application time: 0.0400530 seconds
68.326: [GC68.326: [ParNew: 17516K->1548K(18048K), 0.0009550 secs] 42732K->27787K(57984K), 0.0009850 secs] [Times: user=0.01 sys=0.00, real=0.00 secs] 
68.327: Total time for which application threads were stopped: 0.0011100 seconds, Stopping threads took: 0.0000620 seconds
68.367: Application time: 0.0397100 seconds
68.367: [GC68.367: [ParNew: 17514K->1548K(18048K), 0.0009510 secs] 43754K->28811K(57984K), 0.0009790 secs] [Times: user=0.00 sys=0.00, real=0.00 secs] 
68.368: Total time for which application threads were stopped: 0.0011100 seconds, Stopping threads took: 0.0000720 seconds
68.409: Application time: 0.0405340 seconds
68.409: [GC68.409: [ParNew: 17519K->1548K(18048K), 0.0008540 secs] 44782K->29323K(57984K), 0.0008860 secs] [Times: user=0.00 sys=0.00, real=0.00 secs] 
68.410: Total time for which application threads were stopped: 0.0010310 seconds, Stopping threads took: 0.0000760 seconds
68.450: Application time: 0.0399050 seconds
68.450: [GC68.450: [ParNew: 17593K->1578K(18048K), 0.0008010 secs] 45368K->29865K(57984K), 0.0008320 secs] [Times: user=0.00 sys=0.00, real=0.00 secs] 
68.450: Total time for which application threads were stopped: 0.0009580 seconds, Stopping threads took: 0.0000640 seconds
68.492: Application time: 0.0414890 seconds
68.492: [GC68.492: [ParNew: 17549K->1036K(18048K), 0.0004790 secs] 45836K->29379K(57984K), 0.0005060 secs] [Times: user=0.01 sys=0.00, real=0.00 secs] 
68.493: Total time for which application threads were stopped: 0.0006710 seconds, Stopping threads took: 0.0001070 seconds
68.529: Application time: 0.0366720 seconds
68.529: [GC68.529: [ParNew: 16637K->1604K(18048K), 0.0007930 secs] 44980K->30460K(57984K), 0.0008240 secs] [Times: user=0.01 sys=0.00, real=0.00 secs] 
68.530: Total time for which application threads were stopped: 0.0009530 seconds, Stopping threads took: 0.0000670 seconds
68.569: Application time: 0.0388610 seconds
68.569: [GC68.569: [ParNew: 17570K->1550K(18048K), 0.0008410 secs] 46426K->31014K(57984K), 0.0008710 secs] [Times: user=0.01 sys=0.00, real=0.00 secs] 
68.570: Total time for which application threads were stopped: 0.0010780 seconds, Stopping threads took: 0.0001440 seconds
68.609: Application time: 0.0391340 seconds
68.609: [GC68.610: [ParNew: 17595K->1580K(18048K), 0.0007730 secs] 47059K->31556K(57984K), 0.0008040 secs] [Times: user=0.01 sys=0.00, real=0.00 secs] 
68.610: Total time for which application threads were stopped: 0.0009580 seconds, Stopping threads took: 0.0000940 seconds
68.650: Application time: 0.0392640 seconds
68.650: [GC68.650: [ParNew: 17546K->1546K(18048K), 0.0008340 secs] 47522K->32098K(57984K), 0.0008630 secs] [Times: user=0.01 sys=0.00, real=0.00 secs] 
68.651: Total time for which application threads were stopped: 0.0009960 seconds, Stopping threads took: 0.0000720 seconds
68.690: Application time: 0.0397400 seconds
68.690: [GC68.690: [ParNew: 17512K->1548K(18048K), 0.0008340 secs] 48064K->32612K(57984K), 0.0008630 secs] [Times: user=0.01 sys=0.00, real=0.00 secs] 
68.691: Total time for which application threads were stopped: 0.0009960 seconds, Stopping threads took: 0.0000730 seconds
68.730: Application time: 0.0383070 seconds
68.730: [GC68.730: [ParNew: 17159K->1606K(18048K), 0.0006190 secs] 48223K->32670K(57984K), 0.0006480 secs] [Times: user=0.01 sys=0.00, real=0.00 secs] 
68.730: Total time for which application threads were stopped: 0.0007830 seconds, Stopping threads took: 0.0000760 seconds
68.770: Application time: 0.0397890 seconds
68.770: [GC68.770: [ParNew: 17217K->1096K(18048K), 0.0004960 secs] 48281K->32256K(57984K), 0.0005310 secs] [Times: user=0.00 sys=0.00, real=0.00 secs] 
68.771: Total time for which application threads were stopped: 0.0006410 seconds, Stopping threads took: 0.0000560 seconds
68.808: Application time: 0.0369380 seconds
68.808: [GC68.808: [ParNew: 17054K->1548K(18048K), 0.0008230 secs] 48214K->33324K(57984K), 0.0008540 secs] [Times: user=0.01 sys=0.00, real=0.00 secs] 
68.809: Total time for which application threads were stopped: 0.0009890 seconds, Stopping threads took: 0.0000720 seconds
68.849: Application time: 0.0398830 seconds
68.849: [GC68.849: [ParNew: 17514K->1548K(18048K), 0.0007820 secs] 49290K->33836K(57984K), 0.0008130 secs] [Times: user=0.00 sys=0.00, real=0.00 secs] 
68.850: Total time for which application threads were stopped: 0.0009420 seconds, Stopping threads took: 0.0000680 seconds
68.890: Application time: 0.0402530 seconds
68.890: [GC68.890: [ParNew: 17519K->1546K(18048K), 0.0006100 secs] 49807K->33834K(57984K), 0.0006400 secs] [Times: user=0.00 sys=0.00, real=0.00 secs] 
68.891: Total time for which application threads were stopped: 0.0007640 seconds, Stopping threads took: 0.0000650 seconds
68.930: Application time: 0.0393990 seconds
68.930: [GC68.930: [ParNew: 17512K->1546K(18048K), 0.0006290 secs] 49800K->33834K(57984K), 0.0006580 secs] [Times: user=0.00 sys=0.00, real=0.00 secs] 
68.931: Total time for which application threads were stopped: 0.0007920 seconds, Stopping threads took: 0.0000660 seconds
68.972: Application time: 0.0406900 seconds
68.972: [GC68.972: [ParNew: 17516K->1034K(18048K), 0.0005250 secs] 49805K->33322K(57984K), 0.0005490 secs] [Times: user=0.00 sys=0.00, real=0.00 secs] 
68.972: Total time for which application threads were stopped: 0.0006670 seconds, Stopping threads took: 0.0000650 seconds
69.011: Application time: 0.0391370 seconds
69.011: [GC69.011: [ParNew: 17000K->1034K(18048K), 0.0004650 secs] 49288K->33322K(57984K), 0.0004910 secs] [Times: user=0.01 sys=0.00, real=0.00 secs] 
69.012: Total time for which application threads were stopped: 0.0006080 seconds, Stopping threads took: 0.0000600 seconds
69.051: Application time: 0.0392870 seconds
69.051: [GC69.051: [ParNew: 16992K->1546K(18048K), 0.0009350 secs] 49280K->34346K(57984K), 0.0009640 secs] [Times: user=0.01 sys=0.00, real=0.00 secs] 
69.052: Total time for which application threads were stopped: 0.0011000 seconds, Stopping threads took: 0.0000740 seconds
69.090: Application time: 0.0376320 seconds
69.090: [GC69.090: [ParNew: 17508K->1548K(18048K), 0.0009920 secs] 50308K->35372K(57984K), 0.0010240 secs] [Times: user=0.01 sys=0.00, real=0.00 secs] 
69.091: Total time for which application threads were stopped: 0.0011690 seconds, Stopping threads took: 0.0000820 seconds
69.133: Application time: 0.0419660 seconds
69.133: [GC69.133: [ParNew: 17597K->1580K(18048K), 0.0007870 secs] 51421K->35916K(57984K), 0.0008190 secs] [Times: user=0.00 sys=0.00, real=0.00 secs] 
69.134: Total time for which application threads were stopped: 0.0009480 seconds, Stopping threads took: 0.0000600 seconds
69.174: Application time: 0.0396370 seconds
69.174: [GC69.174: [ParNew: 17625K->1580K(18048K), 0.0007050 secs] 51961K->35980K(57984K), 0.0007320 secs] [Times: user=0.01 sys=0.00, real=0.00 secs] 
69.175: Total time for which application threads were stopped: 0.0008720 seconds, Stopping threads took: 0.0000850 seconds
69.215: Application time: 0.0400430 seconds
69.215: [GC69.215: [ParNew: 17627K->1578K(18048K), 0.0007000 secs] 52027K->36042K(57984K), 0.0007290 secs] [Times: user=0.00 sys=0.00, real=0.00 secs] 
69.215: Total time for which application threads were stopped: 0.0008490 seconds, Stopping threads took: 0.0000610 seconds
69.254: Application time: 0.0387890 seconds
69.254: [GC69.254: [ParNew: 17540K->1548K(18048K), 0.0008100 secs] 52005K->36588K(57984K), 0.0008400 secs] [Times: user=0.01 sys=0.00, real=0.00 secs] 
69.255: Total time for which application threads were stopped: 0.0010780 seconds, Stopping threads took: 0.0001640 seconds
69.295: Application time: 0.0399710 seconds
69.295: [GC69.295: [ParNew: 17593K->1580K(18048K), 0.0007820 secs] 52633K->37132K(57984K), 0.0008130 secs] [Times: user=0.00 sys=0.00, real=0.00 secs] 
69.296: Total time for which application threads were stopped: 0.0009500 seconds, Stopping threads took: 0.0000760 seconds
69.337: Application time: 0.0405960 seconds
69.337: [GC69.337: [ParNew: 17551K->1550K(18048K), 0.0006480 secs] 53103K->37166K(57984K), 0.0006800 secs] [Times: user=0.00 sys=0.00, real=0.01 secs] 
69.338: Total time for which application threads were stopped: 0.0008150 seconds, Stopping threads took: 0.0000760 seconds
69.375: Application time: 0.0369150 seconds
69.375: [GC69.375: [ParNew: 17157K->1606K(18048K), 0.0006230 secs] 52773K->37222K(57984K), 0.0006510 secs] [Times: user=0.00 sys=0.00, real=0.00 secs] 
69.375: Total time for which application threads were stopped: 0.0007850 seconds, Stopping threads took: 0.0000760 seconds
69.414: Application time: 0.0389550 seconds
69.414: [GC69.414: [ParNew: 17568K->1548K(18048K), 0.0008360 secs] 53185K->37772K(57984K), 0.0008650 secs] [Times: user=0.00 sys=0.00, real=0.00 secs] 
69.415: Total time for which application threads were stopped: 0.0009950 seconds, Stopping threads took: 0.0000690 seconds
69.454: Application time: 0.0384470 seconds
69.454: [GC69.454: [ParNew: 17155K->1608K(18048K), 0.0007940 secs] 53379K->38360K(57984K), 0.0008260 secs] [Times: user=0.01 sys=0.00, real=0.00 secs] 
69.455: Total time for which application threads were stopped: 0.0009850 seconds, Stopping threads took: 0.0000850 seconds
69.494: Application time: 0.0395850 seconds
69.494: [GC69.494: [ParNew: 17579K->1546K(18048K), 0.0006430 secs] 54331K->38394K(57984K), 0.0006750 secs] [Times: user=0.00 sys=0.00, real=0.00 secs] 
69.495: Total time for which application threads were stopped: 0.0008030 seconds, Stopping threads took: 0.0000680 seconds
69.536: Application time: 0.0407080 seconds
69.536: [GC69.536: [ParNew: 17516K->1036K(18048K), 0.0004430 secs] 54365K->37884K(57984K), 0.0004700 secs] [Times: user=0.00 sys=0.00, real=0.00 secs] 
69.536: Total time for which application threads were stopped: 0.0005900 seconds, Stopping threads took: 0.0000610 seconds
69.576: Application time: 0.0394030 seconds
69.576: [GC69.576: [ParNew: 17006K->524K(18048K), 0.0003440 secs] 53855K->37372K(57984K), 0.0003700 secs] [Times: user=0.00 sys=0.00, real=0.00 secs] 
69.576: Total time for which application threads were stopped: 0.0004840 seconds, Stopping threads took: 0.0000600 seconds
69.614: Application time: 0.0380370 seconds
69.615: [GC69.615: [ParNew: 16482K->1546K(18048K), 0.0006500 secs] 53330K->38394K(57984K), 0.0006810 secs] [Times: user=0.01 sys=0.00, real=0.00 secs] 
69.615: Total time for which application threads were stopped: 0.0009090 seconds, Stopping threads took: 0.0001650 seconds
69.655: Application time: 0.0394780 seconds
69.655: [GC69.655: [ParNew: 17504K->1546K(18048K), 0.0009800 secs] 54353K->39418K(57984K), 0.0010150 secs] [Times: user=0.01 sys=0.00, real=0.00 secs] 
69.656: Total time for which application threads were stopped: 0.0011410 seconds, Stopping threads took: 0.0000610 seconds
69.695: Application time: 0.0390310 seconds
69.695: [GC69.695: [ParNew: 17517K->1548K(18048K), 0.0007720 secs] 55389K->39932K(57984K), 0.0008010 secs] [Times: user=0.01 sys=0.00, real=0.00 secs] 
69.696: Total time for which application threads were stopped: 0.0009310 seconds, Stopping threads took: 0.0000700 seconds
69.736: Application time: 0.0399840 seconds
69.736: [GC69.736: [ParNew: 17519K->1546K(18048K), 0.0006310 secs] 55903K->39930K(57984K), 0.0006590 secs] [Times: user=0.00 sys=0.00, real=0.00 secs] 
69.737: Total time for which application threads were stopped: 0.0008050 seconds, Stopping threads took: 0.0000870 seconds
69.777: Application time: 0.0402610 seconds
69.777: [GC69.777: [ParNew: 17516K->1036K(18048K), 0.0004710 secs] 55901K->39420K(57984K), 0.0004980 secs] [Times: user=0.00 sys=0.00, real=0.01 secs] 
69.778: Total time for which application threads were stopped: 0.0006260 seconds, Stopping threads took: 0.0000600 seconds
69.817: Application time: 0.0398080 seconds
69.817: [GC69.818: [ParNew: 17080K->1066K(18048K), 0.0005110 secs] 55465K->39450K(57984K), 0.0005380 secs] [Times: user=0.01 sys=0.00, real=0.00 secs] 
69.818: Total time for which application threads were stopped: 0.0006940 seconds, Stopping threads took: 0.0000990 seconds
69.858: Application time: 0.0397390 seconds
69.858: [GC69.858: [ParNew: 16677K->582K(18048K), 0.0003850 secs] 55062K->39038K(57984K), 0.0004120 secs] [Times: user=0.00 sys=0.00, real=0.00 secs] 
69.858: Total time for which application threads were stopped: 0.0005280 seconds, Stopping threads took: 0.0000600 seconds
69.898: Application time: 0.0396540 seconds
69.898: [GC69.898: [ParNew: 16548K->582K(18048K), 0.0003910 secs] 55005K->39038K(57984K), 0.0004180 secs] [Times: user=0.01 sys=0.00, real=0.00 secs] 
69.899: Total time for which application threads were stopped: 0.0005400 seconds, Stopping threads took: 0.0000690 seconds
69.935: Application time: 0.0368700 seconds
69.936: [GC69.936: [ParNew: 16532K->1608K(18048K), 0.0009960 secs] 54988K->41088K(57984K), 0.0010280 secs] [Times: user=0.01 sys=0.00, real=0.00 secs] 
69.937: Total time for which application threads were stopped: 0.0011600 seconds, Stopping threads took: 0.0000680 seconds
69.974: Application time: 0.0378120 seconds
69.975: [GC69.975: [ParNew (promotion failed): 17649K->17621K(18048K), 0.0010460 secs]69.976: [Tenured: 40600K->8482K(40960K), 0.0062650 secs] 57129K->8482K(59008K), [Perm : 5145K->5142K(21248K)], 0.0074150 secs] [Times: user=0.02 sys=0.00, real=0.01 secs] 
69.982: Total time for which application threads were stopped: 0.0075810 seconds, Stopping threads took: 0.0000860 seconds
70.022: Application time: 0.0402870 seconds
70.022: [GC70.022: [ParNew: 16049K->1578K(18048K), 0.0009730 secs] 24531K->11085K(57984K), 0.0010050 secs] [Times: user=0.00 sys=0.00, real=0.00 secs] 
70.023: Total time for which application threads were stopped: 0.0011310 seconds, Stopping threads took: 0.0000600 seconds
70.064: Application time: 0.0405030 seconds
70.064: [GC70.064: [ParNew: 17623K->1578K(18048K), 0.0009660 secs] 27130K->12157K(57984K), 0.0009980 secs] [Times: user=0.01 sys=0.00, real=0.00 secs] 
70.065: Total time for which application threads were stopped: 0.0011440 seconds, Stopping threads took: 0.0000830 seconds
70.105: Application time: 0.0396910 seconds
70.105: [GC70.105: [ParNew: 17193K->1606K(18048K), 0.0006410 secs] 27772K->12257K(57984K), 0.0006710 secs] [Times: user=0.01 sys=0.00, real=0.01 secs] 
70.106: Total time for which application threads were stopped: 0.0007980 seconds, Stopping threads took: 0.0000680 seconds
70.145: Application time: 0.0398890 seconds
70.146: [GC70.146: [ParNew: 17579K->520K(18048K), 0.0003310 secs] 28230K->11275K(57984K), 0.0003550 secs] [Times: user=0.01 sys=0.00, real=0.00 secs] 
70.146: Total time for which application threads were stopped: 0.0004660 seconds, Stopping threads took: 0.0000570 seconds
70.186: Application time: 0.0400200 seconds
70.186: [GC70.186: [ParNew: 16486K->522K(18048K), 0.0003430 secs] 27241K->11277K(57984K), 0.0003690 secs] [Times: user=0.00 sys=0.00, real=0.00 secs] 
70.186: Total time for which application threads were stopped: 0.0004790 seconds, Stopping threads took: 0.0000560 seconds
70.223: Application time: 0.0364110 seconds
70.223: [GC70.223: [ParNew: 16472K->1550K(18048K), 0.0009440 secs] 27227K->13329K(57984K), 0.0009760 secs] [Times: user=0.01 sys=0.00, real=0.00 secs] 
70.224: Total time for which application threads were stopped: 0.0010960 seconds, Stopping threads took: 0.0000590 seconds
70.265: Application time: 0.0408300 seconds
70.265: [GC70.265: [ParNew: 17521K->1548K(18048K), 0.0008380 secs] 29300K->13839K(57984K), 0.0008700 secs] [Times: user=0.01 sys=0.00, real=0.01 secs] 
70.266: Total time for which application threads were stopped: 0.0010030 seconds, Stopping threads took: 0.0000700 seconds
70.306: Application time: 0.0404810 seconds
70.306: [GC70.306: [ParNew: 17514K->1548K(18048K), 0.0008570 secs] 29805K->14351K(57984K), 0.0008980 secs] [Times: user=0.01 sys=0.00, real=0.00 secs] 
70.307: Total time for which application threads were stopped: 0.0010440 seconds, Stopping threads took: 0.0000840 seconds
70.347: Application time: 0.0393300 seconds
70.347: [GC70.347: [ParNew: 17519K->1546K(18048K), 0.0006040 secs] 30322K->14349K(57984K), 0.0006330 secs] [Times: user=0.00 sys=0.00, real=0.00 secs] 
70.347: Total time for which application threads were stopped: 0.0007870 seconds, Stopping threads took: 0.0000930 seconds
70.388: Application time: 0.0410820 seconds
70.389: [GC70.389: [ParNew: 17516K->1034K(18048K), 0.0004990 secs] 30320K->13837K(57984K), 0.0005250 secs] [Times: user=0.01 sys=0.00, real=0.00 secs] 
70.389: Total time for which application threads were stopped: 0.0006410 seconds, Stopping threads took: 0.0000600 seconds
70.427: Application time: 0.0381470 seconds
70.427: [GC70.427: [ParNew: 16988K->1546K(18048K), 0.0009120 secs] 29791K->15373K(57984K), 0.0009440 secs] [Times: user=0.01 sys=0.00, real=0.00 secs] 
70.428: Total time for which application threads were stopped: 0.0010690 seconds, Stopping threads took: 0.0000620 seconds
70.469: Application time: 0.0409260 seconds
70.469: [GC70.469: [ParNew: 17597K->1578K(18048K), 0.0006040 secs] 31424K->15405K(57984K), 0.0006320 secs] [Times: user=0.01 sys=0.00, real=0.00 secs] 
70.470: Total time for which application threads were stopped: 0.0007780 seconds, Stopping threads took: 0.0000860 seconds
70.508: Application time: 0.0375250 seconds
70.508: [GC70.508: [ParNew: 17176K->1606K(18048K), 0.0010590 secs] 31004K->16521K(57984K), 0.0010890 secs] [Times: user=0.01 sys=0.00, real=0.00 secs] 
70.509: Total time for which application threads were stopped: 0.0012250 seconds, Stopping threads took: 0.0000660 seconds
70.549: Application time: 0.0404640 seconds
70.549: [GC70.549: [ParNew: 17577K->1548K(18048K), 0.0008520 secs] 32492K->17071K(57984K), 0.0008820 secs] [Times: user=0.01 sys=0.00, real=0.00 secs] 
70.550: Total time for which application threads were stopped: 0.0010090 seconds, Stopping threads took: 0.0000680 seconds
70.591: Application time: 0.0403700 seconds
70.591: [GC70.591: [ParNew: 17519K->1546K(18048K), 0.0006430 secs] 33042K->17069K(57984K), 0.0006690 secs] [Times: user=0.01 sys=0.00, real=0.00 secs] 
70.591: Total time for which application threads were stopped: 0.0008280 seconds, Stopping threads took: 0.0001020 seconds
70.630: Application time: 0.0388760 seconds
70.630: [GC70.630: [ParNew: 17586K->1576K(18048K), 0.0007600 secs] 33110K->17611K(57984K), 0.0007910 secs] [Times: user=0.00 sys=0.00, real=0.00 secs] 
70.631: Total time for which application threads were stopped: 0.0009410 seconds, Stopping threads took: 0.0000860 seconds
70.671: Application time: 0.0401810 seconds
70.672: [GC70.672: [ParNew: 17547K->1548K(18048K), 0.0006970 secs] 33582K->17647K(57984K), 0.0007260 secs] [Times: user=0.01 sys=0.00, real=0.00 secs] 
70.672: Total time for which application threads were stopped: 0.0008490 seconds, Stopping threads took: 0.0000640 seconds
70.713: Application time: 0.0404810 seconds
70.713: [GC70.713: [ParNew: 17593K->1578K(18048K), 0.0006430 secs] 33692K->17677K(57984K), 0.0006730 secs] [Times: user=0.01 sys=0.00, real=0.00 secs] 
70.714: Total time for which application threads were stopped: 0.0008160 seconds, Stopping threads took: 0.0000830 seconds
70.753: Application time: 0.0391940 seconds
70.753: [GC70.753: [ParNew: 17627K->1064K(18048K), 0.0004670 secs] 33726K->17235K(57984K), 0.0004940 secs] [Times: user=0.00 sys=0.00, real=0.00 secs] 
70.753: Total time for which application threads were stopped: 0.0006180 seconds, Stopping threads took: 0.0000670 seconds
70.793: Application time: 0.0393010 seconds
70.793: [GC70.793: [ParNew: 16679K->70K(18048K), 0.0002670 secs] 32851K->16313K(57984K), 0.0002910 secs] [Times: user=0.00 sys=0.00, real=0.00 secs] 
70.793: Total time for which application threads were stopped: 0.0004710 seconds, Stopping threads took: 0.0001290 seconds
70.829: Application time: 0.0360490 seconds
70.829: [GC70.829: [ParNew: 16011K->1608K(18048K), 0.0011430 secs] 32255K->19387K(57984K), 0.0011860 secs] [Times: user=0.01 sys=0.00, real=0.00 secs] 
70.831: Total time for which application threads were stopped: 0.0013300 seconds, Stopping threads took: 0.0000760 seconds
70.872: Application time: 0.0412830 seconds
70.872: [GC70.872: [ParNew: 17579K->1548K(18048K), 0.0010230 secs] 35358K->20447K(57984K), 0.0010540 secs] [Times: user=0.00 sys=0.00, real=0.00 secs] 
70.873: Total time for which application threads were stopped: 0.0012180 seconds, Stopping threads took: 0.0001010 seconds
70.912: Application time: 0.0388360 seconds
70.912: [GC70.912: [ParNew: 17514K->1548K(18048K), 0.0009890 secs] 36414K->21471K(57984K), 0.0010210 secs] [Times: user=0.01 sys=0.00, real=0.00 secs] 
70.913: Total time for which application threads were stopped: 0.0011460 seconds, Stopping threads took: 0.0000610 seconds
70.952: Application time: 0.0394090 seconds
70.953: [GC70.953: [ParNew: 17519K->1548K(18048K), 0.0008280 secs] 37442K->21983K(57984K), 0.0008590 secs] [Times: user=0.00 sys=0.00, real=0.00 secs] 
70.954: Total time for which application threads were stopped: 0.0010380 seconds, Stopping threads took: 0.0001190 seconds
70.995: Application time: 0.0414220 seconds
70.995: [GC70.995: [ParNew: 17514K->1546K(18048K), 0.0008870 secs] 37950K->22493K(57984K), 0.0009170 secs] [Times: user=0.00 sys=0.00, real=0.00 secs] 
70.996: Total time for which application threads were stopped: 0.0010620 seconds, Stopping threads took: 0.0000850 seconds
71.034: Application time: 0.0382580 seconds
71.034: [GC71.034: [ParNew: 17510K->1548K(18048K), 0.0007610 secs] 38458K->23007K(57984K), 0.0007930 secs] [Times: user=0.01 sys=0.00, real=0.00 secs] 
71.035: Total time for which application threads were stopped: 0.0009280 seconds, Stopping threads took: 0.0000660 seconds
71.075: Application time: 0.0396970 seconds
71.075: [GC71.075: [ParNew: 17510K->1548K(18048K), 0.0009330 secs] 38970K->24031K(57984K), 0.0009620 secs] [Times: user=0.01 sys=0.00, real=0.00 secs] 
71.076: Total time for which application threads were stopped: 0.0010880 seconds, Stopping threads took: 0.0000640 seconds
71.116: Application time: 0.0400890 seconds
71.116: [GC71.116: [ParNew: 17516K->1546K(18048K), 0.0007890 secs] 40000K->24541K(57984K), 0.0008190 secs] [Times: user=0.00 sys=0.00, real=0.00 secs] 
71.117: Total time for which application threads were stopped: 0.0009420 seconds, Stopping threads took: 0.0000610 seconds
71.155: Application time: 0.0384620 seconds
71.156: [GC71.156: [ParNew: 17157K->1608K(18048K), 0.0006880 secs] 40152K->24603K(57984K), 0.0007190 secs] [Times: user=0.00 sys=0.00, real=0.00 secs] 
71.156: Total time for which application threads were stopped: 0.0008560 seconds, Stopping threads took: 0.0000790 seconds
71.197: Application time: 0.0404070 seconds
71.197: [GC71.197: [ParNew: 17657K->1066K(18048K), 0.0005110 secs] 40653K->24157K(57984K), 0.0005380 secs] [Times: user=0.00 sys=0.00, real=0.01 secs] 
71.197: Total time for which application threads were stopped: 0.0006680 seconds, Stopping threads took: 0.0000710 seconds
71.236: Application time: 0.0388330 seconds
71.236: [GC71.236: [ParNew: 17028K->1546K(18048K), 0.0006230 secs] 40120K->24693K(57984K), 0.0006530 secs] [Times: user=0.00 sys=0.00, real=0.00 secs] 
71.237: Total time for which application threads were stopped: 0.0007850 seconds, Stopping threads took: 0.0000720 seconds
71.275: Application time: 0.0375580 seconds
71.275: [GC71.275: [ParNew: 17504K->1550K(18048K), 0.0009350 secs] 40652K->25721K(57984K), 0.0009690 secs] [Times: user=0.01 sys=0.00, real=0.00 secs] 
71.276: Total time for which application threads were stopped: 0.0010910 seconds, Stopping threads took: 0.0000570 seconds
71.316: Application time: 0.0406370 seconds
71.316: [GC71.316: [ParNew: 17599K->1576K(18048K), 0.0008240 secs] 41771K->26259K(57984K), 0.0008570 secs] [Times: user=0.01 sys=0.00, real=0.01 secs] 
71.317: Total time for which application threads were stopped: 0.0009800 seconds, Stopping threads took: 0.0000530 seconds
71.358: Application time: 0.0411150 seconds
71.359: [GC71.359: [ParNew: 17544K->1546K(18048K), 0.0006430 secs] 42228K->26293K(57984K), 0.0006740 secs] [Times: user=0.00 sys=0.00, real=0.00 secs] 
71.359: Total time for which application threads were stopped: 0.0008980 seconds, Stopping threads took: 0.0001640 seconds
71.399: Application time: 0.0392990 seconds
71.399: [GC71.399: [ParNew: 17591K->1578K(18048K), 0.0006380 secs] 42338K->26325K(57984K), 0.0006690 secs] [Times: user=0.00 sys=0.00, real=0.00 secs] 
71.399: Total time for which application threads were stopped: 0.0007970 seconds, Stopping threads took: 0.0000670 seconds
71.440: Application time: 0.0405030 seconds
71.440: [GC71.440: [ParNew: 17622K->1580K(18048K), 0.0006460 secs] 42370K->26392K(57984K), 0.0006750 secs] [Times: user=0.01 sys=0.00, real=0.00 secs] 
71.441: Total time for which application threads were stopped: 0.0008130 seconds, Stopping threads took: 0.0000790 seconds
71.480: Application time: 0.0387770 seconds
71.480: [GC71.480: [ParNew: 17195K->582K(18048K), 0.0003480 secs] 42007K->25466K(57984K), 0.0003760 secs] [Times: user=0.00 sys=0.00, real=0.00 secs] 
71.480: Total time for which application threads were stopped: 0.0005310 seconds, Stopping threads took: 0.0001000 seconds
71.519: Application time: 0.0389930 seconds
71.519: [GC71.519: [ParNew: 16540K->1606K(18048K), 0.0006950 secs] 41424K->26490K(57984K), 0.0007230 secs] [Times: user=0.01 sys=0.00, real=0.00 secs] 
71.520: Total time for which application threads were stopped: 0.0008690 seconds, Stopping threads took: 0.0000860 seconds
71.558: Application time: 0.0378320 seconds
71.558: [GC71.558: [ParNew: 17564K->1548K(18048K), 0.0010420 secs] 42448K->27560K(57984K), 0.0010740 secs] [Times: user=0.00 sys=0.00, real=0.00 secs] 
71.559: Total time for which application threads were stopped: 0.0012350 seconds, Stopping threads took: 0.0000840 seconds
71.599: Application time: 0.0400710 seconds
71.599: [GC71.599: [ParNew: 17519K->1546K(18048K), 0.0007760 secs] 43530K->28070K(57984K), 0.0008080 secs] [Times: user=0.01 sys=0.00, real=0.00 secs] 
71.600: Total time for which application threads were stopped: 0.0009570 seconds, Stopping threads took: 0.0000880 seconds
71.640: Application time: 0.0395000 seconds
71.640: [GC71.640: [ParNew: 17517K->1546K(18048K), 0.0006420 secs] 44040K->28070K(57984K), 0.0006710 secs] [Times: user=0.01 sys=0.00, real=0.00 secs] 
71.640: Total time for which application threads were stopped: 0.0007990 seconds, Stopping threads took: 0.0000690 seconds
71.680: Application time: 0.0398410 seconds
71.680: [GC71.680: [ParNew: 17516K->1034K(18048K), 0.0004570 secs] 44040K->27558K(57984K), 0.0004840 secs] [Times: user=0.01 sys=0.00, real=0.00 secs] 
71.681: Total time for which application threads were stopped: 0.0006060 seconds, Stopping threads took: 0.0000660 seconds
71.721: Application time: 0.0403650 seconds
71.721: [GC71.721: [ParNew: 17004K->522K(18048K), 0.0003120 secs] 43528K->27046K(57984K), 0.0003370 secs] [Times: user=0.00 sys=0.00, real=0.00 secs] 
71.722: Total time for which application threads were stopped: 0.0004710 seconds, Stopping threads took: 0.0000820 seconds
71.759: Application time: 0.0376710 seconds
71.760: [GC71.760: [ParNew: 16480K->1544K(18048K), 0.0005930 secs] 43004K->28068K(57984K), 0.0006200 secs] [Times: user=0.00 sys=0.00, real=0.00 secs] 
71.760: Total time for which application threads were stopped: 0.0008470 seconds, Stopping threads took: 0.0001690 seconds
71.798: Application time: 0.0381070 seconds
71.798: [GC71.798: [ParNew: 17151K->1608K(18048K), 0.0006430 secs] 43675K->28132K(57984K), 0.0006730 secs] [Times: user=0.00 sys=0.00, real=0.00 secs] 
71.799: Total time for which application threads were stopped: 0.0008120 seconds, Stopping threads took: 0.0000790 seconds
71.839: Application time: 0.0398480 seconds
71.839: [GC71.839: [ParNew: 17657K->1064K(18048K), 0.0007260 secs] 44181K->27684K(57984K), 0.0007540 secs] [Times: user=0.00 sys=0.00, real=0.00 secs] 
71.840: Total time for which application threads were stopped: 0.0008780 seconds, Stopping threads took: 0.0000580 seconds
71.880: Application time: 0.0399140 seconds
71.880: [GC71.880: [ParNew: 17035K->520K(18048K), 0.0004080 secs] 43655K->27196K(57984K), 0.0004340 secs] [Times: user=0.00 sys=0.00, real=0.00 secs] 
71.880: Total time for which application threads were stopped: 0.0006750 seconds, Stopping threads took: 0.0001850 seconds
71.921: Application time: 0.0406420 seconds
71.921: [GC71.921: [ParNew: 16486K->520K(18048K), 0.0003920 secs] 43162K->27196K(57984K), 0.0004230 secs] [Times: user=0.00 sys=0.00, real=0.00 secs] 
71.922: Total time for which application threads were stopped: 0.0005560 seconds, Stopping threads took: 0.0000780 seconds
71.962: Application time: 0.0401070 seconds
71.962: [GC71.962: [ParNew: 16490K->10K(18048K), 0.0002960 secs] 43166K->26686K(57984K), 0.0003210 secs] [Times: user=0.00 sys=0.00, real=0.00 secs] 
71.962: Total time for which application threads were stopped: 0.0004270 seconds, Stopping threads took: 0.0000530 seconds
71.997: Application time: 0.0350480 seconds
71.997: [GC71.997: [ParNew: 16025K->1578K(18048K), 0.0013990 secs] 42701K->30302K(57984K), 0.0014340 secs] [Times: user=0.01 sys=0.00, real=0.00 secs] 
71.999: Total time for which application threads were stopped: 0.0015750 seconds, Stopping threads took: 0.0000750 seconds
72.039: Application time: 0.0402190 seconds
72.039: [GC72.039: [ParNew: 17551K->1548K(18048K), 0.0010010 secs] 46275K->31352K(57984K), 0.0010340 secs] [Times: user=0.01 sys=0.00, real=0.00 secs] 
72.040: Total time for which application threads were stopped: 0.0012200 seconds, Stopping threads took: 0.0001210 seconds
72.080: Application time: 0.0398790 seconds
72.080: [GC72.080: [ParNew: 17163K->1606K(18048K), 0.0006300 secs] 46967K->31410K(57984K), 0.0006580 secs] [Times: user=0.00 sys=0.00, real=0.00 secs] 
72.081: Total time for which application threads were stopped: 0.0007810 seconds, Stopping threads took: 0.0000540 seconds
72.121: Application time: 0.0398490 seconds
72.121: [GC72.121: [ParNew: 17655K->1066K(18048K), 0.0004890 secs] 47459K->30982K(57984K), 0.0005160 secs] [Times: user=0.00 sys=0.00, real=0.00 secs] 
72.121: Total time for which application threads were stopped: 0.0006570 seconds, Stopping threads took: 0.0000830 seconds
72.162: Application time: 0.0406160 seconds
72.162: [GC72.162: [ParNew: 17111K->552K(18048K), 0.0004140 secs] 47027K->30540K(57984K), 0.0004400 secs] [Times: user=0.00 sys=0.00, real=0.00 secs] 
72.163: Total time for which application threads were stopped: 0.0006520 seconds, Stopping threads took: 0.0001590 seconds
72.200: Application time: 0.0373560 seconds
72.200: [GC72.200: [ParNew: 16516K->1064K(18048K), 0.0004470 secs] 46505K->31052K(57984K), 0.0004760 secs] [Times: user=0.00 sys=0.00, real=0.00 secs] 
72.201: Total time for which application threads were stopped: 0.0005970 seconds, Stopping threads took: 0.0000610 seconds
72.242: Application time: 0.0410890 seconds
72.242: [GC72.242: [ParNew: 17035K->522K(18048K), 0.0003180 secs] 47023K->30574K(57984K), 0.0003440 secs] [Times: user=0.00 sys=0.00, real=0.00 secs] 
72.242: Total time for which application threads were stopped: 0.0005420 seconds, Stopping threads took: 0.0001410 seconds
72.279: Application time: 0.0371700 seconds
72.280: [GC72.280: [ParNew: 16476K->1546K(18048K), 0.0007530 secs] 46528K->32110K(57984K), 0.0007850 secs] [Times: user=0.01 sys=0.00, real=0.00 secs] 
72.280: Total time for which application threads were stopped: 0.0009240 seconds, Stopping threads took: 0.0000750 seconds
72.320: Application time: 0.0398250 seconds
72.320: [GC72.320: [ParNew: 17506K->1546K(18048K), 0.0010460 secs] 48070K->33134K(57984K), 0.0010790 secs] [Times: user=0.00 sys=0.00, real=0.00 secs] 
72.321: Total time for which application threads were stopped: 0.0013160 seconds, Stopping threads took: 0.0001710 seconds
72.361: Application time: 0.0394770 seconds
72.361: [GC72.361: [ParNew: 17508K->1550K(18048K), 0.0012150 secs] 49097K->34674K(57984K), 0.0012620 secs] [Times: user=0.01 sys=0.00, real=0.00 secs] 
72.362: Total time for which application threads were stopped: 0.0014050 seconds, Stopping threads took: 0.0000750 seconds
72.402: Application time: 0.0392950 seconds
72.402: [GC72.402: [ParNew: 17521K->1548K(18048K), 0.0010050 secs] 50645K->35696K(57984K), 0.0010490 secs] [Times: user=0.01 sys=0.00, real=0.00 secs] 
72.403: Total time for which application threads were stopped: 0.0011940 seconds, Stopping threads took: 0.0000820 seconds
72.443: Application time: 0.0396920 seconds
72.443: [GC72.443: [ParNew: 17519K->1550K(18048K), 0.0007620 secs] 51667K->36210K(57984K), 0.0007920 secs] [Times: user=0.00 sys=0.00, real=0.00 secs] 
72.443: Total time for which application threads were stopped: 0.0009280 seconds, Stopping threads took: 0.0000740 seconds
72.484: Application time: 0.0401140 seconds
72.484: [GC72.484: [ParNew: 17244K->1124K(18048K), 0.0005060 secs] 51904K->35784K(57984K), 0.0005340 secs] [Times: user=0.00 sys=0.00, real=0.00 secs] 
72.484: Total time for which application threads were stopped: 0.0006570 seconds, Stopping threads took: 0.0000660 seconds
72.522: Application time: 0.0378220 seconds
72.522: [GC72.522: [ParNew: 17078K->1548K(18048K), 0.0009870 secs] 51738K->37360K(57984K), 0.0010180 secs] [Times: user=0.01 sys=0.00, real=0.00 secs] 
72.523: Total time for which application threads were stopped: 0.0011550 seconds, Stopping threads took: 0.0000750 seconds
72.563: Application time: 0.0397740 seconds
72.563: [GC72.563: [ParNew: 17514K->1548K(18048K), 0.0010480 secs] 53327K->38384K(57984K), 0.0010770 secs] [Times: user=0.00 sys=0.00, real=0.00 secs] 
72.564: Total time for which application threads were stopped: 0.0012000 seconds, Stopping threads took: 0.0000630 seconds
72.603: Application time: 0.0389410 seconds
72.603: [GC72.603: [ParNew: 17519K->1546K(18048K), 0.0008000 secs] 54355K->38894K(57984K), 0.0008300 secs] [Times: user=0.00 sys=0.00, real=0.00 secs] 
72.604: Total time for which application threads were stopped: 0.0009690 seconds, Stopping threads took: 0.0000690 seconds
72.644: Application time: 0.0396480 seconds
72.644: [GC72.644: [ParNew: 17591K->1574K(18048K), 0.0007910 secs] 54939K->39434K(57984K), 0.0008210 secs] [Times: user=0.01 sys=0.00, real=0.00 secs] 
72.645: Total time for which application threads were stopped: 0.0009420 seconds, Stopping threads took: 0.0000600 seconds
72.684: Application time: 0.0390590 seconds
72.684: [GC72.684: [ParNew: 17536K->1548K(18048K), 0.0009850 secs] 55397K->40488K(57984K), 0.0010160 secs] [Times: user=0.01 sys=0.00, real=0.00 secs] 
72.685: Total time for which application threads were stopped: 0.0011550 seconds, Stopping threads took: 0.0000740 seconds
72.725: Application time: 0.0400850 seconds
72.725: [GC72.725: [ParNew: 17519K->1546K(18048K), 0.0008140 secs] 56459K->40998K(57984K), 0.0008440 secs] [Times: user=0.00 sys=0.00, real=0.01 secs] 
72.726: Total time for which application threads were stopped: 0.0009730 seconds, Stopping threads took: 0.0000670 seconds
72.766: Application time: 0.0397970 seconds
72.766: [GC72.766: [ParNew: 17151K->17151K(18048K), 0.0000100 secs]72.766: [Tenured: 39452K->8627K(39936K), 0.0049830 secs] 56603K->8627K(57984K), [Perm : 5143K->5143K(21248K)], 0.0050370 secs] [Times: user=0.00 sys=0.00, real=0.00 secs] 
72.771: Total time for which application threads were stopped: 0.0051710 seconds, Stopping threads took: 0.0000650 seconds
72.812: Application time: 0.0409040 seconds
72.812: [GC72.812: [ParNew: 16049K->1578K(18048K), 0.0006710 secs] 24676K->10205K(57984K), 0.0006990 secs] [Times: user=0.00 sys=0.00, real=0.00 secs] 
72.813: Total time for which application threads were stopped: 0.0008250 seconds, Stopping threads took: 0.0000650 seconds
72.852: Application time: 0.0396590 seconds
72.852: [GC72.852: [ParNew: 17623K->1580K(18048K), 0.0005920 secs] 26250K->10263K(57984K), 0.0006210 secs] [Times: user=0.00 sys=0.00, real=0.00 secs] 
72.853: Total time for which application threads were stopped: 0.0007450 seconds, Stopping threads took: 0.0000640 seconds
72.894: Application time: 0.0407750 seconds
72.894: [GC72.894: [ParNew: 17551K->1034K(18048K), 0.0004470 secs] 26234K->9797K(57984K), 0.0004840 secs] [Times: user=0.00 sys=0.00, real=0.00 secs] 
72.894: Total time for which application threads were stopped: 0.0005930 seconds, Stopping threads took: 0.0000520 seconds
72.934: Application time: 0.0399620 seconds
72.935: [GC72.935: [ParNew: 17004K->522K(18048K), 0.0003790 secs] 25768K->9285K(57984K), 0.0004040 secs] [Times: user=0.00 sys=0.00, real=0.00 secs] 
72.935: Total time for which application threads were stopped: 0.0005130 seconds, Stopping threads took: 0.0000560 seconds
72.975: Application time: 0.0403050 seconds
72.975: [GC72.975: [ParNew: 16492K->10K(18048K), 0.0002320 secs] 25256K->8773K(57984K), 0.0002570 secs] [Times: user=0.01 sys=0.00, real=0.00 secs] 
72.976: Total time for which application threads were stopped: 0.0003620 seconds, Stopping threads took: 0.0000550 seconds
73.010: Application time: 0.0340870 seconds
73.010: [GC73.010: [ParNew: 15947K->1550K(18048K), 0.0013630 secs] 24710K->12361K(57984K), 0.0013990 secs] [Times: user=0.01 sys=0.00, real=0.00 secs] 
73.011: Total time for which application threads were stopped: 0.0015390 seconds, Stopping threads took: 0.0000730 seconds
73.052: Application time: 0.0404030 seconds
73.052: [GC73.052: [ParNew: 17523K->1548K(18048K), 0.0009240 secs] 28334K->13383K(57984K), 0.0009560 secs] [Times: user=0.00 sys=0.00, real=0.00 secs] 
73.053: Total time for which application threads were stopped: 0.0010960 seconds, Stopping threads took: 0.0000780 seconds
73.093: Application time: 0.0401290 seconds
73.093: [GC73.093: [ParNew: 17597K->1576K(18048K), 0.0024710 secs] 29432K->13923K(57984K), 0.0025060 secs] [Times: user=0.01 sys=0.00, real=0.00 secs] 
73.096: Total time for which application threads were stopped: 0.0026370 seconds, Stopping threads took: 0.0000670 seconds
73.136: Application time: 0.0407480 seconds
73.136: [GC73.136: [ParNew: 17625K->1578K(18048K), 0.0006580 secs] 29972K->13973K(57984K), 0.0006870 secs] [Times: user=0.00 sys=0.00, real=0.00 secs] 
73.137: Total time for which application threads were stopped: 0.0008130 seconds, Stopping threads took: 0.0000580 seconds
73.178: Application time: 0.0409700 seconds
73.178: [GC73.178: [ParNew: 17627K->1062K(18048K), 0.0005300 secs] 30022K->13529K(57984K), 0.0005560 secs] [Times: user=0.00 sys=0.00, real=0.00 secs] 
73.179: Total time for which application threads were stopped: 0.0006660 seconds, Stopping threads took: 0.0000540 seconds
73.218: Application time: 0.0396950 seconds
73.219: [GC73.219: [ParNew: 17033K->522K(18048K), 0.0004040 secs] 29500K->13045K(57984K), 0.0004290 secs] [Times: user=0.00 sys=0.00, real=0.00 secs] 
73.219: Total time for which application threads were stopped: 0.0005410 seconds, Stopping threads took: 0.0000580 seconds
73.259: Application time: 0.0405080 seconds
73.260: [GC73.260: [ParNew: 16492K->10K(18048K), 0.0002400 secs] 29016K->12533K(57984K), 0.0002640 secs] [Times: user=0.00 sys=0.00, real=0.00 secs] 
73.260: Total time for which application threads were stopped: 0.0003810 seconds, Stopping threads took: 0.0000660 seconds
73.294: Application time: 0.0342800 seconds
73.294: [GC73.294: [ParNew: 15951K->1548K(18048K), 0.0011930 secs] 28475K->15607K(57984K), 0.0012280 secs] [Times: user=0.01 sys=0.00, real=0.00 secs] 
73.296: Total time for which application threads were stopped: 0.0014610 seconds, Stopping threads took: 0.0001660 seconds
73.337: Application time: 0.0410520 seconds
73.337: [GC73.337: [ParNew: 17597K->1578K(18048K), 0.0010550 secs] 31656K->16661K(57984K), 0.0010890 secs] [Times: user=0.00 sys=0.00, real=0.01 secs] 
73.338: Total time for which application threads were stopped: 0.0012510 seconds, Stopping threads took: 0.0000980 seconds
73.379: Application time: 0.0408600 seconds
73.379: [GC73.379: [ParNew: 17549K->1544K(18048K), 0.0007790 secs] 32632K->17211K(57984K), 0.0008120 secs] [Times: user=0.01 sys=0.00, real=0.00 secs] 
73.380: Total time for which application threads were stopped: 0.0009340 seconds, Stopping threads took: 0.0000580 seconds
73.418: Application time: 0.0387900 seconds
73.419: [GC73.419: [ParNew: 17593K->1576K(18048K), 0.0007360 secs] 33260K->17243K(57984K), 0.0007710 secs] [Times: user=0.00 sys=0.00, real=0.00 secs] 
73.419: Total time for which application threads were stopped: 0.0009850 seconds, Stopping threads took: 0.0001550 seconds
73.460: Application time: 0.0404900 seconds
73.460: [GC73.460: [ParNew: 17625K->1062K(18048K), 0.0004820 secs] 33293K->16793K(57984K), 0.0005080 secs] [Times: user=0.01 sys=0.00, real=0.00 secs] 
73.461: Total time for which application threads were stopped: 0.0006760 seconds, Stopping threads took: 0.0001110 seconds
73.499: Application time: 0.0379090 seconds
73.499: [GC73.499: [ParNew: 17122K->1604K(18048K), 0.0007970 secs] 32854K->17911K(57984K), 0.0008270 secs] [Times: user=0.01 sys=0.00, real=0.00 secs] 
73.500: Total time for which application threads were stopped: 0.0009540 seconds, Stopping threads took: 0.0000600 seconds
73.539: Application time: 0.0398750 seconds
73.540: [GC73.540: [ParNew: 17620K->1576K(18048K), 0.0009760 secs] 33928K->18987K(57984K), 0.0010080 secs] [Times: user=0.01 sys=0.00, real=0.00 secs] 
73.541: Total time for which application threads were stopped: 0.0011360 seconds, Stopping threads took: 0.0000630 seconds
73.581: Application time: 0.0403420 seconds
73.581: [GC73.581: [ParNew: 17547K->1546K(18048K), 0.0007950 secs] 34958K->19533K(57984K), 0.0008240 secs] [Times: user=0.01 sys=0.00, real=0.00 secs] 
73.582: Total time for which application threads were stopped: 0.0009550 seconds, Stopping threads took: 0.0000690 seconds
73.622: Application time: 0.0406540 seconds
73.623: [GC73.623: [ParNew: 17512K->1546K(18048K), 0.0008260 secs] 35500K->20045K(57984K), 0.0008560 secs] [Times: user=0.00 sys=0.00, real=0.00 secs] 
73.623: Total time for which application threads were stopped: 0.0009810 seconds, Stopping threads took: 0.0000640 seconds
73.663: Application time: 0.0397660 seconds
73.663: [GC73.663: [ParNew: 17517K->1546K(18048K), 0.0005780 secs] 36016K->20045K(57984K), 0.0006060 secs] [Times: user=0.00 sys=0.00, real=0.00 secs] 
73.664: Total time for which application threads were stopped: 0.0007330 seconds, Stopping threads took: 0.0000600 seconds
73.703: Application time: 0.0392220 seconds
73.703: [GC73.703: [ParNew: 17512K->1034K(18048K), 0.0004400 secs] 36012K->19533K(57984K), 0.0004660 secs] [Times: user=0.00 sys=0.00, real=0.00 secs] 
73.704: Total time for which application threads were stopped: 0.0006280 seconds, Stopping threads took: 0.0001070 seconds
73.745: Application time: 0.0408650 seconds
73.749: [GC73.749: [ParNew: 17002K->1032K(18048K), 0.0005370 secs] 35502K->19531K(57984K), 0.0005620 secs] [Times: user=0.00 sys=0.00, real=0.00 secs] 
73.750: Total time for which application threads were stopped: 0.0051240 seconds, Stopping threads took: 0.0045080 seconds
73.786: Application time: 0.0365480 seconds
73.786: [GC73.786: [ParNew: 16634K->1606K(18048K), 0.0006660 secs] 35134K->20106K(57984K), 0.0006960 secs] [Times: user=0.01 sys=0.00, real=0.00 secs] 
73.787: Total time for which application threads were stopped: 0.0008120 seconds, Stopping threads took: 0.0000570 seconds
73.827: Application time: 0.0395710 seconds
73.827: [GC73.827: [ParNew: 17647K->1578K(18048K), 0.0007940 secs] 36146K->20686K(57984K), 0.0008260 secs] [Times: user=0.00 sys=0.00, real=0.00 secs] 
73.828: Total time for which application threads were stopped: 0.0009550 seconds, Stopping threads took: 0.0000670 seconds
73.866: Application time: 0.0381820 seconds
73.866: [GC73.866: [ParNew: 17544K->1546K(18048K), 0.0007930 secs] 36652K->21230K(57984K), 0.0008240 secs] [Times: user=0.00 sys=0.00, real=0.00 secs] 
73.867: Total time for which application threads were stopped: 0.0009490 seconds, Stopping threads took: 0.0000620 seconds
73.907: Application time: 0.0405590 seconds
73.908: [GC73.908: [ParNew: 17517K->1544K(18048K), 0.0006250 secs] 37200K->21228K(57984K), 0.0006530 secs] [Times: user=0.00 sys=0.00, real=0.00 secs] 
73.908: Total time for which application threads were stopped: 0.0007920 seconds, Stopping threads took: 0.0000700 seconds
73.949: Application time: 0.0403860 seconds
73.949: [GC73.949: [ParNew: 17510K->1546K(18048K), 0.0006240 secs] 37194K->21230K(57984K), 0.0006550 secs] [Times: user=0.01 sys=0.00, real=0.00 secs] 
73.949: Total time for which application threads were stopped: 0.0007790 seconds, Stopping threads took: 0.0000650 seconds
73.989: Application time: 0.0395040 seconds
73.989: [GC73.989: [ParNew: 17591K->1578K(18048K), 0.0005860 secs] 37275K->21262K(57984K), 0.0006140 secs] [Times: user=0.01 sys=0.00, real=0.00 secs] 
73.990: Total time for which application threads were stopped: 0.0007420 seconds, Stopping threads took: 0.0000680 seconds
74.029: Application time: 0.0393900 seconds
74.029: [GC74.029: [ParNew: 17549K->1036K(18048K), 0.0004550 secs] 37232K->20792K(57984K), 0.0004830 secs] [Times: user=0.01 sys=0.00, real=0.00 secs] 
74.030: Total time for which application threads were stopped: 0.0006640 seconds, Stopping threads took: 0.0001190 seconds
74.070: Application time: 0.0403760 seconds
74.070: [GC74.070: [ParNew: 17006K->522K(18048K), 0.0002940 secs] 36762K->20278K(57984K), 0.0003210 secs] [Times: user=0.00 sys=0.00, real=0.00 secs] 
74.071: Total time for which application threads were stopped: 0.0004430 seconds, Stopping threads took: 0.0000690 seconds
74.108: Application time: 0.0379690 seconds
74.109: [GC74.109: [ParNew: 16550K->1578K(18048K), 0.0009280 secs] 36306K->22358K(57984K), 0.0009610 secs] [Times: user=0.01 sys=0.00, real=0.00 secs] 
74.110: Total time for which application threads were stopped: 0.0010920 seconds, Stopping threads took: 0.0000690 seconds
74.148: Application time: 0.0387830 seconds
74.148: [GC74.148: [ParNew: 17193K->1606K(18048K), 0.0006450 secs] 37973K->22450K(57984K), 0.0006750 secs] [Times: user=0.01 sys=0.00, real=0.00 secs] 
74.149: Total time for which application threads were stopped: 0.0007950 seconds, Stopping threads took: 0.0000580 seconds
74.190: Application time: 0.0406860 seconds
74.190: [GC74.190: [ParNew: 17655K->1066K(18048K), 0.0004490 secs] 38499K->22022K(57984K), 0.0004760 secs] [Times: user=0.00 sys=0.00, real=0.00 secs] 
74.190: Total time for which application threads were stopped: 0.0005980 seconds, Stopping threads took: 0.0000580 seconds
74.231: Application time: 0.0401560 seconds
74.231: [GC74.231: [ParNew: 17032K->524K(18048K), 0.0003490 secs] 37988K->21552K(57984K), 0.0003750 secs] [Times: user=0.00 sys=0.00, real=0.00 secs] 
74.231: Total time for which application threads were stopped: 0.0005290 seconds, Stopping threads took: 0.0001010 seconds
74.271: Application time: 0.0393980 seconds
74.271: [GC74.271: [ParNew: 16492K->522K(18048K), 0.0003160 secs] 37520K->21550K(57984K), 0.0003430 secs] [Times: user=0.01 sys=0.00, real=0.00 secs] 
74.271: Total time for which application threads were stopped: 0.0004590 seconds, Stopping threads took: 0.0000610 seconds
74.308: Application time: 0.0366360 seconds
74.308: [GC74.308: [ParNew: 16472K->1546K(18048K), 0.0009340 secs] 37500K->23598K(57984K), 0.0009670 secs] [Times: user=0.01 sys=0.00, real=0.00 secs] 
74.309: Total time for which application threads were stopped: 0.0011000 seconds, Stopping threads took: 0.0000690 seconds
74.350: Application time: 0.0411600 seconds
74.352: [GC74.352: [ParNew: 17512K->1548K(18048K), 0.0009590 secs] 39565K->24624K(57984K), 0.0009880 secs] [Times: user=0.01 sys=0.00, real=0.00 secs] 
74.353: Total time for which application threads were stopped: 0.0030810 seconds, Stopping threads took: 0.0020290 seconds
74.393: Application time: 0.0402690 seconds
74.393: [GC74.393: [ParNew: 17514K->1548K(18048K), 0.0009930 secs] 40591K->25648K(57984K), 0.0010220 secs] [Times: user=0.01 sys=0.00, real=0.00 secs] 
74.394: Total time for which application threads were stopped: 0.0011720 seconds, Stopping threads took: 0.0000890 seconds
74.434: Application time: 0.0392210 seconds
74.434: [GC74.434: [ParNew: 17163K->1608K(18048K), 0.0006140 secs] 41263K->25708K(57984K), 0.0006420 secs] [Times: user=0.00 sys=0.00, real=0.00 secs] 
74.434: Total time for which application threads were stopped: 0.0007890 seconds, Stopping threads took: 0.0000800 seconds
74.474: Application time: 0.0391780 seconds
74.474: [GC74.474: [ParNew: 17579K->1034K(18048K), 0.0004750 secs] 41679K->25230K(57984K), 0.0005040 secs] [Times: user=0.00 sys=0.00, real=0.00 secs] 
74.474: Total time for which application threads were stopped: 0.0007210 seconds, Stopping threads took: 0.0001610 seconds
74.514: Application time: 0.0397890 seconds
74.514: [GC74.514: [ParNew: 17079K->1064K(18048K), 0.0004870 secs] 41275K->25260K(57984K), 0.0005150 secs] [Times: user=0.00 sys=0.00, real=0.00 secs] 
74.515: Total time for which application threads were stopped: 0.0006240 seconds, Stopping threads took: 0.0000520 seconds
74.555: Application time: 0.0402410 seconds
74.555: [GC74.555: [ParNew: 17026K->1036K(18048K), 0.0004620 secs] 41222K->25288K(57984K), 0.0004900 secs] [Times: user=0.00 sys=0.00, real=0.00 secs] 
74.556: Total time for which application threads were stopped: 0.0006700 seconds, Stopping threads took: 0.0001230 seconds
74.593: Application time: 0.0373010 seconds
74.593: [GC74.593: [ParNew: 16996K->1546K(18048K), 0.0007940 secs] 41248K->26310K(57984K), 0.0008250 secs] [Times: user=0.00 sys=0.00, real=0.00 secs] 
74.594: Total time for which application threads were stopped: 0.0009530 seconds, Stopping threads took: 0.0000670 seconds
74.635: Application time: 0.0408370 seconds
74.635: [GC74.635: [ParNew: 17517K->1546K(18048K), 0.0006030 secs] 42281K->26310K(57984K), 0.0006310 secs] [Times: user=0.00 sys=0.00, real=0.00 secs] 
74.636: Total time for which application threads were stopped: 0.0007570 seconds, Stopping threads took: 0.0000670 seconds
74.676: Application time: 0.0403610 seconds
74.676: [GC74.676: [ParNew: 17591K->1580K(18048K), 0.0006480 secs] 42355K->26344K(57984K), 0.0006760 secs] [Times: user=0.01 sys=0.00, real=0.00 secs] 
74.677: Total time for which application threads were stopped: 0.0007930 seconds, Stopping threads took: 0.0000580 seconds
74.717: Application time: 0.0401170 seconds
74.717: [GC74.717: [ParNew: 17546K->1036K(18048K), 0.0004880 secs] 42311K->25864K(57984K), 0.0005150 secs] [Times: user=0.00 sys=0.00, real=0.01 secs] 
74.718: Total time for which application threads were stopped: 0.0007190 seconds, Stopping threads took: 0.0001410 seconds
74.755: Application time: 0.0378220 seconds
74.755: [GC74.755: [ParNew: 17070K->1576K(18048K), 0.0009260 secs] 41899K->27428K(57984K), 0.0009570 secs] [Times: user=0.01 sys=0.00, real=0.00 secs] 
74.756: Total time for which application threads were stopped: 0.0010900 seconds, Stopping threads took: 0.0000680 seconds
74.797: Application time: 0.0404250 seconds
74.797: [GC74.797: [ParNew: 17627K->1576K(18048K), 0.0006930 secs] 43479K->27484K(57984K), 0.0007230 secs] [Times: user=0.01 sys=0.00, real=0.01 secs] 
74.798: Total time for which application threads were stopped: 0.0009050 seconds, Stopping threads took: 0.0001240 seconds
74.837: Application time: 0.0389230 seconds
74.837: [GC74.837: [ParNew: 17617K->1578K(18048K), 0.0008420 secs] 43525K->28070K(57984K), 0.0008740 secs] [Times: user=0.01 sys=0.00, real=0.01 secs] 
74.838: Total time for which application threads were stopped: 0.0010080 seconds, Stopping threads took: 0.0000710 seconds
74.879: Application time: 0.0414820 seconds
74.879: [GC74.879: [ParNew: 17629K->1068K(18048K), 0.0004600 secs] 44121K->27640K(57984K), 0.0004880 secs] [Times: user=0.00 sys=0.00, real=0.00 secs] 
74.880: Total time for which application threads were stopped: 0.0006090 seconds, Stopping threads took: 0.0000650 seconds
74.920: Application time: 0.0402100 seconds
74.920: [GC74.920: [ParNew: 17039K->524K(18048K), 0.0003150 secs] 43611K->27168K(57984K), 0.0003400 secs] [Times: user=0.00 sys=0.00, real=0.00 secs] 
74.921: Total time for which application threads were stopped: 0.0005460 seconds, Stopping threads took: 0.0001530 seconds
74.960: Application time: 0.0390550 seconds
74.960: [GC74.960: [ParNew: 16482K->1548K(18048K), 0.0006150 secs] 43126K->28192K(57984K), 0.0006530 secs] [Times: user=0.00 sys=0.00, real=0.00 secs] 
74.960: Total time for which application threads were stopped: 0.0007840 seconds, Stopping threads took: 0.0000710 seconds
74.998: Application time: 0.0380510 seconds
74.999: [GC74.999: [ParNew: 17510K->1546K(18048K), 0.0008030 secs] 44155K->28702K(57984K), 0.0008320 secs] [Times: user=0.00 sys=0.00, real=0.00 secs] 
74.999: Total time for which application threads were stopped: 0.0009670 seconds, Stopping threads took: 0.0000740 seconds
75.039: Application time: 0.0395550 seconds
75.039: [GC75.039: [ParNew: 17508K->1546K(18048K), 0.0008880 secs] 44665K->29214K(57984K), 0.0009150 secs] [Times: user=0.00 sys=0.00, real=0.00 secs] 
75.040: Total time for which application threads were stopped: 0.0011110 seconds, Stopping threads took: 0.0001370 seconds
75.082: Application time: 0.0414740 seconds
75.082: [GC75.082: [ParNew: 17529K->1042K(18048K), 0.0004940 secs] 45197K->28710K(57984K), 0.0005220 secs] [Times: user=0.00 sys=0.00, real=0.00 secs] 
75.082: Total time for which application threads were stopped: 0.0006560 seconds, Stopping threads took: 0.0000770 seconds
75.122: Application time: 0.0402730 seconds
75.123: [GC75.123: [ParNew: 16632K->1608K(18048K), 0.0008310 secs] 44301K->29804K(57984K), 0.0008610 secs] [Times: user=0.01 sys=0.00, real=0.00 secs] 
75.123: Total time for which application threads were stopped: 0.0009810 seconds, Stopping threads took: 0.0000560 seconds
75.161: Application time: 0.0373120 seconds
75.161: [GC75.161: [ParNew: 17653K->1578K(18048K), 0.0008310 secs] 45849K->30374K(57984K), 0.0008620 secs] [Times: user=0.01 sys=0.00, real=0.00 secs] 
75.162: Total time for which application threads were stopped: 0.0009940 seconds, Stopping threads took: 0.0000700 seconds
75.203: Application time: 0.0407220 seconds
75.203: [GC75.203: [ParNew: 17549K->1546K(18048K), 0.0006440 secs] 46345K->30414K(57984K), 0.0006720 secs] [Times: user=0.00 sys=0.00, real=0.00 secs] 
75.203: Total time for which application threads were stopped: 0.0008030 seconds, Stopping threads took: 0.0000710 seconds
75.243: Application time: 0.0396040 seconds
75.243: [GC75.243: [ParNew: 17504K->1548K(18048K), 0.0009680 secs] 46373K->31440K(57984K), 0.0010010 secs] [Times: user=0.00 sys=0.00, real=0.00 secs] 
75.244: Total time for which application threads were stopped: 0.0011520 seconds, Stopping threads took: 0.0000780 seconds
75.284: Application time: 0.0403320 seconds
75.285: [GC75.285: [ParNew: 17519K->1546K(18048K), 0.0007810 secs] 47411K->31950K(57984K), 0.0008100 secs] [Times: user=0.00 sys=0.00, real=0.01 secs] 
75.285: Total time for which application threads were stopped: 0.0009540 seconds, Stopping threads took: 0.0000840 seconds
75.325: Application time: 0.0392680 seconds
75.325: [GC75.325: [ParNew: 17517K->1548K(18048K), 0.0006200 secs] 47921K->31952K(57984K), 0.0006490 secs] [Times: user=0.00 sys=0.00, real=0.01 secs] 
75.325: Total time for which application threads were stopped: 0.0007870 seconds, Stopping threads took: 0.0000780 seconds
75.365: Application time: 0.0394230 seconds
75.365: [GC75.365: [ParNew: 17589K->1578K(18048K), 0.0008120 secs] 47993K->32494K(57984K), 0.0008420 secs] [Times: user=0.00 sys=0.00, real=0.01 secs] 
75.366: Total time for which application threads were stopped: 0.0009640 seconds, Stopping threads took: 0.0000610 seconds
75.404: Application time: 0.0384570 seconds
75.404: [GC75.404: [ParNew: 17549K->1546K(18048K), 0.0006790 secs] 48465K->32518K(57984K), 0.0007060 secs] [Times: user=0.01 sys=0.00, real=0.00 secs] 
75.405: Total time for which application threads were stopped: 0.0008360 seconds, Stopping threads took: 0.0000710 seconds
75.445: Application time: 0.0403800 seconds
75.449: [GC75.449: [ParNew: 17591K->1574K(18048K), 0.0007020 secs] 48563K->32546K(57984K), 0.0007280 secs] [Times: user=0.01 sys=0.00, real=0.00 secs] 
75.450: Total time for which application threads were stopped: 0.0044910 seconds, Stopping threads took: 0.0037050 seconds
75.490: Application time: 0.0400480 seconds
75.490: [GC75.490: [ParNew: 17623K->1066K(18048K), 0.0006200 secs] 48596K->32094K(57984K), 0.0006570 secs] [Times: user=0.00 sys=0.00, real=0.00 secs] 
75.491: Total time for which application threads were stopped: 0.0008020 seconds, Stopping threads took: 0.0000860 seconds
75.530: Application time: 0.0387760 seconds
75.530: [GC75.530: [ParNew: 17107K->1578K(18048K), 0.0006780 secs] 48135K->32671K(57984K), 0.0007060 secs] [Times: user=0.01 sys=0.00, real=0.00 secs] 
75.530: Total time for which application threads were stopped: 0.0008450 seconds, Stopping threads took: 0.0000800 seconds
75.569: Application time: 0.0387120 seconds
75.569: [GC75.569: [ParNew: 17627K->1066K(18048K), 0.0004670 secs] 48720K->32223K(57984K), 0.0004940 secs] [Times: user=0.01 sys=0.00, real=0.00 secs] 
75.570: Total time for which application threads were stopped: 0.0006150 seconds, Stopping threads took: 0.0000620 seconds
75.608: Application time: 0.0386400 seconds
75.609: [GC75.609: [ParNew: 17024K->1546K(18048K), 0.0008250 secs] 48181K->33279K(57984K), 0.0008560 secs] [Times: user=0.00 sys=0.00, real=0.00 secs] 
75.609: Total time for which application threads were stopped: 0.0009910 seconds, Stopping threads took: 0.0000740 seconds
75.649: Application time: 0.0399320 seconds
75.649: [GC75.649: [ParNew: 17512K->1546K(18048K), 0.0007940 secs] 49245K->33791K(57984K), 0.0008240 secs] [Times: user=0.00 sys=0.00, real=0.00 secs] 
75.650: Total time for which application threads were stopped: 0.0009530 seconds, Stopping threads took: 0.0000690 seconds
75.690: Application time: 0.0392330 seconds
75.690: [GC75.690: [ParNew: 17508K->1546K(18048K), 0.0009600 secs] 49753K->34815K(57984K), 0.0009910 secs] [Times: user=0.01 sys=0.00, real=0.00 secs] 
75.691: Total time for which application threads were stopped: 0.0011480 seconds, Stopping threads took: 0.0000940 seconds
75.731: Application time: 0.0401720 seconds
75.731: [GC75.731: [ParNew: 17517K->1546K(18048K), 0.0008300 secs] 50785K->35327K(57984K), 0.0008630 secs] [Times: user=0.01 sys=0.00, real=0.00 secs] 
75.732: Total time for which application threads were stopped: 0.0009830 seconds, Stopping threads took: 0.0000560 seconds
75.770: Application time: 0.0385010 seconds
75.770: [GC75.770: [ParNew: 17157K->1604K(18048K), 0.0006410 secs] 50938K->35385K(57984K), 0.0006690 secs] [Times: user=0.00 sys=0.00, real=0.00 secs] 
75.771: Total time for which application threads were stopped: 0.0007900 seconds, Stopping threads took: 0.0000550 seconds
75.811: Application time: 0.0397830 seconds
75.811: [GC75.811: [ParNew: 17575K->1034K(18048K), 0.0005350 secs] 51356K->34919K(57984K), 0.0005590 secs] [Times: user=0.00 sys=0.00, real=0.00 secs] 
75.812: Total time for which application threads were stopped: 0.0006740 seconds, Stopping threads took: 0.0000610 seconds
75.852: Application time: 0.0403540 seconds
75.852: [GC75.852: [ParNew: 17079K->554K(18048K), 0.0004100 secs] 50964K->34439K(57984K), 0.0004360 secs] [Times: user=0.01 sys=0.00, real=0.00 secs] 
75.853: Total time for which application threads were stopped: 0.0006030 seconds, Stopping threads took: 0.0001090 seconds
75.892: Application time: 0.0395030 seconds
75.892: [GC75.892: [ParNew: 16522K->554K(18048K), 0.0003350 secs] 50407K->34439K(57984K), 0.0003590 secs] [Times: user=0.01 sys=0.00, real=0.00 secs] 
75.893: Total time for which application threads were stopped: 0.0004700 seconds, Stopping threads took: 0.0000560 seconds
75.933: Application time: 0.0407220 seconds
75.933: [GC75.933: [ParNew: 16516K->554K(18048K), 0.0003360 secs] 50401K->34439K(57984K), 0.0003620 secs] [Times: user=0.00 sys=0.00, real=0.00 secs] 
75.934: Total time for which application threads were stopped: 0.0005420 seconds, Stopping threads took: 0.0001270 seconds
75.970: Application time: 0.0366370 seconds
75.971: [GC75.971: [ParNew: 16506K->1580K(18048K), 0.0010030 secs] 50391K->36489K(57984K), 0.0010350 secs] [Times: user=0.00 sys=0.00, real=0.00 secs] 
75.972: Total time for which application threads were stopped: 0.0011600 seconds, Stopping threads took: 0.0000630 seconds
76.012: Application time: 0.0407950 seconds
76.013: [GC76.013: [ParNew: 17629K->1578K(18048K), 0.0006600 secs] 52538K->36543K(57984K), 0.0007000 secs] [Times: user=0.00 sys=0.00, real=0.00 secs] 
76.013: Total time for which application threads were stopped: 0.0008710 seconds, Stopping threads took: 0.0001120 seconds
76.053: Application time: 0.0399430 seconds
76.053: [GC76.053: [ParNew: 17538K->1546K(18048K), 0.0008240 secs] 52503K->37079K(57984K), 0.0008540 secs] [Times: user=0.01 sys=0.00, real=0.00 secs] 
76.054: Total time for which application threads were stopped: 0.0010240 seconds, Stopping threads took: 0.0001080 seconds
76.096: Application time: 0.0418240 seconds
76.096: [GC76.096: [ParNew: 17523K->10K(18048K), 0.0002860 secs] 53056K->35543K(57984K), 0.0003100 secs] [Times: user=0.00 sys=0.00, real=0.00 secs] 
76.097: Total time for which application threads were stopped: 0.0004690 seconds, Stopping threads took: 0.0001090 seconds
76.133: Application time: 0.0367250 seconds
76.133: [GC76.133: [ParNew: 16040K->1576K(18048K), 0.0008050 secs] 51573K->37621K(57984K), 0.0008350 secs] [Times: user=0.00 sys=0.00, real=0.00 secs] 
76.134: Total time for which application threads were stopped: 0.0010280 seconds, Stopping threads took: 0.0001350 seconds
76.173: Application time: 0.0387780 seconds
76.173: [GC76.173: [ParNew: 17616K->1578K(18048K), 0.0009700 secs] 53661K->38711K(57984K), 0.0010020 secs] [Times: user=0.01 sys=0.00, real=0.00 secs] 
76.174: Total time for which application threads were stopped: 0.0012060 seconds, Stopping threads took: 0.0001400 seconds
76.214: Application time: 0.0398130 seconds
76.214: [GC76.214: [ParNew: 17189K->1606K(18048K), 0.0008660 secs] 54322K->39307K(57984K), 0.0008970 secs] [Times: user=0.00 sys=0.00, real=0.00 secs] 
76.215: Total time for which application threads were stopped: 0.0010170 seconds, Stopping threads took: 0.0000580 seconds
76.256: Application time: 0.0411920 seconds
76.256: [GC76.256: [ParNew: 17579K->1036K(18048K), 0.0004910 secs] 55280K->38841K(57984K), 0.0005190 secs] [Times: user=0.01 sys=0.00, real=0.00 secs] 
76.257: Total time for which application threads were stopped: 0.0006390 seconds, Stopping threads took: 0.0000630 seconds
76.298: Application time: 0.0409800 seconds
76.298: [GC76.298: [ParNew: 17002K->1036K(18048K), 0.0004670 secs] 54808K->38841K(57984K), 0.0004950 secs] [Times: user=0.00 sys=0.00, real=0.00 secs] 
76.299: Total time for which application threads were stopped: 0.0006200 seconds, Stopping threads took: 0.0000600 seconds
76.338: Application time: 0.0395670 seconds
76.338: [GC76.338: [ParNew: 17002K->526K(18048K), 0.0003550 secs] 54808K->38331K(57984K), 0.0003810 secs] [Times: user=0.00 sys=0.00, real=0.00 secs] 
76.339: Total time for which application threads were stopped: 0.0005110 seconds, Stopping threads took: 0.0000760 seconds
76.376: Application time: 0.0371350 seconds
76.376: [GC76.376: [ParNew: 16482K->1546K(18048K), 0.0007820 secs] 54287K->39863K(57984K), 0.0008120 secs] [Times: user=0.01 sys=0.00, real=0.00 secs] 
76.377: Total time for which application threads were stopped: 0.0010800 seconds, Stopping threads took: 0.0002080 seconds
76.417: Application time: 0.0405250 seconds
76.418: [GC76.418: [ParNew: 17586K->1576K(18048K), 0.0009650 secs] 55904K->40917K(57984K), 0.0009970 secs] [Times: user=0.01 sys=0.00, real=0.00 secs] 
76.419: Total time for which application threads were stopped: 0.0011270 seconds, Stopping threads took: 0.0000660 seconds
76.458: Application time: 0.0394470 seconds
76.458: [GC76.458: [ParNew: 17625K->1578K(18048K), 0.0009140 secs] 56966K->41487K(57984K), 0.0009430 secs] [Times: user=0.01 sys=0.00, real=0.00 secs] 
76.459: Total time for which application threads were stopped: 0.0010730 seconds, Stopping threads took: 0.0000700 seconds
76.499: Application time: 0.0397250 seconds
76.499: [GC76.499: [ParNew: 17549K->17549K(18048K), 0.0000090 secs]76.499: [Tenured: 39909K->8316K(39936K), 0.0050330 secs] 57458K->8316K(57984K), [Perm : 5143K->5143K(21248K)], 0.0050880 secs] [Times: user=0.01 sys=0.00, real=0.00 secs] 
76.504: Total time for which application threads were stopped: 0.0052200 seconds, Stopping threads took: 0.0000570 seconds
76.544: Application time: 0.0399650 seconds
76.544: [GC76.544: [ParNew: 16045K->1580K(18048K), 0.0006310 secs] 24361K->9897K(57984K), 0.0006600 secs] [Times: user=0.00 sys=0.00, real=0.00 secs] 
76.545: Total time for which application threads were stopped: 0.0008220 seconds, Stopping threads took: 0.0001020 seconds
76.585: Application time: 0.0403590 seconds
76.585: [GC76.585: [ParNew: 17551K->1034K(18048K), 0.0004980 secs] 25868K->9423K(57984K), 0.0005250 secs] [Times: user=0.00 sys=0.00, real=0.00 secs] 
76.586: Total time for which application threads were stopped: 0.0007380 seconds, Stopping threads took: 0.0001560 seconds
76.625: Application time: 0.0392480 seconds
76.625: [GC76.625: [ParNew: 16988K->1552K(18048K), 0.0008220 secs] 25377K->10453K(57984K), 0.0008540 secs] [Times: user=0.01 sys=0.00, real=0.00 secs] 
76.626: Total time for which application threads were stopped: 0.0009920 seconds, Stopping threads took: 0.0000760 seconds
76.665: Application time: 0.0393370 seconds
76.666: [GC76.666: [ParNew: 17520K->1548K(18048K), 0.0008240 secs] 26421K->10961K(57984K), 0.0008550 secs] [Times: user=0.01 sys=0.00, real=0.00 secs] 
76.666: Total time for which application threads were stopped: 0.0009820 seconds, Stopping threads took: 0.0000650 seconds
76.707: Application time: 0.0404880 seconds
76.707: [GC76.707: [ParNew: 17597K->1578K(18048K), 0.0005960 secs] 27010K->10991K(57984K), 0.0006250 secs] [Times: user=0.01 sys=0.00, real=0.00 secs] 
76.708: Total time for which application threads were stopped: 0.0007520 seconds, Stopping threads took: 0.0000660 seconds
76.748: Application time: 0.0401550 seconds
76.748: [GC76.748: [ParNew: 17549K->1034K(18048K), 0.0004370 secs] 26962K->10503K(57984K), 0.0004640 secs] [Times: user=0.00 sys=0.00, real=0.00 secs] 
76.748: Total time for which application threads were stopped: 0.0005850 seconds, Stopping threads took: 0.0000640 seconds
76.789: Application time: 0.0402720 seconds
76.789: [GC76.789: [ParNew: 17083K->552K(18048K), 0.0004010 secs] 26552K->10021K(57984K), 0.0004260 secs] [Times: user=0.00 sys=0.00, real=0.00 secs] 
76.789: Total time for which application threads were stopped: 0.0005390 seconds, Stopping threads took: 0.0000610 seconds
76.829: Application time: 0.0401170 seconds
76.829: [GC76.829: [ParNew: 16597K->582K(18048K), 0.0003320 secs] 26066K->10051K(57984K), 0.0003550 secs] [Times: user=0.00 sys=0.00, real=0.00 secs] 
76.830: Total time for which application threads were stopped: 0.0004680 seconds, Stopping threads took: 0.0000510 seconds
76.868: Application time: 0.0378690 seconds
76.868: [GC76.868: [ParNew: 16631K->1132K(18048K), 0.0005160 secs] 26100K->10601K(57984K), 0.0005420 secs] [Times: user=0.00 sys=0.00, real=0.00 secs] 
76.868: Total time for which application threads were stopped: 0.0006940 seconds, Stopping threads took: 0.0000950 seconds
76.906: Application time: 0.0378440 seconds
76.906: [GC76.906: [ParNew: 17156K->1578K(18048K), 0.0009630 secs] 26625K->12211K(57984K), 0.0009960 secs] [Times: user=0.01 sys=0.00, real=0.00 secs] 
76.907: Total time for which application threads were stopped: 0.0011280 seconds, Stopping threads took: 0.0000690 seconds
76.949: Application time: 0.0415760 seconds
76.949: [GC76.949: [ParNew: 17549K->1546K(18048K), 0.0008390 secs] 28182K->12747K(57984K), 0.0008690 secs] [Times: user=0.00 sys=0.01, real=0.00 secs] 
76.950: Total time for which application threads were stopped: 0.0010020 seconds, Stopping threads took: 0.0000730 seconds
76.989: Application time: 0.0393690 seconds
76.989: [GC76.989: [ParNew: 17517K->1548K(18048K), 0.0006270 secs] 28718K->12749K(57984K), 0.0006550 secs] [Times: user=0.00 sys=0.00, real=0.00 secs] 
76.990: Total time for which application threads were stopped: 0.0007710 seconds, Stopping threads took: 0.0000580 seconds
77.030: Application time: 0.0396770 seconds
77.030: [GC77.030: [ParNew: 17519K->1034K(18048K), 0.0004530 secs] 28720K->12235K(57984K), 0.0004830 secs] [Times: user=0.00 sys=0.00, real=0.00 secs] 
77.030: Total time for which application threads were stopped: 0.0006060 seconds, Stopping threads took: 0.0000560 seconds
77.070: Application time: 0.0395150 seconds
77.070: [GC77.070: [ParNew: 17070K->1576K(18048K), 0.0008490 secs] 28272K->13289K(57984K), 0.0008780 secs] [Times: user=0.01 sys=0.00, real=0.00 secs] 
77.071: Total time for which application threads were stopped: 0.0010080 seconds, Stopping threads took: 0.0000690 seconds
77.111: Application time: 0.0404470 seconds
77.112: [GC77.112: [ParNew: 17627K->1062K(18048K), 0.0004560 secs] 29340K->12839K(57984K), 0.0004830 secs] [Times: user=0.00 sys=0.00, real=0.00 secs] 
77.112: Total time for which application threads were stopped: 0.0006410 seconds, Stopping threads took: 0.0000990 seconds
77.153: Application time: 0.0406240 seconds
77.153: [GC77.153: [ParNew: 17033K->522K(18048K), 0.0003730 secs] 28810K->12363K(57984K), 0.0003980 secs] [Times: user=0.00 sys=0.00, real=0.00 secs] 
77.153: Total time for which application threads were stopped: 0.0005030 seconds, Stopping threads took: 0.0000520 seconds
77.192: Application time: 0.0390520 seconds
77.192: [GC77.192: [ParNew: 16562K->1064K(18048K), 0.0004390 secs] 28404K->12905K(57984K), 0.0004650 secs] [Times: user=0.00 sys=0.00, real=0.00 secs] 
77.193: Total time for which application threads were stopped: 0.0006330 seconds, Stopping threads took: 0.0001150 seconds
77.230: Application time: 0.0367610 seconds
77.230: [GC77.230: [ParNew: 17018K->1548K(18048K), 0.0007930 secs] 28859K->13957K(57984K), 0.0008250 secs] [Times: user=0.01 sys=0.00, real=0.00 secs] 
77.231: Total time for which application threads were stopped: 0.0009620 seconds, Stopping threads took: 0.0000760 seconds
77.271: Application time: 0.0408490 seconds
77.272: [GC77.272: [ParNew: 17512K->1546K(18048K), 0.0007590 secs] 29922K->14467K(57984K), 0.0007880 secs] [Times: user=0.01 sys=0.00, real=0.00 secs] 
77.272: Total time for which application threads were stopped: 0.0009790 seconds, Stopping threads took: 0.0001290 seconds
77.311: Application time: 0.0385120 seconds
77.311: [GC77.311: [ParNew: 17514K->1548K(18048K), 0.0008020 secs] 30436K->14981K(57984K), 0.0008300 secs] [Times: user=0.01 sys=0.00, real=0.00 secs] 
77.312: Total time for which application threads were stopped: 0.0010140 seconds, Stopping threads took: 0.0001220 seconds
77.352: Application time: 0.0400840 seconds
77.352: [GC77.352: [ParNew: 17519K->1548K(18048K), 0.0006070 secs] 30952K->14981K(57984K), 0.0006360 secs] [Times: user=0.01 sys=0.00, real=0.00 secs] 
77.353: Total time for which application threads were stopped: 0.0007780 seconds, Stopping threads took: 0.0000800 seconds
77.392: Application time: 0.0391560 seconds
77.392: [GC77.392: [ParNew: 17588K->1580K(18048K), 0.0007890 secs] 31022K->15525K(57984K), 0.0008180 secs] [Times: user=0.00 sys=0.00, real=0.00 secs] 
77.393: Total time for which application threads were stopped: 0.0009490 seconds, Stopping threads took: 0.0000720 seconds
77.433: Application time: 0.0397010 seconds
77.433: [GC77.433: [ParNew: 17542K->1548K(18048K), 0.0009790 secs] 31488K->16589K(57984K), 0.0010180 secs] [Times: user=0.01 sys=0.00, real=0.00 secs] 
77.434: Total time for which application threads were stopped: 0.0011480 seconds, Stopping threads took: 0.0000660 seconds
77.474: Application time: 0.0399410 seconds
77.474: [GC77.474: [ParNew: 17597K->1578K(18048K), 0.0006360 secs] 32638K->16619K(57984K), 0.0006630 secs] [Times: user=0.00 sys=0.00, real=0.00 secs] 
77.475: Total time for which application threads were stopped: 0.0008580 seconds, Stopping threads took: 0.0001360 seconds
77.514: Application time: 0.0389950 seconds
77.514: [GC77.514: [ParNew: 17629K->1068K(18048K), 0.0004690 secs] 32670K->16173K(57984K), 0.0004980 secs] [Times: user=0.00 sys=0.00, real=0.00 secs] 
77.514: Total time for which application threads were stopped: 0.0006670 seconds, Stopping threads took: 0.0001120 seconds
77.553: Application time: 0.0392330 seconds
77.554: [GC77.554: [ParNew: 16679K->582K(18048K), 0.0003570 secs] 31785K->15743K(57984K), 0.0003910 secs] [Times: user=0.01 sys=0.00, real=0.00 secs] 
77.554: Total time for which application threads were stopped: 0.0006060 seconds, Stopping threads took: 0.0001610 seconds
77.592: Application time: 0.0379640 seconds
77.592: [GC77.592: [ParNew: 16540K->1608K(18048K), 0.0006110 secs] 31702K->16769K(57984K), 0.0006410 secs] [Times: user=0.00 sys=0.00, real=0.00 secs] 
77.593: Total time for which application threads were stopped: 0.0007690 seconds, Stopping threads took: 0.0000680 seconds
77.630: Application time: 0.0370870 seconds
77.630: [GC77.630: [ParNew: 17562K->1548K(18048K), 0.0011600 secs] 32724K->18341K(57984K), 0.0011940 secs] [Times: user=0.01 sys=0.00, real=0.00 secs] 
77.631: Total time for which application threads were stopped: 0.0013220 seconds, Stopping threads took: 0.0000620 seconds
77.672: Application time: 0.0410140 seconds
77.672: [GC77.672: [ParNew: 17518K->1546K(18048K), 0.0008200 secs] 34312K->18851K(57984K), 0.0008510 secs] [Times: user=0.00 sys=0.00, real=0.00 secs] 
77.673: Total time for which application threads were stopped: 0.0010320 seconds, Stopping threads took: 0.0001190 seconds
77.714: Application time: 0.0404320 seconds
77.714: [GC77.714: [ParNew: 17595K->1576K(18048K), 0.0006680 secs] 34901K->18881K(57984K), 0.0006960 secs] [Times: user=0.01 sys=0.00, real=0.00 secs] 
77.715: Total time for which application threads were stopped: 0.0008150 seconds, Stopping threads took: 0.0000610 seconds
77.755: Application time: 0.0401340 seconds
77.755: [GC77.755: [ParNew: 17617K->1576K(18048K), 0.0007960 secs] 34922K->19449K(57984K), 0.0008270 secs] [Times: user=0.00 sys=0.00, real=0.00 secs] 
77.756: Total time for which application threads were stopped: 0.0009530 seconds, Stopping threads took: 0.0000620 seconds
77.796: Application time: 0.0404840 seconds
77.796: [GC77.796: [ParNew: 17549K->1034K(18048K), 0.0004570 secs] 35422K->18979K(57984K), 0.0004830 secs] [Times: user=0.00 sys=0.00, real=0.00 secs] 
77.797: Total time for which application threads were stopped: 0.0007080 seconds, Stopping threads took: 0.0001680 seconds
77.835: Application time: 0.0379660 seconds
77.835: [GC77.835: [ParNew: 16992K->1546K(18048K), 0.0007540 secs] 34938K->20003K(57984K), 0.0007840 secs] [Times: user=0.01 sys=0.00, real=0.00 secs] 
77.836: Total time for which application threads were stopped: 0.0009010 seconds, Stopping threads took: 0.0000570 seconds
77.874: Application time: 0.0380550 seconds
77.874: [GC77.874: [ParNew: 17591K->1576K(18048K), 0.0008060 secs] 36048K->20545K(57984K), 0.0008360 secs] [Times: user=0.01 sys=0.00, real=0.00 secs] 
77.875: Total time for which application threads were stopped: 0.0009650 seconds, Stopping threads took: 0.0000560 seconds
77.915: Application time: 0.0400770 seconds
77.915: [GC77.915: [ParNew: 17547K->1546K(18048K), 0.0006270 secs] 36516K->20563K(57984K), 0.0006550 secs] [Times: user=0.01 sys=0.00, real=0.00 secs] 
77.916: Total time for which application threads were stopped: 0.0007780 seconds, Stopping threads took: 0.0000660 seconds
77.956: Application time: 0.0407120 seconds
77.956: [GC77.956: [ParNew: 17514K->1036K(18048K), 0.0005050 secs] 36532K->20053K(57984K), 0.0005290 secs] [Times: user=0.00 sys=0.00, real=0.00 secs] 
77.957: Total time for which application threads were stopped: 0.0006520 seconds, Stopping threads took: 0.0000680 seconds
77.997: Application time: 0.0401910 seconds
77.997: [GC77.997: [ParNew: 17004K->522K(18048K), 0.0003890 secs] 36022K->19539K(57984K), 0.0004150 secs] [Times: user=0.00 sys=0.00, real=0.00 secs] 
77.998: Total time for which application threads were stopped: 0.0005430 seconds, Stopping threads took: 0.0000720 seconds
78.038: Application time: 0.0400450 seconds
78.038: [GC78.038: [ParNew: 16486K->1034K(18048K), 0.0004680 secs] 35504K->20051K(57984K), 0.0004960 secs] [Times: user=0.00 sys=0.00, real=0.00 secs] 
78.038: Total time for which application threads were stopped: 0.0006060 seconds, Stopping threads took: 0.0000520 seconds
78.077: Application time: 0.0385360 seconds
78.077: [GC78.077: [ParNew: 17083K->554K(18048K), 0.0003390 secs] 36100K->19571K(57984K), 0.0003730 secs] [Times: user=0.00 sys=0.00, real=0.01 secs] 
78.077: Total time for which application threads were stopped: 0.0004990 seconds, Stopping threads took: 0.0000740 seconds
78.117: Application time: 0.0393400 seconds
78.117: [GC78.117: [ParNew: 16590K->1608K(18048K), 0.0006180 secs] 35608K->20626K(57984K), 0.0006480 secs] [Times: user=0.01 sys=0.00, real=0.01 secs] 
78.117: Total time for which application threads were stopped: 0.0007620 seconds, Stopping threads took: 0.0000560 seconds
78.154: Application time: 0.0368890 seconds
78.154: [GC78.154: [ParNew: 17566K->1548K(18048K), 0.0009510 secs] 36584K->21686K(57984K), 0.0009870 secs] [Times: user=0.01 sys=0.00, real=0.00 secs] 
78.155: Total time for which application threads were stopped: 0.0011130 seconds, Stopping threads took: 0.0000570 seconds
78.196: Application time: 0.0405650 seconds
78.196: [GC78.196: [ParNew: 17593K->1578K(18048K), 0.0009440 secs] 37731K->22740K(57984K), 0.0009790 secs] [Times: user=0.01 sys=0.00, real=0.00 secs] 
78.197: Total time for which application threads were stopped: 0.0011180 seconds, Stopping threads took: 0.0000750 seconds
78.238: Application time: 0.0409440 seconds
78.238: [GC78.238: [ParNew: 17195K->1094K(18048K), 0.0004790 secs] 38357K->22312K(57984K), 0.0005060 secs] [Times: user=0.00 sys=0.00, real=0.00 secs] 
78.239: Total time for which application threads were stopped: 0.0006310 seconds, Stopping threads took: 0.0000690 seconds
78.277: Application time: 0.0379620 seconds
78.277: [GC78.277: [ParNew: 17056K->1544K(18048K), 0.0006490 secs] 38274K->22874K(57984K), 0.0006770 secs] [Times: user=0.00 sys=0.00, real=0.01 secs] 
78.277: Total time for which application threads were stopped: 0.0008030 seconds, Stopping threads took: 0.0000670 seconds
78.318: Application time: 0.0404560 seconds
78.318: [GC78.318: [ParNew: 17512K->1030K(18048K), 0.0004980 secs] 38842K->22360K(57984K), 0.0005260 secs] [Times: user=0.00 sys=0.00, real=0.00 secs] 
78.319: Total time for which application threads were stopped: 0.0006470 seconds, Stopping threads took: 0.0000650 seconds
78.358: Application time: 0.0391890 seconds
78.358: [GC78.358: [ParNew: 17079K->556K(18048K), 0.0003270 secs] 38409K->21886K(57984K), 0.0003530 secs] [Times: user=0.01 sys=0.00, real=0.00 secs] 
78.358: Total time for which application threads were stopped: 0.0004840 seconds, Stopping threads took: 0.0000780 seconds
78.399: Application time: 0.0405530 seconds
78.399: [GC78.399: [ParNew: 16601K->584K(18048K), 0.0003250 secs] 37931K->21914K(57984K), 0.0003510 secs] [Times: user=0.00 sys=0.00, real=0.00 secs] 
78.399: Total time for which application threads were stopped: 0.0004660 seconds, Stopping threads took: 0.0000520 seconds
78.436: Application time: 0.0365400 seconds
78.436: [GC78.436: [ParNew: 16530K->1606K(18048K), 0.0012270 secs] 37860K->24472K(57984K), 0.0012610 secs] [Times: user=0.00 sys=0.00, real=0.01 secs] 
78.437: Total time for which application threads were stopped: 0.0014060 seconds, Stopping threads took: 0.0000790 seconds
78.476: Application time: 0.0390840 seconds
78.476: [GC78.476: [ParNew: 17573K->1550K(18048K), 0.0011670 secs] 40439K->26064K(57984K), 0.0012010 secs] [Times: user=0.00 sys=0.00, real=0.01 secs] 
78.478: Total time for which application threads were stopped: 0.0013380 seconds, Stopping threads took: 0.0000740 seconds
78.518: Application time: 0.0402430 seconds
78.518: [GC78.518: [ParNew: 17599K->1578K(18048K), 0.0009450 secs] 42113K->27116K(57984K), 0.0009760 secs] [Times: user=0.00 sys=0.00, real=0.00 secs] 
78.519: Total time for which application threads were stopped: 0.0011190 seconds, Stopping threads took: 0.0000800 seconds
78.559: Application time: 0.0398700 seconds
78.559: [GC78.559: [ParNew: 17549K->1546K(18048K), 0.0007860 secs] 43087K->27652K(57984K), 0.0008150 secs] [Times: user=0.01 sys=0.00, real=0.00 secs] 
78.560: Total time for which application threads were stopped: 0.0009560 seconds, Stopping threads took: 0.0000810 seconds
78.601: Application time: 0.0409390 seconds
78.601: [GC78.601: [ParNew: 17514K->1546K(18048K), 0.0006080 secs] 43621K->27652K(57984K), 0.0006470 secs] [Times: user=0.01 sys=0.00, real=0.00 secs] 
78.602: Total time for which application threads were stopped: 0.0007820 seconds, Stopping threads took: 0.0000740 seconds
78.642: Application time: 0.0406890 seconds
78.642: [GC78.642: [ParNew: 17516K->1034K(18048K), 0.0004440 secs] 43623K->27140K(57984K), 0.0004700 secs] [Times: user=0.00 sys=0.00, real=0.00 secs] 
78.643: Total time for which application threads were stopped: 0.0006030 seconds, Stopping threads took: 0.0000770 seconds
78.681: Application time: 0.0378010 seconds
78.681: [GC78.681: [ParNew: 17004K->522K(18048K), 0.0003940 secs] 43111K->26628K(57984K), 0.0004220 secs] [Times: user=0.00 sys=0.00, real=0.00 secs] 
78.681: Total time for which application threads were stopped: 0.0005450 seconds, Stopping threads took: 0.0000650 seconds
78.720: Application time: 0.0389160 seconds
78.720: [GC78.720: [ParNew: 16558K->1578K(18048K), 0.0006430 secs] 42665K->27684K(57984K), 0.0006730 secs] [Times: user=0.00 sys=0.00, real=0.00 secs] 
78.721: Total time for which application threads were stopped: 0.0007960 seconds, Stopping threads took: 0.0000620 seconds
78.759: Application time: 0.0377130 seconds
78.759: [GC78.759: [ParNew: 17532K->1548K(18048K), 0.0009590 secs] 43638K->28750K(57984K), 0.0009920 secs] [Times: user=0.00 sys=0.00, real=0.00 secs] 
78.760: Total time for which application threads were stopped: 0.0011910 seconds, Stopping threads took: 0.0001360 seconds
78.801: Application time: 0.0412280 seconds
78.801: [GC78.801: [ParNew: 17599K->1576K(18048K), 0.0008310 secs] 44801K->29290K(57984K), 0.0008580 secs] [Times: user=0.01 sys=0.00, real=0.00 secs] 
78.802: Total time for which application threads were stopped: 0.0009900 seconds, Stopping threads took: 0.0000720 seconds
78.843: Application time: 0.0407430 seconds
78.843: [GC78.843: [ParNew: 17547K->1546K(18048K), 0.0006970 secs] 45261K->29324K(57984K), 0.0007250 secs] [Times: user=0.01 sys=0.00, real=0.00 secs] 
78.844: Total time for which application threads were stopped: 0.0008540 seconds, Stopping threads took: 0.0000690 seconds
78.880: Application time: 0.0363960 seconds
78.880: [GC78.880: [ParNew: 17149K->1606K(18048K), 0.0008350 secs] 44927K->29896K(57984K), 0.0008650 secs] [Times: user=0.01 sys=0.00, real=0.00 secs] 
78.881: Total time for which application threads were stopped: 0.0010100 seconds, Stopping threads took: 0.0000840 seconds
78.922: Application time: 0.0410040 seconds
78.922: [GC78.922: [ParNew: 17655K->1578K(18048K), 0.0007030 secs] 45945K->29972K(57984K), 0.0007330 secs] [Times: user=0.01 sys=0.00, real=0.00 secs] 
78.923: Total time for which application threads were stopped: 0.0008640 seconds, Stopping threads took: 0.0000620 seconds
78.962: Application time: 0.0389260 seconds
78.962: [GC78.962: [ParNew: 17544K->1546K(18048K), 0.0006190 secs] 45939K->30004K(57984K), 0.0006500 secs] [Times: user=0.00 sys=0.00, real=0.00 secs] 
78.963: Total time for which application threads were stopped: 0.0007760 seconds, Stopping threads took: 0.0000660 seconds
79.002: Application time: 0.0394310 seconds
79.002: [GC79.002: [ParNew: 17504K->1548K(18048K), 0.0009750 secs] 45962K->31030K(57984K), 0.0010070 secs] [Times: user=0.01 sys=0.00, real=0.00 secs] 
79.003: Total time for which application threads were stopped: 0.0011490 seconds, Stopping threads took: 0.0000770 seconds
79.041: Application time: 0.0380010 seconds
79.041: [GC79.041: [ParNew: 17163K->1606K(18048K), 0.0006810 secs] 46646K->31088K(57984K), 0.0007100 secs] [Times: user=0.00 sys=0.00, real=0.00 secs] 
79.042: Total time for which application threads were stopped: 0.0008280 seconds, Stopping threads took: 0.0000600 seconds
79.082: Application time: 0.0403570 seconds
79.083: [GC79.083: [ParNew: 17577K->1032K(18048K), 0.0004560 secs] 47059K->30618K(57984K), 0.0004820 secs] [Times: user=0.00 sys=0.00, real=0.00 secs] 
79.083: Total time for which application threads were stopped: 0.0005950 seconds, Stopping threads took: 0.0000550 seconds
79.123: Application time: 0.0397800 seconds
79.123: [GC79.123: [ParNew: 17002K->522K(18048K), 0.0003930 secs] 46589K->30108K(57984K), 0.0004250 secs] [Times: user=0.01 sys=0.00, real=0.00 secs] 
79.123: Total time for which application threads were stopped: 0.0005620 seconds, Stopping threads took: 0.0000780 seconds
79.162: Application time: 0.0383370 seconds
79.162: [GC79.162: [ParNew: 16484K->1032K(18048K), 0.0004570 secs] 46071K->30618K(57984K), 0.0004860 secs] [Times: user=0.01 sys=0.00, real=0.00 secs] 
79.162: Total time for which application threads were stopped: 0.0006110 seconds, Stopping threads took: 0.0000670 seconds
79.201: Application time: 0.0389830 seconds
79.201: [GC79.201: [ParNew: 17068K->1580K(18048K), 0.0008060 secs] 46655K->31678K(57984K), 0.0008380 secs] [Times: user=0.00 sys=0.00, real=0.00 secs] 
79.202: Total time for which application threads were stopped: 0.0009650 seconds, Stopping threads took: 0.0000660 seconds
79.243: Application time: 0.0406910 seconds
79.243: [GC79.243: [ParNew: 17553K->1032K(18048K), 0.0005080 secs] 47651K->31202K(57984K), 0.0005350 secs] [Times: user=0.00 sys=0.00, real=0.00 secs] 
79.244: Total time for which application threads were stopped: 0.0006570 seconds, Stopping threads took: 0.0000670 seconds
79.282: Application time: 0.0386230 seconds
79.282: [GC79.282: [ParNew: 16994K->1546K(18048K), 0.0006120 secs] 47165K->31716K(57984K), 0.0006420 secs] [Times: user=0.01 sys=0.00, real=0.00 secs] 
79.283: Total time for which application threads were stopped: 0.0007620 seconds, Stopping threads took: 0.0000620 seconds
79.321: Application time: 0.0380620 seconds
79.321: [GC79.321: [ParNew: 17508K->1546K(18048K), 0.0007850 secs] 47679K->32228K(57984K), 0.0008140 secs] [Times: user=0.01 sys=0.00, real=0.00 secs] 
79.322: Total time for which application threads were stopped: 0.0009450 seconds, Stopping threads took: 0.0000630 seconds
79.362: Application time: 0.0404360 seconds
79.363: [GC79.363: [ParNew: 17512K->1544K(18048K), 0.0008730 secs] 48195K->32738K(57984K), 0.0009010 secs] [Times: user=0.01 sys=0.00, real=0.00 secs] 
79.364: Total time for which application threads were stopped: 0.0010420 seconds, Stopping threads took: 0.0000840 seconds
79.403: Application time: 0.0390070 seconds
79.403: [GC79.403: [ParNew: 17593K->1574K(18048K), 0.0005960 secs] 48787K->32768K(57984K), 0.0006250 secs] [Times: user=0.00 sys=0.00, real=0.00 secs] 
79.403: Total time for which application threads were stopped: 0.0007450 seconds, Stopping threads took: 0.0000610 seconds
79.442: Application time: 0.0392280 seconds
79.443: [GC79.443: [ParNew: 17545K->1034K(18048K), 0.0004620 secs] 48739K->32276K(57984K), 0.0004910 secs] [Times: user=0.00 sys=0.00, real=0.00 secs] 
79.443: Total time for which application threads were stopped: 0.0006260 seconds, Stopping threads took: 0.0000630 seconds
79.483: Application time: 0.0399470 seconds
79.483: [GC79.483: [ParNew: 17079K->1064K(18048K), 0.0004430 secs] 48321K->32306K(57984K), 0.0004730 secs] [Times: user=0.00 sys=0.00, real=0.00 secs] 
79.484: Total time for which application threads were stopped: 0.0005990 seconds, Stopping threads took: 0.0000700 seconds
79.524: Application time: 0.0398360 seconds
79.524: [GC79.524: [ParNew: 17113K->552K(18048K), 0.0003890 secs] 48355K->31858K(57984K), 0.0004150 secs] [Times: user=0.00 sys=0.00, real=0.00 secs] 
79.524: Total time for which application threads were stopped: 0.0005200 seconds, Stopping threads took: 0.0000530 seconds
79.558: Application time: 0.0344550 seconds
79.559: [GC79.559: [ParNew: 16138K->1634K(18048K), 0.0012230 secs] 47444K->34477K(57984K), 0.0012560 secs] [Times: user=0.01 sys=0.00, real=0.00 secs] 
79.560: Total time for which application threads were stopped: 0.0013860 seconds, Stopping threads took: 0.0000630 seconds
79.600: Application time: 0.0400750 seconds
79.600: [GC79.600: [ParNew: 17605K->1548K(18048K), 0.0010800 secs] 50447K->35542K(57984K), 0.0011130 secs] [Times: user=0.01 sys=0.00, real=0.00 secs] 
79.601: Total time for which application threads were stopped: 0.0012570 seconds, Stopping threads took: 0.0000720 seconds
79.642: Application time: 0.0404450 seconds
79.642: [GC79.642: [ParNew: 17519K->1548K(18048K), 0.0008580 secs] 51513K->36055K(57984K), 0.0008870 secs] [Times: user=0.01 sys=0.00, real=0.00 secs] 
79.643: Total time for which application threads were stopped: 0.0010090 seconds, Stopping threads took: 0.0000600 seconds
79.681: Application time: 0.0385750 seconds
79.681: [GC79.681: [ParNew: 17163K->1094K(18048K), 0.0004690 secs] 51670K->35601K(57984K), 0.0004960 secs] [Times: user=0.00 sys=0.00, real=0.00 secs] 
79.682: Total time for which application threads were stopped: 0.0006060 seconds, Stopping threads took: 0.0000580 seconds
79.722: Application time: 0.0400430 seconds
79.722: [GC79.722: [ParNew: 17056K->1548K(18048K), 0.0006220 secs] 51563K->36159K(57984K), 0.0006510 secs] [Times: user=0.01 sys=0.00, real=0.00 secs] 
79.723: Total time for which application threads were stopped: 0.0007810 seconds, Stopping threads took: 0.0000710 seconds
79.762: Application time: 0.0393700 seconds
79.762: [GC79.762: [ParNew: 17519K->1036K(18048K), 0.0005290 secs] 52129K->35647K(57984K), 0.0005550 secs] [Times: user=0.01 sys=0.00, real=0.00 secs] 
79.763: Total time for which application threads were stopped: 0.0006960 seconds, Stopping threads took: 0.0000870 seconds
79.801: Application time: 0.0385370 seconds
79.801: [GC79.801: [ParNew: 16998K->1546K(18048K), 0.0006680 secs] 51609K->36157K(57984K), 0.0006980 secs] [Times: user=0.00 sys=0.00, real=0.00 secs] 
79.802: Total time for which application threads were stopped: 0.0008220 seconds, Stopping threads took: 0.0000650 seconds
79.842: Application time: 0.0398740 seconds
79.842: [GC79.842: [ParNew: 17512K->1546K(18048K), 0.0006150 secs] 52123K->36157K(57984K), 0.0006440 secs] [Times: user=0.00 sys=0.00, real=0.00 secs] 
79.843: Total time for which application threads were stopped: 0.0007690 seconds, Stopping threads took: 0.0000660 seconds
79.881: Application time: 0.0385470 seconds
79.881: [GC79.881: [ParNew: 17591K->1576K(18048K), 0.0006090 secs] 52202K->36187K(57984K), 0.0006380 secs] [Times: user=0.01 sys=0.00, real=0.00 secs] 
79.882: Total time for which application threads were stopped: 0.0007720 seconds, Stopping threads took: 0.0000720 seconds
79.923: Application time: 0.0404740 seconds
79.923: [GC79.923: [ParNew: 17547K->1036K(18048K), 0.0005300 secs] 52157K->35719K(57984K), 0.0005580 secs] [Times: user=0.01 sys=0.00, real=0.00 secs] 
79.923: Total time for which application threads were stopped: 0.0006710 seconds, Stopping threads took: 0.0000580 seconds
79.963: Application time: 0.0393960 seconds
79.963: [GC79.963: [ParNew: 16998K->1546K(18048K), 0.0006180 secs] 51681K->36229K(57984K), 0.0006470 secs] [Times: user=0.01 sys=0.00, real=0.00 secs] 
79.963: Total time for which application threads were stopped: 0.0007840 seconds, Stopping threads took: 0.0000700 seconds
80.002: Application time: 0.0384690 seconds
80.002: [GC80.002: [ParNew: 17512K->1544K(18048K), 0.0006110 secs] 52195K->36227K(57984K), 0.0006410 secs] [Times: user=0.01 sys=0.00, real=0.00 secs] 
80.003: Total time for which application threads were stopped: 0.0007650 seconds, Stopping threads took: 0.0000620 seconds
80.040: Application time: 0.0373820 seconds
80.040: [GC80.040: [ParNew: 17506K->1546K(18048K), 0.0007970 secs] 52189K->36741K(57984K), 0.0008270 secs] [Times: user=0.00 sys=0.00, real=0.00 secs] 
80.041: Total time for which application threads were stopped: 0.0009820 seconds, Stopping threads took: 0.0000930 seconds
80.081: Application time: 0.0404290 seconds
80.082: [GC80.082: [ParNew: 17595K->1578K(18048K), 0.0006570 secs] 52790K->36773K(57984K), 0.0006860 secs] [Times: user=0.01 sys=0.00, real=0.00 secs] 
80.082: Total time for which application threads were stopped: 0.0008020 seconds, Stopping threads took: 0.0000580 seconds
80.123: Application time: 0.0407610 seconds
80.123: [GC80.123: [ParNew: 17544K->1544K(18048K), 0.0006380 secs] 52739K->36803K(57984K), 0.0006680 secs] [Times: user=0.01 sys=0.00, real=0.00 secs] 
80.124: Total time for which application threads were stopped: 0.0008060 seconds, Stopping threads took: 0.0000650 seconds
80.164: Application time: 0.0398470 seconds
80.164: [GC80.164: [ParNew: 17593K->1062K(18048K), 0.0005480 secs] 52852K->36321K(57984K), 0.0005740 secs] [Times: user=0.01 sys=0.00, real=0.00 secs] 
80.164: Total time for which application threads were stopped: 0.0006960 seconds, Stopping threads took: 0.0000650 seconds
80.203: Application time: 0.0387970 seconds
80.203: [GC80.203: [ParNew: 17103K->1576K(18048K), 0.0007150 secs] 52362K->36899K(57984K), 0.0007430 secs] [Times: user=0.00 sys=0.00, real=0.00 secs] 
80.204: Total time for which application threads were stopped: 0.0008840 seconds, Stopping threads took: 0.0000810 seconds
80.242: Application time: 0.0379830 seconds
80.242: [GC80.242: [ParNew: 17187K->1092K(18048K), 0.0005430 secs] 52510K->36463K(57984K), 0.0005690 secs] [Times: user=0.01 sys=0.00, real=0.00 secs] 
80.243: Total time for which application threads were stopped: 0.0006890 seconds, Stopping threads took: 0.0000650 seconds
80.281: Application time: 0.0387300 seconds
80.282: [GC80.282: [ParNew: 17054K->1546K(18048K), 0.0006540 secs] 52425K->37013K(57984K), 0.0006840 secs] [Times: user=0.00 sys=0.00, real=0.00 secs] 
80.282: Total time for which application threads were stopped: 0.0008110 seconds, Stopping threads took: 0.0000660 seconds
80.320: Application time: 0.0379150 seconds
80.320: [GC80.320: [ParNew: 17153K->1608K(18048K), 0.0006360 secs] 52620K->37075K(57984K), 0.0006660 secs] [Times: user=0.00 sys=0.00, real=0.00 secs] 
80.321: Total time for which application threads were stopped: 0.0008190 seconds, Stopping threads took: 0.0000940 seconds
80.361: Application time: 0.0402250 seconds
80.361: [GC80.361: [ParNew: 17574K->1546K(18048K), 0.0006560 secs] 53042K->37117K(57984K), 0.0006860 secs] [Times: user=0.00 sys=0.00, real=0.00 secs] 
80.362: Total time for which application threads were stopped: 0.0008020 seconds, Stopping threads took: 0.0000550 seconds
80.402: Application time: 0.0401920 seconds
80.402: [GC80.402: [ParNew: 17512K->1550K(18048K), 0.0005560 secs] 53084K->37121K(57984K), 0.0005830 secs] [Times: user=0.01 sys=0.00, real=0.00 secs] 
80.403: Total time for which application threads were stopped: 0.0007050 seconds, Stopping threads took: 0.0000690 seconds
80.443: Application time: 0.0402830 seconds
80.443: [GC80.443: [ParNew: 17521K->1034K(18048K), 0.0004930 secs] 53092K->36605K(57984K), 0.0005210 secs] [Times: user=0.00 sys=0.00, real=0.00 secs] 
80.444: Total time for which application threads were stopped: 0.0006460 seconds, Stopping threads took: 0.0000670 seconds
80.484: Application time: 0.0399310 seconds
80.484: [GC80.484: [ParNew: 17000K->1034K(18048K), 0.0005250 secs] 52571K->36605K(57984K), 0.0005490 secs] [Times: user=0.00 sys=0.00, real=0.00 secs] 
80.484: Total time for which application threads were stopped: 0.0006710 seconds, Stopping threads took: 0.0000560 seconds
80.522: Application time: 0.0378490 seconds
80.522: [GC80.522: [ParNew: 17074K->1576K(18048K), 0.0006240 secs] 52645K->37147K(57984K), 0.0006530 secs] [Times: user=0.00 sys=0.00, real=0.00 secs] 
80.523: Total time for which application threads were stopped: 0.0007800 seconds, Stopping threads took: 0.0000680 seconds
80.562: Application time: 0.0386980 seconds
80.562: [GC80.562: [ParNew: 17538K->1546K(18048K), 0.0008110 secs] 53109K->37693K(57984K), 0.0008440 secs] [Times: user=0.01 sys=0.00, real=0.00 secs] 
80.563: Total time for which application threads were stopped: 0.0009820 seconds, Stopping threads took: 0.0000760 seconds
80.603: Application time: 0.0402650 seconds
80.603: [GC80.603: [ParNew: 17517K->1546K(18048K), 0.0006250 secs] 53664K->37693K(57984K), 0.0006550 secs] [Times: user=0.00 sys=0.00, real=0.00 secs] 
80.604: Total time for which application threads were stopped: 0.0007690 seconds, Stopping threads took: 0.0000550 seconds
80.644: Application time: 0.0404320 seconds
80.644: [GC80.644: [ParNew: 17516K->1032K(18048K), 0.0005020 secs] 53664K->37179K(57984K), 0.0005400 secs] [Times: user=0.00 sys=0.00, real=0.00 secs] 
80.645: Total time for which application threads were stopped: 0.0006800 seconds, Stopping threads took: 0.0000840 seconds
80.685: Application time: 0.0398580 seconds
80.685: [GC80.685: [ParNew: 16998K->1034K(18048K), 0.0005120 secs] 53146K->37181K(57984K), 0.0005400 secs] [Times: user=0.00 sys=0.00, real=0.01 secs] 
80.685: Total time for which application threads were stopped: 0.0006750 seconds, Stopping threads took: 0.0000790 seconds
80.725: Application time: 0.0394500 seconds
80.725: [GC80.725: [ParNew: 17000K->1034K(18048K), 0.0004760 secs] 53148K->37181K(57984K), 0.0005060 secs] [Times: user=0.00 sys=0.00, real=0.01 secs] 
80.726: Total time for which application threads were stopped: 0.0006230 seconds, Stopping threads took: 0.0000600 seconds
80.765: Application time: 0.0390070 seconds
80.765: [GC80.765: [ParNew: 17083K->554K(18048K), 0.0004310 secs] 53230K->36701K(57984K), 0.0004570 secs] [Times: user=0.01 sys=0.00, real=0.01 secs] 
80.765: Total time for which application threads were stopped: 0.0006410 seconds, Stopping threads took: 0.0001300 seconds
80.804: Application time: 0.0389600 seconds
80.804: [GC80.804: [ParNew: 16512K->1578K(18048K), 0.0006150 secs] 52659K->37725K(57984K), 0.0006440 secs] [Times: user=0.00 sys=0.00, real=0.00 secs] 
80.805: Total time for which application threads were stopped: 0.0007890 seconds, Stopping threads took: 0.0000850 seconds
80.842: Application time: 0.0374000 seconds
80.842: [GC80.842: [ParNew: 17614K->1578K(18048K), 0.0010010 secs] 53762K->38821K(57984K), 0.0010330 secs] [Times: user=0.01 sys=0.00, real=0.00 secs] 
80.844: Total time for which application threads were stopped: 0.0011710 seconds, Stopping threads took: 0.0000730 seconds
80.884: Application time: 0.0407750 seconds
80.884: [GC80.884: [ParNew: 17193K->1606K(18048K), 0.0006990 secs] 54436K->38921K(57984K), 0.0007260 secs] [Times: user=0.00 sys=0.00, real=0.00 secs] 
80.885: Total time for which application threads were stopped: 0.0008500 seconds, Stopping threads took: 0.0000580 seconds
80.924: Application time: 0.0387390 seconds
80.924: [GC80.924: [ParNew: 17651K->1578K(18048K), 0.0006300 secs] 54966K->38981K(57984K), 0.0006570 secs] [Times: user=0.01 sys=0.00, real=0.00 secs] 
80.925: Total time for which application threads were stopped: 0.0007860 seconds, Stopping threads took: 0.0000670 seconds
80.965: Application time: 0.0406890 seconds
80.966: [GC80.966: [ParNew: 17193K->580K(18048K), 0.0004090 secs] 54596K->38055K(57984K), 0.0004330 secs] [Times: user=0.00 sys=0.00, real=0.00 secs] 
80.966: Total time for which application threads were stopped: 0.0005670 seconds, Stopping threads took: 0.0000820 seconds
81.006: Application time: 0.0396000 seconds
81.006: [GC81.006: [ParNew: 16542K->1094K(18048K), 0.0004930 secs] 54018K->38569K(57984K), 0.0005220 secs] [Times: user=0.00 sys=0.00, real=0.00 secs] 
81.006: Total time for which application threads were stopped: 0.0006480 seconds, Stopping threads took: 0.0000580 seconds
81.043: Application time: 0.0369000 seconds
81.043: [GC81.043: [ParNew: 17056K->1548K(18048K), 0.0006470 secs] 54532K->39119K(57984K), 0.0006770 secs] [Times: user=0.00 sys=0.00, real=0.00 secs] 
81.044: Total time for which application threads were stopped: 0.0008020 seconds, Stopping threads took: 0.0000660 seconds
81.086: Application time: 0.0417980 seconds
81.086: [GC81.086: [ParNew: 17516K->1032K(18048K), 0.0005360 secs] 55088K->38603K(57984K), 0.0005610 secs] [Times: user=0.00 sys=0.00, real=0.00 secs] 
81.086: Total time for which application threads were stopped: 0.0007680 seconds, Stopping threads took: 0.0001500 seconds
81.125: Application time: 0.0383030 seconds
81.125: [GC81.125: [ParNew: 16986K->1548K(18048K), 0.0008020 secs] 54557K->39631K(57984K), 0.0008320 secs] [Times: user=0.00 sys=0.00, real=0.01 secs] 
81.126: Total time for which application threads were stopped: 0.0010050 seconds, Stopping threads took: 0.0001110 seconds
81.166: Application time: 0.0401830 seconds
81.166: [GC81.166: [ParNew: 17595K->1580K(18048K), 0.0007920 secs] 55678K->40175K(57984K), 0.0008310 secs] [Times: user=0.00 sys=0.00, real=0.00 secs] 
81.167: Total time for which application threads were stopped: 0.0009530 seconds, Stopping threads took: 0.0000580 seconds
81.207: Application time: 0.0403250 seconds
81.207: [GC81.207: [ParNew: 17548K->1546K(18048K), 0.0006200 secs] 56144K->40205K(57984K), 0.0006490 secs] [Times: user=0.01 sys=0.00, real=0.00 secs] 
81.208: Total time for which application threads were stopped: 0.0007840 seconds, Stopping threads took: 0.0000740 seconds
81.247: Application time: 0.0393450 seconds
81.247: [GC81.248: [ParNew: 17512K->1546K(18048K), 0.0006100 secs] 56172K->40205K(57984K), 0.0006390 secs] [Times: user=0.01 sys=0.00, real=0.00 secs] 
81.248: Total time for which application threads were stopped: 0.0007690 seconds, Stopping threads took: 0.0000710 seconds
81.287: Application time: 0.0390940 seconds
81.287: [GC81.287: [ParNew: 17502K->1548K(18048K), 0.0011890 secs]81.289: [Tenured: 40195K->10027K(40452K), 0.0051510 secs] 56162K->10027K(58500K), [Perm : 5145K->5145K(21248K)], 0.0064210 secs] [Times: user=0.01 sys=0.00, real=0.00 secs] 
81.294: Total time for which application threads were stopped: 0.0065510 seconds, Stopping threads took: 0.0000590 seconds
81.333: Application time: 0.0395770 seconds
81.334: [GC81.334: [ParNew: 15966K->1548K(18048K), 0.0013770 secs] 25994K->13111K(57984K), 0.0014080 secs] [Times: user=0.01 sys=0.00, real=0.00 secs] 
81.335: Total time for which application threads were stopped: 0.0015890 seconds, Stopping threads took: 0.0001170 seconds
81.375: Application time: 0.0399840 seconds
81.375: [GC81.375: [ParNew: 17519K->1546K(18048K), 0.0010580 secs] 29082K->14133K(57984K), 0.0010880 secs] [Times: user=0.00 sys=0.00, real=0.00 secs] 
81.376: Total time for which application threads were stopped: 0.0012140 seconds, Stopping threads took: 0.0000650 seconds
81.417: Application time: 0.0407310 seconds
81.417: [GC81.417: [ParNew: 17517K->1548K(18048K), 0.0007730 secs] 30104K->14647K(57984K), 0.0008060 secs] [Times: user=0.01 sys=0.00, real=0.01 secs] 
81.418: Total time for which application threads were stopped: 0.0009390 seconds, Stopping threads took: 0.0000730 seconds
81.458: Application time: 0.0399570 seconds
81.458: [GC81.458: [ParNew: 17597K->1578K(18048K), 0.0005980 secs] 30697K->14677K(57984K), 0.0006280 secs] [Times: user=0.00 sys=0.00, real=0.00 secs] 
81.459: Total time for which application threads were stopped: 0.0007570 seconds, Stopping threads took: 0.0000730 seconds
81.498: Application time: 0.0398540 seconds
81.499: [GC81.499: [ParNew: 17623K->1580K(18048K), 0.0006310 secs] 30722K->14751K(57984K), 0.0006610 secs] [Times: user=0.00 sys=0.00, real=0.00 secs] 
81.499: Total time for which application threads were stopped: 0.0007800 seconds, Stopping threads took: 0.0000600 seconds
81.538: Application time: 0.0386220 seconds
81.538: [GC81.538: [ParNew: 17542K->1546K(18048K), 0.0008370 secs] 30714K->15285K(57984K), 0.0008700 secs] [Times: user=0.01 sys=0.00, real=0.00 secs] 
81.539: Total time for which application threads were stopped: 0.0010030 seconds, Stopping threads took: 0.0000660 seconds
81.576: Application time: 0.0371210 seconds
81.576: [GC81.576: [ParNew: 17149K->1608K(18048K), 0.0009490 secs] 30888K->16372K(57984K), 0.0009800 secs] [Times: user=0.00 sys=0.00, real=0.00 secs] 
81.577: Total time for which application threads were stopped: 0.0011090 seconds, Stopping threads took: 0.0000640 seconds
81.618: Application time: 0.0412430 seconds
81.618: [GC81.618: [ParNew: 17657K->1576K(18048K), 0.0007850 secs] 32421K->16968K(57984K), 0.0008150 secs] [Times: user=0.01 sys=0.00, real=0.00 secs] 
81.619: Total time for which application threads were stopped: 0.0009700 seconds, Stopping threads took: 0.0000940 seconds
81.659: Application time: 0.0395430 seconds
81.659: [GC81.659: [ParNew: 17191K->1094K(18048K), 0.0005400 secs] 32583K->16542K(57984K), 0.0005660 secs] [Times: user=0.00 sys=0.00, real=0.00 secs] 
81.660: Total time for which application threads were stopped: 0.0006920 seconds, Stopping threads took: 0.0000690 seconds
81.698: Application time: 0.0382230 seconds
81.698: [GC81.698: [ParNew: 17052K->1546K(18048K), 0.0007800 secs] 32500K->17610K(57984K), 0.0008210 secs] [Times: user=0.01 sys=0.00, real=0.00 secs] 
81.699: Total time for which application threads were stopped: 0.0009610 seconds, Stopping threads took: 0.0000790 seconds
81.737: Application time: 0.0387520 seconds
81.738: [GC81.738: [ParNew: 17508K->1548K(18048K), 0.0009300 secs] 33572K->18636K(57984K), 0.0009610 secs] [Times: user=0.01 sys=0.00, real=0.00 secs] 
81.739: Total time for which application threads were stopped: 0.0010930 seconds, Stopping threads took: 0.0000670 seconds
81.778: Application time: 0.0398090 seconds
81.778: [GC81.778: [ParNew: 17514K->1548K(18048K), 0.0010020 secs] 34602K->19660K(57984K), 0.0010310 secs] [Times: user=0.01 sys=0.00, real=0.00 secs] 
81.780: Total time for which application threads were stopped: 0.0011640 seconds, Stopping threads took: 0.0000720 seconds
81.820: Application time: 0.0402630 seconds
81.820: [GC81.820: [ParNew: 17519K->1544K(18048K), 0.0008160 secs] 35631K->20168K(57984K), 0.0008440 secs] [Times: user=0.01 sys=0.00, real=0.00 secs] 
81.821: Total time for which application threads were stopped: 0.0009870 seconds, Stopping threads took: 0.0000830 seconds
81.861: Application time: 0.0399320 seconds
81.861: [GC81.861: [ParNew: 17593K->1578K(18048K), 0.0006100 secs] 36217K->20202K(57984K), 0.0006370 secs] [Times: user=0.00 sys=0.00, real=0.00 secs] 
81.861: Total time for which application threads were stopped: 0.0007690 seconds, Stopping threads took: 0.0000720 seconds
81.900: Application time: 0.0383990 seconds
81.901: [GC81.901: [ParNew: 17536K->1548K(18048K), 0.0010960 secs] 36160K->21252K(57984K), 0.0011280 secs] [Times: user=0.01 sys=0.00, real=0.00 secs] 
81.902: Total time for which application threads were stopped: 0.0025190 seconds, Stopping threads took: 0.0013190 seconds
81.942: Application time: 0.0392220 seconds
81.942: [GC81.942: [ParNew: 17514K->1548K(18048K), 0.0009950 secs] 37218K->22276K(57984K), 0.0010260 secs] [Times: user=0.01 sys=0.00, real=0.00 secs] 
81.943: Total time for which application threads were stopped: 0.0011530 seconds, Stopping threads took: 0.0000640 seconds
81.983: Application time: 0.0404690 seconds
81.983: [GC81.983: [ParNew: 17519K->1548K(18048K), 0.0007820 secs] 38247K->22788K(57984K), 0.0008130 secs] [Times: user=0.01 sys=0.00, real=0.00 secs] 
81.984: Total time for which application threads were stopped: 0.0009310 seconds, Stopping threads took: 0.0000570 seconds
82.025: Application time: 0.0411140 seconds
82.025: [GC82.025: [ParNew: 17521K->1032K(18048K), 0.0004860 secs] 38761K->22272K(57984K), 0.0005140 secs] [Times: user=0.00 sys=0.00, real=0.00 secs] 
82.026: Total time for which application threads were stopped: 0.0006210 seconds, Stopping threads took: 0.0000510 seconds
82.064: Application time: 0.0385560 seconds
82.065: [GC82.065: [ParNew: 16998K->1036K(18048K), 0.0004680 secs] 38238K->22276K(57984K), 0.0004950 secs] [Times: user=0.00 sys=0.00, real=0.00 secs] 
82.065: Total time for which application threads were stopped: 0.0006210 seconds, Stopping threads took: 0.0000620 seconds
82.103: Application time: 0.0376010 seconds
82.103: [GC82.103: [ParNew: 16986K->1550K(18048K), 0.0010760 secs] 38226K->24326K(57984K), 0.0011120 secs] [Times: user=0.01 sys=0.00, real=0.00 secs] 
82.104: Total time for which application threads were stopped: 0.0012430 seconds, Stopping threads took: 0.0000670 seconds
82.145: Application time: 0.0413290 seconds
82.145: [GC82.145: [ParNew: 17603K->1578K(18048K), 0.0006110 secs] 40379K->24354K(57984K), 0.0006390 secs] [Times: user=0.00 sys=0.00, real=0.00 secs] 
82.146: Total time for which application threads were stopped: 0.0007880 seconds, Stopping threads took: 0.0000830 seconds
82.186: Application time: 0.0394550 seconds
82.186: [GC82.186: [ParNew: 17627K->1064K(18048K), 0.0005280 secs] 40403K->23904K(57984K), 0.0005560 secs] [Times: user=0.00 sys=0.00, real=0.00 secs] 
82.186: Total time for which application threads were stopped: 0.0007580 seconds, Stopping threads took: 0.0001350 seconds
82.228: Application time: 0.0415070 seconds
82.228: [GC82.228: [ParNew: 17109K->556K(18048K), 0.0003180 secs] 39949K->23452K(57984K), 0.0003470 secs] [Times: user=0.00 sys=0.00, real=0.00 secs] 
82.228: Total time for which application threads were stopped: 0.0004950 seconds, Stopping threads took: 0.0000900 seconds
82.265: Application time: 0.0363190 seconds
82.265: [GC82.265: [ParNew: 16235K->1662K(18048K), 0.0007040 secs] 39131K->24558K(57984K), 0.0007330 secs] [Times: user=0.00 sys=0.00, real=0.01 secs] 
82.266: Total time for which application threads were stopped: 0.0009790 seconds, Stopping threads took: 0.0001870 seconds
82.305: Application time: 0.0395210 seconds
82.305: [GC82.305: [ParNew: 17698K->1576K(18048K), 0.0010280 secs] 40595K->25656K(57984K), 0.0010610 secs] [Times: user=0.01 sys=0.00, real=0.00 secs] 
82.306: Total time for which application threads were stopped: 0.0012070 seconds, Stopping threads took: 0.0000800 seconds
82.345: Application time: 0.0391140 seconds
82.346: [GC82.346: [ParNew: 17547K->1546K(18048K), 0.0008200 secs] 41627K->26186K(57984K), 0.0008530 secs] [Times: user=0.01 sys=0.00, real=0.00 secs] 
82.347: Total time for which application threads were stopped: 0.0011000 seconds, Stopping threads took: 0.0001860 seconds
82.388: Application time: 0.0413370 seconds
82.388: [GC82.388: [ParNew: 17512K->1548K(18048K), 0.0007970 secs] 42153K->26700K(57984K), 0.0008270 secs] [Times: user=0.00 sys=0.00, real=0.00 secs] 
82.389: Total time for which application threads were stopped: 0.0009550 seconds, Stopping threads took: 0.0000640 seconds
82.427: Application time: 0.0376990 seconds
82.427: [GC82.427: [ParNew: 17514K->1546K(18048K), 0.0007610 secs] 42667K->27210K(57984K), 0.0007920 secs] [Times: user=0.00 sys=0.00, real=0.00 secs] 
82.427: Total time for which application threads were stopped: 0.0009230 seconds, Stopping threads took: 0.0000700 seconds
82.468: Application time: 0.0403650 seconds
82.468: [GC82.468: [ParNew: 17512K->1546K(18048K), 0.0008090 secs] 43177K->27722K(57984K), 0.0008450 secs] [Times: user=0.01 sys=0.00, real=0.00 secs] 
82.469: Total time for which application threads were stopped: 0.0010730 seconds, Stopping threads took: 0.0001640 seconds
82.509: Application time: 0.0404870 seconds
82.510: [GC82.510: [ParNew: 17591K->1578K(18048K), 0.0008370 secs] 43767K->28266K(57984K), 0.0008670 secs] [Times: user=0.01 sys=0.00, real=0.00 secs] 
82.510: Total time for which application threads were stopped: 0.0009880 seconds, Stopping threads took: 0.0000610 seconds
82.550: Application time: 0.0393850 seconds
82.550: [GC82.550: [ParNew: 17549K->1548K(18048K), 0.0006170 secs] 44237K->28308K(57984K), 0.0006470 secs] [Times: user=0.01 sys=0.00, real=0.00 secs] 
82.551: Total time for which application threads were stopped: 0.0007800 seconds, Stopping threads took: 0.0000710 seconds
82.591: Application time: 0.0403800 seconds
82.591: [GC82.591: [ParNew: 17514K->1546K(18048K), 0.0005900 secs] 44275K->28306K(57984K), 0.0006170 secs] [Times: user=0.01 sys=0.00, real=0.00 secs] 
82.592: Total time for which application threads were stopped: 0.0007480 seconds, Stopping threads took: 0.0000630 seconds
82.631: Application time: 0.0393030 seconds
82.631: [GC82.631: [ParNew: 17508K->1546K(18048K), 0.0007870 secs] 44269K->28818K(57984K), 0.0008170 secs] [Times: user=0.00 sys=0.00, real=0.00 secs] 
82.632: Total time for which application threads were stopped: 0.0009520 seconds, Stopping threads took: 0.0000750 seconds
82.670: Application time: 0.0382420 seconds
82.670: [GC82.670: [ParNew: 17512K->1546K(18048K), 0.0007710 secs] 44785K->29330K(57984K), 0.0008020 secs] [Times: user=0.00 sys=0.00, real=0.00 secs] 
82.671: Total time for which application threads were stopped: 0.0009340 seconds, Stopping threads took: 0.0000700 seconds
82.711: Application time: 0.0402250 seconds
82.711: [GC82.711: [ParNew: 17517K->1546K(18048K), 0.0006760 secs] 45301K->29330K(57984K), 0.0007040 secs] [Times: user=0.00 sys=0.00, real=0.00 secs] 
82.712: Total time for which application threads were stopped: 0.0008430 seconds, Stopping threads took: 0.0000700 seconds
82.753: Application time: 0.0404480 seconds
82.753: [GC82.753: [ParNew: 17516K->1034K(18048K), 0.0005530 secs] 45301K->28818K(57984K), 0.0005800 secs] [Times: user=0.01 sys=0.00, real=0.00 secs] 
82.753: Total time for which application threads were stopped: 0.0007080 seconds, Stopping threads took: 0.0000730 seconds
82.793: Application time: 0.0391880 seconds
82.793: [GC82.793: [ParNew: 17004K->520K(18048K), 0.0003800 secs] 44789K->28304K(57984K), 0.0004040 secs] [Times: user=0.00 sys=0.00, real=0.00 secs] 
82.793: Total time for which application threads were stopped: 0.0005140 seconds, Stopping threads took: 0.0000560 seconds
82.833: Application time: 0.0399480 seconds
82.833: [GC82.833: [ParNew: 16568K->40K(18048K), 0.0002460 secs] 44353K->27824K(57984K), 0.0002700 secs] [Times: user=0.00 sys=0.00, real=0.00 secs] 
82.833: Total time for which application threads were stopped: 0.0003820 seconds, Stopping threads took: 0.0000590 seconds
82.869: Application time: 0.0354600 seconds
82.869: [GC82.869: [ParNew: 16060K->1608K(18048K), 0.0011690 secs] 43844K->30928K(57984K), 0.0012040 secs] [Times: user=0.01 sys=0.00, real=0.00 secs] 
82.870: Total time for which application threads were stopped: 0.0013410 seconds, Stopping threads took: 0.0000710 seconds
82.911: Application time: 0.0407550 seconds
82.911: [GC82.911: [ParNew: 17305K->1124K(18048K), 0.0005380 secs] 46626K->30533K(57984K), 0.0005660 secs] [Times: user=0.00 sys=0.00, real=0.00 secs] 
82.912: Total time for which application threads were stopped: 0.0006820 seconds, Stopping threads took: 0.0000610 seconds
82.949: Application time: 0.0373830 seconds
82.949: [GC82.949: [ParNew: 16727K->1608K(18048K), 0.0006800 secs] 46135K->31137K(57984K), 0.0007120 secs] [Times: user=0.00 sys=0.01, real=0.00 secs] 
82.950: Total time for which application threads were stopped: 0.0008490 seconds, Stopping threads took: 0.0000770 seconds
82.993: Application time: 0.0431930 seconds
82.993: [GC82.993: [ParNew: 17581K->522K(18048K), 0.0003360 secs] 47109K->30162K(57984K), 0.0003620 secs] [Times: user=0.00 sys=0.00, real=0.00 secs] 
82.994: Total time for which application threads were stopped: 0.0005900 seconds, Stopping threads took: 0.0001760 seconds
83.032: Application time: 0.0385720 seconds
83.032: [GC83.032: [ParNew: 16484K->522K(18048K), 0.0003930 secs] 46125K->30162K(57984K), 0.0004190 secs] [Times: user=0.00 sys=0.00, real=0.00 secs] 
83.033: Total time for which application threads were stopped: 0.0005860 seconds, Stopping threads took: 0.0001100 seconds
83.070: Application time: 0.0368650 seconds
83.070: [GC83.070: [ParNew: 16478K->1546K(18048K), 0.0007580 secs] 46119K->31699K(57984K), 0.0007890 secs] [Times: user=0.01 sys=0.00, real=0.00 secs] 
83.071: Total time for which application threads were stopped: 0.0009110 seconds, Stopping threads took: 0.0000610 seconds
83.111: Application time: 0.0407070 seconds
83.111: [GC83.111: [ParNew: 17517K->1546K(18048K), 0.0005950 secs] 47669K->31699K(57984K), 0.0006230 secs] [Times: user=0.01 sys=0.00, real=0.00 secs] 
83.112: Total time for which application threads were stopped: 0.0007610 seconds, Stopping threads took: 0.0000690 seconds
83.152: Application time: 0.0401920 seconds
83.152: [GC83.152: [ParNew: 17512K->1544K(18048K), 0.0006750 secs] 47665K->31696K(57984K), 0.0007040 secs] [Times: user=0.01 sys=0.00, real=0.00 secs] 
83.153: Total time for which application threads were stopped: 0.0008400 seconds, Stopping threads took: 0.0000780 seconds
83.192: Application time: 0.0391680 seconds
83.192: [GC83.192: [ParNew: 17589K->1578K(18048K), 0.0006440 secs] 47742K->31731K(57984K), 0.0006730 secs] [Times: user=0.00 sys=0.00, real=0.00 secs] 
83.193: Total time for which application threads were stopped: 0.0007980 seconds, Stopping threads took: 0.0000650 seconds
83.234: Application time: 0.0408230 seconds
83.234: [GC83.234: [ParNew: 17549K->1032K(18048K), 0.0005370 secs] 47701K->31249K(57984K), 0.0005730 secs] [Times: user=0.00 sys=0.00, real=0.00 secs] 
83.235: Total time for which application threads were stopped: 0.0006830 seconds, Stopping threads took: 0.0000550 seconds
83.272: Application time: 0.0378600 seconds
83.273: [GC83.273: [ParNew: 16994K->1544K(18048K), 0.0006530 secs] 47211K->31761K(57984K), 0.0006830 secs] [Times: user=0.00 sys=0.00, real=0.00 secs] 
83.273: Total time for which application threads were stopped: 0.0008410 seconds, Stopping threads took: 0.0000970 seconds
83.313: Application time: 0.0396660 seconds
83.313: [GC83.313: [ParNew: 17506K->1546K(18048K), 0.0007760 secs] 47723K->32275K(57984K), 0.0008090 secs] [Times: user=0.00 sys=0.00, real=0.00 secs] 
83.314: Total time for which application threads were stopped: 0.0009510 seconds, Stopping threads took: 0.0000770 seconds
83.353: Application time: 0.0386950 seconds
83.353: [GC83.353: [ParNew: 17517K->1548K(18048K), 0.0007140 secs] 48245K->32277K(57984K), 0.0007440 secs] [Times: user=0.01 sys=0.00, real=0.00 secs] 
83.354: Total time for which application threads were stopped: 0.0009750 seconds, Stopping threads took: 0.0001720 seconds
83.393: Application time: 0.0398940 seconds
83.394: [GC83.394: [ParNew: 17519K->1034K(18048K), 0.0005320 secs] 48247K->31763K(57984K), 0.0005590 secs] [Times: user=0.01 sys=0.00, real=0.00 secs] 
83.394: Total time for which application threads were stopped: 0.0006690 seconds, Stopping threads took: 0.0000540 seconds
83.435: Application time: 0.0408430 seconds
83.435: [GC83.435: [ParNew: 17000K->1034K(18048K), 0.0004350 secs] 47729K->31763K(57984K), 0.0004600 secs] [Times: user=0.01 sys=0.00, real=0.00 secs] 
83.436: Total time for which application threads were stopped: 0.0006080 seconds, Stopping threads took: 0.0000930 seconds
83.474: Application time: 0.0385810 seconds
83.474: [GC83.474: [ParNew: 17079K->1064K(18048K), 0.0005360 secs] 47807K->31793K(57984K), 0.0005630 secs] [Times: user=0.00 sys=0.00, real=0.00 secs] 
83.475: Total time for which application threads were stopped: 0.0006960 seconds, Stopping threads took: 0.0000770 seconds
83.514: Application time: 0.0392530 seconds
83.514: [GC83.514: [ParNew: 17109K->1064K(18048K), 0.0004840 secs] 47838K->31857K(57984K), 0.0005120 secs] [Times: user=0.01 sys=0.00, real=0.00 secs] 
83.515: Total time for which application threads were stopped: 0.0006310 seconds, Stopping threads took: 0.0000620 seconds
83.555: Application time: 0.0401410 seconds
83.555: [GC83.555: [ParNew: 17022K->1546K(18048K), 0.0007830 secs] 47815K->32907K(57984K), 0.0008140 secs] [Times: user=0.00 sys=0.00, real=0.00 secs] 
83.556: Total time for which application threads were stopped: 0.0009460 seconds, Stopping threads took: 0.0000710 seconds
83.593: Application time: 0.0375240 seconds
83.594: [GC83.594: [ParNew: 17318K->1150K(18048K), 0.0005390 secs] 48679K->32511K(57984K), 0.0005660 secs] [Times: user=0.00 sys=0.00, real=0.00 secs] 
83.594: Total time for which application threads were stopped: 0.0007460 seconds, Stopping threads took: 0.0001240 seconds
83.635: Application time: 0.0412300 seconds
83.635: [GC83.635: [ParNew: 17199K->554K(18048K), 0.0004130 secs] 48560K->32071K(57984K), 0.0004390 secs] [Times: user=0.00 sys=0.00, real=0.00 secs] 
83.636: Total time for which application threads were stopped: 0.0005550 seconds, Stopping threads took: 0.0000510 seconds
83.676: Application time: 0.0395920 seconds
83.676: [GC83.676: [ParNew: 16512K->1066K(18048K), 0.0004630 secs] 48029K->32583K(57984K), 0.0004900 secs] [Times: user=0.01 sys=0.00, real=0.00 secs] 
83.676: Total time for which application threads were stopped: 0.0006810 seconds, Stopping threads took: 0.0001330 seconds
83.714: Application time: 0.0379640 seconds
83.714: [GC83.714: [ParNew: 17026K->1548K(18048K), 0.0008030 secs] 48543K->33649K(57984K), 0.0008330 secs] [Times: user=0.01 sys=0.00, real=0.00 secs] 
83.715: Total time for which application threads were stopped: 0.0009640 seconds, Stopping threads took: 0.0000680 seconds
83.755: Application time: 0.0403250 seconds
83.756: [GC83.756: [ParNew: 17514K->1548K(18048K), 0.0008240 secs] 49616K->34161K(57984K), 0.0008610 secs] [Times: user=0.00 sys=0.00, real=0.00 secs] 
83.756: Total time for which application threads were stopped: 0.0009940 seconds, Stopping threads took: 0.0000740 seconds
83.797: Application time: 0.0405020 seconds
83.797: [GC83.797: [ParNew: 17514K->1548K(18048K), 0.0008920 secs] 50128K->34673K(57984K), 0.0009240 secs] [Times: user=0.01 sys=0.00, real=0.01 secs] 
83.798: Total time for which application threads were stopped: 0.0010510 seconds, Stopping threads took: 0.0000650 seconds
83.838: Application time: 0.0400460 seconds
83.838: [GC83.838: [ParNew: 17588K->1578K(18048K), 0.0009500 secs] 50714K->35727K(57984K), 0.0009830 secs] [Times: user=0.00 sys=0.00, real=0.00 secs] 
83.839: Total time for which application threads were stopped: 0.0011110 seconds, Stopping threads took: 0.0000660 seconds
83.879: Application time: 0.0401800 seconds
83.879: [GC83.879: [ParNew: 17549K->1548K(18048K), 0.0008710 secs] 51698K->36273K(57984K), 0.0009010 secs] [Times: user=0.01 sys=0.00, real=0.00 secs] 
83.880: Total time for which application threads were stopped: 0.0010290 seconds, Stopping threads took: 0.0000680 seconds
83.919: Application time: 0.0386850 seconds
83.919: [GC83.919: [ParNew: 17510K->1550K(18048K), 0.0008910 secs] 52236K->36787K(57984K), 0.0009240 secs] [Times: user=0.01 sys=0.00, real=0.00 secs] 
83.920: Total time for which application threads were stopped: 0.0011010 seconds, Stopping threads took: 0.0001150 seconds
83.961: Application time: 0.0411480 seconds
83.961: [GC83.961: [ParNew: 17523K->1546K(18048K), 0.0006990 secs] 52760K->36783K(57984K), 0.0007270 secs] [Times: user=0.01 sys=0.00, real=0.00 secs] 
83.962: Total time for which application threads were stopped: 0.0008560 seconds, Stopping threads took: 0.0000710 seconds
84.003: Application time: 0.0405480 seconds
84.003: [GC84.003: [ParNew: 17516K->1034K(18048K), 0.0004750 secs] 52754K->36271K(57984K), 0.0005020 secs] [Times: user=0.01 sys=0.00, real=0.00 secs] 
84.003: Total time for which application threads were stopped: 0.0006220 seconds, Stopping threads took: 0.0000620 seconds
84.042: Application time: 0.0385180 seconds
84.042: [GC84.042: [ParNew: 16992K->1548K(18048K), 0.0008390 secs] 52229K->37297K(57984K), 0.0008700 secs] [Times: user=0.01 sys=0.00, real=0.00 secs] 
84.043: Total time for which application threads were stopped: 0.0009930 seconds, Stopping threads took: 0.0000630 seconds
84.082: Application time: 0.0394870 seconds
84.083: [GC84.083: [ParNew: 17519K->1546K(18048K), 0.0006890 secs] 53268K->37295K(57984K), 0.0007190 secs] [Times: user=0.00 sys=0.00, real=0.00 secs] 
84.083: Total time for which application threads were stopped: 0.0009200 seconds, Stopping threads took: 0.0001420 seconds
84.124: Application time: 0.0405690 seconds
84.124: [GC84.124: [ParNew: 17512K->1546K(18048K), 0.0006340 secs] 53262K->37295K(57984K), 0.0006610 secs] [Times: user=0.00 sys=0.00, real=0.00 secs] 
84.125: Total time for which application threads were stopped: 0.0008920 seconds, Stopping threads took: 0.0001730 seconds
84.165: Application time: 0.0400100 seconds
84.165: [GC84.165: [ParNew: 17591K->1578K(18048K), 0.0006160 secs] 53340K->37327K(57984K), 0.0006470 secs] [Times: user=0.01 sys=0.00, real=0.01 secs] 
84.166: Total time for which application threads were stopped: 0.0007790 seconds, Stopping threads took: 0.0000570 seconds
84.206: Application time: 0.0408130 seconds
84.206: [GC84.206: [ParNew: 17627K->1066K(18048K), 0.0004720 secs] 53376K->36879K(57984K), 0.0005010 secs] [Times: user=0.01 sys=0.00, real=0.00 secs] 
84.207: Total time for which application threads were stopped: 0.0006080 seconds, Stopping threads took: 0.0000490 seconds
84.245: Application time: 0.0382560 seconds
84.245: [GC84.245: [ParNew: 16751K->1124K(18048K), 0.0004950 secs] 52565K->36993K(57984K), 0.0005220 secs] [Times: user=0.01 sys=0.00, real=0.00 secs] 
84.246: Total time for which application threads were stopped: 0.0006380 seconds, Stopping threads took: 0.0000590 seconds
84.285: Application time: 0.0394360 seconds
84.285: [GC84.285: [ParNew: 17165K->1576K(18048K), 0.0006420 secs] 53034K->37577K(57984K), 0.0006790 secs] [Times: user=0.01 sys=0.00, real=0.00 secs] 
84.286: Total time for which application threads were stopped: 0.0007980 seconds, Stopping threads took: 0.0000590 seconds
84.325: Application time: 0.0392250 seconds
84.325: [GC84.325: [ParNew: 17625K->1068K(18048K), 0.0005270 secs] 53626K->37125K(57984K), 0.0005560 secs] [Times: user=0.00 sys=0.00, real=0.00 secs] 
84.326: Total time for which application threads were stopped: 0.0006810 seconds, Stopping threads took: 0.0000660 seconds
84.366: Application time: 0.0403560 seconds
84.367: [GC84.367: [ParNew: 17034K->522K(18048K), 0.0004110 secs] 53092K->36651K(57984K), 0.0004370 secs] [Times: user=0.01 sys=0.00, real=0.00 secs] 
84.367: Total time for which application threads were stopped: 0.0005940 seconds, Stopping threads took: 0.0001030 seconds
84.404: Application time: 0.0366130 seconds
84.404: [GC84.404: [ParNew: 16470K->1552K(18048K), 0.0011590 secs] 52599K->39217K(57984K), 0.0011920 secs] [Times: user=0.01 sys=0.00, real=0.00 secs] 
84.405: Total time for which application threads were stopped: 0.0013330 seconds, Stopping threads took: 0.0000740 seconds
84.444: Application time: 0.0394490 seconds
84.444: [GC84.444: [ParNew: 17518K->1548K(18048K), 0.0011680 secs] 55184K->40749K(57984K), 0.0012010 secs] [Times: user=0.01 sys=0.00, real=0.01 secs] 
84.446: Total time for which application threads were stopped: 0.0013310 seconds, Stopping threads took: 0.0000660 seconds
84.486: Application time: 0.0401250 seconds
84.486: [GC84.486: [ParNew: 17519K->1548K(18048K), 0.0010080 secs]84.487: [Tenured: 40225K->7983K(40452K), 0.0050570 secs] 56720K->7983K(58500K), [Perm : 5145K->5145K(21248K)], 0.0061460 secs] [Times: user=0.02 sys=0.00, real=0.00 secs] 
84.492: Total time for which application threads were stopped: 0.0063020 seconds, Stopping threads took: 0.0000870 seconds
84.532: Application time: 0.0402500 seconds
84.533: [GC84.533: [ParNew: 16045K->1574K(18048K), 0.0010380 secs] 24028K->10581K(57984K), 0.0010700 secs] [Times: user=0.00 sys=0.00, real=0.00 secs] 
84.534: Total time for which application threads were stopped: 0.0012310 seconds, Stopping threads took: 0.0000950 seconds
84.574: Application time: 0.0402720 seconds
84.574: [GC84.574: [ParNew: 17545K->1546K(18048K), 0.0008190 secs] 26552K->11137K(57984K), 0.0008510 secs] [Times: user=0.00 sys=0.00, real=0.00 secs] 
84.575: Total time for which application threads were stopped: 0.0009770 seconds, Stopping threads took: 0.0000630 seconds
84.615: Application time: 0.0399140 seconds
84.615: [GC84.615: [ParNew: 17517K->1548K(18048K), 0.0006300 secs] 27108K->11139K(57984K), 0.0006570 secs] [Times: user=0.01 sys=0.00, real=0.00 secs] 
84.616: Total time for which application threads were stopped: 0.0007960 seconds, Stopping threads took: 0.0000810 seconds
84.655: Application time: 0.0393340 seconds
84.655: [GC84.655: [ParNew: 17510K->1550K(18048K), 0.0007760 secs] 27101K->11653K(57984K), 0.0008050 secs] [Times: user=0.01 sys=0.00, real=0.00 secs] 
84.656: Total time for which application threads were stopped: 0.0009410 seconds, Stopping threads took: 0.0000760 seconds
84.694: Application time: 0.0380600 seconds
84.694: [GC84.694: [ParNew: 17512K->1548K(18048K), 0.0009630 secs] 27615K->12675K(57984K), 0.0009930 secs] [Times: user=0.01 sys=0.00, real=0.00 secs] 
84.695: Total time for which application threads were stopped: 0.0012030 seconds, Stopping threads took: 0.0001380 seconds
84.735: Application time: 0.0399800 seconds
84.735: [GC84.735: [ParNew: 17514K->1548K(18048K), 0.0009790 secs] 28642K->13699K(57984K), 0.0010090 secs] [Times: user=0.01 sys=0.00, real=0.00 secs] 
84.736: Total time for which application threads were stopped: 0.0011540 seconds, Stopping threads took: 0.0000830 seconds
84.777: Application time: 0.0405870 seconds
84.777: [GC84.777: [ParNew: 17516K->1546K(18048K), 0.0007560 secs] 29668K->14209K(57984K), 0.0007890 secs] [Times: user=0.01 sys=0.00, real=0.01 secs] 
84.778: Total time for which application threads were stopped: 0.0009460 seconds, Stopping threads took: 0.0000890 seconds
84.816: Application time: 0.0384140 seconds
84.816: [GC84.816: [ParNew: 17517K->1546K(18048K), 0.0006140 secs] 30180K->14209K(57984K), 0.0006430 secs] [Times: user=0.01 sys=0.00, real=0.00 secs] 
84.817: Total time for which application threads were stopped: 0.0007750 seconds, Stopping threads took: 0.0000710 seconds
84.857: Application time: 0.0402150 seconds
84.857: [GC84.857: [ParNew: 17595K->1066K(18048K), 0.0004330 secs] 30258K->13729K(57984K), 0.0004610 secs] [Times: user=0.00 sys=0.00, real=0.00 secs] 
84.858: Total time for which application threads were stopped: 0.0005710 seconds, Stopping threads took: 0.0000510 seconds
84.893: Application time: 0.0356550 seconds
84.894: [GC84.894: [ParNew: 16739K->1632K(18048K), 0.0010390 secs] 29402K->15375K(57984K), 0.0010720 secs] [Times: user=0.00 sys=0.00, real=0.00 secs] 
84.895: Total time for which application threads were stopped: 0.0013030 seconds, Stopping threads took: 0.0001690 seconds
84.936: Application time: 0.0417310 seconds
84.937: [GC84.937: [ParNew: 17679K->1580K(18048K), 0.0007940 secs] 31422K->15959K(57984K), 0.0008240 secs] [Times: user=0.00 sys=0.00, real=0.01 secs] 
84.937: Total time for which application threads were stopped: 0.0009780 seconds, Stopping threads took: 0.0000940 seconds
84.979: Application time: 0.0411090 seconds
84.979: [GC84.979: [ParNew: 17627K->1578K(18048K), 0.0006300 secs] 32006K->16021K(57984K), 0.0006570 secs] [Times: user=0.00 sys=0.00, real=0.00 secs] 
84.979: Total time for which application threads were stopped: 0.0007830 seconds, Stopping threads took: 0.0000660 seconds
85.019: Application time: 0.0391580 seconds
85.019: [GC85.019: [ParNew: 17623K->1578K(18048K), 0.0006840 secs] 32066K->16093K(57984K), 0.0007160 secs] [Times: user=0.00 sys=0.00, real=0.00 secs] 
85.019: Total time for which application threads were stopped: 0.0008910 seconds, Stopping threads took: 0.0001140 seconds
85.060: Application time: 0.0402130 seconds
85.060: [GC85.060: [ParNew: 17549K->1034K(18048K), 0.0004400 secs] 32064K->15613K(57984K), 0.0004680 secs] [Times: user=0.01 sys=0.00, real=0.00 secs] 
85.060: Total time for which application threads were stopped: 0.0005780 seconds, Stopping threads took: 0.0000550 seconds
85.098: Application time: 0.0382860 seconds
85.099: [GC85.099: [ParNew: 16992K->1546K(18048K), 0.0007420 secs] 31571K->16637K(57984K), 0.0007690 secs] [Times: user=0.01 sys=0.00, real=0.00 secs] 
85.099: Total time for which application threads were stopped: 0.0008940 seconds, Stopping threads took: 0.0000670 seconds
85.140: Application time: 0.0403790 seconds
85.140: [GC85.140: [ParNew: 17517K->1548K(18048K), 0.0006020 secs] 32608K->16639K(57984K), 0.0006320 secs] [Times: user=0.00 sys=0.00, real=0.00 secs] 
85.141: Total time for which application threads were stopped: 0.0007600 seconds, Stopping threads took: 0.0000670 seconds
85.180: Application time: 0.0389900 seconds
85.180: [GC85.180: [ParNew: 17597K->1066K(18048K), 0.0004310 secs] 32688K->16157K(57984K), 0.0004580 secs] [Times: user=0.00 sys=0.00, real=0.00 secs] 
85.180: Total time for which application threads were stopped: 0.0005750 seconds, Stopping threads took: 0.0000600 seconds
85.219: Application time: 0.0393000 seconds
85.220: [GC85.220: [ParNew: 17032K->1034K(18048K), 0.0005140 secs] 32124K->16197K(57984K), 0.0005410 secs] [Times: user=0.01 sys=0.00, real=0.00 secs] 
85.220: Total time for which application threads were stopped: 0.0006720 seconds, Stopping threads took: 0.0000640 seconds
85.260: Application time: 0.0398050 seconds
85.260: [GC85.260: [ParNew: 17000K->1034K(18048K), 0.0004370 secs] 32164K->16197K(57984K), 0.0004660 secs] [Times: user=0.01 sys=0.00, real=0.00 secs] 
85.260: Total time for which application threads were stopped: 0.0006060 seconds, Stopping threads took: 0.0000830 seconds
85.299: Application time: 0.0381660 seconds
85.299: [GC85.299: [ParNew: 17000K->1036K(18048K), 0.0004920 secs] 32164K->16199K(57984K), 0.0005280 secs] [Times: user=0.00 sys=0.00, real=0.00 secs] 
85.299: Total time for which application threads were stopped: 0.0006590 seconds, Stopping threads took: 0.0000750 seconds
85.338: Application time: 0.0388320 seconds
85.338: [GC85.338: [ParNew: 16994K->1548K(18048K), 0.0008250 secs] 32158K->17223K(57984K), 0.0008580 secs] [Times: user=0.01 sys=0.00, real=0.00 secs] 
85.339: Total time for which application threads were stopped: 0.0009900 seconds, Stopping threads took: 0.0000690 seconds
85.378: Application time: 0.0392090 seconds
85.378: [GC85.378: [ParNew: 17514K->1548K(18048K), 0.0008440 secs] 33190K->17735K(57984K), 0.0008730 secs] [Times: user=0.01 sys=0.00, real=0.00 secs] 
85.379: Total time for which application threads were stopped: 0.0009910 seconds, Stopping threads took: 0.0000570 seconds
85.418: Application time: 0.0385060 seconds
85.418: [GC85.418: [ParNew: 17514K->1546K(18048K), 0.0008420 secs] 33702K->18245K(57984K), 0.0008740 secs] [Times: user=0.00 sys=0.00, real=0.00 secs] 
85.419: Total time for which application threads were stopped: 0.0009920 seconds, Stopping threads took: 0.0000570 seconds
85.459: Application time: 0.0406530 seconds
85.460: [GC85.460: [ParNew: 17517K->1546K(18048K), 0.0005910 secs] 34216K->18245K(57984K), 0.0006180 secs] [Times: user=0.00 sys=0.00, real=0.00 secs] 
85.460: Total time for which application threads were stopped: 0.0007440 seconds, Stopping threads took: 0.0000660 seconds
85.499: Application time: 0.0390110 seconds
85.499: [GC85.499: [ParNew: 17595K->1066K(18048K), 0.0004160 secs] 34294K->17765K(57984K), 0.0004440 secs] [Times: user=0.01 sys=0.00, real=0.00 secs] 
85.500: Total time for which application threads were stopped: 0.0005600 seconds, Stopping threads took: 0.0000620 seconds
85.539: Application time: 0.0388080 seconds
85.539: [GC85.539: [ParNew: 17098K->1578K(18048K), 0.0007960 secs] 33798K->18845K(57984K), 0.0008270 secs] [Times: user=0.00 sys=0.00, real=0.00 secs] 
85.540: Total time for which application threads were stopped: 0.0009840 seconds, Stopping threads took: 0.0000940 seconds
85.577: Application time: 0.0373730 seconds
85.577: [GC85.577: [ParNew: 17187K->1606K(18048K), 0.0008290 secs] 34455K->19449K(57984K), 0.0008590 secs] [Times: user=0.01 sys=0.00, real=0.01 secs] 
85.578: Total time for which application threads were stopped: 0.0009850 seconds, Stopping threads took: 0.0000660 seconds
85.618: Application time: 0.0398670 seconds
85.618: [GC85.618: [ParNew: 17217K->1606K(18048K), 0.0006830 secs] 35061K->19545K(57984K), 0.0007100 secs] [Times: user=0.00 sys=0.00, real=0.00 secs] 
85.619: Total time for which application threads were stopped: 0.0008320 seconds, Stopping threads took: 0.0000620 seconds
85.659: Application time: 0.0407900 seconds
85.660: [GC85.660: [ParNew: 17659K->40K(18048K), 0.0002830 secs] 35599K->18067K(57984K), 0.0003090 secs] [Times: user=0.00 sys=0.00, real=0.00 secs] 
85.660: Total time for which application threads were stopped: 0.0004230 seconds, Stopping threads took: 0.0000620 seconds
85.695: Application time: 0.0348220 seconds
85.695: [GC85.695: [ParNew: 15977K->1580K(18048K), 0.0013400 secs] 34005K->21656K(57984K), 0.0013750 secs] [Times: user=0.01 sys=0.00, real=0.00 secs] 
85.696: Total time for which application threads were stopped: 0.0015190 seconds, Stopping threads took: 0.0000760 seconds
85.738: Application time: 0.0413910 seconds
85.738: [GC85.738: [ParNew: 17553K->1548K(18048K), 0.0009400 secs] 37629K->22712K(57984K), 0.0009710 secs] [Times: user=0.00 sys=0.00, real=0.00 secs] 
85.739: Total time for which application threads were stopped: 0.0011090 seconds, Stopping threads took: 0.0000640 seconds
85.780: Application time: 0.0408940 seconds
85.780: [GC85.780: [ParNew: 17519K->1548K(18048K), 0.0008560 secs] 38682K->23224K(57984K), 0.0008830 secs] [Times: user=0.01 sys=0.00, real=0.00 secs] 
85.781: Total time for which application threads were stopped: 0.0010160 seconds, Stopping threads took: 0.0000720 seconds
85.823: Application time: 0.0418700 seconds
85.823: [GC85.823: [ParNew: 17521K->1034K(18048K), 0.0004890 secs] 39197K->22710K(57984K), 0.0005160 secs] [Times: user=0.00 sys=0.00, real=0.00 secs] 
85.823: Total time for which application threads were stopped: 0.0006270 seconds, Stopping threads took: 0.0000560 seconds
85.863: Application time: 0.0397590 seconds
85.863: [GC85.863: [ParNew: 17083K->552K(18048K), 0.0003100 secs] 38759K->22228K(57984K), 0.0003340 secs] [Times: user=0.00 sys=0.00, real=0.00 secs] 
85.863: Total time for which application threads were stopped: 0.0004430 seconds, Stopping threads took: 0.0000550 seconds
85.903: Application time: 0.0400580 seconds
85.904: [GC85.904: [ParNew: 16518K->554K(18048K), 0.0003070 secs] 38194K->22230K(57984K), 0.0003330 secs] [Times: user=0.00 sys=0.00, real=0.00 secs] 
85.904: Total time for which application threads were stopped: 0.0004540 seconds, Stopping threads took: 0.0000670 seconds
85.941: Application time: 0.0374770 seconds
85.941: [GC85.941: [ParNew: 16504K->1580K(18048K), 0.0009730 secs] 38180K->24280K(57984K), 0.0010050 secs] [Times: user=0.01 sys=0.00, real=0.00 secs] 
85.942: Total time for which application threads were stopped: 0.0011310 seconds, Stopping threads took: 0.0000620 seconds
85.982: Application time: 0.0397080 seconds
85.982: [GC85.982: [ParNew: 17551K->1548K(18048K), 0.0007970 secs] 40251K->24824K(57984K), 0.0008260 secs] [Times: user=0.00 sys=0.00, real=0.00 secs] 
85.983: Total time for which application threads were stopped: 0.0009470 seconds, Stopping threads took: 0.0000570 seconds
86.024: Application time: 0.0411260 seconds
86.024: [GC86.024: [ParNew: 17519K->1544K(18048K), 0.0006360 secs] 40795K->24820K(57984K), 0.0006620 secs] [Times: user=0.01 sys=0.00, real=0.00 secs] 
86.025: Total time for which application threads were stopped: 0.0008030 seconds, Stopping threads took: 0.0000810 seconds
86.065: Application time: 0.0395040 seconds
86.065: [GC86.065: [ParNew: 17514K->1034K(18048K), 0.0004180 secs] 40790K->24310K(57984K), 0.0004440 secs] [Times: user=0.01 sys=0.00, real=0.00 secs] 
86.065: Total time for which application threads were stopped: 0.0005790 seconds, Stopping threads took: 0.0000730 seconds
86.106: Application time: 0.0406110 seconds
86.106: [GC86.106: [ParNew: 17004K->522K(18048K), 0.0003670 secs] 40280K->23798K(57984K), 0.0003920 secs] [Times: user=0.00 sys=0.00, real=0.00 secs] 
86.106: Total time for which application threads were stopped: 0.0005080 seconds, Stopping threads took: 0.0000620 seconds
86.147: Application time: 0.0409240 seconds
86.147: [GC86.147: [ParNew: 16492K->10K(18048K), 0.0002990 secs] 39768K->23286K(57984K), 0.0003240 secs] [Times: user=0.00 sys=0.00, real=0.00 secs] 
86.148: Total time for which application threads were stopped: 0.0004380 seconds, Stopping threads took: 0.0000630 seconds
86.183: Application time: 0.0350810 seconds
86.183: [GC86.183: [ParNew: 15592K->1608K(18048K), 0.0011240 secs] 38868K->26420K(57984K), 0.0011570 secs] [Times: user=0.01 sys=0.00, real=0.00 secs] 
86.184: Total time for which application threads were stopped: 0.0013100 seconds, Stopping threads took: 0.0000860 seconds
86.225: Application time: 0.0413670 seconds
86.226: [GC86.226: [ParNew: 17661K->1574K(18048K), 0.0007160 secs] 42473K->26474K(57984K), 0.0007470 secs] [Times: user=0.00 sys=0.00, real=0.00 secs] 
86.226: Total time for which application threads were stopped: 0.0008730 seconds, Stopping threads took: 0.0000670 seconds
86.265: Application time: 0.0390470 seconds
86.265: [GC86.265: [ParNew: 17623K->1064K(18048K), 0.0004750 secs] 42523K->26036K(57984K), 0.0004990 secs] [Times: user=0.00 sys=0.00, real=0.00 secs] 
86.266: Total time for which application threads were stopped: 0.0006290 seconds, Stopping threads took: 0.0000660 seconds
86.306: Application time: 0.0402190 seconds
86.306: [GC86.306: [ParNew: 16675K->580K(18048K), 0.0003420 secs] 41647K->25616K(57984K), 0.0003660 secs] [Times: user=0.00 sys=0.00, real=0.00 secs] 
86.307: Total time for which application threads were stopped: 0.0004800 seconds, Stopping threads took: 0.0000630 seconds
86.343: Application time: 0.0360200 seconds
86.343: [GC86.343: [ParNew: 16608K->1636K(18048K), 0.0008220 secs] 41644K->27184K(57984K), 0.0008600 secs] [Times: user=0.01 sys=0.00, real=0.00 secs] 
86.344: Total time for which application threads were stopped: 0.0010340 seconds, Stopping threads took: 0.0001110 seconds
86.385: Application time: 0.0415300 seconds
86.385: [GC86.385: [ParNew: 17609K->1036K(18048K), 0.0004910 secs] 43157K->26704K(57984K), 0.0005180 secs] [Times: user=0.00 sys=0.00, real=0.00 secs] 
86.386: Total time for which application threads were stopped: 0.0006320 seconds, Stopping threads took: 0.0000590 seconds
86.426: Application time: 0.0402310 seconds
86.426: [GC86.426: [ParNew: 17004K->1030K(18048K), 0.0005430 secs] 42673K->26698K(57984K), 0.0005680 secs] [Times: user=0.00 sys=0.00, real=0.00 secs] 
86.427: Total time for which application threads were stopped: 0.0008020 seconds, Stopping threads took: 0.0001790 seconds
86.466: Application time: 0.0389750 seconds
86.466: [GC86.466: [ParNew: 16990K->1546K(18048K), 0.0008500 secs] 42658K->27726K(57984K), 0.0008810 secs] [Times: user=0.01 sys=0.00, real=0.00 secs] 
86.467: Total time for which application threads were stopped: 0.0010020 seconds, Stopping threads took: 0.0000590 seconds
86.506: Application time: 0.0391000 seconds
86.506: [GC86.506: [ParNew: 17508K->1548K(18048K), 0.0009330 secs] 43689K->28752K(57984K), 0.0009650 secs] [Times: user=0.01 sys=0.00, real=0.00 secs] 
86.507: Total time for which application threads were stopped: 0.0010930 seconds, Stopping threads took: 0.0000640 seconds
86.549: Application time: 0.0414930 seconds
86.549: [GC86.549: [ParNew: 17601K->1066K(18048K), 0.0004570 secs] 44805K->28270K(57984K), 0.0004860 secs] [Times: user=0.00 sys=0.00, real=0.00 secs] 
86.549: Total time for which application threads were stopped: 0.0006090 seconds, Stopping threads took: 0.0000660 seconds
86.588: Application time: 0.0389190 seconds
86.588: [GC86.588: [ParNew: 17028K->1548K(18048K), 0.0006240 secs] 44233K->28800K(57984K), 0.0006510 secs] [Times: user=0.01 sys=0.00, real=0.00 secs] 
86.589: Total time for which application threads were stopped: 0.0007860 seconds, Stopping threads took: 0.0000770 seconds
86.628: Application time: 0.0390910 seconds
86.628: [GC86.628: [ParNew: 17510K->1546K(18048K), 0.0007900 secs] 44763K->29310K(57984K), 0.0008190 secs] [Times: user=0.00 sys=0.00, real=0.00 secs] 
86.629: Total time for which application threads were stopped: 0.0009540 seconds, Stopping threads took: 0.0000720 seconds
86.668: Application time: 0.0392050 seconds
86.668: [GC86.668: [ParNew: 17517K->1546K(18048K), 0.0006050 secs] 45281K->29310K(57984K), 0.0006320 secs] [Times: user=0.00 sys=0.00, real=0.00 secs] 
86.669: Total time for which application threads were stopped: 0.0007560 seconds, Stopping threads took: 0.0000660 seconds
86.708: Application time: 0.0389550 seconds
86.708: [GC86.708: [ParNew: 17504K->1548K(18048K), 0.0007690 secs] 45268K->29824K(57984K), 0.0007990 secs] [Times: user=0.01 sys=0.00, real=0.00 secs] 
86.709: Total time for which application threads were stopped: 0.0009720 seconds, Stopping threads took: 0.0001090 seconds
86.749: Application time: 0.0402030 seconds
86.749: [GC86.749: [ParNew: 17516K->1546K(18048K), 0.0007970 secs] 45793K->30334K(57984K), 0.0008280 secs] [Times: user=0.01 sys=0.00, real=0.00 secs] 
86.750: Total time for which application threads were stopped: 0.0009680 seconds, Stopping threads took: 0.0000720 seconds
86.790: Application time: 0.0398500 seconds
86.790: [GC86.790: [ParNew: 17512K->1546K(18048K), 0.0007770 secs] 46301K->30846K(57984K), 0.0008070 secs] [Times: user=0.00 sys=0.00, real=0.00 secs] 
86.791: Total time for which application threads were stopped: 0.0009530 seconds, Stopping threads took: 0.0000770 seconds
86.830: Application time: 0.0388330 seconds
86.830: [GC86.830: [ParNew: 17595K->1576K(18048K), 0.0006230 secs] 46895K->30876K(57984K), 0.0006520 secs] [Times: user=0.01 sys=0.00, real=0.00 secs] 
86.831: Total time for which application threads were stopped: 0.0008850 seconds, Stopping threads took: 0.0001740 seconds
86.870: Application time: 0.0392640 seconds
86.870: [GC86.870: [ParNew: 17187K->1092K(18048K), 0.0004840 secs] 46488K->30448K(57984K), 0.0005190 secs] [Times: user=0.00 sys=0.00, real=0.00 secs] 
86.870: Total time for which application threads were stopped: 0.0006490 seconds, Stopping threads took: 0.0000750 seconds
86.910: Application time: 0.0390750 seconds
86.910: [GC86.910: [ParNew: 17133K->1578K(18048K), 0.0006430 secs] 46489K->31042K(57984K), 0.0006730 secs] [Times: user=0.00 sys=0.00, real=0.00 secs] 
86.910: Total time for which application threads were stopped: 0.0007930 seconds, Stopping threads took: 0.0000600 seconds
86.949: Application time: 0.0383740 seconds
86.949: [GC86.949: [ParNew: 17619K->1578K(18048K), 0.0008290 secs] 47083K->31618K(57984K), 0.0008610 secs] [Times: user=0.00 sys=0.00, real=0.00 secs] 
86.950: Total time for which application threads were stopped: 0.0009940 seconds, Stopping threads took: 0.0000710 seconds
86.991: Application time: 0.0410080 seconds
86.991: [GC86.991: [ParNew: 17623K->1578K(18048K), 0.0007890 secs] 47663K->32210K(57984K), 0.0008180 secs] [Times: user=0.01 sys=0.00, real=0.00 secs] 
86.992: Total time for which application threads were stopped: 0.0009400 seconds, Stopping threads took: 0.0000620 seconds
87.031: Application time: 0.0396250 seconds
87.031: [GC87.031: [ParNew: 17627K->1578K(18048K), 0.0007020 secs] 48260K->32282K(57984K), 0.0007310 secs] [Times: user=0.00 sys=0.00, real=0.00 secs] 
87.032: Total time for which application threads were stopped: 0.0008680 seconds, Stopping threads took: 0.0000780 seconds
87.071: Application time: 0.0389070 seconds
87.071: [GC87.071: [ParNew: 17544K->1034K(18048K), 0.0004450 secs] 48249K->31810K(57984K), 0.0004720 secs] [Times: user=0.00 sys=0.00, real=0.00 secs] 
87.072: Total time for which application threads were stopped: 0.0006400 seconds, Stopping threads took: 0.0001110 seconds
87.112: Application time: 0.0399630 seconds
87.112: [GC87.112: [ParNew: 17002K->1034K(18048K), 0.0004920 secs] 47779K->31810K(57984K), 0.0005190 secs] [Times: user=0.00 sys=0.00, real=0.00 secs] 
87.112: Total time for which application threads were stopped: 0.0006390 seconds, Stopping threads took: 0.0000630 seconds
87.151: Application time: 0.0388870 seconds
87.151: [GC87.151: [ParNew: 16996K->1548K(18048K), 0.0006490 secs] 47773K->32324K(57984K), 0.0006770 secs] [Times: user=0.00 sys=0.00, real=0.00 secs] 
87.152: Total time for which application threads were stopped: 0.0008010 seconds, Stopping threads took: 0.0000640 seconds
87.192: Application time: 0.0396890 seconds
87.192: [GC87.192: [ParNew: 17588K->1578K(18048K), 0.0006240 secs] 48365K->32354K(57984K), 0.0006500 secs] [Times: user=0.00 sys=0.00, real=0.00 secs] 
87.193: Total time for which application threads were stopped: 0.0008130 seconds, Stopping threads took: 0.0001060 seconds
87.233: Application time: 0.0400410 seconds
87.233: [GC87.233: [ParNew: 17547K->1548K(18048K), 0.0006140 secs] 48323K->32380K(57984K), 0.0006440 secs] [Times: user=0.01 sys=0.00, real=0.00 secs] 
87.233: Total time for which application threads were stopped: 0.0007660 seconds, Stopping threads took: 0.0000620 seconds
87.272: Application time: 0.0389710 seconds
87.272: [GC87.272: [ParNew: 17519K->1034K(18048K), 0.0004690 secs] 48351K->31866K(57984K), 0.0004970 secs] [Times: user=0.00 sys=0.00, real=0.00 secs] 
87.273: Total time for which application threads were stopped: 0.0006270 seconds, Stopping threads took: 0.0000720 seconds
87.314: Application time: 0.0406490 seconds
87.314: [GC87.314: [ParNew: 17004K->518K(18048K), 0.0003150 secs] 47837K->31350K(57984K), 0.0003400 secs] [Times: user=0.00 sys=0.00, real=0.00 secs] 
87.314: Total time for which application threads were stopped: 0.0005310 seconds, Stopping threads took: 0.0001290 seconds
87.351: Application time: 0.0371330 seconds
87.351: [GC87.351: [ParNew: 16472K->1548K(18048K), 0.0008050 secs] 47305K->32892K(57984K), 0.0008360 secs] [Times: user=0.01 sys=0.00, real=0.00 secs] 
87.352: Total time for which application threads were stopped: 0.0009630 seconds, Stopping threads took: 0.0000650 seconds
87.391: Application time: 0.0392420 seconds
87.392: [GC87.392: [ParNew: 17510K->1548K(18048K), 0.0008570 secs] 48855K->33404K(57984K), 0.0008930 secs] [Times: user=0.01 sys=0.00, real=0.00 secs] 
87.393: Total time for which application threads were stopped: 0.0010860 seconds, Stopping threads took: 0.0001340 seconds
87.433: Application time: 0.0401670 seconds
87.433: [GC87.433: [ParNew: 17516K->1548K(18048K), 0.0008230 secs] 49373K->33916K(57984K), 0.0008550 secs] [Times: user=0.01 sys=0.00, real=0.00 secs] 
87.434: Total time for which application threads were stopped: 0.0009740 seconds, Stopping threads took: 0.0000560 seconds
87.474: Application time: 0.0403000 seconds
87.474: [GC87.474: [ParNew: 17593K->1576K(18048K), 0.0007800 secs] 49961K->34456K(57984K), 0.0008140 secs] [Times: user=0.01 sys=0.00, real=0.00 secs] 
87.475: Total time for which application threads were stopped: 0.0009520 seconds, Stopping threads took: 0.0000760 seconds
87.514: Application time: 0.0391310 seconds
87.514: [GC87.514: [ParNew: 17625K->1578K(18048K), 0.0006220 secs] 50506K->34515K(57984K), 0.0006500 secs] [Times: user=0.01 sys=0.00, real=0.00 secs] 
87.515: Total time for which application threads were stopped: 0.0007790 seconds, Stopping threads took: 0.0000720 seconds
87.554: Application time: 0.0389190 seconds
87.554: [GC87.554: [ParNew: 17614K->1578K(18048K), 0.0010510 secs] 50551K->35595K(57984K), 0.0010810 secs] [Times: user=0.01 sys=0.00, real=0.00 secs] 
87.555: Total time for which application threads were stopped: 0.0012110 seconds, Stopping threads took: 0.0000700 seconds
87.594: Application time: 0.0390880 seconds
87.594: [GC87.594: [ParNew: 17627K->1578K(18048K), 0.0008600 secs] 51644K->36171K(57984K), 0.0008890 secs] [Times: user=0.00 sys=0.00, real=0.00 secs] 
87.595: Total time for which application threads were stopped: 0.0010160 seconds, Stopping threads took: 0.0000650 seconds
87.637: Application time: 0.0416550 seconds
87.637: [GC87.637: [ParNew: 17625K->1580K(18048K), 0.0006680 secs] 52218K->36221K(57984K), 0.0006990 secs] [Times: user=0.01 sys=0.00, real=0.01 secs] 
87.638: Total time for which application threads were stopped: 0.0008290 seconds, Stopping threads took: 0.0000680 seconds
87.679: Application time: 0.0412690 seconds
87.679: [GC87.679: [ParNew: 17629K->1066K(18048K), 0.0005010 secs] 52270K->35771K(57984K), 0.0005310 secs] [Times: user=0.00 sys=0.00, real=0.00 secs] 
87.680: Total time for which application threads were stopped: 0.0006410 seconds, Stopping threads took: 0.0000530 seconds
87.716: Application time: 0.0365170 seconds
87.716: [GC87.716: [ParNew: 17098K->1580K(18048K), 0.0009850 secs] 51803K->37381K(57984K), 0.0010190 secs] [Times: user=0.00 sys=0.00, real=0.01 secs] 
87.717: Total time for which application threads were stopped: 0.0011880 seconds, Stopping threads took: 0.0001040 seconds
87.758: Application time: 0.0404380 seconds
87.758: [GC87.758: [ParNew: 17549K->1548K(18048K), 0.0008210 secs] 53350K->37917K(57984K), 0.0008510 secs] [Times: user=0.00 sys=0.00, real=0.00 secs] 
87.759: Total time for which application threads were stopped: 0.0010590 seconds, Stopping threads took: 0.0001480 seconds
87.798: Application time: 0.0396000 seconds
87.798: [GC87.798: [ParNew: 17510K->1548K(18048K), 0.0009790 secs] 53879K->38941K(57984K), 0.0010130 secs] [Times: user=0.01 sys=0.00, real=0.00 secs] 
87.799: Total time for which application threads were stopped: 0.0011520 seconds, Stopping threads took: 0.0000740 seconds
87.840: Application time: 0.0400460 seconds
87.840: [GC87.840: [ParNew: 17519K->1544K(18048K), 0.0007720 secs] 54912K->39449K(57984K), 0.0008020 secs] [Times: user=0.00 sys=0.00, real=0.00 secs] 
87.840: Total time for which application threads were stopped: 0.0009280 seconds, Stopping threads took: 0.0000560 seconds
87.881: Application time: 0.0400520 seconds
87.881: [GC87.881: [ParNew: 17593K->1578K(18048K), 0.0006240 secs] 55498K->39483K(57984K), 0.0006520 secs] [Times: user=0.01 sys=0.00, real=0.00 secs] 
87.881: Total time for which application threads were stopped: 0.0008010 seconds, Stopping threads took: 0.0000800 seconds
87.920: Application time: 0.0389580 seconds
87.920: [GC87.920: [ParNew: 17540K->1550K(18048K), 0.0006860 secs] 55445K->39511K(57984K), 0.0007170 secs] [Times: user=0.00 sys=0.00, real=0.00 secs] 
87.921: Total time for which application threads were stopped: 0.0008660 seconds, Stopping threads took: 0.0000870 seconds
87.960: Application time: 0.0386740 seconds
87.960: [GC87.960: [ParNew: 17516K->1548K(18048K), 0.0007550 secs] 55478K->40021K(57984K), 0.0007830 secs] [Times: user=0.01 sys=0.00, real=0.00 secs] 
87.961: Total time for which application threads were stopped: 0.0009720 seconds, Stopping threads took: 0.0001280 seconds
88.000: Application time: 0.0395160 seconds
88.000: [GC88.000: [ParNew: 17506K->1548K(18048K), 0.0011810 secs]88.002: [Tenured: 40009K->8696K(40452K), 0.0051570 secs] 55979K->8696K(58500K), [Perm : 5145K->5145K(21248K)], 0.0064180 secs] [Times: user=0.02 sys=0.00, real=0.01 secs] 
88.007: Total time for which application threads were stopped: 0.0065720 seconds, Stopping threads took: 0.0000820 seconds
88.047: Application time: 0.0405720 seconds
88.048: [GC88.048: [ParNew: 15970K->1546K(18048K), 0.0009480 secs] 24667K->11266K(57984K), 0.0009800 secs] [Times: user=0.01 sys=0.00, real=0.00 secs] 
88.049: Total time for which application threads were stopped: 0.0011120 seconds, Stopping threads took: 0.0000690 seconds
88.086: Application time: 0.0377540 seconds
88.086: [GC88.086: [ParNew: 17517K->1548K(18048K), 0.0007930 secs] 27237K->11780K(57984K), 0.0008230 secs] [Times: user=0.01 sys=0.00, real=0.00 secs] 
88.087: Total time for which application threads were stopped: 0.0009530 seconds, Stopping threads took: 0.0000680 seconds
88.128: Application time: 0.0405670 seconds
88.128: [GC88.128: [ParNew: 17588K->1580K(18048K), 0.0009640 secs] 27821K->12836K(57984K), 0.0009960 secs] [Times: user=0.00 sys=0.00, real=0.00 secs] 
88.129: Total time for which application threads were stopped: 0.0011300 seconds, Stopping threads took: 0.0000700 seconds
88.169: Application time: 0.0401960 seconds
88.169: [GC88.169: [ParNew: 17631K->1578K(18048K), 0.0006760 secs] 28888K->12906K(57984K), 0.0007060 secs] [Times: user=0.00 sys=0.00, real=0.00 secs] 
88.170: Total time for which application threads were stopped: 0.0008590 seconds, Stopping threads took: 0.0000930 seconds
88.209: Application time: 0.0394020 seconds
88.210: [GC88.210: [ParNew: 17623K->1576K(18048K), 0.0005980 secs] 28951K->12976K(57984K), 0.0006250 secs] [Times: user=0.00 sys=0.00, real=0.00 secs] 
88.210: Total time for which application threads were stopped: 0.0007870 seconds, Stopping threads took: 0.0001040 seconds
88.247: Application time: 0.0372600 seconds
88.248: [GC88.248: [ParNew: 17530K->1550K(18048K), 0.0011150 secs] 28931K->14550K(57984K), 0.0011470 secs] [Times: user=0.01 sys=0.00, real=0.00 secs] 
88.249: Total time for which application threads were stopped: 0.0012800 seconds, Stopping threads took: 0.0000680 seconds
88.287: Application time: 0.0381770 seconds
88.287: [GC88.287: [ParNew: 17161K->1608K(18048K), 0.0009430 secs] 30162K->15633K(57984K), 0.0009750 secs] [Times: user=0.00 sys=0.00, real=0.00 secs] 
88.288: Total time for which application threads were stopped: 0.0011070 seconds, Stopping threads took: 0.0000680 seconds
88.329: Application time: 0.0407320 seconds
88.329: [GC88.329: [ParNew: 17657K->1578K(18048K), 0.0008430 secs] 31682K->16219K(57984K), 0.0008740 secs] [Times: user=0.00 sys=0.00, real=0.00 secs] 
88.330: Total time for which application threads were stopped: 0.0009940 seconds, Stopping threads took: 0.0000580 seconds
88.370: Application time: 0.0404030 seconds
88.370: [GC88.370: [ParNew: 17549K->1546K(18048K), 0.0005800 secs] 32189K->16259K(57984K), 0.0006100 secs] [Times: user=0.00 sys=0.00, real=0.00 secs] 
88.371: Total time for which application threads were stopped: 0.0007370 seconds, Stopping threads took: 0.0000610 seconds
88.411: Application time: 0.0404690 seconds
88.412: [GC88.412: [ParNew: 17595K->1068K(18048K), 0.0004330 secs] 32308K->15781K(57984K), 0.0004670 secs] [Times: user=0.00 sys=0.00, real=0.00 secs] 
88.412: Total time for which application threads were stopped: 0.0006100 seconds, Stopping threads took: 0.0000870 seconds
88.452: Application time: 0.0404680 seconds
88.453: [GC88.453: [ParNew: 17039K->520K(18048K), 0.0004030 secs] 31751K->15297K(57984K), 0.0004310 secs] [Times: user=0.00 sys=0.00, real=0.00 secs] 
88.453: Total time for which application threads were stopped: 0.0005480 seconds, Stopping threads took: 0.0000610 seconds
88.487: Application time: 0.0341260 seconds
88.487: [GC88.487: [ParNew: 16461K->1550K(18048K), 0.0013960 secs] 31238K->18375K(57984K), 0.0014330 secs] [Times: user=0.01 sys=0.00, real=0.00 secs] 
88.489: Total time for which application threads were stopped: 0.0015730 seconds, Stopping threads took: 0.0000730 seconds
88.529: Application time: 0.0401730 seconds
88.529: [GC88.529: [ParNew: 17521K->1548K(18048K), 0.0012160 secs] 34346K->19909K(57984K), 0.0012500 secs] [Times: user=0.00 sys=0.00, real=0.00 secs] 
88.530: Total time for which application threads were stopped: 0.0014330 seconds, Stopping threads took: 0.0001170 seconds
88.571: Application time: 0.0403490 seconds
88.571: [GC88.571: [ParNew: 17597K->1580K(18048K), 0.0009850 secs] 35958K->20965K(57984K), 0.0010180 secs] [Times: user=0.00 sys=0.00, real=0.00 secs] 
88.572: Total time for which application threads were stopped: 0.0011520 seconds, Stopping threads took: 0.0000680 seconds
88.613: Application time: 0.0408300 seconds
88.613: [GC88.613: [ParNew: 17542K->1552K(18048K), 0.0011690 secs] 36927K->22553K(57984K), 0.0012030 secs] [Times: user=0.01 sys=0.00, real=0.00 secs] 
88.614: Total time for which application threads were stopped: 0.0013500 seconds, Stopping threads took: 0.0000810 seconds
88.654: Application time: 0.0397470 seconds
88.654: [GC88.654: [ParNew: 17523K->1550K(18048K), 0.0009400 secs] 38524K->23575K(57984K), 0.0009710 secs] [Times: user=0.00 sys=0.00, real=0.00 secs] 
88.655: Total time for which application threads were stopped: 0.0011040 seconds, Stopping threads took: 0.0000690 seconds
88.695: Application time: 0.0399360 seconds
88.695: [GC88.695: [ParNew: 17521K->1548K(18048K), 0.0007460 secs] 39546K->24085K(57984K), 0.0007750 secs] [Times: user=0.01 sys=0.00, real=0.00 secs] 
88.696: Total time for which application threads were stopped: 0.0009040 seconds, Stopping threads took: 0.0000680 seconds
88.736: Application time: 0.0405350 seconds
88.736: [GC88.736: [ParNew: 17519K->1548K(18048K), 0.0005770 secs] 40056K->24085K(57984K), 0.0006060 secs] [Times: user=0.01 sys=0.00, real=0.00 secs] 
88.737: Total time for which application threads were stopped: 0.0007240 seconds, Stopping threads took: 0.0000600 seconds
88.778: Application time: 0.0408140 seconds
88.778: [GC88.778: [ParNew: 17519K->1036K(18048K), 0.0004610 secs] 40056K->23573K(57984K), 0.0004890 secs] [Times: user=0.00 sys=0.00, real=0.00 secs] 
88.778: Total time for which application threads were stopped: 0.0006040 seconds, Stopping threads took: 0.0000580 seconds
88.818: Application time: 0.0394450 seconds
88.818: [GC88.818: [ParNew: 17085K->552K(18048K), 0.0003630 secs] 39622K->23089K(57984K), 0.0003890 secs] [Times: user=0.01 sys=0.00, real=0.00 secs] 
88.818: Total time for which application threads were stopped: 0.0005090 seconds, Stopping threads took: 0.0000660 seconds
88.858: Application time: 0.0398170 seconds
88.858: [GC88.858: [ParNew: 16597K->580K(18048K), 0.0003860 secs] 39134K->23117K(57984K), 0.0004120 secs] [Times: user=0.00 sys=0.00, real=0.00 secs] 
88.859: Total time for which application threads were stopped: 0.0005180 seconds, Stopping threads took: 0.0000530 seconds
88.895: Application time: 0.0367930 seconds
88.896: [GC88.896: [ParNew: 16608K->1634K(18048K), 0.0010350 secs] 39145K->25195K(57984K), 0.0010660 secs] [Times: user=0.01 sys=0.00, real=0.00 secs] 
88.897: Total time for which application threads were stopped: 0.0012090 seconds, Stopping threads took: 0.0000720 seconds
88.935: Application time: 0.0386250 seconds
88.935: [GC88.935: [ParNew: 17675K->1580K(18048K), 0.0011920 secs] 41236K->26805K(57984K), 0.0012350 secs] [Times: user=0.00 sys=0.01, real=0.00 secs] 
88.937: Total time for which application threads were stopped: 0.0013720 seconds, Stopping threads took: 0.0000690 seconds
88.978: Application time: 0.0410070 seconds
88.978: [GC88.978: [ParNew: 17629K->1580K(18048K), 0.0009780 secs] 42854K->27877K(57984K), 0.0010100 secs] [Times: user=0.01 sys=0.00, real=0.00 secs] 
88.979: Total time for which application threads were stopped: 0.0011420 seconds, Stopping threads took: 0.0000680 seconds
89.019: Application time: 0.0399310 seconds
89.019: [GC89.019: [ParNew: 17629K->1574K(18048K), 0.0008850 secs] 43926K->28431K(57984K), 0.0009140 secs] [Times: user=0.00 sys=0.00, real=0.00 secs] 
89.020: Total time for which application threads were stopped: 0.0010840 seconds, Stopping threads took: 0.0001090 seconds
89.061: Application time: 0.0408290 seconds
89.061: [GC89.061: [ParNew: 17623K->1576K(18048K), 0.0006960 secs] 44480K->28489K(57984K), 0.0007230 secs] [Times: user=0.00 sys=0.00, real=0.00 secs] 
89.062: Total time for which application threads were stopped: 0.0008930 seconds, Stopping threads took: 0.0001110 seconds
89.102: Application time: 0.0406500 seconds
89.102: [GC89.102: [ParNew: 17538K->1548K(18048K), 0.0008140 secs] 44452K->29041K(57984K), 0.0008430 secs] [Times: user=0.00 sys=0.00, real=0.00 secs] 
89.103: Total time for which application threads were stopped: 0.0009610 seconds, Stopping threads took: 0.0000600 seconds
89.143: Application time: 0.0402410 seconds
89.144: [GC89.144: [ParNew: 17519K->1546K(18048K), 0.0006300 secs] 45012K->29039K(57984K), 0.0006560 secs] [Times: user=0.01 sys=0.00, real=0.00 secs] 
89.144: Total time for which application threads were stopped: 0.0007780 seconds, Stopping threads took: 0.0000660 seconds
89.184: Application time: 0.0393650 seconds
89.184: [GC89.184: [ParNew: 17512K->1548K(18048K), 0.0006170 secs] 45006K->29041K(57984K), 0.0006470 secs] [Times: user=0.01 sys=0.00, real=0.00 secs] 
89.184: Total time for which application threads were stopped: 0.0007760 seconds, Stopping threads took: 0.0000680 seconds
89.224: Application time: 0.0396940 seconds
89.224: [GC89.224: [ParNew: 17593K->1578K(18048K), 0.0006770 secs] 45086K->29071K(57984K), 0.0007050 secs] [Times: user=0.01 sys=0.00, real=0.00 secs] 
89.225: Total time for which application threads were stopped: 0.0008280 seconds, Stopping threads took: 0.0000650 seconds
89.262: Application time: 0.0374940 seconds
89.263: [GC89.263: [ParNew: 17536K->1546K(18048K), 0.0010920 secs] 45030K->30119K(57984K), 0.0011240 secs] [Times: user=0.01 sys=0.00, real=0.00 secs] 
89.264: Total time for which application threads were stopped: 0.0012740 seconds, Stopping threads took: 0.0000870 seconds
89.304: Application time: 0.0403400 seconds
89.304: [GC89.304: [ParNew: 17517K->1548K(18048K), 0.0008430 secs] 46090K->30633K(57984K), 0.0008720 secs] [Times: user=0.00 sys=0.00, real=0.00 secs] 
89.305: Total time for which application threads were stopped: 0.0010080 seconds, Stopping threads took: 0.0000770 seconds
89.344: Application time: 0.0390630 seconds
89.344: [GC89.344: [ParNew: 17510K->1548K(18048K), 0.0010250 secs] 46596K->31657K(57984K), 0.0010560 secs] [Times: user=0.00 sys=0.00, real=0.01 secs] 
89.345: Total time for which application threads were stopped: 0.0011900 seconds, Stopping threads took: 0.0000710 seconds
89.386: Application time: 0.0409260 seconds
89.386: [GC89.386: [ParNew: 17521K->1548K(18048K), 0.0006590 secs] 47630K->31657K(57984K), 0.0006880 secs] [Times: user=0.00 sys=0.00, real=0.00 secs] 
89.387: Total time for which application threads were stopped: 0.0008490 seconds, Stopping threads took: 0.0001030 seconds
89.428: Application time: 0.0406830 seconds
89.428: [GC89.428: [ParNew: 17516K->1546K(18048K), 0.0006360 secs] 47626K->31655K(57984K), 0.0006640 secs] [Times: user=0.00 sys=0.00, real=0.00 secs] 
89.429: Total time for which application threads were stopped: 0.0008000 seconds, Stopping threads took: 0.0000690 seconds
89.469: Application time: 0.0408670 seconds
89.470: [GC89.470: [ParNew: 17595K->1062K(18048K), 0.0004860 secs] 47705K->31171K(57984K), 0.0005190 secs] [Times: user=0.00 sys=0.00, real=0.00 secs] 
89.470: Total time for which application threads were stopped: 0.0006370 seconds, Stopping threads took: 0.0000650 seconds
89.509: Application time: 0.0393010 seconds
89.509: [GC89.509: [ParNew: 17024K->1544K(18048K), 0.0006020 secs] 47134K->31725K(57984K), 0.0006320 secs] [Times: user=0.01 sys=0.00, real=0.00 secs] 
89.510: Total time for which application threads were stopped: 0.0007540 seconds, Stopping threads took: 0.0000610 seconds
89.550: Application time: 0.0399990 seconds
89.550: [GC89.550: [ParNew: 17155K->1094K(18048K), 0.0004440 secs] 47337K->31275K(57984K), 0.0004710 secs] [Times: user=0.00 sys=0.00, real=0.00 secs] 
89.551: Total time for which application threads were stopped: 0.0005840 seconds, Stopping threads took: 0.0000600 seconds
89.589: Application time: 0.0382620 seconds
89.589: [GC89.589: [ParNew: 17139K->1064K(18048K), 0.0005470 secs] 47320K->31349K(57984K), 0.0005750 secs] [Times: user=0.00 sys=0.00, real=0.00 secs] 
89.590: Total time for which application threads were stopped: 0.0006940 seconds, Stopping threads took: 0.0000630 seconds
89.630: Application time: 0.0405290 seconds
89.630: [GC89.630: [ParNew: 17113K->554K(18048K), 0.0003330 secs] 47399K->30912K(57984K), 0.0003580 secs] [Times: user=0.00 sys=0.00, real=0.00 secs] 
89.631: Total time for which application threads were stopped: 0.0004730 seconds, Stopping threads took: 0.0000600 seconds
89.667: Application time: 0.0358660 seconds
89.667: [GC89.667: [ParNew: 16574K->1608K(18048K), 0.0013240 secs] 46932K->34014K(57984K), 0.0013580 secs] [Times: user=0.01 sys=0.00, real=0.00 secs] 
89.668: Total time for which application threads were stopped: 0.0014980 seconds, Stopping threads took: 0.0000730 seconds
89.709: Application time: 0.0407410 seconds
89.709: [GC89.709: [ParNew: 17579K->1548K(18048K), 0.0012030 secs] 49985K->35586K(57984K), 0.0012360 secs] [Times: user=0.01 sys=0.00, real=0.00 secs] 
89.710: Total time for which application threads were stopped: 0.0013860 seconds, Stopping threads took: 0.0000860 seconds
89.751: Application time: 0.0404360 seconds
89.751: [GC89.751: [ParNew: 17597K->1578K(18048K), 0.0009650 secs] 51635K->36640K(57984K), 0.0009960 secs] [Times: user=0.00 sys=0.00, real=0.00 secs] 
89.752: Total time for which application threads were stopped: 0.0011350 seconds, Stopping threads took: 0.0000770 seconds
89.793: Application time: 0.0409060 seconds
89.793: [GC89.793: [ParNew: 17549K->1544K(18048K), 0.0008700 secs] 52611K->37198K(57984K), 0.0009010 secs] [Times: user=0.01 sys=0.00, real=0.00 secs] 
89.794: Total time for which application threads were stopped: 0.0010400 seconds, Stopping threads took: 0.0000800 seconds
89.834: Application time: 0.0407720 seconds
89.835: [GC89.835: [ParNew: 17515K->1548K(18048K), 0.0006370 secs] 53169K->37202K(57984K), 0.0006660 secs] [Times: user=0.01 sys=0.00, real=0.00 secs] 
89.835: Total time for which application threads were stopped: 0.0007840 seconds, Stopping threads took: 0.0000580 seconds
89.874: Application time: 0.0391920 seconds
89.875: [GC89.875: [ParNew: 17514K->1546K(18048K), 0.0006080 secs] 53168K->37200K(57984K), 0.0006360 secs] [Times: user=0.00 sys=0.00, real=0.00 secs] 
89.875: Total time for which application threads were stopped: 0.0007620 seconds, Stopping threads took: 0.0000680 seconds
89.916: Application time: 0.0405620 seconds
89.916: [GC89.916: [ParNew: 17595K->1064K(18048K), 0.0004960 secs] 53249K->36718K(57984K), 0.0005230 secs] [Times: user=0.00 sys=0.00, real=0.00 secs] 
89.916: Total time for which application threads were stopped: 0.0006360 seconds, Stopping threads took: 0.0000550 seconds
89.956: Application time: 0.0391030 seconds
89.956: [GC89.956: [ParNew: 17030K->1034K(18048K), 0.0005350 secs] 52684K->36744K(57984K), 0.0005630 secs] [Times: user=0.00 sys=0.00, real=0.00 secs] 
89.956: Total time for which application threads were stopped: 0.0006960 seconds, Stopping threads took: 0.0000690 seconds
89.996: Application time: 0.0400040 seconds
89.996: [GC89.996: [ParNew: 16996K->1544K(18048K), 0.0006030 secs] 52706K->37254K(57984K), 0.0006400 secs] [Times: user=0.01 sys=0.00, real=0.00 secs] 
89.997: Total time for which application threads were stopped: 0.0007570 seconds, Stopping threads took: 0.0000600 seconds
90.034: Application time: 0.0374790 seconds
90.035: [GC90.035: [ParNew: 17506K->1546K(18048K), 0.0007900 secs] 53216K->37768K(57984K), 0.0008210 secs] [Times: user=0.01 sys=0.00, real=0.00 secs] 
90.035: Total time for which application threads were stopped: 0.0009570 seconds, Stopping threads took: 0.0000730 seconds
90.075: Application time: 0.0395710 seconds
90.077: [GC90.077: [ParNew: 17514K->1550K(18048K), 0.0006780 secs] 53737K->37772K(57984K), 0.0007070 secs] [Times: user=0.00 sys=0.00, real=0.00 secs] 
90.078: Total time for which application threads were stopped: 0.0029820 seconds, Stopping threads took: 0.0022140 seconds
90.119: Application time: 0.0410710 seconds
90.121: [GC90.121: [ParNew: 17599K->1068K(18048K), 0.0006060 secs] 53821K->37290K(57984K), 0.0006330 secs] [Times: user=0.00 sys=0.00, real=0.00 secs] 
90.122: Total time for which application threads were stopped: 0.0028590 seconds, Stopping threads took: 0.0021700 seconds
90.163: Application time: 0.0409100 seconds
90.163: [GC90.163: [ParNew: 17032K->1546K(18048K), 0.0006410 secs] 53255K->37840K(57984K), 0.0006710 secs] [Times: user=0.00 sys=0.00, real=0.00 secs] 
90.164: Total time for which application threads were stopped: 0.0008030 seconds, Stopping threads took: 0.0000730 seconds
90.203: Application time: 0.0392030 seconds
90.203: [GC90.203: [ParNew: 17595K->1064K(18048K), 0.0004540 secs] 53889K->37358K(57984K), 0.0004830 secs] [Times: user=0.00 sys=0.00, real=0.00 secs] 
90.203: Total time for which application threads were stopped: 0.0005980 seconds, Stopping threads took: 0.0000570 seconds
90.244: Application time: 0.0403830 seconds
90.244: [GC90.244: [ParNew: 17113K->552K(18048K), 0.0003860 secs] 53407K->36902K(57984K), 0.0004120 secs] [Times: user=0.00 sys=0.00, real=0.00 secs] 
90.244: Total time for which application threads were stopped: 0.0005390 seconds, Stopping threads took: 0.0000700 seconds
90.283: Application time: 0.0382800 seconds
90.283: [GC90.283: [ParNew: 16588K->1094K(18048K), 0.0005550 secs] 52939K->37444K(57984K), 0.0005830 secs] [Times: user=0.00 sys=0.00, real=0.00 secs] 
90.283: Total time for which application threads were stopped: 0.0007530 seconds, Stopping threads took: 0.0001130 seconds
90.323: Application time: 0.0396900 seconds
90.323: [GC90.323: [ParNew: 17133K->1578K(18048K), 0.0007970 secs] 53483K->38544K(57984K), 0.0008270 secs] [Times: user=0.01 sys=0.00, real=0.00 secs] 
90.324: Total time for which application threads were stopped: 0.0009590 seconds, Stopping threads took: 0.0000680 seconds
90.364: Application time: 0.0399630 seconds
90.364: [GC90.364: [ParNew: 17627K->1574K(18048K), 0.0006850 secs] 54593K->38612K(57984K), 0.0007120 secs] [Times: user=0.00 sys=0.00, real=0.00 secs] 
90.365: Total time for which application threads were stopped: 0.0008420 seconds, Stopping threads took: 0.0000710 seconds
90.404: Application time: 0.0391610 seconds
90.404: [GC90.404: [ParNew: 17536K->1548K(18048K), 0.0007850 secs] 54575K->39162K(57984K), 0.0008190 secs] [Times: user=0.01 sys=0.00, real=0.00 secs] 
90.405: Total time for which application threads were stopped: 0.0009410 seconds, Stopping threads took: 0.0000590 seconds
90.445: Application time: 0.0402290 seconds
90.445: [GC90.445: [ParNew: 17597K->1576K(18048K), 0.0006230 secs] 55211K->39190K(57984K), 0.0006520 secs] [Times: user=0.01 sys=0.00, real=0.00 secs] 
90.446: Total time for which application threads were stopped: 0.0007740 seconds, Stopping threads took: 0.0000640 seconds
90.485: Application time: 0.0394710 seconds
90.486: [GC90.486: [ParNew: 17547K->1036K(18048K), 0.0004740 secs] 55161K->38706K(57984K), 0.0005000 secs] [Times: user=0.00 sys=0.00, real=0.00 secs] 
90.486: Total time for which application threads were stopped: 0.0006550 seconds, Stopping threads took: 0.0000820 seconds
90.527: Application time: 0.0405600 seconds
90.527: [GC90.527: [ParNew: 17006K->520K(18048K), 0.0004400 secs] 54677K->38190K(57984K), 0.0004670 secs] [Times: user=0.00 sys=0.00, real=0.00 secs] 
90.527: Total time for which application threads were stopped: 0.0006960 seconds, Stopping threads took: 0.0001750 seconds
90.565: Application time: 0.0378090 seconds
90.565: [GC90.565: [ParNew: 16556K->1578K(18048K), 0.0006430 secs] 54227K->39248K(57984K), 0.0006710 secs] [Times: user=0.00 sys=0.00, real=0.00 secs] 
90.566: Total time for which application threads were stopped: 0.0008130 seconds, Stopping threads took: 0.0000840 seconds
90.605: Application time: 0.0388630 seconds
90.605: [GC90.605: [ParNew: 17544K->1548K(18048K), 0.0007030 secs] 55215K->39282K(57984K), 0.0007330 secs] [Times: user=0.00 sys=0.00, real=0.01 secs] 
90.606: Total time for which application threads were stopped: 0.0008540 seconds, Stopping threads took: 0.0000610 seconds
90.646: Application time: 0.0403940 seconds
90.646: [GC90.646: [ParNew: 17519K->1034K(18048K), 0.0005280 secs] 55253K->38768K(57984K), 0.0005540 secs] [Times: user=0.01 sys=0.00, real=0.00 secs] 
90.647: Total time for which application threads were stopped: 0.0006830 seconds, Stopping threads took: 0.0000710 seconds
90.687: Application time: 0.0399130 seconds
90.687: [GC90.687: [ParNew: 17004K->520K(18048K), 0.0003160 secs] 54739K->38254K(57984K), 0.0003420 secs] [Times: user=0.01 sys=0.00, real=0.00 secs] 
90.687: Total time for which application threads were stopped: 0.0004490 seconds, Stopping threads took: 0.0000510 seconds
90.726: Application time: 0.0392060 seconds
90.726: [GC90.726: [ParNew: 16486K->522K(18048K), 0.0003290 secs] 54221K->38256K(57984K), 0.0003540 secs] [Times: user=0.00 sys=0.00, real=0.00 secs] 
90.727: Total time for which application threads were stopped: 0.0004650 seconds, Stopping threads took: 0.0000580 seconds
90.763: Application time: 0.0365400 seconds
90.763: [GC90.763: [ParNew: 16472K->1548K(18048K), 0.0009560 secs] 54206K->40306K(57984K), 0.0009880 secs] [Times: user=0.00 sys=0.00, real=0.00 secs] 
90.764: Total time for which application threads were stopped: 0.0011260 seconds, Stopping threads took: 0.0000720 seconds
90.804: Application time: 0.0397800 seconds
90.804: [GC90.804: [ParNew: 17597K->1580K(18048K), 0.0007860 secs] 56355K->40850K(57984K), 0.0008170 secs] [Times: user=0.00 sys=0.00, real=0.01 secs] 
90.805: Total time for which application threads were stopped: 0.0009460 seconds, Stopping threads took: 0.0000690 seconds
90.847: Application time: 0.0413310 seconds
90.847: [GC90.847: [ParNew: 17629K->1578K(18048K), 0.0007180 secs] 56899K->40920K(57984K), 0.0007440 secs] [Times: user=0.01 sys=0.00, real=0.00 secs] 
90.847: Total time for which application threads were stopped: 0.0008680 seconds, Stopping threads took: 0.0000670 seconds
90.887: Application time: 0.0399600 seconds
90.887: [GC90.888: [ParNew: 17549K->1034K(18048K), 0.0005260 secs] 56891K->40440K(57984K), 0.0005530 secs] [Times: user=0.00 sys=0.00, real=0.00 secs] 
90.888: Total time for which application threads were stopped: 0.0006750 seconds, Stopping threads took: 0.0000630 seconds
90.927: Application time: 0.0391290 seconds
90.927: [GC90.927: [ParNew: 17083K->554K(18048K), 0.0003410 secs] 56489K->39960K(57984K), 0.0003640 secs] [Times: user=0.01 sys=0.00, real=0.00 secs] 
90.928: Total time for which application threads were stopped: 0.0004750 seconds, Stopping threads took: 0.0000570 seconds
90.967: Application time: 0.0390770 seconds
90.969: [GC90.969: [ParNew: 16590K->1604K(18048K), 0.0007890 secs] 55997K->41010K(57984K), 0.0008160 secs] [Times: user=0.00 sys=0.00, real=0.00 secs] 
90.970: Total time for which application threads were stopped: 0.0033450 seconds, Stopping threads took: 0.0024690 seconds
91.008: Application time: 0.0383660 seconds
91.009: [GC91.009: [ParNew: 17640K->1578K(18048K), 0.0010310 secs]91.010: [Tenured: 40526K->8389K(40836K), 0.0050020 secs] 57047K->8389K(58884K), [Perm : 5145K->5145K(21248K)], 0.0061290 secs] [Times: user=0.01 sys=0.00, real=0.00 secs] 
91.015: Total time for which application threads were stopped: 0.0062710 seconds, Stopping threads took: 0.0000610 seconds
91.056: Application time: 0.0408750 seconds
91.056: [GC91.056: [ParNew: 16045K->1580K(18048K), 0.0010140 secs] 24434K->10994K(57984K), 0.0010460 secs] [Times: user=0.01 sys=0.00, real=0.00 secs] 
91.057: Total time for which application threads were stopped: 0.0011740 seconds, Stopping threads took: 0.0000630 seconds
91.097: Application time: 0.0399340 seconds
91.097: [GC91.097: [ParNew: 17551K->1546K(18048K), 0.0008230 secs] 26964K->11544K(57984K), 0.0008530 secs] [Times: user=0.00 sys=0.00, real=0.01 secs] 
91.098: Total time for which application threads were stopped: 0.0010210 seconds, Stopping threads took: 0.0001060 seconds
91.138: Application time: 0.0406130 seconds
91.138: [GC91.138: [ParNew: 17595K->1578K(18048K), 0.0005940 secs] 27592K->11576K(57984K), 0.0006210 secs] [Times: user=0.00 sys=0.00, real=0.00 secs] 
91.139: Total time for which application threads were stopped: 0.0007400 seconds, Stopping threads took: 0.0000590 seconds
91.178: Application time: 0.0391280 seconds
91.178: [GC91.178: [ParNew: 17540K->1548K(18048K), 0.0007710 secs] 27538K->12130K(57984K), 0.0008000 secs] [Times: user=0.00 sys=0.00, real=0.00 secs] 
91.179: Total time for which application threads were stopped: 0.0009290 seconds, Stopping threads took: 0.0000670 seconds
91.219: Application time: 0.0398800 seconds
91.219: [GC91.219: [ParNew: 17519K->1546K(18048K), 0.0006090 secs] 28100K->12128K(57984K), 0.0006360 secs] [Times: user=0.00 sys=0.00, real=0.00 secs] 
91.220: Total time for which application threads were stopped: 0.0007580 seconds, Stopping threads took: 0.0000640 seconds
91.259: Application time: 0.0390830 seconds
91.259: [GC91.259: [ParNew: 17595K->1066K(18048K), 0.0004410 secs] 28177K->11648K(57984K), 0.0004690 secs] [Times: user=0.00 sys=0.00, real=0.00 secs] 
91.259: Total time for which application threads were stopped: 0.0005970 seconds, Stopping threads took: 0.0000680 seconds
91.298: Application time: 0.0389060 seconds
91.299: [GC91.299: [ParNew: 17024K->1546K(18048K), 0.0007760 secs] 27606K->12712K(57984K), 0.0008070 secs] [Times: user=0.00 sys=0.00, real=0.00 secs] 
91.299: Total time for which application threads were stopped: 0.0009340 seconds, Stopping threads took: 0.0000680 seconds
91.339: Application time: 0.0392690 seconds
91.339: [GC91.339: [ParNew: 17512K->1548K(18048K), 0.0007760 secs] 28678K->13226K(57984K), 0.0008080 secs] [Times: user=0.00 sys=0.00, real=0.00 secs] 
91.340: Total time for which application threads were stopped: 0.0009410 seconds, Stopping threads took: 0.0000720 seconds
91.379: Application time: 0.0398590 seconds
91.380: [GC91.380: [ParNew: 17514K->1546K(18048K), 0.0007680 secs] 29192K->13736K(57984K), 0.0007990 secs] [Times: user=0.01 sys=0.00, real=0.00 secs] 
91.380: Total time for which application threads were stopped: 0.0009260 seconds, Stopping threads took: 0.0000660 seconds
91.421: Application time: 0.0402640 seconds
91.421: [GC91.421: [ParNew: 17517K->1546K(18048K), 0.0006300 secs] 29707K->13736K(57984K), 0.0006600 secs] [Times: user=0.00 sys=0.00, real=0.00 secs] 
91.421: Total time for which application threads were stopped: 0.0007880 seconds, Stopping threads took: 0.0000680 seconds
91.461: Application time: 0.0394960 seconds
91.461: [GC91.461: [ParNew: 17586K->1580K(18048K), 0.0007840 secs] 29777K->14282K(57984K), 0.0008150 secs] [Times: user=0.00 sys=0.00, real=0.00 secs] 
91.462: Total time for which application threads were stopped: 0.0009420 seconds, Stopping threads took: 0.0000670 seconds
91.501: Application time: 0.0390000 seconds
91.501: [GC91.501: [ParNew: 17625K->1578K(18048K), 0.0008060 secs] 30327K->14848K(57984K), 0.0008370 secs] [Times: user=0.01 sys=0.00, real=0.00 secs] 
91.502: Total time for which application threads were stopped: 0.0009590 seconds, Stopping threads took: 0.0000610 seconds
91.542: Application time: 0.0397460 seconds
91.542: [GC91.542: [ParNew: 17546K->1546K(18048K), 0.0006440 secs] 30817K->14888K(57984K), 0.0006820 secs] [Times: user=0.00 sys=0.00, real=0.00 secs] 
91.542: Total time for which application threads were stopped: 0.0008330 seconds, Stopping threads took: 0.0000850 seconds
91.582: Application time: 0.0394670 seconds
91.582: [GC91.582: [ParNew: 17593K->1576K(18048K), 0.0006540 secs] 30935K->14918K(57984K), 0.0006830 secs] [Times: user=0.00 sys=0.00, real=0.00 secs] 
91.583: Total time for which application threads were stopped: 0.0008110 seconds, Stopping threads took: 0.0000700 seconds
91.622: Application time: 0.0396750 seconds
91.622: [GC91.622: [ParNew: 17617K->1578K(18048K), 0.0007870 secs] 30959K->15496K(57984K), 0.0008190 secs] [Times: user=0.00 sys=0.00, real=0.00 secs] 
91.623: Total time for which application threads were stopped: 0.0009360 seconds, Stopping threads took: 0.0000550 seconds
91.662: Application time: 0.0390440 seconds
91.662: [GC91.662: [ParNew: 17549K->1546K(18048K), 0.0005910 secs] 31467K->15528K(57984K), 0.0006230 secs] [Times: user=0.01 sys=0.00, real=0.00 secs] 
91.663: Total time for which application threads were stopped: 0.0007650 seconds, Stopping threads took: 0.0000830 seconds
91.702: Application time: 0.0394080 seconds
91.703: [GC91.703: [ParNew: 17157K->1096K(18048K), 0.0004480 secs] 31139K->15078K(57984K), 0.0004740 secs] [Times: user=0.01 sys=0.00, real=0.00 secs] 
91.703: Total time for which application threads were stopped: 0.0006620 seconds, Stopping threads took: 0.0001320 seconds
91.740: Application time: 0.0363780 seconds
91.740: [GC91.740: [ParNew: 17050K->1548K(18048K), 0.0009480 secs] 31032K->16658K(57984K), 0.0009810 secs] [Times: user=0.01 sys=0.00, real=0.00 secs] 
91.741: Total time for which application threads were stopped: 0.0011450 seconds, Stopping threads took: 0.0001000 seconds
91.782: Application time: 0.0410090 seconds
91.782: [GC91.782: [ParNew: 17519K->1548K(18048K), 0.0008420 secs] 32629K->17170K(57984K), 0.0008720 secs] [Times: user=0.01 sys=0.00, real=0.00 secs] 
91.783: Total time for which application threads were stopped: 0.0009920 seconds, Stopping threads took: 0.0000560 seconds
91.822: Application time: 0.0395780 seconds
91.822: [GC91.822: [ParNew: 17593K->1576K(18048K), 0.0008310 secs] 33215K->17710K(57984K), 0.0008590 secs] [Times: user=0.01 sys=0.00, real=0.00 secs] 
91.823: Total time for which application threads were stopped: 0.0009850 seconds, Stopping threads took: 0.0000660 seconds
91.863: Application time: 0.0398140 seconds
91.863: [GC91.863: [ParNew: 17547K->1546K(18048K), 0.0007290 secs] 33681K->17736K(57984K), 0.0007560 secs] [Times: user=0.00 sys=0.00, real=0.00 secs] 
91.864: Total time for which application threads were stopped: 0.0008710 seconds, Stopping threads took: 0.0000550 seconds
91.905: Application time: 0.0409180 seconds
91.905: [GC91.905: [ParNew: 17593K->1066K(18048K), 0.0004740 secs] 33783K->17256K(57984K), 0.0005010 secs] [Times: user=0.00 sys=0.00, real=0.01 secs] 
91.905: Total time for which application threads were stopped: 0.0006250 seconds, Stopping threads took: 0.0000690 seconds
91.944: Application time: 0.0387340 seconds
91.944: [GC91.944: [ParNew: 17028K->1546K(18048K), 0.0006220 secs] 33219K->17808K(57984K), 0.0006490 secs] [Times: user=0.01 sys=0.00, real=0.00 secs] 
91.945: Total time for which application threads were stopped: 0.0008110 seconds, Stopping threads took: 0.0001030 seconds
91.984: Application time: 0.0393400 seconds
91.985: [GC91.985: [ParNew: 17508K->1544K(18048K), 0.0007710 secs] 33771K->18318K(57984K), 0.0008010 secs] [Times: user=0.01 sys=0.00, real=0.01 secs] 
91.985: Total time for which application threads were stopped: 0.0009650 seconds, Stopping threads took: 0.0001020 seconds
92.024: Application time: 0.0386820 seconds
92.024: [GC92.024: [ParNew: 17514K->1546K(18048K), 0.0006740 secs] 34289K->18320K(57984K), 0.0007040 secs] [Times: user=0.00 sys=0.00, real=0.00 secs] 
92.025: Total time for which application threads were stopped: 0.0008360 seconds, Stopping threads took: 0.0000700 seconds
92.064: Application time: 0.0392100 seconds
92.064: [GC92.064: [ParNew: 17508K->1546K(18048K), 0.0008150 secs] 34283K->18832K(57984K), 0.0008530 secs] [Times: user=0.01 sys=0.00, real=0.00 secs] 
92.065: Total time for which application threads were stopped: 0.0009990 seconds, Stopping threads took: 0.0000760 seconds
92.105: Application time: 0.0402890 seconds
92.105: [GC92.105: [ParNew: 17591K->1578K(18048K), 0.0007230 secs] 34877K->19376K(57984K), 0.0007530 secs] [Times: user=0.00 sys=0.00, real=0.00 secs] 
92.106: Total time for which application threads were stopped: 0.0008680 seconds, Stopping threads took: 0.0000550 seconds
92.147: Application time: 0.0404150 seconds
92.147: [GC92.147: [ParNew: 17629K->1066K(18048K), 0.0004840 secs] 35427K->18928K(57984K), 0.0005110 secs] [Times: user=0.01 sys=0.00, real=0.00 secs] 
92.147: Total time for which application threads were stopped: 0.0006220 seconds, Stopping threads took: 0.0000560 seconds
92.186: Application time: 0.0385540 seconds
92.186: [GC92.186: [ParNew: 17032K->1034K(18048K), 0.0004690 secs] 34895K->18968K(57984K), 0.0004970 secs] [Times: user=0.01 sys=0.00, real=0.00 secs] 
92.186: Total time for which application threads were stopped: 0.0006220 seconds, Stopping threads took: 0.0000680 seconds
92.225: Application time: 0.0385280 seconds
92.225: [GC92.225: [ParNew: 16992K->1546K(18048K), 0.0007090 secs] 34927K->19480K(57984K), 0.0007360 secs] [Times: user=0.00 sys=0.01, real=0.00 secs] 
92.226: Total time for which application threads were stopped: 0.0009280 seconds, Stopping threads took: 0.0001290 seconds
92.266: Application time: 0.0402310 seconds
92.266: [GC92.266: [ParNew: 17595K->1064K(18048K), 0.0005140 secs] 35529K->18998K(57984K), 0.0005390 secs] [Times: user=0.00 sys=0.00, real=0.00 secs] 
92.267: Total time for which application threads were stopped: 0.0006540 seconds, Stopping threads took: 0.0000600 seconds
92.307: Application time: 0.0398160 seconds
92.307: [GC92.307: [ParNew: 17113K->556K(18048K), 0.0003350 secs] 35047K->18570K(57984K), 0.0003610 secs] [Times: user=0.00 sys=0.00, real=0.00 secs] 
92.307: Total time for which application threads were stopped: 0.0005460 seconds, Stopping threads took: 0.0001290 seconds
92.348: Application time: 0.0403980 seconds
92.348: [GC92.348: [ParNew: 16601K->584K(18048K), 0.0003230 secs] 34615K->18598K(57984K), 0.0003480 secs] [Times: user=0.01 sys=0.00, real=0.00 secs] 
92.348: Total time for which application threads were stopped: 0.0004840 seconds, Stopping threads took: 0.0000810 seconds
92.388: Application time: 0.0403670 seconds
92.389: [GC92.389: [ParNew: 16629K->612K(18048K), 0.0003290 secs] 34643K->18626K(57984K), 0.0003530 secs] [Times: user=0.00 sys=0.00, real=0.00 secs] 
92.389: Total time for which application threads were stopped: 0.0004720 seconds, Stopping threads took: 0.0000650 seconds
92.425: Application time: 0.0364080 seconds
92.425: [GC92.425: [ParNew: 16574K->1124K(18048K), 0.0004810 secs] 34589K->19138K(57984K), 0.0005090 secs] [Times: user=0.00 sys=0.00, real=0.00 secs] 
92.426: Total time for which application threads were stopped: 0.0006550 seconds, Stopping threads took: 0.0000880 seconds
92.466: Application time: 0.0399260 seconds
92.466: [GC92.466: [ParNew: 17169K->1064K(18048K), 0.0005060 secs] 35183K->19214K(57984K), 0.0005310 secs] [Times: user=0.01 sys=0.00, real=0.00 secs] 
92.467: Total time for which application threads were stopped: 0.0007470 seconds, Stopping threads took: 0.0001570 seconds
92.507: Application time: 0.0407420 seconds
92.507: [GC92.508: [ParNew: 17030K->1034K(18048K), 0.0004690 secs] 35181K->19248K(57984K), 0.0005010 secs] [Times: user=0.01 sys=0.00, real=0.00 secs] 
92.508: Total time for which application threads were stopped: 0.0006220 seconds, Stopping threads took: 0.0000620 seconds
92.547: Application time: 0.0385980 seconds
92.547: [GC92.547: [ParNew: 17000K->1034K(18048K), 0.0004890 secs] 35215K->19248K(57984K), 0.0005150 secs] [Times: user=0.00 sys=0.00, real=0.00 secs] 
92.547: Total time for which application threads were stopped: 0.0006380 seconds, Stopping threads took: 0.0000640 seconds
92.587: Application time: 0.0398440 seconds
92.587: [GC92.587: [ParNew: 17074K->1578K(18048K), 0.0006190 secs] 35289K->19792K(57984K), 0.0006550 secs] [Times: user=0.00 sys=0.00, real=0.00 secs] 
92.588: Total time for which application threads were stopped: 0.0007810 seconds, Stopping threads took: 0.0000600 seconds
92.627: Application time: 0.0391560 seconds
92.627: [GC92.627: [ParNew: 17544K->1546K(18048K), 0.0006270 secs] 35759K->19824K(57984K), 0.0006570 secs] [Times: user=0.01 sys=0.00, real=0.00 secs] 
92.628: Total time for which application threads were stopped: 0.0007840 seconds, Stopping threads took: 0.0000700 seconds
92.668: Application time: 0.0403440 seconds
92.668: [GC92.668: [ParNew: 17516K->1032K(18048K), 0.0004310 secs] 35795K->19310K(57984K), 0.0004580 secs] [Times: user=0.00 sys=0.00, real=0.00 secs] 
92.669: Total time for which application threads were stopped: 0.0006440 seconds, Stopping threads took: 0.0001270 seconds
92.707: Application time: 0.0380030 seconds
92.707: [GC92.707: [ParNew: 16994K->1546K(18048K), 0.0006140 secs] 35273K->19824K(57984K), 0.0006420 secs] [Times: user=0.00 sys=0.00, real=0.00 secs] 
92.708: Total time for which application threads were stopped: 0.0007710 seconds, Stopping threads took: 0.0000690 seconds
92.748: Application time: 0.0403570 seconds
92.748: [GC92.748: [ParNew: 17595K->1064K(18048K), 0.0005600 secs] 35874K->19342K(57984K), 0.0005870 secs] [Times: user=0.01 sys=0.00, real=0.00 secs] 
92.749: Total time for which application threads were stopped: 0.0007190 seconds, Stopping threads took: 0.0000740 seconds
92.787: Application time: 0.0384390 seconds
92.787: [GC92.787: [ParNew: 17109K->1066K(18048K), 0.0004850 secs] 35387K->19416K(57984K), 0.0005120 secs] [Times: user=0.00 sys=0.00, real=0.00 secs] 
92.788: Total time for which application threads were stopped: 0.0006370 seconds, Stopping threads took: 0.0000690 seconds
92.825: Application time: 0.0371520 seconds
92.825: [GC92.825: [ParNew: 17020K->1550K(18048K), 0.0010280 secs] 35371K->20996K(57984K), 0.0010610 secs] [Times: user=0.01 sys=0.00, real=0.01 secs] 
92.826: Total time for which application threads were stopped: 0.0011970 seconds, Stopping threads took: 0.0000720 seconds
92.867: Application time: 0.0405180 seconds
92.867: [GC92.867: [ParNew: 17523K->1548K(18048K), 0.0006180 secs] 36969K->20994K(57984K), 0.0006450 secs] [Times: user=0.01 sys=0.00, real=0.00 secs] 
92.867: Total time for which application threads were stopped: 0.0008670 seconds, Stopping threads took: 0.0001650 seconds
92.907: Application time: 0.0393070 seconds
92.907: [GC92.907: [ParNew: 17514K->1546K(18048K), 0.0005970 secs] 36961K->20992K(57984K), 0.0006280 secs] [Times: user=0.00 sys=0.00, real=0.00 secs] 
92.908: Total time for which application threads were stopped: 0.0007870 seconds, Stopping threads took: 0.0001000 seconds
92.946: Application time: 0.0382010 seconds
92.946: [GC92.946: [ParNew: 17153K->1606K(18048K), 0.0006350 secs] 36600K->21053K(57984K), 0.0006630 secs] [Times: user=0.00 sys=0.00, real=0.00 secs] 
92.947: Total time for which application threads were stopped: 0.0007820 seconds, Stopping threads took: 0.0000620 seconds
92.985: Application time: 0.0387210 seconds
92.985: [GC92.985: [ParNew: 17568K->1548K(18048K), 0.0008350 secs] 37015K->21611K(57984K), 0.0008710 secs] [Times: user=0.01 sys=0.00, real=0.00 secs] 
92.986: Total time for which application threads were stopped: 0.0010210 seconds, Stopping threads took: 0.0000860 seconds
93.026: Application time: 0.0392850 seconds
93.026: [GC93.026: [ParNew: 17159K->1604K(18048K), 0.0006340 secs] 37222K->21667K(57984K), 0.0006620 secs] [Times: user=0.01 sys=0.00, real=0.00 secs] 
93.026: Total time for which application threads were stopped: 0.0007780 seconds, Stopping threads took: 0.0000580 seconds
93.067: Application time: 0.0405990 seconds
93.067: [GC93.067: [ParNew: 17570K->1546K(18048K), 0.0006370 secs] 37633K->21713K(57984K), 0.0006660 secs] [Times: user=0.01 sys=0.00, real=0.00 secs] 
93.068: Total time for which application threads were stopped: 0.0007950 seconds, Stopping threads took: 0.0000590 seconds
93.107: Application time: 0.0394400 seconds
93.107: [GC93.107: [ParNew: 17512K->1034K(18048K), 0.0004500 secs] 37679K->21201K(57984K), 0.0004770 secs] [Times: user=0.00 sys=0.00, real=0.00 secs] 
93.108: Total time for which application threads were stopped: 0.0006430 seconds, Stopping threads took: 0.0001030 seconds
93.147: Application time: 0.0386920 seconds
93.147: [GC93.147: [ParNew: 17077K->1578K(18048K), 0.0006480 secs] 37244K->21745K(57984K), 0.0006760 secs] [Times: user=0.01 sys=0.00, real=0.00 secs] 
93.147: Total time for which application threads were stopped: 0.0007890 seconds, Stopping threads took: 0.0000540 seconds
93.188: Application time: 0.0403820 seconds
93.189: [GC93.189: [ParNew: 17544K->1548K(18048K), 0.0006230 secs] 37711K->21787K(57984K), 0.0006530 secs] [Times: user=0.00 sys=0.00, real=0.00 secs] 
93.190: Total time for which application threads were stopped: 0.0022010 seconds, Stopping threads took: 0.0014840 seconds
93.227: Application time: 0.0375200 seconds
93.228: [GC93.228: [ParNew: 17584K->1580K(18048K), 0.0009500 secs] 37823K->22843K(57984K), 0.0009830 secs] [Times: user=0.01 sys=0.00, real=0.00 secs] 
93.229: Total time for which application threads were stopped: 0.0011230 seconds, Stopping threads took: 0.0000760 seconds
93.269: Application time: 0.0406650 seconds
93.269: [GC93.269: [ParNew: 17551K->1548K(18048K), 0.0008060 secs] 38814K->23395K(57984K), 0.0008380 secs] [Times: user=0.00 sys=0.00, real=0.00 secs] 
93.270: Total time for which application threads were stopped: 0.0010060 seconds, Stopping threads took: 0.0001060 seconds
93.310: Application time: 0.0395160 seconds
93.310: [GC93.310: [ParNew: 17514K->1544K(18048K), 0.0007800 secs] 39361K->23903K(57984K), 0.0008080 secs] [Times: user=0.00 sys=0.00, real=0.00 secs] 
93.311: Total time for which application threads were stopped: 0.0009670 seconds, Stopping threads took: 0.0000970 seconds
93.351: Application time: 0.0405970 seconds
93.351: [GC93.351: [ParNew: 17514K->1546K(18048K), 0.0006260 secs] 39874K->23905K(57984K), 0.0006530 secs] [Times: user=0.00 sys=0.00, real=0.00 secs] 
93.352: Total time for which application threads were stopped: 0.0007930 seconds, Stopping threads took: 0.0000830 seconds
93.391: Application time: 0.0392220 seconds
93.391: [GC93.392: [ParNew: 17508K->1548K(18048K), 0.0008620 secs] 39867K->24419K(57984K), 0.0008910 secs] [Times: user=0.00 sys=0.00, real=0.00 secs] 
93.392: Total time for which application threads were stopped: 0.0010440 seconds, Stopping threads took: 0.0000920 seconds
93.429: Application time: 0.0370840 seconds
93.430: [GC93.430: [ParNew: 17155K->1608K(18048K), 0.0007770 secs] 40026K->24991K(57984K), 0.0008100 secs] [Times: user=0.00 sys=0.00, real=0.00 secs] 
93.430: Total time for which application threads were stopped: 0.0009440 seconds, Stopping threads took: 0.0000720 seconds
93.471: Application time: 0.0404480 seconds
93.471: [GC93.471: [ParNew: 17574K->1548K(18048K), 0.0008610 secs] 40958K->25539K(57984K), 0.0008920 secs] [Times: user=0.00 sys=0.00, real=0.00 secs] 
93.472: Total time for which application threads were stopped: 0.0010190 seconds, Stopping threads took: 0.0000650 seconds
93.512: Application time: 0.0396490 seconds
93.512: [GC93.512: [ParNew: 17514K->1546K(18048K), 0.0007970 secs] 41506K->26049K(57984K), 0.0008260 secs] [Times: user=0.01 sys=0.00, real=0.00 secs] 
93.513: Total time for which application threads were stopped: 0.0009740 seconds, Stopping threads took: 0.0000880 seconds
93.552: Application time: 0.0399350 seconds
93.553: [GC93.553: [ParNew: 17517K->1546K(18048K), 0.0006010 secs] 42020K->26049K(57984K), 0.0006310 secs] [Times: user=0.00 sys=0.01, real=0.00 secs] 
93.553: Total time for which application threads were stopped: 0.0007570 seconds, Stopping threads took: 0.0000680 seconds
93.594: Application time: 0.0403210 seconds
93.594: [GC93.594: [ParNew: 17595K->1068K(18048K), 0.0004410 secs] 42098K->25571K(57984K), 0.0004770 secs] [Times: user=0.00 sys=0.00, real=0.00 secs] 
93.594: Total time for which application threads were stopped: 0.0005990 seconds, Stopping threads took: 0.0000660 seconds
93.634: Application time: 0.0401950 seconds
93.634: [GC93.634: [ParNew: 17109K->1576K(18048K), 0.0006300 secs] 41612K->26167K(57984K), 0.0006590 secs] [Times: user=0.01 sys=0.00, real=0.00 secs] 
93.635: Total time for which application threads were stopped: 0.0008010 seconds, Stopping threads took: 0.0000740 seconds
93.672: Application time: 0.0372830 seconds
93.673: [GC93.673: [ParNew: 17538K->1550K(18048K), 0.0007830 secs] 42129K->26717K(57984K), 0.0008150 secs] [Times: user=0.01 sys=0.00, real=0.00 secs] 
93.673: Total time for which application threads were stopped: 0.0009460 seconds, Stopping threads took: 0.0000700 seconds
93.711: Application time: 0.0377370 seconds
93.711: [GC93.711: [ParNew: 17157K->1606K(18048K), 0.0007740 secs] 42324K->27285K(57984K), 0.0008020 secs] [Times: user=0.01 sys=0.00, real=0.00 secs] 
93.712: Total time for which application threads were stopped: 0.0009890 seconds, Stopping threads took: 0.0001280 seconds
93.752: Application time: 0.0401820 seconds
93.752: [GC93.752: [ParNew: 17572K->1548K(18048K), 0.0008170 secs] 43252K->27827K(57984K), 0.0008500 secs] [Times: user=0.00 sys=0.00, real=0.00 secs] 
93.753: Total time for which application threads were stopped: 0.0009720 seconds, Stopping threads took: 0.0000620 seconds
93.792: Application time: 0.0390030 seconds
93.792: [GC93.792: [ParNew: 17510K->1550K(18048K), 0.0009750 secs] 43790K->28853K(57984K), 0.0010090 secs] [Times: user=0.01 sys=0.00, real=0.00 secs] 
93.793: Total time for which application threads were stopped: 0.0011340 seconds, Stopping threads took: 0.0000620 seconds
93.835: Application time: 0.0412310 seconds
93.835: [GC93.835: [ParNew: 17601K->1578K(18048K), 0.0006360 secs] 44904K->28881K(57984K), 0.0006660 secs] [Times: user=0.01 sys=0.00, real=0.00 secs] 
93.835: Total time for which application threads were stopped: 0.0007910 seconds, Stopping threads took: 0.0000660 seconds
93.876: Application time: 0.0410050 seconds
93.877: [GC93.877: [ParNew: 17549K->1032K(18048K), 0.0004400 secs] 44852K->28399K(57984K), 0.0004670 secs] [Times: user=0.00 sys=0.00, real=0.00 secs] 
93.877: Total time for which application threads were stopped: 0.0005910 seconds, Stopping threads took: 0.0000680 seconds
93.918: Application time: 0.0411970 seconds
93.921: [GC93.921: [ParNew: 17083K->42K(18048K), 0.0002570 secs] 44450K->27409K(57984K), 0.0002810 secs] [Times: user=0.01 sys=0.00, real=0.00 secs] 
93.922: Total time for which application threads were stopped: 0.0032930 seconds, Stopping threads took: 0.0029580 seconds
93.957: Application time: 0.0356910 seconds
93.957: [GC93.957: [ParNew: 15979K->1580K(18048K), 0.0013600 secs] 43347K->30995K(57984K), 0.0013930 secs] [Times: user=0.01 sys=0.00, real=0.00 secs] 
93.959: Total time for which application threads were stopped: 0.0015260 seconds, Stopping threads took: 0.0000670 seconds
94.000: Application time: 0.0412030 seconds
94.000: [GC94.000: [ParNew: 17549K->1548K(18048K), 0.0011180 secs] 46964K->32571K(57984K), 0.0011510 secs] [Times: user=0.01 sys=0.00, real=0.00 secs] 
94.001: Total time for which application threads were stopped: 0.0012760 seconds, Stopping threads took: 0.0000640 seconds
94.041: Application time: 0.0399040 seconds
94.041: [GC94.041: [ParNew: 17519K->1548K(18048K), 0.0009780 secs] 48542K->33595K(57984K), 0.0010080 secs] [Times: user=0.01 sys=0.00, real=0.00 secs] 
94.042: Total time for which application threads were stopped: 0.0011400 seconds, Stopping threads took: 0.0000690 seconds
94.082: Application time: 0.0395330 seconds
94.082: [GC94.082: [ParNew: 17163K->1606K(18048K), 0.0006360 secs] 49211K->33653K(57984K), 0.0006650 secs] [Times: user=0.00 sys=0.00, real=0.00 secs] 
94.083: Total time for which application threads were stopped: 0.0007810 seconds, Stopping threads took: 0.0000560 seconds
94.122: Application time: 0.0396920 seconds
94.122: [GC94.122: [ParNew: 17577K->1036K(18048K), 0.0005280 secs] 49624K->33191K(57984K), 0.0005620 secs] [Times: user=0.00 sys=0.00, real=0.00 secs] 
94.123: Total time for which application threads were stopped: 0.0006860 seconds, Stopping threads took: 0.0000690 seconds
94.161: Application time: 0.0383780 seconds
94.165: [GC94.165: [ParNew: 16986K->1548K(18048K), 0.0012050 secs] 49141K->35239K(57984K), 0.0012390 secs] [Times: user=0.01 sys=0.00, real=0.00 secs] 
94.167: Total time for which application threads were stopped: 0.0051630 seconds, Stopping threads took: 0.0038500 seconds
94.207: Application time: 0.0402260 seconds
94.207: [GC94.207: [ParNew: 17519K->1548K(18048K), 0.0010190 secs] 51210K->36263K(57984K), 0.0010450 secs] [Times: user=0.01 sys=0.00, real=0.00 secs] 
94.208: Total time for which application threads were stopped: 0.0011890 seconds, Stopping threads took: 0.0000830 seconds
94.248: Application time: 0.0403010 seconds
94.248: [GC94.248: [ParNew: 17514K->1548K(18048K), 0.0009950 secs] 52230K->37287K(57984K), 0.0010280 secs] [Times: user=0.01 sys=0.00, real=0.00 secs] 
94.249: Total time for which application threads were stopped: 0.0011790 seconds, Stopping threads took: 0.0000850 seconds
94.289: Application time: 0.0394640 seconds
94.289: [GC94.289: [ParNew: 17597K->1578K(18048K), 0.0007690 secs] 53337K->37830K(57984K), 0.0007980 secs] [Times: user=0.00 sys=0.00, real=0.00 secs] 
94.290: Total time for which application threads were stopped: 0.0009350 seconds, Stopping threads took: 0.0000770 seconds
94.329: Application time: 0.0391740 seconds
94.329: [GC94.329: [ParNew: 17623K->1576K(18048K), 0.0008090 secs] 53875K->38404K(57984K), 0.0008420 secs] [Times: user=0.01 sys=0.00, real=0.00 secs] 
94.330: Total time for which application threads were stopped: 0.0009790 seconds, Stopping threads took: 0.0000720 seconds
94.370: Application time: 0.0403580 seconds
94.370: [GC94.370: [ParNew: 17621K->1578K(18048K), 0.0008010 secs] 54448K->38982K(57984K), 0.0008320 secs] [Times: user=0.00 sys=0.00, real=0.00 secs] 
94.371: Total time for which application threads were stopped: 0.0009630 seconds, Stopping threads took: 0.0000690 seconds
94.413: Application time: 0.0412310 seconds
94.413: [GC94.413: [ParNew: 17627K->1578K(18048K), 0.0006930 secs] 55031K->39038K(57984K), 0.0007240 secs] [Times: user=0.01 sys=0.00, real=0.00 secs] 
94.413: Total time for which application threads were stopped: 0.0008460 seconds, Stopping threads took: 0.0000570 seconds
94.452: Application time: 0.0389290 seconds
94.452: [GC94.452: [ParNew: 17544K->1544K(18048K), 0.0006490 secs] 55004K->39068K(57984K), 0.0006790 secs] [Times: user=0.00 sys=0.00, real=0.00 secs] 
94.453: Total time for which application threads were stopped: 0.0007920 seconds, Stopping threads took: 0.0000550 seconds
94.490: Application time: 0.0373210 seconds
94.491: [GC94.491: [ParNew: 17506K->1546K(18048K), 0.0007770 secs] 55030K->39582K(57984K), 0.0008070 secs] [Times: user=0.01 sys=0.00, real=0.00 secs] 
94.491: Total time for which application threads were stopped: 0.0009600 seconds, Stopping threads took: 0.0000920 seconds
94.531: Application time: 0.0396380 seconds
94.531: [GC94.531: [ParNew: 17586K->1578K(18048K), 0.0009620 secs] 55622K->40638K(57984K), 0.0009920 secs] [Times: user=0.01 sys=0.00, real=0.00 secs] 
94.532: Total time for which application threads were stopped: 0.0011310 seconds, Stopping threads took: 0.0000750 seconds
94.572: Application time: 0.0400120 seconds
94.572: [GC94.572: [ParNew: 17627K->1578K(18048K), 0.0008300 secs] 56687K->41206K(57984K), 0.0008620 secs] [Times: user=0.01 sys=0.00, real=0.00 secs] 
94.573: Total time for which application threads were stopped: 0.0009950 seconds, Stopping threads took: 0.0000600 seconds
94.612: Application time: 0.0389320 seconds
94.612: [GC94.612: [ParNew: 17549K->17549K(18048K), 0.0000090 secs]94.612: [Tenured: 39628K->8535K(39936K), 0.0050630 secs] 57177K->8535K(57984K), [Perm : 5145K->5145K(21248K)], 0.0051140 secs] [Times: user=0.00 sys=0.00, real=0.01 secs] 
94.617: Total time for which application threads were stopped: 0.0052440 seconds, Stopping threads took: 0.0000640 seconds
94.658: Application time: 0.0406960 seconds
94.658: [GC94.658: [ParNew: 15970K->1030K(18048K), 0.0007390 secs] 24505K->9565K(57984K), 0.0007760 secs] [Times: user=0.00 sys=0.00, real=0.00 secs] 
94.659: Total time for which application threads were stopped: 0.0009620 seconds, Stopping threads took: 0.0001090 seconds
94.698: Application time: 0.0394360 seconds
94.699: [GC94.699: [ParNew: 16996K->520K(18048K), 0.0006330 secs] 25531K->9055K(57984K), 0.0006600 secs] [Times: user=0.00 sys=0.00, real=0.00 secs] 
94.699: Total time for which application threads were stopped: 0.0007820 seconds, Stopping threads took: 0.0000600 seconds
94.735: Application time: 0.0360910 seconds
94.736: [GC94.736: [ParNew: 16112K->1608K(18048K), 0.0009700 secs] 24647K->10655K(57984K), 0.0010000 secs] [Times: user=0.00 sys=0.00, real=0.00 secs] 
94.737: Total time for which application threads were stopped: 0.0011860 seconds, Stopping threads took: 0.0001250 seconds
94.776: Application time: 0.0393690 seconds
94.776: [GC94.776: [ParNew: 17572K->1546K(18048K), 0.0009590 secs] 26620K->11721K(57984K), 0.0009930 secs] [Times: user=0.01 sys=0.00, real=0.00 secs] 
94.777: Total time for which application threads were stopped: 0.0011200 seconds, Stopping threads took: 0.0000620 seconds
94.816: Application time: 0.0389080 seconds
94.816: [GC94.816: [ParNew: 17517K->1544K(18048K), 0.0007650 secs] 27692K->12231K(57984K), 0.0007950 secs] [Times: user=0.01 sys=0.00, real=0.00 secs] 
94.817: Total time for which application threads were stopped: 0.0009200 seconds, Stopping threads took: 0.0000640 seconds
94.858: Application time: 0.0409340 seconds
94.858: [GC94.858: [ParNew: 17514K->1548K(18048K), 0.0006460 secs] 28202K->12235K(57984K), 0.0006730 secs] [Times: user=0.01 sys=0.00, real=0.00 secs] 
94.859: Total time for which application threads were stopped: 0.0007970 seconds, Stopping threads took: 0.0000660 seconds
94.898: Application time: 0.0396210 seconds
94.898: [GC94.898: [ParNew: 17519K->1034K(18048K), 0.0004750 secs] 28206K->11721K(57984K), 0.0005020 secs] [Times: user=0.00 sys=0.00, real=0.00 secs] 
94.899: Total time for which application threads were stopped: 0.0007140 seconds, Stopping threads took: 0.0001530 seconds
94.937: Application time: 0.0384360 seconds
94.937: [GC94.937: [ParNew: 16992K->1546K(18048K), 0.0008060 secs] 27679K->12745K(57984K), 0.0008390 secs] [Times: user=0.00 sys=0.00, real=0.00 secs] 
94.938: Total time for which application threads were stopped: 0.0009860 seconds, Stopping threads took: 0.0000840 seconds
94.977: Application time: 0.0390740 seconds
94.978: [GC94.978: [ParNew: 17586K->1578K(18048K), 0.0008100 secs] 28786K->13289K(57984K), 0.0008380 secs] [Times: user=0.01 sys=0.00, real=0.00 secs] 
94.978: Total time for which application threads were stopped: 0.0009770 seconds, Stopping threads took: 0.0000780 seconds
95.018: Application time: 0.0394300 seconds
95.018: [GC95.018: [ParNew: 17625K->1578K(18048K), 0.0008420 secs] 29336K->13865K(57984K), 0.0008720 secs] [Times: user=0.01 sys=0.00, real=0.00 secs] 
95.019: Total time for which application threads were stopped: 0.0009960 seconds, Stopping threads took: 0.0000620 seconds
95.059: Application time: 0.0401550 seconds
95.059: [GC95.059: [ParNew: 17627K->1578K(18048K), 0.0006140 secs] 29914K->13937K(57984K), 0.0006430 secs] [Times: user=0.00 sys=0.00, real=0.00 secs] 
95.060: Total time for which application threads were stopped: 0.0007600 seconds, Stopping threads took: 0.0000580 seconds
95.100: Application time: 0.0401340 seconds
95.100: [GC95.100: [ParNew: 17619K->1578K(18048K), 0.0008260 secs] 29978K->14513K(57984K), 0.0008530 secs] [Times: user=0.01 sys=0.00, real=0.00 secs] 
95.101: Total time for which application threads were stopped: 0.0009760 seconds, Stopping threads took: 0.0000660 seconds
95.139: Application time: 0.0384220 seconds
95.139: [GC95.139: [ParNew: 17540K->1548K(18048K), 0.0010470 secs] 30476K->15571K(57984K), 0.0010780 secs] [Times: user=0.01 sys=0.00, real=0.00 secs] 
95.141: Total time for which application threads were stopped: 0.0012360 seconds, Stopping threads took: 0.0000850 seconds
95.181: Application time: 0.0403520 seconds
95.181: [GC95.181: [ParNew: 17597K->1580K(18048K), 0.0007860 secs] 31620K->16115K(57984K), 0.0008150 secs] [Times: user=0.00 sys=0.00, real=0.00 secs] 
95.182: Total time for which application threads were stopped: 0.0009500 seconds, Stopping threads took: 0.0000750 seconds
95.222: Application time: 0.0398390 seconds
95.222: [GC95.222: [ParNew: 17625K->1578K(18048K), 0.0007790 secs] 32160K->16673K(57984K), 0.0008090 secs] [Times: user=0.01 sys=0.00, real=0.00 secs] 
95.223: Total time for which application threads were stopped: 0.0009430 seconds, Stopping threads took: 0.0000650 seconds
95.262: Application time: 0.0392530 seconds
95.262: [GC95.262: [ParNew: 17549K->1546K(18048K), 0.0006570 secs] 32644K->16705K(57984K), 0.0006850 secs] [Times: user=0.01 sys=0.00, real=0.00 secs] 
95.263: Total time for which application threads were stopped: 0.0008240 seconds, Stopping threads took: 0.0000810 seconds
95.303: Application time: 0.0402140 seconds
95.303: [GC95.303: [ParNew: 17512K->1548K(18048K), 0.0006580 secs] 32672K->16707K(57984K), 0.0006860 secs] [Times: user=0.00 sys=0.00, real=0.00 secs] 
95.304: Total time for which application threads were stopped: 0.0008400 seconds, Stopping threads took: 0.0000920 seconds
95.344: Application time: 0.0401570 seconds
95.344: [GC95.344: [ParNew: 17514K->1548K(18048K), 0.0006340 secs] 32674K->16707K(57984K), 0.0006640 secs] [Times: user=0.01 sys=0.00, real=0.00 secs] 
95.345: Total time for which application threads were stopped: 0.0007880 seconds, Stopping threads took: 0.0000640 seconds
95.383: Application time: 0.0383740 seconds
95.383: [GC95.383: [ParNew: 17155K->1606K(18048K), 0.0006900 secs] 32314K->16765K(57984K), 0.0007190 secs] [Times: user=0.01 sys=0.00, real=0.00 secs] 
95.384: Total time for which application threads were stopped: 0.0008460 seconds, Stopping threads took: 0.0000680 seconds
95.425: Application time: 0.0406440 seconds
95.425: [GC95.425: [ParNew: 17572K->1544K(18048K), 0.0006850 secs] 32732K->16799K(57984K), 0.0007140 secs] [Times: user=0.01 sys=0.00, real=0.01 secs] 
95.425: Total time for which application threads were stopped: 0.0008410 seconds, Stopping threads took: 0.0000660 seconds
95.464: Application time: 0.0385510 seconds
95.464: [GC95.464: [ParNew: 17510K->1546K(18048K), 0.0005990 secs] 32766K->16801K(57984K), 0.0006300 secs] [Times: user=0.00 sys=0.00, real=0.00 secs] 
95.465: Total time for which application threads were stopped: 0.0007480 seconds, Stopping threads took: 0.0000560 seconds
95.506: Application time: 0.0411970 seconds
95.507: [GC95.507: [ParNew: 17512K->1548K(18048K), 0.0006230 secs] 32768K->16803K(57984K), 0.0006480 secs] [Times: user=0.01 sys=0.00, real=0.00 secs] 
95.507: Total time for which application threads were stopped: 0.0014420 seconds, Stopping threads took: 0.0007370 seconds
95.545: Application time: 0.0375920 seconds
95.545: [GC95.545: [ParNew: 17510K->1546K(18048K), 0.0008430 secs] 32766K->17313K(57984K), 0.0008740 secs] [Times: user=0.00 sys=0.01, real=0.01 secs] 
95.546: Total time for which application threads were stopped: 0.0010380 seconds, Stopping threads took: 0.0001040 seconds
95.587: Application time: 0.0414000 seconds
95.588: [GC95.588: [ParNew: 17517K->1034K(18048K), 0.0004740 secs] 33284K->16801K(57984K), 0.0004990 secs] [Times: user=0.00 sys=0.00, real=0.00 secs] 
95.588: Total time for which application threads were stopped: 0.0006740 seconds, Stopping threads took: 0.0001180 seconds
95.627: Application time: 0.0392270 seconds
95.627: [GC95.627: [ParNew: 16998K->1546K(18048K), 0.0006160 secs] 32766K->17313K(57984K), 0.0006440 secs] [Times: user=0.00 sys=0.00, real=0.00 secs] 
95.628: Total time for which application threads were stopped: 0.0007710 seconds, Stopping threads took: 0.0000680 seconds
95.667: Application time: 0.0387140 seconds
95.667: [GC95.667: [ParNew: 17595K->1586K(18048K), 0.0008070 secs] 33362K->17865K(57984K), 0.0008360 secs] [Times: user=0.01 sys=0.00, real=0.00 secs] 
95.668: Total time for which application threads were stopped: 0.0009800 seconds, Stopping threads took: 0.0000740 seconds
95.707: Application time: 0.0396760 seconds
95.708: [GC95.708: [ParNew: 17619K->1580K(18048K), 0.0009650 secs] 33898K->18955K(57984K), 0.0009970 secs] [Times: user=0.01 sys=0.00, real=0.00 secs] 
95.709: Total time for which application threads were stopped: 0.0011300 seconds, Stopping threads took: 0.0000700 seconds
95.746: Application time: 0.0369730 seconds
95.746: [GC95.746: [ParNew: 17187K->1608K(18048K), 0.0009620 secs] 34563K->20064K(57984K), 0.0009940 secs] [Times: user=0.00 sys=0.00, real=0.00 secs] 
95.747: Total time for which application threads were stopped: 0.0011480 seconds, Stopping threads took: 0.0000820 seconds
95.788: Application time: 0.0408280 seconds
95.788: [GC95.788: [ParNew: 17579K->1546K(18048K), 0.0008620 secs] 36034K->20609K(57984K), 0.0008890 secs] [Times: user=0.01 sys=0.00, real=0.00 secs] 
95.789: Total time for which application threads were stopped: 0.0010270 seconds, Stopping threads took: 0.0000790 seconds
95.830: Application time: 0.0410580 seconds
95.830: [GC95.830: [ParNew: 17517K->1548K(18048K), 0.0006290 secs] 36580K->20611K(57984K), 0.0006560 secs] [Times: user=0.00 sys=0.00, real=0.00 secs] 
95.830: Total time for which application threads were stopped: 0.0007910 seconds, Stopping threads took: 0.0000790 seconds
95.871: Application time: 0.0404680 seconds
95.871: [GC95.871: [ParNew: 17597K->1064K(18048K), 0.0004580 secs] 36661K->20128K(57984K), 0.0004860 secs] [Times: user=0.01 sys=0.00, real=0.00 secs] 
95.871: Total time for which application threads were stopped: 0.0006010 seconds, Stopping threads took: 0.0000570 seconds
95.912: Application time: 0.0403680 seconds
95.912: [GC95.912: [ParNew: 17113K->552K(18048K), 0.0003350 secs] 36177K->19672K(57984K), 0.0003610 secs] [Times: user=0.00 sys=0.00, real=0.00 secs] 
95.912: Total time for which application threads were stopped: 0.0004830 seconds, Stopping threads took: 0.0000650 seconds
95.951: Application time: 0.0385920 seconds
95.951: [GC95.951: [ParNew: 16514K->1066K(18048K), 0.0004560 secs] 35634K->20186K(57984K), 0.0004830 secs] [Times: user=0.00 sys=0.00, real=0.00 secs] 
95.952: Total time for which application threads were stopped: 0.0006030 seconds, Stopping threads took: 0.0000620 seconds
95.989: Application time: 0.0379160 seconds
95.990: [GC95.990: [ParNew: 17020K->1546K(18048K), 0.0008490 secs] 36140K->21226K(57984K), 0.0008770 secs] [Times: user=0.00 sys=0.00, real=0.00 secs] 
95.991: Total time for which application threads were stopped: 0.0010580 seconds, Stopping threads took: 0.0001220 seconds
96.031: Application time: 0.0407880 seconds
96.031: [GC96.031: [ParNew: 17510K->1546K(18048K), 0.0007640 secs] 37190K->21738K(57984K), 0.0007930 secs] [Times: user=0.01 sys=0.00, real=0.00 secs] 
96.032: Total time for which application threads were stopped: 0.0009730 seconds, Stopping threads took: 0.0001180 seconds
96.070: Application time: 0.0375950 seconds
96.070: [GC96.070: [ParNew: 17159K->1606K(18048K), 0.0006130 secs] 37351K->21798K(57984K), 0.0006420 secs] [Times: user=0.00 sys=0.00, real=0.00 secs] 
96.071: Total time for which application threads were stopped: 0.0008360 seconds, Stopping threads took: 0.0001340 seconds
96.110: Application time: 0.0397850 seconds
96.111: [GC96.111: [ParNew: 17564K->1550K(18048K), 0.0010120 secs] 37756K->22870K(57984K), 0.0010460 secs] [Times: user=0.00 sys=0.00, real=0.00 secs] 
96.112: Total time for which application threads were stopped: 0.0011770 seconds, Stopping threads took: 0.0000640 seconds
96.151: Application time: 0.0392550 seconds
96.151: [GC96.151: [ParNew: 17516K->1548K(18048K), 0.0009770 secs] 38836K->23892K(57984K), 0.0010110 secs] [Times: user=0.01 sys=0.00, real=0.00 secs] 
96.152: Total time for which application threads were stopped: 0.0011360 seconds, Stopping threads took: 0.0000580 seconds
96.192: Application time: 0.0400150 seconds
96.192: [GC96.192: [ParNew: 17519K->1546K(18048K), 0.0008430 secs] 39863K->24402K(57984K), 0.0008830 secs] [Times: user=0.00 sys=0.00, real=0.00 secs] 
96.193: Total time for which application threads were stopped: 0.0010860 seconds, Stopping threads took: 0.0001330 seconds
96.233: Application time: 0.0393890 seconds
96.233: [GC96.233: [ParNew: 17512K->1548K(18048K), 0.0008150 secs] 40368K->24916K(57984K), 0.0008480 secs] [Times: user=0.00 sys=0.00, real=0.00 secs] 
96.234: Total time for which application threads were stopped: 0.0009870 seconds, Stopping threads took: 0.0000780 seconds
96.273: Application time: 0.0391340 seconds
96.273: [GC96.273: [ParNew: 17512K->1550K(18048K), 0.0008330 secs] 40880K->25430K(57984K), 0.0008620 secs] [Times: user=0.01 sys=0.00, real=0.00 secs] 
96.274: Total time for which application threads were stopped: 0.0010270 seconds, Stopping threads took: 0.0000950 seconds
96.315: Application time: 0.0408940 seconds
96.315: [GC96.315: [ParNew: 17523K->1546K(18048K), 0.0006130 secs] 41403K->25426K(57984K), 0.0006430 secs] [Times: user=0.00 sys=0.00, real=0.00 secs] 
96.315: Total time for which application threads were stopped: 0.0007620 seconds, Stopping threads took: 0.0000580 seconds
96.355: Application time: 0.0398820 seconds
96.355: [GC96.355: [ParNew: 17161K->580K(18048K), 0.0004390 secs] 41041K->24460K(57984K), 0.0004650 secs] [Times: user=0.00 sys=0.00, real=0.00 secs] 
96.356: Total time for which application threads were stopped: 0.0006000 seconds, Stopping threads took: 0.0000810 seconds
96.394: Application time: 0.0378440 seconds
96.394: [GC96.394: [ParNew: 16538K->1604K(18048K), 0.0005960 secs] 40418K->25484K(57984K), 0.0006250 secs] [Times: user=0.01 sys=0.00, real=0.00 secs] 
96.394: Total time for which application threads were stopped: 0.0007460 seconds, Stopping threads took: 0.0000620 seconds
96.432: Application time: 0.0380110 seconds
96.433: [GC96.433: [ParNew: 17207K->1606K(18048K), 0.0008140 secs] 41087K->26098K(57984K), 0.0008450 secs] [Times: user=0.01 sys=0.00, real=0.00 secs] 
96.433: Total time for which application threads were stopped: 0.0009820 seconds, Stopping threads took: 0.0000740 seconds
96.474: Application time: 0.0409520 seconds
96.475: [GC96.475: [ParNew: 17577K->1546K(18048K), 0.0006500 secs] 42069K->26142K(57984K), 0.0006790 secs] [Times: user=0.01 sys=0.00, real=0.00 secs] 
96.475: Total time for which application threads were stopped: 0.0007940 seconds, Stopping threads took: 0.0000550 seconds
96.515: Application time: 0.0398070 seconds
96.515: [GC96.515: [ParNew: 17517K->1034K(18048K), 0.0004380 secs] 42113K->25630K(57984K), 0.0004650 secs] [Times: user=0.00 sys=0.00, real=0.00 secs] 
96.516: Total time for which application threads were stopped: 0.0005810 seconds, Stopping threads took: 0.0000590 seconds
96.554: Application time: 0.0386250 seconds
96.554: [GC96.554: [ParNew: 16645K->584K(18048K), 0.0003510 secs] 41241K->25180K(57984K), 0.0003770 secs] [Times: user=0.00 sys=0.00, real=0.00 secs] 
96.555: Total time for which application threads were stopped: 0.0005110 seconds, Stopping threads took: 0.0000810 seconds
96.593: Application time: 0.0386780 seconds
96.594: [GC96.594: [ParNew: 16542K->1608K(18048K), 0.0006310 secs] 41138K->26204K(57984K), 0.0006610 secs] [Times: user=0.00 sys=0.00, real=0.00 secs] 
96.594: Total time for which application threads were stopped: 0.0007890 seconds, Stopping threads took: 0.0000680 seconds
96.635: Application time: 0.0403390 seconds
96.635: [GC96.635: [ParNew: 17572K->1034K(18048K), 0.0004790 secs] 42169K->25734K(57984K), 0.0005060 secs] [Times: user=0.01 sys=0.00, real=0.00 secs] 
96.635: Total time for which application threads were stopped: 0.0006810 seconds, Stopping threads took: 0.0001160 seconds
96.674: Application time: 0.0385790 seconds
96.674: [GC96.674: [ParNew: 16994K->1548K(18048K), 0.0007870 secs] 41694K->26760K(57984K), 0.0008170 secs] [Times: user=0.00 sys=0.00, real=0.00 secs] 
96.675: Total time for which application threads were stopped: 0.0009390 seconds, Stopping threads took: 0.0000590 seconds
96.714: Application time: 0.0391510 seconds
96.714: [GC96.714: [ParNew: 17163K->1094K(18048K), 0.0004530 secs] 42375K->26306K(57984K), 0.0004900 secs] [Times: user=0.01 sys=0.00, real=0.00 secs] 
96.715: Total time for which application threads were stopped: 0.0006220 seconds, Stopping threads took: 0.0000760 seconds
96.753: Application time: 0.0381290 seconds
96.753: [GC96.753: [ParNew: 17052K->1548K(18048K), 0.0008310 secs] 42264K->27368K(57984K), 0.0008620 secs] [Times: user=0.01 sys=0.00, real=0.00 secs] 
96.754: Total time for which application threads were stopped: 0.0010510 seconds, Stopping threads took: 0.0001280 seconds
96.793: Application time: 0.0394700 seconds
96.793: [GC96.793: [ParNew: 17510K->1548K(18048K), 0.0010050 secs] 43331K->28392K(57984K), 0.0010350 secs] [Times: user=0.01 sys=0.00, real=0.00 secs] 
96.794: Total time for which application threads were stopped: 0.0012090 seconds, Stopping threads took: 0.0000990 seconds
96.833: Application time: 0.0388470 seconds
96.833: [GC96.833: [ParNew: 17514K->1548K(18048K), 0.0009350 secs] 44359K->29416K(57984K), 0.0009660 secs] [Times: user=0.00 sys=0.00, real=0.00 secs] 
96.834: Total time for which application threads were stopped: 0.0010930 seconds, Stopping threads took: 0.0000590 seconds
96.875: Application time: 0.0408090 seconds
96.875: [GC96.875: [ParNew: 17521K->1548K(18048K), 0.0006260 secs] 45389K->29416K(57984K), 0.0006520 secs] [Times: user=0.00 sys=0.00, real=0.00 secs] 
96.876: Total time for which application threads were stopped: 0.0009050 seconds, Stopping threads took: 0.0001950 seconds
96.916: Application time: 0.0397120 seconds
96.916: [GC96.916: [ParNew: 17514K->1544K(18048K), 0.0006420 secs] 45383K->29412K(57984K), 0.0006710 secs] [Times: user=0.01 sys=0.00, real=0.00 secs] 
96.917: Total time for which application threads were stopped: 0.0008020 seconds, Stopping threads took: 0.0000700 seconds
96.957: Application time: 0.0406880 seconds
96.957: [GC96.957: [ParNew: 17514K->1032K(18048K), 0.0004460 secs] 45383K->28900K(57984K), 0.0004720 secs] [Times: user=0.00 sys=0.00, real=0.00 secs] 
96.958: Total time for which application threads were stopped: 0.0006170 seconds, Stopping threads took: 0.0000900 seconds
96.998: Application time: 0.0401410 seconds
96.998: [GC96.998: [ParNew: 17077K->1064K(18048K), 0.0005340 secs] 44945K->28932K(57984K), 0.0005610 secs] [Times: user=0.00 sys=0.00, real=0.00 secs] 
96.999: Total time for which application threads were stopped: 0.0006790 seconds, Stopping threads took: 0.0000620 seconds
97.038: Application time: 0.0391490 seconds
97.041: [GC97.041: [ParNew: 17109K->556K(18048K), 0.0004040 secs] 44977K->28496K(57984K), 0.0004310 secs] [Times: user=0.01 sys=0.00, real=0.00 secs] 
97.042: Total time for which application threads were stopped: 0.0038210 seconds, Stopping threads took: 0.0033380 seconds
97.080: Application time: 0.0386720 seconds
97.080: [GC97.080: [ParNew: 16595K->1608K(18048K), 0.0006510 secs] 44535K->29548K(57984K), 0.0006820 secs] [Times: user=0.01 sys=0.00, real=0.00 secs] 
97.081: Total time for which application threads were stopped: 0.0007990 seconds, Stopping threads took: 0.0000570 seconds
97.122: Application time: 0.0409800 seconds
97.122: [GC97.122: [ParNew: 17651K->1578K(18048K), 0.0006480 secs] 45591K->29614K(57984K), 0.0006770 secs] [Times: user=0.01 sys=0.00, real=0.00 secs] 
97.123: Total time for which application threads were stopped: 0.0008000 seconds, Stopping threads took: 0.0000630 seconds
97.162: Application time: 0.0392730 seconds
97.162: [GC97.162: [ParNew: 17540K->1546K(18048K), 0.0008240 secs] 45577K->30166K(57984K), 0.0008550 secs] [Times: user=0.01 sys=0.00, real=0.00 secs] 
97.163: Total time for which application threads were stopped: 0.0009840 seconds, Stopping threads took: 0.0000670 seconds
97.203: Application time: 0.0402490 seconds
97.204: [GC97.204: [ParNew: 17517K->1548K(18048K), 0.0006090 secs] 46137K->30168K(57984K), 0.0006370 secs] [Times: user=0.00 sys=0.00, real=0.00 secs] 
97.204: Total time for which application threads were stopped: 0.0007630 seconds, Stopping threads took: 0.0000690 seconds
97.242: Application time: 0.0381360 seconds
97.243: [GC97.243: [ParNew: 17155K->1608K(18048K), 0.0006560 secs] 45776K->30228K(57984K), 0.0006920 secs] [Times: user=0.01 sys=0.00, real=0.00 secs] 
97.243: Total time for which application threads were stopped: 0.0008900 seconds, Stopping threads took: 0.0001370 seconds
97.283: Application time: 0.0398970 seconds
97.283: [GC97.283: [ParNew: 17574K->1546K(18048K), 0.0006590 secs] 46195K->30270K(57984K), 0.0006890 secs] [Times: user=0.00 sys=0.00, real=0.00 secs] 
97.284: Total time for which application threads were stopped: 0.0008110 seconds, Stopping threads took: 0.0000600 seconds
97.322: Application time: 0.0380370 seconds
97.322: [GC97.322: [ParNew: 17508K->1546K(18048K), 0.0008190 secs] 46233K->30782K(57984K), 0.0008490 secs] [Times: user=0.01 sys=0.00, real=0.00 secs] 
97.323: Total time for which application threads were stopped: 0.0009780 seconds, Stopping threads took: 0.0000570 seconds
97.363: Application time: 0.0402710 seconds
97.363: [GC97.363: [ParNew: 17591K->1576K(18048K), 0.0007750 secs] 46827K->31324K(57984K), 0.0008060 secs] [Times: user=0.01 sys=0.00, real=0.00 secs] 
97.364: Total time for which application threads were stopped: 0.0010360 seconds, Stopping threads took: 0.0001660 seconds
97.406: Application time: 0.0412260 seconds
97.406: [GC97.406: [ParNew: 17621K->1578K(18048K), 0.0008630 secs] 47369K->31910K(57984K), 0.0008960 secs] [Times: user=0.00 sys=0.00, real=0.00 secs] 
97.407: Total time for which application threads were stopped: 0.0010180 seconds, Stopping threads took: 0.0000590 seconds
97.446: Application time: 0.0392440 seconds
97.446: [GC97.446: [ParNew: 17549K->1544K(18048K), 0.0006860 secs] 47881K->31948K(57984K), 0.0007120 secs] [Times: user=0.01 sys=0.00, real=0.00 secs] 
97.447: Total time for which application threads were stopped: 0.0008400 seconds, Stopping threads took: 0.0000670 seconds
97.488: Application time: 0.0413060 seconds
97.488: [GC97.488: [ParNew: 17510K->1544K(18048K), 0.0006490 secs] 47915K->31948K(57984K), 0.0006750 secs] [Times: user=0.00 sys=0.00, real=0.00 secs] 
97.489: Total time for which application threads were stopped: 0.0008470 seconds, Stopping threads took: 0.0001120 seconds
97.529: Application time: 0.0404590 seconds
97.529: [GC97.529: [ParNew: 17510K->1546K(18048K), 0.0021480 secs] 47915K->31950K(57984K), 0.0021810 secs] [Times: user=0.01 sys=0.00, real=0.00 secs] 
97.532: Total time for which application threads were stopped: 0.0023000 seconds, Stopping threads took: 0.0000610 seconds
97.571: Application time: 0.0398440 seconds
97.571: [GC97.572: [ParNew: 17516K->1034K(18048K), 0.0004340 secs] 47921K->31438K(57984K), 0.0004610 secs] [Times: user=0.00 sys=0.00, real=0.00 secs] 
97.572: Total time for which application threads were stopped: 0.0005830 seconds, Stopping threads took: 0.0000640 seconds
97.611: Application time: 0.0394120 seconds
97.611: [GC97.611: [ParNew: 17000K->1034K(18048K), 0.0005340 secs] 47405K->31438K(57984K), 0.0005610 secs] [Times: user=0.00 sys=0.00, real=0.00 secs] 
97.612: Total time for which application threads were stopped: 0.0006830 seconds, Stopping threads took: 0.0000660 seconds
97.653: Application time: 0.0412700 seconds
97.653: [GC97.653: [ParNew: 17004K->522K(18048K), 0.0004270 secs] 47409K->30926K(57984K), 0.0004510 secs] [Times: user=0.01 sys=0.00, real=0.00 secs] 
97.654: Total time for which application threads were stopped: 0.0005660 seconds, Stopping threads took: 0.0000610 seconds
97.690: Application time: 0.0357250 seconds
97.690: [GC97.690: [ParNew: 16578K->1602K(18048K), 0.0008430 secs] 46983K->32519K(57984K), 0.0008700 secs] [Times: user=0.00 sys=0.00, real=0.00 secs] 
97.691: Total time for which application threads were stopped: 0.0010030 seconds, Stopping threads took: 0.0000720 seconds
97.730: Application time: 0.0392290 seconds
97.730: [GC97.730: [ParNew: 17610K->1580K(18048K), 0.0013920 secs] 48527K->34609K(57984K), 0.0014260 secs] [Times: user=0.01 sys=0.00, real=0.00 secs] 
97.731: Total time for which application threads were stopped: 0.0015710 seconds, Stopping threads took: 0.0000780 seconds
97.771: Application time: 0.0399660 seconds
97.772: [GC97.772: [ParNew: 17195K->1608K(18048K), 0.0009980 secs] 50224K->35725K(57984K), 0.0010390 secs] [Times: user=0.01 sys=0.00, real=0.00 secs] 
97.773: Total time for which application threads were stopped: 0.0011610 seconds, Stopping threads took: 0.0000580 seconds
97.811: Application time: 0.0389010 seconds
97.812: [GC97.812: [ParNew: 17579K->1546K(18048K), 0.0007970 secs] 51696K->36279K(57984K), 0.0008270 secs] [Times: user=0.01 sys=0.00, real=0.00 secs] 
97.812: Total time for which application threads were stopped: 0.0009560 seconds, Stopping threads took: 0.0000660 seconds
97.853: Application time: 0.0404600 seconds
97.853: [GC97.853: [ParNew: 17517K->1544K(18048K), 0.0006300 secs] 52250K->36277K(57984K), 0.0006600 secs] [Times: user=0.00 sys=0.00, real=0.00 secs] 
97.854: Total time for which application threads were stopped: 0.0007850 seconds, Stopping threads took: 0.0000580 seconds
97.895: Application time: 0.0411790 seconds
97.895: [GC97.895: [ParNew: 17589K->1580K(18048K), 0.0006240 secs] 52322K->36313K(57984K), 0.0006530 secs] [Times: user=0.01 sys=0.00, real=0.00 secs] 
97.896: Total time for which application threads were stopped: 0.0007790 seconds, Stopping threads took: 0.0000660 seconds
97.935: Application time: 0.0394220 seconds
97.935: [GC97.935: [ParNew: 17629K->1064K(18048K), 0.0004710 secs] 52362K->35869K(57984K), 0.0004980 secs] [Times: user=0.00 sys=0.00, real=0.00 secs] 
97.936: Total time for which application threads were stopped: 0.0006230 seconds, Stopping threads took: 0.0000680 seconds
97.975: Application time: 0.0388420 seconds
97.975: [GC97.975: [ParNew: 17026K->1546K(18048K), 0.0006610 secs] 51831K->36415K(57984K), 0.0006910 secs] [Times: user=0.01 sys=0.00, real=0.00 secs] 
97.975: Total time for which application threads were stopped: 0.0008100 seconds, Stopping threads took: 0.0000570 seconds
98.016: Application time: 0.0405210 seconds
98.016: [GC98.016: [ParNew: 17595K->1066K(18048K), 0.0004380 secs] 52464K->35935K(57984K), 0.0004660 secs] [Times: user=0.00 sys=0.00, real=0.00 secs] 
98.016: Total time for which application threads were stopped: 0.0005910 seconds, Stopping threads took: 0.0000670 seconds
98.055: Application time: 0.0386930 seconds
98.055: [GC98.055: [ParNew: 17106K->1578K(18048K), 0.0007190 secs] 51976K->36503K(57984K), 0.0007490 secs] [Times: user=0.01 sys=0.00, real=0.00 secs] 
98.056: Total time for which application threads were stopped: 0.0008650 seconds, Stopping threads took: 0.0000570 seconds
98.095: Application time: 0.0390190 seconds
98.095: [GC98.095: [ParNew: 17536K->1546K(18048K), 0.0010460 secs] 52461K->37031K(57984K), 0.0010780 secs] [Times: user=0.00 sys=0.00, real=0.00 secs] 
98.096: Total time for which application threads were stopped: 0.0012750 seconds, Stopping threads took: 0.0001280 seconds
98.136: Application time: 0.0400180 seconds
98.136: [GC98.136: [ParNew: 17519K->1548K(18048K), 0.0007180 secs] 53004K->37033K(57984K), 0.0007470 secs] [Times: user=0.01 sys=0.00, real=0.01 secs] 
98.137: Total time for which application threads were stopped: 0.0008710 seconds, Stopping threads took: 0.0000630 seconds
98.177: Application time: 0.0393890 seconds
98.177: [GC98.177: [ParNew: 17506K->1546K(18048K), 0.0009540 secs] 52991K->38055K(57984K), 0.0009870 secs] [Times: user=0.00 sys=0.00, real=0.01 secs] 
98.178: Total time for which application threads were stopped: 0.0011340 seconds, Stopping threads took: 0.0000840 seconds
98.219: Application time: 0.0413630 seconds
98.219: [GC98.219: [ParNew: 17517K->1548K(18048K), 0.0008150 secs] 54026K->38569K(57984K), 0.0008450 secs] [Times: user=0.00 sys=0.00, real=0.00 secs] 
98.220: Total time for which application threads were stopped: 0.0009920 seconds, Stopping threads took: 0.0000880 seconds
98.260: Application time: 0.0396420 seconds
98.260: [GC98.260: [ParNew: 17519K->1548K(18048K), 0.0006370 secs] 54540K->38569K(57984K), 0.0006660 secs] [Times: user=0.00 sys=0.00, real=0.00 secs] 
98.261: Total time for which application threads were stopped: 0.0007840 seconds, Stopping threads took: 0.0000610 seconds
98.300: Application time: 0.0390450 seconds
98.300: [GC98.300: [ParNew: 17512K->1546K(18048K), 0.0006680 secs] 54533K->38567K(57984K), 0.0007070 secs] [Times: user=0.00 sys=0.00, real=0.00 secs] 
98.300: Total time for which application threads were stopped: 0.0009140 seconds, Stopping threads took: 0.0001480 seconds
98.340: Application time: 0.0399620 seconds
98.341: [GC98.341: [ParNew: 17508K->1548K(18048K), 0.0008130 secs] 54529K->39081K(57984K), 0.0008450 secs] [Times: user=0.01 sys=0.00, real=0.00 secs] 
98.341: Total time for which application threads were stopped: 0.0009780 seconds, Stopping threads took: 0.0000720 seconds
98.380: Application time: 0.0381420 seconds
98.380: [GC98.380: [ParNew: 17151K->1606K(18048K), 0.0009970 secs] 54684K->40163K(57984K), 0.0010260 secs] [Times: user=0.00 sys=0.00, real=0.00 secs] 
98.381: Total time for which application threads were stopped: 0.0011880 seconds, Stopping threads took: 0.0000910 seconds
98.422: Application time: 0.0413110 seconds
98.422: [GC98.422: [ParNew: 17577K->1544K(18048K), 0.0008810 secs] 56134K->40709K(57984K), 0.0009080 secs] [Times: user=0.00 sys=0.00, real=0.00 secs] 
98.423: Total time for which application threads were stopped: 0.0010140 seconds, Stopping threads took: 0.0000470 seconds
98.463: Application time: 0.0399350 seconds
98.463: [GC98.463: [ParNew: 17159K->1094K(18048K), 0.0005570 secs] 56324K->40259K(57984K), 0.0005850 secs] [Times: user=0.00 sys=0.00, real=0.00 secs] 
98.464: Total time for which application threads were stopped: 0.0006950 seconds, Stopping threads took: 0.0000540 seconds
98.502: Application time: 0.0385760 seconds
98.502: [GC98.502: [ParNew: 17056K->1546K(18048K), 0.0006510 secs] 56222K->40799K(57984K), 0.0006800 secs] [Times: user=0.01 sys=0.00, real=0.00 secs] 
98.503: Total time for which application threads were stopped: 0.0008170 seconds, Stopping threads took: 0.0000790 seconds
98.544: Application time: 0.0412210 seconds
98.544: [GC98.544: [ParNew: 17514K->1032K(18048K), 0.0005340 secs] 56768K->40285K(57984K), 0.0005600 secs] [Times: user=0.00 sys=0.00, real=0.00 secs] 
98.545: Total time for which application threads were stopped: 0.0006790 seconds, Stopping threads took: 0.0000640 seconds
98.581: Application time: 0.0357060 seconds
98.581: [GC98.581: [ParNew: 16631K->1606K(18048K), 0.0008250 secs] 55884K->41371K(57984K), 0.0008560 secs] [Times: user=0.00 sys=0.00, real=0.00 secs] 
98.582: Total time for which application threads were stopped: 0.0011190 seconds, Stopping threads took: 0.0002040 seconds
98.622: Application time: 0.0402080 seconds
98.622: [GC98.622: [ParNew: 17568K->17568K(18048K), 0.0000100 secs]98.622: [Tenured: 39765K->7994K(39936K), 0.0051730 secs] 57334K->7994K(57984K), [Perm : 5145K->5145K(21248K)], 0.0052300 secs] [Times: user=0.01 sys=0.00, real=0.01 secs] 
98.627: Total time for which application threads were stopped: 0.0053650 seconds, Stopping threads took: 0.0000650 seconds
98.667: Application time: 0.0397650 seconds
98.667: [GC98.667: [ParNew: 15966K->1548K(18048K), 0.0009840 secs] 23961K->10567K(57984K), 0.0010150 secs] [Times: user=0.00 sys=0.00, real=0.00 secs] 
98.668: Total time for which application threads were stopped: 0.0011500 seconds, Stopping threads took: 0.0000710 seconds
98.707: Application time: 0.0384560 seconds
98.707: [GC98.707: [ParNew: 17597K->1580K(18048K), 0.0008350 secs] 26616K->11111K(57984K), 0.0008670 secs] [Times: user=0.01 sys=0.00, real=0.00 secs] 
98.708: Total time for which application threads were stopped: 0.0009980 seconds, Stopping threads took: 0.0000690 seconds
98.748: Application time: 0.0406550 seconds
98.749: [GC98.749: [ParNew: 17621K->1578K(18048K), 0.0010040 secs] 27152K->12197K(57984K), 0.0010370 secs] [Times: user=0.01 sys=0.00, real=0.00 secs] 
98.750: Total time for which application threads were stopped: 0.0011690 seconds, Stopping threads took: 0.0000670 seconds
98.789: Application time: 0.0398550 seconds
98.790: [GC98.790: [ParNew: 17549K->1546K(18048K), 0.0007960 secs] 28168K->12733K(57984K), 0.0008260 secs] [Times: user=0.01 sys=0.00, real=0.00 secs] 
98.790: Total time for which application threads were stopped: 0.0009940 seconds, Stopping threads took: 0.0001060 seconds
98.830: Application time: 0.0398000 seconds
98.830: [GC98.830: [ParNew: 17517K->1544K(18048K), 0.0005960 secs] 28704K->12731K(57984K), 0.0006250 secs] [Times: user=0.01 sys=0.00, real=0.00 secs] 
98.831: Total time for which application threads were stopped: 0.0007490 seconds, Stopping threads took: 0.0000650 seconds
98.871: Application time: 0.0403640 seconds
98.872: [GC98.872: [ParNew: 17510K->1548K(18048K), 0.0006370 secs] 28697K->12735K(57984K), 0.0006640 secs] [Times: user=0.01 sys=0.00, real=0.00 secs] 
98.872: Total time for which application threads were stopped: 0.0007910 seconds, Stopping threads took: 0.0000700 seconds
98.912: Application time: 0.0401530 seconds
98.912: [GC98.912: [ParNew: 17519K->1034K(18048K), 0.0005730 secs] 28706K->12221K(57984K), 0.0006020 secs] [Times: user=0.00 sys=0.00, real=0.00 secs] 
98.913: Total time for which application threads were stopped: 0.0007330 seconds, Stopping threads took: 0.0000640 seconds
98.952: Application time: 0.0393150 seconds
98.952: [GC98.953: [ParNew: 17000K->1032K(18048K), 0.0005230 secs] 28187K->12219K(57984K), 0.0005500 secs] [Times: user=0.00 sys=0.00, real=0.00 secs] 
98.953: Total time for which application threads were stopped: 0.0006700 seconds, Stopping threads took: 0.0000640 seconds
98.993: Application time: 0.0404210 seconds
98.994: [GC98.994: [ParNew: 17002K->518K(18048K), 0.0003950 secs] 28190K->11705K(57984K), 0.0004200 secs] [Times: user=0.00 sys=0.00, real=0.00 secs] 
98.994: Total time for which application threads were stopped: 0.0005330 seconds, Stopping threads took: 0.0000580 seconds
99.033: Application time: 0.0390210 seconds
99.033: [GC99.033: [ParNew: 16558K->1066K(18048K), 0.0005050 secs] 27746K->12253K(57984K), 0.0005370 secs] [Times: user=0.00 sys=0.00, real=0.00 secs] 
99.034: Total time for which application threads were stopped: 0.0006610 seconds, Stopping threads took: 0.0000700 seconds
99.070: Application time: 0.0366660 seconds
99.073: [GC99.073: [ParNew: 17096K->1580K(18048K), 0.0009660 secs] 28283K->13847K(57984K), 0.0009990 secs] [Times: user=0.01 sys=0.00, real=0.00 secs] 
99.074: Total time for which application threads were stopped: 0.0038770 seconds, Stopping threads took: 0.0028130 seconds
99.114: Application time: 0.0401610 seconds
99.115: [GC99.115: [ParNew: 17193K->1608K(18048K), 0.0008630 secs] 29460K->14451K(57984K), 0.0008950 secs] [Times: user=0.01 sys=0.00, real=0.00 secs] 
99.115: Total time for which application threads were stopped: 0.0010150 seconds, Stopping threads took: 0.0000610 seconds
99.155: Application time: 0.0391770 seconds
99.155: [GC99.155: [ParNew: 17574K->1548K(18048K), 0.0007710 secs] 30418K->15007K(57984K), 0.0007990 secs] [Times: user=0.00 sys=0.00, real=0.00 secs] 
99.156: Total time for which application threads were stopped: 0.0009250 seconds, Stopping threads took: 0.0000660 seconds
99.195: Application time: 0.0395420 seconds
99.195: [GC99.195: [ParNew: 17514K->1548K(18048K), 0.0007560 secs] 30974K->15519K(57984K), 0.0007850 secs] [Times: user=0.01 sys=0.00, real=0.00 secs] 
99.196: Total time for which application threads were stopped: 0.0009120 seconds, Stopping threads took: 0.0000680 seconds
99.234: Application time: 0.0375880 seconds
99.234: [GC99.234: [ParNew: 17506K->1548K(18048K), 0.0011360 secs] 31477K->17055K(57984K), 0.0011680 secs] [Times: user=0.01 sys=0.00, real=0.00 secs] 
99.235: Total time for which application threads were stopped: 0.0014060 seconds, Stopping threads took: 0.0001730 seconds
99.274: Application time: 0.0394700 seconds
99.275: [GC99.275: [ParNew: 17159K->1604K(18048K), 0.0010270 secs] 32666K->18135K(57984K), 0.0010580 secs] [Times: user=0.01 sys=0.00, real=0.00 secs] 
99.276: Total time for which application threads were stopped: 0.0011890 seconds, Stopping threads took: 0.0000680 seconds
99.315: Application time: 0.0398040 seconds
99.316: [GC99.316: [ParNew: 17575K->1546K(18048K), 0.0007880 secs] 34106K->18693K(57984K), 0.0008250 secs] [Times: user=0.00 sys=0.00, real=0.00 secs] 
99.316: Total time for which application threads were stopped: 0.0009760 seconds, Stopping threads took: 0.0000870 seconds
99.358: Application time: 0.0413710 seconds
99.358: [GC99.358: [ParNew: 17595K->1578K(18048K), 0.0006320 secs] 34742K->18725K(57984K), 0.0006610 secs] [Times: user=0.01 sys=0.00, real=0.00 secs] 
99.359: Total time for which application threads were stopped: 0.0007770 seconds, Stopping threads took: 0.0000560 seconds
99.398: Application time: 0.0396940 seconds
99.398: [GC99.398: [ParNew: 17627K->1064K(18048K), 0.0004490 secs] 34774K->18275K(57984K), 0.0004770 secs] [Times: user=0.01 sys=0.00, real=0.00 secs] 
99.399: Total time for which application threads were stopped: 0.0006060 seconds, Stopping threads took: 0.0000710 seconds
99.439: Application time: 0.0401980 seconds
99.439: [GC99.439: [ParNew: 17026K->1548K(18048K), 0.0006880 secs] 34238K->18823K(57984K), 0.0007170 secs] [Times: user=0.00 sys=0.00, real=0.00 secs] 
99.440: Total time for which application threads were stopped: 0.0008540 seconds, Stopping threads took: 0.0000700 seconds
99.478: Application time: 0.0376120 seconds
99.478: [GC99.478: [ParNew: 17506K->1546K(18048K), 0.0009540 secs] 34782K->19845K(57984K), 0.0009870 secs] [Times: user=0.01 sys=0.00, real=0.00 secs] 
99.479: Total time for which application threads were stopped: 0.0011140 seconds, Stopping threads took: 0.0000610 seconds
99.519: Application time: 0.0400500 seconds
99.519: [GC99.519: [ParNew: 17517K->1548K(18048K), 0.0007970 secs] 35816K->20359K(57984K), 0.0008250 secs] [Times: user=0.01 sys=0.00, real=0.00 secs] 
99.520: Total time for which application threads were stopped: 0.0009540 seconds, Stopping threads took: 0.0000670 seconds
99.560: Application time: 0.0399720 seconds
99.560: [GC99.560: [ParNew: 17519K->1546K(18048K), 0.0006140 secs] 36330K->20357K(57984K), 0.0006410 secs] [Times: user=0.01 sys=0.00, real=0.00 secs] 
99.560: Total time for which application threads were stopped: 0.0007550 seconds, Stopping threads took: 0.0000540 seconds
99.601: Application time: 0.0402530 seconds
99.601: [GC99.601: [ParNew: 17516K->1036K(18048K), 0.0005600 secs] 36328K->19847K(57984K), 0.0005890 secs] [Times: user=0.00 sys=0.00, real=0.00 secs] 
99.601: Total time for which application threads were stopped: 0.0007050 seconds, Stopping threads took: 0.0000610 seconds
99.641: Application time: 0.0397860 seconds
99.641: [GC99.641: [ParNew: 17002K->1034K(18048K), 0.0004470 secs] 35814K->19845K(57984K), 0.0004760 secs] [Times: user=0.00 sys=0.00, real=0.00 secs] 
99.642: Total time for which application threads were stopped: 0.0006090 seconds, Stopping threads took: 0.0000770 seconds
99.682: Application time: 0.0397480 seconds
99.682: [GC99.682: [ParNew: 17000K->1034K(18048K), 0.0004540 secs] 35812K->19845K(57984K), 0.0004810 secs] [Times: user=0.00 sys=0.00, real=0.00 secs] 
99.682: Total time for which application threads were stopped: 0.0006040 seconds, Stopping threads took: 0.0000670 seconds
99.721: Application time: 0.0384630 seconds
99.721: [GC99.721: [ParNew: 17070K->1580K(18048K), 0.0007900 secs] 35882K->20903K(57984K), 0.0008220 secs] [Times: user=0.01 sys=0.00, real=0.00 secs] 
99.722: Total time for which application threads were stopped: 0.0009440 seconds, Stopping threads took: 0.0000580 seconds
99.760: Application time: 0.0385310 seconds
99.760: [GC99.760: [ParNew: 17625K->1580K(18048K), 0.0007920 secs] 36948K->21471K(57984K), 0.0008220 secs] [Times: user=0.00 sys=0.00, real=0.00 secs] 
99.761: Total time for which application threads were stopped: 0.0009540 seconds, Stopping threads took: 0.0000710 seconds
99.800: Application time: 0.0394470 seconds
99.801: [GC99.801: [ParNew: 17191K->1606K(18048K), 0.0006480 secs] 37082K->21553K(57984K), 0.0006780 secs] [Times: user=0.00 sys=0.00, real=0.00 secs] 
99.801: Total time for which application threads were stopped: 0.0008070 seconds, Stopping threads took: 0.0000710 seconds
99.842: Application time: 0.0403020 seconds
99.842: [GC99.842: [ParNew: 17577K->1034K(18048K), 0.0004790 secs] 37524K->21093K(57984K), 0.0005140 secs] [Times: user=0.01 sys=0.00, real=0.00 secs] 
99.842: Total time for which application threads were stopped: 0.0006320 seconds, Stopping threads took: 0.0000630 seconds
99.881: Application time: 0.0383350 seconds
99.881: [GC99.881: [ParNew: 16996K->1542K(18048K), 0.0006070 secs] 37056K->21601K(57984K), 0.0006370 secs] [Times: user=0.01 sys=0.00, real=0.00 secs] 
99.881: Total time for which application threads were stopped: 0.0007590 seconds, Stopping threads took: 0.0000620 seconds
99.922: Application time: 0.0404370 seconds
99.922: [GC99.922: [ParNew: 17514K->522K(18048K), 0.0003130 secs] 37574K->20581K(57984K), 0.0003390 secs] [Times: user=0.00 sys=0.00, real=0.00 secs] 
99.922: Total time for which application threads were stopped: 0.0004440 seconds, Stopping threads took: 0.0000520 seconds
99.958: Application time: 0.0355520 seconds
99.958: [GC99.958: [ParNew: 16112K->1608K(18048K), 0.0009460 secs] 36172K->22691K(57984K), 0.0009780 secs] [Times: user=0.00 sys=0.00, real=0.00 secs] 
99.959: Total time for which application threads were stopped: 0.0011180 seconds, Stopping threads took: 0.0000690 seconds
99.999: Application time: 0.0404690 seconds
100.000: [GC100.000: [ParNew: 17657K->1578K(18048K), 0.0009080 secs] 38741K->23270K(57984K), 0.0009370 secs] [Times: user=0.00 sys=0.00, real=0.00 secs] 
100.001: Total time for which application threads were stopped: 0.0011590 seconds, Stopping threads took: 0.0001620 seconds
100.040: Application time: 0.0393360 seconds
100.041: [GC100.041: [ParNew: 17540K->1546K(18048K), 0.0009360 secs] 39232K->24325K(57984K), 0.0009640 secs] [Times: user=0.01 sys=0.00, real=0.00 secs] 
100.042: Total time for which application threads were stopped: 0.0016840 seconds, Stopping threads took: 0.0006570 seconds
100.082: Application time: 0.0401910 seconds
100.082: [GC100.082: [ParNew: 17587K->1580K(18048K), 0.0011320 secs] 40366K->25896K(57984K), 0.0011640 secs] [Times: user=0.01 sys=0.00, real=0.00 secs] 
100.083: Total time for which application threads were stopped: 0.0012950 seconds, Stopping threads took: 0.0000670 seconds
100.124: Application time: 0.0407200 seconds
100.124: [GC100.124: [ParNew: 17553K->1546K(18048K), 0.0008180 secs] 41869K->26430K(57984K), 0.0008500 secs] [Times: user=0.00 sys=0.00, real=0.00 secs] 
100.125: Total time for which application threads were stopped: 0.0009880 seconds, Stopping threads took: 0.0000750 seconds
100.164: Application time: 0.0388180 seconds
100.164: [GC100.164: [ParNew: 17510K->1548K(18048K), 0.0009800 secs] 42394K->27456K(57984K), 0.0010130 secs] [Times: user=0.01 sys=0.00, real=0.00 secs] 
100.165: Total time for which application threads were stopped: 0.0011460 seconds, Stopping threads took: 0.0000690 seconds
100.204: Application time: 0.0391820 seconds
100.204: [GC100.204: [ParNew: 17519K->1548K(18048K), 0.0007850 secs] 43427K->27968K(57984K), 0.0008160 secs] [Times: user=0.01 sys=0.00, real=0.00 secs] 
100.205: Total time for which application threads were stopped: 0.0009360 seconds, Stopping threads took: 0.0000590 seconds
100.247: Application time: 0.0417130 seconds
100.247: [GC100.247: [ParNew: 17514K->1548K(18048K), 0.0008900 secs] 43934K->28480K(57984K), 0.0009180 secs] [Times: user=0.01 sys=0.00, real=0.00 secs] 
100.248: Total time for which application threads were stopped: 0.0010750 seconds, Stopping threads took: 0.0000970 seconds
100.287: Application time: 0.0393140 seconds
100.287: [GC100.287: [ParNew: 17519K->1550K(18048K), 0.0006090 secs] 44451K->28482K(57984K), 0.0006400 secs] [Times: user=0.01 sys=0.00, real=0.00 secs] 
100.288: Total time for which application threads were stopped: 0.0007670 seconds, Stopping threads took: 0.0000680 seconds
100.326: Application time: 0.0383190 seconds
100.326: [GC100.326: [ParNew: 17508K->1550K(18048K), 0.0009350 secs] 44440K->29506K(57984K), 0.0009660 secs] [Times: user=0.01 sys=0.00, real=0.00 secs] 
100.327: Total time for which application threads were stopped: 0.0011120 seconds, Stopping threads took: 0.0000720 seconds
100.367: Application time: 0.0396160 seconds
100.367: [GC100.367: [ParNew: 17521K->1546K(18048K), 0.0007780 secs] 45477K->30014K(57984K), 0.0008090 secs] [Times: user=0.01 sys=0.00, real=0.00 secs] 
100.368: Total time for which application threads were stopped: 0.0009290 seconds, Stopping threads took: 0.0000570 seconds
100.407: Application time: 0.0396400 seconds
100.407: [GC100.407: [ParNew: 17161K->1092K(18048K), 0.0004640 secs] 45629K->29560K(57984K), 0.0004910 secs] [Times: user=0.00 sys=0.00, real=0.00 secs] 
100.408: Total time for which application threads were stopped: 0.0006080 seconds, Stopping threads took: 0.0000610 seconds
100.448: Application time: 0.0402500 seconds
100.448: [GC100.448: [ParNew: 17141K->554K(18048K), 0.0003810 secs] 45609K->29118K(57984K), 0.0004080 secs] [Times: user=0.00 sys=0.00, real=0.00 secs] 
100.449: Total time for which application threads were stopped: 0.0005600 seconds, Stopping threads took: 0.0000970 seconds
100.488: Application time: 0.0392840 seconds
100.488: [GC100.488: [ParNew: 16595K->1096K(18048K), 0.0005060 secs] 45159K->29660K(57984K), 0.0005340 secs] [Times: user=0.00 sys=0.00, real=0.00 secs] 
100.489: Total time for which application threads were stopped: 0.0006530 seconds, Stopping threads took: 0.0000540 seconds
100.527: Application time: 0.0387260 seconds
100.528: [GC100.528: [ParNew: 17054K->1544K(18048K), 0.0008100 secs] 45618K->30724K(57984K), 0.0008410 secs] [Times: user=0.01 sys=0.00, real=0.00 secs] 
100.528: Total time for which application threads were stopped: 0.0009930 seconds, Stopping threads took: 0.0000870 seconds
100.569: Application time: 0.0405990 seconds
100.569: [GC100.569: [ParNew: 17514K->1544K(18048K), 0.0006340 secs] 46695K->30724K(57984K), 0.0006640 secs] [Times: user=0.01 sys=0.00, real=0.00 secs] 
100.570: Total time for which application threads were stopped: 0.0007800 seconds, Stopping threads took: 0.0000570 seconds
100.608: Application time: 0.0378990 seconds
100.608: [GC100.608: [ParNew: 17151K->1606K(18048K), 0.0006320 secs] 46331K->30786K(57984K), 0.0006630 secs] [Times: user=0.00 sys=0.00, real=0.00 secs] 
100.608: Total time for which application threads were stopped: 0.0007880 seconds, Stopping threads took: 0.0000640 seconds
100.648: Application time: 0.0398570 seconds
100.648: [GC100.648: [ParNew: 17651K->1578K(18048K), 0.0006100 secs] 46831K->30846K(57984K), 0.0006410 secs] [Times: user=0.01 sys=0.00, real=0.00 secs] 
100.649: Total time for which application threads were stopped: 0.0007680 seconds, Stopping threads took: 0.0000660 seconds
100.688: Application time: 0.0388450 seconds
100.688: [GC100.688: [ParNew: 17540K->1548K(18048K), 0.0008070 secs] 46809K->31384K(57984K), 0.0008370 secs] [Times: user=0.01 sys=0.00, real=0.00 secs] 
100.689: Total time for which application threads were stopped: 0.0009680 seconds, Stopping threads took: 0.0000680 seconds
100.729: Application time: 0.0397860 seconds
100.729: [GC100.729: [ParNew: 17589K->1580K(18048K), 0.0009710 secs] 47425K->32440K(57984K), 0.0010050 secs] [Times: user=0.01 sys=0.00, real=0.00 secs] 
100.730: Total time for which application threads were stopped: 0.0011520 seconds, Stopping threads took: 0.0000810 seconds
100.769: Application time: 0.0394040 seconds
100.769: [GC100.769: [ParNew: 17546K->1548K(18048K), 0.0010660 secs] 48407K->33496K(57984K), 0.0010960 secs] [Times: user=0.00 sys=0.00, real=0.00 secs] 
100.771: Total time for which application threads were stopped: 0.0012310 seconds, Stopping threads took: 0.0000740 seconds
100.812: Application time: 0.0410310 seconds
100.812: [GC100.812: [ParNew: 17516K->1546K(18048K), 0.0007610 secs] 49465K->34006K(57984K), 0.0007890 secs] [Times: user=0.01 sys=0.00, real=0.00 secs] 
100.812: Total time for which application threads were stopped: 0.0009090 seconds, Stopping threads took: 0.0000620 seconds
100.853: Application time: 0.0409070 seconds
100.853: [GC100.853: [ParNew: 17519K->1032K(18048K), 0.0005290 secs] 49979K->33492K(57984K), 0.0005640 secs] [Times: user=0.00 sys=0.00, real=0.00 secs] 
100.854: Total time for which application threads were stopped: 0.0006920 seconds, Stopping threads took: 0.0000690 seconds
100.893: Application time: 0.0394340 seconds
100.894: [GC100.894: [ParNew: 16990K->1546K(18048K), 0.0007620 secs] 49450K->34518K(57984K), 0.0007920 secs] [Times: user=0.01 sys=0.00, real=0.00 secs] 
100.894: Total time for which application threads were stopped: 0.0009160 seconds, Stopping threads took: 0.0000640 seconds
100.934: Application time: 0.0394810 seconds
100.934: [GC100.934: [ParNew: 17508K->1550K(18048K), 0.0009430 secs] 50481K->35546K(57984K), 0.0009750 secs] [Times: user=0.00 sys=0.00, real=0.00 secs] 
100.935: Total time for which application threads were stopped: 0.0011240 seconds, Stopping threads took: 0.0000860 seconds
100.975: Application time: 0.0398180 seconds
100.975: [GC100.975: [ParNew: 17521K->1546K(18048K), 0.0008080 secs] 51517K->36054K(57984K), 0.0008350 secs] [Times: user=0.00 sys=0.00, real=0.00 secs] 
100.976: Total time for which application threads were stopped: 0.0009770 seconds, Stopping threads took: 0.0000830 seconds
101.017: Application time: 0.0407960 seconds
101.017: [GC101.017: [ParNew: 17517K->1548K(18048K), 0.0006620 secs] 52025K->36056K(57984K), 0.0006910 secs] [Times: user=0.00 sys=0.00, real=0.01 secs] 
101.017: Total time for which application threads were stopped: 0.0008190 seconds, Stopping threads took: 0.0000610 seconds
101.057: Application time: 0.0400220 seconds
101.058: [GC101.058: [ParNew: 17519K->1036K(18048K), 0.0004860 secs] 52027K->35544K(57984K), 0.0005140 secs] [Times: user=0.00 sys=0.00, real=0.00 secs] 
101.058: Total time for which application threads were stopped: 0.0006320 seconds, Stopping threads took: 0.0000610 seconds
101.096: Application time: 0.0376850 seconds
101.096: [GC101.096: [ParNew: 16639K->1608K(18048K), 0.0006530 secs] 51147K->36116K(57984K), 0.0006800 secs] [Times: user=0.01 sys=0.00, real=0.00 secs] 
101.097: Total time for which application threads were stopped: 0.0008040 seconds, Stopping threads took: 0.0000640 seconds
101.136: Application time: 0.0398300 seconds
101.137: [GC101.137: [ParNew: 17645K->1578K(18048K), 0.0009880 secs] 52153K->37214K(57984K), 0.0010200 secs] [Times: user=0.00 sys=0.00, real=0.01 secs] 
101.138: Total time for which application threads were stopped: 0.0011430 seconds, Stopping threads took: 0.0000610 seconds
101.176: Application time: 0.0388820 seconds
101.177: [GC101.177: [ParNew: 17623K->1578K(18048K), 0.0010240 secs] 53259K->38302K(57984K), 0.0010570 secs] [Times: user=0.01 sys=0.00, real=0.01 secs] 
101.178: Total time for which application threads were stopped: 0.0011970 seconds, Stopping threads took: 0.0000770 seconds
101.218: Application time: 0.0403850 seconds
101.221: [GC101.221: [ParNew: 17546K->1548K(18048K), 0.0008810 secs] 54271K->38848K(57984K), 0.0009130 secs] [Times: user=0.01 sys=0.00, real=0.00 secs] 
101.222: Total time for which application threads were stopped: 0.0041690 seconds, Stopping threads took: 0.0031920 seconds
101.261: Application time: 0.0386350 seconds
101.261: [GC101.261: [ParNew: 17516K->1544K(18048K), 0.0008620 secs] 54817K->39356K(57984K), 0.0008940 secs] [Times: user=0.00 sys=0.00, real=0.00 secs] 
101.262: Total time for which application threads were stopped: 0.0010320 seconds, Stopping threads took: 0.0000750 seconds
101.302: Application time: 0.0398100 seconds
101.302: [GC101.302: [ParNew: 17151K->1606K(18048K), 0.0006830 secs] 54964K->39418K(57984K), 0.0007110 secs] [Times: user=0.01 sys=0.00, real=0.00 secs] 
101.303: Total time for which application threads were stopped: 0.0008400 seconds, Stopping threads took: 0.0000710 seconds
101.343: Application time: 0.0405370 seconds
101.343: [GC101.343: [ParNew: 17653K->1578K(18048K), 0.0006410 secs] 55465K->39462K(57984K), 0.0006720 secs] [Times: user=0.00 sys=0.00, real=0.00 secs] 
101.344: Total time for which application threads were stopped: 0.0008020 seconds, Stopping threads took: 0.0000700 seconds
101.385: Application time: 0.0407900 seconds
101.385: [GC101.385: [ParNew: 17629K->552K(18048K), 0.0003580 secs] 55514K->38492K(57984K), 0.0003990 secs] [Times: user=0.00 sys=0.00, real=0.01 secs] 
101.385: Total time for which application threads were stopped: 0.0005250 seconds, Stopping threads took: 0.0000680 seconds
101.424: Application time: 0.0383370 seconds
101.424: [GC101.424: [ParNew: 16510K->1578K(18048K), 0.0007530 secs] 54451K->39519K(57984K), 0.0007810 secs] [Times: user=0.00 sys=0.00, real=0.00 secs] 
101.425: Total time for which application threads were stopped: 0.0010060 seconds, Stopping threads took: 0.0001640 seconds
101.462: Application time: 0.0374890 seconds
101.462: [GC101.462: [ParNew: 17540K->1546K(18048K), 0.0008730 secs] 55481K->40062K(57984K), 0.0009030 secs] [Times: user=0.00 sys=0.00, real=0.00 secs] 
101.463: Total time for which application threads were stopped: 0.0010230 seconds, Stopping threads took: 0.0000580 seconds
101.504: Application time: 0.0409980 seconds
101.504: [GC101.504: [ParNew: 17517K->1546K(18048K), 0.0006790 secs] 56033K->40062K(57984K), 0.0007050 secs] [Times: user=0.01 sys=0.00, real=0.00 secs] 
101.505: Total time for which application threads were stopped: 0.0008550 seconds, Stopping threads took: 0.0000910 seconds
101.546: Application time: 0.0408490 seconds
101.549: [GC101.549: [ParNew: 17508K->1546K(18048K), 0.0008410 secs] 56025K->40574K(57984K), 0.0008650 secs] [Times: user=0.01 sys=0.01, real=0.00 secs] 
101.550: Total time for which application threads were stopped: 0.0042380 seconds, Stopping threads took: 0.0033070 seconds
101.591: Application time: 0.0408590 seconds
101.591: [GC101.591: [ParNew: 17512K->1546K(18048K), 0.0008190 secs] 56541K->41087K(57984K), 0.0008500 secs] [Times: user=0.01 sys=0.00, real=0.00 secs] 
101.592: Total time for which application threads were stopped: 0.0009960 seconds, Stopping threads took: 0.0000830 seconds
101.631: Application time: 0.0392280 seconds
101.631: [GC101.631: [ParNew: 17517K->1546K(18048K), 0.0006250 secs] 57057K->41087K(57984K), 0.0006530 secs] [Times: user=0.00 sys=0.00, real=0.00 secs] 
101.632: Total time for which application threads were stopped: 0.0007750 seconds, Stopping threads took: 0.0000610 seconds
101.672: Application time: 0.0398490 seconds
101.672: [GC101.672: [ParNew: 17516K->1034K(18048K), 0.0004860 secs] 57057K->40574K(57984K), 0.0005110 secs] [Times: user=0.01 sys=0.00, real=0.00 secs] 
101.672: Total time for which application threads were stopped: 0.0006290 seconds, Stopping threads took: 0.0000620 seconds
101.713: Application time: 0.0403440 seconds
101.713: [GC101.713: [ParNew: 17004K->522K(18048K), 0.0003760 secs] 56545K->40062K(57984K), 0.0004040 secs] [Times: user=0.00 sys=0.00, real=0.00 secs] 
101.713: Total time for which application threads were stopped: 0.0005220 seconds, Stopping threads took: 0.0000640 seconds
101.751: Application time: 0.0380390 seconds
101.751: [GC101.751: [ParNew: 16484K->1034K(18048K), 0.0004580 secs] 56025K->40574K(57984K), 0.0004850 secs] [Times: user=0.01 sys=0.00, real=0.00 secs] 
101.752: Total time for which application threads were stopped: 0.0006180 seconds, Stopping threads took: 0.0000740 seconds
101.790: Application time: 0.0380000 seconds
101.790: [GC101.790: [ParNew: 16715K->1634K(18048K), 0.0007260 secs] 56256K->41175K(57984K), 0.0007550 secs] [Times: user=0.01 sys=0.00, real=0.00 secs] 
101.791: Total time for which application threads were stopped: 0.0009350 seconds, Stopping threads took: 0.0001200 seconds
101.828: Application time: 0.0368830 seconds
101.828: [GC101.828: [ParNew: 17592K->1548K(18048K), 0.0009630 secs]101.829: [Tenured: 40689K->8115K(40960K), 0.0050500 secs] 57133K->8115K(59008K), [Perm : 5145K->5145K(21248K)], 0.0061160 secs] [Times: user=0.01 sys=0.00, real=0.00 secs] 
101.834: Total time for which application threads were stopped: 0.0062730 seconds, Stopping threads took: 0.0000870 seconds
101.875: Application time: 0.0410420 seconds
101.875: [GC101.875: [ParNew: 16049K->1580K(18048K), 0.0007760 secs] 24164K->10207K(57984K), 0.0008060 secs] [Times: user=0.01 sys=0.00, real=0.00 secs] 
101.876: Total time for which application threads were stopped: 0.0009770 seconds, Stopping threads took: 0.0000990 seconds
101.916: Application time: 0.0401710 seconds
101.916: [GC101.916: [ParNew: 17546K->1546K(18048K), 0.0006130 secs] 26174K->10245K(57984K), 0.0006420 secs] [Times: user=0.00 sys=0.00, real=0.00 secs] 
101.917: Total time for which application threads were stopped: 0.0008260 seconds, Stopping threads took: 0.0001260 seconds
101.956: Application time: 0.0388410 seconds
101.956: [GC101.956: [ParNew: 17155K->1608K(18048K), 0.0006480 secs] 25854K->10307K(57984K), 0.0006770 secs] [Times: user=0.01 sys=0.00, real=0.00 secs] 
101.957: Total time for which application threads were stopped: 0.0007930 seconds, Stopping threads took: 0.0000590 seconds
101.997: Application time: 0.0400450 seconds
101.997: [GC101.997: [ParNew: 17655K->1066K(18048K), 0.0005050 secs] 26354K->9869K(57984K), 0.0005330 secs] [Times: user=0.00 sys=0.00, real=0.01 secs] 
101.997: Total time for which application threads were stopped: 0.0006740 seconds, Stopping threads took: 0.0000810 seconds
102.036: Application time: 0.0389950 seconds
102.036: [GC102.036: [ParNew: 17107K->1578K(18048K), 0.0006120 secs] 25910K->10461K(57984K), 0.0006390 secs] [Times: user=0.01 sys=0.00, real=0.00 secs] 
102.037: Total time for which application threads were stopped: 0.0007680 seconds, Stopping threads took: 0.0000700 seconds
102.078: Application time: 0.0408340 seconds
102.078: [GC102.078: [ParNew: 17549K->1032K(18048K), 0.0004790 secs] 26432K->9995K(57984K), 0.0005060 secs] [Times: user=0.01 sys=0.00, real=0.00 secs] 
102.079: Total time for which application threads were stopped: 0.0006530 seconds, Stopping threads took: 0.0000820 seconds
102.115: Application time: 0.0366520 seconds
102.115: [GC102.115: [ParNew: 16990K->1548K(18048K), 0.0008500 secs] 25954K->11023K(57984K), 0.0008790 secs] [Times: user=0.00 sys=0.00, real=0.00 secs] 
102.116: Total time for which application threads were stopped: 0.0010090 seconds, Stopping threads took: 0.0000710 seconds
102.157: Application time: 0.0407650 seconds
102.157: [GC102.157: [ParNew: 17519K->1546K(18048K), 0.0006460 secs] 26994K->11021K(57984K), 0.0006830 secs] [Times: user=0.00 sys=0.00, real=0.01 secs] 
102.158: Total time for which application threads were stopped: 0.0008090 seconds, Stopping threads took: 0.0000640 seconds
102.197: Application time: 0.0392820 seconds
102.197: [GC102.197: [ParNew: 17504K->1548K(18048K), 0.0009500 secs] 26980K->12047K(57984K), 0.0009840 secs] [Times: user=0.01 sys=0.00, real=0.00 secs] 
102.198: Total time for which application threads were stopped: 0.0011510 seconds, Stopping threads took: 0.0001000 seconds
102.236: Application time: 0.0380190 seconds
102.236: [GC102.236: [ParNew: 17519K->1548K(18048K), 0.0008110 secs] 28018K->12559K(57984K), 0.0008410 secs] [Times: user=0.01 sys=0.00, real=0.01 secs] 
102.237: Total time for which application threads were stopped: 0.0009870 seconds, Stopping threads took: 0.0000860 seconds
102.278: Application time: 0.0405700 seconds
102.278: [GC102.278: [ParNew: 17510K->1550K(18048K), 0.0009160 secs] 28522K->13585K(57984K), 0.0009470 secs] [Times: user=0.01 sys=0.00, real=0.00 secs] 
102.279: Total time for which application threads were stopped: 0.0010900 seconds, Stopping threads took: 0.0000810 seconds
102.320: Application time: 0.0409090 seconds
102.320: [GC102.320: [ParNew: 17521K->1548K(18048K), 0.0008720 secs] 29556K->14095K(57984K), 0.0009030 secs] [Times: user=0.01 sys=0.00, real=0.00 secs] 
102.321: Total time for which application threads were stopped: 0.0010240 seconds, Stopping threads took: 0.0000560 seconds
102.361: Application time: 0.0400310 seconds
102.361: [GC102.361: [ParNew: 17519K->1546K(18048K), 0.0006170 secs] 30066K->14093K(57984K), 0.0006470 secs] [Times: user=0.00 sys=0.00, real=0.00 secs] 
102.362: Total time for which application threads were stopped: 0.0007750 seconds, Stopping threads took: 0.0000690 seconds
102.400: Application time: 0.0379320 seconds
102.400: [GC102.400: [ParNew: 17512K->1546K(18048K), 0.0006650 secs] 30060K->14093K(57984K), 0.0007020 secs] [Times: user=0.00 sys=0.00, real=0.00 secs] 
102.400: Total time for which application threads were stopped: 0.0008270 seconds, Stopping threads took: 0.0000660 seconds
102.441: Application time: 0.0405580 seconds
102.441: [GC102.441: [ParNew: 17157K->1096K(18048K), 0.0004800 secs] 29704K->13643K(57984K), 0.0005090 secs] [Times: user=0.00 sys=0.01, real=0.00 secs] 
102.442: Total time for which application threads were stopped: 0.0006300 seconds, Stopping threads took: 0.0000640 seconds
102.480: Application time: 0.0381210 seconds
102.480: [GC102.480: [ParNew: 17137K->1578K(18048K), 0.0006500 secs] 29684K->14221K(57984K), 0.0006800 secs] [Times: user=0.01 sys=0.00, real=0.00 secs] 
102.481: Total time for which application threads were stopped: 0.0008110 seconds, Stopping threads took: 0.0000710 seconds
102.521: Application time: 0.0400460 seconds
102.521: [GC102.521: [ParNew: 17619K->1576K(18048K), 0.0007920 secs] 30262K->14779K(57984K), 0.0008220 secs] [Times: user=0.01 sys=0.00, real=0.00 secs] 
102.522: Total time for which application threads were stopped: 0.0009730 seconds, Stopping threads took: 0.0000900 seconds
102.562: Application time: 0.0403450 seconds
102.562: [GC102.562: [ParNew: 17547K->1546K(18048K), 0.0006080 secs] 30750K->14805K(57984K), 0.0006370 secs] [Times: user=0.01 sys=0.00, real=0.00 secs] 
102.563: Total time for which application threads were stopped: 0.0007660 seconds, Stopping threads took: 0.0000710 seconds
102.601: Application time: 0.0383860 seconds
102.601: [GC102.601: [ParNew: 17508K->1546K(18048K), 0.0008300 secs] 30768K->15317K(57984K), 0.0008610 secs] [Times: user=0.00 sys=0.00, real=0.00 secs] 
102.602: Total time for which application threads were stopped: 0.0010190 seconds, Stopping threads took: 0.0000870 seconds
102.642: Application time: 0.0394350 seconds
102.642: [GC102.642: [ParNew: 17157K->1606K(18048K), 0.0005990 secs] 30929K->15378K(57984K), 0.0006260 secs] [Times: user=0.01 sys=0.00, real=0.00 secs] 
102.642: Total time for which application threads were stopped: 0.0008500 seconds, Stopping threads took: 0.0001650 seconds
102.683: Application time: 0.0405730 seconds
102.683: [GC102.683: [ParNew: 17651K->1576K(18048K), 0.0007140 secs] 31423K->15436K(57984K), 0.0007410 secs] [Times: user=0.01 sys=0.00, real=0.00 secs] 
102.684: Total time for which application threads were stopped: 0.0008640 seconds, Stopping threads took: 0.0000640 seconds
102.723: Application time: 0.0388430 seconds
102.723: [GC102.723: [ParNew: 17617K->1578K(18048K), 0.0008310 secs] 31476K->15998K(57984K), 0.0008610 secs] [Times: user=0.00 sys=0.00, real=0.00 secs] 
102.724: Total time for which application threads were stopped: 0.0010020 seconds, Stopping threads took: 0.0000810 seconds
102.763: Application time: 0.0393030 seconds
102.763: [GC102.763: [ParNew: 17549K->1546K(18048K), 0.0008010 secs] 31968K->16038K(57984K), 0.0008290 secs] [Times: user=0.00 sys=0.00, real=0.00 secs] 
102.764: Total time for which application threads were stopped: 0.0009730 seconds, Stopping threads took: 0.0000830 seconds
102.803: Application time: 0.0389260 seconds
102.803: [GC102.803: [ParNew: 17508K->1546K(18048K), 0.0008500 secs] 32000K->16550K(57984K), 0.0008800 secs] [Times: user=0.01 sys=0.00, real=0.00 secs] 
102.804: Total time for which application threads were stopped: 0.0010210 seconds, Stopping threads took: 0.0000800 seconds
102.844: Application time: 0.0400710 seconds
102.844: [GC102.844: [ParNew: 17517K->1548K(18048K), 0.0006000 secs] 32520K->16552K(57984K), 0.0006280 secs] [Times: user=0.00 sys=0.00, real=0.00 secs] 
102.845: Total time for which application threads were stopped: 0.0007660 seconds, Stopping threads took: 0.0000790 seconds
102.884: Application time: 0.0396030 seconds
102.885: [GC102.885: [ParNew: 17514K->1544K(18048K), 0.0006200 secs] 32518K->16548K(57984K), 0.0006550 secs] [Times: user=0.00 sys=0.00, real=0.01 secs] 
102.885: Total time for which application threads were stopped: 0.0007920 seconds, Stopping threads took: 0.0000770 seconds
102.926: Application time: 0.0409740 seconds
102.926: [GC102.926: [ParNew: 17514K->1034K(18048K), 0.0004440 secs] 32518K->16038K(57984K), 0.0004780 secs] [Times: user=0.00 sys=0.00, real=0.00 secs] 
102.927: Total time for which application threads were stopped: 0.0005890 seconds, Stopping threads took: 0.0000560 seconds
102.966: Application time: 0.0394640 seconds
102.966: [GC102.966: [ParNew: 16996K->1544K(18048K), 0.0005960 secs] 32000K->16548K(57984K), 0.0006260 secs] [Times: user=0.00 sys=0.00, real=0.00 secs] 
102.967: Total time for which application threads were stopped: 0.0007470 seconds, Stopping threads took: 0.0000620 seconds
103.006: Application time: 0.0386700 seconds
103.006: [GC103.006: [ParNew: 17510K->1548K(18048K), 0.0005950 secs] 32514K->16552K(57984K), 0.0006240 secs] [Times: user=0.00 sys=0.00, real=0.00 secs] 
103.006: Total time for which application threads were stopped: 0.0007720 seconds, Stopping threads took: 0.0000910 seconds
103.046: Application time: 0.0393770 seconds
103.046: [GC103.046: [ParNew: 17506K->1548K(18048K), 0.0009970 secs] 32510K->17576K(57984K), 0.0010270 secs] [Times: user=0.00 sys=0.00, real=0.00 secs] 
103.047: Total time for which application threads were stopped: 0.0011530 seconds, Stopping threads took: 0.0000630 seconds
103.088: Application time: 0.0413460 seconds
103.088: [GC103.088: [ParNew: 17516K->1548K(18048K), 0.0008910 secs] 33544K->18088K(57984K), 0.0009190 secs] [Times: user=0.00 sys=0.00, real=0.00 secs] 
103.089: Total time for which application threads were stopped: 0.0010470 seconds, Stopping threads took: 0.0000690 seconds
103.130: Application time: 0.0408480 seconds
103.130: [GC103.130: [ParNew: 17237K->1636K(18048K), 0.0006310 secs] 33777K->18176K(57984K), 0.0006600 secs] [Times: user=0.00 sys=0.00, real=0.00 secs] 
103.131: Total time for which application threads were stopped: 0.0007990 seconds, Stopping threads took: 0.0000670 seconds
103.169: Application time: 0.0384430 seconds
103.170: [GC103.170: [ParNew: 17607K->1034K(18048K), 0.0004920 secs] 34147K->17714K(57984K), 0.0005200 secs] [Times: user=0.00 sys=0.00, real=0.00 secs] 
103.170: Total time for which application threads were stopped: 0.0006300 seconds, Stopping threads took: 0.0000520 seconds
103.211: Application time: 0.0404630 seconds
103.211: [GC103.211: [ParNew: 17079K->1064K(18048K), 0.0004660 secs] 33759K->17744K(57984K), 0.0004950 secs] [Times: user=0.00 sys=0.00, real=0.00 secs] 
103.211: Total time for which application threads were stopped: 0.0006080 seconds, Stopping threads took: 0.0000540 seconds
103.249: Application time: 0.0381370 seconds
103.249: [GC103.249: [ParNew: 17022K->1546K(18048K), 0.0008790 secs] 33702K->18794K(57984K), 0.0009110 secs] [Times: user=0.00 sys=0.00, real=0.00 secs] 
103.250: Total time for which application threads were stopped: 0.0010420 seconds, Stopping threads took: 0.0000680 seconds
103.290: Application time: 0.0398540 seconds
103.290: [GC103.290: [ParNew: 17591K->1576K(18048K), 0.0006710 secs] 34839K->18824K(57984K), 0.0007010 secs] [Times: user=0.00 sys=0.00, real=0.00 secs] 
103.291: Total time for which application threads were stopped: 0.0009010 seconds, Stopping threads took: 0.0001400 seconds
103.331: Application time: 0.0403510 seconds
103.332: [GC103.332: [ParNew: 17189K->1094K(18048K), 0.0005540 secs] 34437K->18406K(57984K), 0.0005810 secs] [Times: user=0.00 sys=0.00, real=0.00 secs] 
103.332: Total time for which application threads were stopped: 0.0007060 seconds, Stopping threads took: 0.0000690 seconds
103.370: Application time: 0.0377420 seconds
103.370: [GC103.370: [ParNew: 17135K->1576K(18048K), 0.0006580 secs] 34447K->18992K(57984K), 0.0006890 secs] [Times: user=0.01 sys=0.00, real=0.00 secs] 
103.371: Total time for which application threads were stopped: 0.0008660 seconds, Stopping threads took: 0.0001170 seconds
103.410: Application time: 0.0396360 seconds
103.411: [GC103.411: [ParNew: 17534K->1550K(18048K), 0.0009360 secs] 34950K->20054K(57984K), 0.0009690 secs] [Times: user=0.01 sys=0.00, real=0.00 secs] 
103.412: Total time for which application threads were stopped: 0.0011140 seconds, Stopping threads took: 0.0000700 seconds
103.451: Application time: 0.0390990 seconds
103.451: [GC103.451: [ParNew: 17516K->1546K(18048K), 0.0009530 secs] 36021K->21074K(57984K), 0.0009860 secs] [Times: user=0.01 sys=0.00, real=0.00 secs] 
103.452: Total time for which application threads were stopped: 0.0011220 seconds, Stopping threads took: 0.0000720 seconds
103.492: Application time: 0.0404790 seconds
103.492: [GC103.492: [ParNew: 17517K->1546K(18048K), 0.0007740 secs] 37045K->21586K(57984K), 0.0008060 secs] [Times: user=0.01 sys=0.00, real=0.00 secs] 
103.493: Total time for which application threads were stopped: 0.0009580 seconds, Stopping threads took: 0.0000810 seconds
103.534: Application time: 0.0406850 seconds
103.534: [GC103.534: [ParNew: 17517K->1548K(18048K), 0.0006310 secs] 37557K->21588K(57984K), 0.0006580 secs] [Times: user=0.01 sys=0.00, real=0.00 secs] 
103.535: Total time for which application threads were stopped: 0.0007810 seconds, Stopping threads took: 0.0000640 seconds
103.575: Application time: 0.0406550 seconds
103.575: [GC103.575: [ParNew: 17521K->522K(18048K), 0.0003260 secs] 37561K->20562K(57984K), 0.0003520 secs] [Times: user=0.01 sys=0.00, real=0.00 secs] 
103.576: Total time for which application threads were stopped: 0.0004740 seconds, Stopping threads took: 0.0000680 seconds
103.615: Application time: 0.0391980 seconds
103.615: [GC103.615: [ParNew: 16488K->522K(18048K), 0.0002990 secs] 36529K->20562K(57984K), 0.0003230 secs] [Times: user=0.00 sys=0.00, real=0.00 secs] 
103.615: Total time for which application threads were stopped: 0.0004340 seconds, Stopping threads took: 0.0000580 seconds
103.652: Application time: 0.0370100 seconds
103.653: [GC103.653: [ParNew: 16468K->1548K(18048K), 0.0012240 secs] 36508K->23124K(57984K), 0.0012580 secs] [Times: user=0.00 sys=0.00, real=0.00 secs] 
103.654: Total time for which application threads were stopped: 0.0014030 seconds, Stopping threads took: 0.0000720 seconds
103.693: Application time: 0.0393300 seconds
103.693: [GC103.693: [ParNew: 17519K->1550K(18048K), 0.0009490 secs] 39095K->24150K(57984K), 0.0009800 secs] [Times: user=0.01 sys=0.00, real=0.00 secs] 
103.694: Total time for which application threads were stopped: 0.0011110 seconds, Stopping threads took: 0.0000690 seconds
103.735: Application time: 0.0403710 seconds
103.735: [GC103.735: [ParNew: 17521K->1548K(18048K), 0.0008270 secs] 40121K->24660K(57984K), 0.0008560 secs] [Times: user=0.01 sys=0.00, real=0.00 secs] 
103.736: Total time for which application threads were stopped: 0.0009860 seconds, Stopping threads took: 0.0000710 seconds
103.776: Application time: 0.0402710 seconds
103.776: [GC103.776: [ParNew: 17521K->1032K(18048K), 0.0004790 secs] 40633K->24144K(57984K), 0.0005060 secs] [Times: user=0.00 sys=0.00, real=0.00 secs] 
103.777: Total time for which application threads were stopped: 0.0007180 seconds, Stopping threads took: 0.0001570 seconds
103.813: Application time: 0.0365870 seconds
103.813: [GC103.813: [ParNew: 16705K->1636K(18048K), 0.0009950 secs] 39817K->25772K(57984K), 0.0010290 secs] [Times: user=0.01 sys=0.00, real=0.00 secs] 
103.814: Total time for which application threads were stopped: 0.0012220 seconds, Stopping threads took: 0.0001260 seconds
103.854: Application time: 0.0399960 seconds
103.855: [GC103.855: [ParNew: 17603K->1548K(18048K), 0.0009750 secs] 41739K->26844K(57984K), 0.0010070 secs] [Times: user=0.01 sys=0.00, real=0.00 secs] 
103.856: Total time for which application threads were stopped: 0.0011420 seconds, Stopping threads took: 0.0000710 seconds
103.897: Application time: 0.0409400 seconds
103.897: [GC103.897: [ParNew: 17599K->1578K(18048K), 0.0006470 secs] 42895K->26874K(57984K), 0.0006770 secs] [Times: user=0.01 sys=0.00, real=0.01 secs] 
103.897: Total time for which application threads were stopped: 0.0007860 seconds, Stopping threads took: 0.0000500 seconds
103.936: Application time: 0.0389070 seconds
103.936: [GC103.936: [ParNew: 17544K->1546K(18048K), 0.0006540 secs] 42841K->26898K(57984K), 0.0006930 secs] [Times: user=0.00 sys=0.00, real=0.00 secs] 
103.937: Total time for which application threads were stopped: 0.0008490 seconds, Stopping threads took: 0.0000940 seconds
103.976: Application time: 0.0390020 seconds
103.976: [GC103.976: [ParNew: 17157K->1096K(18048K), 0.0004610 secs] 42510K->26448K(57984K), 0.0004880 secs] [Times: user=0.00 sys=0.00, real=0.00 secs] 
103.977: Total time for which application threads were stopped: 0.0006160 seconds, Stopping threads took: 0.0000730 seconds
104.015: Application time: 0.0379900 seconds
104.015: [GC104.015: [ParNew: 16698K->1608K(18048K), 0.0006610 secs] 42051K->27052K(57984K), 0.0006910 secs] [Times: user=0.01 sys=0.00, real=0.00 secs] 
104.015: Total time for which application threads were stopped: 0.0008010 seconds, Stopping threads took: 0.0000500 seconds
104.054: Application time: 0.0384180 seconds
104.054: [GC104.054: [ParNew: 17574K->1546K(18048K), 0.0006640 secs] 43019K->27094K(57984K), 0.0006930 secs] [Times: user=0.00 sys=0.00, real=0.00 secs] 
104.055: Total time for which application threads were stopped: 0.0008430 seconds, Stopping threads took: 0.0000910 seconds
104.095: Application time: 0.0402330 seconds
104.096: [GC104.096: [ParNew: 17512K->1546K(18048K), 0.0008110 secs] 43061K->27094K(57984K), 0.0008530 secs] [Times: user=0.01 sys=0.00, real=0.00 secs] 
104.096: Total time for which application threads were stopped: 0.0014230 seconds, Stopping threads took: 0.0004980 seconds
104.136: Application time: 0.0399570 seconds
104.136: [GC104.136: [ParNew: 17512K->1546K(18048K), 0.0005990 secs] 43061K->27094K(57984K), 0.0006260 secs] [Times: user=0.00 sys=0.00, real=0.00 secs] 
104.137: Total time for which application threads were stopped: 0.0007500 seconds, Stopping threads took: 0.0000660 seconds
104.177: Application time: 0.0395650 seconds
104.177: [GC104.177: [ParNew: 17516K->1036K(18048K), 0.0004430 secs] 43065K->26584K(57984K), 0.0004710 secs] [Times: user=0.00 sys=0.00, real=0.01 secs] 
104.177: Total time for which application threads were stopped: 0.0006030 seconds, Stopping threads took: 0.0000680 seconds
104.217: Application time: 0.0401940 seconds
104.218: [GC104.218: [ParNew: 17002K->1034K(18048K), 0.0004830 secs] 42551K->26582K(57984K), 0.0005100 secs] [Times: user=0.00 sys=0.00, real=0.00 secs] 
104.218: Total time for which application threads were stopped: 0.0006350 seconds, Stopping threads took: 0.0000690 seconds
104.257: Application time: 0.0387200 seconds
104.257: [GC104.257: [ParNew: 17004K->522K(18048K), 0.0003310 secs] 42553K->26070K(57984K), 0.0003580 secs] [Times: user=0.01 sys=0.00, real=0.01 secs] 
104.257: Total time for which application threads were stopped: 0.0005020 seconds, Stopping threads took: 0.0000900 seconds
104.293: Application time: 0.0358050 seconds
104.293: [GC104.293: [ParNew: 16472K->1548K(18048K), 0.0009520 secs] 42020K->28120K(57984K), 0.0009860 secs] [Times: user=0.01 sys=0.00, real=0.00 secs] 
104.294: Total time for which application threads were stopped: 0.0011250 seconds, Stopping threads took: 0.0000750 seconds
104.335: Application time: 0.0409660 seconds
104.335: [GC104.335: [ParNew: 17519K->1546K(18048K), 0.0008330 secs] 44091K->28630K(57984K), 0.0008600 secs] [Times: user=0.01 sys=0.00, real=0.00 secs] 
104.336: Total time for which application threads were stopped: 0.0009920 seconds, Stopping threads took: 0.0000700 seconds
104.377: Application time: 0.0405070 seconds
104.377: [GC104.377: [ParNew: 17517K->1548K(18048K), 0.0006560 secs] 44601K->28632K(57984K), 0.0006870 secs] [Times: user=0.01 sys=0.00, real=0.01 secs] 
104.378: Total time for which application threads were stopped: 0.0008180 seconds, Stopping threads took: 0.0000730 seconds
104.417: Application time: 0.0391140 seconds
104.417: [GC104.417: [ParNew: 17514K->1548K(18048K), 0.0006030 secs] 44599K->28632K(57984K), 0.0006310 secs] [Times: user=0.01 sys=0.00, real=0.01 secs] 
104.418: Total time for which application threads were stopped: 0.0008180 seconds, Stopping threads took: 0.0001280 seconds
104.457: Application time: 0.0393270 seconds
104.457: [GC104.457: [ParNew: 17159K->1094K(18048K), 0.0005670 secs] 44244K->28179K(57984K), 0.0005980 secs] [Times: user=0.00 sys=0.00, real=0.01 secs] 
104.458: Total time for which application threads were stopped: 0.0007870 seconds, Stopping threads took: 0.0001320 seconds
104.496: Application time: 0.0388780 seconds
104.497: [GC104.497: [ParNew: 17130K->1576K(18048K), 0.0008460 secs] 44215K->29277K(57984K), 0.0008750 secs] [Times: user=0.00 sys=0.00, real=0.01 secs] 
104.498: Total time for which application threads were stopped: 0.0010110 seconds, Stopping threads took: 0.0000730 seconds
104.538: Application time: 0.0401140 seconds
104.538: [GC104.538: [ParNew: 17621K->1578K(18048K), 0.0008580 secs] 45322K->29847K(57984K), 0.0008890 secs] [Times: user=0.01 sys=0.00, real=0.00 secs] 
104.539: Total time for which application threads were stopped: 0.0010110 seconds, Stopping threads took: 0.0000610 seconds
104.579: Application time: 0.0405200 seconds
104.579: [GC104.579: [ParNew: 17544K->1548K(18048K), 0.0008040 secs] 45813K->30393K(57984K), 0.0008320 secs] [Times: user=0.01 sys=0.00, real=0.00 secs] 
104.580: Total time for which application threads were stopped: 0.0009440 seconds, Stopping threads took: 0.0000530 seconds
104.619: Application time: 0.0386890 seconds
104.619: [GC104.619: [ParNew: 17514K->1546K(18048K), 0.0008490 secs] 46359K->30903K(57984K), 0.0008790 secs] [Times: user=0.00 sys=0.00, real=0.00 secs] 
104.620: Total time for which application threads were stopped: 0.0010100 seconds, Stopping threads took: 0.0000710 seconds
104.659: Application time: 0.0394850 seconds
104.659: [GC104.659: [ParNew: 17235K->1636K(18048K), 0.0006270 secs] 46592K->30993K(57984K), 0.0006530 secs] [Times: user=0.00 sys=0.00, real=0.00 secs] 
104.660: Total time for which application threads were stopped: 0.0007690 seconds, Stopping threads took: 0.0000540 seconds
104.699: Application time: 0.0391980 seconds
104.699: [GC104.699: [ParNew: 17681K->1578K(18048K), 0.0006330 secs] 47038K->31063K(57984K), 0.0006620 secs] [Times: user=0.01 sys=0.00, real=0.00 secs] 
104.700: Total time for which application threads were stopped: 0.0008020 seconds, Stopping threads took: 0.0000700 seconds
104.739: Application time: 0.0389940 seconds
104.739: [GC104.739: [ParNew: 17544K->1548K(18048K), 0.0006270 secs] 47030K->31097K(57984K), 0.0006550 secs] [Times: user=0.01 sys=0.00, real=0.00 secs] 
104.740: Total time for which application threads were stopped: 0.0007850 seconds, Stopping threads took: 0.0000690 seconds
104.780: Application time: 0.0396940 seconds
104.780: [GC104.780: [ParNew: 17510K->1548K(18048K), 0.0007630 secs] 47059K->31609K(57984K), 0.0007950 secs] [Times: user=0.01 sys=0.00, real=0.00 secs] 
104.780: Total time for which application threads were stopped: 0.0009380 seconds, Stopping threads took: 0.0000800 seconds
104.819: Application time: 0.0389350 seconds
104.820: [GC104.820: [ParNew: 17514K->1544K(18048K), 0.0008590 secs] 47576K->32117K(57984K), 0.0008870 secs] [Times: user=0.01 sys=0.00, real=0.00 secs] 
104.820: Total time for which application threads were stopped: 0.0010120 seconds, Stopping threads took: 0.0000640 seconds
104.859: Application time: 0.0389060 seconds
104.860: [GC104.860: [ParNew: 17510K->1546K(18048K), 0.0008770 secs] 48084K->32631K(57984K), 0.0009080 secs] [Times: user=0.00 sys=0.00, real=0.00 secs] 
104.860: Total time for which application threads were stopped: 0.0011190 seconds, Stopping threads took: 0.0001510 seconds
104.901: Application time: 0.0402400 seconds
104.901: [GC104.901: [ParNew: 17512K->1546K(18048K), 0.0007880 secs] 48598K->33143K(57984K), 0.0008180 secs] [Times: user=0.01 sys=0.00, real=0.00 secs] 
104.902: Total time for which application threads were stopped: 0.0009520 seconds, Stopping threads took: 0.0000720 seconds
104.941: Application time: 0.0391740 seconds
104.941: [GC104.941: [ParNew: 17512K->1546K(18048K), 0.0007860 secs] 49110K->33655K(57984K), 0.0008170 secs] [Times: user=0.01 sys=0.00, real=0.00 secs] 
104.942: Total time for which application threads were stopped: 0.0009660 seconds, Stopping threads took: 0.0000800 seconds
104.982: Application time: 0.0400180 seconds
104.982: [GC104.982: [ParNew: 17514K->1544K(18048K), 0.0006040 secs] 49624K->33653K(57984K), 0.0006310 secs] [Times: user=0.01 sys=0.00, real=0.00 secs] 
104.983: Total time for which application threads were stopped: 0.0007630 seconds, Stopping threads took: 0.0000740 seconds
105.023: Application time: 0.0404430 seconds
105.023: [GC105.023: [ParNew: 17510K->1546K(18048K), 0.0006610 secs] 49620K->33655K(57984K), 0.0006920 secs] [Times: user=0.00 sys=0.00, real=0.00 secs] 
105.024: Total time for which application threads were stopped: 0.0008320 seconds, Stopping threads took: 0.0000800 seconds
105.064: Application time: 0.0402690 seconds
105.064: [GC105.064: [ParNew: 17514K->1034K(18048K), 0.0005040 secs] 49624K->33143K(57984K), 0.0005320 secs] [Times: user=0.01 sys=0.00, real=0.00 secs] 
105.065: Total time for which application threads were stopped: 0.0007320 seconds, Stopping threads took: 0.0001400 seconds
105.101: Application time: 0.0365710 seconds
105.102: [GC105.102: [ParNew: 16988K->1546K(18048K), 0.0009480 secs] 49097K->34679K(57984K), 0.0009800 secs] [Times: user=0.00 sys=0.00, real=0.00 secs] 
105.103: Total time for which application threads were stopped: 0.0011180 seconds, Stopping threads took: 0.0000750 seconds
105.141: Application time: 0.0389190 seconds
105.142: [GC105.142: [ParNew: 17235K->1636K(18048K), 0.0008360 secs] 50369K->35281K(57984K), 0.0008680 secs] [Times: user=0.01 sys=0.00, real=0.00 secs] 
105.143: Total time for which application threads were stopped: 0.0010210 seconds, Stopping threads took: 0.0000910 seconds
105.182: Application time: 0.0391360 seconds
105.182: [GC105.182: [ParNew: 17603K->1546K(18048K), 0.0008520 secs] 51248K->35835K(57984K), 0.0008850 secs] [Times: user=0.01 sys=0.00, real=0.00 secs] 
105.183: Total time for which application threads were stopped: 0.0010310 seconds, Stopping threads took: 0.0000850 seconds
105.222: Application time: 0.0393570 seconds
105.222: [GC105.222: [ParNew: 17587K->1576K(18048K), 0.0009450 secs] 51876K->36889K(57984K), 0.0009800 secs] [Times: user=0.01 sys=0.00, real=0.00 secs] 
105.223: Total time for which application threads were stopped: 0.0011220 seconds, Stopping threads took: 0.0000710 seconds
105.262: Application time: 0.0393010 seconds
105.263: [GC105.263: [ParNew: 17542K->1546K(18048K), 0.0009850 secs] 52856K->37947K(57984K), 0.0010150 secs] [Times: user=0.01 sys=0.00, real=0.00 secs] 
105.264: Total time for which application threads were stopped: 0.0011370 seconds, Stopping threads took: 0.0000580 seconds
105.303: Application time: 0.0396910 seconds
105.303: [GC105.303: [ParNew: 17157K->1606K(18048K), 0.0008500 secs] 53558K->38519K(57984K), 0.0008820 secs] [Times: user=0.00 sys=0.00, real=0.00 secs] 
105.304: Total time for which application threads were stopped: 0.0010050 seconds, Stopping threads took: 0.0000600 seconds
105.342: Application time: 0.0380510 seconds
105.342: [GC105.342: [ParNew: 17217K->1606K(18048K), 0.0007210 secs] 54130K->38615K(57984K), 0.0007510 secs] [Times: user=0.00 sys=0.00, real=0.00 secs] 
105.343: Total time for which application threads were stopped: 0.0008740 seconds, Stopping threads took: 0.0000640 seconds
105.384: Application time: 0.0403620 seconds
105.384: [GC105.384: [ParNew: 17577K->1036K(18048K), 0.0004820 secs] 54586K->38149K(57984K), 0.0005100 secs] [Times: user=0.00 sys=0.00, real=0.00 secs] 
105.384: Total time for which application threads were stopped: 0.0006360 seconds, Stopping threads took: 0.0000700 seconds
105.424: Application time: 0.0399430 seconds
105.424: [GC105.424: [ParNew: 17002K->1034K(18048K), 0.0005310 secs] 54116K->38147K(57984K), 0.0005570 secs] [Times: user=0.01 sys=0.00, real=0.00 secs] 
105.425: Total time for which application threads were stopped: 0.0007770 seconds, Stopping threads took: 0.0001660 seconds
105.461: Application time: 0.0365060 seconds
105.462: [GC105.462: [ParNew: 16988K->1548K(18048K), 0.0010930 secs] 54101K->39685K(57984K), 0.0011270 secs] [Times: user=0.01 sys=0.00, real=0.00 secs] 
105.463: Total time for which application threads were stopped: 0.0012710 seconds, Stopping threads took: 0.0000780 seconds
105.503: Application time: 0.0406710 seconds
105.504: [GC105.504: [ParNew: 17519K->1548K(18048K), 0.0007670 secs] 55656K->40197K(57984K), 0.0007990 secs] [Times: user=0.00 sys=0.00, real=0.00 secs] 
105.504: Total time for which application threads were stopped: 0.0009480 seconds, Stopping threads took: 0.0000890 seconds
105.545: Application time: 0.0403740 seconds
105.545: [GC105.545: [ParNew: 17519K->1546K(18048K), 0.0006750 secs] 56168K->40195K(57984K), 0.0007070 secs] [Times: user=0.00 sys=0.00, real=0.01 secs] 
105.546: Total time for which application threads were stopped: 0.0008590 seconds, Stopping threads took: 0.0000910 seconds
105.587: Application time: 0.0410710 seconds
105.587: [GC105.587: [ParNew: 17517K->1034K(18048K), 0.0004850 secs] 56166K->39683K(57984K), 0.0005100 secs] [Times: user=0.00 sys=0.00, real=0.00 secs] 
105.587: Total time for which application threads were stopped: 0.0006300 seconds, Stopping threads took: 0.0000660 seconds
105.625: Application time: 0.0372860 seconds
105.625: [GC105.625: [ParNew: 16992K->1548K(18048K), 0.0006240 secs] 55642K->40197K(57984K), 0.0006520 secs] [Times: user=0.00 sys=0.00, real=0.01 secs] 
105.625: Total time for which application threads were stopped: 0.0008330 seconds, Stopping threads took: 0.0001190 seconds
105.664: Application time: 0.0384060 seconds
105.664: [GC105.664: [ParNew: 17504K->1548K(18048K), 0.0011490 secs]105.665: [Tenured: 40185K->9801K(40452K), 0.0051600 secs] 56154K->9801K(58500K), [Perm : 5145K->5145K(21248K)], 0.0063930 secs] [Times: user=0.01 sys=0.00, real=0.01 secs] 
105.670: Total time for which application threads were stopped: 0.0065250 seconds, Stopping threads took: 0.0000620 seconds
105.712: Application time: 0.0411720 seconds
105.712: [GC105.712: [ParNew: 15970K->1546K(18048K), 0.0009860 secs] 25772K->12371K(57984K), 0.0010160 secs] [Times: user=0.01 sys=0.00, real=0.00 secs] 
105.713: Total time for which application threads were stopped: 0.0011870 seconds, Stopping threads took: 0.0001090 seconds
105.753: Application time: 0.0402070 seconds
105.753: [GC105.753: [ParNew: 17517K->1548K(18048K), 0.0007920 secs] 28342K->12885K(57984K), 0.0008210 secs] [Times: user=0.01 sys=0.00, real=0.00 secs] 
105.754: Total time for which application threads were stopped: 0.0009490 seconds, Stopping threads took: 0.0000600 seconds
105.795: Application time: 0.0410000 seconds
105.795: [GC105.795: [ParNew: 17521K->1032K(18048K), 0.0004990 secs] 28858K->12369K(57984K), 0.0005250 secs] [Times: user=0.01 sys=0.00, real=0.00 secs] 
105.796: Total time for which application threads were stopped: 0.0006410 seconds, Stopping threads took: 0.0000610 seconds
105.831: Application time: 0.0358900 seconds
105.832: [GC105.832: [ParNew: 16705K->1634K(18048K), 0.0009470 secs] 28042K->13995K(57984K), 0.0009800 secs] [Times: user=0.01 sys=0.00, real=0.00 secs] 
105.833: Total time for which application threads were stopped: 0.0011270 seconds, Stopping threads took: 0.0000840 seconds
105.871: Application time: 0.0380150 seconds
105.871: [GC105.871: [ParNew: 17596K->1548K(18048K), 0.0011730 secs] 29958K->15573K(57984K), 0.0012080 secs] [Times: user=0.00 sys=0.00, real=0.00 secs] 
105.872: Total time for which application threads were stopped: 0.0013660 seconds, Stopping threads took: 0.0000900 seconds
105.913: Application time: 0.0411040 seconds
105.913: [GC105.913: [ParNew: 17597K->1576K(18048K), 0.0010000 secs] 31622K->16625K(57984K), 0.0010330 secs] [Times: user=0.01 sys=0.01, real=0.00 secs] 
105.914: Total time for which application threads were stopped: 0.0011550 seconds, Stopping threads took: 0.0000600 seconds
105.954: Application time: 0.0398300 seconds
105.954: [GC105.954: [ParNew: 17625K->1578K(18048K), 0.0007870 secs] 32674K->17211K(57984K), 0.0008170 secs] [Times: user=0.00 sys=0.00, real=0.00 secs] 
105.955: Total time for which application threads were stopped: 0.0009620 seconds, Stopping threads took: 0.0000740 seconds
105.994: Application time: 0.0386280 seconds
105.994: [GC105.994: [ParNew: 17189K->1606K(18048K), 0.0006340 secs] 32823K->17311K(57984K), 0.0006640 secs] [Times: user=0.00 sys=0.00, real=0.00 secs] 
105.994: Total time for which application threads were stopped: 0.0007780 seconds, Stopping threads took: 0.0000540 seconds
106.035: Application time: 0.0402360 seconds
106.035: [GC106.035: [ParNew: 17655K->1064K(18048K), 0.0004690 secs] 33360K->16881K(57984K), 0.0004960 secs] [Times: user=0.00 sys=0.00, real=0.00 secs] 
106.035: Total time for which application threads were stopped: 0.0007140 seconds, Stopping threads took: 0.0001610 seconds
106.073: Application time: 0.0376900 seconds
106.073: [GC106.073: [ParNew: 17018K->1548K(18048K), 0.0011550 secs] 32836K->18445K(57984K), 0.0011890 secs] [Times: user=0.00 sys=0.00, real=0.00 secs] 
106.074: Total time for which application threads were stopped: 0.0014310 seconds, Stopping threads took: 0.0001670 seconds
106.116: Application time: 0.0411430 seconds
106.116: [GC106.116: [ParNew: 17516K->1548K(18048K), 0.0007540 secs] 34414K->18957K(57984K), 0.0007820 secs] [Times: user=0.00 sys=0.00, real=0.00 secs] 
106.117: Total time for which application threads were stopped: 0.0009200 seconds, Stopping threads took: 0.0000760 seconds
106.156: Application time: 0.0395980 seconds
106.156: [GC106.156: [ParNew: 17514K->1548K(18048K), 0.0008730 secs] 34924K->19469K(57984K), 0.0009080 secs] [Times: user=0.01 sys=0.00, real=0.00 secs] 
106.157: Total time for which application threads were stopped: 0.0010470 seconds, Stopping threads took: 0.0000660 seconds
106.198: Application time: 0.0406300 seconds
106.198: [GC106.198: [ParNew: 17519K->1544K(18048K), 0.0007170 secs] 35440K->19465K(57984K), 0.0007480 secs] [Times: user=0.00 sys=0.00, real=0.00 secs] 
106.199: Total time for which application threads were stopped: 0.0008690 seconds, Stopping threads took: 0.0000590 seconds
106.239: Application time: 0.0402690 seconds
106.239: [GC106.239: [ParNew: 17514K->1034K(18048K), 0.0005140 secs] 35436K->18955K(57984K), 0.0005420 secs] [Times: user=0.00 sys=0.00, real=0.00 secs] 
106.240: Total time for which application threads were stopped: 0.0006660 seconds, Stopping threads took: 0.0000670 seconds
106.279: Application time: 0.0395830 seconds
106.279: [GC106.279: [ParNew: 17000K->1034K(18048K), 0.0005410 secs] 34922K->18955K(57984K), 0.0005700 secs] [Times: user=0.00 sys=0.00, real=0.00 secs] 
106.280: Total time for which application threads were stopped: 0.0006970 seconds, Stopping threads took: 0.0000620 seconds
106.316: Application time: 0.0357640 seconds
106.316: [GC106.316: [ParNew: 16984K->1550K(18048K), 0.0011430 secs] 34905K->21007K(57984K), 0.0011780 secs] [Times: user=0.01 sys=0.00, real=0.00 secs] 
106.317: Total time for which application threads were stopped: 0.0013190 seconds, Stopping threads took: 0.0000760 seconds
106.357: Application time: 0.0395320 seconds
106.357: [GC106.357: [ParNew: 17516K->1548K(18048K), 0.0011530 secs] 36974K->22541K(57984K), 0.0011860 secs] [Times: user=0.01 sys=0.00, real=0.01 secs] 
106.358: Total time for which application threads were stopped: 0.0013310 seconds, Stopping threads took: 0.0000800 seconds
106.398: Application time: 0.0405980 seconds
106.399: [GC106.399: [ParNew: 17521K->1546K(18048K), 0.0006580 secs] 38514K->22539K(57984K), 0.0006880 secs] [Times: user=0.00 sys=0.00, real=0.00 secs] 
106.399: Total time for which application threads were stopped: 0.0009100 seconds, Stopping threads took: 0.0001610 seconds
106.440: Application time: 0.0405100 seconds
106.440: [GC106.440: [ParNew: 17510K->1546K(18048K), 0.0007540 secs] 38504K->23051K(57984K), 0.0007860 secs] [Times: user=0.00 sys=0.00, real=0.00 secs] 
106.441: Total time for which application threads were stopped: 0.0009360 seconds, Stopping threads took: 0.0000870 seconds
106.481: Application time: 0.0400090 seconds
106.481: [GC106.481: [ParNew: 17599K->554K(18048K), 0.0003310 secs] 39105K->22059K(57984K), 0.0003650 secs] [Times: user=0.00 sys=0.00, real=0.00 secs] 
106.481: Total time for which application threads were stopped: 0.0004760 seconds, Stopping threads took: 0.0000570 seconds
106.517: Application time: 0.0354780 seconds
106.517: [GC106.517: [ParNew: 16140K->1636K(18048K), 0.0012500 secs] 37646K->24678K(57984K), 0.0012860 secs] [Times: user=0.01 sys=0.00, real=0.01 secs] 
106.518: Total time for which application threads were stopped: 0.0014460 seconds, Stopping threads took: 0.0000930 seconds
106.558: Application time: 0.0399760 seconds
106.558: [GC106.558: [ParNew: 17607K->1546K(18048K), 0.0010590 secs] 40649K->25732K(57984K), 0.0010900 secs] [Times: user=0.00 sys=0.00, real=0.00 secs] 
106.559: Total time for which application threads were stopped: 0.0012390 seconds, Stopping threads took: 0.0000850 seconds
106.599: Application time: 0.0397250 seconds
106.599: [GC106.599: [ParNew: 17161K->1608K(18048K), 0.0006370 secs] 41347K->25794K(57984K), 0.0006660 secs] [Times: user=0.01 sys=0.00, real=0.00 secs] 
106.600: Total time for which application threads were stopped: 0.0007990 seconds, Stopping threads took: 0.0000730 seconds
106.640: Application time: 0.0396200 seconds
106.640: [GC106.640: [ParNew: 17219K->1096K(18048K), 0.0004910 secs] 41405K->25386K(57984K), 0.0005190 secs] [Times: user=0.01 sys=0.00, real=0.00 secs] 
106.640: Total time for which application threads were stopped: 0.0006490 seconds, Stopping threads took: 0.0000720 seconds
106.680: Application time: 0.0395360 seconds
106.680: [GC106.680: [ParNew: 17067K->522K(18048K), 0.0003520 secs] 41357K->24916K(57984K), 0.0003790 secs] [Times: user=0.01 sys=0.00, real=0.00 secs] 
106.680: Total time for which application threads were stopped: 0.0004910 seconds, Stopping threads took: 0.0000580 seconds
106.716: Application time: 0.0360220 seconds
106.716: [GC106.716: [ParNew: 16546K->1580K(18048K), 0.0009790 secs] 40940K->26998K(57984K), 0.0010100 secs] [Times: user=0.01 sys=0.00, real=0.01 secs] 
106.717: Total time for which application threads were stopped: 0.0011520 seconds, Stopping threads took: 0.0000810 seconds
106.757: Application time: 0.0393060 seconds
106.757: [GC106.757: [ParNew: 17544K->1550K(18048K), 0.0011150 secs] 42963K->28552K(57984K), 0.0011500 secs] [Times: user=0.00 sys=0.00, real=0.01 secs] 
106.758: Total time for which application threads were stopped: 0.0012870 seconds, Stopping threads took: 0.0000720 seconds
106.797: Application time: 0.0393530 seconds
106.798: [GC106.798: [ParNew: 17521K->1552K(18048K), 0.0009420 secs] 44523K->29578K(57984K), 0.0009740 secs] [Times: user=0.01 sys=0.00, real=0.00 secs] 
106.799: Total time for which application threads were stopped: 0.0011180 seconds, Stopping threads took: 0.0000770 seconds
106.839: Application time: 0.0406010 seconds
106.839: [GC106.839: [ParNew: 17518K->1548K(18048K), 0.0009330 secs] 45545K->30598K(57984K), 0.0009660 secs] [Times: user=0.01 sys=0.00, real=0.00 secs] 
106.840: Total time for which application threads were stopped: 0.0011350 seconds, Stopping threads took: 0.0001040 seconds
106.881: Application time: 0.0412360 seconds
106.882: [GC106.882: [ParNew: 17519K->1548K(18048K), 0.0008760 secs] 46569K->31110K(57984K), 0.0009060 secs] [Times: user=0.00 sys=0.00, real=0.00 secs] 
106.883: Total time for which application threads were stopped: 0.0010280 seconds, Stopping threads took: 0.0000580 seconds
106.922: Application time: 0.0391240 seconds
106.922: [GC106.922: [ParNew: 17519K->1546K(18048K), 0.0005950 secs] 47081K->31108K(57984K), 0.0006260 secs] [Times: user=0.00 sys=0.00, real=0.00 secs] 
106.922: Total time for which application threads were stopped: 0.0007520 seconds, Stopping threads took: 0.0000690 seconds
106.961: Application time: 0.0389400 seconds
106.961: [GC106.961: [ParNew: 17508K->1546K(18048K), 0.0007600 secs] 47070K->31620K(57984K), 0.0007910 secs] [Times: user=0.01 sys=0.00, real=0.00 secs] 
106.962: Total time for which application threads were stopped: 0.0009430 seconds, Stopping threads took: 0.0000910 seconds
107.002: Application time: 0.0394030 seconds
107.002: [GC107.002: [ParNew: 17512K->1550K(18048K), 0.0007840 secs] 47587K->32136K(57984K), 0.0008250 secs] [Times: user=0.01 sys=0.00, real=0.00 secs] 
107.003: Total time for which application threads were stopped: 0.0009500 seconds, Stopping threads took: 0.0000650 seconds
107.040: Application time: 0.0375500 seconds
107.040: [GC107.040: [ParNew: 17508K->1548K(18048K), 0.0011370 secs] 48094K->33670K(57984K), 0.0011700 secs] [Times: user=0.01 sys=0.00, real=0.00 secs] 
107.042: Total time for which application threads were stopped: 0.0013110 seconds, Stopping threads took: 0.0000770 seconds
107.083: Application time: 0.0414260 seconds
107.083: [GC107.083: [ParNew: 17521K->1546K(18048K), 0.0007990 secs] 49643K->34180K(57984K), 0.0008270 secs] [Times: user=0.00 sys=0.00, real=0.00 secs] 
107.084: Total time for which application threads were stopped: 0.0009580 seconds, Stopping threads took: 0.0000710 seconds
107.125: Application time: 0.0408890 seconds
107.125: [GC107.125: [ParNew: 17519K->1034K(18048K), 0.0004550 secs] 50153K->33668K(57984K), 0.0004810 secs] [Times: user=0.00 sys=0.00, real=0.01 secs] 
107.125: Total time for which application threads were stopped: 0.0006280 seconds, Stopping threads took: 0.0000910 seconds
107.162: Application time: 0.0368920 seconds
107.162: [GC107.162: [ParNew: 17070K->1580K(18048K), 0.0008050 secs] 49705K->34726K(57984K), 0.0008340 secs] [Times: user=0.00 sys=0.00, real=0.00 secs] 
107.163: Total time for which application threads were stopped: 0.0009690 seconds, Stopping threads took: 0.0000760 seconds
107.202: Application time: 0.0390410 seconds
107.202: [GC107.202: [ParNew: 17187K->1608K(18048K), 0.0008320 secs] 50333K->35322K(57984K), 0.0008630 secs] [Times: user=0.01 sys=0.00, real=0.00 secs] 
107.203: Total time for which application threads were stopped: 0.0009850 seconds, Stopping threads took: 0.0000570 seconds
107.244: Application time: 0.0408820 seconds
107.244: [GC107.244: [ParNew: 17579K->1548K(18048K), 0.0006410 secs] 51293K->35374K(57984K), 0.0006690 secs] [Times: user=0.00 sys=0.00, real=0.00 secs] 
107.245: Total time for which application threads were stopped: 0.0007990 seconds, Stopping threads took: 0.0000680 seconds
107.282: Application time: 0.0369070 seconds
107.282: [GC107.282: [ParNew: 17237K->1124K(18048K), 0.0004720 secs] 51063K->34950K(57984K), 0.0004950 secs] [Times: user=0.00 sys=0.00, real=0.00 secs] 
107.283: Total time for which application threads were stopped: 0.0007140 seconds, Stopping threads took: 0.0001640 seconds
107.322: Application time: 0.0393480 seconds
107.322: [GC107.322: [ParNew: 17164K->1578K(18048K), 0.0006360 secs] 50991K->35532K(57984K), 0.0006650 secs] [Times: user=0.01 sys=0.00, real=0.00 secs] 
107.323: Total time for which application threads were stopped: 0.0008130 seconds, Stopping threads took: 0.0000840 seconds
107.362: Application time: 0.0388850 seconds
107.362: [GC107.362: [ParNew: 17540K->1546K(18048K), 0.0008700 secs] 51495K->36076K(57984K), 0.0008970 secs] [Times: user=0.00 sys=0.00, real=0.00 secs] 
107.363: Total time for which application threads were stopped: 0.0010230 seconds, Stopping threads took: 0.0000670 seconds
107.402: Application time: 0.0393830 seconds
107.402: [GC107.402: [ParNew: 17587K->1578K(18048K), 0.0009590 secs] 52117K->37132K(57984K), 0.0009910 secs] [Times: user=0.01 sys=0.00, real=0.00 secs] 
107.403: Total time for which application threads were stopped: 0.0011240 seconds, Stopping threads took: 0.0000680 seconds
107.442: Application time: 0.0391310 seconds
107.442: [GC107.442: [ParNew: 17549K->1548K(18048K), 0.0008400 secs] 53103K->37670K(57984K), 0.0008700 secs] [Times: user=0.00 sys=0.00, real=0.00 secs] 
107.443: Total time for which application threads were stopped: 0.0009970 seconds, Stopping threads took: 0.0000650 seconds
107.484: Application time: 0.0405410 seconds
107.484: [GC107.484: [ParNew: 17519K->1544K(18048K), 0.0006350 secs] 53641K->37666K(57984K), 0.0006620 secs] [Times: user=0.00 sys=0.00, real=0.00 secs] 
107.485: Total time for which application threads were stopped: 0.0007740 seconds, Stopping threads took: 0.0000550 seconds
107.524: Application time: 0.0393880 seconds
107.524: [GC107.524: [ParNew: 17514K->1034K(18048K), 0.0004330 secs] 53637K->37156K(57984K), 0.0004690 secs] [Times: user=0.00 sys=0.00, real=0.00 secs] 
107.525: Total time for which application threads were stopped: 0.0006030 seconds, Stopping threads took: 0.0000780 seconds
107.565: Application time: 0.0401900 seconds
107.565: [GC107.565: [ParNew: 17004K->522K(18048K), 0.0003150 secs] 53127K->36644K(57984K), 0.0003410 secs] [Times: user=0.00 sys=0.00, real=0.01 secs] 
107.565: Total time for which application threads were stopped: 0.0004560 seconds, Stopping threads took: 0.0000620 seconds
107.606: Application time: 0.0407110 seconds
107.606: [GC107.606: [ParNew: 16488K->522K(18048K), 0.0003220 secs] 52611K->36644K(57984K), 0.0003490 secs] [Times: user=0.00 sys=0.00, real=0.00 secs] 
107.606: Total time for which application threads were stopped: 0.0004510 seconds, Stopping threads took: 0.0000490 seconds
107.643: Application time: 0.0369830 seconds
107.644: [GC107.644: [ParNew: 16476K->1550K(18048K), 0.0007760 secs] 52599K->38184K(57984K), 0.0008070 secs] [Times: user=0.00 sys=0.00, real=0.00 secs] 
107.644: Total time for which application threads were stopped: 0.0009330 seconds, Stopping threads took: 0.0000630 seconds
107.683: Application time: 0.0383440 seconds
107.683: [GC107.683: [ParNew: 17508K->1550K(18048K), 0.0011540 secs] 54143K->39720K(57984K), 0.0011880 secs] [Times: user=0.01 sys=0.00, real=0.00 secs] 
107.684: Total time for which application threads were stopped: 0.0013230 seconds, Stopping threads took: 0.0000690 seconds
107.725: Application time: 0.0408220 seconds
107.725: [GC107.725: [ParNew: 17521K->1548K(18048K), 0.0010120 secs] 55691K->40742K(57984K), 0.0010440 secs] [Times: user=0.01 sys=0.00, real=0.01 secs] 
107.726: Total time for which application threads were stopped: 0.0011940 seconds, Stopping threads took: 0.0000890 seconds
107.767: Application time: 0.0404620 seconds
107.767: [GC107.767: [ParNew: 17514K->1548K(18048K), 0.0007780 secs] 56709K->41254K(57984K), 0.0008090 secs] [Times: user=0.00 sys=0.00, real=0.00 secs] 
107.768: Total time for which application threads were stopped: 0.0010090 seconds, Stopping threads took: 0.0001390 seconds
107.808: Application time: 0.0402800 seconds
107.808: [GC107.808: [ParNew: 17521K->17521K(18048K), 0.0000100 secs]107.808: [Tenured: 39706K->8445K(39936K), 0.0049960 secs] 57227K->8445K(57984K), [Perm : 5146K->5146K(21248K)], 0.0050510 secs] [Times: user=0.01 sys=0.00, real=0.00 secs] 
107.813: Total time for which application threads were stopped: 0.0051910 seconds, Stopping threads took: 0.0000720 seconds
107.851: Application time: 0.0382620 seconds
107.851: [GC107.851: [ParNew: 15602K->1606K(18048K), 0.0008010 secs] 24048K->10563K(57984K), 0.0008300 secs] [Times: user=0.00 sys=0.00, real=0.00 secs] 
107.852: Total time for which application threads were stopped: 0.0010030 seconds, Stopping threads took: 0.0001050 seconds
107.890: Application time: 0.0377020 seconds
107.890: [GC107.890: [ParNew: 17647K->1574K(18048K), 0.0009460 secs] 26604K->11643K(57984K), 0.0009770 secs] [Times: user=0.01 sys=0.00, real=0.00 secs] 
107.891: Total time for which application threads were stopped: 0.0011190 seconds, Stopping threads took: 0.0000790 seconds
107.932: Application time: 0.0408340 seconds
107.932: [GC107.932: [ParNew: 17267K->1636K(18048K), 0.0006250 secs] 27337K->11777K(57984K), 0.0006550 secs] [Times: user=0.01 sys=0.00, real=0.00 secs] 
107.933: Total time for which application threads were stopped: 0.0007920 seconds, Stopping threads took: 0.0000740 seconds
107.972: Application time: 0.0393430 seconds
107.972: [GC107.972: [ParNew: 17681K->1576K(18048K), 0.0006190 secs] 27822K->11837K(57984K), 0.0006470 secs] [Times: user=0.01 sys=0.00, real=0.00 secs] 
107.973: Total time for which application threads were stopped: 0.0008250 seconds, Stopping threads took: 0.0001180 seconds
108.011: Application time: 0.0385590 seconds
108.012: [GC108.012: [ParNew: 17534K->1548K(18048K), 0.0009540 secs] 27796K->12905K(57984K), 0.0009940 secs] [Times: user=0.00 sys=0.00, real=0.00 secs] 
108.013: Total time for which application threads were stopped: 0.0011200 seconds, Stopping threads took: 0.0000600 seconds
108.053: Application time: 0.0402050 seconds
108.053: [GC108.053: [ParNew: 17597K->1578K(18048K), 0.0007670 secs] 28955K->13447K(57984K), 0.0007990 secs] [Times: user=0.00 sys=0.00, real=0.00 secs] 
108.054: Total time for which application threads were stopped: 0.0009240 seconds, Stopping threads took: 0.0000640 seconds
108.094: Application time: 0.0404060 seconds
108.095: [GC108.095: [ParNew: 17549K->1546K(18048K), 0.0007070 secs] 29418K->13471K(57984K), 0.0007500 secs] [Times: user=0.00 sys=0.00, real=0.00 secs] 
108.096: Total time for which application threads were stopped: 0.0016560 seconds, Stopping threads took: 0.0008360 seconds
108.136: Application time: 0.0397830 seconds
108.136: [GC108.136: [ParNew: 17516K->1034K(18048K), 0.0004860 secs] 29442K->12959K(57984K), 0.0005130 secs] [Times: user=0.01 sys=0.00, real=0.00 secs] 
108.136: Total time for which application threads were stopped: 0.0007170 seconds, Stopping threads took: 0.0001470 seconds
108.177: Application time: 0.0409390 seconds
108.177: [GC108.177: [ParNew: 17004K->522K(18048K), 0.0003150 secs] 28930K->12447K(57984K), 0.0003410 secs] [Times: user=0.00 sys=0.00, real=0.00 secs] 
108.178: Total time for which application threads were stopped: 0.0004460 seconds, Stopping threads took: 0.0000500 seconds
108.217: Application time: 0.0388410 seconds
108.217: [GC108.217: [ParNew: 16480K->1546K(18048K), 0.0006270 secs] 28406K->13471K(57984K), 0.0006580 secs] [Times: user=0.00 sys=0.00, real=0.01 secs] 
108.217: Total time for which application threads were stopped: 0.0007780 seconds, Stopping threads took: 0.0000590 seconds
108.254: Application time: 0.0365840 seconds
108.254: [GC108.254: [ParNew: 17500K->1548K(18048K), 0.0012040 secs] 29426K->15009K(57984K), 0.0012380 secs] [Times: user=0.01 sys=0.00, real=0.00 secs] 
108.255: Total time for which application threads were stopped: 0.0013650 seconds, Stopping threads took: 0.0000620 seconds
108.296: Application time: 0.0408770 seconds
108.296: [GC108.296: [ParNew: 17519K->1548K(18048K), 0.0009970 secs] 30980K->16034K(57984K), 0.0010300 secs] [Times: user=0.00 sys=0.00, real=0.01 secs] 
108.297: Total time for which application threads were stopped: 0.0011640 seconds, Stopping threads took: 0.0000690 seconds
108.338: Application time: 0.0403310 seconds
108.338: [GC108.338: [ParNew: 17519K->1552K(18048K), 0.0007630 secs] 32004K->16550K(57984K), 0.0007930 secs] [Times: user=0.00 sys=0.00, real=0.00 secs] 
108.339: Total time for which application threads were stopped: 0.0009240 seconds, Stopping threads took: 0.0000680 seconds
108.380: Application time: 0.0411040 seconds
108.380: [GC108.380: [ParNew: 17523K->1546K(18048K), 0.0006210 secs] 32520K->16544K(57984K), 0.0006490 secs] [Times: user=0.01 sys=0.00, real=0.00 secs] 
108.380: Total time for which application threads were stopped: 0.0007740 seconds, Stopping threads took: 0.0000600 seconds
108.419: Application time: 0.0387090 seconds
108.419: [GC108.419: [ParNew: 17512K->1546K(18048K), 0.0006280 secs] 32510K->16544K(57984K), 0.0006570 secs] [Times: user=0.00 sys=0.00, real=0.00 secs] 
108.420: Total time for which application threads were stopped: 0.0007730 seconds, Stopping threads took: 0.0000580 seconds
108.460: Application time: 0.0400400 seconds
108.460: [GC108.460: [ParNew: 17504K->1546K(18048K), 0.0009730 secs] 32502K->17568K(57984K), 0.0010040 secs] [Times: user=0.01 sys=0.00, real=0.00 secs] 
108.461: Total time for which application threads were stopped: 0.0011310 seconds, Stopping threads took: 0.0000620 seconds
108.501: Application time: 0.0397070 seconds
108.501: [GC108.501: [ParNew: 17595K->1578K(18048K), 0.0008080 secs] 33617K->18112K(57984K), 0.0008390 secs] [Times: user=0.01 sys=0.00, real=0.00 secs] 
108.502: Total time for which application threads were stopped: 0.0009600 seconds, Stopping threads took: 0.0000630 seconds
108.541: Application time: 0.0395040 seconds
108.541: [GC108.541: [ParNew: 17189K->1608K(18048K), 0.0006130 secs] 33723K->18198K(57984K), 0.0006490 secs] [Times: user=0.00 sys=0.00, real=0.00 secs] 
108.542: Total time for which application threads were stopped: 0.0007710 seconds, Stopping threads took: 0.0000660 seconds
108.583: Application time: 0.0411410 seconds
108.583: [GC108.583: [ParNew: 17657K->1068K(18048K), 0.0004750 secs] 34247K->17762K(57984K), 0.0005040 secs] [Times: user=0.00 sys=0.00, real=0.00 secs] 
108.584: Total time for which application threads were stopped: 0.0006390 seconds, Stopping threads took: 0.0000770 seconds
108.623: Application time: 0.0388130 seconds
108.625: [GC108.625: [ParNew: 16683K->70K(18048K), 0.0003030 secs] 33377K->16820K(57984K), 0.0003300 secs] [Times: user=0.00 sys=0.00, real=0.00 secs] 
108.626: Total time for which application threads were stopped: 0.0029730 seconds, Stopping threads took: 0.0025900 seconds
108.661: Application time: 0.0357180 seconds
108.661: [GC108.661: [ParNew: 16090K->1636K(18048K), 0.0011570 secs] 32840K->19922K(57984K), 0.0011960 secs] [Times: user=0.00 sys=0.00, real=0.00 secs] 
108.663: Total time for which application threads were stopped: 0.0013380 seconds, Stopping threads took: 0.0000750 seconds
108.702: Application time: 0.0398160 seconds
108.703: [GC108.703: [ParNew: 17607K->1548K(18048K), 0.0010170 secs] 35893K->20994K(57984K), 0.0010500 secs] [Times: user=0.01 sys=0.00, real=0.00 secs] 
108.704: Total time for which application threads were stopped: 0.0012130 seconds, Stopping threads took: 0.0000980 seconds
108.745: Application time: 0.0413730 seconds
108.745: [GC108.745: [ParNew: 17597K->1580K(18048K), 0.0007820 secs] 37043K->21538K(57984K), 0.0008130 secs] [Times: user=0.00 sys=0.00, real=0.00 secs] 
108.746: Total time for which application threads were stopped: 0.0009470 seconds, Stopping threads took: 0.0000710 seconds
108.785: Application time: 0.0388380 seconds
108.785: [GC108.785: [ParNew: 17542K->1546K(18048K), 0.0009430 secs] 37501K->22600K(57984K), 0.0009940 secs] [Times: user=0.01 sys=0.00, real=0.01 secs] 
108.786: Total time for which application threads were stopped: 0.0011460 seconds, Stopping threads took: 0.0000870 seconds
108.826: Application time: 0.0402710 seconds
108.826: [GC108.826: [ParNew: 17517K->1548K(18048K), 0.0008190 secs] 38571K->23114K(57984K), 0.0008490 secs] [Times: user=0.00 sys=0.00, real=0.00 secs] 
108.827: Total time for which application threads were stopped: 0.0009680 seconds, Stopping threads took: 0.0000580 seconds
108.868: Application time: 0.0404240 seconds
108.868: [GC108.868: [ParNew: 17519K->1546K(18048K), 0.0006260 secs] 39085K->23112K(57984K), 0.0006540 secs] [Times: user=0.00 sys=0.00, real=0.00 secs] 
108.869: Total time for which application threads were stopped: 0.0008870 seconds, Stopping threads took: 0.0001730 seconds
108.909: Application time: 0.0400230 seconds
108.909: [GC108.909: [ParNew: 17508K->1546K(18048K), 0.0008270 secs] 39075K->23624K(57984K), 0.0008580 secs] [Times: user=0.01 sys=0.00, real=0.00 secs] 
108.910: Total time for which application threads were stopped: 0.0009980 seconds, Stopping threads took: 0.0000690 seconds
108.948: Application time: 0.0383430 seconds
108.948: [GC108.948: [ParNew: 17512K->1546K(18048K), 0.0007810 secs] 39591K->24136K(57984K), 0.0008090 secs] [Times: user=0.01 sys=0.00, real=0.00 secs] 
108.949: Total time for which application threads were stopped: 0.0009590 seconds, Stopping threads took: 0.0000890 seconds
108.989: Application time: 0.0404480 seconds
108.989: [GC108.989: [ParNew: 17512K->1546K(18048K), 0.0008160 secs] 40103K->24648K(57984K), 0.0008450 secs] [Times: user=0.00 sys=0.00, real=0.00 secs] 
108.990: Total time for which application threads were stopped: 0.0009650 seconds, Stopping threads took: 0.0000570 seconds
109.031: Application time: 0.0403920 seconds
109.031: [GC109.031: [ParNew: 17517K->1546K(18048K), 0.0006230 secs] 40619K->24648K(57984K), 0.0006520 secs] [Times: user=0.00 sys=0.00, real=0.00 secs] 
109.032: Total time for which application threads were stopped: 0.0008660 seconds, Stopping threads took: 0.0001470 seconds
109.071: Application time: 0.0397720 seconds
109.072: [GC109.072: [ParNew: 17516K->1034K(18048K), 0.0004520 secs] 40619K->24136K(57984K), 0.0004770 secs] [Times: user=0.01 sys=0.00, real=0.00 secs] 
109.072: Total time for which application threads were stopped: 0.0006500 seconds, Stopping threads took: 0.0001170 seconds
109.112: Application time: 0.0398030 seconds
109.112: [GC109.112: [ParNew: 16992K->1546K(18048K), 0.0007950 secs] 40094K->25160K(57984K), 0.0008240 secs] [Times: user=0.01 sys=0.00, real=0.00 secs] 
109.113: Total time for which application threads were stopped: 0.0009940 seconds, Stopping threads took: 0.0001120 seconds
109.151: Application time: 0.0385190 seconds
109.151: [GC109.151: [ParNew: 17508K->1548K(18048K), 0.0009400 secs] 41123K->26186K(57984K), 0.0009740 secs] [Times: user=0.00 sys=0.00, real=0.00 secs] 
109.152: Total time for which application threads were stopped: 0.0011020 seconds, Stopping threads took: 0.0000640 seconds
109.192: Application time: 0.0398380 seconds
109.192: [GC109.192: [ParNew: 17597K->1580K(18048K), 0.0008280 secs] 42235K->26730K(57984K), 0.0008580 secs] [Times: user=0.01 sys=0.00, real=0.00 secs] 
109.193: Total time for which application threads were stopped: 0.0010280 seconds, Stopping threads took: 0.0001090 seconds
109.232: Application time: 0.0391780 seconds
109.233: [GC109.233: [ParNew: 17191K->1606K(18048K), 0.0006340 secs] 42341K->26820K(57984K), 0.0006650 secs] [Times: user=0.00 sys=0.00, real=0.00 secs] 
109.233: Total time for which application threads were stopped: 0.0007970 seconds, Stopping threads took: 0.0000720 seconds
109.272: Application time: 0.0388030 seconds
109.272: [GC109.272: [ParNew: 17221K->582K(18048K), 0.0003960 secs] 42436K->25900K(57984K), 0.0004220 secs] [Times: user=0.00 sys=0.00, real=0.00 secs] 
109.273: Total time for which application threads were stopped: 0.0005340 seconds, Stopping threads took: 0.0000610 seconds
109.312: Application time: 0.0392610 seconds
109.312: [GC109.312: [ParNew: 16626K->612K(18048K), 0.0003640 secs] 41945K->25930K(57984K), 0.0003910 secs] [Times: user=0.00 sys=0.00, real=0.00 secs] 
109.312: Total time for which application threads were stopped: 0.0005120 seconds, Stopping threads took: 0.0000660 seconds
109.350: Application time: 0.0371410 seconds
109.350: [GC109.350: [ParNew: 16636K->1664K(18048K), 0.0011540 secs] 41954K->28518K(57984K), 0.0011890 secs] [Times: user=0.01 sys=0.00, real=0.00 secs] 
109.351: Total time for which application threads were stopped: 0.0013300 seconds, Stopping threads took: 0.0000750 seconds
109.392: Application time: 0.0406430 seconds
109.392: [GC109.392: [ParNew: 17717K->1574K(18048K), 0.0006860 secs] 44572K->28592K(57984K), 0.0007140 secs] [Times: user=0.00 sys=0.00, real=0.00 secs] 
109.392: Total time for which application threads were stopped: 0.0008490 seconds, Stopping threads took: 0.0000730 seconds
109.430: Application time: 0.0378130 seconds
109.430: [GC109.430: [ParNew: 17536K->1548K(18048K), 0.0008330 secs] 44555K->29126K(57984K), 0.0008630 secs] [Times: user=0.01 sys=0.00, real=0.00 secs] 
109.431: Total time for which application threads were stopped: 0.0010200 seconds, Stopping threads took: 0.0000850 seconds
109.472: Application time: 0.0406080 seconds
109.472: [GC109.472: [ParNew: 17519K->1548K(18048K), 0.0006470 secs] 45097K->29126K(57984K), 0.0006770 secs] [Times: user=0.01 sys=0.00, real=0.00 secs] 
109.473: Total time for which application threads were stopped: 0.0007940 seconds, Stopping threads took: 0.0000580 seconds
109.513: Application time: 0.0402250 seconds
109.513: [GC109.513: [ParNew: 17510K->1548K(18048K), 0.0007940 secs] 45089K->29638K(57984K), 0.0008250 secs] [Times: user=0.00 sys=0.00, real=0.00 secs] 
109.514: Total time for which application threads were stopped: 0.0009640 seconds, Stopping threads took: 0.0000800 seconds
109.553: Application time: 0.0390620 seconds
109.553: [GC109.553: [ParNew: 17514K->1548K(18048K), 0.0008040 secs] 45605K->30150K(57984K), 0.0008420 secs] [Times: user=0.00 sys=0.00, real=0.00 secs] 
109.554: Total time for which application threads were stopped: 0.0009710 seconds, Stopping threads took: 0.0000680 seconds
109.594: Application time: 0.0397300 seconds
109.594: [GC109.594: [ParNew: 17510K->1546K(18048K), 0.0009300 secs] 46113K->31172K(57984K), 0.0009630 secs] [Times: user=0.01 sys=0.00, real=0.00 secs] 
109.595: Total time for which application threads were stopped: 0.0011060 seconds, Stopping threads took: 0.0000770 seconds
109.634: Application time: 0.0396230 seconds
109.634: [GC109.634: [ParNew: 17517K->1548K(18048K), 0.0007850 secs] 47143K->31686K(57984K), 0.0008140 secs] [Times: user=0.01 sys=0.00, real=0.00 secs] 
109.635: Total time for which application threads were stopped: 0.0009610 seconds, Stopping threads took: 0.0000840 seconds
109.676: Application time: 0.0404420 seconds
109.676: [GC109.676: [ParNew: 17519K->1548K(18048K), 0.0006430 secs] 47657K->31686K(57984K), 0.0006720 secs] [Times: user=0.01 sys=0.00, real=0.00 secs] 
109.677: Total time for which application threads were stopped: 0.0008010 seconds, Stopping threads took: 0.0000700 seconds
109.717: Application time: 0.0406710 seconds
109.717: [GC109.717: [ParNew: 17519K->1034K(18048K), 0.0004630 secs] 47657K->31172K(57984K), 0.0004910 secs] [Times: user=0.01 sys=0.00, real=0.00 secs] 
109.718: Total time for which application threads were stopped: 0.0006090 seconds, Stopping threads took: 0.0000600 seconds
109.757: Application time: 0.0395950 seconds
109.757: [GC109.758: [ParNew: 17000K->1032K(18048K), 0.0004820 secs] 47139K->31170K(57984K), 0.0005100 secs] [Times: user=0.01 sys=0.00, real=0.00 secs] 
109.758: Total time for which application threads were stopped: 0.0006230 seconds, Stopping threads took: 0.0000570 seconds
109.795: Application time: 0.0366900 seconds
109.795: [GC109.795: [ParNew: 16982K->1552K(18048K), 0.0011570 secs] 47121K->33227K(57984K), 0.0011890 secs] [Times: user=0.00 sys=0.00, real=0.00 secs] 
109.796: Total time for which application threads were stopped: 0.0013270 seconds, Stopping threads took: 0.0000730 seconds
109.837: Application time: 0.0408570 seconds
109.837: [GC109.837: [ParNew: 17523K->1548K(18048K), 0.0010060 secs] 49197K->34247K(57984K), 0.0010380 secs] [Times: user=0.01 sys=0.01, real=0.01 secs] 
109.838: Total time for which application threads were stopped: 0.0011660 seconds, Stopping threads took: 0.0000660 seconds
109.878: Application time: 0.0395620 seconds
109.878: [GC109.878: [ParNew: 17241K->1636K(18048K), 0.0006480 secs] 49940K->34335K(57984K), 0.0006770 secs] [Times: user=0.01 sys=0.00, real=0.00 secs] 
109.878: Total time for which application threads were stopped: 0.0007990 seconds, Stopping threads took: 0.0000630 seconds
109.919: Application time: 0.0410250 seconds
109.920: [GC109.920: [ParNew: 17687K->554K(18048K), 0.0004040 secs] 50386K->33381K(57984K), 0.0004310 secs] [Times: user=0.01 sys=0.00, real=0.00 secs] 
109.920: Total time for which application threads were stopped: 0.0005480 seconds, Stopping threads took: 0.0000610 seconds
109.955: Application time: 0.0352140 seconds
109.955: [GC109.955: [ParNew: 16140K->1636K(18048K), 0.0011650 secs] 48967K->35999K(57984K), 0.0012010 secs] [Times: user=0.01 sys=0.00, real=0.00 secs] 
109.957: Total time for which application threads were stopped: 0.0013580 seconds, Stopping threads took: 0.0000830 seconds
109.996: Application time: 0.0397550 seconds
109.996: [GC109.996: [ParNew: 17607K->1552K(18048K), 0.0009880 secs] 51970K->37067K(57984K), 0.0010200 secs] [Times: user=0.00 sys=0.00, real=0.01 secs] 
109.998: Total time for which application threads were stopped: 0.0011610 seconds, Stopping threads took: 0.0000770 seconds
110.038: Application time: 0.0404770 seconds
110.038: [GC110.038: [ParNew: 17603K->1580K(18048K), 0.0006140 secs] 53118K->37095K(57984K), 0.0006430 secs] [Times: user=0.00 sys=0.00, real=0.00 secs] 
110.039: Total time for which application threads were stopped: 0.0007680 seconds, Stopping threads took: 0.0000660 seconds
110.080: Application time: 0.0407760 seconds
110.080: [GC110.080: [ParNew: 17629K->1068K(18048K), 0.0004670 secs] 53144K->36655K(57984K), 0.0005020 secs] [Times: user=0.00 sys=0.00, real=0.00 secs] 
110.080: Total time for which application threads were stopped: 0.0006210 seconds, Stopping threads took: 0.0000610 seconds
110.120: Application time: 0.0399870 seconds
110.120: [GC110.120: [ParNew: 17039K->522K(18048K), 0.0003120 secs] 52626K->36173K(57984K), 0.0003400 secs] [Times: user=0.00 sys=0.00, real=0.00 secs] 
110.121: Total time for which application threads were stopped: 0.0004610 seconds, Stopping threads took: 0.0000640 seconds
110.159: Application time: 0.0380690 seconds
110.159: [GC110.159: [ParNew: 16480K->1546K(18048K), 0.0005980 secs] 52131K->37197K(57984K), 0.0006280 secs] [Times: user=0.01 sys=0.00, real=0.00 secs] 
110.159: Total time for which application threads were stopped: 0.0007590 seconds, Stopping threads took: 0.0000720 seconds
110.198: Application time: 0.0388610 seconds
110.198: [GC110.198: [ParNew: 17504K->1548K(18048K), 0.0009840 secs] 53155K->38223K(57984K), 0.0010150 secs] [Times: user=0.01 sys=0.00, real=0.00 secs] 
110.199: Total time for which application threads were stopped: 0.0011490 seconds, Stopping threads took: 0.0000700 seconds
110.239: Application time: 0.0392530 seconds
110.239: [GC110.239: [ParNew: 17519K->1548K(18048K), 0.0008700 secs] 54194K->38735K(57984K), 0.0009000 secs] [Times: user=0.01 sys=0.00, real=0.00 secs] 
110.240: Total time for which application threads were stopped: 0.0010310 seconds, Stopping threads took: 0.0000700 seconds
110.281: Application time: 0.0409010 seconds
110.281: [GC110.281: [ParNew: 17510K->1550K(18048K), 0.0009790 secs] 54698K->39761K(57984K), 0.0010120 secs] [Times: user=0.01 sys=0.00, real=0.00 secs] 
110.282: Total time for which application threads were stopped: 0.0011420 seconds, Stopping threads took: 0.0000660 seconds
110.322: Application time: 0.0402460 seconds
110.322: [GC110.322: [ParNew: 17521K->1546K(18048K), 0.0008250 secs] 55732K->40269K(57984K), 0.0008540 secs] [Times: user=0.01 sys=0.00, real=0.00 secs] 
110.323: Total time for which application threads were stopped: 0.0009720 seconds, Stopping threads took: 0.0000560 seconds
110.362: Application time: 0.0385830 seconds
110.362: [GC110.362: [ParNew: 17512K->1548K(18048K), 0.0008620 secs] 56236K->40783K(57984K), 0.0008940 secs] [Times: user=0.00 sys=0.00, real=0.00 secs] 
110.363: Total time for which application threads were stopped: 0.0010230 seconds, Stopping threads took: 0.0000690 seconds
110.404: Application time: 0.0409180 seconds
110.404: [GC110.404: [ParNew: 17519K->1544K(18048K), 0.0006450 secs] 56754K->40779K(57984K), 0.0006740 secs] [Times: user=0.00 sys=0.00, real=0.00 secs] 
110.404: Total time for which application threads were stopped: 0.0007970 seconds, Stopping threads took: 0.0000630 seconds
110.445: Application time: 0.0408890 seconds
110.445: [GC110.445: [ParNew: 17514K->1030K(18048K), 0.0005330 secs] 56750K->40265K(57984K), 0.0005600 secs] [Times: user=0.00 sys=0.00, real=0.00 secs] 
110.446: Total time for which application threads were stopped: 0.0006980 seconds, Stopping threads took: 0.0000800 seconds
110.485: Application time: 0.0389320 seconds
110.485: [GC110.485: [ParNew: 16992K->1548K(18048K), 0.0006300 secs] 56228K->40783K(57984K), 0.0006580 secs] [Times: user=0.00 sys=0.00, real=0.01 secs] 
110.486: Total time for which application threads were stopped: 0.0008030 seconds, Stopping threads took: 0.0000730 seconds
110.523: Application time: 0.0370600 seconds
110.523: [GC110.523: [ParNew: 17584K->1580K(18048K), 0.0009910 secs]110.524: [Tenured: 40259K->8004K(40452K), 0.0049500 secs] 56820K->8004K(58500K), [Perm : 5146K->5146K(21248K)], 0.0060250 secs] [Times: user=0.01 sys=0.00, real=0.01 secs] 
110.529: Total time for which application threads were stopped: 0.0061840 seconds, Stopping threads took: 0.0000910 seconds
110.570: Application time: 0.0408580 seconds
110.570: [GC110.570: [ParNew: 15693K->1636K(18048K), 0.0006560 secs] 23698K->9641K(57984K), 0.0006870 secs] [Times: user=0.00 sys=0.00, real=0.00 secs] 
110.571: Total time for which application threads were stopped: 0.0008230 seconds, Stopping threads took: 0.0000760 seconds
110.609: Application time: 0.0381530 seconds
110.609: [GC110.609: [ParNew: 17594K->1548K(18048K), 0.0010640 secs] 25599K->10704K(57984K), 0.0010950 secs] [Times: user=0.01 sys=0.00, real=0.00 secs] 
110.610: Total time for which application threads were stopped: 0.0016820 seconds, Stopping threads took: 0.0005220 seconds
110.648: Application time: 0.0380410 seconds
110.649: [GC110.649: [ParNew: 17151K->1606K(18048K), 0.0011310 secs] 26308K->12299K(57984K), 0.0011650 secs] [Times: user=0.01 sys=0.00, real=0.00 secs] 
110.650: Total time for which application threads were stopped: 0.0013280 seconds, Stopping threads took: 0.0000970 seconds
110.691: Application time: 0.0411280 seconds
110.691: [GC110.691: [ParNew: 17655K->1578K(18048K), 0.0009550 secs] 28348K->13399K(57984K), 0.0009880 secs] [Times: user=0.01 sys=0.00, real=0.00 secs] 
110.692: Total time for which application threads were stopped: 0.0011250 seconds, Stopping threads took: 0.0000720 seconds
110.732: Application time: 0.0396930 seconds
110.732: [GC110.732: [ParNew: 17549K->1546K(18048K), 0.0008400 secs] 29370K->13943K(57984K), 0.0008710 secs] [Times: user=0.01 sys=0.00, real=0.00 secs] 
110.733: Total time for which application threads were stopped: 0.0010160 seconds, Stopping threads took: 0.0000850 seconds
110.772: Application time: 0.0393620 seconds
110.772: [GC110.772: [ParNew: 17591K->1578K(18048K), 0.0008620 secs] 29988K->14487K(57984K), 0.0009000 secs] [Times: user=0.01 sys=0.00, real=0.00 secs] 
110.773: Total time for which application threads were stopped: 0.0010580 seconds, Stopping threads took: 0.0000950 seconds
110.812: Application time: 0.0392310 seconds
110.813: [GC110.813: [ParNew: 17544K->1548K(18048K), 0.0007840 secs] 30453K->15041K(57984K), 0.0008150 secs] [Times: user=0.01 sys=0.00, real=0.00 secs] 
110.813: Total time for which application threads were stopped: 0.0009640 seconds, Stopping threads took: 0.0000890 seconds
110.853: Application time: 0.0397180 seconds
110.853: [GC110.853: [ParNew: 17512K->1546K(18048K), 0.0007840 secs] 31005K->15551K(57984K), 0.0008140 secs] [Times: user=0.01 sys=0.00, real=0.00 secs] 
110.854: Total time for which application threads were stopped: 0.0009390 seconds, Stopping threads took: 0.0000630 seconds
110.894: Application time: 0.0402760 seconds
110.894: [GC110.895: [ParNew: 17517K->1544K(18048K), 0.0006030 secs] 31522K->15549K(57984K), 0.0006320 secs] [Times: user=0.00 sys=0.00, real=0.00 secs] 
110.895: Total time for which application threads were stopped: 0.0008170 seconds, Stopping threads took: 0.0001260 seconds
110.935: Application time: 0.0396600 seconds
110.935: [GC110.935: [ParNew: 17510K->1548K(18048K), 0.0006120 secs] 31515K->15553K(57984K), 0.0006390 secs] [Times: user=0.00 sys=0.00, real=0.00 secs] 
110.936: Total time for which application threads were stopped: 0.0007840 seconds, Stopping threads took: 0.0000880 seconds
110.976: Application time: 0.0399280 seconds
110.976: [GC110.976: [ParNew: 17514K->1548K(18048K), 0.0006250 secs] 31519K->15553K(57984K), 0.0006550 secs] [Times: user=0.01 sys=0.00, real=0.00 secs] 
110.976: Total time for which application threads were stopped: 0.0007700 seconds, Stopping threads took: 0.0000550 seconds
111.014: Application time: 0.0373710 seconds
111.014: [GC111.014: [ParNew: 17510K->1548K(18048K), 0.0007760 secs] 31515K->16065K(57984K), 0.0008060 secs] [Times: user=0.00 sys=0.00, real=0.00 secs] 
111.015: Total time for which application threads were stopped: 0.0009320 seconds, Stopping threads took: 0.0000560 seconds
111.055: Application time: 0.0400930 seconds
111.055: [GC111.055: [ParNew: 17514K->1544K(18048K), 0.0007900 secs] 32031K->16573K(57984K), 0.0008220 secs] [Times: user=0.01 sys=0.00, real=0.00 secs] 
111.056: Total time for which application threads were stopped: 0.0009550 seconds, Stopping threads took: 0.0000730 seconds
111.096: Application time: 0.0405910 seconds
111.096: [GC111.096: [ParNew: 17514K->1546K(18048K), 0.0005740 secs] 32544K->16575K(57984K), 0.0006170 secs] [Times: user=0.01 sys=0.00, real=0.00 secs] 
111.097: Total time for which application threads were stopped: 0.0008040 seconds, Stopping threads took: 0.0001300 seconds
111.138: Application time: 0.0407130 seconds
111.138: [GC111.138: [ParNew: 17512K->1546K(18048K), 0.0006700 secs] 32541K->16575K(57984K), 0.0006970 secs] [Times: user=0.01 sys=0.00, real=0.00 secs] 
111.139: Total time for which application threads were stopped: 0.0008250 seconds, Stopping threads took: 0.0000710 seconds
111.178: Application time: 0.0391420 seconds
111.178: [GC111.178: [ParNew: 17595K->1064K(18048K), 0.0020070 secs] 32624K->16093K(57984K), 0.0020400 secs] [Times: user=0.00 sys=0.00, real=0.00 secs] 
111.180: Total time for which application threads were stopped: 0.0021520 seconds, Stopping threads took: 0.0000550 seconds
111.219: Application time: 0.0394570 seconds
111.219: [GC111.219: [ParNew: 17104K->1574K(18048K), 0.0006050 secs] 32134K->16675K(57984K), 0.0006350 secs] [Times: user=0.00 sys=0.00, real=0.00 secs] 
111.220: Total time for which application threads were stopped: 0.0007510 seconds, Stopping threads took: 0.0000570 seconds
111.257: Application time: 0.0367130 seconds
111.257: [GC111.257: [ParNew: 17176K->1608K(18048K), 0.0008340 secs] 32278K->17277K(57984K), 0.0008660 secs] [Times: user=0.01 sys=0.00, real=0.01 secs] 
111.258: Total time for which application threads were stopped: 0.0009910 seconds, Stopping threads took: 0.0000610 seconds
111.298: Application time: 0.0406860 seconds
111.299: [GC111.299: [ParNew: 17653K->1580K(18048K), 0.0007940 secs] 33322K->17849K(57984K), 0.0008230 secs] [Times: user=0.00 sys=0.00, real=0.00 secs] 
111.299: Total time for which application threads were stopped: 0.0009570 seconds, Stopping threads took: 0.0000720 seconds
111.339: Application time: 0.0390870 seconds
111.339: [GC111.339: [ParNew: 17625K->1580K(18048K), 0.0007920 secs] 33894K->18425K(57984K), 0.0008230 secs] [Times: user=0.01 sys=0.00, real=0.00 secs] 
111.339: Total time for which application threads were stopped: 0.0009500 seconds, Stopping threads took: 0.0000640 seconds
111.381: Application time: 0.0411680 seconds
111.381: [GC111.381: [ParNew: 17629K->1580K(18048K), 0.0006680 secs] 34474K->18497K(57984K), 0.0006970 secs] [Times: user=0.01 sys=0.00, real=0.00 secs] 
111.381: Total time for which application threads were stopped: 0.0008300 seconds, Stopping threads took: 0.0000730 seconds
111.421: Application time: 0.0391780 seconds
111.421: [GC111.421: [ParNew: 17542K->1544K(18048K), 0.0008500 secs] 34460K->19037K(57984K), 0.0008810 secs] [Times: user=0.01 sys=0.00, real=0.00 secs] 
111.422: Total time for which application threads were stopped: 0.0010020 seconds, Stopping threads took: 0.0000590 seconds
111.462: Application time: 0.0404340 seconds
111.462: [GC111.462: [ParNew: 17589K->1578K(18048K), 0.0007840 secs] 35082K->19583K(57984K), 0.0008130 secs] [Times: user=0.01 sys=0.00, real=0.00 secs] 
111.463: Total time for which application threads were stopped: 0.0009430 seconds, Stopping threads took: 0.0000680 seconds
111.502: Application time: 0.0392220 seconds
111.502: [GC111.502: [ParNew: 17544K->1548K(18048K), 0.0008490 secs] 35550K->20129K(57984K), 0.0008810 secs] [Times: user=0.01 sys=0.00, real=0.00 secs] 
111.503: Total time for which application threads were stopped: 0.0010410 seconds, Stopping threads took: 0.0000980 seconds
111.543: Application time: 0.0397530 seconds
111.543: [GC111.543: [ParNew: 17516K->1544K(18048K), 0.0006580 secs] 36098K->20125K(57984K), 0.0006840 secs] [Times: user=0.01 sys=0.00, real=0.00 secs] 
111.544: Total time for which application threads were stopped: 0.0008200 seconds, Stopping threads took: 0.0000670 seconds
111.584: Application time: 0.0400850 seconds
111.584: [GC111.584: [ParNew: 17510K->1544K(18048K), 0.0005850 secs] 36092K->20125K(57984K), 0.0006110 secs] [Times: user=0.00 sys=0.00, real=0.00 secs] 
111.585: Total time for which application threads were stopped: 0.0007450 seconds, Stopping threads took: 0.0000670 seconds
111.625: Application time: 0.0404050 seconds
111.625: [GC111.625: [ParNew: 17514K->1034K(18048K), 0.0004630 secs] 36096K->19615K(57984K), 0.0004900 secs] [Times: user=0.00 sys=0.00, real=0.00 secs] 
111.626: Total time for which application threads were stopped: 0.0006430 seconds, Stopping threads took: 0.0000980 seconds
111.665: Application time: 0.0394840 seconds
111.665: [GC111.665: [ParNew: 17004K->522K(18048K), 0.0003110 secs] 35586K->19103K(57984K), 0.0003380 secs] [Times: user=0.01 sys=0.00, real=0.00 secs] 
111.666: Total time for which application threads were stopped: 0.0004620 seconds, Stopping threads took: 0.0000670 seconds
111.705: Application time: 0.0397660 seconds
111.706: [GC111.706: [ParNew: 16488K->8K(18048K), 0.0002240 secs] 35070K->18589K(57984K), 0.0002490 secs] [Times: user=0.00 sys=0.00, real=0.00 secs] 
111.706: Total time for which application threads were stopped: 0.0003740 seconds, Stopping threads took: 0.0000730 seconds
111.742: Application time: 0.0357270 seconds
111.742: [GC111.742: [ParNew: 15956K->1548K(18048K), 0.0009680 secs] 34537K->21153K(57984K), 0.0010000 secs] [Times: user=0.00 sys=0.00, real=0.00 secs] 
111.743: Total time for which application threads were stopped: 0.0011500 seconds, Stopping threads took: 0.0000860 seconds
111.784: Application time: 0.0408950 seconds
111.784: [GC111.784: [ParNew: 17519K->1546K(18048K), 0.0008560 secs] 37124K->21663K(57984K), 0.0008870 secs] [Times: user=0.00 sys=0.00, real=0.00 secs] 
111.785: Total time for which application threads were stopped: 0.0010060 seconds, Stopping threads took: 0.0000560 seconds
111.824: Application time: 0.0392190 seconds
111.824: [GC111.824: [ParNew: 17595K->1578K(18048K), 0.0006350 secs] 37712K->21695K(57984K), 0.0006630 secs] [Times: user=0.00 sys=0.00, real=0.00 secs] 
111.825: Total time for which application threads were stopped: 0.0007770 seconds, Stopping threads took: 0.0000550 seconds
111.865: Application time: 0.0403350 seconds
111.865: [GC111.865: [ParNew: 17544K->1548K(18048K), 0.0006440 secs] 37662K->21737K(57984K), 0.0006720 secs] [Times: user=0.01 sys=0.00, real=0.01 secs] 
111.866: Total time for which application threads were stopped: 0.0008030 seconds, Stopping threads took: 0.0000710 seconds
111.904: Application time: 0.0386540 seconds
111.905: [GC111.905: [ParNew: 17155K->1606K(18048K), 0.0006640 secs] 37344K->21795K(57984K), 0.0006940 secs] [Times: user=0.01 sys=0.00, real=0.01 secs] 
111.905: Total time for which application threads were stopped: 0.0008120 seconds, Stopping threads took: 0.0000570 seconds
111.945: Application time: 0.0394820 seconds
111.945: [GC111.945: [ParNew: 17213K->1608K(18048K), 0.0006630 secs] 37403K->21881K(57984K), 0.0006920 secs] [Times: user=0.00 sys=0.00, real=0.01 secs] 
111.946: Total time for which application threads were stopped: 0.0008250 seconds, Stopping threads took: 0.0000730 seconds
111.985: Application time: 0.0398700 seconds
111.986: [GC111.986: [ParNew: 17653K->1578K(18048K), 0.0006470 secs] 37926K->21951K(57984K), 0.0006760 secs] [Times: user=0.00 sys=0.00, real=0.00 secs] 
111.986: Total time for which application threads were stopped: 0.0007990 seconds, Stopping threads took: 0.0000620 seconds
112.025: Application time: 0.0389930 seconds
112.025: [GC112.025: [ParNew: 17544K->1546K(18048K), 0.0006140 secs] 37918K->21991K(57984K), 0.0006420 secs] [Times: user=0.01 sys=0.00, real=0.00 secs] 
112.026: Total time for which application threads were stopped: 0.0007540 seconds, Stopping threads took: 0.0000520 seconds
112.066: Application time: 0.0396780 seconds
112.066: [GC112.066: [ParNew: 17586K->1578K(18048K), 0.0007600 secs] 38032K->22535K(57984K), 0.0007890 secs] [Times: user=0.01 sys=0.00, real=0.00 secs] 
112.067: Total time for which application threads were stopped: 0.0009270 seconds, Stopping threads took: 0.0000700 seconds
112.107: Application time: 0.0401090 seconds
112.107: [GC112.107: [ParNew: 17549K->1550K(18048K), 0.0005790 secs] 38506K->22571K(57984K), 0.0006160 secs] [Times: user=0.00 sys=0.00, real=0.00 secs] 
112.107: Total time for which application threads were stopped: 0.0007390 seconds, Stopping threads took: 0.0000650 seconds
112.149: Application time: 0.0411310 seconds
112.149: [GC112.149: [ParNew: 17595K->1580K(18048K), 0.0008840 secs] 38616K->22601K(57984K), 0.0009140 secs] [Times: user=0.01 sys=0.00, real=0.00 secs] 
112.150: Total time for which application threads were stopped: 0.0010430 seconds, Stopping threads took: 0.0000680 seconds
112.189: Application time: 0.0393000 seconds
112.189: [GC112.189: [ParNew: 17551K->1036K(18048K), 0.0004850 secs] 38572K->22113K(57984K), 0.0005140 secs] [Times: user=0.00 sys=0.00, real=0.00 secs] 
112.190: Total time for which application threads were stopped: 0.0006370 seconds, Stopping threads took: 0.0000650 seconds
112.228: Application time: 0.0388790 seconds
112.229: [GC112.229: [ParNew: 16994K->1548K(18048K), 0.0007790 secs] 38072K->23137K(57984K), 0.0008090 secs] [Times: user=0.00 sys=0.00, real=0.00 secs] 
112.229: Total time for which application threads were stopped: 0.0009410 seconds, Stopping threads took: 0.0000710 seconds
112.271: Application time: 0.0416070 seconds
112.271: [GC112.271: [ParNew: 17521K->1032K(18048K), 0.0004650 secs] 39110K->22621K(57984K), 0.0004910 secs] [Times: user=0.00 sys=0.00, real=0.00 secs] 
112.272: Total time for which application threads were stopped: 0.0006050 seconds, Stopping threads took: 0.0000600 seconds
112.308: Application time: 0.0364450 seconds
112.308: [GC112.308: [ParNew: 16982K->1550K(18048K), 0.0009660 secs] 38572K->24164K(57984K), 0.0009980 secs] [Times: user=0.00 sys=0.01, real=0.00 secs] 
112.309: Total time for which application threads were stopped: 0.0012000 seconds, Stopping threads took: 0.0001390 seconds
112.348: Application time: 0.0390630 seconds
112.348: [GC112.348: [ParNew: 17514K->1552K(18048K), 0.0011320 secs] 40128K->25702K(57984K), 0.0011660 secs] [Times: user=0.01 sys=0.00, real=0.00 secs] 
112.350: Total time for which application threads were stopped: 0.0012950 seconds, Stopping threads took: 0.0000620 seconds
112.389: Application time: 0.0393270 seconds
112.389: [GC112.389: [ParNew: 17523K->1548K(18048K), 0.0010000 secs] 41672K->26722K(57984K), 0.0010310 secs] [Times: user=0.01 sys=0.01, real=0.00 secs] 
112.390: Total time for which application threads were stopped: 0.0011610 seconds, Stopping threads took: 0.0000650 seconds
112.431: Application time: 0.0410130 seconds
112.431: [GC112.431: [ParNew: 17519K->1548K(18048K), 0.0007690 secs] 42692K->27234K(57984K), 0.0007990 secs] [Times: user=0.00 sys=0.00, real=0.00 secs] 
112.432: Total time for which application threads were stopped: 0.0009230 seconds, Stopping threads took: 0.0000610 seconds
112.472: Application time: 0.0396110 seconds
112.472: [GC112.472: [ParNew: 17516K->1546K(18048K), 0.0006630 secs] 43202K->27232K(57984K), 0.0006930 secs] [Times: user=0.00 sys=0.00, real=0.00 secs] 
112.472: Total time for which application threads were stopped: 0.0008100 seconds, Stopping threads took: 0.0000570 seconds
112.513: Application time: 0.0402440 seconds
112.513: [GC112.513: [ParNew: 17597K->552K(18048K), 0.0003820 secs] 43283K->26238K(57984K), 0.0004080 secs] [Times: user=0.01 sys=0.00, real=0.00 secs] 
112.513: Total time for which application threads were stopped: 0.0005250 seconds, Stopping threads took: 0.0000630 seconds
112.551: Application time: 0.0381490 seconds
112.552: [GC112.552: [ParNew: 16580K->1608K(18048K), 0.0009470 secs] 42266K->28318K(57984K), 0.0009800 secs] [Times: user=0.01 sys=0.00, real=0.00 secs] 
112.553: Total time for which application threads were stopped: 0.0011580 seconds, Stopping threads took: 0.0001130 seconds
112.591: Application time: 0.0380600 seconds
112.591: [GC112.591: [ParNew: 17297K->1634K(18048K), 0.0008740 secs] 44007K->28944K(57984K), 0.0009040 secs] [Times: user=0.01 sys=0.00, real=0.00 secs] 
112.592: Total time for which application threads were stopped: 0.0011080 seconds, Stopping threads took: 0.0001340 seconds
112.632: Application time: 0.0405060 seconds
112.632: [GC112.632: [ParNew: 17601K->1548K(18048K), 0.0007240 secs] 44911K->28986K(57984K), 0.0007610 secs] [Times: user=0.01 sys=0.00, real=0.00 secs] 
112.633: Total time for which application threads were stopped: 0.0009390 seconds, Stopping threads took: 0.0001080 seconds
112.674: Application time: 0.0404650 seconds
112.674: [GC112.674: [ParNew: 17595K->1576K(18048K), 0.0006730 secs] 45033K->29014K(57984K), 0.0007010 secs] [Times: user=0.00 sys=0.00, real=0.00 secs] 
112.674: Total time for which application threads were stopped: 0.0008170 seconds, Stopping threads took: 0.0000570 seconds
112.715: Application time: 0.0407260 seconds
112.715: [GC112.715: [ParNew: 17625K->1064K(18048K), 0.0005410 secs] 45063K->28558K(57984K), 0.0005670 secs] [Times: user=0.00 sys=0.00, real=0.00 secs] 
112.716: Total time for which application threads were stopped: 0.0006830 seconds, Stopping threads took: 0.0000590 seconds
112.753: Application time: 0.0374730 seconds
112.753: [GC112.753: [ParNew: 17022K->1546K(18048K), 0.0008440 secs] 44516K->29608K(57984K), 0.0008760 secs] [Times: user=0.01 sys=0.00, real=0.00 secs] 
112.754: Total time for which application threads were stopped: 0.0010090 seconds, Stopping threads took: 0.0000730 seconds
112.792: Application time: 0.0380770 seconds
112.793: [GC112.793: [ParNew: 17582K->1578K(18048K), 0.0011310 secs] 45645K->31176K(57984K), 0.0011660 secs] [Times: user=0.01 sys=0.00, real=0.00 secs] 
112.794: Total time for which application threads were stopped: 0.0012930 seconds, Stopping threads took: 0.0000620 seconds
112.834: Application time: 0.0401000 seconds
112.834: [GC112.834: [ParNew: 17549K->1548K(18048K), 0.0009460 secs] 47147K->32226K(57984K), 0.0009780 secs] [Times: user=0.01 sys=0.00, real=0.00 secs] 
112.835: Total time for which application threads were stopped: 0.0011010 seconds, Stopping threads took: 0.0000590 seconds
112.876: Application time: 0.0409420 seconds
112.876: [GC112.876: [ParNew: 17514K->1550K(18048K), 0.0009700 secs] 48193K->33252K(57984K), 0.0010020 secs] [Times: user=0.00 sys=0.00, real=0.00 secs] 
112.877: Total time for which application threads were stopped: 0.0011260 seconds, Stopping threads took: 0.0000590 seconds
112.917: Application time: 0.0400190 seconds
112.917: [GC112.917: [ParNew: 17521K->1550K(18048K), 0.0007880 secs] 49223K->33764K(57984K), 0.0008170 secs] [Times: user=0.00 sys=0.00, real=0.01 secs] 
112.918: Total time for which application threads were stopped: 0.0009480 seconds, Stopping threads took: 0.0000700 seconds
112.956: Application time: 0.0382510 seconds
112.956: [GC112.956: [ParNew: 17516K->1548K(18048K), 0.0007710 secs] 49731K->34274K(57984K), 0.0008000 secs] [Times: user=0.01 sys=0.00, real=0.00 secs] 
112.957: Total time for which application threads were stopped: 0.0009360 seconds, Stopping threads took: 0.0000670 seconds
112.999: Application time: 0.0420380 seconds
112.999: [GC112.999: [ParNew: 17521K->1034K(18048K), 0.0004650 secs] 50247K->33760K(57984K), 0.0004920 secs] [Times: user=0.00 sys=0.00, real=0.00 secs] 
113.000: Total time for which application threads were stopped: 0.0006170 seconds, Stopping threads took: 0.0000680 seconds
113.038: Application time: 0.0382120 seconds
113.038: [GC113.038: [ParNew: 17000K->1034K(18048K), 0.0004400 secs] 49727K->33760K(57984K), 0.0004680 secs] [Times: user=0.01 sys=0.00, real=0.00 secs] 
113.039: Total time for which application threads were stopped: 0.0006010 seconds, Stopping threads took: 0.0000770 seconds
113.076: Application time: 0.0377170 seconds
113.076: [GC113.077: [ParNew: 16992K->1546K(18048K), 0.0007980 secs] 49718K->34784K(57984K), 0.0008280 secs] [Times: user=0.01 sys=0.00, real=0.01 secs] 
113.077: Total time for which application threads were stopped: 0.0009720 seconds, Stopping threads took: 0.0000840 seconds
113.117: Application time: 0.0400990 seconds
113.118: [GC113.118: [ParNew: 17517K->1546K(18048K), 0.0006120 secs] 50755K->34784K(57984K), 0.0006420 secs] [Times: user=0.01 sys=0.00, real=0.00 secs] 
113.118: Total time for which application threads were stopped: 0.0007850 seconds, Stopping threads took: 0.0000730 seconds
113.158: Application time: 0.0393030 seconds
113.158: [GC113.158: [ParNew: 17591K->1578K(18048K), 0.0006460 secs] 50829K->34816K(57984K), 0.0006810 secs] [Times: user=0.01 sys=0.00, real=0.00 secs] 
113.158: Total time for which application threads were stopped: 0.0008690 seconds, Stopping threads took: 0.0001310 seconds
113.198: Application time: 0.0397160 seconds
113.198: [GC113.198: [ParNew: 17544K->1546K(18048K), 0.0006300 secs] 50783K->34848K(57984K), 0.0006590 secs] [Times: user=0.00 sys=0.00, real=0.00 secs] 
113.199: Total time for which application threads were stopped: 0.0007920 seconds, Stopping threads took: 0.0000730 seconds
113.239: Application time: 0.0397580 seconds
113.239: [GC113.239: [ParNew: 17161K->584K(18048K), 0.0003200 secs] 50464K->33886K(57984K), 0.0003460 secs] [Times: user=0.00 sys=0.00, real=0.00 secs] 
113.239: Total time for which application threads were stopped: 0.0004640 seconds, Stopping threads took: 0.0000630 seconds
113.274: Application time: 0.0353260 seconds
113.275: [GC113.275: [ParNew: 16170K->1664K(18048K), 0.0011510 secs] 49472K->36502K(57984K), 0.0011870 secs] [Times: user=0.00 sys=0.00, real=0.00 secs] 
113.276: Total time for which application threads were stopped: 0.0013260 seconds, Stopping threads took: 0.0000720 seconds
113.316: Application time: 0.0401710 seconds
113.316: [GC113.316: [ParNew: 17635K->1548K(18048K), 0.0010020 secs] 52473K->37566K(57984K), 0.0010360 secs] [Times: user=0.00 sys=0.00, real=0.00 secs] 
113.317: Total time for which application threads were stopped: 0.0012110 seconds, Stopping threads took: 0.0001020 seconds
113.358: Application time: 0.0408390 seconds
113.358: [GC113.358: [ParNew: 17599K->1576K(18048K), 0.0006760 secs] 53618K->37594K(57984K), 0.0007030 secs] [Times: user=0.00 sys=0.00, real=0.00 secs] 
113.359: Total time for which application threads were stopped: 0.0008450 seconds, Stopping threads took: 0.0000840 seconds
113.400: Application time: 0.0408550 seconds
113.400: [GC113.400: [ParNew: 17625K->1066K(18048K), 0.0004690 secs] 53644K->37148K(57984K), 0.0005000 secs] [Times: user=0.00 sys=0.00, real=0.00 secs] 
113.400: Total time for which application threads were stopped: 0.0006200 seconds, Stopping threads took: 0.0000640 seconds
113.438: Application time: 0.0375330 seconds
113.438: [GC113.438: [ParNew: 17028K->1036K(18048K), 0.0004680 secs] 53111K->37190K(57984K), 0.0004960 secs] [Times: user=0.00 sys=0.00, real=0.00 secs] 
113.439: Total time for which application threads were stopped: 0.0006240 seconds, Stopping threads took: 0.0000670 seconds
113.478: Application time: 0.0398860 seconds
113.478: [GC113.479: [ParNew: 17081K->1578K(18048K), 0.0006840 secs] 53235K->37732K(57984K), 0.0007120 secs] [Times: user=0.00 sys=0.00, real=0.00 secs] 
113.479: Total time for which application threads were stopped: 0.0008300 seconds, Stopping threads took: 0.0000570 seconds
113.518: Application time: 0.0390480 seconds
113.518: [GC113.518: [ParNew: 17544K->1546K(18048K), 0.0007240 secs] 53699K->37756K(57984K), 0.0007530 secs] [Times: user=0.00 sys=0.00, real=0.00 secs] 
113.519: Total time for which application threads were stopped: 0.0008850 seconds, Stopping threads took: 0.0000730 seconds
113.560: Application time: 0.0409080 seconds
113.560: [GC113.560: [ParNew: 17516K->1034K(18048K), 0.0005310 secs] 53727K->37244K(57984K), 0.0005580 secs] [Times: user=0.00 sys=0.00, real=0.00 secs] 
113.561: Total time for which application threads were stopped: 0.0006810 seconds, Stopping threads took: 0.0000660 seconds
113.600: Application time: 0.0392860 seconds
113.600: [GC113.600: [ParNew: 17004K->522K(18048K), 0.0003190 secs] 53215K->36732K(57984K), 0.0003460 secs] [Times: user=0.01 sys=0.00, real=0.00 secs] 
113.600: Total time for which application threads were stopped: 0.0004540 seconds, Stopping threads took: 0.0000520 seconds
113.639: Application time: 0.0387900 seconds
113.639: [GC113.639: [ParNew: 16484K->1036K(18048K), 0.0004020 secs] 52695K->37246K(57984K), 0.0004360 secs] [Times: user=0.00 sys=0.00, real=0.00 secs] 
113.640: Total time for which application threads were stopped: 0.0005650 seconds, Stopping threads took: 0.0000670 seconds
113.680: Application time: 0.0396810 seconds
113.680: [GC113.680: [ParNew: 16998K->1546K(18048K), 0.0006010 secs] 53209K->37756K(57984K), 0.0006310 secs] [Times: user=0.01 sys=0.00, real=0.00 secs] 
113.680: Total time for which application threads were stopped: 0.0007510 seconds, Stopping threads took: 0.0000610 seconds
113.719: Application time: 0.0389640 seconds
113.719: [GC113.719: [ParNew: 17512K->1546K(18048K), 0.0006370 secs] 53723K->37756K(57984K), 0.0006670 secs] [Times: user=0.01 sys=0.00, real=0.00 secs] 
113.720: Total time for which application threads were stopped: 0.0007910 seconds, Stopping threads took: 0.0000660 seconds
113.759: Application time: 0.0393150 seconds
113.759: [GC113.759: [ParNew: 17512K->1546K(18048K), 0.0006620 secs] 53723K->37756K(57984K), 0.0006880 secs] [Times: user=0.00 sys=0.00, real=0.00 secs] 
113.760: Total time for which application threads were stopped: 0.0008150 seconds, Stopping threads took: 0.0000670 seconds
113.799: Application time: 0.0385290 seconds
113.799: [GC113.799: [ParNew: 17595K->1064K(18048K), 0.0005340 secs] 53806K->37274K(57984K), 0.0005600 secs] [Times: user=0.01 sys=0.00, real=0.00 secs] 
113.799: Total time for which application threads were stopped: 0.0006760 seconds, Stopping threads took: 0.0000620 seconds
113.839: Application time: 0.0391920 seconds
113.839: [GC113.839: [ParNew: 17030K->1032K(18048K), 0.0005240 secs] 53241K->37306K(57984K), 0.0005520 secs] [Times: user=0.00 sys=0.00, real=0.00 secs] 
113.839: Total time for which application threads were stopped: 0.0006790 seconds, Stopping threads took: 0.0000700 seconds
113.879: Application time: 0.0401360 seconds
113.880: [GC113.880: [ParNew: 17077K->1066K(18048K), 0.0005330 secs] 53351K->37340K(57984K), 0.0005610 secs] [Times: user=0.01 sys=0.00, real=0.00 secs] 
113.880: Total time for which application threads were stopped: 0.0006920 seconds, Stopping threads took: 0.0000760 seconds
113.918: Application time: 0.0376950 seconds
113.918: [GC113.918: [ParNew: 16673K->1094K(18048K), 0.0005450 secs] 52947K->37425K(57984K), 0.0005720 secs] [Times: user=0.01 sys=0.00, real=0.00 secs] 
113.918: Total time for which application threads were stopped: 0.0006850 seconds, Stopping threads took: 0.0000580 seconds
113.957: Application time: 0.0381780 seconds
113.957: [GC113.957: [ParNew: 17135K->1576K(18048K), 0.0007110 secs] 53465K->38003K(57984K), 0.0007410 secs] [Times: user=0.01 sys=0.00, real=0.01 secs] 
113.958: Total time for which application threads were stopped: 0.0008600 seconds, Stopping threads took: 0.0000560 seconds
113.998: Application time: 0.0404940 seconds
113.998: [GC113.998: [ParNew: 17544K->1034K(18048K), 0.0005500 secs] 53971K->37509K(57984K), 0.0005780 secs] [Times: user=0.01 sys=0.00, real=0.00 secs] 
113.999: Total time for which application threads were stopped: 0.0007120 seconds, Stopping threads took: 0.0000760 seconds
114.035: Application time: 0.0366080 seconds
114.035: [GC114.035: [ParNew: 16639K->1606K(18048K), 0.0006990 secs] 53114K->38081K(57984K), 0.0007330 secs] [Times: user=0.00 sys=0.00, real=0.00 secs] 
114.036: Total time for which application threads were stopped: 0.0008580 seconds, Stopping threads took: 0.0000570 seconds
114.076: Application time: 0.0402270 seconds
114.077: [GC114.077: [ParNew: 17572K->1548K(18048K), 0.0006880 secs] 54047K->38119K(57984K), 0.0007190 secs] [Times: user=0.00 sys=0.00, real=0.01 secs] 
114.077: Total time for which application threads were stopped: 0.0008510 seconds, Stopping threads took: 0.0000720 seconds
114.117: Application time: 0.0397270 seconds
114.117: [GC114.117: [ParNew: 17516K->1032K(18048K), 0.0004810 secs] 54087K->37603K(57984K), 0.0005080 secs] [Times: user=0.00 sys=0.00, real=0.00 secs] 
114.118: Total time for which application threads were stopped: 0.0007190 seconds, Stopping threads took: 0.0001500 seconds
114.155: Application time: 0.0373450 seconds
114.155: [GC114.155: [ParNew: 17068K->1578K(18048K), 0.0008840 secs] 53639K->38661K(57984K), 0.0009290 secs] [Times: user=0.00 sys=0.00, real=0.00 secs] 
114.156: Total time for which application threads were stopped: 0.0010840 seconds, Stopping threads took: 0.0000830 seconds
114.195: Application time: 0.0387720 seconds
114.195: [GC114.195: [ParNew: 17544K->1546K(18048K), 0.0008460 secs] 54627K->39205K(57984K), 0.0008780 secs] [Times: user=0.01 sys=0.00, real=0.00 secs] 
114.196: Total time for which application threads were stopped: 0.0010110 seconds, Stopping threads took: 0.0000710 seconds
114.234: Application time: 0.0383670 seconds
114.234: [GC114.234: [ParNew: 17504K->1548K(18048K), 0.0012430 secs] 55163K->40743K(57984K), 0.0012790 secs] [Times: user=0.00 sys=0.00, real=0.00 secs] 
114.236: Total time for which application threads were stopped: 0.0014140 seconds, Stopping threads took: 0.0000670 seconds
114.276: Application time: 0.0407410 seconds
114.277: [GC114.277: [ParNew: 17519K->1548K(18048K), 0.0010260 secs]114.278: [Tenured: 40219K->8178K(40452K), 0.0050720 secs] 56714K->8178K(58500K), [Perm : 5146K->5146K(21248K)], 0.0061800 secs] [Times: user=0.01 sys=0.00, real=0.01 secs] 
114.283: Total time for which application threads were stopped: 0.0063380 seconds, Stopping threads took: 0.0000860 seconds
114.323: Application time: 0.0404410 seconds
114.323: [GC114.323: [ParNew: 15970K->1546K(18048K), 0.0008910 secs] 24149K->10236K(57984K), 0.0009250 secs] [Times: user=0.01 sys=0.00, real=0.00 secs] 
114.324: Total time for which application threads were stopped: 0.0011190 seconds, Stopping threads took: 0.0001110 seconds
114.365: Application time: 0.0405390 seconds
114.365: [GC114.365: [ParNew: 17519K->1034K(18048K), 0.0004870 secs] 26209K->9724K(57984K), 0.0005180 secs] [Times: user=0.00 sys=0.01, real=0.01 secs] 
114.366: Total time for which application threads were stopped: 0.0006590 seconds, Stopping threads took: 0.0000850 seconds
114.405: Application time: 0.0397620 seconds
114.405: [GC114.405: [ParNew: 17004K->524K(18048K), 0.0003290 secs] 25695K->9214K(57984K), 0.0003550 secs] [Times: user=0.00 sys=0.00, real=0.00 secs] 
114.406: Total time for which application threads were stopped: 0.0004630 seconds, Stopping threads took: 0.0000550 seconds
114.442: Application time: 0.0357130 seconds
114.442: [GC114.442: [ParNew: 16548K->1580K(18048K), 0.0011400 secs] 25238K->11806K(57984K), 0.0011700 secs] [Times: user=0.01 sys=0.00, real=0.00 secs] 
114.443: Total time for which application threads were stopped: 0.0013100 seconds, Stopping threads took: 0.0000780 seconds
114.484: Application time: 0.0407940 seconds
114.484: [GC114.484: [ParNew: 17551K->1548K(18048K), 0.0010160 secs] 27777K->12878K(57984K), 0.0010480 secs] [Times: user=0.01 sys=0.00, real=0.00 secs] 
114.485: Total time for which application threads were stopped: 0.0011740 seconds, Stopping threads took: 0.0000620 seconds
114.525: Application time: 0.0399390 seconds
114.525: [GC114.525: [ParNew: 17516K->1548K(18048K), 0.0008410 secs] 28847K->13390K(57984K), 0.0008730 secs] [Times: user=0.01 sys=0.00, real=0.01 secs] 
114.526: Total time for which application threads were stopped: 0.0010070 seconds, Stopping threads took: 0.0000700 seconds
114.567: Application time: 0.0408740 seconds
114.567: [GC114.567: [ParNew: 17599K->1068K(18048K), 0.0004410 secs] 29441K->12910K(57984K), 0.0004690 secs] [Times: user=0.00 sys=0.00, real=0.00 secs] 
114.567: Total time for which application threads were stopped: 0.0006790 seconds, Stopping threads took: 0.0001520 seconds
114.605: Application time: 0.0374120 seconds
114.605: [GC114.605: [ParNew: 16749K->1636K(18048K), 0.0006590 secs] 28591K->13542K(57984K), 0.0006880 secs] [Times: user=0.01 sys=0.00, real=0.01 secs] 
114.606: Total time for which application threads were stopped: 0.0008100 seconds, Stopping threads took: 0.0000640 seconds
114.645: Application time: 0.0395900 seconds
114.645: [GC114.645: [ParNew: 17598K->1550K(18048K), 0.0008160 secs] 29505K->14096K(57984K), 0.0008470 secs] [Times: user=0.00 sys=0.00, real=0.00 secs] 
114.646: Total time for which application threads were stopped: 0.0009990 seconds, Stopping threads took: 0.0000810 seconds
114.686: Application time: 0.0395480 seconds
114.686: [GC114.686: [ParNew: 17516K->1548K(18048K), 0.0008080 secs] 30063K->14606K(57984K), 0.0008380 secs] [Times: user=0.01 sys=0.00, real=0.00 secs] 
114.687: Total time for which application threads were stopped: 0.0009960 seconds, Stopping threads took: 0.0000880 seconds
114.727: Application time: 0.0401920 seconds
114.727: [GC114.727: [ParNew: 17159K->1608K(18048K), 0.0006170 secs] 30218K->14666K(57984K), 0.0006470 secs] [Times: user=0.00 sys=0.00, real=0.00 secs] 
114.728: Total time for which application threads were stopped: 0.0007670 seconds, Stopping threads took: 0.0000560 seconds
114.765: Application time: 0.0374540 seconds
114.765: [GC114.765: [ParNew: 17570K->1546K(18048K), 0.0008110 secs] 30629K->15220K(57984K), 0.0008430 secs] [Times: user=0.01 sys=0.00, real=0.00 secs] 
114.766: Total time for which application threads were stopped: 0.0010180 seconds, Stopping threads took: 0.0001130 seconds
114.806: Application time: 0.0399250 seconds
114.806: [GC114.806: [ParNew: 17582K->1578K(18048K), 0.0011520 secs] 31257K->16788K(57984K), 0.0011850 secs] [Times: user=0.01 sys=0.00, real=0.00 secs] 
114.807: Total time for which application threads were stopped: 0.0013150 seconds, Stopping threads took: 0.0000650 seconds
114.847: Application time: 0.0394800 seconds
114.847: [GC114.847: [ParNew: 17549K->1548K(18048K), 0.0010090 secs] 32759K->17838K(57984K), 0.0010400 secs] [Times: user=0.01 sys=0.00, real=0.00 secs] 
114.848: Total time for which application threads were stopped: 0.0011660 seconds, Stopping threads took: 0.0000620 seconds
114.888: Application time: 0.0397980 seconds
114.888: [GC114.888: [ParNew: 17519K->1546K(18048K), 0.0008060 secs] 33809K->18348K(57984K), 0.0008360 secs] [Times: user=0.00 sys=0.00, real=0.00 secs] 
114.889: Total time for which application threads were stopped: 0.0009850 seconds, Stopping threads took: 0.0000880 seconds
114.929: Application time: 0.0397820 seconds
114.929: [GC114.929: [ParNew: 17517K->1546K(18048K), 0.0006450 secs] 34319K->18348K(57984K), 0.0006730 secs] [Times: user=0.00 sys=0.00, real=0.00 secs] 
114.929: Total time for which application threads were stopped: 0.0008160 seconds, Stopping threads took: 0.0000840 seconds
114.969: Application time: 0.0394770 seconds
114.969: [GC114.969: [ParNew: 17508K->1546K(18048K), 0.0007960 secs] 34311K->18860K(57984K), 0.0008290 secs] [Times: user=0.00 sys=0.00, real=0.00 secs] 
114.970: Total time for which application threads were stopped: 0.0009640 seconds, Stopping threads took: 0.0000740 seconds
115.010: Application time: 0.0406160 seconds
115.011: [GC115.011: [ParNew: 17517K->1546K(18048K), 0.0005840 secs] 34831K->18860K(57984K), 0.0006130 secs] [Times: user=0.00 sys=0.00, real=0.00 secs] 
115.011: Total time for which application threads were stopped: 0.0007300 seconds, Stopping threads took: 0.0000580 seconds
115.050: Application time: 0.0390610 seconds
115.050: [GC115.050: [ParNew: 17516K->1030K(18048K), 0.0005160 secs] 34831K->18344K(57984K), 0.0005410 secs] [Times: user=0.01 sys=0.00, real=0.00 secs] 
115.051: Total time for which application threads were stopped: 0.0006610 seconds, Stopping threads took: 0.0000650 seconds
115.090: Application time: 0.0390660 seconds
115.090: [GC115.090: [ParNew: 16992K->1546K(18048K), 0.0007000 secs] 34307K->18860K(57984K), 0.0007310 secs] [Times: user=0.00 sys=0.00, real=0.00 secs] 
115.091: Total time for which application threads were stopped: 0.0008640 seconds, Stopping threads took: 0.0000730 seconds
115.129: Application time: 0.0382840 seconds
115.129: [GC115.129: [ParNew: 17591K->1578K(18048K), 0.0006670 secs] 34905K->18893K(57984K), 0.0006970 secs] [Times: user=0.01 sys=0.00, real=0.00 secs] 
115.130: Total time for which application threads were stopped: 0.0009170 seconds, Stopping threads took: 0.0001590 seconds
115.171: Application time: 0.0409370 seconds
115.171: [GC115.171: [ParNew: 17544K->1548K(18048K), 0.0006730 secs] 34859K->18918K(57984K), 0.0007100 secs] [Times: user=0.00 sys=0.00, real=0.00 secs] 
115.172: Total time for which application threads were stopped: 0.0008280 seconds, Stopping threads took: 0.0000570 seconds
115.211: Application time: 0.0391060 seconds
115.211: [GC115.211: [ParNew: 17584K->1580K(18048K), 0.0009210 secs] 34955K->19975K(57984K), 0.0009520 secs] [Times: user=0.01 sys=0.00, real=0.00 secs] 
115.212: Total time for which application threads were stopped: 0.0011000 seconds, Stopping threads took: 0.0000750 seconds
115.253: Application time: 0.0409050 seconds
115.253: [GC115.253: [ParNew: 17629K->1578K(18048K), 0.0008450 secs] 36024K->20549K(57984K), 0.0008760 secs] [Times: user=0.00 sys=0.00, real=0.00 secs] 
115.254: Total time for which application threads were stopped: 0.0010080 seconds, Stopping threads took: 0.0000740 seconds
115.294: Application time: 0.0395900 seconds
115.294: [GC115.294: [ParNew: 17193K->1094K(18048K), 0.0006080 secs] 36164K->20129K(57984K), 0.0006350 secs] [Times: user=0.00 sys=0.00, real=0.00 secs] 
115.294: Total time for which application threads were stopped: 0.0007740 seconds, Stopping threads took: 0.0000810 seconds
115.335: Application time: 0.0405670 seconds
115.335: [GC115.335: [ParNew: 17065K->522K(18048K), 0.0003320 secs] 36100K->19661K(57984K), 0.0003600 secs] [Times: user=0.00 sys=0.00, real=0.00 secs] 
115.335: Total time for which application threads were stopped: 0.0004730 seconds, Stopping threads took: 0.0000590 seconds
115.373: Application time: 0.0372660 seconds
115.373: [GC115.373: [ParNew: 16575K->562K(18048K), 0.0003940 secs] 35714K->19701K(57984K), 0.0004230 secs] [Times: user=0.00 sys=0.00, real=0.00 secs] 
115.373: Total time for which application threads were stopped: 0.0005300 seconds, Stopping threads took: 0.0000510 seconds
115.412: Application time: 0.0387380 seconds
115.412: [GC115.412: [ParNew: 16578K->1606K(18048K), 0.0011420 secs] 35717K->22281K(57984K), 0.0011840 secs] [Times: user=0.00 sys=0.00, real=0.00 secs] 
115.413: Total time for which application threads were stopped: 0.0013190 seconds, Stopping threads took: 0.0000670 seconds
115.452: Application time: 0.0386060 seconds
115.452: [GC115.452: [ParNew: 17577K->1550K(18048K), 0.0009730 secs] 38252K->23345K(57984K), 0.0010050 secs] [Times: user=0.01 sys=0.00, real=0.00 secs] 
115.453: Total time for which application threads were stopped: 0.0011340 seconds, Stopping threads took: 0.0000650 seconds
115.494: Application time: 0.0408470 seconds
115.494: [GC115.494: [ParNew: 17601K->1578K(18048K), 0.0006890 secs] 39396K->23373K(57984K), 0.0007170 secs] [Times: user=0.00 sys=0.00, real=0.00 secs] 
115.495: Total time for which application threads were stopped: 0.0008330 seconds, Stopping threads took: 0.0000580 seconds
115.534: Application time: 0.0396700 seconds
115.534: [GC115.535: [ParNew: 17542K->1546K(18048K), 0.0006480 secs] 39337K->23405K(57984K), 0.0006760 secs] [Times: user=0.00 sys=0.00, real=0.00 secs] 
115.535: Total time for which application threads were stopped: 0.0008920 seconds, Stopping threads took: 0.0001590 seconds
115.576: Application time: 0.0409830 seconds
115.576: [GC115.576: [ParNew: 17514K->1032K(18048K), 0.0004660 secs] 39374K->22891K(57984K), 0.0004930 secs] [Times: user=0.00 sys=0.00, real=0.00 secs] 
115.577: Total time for which application threads were stopped: 0.0006070 seconds, Stopping threads took: 0.0000560 seconds
115.616: Application time: 0.0393200 seconds
115.616: [GC115.616: [ParNew: 16998K->1034K(18048K), 0.0004580 secs] 38857K->22893K(57984K), 0.0004840 secs] [Times: user=0.00 sys=0.00, real=0.00 secs] 
115.617: Total time for which application threads were stopped: 0.0006030 seconds, Stopping threads took: 0.0000620 seconds
115.656: Application time: 0.0388600 seconds
115.656: [GC115.656: [ParNew: 16996K->1548K(18048K), 0.0006610 secs] 38855K->23407K(57984K), 0.0006900 secs] [Times: user=0.01 sys=0.00, real=0.00 secs] 
115.656: Total time for which application threads were stopped: 0.0008180 seconds, Stopping threads took: 0.0000670 seconds
115.696: Application time: 0.0392410 seconds
115.696: [GC115.696: [ParNew: 17514K->1548K(18048K), 0.0006000 secs] 39374K->23407K(57984K), 0.0006360 secs] [Times: user=0.01 sys=0.00, real=0.00 secs] 
115.696: Total time for which application threads were stopped: 0.0007900 seconds, Stopping threads took: 0.0000960 seconds
115.736: Application time: 0.0393650 seconds
115.736: [GC115.736: [ParNew: 17510K->1548K(18048K), 0.0008350 secs] 39369K->23919K(57984K), 0.0008640 secs] [Times: user=0.01 sys=0.00, real=0.00 secs] 
115.737: Total time for which application threads were stopped: 0.0010100 seconds, Stopping threads took: 0.0000760 seconds
115.777: Application time: 0.0398040 seconds
115.777: [GC115.777: [ParNew: 17595K->1578K(18048K), 0.0006390 secs] 39966K->23949K(57984K), 0.0006680 secs] [Times: user=0.00 sys=0.00, real=0.01 secs] 
115.777: Total time for which application threads were stopped: 0.0008020 seconds, Stopping threads took: 0.0000740 seconds
115.817: Application time: 0.0396700 seconds
115.817: [GC115.817: [ParNew: 17549K->1034K(18048K), 0.0004500 secs] 39920K->23469K(57984K), 0.0004790 secs] [Times: user=0.01 sys=0.00, real=0.00 secs] 
115.818: Total time for which application threads were stopped: 0.0006110 seconds, Stopping threads took: 0.0000750 seconds
115.857: Application time: 0.0395430 seconds
115.857: [GC115.857: [ParNew: 16996K->1548K(18048K), 0.0006140 secs] 39431K->23983K(57984K), 0.0006430 secs] [Times: user=0.01 sys=0.00, real=0.00 secs] 
115.858: Total time for which application threads were stopped: 0.0007700 seconds, Stopping threads took: 0.0000680 seconds
115.898: Application time: 0.0395150 seconds
115.898: [GC115.898: [ParNew: 17597K->1064K(18048K), 0.0005200 secs] 40032K->23499K(57984K), 0.0005490 secs] [Times: user=0.01 sys=0.00, real=0.00 secs] 
115.898: Total time for which application threads were stopped: 0.0006640 seconds, Stopping threads took: 0.0000600 seconds
115.936: Application time: 0.0381790 seconds
115.937: [GC115.937: [ParNew: 16745K->1636K(18048K), 0.0006950 secs] 39180K->24127K(57984K), 0.0007250 secs] [Times: user=0.01 sys=0.00, real=0.01 secs] 
115.937: Total time for which application threads were stopped: 0.0009480 seconds, Stopping threads took: 0.0001630 seconds
115.973: Application time: 0.0359430 seconds
115.973: [GC115.973: [ParNew: 17590K->1550K(18048K), 0.0011390 secs] 40081K->25705K(57984K), 0.0011730 secs] [Times: user=0.00 sys=0.00, real=0.00 secs] 
115.975: Total time for which application threads were stopped: 0.0013260 seconds, Stopping threads took: 0.0000860 seconds
116.016: Application time: 0.0411520 seconds
116.016: [GC116.016: [ParNew: 17521K->1550K(18048K), 0.0010160 secs] 41676K->26729K(57984K), 0.0010460 secs] [Times: user=0.01 sys=0.00, real=0.00 secs] 
116.017: Total time for which application threads were stopped: 0.0011790 seconds, Stopping threads took: 0.0000710 seconds
116.057: Application time: 0.0398140 seconds
116.057: [GC116.057: [ParNew: 17165K->1608K(18048K), 0.0006630 secs] 42345K->26787K(57984K), 0.0006910 secs] [Times: user=0.00 sys=0.00, real=0.01 secs] 
116.058: Total time for which application threads were stopped: 0.0008100 seconds, Stopping threads took: 0.0000600 seconds
116.098: Application time: 0.0399500 seconds
116.098: [GC116.098: [ParNew: 17579K->1034K(18048K), 0.0004460 secs] 42758K->26329K(57984K), 0.0004710 secs] [Times: user=0.00 sys=0.00, real=0.00 secs] 
116.098: Total time for which application threads were stopped: 0.0006150 seconds, Stopping threads took: 0.0000880 seconds
116.136: Application time: 0.0379910 seconds
116.136: [GC116.136: [ParNew: 16992K->1546K(18048K), 0.0007680 secs] 42288K->27353K(57984K), 0.0007980 secs] [Times: user=0.00 sys=0.00, real=0.00 secs] 
116.137: Total time for which application threads were stopped: 0.0010210 seconds, Stopping threads took: 0.0001610 seconds
116.176: Application time: 0.0386260 seconds
116.176: [GC116.176: [ParNew: 17582K->1578K(18048K), 0.0012060 secs] 43390K->28921K(57984K), 0.0012390 secs] [Times: user=0.01 sys=0.00, real=0.00 secs] 
116.177: Total time for which application threads were stopped: 0.0013880 seconds, Stopping threads took: 0.0000650 seconds
116.217: Application time: 0.0402830 seconds
116.218: [GC116.218: [ParNew: 17549K->1552K(18048K), 0.0025190 secs] 44892K->29983K(57984K), 0.0025560 secs] [Times: user=0.01 sys=0.00, real=0.00 secs] 
116.220: Total time for which application threads were stopped: 0.0026790 seconds, Stopping threads took: 0.0000590 seconds
116.261: Application time: 0.0407850 seconds
116.261: [GC116.261: [ParNew: 17523K->1550K(18048K), 0.0008720 secs] 45954K->30493K(57984K), 0.0009000 secs] [Times: user=0.00 sys=0.00, real=0.00 secs] 
116.262: Total time for which application threads were stopped: 0.0010380 seconds, Stopping threads took: 0.0000680 seconds
116.303: Application time: 0.0406820 seconds
116.303: [GC116.303: [ParNew: 17523K->1034K(18048K), 0.0005130 secs] 46466K->29977K(57984K), 0.0005390 secs] [Times: user=0.00 sys=0.00, real=0.00 secs] 
116.303: Total time for which application threads were stopped: 0.0006510 seconds, Stopping threads took: 0.0000580 seconds
116.343: Application time: 0.0399200 seconds
116.343: [GC116.343: [ParNew: 17004K->522K(18048K), 0.0003950 secs] 45948K->29465K(57984K), 0.0004220 secs] [Times: user=0.01 sys=0.00, real=0.00 secs] 
116.344: Total time for which application threads were stopped: 0.0005290 seconds, Stopping threads took: 0.0000520 seconds
116.382: Application time: 0.0384840 seconds
116.382: [GC116.382: [ParNew: 16488K->522K(18048K), 0.0003960 secs] 45432K->29465K(57984K), 0.0004210 secs] [Times: user=0.01 sys=0.00, real=0.00 secs] 
116.383: Total time for which application threads were stopped: 0.0005230 seconds, Stopping threads took: 0.0000510 seconds
116.419: Application time: 0.0362020 seconds
116.419: [GC116.419: [ParNew: 16546K->1580K(18048K), 0.0011490 secs] 45489K->32059K(57984K), 0.0011820 secs] [Times: user=0.00 sys=0.00, real=0.00 secs] 
116.420: Total time for which application threads were stopped: 0.0013210 seconds, Stopping threads took: 0.0000720 seconds
116.461: Application time: 0.0407220 seconds
116.461: [GC116.461: [ParNew: 17553K->1546K(18048K), 0.0007970 secs] 48032K->32609K(57984K), 0.0008270 secs] [Times: user=0.00 sys=0.01, real=0.00 secs] 
116.462: Total time for which application threads were stopped: 0.0009560 seconds, Stopping threads took: 0.0000680 seconds
116.502: Application time: 0.0397510 seconds
116.502: [GC116.502: [ParNew: 17519K->1034K(18048K), 0.0004330 secs] 48582K->32097K(57984K), 0.0004610 secs] [Times: user=0.00 sys=0.00, real=0.00 secs] 
116.502: Total time for which application threads were stopped: 0.0005830 seconds, Stopping threads took: 0.0000660 seconds
116.543: Application time: 0.0411890 seconds
116.544: [GC116.544: [ParNew: 17079K->1064K(18048K), 0.0004420 secs] 48142K->32127K(57984K), 0.0004690 secs] [Times: user=0.00 sys=0.00, real=0.00 secs] 
116.544: Total time for which application threads were stopped: 0.0005790 seconds, Stopping threads took: 0.0000530 seconds
116.583: Application time: 0.0388330 seconds
116.583: [GC116.583: [ParNew: 17030K->1034K(18048K), 0.0005420 secs] 48094K->32153K(57984K), 0.0005690 secs] [Times: user=0.00 sys=0.00, real=0.00 secs] 
116.584: Total time for which application threads were stopped: 0.0006930 seconds, Stopping threads took: 0.0000680 seconds
116.622: Application time: 0.0388960 seconds
116.623: [GC116.623: [ParNew: 16719K->1124K(18048K), 0.0005510 secs] 47839K->32244K(57984K), 0.0005800 secs] [Times: user=0.00 sys=0.00, real=0.00 secs] 
116.623: Total time for which application threads were stopped: 0.0007570 seconds, Stopping threads took: 0.0001210 seconds
116.664: Application time: 0.0407340 seconds
116.664: [GC116.664: [ParNew: 17086K->1546K(18048K), 0.0006580 secs] 48206K->32794K(57984K), 0.0006850 secs] [Times: user=0.00 sys=0.00, real=0.00 secs] 
116.665: Total time for which application threads were stopped: 0.0008040 seconds, Stopping threads took: 0.0000630 seconds
116.703: Application time: 0.0378070 seconds
116.703: [GC116.703: [ParNew: 17582K->1576K(18048K), 0.0010770 secs] 48830K->33848K(57984K), 0.0011180 secs] [Times: user=0.00 sys=0.00, real=0.00 secs] 
116.704: Total time for which application threads were stopped: 0.0012600 seconds, Stopping threads took: 0.0000790 seconds
116.744: Application time: 0.0404520 seconds
116.744: [GC116.744: [ParNew: 17625K->1578K(18048K), 0.0008200 secs] 49897K->34422K(57984K), 0.0008500 secs] [Times: user=0.00 sys=0.00, real=0.01 secs] 
116.745: Total time for which application threads were stopped: 0.0009690 seconds, Stopping threads took: 0.0000560 seconds
116.786: Application time: 0.0407300 seconds
116.786: [GC116.786: [ParNew: 17549K->1034K(18048K), 0.0005840 secs] 50393K->33934K(57984K), 0.0006120 secs] [Times: user=0.00 sys=0.00, real=0.00 secs] 
116.787: Total time for which application threads were stopped: 0.0007550 seconds, Stopping threads took: 0.0000750 seconds
116.826: Application time: 0.0393850 seconds
116.826: [GC116.826: [ParNew: 17002K->1034K(18048K), 0.0005210 secs] 49902K->33934K(57984K), 0.0005490 secs] [Times: user=0.00 sys=0.00, real=0.00 secs] 
116.827: Total time for which application threads were stopped: 0.0007920 seconds, Stopping threads took: 0.0001870 seconds
116.864: Application time: 0.0368510 seconds
116.864: [GC116.864: [ParNew: 17062K->1578K(18048K), 0.0012370 secs] 49962K->36014K(57984K), 0.0012720 secs] [Times: user=0.00 sys=0.00, real=0.01 secs] 
116.865: Total time for which application threads were stopped: 0.0014290 seconds, Stopping threads took: 0.0000900 seconds
116.906: Application time: 0.0409550 seconds
116.906: [GC116.906: [ParNew: 17551K->1546K(18048K), 0.0008420 secs] 51987K->36566K(57984K), 0.0008710 secs] [Times: user=0.01 sys=0.00, real=0.00 secs] 
116.907: Total time for which application threads were stopped: 0.0010110 seconds, Stopping threads took: 0.0000800 seconds
116.947: Application time: 0.0397380 seconds
116.947: [GC116.947: [ParNew: 17512K->1548K(18048K), 0.0008540 secs] 52532K->37080K(57984K), 0.0008860 secs] [Times: user=0.00 sys=0.00, real=0.00 secs] 
116.948: Total time for which application threads were stopped: 0.0010360 seconds, Stopping threads took: 0.0000870 seconds
116.989: Application time: 0.0408480 seconds
116.989: [GC116.989: [ParNew: 17521K->1034K(18048K), 0.0004990 secs] 53053K->36566K(57984K), 0.0005270 secs] [Times: user=0.00 sys=0.00, real=0.00 secs] 
116.990: Total time for which application threads were stopped: 0.0006530 seconds, Stopping threads took: 0.0000690 seconds
117.029: Application time: 0.0392560 seconds
117.029: [GC117.029: [ParNew: 17004K->522K(18048K), 0.0003370 secs] 52537K->36054K(57984K), 0.0003630 secs] [Times: user=0.01 sys=0.00, real=0.00 secs] 
117.029: Total time for which application threads were stopped: 0.0004920 seconds, Stopping threads took: 0.0000740 seconds
117.067: Application time: 0.0379950 seconds
117.067: [GC117.067: [ParNew: 16554K->1578K(18048K), 0.0007820 secs] 52086K->37622K(57984K), 0.0008140 secs] [Times: user=0.01 sys=0.00, real=0.00 secs] 
117.068: Total time for which application threads were stopped: 0.0009870 seconds, Stopping threads took: 0.0001100 seconds
117.108: Application time: 0.0395070 seconds
117.108: [GC117.108: [ParNew: 17540K->1548K(18048K), 0.0009950 secs] 53584K->38664K(57984K), 0.0010280 secs] [Times: user=0.01 sys=0.00, real=0.00 secs] 
117.109: Total time for which application threads were stopped: 0.0011650 seconds, Stopping threads took: 0.0000770 seconds
117.148: Application time: 0.0391520 seconds
117.148: [GC117.148: [ParNew: 17521K->1544K(18048K), 0.0006570 secs] 54637K->38660K(57984K), 0.0006840 secs] [Times: user=0.01 sys=0.00, real=0.00 secs] 
117.149: Total time for which application threads were stopped: 0.0009080 seconds, Stopping threads took: 0.0001670 seconds
117.190: Application time: 0.0408210 seconds
117.190: [GC117.190: [ParNew: 17593K->1064K(18048K), 0.0004550 secs] 54709K->38180K(57984K), 0.0004860 secs] [Times: user=0.00 sys=0.00, real=0.00 secs] 
117.190: Total time for which application threads were stopped: 0.0006020 seconds, Stopping threads took: 0.0000580 seconds
117.231: Application time: 0.0410700 seconds
117.232: [GC117.232: [ParNew: 17035K->520K(18048K), 0.0003160 secs] 54151K->37708K(57984K), 0.0003510 secs] [Times: user=0.01 sys=0.00, real=0.00 secs] 
117.232: Total time for which application threads were stopped: 0.0004580 seconds, Stopping threads took: 0.0000510 seconds
117.271: Application time: 0.0390980 seconds
117.271: [GC117.271: [ParNew: 16564K->554K(18048K), 0.0003940 secs] 53753K->37742K(57984K), 0.0004200 secs] [Times: user=0.00 sys=0.00, real=0.00 secs] 
117.272: Total time for which application threads were stopped: 0.0005340 seconds, Stopping threads took: 0.0000610 seconds
117.307: Application time: 0.0350960 seconds
117.307: [GC117.307: [ParNew: 16144K->1634K(18048K), 0.0009740 secs] 53332K->39846K(57984K), 0.0010070 secs] [Times: user=0.01 sys=0.00, real=0.00 secs] 
117.308: Total time for which application threads were stopped: 0.0011560 seconds, Stopping threads took: 0.0000750 seconds
117.349: Application time: 0.0407310 seconds
117.349: [GC117.349: [ParNew: 17605K->1544K(18048K), 0.0007240 secs] 55817K->39896K(57984K), 0.0007550 secs] [Times: user=0.01 sys=0.00, real=0.00 secs] 
117.349: Total time for which application threads were stopped: 0.0008730 seconds, Stopping threads took: 0.0000580 seconds
117.390: Application time: 0.0407980 seconds
117.390: [GC117.390: [ParNew: 17159K->584K(18048K), 0.0003820 secs] 55511K->38936K(57984K), 0.0004070 secs] [Times: user=0.00 sys=0.00, real=0.00 secs] 
117.391: Total time for which application threads were stopped: 0.0005370 seconds, Stopping threads took: 0.0000770 seconds
117.430: Application time: 0.0390360 seconds
117.430: [GC117.430: [ParNew: 16555K->68K(18048K), 0.0002570 secs] 54907K->38420K(57984K), 0.0002830 secs] [Times: user=0.00 sys=0.00, real=0.00 secs] 
117.430: Total time for which application threads were stopped: 0.0003920 seconds, Stopping threads took: 0.0000550 seconds
117.466: Application time: 0.0361030 seconds
117.466: [GC117.466: [ParNew: 16014K->1608K(18048K), 0.0009960 secs] 54366K->40984K(57984K), 0.0010270 secs] [Times: user=0.01 sys=0.00, real=0.00 secs] 
117.467: Total time for which application threads were stopped: 0.0011750 seconds, Stopping threads took: 0.0000850 seconds
117.507: Application time: 0.0397790 seconds
117.507: [GC117.507: [ParNew: 17570K->17570K(18048K), 0.0000090 secs]117.507: [Tenured: 39376K->8920K(39936K), 0.0053780 secs] 56947K->8920K(57984K), [Perm : 5146K->5146K(21248K)], 0.0054370 secs] [Times: user=0.01 sys=0.00, real=0.00 secs] 
117.513: Total time for which application threads were stopped: 0.0055740 seconds, Stopping threads took: 0.0000650 seconds
117.554: Application time: 0.0410930 seconds
117.554: [GC117.554: [ParNew: 16049K->1578K(18048K), 0.0009640 secs] 24969K->11522K(57984K), 0.0009960 secs] [Times: user=0.01 sys=0.00, real=0.00 secs] 
117.555: Total time for which application threads were stopped: 0.0011450 seconds, Stopping threads took: 0.0000840 seconds
117.596: Application time: 0.0409420 seconds
117.596: [GC117.596: [ParNew: 17549K->1548K(18048K), 0.0007900 secs] 27493K->12076K(57984K), 0.0008200 secs] [Times: user=0.00 sys=0.00, real=0.00 secs] 
117.597: Total time for which application threads were stopped: 0.0009690 seconds, Stopping threads took: 0.0000880 seconds
117.638: Application time: 0.0406510 seconds
117.638: [GC117.638: [ParNew: 17514K->1546K(18048K), 0.0007680 secs] 28042K->12586K(57984K), 0.0008000 secs] [Times: user=0.01 sys=0.00, real=0.00 secs] 
117.639: Total time for which application threads were stopped: 0.0009250 seconds, Stopping threads took: 0.0000640 seconds
117.677: Application time: 0.0383900 seconds
117.677: [GC117.677: [ParNew: 17517K->1546K(18048K), 0.0006660 secs] 28557K->12586K(57984K), 0.0006970 secs] [Times: user=0.00 sys=0.00, real=0.01 secs] 
117.678: Total time for which application threads were stopped: 0.0008200 seconds, Stopping threads took: 0.0000630 seconds
117.718: Application time: 0.0402950 seconds
117.718: [GC117.718: [ParNew: 17591K->1576K(18048K), 0.0005930 secs] 28631K->12616K(57984K), 0.0006320 secs] [Times: user=0.00 sys=0.00, real=0.00 secs] 
117.719: Total time for which application threads were stopped: 0.0007600 seconds, Stopping threads took: 0.0000690 seconds
117.758: Application time: 0.0395720 seconds
117.759: [GC117.759: [ParNew: 17542K->1546K(18048K), 0.0006290 secs] 28583K->12666K(57984K), 0.0006580 secs] [Times: user=0.00 sys=0.00, real=0.00 secs] 
117.759: Total time for which application threads were stopped: 0.0007880 seconds, Stopping threads took: 0.0000700 seconds
117.798: Application time: 0.0384620 seconds
117.798: [GC117.798: [ParNew: 17512K->1546K(18048K), 0.0006310 secs] 28632K->12666K(57984K), 0.0006610 secs] [Times: user=0.00 sys=0.00, real=0.00 secs] 
117.798: Total time for which application threads were stopped: 0.0007790 seconds, Stopping threads took: 0.0000600 seconds
117.840: Application time: 0.0414060 seconds
117.840: [GC117.840: [ParNew: 17595K->1068K(18048K), 0.0004780 secs] 28715K->12188K(57984K), 0.0005060 secs] [Times: user=0.01 sys=0.00, real=0.00 secs] 
117.840: Total time for which application threads were stopped: 0.0006320 seconds, Stopping threads took: 0.0000590 seconds
117.880: Application time: 0.0395940 seconds
117.880: [GC117.880: [ParNew: 17034K->1034K(18048K), 0.0004360 secs] 28155K->12242K(57984K), 0.0004630 secs] [Times: user=0.01 sys=0.00, real=0.00 secs] 
117.881: Total time for which application threads were stopped: 0.0006020 seconds, Stopping threads took: 0.0000820 seconds
117.921: Application time: 0.0400150 seconds
117.921: [GC117.921: [ParNew: 17000K->1034K(18048K), 0.0005090 secs] 28208K->12242K(57984K), 0.0005350 secs] [Times: user=0.00 sys=0.00, real=0.00 secs] 
117.921: Total time for which application threads were stopped: 0.0006550 seconds, Stopping threads took: 0.0000640 seconds
117.958: Application time: 0.0364510 seconds
117.958: [GC117.958: [ParNew: 17090K->1602K(18048K), 0.0010210 secs] 28298K->13834K(57984K), 0.0010530 secs] [Times: user=0.01 sys=0.00, real=0.00 secs] 
117.959: Total time for which application threads were stopped: 0.0011830 seconds, Stopping threads took: 0.0000660 seconds
117.999: Application time: 0.0398070 seconds
117.999: [GC117.999: [ParNew: 17185K->1604K(18048K), 0.0010740 secs] 29417K->14924K(57984K), 0.0011050 secs] [Times: user=0.00 sys=0.00, real=0.00 secs] 
118.000: Total time for which application threads were stopped: 0.0012660 seconds, Stopping threads took: 0.0000990 seconds
118.041: Application time: 0.0409580 seconds
118.041: [GC118.041: [ParNew: 17575K->1544K(18048K), 0.0008960 secs] 30895K->15464K(57984K), 0.0009280 secs] [Times: user=0.01 sys=0.00, real=0.00 secs] 
118.042: Total time for which application threads were stopped: 0.0010480 seconds, Stopping threads took: 0.0000590 seconds
118.080: Application time: 0.0378020 seconds
118.080: [GC118.080: [ParNew: 17151K->1608K(18048K), 0.0007960 secs] 31071K->16040K(57984K), 0.0008260 secs] [Times: user=0.00 sys=0.00, real=0.00 secs] 
118.081: Total time for which application threads were stopped: 0.0009620 seconds, Stopping threads took: 0.0000750 seconds
118.122: Application time: 0.0412320 seconds
118.122: [GC118.122: [ParNew: 17581K->1034K(18048K), 0.0005360 secs] 32013K->15562K(57984K), 0.0005650 secs] [Times: user=0.01 sys=0.00, real=0.00 secs] 
118.123: Total time for which application threads were stopped: 0.0006840 seconds, Stopping threads took: 0.0000610 seconds
118.163: Application time: 0.0400480 seconds
118.165: [GC118.165: [ParNew: 17004K->518K(18048K), 0.0004770 secs] 31533K->15046K(57984K), 0.0005010 secs] [Times: user=0.00 sys=0.00, real=0.00 secs] 
118.166: Total time for which application threads were stopped: 0.0029970 seconds, Stopping threads took: 0.0024380 seconds
118.207: Application time: 0.0408740 seconds
118.207: [GC118.207: [ParNew: 16563K->550K(18048K), 0.0004090 secs] 31091K->15078K(57984K), 0.0004350 secs] [Times: user=0.00 sys=0.00, real=0.00 secs] 
118.207: Total time for which application threads were stopped: 0.0005490 seconds, Stopping threads took: 0.0000620 seconds
118.244: Application time: 0.0372530 seconds
118.245: [GC118.245: [ParNew: 16508K->1580K(18048K), 0.0006900 secs] 31036K->16108K(57984K), 0.0007290 secs] [Times: user=0.00 sys=0.00, real=0.01 secs] 
118.245: Total time for which application threads were stopped: 0.0008590 seconds, Stopping threads took: 0.0000690 seconds
118.286: Application time: 0.0404260 seconds
118.286: [GC118.286: [ParNew: 17548K->1034K(18048K), 0.0005320 secs] 32077K->15634K(57984K), 0.0005600 secs] [Times: user=0.00 sys=0.00, real=0.00 secs] 
118.286: Total time for which application threads were stopped: 0.0006890 seconds, Stopping threads took: 0.0000740 seconds
118.325: Application time: 0.0384010 seconds
118.325: [GC118.325: [ParNew: 16992K->1546K(18048K), 0.0007730 secs] 31592K->16658K(57984K), 0.0008030 secs] [Times: user=0.00 sys=0.01, real=0.01 secs] 
118.326: Total time for which application threads were stopped: 0.0009470 seconds, Stopping threads took: 0.0000840 seconds
118.366: Application time: 0.0400860 seconds
118.366: [GC118.366: [ParNew: 17591K->1576K(18048K), 0.0008680 secs] 32703K->17200K(57984K), 0.0008980 secs] [Times: user=0.00 sys=0.00, real=0.00 secs] 
118.367: Total time for which application threads were stopped: 0.0010520 seconds, Stopping threads took: 0.0000850 seconds
118.405: Application time: 0.0379860 seconds
118.405: [GC118.405: [ParNew: 17538K->1546K(18048K), 0.0010250 secs] 33163K->18266K(57984K), 0.0010600 secs] [Times: user=0.00 sys=0.00, real=0.01 secs] 
118.406: Total time for which application threads were stopped: 0.0012280 seconds, Stopping threads took: 0.0001040 seconds
118.446: Application time: 0.0400340 seconds
118.446: [GC118.446: [ParNew: 17517K->1548K(18048K), 0.0008060 secs] 34237K->18780K(57984K), 0.0008360 secs] [Times: user=0.01 sys=0.00, real=0.00 secs] 
118.447: Total time for which application threads were stopped: 0.0009620 seconds, Stopping threads took: 0.0000670 seconds
118.488: Application time: 0.0405820 seconds
118.488: [GC118.488: [ParNew: 17516K->1548K(18048K), 0.0005850 secs] 34749K->18780K(57984K), 0.0006130 secs] [Times: user=0.01 sys=0.00, real=0.00 secs] 
118.489: Total time for which application threads were stopped: 0.0007400 seconds, Stopping threads took: 0.0000670 seconds
118.528: Application time: 0.0392490 seconds
118.528: [GC118.528: [ParNew: 17597K->1064K(18048K), 0.0004400 secs] 34829K->18296K(57984K), 0.0004680 secs] [Times: user=0.00 sys=0.00, real=0.00 secs] 
118.528: Total time for which application threads were stopped: 0.0005830 seconds, Stopping threads took: 0.0000570 seconds
118.568: Application time: 0.0396470 seconds
118.568: [GC118.568: [ParNew: 17026K->1034K(18048K), 0.0004780 secs] 34259K->18322K(57984K), 0.0005050 secs] [Times: user=0.00 sys=0.00, real=0.00 secs] 
118.569: Total time for which application threads were stopped: 0.0006530 seconds, Stopping threads took: 0.0000890 seconds
118.609: Application time: 0.0407160 seconds
118.609: [GC118.609: [ParNew: 17081K->1068K(18048K), 0.0004700 secs] 34369K->18356K(57984K), 0.0004970 secs] [Times: user=0.00 sys=0.00, real=0.00 secs] 
118.610: Total time for which application threads were stopped: 0.0006170 seconds, Stopping threads took: 0.0000650 seconds
118.648: Application time: 0.0384570 seconds
118.649: [GC118.649: [ParNew: 17121K->1074K(18048K), 0.0004760 secs] 34409K->18434K(57984K), 0.0005030 secs] [Times: user=0.01 sys=0.00, real=0.00 secs] 
118.649: Total time for which application threads were stopped: 0.0006170 seconds, Stopping threads took: 0.0000550 seconds
118.687: Application time: 0.0383730 seconds
118.688: [GC118.688: [ParNew: 17102K->1580K(18048K), 0.0007890 secs] 34463K->19516K(57984K), 0.0008220 secs] [Times: user=0.01 sys=0.00, real=0.00 secs] 
118.688: Total time for which application threads were stopped: 0.0009560 seconds, Stopping threads took: 0.0000710 seconds
118.728: Application time: 0.0392250 seconds
118.728: [GC118.728: [ParNew: 17621K->1580K(18048K), 0.0009400 secs] 35557K->20596K(57984K), 0.0009740 secs] [Times: user=0.01 sys=0.00, real=0.00 secs] 
118.729: Total time for which application threads were stopped: 0.0011060 seconds, Stopping threads took: 0.0000670 seconds
118.770: Application time: 0.0409560 seconds
118.770: [GC118.770: [ParNew: 17629K->1578K(18048K), 0.0008380 secs] 36646K->21162K(57984K), 0.0008750 secs] [Times: user=0.00 sys=0.00, real=0.00 secs] 
118.771: Total time for which application threads were stopped: 0.0010040 seconds, Stopping threads took: 0.0000680 seconds
118.810: Application time: 0.0388840 seconds
118.810: [GC118.810: [ParNew: 17540K->1548K(18048K), 0.0009440 secs] 37125K->22220K(57984K), 0.0009760 secs] [Times: user=0.01 sys=0.00, real=0.00 secs] 
118.811: Total time for which application threads were stopped: 0.0011110 seconds, Stopping threads took: 0.0000740 seconds
118.849: Application time: 0.0384550 seconds
118.849: [GC118.849: [ParNew: 17514K->1546K(18048K), 0.0009510 secs] 38187K->23243K(57984K), 0.0009820 secs] [Times: user=0.01 sys=0.00, real=0.00 secs] 
118.850: Total time for which application threads were stopped: 0.0011080 seconds, Stopping threads took: 0.0000630 seconds
118.890: Application time: 0.0397690 seconds
118.890: [GC118.890: [ParNew: 17595K->1578K(18048K), 0.0007990 secs] 39292K->23787K(57984K), 0.0008290 secs] [Times: user=0.01 sys=0.00, real=0.00 secs] 
118.891: Total time for which application threads were stopped: 0.0009650 seconds, Stopping threads took: 0.0000670 seconds
118.931: Application time: 0.0404940 seconds
118.932: [GC118.932: [ParNew: 17549K->1546K(18048K), 0.0006150 secs] 39757K->23827K(57984K), 0.0006440 secs] [Times: user=0.00 sys=0.00, real=0.00 secs] 
118.932: Total time for which application threads were stopped: 0.0007690 seconds, Stopping threads took: 0.0000650 seconds
118.973: Application time: 0.0404360 seconds
118.973: [GC118.973: [ParNew: 17516K->1034K(18048K), 0.0004420 secs] 39797K->23315K(57984K), 0.0004690 secs] [Times: user=0.00 sys=0.00, real=0.00 secs] 
118.973: Total time for which application threads were stopped: 0.0005880 seconds, Stopping threads took: 0.0000600 seconds
119.012: Application time: 0.0386750 seconds
119.012: [GC119.012: [ParNew: 17079K->1066K(18048K), 0.0004360 secs] 39360K->23347K(57984K), 0.0004630 secs] [Times: user=0.00 sys=0.00, real=0.00 secs] 
119.013: Total time for which application threads were stopped: 0.0005810 seconds, Stopping threads took: 0.0000620 seconds
119.053: Application time: 0.0401620 seconds
119.053: [GC119.053: [ParNew: 17037K->522K(18048K), 0.0004640 secs] 39317K->22867K(57984K), 0.0004900 secs] [Times: user=0.01 sys=0.00, real=0.00 secs] 
119.053: Total time for which application threads were stopped: 0.0006110 seconds, Stopping threads took: 0.0000650 seconds
119.093: Application time: 0.0394790 seconds
119.093: [GC119.093: [ParNew: 16488K->522K(18048K), 0.0022800 secs] 38833K->22867K(57984K), 0.0023120 secs] [Times: user=0.02 sys=0.00, real=0.00 secs] 
119.095: Total time for which application threads were stopped: 0.0024360 seconds, Stopping threads took: 0.0000630 seconds
119.135: Application time: 0.0392610 seconds
119.135: [GC119.135: [ParNew: 16488K->516K(18048K), 0.0004370 secs] 38833K->22861K(57984K), 0.0004650 secs] [Times: user=0.01 sys=0.00, real=0.00 secs] 
119.135: Total time for which application threads were stopped: 0.0005740 seconds, Stopping threads took: 0.0000530 seconds
119.173: Application time: 0.0374510 seconds
119.173: [GC119.173: [ParNew: 16470K->1546K(18048K), 0.0007990 secs] 38815K->24403K(57984K), 0.0008290 secs] [Times: user=0.00 sys=0.00, real=0.00 secs] 
119.174: Total time for which application threads were stopped: 0.0009650 seconds, Stopping threads took: 0.0000740 seconds
119.212: Application time: 0.0385870 seconds
119.212: [GC119.212: [ParNew: 17582K->1576K(18048K), 0.0012000 secs] 40439K->25969K(57984K), 0.0012360 secs] [Times: user=0.01 sys=0.00, real=0.00 secs] 
119.213: Total time for which application threads were stopped: 0.0013760 seconds, Stopping threads took: 0.0000730 seconds
119.253: Application time: 0.0397330 seconds
119.253: [GC119.253: [ParNew: 17547K->1548K(18048K), 0.0009510 secs] 41940K->27021K(57984K), 0.0009920 secs] [Times: user=0.01 sys=0.00, real=0.00 secs] 
119.254: Total time for which application threads were stopped: 0.0011180 seconds, Stopping threads took: 0.0000610 seconds
119.294: Application time: 0.0401660 seconds
119.295: [GC119.295: [ParNew: 17593K->1578K(18048K), 0.0009620 secs] 43066K->28075K(57984K), 0.0009950 secs] [Times: user=0.00 sys=0.00, real=0.00 secs] 
119.296: Total time for which application threads were stopped: 0.0011200 seconds, Stopping threads took: 0.0000600 seconds
119.337: Application time: 0.0413720 seconds
119.337: [GC119.337: [ParNew: 17627K->1576K(18048K), 0.0007990 secs] 44124K->28649K(57984K), 0.0008290 secs] [Times: user=0.00 sys=0.00, real=0.01 secs] 
119.338: Total time for which application threads were stopped: 0.0009580 seconds, Stopping threads took: 0.0000670 seconds
119.379: Application time: 0.0409040 seconds
119.379: [GC119.379: [ParNew: 17627K->1064K(18048K), 0.0004750 secs] 44700K->28209K(57984K), 0.0005030 secs] [Times: user=0.00 sys=0.00, real=0.00 secs] 
119.379: Total time for which application threads were stopped: 0.0006170 seconds, Stopping threads took: 0.0000570 seconds
119.416: Application time: 0.0368240 seconds
119.416: [GC119.416: [ParNew: 16666K->1608K(18048K), 0.0006410 secs] 43812K->28809K(57984K), 0.0006700 secs] [Times: user=0.00 sys=0.00, real=0.00 secs] 
119.417: Total time for which application threads were stopped: 0.0007920 seconds, Stopping threads took: 0.0000540 seconds
119.454: Application time: 0.0369250 seconds
119.454: [GC119.454: [ParNew: 17566K->1548K(18048K), 0.0009640 secs] 44767K->29885K(57984K), 0.0009960 secs] [Times: user=0.00 sys=0.00, real=0.00 secs] 
119.455: Total time for which application threads were stopped: 0.0011170 seconds, Stopping threads took: 0.0000570 seconds
119.496: Application time: 0.0409710 seconds
119.496: [GC119.496: [ParNew: 17519K->1548K(18048K), 0.0008240 secs] 45856K->30397K(57984K), 0.0008540 secs] [Times: user=0.01 sys=0.00, real=0.00 secs] 
119.497: Total time for which application threads were stopped: 0.0009860 seconds, Stopping threads took: 0.0000710 seconds
119.537: Application time: 0.0397190 seconds
119.537: [GC119.537: [ParNew: 17514K->1546K(18048K), 0.0008800 secs] 46364K->30907K(57984K), 0.0009130 secs] [Times: user=0.00 sys=0.00, real=0.01 secs] 
119.538: Total time for which application threads were stopped: 0.0010350 seconds, Stopping threads took: 0.0000580 seconds
119.577: Application time: 0.0394400 seconds
119.577: [GC119.577: [ParNew: 17591K->1578K(18048K), 0.0008350 secs] 46952K->31451K(57984K), 0.0008660 secs] [Times: user=0.00 sys=0.00, real=0.00 secs] 
119.578: Total time for which application threads were stopped: 0.0010090 seconds, Stopping threads took: 0.0000810 seconds
119.616: Application time: 0.0379000 seconds
119.616: [GC119.616: [ParNew: 17540K->1548K(18048K), 0.0009620 secs] 47414K->32509K(57984K), 0.0009940 secs] [Times: user=0.00 sys=0.00, real=0.01 secs] 
119.617: Total time for which application threads were stopped: 0.0011190 seconds, Stopping threads took: 0.0000610 seconds
119.658: Application time: 0.0406280 seconds
119.658: [GC119.658: [ParNew: 17597K->1580K(18048K), 0.0007830 secs] 48558K->33053K(57984K), 0.0008130 secs] [Times: user=0.00 sys=0.00, real=0.00 secs] 
119.659: Total time for which application threads were stopped: 0.0009500 seconds, Stopping threads took: 0.0000770 seconds
119.698: Application time: 0.0391900 seconds
119.698: [GC119.698: [ParNew: 17542K->1548K(18048K), 0.0009700 secs] 49016K->34109K(57984K), 0.0010020 secs] [Times: user=0.01 sys=0.00, real=0.00 secs] 
119.699: Total time for which application threads were stopped: 0.0011500 seconds, Stopping threads took: 0.0000840 seconds
119.740: Application time: 0.0406730 seconds
119.740: [GC119.740: [ParNew: 17514K->1546K(18048K), 0.0009730 secs] 50076K->35131K(57984K), 0.0010040 secs] [Times: user=0.01 sys=0.00, real=0.00 secs] 
119.741: Total time for which application threads were stopped: 0.0011270 seconds, Stopping threads took: 0.0000590 seconds
119.782: Application time: 0.0412320 seconds
119.782: [GC119.782: [ParNew: 17521K->1032K(18048K), 0.0004890 secs] 51106K->34617K(57984K), 0.0005250 secs] [Times: user=0.00 sys=0.00, real=0.00 secs] 
119.783: Total time for which application threads were stopped: 0.0006620 seconds, Stopping threads took: 0.0000770 seconds
119.824: Application time: 0.0409650 seconds
119.824: [GC119.824: [ParNew: 17000K->522K(18048K), 0.0003270 secs] 50586K->34107K(57984K), 0.0003520 secs] [Times: user=0.00 sys=0.00, real=0.00 secs] 
119.824: Total time for which application threads were stopped: 0.0004610 seconds, Stopping threads took: 0.0000570 seconds
119.864: Application time: 0.0395090 seconds
119.864: [GC119.864: [ParNew: 16567K->40K(18048K), 0.0002150 secs] 50152K->33625K(57984K), 0.0002400 secs] [Times: user=0.00 sys=0.00, real=0.00 secs] 
119.864: Total time for which application threads were stopped: 0.0003570 seconds, Stopping threads took: 0.0000640 seconds
119.900: Application time: 0.0359020 seconds
119.900: [GC119.900: [ParNew: 15988K->1576K(18048K), 0.0009660 secs] 49573K->36185K(57984K), 0.0010000 secs] [Times: user=0.00 sys=0.00, real=0.00 secs] 
119.901: Total time for which application threads were stopped: 0.0011300 seconds, Stopping threads took: 0.0000660 seconds
119.942: Application time: 0.0402220 seconds
119.942: [GC119.942: [ParNew: 17547K->1546K(18048K), 0.0008440 secs] 52156K->36739K(57984K), 0.0008720 secs] [Times: user=0.01 sys=0.00, real=0.00 secs] 
119.943: Total time for which application threads were stopped: 0.0010020 seconds, Stopping threads took: 0.0000640 seconds
119.983: Application time: 0.0400320 seconds
119.983: [GC119.983: [ParNew: 17157K->1606K(18048K), 0.0006870 secs] 52351K->36799K(57984K), 0.0007150 secs] [Times: user=0.01 sys=0.00, real=0.00 secs] 
119.983: Total time for which application threads were stopped: 0.0008320 seconds, Stopping threads took: 0.0000600 seconds
120.022: Application time: 0.0390380 seconds
120.023: [GC120.023: [ParNew: 17655K->1068K(18048K), 0.0005160 secs] 52849K->36349K(57984K), 0.0005430 secs] [Times: user=0.00 sys=0.00, real=0.00 secs] 
120.023: Total time for which application threads were stopped: 0.0006680 seconds, Stopping threads took: 0.0000710 seconds
120.064: Application time: 0.0412080 seconds
120.064: [GC120.064: [ParNew: 17117K->554K(18048K), 0.0003810 secs] 52398K->35899K(57984K), 0.0004060 secs] [Times: user=0.01 sys=0.00, real=0.00 secs] 
120.065: Total time for which application threads were stopped: 0.0005260 seconds, Stopping threads took: 0.0000660 seconds
120.103: Application time: 0.0384920 seconds
120.103: [GC120.103: [ParNew: 16594K->1096K(18048K), 0.0004200 secs] 51940K->36441K(57984K), 0.0004470 secs] [Times: user=0.00 sys=0.00, real=0.00 secs] 
120.104: Total time for which application threads were stopped: 0.0005600 seconds, Stopping threads took: 0.0000580 seconds
120.141: Application time: 0.0373190 seconds
120.141: [GC120.141: [ParNew: 17054K->1544K(18048K), 0.0008130 secs] 52400K->37505K(57984K), 0.0008470 secs] [Times: user=0.01 sys=0.00, real=0.00 secs] 
120.142: Total time for which application threads were stopped: 0.0009720 seconds, Stopping threads took: 0.0000600 seconds
120.182: Application time: 0.0399350 seconds
120.182: [GC120.182: [ParNew: 17514K->1546K(18048K), 0.0006090 secs] 53476K->37507K(57984K), 0.0006390 secs] [Times: user=0.00 sys=0.00, real=0.00 secs] 
120.183: Total time for which application threads were stopped: 0.0007570 seconds, Stopping threads took: 0.0000590 seconds
120.224: Application time: 0.0408660 seconds
120.224: [GC120.224: [ParNew: 17512K->1544K(18048K), 0.0006660 secs] 53474K->37505K(57984K), 0.0006950 secs] [Times: user=0.00 sys=0.00, real=0.00 secs] 
120.225: Total time for which application threads were stopped: 0.0008230 seconds, Stopping threads took: 0.0000680 seconds
120.265: Application time: 0.0403930 seconds
120.265: [GC120.265: [ParNew: 17593K->1066K(18048K), 0.0004520 secs] 53554K->37027K(57984K), 0.0004800 secs] [Times: user=0.00 sys=0.00, real=0.01 secs] 
120.266: Total time for which application threads were stopped: 0.0006250 seconds, Stopping threads took: 0.0000880 seconds
120.306: Application time: 0.0401270 seconds
120.306: [GC120.306: [ParNew: 17115K->554K(18048K), 0.0004100 secs] 53077K->36555K(57984K), 0.0004450 secs] [Times: user=0.00 sys=0.00, real=0.00 secs] 
120.306: Total time for which application threads were stopped: 0.0005680 seconds, Stopping threads took: 0.0000670 seconds
120.344: Application time: 0.0382160 seconds
120.345: [GC120.345: [ParNew: 16516K->1066K(18048K), 0.0004600 secs] 52518K->37068K(57984K), 0.0004880 secs] [Times: user=0.00 sys=0.00, real=0.00 secs] 
120.345: Total time for which application threads were stopped: 0.0006070 seconds, Stopping threads took: 0.0000620 seconds
120.385: Application time: 0.0395540 seconds
120.385: [GC120.385: [ParNew: 17030K->1034K(18048K), 0.0004720 secs] 53032K->37107K(57984K), 0.0004970 secs] [Times: user=0.01 sys=0.00, real=0.01 secs] 
120.385: Total time for which application threads were stopped: 0.0007140 seconds, Stopping threads took: 0.0001630 seconds
120.425: Application time: 0.0395800 seconds
120.425: [GC120.425: [ParNew: 16998K->1544K(18048K), 0.0006700 secs] 53072K->37617K(57984K), 0.0006990 secs] [Times: user=0.00 sys=0.01, real=0.01 secs] 
120.426: Total time for which application threads were stopped: 0.0008320 seconds, Stopping threads took: 0.0000750 seconds
120.464: Application time: 0.0384860 seconds
120.464: [GC120.464: [ParNew: 17506K->1548K(18048K), 0.0008270 secs] 53580K->38134K(57984K), 0.0008580 secs] [Times: user=0.01 sys=0.00, real=0.01 secs] 
120.465: Total time for which application threads were stopped: 0.0009980 seconds, Stopping threads took: 0.0000740 seconds
120.505: Application time: 0.0399240 seconds
120.505: [GC120.505: [ParNew: 17510K->1546K(18048K), 0.0010100 secs] 54096K->39156K(57984K), 0.0010430 secs] [Times: user=0.01 sys=0.00, real=0.00 secs] 
120.506: Total time for which application threads were stopped: 0.0011700 seconds, Stopping threads took: 0.0000620 seconds
120.546: Application time: 0.0392570 seconds
120.546: [GC120.546: [ParNew: 17591K->1578K(18048K), 0.0010150 secs] 55201K->40212K(57984K), 0.0010470 secs] [Times: user=0.01 sys=0.00, real=0.00 secs] 
120.547: Total time for which application threads were stopped: 0.0011860 seconds, Stopping threads took: 0.0000760 seconds
120.586: Application time: 0.0391380 seconds
120.586: [GC120.586: [ParNew: 17540K->1548K(18048K), 0.0011880 secs]120.587: [Tenured: 40242K->9012K(40452K), 0.0051740 secs] 56174K->9012K(58500K), [Perm : 5146K->5146K(21248K)], 0.0064430 secs] [Times: user=0.02 sys=0.00, real=0.00 secs] 
120.593: Total time for which application threads were stopped: 0.0065770 seconds, Stopping threads took: 0.0000630 seconds
120.633: Application time: 0.0401440 seconds
120.633: [GC120.633: [ParNew: 16049K->1580K(18048K), 0.0009900 secs] 25061K->11616K(57984K), 0.0010240 secs] [Times: user=0.00 sys=0.00, real=0.00 secs] 
120.634: Total time for which application threads were stopped: 0.0011660 seconds, Stopping threads took: 0.0000790 seconds
120.675: Application time: 0.0413580 seconds
120.675: [GC120.675: [ParNew: 17629K->1578K(18048K), 0.0007930 secs] 27665K->12190K(57984K), 0.0008240 secs] [Times: user=0.00 sys=0.00, real=0.00 secs] 
120.676: Total time for which application threads were stopped: 0.0009890 seconds, Stopping threads took: 0.0001030 seconds
120.717: Application time: 0.0404210 seconds
120.717: [GC120.717: [ParNew: 17629K->1068K(18048K), 0.0005200 secs] 28241K->11744K(57984K), 0.0005450 secs] [Times: user=0.00 sys=0.00, real=0.01 secs] 
120.717: Total time for which application threads were stopped: 0.0006820 seconds, Stopping threads took: 0.0000810 seconds
120.752: Application time: 0.0345200 seconds
120.752: [GC120.752: [ParNew: 16654K->1606K(18048K), 0.0013720 secs] 27331K->14386K(57984K), 0.0014080 secs] [Times: user=0.01 sys=0.00, real=0.00 secs] 
120.753: Total time for which application threads were stopped: 0.0015470 seconds, Stopping threads took: 0.0000720 seconds
120.793: Application time: 0.0394490 seconds
120.793: [GC120.793: [ParNew: 17577K->1550K(18048K), 0.0011600 secs] 30357K->15970K(57984K), 0.0012050 secs] [Times: user=0.01 sys=0.00, real=0.00 secs] 
120.794: Total time for which application threads were stopped: 0.0013430 seconds, Stopping threads took: 0.0000720 seconds
120.835: Application time: 0.0411270 seconds
120.835: [GC120.835: [ParNew: 17521K->1548K(18048K), 0.0010340 secs] 31941K->16992K(57984K), 0.0010650 secs] [Times: user=0.00 sys=0.00, real=0.00 secs] 
120.836: Total time for which application threads were stopped: 0.0011890 seconds, Stopping threads took: 0.0000610 seconds
120.877: Application time: 0.0405910 seconds
120.877: [GC120.877: [ParNew: 17519K->1548K(18048K), 0.0007690 secs] 32963K->17504K(57984K), 0.0008020 secs] [Times: user=0.00 sys=0.00, real=0.00 secs] 
120.878: Total time for which application threads were stopped: 0.0009710 seconds, Stopping threads took: 0.0001060 seconds
120.918: Application time: 0.0397500 seconds
120.918: [GC120.918: [ParNew: 17593K->1578K(18048K), 0.0008290 secs] 33549K->18046K(57984K), 0.0008610 secs] [Times: user=0.00 sys=0.00, real=0.00 secs] 
120.919: Total time for which application threads were stopped: 0.0009880 seconds, Stopping threads took: 0.0000660 seconds
120.958: Application time: 0.0387230 seconds
120.958: [GC120.958: [ParNew: 17623K->1576K(18048K), 0.0008530 secs] 34091K->18628K(57984K), 0.0008850 secs] [Times: user=0.01 sys=0.00, real=0.00 secs] 
120.959: Total time for which application threads were stopped: 0.0010210 seconds, Stopping threads took: 0.0000750 seconds
120.997: Application time: 0.0388960 seconds
120.998: [GC120.998: [ParNew: 17538K->1546K(18048K), 0.0010430 secs] 34591K->19694K(57984K), 0.0010760 secs] [Times: user=0.00 sys=0.00, real=0.00 secs] 
120.999: Total time for which application threads were stopped: 0.0012230 seconds, Stopping threads took: 0.0000760 seconds
121.038: Application time: 0.0397290 seconds
121.039: [GC121.039: [ParNew: 17517K->1544K(18048K), 0.0008040 secs] 35665K->20204K(57984K), 0.0008350 secs] [Times: user=0.00 sys=0.00, real=0.00 secs] 
121.039: Total time for which application threads were stopped: 0.0009790 seconds, Stopping threads took: 0.0000850 seconds
121.079: Application time: 0.0399710 seconds
121.079: [GC121.079: [ParNew: 17514K->1544K(18048K), 0.0006060 secs] 36175K->20204K(57984K), 0.0006340 secs] [Times: user=0.01 sys=0.00, real=0.00 secs] 
121.080: Total time for which application threads were stopped: 0.0007780 seconds, Stopping threads took: 0.0000830 seconds
121.120: Application time: 0.0394640 seconds
121.120: [GC121.120: [ParNew: 17510K->1546K(18048K), 0.0006740 secs] 36171K->20206K(57984K), 0.0007050 secs] [Times: user=0.00 sys=0.00, real=0.00 secs] 
121.120: Total time for which application threads were stopped: 0.0008520 seconds, Stopping threads took: 0.0000870 seconds
121.159: Application time: 0.0385170 seconds
121.159: [GC121.159: [ParNew: 17508K->1548K(18048K), 0.0007610 secs] 36169K->20720K(57984K), 0.0007920 secs] [Times: user=0.01 sys=0.00, real=0.00 secs] 
121.160: Total time for which application threads were stopped: 0.0009210 seconds, Stopping threads took: 0.0000660 seconds
121.200: Application time: 0.0401900 seconds
121.200: [GC121.200: [ParNew: 17589K->1578K(18048K), 0.0009880 secs] 36761K->21775K(57984K), 0.0010190 secs] [Times: user=0.01 sys=0.00, real=0.00 secs] 
121.201: Total time for which application threads were stopped: 0.0011480 seconds, Stopping threads took: 0.0000680 seconds
121.241: Application time: 0.0401350 seconds
121.241: [GC121.241: [ParNew: 17549K->1546K(18048K), 0.0008410 secs] 37745K->22319K(57984K), 0.0014890 secs] [Times: user=0.00 sys=0.00, real=0.00 secs] 
121.243: Total time for which application threads were stopped: 0.0016180 seconds, Stopping threads took: 0.0000640 seconds
121.283: Application time: 0.0404990 seconds
121.284: [GC121.284: [ParNew: 17595K->1066K(18048K), 0.0004570 secs] 38368K->21839K(57984K), 0.0004850 secs] [Times: user=0.00 sys=0.00, real=0.00 secs] 
121.284: Total time for which application threads were stopped: 0.0006160 seconds, Stopping threads took: 0.0000760 seconds
121.324: Application time: 0.0395410 seconds
121.324: [GC121.324: [ParNew: 17039K->520K(18048K), 0.0004050 secs] 37811K->21357K(57984K), 0.0004410 secs] [Times: user=0.00 sys=0.00, real=0.00 secs] 
121.324: Total time for which application threads were stopped: 0.0005690 seconds, Stopping threads took: 0.0000690 seconds
121.363: Application time: 0.0386440 seconds
121.363: [GC121.363: [ParNew: 16548K->1578K(18048K), 0.0007840 secs] 37385K->22927K(57984K), 0.0008150 secs] [Times: user=0.01 sys=0.00, real=0.00 secs] 
121.364: Total time for which application threads were stopped: 0.0010050 seconds, Stopping threads took: 0.0001290 seconds
121.403: Application time: 0.0392030 seconds
121.403: [GC121.403: [ParNew: 17616K->1580K(18048K), 0.0011550 secs] 38965K->24529K(57984K), 0.0011870 secs] [Times: user=0.01 sys=0.00, real=0.00 secs] 
121.404: Total time for which application threads were stopped: 0.0013310 seconds, Stopping threads took: 0.0000780 seconds
121.443: Application time: 0.0383250 seconds
121.443: [GC121.443: [ParNew: 17195K->1606K(18048K), 0.0008220 secs] 40144K->25123K(57984K), 0.0008520 secs] [Times: user=0.00 sys=0.00, real=0.00 secs] 
121.444: Total time for which application threads were stopped: 0.0009760 seconds, Stopping threads took: 0.0000650 seconds
121.485: Application time: 0.0414300 seconds
121.485: [GC121.485: [ParNew: 17572K->1546K(18048K), 0.0008220 secs] 41090K->25679K(57984K), 0.0008520 secs] [Times: user=0.00 sys=0.00, real=0.00 secs] 
121.486: Total time for which application threads were stopped: 0.0009850 seconds, Stopping threads took: 0.0000720 seconds
121.525: Application time: 0.0393630 seconds
121.526: [GC121.526: [ParNew: 17512K->1548K(18048K), 0.0007770 secs] 41646K->26193K(57984K), 0.0008090 secs] [Times: user=0.00 sys=0.00, real=0.00 secs] 
121.526: Total time for which application threads were stopped: 0.0009440 seconds, Stopping threads took: 0.0000680 seconds
121.566: Application time: 0.0395630 seconds
121.566: [GC121.566: [ParNew: 17514K->1548K(18048K), 0.0008210 secs] 42160K->26705K(57984K), 0.0008510 secs] [Times: user=0.00 sys=0.00, real=0.00 secs] 
121.567: Total time for which application threads were stopped: 0.0009820 seconds, Stopping threads took: 0.0000680 seconds
121.606: Application time: 0.0387370 seconds
121.606: [GC121.606: [ParNew: 17163K->1096K(18048K), 0.0004550 secs] 42320K->26253K(57984K), 0.0004830 secs] [Times: user=0.01 sys=0.00, real=0.00 secs] 
121.606: Total time for which application threads were stopped: 0.0006060 seconds, Stopping threads took: 0.0000670 seconds
121.646: Application time: 0.0399620 seconds
121.646: [GC121.646: [ParNew: 17058K->1548K(18048K), 0.0006270 secs] 42215K->26817K(57984K), 0.0006550 secs] [Times: user=0.01 sys=0.00, real=0.00 secs] 
121.647: Total time for which application threads were stopped: 0.0007720 seconds, Stopping threads took: 0.0000560 seconds
121.686: Application time: 0.0391270 seconds
121.686: [GC121.686: [ParNew: 17519K->1032K(18048K), 0.0004400 secs] 42788K->26301K(57984K), 0.0004680 secs] [Times: user=0.00 sys=0.00, real=0.00 secs] 
121.687: Total time for which application threads were stopped: 0.0005900 seconds, Stopping threads took: 0.0000640 seconds
121.726: Application time: 0.0392040 seconds
121.726: [GC121.726: [ParNew: 16994K->1546K(18048K), 0.0005770 secs] 42263K->26815K(57984K), 0.0006040 secs] [Times: user=0.00 sys=0.00, real=0.00 secs] 
121.727: Total time for which application threads were stopped: 0.0007180 seconds, Stopping threads took: 0.0000560 seconds
121.764: Application time: 0.0369440 seconds
121.764: [GC121.764: [ParNew: 17504K->1548K(18048K), 0.0010110 secs] 42773K->27841K(57984K), 0.0010430 secs] [Times: user=0.01 sys=0.00, real=0.00 secs] 
121.765: Total time for which application threads were stopped: 0.0011760 seconds, Stopping threads took: 0.0000680 seconds
121.806: Application time: 0.0409090 seconds
121.806: [GC121.806: [ParNew: 17519K->1550K(18048K), 0.0007920 secs] 43812K->28355K(57984K), 0.0008210 secs] [Times: user=0.00 sys=0.00, real=0.00 secs] 
121.807: Total time for which application threads were stopped: 0.0009990 seconds, Stopping threads took: 0.0001090 seconds
121.847: Application time: 0.0401870 seconds
121.847: [GC121.847: [ParNew: 17595K->1578K(18048K), 0.0007990 secs] 44400K->28895K(57984K), 0.0008280 secs] [Times: user=0.00 sys=0.00, real=0.00 secs] 
121.848: Total time for which application threads were stopped: 0.0009490 seconds, Stopping threads took: 0.0000580 seconds
121.888: Application time: 0.0405360 seconds
121.889: [GC121.889: [ParNew: 17551K->1036K(18048K), 0.0004560 secs] 44868K->28425K(57984K), 0.0004840 secs] [Times: user=0.00 sys=0.00, real=0.00 secs] 
121.889: Total time for which application threads were stopped: 0.0007070 seconds, Stopping threads took: 0.0001660 seconds
121.928: Application time: 0.0389290 seconds
121.928: [GC121.928: [ParNew: 17006K->524K(18048K), 0.0003860 secs] 44396K->27913K(57984K), 0.0004130 secs] [Times: user=0.00 sys=0.00, real=0.00 secs] 
121.929: Total time for which application threads were stopped: 0.0005360 seconds, Stopping threads took: 0.0000690 seconds
121.967: Application time: 0.0382030 seconds
121.967: [GC121.967: [ParNew: 16548K->1578K(18048K), 0.0012190 secs] 43937K->30503K(57984K), 0.0012540 secs] [Times: user=0.01 sys=0.00, real=0.00 secs] 
121.968: Total time for which application threads were stopped: 0.0013820 seconds, Stopping threads took: 0.0000640 seconds
122.007: Application time: 0.0390590 seconds
122.007: [GC122.007: [ParNew: 17544K->1548K(18048K), 0.0012190 secs] 46470K->32073K(57984K), 0.0012530 secs] [Times: user=0.01 sys=0.00, real=0.00 secs] 
122.009: Total time for which application threads were stopped: 0.0013870 seconds, Stopping threads took: 0.0000690 seconds
122.048: Application time: 0.0397690 seconds
122.049: [GC122.049: [ParNew: 17597K->1578K(18048K), 0.0009990 secs] 48122K->33127K(57984K), 0.0010310 secs] [Times: user=0.01 sys=0.00, real=0.00 secs] 
122.050: Total time for which application threads were stopped: 0.0011710 seconds, Stopping threads took: 0.0000700 seconds
122.091: Application time: 0.0409500 seconds
122.091: [GC122.091: [ParNew: 17629K->1576K(18048K), 0.0006380 secs] 49179K->33189K(57984K), 0.0006640 secs] [Times: user=0.00 sys=0.00, real=0.00 secs] 
122.091: Total time for which application threads were stopped: 0.0007960 seconds, Stopping threads took: 0.0000720 seconds
122.130: Application time: 0.0390020 seconds
122.130: [GC122.130: [ParNew: 17191K->582K(18048K), 0.0003410 secs] 48804K->32259K(57984K), 0.0003670 secs] [Times: user=0.01 sys=0.00, real=0.00 secs] 
122.131: Total time for which application threads were stopped: 0.0004970 seconds, Stopping threads took: 0.0000720 seconds
122.170: Application time: 0.0394080 seconds
122.170: [GC122.170: [ParNew: 16540K->1608K(18048K), 0.0006170 secs] 48218K->33285K(57984K), 0.0006470 secs] [Times: user=0.01 sys=0.00, real=0.00 secs] 
122.171: Total time for which application threads were stopped: 0.0007680 seconds, Stopping threads took: 0.0000610 seconds
122.209: Application time: 0.0380050 seconds
122.209: [GC122.209: [ParNew: 17566K->1548K(18048K), 0.0009620 secs] 49244K->34361K(57984K), 0.0009910 secs] [Times: user=0.01 sys=0.00, real=0.00 secs] 
122.210: Total time for which application threads were stopped: 0.0011640 seconds, Stopping threads took: 0.0001030 seconds
122.251: Application time: 0.0408890 seconds
122.251: [GC122.251: [ParNew: 17595K->1580K(18048K), 0.0007880 secs] 50408K->34905K(57984K), 0.0008160 secs] [Times: user=0.01 sys=0.00, real=0.00 secs] 
122.252: Total time for which application threads were stopped: 0.0010440 seconds, Stopping threads took: 0.0001650 seconds
122.292: Application time: 0.0398260 seconds
122.292: [GC122.292: [ParNew: 17629K->1576K(18048K), 0.0006400 secs] 50955K->34973K(57984K), 0.0006680 secs] [Times: user=0.00 sys=0.00, real=0.00 secs] 
122.293: Total time for which application threads were stopped: 0.0007980 seconds, Stopping threads took: 0.0000700 seconds
122.332: Application time: 0.0392540 seconds
122.332: [GC122.332: [ParNew: 17547K->1032K(18048K), 0.0005650 secs] 50944K->34493K(57984K), 0.0005980 secs] [Times: user=0.00 sys=0.00, real=0.00 secs] 
122.333: Total time for which application threads were stopped: 0.0007200 seconds, Stopping threads took: 0.0000660 seconds
122.373: Application time: 0.0401740 seconds
122.373: [GC122.373: [ParNew: 16998K->1036K(18048K), 0.0005140 secs] 50460K->34497K(57984K), 0.0005410 secs] [Times: user=0.01 sys=0.00, real=0.00 secs] 
122.374: Total time for which application threads were stopped: 0.0006580 seconds, Stopping threads took: 0.0000600 seconds
122.411: Application time: 0.0372420 seconds
122.411: [GC122.411: [ParNew: 16990K->1546K(18048K), 0.0009660 secs] 50452K->36031K(57984K), 0.0010000 secs] [Times: user=0.01 sys=0.00, real=0.00 secs] 
122.412: Total time for which application threads were stopped: 0.0011390 seconds, Stopping threads took: 0.0000730 seconds
122.453: Application time: 0.0406320 seconds
122.453: [GC122.453: [ParNew: 17517K->1546K(18048K), 0.0007870 secs] 52002K->36543K(57984K), 0.0008180 secs] [Times: user=0.01 sys=0.00, real=0.00 secs] 
122.454: Total time for which application threads were stopped: 0.0009780 seconds, Stopping threads took: 0.0000980 seconds
122.495: Application time: 0.0409780 seconds
122.495: [GC122.495: [ParNew: 17595K->1576K(18048K), 0.0006340 secs] 52593K->36573K(57984K), 0.0006620 secs] [Times: user=0.00 sys=0.00, real=0.00 secs] 
122.495: Total time for which application threads were stopped: 0.0008640 seconds, Stopping threads took: 0.0001450 seconds
122.536: Application time: 0.0406820 seconds
122.536: [GC122.536: [ParNew: 17542K->1546K(18048K), 0.0006510 secs] 52540K->36607K(57984K), 0.0006810 secs] [Times: user=0.00 sys=0.00, real=0.00 secs] 
122.537: Total time for which application threads were stopped: 0.0008060 seconds, Stopping threads took: 0.0000660 seconds
122.577: Application time: 0.0405640 seconds
122.578: [GC122.578: [ParNew: 17516K->1034K(18048K), 0.0004700 secs] 52578K->36095K(57984K), 0.0004970 secs] [Times: user=0.00 sys=0.00, real=0.00 secs] 
122.578: Total time for which application threads were stopped: 0.0006280 seconds, Stopping threads took: 0.0000670 seconds
122.616: Application time: 0.0376250 seconds
122.616: [GC122.616: [ParNew: 16996K->1546K(18048K), 0.0006240 secs] 52058K->36607K(57984K), 0.0006520 secs] [Times: user=0.01 sys=0.00, real=0.00 secs] 
122.617: Total time for which application threads were stopped: 0.0007850 seconds, Stopping threads took: 0.0000740 seconds
122.656: Application time: 0.0392930 seconds
122.656: [GC122.656: [ParNew: 17587K->1578K(18048K), 0.0008380 secs] 52648K->37152K(57984K), 0.0008690 secs] [Times: user=0.01 sys=0.00, real=0.00 secs] 
122.657: Total time for which application threads were stopped: 0.0009970 seconds, Stopping threads took: 0.0000640 seconds
122.695: Application time: 0.0384580 seconds
122.697: [GC122.697: [ParNew: 17619K->1578K(18048K), 0.0010740 secs] 53192K->38240K(57984K), 0.0011020 secs] [Times: user=0.01 sys=0.00, real=0.00 secs] 
122.698: Total time for which application threads were stopped: 0.0031370 seconds, Stopping threads took: 0.0019720 seconds
122.740: Application time: 0.0418300 seconds
122.740: [GC122.740: [ParNew: 17551K->1546K(18048K), 0.0006500 secs] 54213K->38280K(57984K), 0.0006810 secs] [Times: user=0.01 sys=0.00, real=0.00 secs] 
122.741: Total time for which application threads were stopped: 0.0008260 seconds, Stopping threads took: 0.0000850 seconds
122.781: Application time: 0.0397870 seconds
122.781: [GC122.781: [ParNew: 17235K->1124K(18048K), 0.0005010 secs] 53969K->37858K(57984K), 0.0005300 secs] [Times: user=0.00 sys=0.00, real=0.00 secs] 
122.781: Total time for which application threads were stopped: 0.0006450 seconds, Stopping threads took: 0.0000560 seconds
122.820: Application time: 0.0386350 seconds
122.820: [GC122.820: [ParNew: 17086K->1546K(18048K), 0.0006380 secs] 53820K->38408K(57984K), 0.0006690 secs] [Times: user=0.00 sys=0.00, real=0.00 secs] 
122.821: Total time for which application threads were stopped: 0.0008010 seconds, Stopping threads took: 0.0000690 seconds
122.860: Application time: 0.0393660 seconds
122.860: [GC122.860: [ParNew: 17508K->1548K(18048K), 0.0008440 secs] 54370K->38922K(57984K), 0.0008840 secs] [Times: user=0.01 sys=0.00, real=0.00 secs] 
122.861: Total time for which application threads were stopped: 0.0010080 seconds, Stopping threads took: 0.0000630 seconds
122.901: Application time: 0.0398910 seconds
122.901: [GC122.901: [ParNew: 17597K->1576K(18048K), 0.0006410 secs] 54971K->38950K(57984K), 0.0006690 secs] [Times: user=0.01 sys=0.00, real=0.00 secs] 
122.902: Total time for which application threads were stopped: 0.0008030 seconds, Stopping threads took: 0.0000760 seconds
122.941: Application time: 0.0391810 seconds
122.941: [GC122.941: [ParNew: 17625K->1066K(18048K), 0.0004850 secs] 54999K->38496K(57984K), 0.0005120 secs] [Times: user=0.00 sys=0.00, real=0.00 secs] 
122.942: Total time for which application threads were stopped: 0.0006380 seconds, Stopping threads took: 0.0000670 seconds
122.981: Application time: 0.0396680 seconds
122.982: [GC122.982: [ParNew: 17024K->1546K(18048K), 0.0008120 secs] 54454K->39552K(57984K), 0.0008430 secs] [Times: user=0.01 sys=0.00, real=0.00 secs] 
122.983: Total time for which application threads were stopped: 0.0010370 seconds, Stopping threads took: 0.0001340 seconds
123.023: Application time: 0.0402780 seconds
123.023: [GC123.023: [ParNew: 17512K->1546K(18048K), 0.0007820 secs] 55518K->40064K(57984K), 0.0008120 secs] [Times: user=0.00 sys=0.00, real=0.00 secs] 
123.024: Total time for which application threads were stopped: 0.0009460 seconds, Stopping threads took: 0.0000720 seconds
123.063: Application time: 0.0388280 seconds
123.063: [GC123.063: [ParNew: 17512K->1546K(18048K), 0.0008520 secs] 56030K->40576K(57984K), 0.0008810 secs] [Times: user=0.00 sys=0.00, real=0.00 secs] 
123.064: Total time for which application threads were stopped: 0.0010090 seconds, Stopping threads took: 0.0000680 seconds
123.104: Application time: 0.0402200 seconds
123.104: [GC123.104: [ParNew: 17512K->1546K(18048K), 0.0008110 secs] 56543K->41088K(57984K), 0.0008390 secs] [Times: user=0.01 sys=0.00, real=0.00 secs] 
123.105: Total time for which application threads were stopped: 0.0009590 seconds, Stopping threads took: 0.0000540 seconds
123.144: Application time: 0.0390650 seconds
123.144: [GC123.144: [ParNew: 17512K->1546K(18048K), 0.0008080 secs]123.145: [Tenured: 40054K->7503K(40452K), 0.0049700 secs] 57055K->7503K(58500K), [Perm : 5146K->5146K(21248K)], 0.0058540 secs] [Times: user=0.01 sys=0.00, real=0.01 secs] 
123.150: Total time for which application threads were stopped: 0.0060850 seconds, Stopping threads took: 0.0001630 seconds
123.190: Application time: 0.0397060 seconds
123.190: [GC123.190: [ParNew: 16040K->1578K(18048K), 0.0009960 secs] 23544K->10105K(57984K), 0.0010330 secs] [Times: user=0.00 sys=0.00, real=0.00 secs] 
123.191: Total time for which application threads were stopped: 0.0011860 seconds, Stopping threads took: 0.0000880 seconds
123.230: Application time: 0.0395840 seconds
123.231: [GC123.231: [ParNew: 17549K->1548K(18048K), 0.0008510 secs] 26076K->10659K(57984K), 0.0008810 secs] [Times: user=0.00 sys=0.00, real=0.00 secs] 
123.232: Total time for which application threads were stopped: 0.0011690 seconds, Stopping threads took: 0.0002260 seconds
123.272: Application time: 0.0401120 seconds
123.272: [GC123.272: [ParNew: 17514K->1546K(18048K), 0.0007540 secs] 26626K->11169K(57984K), 0.0007840 secs] [Times: user=0.01 sys=0.00, real=0.00 secs] 
123.273: Total time for which application threads were stopped: 0.0009380 seconds, Stopping threads took: 0.0000910 seconds
123.312: Application time: 0.0392960 seconds
123.312: [GC123.312: [ParNew: 17595K->1578K(18048K), 0.0006210 secs] 27218K->11201K(57984K), 0.0006500 secs] [Times: user=0.01 sys=0.00, real=0.00 secs] 
123.313: Total time for which application threads were stopped: 0.0007940 seconds, Stopping threads took: 0.0000840 seconds
123.353: Application time: 0.0398350 seconds
123.353: [GC123.353: [ParNew: 17549K->1036K(18048K), 0.0004240 secs] 27172K->10723K(57984K), 0.0004590 secs] [Times: user=0.00 sys=0.00, real=0.00 secs] 
123.353: Total time for which application threads were stopped: 0.0005970 seconds, Stopping threads took: 0.0000710 seconds
123.394: Application time: 0.0403630 seconds
123.394: [GC123.394: [ParNew: 17076K->1578K(18048K), 0.0006570 secs] 26764K->11265K(57984K), 0.0006870 secs] [Times: user=0.01 sys=0.00, real=0.00 secs] 
123.394: Total time for which application threads were stopped: 0.0008200 seconds, Stopping threads took: 0.0000730 seconds
123.431: Application time: 0.0368160 seconds
123.431: [GC123.431: [ParNew: 17532K->1548K(18048K), 0.0011110 secs] 27219K->12843K(57984K), 0.0011420 secs] [Times: user=0.01 sys=0.00, real=0.00 secs] 
123.432: Total time for which application threads were stopped: 0.0012740 seconds, Stopping threads took: 0.0000700 seconds
123.471: Application time: 0.0389320 seconds
123.472: [GC123.472: [ParNew: 17237K->1636K(18048K), 0.0009510 secs] 28533K->13955K(57984K), 0.0009820 secs] [Times: user=0.01 sys=0.00, real=0.00 secs] 
123.473: Total time for which application threads were stopped: 0.0011220 seconds, Stopping threads took: 0.0000770 seconds
123.513: Application time: 0.0404680 seconds
123.513: [GC123.513: [ParNew: 17607K->1548K(18048K), 0.0008810 secs] 29926K->14507K(57984K), 0.0009120 secs] [Times: user=0.00 sys=0.00, real=0.00 secs] 
123.514: Total time for which application threads were stopped: 0.0010490 seconds, Stopping threads took: 0.0000750 seconds
123.554: Application time: 0.0397080 seconds
123.554: [GC123.554: [ParNew: 17597K->1574K(18048K), 0.0006790 secs] 30557K->14533K(57984K), 0.0007090 secs] [Times: user=0.01 sys=0.00, real=0.00 secs] 
123.555: Total time for which application threads were stopped: 0.0008230 seconds, Stopping threads took: 0.0000540 seconds
123.593: Application time: 0.0383120 seconds
123.593: [GC123.593: [ParNew: 17536K->1548K(18048K), 0.0008180 secs] 30496K->15083K(57984K), 0.0008470 secs] [Times: user=0.01 sys=0.00, real=0.00 secs] 
123.594: Total time for which application threads were stopped: 0.0009800 seconds, Stopping threads took: 0.0000710 seconds
123.633: Application time: 0.0387440 seconds
123.633: [GC123.633: [ParNew: 17588K->1580K(18048K), 0.0010020 secs] 31124K->16140K(57984K), 0.0010350 secs] [Times: user=0.01 sys=0.00, real=0.00 secs] 
123.634: Total time for which application threads were stopped: 0.0011940 seconds, Stopping threads took: 0.0000900 seconds
123.674: Application time: 0.0402810 seconds
123.674: [GC123.674: [ParNew: 17546K->1546K(18048K), 0.0009780 secs] 32106K->17193K(57984K), 0.0010080 secs] [Times: user=0.01 sys=0.00, real=0.00 secs] 
123.675: Total time for which application threads were stopped: 0.0011450 seconds, Stopping threads took: 0.0000750 seconds
123.715: Application time: 0.0393760 seconds
123.715: [GC123.715: [ParNew: 17517K->1546K(18048K), 0.0007950 secs] 33164K->17705K(57984K), 0.0008220 secs] [Times: user=0.01 sys=0.00, real=0.00 secs] 
123.716: Total time for which application threads were stopped: 0.0009530 seconds, Stopping threads took: 0.0000720 seconds
123.755: Application time: 0.0390660 seconds
123.755: [GC123.755: [ParNew: 17517K->1546K(18048K), 0.0006600 secs] 33676K->17705K(57984K), 0.0006890 secs] [Times: user=0.00 sys=0.00, real=0.00 secs] 
123.755: Total time for which application threads were stopped: 0.0008290 seconds, Stopping threads took: 0.0000810 seconds
123.796: Application time: 0.0402780 seconds
123.796: [GC123.796: [ParNew: 17512K->1546K(18048K), 0.0006270 secs] 33672K->17705K(57984K), 0.0006530 secs] [Times: user=0.01 sys=0.00, real=0.00 secs] 
123.797: Total time for which application threads were stopped: 0.0007680 seconds, Stopping threads took: 0.0000580 seconds
123.833: Application time: 0.0367490 seconds
123.833: [GC123.833: [ParNew: 17578K->1576K(18048K), 0.0012060 secs] 33738K->19272K(57984K), 0.0012390 secs] [Times: user=0.01 sys=0.00, real=0.00 secs] 
123.835: Total time for which application threads were stopped: 0.0013750 seconds, Stopping threads took: 0.0000700 seconds
123.876: Application time: 0.0408930 seconds
123.876: [GC123.876: [ParNew: 17547K->1550K(18048K), 0.0009710 secs] 35243K->20334K(57984K), 0.0010090 secs] [Times: user=0.00 sys=0.00, real=0.00 secs] 
123.877: Total time for which application threads were stopped: 0.0011390 seconds, Stopping threads took: 0.0000680 seconds
123.917: Application time: 0.0402650 seconds
123.917: [GC123.917: [ParNew: 17516K->1550K(18048K), 0.0009300 secs] 36300K->21358K(57984K), 0.0009610 secs] [Times: user=0.00 sys=0.00, real=0.01 secs] 
123.918: Total time for which application threads were stopped: 0.0010910 seconds, Stopping threads took: 0.0000680 seconds
123.957: Application time: 0.0393450 seconds
123.957: [GC123.957: [ParNew: 17518K->1544K(18048K), 0.0007760 secs] 37326K->21864K(57984K), 0.0008070 secs] [Times: user=0.00 sys=0.00, real=0.00 secs] 
123.958: Total time for which application threads were stopped: 0.0009280 seconds, Stopping threads took: 0.0000600 seconds
123.999: Application time: 0.0403480 seconds
123.999: [GC123.999: [ParNew: 17593K->1578K(18048K), 0.0006500 secs] 37913K->21898K(57984K), 0.0006790 secs] [Times: user=0.00 sys=0.00, real=0.00 secs] 
123.999: Total time for which application threads were stopped: 0.0008080 seconds, Stopping threads took: 0.0000690 seconds
124.040: Application time: 0.0401820 seconds
124.040: [GC124.040: [ParNew: 17557K->1042K(18048K), 0.0004640 secs] 37877K->21418K(57984K), 0.0004910 secs] [Times: user=0.01 sys=0.01, real=0.00 secs] 
124.040: Total time for which application threads were stopped: 0.0006330 seconds, Stopping threads took: 0.0000870 seconds
124.079: Application time: 0.0389980 seconds
124.079: [GC124.079: [ParNew: 17074K->1578K(18048K), 0.0006100 secs] 37450K->21962K(57984K), 0.0006390 secs] [Times: user=0.00 sys=0.00, real=0.00 secs] 
124.080: Total time for which application threads were stopped: 0.0007760 seconds, Stopping threads took: 0.0000780 seconds
124.119: Application time: 0.0385800 seconds
124.119: [GC124.119: [ParNew: 17615K->1578K(18048K), 0.0010130 secs] 37999K->23042K(57984K), 0.0010440 secs] [Times: user=0.01 sys=0.00, real=0.00 secs] 
124.120: Total time for which application threads were stopped: 0.0011770 seconds, Stopping threads took: 0.0000710 seconds
124.159: Application time: 0.0390180 seconds
124.159: [GC124.159: [ParNew: 17189K->1606K(18048K), 0.0006500 secs] 38653K->23126K(57984K), 0.0006790 secs] [Times: user=0.00 sys=0.00, real=0.00 secs] 
124.160: Total time for which application threads were stopped: 0.0008380 seconds, Stopping threads took: 0.0000930 seconds
124.200: Application time: 0.0404390 seconds
124.200: [GC124.200: [ParNew: 17653K->1578K(18048K), 0.0006560 secs] 39173K->23194K(57984K), 0.0006820 secs] [Times: user=0.00 sys=0.00, real=0.00 secs] 
124.201: Total time for which application threads were stopped: 0.0008020 seconds, Stopping threads took: 0.0000620 seconds
124.242: Application time: 0.0408240 seconds
124.242: [GC124.242: [ParNew: 17546K->1030K(18048K), 0.0004330 secs] 39163K->22718K(57984K), 0.0004590 secs] [Times: user=0.00 sys=0.00, real=0.00 secs] 
124.242: Total time for which application threads were stopped: 0.0005980 seconds, Stopping threads took: 0.0000810 seconds
124.282: Application time: 0.0396730 seconds
124.282: [GC124.282: [ParNew: 17000K->522K(18048K), 0.0003210 secs] 38689K->22210K(57984K), 0.0003500 secs] [Times: user=0.00 sys=0.00, real=0.00 secs] 
124.282: Total time for which application threads were stopped: 0.0004660 seconds, Stopping threads took: 0.0000620 seconds
124.321: Application time: 0.0387750 seconds
124.321: [GC124.321: [ParNew: 16562K->1064K(18048K), 0.0004720 secs] 38251K->22752K(57984K), 0.0005000 secs] [Times: user=0.00 sys=0.00, real=0.00 secs] 
124.322: Total time for which application threads were stopped: 0.0006910 seconds, Stopping threads took: 0.0001340 seconds
124.360: Application time: 0.0381080 seconds
124.360: [GC124.360: [ParNew: 17022K->1548K(18048K), 0.0008570 secs] 38710K->23804K(57984K), 0.0008870 secs] [Times: user=0.01 sys=0.00, real=0.00 secs] 
124.361: Total time for which application threads were stopped: 0.0010180 seconds, Stopping threads took: 0.0000690 seconds
124.401: Application time: 0.0394210 seconds
124.401: [GC124.401: [ParNew: 17514K->1546K(18048K), 0.0008080 secs] 39771K->24314K(57984K), 0.0008440 secs] [Times: user=0.01 sys=0.00, real=0.00 secs] 
124.401: Total time for which application threads were stopped: 0.0009730 seconds, Stopping threads took: 0.0000690 seconds
124.442: Application time: 0.0408360 seconds
124.442: [GC124.442: [ParNew: 17512K->1546K(18048K), 0.0007560 secs] 40281K->24826K(57984K), 0.0007880 secs] [Times: user=0.00 sys=0.00, real=0.00 secs] 
124.443: Total time for which application threads were stopped: 0.0009350 seconds, Stopping threads took: 0.0000850 seconds
124.481: Application time: 0.0375270 seconds
124.481: [GC124.481: [ParNew: 17586K->1580K(18048K), 0.0010370 secs] 40867K->25884K(57984K), 0.0010720 secs] [Times: user=0.01 sys=0.00, real=0.00 secs] 
124.482: Total time for which application threads were stopped: 0.0012380 seconds, Stopping threads took: 0.0001010 seconds
124.523: Application time: 0.0408450 seconds
124.523: [GC124.523: [ParNew: 17551K->1548K(18048K), 0.0008030 secs] 41855K->26412K(57984K), 0.0008340 secs] [Times: user=0.01 sys=0.00, real=0.00 secs] 
124.524: Total time for which application threads were stopped: 0.0009640 seconds, Stopping threads took: 0.0000690 seconds
124.564: Application time: 0.0402820 seconds
124.564: [GC124.564: [ParNew: 17514K->1548K(18048K), 0.0007620 secs] 42379K->26924K(57984K), 0.0007900 secs] [Times: user=0.01 sys=0.00, real=0.00 secs] 
124.565: Total time for which application threads were stopped: 0.0009190 seconds, Stopping threads took: 0.0000710 seconds
124.604: Application time: 0.0386630 seconds
124.604: [GC124.604: [ParNew: 17514K->1550K(18048K), 0.0007610 secs] 42891K->27438K(57984K), 0.0007910 secs] [Times: user=0.00 sys=0.00, real=0.00 secs] 
124.605: Total time for which application threads were stopped: 0.0009190 seconds, Stopping threads took: 0.0000700 seconds
124.644: Application time: 0.0396800 seconds
124.644: [GC124.644: [ParNew: 17516K->1546K(18048K), 0.0008590 secs] 43405K->27946K(57984K), 0.0008910 secs] [Times: user=0.01 sys=0.00, real=0.01 secs] 
124.645: Total time for which application threads were stopped: 0.0010110 seconds, Stopping threads took: 0.0000580 seconds
124.685: Application time: 0.0397200 seconds
124.685: [GC124.685: [ParNew: 17591K->1576K(18048K), 0.0008480 secs] 43991K->28488K(57984K), 0.0008780 secs] [Times: user=0.01 sys=0.00, real=0.00 secs] 
124.686: Total time for which application threads were stopped: 0.0010210 seconds, Stopping threads took: 0.0000680 seconds
124.725: Application time: 0.0387220 seconds
124.725: [GC124.725: [ParNew: 17621K->1578K(18048K), 0.0007960 secs] 44533K->29058K(57984K), 0.0008270 secs] [Times: user=0.00 sys=0.00, real=0.01 secs] 
124.726: Total time for which application threads were stopped: 0.0009770 seconds, Stopping threads took: 0.0000870 seconds
124.767: Application time: 0.0410850 seconds
124.767: [GC124.767: [ParNew: 17551K->1034K(18048K), 0.0004550 secs] 45031K->28578K(57984K), 0.0004830 secs] [Times: user=0.00 sys=0.00, real=0.00 secs] 
124.768: Total time for which application threads were stopped: 0.0007230 seconds, Stopping threads took: 0.0001830 seconds
124.806: Application time: 0.0385710 seconds
124.806: [GC124.806: [ParNew: 16637K->1608K(18048K), 0.0006220 secs] 44181K->29152K(57984K), 0.0006500 secs] [Times: user=0.00 sys=0.00, real=0.00 secs] 
124.807: Total time for which application threads were stopped: 0.0007690 seconds, Stopping threads took: 0.0000610 seconds
124.846: Application time: 0.0387070 seconds
124.846: [GC124.846: [ParNew: 17215K->1608K(18048K), 0.0006590 secs] 44759K->29248K(57984K), 0.0006870 secs] [Times: user=0.01 sys=0.00, real=0.00 secs] 
124.846: Total time for which application threads were stopped: 0.0008120 seconds, Stopping threads took: 0.0000640 seconds
124.883: Application time: 0.0366610 seconds
124.883: [GC124.883: [ParNew: 17562K->1552K(18048K), 0.0011540 secs] 45203K->30840K(57984K), 0.0011980 secs] [Times: user=0.01 sys=0.00, real=0.00 secs] 
124.884: Total time for which application threads were stopped: 0.0013400 seconds, Stopping threads took: 0.0000750 seconds
124.925: Application time: 0.0404950 seconds
124.925: [GC124.925: [ParNew: 17523K->1550K(18048K), 0.0009910 secs] 46811K->31862K(57984K), 0.0010190 secs] [Times: user=0.01 sys=0.00, real=0.01 secs] 
124.926: Total time for which application threads were stopped: 0.0011720 seconds, Stopping threads took: 0.0000880 seconds
124.966: Application time: 0.0400020 seconds
124.966: [GC124.966: [ParNew: 17521K->1548K(18048K), 0.0007700 secs] 47833K->32372K(57984K), 0.0007990 secs] [Times: user=0.00 sys=0.00, real=0.00 secs] 
124.967: Total time for which application threads were stopped: 0.0009310 seconds, Stopping threads took: 0.0000700 seconds
125.008: Application time: 0.0406020 seconds
125.008: [GC125.008: [ParNew: 17597K->1580K(18048K), 0.0006130 secs] 48421K->32404K(57984K), 0.0006430 secs] [Times: user=0.00 sys=0.00, real=0.00 secs] 
125.008: Total time for which application threads were stopped: 0.0007580 seconds, Stopping threads took: 0.0000580 seconds
125.049: Application time: 0.0407140 seconds
125.049: [GC125.049: [ParNew: 17553K->522K(18048K), 0.0003440 secs] 48377K->31418K(57984K), 0.0003710 secs] [Times: user=0.01 sys=0.00, real=0.00 secs] 
125.050: Total time for which application threads were stopped: 0.0005460 seconds, Stopping threads took: 0.0001210 seconds
125.089: Application time: 0.0388910 seconds
125.089: [GC125.089: [ParNew: 16476K->1546K(18048K), 0.0007910 secs] 47373K->32954K(57984K), 0.0008220 secs] [Times: user=0.00 sys=0.00, real=0.00 secs] 
125.090: Total time for which application threads were stopped: 0.0009540 seconds, Stopping threads took: 0.0000720 seconds
125.130: Application time: 0.0407480 seconds
125.130: [GC125.130: [ParNew: 17597K->1066K(18048K), 0.0004640 secs] 49006K->32474K(57984K), 0.0004910 secs] [Times: user=0.00 sys=0.00, real=0.00 secs] 
125.131: Total time for which application threads were stopped: 0.0006100 seconds, Stopping threads took: 0.0000620 seconds
125.171: Application time: 0.0399630 seconds
125.173: [GC125.173: [ParNew: 17030K->1546K(18048K), 0.0007830 secs] 48439K->33010K(57984K), 0.0008160 secs] [Times: user=0.00 sys=0.00, real=0.00 secs] 
125.174: Total time for which application threads were stopped: 0.0032820 seconds, Stopping threads took: 0.0023960 seconds
125.213: Application time: 0.0388000 seconds
125.213: [GC125.213: [ParNew: 17512K->1544K(18048K), 0.0006580 secs] 48977K->33008K(57984K), 0.0006870 secs] [Times: user=0.01 sys=0.00, real=0.00 secs] 
125.214: Total time for which application threads were stopped: 0.0008180 seconds, Stopping threads took: 0.0000610 seconds
125.253: Application time: 0.0394170 seconds
125.253: [GC125.253: [ParNew: 17510K->1546K(18048K), 0.0006830 secs] 48975K->33010K(57984K), 0.0007110 secs] [Times: user=0.01 sys=0.00, real=0.00 secs] 
125.254: Total time for which application threads were stopped: 0.0008230 seconds, Stopping threads took: 0.0000550 seconds
125.295: Application time: 0.0405190 seconds
125.295: [GC125.295: [ParNew: 17512K->1546K(18048K), 0.0006870 secs] 48977K->33010K(57984K), 0.0007150 secs] [Times: user=0.01 sys=0.00, real=0.00 secs] 
125.295: Total time for which application threads were stopped: 0.0008520 seconds, Stopping threads took: 0.0000780 seconds
125.333: Application time: 0.0380490 seconds
125.334: [GC125.334: [ParNew: 17591K->1580K(18048K), 0.0006360 secs] 49056K->33045K(57984K), 0.0006650 secs] [Times: user=0.00 sys=0.00, real=0.00 secs] 
125.334: Total time for which application threads were stopped: 0.0007860 seconds, Stopping threads took: 0.0000640 seconds
125.375: Application time: 0.0408120 seconds
125.375: [GC125.375: [ParNew: 17546K->1546K(18048K), 0.0006090 secs] 49011K->33066K(57984K), 0.0006390 secs] [Times: user=0.00 sys=0.00, real=0.00 secs] 
125.376: Total time for which application threads were stopped: 0.0007640 seconds, Stopping threads took: 0.0000650 seconds
125.415: Application time: 0.0396890 seconds
125.416: [GC125.416: [ParNew: 17593K->1066K(18048K), 0.0004960 secs] 49114K->32587K(57984K), 0.0005310 secs] [Times: user=0.00 sys=0.00, real=0.00 secs] 
125.416: Total time for which application threads were stopped: 0.0006730 seconds, Stopping threads took: 0.0000840 seconds
125.457: Application time: 0.0404440 seconds
125.457: [GC125.457: [ParNew: 17035K->1034K(18048K), 0.0005310 secs] 48555K->32603K(57984K), 0.0005610 secs] [Times: user=0.00 sys=0.00, real=0.01 secs] 
125.457: Total time for which application threads were stopped: 0.0006690 seconds, Stopping threads took: 0.0000520 seconds
125.494: Application time: 0.0367200 seconds
125.494: [GC125.494: [ParNew: 16711K->1636K(18048K), 0.0008040 secs] 48280K->33717K(57984K), 0.0008370 secs] [Times: user=0.01 sys=0.00, real=0.00 secs] 
125.495: Total time for which application threads were stopped: 0.0010800 seconds, Stopping threads took: 0.0001790 seconds
125.535: Application time: 0.0402610 seconds
125.535: [GC125.535: [ParNew: 17685K->1580K(18048K), 0.0006580 secs] 49766K->33789K(57984K), 0.0006880 secs] [Times: user=0.00 sys=0.00, real=0.00 secs] 
125.536: Total time for which application threads were stopped: 0.0008170 seconds, Stopping threads took: 0.0000700 seconds
125.575: Application time: 0.0391190 seconds
125.575: [GC125.575: [ParNew: 17546K->1548K(18048K), 0.0006140 secs] 49755K->33805K(57984K), 0.0006430 secs] [Times: user=0.00 sys=0.00, real=0.00 secs] 
125.576: Total time for which application threads were stopped: 0.0007650 seconds, Stopping threads took: 0.0000620 seconds
125.615: Application time: 0.0389800 seconds
125.615: [GC125.615: [ParNew: 17510K->1548K(18048K), 0.0007610 secs] 49767K->34317K(57984K), 0.0007920 secs] [Times: user=0.01 sys=0.00, real=0.00 secs] 
125.616: Total time for which application threads were stopped: 0.0009350 seconds, Stopping threads took: 0.0000820 seconds
125.655: Application time: 0.0386940 seconds
125.655: [GC125.655: [ParNew: 17589K->1576K(18048K), 0.0009430 secs] 50358K->35369K(57984K), 0.0009770 secs] [Times: user=0.00 sys=0.00, real=0.00 secs] 
125.656: Total time for which application threads were stopped: 0.0011060 seconds, Stopping threads took: 0.0000660 seconds
125.696: Application time: 0.0406580 seconds
125.697: [GC125.697: [ParNew: 17542K->1550K(18048K), 0.0009730 secs] 51336K->36431K(57984K), 0.0010050 secs] [Times: user=0.00 sys=0.00, real=0.01 secs] 
125.698: Total time for which application threads were stopped: 0.0011460 seconds, Stopping threads took: 0.0000740 seconds
125.739: Application time: 0.0413360 seconds
125.739: [GC125.739: [ParNew: 17516K->1548K(18048K), 0.0009730 secs] 52398K->37453K(57984K), 0.0010030 secs] [Times: user=0.01 sys=0.00, real=0.00 secs] 
125.740: Total time for which application threads were stopped: 0.0011450 seconds, Stopping threads took: 0.0000720 seconds
125.779: Application time: 0.0393690 seconds
125.780: [GC125.780: [ParNew: 17519K->1546K(18048K), 0.0006340 secs] 53424K->37451K(57984K), 0.0006620 secs] [Times: user=0.00 sys=0.00, real=0.00 secs] 
125.780: Total time for which application threads were stopped: 0.0008510 seconds, Stopping threads took: 0.0001290 seconds
125.822: Application time: 0.0414080 seconds
125.822: [GC125.822: [ParNew: 17599K->552K(18048K), 0.0003200 secs] 53504K->36457K(57984K), 0.0003440 secs] [Times: user=0.01 sys=0.00, real=0.00 secs] 
125.822: Total time for which application threads were stopped: 0.0004520 seconds, Stopping threads took: 0.0000560 seconds
125.859: Application time: 0.0365740 seconds
125.859: [GC125.859: [ParNew: 16506K->1578K(18048K), 0.0007760 secs] 52411K->37995K(57984K), 0.0008040 secs] [Times: user=0.00 sys=0.00, real=0.00 secs] 
125.860: Total time for which application threads were stopped: 0.0009290 seconds, Stopping threads took: 0.0000620 seconds
125.900: Application time: 0.0403340 seconds
125.900: [GC125.900: [ParNew: 17544K->1548K(18048K), 0.0008720 secs] 53962K->38533K(57984K), 0.0009030 secs] [Times: user=0.01 sys=0.00, real=0.00 secs] 
125.901: Total time for which application threads were stopped: 0.0010390 seconds, Stopping threads took: 0.0000730 seconds
125.942: Application time: 0.0406030 seconds
125.942: [GC125.942: [ParNew: 17519K->1544K(18048K), 0.0006750 secs] 54504K->38529K(57984K), 0.0007130 secs] [Times: user=0.01 sys=0.00, real=0.00 secs] 
125.942: Total time for which application threads were stopped: 0.0008340 seconds, Stopping threads took: 0.0000610 seconds
125.982: Application time: 0.0399400 seconds
125.983: [GC125.983: [ParNew: 17514K->1034K(18048K), 0.0004590 secs] 54500K->38019K(57984K), 0.0004870 secs] [Times: user=0.00 sys=0.00, real=0.00 secs] 
125.983: Total time for which application threads were stopped: 0.0006090 seconds, Stopping threads took: 0.0000680 seconds
126.022: Application time: 0.0388100 seconds
126.025: [GC126.025: [ParNew: 17077K->1574K(18048K), 0.0008970 secs] 54062K->38559K(57984K), 0.0009280 secs] [Times: user=0.00 sys=0.00, real=0.00 secs] 
126.026: Total time for which application threads were stopped: 0.0044910 seconds, Stopping threads took: 0.0034830 seconds
126.070: Application time: 0.0433740 seconds
126.070: [GC126.070: [ParNew: 17538K->1544K(18048K), 0.0007530 secs] 54524K->38585K(57984K), 0.0007860 secs] [Times: user=0.01 sys=0.00, real=0.00 secs] 
126.071: Total time for which application threads were stopped: 0.0009050 seconds, Stopping threads took: 0.0000560 seconds
126.111: Application time: 0.0405200 seconds
126.111: [GC126.111: [ParNew: 17510K->1546K(18048K), 0.0006100 secs] 54552K->38587K(57984K), 0.0006390 secs] [Times: user=0.01 sys=0.00, real=0.00 secs] 
126.112: Total time for which application threads were stopped: 0.0008280 seconds, Stopping threads took: 0.0001310 seconds
126.151: Application time: 0.0393890 seconds
126.152: [GC126.152: [ParNew: 17313K->1152K(18048K), 0.0005060 secs] 54354K->38193K(57984K), 0.0005330 secs] [Times: user=0.00 sys=0.00, real=0.00 secs] 
126.152: Total time for which application threads were stopped: 0.0007160 seconds, Stopping threads took: 0.0001290 seconds
126.191: Application time: 0.0384370 seconds
126.191: [GC126.191: [ParNew: 17189K->1576K(18048K), 0.0008340 secs] 54230K->39293K(57984K), 0.0008670 secs] [Times: user=0.01 sys=0.00, real=0.00 secs] 
126.192: Total time for which application threads were stopped: 0.0009920 seconds, Stopping threads took: 0.0000620 seconds
126.231: Application time: 0.0398730 seconds
126.231: [GC126.232: [ParNew: 17547K->1546K(18048K), 0.0006540 secs] 55264K->39327K(57984K), 0.0006840 secs] [Times: user=0.00 sys=0.00, real=0.00 secs] 
126.232: Total time for which application threads were stopped: 0.0008100 seconds, Stopping threads took: 0.0000660 seconds
126.272: Application time: 0.0395220 seconds
126.272: [GC126.272: [ParNew: 17516K->1034K(18048K), 0.0005360 secs] 55298K->38815K(57984K), 0.0005620 secs] [Times: user=0.00 sys=0.00, real=0.00 secs] 
126.272: Total time for which application threads were stopped: 0.0006890 seconds, Stopping threads took: 0.0000640 seconds
126.313: Application time: 0.0406500 seconds
126.313: [GC126.313: [ParNew: 17083K->552K(18048K), 0.0003440 secs] 54864K->38333K(57984K), 0.0003780 secs] [Times: user=0.00 sys=0.01, real=0.00 secs] 
126.314: Total time for which application threads were stopped: 0.0004820 seconds, Stopping threads took: 0.0000500 seconds
126.354: Application time: 0.0400590 seconds
126.354: [GC126.354: [ParNew: 16518K->554K(18048K), 0.0003200 secs] 54300K->38335K(57984K), 0.0003480 secs] [Times: user=0.00 sys=0.00, real=0.00 secs] 
126.354: Total time for which application threads were stopped: 0.0004700 seconds, Stopping threads took: 0.0000680 seconds
126.390: Application time: 0.0363880 seconds
126.391: [GC126.391: [ParNew: 16508K->1578K(18048K), 0.0008470 secs] 54289K->39871K(57984K), 0.0008780 secs] [Times: user=0.00 sys=0.00, real=0.00 secs] 
126.391: Total time for which application threads were stopped: 0.0010090 seconds, Stopping threads took: 0.0000700 seconds
126.432: Application time: 0.0409780 seconds
126.433: [GC126.433: [ParNew: 17549K->1546K(18048K), 0.0006280 secs] 55842K->39903K(57984K), 0.0006560 secs] [Times: user=0.01 sys=0.00, real=0.00 secs] 
126.433: Total time for which application threads were stopped: 0.0007920 seconds, Stopping threads took: 0.0000650 seconds
126.471: Application time: 0.0373480 seconds
126.471: [GC126.471: [ParNew: 17586K->1576K(18048K), 0.0007760 secs] 55944K->40445K(57984K), 0.0008040 secs] [Times: user=0.00 sys=0.00, real=0.00 secs] 
126.472: Total time for which application threads were stopped: 0.0009330 seconds, Stopping threads took: 0.0000690 seconds
126.512: Application time: 0.0407090 seconds
126.512: [GC126.512: [ParNew: 17547K->1546K(18048K), 0.0006410 secs] 56416K->40479K(57984K), 0.0006720 secs] [Times: user=0.00 sys=0.00, real=0.00 secs] 
126.513: Total time for which application threads were stopped: 0.0008220 seconds, Stopping threads took: 0.0000900 seconds
126.553: Application time: 0.0402880 seconds
126.553: [GC126.553: [ParNew: 17508K->1546K(18048K), 0.0008790 secs] 56442K->40991K(57984K), 0.0009090 secs] [Times: user=0.00 sys=0.00, real=0.00 secs] 
126.554: Total time for which application threads were stopped: 0.0010370 seconds, Stopping threads took: 0.0000680 seconds
126.593: Application time: 0.0382520 seconds
126.593: [GC126.593: [ParNew: 17517K->1546K(18048K), 0.0006380 secs] 56962K->40991K(57984K), 0.0006670 secs] [Times: user=0.00 sys=0.00, real=0.00 secs] 
126.593: Total time for which application threads were stopped: 0.0007880 seconds, Stopping threads took: 0.0000620 seconds
126.634: Application time: 0.0407130 seconds
126.637: [GC126.637: [ParNew: 17512K->1546K(18048K), 0.0006730 secs] 56958K->40991K(57984K), 0.0007020 secs] [Times: user=0.01 sys=0.00, real=0.00 secs] 
126.638: Total time for which application threads were stopped: 0.0037990 seconds, Stopping threads took: 0.0030390 seconds
126.678: Application time: 0.0396860 seconds
126.678: [GC126.678: [ParNew: 17591K->1580K(18048K), 0.0006110 secs] 57036K->41025K(57984K), 0.0006420 secs] [Times: user=0.01 sys=0.00, real=0.00 secs] 
126.678: Total time for which application threads were stopped: 0.0007840 seconds, Stopping threads took: 0.0000810 seconds
126.719: Application time: 0.0403130 seconds
126.719: [GC126.719: [ParNew: 17551K->1034K(18048K), 0.0004660 secs] 56996K->40543K(57984K), 0.0004950 secs] [Times: user=0.00 sys=0.00, real=0.00 secs] 
126.719: Total time for which application threads were stopped: 0.0006250 seconds, Stopping threads took: 0.0000720 seconds
126.757: Application time: 0.0379180 seconds
126.757: [GC126.757: [ParNew: 16996K->1546K(18048K), 0.0006040 secs] 56506K->41055K(57984K), 0.0006330 secs] [Times: user=0.00 sys=0.00, real=0.00 secs] 
126.758: Total time for which application threads were stopped: 0.0007460 seconds, Stopping threads took: 0.0000550 seconds
126.797: Application time: 0.0388550 seconds
126.797: [GC126.797: [ParNew: 17586K->1578K(18048K), 0.0008350 secs]126.798: [Tenured: 40021K->7709K(40452K), 0.0048690 secs] 57096K->7709K(58500K), [Perm : 5146K->5146K(21248K)], 0.0057810 secs] [Times: user=0.01 sys=0.00, real=0.01 secs] 
126.803: Total time for which application threads were stopped: 0.0059170 seconds, Stopping threads took: 0.0000610 seconds
126.844: Application time: 0.0407440 seconds
126.844: [GC126.844: [ParNew: 15693K->1122K(18048K), 0.0004960 secs] 23402K->8831K(57984K), 0.0005240 secs] [Times: user=0.01 sys=0.00, real=0.00 secs] 
126.844: Total time for which application threads were stopped: 0.0006650 seconds, Stopping threads took: 0.0000850 seconds
126.883: Application time: 0.0383940 seconds
126.883: [GC126.883: [ParNew: 17162K->1576K(18048K), 0.0006840 secs] 24871K->9409K(57984K), 0.0007150 secs] [Times: user=0.01 sys=0.00, real=0.00 secs] 
126.883: Total time for which application threads were stopped: 0.0008470 seconds, Stopping threads took: 0.0000700 seconds
126.923: Application time: 0.0394050 seconds
126.923: [GC126.923: [ParNew: 17547K->1034K(18048K), 0.0004280 secs] 25380K->8939K(57984K), 0.0004520 secs] [Times: user=0.01 sys=0.00, real=0.00 secs] 
126.923: Total time for which application threads were stopped: 0.0005850 seconds, Stopping threads took: 0.0000760 seconds
126.961: Application time: 0.0372020 seconds
126.961: [GC126.961: [ParNew: 16988K->1548K(18048K), 0.0010100 secs] 24893K->10477K(57984K), 0.0010520 secs] [Times: user=0.01 sys=0.00, real=0.00 secs] 
126.962: Total time for which application threads were stopped: 0.0011880 seconds, Stopping threads took: 0.0000700 seconds
127.002: Application time: 0.0399570 seconds
127.002: [GC127.002: [ParNew: 17593K->1580K(18048K), 0.0007780 secs] 26522K->11021K(57984K), 0.0008100 secs] [Times: user=0.01 sys=0.00, real=0.00 secs] 
127.003: Total time for which application threads were stopped: 0.0010100 seconds, Stopping threads took: 0.0001370 seconds
127.044: Application time: 0.0408990 seconds
127.044: [GC127.044: [ParNew: 17549K->1548K(18048K), 0.0008340 secs] 26990K->11557K(57984K), 0.0008640 secs] [Times: user=0.01 sys=0.00, real=0.00 secs] 
127.045: Total time for which application threads were stopped: 0.0009860 seconds, Stopping threads took: 0.0000580 seconds
127.084: Application time: 0.0389040 seconds
127.084: [GC127.084: [ParNew: 17514K->1548K(18048K), 0.0007500 secs] 27524K->12069K(57984K), 0.0007820 secs] [Times: user=0.00 sys=0.00, real=0.00 secs] 
127.085: Total time for which application threads were stopped: 0.0009130 seconds, Stopping threads took: 0.0000690 seconds
127.125: Application time: 0.0404130 seconds
127.125: [GC127.125: [ParNew: 17597K->1578K(18048K), 0.0006840 secs] 28118K->12099K(57984K), 0.0007130 secs] [Times: user=0.00 sys=0.00, real=0.01 secs] 
127.126: Total time for which application threads were stopped: 0.0008350 seconds, Stopping threads took: 0.0000610 seconds
127.165: Application time: 0.0392590 seconds
127.165: [GC127.165: [ParNew: 17540K->1546K(18048K), 0.0007610 secs] 28062K->12651K(57984K), 0.0007950 secs] [Times: user=0.01 sys=0.00, real=0.00 secs] 
127.166: Total time for which application threads were stopped: 0.0009360 seconds, Stopping threads took: 0.0000750 seconds
127.206: Application time: 0.0403300 seconds
127.206: [GC127.206: [ParNew: 17517K->1546K(18048K), 0.0006230 secs] 28622K->12651K(57984K), 0.0006510 secs] [Times: user=0.00 sys=0.00, real=0.00 secs] 
127.207: Total time for which application threads were stopped: 0.0007640 seconds, Stopping threads took: 0.0000560 seconds
127.247: Application time: 0.0403210 seconds
127.248: [GC127.248: [ParNew: 17508K->1546K(18048K), 0.0007900 secs] 28614K->13163K(57984K), 0.0008190 secs] [Times: user=0.00 sys=0.00, real=0.00 secs] 
127.248: Total time for which application threads were stopped: 0.0009450 seconds, Stopping threads took: 0.0000640 seconds
127.289: Application time: 0.0401510 seconds
127.289: [GC127.289: [ParNew: 17517K->1546K(18048K), 0.0006320 secs] 29134K->13163K(57984K), 0.0006620 secs] [Times: user=0.01 sys=0.00, real=0.00 secs] 
127.289: Total time for which application threads were stopped: 0.0007840 seconds, Stopping threads took: 0.0000620 seconds
127.329: Application time: 0.0396520 seconds
127.329: [GC127.329: [ParNew: 17508K->1544K(18048K), 0.0008510 secs] 29126K->13673K(57984K), 0.0008810 secs] [Times: user=0.01 sys=0.00, real=0.00 secs] 
127.330: Total time for which application threads were stopped: 0.0010300 seconds, Stopping threads took: 0.0000790 seconds
127.371: Application time: 0.0414180 seconds
127.371: [GC127.372: [ParNew: 17593K->1578K(18048K), 0.0005940 secs] 29722K->13707K(57984K), 0.0006240 secs] [Times: user=0.00 sys=0.00, real=0.00 secs] 
127.372: Total time for which application threads were stopped: 0.0007420 seconds, Stopping threads took: 0.0000600 seconds
127.410: Application time: 0.0380420 seconds
127.410: [GC127.410: [ParNew: 17549K->1036K(18048K), 0.0004600 secs] 29678K->13237K(57984K), 0.0004880 secs] [Times: user=0.00 sys=0.00, real=0.00 secs] 
127.411: Total time for which application threads were stopped: 0.0006090 seconds, Stopping threads took: 0.0000640 seconds
127.451: Application time: 0.0403900 seconds
127.451: [GC127.451: [ParNew: 17002K->1036K(18048K), 0.0004490 secs] 29204K->13237K(57984K), 0.0004760 secs] [Times: user=0.01 sys=0.00, real=0.00 secs] 
127.452: Total time for which application threads were stopped: 0.0005950 seconds, Stopping threads took: 0.0000530 seconds
127.489: Application time: 0.0368440 seconds
127.489: [GC127.489: [ParNew: 16713K->1636K(18048K), 0.0008080 secs] 28914K->14349K(57984K), 0.0008400 secs] [Times: user=0.01 sys=0.00, real=0.00 secs] 
127.490: Total time for which application threads were stopped: 0.0009720 seconds, Stopping threads took: 0.0000710 seconds
127.527: Application time: 0.0375390 seconds
127.527: [GC127.527: [ParNew: 17235K->1608K(18048K), 0.0011500 secs] 29948K->15981K(57984K), 0.0011850 secs] [Times: user=0.01 sys=0.00, real=0.00 secs] 
127.528: Total time for which application threads were stopped: 0.0013160 seconds, Stopping threads took: 0.0000660 seconds
127.568: Application time: 0.0397020 seconds
127.568: [GC127.568: [ParNew: 17579K->1548K(18048K), 0.0010190 secs] 31952K->17057K(57984K), 0.0010500 secs] [Times: user=0.01 sys=0.00, real=0.00 secs] 
127.569: Total time for which application threads were stopped: 0.0011770 seconds, Stopping threads took: 0.0000620 seconds
127.610: Application time: 0.0409690 seconds
127.610: [GC127.610: [ParNew: 17521K->1544K(18048K), 0.0006430 secs] 33030K->17053K(57984K), 0.0006730 secs] [Times: user=0.01 sys=0.00, real=0.00 secs] 
127.611: Total time for which application threads were stopped: 0.0007980 seconds, Stopping threads took: 0.0000640 seconds
127.650: Application time: 0.0388400 seconds
127.650: [GC127.650: [ParNew: 17514K->1032K(18048K), 0.0004270 secs] 33024K->16541K(57984K), 0.0004520 secs] [Times: user=0.00 sys=0.00, real=0.00 secs] 
127.651: Total time for which application threads were stopped: 0.0005990 seconds, Stopping threads took: 0.0000910 seconds
127.690: Application time: 0.0390080 seconds
127.690: [GC127.690: [ParNew: 17072K->1578K(18048K), 0.0005960 secs] 32582K->17087K(57984K), 0.0006260 secs] [Times: user=0.01 sys=0.00, real=0.00 secs] 
127.690: Total time for which application threads were stopped: 0.0007590 seconds, Stopping threads took: 0.0000740 seconds
127.730: Application time: 0.0395510 seconds
127.730: [GC127.730: [ParNew: 17540K->1546K(18048K), 0.0008340 secs] 33050K->17639K(57984K), 0.0008620 secs] [Times: user=0.01 sys=0.00, real=0.00 secs] 
127.731: Total time for which application threads were stopped: 0.0010200 seconds, Stopping threads took: 0.0000970 seconds
127.770: Application time: 0.0390220 seconds
127.770: [GC127.770: [ParNew: 17591K->1578K(18048K), 0.0007600 secs] 33684K->18183K(57984K), 0.0007890 secs] [Times: user=0.01 sys=0.00, real=0.00 secs] 
127.771: Total time for which application threads were stopped: 0.0009220 seconds, Stopping threads took: 0.0000720 seconds
127.810: Application time: 0.0395440 seconds
127.811: [GC127.811: [ParNew: 17540K->1548K(18048K), 0.0008540 secs] 34146K->18721K(57984K), 0.0008840 secs] [Times: user=0.01 sys=0.00, real=0.00 secs] 
127.811: Total time for which application threads were stopped: 0.0010420 seconds, Stopping threads took: 0.0000970 seconds
127.851: Application time: 0.0394430 seconds
127.851: [GC127.851: [ParNew: 17516K->1546K(18048K), 0.0008080 secs] 34690K->19231K(57984K), 0.0008380 secs] [Times: user=0.00 sys=0.00, real=0.00 secs] 
127.852: Total time for which application threads were stopped: 0.0009800 seconds, Stopping threads took: 0.0000690 seconds
127.892: Application time: 0.0399180 seconds
127.892: [GC127.892: [ParNew: 17514K->1546K(18048K), 0.0005960 secs] 35200K->19231K(57984K), 0.0006240 secs] [Times: user=0.00 sys=0.00, real=0.00 secs] 
127.893: Total time for which application threads were stopped: 0.0008160 seconds, Stopping threads took: 0.0001330 seconds
127.932: Application time: 0.0396540 seconds
127.932: [GC127.932: [ParNew: 17512K->1544K(18048K), 0.0006850 secs] 35198K->19229K(57984K), 0.0007160 secs] [Times: user=0.00 sys=0.00, real=0.00 secs] 
127.933: Total time for which application threads were stopped: 0.0008540 seconds, Stopping threads took: 0.0000810 seconds
127.973: Application time: 0.0395400 seconds
127.973: [GC127.973: [ParNew: 17514K->1036K(18048K), 0.0004520 secs] 35200K->18721K(57984K), 0.0004880 secs] [Times: user=0.00 sys=0.00, real=0.00 secs] 
127.973: Total time for which application threads were stopped: 0.0006080 seconds, Stopping threads took: 0.0000620 seconds
128.014: Application time: 0.0403390 seconds
128.014: [GC128.014: [ParNew: 17085K->554K(18048K), 0.0002940 secs] 34770K->18239K(57984K), 0.0003190 secs] [Times: user=0.01 sys=0.00, real=0.00 secs] 
128.014: Total time for which application threads were stopped: 0.0004390 seconds, Stopping threads took: 0.0000660 seconds
128.051: Application time: 0.0370340 seconds
128.051: [GC128.051: [ParNew: 16508K->1580K(18048K), 0.0005980 secs] 34194K->19266K(57984K), 0.0006250 secs] [Times: user=0.01 sys=0.00, real=0.00 secs] 
128.052: Total time for which application threads were stopped: 0.0008100 seconds, Stopping threads took: 0.0001280 seconds
128.091: Application time: 0.0394100 seconds
128.092: [GC128.092: [ParNew: 17542K->1546K(18048K), 0.0007860 secs] 35228K->19807K(57984K), 0.0008140 secs] [Times: user=0.01 sys=0.00, real=0.00 secs] 
128.092: Total time for which application threads were stopped: 0.0010440 seconds, Stopping threads took: 0.0001710 seconds
128.132: Application time: 0.0401460 seconds
128.133: [GC128.133: [ParNew: 17591K->1578K(18048K), 0.0008150 secs] 35853K->20352K(57984K), 0.0008480 secs] [Times: user=0.00 sys=0.00, real=0.00 secs] 
128.133: Total time for which application threads were stopped: 0.0009870 seconds, Stopping threads took: 0.0000760 seconds
128.173: Application time: 0.0392100 seconds
128.173: [GC128.173: [ParNew: 17272K->1124K(18048K), 0.0004960 secs] 36045K->19978K(57984K), 0.0005240 secs] [Times: user=0.00 sys=0.00, real=0.00 secs] 
128.173: Total time for which application threads were stopped: 0.0006450 seconds, Stopping threads took: 0.0000650 seconds
128.212: Application time: 0.0385640 seconds
128.212: [GC128.212: [ParNew: 17165K->1576K(18048K), 0.0006280 secs] 36019K->20566K(57984K), 0.0006570 secs] [Times: user=0.00 sys=0.00, real=0.00 secs] 
128.213: Total time for which application threads were stopped: 0.0007800 seconds, Stopping threads took: 0.0000620 seconds
128.252: Application time: 0.0393000 seconds
128.252: [GC128.252: [ParNew: 17542K->1546K(18048K), 0.0006660 secs] 36532K->20600K(57984K), 0.0006940 secs] [Times: user=0.00 sys=0.00, real=0.00 secs] 
128.253: Total time for which application threads were stopped: 0.0008510 seconds, Stopping threads took: 0.0001000 seconds
128.293: Application time: 0.0400640 seconds
128.293: [GC128.293: [ParNew: 17514K->1034K(18048K), 0.0004810 secs] 36568K->20088K(57984K), 0.0005080 secs] [Times: user=0.00 sys=0.00, real=0.00 secs] 
128.294: Total time for which application threads were stopped: 0.0007080 seconds, Stopping threads took: 0.0001420 seconds
128.332: Application time: 0.0382170 seconds
128.332: [GC128.332: [ParNew: 17070K->1578K(18048K), 0.0007730 secs] 36124K->21144K(57984K), 0.0008030 secs] [Times: user=0.01 sys=0.00, real=0.00 secs] 
128.333: Total time for which application threads were stopped: 0.0009310 seconds, Stopping threads took: 0.0000670 seconds
128.372: Application time: 0.0390150 seconds
128.372: [GC128.372: [ParNew: 17540K->1548K(18048K), 0.0009650 secs] 37106K->22194K(57984K), 0.0009970 secs] [Times: user=0.01 sys=0.00, real=0.00 secs] 
128.373: Total time for which application threads were stopped: 0.0011310 seconds, Stopping threads took: 0.0000600 seconds
128.412: Application time: 0.0391570 seconds
128.412: [GC128.412: [ParNew: 17593K->1574K(18048K), 0.0009620 secs] 38239K->23244K(57984K), 0.0009940 secs] [Times: user=0.01 sys=0.00, real=0.00 secs] 
128.413: Total time for which application threads were stopped: 0.0011360 seconds, Stopping threads took: 0.0000780 seconds
128.454: Application time: 0.0407690 seconds
128.454: [GC128.454: [ParNew: 17542K->1544K(18048K), 0.0008030 secs] 39213K->23774K(57984K), 0.0008320 secs] [Times: user=0.01 sys=0.00, real=0.00 secs] 
128.455: Total time for which application threads were stopped: 0.0009820 seconds, Stopping threads took: 0.0000890 seconds
128.495: Application time: 0.0404410 seconds
128.496: [GC128.496: [ParNew: 17514K->1544K(18048K), 0.0006220 secs] 39745K->23774K(57984K), 0.0006570 secs] [Times: user=0.01 sys=0.00, real=0.00 secs] 
128.496: Total time for which application threads were stopped: 0.0007860 seconds, Stopping threads took: 0.0000730 seconds
128.536: Application time: 0.0400580 seconds
128.536: [GC128.536: [ParNew: 17514K->1034K(18048K), 0.0004430 secs] 39745K->23264K(57984K), 0.0004700 secs] [Times: user=0.00 sys=0.00, real=0.00 secs] 
128.537: Total time for which application threads were stopped: 0.0005860 seconds, Stopping threads took: 0.0000600 seconds
128.577: Application time: 0.0399410 seconds
128.577: [GC128.577: [ParNew: 17004K->522K(18048K), 0.0003140 secs] 39235K->22752K(57984K), 0.0003390 secs] [Times: user=0.00 sys=0.00, real=0.01 secs] 
128.577: Total time for which application threads were stopped: 0.0004580 seconds, Stopping threads took: 0.0000660 seconds
128.618: Application time: 0.0405480 seconds
128.618: [GC128.618: [ParNew: 16492K->10K(18048K), 0.0002030 secs] 38723K->22240K(57984K), 0.0002300 secs] [Times: user=0.00 sys=0.00, real=0.00 secs] 
128.618: Total time for which application threads were stopped: 0.0003420 seconds, Stopping threads took: 0.0000590 seconds
128.653: Application time: 0.0347990 seconds
128.653: [GC128.653: [ParNew: 15947K->1552K(18048K), 0.0013240 secs] 38177K->25830K(57984K), 0.0013590 secs] [Times: user=0.00 sys=0.00, real=0.00 secs] 
128.654: Total time for which application threads were stopped: 0.0014960 seconds, Stopping threads took: 0.0000710 seconds
128.694: Application time: 0.0396000 seconds
128.694: [GC128.694: [ParNew: 17601K->1580K(18048K), 0.0011270 secs] 41879K->27394K(57984K), 0.0011600 secs] [Times: user=0.01 sys=0.00, real=0.00 secs] 
128.695: Total time for which application threads were stopped: 0.0012970 seconds, Stopping threads took: 0.0000720 seconds
128.737: Application time: 0.0415090 seconds
128.737: [GC128.737: [ParNew: 17555K->1548K(18048K), 0.0007320 secs] 43369K->27434K(57984K), 0.0007630 secs] [Times: user=0.01 sys=0.00, real=0.00 secs] 
128.738: Total time for which application threads were stopped: 0.0012300 seconds, Stopping threads took: 0.0004010 seconds
128.778: Application time: 0.0399970 seconds
128.778: [GC128.778: [ParNew: 17510K->1546K(18048K), 0.0008160 secs] 43397K->27944K(57984K), 0.0008460 secs] [Times: user=0.00 sys=0.00, real=0.00 secs] 
128.779: Total time for which application threads were stopped: 0.0009870 seconds, Stopping threads took: 0.0000800 seconds
128.818: Application time: 0.0388800 seconds
128.818: [GC128.818: [ParNew: 17591K->1576K(18048K), 0.0007890 secs] 43989K->28486K(57984K), 0.0008190 secs] [Times: user=0.01 sys=0.00, real=0.00 secs] 
128.819: Total time for which application threads were stopped: 0.0010520 seconds, Stopping threads took: 0.0001720 seconds
128.857: Application time: 0.0384960 seconds
128.858: [GC128.858: [ParNew: 17344K->1660K(18048K), 0.0007560 secs] 44254K->28634K(57984K), 0.0007840 secs] [Times: user=0.01 sys=0.00, real=0.00 secs] 
128.858: Total time for which application threads were stopped: 0.0009630 seconds, Stopping threads took: 0.0001210 seconds
128.899: Application time: 0.0404830 seconds
128.899: [GC128.899: [ParNew: 17627K->1548K(18048K), 0.0006750 secs] 44601K->28686K(57984K), 0.0007050 secs] [Times: user=0.01 sys=0.00, real=0.00 secs] 
128.900: Total time for which application threads were stopped: 0.0008450 seconds, Stopping threads took: 0.0000720 seconds
128.940: Application time: 0.0406790 seconds
128.941: [GC128.941: [ParNew: 17519K->1030K(18048K), 0.0004790 secs] 44657K->28168K(57984K), 0.0005060 secs] [Times: user=0.01 sys=0.00, real=0.00 secs] 
128.941: Total time for which application threads were stopped: 0.0006150 seconds, Stopping threads took: 0.0000540 seconds
128.980: Application time: 0.0393560 seconds
128.981: [GC128.981: [ParNew: 17000K->522K(18048K), 0.0003010 secs] 44139K->27660K(57984K), 0.0003280 secs] [Times: user=0.00 sys=0.00, real=0.00 secs] 
128.981: Total time for which application threads were stopped: 0.0004560 seconds, Stopping threads took: 0.0000640 seconds
129.019: Application time: 0.0383270 seconds
129.019: [GC129.019: [ParNew: 16563K->1068K(18048K), 0.0005320 secs] 43701K->28206K(57984K), 0.0005590 secs] [Times: user=0.00 sys=0.00, real=0.00 secs] 
129.020: Total time for which application threads were stopped: 0.0006740 seconds, Stopping threads took: 0.0000590 seconds
129.056: Application time: 0.0365300 seconds
129.057: [GC129.057: [ParNew: 17096K->1578K(18048K), 0.0011680 secs] 44235K->30308K(57984K), 0.0012040 secs] [Times: user=0.00 sys=0.00, real=0.01 secs] 
129.058: Total time for which application threads were stopped: 0.0013430 seconds, Stopping threads took: 0.0000730 seconds
129.098: Application time: 0.0402760 seconds
129.098: [GC129.098: [ParNew: 17544K->1548K(18048K), 0.0009740 secs] 46275K->31366K(57984K), 0.0010030 secs] [Times: user=0.00 sys=0.00, real=0.00 secs] 
129.099: Total time for which application threads were stopped: 0.0012290 seconds, Stopping threads took: 0.0001630 seconds
129.139: Application time: 0.0397880 seconds
129.139: [GC129.139: [ParNew: 17521K->1548K(18048K), 0.0008540 secs] 47339K->31878K(57984K), 0.0008850 secs] [Times: user=0.01 sys=0.00, real=0.00 secs] 
129.140: Total time for which application threads were stopped: 0.0010260 seconds, Stopping threads took: 0.0000790 seconds
129.181: Application time: 0.0410550 seconds
129.181: [GC129.181: [ParNew: 17523K->522K(18048K), 0.0004570 secs] 47853K->30852K(57984K), 0.0004810 secs] [Times: user=0.01 sys=0.00, real=0.00 secs] 
129.182: Total time for which application threads were stopped: 0.0005980 seconds, Stopping threads took: 0.0000630 seconds
129.219: Application time: 0.0373710 seconds
129.219: [GC129.219: [ParNew: 16476K->1546K(18048K), 0.0007580 secs] 46807K->32388K(57984K), 0.0007880 secs] [Times: user=0.00 sys=0.00, real=0.00 secs] 
129.220: Total time for which application threads were stopped: 0.0009210 seconds, Stopping threads took: 0.0000730 seconds
129.257: Application time: 0.0365200 seconds
129.257: [GC129.257: [ParNew: 17504K->1550K(18048K), 0.0011310 secs] 48347K->33928K(57984K), 0.0011650 secs] [Times: user=0.01 sys=0.00, real=0.01 secs] 
129.258: Total time for which application threads were stopped: 0.0013040 seconds, Stopping threads took: 0.0000760 seconds
129.298: Application time: 0.0402540 seconds
129.298: [GC129.298: [ParNew: 17516K->1548K(18048K), 0.0011430 secs] 49895K->35462K(57984K), 0.0011790 secs] [Times: user=0.01 sys=0.00, real=0.00 secs] 
129.299: Total time for which application threads were stopped: 0.0013300 seconds, Stopping threads took: 0.0000840 seconds
129.340: Application time: 0.0407130 seconds
129.340: [GC129.340: [ParNew: 17597K->1576K(18048K), 0.0011020 secs] 51512K->36515K(57984K), 0.0011350 secs] [Times: user=0.01 sys=0.00, real=0.00 secs] 
129.341: Total time for which application threads were stopped: 0.0012640 seconds, Stopping threads took: 0.0000660 seconds
129.381: Application time: 0.0398650 seconds
129.381: [GC129.381: [ParNew: 17547K->1548K(18048K), 0.0007870 secs] 52485K->37071K(57984K), 0.0008190 secs] [Times: user=0.00 sys=0.00, real=0.00 secs] 
129.382: Total time for which application threads were stopped: 0.0009550 seconds, Stopping threads took: 0.0000730 seconds
129.422: Application time: 0.0400400 seconds
129.423: [GC129.423: [ParNew: 17514K->1550K(18048K), 0.0006670 secs] 53037K->37073K(57984K), 0.0006950 secs] [Times: user=0.00 sys=0.00, real=0.00 secs] 
129.423: Total time for which application threads were stopped: 0.0009080 seconds, Stopping threads took: 0.0001450 seconds
129.461: Application time: 0.0381120 seconds
129.461: [GC129.461: [ParNew: 17593K->1578K(18048K), 0.0007800 secs] 53115K->37613K(57984K), 0.0008130 secs] [Times: user=0.00 sys=0.00, real=0.00 secs] 
129.462: Total time for which application threads were stopped: 0.0009350 seconds, Stopping threads took: 0.0000580 seconds
129.502: Application time: 0.0398510 seconds
129.502: [GC129.502: [ParNew: 17623K->1580K(18048K), 0.0008110 secs] 53658K->38199K(57984K), 0.0008410 secs] [Times: user=0.01 sys=0.00, real=0.00 secs] 
129.503: Total time for which application threads were stopped: 0.0010470 seconds, Stopping threads took: 0.0001450 seconds
129.542: Application time: 0.0383880 seconds
129.542: [GC129.542: [ParNew: 17261K->1636K(18048K), 0.0009700 secs] 53880K->39327K(57984K), 0.0010020 secs] [Times: user=0.00 sys=0.00, real=0.00 secs] 
129.543: Total time for which application threads were stopped: 0.0011500 seconds, Stopping threads took: 0.0000860 seconds
129.582: Application time: 0.0393420 seconds
129.582: [GC129.582: [ParNew: 17607K->1546K(18048K), 0.0008170 secs] 55298K->39885K(57984K), 0.0008480 secs] [Times: user=0.00 sys=0.00, real=0.00 secs] 
129.583: Total time for which application threads were stopped: 0.0009840 seconds, Stopping threads took: 0.0000740 seconds
129.623: Application time: 0.0400990 seconds
129.623: [GC129.623: [ParNew: 17512K->1548K(18048K), 0.0007710 secs] 55851K->40399K(57984K), 0.0008020 secs] [Times: user=0.00 sys=0.00, real=0.00 secs] 
129.624: Total time for which application threads were stopped: 0.0009270 seconds, Stopping threads took: 0.0000620 seconds
129.663: Application time: 0.0393120 seconds
129.664: [GC129.664: [ParNew: 17514K->1548K(18048K), 0.0008670 secs] 56366K->40911K(57984K), 0.0008960 secs] [Times: user=0.00 sys=0.00, real=0.00 secs] 
129.664: Total time for which application threads were stopped: 0.0010210 seconds, Stopping threads took: 0.0000630 seconds
129.703: Application time: 0.0383160 seconds
129.703: [GC129.703: [ParNew: 17159K->1608K(18048K), 0.0006480 secs] 56522K->40971K(57984K), 0.0006760 secs] [Times: user=0.00 sys=0.00, real=0.00 secs] 
129.704: Total time for which application threads were stopped: 0.0008910 seconds, Stopping threads took: 0.0001570 seconds
129.744: Application time: 0.0402120 seconds
129.744: [GC129.744: [ParNew: 17579K->1034K(18048K), 0.0005350 secs] 56942K->40493K(57984K), 0.0005610 secs] [Times: user=0.01 sys=0.00, real=0.00 secs] 
129.745: Total time for which application threads were stopped: 0.0007960 seconds, Stopping threads took: 0.0001780 seconds
129.782: Application time: 0.0374420 seconds
129.782: [GC129.782: [ParNew: 16988K->1548K(18048K), 0.0009660 secs]129.783: [Tenured: 40483K->8934K(40960K), 0.0050690 secs] 56447K->8934K(59008K), [Perm : 5146K->5146K(21248K)], 0.0061250 secs] [Times: user=0.01 sys=0.00, real=0.01 secs] 
129.788: Total time for which application threads were stopped: 0.0062900 seconds, Stopping threads took: 0.0000960 seconds
129.828: Application time: 0.0398200 seconds
129.828: [GC129.828: [ParNew: 15966K->1548K(18048K), 0.0009930 secs] 24901K->11506K(57984K), 0.0010270 secs] [Times: user=0.00 sys=0.00, real=0.00 secs] 
129.829: Total time for which application threads were stopped: 0.0011880 seconds, Stopping threads took: 0.0000960 seconds
129.869: Application time: 0.0396060 seconds
129.869: [GC129.869: [ParNew: 17514K->1550K(18048K), 0.0009530 secs] 27473K->12532K(57984K), 0.0009900 secs] [Times: user=0.01 sys=0.00, real=0.00 secs] 
129.870: Total time for which application threads were stopped: 0.0011410 seconds, Stopping threads took: 0.0000860 seconds
129.909: Application time: 0.0389380 seconds
129.909: [GC129.909: [ParNew: 17516K->1548K(18048K), 0.0009370 secs] 28499K->13554K(57984K), 0.0009670 secs] [Times: user=0.00 sys=0.00, real=0.00 secs] 
129.910: Total time for which application threads were stopped: 0.0011060 seconds, Stopping threads took: 0.0000700 seconds
129.950: Application time: 0.0402430 seconds
129.951: [GC129.951: [ParNew: 17519K->1548K(18048K), 0.0007830 secs] 29525K->14066K(57984K), 0.0008120 secs] [Times: user=0.00 sys=0.00, real=0.00 secs] 
129.951: Total time for which application threads were stopped: 0.0009530 seconds, Stopping threads took: 0.0000720 seconds
129.992: Application time: 0.0402420 seconds
129.992: [GC129.992: [ParNew: 17519K->1546K(18048K), 0.0005780 secs] 30037K->14064K(57984K), 0.0006060 secs] [Times: user=0.01 sys=0.01, real=0.00 secs] 
129.992: Total time for which application threads were stopped: 0.0007350 seconds, Stopping threads took: 0.0000680 seconds
130.033: Application time: 0.0406340 seconds
130.033: [GC130.033: [ParNew: 17597K->550K(18048K), 0.0003090 secs] 30115K->13068K(57984K), 0.0003450 secs] [Times: user=0.01 sys=0.00, real=0.00 secs] 
130.033: Total time for which application threads were stopped: 0.0004480 seconds, Stopping threads took: 0.0000500 seconds
130.074: Application time: 0.0405860 seconds
130.074: [GC130.074: [ParNew: 16520K->38K(18048K), 0.0002200 secs] 29039K->12556K(57984K), 0.0002460 secs] [Times: user=0.00 sys=0.00, real=0.00 secs] 
130.074: Total time for which application threads were stopped: 0.0003630 seconds, Stopping threads took: 0.0000640 seconds
130.109: Application time: 0.0350630 seconds
130.110: [GC130.110: [ParNew: 16054K->1606K(18048K), 0.0013910 secs] 28572K->16172K(57984K), 0.0014260 secs] [Times: user=0.01 sys=0.00, real=0.00 secs] 
130.111: Total time for which application threads were stopped: 0.0015630 seconds, Stopping threads took: 0.0000730 seconds
130.151: Application time: 0.0398260 seconds
130.151: [GC130.151: [ParNew: 17577K->1548K(18048K), 0.0012410 secs] 32143K->17746K(57984K), 0.0012750 secs] [Times: user=0.01 sys=0.00, real=0.00 secs] 
130.152: Total time for which application threads were stopped: 0.0014150 seconds, Stopping threads took: 0.0000710 seconds
130.191: Application time: 0.0387710 seconds
130.191: [GC130.191: [ParNew: 17159K->1608K(18048K), 0.0009500 secs] 33358K->18831K(57984K), 0.0009830 secs] [Times: user=0.01 sys=0.00, real=0.00 secs] 
130.192: Total time for which application threads were stopped: 0.0011220 seconds, Stopping threads took: 0.0000720 seconds
130.233: Application time: 0.0404120 seconds
130.233: [GC130.233: [ParNew: 17223K->1608K(18048K), 0.0006510 secs] 34446K->18927K(57984K), 0.0006810 secs] [Times: user=0.00 sys=0.00, real=0.00 secs] 
130.233: Total time for which application threads were stopped: 0.0008160 seconds, Stopping threads took: 0.0000750 seconds
130.273: Application time: 0.0396120 seconds
130.273: [GC130.273: [ParNew: 17574K->1548K(18048K), 0.0006250 secs] 34893K->18963K(57984K), 0.0006530 secs] [Times: user=0.00 sys=0.00, real=0.00 secs] 
130.274: Total time for which application threads were stopped: 0.0007690 seconds, Stopping threads took: 0.0000570 seconds
130.316: Application time: 0.0418150 seconds
130.316: [GC130.316: [ParNew: 17512K->1546K(18048K), 0.0007210 secs] 34927K->18961K(57984K), 0.0007490 secs] [Times: user=0.01 sys=0.00, real=0.00 secs] 
130.316: Total time for which application threads were stopped: 0.0008880 seconds, Stopping threads took: 0.0000790 seconds
130.356: Application time: 0.0395520 seconds
130.356: [GC130.356: [ParNew: 17591K->1578K(18048K), 0.0006400 secs] 35005K->18993K(57984K), 0.0006680 secs] [Times: user=0.01 sys=0.00, real=0.00 secs] 
130.357: Total time for which application threads were stopped: 0.0008010 seconds, Stopping threads took: 0.0000730 seconds
130.397: Application time: 0.0403590 seconds
130.397: [GC130.397: [ParNew: 17623K->1580K(18048K), 0.0006050 secs] 35038K->19051K(57984K), 0.0006300 secs] [Times: user=0.01 sys=0.00, real=0.00 secs] 
130.398: Total time for which application threads were stopped: 0.0007410 seconds, Stopping threads took: 0.0000520 seconds
130.438: Application time: 0.0399710 seconds
130.438: [GC130.438: [ParNew: 17551K->1030K(18048K), 0.0005410 secs] 35021K->18557K(57984K), 0.0005680 secs] [Times: user=0.00 sys=0.00, real=0.00 secs] 
130.439: Total time for which application threads were stopped: 0.0006780 seconds, Stopping threads took: 0.0000540 seconds
130.478: Application time: 0.0395010 seconds
130.478: [GC130.478: [ParNew: 16996K->1032K(18048K), 0.0004510 secs] 34523K->18559K(57984K), 0.0004790 secs] [Times: user=0.01 sys=0.00, real=0.00 secs] 
130.479: Total time for which application threads were stopped: 0.0005900 seconds, Stopping threads took: 0.0000470 seconds
130.519: Application time: 0.0402120 seconds
130.519: [GC130.519: [ParNew: 17002K->520K(18048K), 0.0003420 secs] 34529K->18047K(57984K), 0.0003750 secs] [Times: user=0.00 sys=0.00, real=0.00 secs] 
130.519: Total time for which application threads were stopped: 0.0004840 seconds, Stopping threads took: 0.0000570 seconds
130.557: Application time: 0.0374000 seconds
130.557: [GC130.557: [ParNew: 16474K->1546K(18048K), 0.0007690 secs] 34001K->19585K(57984K), 0.0007990 secs] [Times: user=0.00 sys=0.00, real=0.01 secs] 
130.558: Total time for which application threads were stopped: 0.0009300 seconds, Stopping threads took: 0.0000710 seconds
130.601: Application time: 0.0432260 seconds
130.601: [GC130.601: [ParNew: 17521K->522K(18048K), 0.0003510 secs] 35560K->18561K(57984K), 0.0003790 secs] [Times: user=0.00 sys=0.00, real=0.00 secs] 
130.601: Total time for which application threads were stopped: 0.0005120 seconds, Stopping threads took: 0.0000780 seconds
130.639: Application time: 0.0371700 seconds
130.639: [GC130.639: [ParNew: 16468K->1550K(18048K), 0.0011150 secs] 34506K->21125K(57984K), 0.0011500 secs] [Times: user=0.00 sys=0.00, real=0.00 secs] 
130.640: Total time for which application threads were stopped: 0.0013130 seconds, Stopping threads took: 0.0000970 seconds
130.680: Application time: 0.0399300 seconds
130.680: [GC130.680: [ParNew: 17521K->1550K(18048K), 0.0010110 secs] 37096K->22149K(57984K), 0.0010420 secs] [Times: user=0.01 sys=0.00, real=0.00 secs] 
130.681: Total time for which application threads were stopped: 0.0011940 seconds, Stopping threads took: 0.0000880 seconds
130.722: Application time: 0.0413460 seconds
130.723: [GC130.723: [ParNew: 17599K->1576K(18048K), 0.0007720 secs] 38198K->22687K(57984K), 0.0008030 secs] [Times: user=0.01 sys=0.00, real=0.00 secs] 
130.723: Total time for which application threads were stopped: 0.0009250 seconds, Stopping threads took: 0.0000580 seconds
130.762: Application time: 0.0389280 seconds
130.762: [GC130.762: [ParNew: 17621K->1580K(18048K), 0.0007940 secs] 38732K->23275K(57984K), 0.0008250 secs] [Times: user=0.00 sys=0.00, real=0.00 secs] 
130.763: Total time for which application threads were stopped: 0.0009520 seconds, Stopping threads took: 0.0000650 seconds
130.803: Application time: 0.0394520 seconds
130.803: [GC130.803: [ParNew: 17546K->1546K(18048K), 0.0007800 secs] 39242K->23825K(57984K), 0.0008110 secs] [Times: user=0.01 sys=0.00, real=0.00 secs] 
130.804: Total time for which application threads were stopped: 0.0009560 seconds, Stopping threads took: 0.0000860 seconds
130.844: Application time: 0.0403100 seconds
130.844: [GC130.844: [ParNew: 17512K->1546K(18048K), 0.0007620 secs] 39792K->24337K(57984K), 0.0007920 secs] [Times: user=0.00 sys=0.00, real=0.00 secs] 
130.845: Total time for which application threads were stopped: 0.0010220 seconds, Stopping threads took: 0.0001700 seconds
130.884: Application time: 0.0385550 seconds
130.884: [GC130.884: [ParNew: 17231K->1634K(18048K), 0.0008950 secs] 40022K->24937K(57984K), 0.0009240 secs] [Times: user=0.01 sys=0.00, real=0.00 secs] 
130.885: Total time for which application threads were stopped: 0.0010600 seconds, Stopping threads took: 0.0000750 seconds
130.924: Application time: 0.0397490 seconds
130.924: [GC130.925: [ParNew: 17683K->1574K(18048K), 0.0006470 secs] 40986K->25009K(57984K), 0.0006820 secs] [Times: user=0.00 sys=0.00, real=0.01 secs] 
130.925: Total time for which application threads were stopped: 0.0008270 seconds, Stopping threads took: 0.0000850 seconds
130.966: Application time: 0.0406720 seconds
130.966: [GC130.966: [ParNew: 17540K->1546K(18048K), 0.0006260 secs] 40976K->25045K(57984K), 0.0006560 secs] [Times: user=0.01 sys=0.00, real=0.00 secs] 
130.967: Total time for which application threads were stopped: 0.0007780 seconds, Stopping threads took: 0.0000640 seconds
131.007: Application time: 0.0399090 seconds
131.007: [GC131.007: [ParNew: 17516K->1034K(18048K), 0.0004630 secs] 41016K->24533K(57984K), 0.0004890 secs] [Times: user=0.00 sys=0.00, real=0.00 secs] 
131.007: Total time for which application threads were stopped: 0.0006100 seconds, Stopping threads took: 0.0000560 seconds
131.048: Application time: 0.0407040 seconds
131.048: [GC131.049: [ParNew: 17083K->550K(18048K), 0.0003270 secs] 40582K->24049K(57984K), 0.0018670 secs] [Times: user=0.00 sys=0.00, real=0.00 secs] 
131.050: Total time for which application threads were stopped: 0.0019840 seconds, Stopping threads took: 0.0000620 seconds
131.087: Application time: 0.0371600 seconds
131.087: [GC131.087: [ParNew: 16586K->1608K(18048K), 0.0006370 secs] 40085K->25107K(57984K), 0.0006660 secs] [Times: user=0.01 sys=0.00, real=0.00 secs] 
131.088: Total time for which application threads were stopped: 0.0007910 seconds, Stopping threads took: 0.0000670 seconds
131.128: Application time: 0.0403350 seconds
131.128: [GC131.128: [ParNew: 17572K->1544K(18048K), 0.0006270 secs] 41072K->25147K(57984K), 0.0006570 secs] [Times: user=0.00 sys=0.00, real=0.00 secs] 
131.129: Total time for which application threads were stopped: 0.0007750 seconds, Stopping threads took: 0.0000550 seconds
131.166: Application time: 0.0368240 seconds
131.166: [GC131.166: [ParNew: 17506K->1548K(18048K), 0.0007830 secs] 41110K->25663K(57984K), 0.0008160 secs] [Times: user=0.00 sys=0.00, real=0.00 secs] 
131.167: Total time for which application threads were stopped: 0.0010220 seconds, Stopping threads took: 0.0001440 seconds
131.208: Application time: 0.0408360 seconds
131.208: [GC131.208: [ParNew: 17519K->1548K(18048K), 0.0005950 secs] 41634K->25663K(57984K), 0.0006230 secs] [Times: user=0.00 sys=0.00, real=0.00 secs] 
131.208: Total time for which application threads were stopped: 0.0007520 seconds, Stopping threads took: 0.0000710 seconds
131.250: Application time: 0.0414790 seconds
131.250: [GC131.250: [ParNew: 17521K->520K(18048K), 0.0004110 secs] 41636K->24635K(57984K), 0.0004380 secs] [Times: user=0.01 sys=0.00, real=0.00 secs] 
131.251: Total time for which application threads were stopped: 0.0006860 seconds, Stopping threads took: 0.0001900 seconds
131.291: Application time: 0.0404540 seconds
131.291: [GC131.291: [ParNew: 16490K->10K(18048K), 0.0002280 secs] 40606K->24125K(57984K), 0.0002530 secs] [Times: user=0.00 sys=0.00, real=0.00 secs] 
131.291: Total time for which application threads were stopped: 0.0003640 seconds, Stopping threads took: 0.0000590 seconds
131.329: Application time: 0.0376650 seconds
131.329: [GC131.329: [ParNew: 15972K->522K(18048K), 0.0003050 secs] 40087K->24637K(57984K), 0.0003320 secs] [Times: user=0.00 sys=0.00, real=0.00 secs] 
131.329: Total time for which application threads were stopped: 0.0004540 seconds, Stopping threads took: 0.0000670 seconds
131.369: Application time: 0.0395090 seconds
131.369: [GC131.369: [ParNew: 16484K->1034K(18048K), 0.0004730 secs] 40600K->25149K(57984K), 0.0004990 secs] [Times: user=0.00 sys=0.00, real=0.00 secs] 
131.370: Total time for which application threads were stopped: 0.0006170 seconds, Stopping threads took: 0.0000600 seconds
131.407: Application time: 0.0375630 seconds
131.407: [GC131.407: [ParNew: 16637K->1606K(18048K), 0.0006880 secs] 40752K->25721K(57984K), 0.0007150 secs] [Times: user=0.01 sys=0.00, real=0.00 secs] 
131.408: Total time for which application threads were stopped: 0.0008400 seconds, Stopping threads took: 0.0000640 seconds
131.448: Application time: 0.0400280 seconds
131.448: [GC131.448: [ParNew: 17572K->1546K(18048K), 0.0006880 secs] 41688K->25765K(57984K), 0.0007160 secs] [Times: user=0.00 sys=0.00, real=0.00 secs] 
131.449: Total time for which application threads were stopped: 0.0008410 seconds, Stopping threads took: 0.0000650 seconds
131.487: Application time: 0.0384450 seconds
131.487: [GC131.487: [ParNew: 17516K->1034K(18048K), 0.0005040 secs] 41736K->25253K(57984K), 0.0005280 secs] [Times: user=0.00 sys=0.00, real=0.00 secs] 
131.488: Total time for which application threads were stopped: 0.0006500 seconds, Stopping threads took: 0.0000670 seconds
131.527: Application time: 0.0392150 seconds
131.527: [GC131.527: [ParNew: 17070K->1576K(18048K), 0.0006630 secs] 41290K->25795K(57984K), 0.0006910 secs] [Times: user=0.01 sys=0.00, real=0.00 secs] 
131.528: Total time for which application threads were stopped: 0.0008670 seconds, Stopping threads took: 0.0001090 seconds
131.566: Application time: 0.0375740 seconds
131.566: [GC131.566: [ParNew: 17261K->1636K(18048K), 0.0008240 secs] 41481K->26423K(57984K), 0.0008620 secs] [Times: user=0.01 sys=0.00, real=0.00 secs] 
131.567: Total time for which application threads were stopped: 0.0010360 seconds, Stopping threads took: 0.0001130 seconds
131.607: Application time: 0.0405830 seconds
131.607: [GC131.607: [ParNew: 17607K->1548K(18048K), 0.0006260 secs] 42394K->26471K(57984K), 0.0006550 secs] [Times: user=0.01 sys=0.00, real=0.00 secs] 
131.608: Total time for which application threads were stopped: 0.0007860 seconds, Stopping threads took: 0.0000700 seconds
131.648: Application time: 0.0399690 seconds
131.648: [GC131.648: [ParNew: 17514K->1544K(18048K), 0.0006610 secs] 42438K->26467K(57984K), 0.0006880 secs] [Times: user=0.00 sys=0.00, real=0.00 secs] 
131.649: Total time for which application threads were stopped: 0.0008100 seconds, Stopping threads took: 0.0000650 seconds
131.689: Application time: 0.0397190 seconds
131.689: [GC131.689: [ParNew: 17514K->1034K(18048K), 0.0005180 secs] 42438K->25957K(57984K), 0.0005470 secs] [Times: user=0.00 sys=0.00, real=0.00 secs] 
131.689: Total time for which application threads were stopped: 0.0006640 seconds, Stopping threads took: 0.0000590 seconds
131.725: Application time: 0.0352940 seconds
131.725: [GC131.725: [ParNew: 16628K->1608K(18048K), 0.0009630 secs] 41552K->27555K(57984K), 0.0009960 secs] [Times: user=0.01 sys=0.00, real=0.01 secs] 
131.726: Total time for which application threads were stopped: 0.0011880 seconds, Stopping threads took: 0.0001300 seconds
131.766: Application time: 0.0400270 seconds
131.768: [GC131.768: [ParNew: 17575K->1548K(18048K), 0.0009850 secs] 43522K->28615K(57984K), 0.0010110 secs] [Times: user=0.01 sys=0.00, real=0.00 secs] 
131.769: Total time for which application threads were stopped: 0.0029740 seconds, Stopping threads took: 0.0018990 seconds
131.810: Application time: 0.0410770 seconds
131.810: [GC131.810: [ParNew: 17514K->1546K(18048K), 0.0009500 secs] 44582K->29637K(57984K), 0.0009840 secs] [Times: user=0.00 sys=0.00, real=0.00 secs] 
131.811: Total time for which application threads were stopped: 0.0011240 seconds, Stopping threads took: 0.0000750 seconds
131.851: Application time: 0.0404090 seconds
131.851: [GC131.851: [ParNew: 17519K->1546K(18048K), 0.0006350 secs] 45610K->29637K(57984K), 0.0006620 secs] [Times: user=0.00 sys=0.00, real=0.00 secs] 
131.852: Total time for which application threads were stopped: 0.0007910 seconds, Stopping threads took: 0.0000700 seconds
131.893: Application time: 0.0413470 seconds
131.894: [GC131.894: [ParNew: 17512K->1546K(18048K), 0.0006740 secs] 45604K->29637K(57984K), 0.0007020 secs] [Times: user=0.01 sys=0.00, real=0.00 secs] 
131.894: Total time for which application threads were stopped: 0.0008360 seconds, Stopping threads took: 0.0000750 seconds
131.932: Application time: 0.0380080 seconds
131.932: [GC131.932: [ParNew: 17508K->1546K(18048K), 0.0008020 secs] 45600K->30149K(57984K), 0.0008360 secs] [Times: user=0.00 sys=0.00, real=0.00 secs] 
131.933: Total time for which application threads were stopped: 0.0009570 seconds, Stopping threads took: 0.0000580 seconds
131.973: Application time: 0.0401190 seconds
131.973: [GC131.974: [ParNew: 17517K->1544K(18048K), 0.0005940 secs] 46120K->30147K(57984K), 0.0006220 secs] [Times: user=0.00 sys=0.00, real=0.00 secs] 
131.974: Total time for which application threads were stopped: 0.0007390 seconds, Stopping threads took: 0.0000560 seconds
132.013: Application time: 0.0389830 seconds
132.013: [GC132.013: [ParNew: 17506K->1548K(18048K), 0.0007570 secs] 46110K->30663K(57984K), 0.0007870 secs] [Times: user=0.01 sys=0.00, real=0.00 secs] 
132.014: Total time for which application threads were stopped: 0.0009290 seconds, Stopping threads took: 0.0000780 seconds
132.052: Application time: 0.0382220 seconds
132.052: [GC132.052: [ParNew: 17155K->1608K(18048K), 0.0007920 secs] 46270K->31236K(57984K), 0.0008220 secs] [Times: user=0.01 sys=0.00, real=0.00 secs] 
132.053: Total time for which application threads were stopped: 0.0009650 seconds, Stopping threads took: 0.0000650 seconds
132.094: Application time: 0.0405780 seconds
132.095: [GC132.095: [ParNew: 17574K->1548K(18048K), 0.0008970 secs] 47202K->31784K(57984K), 0.0009390 secs] [Times: user=0.01 sys=0.00, real=0.00 secs] 
132.096: Total time for which application threads were stopped: 0.0020690 seconds, Stopping threads took: 0.0010610 seconds
132.135: Application time: 0.0391210 seconds
132.135: [GC132.135: [ParNew: 17519K->1544K(18048K), 0.0005960 secs] 47754K->31779K(57984K), 0.0006240 secs] [Times: user=0.01 sys=0.00, real=0.00 secs] 
132.136: Total time for which application threads were stopped: 0.0007400 seconds, Stopping threads took: 0.0000560 seconds
132.175: Application time: 0.0397280 seconds
132.176: [GC132.176: [ParNew: 17510K->1546K(18048K), 0.0005920 secs] 47746K->31782K(57984K), 0.0006190 secs] [Times: user=0.00 sys=0.00, real=0.00 secs] 
132.176: Total time for which application threads were stopped: 0.0007380 seconds, Stopping threads took: 0.0000610 seconds
132.215: Application time: 0.0391720 seconds
132.215: [GC132.215: [ParNew: 17231K->1636K(18048K), 0.0006510 secs] 47467K->31872K(57984K), 0.0006790 secs] [Times: user=0.01 sys=0.00, real=0.00 secs] 
132.216: Total time for which application threads were stopped: 0.0007880 seconds, Stopping threads took: 0.0000520 seconds
132.254: Application time: 0.0376030 seconds
132.254: [GC132.254: [ParNew: 17677K->1578K(18048K), 0.0008470 secs] 47913K->32466K(57984K), 0.0008780 secs] [Times: user=0.01 sys=0.00, real=0.00 secs] 
132.255: Total time for which application threads were stopped: 0.0009990 seconds, Stopping threads took: 0.0000570 seconds
132.295: Application time: 0.0400880 seconds
132.295: [GC132.295: [ParNew: 17540K->1548K(18048K), 0.0010210 secs] 48428K->33524K(57984K), 0.0010510 secs] [Times: user=0.00 sys=0.00, real=0.00 secs] 
132.296: Total time for which application threads were stopped: 0.0011820 seconds, Stopping threads took: 0.0000680 seconds
132.336: Application time: 0.0402280 seconds
132.336: [GC132.336: [ParNew: 17519K->1546K(18048K), 0.0008110 secs] 49495K->34034K(57984K), 0.0008420 secs] [Times: user=0.01 sys=0.00, real=0.01 secs] 
132.337: Total time for which application threads were stopped: 0.0009720 seconds, Stopping threads took: 0.0000680 seconds
132.377: Application time: 0.0396890 seconds
132.377: [GC132.377: [ParNew: 17595K->1576K(18048K), 0.0006130 secs] 50083K->34064K(57984K), 0.0006420 secs] [Times: user=0.00 sys=0.00, real=0.01 secs] 
132.378: Total time for which application threads were stopped: 0.0007720 seconds, Stopping threads took: 0.0000710 seconds
132.417: Application time: 0.0388550 seconds
132.417: [GC132.417: [ParNew: 17617K->1580K(18048K), 0.0008140 secs] 50105K->34644K(57984K), 0.0008440 secs] [Times: user=0.00 sys=0.00, real=0.01 secs] 
132.418: Total time for which application threads were stopped: 0.0009750 seconds, Stopping threads took: 0.0000700 seconds
132.458: Application time: 0.0399890 seconds
132.458: [GC132.458: [ParNew: 17546K->1548K(18048K), 0.0007780 secs] 50611K->35180K(57984K), 0.0008070 secs] [Times: user=0.01 sys=0.00, real=0.00 secs] 
132.458: Total time for which application threads were stopped: 0.0009290 seconds, Stopping threads took: 0.0000590 seconds
132.498: Application time: 0.0397080 seconds
132.498: [GC132.498: [ParNew: 17510K->1550K(18048K), 0.0010290 secs] 51142K->36206K(57984K), 0.0010620 secs] [Times: user=0.00 sys=0.00, real=0.00 secs] 
132.499: Total time for which application threads were stopped: 0.0011940 seconds, Stopping threads took: 0.0000690 seconds
132.539: Application time: 0.0400480 seconds
132.540: [GC132.540: [ParNew: 17521K->1548K(18048K), 0.0008490 secs] 52177K->36716K(57984K), 0.0008790 secs] [Times: user=0.00 sys=0.00, real=0.00 secs] 
132.540: Total time for which application threads were stopped: 0.0010100 seconds, Stopping threads took: 0.0000710 seconds
132.579: Application time: 0.0383750 seconds
132.579: [GC132.579: [ParNew: 17519K->1544K(18048K), 0.0006660 secs] 52687K->36712K(57984K), 0.0007020 secs] [Times: user=0.01 sys=0.00, real=0.00 secs] 
132.580: Total time for which application threads were stopped: 0.0008250 seconds, Stopping threads took: 0.0000570 seconds
132.620: Application time: 0.0403750 seconds
132.620: [GC132.620: [ParNew: 17517K->522K(18048K), 0.0003960 secs] 52685K->35690K(57984K), 0.0004220 secs] [Times: user=0.00 sys=0.00, real=0.00 secs] 
132.621: Total time for which application threads were stopped: 0.0005780 seconds, Stopping threads took: 0.0001020 seconds
132.661: Application time: 0.0403490 seconds
132.661: [GC132.661: [ParNew: 16484K->1034K(18048K), 0.0005340 secs] 51652K->36202K(57984K), 0.0005590 secs] [Times: user=0.01 sys=0.00, real=0.00 secs] 
132.662: Total time for which application threads were stopped: 0.0006980 seconds, Stopping threads took: 0.0000830 seconds
132.699: Application time: 0.0370400 seconds
132.699: [GC132.699: [ParNew: 17064K->1578K(18048K), 0.0009430 secs] 52232K->37770K(57984K), 0.0009750 secs] [Times: user=0.01 sys=0.00, real=0.00 secs] 
132.700: Total time for which application threads were stopped: 0.0011120 seconds, Stopping threads took: 0.0000730 seconds
132.741: Application time: 0.0411710 seconds
132.741: [GC132.741: [ParNew: 17627K->1580K(18048K), 0.0006550 secs] 53819K->37828K(57984K), 0.0006840 secs] [Times: user=0.00 sys=0.01, real=0.00 secs] 
132.742: Total time for which application threads were stopped: 0.0008120 seconds, Stopping threads took: 0.0000690 seconds
132.780: Application time: 0.0377930 seconds
132.780: [GC132.780: [ParNew: 17538K->1546K(18048K), 0.0009870 secs] 53786K->38890K(57984K), 0.0010220 secs] [Times: user=0.01 sys=0.00, real=0.00 secs] 
132.781: Total time for which application threads were stopped: 0.0011620 seconds, Stopping threads took: 0.0000750 seconds
132.821: Application time: 0.0401030 seconds
132.821: [GC132.821: [ParNew: 17512K->1544K(18048K), 0.0008750 secs] 54857K->39400K(57984K), 0.0009050 secs] [Times: user=0.01 sys=0.00, real=0.00 secs] 
132.822: Total time for which application threads were stopped: 0.0011470 seconds, Stopping threads took: 0.0001810 seconds
132.862: Application time: 0.0402020 seconds
132.862: [GC132.862: [ParNew: 17512K->1548K(18048K), 0.0008350 secs] 55369K->39916K(57984K), 0.0008640 secs] [Times: user=0.01 sys=0.00, real=0.00 secs] 
132.863: Total time for which application threads were stopped: 0.0010120 seconds, Stopping threads took: 0.0000870 seconds
132.902: Application time: 0.0383750 seconds
132.902: [GC132.902: [ParNew: 17237K->1634K(18048K), 0.0006700 secs] 55606K->40002K(57984K), 0.0007000 secs] [Times: user=0.01 sys=0.00, real=0.00 secs] 
132.902: Total time for which application threads were stopped: 0.0008450 seconds, Stopping threads took: 0.0000840 seconds
132.943: Application time: 0.0401130 seconds
132.943: [GC132.943: [ParNew: 17683K->1062K(18048K), 0.0004860 secs] 56051K->39558K(57984K), 0.0005130 secs] [Times: user=0.00 sys=0.00, real=0.00 secs] 
132.943: Total time for which application threads were stopped: 0.0006350 seconds, Stopping threads took: 0.0000660 seconds
132.984: Application time: 0.0406430 seconds
132.984: [GC132.984: [ParNew: 17035K->14K(18048K), 0.0002270 secs] 55531K->38582K(57984K), 0.0002520 secs] [Times: user=0.01 sys=0.00, real=0.00 secs] 
132.984: Total time for which application threads were stopped: 0.0003690 seconds, Stopping threads took: 0.0000660 seconds
133.020: Application time: 0.0355960 seconds
133.020: [GC133.020: [ParNew: 16040K->1578K(18048K), 0.0009510 secs] 54609K->41170K(57984K), 0.0009840 secs] [Times: user=0.01 sys=0.00, real=0.00 secs] 
133.021: Total time for which application threads were stopped: 0.0011060 seconds, Stopping threads took: 0.0000590 seconds
133.062: Application time: 0.0407750 seconds
133.062: [GC133.062: [ParNew: 17549K->17549K(18048K), 0.0000090 secs]133.062: [Tenured: 39592K->8595K(39936K), 0.0051920 secs] 57141K->8595K(57984K), [Perm : 5146K->5146K(21248K)], 0.0052470 secs] [Times: user=0.01 sys=0.00, real=0.01 secs] 
133.067: Total time for which application threads were stopped: 0.0053980 seconds, Stopping threads took: 0.0000750 seconds
133.108: Application time: 0.0411070 seconds
133.108: [GC133.108: [ParNew: 16049K->1578K(18048K), 0.0005840 secs] 24644K->10173K(57984K), 0.0006130 secs] [Times: user=0.00 sys=0.00, real=0.00 secs] 
133.109: Total time for which application threads were stopped: 0.0007330 seconds, Stopping threads took: 0.0000530 seconds
133.147: Application time: 0.0385280 seconds
133.148: [GC133.148: [ParNew: 17544K->1544K(18048K), 0.0008050 secs] 26140K->10219K(57984K), 0.0008340 secs] [Times: user=0.01 sys=0.00, real=0.00 secs] 
133.148: Total time for which application threads were stopped: 0.0009790 seconds, Stopping threads took: 0.0000850 seconds
133.188: Application time: 0.0395610 seconds
133.188: [GC133.188: [ParNew: 17506K->1546K(18048K), 0.0008400 secs] 26182K->10733K(57984K), 0.0008720 secs] [Times: user=0.00 sys=0.00, real=0.00 secs] 
133.189: Total time for which application threads were stopped: 0.0010130 seconds, Stopping threads took: 0.0000770 seconds
133.230: Application time: 0.0405210 seconds
133.230: [GC133.230: [ParNew: 17512K->1548K(18048K), 0.0008390 secs] 26700K->11247K(57984K), 0.0008710 secs] [Times: user=0.00 sys=0.00, real=0.00 secs] 
133.231: Total time for which application threads were stopped: 0.0010050 seconds, Stopping threads took: 0.0000720 seconds
133.269: Application time: 0.0389040 seconds
133.273: [GC133.273: [ParNew: 17514K->1546K(18048K), 0.0008840 secs] 27214K->11757K(57984K), 0.0009130 secs] [Times: user=0.01 sys=0.00, real=0.00 secs] 
133.274: Total time for which application threads were stopped: 0.0047640 seconds, Stopping threads took: 0.0037880 seconds
133.313: Application time: 0.0392270 seconds
133.314: [GC133.314: [ParNew: 17504K->1550K(18048K), 0.0012010 secs] 27716K->13298K(57984K), 0.0012360 secs] [Times: user=0.00 sys=0.00, real=0.00 secs] 
133.315: Total time for which application threads were stopped: 0.0014390 seconds, Stopping threads took: 0.0001380 seconds
133.356: Application time: 0.0408270 seconds
133.356: [GC133.356: [ParNew: 17523K->1548K(18048K), 0.0007720 secs] 29270K->13808K(57984K), 0.0008010 secs] [Times: user=0.01 sys=0.00, real=0.00 secs] 
133.357: Total time for which application threads were stopped: 0.0010390 seconds, Stopping threads took: 0.0001760 seconds
133.395: Application time: 0.0382920 seconds
133.395: [GC133.395: [ParNew: 17589K->1578K(18048K), 0.0009700 secs] 29848K->14862K(57984K), 0.0010030 secs] [Times: user=0.01 sys=0.00, real=0.00 secs] 
133.396: Total time for which application threads were stopped: 0.0011990 seconds, Stopping threads took: 0.0001100 seconds
133.437: Application time: 0.0407880 seconds
133.437: [GC133.437: [ParNew: 17627K->1578K(18048K), 0.0007890 secs] 30911K->15422K(57984K), 0.0008190 secs] [Times: user=0.00 sys=0.00, real=0.00 secs] 
133.438: Total time for which application threads were stopped: 0.0009570 seconds, Stopping threads took: 0.0000720 seconds
133.479: Application time: 0.0406250 seconds
133.479: [GC133.479: [ParNew: 17551K->1034K(18048K), 0.0005330 secs] 31395K->14942K(57984K), 0.0005610 secs] [Times: user=0.00 sys=0.00, real=0.00 secs] 
133.479: Total time for which application threads were stopped: 0.0007520 seconds, Stopping threads took: 0.0001340 seconds
133.518: Application time: 0.0388390 seconds
133.518: [GC133.518: [ParNew: 16996K->1546K(18048K), 0.0006010 secs] 30904K->15454K(57984K), 0.0006320 secs] [Times: user=0.01 sys=0.00, real=0.00 secs] 
133.519: Total time for which application threads were stopped: 0.0007640 seconds, Stopping threads took: 0.0000700 seconds
133.558: Application time: 0.0386140 seconds
133.558: [GC133.558: [ParNew: 17504K->1546K(18048K), 0.0010340 secs] 31412K->16478K(57984K), 0.0010680 secs] [Times: user=0.01 sys=0.00, real=0.00 secs] 
133.559: Total time for which application threads were stopped: 0.0011950 seconds, Stopping threads took: 0.0000610 seconds
133.598: Application time: 0.0389060 seconds
133.598: [GC133.598: [ParNew: 17235K->1634K(18048K), 0.0008790 secs] 32167K->17078K(57984K), 0.0009170 secs] [Times: user=0.01 sys=0.00, real=0.00 secs] 
133.599: Total time for which application threads were stopped: 0.0010650 seconds, Stopping threads took: 0.0000870 seconds
133.638: Application time: 0.0392110 seconds
133.638: [GC133.638: [ParNew: 17679K->1576K(18048K), 0.0008090 secs] 33123K->17656K(57984K), 0.0008410 secs] [Times: user=0.01 sys=0.00, real=0.00 secs] 
133.639: Total time for which application threads were stopped: 0.0009880 seconds, Stopping threads took: 0.0000740 seconds
133.680: Application time: 0.0407550 seconds
133.680: [GC133.680: [ParNew: 17621K->1578K(18048K), 0.0007950 secs] 33701K->18226K(57984K), 0.0008260 secs] [Times: user=0.01 sys=0.00, real=0.00 secs] 
133.681: Total time for which application threads were stopped: 0.0009640 seconds, Stopping threads took: 0.0000760 seconds
133.720: Application time: 0.0391260 seconds
133.720: [GC133.720: [ParNew: 17549K->1546K(18048K), 0.0005820 secs] 34197K->18274K(57984K), 0.0006110 secs] [Times: user=0.00 sys=0.00, real=0.00 secs] 
133.721: Total time for which application threads were stopped: 0.0007350 seconds, Stopping threads took: 0.0000650 seconds
133.760: Application time: 0.0390590 seconds
133.760: [GC133.760: [ParNew: 17591K->1576K(18048K), 0.0006760 secs] 34319K->18304K(57984K), 0.0007050 secs] [Times: user=0.00 sys=0.00, real=0.00 secs] 
133.760: Total time for which application threads were stopped: 0.0008330 seconds, Stopping threads took: 0.0000700 seconds
133.801: Application time: 0.0403580 seconds
133.801: [GC133.801: [ParNew: 17538K->1546K(18048K), 0.0007800 secs] 34266K->18842K(57984K), 0.0008100 secs] [Times: user=0.01 sys=0.00, real=0.00 secs] 
133.802: Total time for which application threads were stopped: 0.0009420 seconds, Stopping threads took: 0.0000710 seconds
133.840: Application time: 0.0378030 seconds
133.840: [GC133.840: [ParNew: 17504K->1548K(18048K), 0.0012140 secs] 34800K->20380K(57984K), 0.0012460 secs] [Times: user=0.01 sys=0.00, real=0.00 secs] 
133.841: Total time for which application threads were stopped: 0.0013770 seconds, Stopping threads took: 0.0000680 seconds
133.881: Application time: 0.0405280 seconds
133.882: [GC133.882: [ParNew: 17519K->1546K(18048K), 0.0009750 secs] 36351K->21402K(57984K), 0.0010060 secs] [Times: user=0.00 sys=0.00, real=0.00 secs] 
133.883: Total time for which application threads were stopped: 0.0011280 seconds, Stopping threads took: 0.0000580 seconds
133.924: Application time: 0.0409900 seconds
133.924: [GC133.924: [ParNew: 17517K->1548K(18048K), 0.0007530 secs] 37373K->21916K(57984K), 0.0007850 secs] [Times: user=0.01 sys=0.00, real=0.00 secs] 
133.925: Total time for which application threads were stopped: 0.0009150 seconds, Stopping threads took: 0.0000660 seconds
133.965: Application time: 0.0405600 seconds
133.965: [GC133.965: [ParNew: 17516K->1546K(18048K), 0.0006090 secs] 37885K->21914K(57984K), 0.0006380 secs] [Times: user=0.01 sys=0.00, real=0.00 secs] 
133.966: Total time for which application threads were stopped: 0.0007900 seconds, Stopping threads took: 0.0000930 seconds
134.005: Application time: 0.0394860 seconds
134.006: [GC134.006: [ParNew: 17516K->1032K(18048K), 0.0005000 secs] 37885K->21400K(57984K), 0.0005270 secs] [Times: user=0.01 sys=0.00, real=0.00 secs] 
134.006: Total time for which application threads were stopped: 0.0007180 seconds, Stopping threads took: 0.0001340 seconds
134.044: Application time: 0.0377830 seconds
134.044: [GC134.044: [ParNew: 17068K->1578K(18048K), 0.0008460 secs] 37436K->22458K(57984K), 0.0008740 secs] [Times: user=0.00 sys=0.00, real=0.00 secs] 
134.045: Total time for which application threads were stopped: 0.0010010 seconds, Stopping threads took: 0.0000630 seconds
134.086: Application time: 0.0409730 seconds
134.086: [GC134.086: [ParNew: 17629K->1066K(18048K), 0.0004930 secs] 38509K->22002K(57984K), 0.0005180 secs] [Times: user=0.01 sys=0.00, real=0.00 secs] 
134.086: Total time for which application threads were stopped: 0.0006360 seconds, Stopping threads took: 0.0000610 seconds
134.126: Application time: 0.0399280 seconds
134.127: [GC134.127: [ParNew: 17032K->1032K(18048K), 0.0005540 secs] 37969K->22040K(57984K), 0.0005890 secs] [Times: user=0.00 sys=0.00, real=0.00 secs] 
134.127: Total time for which application threads were stopped: 0.0007000 seconds, Stopping threads took: 0.0000540 seconds
134.165: Application time: 0.0382620 seconds
134.166: [GC134.166: [ParNew: 16990K->1546K(18048K), 0.0008110 secs] 37998K->23066K(57984K), 0.0008410 secs] [Times: user=0.00 sys=0.00, real=0.00 secs] 
134.166: Total time for which application threads were stopped: 0.0009820 seconds, Stopping threads took: 0.0000700 seconds
134.206: Application time: 0.0394290 seconds
134.209: [GC134.209: [ParNew: 17510K->1550K(18048K), 0.0009190 secs] 39031K->23582K(57984K), 0.0009520 secs] [Times: user=0.00 sys=0.00, real=0.00 secs] 
134.210: Total time for which application threads were stopped: 0.0044830 seconds, Stopping threads took: 0.0034690 seconds
134.250: Application time: 0.0393650 seconds
134.250: [GC134.250: [ParNew: 17241K->1636K(18048K), 0.0006750 secs] 39274K->23668K(57984K), 0.0007050 secs] [Times: user=0.00 sys=0.00, real=0.00 secs] 
134.251: Total time for which application threads were stopped: 0.0008550 seconds, Stopping threads took: 0.0000870 seconds
134.290: Application time: 0.0397820 seconds
134.290: [GC134.290: [ParNew: 17685K->1064K(18048K), 0.0005110 secs] 39717K->23232K(57984K), 0.0005410 secs] [Times: user=0.00 sys=0.00, real=0.00 secs] 
134.291: Total time for which application threads were stopped: 0.0006750 seconds, Stopping threads took: 0.0000770 seconds
134.332: Application time: 0.0406460 seconds
134.332: [GC134.332: [ParNew: 17035K->520K(18048K), 0.0003150 secs] 39203K->22760K(57984K), 0.0003410 secs] [Times: user=0.00 sys=0.00, real=0.00 secs] 
134.332: Total time for which application threads were stopped: 0.0004540 seconds, Stopping threads took: 0.0000580 seconds
134.372: Application time: 0.0400830 seconds
134.372: [GC134.372: [ParNew: 16568K->44K(18048K), 0.0002100 secs] 38809K->22284K(57984K), 0.0002370 secs] [Times: user=0.00 sys=0.00, real=0.00 secs] 
134.373: Total time for which application threads were stopped: 0.0003640 seconds, Stopping threads took: 0.0000730 seconds
134.408: Application time: 0.0356700 seconds
134.408: [GC134.408: [ParNew: 15981K->1576K(18048K), 0.0013720 secs] 38222K->25864K(57984K), 0.0014080 secs] [Times: user=0.01 sys=0.00, real=0.00 secs] 
134.410: Total time for which application threads were stopped: 0.0015530 seconds, Stopping threads took: 0.0000780 seconds
134.449: Application time: 0.0397080 seconds
134.450: [GC134.450: [ParNew: 17627K->1578K(18048K), 0.0010300 secs] 41916K->26946K(57984K), 0.0010610 secs] [Times: user=0.00 sys=0.00, real=0.00 secs] 
134.451: Total time for which application threads were stopped: 0.0012860 seconds, Stopping threads took: 0.0001620 seconds
134.490: Application time: 0.0397430 seconds
134.491: [GC134.491: [ParNew: 17549K->1546K(18048K), 0.0007870 secs] 42917K->27498K(57984K), 0.0008180 secs] [Times: user=0.01 sys=0.00, real=0.00 secs] 
134.492: Total time for which application threads were stopped: 0.0010680 seconds, Stopping threads took: 0.0001870 seconds
134.532: Application time: 0.0406930 seconds
134.532: [GC134.532: [ParNew: 17517K->1546K(18048K), 0.0007050 secs] 43469K->27498K(57984K), 0.0007320 secs] [Times: user=0.01 sys=0.00, real=0.00 secs] 
134.533: Total time for which application threads were stopped: 0.0008750 seconds, Stopping threads took: 0.0000840 seconds
134.573: Application time: 0.0400880 seconds
134.573: [GC134.573: [ParNew: 17516K->1034K(18048K), 0.0005170 secs] 43469K->26986K(57984K), 0.0005450 secs] [Times: user=0.01 sys=0.00, real=0.00 secs] 
134.574: Total time for which application threads were stopped: 0.0006640 seconds, Stopping threads took: 0.0000620 seconds
134.614: Application time: 0.0398370 seconds
134.614: [GC134.614: [ParNew: 17004K->522K(18048K), 0.0003820 secs] 42957K->26474K(57984K), 0.0004080 secs] [Times: user=0.01 sys=0.00, real=0.00 secs] 
134.614: Total time for which application threads were stopped: 0.0005530 seconds, Stopping threads took: 0.0000800 seconds
134.652: Application time: 0.0372720 seconds
134.652: [GC134.652: [ParNew: 16480K->1546K(18048K), 0.0006220 secs] 42433K->27498K(57984K), 0.0006510 secs] [Times: user=0.01 sys=0.00, real=0.00 secs] 
134.652: Total time for which application threads were stopped: 0.0007750 seconds, Stopping threads took: 0.0000630 seconds
134.691: Application time: 0.0388270 seconds
134.691: [GC134.691: [ParNew: 17582K->1578K(18048K), 0.0009430 secs] 43535K->28555K(57984K), 0.0009760 secs] [Times: user=0.01 sys=0.00, real=0.00 secs] 
134.692: Total time for which application threads were stopped: 0.0011180 seconds, Stopping threads took: 0.0000700 seconds
134.732: Application time: 0.0401170 seconds
134.732: [GC134.733: [ParNew: 17549K->1546K(18048K), 0.0008750 secs] 44525K->29098K(57984K), 0.0009060 secs] [Times: user=0.00 sys=0.00, real=0.00 secs] 
134.733: Total time for which application threads were stopped: 0.0010310 seconds, Stopping threads took: 0.0000630 seconds
134.773: Application time: 0.0400310 seconds
134.774: [GC134.774: [ParNew: 17595K->1578K(18048K), 0.0006250 secs] 45148K->29131K(57984K), 0.0006550 secs] [Times: user=0.01 sys=0.00, real=0.00 secs] 
134.774: Total time for which application threads were stopped: 0.0007800 seconds, Stopping threads took: 0.0000630 seconds
134.814: Application time: 0.0397630 seconds
134.814: [GC134.814: [ParNew: 17540K->1546K(18048K), 0.0008600 secs] 45093K->29667K(57984K), 0.0008910 secs] [Times: user=0.01 sys=0.00, real=0.00 secs] 
134.815: Total time for which application threads were stopped: 0.0010220 seconds, Stopping threads took: 0.0000690 seconds
134.855: Application time: 0.0398960 seconds
134.855: [GC134.855: [ParNew: 17510K->1548K(18048K), 0.0006040 secs] 45631K->29669K(57984K), 0.0006310 secs] [Times: user=0.00 sys=0.00, real=0.00 secs] 
134.856: Total time for which application threads were stopped: 0.0008310 seconds, Stopping threads took: 0.0001420 seconds
134.896: Application time: 0.0398550 seconds
134.896: [GC134.896: [ParNew: 17514K->1546K(18048K), 0.0008020 secs] 45635K->30179K(57984K), 0.0008330 secs] [Times: user=0.01 sys=0.00, real=0.00 secs] 
134.897: Total time for which application threads were stopped: 0.0009640 seconds, Stopping threads took: 0.0000690 seconds
134.934: Application time: 0.0377720 seconds
134.934: [GC134.934: [ParNew: 17231K->1636K(18048K), 0.0008530 secs] 45864K->30781K(57984K), 0.0008850 secs] [Times: user=0.00 sys=0.00, real=0.00 secs] 
134.935: Total time for which application threads were stopped: 0.0010150 seconds, Stopping threads took: 0.0000680 seconds
134.977: Application time: 0.0413480 seconds
134.977: [GC134.977: [ParNew: 17685K->1578K(18048K), 0.0006440 secs] 46830K->30859K(57984K), 0.0006730 secs] [Times: user=0.01 sys=0.00, real=0.01 secs] 
134.978: Total time for which application threads were stopped: 0.0007930 seconds, Stopping threads took: 0.0000600 seconds
135.017: Application time: 0.0399610 seconds
135.018: [GC135.018: [ParNew: 17623K->1578K(18048K), 0.0006830 secs] 46904K->30931K(57984K), 0.0007120 secs] [Times: user=0.01 sys=0.00, real=0.00 secs] 
135.018: Total time for which application threads were stopped: 0.0008270 seconds, Stopping threads took: 0.0000560 seconds
135.058: Application time: 0.0397460 seconds
135.058: [GC135.058: [ParNew: 17540K->1548K(18048K), 0.0007840 secs] 46893K->31453K(57984K), 0.0008150 secs] [Times: user=0.01 sys=0.00, real=0.00 secs] 
135.059: Total time for which application threads were stopped: 0.0009400 seconds, Stopping threads took: 0.0000630 seconds
135.097: Application time: 0.0380450 seconds
135.097: [GC135.097: [ParNew: 17514K->1548K(18048K), 0.0006390 secs] 47419K->31453K(57984K), 0.0006730 secs] [Times: user=0.01 sys=0.00, real=0.01 secs] 
135.098: Total time for which application threads were stopped: 0.0008060 seconds, Stopping threads took: 0.0000750 seconds
135.139: Application time: 0.0407620 seconds
135.139: [GC135.139: [ParNew: 17595K->1578K(18048K), 0.0006250 secs] 47500K->31483K(57984K), 0.0006560 secs] [Times: user=0.01 sys=0.00, real=0.00 secs] 
135.139: Total time for which application threads were stopped: 0.0007860 seconds, Stopping threads took: 0.0000700 seconds
135.179: Application time: 0.0400750 seconds
135.180: [GC135.180: [ParNew: 17540K->1548K(18048K), 0.0006250 secs] 47445K->31525K(57984K), 0.0006530 secs] [Times: user=0.00 sys=0.00, real=0.00 secs] 
135.180: Total time for which application threads were stopped: 0.0008240 seconds, Stopping threads took: 0.0001140 seconds
135.218: Application time: 0.0378700 seconds
135.218: [GC135.218: [ParNew: 17512K->1546K(18048K), 0.0006800 secs] 47489K->31523K(57984K), 0.0007080 secs] [Times: user=0.00 sys=0.00, real=0.00 secs] 
135.219: Total time for which application threads were stopped: 0.0008870 seconds, Stopping threads took: 0.0001120 seconds
135.260: Application time: 0.0409670 seconds
135.260: [GC135.260: [ParNew: 17514K->1546K(18048K), 0.0006050 secs] 47492K->31523K(57984K), 0.0006340 secs] [Times: user=0.01 sys=0.00, real=0.00 secs] 
135.261: Total time for which application threads were stopped: 0.0007630 seconds, Stopping threads took: 0.0000700 seconds
135.299: Application time: 0.0381980 seconds
135.299: [GC135.299: [ParNew: 17512K->1546K(18048K), 0.0005980 secs] 47489K->31523K(57984K), 0.0006260 secs] [Times: user=0.01 sys=0.00, real=0.00 secs] 
135.300: Total time for which application threads were stopped: 0.0007520 seconds, Stopping threads took: 0.0000670 seconds
135.344: Application time: 0.0437550 seconds
135.344: [GC135.344: [ParNew: 17563K->1546K(18048K), 0.0006560 secs] 47540K->31523K(57984K), 0.0006860 secs] [Times: user=0.00 sys=0.00, real=0.00 secs] 
135.344: Total time for which application threads were stopped: 0.0008250 seconds, Stopping threads took: 0.0000800 seconds
135.385: Application time: 0.0410300 seconds
135.385: [GC135.386: [ParNew: 17506K->1550K(18048K), 0.0009740 secs] 47483K->32567K(57984K), 0.0010060 secs] [Times: user=0.01 sys=0.00, real=0.00 secs] 
135.387: Total time for which application threads were stopped: 0.0011540 seconds, Stopping threads took: 0.0000830 seconds
135.430: Application time: 0.0437220 seconds
135.430: [GC135.430: [ParNew: 17521K->1032K(18048K), 0.0005030 secs] 48538K->32049K(57984K), 0.0005280 secs] [Times: user=0.00 sys=0.00, real=0.00 secs] 
135.431: Total time for which application threads were stopped: 0.0007240 seconds, Stopping threads took: 0.0001400 seconds
135.476: Application time: 0.0448820 seconds
135.476: [GC135.476: [ParNew: 17040K->1548K(18048K), 0.0008330 secs] 48057K->33077K(57984K), 0.0008610 secs] [Times: user=0.00 sys=0.00, real=0.00 secs] 
135.477: Total time for which application threads were stopped: 0.0009760 seconds, Stopping threads took: 0.0000520 seconds
135.526: Application time: 0.0495230 seconds
135.526: [GC135.526: [ParNew: 17565K->520K(18048K), 0.0004000 secs] 49094K->32065K(57984K), 0.0004250 secs] [Times: user=0.00 sys=0.00, real=0.00 secs] 
135.527: Total time for which application threads were stopped: 0.0005160 seconds, Stopping threads took: 0.0000340 seconds
135.585: Application time: 0.0576390 seconds
135.585: [GC135.585: [ParNew: 16524K->1030K(18048K), 0.0004850 secs] 48069K->32575K(57984K), 0.0005130 secs] [Times: user=0.00 sys=0.00, real=0.00 secs] 
135.585: Total time for which application threads were stopped: 0.0006110 seconds, Stopping threads took: 0.0000420 seconds
135.722: Application time: 0.1369350 seconds
135.722: Total time for which application threads were stopped: 0.0001190 seconds, Stopping threads took: 0.0000780 seconds
135.722: Application time: 0.0001170 seconds
135.722: [GC135.722: [ParNew: 16706K->790K(18048K), 0.0003670 secs] 48251K->32351K(57984K), 0.0003860 secs] [Times: user=0.00 sys=0.00, real=0.00 secs] 
135.723: Total time for which application threads were stopped: 0.0004930 seconds, Stopping threads took: 0.0000680 seconds
135.749: Application time: 0.0261050 seconds
135.749: [GC135.749: [ParNew: 16413K->1823K(18048K), 0.0023950 secs] 47974K->39528K(57984K), 0.0024370 secs] [Times: user=0.02 sys=0.00, real=0.00 secs] 
135.751: Total time for which application threads were stopped: 0.0025870 seconds, Stopping threads took: 0.0000710 seconds
135.792: Application time: 0.0410020 seconds
135.793: [GC135.793: [ParNew (promotion failed): 17868K->17615K(18048K), 0.0015690 secs]135.794: [Tenured: 40959K->8573K(40960K), 0.0064150 secs] 55573K->8573K(59008K), [Perm : 5179K->5179K(21248K)], 0.0081140 secs] [Times: user=0.02 sys=0.00, real=0.01 secs] 
135.801: Total time for which application threads were stopped: 0.0082770 seconds, Stopping threads took: 0.0000890 seconds
135.842: Application time: 0.0416170 seconds
135.843: [GC135.843: [ParNew: 15985K->1550K(18048K), 0.0009990 secs] 24558K->11147K(57984K), 0.0010310 secs] [Times: user=0.00 sys=0.00, real=0.00 secs] 
135.844: Total time for which application threads were stopped: 0.0011810 seconds, Stopping threads took: 0.0000860 seconds
135.883: Application time: 0.0390960 seconds
135.883: [GC135.883: [ParNew: 17571K->1548K(18048K), 0.0008390 secs] 27168K->11657K(57984K), 0.0008670 secs] [Times: user=0.00 sys=0.00, real=0.00 secs] 
135.884: Total time for which application threads were stopped: 0.0009900 seconds, Stopping threads took: 0.0000610 seconds
135.924: Application time: 0.0399410 seconds
135.924: [GC135.924: [ParNew: 17519K->1546K(18048K), 0.0010230 secs] 27628K->12679K(57984K), 0.0010580 secs] [Times: user=0.01 sys=0.00, real=0.00 secs] 
135.925: Total time for which application threads were stopped: 0.0011880 seconds, Stopping threads took: 0.0000640 seconds
135.964: Application time: 0.0394790 seconds
135.964: [GC135.964: [ParNew: 17513K->1548K(18048K), 0.0010350 secs] 28646K->13705K(57984K), 0.0010680 secs] [Times: user=0.01 sys=0.00, real=0.01 secs] 
135.966: Total time for which application threads were stopped: 0.0012220 seconds, Stopping threads took: 0.0000910 seconds
136.005: Application time: 0.0398560 seconds
136.005: [GC136.006: [ParNew: 17509K->1550K(18048K), 0.0008230 secs] 29666K->14219K(57984K), 0.0008520 secs] [Times: user=0.01 sys=0.00, real=0.00 secs] 
136.006: Total time for which application threads were stopped: 0.0010000 seconds, Stopping threads took: 0.0000860 seconds
136.046: Application time: 0.0392870 seconds
136.046: [GC136.046: [ParNew: 17516K->1548K(18048K), 0.0008890 secs] 30186K->14729K(57984K), 0.0015260 secs] [Times: user=0.01 sys=0.00, real=0.00 secs] 
136.047: Total time for which application threads were stopped: 0.0016800 seconds, Stopping threads took: 0.0000900 seconds
136.090: Application time: 0.0425430 seconds
136.090: [GC136.090: [ParNew: 17516K->1546K(18048K), 0.0006950 secs] 30698K->14727K(57984K), 0.0007310 secs] [Times: user=0.00 sys=0.00, real=0.00 secs] 
136.091: Total time for which application threads were stopped: 0.0008710 seconds, Stopping threads took: 0.0000690 seconds
136.134: Application time: 0.0435030 seconds
136.134: [GC136.134: [ParNew: 17506K->1548K(18048K), 0.0012160 secs] 30687K->15753K(57984K), 0.0012560 secs] [Times: user=0.01 sys=0.00, real=0.00 secs] 
136.136: Total time for which application threads were stopped: 0.0014660 seconds, Stopping threads took: 0.0001330 seconds
136.185: Application time: 0.0494680 seconds
136.185: [GC136.185: [ParNew: 17522K->10K(18048K), 0.0002930 secs] 31728K->14215K(57984K), 0.0003240 secs] [Times: user=0.00 sys=0.00, real=0.00 secs] 
136.186: Total time for which application threads were stopped: 0.0004380 seconds, Stopping threads took: 0.0000500 seconds
136.226: Application time: 0.0407670 seconds
136.227: [GC136.227: [ParNew: 15970K->1032K(18048K), 0.0005880 secs] 30175K->15237K(57984K), 0.0006170 secs] [Times: user=0.00 sys=0.00, real=0.00 secs] 
136.227: Total time for which application threads were stopped: 0.0007900 seconds, Stopping threads took: 0.0001050 seconds
136.268: Application time: 0.0404830 seconds
136.269: [GC136.269: [ParNew: 16992K->1548K(18048K), 0.0009650 secs] 31197K->16265K(57984K), 0.0009980 secs] [Times: user=0.00 sys=0.00, real=0.00 secs] 
136.270: Total time for which application threads were stopped: 0.0026130 seconds, Stopping threads took: 0.0015530 seconds
136.311: Application time: 0.0406170 seconds
136.311: [GC136.311: [ParNew: 17510K->1550K(18048K), 0.0009240 secs] 32227K->17291K(57984K), 0.0009640 secs] [Times: user=0.01 sys=0.00, real=0.00 secs] 
136.312: Total time for which application threads were stopped: 0.0011230 seconds, Stopping threads took: 0.0000990 seconds
136.351: Application time: 0.0389300 seconds
136.351: [GC136.351: [ParNew: 17512K->1548K(18048K), 0.0011170 secs] 33253K->18825K(57984K), 0.0011530 secs] [Times: user=0.00 sys=0.00, real=0.00 secs] 
136.352: Total time for which application threads were stopped: 0.0013120 seconds, Stopping threads took: 0.0000930 seconds
136.392: Application time: 0.0399440 seconds
136.392: [GC136.392: [ParNew: 17519K->1546K(18048K), 0.0010250 secs] 34796K->19847K(57984K), 0.0010600 secs] [Times: user=0.01 sys=0.00, real=0.00 secs] 
136.393: Total time for which application threads were stopped: 0.0012150 seconds, Stopping threads took: 0.0000910 seconds
136.433: Application time: 0.0398740 seconds
136.433: [GC136.433: [ParNew: 17474K->1720K(18048K), 0.0007420 secs] 35775K->20021K(57984K), 0.0007710 secs] [Times: user=0.00 sys=0.00, real=0.00 secs] 
136.434: Total time for which application threads were stopped: 0.0009240 seconds, Stopping threads took: 0.0000930 seconds
136.474: Application time: 0.0400380 seconds
136.474: [GC136.474: [ParNew: 17335K->582K(18048K), 0.0004230 secs] 35636K->19099K(57984K), 0.0004500 secs] [Times: user=0.01 sys=0.00, real=0.00 secs] 
136.475: Total time for which application threads were stopped: 0.0006340 seconds, Stopping threads took: 0.0001280 seconds
136.511: Application time: 0.0364930 seconds
136.512: [GC136.512: [ParNew: 16536K->1608K(18048K), 0.0007810 secs] 35053K->20637K(57984K), 0.0008130 secs] [Times: user=0.01 sys=0.00, real=0.00 secs] 
136.512: Total time for which application threads were stopped: 0.0009810 seconds, Stopping threads took: 0.0001050 seconds
136.552: Application time: 0.0394050 seconds
136.552: [GC136.552: [ParNew: 17570K->1550K(18048K), 0.0009840 secs] 36600K->21707K(57984K), 0.0010150 secs] [Times: user=0.01 sys=0.00, real=0.00 secs] 
136.553: Total time for which application threads were stopped: 0.0011460 seconds, Stopping threads took: 0.0000640 seconds
136.594: Application time: 0.0412780 seconds
136.594: [GC136.594: [ParNew: 17523K->1546K(18048K), 0.0006040 secs] 37680K->21703K(57984K), 0.0006310 secs] [Times: user=0.00 sys=0.00, real=0.00 secs] 
136.595: Total time for which application threads were stopped: 0.0007560 seconds, Stopping threads took: 0.0000670 seconds
136.635: Application time: 0.0398620 seconds
136.635: [GC136.635: [ParNew: 17516K->1034K(18048K), 0.0004450 secs] 37674K->21191K(57984K), 0.0004750 secs] [Times: user=0.01 sys=0.00, real=0.00 secs] 
136.636: Total time for which application threads were stopped: 0.0006600 seconds, Stopping threads took: 0.0001280 seconds
136.673: Application time: 0.0373810 seconds
136.673: [GC136.673: [ParNew: 16984K->1550K(18048K), 0.0012050 secs] 37141K->23243K(57984K), 0.0012390 secs] [Times: user=0.01 sys=0.00, real=0.00 secs] 
136.674: Total time for which application threads were stopped: 0.0013930 seconds, Stopping threads took: 0.0000870 seconds
136.715: Application time: 0.0402510 seconds
136.715: [GC136.715: [ParNew: 17521K->1548K(18048K), 0.0009550 secs] 39214K->24265K(57984K), 0.0009850 secs] [Times: user=0.01 sys=0.00, real=0.00 secs] 
136.716: Total time for which application threads were stopped: 0.0011330 seconds, Stopping threads took: 0.0000840 seconds
136.758: Application time: 0.0419820 seconds
136.758: [GC136.758: [ParNew: 17521K->1546K(18048K), 0.0006130 secs] 40238K->24263K(57984K), 0.0006410 secs] [Times: user=0.01 sys=0.00, real=0.00 secs] 
136.758: Total time for which application threads were stopped: 0.0007770 seconds, Stopping threads took: 0.0000680 seconds
136.797: Application time: 0.0387820 seconds
136.797: [GC136.797: [ParNew: 17512K->1546K(18048K), 0.0006640 secs] 40230K->24263K(57984K), 0.0006920 secs] [Times: user=0.00 sys=0.00, real=0.00 secs] 
136.798: Total time for which application threads were stopped: 0.0008390 seconds, Stopping threads took: 0.0000790 seconds
136.837: Application time: 0.0388440 seconds
136.837: [GC136.837: [ParNew: 17508K->1546K(18048K), 0.0007640 secs] 40226K->24775K(57984K), 0.0007940 secs] [Times: user=0.01 sys=0.00, real=0.01 secs] 
136.838: Total time for which application threads were stopped: 0.0009190 seconds, Stopping threads took: 0.0000670 seconds
136.879: Application time: 0.0408360 seconds
136.879: [GC136.879: [ParNew: 17512K->1546K(18048K), 0.0005880 secs] 40742K->24775K(57984K), 0.0006150 secs] [Times: user=0.01 sys=0.00, real=0.00 secs] 
136.879: Total time for which application threads were stopped: 0.0007730 seconds, Stopping threads took: 0.0001010 seconds
136.917: Application time: 0.0377810 seconds
136.917: [GC136.917: [ParNew: 17506K->1548K(18048K), 0.0010030 secs] 40736K->25801K(57984K), 0.0010330 secs] [Times: user=0.01 sys=0.00, real=0.00 secs] 
136.918: Total time for which application threads were stopped: 0.0011720 seconds, Stopping threads took: 0.0000770 seconds
136.959: Application time: 0.0403900 seconds
136.959: [GC136.959: [ParNew: 17514K->1546K(18048K), 0.0009400 secs] 41768K->26823K(57984K), 0.0009730 secs] [Times: user=0.01 sys=0.00, real=0.00 secs] 
136.960: Total time for which application threads were stopped: 0.0011260 seconds, Stopping threads took: 0.0000840 seconds
137.000: Application time: 0.0404940 seconds
137.001: [GC137.001: [ParNew: 17517K->1544K(18048K), 0.0008190 secs] 42794K->27333K(57984K), 0.0008520 secs] [Times: user=0.01 sys=0.00, real=0.00 secs] 
137.001: Total time for which application threads were stopped: 0.0009860 seconds, Stopping threads took: 0.0000700 seconds
137.042: Application time: 0.0404160 seconds
137.042: [GC137.042: [ParNew: 17510K->1548K(18048K), 0.0007930 secs] 43300K->27849K(57984K), 0.0008230 secs] [Times: user=0.00 sys=0.00, real=0.00 secs] 
137.043: Total time for which application threads were stopped: 0.0009510 seconds, Stopping threads took: 0.0000670 seconds
137.082: Application time: 0.0393930 seconds
137.082: [GC137.082: [ParNew: 17159K->1608K(18048K), 0.0006170 secs] 43461K->27910K(57984K), 0.0006450 secs] [Times: user=0.01 sys=0.00, real=0.00 secs] 
137.083: Total time for which application threads were stopped: 0.0007660 seconds, Stopping threads took: 0.0000600 seconds
137.122: Application time: 0.0388140 seconds
137.122: [GC137.122: [ParNew: 17378K->640K(18048K), 0.0003650 secs] 43679K->27038K(57984K), 0.0003940 secs] [Times: user=0.00 sys=0.00, real=0.00 secs] 
137.122: Total time for which application threads were stopped: 0.0005450 seconds, Stopping threads took: 0.0000970 seconds
137.158: Application time: 0.0361240 seconds
137.159: [GC137.159: [ParNew: 16236K->1720K(18048K), 0.0008500 secs] 42634K->28630K(57984K), 0.0008810 secs] [Times: user=0.01 sys=0.00, real=0.00 secs] 
137.159: Total time for which application threads were stopped: 0.0010680 seconds, Stopping threads took: 0.0001250 seconds
137.201: Application time: 0.0416260 seconds
137.201: [GC137.201: [ParNew: 17691K->1550K(18048K), 0.0007130 secs] 44601K->28668K(57984K), 0.0007400 secs] [Times: user=0.01 sys=0.00, real=0.00 secs] 
137.202: Total time for which application threads were stopped: 0.0008820 seconds, Stopping threads took: 0.0000830 seconds
137.240: Application time: 0.0382220 seconds
137.240: [GC137.240: [ParNew: 17512K->1552K(18048K), 0.0007810 secs] 44630K->29182K(57984K), 0.0008100 secs] [Times: user=0.01 sys=0.00, real=0.00 secs] 
137.241: Total time for which application threads were stopped: 0.0009520 seconds, Stopping threads took: 0.0000710 seconds
137.281: Application time: 0.0395320 seconds
137.281: [GC137.281: [ParNew: 17523K->1548K(18048K), 0.0006310 secs] 45153K->29178K(57984K), 0.0006580 secs] [Times: user=0.01 sys=0.00, real=0.00 secs] 
137.282: Total time for which application threads were stopped: 0.0007910 seconds, Stopping threads took: 0.0000670 seconds
137.323: Application time: 0.0411740 seconds
137.323: [GC137.323: [ParNew: 17516K->1034K(18048K), 0.0005440 secs] 45147K->28664K(57984K), 0.0005770 secs] [Times: user=0.00 sys=0.00, real=0.00 secs] 
137.323: Total time for which application threads were stopped: 0.0006930 seconds, Stopping threads took: 0.0000610 seconds
137.362: Application time: 0.0383480 seconds
137.362: [GC137.362: [ParNew: 16992K->1546K(18048K), 0.0008280 secs] 44622K->29688K(57984K), 0.0008610 secs] [Times: user=0.00 sys=0.00, real=0.00 secs] 
137.363: Total time for which application threads were stopped: 0.0009850 seconds, Stopping threads took: 0.0000620 seconds
137.401: Application time: 0.0387010 seconds
137.402: [GC137.402: [ParNew: 17512K->1546K(18048K), 0.0008080 secs] 45654K->30200K(57984K), 0.0008400 secs] [Times: user=0.01 sys=0.00, real=0.00 secs] 
137.402: Total time for which application threads were stopped: 0.0010650 seconds, Stopping threads took: 0.0001610 seconds
137.443: Application time: 0.0406080 seconds
137.443: [GC137.443: [ParNew: 17510K->1548K(18048K), 0.0006260 secs] 46164K->30202K(57984K), 0.0006530 secs] [Times: user=0.00 sys=0.00, real=0.00 secs] 
137.444: Total time for which application threads were stopped: 0.0008510 seconds, Stopping threads took: 0.0001400 seconds
137.483: Application time: 0.0393050 seconds
137.483: [GC137.483: [ParNew: 17508K->1548K(18048K), 0.0009810 secs] 46162K->31226K(57984K), 0.0010130 secs] [Times: user=0.01 sys=0.00, real=0.00 secs] 
137.484: Total time for which application threads were stopped: 0.0011460 seconds, Stopping threads took: 0.0000700 seconds
137.524: Application time: 0.0399430 seconds
137.524: [GC137.525: [ParNew: 17516K->1548K(18048K), 0.0007990 secs] 47195K->31738K(57984K), 0.0008290 secs] [Times: user=0.01 sys=0.00, real=0.01 secs] 
137.525: Total time for which application threads were stopped: 0.0009940 seconds, Stopping threads took: 0.0001060 seconds
137.565: Application time: 0.0393490 seconds
137.565: [GC137.565: [ParNew: 17514K->1548K(18048K), 0.0008200 secs] 47705K->32250K(57984K), 0.0008500 secs] [Times: user=0.01 sys=0.00, real=0.01 secs] 
137.566: Total time for which application threads were stopped: 0.0009910 seconds, Stopping threads took: 0.0000810 seconds
137.606: Application time: 0.0400050 seconds
137.606: [GC137.606: [ParNew: 17521K->1034K(18048K), 0.0004840 secs] 48223K->31736K(57984K), 0.0005110 secs] [Times: user=0.00 sys=0.00, real=0.00 secs] 
137.606: Total time for which application threads were stopped: 0.0006490 seconds, Stopping threads took: 0.0000810 seconds
137.647: Application time: 0.0411340 seconds
137.648: [GC137.648: [ParNew: 17004K->520K(18048K), 0.0004110 secs] 47707K->31222K(57984K), 0.0004390 secs] [Times: user=0.01 sys=0.00, real=0.00 secs] 
137.648: Total time for which application threads were stopped: 0.0005680 seconds, Stopping threads took: 0.0000750 seconds
137.688: Application time: 0.0398730 seconds
137.688: [GC137.688: [ParNew: 16482K->1034K(18048K), 0.0004680 secs] 47184K->31736K(57984K), 0.0004950 secs] [Times: user=0.00 sys=0.00, real=0.00 secs] 
137.689: Total time for which application threads were stopped: 0.0006110 seconds, Stopping threads took: 0.0000600 seconds
137.725: Application time: 0.0364260 seconds
137.725: [GC137.725: [ParNew: 17083K->1588K(18048K), 0.0006370 secs] 47785K->32290K(57984K), 0.0006660 secs] [Times: user=0.00 sys=0.00, real=0.01 secs] 
137.726: Total time for which application threads were stopped: 0.0008330 seconds, Stopping threads took: 0.0001080 seconds
137.765: Application time: 0.0397010 seconds
137.766: [GC137.766: [ParNew: 17187K->1604K(18048K), 0.0007230 secs] 47889K->32370K(57984K), 0.0007520 secs] [Times: user=0.01 sys=0.00, real=0.00 secs] 
137.766: Total time for which application threads were stopped: 0.0008740 seconds, Stopping threads took: 0.0000630 seconds
137.806: Application time: 0.0397210 seconds
137.806: [GC137.806: [ParNew: 17449K->1178K(18048K), 0.0006040 secs] 48216K->32032K(57984K), 0.0006300 secs] [Times: user=0.00 sys=0.00, real=0.00 secs] 
137.807: Total time for which application threads were stopped: 0.0007750 seconds, Stopping threads took: 0.0000810 seconds
137.844: Application time: 0.0374570 seconds
137.845: [GC137.845: [ParNew: 17132K->1548K(18048K), 0.0009480 secs] 47986K->33098K(57984K), 0.0009830 secs] [Times: user=0.01 sys=0.00, real=0.01 secs] 
137.846: Total time for which application threads were stopped: 0.0011870 seconds, Stopping threads took: 0.0001430 seconds
137.886: Application time: 0.0409630 seconds
137.887: [GC137.887: [ParNew: 17519K->1546K(18048K), 0.0007020 secs] 49069K->33096K(57984K), 0.0007310 secs] [Times: user=0.01 sys=0.00, real=0.00 secs] 
137.887: Total time for which application threads were stopped: 0.0009380 seconds, Stopping threads took: 0.0001450 seconds
137.929: Application time: 0.0414270 seconds
137.929: [GC137.929: [ParNew: 17519K->524K(18048K), 0.0003140 secs] 49069K->32074K(57984K), 0.0003380 secs] [Times: user=0.00 sys=0.00, real=0.00 secs] 
137.929: Total time for which application threads were stopped: 0.0004590 seconds, Stopping threads took: 0.0000680 seconds
137.970: Application time: 0.0410660 seconds
137.970: [GC137.971: [ParNew: 16486K->1034K(18048K), 0.0004500 secs] 48037K->32584K(57984K), 0.0004770 secs] [Times: user=0.00 sys=0.00, real=0.00 secs] 
137.971: Total time for which application threads were stopped: 0.0006000 seconds, Stopping threads took: 0.0000660 seconds
138.010: Application time: 0.0389290 seconds
138.010: [GC138.010: [ParNew: 17000K->1034K(18048K), 0.0004420 secs] 48551K->32584K(57984K), 0.0004690 secs] [Times: user=0.01 sys=0.00, real=0.00 secs] 
138.011: Total time for which application threads were stopped: 0.0005920 seconds, Stopping threads took: 0.0000660 seconds
138.049: Application time: 0.0382390 seconds
138.049: [GC138.049: [ParNew: 16996K->1548K(18048K), 0.0006160 secs] 48547K->33098K(57984K), 0.0006450 secs] [Times: user=0.01 sys=0.00, real=0.00 secs] 
138.050: Total time for which application threads were stopped: 0.0007800 seconds, Stopping threads took: 0.0000740 seconds
138.090: Application time: 0.0406740 seconds
138.090: [GC138.090: [ParNew: 17519K->1034K(18048K), 0.0004630 secs] 49069K->32584K(57984K), 0.0004900 secs] [Times: user=0.01 sys=0.00, real=0.00 secs] 
138.091: Total time for which application threads were stopped: 0.0006040 seconds, Stopping threads took: 0.0000580 seconds
138.132: Application time: 0.0414770 seconds
138.132: [GC138.132: [ParNew: 17006K->10K(18048K), 0.0003030 secs] 48557K->31560K(57984K), 0.0003250 secs] [Times: user=0.01 sys=0.00, real=0.00 secs] 
138.133: Total time for which application threads were stopped: 0.0004370 seconds, Stopping threads took: 0.0000610 seconds
138.167: Application time: 0.0337860 seconds
138.167: [GC138.167: [ParNew: 15947K->1550K(18048K), 0.0013130 secs] 47498K->35148K(57984K), 0.0013500 secs] [Times: user=0.01 sys=0.00, real=0.00 secs] 
138.168: Total time for which application threads were stopped: 0.0015110 seconds, Stopping threads took: 0.0000940 seconds
138.209: Application time: 0.0414430 seconds
138.210: [GC138.210: [ParNew: 17521K->1548K(18048K), 0.0011750 secs] 51119K->36682K(57984K), 0.0012080 secs] [Times: user=0.01 sys=0.00, real=0.00 secs] 
138.211: Total time for which application threads were stopped: 0.0013540 seconds, Stopping threads took: 0.0000800 seconds
138.251: Application time: 0.0403380 seconds
138.251: [GC138.251: [ParNew: 17521K->1546K(18048K), 0.0007930 secs] 52655K->37192K(57984K), 0.0008240 secs] [Times: user=0.01 sys=0.00, real=0.00 secs] 
138.252: Total time for which application threads were stopped: 0.0010740 seconds, Stopping threads took: 0.0001890 seconds
138.294: Application time: 0.0413440 seconds
138.294: [GC138.294: [ParNew: 17519K->1036K(18048K), 0.0005710 secs] 53165K->36682K(57984K), 0.0006010 secs] [Times: user=0.00 sys=0.00, real=0.00 secs] 
138.294: Total time for which application threads were stopped: 0.0008350 seconds, Stopping threads took: 0.0001780 seconds
138.336: Application time: 0.0412510 seconds
138.336: [GC138.336: [ParNew: 17006K->522K(18048K), 0.0003410 secs] 52653K->36168K(57984K), 0.0003690 secs] [Times: user=0.01 sys=0.00, real=0.00 secs] 
138.336: Total time for which application threads were stopped: 0.0005150 seconds, Stopping threads took: 0.0000750 seconds
138.374: Application time: 0.0373870 seconds
138.374: [GC138.374: [ParNew: 16563K->1064K(18048K), 0.0005670 secs] 52209K->36710K(57984K), 0.0005950 secs] [Times: user=0.00 sys=0.00, real=0.00 secs] 
138.374: Total time for which application threads were stopped: 0.0007250 seconds, Stopping threads took: 0.0000700 seconds
138.415: Application time: 0.0403720 seconds
138.415: [GC138.415: [ParNew: 17104K->1574K(18048K), 0.0007280 secs] 52751K->37284K(57984K), 0.0007590 secs] [Times: user=0.01 sys=0.00, real=0.00 secs] 
138.416: Total time for which application threads were stopped: 0.0008950 seconds, Stopping threads took: 0.0000740 seconds
138.453: Application time: 0.0377030 seconds
138.453: [GC138.453: [ParNew: 17185K->1094K(18048K), 0.0005670 secs] 52896K->36860K(57984K), 0.0005960 secs] [Times: user=0.00 sys=0.00, real=0.00 secs] 
138.454: Total time for which application threads were stopped: 0.0007770 seconds, Stopping threads took: 0.0001240 seconds
138.493: Application time: 0.0387540 seconds
138.493: [GC138.493: [ParNew: 16849K->1152K(18048K), 0.0005450 secs] 52616K->37035K(57984K), 0.0005740 secs] [Times: user=0.01 sys=0.00, real=0.00 secs] 
138.494: Total time for which application threads were stopped: 0.0007380 seconds, Stopping threads took: 0.0001050 seconds
138.533: Application time: 0.0391450 seconds
138.533: [GC138.533: [ParNew: 17114K->1546K(18048K), 0.0008570 secs] 52997K->38101K(57984K), 0.0008880 secs] [Times: user=0.00 sys=0.00, real=0.00 secs] 
138.534: Total time for which application threads were stopped: 0.0010130 seconds, Stopping threads took: 0.0000640 seconds
138.572: Application time: 0.0378570 seconds
138.572: [GC138.572: [ParNew: 17504K->1548K(18048K), 0.0011590 secs] 54059K->39639K(57984K), 0.0011940 secs] [Times: user=0.01 sys=0.00, real=0.00 secs] 
138.573: Total time for which application threads were stopped: 0.0013450 seconds, Stopping threads took: 0.0000860 seconds
138.613: Application time: 0.0402770 seconds
138.613: [GC138.613: [ParNew: 17519K->1548K(18048K), 0.0010020 secs] 55609K->40663K(57984K), 0.0010340 secs] [Times: user=0.01 sys=0.00, real=0.00 secs] 
138.614: Total time for which application threads were stopped: 0.0011820 seconds, Stopping threads took: 0.0000840 seconds
138.656: Application time: 0.0411730 seconds
138.656: [GC138.656: [ParNew: 17519K->1546K(18048K), 0.0008600 secs] 56634K->41173K(57984K), 0.0008910 secs] [Times: user=0.00 sys=0.00, real=0.00 secs] 
138.657: Total time for which application threads were stopped: 0.0010190 seconds, Stopping threads took: 0.0000660 seconds
138.698: Application time: 0.0413540 seconds
138.698: [GC138.698: [ParNew: 17523K->17523K(18048K), 0.0000100 secs]138.698: [Tenured: 39626K->7171K(39936K), 0.0048510 secs] 57150K->7171K(57984K), [Perm : 5179K->5179K(21248K)], 0.0049020 secs] [Times: user=0.01 sys=0.00, real=0.00 secs] 
138.703: Total time for which application threads were stopped: 0.0050230 seconds, Stopping threads took: 0.0000570 seconds
138.739: Application time: 0.0358590 seconds
138.739: [GC138.739: [ParNew: 15941K->1550K(18048K), 0.0012160 secs] 23113K->10257K(57984K), 0.0012490 secs] [Times: user=0.01 sys=0.00, real=0.00 secs] 
138.740: Total time for which application threads were stopped: 0.0015300 seconds, Stopping threads took: 0.0002160 seconds
138.779: Application time: 0.0390650 seconds
138.780: [GC138.780: [ParNew: 17516K->1548K(18048K), 0.0011710 secs] 26224K->11791K(57984K), 0.0012030 secs] [Times: user=0.00 sys=0.00, real=0.00 secs] 
138.781: Total time for which application threads were stopped: 0.0013570 seconds, Stopping threads took: 0.0000890 seconds
138.822: Application time: 0.0412740 seconds
138.822: [GC138.822: [ParNew: 17519K->1548K(18048K), 0.0010610 secs] 27762K->12815K(57984K), 0.0010930 secs] [Times: user=0.01 sys=0.00, real=0.00 secs] 
138.823: Total time for which application threads were stopped: 0.0012250 seconds, Stopping threads took: 0.0000700 seconds
138.862: Application time: 0.0383160 seconds
138.862: [GC138.862: [ParNew: 17514K->1546K(18048K), 0.0009410 secs] 28782K->13837K(57984K), 0.0009850 secs] [Times: user=0.00 sys=0.00, real=0.00 secs] 
138.863: Total time for which application threads were stopped: 0.0011170 seconds, Stopping threads took: 0.0000580 seconds
138.903: Application time: 0.0404130 seconds
138.903: [GC138.903: [ParNew: 17517K->1548K(18048K), 0.0007980 secs] 29808K->14351K(57984K), 0.0008280 secs] [Times: user=0.00 sys=0.00, real=0.00 secs] 
138.904: Total time for which application threads were stopped: 0.0009580 seconds, Stopping threads took: 0.0000680 seconds
138.944: Application time: 0.0397290 seconds
138.944: [GC138.944: [ParNew: 17514K->1548K(18048K), 0.0007960 secs] 30318K->14863K(57984K), 0.0008250 secs] [Times: user=0.01 sys=0.00, real=0.00 secs] 
138.945: Total time for which application threads were stopped: 0.0009560 seconds, Stopping threads took: 0.0000710 seconds
138.984: Application time: 0.0394710 seconds
138.984: [GC138.984: [ParNew: 17514K->1548K(18048K), 0.0007590 secs] 30830K->15375K(57984K), 0.0007880 secs] [Times: user=0.01 sys=0.00, real=0.00 secs] 
138.985: Total time for which application threads were stopped: 0.0009190 seconds, Stopping threads took: 0.0000580 seconds
139.026: Application time: 0.0407870 seconds
139.026: [GC139.026: [ParNew: 17593K->1580K(18048K), 0.0008070 secs] 31420K->15919K(57984K), 0.0008370 secs] [Times: user=0.01 sys=0.00, real=0.00 secs] 
139.027: Total time for which application threads were stopped: 0.0009560 seconds, Stopping threads took: 0.0000580 seconds
139.065: Application time: 0.0377830 seconds
139.065: [GC139.065: [ParNew: 17625K->1580K(18048K), 0.0007870 secs] 31964K->16503K(57984K), 0.0008170 secs] [Times: user=0.01 sys=0.00, real=0.01 secs] 
139.066: Total time for which application threads were stopped: 0.0009650 seconds, Stopping threads took: 0.0000860 seconds
139.105: Application time: 0.0396720 seconds
139.105: [GC139.105: [ParNew: 17542K->1552K(18048K), 0.0009170 secs] 32466K->17555K(57984K), 0.0009470 secs] [Times: user=0.01 sys=0.00, real=0.00 secs] 
139.106: Total time for which application threads were stopped: 0.0010780 seconds, Stopping threads took: 0.0000700 seconds
139.145: Application time: 0.0387670 seconds
139.145: [GC139.145: [ParNew: 17241K->1636K(18048K), 0.0008150 secs] 33245K->18152K(57984K), 0.0008460 secs] [Times: user=0.01 sys=0.00, real=0.00 secs] 
139.146: Total time for which application threads were stopped: 0.0010700 seconds, Stopping threads took: 0.0001620 seconds
139.185: Application time: 0.0388470 seconds
139.189: [GC139.189: [ParNew: 17321K->1636K(18048K), 0.0011060 secs] 33837K->18800K(57984K), 0.0011400 secs] [Times: user=0.00 sys=0.00, real=0.00 secs] 
139.191: Total time for which application threads were stopped: 0.0054340 seconds, Stopping threads took: 0.0042320 seconds
139.231: Application time: 0.0407350 seconds
139.231: [GC139.231: [ParNew: 17603K->1544K(18048K), 0.0009460 secs] 34766K->19356K(57984K), 0.0009800 secs] [Times: user=0.00 sys=0.00, real=0.00 secs] 
139.232: Total time for which application threads were stopped: 0.0011070 seconds, Stopping threads took: 0.0000640 seconds
139.273: Application time: 0.0405460 seconds
139.273: [GC139.273: [ParNew: 17514K->1544K(18048K), 0.0006020 secs] 35326K->19356K(57984K), 0.0006330 secs] [Times: user=0.01 sys=0.00, real=0.00 secs] 
139.274: Total time for which application threads were stopped: 0.0007500 seconds, Stopping threads took: 0.0000560 seconds
139.314: Application time: 0.0406900 seconds
139.317: [GC139.317: [ParNew: 17514K->1034K(18048K), 0.0005360 secs] 35326K->18846K(57984K), 0.0005640 secs] [Times: user=0.00 sys=0.00, real=0.00 secs] 
139.318: Total time for which application threads were stopped: 0.0034700 seconds, Stopping threads took: 0.0028470 seconds
139.358: Application time: 0.0396740 seconds
139.358: [GC139.358: [ParNew: 17004K->522K(18048K), 0.0003700 secs] 34816K->18334K(57984K), 0.0003990 secs] [Times: user=0.00 sys=0.00, real=0.00 secs] 
139.358: Total time for which application threads were stopped: 0.0005170 seconds, Stopping threads took: 0.0000530 seconds
139.396: Application time: 0.0382330 seconds
139.396: [GC139.396: [ParNew: 16480K->1546K(18048K), 0.0006050 secs] 34292K->19358K(57984K), 0.0006330 secs] [Times: user=0.01 sys=0.00, real=0.00 secs] 
139.397: Total time for which application threads were stopped: 0.0007750 seconds, Stopping threads took: 0.0000730 seconds
139.436: Application time: 0.0393750 seconds
139.437: [GC139.437: [ParNew: 17512K->1544K(18048K), 0.0006060 secs] 35324K->19356K(57984K), 0.0006330 secs] [Times: user=0.01 sys=0.00, real=0.01 secs] 
139.437: Total time for which application threads were stopped: 0.0007610 seconds, Stopping threads took: 0.0000670 seconds
139.475: Application time: 0.0382340 seconds
139.476: [GC139.476: [ParNew: 17510K->1544K(18048K), 0.0005980 secs] 35322K->19356K(57984K), 0.0006290 secs] [Times: user=0.00 sys=0.00, real=0.00 secs] 
139.476: Total time for which application threads were stopped: 0.0007540 seconds, Stopping threads took: 0.0000620 seconds
139.516: Application time: 0.0395960 seconds
139.516: [GC139.516: [ParNew: 17510K->1546K(18048K), 0.0006310 secs] 35322K->19358K(57984K), 0.0006610 secs] [Times: user=0.00 sys=0.00, real=0.00 secs] 
139.517: Total time for which application threads were stopped: 0.0007890 seconds, Stopping threads took: 0.0000660 seconds
139.557: Application time: 0.0402750 seconds
139.557: [GC139.557: [ParNew: 17512K->1546K(18048K), 0.0006510 secs] 35324K->19358K(57984K), 0.0006810 secs] [Times: user=0.01 sys=0.00, real=0.01 secs] 
139.558: Total time for which application threads were stopped: 0.0008110 seconds, Stopping threads took: 0.0000710 seconds
139.596: Application time: 0.0384820 seconds
139.596: [GC139.596: [ParNew: 17512K->1544K(18048K), 0.0006250 secs] 35324K->19356K(57984K), 0.0006550 secs] [Times: user=0.00 sys=0.00, real=0.00 secs] 
139.597: Total time for which application threads were stopped: 0.0007960 seconds, Stopping threads took: 0.0000820 seconds
139.637: Application time: 0.0400320 seconds
139.637: [GC139.637: [ParNew: 17514K->1036K(18048K), 0.0004310 secs] 35326K->18848K(57984K), 0.0004580 secs] [Times: user=0.00 sys=0.00, real=0.01 secs] 
139.638: Total time for which application threads were stopped: 0.0005760 seconds, Stopping threads took: 0.0000630 seconds
139.677: Application time: 0.0393440 seconds
139.677: [GC139.677: [ParNew: 16998K->1038K(18048K), 0.0004670 secs] 34810K->18850K(57984K), 0.0004950 secs] [Times: user=0.01 sys=0.00, real=0.01 secs] 
139.678: Total time for which application threads were stopped: 0.0006600 seconds, Stopping threads took: 0.0001070 seconds
139.715: Application time: 0.0377330 seconds
139.715: [GC139.716: [ParNew: 16638K->1608K(18048K), 0.0007810 secs] 34450K->19932K(57984K), 0.0008110 secs] [Times: user=0.01 sys=0.00, real=0.00 secs] 
139.716: Total time for which application threads were stopped: 0.0010090 seconds, Stopping threads took: 0.0001350 seconds
139.756: Application time: 0.0394480 seconds
139.756: [GC139.756: [ParNew: 17574K->1546K(18048K), 0.0008820 secs] 35899K->20478K(57984K), 0.0009100 secs] [Times: user=0.01 sys=0.00, real=0.00 secs] 
139.757: Total time for which application threads were stopped: 0.0010390 seconds, Stopping threads took: 0.0000680 seconds
139.797: Application time: 0.0398230 seconds
139.797: [GC139.797: [ParNew: 17591K->1578K(18048K), 0.0007750 secs] 36523K->21022K(57984K), 0.0008050 secs] [Times: user=0.00 sys=0.00, real=0.01 secs] 
139.798: Total time for which application threads were stopped: 0.0009300 seconds, Stopping threads took: 0.0000620 seconds
139.836: Application time: 0.0383020 seconds
139.836: [GC139.836: [ParNew: 17341K->1664K(18048K), 0.0006840 secs] 36785K->21164K(57984K), 0.0007110 secs] [Times: user=0.00 sys=0.00, real=0.00 secs] 
139.837: Total time for which application threads were stopped: 0.0008970 seconds, Stopping threads took: 0.0001290 seconds
139.875: Application time: 0.0385460 seconds
139.875: [GC139.875: [ParNew: 17702K->1580K(18048K), 0.0010620 secs] 37203K->22272K(57984K), 0.0011030 secs] [Times: user=0.01 sys=0.00, real=0.00 secs] 
139.877: Total time for which application threads were stopped: 0.0012530 seconds, Stopping threads took: 0.0000830 seconds
139.917: Application time: 0.0408580 seconds
139.918: [GC139.918: [ParNew: 17546K->1548K(18048K), 0.0009800 secs] 38239K->23336K(57984K), 0.0010120 secs] [Times: user=0.00 sys=0.00, real=0.00 secs] 
139.919: Total time for which application threads were stopped: 0.0011520 seconds, Stopping threads took: 0.0000700 seconds
139.959: Application time: 0.0401070 seconds
139.959: [GC139.959: [ParNew: 17519K->1546K(18048K), 0.0007620 secs] 39307K->23846K(57984K), 0.0007900 secs] [Times: user=0.01 sys=0.00, real=0.00 secs] 
139.960: Total time for which application threads were stopped: 0.0009200 seconds, Stopping threads took: 0.0000680 seconds
140.000: Application time: 0.0406920 seconds
140.000: [GC140.000: [ParNew: 17517K->1548K(18048K), 0.0006040 secs] 39817K->23848K(57984K), 0.0006300 secs] [Times: user=0.01 sys=0.00, real=0.00 secs] 
140.001: Total time for which application threads were stopped: 0.0007560 seconds, Stopping threads took: 0.0000690 seconds
140.041: Application time: 0.0399500 seconds
140.041: [GC140.041: [ParNew: 17519K->1034K(18048K), 0.0004470 secs] 39819K->23334K(57984K), 0.0004740 secs] [Times: user=0.00 sys=0.00, real=0.00 secs] 
140.042: Total time for which application threads were stopped: 0.0005870 seconds, Stopping threads took: 0.0000550 seconds
140.082: Application time: 0.0402830 seconds
140.082: [GC140.082: [ParNew: 17004K->522K(18048K), 0.0003360 secs] 39305K->22822K(57984K), 0.0003620 secs] [Times: user=0.00 sys=0.00, real=0.00 secs] 
140.082: Total time for which application threads were stopped: 0.0004830 seconds, Stopping threads took: 0.0000660 seconds
140.122: Application time: 0.0398800 seconds
140.122: [GC140.122: [ParNew: 16488K->522K(18048K), 0.0002970 secs] 38789K->22822K(57984K), 0.0003230 secs] [Times: user=0.01 sys=0.00, real=0.00 secs] 
140.123: Total time for which application threads were stopped: 0.0005400 seconds, Stopping threads took: 0.0001610 seconds
140.160: Application time: 0.0374300 seconds
140.160: [GC140.160: [ParNew: 16472K->1548K(18048K), 0.0009260 secs] 38772K->24872K(57984K), 0.0009580 secs] [Times: user=0.00 sys=0.00, real=0.00 secs] 
140.161: Total time for which application threads were stopped: 0.0010930 seconds, Stopping threads took: 0.0000730 seconds
140.202: Application time: 0.0409020 seconds
140.202: [GC140.202: [ParNew: 17521K->1548K(18048K), 0.0006740 secs] 40845K->24872K(57984K), 0.0007040 secs] [Times: user=0.00 sys=0.00, real=0.00 secs] 
140.203: Total time for which application threads were stopped: 0.0008340 seconds, Stopping threads took: 0.0000700 seconds
140.242: Application time: 0.0394160 seconds
140.243: [GC140.243: [ParNew: 17514K->1546K(18048K), 0.0005830 secs] 40839K->24870K(57984K), 0.0006120 secs] [Times: user=0.00 sys=0.00, real=0.00 secs] 
140.243: Total time for which application threads were stopped: 0.0007390 seconds, Stopping threads took: 0.0000700 seconds
140.283: Application time: 0.0397640 seconds
140.283: [GC140.283: [ParNew: 17512K->1546K(18048K), 0.0006330 secs] 40837K->24870K(57984K), 0.0006630 secs] [Times: user=0.01 sys=0.00, real=0.00 secs] 
140.284: Total time for which application threads were stopped: 0.0008220 seconds, Stopping threads took: 0.0000990 seconds
140.323: Application time: 0.0392340 seconds
140.323: [GC140.323: [ParNew: 17508K->1548K(18048K), 0.0007700 secs] 40833K->25384K(57984K), 0.0008010 secs] [Times: user=0.00 sys=0.00, real=0.00 secs] 
140.324: Total time for which application threads were stopped: 0.0009350 seconds, Stopping threads took: 0.0000710 seconds
140.362: Application time: 0.0383650 seconds
140.362: [GC140.362: [ParNew: 17159K->1606K(18048K), 0.0006600 secs] 40995K->25442K(57984K), 0.0006900 secs] [Times: user=0.00 sys=0.00, real=0.00 secs] 
140.363: Total time for which application threads were stopped: 0.0008200 seconds, Stopping threads took: 0.0000700 seconds
140.404: Application time: 0.0411510 seconds
140.404: [GC140.404: [ParNew: 17577K->1036K(18048K), 0.0005440 secs] 41413K->24968K(57984K), 0.0005820 secs] [Times: user=0.01 sys=0.00, real=0.00 secs] 
140.405: Total time for which application threads were stopped: 0.0007200 seconds, Stopping threads took: 0.0000810 seconds
140.444: Application time: 0.0390870 seconds
140.444: [GC140.444: [ParNew: 17002K->1034K(18048K), 0.0004570 secs] 40935K->24966K(57984K), 0.0004850 secs] [Times: user=0.00 sys=0.00, real=0.00 secs] 
140.445: Total time for which application threads were stopped: 0.0006080 seconds, Stopping threads took: 0.0000560 seconds
140.482: Application time: 0.0367590 seconds
140.482: [GC140.482: [ParNew: 16632K->1606K(18048K), 0.0008380 secs] 40565K->26050K(57984K), 0.0008710 secs] [Times: user=0.00 sys=0.00, real=0.00 secs] 
140.483: Total time for which application threads were stopped: 0.0010200 seconds, Stopping threads took: 0.0000890 seconds
140.521: Application time: 0.0388430 seconds
140.522: [GC140.522: [ParNew: 17295K->1636K(18048K), 0.0006670 secs] 41740K->26184K(57984K), 0.0006970 secs] [Times: user=0.01 sys=0.00, real=0.00 secs] 
140.522: Total time for which application threads were stopped: 0.0008640 seconds, Stopping threads took: 0.0001060 seconds
140.562: Application time: 0.0394120 seconds
140.562: [GC140.562: [ParNew: 17681K->1576K(18048K), 0.0007230 secs] 42229K->26252K(57984K), 0.0007520 secs] [Times: user=0.01 sys=0.00, real=0.00 secs] 
140.563: Total time for which application threads were stopped: 0.0008840 seconds, Stopping threads took: 0.0000700 seconds
140.602: Application time: 0.0389830 seconds
140.602: [GC140.602: [ParNew: 17540K->1548K(18048K), 0.0006490 secs] 42217K->26296K(57984K), 0.0006780 secs] [Times: user=0.00 sys=0.00, real=0.00 secs] 
140.602: Total time for which application threads were stopped: 0.0008970 seconds, Stopping threads took: 0.0001580 seconds
140.642: Application time: 0.0399020 seconds
140.642: [GC140.642: [ParNew: 17519K->1032K(18048K), 0.0004350 secs] 42267K->25780K(57984K), 0.0004600 secs] [Times: user=0.01 sys=0.00, real=0.00 secs] 
140.643: Total time for which application threads were stopped: 0.0005910 seconds, Stopping threads took: 0.0000760 seconds
140.682: Application time: 0.0385990 seconds
140.682: [GC140.682: [ParNew: 16990K->1546K(18048K), 0.0007880 secs] 41739K->26806K(57984K), 0.0008180 secs] [Times: user=0.00 sys=0.00, real=0.00 secs] 
140.682: Total time for which application threads were stopped: 0.0009400 seconds, Stopping threads took: 0.0000610 seconds
140.722: Application time: 0.0399760 seconds
140.723: [GC140.723: [ParNew: 17514K->1544K(18048K), 0.0006430 secs] 42775K->26804K(57984K), 0.0006730 secs] [Times: user=0.01 sys=0.00, real=0.00 secs] 
140.723: Total time for which application threads were stopped: 0.0008150 seconds, Stopping threads took: 0.0000820 seconds
140.763: Application time: 0.0400760 seconds
140.763: [GC140.763: [ParNew: 17510K->1546K(18048K), 0.0006310 secs] 42771K->26806K(57984K), 0.0006600 secs] [Times: user=0.01 sys=0.00, real=0.00 secs] 
140.764: Total time for which application threads were stopped: 0.0007930 seconds, Stopping threads took: 0.0000730 seconds
140.804: Application time: 0.0395660 seconds
140.804: [GC140.804: [ParNew: 17516K->1034K(18048K), 0.0004950 secs] 42777K->26294K(57984K), 0.0005210 secs] [Times: user=0.00 sys=0.00, real=0.00 secs] 
140.804: Total time for which application threads were stopped: 0.0006420 seconds, Stopping threads took: 0.0000640 seconds
140.846: Application time: 0.0415880 seconds
140.846: [GC140.846: [ParNew: 17000K->1030K(18048K), 0.0004330 secs] 42261K->26290K(57984K), 0.0004610 secs] [Times: user=0.00 sys=0.00, real=0.00 secs] 
140.847: Total time for which application threads were stopped: 0.0005730 seconds, Stopping threads took: 0.0000560 seconds
140.885: Application time: 0.0389770 seconds
140.886: [GC140.886: [ParNew: 16996K->1032K(18048K), 0.0004430 secs] 42257K->26292K(57984K), 0.0004700 secs] [Times: user=0.00 sys=0.00, real=0.00 secs] 
140.886: Total time for which application threads were stopped: 0.0005910 seconds, Stopping threads took: 0.0000640 seconds
140.926: Application time: 0.0399340 seconds
140.926: [GC140.926: [ParNew: 17002K->522K(18048K), 0.0003850 secs] 42263K->25782K(57984K), 0.0004190 secs] [Times: user=0.00 sys=0.00, real=0.00 secs] 
140.927: Total time for which application threads were stopped: 0.0005330 seconds, Stopping threads took: 0.0000590 seconds
140.963: Application time: 0.0366520 seconds
140.963: [GC140.963: [ParNew: 16480K->1546K(18048K), 0.0006950 secs] 41741K->26806K(57984K), 0.0007230 secs] [Times: user=0.01 sys=0.00, real=0.00 secs] 
140.964: Total time for which application threads were stopped: 0.0008760 seconds, Stopping threads took: 0.0000830 seconds
141.004: Application time: 0.0396070 seconds
141.004: [GC141.004: [ParNew: 17594K->1586K(18048K), 0.0008100 secs] 42855K->27358K(57984K), 0.0008400 secs] [Times: user=0.01 sys=0.00, real=0.00 secs] 
141.005: Total time for which application threads were stopped: 0.0009700 seconds, Stopping threads took: 0.0000690 seconds
141.045: Application time: 0.0406450 seconds
141.045: [GC141.046: [ParNew: 17627K->1066K(18048K), 0.0005190 secs] 43400K->26910K(57984K), 0.0015800 secs] [Times: user=0.00 sys=0.00, real=0.00 secs] 
141.047: Total time for which application threads were stopped: 0.0017910 seconds, Stopping threads took: 0.0001480 seconds
141.086: Application time: 0.0385280 seconds
141.086: [GC141.086: [ParNew: 17028K->1546K(18048K), 0.0006660 secs] 42873K->27446K(57984K), 0.0006960 secs] [Times: user=0.00 sys=0.00, real=0.00 secs] 
141.086: Total time for which application threads were stopped: 0.0008150 seconds, Stopping threads took: 0.0000590 seconds
141.126: Application time: 0.0400560 seconds
141.127: [GC141.127: [ParNew: 17595K->1064K(18048K), 0.0004300 secs] 43495K->26964K(57984K), 0.0004570 secs] [Times: user=0.00 sys=0.00, real=0.00 secs] 
141.127: Total time for which application threads were stopped: 0.0005960 seconds, Stopping threads took: 0.0000820 seconds
141.167: Application time: 0.0402560 seconds
141.167: [GC141.167: [ParNew: 16679K->72K(18048K), 0.0002380 secs] 42580K->26045K(57984K), 0.0002620 secs] [Times: user=0.00 sys=0.00, real=0.00 secs] 
141.168: Total time for which application threads were stopped: 0.0003650 seconds, Stopping threads took: 0.0000520 seconds
141.202: Application time: 0.0342930 seconds
141.202: [GC141.202: [ParNew: 15732K->1692K(18048K), 0.0011350 secs] 41705K->29201K(57984K), 0.0011700 secs] [Times: user=0.01 sys=0.00, real=0.00 secs] 
141.203: Total time for which application threads were stopped: 0.0013060 seconds, Stopping threads took: 0.0000720 seconds
141.244: Application time: 0.0411330 seconds
141.245: [GC141.245: [ParNew: 17663K->1552K(18048K), 0.0010680 secs] 45172K->30261K(57984K), 0.0011000 secs] [Times: user=0.01 sys=0.00, real=0.01 secs] 
141.246: Total time for which application threads were stopped: 0.0012360 seconds, Stopping threads took: 0.0000720 seconds
141.287: Application time: 0.0415250 seconds
141.287: [GC141.287: [ParNew: 17520K->1548K(18048K), 0.0006850 secs] 46230K->30257K(57984K), 0.0007140 secs] [Times: user=0.00 sys=0.00, real=0.00 secs] 
141.288: Total time for which application threads were stopped: 0.0009100 seconds, Stopping threads took: 0.0001380 seconds
141.328: Application time: 0.0403220 seconds
141.329: [GC141.329: [ParNew: 17516K->1546K(18048K), 0.0006650 secs] 46226K->30255K(57984K), 0.0006930 secs] [Times: user=0.00 sys=0.00, real=0.00 secs] 
141.329: Total time for which application threads were stopped: 0.0008280 seconds, Stopping threads took: 0.0000770 seconds
141.368: Application time: 0.0382160 seconds
141.368: [GC141.368: [ParNew: 17504K->1548K(18048K), 0.0010370 secs] 46213K->31281K(57984K), 0.0010700 secs] [Times: user=0.00 sys=0.00, real=0.00 secs] 
141.369: Total time for which application threads were stopped: 0.0012100 seconds, Stopping threads took: 0.0000740 seconds
141.407: Application time: 0.0382380 seconds
141.407: [GC141.407: [ParNew: 17510K->1548K(18048K), 0.0012490 secs] 47243K->32817K(57984K), 0.0012920 secs] [Times: user=0.01 sys=0.00, real=0.00 secs] 
141.408: Total time for which application threads were stopped: 0.0014540 seconds, Stopping threads took: 0.0000950 seconds
141.449: Application time: 0.0405980 seconds
141.449: [GC141.449: [ParNew: 17521K->1548K(18048K), 0.0008550 secs] 48790K->33329K(57984K), 0.0008840 secs] [Times: user=0.01 sys=0.00, real=0.00 secs] 
141.450: Total time for which application threads were stopped: 0.0010220 seconds, Stopping threads took: 0.0000790 seconds
141.492: Application time: 0.0415360 seconds
141.492: [GC141.492: [ParNew: 17519K->1544K(18048K), 0.0006090 secs] 49300K->33325K(57984K), 0.0006380 secs] [Times: user=0.00 sys=0.00, real=0.00 secs] 
141.492: Total time for which application threads were stopped: 0.0007900 seconds, Stopping threads took: 0.0000830 seconds
141.532: Application time: 0.0395190 seconds
141.532: [GC141.532: [ParNew: 17512K->1036K(18048K), 0.0004790 secs] 49294K->32817K(57984K), 0.0005070 secs] [Times: user=0.00 sys=0.00, real=0.00 secs] 
141.533: Total time for which application threads were stopped: 0.0006420 seconds, Stopping threads took: 0.0000790 seconds
141.572: Application time: 0.0395280 seconds
141.572: [GC141.572: [ParNew: 17004K->1034K(18048K), 0.0004390 secs] 48786K->32815K(57984K), 0.0004660 secs] [Times: user=0.00 sys=0.00, real=0.00 secs] 
141.573: Total time for which application threads were stopped: 0.0005900 seconds, Stopping threads took: 0.0000660 seconds
141.609: Application time: 0.0361970 seconds
141.609: [GC141.609: [ParNew: 16988K->1550K(18048K), 0.0010120 secs] 48769K->34355K(57984K), 0.0010430 secs] [Times: user=0.01 sys=0.00, real=0.00 secs] 
141.610: Total time for which application threads were stopped: 0.0011780 seconds, Stopping threads took: 0.0000710 seconds
141.650: Application time: 0.0404220 seconds
141.651: [GC141.651: [ParNew: 17590K->1578K(18048K), 0.0009540 secs] 50396K->35407K(57984K), 0.0009840 secs] [Times: user=0.01 sys=0.00, real=0.00 secs] 
141.652: Total time for which application threads were stopped: 0.0011980 seconds, Stopping threads took: 0.0001500 seconds
141.692: Application time: 0.0401990 seconds
141.692: [GC141.692: [ParNew: 17625K->1578K(18048K), 0.0009920 secs] 51454K->36495K(57984K), 0.0010240 secs] [Times: user=0.00 sys=0.00, real=0.00 secs] 
141.693: Total time for which application threads were stopped: 0.0011550 seconds, Stopping threads took: 0.0000670 seconds
141.733: Application time: 0.0400830 seconds
141.733: [GC141.733: [ParNew: 17549K->1546K(18048K), 0.0007980 secs] 52466K->37031K(57984K), 0.0008290 secs] [Times: user=0.01 sys=0.00, real=0.00 secs] 
141.734: Total time for which application threads were stopped: 0.0009600 seconds, Stopping threads took: 0.0000650 seconds
141.774: Application time: 0.0401400 seconds
141.774: [GC141.774: [ParNew: 17517K->1546K(18048K), 0.0006540 secs] 53002K->37031K(57984K), 0.0006820 secs] [Times: user=0.00 sys=0.00, real=0.00 secs] 
141.775: Total time for which application threads were stopped: 0.0008090 seconds, Stopping threads took: 0.0000690 seconds
141.815: Application time: 0.0397660 seconds
141.815: [GC141.815: [ParNew: 17586K->1580K(18048K), 0.0007750 secs] 53072K->37577K(57984K), 0.0008050 secs] [Times: user=0.01 sys=0.00, real=0.00 secs] 
141.816: Total time for which application threads were stopped: 0.0009460 seconds, Stopping threads took: 0.0000800 seconds
141.853: Application time: 0.0373080 seconds
141.853: [GC141.853: [ParNew: 17265K->1636K(18048K), 0.0008120 secs] 53262K->38209K(57984K), 0.0008440 secs] [Times: user=0.00 sys=0.01, real=0.00 secs] 
141.854: Total time for which application threads were stopped: 0.0009880 seconds, Stopping threads took: 0.0000840 seconds
141.891: Application time: 0.0374290 seconds
141.892: [GC141.892: [ParNew: 17239K->1604K(18048K), 0.0010740 secs] 53812K->39337K(57984K), 0.0011070 secs] [Times: user=0.01 sys=0.00, real=0.00 secs] 
141.893: Total time for which application threads were stopped: 0.0012590 seconds, Stopping threads took: 0.0000870 seconds
141.933: Application time: 0.0405740 seconds
141.933: [GC141.933: [ParNew: 17570K->1546K(18048K), 0.0009730 secs] 55304K->40415K(57984K), 0.0010140 secs] [Times: user=0.00 sys=0.00, real=0.00 secs] 
141.934: Total time for which application threads were stopped: 0.0011630 seconds, Stopping threads took: 0.0000850 seconds
141.976: Application time: 0.0411340 seconds
141.976: [GC141.976: [ParNew: 17517K->1546K(18048K), 0.0008140 secs] 56386K->40927K(57984K), 0.0008440 secs] [Times: user=0.01 sys=0.00, real=0.00 secs] 
141.977: Total time for which application threads were stopped: 0.0009640 seconds, Stopping threads took: 0.0000570 seconds
142.015: Application time: 0.0379520 seconds
142.015: [GC142.015: [ParNew: 17512K->17512K(18048K), 0.0000090 secs]142.015: [Tenured: 39381K->9352K(39936K), 0.0052300 secs] 56894K->9352K(57984K), [Perm : 5179K->5179K(21248K)], 0.0052870 secs] [Times: user=0.00 sys=0.00, real=0.01 secs] 
142.020: Total time for which application threads were stopped: 0.0054540 seconds, Stopping threads took: 0.0000860 seconds
142.061: Application time: 0.0411440 seconds
142.061: [GC142.061: [ParNew: 15970K->1546K(18048K), 0.0006250 secs] 25323K->10898K(57984K), 0.0006540 secs] [Times: user=0.01 sys=0.00, real=0.00 secs] 
142.062: Total time for which application threads were stopped: 0.0008150 seconds, Stopping threads took: 0.0001030 seconds
142.101: Application time: 0.0393590 seconds
142.101: [GC142.101: [ParNew: 17500K->1548K(18048K), 0.0009110 secs] 26853K->11925K(57984K), 0.0009410 secs] [Times: user=0.00 sys=0.00, real=0.00 secs] 
142.102: Total time for which application threads were stopped: 0.0010770 seconds, Stopping threads took: 0.0000740 seconds
142.141: Application time: 0.0385180 seconds
142.141: [GC142.141: [ParNew: 17516K->1548K(18048K), 0.0009340 secs] 27893K->12949K(57984K), 0.0009660 secs] [Times: user=0.01 sys=0.00, real=0.00 secs] 
142.142: Total time for which application threads were stopped: 0.0011180 seconds, Stopping threads took: 0.0000880 seconds
142.183: Application time: 0.0405870 seconds
142.183: [GC142.183: [ParNew: 17519K->1548K(18048K), 0.0008760 secs] 28919K->13461K(57984K), 0.0009070 secs] [Times: user=0.00 sys=0.00, real=0.00 secs] 
142.184: Total time for which application threads were stopped: 0.0010530 seconds, Stopping threads took: 0.0000830 seconds
142.227: Application time: 0.0433540 seconds
142.227: [GC142.227: [ParNew: 17514K->1546K(18048K), 0.0005900 secs] 29427K->13459K(57984K), 0.0006190 secs] [Times: user=0.01 sys=0.00, real=0.00 secs] 
142.228: Total time for which application threads were stopped: 0.0007570 seconds, Stopping threads took: 0.0000770 seconds
142.267: Application time: 0.0392620 seconds
142.267: [GC142.267: [ParNew: 17512K->1546K(18048K), 0.0006150 secs] 29425K->13459K(57984K), 0.0006440 secs] [Times: user=0.01 sys=0.00, real=0.00 secs] 
142.268: Total time for which application threads were stopped: 0.0007730 seconds, Stopping threads took: 0.0000700 seconds
142.308: Application time: 0.0405820 seconds
142.308: [GC142.309: [ParNew: 17586K->1580K(18048K), 0.0008120 secs] 29499K->14005K(57984K), 0.0008430 secs] [Times: user=0.01 sys=0.00, real=0.00 secs] 
142.309: Total time for which application threads were stopped: 0.0009710 seconds, Stopping threads took: 0.0000630 seconds
142.351: Application time: 0.0419280 seconds
142.351: [GC142.351: [ParNew: 17633K->554K(18048K), 0.0003500 secs] 30058K->13043K(57984K), 0.0003750 secs] [Times: user=0.00 sys=0.00, real=0.00 secs] 
142.352: Total time for which application threads were stopped: 0.0004790 seconds, Stopping threads took: 0.0000500 seconds
142.388: Application time: 0.0364720 seconds
142.388: [GC142.388: [ParNew: 16500K->1580K(18048K), 0.0009670 secs] 28989K->15093K(57984K), 0.0010010 secs] [Times: user=0.01 sys=0.00, real=0.00 secs] 
142.389: Total time for which application threads were stopped: 0.0012030 seconds, Stopping threads took: 0.0001380 seconds
142.429: Application time: 0.0393960 seconds
142.429: [GC142.429: [ParNew: 17549K->1550K(18048K), 0.0010490 secs] 31062K->16143K(57984K), 0.0010820 secs] [Times: user=0.01 sys=0.00, real=0.00 secs] 
142.430: Total time for which application threads were stopped: 0.0012180 seconds, Stopping threads took: 0.0000620 seconds
142.470: Application time: 0.0401120 seconds
142.470: [GC142.470: [ParNew: 17521K->1548K(18048K), 0.0008200 secs] 32114K->16653K(57984K), 0.0008470 secs] [Times: user=0.00 sys=0.00, real=0.00 secs] 
142.471: Total time for which application threads were stopped: 0.0009820 seconds, Stopping threads took: 0.0000730 seconds
142.511: Application time: 0.0400000 seconds
142.511: [GC142.511: [ParNew: 17165K->582K(18048K), 0.0003860 secs] 32270K->15687K(57984K), 0.0004140 secs] [Times: user=0.01 sys=0.00, real=0.00 secs] 
142.512: Total time for which application threads were stopped: 0.0005370 seconds, Stopping threads took: 0.0000680 seconds
142.546: Application time: 0.0345770 seconds
142.546: [GC142.546: [ParNew: 16164K->1664K(18048K), 0.0013540 secs] 31269K->18817K(57984K), 0.0013880 secs] [Times: user=0.01 sys=0.00, real=0.00 secs] 
142.548: Total time for which application threads were stopped: 0.0015270 seconds, Stopping threads took: 0.0000650 seconds
142.588: Application time: 0.0399570 seconds
142.588: [GC142.588: [ParNew: 17279K->1604K(18048K), 0.0010800 secs] 34433K->19937K(57984K), 0.0011120 secs] [Times: user=0.01 sys=0.00, real=0.00 secs] 
142.589: Total time for which application threads were stopped: 0.0012400 seconds, Stopping threads took: 0.0000640 seconds
142.630: Application time: 0.0408700 seconds
142.630: [GC142.630: [ParNew: 17575K->1546K(18048K), 0.0007960 secs] 35908K->20495K(57984K), 0.0008270 secs] [Times: user=0.00 sys=0.00, real=0.00 secs] 
142.631: Total time for which application threads were stopped: 0.0009730 seconds, Stopping threads took: 0.0000840 seconds
142.671: Application time: 0.0402370 seconds
142.671: [GC142.671: [ParNew: 17517K->1546K(18048K), 0.0005840 secs] 36466K->20495K(57984K), 0.0006130 secs] [Times: user=0.01 sys=0.00, real=0.00 secs] 
142.672: Total time for which application threads were stopped: 0.0007420 seconds, Stopping threads took: 0.0000670 seconds
142.710: Application time: 0.0380460 seconds
142.710: [GC142.710: [ParNew: 17512K->1546K(18048K), 0.0006700 secs] 36462K->20495K(57984K), 0.0006980 secs] [Times: user=0.01 sys=0.00, real=0.00 secs] 
142.711: Total time for which application threads were stopped: 0.0008440 seconds, Stopping threads took: 0.0000880 seconds
142.750: Application time: 0.0395580 seconds
142.750: [GC142.750: [ParNew: 17508K->1546K(18048K), 0.0007550 secs] 36458K->21007K(57984K), 0.0007850 secs] [Times: user=0.01 sys=0.00, real=0.00 secs] 
142.751: Total time for which application threads were stopped: 0.0009280 seconds, Stopping threads took: 0.0000810 seconds
142.791: Application time: 0.0395600 seconds
142.791: [GC142.791: [ParNew: 17512K->1546K(18048K), 0.0007870 secs] 36974K->21519K(57984K), 0.0008160 secs] [Times: user=0.00 sys=0.00, real=0.00 secs] 
142.792: Total time for which application threads were stopped: 0.0009600 seconds, Stopping threads took: 0.0000840 seconds
142.830: Application time: 0.0386160 seconds
142.830: [GC142.831: [ParNew: 17512K->1548K(18048K), 0.0007650 secs] 37486K->22033K(57984K), 0.0007950 secs] [Times: user=0.01 sys=0.00, real=0.00 secs] 
142.831: Total time for which application threads were stopped: 0.0009580 seconds, Stopping threads took: 0.0001020 seconds
142.871: Application time: 0.0397870 seconds
142.871: [GC142.871: [ParNew: 17514K->1550K(18048K), 0.0006100 secs] 38000K->22035K(57984K), 0.0006370 secs] [Times: user=0.01 sys=0.00, real=0.00 secs] 
142.872: Total time for which application threads were stopped: 0.0007620 seconds, Stopping threads took: 0.0000660 seconds
142.911: Application time: 0.0390430 seconds
142.911: [GC142.911: [ParNew: 17514K->1546K(18048K), 0.0008260 secs] 38000K->22543K(57984K), 0.0008560 secs] [Times: user=0.01 sys=0.00, real=0.00 secs] 
142.912: Total time for which application threads were stopped: 0.0009850 seconds, Stopping threads took: 0.0000680 seconds
142.951: Application time: 0.0392930 seconds
142.951: [GC142.951: [ParNew: 17517K->1546K(18048K), 0.0005880 secs] 38514K->22543K(57984K), 0.0006240 secs] [Times: user=0.01 sys=0.00, real=0.00 secs] 
142.952: Total time for which application threads were stopped: 0.0007550 seconds, Stopping threads took: 0.0000710 seconds
142.990: Application time: 0.0384320 seconds
142.990: [GC142.991: [ParNew: 17152K->1608K(18048K), 0.0006390 secs] 38150K->22605K(57984K), 0.0006700 secs] [Times: user=0.01 sys=0.00, real=0.00 secs] 
142.991: Total time for which application threads were stopped: 0.0007900 seconds, Stopping threads took: 0.0000590 seconds
143.032: Application time: 0.0403550 seconds
143.033: [GC143.033: [ParNew: 17579K->520K(18048K), 0.0003480 secs] 38576K->21629K(57984K), 0.0003730 secs] [Times: user=0.00 sys=0.00, real=0.00 secs] 
143.034: Total time for which application threads were stopped: 0.0021480 seconds, Stopping threads took: 0.0017180 seconds
143.073: Application time: 0.0388550 seconds
143.073: [GC143.073: [ParNew: 16480K->1546K(18048K), 0.0006420 secs] 37590K->22655K(57984K), 0.0006750 secs] [Times: user=0.00 sys=0.00, real=0.00 secs] 
143.073: Total time for which application threads were stopped: 0.0009170 seconds, Stopping threads took: 0.0001680 seconds
143.113: Application time: 0.0396630 seconds
143.113: [GC143.113: [ParNew: 17512K->1546K(18048K), 0.0006080 secs] 38622K->22655K(57984K), 0.0006370 secs] [Times: user=0.00 sys=0.00, real=0.00 secs] 
143.114: Total time for which application threads were stopped: 0.0007590 seconds, Stopping threads took: 0.0000630 seconds
143.155: Application time: 0.0408650 seconds
143.155: [GC143.155: [ParNew: 17586K->1578K(18048K), 0.0008100 secs] 38696K->23199K(57984K), 0.0008410 secs] [Times: user=0.01 sys=0.00, real=0.00 secs] 
143.156: Total time for which application threads were stopped: 0.0009790 seconds, Stopping threads took: 0.0000710 seconds
143.193: Application time: 0.0375830 seconds
143.193: [GC143.193: [ParNew: 17181K->1608K(18048K), 0.0009500 secs] 38802K->24317K(57984K), 0.0009820 secs] [Times: user=0.01 sys=0.00, real=0.00 secs] 
143.194: Total time for which application threads were stopped: 0.0011030 seconds, Stopping threads took: 0.0000570 seconds
143.235: Application time: 0.0401960 seconds
143.235: [GC143.235: [ParNew: 17219K->1606K(18048K), 0.0008900 secs] 39928K->24919K(57984K), 0.0009210 secs] [Times: user=0.00 sys=0.00, real=0.00 secs] 
143.236: Total time for which application threads were stopped: 0.0010520 seconds, Stopping threads took: 0.0000680 seconds
143.276: Application time: 0.0407780 seconds
143.277: [GC143.277: [ParNew: 17655K->1576K(18048K), 0.0006320 secs] 40969K->24985K(57984K), 0.0006620 secs] [Times: user=0.00 sys=0.00, real=0.01 secs] 
143.277: Total time for which application threads were stopped: 0.0007850 seconds, Stopping threads took: 0.0000640 seconds
143.316: Application time: 0.0387310 seconds
143.316: [GC143.316: [ParNew: 17538K->1548K(18048K), 0.0007980 secs] 40948K->25533K(57984K), 0.0008270 secs] [Times: user=0.00 sys=0.00, real=0.00 secs] 
143.317: Total time for which application threads were stopped: 0.0009610 seconds, Stopping threads took: 0.0000720 seconds
143.356: Application time: 0.0390160 seconds
143.356: [GC143.356: [ParNew: 17514K->1548K(18048K), 0.0007490 secs] 41500K->26045K(57984K), 0.0007760 secs] [Times: user=0.01 sys=0.00, real=0.00 secs] 
143.357: Total time for which application threads were stopped: 0.0009110 seconds, Stopping threads took: 0.0000770 seconds
143.396: Application time: 0.0392910 seconds
143.396: [GC143.396: [ParNew: 17510K->1546K(18048K), 0.0010320 secs] 42008K->27067K(57984K), 0.0010630 secs] [Times: user=0.01 sys=0.00, real=0.01 secs] 
143.397: Total time for which application threads were stopped: 0.0011970 seconds, Stopping threads took: 0.0000690 seconds
143.438: Application time: 0.0405400 seconds
143.438: [GC143.438: [ParNew: 17517K->1546K(18048K), 0.0008150 secs] 43038K->27580K(57984K), 0.0008440 secs] [Times: user=0.01 sys=0.00, real=0.00 secs] 
143.439: Total time for which application threads were stopped: 0.0009970 seconds, Stopping threads took: 0.0000910 seconds
143.479: Application time: 0.0405830 seconds
143.480: [GC143.480: [ParNew: 17517K->1548K(18048K), 0.0006810 secs] 43550K->27582K(57984K), 0.0007170 secs] [Times: user=0.01 sys=0.00, real=0.00 secs] 
143.480: Total time for which application threads were stopped: 0.0008410 seconds, Stopping threads took: 0.0000650 seconds
143.521: Application time: 0.0406770 seconds
143.521: [GC143.521: [ParNew: 17519K->1034K(18048K), 0.0004590 secs] 43552K->27067K(57984K), 0.0004890 secs] [Times: user=0.01 sys=0.00, real=0.00 secs] 
143.522: Total time for which application threads were stopped: 0.0006120 seconds, Stopping threads took: 0.0000640 seconds
143.562: Application time: 0.0404480 seconds
143.562: [GC143.562: [ParNew: 16996K->1546K(18048K), 0.0006490 secs] 43030K->27580K(57984K), 0.0006780 secs] [Times: user=0.00 sys=0.00, real=0.00 secs] 
143.563: Total time for which application threads were stopped: 0.0008200 seconds, Stopping threads took: 0.0000810 seconds
143.603: Application time: 0.0402770 seconds
143.603: [GC143.603: [ParNew: 17516K->1034K(18048K), 0.0004730 secs] 43550K->27067K(57984K), 0.0005000 secs] [Times: user=0.00 sys=0.00, real=0.00 secs] 
143.604: Total time for which application threads were stopped: 0.0006460 seconds, Stopping threads took: 0.0000810 seconds
143.644: Application time: 0.0397260 seconds
143.644: [GC143.644: [ParNew: 17074K->1578K(18048K), 0.0006010 secs] 43108K->27612K(57984K), 0.0006320 secs] [Times: user=0.00 sys=0.00, real=0.00 secs] 
143.644: Total time for which application threads were stopped: 0.0007610 seconds, Stopping threads took: 0.0000710 seconds
143.682: Application time: 0.0381380 seconds
143.683: [GC143.683: [ParNew: 17623K->1576K(18048K), 0.0006620 secs] 43656K->27674K(57984K), 0.0006930 secs] [Times: user=0.01 sys=0.00, real=0.00 secs] 
143.683: Total time for which application threads were stopped: 0.0008100 seconds, Stopping threads took: 0.0000560 seconds
143.724: Application time: 0.0405240 seconds
143.724: [GC143.724: [ParNew: 17547K->1034K(18048K), 0.0004450 secs] 43644K->27196K(57984K), 0.0004730 secs] [Times: user=0.00 sys=0.00, real=0.00 secs] 
143.724: Total time for which application threads were stopped: 0.0005970 seconds, Stopping threads took: 0.0000640 seconds
143.765: Application time: 0.0405850 seconds
143.765: [GC143.765: [ParNew: 17000K->1034K(18048K), 0.0004640 secs] 43162K->27196K(57984K), 0.0004910 secs] [Times: user=0.00 sys=0.00, real=0.01 secs] 
143.766: Total time for which application threads were stopped: 0.0006120 seconds, Stopping threads took: 0.0000660 seconds
143.802: Application time: 0.0363280 seconds
143.802: [GC143.802: [ParNew: 16980K->1550K(18048K), 0.0013610 secs] 43142K->29760K(57984K), 0.0013960 secs] [Times: user=0.01 sys=0.00, real=0.00 secs] 
143.803: Total time for which application threads were stopped: 0.0015550 seconds, Stopping threads took: 0.0000910 seconds
143.843: Application time: 0.0393100 seconds
143.843: [GC143.843: [ParNew: 17165K->1608K(18048K), 0.0094400 secs] 45375K->30842K(57984K), 0.0094740 secs] [Times: user=0.07 sys=0.00, real=0.01 secs] 
143.852: Total time for which application threads were stopped: 0.0095970 seconds, Stopping threads took: 0.0000590 seconds
143.893: Application time: 0.0409040 seconds
143.894: [GC143.894: [ParNew: 17657K->1578K(18048K), 0.0008050 secs] 46891K->31420K(57984K), 0.0008370 secs] [Times: user=0.00 sys=0.00, real=0.00 secs] 
143.894: Total time for which application threads were stopped: 0.0011030 seconds, Stopping threads took: 0.0002050 seconds
143.933: Application time: 0.0387160 seconds
143.933: [GC143.933: [ParNew: 17267K->1634K(18048K), 0.0006370 secs] 47109K->31540K(57984K), 0.0006670 secs] [Times: user=0.00 sys=0.00, real=0.00 secs] 
143.934: Total time for which application threads were stopped: 0.0008170 seconds, Stopping threads took: 0.0000910 seconds
143.975: Application time: 0.0411150 seconds
143.975: [GC143.975: [ParNew: 17605K->1034K(18048K), 0.0004690 secs] 47511K->31076K(57984K), 0.0004960 secs] [Times: user=0.00 sys=0.00, real=0.00 secs] 
143.976: Total time for which application threads were stopped: 0.0006350 seconds, Stopping threads took: 0.0000710 seconds
144.014: Application time: 0.0383990 seconds
144.014: [GC144.014: [ParNew: 16992K->1548K(18048K), 0.0006100 secs] 47034K->31590K(57984K), 0.0006360 secs] [Times: user=0.01 sys=0.00, real=0.00 secs] 
144.015: Total time for which application threads were stopped: 0.0008100 seconds, Stopping threads took: 0.0001150 seconds
144.055: Application time: 0.0403670 seconds
144.055: [GC144.055: [ParNew: 17516K->1546K(18048K), 0.0006110 secs] 47559K->31588K(57984K), 0.0006400 secs] [Times: user=0.00 sys=0.00, real=0.00 secs] 
144.056: Total time for which application threads were stopped: 0.0007840 seconds, Stopping threads took: 0.0000820 seconds
144.095: Application time: 0.0393120 seconds
144.096: [GC144.096: [ParNew: 17512K->1546K(18048K), 0.0006730 secs] 47555K->31588K(57984K), 0.0007000 secs] [Times: user=0.00 sys=0.00, real=0.00 secs] 
144.096: Total time for which application threads were stopped: 0.0009390 seconds, Stopping threads took: 0.0001810 seconds
144.136: Application time: 0.0392350 seconds
144.136: [GC144.136: [ParNew: 17508K->1546K(18048K), 0.0007730 secs] 47550K->32100K(57984K), 0.0008060 secs] [Times: user=0.00 sys=0.00, real=0.00 secs] 
144.136: Total time for which application threads were stopped: 0.0009640 seconds, Stopping threads took: 0.0000870 seconds
144.177: Application time: 0.0407580 seconds
144.177: [GC144.177: [ParNew: 17514K->1548K(18048K), 0.0006930 secs] 48069K->32102K(57984K), 0.0007210 secs] [Times: user=0.00 sys=0.00, real=0.00 secs] 
144.178: Total time for which application threads were stopped: 0.0008460 seconds, Stopping threads took: 0.0000660 seconds
144.218: Application time: 0.0396380 seconds
144.218: [GC144.218: [ParNew: 17514K->1546K(18048K), 0.0006840 secs] 48069K->32100K(57984K), 0.0007160 secs] [Times: user=0.00 sys=0.00, real=0.00 secs] 
144.219: Total time for which application threads were stopped: 0.0008640 seconds, Stopping threads took: 0.0000860 seconds
144.257: Application time: 0.0385090 seconds
144.257: [GC144.257: [ParNew: 17512K->1544K(18048K), 0.0006770 secs] 48067K->32098K(57984K), 0.0007050 secs] [Times: user=0.00 sys=0.00, real=0.00 secs] 
144.258: Total time for which application threads were stopped: 0.0008240 seconds, Stopping threads took: 0.0000580 seconds
144.299: Application time: 0.0406410 seconds
144.299: [GC144.299: [ParNew: 17588K->1578K(18048K), 0.0006570 secs] 48143K->32132K(57984K), 0.0006860 secs] [Times: user=0.00 sys=0.00, real=0.00 secs] 
144.299: Total time for which application threads were stopped: 0.0008110 seconds, Stopping threads took: 0.0000660 seconds
144.336: Application time: 0.0368460 seconds
144.336: [GC144.336: [ParNew: 17610K->1580K(18048K), 0.0011790 secs] 48165K->33742K(57984K), 0.0012130 secs] [Times: user=0.01 sys=0.00, real=0.01 secs] 
144.338: Total time for which application threads were stopped: 0.0013540 seconds, Stopping threads took: 0.0000730 seconds
144.381: Application time: 0.0432830 seconds
144.381: [GC144.381: [ParNew: 17557K->1036K(18048K), 0.0006180 secs] 49719K->33270K(57984K), 0.0006450 secs] [Times: user=0.00 sys=0.00, real=0.00 secs] 
144.382: Total time for which application threads were stopped: 0.0007630 seconds, Stopping threads took: 0.0000620 seconds
144.420: Application time: 0.0382110 seconds
144.420: [GC144.420: [ParNew: 16998K->1546K(18048K), 0.0006900 secs] 49233K->33780K(57984K), 0.0007180 secs] [Times: user=0.01 sys=0.00, real=0.00 secs] 
144.421: Total time for which application threads were stopped: 0.0008390 seconds, Stopping threads took: 0.0000650 seconds
144.461: Application time: 0.0400940 seconds
144.461: [GC144.461: [ParNew: 17516K->1034K(18048K), 0.0004810 secs] 49751K->33268K(57984K), 0.0005100 secs] [Times: user=0.00 sys=0.00, real=0.00 secs] 
144.461: Total time for which application threads were stopped: 0.0006410 seconds, Stopping threads took: 0.0000720 seconds
144.501: Application time: 0.0390880 seconds
144.501: [GC144.501: [ParNew: 17078K->1064K(18048K), 0.0004750 secs] 49313K->33298K(57984K), 0.0005100 secs] [Times: user=0.00 sys=0.00, real=0.00 secs] 
144.501: Total time for which application threads were stopped: 0.0006470 seconds, Stopping threads took: 0.0000720 seconds
144.540: Application time: 0.0385620 seconds
144.540: [GC144.540: [ParNew: 17100K->1580K(18048K), 0.0007820 secs] 49335K->34390K(57984K), 0.0008130 secs] [Times: user=0.01 sys=0.00, real=0.00 secs] 
144.541: Total time for which application threads were stopped: 0.0009490 seconds, Stopping threads took: 0.0000720 seconds
144.580: Application time: 0.0392550 seconds
144.580: [GC144.580: [ParNew: 17620K->1580K(18048K), 0.0009930 secs] 50431K->35478K(57984K), 0.0010250 secs] [Times: user=0.01 sys=0.00, real=0.00 secs] 
144.581: Total time for which application threads were stopped: 0.0011590 seconds, Stopping threads took: 0.0000680 seconds
144.619: Application time: 0.0380990 seconds
144.619: [GC144.619: [ParNew: 17269K->1636K(18048K), 0.0008130 secs] 51168K->36094K(57984K), 0.0008420 secs] [Times: user=0.00 sys=0.00, real=0.00 secs] 
144.620: Total time for which application threads were stopped: 0.0009820 seconds, Stopping threads took: 0.0000790 seconds
144.661: Application time: 0.0407070 seconds
144.661: [GC144.661: [ParNew: 17607K->1546K(18048K), 0.0007210 secs] 52065K->36132K(57984K), 0.0007510 secs] [Times: user=0.00 sys=0.00, real=0.00 secs] 
144.662: Total time for which application threads were stopped: 0.0009060 seconds, Stopping threads took: 0.0000860 seconds
144.702: Application time: 0.0403860 seconds
144.702: [GC144.702: [ParNew: 17516K->1036K(18048K), 0.0005530 secs] 52103K->35622K(57984K), 0.0005800 secs] [Times: user=0.01 sys=0.00, real=0.00 secs] 
144.703: Total time for which application threads were stopped: 0.0007160 seconds, Stopping threads took: 0.0000790 seconds
144.741: Application time: 0.0381680 seconds
144.741: [GC144.741: [ParNew: 16994K->1546K(18048K), 0.0008680 secs] 51581K->36644K(57984K), 0.0008990 secs] [Times: user=0.00 sys=0.00, real=0.00 secs] 
144.742: Total time for which application threads were stopped: 0.0010520 seconds, Stopping threads took: 0.0000930 seconds
144.780: Application time: 0.0381960 seconds
144.780: [GC144.780: [ParNew: 17504K->1546K(18048K), 0.0011490 secs] 52603K->38180K(57984K), 0.0011830 secs] [Times: user=0.00 sys=0.00, real=0.00 secs] 
144.782: Total time for which application threads were stopped: 0.0013290 seconds, Stopping threads took: 0.0000790 seconds
144.823: Application time: 0.0411150 seconds
144.823: [GC144.823: [ParNew: 17519K->1546K(18048K), 0.0006410 secs] 54153K->38180K(57984K), 0.0006690 secs] [Times: user=0.01 sys=0.00, real=0.00 secs] 
144.824: Total time for which application threads were stopped: 0.0008840 seconds, Stopping threads took: 0.0001560 seconds
144.864: Application time: 0.0404210 seconds
144.864: [GC144.864: [ParNew: 17514K->1548K(18048K), 0.0006310 secs] 54149K->38182K(57984K), 0.0006600 secs] [Times: user=0.01 sys=0.00, real=0.00 secs] 
144.865: Total time for which application threads were stopped: 0.0007970 seconds, Stopping threads took: 0.0000770 seconds
144.905: Application time: 0.0400700 seconds
144.905: [GC144.905: [ParNew: 17519K->1034K(18048K), 0.0004730 secs] 54153K->37668K(57984K), 0.0005010 secs] [Times: user=0.00 sys=0.00, real=0.01 secs] 
144.906: Total time for which application threads were stopped: 0.0006170 seconds, Stopping threads took: 0.0000590 seconds
144.946: Application time: 0.0409030 seconds
144.947: [GC144.947: [ParNew: 17004K->522K(18048K), 0.0003340 secs] 53639K->37156K(57984K), 0.0003600 secs] [Times: user=0.00 sys=0.00, real=0.00 secs] 
144.947: Total time for which application threads were stopped: 0.0004740 seconds, Stopping threads took: 0.0000590 seconds
144.983: Application time: 0.0358360 seconds
144.983: [GC144.983: [ParNew: 16550K->1578K(18048K), 0.0009630 secs] 53184K->39236K(57984K), 0.0009930 secs] [Times: user=0.00 sys=0.00, real=0.00 secs] 
144.984: Total time for which application threads were stopped: 0.0011280 seconds, Stopping threads took: 0.0000710 seconds
145.024: Application time: 0.0400300 seconds
145.024: [GC145.024: [ParNew: 17618K->1578K(18048K), 0.0012380 secs] 55277K->40844K(57984K), 0.0012810 secs] [Times: user=0.01 sys=0.00, real=0.01 secs] 
145.025: Total time for which application threads were stopped: 0.0014230 seconds, Stopping threads took: 0.0000750 seconds
145.065: Application time: 0.0398950 seconds
145.065: [GC145.065: [ParNew: 17551K->17551K(18048K), 0.0000100 secs]145.065: [Tenured: 39266K->9526K(39936K), 0.0053170 secs] 56817K->9526K(57984K), [Perm : 5179K->5179K(21248K)], 0.0053730 secs] [Times: user=0.01 sys=0.00, real=0.00 secs] 
145.071: Total time for which application threads were stopped: 0.0055130 seconds, Stopping threads took: 0.0000720 seconds
145.110: Application time: 0.0390450 seconds
145.110: [GC145.110: [ParNew: 15966K->1544K(18048K), 0.0008120 secs] 25492K->11582K(57984K), 0.0008420 secs] [Times: user=0.00 sys=0.00, real=0.00 secs] 
145.111: Total time for which application threads were stopped: 0.0009620 seconds, Stopping threads took: 0.0000580 seconds
145.151: Application time: 0.0397970 seconds
145.151: [GC145.151: [ParNew: 17514K->1548K(18048K), 0.0006410 secs] 27553K->11586K(57984K), 0.0006740 secs] [Times: user=0.01 sys=0.00, real=0.00 secs] 
145.151: Total time for which application threads were stopped: 0.0008240 seconds, Stopping threads took: 0.0000890 seconds
145.190: Application time: 0.0389230 seconds
145.190: [GC145.190: [ParNew: 17155K->1608K(18048K), 0.0006210 secs] 27193K->11646K(57984K), 0.0006500 secs] [Times: user=0.00 sys=0.00, real=0.00 secs] 
145.191: Total time for which application threads were stopped: 0.0007840 seconds, Stopping threads took: 0.0000680 seconds
145.229: Application time: 0.0382770 seconds
145.230: [GC145.230: [ParNew: 17649K->1576K(18048K), 0.0007700 secs] 27687K->12238K(57984K), 0.0008010 secs] [Times: user=0.00 sys=0.00, real=0.00 secs] 
145.230: Total time for which application threads were stopped: 0.0009210 seconds, Stopping threads took: 0.0000590 seconds
145.269: Application time: 0.0390270 seconds
145.270: [GC145.270: [ParNew: 17616K->1578K(18048K), 0.0009400 secs] 28279K->13320K(57984K), 0.0009730 secs] [Times: user=0.00 sys=0.00, real=0.00 secs] 
145.271: Total time for which application threads were stopped: 0.0011240 seconds, Stopping threads took: 0.0000850 seconds
145.308: Application time: 0.0379000 seconds
145.309: [GC145.309: [ParNew: 17193K->1606K(18048K), 0.0006860 secs] 28935K->13420K(57984K), 0.0007150 secs] [Times: user=0.01 sys=0.00, real=0.00 secs] 
145.309: Total time for which application threads were stopped: 0.0008820 seconds, Stopping threads took: 0.0001060 seconds
145.349: Application time: 0.0401940 seconds
145.350: [GC145.350: [ParNew: 17577K->1032K(18048K), 0.0004830 secs] 29391K->12958K(57984K), 0.0005090 secs] [Times: user=0.00 sys=0.00, real=0.00 secs] 
145.350: Total time for which application threads were stopped: 0.0006210 seconds, Stopping threads took: 0.0000560 seconds
145.391: Application time: 0.0407100 seconds
145.393: [GC145.393: [ParNew: 16998K->1034K(18048K), 0.0004760 secs] 28925K->12960K(57984K), 0.0005000 secs] [Times: user=0.00 sys=0.00, real=0.00 secs] 
145.394: Total time for which application threads were stopped: 0.0029700 seconds, Stopping threads took: 0.0024140 seconds
145.433: Application time: 0.0390790 seconds
145.433: [GC145.433: [ParNew: 17000K->1036K(18048K), 0.0004380 secs] 28927K->12962K(57984K), 0.0004660 secs] [Times: user=0.00 sys=0.00, real=0.00 secs] 
145.433: Total time for which application threads were stopped: 0.0005850 seconds, Stopping threads took: 0.0000600 seconds
145.474: Application time: 0.0408770 seconds
145.474: [GC145.474: [ParNew: 17006K->522K(18048K), 0.0003060 secs] 28933K->12448K(57984K), 0.0003330 secs] [Times: user=0.00 sys=0.00, real=0.00 secs] 
145.475: Total time for which application threads were stopped: 0.0004570 seconds, Stopping threads took: 0.0000700 seconds
145.514: Application time: 0.0392060 seconds
145.514: [GC145.514: [ParNew: 16492K->6K(18048K), 0.0002800 secs] 28419K->11932K(57984K), 0.0003140 secs] [Times: user=0.00 sys=0.00, real=0.00 secs] 
145.514: Total time for which application threads were stopped: 0.0004260 seconds, Stopping threads took: 0.0000610 seconds
145.549: Application time: 0.0347230 seconds
145.549: [GC145.549: [ParNew: 15943K->1552K(18048K), 0.0013370 secs] 27869K->15526K(57984K), 0.0013730 secs] [Times: user=0.01 sys=0.00, real=0.00 secs] 
145.551: Total time for which application threads were stopped: 0.0015080 seconds, Stopping threads took: 0.0000680 seconds
145.593: Application time: 0.0423290 seconds
145.593: [GC145.593: [ParNew: 17518K->1550K(18048K), 0.0013830 secs] 31493K->17572K(57984K), 0.0014190 secs] [Times: user=0.01 sys=0.00, real=0.00 secs] 
145.595: Total time for which application threads were stopped: 0.0015680 seconds, Stopping threads took: 0.0000800 seconds
145.635: Application time: 0.0400310 seconds
145.635: [GC145.635: [ParNew: 17601K->1578K(18048K), 0.0010030 secs] 33623K->18624K(57984K), 0.0010350 secs] [Times: user=0.00 sys=0.00, real=0.00 secs] 
145.636: Total time for which application threads were stopped: 0.0011640 seconds, Stopping threads took: 0.0000650 seconds
145.677: Application time: 0.0409210 seconds
145.677: [GC145.677: [ParNew: 17623K->1580K(18048K), 0.0009700 secs] 34669K->19714K(57984K), 0.0010010 secs] [Times: user=0.01 sys=0.00, real=0.01 secs] 
145.678: Total time for which application threads were stopped: 0.0011420 seconds, Stopping threads took: 0.0000780 seconds
145.717: Application time: 0.0395950 seconds
145.718: [GC145.718: [ParNew: 17546K->1550K(18048K), 0.0009480 secs] 35681K->20772K(57984K), 0.0009790 secs] [Times: user=0.00 sys=0.00, real=0.00 secs] 
145.719: Total time for which application threads were stopped: 0.0011200 seconds, Stopping threads took: 0.0000710 seconds
145.758: Application time: 0.0396670 seconds
145.758: [GC145.758: [ParNew: 17521K->1550K(18048K), 0.0007760 secs] 36743K->21284K(57984K), 0.0008050 secs] [Times: user=0.01 sys=0.00, real=0.00 secs] 
145.759: Total time for which application threads were stopped: 0.0009320 seconds, Stopping threads took: 0.0000640 seconds
145.799: Application time: 0.0402950 seconds
145.800: [GC145.800: [ParNew: 17523K->1032K(18048K), 0.0004780 secs] 37257K->20766K(57984K), 0.0005060 secs] [Times: user=0.00 sys=0.00, real=0.00 secs] 
145.800: Total time for which application threads were stopped: 0.0006150 seconds, Stopping threads took: 0.0000520 seconds
145.840: Application time: 0.0401410 seconds
145.840: [GC145.840: [ParNew: 17076K->1066K(18048K), 0.0004460 secs] 36811K->20800K(57984K), 0.0004720 secs] [Times: user=0.01 sys=0.00, real=0.00 secs] 
145.841: Total time for which application threads were stopped: 0.0006110 seconds, Stopping threads took: 0.0000840 seconds
145.877: Application time: 0.0362330 seconds
145.877: [GC145.877: [ParNew: 17094K->1580K(18048K), 0.0011450 secs] 36829K->22914K(57984K), 0.0011780 secs] [Times: user=0.00 sys=0.00, real=0.00 secs] 
145.878: Total time for which application threads were stopped: 0.0013270 seconds, Stopping threads took: 0.0000760 seconds
145.918: Application time: 0.0399760 seconds
145.918: [GC145.918: [ParNew: 17625K->1578K(18048K), 0.0012050 secs] 38959K->24512K(57984K), 0.0012380 secs] [Times: user=0.01 sys=0.00, real=0.00 secs] 
145.920: Total time for which application threads were stopped: 0.0013800 seconds, Stopping threads took: 0.0000750 seconds
145.959: Application time: 0.0390320 seconds
145.959: [GC145.959: [ParNew: 17193K->1606K(18048K), 0.0008570 secs] 40128K->25117K(57984K), 0.0008880 secs] [Times: user=0.01 sys=0.00, real=0.00 secs] 
145.960: Total time for which application threads were stopped: 0.0010230 seconds, Stopping threads took: 0.0000730 seconds
146.000: Application time: 0.0401720 seconds
146.000: [GC146.000: [ParNew: 17655K->1576K(18048K), 0.0007050 secs] 41166K->25183K(57984K), 0.0007340 secs] [Times: user=0.01 sys=0.00, real=0.00 secs] 
146.001: Total time for which application threads were stopped: 0.0008500 seconds, Stopping threads took: 0.0000580 seconds
146.040: Application time: 0.0393370 seconds
146.040: [GC146.040: [ParNew: 17538K->1548K(18048K), 0.0007660 secs] 41145K->25731K(57984K), 0.0008040 secs] [Times: user=0.01 sys=0.00, real=0.00 secs] 
146.041: Total time for which application threads were stopped: 0.0009260 seconds, Stopping threads took: 0.0000580 seconds
146.079: Application time: 0.0383180 seconds
146.080: [GC146.080: [ParNew: 17510K->1548K(18048K), 0.0009970 secs] 41693K->26755K(57984K), 0.0010320 secs] [Times: user=0.01 sys=0.00, real=0.00 secs] 
146.081: Total time for which application threads were stopped: 0.0011700 seconds, Stopping threads took: 0.0000730 seconds
146.122: Application time: 0.0414060 seconds
146.122: [GC146.122: [ParNew: 17519K->1548K(18048K), 0.0007930 secs] 42725K->27267K(57984K), 0.0008220 secs] [Times: user=0.01 sys=0.00, real=0.00 secs] 
146.123: Total time for which application threads were stopped: 0.0009570 seconds, Stopping threads took: 0.0000730 seconds
146.162: Application time: 0.0386180 seconds
146.162: [GC146.162: [ParNew: 17514K->1546K(18048K), 0.0007740 secs] 43233K->27777K(57984K), 0.0008040 secs] [Times: user=0.01 sys=0.00, real=0.00 secs] 
146.163: Total time for which application threads were stopped: 0.0009730 seconds, Stopping threads took: 0.0001070 seconds
146.203: Application time: 0.0401240 seconds
146.203: [GC146.203: [ParNew: 17512K->1548K(18048K), 0.0007860 secs] 43743K->28291K(57984K), 0.0008150 secs] [Times: user=0.01 sys=0.00, real=0.00 secs] 
146.204: Total time for which application threads were stopped: 0.0009480 seconds, Stopping threads took: 0.0000720 seconds
146.242: Application time: 0.0385390 seconds
146.242: [GC146.242: [ParNew: 17514K->1546K(18048K), 0.0007580 secs] 44257K->28801K(57984K), 0.0007890 secs] [Times: user=0.01 sys=0.00, real=0.00 secs] 
146.243: Total time for which application threads were stopped: 0.0010120 seconds, Stopping threads took: 0.0001540 seconds
146.284: Application time: 0.0412130 seconds
146.285: [GC146.285: [ParNew: 17595K->1578K(18048K), 0.0006260 secs] 44850K->28833K(57984K), 0.0006540 secs] [Times: user=0.00 sys=0.00, real=0.01 secs] 
146.285: Total time for which application threads were stopped: 0.0007900 seconds, Stopping threads took: 0.0000690 seconds
146.324: Application time: 0.0387990 seconds
146.324: [GC146.324: [ParNew: 17619K->1578K(18048K), 0.0007900 secs] 44874K->29409K(57984K), 0.0008190 secs] [Times: user=0.00 sys=0.00, real=0.00 secs] 
146.325: Total time for which application threads were stopped: 0.0009570 seconds, Stopping threads took: 0.0000770 seconds
146.364: Application time: 0.0388910 seconds
146.364: [GC146.364: [ParNew: 17544K->1548K(18048K), 0.0007780 secs] 45375K->29963K(57984K), 0.0008080 secs] [Times: user=0.01 sys=0.00, real=0.00 secs] 
146.365: Total time for which application threads were stopped: 0.0009430 seconds, Stopping threads took: 0.0000730 seconds
146.404: Application time: 0.0389760 seconds
146.404: [GC146.404: [ParNew: 17510K->1550K(18048K), 0.0009530 secs] 45925K->30989K(57984K), 0.0009850 secs] [Times: user=0.01 sys=0.00, real=0.00 secs] 
146.405: Total time for which application threads were stopped: 0.0011240 seconds, Stopping threads took: 0.0000750 seconds
146.445: Application time: 0.0399190 seconds
146.445: [GC146.445: [ParNew: 17521K->1548K(18048K), 0.0008320 secs] 46960K->31499K(57984K), 0.0008630 secs] [Times: user=0.00 sys=0.00, real=0.01 secs] 
146.446: Total time for which application threads were stopped: 0.0009960 seconds, Stopping threads took: 0.0000720 seconds
146.486: Application time: 0.0402720 seconds
146.486: [GC146.486: [ParNew: 17519K->1546K(18048K), 0.0007570 secs] 47470K->31497K(57984K), 0.0007840 secs] [Times: user=0.01 sys=0.00, real=0.00 secs] 
146.487: Total time for which application threads were stopped: 0.0009230 seconds, Stopping threads took: 0.0000810 seconds
146.527: Application time: 0.0402500 seconds
146.527: [GC146.527: [ParNew: 17603K->1072K(18048K), 0.0005630 secs] 47554K->31023K(57984K), 0.0005900 secs] [Times: user=0.00 sys=0.00, real=0.00 secs] 
146.528: Total time for which application threads were stopped: 0.0007440 seconds, Stopping threads took: 0.0000890 seconds
146.568: Application time: 0.0400270 seconds
146.568: [GC146.568: [ParNew: 17109K->1064K(18048K), 0.0005430 secs] 47060K->31087K(57984K), 0.0005690 secs] [Times: user=0.01 sys=0.00, real=0.00 secs] 
146.569: Total time for which application threads were stopped: 0.0007750 seconds, Stopping threads took: 0.0001500 seconds
146.609: Application time: 0.0404810 seconds
146.609: [GC146.609: [ParNew: 17113K->552K(18048K), 0.0003850 secs] 47136K->30639K(57984K), 0.0004090 secs] [Times: user=0.00 sys=0.00, real=0.00 secs] 
146.610: Total time for which application threads were stopped: 0.0005440 seconds, Stopping threads took: 0.0000810 seconds
146.645: Application time: 0.0354890 seconds
146.645: [GC146.645: [ParNew: 16142K->1636K(18048K), 0.0010020 secs] 46229K->32747K(57984K), 0.0010340 secs] [Times: user=0.00 sys=0.00, real=0.00 secs] 
146.646: Total time for which application threads were stopped: 0.0011570 seconds, Stopping threads took: 0.0000590 seconds
146.687: Application time: 0.0400370 seconds
146.687: [GC146.687: [ParNew: 17683K->1578K(18048K), 0.0008660 secs] 48794K->33329K(57984K), 0.0008990 secs] [Times: user=0.01 sys=0.00, real=0.00 secs] 
146.688: Total time for which application threads were stopped: 0.0010970 seconds, Stopping threads took: 0.0001360 seconds
146.728: Application time: 0.0401090 seconds
146.728: [GC146.728: [ParNew: 17544K->1548K(18048K), 0.0008300 secs] 49296K->33891K(57984K), 0.0008590 secs] [Times: user=0.01 sys=0.00, real=0.00 secs] 
146.729: Total time for which application threads were stopped: 0.0009880 seconds, Stopping threads took: 0.0000670 seconds
146.768: Application time: 0.0392880 seconds
146.768: [GC146.768: [ParNew: 17514K->1548K(18048K), 0.0006390 secs] 49858K->33891K(57984K), 0.0006670 secs] [Times: user=0.01 sys=0.00, real=0.00 secs] 
146.769: Total time for which application threads were stopped: 0.0008200 seconds, Stopping threads took: 0.0000840 seconds
146.808: Application time: 0.0396460 seconds
146.809: [GC146.809: [ParNew: 17512K->1548K(18048K), 0.0006360 secs] 49856K->33891K(57984K), 0.0006650 secs] [Times: user=0.00 sys=0.00, real=0.00 secs] 
146.809: Total time for which application threads were stopped: 0.0007950 seconds, Stopping threads took: 0.0000730 seconds
146.848: Application time: 0.0387790 seconds
146.848: [GC146.848: [ParNew: 17516K->1548K(18048K), 0.0006060 secs] 49860K->33891K(57984K), 0.0006340 secs] [Times: user=0.01 sys=0.00, real=0.00 secs] 
146.849: Total time for which application threads were stopped: 0.0007640 seconds, Stopping threads took: 0.0000710 seconds
146.889: Application time: 0.0398190 seconds
146.889: [GC146.889: [ParNew: 17514K->1546K(18048K), 0.0006400 secs] 49858K->33889K(57984K), 0.0006680 secs] [Times: user=0.00 sys=0.00, real=0.00 secs] 
146.889: Total time for which application threads were stopped: 0.0007910 seconds, Stopping threads took: 0.0000640 seconds
146.930: Application time: 0.0406490 seconds
146.930: [GC146.930: [ParNew: 17584K->1578K(18048K), 0.0007970 secs] 49928K->34433K(57984K), 0.0008280 secs] [Times: user=0.01 sys=0.00, real=0.00 secs] 
146.931: Total time for which application threads were stopped: 0.0009700 seconds, Stopping threads took: 0.0000800 seconds
146.971: Application time: 0.0400260 seconds
146.971: [GC146.971: [ParNew: 17627K->1576K(18048K), 0.0006170 secs] 50482K->34503K(57984K), 0.0006460 secs] [Times: user=0.00 sys=0.00, real=0.00 secs] 
146.972: Total time for which application threads were stopped: 0.0007840 seconds, Stopping threads took: 0.0000800 seconds
147.012: Application time: 0.0405700 seconds
147.013: [GC147.013: [ParNew: 17547K->1034K(18048K), 0.0004530 secs] 50474K->34025K(57984K), 0.0004790 secs] [Times: user=0.00 sys=0.00, real=0.00 secs] 
147.013: Total time for which application threads were stopped: 0.0005990 seconds, Stopping threads took: 0.0000660 seconds
147.052: Application time: 0.0388090 seconds
147.052: [GC147.052: [ParNew: 17000K->1034K(18048K), 0.0004510 secs] 49992K->34025K(57984K), 0.0004890 secs] [Times: user=0.01 sys=0.00, real=0.00 secs] 
147.053: Total time for which application threads were stopped: 0.0006750 seconds, Stopping threads took: 0.0001270 seconds
147.093: Application time: 0.0405200 seconds
147.093: [GC147.093: [ParNew: 16996K->1546K(18048K), 0.0026220 secs] 49988K->34537K(57984K), 0.0026590 secs] [Times: user=0.01 sys=0.01, real=0.00 secs] 
147.096: Total time for which application threads were stopped: 0.0027830 seconds, Stopping threads took: 0.0000600 seconds
147.135: Application time: 0.0387400 seconds
147.135: [GC147.135: [ParNew: 17508K->1548K(18048K), 0.0008020 secs] 50500K->35051K(57984K), 0.0008320 secs] [Times: user=0.01 sys=0.00, real=0.00 secs] 
147.136: Total time for which application threads were stopped: 0.0009710 seconds, Stopping threads took: 0.0000760 seconds
147.175: Application time: 0.0396970 seconds
147.175: [GC147.175: [ParNew: 17514K->1546K(18048K), 0.0006490 secs] 51018K->35049K(57984K), 0.0006770 secs] [Times: user=0.00 sys=0.00, real=0.00 secs] 
147.176: Total time for which application threads were stopped: 0.0008110 seconds, Stopping threads took: 0.0000740 seconds
147.217: Application time: 0.0409760 seconds
147.217: [GC147.217: [ParNew: 17159K->1096K(18048K), 0.0004600 secs] 50663K->34599K(57984K), 0.0004870 secs] [Times: user=0.00 sys=0.00, real=0.01 secs] 
147.218: Total time for which application threads were stopped: 0.0005990 seconds, Stopping threads took: 0.0000590 seconds
147.258: Application time: 0.0399880 seconds
147.258: [GC147.258: [ParNew: 17141K->1066K(18048K), 0.0005130 secs] 50644K->34665K(57984K), 0.0005400 secs] [Times: user=0.01 sys=0.00, real=0.00 secs] 
147.258: Total time for which application threads were stopped: 0.0006650 seconds, Stopping threads took: 0.0000690 seconds
147.298: Application time: 0.0393690 seconds
147.298: [GC147.298: [ParNew: 17107K->1068K(18048K), 0.0005140 secs] 50706K->34731K(57984K), 0.0005410 secs] [Times: user=0.00 sys=0.00, real=0.00 secs] 
147.298: Total time for which application threads were stopped: 0.0007650 seconds, Stopping threads took: 0.0001570 seconds
147.338: Application time: 0.0393060 seconds
147.338: [GC147.338: [ParNew: 16677K->1094K(18048K), 0.0005020 secs] 50340K->34821K(57984K), 0.0005300 secs] [Times: user=0.00 sys=0.00, real=0.00 secs] 
147.338: Total time for which application threads were stopped: 0.0006450 seconds, Stopping threads took: 0.0000580 seconds
147.377: Application time: 0.0390190 seconds
147.378: [GC147.378: [ParNew: 17060K->1034K(18048K), 0.0004580 secs] 50788K->34865K(57984K), 0.0004860 secs] [Times: user=0.00 sys=0.00, real=0.00 secs] 
147.378: Total time for which application threads were stopped: 0.0006090 seconds, Stopping threads took: 0.0000680 seconds
147.417: Application time: 0.0387620 seconds
147.417: [GC147.417: [ParNew: 16996K->1546K(18048K), 0.0006110 secs] 50828K->35377K(57984K), 0.0006400 secs] [Times: user=0.00 sys=0.00, real=0.01 secs] 
147.418: Total time for which application threads were stopped: 0.0007630 seconds, Stopping threads took: 0.0000610 seconds
147.457: Application time: 0.0398350 seconds
147.457: [GC147.458: [ParNew: 17508K->1546K(18048K), 0.0008450 secs] 51340K->35889K(57984K), 0.0008790 secs] [Times: user=0.00 sys=0.00, real=0.00 secs] 
147.458: Total time for which application threads were stopped: 0.0010040 seconds, Stopping threads took: 0.0000630 seconds
147.500: Application time: 0.0414070 seconds
147.500: [GC147.500: [ParNew: 17521K->518K(18048K), 0.0003590 secs] 51864K->34861K(57984K), 0.0003830 secs] [Times: user=0.00 sys=0.00, real=0.00 secs] 
147.500: Total time for which application threads were stopped: 0.0004900 seconds, Stopping threads took: 0.0000540 seconds
147.539: Application time: 0.0387760 seconds
147.539: [GC147.539: [ParNew: 16480K->1036K(18048K), 0.0004480 secs] 50824K->35379K(57984K), 0.0004740 secs] [Times: user=0.00 sys=0.00, real=0.00 secs] 
147.540: Total time for which application threads were stopped: 0.0006470 seconds, Stopping threads took: 0.0001160 seconds
147.578: Application time: 0.0385590 seconds
147.578: [GC147.578: [ParNew: 17072K->1578K(18048K), 0.0008620 secs] 51416K->36433K(57984K), 0.0009020 secs] [Times: user=0.01 sys=0.00, real=0.00 secs] 
147.579: Total time for which application threads were stopped: 0.0010350 seconds, Stopping threads took: 0.0000690 seconds
147.620: Application time: 0.0407960 seconds
147.620: [GC147.620: [ParNew: 17549K->1546K(18048K), 0.0006300 secs] 52404K->36457K(57984K), 0.0006590 secs] [Times: user=0.00 sys=0.00, real=0.00 secs] 
147.621: Total time for which application threads were stopped: 0.0007770 seconds, Stopping threads took: 0.0000570 seconds
147.660: Application time: 0.0388440 seconds
147.660: [GC147.660: [ParNew: 17595K->1064K(18048K), 0.0005060 secs] 52506K->35975K(57984K), 0.0005310 secs] [Times: user=0.00 sys=0.00, real=0.00 secs] 
147.660: Total time for which application threads were stopped: 0.0006460 seconds, Stopping threads took: 0.0000570 seconds
147.701: Application time: 0.0405600 seconds
147.701: [GC147.701: [ParNew: 17035K->522K(18048K), 0.0003190 secs] 51946K->35505K(57984K), 0.0003450 secs] [Times: user=0.01 sys=0.00, real=0.00 secs] 
147.701: Total time for which application threads were stopped: 0.0004610 seconds, Stopping threads took: 0.0000610 seconds
147.740: Application time: 0.0385170 seconds
147.740: [GC147.740: [ParNew: 16484K->1034K(18048K), 0.0004410 secs] 51468K->36017K(57984K), 0.0004680 secs] [Times: user=0.01 sys=0.00, real=0.00 secs] 
147.741: Total time for which application threads were stopped: 0.0005900 seconds, Stopping threads took: 0.0000650 seconds
147.777: Application time: 0.0369670 seconds
147.778: [GC147.778: [ParNew: 16988K->1548K(18048K), 0.0009780 secs] 51972K->37555K(57984K), 0.0010090 secs] [Times: user=0.01 sys=0.00, real=0.00 secs] 
147.779: Total time for which application threads were stopped: 0.0011350 seconds, Stopping threads took: 0.0000590 seconds
147.819: Application time: 0.0408440 seconds
147.820: [GC147.820: [ParNew: 17519K->1548K(18048K), 0.0007680 secs] 53526K->38067K(57984K), 0.0007980 secs] [Times: user=0.00 sys=0.00, real=0.00 secs] 
147.820: Total time for which application threads were stopped: 0.0009670 seconds, Stopping threads took: 0.0000960 seconds
147.861: Application time: 0.0407760 seconds
147.861: [GC147.861: [ParNew: 17597K->1580K(18048K), 0.0006020 secs] 54116K->38100K(57984K), 0.0006300 secs] [Times: user=0.00 sys=0.00, real=0.00 secs] 
147.862: Total time for which application threads were stopped: 0.0007510 seconds, Stopping threads took: 0.0000630 seconds
147.902: Application time: 0.0400600 seconds
147.902: [GC147.902: [ParNew: 17620K->1576K(18048K), 0.0008260 secs] 54140K->38664K(57984K), 0.0008580 secs] [Times: user=0.01 sys=0.00, real=0.00 secs] 
147.903: Total time for which application threads were stopped: 0.0009990 seconds, Stopping threads took: 0.0000770 seconds
147.944: Application time: 0.0414510 seconds
147.945: [GC147.945: [ParNew: 17625K->1580K(18048K), 0.0006390 secs] 54713K->38732K(57984K), 0.0006680 secs] [Times: user=0.00 sys=0.00, real=0.01 secs] 
147.945: Total time for which application threads were stopped: 0.0007950 seconds, Stopping threads took: 0.0000670 seconds
147.986: Application time: 0.0407890 seconds
147.986: [GC147.986: [ParNew: 17629K->1064K(18048K), 0.0005820 secs] 54781K->38272K(57984K), 0.0006090 secs] [Times: user=0.00 sys=0.00, real=0.00 secs] 
147.987: Total time for which application threads were stopped: 0.0007220 seconds, Stopping threads took: 0.0000540 seconds
148.025: Application time: 0.0380690 seconds
148.025: [GC148.025: [ParNew: 17112K->1586K(18048K), 0.0006610 secs] 54320K->38850K(57984K), 0.0006880 secs] [Times: user=0.00 sys=0.00, real=0.01 secs] 
148.026: Total time for which application threads were stopped: 0.0008200 seconds, Stopping threads took: 0.0000730 seconds
148.065: Application time: 0.0397780 seconds
148.066: [GC148.066: [ParNew: 17619K->1580K(18048K), 0.0008260 secs] 54883K->39428K(57984K), 0.0008570 secs] [Times: user=0.01 sys=0.00, real=0.00 secs] 
148.066: Total time for which application threads were stopped: 0.0009850 seconds, Stopping threads took: 0.0000660 seconds
148.106: Application time: 0.0400010 seconds
148.107: [GC148.107: [ParNew: 17551K->1546K(18048K), 0.0005980 secs] 55399K->39450K(57984K), 0.0006340 secs] [Times: user=0.01 sys=0.00, real=0.00 secs] 
148.107: Total time for which application threads were stopped: 0.0007590 seconds, Stopping threads took: 0.0000660 seconds
148.146: Application time: 0.0387830 seconds
148.146: [GC148.146: [ParNew: 17504K->1550K(18048K), 0.0009650 secs] 55408K->40478K(57984K), 0.0009980 secs] [Times: user=0.00 sys=0.00, real=0.00 secs] 
148.147: Total time for which application threads were stopped: 0.0011230 seconds, Stopping threads took: 0.0000600 seconds
148.188: Application time: 0.0405450 seconds
148.188: [GC148.188: [ParNew: 17521K->1550K(18048K), 0.0007930 secs] 56449K->40990K(57984K), 0.0008220 secs] [Times: user=0.00 sys=0.00, real=0.00 secs] 
148.189: Total time for which application threads were stopped: 0.0009510 seconds, Stopping threads took: 0.0000700 seconds
148.229: Application time: 0.0401740 seconds
148.229: [GC148.229: [ParNew: 17599K->1580K(18048K), 0.0006290 secs] 57039K->41020K(57984K), 0.0006570 secs] [Times: user=0.00 sys=0.00, real=0.00 secs] 
148.230: Total time for which application threads were stopped: 0.0007890 seconds, Stopping threads took: 0.0000720 seconds
148.270: Application time: 0.0406660 seconds
148.270: [GC148.270: [ParNew: 17546K->1548K(18048K), 0.0007050 secs] 56987K->41052K(57984K), 0.0007350 secs] [Times: user=0.00 sys=0.00, real=0.00 secs] 
148.271: Total time for which application threads were stopped: 0.0008590 seconds, Stopping threads took: 0.0000650 seconds
148.310: Application time: 0.0389390 seconds
148.310: [GC148.310: [ParNew: 17589K->1578K(18048K), 0.0008150 secs]148.311: [Tenured: 40016K->7560K(40452K), 0.0054200 secs] 57093K->7560K(58500K), [Perm : 5179K->5179K(21248K)], 0.0063150 secs] [Times: user=0.01 sys=0.00, real=0.00 secs] 
148.317: Total time for which application threads were stopped: 0.0064630 seconds, Stopping threads took: 0.0000790 seconds
148.356: Application time: 0.0396770 seconds
148.356: [GC148.356: [ParNew: 15966K->1546K(18048K), 0.0007560 secs] 23527K->9618K(57984K), 0.0007840 secs] [Times: user=0.01 sys=0.00, real=0.00 secs] 
148.357: Total time for which application threads were stopped: 0.0009250 seconds, Stopping threads took: 0.0000710 seconds
148.398: Application time: 0.0410840 seconds
148.398: [GC148.398: [ParNew: 17514K->1544K(18048K), 0.0005960 secs] 25587K->9616K(57984K), 0.0006240 secs] [Times: user=0.01 sys=0.00, real=0.00 secs] 
148.399: Total time for which application threads were stopped: 0.0007590 seconds, Stopping threads took: 0.0000760 seconds
148.440: Application time: 0.0410200 seconds
148.440: [GC148.440: [ParNew: 17506K->1546K(18048K), 0.0007790 secs] 25579K->10130K(57984K), 0.0008120 secs] [Times: user=0.01 sys=0.00, real=0.00 secs] 
148.441: Total time for which application threads were stopped: 0.0009460 seconds, Stopping threads took: 0.0000710 seconds
148.481: Application time: 0.0401110 seconds
148.481: [GC148.481: [ParNew: 17512K->1546K(18048K), 0.0007590 secs] 26097K->10642K(57984K), 0.0007980 secs] [Times: user=0.00 sys=0.00, real=0.00 secs] 
148.482: Total time for which application threads were stopped: 0.0009270 seconds, Stopping threads took: 0.0000660 seconds
148.523: Application time: 0.0413860 seconds
148.523: [GC148.524: [ParNew: 17519K->1034K(18048K), 0.0005460 secs] 26615K->10130K(57984K), 0.0005720 secs] [Times: user=0.00 sys=0.00, real=0.00 secs] 
148.524: Total time for which application threads were stopped: 0.0007080 seconds, Stopping threads took: 0.0000800 seconds
148.563: Application time: 0.0387290 seconds
148.563: [GC148.563: [ParNew: 16645K->582K(18048K), 0.0003410 secs] 25741K->9678K(57984K), 0.0003680 secs] [Times: user=0.00 sys=0.00, real=0.00 secs] 
148.563: Total time for which application threads were stopped: 0.0005660 seconds, Stopping threads took: 0.0001420 seconds
148.601: Application time: 0.0375710 seconds
148.601: [GC148.601: [ParNew: 16610K->1636K(18048K), 0.0009770 secs] 25707K->11757K(57984K), 0.0010180 secs] [Times: user=0.01 sys=0.00, real=0.00 secs] 
148.602: Total time for which application threads were stopped: 0.0011520 seconds, Stopping threads took: 0.0000700 seconds
148.643: Application time: 0.0407510 seconds
148.643: [GC148.643: [ParNew: 17607K->1550K(18048K), 0.0007930 secs] 27727K->12302K(57984K), 0.0008220 secs] [Times: user=0.01 sys=0.00, real=0.00 secs] 
148.644: Total time for which application threads were stopped: 0.0009590 seconds, Stopping threads took: 0.0000750 seconds
148.683: Application time: 0.0393540 seconds
148.683: [GC148.683: [ParNew: 17161K->1608K(18048K), 0.0006120 secs] 27914K->12361K(57984K), 0.0006410 secs] [Times: user=0.00 sys=0.00, real=0.00 secs] 
148.684: Total time for which application threads were stopped: 0.0007670 seconds, Stopping threads took: 0.0000670 seconds
148.724: Application time: 0.0399190 seconds
148.724: [GC148.724: [ParNew: 17649K->1580K(18048K), 0.0008120 secs] 28402K->12953K(57984K), 0.0008430 secs] [Times: user=0.01 sys=0.00, real=0.00 secs] 
148.725: Total time for which application threads were stopped: 0.0010060 seconds, Stopping threads took: 0.0001000 seconds
148.764: Application time: 0.0395700 seconds
148.765: [GC148.765: [ParNew: 17551K->1546K(18048K), 0.0006890 secs] 28923K->12991K(57984K), 0.0007210 secs] [Times: user=0.01 sys=0.00, real=0.01 secs] 
148.765: Total time for which application threads were stopped: 0.0008960 seconds, Stopping threads took: 0.0001160 seconds
148.805: Application time: 0.0398640 seconds
148.809: [GC148.809: [ParNew: 17508K->1546K(18048K), 0.0006720 secs] 28953K->12991K(57984K), 0.0007040 secs] [Times: user=0.00 sys=0.00, real=0.00 secs] 
148.810: Total time for which application threads were stopped: 0.0047970 seconds, Stopping threads took: 0.0040330 seconds
148.850: Application time: 0.0401400 seconds
148.850: [GC148.850: [ParNew: 17510K->1548K(18048K), 0.0007910 secs] 28955K->13505K(57984K), 0.0008250 secs] [Times: user=0.01 sys=0.00, real=0.00 secs] 
148.851: Total time for which application threads were stopped: 0.0009490 seconds, Stopping threads took: 0.0000590 seconds
148.890: Application time: 0.0384860 seconds
148.890: [GC148.890: [ParNew: 17588K->1580K(18048K), 0.0009680 secs] 29545K->14561K(57984K), 0.0009990 secs] [Times: user=0.00 sys=0.00, real=0.00 secs] 
148.891: Total time for which application threads were stopped: 0.0011350 seconds, Stopping threads took: 0.0000670 seconds
148.932: Application time: 0.0415500 seconds
148.933: [GC148.933: [ParNew: 17553K->1544K(18048K), 0.0006510 secs] 30534K->14597K(57984K), 0.0006770 secs] [Times: user=0.00 sys=0.00, real=0.00 secs] 
148.933: Total time for which application threads were stopped: 0.0009530 seconds, Stopping threads took: 0.0002180 seconds
148.973: Application time: 0.0395530 seconds
148.973: [GC148.973: [ParNew: 17506K->1546K(18048K), 0.0007800 secs] 30559K->15111K(57984K), 0.0008130 secs] [Times: user=0.00 sys=0.00, real=0.00 secs] 
148.974: Total time for which application threads were stopped: 0.0009390 seconds, Stopping threads took: 0.0000600 seconds
149.014: Application time: 0.0402780 seconds
149.014: [GC149.014: [ParNew: 17591K->1578K(18048K), 0.0007690 secs] 31156K->15655K(57984K), 0.0007990 secs] [Times: user=0.00 sys=0.00, real=0.00 secs] 
149.015: Total time for which application threads were stopped: 0.0009290 seconds, Stopping threads took: 0.0000670 seconds
149.054: Application time: 0.0392010 seconds
149.054: [GC149.054: [ParNew: 17549K->1548K(18048K), 0.0006350 secs] 31626K->15701K(57984K), 0.0006630 secs] [Times: user=0.01 sys=0.00, real=0.00 secs] 
149.055: Total time for which application threads were stopped: 0.0007820 seconds, Stopping threads took: 0.0000600 seconds
149.096: Application time: 0.0410000 seconds
149.096: [GC149.096: [ParNew: 17519K->1032K(18048K), 0.0004730 secs] 31672K->15185K(57984K), 0.0005010 secs] [Times: user=0.01 sys=0.00, real=0.00 secs] 
149.097: Total time for which application threads were stopped: 0.0006140 seconds, Stopping threads took: 0.0000570 seconds
149.134: Application time: 0.0371030 seconds
149.134: [GC149.134: [ParNew: 16990K->1546K(18048K), 0.0007590 secs] 31143K->16211K(57984K), 0.0008000 secs] [Times: user=0.00 sys=0.00, real=0.00 secs] 
149.135: Total time for which application threads were stopped: 0.0009350 seconds, Stopping threads took: 0.0000710 seconds
149.175: Application time: 0.0401990 seconds
149.175: [GC149.175: [ParNew: 17508K->1548K(18048K), 0.0010040 secs] 32173K->17237K(57984K), 0.0010360 secs] [Times: user=0.01 sys=0.00, real=0.00 secs] 
149.176: Total time for which application threads were stopped: 0.0011740 seconds, Stopping threads took: 0.0000740 seconds
149.216: Application time: 0.0402630 seconds
149.216: [GC149.216: [ParNew: 17593K->1578K(18048K), 0.0009470 secs] 33282K->18291K(57984K), 0.0009790 secs] [Times: user=0.01 sys=0.00, real=0.01 secs] 
149.217: Total time for which application threads were stopped: 0.0011040 seconds, Stopping threads took: 0.0000610 seconds
149.257: Application time: 0.0394460 seconds
149.257: [GC149.257: [ParNew: 17193K->1606K(18048K), 0.0006510 secs] 33906K->18391K(57984K), 0.0006790 secs] [Times: user=0.01 sys=0.00, real=0.01 secs] 
149.258: Total time for which application threads were stopped: 0.0008020 seconds, Stopping threads took: 0.0000670 seconds
149.299: Application time: 0.0409850 seconds
149.299: [GC149.299: [ParNew: 17572K->1544K(18048K), 0.0006040 secs] 34358K->18441K(57984K), 0.0006350 secs] [Times: user=0.00 sys=0.00, real=0.00 secs] 
149.299: Total time for which application threads were stopped: 0.0007520 seconds, Stopping threads took: 0.0000540 seconds
149.339: Application time: 0.0395770 seconds
149.339: [GC149.339: [ParNew: 17514K->1034K(18048K), 0.0005020 secs] 34412K->17931K(57984K), 0.0005290 secs] [Times: user=0.00 sys=0.00, real=0.00 secs] 
149.340: Total time for which application threads were stopped: 0.0006430 seconds, Stopping threads took: 0.0000580 seconds
149.378: Application time: 0.0383960 seconds
149.378: [GC149.378: [ParNew: 16641K->1092K(18048K), 0.0005480 secs] 33538K->17989K(57984K), 0.0005770 secs] [Times: user=0.00 sys=0.00, real=0.00 secs] 
149.379: Total time for which application threads were stopped: 0.0007950 seconds, Stopping threads took: 0.0001590 seconds
149.415: Application time: 0.0366940 seconds
149.416: [GC149.416: [ParNew: 17124K->1580K(18048K), 0.0009990 secs] 34021K->19605K(57984K), 0.0010310 secs] [Times: user=0.00 sys=0.00, real=0.00 secs] 
149.417: Total time for which application threads were stopped: 0.0011820 seconds, Stopping threads took: 0.0000770 seconds
149.457: Application time: 0.0403850 seconds
149.457: [GC149.457: [ParNew: 17542K->1548K(18048K), 0.0009900 secs] 35568K->20645K(57984K), 0.0010210 secs] [Times: user=0.00 sys=0.00, real=0.01 secs] 
149.458: Total time for which application threads were stopped: 0.0011840 seconds, Stopping threads took: 0.0000980 seconds
149.498: Application time: 0.0403000 seconds
149.499: [GC149.499: [ParNew: 17516K->1546K(18048K), 0.0009450 secs] 36614K->21667K(57984K), 0.0009750 secs] [Times: user=0.01 sys=0.00, real=0.00 secs] 
149.500: Total time for which application threads were stopped: 0.0011000 seconds, Stopping threads took: 0.0000630 seconds
149.540: Application time: 0.0408780 seconds
149.541: [GC149.541: [ParNew: 17517K->1546K(18048K), 0.0008700 secs] 37638K->22179K(57984K), 0.0008990 secs] [Times: user=0.00 sys=0.00, real=0.00 secs] 
149.541: Total time for which application threads were stopped: 0.0010190 seconds, Stopping threads took: 0.0000600 seconds
149.582: Application time: 0.0403400 seconds
149.582: [GC149.582: [ParNew: 17595K->1580K(18048K), 0.0006330 secs] 38228K->22213K(57984K), 0.0006620 secs] [Times: user=0.00 sys=0.00, real=0.00 secs] 
149.583: Total time for which application threads were stopped: 0.0007890 seconds, Stopping threads took: 0.0000690 seconds
149.621: Application time: 0.0385620 seconds
149.621: [GC149.621: [ParNew: 17546K->1548K(18048K), 0.0006560 secs] 38180K->22253K(57984K), 0.0006850 secs] [Times: user=0.00 sys=0.00, real=0.00 secs] 
149.622: Total time for which application threads were stopped: 0.0008470 seconds, Stopping threads took: 0.0000930 seconds
149.661: Application time: 0.0385290 seconds
149.661: [GC149.661: [ParNew: 17582K->1578K(18048K), 0.0012330 secs] 38288K->23819K(57984K), 0.0012670 secs] [Times: user=0.00 sys=0.00, real=0.00 secs] 
149.662: Total time for which application threads were stopped: 0.0013900 seconds, Stopping threads took: 0.0000580 seconds
149.702: Application time: 0.0401440 seconds
149.702: [GC149.702: [ParNew: 17549K->1548K(18048K), 0.0010490 secs] 39790K->24893K(57984K), 0.0010790 secs] [Times: user=0.00 sys=0.00, real=0.00 secs] 
149.703: Total time for which application threads were stopped: 0.0012150 seconds, Stopping threads took: 0.0000740 seconds
149.744: Application time: 0.0409470 seconds
149.744: [GC149.744: [ParNew: 17521K->1546K(18048K), 0.0006100 secs] 40866K->24891K(57984K), 0.0006370 secs] [Times: user=0.00 sys=0.00, real=0.00 secs] 
149.745: Total time for which application threads were stopped: 0.0007670 seconds, Stopping threads took: 0.0000690 seconds
149.785: Application time: 0.0402440 seconds
149.785: [GC149.785: [ParNew: 17516K->1034K(18048K), 0.0004750 secs] 40862K->24379K(57984K), 0.0005020 secs] [Times: user=0.00 sys=0.00, real=0.00 secs] 
149.786: Total time for which application threads were stopped: 0.0006250 seconds, Stopping threads took: 0.0000650 seconds
149.827: Application time: 0.0407840 seconds
149.827: [GC149.827: [ParNew: 17004K->522K(18048K), 0.0003250 secs] 40350K->23867K(57984K), 0.0003520 secs] [Times: user=0.00 sys=0.00, real=0.00 secs] 
149.827: Total time for which application threads were stopped: 0.0004850 seconds, Stopping threads took: 0.0000780 seconds
149.865: Application time: 0.0378400 seconds
149.865: [GC149.865: [ParNew: 16476K->1548K(18048K), 0.0007680 secs] 39821K->25405K(57984K), 0.0008000 secs] [Times: user=0.00 sys=0.01, real=0.01 secs] 
149.866: Total time for which application threads were stopped: 0.0009260 seconds, Stopping threads took: 0.0000610 seconds
149.905: Application time: 0.0386130 seconds
149.905: [GC149.905: [ParNew: 17582K->1580K(18048K), 0.0012800 secs] 41440K->27485K(57984K), 0.0013160 secs] [Times: user=0.01 sys=0.00, real=0.01 secs] 
149.906: Total time for which application threads were stopped: 0.0014480 seconds, Stopping threads took: 0.0000670 seconds
149.945: Application time: 0.0392920 seconds
149.945: [GC149.945: [ParNew: 17195K->1608K(18048K), 0.0009970 secs] 43101K->28602K(57984K), 0.0010270 secs] [Times: user=0.00 sys=0.00, real=0.00 secs] 
149.946: Total time for which application threads were stopped: 0.0011750 seconds, Stopping threads took: 0.0000750 seconds
149.987: Application time: 0.0400820 seconds
149.987: [GC149.987: [ParNew: 17579K->1550K(18048K), 0.0007900 secs] 44572K->29159K(57984K), 0.0008190 secs] [Times: user=0.01 sys=0.00, real=0.00 secs] 
149.988: Total time for which application threads were stopped: 0.0009510 seconds, Stopping threads took: 0.0000680 seconds
150.029: Application time: 0.0411530 seconds
150.029: [GC150.029: [ParNew: 17599K->1578K(18048K), 0.0006570 secs] 45209K->29188K(57984K), 0.0006860 secs] [Times: user=0.00 sys=0.00, real=0.00 secs] 
150.029: Total time for which application threads were stopped: 0.0008130 seconds, Stopping threads took: 0.0000660 seconds
150.068: Application time: 0.0386250 seconds
150.068: [GC150.068: [ParNew: 17635K->1076K(18048K), 0.0004990 secs] 45245K->28742K(57984K), 0.0005260 secs] [Times: user=0.00 sys=0.00, real=0.00 secs] 
150.069: Total time for which application threads were stopped: 0.0006600 seconds, Stopping threads took: 0.0000760 seconds
150.107: Application time: 0.0379300 seconds
150.107: [GC150.107: [ParNew: 17096K->1580K(18048K), 0.0011100 secs] 44762K->30838K(57984K), 0.0011410 secs] [Times: user=0.01 sys=0.00, real=0.00 secs] 
150.108: Total time for which application threads were stopped: 0.0013660 seconds, Stopping threads took: 0.0001620 seconds
150.148: Application time: 0.0400200 seconds
150.148: [GC150.148: [ParNew: 17546K->1548K(18048K), 0.0013050 secs] 46804K->32398K(57984K), 0.0013480 secs] [Times: user=0.01 sys=0.00, real=0.00 secs] 
150.150: Total time for which application threads were stopped: 0.0014900 seconds, Stopping threads took: 0.0000730 seconds
150.190: Application time: 0.0406200 seconds
150.190: [GC150.190: [ParNew: 17519K->1546K(18048K), 0.0010610 secs] 48369K->33420K(57984K), 0.0010920 secs] [Times: user=0.00 sys=0.00, real=0.00 secs] 
150.191: Total time for which application threads were stopped: 0.0012140 seconds, Stopping threads took: 0.0000570 seconds
150.232: Application time: 0.0400850 seconds
150.232: [GC150.232: [ParNew: 17595K->1580K(18048K), 0.0008350 secs] 49469K->33966K(57984K), 0.0008660 secs] [Times: user=0.01 sys=0.00, real=0.00 secs] 
150.232: Total time for which application threads were stopped: 0.0009850 seconds, Stopping threads took: 0.0000570 seconds
150.274: Application time: 0.0412190 seconds
150.274: [GC150.274: [ParNew: 17551K->1546K(18048K), 0.0006160 secs] 49937K->34004K(57984K), 0.0006450 secs] [Times: user=0.00 sys=0.00, real=0.00 secs] 
150.275: Total time for which application threads were stopped: 0.0007860 seconds, Stopping threads took: 0.0000790 seconds
150.314: Application time: 0.0392290 seconds
150.314: [GC150.314: [ParNew: 17591K->1580K(18048K), 0.0006070 secs] 50049K->34038K(57984K), 0.0006360 secs] [Times: user=0.01 sys=0.00, real=0.00 secs] 
150.315: Total time for which application threads were stopped: 0.0007690 seconds, Stopping threads took: 0.0000760 seconds
150.352: Application time: 0.0375550 seconds
150.352: [GC150.352: [ParNew: 17538K->1548K(18048K), 0.0010320 secs] 49996K->35086K(57984K), 0.0010670 secs] [Times: user=0.00 sys=0.00, real=0.00 secs] 
150.353: Total time for which application threads were stopped: 0.0012020 seconds, Stopping threads took: 0.0000710 seconds
150.393: Application time: 0.0396150 seconds
150.393: [GC150.393: [ParNew: 17510K->1548K(18048K), 0.0012240 secs] 51048K->36622K(57984K), 0.0012580 secs] [Times: user=0.01 sys=0.00, real=0.00 secs] 
150.394: Total time for which application threads were stopped: 0.0013980 seconds, Stopping threads took: 0.0000740 seconds
150.433: Application time: 0.0391870 seconds
150.434: [GC150.434: [ParNew: 17519K->1548K(18048K), 0.0010120 secs] 52593K->37646K(57984K), 0.0010420 secs] [Times: user=0.01 sys=0.00, real=0.00 secs] 
150.435: Total time for which application threads were stopped: 0.0011790 seconds, Stopping threads took: 0.0000730 seconds
150.474: Application time: 0.0397030 seconds
150.474: [GC150.474: [ParNew: 17519K->1546K(18048K), 0.0007760 secs] 53617K->38156K(57984K), 0.0008040 secs] [Times: user=0.01 sys=0.00, real=0.00 secs] 
150.475: Total time for which application threads were stopped: 0.0009380 seconds, Stopping threads took: 0.0000630 seconds
150.516: Application time: 0.0405570 seconds
150.516: [GC150.516: [ParNew: 17508K->1548K(18048K), 0.0009840 secs] 54118K->39182K(57984K), 0.0010140 secs] [Times: user=0.01 sys=0.00, real=0.00 secs] 
150.517: Total time for which application threads were stopped: 0.0011480 seconds, Stopping threads took: 0.0000710 seconds
150.558: Application time: 0.0412200 seconds
150.558: [GC150.558: [ParNew: 17523K->1036K(18048K), 0.0004760 secs] 55157K->38670K(57984K), 0.0005020 secs] [Times: user=0.00 sys=0.00, real=0.00 secs] 
150.559: Total time for which application threads were stopped: 0.0006630 seconds, Stopping threads took: 0.0001030 seconds
150.594: Application time: 0.0352420 seconds
150.594: [GC150.594: [ParNew: 16626K->1608K(18048K), 0.0011780 secs] 54260K->40778K(57984K), 0.0012120 secs] [Times: user=0.01 sys=0.00, real=0.00 secs] 
150.595: Total time for which application threads were stopped: 0.0013400 seconds, Stopping threads took: 0.0000630 seconds
150.635: Application time: 0.0392820 seconds
150.635: [GC150.635: [ParNew: 17657K->17657K(18048K), 0.0000100 secs]150.635: [Tenured: 39170K->8245K(39936K), 0.0054140 secs] 56827K->8245K(57984K), [Perm : 5179K->5179K(21248K)], 0.0054700 secs] [Times: user=0.00 sys=0.00, real=0.01 secs] 
150.640: Total time for which application threads were stopped: 0.0056260 seconds, Stopping threads took: 0.0000750 seconds
150.681: Application time: 0.0405490 seconds
150.681: [GC150.681: [ParNew: 15970K->1548K(18048K), 0.0008480 secs] 24215K->10305K(57984K), 0.0008780 secs] [Times: user=0.00 sys=0.01, real=0.00 secs] 
150.682: Total time for which application threads were stopped: 0.0010280 seconds, Stopping threads took: 0.0000860 seconds
150.722: Application time: 0.0403050 seconds
150.722: [GC150.722: [ParNew: 17592K->1578K(18048K), 0.0008270 secs] 26350K->10847K(57984K), 0.0008600 secs] [Times: user=0.01 sys=0.00, real=0.00 secs] 
150.723: Total time for which application threads were stopped: 0.0009960 seconds, Stopping threads took: 0.0000740 seconds
150.763: Application time: 0.0396050 seconds
150.763: [GC150.763: [ParNew: 17193K->1096K(18048K), 0.0004480 secs] 26462K->10421K(57984K), 0.0004770 secs] [Times: user=0.00 sys=0.00, real=0.00 secs] 
150.763: Total time for which application threads were stopped: 0.0006070 seconds, Stopping threads took: 0.0000680 seconds
150.802: Application time: 0.0383000 seconds
150.802: [GC150.802: [ParNew: 17058K->1546K(18048K), 0.0006040 secs] 26383K->10967K(57984K), 0.0006320 secs] [Times: user=0.01 sys=0.00, real=0.00 secs] 
150.803: Total time for which application threads were stopped: 0.0007510 seconds, Stopping threads took: 0.0000590 seconds
150.842: Application time: 0.0393060 seconds
150.842: [GC150.842: [ParNew: 17508K->1546K(18048K), 0.0007790 secs] 26929K->11479K(57984K), 0.0008090 secs] [Times: user=0.01 sys=0.00, real=0.00 secs] 
150.843: Total time for which application threads were stopped: 0.0009390 seconds, Stopping threads took: 0.0000690 seconds
150.882: Application time: 0.0387200 seconds
150.882: [GC150.882: [ParNew: 17587K->1576K(18048K), 0.0010200 secs] 27520K->12533K(57984K), 0.0010510 secs] [Times: user=0.00 sys=0.00, real=0.00 secs] 
150.883: Total time for which application threads were stopped: 0.0011840 seconds, Stopping threads took: 0.0000700 seconds
150.923: Application time: 0.0400630 seconds
150.923: [GC150.923: [ParNew: 17542K->1548K(18048K), 0.0009730 secs] 28500K->13593K(57984K), 0.0010050 secs] [Times: user=0.01 sys=0.00, real=0.00 secs] 
150.924: Total time for which application threads were stopped: 0.0011450 seconds, Stopping threads took: 0.0000760 seconds
150.964: Application time: 0.0402360 seconds
150.964: [GC150.964: [ParNew: 17597K->1580K(18048K), 0.0008220 secs] 29642K->14137K(57984K), 0.0008520 secs] [Times: user=0.01 sys=0.00, real=0.00 secs] 
150.965: Total time for which application threads were stopped: 0.0009970 seconds, Stopping threads took: 0.0000840 seconds
151.005: Application time: 0.0396700 seconds
151.005: [GC151.005: [ParNew: 17551K->1546K(18048K), 0.0006910 secs] 30108K->14175K(57984K), 0.0007190 secs] [Times: user=0.00 sys=0.00, real=0.01 secs] 
151.006: Total time for which application threads were stopped: 0.0008660 seconds, Stopping threads took: 0.0000790 seconds
151.045: Application time: 0.0395040 seconds
151.045: [GC151.045: [ParNew: 17516K->1034K(18048K), 0.0004720 secs] 30146K->13663K(57984K), 0.0005000 secs] [Times: user=0.00 sys=0.00, real=0.00 secs] 
151.046: Total time for which application threads were stopped: 0.0006380 seconds, Stopping threads took: 0.0000810 seconds
151.086: Application time: 0.0399040 seconds
151.086: [GC151.086: [ParNew: 16996K->1546K(18048K), 0.0006350 secs] 29625K->14175K(57984K), 0.0006670 secs] [Times: user=0.01 sys=0.00, real=0.00 secs] 
151.087: Total time for which application threads were stopped: 0.0007820 seconds, Stopping threads took: 0.0000570 seconds
151.124: Application time: 0.0374710 seconds
151.124: [GC151.124: [ParNew: 17496K->1552K(18048K), 0.0013870 secs] 30125K->16229K(57984K), 0.0014220 secs] [Times: user=0.01 sys=0.00, real=0.01 secs] 
151.126: Total time for which application threads were stopped: 0.0016020 seconds, Stopping threads took: 0.0001120 seconds
151.167: Application time: 0.0411200 seconds
151.167: [GC151.167: [ParNew: 17523K->1550K(18048K), 0.0011940 secs] 32200K->17763K(57984K), 0.0012280 secs] [Times: user=0.01 sys=0.00, real=0.00 secs] 
151.168: Total time for which application threads were stopped: 0.0013620 seconds, Stopping threads took: 0.0000690 seconds
151.209: Application time: 0.0406810 seconds
151.209: [GC151.209: [ParNew: 17521K->1546K(18048K), 0.0009760 secs] 33734K->18783K(57984K), 0.0010080 secs] [Times: user=0.01 sys=0.00, real=0.00 secs] 
151.210: Total time for which application threads were stopped: 0.0011420 seconds, Stopping threads took: 0.0000710 seconds
151.250: Application time: 0.0400520 seconds
151.250: [GC151.250: [ParNew: 17517K->1546K(18048K), 0.0008750 secs] 34754K->19295K(57984K), 0.0009080 secs] [Times: user=0.00 sys=0.00, real=0.00 secs] 
151.251: Total time for which application threads were stopped: 0.0010290 seconds, Stopping threads took: 0.0000580 seconds
151.291: Application time: 0.0397400 seconds
151.291: [GC151.291: [ParNew: 17239K->1124K(18048K), 0.0004520 secs] 34988K->18873K(57984K), 0.0004770 secs] [Times: user=0.01 sys=0.00, real=0.00 secs] 
151.291: Total time for which application threads were stopped: 0.0005850 seconds, Stopping threads took: 0.0000540 seconds
151.330: Application time: 0.0389520 seconds
151.330: [GC151.330: [ParNew: 17090K->1034K(18048K), 0.0004590 secs] 34840K->18911K(57984K), 0.0004870 secs] [Times: user=0.00 sys=0.00, real=0.00 secs] 
151.331: Total time for which application threads were stopped: 0.0006120 seconds, Stopping threads took: 0.0000670 seconds
151.371: Application time: 0.0397660 seconds
151.371: [GC151.371: [ParNew: 17083K->554K(18048K), 0.0003600 secs] 34960K->18431K(57984K), 0.0003840 secs] [Times: user=0.00 sys=0.00, real=0.00 secs] 
151.371: Total time for which application threads were stopped: 0.0004970 seconds, Stopping threads took: 0.0000590 seconds
151.412: Application time: 0.0405590 seconds
151.412: [GC151.412: [ParNew: 16598K->582K(18048K), 0.0003430 secs] 34476K->18459K(57984K), 0.0003670 secs] [Times: user=0.01 sys=0.00, real=0.00 secs] 
151.412: Total time for which application threads were stopped: 0.0004780 seconds, Stopping threads took: 0.0000600 seconds
151.453: Application time: 0.0408770 seconds
151.453: [GC151.453: [ParNew: 16631K->98K(18048K), 0.0002850 secs] 34508K->17975K(57984K), 0.0003100 secs] [Times: user=0.00 sys=0.00, real=0.00 secs] 
151.454: Total time for which application threads were stopped: 0.0004830 seconds, Stopping threads took: 0.0001230 seconds
151.490: Application time: 0.0365980 seconds
151.490: [GC151.490: [ParNew: 16048K->1636K(18048K), 0.0007910 secs] 33925K->20025K(57984K), 0.0008220 secs] [Times: user=0.00 sys=0.00, real=0.00 secs] 
151.491: Total time for which application threads were stopped: 0.0009510 seconds, Stopping threads took: 0.0000660 seconds
151.531: Application time: 0.0400980 seconds
151.531: [GC151.531: [ParNew: 17607K->1548K(18048K), 0.0006540 secs] 35996K->20065K(57984K), 0.0006830 secs] [Times: user=0.00 sys=0.00, real=0.00 secs] 
151.532: Total time for which application threads were stopped: 0.0008220 seconds, Stopping threads took: 0.0000710 seconds
151.574: Application time: 0.0416450 seconds
151.574: [GC151.574: [ParNew: 17597K->1068K(18048K), 0.0004680 secs] 36114K->19585K(57984K), 0.0004950 secs] [Times: user=0.00 sys=0.00, real=0.00 secs] 
151.574: Total time for which application threads were stopped: 0.0006220 seconds, Stopping threads took: 0.0000700 seconds
151.614: Application time: 0.0394200 seconds
151.614: [GC151.614: [ParNew: 17034K->1032K(18048K), 0.0004750 secs] 35552K->19621K(57984K), 0.0005010 secs] [Times: user=0.00 sys=0.00, real=0.00 secs] 
151.614: Total time for which application threads were stopped: 0.0006190 seconds, Stopping threads took: 0.0000580 seconds
151.651: Application time: 0.0367840 seconds
151.651: [GC151.651: [ParNew: 17060K->1578K(18048K), 0.0011240 secs] 35650K->21703K(57984K), 0.0011580 secs] [Times: user=0.01 sys=0.00, real=0.00 secs] 
151.652: Total time for which application threads were stopped: 0.0012930 seconds, Stopping threads took: 0.0000690 seconds
151.692: Application time: 0.0400430 seconds
151.693: [GC151.693: [ParNew: 17549K->1548K(18048K), 0.0009920 secs] 37674K->22769K(57984K), 0.0010310 secs] [Times: user=0.01 sys=0.00, real=0.00 secs] 
151.694: Total time for which application threads were stopped: 0.0011660 seconds, Stopping threads took: 0.0000710 seconds
151.735: Application time: 0.0409930 seconds
151.735: [GC151.735: [ParNew: 17516K->1548K(18048K), 0.0008030 secs] 38738K->23281K(57984K), 0.0008330 secs] [Times: user=0.01 sys=0.00, real=0.00 secs] 
151.736: Total time for which application threads were stopped: 0.0010490 seconds, Stopping threads took: 0.0001550 seconds
151.776: Application time: 0.0402600 seconds
151.776: [GC151.776: [ParNew: 17514K->1548K(18048K), 0.0007810 secs] 39248K->23794K(57984K), 0.0008100 secs] [Times: user=0.00 sys=0.00, real=0.00 secs] 
151.777: Total time for which application threads were stopped: 0.0009440 seconds, Stopping threads took: 0.0000730 seconds
151.818: Application time: 0.0408820 seconds
151.818: [GC151.818: [ParNew: 17521K->1034K(18048K), 0.0004580 secs] 39766K->23279K(57984K), 0.0004850 secs] [Times: user=0.00 sys=0.00, real=0.00 secs] 
151.818: Total time for which application threads were stopped: 0.0006000 seconds, Stopping threads took: 0.0000590 seconds
151.856: Application time: 0.0376770 seconds
151.856: [GC151.856: [ParNew: 16988K->1550K(18048K), 0.0009500 secs] 39234K->24820K(57984K), 0.0009810 secs] [Times: user=0.00 sys=0.00, real=0.00 secs] 
151.857: Total time for which application threads were stopped: 0.0011280 seconds, Stopping threads took: 0.0000740 seconds
151.895: Application time: 0.0380220 seconds
151.895: [GC151.895: [ParNew: 17512K->1548K(18048K), 0.0011230 secs] 40782K->26354K(57984K), 0.0011570 secs] [Times: user=0.01 sys=0.00, real=0.00 secs] 
151.897: Total time for which application threads were stopped: 0.0013000 seconds, Stopping threads took: 0.0000790 seconds
151.936: Application time: 0.0396180 seconds
151.936: [GC151.936: [ParNew: 17163K->1608K(18048K), 0.0008130 secs] 41969K->26926K(57984K), 0.0008400 secs] [Times: user=0.01 sys=0.00, real=0.00 secs] 
151.937: Total time for which application threads were stopped: 0.0009730 seconds, Stopping threads took: 0.0000710 seconds
151.977: Application time: 0.0394910 seconds
151.977: [GC151.977: [ParNew: 17657K->1580K(18048K), 0.0006360 secs] 42975K->27002K(57984K), 0.0006650 secs] [Times: user=0.00 sys=0.00, real=0.01 secs] 
151.977: Total time for which application threads were stopped: 0.0008100 seconds, Stopping threads took: 0.0000840 seconds
152.017: Application time: 0.0396870 seconds
152.017: [GC152.017: [ParNew: 17542K->1546K(18048K), 0.0008120 secs] 42964K->27552K(57984K), 0.0008420 secs] [Times: user=0.01 sys=0.00, real=0.00 secs] 
152.018: Total time for which application threads were stopped: 0.0009800 seconds, Stopping threads took: 0.0000760 seconds
152.057: Application time: 0.0390830 seconds
152.057: [GC152.057: [ParNew: 17595K->1578K(18048K), 0.0006250 secs] 43601K->27584K(57984K), 0.0006540 secs] [Times: user=0.00 sys=0.00, real=0.00 secs] 
152.058: Total time for which application threads were stopped: 0.0007820 seconds, Stopping threads took: 0.0000610 seconds
152.099: Application time: 0.0409300 seconds
152.099: [GC152.099: [ParNew: 17627K->1064K(18048K), 0.0004990 secs] 43633K->27134K(57984K), 0.0005250 secs] [Times: user=0.00 sys=0.00, real=0.00 secs] 
152.100: Total time for which application threads were stopped: 0.0006450 seconds, Stopping threads took: 0.0000630 seconds
152.140: Application time: 0.0403180 seconds
152.140: [GC152.140: [ParNew: 17105K->1574K(18048K), 0.0007720 secs] 43175K->27692K(57984K), 0.0008000 secs] [Times: user=0.01 sys=0.00, real=0.00 secs] 
152.141: Total time for which application threads were stopped: 0.0009290 seconds, Stopping threads took: 0.0000690 seconds
152.180: Application time: 0.0390410 seconds
152.180: [GC152.180: [ParNew: 17545K->1034K(18048K), 0.0004460 secs] 43663K->27224K(57984K), 0.0004760 secs] [Times: user=0.00 sys=0.00, real=0.00 secs] 
152.180: Total time for which application threads were stopped: 0.0006090 seconds, Stopping threads took: 0.0000650 seconds
152.220: Application time: 0.0393560 seconds
152.220: [GC152.220: [ParNew: 17075K->1578K(18048K), 0.0006400 secs] 43265K->27768K(57984K), 0.0006690 secs] [Times: user=0.00 sys=0.00, real=0.00 secs] 
152.221: Total time for which application threads were stopped: 0.0007930 seconds, Stopping threads took: 0.0000650 seconds
152.259: Application time: 0.0382360 seconds
152.259: [GC152.259: [ParNew: 17540K->1548K(18048K), 0.0007990 secs] 43730K->28314K(57984K), 0.0008290 secs] [Times: user=0.01 sys=0.00, real=0.00 secs] 
152.260: Total time for which application threads were stopped: 0.0009510 seconds, Stopping threads took: 0.0000590 seconds
152.300: Application time: 0.0403240 seconds
152.300: [GC152.300: [ParNew: 17597K->1578K(18048K), 0.0006390 secs] 44363K->28344K(57984K), 0.0006680 secs] [Times: user=0.01 sys=0.00, real=0.00 secs] 
152.301: Total time for which application threads were stopped: 0.0007970 seconds, Stopping threads took: 0.0000720 seconds
152.341: Application time: 0.0396350 seconds
152.341: [GC152.341: [ParNew: 17540K->1544K(18048K), 0.0007950 secs] 44306K->28894K(57984K), 0.0008260 secs] [Times: user=0.01 sys=0.00, real=0.00 secs] 
152.341: Total time for which application threads were stopped: 0.0009550 seconds, Stopping threads took: 0.0000670 seconds
152.381: Application time: 0.0399820 seconds
152.382: [GC152.382: [ParNew: 17514K->1544K(18048K), 0.0006340 secs] 44865K->28894K(57984K), 0.0006610 secs] [Times: user=0.01 sys=0.00, real=0.00 secs] 
152.382: Total time for which application threads were stopped: 0.0007770 seconds, Stopping threads took: 0.0000580 seconds
152.422: Application time: 0.0393030 seconds
152.422: [GC152.422: [ParNew: 17510K->1544K(18048K), 0.0006220 secs] 44861K->28894K(57984K), 0.0006530 secs] [Times: user=0.01 sys=0.00, real=0.00 secs] 
152.422: Total time for which application threads were stopped: 0.0007700 seconds, Stopping threads took: 0.0000560 seconds
152.462: Application time: 0.0395460 seconds
152.462: [GC152.462: [ParNew: 17510K->1546K(18048K), 0.0006280 secs] 44861K->28896K(57984K), 0.0006570 secs] [Times: user=0.01 sys=0.00, real=0.00 secs] 
152.463: Total time for which application threads were stopped: 0.0007720 seconds, Stopping threads took: 0.0000570 seconds
152.502: Application time: 0.0389720 seconds
152.502: [GC152.502: [ParNew: 17512K->1548K(18048K), 0.0007060 secs] 44863K->28898K(57984K), 0.0007340 secs] [Times: user=0.01 sys=0.00, real=0.00 secs] 
152.502: Total time for which application threads were stopped: 0.0008640 seconds, Stopping threads took: 0.0000690 seconds
152.541: Application time: 0.0382060 seconds
152.541: [GC152.541: [ParNew: 17502K->1548K(18048K), 0.0011570 secs] 44852K->30434K(57984K), 0.0011930 secs] [Times: user=0.01 sys=0.00, real=0.00 secs] 
152.542: Total time for which application threads were stopped: 0.0013310 seconds, Stopping threads took: 0.0000720 seconds
152.582: Application time: 0.0399960 seconds
152.582: [GC152.582: [ParNew: 17514K->1548K(18048K), 0.0011600 secs] 46401K->31970K(57984K), 0.0011910 secs] [Times: user=0.01 sys=0.00, real=0.00 secs] 
152.583: Total time for which application threads were stopped: 0.0013320 seconds, Stopping threads took: 0.0000650 seconds
152.623: Application time: 0.0398130 seconds
152.623: [GC152.623: [ParNew: 17163K->1608K(18048K), 0.0008380 secs] 47585K->32542K(57984K), 0.0008680 secs] [Times: user=0.01 sys=0.00, real=0.00 secs] 
152.624: Total time for which application threads were stopped: 0.0009890 seconds, Stopping threads took: 0.0000600 seconds
152.665: Application time: 0.0412500 seconds
152.666: [GC152.666: [ParNew: 17657K->1578K(18048K), 0.0006490 secs] 48591K->32608K(57984K), 0.0006780 secs] [Times: user=0.00 sys=0.00, real=0.00 secs] 
152.666: Total time for which application threads were stopped: 0.0008040 seconds, Stopping threads took: 0.0000660 seconds
152.705: Application time: 0.0384760 seconds
152.705: [GC152.705: [ParNew: 17549K->1034K(18048K), 0.0004890 secs] 48579K->32136K(57984K), 0.0005250 secs] [Times: user=0.01 sys=0.00, real=0.01 secs] 
152.705: Total time for which application threads were stopped: 0.0006590 seconds, Stopping threads took: 0.0000740 seconds
152.743: Application time: 0.0378910 seconds
152.743: [GC152.743: [ParNew: 17062K->1578K(18048K), 0.0011330 secs] 48164K->34216K(57984K), 0.0011670 secs] [Times: user=0.01 sys=0.00, real=0.00 secs] 
152.745: Total time for which application threads were stopped: 0.0013000 seconds, Stopping threads took: 0.0000640 seconds
152.785: Application time: 0.0407380 seconds
152.785: [GC152.785: [ParNew: 17625K->1580K(18048K), 0.0009730 secs] 50263K->35298K(57984K), 0.0010050 secs] [Times: user=0.01 sys=0.00, real=0.00 secs] 
152.786: Total time for which application threads were stopped: 0.0011410 seconds, Stopping threads took: 0.0000710 seconds
152.827: Application time: 0.0407890 seconds
152.827: [GC152.827: [ParNew: 17629K->1578K(18048K), 0.0007880 secs] 51348K->35872K(57984K), 0.0008190 secs] [Times: user=0.01 sys=0.00, real=0.00 secs] 
152.828: Total time for which application threads were stopped: 0.0009520 seconds, Stopping threads took: 0.0000700 seconds
152.869: Application time: 0.0411670 seconds
152.869: [GC152.869: [ParNew: 17627K->1578K(18048K), 0.0006980 secs] 51921K->35936K(57984K), 0.0007260 secs] [Times: user=0.00 sys=0.00, real=0.00 secs] 
152.870: Total time for which application threads were stopped: 0.0008370 seconds, Stopping threads took: 0.0000550 seconds
152.909: Application time: 0.0383950 seconds
152.909: [GC152.909: [ParNew: 17544K->1546K(18048K), 0.0008130 secs] 51903K->35960K(57984K), 0.0008400 secs] [Times: user=0.01 sys=0.00, real=0.00 secs] 
152.910: Total time for which application threads were stopped: 0.0015120 seconds, Stopping threads took: 0.0006120 seconds
152.951: Application time: 0.0408380 seconds
152.951: [GC152.951: [ParNew: 17584K->1580K(18048K), 0.0010480 secs] 51999K->37018K(57984K), 0.0010780 secs] [Times: user=0.01 sys=0.00, real=0.00 secs] 
152.952: Total time for which application threads were stopped: 0.0013020 seconds, Stopping threads took: 0.0001600 seconds
152.993: Application time: 0.0403030 seconds
152.993: [GC152.993: [ParNew: 17546K->1546K(18048K), 0.0010110 secs] 52985K->38064K(57984K), 0.0010430 secs] [Times: user=0.01 sys=0.00, real=0.00 secs] 
152.994: Total time for which application threads were stopped: 0.0011840 seconds, Stopping threads took: 0.0000760 seconds
153.034: Application time: 0.0400930 seconds
153.034: [GC153.034: [ParNew: 17512K->1548K(18048K), 0.0010310 secs] 54031K->39090K(57984K), 0.0010630 secs] [Times: user=0.01 sys=0.00, real=0.00 secs] 
153.035: Total time for which application threads were stopped: 0.0011960 seconds, Stopping threads took: 0.0000680 seconds
153.075: Application time: 0.0400480 seconds
153.075: [GC153.075: [ParNew: 17519K->1548K(18048K), 0.0007830 secs] 55061K->39602K(57984K), 0.0008120 secs] [Times: user=0.01 sys=0.00, real=0.00 secs] 
153.076: Total time for which application threads were stopped: 0.0009400 seconds, Stopping threads took: 0.0000660 seconds
153.117: Application time: 0.0407930 seconds
153.117: [GC153.117: [ParNew: 17519K->1548K(18048K), 0.0006040 secs] 55573K->39602K(57984K), 0.0006330 secs] [Times: user=0.01 sys=0.00, real=0.01 secs] 
153.118: Total time for which application threads were stopped: 0.0007590 seconds, Stopping threads took: 0.0000610 seconds
153.158: Application time: 0.0403860 seconds
153.158: [GC153.158: [ParNew: 17519K->1036K(18048K), 0.0004700 secs] 55573K->39090K(57984K), 0.0004970 secs] [Times: user=0.00 sys=0.00, real=0.00 secs] 
153.159: Total time for which application threads were stopped: 0.0006160 seconds, Stopping threads took: 0.0000630 seconds
153.198: Application time: 0.0394260 seconds
153.198: [GC153.198: [ParNew: 17006K->522K(18048K), 0.0003360 secs] 55061K->38576K(57984K), 0.0003610 secs] [Times: user=0.00 sys=0.00, real=0.00 secs] 
153.198: Total time for which application threads were stopped: 0.0004750 seconds, Stopping threads took: 0.0000600 seconds
153.239: Application time: 0.0402580 seconds
153.239: [GC153.239: [ParNew: 16484K->1034K(18048K), 0.0004860 secs] 54539K->39088K(57984K), 0.0005240 secs] [Times: user=0.00 sys=0.00, real=0.00 secs] 
153.239: Total time for which application threads were stopped: 0.0006510 seconds, Stopping threads took: 0.0000670 seconds
153.278: Application time: 0.0390970 seconds
153.279: [GC153.279: [ParNew: 17074K->1578K(18048K), 0.0006750 secs] 55129K->39633K(57984K), 0.0007030 secs] [Times: user=0.01 sys=0.00, real=0.00 secs] 
153.279: Total time for which application threads were stopped: 0.0008440 seconds, Stopping threads took: 0.0000810 seconds
153.316: Application time: 0.0369300 seconds
153.316: [GC153.317: [ParNew: 17180K->1602K(18048K), 0.0007360 secs] 55235K->39721K(57984K), 0.0007670 secs] [Times: user=0.01 sys=0.00, real=0.01 secs] 
153.317: Total time for which application threads were stopped: 0.0010100 seconds, Stopping threads took: 0.0001790 seconds
153.358: Application time: 0.0410980 seconds
153.358: [GC153.358: [ParNew: 17577K->522K(18048K), 0.0004060 secs] 55696K->38741K(57984K), 0.0004300 secs] [Times: user=0.00 sys=0.00, real=0.00 secs] 
153.359: Total time for which application threads were stopped: 0.0005550 seconds, Stopping threads took: 0.0000640 seconds
153.396: Application time: 0.0368960 seconds
153.396: [GC153.396: [ParNew: 16550K->1580K(18048K), 0.0009710 secs] 54769K->40823K(57984K), 0.0010020 secs] [Times: user=0.01 sys=0.00, real=0.00 secs] 
153.397: Total time for which application threads were stopped: 0.0011440 seconds, Stopping threads took: 0.0000770 seconds
153.437: Application time: 0.0402520 seconds
153.437: [GC153.437: [ParNew: 17542K->1550K(18048K), 0.0011640 secs]153.439: [Tenured: 40843K->8901K(40960K), 0.0052940 secs] 56785K->8901K(59008K), [Perm : 5179K->5179K(21248K)], 0.0065680 secs] [Times: user=0.02 sys=0.00, real=0.00 secs] 
153.444: Total time for which application threads were stopped: 0.0067160 seconds, Stopping threads took: 0.0000790 seconds
153.483: Application time: 0.0394350 seconds
153.484: [GC153.484: [ParNew: 16049K->1580K(18048K), 0.0010020 secs] 24950K->11505K(57984K), 0.0010360 secs] [Times: user=0.01 sys=0.00, real=0.00 secs] 
153.485: Total time for which application threads were stopped: 0.0012010 seconds, Stopping threads took: 0.0001000 seconds
153.525: Application time: 0.0404910 seconds
153.525: [GC153.525: [ParNew: 17629K->1578K(18048K), 0.0007940 secs] 27554K->12071K(57984K), 0.0008220 secs] [Times: user=0.01 sys=0.00, real=0.00 secs] 
153.526: Total time for which application threads were stopped: 0.0009580 seconds, Stopping threads took: 0.0000690 seconds
153.566: Application time: 0.0403720 seconds
153.567: [GC153.567: [ParNew: 17622K->1578K(18048K), 0.0007820 secs] 28116K->12655K(57984K), 0.0008140 secs] [Times: user=0.00 sys=0.00, real=0.00 secs] 
153.567: Total time for which application threads were stopped: 0.0009450 seconds, Stopping threads took: 0.0000690 seconds
153.608: Application time: 0.0410180 seconds
153.608: [GC153.609: [ParNew: 17623K->1578K(18048K), 0.0007830 secs] 28700K->13247K(57984K), 0.0008130 secs] [Times: user=0.01 sys=0.00, real=0.00 secs] 
153.609: Total time for which application threads were stopped: 0.0009360 seconds, Stopping threads took: 0.0000610 seconds
153.649: Application time: 0.0399840 seconds
153.649: [GC153.649: [ParNew: 17549K->1548K(18048K), 0.0006540 secs] 29218K->13281K(57984K), 0.0006830 secs] [Times: user=0.00 sys=0.00, real=0.00 secs] 
153.650: Total time for which application threads were stopped: 0.0008170 seconds, Stopping threads took: 0.0000650 seconds
153.690: Application time: 0.0401460 seconds
153.690: [GC153.690: [ParNew: 17519K->1034K(18048K), 0.0004280 secs] 29252K->12767K(57984K), 0.0004550 secs] [Times: user=0.01 sys=0.00, real=0.00 secs] 
153.691: Total time for which application threads were stopped: 0.0005680 seconds, Stopping threads took: 0.0000550 seconds
153.726: Application time: 0.0355550 seconds
153.727: [GC153.727: [ParNew: 16980K->1550K(18048K), 0.0013870 secs] 28713K->15331K(57984K), 0.0014210 secs] [Times: user=0.01 sys=0.00, real=0.00 secs] 
153.728: Total time for which application threads were stopped: 0.0015840 seconds, Stopping threads took: 0.0000860 seconds
153.769: Application time: 0.0406210 seconds
153.769: [GC153.769: [ParNew: 17523K->1548K(18048K), 0.0009500 secs] 31304K->16353K(57984K), 0.0009820 secs] [Times: user=0.01 sys=0.00, real=0.00 secs] 
153.770: Total time for which application threads were stopped: 0.0011230 seconds, Stopping threads took: 0.0000780 seconds
153.809: Application time: 0.0397690 seconds
153.810: [GC153.810: [ParNew: 17514K->1548K(18048K), 0.0008340 secs] 32320K->16865K(57984K), 0.0008620 secs] [Times: user=0.00 sys=0.00, real=0.00 secs] 
153.811: Total time for which application threads were stopped: 0.0010360 seconds, Stopping threads took: 0.0001110 seconds
153.851: Application time: 0.0406380 seconds
153.851: [GC153.851: [ParNew: 17516K->1546K(18048K), 0.0008400 secs] 32834K->17375K(57984K), 0.0008710 secs] [Times: user=0.00 sys=0.00, real=0.00 secs] 
153.852: Total time for which application threads were stopped: 0.0010090 seconds, Stopping threads took: 0.0000760 seconds
153.893: Application time: 0.0405350 seconds
153.893: [GC153.893: [ParNew: 17514K->1546K(18048K), 0.0006020 secs] 33344K->17375K(57984K), 0.0006310 secs] [Times: user=0.00 sys=0.00, real=0.00 secs] 
153.893: Total time for which application threads were stopped: 0.0007550 seconds, Stopping threads took: 0.0000650 seconds
153.931: Application time: 0.0375390 seconds
153.931: [GC153.931: [ParNew: 17582K->1576K(18048K), 0.0010050 secs] 33412K->18429K(57984K), 0.0010370 secs] [Times: user=0.00 sys=0.00, real=0.00 secs] 
153.932: Total time for which application threads were stopped: 0.0011640 seconds, Stopping threads took: 0.0000650 seconds
153.971: Application time: 0.0391830 seconds
153.971: [GC153.971: [ParNew: 17621K->1576K(18048K), 0.0009610 secs] 34474K->19525K(57984K), 0.0009930 secs] [Times: user=0.01 sys=0.00, real=0.00 secs] 
153.972: Total time for which application threads were stopped: 0.0011160 seconds, Stopping threads took: 0.0000600 seconds
154.014: Application time: 0.0412050 seconds
154.014: [GC154.014: [ParNew: 17625K->1580K(18048K), 0.0007790 secs] 35575K->20113K(57984K), 0.0008090 secs] [Times: user=0.01 sys=0.00, real=0.00 secs] 
154.015: Total time for which application threads were stopped: 0.0009410 seconds, Stopping threads took: 0.0000690 seconds
154.056: Application time: 0.0415740 seconds
154.056: [GC154.056: [ParNew: 17629K->1578K(18048K), 0.0006180 secs] 36163K->20175K(57984K), 0.0006470 secs] [Times: user=0.00 sys=0.00, real=0.00 secs] 
154.057: Total time for which application threads were stopped: 0.0007740 seconds, Stopping threads took: 0.0000680 seconds
154.097: Application time: 0.0396450 seconds
154.097: [GC154.097: [ParNew: 17549K->1034K(18048K), 0.0005010 secs] 36146K->19695K(57984K), 0.0005270 secs] [Times: user=0.00 sys=0.00, real=0.01 secs] 
154.097: Total time for which application threads were stopped: 0.0006560 seconds, Stopping threads took: 0.0000720 seconds
154.136: Application time: 0.0384270 seconds
154.136: [GC154.136: [ParNew: 17070K->1580K(18048K), 0.0007840 secs] 35732K->20754K(57984K), 0.0008150 secs] [Times: user=0.00 sys=0.00, real=0.00 secs] 
154.137: Total time for which application threads were stopped: 0.0009340 seconds, Stopping threads took: 0.0000570 seconds
154.176: Application time: 0.0395400 seconds
154.176: [GC154.176: [ParNew: 17542K->1546K(18048K), 0.0009840 secs] 36716K->21808K(57984K), 0.0010160 secs] [Times: user=0.01 sys=0.00, real=0.01 secs] 
154.177: Total time for which application threads were stopped: 0.0011460 seconds, Stopping threads took: 0.0000590 seconds
154.216: Application time: 0.0391160 seconds
154.217: [GC154.217: [ParNew: 17161K->1606K(18048K), 0.0006480 secs] 37423K->21868K(57984K), 0.0006820 secs] [Times: user=0.00 sys=0.00, real=0.01 secs] 
154.217: Total time for which application threads were stopped: 0.0008310 seconds, Stopping threads took: 0.0000880 seconds
154.258: Application time: 0.0404110 seconds
154.258: [GC154.258: [ParNew: 17647K->1578K(18048K), 0.0008010 secs] 37909K->22448K(57984K), 0.0008380 secs] [Times: user=0.01 sys=0.00, real=0.00 secs] 
154.259: Total time for which application threads were stopped: 0.0009570 seconds, Stopping threads took: 0.0000570 seconds
154.299: Application time: 0.0398580 seconds
154.299: [GC154.299: [ParNew: 17549K->1546K(18048K), 0.0006340 secs] 38419K->22480K(57984K), 0.0006610 secs] [Times: user=0.00 sys=0.00, real=0.00 secs] 
154.299: Total time for which application threads were stopped: 0.0007830 seconds, Stopping threads took: 0.0000620 seconds
154.340: Application time: 0.0405910 seconds
154.340: [GC154.340: [ParNew: 17516K->1032K(18048K), 0.0004490 secs] 38450K->21966K(57984K), 0.0004780 secs] [Times: user=0.00 sys=0.00, real=0.00 secs] 
154.341: Total time for which application threads were stopped: 0.0006160 seconds, Stopping threads took: 0.0000810 seconds
154.379: Application time: 0.0387350 seconds
154.379: [GC154.379: [ParNew: 17002K->518K(18048K), 0.0002950 secs] 37936K->21452K(57984K), 0.0003230 secs] [Times: user=0.00 sys=0.00, real=0.00 secs] 
154.380: Total time for which application threads were stopped: 0.0004340 seconds, Stopping threads took: 0.0000540 seconds
154.420: Application time: 0.0399430 seconds
154.420: [GC154.420: [ParNew: 16488K->10K(18048K), 0.0003570 secs] 37422K->20944K(57984K), 0.0003840 secs] [Times: user=0.00 sys=0.00, real=0.00 secs] 
154.420: Total time for which application threads were stopped: 0.0005470 seconds, Stopping threads took: 0.0001100 seconds
154.461: Application time: 0.0403820 seconds
154.461: [GC154.461: [ParNew: 15976K->10K(18048K), 0.0003070 secs] 36910K->20944K(57984K), 0.0003340 secs] [Times: user=0.01 sys=0.00, real=0.00 secs] 
154.461: Total time for which application threads were stopped: 0.0004510 seconds, Stopping threads took: 0.0000630 seconds
154.497: Application time: 0.0355650 seconds
154.497: [GC154.497: [ParNew: 15951K->1548K(18048K), 0.0011560 secs] 36885K->24018K(57984K), 0.0011910 secs] [Times: user=0.01 sys=0.00, real=0.01 secs] 
154.498: Total time for which application threads were stopped: 0.0013190 seconds, Stopping threads took: 0.0000610 seconds
154.539: Application time: 0.0409970 seconds
154.539: [GC154.539: [ParNew: 17519K->1546K(18048K), 0.0009450 secs] 39989K->25040K(57984K), 0.0009760 secs] [Times: user=0.00 sys=0.00, real=0.00 secs] 
154.540: Total time for which application threads were stopped: 0.0011280 seconds, Stopping threads took: 0.0000870 seconds
154.580: Application time: 0.0404170 seconds
154.581: [GC154.581: [ParNew: 17514K->1548K(18048K), 0.0008860 secs] 41008K->25554K(57984K), 0.0009150 secs] [Times: user=0.00 sys=0.00, real=0.00 secs] 
154.582: Total time for which application threads were stopped: 0.0010640 seconds, Stopping threads took: 0.0000900 seconds
154.622: Application time: 0.0409280 seconds
154.623: [GC154.623: [ParNew: 17597K->1066K(18048K), 0.0004610 secs] 41603K->25072K(57984K), 0.0004870 secs] [Times: user=0.01 sys=0.00, real=0.00 secs] 
154.623: Total time for which application threads were stopped: 0.0006280 seconds, Stopping threads took: 0.0000820 seconds
154.662: Application time: 0.0384200 seconds
154.662: [GC154.662: [ParNew: 17117K->1588K(18048K), 0.0006390 secs] 41123K->25650K(57984K), 0.0006670 secs] [Times: user=0.01 sys=0.00, real=0.00 secs] 
154.662: Total time for which application threads were stopped: 0.0007830 seconds, Stopping threads took: 0.0000570 seconds
154.702: Application time: 0.0400400 seconds
154.703: [GC154.703: [ParNew: 17625K->1574K(18048K), 0.0007160 secs] 41687K->25700K(57984K), 0.0007440 secs] [Times: user=0.00 sys=0.00, real=0.00 secs] 
154.703: Total time for which application threads were stopped: 0.0009880 seconds, Stopping threads took: 0.0001740 seconds
154.742: Application time: 0.0381990 seconds
154.742: [GC154.742: [ParNew: 17610K->1580K(18048K), 0.0010210 secs] 41736K->26794K(57984K), 0.0010520 secs] [Times: user=0.01 sys=0.00, real=0.00 secs] 
154.743: Total time for which application threads were stopped: 0.0011940 seconds, Stopping threads took: 0.0000750 seconds
154.783: Application time: 0.0403380 seconds
154.783: [GC154.783: [ParNew: 17549K->1546K(18048K), 0.0008420 secs] 42763K->27328K(57984K), 0.0008800 secs] [Times: user=0.00 sys=0.00, real=0.00 secs] 
154.784: Total time for which application threads were stopped: 0.0010010 seconds, Stopping threads took: 0.0000580 seconds
154.823: Application time: 0.0390420 seconds
154.823: [GC154.823: [ParNew: 17595K->1580K(18048K), 0.0006310 secs] 43377K->27362K(57984K), 0.0006600 secs] [Times: user=0.00 sys=0.00, real=0.00 secs] 
154.824: Total time for which application threads were stopped: 0.0007830 seconds, Stopping threads took: 0.0000610 seconds
154.865: Application time: 0.0406740 seconds
154.865: [GC154.865: [ParNew: 17629K->1064K(18048K), 0.0005720 secs] 43411K->26918K(57984K), 0.0006010 secs] [Times: user=0.01 sys=0.00, real=0.01 secs] 
154.865: Total time for which application threads were stopped: 0.0007610 seconds, Stopping threads took: 0.0001020 seconds
154.901: Application time: 0.0359750 seconds
154.901: [GC154.901: [ParNew: 16658K->1606K(18048K), 0.0009990 secs] 42512K->28548K(57984K), 0.0010300 secs] [Times: user=0.01 sys=0.00, real=0.00 secs] 
154.902: Total time for which application threads were stopped: 0.0011620 seconds, Stopping threads took: 0.0000690 seconds
154.943: Application time: 0.0407930 seconds
154.943: [GC154.943: [ParNew: 17577K->1546K(18048K), 0.0008090 secs] 44519K->29112K(57984K), 0.0008390 secs] [Times: user=0.01 sys=0.00, real=0.00 secs] 
154.944: Total time for which application threads were stopped: 0.0009830 seconds, Stopping threads took: 0.0000810 seconds
154.984: Application time: 0.0397280 seconds
154.984: [GC154.984: [ParNew: 17508K->1550K(18048K), 0.0009470 secs] 45075K->30140K(57984K), 0.0009790 secs] [Times: user=0.00 sys=0.00, real=0.01 secs] 
154.985: Total time for which application threads were stopped: 0.0012070 seconds, Stopping threads took: 0.0001550 seconds
155.026: Application time: 0.0412690 seconds
155.027: [GC155.027: [ParNew: 17518K->1548K(18048K), 0.0006250 secs] 46109K->30138K(57984K), 0.0006530 secs] [Times: user=0.01 sys=0.00, real=0.00 secs] 
155.027: Total time for which application threads were stopped: 0.0008280 seconds, Stopping threads took: 0.0001130 seconds
155.067: Application time: 0.0401870 seconds
155.068: [GC155.068: [ParNew: 17516K->1548K(18048K), 0.0006180 secs] 46107K->30138K(57984K), 0.0006460 secs] [Times: user=0.00 sys=0.00, real=0.00 secs] 
155.068: Total time for which application threads were stopped: 0.0007630 seconds, Stopping threads took: 0.0000570 seconds
155.108: Application time: 0.0397450 seconds
155.108: [GC155.108: [ParNew: 17514K->1548K(18048K), 0.0006890 secs] 46105K->30138K(57984K), 0.0007210 secs] [Times: user=0.00 sys=0.00, real=0.00 secs] 
155.109: Total time for which application threads were stopped: 0.0008670 seconds, Stopping threads took: 0.0000860 seconds
155.148: Application time: 0.0388580 seconds
155.148: [GC155.148: [ParNew: 17510K->1544K(18048K), 0.0007590 secs] 46101K->30646K(57984K), 0.0007910 secs] [Times: user=0.01 sys=0.00, real=0.00 secs] 
155.149: Total time for which application threads were stopped: 0.0009400 seconds, Stopping threads took: 0.0000880 seconds
155.187: Application time: 0.0381990 seconds
155.187: [GC155.187: [ParNew: 17506K->1548K(18048K), 0.0009800 secs] 46609K->31674K(57984K), 0.0010080 secs] [Times: user=0.00 sys=0.00, real=0.00 secs] 
155.188: Total time for which application threads were stopped: 0.0011400 seconds, Stopping threads took: 0.0000660 seconds
155.229: Application time: 0.0405300 seconds
155.229: [GC155.229: [ParNew: 17519K->1546K(18048K), 0.0008520 secs] 47645K->32184K(57984K), 0.0008860 secs] [Times: user=0.00 sys=0.00, real=0.00 secs] 
155.230: Total time for which application threads were stopped: 0.0010490 seconds, Stopping threads took: 0.0000910 seconds
155.270: Application time: 0.0409110 seconds
155.271: [GC155.271: [ParNew: 17512K->1546K(18048K), 0.0007660 secs] 48151K->32696K(57984K), 0.0007960 secs] [Times: user=0.01 sys=0.00, real=0.00 secs] 
155.271: Total time for which application threads were stopped: 0.0009430 seconds, Stopping threads took: 0.0000730 seconds
155.311: Application time: 0.0397530 seconds
155.311: [GC155.311: [ParNew: 17595K->1580K(18048K), 0.0007030 secs] 48745K->32730K(57984K), 0.0007340 secs] [Times: user=0.01 sys=0.00, real=0.00 secs] 
155.312: Total time for which application threads were stopped: 0.0008740 seconds, Stopping threads took: 0.0000790 seconds
155.353: Application time: 0.0405250 seconds
155.353: [GC155.353: [ParNew: 17195K->580K(18048K), 0.0004260 secs] 48346K->31778K(57984K), 0.0004560 secs] [Times: user=0.00 sys=0.01, real=0.00 secs] 
155.353: Total time for which application threads were stopped: 0.0005850 seconds, Stopping threads took: 0.0000730 seconds
155.393: Application time: 0.0398430 seconds
155.393: [GC155.393: [ParNew: 16629K->98K(18048K), 0.0003350 secs] 47827K->31296K(57984K), 0.0003630 secs] [Times: user=0.00 sys=0.00, real=0.00 secs] 
155.394: Total time for which application threads were stopped: 0.0005200 seconds, Stopping threads took: 0.0000990 seconds
155.430: Application time: 0.0367960 seconds
155.430: [GC155.430: [ParNew: 16048K->1636K(18048K), 0.0008050 secs] 47246K->33346K(57984K), 0.0008340 secs] [Times: user=0.01 sys=0.00, real=0.00 secs] 
155.431: Total time for which application threads were stopped: 0.0009660 seconds, Stopping threads took: 0.0000700 seconds
155.471: Application time: 0.0398270 seconds
155.471: [GC155.471: [ParNew: 17672K->1578K(18048K), 0.0011970 secs] 49383K->34944K(57984K), 0.0012300 secs] [Times: user=0.01 sys=0.00, real=0.00 secs] 
155.473: Total time for which application threads were stopped: 0.0013620 seconds, Stopping threads took: 0.0000680 seconds
155.513: Application time: 0.0408220 seconds
155.513: [GC155.513: [ParNew: 17549K->1548K(18048K), 0.0009600 secs] 50915K->36018K(57984K), 0.0009930 secs] [Times: user=0.01 sys=0.00, real=0.00 secs] 
155.514: Total time for which application threads were stopped: 0.0011380 seconds, Stopping threads took: 0.0000810 seconds
155.554: Application time: 0.0392470 seconds
155.554: [GC155.554: [ParNew: 17597K->1580K(18048K), 0.0007790 secs] 52067K->36563K(57984K), 0.0008080 secs] [Times: user=0.00 sys=0.00, real=0.00 secs] 
155.555: Total time for which application threads were stopped: 0.0009470 seconds, Stopping threads took: 0.0000760 seconds
155.595: Application time: 0.0405450 seconds
155.595: [GC155.595: [ParNew: 17195K->1096K(18048K), 0.0004920 secs] 52178K->36151K(57984K), 0.0005190 secs] [Times: user=0.00 sys=0.00, real=0.00 secs] 
155.596: Total time for which application threads were stopped: 0.0006400 seconds, Stopping threads took: 0.0000640 seconds
155.635: Application time: 0.0396390 seconds
155.636: [GC155.636: [ParNew: 17062K->1034K(18048K), 0.0005910 secs] 52117K->36193K(57984K), 0.0006160 secs] [Times: user=0.00 sys=0.00, real=0.00 secs] 
155.636: Total time for which application threads were stopped: 0.0008580 seconds, Stopping threads took: 0.0001800 seconds
155.674: Application time: 0.0381320 seconds
155.675: [GC155.675: [ParNew: 16988K->1546K(18048K), 0.0009740 secs] 52147K->37729K(57984K), 0.0010050 secs] [Times: user=0.00 sys=0.00, real=0.00 secs] 
155.676: Total time for which application threads were stopped: 0.0011500 seconds, Stopping threads took: 0.0000800 seconds
155.716: Application time: 0.0400140 seconds
155.716: [GC155.716: [ParNew: 17517K->1546K(18048K), 0.0008640 secs] 53699K->38241K(57984K), 0.0008920 secs] [Times: user=0.01 sys=0.00, real=0.00 secs] 
155.717: Total time for which application threads were stopped: 0.0010320 seconds, Stopping threads took: 0.0000800 seconds
155.758: Application time: 0.0409280 seconds
155.758: [GC155.758: [ParNew: 17517K->1546K(18048K), 0.0006740 secs] 54211K->38241K(57984K), 0.0007060 secs] [Times: user=0.00 sys=0.00, real=0.00 secs] 
155.758: Total time for which application threads were stopped: 0.0008700 seconds, Stopping threads took: 0.0000930 seconds
155.798: Application time: 0.0390570 seconds
155.798: [GC155.798: [ParNew: 17508K->1548K(18048K), 0.0008500 secs] 54203K->38755K(57984K), 0.0008870 secs] [Times: user=0.01 sys=0.00, real=0.00 secs] 
155.799: Total time for which application threads were stopped: 0.0010150 seconds, Stopping threads took: 0.0000680 seconds
155.838: Application time: 0.0397630 seconds
155.838: [GC155.838: [ParNew: 17519K->1546K(18048K), 0.0006630 secs] 54725K->38753K(57984K), 0.0006910 secs] [Times: user=0.01 sys=0.00, real=0.00 secs] 
155.839: Total time for which application threads were stopped: 0.0008140 seconds, Stopping threads took: 0.0000640 seconds
155.880: Application time: 0.0408510 seconds
155.880: [GC155.880: [ParNew: 17512K->1548K(18048K), 0.0006420 secs] 54719K->38755K(57984K), 0.0006710 secs] [Times: user=0.00 sys=0.00, real=0.00 secs] 
155.881: Total time for which application threads were stopped: 0.0008280 seconds, Stopping threads took: 0.0001000 seconds
155.920: Application time: 0.0395530 seconds
155.920: [GC155.921: [ParNew: 17519K->1030K(18048K), 0.0004810 secs] 54725K->38237K(57984K), 0.0005090 secs] [Times: user=0.00 sys=0.00, real=0.00 secs] 
155.921: Total time for which application threads were stopped: 0.0006300 seconds, Stopping threads took: 0.0000620 seconds
155.961: Application time: 0.0403370 seconds
155.961: [GC155.961: [ParNew: 17074K->1064K(18048K), 0.0004500 secs] 54281K->38271K(57984K), 0.0004770 secs] [Times: user=0.00 sys=0.00, real=0.00 secs] 
155.962: Total time for which application threads were stopped: 0.0005970 seconds, Stopping threads took: 0.0000630 seconds
156.002: Application time: 0.0400940 seconds
156.002: [GC156.002: [ParNew: 17030K->1034K(18048K), 0.0004790 secs] 54237K->38305K(57984K), 0.0005070 secs] [Times: user=0.01 sys=0.00, real=0.00 secs] 
156.003: Total time for which application threads were stopped: 0.0006310 seconds, Stopping threads took: 0.0000670 seconds
156.041: Application time: 0.0384930 seconds
156.041: [GC156.041: [ParNew: 16711K->1634K(18048K), 0.0008210 secs] 53981K->39417K(57984K), 0.0008520 secs] [Times: user=0.01 sys=0.00, real=0.00 secs] 
156.042: Total time for which application threads were stopped: 0.0009920 seconds, Stopping threads took: 0.0000760 seconds
156.082: Application time: 0.0395740 seconds
156.082: [GC156.082: [ParNew: 17601K->1548K(18048K), 0.0006900 secs] 55384K->39459K(57984K), 0.0007190 secs] [Times: user=0.01 sys=0.00, real=0.00 secs] 
156.083: Total time for which application threads were stopped: 0.0009140 seconds, Stopping threads took: 0.0001360 seconds
156.124: Application time: 0.0413380 seconds
156.124: [GC156.124: [ParNew: 17516K->1546K(18048K), 0.0021890 secs] 55428K->39457K(57984K), 0.0022250 secs] [Times: user=0.00 sys=0.00, real=0.01 secs] 
156.126: Total time for which application threads were stopped: 0.0023550 seconds, Stopping threads took: 0.0000680 seconds
156.163: Application time: 0.0367850 seconds
156.163: [GC156.163: [ParNew: 17578K->1578K(18048K), 0.0011490 secs] 55489K->41025K(57984K), 0.0011830 secs] [Times: user=0.01 sys=0.00, real=0.00 secs] 
156.164: Total time for which application threads were stopped: 0.0013350 seconds, Stopping threads took: 0.0000860 seconds
156.206: Application time: 0.0414840 seconds
156.206: [GC156.206: [ParNew: 17627K->1578K(18048K), 0.0010130 secs]156.207: [Tenured: 40535K->10126K(40960K), 0.0051860 secs] 57074K->10126K(59008K), [Perm : 5179K->5179K(21248K)], 0.0062900 secs] [Times: user=0.01 sys=0.00, real=0.00 secs] 
156.212: Total time for which application threads were stopped: 0.0064480 seconds, Stopping threads took: 0.0000890 seconds
156.251: Application time: 0.0387160 seconds
156.251: [GC156.251: [ParNew: 15611K->1606K(18048K), 0.0007920 secs] 25737K->12244K(57984K), 0.0008240 secs] [Times: user=0.00 sys=0.00, real=0.00 secs] 
156.252: Total time for which application threads were stopped: 0.0009520 seconds, Stopping threads took: 0.0000650 seconds
156.293: Application time: 0.0404830 seconds
156.293: [GC156.293: [ParNew: 17577K->1546K(18048K), 0.0006590 secs] 28215K->12280K(57984K), 0.0006890 secs] [Times: user=0.00 sys=0.00, real=0.00 secs] 
156.293: Total time for which application threads were stopped: 0.0008950 seconds, Stopping threads took: 0.0001290 seconds
156.332: Application time: 0.0388260 seconds
156.332: [GC156.332: [ParNew: 17504K->1548K(18048K), 0.0009820 secs] 28238K->13306K(57984K), 0.0010130 secs] [Times: user=0.01 sys=0.00, real=0.00 secs] 
156.333: Total time for which application threads were stopped: 0.0011650 seconds, Stopping threads took: 0.0000880 seconds
156.374: Application time: 0.0403150 seconds
156.374: [GC156.374: [ParNew: 17519K->1546K(18048K), 0.0007580 secs] 29277K->13816K(57984K), 0.0007860 secs] [Times: user=0.00 sys=0.00, real=0.00 secs] 
156.375: Total time for which application threads were stopped: 0.0009330 seconds, Stopping threads took: 0.0000890 seconds
156.416: Application time: 0.0410070 seconds
156.416: [GC156.416: [ParNew: 17519K->1036K(18048K), 0.0004650 secs] 29789K->13306K(57984K), 0.0004910 secs] [Times: user=0.01 sys=0.00, real=0.00 secs] 
156.416: Total time for which application threads were stopped: 0.0006070 seconds, Stopping threads took: 0.0000600 seconds
156.456: Application time: 0.0400750 seconds
156.457: [GC156.457: [ParNew: 17002K->1034K(18048K), 0.0005040 secs] 29273K->13304K(57984K), 0.0005310 secs] [Times: user=0.00 sys=0.00, real=0.00 secs] 
156.457: Total time for which application threads were stopped: 0.0006470 seconds, Stopping threads took: 0.0000610 seconds
156.497: Application time: 0.0400540 seconds
156.497: [GC156.497: [ParNew: 17004K->522K(18048K), 0.0003330 secs] 29275K->12792K(57984K), 0.0003600 secs] [Times: user=0.00 sys=0.00, real=0.00 secs] 
156.498: Total time for which application threads were stopped: 0.0004790 seconds, Stopping threads took: 0.0000630 seconds
156.536: Application time: 0.0383230 seconds
156.536: [GC156.536: [ParNew: 16476K->1546K(18048K), 0.0005940 secs] 28746K->13816K(57984K), 0.0006230 secs] [Times: user=0.01 sys=0.00, real=0.00 secs] 
156.537: Total time for which application threads were stopped: 0.0008320 seconds, Stopping threads took: 0.0001510 seconds
156.576: Application time: 0.0389790 seconds
156.576: [GC156.576: [ParNew: 17506K->1548K(18048K), 0.0009330 secs] 29777K->14842K(57984K), 0.0009660 secs] [Times: user=0.01 sys=0.00, real=0.00 secs] 
156.577: Total time for which application threads were stopped: 0.0011010 seconds, Stopping threads took: 0.0000730 seconds
156.618: Application time: 0.0416230 seconds
156.619: [GC156.619: [ParNew: 17521K->1542K(18048K), 0.0007140 secs] 30815K->14836K(57984K), 0.0007420 secs] [Times: user=0.01 sys=0.00, real=0.00 secs] 
156.619: Total time for which application threads were stopped: 0.0008860 seconds, Stopping threads took: 0.0000860 seconds
156.658: Application time: 0.0381560 seconds
156.658: [GC156.658: [ParNew: 17583K->1576K(18048K), 0.0008270 secs] 30877K->15382K(57984K), 0.0008560 secs] [Times: user=0.01 sys=0.00, real=0.00 secs] 
156.659: Total time for which application threads were stopped: 0.0009990 seconds, Stopping threads took: 0.0000790 seconds
156.699: Application time: 0.0402750 seconds
156.699: [GC156.699: [ParNew: 17618K->1578K(18048K), 0.0008470 secs] 31425K->15968K(57984K), 0.0008790 secs] [Times: user=0.00 sys=0.00, real=0.00 secs] 
156.700: Total time for which application threads were stopped: 0.0010060 seconds, Stopping threads took: 0.0000660 seconds
156.738: Application time: 0.0383510 seconds
156.738: [GC156.738: [ParNew: 17193K->1096K(18048K), 0.0004970 secs] 31584K->15550K(57984K), 0.0005240 secs] [Times: user=0.00 sys=0.00, real=0.00 secs] 
156.739: Total time for which application threads were stopped: 0.0006800 seconds, Stopping threads took: 0.0001000 seconds
156.779: Application time: 0.0406100 seconds
156.780: [GC156.780: [ParNew: 17067K->520K(18048K), 0.0003410 secs] 31521K->15086K(57984K), 0.0003670 secs] [Times: user=0.00 sys=0.00, real=0.00 secs] 
156.780: Total time for which application threads were stopped: 0.0004800 seconds, Stopping threads took: 0.0000580 seconds
156.819: Application time: 0.0393410 seconds
156.819: [GC156.819: [ParNew: 16482K->1036K(18048K), 0.0004590 secs] 31049K->15602K(57984K), 0.0004870 secs] [Times: user=0.00 sys=0.00, real=0.00 secs] 
156.820: Total time for which application threads were stopped: 0.0006810 seconds, Stopping threads took: 0.0001280 seconds
156.856: Application time: 0.0363150 seconds
156.856: [GC156.856: [ParNew: 16630K->1606K(18048K), 0.0010020 secs] 31197K->17196K(57984K), 0.0010360 secs] [Times: user=0.01 sys=0.00, real=0.01 secs] 
156.857: Total time for which application threads were stopped: 0.0011930 seconds, Stopping threads took: 0.0000930 seconds
156.897: Application time: 0.0392750 seconds
156.897: [GC156.897: [ParNew: 17655K->1576K(18048K), 0.0008280 secs] 33246K->17766K(57984K), 0.0008580 secs] [Times: user=0.00 sys=0.00, real=0.01 secs] 
156.898: Total time for which application threads were stopped: 0.0010000 seconds, Stopping threads took: 0.0000810 seconds
156.939: Application time: 0.0414360 seconds
156.939: [GC156.939: [ParNew: 17627K->1064K(18048K), 0.0004510 secs] 33818K->17334K(57984K), 0.0004790 secs] [Times: user=0.00 sys=0.00, real=0.00 secs] 
156.940: Total time for which application threads were stopped: 0.0005950 seconds, Stopping threads took: 0.0000580 seconds
156.980: Application time: 0.0402020 seconds
156.980: [GC156.980: [ParNew: 17035K->522K(18048K), 0.0003890 secs] 33305K->16856K(57984K), 0.0004130 secs] [Times: user=0.00 sys=0.00, real=0.00 secs] 
156.980: Total time for which application threads were stopped: 0.0005270 seconds, Stopping threads took: 0.0000600 seconds
157.020: Application time: 0.0392190 seconds
157.020: [GC157.020: [ParNew: 16484K->1034K(18048K), 0.0004620 secs] 32819K->17368K(57984K), 0.0004880 secs] [Times: user=0.00 sys=0.00, real=0.00 secs] 
157.020: Total time for which application threads were stopped: 0.0006010 seconds, Stopping threads took: 0.0000570 seconds
157.059: Application time: 0.0391150 seconds
157.060: [GC157.060: [ParNew: 16992K->1544K(18048K), 0.0008100 secs] 33327K->18390K(57984K), 0.0008400 secs] [Times: user=0.01 sys=0.00, real=0.00 secs] 
157.060: Total time for which application threads were stopped: 0.0009700 seconds, Stopping threads took: 0.0000680 seconds
157.101: Application time: 0.0402520 seconds
157.101: [GC157.101: [ParNew: 17514K->1544K(18048K), 0.0005710 secs] 34361K->18390K(57984K), 0.0006000 secs] [Times: user=0.00 sys=0.00, real=0.00 secs] 
157.101: Total time for which application threads were stopped: 0.0007250 seconds, Stopping threads took: 0.0000670 seconds
157.141: Application time: 0.0400720 seconds
157.142: [GC157.142: [ParNew: 17510K->1546K(18048K), 0.0006510 secs] 34357K->18392K(57984K), 0.0006790 secs] [Times: user=0.00 sys=0.00, real=0.00 secs] 
157.142: Total time for which application threads were stopped: 0.0008080 seconds, Stopping threads took: 0.0000690 seconds
157.183: Application time: 0.0406790 seconds
157.183: [GC157.183: [ParNew: 17516K->1034K(18048K), 0.0004500 secs] 34363K->17880K(57984K), 0.0004760 secs] [Times: user=0.00 sys=0.00, real=0.00 secs] 
157.184: Total time for which application threads were stopped: 0.0005950 seconds, Stopping threads took: 0.0000630 seconds
157.223: Application time: 0.0392110 seconds
157.223: [GC157.223: [ParNew: 17000K->1034K(18048K), 0.0004370 secs] 33847K->17880K(57984K), 0.0004650 secs] [Times: user=0.01 sys=0.00, real=0.00 secs] 
157.223: Total time for which application threads were stopped: 0.0005890 seconds, Stopping threads took: 0.0000670 seconds
157.262: Application time: 0.0386660 seconds
157.262: [GC157.262: [ParNew: 16988K->1548K(18048K), 0.0009970 secs] 33835K->19419K(57984K), 0.0010290 secs] [Times: user=0.01 sys=0.00, real=0.00 secs] 
157.263: Total time for which application threads were stopped: 0.0011620 seconds, Stopping threads took: 0.0000710 seconds
157.303: Application time: 0.0396050 seconds
157.303: [GC157.303: [ParNew: 17519K->1546K(18048K), 0.0008000 secs] 35389K->19929K(57984K), 0.0008290 secs] [Times: user=0.00 sys=0.00, real=0.00 secs] 
157.304: Total time for which application threads were stopped: 0.0009680 seconds, Stopping threads took: 0.0000730 seconds
157.343: Application time: 0.0392990 seconds
157.343: [GC157.343: [ParNew: 17591K->1578K(18048K), 0.0007860 secs] 35974K->20473K(57984K), 0.0008250 secs] [Times: user=0.00 sys=0.00, real=0.00 secs] 
157.344: Total time for which application threads were stopped: 0.0009690 seconds, Stopping threads took: 0.0000750 seconds
157.385: Application time: 0.0409600 seconds
157.385: [GC157.385: [ParNew: 17627K->1580K(18048K), 0.0006570 secs] 36522K->20547K(57984K), 0.0006860 secs] [Times: user=0.00 sys=0.00, real=0.01 secs] 
157.386: Total time for which application threads were stopped: 0.0008120 seconds, Stopping threads took: 0.0000650 seconds
157.424: Application time: 0.0382610 seconds
157.424: [GC157.424: [ParNew: 17187K->1608K(18048K), 0.0006480 secs] 36154K->20631K(57984K), 0.0006790 secs] [Times: user=0.00 sys=0.00, real=0.00 secs] 
157.425: Total time for which application threads were stopped: 0.0008250 seconds, Stopping threads took: 0.0000860 seconds
157.465: Application time: 0.0396790 seconds
157.465: [GC157.465: [ParNew: 17570K->1548K(18048K), 0.0008750 secs] 36593K->21179K(57984K), 0.0009040 secs] [Times: user=0.00 sys=0.00, real=0.01 secs] 
157.466: Total time for which application threads were stopped: 0.0010670 seconds, Stopping threads took: 0.0001020 seconds
157.505: Application time: 0.0391960 seconds
157.505: [GC157.505: [ParNew: 17589K->1578K(18048K), 0.0009680 secs] 37220K->22233K(57984K), 0.0010000 secs] [Times: user=0.00 sys=0.00, real=0.01 secs] 
157.506: Total time for which application threads were stopped: 0.0011390 seconds, Stopping threads took: 0.0000740 seconds
157.545: Application time: 0.0393620 seconds
157.546: [GC157.546: [ParNew: 17185K->1606K(18048K), 0.0008480 secs] 37840K->22837K(57984K), 0.0008790 secs] [Times: user=0.01 sys=0.00, real=0.00 secs] 
157.546: Total time for which application threads were stopped: 0.0010870 seconds, Stopping threads took: 0.0001450 seconds
157.587: Application time: 0.0407770 seconds
157.587: [GC157.587: [ParNew: 17575K->1546K(18048K), 0.0008310 secs] 38806K->23385K(57984K), 0.0008600 secs] [Times: user=0.01 sys=0.00, real=0.00 secs] 
157.588: Total time for which application threads were stopped: 0.0009860 seconds, Stopping threads took: 0.0000640 seconds
157.629: Application time: 0.0405000 seconds
157.629: [GC157.629: [ParNew: 17595K->1578K(18048K), 0.0006570 secs] 39434K->23417K(57984K), 0.0006860 secs] [Times: user=0.01 sys=0.00, real=0.00 secs] 
157.630: Total time for which application threads were stopped: 0.0008130 seconds, Stopping threads took: 0.0000670 seconds
157.668: Application time: 0.0384460 seconds
157.668: [GC157.668: [ParNew: 17544K->1548K(18048K), 0.0005990 secs] 39384K->23467K(57984K), 0.0006280 secs] [Times: user=0.01 sys=0.00, real=0.00 secs] 
157.669: Total time for which application threads were stopped: 0.0007510 seconds, Stopping threads took: 0.0000650 seconds
157.709: Application time: 0.0398710 seconds
157.709: [GC157.709: [ParNew: 17514K->1546K(18048K), 0.0006060 secs] 39434K->23465K(57984K), 0.0006350 secs] [Times: user=0.00 sys=0.00, real=0.00 secs] 
157.709: Total time for which application threads were stopped: 0.0007700 seconds, Stopping threads took: 0.0000740 seconds
157.749: Application time: 0.0393550 seconds
157.749: [GC157.749: [ParNew: 17508K->1548K(18048K), 0.0007860 secs] 39427K->23979K(57984K), 0.0008160 secs] [Times: user=0.00 sys=0.00, real=0.00 secs] 
157.750: Total time for which application threads were stopped: 0.0009540 seconds, Stopping threads took: 0.0000780 seconds
157.788: Application time: 0.0387420 seconds
157.789: [GC157.789: [ParNew: 17514K->1546K(18048K), 0.0007620 secs] 39946K->24489K(57984K), 0.0007910 secs] [Times: user=0.01 sys=0.00, real=0.00 secs] 
157.789: Total time for which application threads were stopped: 0.0009390 seconds, Stopping threads took: 0.0000860 seconds
157.830: Application time: 0.0406500 seconds
157.830: [GC157.830: [ParNew: 17517K->1548K(18048K), 0.0006280 secs] 40460K->24491K(57984K), 0.0006570 secs] [Times: user=0.01 sys=0.00, real=0.00 secs] 
157.831: Total time for which application threads were stopped: 0.0008000 seconds, Stopping threads took: 0.0000750 seconds
157.870: Application time: 0.0387480 seconds
157.870: [GC157.870: [ParNew: 17510K->1546K(18048K), 0.0007590 secs] 40453K->25001K(57984K), 0.0007880 secs] [Times: user=0.00 sys=0.00, real=0.00 secs] 
157.870: Total time for which application threads were stopped: 0.0009170 seconds, Stopping threads took: 0.0000580 seconds
157.911: Application time: 0.0402870 seconds
157.911: [GC157.911: [ParNew: 17512K->1546K(18048K), 0.0008430 secs] 40968K->25513K(57984K), 0.0008720 secs] [Times: user=0.01 sys=0.00, real=0.00 secs] 
157.912: Total time for which application threads were stopped: 0.0010090 seconds, Stopping threads took: 0.0000750 seconds
157.952: Application time: 0.0397460 seconds
157.952: [GC157.952: [ParNew: 17517K->1548K(18048K), 0.0005950 secs] 41484K->25515K(57984K), 0.0006200 secs] [Times: user=0.00 sys=0.00, real=0.00 secs] 
157.952: Total time for which application threads were stopped: 0.0007890 seconds, Stopping threads took: 0.0001110 seconds
157.993: Application time: 0.0402950 seconds
157.993: [GC157.993: [ParNew: 17592K->1576K(18048K), 0.0006820 secs] 41560K->25543K(57984K), 0.0007090 secs] [Times: user=0.01 sys=0.00, real=0.00 secs] 
157.993: Total time for which application threads were stopped: 0.0008320 seconds, Stopping threads took: 0.0000670 seconds
158.032: Application time: 0.0383820 seconds
158.032: [GC158.032: [ParNew: 17538K->1546K(18048K), 0.0009220 secs] 41506K->26089K(57984K), 0.0009530 secs] [Times: user=0.01 sys=0.00, real=0.00 secs] 
158.033: Total time for which application threads were stopped: 0.0010900 seconds, Stopping threads took: 0.0000750 seconds
158.072: Application time: 0.0393650 seconds
158.072: [GC158.072: [ParNew: 17157K->1606K(18048K), 0.0006750 secs] 41700K->26149K(57984K), 0.0007040 secs] [Times: user=0.01 sys=0.00, real=0.00 secs] 
158.073: Total time for which application threads were stopped: 0.0008180 seconds, Stopping threads took: 0.0000540 seconds
158.114: Application time: 0.0405340 seconds
158.114: [GC158.114: [ParNew: 17651K->1578K(18048K), 0.0007010 secs] 42194K->26217K(57984K), 0.0007310 secs] [Times: user=0.00 sys=0.00, real=0.00 secs] 
158.115: Total time for which application threads were stopped: 0.0008590 seconds, Stopping threads took: 0.0000700 seconds
158.153: Application time: 0.0385570 seconds
158.153: [GC158.153: [ParNew: 17623K->1578K(18048K), 0.0006940 secs] 42262K->26281K(57984K), 0.0007210 secs] [Times: user=0.00 sys=0.00, real=0.00 secs] 
158.154: Total time for which application threads were stopped: 0.0008490 seconds, Stopping threads took: 0.0000660 seconds
158.193: Application time: 0.0391470 seconds
158.193: [GC158.193: [ParNew: 17185K->1604K(18048K), 0.0006150 secs] 41888K->26371K(57984K), 0.0006440 secs] [Times: user=0.01 sys=0.00, real=0.00 secs] 
158.194: Total time for which application threads were stopped: 0.0008540 seconds, Stopping threads took: 0.0001500 seconds
158.233: Application time: 0.0388430 seconds
158.233: [GC158.233: [ParNew: 17570K->1550K(18048K), 0.0006480 secs] 42338K->26429K(57984K), 0.0006800 secs] [Times: user=0.00 sys=0.00, real=0.00 secs] 
158.234: Total time for which application threads were stopped: 0.0008170 seconds, Stopping threads took: 0.0000760 seconds
158.274: Application time: 0.0403960 seconds
158.274: [GC158.274: [ParNew: 17516K->1548K(18048K), 0.0006650 secs] 42396K->26427K(57984K), 0.0006960 secs] [Times: user=0.00 sys=0.00, real=0.00 secs] 
158.275: Total time for which application threads were stopped: 0.0008150 seconds, Stopping threads took: 0.0000570 seconds
158.313: Application time: 0.0384920 seconds
158.313: [GC158.313: [ParNew: 17593K->1580K(18048K), 0.0006620 secs] 42472K->26459K(57984K), 0.0006930 secs] [Times: user=0.01 sys=0.00, real=0.00 secs] 
158.314: Total time for which application threads were stopped: 0.0008350 seconds, Stopping threads took: 0.0000800 seconds
158.355: Application time: 0.0409920 seconds
158.355: [GC158.355: [ParNew: 17551K->1034K(18048K), 0.0005290 secs] 42430K->25969K(57984K), 0.0005640 secs] [Times: user=0.01 sys=0.00, real=0.00 secs] 
158.356: Total time for which application threads were stopped: 0.0006920 seconds, Stopping threads took: 0.0000680 seconds
158.394: Application time: 0.0376930 seconds
158.394: [GC158.394: [ParNew: 16996K->1546K(18048K), 0.0006770 secs] 41932K->26481K(57984K), 0.0007050 secs] [Times: user=0.00 sys=0.00, real=0.00 secs] 
158.394: Total time for which application threads were stopped: 0.0009510 seconds, Stopping threads took: 0.0001800 seconds
158.432: Application time: 0.0373810 seconds
158.432: [GC158.432: [ParNew: 17508K->1546K(18048K), 0.0008600 secs] 42444K->26993K(57984K), 0.0008900 secs] [Times: user=0.01 sys=0.00, real=0.00 secs] 
158.433: Total time for which application threads were stopped: 0.0010190 seconds, Stopping threads took: 0.0000640 seconds
158.473: Application time: 0.0404840 seconds
158.473: [GC158.473: [ParNew: 17517K->1548K(18048K), 0.0006530 secs] 42964K->26995K(57984K), 0.0006790 secs] [Times: user=0.00 sys=0.00, real=0.00 secs] 
158.474: Total time for which application threads were stopped: 0.0008090 seconds, Stopping threads took: 0.0000720 seconds
158.515: Application time: 0.0403560 seconds
158.515: [GC158.515: [ParNew: 17514K->1034K(18048K), 0.0004910 secs] 42962K->26481K(57984K), 0.0005200 secs] [Times: user=0.00 sys=0.00, real=0.00 secs] 
158.515: Total time for which application threads were stopped: 0.0006420 seconds, Stopping threads took: 0.0000620 seconds
158.554: Application time: 0.0390550 seconds
158.554: [GC158.554: [ParNew: 17002K->1034K(18048K), 0.0004530 secs] 42450K->26481K(57984K), 0.0004790 secs] [Times: user=0.01 sys=0.00, real=0.00 secs] 
158.555: Total time for which application threads were stopped: 0.0006050 seconds, Stopping threads took: 0.0000690 seconds
158.595: Application time: 0.0402860 seconds
158.595: [GC158.595: [ParNew: 17004K->522K(18048K), 0.0003850 secs] 42452K->25969K(57984K), 0.0004090 secs] [Times: user=0.00 sys=0.00, real=0.00 secs] 
158.596: Total time for which application threads were stopped: 0.0005220 seconds, Stopping threads took: 0.0000610 seconds
158.634: Application time: 0.0386860 seconds
158.634: [GC158.634: [ParNew: 16492K->10K(18048K), 0.0002940 secs] 41940K->25457K(57984K), 0.0003200 secs] [Times: user=0.00 sys=0.00, real=0.00 secs] 
158.635: Total time for which application threads were stopped: 0.0004370 seconds, Stopping threads took: 0.0000650 seconds
158.669: Application time: 0.0347400 seconds
158.670: [GC158.670: [ParNew: 16026K->1580K(18048K), 0.0013480 secs] 41473K->29075K(57984K), 0.0013840 secs] [Times: user=0.01 sys=0.00, real=0.00 secs] 
158.671: Total time for which application threads were stopped: 0.0015120 seconds, Stopping threads took: 0.0000590 seconds
158.712: Application time: 0.0411360 seconds
158.712: [GC158.712: [ParNew: 17553K->1550K(18048K), 0.0010560 secs] 45048K->30141K(57984K), 0.0010870 secs] [Times: user=0.01 sys=0.00, real=0.00 secs] 
158.713: Total time for which application threads were stopped: 0.0012990 seconds, Stopping threads took: 0.0001490 seconds
158.751: Application time: 0.0375240 seconds
158.751: [GC158.751: [ParNew: 17161K->1608K(18048K), 0.0007840 secs] 45753K->30712K(57984K), 0.0008150 secs] [Times: user=0.00 sys=0.00, real=0.00 secs] 
158.752: Total time for which application threads were stopped: 0.0009390 seconds, Stopping threads took: 0.0000600 seconds
158.790: Application time: 0.0382370 seconds
158.790: [GC158.790: [ParNew: 17211K->1608K(18048K), 0.0009920 secs] 46314K->31840K(57984K), 0.0010230 secs] [Times: user=0.01 sys=0.00, real=0.00 secs] 
158.791: Total time for which application threads were stopped: 0.0011570 seconds, Stopping threads took: 0.0000700 seconds
158.831: Application time: 0.0398340 seconds
158.831: [GC158.831: [ParNew: 17657K->1578K(18048K), 0.0008060 secs] 47889K->32426K(57984K), 0.0008360 secs] [Times: user=0.01 sys=0.00, real=0.00 secs] 
158.832: Total time for which application threads were stopped: 0.0009610 seconds, Stopping threads took: 0.0000650 seconds
158.872: Application time: 0.0395350 seconds
158.872: [GC158.872: [ParNew: 17623K->1576K(18048K), 0.0008390 secs] 48471K->32992K(57984K), 0.0008760 secs] [Times: user=0.00 sys=0.00, real=0.00 secs] 
158.873: Total time for which application threads were stopped: 0.0010090 seconds, Stopping threads took: 0.0000700 seconds
158.912: Application time: 0.0393750 seconds
158.912: [GC158.912: [ParNew: 17542K->1546K(18048K), 0.0008140 secs] 48958K->33530K(57984K), 0.0008470 secs] [Times: user=0.00 sys=0.00, real=0.00 secs] 
158.913: Total time for which application threads were stopped: 0.0010110 seconds, Stopping threads took: 0.0000930 seconds
158.952: Application time: 0.0393440 seconds
158.952: [GC158.953: [ParNew: 17517K->1544K(18048K), 0.0087740 secs] 49501K->33528K(57984K), 0.0088150 secs] [Times: user=0.06 sys=0.00, real=0.01 secs] 
158.961: Total time for which application threads were stopped: 0.0089460 seconds, Stopping threads took: 0.0000630 seconds
159.000: Application time: 0.0390350 seconds
159.000: [GC159.001: [ParNew: 17584K->1578K(18048K), 0.0008060 secs] 49568K->34074K(57984K), 0.0008380 secs] [Times: user=0.01 sys=0.00, real=0.00 secs] 
159.001: Total time for which application threads were stopped: 0.0009760 seconds, Stopping threads took: 0.0000750 seconds
159.041: Application time: 0.0391510 seconds
159.041: [GC159.041: [ParNew: 17540K->1548K(18048K), 0.0009830 secs] 50036K->35140K(57984K), 0.0010160 secs] [Times: user=0.01 sys=0.00, real=0.00 secs] 
159.042: Total time for which application threads were stopped: 0.0011600 seconds, Stopping threads took: 0.0000810 seconds
159.081: Application time: 0.0391240 seconds
159.081: [GC159.081: [ParNew: 17519K->1548K(18048K), 0.0007900 secs] 51111K->35652K(57984K), 0.0008200 secs] [Times: user=0.01 sys=0.00, real=0.00 secs] 
159.082: Total time for which application threads were stopped: 0.0009510 seconds, Stopping threads took: 0.0000710 seconds
159.122: Application time: 0.0399990 seconds
159.122: [GC159.122: [ParNew: 17514K->1546K(18048K), 0.0008320 secs] 51618K->36162K(57984K), 0.0008650 secs] [Times: user=0.00 sys=0.00, real=0.00 secs] 
159.123: Total time for which application threads were stopped: 0.0010270 seconds, Stopping threads took: 0.0000990 seconds
159.164: Application time: 0.0408260 seconds
159.164: [GC159.164: [ParNew: 17519K->1036K(18048K), 0.0004620 secs] 52135K->35652K(57984K), 0.0004920 secs] [Times: user=0.00 sys=0.00, real=0.00 secs] 
159.164: Total time for which application threads were stopped: 0.0006430 seconds, Stopping threads took: 0.0000900 seconds
159.205: Application time: 0.0407160 seconds
159.205: [GC159.205: [ParNew: 17002K->522K(18048K), 0.0003690 secs] 51618K->35138K(57984K), 0.0003950 secs] [Times: user=0.00 sys=0.00, real=0.01 secs] 
159.206: Total time for which application threads were stopped: 0.0005290 seconds, Stopping threads took: 0.0000790 seconds
159.242: Application time: 0.0361620 seconds
159.242: [GC159.242: [ParNew: 16474K->1548K(18048K), 0.0010130 secs] 51090K->37188K(57984K), 0.0010440 secs] [Times: user=0.01 sys=0.00, real=0.00 secs] 
159.243: Total time for which application threads were stopped: 0.0011770 seconds, Stopping threads took: 0.0000700 seconds
159.283: Application time: 0.0398810 seconds
159.283: [GC159.283: [ParNew: 17514K->1548K(18048K), 0.0009510 secs] 53155K->38212K(57984K), 0.0009850 secs] [Times: user=0.01 sys=0.00, real=0.00 secs] 
159.284: Total time for which application threads were stopped: 0.0011120 seconds, Stopping threads took: 0.0000620 seconds
159.323: Application time: 0.0391620 seconds
159.323: [GC159.323: [ParNew: 17514K->1548K(18048K), 0.0009720 secs] 54179K->39236K(57984K), 0.0010050 secs] [Times: user=0.01 sys=0.00, real=0.00 secs] 
159.324: Total time for which application threads were stopped: 0.0011290 seconds, Stopping threads took: 0.0000580 seconds
159.364: Application time: 0.0398240 seconds
159.364: [GC159.364: [ParNew: 17597K->1578K(18048K), 0.0007990 secs] 55285K->39778K(57984K), 0.0008300 secs] [Times: user=0.01 sys=0.00, real=0.00 secs] 
159.365: Total time for which application threads were stopped: 0.0009690 seconds, Stopping threads took: 0.0000750 seconds
159.405: Application time: 0.0403230 seconds
159.405: [GC159.405: [ParNew: 17627K->1576K(18048K), 0.0006740 secs] 55827K->39832K(57984K), 0.0007110 secs] [Times: user=0.01 sys=0.00, real=0.00 secs] 
159.406: Total time for which application threads were stopped: 0.0008270 seconds, Stopping threads took: 0.0000570 seconds
159.445: Application time: 0.0393950 seconds
159.446: [GC159.446: [ParNew: 17265K->1122K(18048K), 0.0005780 secs] 55521K->39442K(57984K), 0.0006060 secs] [Times: user=0.01 sys=0.00, real=0.00 secs] 
159.446: Total time for which application threads were stopped: 0.0007480 seconds, Stopping threads took: 0.0000750 seconds
159.486: Application time: 0.0396870 seconds
159.486: [GC159.486: [ParNew: 17167K->1062K(18048K), 0.0004810 secs] 55487K->39506K(57984K), 0.0005100 secs] [Times: user=0.01 sys=0.00, real=0.00 secs] 
159.487: Total time for which application threads were stopped: 0.0006510 seconds, Stopping threads took: 0.0000820 seconds
159.526: Application time: 0.0396110 seconds
159.526: [GC159.526: [ParNew: 17028K->1034K(18048K), 0.0005330 secs] 55473K->39534K(57984K), 0.0005590 secs] [Times: user=0.00 sys=0.00, real=0.00 secs] 
159.527: Total time for which application threads were stopped: 0.0006750 seconds, Stopping threads took: 0.0000590 seconds
159.566: Application time: 0.0391510 seconds
159.566: [GC159.566: [ParNew: 17074K->1578K(18048K), 0.0006490 secs] 55575K->40078K(57984K), 0.0006790 secs] [Times: user=0.00 sys=0.00, real=0.00 secs] 
159.567: Total time for which application threads were stopped: 0.0008290 seconds, Stopping threads took: 0.0000870 seconds
159.606: Application time: 0.0388020 seconds
159.606: [GC159.606: [ParNew: 17544K->1546K(18048K), 0.0006070 secs] 56045K->40110K(57984K), 0.0006360 secs] [Times: user=0.01 sys=0.00, real=0.00 secs] 
159.606: Total time for which application threads were stopped: 0.0007570 seconds, Stopping threads took: 0.0000620 seconds
159.646: Application time: 0.0399550 seconds
159.646: [GC159.646: [ParNew: 17586K->1580K(18048K), 0.0007990 secs] 56151K->40656K(57984K), 0.0008290 secs] [Times: user=0.01 sys=0.00, real=0.00 secs] 
159.647: Total time for which application threads were stopped: 0.0009490 seconds, Stopping threads took: 0.0000580 seconds
159.687: Application time: 0.0399780 seconds
159.687: [GC159.687: [ParNew: 17551K->1548K(18048K), 0.0006180 secs] 56627K->40680K(57984K), 0.0006460 secs] [Times: user=0.00 sys=0.00, real=0.00 secs] 
159.688: Total time for which application threads were stopped: 0.0007670 seconds, Stopping threads took: 0.0000620 seconds
159.726: Application time: 0.0384360 seconds
159.727: [GC159.727: [ParNew: 17514K->1546K(18048K), 0.0006940 secs] 56647K->40678K(57984K), 0.0007230 secs] [Times: user=0.00 sys=0.00, real=0.00 secs] 
159.727: Total time for which application threads were stopped: 0.0008380 seconds, Stopping threads took: 0.0000540 seconds
159.766: Application time: 0.0383970 seconds
159.766: [GC159.766: [ParNew: 17508K->1546K(18048K), 0.0007800 secs] 56641K->41190K(57984K), 0.0008090 secs] [Times: user=0.01 sys=0.00, real=0.00 secs] 
159.767: Total time for which application threads were stopped: 0.0010340 seconds, Stopping threads took: 0.0001640 seconds
159.806: Application time: 0.0391260 seconds
159.806: [GC159.806: [ParNew: 17508K->1548K(18048K), 0.0009480 secs]159.807: [Tenured: 40668K->8082K(40960K), 0.0052110 secs] 57153K->8082K(59008K), [Perm : 5179K->5179K(21248K)], 0.0062630 secs] [Times: user=0.01 sys=0.00, real=0.00 secs] 
159.812: Total time for which application threads were stopped: 0.0064070 seconds, Stopping threads took: 0.0000740 seconds
159.853: Application time: 0.0406560 seconds
159.853: [GC159.853: [ParNew: 15970K->1546K(18048K), 0.0008170 secs] 24053K->10140K(57984K), 0.0008510 secs] [Times: user=0.00 sys=0.00, real=0.00 secs] 
159.854: Total time for which application threads were stopped: 0.0009790 seconds, Stopping threads took: 0.0000630 seconds
159.894: Application time: 0.0401300 seconds
159.894: [GC159.894: [ParNew: 17517K->1544K(18048K), 0.0006530 secs] 26111K->10138K(57984K), 0.0006910 secs] [Times: user=0.00 sys=0.00, real=0.00 secs] 
159.895: Total time for which application threads were stopped: 0.0008110 seconds, Stopping threads took: 0.0000600 seconds
159.936: Application time: 0.0413200 seconds
159.936: [GC159.936: [ParNew: 17517K->520K(18048K), 0.0003540 secs] 26111K->9114K(57984K), 0.0003810 secs] [Times: user=0.00 sys=0.00, real=0.00 secs] 
159.937: Total time for which application threads were stopped: 0.0005060 seconds, Stopping threads took: 0.0000720 seconds
159.975: Application time: 0.0383430 seconds
159.975: [GC159.975: [ParNew: 16478K->1546K(18048K), 0.0006120 secs] 25072K->10140K(57984K), 0.0006410 secs] [Times: user=0.00 sys=0.00, real=0.00 secs] 
159.976: Total time for which application threads were stopped: 0.0007800 seconds, Stopping threads took: 0.0000690 seconds
160.014: Application time: 0.0385070 seconds
160.014: [GC160.014: [ParNew: 17508K->1548K(18048K), 0.0008200 secs] 26102K->10654K(57984K), 0.0008520 secs] [Times: user=0.01 sys=0.00, real=0.00 secs] 
160.015: Total time for which application threads were stopped: 0.0009820 seconds, Stopping threads took: 0.0000670 seconds
160.056: Application time: 0.0410310 seconds
160.056: [GC160.056: [ParNew: 17597K->1578K(18048K), 0.0006860 secs] 26703K->10684K(57984K), 0.0007180 secs] [Times: user=0.01 sys=0.00, real=0.01 secs] 
160.057: Total time for which application threads were stopped: 0.0008360 seconds, Stopping threads took: 0.0000570 seconds
160.094: Application time: 0.0369650 seconds
160.095: [GC160.095: [ParNew: 17181K->1604K(18048K), 0.0008450 secs] 26287K->10758K(57984K), 0.0008780 secs] [Times: user=0.01 sys=0.00, real=0.00 secs] 
160.096: Total time for which application threads were stopped: 0.0019220 seconds, Stopping threads took: 0.0009750 seconds
160.137: Application time: 0.0405220 seconds
160.137: [GC160.137: [ParNew: 17217K->1094K(18048K), 0.0005810 secs] 26371K->10336K(57984K), 0.0006100 secs] [Times: user=0.00 sys=0.00, real=0.01 secs] 
160.137: Total time for which application threads were stopped: 0.0007420 seconds, Stopping threads took: 0.0000740 seconds
160.176: Application time: 0.0390780 seconds
160.177: [GC160.177: [ParNew: 17130K->1574K(18048K), 0.0008300 secs] 26373K->11432K(57984K), 0.0008620 secs] [Times: user=0.00 sys=0.00, real=0.01 secs] 
160.177: Total time for which application threads were stopped: 0.0010090 seconds, Stopping threads took: 0.0000860 seconds
160.216: Application time: 0.0381770 seconds
160.216: [GC160.216: [ParNew: 17536K->1546K(18048K), 0.0010310 secs] 27395K->12476K(57984K), 0.0010620 secs] [Times: user=0.00 sys=0.00, real=0.00 secs] 
160.217: Total time for which application threads were stopped: 0.0011970 seconds, Stopping threads took: 0.0000720 seconds
160.258: Application time: 0.0410340 seconds
160.258: [GC160.258: [ParNew: 17595K->1576K(18048K), 0.0008670 secs] 28525K->13018K(57984K), 0.0008970 secs] [Times: user=0.00 sys=0.00, real=0.00 secs] 
160.259: Total time for which application threads were stopped: 0.0010200 seconds, Stopping threads took: 0.0000610 seconds
160.300: Application time: 0.0411750 seconds
160.300: [GC160.300: [ParNew: 17544K->1546K(18048K), 0.0006380 secs] 28987K->13060K(57984K), 0.0006660 secs] [Times: user=0.00 sys=0.00, real=0.00 secs] 
160.301: Total time for which application threads were stopped: 0.0007960 seconds, Stopping threads took: 0.0000700 seconds
160.342: Application time: 0.0412250 seconds
160.342: [GC160.342: [ParNew: 17595K->1064K(18048K), 0.0004270 secs] 29109K->12578K(57984K), 0.0004550 secs] [Times: user=0.01 sys=0.00, real=0.00 secs] 
160.343: Total time for which application threads were stopped: 0.0005780 seconds, Stopping threads took: 0.0000670 seconds
160.383: Application time: 0.0402780 seconds
160.383: [GC160.383: [ParNew: 17035K->518K(18048K), 0.0003470 secs] 28549K->12104K(57984K), 0.0003740 secs] [Times: user=0.00 sys=0.00, real=0.00 secs] 
160.383: Total time for which application threads were stopped: 0.0005060 seconds, Stopping threads took: 0.0000760 seconds
160.422: Application time: 0.0387110 seconds
160.422: [GC160.422: [ParNew: 16484K->522K(18048K), 0.0002920 secs] 28071K->12108K(57984K), 0.0003260 secs] [Times: user=0.00 sys=0.00, real=0.00 secs] 
160.423: Total time for which application threads were stopped: 0.0004430 seconds, Stopping threads took: 0.0000630 seconds
160.459: Application time: 0.0368110 seconds
160.460: [GC160.460: [ParNew: 16468K->1550K(18048K), 0.0011450 secs] 28054K->14672K(57984K), 0.0011760 secs] [Times: user=0.01 sys=0.00, real=0.00 secs] 
160.461: Total time for which application threads were stopped: 0.0013040 seconds, Stopping threads took: 0.0000640 seconds
160.501: Application time: 0.0407560 seconds
160.502: [GC160.502: [ParNew: 17518K->1548K(18048K), 0.0009410 secs] 30641K->15694K(57984K), 0.0009730 secs] [Times: user=0.01 sys=0.00, real=0.00 secs] 
160.503: Total time for which application threads were stopped: 0.0011230 seconds, Stopping threads took: 0.0000790 seconds
160.543: Application time: 0.0406400 seconds
160.543: [GC160.543: [ParNew: 17514K->1548K(18048K), 0.0009780 secs] 31661K->16718K(57984K), 0.0010110 secs] [Times: user=0.01 sys=0.00, real=0.00 secs] 
160.544: Total time for which application threads were stopped: 0.0011360 seconds, Stopping threads took: 0.0000600 seconds
160.584: Application time: 0.0397190 seconds
160.584: [GC160.584: [ParNew: 17519K->1550K(18048K), 0.0008090 secs] 32689K->17232K(57984K), 0.0008400 secs] [Times: user=0.00 sys=0.00, real=0.00 secs] 
160.585: Total time for which application threads were stopped: 0.0009780 seconds, Stopping threads took: 0.0000760 seconds
160.626: Application time: 0.0405930 seconds
160.626: [GC160.626: [ParNew: 17521K->1546K(18048K), 0.0005900 secs] 33203K->17228K(57984K), 0.0006180 secs] [Times: user=0.00 sys=0.00, real=0.00 secs] 
160.626: Total time for which application threads were stopped: 0.0007920 seconds, Stopping threads took: 0.0001120 seconds
160.665: Application time: 0.0390200 seconds
160.666: [GC160.666: [ParNew: 17508K->1550K(18048K), 0.0007940 secs] 33191K->17744K(57984K), 0.0008280 secs] [Times: user=0.00 sys=0.00, real=0.00 secs] 
160.666: Total time for which application threads were stopped: 0.0009620 seconds, Stopping threads took: 0.0000720 seconds
160.706: Application time: 0.0393520 seconds
160.706: [GC160.706: [ParNew: 17591K->1580K(18048K), 0.0009360 secs] 33785K->18798K(57984K), 0.0009690 secs] [Times: user=0.01 sys=0.00, real=0.00 secs] 
160.707: Total time for which application threads were stopped: 0.0011160 seconds, Stopping threads took: 0.0000820 seconds
160.747: Application time: 0.0401080 seconds
160.747: [GC160.747: [ParNew: 17629K->1580K(18048K), 0.0008300 secs] 34848K->19366K(57984K), 0.0008590 secs] [Times: user=0.01 sys=0.00, real=0.00 secs] 
160.748: Total time for which application threads were stopped: 0.0009880 seconds, Stopping threads took: 0.0000680 seconds
160.789: Application time: 0.0410230 seconds
160.789: [GC160.789: [ParNew: 17269K->1636K(18048K), 0.0006600 secs] 35056K->19487K(57984K), 0.0006910 secs] [Times: user=0.01 sys=0.00, real=0.00 secs] 
160.790: Total time for which application threads were stopped: 0.0008250 seconds, Stopping threads took: 0.0000720 seconds
160.829: Application time: 0.0395590 seconds
160.830: [GC160.830: [ParNew: 17685K->1066K(18048K), 0.0004690 secs] 35536K->19053K(57984K), 0.0004980 secs] [Times: user=0.00 sys=0.00, real=0.00 secs] 
160.830: Total time for which application threads were stopped: 0.0006140 seconds, Stopping threads took: 0.0000570 seconds
160.869: Application time: 0.0394250 seconds
160.870: [GC160.870: [ParNew: 17032K->1034K(18048K), 0.0004430 secs] 35019K->19085K(57984K), 0.0004690 secs] [Times: user=0.01 sys=0.00, real=0.00 secs] 
160.870: Total time for which application threads were stopped: 0.0005910 seconds, Stopping threads took: 0.0000630 seconds
160.911: Application time: 0.0404740 seconds
160.911: [GC160.911: [ParNew: 17000K->1034K(18048K), 0.0004140 secs] 35051K->19085K(57984K), 0.0004410 secs] [Times: user=0.00 sys=0.00, real=0.00 secs] 
160.911: Total time for which application threads were stopped: 0.0005710 seconds, Stopping threads took: 0.0000640 seconds
160.952: Application time: 0.0404810 seconds
160.952: [GC160.952: [ParNew: 17078K->1068K(18048K), 0.0004900 secs] 35129K->19119K(57984K), 0.0005210 secs] [Times: user=0.00 sys=0.00, real=0.00 secs] 
160.952: Total time for which application threads were stopped: 0.0007530 seconds, Stopping threads took: 0.0001720 seconds
160.993: Application time: 0.0404090 seconds
160.997: [GC160.997: [ParNew: 17034K->1030K(18048K), 0.0004790 secs] 35085K->19145K(57984K), 0.0005090 secs] [Times: user=0.00 sys=0.00, real=0.00 secs] 
160.998: Total time for which application threads were stopped: 0.0050100 seconds, Stopping threads took: 0.0044430 seconds
161.036: Application time: 0.0382570 seconds
161.036: [GC161.036: [ParNew: 17074K->1066K(18048K), 0.0004590 secs] 35189K->19181K(57984K), 0.0004880 secs] [Times: user=0.00 sys=0.00, real=0.00 secs] 
161.037: Total time for which application threads were stopped: 0.0007450 seconds, Stopping threads took: 0.0001860 seconds
161.077: Application time: 0.0403090 seconds
161.077: [GC161.077: [ParNew: 17032K->1032K(18048K), 0.0004530 secs] 35147K->19227K(57984K), 0.0004800 secs] [Times: user=0.01 sys=0.00, real=0.00 secs] 
161.078: Total time for which application threads were stopped: 0.0006860 seconds, Stopping threads took: 0.0001490 seconds
161.118: Application time: 0.0398990 seconds
161.118: [GC161.118: [ParNew: 16994K->1548K(18048K), 0.0006440 secs] 35189K->19743K(57984K), 0.0006750 secs] [Times: user=0.01 sys=0.00, real=0.00 secs] 
161.119: Total time for which application threads were stopped: 0.0008270 seconds, Stopping threads took: 0.0000900 seconds
161.156: Application time: 0.0379280 seconds
161.157: [GC161.157: [ParNew: 17510K->1546K(18048K), 0.0023200 secs] 35705K->20253K(57984K), 0.0023540 secs] [Times: user=0.01 sys=0.00, real=0.01 secs] 
161.159: Total time for which application threads were stopped: 0.0025060 seconds, Stopping threads took: 0.0000910 seconds
161.197: Application time: 0.0385380 seconds
161.198: [GC161.198: [ParNew: 17504K->1548K(18048K), 0.0011940 secs] 36211K->21791K(57984K), 0.0012280 secs] [Times: user=0.00 sys=0.00, real=0.00 secs] 
161.199: Total time for which application threads were stopped: 0.0013810 seconds, Stopping threads took: 0.0000860 seconds
161.239: Application time: 0.0406040 seconds
161.240: [GC161.240: [ParNew: 17519K->1546K(18048K), 0.0009370 secs] 37762K->22813K(57984K), 0.0009660 secs] [Times: user=0.01 sys=0.00, real=0.00 secs] 
161.241: Total time for which application threads were stopped: 0.0010990 seconds, Stopping threads took: 0.0000680 seconds
161.281: Application time: 0.0400610 seconds
161.281: [GC161.281: [ParNew: 17517K->1548K(18048K), 0.0007980 secs] 38784K->23327K(57984K), 0.0008300 secs] [Times: user=0.00 sys=0.00, real=0.00 secs] 
161.282: Total time for which application threads were stopped: 0.0009620 seconds, Stopping threads took: 0.0000720 seconds
161.322: Application time: 0.0405580 seconds
161.322: [GC161.322: [ParNew: 17514K->1546K(18048K), 0.0007910 secs] 39293K->23837K(57984K), 0.0008200 secs] [Times: user=0.01 sys=0.00, real=0.00 secs] 
161.323: Total time for which application threads were stopped: 0.0009410 seconds, Stopping threads took: 0.0000600 seconds
161.364: Application time: 0.0410890 seconds
161.364: [GC161.364: [ParNew: 17521K->522K(18048K), 0.0003350 secs] 39812K->22813K(57984K), 0.0003600 secs] [Times: user=0.00 sys=0.00, real=0.00 secs] 
161.365: Total time for which application threads were stopped: 0.0004900 seconds, Stopping threads took: 0.0000770 seconds
161.404: Application time: 0.0391020 seconds
161.404: [GC161.404: [ParNew: 16129K->580K(18048K), 0.0003930 secs] 38420K->22871K(57984K), 0.0004210 secs] [Times: user=0.00 sys=0.00, real=0.00 secs] 
161.404: Total time for which application threads were stopped: 0.0005360 seconds, Stopping threads took: 0.0000590 seconds
161.441: Application time: 0.0363460 seconds
161.441: [GC161.441: [ParNew: 16534K->1608K(18048K), 0.0007980 secs] 38825K->24411K(57984K), 0.0008390 secs] [Times: user=0.01 sys=0.00, real=0.00 secs] 
161.442: Total time for which application threads were stopped: 0.0009690 seconds, Stopping threads took: 0.0000700 seconds
161.478: Application time: 0.0366370 seconds
161.478: [GC161.478: [ParNew: 17367K->1664K(18048K), 0.0009950 secs] 40170K->25595K(57984K), 0.0010270 secs] [Times: user=0.01 sys=0.00, real=0.00 secs] 
161.479: Total time for which application threads were stopped: 0.0011630 seconds, Stopping threads took: 0.0000720 seconds
161.520: Application time: 0.0404910 seconds
161.520: [GC161.520: [ParNew: 17637K->1546K(18048K), 0.0006370 secs] 41568K->25641K(57984K), 0.0006630 secs] [Times: user=0.00 sys=0.00, real=0.00 secs] 
161.521: Total time for which application threads were stopped: 0.0008800 seconds, Stopping threads took: 0.0001590 seconds
161.561: Application time: 0.0400370 seconds
161.561: [GC161.561: [ParNew: 17512K->1546K(18048K), 0.0006430 secs] 41608K->25641K(57984K), 0.0006700 secs] [Times: user=0.00 sys=0.00, real=0.00 secs] 
161.562: Total time for which application threads were stopped: 0.0008080 seconds, Stopping threads took: 0.0000730 seconds
161.601: Application time: 0.0391850 seconds
161.601: [GC161.601: [ParNew: 17508K->1546K(18048K), 0.0007680 secs] 41604K->26153K(57984K), 0.0007970 secs] [Times: user=0.01 sys=0.00, real=0.00 secs] 
161.602: Total time for which application threads were stopped: 0.0009370 seconds, Stopping threads took: 0.0000800 seconds
161.642: Application time: 0.0406900 seconds
161.643: [GC161.643: [ParNew: 17597K->1068K(18048K), 0.0004700 secs] 42204K->25675K(57984K), 0.0004960 secs] [Times: user=0.01 sys=0.00, real=0.00 secs] 
161.643: Total time for which application threads were stopped: 0.0007000 seconds, Stopping threads took: 0.0001480 seconds
161.681: Application time: 0.0382650 seconds
161.682: [GC161.682: [ParNew: 17026K->1546K(18048K), 0.0008460 secs] 41633K->26729K(57984K), 0.0008760 secs] [Times: user=0.01 sys=0.00, real=0.00 secs] 
161.682: Total time for which application threads were stopped: 0.0009950 seconds, Stopping threads took: 0.0000550 seconds
161.723: Application time: 0.0403700 seconds
161.723: [GC161.723: [ParNew: 17595K->1578K(18048K), 0.0006010 secs] 42778K->26761K(57984K), 0.0006300 secs] [Times: user=0.00 sys=0.00, real=0.00 secs] 
161.724: Total time for which application threads were stopped: 0.0007580 seconds, Stopping threads took: 0.0000680 seconds
161.763: Application time: 0.0391910 seconds
161.763: [GC161.763: [ParNew: 17540K->1548K(18048K), 0.0008660 secs] 42724K->27307K(57984K), 0.0008970 secs] [Times: user=0.00 sys=0.00, real=0.00 secs] 
161.764: Total time for which application threads were stopped: 0.0010360 seconds, Stopping threads took: 0.0000740 seconds
161.804: Application time: 0.0403620 seconds
161.804: [GC161.804: [ParNew: 17519K->1546K(18048K), 0.0006100 secs] 43278K->27305K(57984K), 0.0006390 secs] [Times: user=0.00 sys=0.00, real=0.00 secs] 
161.805: Total time for which application threads were stopped: 0.0007600 seconds, Stopping threads took: 0.0000620 seconds
161.845: Application time: 0.0400680 seconds
161.845: [GC161.845: [ParNew: 17519K->520K(18048K), 0.0003570 secs] 43278K->26279K(57984K), 0.0003830 secs] [Times: user=0.00 sys=0.00, real=0.00 secs] 
161.846: Total time for which application threads were stopped: 0.0005920 seconds, Stopping threads took: 0.0001540 seconds
161.886: Application time: 0.0402540 seconds
161.886: [GC161.886: [ParNew: 16482K->1034K(18048K), 0.0004700 secs] 42242K->26793K(57984K), 0.0004960 secs] [Times: user=0.01 sys=0.00, real=0.00 secs] 
161.886: Total time for which application threads were stopped: 0.0006240 seconds, Stopping threads took: 0.0000740 seconds
161.924: Application time: 0.0378240 seconds
161.924: [GC161.924: [ParNew: 17000K->1034K(18048K), 0.0004550 secs] 42760K->26793K(57984K), 0.0004830 secs] [Times: user=0.00 sys=0.00, real=0.00 secs] 
161.925: Total time for which application threads were stopped: 0.0005990 seconds, Stopping threads took: 0.0000600 seconds
161.964: Application time: 0.0387120 seconds
161.964: [GC161.964: [ParNew: 16988K->1546K(18048K), 0.0008850 secs] 42747K->27817K(57984K), 0.0009210 secs] [Times: user=0.01 sys=0.00, real=0.00 secs] 
161.965: Total time for which application threads were stopped: 0.0011220 seconds, Stopping threads took: 0.0001390 seconds
162.005: Application time: 0.0406930 seconds
162.006: [GC162.006: [ParNew: 17512K->1546K(18048K), 0.0008000 secs] 43784K->28329K(57984K), 0.0008280 secs] [Times: user=0.01 sys=0.00, real=0.00 secs] 
162.006: Total time for which application threads were stopped: 0.0010210 seconds, Stopping threads took: 0.0001340 seconds
162.046: Application time: 0.0390650 seconds
162.046: [GC162.046: [ParNew: 17504K->1548K(18048K), 0.0011710 secs] 44288K->29867K(57984K), 0.0012050 secs] [Times: user=0.01 sys=0.00, real=0.00 secs] 
162.047: Total time for which application threads were stopped: 0.0013310 seconds, Stopping threads took: 0.0000590 seconds
162.086: Application time: 0.0389460 seconds
162.086: [GC162.086: [ParNew: 17163K->1608K(18048K), 0.0007890 secs] 45483K->30439K(57984K), 0.0008190 secs] [Times: user=0.01 sys=0.00, real=0.00 secs] 
162.087: Total time for which application threads were stopped: 0.0009590 seconds, Stopping threads took: 0.0000680 seconds
162.126: Application time: 0.0397100 seconds
162.127: [GC162.127: [ParNew: 17302K->1120K(18048K), 0.0005690 secs] 46133K->30047K(57984K), 0.0005950 secs] [Times: user=0.01 sys=0.00, real=0.00 secs] 
162.127: Total time for which application threads were stopped: 0.0007130 seconds, Stopping threads took: 0.0000610 seconds
162.167: Application time: 0.0393960 seconds
162.167: [GC162.167: [ParNew: 17169K->554K(18048K), 0.0004490 secs] 46096K->29605K(57984K), 0.0004720 secs] [Times: user=0.01 sys=0.00, real=0.00 secs] 
162.167: Total time for which application threads were stopped: 0.0006920 seconds, Stopping threads took: 0.0001630 seconds
162.205: Application time: 0.0377490 seconds
162.205: [GC162.205: [ParNew: 16512K->1578K(18048K), 0.0006910 secs] 45564K->30629K(57984K), 0.0007190 secs] [Times: user=0.00 sys=0.00, real=0.00 secs] 
162.206: Total time for which application threads were stopped: 0.0008650 seconds, Stopping threads took: 0.0000830 seconds
162.245: Application time: 0.0385990 seconds
162.245: [GC162.245: [ParNew: 17532K->1548K(18048K), 0.0011400 secs] 46584K->32207K(57984K), 0.0011730 secs] [Times: user=0.01 sys=0.00, real=0.01 secs] 
162.246: Total time for which application threads were stopped: 0.0013150 seconds, Stopping threads took: 0.0000780 seconds
162.287: Application time: 0.0411730 seconds
162.287: [GC162.287: [ParNew: 17597K->1578K(18048K), 0.0008980 secs] 48257K->32750K(57984K), 0.0009260 secs] [Times: user=0.00 sys=0.00, real=0.00 secs] 
162.288: Total time for which application threads were stopped: 0.0011240 seconds, Stopping threads took: 0.0001370 seconds
162.327: Application time: 0.0386440 seconds
162.327: [GC162.327: [ParNew: 17547K->1546K(18048K), 0.0008470 secs] 48718K->33301K(57984K), 0.0008790 secs] [Times: user=0.01 sys=0.00, real=0.00 secs] 
162.328: Total time for which application threads were stopped: 0.0010060 seconds, Stopping threads took: 0.0000620 seconds
162.368: Application time: 0.0400100 seconds
162.368: [GC162.368: [ParNew: 17595K->1576K(18048K), 0.0006630 secs] 49351K->33332K(57984K), 0.0006890 secs] [Times: user=0.00 sys=0.00, real=0.00 secs] 
162.369: Total time for which application threads were stopped: 0.0008150 seconds, Stopping threads took: 0.0000680 seconds
162.408: Application time: 0.0394490 seconds
162.408: [GC162.408: [ParNew: 17538K->1544K(18048K), 0.0008700 secs] 49294K->33876K(57984K), 0.0008980 secs] [Times: user=0.01 sys=0.00, real=0.00 secs] 
162.409: Total time for which application threads were stopped: 0.0010320 seconds, Stopping threads took: 0.0000700 seconds
162.449: Application time: 0.0398120 seconds
162.449: [GC162.449: [ParNew: 17512K->1544K(18048K), 0.0006580 secs] 49844K->33876K(57984K), 0.0006880 secs] [Times: user=0.00 sys=0.01, real=0.00 secs] 
162.450: Total time for which application threads were stopped: 0.0008400 seconds, Stopping threads took: 0.0000850 seconds
162.490: Application time: 0.0406990 seconds
162.491: [GC162.491: [ParNew: 17514K->1030K(18048K), 0.0004940 secs] 49846K->33361K(57984K), 0.0005220 secs] [Times: user=0.00 sys=0.00, real=0.00 secs] 
162.491: Total time for which application threads were stopped: 0.0006560 seconds, Stopping threads took: 0.0000740 seconds
162.531: Application time: 0.0397520 seconds
162.531: [GC162.531: [ParNew: 16998K->526K(18048K), 0.0003280 secs] 49330K->32858K(57984K), 0.0003530 secs] [Times: user=0.00 sys=0.00, real=0.00 secs] 
162.531: Total time for which application threads were stopped: 0.0004820 seconds, Stopping threads took: 0.0000760 seconds
162.571: Application time: 0.0398690 seconds
162.571: [GC162.571: [ParNew: 16494K->522K(18048K), 0.0003270 secs] 48826K->32854K(57984K), 0.0003540 secs] [Times: user=0.00 sys=0.00, real=0.00 secs] 
162.572: Total time for which application threads were stopped: 0.0004790 seconds, Stopping threads took: 0.0000680 seconds
162.609: Application time: 0.0371270 seconds
162.609: [GC162.609: [ParNew: 16476K->1548K(18048K), 0.0008400 secs] 48808K->34392K(57984K), 0.0008700 secs] [Times: user=0.00 sys=0.00, real=0.00 secs] 
162.610: Total time for which application threads were stopped: 0.0010250 seconds, Stopping threads took: 0.0000860 seconds
162.649: Application time: 0.0389710 seconds
162.649: [GC162.649: [ParNew: 17514K->1546K(18048K), 0.0007930 secs] 50358K->34902K(57984K), 0.0008230 secs] [Times: user=0.00 sys=0.00, real=0.00 secs] 
162.650: Total time for which application threads were stopped: 0.0009750 seconds, Stopping threads took: 0.0000920 seconds
162.690: Application time: 0.0402110 seconds
162.690: [GC162.690: [ParNew: 17517K->1546K(18048K), 0.0006440 secs] 50872K->34902K(57984K), 0.0006700 secs] [Times: user=0.01 sys=0.00, real=0.00 secs] 
162.691: Total time for which application threads were stopped: 0.0007910 seconds, Stopping threads took: 0.0000610 seconds
162.730: Application time: 0.0388280 seconds
162.730: [GC162.730: [ParNew: 17599K->1588K(18048K), 0.0006650 secs] 50955K->34944K(57984K), 0.0006960 secs] [Times: user=0.00 sys=0.00, real=0.00 secs] 
162.730: Total time for which application threads were stopped: 0.0008110 seconds, Stopping threads took: 0.0000540 seconds
162.770: Application time: 0.0397050 seconds
162.770: [GC162.770: [ParNew: 17625K->1580K(18048K), 0.0006870 secs] 50981K->35008K(57984K), 0.0007170 secs] [Times: user=0.01 sys=0.00, real=0.00 secs] 
162.771: Total time for which application threads were stopped: 0.0008330 seconds, Stopping threads took: 0.0000550 seconds
162.808: Application time: 0.0365540 seconds
162.808: [GC162.808: [ParNew: 17339K->1662K(18048K), 0.0008270 secs] 50767K->35650K(57984K), 0.0008600 secs] [Times: user=0.00 sys=0.00, real=0.00 secs] 
162.809: Total time for which application threads were stopped: 0.0009950 seconds, Stopping threads took: 0.0000700 seconds
162.848: Application time: 0.0397990 seconds
162.848: [GC162.849: [ParNew: 17629K->1544K(18048K), 0.0009330 secs] 51617K->36200K(57984K), 0.0009610 secs] [Times: user=0.01 sys=0.00, real=0.00 secs] 
162.849: Total time for which application threads were stopped: 0.0011290 seconds, Stopping threads took: 0.0001070 seconds
162.890: Application time: 0.0401550 seconds
162.890: [GC162.890: [ParNew: 17514K->1544K(18048K), 0.0006290 secs] 52171K->36200K(57984K), 0.0006560 secs] [Times: user=0.00 sys=0.00, real=0.00 secs] 
162.890: Total time for which application threads were stopped: 0.0007950 seconds, Stopping threads took: 0.0000790 seconds
162.931: Application time: 0.0405400 seconds
162.931: [GC162.931: [ParNew: 17514K->1036K(18048K), 0.0004330 secs] 52171K->35692K(57984K), 0.0004600 secs] [Times: user=0.00 sys=0.00, real=0.00 secs] 
162.932: Total time for which application threads were stopped: 0.0005760 seconds, Stopping threads took: 0.0000590 seconds
162.972: Application time: 0.0405210 seconds
162.972: [GC162.972: [ParNew: 17085K->556K(18048K), 0.0003140 secs] 51741K->35212K(57984K), 0.0003480 secs] [Times: user=0.00 sys=0.00, real=0.00 secs] 
162.973: Total time for which application threads were stopped: 0.0004660 seconds, Stopping threads took: 0.0000620 seconds
163.012: Application time: 0.0394260 seconds
163.012: [GC163.012: [ParNew: 16527K->40K(18048K), 0.0003290 secs] 51183K->34696K(57984K), 0.0003570 secs] [Times: user=0.01 sys=0.00, real=0.00 secs] 
163.012: Total time for which application threads were stopped: 0.0004730 seconds, Stopping threads took: 0.0000620 seconds
163.047: Application time: 0.0350000 seconds
163.048: [GC163.048: [ParNew: 16060K->1606K(18048K), 0.0012190 secs] 50716K->37798K(57984K), 0.0012530 secs] [Times: user=0.01 sys=0.00, real=0.00 secs] 
163.049: Total time for which application threads were stopped: 0.0013970 seconds, Stopping threads took: 0.0000760 seconds
163.089: Application time: 0.0400200 seconds
163.089: [GC163.089: [ParNew: 17577K->1550K(18048K), 0.0009850 secs] 53769K->38862K(57984K), 0.0010170 secs] [Times: user=0.00 sys=0.00, real=0.00 secs] 
163.090: Total time for which application threads were stopped: 0.0011630 seconds, Stopping threads took: 0.0000810 seconds
163.132: Application time: 0.0414930 seconds
163.132: [GC163.132: [ParNew: 17516K->1546K(18048K), 0.0009810 secs] 54829K->39882K(57984K), 0.0010130 secs] [Times: user=0.01 sys=0.00, real=0.00 secs] 
163.133: Total time for which application threads were stopped: 0.0011620 seconds, Stopping threads took: 0.0000740 seconds
163.172: Application time: 0.0396770 seconds
163.172: [GC163.172: [ParNew: 17517K->1548K(18048K), 0.0007990 secs] 55853K->40396K(57984K), 0.0008280 secs] [Times: user=0.00 sys=0.00, real=0.00 secs] 
163.173: Total time for which application threads were stopped: 0.0009600 seconds, Stopping threads took: 0.0000700 seconds
163.215: Application time: 0.0416930 seconds
163.215: [GC163.215: [ParNew: 17519K->1546K(18048K), 0.0006340 secs] 56367K->40394K(57984K), 0.0006630 secs] [Times: user=0.00 sys=0.00, real=0.00 secs] 
163.216: Total time for which application threads were stopped: 0.0008250 seconds, Stopping threads took: 0.0001020 seconds
163.255: Application time: 0.0395910 seconds
163.256: [GC163.256: [ParNew: 17517K->1032K(18048K), 0.0004810 secs] 56365K->39880K(57984K), 0.0005120 secs] [Times: user=0.00 sys=0.00, real=0.00 secs] 
163.256: Total time for which application threads were stopped: 0.0006550 seconds, Stopping threads took: 0.0000860 seconds
163.297: Application time: 0.0404650 seconds
163.297: [GC163.297: [ParNew: 17002K->522K(18048K), 0.0004140 secs] 55851K->39370K(57984K), 0.0004410 secs] [Times: user=0.01 sys=0.00, real=0.00 secs] 
163.297: Total time for which application threads were stopped: 0.0005690 seconds, Stopping threads took: 0.0000730 seconds
163.337: Application time: 0.0400150 seconds
163.337: [GC163.337: [ParNew: 16488K->522K(18048K), 0.0003670 secs] 55337K->39370K(57984K), 0.0003920 secs] [Times: user=0.01 sys=0.00, real=0.00 secs] 
163.338: Total time for which application threads were stopped: 0.0005060 seconds, Stopping threads took: 0.0000620 seconds
163.377: Application time: 0.0395890 seconds
163.377: [GC163.377: [ParNew: 16480K->1546K(18048K), 0.0006280 secs] 55328K->40394K(57984K), 0.0006570 secs] [Times: user=0.00 sys=0.00, real=0.00 secs] 
163.378: Total time for which application threads were stopped: 0.0007820 seconds, Stopping threads took: 0.0000630 seconds
163.416: Application time: 0.0381080 seconds
163.416: [GC163.416: [ParNew: 17144K->1606K(18048K), 0.0009720 secs] 55993K->41478K(57984K), 0.0010050 secs] [Times: user=0.00 sys=0.00, real=0.01 secs] 
163.417: Total time for which application threads were stopped: 0.0011430 seconds, Stopping threads took: 0.0000750 seconds
163.457: Application time: 0.0397260 seconds
163.457: [GC163.457: [ParNew: 17295K->17295K(18048K), 0.0000110 secs]163.457: [Tenured: 39872K->7772K(39936K), 0.0053120 secs] 57168K->7772K(57984K), [Perm : 5179K->5179K(21248K)], 0.0053670 secs] [Times: user=0.00 sys=0.00, real=0.01 secs] 
163.463: Total time for which application threads were stopped: 0.0055110 seconds, Stopping threads took: 0.0000660 seconds
163.503: Application time: 0.0409010 seconds
163.504: [GC163.504: [ParNew: 16044K->1578K(18048K), 0.0007470 secs] 23817K->9862K(57984K), 0.0007790 secs] [Times: user=0.01 sys=0.00, real=0.00 secs] 
163.504: Total time for which application threads were stopped: 0.0009120 seconds, Stopping threads took: 0.0000710 seconds
163.545: Application time: 0.0407120 seconds
163.545: [GC163.545: [ParNew: 17549K->1546K(18048K), 0.0006110 secs] 25833K->9902K(57984K), 0.0006400 secs] [Times: user=0.01 sys=0.00, real=0.00 secs] 
163.546: Total time for which application threads were stopped: 0.0007820 seconds, Stopping threads took: 0.0000760 seconds
163.585: Application time: 0.0389290 seconds
163.585: [GC163.585: [ParNew: 17514K->1036K(18048K), 0.0004860 secs] 25871K->9392K(57984K), 0.0005170 secs] [Times: user=0.00 sys=0.00, real=0.01 secs] 
163.585: Total time for which application threads were stopped: 0.0006730 seconds, Stopping threads took: 0.0000980 seconds
163.626: Application time: 0.0405140 seconds
163.626: [GC163.626: [ParNew: 17004K->1034K(18048K), 0.0004540 secs] 25361K->9390K(57984K), 0.0004830 secs] [Times: user=0.01 sys=0.00, real=0.00 secs] 
163.627: Total time for which application threads were stopped: 0.0006020 seconds, Stopping threads took: 0.0000610 seconds
163.667: Application time: 0.0403860 seconds
163.667: [GC163.667: [ParNew: 17079K->1064K(18048K), 0.0005240 secs] 25435K->9420K(57984K), 0.0005530 secs] [Times: user=0.00 sys=0.00, real=0.00 secs] 
163.668: Total time for which application threads were stopped: 0.0006910 seconds, Stopping threads took: 0.0000720 seconds
163.706: Application time: 0.0381840 seconds
163.706: [GC163.706: [ParNew: 17026K->1548K(18048K), 0.0005830 secs] 25383K->9976K(57984K), 0.0006140 secs] [Times: user=0.00 sys=0.00, real=0.00 secs] 
163.707: Total time for which application threads were stopped: 0.0007510 seconds, Stopping threads took: 0.0000740 seconds
163.745: Application time: 0.0382420 seconds
163.745: [GC163.745: [ParNew: 17580K->1578K(18048K), 0.0011890 secs] 26008K->11542K(57984K), 0.0012250 secs] [Times: user=0.01 sys=0.00, real=0.01 secs] 
163.746: Total time for which application threads were stopped: 0.0013610 seconds, Stopping threads took: 0.0000690 seconds
163.787: Application time: 0.0403870 seconds
163.787: [GC163.787: [ParNew: 17544K->1548K(18048K), 0.0011190 secs] 27509K->13120K(57984K), 0.0011550 secs] [Times: user=0.01 sys=0.00, real=0.00 secs] 
163.788: Total time for which application threads were stopped: 0.0013190 seconds, Stopping threads took: 0.0000970 seconds
163.826: Application time: 0.0381630 seconds
163.826: [GC163.826: [ParNew: 17519K->1548K(18048K), 0.0009810 secs] 29091K->14144K(57984K), 0.0010120 secs] [Times: user=0.01 sys=0.00, real=0.00 secs] 
163.827: Total time for which application threads were stopped: 0.0011710 seconds, Stopping threads took: 0.0000970 seconds
163.868: Application time: 0.0409650 seconds
163.868: [GC163.868: [ParNew: 17519K->1546K(18048K), 0.0007850 secs] 30115K->14654K(57984K), 0.0008130 secs] [Times: user=0.01 sys=0.00, real=0.00 secs] 
163.869: Total time for which application threads were stopped: 0.0009270 seconds, Stopping threads took: 0.0000550 seconds
163.909: Application time: 0.0396090 seconds
163.909: [GC163.909: [ParNew: 17508K->1548K(18048K), 0.0009540 secs] 30617K->15680K(57984K), 0.0009870 secs] [Times: user=0.01 sys=0.00, real=0.00 secs] 
163.910: Total time for which application threads were stopped: 0.0011240 seconds, Stopping threads took: 0.0000730 seconds
163.953: Application time: 0.0428060 seconds
163.953: [GC163.953: [ParNew: 17525K->526K(18048K), 0.0003370 secs] 31657K->14658K(57984K), 0.0003620 secs] [Times: user=0.00 sys=0.00, real=0.00 secs] 
163.953: Total time for which application threads were stopped: 0.0004830 seconds, Stopping threads took: 0.0000600 seconds
163.990: Application time: 0.0368620 seconds
163.990: [GC163.990: [ParNew: 16486K->1546K(18048K), 0.0006250 secs] 30619K->15678K(57984K), 0.0006640 secs] [Times: user=0.00 sys=0.00, real=0.00 secs] 
163.991: Total time for which application threads were stopped: 0.0008770 seconds, Stopping threads took: 0.0001500 seconds
164.031: Application time: 0.0400570 seconds
164.031: [GC164.031: [ParNew: 17504K->1548K(18048K), 0.0009160 secs] 31637K->16704K(57984K), 0.0009470 secs] [Times: user=0.01 sys=0.00, real=0.00 secs] 
164.032: Total time for which application threads were stopped: 0.0010770 seconds, Stopping threads took: 0.0000640 seconds
164.073: Application time: 0.0406430 seconds
164.073: [GC164.073: [ParNew: 17597K->1580K(18048K), 0.0007780 secs] 32753K->17248K(57984K), 0.0008090 secs] [Times: user=0.00 sys=0.00, real=0.00 secs] 
164.074: Total time for which application threads were stopped: 0.0009350 seconds, Stopping threads took: 0.0000660 seconds
164.113: Application time: 0.0395050 seconds
164.113: [GC164.113: [ParNew: 17191K->1606K(18048K), 0.0006580 secs] 32859K->17354K(57984K), 0.0006850 secs] [Times: user=0.01 sys=0.00, real=0.00 secs] 
164.114: Total time for which application threads were stopped: 0.0008230 seconds, Stopping threads took: 0.0000780 seconds
164.152: Application time: 0.0383070 seconds
164.152: [GC164.152: [ParNew: 17291K->1636K(18048K), 0.0007100 secs] 33040K->17489K(57984K), 0.0007410 secs] [Times: user=0.00 sys=0.00, real=0.00 secs] 
164.153: Total time for which application threads were stopped: 0.0009690 seconds, Stopping threads took: 0.0001660 seconds
164.194: Application time: 0.0406100 seconds
164.194: [GC164.194: [ParNew: 17603K->1548K(18048K), 0.0006210 secs] 33455K->17536K(57984K), 0.0006500 secs] [Times: user=0.00 sys=0.00, real=0.00 secs] 
164.195: Total time for which application threads were stopped: 0.0008010 seconds, Stopping threads took: 0.0000830 seconds
164.232: Application time: 0.0369750 seconds
164.232: [GC164.232: [ParNew: 17506K->1548K(18048K), 0.0010270 secs] 33495K->18560K(57984K), 0.0010580 secs] [Times: user=0.01 sys=0.00, real=0.00 secs] 
164.233: Total time for which application threads were stopped: 0.0012080 seconds, Stopping threads took: 0.0000850 seconds
164.274: Application time: 0.0410180 seconds
164.274: [GC164.274: [ParNew: 17514K->1546K(18048K), 0.0010140 secs] 34527K->19582K(57984K), 0.0010450 secs] [Times: user=0.00 sys=0.00, real=0.00 secs] 
164.275: Total time for which application threads were stopped: 0.0011730 seconds, Stopping threads took: 0.0000650 seconds
164.315: Application time: 0.0396990 seconds
164.315: [GC164.315: [ParNew: 17517K->1546K(18048K), 0.0009020 secs] 35553K->20094K(57984K), 0.0009350 secs] [Times: user=0.01 sys=0.00, real=0.00 secs] 
164.316: Total time for which application threads were stopped: 0.0010910 seconds, Stopping threads took: 0.0000920 seconds
164.356: Application time: 0.0397110 seconds
164.356: [GC164.356: [ParNew: 17590K->1580K(18048K), 0.0008170 secs] 36139K->20641K(57984K), 0.0008510 secs] [Times: user=0.01 sys=0.00, real=0.00 secs] 
164.357: Total time for which application threads were stopped: 0.0009790 seconds, Stopping threads took: 0.0000610 seconds
164.396: Application time: 0.0392870 seconds
164.396: [GC164.396: [ParNew: 17546K->1548K(18048K), 0.0007780 secs] 36607K->21185K(57984K), 0.0008060 secs] [Times: user=0.00 sys=0.00, real=0.00 secs] 
164.397: Total time for which application threads were stopped: 0.0009270 seconds, Stopping threads took: 0.0000600 seconds
164.437: Application time: 0.0403370 seconds
164.437: [GC164.437: [ParNew: 17597K->1578K(18048K), 0.0006430 secs] 37234K->21215K(57984K), 0.0006740 secs] [Times: user=0.01 sys=0.00, real=0.00 secs] 
164.438: Total time for which application threads were stopped: 0.0008210 seconds, Stopping threads took: 0.0000800 seconds
164.477: Application time: 0.0395750 seconds
164.478: [GC164.478: [ParNew: 17544K->1546K(18048K), 0.0006430 secs] 37181K->21247K(57984K), 0.0006690 secs] [Times: user=0.01 sys=0.00, real=0.00 secs] 
164.478: Total time for which application threads were stopped: 0.0007930 seconds, Stopping threads took: 0.0000660 seconds
164.519: Application time: 0.0411550 seconds
164.520: [GC164.520: [ParNew: 17504K->1546K(18048K), 0.0010200 secs] 37205K->22271K(57984K), 0.0010600 secs] [Times: user=0.01 sys=0.00, real=0.00 secs] 
164.521: Total time for which application threads were stopped: 0.0012140 seconds, Stopping threads took: 0.0000880 seconds
164.561: Application time: 0.0402530 seconds
164.561: [GC164.561: [ParNew: 17517K->1546K(18048K), 0.0008340 secs] 38242K->22783K(57984K), 0.0008670 secs] [Times: user=0.00 sys=0.00, real=0.00 secs] 
164.562: Total time for which application threads were stopped: 0.0010090 seconds, Stopping threads took: 0.0000790 seconds
164.601: Application time: 0.0394620 seconds
164.601: [GC164.601: [ParNew: 17517K->1546K(18048K), 0.0005990 secs] 38754K->22783K(57984K), 0.0006280 secs] [Times: user=0.00 sys=0.00, real=0.00 secs] 
164.602: Total time for which application threads were stopped: 0.0007530 seconds, Stopping threads took: 0.0000650 seconds
164.643: Application time: 0.0404520 seconds
164.643: [GC164.643: [ParNew: 17508K->1548K(18048K), 0.0008300 secs] 38745K->23297K(57984K), 0.0008630 secs] [Times: user=0.01 sys=0.00, real=0.00 secs] 
164.644: Total time for which application threads were stopped: 0.0010130 seconds, Stopping threads took: 0.0000860 seconds
164.683: Application time: 0.0398960 seconds
164.684: [GC164.684: [ParNew: 17519K->1546K(18048K), 0.0005910 secs] 39268K->23295K(57984K), 0.0006190 secs] [Times: user=0.01 sys=0.00, real=0.00 secs] 
164.684: Total time for which application threads were stopped: 0.0007410 seconds, Stopping threads took: 0.0000650 seconds
164.723: Application time: 0.0389880 seconds
164.723: [GC164.723: [ParNew: 17512K->1548K(18048K), 0.0005990 secs] 39261K->23297K(57984K), 0.0006280 secs] [Times: user=0.00 sys=0.00, real=0.00 secs] 
164.724: Total time for which application threads were stopped: 0.0007820 seconds, Stopping threads took: 0.0000870 seconds
164.762: Application time: 0.0381920 seconds
164.762: [GC164.762: [ParNew: 17608K->1604K(18048K), 0.0009670 secs] 39357K->24377K(57984K), 0.0010000 secs] [Times: user=0.01 sys=0.00, real=0.00 secs] 
164.763: Total time for which application threads were stopped: 0.0011320 seconds, Stopping threads took: 0.0000690 seconds
164.804: Application time: 0.0405840 seconds
164.804: [GC164.804: [ParNew: 17271K->1634K(18048K), 0.0007350 secs] 40044K->24463K(57984K), 0.0007630 secs] [Times: user=0.00 sys=0.00, real=0.00 secs] 
164.805: Total time for which application threads were stopped: 0.0010130 seconds, Stopping threads took: 0.0001880 seconds
164.844: Application time: 0.0386330 seconds
164.844: [GC164.844: [ParNew: 17237K->1608K(18048K), 0.0008760 secs] 40066K->25085K(57984K), 0.0009080 secs] [Times: user=0.00 sys=0.00, real=0.00 secs] 
164.845: Total time for which application threads were stopped: 0.0010300 seconds, Stopping threads took: 0.0000580 seconds
164.884: Application time: 0.0397700 seconds
164.884: [GC164.884: [ParNew: 17579K->1544K(18048K), 0.0006630 secs] 41056K->25117K(57984K), 0.0006890 secs] [Times: user=0.00 sys=0.01, real=0.01 secs] 
164.885: Total time for which application threads were stopped: 0.0008160 seconds, Stopping threads took: 0.0000610 seconds
164.925: Application time: 0.0402130 seconds
164.926: [GC164.926: [ParNew: 17514K->1034K(18048K), 0.0005480 secs] 41088K->24607K(57984K), 0.0005770 secs] [Times: user=0.01 sys=0.00, real=0.00 secs] 
164.926: Total time for which application threads were stopped: 0.0007080 seconds, Stopping threads took: 0.0000760 seconds
164.965: Application time: 0.0389870 seconds
164.965: [GC164.965: [ParNew: 17000K->1034K(18048K), 0.0005150 secs] 40574K->24607K(57984K), 0.0005440 secs] [Times: user=0.01 sys=0.00, real=0.00 secs] 
164.966: Total time for which application threads were stopped: 0.0007700 seconds, Stopping threads took: 0.0001700 seconds
165.007: Application time: 0.0407100 seconds
165.007: [GC165.007: [ParNew: 16992K->1550K(18048K), 0.0006110 secs] 40565K->25123K(57984K), 0.0006370 secs] [Times: user=0.01 sys=0.00, real=0.00 secs] 
165.007: Total time for which application threads were stopped: 0.0008020 seconds, Stopping threads took: 0.0001100 seconds
165.045: Application time: 0.0371670 seconds
165.045: [GC165.045: [ParNew: 17584K->1578K(18048K), 0.0013520 secs] 41157K->26687K(57984K), 0.0013930 secs] [Times: user=0.01 sys=0.00, real=0.01 secs] 
165.046: Total time for which application threads were stopped: 0.0015350 seconds, Stopping threads took: 0.0000780 seconds
165.088: Application time: 0.0419560 seconds
165.088: [GC165.088: [ParNew: 17629K->1580K(18048K), 0.0007690 secs] 42738K->27273K(57984K), 0.0007990 secs] [Times: user=0.01 sys=0.00, real=0.00 secs] 
165.089: Total time for which application threads were stopped: 0.0009330 seconds, Stopping threads took: 0.0000710 seconds
165.128: Application time: 0.0393010 seconds
165.128: [GC165.128: [ParNew: 17546K->1546K(18048K), 0.0008170 secs] 43240K->27823K(57984K), 0.0008480 secs] [Times: user=0.01 sys=0.00, real=0.00 secs] 
165.129: Total time for which application threads were stopped: 0.0010070 seconds, Stopping threads took: 0.0000940 seconds
165.169: Application time: 0.0396490 seconds
165.169: [GC165.169: [ParNew: 17508K->1548K(18048K), 0.0009740 secs] 43786K->28849K(57984K), 0.0010080 secs] [Times: user=0.01 sys=0.00, real=0.00 secs] 
165.170: Total time for which application threads were stopped: 0.0011460 seconds, Stopping threads took: 0.0000740 seconds
165.209: Application time: 0.0388080 seconds
165.209: [GC165.209: [ParNew: 17510K->1552K(18048K), 0.0011790 secs] 44812K->30389K(57984K), 0.0012140 secs] [Times: user=0.00 sys=0.00, real=0.00 secs] 
165.210: Total time for which application threads were stopped: 0.0013820 seconds, Stopping threads took: 0.0001040 seconds
165.251: Application time: 0.0406860 seconds
165.251: [GC165.251: [ParNew: 17523K->1548K(18048K), 0.0009440 secs] 46360K->31409K(57984K), 0.0009760 secs] [Times: user=0.00 sys=0.00, real=0.00 secs] 
165.252: Total time for which application threads were stopped: 0.0011220 seconds, Stopping threads took: 0.0000720 seconds
165.292: Application time: 0.0394170 seconds
165.292: [GC165.292: [ParNew: 17519K->1548K(18048K), 0.0007710 secs] 47380K->31921K(57984K), 0.0008010 secs] [Times: user=0.00 sys=0.00, real=0.00 secs] 
165.292: Total time for which application threads were stopped: 0.0009430 seconds, Stopping threads took: 0.0000810 seconds
165.333: Application time: 0.0404600 seconds
165.333: [GC165.333: [ParNew: 17519K->1546K(18048K), 0.0007020 secs] 47892K->31919K(57984K), 0.0007300 secs] [Times: user=0.00 sys=0.00, real=0.00 secs] 
165.334: Total time for which application threads were stopped: 0.0008710 seconds, Stopping threads took: 0.0000820 seconds
165.375: Application time: 0.0407090 seconds
165.375: [GC165.375: [ParNew: 17508K->1548K(18048K), 0.0008300 secs] 47882K->32433K(57984K), 0.0008620 secs] [Times: user=0.00 sys=0.00, real=0.00 secs] 
165.376: Total time for which application threads were stopped: 0.0010100 seconds, Stopping threads took: 0.0000850 seconds
165.416: Application time: 0.0406690 seconds
165.416: [GC165.416: [ParNew: 17603K->1584K(18048K), 0.0007100 secs] 48488K->32469K(57984K), 0.0007390 secs] [Times: user=0.01 sys=0.00, real=0.00 secs] 
165.417: Total time for which application threads were stopped: 0.0008660 seconds, Stopping threads took: 0.0000680 seconds
165.455: Application time: 0.0381130 seconds
165.455: [GC165.455: [ParNew: 17257K->1634K(18048K), 0.0008080 secs] 48142K->33095K(57984K), 0.0008380 secs] [Times: user=0.01 sys=0.00, real=0.00 secs] 
165.456: Total time for which application threads were stopped: 0.0009620 seconds, Stopping threads took: 0.0000620 seconds
165.495: Application time: 0.0388710 seconds
165.495: [GC165.495: [ParNew: 17687K->1584K(18048K), 0.0009030 secs] 49148K->33681K(57984K), 0.0009310 secs] [Times: user=0.01 sys=0.00, real=0.00 secs] 
165.496: Total time for which application threads were stopped: 0.0010690 seconds, Stopping threads took: 0.0000760 seconds
165.536: Application time: 0.0403410 seconds
165.537: [GC165.537: [ParNew: 17621K->1578K(18048K), 0.0006740 secs] 49718K->33747K(57984K), 0.0007120 secs] [Times: user=0.01 sys=0.00, real=0.01 secs] 
165.537: Total time for which application threads were stopped: 0.0008790 seconds, Stopping threads took: 0.0001070 seconds
165.576: Application time: 0.0387430 seconds
165.576: [GC165.576: [ParNew: 17538K->1548K(18048K), 0.0009530 secs] 49708K->34797K(57984K), 0.0009850 secs] [Times: user=0.00 sys=0.00, real=0.00 secs] 
165.577: Total time for which application threads were stopped: 0.0011370 seconds, Stopping threads took: 0.0000740 seconds
165.618: Application time: 0.0405990 seconds
165.618: [GC165.618: [ParNew: 17519K->1546K(18048K), 0.0007910 secs] 50768K->35307K(57984K), 0.0008210 secs] [Times: user=0.00 sys=0.00, real=0.00 secs] 
165.619: Total time for which application threads were stopped: 0.0009500 seconds, Stopping threads took: 0.0000680 seconds
165.658: Application time: 0.0397210 seconds
165.659: [GC165.659: [ParNew: 17514K->1548K(18048K), 0.0006310 secs] 51276K->35309K(57984K), 0.0006610 secs] [Times: user=0.00 sys=0.00, real=0.00 secs] 
165.659: Total time for which application threads were stopped: 0.0007790 seconds, Stopping threads took: 0.0000580 seconds
165.699: Application time: 0.0397580 seconds
165.699: [GC165.699: [ParNew: 17597K->1066K(18048K), 0.0004370 secs] 51358K->34828K(57984K), 0.0004640 secs] [Times: user=0.00 sys=0.00, real=0.00 secs] 
165.700: Total time for which application threads were stopped: 0.0005890 seconds, Stopping threads took: 0.0000690 seconds
165.740: Application time: 0.0408150 seconds
165.740: [GC165.741: [ParNew: 17037K->522K(18048K), 0.0003150 secs] 50798K->34347K(57984K), 0.0003400 secs] [Times: user=0.00 sys=0.00, real=0.00 secs] 
165.741: Total time for which application threads were stopped: 0.0004510 seconds, Stopping threads took: 0.0000540 seconds
165.779: Application time: 0.0380950 seconds
165.779: [GC165.779: [ParNew: 16562K->1066K(18048K), 0.0004600 secs] 50388K->34892K(57984K), 0.0004850 secs] [Times: user=0.00 sys=0.00, real=0.00 secs] 
165.780: Total time for which application threads were stopped: 0.0006130 seconds, Stopping threads took: 0.0000610 seconds
165.819: Application time: 0.0397230 seconds
165.819: [GC165.819: [ParNew: 17032K->1036K(18048K), 0.0005140 secs] 50858K->34918K(57984K), 0.0005410 secs] [Times: user=0.00 sys=0.00, real=0.00 secs] 
165.820: Total time for which application threads were stopped: 0.0006630 seconds, Stopping threads took: 0.0000640 seconds
165.858: Application time: 0.0384500 seconds
165.859: [GC165.859: [ParNew: 16990K->1548K(18048K), 0.0010260 secs] 50872K->36454K(57984K), 0.0010560 secs] [Times: user=0.01 sys=0.00, real=0.00 secs] 
165.860: Total time for which application threads were stopped: 0.0012040 seconds, Stopping threads took: 0.0000830 seconds
165.899: Application time: 0.0396460 seconds
165.899: [GC165.899: [ParNew: 17519K->1548K(18048K), 0.0008780 secs] 52424K->36966K(57984K), 0.0009070 secs] [Times: user=0.01 sys=0.00, real=0.00 secs] 
165.900: Total time for which application threads were stopped: 0.0010430 seconds, Stopping threads took: 0.0000720 seconds
165.940: Application time: 0.0400740 seconds
165.940: [GC165.940: [ParNew: 17514K->1548K(18048K), 0.0007990 secs] 52932K->37478K(57984K), 0.0008300 secs] [Times: user=0.01 sys=0.00, real=0.00 secs] 
165.941: Total time for which application threads were stopped: 0.0009520 seconds, Stopping threads took: 0.0000580 seconds
165.982: Application time: 0.0403270 seconds
165.982: [GC165.982: [ParNew: 17521K->1034K(18048K), 0.0004980 secs] 53450K->36964K(57984K), 0.0005250 secs] [Times: user=0.00 sys=0.00, real=0.00 secs] 
165.982: Total time for which application threads were stopped: 0.0006370 seconds, Stopping threads took: 0.0000540 seconds
166.022: Application time: 0.0399820 seconds
166.022: [GC166.022: [ParNew: 16996K->1544K(18048K), 0.0006860 secs] 52926K->37474K(57984K), 0.0007140 secs] [Times: user=0.00 sys=0.00, real=0.00 secs] 
166.023: Total time for which application threads were stopped: 0.0008390 seconds, Stopping threads took: 0.0000650 seconds
166.063: Application time: 0.0398240 seconds
166.063: [GC166.063: [ParNew: 17514K->1032K(18048K), 0.0004840 secs] 53444K->36962K(57984K), 0.0005180 secs] [Times: user=0.00 sys=0.00, real=0.00 secs] 
166.064: Total time for which application threads were stopped: 0.0006470 seconds, Stopping threads took: 0.0000730 seconds
166.102: Application time: 0.0381950 seconds
166.102: [GC166.102: [ParNew: 16717K->1124K(18048K), 0.0004460 secs] 52647K->37054K(57984K), 0.0004740 secs] [Times: user=0.00 sys=0.00, real=0.00 secs] 
166.102: Total time for which application threads were stopped: 0.0005870 seconds, Stopping threads took: 0.0000570 seconds
166.143: Application time: 0.0401780 seconds
166.143: [GC166.143: [ParNew: 17169K->554K(18048K), 0.0003780 secs] 53099K->36620K(57984K), 0.0004040 secs] [Times: user=0.00 sys=0.00, real=0.00 secs] 
166.143: Total time for which application threads were stopped: 0.0005250 seconds, Stopping threads took: 0.0000670 seconds
166.179: Application time: 0.0360530 seconds
166.179: [GC166.179: [ParNew: 16146K->1636K(18048K), 0.0009870 secs] 52212K->38726K(57984K), 0.0010310 secs] [Times: user=0.01 sys=0.00, real=0.00 secs] 
166.180: Total time for which application threads were stopped: 0.0011710 seconds, Stopping threads took: 0.0000740 seconds
166.221: Application time: 0.0411760 seconds
166.222: [GC166.222: [ParNew: 17603K->1546K(18048K), 0.0010240 secs] 54693K->39796K(57984K), 0.0010540 secs] [Times: user=0.00 sys=0.00, real=0.00 secs] 
166.223: Total time for which application threads were stopped: 0.0011910 seconds, Stopping threads took: 0.0000750 seconds
166.263: Application time: 0.0398280 seconds
166.263: [GC166.263: [ParNew: 17517K->1548K(18048K), 0.0008070 secs] 55767K->40310K(57984K), 0.0008360 secs] [Times: user=0.01 sys=0.00, real=0.00 secs] 
166.263: Total time for which application threads were stopped: 0.0009740 seconds, Stopping threads took: 0.0000750 seconds
166.302: Application time: 0.0389930 seconds
166.303: [GC166.303: [ParNew: 17514K->1548K(18048K), 0.0008510 secs] 56277K->40822K(57984K), 0.0008780 secs] [Times: user=0.01 sys=0.00, real=0.00 secs] 
166.304: Total time for which application threads were stopped: 0.0010350 seconds, Stopping threads took: 0.0000880 seconds
166.344: Application time: 0.0403540 seconds
166.344: [GC166.344: [ParNew: 17514K->1548K(18048K), 0.0008310 secs] 56789K->41334K(57984K), 0.0008630 secs] [Times: user=0.01 sys=0.00, real=0.00 secs] 
166.345: Total time for which application threads were stopped: 0.0010610 seconds, Stopping threads took: 0.0001340 seconds
166.385: Application time: 0.0403310 seconds
166.385: [GC166.385: [ParNew: 17593K->17593K(18048K), 0.0000100 secs]166.385: [Tenured: 39786K->9452K(39936K), 0.0052360 secs] 57379K->9452K(57984K), [Perm : 5179K->5179K(21248K)], 0.0052900 secs] [Times: user=0.00 sys=0.00, real=0.00 secs] 
166.391: Total time for which application threads were stopped: 0.0054700 seconds, Stopping threads took: 0.0001140 seconds
166.430: Application time: 0.0390940 seconds
166.430: [GC166.430: [ParNew: 15966K->1548K(18048K), 0.0008030 secs] 25419K->11512K(57984K), 0.0008320 secs] [Times: user=0.00 sys=0.00, real=0.00 secs] 
166.431: Total time for which application threads were stopped: 0.0009820 seconds, Stopping threads took: 0.0000890 seconds
166.472: Application time: 0.0410660 seconds
166.472: [GC166.472: [ParNew: 17597K->1578K(18048K), 0.0006070 secs] 27562K->11542K(57984K), 0.0006380 secs] [Times: user=0.00 sys=0.00, real=0.00 secs] 
166.473: Total time for which application threads were stopped: 0.0007890 seconds, Stopping threads took: 0.0000920 seconds
166.513: Application time: 0.0399580 seconds
166.513: [GC166.513: [ParNew: 17544K->1546K(18048K), 0.0006980 secs] 27509K->11574K(57984K), 0.0007250 secs] [Times: user=0.00 sys=0.00, real=0.00 secs] 
166.514: Total time for which application threads were stopped: 0.0013930 seconds, Stopping threads took: 0.0006080 seconds
166.554: Application time: 0.0404310 seconds
166.555: [GC166.555: [ParNew: 17512K->1544K(18048K), 0.0005930 secs] 27541K->11572K(57984K), 0.0006210 secs] [Times: user=0.01 sys=0.00, real=0.00 secs] 
166.555: Total time for which application threads were stopped: 0.0007560 seconds, Stopping threads took: 0.0000650 seconds
166.596: Application time: 0.0405810 seconds
166.596: [GC166.596: [ParNew: 17506K->1546K(18048K), 0.0008270 secs] 27535K->12086K(57984K), 0.0008570 secs] [Times: user=0.01 sys=0.00, real=0.00 secs] 
166.597: Total time for which application threads were stopped: 0.0009980 seconds, Stopping threads took: 0.0000790 seconds
166.637: Application time: 0.0406270 seconds
166.638: [GC166.638: [ParNew: 17517K->1546K(18048K), 0.0005940 secs] 28057K->12086K(57984K), 0.0006220 secs] [Times: user=0.01 sys=0.00, real=0.00 secs] 
166.638: Total time for which application threads were stopped: 0.0007420 seconds, Stopping threads took: 0.0000610 seconds
166.678: Application time: 0.0398740 seconds
166.678: [GC166.678: [ParNew: 17516K->1036K(18048K), 0.0004780 secs] 28057K->11576K(57984K), 0.0005040 secs] [Times: user=0.01 sys=0.00, real=0.00 secs] 
166.679: Total time for which application threads were stopped: 0.0006420 seconds, Stopping threads took: 0.0000800 seconds
166.719: Application time: 0.0400500 seconds
166.719: [GC166.719: [ParNew: 17002K->1030K(18048K), 0.0004880 secs] 27543K->11570K(57984K), 0.0005160 secs] [Times: user=0.01 sys=0.00, real=0.00 secs] 
166.719: Total time for which application threads were stopped: 0.0006310 seconds, Stopping threads took: 0.0000560 seconds
166.757: Application time: 0.0379140 seconds
166.757: [GC166.757: [ParNew: 16711K->1636K(18048K), 0.0006480 secs] 27252K->12177K(57984K), 0.0006750 secs] [Times: user=0.01 sys=0.00, real=0.00 secs] 
166.758: Total time for which application threads were stopped: 0.0007970 seconds, Stopping threads took: 0.0000650 seconds
166.796: Application time: 0.0377230 seconds
166.796: [GC166.796: [ParNew: 17673K->1580K(18048K), 0.0009930 secs] 28213K->13273K(57984K), 0.0010260 secs] [Times: user=0.01 sys=0.00, real=0.00 secs] 
166.797: Total time for which application threads were stopped: 0.0011610 seconds, Stopping threads took: 0.0000720 seconds
166.838: Application time: 0.0414270 seconds
166.839: [GC166.839: [ParNew: 17551K->1548K(18048K), 0.0007810 secs] 29243K->13817K(57984K), 0.0008110 secs] [Times: user=0.01 sys=0.00, real=0.00 secs] 
166.839: Total time for which application threads were stopped: 0.0009420 seconds, Stopping threads took: 0.0000610 seconds
166.877: Application time: 0.0376090 seconds
166.877: [GC166.877: [ParNew: 17163K->1094K(18048K), 0.0004520 secs] 29432K->13363K(57984K), 0.0004790 secs] [Times: user=0.00 sys=0.00, real=0.01 secs] 
166.878: Total time for which application threads were stopped: 0.0006040 seconds, Stopping threads took: 0.0000680 seconds
166.918: Application time: 0.0404570 seconds
166.918: [GC166.918: [ParNew: 17056K->1546K(18048K), 0.0006130 secs] 29325K->13911K(57984K), 0.0006420 secs] [Times: user=0.01 sys=0.00, real=0.00 secs] 
166.919: Total time for which application threads were stopped: 0.0007680 seconds, Stopping threads took: 0.0000670 seconds
166.956: Application time: 0.0367230 seconds
166.956: [GC166.956: [ParNew: 17504K->1550K(18048K), 0.0009580 secs] 29869K->14939K(57984K), 0.0009900 secs] [Times: user=0.01 sys=0.00, real=0.00 secs] 
166.957: Total time for which application threads were stopped: 0.0011410 seconds, Stopping threads took: 0.0000880 seconds
166.998: Application time: 0.0410010 seconds
166.998: [GC166.998: [ParNew: 17525K->1034K(18048K), 0.0005010 secs] 30914K->14423K(57984K), 0.0005270 secs] [Times: user=0.01 sys=0.00, real=0.00 secs] 
166.998: Total time for which application threads were stopped: 0.0006480 seconds, Stopping threads took: 0.0000670 seconds
167.037: Application time: 0.0384390 seconds
167.037: [GC167.037: [ParNew: 16988K->1548K(18048K), 0.0010270 secs] 30377K->15961K(57984K), 0.0010580 secs] [Times: user=0.01 sys=0.00, real=0.01 secs] 
167.038: Total time for which application threads were stopped: 0.0011830 seconds, Stopping threads took: 0.0000600 seconds
167.078: Application time: 0.0405000 seconds
167.079: [GC167.079: [ParNew: 17597K->1578K(18048K), 0.0008760 secs] 32010K->16503K(57984K), 0.0009150 secs] [Times: user=0.01 sys=0.00, real=0.00 secs] 
167.080: Total time for which application threads were stopped: 0.0010650 seconds, Stopping threads took: 0.0000880 seconds
167.120: Application time: 0.0402130 seconds
167.120: [GC167.120: [ParNew: 17544K->1548K(18048K), 0.0008650 secs] 32469K->17049K(57984K), 0.0008950 secs] [Times: user=0.00 sys=0.00, real=0.00 secs] 
167.121: Total time for which application threads were stopped: 0.0010190 seconds, Stopping threads took: 0.0000610 seconds
167.159: Application time: 0.0382800 seconds
167.159: [GC167.159: [ParNew: 17593K->1578K(18048K), 0.0008660 secs] 33094K->17591K(57984K), 0.0008970 secs] [Times: user=0.00 sys=0.00, real=0.00 secs] 
167.160: Total time for which application threads were stopped: 0.0010440 seconds, Stopping threads took: 0.0000840 seconds
167.201: Application time: 0.0412540 seconds
167.201: [GC167.201: [ParNew: 17551K->1034K(18048K), 0.0004430 secs] 33564K->17127K(57984K), 0.0004680 secs] [Times: user=0.00 sys=0.00, real=0.00 secs] 
167.202: Total time for which application threads were stopped: 0.0006070 seconds, Stopping threads took: 0.0000810 seconds
167.242: Application time: 0.0400900 seconds
167.242: [GC167.242: [ParNew: 17000K->1032K(18048K), 0.0004530 secs] 33093K->17125K(57984K), 0.0004810 secs] [Times: user=0.00 sys=0.00, real=0.00 secs] 
167.243: Total time for which application threads were stopped: 0.0006050 seconds, Stopping threads took: 0.0000670 seconds
167.282: Application time: 0.0393990 seconds
167.282: [GC167.282: [ParNew: 16990K->1548K(18048K), 0.0007610 secs] 33083K->18153K(57984K), 0.0007920 secs] [Times: user=0.01 sys=0.00, real=0.00 secs] 
167.283: Total time for which application threads were stopped: 0.0009400 seconds, Stopping threads took: 0.0000870 seconds
167.321: Application time: 0.0381070 seconds
167.321: [GC167.321: [ParNew: 17519K->1546K(18048K), 0.0006380 secs] 34124K->18151K(57984K), 0.0006680 secs] [Times: user=0.00 sys=0.00, real=0.00 secs] 
167.322: Total time for which application threads were stopped: 0.0007990 seconds, Stopping threads took: 0.0000700 seconds
167.363: Application time: 0.0406860 seconds
167.363: [GC167.363: [ParNew: 17516K->1034K(18048K), 0.0004400 secs] 34122K->17639K(57984K), 0.0004670 secs] [Times: user=0.00 sys=0.00, real=0.00 secs] 
167.363: Total time for which application threads were stopped: 0.0006060 seconds, Stopping threads took: 0.0000760 seconds
167.404: Application time: 0.0411290 seconds
167.404: [GC167.404: [ParNew: 17079K->1066K(18048K), 0.0004430 secs] 33684K->17671K(57984K), 0.0004710 secs] [Times: user=0.01 sys=0.00, real=0.00 secs] 
167.405: Total time for which application threads were stopped: 0.0006120 seconds, Stopping threads took: 0.0000840 seconds
167.442: Application time: 0.0367610 seconds
167.442: [GC167.442: [ParNew: 16664K->1608K(18048K), 0.0006260 secs] 33270K->18285K(57984K), 0.0006540 secs] [Times: user=0.00 sys=0.00, real=0.00 secs] 
167.443: Total time for which application threads were stopped: 0.0008560 seconds, Stopping threads took: 0.0001430 seconds
167.480: Application time: 0.0370800 seconds
167.480: [GC167.480: [ParNew: 17642K->1580K(18048K), 0.0012380 secs] 34319K->19889K(57984K), 0.0012730 secs] [Times: user=0.01 sys=0.00, real=0.00 secs] 
167.481: Total time for which application threads were stopped: 0.0014300 seconds, Stopping threads took: 0.0000860 seconds
167.523: Application time: 0.0415200 seconds
167.523: [GC167.523: [ParNew: 17553K->1544K(18048K), 0.0008050 secs] 35862K->20445K(57984K), 0.0008330 secs] [Times: user=0.01 sys=0.00, real=0.00 secs] 
167.524: Total time for which application threads were stopped: 0.0009620 seconds, Stopping threads took: 0.0000670 seconds
167.563: Application time: 0.0398730 seconds
167.564: [GC167.564: [ParNew: 17159K->1096K(18048K), 0.0004780 secs] 36060K->19997K(57984K), 0.0005050 secs] [Times: user=0.00 sys=0.00, real=0.00 secs] 
167.564: Total time for which application threads were stopped: 0.0006210 seconds, Stopping threads took: 0.0000580 seconds
167.602: Application time: 0.0383260 seconds
167.603: [GC167.603: [ParNew: 17062K->1032K(18048K), 0.0004610 secs] 35964K->20045K(57984K), 0.0004970 secs] [Times: user=0.00 sys=0.00, real=0.00 secs] 
167.603: Total time for which application threads were stopped: 0.0007420 seconds, Stopping threads took: 0.0001850 seconds
167.641: Application time: 0.0377080 seconds
167.641: [GC167.641: [ParNew: 16986K->1548K(18048K), 0.0007810 secs] 35999K->21073K(57984K), 0.0008110 secs] [Times: user=0.01 sys=0.00, real=0.00 secs] 
167.642: Total time for which application threads were stopped: 0.0009540 seconds, Stopping threads took: 0.0000800 seconds
167.682: Application time: 0.0400840 seconds
167.682: [GC167.682: [ParNew: 17512K->1548K(18048K), 0.0010460 secs] 37038K->22097K(57984K), 0.0010760 secs] [Times: user=0.01 sys=0.00, real=0.00 secs] 
167.683: Total time for which application threads were stopped: 0.0012130 seconds, Stopping threads took: 0.0000740 seconds
167.722: Application time: 0.0393500 seconds
167.723: [GC167.723: [ParNew: 17514K->1550K(18048K), 0.0010110 secs] 38064K->23123K(57984K), 0.0010430 secs] [Times: user=0.01 sys=0.00, real=0.00 secs] 
167.724: Total time for which application threads were stopped: 0.0011820 seconds, Stopping threads took: 0.0000730 seconds
167.763: Application time: 0.0394350 seconds
167.763: [GC167.763: [ParNew: 17599K->1580K(18048K), 0.0007760 secs] 39172K->23665K(57984K), 0.0008070 secs] [Times: user=0.01 sys=0.00, real=0.00 secs] 
167.764: Total time for which application threads were stopped: 0.0009510 seconds, Stopping threads took: 0.0000820 seconds
167.805: Application time: 0.0408060 seconds
167.805: [GC167.805: [ParNew: 17625K->1578K(18048K), 0.0007960 secs] 39710K->24239K(57984K), 0.0008260 secs] [Times: user=0.01 sys=0.00, real=0.01 secs] 
167.806: Total time for which application threads were stopped: 0.0009550 seconds, Stopping threads took: 0.0000680 seconds
167.845: Application time: 0.0390470 seconds
167.845: [GC167.845: [ParNew: 17549K->1548K(18048K), 0.0006030 secs] 40210K->24281K(57984K), 0.0006330 secs] [Times: user=0.01 sys=0.00, real=0.01 secs] 
167.846: Total time for which application threads were stopped: 0.0007620 seconds, Stopping threads took: 0.0000690 seconds
167.885: Application time: 0.0396540 seconds
167.885: [GC167.885: [ParNew: 17519K->1034K(18048K), 0.0004500 secs] 40252K->23767K(57984K), 0.0004770 secs] [Times: user=0.01 sys=0.00, real=0.00 secs] 
167.886: Total time for which application threads were stopped: 0.0006020 seconds, Stopping threads took: 0.0000600 seconds
167.926: Application time: 0.0397980 seconds
167.926: [GC167.926: [ParNew: 16996K->1548K(18048K), 0.0006080 secs] 39730K->24281K(57984K), 0.0006350 secs] [Times: user=0.00 sys=0.00, real=0.00 secs] 
167.926: Total time for which application threads were stopped: 0.0007590 seconds, Stopping threads took: 0.0000620 seconds
167.963: Application time: 0.0369070 seconds
167.963: [GC167.963: [ParNew: 17502K->1548K(18048K), 0.0011610 secs] 40236K->25817K(57984K), 0.0011920 secs] [Times: user=0.00 sys=0.00, real=0.00 secs] 
167.965: Total time for which application threads were stopped: 0.0013310 seconds, Stopping threads took: 0.0000740 seconds
168.005: Application time: 0.0399580 seconds
168.005: [GC168.005: [ParNew: 17519K->1548K(18048K), 0.0009500 secs] 41788K->26841K(57984K), 0.0009820 secs] [Times: user=0.01 sys=0.00, real=0.01 secs] 
168.006: Total time for which application threads were stopped: 0.0011110 seconds, Stopping threads took: 0.0000650 seconds
168.046: Application time: 0.0403660 seconds
168.046: [GC168.046: [ParNew: 17595K->1576K(18048K), 0.0008040 secs] 42888K->27381K(57984K), 0.0008330 secs] [Times: user=0.01 sys=0.00, real=0.00 secs] 
168.047: Total time for which application threads were stopped: 0.0009680 seconds, Stopping threads took: 0.0000720 seconds
168.086: Application time: 0.0387360 seconds
168.086: [GC168.086: [ParNew: 17187K->1606K(18048K), 0.0006130 secs] 42993K->27467K(57984K), 0.0006430 secs] [Times: user=0.01 sys=0.00, real=0.00 secs] 
168.087: Total time for which application threads were stopped: 0.0007760 seconds, Stopping threads took: 0.0000630 seconds
168.128: Application time: 0.0409710 seconds
168.128: [GC168.128: [ParNew: 17577K->1034K(18048K), 0.0005800 secs] 43438K->26991K(57984K), 0.0006110 secs] [Times: user=0.01 sys=0.00, real=0.00 secs] 
168.128: Total time for which application threads were stopped: 0.0007370 seconds, Stopping threads took: 0.0000690 seconds
168.166: Application time: 0.0381350 seconds
168.167: [GC168.167: [ParNew: 17074K->1578K(18048K), 0.0005980 secs] 43032K->27535K(57984K), 0.0006280 secs] [Times: user=0.01 sys=0.00, real=0.00 secs] 
168.167: Total time for which application threads were stopped: 0.0007590 seconds, Stopping threads took: 0.0000710 seconds
168.206: Application time: 0.0383630 seconds
168.206: [GC168.206: [ParNew: 17180K->1608K(18048K), 0.0008390 secs] 43138K->28150K(57984K), 0.0008680 secs] [Times: user=0.01 sys=0.00, real=0.00 secs] 
168.207: Total time for which application threads were stopped: 0.0010130 seconds, Stopping threads took: 0.0000820 seconds
168.247: Application time: 0.0399510 seconds
168.247: [GC168.247: [ParNew: 17579K->1546K(18048K), 0.0006470 secs] 44120K->28184K(57984K), 0.0006780 secs] [Times: user=0.00 sys=0.00, real=0.00 secs] 
168.247: Total time for which application threads were stopped: 0.0008220 seconds, Stopping threads took: 0.0000820 seconds
168.287: Application time: 0.0392360 seconds
168.287: [GC168.287: [ParNew: 17512K->1544K(18048K), 0.0006240 secs] 44150K->28182K(57984K), 0.0006510 secs] [Times: user=0.00 sys=0.00, real=0.00 secs] 
168.287: Total time for which application threads were stopped: 0.0007690 seconds, Stopping threads took: 0.0000600 seconds
168.328: Application time: 0.0403900 seconds
168.328: [GC168.328: [ParNew: 17514K->1034K(18048K), 0.0004780 secs] 44152K->27672K(57984K), 0.0005070 secs] [Times: user=0.01 sys=0.00, real=0.00 secs] 
168.328: Total time for which application threads were stopped: 0.0006470 seconds, Stopping threads took: 0.0000820 seconds
168.367: Application time: 0.0385340 seconds
168.367: [GC168.367: [ParNew: 16992K->1548K(18048K), 0.0006350 secs] 43630K->28186K(57984K), 0.0006630 secs] [Times: user=0.00 sys=0.00, real=0.00 secs] 
168.368: Total time for which application threads were stopped: 0.0008620 seconds, Stopping threads took: 0.0001370 seconds
168.407: Application time: 0.0387660 seconds
168.407: [GC168.407: [ParNew: 17508K->1548K(18048K), 0.0009330 secs] 44146K->29210K(57984K), 0.0009640 secs] [Times: user=0.01 sys=0.00, real=0.00 secs] 
168.408: Total time for which application threads were stopped: 0.0011150 seconds, Stopping threads took: 0.0000790 seconds
168.449: Application time: 0.0409300 seconds
168.449: [GC168.449: [ParNew: 17597K->1580K(18048K), 0.0008560 secs] 45259K->29754K(57984K), 0.0008880 secs] [Times: user=0.01 sys=0.00, real=0.00 secs] 
168.450: Total time for which application threads were stopped: 0.0010240 seconds, Stopping threads took: 0.0000740 seconds
168.488: Application time: 0.0388290 seconds
168.489: [GC168.489: [ParNew: 17621K->1578K(18048K), 0.0009930 secs] 45795K->30848K(57984K), 0.0010260 secs] [Times: user=0.01 sys=0.00, real=0.00 secs] 
168.490: Total time for which application threads were stopped: 0.0011510 seconds, Stopping threads took: 0.0000580 seconds
168.529: Application time: 0.0392660 seconds
168.529: [GC168.529: [ParNew: 17549K->1548K(18048K), 0.0008560 secs] 46819K->31386K(57984K), 0.0008860 secs] [Times: user=0.01 sys=0.00, real=0.00 secs] 
168.530: Total time for which application threads were stopped: 0.0010300 seconds, Stopping threads took: 0.0000820 seconds
168.570: Application time: 0.0402600 seconds
168.570: [GC168.570: [ParNew: 17514K->1546K(18048K), 0.0007750 secs] 47352K->31896K(57984K), 0.0008040 secs] [Times: user=0.00 sys=0.00, real=0.00 secs] 
168.571: Total time for which application threads were stopped: 0.0009480 seconds, Stopping threads took: 0.0000810 seconds
168.610: Application time: 0.0392730 seconds
168.611: [GC168.611: [ParNew: 17512K->1550K(18048K), 0.0007720 secs] 47862K->32412K(57984K), 0.0008090 secs] [Times: user=0.00 sys=0.00, real=0.00 secs] 
168.611: Total time for which application threads were stopped: 0.0009440 seconds, Stopping threads took: 0.0000730 seconds
168.652: Application time: 0.0402130 seconds
168.652: [GC168.652: [ParNew: 17512K->1550K(18048K), 0.0009540 secs] 48374K->33436K(57984K), 0.0009850 secs] [Times: user=0.01 sys=0.00, real=0.00 secs] 
168.653: Total time for which application threads were stopped: 0.0011130 seconds, Stopping threads took: 0.0000620 seconds
168.692: Application time: 0.0393640 seconds
168.692: [GC168.692: [ParNew: 17599K->1576K(18048K), 0.0007770 secs] 49485K->33974K(57984K), 0.0008050 secs] [Times: user=0.00 sys=0.00, real=0.00 secs] 
168.693: Total time for which application threads were stopped: 0.0009270 seconds, Stopping threads took: 0.0000610 seconds
168.733: Application time: 0.0399700 seconds
168.733: [GC168.733: [ParNew: 17625K->1578K(18048K), 0.0007180 secs] 50023K->34040K(57984K), 0.0007470 secs] [Times: user=0.01 sys=0.00, real=0.00 secs] 
168.734: Total time for which application threads were stopped: 0.0008710 seconds, Stopping threads took: 0.0000650 seconds
168.775: Application time: 0.0411070 seconds
168.775: [GC168.775: [ParNew: 17627K->1064K(18048K), 0.0005340 secs] 50089K->33590K(57984K), 0.0005600 secs] [Times: user=0.00 sys=0.00, real=0.00 secs] 
168.776: Total time for which application threads were stopped: 0.0006730 seconds, Stopping threads took: 0.0000560 seconds
168.813: Application time: 0.0378500 seconds
168.814: [GC168.814: [ParNew: 17026K->1548K(18048K), 0.0007340 secs] 49552K->34138K(57984K), 0.0007610 secs] [Times: user=0.00 sys=0.00, real=0.00 secs] 
168.814: Total time for which application threads were stopped: 0.0009760 seconds, Stopping threads took: 0.0001540 seconds
168.853: Application time: 0.0389290 seconds
168.853: [GC168.853: [ParNew: 17584K->1578K(18048K), 0.0009590 secs] 50174K->35192K(57984K), 0.0009900 secs] [Times: user=0.01 sys=0.00, real=0.00 secs] 
168.854: Total time for which application threads were stopped: 0.0011250 seconds, Stopping threads took: 0.0000720 seconds
168.893: Application time: 0.0389720 seconds
168.894: [GC168.894: [ParNew: 17189K->1608K(18048K), 0.0008200 secs] 50803K->35790K(57984K), 0.0008500 secs] [Times: user=0.00 sys=0.00, real=0.00 secs] 
168.894: Total time for which application threads were stopped: 0.0009820 seconds, Stopping threads took: 0.0000710 seconds
168.935: Application time: 0.0403920 seconds
168.935: [GC168.935: [ParNew: 17574K->1546K(18048K), 0.0008930 secs] 51757K->36344K(57984K), 0.0009220 secs] [Times: user=0.00 sys=0.00, real=0.00 secs] 
168.936: Total time for which application threads were stopped: 0.0010570 seconds, Stopping threads took: 0.0000680 seconds
168.974: Application time: 0.0379030 seconds
168.974: [GC168.974: [ParNew: 17508K->1548K(18048K), 0.0009510 secs] 52307K->37370K(57984K), 0.0009820 secs] [Times: user=0.01 sys=0.00, real=0.00 secs] 
168.975: Total time for which application threads were stopped: 0.0011240 seconds, Stopping threads took: 0.0000780 seconds
169.018: Application time: 0.0429830 seconds
169.018: [GC169.018: [ParNew: 17512K->1548K(18048K), 0.0009760 secs] 53335K->38394K(57984K), 0.0010070 secs] [Times: user=0.00 sys=0.00, real=0.00 secs] 
169.019: Total time for which application threads were stopped: 0.0011410 seconds, Stopping threads took: 0.0000700 seconds
169.059: Application time: 0.0397520 seconds
169.059: [GC169.059: [ParNew: 17514K->1546K(18048K), 0.0010580 secs] 54361K->39416K(57984K), 0.0010860 secs] [Times: user=0.01 sys=0.00, real=0.00 secs] 
169.060: Total time for which application threads were stopped: 0.0012210 seconds, Stopping threads took: 0.0000730 seconds
169.100: Application time: 0.0396640 seconds
169.100: [GC169.100: [ParNew: 17517K->1548K(18048K), 0.0007070 secs] 55387K->39930K(57984K), 0.0007370 secs] [Times: user=0.00 sys=0.00, real=0.00 secs] 
169.101: Total time for which application threads were stopped: 0.0008640 seconds, Stopping threads took: 0.0000680 seconds
169.142: Application time: 0.0410720 seconds
169.142: [GC169.142: [ParNew: 17599K->1064K(18048K), 0.0004850 secs] 55981K->39446K(57984K), 0.0005210 secs] [Times: user=0.00 sys=0.00, real=0.00 secs] 
169.142: Total time for which application threads were stopped: 0.0006450 seconds, Stopping threads took: 0.0000630 seconds
169.181: Application time: 0.0392070 seconds
169.182: [GC169.182: [ParNew: 17108K->1066K(18048K), 0.0004870 secs] 55491K->39512K(57984K), 0.0005170 secs] [Times: user=0.00 sys=0.00, real=0.00 secs] 
169.182: Total time for which application threads were stopped: 0.0006420 seconds, Stopping threads took: 0.0000680 seconds
169.220: Application time: 0.0377400 seconds
169.220: [GC169.220: [ParNew: 17020K->1548K(18048K), 0.0010560 secs] 55466K->41082K(57984K), 0.0010930 secs] [Times: user=0.01 sys=0.00, real=0.00 secs] 
169.221: Total time for which application threads were stopped: 0.0012350 seconds, Stopping threads took: 0.0000760 seconds
169.262: Application time: 0.0406130 seconds
169.262: [GC169.262: [ParNew: 17519K->17519K(18048K), 0.0000100 secs]169.262: [Tenured: 39534K->9060K(39936K), 0.0052180 secs] 57053K->9060K(57984K), [Perm : 5179K->5179K(21248K)], 0.0052740 secs] [Times: user=0.00 sys=0.00, real=0.01 secs] 
169.267: Total time for which application threads were stopped: 0.0054380 seconds, Stopping threads took: 0.0000960 seconds
169.307: Application time: 0.0398850 seconds
169.307: [GC169.307: [ParNew: 15972K->1030K(18048K), 0.0004320 secs] 25033K->10090K(57984K), 0.0004590 secs] [Times: user=0.00 sys=0.00, real=0.00 secs] 
169.308: Total time for which application threads were stopped: 0.0005920 seconds, Stopping threads took: 0.0000770 seconds
169.348: Application time: 0.0402680 seconds
169.348: [GC169.348: [ParNew: 17079K->554K(18048K), 0.0003930 secs] 26139K->9622K(57984K), 0.0004210 secs] [Times: user=0.00 sys=0.00, real=0.00 secs] 
169.348: Total time for which application threads were stopped: 0.0005360 seconds, Stopping threads took: 0.0000590 seconds
169.385: Application time: 0.0364490 seconds
169.385: [GC169.385: [ParNew: 16582K->1606K(18048K), 0.0010630 secs] 25651K->11699K(57984K), 0.0010980 secs] [Times: user=0.00 sys=0.00, real=0.01 secs] 
169.386: Total time for which application threads were stopped: 0.0013020 seconds, Stopping threads took: 0.0001390 seconds
169.425: Application time: 0.0392610 seconds
169.426: [GC169.426: [ParNew: 17568K->1550K(18048K), 0.0011380 secs] 27661K->13291K(57984K), 0.0011730 secs] [Times: user=0.01 sys=0.00, real=0.00 secs] 
169.427: Total time for which application threads were stopped: 0.0013030 seconds, Stopping threads took: 0.0000640 seconds
169.468: Application time: 0.0408990 seconds
169.468: [GC169.468: [ParNew: 17599K->1578K(18048K), 0.0010140 secs] 29340K->14343K(57984K), 0.0010450 secs] [Times: user=0.01 sys=0.00, real=0.00 secs] 
169.469: Total time for which application threads were stopped: 0.0011870 seconds, Stopping threads took: 0.0000730 seconds
169.508: Application time: 0.0390180 seconds
169.508: [GC169.508: [ParNew: 17544K->1550K(18048K), 0.0009410 secs] 30309K->15403K(57984K), 0.0009720 secs] [Times: user=0.01 sys=0.00, real=0.00 secs] 
169.509: Total time for which application threads were stopped: 0.0010980 seconds, Stopping threads took: 0.0000610 seconds
169.550: Application time: 0.0413430 seconds
169.550: [GC169.550: [ParNew: 17597K->1578K(18048K), 0.0008760 secs] 31450K->15943K(57984K), 0.0009040 secs] [Times: user=0.01 sys=0.00, real=0.00 secs] 
169.551: Total time for which application threads were stopped: 0.0010400 seconds, Stopping threads took: 0.0000790 seconds
169.591: Application time: 0.0401090 seconds
169.592: [GC169.592: [ParNew: 17193K->1094K(18048K), 0.0005850 secs] 31558K->15523K(57984K), 0.0006140 secs] [Times: user=0.00 sys=0.00, real=0.00 secs] 
169.592: Total time for which application threads were stopped: 0.0007420 seconds, Stopping threads took: 0.0000700 seconds
169.631: Application time: 0.0391130 seconds
169.633: [GC169.633: [ParNew: 17058K->520K(18048K), 0.0004210 secs] 31487K->15053K(57984K), 0.0004540 secs] [Times: user=0.00 sys=0.00, real=0.00 secs] 
169.634: Total time for which application threads were stopped: 0.0024590 seconds, Stopping threads took: 0.0019500 seconds
169.671: Application time: 0.0369450 seconds
169.671: [GC169.671: [ParNew: 16478K->1548K(18048K), 0.0009110 secs] 31011K->16593K(57984K), 0.0009440 secs] [Times: user=0.01 sys=0.00, real=0.00 secs] 
169.672: Total time for which application threads were stopped: 0.0010790 seconds, Stopping threads took: 0.0000710 seconds
169.712: Application time: 0.0397500 seconds
169.712: [GC169.712: [ParNew: 17510K->1546K(18048K), 0.0009810 secs] 32555K->17615K(57984K), 0.0010150 secs] [Times: user=0.00 sys=0.00, real=0.00 secs] 
169.713: Total time for which application threads were stopped: 0.0012240 seconds, Stopping threads took: 0.0001250 seconds
169.752: Application time: 0.0394190 seconds
169.752: [GC169.752: [ParNew: 17517K->1546K(18048K), 0.0007730 secs] 33586K->18127K(57984K), 0.0008120 secs] [Times: user=0.00 sys=0.00, real=0.00 secs] 
169.753: Total time for which application threads were stopped: 0.0009710 seconds, Stopping threads took: 0.0000930 seconds
169.794: Application time: 0.0408140 seconds
169.794: [GC169.794: [ParNew: 17512K->1546K(18048K), 0.0007930 secs] 34093K->18639K(57984K), 0.0008220 secs] [Times: user=0.00 sys=0.00, real=0.00 secs] 
169.795: Total time for which application threads were stopped: 0.0009680 seconds, Stopping threads took: 0.0000850 seconds
169.833: Application time: 0.0382030 seconds
169.833: [GC169.833: [ParNew: 17159K->1096K(18048K), 0.0004690 secs] 34252K->18189K(57984K), 0.0004960 secs] [Times: user=0.00 sys=0.00, real=0.00 secs] 
169.834: Total time for which application threads were stopped: 0.0006180 seconds, Stopping threads took: 0.0000650 seconds
169.873: Application time: 0.0396140 seconds
169.874: [GC169.874: [ParNew: 17062K->1032K(18048K), 0.0005260 secs] 34156K->18229K(57984K), 0.0005540 secs] [Times: user=0.01 sys=0.00, real=0.00 secs] 
169.874: Total time for which application threads were stopped: 0.0006990 seconds, Stopping threads took: 0.0000850 seconds
169.914: Application time: 0.0403480 seconds
169.915: [GC169.915: [ParNew: 16998K->1032K(18048K), 0.0004330 secs] 34196K->18229K(57984K), 0.0004610 secs] [Times: user=0.00 sys=0.00, real=0.00 secs] 
169.915: Total time for which application threads were stopped: 0.0005810 seconds, Stopping threads took: 0.0000640 seconds
169.952: Application time: 0.0371270 seconds
169.952: [GC169.952: [ParNew: 16994K->1546K(18048K), 0.0006800 secs] 34191K->18743K(57984K), 0.0007080 secs] [Times: user=0.00 sys=0.00, real=0.00 secs] 
169.953: Total time for which application threads were stopped: 0.0008400 seconds, Stopping threads took: 0.0000720 seconds
169.992: Application time: 0.0385480 seconds
169.992: [GC169.992: [ParNew: 17578K->1580K(18048K), 0.0011690 secs] 34775K->20313K(57984K), 0.0012000 secs] [Times: user=0.01 sys=0.00, real=0.00 secs] 
169.993: Total time for which application threads were stopped: 0.0013400 seconds, Stopping threads took: 0.0000670 seconds
170.033: Application time: 0.0403830 seconds
170.034: [GC170.034: [ParNew: 17631K->1580K(18048K), 0.0007870 secs] 36364K->20881K(57984K), 0.0008160 secs] [Times: user=0.01 sys=0.00, real=0.00 secs] 
170.034: Total time for which application threads were stopped: 0.0010430 seconds, Stopping threads took: 0.0001630 seconds
170.075: Application time: 0.0403080 seconds
170.075: [GC170.075: [ParNew: 17551K->1036K(18048K), 0.0004790 secs] 36852K->20401K(57984K), 0.0005040 secs] [Times: user=0.00 sys=0.00, real=0.00 secs] 
170.075: Total time for which application threads were stopped: 0.0006430 seconds, Stopping threads took: 0.0000820 seconds
170.113: Application time: 0.0378090 seconds
170.113: [GC170.113: [ParNew: 16988K->1548K(18048K), 0.0011430 secs] 36353K->22449K(57984K), 0.0011770 secs] [Times: user=0.00 sys=0.00, real=0.00 secs] 
170.114: Total time for which application threads were stopped: 0.0013260 seconds, Stopping threads took: 0.0000840 seconds
170.155: Application time: 0.0402330 seconds
170.155: [GC170.155: [ParNew: 17597K->1578K(18048K), 0.0010330 secs] 38498K->23503K(57984K), 0.0010730 secs] [Times: user=0.00 sys=0.00, real=0.00 secs] 
170.156: Total time for which application threads were stopped: 0.0012820 seconds, Stopping threads took: 0.0001460 seconds
170.195: Application time: 0.0390300 seconds
170.195: [GC170.195: [ParNew: 17623K->1578K(18048K), 0.0010240 secs] 39548K->24575K(57984K), 0.0010580 secs] [Times: user=0.00 sys=0.00, real=0.00 secs] 
170.196: Total time for which application threads were stopped: 0.0012160 seconds, Stopping threads took: 0.0000900 seconds
170.236: Application time: 0.0393270 seconds
170.236: [GC170.236: [ParNew: 17627K->1576K(18048K), 0.0008300 secs] 40624K->25157K(57984K), 0.0008580 secs] [Times: user=0.00 sys=0.00, real=0.00 secs] 
170.237: Total time for which application threads were stopped: 0.0009910 seconds, Stopping threads took: 0.0000720 seconds
170.277: Application time: 0.0405650 seconds
170.277: [GC170.277: [ParNew: 17627K->1066K(18048K), 0.0004600 secs] 41208K->24727K(57984K), 0.0004860 secs] [Times: user=0.00 sys=0.00, real=0.00 secs] 
170.278: Total time for which application threads were stopped: 0.0006090 seconds, Stopping threads took: 0.0000600 seconds
170.318: Application time: 0.0399310 seconds
170.318: [GC170.318: [ParNew: 17028K->1546K(18048K), 0.0005960 secs] 40690K->25279K(57984K), 0.0006220 secs] [Times: user=0.00 sys=0.00, real=0.00 secs] 
170.318: Total time for which application threads were stopped: 0.0007630 seconds, Stopping threads took: 0.0000820 seconds
170.357: Application time: 0.0386010 seconds
170.357: [GC170.357: [ParNew: 17512K->1544K(18048K), 0.0005980 secs] 41246K->25277K(57984K), 0.0006260 secs] [Times: user=0.01 sys=0.00, real=0.01 secs] 
170.358: Total time for which application threads were stopped: 0.0007530 seconds, Stopping threads took: 0.0000660 seconds
170.398: Application time: 0.0406660 seconds
170.399: [GC170.399: [ParNew: 17510K->1548K(18048K), 0.0006140 secs] 41244K->25281K(57984K), 0.0006400 secs] [Times: user=0.00 sys=0.00, real=0.00 secs] 
170.399: Total time for which application threads were stopped: 0.0007650 seconds, Stopping threads took: 0.0000660 seconds
170.439: Application time: 0.0398330 seconds
170.439: [GC170.439: [ParNew: 17514K->1550K(18048K), 0.0006770 secs] 41248K->25283K(57984K), 0.0007070 secs] [Times: user=0.01 sys=0.00, real=0.00 secs] 
170.440: Total time for which application threads were stopped: 0.0008360 seconds, Stopping threads took: 0.0000680 seconds
170.479: Application time: 0.0387230 seconds
170.479: [GC170.479: [ParNew: 17516K->1548K(18048K), 0.0006030 secs] 41250K->25281K(57984K), 0.0006300 secs] [Times: user=0.01 sys=0.00, real=0.00 secs] 
170.479: Total time for which application threads were stopped: 0.0007570 seconds, Stopping threads took: 0.0000670 seconds
170.519: Application time: 0.0391780 seconds
170.519: [GC170.519: [ParNew: 17163K->582K(18048K), 0.0003440 secs] 40897K->24315K(57984K), 0.0003700 secs] [Times: user=0.00 sys=0.00, real=0.00 secs] 
170.519: Total time for which application threads were stopped: 0.0004950 seconds, Stopping threads took: 0.0000660 seconds
170.558: Application time: 0.0388870 seconds
170.558: [GC170.558: [ParNew: 16540K->1608K(18048K), 0.0006360 secs] 40274K->25341K(57984K), 0.0006650 secs] [Times: user=0.01 sys=0.00, real=0.00 secs] 
170.559: Total time for which application threads were stopped: 0.0007900 seconds, Stopping threads took: 0.0000660 seconds
170.597: Application time: 0.0382670 seconds
170.597: [GC170.597: [ParNew: 17574K->1548K(18048K), 0.0006180 secs] 41308K->25393K(57984K), 0.0006470 secs] [Times: user=0.00 sys=0.00, real=0.01 secs] 
170.598: Total time for which application threads were stopped: 0.0007720 seconds, Stopping threads took: 0.0000670 seconds
170.637: Application time: 0.0395450 seconds
170.637: [GC170.637: [ParNew: 17593K->1576K(18048K), 0.0006800 secs] 41438K->25421K(57984K), 0.0007060 secs] [Times: user=0.01 sys=0.00, real=0.00 secs] 
170.638: Total time for which application threads were stopped: 0.0008510 seconds, Stopping threads took: 0.0000870 seconds
170.678: Application time: 0.0402480 seconds
170.679: [GC170.679: [ParNew: 17621K->1578K(18048K), 0.0006290 secs] 41466K->25503K(57984K), 0.0006660 secs] [Times: user=0.00 sys=0.00, real=0.00 secs] 
170.679: Total time for which application threads were stopped: 0.0008020 seconds, Stopping threads took: 0.0000760 seconds
170.719: Application time: 0.0399710 seconds
170.719: [GC170.719: [ParNew: 17544K->1546K(18048K), 0.0005980 secs] 41470K->25527K(57984K), 0.0006280 secs] [Times: user=0.01 sys=0.00, real=0.00 secs] 
170.720: Total time for which application threads were stopped: 0.0007800 seconds, Stopping threads took: 0.0000930 seconds
170.759: Application time: 0.0392880 seconds
170.759: [GC170.759: [ParNew: 17512K->1544K(18048K), 0.0006240 secs] 41494K->25525K(57984K), 0.0006520 secs] [Times: user=0.00 sys=0.00, real=0.00 secs] 
170.760: Total time for which application threads were stopped: 0.0007920 seconds, Stopping threads took: 0.0000810 seconds
170.801: Application time: 0.0405370 seconds
170.801: [GC170.801: [ParNew: 17593K->1068K(18048K), 0.0004420 secs] 41575K->25049K(57984K), 0.0004680 secs] [Times: user=0.00 sys=0.00, real=0.00 secs] 
170.801: Total time for which application threads were stopped: 0.0005810 seconds, Stopping threads took: 0.0000570 seconds
170.841: Application time: 0.0402960 seconds
170.842: [GC170.842: [ParNew: 17117K->554K(18048K), 0.0003150 secs] 41098K->24599K(57984K), 0.0003410 secs] [Times: user=0.00 sys=0.00, real=0.00 secs] 
170.842: Total time for which application threads were stopped: 0.0004540 seconds, Stopping threads took: 0.0000610 seconds
170.881: Application time: 0.0394930 seconds
170.881: [GC170.882: [ParNew: 16520K->554K(18048K), 0.0003110 secs] 40566K->24599K(57984K), 0.0003370 secs] [Times: user=0.00 sys=0.00, real=0.00 secs] 
170.882: Total time for which application threads were stopped: 0.0004540 seconds, Stopping threads took: 0.0000630 seconds
170.917: Application time: 0.0348160 seconds
170.917: [GC170.917: [ParNew: 16140K->1634K(18048K), 0.0012040 secs] 40186K->27216K(57984K), 0.0012400 secs] [Times: user=0.01 sys=0.00, real=0.01 secs] 
170.918: Total time for which application threads were stopped: 0.0013820 seconds, Stopping threads took: 0.0000760 seconds
170.959: Application time: 0.0408590 seconds
170.959: [GC170.959: [ParNew: 17605K->1550K(18048K), 0.0010500 secs] 43187K->28284K(57984K), 0.0010800 secs] [Times: user=0.00 sys=0.00, real=0.00 secs] 
170.960: Total time for which application threads were stopped: 0.0012310 seconds, Stopping threads took: 0.0000870 seconds
171.001: Application time: 0.0408870 seconds
171.001: [GC171.001: [ParNew: 17521K->1548K(18048K), 0.0007760 secs] 44254K->28794K(57984K), 0.0008090 secs] [Times: user=0.00 sys=0.00, real=0.00 secs] 
171.002: Total time for which application threads were stopped: 0.0009390 seconds, Stopping threads took: 0.0000680 seconds
171.044: Application time: 0.0417070 seconds
171.045: [GC171.045: [ParNew: 17519K->1548K(18048K), 0.0007210 secs] 44764K->28794K(57984K), 0.0007460 secs] [Times: user=0.01 sys=0.00, real=0.00 secs] 
171.046: Total time for which application threads were stopped: 0.0023410 seconds, Stopping threads took: 0.0015280 seconds
171.085: Application time: 0.0387470 seconds
171.085: [GC171.085: [ParNew: 17514K->1548K(18048K), 0.0007190 secs] 44760K->28794K(57984K), 0.0007510 secs] [Times: user=0.01 sys=0.00, real=0.01 secs] 
171.086: Total time for which application threads were stopped: 0.0008850 seconds, Stopping threads took: 0.0000720 seconds
171.126: Application time: 0.0398690 seconds
171.126: [GC171.126: [ParNew: 17519K->1034K(18048K), 0.0004720 secs] 44764K->28280K(57984K), 0.0005000 secs] [Times: user=0.00 sys=0.00, real=0.00 secs] 
171.126: Total time for which application threads were stopped: 0.0006170 seconds, Stopping threads took: 0.0000580 seconds
171.166: Application time: 0.0399620 seconds
171.166: [GC171.166: [ParNew: 17000K->1036K(18048K), 0.0005390 secs] 44246K->28282K(57984K), 0.0005780 secs] [Times: user=0.01 sys=0.00, real=0.00 secs] 
171.167: Total time for which application threads were stopped: 0.0007000 seconds, Stopping threads took: 0.0000620 seconds
171.204: Application time: 0.0368790 seconds
171.204: [GC171.204: [ParNew: 16626K->1606K(18048K), 0.0012170 secs] 43872K->30388K(57984K), 0.0012560 secs] [Times: user=0.00 sys=0.00, real=0.00 secs] 
171.205: Total time for which application threads were stopped: 0.0013910 seconds, Stopping threads took: 0.0000690 seconds
171.245: Application time: 0.0400700 seconds
171.245: [GC171.245: [ParNew: 17577K->1548K(18048K), 0.0009710 secs] 46359K->31458K(57984K), 0.0010010 secs] [Times: user=0.01 sys=0.00, real=0.00 secs] 
171.246: Total time for which application threads were stopped: 0.0011440 seconds, Stopping threads took: 0.0000780 seconds
171.286: Application time: 0.0395020 seconds
171.286: [GC171.286: [ParNew: 17593K->1580K(18048K), 0.0009380 secs] 47503K->32514K(57984K), 0.0009690 secs] [Times: user=0.00 sys=0.00, real=0.00 secs] 
171.287: Total time for which application threads were stopped: 0.0011140 seconds, Stopping threads took: 0.0000830 seconds
171.328: Application time: 0.0408900 seconds
171.328: [GC171.328: [ParNew: 17599K->1550K(18048K), 0.0008050 secs] 48533K->33060K(57984K), 0.0008340 secs] [Times: user=0.01 sys=0.00, real=0.00 secs] 
171.329: Total time for which application threads were stopped: 0.0009800 seconds, Stopping threads took: 0.0000830 seconds
171.368: Application time: 0.0392810 seconds
171.368: [GC171.368: [ParNew: 17547K->1580K(18048K), 0.0007890 secs] 49057K->33618K(57984K), 0.0008170 secs] [Times: user=0.01 sys=0.00, real=0.00 secs] 
171.369: Total time for which application threads were stopped: 0.0010220 seconds, Stopping threads took: 0.0001410 seconds
171.408: Application time: 0.0393390 seconds
171.409: [GC171.409: [ParNew: 17546K->1548K(18048K), 0.0008230 secs] 49585K->34162K(57984K), 0.0008530 secs] [Times: user=0.00 sys=0.00, real=0.00 secs] 
171.409: Total time for which application threads were stopped: 0.0009870 seconds, Stopping threads took: 0.0000730 seconds
171.449: Application time: 0.0394270 seconds
171.449: [GC171.449: [ParNew: 17521K->1036K(18048K), 0.0004560 secs] 50135K->33650K(57984K), 0.0004850 secs] [Times: user=0.00 sys=0.00, real=0.00 secs] 
171.450: Total time for which application threads were stopped: 0.0006740 seconds, Stopping threads took: 0.0001330 seconds
171.490: Application time: 0.0406120 seconds
171.490: [GC171.490: [ParNew: 17081K->554K(18048K), 0.0004040 secs] 49695K->33168K(57984K), 0.0004280 secs] [Times: user=0.00 sys=0.00, real=0.00 secs] 
171.491: Total time for which application threads were stopped: 0.0006100 seconds, Stopping threads took: 0.0001270 seconds
171.527: Application time: 0.0360960 seconds
171.527: [GC171.527: [ParNew: 16584K->1606K(18048K), 0.0010420 secs] 49198K->35244K(57984K), 0.0010720 secs] [Times: user=0.00 sys=0.00, real=0.00 secs] 
171.528: Total time for which application threads were stopped: 0.0012880 seconds, Stopping threads took: 0.0001530 seconds
171.568: Application time: 0.0393990 seconds
171.568: [GC171.568: [ParNew: 17568K->1550K(18048K), 0.0011600 secs] 51207K->36828K(57984K), 0.0011930 secs] [Times: user=0.01 sys=0.00, real=0.00 secs] 
171.569: Total time for which application threads were stopped: 0.0013440 seconds, Stopping threads took: 0.0000770 seconds
171.607: Application time: 0.0383280 seconds
171.607: [GC171.607: [ParNew: 17161K->1608K(18048K), 0.0009760 secs] 52439K->37910K(57984K), 0.0010080 secs] [Times: user=0.01 sys=0.00, real=0.00 secs] 
171.608: Total time for which application threads were stopped: 0.0011440 seconds, Stopping threads took: 0.0000700 seconds
171.649: Application time: 0.0401870 seconds
171.649: [GC171.649: [ParNew: 17579K->1548K(18048K), 0.0008450 secs] 53881K->38450K(57984K), 0.0008750 secs] [Times: user=0.01 sys=0.00, real=0.00 secs] 
171.650: Total time for which application threads were stopped: 0.0010190 seconds, Stopping threads took: 0.0000850 seconds
171.690: Application time: 0.0399380 seconds
171.690: [GC171.690: [ParNew: 17514K->1546K(18048K), 0.0008590 secs] 54417K->38960K(57984K), 0.0008960 secs] [Times: user=0.01 sys=0.00, real=0.00 secs] 
171.691: Total time for which application threads were stopped: 0.0010260 seconds, Stopping threads took: 0.0000690 seconds
171.731: Application time: 0.0399900 seconds
171.731: [GC171.731: [ParNew: 17517K->1546K(18048K), 0.0006840 secs] 54931K->38960K(57984K), 0.0007140 secs] [Times: user=0.00 sys=0.00, real=0.00 secs] 
171.731: Total time for which application threads were stopped: 0.0008390 seconds, Stopping threads took: 0.0000650 seconds
171.770: Application time: 0.0390740 seconds
171.771: [GC171.771: [ParNew: 17512K->1546K(18048K), 0.0007000 secs] 54927K->38960K(57984K), 0.0007280 secs] [Times: user=0.00 sys=0.00, real=0.00 secs] 
171.771: Total time for which application threads were stopped: 0.0008460 seconds, Stopping threads took: 0.0000560 seconds
171.809: Application time: 0.0372690 seconds
171.809: [GC171.809: [ParNew: 17504K->1550K(18048K), 0.0009870 secs] 54919K->39988K(57984K), 0.0010210 secs] [Times: user=0.01 sys=0.00, real=0.00 secs] 
171.810: Total time for which application threads were stopped: 0.0011570 seconds, Stopping threads took: 0.0000720 seconds
171.849: Application time: 0.0394440 seconds
171.849: [GC171.849: [ParNew: 17512K->1550K(18048K), 0.0011650 secs]171.850: [Tenured: 39974K->8604K(40452K), 0.0053210 secs] 55951K->8604K(58500K), [Perm : 5179K->5179K(21248K)], 0.0065610 secs] [Times: user=0.01 sys=0.00, real=0.00 secs] 
171.856: Total time for which application threads were stopped: 0.0067000 seconds, Stopping threads took: 0.0000700 seconds
171.896: Application time: 0.0401190 seconds
171.896: [GC171.896: [ParNew: 15615K->1608K(18048K), 0.0007910 secs] 24219K->10724K(57984K), 0.0008180 secs] [Times: user=0.01 sys=0.00, real=0.00 secs] 
171.897: Total time for which application threads were stopped: 0.0009460 seconds, Stopping threads took: 0.0000670 seconds
171.936: Application time: 0.0392770 seconds
171.936: [GC171.936: [ParNew: 17657K->1576K(18048K), 0.0006810 secs] 26773K->10772K(57984K), 0.0007090 secs] [Times: user=0.00 sys=0.00, real=0.00 secs] 
171.937: Total time for which application threads were stopped: 0.0008410 seconds, Stopping threads took: 0.0000720 seconds
171.976: Application time: 0.0391310 seconds
171.976: [GC171.976: [ParNew: 17538K->1548K(18048K), 0.0007750 secs] 26735K->11320K(57984K), 0.0008070 secs] [Times: user=0.00 sys=0.00, real=0.00 secs] 
171.977: Total time for which application threads were stopped: 0.0009440 seconds, Stopping threads took: 0.0000750 seconds
172.017: Application time: 0.0399160 seconds
172.017: [GC172.017: [ParNew: 17593K->1580K(18048K), 0.0008150 secs] 27365K->11864K(57984K), 0.0008450 secs] [Times: user=0.00 sys=0.00, real=0.00 secs] 
172.018: Total time for which application threads were stopped: 0.0009790 seconds, Stopping threads took: 0.0000660 seconds
172.058: Application time: 0.0396780 seconds
172.058: [GC172.058: [ParNew: 17551K->1546K(18048K), 0.0006210 secs] 27835K->11894K(57984K), 0.0006480 secs] [Times: user=0.01 sys=0.00, real=0.00 secs] 
172.059: Total time for which application threads were stopped: 0.0007760 seconds, Stopping threads took: 0.0000690 seconds
172.098: Application time: 0.0392140 seconds
172.098: [GC172.098: [ParNew: 17508K->1544K(18048K), 0.0008150 secs] 27857K->12404K(57984K), 0.0008410 secs] [Times: user=0.00 sys=0.00, real=0.00 secs] 
172.099: Total time for which application threads were stopped: 0.0009610 seconds, Stopping threads took: 0.0000530 seconds
172.137: Application time: 0.0383100 seconds
172.137: [GC172.137: [ParNew: 17502K->1550K(18048K), 0.0012190 secs] 28362K->13946K(57984K), 0.0012520 secs] [Times: user=0.01 sys=0.00, real=0.01 secs] 
172.138: Total time for which application threads were stopped: 0.0013950 seconds, Stopping threads took: 0.0000770 seconds
172.179: Application time: 0.0407870 seconds
172.179: [GC172.179: [ParNew: 17599K->1580K(18048K), 0.0010160 secs] 29995K->15000K(57984K), 0.0010480 secs] [Times: user=0.00 sys=0.00, real=0.00 secs] 
172.180: Total time for which application threads were stopped: 0.0011970 seconds, Stopping threads took: 0.0000750 seconds
172.221: Application time: 0.0403690 seconds
172.221: [GC172.221: [ParNew: 17629K->1580K(18048K), 0.0008030 secs] 31049K->15560K(57984K), 0.0008330 secs] [Times: user=0.01 sys=0.00, real=0.00 secs] 
172.222: Total time for which application threads were stopped: 0.0009930 seconds, Stopping threads took: 0.0000980 seconds
172.262: Application time: 0.0405780 seconds
172.262: [GC172.262: [ParNew: 17195K->1096K(18048K), 0.0004380 secs] 31175K->15148K(57984K), 0.0004650 secs] [Times: user=0.01 sys=0.00, real=0.00 secs] 
172.263: Total time for which application threads were stopped: 0.0005750 seconds, Stopping threads took: 0.0000540 seconds
172.302: Application time: 0.0393810 seconds
172.302: [GC172.302: [ParNew: 17067K->522K(18048K), 0.0003280 secs] 31119K->14682K(57984K), 0.0003520 secs] [Times: user=0.00 sys=0.00, real=0.00 secs] 
172.303: Total time for which application threads were stopped: 0.0004570 seconds, Stopping threads took: 0.0000530 seconds
172.342: Application time: 0.0390480 seconds
172.342: [GC172.342: [ParNew: 16488K->522K(18048K), 0.0002850 secs] 30649K->14682K(57984K), 0.0003100 secs] [Times: user=0.00 sys=0.00, real=0.00 secs] 
172.342: Total time for which application threads were stopped: 0.0004750 seconds, Stopping threads took: 0.0001090 seconds
172.381: Application time: 0.0389080 seconds
172.381: [GC172.381: [ParNew: 16488K->520K(18048K), 0.0003830 secs] 30649K->14680K(57984K), 0.0004090 secs] [Times: user=0.00 sys=0.00, real=0.00 secs] 
172.382: Total time for which application threads were stopped: 0.0005230 seconds, Stopping threads took: 0.0000600 seconds
172.420: Application time: 0.0382100 seconds
172.420: [GC172.420: [ParNew: 16470K->1548K(18048K), 0.0009580 secs] 30630K->16732K(57984K), 0.0009890 secs] [Times: user=0.01 sys=0.00, real=0.00 secs] 
172.421: Total time for which application threads were stopped: 0.0011210 seconds, Stopping threads took: 0.0000650 seconds
172.459: Application time: 0.0384230 seconds
172.460: [GC172.460: [ParNew: 17514K->1546K(18048K), 0.0009650 secs] 32699K->17754K(57984K), 0.0009970 secs] [Times: user=0.01 sys=0.00, real=0.00 secs] 
172.461: Total time for which application threads were stopped: 0.0011490 seconds, Stopping threads took: 0.0000870 seconds
172.500: Application time: 0.0398910 seconds
172.501: [GC172.501: [ParNew: 17517K->1546K(18048K), 0.0007700 secs] 33725K->18266K(57984K), 0.0008010 secs] [Times: user=0.01 sys=0.00, real=0.00 secs] 
172.501: Total time for which application threads were stopped: 0.0009220 seconds, Stopping threads took: 0.0000610 seconds
172.542: Application time: 0.0408650 seconds
172.542: [GC172.542: [ParNew: 17591K->1578K(18048K), 0.0006560 secs] 34311K->18298K(57984K), 0.0006820 secs] [Times: user=0.00 sys=0.00, real=0.00 secs] 
172.543: Total time for which application threads were stopped: 0.0008310 seconds, Stopping threads took: 0.0000920 seconds
172.583: Application time: 0.0400620 seconds
172.583: [GC172.583: [ParNew: 17621K->1578K(18048K), 0.0007840 secs] 34341K->18882K(57984K), 0.0008150 secs] [Times: user=0.01 sys=0.00, real=0.00 secs] 
172.584: Total time for which application threads were stopped: 0.0009430 seconds, Stopping threads took: 0.0000610 seconds
172.624: Application time: 0.0397350 seconds
172.624: [GC172.624: [ParNew: 17627K->1574K(18048K), 0.0007350 secs] 34931K->18934K(57984K), 0.0007630 secs] [Times: user=0.01 sys=0.00, real=0.00 secs] 
172.625: Total time for which application threads were stopped: 0.0009210 seconds, Stopping threads took: 0.0000900 seconds
172.665: Application time: 0.0405320 seconds
172.665: [GC172.665: [ParNew: 17619K->1574K(18048K), 0.0006170 secs] 34979K->19006K(57984K), 0.0006460 secs] [Times: user=0.01 sys=0.00, real=0.00 secs] 
172.666: Total time for which application threads were stopped: 0.0007680 seconds, Stopping threads took: 0.0000610 seconds
172.706: Application time: 0.0399290 seconds
172.706: [GC172.706: [ParNew: 17545K->1036K(18048K), 0.0004400 secs] 34977K->18548K(57984K), 0.0004760 secs] [Times: user=0.00 sys=0.00, real=0.00 secs] 
172.707: Total time for which application threads were stopped: 0.0005990 seconds, Stopping threads took: 0.0000680 seconds
172.748: Application time: 0.0410280 seconds
172.748: [GC172.748: [ParNew: 17000K->1034K(18048K), 0.0004540 secs] 34513K->18546K(57984K), 0.0004830 secs] [Times: user=0.00 sys=0.00, real=0.00 secs] 
172.748: Total time for which application threads were stopped: 0.0006000 seconds, Stopping threads took: 0.0000550 seconds
172.785: Application time: 0.0372270 seconds
172.786: [GC172.786: [ParNew: 16996K->1546K(18048K), 0.0005780 secs] 34509K->19058K(57984K), 0.0006060 secs] [Times: user=0.00 sys=0.00, real=0.00 secs] 
172.786: Total time for which application threads were stopped: 0.0007330 seconds, Stopping threads took: 0.0000690 seconds
172.826: Application time: 0.0396300 seconds
172.826: [GC172.826: [ParNew: 17591K->1578K(18048K), 0.0005980 secs] 35104K->19091K(57984K), 0.0006270 secs] [Times: user=0.00 sys=0.00, real=0.00 secs] 
172.827: Total time for which application threads were stopped: 0.0007540 seconds, Stopping threads took: 0.0000680 seconds
172.864: Application time: 0.0376350 seconds
172.864: [GC172.864: [ParNew: 17532K->1548K(18048K), 0.0011400 secs] 35045K->20661K(57984K), 0.0011750 secs] [Times: user=0.01 sys=0.00, real=0.01 secs] 
172.866: Total time for which application threads were stopped: 0.0013130 seconds, Stopping threads took: 0.0000720 seconds
172.906: Application time: 0.0401030 seconds
172.906: [GC172.906: [ParNew: 17597K->1580K(18048K), 0.0009600 secs] 36710K->21717K(57984K), 0.0009900 secs] [Times: user=0.01 sys=0.00, real=0.00 secs] 
172.907: Total time for which application threads were stopped: 0.0011240 seconds, Stopping threads took: 0.0000700 seconds
172.948: Application time: 0.0409440 seconds
172.948: [GC172.948: [ParNew: 17195K->1608K(18048K), 0.0006170 secs] 37332K->21801K(57984K), 0.0006450 secs] [Times: user=0.00 sys=0.00, real=0.00 secs] 
172.949: Total time for which application threads were stopped: 0.0007800 seconds, Stopping threads took: 0.0000680 seconds
172.989: Application time: 0.0407710 seconds
172.989: [GC172.989: [ParNew: 17574K->1548K(18048K), 0.0006600 secs] 37767K->21853K(57984K), 0.0006890 secs] [Times: user=0.00 sys=0.00, real=0.00 secs] 
172.990: Total time for which application threads were stopped: 0.0008260 seconds, Stopping threads took: 0.0000780 seconds
173.028: Application time: 0.0375560 seconds
173.028: [GC173.028: [ParNew: 17519K->1034K(18048K), 0.0004270 secs] 37824K->21339K(57984K), 0.0004530 secs] [Times: user=0.01 sys=0.00, real=0.00 secs] 
173.028: Total time for which application threads were stopped: 0.0006530 seconds, Stopping threads took: 0.0001420 seconds
173.069: Application time: 0.0402500 seconds
173.069: [GC173.069: [ParNew: 17000K->1034K(18048K), 0.0005220 secs] 37305K->21339K(57984K), 0.0005490 secs] [Times: user=0.00 sys=0.01, real=0.00 secs] 
173.069: Total time for which application threads were stopped: 0.0006670 seconds, Stopping threads took: 0.0000600 seconds
173.108: Application time: 0.0390380 seconds
173.108: [GC173.108: [ParNew: 16992K->1546K(18048K), 0.0008070 secs] 37297K->22363K(57984K), 0.0008380 secs] [Times: user=0.00 sys=0.01, real=0.00 secs] 
173.109: Total time for which application threads were stopped: 0.0009520 seconds, Stopping threads took: 0.0000540 seconds
173.147: Application time: 0.0379690 seconds
173.147: [GC173.147: [ParNew: 17504K->1548K(18048K), 0.0011860 secs] 38321K->23901K(57984K), 0.0012190 secs] [Times: user=0.01 sys=0.00, real=0.00 secs] 
173.149: Total time for which application threads were stopped: 0.0013700 seconds, Stopping threads took: 0.0000760 seconds
173.190: Application time: 0.0409810 seconds
173.190: [GC173.190: [ParNew: 17519K->1546K(18048K), 0.0010600 secs] 39872K->24923K(57984K), 0.0010900 secs] [Times: user=0.00 sys=0.00, real=0.00 secs] 
173.191: Total time for which application threads were stopped: 0.0012420 seconds, Stopping threads took: 0.0000900 seconds
173.231: Application time: 0.0402020 seconds
173.231: [GC173.231: [ParNew: 17161K->1606K(18048K), 0.0007660 secs] 40538K->24983K(57984K), 0.0008050 secs] [Times: user=0.01 sys=0.00, real=0.00 secs] 
173.232: Total time for which application threads were stopped: 0.0009250 seconds, Stopping threads took: 0.0000570 seconds
173.269: Application time: 0.0375280 seconds
173.270: [GC173.270: [ParNew: 17651K->1576K(18048K), 0.0006480 secs] 41028K->25057K(57984K), 0.0006760 secs] [Times: user=0.00 sys=0.00, real=0.00 secs] 
173.270: Total time for which application threads were stopped: 0.0009020 seconds, Stopping threads took: 0.0001670 seconds
173.310: Application time: 0.0398910 seconds
173.310: [GC173.310: [ParNew: 17617K->1578K(18048K), 0.0008330 secs] 41098K->25627K(57984K), 0.0008630 secs] [Times: user=0.01 sys=0.00, real=0.00 secs] 
173.311: Total time for which application threads were stopped: 0.0010000 seconds, Stopping threads took: 0.0000740 seconds
173.351: Application time: 0.0398240 seconds
173.351: [GC173.351: [ParNew: 17544K->1546K(18048K), 0.0008270 secs] 41594K->26179K(57984K), 0.0008590 secs] [Times: user=0.01 sys=0.00, real=0.00 secs] 
173.352: Total time for which application threads were stopped: 0.0009810 seconds, Stopping threads took: 0.0000610 seconds
173.391: Application time: 0.0387840 seconds
173.391: [GC173.391: [ParNew: 17512K->1546K(18048K), 0.0008460 secs] 42146K->26691K(57984K), 0.0008770 secs] [Times: user=0.01 sys=0.00, real=0.00 secs] 
173.392: Total time for which application threads were stopped: 0.0010360 seconds, Stopping threads took: 0.0000950 seconds
173.433: Application time: 0.0408300 seconds
173.433: [GC173.433: [ParNew: 17517K->1546K(18048K), 0.0006740 secs] 42662K->26691K(57984K), 0.0007050 secs] [Times: user=0.01 sys=0.00, real=0.00 secs] 
173.434: Total time for which application threads were stopped: 0.0008570 seconds, Stopping threads took: 0.0000920 seconds
173.474: Application time: 0.0408340 seconds
173.475: [GC173.475: [ParNew: 17595K->1064K(18048K), 0.0004730 secs] 42740K->26209K(57984K), 0.0005020 secs] [Times: user=0.01 sys=0.00, real=0.00 secs] 
173.475: Total time for which application threads were stopped: 0.0006390 seconds, Stopping threads took: 0.0000770 seconds
173.513: Application time: 0.0383440 seconds
173.514: [GC173.514: [ParNew: 17030K->1032K(18048K), 0.0004540 secs] 42176K->26257K(57984K), 0.0004800 secs] [Times: user=0.01 sys=0.00, real=0.00 secs] 
173.514: Total time for which application threads were stopped: 0.0006180 seconds, Stopping threads took: 0.0000820 seconds
173.552: Application time: 0.0376420 seconds
173.552: [GC173.552: [ParNew: 17064K->1580K(18048K), 0.0009290 secs] 42290K->27829K(57984K), 0.0009620 secs] [Times: user=0.00 sys=0.00, real=0.00 secs] 
173.553: Total time for which application threads were stopped: 0.0010850 seconds, Stopping threads took: 0.0000570 seconds
173.592: Application time: 0.0393810 seconds
173.592: [GC173.592: [ParNew: 17551K->1546K(18048K), 0.0008560 secs] 43800K->28379K(57984K), 0.0008860 secs] [Times: user=0.01 sys=0.00, real=0.00 secs] 
173.593: Total time for which application threads were stopped: 0.0010300 seconds, Stopping threads took: 0.0000740 seconds
173.632: Application time: 0.0390550 seconds
173.632: [GC173.632: [ParNew: 17161K->1092K(18048K), 0.0005240 secs] 43994K->27925K(57984K), 0.0005500 secs] [Times: user=0.00 sys=0.00, real=0.00 secs] 
173.633: Total time for which application threads were stopped: 0.0006770 seconds, Stopping threads took: 0.0000700 seconds
173.674: Application time: 0.0406770 seconds
173.674: [GC173.674: [ParNew: 17058K->1030K(18048K), 0.0005450 secs] 43892K->27959K(57984K), 0.0005700 secs] [Times: user=0.01 sys=0.00, real=0.00 secs] 
173.674: Total time for which application threads were stopped: 0.0006980 seconds, Stopping threads took: 0.0000580 seconds
173.714: Application time: 0.0395760 seconds
173.714: [GC173.714: [ParNew: 17000K->518K(18048K), 0.0004120 secs] 43930K->27447K(57984K), 0.0004380 secs] [Times: user=0.01 sys=0.00, real=0.00 secs] 
173.714: Total time for which application threads were stopped: 0.0005660 seconds, Stopping threads took: 0.0000640 seconds
173.753: Application time: 0.0382430 seconds
173.753: [GC173.753: [ParNew: 16480K->1034K(18048K), 0.0004770 secs] 43410K->27963K(57984K), 0.0005050 secs] [Times: user=0.00 sys=0.00, real=0.00 secs] 
173.753: Total time for which application threads were stopped: 0.0006240 seconds, Stopping threads took: 0.0000620 seconds
173.792: Application time: 0.0382840 seconds
173.792: [GC173.792: [ParNew: 16992K->1548K(18048K), 0.0007870 secs] 43921K->28989K(57984K), 0.0008180 secs] [Times: user=0.01 sys=0.00, real=0.00 secs] 
173.793: Total time for which application threads were stopped: 0.0009550 seconds, Stopping threads took: 0.0000720 seconds
173.832: Application time: 0.0394680 seconds
173.832: [GC173.832: [ParNew: 17519K->1548K(18048K), 0.0006450 secs] 44960K->28989K(57984K), 0.0006730 secs] [Times: user=0.01 sys=0.00, real=0.00 secs] 
173.833: Total time for which application threads were stopped: 0.0007980 seconds, Stopping threads took: 0.0000650 seconds
173.872: Application time: 0.0392470 seconds
173.872: [GC173.872: [ParNew: 17519K->1032K(18048K), 0.0004480 secs] 44960K->28473K(57984K), 0.0004730 secs] [Times: user=0.00 sys=0.00, real=0.00 secs] 
173.873: Total time for which application threads were stopped: 0.0006130 seconds, Stopping threads took: 0.0000850 seconds
173.911: Application time: 0.0387120 seconds
173.911: [GC173.912: [ParNew: 16721K->610K(18048K), 0.0003960 secs] 44163K->28051K(57984K), 0.0004220 secs] [Times: user=0.01 sys=0.00, real=0.00 secs] 
173.912: Total time for which application threads were stopped: 0.0005460 seconds, Stopping threads took: 0.0000700 seconds
173.948: Application time: 0.0357490 seconds
173.948: [GC173.948: [ParNew: 16634K->1664K(18048K), 0.0011880 secs] 44076K->30641K(57984K), 0.0012220 secs] [Times: user=0.01 sys=0.00, real=0.00 secs] 
173.949: Total time for which application threads were stopped: 0.0014590 seconds, Stopping threads took: 0.0001700 seconds
173.989: Application time: 0.0395410 seconds
173.989: [GC173.989: [ParNew: 17631K->1550K(18048K), 0.0011910 secs] 46608K->32227K(57984K), 0.0012250 secs] [Times: user=0.01 sys=0.00, real=0.00 secs] 
173.990: Total time for which application threads were stopped: 0.0013680 seconds, Stopping threads took: 0.0000780 seconds
174.030: Application time: 0.0402950 seconds
174.030: [GC174.031: [ParNew: 17521K->1548K(18048K), 0.0009400 secs] 48198K->33249K(57984K), 0.0009710 secs] [Times: user=0.01 sys=0.00, real=0.00 secs] 
174.031: Total time for which application threads were stopped: 0.0011310 seconds, Stopping threads took: 0.0000960 seconds
174.073: Application time: 0.0415040 seconds
174.073: [GC174.073: [ParNew: 17518K->1546K(18048K), 0.0006370 secs] 49220K->33247K(57984K), 0.0006630 secs] [Times: user=0.00 sys=0.01, real=0.00 secs] 
174.074: Total time for which application threads were stopped: 0.0007830 seconds, Stopping threads took: 0.0000650 seconds
174.114: Application time: 0.0403850 seconds
174.114: [GC174.114: [ParNew: 17519K->522K(18048K), 0.0002900 secs] 49220K->32223K(57984K), 0.0003160 secs] [Times: user=0.01 sys=0.00, real=0.00 secs] 
174.115: Total time for which application threads were stopped: 0.0004290 seconds, Stopping threads took: 0.0000590 seconds
174.155: Application time: 0.0405870 seconds
174.155: [GC174.155: [ParNew: 16567K->554K(18048K), 0.0003170 secs] 48268K->32255K(57984K), 0.0003450 secs] [Times: user=0.00 sys=0.00, real=0.00 secs] 
174.156: Total time for which application threads were stopped: 0.0004580 seconds, Stopping threads took: 0.0000580 seconds
174.192: Application time: 0.0364110 seconds
174.192: [GC174.192: [ParNew: 16512K->1578K(18048K), 0.0006380 secs] 48214K->33279K(57984K), 0.0006660 secs] [Times: user=0.01 sys=0.00, real=0.00 secs] 
174.193: Total time for which application threads were stopped: 0.0008940 seconds, Stopping threads took: 0.0001610 seconds
174.232: Application time: 0.0385550 seconds
174.232: [GC174.232: [ParNew: 17610K->1578K(18048K), 0.0011510 secs] 49312K->34880K(57984K), 0.0011930 secs] [Times: user=0.01 sys=0.00, real=0.00 secs] 
174.233: Total time for which application threads were stopped: 0.0013470 seconds, Stopping threads took: 0.0000860 seconds
174.274: Application time: 0.0406920 seconds
174.274: [GC174.274: [ParNew: 17631K->1578K(18048K), 0.0007170 secs] 50933K->34944K(57984K), 0.0007450 secs] [Times: user=0.01 sys=0.00, real=0.00 secs] 
174.274: Total time for which application threads were stopped: 0.0009420 seconds, Stopping threads took: 0.0001370 seconds
174.313: Application time: 0.0381620 seconds
174.313: [GC174.313: [ParNew: 17614K->1576K(18048K), 0.0010680 secs] 50980K->36022K(57984K), 0.0011020 secs] [Times: user=0.01 sys=0.00, real=0.00 secs] 
174.314: Total time for which application threads were stopped: 0.0012470 seconds, Stopping threads took: 0.0000820 seconds
174.355: Application time: 0.0407060 seconds
174.355: [GC174.355: [ParNew: 17544K->1546K(18048K), 0.0009450 secs] 51990K->36552K(57984K), 0.0009760 secs] [Times: user=0.01 sys=0.00, real=0.00 secs] 
174.356: Total time for which application threads were stopped: 0.0010960 seconds, Stopping threads took: 0.0000570 seconds
174.395: Application time: 0.0390850 seconds
174.395: [GC174.395: [ParNew: 17512K->1548K(18048K), 0.0006570 secs] 52518K->36554K(57984K), 0.0006860 secs] [Times: user=0.00 sys=0.00, real=0.00 secs] 
174.396: Total time for which application threads were stopped: 0.0008660 seconds, Stopping threads took: 0.0001200 seconds
174.434: Application time: 0.0379200 seconds
174.434: [GC174.434: [ParNew: 17512K->1548K(18048K), 0.0008630 secs] 52518K->37066K(57984K), 0.0008930 secs] [Times: user=0.00 sys=0.00, real=0.00 secs] 
174.435: Total time for which application threads were stopped: 0.0010240 seconds, Stopping threads took: 0.0000710 seconds
174.474: Application time: 0.0393500 seconds
174.474: [GC174.474: [ParNew: 17510K->1550K(18048K), 0.0009920 secs] 53028K->38092K(57984K), 0.0010240 secs] [Times: user=0.01 sys=0.00, real=0.00 secs] 
174.475: Total time for which application threads were stopped: 0.0011630 seconds, Stopping threads took: 0.0000740 seconds
174.515: Application time: 0.0399380 seconds
174.515: [GC174.515: [ParNew: 17516K->1548K(18048K), 0.0009920 secs] 54058K->39114K(57984K), 0.0010250 secs] [Times: user=0.01 sys=0.00, real=0.00 secs] 
174.516: Total time for which application threads were stopped: 0.0011690 seconds, Stopping threads took: 0.0000780 seconds
174.555: Application time: 0.0391620 seconds
174.556: [GC174.556: [ParNew: 17601K->1588K(18048K), 0.0009710 secs] 55167K->40178K(57984K), 0.0010020 secs] [Times: user=0.01 sys=0.00, real=0.00 secs] 
174.557: Total time for which application threads were stopped: 0.0011250 seconds, Stopping threads took: 0.0000570 seconds
174.596: Application time: 0.0396750 seconds
174.596: [GC174.596: [ParNew: 17267K->1636K(18048K), 0.0008540 secs] 55857K->40802K(57984K), 0.0008840 secs] [Times: user=0.01 sys=0.00, real=0.01 secs] 
174.597: Total time for which application threads were stopped: 0.0010200 seconds, Stopping threads took: 0.0000730 seconds
174.637: Application time: 0.0394460 seconds
174.637: [GC174.637: [ParNew: 17605K->17605K(18048K), 0.0000100 secs]174.637: [Tenured: 39166K->7757K(39936K), 0.0053500 secs] 56771K->7757K(57984K), [Perm : 5179K->5179K(21248K)], 0.0054060 secs] [Times: user=0.01 sys=0.00, real=0.01 secs] 
174.642: Total time for which application threads were stopped: 0.0055690 seconds, Stopping threads took: 0.0000920 seconds
174.682: Application time: 0.0394240 seconds
174.682: [GC174.682: [ParNew: 15966K->1548K(18048K), 0.0007880 secs] 23723K->9817K(57984K), 0.0008170 secs] [Times: user=0.01 sys=0.00, real=0.00 secs] 
174.683: Total time for which application threads were stopped: 0.0010620 seconds, Stopping threads took: 0.0001800 seconds
174.723: Application time: 0.0404480 seconds
174.723: [GC174.723: [ParNew: 17514K->1548K(18048K), 0.0008240 secs] 25783K->10329K(57984K), 0.0008580 secs] [Times: user=0.01 sys=0.00, real=0.00 secs] 
174.724: Total time for which application threads were stopped: 0.0010280 seconds, Stopping threads took: 0.0000860 seconds
174.764: Application time: 0.0393790 seconds
174.764: [GC174.764: [ParNew: 17514K->1548K(18048K), 0.0007990 secs] 26295K->10841K(57984K), 0.0008310 secs] [Times: user=0.01 sys=0.00, real=0.00 secs] 
174.765: Total time for which application threads were stopped: 0.0009780 seconds, Stopping threads took: 0.0000860 seconds
174.804: Application time: 0.0390710 seconds
174.804: [GC174.804: [ParNew: 17514K->1546K(18048K), 0.0007680 secs] 26807K->11351K(57984K), 0.0007980 secs] [Times: user=0.01 sys=0.00, real=0.00 secs] 
174.805: Total time for which application threads were stopped: 0.0009280 seconds, Stopping threads took: 0.0000670 seconds
174.845: Application time: 0.0403250 seconds
174.845: [GC174.845: [ParNew: 17586K->1580K(18048K), 0.0009820 secs] 27392K->12409K(57984K), 0.0010140 secs] [Times: user=0.00 sys=0.00, real=0.01 secs] 
174.846: Total time for which application threads were stopped: 0.0011510 seconds, Stopping threads took: 0.0000740 seconds
174.885: Application time: 0.0389470 seconds
174.885: [GC174.885: [ParNew: 17542K->1550K(18048K), 0.0011320 secs] 28371K->13995K(57984K), 0.0011680 secs] [Times: user=0.01 sys=0.00, real=0.01 secs] 
174.886: Total time for which application threads were stopped: 0.0012970 seconds, Stopping threads took: 0.0000600 seconds
174.926: Application time: 0.0396260 seconds
174.926: [GC174.926: [ParNew: 17595K->1580K(18048K), 0.0009730 secs] 30040K->15049K(57984K), 0.0010040 secs] [Times: user=0.01 sys=0.00, real=0.00 secs] 
174.927: Total time for which application threads were stopped: 0.0011810 seconds, Stopping threads took: 0.0001120 seconds
174.968: Application time: 0.0412830 seconds
174.969: [GC174.969: [ParNew: 17637K->1588K(18048K), 0.0008370 secs] 31106K->15633K(57984K), 0.0008680 secs] [Times: user=0.01 sys=0.00, real=0.00 secs] 
174.969: Total time for which application threads were stopped: 0.0010000 seconds, Stopping threads took: 0.0000720 seconds
175.008: Application time: 0.0388750 seconds
175.008: [GC175.008: [ParNew: 17625K->1578K(18048K), 0.0009120 secs] 31670K->16207K(57984K), 0.0009420 secs] [Times: user=0.01 sys=0.00, real=0.00 secs] 
175.009: Total time for which application threads were stopped: 0.0010980 seconds, Stopping threads took: 0.0000950 seconds
175.049: Application time: 0.0396150 seconds
175.049: [GC175.049: [ParNew: 17544K->1548K(18048K), 0.0008660 secs] 32174K->16753K(57984K), 0.0008950 secs] [Times: user=0.00 sys=0.00, real=0.00 secs] 
175.050: Total time for which application threads were stopped: 0.0010270 seconds, Stopping threads took: 0.0000720 seconds
175.091: Application time: 0.0406770 seconds
175.091: [GC175.091: [ParNew: 17510K->1546K(18048K), 0.0010240 secs] 32716K->17775K(57984K), 0.0010560 secs] [Times: user=0.01 sys=0.00, real=0.00 secs] 
175.092: Total time for which application threads were stopped: 0.0011940 seconds, Stopping threads took: 0.0000740 seconds
175.132: Application time: 0.0397400 seconds
175.132: [GC175.132: [ParNew: 17517K->1546K(18048K), 0.0008520 secs] 33746K->18287K(57984K), 0.0008830 secs] [Times: user=0.01 sys=0.00, real=0.00 secs] 
175.133: Total time for which application threads were stopped: 0.0010210 seconds, Stopping threads took: 0.0000750 seconds
175.172: Application time: 0.0393680 seconds
175.172: [GC175.172: [ParNew: 17512K->1546K(18048K), 0.0008470 secs] 34254K->18799K(57984K), 0.0008760 secs] [Times: user=0.01 sys=0.00, real=0.00 secs] 
175.173: Total time for which application threads were stopped: 0.0010030 seconds, Stopping threads took: 0.0000670 seconds
175.212: Application time: 0.0391270 seconds
175.212: [GC175.212: [ParNew: 17591K->1576K(18048K), 0.0007610 secs] 34844K->19341K(57984K), 0.0007900 secs] [Times: user=0.01 sys=0.00, real=0.00 secs] 
175.213: Total time for which application threads were stopped: 0.0009440 seconds, Stopping threads took: 0.0000930 seconds
175.251: Application time: 0.0378970 seconds
175.251: [GC175.251: [ParNew: 17183K->1608K(18048K), 0.0008060 secs] 34948K->19957K(57984K), 0.0008430 secs] [Times: user=0.01 sys=0.00, real=0.00 secs] 
175.252: Total time for which application threads were stopped: 0.0009770 seconds, Stopping threads took: 0.0000650 seconds
175.292: Application time: 0.0400520 seconds
175.292: [GC175.292: [ParNew: 17653K->1580K(18048K), 0.0007110 secs] 36002K->20033K(57984K), 0.0007400 secs] [Times: user=0.00 sys=0.00, real=0.00 secs] 
175.293: Total time for which application threads were stopped: 0.0009770 seconds, Stopping threads took: 0.0001760 seconds
175.333: Application time: 0.0397380 seconds
175.333: [GC175.333: [ParNew: 17544K->1548K(18048K), 0.0008450 secs] 35998K->20569K(57984K), 0.0008780 secs] [Times: user=0.00 sys=0.00, real=0.00 secs] 
175.334: Total time for which application threads were stopped: 0.0010050 seconds, Stopping threads took: 0.0000630 seconds
175.373: Application time: 0.0394510 seconds
175.373: [GC175.373: [ParNew: 17514K->1546K(18048K), 0.0008140 secs] 36536K->21079K(57984K), 0.0008460 secs] [Times: user=0.01 sys=0.00, real=0.00 secs] 
175.374: Total time for which application threads were stopped: 0.0009800 seconds, Stopping threads took: 0.0000720 seconds
175.415: Application time: 0.0406240 seconds
175.415: [GC175.415: [ParNew: 17512K->1544K(18048K), 0.0006940 secs] 37046K->21077K(57984K), 0.0007200 secs] [Times: user=0.01 sys=0.00, real=0.00 secs] 
175.416: Total time for which application threads were stopped: 0.0009350 seconds, Stopping threads took: 0.0001530 seconds
175.455: Application time: 0.0396570 seconds
175.456: [GC175.456: [ParNew: 17508K->1548K(18048K), 0.0007620 secs] 37042K->21593K(57984K), 0.0007920 secs] [Times: user=0.01 sys=0.00, real=0.00 secs] 
175.456: Total time for which application threads were stopped: 0.0009100 seconds, Stopping threads took: 0.0000580 seconds
175.495: Application time: 0.0390030 seconds
175.495: [GC175.495: [ParNew: 17519K->1548K(18048K), 0.0006740 secs] 37564K->21593K(57984K), 0.0007040 secs] [Times: user=0.01 sys=0.00, real=0.00 secs] 
175.496: Total time for which application threads were stopped: 0.0008310 seconds, Stopping threads took: 0.0000660 seconds
175.534: Application time: 0.0382060 seconds
175.534: [GC175.534: [ParNew: 17588K->1578K(18048K), 0.0007650 secs] 37634K->22135K(57984K), 0.0007950 secs] [Times: user=0.01 sys=0.00, real=0.00 secs] 
175.535: Total time for which application threads were stopped: 0.0009140 seconds, Stopping threads took: 0.0000570 seconds
175.576: Application time: 0.0409330 seconds
175.577: [GC175.577: [ParNew: 17549K->1546K(18048K), 0.0007950 secs] 38106K->22159K(57984K), 0.0008200 secs] [Times: user=0.00 sys=0.00, real=0.00 secs] 
175.578: Total time for which application threads were stopped: 0.0018700 seconds, Stopping threads took: 0.0009890 seconds
175.616: Application time: 0.0378340 seconds
175.616: [GC175.616: [ParNew: 17145K->1606K(18048K), 0.0010300 secs] 37758K->23243K(57984K), 0.0010610 secs] [Times: user=0.00 sys=0.00, real=0.00 secs] 
175.617: Total time for which application threads were stopped: 0.0011890 seconds, Stopping threads took: 0.0000650 seconds
175.658: Application time: 0.0408990 seconds
175.658: [GC175.658: [ParNew: 17655K->1580K(18048K), 0.0008510 secs] 39293K->23834K(57984K), 0.0008820 secs] [Times: user=0.01 sys=0.00, real=0.00 secs] 
175.659: Total time for which application threads were stopped: 0.0010960 seconds, Stopping threads took: 0.0001520 seconds
175.698: Application time: 0.0391360 seconds
175.698: [GC175.698: [ParNew: 17546K->1550K(18048K), 0.0007900 secs] 39800K->24371K(57984K), 0.0008190 secs] [Times: user=0.01 sys=0.00, real=0.00 secs] 
175.699: Total time for which application threads were stopped: 0.0009680 seconds, Stopping threads took: 0.0000870 seconds
175.739: Application time: 0.0393830 seconds
175.739: [GC175.739: [ParNew: 17516K->1550K(18048K), 0.0008670 secs] 40338K->24884K(57984K), 0.0008960 secs] [Times: user=0.01 sys=0.00, real=0.00 secs] 
175.740: Total time for which application threads were stopped: 0.0010250 seconds, Stopping threads took: 0.0000670 seconds
175.780: Application time: 0.0407140 seconds
175.780: [GC175.780: [ParNew: 17516K->1550K(18048K), 0.0007770 secs] 40850K->25396K(57984K), 0.0008160 secs] [Times: user=0.01 sys=0.00, real=0.00 secs] 
175.781: Total time for which application threads were stopped: 0.0009570 seconds, Stopping threads took: 0.0000720 seconds
175.819: Application time: 0.0379370 seconds
175.819: [GC175.819: [ParNew: 17516K->1548K(18048K), 0.0008000 secs] 41362K->25906K(57984K), 0.0008310 secs] [Times: user=0.01 sys=0.00, real=0.00 secs] 
175.820: Total time for which application threads were stopped: 0.0009940 seconds, Stopping threads took: 0.0001030 seconds
175.861: Application time: 0.0406410 seconds
175.861: [GC175.861: [ParNew: 17510K->1548K(18048K), 0.0009440 secs] 41868K->26930K(57984K), 0.0009760 secs] [Times: user=0.01 sys=0.00, real=0.00 secs] 
175.862: Total time for which application threads were stopped: 0.0011050 seconds, Stopping threads took: 0.0000640 seconds
175.900: Application time: 0.0378910 seconds
175.900: [GC175.900: [ParNew: 17159K->1606K(18048K), 0.0007720 secs] 42541K->27500K(57984K), 0.0008000 secs] [Times: user=0.01 sys=0.00, real=0.00 secs] 
175.901: Total time for which application threads were stopped: 0.0009540 seconds, Stopping threads took: 0.0000920 seconds
175.939: Application time: 0.0385840 seconds
175.940: [GC175.940: [ParNew: 17217K->1606K(18048K), 0.0006900 secs] 43111K->27588K(57984K), 0.0007170 secs] [Times: user=0.00 sys=0.00, real=0.00 secs] 
175.940: Total time for which application threads were stopped: 0.0008350 seconds, Stopping threads took: 0.0000580 seconds
175.980: Application time: 0.0397460 seconds
175.980: [GC175.980: [ParNew: 17572K->1546K(18048K), 0.0006170 secs] 43554K->27632K(57984K), 0.0006480 secs] [Times: user=0.00 sys=0.00, real=0.00 secs] 
175.981: Total time for which application threads were stopped: 0.0007710 seconds, Stopping threads took: 0.0000630 seconds
176.020: Application time: 0.0394250 seconds
176.020: [GC176.020: [ParNew: 17516K->1034K(18048K), 0.0004880 secs] 43603K->27120K(57984K), 0.0005130 secs] [Times: user=0.00 sys=0.00, real=0.00 secs] 
176.021: Total time for which application threads were stopped: 0.0007240 seconds, Stopping threads took: 0.0001560 seconds
176.059: Application time: 0.0378220 seconds
176.059: [GC176.059: [ParNew: 16992K->1548K(18048K), 0.0006130 secs] 43078K->27634K(57984K), 0.0006430 secs] [Times: user=0.01 sys=0.00, real=0.00 secs] 
176.060: Total time for which application threads were stopped: 0.0008290 seconds, Stopping threads took: 0.0001260 seconds
176.100: Application time: 0.0401280 seconds
176.100: [GC176.100: [ParNew: 17508K->1550K(18048K), 0.0008970 secs] 43594K->28660K(57984K), 0.0009270 secs] [Times: user=0.01 sys=0.00, real=0.00 secs] 
176.101: Total time for which application threads were stopped: 0.0010620 seconds, Stopping threads took: 0.0000730 seconds
176.141: Application time: 0.0400060 seconds
176.141: [GC176.141: [ParNew: 17521K->1546K(18048K), 0.0008240 secs] 44631K->29168K(57984K), 0.0008550 secs] [Times: user=0.01 sys=0.00, real=0.00 secs] 
176.142: Total time for which application threads were stopped: 0.0009880 seconds, Stopping threads took: 0.0000710 seconds
176.181: Application time: 0.0396630 seconds
176.182: [GC176.182: [ParNew: 17593K->1578K(18048K), 0.0006600 secs] 45215K->29200K(57984K), 0.0006910 secs] [Times: user=0.01 sys=0.00, real=0.00 secs] 
176.182: Total time for which application threads were stopped: 0.0008230 seconds, Stopping threads took: 0.0000720 seconds
176.223: Application time: 0.0410560 seconds
176.223: [GC176.223: [ParNew: 17549K->1034K(18048K), 0.0020640 secs] 45171K->28720K(57984K), 0.0020970 secs] [Times: user=0.01 sys=0.00, real=0.01 secs] 
176.226: Total time for which application threads were stopped: 0.0022080 seconds, Stopping threads took: 0.0000550 seconds
176.265: Application time: 0.0397470 seconds
176.265: [GC176.265: [ParNew: 17000K->1032K(18048K), 0.0004540 secs] 44686K->28718K(57984K), 0.0004820 secs] [Times: user=0.00 sys=0.00, real=0.00 secs] 
176.266: Total time for which application threads were stopped: 0.0006040 seconds, Stopping threads took: 0.0000560 seconds
176.302: Application time: 0.0361890 seconds
176.302: [GC176.302: [ParNew: 16626K->1608K(18048K), 0.0009530 secs] 44312K->30318K(57984K), 0.0009870 secs] [Times: user=0.01 sys=0.00, real=0.00 secs] 
176.303: Total time for which application threads were stopped: 0.0011270 seconds, Stopping threads took: 0.0000650 seconds
176.342: Application time: 0.0388760 seconds
176.342: [GC176.342: [ParNew: 17653K->1578K(18048K), 0.0009770 secs] 46363K->31408K(57984K), 0.0010110 secs] [Times: user=0.00 sys=0.00, real=0.00 secs] 
176.343: Total time for which application threads were stopped: 0.0011380 seconds, Stopping threads took: 0.0000600 seconds
176.383: Application time: 0.0395720 seconds
176.383: [GC176.383: [ParNew: 17544K->1548K(18048K), 0.0010100 secs] 47375K->32466K(57984K), 0.0010400 secs] [Times: user=0.01 sys=0.00, real=0.00 secs] 
176.384: Total time for which application threads were stopped: 0.0011640 seconds, Stopping threads took: 0.0000610 seconds
176.423: Application time: 0.0392090 seconds
176.423: [GC176.423: [ParNew: 17514K->1546K(18048K), 0.0008480 secs] 48433K->32976K(57984K), 0.0008760 secs] [Times: user=0.01 sys=0.00, real=0.00 secs] 
176.424: Total time for which application threads were stopped: 0.0010410 seconds, Stopping threads took: 0.0001020 seconds
176.465: Application time: 0.0407400 seconds
176.465: [GC176.465: [ParNew: 17514K->1544K(18048K), 0.0007930 secs] 48945K->33486K(57984K), 0.0008230 secs] [Times: user=0.00 sys=0.00, real=0.01 secs] 
176.466: Total time for which application threads were stopped: 0.0009520 seconds, Stopping threads took: 0.0000690 seconds
176.506: Application time: 0.0404090 seconds
176.506: [GC176.506: [ParNew: 17514K->1544K(18048K), 0.0006550 secs] 49457K->33486K(57984K), 0.0006810 secs] [Times: user=0.00 sys=0.00, real=0.00 secs] 
176.507: Total time for which application threads were stopped: 0.0008250 seconds, Stopping threads took: 0.0000870 seconds
176.547: Application time: 0.0394460 seconds
176.547: [GC176.547: [ParNew: 17589K->1580K(18048K), 0.0006590 secs] 49531K->33522K(57984K), 0.0006890 secs] [Times: user=0.00 sys=0.00, real=0.00 secs] 
176.547: Total time for which application threads were stopped: 0.0008130 seconds, Stopping threads took: 0.0000630 seconds
176.588: Application time: 0.0402240 seconds
176.588: [GC176.588: [ParNew: 17625K->1578K(18048K), 0.0006430 secs] 49567K->33576K(57984K), 0.0006730 secs] [Times: user=0.00 sys=0.00, real=0.00 secs] 
176.588: Total time for which application threads were stopped: 0.0008040 seconds, Stopping threads took: 0.0000700 seconds
176.627: Application time: 0.0383770 seconds
176.627: [GC176.627: [ParNew: 17189K->1094K(18048K), 0.0005360 secs] 49187K->33148K(57984K), 0.0005610 secs] [Times: user=0.01 sys=0.00, real=0.00 secs] 
176.628: Total time for which application threads were stopped: 0.0006730 seconds, Stopping threads took: 0.0000580 seconds
176.668: Application time: 0.0402710 seconds
176.668: [GC176.668: [ParNew: 17056K->1548K(18048K), 0.0007020 secs] 49111K->33698K(57984K), 0.0007310 secs] [Times: user=0.00 sys=0.00, real=0.00 secs] 
176.669: Total time for which application threads were stopped: 0.0008510 seconds, Stopping threads took: 0.0000610 seconds
176.706: Application time: 0.0377750 seconds
176.707: [GC176.707: [ParNew: 17510K->1548K(18048K), 0.0008100 secs] 49661K->34210K(57984K), 0.0008400 secs] [Times: user=0.01 sys=0.00, real=0.00 secs] 
176.707: Total time for which application threads were stopped: 0.0009590 seconds, Stopping threads took: 0.0000570 seconds
176.747: Application time: 0.0401090 seconds
176.748: [GC176.748: [ParNew: 17510K->1548K(18048K), 0.0010090 secs] 50173K->35234K(57984K), 0.0010380 secs] [Times: user=0.01 sys=0.00, real=0.00 secs] 
176.749: Total time for which application threads were stopped: 0.0011870 seconds, Stopping threads took: 0.0000860 seconds
176.790: Application time: 0.0412940 seconds
176.790: [GC176.790: [ParNew: 17521K->1544K(18048K), 0.0006820 secs] 51207K->35230K(57984K), 0.0007190 secs] [Times: user=0.00 sys=0.00, real=0.00 secs] 
176.791: Total time for which application threads were stopped: 0.0008580 seconds, Stopping threads took: 0.0000810 seconds
176.830: Application time: 0.0394890 seconds
176.831: [GC176.831: [ParNew: 17510K->1544K(18048K), 0.0007670 secs] 51197K->35230K(57984K), 0.0007950 secs] [Times: user=0.00 sys=0.00, real=0.00 secs] 
176.831: Total time for which application threads were stopped: 0.0010060 seconds, Stopping threads took: 0.0001410 seconds
176.870: Application time: 0.0391610 seconds
176.871: [GC176.871: [ParNew: 17589K->1574K(18048K), 0.0006930 secs] 51275K->35260K(57984K), 0.0007230 secs] [Times: user=0.00 sys=0.00, real=0.00 secs] 
176.871: Total time for which application threads were stopped: 0.0008490 seconds, Stopping threads took: 0.0000640 seconds
176.911: Application time: 0.0396590 seconds
176.911: [GC176.911: [ParNew: 17545K->1034K(18048K), 0.0004690 secs] 51231K->34776K(57984K), 0.0004970 secs] [Times: user=0.00 sys=0.00, real=0.00 secs] 
176.912: Total time for which application threads were stopped: 0.0006380 seconds, Stopping threads took: 0.0000820 seconds
176.953: Application time: 0.0408710 seconds
176.953: [GC176.953: [ParNew: 17078K->1068K(18048K), 0.0004480 secs] 50821K->34810K(57984K), 0.0004750 secs] [Times: user=0.00 sys=0.00, real=0.00 secs] 
176.953: Total time for which application threads were stopped: 0.0006050 seconds, Stopping threads took: 0.0000720 seconds
176.990: Application time: 0.0367420 seconds
176.990: [GC176.990: [ParNew: 16666K->1604K(18048K), 0.0008980 secs] 50409K->35914K(57984K), 0.0009280 secs] [Times: user=0.00 sys=0.00, real=0.00 secs] 
176.991: Total time for which application threads were stopped: 0.0010520 seconds, Stopping threads took: 0.0000630 seconds
177.030: Application time: 0.0391010 seconds
177.030: [GC177.030: [ParNew: 17566K->1548K(18048K), 0.0009650 secs] 51877K->36994K(57984K), 0.0009980 secs] [Times: user=0.01 sys=0.00, real=0.00 secs] 
177.031: Total time for which application threads were stopped: 0.0011320 seconds, Stopping threads took: 0.0000710 seconds
177.072: Application time: 0.0404710 seconds
177.072: [GC177.072: [ParNew: 17519K->1548K(18048K), 0.0008550 secs] 52965K->37506K(57984K), 0.0008850 secs] [Times: user=0.00 sys=0.00, real=0.00 secs] 
177.073: Total time for which application threads were stopped: 0.0010150 seconds, Stopping threads took: 0.0000680 seconds
177.113: Application time: 0.0404680 seconds
177.113: [GC177.114: [ParNew: 17516K->1552K(18048K), 0.0007230 secs] 53475K->37510K(57984K), 0.0007550 secs] [Times: user=0.00 sys=0.00, real=0.00 secs] 
177.114: Total time for which application threads were stopped: 0.0011520 seconds, Stopping threads took: 0.0003370 seconds
177.153: Application time: 0.0391670 seconds
177.154: [GC177.154: [ParNew: 17514K->1548K(18048K), 0.0007810 secs] 53473K->38018K(57984K), 0.0008140 secs] [Times: user=0.01 sys=0.00, real=0.00 secs] 
177.154: Total time for which application threads were stopped: 0.0009490 seconds, Stopping threads took: 0.0000700 seconds
177.195: Application time: 0.0404780 seconds
177.195: [GC177.195: [ParNew: 17595K->1576K(18048K), 0.0006950 secs] 54065K->38046K(57984K), 0.0007250 secs] [Times: user=0.01 sys=0.00, real=0.00 secs] 
177.196: Total time for which application threads were stopped: 0.0008550 seconds, Stopping threads took: 0.0000700 seconds
177.236: Application time: 0.0398850 seconds
177.236: [GC177.236: [ParNew: 17625K->1064K(18048K), 0.0005040 secs] 54096K->37590K(57984K), 0.0005310 secs] [Times: user=0.00 sys=0.00, real=0.00 secs] 
177.236: Total time for which application threads were stopped: 0.0007090 seconds, Stopping threads took: 0.0001180 seconds
177.274: Application time: 0.0380600 seconds
177.274: [GC177.274: [ParNew: 17100K->1578K(18048K), 0.0007700 secs] 53627K->38689K(57984K), 0.0008000 secs] [Times: user=0.00 sys=0.00, real=0.00 secs] 
177.275: Total time for which application threads were stopped: 0.0009340 seconds, Stopping threads took: 0.0000720 seconds
177.314: Application time: 0.0388530 seconds
177.314: [GC177.314: [ParNew: 17623K->1576K(18048K), 0.0008710 secs] 54734K->39255K(57984K), 0.0009100 secs] [Times: user=0.01 sys=0.00, real=0.00 secs] 
177.315: Total time for which application threads were stopped: 0.0010530 seconds, Stopping threads took: 0.0000800 seconds
177.355: Application time: 0.0397100 seconds
177.355: [GC177.355: [ParNew: 17538K->1550K(18048K), 0.0010770 secs] 55217K->40317K(57984K), 0.0011090 secs] [Times: user=0.00 sys=0.00, real=0.00 secs] 
177.356: Total time for which application threads were stopped: 0.0012410 seconds, Stopping threads took: 0.0000610 seconds
177.397: Application time: 0.0409650 seconds
177.397: [GC177.397: [ParNew: 17523K->1546K(18048K), 0.0007010 secs] 56290K->40313K(57984K), 0.0007300 secs] [Times: user=0.00 sys=0.00, real=0.00 secs] 
177.398: Total time for which application threads were stopped: 0.0008900 seconds, Stopping threads took: 0.0000980 seconds
177.439: Application time: 0.0409140 seconds
177.439: [GC177.439: [ParNew: 17514K->1034K(18048K), 0.0005530 secs] 56281K->39801K(57984K), 0.0005800 secs] [Times: user=0.01 sys=0.00, real=0.00 secs] 
177.440: Total time for which application threads were stopped: 0.0007020 seconds, Stopping threads took: 0.0000650 seconds
177.479: Application time: 0.0393400 seconds
177.481: [GC177.481: [ParNew: 16998K->1034K(18048K), 0.0006850 secs] 55765K->39801K(57984K), 0.0007160 secs] [Times: user=0.00 sys=0.00, real=0.00 secs] 
177.482: Total time for which application threads were stopped: 0.0030330 seconds, Stopping threads took: 0.0022580 seconds
177.523: Application time: 0.0407240 seconds
177.523: [GC177.523: [ParNew: 17081K->1064K(18048K), 0.0005580 secs] 55847K->39831K(57984K), 0.0005830 secs] [Times: user=0.00 sys=0.00, real=0.00 secs] 
177.523: Total time for which application threads were stopped: 0.0006930 seconds, Stopping threads took: 0.0000530 seconds
177.562: Application time: 0.0382200 seconds
177.562: [GC177.562: [ParNew: 17022K->1546K(18048K), 0.0007920 secs] 55789K->40889K(57984K), 0.0008240 secs] [Times: user=0.00 sys=0.00, real=0.00 secs] 
177.563: Total time for which application threads were stopped: 0.0009710 seconds, Stopping threads took: 0.0000830 seconds
177.602: Application time: 0.0397690 seconds
177.603: [GC177.603: [ParNew: 17514K->1546K(18048K), 0.0006270 secs] 56857K->40889K(57984K), 0.0006560 secs] [Times: user=0.01 sys=0.00, real=0.00 secs] 
177.603: Total time for which application threads were stopped: 0.0007900 seconds, Stopping threads took: 0.0000760 seconds
177.641: Application time: 0.0375470 seconds
177.641: [GC177.641: [ParNew: 17146K->1608K(18048K), 0.0009940 secs]177.642: [Tenured: 40366K->8385K(40452K), 0.0052310 secs] 56489K->8385K(58500K), [Perm : 5179K->5179K(21248K)], 0.0063180 secs] [Times: user=0.01 sys=0.00, real=0.01 secs] 
177.647: Total time for which application threads were stopped: 0.0064600 seconds, Stopping threads took: 0.0000740 seconds
177.688: Application time: 0.0405060 seconds
177.688: [GC177.688: [ParNew: 16044K->1576K(18048K), 0.0009940 secs] 24429K->10985K(57984K), 0.0010280 secs] [Times: user=0.01 sys=0.00, real=0.00 secs] 
177.689: Total time for which application threads were stopped: 0.0012070 seconds, Stopping threads took: 0.0001140 seconds
177.730: Application time: 0.0406940 seconds
177.730: [GC177.730: [ParNew: 17547K->1544K(18048K), 0.0007730 secs] 26956K->11545K(57984K), 0.0008020 secs] [Times: user=0.00 sys=0.00, real=0.00 secs] 
177.731: Total time for which application threads were stopped: 0.0009500 seconds, Stopping threads took: 0.0000860 seconds
177.771: Application time: 0.0408710 seconds
177.772: [GC177.772: [ParNew: 17515K->1546K(18048K), 0.0006160 secs] 27516K->11547K(57984K), 0.0006430 secs] [Times: user=0.00 sys=0.00, real=0.00 secs] 
177.772: Total time for which application threads were stopped: 0.0007830 seconds, Stopping threads took: 0.0000810 seconds
177.813: Application time: 0.0409880 seconds
177.813: [GC177.813: [ParNew: 17517K->1034K(18048K), 0.0004350 secs] 27518K->11035K(57984K), 0.0004620 secs] [Times: user=0.00 sys=0.00, real=0.00 secs] 
177.814: Total time for which application threads were stopped: 0.0005910 seconds, Stopping threads took: 0.0000630 seconds
177.853: Application time: 0.0389650 seconds
177.853: [GC177.853: [ParNew: 17004K->522K(18048K), 0.0003700 secs] 27006K->10523K(57984K), 0.0003960 secs] [Times: user=0.00 sys=0.01, real=0.00 secs] 
177.853: Total time for which application threads were stopped: 0.0005170 seconds, Stopping threads took: 0.0000670 seconds
177.891: Application time: 0.0375250 seconds
177.891: [GC177.891: [ParNew: 16582K->1610K(18048K), 0.0009630 secs] 26583K->12635K(57984K), 0.0009940 secs] [Times: user=0.00 sys=0.00, real=0.00 secs] 
177.892: Total time for which application threads were stopped: 0.0012450 seconds, Stopping threads took: 0.0001780 seconds
177.933: Application time: 0.0406190 seconds
177.933: [GC177.933: [ParNew: 17623K->1578K(18048K), 0.0008850 secs] 28648K->13179K(57984K), 0.0009160 secs] [Times: user=0.00 sys=0.00, real=0.00 secs] 
177.934: Total time for which application threads were stopped: 0.0010730 seconds, Stopping threads took: 0.0000960 seconds
177.972: Application time: 0.0379060 seconds
177.972: [GC177.972: [ParNew: 17183K->1608K(18048K), 0.0009800 secs] 28784K->14297K(57984K), 0.0010110 secs] [Times: user=0.01 sys=0.00, real=0.00 secs] 
177.973: Total time for which application threads were stopped: 0.0011660 seconds, Stopping threads took: 0.0000920 seconds
178.013: Application time: 0.0403540 seconds
178.013: [GC178.013: [ParNew: 17579K->1548K(18048K), 0.0007770 secs] 30268K->14853K(57984K), 0.0008090 secs] [Times: user=0.01 sys=0.00, real=0.00 secs] 
178.014: Total time for which application threads were stopped: 0.0009360 seconds, Stopping threads took: 0.0000660 seconds
178.055: Application time: 0.0403850 seconds
178.055: [GC178.055: [ParNew: 17514K->1548K(18048K), 0.0007840 secs] 30820K->15365K(57984K), 0.0008130 secs] [Times: user=0.00 sys=0.00, real=0.00 secs] 
178.055: Total time for which application threads were stopped: 0.0009630 seconds, Stopping threads took: 0.0000870 seconds
178.096: Application time: 0.0402550 seconds
178.096: [GC178.096: [ParNew: 17510K->1546K(18048K), 0.0010410 secs] 31328K->16387K(57984K), 0.0010670 secs] [Times: user=0.01 sys=0.00, real=0.00 secs] 
178.097: Total time for which application threads were stopped: 0.0012080 seconds, Stopping threads took: 0.0000790 seconds
178.138: Application time: 0.0406560 seconds
178.138: [GC178.138: [ParNew: 17517K->1546K(18048K), 0.0007850 secs] 32358K->16899K(57984K), 0.0008150 secs] [Times: user=0.01 sys=0.00, real=0.00 secs] 
178.139: Total time for which application threads were stopped: 0.0009440 seconds, Stopping threads took: 0.0000690 seconds
178.179: Application time: 0.0408630 seconds
178.180: [GC178.180: [ParNew: 17512K->1544K(18048K), 0.0007550 secs] 32866K->17409K(57984K), 0.0007870 secs] [Times: user=0.00 sys=0.00, real=0.00 secs] 
178.180: Total time for which application threads were stopped: 0.0009330 seconds, Stopping threads took: 0.0000830 seconds
178.219: Application time: 0.0387300 seconds
178.219: [GC178.219: [ParNew: 17593K->1578K(18048K), 0.0006340 secs] 33458K->17443K(57984K), 0.0006650 secs] [Times: user=0.01 sys=0.00, real=0.00 secs] 
178.220: Total time for which application threads were stopped: 0.0008090 seconds, Stopping threads took: 0.0000820 seconds
178.259: Application time: 0.0394460 seconds
178.260: [GC178.260: [ParNew: 17549K->1034K(18048K), 0.0004720 secs] 33414K->16971K(57984K), 0.0005000 secs] [Times: user=0.01 sys=0.00, real=0.00 secs] 
178.260: Total time for which application threads were stopped: 0.0006760 seconds, Stopping threads took: 0.0001180 seconds
178.300: Application time: 0.0398860 seconds
178.300: [GC178.300: [ParNew: 16996K->1548K(18048K), 0.0006350 secs] 32934K->17485K(57984K), 0.0006660 secs] [Times: user=0.00 sys=0.00, real=0.00 secs] 
178.301: Total time for which application threads were stopped: 0.0008120 seconds, Stopping threads took: 0.0000850 seconds
178.337: Application time: 0.0365450 seconds
178.337: [GC178.337: [ParNew: 17229K->1636K(18048K), 0.0008520 secs] 33166K->18085K(57984K), 0.0008890 secs] [Times: user=0.01 sys=0.00, real=0.00 secs] 
178.338: Total time for which application threads were stopped: 0.0010520 seconds, Stopping threads took: 0.0001000 seconds
178.379: Application time: 0.0410680 seconds
178.379: [GC178.380: [ParNew: 17609K->1034K(18048K), 0.0005330 secs] 34058K->17595K(57984K), 0.0005600 secs] [Times: user=0.00 sys=0.00, real=0.00 secs] 
178.380: Total time for which application threads were stopped: 0.0006850 seconds, Stopping threads took: 0.0000680 seconds
178.420: Application time: 0.0402730 seconds
178.420: [GC178.420: [ParNew: 17004K->522K(18048K), 0.0002960 secs] 33566K->17083K(57984K), 0.0003220 secs] [Times: user=0.00 sys=0.00, real=0.00 secs] 
178.421: Total time for which application threads were stopped: 0.0004490 seconds, Stopping threads took: 0.0000640 seconds
178.459: Application time: 0.0382200 seconds
178.459: [GC178.459: [ParNew: 16480K->1546K(18048K), 0.0006570 secs] 33042K->18107K(57984K), 0.0006890 secs] [Times: user=0.00 sys=0.00, real=0.00 secs] 
178.460: Total time for which application threads were stopped: 0.0008150 seconds, Stopping threads took: 0.0000650 seconds
178.498: Application time: 0.0379100 seconds
178.498: [GC178.498: [ParNew: 17506K->1548K(18048K), 0.0009030 secs] 34068K->18621K(57984K), 0.0009330 secs] [Times: user=0.00 sys=0.00, real=0.00 secs] 
178.499: Total time for which application threads were stopped: 0.0011390 seconds, Stopping threads took: 0.0001450 seconds
178.540: Application time: 0.0408500 seconds
178.540: [GC178.540: [ParNew: 17512K->1548K(18048K), 0.0009880 secs] 34586K->19645K(57984K), 0.0010170 secs] [Times: user=0.01 sys=0.00, real=0.00 secs] 
178.541: Total time for which application threads were stopped: 0.0011440 seconds, Stopping threads took: 0.0000650 seconds
178.580: Application time: 0.0386690 seconds
178.580: [GC178.580: [ParNew: 17159K->1606K(18048K), 0.0007830 secs] 35256K->20215K(57984K), 0.0008150 secs] [Times: user=0.00 sys=0.00, real=0.00 secs] 
178.581: Total time for which application threads were stopped: 0.0009470 seconds, Stopping threads took: 0.0000710 seconds
178.620: Application time: 0.0397560 seconds
178.620: [GC178.620: [ParNew: 17575K->1546K(18048K), 0.0006630 secs] 36184K->20259K(57984K), 0.0006920 secs] [Times: user=0.00 sys=0.00, real=0.00 secs] 
178.621: Total time for which application threads were stopped: 0.0008220 seconds, Stopping threads took: 0.0000700 seconds
178.660: Application time: 0.0384700 seconds
178.660: [GC178.660: [ParNew: 17153K->1608K(18048K), 0.0006010 secs] 35866K->20321K(57984K), 0.0006290 secs] [Times: user=0.01 sys=0.00, real=0.00 secs] 
178.660: Total time for which application threads were stopped: 0.0008360 seconds, Stopping threads took: 0.0001490 seconds
178.700: Application time: 0.0399080 seconds
178.700: [GC178.700: [ParNew: 17570K->1548K(18048K), 0.0007940 secs] 36284K->20869K(57984K), 0.0008230 secs] [Times: user=0.00 sys=0.00, real=0.00 secs] 
178.701: Total time for which application threads were stopped: 0.0009700 seconds, Stopping threads took: 0.0000850 seconds
178.741: Application time: 0.0395000 seconds
178.741: [GC178.741: [ParNew: 17519K->1550K(18048K), 0.0005980 secs] 36840K->20871K(57984K), 0.0006260 secs] [Times: user=0.01 sys=0.00, real=0.00 secs] 
178.742: Total time for which application threads were stopped: 0.0007540 seconds, Stopping threads took: 0.0000700 seconds
178.781: Application time: 0.0393680 seconds
178.781: [GC178.781: [ParNew: 17516K->1546K(18048K), 0.0006190 secs] 36838K->20867K(57984K), 0.0006490 secs] [Times: user=0.01 sys=0.00, real=0.00 secs] 
178.782: Total time for which application threads were stopped: 0.0007720 seconds, Stopping threads took: 0.0000620 seconds
178.821: Application time: 0.0393590 seconds
178.821: [GC178.821: [ParNew: 17508K->1546K(18048K), 0.0006280 secs] 36830K->20867K(57984K), 0.0006560 secs] [Times: user=0.01 sys=0.00, real=0.00 secs] 
178.822: Total time for which application threads were stopped: 0.0008180 seconds, Stopping threads took: 0.0000970 seconds
178.861: Application time: 0.0395590 seconds
178.862: [GC178.862: [ParNew: 17514K->1546K(18048K), 0.0007790 secs] 36836K->20867K(57984K), 0.0008150 secs] [Times: user=0.01 sys=0.00, real=0.00 secs] 
178.862: Total time for which application threads were stopped: 0.0009600 seconds, Stopping threads took: 0.0000870 seconds
178.901: Application time: 0.0388240 seconds
178.901: [GC178.901: [ParNew: 17591K->1576K(18048K), 0.0007500 secs] 36912K->20897K(57984K), 0.0007790 secs] [Times: user=0.00 sys=0.00, real=0.00 secs] 
178.902: Total time for which application threads were stopped: 0.0009060 seconds, Stopping threads took: 0.0000640 seconds
178.941: Application time: 0.0391830 seconds
178.941: [GC178.941: [ParNew: 17542K->1546K(18048K), 0.0006060 secs] 36864K->20939K(57984K), 0.0006370 secs] [Times: user=0.01 sys=0.00, real=0.00 secs] 
178.942: Total time for which application threads were stopped: 0.0007640 seconds, Stopping threads took: 0.0000560 seconds
178.983: Application time: 0.0406660 seconds
178.983: [GC178.983: [ParNew: 17586K->1578K(18048K), 0.0006710 secs] 36980K->20971K(57984K), 0.0006980 secs] [Times: user=0.01 sys=0.00, real=0.00 secs] 
178.984: Total time for which application threads were stopped: 0.0008680 seconds, Stopping threads took: 0.0001130 seconds
179.022: Application time: 0.0387880 seconds
179.023: [GC179.023: [ParNew: 17187K->1604K(18048K), 0.0006510 secs] 36580K->21070K(57984K), 0.0006780 secs] [Times: user=0.01 sys=0.00, real=0.00 secs] 
179.023: Total time for which application threads were stopped: 0.0008010 seconds, Stopping threads took: 0.0000650 seconds
179.063: Application time: 0.0395340 seconds
179.063: [GC179.063: [ParNew: 17570K->1548K(18048K), 0.0006260 secs] 37036K->21110K(57984K), 0.0006550 secs] [Times: user=0.01 sys=0.00, real=0.00 secs] 
179.064: Total time for which application threads were stopped: 0.0008040 seconds, Stopping threads took: 0.0000910 seconds
179.103: Application time: 0.0396160 seconds
179.103: [GC179.103: [ParNew: 17510K->1548K(18048K), 0.0006780 secs] 37072K->21622K(57984K), 0.0007070 secs] [Times: user=0.01 sys=0.00, real=0.00 secs] 
179.104: Total time for which application threads were stopped: 0.0008310 seconds, Stopping threads took: 0.0000640 seconds
179.144: Application time: 0.0400030 seconds
179.144: [GC179.144: [ParNew: 17519K->1548K(18048K), 0.0006820 secs] 37592K->21622K(57984K), 0.0007110 secs] [Times: user=0.00 sys=0.00, real=0.00 secs] 
179.145: Total time for which application threads were stopped: 0.0008530 seconds, Stopping threads took: 0.0000830 seconds
179.183: Application time: 0.0386070 seconds
179.184: [GC179.184: [ParNew: 17510K->1546K(18048K), 0.0008430 secs] 37584K->22132K(57984K), 0.0008720 secs] [Times: user=0.01 sys=0.00, real=0.00 secs] 
179.184: Total time for which application threads were stopped: 0.0009930 seconds, Stopping threads took: 0.0000580 seconds
179.225: Application time: 0.0403800 seconds
179.225: [GC179.225: [ParNew: 17591K->1580K(18048K), 0.0006990 secs] 38177K->22166K(57984K), 0.0007260 secs] [Times: user=0.00 sys=0.00, real=0.01 secs] 
179.226: Total time for which application threads were stopped: 0.0009200 seconds, Stopping threads took: 0.0001330 seconds
179.267: Application time: 0.0408640 seconds
179.267: [GC179.267: [ParNew: 17627K->1576K(18048K), 0.0006040 secs] 38213K->22226K(57984K), 0.0006330 secs] [Times: user=0.01 sys=0.00, real=0.00 secs] 
179.267: Total time for which application threads were stopped: 0.0007600 seconds, Stopping threads took: 0.0000700 seconds
179.307: Application time: 0.0398550 seconds
179.307: [GC179.307: [ParNew: 17625K->1066K(18048K), 0.0004520 secs] 38275K->21780K(57984K), 0.0004830 secs] [Times: user=0.01 sys=0.00, real=0.00 secs] 
179.308: Total time for which application threads were stopped: 0.0006050 seconds, Stopping threads took: 0.0000650 seconds
179.349: Application time: 0.0412540 seconds
179.349: [GC179.349: [ParNew: 17110K->1064K(18048K), 0.0005390 secs] 37824K->21834K(57984K), 0.0005660 secs] [Times: user=0.00 sys=0.00, real=0.00 secs] 
179.350: Total time for which application threads were stopped: 0.0006920 seconds, Stopping threads took: 0.0000600 seconds
179.391: Application time: 0.0409480 seconds
179.391: [GC179.391: [ParNew: 17035K->522K(18048K), 0.0003360 secs] 37805K->21372K(57984K), 0.0003630 secs] [Times: user=0.00 sys=0.00, real=0.00 secs] 
179.391: Total time for which application threads were stopped: 0.0004760 seconds, Stopping threads took: 0.0000580 seconds
179.430: Application time: 0.0392500 seconds
179.431: [GC179.431: [ParNew: 16488K->522K(18048K), 0.0003020 secs] 37338K->21372K(57984K), 0.0003300 secs] [Times: user=0.00 sys=0.00, real=0.00 secs] 
179.431: Total time for which application threads were stopped: 0.0004480 seconds, Stopping threads took: 0.0000630 seconds
179.467: Application time: 0.0363020 seconds
179.467: [GC179.467: [ParNew: 16468K->1548K(18048K), 0.0011660 secs] 37318K->23934K(57984K), 0.0012000 secs] [Times: user=0.01 sys=0.00, real=0.00 secs] 
179.469: Total time for which application threads were stopped: 0.0013690 seconds, Stopping threads took: 0.0000950 seconds
179.509: Application time: 0.0407630 seconds
179.509: [GC179.510: [ParNew: 17519K->1548K(18048K), 0.0008170 secs] 39905K->24446K(57984K), 0.0008450 secs] [Times: user=0.01 sys=0.00, real=0.00 secs] 
179.510: Total time for which application threads were stopped: 0.0009930 seconds, Stopping threads took: 0.0000870 seconds
179.549: Application time: 0.0387090 seconds
179.549: [GC179.549: [ParNew: 17595K->1578K(18048K), 0.0007770 secs] 40493K->24988K(57984K), 0.0008070 secs] [Times: user=0.00 sys=0.00, real=0.00 secs] 
179.550: Total time for which application threads were stopped: 0.0009520 seconds, Stopping threads took: 0.0000770 seconds
179.591: Application time: 0.0408410 seconds
179.591: [GC179.591: [ParNew: 17549K->1546K(18048K), 0.0006190 secs] 40959K->25028K(57984K), 0.0006460 secs] [Times: user=0.00 sys=0.00, real=0.00 secs] 
179.592: Total time for which application threads were stopped: 0.0007790 seconds, Stopping threads took: 0.0000720 seconds
179.632: Application time: 0.0400290 seconds
179.632: [GC179.632: [ParNew: 17512K->1546K(18048K), 0.0006090 secs] 40994K->25028K(57984K), 0.0006370 secs] [Times: user=0.00 sys=0.00, real=0.00 secs] 
179.632: Total time for which application threads were stopped: 0.0007660 seconds, Stopping threads took: 0.0000710 seconds
179.670: Application time: 0.0372450 seconds
179.670: [GC179.670: [ParNew: 17227K->1636K(18048K), 0.0007700 secs] 40709K->25630K(57984K), 0.0008000 secs] [Times: user=0.00 sys=0.00, real=0.00 secs] 
179.671: Total time for which application threads were stopped: 0.0009270 seconds, Stopping threads took: 0.0000650 seconds
179.710: Application time: 0.0396920 seconds
179.710: [GC179.710: [ParNew: 17603K->1546K(18048K), 0.0008840 secs] 41597K->26184K(57984K), 0.0009130 secs] [Times: user=0.00 sys=0.00, real=0.00 secs] 
179.711: Total time for which application threads were stopped: 0.0010320 seconds, Stopping threads took: 0.0000590 seconds
179.751: Application time: 0.0393190 seconds
179.751: [GC179.751: [ParNew: 17508K->1546K(18048K), 0.0010130 secs] 42146K->27208K(57984K), 0.0010440 secs] [Times: user=0.00 sys=0.00, real=0.00 secs] 
179.752: Total time for which application threads were stopped: 0.0011790 seconds, Stopping threads took: 0.0000720 seconds
179.792: Application time: 0.0403330 seconds
179.792: [GC179.792: [ParNew: 17519K->1546K(18048K), 0.0006430 secs] 43181K->27208K(57984K), 0.0006700 secs] [Times: user=0.00 sys=0.00, real=0.00 secs] 
179.793: Total time for which application threads were stopped: 0.0008140 seconds, Stopping threads took: 0.0000870 seconds
179.833: Application time: 0.0396390 seconds
179.833: [GC179.833: [ParNew: 17516K->1034K(18048K), 0.0004490 secs] 43179K->26696K(57984K), 0.0004770 secs] [Times: user=0.00 sys=0.00, real=0.00 secs] 
179.833: Total time for which application threads were stopped: 0.0006190 seconds, Stopping threads took: 0.0000850 seconds
179.874: Application time: 0.0407480 seconds
179.874: [GC179.874: [ParNew: 17079K->1064K(18048K), 0.0005650 secs] 42741K->26726K(57984K), 0.0006010 secs] [Times: user=0.00 sys=0.00, real=0.00 secs] 
179.875: Total time for which application threads were stopped: 0.0007190 seconds, Stopping threads took: 0.0000600 seconds
179.913: Application time: 0.0381660 seconds
179.913: [GC179.913: [ParNew: 17109K->1064K(18048K), 0.0005450 secs] 42771K->26782K(57984K), 0.0005740 secs] [Times: user=0.01 sys=0.00, real=0.00 secs] 
179.914: Total time for which application threads were stopped: 0.0006970 seconds, Stopping threads took: 0.0000660 seconds
179.953: Application time: 0.0389310 seconds
179.953: [GC179.953: [ParNew: 17026K->1544K(18048K), 0.0006090 secs] 42745K->27326K(57984K), 0.0006390 secs] [Times: user=0.00 sys=0.00, real=0.00 secs] 
179.953: Total time for which application threads were stopped: 0.0007670 seconds, Stopping threads took: 0.0000690 seconds
179.990: Application time: 0.0366900 seconds
179.990: [GC179.990: [ParNew: 17142K->1606K(18048K), 0.0009360 secs] 42925K->28412K(57984K), 0.0009680 secs] [Times: user=0.00 sys=0.00, real=0.00 secs] 
179.991: Total time for which application threads were stopped: 0.0011350 seconds, Stopping threads took: 0.0000930 seconds
180.032: Application time: 0.0409550 seconds
180.032: [GC180.032: [ParNew: 17581K->1036K(18048K), 0.0005700 secs] 44387K->27930K(57984K), 0.0005970 secs] [Times: user=0.01 sys=0.00, real=0.00 secs] 
180.033: Total time for which application threads were stopped: 0.0008350 seconds, Stopping threads took: 0.0001820 seconds
180.069: Application time: 0.0356680 seconds
180.069: [GC180.069: [ParNew: 16982K->1550K(18048K), 0.0013510 secs] 43876K->30492K(57984K), 0.0013850 secs] [Times: user=0.01 sys=0.00, real=0.00 secs] 
180.070: Total time for which application threads were stopped: 0.0015190 seconds, Stopping threads took: 0.0000650 seconds
180.112: Application time: 0.0423440 seconds
180.113: [GC180.113: [ParNew: 17523K->1546K(18048K), 0.0010770 secs] 46465K->31512K(57984K), 0.0011080 secs] [Times: user=0.01 sys=0.00, real=0.00 secs] 
180.114: Total time for which application threads were stopped: 0.0019390 seconds, Stopping threads took: 0.0007690 seconds
180.154: Application time: 0.0395520 seconds
180.154: [GC180.154: [ParNew: 17508K->1550K(18048K), 0.0011360 secs] 47475K->33052K(57984K), 0.0011680 secs] [Times: user=0.00 sys=0.00, real=0.00 secs] 
180.155: Total time for which application threads were stopped: 0.0013320 seconds, Stopping threads took: 0.0000990 seconds
180.196: Application time: 0.0403470 seconds
180.196: [GC180.196: [ParNew: 17523K->1544K(18048K), 0.0008320 secs] 49025K->33558K(57984K), 0.0008600 secs] [Times: user=0.00 sys=0.00, real=0.00 secs] 
180.197: Total time for which application threads were stopped: 0.0010120 seconds, Stopping threads took: 0.0000920 seconds
180.237: Application time: 0.0406580 seconds
180.237: [GC180.237: [ParNew: 17593K->1576K(18048K), 0.0006190 secs] 49607K->33590K(57984K), 0.0006490 secs] [Times: user=0.00 sys=0.00, real=0.00 secs] 
180.238: Total time for which application threads were stopped: 0.0007810 seconds, Stopping threads took: 0.0000720 seconds
180.277: Application time: 0.0388970 seconds
180.277: [GC180.277: [ParNew: 17547K->1030K(18048K), 0.0005350 secs] 49561K->33100K(57984K), 0.0005650 secs] [Times: user=0.00 sys=0.00, real=0.01 secs] 
180.278: Total time for which application threads were stopped: 0.0006900 seconds, Stopping threads took: 0.0000680 seconds
180.318: Application time: 0.0404530 seconds
180.318: [GC180.318: [ParNew: 16992K->1546K(18048K), 0.0007040 secs] 49063K->33616K(57984K), 0.0007350 secs] [Times: user=0.00 sys=0.00, real=0.00 secs] 
180.319: Total time for which application threads were stopped: 0.0008510 seconds, Stopping threads took: 0.0000540 seconds
180.356: Application time: 0.0367620 seconds
180.356: [GC180.356: [ParNew: 17223K->1634K(18048K), 0.0008860 secs] 49293K->34216K(57984K), 0.0009180 secs] [Times: user=0.00 sys=0.00, real=0.00 secs] 
180.357: Total time for which application threads were stopped: 0.0010930 seconds, Stopping threads took: 0.0001120 seconds
180.397: Application time: 0.0401810 seconds
180.397: [GC180.397: [ParNew: 17603K->1546K(18048K), 0.0008940 secs] 50185K->34768K(57984K), 0.0009390 secs] [Times: user=0.00 sys=0.01, real=0.01 secs] 
180.398: Total time for which application threads were stopped: 0.0010790 seconds, Stopping threads took: 0.0000770 seconds
180.439: Application time: 0.0404360 seconds
180.439: [GC180.439: [ParNew: 17517K->1546K(18048K), 0.0006260 secs] 50739K->34768K(57984K), 0.0006540 secs] [Times: user=0.01 sys=0.00, real=0.00 secs] 
180.439: Total time for which application threads were stopped: 0.0007930 seconds, Stopping threads took: 0.0000800 seconds
180.480: Application time: 0.0406400 seconds
180.480: [GC180.480: [ParNew: 17516K->1034K(18048K), 0.0004600 secs] 50739K->34256K(57984K), 0.0004860 secs] [Times: user=0.00 sys=0.00, real=0.00 secs] 
180.481: Total time for which application threads were stopped: 0.0005920 seconds, Stopping threads took: 0.0000510 seconds
180.520: Application time: 0.0396420 seconds
180.520: [GC180.520: [ParNew: 17074K->1578K(18048K), 0.0006690 secs] 50297K->34800K(57984K), 0.0006990 secs] [Times: user=0.01 sys=0.00, real=0.00 secs] 
180.521: Total time for which application threads were stopped: 0.0009020 seconds, Stopping threads took: 0.0001310 seconds
180.564: Application time: 0.0429070 seconds
180.564: [GC180.564: [ParNew: 17614K->1576K(18048K), 0.0009830 secs] 50837K->35887K(57984K), 0.0010220 secs] [Times: user=0.00 sys=0.00, real=0.01 secs] 
180.565: Total time for which application threads were stopped: 0.0011600 seconds, Stopping threads took: 0.0000690 seconds
180.607: Application time: 0.0416050 seconds
180.607: [GC180.607: [ParNew: 17542K->1546K(18048K), 0.0011080 secs] 51853K->36937K(57984K), 0.0011380 secs] [Times: user=0.01 sys=0.00, real=0.00 secs] 
180.608: Total time for which application threads were stopped: 0.0012910 seconds, Stopping threads took: 0.0000870 seconds
180.652: Application time: 0.0443700 seconds
180.653: [GC180.653: [ParNew: 17597K->1580K(18048K), 0.0006670 secs] 52988K->36971K(57984K), 0.0006960 secs] [Times: user=0.01 sys=0.00, real=0.00 secs] 
180.653: Total time for which application threads were stopped: 0.0008240 seconds, Stopping threads took: 0.0000660 seconds
180.697: Application time: 0.0438830 seconds
180.697: [GC180.697: [ParNew: 17629K->1066K(18048K), 0.0005150 secs] 53020K->36529K(57984K), 0.0005440 secs] [Times: user=0.01 sys=0.00, real=0.00 secs] 
180.698: Total time for which application threads were stopped: 0.0006670 seconds, Stopping threads took: 0.0000620 seconds
180.740: Application time: 0.0424420 seconds
180.740: [GC180.740: [ParNew: 17037K->520K(18048K), 0.0003220 secs] 52499K->36039K(57984K), 0.0003510 secs] [Times: user=0.00 sys=0.00, real=0.00 secs] 
180.741: Total time for which application threads were stopped: 0.0004970 seconds, Stopping threads took: 0.0000880 seconds
180.784: Application time: 0.0432790 seconds
180.784: [GC180.784: [ParNew: 16486K->522K(18048K), 0.0003300 secs] 52005K->36041K(57984K), 0.0003570 secs] [Times: user=0.00 sys=0.00, real=0.00 secs] 
180.785: Total time for which application threads were stopped: 0.0004800 seconds, Stopping threads took: 0.0000660 seconds
180.825: Application time: 0.0408390 seconds
180.826: [GC180.826: [ParNew: 16480K->1546K(18048K), 0.0006440 secs] 51999K->37065K(57984K), 0.0006720 secs] [Times: user=0.01 sys=0.00, real=0.00 secs] 
180.826: Total time for which application threads were stopped: 0.0009430 seconds, Stopping threads took: 0.0002110 seconds
180.868: Application time: 0.0411950 seconds
180.868: [GC180.868: [ParNew: 17504K->1548K(18048K), 0.0009520 secs] 53023K->38091K(57984K), 0.0009840 secs] [Times: user=0.01 sys=0.00, real=0.00 secs] 
180.869: Total time for which application threads were stopped: 0.0011200 seconds, Stopping threads took: 0.0000710 seconds
180.912: Application time: 0.0432800 seconds
180.912: [GC180.912: [ParNew: 17519K->1546K(18048K), 0.0008830 secs] 54062K->38601K(57984K), 0.0009130 secs] [Times: user=0.01 sys=0.00, real=0.00 secs] 
180.913: Total time for which application threads were stopped: 0.0010770 seconds, Stopping threads took: 0.0000880 seconds
180.958: Application time: 0.0449010 seconds
180.958: [GC180.958: [ParNew: 17597K->1064K(18048K), 0.0004750 secs] 54652K->38119K(57984K), 0.0005030 secs] [Times: user=0.00 sys=0.00, real=0.00 secs] 
180.959: Total time for which application threads were stopped: 0.0006600 seconds, Stopping threads took: 0.0000990 seconds
181.004: Application time: 0.0450290 seconds
181.004: [GC181.004: [ParNew: 17037K->8K(18048K), 0.0002590 secs] 54092K->37135K(57984K), 0.0002830 secs] [Times: user=0.00 sys=0.00, real=0.00 secs] 
181.004: Total time for which application threads were stopped: 0.0003950 seconds, Stopping threads took: 0.0000600 seconds
181.042: Application time: 0.0376890 seconds
181.042: [GC181.042: [ParNew: 16028K->1578K(18048K), 0.0011330 secs] 53155K->40241K(57984K), 0.0011690 secs] [Times: user=0.01 sys=0.00, real=0.00 secs] 
181.043: Total time for which application threads were stopped: 0.0013190 seconds, Stopping threads took: 0.0000740 seconds
181.086: Application time: 0.0431530 seconds
181.086: [GC181.086: [ParNew: 17193K->1606K(18048K), 0.0008340 secs] 55856K->40845K(57984K), 0.0008640 secs] [Times: user=0.00 sys=0.00, real=0.00 secs] 
181.087: Total time for which application threads were stopped: 0.0010640 seconds, Stopping threads took: 0.0001350 seconds
181.132: Application time: 0.0445580 seconds
181.132: [GC181.132: [ParNew: 17577K->17577K(18048K), 0.0000100 secs]181.132: [Tenured: 39239K->7534K(39936K), 0.0055350 secs] 56816K->7534K(57984K), [Perm : 5179K->5179K(21248K)], 0.0055910 secs] [Times: user=0.00 sys=0.00, real=0.01 secs] 
181.138: Total time for which application threads were stopped: 0.0057320 seconds, Stopping threads took: 0.0000690 seconds
181.182: Application time: 0.0440910 seconds
181.182: [GC181.182: [ParNew: 15970K->1032K(18048K), 0.0005450 secs] 23504K->8566K(57984K), 0.0005730 secs] [Times: user=0.00 sys=0.00, real=0.00 secs] 
181.182: Total time for which application threads were stopped: 0.0006970 seconds, Stopping threads took: 0.0000670 seconds
181.222: Application time: 0.0400540 seconds
181.222: [GC181.223: [ParNew: 16990K->1548K(18048K), 0.0007810 secs] 24524K->9594K(57984K), 0.0015360 secs] [Times: user=0.00 sys=0.00, real=0.00 secs] 
181.224: Total time for which application threads were stopped: 0.0016590 seconds, Stopping threads took: 0.0000600 seconds
181.265: Application time: 0.0410280 seconds
181.265: [GC181.265: [ParNew: 17584K->1580K(18048K), 0.0011990 secs] 25630K->11162K(57984K), 0.0012340 secs] [Times: user=0.01 sys=0.00, real=0.00 secs] 
181.266: Total time for which application threads were stopped: 0.0013850 seconds, Stopping threads took: 0.0000770 seconds
181.311: Application time: 0.0444880 seconds
181.311: [GC181.311: [ParNew: 17629K->1580K(18048K), 0.0010070 secs] 27211K->12250K(57984K), 0.0010400 secs] [Times: user=0.01 sys=0.00, real=0.00 secs] 
181.312: Total time for which application threads were stopped: 0.0011780 seconds, Stopping threads took: 0.0000710 seconds
181.355: Application time: 0.0429000 seconds
181.355: [GC181.355: [ParNew: 17551K->1546K(18048K), 0.0007660 secs] 28221K->12800K(57984K), 0.0007970 secs] [Times: user=0.00 sys=0.00, real=0.00 secs] 
181.356: Total time for which application threads were stopped: 0.0009430 seconds, Stopping threads took: 0.0000770 seconds
181.399: Application time: 0.0434690 seconds
181.400: [GC181.400: [ParNew: 17595K->1578K(18048K), 0.0006550 secs] 28849K->12832K(57984K), 0.0006830 secs] [Times: user=0.00 sys=0.00, real=0.00 secs] 
181.400: Total time for which application threads were stopped: 0.0008060 seconds, Stopping threads took: 0.0000610 seconds
181.442: Application time: 0.0420750 seconds
181.442: [GC181.442: [ParNew: 17619K->1576K(18048K), 0.0008770 secs] 28873K->13398K(57984K), 0.0009080 secs] [Times: user=0.00 sys=0.00, real=0.00 secs] 
181.443: Total time for which application threads were stopped: 0.0010360 seconds, Stopping threads took: 0.0000640 seconds
181.485: Application time: 0.0420090 seconds
181.486: [GC181.486: [ParNew: 17542K->1546K(18048K), 0.0007280 secs] 29365K->13432K(57984K), 0.0007670 secs] [Times: user=0.00 sys=0.00, real=0.00 secs] 
181.486: Total time for which application threads were stopped: 0.0009320 seconds, Stopping threads took: 0.0001010 seconds
181.529: Application time: 0.0425190 seconds
181.529: [GC181.529: [ParNew: 17506K->1546K(18048K), 0.0010000 secs] 29392K->14456K(57984K), 0.0010330 secs] [Times: user=0.01 sys=0.00, real=0.00 secs] 
181.530: Total time for which application threads were stopped: 0.0012140 seconds, Stopping threads took: 0.0001140 seconds
181.573: Application time: 0.0427760 seconds
181.573: [GC181.573: [ParNew: 17512K->1548K(18048K), 0.0009880 secs] 30423K->15482K(57984K), 0.0010210 secs] [Times: user=0.01 sys=0.00, real=0.00 secs] 
181.574: Total time for which application threads were stopped: 0.0011620 seconds, Stopping threads took: 0.0000700 seconds
181.616: Application time: 0.0420630 seconds
181.616: [GC181.616: [ParNew: 17510K->1548K(18048K), 0.0102290 secs] 31445K->17018K(57984K), 0.0102630 secs] [Times: user=0.07 sys=0.00, real=0.02 secs] 
181.626: Total time for which application threads were stopped: 0.0104010 seconds, Stopping threads took: 0.0000740 seconds
181.670: Application time: 0.0432330 seconds
181.670: [GC181.670: [ParNew: 17597K->1578K(18048K), 0.0009460 secs] 33067K->18072K(57984K), 0.0009780 secs] [Times: user=0.01 sys=0.00, real=0.00 secs] 
181.671: Total time for which application threads were stopped: 0.0011100 seconds, Stopping threads took: 0.0000630 seconds
181.714: Application time: 0.0436200 seconds
181.715: [GC181.715: [ParNew: 17549K->1546K(18048K), 0.0007950 secs] 34043K->18624K(57984K), 0.0008280 secs] [Times: user=0.01 sys=0.00, real=0.00 secs] 
181.715: Total time for which application threads were stopped: 0.0009790 seconds, Stopping threads took: 0.0000870 seconds
181.758: Application time: 0.0429460 seconds
181.758: [GC181.759: [ParNew: 17517K->1546K(18048K), 0.0006270 secs] 34595K->18624K(57984K), 0.0006550 secs] [Times: user=0.01 sys=0.00, real=0.00 secs] 
181.759: Total time for which application threads were stopped: 0.0008110 seconds, Stopping threads took: 0.0000960 seconds
181.801: Application time: 0.0416160 seconds
181.801: [GC181.801: [ParNew: 17235K->1124K(18048K), 0.0004690 secs] 34314K->18202K(57984K), 0.0004980 secs] [Times: user=0.00 sys=0.00, real=0.00 secs] 
181.801: Total time for which application threads were stopped: 0.0006140 seconds, Stopping threads took: 0.0000560 seconds
181.845: Application time: 0.0435140 seconds
181.845: [GC181.845: [ParNew: 17086K->1550K(18048K), 0.0006670 secs] 34165K->18760K(57984K), 0.0006970 secs] [Times: user=0.01 sys=0.00, real=0.01 secs] 
181.846: Total time for which application threads were stopped: 0.0008860 seconds, Stopping threads took: 0.0001260 seconds
181.886: Application time: 0.0399940 seconds
181.886: [GC181.886: [ParNew: 17508K->1548K(18048K), 0.0009430 secs] 34719K->19782K(57984K), 0.0009750 secs] [Times: user=0.01 sys=0.00, real=0.00 secs] 
181.887: Total time for which application threads were stopped: 0.0011090 seconds, Stopping threads took: 0.0000670 seconds
181.930: Application time: 0.0434650 seconds
181.931: [GC181.931: [ParNew: 17519K->1548K(18048K), 0.0007700 secs] 35753K->20294K(57984K), 0.0008000 secs] [Times: user=0.01 sys=0.00, real=0.00 secs] 
181.931: Total time for which application threads were stopped: 0.0009620 seconds, Stopping threads took: 0.0000960 seconds
181.974: Application time: 0.0427840 seconds
181.974: [GC181.974: [ParNew: 17592K->1576K(18048K), 0.0008610 secs] 36339K->20834K(57984K), 0.0008920 secs] [Times: user=0.01 sys=0.00, real=0.00 secs] 
181.975: Total time for which application threads were stopped: 0.0010320 seconds, Stopping threads took: 0.0000780 seconds
182.018: Application time: 0.0427570 seconds
182.018: [GC182.018: [ParNew: 17621K->1580K(18048K), 0.0007820 secs] 36879K->21422K(57984K), 0.0008130 secs] [Times: user=0.01 sys=0.00, real=0.00 secs] 
182.019: Total time for which application threads were stopped: 0.0009600 seconds, Stopping threads took: 0.0000750 seconds
182.062: Application time: 0.0427020 seconds
182.062: [GC182.062: [ParNew: 17546K->1546K(18048K), 0.0007970 secs] 37389K->21964K(57984K), 0.0008250 secs] [Times: user=0.00 sys=0.00, real=0.00 secs] 
182.063: Total time for which application threads were stopped: 0.0009740 seconds, Stopping threads took: 0.0000870 seconds
182.107: Application time: 0.0443530 seconds
182.107: [GC182.107: [ParNew: 17519K->1034K(18048K), 0.0004860 secs] 37937K->21452K(57984K), 0.0005130 secs] [Times: user=0.01 sys=0.00, real=0.00 secs] 
182.108: Total time for which application threads were stopped: 0.0006470 seconds, Stopping threads took: 0.0000650 seconds
182.150: Application time: 0.0428120 seconds
182.150: [GC182.150: [ParNew: 17083K->552K(18048K), 0.0003100 secs] 37502K->20970K(57984K), 0.0003380 secs] [Times: user=0.00 sys=0.00, real=0.00 secs] 
182.151: Total time for which application threads were stopped: 0.0004620 seconds, Stopping threads took: 0.0000670 seconds
182.192: Application time: 0.0413520 seconds
182.192: [GC182.192: [ParNew: 16588K->1608K(18048K), 0.0006270 secs] 37007K->22027K(57984K), 0.0006570 secs] [Times: user=0.01 sys=0.00, real=0.00 secs] 
182.193: Total time for which application threads were stopped: 0.0007910 seconds, Stopping threads took: 0.0000710 seconds
182.235: Application time: 0.0415550 seconds
182.235: [GC182.235: [ParNew: 17566K->1546K(18048K), 0.0009820 secs] 37985K->23101K(57984K), 0.0010180 secs] [Times: user=0.01 sys=0.00, real=0.00 secs] 
182.236: Total time for which application threads were stopped: 0.0011530 seconds, Stopping threads took: 0.0000670 seconds
182.279: Application time: 0.0434280 seconds
182.279: [GC182.279: [ParNew: 17517K->1546K(18048K), 0.0008610 secs] 39071K->23613K(57984K), 0.0008920 secs] [Times: user=0.00 sys=0.00, real=0.00 secs] 
182.280: Total time for which application threads were stopped: 0.0010320 seconds, Stopping threads took: 0.0000760 seconds
182.324: Application time: 0.0441500 seconds
182.324: [GC182.324: [ParNew: 17517K->1548K(18048K), 0.0007000 secs] 39583K->23615K(57984K), 0.0007290 secs] [Times: user=0.00 sys=0.00, real=0.00 secs] 
182.325: Total time for which application threads were stopped: 0.0008670 seconds, Stopping threads took: 0.0000680 seconds
182.369: Application time: 0.0435110 seconds
182.369: [GC182.369: [ParNew: 17514K->1546K(18048K), 0.0006580 secs] 39581K->23613K(57984K), 0.0006900 secs] [Times: user=0.01 sys=0.00, real=0.00 secs] 
182.370: Total time for which application threads were stopped: 0.0008260 seconds, Stopping threads took: 0.0000730 seconds
182.410: Application time: 0.0401120 seconds
182.410: [GC182.410: [ParNew: 17591K->1572K(18048K), 0.0007080 secs] 39658K->23639K(57984K), 0.0007390 secs] [Times: user=0.00 sys=0.00, real=0.00 secs] 
182.411: Total time for which application threads were stopped: 0.0008970 seconds, Stopping threads took: 0.0000930 seconds
182.455: Application time: 0.0443760 seconds
182.455: [GC182.455: [ParNew: 17543K->1038K(18048K), 0.0005360 secs] 39609K->23177K(57984K), 0.0005640 secs] [Times: user=0.01 sys=0.00, real=0.00 secs] 
182.456: Total time for which application threads were stopped: 0.0006950 seconds, Stopping threads took: 0.0000700 seconds
182.498: Application time: 0.0428550 seconds
182.499: [GC182.499: [ParNew: 17082K->1066K(18048K), 0.0004590 secs] 39221K->23205K(57984K), 0.0004860 secs] [Times: user=0.00 sys=0.00, real=0.00 secs] 
182.499: Total time for which application threads were stopped: 0.0006090 seconds, Stopping threads took: 0.0000630 seconds
182.539: Application time: 0.0404090 seconds
182.540: [GC182.540: [ParNew: 16668K->1608K(18048K), 0.0006300 secs] 38807K->23811K(57984K), 0.0006610 secs] [Times: user=0.00 sys=0.00, real=0.00 secs] 
182.540: Total time for which application threads were stopped: 0.0008020 seconds, Stopping threads took: 0.0000770 seconds
182.582: Application time: 0.0421130 seconds
182.583: [GC182.583: [ParNew: 17570K->1548K(18048K), 0.0008760 secs] 39773K->24367K(57984K), 0.0009150 secs] [Times: user=0.00 sys=0.00, real=0.00 secs] 
182.583: Total time for which application threads were stopped: 0.0010460 seconds, Stopping threads took: 0.0000690 seconds
182.626: Application time: 0.0427430 seconds
182.626: [GC182.626: [ParNew: 17519K->1546K(18048K), 0.0006790 secs] 40338K->24365K(57984K), 0.0007080 secs] [Times: user=0.00 sys=0.00, real=0.00 secs] 
182.627: Total time for which application threads were stopped: 0.0008520 seconds, Stopping threads took: 0.0000750 seconds
182.671: Application time: 0.0440680 seconds
182.671: [GC182.671: [ParNew: 17595K->1066K(18048K), 0.0005470 secs] 40414K->23885K(57984K), 0.0005750 secs] [Times: user=0.01 sys=0.00, real=0.00 secs] 
182.672: Total time for which application threads were stopped: 0.0007060 seconds, Stopping threads took: 0.0000730 seconds
182.713: Application time: 0.0414040 seconds
182.713: [GC182.713: [ParNew: 17107K->1066K(18048K), 0.0005050 secs] 39926K->23949K(57984K), 0.0005340 secs] [Times: user=0.00 sys=0.00, real=0.00 secs] 
182.714: Total time for which application threads were stopped: 0.0007140 seconds, Stopping threads took: 0.0001200 seconds
182.757: Application time: 0.0425930 seconds
182.757: [GC182.757: [ParNew: 17034K->1034K(18048K), 0.0004540 secs] 39918K->23973K(57984K), 0.0004830 secs] [Times: user=0.01 sys=0.00, real=0.00 secs] 
182.757: Total time for which application threads were stopped: 0.0006010 seconds, Stopping threads took: 0.0000570 seconds
182.798: Application time: 0.0410660 seconds
182.798: [GC182.798: [ParNew: 17000K->1034K(18048K), 0.0005570 secs] 39939K->23973K(57984K), 0.0005850 secs] [Times: user=0.00 sys=0.00, real=0.00 secs] 
182.799: Total time for which application threads were stopped: 0.0008550 seconds, Stopping threads took: 0.0002110 seconds
182.843: Application time: 0.0443320 seconds
182.844: [GC182.844: [ParNew: 17004K->522K(18048K), 0.0004210 secs] 39944K->23461K(57984K), 0.0004480 secs] [Times: user=0.00 sys=0.00, real=0.00 secs] 
182.844: Total time for which application threads were stopped: 0.0005880 seconds, Stopping threads took: 0.0000830 seconds
182.885: Application time: 0.0414280 seconds
182.886: [GC182.886: [ParNew: 16574K->564K(18048K), 0.0003220 secs] 39513K->23503K(57984K), 0.0003490 secs] [Times: user=0.00 sys=0.00, real=0.00 secs] 
182.886: Total time for which application threads were stopped: 0.0005220 seconds, Stopping threads took: 0.0001170 seconds
182.926: Application time: 0.0402290 seconds
182.926: [GC182.926: [ParNew: 16584K->1604K(18048K), 0.0010620 secs] 39523K->25567K(57984K), 0.0010920 secs] [Times: user=0.01 sys=0.00, real=0.00 secs] 
182.928: Total time for which application threads were stopped: 0.0013610 seconds, Stopping threads took: 0.0002040 seconds
182.970: Application time: 0.0422430 seconds
182.970: [GC182.970: [ParNew: 17570K->1548K(18048K), 0.0010160 secs] 41534K->26639K(57984K), 0.0010470 secs] [Times: user=0.01 sys=0.00, real=0.00 secs] 
182.971: Total time for which application threads were stopped: 0.0012550 seconds, Stopping threads took: 0.0001430 seconds
183.015: Application time: 0.0438370 seconds
183.015: [GC183.015: [ParNew: 17521K->1548K(18048K), 0.0006060 secs] 42612K->26639K(57984K), 0.0006350 secs] [Times: user=0.00 sys=0.00, real=0.00 secs] 
183.016: Total time for which application threads were stopped: 0.0007620 seconds, Stopping threads took: 0.0000640 seconds
183.059: Application time: 0.0437480 seconds
183.059: [GC183.060: [ParNew: 17519K->1034K(18048K), 0.0005380 secs] 42610K->26125K(57984K), 0.0005660 secs] [Times: user=0.00 sys=0.00, real=0.00 secs] 
183.060: Total time for which application threads were stopped: 0.0006810 seconds, Stopping threads took: 0.0000560 seconds
183.103: Application time: 0.0424920 seconds
183.103: [GC183.103: [ParNew: 17000K->1030K(18048K), 0.0003740 secs] 42092K->26121K(57984K), 0.0004010 secs] [Times: user=0.00 sys=0.00, real=0.00 secs] 
183.103: Total time for which application threads were stopped: 0.0005330 seconds, Stopping threads took: 0.0000800 seconds
183.147: Application time: 0.0439430 seconds
183.147: [GC183.147: [ParNew: 17076K->552K(18048K), 0.0003070 secs] 42168K->25643K(57984K), 0.0003400 secs] [Times: user=0.00 sys=0.00, real=0.00 secs] 
183.148: Total time for which application threads were stopped: 0.0004650 seconds, Stopping threads took: 0.0000610 seconds
183.192: Application time: 0.0441520 seconds
183.192: [GC183.192: [ParNew: 16522K->42K(18048K), 0.0002250 secs] 41614K->25133K(57984K), 0.0002500 secs] [Times: user=0.00 sys=0.00, real=0.00 secs] 
183.192: Total time for which application threads were stopped: 0.0003690 seconds, Stopping threads took: 0.0000640 seconds
183.231: Application time: 0.0392940 seconds
183.231: [GC183.231: [ParNew: 16102K->1636K(18048K), 0.0009140 secs] 41193K->27239K(57984K), 0.0009440 secs] [Times: user=0.00 sys=0.00, real=0.00 secs] 
183.232: Total time for which application threads were stopped: 0.0010840 seconds, Stopping threads took: 0.0000760 seconds
183.273: Application time: 0.0407790 seconds
183.273: [GC183.273: [ParNew: 17206K->1606K(18048K), 0.0010590 secs] 42810K->28329K(57984K), 0.0010900 secs] [Times: user=0.00 sys=0.00, real=0.00 secs] 
183.275: Total time for which application threads were stopped: 0.0013610 seconds, Stopping threads took: 0.0002060 seconds
183.318: Application time: 0.0430700 seconds
183.318: [GC183.318: [ParNew: 17572K->1548K(18048K), 0.0010140 secs] 44296K->29391K(57984K), 0.0010460 secs] [Times: user=0.01 sys=0.00, real=0.00 secs] 
183.319: Total time for which application threads were stopped: 0.0011850 seconds, Stopping threads took: 0.0000730 seconds
183.363: Application time: 0.0441510 seconds
183.363: [GC183.363: [ParNew: 17599K->1576K(18048K), 0.0006450 secs] 45442K->29419K(57984K), 0.0006750 secs] [Times: user=0.00 sys=0.00, real=0.00 secs] 
183.364: Total time for which application threads were stopped: 0.0008090 seconds, Stopping threads took: 0.0000720 seconds
183.407: Application time: 0.0432390 seconds
183.407: [GC183.407: [ParNew: 17625K->1068K(18048K), 0.0005050 secs] 45468K->28975K(57984K), 0.0005360 secs] [Times: user=0.00 sys=0.00, real=0.00 secs] 
183.408: Total time for which application threads were stopped: 0.0006790 seconds, Stopping threads took: 0.0000830 seconds
183.451: Application time: 0.0435500 seconds
183.451: [GC183.451: [ParNew: 17039K->522K(18048K), 0.0003140 secs] 44946K->28493K(57984K), 0.0003410 secs] [Times: user=0.00 sys=0.00, real=0.00 secs] 
183.452: Total time for which application threads were stopped: 0.0004640 seconds, Stopping threads took: 0.0000680 seconds
183.490: Application time: 0.0383700 seconds
183.490: [GC183.490: [ParNew: 16463K->1552K(18048K), 0.0013490 secs] 44435K->31571K(57984K), 0.0013850 secs] [Times: user=0.01 sys=0.00, real=0.00 secs] 
183.492: Total time for which application threads were stopped: 0.0015260 seconds, Stopping threads took: 0.0000700 seconds
183.534: Application time: 0.0419940 seconds
183.534: [GC183.534: [ParNew: 17523K->1550K(18048K), 0.0011920 secs] 47542K->33105K(57984K), 0.0012240 secs] [Times: user=0.01 sys=0.00, real=0.00 secs] 
183.535: Total time for which application threads were stopped: 0.0013880 seconds, Stopping threads took: 0.0000950 seconds
183.580: Application time: 0.0449800 seconds
183.580: [GC183.580: [ParNew: 17521K->1550K(18048K), 0.0009700 secs] 49076K->34129K(57984K), 0.0010010 secs] [Times: user=0.00 sys=0.00, real=0.00 secs] 
183.581: Total time for which application threads were stopped: 0.0011370 seconds, Stopping threads took: 0.0000720 seconds
183.626: Application time: 0.0451470 seconds
183.626: [GC183.626: [ParNew: 17167K->1096K(18048K), 0.0004770 secs] 49747K->33675K(57984K), 0.0005050 secs] [Times: user=0.00 sys=0.00, real=0.00 secs] 
183.627: Total time for which application threads were stopped: 0.0006310 seconds, Stopping threads took: 0.0000680 seconds
183.671: Application time: 0.0442150 seconds
183.671: [GC183.671: [ParNew: 17067K->520K(18048K), 0.0003480 secs] 49646K->33203K(57984K), 0.0003750 secs] [Times: user=0.00 sys=0.00, real=0.00 secs] 
183.672: Total time for which application threads were stopped: 0.0005060 seconds, Stopping threads took: 0.0000680 seconds
183.711: Application time: 0.0398400 seconds
183.712: [GC183.712: [ParNew: 16478K->1544K(18048K), 0.0006790 secs] 49162K->34227K(57984K), 0.0007200 secs] [Times: user=0.00 sys=0.00, real=0.00 secs] 
183.712: Total time for which application threads were stopped: 0.0008390 seconds, Stopping threads took: 0.0000580 seconds
183.754: Application time: 0.0421320 seconds
183.755: [GC183.755: [ParNew: 17498K->1548K(18048K), 0.0009910 secs] 50182K->35255K(57984K), 0.0010240 secs] [Times: user=0.01 sys=0.00, real=0.00 secs] 
183.756: Total time for which application threads were stopped: 0.0012190 seconds, Stopping threads took: 0.0001290 seconds
183.799: Application time: 0.0433240 seconds
183.799: [GC183.799: [ParNew: 17516K->1550K(18048K), 0.0009830 secs] 51224K->36281K(57984K), 0.0010170 secs] [Times: user=0.00 sys=0.00, real=0.00 secs] 
183.800: Total time for which application threads were stopped: 0.0011500 seconds, Stopping threads took: 0.0000670 seconds
183.844: Application time: 0.0437550 seconds
183.844: [GC183.844: [ParNew: 17523K->1546K(18048K), 0.0006400 secs] 52254K->36277K(57984K), 0.0006670 secs] [Times: user=0.01 sys=0.00, real=0.00 secs] 
183.845: Total time for which application threads were stopped: 0.0008640 seconds, Stopping threads took: 0.0001360 seconds
183.887: Application time: 0.0424720 seconds
183.887: [GC183.887: [ParNew: 17595K->1068K(18048K), 0.0004800 secs] 52326K->35799K(57984K), 0.0005090 secs] [Times: user=0.00 sys=0.00, real=0.00 secs] 
183.888: Total time for which application threads were stopped: 0.0006850 seconds, Stopping threads took: 0.0001160 seconds
183.931: Application time: 0.0434150 seconds
183.931: [GC183.931: [ParNew: 17112K->554K(18048K), 0.0003570 secs] 51844K->35357K(57984K), 0.0003850 secs] [Times: user=0.00 sys=0.00, real=0.00 secs] 
183.932: Total time for which application threads were stopped: 0.0005250 seconds, Stopping threads took: 0.0000830 seconds
183.969: Application time: 0.0370730 seconds
183.969: [GC183.969: [ParNew: 16138K->1636K(18048K), 0.0013650 secs] 50942K->38488K(57984K), 0.0014000 secs] [Times: user=0.00 sys=0.00, real=0.00 secs] 
183.970: Total time for which application threads were stopped: 0.0015340 seconds, Stopping threads took: 0.0000650 seconds
184.014: Application time: 0.0431260 seconds
184.014: [GC184.014: [ParNew: 17607K->1552K(18048K), 0.0012090 secs] 54459K->40068K(57984K), 0.0012420 secs] [Times: user=0.01 sys=0.00, real=0.00 secs] 
184.015: Total time for which application threads were stopped: 0.0013760 seconds, Stopping threads took: 0.0000650 seconds
184.060: Application time: 0.0447170 seconds
184.060: [GC184.060: [ParNew: 17603K->17603K(18048K), 0.0000100 secs]184.060: [Tenured: 38516K->7590K(39936K), 0.0056240 secs] 56119K->7590K(57984K), [Perm : 5179K->5179K(21248K)], 0.0056800 secs] [Times: user=0.01 sys=0.00, real=0.01 secs] 
184.066: Total time for which application threads were stopped: 0.0058990 seconds, Stopping threads took: 0.0001500 seconds
184.109: Application time: 0.0431540 seconds
184.109: [GC184.109: [ParNew: 16049K->1576K(18048K), 0.0006420 secs] 23639K->9166K(57984K), 0.0006710 secs] [Times: user=0.01 sys=0.00, real=0.00 secs] 
184.110: Total time for which application threads were stopped: 0.0008070 seconds, Stopping threads took: 0.0000740 seconds
184.152: Application time: 0.0422610 seconds
184.152: [GC184.152: [ParNew: 17542K->1546K(18048K), 0.0006440 secs] 25133K->9200K(57984K), 0.0006720 secs] [Times: user=0.00 sys=0.00, real=0.00 secs] 
184.153: Total time for which application threads were stopped: 0.0008010 seconds, Stopping threads took: 0.0000680 seconds
184.194: Application time: 0.0414920 seconds
184.194: [GC184.194: [ParNew: 17504K->1546K(18048K), 0.0009570 secs] 25158K->10224K(57984K), 0.0009910 secs] [Times: user=0.01 sys=0.00, real=0.00 secs] 
184.195: Total time for which application threads were stopped: 0.0011330 seconds, Stopping threads took: 0.0000680 seconds
184.239: Application time: 0.0433090 seconds
184.239: [GC184.239: [ParNew: 17512K->1546K(18048K), 0.0010050 secs] 26191K->11248K(57984K), 0.0010460 secs] [Times: user=0.00 sys=0.00, real=0.00 secs] 
184.240: Total time for which application threads were stopped: 0.0011910 seconds, Stopping threads took: 0.0000790 seconds
184.284: Application time: 0.0445620 seconds
184.284: [GC184.284: [ParNew: 17517K->1548K(18048K), 0.0007750 secs] 27219K->11762K(57984K), 0.0008040 secs] [Times: user=0.00 sys=0.00, real=0.01 secs] 
184.285: Total time for which application threads were stopped: 0.0009470 seconds, Stopping threads took: 0.0000820 seconds
184.327: Application time: 0.0420410 seconds
184.327: [GC184.327: [ParNew: 17597K->1578K(18048K), 0.0006130 secs] 27811K->11792K(57984K), 0.0006440 secs] [Times: user=0.00 sys=0.00, real=0.00 secs] 
184.328: Total time for which application threads were stopped: 0.0007680 seconds, Stopping threads took: 0.0000580 seconds
184.371: Application time: 0.0432610 seconds
184.371: [GC184.372: [ParNew: 17623K->1580K(18048K), 0.0006390 secs] 27837K->11866K(57984K), 0.0006710 secs] [Times: user=0.00 sys=0.00, real=0.00 secs] 
184.372: Total time for which application threads were stopped: 0.0008040 seconds, Stopping threads took: 0.0000710 seconds
184.415: Application time: 0.0427500 seconds
184.415: [GC184.415: [ParNew: 17542K->1548K(18048K), 0.0008080 secs] 27829K->12426K(57984K), 0.0008380 secs] [Times: user=0.00 sys=0.00, real=0.00 secs] 
184.416: Total time for which application threads were stopped: 0.0009730 seconds, Stopping threads took: 0.0000690 seconds
184.459: Application time: 0.0429250 seconds
184.459: [GC184.459: [ParNew: 17519K->1546K(18048K), 0.0006250 secs] 28397K->12424K(57984K), 0.0006530 secs] [Times: user=0.00 sys=0.00, real=0.00 secs] 
184.460: Total time for which application threads were stopped: 0.0008010 seconds, Stopping threads took: 0.0000870 seconds
184.500: Application time: 0.0400310 seconds
184.500: [GC184.500: [ParNew: 17504K->1548K(18048K), 0.0009460 secs] 28383K->13450K(57984K), 0.0009770 secs] [Times: user=0.01 sys=0.00, real=0.00 secs] 
184.501: Total time for which application threads were stopped: 0.0011280 seconds, Stopping threads took: 0.0000880 seconds
184.540: Application time: 0.0390300 seconds
184.540: [GC184.540: [ParNew: 17514K->1548K(18048K), 0.0010190 secs] 29417K->14474K(57984K), 0.0010500 secs] [Times: user=0.01 sys=0.00, real=0.00 secs] 
184.541: Total time for which application threads were stopped: 0.0011880 seconds, Stopping threads took: 0.0000730 seconds
184.581: Application time: 0.0402300 seconds
184.581: [GC184.581: [ParNew: 17597K->1578K(18048K), 0.0007650 secs] 30523K->15016K(57984K), 0.0007960 secs] [Times: user=0.00 sys=0.00, real=0.00 secs] 
184.582: Total time for which application threads were stopped: 0.0009360 seconds, Stopping threads took: 0.0000800 seconds
184.623: Application time: 0.0409300 seconds
184.623: [GC184.623: [ParNew: 17549K->1548K(18048K), 0.0006500 secs] 30987K->15042K(57984K), 0.0006790 secs] [Times: user=0.01 sys=0.00, real=0.00 secs] 
184.624: Total time for which application threads were stopped: 0.0007940 seconds, Stopping threads took: 0.0000580 seconds
184.664: Application time: 0.0401820 seconds
184.664: [GC184.664: [ParNew: 17601K->1586K(18048K), 0.0006780 secs] 31095K->15080K(57984K), 0.0007060 secs] [Times: user=0.00 sys=0.00, real=0.00 secs] 
184.665: Total time for which application threads were stopped: 0.0008370 seconds, Stopping threads took: 0.0000720 seconds
184.703: Application time: 0.0384120 seconds
184.703: [GC184.703: [ParNew: 17185K->1608K(18048K), 0.0006570 secs] 30680K->15174K(57984K), 0.0006870 secs] [Times: user=0.00 sys=0.00, real=0.00 secs] 
184.704: Total time for which application threads were stopped: 0.0008250 seconds, Stopping threads took: 0.0000680 seconds
184.744: Application time: 0.0398960 seconds
184.744: [GC184.744: [ParNew: 17570K->1546K(18048K), 0.0008620 secs] 31137K->15720K(57984K), 0.0008920 secs] [Times: user=0.01 sys=0.00, real=0.00 secs] 
184.745: Total time for which application threads were stopped: 0.0010280 seconds, Stopping threads took: 0.0000730 seconds
184.783: Application time: 0.0383410 seconds
184.784: [GC184.784: [ParNew: 17153K->1608K(18048K), 0.0007920 secs] 31327K->16295K(57984K), 0.0008310 secs] [Times: user=0.01 sys=0.00, real=0.00 secs] 
184.784: Total time for which application threads were stopped: 0.0009660 seconds, Stopping threads took: 0.0000730 seconds
184.825: Application time: 0.0407060 seconds
184.825: [GC184.825: [ParNew: 17579K->1548K(18048K), 0.0006030 secs] 32265K->16346K(57984K), 0.0006330 secs] [Times: user=0.00 sys=0.00, real=0.00 secs] 
184.826: Total time for which application threads were stopped: 0.0007580 seconds, Stopping threads took: 0.0000650 seconds
184.866: Application time: 0.0396980 seconds
184.866: [GC184.866: [ParNew: 17519K->1034K(18048K), 0.0004290 secs] 32317K->15832K(57984K), 0.0004590 secs] [Times: user=0.00 sys=0.00, real=0.00 secs] 
184.866: Total time for which application threads were stopped: 0.0005810 seconds, Stopping threads took: 0.0000650 seconds
184.907: Application time: 0.0405500 seconds
184.907: [GC184.907: [ParNew: 17000K->1030K(18048K), 0.0004330 secs] 31799K->15828K(57984K), 0.0004620 secs] [Times: user=0.00 sys=0.00, real=0.00 secs] 
184.907: Total time for which application threads were stopped: 0.0005980 seconds, Stopping threads took: 0.0000780 seconds
184.948: Application time: 0.0403320 seconds
184.948: [GC184.948: [ParNew: 16996K->522K(18048K), 0.0003290 secs] 31795K->15320K(57984K), 0.0003550 secs] [Times: user=0.01 sys=0.00, real=0.00 secs] 
184.948: Total time for which application threads were stopped: 0.0005300 seconds, Stopping threads took: 0.0001210 seconds
184.988: Application time: 0.0395350 seconds
184.988: [GC184.988: [ParNew: 16486K->1034K(18048K), 0.0004690 secs] 31285K->15832K(57984K), 0.0004970 secs] [Times: user=0.01 sys=0.00, real=0.00 secs] 
184.988: Total time for which application threads were stopped: 0.0006180 seconds, Stopping threads took: 0.0000620 seconds
185.026: Application time: 0.0372440 seconds
185.026: [GC185.026: [ParNew: 17070K->1578K(18048K), 0.0008210 secs] 31869K->16889K(57984K), 0.0008530 secs] [Times: user=0.00 sys=0.00, real=0.00 secs] 
185.027: Total time for which application threads were stopped: 0.0011040 seconds, Stopping threads took: 0.0001880 seconds
185.068: Application time: 0.0412050 seconds
185.068: [GC185.068: [ParNew: 17618K->1580K(18048K), 0.0006240 secs] 32929K->16947K(57984K), 0.0006530 secs] [Times: user=0.01 sys=0.00, real=0.00 secs] 
185.069: Total time for which application threads were stopped: 0.0008840 seconds, Stopping threads took: 0.0001700 seconds
185.109: Application time: 0.0401010 seconds
185.109: [GC185.109: [ParNew: 17542K->1548K(18048K), 0.0008020 secs] 32909K->17499K(57984K), 0.0008350 secs] [Times: user=0.01 sys=0.00, real=0.00 secs] 
185.110: Total time for which application threads were stopped: 0.0009990 seconds, Stopping threads took: 0.0001040 seconds
185.150: Application time: 0.0401050 seconds
185.150: [GC185.150: [ParNew: 17521K->1546K(18048K), 0.0006370 secs] 33471K->17497K(57984K), 0.0006660 secs] [Times: user=0.01 sys=0.00, real=0.00 secs] 
185.151: Total time for which application threads were stopped: 0.0009260 seconds, Stopping threads took: 0.0001990 seconds
185.191: Application time: 0.0402510 seconds
185.191: [GC185.191: [ParNew: 17516K->1032K(18048K), 0.0004590 secs] 33467K->16983K(57984K), 0.0004870 secs] [Times: user=0.00 sys=0.00, real=0.00 secs] 
185.192: Total time for which application threads were stopped: 0.0006720 seconds, Stopping threads took: 0.0001300 seconds
185.232: Application time: 0.0405530 seconds
185.233: [GC185.233: [ParNew: 16998K->1036K(18048K), 0.0004480 secs] 32949K->16987K(57984K), 0.0004740 secs] [Times: user=0.00 sys=0.00, real=0.00 secs] 
185.233: Total time for which application threads were stopped: 0.0006140 seconds, Stopping threads took: 0.0000750 seconds
185.273: Application time: 0.0395760 seconds
185.273: [GC185.273: [ParNew: 17076K->1578K(18048K), 0.0006180 secs] 33027K->17529K(57984K), 0.0006470 secs] [Times: user=0.00 sys=0.00, real=0.00 secs] 
185.273: Total time for which application threads were stopped: 0.0007800 seconds, Stopping threads took: 0.0000650 seconds
185.313: Application time: 0.0395140 seconds
185.313: [GC185.313: [ParNew: 17544K->1546K(18048K), 0.0006080 secs] 33495K->17561K(57984K), 0.0006380 secs] [Times: user=0.00 sys=0.00, real=0.00 secs] 
185.314: Total time for which application threads were stopped: 0.0008050 seconds, Stopping threads took: 0.0001050 seconds
185.352: Application time: 0.0387840 seconds
185.353: [GC185.353: [ParNew: 17149K->1608K(18048K), 0.0008080 secs] 33163K->18135K(57984K), 0.0008400 secs] [Times: user=0.01 sys=0.00, real=0.00 secs] 
185.353: Total time for which application threads were stopped: 0.0009770 seconds, Stopping threads took: 0.0000740 seconds
185.394: Application time: 0.0406860 seconds
185.394: [GC185.394: [ParNew: 17659K->1068K(18048K), 0.0005030 secs] 34186K->17691K(57984K), 0.0005310 secs] [Times: user=0.00 sys=0.00, real=0.00 secs] 
185.395: Total time for which application threads were stopped: 0.0006450 seconds, Stopping threads took: 0.0000550 seconds
185.433: Application time: 0.0383740 seconds
185.433: [GC185.433: [ParNew: 17104K->1578K(18048K), 0.0007890 secs] 33727K->18777K(57984K), 0.0008200 secs] [Times: user=0.01 sys=0.00, real=0.00 secs] 
185.434: Total time for which application threads were stopped: 0.0009610 seconds, Stopping threads took: 0.0000790 seconds
185.474: Application time: 0.0399690 seconds
185.474: [GC185.474: [ParNew: 17620K->1576K(18048K), 0.0008700 secs] 34820K->19351K(57984K), 0.0009010 secs] [Times: user=0.00 sys=0.00, real=0.00 secs] 
185.475: Total time for which application threads were stopped: 0.0010430 seconds, Stopping threads took: 0.0000810 seconds
185.515: Application time: 0.0395340 seconds
185.515: [GC185.515: [ParNew: 17547K->1548K(18048K), 0.0006330 secs] 35322K->19379K(57984K), 0.0006620 secs] [Times: user=0.00 sys=0.00, real=0.00 secs] 
185.515: Total time for which application threads were stopped: 0.0007900 seconds, Stopping threads took: 0.0000610 seconds
185.555: Application time: 0.0393690 seconds
185.555: [GC185.555: [ParNew: 17514K->1546K(18048K), 0.0005800 secs] 35346K->19377K(57984K), 0.0006080 secs] [Times: user=0.00 sys=0.00, real=0.00 secs] 
185.556: Total time for which application threads were stopped: 0.0007530 seconds, Stopping threads took: 0.0000870 seconds
185.597: Application time: 0.0413980 seconds
185.597: [GC185.597: [ParNew: 17519K->10K(18048K), 0.0002280 secs] 35350K->17841K(57984K), 0.0002540 secs] [Times: user=0.00 sys=0.00, real=0.01 secs] 
185.597: Total time for which application threads were stopped: 0.0003900 seconds, Stopping threads took: 0.0000840 seconds
185.634: Application time: 0.0362340 seconds
185.634: [GC185.634: [ParNew: 15953K->1548K(18048K), 0.0011460 secs] 33785K->20915K(57984K), 0.0011790 secs] [Times: user=0.01 sys=0.00, real=0.00 secs] 
185.635: Total time for which application threads were stopped: 0.0013130 seconds, Stopping threads took: 0.0000680 seconds
185.676: Application time: 0.0414010 seconds
185.676: [GC185.676: [ParNew: 17519K->1548K(18048K), 0.0009540 secs] 36886K->21939K(57984K), 0.0009870 secs] [Times: user=0.01 sys=0.00, real=0.01 secs] 
185.677: Total time for which application threads were stopped: 0.0011230 seconds, Stopping threads took: 0.0000710 seconds
185.715: Application time: 0.0375360 seconds
185.715: [GC185.715: [ParNew: 17159K->1608K(18048K), 0.0008020 secs] 37550K->22511K(57984K), 0.0008310 secs] [Times: user=0.00 sys=0.00, real=0.00 secs] 
185.716: Total time for which application threads were stopped: 0.0009870 seconds, Stopping threads took: 0.0000950 seconds
185.757: Application time: 0.0413860 seconds
185.757: [GC185.758: [ParNew: 17579K->1550K(18048K), 0.0006160 secs] 38482K->22557K(57984K), 0.0006430 secs] [Times: user=0.00 sys=0.00, real=0.00 secs] 
185.758: Total time for which application threads were stopped: 0.0007740 seconds, Stopping threads took: 0.0000660 seconds
185.800: Application time: 0.0413960 seconds
185.800: [GC185.800: [ParNew: 17518K->1032K(18048K), 0.0004760 secs] 38526K->22039K(57984K), 0.0005100 secs] [Times: user=0.00 sys=0.00, real=0.00 secs] 
185.800: Total time for which application threads were stopped: 0.0006610 seconds, Stopping threads took: 0.0000950 seconds
185.838: Application time: 0.0381240 seconds
185.838: [GC185.838: [ParNew: 16998K->1034K(18048K), 0.0004990 secs] 38006K->22041K(57984K), 0.0005260 secs] [Times: user=0.00 sys=0.00, real=0.00 secs] 
185.839: Total time for which application threads were stopped: 0.0006410 seconds, Stopping threads took: 0.0000580 seconds
185.879: Application time: 0.0400530 seconds
185.879: [GC185.879: [ParNew: 17000K->1032K(18048K), 0.0004720 secs] 38008K->22039K(57984K), 0.0005000 secs] [Times: user=0.00 sys=0.00, real=0.00 secs] 
185.880: Total time for which application threads were stopped: 0.0006450 seconds, Stopping threads took: 0.0000860 seconds
185.919: Application time: 0.0392450 seconds
185.919: [GC185.919: [ParNew: 16998K->1034K(18048K), 0.0004770 secs] 38006K->22041K(57984K), 0.0005040 secs] [Times: user=0.01 sys=0.00, real=0.00 secs] 
185.920: Total time for which application threads were stopped: 0.0006190 seconds, Stopping threads took: 0.0000580 seconds
185.959: Application time: 0.0392140 seconds
185.959: [GC185.959: [ParNew: 17075K->1578K(18048K), 0.0006220 secs] 38082K->22585K(57984K), 0.0006510 secs] [Times: user=0.01 sys=0.00, real=0.00 secs] 
185.960: Total time for which application threads were stopped: 0.0007890 seconds, Stopping threads took: 0.0000770 seconds
185.998: Application time: 0.0387700 seconds
185.998: [GC185.998: [ParNew: 17619K->1580K(18048K), 0.0008210 secs] 38626K->23155K(57984K), 0.0008510 secs] [Times: user=0.01 sys=0.00, real=0.00 secs] 
185.999: Total time for which application threads were stopped: 0.0009940 seconds, Stopping threads took: 0.0000830 seconds
186.039: Application time: 0.0393660 seconds
186.039: [GC186.039: [ParNew: 17621K->1578K(18048K), 0.0009640 secs] 39196K->24241K(57984K), 0.0009950 secs] [Times: user=0.00 sys=0.00, real=0.00 secs] 
186.040: Total time for which application threads were stopped: 0.0011180 seconds, Stopping threads took: 0.0000590 seconds
186.079: Application time: 0.0394030 seconds
186.079: [GC186.079: [ParNew: 17271K->1636K(18048K), 0.0006510 secs] 39935K->24363K(57984K), 0.0006790 secs] [Times: user=0.00 sys=0.00, real=0.00 secs] 
186.080: Total time for which application threads were stopped: 0.0008000 seconds, Stopping threads took: 0.0000600 seconds
186.119: Application time: 0.0393940 seconds
186.120: [GC186.120: [ParNew: 17603K->1548K(18048K), 0.0006140 secs] 40330K->24411K(57984K), 0.0006430 secs] [Times: user=0.01 sys=0.00, real=0.00 secs] 
186.120: Total time for which application threads were stopped: 0.0007680 seconds, Stopping threads took: 0.0000660 seconds
186.160: Application time: 0.0395020 seconds
186.160: [GC186.160: [ParNew: 17514K->1544K(18048K), 0.0006500 secs] 40378K->24407K(57984K), 0.0006810 secs] [Times: user=0.00 sys=0.00, real=0.00 secs] 
186.161: Total time for which application threads were stopped: 0.0008340 seconds, Stopping threads took: 0.0000890 seconds
186.202: Application time: 0.0409810 seconds
186.202: [GC186.202: [ParNew: 17510K->1546K(18048K), 0.0005830 secs] 40374K->24409K(57984K), 0.0006100 secs] [Times: user=0.01 sys=0.00, real=0.00 secs] 
186.202: Total time for which application threads were stopped: 0.0007420 seconds, Stopping threads took: 0.0000740 seconds
186.241: Application time: 0.0391740 seconds
186.242: [GC186.242: [ParNew: 17516K->1034K(18048K), 0.0019110 secs] 40380K->23897K(57984K), 0.0019420 secs] [Times: user=0.00 sys=0.00, real=0.00 secs] 
186.243: Total time for which application threads were stopped: 0.0020610 seconds, Stopping threads took: 0.0000620 seconds
186.283: Application time: 0.0393290 seconds
186.283: [GC186.283: [ParNew: 17000K->1032K(18048K), 0.0004360 secs] 39864K->23895K(57984K), 0.0004630 secs] [Times: user=0.00 sys=0.00, real=0.00 secs] 
186.283: Total time for which application threads were stopped: 0.0006150 seconds, Stopping threads took: 0.0000850 seconds
186.321: Application time: 0.0375400 seconds
186.321: [GC186.321: [ParNew: 16986K->1548K(18048K), 0.0009670 secs] 39849K->25435K(57984K), 0.0010090 secs] [Times: user=0.01 sys=0.00, real=0.00 secs] 
186.322: Total time for which application threads were stopped: 0.0011420 seconds, Stopping threads took: 0.0000680 seconds
186.362: Application time: 0.0397100 seconds
186.362: [GC186.362: [ParNew: 17514K->1546K(18048K), 0.0009680 secs] 41402K->26457K(57984K), 0.0009950 secs] [Times: user=0.01 sys=0.00, real=0.00 secs] 
186.363: Total time for which application threads were stopped: 0.0011680 seconds, Stopping threads took: 0.0001070 seconds
186.403: Application time: 0.0403210 seconds
186.403: [GC186.403: [ParNew: 17157K->1608K(18048K), 0.0007830 secs] 42068K->27031K(57984K), 0.0008160 secs] [Times: user=0.01 sys=0.00, real=0.00 secs] 
186.404: Total time for which application threads were stopped: 0.0009770 seconds, Stopping threads took: 0.0000990 seconds
186.444: Application time: 0.0393980 seconds
186.444: [GC186.444: [ParNew: 17579K->1546K(18048K), 0.0006970 secs] 43002K->27065K(57984K), 0.0007250 secs] [Times: user=0.01 sys=0.00, real=0.00 secs] 
186.445: Total time for which application threads were stopped: 0.0008460 seconds, Stopping threads took: 0.0000600 seconds
186.484: Application time: 0.0392620 seconds
186.484: [GC186.484: [ParNew: 17516K->1036K(18048K), 0.0004530 secs] 43036K->26555K(57984K), 0.0004800 secs] [Times: user=0.01 sys=0.00, real=0.00 secs] 
186.484: Total time for which application threads were stopped: 0.0006070 seconds, Stopping threads took: 0.0000700 seconds
186.524: Application time: 0.0395790 seconds
186.524: [GC186.524: [ParNew: 17002K->1034K(18048K), 0.0004310 secs] 42522K->26553K(57984K), 0.0004570 secs] [Times: user=0.01 sys=0.00, real=0.00 secs] 
186.525: Total time for which application threads were stopped: 0.0005750 seconds, Stopping threads took: 0.0000600 seconds
186.563: Application time: 0.0384460 seconds
186.563: [GC186.563: [ParNew: 16992K->1548K(18048K), 0.0007590 secs] 42512K->27579K(57984K), 0.0007900 secs] [Times: user=0.01 sys=0.00, real=0.00 secs] 
186.564: Total time for which application threads were stopped: 0.0009250 seconds, Stopping threads took: 0.0000730 seconds
186.602: Application time: 0.0380490 seconds
186.602: [GC186.602: [ParNew: 17510K->1546K(18048K), 0.0009410 secs] 43542K->28601K(57984K), 0.0009730 secs] [Times: user=0.01 sys=0.00, real=0.00 secs] 
186.603: Total time for which application threads were stopped: 0.0011250 seconds, Stopping threads took: 0.0000880 seconds
186.644: Application time: 0.0410410 seconds
186.644: [GC186.644: [ParNew: 17595K->1574K(18048K), 0.0008990 secs] 44651K->29141K(57984K), 0.0009280 secs] [Times: user=0.00 sys=0.00, real=0.01 secs] 
186.645: Total time for which application threads were stopped: 0.0010700 seconds, Stopping threads took: 0.0000820 seconds
186.686: Application time: 0.0408000 seconds
186.686: [GC186.686: [ParNew: 17623K->1580K(18048K), 0.0006470 secs] 45190K->29196K(57984K), 0.0006740 secs] [Times: user=0.00 sys=0.00, real=0.00 secs] 
186.687: Total time for which application threads were stopped: 0.0007970 seconds, Stopping threads took: 0.0000620 seconds
186.725: Application time: 0.0379920 seconds
186.725: [GC186.725: [ParNew: 17265K->1634K(18048K), 0.0007550 secs] 44881K->29306K(57984K), 0.0007830 secs] [Times: user=0.00 sys=0.00, real=0.01 secs] 
186.726: Total time for which application threads were stopped: 0.0009940 seconds, Stopping threads took: 0.0001530 seconds
186.765: Application time: 0.0389990 seconds
186.765: [GC186.765: [ParNew: 17666K->1576K(18048K), 0.0011840 secs] 45338K->30912K(57984K), 0.0012200 secs] [Times: user=0.01 sys=0.00, real=0.01 secs] 
186.766: Total time for which application threads were stopped: 0.0013880 seconds, Stopping threads took: 0.0000990 seconds
186.807: Application time: 0.0403980 seconds
186.807: [GC186.807: [ParNew: 17547K->1548K(18048K), 0.0010390 secs] 46883K->31988K(57984K), 0.0010690 secs] [Times: user=0.00 sys=0.00, real=0.00 secs] 
186.808: Total time for which application threads were stopped: 0.0012360 seconds, Stopping threads took: 0.0000880 seconds
186.848: Application time: 0.0400950 seconds
186.848: [GC186.848: [ParNew: 17519K->1548K(18048K), 0.0008110 secs] 47959K->32500K(57984K), 0.0008410 secs] [Times: user=0.01 sys=0.00, real=0.00 secs] 
186.849: Total time for which application threads were stopped: 0.0009730 seconds, Stopping threads took: 0.0000690 seconds
186.889: Application time: 0.0404490 seconds
186.890: [GC186.890: [ParNew: 17519K->1544K(18048K), 0.0005950 secs] 48471K->32496K(57984K), 0.0006240 secs] [Times: user=0.01 sys=0.00, real=0.00 secs] 
186.890: Total time for which application threads were stopped: 0.0007610 seconds, Stopping threads took: 0.0000800 seconds
186.930: Application time: 0.0403490 seconds
186.931: [GC186.931: [ParNew: 17510K->1546K(18048K), 0.0006090 secs] 48462K->32498K(57984K), 0.0006380 secs] [Times: user=0.00 sys=0.00, real=0.00 secs] 
186.931: Total time for which application threads were stopped: 0.0007540 seconds, Stopping threads took: 0.0000550 seconds
186.972: Application time: 0.0405980 seconds
186.972: [GC186.972: [ParNew: 17512K->1546K(18048K), 0.0006260 secs] 48464K->32498K(57984K), 0.0006540 secs] [Times: user=0.00 sys=0.00, real=0.00 secs] 
186.973: Total time for which application threads were stopped: 0.0007840 seconds, Stopping threads took: 0.0000690 seconds
187.011: Application time: 0.0385520 seconds
187.011: [GC187.011: [ParNew: 17516K->1030K(18048K), 0.0004580 secs] 48469K->31982K(57984K), 0.0004850 secs] [Times: user=0.00 sys=0.00, real=0.00 secs] 
187.012: Total time for which application threads were stopped: 0.0005980 seconds, Stopping threads took: 0.0000560 seconds
187.053: Application time: 0.0413100 seconds
187.053: [GC187.053: [ParNew: 17075K->1064K(18048K), 0.0004550 secs] 48027K->32016K(57984K), 0.0004850 secs] [Times: user=0.00 sys=0.00, real=0.00 secs] 
187.054: Total time for which application threads were stopped: 0.0006370 seconds, Stopping threads took: 0.0000960 seconds
187.094: Application time: 0.0399000 seconds
187.095: [GC187.095: [ParNew: 17113K->554K(18048K), 0.0004170 secs] 48065K->31570K(57984K), 0.0004460 secs] [Times: user=0.00 sys=0.00, real=0.00 secs] 
187.095: Total time for which application threads were stopped: 0.0016900 seconds, Stopping threads took: 0.0011610 seconds
187.134: Application time: 0.0383120 seconds
187.134: [GC187.134: [ParNew: 16508K->1576K(18048K), 0.0006600 secs] 47524K->32592K(57984K), 0.0006900 secs] [Times: user=0.01 sys=0.00, real=0.00 secs] 
187.135: Total time for which application threads were stopped: 0.0008960 seconds, Stopping threads took: 0.0001470 seconds
187.174: Application time: 0.0394980 seconds
187.174: [GC187.174: [ParNew: 17536K->1548K(18048K), 0.0009460 secs] 48552K->33644K(57984K), 0.0009760 secs] [Times: user=0.01 sys=0.00, real=0.00 secs] 
187.175: Total time for which application threads were stopped: 0.0011060 seconds, Stopping threads took: 0.0000680 seconds
187.214: Application time: 0.0385330 seconds
187.214: [GC187.214: [ParNew: 17519K->1550K(18048K), 0.0008290 secs] 49615K->34158K(57984K), 0.0008570 secs] [Times: user=0.01 sys=0.00, real=0.00 secs] 
187.215: Total time for which application threads were stopped: 0.0009850 seconds, Stopping threads took: 0.0000680 seconds
187.256: Application time: 0.0409190 seconds
187.256: [GC187.256: [ParNew: 17521K->1548K(18048K), 0.0006900 secs] 50129K->34156K(57984K), 0.0007160 secs] [Times: user=0.00 sys=0.00, real=0.00 secs] 
187.256: Total time for which application threads were stopped: 0.0008380 seconds, Stopping threads took: 0.0000660 seconds
187.296: Application time: 0.0398850 seconds
187.296: [GC187.296: [ParNew: 17516K->1034K(18048K), 0.0004380 secs] 50125K->33642K(57984K), 0.0004670 secs] [Times: user=0.00 sys=0.00, real=0.00 secs] 
187.297: Total time for which application threads were stopped: 0.0005960 seconds, Stopping threads took: 0.0000730 seconds
187.333: Application time: 0.0363600 seconds
187.333: [GC187.333: [ParNew: 16628K->1606K(18048K), 0.0009660 secs] 49237K->35238K(57984K), 0.0009980 secs] [Times: user=0.01 sys=0.00, real=0.00 secs] 
187.334: Total time for which application threads were stopped: 0.0011470 seconds, Stopping threads took: 0.0000760 seconds
187.375: Application time: 0.0408580 seconds
187.375: [GC187.375: [ParNew: 17217K->1608K(18048K), 0.0008020 secs] 50849K->35848K(57984K), 0.0008290 secs] [Times: user=0.00 sys=0.00, real=0.00 secs] 
187.376: Total time for which application threads were stopped: 0.0009390 seconds, Stopping threads took: 0.0000520 seconds
187.414: Application time: 0.0381930 seconds
187.415: [GC187.415: [ParNew: 17219K->1608K(18048K), 0.0006730 secs] 51460K->35956K(57984K), 0.0007020 secs] [Times: user=0.00 sys=0.00, real=0.00 secs] 
187.415: Total time for which application threads were stopped: 0.0008290 seconds, Stopping threads took: 0.0000610 seconds
187.454: Application time: 0.0390870 seconds
187.454: [GC187.454: [ParNew: 17566K->1546K(18048K), 0.0009710 secs] 51915K->37022K(57984K), 0.0010030 secs] [Times: user=0.01 sys=0.00, real=0.00 secs] 
187.455: Total time for which application threads were stopped: 0.0011400 seconds, Stopping threads took: 0.0000720 seconds
187.494: Application time: 0.0389720 seconds
187.495: [GC187.495: [ParNew: 17512K->1546K(18048K), 0.0009720 secs] 52989K->38046K(57984K), 0.0010020 secs] [Times: user=0.00 sys=0.00, real=0.00 secs] 
187.496: Total time for which application threads were stopped: 0.0011410 seconds, Stopping threads took: 0.0000760 seconds
187.536: Application time: 0.0403350 seconds
187.536: [GC187.536: [ParNew: 17517K->1546K(18048K), 0.0007880 secs] 54017K->38558K(57984K), 0.0008170 secs] [Times: user=0.00 sys=0.00, real=0.00 secs] 
187.537: Total time for which application threads were stopped: 0.0009520 seconds, Stopping threads took: 0.0000720 seconds
187.578: Application time: 0.0410790 seconds
187.578: [GC187.578: [ParNew: 17512K->1548K(18048K), 0.0006050 secs] 54525K->38560K(57984K), 0.0006320 secs] [Times: user=0.00 sys=0.00, real=0.00 secs] 
187.579: Total time for which application threads were stopped: 0.0008210 seconds, Stopping threads took: 0.0001290 seconds
187.618: Application time: 0.0389970 seconds
187.618: [GC187.618: [ParNew: 17512K->1548K(18048K), 0.0007910 secs] 54525K->39072K(57984K), 0.0008180 secs] [Times: user=0.00 sys=0.00, real=0.00 secs] 
187.619: Total time for which application threads were stopped: 0.0009520 seconds, Stopping threads took: 0.0000740 seconds
187.660: Application time: 0.0410780 seconds
187.660: [GC187.660: [ParNew: 17519K->1544K(18048K), 0.0005960 secs] 55043K->39068K(57984K), 0.0006230 secs] [Times: user=0.01 sys=0.00, real=0.00 secs] 
187.661: Total time for which application threads were stopped: 0.0007450 seconds, Stopping threads took: 0.0000610 seconds
187.701: Application time: 0.0402530 seconds
187.701: [GC187.701: [ParNew: 17510K->1546K(18048K), 0.0006950 secs] 55035K->39070K(57984K), 0.0007260 secs] [Times: user=0.00 sys=0.00, real=0.00 secs] 
187.702: Total time for which application threads were stopped: 0.0008590 seconds, Stopping threads took: 0.0000720 seconds
187.741: Application time: 0.0390860 seconds
187.741: [GC187.741: [ParNew: 17153K->1608K(18048K), 0.0006590 secs] 54677K->39132K(57984K), 0.0006890 secs] [Times: user=0.00 sys=0.00, real=0.00 secs] 
187.742: Total time for which application threads were stopped: 0.0008240 seconds, Stopping threads took: 0.0000750 seconds
187.781: Application time: 0.0395340 seconds
187.781: [GC187.781: [ParNew: 17574K->1546K(18048K), 0.0006450 secs] 55099K->39166K(57984K), 0.0006740 secs] [Times: user=0.00 sys=0.00, real=0.00 secs] 
187.782: Total time for which application threads were stopped: 0.0008030 seconds, Stopping threads took: 0.0000650 seconds
187.822: Application time: 0.0395930 seconds
187.822: [GC187.822: [ParNew: 17512K->1546K(18048K), 0.0006170 secs] 55133K->39166K(57984K), 0.0006470 secs] [Times: user=0.01 sys=0.00, real=0.00 secs] 
187.822: Total time for which application threads were stopped: 0.0007630 seconds, Stopping threads took: 0.0000540 seconds
187.863: Application time: 0.0408910 seconds
187.863: [GC187.863: [ParNew: 17512K->1548K(18048K), 0.0006400 secs] 55133K->39168K(57984K), 0.0006760 secs] [Times: user=0.01 sys=0.00, real=0.00 secs] 
187.864: Total time for which application threads were stopped: 0.0008800 seconds, Stopping threads took: 0.0001400 seconds
187.904: Application time: 0.0394810 seconds
187.904: [GC187.904: [ParNew: 17514K->1548K(18048K), 0.0006050 secs] 55135K->39168K(57984K), 0.0006340 secs] [Times: user=0.01 sys=0.00, real=0.00 secs] 
187.904: Total time for which application threads were stopped: 0.0007580 seconds, Stopping threads took: 0.0000620 seconds
187.944: Application time: 0.0401360 seconds
187.945: [GC187.945: [ParNew: 17514K->1548K(18048K), 0.0006420 secs] 55135K->39168K(57984K), 0.0006730 secs] [Times: user=0.00 sys=0.00, real=0.01 secs] 
187.945: Total time for which application threads were stopped: 0.0008010 seconds, Stopping threads took: 0.0000680 seconds
187.985: Application time: 0.0398040 seconds
187.985: [GC187.985: [ParNew: 17592K->1580K(18048K), 0.0006730 secs] 55213K->39200K(57984K), 0.0007030 secs] [Times: user=0.01 sys=0.00, real=0.00 secs] 
187.986: Total time for which application threads were stopped: 0.0008460 seconds, Stopping threads took: 0.0000780 seconds
188.024: Application time: 0.0378980 seconds
188.024: [GC188.024: [ParNew: 17183K->1608K(18048K), 0.0007900 secs] 54803K->39812K(57984K), 0.0008200 secs] [Times: user=0.01 sys=0.00, real=0.00 secs] 
188.025: Total time for which application threads were stopped: 0.0009980 seconds, Stopping threads took: 0.0001170 seconds
188.065: Application time: 0.0399990 seconds
188.065: [GC188.065: [ParNew: 17657K->1580K(18048K), 0.0006890 secs] 55862K->39892K(57984K), 0.0007170 secs] [Times: user=0.00 sys=0.00, real=0.01 secs] 
188.066: Total time for which application threads were stopped: 0.0008380 seconds, Stopping threads took: 0.0000600 seconds
188.106: Application time: 0.0401850 seconds
188.106: [GC188.106: [ParNew: 17191K->1096K(18048K), 0.0004780 secs] 55503K->39472K(57984K), 0.0005050 secs] [Times: user=0.01 sys=0.00, real=0.00 secs] 
188.106: Total time for which application threads were stopped: 0.0006190 seconds, Stopping threads took: 0.0000590 seconds
188.147: Application time: 0.0404260 seconds
188.147: [GC188.147: [ParNew: 17067K->524K(18048K), 0.0004070 secs] 55443K->39004K(57984K), 0.0004320 secs] [Times: user=0.00 sys=0.00, real=0.00 secs] 
188.147: Total time for which application threads were stopped: 0.0005500 seconds, Stopping threads took: 0.0000630 seconds
188.186: Application time: 0.0388130 seconds
188.186: [GC188.186: [ParNew: 16484K->1546K(18048K), 0.0006360 secs] 54965K->40026K(57984K), 0.0006640 secs] [Times: user=0.00 sys=0.00, real=0.00 secs] 
188.187: Total time for which application threads were stopped: 0.0007940 seconds, Stopping threads took: 0.0000720 seconds
188.227: Application time: 0.0400590 seconds
188.227: [GC188.227: [ParNew: 17508K->1548K(18048K), 0.0007790 secs] 55989K->40540K(57984K), 0.0008120 secs] [Times: user=0.01 sys=0.00, real=0.00 secs] 
188.228: Total time for which application threads were stopped: 0.0009480 seconds, Stopping threads took: 0.0000710 seconds
188.268: Application time: 0.0399390 seconds
188.268: [GC188.268: [ParNew: 17514K->1546K(18048K), 0.0008570 secs] 56507K->41050K(57984K), 0.0008880 secs] [Times: user=0.00 sys=0.00, real=0.00 secs] 
188.269: Total time for which application threads were stopped: 0.0010320 seconds, Stopping threads took: 0.0000830 seconds
188.309: Application time: 0.0395510 seconds
188.309: [GC188.309: [ParNew: 17517K->1546K(18048K), 0.0015170 secs] 57021K->41050K(57984K), 0.0015470 secs] [Times: user=0.01 sys=0.00, real=0.00 secs] 
188.310: Total time for which application threads were stopped: 0.0016790 seconds, Stopping threads took: 0.0000710 seconds
188.349: Application time: 0.0383420 seconds
188.349: [GC188.349: [ParNew: 17508K->1546K(18048K), 0.0008100 secs]188.350: [Tenured: 40016K->7792K(40452K), 0.0050950 secs] 57013K->7792K(58500K), [Perm : 5179K->5179K(21248K)], 0.0059890 secs] [Times: user=0.01 sys=0.00, real=0.00 secs] 
188.355: Total time for which application threads were stopped: 0.0061350 seconds, Stopping threads took: 0.0000720 seconds
188.395: Application time: 0.0399650 seconds
188.395: [GC188.395: [ParNew: 15966K->1546K(18048K), 0.0008790 secs] 23759K->9850K(57984K), 0.0009110 secs] [Times: user=0.00 sys=0.00, real=0.00 secs] 
188.396: Total time for which application threads were stopped: 0.0010540 seconds, Stopping threads took: 0.0000720 seconds
188.435: Application time: 0.0396180 seconds
188.436: [GC188.436: [ParNew: 17161K->1094K(18048K), 0.0004730 secs] 25466K->9398K(57984K), 0.0005030 secs] [Times: user=0.00 sys=0.00, real=0.00 secs] 
188.436: Total time for which application threads were stopped: 0.0006450 seconds, Stopping threads took: 0.0000840 seconds
188.475: Application time: 0.0389450 seconds
188.475: [GC188.475: [ParNew: 17056K->1544K(18048K), 0.0006110 secs] 25361K->9960K(57984K), 0.0006410 secs] [Times: user=0.00 sys=0.00, real=0.00 secs] 
188.476: Total time for which application threads were stopped: 0.0007640 seconds, Stopping threads took: 0.0000620 seconds
188.516: Application time: 0.0402090 seconds
188.516: [GC188.516: [ParNew: 17514K->1032K(18048K), 0.0004640 secs] 25931K->9448K(57984K), 0.0004910 secs] [Times: user=0.00 sys=0.00, real=0.00 secs] 
188.517: Total time for which application threads were stopped: 0.0006270 seconds, Stopping threads took: 0.0000810 seconds
188.557: Application time: 0.0400560 seconds
188.557: [GC188.557: [ParNew: 17002K->524K(18048K), 0.0003130 secs] 25419K->8940K(57984K), 0.0003390 secs] [Times: user=0.00 sys=0.00, real=0.00 secs] 
188.557: Total time for which application threads were stopped: 0.0004990 seconds, Stopping threads took: 0.0001050 seconds
188.595: Application time: 0.0377290 seconds
188.595: [GC188.595: [ParNew: 16478K->1546K(18048K), 0.0007800 secs] 24894K->10474K(57984K), 0.0008110 secs] [Times: user=0.00 sys=0.00, real=0.00 secs] 
188.596: Total time for which application threads were stopped: 0.0009530 seconds, Stopping threads took: 0.0000790 seconds
188.635: Application time: 0.0392330 seconds
188.635: [GC188.635: [ParNew: 17512K->1546K(18048K), 0.0007910 secs] 26441K->10986K(57984K), 0.0008200 secs] [Times: user=0.01 sys=0.00, real=0.00 secs] 
188.636: Total time for which application threads were stopped: 0.0009510 seconds, Stopping threads took: 0.0000680 seconds
188.676: Application time: 0.0398950 seconds
188.676: [GC188.676: [ParNew: 17595K->1580K(18048K), 0.0006060 secs] 27035K->11020K(57984K), 0.0006340 secs] [Times: user=0.00 sys=0.00, real=0.00 secs] 
188.677: Total time for which application threads were stopped: 0.0007710 seconds, Stopping threads took: 0.0000780 seconds
188.716: Application time: 0.0391980 seconds
188.716: [GC188.716: [ParNew: 17183K->1608K(18048K), 0.0007850 secs] 26623K->11608K(57984K), 0.0008160 secs] [Times: user=0.00 sys=0.00, real=0.00 secs] 
188.717: Total time for which application threads were stopped: 0.0009480 seconds, Stopping threads took: 0.0000710 seconds
188.756: Application time: 0.0387820 seconds
188.756: [GC188.756: [ParNew: 17301K->1124K(18048K), 0.0005120 secs] 27302K->11212K(57984K), 0.0005400 secs] [Times: user=0.00 sys=0.00, real=0.00 secs] 
188.756: Total time for which application threads were stopped: 0.0006610 seconds, Stopping threads took: 0.0000640 seconds
188.795: Application time: 0.0389570 seconds
188.795: [GC188.795: [ParNew: 17090K->1034K(18048K), 0.0004900 secs] 27179K->11242K(57984K), 0.0005170 secs] [Times: user=0.01 sys=0.00, real=0.00 secs] 
188.796: Total time for which application threads were stopped: 0.0006400 seconds, Stopping threads took: 0.0000670 seconds
188.835: Application time: 0.0392520 seconds
188.835: [GC188.835: [ParNew: 17000K->1036K(18048K), 0.0005160 secs] 27209K->11244K(57984K), 0.0005430 secs] [Times: user=0.00 sys=0.00, real=0.00 secs] 
188.836: Total time for which application threads were stopped: 0.0007010 seconds, Stopping threads took: 0.0001010 seconds
188.876: Application time: 0.0404110 seconds
188.876: [GC188.876: [ParNew: 17002K->1034K(18048K), 0.0004410 secs] 27211K->11242K(57984K), 0.0004760 secs] [Times: user=0.00 sys=0.00, real=0.00 secs] 
188.877: Total time for which application threads were stopped: 0.0006130 seconds, Stopping threads took: 0.0000820 seconds
188.917: Application time: 0.0397760 seconds
188.917: [GC188.917: [ParNew: 16996K->1546K(18048K), 0.0005970 secs] 27205K->11754K(57984K), 0.0006270 secs] [Times: user=0.00 sys=0.00, real=0.01 secs] 
188.917: Total time for which application threads were stopped: 0.0007660 seconds, Stopping threads took: 0.0000710 seconds
188.956: Application time: 0.0388770 seconds
188.956: [GC188.956: [ParNew: 17512K->1548K(18048K), 0.0006340 secs] 27721K->11756K(57984K), 0.0006620 secs] [Times: user=0.01 sys=0.00, real=0.00 secs] 
188.957: Total time for which application threads were stopped: 0.0007960 seconds, Stopping threads took: 0.0000740 seconds
188.996: Application time: 0.0393320 seconds
188.997: [GC188.997: [ParNew: 17510K->1546K(18048K), 0.0007870 secs] 27719K->12266K(57984K), 0.0008180 secs] [Times: user=0.01 sys=0.00, real=0.01 secs] 
188.997: Total time for which application threads were stopped: 0.0009440 seconds, Stopping threads took: 0.0000600 seconds
189.037: Application time: 0.0391580 seconds
189.037: [GC189.037: [ParNew: 17512K->1546K(18048K), 0.0323950 secs] 28233K->12778K(57984K), 0.0324260 secs] [Times: user=0.22 sys=0.00, real=0.04 secs] 
189.069: Total time for which application threads were stopped: 0.0325520 seconds, Stopping threads took: 0.0000620 seconds
189.108: Application time: 0.0391870 seconds
189.108: [GC189.108: [ParNew: 17508K->1548K(18048K), 0.0009750 secs] 28741K->13804K(57984K), 0.0010090 secs] [Times: user=0.00 sys=0.00, real=0.00 secs] 
189.109: Total time for which application threads were stopped: 0.0011660 seconds, Stopping threads took: 0.0000920 seconds
189.149: Application time: 0.0400340 seconds
189.150: [GC189.150: [ParNew: 17159K->1608K(18048K), 0.0007770 secs] 29416K->14377K(57984K), 0.0008050 secs] [Times: user=0.01 sys=0.00, real=0.00 secs] 
189.150: Total time for which application threads were stopped: 0.0009330 seconds, Stopping threads took: 0.0000690 seconds
189.191: Application time: 0.0409980 seconds
189.192: [GC189.192: [ParNew: 17574K->1550K(18048K), 0.0005910 secs] 30343K->14423K(57984K), 0.0006200 secs] [Times: user=0.01 sys=0.00, real=0.00 secs] 
189.192: Total time for which application threads were stopped: 0.0008510 seconds, Stopping threads took: 0.0001730 seconds
189.231: Application time: 0.0384470 seconds
189.231: [GC189.231: [ParNew: 17510K->1552K(18048K), 0.0009740 secs] 30383K->15449K(57984K), 0.0010050 secs] [Times: user=0.01 sys=0.00, real=0.00 secs] 
189.232: Total time for which application threads were stopped: 0.0011390 seconds, Stopping threads took: 0.0000670 seconds
189.271: Application time: 0.0389940 seconds
189.271: [GC189.271: [ParNew: 17514K->1548K(18048K), 0.0010290 secs] 31411K->16469K(57984K), 0.0010590 secs] [Times: user=0.01 sys=0.00, real=0.00 secs] 
189.272: Total time for which application threads were stopped: 0.0012830 seconds, Stopping threads took: 0.0001600 seconds
189.312: Application time: 0.0399360 seconds
189.312: [GC189.312: [ParNew: 17516K->1546K(18048K), 0.0010080 secs] 32437K->17491K(57984K), 0.0010390 secs] [Times: user=0.00 sys=0.00, real=0.00 secs] 
189.313: Total time for which application threads were stopped: 0.0011670 seconds, Stopping threads took: 0.0000620 seconds
189.354: Application time: 0.0406060 seconds
189.354: [GC189.354: [ParNew: 17512K->1546K(18048K), 0.0009430 secs] 33457K->18515K(57984K), 0.0009760 secs] [Times: user=0.01 sys=0.00, real=0.00 secs] 
189.355: Total time for which application threads were stopped: 0.0011140 seconds, Stopping threads took: 0.0000740 seconds
189.394: Application time: 0.0388960 seconds
189.394: [GC189.394: [ParNew: 17239K->1636K(18048K), 0.0006160 secs] 34208K->18605K(57984K), 0.0006450 secs] [Times: user=0.00 sys=0.00, real=0.00 secs] 
189.395: Total time for which application threads were stopped: 0.0007830 seconds, Stopping threads took: 0.0000800 seconds
189.434: Application time: 0.0394750 seconds
189.434: [GC189.434: [ParNew: 17247K->1096K(18048K), 0.0004740 secs] 34216K->18189K(57984K), 0.0005110 secs] [Times: user=0.00 sys=0.00, real=0.00 secs] 
189.435: Total time for which application threads were stopped: 0.0006400 seconds, Stopping threads took: 0.0000660 seconds
189.474: Application time: 0.0391650 seconds
189.474: [GC189.474: [ParNew: 17141K->1066K(18048K), 0.0004620 secs] 34234K->18255K(57984K), 0.0004910 secs] [Times: user=0.00 sys=0.00, real=0.00 secs] 
189.475: Total time for which application threads were stopped: 0.0006040 seconds, Stopping threads took: 0.0000540 seconds
189.513: Application time: 0.0383940 seconds
189.513: [GC189.513: [ParNew: 17020K->1546K(18048K), 0.0010280 secs] 34209K->19831K(57984K), 0.0010630 secs] [Times: user=0.00 sys=0.00, real=0.00 secs] 
189.514: Total time for which application threads were stopped: 0.0012020 seconds, Stopping threads took: 0.0000730 seconds
189.553: Application time: 0.0386130 seconds
189.553: [GC189.553: [ParNew: 17512K->1548K(18048K), 0.0009450 secs] 35798K->20857K(57984K), 0.0009770 secs] [Times: user=0.01 sys=0.00, real=0.00 secs] 
189.554: Total time for which application threads were stopped: 0.0011110 seconds, Stopping threads took: 0.0000690 seconds
189.594: Application time: 0.0399870 seconds
189.594: [GC189.594: [ParNew: 17519K->1546K(18048K), 0.0007650 secs] 36828K->21367K(57984K), 0.0007940 secs] [Times: user=0.00 sys=0.00, real=0.00 secs] 
189.595: Total time for which application threads were stopped: 0.0009260 seconds, Stopping threads took: 0.0000700 seconds
189.635: Application time: 0.0407260 seconds
189.636: [GC189.636: [ParNew: 17512K->1548K(18048K), 0.0008200 secs] 37334K->21881K(57984K), 0.0008480 secs] [Times: user=0.01 sys=0.00, real=0.00 secs] 
189.636: Total time for which application threads were stopped: 0.0009840 seconds, Stopping threads took: 0.0000760 seconds
189.676: Application time: 0.0399760 seconds
189.677: [GC189.677: [ParNew: 17519K->1546K(18048K), 0.0006020 secs] 37852K->21879K(57984K), 0.0006280 secs] [Times: user=0.00 sys=0.00, real=0.01 secs] 
189.677: Total time for which application threads were stopped: 0.0007510 seconds, Stopping threads took: 0.0000670 seconds
189.717: Application time: 0.0399950 seconds
189.717: [GC189.717: [ParNew: 17512K->1546K(18048K), 0.0006440 secs] 37846K->21879K(57984K), 0.0006720 secs] [Times: user=0.00 sys=0.00, real=0.00 secs] 
189.718: Total time for which application threads were stopped: 0.0007980 seconds, Stopping threads took: 0.0000660 seconds
189.758: Application time: 0.0400540 seconds
189.758: [GC189.758: [ParNew: 17512K->1548K(18048K), 0.0006140 secs] 37846K->21881K(57984K), 0.0006400 secs] [Times: user=0.00 sys=0.00, real=0.00 secs] 
189.759: Total time for which application threads were stopped: 0.0007680 seconds, Stopping threads took: 0.0000690 seconds
189.798: Application time: 0.0387300 seconds
189.798: [GC189.798: [ParNew: 17519K->1034K(18048K), 0.0004830 secs] 37852K->21367K(57984K), 0.0005100 secs] [Times: user=0.01 sys=0.00, real=0.00 secs] 
189.798: Total time for which application threads were stopped: 0.0006330 seconds, Stopping threads took: 0.0000660 seconds
189.837: Application time: 0.0392360 seconds
189.838: [GC189.838: [ParNew: 16645K->584K(18048K), 0.0003360 secs] 36978K->20917K(57984K), 0.0003600 secs] [Times: user=0.00 sys=0.00, real=0.00 secs] 
189.838: Total time for which application threads were stopped: 0.0005510 seconds, Stopping threads took: 0.0001380 seconds
189.874: Application time: 0.0364970 seconds
189.875: [GC189.875: [ParNew: 16538K->1608K(18048K), 0.0008140 secs] 36871K->22453K(57984K), 0.0008450 secs] [Times: user=0.00 sys=0.00, real=0.00 secs] 
189.875: Total time for which application threads were stopped: 0.0009740 seconds, Stopping threads took: 0.0000670 seconds
189.916: Application time: 0.0404960 seconds
189.916: [GC189.916: [ParNew: 17579K->1546K(18048K), 0.0006240 secs] 38424K->22487K(57984K), 0.0006650 secs] [Times: user=0.00 sys=0.00, real=0.00 secs] 
189.917: Total time for which application threads were stopped: 0.0007910 seconds, Stopping threads took: 0.0000670 seconds
189.956: Application time: 0.0392040 seconds
189.956: [GC189.956: [ParNew: 17508K->1544K(18048K), 0.0007620 secs] 38450K->22997K(57984K), 0.0007920 secs] [Times: user=0.01 sys=0.00, real=0.00 secs] 
189.957: Total time for which application threads were stopped: 0.0009200 seconds, Stopping threads took: 0.0000570 seconds
189.997: Application time: 0.0403250 seconds
189.997: [GC189.997: [ParNew: 17514K->1546K(18048K), 0.0006750 secs] 38968K->22999K(57984K), 0.0007010 secs] [Times: user=0.01 sys=0.00, real=0.00 secs] 
189.998: Total time for which application threads were stopped: 0.0008240 seconds, Stopping threads took: 0.0000670 seconds
190.037: Application time: 0.0385110 seconds
190.037: [GC190.037: [ParNew: 17598K->1584K(18048K), 0.0007010 secs] 39052K->23037K(57984K), 0.0007300 secs] [Times: user=0.01 sys=0.00, real=0.01 secs] 
190.037: Total time for which application threads were stopped: 0.0008490 seconds, Stopping threads took: 0.0000580 seconds
190.076: Application time: 0.0386260 seconds
190.076: [GC190.076: [ParNew: 17257K->1634K(18048K), 0.0008710 secs] 38711K->23655K(57984K), 0.0009020 secs] [Times: user=0.00 sys=0.00, real=0.00 secs] 
190.077: Total time for which application threads were stopped: 0.0010310 seconds, Stopping threads took: 0.0000660 seconds
190.116: Application time: 0.0391930 seconds
190.116: [GC190.116: [ParNew: 17683K->1576K(18048K), 0.0007070 secs] 39704K->23725K(57984K), 0.0007340 secs] [Times: user=0.01 sys=0.00, real=0.00 secs] 
190.117: Total time for which application threads were stopped: 0.0008670 seconds, Stopping threads took: 0.0000760 seconds
190.156: Application time: 0.0393770 seconds
190.157: [GC190.157: [ParNew: 17621K->1578K(18048K), 0.0006620 secs] 39770K->23799K(57984K), 0.0006920 secs] [Times: user=0.00 sys=0.00, real=0.01 secs] 
190.157: Total time for which application threads were stopped: 0.0008380 seconds, Stopping threads took: 0.0000850 seconds
190.198: Application time: 0.0408600 seconds
190.198: [GC190.198: [ParNew: 17549K->522K(18048K), 0.0004310 secs] 39770K->22815K(57984K), 0.0004570 secs] [Times: user=0.00 sys=0.00, real=0.00 secs] 
190.199: Total time for which application threads were stopped: 0.0006670 seconds, Stopping threads took: 0.0001540 seconds
190.239: Application time: 0.0397000 seconds
190.239: [GC190.239: [ParNew: 16486K->1034K(18048K), 0.0004520 secs] 38780K->23327K(57984K), 0.0004780 secs] [Times: user=0.00 sys=0.00, real=0.00 secs] 
190.239: Total time for which application threads were stopped: 0.0006080 seconds, Stopping threads took: 0.0000730 seconds
190.277: Application time: 0.0381840 seconds
190.277: [GC190.277: [ParNew: 16988K->1548K(18048K), 0.0009620 secs] 39281K->24865K(57984K), 0.0009930 secs] [Times: user=0.01 sys=0.00, real=0.00 secs] 
190.278: Total time for which application threads were stopped: 0.0011180 seconds, Stopping threads took: 0.0000600 seconds
190.318: Application time: 0.0394950 seconds
190.318: [GC190.318: [ParNew: 17519K->1544K(18048K), 0.0007620 secs] 40836K->25373K(57984K), 0.0007910 secs] [Times: user=0.00 sys=0.00, real=0.00 secs] 
190.319: Total time for which application threads were stopped: 0.0009200 seconds, Stopping threads took: 0.0000670 seconds
190.360: Application time: 0.0410900 seconds
190.360: [GC190.360: [ParNew: 17514K->1546K(18048K), 0.0006680 secs] 41344K->25375K(57984K), 0.0006950 secs] [Times: user=0.01 sys=0.00, real=0.00 secs] 
190.361: Total time for which application threads were stopped: 0.0008160 seconds, Stopping threads took: 0.0000600 seconds
190.400: Application time: 0.0387590 seconds
190.400: [GC190.400: [ParNew: 17504K->1548K(18048K), 0.0009660 secs] 41334K->26401K(57984K), 0.0009980 secs] [Times: user=0.00 sys=0.00, real=0.00 secs] 
190.401: Total time for which application threads were stopped: 0.0011450 seconds, Stopping threads took: 0.0000810 seconds
190.441: Application time: 0.0399480 seconds
190.441: [GC190.441: [ParNew: 17519K->1548K(18048K), 0.0007880 secs] 42372K->26913K(57984K), 0.0008280 secs] [Times: user=0.01 sys=0.00, real=0.00 secs] 
190.442: Total time for which application threads were stopped: 0.0009750 seconds, Stopping threads took: 0.0000870 seconds
190.483: Application time: 0.0409470 seconds
190.483: [GC190.483: [ParNew: 17514K->1546K(18048K), 0.0007640 secs] 42880K->27423K(57984K), 0.0007950 secs] [Times: user=0.01 sys=0.00, real=0.00 secs] 
190.484: Total time for which application threads were stopped: 0.0009300 seconds, Stopping threads took: 0.0000680 seconds
190.523: Application time: 0.0391700 seconds
190.523: [GC190.523: [ParNew: 17157K->1606K(18048K), 0.0007000 secs] 43034K->27483K(57984K), 0.0007320 secs] [Times: user=0.00 sys=0.00, real=0.00 secs] 
190.524: Total time for which application threads were stopped: 0.0008910 seconds, Stopping threads took: 0.0000970 seconds
190.563: Application time: 0.0398030 seconds
190.563: [GC190.564: [ParNew: 17572K->1548K(18048K), 0.0006290 secs] 43450K->27537K(57984K), 0.0006580 secs] [Times: user=0.00 sys=0.00, real=0.00 secs] 
190.564: Total time for which application threads were stopped: 0.0007780 seconds, Stopping threads took: 0.0000620 seconds
190.603: Application time: 0.0389020 seconds
190.603: [GC190.603: [ParNew: 17514K->1544K(18048K), 0.0005870 secs] 43504K->27533K(57984K), 0.0006150 secs] [Times: user=0.01 sys=0.00, real=0.00 secs] 
190.604: Total time for which application threads were stopped: 0.0008280 seconds, Stopping threads took: 0.0001530 seconds
190.643: Application time: 0.0387700 seconds
190.643: [GC190.643: [ParNew: 17502K->1546K(18048K), 0.0009740 secs] 43492K->28559K(57984K), 0.0010060 secs] [Times: user=0.01 sys=0.00, real=0.00 secs] 
190.644: Total time for which application threads were stopped: 0.0011410 seconds, Stopping threads took: 0.0000700 seconds
190.684: Application time: 0.0399700 seconds
190.684: [GC190.684: [ParNew: 17517K->1546K(18048K), 0.0008850 secs] 44530K->29071K(57984K), 0.0009230 secs] [Times: user=0.00 sys=0.00, real=0.00 secs] 
190.685: Total time for which application threads were stopped: 0.0010580 seconds, Stopping threads took: 0.0000620 seconds
190.725: Application time: 0.0400400 seconds
190.725: [GC190.725: [ParNew: 17231K->1634K(18048K), 0.0010350 secs] 44757K->29672K(57984K), 0.0010670 secs] [Times: user=0.01 sys=0.00, real=0.01 secs] 
190.726: Total time for which application threads were stopped: 0.0011960 seconds, Stopping threads took: 0.0000670 seconds
190.765: Application time: 0.0391240 seconds
190.765: [GC190.765: [ParNew: 17249K->1096K(18048K), 0.0005270 secs] 45287K->29254K(57984K), 0.0005550 secs] [Times: user=0.00 sys=0.00, real=0.00 secs] 
190.766: Total time for which application threads were stopped: 0.0006710 seconds, Stopping threads took: 0.0000590 seconds
190.805: Application time: 0.0393060 seconds
190.805: [GC190.805: [ParNew: 17145K->556K(18048K), 0.0003600 secs] 45303K->28818K(57984K), 0.0003840 secs] [Times: user=0.00 sys=0.00, real=0.00 secs] 
190.806: Total time for which application threads were stopped: 0.0004900 seconds, Stopping threads took: 0.0000530 seconds
190.844: Application time: 0.0381080 seconds
190.844: [GC190.844: [ParNew: 16510K->1580K(18048K), 0.0007790 secs] 44772K->30354K(57984K), 0.0008100 secs] [Times: user=0.01 sys=0.00, real=0.00 secs] 
190.845: Total time for which application threads were stopped: 0.0009490 seconds, Stopping threads took: 0.0000730 seconds
190.885: Application time: 0.0400180 seconds
190.885: [GC190.885: [ParNew: 17546K->1548K(18048K), 0.0008040 secs] 46320K->30898K(57984K), 0.0008360 secs] [Times: user=0.01 sys=0.00, real=0.01 secs] 
190.886: Total time for which application threads were stopped: 0.0009820 seconds, Stopping threads took: 0.0000850 seconds
190.926: Application time: 0.0405230 seconds
190.926: [GC190.926: [ParNew: 17519K->1546K(18048K), 0.0006090 secs] 46869K->30896K(57984K), 0.0006390 secs] [Times: user=0.00 sys=0.00, real=0.00 secs] 
190.927: Total time for which application threads were stopped: 0.0007560 seconds, Stopping threads took: 0.0000570 seconds
190.967: Application time: 0.0403220 seconds
190.967: [GC190.967: [ParNew: 17516K->1032K(18048K), 0.0004630 secs] 46867K->30382K(57984K), 0.0004990 secs] [Times: user=0.01 sys=0.00, real=0.00 secs] 
190.968: Total time for which application threads were stopped: 0.0006080 seconds, Stopping threads took: 0.0000530 seconds
191.005: Application time: 0.0373450 seconds
191.005: [GC191.006: [ParNew: 16986K->1546K(18048K), 0.0007950 secs] 46336K->31408K(57984K), 0.0008230 secs] [Times: user=0.00 sys=0.00, real=0.00 secs] 
191.006: Total time for which application threads were stopped: 0.0010200 seconds, Stopping threads took: 0.0001250 seconds
191.044: Application time: 0.0378000 seconds
191.044: [GC191.044: [ParNew: 17510K->1546K(18048K), 0.0009730 secs] 47372K->32432K(57984K), 0.0010060 secs] [Times: user=0.01 sys=0.00, real=0.01 secs] 
191.045: Total time for which application threads were stopped: 0.0011480 seconds, Stopping threads took: 0.0000780 seconds
191.086: Application time: 0.0403280 seconds
191.086: [GC191.086: [ParNew: 17517K->1546K(18048K), 0.0008020 secs] 48403K->32944K(57984K), 0.0008340 secs] [Times: user=0.01 sys=0.00, real=0.00 secs] 
191.087: Total time for which application threads were stopped: 0.0009700 seconds, Stopping threads took: 0.0000740 seconds
191.127: Application time: 0.0407000 seconds
191.127: [GC191.127: [ParNew: 17517K->1546K(18048K), 0.0006770 secs] 48915K->32944K(57984K), 0.0007050 secs] [Times: user=0.01 sys=0.00, real=0.00 secs] 
191.128: Total time for which application threads were stopped: 0.0008280 seconds, Stopping threads took: 0.0000640 seconds
191.169: Application time: 0.0403860 seconds
191.169: [GC191.169: [ParNew: 17516K->1034K(18048K), 0.0005160 secs] 48915K->32432K(57984K), 0.0005480 secs] [Times: user=0.00 sys=0.00, real=0.00 secs] 
191.169: Total time for which application threads were stopped: 0.0006740 seconds, Stopping threads took: 0.0000680 seconds
191.207: Application time: 0.0380790 seconds
191.207: [GC191.207: [ParNew: 16640K->1094K(18048K), 0.0005040 secs] 48039K->32492K(57984K), 0.0005340 secs] [Times: user=0.00 sys=0.00, real=0.00 secs] 
191.208: Total time for which application threads were stopped: 0.0006590 seconds, Stopping threads took: 0.0000680 seconds
191.246: Application time: 0.0379290 seconds
191.246: [GC191.246: [ParNew: 17056K->1548K(18048K), 0.0006730 secs] 48454K->33050K(57984K), 0.0007070 secs] [Times: user=0.01 sys=0.00, real=0.00 secs] 
191.247: Total time for which application threads were stopped: 0.0008410 seconds, Stopping threads took: 0.0000710 seconds
191.287: Application time: 0.0403690 seconds
191.287: [GC191.287: [ParNew: 17514K->1546K(18048K), 0.0006190 secs] 49017K->33048K(57984K), 0.0006470 secs] [Times: user=0.01 sys=0.00, real=0.00 secs] 
191.288: Total time for which application threads were stopped: 0.0007680 seconds, Stopping threads took: 0.0000620 seconds
191.328: Application time: 0.0399160 seconds
191.328: [GC191.328: [ParNew: 17512K->1546K(18048K), 0.0005850 secs] 49015K->33048K(57984K), 0.0006130 secs] [Times: user=0.00 sys=0.00, real=0.00 secs] 
191.328: Total time for which application threads were stopped: 0.0007320 seconds, Stopping threads took: 0.0000610 seconds
191.367: Application time: 0.0381710 seconds
191.367: [GC191.367: [ParNew: 17599K->1584K(18048K), 0.0007040 secs] 49101K->33086K(57984K), 0.0007300 secs] [Times: user=0.00 sys=0.00, real=0.00 secs] 
191.368: Total time for which application threads were stopped: 0.0008580 seconds, Stopping threads took: 0.0000700 seconds
191.406: Application time: 0.0389500 seconds
191.407: [GC191.407: [ParNew: 17257K->1634K(18048K), 0.0008930 secs] 48759K->33712K(57984K), 0.0009240 secs] [Times: user=0.01 sys=0.00, real=0.00 secs] 
191.408: Total time for which application threads were stopped: 0.0010670 seconds, Stopping threads took: 0.0000790 seconds
191.447: Application time: 0.0395130 seconds
191.447: [GC191.447: [ParNew: 17679K->1580K(18048K), 0.0008190 secs] 49757K->34306K(57984K), 0.0008490 secs] [Times: user=0.01 sys=0.00, real=0.00 secs] 
191.448: Total time for which application threads were stopped: 0.0010030 seconds, Stopping threads took: 0.0000830 seconds
191.488: Application time: 0.0398740 seconds
191.488: [GC191.488: [ParNew: 17625K->1576K(18048K), 0.0008460 secs] 50351K->34894K(57984K), 0.0008760 secs] [Times: user=0.00 sys=0.00, real=0.00 secs] 
191.489: Total time for which application threads were stopped: 0.0010150 seconds, Stopping threads took: 0.0000790 seconds
191.529: Application time: 0.0400880 seconds
191.529: [GC191.529: [ParNew: 17547K->1544K(18048K), 0.0006060 secs] 50865K->34926K(57984K), 0.0006350 secs] [Times: user=0.00 sys=0.01, real=0.00 secs] 
191.530: Total time for which application threads were stopped: 0.0007730 seconds, Stopping threads took: 0.0000640 seconds
191.570: Application time: 0.0403000 seconds
191.570: [GC191.570: [ParNew: 17514K->1034K(18048K), 0.0005370 secs] 50897K->34416K(57984K), 0.0005630 secs] [Times: user=0.00 sys=0.00, real=0.00 secs] 
191.571: Total time for which application threads were stopped: 0.0006880 seconds, Stopping threads took: 0.0000680 seconds
191.611: Application time: 0.0406000 seconds
191.612: [GC191.612: [ParNew: 16996K->1546K(18048K), 0.0006880 secs] 50379K->34928K(57984K), 0.0007150 secs] [Times: user=0.00 sys=0.00, real=0.00 secs] 
191.612: Total time for which application threads were stopped: 0.0008410 seconds, Stopping threads took: 0.0000670 seconds
191.651: Application time: 0.0382650 seconds
191.651: [GC191.651: [ParNew: 17512K->1548K(18048K), 0.0006860 secs] 50895K->34930K(57984K), 0.0007130 secs] [Times: user=0.00 sys=0.00, real=0.00 secs] 
191.651: Total time for which application threads were stopped: 0.0008360 seconds, Stopping threads took: 0.0000650 seconds
191.692: Application time: 0.0402180 seconds
191.692: [GC191.692: [ParNew: 17519K->1036K(18048K), 0.0004290 secs] 50901K->34418K(57984K), 0.0004560 secs] [Times: user=0.00 sys=0.00, real=0.00 secs] 
191.692: Total time for which application threads were stopped: 0.0005740 seconds, Stopping threads took: 0.0000620 seconds
191.734: Application time: 0.0414060 seconds
191.734: [GC191.734: [ParNew: 17006K->522K(18048K), 0.0003210 secs] 50389K->33904K(57984K), 0.0003460 secs] [Times: user=0.00 sys=0.00, real=0.00 secs] 
191.734: Total time for which application threads were stopped: 0.0004460 seconds, Stopping threads took: 0.0000450 seconds
191.774: Application time: 0.0398100 seconds
191.774: [GC191.774: [ParNew: 16484K->1034K(18048K), 0.0004670 secs] 49867K->34416K(57984K), 0.0004930 secs] [Times: user=0.01 sys=0.00, real=0.00 secs] 
191.774: Total time for which application threads were stopped: 0.0006110 seconds, Stopping threads took: 0.0000630 seconds
191.812: Application time: 0.0377580 seconds
191.812: [GC191.812: [ParNew: 16992K->1546K(18048K), 0.0007910 secs] 50374K->35440K(57984K), 0.0008200 secs] [Times: user=0.01 sys=0.00, real=0.00 secs] 
191.813: Total time for which application threads were stopped: 0.0009500 seconds, Stopping threads took: 0.0000670 seconds
191.854: Application time: 0.0405150 seconds
191.854: [GC191.854: [ParNew: 17512K->1546K(18048K), 0.0008050 secs] 51407K->35952K(57984K), 0.0008340 secs] [Times: user=0.01 sys=0.00, real=0.00 secs] 
191.855: Total time for which application threads were stopped: 0.0009660 seconds, Stopping threads took: 0.0000710 seconds
191.894: Application time: 0.0391990 seconds
191.894: [GC191.894: [ParNew: 17161K->1092K(18048K), 0.0004600 secs] 51567K->35498K(57984K), 0.0004890 secs] [Times: user=0.00 sys=0.00, real=0.00 secs] 
191.894: Total time for which application threads were stopped: 0.0006240 seconds, Stopping threads took: 0.0000770 seconds
191.935: Application time: 0.0401070 seconds
191.935: [GC191.935: [ParNew: 17063K->522K(18048K), 0.0003450 secs] 51469K->35032K(57984K), 0.0003710 secs] [Times: user=0.00 sys=0.00, real=0.00 secs] 
191.935: Total time for which application threads were stopped: 0.0004820 seconds, Stopping threads took: 0.0000580 seconds
191.974: Application time: 0.0387750 seconds
191.974: [GC191.974: [ParNew: 16484K->1030K(18048K), 0.0004510 secs] 50995K->35540K(57984K), 0.0004860 secs] [Times: user=0.00 sys=0.00, real=0.00 secs] 
191.974: Total time for which application threads were stopped: 0.0006040 seconds, Stopping threads took: 0.0000620 seconds
192.013: Application time: 0.0387550 seconds
192.013: [GC192.013: [ParNew: 17066K->1578K(18048K), 0.0008750 secs] 51577K->36600K(57984K), 0.0009060 secs] [Times: user=0.01 sys=0.00, real=0.00 secs] 
192.014: Total time for which application threads were stopped: 0.0010330 seconds, Stopping threads took: 0.0000640 seconds
192.054: Application time: 0.0393510 seconds
192.054: [GC192.054: [ParNew: 17622K->1574K(18048K), 0.0008760 secs] 52645K->37164K(57984K), 0.0009050 secs] [Times: user=0.01 sys=0.00, real=0.00 secs] 
192.055: Total time for which application threads were stopped: 0.0010310 seconds, Stopping threads took: 0.0000560 seconds
192.093: Application time: 0.0385760 seconds
192.093: [GC192.093: [ParNew: 17263K->1634K(18048K), 0.0008330 secs] 52854K->37280K(57984K), 0.0008850 secs] [Times: user=0.01 sys=0.00, real=0.00 secs] 
192.094: Total time for which application threads were stopped: 0.0010980 seconds, Stopping threads took: 0.0001390 seconds
192.135: Application time: 0.0410170 seconds
192.135: [GC192.135: [ParNew: 17605K->1034K(18048K), 0.0005470 secs] 53251K->36800K(57984K), 0.0005760 secs] [Times: user=0.00 sys=0.00, real=0.00 secs] 
192.136: Total time for which application threads were stopped: 0.0006910 seconds, Stopping threads took: 0.0000540 seconds
192.175: Application time: 0.0387160 seconds
192.175: [GC192.175: [ParNew: 17070K->1574K(18048K), 0.0009160 secs] 52837K->37852K(57984K), 0.0009460 secs] [Times: user=0.00 sys=0.00, real=0.00 secs] 
192.176: Total time for which application threads were stopped: 0.0010890 seconds, Stopping threads took: 0.0000830 seconds
192.217: Application time: 0.0413250 seconds
192.217: [GC192.217: [ParNew: 17544K->1030K(18048K), 0.0004790 secs] 53823K->37380K(57984K), 0.0005060 secs] [Times: user=0.00 sys=0.00, real=0.00 secs] 
192.218: Total time for which application threads were stopped: 0.0006370 seconds, Stopping threads took: 0.0000730 seconds
192.257: Application time: 0.0390740 seconds
192.257: [GC192.257: [ParNew: 16996K->1034K(18048K), 0.0005100 secs] 53347K->37384K(57984K), 0.0005360 secs] [Times: user=0.00 sys=0.00, real=0.01 secs] 
192.258: Total time for which application threads were stopped: 0.0006640 seconds, Stopping threads took: 0.0000710 seconds
192.297: Application time: 0.0395270 seconds
192.297: [GC192.297: [ParNew: 17000K->1030K(18048K), 0.0005200 secs] 53351K->37380K(57984K), 0.0005520 secs] [Times: user=0.01 sys=0.00, real=0.01 secs] 
192.298: Total time for which application threads were stopped: 0.0006760 seconds, Stopping threads took: 0.0000660 seconds
192.336: Application time: 0.0384670 seconds
192.336: [GC192.336: [ParNew: 16980K->1548K(18048K), 0.0011990 secs] 53330K->39434K(57984K), 0.0012330 secs] [Times: user=0.01 sys=0.00, real=0.01 secs] 
192.338: Total time for which application threads were stopped: 0.0013680 seconds, Stopping threads took: 0.0000680 seconds
192.378: Application time: 0.0403730 seconds
192.378: [GC192.378: [ParNew: 17519K->1546K(18048K), 0.0009960 secs] 55405K->40456K(57984K), 0.0010290 secs] [Times: user=0.01 sys=0.00, real=0.00 secs] 
192.379: Total time for which application threads were stopped: 0.0011640 seconds, Stopping threads took: 0.0000700 seconds
192.419: Application time: 0.0402810 seconds
192.419: [GC192.420: [ParNew: 17517K->1548K(18048K), 0.0007760 secs] 56427K->40971K(57984K), 0.0008070 secs] [Times: user=0.01 sys=0.00, real=0.00 secs] 
192.420: Total time for which application threads were stopped: 0.0009390 seconds, Stopping threads took: 0.0000730 seconds
192.461: Application time: 0.0408020 seconds
192.461: [GC192.461: [ParNew: 17519K->1546K(18048K), 0.0006070 secs] 56941K->40968K(57984K), 0.0006360 secs] [Times: user=0.00 sys=0.00, real=0.00 secs] 
192.462: Total time for which application threads were stopped: 0.0007640 seconds, Stopping threads took: 0.0000690 seconds
192.501: Application time: 0.0388710 seconds
192.501: [GC192.501: [ParNew: 17517K->1036K(18048K), 0.0004790 secs] 56939K->40458K(57984K), 0.0005190 secs] [Times: user=0.01 sys=0.00, real=0.00 secs] 
192.501: Total time for which application threads were stopped: 0.0006420 seconds, Stopping threads took: 0.0000640 seconds
192.542: Application time: 0.0402250 seconds
192.542: [GC192.542: [ParNew: 17076K->1578K(18048K), 0.0006870 secs] 56499K->41001K(57984K), 0.0007160 secs] [Times: user=0.00 sys=0.00, real=0.00 secs] 
192.542: Total time for which application threads were stopped: 0.0008490 seconds, Stopping threads took: 0.0000740 seconds
192.582: Application time: 0.0397680 seconds
192.582: [GC192.582: [ParNew: 17623K->1578K(18048K), 0.0006320 secs] 57045K->41073K(57984K), 0.0006600 secs] [Times: user=0.00 sys=0.00, real=0.00 secs] 
192.583: Total time for which application threads were stopped: 0.0007940 seconds, Stopping threads took: 0.0000650 seconds
192.624: Application time: 0.0405300 seconds
192.624: [GC192.624: [ParNew: 17544K->1548K(18048K), 0.0006100 secs] 57039K->41115K(57984K), 0.0006400 secs] [Times: user=0.00 sys=0.00, real=0.00 secs] 
192.624: Total time for which application threads were stopped: 0.0007720 seconds, Stopping threads took: 0.0000730 seconds
192.663: Application time: 0.0388930 seconds
192.663: [GC192.663: [ParNew: 17597K->1064K(18048K), 0.0004700 secs] 57164K->40631K(57984K), 0.0004970 secs] [Times: user=0.01 sys=0.00, real=0.00 secs] 
192.664: Total time for which application threads were stopped: 0.0006210 seconds, Stopping threads took: 0.0000670 seconds
192.703: Application time: 0.0393560 seconds
192.703: [GC192.703: [ParNew: 17100K->1578K(18048K), 0.0008320 secs]192.704: [Tenured: 40150K->7975K(40452K), 0.0051250 secs] 56667K->7975K(58500K), [Perm : 5179K->5179K(21248K)], 0.0060340 secs] [Times: user=0.01 sys=0.00, real=0.01 secs] 
192.709: Total time for which application threads were stopped: 0.0061720 seconds, Stopping threads took: 0.0000690 seconds
192.749: Application time: 0.0395270 seconds
192.749: [GC192.749: [ParNew: 15611K->1602K(18048K), 0.0006780 secs] 23586K->9577K(57984K), 0.0007070 secs] [Times: user=0.00 sys=0.00, real=0.00 secs] 
192.750: Total time for which application threads were stopped: 0.0008350 seconds, Stopping threads took: 0.0000690 seconds
192.789: Application time: 0.0393510 seconds
192.789: [GC192.789: [ParNew: 17647K->1068K(18048K), 0.0005270 secs] 25622K->9147K(57984K), 0.0005540 secs] [Times: user=0.00 sys=0.00, real=0.00 secs] 
192.790: Total time for which application threads were stopped: 0.0007660 seconds, Stopping threads took: 0.0001550 seconds
192.829: Application time: 0.0394040 seconds
192.833: [GC192.833: [ParNew: 17034K->1034K(18048K), 0.0004970 secs] 25113K->9177K(57984K), 0.0005260 secs] [Times: user=0.00 sys=0.00, real=0.00 secs] 
192.834: Total time for which application threads were stopped: 0.0045310 seconds, Stopping threads took: 0.0039470 seconds
192.874: Application time: 0.0399460 seconds
192.874: [GC192.874: [ParNew: 17076K->1576K(18048K), 0.0006520 secs] 25220K->9719K(57984K), 0.0006840 secs] [Times: user=0.00 sys=0.00, real=0.00 secs] 
192.875: Total time for which application threads were stopped: 0.0008040 seconds, Stopping threads took: 0.0000570 seconds
192.914: Application time: 0.0394790 seconds
192.914: [GC192.914: [ParNew: 17542K->1034K(18048K), 0.0004580 secs] 25686K->9257K(57984K), 0.0004850 secs] [Times: user=0.00 sys=0.00, real=0.00 secs] 
192.915: Total time for which application threads were stopped: 0.0006160 seconds, Stopping threads took: 0.0000720 seconds
192.955: Application time: 0.0398900 seconds
192.955: [GC192.955: [ParNew: 16998K->1546K(18048K), 0.0006130 secs] 25221K->9769K(57984K), 0.0006420 secs] [Times: user=0.01 sys=0.00, real=0.00 secs] 
192.955: Total time for which application threads were stopped: 0.0007710 seconds, Stopping threads took: 0.0000680 seconds
192.995: Application time: 0.0396640 seconds
192.995: [GC192.995: [ParNew: 17516K->1034K(18048K), 0.0004550 secs] 25740K->9257K(57984K), 0.0004810 secs] [Times: user=0.01 sys=0.00, real=0.00 secs] 
192.996: Total time for which application threads were stopped: 0.0006010 seconds, Stopping threads took: 0.0000610 seconds
193.034: Application time: 0.0388780 seconds
193.035: [GC193.035: [ParNew: 17000K->1034K(18048K), 0.0004720 secs] 25223K->9257K(57984K), 0.0005020 secs] [Times: user=0.00 sys=0.00, real=0.00 secs] 
193.035: Total time for which application threads were stopped: 0.0006240 seconds, Stopping threads took: 0.0000640 seconds
193.073: Application time: 0.0378810 seconds
193.073: [GC193.073: [ParNew: 16992K->1546K(18048K), 0.0008770 secs] 25215K->10281K(57984K), 0.0009090 secs] [Times: user=0.01 sys=0.00, real=0.00 secs] 
193.074: Total time for which application threads were stopped: 0.0010640 seconds, Stopping threads took: 0.0000920 seconds
193.114: Application time: 0.0395430 seconds
193.114: [GC193.114: [ParNew: 17508K->1548K(18048K), 0.0009980 secs] 26243K->11307K(57984K), 0.0010280 secs] [Times: user=0.01 sys=0.00, real=0.00 secs] 
193.115: Total time for which application threads were stopped: 0.0011730 seconds, Stopping threads took: 0.0000740 seconds
193.156: Application time: 0.0412060 seconds
193.156: [GC193.156: [ParNew: 17521K->1546K(18048K), 0.0006520 secs] 27280K->11305K(57984K), 0.0006830 secs] [Times: user=0.00 sys=0.00, real=0.00 secs] 
193.157: Total time for which application threads were stopped: 0.0008160 seconds, Stopping threads took: 0.0000740 seconds
193.198: Application time: 0.0412360 seconds
193.198: [GC193.198: [ParNew: 17516K->1032K(18048K), 0.0005030 secs] 27276K->10791K(57984K), 0.0005300 secs] [Times: user=0.00 sys=0.00, real=0.00 secs] 
193.199: Total time for which application threads were stopped: 0.0006730 seconds, Stopping threads took: 0.0000850 seconds
193.235: Application time: 0.0361020 seconds
193.235: [GC193.235: [ParNew: 16622K->1606K(18048K), 0.0010690 secs] 26381K->12389K(57984K), 0.0011010 secs] [Times: user=0.01 sys=0.00, real=0.00 secs] 
193.236: Total time for which application threads were stopped: 0.0012390 seconds, Stopping threads took: 0.0000730 seconds
193.276: Application time: 0.0394840 seconds
193.276: [GC193.276: [ParNew: 17570K->1550K(18048K), 0.0012240 secs] 28354K->13973K(57984K), 0.0012570 secs] [Times: user=0.00 sys=0.00, real=0.00 secs] 
193.277: Total time for which application threads were stopped: 0.0014050 seconds, Stopping threads took: 0.0000820 seconds
193.318: Application time: 0.0410510 seconds
193.318: [GC193.318: [ParNew: 17601K->1578K(18048K), 0.0008770 secs] 30024K->14513K(57984K), 0.0009080 secs] [Times: user=0.00 sys=0.00, real=0.00 secs] 
193.319: Total time for which application threads were stopped: 0.0010460 seconds, Stopping threads took: 0.0000760 seconds
193.360: Application time: 0.0414110 seconds
193.361: [GC193.361: [ParNew: 17627K->1580K(18048K), 0.0006190 secs] 30562K->14579K(57984K), 0.0006500 secs] [Times: user=0.01 sys=0.00, real=0.00 secs] 
193.361: Total time for which application threads were stopped: 0.0008030 seconds, Stopping threads took: 0.0000890 seconds
193.402: Application time: 0.0403680 seconds
193.402: [GC193.402: [ParNew: 17553K->522K(18048K), 0.0003170 secs] 30552K->13593K(57984K), 0.0003440 secs] [Times: user=0.01 sys=0.00, real=0.00 secs] 
193.402: Total time for which application threads were stopped: 0.0004640 seconds, Stopping threads took: 0.0000660 seconds
193.437: Application time: 0.0347820 seconds
193.437: [GC193.437: [ParNew: 16112K->1608K(18048K), 0.0009950 secs] 29184K->15703K(57984K), 0.0010270 secs] [Times: user=0.00 sys=0.00, real=0.01 secs] 
193.438: Total time for which application threads were stopped: 0.0011610 seconds, Stopping threads took: 0.0000690 seconds
193.479: Application time: 0.0404760 seconds
193.479: [GC193.479: [ParNew: 17657K->1580K(18048K), 0.0008650 secs] 31752K->16291K(57984K), 0.0008940 secs] [Times: user=0.00 sys=0.00, real=0.00 secs] 
193.480: Total time for which application threads were stopped: 0.0010260 seconds, Stopping threads took: 0.0000710 seconds
193.521: Application time: 0.0411550 seconds
193.521: [GC193.521: [ParNew: 17629K->1578K(18048K), 0.0006100 secs] 32340K->16369K(57984K), 0.0006460 secs] [Times: user=0.01 sys=0.00, real=0.00 secs] 
193.521: Total time for which application threads were stopped: 0.0007650 seconds, Stopping threads took: 0.0000570 seconds
193.561: Application time: 0.0396150 seconds
193.561: [GC193.561: [ParNew: 17549K->1034K(18048K), 0.0004620 secs] 32340K->15893K(57984K), 0.0004880 secs] [Times: user=0.01 sys=0.00, real=0.00 secs] 
193.562: Total time for which application threads were stopped: 0.0006420 seconds, Stopping threads took: 0.0000980 seconds
193.602: Application time: 0.0405560 seconds
193.602: [GC193.602: [ParNew: 17006K->10K(18048K), 0.0002010 secs] 31866K->14869K(57984K), 0.0002270 secs] [Times: user=0.00 sys=0.00, real=0.00 secs] 
193.603: Total time for which application threads were stopped: 0.0003390 seconds, Stopping threads took: 0.0000580 seconds
193.637: Application time: 0.0343990 seconds
193.637: [GC193.637: [ParNew: 15947K->1550K(18048K), 0.0013070 secs] 30807K->18457K(57984K), 0.0013420 secs] [Times: user=0.01 sys=0.00, real=0.00 secs] 
193.639: Total time for which application threads were stopped: 0.0014970 seconds, Stopping threads took: 0.0000740 seconds
193.679: Application time: 0.0406060 seconds
193.679: [GC193.679: [ParNew: 17521K->1550K(18048K), 0.0011280 secs] 34428K->19993K(57984K), 0.0011610 secs] [Times: user=0.01 sys=0.00, real=0.00 secs] 
193.680: Total time for which application threads were stopped: 0.0012950 seconds, Stopping threads took: 0.0000680 seconds
193.722: Application time: 0.0414820 seconds
193.722: [GC193.722: [ParNew: 17516K->1550K(18048K), 0.0010990 secs] 35960K->21529K(57984K), 0.0011310 secs] [Times: user=0.01 sys=0.00, real=0.00 secs] 
193.723: Total time for which application threads were stopped: 0.0012640 seconds, Stopping threads took: 0.0000710 seconds
193.764: Application time: 0.0405430 seconds
193.764: [GC193.764: [ParNew: 17523K->1546K(18048K), 0.0007670 secs] 37502K->22037K(57984K), 0.0007950 secs] [Times: user=0.01 sys=0.00, real=0.00 secs] 
193.765: Total time for which application threads were stopped: 0.0009270 seconds, Stopping threads took: 0.0000710 seconds
193.804: Application time: 0.0392240 seconds
193.804: [GC193.804: [ParNew: 17512K->1548K(18048K), 0.0007590 secs] 38004K->22551K(57984K), 0.0007880 secs] [Times: user=0.00 sys=0.00, real=0.00 secs] 
193.805: Total time for which application threads were stopped: 0.0009280 seconds, Stopping threads took: 0.0000780 seconds
193.845: Application time: 0.0405310 seconds
193.845: [GC193.845: [ParNew: 17514K->1546K(18048K), 0.0008070 secs] 38518K->23061K(57984K), 0.0008390 secs] [Times: user=0.00 sys=0.00, real=0.00 secs] 
193.846: Total time for which application threads were stopped: 0.0009600 seconds, Stopping threads took: 0.0000570 seconds
193.887: Application time: 0.0410440 seconds
193.887: [GC193.887: [ParNew: 17517K->1546K(18048K), 0.0006370 secs] 39032K->23061K(57984K), 0.0006660 secs] [Times: user=0.00 sys=0.00, real=0.00 secs] 
193.888: Total time for which application threads were stopped: 0.0007890 seconds, Stopping threads took: 0.0000630 seconds
193.926: Application time: 0.0379570 seconds
193.926: [GC193.926: [ParNew: 17157K->1094K(18048K), 0.0004480 secs] 38673K->22610K(57984K), 0.0004750 secs] [Times: user=0.00 sys=0.00, real=0.00 secs] 
193.927: Total time for which application threads were stopped: 0.0006110 seconds, Stopping threads took: 0.0000780 seconds
193.964: Application time: 0.0377260 seconds
193.965: [GC193.965: [ParNew: 17126K->1580K(18048K), 0.0010320 secs] 38642K->24216K(57984K), 0.0010640 secs] [Times: user=0.01 sys=0.00, real=0.01 secs] 
193.966: Total time for which application threads were stopped: 0.0012150 seconds, Stopping threads took: 0.0000870 seconds
194.006: Application time: 0.0400160 seconds
194.006: [GC194.006: [ParNew: 17625K->1580K(18048K), 0.0009510 secs] 40260K->25288K(57984K), 0.0009820 secs] [Times: user=0.00 sys=0.00, real=0.00 secs] 
194.007: Total time for which application threads were stopped: 0.0011790 seconds, Stopping threads took: 0.0001240 seconds
194.049: Application time: 0.0416410 seconds
194.049: [GC194.049: [ParNew: 17551K->1546K(18048K), 0.0008030 secs] 41259K->25838K(57984K), 0.0008330 secs] [Times: user=0.00 sys=0.00, real=0.00 secs] 
194.049: Total time for which application threads were stopped: 0.0009670 seconds, Stopping threads took: 0.0000720 seconds
194.090: Application time: 0.0408700 seconds
194.090: [GC194.090: [ParNew: 17517K->1546K(18048K), 0.0006190 secs] 41809K->25838K(57984K), 0.0006480 secs] [Times: user=0.01 sys=0.00, real=0.00 secs] 
194.091: Total time for which application threads were stopped: 0.0007640 seconds, Stopping threads took: 0.0000570 seconds
194.129: Application time: 0.0377440 seconds
194.129: [GC194.129: [ParNew: 17231K->1636K(18048K), 0.0006280 secs] 41523K->25928K(57984K), 0.0006570 secs] [Times: user=0.00 sys=0.00, real=0.00 secs] 
194.130: Total time for which application threads were stopped: 0.0007780 seconds, Stopping threads took: 0.0000620 seconds
194.168: Application time: 0.0379180 seconds
194.168: [GC194.168: [ParNew: 17594K->1548K(18048K), 0.0009980 secs] 41886K->27000K(57984K), 0.0010300 secs] [Times: user=0.01 sys=0.00, real=0.00 secs] 
194.169: Total time for which application threads were stopped: 0.0011710 seconds, Stopping threads took: 0.0000680 seconds
194.210: Application time: 0.0410960 seconds
194.210: [GC194.210: [ParNew: 17597K->1578K(18048K), 0.0008000 secs] 43049K->27542K(57984K), 0.0008320 secs] [Times: user=0.01 sys=0.00, real=0.00 secs] 
194.211: Total time for which application threads were stopped: 0.0009570 seconds, Stopping threads took: 0.0000580 seconds
194.251: Application time: 0.0398570 seconds
194.251: [GC194.251: [ParNew: 17549K->1544K(18048K), 0.0006450 secs] 43513K->27580K(57984K), 0.0006730 secs] [Times: user=0.01 sys=0.00, real=0.00 secs] 
194.251: Total time for which application threads were stopped: 0.0008090 seconds, Stopping threads took: 0.0000780 seconds
194.292: Application time: 0.0407620 seconds
194.292: [GC194.292: [ParNew: 17514K->1036K(18048K), 0.0004840 secs] 43551K->27072K(57984K), 0.0005150 secs] [Times: user=0.01 sys=0.00, real=0.00 secs] 
194.293: Total time for which application threads were stopped: 0.0006430 seconds, Stopping threads took: 0.0000690 seconds
194.333: Application time: 0.0396950 seconds
194.333: [GC194.333: [ParNew: 17006K->522K(18048K), 0.0003280 secs] 43043K->26558K(57984K), 0.0003520 secs] [Times: user=0.00 sys=0.00, real=0.00 secs] 
194.333: Total time for which application threads were stopped: 0.0004650 seconds, Stopping threads took: 0.0000590 seconds
194.373: Application time: 0.0400060 seconds
194.373: [GC194.373: [ParNew: 16484K->1034K(18048K), 0.0004760 secs] 42520K->27070K(57984K), 0.0005080 secs] [Times: user=0.00 sys=0.00, real=0.00 secs] 
194.374: Total time for which application threads were stopped: 0.0006440 seconds, Stopping threads took: 0.0000760 seconds
194.412: Application time: 0.0379550 seconds
194.412: [GC194.412: [ParNew: 16992K->1546K(18048K), 0.0007600 secs] 43028K->28094K(57984K), 0.0007910 secs] [Times: user=0.01 sys=0.00, real=0.00 secs] 
194.413: Total time for which application threads were stopped: 0.0009490 seconds, Stopping threads took: 0.0000950 seconds
194.452: Application time: 0.0389380 seconds
194.452: [GC194.452: [ParNew: 17508K->1548K(18048K), 0.0008070 secs] 44056K->28608K(57984K), 0.0008390 secs] [Times: user=0.00 sys=0.00, real=0.00 secs] 
194.453: Total time for which application threads were stopped: 0.0010420 seconds, Stopping threads took: 0.0001400 seconds
194.493: Application time: 0.0407940 seconds
194.493: [GC194.493: [ParNew: 17516K->1546K(18048K), 0.0007650 secs] 44577K->29118K(57984K), 0.0007930 secs] [Times: user=0.01 sys=0.00, real=0.00 secs] 
194.494: Total time for which application threads were stopped: 0.0009280 seconds, Stopping threads took: 0.0000720 seconds
194.535: Application time: 0.0405370 seconds
194.535: [GC194.535: [ParNew: 17514K->1542K(18048K), 0.0006850 secs] 45087K->29114K(57984K), 0.0007220 secs] [Times: user=0.01 sys=0.00, real=0.00 secs] 
194.536: Total time for which application threads were stopped: 0.0008420 seconds, Stopping threads took: 0.0000610 seconds
194.575: Application time: 0.0395530 seconds
194.575: [GC194.575: [ParNew: 17504K->1546K(18048K), 0.0008630 secs] 45076K->29630K(57984K), 0.0008930 secs] [Times: user=0.01 sys=0.00, real=0.00 secs] 
194.576: Total time for which application threads were stopped: 0.0010130 seconds, Stopping threads took: 0.0000590 seconds
194.613: Application time: 0.0371540 seconds
194.614: [GC194.614: [ParNew: 17157K->1606K(18048K), 0.0006150 secs] 45241K->29690K(57984K), 0.0006440 secs] [Times: user=0.00 sys=0.00, real=0.00 secs] 
194.614: Total time for which application threads were stopped: 0.0007670 seconds, Stopping threads took: 0.0000620 seconds
194.653: Application time: 0.0392690 seconds
194.654: [GC194.654: [ParNew: 17213K->1608K(18048K), 0.0006820 secs] 45297K->29808K(57984K), 0.0007110 secs] [Times: user=0.00 sys=0.00, real=0.00 secs] 
194.654: Total time for which application threads were stopped: 0.0008430 seconds, Stopping threads took: 0.0000720 seconds
194.694: Application time: 0.0395090 seconds
194.694: [GC194.694: [ParNew: 17574K->1546K(18048K), 0.0006300 secs] 45775K->29842K(57984K), 0.0006600 secs] [Times: user=0.00 sys=0.00, real=0.00 secs] 
194.695: Total time for which application threads were stopped: 0.0007970 seconds, Stopping threads took: 0.0000680 seconds
194.735: Application time: 0.0405900 seconds
194.735: [GC194.735: [ParNew: 17516K->1034K(18048K), 0.0004480 secs] 45813K->29330K(57984K), 0.0004730 secs] [Times: user=0.00 sys=0.00, real=0.00 secs] 
194.736: Total time for which application threads were stopped: 0.0006100 seconds, Stopping threads took: 0.0000810 seconds
194.772: Application time: 0.0361970 seconds
194.772: [GC194.772: [ParNew: 16632K->1606K(18048K), 0.0008630 secs] 44928K->30414K(57984K), 0.0008910 secs] [Times: user=0.01 sys=0.00, real=0.00 secs] 
194.773: Total time for which application threads were stopped: 0.0010540 seconds, Stopping threads took: 0.0001040 seconds
194.813: Application time: 0.0404260 seconds
194.814: [GC194.814: [ParNew: 17657K->1062K(18048K), 0.0005490 secs] 46465K->29966K(57984K), 0.0005740 secs] [Times: user=0.00 sys=0.00, real=0.00 secs] 
194.814: Total time for which application threads were stopped: 0.0007660 seconds, Stopping threads took: 0.0001360 seconds
194.853: Application time: 0.0390990 seconds
194.853: [GC194.853: [ParNew: 17020K->1548K(18048K), 0.0008050 secs] 45925K->31020K(57984K), 0.0008360 secs] [Times: user=0.00 sys=0.00, real=0.00 secs] 
194.854: Total time for which application threads were stopped: 0.0009600 seconds, Stopping threads took: 0.0000630 seconds
194.896: Application time: 0.0415330 seconds
194.897: [GC194.897: [ParNew: 17603K->42K(18048K), 0.0002250 secs] 47076K->29514K(57984K), 0.0002490 secs] [Times: user=0.00 sys=0.00, real=0.00 secs] 
194.897: Total time for which application threads were stopped: 0.0016420 seconds, Stopping threads took: 0.0013410 seconds
194.938: Application time: 0.0401780 seconds
194.938: [GC194.938: [ParNew: 16010K->42K(18048K), 0.0002350 secs] 45483K->29514K(57984K), 0.0002590 secs] [Times: user=0.00 sys=0.00, real=0.00 secs] 
194.938: Total time for which application threads were stopped: 0.0003700 seconds, Stopping threads took: 0.0000590 seconds
194.974: Application time: 0.0360350 seconds
194.974: [GC194.974: [ParNew: 15988K->1580K(18048K), 0.0009440 secs] 45460K->32076K(57984K), 0.0009760 secs] [Times: user=0.01 sys=0.00, real=0.00 secs] 
194.975: Total time for which application threads were stopped: 0.0011050 seconds, Stopping threads took: 0.0000650 seconds
195.016: Application time: 0.0405450 seconds
195.016: [GC195.016: [ParNew: 17551K->1546K(18048K), 0.0008070 secs] 48047K->32626K(57984K), 0.0008360 secs] [Times: user=0.01 sys=0.00, real=0.00 secs] 
195.017: Total time for which application threads were stopped: 0.0009580 seconds, Stopping threads took: 0.0000580 seconds
195.057: Application time: 0.0405430 seconds
195.057: [GC195.057: [ParNew: 17517K->1548K(18048K), 0.0006280 secs] 48597K->32628K(57984K), 0.0006640 secs] [Times: user=0.01 sys=0.00, real=0.00 secs] 
195.058: Total time for which application threads were stopped: 0.0008060 seconds, Stopping threads took: 0.0000830 seconds
195.100: Application time: 0.0415580 seconds
195.101: [GC195.101: [ParNew: 17519K->1034K(18048K), 0.0004700 secs] 48599K->32114K(57984K), 0.0004960 secs] [Times: user=0.00 sys=0.00, real=0.00 secs] 
195.102: Total time for which application threads were stopped: 0.0021720 seconds, Stopping threads took: 0.0016190 seconds
195.139: Application time: 0.0375580 seconds
195.140: [GC195.140: [ParNew: 16996K->1548K(18048K), 0.0006700 secs] 48077K->32628K(57984K), 0.0006980 secs] [Times: user=0.01 sys=0.00, real=0.00 secs] 
195.140: Total time for which application threads were stopped: 0.0009200 seconds, Stopping threads took: 0.0001410 seconds
195.180: Application time: 0.0401370 seconds
195.181: [GC195.181: [ParNew: 17510K->1546K(18048K), 0.0008590 secs] 48591K->33138K(57984K), 0.0008890 secs] [Times: user=0.00 sys=0.00, real=0.00 secs] 
195.181: Total time for which application threads were stopped: 0.0010340 seconds, Stopping threads took: 0.0000850 seconds
195.220: Application time: 0.0384320 seconds
195.221: [GC195.221: [ParNew: 17508K->1546K(18048K), 0.0010870 secs] 49101K->34162K(57984K), 0.0011140 secs] [Times: user=0.01 sys=0.00, real=0.00 secs] 
195.222: Total time for which application threads were stopped: 0.0025650 seconds, Stopping threads took: 0.0013800 seconds
195.264: Application time: 0.0412940 seconds
195.264: [GC195.264: [ParNew: 17517K->1546K(18048K), 0.0008020 secs] 50133K->34674K(57984K), 0.0008300 secs] [Times: user=0.01 sys=0.00, real=0.00 secs] 
195.265: Total time for which application threads were stopped: 0.0010620 seconds, Stopping threads took: 0.0001720 seconds
195.305: Application time: 0.0399350 seconds
195.305: [GC195.305: [ParNew: 17319K->640K(18048K), 0.0003760 secs] 50448K->33768K(57984K), 0.0004030 secs] [Times: user=0.00 sys=0.00, real=0.01 secs] 
195.305: Total time for which application threads were stopped: 0.0006210 seconds, Stopping threads took: 0.0001630 seconds
195.345: Application time: 0.0393650 seconds
195.345: [GC195.345: [ParNew: 16602K->1152K(18048K), 0.0005450 secs] 49731K->34280K(57984K), 0.0005750 secs] [Times: user=0.00 sys=0.00, real=0.01 secs] 
195.345: Total time for which application threads were stopped: 0.0007080 seconds, Stopping threads took: 0.0000740 seconds
195.383: Application time: 0.0377010 seconds
195.383: [GC195.383: [ParNew: 17102K->1548K(18048K), 0.0012240 secs] 50231K->36376K(57984K), 0.0012570 secs] [Times: user=0.01 sys=0.00, real=0.00 secs] 
195.385: Total time for which application threads were stopped: 0.0013810 seconds, Stopping threads took: 0.0000580 seconds
195.425: Application time: 0.0407980 seconds
195.425: [GC195.425: [ParNew: 17519K->1548K(18048K), 0.0009860 secs] 52347K->37401K(57984K), 0.0010210 secs] [Times: user=0.00 sys=0.00, real=0.00 secs] 
195.426: Total time for which application threads were stopped: 0.0011710 seconds, Stopping threads took: 0.0000850 seconds
195.466: Application time: 0.0392100 seconds
195.466: [GC195.466: [ParNew: 17159K->1608K(18048K), 0.0008250 secs] 53012K->37973K(57984K), 0.0008560 secs] [Times: user=0.01 sys=0.00, real=0.00 secs] 
195.467: Total time for which application threads were stopped: 0.0009990 seconds, Stopping threads took: 0.0000820 seconds
195.507: Application time: 0.0401790 seconds
195.507: [GC195.507: [ParNew: 17657K->1576K(18048K), 0.0006760 secs] 54022K->38041K(57984K), 0.0007040 secs] [Times: user=0.00 sys=0.00, real=0.00 secs] 
195.508: Total time for which application threads were stopped: 0.0008450 seconds, Stopping threads took: 0.0000800 seconds
195.549: Application time: 0.0414320 seconds
195.549: [GC195.549: [ParNew: 17549K->520K(18048K), 0.0003870 secs] 54014K->37049K(57984K), 0.0004130 secs] [Times: user=0.00 sys=0.00, real=0.00 secs] 
195.550: Total time for which application threads were stopped: 0.0005230 seconds, Stopping threads took: 0.0000560 seconds
195.588: Application time: 0.0379940 seconds
195.588: [GC195.588: [ParNew: 16560K->1066K(18048K), 0.0004690 secs] 53089K->37595K(57984K), 0.0005040 secs] [Times: user=0.00 sys=0.00, real=0.00 secs] 
195.588: Total time for which application threads were stopped: 0.0007390 seconds, Stopping threads took: 0.0001770 seconds
195.626: Application time: 0.0377180 seconds
195.626: [GC195.626: [ParNew: 17016K->1548K(18048K), 0.0011660 secs] 53545K->39677K(57984K), 0.0012000 secs] [Times: user=0.01 sys=0.00, real=0.00 secs] 
195.628: Total time for which application threads were stopped: 0.0013590 seconds, Stopping threads took: 0.0000930 seconds
195.667: Application time: 0.0397580 seconds
195.667: [GC195.667: [ParNew: 17519K->1550K(18048K), 0.0010500 secs] 55648K->40703K(57984K), 0.0010810 secs] [Times: user=0.01 sys=0.00, real=0.00 secs] 
195.668: Total time for which application threads were stopped: 0.0012080 seconds, Stopping threads took: 0.0000620 seconds
195.710: Application time: 0.0414200 seconds
195.710: [GC195.710: [ParNew: 17521K->17521K(18048K), 0.0000110 secs]195.710: [Tenured: 39153K->8688K(39936K), 0.0052930 secs] 56674K->8688K(57984K), [Perm : 5179K->5179K(21248K)], 0.0053530 secs] [Times: user=0.01 sys=0.00, real=0.00 secs] 
195.715: Total time for which application threads were stopped: 0.0054910 seconds, Stopping threads took: 0.0000700 seconds
195.756: Application time: 0.0410770 seconds
195.757: [GC195.757: [ParNew: 15972K->1034K(18048K), 0.0004440 secs] 24661K->9722K(57984K), 0.0004700 secs] [Times: user=0.00 sys=0.00, real=0.00 secs] 
195.757: Total time for which application threads were stopped: 0.0006230 seconds, Stopping threads took: 0.0000890 seconds
195.796: Application time: 0.0389320 seconds
195.796: [GC195.796: [ParNew: 17000K->1034K(18048K), 0.0004320 secs] 25689K->9722K(57984K), 0.0004620 secs] [Times: user=0.00 sys=0.00, real=0.00 secs] 
195.797: Total time for which application threads were stopped: 0.0006020 seconds, Stopping threads took: 0.0000810 seconds
195.833: Application time: 0.0359910 seconds
195.833: [GC195.833: [ParNew: 16984K->1548K(18048K), 0.0011700 secs] 25672K->11772K(57984K), 0.0012030 secs] [Times: user=0.01 sys=0.00, real=0.00 secs] 
195.834: Total time for which application threads were stopped: 0.0013530 seconds, Stopping threads took: 0.0000860 seconds
195.876: Application time: 0.0419960 seconds
195.876: [GC195.876: [ParNew: 17519K->1548K(18048K), 0.0009670 secs] 27743K->12796K(57984K), 0.0009950 secs] [Times: user=0.00 sys=0.00, real=0.00 secs] 
195.877: Total time for which application threads were stopped: 0.0011320 seconds, Stopping threads took: 0.0000750 seconds
195.919: Application time: 0.0417380 seconds
195.919: [GC195.919: [ParNew: 17523K->1034K(18048K), 0.0004580 secs] 28771K->12282K(57984K), 0.0004860 secs] [Times: user=0.00 sys=0.00, real=0.00 secs] 
195.919: Total time for which application threads were stopped: 0.0006090 seconds, Stopping threads took: 0.0000650 seconds
195.956: Application time: 0.0362890 seconds
195.956: [GC195.956: [ParNew: 16624K->1608K(18048K), 0.0011210 secs] 27873K->14392K(57984K), 0.0011540 secs] [Times: user=0.01 sys=0.00, real=0.00 secs] 
195.957: Total time for which application threads were stopped: 0.0012870 seconds, Stopping threads took: 0.0000670 seconds
195.995: Application time: 0.0376790 seconds
195.995: [GC195.995: [ParNew: 17219K->1608K(18048K), 0.0009790 secs] 30003K->15528K(57984K), 0.0010100 secs] [Times: user=0.01 sys=0.00, real=0.00 secs] 
195.996: Total time for which application threads were stopped: 0.0011460 seconds, Stopping threads took: 0.0000720 seconds
196.037: Application time: 0.0411920 seconds
196.037: [GC196.037: [ParNew: 17579K->1548K(18048K), 0.0008450 secs] 31499K->16084K(57984K), 0.0008770 secs] [Times: user=0.01 sys=0.00, real=0.00 secs] 
196.038: Total time for which application threads were stopped: 0.0010080 seconds, Stopping threads took: 0.0000640 seconds
196.079: Application time: 0.0409810 seconds
196.079: [GC196.079: [ParNew: 17519K->1550K(18048K), 0.0005930 secs] 32055K->16086K(57984K), 0.0006310 secs] [Times: user=0.00 sys=0.00, real=0.00 secs] 
196.080: Total time for which application threads were stopped: 0.0007560 seconds, Stopping threads took: 0.0000650 seconds
196.120: Application time: 0.0401620 seconds
196.120: [GC196.120: [ParNew: 17521K->1034K(18048K), 0.0004400 secs] 32057K->15570K(57984K), 0.0004670 secs] [Times: user=0.00 sys=0.00, real=0.00 secs] 
196.121: Total time for which application threads were stopped: 0.0005750 seconds, Stopping threads took: 0.0000510 seconds
196.157: Application time: 0.0369420 seconds
196.158: [GC196.158: [ParNew: 16710K->1636K(18048K), 0.0008500 secs] 31247K->16684K(57984K), 0.0008830 secs] [Times: user=0.00 sys=0.00, real=0.00 secs] 
196.158: Total time for which application threads were stopped: 0.0010060 seconds, Stopping threads took: 0.0000620 seconds
196.199: Application time: 0.0401430 seconds
196.199: [GC196.199: [ParNew: 17603K->1548K(18048K), 0.0008070 secs] 32651K->17244K(57984K), 0.0008380 secs] [Times: user=0.01 sys=0.00, real=0.00 secs] 
196.200: Total time for which application threads were stopped: 0.0009660 seconds, Stopping threads took: 0.0000650 seconds
196.240: Application time: 0.0406960 seconds
196.240: [GC196.240: [ParNew: 17597K->1576K(18048K), 0.0006230 secs] 33293K->17272K(57984K), 0.0006520 secs] [Times: user=0.01 sys=0.00, real=0.00 secs] 
196.241: Total time for which application threads were stopped: 0.0007800 seconds, Stopping threads took: 0.0000680 seconds
196.281: Application time: 0.0403280 seconds
196.282: [GC196.282: [ParNew: 17547K->1030K(18048K), 0.0006150 secs] 33243K->16782K(57984K), 0.0006480 secs] [Times: user=0.00 sys=0.00, real=0.00 secs] 
196.282: Total time for which application threads were stopped: 0.0007810 seconds, Stopping threads took: 0.0000650 seconds
196.319: Application time: 0.0372640 seconds
196.320: [GC196.320: [ParNew: 16988K->1546K(18048K), 0.0008280 secs] 32741K->17810K(57984K), 0.0008600 secs] [Times: user=0.01 sys=0.00, real=0.00 secs] 
196.320: Total time for which application threads were stopped: 0.0009860 seconds, Stopping threads took: 0.0000630 seconds
196.360: Application time: 0.0393330 seconds
196.360: [GC196.360: [ParNew: 17508K->1548K(18048K), 0.0009230 secs] 33773K->18836K(57984K), 0.0009570 secs] [Times: user=0.01 sys=0.00, real=0.00 secs] 
196.361: Total time for which application threads were stopped: 0.0011080 seconds, Stopping threads took: 0.0000870 seconds
196.402: Application time: 0.0408580 seconds
196.402: [GC196.402: [ParNew: 17519K->1546K(18048K), 0.0007520 secs] 34807K->19346K(57984K), 0.0007840 secs] [Times: user=0.00 sys=0.00, real=0.00 secs] 
196.403: Total time for which application threads were stopped: 0.0009190 seconds, Stopping threads took: 0.0000730 seconds
196.442: Application time: 0.0394880 seconds
196.442: [GC196.442: [ParNew: 17517K->1548K(18048K), 0.0006680 secs] 35317K->19348K(57984K), 0.0006950 secs] [Times: user=0.00 sys=0.00, real=0.00 secs] 
196.443: Total time for which application threads were stopped: 0.0008160 seconds, Stopping threads took: 0.0000650 seconds
196.483: Application time: 0.0403290 seconds
196.483: [GC196.483: [ParNew: 17514K->1546K(18048K), 0.0006170 secs] 35315K->19346K(57984K), 0.0006480 secs] [Times: user=0.01 sys=0.00, real=0.00 secs] 
196.484: Total time for which application threads were stopped: 0.0007690 seconds, Stopping threads took: 0.0000590 seconds
196.523: Application time: 0.0389490 seconds
196.523: [GC196.523: [ParNew: 17516K->1034K(18048K), 0.0004300 secs] 35317K->18834K(57984K), 0.0004570 secs] [Times: user=0.00 sys=0.00, real=0.00 secs] 
196.524: Total time for which application threads were stopped: 0.0005820 seconds, Stopping threads took: 0.0000690 seconds
196.563: Application time: 0.0391830 seconds
196.563: [GC196.563: [ParNew: 17004K->522K(18048K), 0.0003270 secs] 34805K->18322K(57984K), 0.0003550 secs] [Times: user=0.00 sys=0.00, real=0.00 secs] 
196.563: Total time for which application threads were stopped: 0.0005500 seconds, Stopping threads took: 0.0001390 seconds
196.599: Application time: 0.0360350 seconds
196.600: [GC196.600: [ParNew: 16112K->1608K(18048K), 0.0010020 secs] 33912K->20433K(57984K), 0.0010420 secs] [Times: user=0.00 sys=0.00, real=0.00 secs] 
196.601: Total time for which application threads were stopped: 0.0011850 seconds, Stopping threads took: 0.0000790 seconds
196.642: Application time: 0.0409840 seconds
196.642: [GC196.642: [ParNew: 17657K->1574K(18048K), 0.0008430 secs] 36482K->21023K(57984K), 0.0008730 secs] [Times: user=0.01 sys=0.00, real=0.00 secs] 
196.643: Total time for which application threads were stopped: 0.0009970 seconds, Stopping threads took: 0.0000610 seconds
196.683: Application time: 0.0407510 seconds
196.683: [GC196.683: [ParNew: 17623K->1578K(18048K), 0.0006590 secs] 37071K->21083K(57984K), 0.0006860 secs] [Times: user=0.00 sys=0.00, real=0.00 secs] 
196.684: Total time for which application threads were stopped: 0.0008310 seconds, Stopping threads took: 0.0000880 seconds
196.722: Application time: 0.0382810 seconds
196.723: [GC196.723: [ParNew: 17549K->1036K(18048K), 0.0004660 secs] 37053K->20605K(57984K), 0.0004940 secs] [Times: user=0.00 sys=0.00, real=0.00 secs] 
196.723: Total time for which application threads were stopped: 0.0006300 seconds, Stopping threads took: 0.0000780 seconds
196.764: Application time: 0.0408990 seconds
196.764: [GC196.764: [ParNew: 17000K->1034K(18048K), 0.0004300 secs] 36569K->20603K(57984K), 0.0004590 secs] [Times: user=0.00 sys=0.00, real=0.00 secs] 
196.765: Total time for which application threads were stopped: 0.0005810 seconds, Stopping threads took: 0.0000650 seconds
196.803: Application time: 0.0385170 seconds
196.803: [GC196.803: [ParNew: 17074K->1578K(18048K), 0.0005940 secs] 36643K->21147K(57984K), 0.0006220 secs] [Times: user=0.00 sys=0.00, real=0.00 secs] 
196.804: Total time for which application threads were stopped: 0.0007530 seconds, Stopping threads took: 0.0000650 seconds
196.841: Application time: 0.0370260 seconds
196.841: [GC196.841: [ParNew: 17180K->1608K(18048K), 0.0008230 secs] 36749K->21745K(57984K), 0.0008540 secs] [Times: user=0.00 sys=0.00, real=0.00 secs] 
196.842: Total time for which application threads were stopped: 0.0009950 seconds, Stopping threads took: 0.0000810 seconds
196.883: Application time: 0.0408000 seconds
196.883: [GC196.883: [ParNew: 17574K->1548K(18048K), 0.0008280 secs] 37711K->22285K(57984K), 0.0008570 secs] [Times: user=0.01 sys=0.00, real=0.00 secs] 
196.884: Total time for which application threads were stopped: 0.0009850 seconds, Stopping threads took: 0.0000670 seconds
196.925: Application time: 0.0409140 seconds
196.925: [GC196.925: [ParNew: 17597K->1578K(18048K), 0.0006370 secs] 38334K->22315K(57984K), 0.0006640 secs] [Times: user=0.01 sys=0.00, real=0.01 secs] 
196.925: Total time for which application threads were stopped: 0.0007820 seconds, Stopping threads took: 0.0000610 seconds
196.964: Application time: 0.0388670 seconds
196.964: [GC196.964: [ParNew: 17544K->1548K(18048K), 0.0005910 secs] 38281K->22341K(57984K), 0.0006210 secs] [Times: user=0.00 sys=0.00, real=0.00 secs] 
196.965: Total time for which application threads were stopped: 0.0007540 seconds, Stopping threads took: 0.0000710 seconds
197.004: Application time: 0.0394380 seconds
197.005: [GC197.005: [ParNew: 17514K->1036K(18048K), 0.0004810 secs] 38307K->21829K(57984K), 0.0005070 secs] [Times: user=0.01 sys=0.00, real=0.00 secs] 
197.005: Total time for which application threads were stopped: 0.0006420 seconds, Stopping threads took: 0.0000770 seconds
197.042: Application time: 0.0371180 seconds
197.042: [GC197.042: [ParNew: 16988K->1548K(18048K), 0.0012090 secs] 37781K->23877K(57984K), 0.0012420 secs] [Times: user=0.01 sys=0.00, real=0.00 secs] 
197.044: Total time for which application threads were stopped: 0.0013800 seconds, Stopping threads took: 0.0000730 seconds
197.084: Application time: 0.0400640 seconds
197.084: [GC197.084: [ParNew: 17519K->1550K(18048K), 0.0009990 secs] 39848K->24903K(57984K), 0.0010320 secs] [Times: user=0.01 sys=0.00, real=0.00 secs] 
197.085: Total time for which application threads were stopped: 0.0011660 seconds, Stopping threads took: 0.0000610 seconds
197.126: Application time: 0.0417290 seconds
197.127: [GC197.127: [ParNew: 17521K->1550K(18048K), 0.0008070 secs] 40874K->25415K(57984K), 0.0008380 secs] [Times: user=0.00 sys=0.00, real=0.00 secs] 
197.127: Total time for which application threads were stopped: 0.0009680 seconds, Stopping threads took: 0.0000690 seconds
197.166: Application time: 0.0383590 seconds
197.166: [GC197.166: [ParNew: 17521K->1546K(18048K), 0.0006820 secs] 41386K->25411K(57984K), 0.0007110 secs] [Times: user=0.00 sys=0.00, real=0.00 secs] 
197.167: Total time for which application threads were stopped: 0.0008540 seconds, Stopping threads took: 0.0000840 seconds
197.206: Application time: 0.0396700 seconds
197.206: [GC197.207: [ParNew: 17512K->1546K(18048K), 0.0006030 secs] 41377K->25411K(57984K), 0.0006320 secs] [Times: user=0.01 sys=0.00, real=0.00 secs] 
197.207: Total time for which application threads were stopped: 0.0007830 seconds, Stopping threads took: 0.0000930 seconds
197.247: Application time: 0.0400630 seconds
197.247: [GC197.247: [ParNew: 17508K->1548K(18048K), 0.0007780 secs] 41373K->25925K(57984K), 0.0008060 secs] [Times: user=0.00 sys=0.00, real=0.00 secs] 
197.248: Total time for which application threads were stopped: 0.0009320 seconds, Stopping threads took: 0.0000640 seconds
197.286: Application time: 0.0383460 seconds
197.287: [GC197.287: [ParNew: 17152K->1604K(18048K), 0.0008730 secs] 41530K->26493K(57984K), 0.0009010 secs] [Times: user=0.00 sys=0.00, real=0.00 secs] 
197.288: Total time for which application threads were stopped: 0.0010320 seconds, Stopping threads took: 0.0000700 seconds
197.328: Application time: 0.0404750 seconds
197.328: [GC197.328: [ParNew: 17653K->1576K(18048K), 0.0007220 secs] 42542K->26561K(57984K), 0.0007510 secs] [Times: user=0.00 sys=0.00, real=0.00 secs] 
197.329: Total time for which application threads were stopped: 0.0008890 seconds, Stopping threads took: 0.0000660 seconds
197.369: Application time: 0.0405280 seconds
197.370: [GC197.370: [ParNew: 17627K->554K(18048K), 0.0004090 secs] 42612K->25587K(57984K), 0.0004340 secs] [Times: user=0.01 sys=0.00, real=0.00 secs] 
197.370: Total time for which application threads were stopped: 0.0005950 seconds, Stopping threads took: 0.0001080 seconds
197.411: Application time: 0.0405700 seconds
197.411: [GC197.411: [ParNew: 16516K->1062K(18048K), 0.0004560 secs] 41549K->26095K(57984K), 0.0004830 secs] [Times: user=0.00 sys=0.00, real=0.00 secs] 
197.411: Total time for which application threads were stopped: 0.0006000 seconds, Stopping threads took: 0.0000600 seconds
197.448: Application time: 0.0368660 seconds
197.448: [GC197.448: [ParNew: 17020K->1546K(18048K), 0.0007900 secs] 42053K->27155K(57984K), 0.0008200 secs] [Times: user=0.01 sys=0.00, real=0.00 secs] 
197.449: Total time for which application threads were stopped: 0.0009420 seconds, Stopping threads took: 0.0000590 seconds
197.490: Application time: 0.0405090 seconds
197.490: [GC197.490: [ParNew: 17155K->1606K(18048K), 0.0007100 secs] 42764K->27215K(57984K), 0.0007380 secs] [Times: user=0.00 sys=0.00, real=0.00 secs] 
197.490: Total time for which application threads were stopped: 0.0008590 seconds, Stopping threads took: 0.0000610 seconds
197.528: Application time: 0.0376150 seconds
197.528: [GC197.528: [ParNew: 17642K->1574K(18048K), 0.0010810 secs] 43252K->28295K(57984K), 0.0011170 secs] [Times: user=0.00 sys=0.00, real=0.00 secs] 
197.529: Total time for which application threads were stopped: 0.0012660 seconds, Stopping threads took: 0.0000860 seconds
197.571: Application time: 0.0419790 seconds
197.571: [GC197.571: [ParNew: 17547K->1548K(18048K), 0.0007030 secs] 44268K->28341K(57984K), 0.0007300 secs] [Times: user=0.00 sys=0.00, real=0.00 secs] 
197.572: Total time for which application threads were stopped: 0.0008680 seconds, Stopping threads took: 0.0000790 seconds
197.612: Application time: 0.0394530 seconds
197.612: [GC197.612: [ParNew: 17597K->1066K(18048K), 0.0005000 secs] 44390K->27859K(57984K), 0.0005380 secs] [Times: user=0.00 sys=0.00, real=0.00 secs] 
197.612: Total time for which application threads were stopped: 0.0006580 seconds, Stopping threads took: 0.0000620 seconds
197.651: Application time: 0.0385730 seconds
197.651: [GC197.651: [ParNew: 17028K->1548K(18048K), 0.0006560 secs] 43822K->28397K(57984K), 0.0006860 secs] [Times: user=0.00 sys=0.00, real=0.00 secs] 
197.652: Total time for which application threads were stopped: 0.0008300 seconds, Stopping threads took: 0.0000840 seconds
197.691: Application time: 0.0390700 seconds
197.691: [GC197.691: [ParNew: 17506K->1548K(18048K), 0.0007730 secs] 44356K->28909K(57984K), 0.0008060 secs] [Times: user=0.01 sys=0.00, real=0.00 secs] 
197.692: Total time for which application threads were stopped: 0.0009510 seconds, Stopping threads took: 0.0000820 seconds
197.732: Application time: 0.0403180 seconds
197.732: [GC197.732: [ParNew: 17521K->1544K(18048K), 0.0006910 secs] 44882K->28905K(57984K), 0.0007190 secs] [Times: user=0.01 sys=0.00, real=0.00 secs] 
197.733: Total time for which application threads were stopped: 0.0008630 seconds, Stopping threads took: 0.0000840 seconds
197.773: Application time: 0.0402320 seconds
197.773: [GC197.773: [ParNew: 17510K->1548K(18048K), 0.0006010 secs] 44872K->28909K(57984K), 0.0006290 secs] [Times: user=0.00 sys=0.00, real=0.00 secs] 
197.774: Total time for which application threads were stopped: 0.0007650 seconds, Stopping threads took: 0.0000710 seconds
197.814: Application time: 0.0398090 seconds
197.814: [GC197.814: [ParNew: 17519K->1036K(18048K), 0.0004650 secs] 44880K->28397K(57984K), 0.0004930 secs] [Times: user=0.00 sys=0.00, real=0.00 secs] 
197.814: Total time for which application threads were stopped: 0.0006150 seconds, Stopping threads took: 0.0000650 seconds
197.855: Application time: 0.0404650 seconds
197.855: [GC197.855: [ParNew: 16998K->1546K(18048K), 0.0006340 secs] 44360K->28907K(57984K), 0.0006600 secs] [Times: user=0.01 sys=0.00, real=0.00 secs] 
197.856: Total time for which application threads were stopped: 0.0008610 seconds, Stopping threads took: 0.0001340 seconds
197.896: Application time: 0.0402340 seconds
197.896: [GC197.896: [ParNew: 17590K->1578K(18048K), 0.0006640 secs] 44952K->28939K(57984K), 0.0006920 secs] [Times: user=0.00 sys=0.00, real=0.00 secs] 
197.897: Total time for which application threads were stopped: 0.0008070 seconds, Stopping threads took: 0.0000560 seconds
197.937: Application time: 0.0405320 seconds
197.937: [GC197.937: [ParNew: 17623K->1576K(18048K), 0.0006160 secs] 44984K->29001K(57984K), 0.0006440 secs] [Times: user=0.00 sys=0.00, real=0.00 secs] 
197.938: Total time for which application threads were stopped: 0.0007730 seconds, Stopping threads took: 0.0000670 seconds
197.976: Application time: 0.0384190 seconds
197.976: [GC197.977: [ParNew: 17538K->1548K(18048K), 0.0007870 secs] 44964K->29557K(57984K), 0.0008200 secs] [Times: user=0.00 sys=0.00, real=0.01 secs] 
197.977: Total time for which application threads were stopped: 0.0009630 seconds, Stopping threads took: 0.0000800 seconds
198.016: Application time: 0.0389290 seconds
198.016: [GC198.016: [ParNew: 17159K->1608K(18048K), 0.0006000 secs] 45168K->29617K(57984K), 0.0006270 secs] [Times: user=0.00 sys=0.00, real=0.00 secs] 
198.017: Total time for which application threads were stopped: 0.0007390 seconds, Stopping threads took: 0.0000560 seconds
198.057: Application time: 0.0403040 seconds
198.057: [GC198.057: [ParNew: 17579K->1036K(18048K), 0.0004610 secs] 45588K->29149K(57984K), 0.0004880 secs] [Times: user=0.01 sys=0.00, real=0.00 secs] 
198.058: Total time for which application threads were stopped: 0.0006180 seconds, Stopping threads took: 0.0000720 seconds
198.098: Application time: 0.0398190 seconds
198.098: [GC198.098: [ParNew: 17004K->524K(18048K), 0.0002910 secs] 45118K->28637K(57984K), 0.0003140 secs] [Times: user=0.00 sys=0.00, real=0.00 secs] 
198.098: Total time for which application threads were stopped: 0.0004210 seconds, Stopping threads took: 0.0000570 seconds
198.136: Application time: 0.0373760 seconds
198.136: [GC198.136: [ParNew: 16470K->1548K(18048K), 0.0012190 secs] 44583K->31197K(57984K), 0.0012610 secs] [Times: user=0.01 sys=0.00, real=0.00 secs] 
198.137: Total time for which application threads were stopped: 0.0013900 seconds, Stopping threads took: 0.0000630 seconds
198.176: Application time: 0.0388450 seconds
198.176: [GC198.176: [ParNew: 17242K->1636K(18048K), 0.0008650 secs] 46891K->31798K(57984K), 0.0008950 secs] [Times: user=0.01 sys=0.00, real=0.00 secs] 
198.177: Total time for which application threads were stopped: 0.0010340 seconds, Stopping threads took: 0.0000740 seconds
198.218: Application time: 0.0415130 seconds
198.218: [GC198.218: [ParNew: 17607K->1546K(18048K), 0.0006670 secs] 47768K->31839K(57984K), 0.0006990 secs] [Times: user=0.00 sys=0.00, real=0.00 secs] 
198.219: Total time for which application threads were stopped: 0.0008260 seconds, Stopping threads took: 0.0000670 seconds
198.260: Application time: 0.0407400 seconds
198.260: [GC198.260: [ParNew: 17514K->1034K(18048K), 0.0004520 secs] 47808K->31327K(57984K), 0.0004810 secs] [Times: user=0.00 sys=0.00, real=0.00 secs] 
198.261: Total time for which application threads were stopped: 0.0005950 seconds, Stopping threads took: 0.0000590 seconds
198.301: Application time: 0.0404010 seconds
198.301: [GC198.301: [ParNew: 17083K->554K(18048K), 0.0003310 secs] 47376K->30847K(57984K), 0.0003580 secs] [Times: user=0.00 sys=0.00, real=0.00 secs] 
198.301: Total time for which application threads were stopped: 0.0004820 seconds, Stopping threads took: 0.0000680 seconds
198.339: Application time: 0.0376130 seconds
198.339: [GC198.339: [ParNew: 16512K->1578K(18048K), 0.0006690 secs] 46806K->31872K(57984K), 0.0006980 secs] [Times: user=0.00 sys=0.00, real=0.00 secs] 
198.340: Total time for which application threads were stopped: 0.0009190 seconds, Stopping threads took: 0.0001610 seconds
198.379: Application time: 0.0392960 seconds
198.379: [GC198.379: [ParNew: 17540K->1546K(18048K), 0.0008260 secs] 47834K->32423K(57984K), 0.0008590 secs] [Times: user=0.00 sys=0.00, real=0.00 secs] 
198.380: Total time for which application threads were stopped: 0.0011150 seconds, Stopping threads took: 0.0001830 seconds
198.420: Application time: 0.0398180 seconds
198.420: [GC198.420: [ParNew: 17512K->1548K(18048K), 0.0007830 secs] 48390K->32938K(57984K), 0.0008120 secs] [Times: user=0.01 sys=0.00, real=0.00 secs] 
198.421: Total time for which application threads were stopped: 0.0009360 seconds, Stopping threads took: 0.0000610 seconds
198.461: Application time: 0.0398860 seconds
198.461: [GC198.461: [ParNew: 17519K->1546K(18048K), 0.0007260 secs] 48908K->32935K(57984K), 0.0007560 secs] [Times: user=0.00 sys=0.00, real=0.00 secs] 
198.462: Total time for which application threads were stopped: 0.0008920 seconds, Stopping threads took: 0.0000770 seconds
198.502: Application time: 0.0402760 seconds
198.502: [GC198.502: [ParNew: 17516K->1034K(18048K), 0.0005020 secs] 48906K->32423K(57984K), 0.0005280 secs] [Times: user=0.01 sys=0.00, real=0.00 secs] 
198.503: Total time for which application threads were stopped: 0.0006560 seconds, Stopping threads took: 0.0000690 seconds
198.543: Application time: 0.0400460 seconds
198.543: [GC198.543: [ParNew: 17083K->550K(18048K), 0.0004020 secs] 48472K->31940K(57984K), 0.0004270 secs] [Times: user=0.00 sys=0.00, real=0.00 secs] 
198.543: Total time for which application threads were stopped: 0.0005360 seconds, Stopping threads took: 0.0000580 seconds
198.582: Application time: 0.0389930 seconds
198.583: [GC198.583: [ParNew: 16586K->1606K(18048K), 0.0006210 secs] 47976K->32996K(57984K), 0.0006500 secs] [Times: user=0.01 sys=0.00, real=0.00 secs] 
198.583: Total time for which application threads were stopped: 0.0007860 seconds, Stopping threads took: 0.0000730 seconds
198.622: Application time: 0.0385220 seconds
198.622: [GC198.622: [ParNew: 17568K->1546K(18048K), 0.0007970 secs] 48958K->33552K(57984K), 0.0008260 secs] [Times: user=0.00 sys=0.00, real=0.00 secs] 
198.623: Total time for which application threads were stopped: 0.0009700 seconds, Stopping threads took: 0.0000760 seconds
198.663: Application time: 0.0404830 seconds
198.663: [GC198.663: [ParNew: 17595K->1576K(18048K), 0.0006140 secs] 49601K->33582K(57984K), 0.0006420 secs] [Times: user=0.01 sys=0.00, real=0.00 secs] 
198.664: Total time for which application threads were stopped: 0.0007720 seconds, Stopping threads took: 0.0000680 seconds
198.703: Application time: 0.0392480 seconds
198.703: [GC198.703: [ParNew: 17617K->1578K(18048K), 0.0008010 secs] 49623K->34184K(57984K), 0.0008310 secs] [Times: user=0.01 sys=0.00, real=0.00 secs] 
198.704: Total time for which application threads were stopped: 0.0009630 seconds, Stopping threads took: 0.0000700 seconds
198.744: Application time: 0.0396920 seconds
198.744: [GC198.744: [ParNew: 17549K->1546K(18048K), 0.0006190 secs] 50155K->34216K(57984K), 0.0006480 secs] [Times: user=0.00 sys=0.00, real=0.00 secs] 
198.745: Total time for which application threads were stopped: 0.0007620 seconds, Stopping threads took: 0.0000550 seconds
198.784: Application time: 0.0394020 seconds
198.784: [GC198.784: [ParNew: 17512K->1034K(18048K), 0.0005250 secs] 50182K->33704K(57984K), 0.0005520 secs] [Times: user=0.01 sys=0.00, real=0.00 secs] 
198.785: Total time for which application threads were stopped: 0.0007390 seconds, Stopping threads took: 0.0001280 seconds
198.823: Application time: 0.0381790 seconds
198.823: [GC198.823: [ParNew: 16647K->582K(18048K), 0.0003590 secs] 49317K->33252K(57984K), 0.0003850 secs] [Times: user=0.01 sys=0.00, real=0.00 secs] 
198.823: Total time for which application threads were stopped: 0.0005410 seconds, Stopping threads took: 0.0001010 seconds
198.860: Application time: 0.0367780 seconds
198.860: [GC198.860: [ParNew: 16610K->1636K(18048K), 0.0009760 secs] 49280K->35330K(57984K), 0.0010090 secs] [Times: user=0.01 sys=0.00, real=0.00 secs] 
198.861: Total time for which application threads were stopped: 0.0011530 seconds, Stopping threads took: 0.0000780 seconds
198.901: Application time: 0.0391340 seconds
198.901: [GC198.901: [ParNew: 17603K->1550K(18048K), 0.0010320 secs] 51297K->36404K(57984K), 0.0010660 secs] [Times: user=0.01 sys=0.00, real=0.00 secs] 
198.902: Total time for which application threads were stopped: 0.0012130 seconds, Stopping threads took: 0.0000750 seconds
198.942: Application time: 0.0397970 seconds
198.942: [GC198.942: [ParNew: 17599K->1578K(18048K), 0.0008380 secs] 52453K->36944K(57984K), 0.0008660 secs] [Times: user=0.00 sys=0.00, real=0.00 secs] 
198.943: Total time for which application threads were stopped: 0.0009870 seconds, Stopping threads took: 0.0000600 seconds
198.982: Application time: 0.0395610 seconds
198.982: [GC198.982: [ParNew: 17544K->1546K(18048K), 0.0007950 secs] 52911K->37480K(57984K), 0.0008260 secs] [Times: user=0.01 sys=0.00, real=0.00 secs] 
198.983: Total time for which application threads were stopped: 0.0009630 seconds, Stopping threads took: 0.0000730 seconds
199.023: Application time: 0.0397270 seconds
199.023: [GC199.023: [ParNew: 17512K->1546K(18048K), 0.0007730 secs] 53447K->37992K(57984K), 0.0008040 secs] [Times: user=0.01 sys=0.00, real=0.00 secs] 
199.024: Total time for which application threads were stopped: 0.0009410 seconds, Stopping threads took: 0.0000740 seconds
199.065: Application time: 0.0414290 seconds
199.065: [GC199.065: [ParNew: 17519K->1036K(18048K), 0.0004660 secs] 53965K->37482K(57984K), 0.0004930 secs] [Times: user=0.00 sys=0.00, real=0.00 secs] 
199.066: Total time for which application threads were stopped: 0.0006110 seconds, Stopping threads took: 0.0000610 seconds
199.105: Application time: 0.0393940 seconds
199.105: [GC199.105: [ParNew: 17006K->522K(18048K), 0.0003180 secs] 53453K->36968K(57984K), 0.0003440 secs] [Times: user=0.00 sys=0.00, real=0.00 secs] 
199.106: Total time for which application threads were stopped: 0.0004550 seconds, Stopping threads took: 0.0000590 seconds
199.142: Application time: 0.0361620 seconds
199.142: [GC199.142: [ParNew: 16472K->1546K(18048K), 0.0009340 secs] 52918K->39016K(57984K), 0.0009740 secs] [Times: user=0.01 sys=0.00, real=0.00 secs] 
199.143: Total time for which application threads were stopped: 0.0010960 seconds, Stopping threads took: 0.0000570 seconds
199.182: Application time: 0.0394100 seconds
199.182: [GC199.182: [ParNew: 17590K->1580K(18048K), 0.0009930 secs] 55061K->40074K(57984K), 0.0010260 secs] [Times: user=0.00 sys=0.00, real=0.00 secs] 
199.183: Total time for which application threads were stopped: 0.0011690 seconds, Stopping threads took: 0.0000780 seconds
199.224: Application time: 0.0403530 seconds
199.224: [GC199.224: [ParNew: 17551K->1546K(18048K), 0.0008650 secs] 56045K->40616K(57984K), 0.0008950 secs] [Times: user=0.00 sys=0.00, real=0.00 secs] 
199.225: Total time for which application threads were stopped: 0.0010270 seconds, Stopping threads took: 0.0000680 seconds
199.265: Application time: 0.0401430 seconds
199.265: [GC199.265: [ParNew: 17595K->1574K(18048K), 0.0007000 secs] 56665K->40644K(57984K), 0.0007290 secs] [Times: user=0.01 sys=0.00, real=0.01 secs] 
199.266: Total time for which application threads were stopped: 0.0008490 seconds, Stopping threads took: 0.0000590 seconds
199.305: Application time: 0.0394210 seconds
199.305: [GC199.305: [ParNew: 17545K->1034K(18048K), 0.0004910 secs] 56615K->40176K(57984K), 0.0005170 secs] [Times: user=0.01 sys=0.00, real=0.00 secs] 
199.306: Total time for which application threads were stopped: 0.0006270 seconds, Stopping threads took: 0.0000550 seconds
199.345: Application time: 0.0389520 seconds
199.345: [GC199.345: [ParNew: 17004K->524K(18048K), 0.0003380 secs] 56147K->39666K(57984K), 0.0003640 secs] [Times: user=0.00 sys=0.00, real=0.01 secs] 
199.345: Total time for which application threads were stopped: 0.0005020 seconds, Stopping threads took: 0.0000830 seconds
199.381: Application time: 0.0357880 seconds
199.381: [GC199.381: [ParNew: 16114K->1608K(18048K), 0.0010360 secs]199.382: [Tenured: 40166K->8082K(40452K), 0.0053650 secs] 55257K->8082K(58500K), [Perm : 5179K->5179K(21248K)], 0.0064840 secs] [Times: user=0.01 sys=0.00, real=0.01 secs] 
199.388: Total time for which application threads were stopped: 0.0066820 seconds, Stopping threads took: 0.0001270 seconds
199.429: Application time: 0.0407210 seconds
199.429: [GC199.429: [ParNew: 15970K->1548K(18048K), 0.0007970 secs] 24053K->10142K(57984K), 0.0008290 secs] [Times: user=0.01 sys=0.00, real=0.00 secs] 
199.430: Total time for which application threads were stopped: 0.0009820 seconds, Stopping threads took: 0.0000840 seconds
199.470: Application time: 0.0408080 seconds
199.470: [GC199.470: [ParNew: 17519K->1546K(18048K), 0.0005880 secs] 26113K->10140K(57984K), 0.0006190 secs] [Times: user=0.00 sys=0.00, real=0.00 secs] 
199.471: Total time for which application threads were stopped: 0.0007530 seconds, Stopping threads took: 0.0000740 seconds
199.508: Application time: 0.0371110 seconds
199.508: [GC199.508: [ParNew: 17231K->1636K(18048K), 0.0005950 secs] 25826K->10230K(57984K), 0.0006250 secs] [Times: user=0.00 sys=0.00, real=0.00 secs] 
199.509: Total time for which application threads were stopped: 0.0007400 seconds, Stopping threads took: 0.0000550 seconds
199.549: Application time: 0.0404850 seconds
199.550: [GC199.550: [ParNew: 17600K->1546K(18048K), 0.0006430 secs] 26195K->10272K(57984K), 0.0006720 secs] [Times: user=0.00 sys=0.00, real=0.00 secs] 
199.550: Total time for which application threads were stopped: 0.0008810 seconds, Stopping threads took: 0.0001490 seconds
199.588: Application time: 0.0380700 seconds
199.589: [GC199.589: [ParNew: 17504K->1546K(18048K), 0.0010040 secs] 26231K->11296K(57984K), 0.0010350 secs] [Times: user=0.00 sys=0.00, real=0.00 secs] 
199.590: Total time for which application threads were stopped: 0.0011580 seconds, Stopping threads took: 0.0000590 seconds
199.630: Application time: 0.0401620 seconds
199.630: [GC199.630: [ParNew: 17595K->1578K(18048K), 0.0007910 secs] 27345K->11840K(57984K), 0.0008190 secs] [Times: user=0.01 sys=0.00, real=0.00 secs] 
199.631: Total time for which application threads were stopped: 0.0009660 seconds, Stopping threads took: 0.0000770 seconds
199.671: Application time: 0.0407930 seconds
199.672: [GC199.672: [ParNew: 17544K->1548K(18048K), 0.0006270 secs] 27807K->11874K(57984K), 0.0006560 secs] [Times: user=0.01 sys=0.00, real=0.00 secs] 
199.672: Total time for which application threads were stopped: 0.0008460 seconds, Stopping threads took: 0.0001290 seconds
199.712: Application time: 0.0397270 seconds
199.712: [GC199.712: [ParNew: 17516K->1546K(18048K), 0.0006130 secs] 27843K->11872K(57984K), 0.0006410 secs] [Times: user=0.00 sys=0.00, real=0.00 secs] 
199.713: Total time for which application threads were stopped: 0.0007730 seconds, Stopping threads took: 0.0000710 seconds
199.753: Application time: 0.0405680 seconds
199.757: [GC199.757: [ParNew: 17512K->1034K(18048K), 0.0006390 secs] 27839K->11360K(57984K), 0.0006700 secs] [Times: user=0.01 sys=0.00, real=0.00 secs] 
199.758: Total time for which application threads were stopped: 0.0045540 seconds, Stopping threads took: 0.0038140 seconds
199.799: Application time: 0.0407990 seconds
199.799: [GC199.799: [ParNew: 17006K->522K(18048K), 0.0003350 secs] 27333K->10848K(57984K), 0.0003620 secs] [Times: user=0.00 sys=0.00, real=0.00 secs] 
199.799: Total time for which application threads were stopped: 0.0004940 seconds, Stopping threads took: 0.0000760 seconds
199.836: Application time: 0.0372090 seconds
199.837: [GC199.837: [ParNew: 16476K->1544K(18048K), 0.0007560 secs] 26802K->12382K(57984K), 0.0007870 secs] [Times: user=0.01 sys=0.00, real=0.01 secs] 
199.837: Total time for which application threads were stopped: 0.0009110 seconds, Stopping threads took: 0.0000620 seconds
199.877: Application time: 0.0393610 seconds
199.877: [GC199.877: [ParNew: 17589K->1580K(18048K), 0.0008010 secs] 28427K->12930K(57984K), 0.0008300 secs] [Times: user=0.01 sys=0.00, real=0.01 secs] 
199.878: Total time for which application threads were stopped: 0.0009740 seconds, Stopping threads took: 0.0000820 seconds
199.919: Application time: 0.0408250 seconds
199.919: [GC199.919: [ParNew: 17621K->1580K(18048K), 0.0009510 secs] 28971K->14010K(57984K), 0.0009830 secs] [Times: user=0.01 sys=0.00, real=0.00 secs] 
199.920: Total time for which application threads were stopped: 0.0011190 seconds, Stopping threads took: 0.0000730 seconds
199.959: Application time: 0.0396390 seconds
199.959: [GC199.959: [ParNew: 17546K->1548K(18048K), 0.0009760 secs] 29977K->15066K(57984K), 0.0010080 secs] [Times: user=0.00 sys=0.00, real=0.00 secs] 
199.960: Total time for which application threads were stopped: 0.0011440 seconds, Stopping threads took: 0.0000630 seconds
200.001: Application time: 0.0409020 seconds
200.002: [GC200.002: [ParNew: 17519K->1546K(18048K), 0.0006480 secs] 31037K->15064K(57984K), 0.0006760 secs] [Times: user=0.00 sys=0.00, real=0.00 secs] 
200.002: Total time for which application threads were stopped: 0.0008710 seconds, Stopping threads took: 0.0001370 seconds
200.041: Application time: 0.0383100 seconds
200.041: [GC200.041: [ParNew: 17585K->1580K(18048K), 0.0009640 secs] 31103K->16122K(57984K), 0.0009970 secs] [Times: user=0.01 sys=0.00, real=0.00 secs] 
200.042: Total time for which application threads were stopped: 0.0011350 seconds, Stopping threads took: 0.0000750 seconds
200.082: Application time: 0.0405350 seconds
200.082: [GC200.082: [ParNew: 17629K->1578K(18048K), 0.0008210 secs] 32171K->16704K(57984K), 0.0008510 secs] [Times: user=0.01 sys=0.00, real=0.00 secs] 
200.083: Total time for which application threads were stopped: 0.0009790 seconds, Stopping threads took: 0.0000680 seconds
200.123: Application time: 0.0395950 seconds
200.123: [GC200.123: [ParNew: 17540K->1548K(18048K), 0.0009900 secs] 32667K->17770K(57984K), 0.0010240 secs] [Times: user=0.01 sys=0.00, real=0.00 secs] 
200.124: Total time for which application threads were stopped: 0.0011680 seconds, Stopping threads took: 0.0000790 seconds
200.164: Application time: 0.0404160 seconds
200.164: [GC200.165: [ParNew: 17514K->1548K(18048K), 0.0010130 secs] 33737K->18794K(57984K), 0.0010530 secs] [Times: user=0.01 sys=0.00, real=0.01 secs] 
200.166: Total time for which application threads were stopped: 0.0011770 seconds, Stopping threads took: 0.0000600 seconds
200.205: Application time: 0.0390390 seconds
200.205: [GC200.205: [ParNew: 17237K->1636K(18048K), 0.0008490 secs] 34484K->19395K(57984K), 0.0008820 secs] [Times: user=0.00 sys=0.00, real=0.01 secs] 
200.206: Total time for which application threads were stopped: 0.0010360 seconds, Stopping threads took: 0.0000890 seconds
200.246: Application time: 0.0404340 seconds
200.246: [GC200.246: [ParNew: 17607K->1546K(18048K), 0.0006240 secs] 35366K->19433K(57984K), 0.0006540 secs] [Times: user=0.00 sys=0.00, real=0.00 secs] 
200.247: Total time for which application threads were stopped: 0.0007720 seconds, Stopping threads took: 0.0000580 seconds
200.288: Application time: 0.0406720 seconds
200.288: [GC200.288: [ParNew: 17595K->1064K(18048K), 0.0004310 secs] 35482K->18951K(57984K), 0.0004610 secs] [Times: user=0.00 sys=0.00, real=0.00 secs] 
200.288: Total time for which application threads were stopped: 0.0005990 seconds, Stopping threads took: 0.0000800 seconds
200.329: Application time: 0.0405450 seconds
200.329: [GC200.329: [ParNew: 17035K->522K(18048K), 0.0003780 secs] 34921K->18481K(57984K), 0.0004050 secs] [Times: user=0.00 sys=0.00, real=0.00 secs] 
200.329: Total time for which application threads were stopped: 0.0005240 seconds, Stopping threads took: 0.0000650 seconds
200.369: Application time: 0.0395800 seconds
200.369: [GC200.369: [ParNew: 16488K->522K(18048K), 0.0003030 secs] 34447K->18481K(57984K), 0.0003300 secs] [Times: user=0.00 sys=0.00, real=0.00 secs] 
200.369: Total time for which application threads were stopped: 0.0004470 seconds, Stopping threads took: 0.0000630 seconds
200.410: Application time: 0.0404300 seconds
200.410: [GC200.410: [ParNew: 16492K->10K(18048K), 0.0002800 secs] 34451K->17969K(57984K), 0.0003040 secs] [Times: user=0.00 sys=0.00, real=0.00 secs] 
200.410: Total time for which application threads were stopped: 0.0004170 seconds, Stopping threads took: 0.0000610 seconds
200.449: Application time: 0.0389450 seconds
200.449: [GC200.449: [ParNew: 15972K->522K(18048K), 0.0003220 secs] 33931K->18481K(57984K), 0.0003480 secs] [Times: user=0.00 sys=0.00, real=0.00 secs] 
200.450: Total time for which application threads were stopped: 0.0004670 seconds, Stopping threads took: 0.0000630 seconds
200.487: Application time: 0.0375380 seconds
200.487: [GC200.487: [ParNew: 16472K->1548K(18048K), 0.0009310 secs] 34431K->20531K(57984K), 0.0009620 secs] [Times: user=0.01 sys=0.00, real=0.00 secs] 
200.488: Total time for which application threads were stopped: 0.0010960 seconds, Stopping threads took: 0.0000610 seconds
200.526: Application time: 0.0378430 seconds
200.526: [GC200.526: [ParNew: 17588K->1578K(18048K), 0.0012070 secs] 36571K->22097K(57984K), 0.0012420 secs] [Times: user=0.01 sys=0.00, real=0.00 secs] 
200.527: Total time for which application threads were stopped: 0.0013850 seconds, Stopping threads took: 0.0000750 seconds
200.569: Application time: 0.0414580 seconds
200.569: [GC200.569: [ParNew: 17551K->1548K(18048K), 0.0008210 secs] 38070K->22651K(57984K), 0.0008510 secs] [Times: user=0.01 sys=0.00, real=0.00 secs] 
200.570: Total time for which application threads were stopped: 0.0009840 seconds, Stopping threads took: 0.0000720 seconds
200.611: Application time: 0.0411440 seconds
200.611: [GC200.611: [ParNew: 17597K->1576K(18048K), 0.0006080 secs] 38700K->22679K(57984K), 0.0006380 secs] [Times: user=0.00 sys=0.00, real=0.00 secs] 
200.612: Total time for which application threads were stopped: 0.0007620 seconds, Stopping threads took: 0.0000620 seconds
200.651: Application time: 0.0397480 seconds
200.652: [GC200.652: [ParNew: 17542K->1548K(18048K), 0.0006360 secs] 38646K->22731K(57984K), 0.0006650 secs] [Times: user=0.00 sys=0.00, real=0.00 secs] 
200.652: Total time for which application threads were stopped: 0.0007970 seconds, Stopping threads took: 0.0000730 seconds
200.692: Application time: 0.0398290 seconds
200.692: [GC200.692: [ParNew: 17514K->1546K(18048K), 0.0006160 secs] 38697K->22729K(57984K), 0.0006540 secs] [Times: user=0.00 sys=0.00, real=0.00 secs] 
200.693: Total time for which application threads were stopped: 0.0007820 seconds, Stopping threads took: 0.0000680 seconds
200.730: Application time: 0.0373580 seconds
200.730: [GC200.730: [ParNew: 17153K->1608K(18048K), 0.0006030 secs] 38336K->22791K(57984K), 0.0006320 secs] [Times: user=0.01 sys=0.00, real=0.00 secs] 
200.731: Total time for which application threads were stopped: 0.0007570 seconds, Stopping threads took: 0.0000640 seconds
200.772: Application time: 0.0408000 seconds
200.772: [GC200.772: [ParNew: 17574K->1548K(18048K), 0.0006530 secs] 38758K->22827K(57984K), 0.0006830 secs] [Times: user=0.01 sys=0.00, real=0.00 secs] 
200.773: Total time for which application threads were stopped: 0.0008170 seconds, Stopping threads took: 0.0000740 seconds
200.812: Application time: 0.0396730 seconds
200.812: [GC200.812: [ParNew: 17514K->1546K(18048K), 0.0005970 secs] 38794K->22825K(57984K), 0.0006260 secs] [Times: user=0.00 sys=0.00, real=0.00 secs] 
200.813: Total time for which application threads were stopped: 0.0007560 seconds, Stopping threads took: 0.0000720 seconds
200.852: Application time: 0.0394140 seconds
200.853: [GC200.853: [ParNew: 17591K->1580K(18048K), 0.0006190 secs] 38870K->22859K(57984K), 0.0006490 secs] [Times: user=0.00 sys=0.00, real=0.00 secs] 
200.853: Total time for which application threads were stopped: 0.0007740 seconds, Stopping threads took: 0.0000670 seconds
200.891: Application time: 0.0378230 seconds
200.891: [GC200.891: [ParNew: 17178K->1606K(18048K), 0.0009680 secs] 38457K->23981K(57984K), 0.0010010 secs] [Times: user=0.01 sys=0.00, real=0.00 secs] 
200.892: Total time for which application threads were stopped: 0.0011300 seconds, Stopping threads took: 0.0000640 seconds
200.933: Application time: 0.0406650 seconds
200.933: [GC200.933: [ParNew: 17655K->1580K(18048K), 0.0008560 secs] 40030K->24563K(57984K), 0.0008840 secs] [Times: user=0.01 sys=0.00, real=0.00 secs] 
200.934: Total time for which application threads were stopped: 0.0010170 seconds, Stopping threads took: 0.0000720 seconds
200.975: Application time: 0.0411240 seconds
200.975: [GC200.975: [ParNew: 17546K->1548K(18048K), 0.0008540 secs] 40530K->25115K(57984K), 0.0008850 secs] [Times: user=0.00 sys=0.00, real=0.00 secs] 
200.976: Total time for which application threads were stopped: 0.0010050 seconds, Stopping threads took: 0.0000570 seconds
201.016: Application time: 0.0401860 seconds
201.016: [GC201.016: [ParNew: 17519K->1544K(18048K), 0.0006180 secs] 41086K->25111K(57984K), 0.0006450 secs] [Times: user=0.00 sys=0.00, real=0.00 secs] 
201.017: Total time for which application threads were stopped: 0.0007810 seconds, Stopping threads took: 0.0000710 seconds
201.058: Application time: 0.0410650 seconds
201.058: [GC201.058: [ParNew: 17514K->1034K(18048K), 0.0004430 secs] 41082K->24601K(57984K), 0.0004690 secs] [Times: user=0.00 sys=0.00, real=0.00 secs] 
201.059: Total time for which application threads were stopped: 0.0005980 seconds, Stopping threads took: 0.0000730 seconds
201.098: Application time: 0.0393830 seconds
201.098: [GC201.098: [ParNew: 17000K->524K(18048K), 0.0002890 secs] 40568K->24091K(57984K), 0.0003140 secs] [Times: user=0.01 sys=0.00, real=0.00 secs] 
201.099: Total time for which application threads were stopped: 0.0004850 seconds, Stopping threads took: 0.0001190 seconds
201.139: Application time: 0.0401980 seconds
201.139: [GC201.139: [ParNew: 16488K->1034K(18048K), 0.0004310 secs] 40056K->24601K(57984K), 0.0004590 secs] [Times: user=0.00 sys=0.00, real=0.00 secs] 
201.139: Total time for which application threads were stopped: 0.0005770 seconds, Stopping threads took: 0.0000630 seconds
201.179: Application time: 0.0394080 seconds
201.179: [GC201.179: [ParNew: 16996K->1034K(18048K), 0.0005170 secs] 40564K->24601K(57984K), 0.0005420 secs] [Times: user=0.01 sys=0.00, real=0.00 secs] 
201.179: Total time for which application threads were stopped: 0.0007280 seconds, Stopping threads took: 0.0001300 seconds
201.218: Application time: 0.0383790 seconds
201.218: [GC201.218: [ParNew: 17072K->1578K(18048K), 0.0008440 secs] 40640K->25657K(57984K), 0.0008840 secs] [Times: user=0.01 sys=0.00, real=0.00 secs] 
201.219: Total time for which application threads were stopped: 0.0010210 seconds, Stopping threads took: 0.0000710 seconds
201.259: Application time: 0.0406400 seconds
201.260: [GC201.260: [ParNew: 17623K->1580K(18048K), 0.0007830 secs] 41702K->26227K(57984K), 0.0008140 secs] [Times: user=0.01 sys=0.00, real=0.00 secs] 
201.260: Total time for which application threads were stopped: 0.0009470 seconds, Stopping threads took: 0.0000710 seconds
201.301: Application time: 0.0406720 seconds
201.301: [GC201.301: [ParNew: 17546K->1548K(18048K), 0.0008910 secs] 42194K->26771K(57984K), 0.0015260 secs] [Times: user=0.00 sys=0.00, real=0.00 secs] 
201.303: Total time for which application threads were stopped: 0.0017930 seconds, Stopping threads took: 0.0002010 seconds
201.343: Application time: 0.0405760 seconds
201.344: [GC201.344: [ParNew: 17514K->1544K(18048K), 0.0008070 secs] 42738K->27279K(57984K), 0.0008370 secs] [Times: user=0.00 sys=0.00, real=0.00 secs] 
201.344: Total time for which application threads were stopped: 0.0009580 seconds, Stopping threads took: 0.0000570 seconds
201.384: Application time: 0.0397320 seconds
201.384: [GC201.384: [ParNew: 17593K->1578K(18048K), 0.0006520 secs] 43328K->27313K(57984K), 0.0006840 secs] [Times: user=0.00 sys=0.00, real=0.00 secs] 
201.385: Total time for which application threads were stopped: 0.0008320 seconds, Stopping threads took: 0.0000870 seconds
201.425: Application time: 0.0402830 seconds
201.426: [GC201.426: [ParNew: 17627K->1062K(18048K), 0.0005350 secs] 43362K->26845K(57984K), 0.0005630 secs] [Times: user=0.00 sys=0.00, real=0.00 secs] 
201.426: Total time for which application threads were stopped: 0.0007980 seconds, Stopping threads took: 0.0001760 seconds
201.466: Application time: 0.0399610 seconds
201.466: [GC201.466: [ParNew: 17028K->1032K(18048K), 0.0005520 secs] 42812K->26871K(57984K), 0.0005810 secs] [Times: user=0.00 sys=0.00, real=0.00 secs] 
201.467: Total time for which application threads were stopped: 0.0007260 seconds, Stopping threads took: 0.0000860 seconds
201.507: Application time: 0.0402320 seconds
201.507: [GC201.507: [ParNew: 17076K->1064K(18048K), 0.0005280 secs] 42916K->26903K(57984K), 0.0005560 secs] [Times: user=0.00 sys=0.00, real=0.00 secs] 
201.508: Total time for which application threads were stopped: 0.0006840 seconds, Stopping threads took: 0.0000720 seconds
201.545: Application time: 0.0375460 seconds
201.545: [GC201.545: [ParNew: 16662K->1606K(18048K), 0.0008370 secs] 42502K->28029K(57984K), 0.0008660 secs] [Times: user=0.00 sys=0.00, real=0.00 secs] 
201.546: Total time for which application threads were stopped: 0.0009950 seconds, Stopping threads took: 0.0000620 seconds
201.587: Application time: 0.0406060 seconds
201.587: [GC201.587: [ParNew: 17572K->1544K(18048K), 0.0008320 secs] 43996K->28583K(57984K), 0.0008610 secs] [Times: user=0.00 sys=0.00, real=0.00 secs] 
201.588: Total time for which application threads were stopped: 0.0009920 seconds, Stopping threads took: 0.0000690 seconds
201.628: Application time: 0.0402940 seconds
201.628: [GC201.628: [ParNew: 17593K->1578K(18048K), 0.0006170 secs] 44632K->28617K(57984K), 0.0006470 secs] [Times: user=0.00 sys=0.00, real=0.00 secs] 
201.629: Total time for which application threads were stopped: 0.0007770 seconds, Stopping threads took: 0.0000690 seconds
201.668: Application time: 0.0394340 seconds
201.668: [GC201.668: [ParNew: 17544K->1546K(18048K), 0.0006050 secs] 44584K->28649K(57984K), 0.0006320 secs] [Times: user=0.00 sys=0.00, real=0.00 secs] 
201.669: Total time for which application threads were stopped: 0.0007690 seconds, Stopping threads took: 0.0000760 seconds
201.710: Application time: 0.0408730 seconds
201.710: [GC201.710: [ParNew: 17516K->1034K(18048K), 0.0004730 secs] 44620K->28137K(57984K), 0.0005080 secs] [Times: user=0.01 sys=0.00, real=0.00 secs] 
201.711: Total time for which application threads were stopped: 0.0006680 seconds, Stopping threads took: 0.0001030 seconds
201.750: Application time: 0.0389050 seconds
201.750: [GC201.750: [ParNew: 16996K->1546K(18048K), 0.0006190 secs] 44100K->28649K(57984K), 0.0006460 secs] [Times: user=0.00 sys=0.00, real=0.00 secs] 
201.750: Total time for which application threads were stopped: 0.0007670 seconds, Stopping threads took: 0.0000600 seconds
201.791: Application time: 0.0408170 seconds
201.791: [GC201.791: [ParNew: 17512K->1546K(18048K), 0.0006850 secs] 44616K->28649K(57984K), 0.0007100 secs] [Times: user=0.00 sys=0.00, real=0.00 secs] 
201.792: Total time for which application threads were stopped: 0.0008270 seconds, Stopping threads took: 0.0000610 seconds
201.832: Application time: 0.0403880 seconds
201.833: [GC201.833: [ParNew: 17516K->1036K(18048K), 0.0004390 secs] 44620K->28139K(57984K), 0.0004640 secs] [Times: user=0.00 sys=0.00, real=0.00 secs] 
201.833: Total time for which application threads were stopped: 0.0006570 seconds, Stopping threads took: 0.0001380 seconds
201.872: Application time: 0.0392430 seconds
201.872: [GC201.872: [ParNew: 17077K->1580K(18048K), 0.0006900 secs] 44180K->28683K(57984K), 0.0007190 secs] [Times: user=0.01 sys=0.00, real=0.00 secs] 
201.873: Total time for which application threads were stopped: 0.0008480 seconds, Stopping threads took: 0.0000700 seconds
201.912: Application time: 0.0391330 seconds
201.912: [GC201.912: [ParNew: 17538K->1548K(18048K), 0.0009700 secs] 44642K->29731K(57984K), 0.0010040 secs] [Times: user=0.01 sys=0.00, real=0.00 secs] 
201.913: Total time for which application threads were stopped: 0.0011450 seconds, Stopping threads took: 0.0000780 seconds
201.955: Application time: 0.0413360 seconds
201.955: [GC201.955: [ParNew: 17599K->1576K(18048K), 0.0006500 secs] 45783K->29759K(57984K), 0.0006800 secs] [Times: user=0.00 sys=0.00, real=0.00 secs] 
201.956: Total time for which application threads were stopped: 0.0008100 seconds, Stopping threads took: 0.0000710 seconds
201.996: Application time: 0.0405280 seconds
201.996: [GC201.996: [ParNew: 17547K->1032K(18048K), 0.0005730 secs] 45730K->29271K(57984K), 0.0005980 secs] [Times: user=0.00 sys=0.00, real=0.00 secs] 
201.997: Total time for which application threads were stopped: 0.0007110 seconds, Stopping threads took: 0.0000580 seconds
202.037: Application time: 0.0399400 seconds
202.037: [GC202.037: [ParNew: 17002K->522K(18048K), 0.0003220 secs] 45242K->28761K(57984K), 0.0003480 secs] [Times: user=0.00 sys=0.00, real=0.01 secs] 
202.037: Total time for which application threads were stopped: 0.0004630 seconds, Stopping threads took: 0.0000610 seconds
202.078: Application time: 0.0411910 seconds
202.079: [GC202.079: [ParNew: 16567K->554K(18048K), 0.0004280 secs] 44806K->28793K(57984K), 0.0004530 secs] [Times: user=0.00 sys=0.00, real=0.00 secs] 
202.079: Total time for which application threads were stopped: 0.0005790 seconds, Stopping threads took: 0.0000660 seconds
202.116: Application time: 0.0367730 seconds
202.116: [GC202.116: [ParNew: 16582K->1608K(18048K), 0.0009700 secs] 44822K->30872K(57984K), 0.0010020 secs] [Times: user=0.01 sys=0.00, real=0.00 secs] 
202.117: Total time for which application threads were stopped: 0.0011460 seconds, Stopping threads took: 0.0000790 seconds
202.157: Application time: 0.0403540 seconds
202.157: [GC202.157: [ParNew: 17575K->1548K(18048K), 0.0010640 secs] 46838K->31932K(57984K), 0.0010950 secs] [Times: user=0.01 sys=0.00, real=0.00 secs] 
202.158: Total time for which application threads were stopped: 0.0012190 seconds, Stopping threads took: 0.0000590 seconds
202.199: Application time: 0.0403050 seconds
202.199: [GC202.199: [ParNew: 17593K->1576K(18048K), 0.0010270 secs] 47977K->32984K(57984K), 0.0010580 secs] [Times: user=0.01 sys=0.00, real=0.00 secs] 
202.200: Total time for which application threads were stopped: 0.0012040 seconds, Stopping threads took: 0.0000820 seconds
202.239: Application time: 0.0385210 seconds
202.239: [GC202.239: [ParNew: 17187K->1608K(18048K), 0.0008200 secs] 48595K->33592K(57984K), 0.0008580 secs] [Times: user=0.01 sys=0.00, real=0.00 secs] 
202.240: Total time for which application threads were stopped: 0.0009840 seconds, Stopping threads took: 0.0000650 seconds
202.280: Application time: 0.0402470 seconds
202.280: [GC202.280: [ParNew: 17653K->1578K(18048K), 0.0007440 secs] 49637K->33658K(57984K), 0.0007710 secs] [Times: user=0.01 sys=0.00, real=0.00 secs] 
202.281: Total time for which application threads were stopped: 0.0009230 seconds, Stopping threads took: 0.0000930 seconds
202.320: Application time: 0.0393940 seconds
202.320: [GC202.320: [ParNew: 17542K->1546K(18048K), 0.0008590 secs] 49622K->34210K(57984K), 0.0008890 secs] [Times: user=0.01 sys=0.00, real=0.00 secs] 
202.321: Total time for which application threads were stopped: 0.0010220 seconds, Stopping threads took: 0.0000700 seconds
202.361: Application time: 0.0400360 seconds
202.361: [GC202.361: [ParNew: 17517K->1546K(18048K), 0.0006900 secs] 50181K->34210K(57984K), 0.0007160 secs] [Times: user=0.00 sys=0.00, real=0.00 secs] 
202.362: Total time for which application threads were stopped: 0.0008340 seconds, Stopping threads took: 0.0000600 seconds
202.403: Application time: 0.0406210 seconds
202.403: [GC202.403: [ParNew: 17508K->1544K(18048K), 0.0008470 secs] 50172K->34720K(57984K), 0.0008740 secs] [Times: user=0.00 sys=0.00, real=0.00 secs] 
202.404: Total time for which application threads were stopped: 0.0010090 seconds, Stopping threads took: 0.0000730 seconds
202.444: Application time: 0.0405020 seconds
202.444: [GC202.444: [ParNew: 17510K->1546K(18048K), 0.0008260 secs] 50686K->35234K(57984K), 0.0008550 secs] [Times: user=0.01 sys=0.00, real=0.00 secs] 
202.445: Total time for which application threads were stopped: 0.0010000 seconds, Stopping threads took: 0.0000850 seconds
202.484: Application time: 0.0391280 seconds
202.484: [GC202.484: [ParNew: 17517K->1544K(18048K), 0.0006040 secs] 51205K->35232K(57984K), 0.0006320 secs] [Times: user=0.00 sys=0.00, real=0.00 secs] 
202.485: Total time for which application threads were stopped: 0.0007640 seconds, Stopping threads took: 0.0000730 seconds
202.525: Application time: 0.0395220 seconds
202.525: [GC202.525: [ParNew: 17510K->1546K(18048K), 0.0006180 secs] 51198K->35234K(57984K), 0.0006480 secs] [Times: user=0.00 sys=0.00, real=0.01 secs] 
202.525: Total time for which application threads were stopped: 0.0007720 seconds, Stopping threads took: 0.0000640 seconds
202.565: Application time: 0.0394890 seconds
202.565: [GC202.565: [ParNew: 17591K->1578K(18048K), 0.0006200 secs] 51279K->35266K(57984K), 0.0006540 secs] [Times: user=0.00 sys=0.00, real=0.01 secs] 
202.566: Total time for which application threads were stopped: 0.0008720 seconds, Stopping threads took: 0.0001560 seconds
202.606: Application time: 0.0398570 seconds
202.606: [GC202.606: [ParNew: 17618K->1574K(18048K), 0.0008390 secs] 51307K->35838K(57984K), 0.0008670 secs] [Times: user=0.00 sys=0.00, real=0.00 secs] 
202.607: Total time for which application threads were stopped: 0.0009990 seconds, Stopping threads took: 0.0000650 seconds
202.645: Application time: 0.0384280 seconds
202.645: [GC202.645: [ParNew: 17536K->1548K(18048K), 0.0009550 secs] 51800K->36900K(57984K), 0.0009880 secs] [Times: user=0.00 sys=0.01, real=0.01 secs] 
202.646: Total time for which application threads were stopped: 0.0011320 seconds, Stopping threads took: 0.0000780 seconds
202.687: Application time: 0.0412480 seconds
202.687: [GC202.687: [ParNew: 17514K->1546K(18048K), 0.0010450 secs] 52867K->37922K(57984K), 0.0010780 secs] [Times: user=0.00 sys=0.00, real=0.00 secs] 
202.689: Total time for which application threads were stopped: 0.0012090 seconds, Stopping threads took: 0.0000680 seconds
202.728: Application time: 0.0397880 seconds
202.728: [GC202.728: [ParNew: 17517K->1546K(18048K), 0.0008520 secs] 53893K->38434K(57984K), 0.0008820 secs] [Times: user=0.01 sys=0.00, real=0.00 secs] 
202.729: Total time for which application threads were stopped: 0.0010080 seconds, Stopping threads took: 0.0000640 seconds
202.770: Application time: 0.0409150 seconds
202.770: [GC202.770: [ParNew: 17591K->1576K(18048K), 0.0009010 secs] 54479K->38976K(57984K), 0.0009390 secs] [Times: user=0.01 sys=0.00, real=0.00 secs] 
202.771: Total time for which application threads were stopped: 0.0010860 seconds, Stopping threads took: 0.0000860 seconds
202.810: Application time: 0.0385820 seconds
202.810: [GC202.810: [ParNew: 17615K->1578K(18048K), 0.0012180 secs] 55015K->40570K(57984K), 0.0012530 secs] [Times: user=0.01 sys=0.00, real=0.00 secs] 
202.811: Total time for which application threads were stopped: 0.0014370 seconds, Stopping threads took: 0.0001160 seconds
202.851: Application time: 0.0399970 seconds
202.851: [GC202.852: [ParNew: 17623K->1578K(18048K), 0.0011460 secs]202.853: [Tenured: 40584K->9791K(40960K), 0.0053160 secs] 56615K->9791K(59008K), [Perm : 5179K->5179K(21248K)], 0.0065540 secs] [Times: user=0.01 sys=0.00, real=0.01 secs] 
202.858: Total time for which application threads were stopped: 0.0066950 seconds, Stopping threads took: 0.0000720 seconds
202.899: Application time: 0.0409390 seconds
202.899: [GC202.899: [ParNew: 16051K->1580K(18048K), 0.0008130 secs] 25842K->11883K(57984K), 0.0008420 secs] [Times: user=0.00 sys=0.00, real=0.00 secs] 
202.900: Total time for which application threads were stopped: 0.0009790 seconds, Stopping threads took: 0.0000740 seconds
202.939: Application time: 0.0387620 seconds
202.939: [GC202.939: [ParNew: 17191K->1608K(18048K), 0.0006160 secs] 27494K->11983K(57984K), 0.0006450 secs] [Times: user=0.01 sys=0.00, real=0.00 secs] 
202.940: Total time for which application threads were stopped: 0.0007740 seconds, Stopping threads took: 0.0000670 seconds
202.980: Application time: 0.0401580 seconds
202.980: [GC202.980: [ParNew: 17577K->1036K(18048K), 0.0005010 secs] 27952K->11507K(57984K), 0.0005270 secs] [Times: user=0.00 sys=0.00, real=0.00 secs] 
202.980: Total time for which application threads were stopped: 0.0006520 seconds, Stopping threads took: 0.0000680 seconds
203.019: Application time: 0.0389760 seconds
203.019: [GC203.019: [ParNew: 16998K->1548K(18048K), 0.0006370 secs] 27470K->12019K(57984K), 0.0006650 secs] [Times: user=0.01 sys=0.00, real=0.00 secs] 
203.020: Total time for which application threads were stopped: 0.0008100 seconds, Stopping threads took: 0.0000860 seconds
203.059: Application time: 0.0389690 seconds
203.059: [GC203.059: [ParNew: 17514K->1548K(18048K), 0.0006270 secs] 27986K->12019K(57984K), 0.0006540 secs] [Times: user=0.00 sys=0.00, real=0.00 secs] 
203.060: Total time for which application threads were stopped: 0.0008010 seconds, Stopping threads took: 0.0000870 seconds
203.100: Application time: 0.0398000 seconds
203.100: [GC203.100: [ParNew: 17514K->1546K(18048K), 0.0005630 secs] 27986K->12017K(57984K), 0.0005880 secs] [Times: user=0.00 sys=0.00, real=0.00 secs] 
203.100: Total time for which application threads were stopped: 0.0007200 seconds, Stopping threads took: 0.0000760 seconds
203.138: Application time: 0.0380350 seconds
203.139: [GC203.139: [ParNew: 17508K->1548K(18048K), 0.0007890 secs] 27980K->12531K(57984K), 0.0008200 secs] [Times: user=0.00 sys=0.00, real=0.00 secs] 
203.139: Total time for which application threads were stopped: 0.0010020 seconds, Stopping threads took: 0.0001110 seconds
203.180: Application time: 0.0407070 seconds
203.180: [GC203.180: [ParNew: 17519K->1546K(18048K), 0.0005950 secs] 28502K->12529K(57984K), 0.0006230 secs] [Times: user=0.00 sys=0.00, real=0.00 secs] 
203.181: Total time for which application threads were stopped: 0.0007550 seconds, Stopping threads took: 0.0000720 seconds
203.221: Application time: 0.0398120 seconds
203.221: [GC203.221: [ParNew: 17595K->1064K(18048K), 0.0004350 secs] 28578K->12047K(57984K), 0.0004630 secs] [Times: user=0.01 sys=0.00, real=0.00 secs] 
203.221: Total time for which application threads were stopped: 0.0005880 seconds, Stopping threads took: 0.0000690 seconds
203.262: Application time: 0.0404740 seconds
203.262: [GC203.262: [ParNew: 17030K->522K(18048K), 0.0003780 secs] 28014K->11569K(57984K), 0.0004120 secs] [Times: user=0.00 sys=0.00, real=0.00 secs] 
203.262: Total time for which application threads were stopped: 0.0005300 seconds, Stopping threads took: 0.0000650 seconds
203.300: Application time: 0.0380150 seconds
203.300: [GC203.301: [ParNew: 16565K->1062K(18048K), 0.0005090 secs] 27612K->12109K(57984K), 0.0005380 secs] [Times: user=0.00 sys=0.00, real=0.00 secs] 
203.301: Total time for which application threads were stopped: 0.0006710 seconds, Stopping threads took: 0.0000750 seconds
203.340: Application time: 0.0392110 seconds
203.340: [GC203.340: [ParNew: 17016K->1548K(18048K), 0.0009840 secs] 28064K->13683K(57984K), 0.0010170 secs] [Times: user=0.01 sys=0.00, real=0.00 secs] 
203.341: Total time for which application threads were stopped: 0.0011650 seconds, Stopping threads took: 0.0000820 seconds
203.381: Application time: 0.0394800 seconds
203.381: [GC203.381: [ParNew: 17519K->1546K(18048K), 0.0007740 secs] 29654K->14193K(57984K), 0.0008030 secs] [Times: user=0.01 sys=0.00, real=0.00 secs] 
203.382: Total time for which application threads were stopped: 0.0009370 seconds, Stopping threads took: 0.0000720 seconds
203.422: Application time: 0.0397290 seconds
203.422: [GC203.422: [ParNew: 17517K->1546K(18048K), 0.0006180 secs] 30164K->14193K(57984K), 0.0006450 secs] [Times: user=0.00 sys=0.00, real=0.00 secs] 
203.422: Total time for which application threads were stopped: 0.0008990 seconds, Stopping threads took: 0.0001970 seconds
203.464: Application time: 0.0412590 seconds
203.464: [GC203.464: [ParNew: 17595K->1062K(18048K), 0.0004710 secs] 30242K->13709K(57984K), 0.0004980 secs] [Times: user=0.00 sys=0.00, real=0.00 secs] 
203.464: Total time for which application threads were stopped: 0.0006230 seconds, Stopping threads took: 0.0000690 seconds
203.504: Application time: 0.0397050 seconds
203.504: [GC203.504: [ParNew: 17107K->1066K(18048K), 0.0004680 secs] 29754K->13777K(57984K), 0.0004960 secs] [Times: user=0.01 sys=0.00, real=0.00 secs] 
203.505: Total time for which application threads were stopped: 0.0006110 seconds, Stopping threads took: 0.0000570 seconds
203.545: Application time: 0.0405750 seconds
203.545: [GC203.545: [ParNew: 17115K->552K(18048K), 0.0003360 secs] 29826K->13327K(57984K), 0.0003630 secs] [Times: user=0.00 sys=0.00, real=0.00 secs] 
203.546: Total time for which application threads were stopped: 0.0005540 seconds, Stopping threads took: 0.0001340 seconds
203.582: Application time: 0.0362220 seconds
203.582: [GC203.582: [ParNew: 16220K->1664K(18048K), 0.0009670 secs] 28996K->15464K(57984K), 0.0009990 secs] [Times: user=0.01 sys=0.00, real=0.00 secs] 
203.583: Total time for which application threads were stopped: 0.0011360 seconds, Stopping threads took: 0.0000740 seconds
203.624: Application time: 0.0412340 seconds
203.625: [GC203.625: [ParNew: 17639K->1034K(18048K), 0.0005080 secs] 31439K->14986K(57984K), 0.0005340 secs] [Times: user=0.01 sys=0.00, real=0.00 secs] 
203.625: Total time for which application threads were stopped: 0.0006450 seconds, Stopping threads took: 0.0000550 seconds
203.663: Application time: 0.0380800 seconds
203.663: [GC203.663: [ParNew: 16992K->1546K(18048K), 0.0007790 secs] 30944K->16010K(57984K), 0.0008080 secs] [Times: user=0.01 sys=0.00, real=0.00 secs] 
203.664: Total time for which application threads were stopped: 0.0009450 seconds, Stopping threads took: 0.0000650 seconds
203.704: Application time: 0.0402350 seconds
203.704: [GC203.704: [ParNew: 17517K->1548K(18048K), 0.0006050 secs] 31980K->16012K(57984K), 0.0006320 secs] [Times: user=0.00 sys=0.00, real=0.00 secs] 
203.705: Total time for which application threads were stopped: 0.0007650 seconds, Stopping threads took: 0.0000740 seconds
203.745: Application time: 0.0400260 seconds
203.745: [GC203.745: [ParNew: 17519K->1034K(18048K), 0.0004640 secs] 31982K->15498K(57984K), 0.0004890 secs] [Times: user=0.00 sys=0.00, real=0.00 secs] 
203.746: Total time for which application threads were stopped: 0.0006270 seconds, Stopping threads took: 0.0000840 seconds
203.786: Application time: 0.0398000 seconds
203.786: [GC203.786: [ParNew: 17000K->1034K(18048K), 0.0004280 secs] 31464K->15498K(57984K), 0.0004650 secs] [Times: user=0.00 sys=0.00, real=0.00 secs] 
203.786: Total time for which application threads were stopped: 0.0005900 seconds, Stopping threads took: 0.0000670 seconds
203.827: Application time: 0.0407890 seconds
203.827: [GC203.827: [ParNew: 17004K->522K(18048K), 0.0003820 secs] 31468K->14986K(57984K), 0.0004090 secs] [Times: user=0.00 sys=0.00, real=0.00 secs] 
203.827: Total time for which application threads were stopped: 0.0005260 seconds, Stopping threads took: 0.0000630 seconds
203.864: Application time: 0.0366300 seconds
203.864: [GC203.864: [ParNew: 16476K->1548K(18048K), 0.0007620 secs] 30940K->16524K(57984K), 0.0007920 secs] [Times: user=0.01 sys=0.00, real=0.00 secs] 
203.865: Total time for which application threads were stopped: 0.0009230 seconds, Stopping threads took: 0.0000710 seconds
203.904: Application time: 0.0386300 seconds
203.904: [GC203.904: [ParNew: 17589K->1578K(18048K), 0.0009600 secs] 32565K->17578K(57984K), 0.0009890 secs] [Times: user=0.00 sys=0.00, real=0.00 secs] 
203.905: Total time for which application threads were stopped: 0.0011200 seconds, Stopping threads took: 0.0000680 seconds
203.946: Application time: 0.0411600 seconds
203.946: [GC203.946: [ParNew: 17549K->1546K(18048K), 0.0008630 secs] 33549K->18122K(57984K), 0.0008930 secs] [Times: user=0.01 sys=0.00, real=0.00 secs] 
203.947: Total time for which application threads were stopped: 0.0010110 seconds, Stopping threads took: 0.0000580 seconds
203.986: Application time: 0.0394460 seconds
203.986: [GC203.987: [ParNew: 17595K->1574K(18048K), 0.0006020 secs] 34171K->18150K(57984K), 0.0006290 secs] [Times: user=0.01 sys=0.00, real=0.00 secs] 
203.987: Total time for which application threads were stopped: 0.0007620 seconds, Stopping threads took: 0.0000760 seconds
204.027: Application time: 0.0400420 seconds
204.027: [GC204.027: [ParNew: 17540K->1546K(18048K), 0.0006910 secs] 34116K->18178K(57984K), 0.0007210 secs] [Times: user=0.00 sys=0.00, real=0.00 secs] 
204.028: Total time for which application threads were stopped: 0.0008520 seconds, Stopping threads took: 0.0000720 seconds
204.067: Application time: 0.0392450 seconds
204.067: [GC204.067: [ParNew: 17510K->1546K(18048K), 0.0006950 secs] 34142K->18178K(57984K), 0.0007230 secs] [Times: user=0.00 sys=0.00, real=0.00 secs] 
204.068: Total time for which application threads were stopped: 0.0008430 seconds, Stopping threads took: 0.0000620 seconds
204.107: Application time: 0.0389300 seconds
204.107: [GC204.107: [ParNew: 17589K->1576K(18048K), 0.0008300 secs] 34221K->18720K(57984K), 0.0008590 secs] [Times: user=0.00 sys=0.00, real=0.00 secs] 
204.108: Total time for which application threads were stopped: 0.0009990 seconds, Stopping threads took: 0.0000790 seconds
204.148: Application time: 0.0397040 seconds
204.148: [GC204.148: [ParNew: 17538K->1546K(18048K), 0.0010210 secs] 34682K->19778K(57984K), 0.0010530 secs] [Times: user=0.01 sys=0.00, real=0.00 secs] 
204.149: Total time for which application threads were stopped: 0.0011860 seconds, Stopping threads took: 0.0000710 seconds
204.187: Application time: 0.0377620 seconds
204.187: [GC204.187: [ParNew: 17157K->1606K(18048K), 0.0007870 secs] 35389K->20350K(57984K), 0.0008190 secs] [Times: user=0.01 sys=0.00, real=0.00 secs] 
204.188: Total time for which application threads were stopped: 0.0009820 seconds, Stopping threads took: 0.0000910 seconds
204.228: Application time: 0.0398530 seconds
204.228: [GC204.228: [ParNew: 17651K->1580K(18048K), 0.0008320 secs] 36395K->20948K(57984K), 0.0008630 secs] [Times: user=0.00 sys=0.00, real=0.00 secs] 
204.229: Total time for which application threads were stopped: 0.0010010 seconds, Stopping threads took: 0.0000760 seconds
204.268: Application time: 0.0390250 seconds
204.268: [GC204.268: [ParNew: 17195K->1096K(18048K), 0.0005120 secs] 36563K->20528K(57984K), 0.0005410 secs] [Times: user=0.01 sys=0.00, real=0.00 secs] 
204.268: Total time for which application threads were stopped: 0.0007720 seconds, Stopping threads took: 0.0001630 seconds
204.309: Application time: 0.0405610 seconds
204.309: [GC204.309: [ParNew: 17062K->1034K(18048K), 0.0005100 secs] 36495K->20570K(57984K), 0.0005370 secs] [Times: user=0.01 sys=0.00, real=0.00 secs] 
204.310: Total time for which application threads were stopped: 0.0006570 seconds, Stopping threads took: 0.0000630 seconds
204.349: Application time: 0.0393830 seconds
204.349: [GC204.349: [ParNew: 17004K->524K(18048K), 0.0003840 secs] 36541K->20060K(57984K), 0.0004100 secs] [Times: user=0.00 sys=0.00, real=0.00 secs] 
204.349: Total time for which application threads were stopped: 0.0005180 seconds, Stopping threads took: 0.0000540 seconds
204.388: Application time: 0.0382620 seconds
204.388: [GC204.388: [ParNew: 16474K->1546K(18048K), 0.0010250 secs] 36010K->22106K(57984K), 0.0010560 secs] [Times: user=0.01 sys=0.00, real=0.00 secs] 
204.389: Total time for which application threads were stopped: 0.0011970 seconds, Stopping threads took: 0.0000790 seconds
204.428: Application time: 0.0391020 seconds
204.428: [GC204.428: [ParNew: 17517K->1546K(18048K), 0.0007890 secs] 38077K->22618K(57984K), 0.0008180 secs] [Times: user=0.00 sys=0.00, real=0.00 secs] 
204.429: Total time for which application threads were stopped: 0.0009480 seconds, Stopping threads took: 0.0000680 seconds
204.469: Application time: 0.0402490 seconds
204.469: [GC204.469: [ParNew: 17512K->1546K(18048K), 0.0008300 secs] 38585K->23130K(57984K), 0.0008610 secs] [Times: user=0.00 sys=0.00, real=0.00 secs] 
204.470: Total time for which application threads were stopped: 0.0010110 seconds, Stopping threads took: 0.0000870 seconds
204.511: Application time: 0.0403750 seconds
204.511: [GC204.511: [ParNew: 17517K->1548K(18048K), 0.0006810 secs] 39101K->23132K(57984K), 0.0007090 secs] [Times: user=0.00 sys=0.00, real=0.00 secs] 
204.511: Total time for which application threads were stopped: 0.0008450 seconds, Stopping threads took: 0.0000750 seconds
204.556: Application time: 0.0440550 seconds
204.556: [GC204.556: [ParNew: 17597K->1064K(18048K), 0.0004620 secs] 39181K->22648K(57984K), 0.0004880 secs] [Times: user=0.01 sys=0.00, real=0.00 secs] 
204.556: Total time for which application threads were stopped: 0.0005970 seconds, Stopping threads took: 0.0000520 seconds
204.596: Application time: 0.0399470 seconds
204.596: [GC204.596: [ParNew: 17026K->1546K(18048K), 0.0006380 secs] 38611K->23186K(57984K), 0.0006670 secs] [Times: user=0.00 sys=0.00, real=0.00 secs] 
204.597: Total time for which application threads were stopped: 0.0007970 seconds, Stopping threads took: 0.0000660 seconds
204.637: Application time: 0.0405990 seconds
204.638: [GC204.638: [ParNew: 17578K->1578K(18048K), 0.0011410 secs] 39219K->24754K(57984K), 0.0011780 secs] [Times: user=0.00 sys=0.00, real=0.00 secs] 
204.639: Total time for which application threads were stopped: 0.0013200 seconds, Stopping threads took: 0.0000730 seconds
204.682: Application time: 0.0432260 seconds
204.682: [GC204.682: [ParNew: 17549K->1548K(18048K), 0.0010450 secs] 40725K->25812K(57984K), 0.0010750 secs] [Times: user=0.01 sys=0.00, real=0.00 secs] 
204.683: Total time for which application threads were stopped: 0.0012130 seconds, Stopping threads took: 0.0000730 seconds
204.728: Application time: 0.0449090 seconds
204.728: [GC204.728: [ParNew: 17519K->1548K(18048K), 0.0008730 secs] 41783K->26324K(57984K), 0.0009040 secs] [Times: user=0.01 sys=0.00, real=0.00 secs] 
204.729: Total time for which application threads were stopped: 0.0010800 seconds, Stopping threads took: 0.0001030 seconds
204.774: Application time: 0.0443000 seconds
204.774: [GC204.774: [ParNew: 17518K->1030K(18048K), 0.0005860 secs] 42295K->25806K(57984K), 0.0006120 secs] [Times: user=0.01 sys=0.00, real=0.00 secs] 
204.774: Total time for which application threads were stopped: 0.0007420 seconds, Stopping threads took: 0.0000740 seconds
204.818: Application time: 0.0435990 seconds
204.818: [GC204.818: [ParNew: 17079K->554K(18048K), 0.0003700 secs] 41855K->25330K(57984K), 0.0004080 secs] [Times: user=0.01 sys=0.00, real=0.00 secs] 
204.818: Total time for which application threads were stopped: 0.0005430 seconds, Stopping threads took: 0.0000770 seconds
204.861: Application time: 0.0424900 seconds
204.861: [GC204.861: [ParNew: 16611K->80K(18048K), 0.0003200 secs] 41387K->24856K(57984K), 0.0003440 secs] [Times: user=0.00 sys=0.00, real=0.00 secs] 
204.862: Total time for which application threads were stopped: 0.0006010 seconds, Stopping threads took: 0.0002010 seconds
204.901: Application time: 0.0395810 seconds
204.901: [GC204.901: [ParNew: 15658K->1664K(18048K), 0.0009800 secs] 40435K->27464K(57984K), 0.0010120 secs] [Times: user=0.01 sys=0.00, real=0.00 secs] 
204.902: Total time for which application threads were stopped: 0.0012900 seconds, Stopping threads took: 0.0002140 seconds
204.945: Application time: 0.0425980 seconds
204.945: [GC204.945: [ParNew: 17709K->1576K(18048K), 0.0010560 secs] 43509K->28564K(57984K), 0.0010910 secs] [Times: user=0.01 sys=0.00, real=0.01 secs] 
204.946: Total time for which application threads were stopped: 0.0012290 seconds, Stopping threads took: 0.0000700 seconds
204.989: Application time: 0.0428480 seconds
204.993: [GC204.993: [ParNew: 17618K->1580K(18048K), 0.0008170 secs] 44607K->29145K(57984K), 0.0008510 secs] [Times: user=0.00 sys=0.00, real=0.00 secs] 
204.994: Total time for which application threads were stopped: 0.0050150 seconds, Stopping threads took: 0.0041000 seconds
205.039: Application time: 0.0445250 seconds
205.039: [GC205.039: [ParNew: 17553K->1546K(18048K), 0.0006500 secs] 45117K->29183K(57984K), 0.0006800 secs] [Times: user=0.01 sys=0.00, real=0.00 secs] 
205.039: Total time for which application threads were stopped: 0.0008070 seconds, Stopping threads took: 0.0000620 seconds
205.084: Application time: 0.0443090 seconds
205.084: [GC205.084: [ParNew: 17512K->1546K(18048K), 0.0006550 secs] 45149K->29183K(57984K), 0.0006840 secs] [Times: user=0.00 sys=0.00, real=0.00 secs] 
205.085: Total time for which application threads were stopped: 0.0008180 seconds, Stopping threads took: 0.0000710 seconds
205.127: Application time: 0.0423040 seconds
205.127: [GC205.127: [ParNew: 17512K->1548K(18048K), 0.0006190 secs] 45149K->29185K(57984K), 0.0006490 secs] [Times: user=0.01 sys=0.00, real=0.00 secs] 
205.128: Total time for which application threads were stopped: 0.0008770 seconds, Stopping threads took: 0.0001670 seconds
205.170: Application time: 0.0425190 seconds
205.170: [GC205.170: [ParNew: 17514K->1546K(18048K), 0.0006330 secs] 45151K->29183K(57984K), 0.0006620 secs] [Times: user=0.00 sys=0.00, real=0.00 secs] 
205.171: Total time for which application threads were stopped: 0.0007850 seconds, Stopping threads took: 0.0000610 seconds
205.213: Application time: 0.0421960 seconds
205.213: [GC205.213: [ParNew: 17508K->1548K(18048K), 0.0007670 secs] 45145K->29697K(57984K), 0.0007990 secs] [Times: user=0.00 sys=0.00, real=0.00 secs] 
205.214: Total time for which application threads were stopped: 0.0009320 seconds, Stopping threads took: 0.0000710 seconds
205.259: Application time: 0.0446290 seconds
205.259: [GC205.259: [ParNew: 17519K->1546K(18048K), 0.0007010 secs] 45667K->29695K(57984K), 0.0007280 secs] [Times: user=0.00 sys=0.00, real=0.00 secs] 
205.260: Total time for which application threads were stopped: 0.0008650 seconds, Stopping threads took: 0.0000650 seconds
205.302: Application time: 0.0425580 seconds
205.302: [GC205.302: [ParNew: 17591K->1580K(18048K), 0.0006140 secs] 45740K->29729K(57984K), 0.0006440 secs] [Times: user=0.00 sys=0.00, real=0.00 secs] 
205.303: Total time for which application threads were stopped: 0.0007740 seconds, Stopping threads took: 0.0000690 seconds
205.347: Application time: 0.0440110 seconds
205.347: [GC205.347: [ParNew: 17629K->1064K(18048K), 0.0005590 secs] 45778K->29269K(57984K), 0.0005860 secs] [Times: user=0.01 sys=0.00, real=0.00 secs] 
205.348: Total time for which application threads were stopped: 0.0006980 seconds, Stopping threads took: 0.0000560 seconds
205.389: Application time: 0.0410120 seconds
205.389: [GC205.389: [ParNew: 17018K->1546K(18048K), 0.0010230 secs] 45223K->30839K(57984K), 0.0010650 secs] [Times: user=0.01 sys=0.00, real=0.00 secs] 
205.390: Total time for which application threads were stopped: 0.0012040 seconds, Stopping threads took: 0.0000750 seconds
205.435: Application time: 0.0448640 seconds
205.435: [GC205.435: [ParNew: 17517K->1548K(18048K), 0.0007720 secs] 46810K->31353K(57984K), 0.0008050 secs] [Times: user=0.01 sys=0.00, real=0.00 secs] 
205.436: Total time for which application threads were stopped: 0.0009410 seconds, Stopping threads took: 0.0000730 seconds
205.479: Application time: 0.0427570 seconds
205.479: [GC205.479: [ParNew: 17519K->1546K(18048K), 0.0006250 secs] 47324K->31351K(57984K), 0.0006550 secs] [Times: user=0.01 sys=0.00, real=0.00 secs] 
205.479: Total time for which application threads were stopped: 0.0007840 seconds, Stopping threads took: 0.0000680 seconds
205.524: Application time: 0.0445580 seconds
205.524: [GC205.524: [ParNew: 17597K->554K(18048K), 0.0004350 secs] 47402K->30359K(57984K), 0.0004610 secs] [Times: user=0.00 sys=0.00, real=0.00 secs] 
205.524: Total time for which application threads were stopped: 0.0005820 seconds, Stopping threads took: 0.0000690 seconds
205.566: Application time: 0.0413260 seconds
205.566: [GC205.566: [ParNew: 16516K->1066K(18048K), 0.0004590 secs] 46321K->30871K(57984K), 0.0004900 secs] [Times: user=0.00 sys=0.00, real=0.00 secs] 
205.566: Total time for which application threads were stopped: 0.0006190 seconds, Stopping threads took: 0.0000690 seconds
205.607: Application time: 0.0401130 seconds
205.607: [GC205.607: [ParNew: 16660K->1608K(18048K), 0.0009590 secs] 46465K->32493K(57984K), 0.0009930 secs] [Times: user=0.00 sys=0.00, real=0.00 secs] 
205.608: Total time for which application threads were stopped: 0.0011450 seconds, Stopping threads took: 0.0000860 seconds
205.650: Application time: 0.0425390 seconds
205.650: [GC205.650: [ParNew: 17653K->1574K(18048K), 0.0009830 secs] 48538K->33595K(57984K), 0.0010170 secs] [Times: user=0.01 sys=0.00, real=0.00 secs] 
205.651: Total time for which application threads were stopped: 0.0011700 seconds, Stopping threads took: 0.0000860 seconds
205.696: Application time: 0.0446710 seconds
205.696: [GC205.696: [ParNew: 17191K->1096K(18048K), 0.0005100 secs] 49213K->33197K(57984K), 0.0005380 secs] [Times: user=0.00 sys=0.00, real=0.00 secs] 
205.697: Total time for which application threads were stopped: 0.0006690 seconds, Stopping threads took: 0.0000700 seconds
205.741: Application time: 0.0439040 seconds
205.741: [GC205.741: [ParNew: 17062K->1034K(18048K), 0.0004850 secs] 49164K->33239K(57984K), 0.0005140 secs] [Times: user=0.01 sys=0.00, real=0.00 secs] 
205.741: Total time for which application threads were stopped: 0.0006460 seconds, Stopping threads took: 0.0000710 seconds
205.782: Application time: 0.0408260 seconds
205.782: [GC205.782: [ParNew: 16996K->1548K(18048K), 0.0006580 secs] 49201K->33753K(57984K), 0.0006870 secs] [Times: user=0.00 sys=0.00, real=0.00 secs] 
205.783: Total time for which application threads were stopped: 0.0008240 seconds, Stopping threads took: 0.0000700 seconds
205.828: Application time: 0.0452990 seconds
205.828: [GC205.828: [ParNew: 17514K->1546K(18048K), 0.0006120 secs] 49720K->33751K(57984K), 0.0006400 secs] [Times: user=0.01 sys=0.00, real=0.00 secs] 
205.829: Total time for which application threads were stopped: 0.0007880 seconds, Stopping threads took: 0.0000870 seconds
205.872: Application time: 0.0426990 seconds
205.872: [GC205.872: [ParNew: 17516K->1036K(18048K), 0.0005400 secs] 49722K->33241K(57984K), 0.0005670 secs] [Times: user=0.00 sys=0.00, real=0.00 secs] 
205.872: Total time for which application threads were stopped: 0.0007070 seconds, Stopping threads took: 0.0000820 seconds
205.917: Application time: 0.0441870 seconds
205.917: [GC205.917: [ParNew: 17000K->1032K(18048K), 0.0005640 secs] 49205K->33237K(57984K), 0.0005930 secs] [Times: user=0.00 sys=0.00, real=0.01 secs] 
205.917: Total time for which application threads were stopped: 0.0007430 seconds, Stopping threads took: 0.0000800 seconds
205.960: Application time: 0.0431130 seconds
205.961: [GC205.961: [ParNew: 16998K->1034K(18048K), 0.0004760 secs] 49204K->33239K(57984K), 0.0005050 secs] [Times: user=0.01 sys=0.00, real=0.00 secs] 
205.961: Total time for which application threads were stopped: 0.0006480 seconds, Stopping threads took: 0.0000820 seconds
206.003: Application time: 0.0422260 seconds
206.003: [GC206.003: [ParNew: 16996K->1544K(18048K), 0.0006430 secs] 49201K->33749K(57984K), 0.0006720 secs] [Times: user=0.01 sys=0.00, real=0.00 secs] 
206.004: Total time for which application threads were stopped: 0.0008020 seconds, Stopping threads took: 0.0000690 seconds
206.048: Application time: 0.0434860 seconds
206.048: [GC206.048: [ParNew: 17588K->1580K(18048K), 0.0006120 secs] 49794K->33785K(57984K), 0.0006400 secs] [Times: user=0.01 sys=0.00, real=0.00 secs] 
206.048: Total time for which application threads were stopped: 0.0007650 seconds, Stopping threads took: 0.0000610 seconds
206.093: Application time: 0.0446160 seconds
206.093: [GC206.093: [ParNew: 17629K->1064K(18048K), 0.0004750 secs] 49834K->33333K(57984K), 0.0005030 secs] [Times: user=0.00 sys=0.00, real=0.00 secs] 
206.094: Total time for which application threads were stopped: 0.0006260 seconds, Stopping threads took: 0.0000640 seconds
206.136: Application time: 0.0427250 seconds
206.136: [GC206.137: [ParNew: 17026K->1546K(18048K), 0.0006090 secs] 49296K->33879K(57984K), 0.0006380 secs] [Times: user=0.01 sys=0.00, real=0.00 secs] 
206.137: Total time for which application threads were stopped: 0.0007660 seconds, Stopping threads took: 0.0000640 seconds
206.178: Application time: 0.0412130 seconds
206.178: [GC206.178: [ParNew: 17512K->1546K(18048K), 0.0006100 secs] 49846K->33879K(57984K), 0.0006390 secs] [Times: user=0.01 sys=0.00, real=0.00 secs] 
206.179: Total time for which application threads were stopped: 0.0007670 seconds, Stopping threads took: 0.0000680 seconds
206.223: Application time: 0.0434640 seconds
206.223: [GC206.223: [ParNew: 17508K->1546K(18048K), 0.0008560 secs] 49842K->34391K(57984K), 0.0008870 secs] [Times: user=0.00 sys=0.00, real=0.00 secs] 
206.224: Total time for which application threads were stopped: 0.0010190 seconds, Stopping threads took: 0.0000690 seconds
206.266: Application time: 0.0427010 seconds
206.266: [GC206.266: [ParNew: 17157K->1606K(18048K), 0.0006620 secs] 50002K->34451K(57984K), 0.0006940 secs] [Times: user=0.01 sys=0.00, real=0.00 secs] 
206.267: Total time for which application threads were stopped: 0.0008450 seconds, Stopping threads took: 0.0000890 seconds
206.309: Application time: 0.0419220 seconds
206.309: [GC206.309: [ParNew: 17572K->1546K(18048K), 0.0021070 secs] 50418K->34503K(57984K), 0.0021420 secs] [Times: user=0.01 sys=0.00, real=0.00 secs] 
206.311: Total time for which application threads were stopped: 0.0022810 seconds, Stopping threads took: 0.0000560 seconds
206.355: Application time: 0.0435620 seconds
206.355: [GC206.355: [ParNew: 17591K->1066K(18048K), 0.0004620 secs] 50548K->34023K(57984K), 0.0004870 secs] [Times: user=0.00 sys=0.00, real=0.00 secs] 
206.356: Total time for which application threads were stopped: 0.0006770 seconds, Stopping threads took: 0.0001300 seconds
206.398: Application time: 0.0427690 seconds
206.398: [GC206.399: [ParNew: 17113K->1064K(18048K), 0.0004960 secs] 50070K->34085K(57984K), 0.0005250 secs] [Times: user=0.01 sys=0.00, real=0.00 secs] 
206.399: Total time for which application threads were stopped: 0.0006470 seconds, Stopping threads took: 0.0000630 seconds
206.441: Application time: 0.0418030 seconds
206.441: [GC206.441: [ParNew: 16670K->1096K(18048K), 0.0004940 secs] 49692K->34173K(57984K), 0.0005230 secs] [Times: user=0.00 sys=0.00, real=0.00 secs] 
206.442: Total time for which application threads were stopped: 0.0006530 seconds, Stopping threads took: 0.0000690 seconds
206.484: Application time: 0.0426870 seconds
206.484: [GC206.484: [ParNew: 17058K->1544K(18048K), 0.0006890 secs] 50136K->34721K(57984K), 0.0007180 secs] [Times: user=0.01 sys=0.00, real=0.00 secs] 
206.485: Total time for which application threads were stopped: 0.0008600 seconds, Stopping threads took: 0.0000800 seconds
206.527: Application time: 0.0417540 seconds
206.527: [GC206.527: [ParNew: 17510K->1546K(18048K), 0.0006250 secs] 50688K->34723K(57984K), 0.0006570 secs] [Times: user=0.01 sys=0.00, real=0.00 secs] 
206.528: Total time for which application threads were stopped: 0.0007990 seconds, Stopping threads took: 0.0000770 seconds
206.572: Application time: 0.0448250 seconds
206.573: [GC206.573: [ParNew: 17516K->1034K(18048K), 0.0005360 secs] 50694K->34211K(57984K), 0.0005640 secs] [Times: user=0.01 sys=0.00, real=0.00 secs] 
206.573: Total time for which application threads were stopped: 0.0006840 seconds, Stopping threads took: 0.0000610 seconds
206.616: Application time: 0.0432370 seconds
206.616: [GC206.616: [ParNew: 16992K->1548K(18048K), 0.0007880 secs] 50170K->35237K(57984K), 0.0008190 secs] [Times: user=0.01 sys=0.00, real=0.01 secs] 
206.617: Total time for which application threads were stopped: 0.0009540 seconds, Stopping threads took: 0.0000710 seconds
206.661: Application time: 0.0436220 seconds
206.661: [GC206.661: [ParNew: 17519K->1548K(18048K), 0.0006940 secs] 51208K->35237K(57984K), 0.0007260 secs] [Times: user=0.01 sys=0.00, real=0.00 secs] 
206.662: Total time for which application threads were stopped: 0.0009970 seconds, Stopping threads took: 0.0002060 seconds
206.703: Application time: 0.0407680 seconds
206.703: [GC206.703: [ParNew: 17510K->1546K(18048K), 0.0008540 secs] 51200K->35747K(57984K), 0.0008860 secs] [Times: user=0.00 sys=0.00, real=0.00 secs] 
206.704: Total time for which application threads were stopped: 0.0010200 seconds, Stopping threads took: 0.0000690 seconds
206.748: Application time: 0.0445780 seconds
206.748: [GC206.748: [ParNew: 17595K->1580K(18048K), 0.0006400 secs] 51796K->35781K(57984K), 0.0006700 secs] [Times: user=0.00 sys=0.00, real=0.00 secs] 
206.749: Total time for which application threads were stopped: 0.0007940 seconds, Stopping threads took: 0.0000610 seconds
206.792: Application time: 0.0425020 seconds
206.792: [GC206.792: [ParNew: 17616K->1578K(18048K), 0.0009820 secs] 51818K->36867K(57984K), 0.0010140 secs] [Times: user=0.01 sys=0.00, real=0.00 secs] 
206.793: Total time for which application threads were stopped: 0.0011600 seconds, Stopping threads took: 0.0000820 seconds
206.835: Application time: 0.0417560 seconds
206.835: [GC206.835: [ParNew: 17549K->1546K(18048K), 0.0009520 secs] 52838K->37403K(57984K), 0.0009830 secs] [Times: user=0.01 sys=0.00, real=0.00 secs] 
206.836: Total time for which application threads were stopped: 0.0011290 seconds, Stopping threads took: 0.0000740 seconds
206.880: Application time: 0.0443400 seconds
206.880: [GC206.880: [ParNew: 17510K->1546K(18048K), 0.0008650 secs] 53368K->37915K(57984K), 0.0008950 secs] [Times: user=0.01 sys=0.00, real=0.00 secs] 
206.881: Total time for which application threads were stopped: 0.0010370 seconds, Stopping threads took: 0.0000790 seconds
206.925: Application time: 0.0439730 seconds
206.925: [GC206.925: [ParNew: 17517K->1546K(18048K), 0.0007190 secs] 53886K->37915K(57984K), 0.0007480 secs] [Times: user=0.00 sys=0.00, real=0.01 secs] 
206.926: Total time for which application threads were stopped: 0.0008780 seconds, Stopping threads took: 0.0000700 seconds
206.968: Application time: 0.0419760 seconds
206.968: [GC206.968: [ParNew: 17595K->1066K(18048K), 0.0005620 secs] 53965K->37435K(57984K), 0.0005910 secs] [Times: user=0.00 sys=0.00, real=0.00 secs] 
206.969: Total time for which application threads were stopped: 0.0007180 seconds, Stopping threads took: 0.0000670 seconds
207.012: Application time: 0.0435630 seconds
207.012: [GC207.012: [ParNew: 17115K->554K(18048K), 0.0003750 secs] 53485K->36979K(57984K), 0.0004020 secs] [Times: user=0.00 sys=0.00, real=0.00 secs] 
207.013: Total time for which application threads were stopped: 0.0005220 seconds, Stopping threads took: 0.0000620 seconds
207.056: Application time: 0.0436250 seconds
207.056: [GC207.056: [ParNew: 16516K->1062K(18048K), 0.0004750 secs] 52942K->37487K(57984K), 0.0005130 secs] [Times: user=0.00 sys=0.00, real=0.00 secs] 
207.057: Total time for which application threads were stopped: 0.0006310 seconds, Stopping threads took: 0.0000590 seconds
207.096: Application time: 0.0393630 seconds
207.096: [GC207.096: [ParNew: 16661K->1606K(18048K), 0.0009310 secs] 53086K->38608K(57984K), 0.0009630 secs] [Times: user=0.00 sys=0.00, real=0.01 secs] 
207.097: Total time for which application threads were stopped: 0.0011110 seconds, Stopping threads took: 0.0000840 seconds
207.142: Application time: 0.0445530 seconds
207.142: [GC207.142: [ParNew: 17655K->1578K(18048K), 0.0006820 secs] 54657K->38684K(57984K), 0.0007130 secs] [Times: user=0.00 sys=0.00, real=0.00 secs] 
207.143: Total time for which application threads were stopped: 0.0008440 seconds, Stopping threads took: 0.0000690 seconds
207.187: Application time: 0.0436970 seconds
207.187: [GC207.187: [ParNew: 17627K->1066K(18048K), 0.0005010 secs] 54733K->38236K(57984K), 0.0005290 secs] [Times: user=0.00 sys=0.00, real=0.00 secs] 
207.187: Total time for which application threads were stopped: 0.0006500 seconds, Stopping threads took: 0.0000650 seconds
207.228: Application time: 0.0408800 seconds
207.228: [GC207.228: [ParNew: 17032K->1032K(18048K), 0.0005190 secs] 54202K->38273K(57984K), 0.0005460 secs] [Times: user=0.01 sys=0.00, real=0.00 secs] 
207.229: Total time for which application threads were stopped: 0.0006790 seconds, Stopping threads took: 0.0000720 seconds
207.273: Application time: 0.0447770 seconds
207.274: [GC207.274: [ParNew: 16998K->1030K(18048K), 0.0004960 secs] 54240K->38271K(57984K), 0.0005260 secs] [Times: user=0.01 sys=0.00, real=0.00 secs] 
207.274: Total time for which application threads were stopped: 0.0006700 seconds, Stopping threads took: 0.0000830 seconds
207.317: Application time: 0.0429270 seconds
207.317: [GC207.317: [ParNew: 16992K->1546K(18048K), 0.0007050 secs] 54234K->38788K(57984K), 0.0007380 secs] [Times: user=0.00 sys=0.00, real=0.00 secs] 
207.318: Total time for which application threads were stopped: 0.0009230 seconds, Stopping threads took: 0.0001180 seconds
207.360: Application time: 0.0421190 seconds
207.360: [GC207.360: [ParNew: 17504K->1546K(18048K), 0.0009700 secs] 54746K->39812K(57984K), 0.0010050 secs] [Times: user=0.01 sys=0.00, real=0.00 secs] 
207.361: Total time for which application threads were stopped: 0.0011500 seconds, Stopping threads took: 0.0000690 seconds
207.405: Application time: 0.0436240 seconds
207.405: [GC207.405: [ParNew: 17517K->1546K(18048K), 0.0008900 secs] 55782K->40324K(57984K), 0.0009220 secs] [Times: user=0.00 sys=0.00, real=0.01 secs] 
207.406: Total time for which application threads were stopped: 0.0010520 seconds, Stopping threads took: 0.0000650 seconds
207.450: Application time: 0.0440410 seconds
207.450: [GC207.450: [ParNew: 17517K->1542K(18048K), 0.0006220 secs] 56294K->40320K(57984K), 0.0006520 secs] [Times: user=0.01 sys=0.00, real=0.00 secs] 
207.451: Total time for which application threads were stopped: 0.0007990 seconds, Stopping threads took: 0.0000870 seconds
207.496: Application time: 0.0448990 seconds
207.496: [GC207.496: [ParNew: 17591K->1062K(18048K), 0.0004620 secs] 56369K->39840K(57984K), 0.0004890 secs] [Times: user=0.01 sys=0.00, real=0.00 secs] 
207.496: Total time for which application threads were stopped: 0.0006050 seconds, Stopping threads took: 0.0000580 seconds
207.541: Application time: 0.0446640 seconds
207.541: [GC207.541: [ParNew: 17111K->552K(18048K), 0.0003710 secs] 55889K->39378K(57984K), 0.0003980 secs] [Times: user=0.00 sys=0.00, real=0.00 secs] 
207.542: Total time for which application threads were stopped: 0.0005200 seconds, Stopping threads took: 0.0000660 seconds
207.584: Application time: 0.0422280 seconds
207.584: [GC207.584: [ParNew: 16518K->552K(18048K), 0.0003520 secs] 55344K->39378K(57984K), 0.0003810 secs] [Times: user=0.00 sys=0.00, real=0.00 secs] 
207.584: Total time for which application threads were stopped: 0.0005170 seconds, Stopping threads took: 0.0000670 seconds
207.628: Application time: 0.0433000 seconds
207.628: [GC207.628: [ParNew: 16510K->1578K(18048K), 0.0006650 secs] 55336K->40404K(57984K), 0.0006940 secs] [Times: user=0.00 sys=0.00, real=0.00 secs] 
207.628: Total time for which application threads were stopped: 0.0008420 seconds, Stopping threads took: 0.0000860 seconds
207.669: Application time: 0.0401490 seconds
207.669: [GC207.669: [ParNew: 17615K->1578K(18048K), 0.0009980 secs] 56440K->41500K(57984K), 0.0010330 secs] [Times: user=0.00 sys=0.00, real=0.00 secs] 
207.670: Total time for which application threads were stopped: 0.0011700 seconds, Stopping threads took: 0.0000700 seconds
207.714: Application time: 0.0445270 seconds
207.714: [GC207.714: [ParNew: 17544K->17544K(18048K), 0.0000090 secs]207.714: [Tenured: 39922K->9453K(39936K), 0.0056740 secs] 57466K->9453K(57984K), [Perm : 5179K->5179K(21248K)], 0.0057300 secs] [Times: user=0.00 sys=0.00, real=0.01 secs] 
207.720: Total time for which application threads were stopped: 0.0058760 seconds, Stopping threads took: 0.0000740 seconds
207.764: Application time: 0.0439120 seconds
207.764: [GC207.764: [ParNew: 16049K->1576K(18048K), 0.0008230 secs] 25502K->11541K(57984K), 0.0008560 secs] [Times: user=0.01 sys=0.00, real=0.00 secs] 
207.765: Total time for which application threads were stopped: 0.0010290 seconds, Stopping threads took: 0.0001100 seconds
207.808: Application time: 0.0430670 seconds
207.808: [GC207.808: [ParNew: 17542K->1546K(18048K), 0.0008360 secs] 27508K->12095K(57984K), 0.0008680 secs] [Times: user=0.00 sys=0.00, real=0.00 secs] 
207.809: Total time for which application threads were stopped: 0.0010210 seconds, Stopping threads took: 0.0000800 seconds
207.853: Application time: 0.0437500 seconds
207.853: [GC207.853: [ParNew: 17161K->1094K(18048K), 0.0004580 secs] 27710K->11643K(57984K), 0.0004870 secs] [Times: user=0.00 sys=0.00, real=0.00 secs] 
207.854: Total time for which application threads were stopped: 0.0006030 seconds, Stopping threads took: 0.0000570 seconds
207.894: Application time: 0.0406080 seconds
207.894: [GC207.894: [ParNew: 16697K->1608K(18048K), 0.0006650 secs] 27246K->12245K(57984K), 0.0006950 secs] [Times: user=0.00 sys=0.00, real=0.00 secs] 
207.895: Total time for which application threads were stopped: 0.0008240 seconds, Stopping threads took: 0.0000590 seconds
207.936: Application time: 0.0413510 seconds
207.937: [GC207.937: [ParNew: 17566K->1550K(18048K), 0.0010380 secs] 28204K->13299K(57984K), 0.0010730 secs] [Times: user=0.01 sys=0.00, real=0.01 secs] 
207.938: Total time for which application threads were stopped: 0.0013400 seconds, Stopping threads took: 0.0001990 seconds
207.981: Application time: 0.0435850 seconds
207.981: [GC207.981: [ParNew: 17516K->1548K(18048K), 0.0009720 secs] 29266K->14321K(57984K), 0.0010050 secs] [Times: user=0.01 sys=0.00, real=0.00 secs] 
207.982: Total time for which application threads were stopped: 0.0011380 seconds, Stopping threads took: 0.0000670 seconds
208.025: Application time: 0.0424370 seconds
208.025: [GC208.025: [ParNew: 17514K->1548K(18048K), 0.0011170 secs] 30288K->15345K(57984K), 0.0011490 secs] [Times: user=0.00 sys=0.00, real=0.01 secs] 
208.026: Total time for which application threads were stopped: 0.0013000 seconds, Stopping threads took: 0.0000850 seconds
208.070: Application time: 0.0434320 seconds
208.070: [GC208.070: [ParNew: 17514K->1546K(18048K), 0.0010340 secs] 31312K->16367K(57984K), 0.0010650 secs] [Times: user=0.01 sys=0.00, real=0.00 secs] 
208.071: Total time for which application threads were stopped: 0.0011960 seconds, Stopping threads took: 0.0000670 seconds
208.115: Application time: 0.0441390 seconds
208.115: [GC208.115: [ParNew: 17517K->1544K(18048K), 0.0008040 secs] 32338K->16877K(57984K), 0.0008350 secs] [Times: user=0.01 sys=0.00, real=0.00 secs] 
208.116: Total time for which application threads were stopped: 0.0009790 seconds, Stopping threads took: 0.0000810 seconds
208.159: Application time: 0.0430410 seconds
208.159: [GC208.159: [ParNew: 17510K->1546K(18048K), 0.0008300 secs] 32844K->17392K(57984K), 0.0008690 secs] [Times: user=0.00 sys=0.00, real=0.00 secs] 
208.160: Total time for which application threads were stopped: 0.0010110 seconds, Stopping threads took: 0.0000780 seconds
208.204: Application time: 0.0437810 seconds
208.204: [GC208.204: [ParNew: 17595K->1576K(18048K), 0.0007030 secs] 33440K->17422K(57984K), 0.0007310 secs] [Times: user=0.00 sys=0.00, real=0.00 secs] 
208.205: Total time for which application threads were stopped: 0.0008510 seconds, Stopping threads took: 0.0000590 seconds
208.248: Application time: 0.0434370 seconds
208.248: [GC208.248: [ParNew: 17547K->1034K(18048K), 0.0004440 secs] 33392K->16952K(57984K), 0.0004710 secs] [Times: user=0.00 sys=0.00, real=0.00 secs] 
208.249: Total time for which application threads were stopped: 0.0006900 seconds, Stopping threads took: 0.0001590 seconds
208.292: Application time: 0.0431290 seconds
208.292: [GC208.292: [ParNew: 17079K->1066K(18048K), 0.0004390 secs] 32997K->16984K(57984K), 0.0004690 secs] [Times: user=0.00 sys=0.00, real=0.00 secs] 
208.292: Total time for which application threads were stopped: 0.0005900 seconds, Stopping threads took: 0.0000620 seconds
208.335: Application time: 0.0428040 seconds
208.335: [GC208.335: [ParNew: 17028K->1546K(18048K), 0.0006670 secs] 32946K->17536K(57984K), 0.0006970 secs] [Times: user=0.01 sys=0.00, real=0.00 secs] 
208.336: Total time for which application threads were stopped: 0.0008260 seconds, Stopping threads took: 0.0000680 seconds
208.378: Application time: 0.0422140 seconds
208.378: [GC208.378: [ParNew: 17512K->1544K(18048K), 0.0006270 secs] 33502K->17534K(57984K), 0.0006570 secs] [Times: user=0.01 sys=0.00, real=0.00 secs] 
208.379: Total time for which application threads were stopped: 0.0008450 seconds, Stopping threads took: 0.0001260 seconds
208.422: Application time: 0.0427540 seconds
208.422: [GC208.422: [ParNew: 17588K->1580K(18048K), 0.0005920 secs] 33578K->17570K(57984K), 0.0006230 secs] [Times: user=0.00 sys=0.00, real=0.00 secs] 
208.423: Total time for which application threads were stopped: 0.0007920 seconds, Stopping threads took: 0.0000980 seconds
208.465: Application time: 0.0421160 seconds
208.465: [GC208.465: [ParNew: 17620K->1578K(18048K), 0.0007870 secs] 33610K->18152K(57984K), 0.0008180 secs] [Times: user=0.01 sys=0.00, real=0.01 secs] 
208.466: Total time for which application threads were stopped: 0.0009550 seconds, Stopping threads took: 0.0000710 seconds
208.509: Application time: 0.0431960 seconds
208.509: [GC208.509: [ParNew: 17544K->1548K(18048K), 0.0007610 secs] 34118K->18698K(57984K), 0.0007900 secs] [Times: user=0.00 sys=0.01, real=0.00 secs] 
208.510: Total time for which application threads were stopped: 0.0009250 seconds, Stopping threads took: 0.0000730 seconds
208.549: Application time: 0.0393690 seconds
208.549: [GC208.549: [ParNew: 17601K->1588K(18048K), 0.0008060 secs] 34751K->19250K(57984K), 0.0008350 secs] [Times: user=0.00 sys=0.00, real=0.00 secs] 
208.550: Total time for which application threads were stopped: 0.0009660 seconds, Stopping threads took: 0.0000710 seconds
208.589: Application time: 0.0387770 seconds
208.589: [GC208.589: [ParNew: 17191K->1606K(18048K), 0.0006150 secs] 34853K->19348K(57984K), 0.0006470 secs] [Times: user=0.00 sys=0.00, real=0.00 secs] 
208.590: Total time for which application threads were stopped: 0.0007960 seconds, Stopping threads took: 0.0000890 seconds
208.630: Application time: 0.0402600 seconds
208.630: [GC208.630: [ParNew: 17647K->1578K(18048K), 0.0008120 secs] 35389K->19944K(57984K), 0.0008420 secs] [Times: user=0.00 sys=0.00, real=0.00 secs] 
208.631: Total time for which application threads were stopped: 0.0009740 seconds, Stopping threads took: 0.0000710 seconds
208.671: Application time: 0.0402220 seconds
208.671: [GC208.671: [ParNew: 17544K->1546K(18048K), 0.0007910 secs] 35911K->20472K(57984K), 0.0008240 secs] [Times: user=0.00 sys=0.00, real=0.00 secs] 
208.672: Total time for which application threads were stopped: 0.0009440 seconds, Stopping threads took: 0.0000570 seconds
208.712: Application time: 0.0399860 seconds
208.712: [GC208.712: [ParNew: 17508K->1546K(18048K), 0.0009870 secs] 36434K->21496K(57984K), 0.0010280 secs] [Times: user=0.01 sys=0.00, real=0.00 secs] 
208.713: Total time for which application threads were stopped: 0.0011760 seconds, Stopping threads took: 0.0000860 seconds
208.753: Application time: 0.0396310 seconds
208.753: [GC208.753: [ParNew: 17512K->1548K(18048K), 0.0007940 secs] 37463K->22010K(57984K), 0.0008220 secs] [Times: user=0.00 sys=0.00, real=0.00 secs] 
208.754: Total time for which application threads were stopped: 0.0009560 seconds, Stopping threads took: 0.0000720 seconds
208.795: Application time: 0.0406110 seconds
208.795: [GC208.795: [ParNew: 17519K->1548K(18048K), 0.0006910 secs] 37981K->22010K(57984K), 0.0007190 secs] [Times: user=0.00 sys=0.00, real=0.00 secs] 
208.795: Total time for which application threads were stopped: 0.0008470 seconds, Stopping threads took: 0.0000700 seconds
208.835: Application time: 0.0399100 seconds
208.835: [GC208.836: [ParNew: 17510K->1548K(18048K), 0.0007630 secs] 37972K->22522K(57984K), 0.0007910 secs] [Times: user=0.01 sys=0.00, real=0.00 secs] 
208.836: Total time for which application threads were stopped: 0.0009780 seconds, Stopping threads took: 0.0001280 seconds
208.878: Application time: 0.0416180 seconds
208.878: [GC208.878: [ParNew: 17516K->1548K(18048K), 0.0006420 secs] 38491K->22522K(57984K), 0.0006700 secs] [Times: user=0.01 sys=0.00, real=0.00 secs] 
208.879: Total time for which application threads were stopped: 0.0007880 seconds, Stopping threads took: 0.0000590 seconds
208.916: Application time: 0.0371640 seconds
208.916: [GC208.916: [ParNew: 17580K->1578K(18048K), 0.0011270 secs] 38554K->24088K(57984K), 0.0011610 secs] [Times: user=0.01 sys=0.00, real=0.01 secs] 
208.917: Total time for which application threads were stopped: 0.0013080 seconds, Stopping threads took: 0.0000720 seconds
208.959: Application time: 0.0413350 seconds
208.959: [GC208.959: [ParNew: 17625K->1578K(18048K), 0.0010370 secs] 40135K->25168K(57984K), 0.0010680 secs] [Times: user=0.01 sys=0.00, real=0.00 secs] 
208.960: Total time for which application threads were stopped: 0.0012070 seconds, Stopping threads took: 0.0000700 seconds
209.000: Application time: 0.0403280 seconds
209.000: [GC209.000: [ParNew: 17549K->1544K(18048K), 0.0008820 secs] 41139K->25710K(57984K), 0.0009120 secs] [Times: user=0.00 sys=0.00, real=0.00 secs] 
209.001: Total time for which application threads were stopped: 0.0010330 seconds, Stopping threads took: 0.0000580 seconds
209.042: Application time: 0.0411100 seconds
209.042: [GC209.042: [ParNew: 17514K->1546K(18048K), 0.0006250 secs] 41681K->25712K(57984K), 0.0006530 secs] [Times: user=0.00 sys=0.00, real=0.00 secs] 
209.043: Total time for which application threads were stopped: 0.0007800 seconds, Stopping threads took: 0.0000700 seconds
209.083: Application time: 0.0395150 seconds
209.083: [GC209.083: [ParNew: 17586K->1574K(18048K), 0.0008570 secs] 41753K->26252K(57984K), 0.0008890 secs] [Times: user=0.01 sys=0.00, real=0.00 secs] 
209.084: Total time for which application threads were stopped: 0.0010380 seconds, Stopping threads took: 0.0000840 seconds
209.124: Application time: 0.0406910 seconds
209.124: [GC209.124: [ParNew: 17545K->1542K(18048K), 0.0007080 secs] 42223K->26276K(57984K), 0.0007370 secs] [Times: user=0.00 sys=0.00, real=0.00 secs] 
209.125: Total time for which application threads were stopped: 0.0008550 seconds, Stopping threads took: 0.0000580 seconds
209.165: Application time: 0.0396370 seconds
209.165: [GC209.165: [ParNew: 17591K->1068K(18048K), 0.0004560 secs] 42325K->25802K(57984K), 0.0004860 secs] [Times: user=0.00 sys=0.00, real=0.01 secs] 
209.165: Total time for which application threads were stopped: 0.0006150 seconds, Stopping threads took: 0.0000700 seconds
209.204: Application time: 0.0388630 seconds
209.204: [GC209.204: [ParNew: 17022K->1550K(18048K), 0.0010450 secs] 41756K->27372K(57984K), 0.0010880 secs] [Times: user=0.01 sys=0.00, real=0.01 secs] 
209.205: Total time for which application threads were stopped: 0.0012120 seconds, Stopping threads took: 0.0000600 seconds
209.245: Application time: 0.0399860 seconds
209.246: [GC209.246: [ParNew: 17599K->1574K(18048K), 0.0008760 secs] 43421K->27908K(57984K), 0.0009050 secs] [Times: user=0.01 sys=0.00, real=0.00 secs] 
209.246: Total time for which application threads were stopped: 0.0010340 seconds, Stopping threads took: 0.0000680 seconds
209.286: Application time: 0.0391550 seconds
209.286: [GC209.286: [ParNew: 17185K->1604K(18048K), 0.0006920 secs] 43519K->28010K(57984K), 0.0007200 secs] [Times: user=0.00 sys=0.00, real=0.00 secs] 
209.286: Total time for which application threads were stopped: 0.0008490 seconds, Stopping threads took: 0.0000690 seconds
209.328: Application time: 0.0411420 seconds
209.328: [GC209.328: [ParNew: 17651K->1064K(18048K), 0.0005760 secs] 44057K->27550K(57984K), 0.0006020 secs] [Times: user=0.00 sys=0.00, real=0.00 secs] 
209.328: Total time for which application threads were stopped: 0.0007300 seconds, Stopping threads took: 0.0000710 seconds
209.370: Application time: 0.0415360 seconds
209.370: [GC209.370: [ParNew: 17035K->518K(18048K), 0.0003740 secs] 43521K->27076K(57984K), 0.0003990 secs] [Times: user=0.00 sys=0.00, real=0.00 secs] 
209.370: Total time for which application threads were stopped: 0.0005640 seconds, Stopping threads took: 0.0001090 seconds
209.407: Application time: 0.0363330 seconds
209.407: [GC209.407: [ParNew: 16468K->1546K(18048K), 0.0009480 secs] 43026K->29128K(57984K), 0.0009790 secs] [Times: user=0.01 sys=0.00, real=0.00 secs] 
209.408: Total time for which application threads were stopped: 0.0011040 seconds, Stopping threads took: 0.0000610 seconds
209.448: Application time: 0.0397760 seconds
209.448: [GC209.448: [ParNew: 17512K->1548K(18048K), 0.0009480 secs] 45095K->30154K(57984K), 0.0009810 secs] [Times: user=0.00 sys=0.00, real=0.00 secs] 
209.449: Total time for which application threads were stopped: 0.0011150 seconds, Stopping threads took: 0.0000690 seconds
209.487: Application time: 0.0384270 seconds
209.487: [GC209.487: [ParNew: 17519K->1546K(18048K), 0.0008840 secs] 46125K->30664K(57984K), 0.0009140 secs] [Times: user=0.01 sys=0.00, real=0.00 secs] 
209.488: Total time for which application threads were stopped: 0.0010530 seconds, Stopping threads took: 0.0000670 seconds
209.530: Application time: 0.0413210 seconds
209.530: [GC209.530: [ParNew: 17517K->1546K(18048K), 0.0007200 secs] 46635K->30664K(57984K), 0.0007490 secs] [Times: user=0.00 sys=0.00, real=0.00 secs] 
209.530: Total time for which application threads were stopped: 0.0008660 seconds, Stopping threads took: 0.0000550 seconds
209.571: Application time: 0.0400810 seconds
209.571: [GC209.571: [ParNew: 17595K->1066K(18048K), 0.0004890 secs] 46713K->30184K(57984K), 0.0005140 secs] [Times: user=0.00 sys=0.00, real=0.00 secs] 
209.571: Total time for which application threads were stopped: 0.0006330 seconds, Stopping threads took: 0.0000650 seconds
209.611: Application time: 0.0400990 seconds
209.611: [GC209.611: [ParNew: 17028K->1546K(18048K), 0.0006870 secs] 46147K->30728K(57984K), 0.0007160 secs] [Times: user=0.00 sys=0.00, real=0.00 secs] 
209.612: Total time for which application threads were stopped: 0.0008340 seconds, Stopping threads took: 0.0000610 seconds
209.651: Application time: 0.0391820 seconds
209.651: [GC209.651: [ParNew: 17595K->1068K(18048K), 0.0004600 secs] 46778K->30251K(57984K), 0.0004870 secs] [Times: user=0.01 sys=0.00, real=0.00 secs] 
209.652: Total time for which application threads were stopped: 0.0006050 seconds, Stopping threads took: 0.0000590 seconds
209.691: Application time: 0.0388500 seconds
209.691: [GC209.691: [ParNew: 17104K->1580K(18048K), 0.0008380 secs] 46287K->31331K(57984K), 0.0008680 secs] [Times: user=0.00 sys=0.00, real=0.00 secs] 
209.692: Total time for which application threads were stopped: 0.0010000 seconds, Stopping threads took: 0.0000700 seconds
209.732: Application time: 0.0399770 seconds
209.732: [GC209.732: [ParNew: 17546K->1546K(18048K), 0.0007820 secs] 47297K->31873K(57984K), 0.0008200 secs] [Times: user=0.01 sys=0.00, real=0.00 secs] 
209.733: Total time for which application threads were stopped: 0.0009670 seconds, Stopping threads took: 0.0000860 seconds
209.773: Application time: 0.0403910 seconds
209.773: [GC209.773: [ParNew: 17517K->1546K(18048K), 0.0006130 secs] 47843K->31873K(57984K), 0.0006420 secs] [Times: user=0.01 sys=0.00, real=0.00 secs] 
209.774: Total time for which application threads were stopped: 0.0007810 seconds, Stopping threads took: 0.0000800 seconds
209.813: Application time: 0.0393140 seconds
209.813: [GC209.813: [ParNew: 17512K->1546K(18048K), 0.0006300 secs] 47839K->31873K(57984K), 0.0006580 secs] [Times: user=0.00 sys=0.00, real=0.00 secs] 
209.814: Total time for which application threads were stopped: 0.0007990 seconds, Stopping threads took: 0.0000810 seconds
209.853: Application time: 0.0386680 seconds
209.853: [GC209.853: [ParNew: 17586K->1580K(18048K), 0.0008230 secs] 47913K->32419K(57984K), 0.0008530 secs] [Times: user=0.01 sys=0.00, real=0.00 secs] 
209.854: Total time for which application threads were stopped: 0.0009910 seconds, Stopping threads took: 0.0000760 seconds
209.893: Application time: 0.0397170 seconds
209.894: [GC209.894: [ParNew: 17625K->1580K(18048K), 0.0006350 secs] 48464K->32483K(57984K), 0.0006640 secs] [Times: user=0.00 sys=0.00, real=0.00 secs] 
209.894: Total time for which application threads were stopped: 0.0008290 seconds, Stopping threads took: 0.0001070 seconds
209.934: Application time: 0.0400930 seconds
209.934: [GC209.934: [ParNew: 17629K->1576K(18048K), 0.0006460 secs] 48532K->32535K(57984K), 0.0006750 secs] [Times: user=0.01 sys=0.00, real=0.00 secs] 
209.935: Total time for which application threads were stopped: 0.0007890 seconds, Stopping threads took: 0.0000540 seconds
209.973: Application time: 0.0383580 seconds
209.974: [GC209.974: [ParNew: 17179K->1608K(18048K), 0.0008060 secs] 48138K->33135K(57984K), 0.0008350 secs] [Times: user=0.01 sys=0.00, real=0.00 secs] 
209.974: Total time for which application threads were stopped: 0.0009550 seconds, Stopping threads took: 0.0000560 seconds
210.015: Application time: 0.0408170 seconds
210.015: [GC210.015: [ParNew: 17579K->1546K(18048K), 0.0006170 secs] 49106K->33177K(57984K), 0.0006440 secs] [Times: user=0.00 sys=0.00, real=0.00 secs] 
210.016: Total time for which application threads were stopped: 0.0007800 seconds, Stopping threads took: 0.0000700 seconds
210.053: Application time: 0.0365760 seconds
210.053: [GC210.053: [ParNew: 17496K->1550K(18048K), 0.0009860 secs] 49127K->34205K(57984K), 0.0010170 secs] [Times: user=0.01 sys=0.00, real=0.00 secs] 
210.054: Total time for which application threads were stopped: 0.0012570 seconds, Stopping threads took: 0.0001750 seconds
210.095: Application time: 0.0410280 seconds
210.095: [GC210.095: [ParNew: 17521K->1548K(18048K), 0.0009920 secs] 50176K->35227K(57984K), 0.0010320 secs] [Times: user=0.00 sys=0.00, real=0.00 secs] 
210.096: Total time for which application threads were stopped: 0.0014560 seconds, Stopping threads took: 0.0003550 seconds
210.137: Application time: 0.0408140 seconds
210.137: [GC210.137: [ParNew: 17514K->1546K(18048K), 0.0010260 secs] 51194K->36249K(57984K), 0.0010570 secs] [Times: user=0.01 sys=0.00, real=0.00 secs] 
210.138: Total time for which application threads were stopped: 0.0011950 seconds, Stopping threads took: 0.0000750 seconds
210.179: Application time: 0.0406290 seconds
210.179: [GC210.179: [ParNew: 17517K->1546K(18048K), 0.0008640 secs] 52220K->36761K(57984K), 0.0008940 secs] [Times: user=0.00 sys=0.00, real=0.00 secs] 
210.180: Total time for which application threads were stopped: 0.0010110 seconds, Stopping threads took: 0.0000550 seconds
210.220: Application time: 0.0399230 seconds
210.220: [GC210.220: [ParNew: 17517K->1542K(18048K), 0.0005880 secs] 52732K->36757K(57984K), 0.0006180 secs] [Times: user=0.01 sys=0.00, real=0.00 secs] 
210.221: Total time for which application threads were stopped: 0.0007380 seconds, Stopping threads took: 0.0000600 seconds
210.260: Application time: 0.0392860 seconds
210.260: [GC210.260: [ParNew: 17582K->1578K(18048K), 0.0008290 secs] 52798K->37305K(57984K), 0.0008670 secs] [Times: user=0.00 sys=0.00, real=0.00 secs] 
210.261: Total time for which application threads were stopped: 0.0010010 seconds, Stopping threads took: 0.0000740 seconds
210.301: Application time: 0.0403850 seconds
210.301: [GC210.301: [ParNew: 17623K->1576K(18048K), 0.0007750 secs] 53350K->37879K(57984K), 0.0008040 secs] [Times: user=0.00 sys=0.00, real=0.00 secs] 
210.302: Total time for which application threads were stopped: 0.0009210 seconds, Stopping threads took: 0.0000550 seconds
210.344: Application time: 0.0415010 seconds
210.344: [GC210.344: [ParNew: 17542K->1548K(18048K), 0.0008750 secs] 53846K->38419K(57984K), 0.0009020 secs] [Times: user=0.00 sys=0.00, real=0.00 secs] 
210.345: Total time for which application threads were stopped: 0.0010220 seconds, Stopping threads took: 0.0000630 seconds
210.384: Application time: 0.0393040 seconds
210.384: [GC210.384: [ParNew: 17597K->1578K(18048K), 0.0006210 secs] 54468K->38449K(57984K), 0.0006490 secs] [Times: user=0.00 sys=0.00, real=0.00 secs] 
210.385: Total time for which application threads were stopped: 0.0007840 seconds, Stopping threads took: 0.0000760 seconds
210.424: Application time: 0.0394120 seconds
210.424: [GC210.424: [ParNew: 17544K->1546K(18048K), 0.0006400 secs] 54416K->38489K(57984K), 0.0006700 secs] [Times: user=0.00 sys=0.00, real=0.00 secs] 
210.425: Total time for which application threads were stopped: 0.0008110 seconds, Stopping threads took: 0.0000800 seconds
210.464: Application time: 0.0392280 seconds
210.464: [GC210.464: [ParNew: 17508K->1548K(18048K), 0.0008070 secs] 54452K->39003K(57984K), 0.0008390 secs] [Times: user=0.01 sys=0.00, real=0.01 secs] 
210.465: Total time for which application threads were stopped: 0.0009750 seconds, Stopping threads took: 0.0000740 seconds
210.504: Application time: 0.0386270 seconds
210.504: [GC210.504: [ParNew: 17510K->1548K(18048K), 0.0009290 secs] 54966K->40027K(57984K), 0.0009610 secs] [Times: user=0.00 sys=0.00, real=0.00 secs] 
210.505: Total time for which application threads were stopped: 0.0010910 seconds, Stopping threads took: 0.0000670 seconds
210.546: Application time: 0.0409880 seconds
210.546: [GC210.546: [ParNew: 17597K->1574K(18048K), 0.0009070 secs] 56076K->40565K(57984K), 0.0009360 secs] [Times: user=0.00 sys=0.00, real=0.00 secs] 
210.547: Total time for which application threads were stopped: 0.0010740 seconds, Stopping threads took: 0.0000690 seconds
210.588: Application time: 0.0406530 seconds
210.588: [GC210.588: [ParNew: 17623K->1580K(18048K), 0.0006280 secs] 56614K->40635K(57984K), 0.0006570 secs] [Times: user=0.00 sys=0.00, real=0.00 secs] 
210.589: Total time for which application threads were stopped: 0.0007850 seconds, Stopping threads took: 0.0000690 seconds
210.626: Application time: 0.0375950 seconds
210.626: [GC210.626: [ParNew: 17187K->1604K(18048K), 0.0006240 secs] 56242K->40715K(57984K), 0.0006540 secs] [Times: user=0.00 sys=0.00, real=0.00 secs] 
210.627: Total time for which application threads were stopped: 0.0007700 seconds, Stopping threads took: 0.0000550 seconds
210.666: Application time: 0.0393150 seconds
210.666: [GC210.666: [ParNew: 17640K->1578K(18048K), 0.0010120 secs]210.667: [Tenured: 40239K->9638K(40452K), 0.0052430 secs] 56752K->9638K(58500K), [Perm : 5179K->5179K(21248K)], 0.0063390 secs] [Times: user=0.02 sys=0.00, real=0.00 secs] 
210.673: Total time for which application threads were stopped: 0.0064920 seconds, Stopping threads took: 0.0000830 seconds
210.714: Application time: 0.0412090 seconds
210.714: [GC210.714: [ParNew: 15966K->1548K(18048K), 0.0009900 secs] 25605K->12210K(57984K), 0.0010240 secs] [Times: user=0.00 sys=0.00, real=0.00 secs] 
210.715: Total time for which application threads were stopped: 0.0011850 seconds, Stopping threads took: 0.0000960 seconds
210.754: Application time: 0.0388110 seconds
210.754: [GC210.754: [ParNew: 17519K->1546K(18048K), 0.0008150 secs] 28181K->12720K(57984K), 0.0008560 secs] [Times: user=0.01 sys=0.00, real=0.00 secs] 
210.755: Total time for which application threads were stopped: 0.0010040 seconds, Stopping threads took: 0.0000850 seconds
210.795: Application time: 0.0400800 seconds
210.795: [GC210.795: [ParNew: 17517K->1546K(18048K), 0.0006280 secs] 28691K->12720K(57984K), 0.0006570 secs] [Times: user=0.00 sys=0.00, real=0.00 secs] 
210.796: Total time for which application threads were stopped: 0.0008060 seconds, Stopping threads took: 0.0000900 seconds
210.836: Application time: 0.0403920 seconds
210.836: [GC210.836: [ParNew: 17508K->1546K(18048K), 0.0008080 secs] 28683K->13232K(57984K), 0.0008370 secs] [Times: user=0.00 sys=0.00, real=0.00 secs] 
210.837: Total time for which application threads were stopped: 0.0009750 seconds, Stopping threads took: 0.0000670 seconds
210.877: Application time: 0.0399410 seconds
210.877: [GC210.877: [ParNew: 17517K->1544K(18048K), 0.0006270 secs] 29203K->13230K(57984K), 0.0006550 secs] [Times: user=0.00 sys=0.00, real=0.00 secs] 
210.878: Total time for which application threads were stopped: 0.0007950 seconds, Stopping threads took: 0.0000820 seconds
210.916: Application time: 0.0381900 seconds
210.916: [GC210.916: [ParNew: 17506K->1546K(18048K), 0.0007880 secs] 29193K->13744K(57984K), 0.0008190 secs] [Times: user=0.00 sys=0.00, real=0.00 secs] 
210.917: Total time for which application threads were stopped: 0.0009590 seconds, Stopping threads took: 0.0000800 seconds
210.958: Application time: 0.0404590 seconds
210.958: [GC210.958: [ParNew: 17595K->1578K(18048K), 0.0006010 secs] 29793K->13777K(57984K), 0.0006290 secs] [Times: user=0.00 sys=0.00, real=0.00 secs] 
210.958: Total time for which application threads were stopped: 0.0007500 seconds, Stopping threads took: 0.0000620 seconds
210.999: Application time: 0.0404810 seconds
210.999: [GC210.999: [ParNew: 17623K->1578K(18048K), 0.0006900 secs] 29822K->13833K(57984K), 0.0007190 secs] [Times: user=0.00 sys=0.00, real=0.00 secs] 
211.000: Total time for which application threads were stopped: 0.0008430 seconds, Stopping threads took: 0.0000620 seconds
211.040: Application time: 0.0407360 seconds
211.040: [GC211.040: [ParNew: 17627K->1066K(18048K), 0.0004570 secs] 29882K->13377K(57984K), 0.0004840 secs] [Times: user=0.00 sys=0.00, real=0.00 secs] 
211.041: Total time for which application threads were stopped: 0.0005950 seconds, Stopping threads took: 0.0000530 seconds
211.079: Application time: 0.0377800 seconds
211.079: [GC211.079: [ParNew: 17020K->1546K(18048K), 0.0010730 secs] 29331K->14945K(57984K), 0.0011040 secs] [Times: user=0.01 sys=0.00, real=0.00 secs] 
211.080: Total time for which application threads were stopped: 0.0012610 seconds, Stopping threads took: 0.0000840 seconds
211.121: Application time: 0.0414250 seconds
211.122: [GC211.122: [ParNew: 17519K->1546K(18048K), 0.0005830 secs] 30917K->14945K(57984K), 0.0006110 secs] [Times: user=0.00 sys=0.00, real=0.00 secs] 
211.122: Total time for which application threads were stopped: 0.0007430 seconds, Stopping threads took: 0.0000750 seconds
211.162: Application time: 0.0393660 seconds
211.162: [GC211.162: [ParNew: 17508K->1546K(18048K), 0.0008190 secs] 30907K->15457K(57984K), 0.0008490 secs] [Times: user=0.00 sys=0.00, real=0.00 secs] 
211.162: Total time for which application threads were stopped: 0.0009690 seconds, Stopping threads took: 0.0000580 seconds
211.202: Application time: 0.0399760 seconds
211.203: [GC211.203: [ParNew: 17595K->1576K(18048K), 0.0006530 secs] 31506K->15487K(57984K), 0.0006820 secs] [Times: user=0.01 sys=0.00, real=0.00 secs] 
211.203: Total time for which application threads were stopped: 0.0008100 seconds, Stopping threads took: 0.0000680 seconds
211.244: Application time: 0.0411150 seconds
211.244: [GC211.245: [ParNew: 17547K->1032K(18048K), 0.0004350 secs] 31458K->15015K(57984K), 0.0004620 secs] [Times: user=0.01 sys=0.00, real=0.00 secs] 
211.245: Total time for which application threads were stopped: 0.0005820 seconds, Stopping threads took: 0.0000630 seconds
211.284: Application time: 0.0393720 seconds
211.285: [GC211.285: [ParNew: 17072K->1576K(18048K), 0.0006840 secs] 31055K->15559K(57984K), 0.0007220 secs] [Times: user=0.00 sys=0.00, real=0.01 secs] 
211.285: Total time for which application threads were stopped: 0.0008940 seconds, Stopping threads took: 0.0001120 seconds
211.322: Application time: 0.0369450 seconds
211.322: [GC211.322: [ParNew: 17253K->1636K(18048K), 0.0010990 secs] 31236K->16699K(57984K), 0.0011350 secs] [Times: user=0.01 sys=0.00, real=0.00 secs] 
211.323: Total time for which application threads were stopped: 0.0012660 seconds, Stopping threads took: 0.0000640 seconds
211.364: Application time: 0.0406070 seconds
211.364: [GC211.364: [ParNew: 17607K->1548K(18048K), 0.0008190 secs] 32670K->17259K(57984K), 0.0008490 secs] [Times: user=0.01 sys=0.00, real=0.00 secs] 
211.365: Total time for which application threads were stopped: 0.0009800 seconds, Stopping threads took: 0.0000700 seconds
211.406: Application time: 0.0411820 seconds
211.406: [GC211.406: [ParNew: 17519K->1546K(18048K), 0.0006730 secs] 33230K->17257K(57984K), 0.0007050 secs] [Times: user=0.00 sys=0.00, real=0.00 secs] 
211.407: Total time for which application threads were stopped: 0.0008570 seconds, Stopping threads took: 0.0000930 seconds
211.448: Application time: 0.0408140 seconds
211.448: [GC211.448: [ParNew: 17516K->1032K(18048K), 0.0004830 secs] 33228K->16743K(57984K), 0.0005080 secs] [Times: user=0.01 sys=0.00, real=0.00 secs] 
211.449: Total time for which application threads were stopped: 0.0006310 seconds, Stopping threads took: 0.0000670 seconds
211.488: Application time: 0.0391550 seconds
211.488: [GC211.488: [ParNew: 17002K->520K(18048K), 0.0003030 secs] 32714K->16231K(57984K), 0.0003280 secs] [Times: user=0.00 sys=0.00, real=0.00 secs] 
211.488: Total time for which application threads were stopped: 0.0005370 seconds, Stopping threads took: 0.0001540 seconds
211.525: Application time: 0.0372120 seconds
211.526: [GC211.526: [ParNew: 16474K->1546K(18048K), 0.0007940 secs] 32185K->17769K(57984K), 0.0008250 secs] [Times: user=0.01 sys=0.00, real=0.00 secs] 
211.526: Total time for which application threads were stopped: 0.0009590 seconds, Stopping threads took: 0.0000710 seconds
211.567: Application time: 0.0403050 seconds
211.567: [GC211.567: [ParNew: 17510K->1546K(18048K), 0.0007680 secs] 33733K->18281K(57984K), 0.0007990 secs] [Times: user=0.00 sys=0.00, real=0.00 secs] 
211.568: Total time for which application threads were stopped: 0.0009310 seconds, Stopping threads took: 0.0000690 seconds
211.608: Application time: 0.0400230 seconds
211.608: [GC211.608: [ParNew: 17595K->1578K(18048K), 0.0006580 secs] 34330K->18313K(57984K), 0.0006850 secs] [Times: user=0.01 sys=0.00, real=0.00 secs] 
211.608: Total time for which application threads were stopped: 0.0008150 seconds, Stopping threads took: 0.0000600 seconds
211.650: Application time: 0.0414540 seconds
211.650: [GC211.650: [ParNew: 17627K->1068K(18048K), 0.0004610 secs] 34362K->17875K(57984K), 0.0004870 secs] [Times: user=0.00 sys=0.00, real=0.00 secs] 
211.651: Total time for which application threads were stopped: 0.0006940 seconds, Stopping threads took: 0.0001520 seconds
211.690: Application time: 0.0389940 seconds
211.690: [GC211.690: [ParNew: 17109K->1576K(18048K), 0.0007030 secs] 33916K->18431K(57984K), 0.0007310 secs] [Times: user=0.01 sys=0.00, real=0.00 secs] 
211.691: Total time for which application threads were stopped: 0.0008660 seconds, Stopping threads took: 0.0000730 seconds
211.729: Application time: 0.0380320 seconds
211.729: [GC211.729: [ParNew: 17530K->1552K(18048K), 0.0011490 secs] 34385K->20015K(57984K), 0.0011820 secs] [Times: user=0.01 sys=0.00, real=0.00 secs] 
211.730: Total time for which application threads were stopped: 0.0013190 seconds, Stopping threads took: 0.0000710 seconds
211.769: Application time: 0.0387580 seconds
211.769: [GC211.769: [ParNew: 17523K->1548K(18048K), 0.0010530 secs] 35986K->21035K(57984K), 0.0010870 secs] [Times: user=0.01 sys=0.00, real=0.00 secs] 
211.770: Total time for which application threads were stopped: 0.0012550 seconds, Stopping threads took: 0.0000950 seconds
211.811: Application time: 0.0411440 seconds
211.811: [GC211.811: [ParNew: 17519K->1546K(18048K), 0.0007780 secs] 37006K->21545K(57984K), 0.0008090 secs] [Times: user=0.01 sys=0.00, real=0.00 secs] 
211.812: Total time for which application threads were stopped: 0.0009400 seconds, Stopping threads took: 0.0000710 seconds
211.853: Application time: 0.0409110 seconds
211.853: [GC211.853: [ParNew: 17512K->1546K(18048K), 0.0007620 secs] 37512K->22057K(57984K), 0.0007900 secs] [Times: user=0.00 sys=0.00, real=0.00 secs] 
211.854: Total time for which application threads were stopped: 0.0009130 seconds, Stopping threads took: 0.0000650 seconds
211.894: Application time: 0.0406380 seconds
211.895: [GC211.895: [ParNew: 17597K->1066K(18048K), 0.0004950 secs] 38108K->21577K(57984K), 0.0005210 secs] [Times: user=0.00 sys=0.00, real=0.00 secs] 
211.895: Total time for which application threads were stopped: 0.0006340 seconds, Stopping threads took: 0.0000550 seconds
211.934: Application time: 0.0392920 seconds
211.934: [GC211.934: [ParNew: 17115K->552K(18048K), 0.0003410 secs] 37626K->21135K(57984K), 0.0003660 secs] [Times: user=0.00 sys=0.00, real=0.00 secs] 
211.935: Total time for which application threads were stopped: 0.0004700 seconds, Stopping threads took: 0.0000520 seconds
211.973: Application time: 0.0384530 seconds
211.973: [GC211.973: [ParNew: 16608K->1632K(18048K), 0.0008240 secs] 37192K->22727K(57984K), 0.0008530 secs] [Times: user=0.01 sys=0.00, real=0.00 secs] 
211.974: Total time for which application threads were stopped: 0.0009780 seconds, Stopping threads took: 0.0000600 seconds
212.012: Application time: 0.0377630 seconds
212.012: [GC212.012: [ParNew: 17210K->1606K(18048K), 0.0009950 secs] 38306K->23837K(57984K), 0.0010400 secs] [Times: user=0.00 sys=0.00, real=0.00 secs] 
212.013: Total time for which application threads were stopped: 0.0011690 seconds, Stopping threads took: 0.0000630 seconds
212.053: Application time: 0.0397610 seconds
212.053: [GC212.053: [ParNew: 17577K->1548K(18048K), 0.0008440 secs] 39808K->24403K(57984K), 0.0008750 secs] [Times: user=0.00 sys=0.01, real=0.00 secs] 
212.054: Total time for which application threads were stopped: 0.0010060 seconds, Stopping threads took: 0.0000690 seconds
212.095: Application time: 0.0414410 seconds
212.096: [GC212.096: [ParNew: 17516K->1546K(18048K), 0.0006720 secs] 40372K->24401K(57984K), 0.0007000 secs] [Times: user=0.00 sys=0.00, real=0.00 secs] 
212.096: Total time for which application threads were stopped: 0.0009010 seconds, Stopping threads took: 0.0001410 seconds
212.136: Application time: 0.0396220 seconds
212.136: [GC212.136: [ParNew: 17508K->1544K(18048K), 0.0007720 secs] 40364K->24911K(57984K), 0.0008000 secs] [Times: user=0.00 sys=0.00, real=0.00 secs] 
212.137: Total time for which application threads were stopped: 0.0009380 seconds, Stopping threads took: 0.0000710 seconds
212.176: Application time: 0.0389270 seconds
212.176: [GC212.176: [ParNew: 17510K->1548K(18048K), 0.0007710 secs] 40878K->25427K(57984K), 0.0008010 secs] [Times: user=0.00 sys=0.00, real=0.00 secs] 
212.177: Total time for which application threads were stopped: 0.0009340 seconds, Stopping threads took: 0.0000700 seconds
212.217: Application time: 0.0398160 seconds
212.217: [GC212.217: [ParNew: 17514K->1548K(18048K), 0.0007860 secs] 41394K->25939K(57984K), 0.0008190 secs] [Times: user=0.01 sys=0.00, real=0.01 secs] 
212.218: Total time for which application threads were stopped: 0.0009470 seconds, Stopping threads took: 0.0000660 seconds
212.259: Application time: 0.0412530 seconds
212.259: [GC212.259: [ParNew: 17519K->1546K(18048K), 0.0005990 secs] 41910K->25937K(57984K), 0.0006270 secs] [Times: user=0.01 sys=0.00, real=0.00 secs] 
212.260: Total time for which application threads were stopped: 0.0007570 seconds, Stopping threads took: 0.0000720 seconds
212.299: Application time: 0.0392000 seconds
212.299: [GC212.299: [ParNew: 17595K->1064K(18048K), 0.0004440 secs] 41987K->25455K(57984K), 0.0004790 secs] [Times: user=0.00 sys=0.00, real=0.00 secs] 
212.299: Total time for which application threads were stopped: 0.0006060 seconds, Stopping threads took: 0.0000720 seconds
212.339: Application time: 0.0393400 seconds
212.339: [GC212.339: [ParNew: 16666K->1608K(18048K), 0.0006250 secs] 41058K->26063K(57984K), 0.0006550 secs] [Times: user=0.00 sys=0.00, real=0.00 secs] 
212.339: Total time for which application threads were stopped: 0.0007810 seconds, Stopping threads took: 0.0000650 seconds
212.379: Application time: 0.0398570 seconds
212.379: [GC212.379: [ParNew: 17579K->522K(18048K), 0.0003450 secs] 42034K->25089K(57984K), 0.0003720 secs] [Times: user=0.00 sys=0.00, real=0.00 secs] 
212.380: Total time for which application threads were stopped: 0.0005240 seconds, Stopping threads took: 0.0000970 seconds
212.419: Application time: 0.0391860 seconds
212.419: [GC212.419: [ParNew: 16486K->1034K(18048K), 0.0004610 secs] 41054K->25601K(57984K), 0.0004890 secs] [Times: user=0.00 sys=0.00, real=0.00 secs] 
212.420: Total time for which application threads were stopped: 0.0006030 seconds, Stopping threads took: 0.0000550 seconds
212.457: Application time: 0.0374350 seconds
212.457: [GC212.457: [ParNew: 16992K->1546K(18048K), 0.0007620 secs] 41560K->26625K(57984K), 0.0007920 secs] [Times: user=0.01 sys=0.00, real=0.00 secs] 
212.458: Total time for which application threads were stopped: 0.0009360 seconds, Stopping threads took: 0.0000760 seconds
212.497: Application time: 0.0394910 seconds
212.498: [GC212.498: [ParNew: 17512K->1548K(18048K), 0.0007610 secs] 42592K->27139K(57984K), 0.0007910 secs] [Times: user=0.01 sys=0.00, real=0.00 secs] 
212.498: Total time for which application threads were stopped: 0.0009320 seconds, Stopping threads took: 0.0000750 seconds
212.539: Application time: 0.0407930 seconds
212.539: [GC212.539: [ParNew: 17519K->1548K(18048K), 0.0006190 secs] 43110K->27139K(57984K), 0.0006490 secs] [Times: user=0.00 sys=0.00, real=0.00 secs] 
212.540: Total time for which application threads were stopped: 0.0007870 seconds, Stopping threads took: 0.0000760 seconds
212.579: Application time: 0.0388710 seconds
212.579: [GC212.579: [ParNew: 17593K->1580K(18048K), 0.0006250 secs] 43184K->27172K(57984K), 0.0006530 secs] [Times: user=0.01 sys=0.00, real=0.00 secs] 
212.580: Total time for which application threads were stopped: 0.0007760 seconds, Stopping threads took: 0.0000610 seconds
212.619: Application time: 0.0392710 seconds
212.619: [GC212.619: [ParNew: 17191K->1092K(18048K), 0.0005620 secs] 42783K->26740K(57984K), 0.0005870 secs] [Times: user=0.00 sys=0.00, real=0.00 secs] 
212.620: Total time for which application threads were stopped: 0.0007050 seconds, Stopping threads took: 0.0000650 seconds
212.657: Application time: 0.0378320 seconds
212.658: [GC212.658: [ParNew: 16695K->1608K(18048K), 0.0006720 secs] 42342K->27368K(57984K), 0.0007000 secs] [Times: user=0.00 sys=0.00, real=0.00 secs] 
212.658: Total time for which application threads were stopped: 0.0008230 seconds, Stopping threads took: 0.0000550 seconds
212.696: Application time: 0.0380970 seconds
212.697: [GC212.697: [ParNew: 17570K->1546K(18048K), 0.0008010 secs] 43330K->27914K(57984K), 0.0008320 secs] [Times: user=0.00 sys=0.00, real=0.01 secs] 
212.697: Total time for which application threads were stopped: 0.0009630 seconds, Stopping threads took: 0.0000700 seconds
212.737: Application time: 0.0394620 seconds
212.737: [GC212.737: [ParNew: 17512K->1544K(18048K), 0.0007830 secs] 43880K->28424K(57984K), 0.0008120 secs] [Times: user=0.01 sys=0.00, real=0.01 secs] 
212.738: Total time for which application threads were stopped: 0.0009390 seconds, Stopping threads took: 0.0000660 seconds
212.779: Application time: 0.0410650 seconds
212.779: [GC212.779: [ParNew: 17514K->1546K(18048K), 0.0006190 secs] 44394K->28426K(57984K), 0.0006450 secs] [Times: user=0.01 sys=0.00, real=0.00 secs] 
212.780: Total time for which application threads were stopped: 0.0007630 seconds, Stopping threads took: 0.0000590 seconds
212.819: Application time: 0.0390210 seconds
212.819: [GC212.819: [ParNew: 17504K->1546K(18048K), 0.0010390 secs] 44384K->29450K(57984K), 0.0010800 secs] [Times: user=0.01 sys=0.00, real=0.00 secs] 
212.820: Total time for which application threads were stopped: 0.0012130 seconds, Stopping threads took: 0.0000690 seconds
212.859: Application time: 0.0391550 seconds
212.859: [GC212.859: [ParNew: 17517K->1548K(18048K), 0.0007740 secs] 45421K->29964K(57984K), 0.0008040 secs] [Times: user=0.01 sys=0.00, real=0.00 secs] 
212.860: Total time for which application threads were stopped: 0.0009320 seconds, Stopping threads took: 0.0000670 seconds
212.900: Application time: 0.0403680 seconds
212.900: [GC212.900: [ParNew: 17519K->1548K(18048K), 0.0006200 secs] 45935K->29964K(57984K), 0.0006470 secs] [Times: user=0.00 sys=0.00, real=0.00 secs] 
212.901: Total time for which application threads were stopped: 0.0007890 seconds, Stopping threads took: 0.0000810 seconds
212.942: Application time: 0.0405350 seconds
212.942: [GC212.942: [ParNew: 17510K->1548K(18048K), 0.0007830 secs] 45926K->30476K(57984K), 0.0008120 secs] [Times: user=0.00 sys=0.00, real=0.00 secs] 
212.943: Total time for which application threads were stopped: 0.0009390 seconds, Stopping threads took: 0.0000680 seconds
212.981: Application time: 0.0381770 seconds
212.981: [GC212.981: [ParNew: 17155K->1608K(18048K), 0.0006540 secs] 46083K->30536K(57984K), 0.0006830 secs] [Times: user=0.00 sys=0.00, real=0.00 secs] 
212.982: Total time for which application threads were stopped: 0.0008120 seconds, Stopping threads took: 0.0000670 seconds
213.022: Application time: 0.0400260 seconds
213.022: [GC213.022: [ParNew: 17651K->1580K(18048K), 0.0008510 secs] 46579K->31120K(57984K), 0.0008820 secs] [Times: user=0.01 sys=0.00, real=0.00 secs] 
213.023: Total time for which application threads were stopped: 0.0010250 seconds, Stopping threads took: 0.0000810 seconds
213.062: Application time: 0.0397470 seconds
213.063: [GC213.063: [ParNew: 17551K->1544K(18048K), 0.0006200 secs] 47091K->31156K(57984K), 0.0006490 secs] [Times: user=0.00 sys=0.00, real=0.00 secs] 
213.063: Total time for which application threads were stopped: 0.0008250 seconds, Stopping threads took: 0.0001150 seconds
213.102: Application time: 0.0393100 seconds
213.103: [GC213.103: [ParNew: 17506K->1550K(18048K), 0.0007220 secs] 47118K->31674K(57984K), 0.0007500 secs] [Times: user=0.01 sys=0.00, real=0.00 secs] 
213.103: Total time for which application threads were stopped: 0.0008860 seconds, Stopping threads took: 0.0000790 seconds
213.144: Application time: 0.0407520 seconds
213.144: [GC213.144: [ParNew: 17516K->1548K(18048K), 0.0007930 secs] 47641K->32184K(57984K), 0.0008240 secs] [Times: user=0.01 sys=0.00, real=0.00 secs] 
213.145: Total time for which application threads were stopped: 0.0009720 seconds, Stopping threads took: 0.0000880 seconds
213.186: Application time: 0.0409870 seconds
213.186: [GC213.186: [ParNew: 17519K->1036K(18048K), 0.0004490 secs] 48155K->31672K(57984K), 0.0004750 secs] [Times: user=0.01 sys=0.00, real=0.00 secs] 
213.187: Total time for which application threads were stopped: 0.0006490 seconds, Stopping threads took: 0.0001110 seconds
213.226: Application time: 0.0395610 seconds
213.226: [GC213.226: [ParNew: 17004K->1038K(18048K), 0.0004700 secs] 47641K->31674K(57984K), 0.0004980 secs] [Times: user=0.01 sys=0.00, real=0.00 secs] 
213.227: Total time for which application threads were stopped: 0.0006240 seconds, Stopping threads took: 0.0000690 seconds
213.266: Application time: 0.0387310 seconds
213.266: [GC213.266: [ParNew: 17078K->1578K(18048K), 0.0006690 secs] 47715K->32230K(57984K), 0.0006980 secs] [Times: user=0.00 sys=0.00, real=0.00 secs] 
213.266: Total time for which application threads were stopped: 0.0008120 seconds, Stopping threads took: 0.0000550 seconds
213.305: Application time: 0.0384580 seconds
213.305: [GC213.305: [ParNew: 17181K->1606K(18048K), 0.0008840 secs] 47833K->32818K(57984K), 0.0009150 secs] [Times: user=0.00 sys=0.00, real=0.01 secs] 
213.306: Total time for which application threads were stopped: 0.0010560 seconds, Stopping threads took: 0.0000700 seconds
213.345: Application time: 0.0393980 seconds
213.346: [GC213.346: [ParNew: 17217K->1604K(18048K), 0.0007240 secs] 48429K->32912K(57984K), 0.0007520 secs] [Times: user=0.00 sys=0.00, real=0.00 secs] 
213.346: Total time for which application threads were stopped: 0.0009150 seconds, Stopping threads took: 0.0001040 seconds
213.388: Application time: 0.0415270 seconds
213.388: [GC213.388: [ParNew: 17570K->1032K(18048K), 0.0004980 secs] 48879K->32444K(57984K), 0.0005260 secs] [Times: user=0.00 sys=0.00, real=0.00 secs] 
213.389: Total time for which application threads were stopped: 0.0007130 seconds, Stopping threads took: 0.0001290 seconds
213.428: Application time: 0.0389440 seconds
213.428: [GC213.428: [ParNew: 16990K->1546K(18048K), 0.0008150 secs] 48402K->33470K(57984K), 0.0008430 secs] [Times: user=0.00 sys=0.00, real=0.00 secs] 
213.428: Total time for which application threads were stopped: 0.0009850 seconds, Stopping threads took: 0.0000810 seconds
213.468: Application time: 0.0391460 seconds
213.468: [GC213.468: [ParNew: 17512K->1546K(18048K), 0.0008790 secs] 49437K->33982K(57984K), 0.0009060 secs] [Times: user=0.01 sys=0.00, real=0.00 secs] 
213.469: Total time for which application threads were stopped: 0.0010240 seconds, Stopping threads took: 0.0000570 seconds
213.509: Application time: 0.0401720 seconds
213.509: [GC213.509: [ParNew: 17512K->1548K(18048K), 0.0008270 secs] 49949K->34496K(57984K), 0.0008570 secs] [Times: user=0.00 sys=0.00, real=0.00 secs] 
213.510: Total time for which application threads were stopped: 0.0009890 seconds, Stopping threads took: 0.0000720 seconds
213.550: Application time: 0.0403570 seconds
213.550: [GC213.550: [ParNew: 17514K->1548K(18048K), 0.0007780 secs] 50463K->35008K(57984K), 0.0008100 secs] [Times: user=0.00 sys=0.00, real=0.00 secs] 
213.551: Total time for which application threads were stopped: 0.0009770 seconds, Stopping threads took: 0.0001050 seconds
213.592: Application time: 0.0404040 seconds
213.592: [GC213.592: [ParNew: 17519K->1546K(18048K), 0.0006830 secs] 50979K->35006K(57984K), 0.0007100 secs] [Times: user=0.00 sys=0.00, real=0.00 secs] 
213.592: Total time for which application threads were stopped: 0.0008320 seconds, Stopping threads took: 0.0000630 seconds
213.632: Application time: 0.0399520 seconds
213.633: [GC213.633: [ParNew: 17161K->584K(18048K), 0.0003720 secs] 50622K->34044K(57984K), 0.0003970 secs] [Times: user=0.00 sys=0.00, real=0.00 secs] 
213.633: Total time for which application threads were stopped: 0.0005660 seconds, Stopping threads took: 0.0001170 seconds
213.673: Application time: 0.0399340 seconds
213.673: [GC213.673: [ParNew: 16621K->1636K(18048K), 0.0006340 secs] 50081K->35096K(57984K), 0.0006620 secs] [Times: user=0.01 sys=0.00, real=0.00 secs] 
213.674: Total time for which application threads were stopped: 0.0007830 seconds, Stopping threads took: 0.0000610 seconds
213.711: Application time: 0.0369200 seconds
213.711: [GC213.711: [ParNew: 17594K->1548K(18048K), 0.0010340 secs] 51055K->36160K(57984K), 0.0010660 secs] [Times: user=0.01 sys=0.00, real=0.00 secs] 
213.712: Total time for which application threads were stopped: 0.0012100 seconds, Stopping threads took: 0.0000690 seconds
213.754: Application time: 0.0419320 seconds
213.754: [GC213.754: [ParNew: 17519K->1548K(18048K), 0.0007760 secs] 52131K->36672K(57984K), 0.0008050 secs] [Times: user=0.00 sys=0.00, real=0.00 secs] 
213.755: Total time for which application threads were stopped: 0.0009460 seconds, Stopping threads took: 0.0000780 seconds
213.796: Application time: 0.0415210 seconds
213.796: [GC213.796: [ParNew: 17519K->1546K(18048K), 0.0006160 secs] 52643K->36670K(57984K), 0.0006430 secs] [Times: user=0.00 sys=0.00, real=0.00 secs] 
213.797: Total time for which application threads were stopped: 0.0007770 seconds, Stopping threads took: 0.0000740 seconds
213.837: Application time: 0.0399890 seconds
213.837: [GC213.837: [ParNew: 17516K->1034K(18048K), 0.0004710 secs] 52641K->36158K(57984K), 0.0004990 secs] [Times: user=0.01 sys=0.00, real=0.01 secs] 
213.838: Total time for which application threads were stopped: 0.0006210 seconds, Stopping threads took: 0.0000660 seconds
213.878: Application time: 0.0409130 seconds
213.879: [GC213.879: [ParNew: 17004K->522K(18048K), 0.0003760 secs] 52129K->35646K(57984K), 0.0004020 secs] [Times: user=0.01 sys=0.00, real=0.00 secs] 
213.879: Total time for which application threads were stopped: 0.0005200 seconds, Stopping threads took: 0.0000640 seconds
213.917: Application time: 0.0382700 seconds
213.917: [GC213.917: [ParNew: 16480K->1546K(18048K), 0.0006240 secs] 51605K->36670K(57984K), 0.0006520 secs] [Times: user=0.00 sys=0.00, real=0.00 secs] 
213.918: Total time for which application threads were stopped: 0.0007640 seconds, Stopping threads took: 0.0000550 seconds
213.957: Application time: 0.0388260 seconds
213.957: [GC213.957: [ParNew: 17584K->1578K(18048K), 0.0008420 secs] 52709K->37214K(57984K), 0.0008700 secs] [Times: user=0.00 sys=0.00, real=0.01 secs] 
213.958: Total time for which application threads were stopped: 0.0010120 seconds, Stopping threads took: 0.0000800 seconds
213.998: Application time: 0.0402090 seconds
213.998: [GC213.998: [ParNew: 17269K->1636K(18048K), 0.0006260 secs] 52906K->37336K(57984K), 0.0006550 secs] [Times: user=0.01 sys=0.00, real=0.00 secs] 
213.999: Total time for which application threads were stopped: 0.0007910 seconds, Stopping threads took: 0.0000730 seconds
214.036: Application time: 0.0374690 seconds
214.036: [GC214.036: [ParNew: 17676K->1576K(18048K), 0.0008630 secs] 53377K->37924K(57984K), 0.0008950 secs] [Times: user=0.01 sys=0.00, real=0.01 secs] 
214.037: Total time for which application threads were stopped: 0.0010180 seconds, Stopping threads took: 0.0000610 seconds
214.078: Application time: 0.0403360 seconds
214.078: [GC214.078: [ParNew: 17542K->1548K(18048K), 0.0008710 secs] 53891K->38472K(57984K), 0.0009010 secs] [Times: user=0.01 sys=0.00, real=0.00 secs] 
214.079: Total time for which application threads were stopped: 0.0010370 seconds, Stopping threads took: 0.0000740 seconds
214.120: Application time: 0.0412890 seconds
214.120: [GC214.120: [ParNew: 17521K->1036K(18048K), 0.0004640 secs] 54445K->37960K(57984K), 0.0004880 secs] [Times: user=0.01 sys=0.00, real=0.00 secs] 
214.121: Total time for which application threads were stopped: 0.0006730 seconds, Stopping threads took: 0.0001300 seconds
214.162: Application time: 0.0412530 seconds
214.162: [GC214.162: [ParNew: 17009K->8K(18048K), 0.0002940 secs] 53933K->36932K(57984K), 0.0003210 secs] [Times: user=0.00 sys=0.00, real=0.00 secs] 
214.162: Total time for which application threads were stopped: 0.0004560 seconds, Stopping threads took: 0.0000820 seconds
214.198: Application time: 0.0357160 seconds
214.198: [GC214.198: [ParNew: 15945K->1552K(18048K), 0.0014120 secs] 52870K->40525K(57984K), 0.0014470 secs] [Times: user=0.02 sys=0.00, real=0.00 secs] 
214.200: Total time for which application threads were stopped: 0.0015910 seconds, Stopping threads took: 0.0000780 seconds
214.240: Application time: 0.0406060 seconds
214.240: [GC214.240: [ParNew: 17523K->1550K(18048K), 0.0012260 secs]214.242: [Tenured: 40508K->8606K(40960K), 0.0053410 secs] 56495K->8606K(59008K), [Perm : 5179K->5179K(21248K)], 0.0066590 secs] [Times: user=0.01 sys=0.00, real=0.01 secs] 
214.247: Total time for which application threads were stopped: 0.0068010 seconds, Stopping threads took: 0.0000640 seconds
214.288: Application time: 0.0403510 seconds
214.288: [GC214.288: [ParNew: 16049K->1578K(18048K), 0.0009940 secs] 24655K->11208K(57984K), 0.0010250 secs] [Times: user=0.01 sys=0.00, real=0.00 secs] 
214.289: Total time for which application threads were stopped: 0.0011580 seconds, Stopping threads took: 0.0000660 seconds
214.330: Application time: 0.0410920 seconds
214.330: [GC214.330: [ParNew: 17627K->1578K(18048K), 0.0007860 secs] 27257K->11792K(57984K), 0.0008170 secs] [Times: user=0.00 sys=0.00, real=0.00 secs] 
214.331: Total time for which application threads were stopped: 0.0009370 seconds, Stopping threads took: 0.0000590 seconds
214.371: Application time: 0.0403820 seconds
214.371: [GC214.371: [ParNew: 17629K->1066K(18048K), 0.0004520 secs] 27843K->11352K(57984K), 0.0004870 secs] [Times: user=0.00 sys=0.00, real=0.00 secs] 
214.372: Total time for which application threads were stopped: 0.0006980 seconds, Stopping threads took: 0.0001530 seconds
214.411: Application time: 0.0396780 seconds
214.412: [GC214.412: [ParNew: 17030K->1032K(18048K), 0.0005080 secs] 27317K->11390K(57984K), 0.0005360 secs] [Times: user=0.00 sys=0.00, real=0.00 secs] 
214.412: Total time for which application threads were stopped: 0.0007550 seconds, Stopping threads took: 0.0001630 seconds
214.449: Application time: 0.0367610 seconds
214.449: [GC214.449: [ParNew: 16982K->1552K(18048K), 0.0011680 secs] 27340K->13446K(57984K), 0.0012040 secs] [Times: user=0.00 sys=0.00, real=0.00 secs] 
214.450: Total time for which application threads were stopped: 0.0013350 seconds, Stopping threads took: 0.0000640 seconds
214.491: Application time: 0.0403500 seconds
214.491: [GC214.491: [ParNew: 17518K->1550K(18048K), 0.0012330 secs] 29413K->14980K(57984K), 0.0012640 secs] [Times: user=0.00 sys=0.00, real=0.00 secs] 
214.492: Total time for which application threads were stopped: 0.0014170 seconds, Stopping threads took: 0.0000890 seconds
214.533: Application time: 0.0412190 seconds
214.533: [GC214.533: [ParNew: 17523K->1546K(18048K), 0.0008230 secs] 30953K->15488K(57984K), 0.0008530 secs] [Times: user=0.01 sys=0.00, real=0.00 secs] 
214.534: Total time for which application threads were stopped: 0.0009990 seconds, Stopping threads took: 0.0000830 seconds
214.574: Application time: 0.0392730 seconds
214.574: [GC214.574: [ParNew: 17517K->1546K(18048K), 0.0006290 secs] 31459K->15488K(57984K), 0.0006570 secs] [Times: user=0.01 sys=0.00, real=0.00 secs] 
214.574: Total time for which application threads were stopped: 0.0007720 seconds, Stopping threads took: 0.0000560 seconds
214.615: Application time: 0.0407370 seconds
214.615: [GC214.615: [ParNew: 17595K->554K(18048K), 0.0003000 secs] 31537K->14496K(57984K), 0.0003270 secs] [Times: user=0.01 sys=0.00, real=0.00 secs] 
214.616: Total time for which application threads were stopped: 0.0004910 seconds, Stopping threads took: 0.0001100 seconds
214.655: Application time: 0.0391320 seconds
214.655: [GC214.655: [ParNew: 16588K->1608K(18048K), 0.0007770 secs] 30531K->16062K(57984K), 0.0008070 secs] [Times: user=0.01 sys=0.00, real=0.00 secs] 
214.656: Total time for which application threads were stopped: 0.0009510 seconds, Stopping threads took: 0.0000810 seconds
214.693: Application time: 0.0376280 seconds
214.693: [GC214.693: [ParNew: 17289K->1634K(18048K), 0.0009570 secs] 31744K->17217K(57984K), 0.0009900 secs] [Times: user=0.00 sys=0.00, real=0.00 secs] 
214.694: Total time for which application threads were stopped: 0.0011100 seconds, Stopping threads took: 0.0000570 seconds
214.735: Application time: 0.0410110 seconds
214.736: [GC214.736: [ParNew: 17605K->1548K(18048K), 0.0006830 secs] 33187K->17263K(57984K), 0.0007100 secs] [Times: user=0.01 sys=0.00, real=0.00 secs] 
214.736: Total time for which application threads were stopped: 0.0008990 seconds, Stopping threads took: 0.0001300 seconds
214.776: Application time: 0.0393130 seconds
214.776: [GC214.776: [ParNew: 17512K->1546K(18048K), 0.0008040 secs] 33227K->17773K(57984K), 0.0008330 secs] [Times: user=0.01 sys=0.00, real=0.00 secs] 
214.777: Total time for which application threads were stopped: 0.0009940 seconds, Stopping threads took: 0.0000940 seconds
214.814: Application time: 0.0371930 seconds
214.814: [GC214.814: [ParNew: 17504K->1548K(18048K), 0.0011210 secs] 33731K->19311K(57984K), 0.0011530 secs] [Times: user=0.01 sys=0.00, real=0.00 secs] 
214.815: Total time for which application threads were stopped: 0.0012920 seconds, Stopping threads took: 0.0000730 seconds
214.856: Application time: 0.0411620 seconds
214.856: [GC214.856: [ParNew: 17519K->1548K(18048K), 0.0009530 secs] 35281K->20335K(57984K), 0.0009950 secs] [Times: user=0.01 sys=0.00, real=0.01 secs] 
214.857: Total time for which application threads were stopped: 0.0011220 seconds, Stopping threads took: 0.0000630 seconds
214.899: Application time: 0.0413190 seconds
214.899: [GC214.899: [ParNew: 17516K->1546K(18048K), 0.0006190 secs] 36303K->20333K(57984K), 0.0006470 secs] [Times: user=0.01 sys=0.00, real=0.00 secs] 
214.900: Total time for which application threads were stopped: 0.0007940 seconds, Stopping threads took: 0.0000890 seconds
214.940: Application time: 0.0408390 seconds
214.941: [GC214.941: [ParNew: 17591K->1578K(18048K), 0.0006400 secs] 36378K->20365K(57984K), 0.0006720 secs] [Times: user=0.00 sys=0.01, real=0.00 secs] 
214.941: Total time for which application threads were stopped: 0.0008450 seconds, Stopping threads took: 0.0001130 seconds
214.980: Application time: 0.0387770 seconds
214.980: [GC214.980: [ParNew: 17618K->1578K(18048K), 0.0008020 secs] 36405K->20933K(57984K), 0.0008310 secs] [Times: user=0.01 sys=0.00, real=0.00 secs] 
214.981: Total time for which application threads were stopped: 0.0009770 seconds, Stopping threads took: 0.0000840 seconds
215.021: Application time: 0.0400920 seconds
215.021: [GC215.021: [ParNew: 17544K->1546K(18048K), 0.0008040 secs] 36899K->21469K(57984K), 0.0008320 secs] [Times: user=0.01 sys=0.00, real=0.00 secs] 
215.022: Total time for which application threads were stopped: 0.0009690 seconds, Stopping threads took: 0.0000700 seconds
215.064: Application time: 0.0418440 seconds
215.064: [GC215.064: [ParNew: 17595K->1578K(18048K), 0.0006710 secs] 37518K->21501K(57984K), 0.0007000 secs] [Times: user=0.00 sys=0.00, real=0.00 secs] 
215.065: Total time for which application threads were stopped: 0.0008240 seconds, Stopping threads took: 0.0000650 seconds
215.105: Application time: 0.0401130 seconds
215.105: [GC215.105: [ParNew: 17544K->1548K(18048K), 0.0005600 secs] 37467K->21535K(57984K), 0.0005890 secs] [Times: user=0.01 sys=0.00, real=0.01 secs] 
215.106: Total time for which application threads were stopped: 0.0007080 seconds, Stopping threads took: 0.0000630 seconds
215.146: Application time: 0.0404040 seconds
215.146: [GC215.146: [ParNew: 17519K->1034K(18048K), 0.0004350 secs] 37506K->21021K(57984K), 0.0004630 secs] [Times: user=0.01 sys=0.00, real=0.00 secs] 
215.147: Total time for which application threads were stopped: 0.0005960 seconds, Stopping threads took: 0.0000770 seconds
215.187: Application time: 0.0400730 seconds
215.187: [GC215.187: [ParNew: 17004K->520K(18048K), 0.0003910 secs] 36992K->20507K(57984K), 0.0004160 secs] [Times: user=0.00 sys=0.00, real=0.00 secs] 
215.187: Total time for which application threads were stopped: 0.0005250 seconds, Stopping threads took: 0.0000560 seconds
215.227: Application time: 0.0402100 seconds
215.227: [GC215.227: [ParNew: 16482K->1034K(18048K), 0.0004880 secs] 36469K->21021K(57984K), 0.0005150 secs] [Times: user=0.00 sys=0.00, real=0.00 secs] 
215.228: Total time for which application threads were stopped: 0.0006380 seconds, Stopping threads took: 0.0000660 seconds
215.265: Application time: 0.0373600 seconds
215.266: [GC215.266: [ParNew: 16992K->1546K(18048K), 0.0007630 secs] 36979K->22045K(57984K), 0.0007940 secs] [Times: user=0.00 sys=0.00, real=0.00 secs] 
215.266: Total time for which application threads were stopped: 0.0009970 seconds, Stopping threads took: 0.0001390 seconds
215.308: Application time: 0.0414100 seconds
215.308: [GC215.308: [ParNew: 17595K->1580K(18048K), 0.0006420 secs] 38094K->22079K(57984K), 0.0006700 secs] [Times: user=0.01 sys=0.00, real=0.00 secs] 
215.309: Total time for which application threads were stopped: 0.0008950 seconds, Stopping threads took: 0.0001590 seconds
215.348: Application time: 0.0392430 seconds
215.348: [GC215.348: [ParNew: 17269K->1122K(18048K), 0.0004790 secs] 37768K->21677K(57984K), 0.0005060 secs] [Times: user=0.00 sys=0.00, real=0.00 secs] 
215.349: Total time for which application threads were stopped: 0.0006470 seconds, Stopping threads took: 0.0000830 seconds
215.389: Application time: 0.0405510 seconds
215.389: [GC215.389: [ParNew: 17171K->556K(18048K), 0.0003680 secs] 37726K->21247K(57984K), 0.0004020 secs] [Times: user=0.00 sys=0.00, real=0.00 secs] 
215.390: Total time for which application threads were stopped: 0.0005330 seconds, Stopping threads took: 0.0000790 seconds
215.428: Application time: 0.0385670 seconds
215.428: [GC215.428: [ParNew: 16518K->1066K(18048K), 0.0004800 secs] 37209K->21757K(57984K), 0.0005100 secs] [Times: user=0.00 sys=0.00, real=0.00 secs] 
215.429: Total time for which application threads were stopped: 0.0006220 seconds, Stopping threads took: 0.0000540 seconds
215.466: Application time: 0.0374670 seconds
215.466: [GC215.466: [ParNew: 17020K->1548K(18048K), 0.0009710 secs] 37711K->23335K(57984K), 0.0010020 secs] [Times: user=0.01 sys=0.00, real=0.00 secs] 
215.467: Total time for which application threads were stopped: 0.0011330 seconds, Stopping threads took: 0.0000680 seconds
215.508: Application time: 0.0401210 seconds
215.508: [GC215.508: [ParNew: 17519K->1546K(18048K), 0.0007610 secs] 39306K->23845K(57984K), 0.0007900 secs] [Times: user=0.00 sys=0.00, real=0.00 secs] 
215.509: Total time for which application threads were stopped: 0.0009390 seconds, Stopping threads took: 0.0000860 seconds
215.550: Application time: 0.0415450 seconds
215.550: [GC215.550: [ParNew: 17517K->1546K(18048K), 0.0006700 secs] 39816K->23845K(57984K), 0.0006960 secs] [Times: user=0.00 sys=0.00, real=0.00 secs] 
215.551: Total time for which application threads were stopped: 0.0008220 seconds, Stopping threads took: 0.0000690 seconds
215.591: Application time: 0.0403830 seconds
215.591: [GC215.591: [ParNew: 17595K->1064K(18048K), 0.0005890 secs] 39894K->23363K(57984K), 0.0006140 secs] [Times: user=0.01 sys=0.00, real=0.00 secs] 
215.592: Total time for which application threads were stopped: 0.0008070 seconds, Stopping threads took: 0.0001380 seconds
215.630: Application time: 0.0382350 seconds
215.630: [GC215.630: [ParNew: 17022K->1546K(18048K), 0.0007690 secs] 39321K->24437K(57984K), 0.0007980 secs] [Times: user=0.01 sys=0.00, real=0.00 secs] 
215.631: Total time for which application threads were stopped: 0.0009280 seconds, Stopping threads took: 0.0000650 seconds
215.670: Application time: 0.0390510 seconds
215.670: [GC215.670: [ParNew: 17586K->1578K(18048K), 0.0009710 secs] 40478K->25493K(57984K), 0.0010020 secs] [Times: user=0.01 sys=0.00, real=0.00 secs] 
215.671: Total time for which application threads were stopped: 0.0011500 seconds, Stopping threads took: 0.0000850 seconds
215.711: Application time: 0.0392190 seconds
215.711: [GC215.711: [ParNew: 17544K->1548K(18048K), 0.0009790 secs] 41460K->26551K(57984K), 0.0010110 secs] [Times: user=0.01 sys=0.00, real=0.00 secs] 
215.712: Total time for which application threads were stopped: 0.0011480 seconds, Stopping threads took: 0.0000730 seconds
215.752: Application time: 0.0397840 seconds
215.752: [GC215.752: [ParNew: 17597K->1580K(18048K), 0.0007710 secs] 42600K->27095K(57984K), 0.0008000 secs] [Times: user=0.00 sys=0.00, real=0.00 secs] 
215.753: Total time for which application threads were stopped: 0.0009250 seconds, Stopping threads took: 0.0000640 seconds
215.793: Application time: 0.0404460 seconds
215.793: [GC215.793: [ParNew: 17551K->1550K(18048K), 0.0006550 secs] 43066K->27129K(57984K), 0.0006840 secs] [Times: user=0.00 sys=0.00, real=0.00 secs] 
215.794: Total time for which application threads were stopped: 0.0008460 seconds, Stopping threads took: 0.0001030 seconds
215.834: Application time: 0.0402860 seconds
215.834: [GC215.834: [ParNew: 17521K->1036K(18048K), 0.0004740 secs] 43100K->26615K(57984K), 0.0005010 secs] [Times: user=0.00 sys=0.00, real=0.00 secs] 
215.835: Total time for which application threads were stopped: 0.0006240 seconds, Stopping threads took: 0.0000590 seconds
215.874: Application time: 0.0389460 seconds
215.874: [GC215.874: [ParNew: 16998K->1546K(18048K), 0.0006380 secs] 42578K->27125K(57984K), 0.0006680 secs] [Times: user=0.00 sys=0.00, real=0.00 secs] 
215.874: Total time for which application threads were stopped: 0.0007970 seconds, Stopping threads took: 0.0000690 seconds
215.914: Application time: 0.0393260 seconds
215.914: [GC215.914: [ParNew: 17512K->1548K(18048K), 0.0006140 secs] 43092K->27127K(57984K), 0.0006520 secs] [Times: user=0.00 sys=0.00, real=0.00 secs] 
215.915: Total time for which application threads were stopped: 0.0007780 seconds, Stopping threads took: 0.0000670 seconds
215.955: Application time: 0.0408910 seconds
215.956: [GC215.956: [ParNew: 17516K->1034K(18048K), 0.0004310 secs] 43096K->26613K(57984K), 0.0004580 secs] [Times: user=0.00 sys=0.00, real=0.00 secs] 
215.956: Total time for which application threads were stopped: 0.0005830 seconds, Stopping threads took: 0.0000690 seconds
215.995: Application time: 0.0392220 seconds
215.995: [GC215.995: [ParNew: 17070K->1580K(18048K), 0.0007730 secs] 42650K->27671K(57984K), 0.0008040 secs] [Times: user=0.00 sys=0.00, real=0.00 secs] 
215.996: Total time for which application threads were stopped: 0.0009500 seconds, Stopping threads took: 0.0000840 seconds
216.033: Application time: 0.0366510 seconds
216.033: [GC216.033: [ParNew: 17337K->1658K(18048K), 0.0011270 secs] 43429K->28837K(57984K), 0.0011600 secs] [Times: user=0.01 sys=0.00, real=0.00 secs] 
216.034: Total time for which application threads were stopped: 0.0013030 seconds, Stopping threads took: 0.0000810 seconds
216.073: Application time: 0.0390990 seconds
216.073: [GC216.073: [ParNew: 17623K->1552K(18048K), 0.0011820 secs] 44802K->30427K(57984K), 0.0012170 secs] [Times: user=0.01 sys=0.00, real=0.00 secs] 
216.075: Total time for which application threads were stopped: 0.0013660 seconds, Stopping threads took: 0.0000820 seconds
216.115: Application time: 0.0405340 seconds
216.115: [GC216.115: [ParNew: 17523K->1552K(18048K), 0.0009300 secs] 46398K->31451K(57984K), 0.0009630 secs] [Times: user=0.01 sys=0.00, real=0.00 secs] 
216.116: Total time for which application threads were stopped: 0.0011000 seconds, Stopping threads took: 0.0000710 seconds
216.157: Application time: 0.0403300 seconds
216.157: [GC216.157: [ParNew: 17518K->1550K(18048K), 0.0008100 secs] 47418K->31961K(57984K), 0.0008410 secs] [Times: user=0.01 sys=0.00, real=0.01 secs] 
216.158: Total time for which application threads were stopped: 0.0010300 seconds, Stopping threads took: 0.0001270 seconds
216.198: Application time: 0.0403560 seconds
216.198: [GC216.198: [ParNew: 17518K->1548K(18048K), 0.0007880 secs] 47930K->32471K(57984K), 0.0008170 secs] [Times: user=0.00 sys=0.00, real=0.00 secs] 
216.199: Total time for which application threads were stopped: 0.0009440 seconds, Stopping threads took: 0.0000670 seconds
216.239: Application time: 0.0403160 seconds
216.239: [GC216.239: [ParNew: 17597K->1578K(18048K), 0.0006330 secs] 48521K->32502K(57984K), 0.0006630 secs] [Times: user=0.00 sys=0.00, real=0.00 secs] 
216.240: Total time for which application threads were stopped: 0.0007820 seconds, Stopping threads took: 0.0000590 seconds
216.280: Application time: 0.0397740 seconds
216.280: [GC216.280: [ParNew: 17546K->1034K(18048K), 0.0004500 secs] 48470K->32021K(57984K), 0.0004810 secs] [Times: user=0.00 sys=0.00, real=0.00 secs] 
216.280: Total time for which application threads were stopped: 0.0006140 seconds, Stopping threads took: 0.0000760 seconds
216.320: Application time: 0.0391400 seconds
216.320: [GC216.320: [ParNew: 17079K->1064K(18048K), 0.0004510 secs] 48067K->32052K(57984K), 0.0004780 secs] [Times: user=0.00 sys=0.00, real=0.00 secs] 
216.320: Total time for which application threads were stopped: 0.0005920 seconds, Stopping threads took: 0.0000550 seconds
216.358: Application time: 0.0375890 seconds
216.358: [GC216.358: [ParNew: 17014K->1548K(18048K), 0.0012380 secs] 48002K->34136K(57984K), 0.0012770 secs] [Times: user=0.01 sys=0.00, real=0.00 secs] 
216.359: Total time for which application threads were stopped: 0.0014130 seconds, Stopping threads took: 0.0000630 seconds
216.401: Application time: 0.0414500 seconds
216.401: [GC216.401: [ParNew: 17593K->1578K(18048K), 0.0012340 secs] 50181K->35702K(57984K), 0.0012680 secs] [Times: user=0.01 sys=0.00, real=0.00 secs] 
216.402: Total time for which application threads were stopped: 0.0014230 seconds, Stopping threads took: 0.0000800 seconds
216.442: Application time: 0.0394490 seconds
216.442: [GC216.442: [ParNew: 17544K->1548K(18048K), 0.0011980 secs] 51668K->37280K(57984K), 0.0012310 secs] [Times: user=0.01 sys=0.00, real=0.00 secs] 
216.443: Total time for which application threads were stopped: 0.0013690 seconds, Stopping threads took: 0.0000720 seconds
216.483: Application time: 0.0399960 seconds
216.483: [GC216.483: [ParNew: 17519K->1548K(18048K), 0.0009530 secs] 53251K->38304K(57984K), 0.0009840 secs] [Times: user=0.01 sys=0.00, real=0.00 secs] 
216.484: Total time for which application threads were stopped: 0.0011170 seconds, Stopping threads took: 0.0000640 seconds
216.526: Application time: 0.0420220 seconds
216.526: [GC216.526: [ParNew: 17519K->1546K(18048K), 0.0007790 secs] 54275K->38814K(57984K), 0.0008080 secs] [Times: user=0.01 sys=0.00, real=0.00 secs] 
216.527: Total time for which application threads were stopped: 0.0010580 seconds, Stopping threads took: 0.0001880 seconds
216.572: Application time: 0.0445500 seconds
216.572: [GC216.572: [ParNew: 17514K->1546K(18048K), 0.0006400 secs] 54783K->38814K(57984K), 0.0006690 secs] [Times: user=0.00 sys=0.00, real=0.00 secs] 
216.572: Total time for which application threads were stopped: 0.0007970 seconds, Stopping threads took: 0.0000660 seconds
216.614: Application time: 0.0412010 seconds
216.614: [GC216.614: [ParNew: 17512K->1546K(18048K), 0.0006220 secs] 54780K->38814K(57984K), 0.0006520 secs] [Times: user=0.00 sys=0.00, real=0.00 secs] 
216.614: Total time for which application threads were stopped: 0.0007750 seconds, Stopping threads took: 0.0000650 seconds
216.658: Application time: 0.0440340 seconds
216.659: [GC216.659: [ParNew: 17595K->1066K(18048K), 0.0005640 secs] 54863K->38334K(57984K), 0.0005900 secs] [Times: user=0.00 sys=0.00, real=0.00 secs] 
216.659: Total time for which application threads were stopped: 0.0007180 seconds, Stopping threads took: 0.0000700 seconds
216.701: Application time: 0.0422570 seconds
216.702: [GC216.702: [ParNew: 16668K->1608K(18048K), 0.0006430 secs] 53936K->38940K(57984K), 0.0006720 secs] [Times: user=0.00 sys=0.00, real=0.00 secs] 
216.702: Total time for which application threads were stopped: 0.0007960 seconds, Stopping threads took: 0.0000620 seconds
216.744: Application time: 0.0415300 seconds
216.744: [GC216.744: [ParNew: 17215K->1608K(18048K), 0.0006550 secs] 54547K->39036K(57984K), 0.0006860 secs] [Times: user=0.00 sys=0.00, real=0.00 secs] 
216.745: Total time for which application threads were stopped: 0.0008200 seconds, Stopping threads took: 0.0000690 seconds
216.787: Application time: 0.0427790 seconds
216.787: [GC216.787: [ParNew: 17570K->1548K(18048K), 0.0008030 secs] 54999K->39576K(57984K), 0.0008370 secs] [Times: user=0.01 sys=0.00, real=0.00 secs] 
216.788: Total time for which application threads were stopped: 0.0009610 seconds, Stopping threads took: 0.0000580 seconds
216.831: Application time: 0.0427560 seconds
216.831: [GC216.831: [ParNew: 17521K->1036K(18048K), 0.0004590 secs] 55549K->39064K(57984K), 0.0004900 secs] [Times: user=0.00 sys=0.00, real=0.00 secs] 
216.832: Total time for which application threads were stopped: 0.0006260 seconds, Stopping threads took: 0.0000760 seconds
216.875: Application time: 0.0432140 seconds
216.875: [GC216.875: [ParNew: 16998K->1546K(18048K), 0.0006150 secs] 55026K->39574K(57984K), 0.0006460 secs] [Times: user=0.00 sys=0.00, real=0.00 secs] 
216.876: Total time for which application threads were stopped: 0.0007870 seconds, Stopping threads took: 0.0000700 seconds
216.920: Application time: 0.0438350 seconds
216.920: [GC216.920: [ParNew: 17595K->1066K(18048K), 0.0004670 secs] 55623K->39094K(57984K), 0.0004970 secs] [Times: user=0.01 sys=0.00, real=0.00 secs] 
216.920: Total time for which application threads were stopped: 0.0006220 seconds, Stopping threads took: 0.0000660 seconds
216.961: Application time: 0.0411560 seconds
216.961: [GC216.961: [ParNew: 17024K->1548K(18048K), 0.0009110 secs] 55052K->40136K(57984K), 0.0009510 secs] [Times: user=0.00 sys=0.00, real=0.00 secs] 
216.962: Total time for which application threads were stopped: 0.0010890 seconds, Stopping threads took: 0.0000720 seconds
217.006: Application time: 0.0432100 seconds
217.006: [GC217.006: [ParNew: 17514K->1548K(18048K), 0.0007730 secs] 56103K->40648K(57984K), 0.0008020 secs] [Times: user=0.01 sys=0.00, real=0.00 secs] 
217.007: Total time for which application threads were stopped: 0.0009510 seconds, Stopping threads took: 0.0000850 seconds
217.050: Application time: 0.0434380 seconds
217.050: [GC217.050: [ParNew: 17591K->1578K(18048K), 0.0008010 secs] 56691K->41190K(57984K), 0.0008330 secs] [Times: user=0.01 sys=0.00, real=0.00 secs] 
217.051: Total time for which application threads were stopped: 0.0009600 seconds, Stopping threads took: 0.0000620 seconds
217.094: Application time: 0.0425230 seconds
217.095: [GC217.095: [ParNew: 17540K->17540K(18048K), 0.0000140 secs]217.095: [Tenured: 39612K->8295K(39936K), 0.0056060 secs] 57153K->8295K(57984K), [Perm : 5179K->5179K(21248K)], 0.0056780 secs] [Times: user=0.00 sys=0.00, real=0.01 secs] 
217.101: Total time for which application threads were stopped: 0.0070810 seconds, Stopping threads took: 0.0013110 seconds
217.144: Application time: 0.0435900 seconds
217.144: [GC217.144: [ParNew: 16050K->1578K(18048K), 0.0006090 secs] 24346K->9873K(57984K), 0.0006390 secs] [Times: user=0.01 sys=0.00, real=0.00 secs] 
217.145: Total time for which application threads were stopped: 0.0007720 seconds, Stopping threads took: 0.0000710 seconds
217.189: Application time: 0.0435930 seconds
217.189: [GC217.189: [ParNew: 17549K->1032K(18048K), 0.0004650 secs] 25844K->9399K(57984K), 0.0004970 secs] [Times: user=0.00 sys=0.00, real=0.00 secs] 
217.189: Total time for which application threads were stopped: 0.0007420 seconds, Stopping threads took: 0.0001840 seconds
217.233: Application time: 0.0436870 seconds
217.233: [GC217.233: [ParNew: 16998K->1034K(18048K), 0.0004740 secs] 25366K->9401K(57984K), 0.0005020 secs] [Times: user=0.00 sys=0.00, real=0.00 secs] 
217.234: Total time for which application threads were stopped: 0.0006460 seconds, Stopping threads took: 0.0000830 seconds
217.277: Application time: 0.0430420 seconds
217.277: [GC217.277: [ParNew: 17002K->524K(18048K), 0.0003600 secs] 25370K->8891K(57984K), 0.0003880 secs] [Times: user=0.00 sys=0.00, real=0.01 secs] 
217.277: Total time for which application threads were stopped: 0.0005470 seconds, Stopping threads took: 0.0001020 seconds
217.318: Application time: 0.0406990 seconds
217.318: [GC217.318: [ParNew: 16486K->1034K(18048K), 0.0004770 secs] 24854K->9401K(57984K), 0.0005070 secs] [Times: user=0.00 sys=0.00, real=0.00 secs] 
217.319: Total time for which application threads were stopped: 0.0007070 seconds, Stopping threads took: 0.0001400 seconds
217.361: Application time: 0.0422470 seconds
217.361: [GC217.361: [ParNew: 16992K->1546K(18048K), 0.0008020 secs] 25360K->10425K(57984K), 0.0008350 secs] [Times: user=0.00 sys=0.00, real=0.00 secs] 
217.362: Total time for which application threads were stopped: 0.0009780 seconds, Stopping threads took: 0.0000790 seconds
217.405: Application time: 0.0432050 seconds
217.405: [GC217.405: [ParNew: 17595K->1578K(18048K), 0.0006110 secs] 26474K->10457K(57984K), 0.0006410 secs] [Times: user=0.00 sys=0.00, real=0.00 secs] 
217.406: Total time for which application threads were stopped: 0.0007860 seconds, Stopping threads took: 0.0000710 seconds
217.449: Application time: 0.0426470 seconds
217.449: [GC217.449: [ParNew: 17271K->606K(18048K), 0.0004150 secs] 26151K->9550K(57984K), 0.0004390 secs] [Times: user=0.00 sys=0.00, real=0.00 secs] 
217.449: Total time for which application threads were stopped: 0.0006000 seconds, Stopping threads took: 0.0001060 seconds
217.493: Application time: 0.0438320 seconds
217.493: [GC217.493: [ParNew: 16651K->638K(18048K), 0.0003440 secs] 25594K->9582K(57984K), 0.0003720 secs] [Times: user=0.01 sys=0.00, real=0.00 secs] 
217.493: Total time for which application threads were stopped: 0.0004980 seconds, Stopping threads took: 0.0000590 seconds
217.533: Application time: 0.0398330 seconds
217.533: [GC217.534: [ParNew: 16596K->1660K(18048K), 0.0007300 secs] 25540K->10604K(57984K), 0.0007600 secs] [Times: user=0.00 sys=0.00, real=0.00 secs] 
217.534: Total time for which application threads were stopped: 0.0009860 seconds, Stopping threads took: 0.0001670 seconds
217.577: Application time: 0.0423110 seconds
217.577: [GC217.577: [ParNew: 17618K->1546K(18048K), 0.0010880 secs] 26562K->11674K(57984K), 0.0011220 secs] [Times: user=0.01 sys=0.00, real=0.01 secs] 
217.578: Total time for which application threads were stopped: 0.0012610 seconds, Stopping threads took: 0.0000730 seconds
217.619: Application time: 0.0414990 seconds
217.619: [GC217.619: [ParNew: 17591K->1580K(18048K), 0.0009880 secs] 27719K->12732K(57984K), 0.0010190 secs] [Times: user=0.01 sys=0.00, real=0.00 secs] 
217.620: Total time for which application threads were stopped: 0.0011480 seconds, Stopping threads took: 0.0000640 seconds
217.665: Application time: 0.0442720 seconds
217.665: [GC217.665: [ParNew: 17549K->1548K(18048K), 0.0008000 secs] 28701K->13276K(57984K), 0.0008310 secs] [Times: user=0.01 sys=0.00, real=0.01 secs] 
217.666: Total time for which application threads were stopped: 0.0009660 seconds, Stopping threads took: 0.0000700 seconds
217.709: Application time: 0.0433340 seconds
217.709: [GC217.709: [ParNew: 17514K->1546K(18048K), 0.0008260 secs] 29242K->13786K(57984K), 0.0008600 secs] [Times: user=0.01 sys=0.00, real=0.00 secs] 
217.710: Total time for which application threads were stopped: 0.0010000 seconds, Stopping threads took: 0.0000700 seconds
217.754: Application time: 0.0441690 seconds
217.754: [GC217.754: [ParNew: 17519K->1036K(18048K), 0.0004550 secs] 29759K->13276K(57984K), 0.0004840 secs] [Times: user=0.00 sys=0.00, real=0.00 secs] 
217.755: Total time for which application threads were stopped: 0.0006190 seconds, Stopping threads took: 0.0000740 seconds
217.796: Application time: 0.0413420 seconds
217.796: [GC217.796: [ParNew: 17072K->1578K(18048K), 0.0008610 secs] 29312K->14330K(57984K), 0.0008920 secs] [Times: user=0.00 sys=0.00, real=0.01 secs] 
217.797: Total time for which application threads were stopped: 0.0010280 seconds, Stopping threads took: 0.0000740 seconds
217.840: Application time: 0.0427920 seconds
217.840: [GC217.840: [ParNew: 17627K->1578K(18048K), 0.0006060 secs] 30379K->14394K(57984K), 0.0006340 secs] [Times: user=0.00 sys=0.00, real=0.00 secs] 
217.841: Total time for which application threads were stopped: 0.0007550 seconds, Stopping threads took: 0.0000620 seconds
217.884: Application time: 0.0433570 seconds
217.884: [GC217.884: [ParNew: 17540K->1546K(18048K), 0.0007570 secs] 30356K->14930K(57984K), 0.0007860 secs] [Times: user=0.00 sys=0.00, real=0.00 secs] 
217.885: Total time for which application threads were stopped: 0.0009820 seconds, Stopping threads took: 0.0001320 seconds
217.929: Application time: 0.0440750 seconds
217.929: [GC217.929: [ParNew: 17514K->1546K(18048K), 0.0006300 secs] 30899K->14930K(57984K), 0.0006590 secs] [Times: user=0.01 sys=0.00, real=0.00 secs] 
217.930: Total time for which application threads were stopped: 0.0008090 seconds, Stopping threads took: 0.0000790 seconds
217.970: Application time: 0.0403890 seconds
217.971: [GC217.971: [ParNew: 17508K->1546K(18048K), 0.0009160 secs] 30892K->15442K(57984K), 0.0009440 secs] [Times: user=0.01 sys=0.00, real=0.00 secs] 
217.971: Total time for which application threads were stopped: 0.0010760 seconds, Stopping threads took: 0.0000700 seconds
218.016: Application time: 0.0449850 seconds
218.017: [GC218.017: [ParNew: 17517K->1546K(18048K), 0.0006090 secs] 31413K->15442K(57984K), 0.0006390 secs] [Times: user=0.00 sys=0.00, real=0.01 secs] 
218.017: Total time for which application threads were stopped: 0.0007560 seconds, Stopping threads took: 0.0000570 seconds
218.062: Application time: 0.0443900 seconds
218.062: [GC218.062: [ParNew: 17519K->522K(18048K), 0.0003310 secs] 31415K->14418K(57984K), 0.0003590 secs] [Times: user=0.00 sys=0.00, real=0.00 secs] 
218.062: Total time for which application threads were stopped: 0.0004810 seconds, Stopping threads took: 0.0000650 seconds
218.106: Application time: 0.0440740 seconds
218.106: [GC218.106: [ParNew: 16488K->12K(18048K), 0.0002330 secs] 30384K->13908K(57984K), 0.0002570 secs] [Times: user=0.00 sys=0.00, real=0.00 secs] 
218.107: Total time for which application threads were stopped: 0.0004060 seconds, Stopping threads took: 0.0000990 seconds
218.145: Application time: 0.0381820 seconds
218.145: [GC218.145: [ParNew: 15596K->1608K(18048K), 0.0011420 secs] 29492K->17040K(57984K), 0.0011780 secs] [Times: user=0.01 sys=0.00, real=0.01 secs] 
218.146: Total time for which application threads were stopped: 0.0013160 seconds, Stopping threads took: 0.0000680 seconds
218.189: Application time: 0.0431670 seconds
218.189: [GC218.189: [ParNew: 17301K->1634K(18048K), 0.0008920 secs] 32733K->17682K(57984K), 0.0009250 secs] [Times: user=0.00 sys=0.00, real=0.00 secs] 
218.190: Total time for which application threads were stopped: 0.0010480 seconds, Stopping threads took: 0.0000570 seconds
218.235: Application time: 0.0446680 seconds
218.235: [GC218.235: [ParNew: 17605K->1546K(18048K), 0.0006490 secs] 33653K->17730K(57984K), 0.0006770 secs] [Times: user=0.00 sys=0.00, real=0.00 secs] 
218.236: Total time for which application threads were stopped: 0.0008170 seconds, Stopping threads took: 0.0000780 seconds
218.279: Application time: 0.0436930 seconds
218.280: [GC218.280: [ParNew: 17516K->1034K(18048K), 0.0005360 secs] 33701K->17218K(57984K), 0.0005650 secs] [Times: user=0.01 sys=0.00, real=0.00 secs] 
218.280: Total time for which application threads were stopped: 0.0006940 seconds, Stopping threads took: 0.0000680 seconds
218.321: Application time: 0.0407950 seconds
218.321: [GC218.321: [ParNew: 17074K->1580K(18048K), 0.0006270 secs] 33259K->17764K(57984K), 0.0006570 secs] [Times: user=0.00 sys=0.01, real=0.00 secs] 
218.322: Total time for which application threads were stopped: 0.0007820 seconds, Stopping threads took: 0.0000630 seconds
218.365: Application time: 0.0432390 seconds
218.365: [GC218.365: [ParNew: 17546K->1544K(18048K), 0.0006060 secs] 33731K->17800K(57984K), 0.0006360 secs] [Times: user=0.00 sys=0.00, real=0.01 secs] 
218.366: Total time for which application threads were stopped: 0.0007560 seconds, Stopping threads took: 0.0000580 seconds
218.411: Application time: 0.0447780 seconds
218.411: [GC218.411: [ParNew: 17514K->1034K(18048K), 0.0005690 secs] 33771K->17290K(57984K), 0.0005980 secs] [Times: user=0.00 sys=0.00, real=0.00 secs] 
218.411: Total time for which application threads were stopped: 0.0008660 seconds, Stopping threads took: 0.0002060 seconds
218.455: Application time: 0.0439860 seconds
218.456: [GC218.456: [ParNew: 16992K->1546K(18048K), 0.0007730 secs] 33248K->18314K(57984K), 0.0008030 secs] [Times: user=0.00 sys=0.00, real=0.00 secs] 
218.456: Total time for which application threads were stopped: 0.0009500 seconds, Stopping threads took: 0.0000720 seconds
218.500: Application time: 0.0437150 seconds
218.500: [GC218.500: [ParNew: 17595K->1580K(18048K), 0.0005970 secs] 34363K->18348K(57984K), 0.0006280 secs] [Times: user=0.01 sys=0.00, real=0.00 secs] 
218.501: Total time for which application threads were stopped: 0.0007810 seconds, Stopping threads took: 0.0000910 seconds
218.544: Application time: 0.0434790 seconds
218.544: [GC218.544: [ParNew: 17551K->1034K(18048K), 0.0004700 secs] 34319K->17866K(57984K), 0.0004970 secs] [Times: user=0.01 sys=0.00, real=0.00 secs] 
218.545: Total time for which application threads were stopped: 0.0006330 seconds, Stopping threads took: 0.0000780 seconds
218.589: Application time: 0.0444680 seconds
218.590: [GC218.590: [ParNew: 17074K->1580K(18048K), 0.0006290 secs] 33907K->18412K(57984K), 0.0006600 secs] [Times: user=0.01 sys=0.00, real=0.00 secs] 
218.590: Total time for which application threads were stopped: 0.0007780 seconds, Stopping threads took: 0.0000570 seconds
218.634: Application time: 0.0434930 seconds
218.634: [GC218.634: [ParNew: 17551K->1034K(18048K), 0.0005580 secs] 34383K->17938K(57984K), 0.0005930 secs] [Times: user=0.00 sys=0.00, real=0.00 secs] 
218.634: Total time for which application threads were stopped: 0.0007120 seconds, Stopping threads took: 0.0000620 seconds
218.676: Application time: 0.0415760 seconds
218.676: [GC218.676: [ParNew: 17000K->1034K(18048K), 0.0005240 secs] 33905K->17938K(57984K), 0.0005530 secs] [Times: user=0.01 sys=0.00, real=0.00 secs] 
218.677: Total time for which application threads were stopped: 0.0006780 seconds, Stopping threads took: 0.0000660 seconds
218.720: Application time: 0.0434140 seconds
218.720: [GC218.720: [ParNew: 16996K->1546K(18048K), 0.0005800 secs] 33901K->18450K(57984K), 0.0006100 secs] [Times: user=0.01 sys=0.00, real=0.00 secs] 
218.721: Total time for which application threads were stopped: 0.0007390 seconds, Stopping threads took: 0.0000700 seconds
218.763: Application time: 0.0423740 seconds
218.763: [GC218.763: [ParNew: 17508K->1546K(18048K), 0.0007500 secs] 34413K->18962K(57984K), 0.0007820 secs] [Times: user=0.01 sys=0.00, real=0.00 secs] 
218.764: Total time for which application threads were stopped: 0.0009430 seconds, Stopping threads took: 0.0000970 seconds
218.807: Application time: 0.0426000 seconds
218.807: [GC218.807: [ParNew: 17517K->1548K(18048K), 0.0006690 secs] 34933K->18964K(57984K), 0.0007000 secs] [Times: user=0.00 sys=0.00, real=0.00 secs] 
218.808: Total time for which application threads were stopped: 0.0008390 seconds, Stopping threads took: 0.0000760 seconds
218.852: Application time: 0.0439970 seconds
218.852: [GC218.852: [ParNew: 17514K->1546K(18048K), 0.0006980 secs] 34931K->18962K(57984K), 0.0007260 secs] [Times: user=0.01 sys=0.00, real=0.00 secs] 
218.852: Total time for which application threads were stopped: 0.0008480 seconds, Stopping threads took: 0.0000620 seconds
218.895: Application time: 0.0421770 seconds
218.895: [GC218.895: [ParNew: 17235K->1122K(18048K), 0.0004870 secs] 34652K->18538K(57984K), 0.0005160 secs] [Times: user=0.00 sys=0.00, real=0.00 secs] 
218.895: Total time for which application threads were stopped: 0.0006410 seconds, Stopping threads took: 0.0000660 seconds
218.937: Application time: 0.0415960 seconds
218.937: [GC218.937: [ParNew: 17185K->1602K(18048K), 0.0008570 secs] 34601K->19658K(57984K), 0.0008880 secs] [Times: user=0.01 sys=0.00, real=0.01 secs] 
218.938: Total time for which application threads were stopped: 0.0010300 seconds, Stopping threads took: 0.0000770 seconds
218.980: Application time: 0.0423010 seconds
218.980: [GC218.980: [ParNew: 17623K->1580K(18048K), 0.0008360 secs] 35679K->20212K(57984K), 0.0008680 secs] [Times: user=0.00 sys=0.00, real=0.00 secs] 
218.981: Total time for which application threads were stopped: 0.0010120 seconds, Stopping threads took: 0.0000710 seconds
219.024: Application time: 0.0425560 seconds
219.024: [GC219.024: [ParNew: 17625K->1580K(18048K), 0.0008100 secs] 36257K->20780K(57984K), 0.0008390 secs] [Times: user=0.01 sys=0.00, real=0.00 secs] 
219.025: Total time for which application threads were stopped: 0.0009890 seconds, Stopping threads took: 0.0000860 seconds
219.069: Application time: 0.0443150 seconds
219.069: [GC219.069: [ParNew: 17551K->1544K(18048K), 0.0006270 secs] 36751K->20824K(57984K), 0.0006560 secs] [Times: user=0.01 sys=0.00, real=0.00 secs] 
219.070: Total time for which application threads were stopped: 0.0007810 seconds, Stopping threads took: 0.0000580 seconds
219.113: Application time: 0.0430240 seconds
219.113: [GC219.113: [ParNew: 17514K->1034K(18048K), 0.0005210 secs] 36795K->20314K(57984K), 0.0005470 secs] [Times: user=0.00 sys=0.00, real=0.00 secs] 
219.114: Total time for which application threads were stopped: 0.0006730 seconds, Stopping threads took: 0.0000690 seconds
219.156: Application time: 0.0427640 seconds
219.156: [GC219.156: [ParNew: 16992K->1546K(18048K), 0.0007720 secs] 36273K->21338K(57984K), 0.0008050 secs] [Times: user=0.00 sys=0.00, real=0.01 secs] 
219.157: Total time for which application threads were stopped: 0.0009410 seconds, Stopping threads took: 0.0000600 seconds
219.201: Application time: 0.0439340 seconds
219.201: [GC219.201: [ParNew: 17512K->1548K(18048K), 0.0008040 secs] 37305K->21852K(57984K), 0.0008340 secs] [Times: user=0.01 sys=0.00, real=0.00 secs] 
219.202: Total time for which application threads were stopped: 0.0009630 seconds, Stopping threads took: 0.0000690 seconds
219.245: Application time: 0.0431820 seconds
219.245: [GC219.245: [ParNew: 17592K->1580K(18048K), 0.0007720 secs] 37897K->22397K(57984K), 0.0008060 secs] [Times: user=0.01 sys=0.00, real=0.00 secs] 
219.246: Total time for which application threads were stopped: 0.0009440 seconds, Stopping threads took: 0.0000720 seconds
219.288: Application time: 0.0415730 seconds
219.288: [GC219.288: [ParNew: 17625K->1576K(18048K), 0.0008030 secs] 38441K->22977K(57984K), 0.0008330 secs] [Times: user=0.01 sys=0.00, real=0.00 secs] 
219.289: Total time for which application threads were stopped: 0.0009710 seconds, Stopping threads took: 0.0000720 seconds
219.331: Application time: 0.0426150 seconds
219.332: [GC219.332: [ParNew: 17542K->1546K(18048K), 0.0008930 secs] 38943K->23515K(57984K), 0.0009220 secs] [Times: user=0.00 sys=0.00, real=0.00 secs] 
219.333: Total time for which application threads were stopped: 0.0010460 seconds, Stopping threads took: 0.0000610 seconds
219.377: Application time: 0.0442800 seconds
219.377: [GC219.377: [ParNew: 17517K->1548K(18048K), 0.0007000 secs] 39485K->23517K(57984K), 0.0007300 secs] [Times: user=0.00 sys=0.00, real=0.01 secs] 
219.378: Total time for which application threads were stopped: 0.0009710 seconds, Stopping threads took: 0.0001790 seconds
219.422: Application time: 0.0445990 seconds
219.422: [GC219.422: [ParNew: 17510K->1548K(18048K), 0.0007710 secs] 39479K->24029K(57984K), 0.0007990 secs] [Times: user=0.00 sys=0.00, real=0.00 secs] 
219.423: Total time for which application threads were stopped: 0.0009320 seconds, Stopping threads took: 0.0000710 seconds
219.467: Application time: 0.0434990 seconds
219.467: [GC219.467: [ParNew: 17519K->1546K(18048K), 0.0006320 secs] 39999K->24027K(57984K), 0.0006620 secs] [Times: user=0.00 sys=0.00, real=0.00 secs] 
219.468: Total time for which application threads were stopped: 0.0007810 seconds, Stopping threads took: 0.0000570 seconds
219.509: Application time: 0.0414540 seconds
219.509: [GC219.509: [ParNew: 17508K->1546K(18048K), 0.0008460 secs] 39989K->24539K(57984K), 0.0008770 secs] [Times: user=0.00 sys=0.00, real=0.00 secs] 
219.510: Total time for which application threads were stopped: 0.0010280 seconds, Stopping threads took: 0.0000730 seconds
219.554: Application time: 0.0434610 seconds
219.554: [GC219.554: [ParNew: 17517K->1546K(18048K), 0.0007620 secs] 40509K->24539K(57984K), 0.0007910 secs] [Times: user=0.00 sys=0.00, real=0.00 secs] 
219.554: Total time for which application threads were stopped: 0.0009240 seconds, Stopping threads took: 0.0000710 seconds
219.598: Application time: 0.0433440 seconds
219.598: [GC219.598: [ParNew: 17239K->612K(18048K), 0.0003500 secs] 40232K->23605K(57984K), 0.0003750 secs] [Times: user=0.00 sys=0.00, real=0.00 secs] 
219.598: Total time for which application threads were stopped: 0.0005350 seconds, Stopping threads took: 0.0001050 seconds
219.639: Application time: 0.0407860 seconds
219.639: [GC219.639: [ParNew: 16644K->1664K(18048K), 0.0008200 secs] 39637K->25169K(57984K), 0.0008510 secs] [Times: user=0.01 sys=0.00, real=0.00 secs] 
219.640: Total time for which application threads were stopped: 0.0009780 seconds, Stopping threads took: 0.0000640 seconds
219.683: Application time: 0.0426480 seconds
219.683: [GC219.683: [ParNew: 17709K->1578K(18048K), 0.0008330 secs] 41214K->25755K(57984K), 0.0008650 secs] [Times: user=0.00 sys=0.00, real=0.00 secs] 
219.684: Total time for which application threads were stopped: 0.0010000 seconds, Stopping threads took: 0.0000710 seconds
219.728: Application time: 0.0441470 seconds
219.728: [GC219.728: [ParNew: 17549K->1546K(18048K), 0.0006560 secs] 41726K->25787K(57984K), 0.0006940 secs] [Times: user=0.00 sys=0.00, real=0.00 secs] 
219.729: Total time for which application threads were stopped: 0.0009660 seconds, Stopping threads took: 0.0002120 seconds
219.773: Application time: 0.0441110 seconds
219.773: [GC219.773: [ParNew: 17591K->1578K(18048K), 0.0006470 secs] 41832K->25819K(57984K), 0.0006780 secs] [Times: user=0.00 sys=0.00, real=0.00 secs] 
219.774: Total time for which application threads were stopped: 0.0008230 seconds, Stopping threads took: 0.0000840 seconds
219.817: Application time: 0.0434870 seconds
219.817: [GC219.817: [ParNew: 17540K->1546K(18048K), 0.0008660 secs] 41781K->26363K(57984K), 0.0008940 secs] [Times: user=0.00 sys=0.00, real=0.00 secs] 
219.818: Total time for which application threads were stopped: 0.0010480 seconds, Stopping threads took: 0.0000920 seconds
219.861: Application time: 0.0425980 seconds
219.861: [GC219.861: [ParNew: 17512K->1546K(18048K), 0.0008970 secs] 42330K->26875K(57984K), 0.0009280 secs] [Times: user=0.01 sys=0.00, real=0.00 secs] 
219.862: Total time for which application threads were stopped: 0.0010750 seconds, Stopping threads took: 0.0000830 seconds
219.906: Application time: 0.0442850 seconds
219.906: [GC219.906: [ParNew: 17517K->1546K(18048K), 0.0006230 secs] 42846K->26875K(57984K), 0.0006540 secs] [Times: user=0.00 sys=0.00, real=0.00 secs] 
219.907: Total time for which application threads were stopped: 0.0007970 seconds, Stopping threads took: 0.0000830 seconds
219.950: Application time: 0.0425150 seconds
219.950: [GC219.950: [ParNew: 17516K->1034K(18048K), 0.0004400 secs] 42846K->26363K(57984K), 0.0004670 secs] [Times: user=0.00 sys=0.00, real=0.00 secs] 
219.950: Total time for which application threads were stopped: 0.0006040 seconds, Stopping threads took: 0.0000790 seconds
219.993: Application time: 0.0432130 seconds
219.994: [GC219.994: [ParNew: 17074K->1578K(18048K), 0.0005980 secs] 42403K->26907K(57984K), 0.0006280 secs] [Times: user=0.01 sys=0.00, real=0.00 secs] 
219.994: Total time for which application threads were stopped: 0.0007550 seconds, Stopping threads took: 0.0000660 seconds
220.036: Application time: 0.0417510 seconds
220.036: [GC220.036: [ParNew: 17618K->1578K(18048K), 0.0008250 secs] 42948K->27475K(57984K), 0.0008560 secs] [Times: user=0.01 sys=0.00, real=0.00 secs] 
220.037: Total time for which application threads were stopped: 0.0009950 seconds, Stopping threads took: 0.0000670 seconds
220.079: Application time: 0.0423800 seconds
220.079: [GC220.079: [ParNew: 17536K->1548K(18048K), 0.0011380 secs] 43433K->29037K(57984K), 0.0011730 secs] [Times: user=0.00 sys=0.00, real=0.00 secs] 
220.081: Total time for which application threads were stopped: 0.0013170 seconds, Stopping threads took: 0.0000760 seconds
220.125: Application time: 0.0443440 seconds
220.125: [GC220.125: [ParNew: 17519K->1548K(18048K), 0.0010350 secs] 45008K->30061K(57984K), 0.0010680 secs] [Times: user=0.00 sys=0.00, real=0.01 secs] 
220.126: Total time for which application threads were stopped: 0.0011980 seconds, Stopping threads took: 0.0000610 seconds
220.169: Application time: 0.0426790 seconds
220.169: [GC220.169: [ParNew: 17519K->1546K(18048K), 0.0008890 secs] 46032K->30571K(57984K), 0.0009190 secs] [Times: user=0.01 sys=0.00, real=0.00 secs] 
220.170: Total time for which application threads were stopped: 0.0010830 seconds, Stopping threads took: 0.0001000 seconds
220.214: Application time: 0.0438980 seconds
220.214: [GC220.214: [ParNew: 17517K->1546K(18048K), 0.0006410 secs] 46542K->30571K(57984K), 0.0006730 secs] [Times: user=0.00 sys=0.00, real=0.00 secs] 
220.215: Total time for which application threads were stopped: 0.0008020 seconds, Stopping threads took: 0.0000660 seconds
220.258: Application time: 0.0433290 seconds
220.258: [GC220.258: [ParNew: 17516K->1034K(18048K), 0.0005760 secs] 46542K->30059K(57984K), 0.0006040 secs] [Times: user=0.00 sys=0.00, real=0.00 secs] 
220.259: Total time for which application threads were stopped: 0.0007280 seconds, Stopping threads took: 0.0000650 seconds
220.300: Application time: 0.0409510 seconds
220.300: [GC220.300: [ParNew: 16992K->1546K(18048K), 0.0008550 secs] 46017K->31083K(57984K), 0.0008940 secs] [Times: user=0.00 sys=0.00, real=0.00 secs] 
220.301: Total time for which application threads were stopped: 0.0010280 seconds, Stopping threads took: 0.0000700 seconds
220.343: Application time: 0.0422860 seconds
220.343: [GC220.343: [ParNew: 17231K->1632K(18048K), 0.0009450 secs] 46768K->31681K(57984K), 0.0009750 secs] [Times: user=0.01 sys=0.00, real=0.00 secs] 
220.344: Total time for which application threads were stopped: 0.0011060 seconds, Stopping threads took: 0.0000700 seconds
220.388: Application time: 0.0437110 seconds
220.388: [GC220.388: [ParNew: 17681K->1576K(18048K), 0.0006720 secs] 47730K->31765K(57984K), 0.0007020 secs] [Times: user=0.00 sys=0.00, real=0.00 secs] 
220.389: Total time for which application threads were stopped: 0.0008250 seconds, Stopping threads took: 0.0000580 seconds
220.432: Application time: 0.0430190 seconds
220.432: [GC220.432: [ParNew: 17625K->1064K(18048K), 0.0004570 secs] 47814K->31325K(57984K), 0.0004840 secs] [Times: user=0.00 sys=0.00, real=0.00 secs] 
220.432: Total time for which application threads were stopped: 0.0006620 seconds, Stopping threads took: 0.0001200 seconds
220.477: Application time: 0.0443470 seconds
220.477: [GC220.477: [ParNew: 17113K->554K(18048K), 0.0003380 secs] 47374K->30895K(57984K), 0.0003660 secs] [Times: user=0.00 sys=0.00, real=0.01 secs] 
220.477: Total time for which application threads were stopped: 0.0004980 seconds, Stopping threads took: 0.0000650 seconds
220.519: Application time: 0.0419490 seconds
220.519: [GC220.519: [ParNew: 16520K->556K(18048K), 0.0003250 secs] 46862K->30897K(57984K), 0.0003490 secs] [Times: user=0.00 sys=0.00, real=0.00 secs] 
220.520: Total time for which application threads were stopped: 0.0004610 seconds, Stopping threads took: 0.0000620 seconds
220.556: Application time: 0.0366490 seconds
220.556: [GC220.556: [ParNew: 16502K->1578K(18048K), 0.0011480 secs] 46843K->33455K(57984K), 0.0011810 secs] [Times: user=0.01 sys=0.00, real=0.01 secs] 
220.558: Total time for which application threads were stopped: 0.0013310 seconds, Stopping threads took: 0.0000780 seconds
220.598: Application time: 0.0402340 seconds
220.598: [GC220.598: [ParNew: 17549K->1550K(18048K), 0.0010360 secs] 49426K->34515K(57984K), 0.0010670 secs] [Times: user=0.01 sys=0.00, real=0.00 secs] 
220.599: Total time for which application threads were stopped: 0.0012000 seconds, Stopping threads took: 0.0000680 seconds
220.640: Application time: 0.0408840 seconds
220.640: [GC220.640: [ParNew: 17523K->1546K(18048K), 0.0006210 secs] 50488K->34511K(57984K), 0.0006510 secs] [Times: user=0.00 sys=0.00, real=0.00 secs] 
220.641: Total time for which application threads were stopped: 0.0007690 seconds, Stopping threads took: 0.0000560 seconds
220.681: Application time: 0.0407070 seconds
220.681: [GC220.681: [ParNew: 17595K->1068K(18048K), 0.0004780 secs] 50561K->34033K(57984K), 0.0005050 secs] [Times: user=0.00 sys=0.00, real=0.00 secs] 
220.682: Total time for which application threads were stopped: 0.0006190 seconds, Stopping threads took: 0.0000570 seconds
220.723: Application time: 0.0412190 seconds
220.723: [GC220.723: [ParNew: 17117K->550K(18048K), 0.0003980 secs] 50082K->33571K(57984K), 0.0004230 secs] [Times: user=0.00 sys=0.00, real=0.00 secs] 
220.724: Total time for which application threads were stopped: 0.0005320 seconds, Stopping threads took: 0.0000560 seconds
220.764: Application time: 0.0401940 seconds
220.764: [GC220.764: [ParNew: 16520K->42K(18048K), 0.0002390 secs] 49542K->33063K(57984K), 0.0002630 secs] [Times: user=0.00 sys=0.00, real=0.00 secs] 
220.764: Total time for which application threads were stopped: 0.0003730 seconds, Stopping threads took: 0.0000600 seconds
220.799: Application time: 0.0347970 seconds
220.799: [GC220.799: [ParNew: 15979K->1578K(18048K), 0.0013750 secs] 49001K->36647K(57984K), 0.0014100 secs] [Times: user=0.01 sys=0.00, real=0.00 secs] 
220.801: Total time for which application threads were stopped: 0.0015480 seconds, Stopping threads took: 0.0000710 seconds
220.841: Application time: 0.0400350 seconds
220.841: [GC220.841: [ParNew: 17549K->1548K(18048K), 0.0012150 secs] 52618K->38217K(57984K), 0.0012570 secs] [Times: user=0.01 sys=0.00, real=0.00 secs] 
220.842: Total time for which application threads were stopped: 0.0013870 seconds, Stopping threads took: 0.0000630 seconds
220.883: Application time: 0.0411580 seconds
220.883: [GC220.883: [ParNew: 17521K->1550K(18048K), 0.0007840 secs] 54190K->38732K(57984K), 0.0008130 secs] [Times: user=0.01 sys=0.00, real=0.00 secs] 
220.884: Total time for which application threads were stopped: 0.0009520 seconds, Stopping threads took: 0.0000770 seconds
220.925: Application time: 0.0406070 seconds
220.925: [GC220.925: [ParNew: 17516K->1546K(18048K), 0.0007400 secs] 54698K->39240K(57984K), 0.0007680 secs] [Times: user=0.01 sys=0.00, real=0.01 secs] 
220.926: Total time for which application threads were stopped: 0.0009450 seconds, Stopping threads took: 0.0001170 seconds
220.966: Application time: 0.0402550 seconds
220.966: [GC220.966: [ParNew: 17517K->1546K(18048K), 0.0007090 secs] 55210K->39240K(57984K), 0.0007350 secs] [Times: user=0.00 sys=0.00, real=0.00 secs] 
220.967: Total time for which application threads were stopped: 0.0009680 seconds, Stopping threads took: 0.0001740 seconds
221.005: Application time: 0.0383770 seconds
221.005: [GC221.006: [ParNew: 17144K->1604K(18048K), 0.0010750 secs] 54838K->40322K(57984K), 0.0011080 secs] [Times: user=0.01 sys=0.00, real=0.00 secs] 
221.007: Total time for which application threads were stopped: 0.0012410 seconds, Stopping threads took: 0.0000710 seconds
221.044: Application time: 0.0375100 seconds
221.044: [GC221.044: [ParNew: 17215K->1606K(18048K), 0.0008180 secs] 55933K->40940K(57984K), 0.0008560 secs] [Times: user=0.00 sys=0.01, real=0.01 secs] 
221.045: Total time for which application threads were stopped: 0.0010640 seconds, Stopping threads took: 0.0001460 seconds
221.086: Application time: 0.0409610 seconds
221.086: [GC221.086: [ParNew: 17577K->17577K(18048K), 0.0000100 secs]221.086: [Tenured: 39333K->7449K(39936K), 0.0052040 secs] 56911K->7449K(57984K), [Perm : 5179K->5179K(21248K)], 0.0052600 secs] [Times: user=0.01 sys=0.00, real=0.00 secs] 
221.092: Total time for which application threads were stopped: 0.0053980 seconds, Stopping threads took: 0.0000640 seconds
221.133: Application time: 0.0410350 seconds
221.133: [GC221.133: [ParNew: 16048K->1066K(18048K), 0.0005020 secs] 23498K->8515K(57984K), 0.0005300 secs] [Times: user=0.01 sys=0.00, real=0.00 secs] 
221.133: Total time for which application threads were stopped: 0.0007170 seconds, Stopping threads took: 0.0001290 seconds
221.174: Application time: 0.0403350 seconds
221.174: [GC221.174: [ParNew: 17106K->1576K(18048K), 0.0006130 secs] 24556K->9089K(57984K), 0.0006430 secs] [Times: user=0.00 sys=0.00, real=0.00 secs] 
221.174: Total time for which application threads were stopped: 0.0007590 seconds, Stopping threads took: 0.0000540 seconds
221.211: Application time: 0.0367990 seconds
221.211: [GC221.211: [ParNew: 17530K->1548K(18048K), 0.0012160 secs] 25043K->10661K(57984K), 0.0012480 secs] [Times: user=0.00 sys=0.00, real=0.00 secs] 
221.213: Total time for which application threads were stopped: 0.0014010 seconds, Stopping threads took: 0.0000890 seconds
221.253: Application time: 0.0405740 seconds
221.253: [GC221.253: [ParNew: 17519K->1548K(18048K), 0.0010080 secs] 26632K->11685K(57984K), 0.0010380 secs] [Times: user=0.01 sys=0.00, real=0.00 secs] 
221.254: Total time for which application threads were stopped: 0.0011620 seconds, Stopping threads took: 0.0000590 seconds
221.295: Application time: 0.0401530 seconds
221.295: [GC221.295: [ParNew: 17519K->1548K(18048K), 0.0007780 secs] 27656K->12197K(57984K), 0.0008090 secs] [Times: user=0.00 sys=0.00, real=0.00 secs] 
221.295: Total time for which application threads were stopped: 0.0009440 seconds, Stopping threads took: 0.0000730 seconds
221.336: Application time: 0.0401290 seconds
221.336: [GC221.336: [ParNew: 17519K->1546K(18048K), 0.0005940 secs] 28168K->12195K(57984K), 0.0006300 secs] [Times: user=0.01 sys=0.00, real=0.00 secs] 
221.336: Total time for which application threads were stopped: 0.0007610 seconds, Stopping threads took: 0.0000740 seconds
221.377: Application time: 0.0407660 seconds
221.377: [GC221.377: [ParNew: 17595K->1068K(18048K), 0.0018970 secs] 28244K->11717K(57984K), 0.0019270 secs] [Times: user=0.01 sys=0.00, real=0.00 secs] 
221.379: Total time for which application threads were stopped: 0.0020560 seconds, Stopping threads took: 0.0000720 seconds
221.420: Application time: 0.0404590 seconds
221.420: [GC221.420: [ParNew: 17117K->554K(18048K), 0.0003420 secs] 27767K->11275K(57984K), 0.0003700 secs] [Times: user=0.00 sys=0.00, real=0.00 secs] 
221.420: Total time for which application threads were stopped: 0.0004910 seconds, Stopping threads took: 0.0000660 seconds
221.456: Application time: 0.0358500 seconds
221.456: [GC221.456: [ParNew: 16500K->1580K(18048K), 0.0009670 secs] 27221K->13325K(57984K), 0.0009990 secs] [Times: user=0.01 sys=0.00, real=0.01 secs] 
221.457: Total time for which application threads were stopped: 0.0012060 seconds, Stopping threads took: 0.0001360 seconds
221.497: Application time: 0.0393520 seconds
221.497: [GC221.497: [ParNew: 17544K->1548K(18048K), 0.0011970 secs] 29290K->14909K(57984K), 0.0012320 secs] [Times: user=0.01 sys=0.00, real=0.01 secs] 
221.498: Total time for which application threads were stopped: 0.0013890 seconds, Stopping threads took: 0.0000900 seconds
221.539: Application time: 0.0410670 seconds
221.539: [GC221.539: [ParNew: 17519K->1548K(18048K), 0.0010220 secs] 30880K->15933K(57984K), 0.0010530 secs] [Times: user=0.01 sys=0.00, real=0.00 secs] 
221.540: Total time for which application threads were stopped: 0.0011850 seconds, Stopping threads took: 0.0000690 seconds
221.580: Application time: 0.0400970 seconds
221.580: [GC221.580: [ParNew: 17519K->1548K(18048K), 0.0007920 secs] 31904K->16445K(57984K), 0.0008230 secs] [Times: user=0.00 sys=0.01, real=0.00 secs] 
221.581: Total time for which application threads were stopped: 0.0009530 seconds, Stopping threads took: 0.0000660 seconds
221.621: Application time: 0.0396230 seconds
221.621: [GC221.621: [ParNew: 17519K->1546K(18048K), 0.0007040 secs] 32416K->16443K(57984K), 0.0007330 secs] [Times: user=0.00 sys=0.00, real=0.00 secs] 
221.622: Total time for which application threads were stopped: 0.0008700 seconds, Stopping threads took: 0.0000710 seconds
221.662: Application time: 0.0402790 seconds
221.662: [GC221.662: [ParNew: 17516K->1032K(18048K), 0.0004200 secs] 32414K->15929K(57984K), 0.0004480 secs] [Times: user=0.00 sys=0.00, real=0.00 secs] 
221.663: Total time for which application threads were stopped: 0.0005730 seconds, Stopping threads took: 0.0000670 seconds
221.701: Application time: 0.0379790 seconds
221.701: [GC221.701: [ParNew: 16634K->1606K(18048K), 0.0006440 secs] 31532K->16504K(57984K), 0.0006730 secs] [Times: user=0.01 sys=0.00, real=0.00 secs] 
221.701: Total time for which application threads were stopped: 0.0008280 seconds, Stopping threads took: 0.0000940 seconds
221.739: Application time: 0.0371930 seconds
221.739: [GC221.739: [ParNew: 17209K->1608K(18048K), 0.0008290 secs] 32106K->17110K(57984K), 0.0008580 secs] [Times: user=0.01 sys=0.00, real=0.00 secs] 
221.740: Total time for which application threads were stopped: 0.0009820 seconds, Stopping threads took: 0.0000610 seconds
221.780: Application time: 0.0405860 seconds
221.780: [GC221.780: [ParNew: 17657K->1580K(18048K), 0.0006310 secs] 33159K->17174K(57984K), 0.0006600 secs] [Times: user=0.01 sys=0.00, real=0.00 secs] 
221.781: Total time for which application threads were stopped: 0.0007850 seconds, Stopping threads took: 0.0000640 seconds
221.821: Application time: 0.0399660 seconds
221.821: [GC221.821: [ParNew: 17625K->1068K(18048K), 0.0004670 secs] 33219K->16734K(57984K), 0.0004960 secs] [Times: user=0.00 sys=0.00, real=0.00 secs] 
221.822: Total time for which application threads were stopped: 0.0006310 seconds, Stopping threads took: 0.0000770 seconds
221.862: Application time: 0.0405970 seconds
221.862: [GC221.862: [ParNew: 17036K->1034K(18048K), 0.0004830 secs] 32702K->16772K(57984K), 0.0005190 secs] [Times: user=0.00 sys=0.00, real=0.00 secs] 
221.863: Total time for which application threads were stopped: 0.0006430 seconds, Stopping threads took: 0.0000670 seconds
221.903: Application time: 0.0404520 seconds
221.903: [GC221.903: [ParNew: 17004K->522K(18048K), 0.0003980 secs] 32742K->16260K(57984K), 0.0004240 secs] [Times: user=0.01 sys=0.00, real=0.00 secs] 
221.904: Total time for which application threads were stopped: 0.0005440 seconds, Stopping threads took: 0.0000650 seconds
221.942: Application time: 0.0383120 seconds
221.942: [GC221.942: [ParNew: 16488K->522K(18048K), 0.0003310 secs] 32226K->16260K(57984K), 0.0003570 secs] [Times: user=0.00 sys=0.00, real=0.00 secs] 
221.943: Total time for which application threads were stopped: 0.0004700 seconds, Stopping threads took: 0.0000590 seconds
221.980: Application time: 0.0376820 seconds
221.980: [GC221.980: [ParNew: 16472K->1548K(18048K), 0.0009630 secs] 32210K->18310K(57984K), 0.0009950 secs] [Times: user=0.01 sys=0.00, real=0.00 secs] 
221.981: Total time for which application threads were stopped: 0.0011310 seconds, Stopping threads took: 0.0000700 seconds
222.022: Application time: 0.0405670 seconds
222.022: [GC222.022: [ParNew: 17597K->1578K(18048K), 0.0007930 secs] 34359K->18852K(57984K), 0.0008220 secs] [Times: user=0.01 sys=0.00, real=0.00 secs] 
222.023: Total time for which application threads were stopped: 0.0009790 seconds, Stopping threads took: 0.0000960 seconds
222.064: Application time: 0.0410740 seconds
222.064: [GC222.064: [ParNew: 17544K->1546K(18048K), 0.0007580 secs] 34818K->19396K(57984K), 0.0007860 secs] [Times: user=0.01 sys=0.00, real=0.00 secs] 
222.065: Total time for which application threads were stopped: 0.0009190 seconds, Stopping threads took: 0.0000710 seconds
222.105: Application time: 0.0397790 seconds
222.105: [GC222.105: [ParNew: 17595K->1576K(18048K), 0.0006420 secs] 35445K->19426K(57984K), 0.0006720 secs] [Times: user=0.00 sys=0.00, real=0.01 secs] 
222.106: Total time for which application threads were stopped: 0.0007990 seconds, Stopping threads took: 0.0000680 seconds
222.145: Application time: 0.0397270 seconds
222.145: [GC222.145: [ParNew: 17542K->1546K(18048K), 0.0006150 secs] 35392K->19460K(57984K), 0.0006420 secs] [Times: user=0.01 sys=0.00, real=0.00 secs] 
222.146: Total time for which application threads were stopped: 0.0007720 seconds, Stopping threads took: 0.0000620 seconds
222.186: Application time: 0.0395040 seconds
222.186: [GC222.186: [ParNew: 17512K->1032K(18048K), 0.0004610 secs] 35426K->18946K(57984K), 0.0004900 secs] [Times: user=0.01 sys=0.00, real=0.00 secs] 
222.186: Total time for which application threads were stopped: 0.0006910 seconds, Stopping threads took: 0.0001420 seconds
222.225: Application time: 0.0388610 seconds
222.225: [GC222.225: [ParNew: 16988K->1548K(18048K), 0.0009740 secs] 34902K->20486K(57984K), 0.0010050 secs] [Times: user=0.01 sys=0.00, real=0.00 secs] 
222.226: Total time for which application threads were stopped: 0.0011370 seconds, Stopping threads took: 0.0000620 seconds
222.266: Application time: 0.0400180 seconds
222.266: [GC222.266: [ParNew: 17519K->1548K(18048K), 0.0007590 secs] 36457K->20998K(57984K), 0.0007890 secs] [Times: user=0.00 sys=0.00, real=0.00 secs] 
222.267: Total time for which application threads were stopped: 0.0009210 seconds, Stopping threads took: 0.0000710 seconds
222.306: Application time: 0.0392820 seconds
222.307: [GC222.307: [ParNew: 17510K->1552K(18048K), 0.0009620 secs] 36960K->22026K(57984K), 0.0009950 secs] [Times: user=0.00 sys=0.00, real=0.00 secs] 
222.308: Total time for which application threads were stopped: 0.0011340 seconds, Stopping threads took: 0.0000740 seconds
222.348: Application time: 0.0407690 seconds
222.348: [GC222.348: [ParNew: 17167K->1608K(18048K), 0.0006310 secs] 37641K->22082K(57984K), 0.0006590 secs] [Times: user=0.00 sys=0.00, real=0.00 secs] 
222.349: Total time for which application threads were stopped: 0.0008120 seconds, Stopping threads took: 0.0000770 seconds
222.389: Application time: 0.0402180 seconds
222.389: [GC222.389: [ParNew: 17657K->1062K(18048K), 0.0006310 secs] 38131K->21624K(57984K), 0.0006570 secs] [Times: user=0.01 sys=0.00, real=0.00 secs] 
222.390: Total time for which application threads were stopped: 0.0007630 seconds, Stopping threads took: 0.0000510 seconds
222.431: Application time: 0.0408480 seconds
222.431: [GC222.431: [ParNew: 17104K->1064K(18048K), 0.0004540 secs] 37667K->21698K(57984K), 0.0004800 secs] [Times: user=0.01 sys=0.00, real=0.00 secs] 
222.432: Total time for which application threads were stopped: 0.0006000 seconds, Stopping threads took: 0.0000680 seconds
222.468: Application time: 0.0368290 seconds
222.469: [GC222.469: [ParNew: 16662K->1608K(18048K), 0.0008090 secs] 37297K->22818K(57984K), 0.0008390 secs] [Times: user=0.00 sys=0.00, real=0.00 secs] 
222.469: Total time for which application threads were stopped: 0.0009750 seconds, Stopping threads took: 0.0000740 seconds
222.508: Application time: 0.0381290 seconds
222.508: [GC222.508: [ParNew: 17570K->1550K(18048K), 0.0009690 secs] 38781K->23888K(57984K), 0.0010000 secs] [Times: user=0.01 sys=0.00, real=0.00 secs] 
222.509: Total time for which application threads were stopped: 0.0011420 seconds, Stopping threads took: 0.0000780 seconds
222.550: Application time: 0.0411500 seconds
222.550: [GC222.550: [ParNew: 17523K->1548K(18048K), 0.0006270 secs] 39861K->23886K(57984K), 0.0006540 secs] [Times: user=0.00 sys=0.00, real=0.00 secs] 
222.551: Total time for which application threads were stopped: 0.0007720 seconds, Stopping threads took: 0.0000570 seconds
222.591: Application time: 0.0401650 seconds
222.591: [GC222.591: [ParNew: 17514K->1546K(18048K), 0.0005870 secs] 39853K->23884K(57984K), 0.0006160 secs] [Times: user=0.01 sys=0.00, real=0.00 secs] 
222.592: Total time for which application threads were stopped: 0.0007300 seconds, Stopping threads took: 0.0000540 seconds
222.633: Application time: 0.0412100 seconds
222.633: [GC222.633: [ParNew: 17512K->1546K(18048K), 0.0006230 secs] 39851K->23884K(57984K), 0.0006510 secs] [Times: user=0.00 sys=0.00, real=0.00 secs] 
222.633: Total time for which application threads were stopped: 0.0007740 seconds, Stopping threads took: 0.0000650 seconds
222.672: Application time: 0.0385910 seconds
222.672: [GC222.672: [ParNew: 17516K->1032K(18048K), 0.0004580 secs] 39855K->23370K(57984K), 0.0004850 secs] [Times: user=0.01 sys=0.00, real=0.00 secs] 
222.673: Total time for which application threads were stopped: 0.0006250 seconds, Stopping threads took: 0.0000720 seconds
222.713: Application time: 0.0400480 seconds
222.713: [GC222.713: [ParNew: 17081K->554K(18048K), 0.0003130 secs] 39419K->22892K(57984K), 0.0003380 secs] [Times: user=0.00 sys=0.00, real=0.00 secs] 
222.713: Total time for which application threads were stopped: 0.0005290 seconds, Stopping threads took: 0.0001380 seconds
222.753: Application time: 0.0401480 seconds
222.754: [GC222.754: [ParNew: 16590K->1608K(18048K), 0.0006430 secs] 38929K->23946K(57984K), 0.0006750 secs] [Times: user=0.00 sys=0.00, real=0.00 secs] 
222.754: Total time for which application threads were stopped: 0.0007970 seconds, Stopping threads took: 0.0000620 seconds
222.792: Application time: 0.0378630 seconds
222.792: [GC222.792: [ParNew: 17574K->1546K(18048K), 0.0006390 secs] 39913K->23972K(57984K), 0.0006660 secs] [Times: user=0.00 sys=0.00, real=0.00 secs] 
222.793: Total time for which application threads were stopped: 0.0007970 seconds, Stopping threads took: 0.0000720 seconds
222.833: Application time: 0.0405320 seconds
222.834: [GC222.834: [ParNew: 17516K->1034K(18048K), 0.0005110 secs] 39943K->23460K(57984K), 0.0005380 secs] [Times: user=0.00 sys=0.00, real=0.00 secs] 
222.834: Total time for which application threads were stopped: 0.0006640 seconds, Stopping threads took: 0.0000670 seconds
222.874: Application time: 0.0400350 seconds
222.874: [GC222.874: [ParNew: 16992K->1548K(18048K), 0.0008040 secs] 39419K->24486K(57984K), 0.0008440 secs] [Times: user=0.00 sys=0.00, real=0.00 secs] 
222.875: Total time for which application threads were stopped: 0.0009780 seconds, Stopping threads took: 0.0000730 seconds
222.914: Application time: 0.0387990 seconds
222.914: [GC222.914: [ParNew: 17519K->1544K(18048K), 0.0005920 secs] 40457K->24482K(57984K), 0.0006180 secs] [Times: user=0.01 sys=0.00, real=0.00 secs] 
222.915: Total time for which application threads were stopped: 0.0007540 seconds, Stopping threads took: 0.0000780 seconds
222.955: Application time: 0.0406970 seconds
222.956: [GC222.956: [ParNew: 17514K->1032K(18048K), 0.0004690 secs] 40453K->23970K(57984K), 0.0004950 secs] [Times: user=0.00 sys=0.00, real=0.00 secs] 
222.956: Total time for which application threads were stopped: 0.0006790 seconds, Stopping threads took: 0.0001270 seconds
222.995: Application time: 0.0391070 seconds
222.995: [GC222.995: [ParNew: 16998K->1034K(18048K), 0.0004500 secs] 39937K->23972K(57984K), 0.0004760 secs] [Times: user=0.00 sys=0.00, real=0.00 secs] 
222.996: Total time for which application threads were stopped: 0.0005960 seconds, Stopping threads took: 0.0000630 seconds
223.034: Application time: 0.0380750 seconds
223.034: [GC223.034: [ParNew: 16641K->1096K(18048K), 0.0005340 secs] 39579K->24034K(57984K), 0.0005610 secs] [Times: user=0.00 sys=0.00, real=0.00 secs] 
223.035: Total time for which application threads were stopped: 0.0006830 seconds, Stopping threads took: 0.0000650 seconds
223.075: Application time: 0.0402940 seconds
223.075: [GC223.075: [ParNew: 17145K->556K(18048K), 0.0003510 secs] 40083K->23590K(57984K), 0.0003760 secs] [Times: user=0.00 sys=0.00, real=0.00 secs] 
223.075: Total time for which application threads were stopped: 0.0004930 seconds, Stopping threads took: 0.0000630 seconds
223.112: Application time: 0.0368010 seconds
223.112: [GC223.112: [ParNew: 16146K->1636K(18048K), 0.0009920 secs] 39180K->25694K(57984K), 0.0010230 secs] [Times: user=0.01 sys=0.00, real=0.00 secs] 
223.113: Total time for which application threads were stopped: 0.0011630 seconds, Stopping threads took: 0.0000770 seconds
223.153: Application time: 0.0398050 seconds
223.153: [GC223.153: [ParNew: 17681K->1580K(18048K), 0.0010550 secs] 41739K->26790K(57984K), 0.0010860 secs] [Times: user=0.01 sys=0.00, real=0.00 secs] 
223.154: Total time for which application threads were stopped: 0.0012300 seconds, Stopping threads took: 0.0000790 seconds
223.195: Application time: 0.0408940 seconds
223.195: [GC223.195: [ParNew: 17551K->1548K(18048K), 0.0007960 secs] 42761K->27326K(57984K), 0.0008270 secs] [Times: user=0.00 sys=0.00, real=0.00 secs] 
223.196: Total time for which application threads were stopped: 0.0009670 seconds, Stopping threads took: 0.0000670 seconds
223.237: Application time: 0.0403840 seconds
223.237: [GC223.237: [ParNew: 17519K->1546K(18048K), 0.0006470 secs] 43297K->27324K(57984K), 0.0006750 secs] [Times: user=0.00 sys=0.00, real=0.01 secs] 
223.237: Total time for which application threads were stopped: 0.0008200 seconds, Stopping threads took: 0.0000860 seconds
223.278: Application time: 0.0402110 seconds
223.278: [GC223.278: [ParNew: 17516K->1032K(18048K), 0.0004900 secs] 43295K->26810K(57984K), 0.0005170 secs] [Times: user=0.01 sys=0.00, real=0.00 secs] 
223.278: Total time for which application threads were stopped: 0.0006570 seconds, Stopping threads took: 0.0000830 seconds
223.319: Application time: 0.0409970 seconds
223.319: [GC223.319: [ParNew: 17002K->520K(18048K), 0.0002980 secs] 42781K->26298K(57984K), 0.0003250 secs] [Times: user=0.01 sys=0.00, real=0.00 secs] 
223.320: Total time for which application threads were stopped: 0.0004380 seconds, Stopping threads took: 0.0000590 seconds
223.359: Application time: 0.0391000 seconds
223.359: [GC223.359: [ParNew: 16564K->550K(18048K), 0.0004250 secs] 42343K->26328K(57984K), 0.0004510 secs] [Times: user=0.00 sys=0.00, real=0.00 secs] 
223.359: Total time for which application threads were stopped: 0.0005580 seconds, Stopping threads took: 0.0000520 seconds
223.397: Application time: 0.0377490 seconds
223.397: [GC223.397: [ParNew: 16500K->1578K(18048K), 0.0009950 secs] 42279K->28381K(57984K), 0.0010350 secs] [Times: user=0.01 sys=0.00, real=0.00 secs] 
223.398: Total time for which application threads were stopped: 0.0011720 seconds, Stopping threads took: 0.0000730 seconds
223.441: Application time: 0.0425890 seconds
223.441: [GC223.441: [ParNew: 17631K->1064K(18048K), 0.0004940 secs] 44434K->27947K(57984K), 0.0005220 secs] [Times: user=0.00 sys=0.00, real=0.00 secs] 
223.442: Total time for which application threads were stopped: 0.0006400 seconds, Stopping threads took: 0.0000600 seconds
223.482: Application time: 0.0399890 seconds
223.482: [GC223.482: [ParNew: 17035K->520K(18048K), 0.0003460 secs] 43917K->27474K(57984K), 0.0003720 secs] [Times: user=0.00 sys=0.00, real=0.00 secs] 
223.482: Total time for which application threads were stopped: 0.0004790 seconds, Stopping threads took: 0.0000530 seconds
223.521: Application time: 0.0386660 seconds
223.521: [GC223.521: [ParNew: 16482K->1034K(18048K), 0.0004910 secs] 43437K->27988K(57984K), 0.0005180 secs] [Times: user=0.00 sys=0.00, real=0.00 secs] 
223.521: Total time for which application threads were stopped: 0.0006330 seconds, Stopping threads took: 0.0000570 seconds
223.559: Application time: 0.0379290 seconds
223.559: [GC223.559: [ParNew: 16988K->1548K(18048K), 0.0009650 secs] 43943K->29527K(57984K), 0.0009970 secs] [Times: user=0.00 sys=0.00, real=0.00 secs] 
223.560: Total time for which application threads were stopped: 0.0011360 seconds, Stopping threads took: 0.0000750 seconds
223.600: Application time: 0.0397580 seconds
223.600: [GC223.600: [ParNew: 17519K->1546K(18048K), 0.0007850 secs] 45497K->30037K(57984K), 0.0008150 secs] [Times: user=0.01 sys=0.00, real=0.00 secs] 
223.601: Total time for which application threads were stopped: 0.0009590 seconds, Stopping threads took: 0.0000800 seconds
223.642: Application time: 0.0407270 seconds
223.642: [GC223.642: [ParNew: 17512K->1548K(18048K), 0.0007720 secs] 46003K->30551K(57984K), 0.0008010 secs] [Times: user=0.01 sys=0.00, real=0.00 secs] 
223.643: Total time for which application threads were stopped: 0.0009330 seconds, Stopping threads took: 0.0000680 seconds
223.683: Application time: 0.0398080 seconds
223.683: [GC223.683: [ParNew: 17519K->1546K(18048K), 0.0006640 secs] 46521K->30549K(57984K), 0.0006910 secs] [Times: user=0.00 sys=0.00, real=0.00 secs] 
223.683: Total time for which application threads were stopped: 0.0008100 seconds, Stopping threads took: 0.0000600 seconds
223.722: Application time: 0.0388390 seconds
223.722: [GC223.722: [ParNew: 17154K->1094K(18048K), 0.0005410 secs] 46157K->30097K(57984K), 0.0005670 secs] [Times: user=0.01 sys=0.00, real=0.00 secs] 
223.723: Total time for which application threads were stopped: 0.0007170 seconds, Stopping threads took: 0.0000850 seconds
223.762: Application time: 0.0391560 seconds
223.762: [GC223.762: [ParNew: 16781K->1122K(18048K), 0.0005800 secs] 45784K->30221K(57984K), 0.0006090 secs] [Times: user=0.00 sys=0.00, real=0.00 secs] 
223.763: Total time for which application threads were stopped: 0.0008810 seconds, Stopping threads took: 0.0002150 seconds
223.802: Application time: 0.0387180 seconds
223.802: [GC223.802: [ParNew: 17162K->1576K(18048K), 0.0007360 secs] 46261K->30795K(57984K), 0.0007650 secs] [Times: user=0.01 sys=0.00, real=0.00 secs] 
223.803: Total time for which application threads were stopped: 0.0008930 seconds, Stopping threads took: 0.0000680 seconds
223.843: Application time: 0.0404580 seconds
223.843: [GC223.843: [ParNew: 17547K->1034K(18048K), 0.0005360 secs] 46766K->30325K(57984K), 0.0005600 secs] [Times: user=0.00 sys=0.00, real=0.00 secs] 
223.844: Total time for which application threads were stopped: 0.0006800 seconds, Stopping threads took: 0.0000630 seconds
223.883: Application time: 0.0392280 seconds
223.883: [GC223.883: [ParNew: 16996K->1544K(18048K), 0.0007020 secs] 46287K->30835K(57984K), 0.0007300 secs] [Times: user=0.00 sys=0.00, real=0.00 secs] 
223.884: Total time for which application threads were stopped: 0.0009400 seconds, Stopping threads took: 0.0001420 seconds
223.924: Application time: 0.0398210 seconds
223.924: [GC223.924: [ParNew: 17510K->1546K(18048K), 0.0006820 secs] 46801K->30837K(57984K), 0.0007090 secs] [Times: user=0.00 sys=0.00, real=0.00 secs] 
223.925: Total time for which application threads were stopped: 0.0008480 seconds, Stopping threads took: 0.0000780 seconds
223.964: Application time: 0.0395360 seconds
223.964: [GC223.964: [ParNew: 17510K->1548K(18048K), 0.0007920 secs] 46801K->31351K(57984K), 0.0008210 secs] [Times: user=0.01 sys=0.00, real=0.00 secs] 
223.965: Total time for which application threads were stopped: 0.0009620 seconds, Stopping threads took: 0.0000790 seconds
224.005: Application time: 0.0395370 seconds
224.005: [GC224.005: [ParNew: 17519K->1546K(18048K), 0.0005990 secs] 47322K->31349K(57984K), 0.0006280 secs] [Times: user=0.01 sys=0.00, real=0.01 secs] 
224.005: Total time for which application threads were stopped: 0.0007510 seconds, Stopping threads took: 0.0000640 seconds
224.045: Application time: 0.0393320 seconds
224.045: [GC224.045: [ParNew: 17591K->1580K(18048K), 0.0006370 secs] 47394K->31383K(57984K), 0.0006640 secs] [Times: user=0.01 sys=0.00, real=0.01 secs] 
224.045: Total time for which application threads were stopped: 0.0007840 seconds, Stopping threads took: 0.0000600 seconds
224.087: Application time: 0.0410920 seconds
224.087: [GC224.087: [ParNew: 17551K->1034K(18048K), 0.0004650 secs] 47354K->30901K(57984K), 0.0004900 secs] [Times: user=0.00 sys=0.00, real=0.00 secs] 
224.087: Total time for which application threads were stopped: 0.0006030 seconds, Stopping threads took: 0.0000580 seconds
224.124: Application time: 0.0368980 seconds
224.124: [GC224.124: [ParNew: 17066K->1580K(18048K), 0.0009470 secs] 46933K->32471K(57984K), 0.0009890 secs] [Times: user=0.00 sys=0.00, real=0.01 secs] 
224.125: Total time for which application threads were stopped: 0.0011300 seconds, Stopping threads took: 0.0000750 seconds
224.165: Application time: 0.0397070 seconds
224.165: [GC224.165: [ParNew: 17542K->1552K(18048K), 0.0011600 secs] 48434K->34043K(57984K), 0.0011930 secs] [Times: user=0.00 sys=0.01, real=0.01 secs] 
224.166: Total time for which application threads were stopped: 0.0013480 seconds, Stopping threads took: 0.0000910 seconds
224.207: Application time: 0.0408310 seconds
224.207: [GC224.207: [ParNew: 17523K->1550K(18048K), 0.0009910 secs] 50014K->35065K(57984K), 0.0010220 secs] [Times: user=0.01 sys=0.00, real=0.00 secs] 
224.208: Total time for which application threads were stopped: 0.0011660 seconds, Stopping threads took: 0.0000780 seconds
224.248: Application time: 0.0394170 seconds
224.248: [GC224.248: [ParNew: 17521K->1550K(18048K), 0.0007960 secs] 51036K->35577K(57984K), 0.0008240 secs] [Times: user=0.01 sys=0.00, real=0.00 secs] 
224.249: Total time for which application threads were stopped: 0.0009670 seconds, Stopping threads took: 0.0000730 seconds
224.290: Application time: 0.0413700 seconds
224.290: [GC224.290: [ParNew: 17523K->1034K(18048K), 0.0005100 secs] 51550K->35061K(57984K), 0.0005380 secs] [Times: user=0.00 sys=0.00, real=0.00 secs] 
224.291: Total time for which application threads were stopped: 0.0006650 seconds, Stopping threads took: 0.0000680 seconds
224.331: Application time: 0.0407780 seconds
224.332: [GC224.332: [ParNew: 17006K->10K(18048K), 0.0002400 secs] 51034K->34037K(57984K), 0.0002680 secs] [Times: user=0.00 sys=0.00, real=0.00 secs] 
224.332: Total time for which application threads were stopped: 0.0004040 seconds, Stopping threads took: 0.0000830 seconds
224.366: Application time: 0.0341220 seconds
224.366: [GC224.366: [ParNew: 16026K->1578K(18048K), 0.0013800 secs] 50053K->37653K(57984K), 0.0014150 secs] [Times: user=0.01 sys=0.00, real=0.00 secs] 
224.368: Total time for which application threads were stopped: 0.0015610 seconds, Stopping threads took: 0.0000780 seconds
224.407: Application time: 0.0399410 seconds
224.408: [GC224.408: [ParNew: 17271K->1634K(18048K), 0.0010640 secs] 53347K->38805K(57984K), 0.0011040 secs] [Times: user=0.01 sys=0.00, real=0.00 secs] 
224.409: Total time for which application threads were stopped: 0.0012450 seconds, Stopping threads took: 0.0000710 seconds
224.450: Application time: 0.0412630 seconds
224.450: [GC224.450: [ParNew: 17683K->1580K(18048K), 0.0008530 secs] 54854K->39391K(57984K), 0.0008860 secs] [Times: user=0.01 sys=0.00, real=0.00 secs] 
224.451: Total time for which application threads were stopped: 0.0010070 seconds, Stopping threads took: 0.0000580 seconds
224.491: Application time: 0.0404120 seconds
224.492: [GC224.492: [ParNew: 17629K->1580K(18048K), 0.0006870 secs] 55441K->39463K(57984K), 0.0007160 secs] [Times: user=0.01 sys=0.00, real=0.00 secs] 
224.492: Total time for which application threads were stopped: 0.0008380 seconds, Stopping threads took: 0.0000600 seconds
224.533: Application time: 0.0403970 seconds
224.533: [GC224.533: [ParNew: 17551K->1034K(18048K), 0.0005300 secs] 55434K->38981K(57984K), 0.0005590 secs] [Times: user=0.00 sys=0.00, real=0.00 secs] 
224.533: Total time for which application threads were stopped: 0.0006780 seconds, Stopping threads took: 0.0000590 seconds
224.576: Application time: 0.0424960 seconds
224.576: [GC224.576: [ParNew: 16998K->1030K(18048K), 0.0004920 secs] 54946K->38977K(57984K), 0.0005190 secs] [Times: user=0.01 sys=0.00, real=0.00 secs] 
224.577: Total time for which application threads were stopped: 0.0006520 seconds, Stopping threads took: 0.0000740 seconds
224.616: Application time: 0.0392910 seconds
224.616: [GC224.616: [ParNew: 16980K->1550K(18048K), 0.0012510 secs] 54927K->41033K(57984K), 0.0012870 secs] [Times: user=0.01 sys=0.00, real=0.01 secs] 
224.617: Total time for which application threads were stopped: 0.0014300 seconds, Stopping threads took: 0.0000750 seconds
224.661: Application time: 0.0442070 seconds
224.662: [GC224.662: [ParNew: 17523K->17523K(18048K), 0.0000100 secs]224.662: [Tenured: 39483K->8134K(39936K), 0.0054980 secs] 57006K->8134K(57984K), [Perm : 5179K->5179K(21248K)], 0.0055540 secs] [Times: user=0.01 sys=0.00, real=0.01 secs] 
224.667: Total time for which application threads were stopped: 0.0058340 seconds, Stopping threads took: 0.0002080 seconds
224.712: Application time: 0.0444520 seconds
224.712: [GC224.712: [ParNew: 16040K->1580K(18048K), 0.0010160 secs] 24175K->10738K(57984K), 0.0010490 secs] [Times: user=0.01 sys=0.00, real=0.00 secs] 
224.713: Total time for which application threads were stopped: 0.0012200 seconds, Stopping threads took: 0.0001040 seconds
224.754: Application time: 0.0415050 seconds
224.755: [GC224.755: [ParNew: 17551K->1546K(18048K), 0.0008100 secs] 26709K->11288K(57984K), 0.0008430 secs] [Times: user=0.01 sys=0.00, real=0.00 secs] 
224.755: Total time for which application threads were stopped: 0.0010260 seconds, Stopping threads took: 0.0001080 seconds
224.798: Application time: 0.0424320 seconds
224.798: [GC224.798: [ParNew: 17586K->1578K(18048K), 0.0010000 secs] 27329K->12344K(57984K), 0.0010300 secs] [Times: user=0.00 sys=0.00, real=0.00 secs] 
224.799: Total time for which application threads were stopped: 0.0011780 seconds, Stopping threads took: 0.0000840 seconds
224.843: Application time: 0.0443600 seconds
224.844: [GC224.844: [ParNew: 17549K->1544K(18048K), 0.0008070 secs] 28315K->12894K(57984K), 0.0008370 secs] [Times: user=0.01 sys=0.00, real=0.00 secs] 
224.844: Total time for which application threads were stopped: 0.0009670 seconds, Stopping threads took: 0.0000700 seconds
224.888: Application time: 0.0440290 seconds
224.889: [GC224.889: [ParNew: 17514K->1550K(18048K), 0.0005900 secs] 28865K->12900K(57984K), 0.0006180 secs] [Times: user=0.00 sys=0.01, real=0.00 secs] 
224.889: Total time for which application threads were stopped: 0.0007750 seconds, Stopping threads took: 0.0000960 seconds
224.933: Application time: 0.0440100 seconds
224.933: [GC224.933: [ParNew: 17516K->1546K(18048K), 0.0005850 secs] 28867K->12896K(57984K), 0.0006140 secs] [Times: user=0.01 sys=0.00, real=0.00 secs] 
224.934: Total time for which application threads were stopped: 0.0007430 seconds, Stopping threads took: 0.0000580 seconds
224.975: Application time: 0.0413390 seconds
224.975: [GC224.975: [ParNew: 17512K->1546K(18048K), 0.0006190 secs] 28863K->12896K(57984K), 0.0006470 secs] [Times: user=0.00 sys=0.00, real=0.00 secs] 
224.976: Total time for which application threads were stopped: 0.0007920 seconds, Stopping threads took: 0.0000820 seconds
225.020: Application time: 0.0434220 seconds
225.020: [GC225.020: [ParNew: 17512K->1548K(18048K), 0.0005940 secs] 28863K->12898K(57984K), 0.0006230 secs] [Times: user=0.00 sys=0.00, real=0.00 secs] 
225.020: Total time for which application threads were stopped: 0.0007520 seconds, Stopping threads took: 0.0000680 seconds
225.064: Application time: 0.0440780 seconds
225.064: [GC225.065: [ParNew: 17519K->1034K(18048K), 0.0005250 secs] 28869K->12384K(57984K), 0.0005520 secs] [Times: user=0.00 sys=0.00, real=0.00 secs] 
225.065: Total time for which application threads were stopped: 0.0006820 seconds, Stopping threads took: 0.0000700 seconds
225.105: Application time: 0.0403340 seconds
225.105: [GC225.106: [ParNew: 16633K->1606K(18048K), 0.0008170 secs] 27983K->13469K(57984K), 0.0008470 secs] [Times: user=0.00 sys=0.00, real=0.00 secs] 
225.106: Total time for which application threads were stopped: 0.0009680 seconds, Stopping threads took: 0.0000590 seconds
225.148: Application time: 0.0421260 seconds
225.149: [GC225.149: [ParNew: 17291K->1636K(18048K), 0.0008090 secs] 29154K->14123K(57984K), 0.0008430 secs] [Times: user=0.01 sys=0.00, real=0.00 secs] 
225.149: Total time for which application threads were stopped: 0.0009670 seconds, Stopping threads took: 0.0000590 seconds
225.192: Application time: 0.0421040 seconds
225.192: [GC225.192: [ParNew: 17603K->1548K(18048K), 0.0008380 secs] 30089K->14675K(57984K), 0.0008700 secs] [Times: user=0.01 sys=0.00, real=0.00 secs] 
225.193: Total time for which application threads were stopped: 0.0009980 seconds, Stopping threads took: 0.0000620 seconds
225.237: Application time: 0.0447050 seconds
225.237: [GC225.237: [ParNew: 17597K->1578K(18048K), 0.0005960 secs] 30724K->14705K(57984K), 0.0006270 secs] [Times: user=0.01 sys=0.00, real=0.00 secs] 
225.238: Total time for which application threads were stopped: 0.0007460 seconds, Stopping threads took: 0.0000580 seconds
225.280: Application time: 0.0414810 seconds
225.280: [GC225.280: [ParNew: 17536K->1548K(18048K), 0.0009600 secs] 30663K->15763K(57984K), 0.0009920 secs] [Times: user=0.01 sys=0.00, real=0.00 secs] 
225.281: Total time for which application threads were stopped: 0.0011380 seconds, Stopping threads took: 0.0000720 seconds
225.324: Application time: 0.0435930 seconds
225.324: [GC225.324: [ParNew: 17519K->1546K(18048K), 0.0008420 secs] 31734K->16273K(57984K), 0.0008720 secs] [Times: user=0.00 sys=0.00, real=0.01 secs] 
225.325: Total time for which application threads were stopped: 0.0010960 seconds, Stopping threads took: 0.0001600 seconds
225.369: Application time: 0.0441490 seconds
225.370: [GC225.370: [ParNew: 17512K->1546K(18048K), 0.0007850 secs] 32239K->16785K(57984K), 0.0008150 secs] [Times: user=0.00 sys=0.00, real=0.00 secs] 
225.370: Total time for which application threads were stopped: 0.0009860 seconds, Stopping threads took: 0.0001070 seconds
225.412: Application time: 0.0418570 seconds
225.412: [GC225.412: [ParNew: 17508K->1546K(18048K), 0.0009610 secs] 32747K->17809K(57984K), 0.0009930 secs] [Times: user=0.01 sys=0.00, real=0.00 secs] 
225.413: Total time for which application threads were stopped: 0.0011580 seconds, Stopping threads took: 0.0001010 seconds
225.458: Application time: 0.0445370 seconds
225.458: [GC225.458: [ParNew: 17590K->1578K(18048K), 0.0008980 secs] 33854K->18865K(57984K), 0.0009280 secs] [Times: user=0.01 sys=0.00, real=0.00 secs] 
225.459: Total time for which application threads were stopped: 0.0010640 seconds, Stopping threads took: 0.0000750 seconds
225.503: Application time: 0.0440680 seconds
225.503: [GC225.503: [ParNew: 17544K->1548K(18048K), 0.0009460 secs] 34832K->19931K(57984K), 0.0009850 secs] [Times: user=0.01 sys=0.00, real=0.00 secs] 
225.504: Total time for which application threads were stopped: 0.0011070 seconds, Stopping threads took: 0.0000570 seconds
225.547: Application time: 0.0431230 seconds
225.548: [GC225.548: [ParNew: 17597K->1578K(18048K), 0.0008720 secs] 35980K->20473K(57984K), 0.0009030 secs] [Times: user=0.00 sys=0.00, real=0.00 secs] 
225.548: Total time for which application threads were stopped: 0.0010490 seconds, Stopping threads took: 0.0000820 seconds
225.591: Application time: 0.0425890 seconds
225.591: [GC225.591: [ParNew: 17540K->1546K(18048K), 0.0009420 secs] 36436K->21537K(57984K), 0.0009750 secs] [Times: user=0.01 sys=0.00, real=0.00 secs] 
225.592: Total time for which application threads were stopped: 0.0011310 seconds, Stopping threads took: 0.0000900 seconds
225.636: Application time: 0.0436220 seconds
225.636: [GC225.636: [ParNew: 17512K->1548K(18048K), 0.0009820 secs] 37504K->22563K(57984K), 0.0010140 secs] [Times: user=0.01 sys=0.00, real=0.00 secs] 
225.637: Total time for which application threads were stopped: 0.0011430 seconds, Stopping threads took: 0.0000620 seconds
225.682: Application time: 0.0450780 seconds
225.682: [GC225.682: [ParNew: 17521K->1546K(18048K), 0.0005900 secs] 38536K->22561K(57984K), 0.0006180 secs] [Times: user=0.00 sys=0.00, real=0.00 secs] 
225.683: Total time for which application threads were stopped: 0.0007490 seconds, Stopping threads took: 0.0000710 seconds
225.724: Application time: 0.0409940 seconds
225.724: [GC225.724: [ParNew: 17500K->1552K(18048K), 0.0011270 secs] 38515K->24103K(57984K), 0.0011610 secs] [Times: user=0.01 sys=0.00, real=0.00 secs] 
225.725: Total time for which application threads were stopped: 0.0013110 seconds, Stopping threads took: 0.0000820 seconds
225.770: Application time: 0.0444620 seconds
225.770: [GC225.770: [ParNew: 17525K->1550K(18048K), 0.0008880 secs] 40076K->24613K(57984K), 0.0009180 secs] [Times: user=0.01 sys=0.00, real=0.00 secs] 
225.771: Total time for which application threads were stopped: 0.0010470 seconds, Stopping threads took: 0.0000670 seconds
225.814: Application time: 0.0436110 seconds
225.814: [GC225.814: [ParNew: 17601K->1064K(18048K), 0.0005360 secs] 40664K->24127K(57984K), 0.0005640 secs] [Times: user=0.00 sys=0.00, real=0.00 secs] 
225.815: Total time for which application threads were stopped: 0.0007470 seconds, Stopping threads took: 0.0001150 seconds
225.856: Application time: 0.0410480 seconds
225.856: [GC225.856: [ParNew: 16749K->1120K(18048K), 0.0005000 secs] 39812K->24263K(57984K), 0.0005270 secs] [Times: user=0.00 sys=0.00, real=0.00 secs] 
225.857: Total time for which application threads were stopped: 0.0006570 seconds, Stopping threads took: 0.0000720 seconds
225.899: Application time: 0.0420650 seconds
225.899: [GC225.899: [ParNew: 17152K->1578K(18048K), 0.0010040 secs] 40296K->25873K(57984K), 0.0010390 secs] [Times: user=0.00 sys=0.00, real=0.00 secs] 
225.900: Total time for which application threads were stopped: 0.0011650 seconds, Stopping threads took: 0.0000600 seconds
225.941: Application time: 0.0410650 seconds
225.941: [GC225.941: [ParNew: 17540K->1552K(18048K), 0.0012340 secs] 41836K->27455K(57984K), 0.0012680 secs] [Times: user=0.01 sys=0.00, real=0.00 secs] 
225.942: Total time for which application threads were stopped: 0.0014070 seconds, Stopping threads took: 0.0000710 seconds
225.987: Application time: 0.0442160 seconds
225.987: [GC225.987: [ParNew: 17601K->1578K(18048K), 0.0010270 secs] 43505K->28505K(57984K), 0.0010590 secs] [Times: user=0.01 sys=0.00, real=0.00 secs] 
225.988: Total time for which application threads were stopped: 0.0011890 seconds, Stopping threads took: 0.0000640 seconds
226.032: Application time: 0.0443270 seconds
226.032: [GC226.032: [ParNew: 17551K->1034K(18048K), 0.0005430 secs] 44478K->28025K(57984K), 0.0005720 secs] [Times: user=0.01 sys=0.00, real=0.00 secs] 
226.033: Total time for which application threads were stopped: 0.0007620 seconds, Stopping threads took: 0.0001290 seconds
226.076: Application time: 0.0434170 seconds
226.076: [GC226.076: [ParNew: 17006K->522K(18048K), 0.0003360 secs] 43998K->27513K(57984K), 0.0003710 secs] [Times: user=0.01 sys=0.00, real=0.00 secs] 
226.077: Total time for which application threads were stopped: 0.0004920 seconds, Stopping threads took: 0.0000660 seconds
226.122: Application time: 0.0449940 seconds
226.122: [GC226.122: [ParNew: 16492K->8K(18048K), 0.0002810 secs] 43484K->26999K(57984K), 0.0003060 secs] [Times: user=0.00 sys=0.00, real=0.00 secs] 
226.122: Total time for which application threads were stopped: 0.0004220 seconds, Stopping threads took: 0.0000640 seconds
226.161: Application time: 0.0390300 seconds
226.161: [GC226.161: [ParNew: 16028K->1578K(18048K), 0.0011410 secs] 43019K->30105K(57984K), 0.0011770 secs] [Times: user=0.01 sys=0.00, real=0.00 secs] 
226.163: Total time for which application threads were stopped: 0.0013170 seconds, Stopping threads took: 0.0000710 seconds
226.205: Application time: 0.0427530 seconds
226.205: [GC226.205: [ParNew: 17544K->1552K(18048K), 0.0012630 secs] 46072K->31687K(57984K), 0.0012970 secs] [Times: user=0.01 sys=0.00, real=0.00 secs] 
226.207: Total time for which application threads were stopped: 0.0014590 seconds, Stopping threads took: 0.0000920 seconds
226.251: Application time: 0.0445030 seconds
226.251: [GC226.251: [ParNew: 17523K->1550K(18048K), 0.0010460 secs] 47658K->32710K(57984K), 0.0010770 secs] [Times: user=0.00 sys=0.00, real=0.00 secs] 
226.252: Total time for which application threads were stopped: 0.0012130 seconds, Stopping threads took: 0.0000700 seconds
226.297: Application time: 0.0448790 seconds
226.297: [GC226.297: [ParNew: 17599K->1578K(18048K), 0.0007800 secs] 48759K->33250K(57984K), 0.0008090 secs] [Times: user=0.01 sys=0.00, real=0.00 secs] 
226.298: Total time for which application threads were stopped: 0.0009480 seconds, Stopping threads took: 0.0000750 seconds
226.341: Application time: 0.0428560 seconds
226.341: [GC226.341: [ParNew: 17549K->1546K(18048K), 0.0006580 secs] 49220K->33282K(57984K), 0.0006870 secs] [Times: user=0.01 sys=0.00, real=0.00 secs] 
226.342: Total time for which application threads were stopped: 0.0008390 seconds, Stopping threads took: 0.0000810 seconds
226.386: Application time: 0.0444280 seconds
226.387: [GC226.387: [ParNew: 17516K->1030K(18048K), 0.0019830 secs] 49252K->32765K(57984K), 0.0020130 secs] [Times: user=0.01 sys=0.00, real=0.00 secs] 
226.389: Total time for which application threads were stopped: 0.0021300 seconds, Stopping threads took: 0.0000590 seconds
226.432: Application time: 0.0431690 seconds
226.432: [GC226.432: [ParNew: 16996K->1032K(18048K), 0.0005830 secs] 48732K->32767K(57984K), 0.0006090 secs] [Times: user=0.00 sys=0.00, real=0.00 secs] 
226.432: Total time for which application threads were stopped: 0.0007210 seconds, Stopping threads took: 0.0000570 seconds
226.473: Application time: 0.0408560 seconds
226.473: [GC226.474: [ParNew: 16982K->1548K(18048K), 0.0009470 secs] 48718K->34308K(57984K), 0.0009770 secs] [Times: user=0.01 sys=0.00, real=0.00 secs] 
226.474: Total time for which application threads were stopped: 0.0011570 seconds, Stopping threads took: 0.0001170 seconds
226.519: Application time: 0.0440380 seconds
226.519: [GC226.519: [ParNew: 17599K->1576K(18048K), 0.0007790 secs] 50359K->34848K(57984K), 0.0008120 secs] [Times: user=0.01 sys=0.00, real=0.00 secs] 
226.519: Total time for which application threads were stopped: 0.0009510 seconds, Stopping threads took: 0.0000720 seconds
226.563: Application time: 0.0434780 seconds
226.563: [GC226.563: [ParNew: 17625K->1578K(18048K), 0.0006360 secs] 50897K->34906K(57984K), 0.0006650 secs] [Times: user=0.01 sys=0.00, real=0.00 secs] 
226.564: Total time for which application threads were stopped: 0.0007920 seconds, Stopping threads took: 0.0000620 seconds
226.607: Application time: 0.0436750 seconds
226.608: [GC226.608: [ParNew: 17267K->1124K(18048K), 0.0005060 secs] 50595K->34524K(57984K), 0.0005340 secs] [Times: user=0.00 sys=0.00, real=0.00 secs] 
226.608: Total time for which application threads were stopped: 0.0006590 seconds, Stopping threads took: 0.0000560 seconds
226.651: Application time: 0.0429940 seconds
226.651: [GC226.651: [ParNew: 17090K->1034K(18048K), 0.0004880 secs] 50490K->34562K(57984K), 0.0005190 secs] [Times: user=0.00 sys=0.00, real=0.00 secs] 
226.652: Total time for which application threads were stopped: 0.0006440 seconds, Stopping threads took: 0.0000640 seconds
226.693: Application time: 0.0416890 seconds
226.694: [GC226.694: [ParNew: 16992K->1546K(18048K), 0.0007980 secs] 50520K->35586K(57984K), 0.0008310 secs] [Times: user=0.01 sys=0.00, real=0.00 secs] 
226.694: Total time for which application threads were stopped: 0.0009660 seconds, Stopping threads took: 0.0000720 seconds
226.736: Application time: 0.0417870 seconds
226.736: [GC226.736: [ParNew: 17586K->1576K(18048K), 0.0010350 secs] 51626K->36640K(57984K), 0.0010680 secs] [Times: user=0.01 sys=0.00, real=0.01 secs] 
226.737: Total time for which application threads were stopped: 0.0012180 seconds, Stopping threads took: 0.0000830 seconds
226.782: Application time: 0.0447660 seconds
226.782: [GC226.782: [ParNew: 17549K->1548K(18048K), 0.0006750 secs] 52613K->36668K(57984K), 0.0007040 secs] [Times: user=0.00 sys=0.00, real=0.00 secs] 
226.783: Total time for which application threads were stopped: 0.0008300 seconds, Stopping threads took: 0.0000660 seconds
226.826: Application time: 0.0430760 seconds
226.826: [GC226.826: [ParNew: 17514K->1546K(18048K), 0.0006380 secs] 52635K->36666K(57984K), 0.0006680 secs] [Times: user=0.01 sys=0.00, real=0.00 secs] 
226.827: Total time for which application threads were stopped: 0.0008010 seconds, Stopping threads took: 0.0000720 seconds
226.869: Application time: 0.0425580 seconds
226.870: [GC226.870: [ParNew: 17504K->1548K(18048K), 0.0007840 secs] 52624K->37180K(57984K), 0.0008150 secs] [Times: user=0.00 sys=0.00, real=0.00 secs] 
226.870: Total time for which application threads were stopped: 0.0010190 seconds, Stopping threads took: 0.0001310 seconds
226.913: Application time: 0.0424230 seconds
226.913: [GC226.913: [ParNew: 17595K->1580K(18048K), 0.0007910 secs] 53227K->37724K(57984K), 0.0008220 secs] [Times: user=0.01 sys=0.00, real=0.00 secs] 
226.914: Total time for which application threads were stopped: 0.0009730 seconds, Stopping threads took: 0.0000870 seconds
226.959: Application time: 0.0450950 seconds
226.961: [GC226.961: [ParNew: 17553K->1032K(18048K), 0.0005770 secs] 53697K->37248K(57984K), 0.0006080 secs] [Times: user=0.00 sys=0.00, real=0.00 secs] 
226.962: Total time for which application threads were stopped: 0.0029480 seconds, Stopping threads took: 0.0022710 seconds
227.005: Application time: 0.0430540 seconds
227.005: [GC227.005: [ParNew: 16994K->1546K(18048K), 0.0007000 secs] 53210K->37762K(57984K), 0.0007300 secs] [Times: user=0.01 sys=0.00, real=0.01 secs] 
227.006: Total time for which application threads were stopped: 0.0008500 seconds, Stopping threads took: 0.0000570 seconds
227.049: Application time: 0.0432700 seconds
227.049: [GC227.049: [ParNew: 17590K->1574K(18048K), 0.0008170 secs] 53807K->37790K(57984K), 0.0008470 secs] [Times: user=0.01 sys=0.00, real=0.00 secs] 
227.050: Total time for which application threads were stopped: 0.0009800 seconds, Stopping threads took: 0.0000670 seconds
227.095: Application time: 0.0445540 seconds
227.095: [GC227.095: [ParNew: 17547K->522K(18048K), 0.0004950 secs] 53763K->36802K(57984K), 0.0005250 secs] [Times: user=0.00 sys=0.00, real=0.00 secs] 
227.096: Total time for which application threads were stopped: 0.0012030 seconds, Stopping threads took: 0.0006120 seconds
227.137: Application time: 0.0407080 seconds
227.137: [GC227.137: [ParNew: 16480K->1548K(18048K), 0.0006190 secs] 52760K->37828K(57984K), 0.0006470 secs] [Times: user=0.00 sys=0.00, real=0.01 secs] 
227.137: Total time for which application threads were stopped: 0.0008100 seconds, Stopping threads took: 0.0001020 seconds
227.181: Application time: 0.0432280 seconds
227.181: [GC227.181: [ParNew: 17506K->1548K(18048K), 0.0009520 secs] 53786K->38852K(57984K), 0.0009930 secs] [Times: user=0.01 sys=0.00, real=0.00 secs] 
227.182: Total time for which application threads were stopped: 0.0011230 seconds, Stopping threads took: 0.0000670 seconds
227.223: Application time: 0.0411910 seconds
227.223: [GC227.223: [ParNew: 17593K->1578K(18048K), 0.0009460 secs] 54897K->39906K(57984K), 0.0009770 secs] [Times: user=0.00 sys=0.00, real=0.00 secs] 
227.224: Total time for which application threads were stopped: 0.0011070 seconds, Stopping threads took: 0.0000610 seconds
227.268: Application time: 0.0438090 seconds
227.268: [GC227.268: [ParNew: 17544K->1548K(18048K), 0.0009860 secs] 55873K->40964K(57984K), 0.0010200 secs] [Times: user=0.01 sys=0.00, real=0.00 secs] 
227.269: Total time for which application threads were stopped: 0.0011650 seconds, Stopping threads took: 0.0000790 seconds
227.314: Application time: 0.0449730 seconds
227.314: [GC227.314: [ParNew: 17599K->17599K(18048K), 0.0000090 secs]227.314: [Tenured: 39416K->7080K(39936K), 0.0054330 secs] 57015K->7080K(57984K), [Perm : 5179K->5179K(21248K)], 0.0054880 secs] [Times: user=0.01 sys=0.00, real=0.01 secs] 
227.320: Total time for which application threads were stopped: 0.0056440 seconds, Stopping threads took: 0.0000880 seconds
227.361: Application time: 0.0410160 seconds
227.361: [GC227.361: [ParNew: 15684K->1636K(18048K), 0.0007250 secs] 22765K->8717K(57984K), 0.0007550 secs] [Times: user=0.00 sys=0.00, real=0.00 secs] 
227.362: Total time for which application threads were stopped: 0.0008800 seconds, Stopping threads took: 0.0000600 seconds
227.405: Application time: 0.0436460 seconds
227.405: [GC227.405: [ParNew: 17603K->1544K(18048K), 0.0007140 secs] 24683K->8761K(57984K), 0.0007440 secs] [Times: user=0.00 sys=0.00, real=0.00 secs] 
227.406: Total time for which application threads were stopped: 0.0010180 seconds, Stopping threads took: 0.0002050 seconds
227.451: Application time: 0.0445270 seconds
227.451: [GC227.451: [ParNew: 17585K->1578K(18048K), 0.0007880 secs] 24802K->9307K(57984K), 0.0008170 secs] [Times: user=0.00 sys=0.00, real=0.00 secs] 
227.452: Total time for which application threads were stopped: 0.0009530 seconds, Stopping threads took: 0.0000760 seconds
227.492: Application time: 0.0402230 seconds
227.492: [GC227.492: [ParNew: 17549K->1548K(18048K), 0.0005940 secs] 25278K->9357K(57984K), 0.0006250 secs] [Times: user=0.01 sys=0.00, real=0.00 secs] 
227.493: Total time for which application threads were stopped: 0.0007650 seconds, Stopping threads took: 0.0000740 seconds
227.538: Application time: 0.0449970 seconds
227.538: [GC227.538: [ParNew: 17519K->1034K(18048K), 0.0004780 secs] 25327K->8843K(57984K), 0.0005060 secs] [Times: user=0.00 sys=0.00, real=0.00 secs] 
227.538: Total time for which application threads were stopped: 0.0006260 seconds, Stopping threads took: 0.0000590 seconds
227.582: Application time: 0.0440690 seconds
227.582: [GC227.582: [ParNew: 16992K->1548K(18048K), 0.0008100 secs] 24801K->9869K(57984K), 0.0008410 secs] [Times: user=0.01 sys=0.00, real=0.00 secs] 
227.583: Total time for which application threads were stopped: 0.0009780 seconds, Stopping threads took: 0.0000740 seconds
227.626: Application time: 0.0422560 seconds
227.626: [GC227.626: [ParNew: 17597K->1580K(18048K), 0.0006520 secs] 25918K->9901K(57984K), 0.0006830 secs] [Times: user=0.01 sys=0.00, real=0.00 secs] 
227.626: Total time for which application threads were stopped: 0.0008310 seconds, Stopping threads took: 0.0000850 seconds
227.671: Application time: 0.0448650 seconds
227.671: [GC227.671: [ParNew: 17553K->522K(18048K), 0.0003280 secs] 25874K->8915K(57984K), 0.0003540 secs] [Times: user=0.00 sys=0.00, real=0.00 secs] 
227.672: Total time for which application threads were stopped: 0.0004850 seconds, Stopping threads took: 0.0000740 seconds
227.716: Application time: 0.0444000 seconds
227.716: [GC227.716: [ParNew: 16492K->10K(18048K), 0.0002450 secs] 24885K->8403K(57984K), 0.0002730 secs] [Times: user=0.00 sys=0.00, real=0.00 secs] 
227.717: Total time for which application threads were stopped: 0.0003820 seconds, Stopping threads took: 0.0000530 seconds
227.755: Application time: 0.0384370 seconds
227.755: [GC227.755: [ParNew: 16034K->1578K(18048K), 0.0010560 secs] 24427K->10995K(57984K), 0.0010980 secs] [Times: user=0.00 sys=0.00, real=0.00 secs] 
227.756: Total time for which application threads were stopped: 0.0013510 seconds, Stopping threads took: 0.0001850 seconds
227.801: Application time: 0.0448720 seconds
227.801: [GC227.801: [ParNew: 17546K->1546K(18048K), 0.0007750 secs] 26964K->11555K(57984K), 0.0008040 secs] [Times: user=0.01 sys=0.00, real=0.00 secs] 
227.802: Total time for which application threads were stopped: 0.0009520 seconds, Stopping threads took: 0.0000850 seconds
227.845: Application time: 0.0425090 seconds
227.845: [GC227.845: [ParNew: 17512K->1548K(18048K), 0.0006400 secs] 27521K->11557K(57984K), 0.0006690 secs] [Times: user=0.00 sys=0.00, real=0.01 secs] 
227.846: Total time for which application threads were stopped: 0.0008760 seconds, Stopping threads took: 0.0001460 seconds
227.890: Application time: 0.0441810 seconds
227.890: [GC227.890: [ParNew: 17521K->1034K(18048K), 0.0004530 secs] 27530K->11043K(57984K), 0.0004810 secs] [Times: user=0.00 sys=0.00, real=0.00 secs] 
227.890: Total time for which application threads were stopped: 0.0006010 seconds, Stopping threads took: 0.0000640 seconds
227.932: Application time: 0.0415490 seconds
227.932: [GC227.932: [ParNew: 17075K->1578K(18048K), 0.0006220 secs] 27084K->11587K(57984K), 0.0006510 secs] [Times: user=0.01 sys=0.00, real=0.00 secs] 
227.933: Total time for which application threads were stopped: 0.0007780 seconds, Stopping threads took: 0.0000580 seconds
227.976: Application time: 0.0432880 seconds
227.976: [GC227.976: [ParNew: 17544K->1546K(18048K), 0.0006470 secs] 27554K->11603K(57984K), 0.0006760 secs] [Times: user=0.01 sys=0.00, real=0.00 secs] 
227.977: Total time for which application threads were stopped: 0.0008030 seconds, Stopping threads took: 0.0000640 seconds
228.019: Application time: 0.0419350 seconds
228.019: [GC228.019: [ParNew: 17591K->1578K(18048K), 0.0006060 secs] 27648K->11635K(57984K), 0.0006340 secs] [Times: user=0.01 sys=0.00, real=0.00 secs] 
228.019: Total time for which application threads were stopped: 0.0007530 seconds, Stopping threads took: 0.0000570 seconds
228.062: Application time: 0.0423330 seconds
228.062: [GC228.062: [ParNew: 17267K->1124K(18048K), 0.0004570 secs] 27324K->11245K(57984K), 0.0004840 secs] [Times: user=0.00 sys=0.00, real=0.00 secs] 
228.062: Total time for which application threads were stopped: 0.0006040 seconds, Stopping threads took: 0.0000630 seconds
228.106: Application time: 0.0434300 seconds
228.106: [GC228.106: [ParNew: 17090K->1034K(18048K), 0.0004540 secs] 27212K->11295K(57984K), 0.0004820 secs] [Times: user=0.01 sys=0.00, real=0.00 secs] 
228.106: Total time for which application threads were stopped: 0.0005950 seconds, Stopping threads took: 0.0000550 seconds
228.146: Application time: 0.0393660 seconds
228.146: [GC228.146: [ParNew: 16988K->1548K(18048K), 0.0009270 secs] 27249K->12833K(57984K), 0.0009610 secs] [Times: user=0.01 sys=0.00, real=0.00 secs] 
228.147: Total time for which application threads were stopped: 0.0010940 seconds, Stopping threads took: 0.0000650 seconds
228.189: Application time: 0.0425700 seconds
228.190: [GC228.190: [ParNew: 17593K->1576K(18048K), 0.0010510 secs] 28878K->13885K(57984K), 0.0010840 secs] [Times: user=0.01 sys=0.00, real=0.00 secs] 
228.191: Total time for which application threads were stopped: 0.0012160 seconds, Stopping threads took: 0.0000660 seconds
228.234: Application time: 0.0433770 seconds
228.234: [GC228.234: [ParNew: 17547K->1546K(18048K), 0.0008680 secs] 29856K->14431K(57984K), 0.0008990 secs] [Times: user=0.01 sys=0.00, real=0.00 secs] 
228.235: Total time for which application threads were stopped: 0.0010360 seconds, Stopping threads took: 0.0000720 seconds
228.280: Application time: 0.0444910 seconds
228.280: [GC228.280: [ParNew: 17517K->1546K(18048K), 0.0006800 secs] 30402K->14431K(57984K), 0.0007070 secs] [Times: user=0.00 sys=0.00, real=0.00 secs] 
228.280: Total time for which application threads were stopped: 0.0008480 seconds, Stopping threads took: 0.0000690 seconds
228.323: Application time: 0.0424650 seconds
228.323: [GC228.323: [ParNew: 17512K->1548K(18048K), 0.0005860 secs] 30398K->14433K(57984K), 0.0006140 secs] [Times: user=0.01 sys=0.00, real=0.00 secs] 
228.324: Total time for which application threads were stopped: 0.0007380 seconds, Stopping threads took: 0.0000650 seconds
228.367: Application time: 0.0436770 seconds
228.367: [GC228.367: [ParNew: 17597K->1066K(18048K), 0.0004980 secs] 30482K->13951K(57984K), 0.0005270 secs] [Times: user=0.00 sys=0.00, real=0.00 secs] 
228.368: Total time for which application threads were stopped: 0.0006650 seconds, Stopping threads took: 0.0000760 seconds
228.411: Application time: 0.0431520 seconds
228.411: [GC228.411: [ParNew: 17032K->1034K(18048K), 0.0005200 secs] 29918K->13983K(57984K), 0.0005480 secs] [Times: user=0.00 sys=0.00, real=0.00 secs] 
228.412: Total time for which application threads were stopped: 0.0006700 seconds, Stopping threads took: 0.0000630 seconds
228.454: Application time: 0.0422090 seconds
228.454: [GC228.454: [ParNew: 16996K->1546K(18048K), 0.0006120 secs] 29946K->14495K(57984K), 0.0006400 secs] [Times: user=0.00 sys=0.00, real=0.00 secs] 
228.455: Total time for which application threads were stopped: 0.0007830 seconds, Stopping threads took: 0.0000700 seconds
228.497: Application time: 0.0420780 seconds
228.497: [GC228.497: [ParNew: 17590K->1578K(18048K), 0.0006750 secs] 30540K->14527K(57984K), 0.0007040 secs] [Times: user=0.00 sys=0.00, real=0.01 secs] 
228.498: Total time for which application threads were stopped: 0.0008360 seconds, Stopping threads took: 0.0000700 seconds
228.541: Application time: 0.0433250 seconds
228.541: [GC228.541: [ParNew: 17546K->1032K(18048K), 0.0004790 secs] 30496K->14045K(57984K), 0.0005120 secs] [Times: user=0.00 sys=0.00, real=0.00 secs] 
228.542: Total time for which application threads were stopped: 0.0006310 seconds, Stopping threads took: 0.0000620 seconds
228.580: Application time: 0.0379510 seconds
228.580: [GC228.580: [ParNew: 16990K->1544K(18048K), 0.0007840 secs] 30003K->15069K(57984K), 0.0008140 secs] [Times: user=0.00 sys=0.00, real=0.00 secs] 
228.581: Total time for which application threads were stopped: 0.0009540 seconds, Stopping threads took: 0.0000790 seconds
228.620: Application time: 0.0399160 seconds
228.621: [GC228.621: [ParNew: 17593K->1578K(18048K), 0.0006320 secs] 31118K->15103K(57984K), 0.0006600 secs] [Times: user=0.01 sys=0.00, real=0.00 secs] 
228.621: Total time for which application threads were stopped: 0.0007910 seconds, Stopping threads took: 0.0000720 seconds
228.661: Application time: 0.0394340 seconds
228.661: [GC228.661: [ParNew: 17544K->1546K(18048K), 0.0006420 secs] 31070K->15151K(57984K), 0.0006720 secs] [Times: user=0.01 sys=0.00, real=0.00 secs] 
228.662: Total time for which application threads were stopped: 0.0008180 seconds, Stopping threads took: 0.0000870 seconds
228.703: Application time: 0.0410420 seconds
228.703: [GC228.703: [ParNew: 17516K->1034K(18048K), 0.0004420 secs] 31122K->14639K(57984K), 0.0004690 secs] [Times: user=0.00 sys=0.00, real=0.00 secs] 
228.703: Total time for which application threads were stopped: 0.0005910 seconds, Stopping threads took: 0.0000630 seconds
228.744: Application time: 0.0407300 seconds
228.744: [GC228.744: [ParNew: 17083K->554K(18048K), 0.0003090 secs] 30688K->14159K(57984K), 0.0003350 secs] [Times: user=0.01 sys=0.00, real=0.00 secs] 
228.744: Total time for which application threads were stopped: 0.0004450 seconds, Stopping threads took: 0.0000570 seconds
228.779: Application time: 0.0346120 seconds
228.779: [GC228.779: [ParNew: 16222K->1660K(18048K), 0.0010600 secs] 29828K->16289K(57984K), 0.0010920 secs] [Times: user=0.01 sys=0.00, real=0.00 secs] 
228.780: Total time for which application threads were stopped: 0.0012360 seconds, Stopping threads took: 0.0000800 seconds
228.819: Application time: 0.0387280 seconds
228.819: [GC228.819: [ParNew: 17622K->1552K(18048K), 0.0012270 secs] 32252K->17877K(57984K), 0.0012700 secs] [Times: user=0.01 sys=0.00, real=0.00 secs] 
228.820: Total time for which application threads were stopped: 0.0014130 seconds, Stopping threads took: 0.0000770 seconds
228.862: Application time: 0.0412460 seconds
228.862: [GC228.862: [ParNew: 17520K->1548K(18048K), 0.0009580 secs] 33846K->18897K(57984K), 0.0009880 secs] [Times: user=0.01 sys=0.00, real=0.00 secs] 
228.863: Total time for which application threads were stopped: 0.0011310 seconds, Stopping threads took: 0.0000810 seconds
228.904: Application time: 0.0409660 seconds
228.904: [GC228.904: [ParNew: 17597K->1576K(18048K), 0.0008050 secs] 34947K->19437K(57984K), 0.0008350 secs] [Times: user=0.01 sys=0.00, real=0.00 secs] 
228.905: Total time for which application threads were stopped: 0.0009680 seconds, Stopping threads took: 0.0000730 seconds
228.946: Application time: 0.0413780 seconds
228.946: [GC228.946: [ParNew: 17549K->1032K(18048K), 0.0004470 secs] 35410K->18957K(57984K), 0.0004750 secs] [Times: user=0.00 sys=0.00, real=0.00 secs] 
228.947: Total time for which application threads were stopped: 0.0007320 seconds, Stopping threads took: 0.0001990 seconds
228.985: Application time: 0.0380040 seconds
228.985: [GC228.985: [ParNew: 16998K->1034K(18048K), 0.0004700 secs] 34924K->18959K(57984K), 0.0004970 secs] [Times: user=0.00 sys=0.00, real=0.01 secs] 
228.985: Total time for which application threads were stopped: 0.0006270 seconds, Stopping threads took: 0.0000600 seconds
229.026: Application time: 0.0402210 seconds
229.026: [GC229.026: [ParNew: 17000K->1034K(18048K), 0.0004610 secs] 34926K->18959K(57984K), 0.0004860 secs] [Times: user=0.01 sys=0.00, real=0.00 secs] 
229.026: Total time for which application threads were stopped: 0.0006150 seconds, Stopping threads took: 0.0000730 seconds
229.067: Application time: 0.0409550 seconds
229.067: [GC229.067: [ParNew: 17078K->1064K(18048K), 0.0004460 secs] 35004K->18989K(57984K), 0.0004740 secs] [Times: user=0.01 sys=0.00, real=0.00 secs] 
229.068: Total time for which application threads were stopped: 0.0005870 seconds, Stopping threads took: 0.0000580 seconds
229.104: Application time: 0.0366170 seconds
229.105: [GC229.105: [ParNew: 17018K->1548K(18048K), 0.0007610 secs] 34944K->20049K(57984K), 0.0007890 secs] [Times: user=0.00 sys=0.00, real=0.01 secs] 
229.105: Total time for which application threads were stopped: 0.0010170 seconds, Stopping threads took: 0.0001690 seconds
229.147: Application time: 0.0411850 seconds
229.147: [GC229.147: [ParNew: 17599K->1578K(18048K), 0.0006140 secs] 36101K->20080K(57984K), 0.0006400 secs] [Times: user=0.01 sys=0.00, real=0.00 secs] 
229.147: Total time for which application threads were stopped: 0.0007650 seconds, Stopping threads took: 0.0000670 seconds
229.188: Application time: 0.0402170 seconds
229.188: [GC229.188: [ParNew: 17536K->1550K(18048K), 0.0009640 secs] 36038K->21140K(57984K), 0.0009980 secs] [Times: user=0.00 sys=0.00, real=0.00 secs] 
229.189: Total time for which application threads were stopped: 0.0011440 seconds, Stopping threads took: 0.0000810 seconds
229.227: Application time: 0.0385600 seconds
229.227: [GC229.227: [ParNew: 17521K->1546K(18048K), 0.0007640 secs] 37110K->21648K(57984K), 0.0007910 secs] [Times: user=0.01 sys=0.00, real=0.00 secs] 
229.228: Total time for which application threads were stopped: 0.0009210 seconds, Stopping threads took: 0.0000700 seconds
229.269: Application time: 0.0409010 seconds
229.269: [GC229.269: [ParNew: 17595K->1578K(18048K), 0.0006810 secs] 37697K->21680K(57984K), 0.0007130 secs] [Times: user=0.00 sys=0.00, real=0.00 secs] 
229.270: Total time for which application threads were stopped: 0.0008600 seconds, Stopping threads took: 0.0000870 seconds
229.310: Application time: 0.0398930 seconds
229.310: [GC229.310: [ParNew: 17540K->1546K(18048K), 0.0008620 secs] 37642K->22224K(57984K), 0.0008920 secs] [Times: user=0.01 sys=0.00, real=0.00 secs] 
229.311: Total time for which application threads were stopped: 0.0010210 seconds, Stopping threads took: 0.0000670 seconds
229.351: Application time: 0.0404010 seconds
229.351: [GC229.351: [ParNew: 17517K->1544K(18048K), 0.0006040 secs] 38194K->22222K(57984K), 0.0006400 secs] [Times: user=0.00 sys=0.00, real=0.00 secs] 
229.352: Total time for which application threads were stopped: 0.0007630 seconds, Stopping threads took: 0.0000630 seconds
229.393: Application time: 0.0411370 seconds
229.393: [GC229.393: [ParNew: 17514K->1034K(18048K), 0.0004510 secs] 38192K->21712K(57984K), 0.0004790 secs] [Times: user=0.01 sys=0.00, real=0.00 secs] 
229.394: Total time for which application threads were stopped: 0.0006000 seconds, Stopping threads took: 0.0000630 seconds
229.433: Application time: 0.0390330 seconds
229.433: [GC229.433: [ParNew: 16645K->582K(18048K), 0.0004160 secs] 37323K->21260K(57984K), 0.0004420 secs] [Times: user=0.00 sys=0.00, real=0.00 secs] 
229.433: Total time for which application threads were stopped: 0.0005730 seconds, Stopping threads took: 0.0000780 seconds
229.469: Application time: 0.0357900 seconds
229.469: [GC229.469: [ParNew: 16168K->1664K(18048K), 0.0012320 secs] 36846K->23878K(57984K), 0.0012650 secs] [Times: user=0.01 sys=0.00, real=0.00 secs] 
229.471: Total time for which application threads were stopped: 0.0014080 seconds, Stopping threads took: 0.0000760 seconds
229.509: Application time: 0.0387390 seconds
229.510: [GC229.510: [ParNew: 17635K->1548K(18048K), 0.0009870 secs] 39849K->24950K(57984K), 0.0010200 secs] [Times: user=0.01 sys=0.00, real=0.00 secs] 
229.511: Total time for which application threads were stopped: 0.0011520 seconds, Stopping threads took: 0.0000580 seconds
229.552: Application time: 0.0410110 seconds
229.552: [GC229.552: [ParNew: 17519K->1548K(18048K), 0.0008310 secs] 40921K->25462K(57984K), 0.0008610 secs] [Times: user=0.00 sys=0.00, real=0.00 secs] 
229.553: Total time for which application threads were stopped: 0.0009940 seconds, Stopping threads took: 0.0000710 seconds
229.592: Application time: 0.0396430 seconds
229.592: [GC229.592: [ParNew: 17590K->1578K(18048K), 0.0008770 secs] 41505K->26004K(57984K), 0.0009070 secs] [Times: user=0.00 sys=0.01, real=0.00 secs] 
229.593: Total time for which application threads were stopped: 0.0010850 seconds, Stopping threads took: 0.0001170 seconds
229.633: Application time: 0.0401940 seconds
229.634: [GC229.634: [ParNew: 17547K->1548K(18048K), 0.0007800 secs] 41973K->26550K(57984K), 0.0008100 secs] [Times: user=0.01 sys=0.00, real=0.00 secs] 
229.634: Total time for which application threads were stopped: 0.0009410 seconds, Stopping threads took: 0.0000690 seconds
229.675: Application time: 0.0402210 seconds
229.675: [GC229.675: [ParNew: 17519K->1550K(18048K), 0.0006080 secs] 42521K->26552K(57984K), 0.0006380 secs] [Times: user=0.01 sys=0.00, real=0.00 secs] 
229.675: Total time for which application threads were stopped: 0.0007560 seconds, Stopping threads took: 0.0000610 seconds
229.715: Application time: 0.0398980 seconds
229.715: [GC229.715: [ParNew: 17599K->1066K(18048K), 0.0004440 secs] 42601K->26068K(57984K), 0.0004720 secs] [Times: user=0.00 sys=0.00, real=0.00 secs] 
229.716: Total time for which application threads were stopped: 0.0005870 seconds, Stopping threads took: 0.0000580 seconds
229.756: Application time: 0.0405190 seconds
229.757: [GC229.757: [ParNew: 17024K->1546K(18048K), 0.0007940 secs] 42026K->27132K(57984K), 0.0008230 secs] [Times: user=0.01 sys=0.00, real=0.01 secs] 
229.757: Total time for which application threads were stopped: 0.0009440 seconds, Stopping threads took: 0.0000600 seconds
229.796: Application time: 0.0389870 seconds
229.796: [GC229.796: [ParNew: 17517K->1544K(18048K), 0.0006430 secs] 43103K->27130K(57984K), 0.0006710 secs] [Times: user=0.00 sys=0.00, real=0.00 secs] 
229.797: Total time for which application threads were stopped: 0.0007870 seconds, Stopping threads took: 0.0000570 seconds
229.837: Application time: 0.0399410 seconds
229.837: [GC229.837: [ParNew: 17588K->1578K(18048K), 0.0006440 secs] 43175K->27164K(57984K), 0.0006720 secs] [Times: user=0.01 sys=0.00, real=0.00 secs] 
229.838: Total time for which application threads were stopped: 0.0008090 seconds, Stopping threads took: 0.0000670 seconds
229.879: Application time: 0.0410730 seconds
229.879: [GC229.879: [ParNew: 17540K->1544K(18048K), 0.0008150 secs] 43127K->27714K(57984K), 0.0008450 secs] [Times: user=0.01 sys=0.00, real=0.00 secs] 
229.880: Total time for which application threads were stopped: 0.0009730 seconds, Stopping threads took: 0.0000660 seconds
229.921: Application time: 0.0412990 seconds
229.921: [GC229.921: [ParNew: 17593K->1580K(18048K), 0.0005940 secs] 43763K->27750K(57984K), 0.0006210 secs] [Times: user=0.00 sys=0.00, real=0.00 secs] 
229.922: Total time for which application threads were stopped: 0.0007410 seconds, Stopping threads took: 0.0000620 seconds
229.963: Application time: 0.0415190 seconds
229.965: [GC229.965: [ParNew: 17551K->1034K(18048K), 0.0004410 secs] 43721K->27268K(57984K), 0.0004670 secs] [Times: user=0.00 sys=0.00, real=0.00 secs] 
229.966: Total time for which application threads were stopped: 0.0022150 seconds, Stopping threads took: 0.0016910 seconds
230.006: Application time: 0.0404540 seconds
230.006: [GC230.006: [ParNew: 17002K->522K(18048K), 0.0003190 secs] 43237K->26756K(57984K), 0.0003440 secs] [Times: user=0.01 sys=0.00, real=0.00 secs] 
230.007: Total time for which application threads were stopped: 0.0004550 seconds, Stopping threads took: 0.0000580 seconds
230.047: Application time: 0.0399200 seconds
230.047: [GC230.047: [ParNew: 16488K->522K(18048K), 0.0003190 secs] 42723K->26756K(57984K), 0.0003460 secs] [Times: user=0.01 sys=0.00, real=0.00 secs] 
230.047: Total time for which application threads were stopped: 0.0004770 seconds, Stopping threads took: 0.0000680 seconds
230.085: Application time: 0.0374970 seconds
230.085: [GC230.085: [ParNew: 16550K->1578K(18048K), 0.0009430 secs] 42784K->28836K(57984K), 0.0009750 secs] [Times: user=0.00 sys=0.00, real=0.01 secs] 
230.086: Total time for which application threads were stopped: 0.0011040 seconds, Stopping threads took: 0.0000650 seconds
230.124: Application time: 0.0385890 seconds
230.124: [GC230.124: [ParNew: 17267K->1634K(18048K), 0.0008360 secs] 44526K->29468K(57984K), 0.0008670 secs] [Times: user=0.00 sys=0.00, real=0.01 secs] 
230.125: Total time for which application threads were stopped: 0.0010030 seconds, Stopping threads took: 0.0000730 seconds
230.166: Application time: 0.0411570 seconds
230.166: [GC230.167: [ParNew: 17605K->1546K(18048K), 0.0006890 secs] 45439K->29508K(57984K), 0.0007160 secs] [Times: user=0.01 sys=0.00, real=0.00 secs] 
230.167: Total time for which application threads were stopped: 0.0008410 seconds, Stopping threads took: 0.0000670 seconds
230.207: Application time: 0.0398320 seconds
230.207: [GC230.207: [ParNew: 17512K->1546K(18048K), 0.0006780 secs] 45475K->29508K(57984K), 0.0007070 secs] [Times: user=0.01 sys=0.00, real=0.00 secs] 
230.208: Total time for which application threads were stopped: 0.0008280 seconds, Stopping threads took: 0.0000600 seconds
230.248: Application time: 0.0401030 seconds
230.248: [GC230.248: [ParNew: 17590K->1580K(18048K), 0.0006180 secs] 45553K->29542K(57984K), 0.0006470 secs] [Times: user=0.00 sys=0.00, real=0.00 secs] 
230.249: Total time for which application threads were stopped: 0.0007690 seconds, Stopping threads took: 0.0000610 seconds
230.288: Application time: 0.0395210 seconds
230.288: [GC230.288: [ParNew: 17546K->1548K(18048K), 0.0006280 secs] 45509K->29566K(57984K), 0.0006570 secs] [Times: user=0.00 sys=0.00, real=0.00 secs] 
230.289: Total time for which application threads were stopped: 0.0008040 seconds, Stopping threads took: 0.0000870 seconds
230.330: Application time: 0.0404470 seconds
230.330: [GC230.330: [ParNew: 17514K->1546K(18048K), 0.0006100 secs] 45533K->29564K(57984K), 0.0006360 secs] [Times: user=0.00 sys=0.00, real=0.00 secs] 
230.330: Total time for which application threads were stopped: 0.0007680 seconds, Stopping threads took: 0.0000730 seconds
230.369: Application time: 0.0388930 seconds
230.369: [GC230.369: [ParNew: 17516K->1032K(18048K), 0.0004390 secs] 45535K->29050K(57984K), 0.0004730 secs] [Times: user=0.01 sys=0.00, real=0.00 secs] 
230.370: Total time for which application threads were stopped: 0.0005900 seconds, Stopping threads took: 0.0000600 seconds
230.410: Application time: 0.0404270 seconds
230.410: [GC230.410: [ParNew: 17078K->552K(18048K), 0.0003380 secs] 45097K->28570K(57984K), 0.0003660 secs] [Times: user=0.00 sys=0.00, real=0.00 secs] 
230.411: Total time for which application threads were stopped: 0.0005850 seconds, Stopping threads took: 0.0001630 seconds
230.450: Application time: 0.0388980 seconds
230.450: [GC230.450: [ParNew: 16512K->1578K(18048K), 0.0006180 secs] 44531K->29596K(57984K), 0.0006470 secs] [Times: user=0.01 sys=0.00, real=0.00 secs] 
230.450: Total time for which application threads were stopped: 0.0007740 seconds, Stopping threads took: 0.0000670 seconds
230.489: Application time: 0.0382740 seconds
230.489: [GC230.489: [ParNew: 17623K->1580K(18048K), 0.0006720 secs] 45641K->29670K(57984K), 0.0007040 secs] [Times: user=0.01 sys=0.00, real=0.00 secs] 
230.490: Total time for which application threads were stopped: 0.0008240 seconds, Stopping threads took: 0.0000590 seconds
230.530: Application time: 0.0401640 seconds
230.530: [GC230.530: [ParNew: 17542K->1548K(18048K), 0.0008270 secs] 45633K->30214K(57984K), 0.0008570 secs] [Times: user=0.00 sys=0.00, real=0.00 secs] 
230.531: Total time for which application threads were stopped: 0.0009870 seconds, Stopping threads took: 0.0000680 seconds
230.571: Application time: 0.0403520 seconds
230.571: [GC230.571: [ParNew: 17597K->1576K(18048K), 0.0006440 secs] 46263K->30242K(57984K), 0.0006710 secs] [Times: user=0.00 sys=0.00, real=0.00 secs] 
230.572: Total time for which application threads were stopped: 0.0008120 seconds, Stopping threads took: 0.0000770 seconds
230.612: Application time: 0.0401460 seconds
230.612: [GC230.612: [ParNew: 17542K->1546K(18048K), 0.0006340 secs] 46209K->30284K(57984K), 0.0006620 secs] [Times: user=0.00 sys=0.00, real=0.00 secs] 
230.613: Total time for which application threads were stopped: 0.0007790 seconds, Stopping threads took: 0.0000550 seconds
230.652: Application time: 0.0389860 seconds
230.652: [GC230.652: [ParNew: 17504K->1546K(18048K), 0.0009630 secs] 46243K->31308K(57984K), 0.0009940 secs] [Times: user=0.00 sys=0.00, real=0.00 secs] 
230.653: Total time for which application threads were stopped: 0.0011230 seconds, Stopping threads took: 0.0000640 seconds
230.692: Application time: 0.0394310 seconds
230.693: [GC230.693: [ParNew: 17517K->1546K(18048K), 0.0007830 secs] 47279K->31820K(57984K), 0.0008120 secs] [Times: user=0.00 sys=0.00, real=0.00 secs] 
230.693: Total time for which application threads were stopped: 0.0009590 seconds, Stopping threads took: 0.0000870 seconds
230.734: Application time: 0.0402420 seconds
230.734: [GC230.734: [ParNew: 17517K->1546K(18048K), 0.0006030 secs] 47791K->31820K(57984K), 0.0006310 secs] [Times: user=0.00 sys=0.00, real=0.00 secs] 
230.734: Total time for which application threads were stopped: 0.0007630 seconds, Stopping threads took: 0.0000730 seconds
230.775: Application time: 0.0401710 seconds
230.775: [GC230.775: [ParNew: 17591K->1578K(18048K), 0.0006050 secs] 47865K->31852K(57984K), 0.0006350 secs] [Times: user=0.01 sys=0.00, real=0.00 secs] 
230.775: Total time for which application threads were stopped: 0.0007530 seconds, Stopping threads took: 0.0000570 seconds
230.814: Application time: 0.0382390 seconds
230.814: [GC230.814: [ParNew: 17263K->1634K(18048K), 0.0006440 secs] 47538K->31973K(57984K), 0.0006740 secs] [Times: user=0.01 sys=0.00, real=0.00 secs] 
230.814: Total time for which application threads were stopped: 0.0008050 seconds, Stopping threads took: 0.0000680 seconds
230.852: Application time: 0.0377650 seconds
230.852: [GC230.852: [ParNew: 17592K->1546K(18048K), 0.0010360 secs] 47931K->33037K(57984K), 0.0010680 secs] [Times: user=0.00 sys=0.00, real=0.00 secs] 
230.853: Total time for which application threads were stopped: 0.0011960 seconds, Stopping threads took: 0.0000650 seconds
230.894: Application time: 0.0411870 seconds
230.895: [GC230.895: [ParNew: 17512K->1548K(18048K), 0.0010000 secs] 49003K->34063K(57984K), 0.0010400 secs] [Times: user=0.01 sys=0.00, real=0.00 secs] 
230.896: Total time for which application threads were stopped: 0.0011830 seconds, Stopping threads took: 0.0000780 seconds
230.936: Application time: 0.0407780 seconds
230.937: [GC230.937: [ParNew: 17593K->1576K(18048K), 0.0009730 secs] 50108K->35115K(57984K), 0.0010070 secs] [Times: user=0.00 sys=0.00, real=0.01 secs] 
230.938: Total time for which application threads were stopped: 0.0011310 seconds, Stopping threads took: 0.0000610 seconds
230.978: Application time: 0.0399790 seconds
230.978: [GC230.978: [ParNew: 17547K->1546K(18048K), 0.0008100 secs] 51086K->35669K(57984K), 0.0008400 secs] [Times: user=0.01 sys=0.00, real=0.00 secs] 
230.979: Total time for which application threads were stopped: 0.0009700 seconds, Stopping threads took: 0.0000670 seconds
231.020: Application time: 0.0410790 seconds
231.020: [GC231.020: [ParNew: 17519K->1034K(18048K), 0.0005220 secs] 51642K->35157K(57984K), 0.0005480 secs] [Times: user=0.00 sys=0.00, real=0.00 secs] 
231.020: Total time for which application threads were stopped: 0.0006560 seconds, Stopping threads took: 0.0000540 seconds
231.060: Application time: 0.0393950 seconds
231.060: [GC231.060: [ParNew: 17083K->550K(18048K), 0.0004650 secs] 51206K->34673K(57984K), 0.0004900 secs] [Times: user=0.00 sys=0.00, real=0.00 secs] 
231.060: Total time for which application threads were stopped: 0.0005970 seconds, Stopping threads took: 0.0000540 seconds
231.101: Application time: 0.0410290 seconds
231.101: [GC231.101: [ParNew: 16512K->1064K(18048K), 0.0003940 secs] 50635K->35187K(57984K), 0.0004200 secs] [Times: user=0.00 sys=0.00, real=0.00 secs] 
231.102: Total time for which application threads were stopped: 0.0005520 seconds, Stopping threads took: 0.0000700 seconds
231.141: Application time: 0.0390930 seconds
231.141: [GC231.141: [ParNew: 17026K->1548K(18048K), 0.0006630 secs] 51149K->35735K(57984K), 0.0006940 secs] [Times: user=0.00 sys=0.00, real=0.00 secs] 
231.142: Total time for which application threads were stopped: 0.0008230 seconds, Stopping threads took: 0.0000690 seconds
231.180: Application time: 0.0387250 seconds
231.181: [GC231.181: [ParNew: 17589K->1578K(18048K), 0.0007890 secs] 51776K->36277K(57984K), 0.0008210 secs] [Times: user=0.01 sys=0.00, real=0.00 secs] 
231.181: Total time for which application threads were stopped: 0.0009560 seconds, Stopping threads took: 0.0000720 seconds
231.221: Application time: 0.0390910 seconds
231.221: [GC231.221: [ParNew: 17618K->1580K(18048K), 0.0010400 secs] 52317K->37375K(57984K), 0.0010710 secs] [Times: user=0.01 sys=0.00, real=0.00 secs] 
231.222: Total time for which application threads were stopped: 0.0012150 seconds, Stopping threads took: 0.0000810 seconds
231.263: Application time: 0.0407880 seconds
231.263: [GC231.263: [ParNew: 17551K->1546K(18048K), 0.0008110 secs] 53346K->37917K(57984K), 0.0008400 secs] [Times: user=0.00 sys=0.00, real=0.00 secs] 
231.264: Total time for which application threads were stopped: 0.0009780 seconds, Stopping threads took: 0.0000780 seconds
231.304: Application time: 0.0406220 seconds
231.304: [GC231.304: [ParNew: 17512K->1546K(18048K), 0.0007970 secs] 53884K->38429K(57984K), 0.0008260 secs] [Times: user=0.00 sys=0.00, real=0.00 secs] 
231.305: Total time for which application threads were stopped: 0.0009560 seconds, Stopping threads took: 0.0000670 seconds
231.345: Application time: 0.0401700 seconds
231.345: [GC231.345: [ParNew: 17512K->1546K(18048K), 0.0008030 secs] 54396K->38941K(57984K), 0.0008340 secs] [Times: user=0.01 sys=0.00, real=0.00 secs] 
231.346: Total time for which application threads were stopped: 0.0009670 seconds, Stopping threads took: 0.0000720 seconds
231.387: Application time: 0.0411420 seconds
231.387: [GC231.388: [ParNew: 17517K->1546K(18048K), 0.0021350 secs] 54912K->38941K(57984K), 0.0021690 secs] [Times: user=0.00 sys=0.00, real=0.00 secs] 
231.390: Total time for which application threads were stopped: 0.0023010 seconds, Stopping threads took: 0.0000660 seconds
231.430: Application time: 0.0406870 seconds
231.430: [GC231.431: [ParNew: 17516K->1036K(18048K), 0.0005230 secs] 54912K->38431K(57984K), 0.0005510 secs] [Times: user=0.00 sys=0.00, real=0.00 secs] 
231.431: Total time for which application threads were stopped: 0.0006760 seconds, Stopping threads took: 0.0000720 seconds
231.469: Application time: 0.0383980 seconds
231.470: [GC231.470: [ParNew: 16643K->584K(18048K), 0.0003400 secs] 54038K->37979K(57984K), 0.0003650 secs] [Times: user=0.00 sys=0.00, real=0.00 secs] 
231.470: Total time for which application threads were stopped: 0.0005390 seconds, Stopping threads took: 0.0001180 seconds
231.509: Application time: 0.0392540 seconds
231.509: [GC231.509: [ParNew: 16186K->1662K(18048K), 0.0007010 secs] 53582K->39057K(57984K), 0.0007290 secs] [Times: user=0.00 sys=0.00, real=0.00 secs] 
231.510: Total time for which application threads were stopped: 0.0008480 seconds, Stopping threads took: 0.0000620 seconds
231.549: Application time: 0.0392500 seconds
231.549: [GC231.549: [ParNew: 17633K->1034K(18048K), 0.0005570 secs] 55028K->38581K(57984K), 0.0005850 secs] [Times: user=0.00 sys=0.00, real=0.00 secs] 
231.550: Total time for which application threads were stopped: 0.0007200 seconds, Stopping threads took: 0.0000780 seconds
231.591: Application time: 0.0405850 seconds
231.591: [GC231.591: [ParNew: 17075K->1578K(18048K), 0.0007040 secs] 54622K->39125K(57984K), 0.0007320 secs] [Times: user=0.01 sys=0.00, real=0.00 secs] 
231.592: Total time for which application threads were stopped: 0.0009040 seconds, Stopping threads took: 0.0001150 seconds
231.631: Application time: 0.0397000 seconds
231.631: [GC231.631: [ParNew: 17544K->1546K(18048K), 0.0006790 secs] 55092K->39165K(57984K), 0.0007090 secs] [Times: user=0.00 sys=0.00, real=0.00 secs] 
231.632: Total time for which application threads were stopped: 0.0008420 seconds, Stopping threads took: 0.0000640 seconds
231.672: Application time: 0.0397050 seconds
231.672: [GC231.672: [ParNew: 17508K->1544K(18048K), 0.0007710 secs] 55128K->39675K(57984K), 0.0008010 secs] [Times: user=0.01 sys=0.00, real=0.00 secs] 
231.673: Total time for which application threads were stopped: 0.0009380 seconds, Stopping threads took: 0.0000770 seconds
231.713: Application time: 0.0406040 seconds
231.713: [GC231.714: [ParNew: 17514K->1544K(18048K), 0.0006600 secs] 55646K->39675K(57984K), 0.0006900 secs] [Times: user=0.00 sys=0.00, real=0.00 secs] 
231.714: Total time for which application threads were stopped: 0.0008290 seconds, Stopping threads took: 0.0000790 seconds
231.752: Application time: 0.0377740 seconds
231.752: [GC231.752: [ParNew: 17589K->1576K(18048K), 0.0007650 secs] 55720K->39707K(57984K), 0.0007920 secs] [Times: user=0.01 sys=0.00, real=0.00 secs] 
231.753: Total time for which application threads were stopped: 0.0010080 seconds, Stopping threads took: 0.0001550 seconds
231.793: Application time: 0.0404490 seconds
231.794: [GC231.794: [ParNew: 17538K->1546K(18048K), 0.0008250 secs] 55670K->40257K(57984K), 0.0008550 secs] [Times: user=0.01 sys=0.00, real=0.00 secs] 
231.794: Total time for which application threads were stopped: 0.0009950 seconds, Stopping threads took: 0.0000770 seconds
231.835: Application time: 0.0403500 seconds
231.835: [GC231.835: [ParNew: 17512K->1546K(18048K), 0.0008630 secs] 56224K->40769K(57984K), 0.0008940 secs] [Times: user=0.00 sys=0.00, real=0.00 secs] 
231.836: Total time for which application threads were stopped: 0.0010370 seconds, Stopping threads took: 0.0000810 seconds
231.875: Application time: 0.0393960 seconds
231.875: [GC231.875: [ParNew: 17161K->1094K(18048K), 0.0004710 secs] 56384K->40317K(57984K), 0.0004970 secs] [Times: user=0.00 sys=0.00, real=0.00 secs] 
231.876: Total time for which application threads were stopped: 0.0006320 seconds, Stopping threads took: 0.0000780 seconds
231.915: Application time: 0.0395600 seconds
231.916: [GC231.916: [ParNew: 17065K->524K(18048K), 0.0003630 secs] 56288K->39851K(57984K), 0.0003900 secs] [Times: user=0.00 sys=0.00, real=0.00 secs] 
231.916: Total time for which application threads were stopped: 0.0005220 seconds, Stopping threads took: 0.0000760 seconds
231.956: Application time: 0.0395950 seconds
231.956: [GC231.956: [ParNew: 16494K->8K(18048K), 0.0002240 secs] 55822K->39335K(57984K), 0.0002500 secs] [Times: user=0.00 sys=0.00, real=0.00 secs] 
231.956: Total time for which application threads were stopped: 0.0003560 seconds, Stopping threads took: 0.0000540 seconds
231.992: Application time: 0.0360430 seconds
231.992: [GC231.992: [ParNew: 15953K->1546K(18048K), 0.0009540 secs]231.993: [Tenured: 40351K->9911K(40452K), 0.0052920 secs] 55281K->9911K(58500K), [Perm : 5181K->5181K(21248K)], 0.0063320 secs] [Times: user=0.01 sys=0.00, real=0.01 secs] 
231.998: Total time for which application threads were stopped: 0.0064670 seconds, Stopping threads took: 0.0000650 seconds
232.039: Application time: 0.0404600 seconds
232.039: [GC232.039: [ParNew: 15966K->1548K(18048K), 0.0010010 secs] 25878K->12483K(57984K), 0.0010330 secs] [Times: user=0.01 sys=0.00, real=0.00 secs] 
232.040: Total time for which application threads were stopped: 0.0012440 seconds, Stopping threads took: 0.0001480 seconds
232.080: Application time: 0.0403620 seconds
232.081: [GC232.081: [ParNew: 17514K->1548K(18048K), 0.0009800 secs] 28450K->13507K(57984K), 0.0010120 secs] [Times: user=0.01 sys=0.00, real=0.00 secs] 
232.082: Total time for which application threads were stopped: 0.0011410 seconds, Stopping threads took: 0.0000660 seconds
232.123: Application time: 0.0413810 seconds
232.123: [GC232.123: [ParNew: 17601K->1066K(18048K), 0.0004760 secs] 29561K->13025K(57984K), 0.0005040 secs] [Times: user=0.00 sys=0.00, real=0.00 secs] 
232.124: Total time for which application threads were stopped: 0.0006160 seconds, Stopping threads took: 0.0000560 seconds
232.161: Application time: 0.0377880 seconds
232.162: [GC232.162: [ParNew: 16743K->1636K(18048K), 0.0006480 secs] 28702K->13660K(57984K), 0.0006760 secs] [Times: user=0.00 sys=0.00, real=0.00 secs] 
232.162: Total time for which application threads were stopped: 0.0009310 seconds, Stopping threads took: 0.0001890 seconds
232.202: Application time: 0.0396360 seconds
232.202: [GC232.202: [ParNew: 17600K->1548K(18048K), 0.0008370 secs] 29624K->14204K(57984K), 0.0008670 secs] [Times: user=0.01 sys=0.00, real=0.00 secs] 
232.203: Total time for which application threads were stopped: 0.0011170 seconds, Stopping threads took: 0.0001860 seconds
232.243: Application time: 0.0403760 seconds
232.244: [GC232.244: [ParNew: 17510K->1548K(18048K), 0.0009380 secs] 30166K->15228K(57984K), 0.0009690 secs] [Times: user=0.01 sys=0.00, real=0.00 secs] 
232.245: Total time for which application threads were stopped: 0.0011050 seconds, Stopping threads took: 0.0000730 seconds
232.284: Application time: 0.0392610 seconds
232.284: [GC232.284: [ParNew: 17593K->1576K(18048K), 0.0010390 secs] 31273K->16280K(57984K), 0.0010710 secs] [Times: user=0.01 sys=0.00, real=0.00 secs] 
232.285: Total time for which application threads were stopped: 0.0012280 seconds, Stopping threads took: 0.0000930 seconds
232.326: Application time: 0.0408400 seconds
232.326: [GC232.326: [ParNew: 17547K->1548K(18048K), 0.0009630 secs] 32251K->16824K(57984K), 0.0009970 secs] [Times: user=0.01 sys=0.00, real=0.00 secs] 
232.327: Total time for which application threads were stopped: 0.0011250 seconds, Stopping threads took: 0.0000590 seconds
232.368: Application time: 0.0413790 seconds
232.369: [GC232.369: [ParNew: 17519K->1546K(18048K), 0.0006310 secs] 32795K->16822K(57984K), 0.0006590 secs] [Times: user=0.01 sys=0.00, real=0.00 secs] 
232.369: Total time for which application threads were stopped: 0.0007750 seconds, Stopping threads took: 0.0000570 seconds
232.410: Application time: 0.0407280 seconds
232.410: [GC232.410: [ParNew: 17595K->1064K(18048K), 0.0005020 secs] 32871K->16340K(57984K), 0.0005300 secs] [Times: user=0.01 sys=0.00, real=0.00 secs] 
232.411: Total time for which application threads were stopped: 0.0006450 seconds, Stopping threads took: 0.0000580 seconds
232.450: Application time: 0.0397950 seconds
232.450: [GC232.450: [ParNew: 17035K->524K(18048K), 0.0003830 secs] 32311K->15872K(57984K), 0.0004190 secs] [Times: user=0.00 sys=0.00, real=0.00 secs] 
232.451: Total time for which application threads were stopped: 0.0005280 seconds, Stopping threads took: 0.0000550 seconds
232.490: Application time: 0.0392610 seconds
232.490: [GC232.490: [ParNew: 16490K->522K(18048K), 0.0003500 secs] 31838K->15870K(57984K), 0.0003750 secs] [Times: user=0.00 sys=0.00, real=0.00 secs] 
232.491: Total time for which application threads were stopped: 0.0004800 seconds, Stopping threads took: 0.0000520 seconds
232.529: Application time: 0.0379550 seconds
232.529: [GC232.529: [ParNew: 16554K->1580K(18048K), 0.0007740 secs] 31902K->17440K(57984K), 0.0008040 secs] [Times: user=0.00 sys=0.00, real=0.00 secs] 
232.530: Total time for which application threads were stopped: 0.0009220 seconds, Stopping threads took: 0.0000560 seconds
232.571: Application time: 0.0413420 seconds
232.571: [GC232.571: [ParNew: 17620K->1580K(18048K), 0.0009870 secs] 33481K->18536K(57984K), 0.0010210 secs] [Times: user=0.01 sys=0.00, real=0.00 secs] 
232.572: Total time for which application threads were stopped: 0.0011600 seconds, Stopping threads took: 0.0000710 seconds
232.615: Application time: 0.0426630 seconds
232.615: [GC232.615: [ParNew: 17546K->1548K(18048K), 0.0009480 secs] 34503K->19584K(57984K), 0.0009830 secs] [Times: user=0.01 sys=0.00, real=0.00 secs] 
232.616: Total time for which application threads were stopped: 0.0011240 seconds, Stopping threads took: 0.0000750 seconds
232.660: Application time: 0.0446450 seconds
232.661: [GC232.661: [ParNew: 17519K->1550K(18048K), 0.0008130 secs] 35555K->20098K(57984K), 0.0008450 secs] [Times: user=0.00 sys=0.00, real=0.00 secs] 
232.661: Total time for which application threads were stopped: 0.0009970 seconds, Stopping threads took: 0.0000880 seconds
232.705: Application time: 0.0437980 seconds
232.705: [GC232.705: [ParNew: 17521K->1548K(18048K), 0.0006000 secs] 36069K->20096K(57984K), 0.0006270 secs] [Times: user=0.00 sys=0.00, real=0.00 secs] 
232.706: Total time for which application threads were stopped: 0.0007700 seconds, Stopping threads took: 0.0000780 seconds
232.750: Application time: 0.0435020 seconds
232.750: [GC232.750: [ParNew: 17510K->1550K(18048K), 0.0007790 secs] 36058K->20610K(57984K), 0.0008110 secs] [Times: user=0.01 sys=0.00, real=0.00 secs] 
232.750: Total time for which application threads were stopped: 0.0009380 seconds, Stopping threads took: 0.0000630 seconds
232.793: Application time: 0.0429040 seconds
232.793: [GC232.794: [ParNew: 17516K->1548K(18048K), 0.0008040 secs] 36577K->21120K(57984K), 0.0008360 secs] [Times: user=0.00 sys=0.00, real=0.00 secs] 
232.794: Total time for which application threads were stopped: 0.0009620 seconds, Stopping threads took: 0.0000620 seconds
232.836: Application time: 0.0418170 seconds
232.836: [GC232.836: [ParNew: 17159K->1604K(18048K), 0.0007460 secs] 36731K->21176K(57984K), 0.0007760 secs] [Times: user=0.00 sys=0.00, real=0.00 secs] 
232.837: Total time for which application threads were stopped: 0.0009750 seconds, Stopping threads took: 0.0001380 seconds
232.880: Application time: 0.0431690 seconds
232.880: [GC232.880: [ParNew: 17215K->1096K(18048K), 0.0005340 secs] 36787K->20764K(57984K), 0.0005630 secs] [Times: user=0.00 sys=0.00, real=0.00 secs] 
232.881: Total time for which application threads were stopped: 0.0006800 seconds, Stopping threads took: 0.0000560 seconds
232.923: Application time: 0.0422600 seconds
232.923: [GC232.923: [ParNew: 17062K->1034K(18048K), 0.0004700 secs] 36731K->20798K(57984K), 0.0004980 secs] [Times: user=0.00 sys=0.00, real=0.00 secs] 
232.924: Total time for which application threads were stopped: 0.0006200 seconds, Stopping threads took: 0.0000640 seconds
232.966: Application time: 0.0419190 seconds
232.966: [GC232.966: [ParNew: 16992K->1546K(18048K), 0.0007790 secs] 36756K->21822K(57984K), 0.0008190 secs] [Times: user=0.01 sys=0.00, real=0.00 secs] 
232.967: Total time for which application threads were stopped: 0.0009400 seconds, Stopping threads took: 0.0000580 seconds
233.009: Application time: 0.0426690 seconds
233.011: [GC233.011: [ParNew: 17589K->1580K(18048K), 0.0007320 secs] 37865K->21856K(57984K), 0.0007600 secs] [Times: user=0.00 sys=0.00, real=0.00 secs] 
233.012: Total time for which application threads were stopped: 0.0024640 seconds, Stopping threads took: 0.0016450 seconds
233.055: Application time: 0.0434820 seconds
233.056: [GC233.056: [ParNew: 17546K->1546K(18048K), 0.0006210 secs] 37823K->21894K(57984K), 0.0006510 secs] [Times: user=0.00 sys=0.00, real=0.00 secs] 
233.056: Total time for which application threads were stopped: 0.0008180 seconds, Stopping threads took: 0.0001030 seconds
233.101: Application time: 0.0447900 seconds
233.101: [GC233.101: [ParNew: 17514K->1546K(18048K), 0.0006110 secs] 37863K->21894K(57984K), 0.0006400 secs] [Times: user=0.00 sys=0.00, real=0.00 secs] 
233.102: Total time for which application threads were stopped: 0.0007630 seconds, Stopping threads took: 0.0000640 seconds
233.146: Application time: 0.0442590 seconds
233.146: [GC233.146: [ParNew: 17595K->1066K(18048K), 0.0004440 secs] 37943K->21414K(57984K), 0.0004720 secs] [Times: user=0.00 sys=0.00, real=0.00 secs] 
233.147: Total time for which application threads were stopped: 0.0006030 seconds, Stopping threads took: 0.0000710 seconds
233.188: Application time: 0.0411180 seconds
233.188: [GC233.188: [ParNew: 17032K->1036K(18048K), 0.0004560 secs] 37381K->21456K(57984K), 0.0004860 secs] [Times: user=0.00 sys=0.00, real=0.00 secs] 
233.188: Total time for which application threads were stopped: 0.0006150 seconds, Stopping threads took: 0.0000660 seconds
233.233: Application time: 0.0445310 seconds
233.233: [GC233.233: [ParNew: 17002K->522K(18048K), 0.0003360 secs] 37423K->20942K(57984K), 0.0003630 secs] [Times: user=0.00 sys=0.00, real=0.00 secs] 
233.233: Total time for which application threads were stopped: 0.0005000 seconds, Stopping threads took: 0.0000710 seconds
233.273: Application time: 0.0392100 seconds
233.273: [GC233.273: [ParNew: 16110K->1608K(18048K), 0.0011480 secs] 36531K->23564K(57984K), 0.0011840 secs] [Times: user=0.01 sys=0.00, real=0.00 secs] 
233.274: Total time for which application threads were stopped: 0.0013330 seconds, Stopping threads took: 0.0000800 seconds
233.318: Application time: 0.0440110 seconds
233.318: [GC233.318: [ParNew: 17579K->1550K(18048K), 0.0009680 secs] 39535K->24626K(57984K), 0.0009990 secs] [Times: user=0.00 sys=0.00, real=0.00 secs] 
233.319: Total time for which application threads were stopped: 0.0011280 seconds, Stopping threads took: 0.0000610 seconds
233.362: Application time: 0.0433290 seconds
233.362: [GC233.363: [ParNew: 17521K->1548K(18048K), 0.0008830 secs] 40597K->25136K(57984K), 0.0009120 secs] [Times: user=0.01 sys=0.00, real=0.00 secs] 
233.363: Total time for which application threads were stopped: 0.0010330 seconds, Stopping threads took: 0.0000610 seconds
233.408: Application time: 0.0441860 seconds
233.408: [GC233.408: [ParNew: 17514K->1546K(18048K), 0.0007600 secs] 41103K->25646K(57984K), 0.0007930 secs] [Times: user=0.00 sys=0.00, real=0.00 secs] 
233.409: Total time for which application threads were stopped: 0.0009190 seconds, Stopping threads took: 0.0000600 seconds
233.452: Application time: 0.0439650 seconds
233.453: [GC233.453: [ParNew: 17517K->1546K(18048K), 0.0005990 secs] 41617K->25646K(57984K), 0.0006290 secs] [Times: user=0.00 sys=0.00, real=0.00 secs] 
233.453: Total time for which application threads were stopped: 0.0007560 seconds, Stopping threads took: 0.0000660 seconds
233.497: Application time: 0.0434250 seconds
233.497: [GC233.497: [ParNew: 17512K->1548K(18048K), 0.0006020 secs] 41613K->25648K(57984K), 0.0006310 secs] [Times: user=0.01 sys=0.00, real=0.01 secs] 
233.497: Total time for which application threads were stopped: 0.0007500 seconds, Stopping threads took: 0.0000580 seconds
233.539: Application time: 0.0416190 seconds
233.539: [GC233.539: [ParNew: 17514K->1546K(18048K), 0.0005910 secs] 41615K->25646K(57984K), 0.0006290 secs] [Times: user=0.00 sys=0.00, real=0.00 secs] 
233.540: Total time for which application threads were stopped: 0.0007590 seconds, Stopping threads took: 0.0000680 seconds
233.584: Application time: 0.0439250 seconds
233.584: [GC233.584: [ParNew: 17157K->1096K(18048K), 0.0004880 secs] 41257K->25196K(57984K), 0.0005150 secs] [Times: user=0.01 sys=0.00, real=0.00 secs] 
233.584: Total time for which application threads were stopped: 0.0006360 seconds, Stopping threads took: 0.0000620 seconds
233.624: Application time: 0.0394700 seconds
233.624: [GC233.624: [ParNew: 16694K->1606K(18048K), 0.0008500 secs] 40795K->26318K(57984K), 0.0008820 secs] [Times: user=0.01 sys=0.00, real=0.00 secs] 
233.625: Total time for which application threads were stopped: 0.0010200 seconds, Stopping threads took: 0.0000740 seconds
233.669: Application time: 0.0441540 seconds
233.669: [GC233.669: [ParNew: 17572K->1548K(18048K), 0.0006500 secs] 42285K->26356K(57984K), 0.0006800 secs] [Times: user=0.01 sys=0.00, real=0.00 secs] 
233.670: Total time for which application threads were stopped: 0.0008580 seconds, Stopping threads took: 0.0001110 seconds
233.715: Application time: 0.0448100 seconds
233.715: [GC233.715: [ParNew: 17599K->1068K(18048K), 0.0004360 secs] 42408K->25877K(57984K), 0.0004650 secs] [Times: user=0.00 sys=0.00, real=0.00 secs] 
233.715: Total time for which application threads were stopped: 0.0005860 seconds, Stopping threads took: 0.0000630 seconds
233.757: Application time: 0.0413500 seconds
233.757: [GC233.757: [ParNew: 17030K->1548K(18048K), 0.0006130 secs] 41839K->26428K(57984K), 0.0006420 secs] [Times: user=0.00 sys=0.00, real=0.01 secs] 
233.757: Total time for which application threads were stopped: 0.0007750 seconds, Stopping threads took: 0.0000630 seconds
233.799: Application time: 0.0415350 seconds
233.799: [GC233.799: [ParNew: 17502K->1550K(18048K), 0.0012030 secs] 42383K->27967K(57984K), 0.0012360 secs] [Times: user=0.01 sys=0.00, real=0.00 secs] 
233.800: Total time for which application threads were stopped: 0.0013720 seconds, Stopping threads took: 0.0000690 seconds
233.844: Application time: 0.0433950 seconds
233.844: [GC233.844: [ParNew: 17523K->1544K(18048K), 0.0007700 secs] 43939K->28473K(57984K), 0.0007980 secs] [Times: user=0.00 sys=0.00, real=0.00 secs] 
233.845: Total time for which application threads were stopped: 0.0010050 seconds, Stopping threads took: 0.0001440 seconds
233.889: Application time: 0.0439820 seconds
233.889: [GC233.889: [ParNew: 17595K->1064K(18048K), 0.0004670 secs] 44523K->27993K(57984K), 0.0004950 secs] [Times: user=0.00 sys=0.00, real=0.00 secs] 
233.889: Total time for which application threads were stopped: 0.0007380 seconds, Stopping threads took: 0.0001840 seconds
233.932: Application time: 0.0427250 seconds
233.932: [GC233.932: [ParNew: 17030K->1034K(18048K), 0.0005400 secs] 43959K->28019K(57984K), 0.0005700 secs] [Times: user=0.01 sys=0.00, real=0.00 secs] 
233.933: Total time for which application threads were stopped: 0.0007010 seconds, Stopping threads took: 0.0000710 seconds
233.974: Application time: 0.0415840 seconds
233.975: [GC233.975: [ParNew: 17070K->1578K(18048K), 0.0007700 secs] 44055K->29075K(57984K), 0.0008010 secs] [Times: user=0.00 sys=0.00, real=0.00 secs] 
233.975: Total time for which application threads were stopped: 0.0009390 seconds, Stopping threads took: 0.0000750 seconds
234.019: Application time: 0.0438920 seconds
234.019: [GC234.019: [ParNew: 17623K->1578K(18048K), 0.0008170 secs] 45120K->29643K(57984K), 0.0008470 secs] [Times: user=0.01 sys=0.00, real=0.00 secs] 
234.020: Total time for which application threads were stopped: 0.0009790 seconds, Stopping threads took: 0.0000680 seconds
234.063: Application time: 0.0425180 seconds
234.063: [GC234.063: [ParNew: 17544K->1546K(18048K), 0.0008170 secs] 45609K->30203K(57984K), 0.0008470 secs] [Times: user=0.01 sys=0.00, real=0.00 secs] 
234.064: Total time for which application threads were stopped: 0.0009700 seconds, Stopping threads took: 0.0000590 seconds
234.106: Application time: 0.0426460 seconds
234.107: [GC234.107: [ParNew: 17517K->1546K(18048K), 0.0005900 secs] 46174K->30203K(57984K), 0.0006280 secs] [Times: user=0.01 sys=0.00, real=0.00 secs] 
234.107: Total time for which application threads were stopped: 0.0007440 seconds, Stopping threads took: 0.0000530 seconds
234.151: Application time: 0.0437680 seconds
234.151: [GC234.151: [ParNew: 17514K->1034K(18048K), 0.0005830 secs] 46171K->29691K(57984K), 0.0006130 secs] [Times: user=0.00 sys=0.00, real=0.00 secs] 
234.152: Total time for which application threads were stopped: 0.0007290 seconds, Stopping threads took: 0.0000550 seconds
234.194: Application time: 0.0419180 seconds
234.194: [GC234.194: [ParNew: 17000K->1034K(18048K), 0.0004540 secs] 45657K->29691K(57984K), 0.0004830 secs] [Times: user=0.00 sys=0.00, real=0.00 secs] 
234.194: Total time for which application threads were stopped: 0.0007300 seconds, Stopping threads took: 0.0001860 seconds
234.236: Application time: 0.0420630 seconds
234.237: [GC234.237: [ParNew: 16992K->1544K(18048K), 0.0007800 secs] 45649K->30713K(57984K), 0.0008110 secs] [Times: user=0.00 sys=0.00, real=0.01 secs] 
234.237: Total time for which application threads were stopped: 0.0009640 seconds, Stopping threads took: 0.0000900 seconds
234.279: Application time: 0.0414520 seconds
234.279: [GC234.279: [ParNew: 17159K->1094K(18048K), 0.0004620 secs] 46328K->30263K(57984K), 0.0004900 secs] [Times: user=0.01 sys=0.00, real=0.00 secs] 
234.280: Total time for which application threads were stopped: 0.0007080 seconds, Stopping threads took: 0.0001500 seconds
234.322: Application time: 0.0424180 seconds
234.322: [GC234.322: [ParNew: 16701K->1096K(18048K), 0.0005090 secs] 45870K->30365K(57984K), 0.0005360 secs] [Times: user=0.00 sys=0.00, real=0.00 secs] 
234.323: Total time for which application threads were stopped: 0.0006680 seconds, Stopping threads took: 0.0000700 seconds
234.363: Application time: 0.0399880 seconds
234.363: [GC234.363: [ParNew: 17050K->1548K(18048K), 0.0009730 secs] 46319K->31953K(57984K), 0.0010070 secs] [Times: user=0.01 sys=0.00, real=0.00 secs] 
234.364: Total time for which application threads were stopped: 0.0011410 seconds, Stopping threads took: 0.0000680 seconds
234.408: Application time: 0.0440990 seconds
234.408: [GC234.408: [ParNew: 17521K->1546K(18048K), 0.0006430 secs] 47926K->31951K(57984K), 0.0006710 secs] [Times: user=0.01 sys=0.00, real=0.00 secs] 
234.409: Total time for which application threads were stopped: 0.0009350 seconds, Stopping threads took: 0.0002050 seconds
234.451: Application time: 0.0422370 seconds
234.451: [GC234.451: [ParNew: 17587K->1576K(18048K), 0.0007690 secs] 47992K->32493K(57984K), 0.0008010 secs] [Times: user=0.01 sys=0.00, real=0.00 secs] 
234.452: Total time for which application threads were stopped: 0.0009550 seconds, Stopping threads took: 0.0000870 seconds
234.494: Application time: 0.0420740 seconds
234.494: [GC234.494: [ParNew: 17542K->1548K(18048K), 0.0008500 secs] 48460K->33041K(57984K), 0.0008810 secs] [Times: user=0.00 sys=0.00, real=0.00 secs] 
234.495: Total time for which application threads were stopped: 0.0010080 seconds, Stopping threads took: 0.0000660 seconds
234.539: Application time: 0.0442360 seconds
234.539: [GC234.539: [ParNew: 17516K->1544K(18048K), 0.0007250 secs] 49010K->33037K(57984K), 0.0007540 secs] [Times: user=0.00 sys=0.00, real=0.00 secs] 
234.540: Total time for which application threads were stopped: 0.0008790 seconds, Stopping threads took: 0.0000640 seconds
234.584: Application time: 0.0438410 seconds
234.584: [GC234.584: [ParNew: 17514K->1032K(18048K), 0.0004630 secs] 49008K->32525K(57984K), 0.0004910 secs] [Times: user=0.00 sys=0.00, real=0.00 secs] 
234.585: Total time for which application threads were stopped: 0.0006210 seconds, Stopping threads took: 0.0000690 seconds
234.627: Application time: 0.0422160 seconds
234.627: [GC234.627: [ParNew: 17076K->1064K(18048K), 0.0005630 secs] 48570K->32557K(57984K), 0.0005890 secs] [Times: user=0.01 sys=0.00, real=0.00 secs] 
234.628: Total time for which application threads were stopped: 0.0007410 seconds, Stopping threads took: 0.0000820 seconds
234.669: Application time: 0.0416790 seconds
234.669: [GC234.669: [ParNew: 17105K->1576K(18048K), 0.0007460 secs] 48598K->33125K(57984K), 0.0007760 secs] [Times: user=0.00 sys=0.00, real=0.00 secs] 
234.670: Total time for which application threads were stopped: 0.0009080 seconds, Stopping threads took: 0.0000690 seconds
234.713: Application time: 0.0425480 seconds
234.713: [GC234.713: [ParNew: 17616K->1578K(18048K), 0.0008390 secs] 49166K->33703K(57984K), 0.0008700 secs] [Times: user=0.01 sys=0.00, real=0.00 secs] 
234.714: Total time for which application threads were stopped: 0.0010160 seconds, Stopping threads took: 0.0000820 seconds
234.757: Application time: 0.0435310 seconds
234.757: [GC234.757: [ParNew: 17540K->1548K(18048K), 0.0009710 secs] 49666K->34761K(57984K), 0.0010060 secs] [Times: user=0.01 sys=0.00, real=0.00 secs] 
234.758: Total time for which application threads were stopped: 0.0011300 seconds, Stopping threads took: 0.0000580 seconds
234.802: Application time: 0.0432070 seconds
234.802: [GC234.802: [ParNew: 17519K->1548K(18048K), 0.0007740 secs] 50732K->35273K(57984K), 0.0008050 secs] [Times: user=0.01 sys=0.00, real=0.00 secs] 
234.803: Total time for which application threads were stopped: 0.0009390 seconds, Stopping threads took: 0.0000600 seconds
234.847: Application time: 0.0439410 seconds
234.847: [GC234.847: [ParNew: 17519K->1546K(18048K), 0.0006070 secs] 51244K->35271K(57984K), 0.0006340 secs] [Times: user=0.00 sys=0.00, real=0.00 secs] 
234.847: Total time for which application threads were stopped: 0.0007590 seconds, Stopping threads took: 0.0000660 seconds
234.891: Application time: 0.0435360 seconds
234.891: [GC234.891: [ParNew: 17516K->1034K(18048K), 0.0004620 secs] 51242K->34759K(57984K), 0.0004900 secs] [Times: user=0.01 sys=0.00, real=0.00 secs] 
234.891: Total time for which application threads were stopped: 0.0006130 seconds, Stopping threads took: 0.0000640 seconds
234.936: Application time: 0.0442750 seconds
234.936: [GC234.936: [ParNew: 17002K->522K(18048K), 0.0003220 secs] 50728K->34247K(57984K), 0.0003480 secs] [Times: user=0.00 sys=0.00, real=0.00 secs] 
234.936: Total time for which application threads were stopped: 0.0004650 seconds, Stopping threads took: 0.0000630 seconds
234.979: Application time: 0.0431670 seconds
234.981: [GC234.981: [ParNew: 16488K->518K(18048K), 0.0003390 secs] 50214K->34243K(57984K), 0.0003650 secs] [Times: user=0.01 sys=0.00, real=0.00 secs] 
234.982: Total time for which application threads were stopped: 0.0022970 seconds, Stopping threads took: 0.0018760 seconds
235.020: Application time: 0.0379910 seconds
235.020: [GC235.020: [ParNew: 16104K->1608K(18048K), 0.0011580 secs] 49829K->36869K(57984K), 0.0011930 secs] [Times: user=0.01 sys=0.00, real=0.00 secs] 
235.021: Total time for which application threads were stopped: 0.0013470 seconds, Stopping threads took: 0.0000840 seconds
235.062: Application time: 0.0414880 seconds
235.063: [GC235.063: [ParNew: 17219K->1606K(18048K), 0.0010470 secs] 52481K->37995K(57984K), 0.0010780 secs] [Times: user=0.01 sys=0.00, real=0.00 secs] 
235.064: Total time for which application threads were stopped: 0.0012040 seconds, Stopping threads took: 0.0000600 seconds
235.107: Application time: 0.0437010 seconds
235.107: [GC235.107: [ParNew: 17573K->1548K(18048K), 0.0009530 secs] 53962K->39065K(57984K), 0.0009840 secs] [Times: user=0.00 sys=0.00, real=0.00 secs] 
235.108: Total time for which application threads were stopped: 0.0011100 seconds, Stopping threads took: 0.0000610 seconds
235.153: Application time: 0.0445470 seconds
235.153: [GC235.153: [ParNew: 17519K->1544K(18048K), 0.0007790 secs] 55036K->39573K(57984K), 0.0008100 secs] [Times: user=0.01 sys=0.00, real=0.00 secs] 
235.154: Total time for which application threads were stopped: 0.0009630 seconds, Stopping threads took: 0.0000820 seconds
235.196: Application time: 0.0423160 seconds
235.196: [GC235.196: [ParNew: 17589K->1576K(18048K), 0.0009020 secs] 55618K->40117K(57984K), 0.0009420 secs] [Times: user=0.01 sys=0.00, real=0.01 secs] 
235.197: Total time for which application threads were stopped: 0.0010750 seconds, Stopping threads took: 0.0000700 seconds
235.242: Application time: 0.0446230 seconds
235.242: [GC235.242: [ParNew: 17547K->1548K(18048K), 0.0006900 secs] 56088K->40153K(57984K), 0.0007210 secs] [Times: user=0.01 sys=0.00, real=0.00 secs] 
235.243: Total time for which application threads were stopped: 0.0008440 seconds, Stopping threads took: 0.0000600 seconds
235.286: Application time: 0.0433130 seconds
235.286: [GC235.286: [ParNew: 17510K->1548K(18048K), 0.0007730 secs] 56116K->40665K(57984K), 0.0008040 secs] [Times: user=0.01 sys=0.00, real=0.00 secs] 
235.287: Total time for which application threads were stopped: 0.0009420 seconds, Stopping threads took: 0.0000740 seconds
235.328: Application time: 0.0413050 seconds
235.329: [GC235.329: [ParNew: 17584K->1580K(18048K), 0.0011660 secs]235.330: [Tenured: 40653K->10601K(40960K), 0.0056190 secs] 56702K->10601K(59008K), [Perm : 5181K->5181K(21248K)], 0.0068960 secs] [Times: user=0.00 sys=0.01, real=0.00 secs] 
235.335: Total time for which application threads were stopped: 0.0070440 seconds, Stopping threads took: 0.0000640 seconds
235.381: Application time: 0.0453830 seconds
235.381: [GC235.381: [ParNew: 16049K->1576K(18048K), 0.0010750 secs] 26650K->13201K(57984K), 0.0011130 secs] [Times: user=0.00 sys=0.00, real=0.00 secs] 
235.382: Total time for which application threads were stopped: 0.0012810 seconds, Stopping threads took: 0.0001000 seconds
235.424: Application time: 0.0421520 seconds
235.424: [GC235.424: [ParNew: 17547K->1546K(18048K), 0.0008070 secs] 29172K->13763K(57984K), 0.0008370 secs] [Times: user=0.00 sys=0.00, real=0.01 secs] 
235.425: Total time for which application threads were stopped: 0.0009750 seconds, Stopping threads took: 0.0000760 seconds
235.470: Application time: 0.0444930 seconds
235.470: [GC235.470: [ParNew: 17597K->1066K(18048K), 0.0004450 secs] 29814K->13283K(57984K), 0.0004740 secs] [Times: user=0.00 sys=0.00, real=0.00 secs] 
235.470: Total time for which application threads were stopped: 0.0005930 seconds, Stopping threads took: 0.0000600 seconds
235.514: Application time: 0.0432350 seconds
235.514: [GC235.514: [ParNew: 17037K->524K(18048K), 0.0003130 secs] 29254K->12813K(57984K), 0.0003390 secs] [Times: user=0.00 sys=0.00, real=0.00 secs] 
235.514: Total time for which application threads were stopped: 0.0005540 seconds, Stopping threads took: 0.0001590 seconds
235.559: Application time: 0.0447220 seconds
235.559: [GC235.559: [ParNew: 16490K->518K(18048K), 0.0003480 secs] 28779K->12807K(57984K), 0.0003750 secs] [Times: user=0.00 sys=0.00, real=0.00 secs] 
235.559: Total time for which application threads were stopped: 0.0004840 seconds, Stopping threads took: 0.0000540 seconds
235.599: Application time: 0.0397280 seconds
235.599: [GC235.599: [ParNew: 16472K->1546K(18048K), 0.0007900 secs] 28761K->14347K(57984K), 0.0008220 secs] [Times: user=0.01 sys=0.00, real=0.00 secs] 
235.600: Total time for which application threads were stopped: 0.0009460 seconds, Stopping threads took: 0.0000590 seconds
235.642: Application time: 0.0421230 seconds
235.642: [GC235.642: [ParNew: 17508K->1548K(18048K), 0.0009680 secs] 30309K->15373K(57984K), 0.0010010 secs] [Times: user=0.01 sys=0.00, real=0.00 secs] 
235.643: Total time for which application threads were stopped: 0.0011340 seconds, Stopping threads took: 0.0000660 seconds
235.687: Application time: 0.0440720 seconds
235.687: [GC235.688: [ParNew: 17519K->1548K(18048K), 0.0007630 secs] 31344K->15885K(57984K), 0.0007920 secs] [Times: user=0.01 sys=0.00, real=0.00 secs] 
235.688: Total time for which application threads were stopped: 0.0009290 seconds, Stopping threads took: 0.0000730 seconds
235.733: Application time: 0.0445420 seconds
235.733: [GC235.733: [ParNew: 17519K->1546K(18048K), 0.0006330 secs] 31856K->15883K(57984K), 0.0006590 secs] [Times: user=0.00 sys=0.00, real=0.00 secs] 
235.734: Total time for which application threads were stopped: 0.0007920 seconds, Stopping threads took: 0.0000620 seconds
235.775: Application time: 0.0418270 seconds
235.776: [GC235.776: [ParNew: 17157K->1096K(18048K), 0.0004850 secs] 31494K->15433K(57984K), 0.0005140 secs] [Times: user=0.00 sys=0.00, real=0.00 secs] 
235.776: Total time for which application threads were stopped: 0.0006340 seconds, Stopping threads took: 0.0000600 seconds
235.817: Application time: 0.0407830 seconds
235.817: [GC235.817: [ParNew: 16694K->1606K(18048K), 0.0006470 secs] 31032K->16047K(57984K), 0.0006770 secs] [Times: user=0.00 sys=0.00, real=0.01 secs] 
235.818: Total time for which application threads were stopped: 0.0008390 seconds, Stopping threads took: 0.0001000 seconds
235.859: Application time: 0.0414850 seconds
235.859: [GC235.859: [ParNew: 17570K->1548K(18048K), 0.0008140 secs] 32012K->16605K(57984K), 0.0008440 secs] [Times: user=0.00 sys=0.00, real=0.00 secs] 
235.860: Total time for which application threads were stopped: 0.0011060 seconds, Stopping threads took: 0.0001890 seconds
235.903: Application time: 0.0429940 seconds
235.903: [GC235.903: [ParNew: 17592K->1578K(18048K), 0.0007810 secs] 32650K->17147K(57984K), 0.0008120 secs] [Times: user=0.00 sys=0.00, real=0.00 secs] 
235.904: Total time for which application threads were stopped: 0.0009350 seconds, Stopping threads took: 0.0000580 seconds
235.949: Application time: 0.0443390 seconds
235.949: [GC235.949: [ParNew: 17544K->1548K(18048K), 0.0007840 secs] 33114K->17685K(57984K), 0.0008150 secs] [Times: user=0.00 sys=0.00, real=0.00 secs] 
235.950: Total time for which application threads were stopped: 0.0009730 seconds, Stopping threads took: 0.0000940 seconds
235.991: Application time: 0.0412790 seconds
235.991: [GC235.991: [ParNew: 17514K->1548K(18048K), 0.0008480 secs] 33652K->18197K(57984K), 0.0008780 secs] [Times: user=0.01 sys=0.00, real=0.00 secs] 
235.992: Total time for which application threads were stopped: 0.0010030 seconds, Stopping threads took: 0.0000630 seconds
236.036: Application time: 0.0446060 seconds
236.037: [GC236.037: [ParNew: 17514K->1546K(18048K), 0.0006790 secs] 34164K->18195K(57984K), 0.0007040 secs] [Times: user=0.00 sys=0.00, real=0.01 secs] 
236.037: Total time for which application threads were stopped: 0.0008690 seconds, Stopping threads took: 0.0001090 seconds
236.079: Application time: 0.0415520 seconds
236.079: [GC236.079: [ParNew: 17151K->1606K(18048K), 0.0008370 secs] 33800K->18767K(57984K), 0.0008680 secs] [Times: user=0.01 sys=0.00, real=0.00 secs] 
236.080: Total time for which application threads were stopped: 0.0009920 seconds, Stopping threads took: 0.0000570 seconds
236.122: Application time: 0.0425490 seconds
236.123: [GC236.123: [ParNew: 17572K->1548K(18048K), 0.0008660 secs] 34734K->19309K(57984K), 0.0008960 secs] [Times: user=0.00 sys=0.00, real=0.00 secs] 
236.123: Total time for which application threads were stopped: 0.0010490 seconds, Stopping threads took: 0.0000890 seconds
236.168: Application time: 0.0445700 seconds
236.168: [GC236.168: [ParNew: 17519K->1542K(18048K), 0.0006900 secs] 35280K->19303K(57984K), 0.0007220 secs] [Times: user=0.00 sys=0.00, real=0.00 secs] 
236.169: Total time for which application threads were stopped: 0.0008430 seconds, Stopping threads took: 0.0000590 seconds
236.211: Application time: 0.0423480 seconds
236.211: [GC236.211: [ParNew: 17586K->1574K(18048K), 0.0007290 secs] 35348K->19335K(57984K), 0.0007610 secs] [Times: user=0.01 sys=0.00, real=0.00 secs] 
236.212: Total time for which application threads were stopped: 0.0008890 seconds, Stopping threads took: 0.0000660 seconds
236.256: Application time: 0.0437470 seconds
236.256: [GC236.256: [ParNew: 17540K->1546K(18048K), 0.0005980 secs] 35302K->19371K(57984K), 0.0006290 secs] [Times: user=0.00 sys=0.00, real=0.00 secs] 
236.257: Total time for which application threads were stopped: 0.0007740 seconds, Stopping threads took: 0.0000840 seconds
236.300: Application time: 0.0430040 seconds
236.300: [GC236.300: [ParNew: 17519K->520K(18048K), 0.0004020 secs] 35344K->18345K(57984K), 0.0004380 secs] [Times: user=0.00 sys=0.00, real=0.00 secs] 
236.300: Total time for which application threads were stopped: 0.0006010 seconds, Stopping threads took: 0.0001060 seconds
236.343: Application time: 0.0422370 seconds
236.343: [GC236.343: [ParNew: 16482K->1032K(18048K), 0.0004520 secs] 34308K->18857K(57984K), 0.0004810 secs] [Times: user=0.00 sys=0.00, real=0.00 secs] 
236.343: Total time for which application threads were stopped: 0.0005920 seconds, Stopping threads took: 0.0000540 seconds
236.385: Application time: 0.0422010 seconds
236.385: [GC236.385: [ParNew: 16994K->1034K(18048K), 0.0004810 secs] 34820K->18859K(57984K), 0.0005180 secs] [Times: user=0.00 sys=0.00, real=0.00 secs] 
236.386: Total time for which application threads were stopped: 0.0006960 seconds, Stopping threads took: 0.0001090 seconds
236.426: Application time: 0.0404620 seconds
236.427: [GC236.427: [ParNew: 16986K->1550K(18048K), 0.0011640 secs] 34811K->20911K(57984K), 0.0011980 secs] [Times: user=0.01 sys=0.00, real=0.00 secs] 
236.428: Total time for which application threads were stopped: 0.0013580 seconds, Stopping threads took: 0.0000930 seconds
236.472: Application time: 0.0441000 seconds
236.472: [GC236.472: [ParNew: 17599K->1580K(18048K), 0.0009540 secs] 36960K->21965K(57984K), 0.0009900 secs] [Times: user=0.00 sys=0.00, real=0.00 secs] 
236.473: Total time for which application threads were stopped: 0.0012190 seconds, Stopping threads took: 0.0001620 seconds
236.517: Application time: 0.0437390 seconds
236.517: [GC236.517: [ParNew: 17193K->1606K(18048K), 0.0006380 secs] 37578K->22063K(57984K), 0.0006670 secs] [Times: user=0.01 sys=0.00, real=0.01 secs] 
236.518: Total time for which application threads were stopped: 0.0007950 seconds, Stopping threads took: 0.0000660 seconds
236.558: Application time: 0.0405880 seconds
236.558: [GC236.558: [ParNew: 17655K->1066K(18048K), 0.0004910 secs] 38113K->21635K(57984K), 0.0005200 secs] [Times: user=0.01 sys=0.00, real=0.00 secs] 
236.559: Total time for which application threads were stopped: 0.0006370 seconds, Stopping threads took: 0.0000570 seconds
236.599: Application time: 0.0397360 seconds
236.599: [GC236.599: [ParNew: 17028K->1548K(18048K), 0.0006570 secs] 37598K->22173K(57984K), 0.0006870 secs] [Times: user=0.00 sys=0.00, real=0.00 secs] 
236.599: Total time for which application threads were stopped: 0.0008080 seconds, Stopping threads took: 0.0000600 seconds
236.638: Application time: 0.0389370 seconds
236.639: [GC236.639: [ParNew: 17584K->1578K(18048K), 0.0009780 secs] 38210K->23228K(57984K), 0.0010120 secs] [Times: user=0.00 sys=0.00, real=0.00 secs] 
236.640: Total time for which application threads were stopped: 0.0011350 seconds, Stopping threads took: 0.0000570 seconds
236.679: Application time: 0.0396910 seconds
236.679: [GC236.679: [ParNew: 17549K->1548K(18048K), 0.0008050 secs] 39198K->23774K(57984K), 0.0008330 secs] [Times: user=0.01 sys=0.00, real=0.00 secs] 
236.680: Total time for which application threads were stopped: 0.0009640 seconds, Stopping threads took: 0.0000690 seconds
236.720: Application time: 0.0394610 seconds
236.720: [GC236.720: [ParNew: 17510K->1548K(18048K), 0.0009840 secs] 39736K->24798K(57984K), 0.0010150 secs] [Times: user=0.01 sys=0.00, real=0.00 secs] 
236.721: Total time for which application threads were stopped: 0.0011690 seconds, Stopping threads took: 0.0000900 seconds
236.762: Application time: 0.0407750 seconds
236.762: [GC236.762: [ParNew: 17597K->1580K(18048K), 0.0008080 secs] 40847K->25342K(57984K), 0.0008390 secs] [Times: user=0.01 sys=0.00, real=0.00 secs] 
236.763: Total time for which application threads were stopped: 0.0009590 seconds, Stopping threads took: 0.0000590 seconds
236.802: Application time: 0.0396440 seconds
236.802: [GC236.802: [ParNew: 17627K->1062K(18048K), 0.0005550 secs] 41389K->24896K(57984K), 0.0005800 secs] [Times: user=0.01 sys=0.00, real=0.00 secs] 
236.803: Total time for which application threads were stopped: 0.0007760 seconds, Stopping threads took: 0.0001370 seconds
236.844: Application time: 0.0405820 seconds
236.844: [GC236.844: [ParNew: 17030K->1030K(18048K), 0.0004560 secs] 40864K->24936K(57984K), 0.0004920 secs] [Times: user=0.01 sys=0.00, real=0.00 secs] 
236.844: Total time for which application threads were stopped: 0.0006190 seconds, Stopping threads took: 0.0000680 seconds
236.884: Application time: 0.0396920 seconds
236.884: [GC236.884: [ParNew: 17075K->1066K(18048K), 0.0004960 secs] 40981K->24972K(57984K), 0.0005240 secs] [Times: user=0.01 sys=0.00, real=0.00 secs] 
236.885: Total time for which application threads were stopped: 0.0006460 seconds, Stopping threads took: 0.0000640 seconds
236.923: Application time: 0.0386060 seconds
236.923: [GC236.923: [ParNew: 17028K->1546K(18048K), 0.0006740 secs] 40934K->25516K(57984K), 0.0007040 secs] [Times: user=0.01 sys=0.00, real=0.00 secs] 
236.924: Total time for which application threads were stopped: 0.0008450 seconds, Stopping threads took: 0.0000690 seconds
236.964: Application time: 0.0403160 seconds
236.964: [GC236.965: [ParNew: 17508K->1548K(18048K), 0.0006020 secs] 41478K->25518K(57984K), 0.0006290 secs] [Times: user=0.01 sys=0.00, real=0.00 secs] 
236.965: Total time for which application threads were stopped: 0.0008190 seconds, Stopping threads took: 0.0001290 seconds
237.003: Application time: 0.0376800 seconds
237.003: [GC237.003: [ParNew: 17512K->1546K(18048K), 0.0008470 secs] 41482K->26028K(57984K), 0.0008760 secs] [Times: user=0.00 sys=0.00, real=0.00 secs] 
237.004: Total time for which application threads were stopped: 0.0010190 seconds, Stopping threads took: 0.0000840 seconds
237.044: Application time: 0.0403960 seconds
237.044: [GC237.044: [ParNew: 17512K->1546K(18048K), 0.0007730 secs] 41994K->26540K(57984K), 0.0008040 secs] [Times: user=0.00 sys=0.00, real=0.00 secs] 
237.045: Total time for which application threads were stopped: 0.0009380 seconds, Stopping threads took: 0.0000620 seconds
237.086: Application time: 0.0406410 seconds
237.086: [GC237.086: [ParNew: 17519K->1034K(18048K), 0.0004460 secs] 42513K->26028K(57984K), 0.0004740 secs] [Times: user=0.00 sys=0.00, real=0.00 secs] 
237.087: Total time for which application threads were stopped: 0.0006820 seconds, Stopping threads took: 0.0001530 seconds
237.125: Application time: 0.0380340 seconds
237.125: [GC237.125: [ParNew: 17066K->1578K(18048K), 0.0009420 secs] 42060K->27596K(57984K), 0.0009770 secs] [Times: user=0.01 sys=0.00, real=0.01 secs] 
237.126: Total time for which application threads were stopped: 0.0011170 seconds, Stopping threads took: 0.0000750 seconds
237.165: Application time: 0.0398100 seconds
237.166: [GC237.166: [ParNew: 17621K->1578K(18048K), 0.0009610 secs] 43639K->28684K(57984K), 0.0009910 secs] [Times: user=0.00 sys=0.00, real=0.00 secs] 
237.167: Total time for which application threads were stopped: 0.0011150 seconds, Stopping threads took: 0.0000590 seconds
237.205: Application time: 0.0386350 seconds
237.205: [GC237.205: [ParNew: 17189K->1608K(18048K), 0.0008420 secs] 44295K->29290K(57984K), 0.0008730 secs] [Times: user=0.01 sys=0.00, real=0.00 secs] 
237.206: Total time for which application threads were stopped: 0.0010170 seconds, Stopping threads took: 0.0000830 seconds
237.248: Application time: 0.0413390 seconds
237.248: [GC237.248: [ParNew: 17577K->1546K(18048K), 0.0006090 secs] 45259K->29340K(57984K), 0.0006370 secs] [Times: user=0.00 sys=0.00, real=0.00 secs] 
237.248: Total time for which application threads were stopped: 0.0007670 seconds, Stopping threads took: 0.0000710 seconds
237.288: Application time: 0.0401110 seconds
237.289: [GC237.289: [ParNew: 17516K->1036K(18048K), 0.0004610 secs] 45311K->28830K(57984K), 0.0004870 secs] [Times: user=0.01 sys=0.00, real=0.00 secs] 
237.289: Total time for which application threads were stopped: 0.0006180 seconds, Stopping threads took: 0.0000720 seconds
237.329: Application time: 0.0400120 seconds
237.329: [GC237.329: [ParNew: 17076K->1576K(18048K), 0.0006870 secs] 44871K->29370K(57984K), 0.0007160 secs] [Times: user=0.00 sys=0.00, real=0.00 secs] 
237.330: Total time for which application threads were stopped: 0.0008690 seconds, Stopping threads took: 0.0000820 seconds
237.370: Application time: 0.0398340 seconds
237.370: [GC237.370: [ParNew: 17542K->1544K(18048K), 0.0006090 secs] 45337K->29410K(57984K), 0.0006380 secs] [Times: user=0.00 sys=0.00, real=0.00 secs] 
237.371: Total time for which application threads were stopped: 0.0007720 seconds, Stopping threads took: 0.0000710 seconds
237.409: Application time: 0.0384460 seconds
237.409: [GC237.409: [ParNew: 17589K->1578K(18048K), 0.0006790 secs] 45455K->29444K(57984K), 0.0007110 secs] [Times: user=0.00 sys=0.00, real=0.00 secs] 
237.410: Total time for which application threads were stopped: 0.0008420 seconds, Stopping threads took: 0.0000680 seconds
237.451: Application time: 0.0412290 seconds
237.451: [GC237.451: [ParNew: 17549K->1034K(18048K), 0.0004580 secs] 45415K->28972K(57984K), 0.0004840 secs] [Times: user=0.01 sys=0.00, real=0.00 secs] 
237.452: Total time for which application threads were stopped: 0.0006020 seconds, Stopping threads took: 0.0000540 seconds
237.490: Application time: 0.0386490 seconds
237.490: [GC237.490: [ParNew: 17074K->1578K(18048K), 0.0006390 secs] 45013K->29516K(57984K), 0.0006680 secs] [Times: user=0.00 sys=0.00, real=0.00 secs] 
237.491: Total time for which application threads were stopped: 0.0007990 seconds, Stopping threads took: 0.0000710 seconds
237.531: Application time: 0.0399290 seconds
237.531: [GC237.531: [ParNew: 17549K->1034K(18048K), 0.0004810 secs] 45487K->29044K(57984K), 0.0005080 secs] [Times: user=0.00 sys=0.00, real=0.00 secs] 
237.532: Total time for which application threads were stopped: 0.0006520 seconds, Stopping threads took: 0.0000850 seconds
237.571: Application time: 0.0393420 seconds
237.571: [GC237.571: [ParNew: 17070K->1578K(18048K), 0.0008020 secs] 45080K->30100K(57984K), 0.0008340 secs] [Times: user=0.00 sys=0.00, real=0.00 secs] 
237.572: Total time for which application threads were stopped: 0.0009740 seconds, Stopping threads took: 0.0000750 seconds
237.613: Application time: 0.0405140 seconds
237.613: [GC237.613: [ParNew: 17549K->1546K(18048K), 0.0006060 secs] 46071K->30140K(57984K), 0.0006360 secs] [Times: user=0.00 sys=0.00, real=0.00 secs] 
237.613: Total time for which application threads were stopped: 0.0007650 seconds, Stopping threads took: 0.0000680 seconds
237.652: Application time: 0.0391430 seconds
237.653: [GC237.653: [ParNew: 17512K->1546K(18048K), 0.0006090 secs] 46107K->30140K(57984K), 0.0006390 secs] [Times: user=0.00 sys=0.01, real=0.00 secs] 
237.653: Total time for which application threads were stopped: 0.0007640 seconds, Stopping threads took: 0.0000670 seconds
237.694: Application time: 0.0403290 seconds
237.694: [GC237.694: [ParNew: 17516K->1034K(18048K), 0.0004350 secs] 46111K->29628K(57984K), 0.0004630 secs] [Times: user=0.01 sys=0.00, real=0.00 secs] 
237.694: Total time for which application threads were stopped: 0.0005820 seconds, Stopping threads took: 0.0000620 seconds
237.734: Application time: 0.0394610 seconds
237.734: [GC237.734: [ParNew: 17000K->1034K(18048K), 0.0004420 secs] 45595K->29628K(57984K), 0.0004690 secs] [Times: user=0.01 sys=0.00, real=0.00 secs] 
237.734: Total time for which application threads were stopped: 0.0006050 seconds, Stopping threads took: 0.0000770 seconds
237.774: Application time: 0.0394700 seconds
237.774: [GC237.774: [ParNew: 16988K->1546K(18048K), 0.0009290 secs] 45582K->31164K(57984K), 0.0009590 secs] [Times: user=0.01 sys=0.00, real=0.00 secs] 
237.775: Total time for which application threads were stopped: 0.0010940 seconds, Stopping threads took: 0.0000720 seconds
237.815: Application time: 0.0401770 seconds
237.815: [GC237.815: [ParNew: 17595K->1580K(18048K), 0.0007850 secs] 47213K->31710K(57984K), 0.0008160 secs] [Times: user=0.00 sys=0.00, real=0.00 secs] 
237.816: Total time for which application threads were stopped: 0.0009410 seconds, Stopping threads took: 0.0000640 seconds
237.855: Application time: 0.0386520 seconds
237.855: [GC237.855: [ParNew: 17621K->1578K(18048K), 0.0010360 secs] 47751K->32788K(57984K), 0.0010660 secs] [Times: user=0.01 sys=0.00, real=0.00 secs] 
237.856: Total time for which application threads were stopped: 0.0011960 seconds, Stopping threads took: 0.0000680 seconds
237.895: Application time: 0.0395400 seconds
237.895: [GC237.895: [ParNew: 17193K->1604K(18048K), 0.0006620 secs] 48404K->32886K(57984K), 0.0006910 secs] [Times: user=0.00 sys=0.00, real=0.00 secs] 
237.896: Total time for which application threads were stopped: 0.0008770 seconds, Stopping threads took: 0.0001260 seconds
237.935: Application time: 0.0392610 seconds
237.936: [GC237.936: [ParNew: 17570K->1546K(18048K), 0.0006540 secs] 48853K->32932K(57984K), 0.0006810 secs] [Times: user=0.00 sys=0.00, real=0.00 secs] 
237.936: Total time for which application threads were stopped: 0.0009260 seconds, Stopping threads took: 0.0001860 seconds
237.976: Application time: 0.0400620 seconds
237.977: [GC237.977: [ParNew: 17508K->1548K(18048K), 0.0007850 secs] 48895K->33446K(57984K), 0.0008150 secs] [Times: user=0.01 sys=0.00, real=0.01 secs] 
237.977: Total time for which application threads were stopped: 0.0009590 seconds, Stopping threads took: 0.0000710 seconds
238.018: Application time: 0.0405790 seconds
238.018: [GC238.018: [ParNew: 17597K->1578K(18048K), 0.0006990 secs] 49495K->33476K(57984K), 0.0007280 secs] [Times: user=0.00 sys=0.00, real=0.00 secs] 
238.019: Total time for which application threads were stopped: 0.0008460 seconds, Stopping threads took: 0.0000580 seconds
238.059: Application time: 0.0404670 seconds
238.059: [GC238.059: [ParNew: 17615K->1578K(18048K), 0.0010530 secs] 49513K->34564K(57984K), 0.0010850 secs] [Times: user=0.01 sys=0.00, real=0.00 secs] 
238.061: Total time for which application threads were stopped: 0.0012270 seconds, Stopping threads took: 0.0000790 seconds
238.102: Application time: 0.0414430 seconds
238.102: [GC238.102: [ParNew: 17549K->1548K(18048K), 0.0007450 secs] 50535K->35118K(57984K), 0.0007720 secs] [Times: user=0.01 sys=0.00, real=0.00 secs] 
238.103: Total time for which application threads were stopped: 0.0008910 seconds, Stopping threads took: 0.0000590 seconds
238.143: Application time: 0.0398280 seconds
238.143: [GC238.143: [ParNew: 17597K->1580K(18048K), 0.0006450 secs] 51168K->35150K(57984K), 0.0006740 secs] [Times: user=0.01 sys=0.00, real=0.00 secs] 
238.143: Total time for which application threads were stopped: 0.0007920 seconds, Stopping threads took: 0.0000560 seconds
238.182: Application time: 0.0382630 seconds
238.182: [GC238.182: [ParNew: 17542K->1548K(18048K), 0.0008630 secs] 51113K->35694K(57984K), 0.0008940 secs] [Times: user=0.00 sys=0.00, real=0.00 secs] 
238.183: Total time for which application threads were stopped: 0.0010220 seconds, Stopping threads took: 0.0000640 seconds
238.223: Application time: 0.0404850 seconds
238.223: [GC238.223: [ParNew: 17597K->1576K(18048K), 0.0007170 secs] 51743K->35722K(57984K), 0.0007440 secs] [Times: user=0.00 sys=0.00, real=0.00 secs] 
238.224: Total time for which application threads were stopped: 0.0008680 seconds, Stopping threads took: 0.0000660 seconds
238.264: Application time: 0.0399070 seconds
238.264: [GC238.264: [ParNew: 17542K->1548K(18048K), 0.0006130 secs] 51689K->35766K(57984K), 0.0006430 secs] [Times: user=0.00 sys=0.00, real=0.00 secs] 
238.265: Total time for which application threads were stopped: 0.0008530 seconds, Stopping threads took: 0.0001480 seconds
238.306: Application time: 0.0412730 seconds
238.306: [GC238.306: [ParNew: 17519K->1034K(18048K), 0.0004440 secs] 51737K->35252K(57984K), 0.0004720 secs] [Times: user=0.01 sys=0.00, real=0.00 secs] 
238.307: Total time for which application threads were stopped: 0.0005890 seconds, Stopping threads took: 0.0000620 seconds
238.347: Application time: 0.0402790 seconds
238.347: [GC238.347: [ParNew: 17000K->1034K(18048K), 0.0004980 secs] 51219K->35252K(57984K), 0.0005250 secs] [Times: user=0.00 sys=0.00, real=0.00 secs] 
238.348: Total time for which application threads were stopped: 0.0006380 seconds, Stopping threads took: 0.0000540 seconds
238.384: Application time: 0.0367680 seconds
238.385: [GC238.385: [ParNew: 16984K->1548K(18048K), 0.0011670 secs] 51202K->37302K(57984K), 0.0012110 secs] [Times: user=0.00 sys=0.00, real=0.01 secs] 
238.386: Total time for which application threads were stopped: 0.0013490 seconds, Stopping threads took: 0.0000720 seconds
238.426: Application time: 0.0404990 seconds
238.426: [GC238.426: [ParNew: 17519K->1548K(18048K), 0.0009730 secs] 53273K->38327K(57984K), 0.0010060 secs] [Times: user=0.01 sys=0.00, real=0.00 secs] 
238.427: Total time for which application threads were stopped: 0.0011380 seconds, Stopping threads took: 0.0000670 seconds
238.467: Application time: 0.0399630 seconds
238.468: [GC238.468: [ParNew: 17593K->1578K(18048K), 0.0008650 secs] 54372K->38869K(57984K), 0.0008950 secs] [Times: user=0.00 sys=0.00, real=0.00 secs] 
238.468: Total time for which application threads were stopped: 0.0010390 seconds, Stopping threads took: 0.0000830 seconds
238.510: Application time: 0.0411680 seconds
238.510: [GC238.510: [ParNew: 17629K->1576K(18048K), 0.0007050 secs] 54920K->38923K(57984K), 0.0007330 secs] [Times: user=0.00 sys=0.00, real=0.00 secs] 
238.510: Total time for which application threads were stopped: 0.0008550 seconds, Stopping threads took: 0.0000540 seconds
238.550: Application time: 0.0398920 seconds
238.550: [GC238.550: [ParNew: 17625K->1062K(18048K), 0.0004920 secs] 54972K->38473K(57984K), 0.0005190 secs] [Times: user=0.01 sys=0.00, real=0.00 secs] 
238.551: Total time for which application threads were stopped: 0.0006340 seconds, Stopping threads took: 0.0000590 seconds
238.592: Application time: 0.0409440 seconds
238.592: [GC238.592: [ParNew: 17111K->552K(18048K), 0.0003610 secs] 54522K->38027K(57984K), 0.0003870 secs] [Times: user=0.00 sys=0.00, real=0.00 secs] 
238.592: Total time for which application threads were stopped: 0.0005090 seconds, Stopping threads took: 0.0000650 seconds
238.632: Application time: 0.0398760 seconds
238.632: [GC238.633: [ParNew: 16523K->44K(18048K), 0.0002240 secs] 53997K->37519K(57984K), 0.0002500 secs] [Times: user=0.00 sys=0.00, real=0.00 secs] 
238.633: Total time for which application threads were stopped: 0.0004180 seconds, Stopping threads took: 0.0001160 seconds
238.669: Application time: 0.0360630 seconds
238.669: [GC238.669: [ParNew: 15985K->1578K(18048K), 0.0011340 secs] 53460K->40589K(57984K), 0.0011680 secs] [Times: user=0.00 sys=0.00, real=0.00 secs] 
238.670: Total time for which application threads were stopped: 0.0013160 seconds, Stopping threads took: 0.0000820 seconds
238.710: Application time: 0.0401500 seconds
238.711: [GC238.711: [ParNew: 17193K->1608K(18048K), 0.0007950 secs] 56204K->41171K(57984K), 0.0008270 secs] [Times: user=0.00 sys=0.00, real=0.00 secs] 
238.711: Total time for which application threads were stopped: 0.0010690 seconds, Stopping threads took: 0.0001800 seconds
238.752: Application time: 0.0407500 seconds
238.752: [GC238.752: [ParNew: 17579K->17579K(18048K), 0.0000090 secs]238.752: [Tenured: 39563K->9067K(39936K), 0.0052130 secs] 57142K->9067K(57984K), [Perm : 5181K->5181K(21248K)], 0.0052670 secs] [Times: user=0.00 sys=0.00, real=0.01 secs] 
238.758: Total time for which application threads were stopped: 0.0054990 seconds, Stopping threads took: 0.0001660 seconds
238.799: Application time: 0.0414010 seconds
238.799: [GC238.799: [ParNew: 15970K->1030K(18048K), 0.0005230 secs] 25038K->10097K(57984K), 0.0005510 secs] [Times: user=0.00 sys=0.00, real=0.00 secs] 
238.800: Total time for which application threads were stopped: 0.0006710 seconds, Stopping threads took: 0.0000620 seconds
238.841: Application time: 0.0408440 seconds
238.841: [GC238.841: [ParNew: 17074K->554K(18048K), 0.0003360 secs] 26142K->9622K(57984K), 0.0003620 secs] [Times: user=0.00 sys=0.00, real=0.00 secs] 
238.841: Total time for which application threads were stopped: 0.0005310 seconds, Stopping threads took: 0.0001140 seconds
238.880: Application time: 0.0391650 seconds
238.880: [GC238.880: [ParNew: 16514K->1580K(18048K), 0.0006110 secs] 25582K->10648K(57984K), 0.0006480 secs] [Times: user=0.01 sys=0.00, real=0.00 secs] 
238.881: Total time for which application threads were stopped: 0.0007750 seconds, Stopping threads took: 0.0000660 seconds
238.920: Application time: 0.0385010 seconds
238.920: [GC238.920: [ParNew: 17621K->1578K(18048K), 0.0007730 secs] 26688K->11222K(57984K), 0.0008030 secs] [Times: user=0.01 sys=0.00, real=0.00 secs] 
238.920: Total time for which application threads were stopped: 0.0009370 seconds, Stopping threads took: 0.0000730 seconds
238.961: Application time: 0.0400720 seconds
238.961: [GC238.961: [ParNew: 17544K->1548K(18048K), 0.0006890 secs] 27188K->11256K(57984K), 0.0007190 secs] [Times: user=0.00 sys=0.00, real=0.00 secs] 
238.961: Total time for which application threads were stopped: 0.0009030 seconds, Stopping threads took: 0.0001230 seconds
239.003: Application time: 0.0413140 seconds
239.003: [GC239.003: [ParNew: 17521K->1034K(18048K), 0.0004630 secs] 27229K->10742K(57984K), 0.0004880 secs] [Times: user=0.00 sys=0.00, real=0.00 secs] 
239.003: Total time for which application threads were stopped: 0.0006050 seconds, Stopping threads took: 0.0000630 seconds
239.045: Application time: 0.0415720 seconds
239.045: [GC239.045: [ParNew: 17000K->520K(18048K), 0.0004180 secs] 26708K->10228K(57984K), 0.0004430 secs] [Times: user=0.00 sys=0.00, real=0.01 secs] 
239.046: Total time for which application threads were stopped: 0.0006520 seconds, Stopping threads took: 0.0001480 seconds
239.086: Application time: 0.0404240 seconds
239.086: [GC239.086: [ParNew: 16488K->520K(18048K), 0.0003190 secs] 26196K->10228K(57984K), 0.0003410 secs] [Times: user=0.00 sys=0.00, real=0.00 secs] 
239.087: Total time for which application threads were stopped: 0.0005640 seconds, Stopping threads took: 0.0001700 seconds
239.124: Application time: 0.0372200 seconds
239.124: [GC239.124: [ParNew: 16466K->1548K(18048K), 0.0011310 secs] 26174K->12792K(57984K), 0.0011660 secs] [Times: user=0.01 sys=0.00, real=0.00 secs] 
239.125: Total time for which application threads were stopped: 0.0013090 seconds, Stopping threads took: 0.0000730 seconds
239.164: Application time: 0.0385480 seconds
239.164: [GC239.164: [ParNew: 17593K->1580K(18048K), 0.0011700 secs] 28837K->14360K(57984K), 0.0012030 secs] [Times: user=0.01 sys=0.00, real=0.00 secs] 
239.165: Total time for which application threads were stopped: 0.0013370 seconds, Stopping threads took: 0.0000680 seconds
239.206: Application time: 0.0405940 seconds
239.206: [GC239.206: [ParNew: 17629K->1580K(18048K), 0.0010080 secs] 30409K->15440K(57984K), 0.0010400 secs] [Times: user=0.01 sys=0.00, real=0.00 secs] 
239.207: Total time for which application threads were stopped: 0.0011920 seconds, Stopping threads took: 0.0000890 seconds
239.247: Application time: 0.0405100 seconds
239.247: [GC239.247: [ParNew: 17191K->1608K(18048K), 0.0008190 secs] 31051K->16060K(57984K), 0.0008500 secs] [Times: user=0.01 sys=0.00, real=0.00 secs] 
239.248: Total time for which application threads were stopped: 0.0009880 seconds, Stopping threads took: 0.0000770 seconds
239.289: Application time: 0.0405920 seconds
239.289: [GC239.289: [ParNew: 17579K->1546K(18048K), 0.0006200 secs] 32031K->16102K(57984K), 0.0006480 secs] [Times: user=0.00 sys=0.00, real=0.00 secs] 
239.290: Total time for which application threads were stopped: 0.0007810 seconds, Stopping threads took: 0.0000740 seconds
239.330: Application time: 0.0404560 seconds
239.330: [GC239.330: [ParNew: 17516K->1034K(18048K), 0.0005190 secs] 32073K->15590K(57984K), 0.0005450 secs] [Times: user=0.01 sys=0.00, real=0.00 secs] 
239.331: Total time for which application threads were stopped: 0.0006690 seconds, Stopping threads took: 0.0000690 seconds
239.371: Application time: 0.0402410 seconds
239.371: [GC239.371: [ParNew: 17075K->1066K(18048K), 0.0004530 secs] 31631K->15622K(57984K), 0.0004780 secs] [Times: user=0.00 sys=0.00, real=0.00 secs] 
239.372: Total time for which application threads were stopped: 0.0006170 seconds, Stopping threads took: 0.0000840 seconds
239.412: Application time: 0.0406730 seconds
239.412: [GC239.412: [ParNew: 17108K->1578K(18048K), 0.0006110 secs] 31665K->16198K(57984K), 0.0006490 secs] [Times: user=0.00 sys=0.00, real=0.00 secs] 
239.413: Total time for which application threads were stopped: 0.0007780 seconds, Stopping threads took: 0.0000680 seconds
239.453: Application time: 0.0403150 seconds
239.454: [GC239.454: [ParNew: 17549K->1034K(18048K), 0.0005190 secs] 32169K->15726K(57984K), 0.0005460 secs] [Times: user=0.01 sys=0.00, real=0.00 secs] 
239.454: Total time for which application threads were stopped: 0.0006720 seconds, Stopping threads took: 0.0000700 seconds
239.491: Application time: 0.0370400 seconds
239.491: [GC239.491: [ParNew: 17070K->1578K(18048K), 0.0008430 secs] 31763K->16782K(57984K), 0.0008740 secs] [Times: user=0.00 sys=0.00, real=0.00 secs] 
239.492: Total time for which application threads were stopped: 0.0010080 seconds, Stopping threads took: 0.0000720 seconds
239.533: Application time: 0.0404230 seconds
239.533: [GC239.533: [ParNew: 17544K->1546K(18048K), 0.0008680 secs] 32749K->17334K(57984K), 0.0009020 secs] [Times: user=0.00 sys=0.00, real=0.00 secs] 
239.534: Total time for which application threads were stopped: 0.0010310 seconds, Stopping threads took: 0.0000650 seconds
239.574: Application time: 0.0404310 seconds
239.574: [GC239.574: [ParNew: 17595K->1578K(18048K), 0.0006170 secs] 33383K->17366K(57984K), 0.0006450 secs] [Times: user=0.01 sys=0.00, real=0.00 secs] 
239.575: Total time for which application threads were stopped: 0.0008770 seconds, Stopping threads took: 0.0001630 seconds
239.616: Application time: 0.0411050 seconds
239.616: [GC239.616: [ParNew: 17549K->1036K(18048K), 0.0004400 secs] 33337K->16908K(57984K), 0.0004680 secs] [Times: user=0.01 sys=0.00, real=0.00 secs] 
239.617: Total time for which application threads were stopped: 0.0005850 seconds, Stopping threads took: 0.0000570 seconds
239.656: Application time: 0.0393870 seconds
239.656: [GC239.656: [ParNew: 17002K->1032K(18048K), 0.0004660 secs] 32875K->16904K(57984K), 0.0004930 secs] [Times: user=0.00 sys=0.00, real=0.00 secs] 
239.657: Total time for which application threads were stopped: 0.0006040 seconds, Stopping threads took: 0.0000540 seconds
239.697: Application time: 0.0407610 seconds
239.697: [GC239.697: [ParNew: 17002K->520K(18048K), 0.0003090 secs] 32875K->16392K(57984K), 0.0003340 secs] [Times: user=0.00 sys=0.00, real=0.00 secs] 
239.698: Total time for which application threads were stopped: 0.0004500 seconds, Stopping threads took: 0.0000640 seconds
239.735: Application time: 0.0374240 seconds
239.735: [GC239.735: [ParNew: 16468K->1548K(18048K), 0.0011300 secs] 32340K->18956K(57984K), 0.0011630 secs] [Times: user=0.01 sys=0.00, real=0.00 secs] 
239.737: Total time for which application threads were stopped: 0.0013130 seconds, Stopping threads took: 0.0000860 seconds
239.776: Application time: 0.0397090 seconds
239.776: [GC239.776: [ParNew: 17519K->1548K(18048K), 0.0009640 secs] 34927K->19980K(57984K), 0.0009960 secs] [Times: user=0.01 sys=0.00, real=0.01 secs] 
239.777: Total time for which application threads were stopped: 0.0011470 seconds, Stopping threads took: 0.0000860 seconds
239.818: Application time: 0.0402160 seconds
239.818: [GC239.818: [ParNew: 17597K->1580K(18048K), 0.0007700 secs] 36029K->20524K(57984K), 0.0008010 secs] [Times: user=0.01 sys=0.00, real=0.00 secs] 
239.819: Total time for which application threads were stopped: 0.0009350 seconds, Stopping threads took: 0.0000670 seconds
239.859: Application time: 0.0401920 seconds
239.859: [GC239.859: [ParNew: 17551K->1546K(18048K), 0.0005960 secs] 36495K->20562K(57984K), 0.0006260 secs] [Times: user=0.01 sys=0.00, real=0.00 secs] 
239.860: Total time for which application threads were stopped: 0.0007500 seconds, Stopping threads took: 0.0000640 seconds
239.899: Application time: 0.0397930 seconds
239.899: [GC239.899: [ParNew: 17235K->1120K(18048K), 0.0005260 secs] 36251K->20136K(57984K), 0.0005530 secs] [Times: user=0.01 sys=0.00, real=0.00 secs] 
239.900: Total time for which application threads were stopped: 0.0006700 seconds, Stopping threads took: 0.0000620 seconds
239.939: Application time: 0.0391150 seconds
239.939: [GC239.939: [ParNew: 17091K->10K(18048K), 0.0003810 secs] 36107K->19146K(57984K), 0.0004150 secs] [Times: user=0.00 sys=0.00, real=0.00 secs] 
239.940: Total time for which application threads were stopped: 0.0006010 seconds, Stopping threads took: 0.0001340 seconds
239.975: Application time: 0.0353740 seconds
239.975: [GC239.975: [ParNew: 15949K->1548K(18048K), 0.0012650 secs] 35086K->22220K(57984K), 0.0012970 secs] [Times: user=0.00 sys=0.00, real=0.00 secs] 
239.977: Total time for which application threads were stopped: 0.0015150 seconds, Stopping threads took: 0.0001540 seconds
240.018: Application time: 0.0410500 seconds
240.018: [GC240.018: [ParNew: 17521K->1546K(18048K), 0.0010910 secs] 38193K->23242K(57984K), 0.0011240 secs] [Times: user=0.01 sys=0.00, real=0.00 secs] 
240.019: Total time for which application threads were stopped: 0.0012690 seconds, Stopping threads took: 0.0000810 seconds
240.059: Application time: 0.0397850 seconds
240.059: [GC240.059: [ParNew: 17157K->1606K(18048K), 0.0008240 secs] 38853K->23814K(57984K), 0.0008530 secs] [Times: user=0.01 sys=0.00, real=0.00 secs] 
240.060: Total time for which application threads were stopped: 0.0009790 seconds, Stopping threads took: 0.0000660 seconds
240.101: Application time: 0.0408590 seconds
240.101: [GC240.101: [ParNew: 17579K->1034K(18048K), 0.0003900 secs] 39787K->23346K(57984K), 0.0004160 secs] [Times: user=0.01 sys=0.00, real=0.00 secs] 
240.101: Total time for which application threads were stopped: 0.0005380 seconds, Stopping threads took: 0.0000590 seconds
240.142: Application time: 0.0410080 seconds
240.142: [GC240.142: [ParNew: 17004K->522K(18048K), 0.0003870 secs] 39317K->22834K(57984K), 0.0004140 secs] [Times: user=0.00 sys=0.00, real=0.00 secs] 
240.143: Total time for which application threads were stopped: 0.0005320 seconds, Stopping threads took: 0.0000630 seconds
240.183: Application time: 0.0405690 seconds
240.183: [GC240.183: [ParNew: 16570K->40K(18048K), 0.0002890 secs] 38883K->22352K(57984K), 0.0003150 secs] [Times: user=0.00 sys=0.00, real=0.00 secs] 
240.184: Total time for which application threads were stopped: 0.0004290 seconds, Stopping threads took: 0.0000600 seconds
240.219: Application time: 0.0350240 seconds
240.219: [GC240.219: [ParNew: 15977K->1578K(18048K), 0.0014170 secs] 38290K->25939K(57984K), 0.0014510 secs] [Times: user=0.01 sys=0.00, real=0.00 secs] 
240.220: Total time for which application threads were stopped: 0.0015880 seconds, Stopping threads took: 0.0000720 seconds
240.261: Application time: 0.0412130 seconds
240.262: [GC240.262: [ParNew: 17631K->1578K(18048K), 0.0008300 secs] 41992K->26515K(57984K), 0.0008600 secs] [Times: user=0.01 sys=0.00, real=0.00 secs] 
240.262: Total time for which application threads were stopped: 0.0009900 seconds, Stopping threads took: 0.0000680 seconds
240.304: Application time: 0.0414950 seconds
240.304: [GC240.304: [ParNew: 17549K->1546K(18048K), 0.0006560 secs] 42485K->26547K(57984K), 0.0006840 secs] [Times: user=0.01 sys=0.00, real=0.00 secs] 
240.305: Total time for which application threads were stopped: 0.0008040 seconds, Stopping threads took: 0.0000590 seconds
240.344: Application time: 0.0395380 seconds
240.344: [GC240.344: [ParNew: 17516K->1032K(18048K), 0.0004820 secs] 42517K->26033K(57984K), 0.0005080 secs] [Times: user=0.01 sys=0.00, real=0.00 secs] 
240.345: Total time for which application threads were stopped: 0.0006480 seconds, Stopping threads took: 0.0000830 seconds
240.386: Application time: 0.0414350 seconds
240.386: [GC240.386: [ParNew: 17002K->522K(18048K), 0.0002970 secs] 42003K->25523K(57984K), 0.0003210 secs] [Times: user=0.00 sys=0.00, real=0.00 secs] 
240.387: Total time for which application threads were stopped: 0.0004420 seconds, Stopping threads took: 0.0000690 seconds
240.426: Application time: 0.0392920 seconds
240.426: [GC240.426: [ParNew: 16488K->522K(18048K), 0.0003780 secs] 41489K->25523K(57984K), 0.0004030 secs] [Times: user=0.00 sys=0.00, real=0.00 secs] 
240.427: Total time for which application threads were stopped: 0.0005320 seconds, Stopping threads took: 0.0000650 seconds
240.464: Application time: 0.0373920 seconds
240.464: [GC240.464: [ParNew: 16472K->1548K(18048K), 0.0010210 secs] 41473K->27573K(57984K), 0.0010520 secs] [Times: user=0.00 sys=0.00, real=0.01 secs] 
240.465: Total time for which application threads were stopped: 0.0012920 seconds, Stopping threads took: 0.0001760 seconds
240.506: Application time: 0.0405660 seconds
240.506: [GC240.506: [ParNew: 17593K->1576K(18048K), 0.0009540 secs] 43618K->28625K(57984K), 0.0009860 secs] [Times: user=0.01 sys=0.00, real=0.00 secs] 
240.507: Total time for which application threads were stopped: 0.0011120 seconds, Stopping threads took: 0.0000610 seconds
240.547: Application time: 0.0403690 seconds
240.548: [GC240.548: [ParNew: 17625K->1574K(18048K), 0.0007880 secs] 44674K->29199K(57984K), 0.0008190 secs] [Times: user=0.01 sys=0.00, real=0.00 secs] 
240.548: Total time for which application threads were stopped: 0.0009610 seconds, Stopping threads took: 0.0000770 seconds
240.590: Application time: 0.0421160 seconds
240.591: [GC240.591: [ParNew: 17181K->1602K(18048K), 0.0008840 secs] 44806K->29811K(57984K), 0.0009160 secs] [Times: user=0.00 sys=0.00, real=0.00 secs] 
240.592: Total time for which application threads were stopped: 0.0010540 seconds, Stopping threads took: 0.0000750 seconds
240.635: Application time: 0.0433560 seconds
240.635: [GC240.635: [ParNew: 17573K->1546K(18048K), 0.0006410 secs] 45782K->29867K(57984K), 0.0006730 secs] [Times: user=0.00 sys=0.00, real=0.00 secs] 
240.636: Total time for which application threads were stopped: 0.0008450 seconds, Stopping threads took: 0.0001010 seconds
240.679: Application time: 0.0429770 seconds
240.679: [GC240.679: [ParNew: 17512K->1548K(18048K), 0.0006180 secs] 45833K->29869K(57984K), 0.0006470 secs] [Times: user=0.00 sys=0.00, real=0.00 secs] 
240.679: Total time for which application threads were stopped: 0.0007740 seconds, Stopping threads took: 0.0000650 seconds
240.721: Application time: 0.0413200 seconds
240.721: [GC240.721: [ParNew: 17584K->1580K(18048K), 0.0009650 secs] 45906K->30925K(57984K), 0.0009980 secs] [Times: user=0.01 sys=0.00, real=0.00 secs] 
240.722: Total time for which application threads were stopped: 0.0011370 seconds, Stopping threads took: 0.0000730 seconds
240.765: Application time: 0.0430520 seconds
240.765: [GC240.765: [ParNew: 17629K->1580K(18048K), 0.0008800 secs] 46974K->31501K(57984K), 0.0009110 secs] [Times: user=0.01 sys=0.00, real=0.01 secs] 
240.766: Total time for which application threads were stopped: 0.0010430 seconds, Stopping threads took: 0.0000670 seconds
240.810: Application time: 0.0438770 seconds
240.810: [GC240.810: [ParNew: 17551K->1546K(18048K), 0.0006430 secs] 47472K->31539K(57984K), 0.0006730 secs] [Times: user=0.01 sys=0.00, real=0.00 secs] 
240.811: Total time for which application threads were stopped: 0.0008000 seconds, Stopping threads took: 0.0000660 seconds
240.854: Application time: 0.0437330 seconds
240.855: [GC240.855: [ParNew: 17590K->1576K(18048K), 0.0006980 secs] 47584K->31569K(57984K), 0.0007290 secs] [Times: user=0.00 sys=0.00, real=0.00 secs] 
240.855: Total time for which application threads were stopped: 0.0008560 seconds, Stopping threads took: 0.0000670 seconds
240.898: Application time: 0.0423790 seconds
240.898: [GC240.898: [ParNew: 17542K->1546K(18048K), 0.0007700 secs] 47536K->31587K(57984K), 0.0007980 secs] [Times: user=0.00 sys=0.00, real=0.00 secs] 
240.899: Total time for which application threads were stopped: 0.0009280 seconds, Stopping threads took: 0.0000680 seconds
240.943: Application time: 0.0443950 seconds
240.943: [GC240.943: [ParNew: 17516K->1034K(18048K), 0.0004720 secs] 47558K->31075K(57984K), 0.0004990 secs] [Times: user=0.00 sys=0.00, real=0.00 secs] 
240.944: Total time for which application threads were stopped: 0.0006290 seconds, Stopping threads took: 0.0000720 seconds
240.988: Application time: 0.0442970 seconds
240.988: [GC240.988: [ParNew: 17079K->1064K(18048K), 0.0004620 secs] 47120K->31105K(57984K), 0.0005000 secs] [Times: user=0.01 sys=0.00, real=0.00 secs] 
240.989: Total time for which application threads were stopped: 0.0006080 seconds, Stopping threads took: 0.0000450 seconds
241.029: Application time: 0.0403600 seconds
241.029: [GC241.029: [ParNew: 17022K->1546K(18048K), 0.0007960 secs] 47063K->32155K(57984K), 0.0008280 secs] [Times: user=0.00 sys=0.01, real=0.00 secs] 
241.030: Total time for which application threads were stopped: 0.0009660 seconds, Stopping threads took: 0.0000730 seconds
241.074: Application time: 0.0436260 seconds
241.074: [GC241.074: [ParNew: 17512K->1546K(18048K), 0.0008590 secs] 48122K->32667K(57984K), 0.0008910 secs] [Times: user=0.01 sys=0.00, real=0.00 secs] 
241.075: Total time for which application threads were stopped: 0.0010160 seconds, Stopping threads took: 0.0000590 seconds
241.117: Application time: 0.0426150 seconds
241.117: [GC241.117: [ParNew: 17508K->1550K(18048K), 0.0009870 secs] 48630K->33695K(57984K), 0.0010200 secs] [Times: user=0.01 sys=0.00, real=0.00 secs] 
241.118: Total time for which application threads were stopped: 0.0011660 seconds, Stopping threads took: 0.0000800 seconds
241.161: Application time: 0.0428950 seconds
241.161: [GC241.161: [ParNew: 17521K->1548K(18048K), 0.0007860 secs] 49666K->34205K(57984K), 0.0008190 secs] [Times: user=0.01 sys=0.00, real=0.00 secs] 
241.162: Total time for which application threads were stopped: 0.0009700 seconds, Stopping threads took: 0.0000780 seconds
241.206: Application time: 0.0442260 seconds
241.207: [GC241.207: [ParNew: 17592K->1578K(18048K), 0.0007720 secs] 50250K->34747K(57984K), 0.0008060 secs] [Times: user=0.01 sys=0.00, real=0.00 secs] 
241.207: Total time for which application threads were stopped: 0.0009590 seconds, Stopping threads took: 0.0000900 seconds
241.250: Application time: 0.0429450 seconds
241.250: [GC241.250: [ParNew: 17549K->1546K(18048K), 0.0006360 secs] 50718K->34787K(57984K), 0.0006660 secs] [Times: user=0.00 sys=0.00, real=0.00 secs] 
241.251: Total time for which application threads were stopped: 0.0007990 seconds, Stopping threads took: 0.0000720 seconds
241.293: Application time: 0.0422500 seconds
241.293: [GC241.293: [ParNew: 17586K->1576K(18048K), 0.0008950 secs] 50828K->35329K(57984K), 0.0009250 secs] [Times: user=0.01 sys=0.00, real=0.00 secs] 
241.294: Total time for which application threads were stopped: 0.0010590 seconds, Stopping threads took: 0.0000720 seconds
241.339: Application time: 0.0441650 seconds
241.339: [GC241.339: [ParNew: 17187K->1606K(18048K), 0.0007440 secs] 50940K->35423K(57984K), 0.0007740 secs] [Times: user=0.01 sys=0.00, real=0.00 secs] 
241.340: Total time for which application threads were stopped: 0.0009150 seconds, Stopping threads took: 0.0000790 seconds
241.382: Application time: 0.0423910 seconds
241.382: [GC241.382: [ParNew: 17577K->1032K(18048K), 0.0004890 secs] 51394K->34953K(57984K), 0.0005170 secs] [Times: user=0.00 sys=0.00, real=0.00 secs] 
241.383: Total time for which application threads were stopped: 0.0006440 seconds, Stopping threads took: 0.0000680 seconds
241.426: Application time: 0.0436210 seconds
241.426: [GC241.426: [ParNew: 17081K->554K(18048K), 0.0003380 secs] 51002K->34475K(57984K), 0.0003750 secs] [Times: user=0.00 sys=0.00, real=0.00 secs] 
241.427: Total time for which application threads were stopped: 0.0004890 seconds, Stopping threads took: 0.0000580 seconds
241.469: Application time: 0.0421060 seconds
241.469: [GC241.469: [ParNew: 16516K->1066K(18048K), 0.0004670 secs] 50438K->34987K(57984K), 0.0004960 secs] [Times: user=0.00 sys=0.00, real=0.00 secs] 
241.469: Total time for which application threads were stopped: 0.0006200 seconds, Stopping threads took: 0.0000630 seconds
241.511: Application time: 0.0418720 seconds
241.511: [GC241.511: [ParNew: 17102K->1578K(18048K), 0.0007950 secs] 51024K->36075K(57984K), 0.0008250 secs] [Times: user=0.01 sys=0.00, real=0.00 secs] 
241.512: Total time for which application threads were stopped: 0.0009660 seconds, Stopping threads took: 0.0000760 seconds
241.555: Application time: 0.0431630 seconds
241.556: [GC241.556: [ParNew: 17544K->1544K(18048K), 0.0008220 secs] 52042K->36617K(57984K), 0.0008610 secs] [Times: user=0.00 sys=0.00, real=0.00 secs] 
241.556: Total time for which application threads were stopped: 0.0009890 seconds, Stopping threads took: 0.0000630 seconds
241.599: Application time: 0.0429980 seconds
241.600: [GC241.600: [ParNew: 17593K->1576K(18048K), 0.0006350 secs] 52666K->36649K(57984K), 0.0006660 secs] [Times: user=0.00 sys=0.00, real=0.00 secs] 
241.600: Total time for which application threads were stopped: 0.0008140 seconds, Stopping threads took: 0.0000840 seconds
241.644: Application time: 0.0439690 seconds
241.644: [GC241.644: [ParNew: 17547K->1032K(18048K), 0.0004710 secs] 52620K->36177K(57984K), 0.0005000 secs] [Times: user=0.00 sys=0.00, real=0.00 secs] 
241.645: Total time for which application threads were stopped: 0.0006350 seconds, Stopping threads took: 0.0000750 seconds
241.688: Application time: 0.0433810 seconds
241.688: [GC241.688: [ParNew: 17002K->522K(18048K), 0.0003510 secs] 52148K->35667K(57984K), 0.0003780 secs] [Times: user=0.00 sys=0.00, real=0.00 secs] 
241.689: Total time for which application threads were stopped: 0.0005000 seconds, Stopping threads took: 0.0000570 seconds
241.729: Application time: 0.0401130 seconds
241.729: [GC241.729: [ParNew: 16554K->1578K(18048K), 0.0007950 secs] 51700K->37235K(57984K), 0.0008280 secs] [Times: user=0.01 sys=0.00, real=0.00 secs] 
241.730: Total time for which application threads were stopped: 0.0009770 seconds, Stopping threads took: 0.0000840 seconds
241.775: Application time: 0.0450440 seconds
241.775: [GC241.775: [ParNew: 17546K->1546K(18048K), 0.0006460 secs] 53204K->37275K(57984K), 0.0006760 secs] [Times: user=0.00 sys=0.00, real=0.00 secs] 
241.776: Total time for which application threads were stopped: 0.0007990 seconds, Stopping threads took: 0.0000630 seconds
241.818: Application time: 0.0424910 seconds
241.818: [GC241.818: [ParNew: 17516K->1032K(18048K), 0.0004550 secs] 53246K->36761K(57984K), 0.0004820 secs] [Times: user=0.00 sys=0.00, real=0.00 secs] 
241.819: Total time for which application threads were stopped: 0.0006120 seconds, Stopping threads took: 0.0000720 seconds
241.863: Application time: 0.0437790 seconds
241.863: [GC241.863: [ParNew: 16998K->1032K(18048K), 0.0004580 secs] 52728K->36761K(57984K), 0.0004860 secs] [Times: user=0.00 sys=0.00, real=0.00 secs] 
241.863: Total time for which application threads were stopped: 0.0006100 seconds, Stopping threads took: 0.0000660 seconds
241.907: Application time: 0.0436940 seconds
241.907: [GC241.907: [ParNew: 16998K->1032K(18048K), 0.0005640 secs] 52728K->36761K(57984K), 0.0005900 secs] [Times: user=0.01 sys=0.00, real=0.00 secs] 
241.908: Total time for which application threads were stopped: 0.0007310 seconds, Stopping threads took: 0.0000830 seconds
241.949: Application time: 0.0411400 seconds
241.949: [GC241.949: [ParNew: 17068K->1574K(18048K), 0.0008130 secs] 52798K->37815K(57984K), 0.0008430 secs] [Times: user=0.00 sys=0.00, real=0.00 secs] 
241.950: Total time for which application threads were stopped: 0.0009940 seconds, Stopping threads took: 0.0000870 seconds
241.992: Application time: 0.0424820 seconds
241.992: [GC241.992: [ParNew: 17618K->1578K(18048K), 0.0008120 secs] 53860K->38404K(57984K), 0.0008530 secs] [Times: user=0.01 sys=0.00, real=0.00 secs] 
241.993: Total time for which application threads were stopped: 0.0010090 seconds, Stopping threads took: 0.0000900 seconds
242.036: Application time: 0.0424060 seconds
242.036: [GC242.036: [ParNew: 17185K->1606K(18048K), 0.0008790 secs] 54011K->39008K(57984K), 0.0009090 secs] [Times: user=0.00 sys=0.00, real=0.00 secs] 
242.037: Total time for which application threads were stopped: 0.0010420 seconds, Stopping threads took: 0.0000720 seconds
242.080: Application time: 0.0432300 seconds
242.081: [GC242.081: [ParNew: 17575K->1546K(18048K), 0.0007940 secs] 54976K->39044K(57984K), 0.0008210 secs] [Times: user=0.01 sys=0.00, real=0.00 secs] 
242.082: Total time for which application threads were stopped: 0.0022340 seconds, Stopping threads took: 0.0013420 seconds
242.126: Application time: 0.0443840 seconds
242.127: [GC242.127: [ParNew: 17597K->552K(18048K), 0.0003240 secs] 55095K->38050K(57984K), 0.0003510 secs] [Times: user=0.00 sys=0.00, real=0.00 secs] 
242.127: Total time for which application threads were stopped: 0.0005150 seconds, Stopping threads took: 0.0001080 seconds
242.166: Application time: 0.0394820 seconds
242.167: [GC242.167: [ParNew: 16502K->1578K(18048K), 0.0009920 secs] 54000K->40100K(57984K), 0.0010240 secs] [Times: user=0.01 sys=0.00, real=0.00 secs] 
242.168: Total time for which application threads were stopped: 0.0011580 seconds, Stopping threads took: 0.0000670 seconds
242.211: Application time: 0.0432960 seconds
242.211: [GC242.211: [ParNew: 17540K->1548K(18048K), 0.0012170 secs]242.212: [Tenured: 40122K->8628K(40452K), 0.0056540 secs] 56062K->8628K(58500K), [Perm : 5181K->5181K(21248K)], 0.0069490 secs] [Times: user=0.02 sys=0.00, real=0.01 secs] 
242.218: Total time for which application threads were stopped: 0.0070910 seconds, Stopping threads took: 0.0000610 seconds
242.261: Application time: 0.0432240 seconds
242.261: [GC242.261: [ParNew: 16049K->1576K(18048K), 0.0009690 secs] 24678K->11229K(57984K), 0.0010040 secs] [Times: user=0.01 sys=0.00, real=0.00 secs] 
242.262: Total time for which application threads were stopped: 0.0011880 seconds, Stopping threads took: 0.0001170 seconds
242.306: Application time: 0.0430660 seconds
242.306: [GC242.306: [ParNew: 17625K->1580K(18048K), 0.0007970 secs] 27278K->11825K(57984K), 0.0008290 secs] [Times: user=0.01 sys=0.00, real=0.00 secs] 
242.307: Total time for which application threads were stopped: 0.0009770 seconds, Stopping threads took: 0.0000840 seconds
242.350: Application time: 0.0438390 seconds
242.350: [GC242.350: [ParNew: 17546K->1548K(18048K), 0.0008020 secs] 27792K->12369K(57984K), 0.0008340 secs] [Times: user=0.00 sys=0.00, real=0.00 secs] 
242.351: Total time for which application threads were stopped: 0.0009700 seconds, Stopping threads took: 0.0000710 seconds
242.395: Application time: 0.0436910 seconds
242.395: [GC242.395: [ParNew: 17514K->1546K(18048K), 0.0007590 secs] 28335K->12879K(57984K), 0.0007890 secs] [Times: user=0.00 sys=0.00, real=0.00 secs] 
242.396: Total time for which application threads were stopped: 0.0009340 seconds, Stopping threads took: 0.0000820 seconds
242.438: Application time: 0.0422090 seconds
242.438: [GC242.438: [ParNew: 17595K->1574K(18048K), 0.0007130 secs] 28928K->12907K(57984K), 0.0007410 secs] [Times: user=0.01 sys=0.00, real=0.00 secs] 
242.439: Total time for which application threads were stopped: 0.0008710 seconds, Stopping threads took: 0.0000690 seconds
242.481: Application time: 0.0422040 seconds
242.481: [GC242.481: [ParNew: 17536K->1548K(18048K), 0.0007660 secs] 28869K->13457K(57984K), 0.0007970 secs] [Times: user=0.01 sys=0.00, real=0.00 secs] 
242.482: Total time for which application threads were stopped: 0.0009300 seconds, Stopping threads took: 0.0000680 seconds
242.526: Application time: 0.0435440 seconds
242.526: [GC242.526: [ParNew: 17512K->1546K(18048K), 0.0008260 secs] 29421K->13967K(57984K), 0.0008560 secs] [Times: user=0.00 sys=0.00, real=0.00 secs] 
242.527: Total time for which application threads were stopped: 0.0009800 seconds, Stopping threads took: 0.0000580 seconds
242.571: Application time: 0.0439680 seconds
242.571: [GC242.571: [ParNew: 17512K->1548K(18048K), 0.0006220 secs] 29934K->13969K(57984K), 0.0006490 secs] [Times: user=0.00 sys=0.00, real=0.00 secs] 
242.571: Total time for which application threads were stopped: 0.0007890 seconds, Stopping threads took: 0.0000800 seconds
242.613: Application time: 0.0417940 seconds
242.613: [GC242.613: [ParNew: 17512K->1546K(18048K), 0.0007630 secs] 29933K->14479K(57984K), 0.0007940 secs] [Times: user=0.01 sys=0.00, real=0.00 secs] 
242.614: Total time for which application threads were stopped: 0.0009350 seconds, Stopping threads took: 0.0000750 seconds
242.657: Application time: 0.0431660 seconds
242.657: [GC242.657: [ParNew: 17595K->1578K(18048K), 0.0005930 secs] 30528K->14511K(57984K), 0.0006330 secs] [Times: user=0.00 sys=0.00, real=0.00 secs] 
242.658: Total time for which application threads were stopped: 0.0007500 seconds, Stopping threads took: 0.0000550 seconds
242.701: Application time: 0.0425850 seconds
242.701: [GC242.701: [ParNew: 17540K->1548K(18048K), 0.0007920 secs] 30473K->15065K(57984K), 0.0008240 secs] [Times: user=0.01 sys=0.00, real=0.00 secs] 
242.702: Total time for which application threads were stopped: 0.0009730 seconds, Stopping threads took: 0.0000870 seconds
242.745: Application time: 0.0434650 seconds
242.745: [GC242.745: [ParNew: 17597K->1574K(18048K), 0.0007350 secs] 31114K->15091K(57984K), 0.0007630 secs] [Times: user=0.01 sys=0.00, real=0.00 secs] 
242.746: Total time for which application threads were stopped: 0.0008920 seconds, Stopping threads took: 0.0000600 seconds
242.787: Application time: 0.0407150 seconds
242.787: [GC242.787: [ParNew: 17177K->1608K(18048K), 0.0008620 secs] 30694K->15701K(57984K), 0.0008910 secs] [Times: user=0.01 sys=0.00, real=0.00 secs] 
242.788: Total time for which application threads were stopped: 0.0010380 seconds, Stopping threads took: 0.0000840 seconds
242.831: Application time: 0.0431800 seconds
242.831: [GC242.831: [ParNew: 17657K->1578K(18048K), 0.0006560 secs] 31750K->15783K(57984K), 0.0006860 secs] [Times: user=0.01 sys=0.00, real=0.00 secs] 
242.832: Total time for which application threads were stopped: 0.0008260 seconds, Stopping threads took: 0.0000800 seconds
242.875: Application time: 0.0430770 seconds
242.875: [GC242.875: [ParNew: 17544K->1548K(18048K), 0.0005880 secs] 31750K->15825K(57984K), 0.0006170 secs] [Times: user=0.00 sys=0.00, real=0.00 secs] 
242.876: Total time for which application threads were stopped: 0.0007370 seconds, Stopping threads took: 0.0000580 seconds
242.919: Application time: 0.0437870 seconds
242.920: [GC242.920: [ParNew: 17519K->1036K(18048K), 0.0004610 secs] 31796K->15313K(57984K), 0.0004890 secs] [Times: user=0.01 sys=0.00, real=0.00 secs] 
242.920: Total time for which application threads were stopped: 0.0006140 seconds, Stopping threads took: 0.0000670 seconds
242.960: Application time: 0.0404220 seconds
242.961: [GC242.961: [ParNew: 16994K->1548K(18048K), 0.0008170 secs] 31271K->16337K(57984K), 0.0008480 secs] [Times: user=0.01 sys=0.00, real=0.00 secs] 
242.961: Total time for which application threads were stopped: 0.0009870 seconds, Stopping threads took: 0.0000740 seconds
243.004: Application time: 0.0424380 seconds
243.004: [GC243.004: [ParNew: 17588K->1578K(18048K), 0.0010220 secs] 32378K->17391K(57984K), 0.0010530 secs] [Times: user=0.00 sys=0.00, real=0.00 secs] 
243.005: Total time for which application threads were stopped: 0.0011930 seconds, Stopping threads took: 0.0000780 seconds
243.047: Application time: 0.0421000 seconds
243.047: [GC243.047: [ParNew: 17623K->1576K(18048K), 0.0009610 secs] 33436K->18485K(57984K), 0.0009950 secs] [Times: user=0.01 sys=0.00, real=0.00 secs] 
243.048: Total time for which application threads were stopped: 0.0011420 seconds, Stopping threads took: 0.0000820 seconds
243.092: Application time: 0.0435090 seconds
243.092: [GC243.092: [ParNew: 17542K->1548K(18048K), 0.0009520 secs] 34452K->19553K(57984K), 0.0009850 secs] [Times: user=0.00 sys=0.00, real=0.00 secs] 
243.093: Total time for which application threads were stopped: 0.0011460 seconds, Stopping threads took: 0.0000950 seconds
243.137: Application time: 0.0442790 seconds
243.137: [GC243.137: [ParNew: 17519K->1548K(18048K), 0.0008630 secs] 35524K->20065K(57984K), 0.0008940 secs] [Times: user=0.01 sys=0.00, real=0.00 secs] 
243.138: Total time for which application threads were stopped: 0.0010250 seconds, Stopping threads took: 0.0000680 seconds
243.181: Application time: 0.0426930 seconds
243.181: [GC243.181: [ParNew: 17597K->1578K(18048K), 0.0006130 secs] 36114K->20095K(57984K), 0.0006430 secs] [Times: user=0.01 sys=0.00, real=0.00 secs] 
243.182: Total time for which application threads were stopped: 0.0007770 seconds, Stopping threads took: 0.0000650 seconds
243.224: Application time: 0.0420090 seconds
243.224: [GC243.224: [ParNew: 17544K->1546K(18048K), 0.0007010 secs] 36062K->20127K(57984K), 0.0007270 secs] [Times: user=0.01 sys=0.00, real=0.00 secs] 
243.225: Total time for which application threads were stopped: 0.0008460 seconds, Stopping threads took: 0.0000600 seconds
243.267: Application time: 0.0423600 seconds
243.267: [GC243.267: [ParNew: 17508K->1546K(18048K), 0.0007730 secs] 36090K->20639K(57984K), 0.0008020 secs] [Times: user=0.00 sys=0.00, real=0.00 secs] 
243.268: Total time for which application threads were stopped: 0.0009440 seconds, Stopping threads took: 0.0000700 seconds
243.310: Application time: 0.0416940 seconds
243.310: [GC243.310: [ParNew: 17508K->1546K(18048K), 0.0009440 secs] 36602K->21663K(57984K), 0.0009790 secs] [Times: user=0.00 sys=0.00, real=0.00 secs] 
243.311: Total time for which application threads were stopped: 0.0011100 seconds, Stopping threads took: 0.0000630 seconds
243.354: Application time: 0.0429690 seconds
243.354: [GC243.354: [ParNew: 17517K->1544K(18048K), 0.0007720 secs] 37634K->22173K(57984K), 0.0008040 secs] [Times: user=0.00 sys=0.00, real=0.00 secs] 
243.355: Total time for which application threads were stopped: 0.0009340 seconds, Stopping threads took: 0.0000650 seconds
243.398: Application time: 0.0436500 seconds
243.398: [GC243.398: [ParNew: 17589K->1580K(18048K), 0.0007020 secs] 38218K->22209K(57984K), 0.0007310 secs] [Times: user=0.01 sys=0.00, real=0.00 secs] 
243.399: Total time for which application threads were stopped: 0.0009370 seconds, Stopping threads took: 0.0001420 seconds
243.441: Application time: 0.0419090 seconds
243.441: [GC243.441: [ParNew: 17627K->1576K(18048K), 0.0006940 secs] 38256K->22269K(57984K), 0.0007220 secs] [Times: user=0.01 sys=0.00, real=0.00 secs] 
243.442: Total time for which application threads were stopped: 0.0009640 seconds, Stopping threads took: 0.0001840 seconds
243.484: Application time: 0.0418290 seconds
243.484: [GC243.484: [ParNew: 17617K->1578K(18048K), 0.0008610 secs] 38310K->22839K(57984K), 0.0008920 secs] [Times: user=0.01 sys=0.00, real=0.00 secs] 
243.485: Total time for which application threads were stopped: 0.0010400 seconds, Stopping threads took: 0.0000840 seconds
243.527: Application time: 0.0424740 seconds
243.528: [GC243.528: [ParNew: 17189K->1604K(18048K), 0.0007020 secs] 38451K->22922K(57984K), 0.0007310 secs] [Times: user=0.00 sys=0.00, real=0.00 secs] 
243.528: Total time for which application threads were stopped: 0.0008680 seconds, Stopping threads took: 0.0000770 seconds
243.571: Application time: 0.0425010 seconds
243.571: [GC243.571: [ParNew: 17566K->1544K(18048K), 0.0009570 secs] 38884K->23469K(57984K), 0.0009860 secs] [Times: user=0.01 sys=0.00, real=0.00 secs] 
243.572: Total time for which application threads were stopped: 0.0011070 seconds, Stopping threads took: 0.0000560 seconds
243.615: Application time: 0.0434730 seconds
243.616: [GC243.616: [ParNew: 17512K->1546K(18048K), 0.0006170 secs] 39438K->23471K(57984K), 0.0006460 secs] [Times: user=0.01 sys=0.00, real=0.00 secs] 
243.616: Total time for which application threads were stopped: 0.0007890 seconds, Stopping threads took: 0.0000820 seconds
243.659: Application time: 0.0431930 seconds
243.659: [GC243.660: [ParNew: 17512K->1550K(18048K), 0.0006780 secs] 39438K->23476K(57984K), 0.0007090 secs] [Times: user=0.01 sys=0.00, real=0.00 secs] 
243.660: Total time for which application threads were stopped: 0.0008350 seconds, Stopping threads took: 0.0000610 seconds
243.702: Application time: 0.0415030 seconds
243.702: [GC243.702: [ParNew: 17599K->1068K(18048K), 0.0004670 secs] 39525K->22994K(57984K), 0.0004960 secs] [Times: user=0.00 sys=0.00, real=0.00 secs] 
243.702: Total time for which application threads were stopped: 0.0006250 seconds, Stopping threads took: 0.0000690 seconds
243.747: Application time: 0.0445270 seconds
243.747: [GC243.747: [ParNew: 17113K->1066K(18048K), 0.0005000 secs] 39039K->23056K(57984K), 0.0005270 secs] [Times: user=0.00 sys=0.00, real=0.00 secs] 
243.748: Total time for which application threads were stopped: 0.0006480 seconds, Stopping threads took: 0.0000610 seconds
243.791: Application time: 0.0430310 seconds
243.791: [GC243.791: [ParNew: 17037K->522K(18048K), 0.0003160 secs] 39026K->22576K(57984K), 0.0003420 secs] [Times: user=0.00 sys=0.00, real=0.00 secs] 
243.791: Total time for which application threads were stopped: 0.0004660 seconds, Stopping threads took: 0.0000600 seconds
243.833: Application time: 0.0416940 seconds
243.833: [GC243.833: [ParNew: 16476K->1546K(18048K), 0.0007650 secs] 38530K->24112K(57984K), 0.0007970 secs] [Times: user=0.01 sys=0.00, real=0.00 secs] 
243.834: Total time for which application threads were stopped: 0.0009400 seconds, Stopping threads took: 0.0000750 seconds
243.875: Application time: 0.0415310 seconds
243.875: [GC243.875: [ParNew: 17512K->1546K(18048K), 0.0008490 secs] 40078K->24624K(57984K), 0.0008790 secs] [Times: user=0.01 sys=0.00, real=0.00 secs] 
243.876: Total time for which application threads were stopped: 0.0010040 seconds, Stopping threads took: 0.0000630 seconds
243.920: Application time: 0.0436130 seconds
243.920: [GC243.920: [ParNew: 17595K->1576K(18048K), 0.0006820 secs] 40673K->24654K(57984K), 0.0007120 secs] [Times: user=0.00 sys=0.00, real=0.00 secs] 
243.921: Total time for which application threads were stopped: 0.0008310 seconds, Stopping threads took: 0.0000580 seconds
243.963: Application time: 0.0427000 seconds
243.963: [GC243.963: [ParNew: 17542K->1548K(18048K), 0.0006340 secs] 40620K->24690K(57984K), 0.0006630 secs] [Times: user=0.01 sys=0.00, real=0.00 secs] 
243.964: Total time for which application threads were stopped: 0.0007890 seconds, Stopping threads took: 0.0000640 seconds
244.008: Application time: 0.0440360 seconds
244.008: [GC244.008: [ParNew: 17519K->1034K(18048K), 0.0005210 secs] 40660K->24176K(57984K), 0.0005490 secs] [Times: user=0.00 sys=0.00, real=0.00 secs] 
244.009: Total time for which application threads were stopped: 0.0006670 seconds, Stopping threads took: 0.0000580 seconds
244.051: Application time: 0.0417150 seconds
244.051: [GC244.051: [ParNew: 16996K->1546K(18048K), 0.0006900 secs] 40138K->24688K(57984K), 0.0007200 secs] [Times: user=0.00 sys=0.00, real=0.00 secs] 
244.051: Total time for which application threads were stopped: 0.0008500 seconds, Stopping threads took: 0.0000700 seconds
244.093: Application time: 0.0416550 seconds
244.093: [GC244.093: [ParNew: 17500K->1550K(18048K), 0.0029660 secs] 40642K->26228K(57984K), 0.0030030 secs] [Times: user=0.02 sys=0.00, real=0.00 secs] 
244.096: Total time for which application threads were stopped: 0.0031510 seconds, Stopping threads took: 0.0000740 seconds
244.140: Application time: 0.0435130 seconds
244.140: [GC244.140: [ParNew: 17599K->1576K(18048K), 0.0011260 secs] 42277K->27278K(57984K), 0.0011560 secs] [Times: user=0.00 sys=0.00, real=0.00 secs] 
244.141: Total time for which application threads were stopped: 0.0013020 seconds, Stopping threads took: 0.0000800 seconds
244.183: Application time: 0.0421830 seconds
244.183: [GC244.183: [ParNew: 17621K->1580K(18048K), 0.0009790 secs] 43323K->28370K(57984K), 0.0010090 secs] [Times: user=0.01 sys=0.00, real=0.00 secs] 
244.184: Total time for which application threads were stopped: 0.0011550 seconds, Stopping threads took: 0.0000810 seconds
244.228: Application time: 0.0438680 seconds
244.228: [GC244.228: [ParNew: 17191K->1606K(18048K), 0.0008630 secs] 43981K->28964K(57984K), 0.0008950 secs] [Times: user=0.00 sys=0.01, real=0.00 secs] 
244.229: Total time for which application threads were stopped: 0.0010150 seconds, Stopping threads took: 0.0000560 seconds
244.273: Application time: 0.0435930 seconds
244.273: [GC244.273: [ParNew: 17655K->1578K(18048K), 0.0006450 secs] 45013K->29040K(57984K), 0.0006780 secs] [Times: user=0.01 sys=0.00, real=0.00 secs] 
244.274: Total time for which application threads were stopped: 0.0008020 seconds, Stopping threads took: 0.0000610 seconds
244.317: Application time: 0.0429060 seconds
244.317: [GC244.317: [ParNew: 17549K->1032K(18048K), 0.0004610 secs] 45011K->28550K(57984K), 0.0004990 secs] [Times: user=0.00 sys=0.00, real=0.01 secs] 
244.317: Total time for which application threads were stopped: 0.0006570 seconds, Stopping threads took: 0.0000880 seconds
244.360: Application time: 0.0430950 seconds
244.360: [GC244.360: [ParNew: 16998K->1032K(18048K), 0.0004860 secs] 44517K->28550K(57984K), 0.0005180 secs] [Times: user=0.00 sys=0.00, real=0.00 secs] 
244.361: Total time for which application threads were stopped: 0.0006610 seconds, Stopping threads took: 0.0000830 seconds
244.402: Application time: 0.0408850 seconds
244.402: [GC244.402: [ParNew: 16986K->1548K(18048K), 0.0009380 secs] 44504K->30090K(57984K), 0.0009710 secs] [Times: user=0.00 sys=0.00, real=0.00 secs] 
244.403: Total time for which application threads were stopped: 0.0011140 seconds, Stopping threads took: 0.0000770 seconds
244.446: Application time: 0.0427860 seconds
244.446: [GC244.446: [ParNew: 17589K->1578K(18048K), 0.0012270 secs] 46131K->31656K(57984K), 0.0012630 secs] [Times: user=0.01 sys=0.00, real=0.00 secs] 
244.447: Total time for which application threads were stopped: 0.0014200 seconds, Stopping threads took: 0.0000880 seconds
244.491: Application time: 0.0433540 seconds
244.491: [GC244.491: [ParNew: 17629K->1578K(18048K), 0.0008830 secs] 47707K->32232K(57984K), 0.0009130 secs] [Times: user=0.01 sys=0.00, real=0.00 secs] 
244.492: Total time for which application threads were stopped: 0.0010590 seconds, Stopping threads took: 0.0000830 seconds
244.534: Application time: 0.0427800 seconds
244.535: [GC244.535: [ParNew: 17549K->1546K(18048K), 0.0006120 secs] 48203K->32264K(57984K), 0.0006430 secs] [Times: user=0.00 sys=0.00, real=0.00 secs] 
244.535: Total time for which application threads were stopped: 0.0007930 seconds, Stopping threads took: 0.0000880 seconds
244.576: Application time: 0.0410710 seconds
244.576: [GC244.576: [ParNew: 17516K->1034K(18048K), 0.0004350 secs] 48235K->31752K(57984K), 0.0004620 secs] [Times: user=0.00 sys=0.00, real=0.00 secs] 
244.577: Total time for which application threads were stopped: 0.0006050 seconds, Stopping threads took: 0.0000860 seconds
244.616: Application time: 0.0388490 seconds
244.616: [GC244.616: [ParNew: 17074K->1576K(18048K), 0.0006390 secs] 47793K->32294K(57984K), 0.0006700 secs] [Times: user=0.01 sys=0.00, real=0.00 secs] 
244.617: Total time for which application threads were stopped: 0.0007910 seconds, Stopping threads took: 0.0000610 seconds
244.655: Application time: 0.0386520 seconds
244.655: [GC244.655: [ParNew: 17534K->1546K(18048K), 0.0007920 secs] 48253K->32840K(57984K), 0.0008220 secs] [Times: user=0.01 sys=0.00, real=0.00 secs] 
244.656: Total time for which application threads were stopped: 0.0009810 seconds, Stopping threads took: 0.0000990 seconds
244.696: Application time: 0.0399100 seconds
244.696: [GC244.696: [ParNew: 17510K->1548K(18048K), 0.0009510 secs] 48805K->33866K(57984K), 0.0009850 secs] [Times: user=0.01 sys=0.00, real=0.01 secs] 
244.697: Total time for which application threads were stopped: 0.0011250 seconds, Stopping threads took: 0.0000740 seconds
244.737: Application time: 0.0397800 seconds
244.737: [GC244.737: [ParNew: 17514K->1548K(18048K), 0.0009700 secs] 49833K->34890K(57984K), 0.0010010 secs] [Times: user=0.00 sys=0.01, real=0.01 secs] 
244.738: Total time for which application threads were stopped: 0.0011480 seconds, Stopping threads took: 0.0000820 seconds
244.779: Application time: 0.0404500 seconds
244.779: [GC244.779: [ParNew: 17521K->1548K(18048K), 0.0006770 secs] 50863K->34890K(57984K), 0.0007050 secs] [Times: user=0.01 sys=0.00, real=0.00 secs] 
244.779: Total time for which application threads were stopped: 0.0008350 seconds, Stopping threads took: 0.0000690 seconds
244.819: Application time: 0.0394570 seconds
244.819: [GC244.819: [ParNew: 17589K->1576K(18048K), 0.0008020 secs] 50931K->35430K(57984K), 0.0008320 secs] [Times: user=0.01 sys=0.00, real=0.00 secs] 
244.820: Total time for which application threads were stopped: 0.0009760 seconds, Stopping threads took: 0.0000640 seconds
244.858: Application time: 0.0383550 seconds
244.858: [GC244.858: [ParNew: 17616K->1578K(18048K), 0.0009460 secs] 51471K->36520K(57984K), 0.0009790 secs] [Times: user=0.01 sys=0.00, real=0.00 secs] 
244.859: Total time for which application threads were stopped: 0.0011130 seconds, Stopping threads took: 0.0000700 seconds
244.898: Application time: 0.0388760 seconds
244.898: [GC244.898: [ParNew: 17185K->1608K(18048K), 0.0008230 secs] 52127K->37126K(57984K), 0.0008500 secs] [Times: user=0.01 sys=0.00, real=0.00 secs] 
244.899: Total time for which application threads were stopped: 0.0010510 seconds, Stopping threads took: 0.0001420 seconds
244.940: Application time: 0.0408500 seconds
244.940: [GC244.940: [ParNew: 17577K->1546K(18048K), 0.0007930 secs] 53095K->37672K(57984K), 0.0008270 secs] [Times: user=0.00 sys=0.00, real=0.00 secs] 
244.941: Total time for which application threads were stopped: 0.0009620 seconds, Stopping threads took: 0.0000710 seconds
244.982: Application time: 0.0404700 seconds
244.982: [GC244.982: [ParNew: 17591K->1578K(18048K), 0.0008920 secs] 53717K->38216K(57984K), 0.0009220 secs] [Times: user=0.01 sys=0.00, real=0.00 secs] 
244.983: Total time for which application threads were stopped: 0.0010530 seconds, Stopping threads took: 0.0000700 seconds
245.023: Application time: 0.0406540 seconds
245.023: [GC245.023: [ParNew: 17540K->1548K(18048K), 0.0009390 secs] 54179K->39266K(57984K), 0.0009700 secs] [Times: user=0.00 sys=0.00, real=0.00 secs] 
245.024: Total time for which application threads were stopped: 0.0010980 seconds, Stopping threads took: 0.0000640 seconds
245.065: Application time: 0.0404090 seconds
245.065: [GC245.065: [ParNew: 17514K->1548K(18048K), 0.0010270 secs] 55233K->40290K(57984K), 0.0010610 secs] [Times: user=0.00 sys=0.00, real=0.01 secs] 
245.066: Total time for which application threads were stopped: 0.0011940 seconds, Stopping threads took: 0.0000650 seconds
245.107: Application time: 0.0412380 seconds
245.107: [GC245.107: [ParNew: 17514K->1548K(18048K), 0.0009730 secs] 56257K->41315K(57984K), 0.0010040 secs] [Times: user=0.01 sys=0.00, real=0.00 secs] 
245.108: Total time for which application threads were stopped: 0.0011380 seconds, Stopping threads took: 0.0000750 seconds
245.150: Application time: 0.0415420 seconds
245.150: [GC245.150: [ParNew: 17597K->17597K(18048K), 0.0000110 secs]245.150: [Tenured: 39766K->9346K(39936K), 0.0053740 secs] 57363K->9346K(57984K), [Perm : 5181K->5181K(21248K)], 0.0054330 secs] [Times: user=0.01 sys=0.00, real=0.00 secs] 
245.155: Total time for which application threads were stopped: 0.0055630 seconds, Stopping threads took: 0.0000580 seconds
245.195: Application time: 0.0397090 seconds
245.195: [GC245.195: [ParNew: 16048K->1578K(18048K), 0.0006870 secs] 25394K->10924K(57984K), 0.0007130 secs] [Times: user=0.01 sys=0.00, real=0.00 secs] 
245.196: Total time for which application threads were stopped: 0.0008640 seconds, Stopping threads took: 0.0000920 seconds
245.237: Application time: 0.0409640 seconds
245.237: [GC245.237: [ParNew: 17549K->1032K(18048K), 0.0005250 secs] 26895K->10450K(57984K), 0.0005540 secs] [Times: user=0.00 sys=0.00, real=0.01 secs] 
245.238: Total time for which application threads were stopped: 0.0007060 seconds, Stopping threads took: 0.0000930 seconds
245.279: Application time: 0.0408310 seconds
245.279: [GC245.279: [ParNew: 17002K->518K(18048K), 0.0003590 secs] 26420K->9936K(57984K), 0.0003860 secs] [Times: user=0.01 sys=0.00, real=0.00 secs] 
245.279: Total time for which application threads were stopped: 0.0005010 seconds, Stopping threads took: 0.0000620 seconds
245.319: Application time: 0.0399990 seconds
245.319: [GC245.319: [ParNew: 16563K->552K(18048K), 0.0003000 secs] 25981K->9970K(57984K), 0.0003270 secs] [Times: user=0.00 sys=0.00, real=0.00 secs] 
245.319: Total time for which application threads were stopped: 0.0004370 seconds, Stopping threads took: 0.0000540 seconds
245.356: Application time: 0.0368930 seconds
245.357: [GC245.357: [ParNew: 16506K->1578K(18048K), 0.0007780 secs] 25924K->11508K(57984K), 0.0008190 secs] [Times: user=0.01 sys=0.00, real=0.01 secs] 
245.357: Total time for which application threads were stopped: 0.0009670 seconds, Stopping threads took: 0.0000740 seconds
245.397: Application time: 0.0397720 seconds
245.397: [GC245.397: [ParNew: 17536K->1548K(18048K), 0.0009570 secs] 27466K->12566K(57984K), 0.0009880 secs] [Times: user=0.01 sys=0.00, real=0.00 secs] 
245.398: Total time for which application threads were stopped: 0.0011980 seconds, Stopping threads took: 0.0001460 seconds
245.440: Application time: 0.0417810 seconds
245.440: [GC245.440: [ParNew: 17523K->1546K(18048K), 0.0006100 secs] 28541K->12564K(57984K), 0.0006380 secs] [Times: user=0.01 sys=0.00, real=0.00 secs] 
245.441: Total time for which application threads were stopped: 0.0007650 seconds, Stopping threads took: 0.0000690 seconds
245.481: Application time: 0.0404500 seconds
245.481: [GC245.481: [ParNew: 17516K->1034K(18048K), 0.0004270 secs] 28535K->12052K(57984K), 0.0004560 secs] [Times: user=0.00 sys=0.00, real=0.00 secs] 
245.482: Total time for which application threads were stopped: 0.0005750 seconds, Stopping threads took: 0.0000590 seconds
245.522: Application time: 0.0403390 seconds
245.522: [GC245.522: [ParNew: 17078K->1064K(18048K), 0.0005170 secs] 28096K->12082K(57984K), 0.0005450 secs] [Times: user=0.00 sys=0.00, real=0.00 secs] 
245.523: Total time for which application threads were stopped: 0.0006770 seconds, Stopping threads took: 0.0000740 seconds
245.560: Application time: 0.0367330 seconds
245.560: [GC245.560: [ParNew: 16737K->1636K(18048K), 0.0009840 secs] 27755K->13734K(57984K), 0.0010150 secs] [Times: user=0.01 sys=0.00, real=0.00 secs] 
245.561: Total time for which application threads were stopped: 0.0011480 seconds, Stopping threads took: 0.0000680 seconds
245.600: Application time: 0.0395730 seconds
245.600: [GC245.601: [ParNew: 17603K->1550K(18048K), 0.0009830 secs] 29701K->14800K(57984K), 0.0010150 secs] [Times: user=0.00 sys=0.00, real=0.00 secs] 
245.602: Total time for which application threads were stopped: 0.0011610 seconds, Stopping threads took: 0.0000810 seconds
245.643: Application time: 0.0416190 seconds
245.643: [GC245.643: [ParNew: 17521K->1548K(18048K), 0.0007860 secs] 30771K->15310K(57984K), 0.0008140 secs] [Times: user=0.00 sys=0.00, real=0.00 secs] 
245.644: Total time for which application threads were stopped: 0.0009370 seconds, Stopping threads took: 0.0000600 seconds
245.685: Application time: 0.0411860 seconds
245.686: [GC245.686: [ParNew: 17597K->1580K(18048K), 0.0006390 secs] 31359K->15342K(57984K), 0.0006680 secs] [Times: user=0.00 sys=0.00, real=0.00 secs] 
245.686: Total time for which application threads were stopped: 0.0009170 seconds, Stopping threads took: 0.0001890 seconds
245.725: Application time: 0.0386280 seconds
245.725: [GC245.725: [ParNew: 17538K->1548K(18048K), 0.0009630 secs] 31300K->16398K(57984K), 0.0009960 secs] [Times: user=0.01 sys=0.00, real=0.01 secs] 
245.726: Total time for which application threads were stopped: 0.0011220 seconds, Stopping threads took: 0.0000620 seconds
245.765: Application time: 0.0389050 seconds
245.765: [GC245.765: [ParNew: 17510K->1548K(18048K), 0.0011500 secs] 32361K->17934K(57984K), 0.0011830 secs] [Times: user=0.01 sys=0.00, real=0.01 secs] 
245.766: Total time for which application threads were stopped: 0.0013100 seconds, Stopping threads took: 0.0000620 seconds
245.807: Application time: 0.0406740 seconds
245.807: [GC245.807: [ParNew: 17597K->1580K(18048K), 0.0009870 secs] 33983K->18990K(57984K), 0.0010170 secs] [Times: user=0.01 sys=0.00, real=0.00 secs] 
245.808: Total time for which application threads were stopped: 0.0011490 seconds, Stopping threads took: 0.0000670 seconds
245.848: Application time: 0.0397940 seconds
245.848: [GC245.848: [ParNew: 17629K->1578K(18048K), 0.0007930 secs] 35039K->19564K(57984K), 0.0008220 secs] [Times: user=0.00 sys=0.00, real=0.00 secs] 
245.849: Total time for which application threads were stopped: 0.0009540 seconds, Stopping threads took: 0.0000710 seconds
245.890: Application time: 0.0412710 seconds
245.890: [GC245.890: [ParNew: 17551K->1036K(18048K), 0.0004480 secs] 35537K->19102K(57984K), 0.0004830 secs] [Times: user=0.01 sys=0.00, real=0.00 secs] 
245.891: Total time for which application threads were stopped: 0.0006070 seconds, Stopping threads took: 0.0000600 seconds
245.929: Application time: 0.0383950 seconds
245.929: [GC245.929: [ParNew: 16994K->1550K(18048K), 0.0008190 secs] 35061K->20128K(57984K), 0.0008490 secs] [Times: user=0.01 sys=0.00, real=0.00 secs] 
245.930: Total time for which application threads were stopped: 0.0009690 seconds, Stopping threads took: 0.0000590 seconds
245.969: Application time: 0.0393610 seconds
245.970: [GC245.970: [ParNew: 17510K->1548K(18048K), 0.0008470 secs] 36089K->20638K(57984K), 0.0008780 secs] [Times: user=0.00 sys=0.00, real=0.00 secs] 
245.970: Total time for which application threads were stopped: 0.0010730 seconds, Stopping threads took: 0.0001320 seconds
246.011: Application time: 0.0403900 seconds
246.011: [GC246.011: [ParNew: 17595K->1574K(18048K), 0.0009060 secs] 36685K->21176K(57984K), 0.0009350 secs] [Times: user=0.01 sys=0.00, real=0.00 secs] 
246.012: Total time for which application threads were stopped: 0.0010550 seconds, Stopping threads took: 0.0000580 seconds
246.052: Application time: 0.0398490 seconds
246.052: [GC246.052: [ParNew: 17545K->1546K(18048K), 0.0006130 secs] 37147K->21204K(57984K), 0.0006410 secs] [Times: user=0.00 sys=0.00, real=0.00 secs] 
246.053: Total time for which application threads were stopped: 0.0007700 seconds, Stopping threads took: 0.0000680 seconds
246.092: Application time: 0.0393190 seconds
246.092: [GC246.092: [ParNew: 17512K->1546K(18048K), 0.0006170 secs] 37171K->21204K(57984K), 0.0006440 secs] [Times: user=0.00 sys=0.00, real=0.00 secs] 
246.093: Total time for which application threads were stopped: 0.0007680 seconds, Stopping threads took: 0.0000670 seconds
246.134: Application time: 0.0409560 seconds
246.134: [GC246.134: [ParNew: 17516K->1034K(18048K), 0.0005100 secs] 37175K->20692K(57984K), 0.0005380 secs] [Times: user=0.00 sys=0.00, real=0.00 secs] 
246.134: Total time for which application threads were stopped: 0.0006570 seconds, Stopping threads took: 0.0000620 seconds
246.172: Application time: 0.0377000 seconds
246.172: [GC246.172: [ParNew: 17070K->1578K(18048K), 0.0008190 secs] 36729K->21748K(57984K), 0.0008510 secs] [Times: user=0.00 sys=0.00, real=0.00 secs] 
246.173: Total time for which application threads were stopped: 0.0010050 seconds, Stopping threads took: 0.0000900 seconds
246.214: Application time: 0.0412900 seconds
246.214: [GC246.214: [ParNew: 17627K->1576K(18048K), 0.0006090 secs] 37798K->21818K(57984K), 0.0006410 secs] [Times: user=0.01 sys=0.00, real=0.00 secs] 
246.215: Total time for which application threads were stopped: 0.0007570 seconds, Stopping threads took: 0.0000550 seconds
246.255: Application time: 0.0398540 seconds
246.255: [GC246.255: [ParNew: 17187K->1092K(18048K), 0.0005820 secs] 37429K->21390K(57984K), 0.0006110 secs] [Times: user=0.01 sys=0.00, real=0.00 secs] 
246.256: Total time for which application threads were stopped: 0.0007290 seconds, Stopping threads took: 0.0000620 seconds
246.295: Application time: 0.0393730 seconds
246.295: [GC246.295: [ParNew: 17063K->518K(18048K), 0.0003660 secs] 37361K->20928K(57984K), 0.0003940 secs] [Times: user=0.01 sys=0.00, real=0.00 secs] 
246.295: Total time for which application threads were stopped: 0.0005030 seconds, Stopping threads took: 0.0000520 seconds
246.333: Application time: 0.0379550 seconds
246.333: [GC246.334: [ParNew: 16472K->1544K(18048K), 0.0007600 secs] 36883K->22466K(57984K), 0.0007900 secs] [Times: user=0.00 sys=0.00, real=0.00 secs] 
246.334: Total time for which application threads were stopped: 0.0009110 seconds, Stopping threads took: 0.0000580 seconds
246.374: Application time: 0.0393370 seconds
246.374: [GC246.374: [ParNew: 17588K->1578K(18048K), 0.0008690 secs] 38511K->23012K(57984K), 0.0009000 secs] [Times: user=0.01 sys=0.00, real=0.00 secs] 
246.375: Total time for which application threads were stopped: 0.0010950 seconds, Stopping threads took: 0.0001230 seconds
246.415: Application time: 0.0403120 seconds
246.415: [GC246.415: [ParNew: 17544K->1546K(18048K), 0.0007920 secs] 38979K->23564K(57984K), 0.0008230 secs] [Times: user=0.00 sys=0.00, real=0.00 secs] 
246.416: Total time for which application threads were stopped: 0.0009680 seconds, Stopping threads took: 0.0000740 seconds
246.456: Application time: 0.0395000 seconds
246.456: [GC246.456: [ParNew: 17517K->1548K(18048K), 0.0006100 secs] 39535K->23566K(57984K), 0.0006430 secs] [Times: user=0.00 sys=0.00, real=0.00 secs] 
246.456: Total time for which application threads were stopped: 0.0007700 seconds, Stopping threads took: 0.0000650 seconds
246.497: Application time: 0.0402220 seconds
246.497: [GC246.497: [ParNew: 17593K->1576K(18048K), 0.0006030 secs] 39612K->23595K(57984K), 0.0006310 secs] [Times: user=0.01 sys=0.00, real=0.01 secs] 
246.497: Total time for which application threads were stopped: 0.0007540 seconds, Stopping threads took: 0.0000650 seconds
246.538: Application time: 0.0402360 seconds
246.538: [GC246.538: [ParNew: 17625K->1064K(18048K), 0.0004530 secs] 39643K->23155K(57984K), 0.0004810 secs] [Times: user=0.00 sys=0.00, real=0.00 secs] 
246.538: Total time for which application threads were stopped: 0.0006050 seconds, Stopping threads took: 0.0000650 seconds
246.576: Application time: 0.0379840 seconds
246.576: [GC246.576: [ParNew: 17022K->1550K(18048K), 0.0007980 secs] 39113K->24217K(57984K), 0.0008280 secs] [Times: user=0.00 sys=0.00, real=0.00 secs] 
246.577: Total time for which application threads were stopped: 0.0009650 seconds, Stopping threads took: 0.0000750 seconds
246.618: Application time: 0.0405040 seconds
246.618: [GC246.618: [ParNew: 17516K->1546K(18048K), 0.0007850 secs] 40183K->24725K(57984K), 0.0008130 secs] [Times: user=0.01 sys=0.00, real=0.00 secs] 
246.619: Total time for which application threads were stopped: 0.0009410 seconds, Stopping threads took: 0.0000720 seconds
246.659: Application time: 0.0403400 seconds
246.659: [GC246.659: [ParNew: 17595K->1578K(18048K), 0.0006950 secs] 40774K->24757K(57984K), 0.0007230 secs] [Times: user=0.00 sys=0.00, real=0.00 secs] 
246.660: Total time for which application threads were stopped: 0.0008550 seconds, Stopping threads took: 0.0000750 seconds
246.699: Application time: 0.0395510 seconds
246.699: [GC246.699: [ParNew: 17540K->1548K(18048K), 0.0008460 secs] 40719K->25303K(57984K), 0.0008770 secs] [Times: user=0.01 sys=0.00, real=0.00 secs] 
246.700: Total time for which application threads were stopped: 0.0010060 seconds, Stopping threads took: 0.0000670 seconds
246.741: Application time: 0.0405550 seconds
246.741: [GC246.741: [ParNew: 17514K->1548K(18048K), 0.0008240 secs] 41269K->25815K(57984K), 0.0008520 secs] [Times: user=0.01 sys=0.00, real=0.00 secs] 
246.742: Total time for which application threads were stopped: 0.0010030 seconds, Stopping threads took: 0.0000910 seconds
246.782: Application time: 0.0398630 seconds
246.782: [GC246.782: [ParNew: 17514K->1548K(18048K), 0.0007990 secs] 41781K->26327K(57984K), 0.0008290 secs] [Times: user=0.00 sys=0.00, real=0.00 secs] 
246.783: Total time for which application threads were stopped: 0.0009500 seconds, Stopping threads took: 0.0000600 seconds
246.823: Application time: 0.0398740 seconds
246.823: [GC246.823: [ParNew: 17519K->1548K(18048K), 0.0005920 secs] 42298K->26327K(57984K), 0.0006200 secs] [Times: user=0.01 sys=0.00, real=0.00 secs] 
246.823: Total time for which application threads were stopped: 0.0007720 seconds, Stopping threads took: 0.0000930 seconds
246.864: Application time: 0.0404020 seconds
246.864: [GC246.864: [ParNew: 17592K->1576K(18048K), 0.0006750 secs] 42371K->26355K(57984K), 0.0007030 secs] [Times: user=0.00 sys=0.00, real=0.00 secs] 
246.865: Total time for which application threads were stopped: 0.0008220 seconds, Stopping threads took: 0.0000610 seconds
246.902: Application time: 0.0371650 seconds
246.902: [GC246.902: [ParNew: 17624K->1586K(18048K), 0.0008300 secs] 42403K->26933K(57984K), 0.0008700 secs] [Times: user=0.00 sys=0.00, real=0.00 secs] 
246.903: Total time for which application threads were stopped: 0.0010010 seconds, Stopping threads took: 0.0000670 seconds
246.943: Application time: 0.0399870 seconds
246.943: [GC246.943: [ParNew: 17189K->1606K(18048K), 0.0006940 secs] 42536K->27033K(57984K), 0.0007230 secs] [Times: user=0.00 sys=0.00, real=0.00 secs] 
246.944: Total time for which application threads were stopped: 0.0009290 seconds, Stopping threads took: 0.0001380 seconds
246.984: Application time: 0.0405290 seconds
246.984: [GC246.984: [ParNew: 17568K->1548K(18048K), 0.0007990 secs] 42995K->27583K(57984K), 0.0008310 secs] [Times: user=0.01 sys=0.00, real=0.00 secs] 
246.985: Total time for which application threads were stopped: 0.0009720 seconds, Stopping threads took: 0.0000780 seconds
247.026: Application time: 0.0405490 seconds
247.026: [GC247.026: [ParNew: 17599K->1064K(18048K), 0.0005360 secs] 43634K->27099K(57984K), 0.0005620 secs] [Times: user=0.01 sys=0.00, real=0.00 secs] 
247.026: Total time for which application threads were stopped: 0.0006810 seconds, Stopping threads took: 0.0000630 seconds
247.065: Application time: 0.0381750 seconds
247.065: [GC247.065: [ParNew: 17018K->1548K(18048K), 0.0009540 secs] 43053K->28679K(57984K), 0.0009870 secs] [Times: user=0.01 sys=0.00, real=0.01 secs] 
247.066: Total time for which application threads were stopped: 0.0011180 seconds, Stopping threads took: 0.0000660 seconds
247.106: Application time: 0.0398590 seconds
247.106: [GC247.106: [ParNew: 17510K->1548K(18048K), 0.0010810 secs] 44641K->30215K(57984K), 0.0011150 secs] [Times: user=0.00 sys=0.00, real=0.00 secs] 
247.107: Total time for which application threads were stopped: 0.0012390 seconds, Stopping threads took: 0.0000600 seconds
247.146: Application time: 0.0396240 seconds
247.147: [GC247.147: [ParNew: 17519K->1548K(18048K), 0.0009730 secs] 46186K->31239K(57984K), 0.0010040 secs] [Times: user=0.01 sys=0.00, real=0.00 secs] 
247.148: Total time for which application threads were stopped: 0.0011500 seconds, Stopping threads took: 0.0000800 seconds
247.187: Application time: 0.0397340 seconds
247.187: [GC247.187: [ParNew: 17163K->1608K(18048K), 0.0006190 secs] 46855K->31299K(57984K), 0.0006490 secs] [Times: user=0.00 sys=0.00, real=0.00 secs] 
247.188: Total time for which application threads were stopped: 0.0007770 seconds, Stopping threads took: 0.0000660 seconds
247.228: Application time: 0.0400750 seconds
247.228: [GC247.228: [ParNew: 17574K->1548K(18048K), 0.0006140 secs] 47266K->31351K(57984K), 0.0006410 secs] [Times: user=0.00 sys=0.00, real=0.00 secs] 
247.229: Total time for which application threads were stopped: 0.0007700 seconds, Stopping threads took: 0.0000700 seconds
247.269: Application time: 0.0397300 seconds
247.269: [GC247.269: [ParNew: 17514K->1036K(18048K), 0.0004920 secs] 47318K->30839K(57984K), 0.0005230 secs] [Times: user=0.00 sys=0.00, real=0.00 secs] 
247.269: Total time for which application threads were stopped: 0.0007270 seconds, Stopping threads took: 0.0001440 seconds
247.310: Application time: 0.0405750 seconds
247.310: [GC247.310: [ParNew: 16996K->1550K(18048K), 0.0006820 secs] 46799K->31353K(57984K), 0.0007140 secs] [Times: user=0.01 sys=0.00, real=0.00 secs] 
247.311: Total time for which application threads were stopped: 0.0009540 seconds, Stopping threads took: 0.0001800 seconds
247.350: Application time: 0.0391970 seconds
247.350: [GC247.350: [ParNew: 17592K->1576K(18048K), 0.0007850 secs] 47396K->31891K(57984K), 0.0008190 secs] [Times: user=0.01 sys=0.00, real=0.00 secs] 
247.351: Total time for which application threads were stopped: 0.0009810 seconds, Stopping threads took: 0.0000980 seconds
247.390: Application time: 0.0392610 seconds
247.390: [GC247.390: [ParNew: 17538K->1546K(18048K), 0.0008040 secs] 47854K->32453K(57984K), 0.0008360 secs] [Times: user=0.00 sys=0.00, real=0.00 secs] 
247.391: Total time for which application threads were stopped: 0.0009860 seconds, Stopping threads took: 0.0000840 seconds
247.432: Application time: 0.0410690 seconds
247.432: [GC247.433: [ParNew: 17514K->1548K(18048K), 0.0007790 secs] 48422K->32967K(57984K), 0.0008160 secs] [Times: user=0.01 sys=0.00, real=0.00 secs] 
247.433: Total time for which application threads were stopped: 0.0009440 seconds, Stopping threads took: 0.0000660 seconds
247.472: Application time: 0.0390410 seconds
247.472: [GC247.473: [ParNew: 17514K->1548K(18048K), 0.0008650 secs] 48934K->33479K(57984K), 0.0008970 secs] [Times: user=0.01 sys=0.00, real=0.00 secs] 
247.473: Total time for which application threads were stopped: 0.0010350 seconds, Stopping threads took: 0.0000690 seconds
247.515: Application time: 0.0412980 seconds
247.515: [GC247.515: [ParNew: 17597K->1062K(18048K), 0.0005640 secs] 49528K->32993K(57984K), 0.0005910 secs] [Times: user=0.00 sys=0.00, real=0.00 secs] 
247.515: Total time for which application threads were stopped: 0.0007530 seconds, Stopping threads took: 0.0001060 seconds
247.557: Application time: 0.0414010 seconds
247.557: [GC247.557: [ParNew: 17113K->554K(18048K), 0.0003470 secs] 49044K->32549K(57984K), 0.0003730 secs] [Times: user=0.00 sys=0.00, real=0.01 secs] 
247.557: Total time for which application threads were stopped: 0.0005100 seconds, Stopping threads took: 0.0000810 seconds
247.593: Application time: 0.0351370 seconds
247.593: [GC247.593: [ParNew: 16140K->1634K(18048K), 0.0012430 secs] 48136K->35165K(57984K), 0.0012790 secs] [Times: user=0.01 sys=0.00, real=0.00 secs] 
247.594: Total time for which application threads were stopped: 0.0014260 seconds, Stopping threads took: 0.0000810 seconds
247.635: Application time: 0.0412930 seconds
247.635: [GC247.635: [ParNew: 17605K->1550K(18048K), 0.0009770 secs] 51136K->36241K(57984K), 0.0010090 secs] [Times: user=0.01 sys=0.00, real=0.00 secs] 
247.636: Total time for which application threads were stopped: 0.0012310 seconds, Stopping threads took: 0.0001560 seconds
247.678: Application time: 0.0416110 seconds
247.678: [GC247.678: [ParNew: 17521K->1548K(18048K), 0.0007920 secs] 52212K->36751K(57984K), 0.0008220 secs] [Times: user=0.00 sys=0.00, real=0.00 secs] 
247.679: Total time for which application threads were stopped: 0.0009500 seconds, Stopping threads took: 0.0000690 seconds
247.721: Application time: 0.0416340 seconds
247.721: [GC247.721: [ParNew: 17595K->1578K(18048K), 0.0006450 secs] 52798K->36781K(57984K), 0.0006750 secs] [Times: user=0.00 sys=0.00, real=0.00 secs] 
247.721: Total time for which application threads were stopped: 0.0008070 seconds, Stopping threads took: 0.0000730 seconds
247.760: Application time: 0.0386260 seconds
247.760: [GC247.760: [ParNew: 17540K->1548K(18048K), 0.0007820 secs] 52744K->37327K(57984K), 0.0008100 secs] [Times: user=0.00 sys=0.00, real=0.00 secs] 
247.761: Total time for which application threads were stopped: 0.0009470 seconds, Stopping threads took: 0.0000740 seconds
247.801: Application time: 0.0399870 seconds
247.801: [GC247.801: [ParNew: 17519K->1548K(18048K), 0.0006390 secs] 53298K->37327K(57984K), 0.0006640 secs] [Times: user=0.01 sys=0.00, real=0.00 secs] 
247.802: Total time for which application threads were stopped: 0.0008230 seconds, Stopping threads took: 0.0000910 seconds
247.842: Application time: 0.0401760 seconds
247.842: [GC247.842: [ParNew: 17514K->1548K(18048K), 0.0006090 secs] 53294K->37327K(57984K), 0.0006350 secs] [Times: user=0.00 sys=0.00, real=0.00 secs] 
247.843: Total time for which application threads were stopped: 0.0007600 seconds, Stopping threads took: 0.0000670 seconds
247.882: Application time: 0.0390630 seconds
247.882: [GC247.882: [ParNew: 17154K->1608K(18048K), 0.0006470 secs] 52934K->37387K(57984K), 0.0006750 secs] [Times: user=0.01 sys=0.00, real=0.00 secs] 
247.883: Total time for which application threads were stopped: 0.0008050 seconds, Stopping threads took: 0.0000700 seconds
247.921: Application time: 0.0385110 seconds
247.921: [GC247.921: [ParNew: 17570K->1548K(18048K), 0.0008210 secs] 53350K->37935K(57984K), 0.0008510 secs] [Times: user=0.00 sys=0.00, real=0.00 secs] 
247.922: Total time for which application threads were stopped: 0.0009920 seconds, Stopping threads took: 0.0000690 seconds
247.961: Application time: 0.0392430 seconds
247.962: [GC247.962: [ParNew: 17510K->1550K(18048K), 0.0009670 secs] 53898K->38961K(57984K), 0.0009970 secs] [Times: user=0.01 sys=0.00, real=0.00 secs] 
247.963: Total time for which application threads were stopped: 0.0011220 seconds, Stopping threads took: 0.0000620 seconds
248.003: Application time: 0.0399890 seconds
248.003: [GC248.003: [ParNew: 17595K->1578K(18048K), 0.0009570 secs] 55006K->40014K(57984K), 0.0009880 secs] [Times: user=0.01 sys=0.00, real=0.00 secs] 
248.004: Total time for which application threads were stopped: 0.0011410 seconds, Stopping threads took: 0.0000790 seconds
248.043: Application time: 0.0393920 seconds
248.043: [GC248.043: [ParNew: 17544K->1550K(18048K), 0.0008230 secs] 55980K->40554K(57984K), 0.0008500 secs] [Times: user=0.01 sys=0.00, real=0.00 secs] 
248.044: Total time for which application threads were stopped: 0.0010140 seconds, Stopping threads took: 0.0001040 seconds
248.084: Application time: 0.0397640 seconds
248.084: [GC248.084: [ParNew: 17518K->1548K(18048K), 0.0007910 secs] 56522K->41064K(57984K), 0.0008220 secs] [Times: user=0.00 sys=0.00, real=0.00 secs] 
248.085: Total time for which application threads were stopped: 0.0009450 seconds, Stopping threads took: 0.0000580 seconds
248.127: Application time: 0.0420880 seconds
248.127: [GC248.127: [ParNew: 17514K->1548K(18048K), 0.0008050 secs]248.128: [Tenured: 40027K->9547K(40452K), 0.0051330 secs] 57030K->9547K(58500K), [Perm : 5181K->5181K(21248K)], 0.0060110 secs] [Times: user=0.01 sys=0.00, real=0.00 secs] 
248.133: Total time for which application threads were stopped: 0.0061410 seconds, Stopping threads took: 0.0000680 seconds
248.172: Application time: 0.0385800 seconds
248.172: [GC248.172: [ParNew: 15962K->1548K(18048K), 0.0009880 secs] 25509K->12119K(57984K), 0.0010190 secs] [Times: user=0.00 sys=0.00, real=0.00 secs] 
248.173: Total time for which application threads were stopped: 0.0011590 seconds, Stopping threads took: 0.0000750 seconds
248.213: Application time: 0.0398170 seconds
248.213: [GC248.213: [ParNew: 17159K->1608K(18048K), 0.0008260 secs] 27730K->12691K(57984K), 0.0008590 secs] [Times: user=0.01 sys=0.00, real=0.00 secs] 
248.214: Total time for which application threads were stopped: 0.0009920 seconds, Stopping threads took: 0.0000720 seconds
248.253: Application time: 0.0394170 seconds
248.253: [GC248.253: [ParNew: 17574K->1546K(18048K), 0.0008190 secs] 28658K->13245K(57984K), 0.0008480 secs] [Times: user=0.01 sys=0.00, real=0.00 secs] 
248.254: Total time for which application threads were stopped: 0.0009800 seconds, Stopping threads took: 0.0000700 seconds
248.294: Application time: 0.0395280 seconds
248.294: [GC248.294: [ParNew: 17157K->1608K(18048K), 0.0006460 secs] 28856K->13307K(57984K), 0.0006730 secs] [Times: user=0.00 sys=0.00, real=0.00 secs] 
248.294: Total time for which application threads were stopped: 0.0007880 seconds, Stopping threads took: 0.0000560 seconds
248.335: Application time: 0.0402120 seconds
248.335: [GC248.335: [ParNew: 17579K->1032K(18048K), 0.0005850 secs] 29278K->12819K(57984K), 0.0006110 secs] [Times: user=0.01 sys=0.00, real=0.00 secs] 
248.335: Total time for which application threads were stopped: 0.0007330 seconds, Stopping threads took: 0.0000660 seconds
248.375: Application time: 0.0398990 seconds
248.375: [GC248.375: [ParNew: 16998K->1034K(18048K), 0.0004960 secs] 28786K->12821K(57984K), 0.0005210 secs] [Times: user=0.00 sys=0.00, real=0.00 secs] 
248.376: Total time for which application threads were stopped: 0.0006510 seconds, Stopping threads took: 0.0000760 seconds
248.414: Application time: 0.0380710 seconds
248.414: [GC248.414: [ParNew: 17070K->1578K(18048K), 0.0008290 secs] 28857K->13877K(57984K), 0.0008590 secs] [Times: user=0.01 sys=0.00, real=0.00 secs] 
248.415: Total time for which application threads were stopped: 0.0009870 seconds, Stopping threads took: 0.0000670 seconds
248.455: Application time: 0.0404950 seconds
248.455: [GC248.456: [ParNew: 17549K->1548K(18048K), 0.0005960 secs] 29848K->13911K(57984K), 0.0006330 secs] [Times: user=0.01 sys=0.00, real=0.00 secs] 
248.456: Total time for which application threads were stopped: 0.0007580 seconds, Stopping threads took: 0.0000660 seconds
248.496: Application time: 0.0403040 seconds
248.497: [GC248.497: [ParNew: 17519K->1034K(18048K), 0.0004440 secs] 29882K->13397K(57984K), 0.0004700 secs] [Times: user=0.00 sys=0.00, real=0.00 secs] 
248.497: Total time for which application threads were stopped: 0.0007360 seconds, Stopping threads took: 0.0002000 seconds
248.534: Application time: 0.0365480 seconds
248.534: [GC248.534: [ParNew: 16624K->1608K(18048K), 0.0011110 secs] 28988K->15507K(57984K), 0.0011430 secs] [Times: user=0.01 sys=0.00, real=0.00 secs] 
248.535: Total time for which application threads were stopped: 0.0013050 seconds, Stopping threads took: 0.0000880 seconds
248.578: Application time: 0.0424840 seconds
248.578: [GC248.578: [ParNew: 17579K->1546K(18048K), 0.0010570 secs] 31478K->16573K(57984K), 0.0010890 secs] [Times: user=0.01 sys=0.00, real=0.00 secs] 
248.579: Total time for which application threads were stopped: 0.0012110 seconds, Stopping threads took: 0.0000590 seconds
248.621: Application time: 0.0421810 seconds
248.621: [GC248.621: [ParNew: 17512K->1548K(18048K), 0.0010770 secs] 32540K->17599K(57984K), 0.0011100 secs] [Times: user=0.01 sys=0.00, real=0.00 secs] 
248.622: Total time for which application threads were stopped: 0.0012420 seconds, Stopping threads took: 0.0000670 seconds
248.665: Application time: 0.0433050 seconds
248.666: [GC248.666: [ParNew: 17519K->1546K(18048K), 0.0008080 secs] 33570K->18109K(57984K), 0.0008390 secs] [Times: user=0.00 sys=0.00, real=0.00 secs] 
248.666: Total time for which application threads were stopped: 0.0009660 seconds, Stopping threads took: 0.0000640 seconds
248.711: Application time: 0.0441540 seconds
248.711: [GC248.711: [ParNew: 17595K->1578K(18048K), 0.0006020 secs] 34158K->18141K(57984K), 0.0006320 secs] [Times: user=0.00 sys=0.00, real=0.00 secs] 
248.711: Total time for which application threads were stopped: 0.0008010 seconds, Stopping threads took: 0.0001090 seconds
248.754: Application time: 0.0427100 seconds
248.754: [GC248.754: [ParNew: 17544K->1546K(18048K), 0.0005920 secs] 34108K->18181K(57984K), 0.0006210 secs] [Times: user=0.01 sys=0.00, real=0.00 secs] 
248.755: Total time for which application threads were stopped: 0.0007450 seconds, Stopping threads took: 0.0000610 seconds
248.799: Application time: 0.0438030 seconds
248.799: [GC248.799: [ParNew: 17512K->1544K(18048K), 0.0006710 secs] 34148K->18179K(57984K), 0.0007010 secs] [Times: user=0.00 sys=0.00, real=0.00 secs] 
248.799: Total time for which application threads were stopped: 0.0008210 seconds, Stopping threads took: 0.0000570 seconds
248.842: Application time: 0.0429290 seconds
248.843: [GC248.843: [ParNew: 17510K->1546K(18048K), 0.0007480 secs] 34146K->18181K(57984K), 0.0007740 secs] [Times: user=0.00 sys=0.00, real=0.00 secs] 
248.843: Total time for which application threads were stopped: 0.0008960 seconds, Stopping threads took: 0.0000590 seconds
248.889: Application time: 0.0454470 seconds
248.889: [GC248.889: [ParNew: 17589K->1578K(18048K), 0.0006520 secs] 34224K->18213K(57984K), 0.0006820 secs] [Times: user=0.00 sys=0.00, real=0.00 secs] 
248.890: Total time for which application threads were stopped: 0.0008110 seconds, Stopping threads took: 0.0000680 seconds
248.932: Application time: 0.0425580 seconds
248.932: [GC248.932: [ParNew: 17618K->1580K(18048K), 0.0006360 secs] 34254K->18271K(57984K), 0.0006670 secs] [Times: user=0.00 sys=0.00, real=0.00 secs] 
248.933: Total time for which application threads were stopped: 0.0008270 seconds, Stopping threads took: 0.0000980 seconds
248.975: Application time: 0.0420790 seconds
248.975: [GC248.975: [ParNew: 17189K->1608K(18048K), 0.0006190 secs] 33881K->18363K(57984K), 0.0006480 secs] [Times: user=0.00 sys=0.00, real=0.00 secs] 
248.976: Total time for which application threads were stopped: 0.0007900 seconds, Stopping threads took: 0.0000730 seconds
249.017: Application time: 0.0410640 seconds
249.017: [GC249.017: [ParNew: 17566K->1546K(18048K), 0.0009660 secs] 34322K->19437K(57984K), 0.0010010 secs] [Times: user=0.01 sys=0.00, real=0.01 secs] 
249.018: Total time for which application threads were stopped: 0.0011330 seconds, Stopping threads took: 0.0000610 seconds
249.062: Application time: 0.0440110 seconds
249.062: [GC249.062: [ParNew: 17519K->1546K(18048K), 0.0006050 secs] 35410K->19437K(57984K), 0.0006340 secs] [Times: user=0.01 sys=0.00, real=0.00 secs] 
249.063: Total time for which application threads were stopped: 0.0007720 seconds, Stopping threads took: 0.0000700 seconds
249.106: Application time: 0.0436620 seconds
249.107: [GC249.107: [ParNew: 17504K->1548K(18048K), 0.0009020 secs] 35396K->20463K(57984K), 0.0009370 secs] [Times: user=0.00 sys=0.00, real=0.00 secs] 
249.108: Total time for which application threads were stopped: 0.0010690 seconds, Stopping threads took: 0.0000660 seconds
249.151: Application time: 0.0438850 seconds
249.152: [GC249.152: [ParNew: 17597K->1578K(18048K), 0.0007870 secs] 36512K->21005K(57984K), 0.0008160 secs] [Times: user=0.01 sys=0.00, real=0.00 secs] 
249.152: Total time for which application threads were stopped: 0.0009480 seconds, Stopping threads took: 0.0000680 seconds
249.197: Application time: 0.0441430 seconds
249.197: [GC249.197: [ParNew: 17549K->1546K(18048K), 0.0006230 secs] 36976K->21045K(57984K), 0.0006480 secs] [Times: user=0.01 sys=0.00, real=0.01 secs] 
249.197: Total time for which application threads were stopped: 0.0007960 seconds, Stopping threads took: 0.0000820 seconds
249.239: Application time: 0.0417750 seconds
249.239: [GC249.239: [ParNew: 17512K->1546K(18048K), 0.0006190 secs] 37012K->21045K(57984K), 0.0006470 secs] [Times: user=0.00 sys=0.00, real=0.00 secs] 
249.240: Total time for which application threads were stopped: 0.0007700 seconds, Stopping threads took: 0.0000630 seconds
249.282: Application time: 0.0425330 seconds
249.283: [GC249.283: [ParNew: 17157K->1096K(18048K), 0.0004670 secs] 36657K->20595K(57984K), 0.0004950 secs] [Times: user=0.01 sys=0.00, real=0.00 secs] 
249.283: Total time for which application threads were stopped: 0.0006150 seconds, Stopping threads took: 0.0000580 seconds
249.326: Application time: 0.0433110 seconds
249.326: [GC249.326: [ParNew: 17062K->1034K(18048K), 0.0004560 secs] 36562K->20637K(57984K), 0.0004840 secs] [Times: user=0.00 sys=0.00, real=0.00 secs] 
249.327: Total time for which application threads were stopped: 0.0006280 seconds, Stopping threads took: 0.0000840 seconds
249.371: Application time: 0.0442810 seconds
249.371: [GC249.371: [ParNew: 17000K->1032K(18048K), 0.0005170 secs] 36604K->20635K(57984K), 0.0005460 secs] [Times: user=0.00 sys=0.00, real=0.00 secs] 
249.372: Total time for which application threads were stopped: 0.0006650 seconds, Stopping threads took: 0.0000590 seconds
249.414: Application time: 0.0424740 seconds
249.414: [GC249.415: [ParNew: 17073K->1580K(18048K), 0.0006560 secs] 36676K->21183K(57984K), 0.0006880 secs] [Times: user=0.01 sys=0.00, real=0.00 secs] 
249.415: Total time for which application threads were stopped: 0.0008070 seconds, Stopping threads took: 0.0000550 seconds
249.456: Application time: 0.0412610 seconds
249.457: [GC249.457: [ParNew: 17538K->1548K(18048K), 0.0009580 secs] 37142K->22247K(57984K), 0.0009930 secs] [Times: user=0.00 sys=0.00, real=0.01 secs] 
249.458: Total time for which application threads were stopped: 0.0011330 seconds, Stopping threads took: 0.0000740 seconds
249.502: Application time: 0.0446550 seconds
249.502: [GC249.502: [ParNew: 17521K->1546K(18048K), 0.0006280 secs] 38220K->22245K(57984K), 0.0006570 secs] [Times: user=0.00 sys=0.00, real=0.00 secs] 
249.503: Total time for which application threads were stopped: 0.0007970 seconds, Stopping threads took: 0.0000800 seconds
249.545: Application time: 0.0420400 seconds
249.545: [GC249.545: [ParNew: 17512K->1546K(18048K), 0.0006020 secs] 38212K->22245K(57984K), 0.0006310 secs] [Times: user=0.00 sys=0.00, real=0.00 secs] 
249.546: Total time for which application threads were stopped: 0.0007810 seconds, Stopping threads took: 0.0000880 seconds
249.590: Application time: 0.0444350 seconds
249.591: [GC249.591: [ParNew: 17595K->1064K(18048K), 0.0005930 secs] 38294K->21764K(57984K), 0.0006200 secs] [Times: user=0.00 sys=0.00, real=0.00 secs] 
249.591: Total time for which application threads were stopped: 0.0009000 seconds, Stopping threads took: 0.0002130 seconds
249.634: Application time: 0.0429120 seconds
249.634: [GC249.634: [ParNew: 17100K->1064K(18048K), 0.0005360 secs] 37800K->21812K(57984K), 0.0005670 secs] [Times: user=0.00 sys=0.00, real=0.00 secs] 
249.635: Total time for which application threads were stopped: 0.0007920 seconds, Stopping threads took: 0.0001590 seconds
249.679: Application time: 0.0440100 seconds
249.679: [GC249.679: [ParNew: 17030K->1546K(18048K), 0.0007240 secs] 37778K->22358K(57984K), 0.0007560 secs] [Times: user=0.01 sys=0.00, real=0.00 secs] 
249.680: Total time for which application threads were stopped: 0.0008810 seconds, Stopping threads took: 0.0000640 seconds
249.721: Application time: 0.0414450 seconds
249.721: [GC249.721: [ParNew: 17149K->1608K(18048K), 0.0007890 secs] 37960K->22932K(57984K), 0.0008220 secs] [Times: user=0.00 sys=0.00, real=0.00 secs] 
249.722: Total time for which application threads were stopped: 0.0009740 seconds, Stopping threads took: 0.0000850 seconds
249.766: Application time: 0.0438120 seconds
249.766: [GC249.766: [ParNew: 17579K->1546K(18048K), 0.0006700 secs] 38903K->22982K(57984K), 0.0006990 secs] [Times: user=0.01 sys=0.00, real=0.00 secs] 
249.767: Total time for which application threads were stopped: 0.0008430 seconds, Stopping threads took: 0.0000850 seconds
249.811: Application time: 0.0440250 seconds
249.811: [GC249.811: [ParNew: 17516K->1034K(18048K), 0.0004530 secs] 38952K->22470K(57984K), 0.0004800 secs] [Times: user=0.00 sys=0.00, real=0.00 secs] 
249.812: Total time for which application threads were stopped: 0.0006070 seconds, Stopping threads took: 0.0000670 seconds
249.853: Application time: 0.0419040 seconds
249.854: [GC249.854: [ParNew: 17078K->1064K(18048K), 0.0005570 secs] 38514K->22500K(57984K), 0.0005850 secs] [Times: user=0.00 sys=0.00, real=0.00 secs] 
249.854: Total time for which application threads were stopped: 0.0006970 seconds, Stopping threads took: 0.0000560 seconds
249.896: Application time: 0.0418700 seconds
249.896: [GC249.896: [ParNew: 17026K->1546K(18048K), 0.0006010 secs] 38462K->23054K(57984K), 0.0006310 secs] [Times: user=0.01 sys=0.00, real=0.00 secs] 
249.897: Total time for which application threads were stopped: 0.0007630 seconds, Stopping threads took: 0.0000680 seconds
249.941: Application time: 0.0442230 seconds
249.941: [GC249.941: [ParNew: 17516K->1032K(18048K), 0.0004690 secs] 39024K->22540K(57984K), 0.0004990 secs] [Times: user=0.00 sys=0.01, real=0.00 secs] 
249.942: Total time for which application threads were stopped: 0.0006280 seconds, Stopping threads took: 0.0000710 seconds
249.984: Application time: 0.0422770 seconds
249.984: [GC249.984: [ParNew: 17064K->1580K(18048K), 0.0009420 secs] 38572K->24112K(57984K), 0.0009740 secs] [Times: user=0.01 sys=0.00, real=0.00 secs] 
249.985: Total time for which application threads were stopped: 0.0011210 seconds, Stopping threads took: 0.0000830 seconds
250.027: Application time: 0.0417530 seconds
250.027: [GC250.027: [ParNew: 17629K->1580K(18048K), 0.0008280 secs] 40161K->24688K(57984K), 0.0008580 secs] [Times: user=0.01 sys=0.00, real=0.00 secs] 
250.028: Total time for which application threads were stopped: 0.0009820 seconds, Stopping threads took: 0.0000580 seconds
250.070: Application time: 0.0426510 seconds
250.071: [GC250.071: [ParNew: 17542K->1550K(18048K), 0.0009490 secs] 40650K->25746K(57984K), 0.0009830 secs] [Times: user=0.01 sys=0.00, real=0.00 secs] 
250.072: Total time for which application threads were stopped: 0.0011120 seconds, Stopping threads took: 0.0000600 seconds
250.117: Application time: 0.0451320 seconds
250.117: [GC250.117: [ParNew: 17521K->1548K(18048K), 0.0008060 secs] 41717K->26256K(57984K), 0.0008440 secs] [Times: user=0.01 sys=0.00, real=0.01 secs] 
250.118: Total time for which application threads were stopped: 0.0009860 seconds, Stopping threads took: 0.0000700 seconds
250.163: Application time: 0.0452570 seconds
250.163: [GC250.163: [ParNew: 17599K->1064K(18048K), 0.0005380 secs] 42307K->25772K(57984K), 0.0005680 secs] [Times: user=0.00 sys=0.00, real=0.00 secs] 
250.164: Total time for which application threads were stopped: 0.0006970 seconds, Stopping threads took: 0.0000670 seconds
250.204: Application time: 0.0405020 seconds
250.204: [GC250.204: [ParNew: 17030K->1036K(18048K), 0.0004650 secs] 41739K->25808K(57984K), 0.0004940 secs] [Times: user=0.01 sys=0.00, real=0.00 secs] 
250.205: Total time for which application threads were stopped: 0.0006140 seconds, Stopping threads took: 0.0000620 seconds
250.248: Application time: 0.0437550 seconds
250.249: [GC250.249: [ParNew: 16994K->1548K(18048K), 0.0007750 secs] 41766K->26832K(57984K), 0.0008060 secs] [Times: user=0.00 sys=0.00, real=0.00 secs] 
250.249: Total time for which application threads were stopped: 0.0009470 seconds, Stopping threads took: 0.0000770 seconds
250.293: Application time: 0.0435650 seconds
250.293: [GC250.293: [ParNew: 17519K->1546K(18048K), 0.0007130 secs] 42803K->26830K(57984K), 0.0007420 secs] [Times: user=0.00 sys=0.00, real=0.00 secs] 
250.294: Total time for which application threads were stopped: 0.0008720 seconds, Stopping threads took: 0.0000670 seconds
250.334: Application time: 0.0402310 seconds
250.334: [GC250.334: [ParNew: 17586K->1576K(18048K), 0.0008400 secs] 42871K->27372K(57984K), 0.0008710 secs] [Times: user=0.01 sys=0.00, real=0.00 secs] 
250.335: Total time for which application threads were stopped: 0.0010030 seconds, Stopping threads took: 0.0000680 seconds
250.379: Application time: 0.0442670 seconds
250.380: [GC250.380: [ParNew: 17621K->1578K(18048K), 0.0008490 secs] 43417K->27950K(57984K), 0.0008800 secs] [Times: user=0.01 sys=0.00, real=0.00 secs] 
250.380: Total time for which application threads were stopped: 0.0011010 seconds, Stopping threads took: 0.0001570 seconds
250.423: Application time: 0.0426390 seconds
250.423: [GC250.423: [ParNew: 17618K->1578K(18048K), 0.0009780 secs] 43991K->29030K(57984K), 0.0010110 secs] [Times: user=0.00 sys=0.00, real=0.00 secs] 
250.424: Total time for which application threads were stopped: 0.0011620 seconds, Stopping threads took: 0.0000860 seconds
250.469: Application time: 0.0442840 seconds
250.469: [GC250.469: [ParNew: 17627K->1580K(18048K), 0.0008560 secs] 45079K->29608K(57984K), 0.0008870 secs] [Times: user=0.01 sys=0.00, real=0.00 secs] 
250.470: Total time for which application threads were stopped: 0.0010130 seconds, Stopping threads took: 0.0000620 seconds
250.512: Application time: 0.0425150 seconds
250.512: [GC250.512: [ParNew: 17546K->1546K(18048K), 0.0007800 secs] 45575K->30158K(57984K), 0.0008100 secs] [Times: user=0.00 sys=0.00, real=0.00 secs] 
250.513: Total time for which application threads were stopped: 0.0010500 seconds, Stopping threads took: 0.0001670 seconds
250.558: Application time: 0.0447440 seconds
250.558: [GC250.558: [ParNew: 17512K->1546K(18048K), 0.0008920 secs] 46125K->30670K(57984K), 0.0009220 secs] [Times: user=0.00 sys=0.00, real=0.00 secs] 
250.559: Total time for which application threads were stopped: 0.0010630 seconds, Stopping threads took: 0.0000790 seconds
250.603: Application time: 0.0443600 seconds
250.603: [GC250.603: [ParNew: 17595K->1576K(18048K), 0.0006980 secs] 46719K->30700K(57984K), 0.0007270 secs] [Times: user=0.00 sys=0.00, real=0.00 secs] 
250.604: Total time for which application threads were stopped: 0.0008610 seconds, Stopping threads took: 0.0000740 seconds
250.646: Application time: 0.0413140 seconds
250.646: [GC250.646: [ParNew: 17542K->1546K(18048K), 0.0006200 secs] 46667K->30734K(57984K), 0.0006500 secs] [Times: user=0.00 sys=0.00, real=0.00 secs] 
250.646: Total time for which application threads were stopped: 0.0007900 seconds, Stopping threads took: 0.0000600 seconds
250.691: Application time: 0.0442820 seconds
250.691: [GC250.691: [ParNew: 17512K->1546K(18048K), 0.0006390 secs] 46701K->30734K(57984K), 0.0006690 secs] [Times: user=0.01 sys=0.00, real=0.00 secs] 
250.691: Total time for which application threads were stopped: 0.0008000 seconds, Stopping threads took: 0.0000700 seconds
250.732: Application time: 0.0406650 seconds
250.732: [GC250.732: [ParNew: 17149K->1606K(18048K), 0.0008290 secs] 46337K->31306K(57984K), 0.0008580 secs] [Times: user=0.01 sys=0.00, real=0.00 secs] 
250.733: Total time for which application threads were stopped: 0.0009800 seconds, Stopping threads took: 0.0000590 seconds
250.776: Application time: 0.0425940 seconds
250.776: [GC250.776: [ParNew: 17568K->1548K(18048K), 0.0010050 secs] 47269K->32380K(57984K), 0.0010400 secs] [Times: user=0.01 sys=0.00, real=0.00 secs] 
250.777: Total time for which application threads were stopped: 0.0012660 seconds, Stopping threads took: 0.0001580 seconds
250.821: Application time: 0.0438150 seconds
250.821: [GC250.821: [ParNew: 17514K->1546K(18048K), 0.0009560 secs] 48347K->33402K(57984K), 0.0009880 secs] [Times: user=0.01 sys=0.00, real=0.00 secs] 
250.822: Total time for which application threads were stopped: 0.0011140 seconds, Stopping threads took: 0.0000610 seconds
250.866: Application time: 0.0443220 seconds
250.866: [GC250.866: [ParNew: 17597K->1576K(18048K), 0.0006200 secs] 49453K->33432K(57984K), 0.0006490 secs] [Times: user=0.01 sys=0.00, real=0.00 secs] 
250.867: Total time for which application threads were stopped: 0.0008010 seconds, Stopping threads took: 0.0000900 seconds
250.910: Application time: 0.0428040 seconds
250.910: [GC250.910: [ParNew: 17542K->1546K(18048K), 0.0006140 secs] 49399K->33470K(57984K), 0.0006460 secs] [Times: user=0.01 sys=0.00, real=0.00 secs] 
250.911: Total time for which application threads were stopped: 0.0007870 seconds, Stopping threads took: 0.0000780 seconds
250.954: Application time: 0.0430830 seconds
250.954: [GC250.954: [ParNew: 17504K->1548K(18048K), 0.0009620 secs] 49429K->34496K(57984K), 0.0009940 secs] [Times: user=0.01 sys=0.00, real=0.00 secs] 
250.955: Total time for which application threads were stopped: 0.0011410 seconds, Stopping threads took: 0.0000810 seconds
250.996: Application time: 0.0409410 seconds
250.996: [GC250.996: [ParNew: 17514K->1548K(18048K), 0.0009470 secs] 50463K->35520K(57984K), 0.0009800 secs] [Times: user=0.01 sys=0.00, real=0.00 secs] 
250.997: Total time for which application threads were stopped: 0.0011150 seconds, Stopping threads took: 0.0000720 seconds
251.041: Application time: 0.0439460 seconds
251.041: [GC251.041: [ParNew: 17597K->1580K(18048K), 0.0008150 secs] 51570K->36064K(57984K), 0.0008470 secs] [Times: user=0.00 sys=0.00, real=0.00 secs] 
251.042: Total time for which application threads were stopped: 0.0009990 seconds, Stopping threads took: 0.0000870 seconds
251.086: Application time: 0.0437550 seconds
251.086: [GC251.086: [ParNew: 17625K->1574K(18048K), 0.0009440 secs] 52109K->36626K(57984K), 0.0009740 secs] [Times: user=0.01 sys=0.00, real=0.00 secs] 
251.087: Total time for which application threads were stopped: 0.0011080 seconds, Stopping threads took: 0.0000730 seconds
251.130: Application time: 0.0435960 seconds
251.130: [GC251.130: [ParNew: 17540K->1546K(18048K), 0.0008700 secs] 52593K->37182K(57984K), 0.0009000 secs] [Times: user=0.00 sys=0.00, real=0.00 secs] 
251.131: Total time for which application threads were stopped: 0.0010360 seconds, Stopping threads took: 0.0000740 seconds
251.176: Application time: 0.0444770 seconds
251.176: [GC251.176: [ParNew: 17153K->1604K(18048K), 0.0008940 secs] 52790K->37753K(57984K), 0.0009250 secs] [Times: user=0.00 sys=0.00, real=0.00 secs] 
251.177: Total time for which application threads were stopped: 0.0010690 seconds, Stopping threads took: 0.0000750 seconds
251.221: Application time: 0.0440930 seconds
251.221: [GC251.221: [ParNew: 17575K->1546K(18048K), 0.0006520 secs] 53723K->37791K(57984K), 0.0006830 secs] [Times: user=0.01 sys=0.00, real=0.00 secs] 
251.222: Total time for which application threads were stopped: 0.0008100 seconds, Stopping threads took: 0.0000630 seconds
251.266: Application time: 0.0443800 seconds
251.266: [GC251.266: [ParNew: 17519K->522K(18048K), 0.0003590 secs] 53763K->36767K(57984K), 0.0003870 secs] [Times: user=0.00 sys=0.00, real=0.00 secs] 
251.267: Total time for which application threads were stopped: 0.0005010 seconds, Stopping threads took: 0.0000550 seconds
251.307: Application time: 0.0403070 seconds
251.307: [GC251.307: [ParNew: 16476K->1548K(18048K), 0.0006050 secs] 52721K->37793K(57984K), 0.0006360 secs] [Times: user=0.00 sys=0.00, real=0.00 secs] 
251.308: Total time for which application threads were stopped: 0.0008500 seconds, Stopping threads took: 0.0001520 seconds
251.350: Application time: 0.0422740 seconds
251.350: [GC251.350: [ParNew: 17588K->1578K(18048K), 0.0010880 secs] 53833K->38847K(57984K), 0.0011210 secs] [Times: user=0.01 sys=0.00, real=0.00 secs] 
251.351: Total time for which application threads were stopped: 0.0012600 seconds, Stopping threads took: 0.0000710 seconds
251.395: Application time: 0.0435430 seconds
251.395: [GC251.395: [ParNew: 17549K->1544K(18048K), 0.0008990 secs] 54818K->39381K(57984K), 0.0009300 secs] [Times: user=0.01 sys=0.00, real=0.00 secs] 
251.396: Total time for which application threads were stopped: 0.0010850 seconds, Stopping threads took: 0.0000890 seconds
251.440: Application time: 0.0436160 seconds
251.440: [GC251.440: [ParNew: 17514K->1544K(18048K), 0.0007120 secs] 55351K->39381K(57984K), 0.0007410 secs] [Times: user=0.00 sys=0.00, real=0.00 secs] 
251.440: Total time for which application threads were stopped: 0.0008630 seconds, Stopping threads took: 0.0000590 seconds
251.483: Application time: 0.0428040 seconds
251.483: [GC251.483: [ParNew: 17155K->1094K(18048K), 0.0019270 secs] 54992K->38931K(57984K), 0.0019610 secs] [Times: user=0.00 sys=0.00, real=0.01 secs] 
251.485: Total time for which application threads were stopped: 0.0020820 seconds, Stopping threads took: 0.0000620 seconds
251.528: Application time: 0.0429120 seconds
251.528: [GC251.528: [ParNew: 17065K->522K(18048K), 0.0003820 secs] 54902K->38455K(57984K), 0.0004090 secs] [Times: user=0.00 sys=0.00, real=0.00 secs] 
251.529: Total time for which application threads were stopped: 0.0005330 seconds, Stopping threads took: 0.0000660 seconds
251.571: Application time: 0.0422700 seconds
251.571: [GC251.571: [ParNew: 16484K->1034K(18048K), 0.0005380 secs] 54417K->38967K(57984K), 0.0005670 secs] [Times: user=0.00 sys=0.00, real=0.00 secs] 
251.572: Total time for which application threads were stopped: 0.0007010 seconds, Stopping threads took: 0.0000750 seconds
251.613: Application time: 0.0413020 seconds
251.613: [GC251.613: [ParNew: 17066K->1576K(18048K), 0.0010340 secs] 54999K->40533K(57984K), 0.0010660 secs] [Times: user=0.00 sys=0.00, real=0.00 secs] 
251.614: Total time for which application threads were stopped: 0.0012230 seconds, Stopping threads took: 0.0000860 seconds
251.656: Application time: 0.0416820 seconds
251.656: [GC251.656: [ParNew: 17538K->1548K(18048K), 0.0012100 secs]251.657: [Tenured: 40557K->10610K(40960K), 0.0056670 secs] 56495K->10610K(59008K), [Perm : 5181K->5181K(21248K)], 0.0069780 secs] [Times: user=0.01 sys=0.01, real=0.01 secs] 
251.663: Total time for which application threads were stopped: 0.0071360 seconds, Stopping threads took: 0.0000870 seconds
251.707: Application time: 0.0438770 seconds
251.707: [GC251.707: [ParNew: 15970K->1548K(18048K), 0.0009500 secs] 26581K->13182K(57984K), 0.0009830 secs] [Times: user=0.01 sys=0.00, real=0.00 secs] 
251.708: Total time for which application threads were stopped: 0.0011590 seconds, Stopping threads took: 0.0001010 seconds
251.753: Application time: 0.0448930 seconds
251.753: [GC251.753: [ParNew: 17516K->1548K(18048K), 0.0007890 secs] 29151K->13694K(57984K), 0.0008210 secs] [Times: user=0.00 sys=0.00, real=0.00 secs] 
251.754: Total time for which application threads were stopped: 0.0009960 seconds, Stopping threads took: 0.0001100 seconds
251.798: Application time: 0.0441260 seconds
251.798: [GC251.798: [ParNew: 17599K->1066K(18048K), 0.0004580 secs] 29745K->13212K(57984K), 0.0004950 secs] [Times: user=0.00 sys=0.00, real=0.00 secs] 
251.799: Total time for which application threads were stopped: 0.0006190 seconds, Stopping threads took: 0.0000670 seconds
251.843: Application time: 0.0438520 seconds
251.843: [GC251.843: [ParNew: 17115K->554K(18048K), 0.0003150 secs] 29261K->12764K(57984K), 0.0003420 secs] [Times: user=0.00 sys=0.00, real=0.00 secs] 
251.843: Total time for which application threads were stopped: 0.0004660 seconds, Stopping threads took: 0.0000650 seconds
251.884: Application time: 0.0413410 seconds
251.885: [GC251.885: [ParNew: 16590K->1608K(18048K), 0.0006040 secs] 28801K->13818K(57984K), 0.0006350 secs] [Times: user=0.00 sys=0.00, real=0.01 secs] 
251.885: Total time for which application threads were stopped: 0.0007570 seconds, Stopping threads took: 0.0000610 seconds
251.928: Application time: 0.0431830 seconds
251.929: [GC251.929: [ParNew: 17653K->1580K(18048K), 0.0006440 secs] 29863K->13894K(57984K), 0.0006710 secs] [Times: user=0.01 sys=0.00, real=0.00 secs] 
251.929: Total time for which application threads were stopped: 0.0007990 seconds, Stopping threads took: 0.0000670 seconds
251.970: Application time: 0.0407140 seconds
251.970: [GC251.970: [ParNew: 17538K->1548K(18048K), 0.0009460 secs] 29853K->14950K(57984K), 0.0009770 secs] [Times: user=0.01 sys=0.00, real=0.00 secs] 
251.971: Total time for which application threads were stopped: 0.0011110 seconds, Stopping threads took: 0.0000670 seconds
252.015: Application time: 0.0442440 seconds
252.015: [GC252.015: [ParNew: 17519K->1546K(18048K), 0.0008080 secs] 30921K->15460K(57984K), 0.0008410 secs] [Times: user=0.01 sys=0.00, real=0.00 secs] 
252.016: Total time for which application threads were stopped: 0.0009970 seconds, Stopping threads took: 0.0000940 seconds
252.063: Application time: 0.0467460 seconds
252.065: [GC252.065: [ParNew: 17588K->1580K(18048K), 0.0010050 secs] 31503K->16518K(57984K), 0.0010360 secs] [Times: user=0.01 sys=0.00, real=0.00 secs] 
252.066: Total time for which application threads were stopped: 0.0033200 seconds, Stopping threads took: 0.0022150 seconds
252.111: Application time: 0.0450550 seconds
252.112: [GC252.112: [ParNew: 17542K->1552K(18048K), 0.0011310 secs] 32481K->18090K(57984K), 0.0011650 secs] [Times: user=0.01 sys=0.00, real=0.00 secs] 
252.113: Total time for which application threads were stopped: 0.0013060 seconds, Stopping threads took: 0.0000720 seconds
252.156: Application time: 0.0430800 seconds
252.156: [GC252.156: [ParNew: 17523K->1550K(18048K), 0.0009500 secs] 34061K->19112K(57984K), 0.0009810 secs] [Times: user=0.01 sys=0.00, real=0.00 secs] 
252.157: Total time for which application threads were stopped: 0.0011190 seconds, Stopping threads took: 0.0000700 seconds
252.200: Application time: 0.0432410 seconds
252.200: [GC252.200: [ParNew: 17165K->1606K(18048K), 0.0006680 secs] 34728K->19169K(57984K), 0.0006970 secs] [Times: user=0.01 sys=0.00, real=0.00 secs] 
252.201: Total time for which application threads were stopped: 0.0008190 seconds, Stopping threads took: 0.0000610 seconds
252.243: Application time: 0.0424840 seconds
252.244: [GC252.244: [ParNew: 17572K->1548K(18048K), 0.0006050 secs] 35135K->19214K(57984K), 0.0006360 secs] [Times: user=0.00 sys=0.00, real=0.00 secs] 
252.244: Total time for which application threads were stopped: 0.0007740 seconds, Stopping threads took: 0.0000680 seconds
252.286: Application time: 0.0418320 seconds
252.286: [GC252.286: [ParNew: 17506K->1548K(18048K), 0.0010000 secs] 35173K->20238K(57984K), 0.0010320 secs] [Times: user=0.00 sys=0.00, real=0.00 secs] 
252.287: Total time for which application threads were stopped: 0.0011730 seconds, Stopping threads took: 0.0000730 seconds
252.331: Application time: 0.0434850 seconds
252.331: [GC252.331: [ParNew: 17597K->1580K(18048K), 0.0007980 secs] 36288K->20783K(57984K), 0.0008380 secs] [Times: user=0.00 sys=0.00, real=0.00 secs] 
252.332: Total time for which application threads were stopped: 0.0009680 seconds, Stopping threads took: 0.0000660 seconds
252.376: Application time: 0.0440250 seconds
252.376: [GC252.376: [ParNew: 17551K->1546K(18048K), 0.0006910 secs] 36753K->20825K(57984K), 0.0007190 secs] [Times: user=0.00 sys=0.00, real=0.00 secs] 
252.377: Total time for which application threads were stopped: 0.0008780 seconds, Stopping threads took: 0.0001000 seconds
252.420: Application time: 0.0432000 seconds
252.420: [GC252.420: [ParNew: 17516K->1036K(18048K), 0.0004270 secs] 36795K->20315K(57984K), 0.0004560 secs] [Times: user=0.00 sys=0.00, real=0.00 secs] 
252.420: Total time for which application threads were stopped: 0.0005780 seconds, Stopping threads took: 0.0000630 seconds
252.464: Application time: 0.0440750 seconds
252.465: [GC252.465: [ParNew: 17006K->520K(18048K), 0.0004040 secs] 36285K->19798K(57984K), 0.0004300 secs] [Times: user=0.00 sys=0.00, real=0.00 secs] 
252.465: Total time for which application threads were stopped: 0.0005550 seconds, Stopping threads took: 0.0000700 seconds
252.507: Application time: 0.0422420 seconds
252.507: [GC252.507: [ParNew: 16560K->1064K(18048K), 0.0004530 secs] 35839K->20343K(57984K), 0.0004790 secs] [Times: user=0.01 sys=0.00, real=0.00 secs] 
252.508: Total time for which application threads were stopped: 0.0006480 seconds, Stopping threads took: 0.0001100 seconds
252.548: Application time: 0.0402640 seconds
252.548: [GC252.548: [ParNew: 17092K->1578K(18048K), 0.0012800 secs] 36371K->22465K(57984K), 0.0013110 secs] [Times: user=0.01 sys=0.00, real=0.00 secs] 
252.550: Total time for which application threads were stopped: 0.0014560 seconds, Stopping threads took: 0.0000800 seconds
252.591: Application time: 0.0414950 seconds
252.591: [GC252.591: [ParNew: 17629K->1578K(18048K), 0.0008290 secs] 38516K->23033K(57984K), 0.0008580 secs] [Times: user=0.00 sys=0.00, real=0.00 secs] 
252.592: Total time for which application threads were stopped: 0.0009850 seconds, Stopping threads took: 0.0000650 seconds
252.632: Application time: 0.0398930 seconds
252.632: [GC252.632: [ParNew: 17544K->1548K(18048K), 0.0008540 secs] 38999K->23587K(57984K), 0.0008840 secs] [Times: user=0.01 sys=0.00, real=0.00 secs] 
252.633: Total time for which application threads were stopped: 0.0010120 seconds, Stopping threads took: 0.0000650 seconds
252.673: Application time: 0.0404310 seconds
252.674: [GC252.674: [ParNew: 17593K->1578K(18048K), 0.0007300 secs] 39632K->24129K(57984K), 0.0007590 secs] [Times: user=0.01 sys=0.00, real=0.00 secs] 
252.674: Total time for which application threads were stopped: 0.0008780 seconds, Stopping threads took: 0.0000580 seconds
252.716: Application time: 0.0411730 seconds
252.716: [GC252.716: [ParNew: 17549K->1546K(18048K), 0.0006820 secs] 40100K->24161K(57984K), 0.0007100 secs] [Times: user=0.00 sys=0.00, real=0.00 secs] 
252.716: Total time for which application threads were stopped: 0.0008310 seconds, Stopping threads took: 0.0000610 seconds
252.755: Application time: 0.0389320 seconds
252.755: [GC252.755: [ParNew: 17512K->1546K(18048K), 0.0006100 secs] 40127K->24161K(57984K), 0.0006380 secs] [Times: user=0.01 sys=0.00, real=0.00 secs] 
252.756: Total time for which application threads were stopped: 0.0007610 seconds, Stopping threads took: 0.0000550 seconds
252.796: Application time: 0.0395020 seconds
252.796: [GC252.796: [ParNew: 17512K->1546K(18048K), 0.0006200 secs] 40127K->24161K(57984K), 0.0006480 secs] [Times: user=0.01 sys=0.00, real=0.00 secs] 
252.796: Total time for which application threads were stopped: 0.0007930 seconds, Stopping threads took: 0.0000840 seconds
252.836: Application time: 0.0401410 seconds
252.837: [GC252.837: [ParNew: 17586K->1580K(18048K), 0.0008200 secs] 40202K->24707K(57984K), 0.0008500 secs] [Times: user=0.00 sys=0.00, real=0.01 secs] 
252.837: Total time for which application threads were stopped: 0.0009760 seconds, Stopping threads took: 0.0000640 seconds
252.878: Application time: 0.0401110 seconds
252.878: [GC252.878: [ParNew: 17629K->1578K(18048K), 0.0006060 secs] 40756K->24753K(57984K), 0.0006410 secs] [Times: user=0.00 sys=0.00, real=0.00 secs] 
252.878: Total time for which application threads were stopped: 0.0007640 seconds, Stopping threads took: 0.0000640 seconds
252.918: Application time: 0.0391880 seconds
252.918: [GC252.918: [ParNew: 17623K->1576K(18048K), 0.0006400 secs] 40798K->24815K(57984K), 0.0006670 secs] [Times: user=0.01 sys=0.00, real=0.00 secs] 
252.918: Total time for which application threads were stopped: 0.0007950 seconds, Stopping threads took: 0.0000700 seconds
252.958: Application time: 0.0393250 seconds
252.958: [GC252.958: [ParNew: 17542K->1548K(18048K), 0.0005960 secs] 40782K->24851K(57984K), 0.0006250 secs] [Times: user=0.00 sys=0.00, real=0.00 secs] 
252.958: Total time for which application threads were stopped: 0.0007510 seconds, Stopping threads took: 0.0000660 seconds
253.000: Application time: 0.0415930 seconds
253.000: [GC253.000: [ParNew: 17519K->1034K(18048K), 0.0004270 secs] 40822K->24337K(57984K), 0.0004540 secs] [Times: user=0.01 sys=0.00, real=0.00 secs] 
253.001: Total time for which application threads were stopped: 0.0005710 seconds, Stopping threads took: 0.0000600 seconds
253.041: Application time: 0.0402790 seconds
253.041: [GC253.041: [ParNew: 17083K->554K(18048K), 0.0003260 secs] 40386K->23857K(57984K), 0.0003510 secs] [Times: user=0.00 sys=0.00, real=0.00 secs] 
253.041: Total time for which application threads were stopped: 0.0004680 seconds, Stopping threads took: 0.0000650 seconds
253.083: Application time: 0.0416580 seconds
253.083: [GC253.083: [ParNew: 16522K->40K(18048K), 0.0002900 secs] 39826K->23343K(57984K), 0.0003150 secs] [Times: user=0.00 sys=0.00, real=0.00 secs] 
253.083: Total time for which application threads were stopped: 0.0004230 seconds, Stopping threads took: 0.0000570 seconds
253.121: Application time: 0.0375290 seconds
253.121: [GC253.121: [ParNew: 16002K->552K(18048K), 0.0003940 secs] 39305K->23855K(57984K), 0.0004220 secs] [Times: user=0.00 sys=0.00, real=0.00 secs] 
253.121: Total time for which application threads were stopped: 0.0005450 seconds, Stopping threads took: 0.0000650 seconds
253.163: Application time: 0.0415560 seconds
253.163: [GC253.163: [ParNew: 16592K->1094K(18048K), 0.0005490 secs] 39895K->24397K(57984K), 0.0005740 secs] [Times: user=0.00 sys=0.00, real=0.00 secs] 
253.164: Total time for which application threads were stopped: 0.0006940 seconds, Stopping threads took: 0.0000630 seconds
253.203: Application time: 0.0396170 seconds
253.203: [GC253.203: [ParNew: 17065K->522K(18048K), 0.0003230 secs] 40368K->23929K(57984K), 0.0003510 secs] [Times: user=0.00 sys=0.00, real=0.00 secs] 
253.204: Total time for which application threads were stopped: 0.0004710 seconds, Stopping threads took: 0.0000640 seconds
253.244: Application time: 0.0403600 seconds
253.244: [GC253.244: [ParNew: 16566K->554K(18048K), 0.0003410 secs] 39974K->23961K(57984K), 0.0003680 secs] [Times: user=0.01 sys=0.00, real=0.00 secs] 
253.245: Total time for which application threads were stopped: 0.0004970 seconds, Stopping threads took: 0.0000730 seconds
253.281: Application time: 0.0365210 seconds
253.281: [GC253.281: [ParNew: 16578K->1608K(18048K), 0.0011420 secs] 39985K->26551K(57984K), 0.0011760 secs] [Times: user=0.01 sys=0.00, real=0.00 secs] 
253.283: Total time for which application threads were stopped: 0.0013210 seconds, Stopping threads took: 0.0000740 seconds
253.322: Application time: 0.0397930 seconds
253.322: [GC253.322: [ParNew: 17579K->1546K(18048K), 0.0010240 secs] 42522K->27617K(57984K), 0.0010560 secs] [Times: user=0.00 sys=0.00, real=0.00 secs] 
253.324: Total time for which application threads were stopped: 0.0011800 seconds, Stopping threads took: 0.0000600 seconds
253.364: Application time: 0.0407350 seconds
253.364: [GC253.364: [ParNew: 17595K->1578K(18048K), 0.0007820 secs] 43666K->28161K(57984K), 0.0008120 secs] [Times: user=0.01 sys=0.00, real=0.01 secs] 
253.365: Total time for which application threads were stopped: 0.0010190 seconds, Stopping threads took: 0.0001440 seconds
253.404: Application time: 0.0392100 seconds
253.405: [GC253.405: [ParNew: 17544K->1550K(18048K), 0.0008210 secs] 44128K->28709K(57984K), 0.0008610 secs] [Times: user=0.01 sys=0.00, real=0.01 secs] 
253.405: Total time for which application threads were stopped: 0.0010020 seconds, Stopping threads took: 0.0000800 seconds
253.446: Application time: 0.0405880 seconds
253.446: [GC253.446: [ParNew: 17521K->1548K(18048K), 0.0005910 secs] 44680K->28707K(57984K), 0.0006200 secs] [Times: user=0.01 sys=0.00, real=0.00 secs] 
253.447: Total time for which application threads were stopped: 0.0007490 seconds, Stopping threads took: 0.0000670 seconds
253.486: Application time: 0.0394560 seconds
253.486: [GC253.486: [ParNew: 17588K->1578K(18048K), 0.0008220 secs] 44748K->29249K(57984K), 0.0008520 secs] [Times: user=0.01 sys=0.00, real=0.00 secs] 
253.487: Total time for which application threads were stopped: 0.0009920 seconds, Stopping threads took: 0.0000800 seconds
253.527: Application time: 0.0401500 seconds
253.528: [GC253.528: [ParNew: 17549K->1546K(18048K), 0.0006010 secs] 45220K->29281K(57984K), 0.0006300 secs] [Times: user=0.00 sys=0.00, real=0.00 secs] 
253.528: Total time for which application threads were stopped: 0.0007480 seconds, Stopping threads took: 0.0000590 seconds
253.567: Application time: 0.0389630 seconds
253.567: [GC253.567: [ParNew: 17157K->1096K(18048K), 0.0004780 secs] 44893K->28831K(57984K), 0.0005040 secs] [Times: user=0.01 sys=0.00, real=0.00 secs] 
253.568: Total time for which application threads were stopped: 0.0006470 seconds, Stopping threads took: 0.0000880 seconds
253.607: Application time: 0.0395500 seconds
253.608: [GC253.608: [ParNew: 17058K->1548K(18048K), 0.0006330 secs] 44794K->29371K(57984K), 0.0006610 secs] [Times: user=0.01 sys=0.00, real=0.00 secs] 
253.608: Total time for which application threads were stopped: 0.0008630 seconds, Stopping threads took: 0.0001450 seconds
253.648: Application time: 0.0395090 seconds
253.648: [GC253.648: [ParNew: 17506K->1546K(18048K), 0.0009340 secs] 45330K->30393K(57984K), 0.0009660 secs] [Times: user=0.01 sys=0.00, real=0.00 secs] 
253.649: Total time for which application threads were stopped: 0.0011120 seconds, Stopping threads took: 0.0000780 seconds
253.688: Application time: 0.0392630 seconds
253.688: [GC253.688: [ParNew: 17595K->1578K(18048K), 0.0008410 secs] 46442K->30937K(57984K), 0.0008690 secs] [Times: user=0.01 sys=0.00, real=0.00 secs] 
253.689: Total time for which application threads were stopped: 0.0010010 seconds, Stopping threads took: 0.0000700 seconds
253.731: Application time: 0.0415840 seconds
253.731: [GC253.731: [ParNew: 17544K->1548K(18048K), 0.0007970 secs] 46904K->31491K(57984K), 0.0008270 secs] [Times: user=0.01 sys=0.00, real=0.00 secs] 
253.732: Total time for which application threads were stopped: 0.0009670 seconds, Stopping threads took: 0.0000780 seconds
253.773: Application time: 0.0409070 seconds
253.773: [GC253.773: [ParNew: 17521K->1036K(18048K), 0.0004680 secs] 47464K->30979K(57984K), 0.0004970 secs] [Times: user=0.00 sys=0.00, real=0.00 secs] 
253.773: Total time for which application threads were stopped: 0.0007340 seconds, Stopping threads took: 0.0001800 seconds
253.813: Application time: 0.0399830 seconds
253.813: [GC253.813: [ParNew: 17080K->1064K(18048K), 0.0004410 secs] 47024K->31007K(57984K), 0.0004680 secs] [Times: user=0.00 sys=0.00, real=0.00 secs] 
253.814: Total time for which application threads were stopped: 0.0006170 seconds, Stopping threads took: 0.0000830 seconds
253.852: Application time: 0.0385140 seconds
253.853: [GC253.853: [ParNew: 17026K->1546K(18048K), 0.0007050 secs] 46970K->31553K(57984K), 0.0007350 secs] [Times: user=0.00 sys=0.00, real=0.00 secs] 
253.853: Total time for which application threads were stopped: 0.0008970 seconds, Stopping threads took: 0.0001030 seconds
253.893: Application time: 0.0401360 seconds
253.894: [GC253.894: [ParNew: 17504K->1546K(18048K), 0.0009630 secs] 47512K->32577K(57984K), 0.0009940 secs] [Times: user=0.01 sys=0.00, real=0.00 secs] 
253.895: Total time for which application threads were stopped: 0.0011330 seconds, Stopping threads took: 0.0000670 seconds
253.935: Application time: 0.0406900 seconds
253.935: [GC253.935: [ParNew: 17595K->1580K(18048K), 0.0007750 secs] 48626K->33124K(57984K), 0.0008050 secs] [Times: user=0.00 sys=0.00, real=0.00 secs] 
253.936: Total time for which application threads were stopped: 0.0009350 seconds, Stopping threads took: 0.0000680 seconds
253.975: Application time: 0.0391730 seconds
253.976: [GC253.976: [ParNew: 17625K->1578K(18048K), 0.0008070 secs] 49169K->33706K(57984K), 0.0008340 secs] [Times: user=0.01 sys=0.01, real=0.00 secs] 
253.976: Total time for which application threads were stopped: 0.0010060 seconds, Stopping threads took: 0.0001130 seconds
254.017: Application time: 0.0406370 seconds
254.017: [GC254.017: [ParNew: 17544K->1544K(18048K), 0.0007670 secs] 49672K->34239K(57984K), 0.0008060 secs] [Times: user=0.00 sys=0.00, real=0.01 secs] 
254.018: Total time for which application threads were stopped: 0.0009530 seconds, Stopping threads took: 0.0000840 seconds
254.059: Application time: 0.0410000 seconds
254.059: [GC254.059: [ParNew: 17593K->1578K(18048K), 0.0006680 secs] 50288K->34274K(57984K), 0.0006970 secs] [Times: user=0.01 sys=0.00, real=0.00 secs] 
254.060: Total time for which application threads were stopped: 0.0008240 seconds, Stopping threads took: 0.0000670 seconds
254.099: Application time: 0.0395760 seconds
254.099: [GC254.100: [ParNew: 17544K->1550K(18048K), 0.0005650 secs] 50240K->34302K(57984K), 0.0005930 secs] [Times: user=0.01 sys=0.00, real=0.00 secs] 
254.100: Total time for which application threads were stopped: 0.0007150 seconds, Stopping threads took: 0.0000640 seconds
254.141: Application time: 0.0404520 seconds
254.141: [GC254.141: [ParNew: 17516K->1546K(18048K), 0.0006170 secs] 50268K->34298K(57984K), 0.0006460 secs] [Times: user=0.00 sys=0.00, real=0.00 secs] 
254.141: Total time for which application threads were stopped: 0.0007770 seconds, Stopping threads took: 0.0000700 seconds
254.181: Application time: 0.0400700 seconds
254.182: [GC254.182: [ParNew: 17584K->1576K(18048K), 0.0007440 secs] 50336K->34840K(57984K), 0.0007720 secs] [Times: user=0.00 sys=0.00, real=0.00 secs] 
254.182: Total time for which application threads were stopped: 0.0009120 seconds, Stopping threads took: 0.0000790 seconds
254.223: Application time: 0.0405470 seconds
254.223: [GC254.223: [ParNew: 17547K->1546K(18048K), 0.0007020 secs] 50811K->34866K(57984K), 0.0007300 secs] [Times: user=0.00 sys=0.00, real=0.00 secs] 
254.224: Total time for which application threads were stopped: 0.0008490 seconds, Stopping threads took: 0.0000600 seconds
254.264: Application time: 0.0398090 seconds
254.264: [GC254.264: [ParNew: 17161K->582K(18048K), 0.0004180 secs] 50481K->33902K(57984K), 0.0004440 secs] [Times: user=0.00 sys=0.00, real=0.00 secs] 
254.264: Total time for which application threads were stopped: 0.0005620 seconds, Stopping threads took: 0.0000630 seconds
254.302: Application time: 0.0380210 seconds
254.302: [GC254.302: [ParNew: 16536K->1608K(18048K), 0.0008100 secs] 49856K->35440K(57984K), 0.0008410 secs] [Times: user=0.00 sys=0.00, real=0.00 secs] 
254.303: Total time for which application threads were stopped: 0.0009700 seconds, Stopping threads took: 0.0000680 seconds
254.344: Application time: 0.0406100 seconds
254.344: [GC254.344: [ParNew: 17574K->1546K(18048K), 0.0007950 secs] 51406K->35990K(57984K), 0.0008260 secs] [Times: user=0.01 sys=0.00, real=0.00 secs] 
254.345: Total time for which application threads were stopped: 0.0009750 seconds, Stopping threads took: 0.0000730 seconds
254.385: Application time: 0.0400760 seconds
254.385: [GC254.385: [ParNew: 17586K->1576K(18048K), 0.0009900 secs] 52030K->37044K(57984K), 0.0010220 secs] [Times: user=0.01 sys=0.00, real=0.01 secs] 
254.386: Total time for which application threads were stopped: 0.0011800 seconds, Stopping threads took: 0.0000920 seconds
254.426: Application time: 0.0396450 seconds
254.426: [GC254.426: [ParNew: 17547K->1546K(18048K), 0.0007980 secs] 53015K->37590K(57984K), 0.0008380 secs] [Times: user=0.00 sys=0.00, real=0.00 secs] 
254.427: Total time for which application threads were stopped: 0.0009690 seconds, Stopping threads took: 0.0000700 seconds
254.468: Application time: 0.0411620 seconds
254.468: [GC254.468: [ParNew: 17590K->1578K(18048K), 0.0008610 secs] 53635K->38134K(57984K), 0.0008900 secs] [Times: user=0.01 sys=0.00, real=0.00 secs] 
254.469: Total time for which application threads were stopped: 0.0010360 seconds, Stopping threads took: 0.0000880 seconds
254.508: Application time: 0.0391300 seconds
254.508: [GC254.508: [ParNew: 17544K->1548K(18048K), 0.0006370 secs] 54101K->38184K(57984K), 0.0006660 secs] [Times: user=0.01 sys=0.00, real=0.00 secs] 
254.509: Total time for which application threads were stopped: 0.0008400 seconds, Stopping threads took: 0.0001130 seconds
254.548: Application time: 0.0393270 seconds
254.548: [GC254.548: [ParNew: 17512K->1548K(18048K), 0.0007660 secs] 54148K->38696K(57984K), 0.0007960 secs] [Times: user=0.01 sys=0.00, real=0.00 secs] 
254.549: Total time for which application threads were stopped: 0.0009230 seconds, Stopping threads took: 0.0000650 seconds
254.588: Application time: 0.0391150 seconds
254.588: [GC254.588: [ParNew: 17589K->1578K(18048K), 0.0010170 secs] 54737K->39750K(57984K), 0.0010490 secs] [Times: user=0.01 sys=0.00, real=0.00 secs] 
254.589: Total time for which application threads were stopped: 0.0011900 seconds, Stopping threads took: 0.0000780 seconds
254.629: Application time: 0.0394200 seconds
254.629: [GC254.629: [ParNew: 17544K->1548K(18048K), 0.0009740 secs] 55717K->40800K(57984K), 0.0010070 secs] [Times: user=0.01 sys=0.00, real=0.00 secs] 
254.630: Total time for which application threads were stopped: 0.0011330 seconds, Stopping threads took: 0.0000620 seconds
254.670: Application time: 0.0396590 seconds
254.670: [GC254.670: [ParNew: 17592K->1576K(18048K), 0.0009840 secs]254.671: [Tenured: 40276K->8126K(40452K), 0.0053110 secs] 56845K->8126K(58500K), [Perm : 5181K->5181K(21248K)], 0.0063750 secs] [Times: user=0.01 sys=0.00, real=0.00 secs] 
254.676: Total time for which application threads were stopped: 0.0065320 seconds, Stopping threads took: 0.0000860 seconds
254.717: Application time: 0.0410120 seconds
254.717: [GC254.717: [ParNew: 16049K->1580K(18048K), 0.0008250 secs] 24176K->10219K(57984K), 0.0008550 secs] [Times: user=0.01 sys=0.00, real=0.00 secs] 
254.718: Total time for which application threads were stopped: 0.0009910 seconds, Stopping threads took: 0.0000700 seconds
254.758: Application time: 0.0395500 seconds
254.758: [GC254.758: [ParNew: 17546K->1548K(18048K), 0.0008270 secs] 26185K->10763K(57984K), 0.0008590 secs] [Times: user=0.01 sys=0.00, real=0.00 secs] 
254.759: Total time for which application threads were stopped: 0.0010120 seconds, Stopping threads took: 0.0000920 seconds
254.799: Application time: 0.0405110 seconds
254.799: [GC254.799: [ParNew: 17514K->1548K(18048K), 0.0007620 secs] 26729K->11275K(57984K), 0.0007930 secs] [Times: user=0.01 sys=0.00, real=0.00 secs] 
254.800: Total time for which application threads were stopped: 0.0009350 seconds, Stopping threads took: 0.0000800 seconds
254.840: Application time: 0.0396060 seconds
254.840: [GC254.840: [ParNew: 17519K->1546K(18048K), 0.0006820 secs] 27246K->11273K(57984K), 0.0007100 secs] [Times: user=0.00 sys=0.00, real=0.00 secs] 
254.841: Total time for which application threads were stopped: 0.0008420 seconds, Stopping threads took: 0.0000710 seconds
254.881: Application time: 0.0400010 seconds
254.881: [GC254.881: [ParNew: 17595K->1066K(18048K), 0.0004670 secs] 27322K->10793K(57984K), 0.0004950 secs] [Times: user=0.00 sys=0.00, real=0.00 secs] 
254.881: Total time for which application threads were stopped: 0.0006250 seconds, Stopping threads took: 0.0000640 seconds
254.920: Application time: 0.0393020 seconds
254.921: [GC254.921: [ParNew: 17028K->1546K(18048K), 0.0006150 secs] 26755K->11337K(57984K), 0.0006520 secs] [Times: user=0.00 sys=0.01, real=0.00 secs] 
254.921: Total time for which application threads were stopped: 0.0008120 seconds, Stopping threads took: 0.0000910 seconds
254.959: Application time: 0.0374130 seconds
254.959: [GC254.959: [ParNew: 17144K->1606K(18048K), 0.0010400 secs] 26935K->12421K(57984K), 0.0010740 secs] [Times: user=0.00 sys=0.00, real=0.00 secs] 
254.960: Total time for which application threads were stopped: 0.0012040 seconds, Stopping threads took: 0.0000650 seconds
254.999: Application time: 0.0393990 seconds
254.999: [GC254.999: [ParNew: 17572K->1548K(18048K), 0.0009650 secs] 28388K->13491K(57984K), 0.0009930 secs] [Times: user=0.01 sys=0.00, real=0.00 secs] 
255.000: Total time for which application threads were stopped: 0.0011320 seconds, Stopping threads took: 0.0000760 seconds
255.041: Application time: 0.0403040 seconds
255.041: [GC255.041: [ParNew: 17599K->1578K(18048K), 0.0006390 secs] 29542K->13521K(57984K), 0.0006680 secs] [Times: user=0.00 sys=0.00, real=0.00 secs] 
255.042: Total time for which application threads were stopped: 0.0008000 seconds, Stopping threads took: 0.0000710 seconds
255.082: Application time: 0.0403390 seconds
255.082: [GC255.082: [ParNew: 17544K->1546K(18048K), 0.0005950 secs] 29488K->13561K(57984K), 0.0006250 secs] [Times: user=0.00 sys=0.00, real=0.00 secs] 
255.083: Total time for which application threads were stopped: 0.0007410 seconds, Stopping threads took: 0.0000550 seconds
255.122: Application time: 0.0398410 seconds
255.123: [GC255.123: [ParNew: 17580K->1574K(18048K), 0.0010620 secs] 29595K->14613K(57984K), 0.0010960 secs] [Times: user=0.01 sys=0.00, real=0.00 secs] 
255.124: Total time for which application threads were stopped: 0.0012270 seconds, Stopping threads took: 0.0000670 seconds
255.164: Application time: 0.0402210 seconds
255.164: [GC255.164: [ParNew: 17540K->1546K(18048K), 0.0010430 secs] 30580K->15681K(57984K), 0.0010770 secs] [Times: user=0.01 sys=0.00, real=0.00 secs] 
255.165: Total time for which application threads were stopped: 0.0012090 seconds, Stopping threads took: 0.0000670 seconds
255.207: Application time: 0.0414100 seconds
255.207: [GC255.207: [ParNew: 17519K->1546K(18048K), 0.0007210 secs] 31654K->15681K(57984K), 0.0007500 secs] [Times: user=0.00 sys=0.00, real=0.00 secs] 
255.207: Total time for which application threads were stopped: 0.0008670 seconds, Stopping threads took: 0.0000560 seconds
255.247: Application time: 0.0399180 seconds
255.247: [GC255.247: [ParNew: 17595K->1068K(18048K), 0.0004370 secs] 31730K->15203K(57984K), 0.0004640 secs] [Times: user=0.01 sys=0.00, real=0.00 secs] 
255.248: Total time for which application threads were stopped: 0.0005930 seconds, Stopping threads took: 0.0000730 seconds
255.289: Application time: 0.0410750 seconds
255.289: [GC255.289: [ParNew: 17039K->520K(18048K), 0.0003960 secs] 31174K->14719K(57984K), 0.0004220 secs] [Times: user=0.00 sys=0.00, real=0.00 secs] 
255.290: Total time for which application threads were stopped: 0.0005340 seconds, Stopping threads took: 0.0000590 seconds
255.328: Application time: 0.0386970 seconds
255.328: [GC255.328: [ParNew: 16552K->1580K(18048K), 0.0007740 secs] 30752K->16291K(57984K), 0.0008050 secs] [Times: user=0.01 sys=0.00, real=0.00 secs] 
255.329: Total time for which application threads were stopped: 0.0009410 seconds, Stopping threads took: 0.0000740 seconds
255.368: Application time: 0.0391150 seconds
255.368: [GC255.368: [ParNew: 17546K->1548K(18048K), 0.0007920 secs] 32258K->16843K(57984K), 0.0008240 secs] [Times: user=0.00 sys=0.00, real=0.00 secs] 
255.369: Total time for which application threads were stopped: 0.0010250 seconds, Stopping threads took: 0.0001390 seconds
255.410: Application time: 0.0407570 seconds
255.410: [GC255.410: [ParNew: 17599K->1066K(18048K), 0.0004760 secs] 32894K->16361K(57984K), 0.0005040 secs] [Times: user=0.00 sys=0.00, real=0.00 secs] 
255.411: Total time for which application threads were stopped: 0.0006240 seconds, Stopping threads took: 0.0000530 seconds
255.452: Application time: 0.0413230 seconds
255.452: [GC255.452: [ParNew: 17037K->520K(18048K), 0.0003740 secs] 32332K->15871K(57984K), 0.0004080 secs] [Times: user=0.00 sys=0.00, real=0.00 secs] 
255.453: Total time for which application threads were stopped: 0.0005170 seconds, Stopping threads took: 0.0000560 seconds
255.493: Application time: 0.0405080 seconds
255.493: [GC255.493: [ParNew: 16490K->8K(18048K), 0.0003380 secs] 31842K->15359K(57984K), 0.0003640 secs] [Times: user=0.01 sys=0.00, real=0.00 secs] 
255.494: Total time for which application threads were stopped: 0.0005960 seconds, Stopping threads took: 0.0001780 seconds
255.530: Application time: 0.0365050 seconds
255.530: [GC255.530: [ParNew: 15958K->1546K(18048K), 0.0009120 secs] 31309K->17409K(57984K), 0.0009410 secs] [Times: user=0.00 sys=0.00, real=0.00 secs] 
255.531: Total time for which application threads were stopped: 0.0012600 seconds, Stopping threads took: 0.0002580 seconds
255.573: Application time: 0.0412160 seconds
255.573: [GC255.573: [ParNew: 17591K->1578K(18048K), 0.0007830 secs] 33454K->17953K(57984K), 0.0008130 secs] [Times: user=0.01 sys=0.00, real=0.00 secs] 
255.574: Total time for which application threads were stopped: 0.0009580 seconds, Stopping threads took: 0.0000840 seconds
255.612: Application time: 0.0384540 seconds
255.612: [GC255.612: [ParNew: 17193K->1092K(18048K), 0.0005350 secs] 33569K->17523K(57984K), 0.0005620 secs] [Times: user=0.00 sys=0.00, real=0.00 secs] 
255.613: Total time for which application threads were stopped: 0.0006810 seconds, Stopping threads took: 0.0000610 seconds
255.654: Application time: 0.0411970 seconds
255.654: [GC255.654: [ParNew: 17063K->522K(18048K), 0.0004060 secs] 33494K->17057K(57984K), 0.0004320 secs] [Times: user=0.00 sys=0.00, real=0.00 secs] 
255.654: Total time for which application threads were stopped: 0.0005470 seconds, Stopping threads took: 0.0000600 seconds
255.694: Application time: 0.0397850 seconds
255.694: [GC255.694: [ParNew: 16480K->1548K(18048K), 0.0005910 secs] 33016K->18083K(57984K), 0.0006170 secs] [Times: user=0.00 sys=0.00, real=0.00 secs] 
255.695: Total time for which application threads were stopped: 0.0007320 seconds, Stopping threads took: 0.0000590 seconds
255.733: Application time: 0.0384220 seconds
255.734: [GC255.734: [ParNew: 17155K->1606K(18048K), 0.0007190 secs] 33690K->18141K(57984K), 0.0007450 secs] [Times: user=0.01 sys=0.00, real=0.00 secs] 
255.734: Total time for which application threads were stopped: 0.0008740 seconds, Stopping threads took: 0.0000710 seconds
255.774: Application time: 0.0401900 seconds
255.775: [GC255.775: [ParNew: 17568K->1546K(18048K), 0.0008430 secs] 34104K->18697K(57984K), 0.0008740 secs] [Times: user=0.01 sys=0.00, real=0.00 secs] 
255.775: Total time for which application threads were stopped: 0.0009970 seconds, Stopping threads took: 0.0000610 seconds
255.814: Application time: 0.0382240 seconds
255.814: [GC255.814: [ParNew: 17508K->1548K(18048K), 0.0010020 secs] 34660K->19723K(57984K), 0.0010330 secs] [Times: user=0.00 sys=0.00, real=0.00 secs] 
255.815: Total time for which application threads were stopped: 0.0011590 seconds, Stopping threads took: 0.0000630 seconds
255.856: Application time: 0.0411030 seconds
255.856: [GC255.856: [ParNew: 17521K->1546K(18048K), 0.0006300 secs] 35696K->19721K(57984K), 0.0006580 secs] [Times: user=0.00 sys=0.00, real=0.00 secs] 
255.857: Total time for which application threads were stopped: 0.0007860 seconds, Stopping threads took: 0.0000690 seconds
255.897: Application time: 0.0406340 seconds
255.898: [GC255.898: [ParNew: 17512K->1548K(18048K), 0.0006030 secs] 35688K->19723K(57984K), 0.0006300 secs] [Times: user=0.00 sys=0.00, real=0.00 secs] 
255.898: Total time for which application threads were stopped: 0.0007750 seconds, Stopping threads took: 0.0000870 seconds
255.938: Application time: 0.0401350 seconds
255.938: [GC255.938: [ParNew: 17597K->1066K(18048K), 0.0004460 secs] 35773K->19241K(57984K), 0.0004720 secs] [Times: user=0.00 sys=0.00, real=0.00 secs] 
255.939: Total time for which application threads were stopped: 0.0005950 seconds, Stopping threads took: 0.0000610 seconds
255.979: Application time: 0.0403010 seconds
255.979: [GC255.979: [ParNew: 17037K->524K(18048K), 0.0003750 secs] 35212K->18763K(57984K), 0.0004070 secs] [Times: user=0.00 sys=0.00, real=0.00 secs] 
255.980: Total time for which application threads were stopped: 0.0005210 seconds, Stopping threads took: 0.0000600 seconds
256.020: Application time: 0.0399060 seconds
256.020: [GC256.020: [ParNew: 16564K->1066K(18048K), 0.0004760 secs] 34804K->19305K(57984K), 0.0005030 secs] [Times: user=0.01 sys=0.00, real=0.00 secs] 
256.020: Total time for which application threads were stopped: 0.0006220 seconds, Stopping threads took: 0.0000620 seconds
256.058: Application time: 0.0372780 seconds
256.058: [GC256.058: [ParNew: 17102K->1578K(18048K), 0.0007660 secs] 35342K->20393K(57984K), 0.0007980 secs] [Times: user=0.01 sys=0.00, real=0.00 secs] 
256.058: Total time for which application threads were stopped: 0.0009350 seconds, Stopping threads took: 0.0000720 seconds
256.100: Application time: 0.0415820 seconds
256.100: [GC256.100: [ParNew: 17551K->1034K(18048K), 0.0003880 secs] 36366K->19905K(57984K), 0.0004140 secs] [Times: user=0.00 sys=0.00, real=0.00 secs] 
256.101: Total time for which application threads were stopped: 0.0006770 seconds, Stopping threads took: 0.0002090 seconds
256.142: Application time: 0.0410330 seconds
256.142: [GC256.142: [ParNew: 17000K->1032K(18048K), 0.0004720 secs] 35872K->19903K(57984K), 0.0004970 secs] [Times: user=0.00 sys=0.00, real=0.00 secs] 
256.142: Total time for which application threads were stopped: 0.0006160 seconds, Stopping threads took: 0.0000630 seconds
256.179: Application time: 0.0370180 seconds
256.180: [GC256.180: [ParNew: 16990K->1548K(18048K), 0.0008560 secs] 35862K->20931K(57984K), 0.0008870 secs] [Times: user=0.00 sys=0.00, real=0.00 secs] 
256.180: Total time for which application threads were stopped: 0.0010250 seconds, Stopping threads took: 0.0000740 seconds
256.221: Application time: 0.0407410 seconds
256.221: [GC256.221: [ParNew: 17514K->1544K(18048K), 0.0008010 secs] 36898K->21439K(57984K), 0.0008310 secs] [Times: user=0.00 sys=0.00, real=0.00 secs] 
256.222: Total time for which application threads were stopped: 0.0009480 seconds, Stopping threads took: 0.0000570 seconds
256.262: Application time: 0.0397020 seconds
256.262: [GC256.262: [ParNew: 17584K->1578K(18048K), 0.0009430 secs] 37480K->22498K(57984K), 0.0009760 secs] [Times: user=0.01 sys=0.00, real=0.00 secs] 
256.263: Total time for which application threads were stopped: 0.0010980 seconds, Stopping threads took: 0.0000580 seconds
256.302: Application time: 0.0388780 seconds
256.302: [GC256.302: [ParNew: 17193K->1608K(18048K), 0.0006600 secs] 38113K->22576K(57984K), 0.0006880 secs] [Times: user=0.00 sys=0.00, real=0.00 secs] 
256.303: Total time for which application threads were stopped: 0.0008200 seconds, Stopping threads took: 0.0000710 seconds
256.343: Application time: 0.0408620 seconds
256.344: [GC256.344: [ParNew: 17574K->1546K(18048K), 0.0006550 secs] 38542K->22626K(57984K), 0.0006840 secs] [Times: user=0.00 sys=0.00, real=0.00 secs] 
256.344: Total time for which application threads were stopped: 0.0008000 seconds, Stopping threads took: 0.0000540 seconds
256.382: Application time: 0.0374480 seconds
256.382: [GC256.382: [ParNew: 17504K->1548K(18048K), 0.0009350 secs] 38584K->23652K(57984K), 0.0009650 secs] [Times: user=0.01 sys=0.00, real=0.00 secs] 
256.383: Total time for which application threads were stopped: 0.0011220 seconds, Stopping threads took: 0.0000930 seconds
256.423: Application time: 0.0404320 seconds
256.423: [GC256.423: [ParNew: 17163K->1608K(18048K), 0.0006060 secs] 39267K->23712K(57984K), 0.0006340 secs] [Times: user=0.00 sys=0.00, real=0.00 secs] 
256.424: Total time for which application threads were stopped: 0.0007630 seconds, Stopping threads took: 0.0000680 seconds
256.464: Application time: 0.0404390 seconds
256.465: [GC256.465: [ParNew: 17579K->1036K(18048K), 0.0004720 secs] 39683K->23252K(57984K), 0.0005000 secs] [Times: user=0.00 sys=0.00, real=0.00 secs] 
256.465: Total time for which application threads were stopped: 0.0006470 seconds, Stopping threads took: 0.0000750 seconds
256.505: Application time: 0.0399100 seconds
256.505: [GC256.505: [ParNew: 16998K->1034K(18048K), 0.0019870 secs] 39214K->23250K(57984K), 0.0020180 secs] [Times: user=0.01 sys=0.00, real=0.00 secs] 
256.507: Total time for which application threads were stopped: 0.0021460 seconds, Stopping threads took: 0.0000660 seconds
256.545: Application time: 0.0379450 seconds
256.545: [GC256.545: [ParNew: 16994K->1546K(18048K), 0.0007940 secs] 39210K->24274K(57984K), 0.0008250 secs] [Times: user=0.01 sys=0.00, real=0.00 secs] 
256.546: Total time for which application threads were stopped: 0.0009570 seconds, Stopping threads took: 0.0000680 seconds
256.587: Application time: 0.0411140 seconds
256.587: [GC256.587: [ParNew: 17591K->1578K(18048K), 0.0008810 secs] 40319K->24818K(57984K), 0.0009080 secs] [Times: user=0.00 sys=0.00, real=0.00 secs] 
256.588: Total time for which application threads were stopped: 0.0010500 seconds, Stopping threads took: 0.0000810 seconds
256.626: Application time: 0.0375620 seconds
256.626: [GC256.626: [ParNew: 17544K->1544K(18048K), 0.0008000 secs] 40784K->25368K(57984K), 0.0008280 secs] [Times: user=0.01 sys=0.00, real=0.00 secs] 
256.627: Total time for which application threads were stopped: 0.0009960 seconds, Stopping threads took: 0.0001070 seconds
256.668: Application time: 0.0410210 seconds
256.668: [GC256.668: [ParNew: 17514K->1546K(18048K), 0.0005960 secs] 41339K->25370K(57984K), 0.0006240 secs] [Times: user=0.01 sys=0.00, real=0.00 secs] 
256.669: Total time for which application threads were stopped: 0.0007510 seconds, Stopping threads took: 0.0000670 seconds
256.709: Application time: 0.0400080 seconds
256.709: [GC256.709: [ParNew: 17590K->1578K(18048K), 0.0006100 secs] 41415K->25402K(57984K), 0.0006390 secs] [Times: user=0.00 sys=0.00, real=0.00 secs] 
256.709: Total time for which application threads were stopped: 0.0007760 seconds, Stopping threads took: 0.0000760 seconds
256.749: Application time: 0.0397990 seconds
256.749: [GC256.749: [ParNew: 17623K->1576K(18048K), 0.0006270 secs] 41447K->25464K(57984K), 0.0006560 secs] [Times: user=0.00 sys=0.00, real=0.00 secs] 
256.750: Total time for which application threads were stopped: 0.0007780 seconds, Stopping threads took: 0.0000640 seconds
256.790: Application time: 0.0402590 seconds
256.790: [GC256.790: [ParNew: 17547K->1036K(18048K), 0.0004530 secs] 41435K->24980K(57984K), 0.0004820 secs] [Times: user=0.00 sys=0.00, real=0.00 secs] 
256.791: Total time for which application threads were stopped: 0.0005950 seconds, Stopping threads took: 0.0000540 seconds
256.831: Application time: 0.0405300 seconds
256.831: [GC256.831: [ParNew: 17006K->524K(18048K), 0.0003160 secs] 40951K->24468K(57984K), 0.0003420 secs] [Times: user=0.01 sys=0.00, real=0.00 secs] 
256.832: Total time for which application threads were stopped: 0.0004530 seconds, Stopping threads took: 0.0000590 seconds
256.869: Application time: 0.0371410 seconds
256.869: [GC256.869: [ParNew: 16482K->1546K(18048K), 0.0006010 secs] 40426K->25490K(57984K), 0.0006300 secs] [Times: user=0.01 sys=0.00, real=0.00 secs] 
256.870: Total time for which application threads were stopped: 0.0007620 seconds, Stopping threads took: 0.0000710 seconds
256.911: Application time: 0.0408430 seconds
256.911: [GC256.911: [ParNew: 17595K->1066K(18048K), 0.0004420 secs] 41539K->25010K(57984K), 0.0004680 secs] [Times: user=0.00 sys=0.00, real=0.00 secs] 
256.911: Total time for which application threads were stopped: 0.0005830 seconds, Stopping threads took: 0.0000590 seconds
256.949: Application time: 0.0379970 seconds
256.949: [GC256.949: [ParNew: 17098K->1578K(18048K), 0.0010290 secs] 41042K->26610K(57984K), 0.0010590 secs] [Times: user=0.01 sys=0.00, real=0.00 secs] 
256.950: Total time for which application threads were stopped: 0.0011930 seconds, Stopping threads took: 0.0000730 seconds
256.992: Application time: 0.0412260 seconds
256.992: [GC256.992: [ParNew: 17629K->1580K(18048K), 0.0006870 secs] 42661K->26668K(57984K), 0.0007240 secs] [Times: user=0.00 sys=0.00, real=0.00 secs] 
256.992: Total time for which application threads were stopped: 0.0008730 seconds, Stopping threads took: 0.0000800 seconds
257.032: Application time: 0.0395530 seconds
257.032: [GC257.032: [ParNew: 17551K->1036K(18048K), 0.0005110 secs] 42639K->26180K(57984K), 0.0005390 secs] [Times: user=0.00 sys=0.00, real=0.00 secs] 
257.033: Total time for which application threads were stopped: 0.0006620 seconds, Stopping threads took: 0.0000640 seconds
257.073: Application time: 0.0403410 seconds
257.073: [GC257.073: [ParNew: 16643K->1094K(18048K), 0.0005400 secs] 41787K->26238K(57984K), 0.0005680 secs] [Times: user=0.01 sys=0.00, real=0.00 secs] 
257.074: Total time for which application threads were stopped: 0.0006850 seconds, Stopping threads took: 0.0000620 seconds
257.113: Application time: 0.0388750 seconds
257.113: [GC257.113: [ParNew: 17056K->1548K(18048K), 0.0006590 secs] 42201K->26796K(57984K), 0.0006890 secs] [Times: user=0.00 sys=0.00, real=0.00 secs] 
257.113: Total time for which application threads were stopped: 0.0008180 seconds, Stopping threads took: 0.0000690 seconds
257.153: Application time: 0.0393420 seconds
257.153: [GC257.153: [ParNew: 17506K->1546K(18048K), 0.0009980 secs] 42754K->27818K(57984K), 0.0010330 secs] [Times: user=0.00 sys=0.00, real=0.00 secs] 
257.154: Total time for which application threads were stopped: 0.0011590 seconds, Stopping threads took: 0.0000620 seconds
257.195: Application time: 0.0407340 seconds
257.196: [GC257.196: [ParNew: 17519K->1546K(18048K), 0.0006310 secs] 43791K->27818K(57984K), 0.0006570 secs] [Times: user=0.01 sys=0.00, real=0.00 secs] 
257.197: Total time for which application threads were stopped: 0.0019930 seconds, Stopping threads took: 0.0012790 seconds
257.237: Application time: 0.0406430 seconds
257.238: [GC257.238: [ParNew: 17508K->1546K(18048K), 0.0008270 secs] 43781K->28330K(57984K), 0.0008550 secs] [Times: user=0.01 sys=0.00, real=0.00 secs] 
257.238: Total time for which application threads were stopped: 0.0011030 seconds, Stopping threads took: 0.0001880 seconds
257.277: Application time: 0.0389830 seconds
257.277: [GC257.277: [ParNew: 17587K->1574K(18048K), 0.0010770 secs] 44371K->29382K(57984K), 0.0011080 secs] [Times: user=0.00 sys=0.00, real=0.00 secs] 
257.279: Total time for which application threads were stopped: 0.0012390 seconds, Stopping threads took: 0.0000690 seconds
257.319: Application time: 0.0405380 seconds
257.319: [GC257.319: [ParNew: 17542K->1544K(18048K), 0.0008460 secs] 45351K->29920K(57984K), 0.0008780 secs] [Times: user=0.01 sys=0.00, real=0.00 secs] 
257.320: Total time for which application threads were stopped: 0.0010090 seconds, Stopping threads took: 0.0000700 seconds
257.361: Application time: 0.0407000 seconds
257.361: [GC257.361: [ParNew: 17593K->1576K(18048K), 0.0006130 secs] 45969K->29952K(57984K), 0.0006410 secs] [Times: user=0.00 sys=0.00, real=0.00 secs] 
257.362: Total time for which application threads were stopped: 0.0007750 seconds, Stopping threads took: 0.0000730 seconds
257.401: Application time: 0.0391720 seconds
257.401: [GC257.401: [ParNew: 17616K->1578K(18048K), 0.0008020 secs] 45993K->30530K(57984K), 0.0008320 secs] [Times: user=0.01 sys=0.00, real=0.00 secs] 
257.402: Total time for which application threads were stopped: 0.0009800 seconds, Stopping threads took: 0.0000880 seconds
257.442: Application time: 0.0398330 seconds
257.442: [GC257.442: [ParNew: 17549K->1546K(18048K), 0.0006930 secs] 46501K->30570K(57984K), 0.0007180 secs] [Times: user=0.01 sys=0.00, real=0.00 secs] 
257.442: Total time for which application threads were stopped: 0.0008440 seconds, Stopping threads took: 0.0000690 seconds
257.482: Application time: 0.0397320 seconds
257.482: [GC257.482: [ParNew: 17504K->1546K(18048K), 0.0009290 secs] 46529K->31594K(57984K), 0.0009610 secs] [Times: user=0.01 sys=0.00, real=0.00 secs] 
257.483: Total time for which application threads were stopped: 0.0011080 seconds, Stopping threads took: 0.0000820 seconds
257.524: Application time: 0.0408930 seconds
257.524: [GC257.524: [ParNew: 17514K->1548K(18048K), 0.0008970 secs] 47563K->32108K(57984K), 0.0009360 secs] [Times: user=0.00 sys=0.00, real=0.01 secs] 
257.525: Total time for which application threads were stopped: 0.0011000 seconds, Stopping threads took: 0.0000930 seconds
257.565: Application time: 0.0394570 seconds
257.565: [GC257.565: [ParNew: 17519K->1546K(18048K), 0.0006650 secs] 48079K->32106K(57984K), 0.0006960 secs] [Times: user=0.00 sys=0.00, real=0.01 secs] 
257.566: Total time for which application threads were stopped: 0.0008190 seconds, Stopping threads took: 0.0000620 seconds
257.606: Application time: 0.0402410 seconds
257.606: [GC257.606: [ParNew: 17595K->1066K(18048K), 0.0004920 secs] 48155K->31626K(57984K), 0.0005180 secs] [Times: user=0.00 sys=0.00, real=0.00 secs] 
257.606: Total time for which application threads were stopped: 0.0006580 seconds, Stopping threads took: 0.0000840 seconds
257.646: Application time: 0.0394980 seconds
257.646: [GC257.646: [ParNew: 17107K->1576K(18048K), 0.0006180 secs] 47667K->32208K(57984K), 0.0006490 secs] [Times: user=0.01 sys=0.00, real=0.00 secs] 
257.647: Total time for which application threads were stopped: 0.0007710 seconds, Stopping threads took: 0.0000580 seconds
257.684: Application time: 0.0372860 seconds
257.684: [GC257.684: [ParNew: 17608K->1580K(18048K), 0.0011530 secs] 48241K->33812K(57984K), 0.0011880 secs] [Times: user=0.01 sys=0.00, real=0.01 secs] 
257.685: Total time for which application threads were stopped: 0.0013200 seconds, Stopping threads took: 0.0000630 seconds
257.727: Application time: 0.0411560 seconds
257.727: [GC257.727: [ParNew: 17629K->1580K(18048K), 0.0010130 secs] 49861K->34909K(57984K), 0.0010450 secs] [Times: user=0.01 sys=0.00, real=0.00 secs] 
257.728: Total time for which application threads were stopped: 0.0011790 seconds, Stopping threads took: 0.0000700 seconds
257.768: Application time: 0.0403970 seconds
257.768: [GC257.768: [ParNew: 17625K->1578K(18048K), 0.0010350 secs] 50953K->35987K(57984K), 0.0010660 secs] [Times: user=0.01 sys=0.00, real=0.00 secs] 
257.769: Total time for which application threads were stopped: 0.0012000 seconds, Stopping threads took: 0.0000700 seconds
257.810: Application time: 0.0407130 seconds
257.810: [GC257.810: [ParNew: 17549K->1548K(18048K), 0.0007960 secs] 51957K->36541K(57984K), 0.0008240 secs] [Times: user=0.01 sys=0.00, real=0.00 secs] 
257.811: Total time for which application threads were stopped: 0.0009450 seconds, Stopping threads took: 0.0000590 seconds
257.851: Application time: 0.0401090 seconds
257.851: [GC257.851: [ParNew: 17519K->1544K(18048K), 0.0005900 secs] 52511K->36537K(57984K), 0.0006190 secs] [Times: user=0.00 sys=0.00, real=0.00 secs] 
257.852: Total time for which application threads were stopped: 0.0007710 seconds, Stopping threads took: 0.0000910 seconds
257.892: Application time: 0.0404750 seconds
257.892: [GC257.892: [ParNew: 17514K->1036K(18048K), 0.0005390 secs] 52507K->36029K(57984K), 0.0005650 secs] [Times: user=0.00 sys=0.00, real=0.00 secs] 
257.893: Total time for which application threads were stopped: 0.0006810 seconds, Stopping threads took: 0.0000610 seconds
257.929: Application time: 0.0362210 seconds
257.929: [GC257.929: [ParNew: 16990K->1548K(18048K), 0.0009370 secs] 51983K->37565K(57984K), 0.0009680 secs] [Times: user=0.01 sys=0.00, real=0.00 secs] 
257.930: Total time for which application threads were stopped: 0.0010880 seconds, Stopping threads took: 0.0000570 seconds
257.971: Application time: 0.0402590 seconds
257.971: [GC257.971: [ParNew: 17589K->1580K(18048K), 0.0011860 secs] 53605K->39133K(57984K), 0.0012190 secs] [Times: user=0.01 sys=0.00, real=0.00 secs] 
257.972: Total time for which application threads were stopped: 0.0013440 seconds, Stopping threads took: 0.0000610 seconds
258.013: Application time: 0.0407660 seconds
258.013: [GC258.013: [ParNew: 17551K->1548K(18048K), 0.0009970 secs] 55104K->40197K(57984K), 0.0010290 secs] [Times: user=0.01 sys=0.00, real=0.00 secs] 
258.014: Total time for which application threads were stopped: 0.0011750 seconds, Stopping threads took: 0.0000740 seconds
258.054: Application time: 0.0396580 seconds
258.054: [GC258.054: [ParNew: 17597K->1576K(18048K), 0.0008800 secs] 56246K->40737K(57984K), 0.0009100 secs] [Times: user=0.00 sys=0.00, real=0.00 secs] 
258.055: Total time for which application threads were stopped: 0.0010600 seconds, Stopping threads took: 0.0000810 seconds
258.095: Application time: 0.0403860 seconds
258.095: [GC258.096: [ParNew: 17621K->17621K(18048K), 0.0000160 secs]258.096: [Tenured: 39161K->7792K(39936K), 0.0053180 secs] 56782K->7792K(57984K), [Perm : 5181K->5181K(21248K)], 0.0053940 secs] [Times: user=0.00 sys=0.00, real=0.01 secs] 
258.101: Total time for which application threads were stopped: 0.0059190 seconds, Stopping threads took: 0.0004470 seconds
258.141: Application time: 0.0404480 seconds
258.141: [GC258.141: [ParNew: 15970K->1544K(18048K), 0.0006520 secs] 23763K->9336K(57984K), 0.0006810 secs] [Times: user=0.01 sys=0.00, real=0.00 secs] 
258.142: Total time for which application threads were stopped: 0.0008060 seconds, Stopping threads took: 0.0000650 seconds
258.183: Application time: 0.0404400 seconds
258.183: [GC258.183: [ParNew: 17510K->1544K(18048K), 0.0007840 secs] 25303K->9336K(57984K), 0.0008150 secs] [Times: user=0.00 sys=0.00, real=0.00 secs] 
258.184: Total time for which application threads were stopped: 0.0010140 seconds, Stopping threads took: 0.0001300 seconds
258.223: Application time: 0.0392320 seconds
258.223: [GC258.223: [ParNew: 17510K->1544K(18048K), 0.0006610 secs] 25303K->9336K(57984K), 0.0006910 secs] [Times: user=0.00 sys=0.00, real=0.00 secs] 
258.224: Total time for which application threads were stopped: 0.0008080 seconds, Stopping threads took: 0.0000550 seconds
258.265: Application time: 0.0412010 seconds
258.265: [GC258.265: [ParNew: 17593K->1062K(18048K), 0.0005410 secs] 25385K->8854K(57984K), 0.0005700 secs] [Times: user=0.00 sys=0.00, real=0.01 secs] 
258.266: Total time for which application threads were stopped: 0.0006950 seconds, Stopping threads took: 0.0000660 seconds
258.304: Application time: 0.0388030 seconds
258.304: [GC258.304: [ParNew: 17107K->1064K(18048K), 0.0005400 secs] 24899K->8928K(57984K), 0.0005680 secs] [Times: user=0.01 sys=0.00, real=0.00 secs] 
258.305: Total time for which application threads were stopped: 0.0006810 seconds, Stopping threads took: 0.0000560 seconds
258.346: Application time: 0.0405910 seconds
258.346: [GC258.346: [ParNew: 17113K->554K(18048K), 0.0003640 secs] 24977K->8482K(57984K), 0.0003920 secs] [Times: user=0.01 sys=0.00, real=0.00 secs] 
258.346: Total time for which application threads were stopped: 0.0005010 seconds, Stopping threads took: 0.0000530 seconds
258.386: Application time: 0.0395910 seconds
258.386: [GC258.386: [ParNew: 16594K->1096K(18048K), 0.0004520 secs] 24523K->9024K(57984K), 0.0004800 secs] [Times: user=0.01 sys=0.00, real=0.00 secs] 
258.386: Total time for which application threads were stopped: 0.0006000 seconds, Stopping threads took: 0.0000620 seconds
258.423: Application time: 0.0370970 seconds
258.424: [GC258.424: [ParNew: 17124K->1576K(18048K), 0.0011360 secs] 25053K->11144K(57984K), 0.0011710 secs] [Times: user=0.01 sys=0.00, real=0.00 secs] 
258.425: Total time for which application threads were stopped: 0.0013000 seconds, Stopping threads took: 0.0000620 seconds
258.466: Application time: 0.0413360 seconds
258.466: [GC258.466: [ParNew: 17547K->1548K(18048K), 0.0009660 secs] 27115K->12196K(57984K), 0.0009960 secs] [Times: user=0.01 sys=0.00, real=0.00 secs] 
258.467: Total time for which application threads were stopped: 0.0011220 seconds, Stopping threads took: 0.0000640 seconds
258.509: Application time: 0.0414440 seconds
258.509: [GC258.509: [ParNew: 17519K->1548K(18048K), 0.0007830 secs] 28167K->12708K(57984K), 0.0008160 secs] [Times: user=0.01 sys=0.00, real=0.00 secs] 
258.510: Total time for which application threads were stopped: 0.0009610 seconds, Stopping threads took: 0.0000820 seconds
258.548: Application time: 0.0381940 seconds
258.548: [GC258.548: [ParNew: 17514K->1546K(18048K), 0.0008010 secs] 28675K->13218K(57984K), 0.0008400 secs] [Times: user=0.00 sys=0.00, real=0.00 secs] 
258.549: Total time for which application threads were stopped: 0.0009700 seconds, Stopping threads took: 0.0000690 seconds
258.589: Application time: 0.0397970 seconds
258.589: [GC258.589: [ParNew: 17517K->1548K(18048K), 0.0006380 secs] 29189K->13220K(57984K), 0.0006680 secs] [Times: user=0.01 sys=0.00, real=0.00 secs] 
258.589: Total time for which application threads were stopped: 0.0008060 seconds, Stopping threads took: 0.0000700 seconds
258.631: Application time: 0.0411890 seconds
258.631: [GC258.631: [ParNew: 17597K->1064K(18048K), 0.0004800 secs] 29270K->12736K(57984K), 0.0005080 secs] [Times: user=0.01 sys=0.00, real=0.00 secs] 
258.631: Total time for which application threads were stopped: 0.0006350 seconds, Stopping threads took: 0.0000710 seconds
258.672: Application time: 0.0411210 seconds
258.672: [GC258.672: [ParNew: 17035K->520K(18048K), 0.0003310 secs] 28707K->12264K(57984K), 0.0003570 secs] [Times: user=0.00 sys=0.00, real=0.00 secs] 
258.673: Total time for which application threads were stopped: 0.0004640 seconds, Stopping threads took: 0.0000520 seconds
258.713: Application time: 0.0401750 seconds
258.713: [GC258.713: [ParNew: 16556K->1574K(18048K), 0.0006620 secs] 28301K->13318K(57984K), 0.0006910 secs] [Times: user=0.00 sys=0.00, real=0.00 secs] 
258.714: Total time for which application threads were stopped: 0.0008230 seconds, Stopping threads took: 0.0000740 seconds
258.754: Application time: 0.0400450 seconds
258.754: [GC258.754: [ParNew: 17545K->1034K(18048K), 0.0005280 secs] 29289K->12850K(57984K), 0.0005530 secs] [Times: user=0.00 sys=0.00, real=0.00 secs] 
258.755: Total time for which application threads were stopped: 0.0006890 seconds, Stopping threads took: 0.0000820 seconds
258.792: Application time: 0.0372840 seconds
258.792: [GC258.792: [ParNew: 17070K->1576K(18048K), 0.0008370 secs] 28887K->13904K(57984K), 0.0008670 secs] [Times: user=0.01 sys=0.00, real=0.00 secs] 
258.793: Total time for which application threads were stopped: 0.0009930 seconds, Stopping threads took: 0.0000640 seconds
258.833: Application time: 0.0403450 seconds
258.833: [GC258.833: [ParNew: 17534K->1548K(18048K), 0.0011530 secs] 29863K->15476K(57984K), 0.0011840 secs] [Times: user=0.01 sys=0.00, real=0.00 secs] 
258.834: Total time for which application threads were stopped: 0.0013210 seconds, Stopping threads took: 0.0000720 seconds
258.874: Application time: 0.0394700 seconds
258.874: [GC258.874: [ParNew: 17519K->1548K(18048K), 0.0012670 secs] 31447K->16500K(57984K), 0.0012990 secs] [Times: user=0.01 sys=0.00, real=0.00 secs] 
258.875: Total time for which application threads were stopped: 0.0014490 seconds, Stopping threads took: 0.0000860 seconds
258.916: Application time: 0.0410360 seconds
258.917: [GC258.917: [ParNew: 17519K->1546K(18048K), 0.0008320 secs] 32471K->17010K(57984K), 0.0008630 secs] [Times: user=0.00 sys=0.00, real=0.01 secs] 
258.917: Total time for which application threads were stopped: 0.0009940 seconds, Stopping threads took: 0.0000700 seconds
258.959: Application time: 0.0410570 seconds
258.959: [GC258.959: [ParNew: 17591K->1580K(18048K), 0.0007810 secs] 33056K->17557K(57984K), 0.0008110 secs] [Times: user=0.01 sys=0.00, real=0.00 secs] 
258.959: Total time for which application threads were stopped: 0.0009420 seconds, Stopping threads took: 0.0000680 seconds
259.001: Application time: 0.0412120 seconds
259.001: [GC259.001: [ParNew: 17631K->1068K(18048K), 0.0004650 secs] 33608K->17117K(57984K), 0.0004930 secs] [Times: user=0.00 sys=0.00, real=0.00 secs] 
259.001: Total time for which application threads were stopped: 0.0006180 seconds, Stopping threads took: 0.0000680 seconds
259.038: Application time: 0.0369870 seconds
259.038: [GC259.038: [ParNew: 16671K->1608K(18048K), 0.0006250 secs] 32720K->17713K(57984K), 0.0006530 secs] [Times: user=0.00 sys=0.00, real=0.00 secs] 
259.039: Total time for which application threads were stopped: 0.0007810 seconds, Stopping threads took: 0.0000670 seconds
259.078: Application time: 0.0388070 seconds
259.078: [GC259.078: [ParNew: 17570K->1548K(18048K), 0.0008610 secs] 33675K->18269K(57984K), 0.0008990 secs] [Times: user=0.01 sys=0.00, real=0.00 secs] 
259.079: Total time for which application threads were stopped: 0.0010360 seconds, Stopping threads took: 0.0000770 seconds
259.120: Application time: 0.0409310 seconds
259.120: [GC259.120: [ParNew: 17597K->1578K(18048K), 0.0007240 secs] 34318K->18299K(57984K), 0.0007510 secs] [Times: user=0.00 sys=0.00, real=0.00 secs] 
259.121: Total time for which application threads were stopped: 0.0009820 seconds, Stopping threads took: 0.0001630 seconds
259.160: Application time: 0.0395090 seconds
259.160: [GC259.160: [ParNew: 17536K->1550K(18048K), 0.0009770 secs] 34257K->19351K(57984K), 0.0010090 secs] [Times: user=0.00 sys=0.00, real=0.00 secs] 
259.161: Total time for which application threads were stopped: 0.0011470 seconds, Stopping threads took: 0.0000740 seconds
259.200: Application time: 0.0380330 seconds
259.200: [GC259.200: [ParNew: 17516K->1552K(18048K), 0.0009220 secs] 35317K->20377K(57984K), 0.0009550 secs] [Times: user=0.00 sys=0.00, real=0.00 secs] 
259.201: Total time for which application threads were stopped: 0.0011740 seconds, Stopping threads took: 0.0001540 seconds
259.241: Application time: 0.0406610 seconds
259.241: [GC259.241: [ParNew: 17518K->1548K(18048K), 0.0009210 secs] 36344K->21397K(57984K), 0.0009500 secs] [Times: user=0.01 sys=0.00, real=0.00 secs] 
259.242: Total time for which application threads were stopped: 0.0010830 seconds, Stopping threads took: 0.0000730 seconds
259.282: Application time: 0.0400650 seconds
259.283: [GC259.283: [ParNew: 17514K->1546K(18048K), 0.0010190 secs] 37364K->22419K(57984K), 0.0010500 secs] [Times: user=0.01 sys=0.00, real=0.00 secs] 
259.284: Total time for which application threads were stopped: 0.0011790 seconds, Stopping threads took: 0.0000660 seconds
259.325: Application time: 0.0409260 seconds
259.325: [GC259.325: [ParNew: 17595K->1576K(18048K), 0.0007690 secs] 38468K->22961K(57984K), 0.0008000 secs] [Times: user=0.00 sys=0.00, real=0.01 secs] 
259.326: Total time for which application threads were stopped: 0.0009170 seconds, Stopping threads took: 0.0000540 seconds
259.366: Application time: 0.0405880 seconds
259.366: [GC259.366: [ParNew: 17547K->1548K(18048K), 0.0006360 secs] 38932K->23013K(57984K), 0.0006650 secs] [Times: user=0.00 sys=0.00, real=0.00 secs] 
259.367: Total time for which application threads were stopped: 0.0007820 seconds, Stopping threads took: 0.0000560 seconds
259.408: Application time: 0.0407870 seconds
259.408: [GC259.408: [ParNew: 17597K->1066K(18048K), 0.0004800 secs] 39062K->22531K(57984K), 0.0005070 secs] [Times: user=0.00 sys=0.00, real=0.00 secs] 
259.408: Total time for which application threads were stopped: 0.0006270 seconds, Stopping threads took: 0.0000630 seconds
259.449: Application time: 0.0403620 seconds
259.449: [GC259.449: [ParNew: 17115K->554K(18048K), 0.0003380 secs] 38580K->22099K(57984K), 0.0003630 secs] [Times: user=0.01 sys=0.00, real=0.00 secs] 
259.449: Total time for which application threads were stopped: 0.0004850 seconds, Stopping threads took: 0.0000620 seconds
259.489: Application time: 0.0401530 seconds
259.489: [GC259.489: [ParNew: 16520K->556K(18048K), 0.0003190 secs] 38066K->22101K(57984K), 0.0003460 secs] [Times: user=0.00 sys=0.00, real=0.00 secs] 
259.490: Total time for which application threads were stopped: 0.0004630 seconds, Stopping threads took: 0.0000640 seconds
259.530: Application time: 0.0399350 seconds
259.530: [GC259.530: [ParNew: 16524K->44K(18048K), 0.0002150 secs] 38070K->21589K(57984K), 0.0002400 secs] [Times: user=0.00 sys=0.00, real=0.00 secs] 
259.530: Total time for which application threads were stopped: 0.0003470 seconds, Stopping threads took: 0.0000520 seconds
259.567: Application time: 0.0372630 seconds
259.568: [GC259.568: [ParNew: 15994K->1580K(18048K), 0.0006120 secs] 37539K->23125K(57984K), 0.0006420 secs] [Times: user=0.01 sys=0.00, real=0.00 secs] 
259.568: Total time for which application threads were stopped: 0.0008790 seconds, Stopping threads took: 0.0001690 seconds
259.607: Application time: 0.0384440 seconds
259.607: [GC259.607: [ParNew: 17619K->1578K(18048K), 0.0009560 secs] 39164K->24219K(57984K), 0.0009860 secs] [Times: user=0.01 sys=0.00, real=0.00 secs] 
259.608: Total time for which application threads were stopped: 0.0011170 seconds, Stopping threads took: 0.0000660 seconds
259.649: Application time: 0.0408070 seconds
259.649: [GC259.649: [ParNew: 17549K->1546K(18048K), 0.0006310 secs] 40190K->24251K(57984K), 0.0006600 secs] [Times: user=0.00 sys=0.00, real=0.00 secs] 
259.649: Total time for which application threads were stopped: 0.0008200 seconds, Stopping threads took: 0.0000930 seconds
259.688: Application time: 0.0384160 seconds
259.688: [GC259.688: [ParNew: 17155K->1608K(18048K), 0.0006630 secs] 39860K->24313K(57984K), 0.0006930 secs] [Times: user=0.00 sys=0.00, real=0.00 secs] 
259.689: Total time for which application threads were stopped: 0.0008150 seconds, Stopping threads took: 0.0000620 seconds
259.729: Application time: 0.0403180 seconds
259.729: [GC259.729: [ParNew: 17657K->1068K(18048K), 0.0005290 secs] 40362K->23869K(57984K), 0.0005580 secs] [Times: user=0.00 sys=0.00, real=0.00 secs] 
259.730: Total time for which application threads were stopped: 0.0006720 seconds, Stopping threads took: 0.0000560 seconds
259.770: Application time: 0.0400790 seconds
259.770: [GC259.770: [ParNew: 17104K->1576K(18048K), 0.0008020 secs] 39906K->24945K(57984K), 0.0008350 secs] [Times: user=0.01 sys=0.00, real=0.00 secs] 
259.771: Total time for which application threads were stopped: 0.0009540 seconds, Stopping threads took: 0.0000550 seconds
259.811: Application time: 0.0399940 seconds
259.811: [GC259.811: [ParNew: 17547K->1546K(18048K), 0.0006120 secs] 40916K->24987K(57984K), 0.0006420 secs] [Times: user=0.00 sys=0.00, real=0.00 secs] 
259.811: Total time for which application threads were stopped: 0.0007710 seconds, Stopping threads took: 0.0000690 seconds
259.849: Application time: 0.0380180 seconds
259.850: [GC259.850: [ParNew: 17512K->1034K(18048K), 0.0005290 secs] 40954K->24475K(57984K), 0.0005560 secs] [Times: user=0.00 sys=0.00, real=0.00 secs] 
259.850: Total time for which application threads were stopped: 0.0007170 seconds, Stopping threads took: 0.0001040 seconds
259.890: Application time: 0.0398160 seconds
259.890: [GC259.890: [ParNew: 16994K->1546K(18048K), 0.0007690 secs] 40436K->25499K(57984K), 0.0007990 secs] [Times: user=0.00 sys=0.00, real=0.00 secs] 
259.891: Total time for which application threads were stopped: 0.0009290 seconds, Stopping threads took: 0.0000680 seconds
259.929: Application time: 0.0380920 seconds
259.929: [GC259.929: [ParNew: 17512K->1546K(18048K), 0.0007820 secs] 41466K->26011K(57984K), 0.0008160 secs] [Times: user=0.00 sys=0.01, real=0.00 secs] 
259.930: Total time for which application threads were stopped: 0.0009400 seconds, Stopping threads took: 0.0000610 seconds
259.971: Application time: 0.0406460 seconds
259.971: [GC259.971: [ParNew: 17512K->1546K(18048K), 0.0007610 secs] 41978K->26523K(57984K), 0.0007890 secs] [Times: user=0.00 sys=0.00, real=0.00 secs] 
259.972: Total time for which application threads were stopped: 0.0009150 seconds, Stopping threads took: 0.0000640 seconds
260.011: Application time: 0.0394140 seconds
260.011: [GC260.011: [ParNew: 17590K->1578K(18048K), 0.0008580 secs] 42568K->27067K(57984K), 0.0008860 secs] [Times: user=0.00 sys=0.00, real=0.00 secs] 
260.012: Total time for which application threads were stopped: 0.0010190 seconds, Stopping threads took: 0.0000720 seconds
260.052: Application time: 0.0396690 seconds
260.052: [GC260.052: [ParNew: 17549K->1546K(18048K), 0.0006570 secs] 43038K->27099K(57984K), 0.0006840 secs] [Times: user=0.01 sys=0.00, real=0.00 secs] 
260.052: Total time for which application threads were stopped: 0.0008080 seconds, Stopping threads took: 0.0000680 seconds
260.092: Application time: 0.0392290 seconds
260.092: [GC260.092: [ParNew: 17590K->1576K(18048K), 0.0006170 secs] 43144K->27129K(57984K), 0.0006550 secs] [Times: user=0.00 sys=0.00, real=0.00 secs] 
260.092: Total time for which application threads were stopped: 0.0007740 seconds, Stopping threads took: 0.0000590 seconds
260.132: Application time: 0.0394370 seconds
260.132: [GC260.132: [ParNew: 17617K->1578K(18048K), 0.0008020 secs] 43170K->27699K(57984K), 0.0008340 secs] [Times: user=0.00 sys=0.00, real=0.00 secs] 
260.133: Total time for which application threads were stopped: 0.0009560 seconds, Stopping threads took: 0.0000590 seconds
260.172: Application time: 0.0393010 seconds
260.172: [GC260.172: [ParNew: 17549K->1546K(18048K), 0.0006310 secs] 43670K->27731K(57984K), 0.0006590 secs] [Times: user=0.00 sys=0.00, real=0.00 secs] 
260.173: Total time for which application threads were stopped: 0.0007920 seconds, Stopping threads took: 0.0000670 seconds
260.213: Application time: 0.0404420 seconds
260.217: [GC260.217: [ParNew: 17508K->1548K(18048K), 0.0008600 secs] 43694K->28245K(57984K), 0.0008860 secs] [Times: user=0.01 sys=0.00, real=0.01 secs] 
260.218: Total time for which application threads were stopped: 0.0042070 seconds, Stopping threads took: 0.0032600 seconds
260.258: Application time: 0.0407230 seconds
260.258: [GC260.258: [ParNew: 17519K->1546K(18048K), 0.0006590 secs] 44216K->28243K(57984K), 0.0006900 secs] [Times: user=0.00 sys=0.00, real=0.00 secs] 
260.259: Total time for which application threads were stopped: 0.0008330 seconds, Stopping threads took: 0.0000840 seconds
260.298: Application time: 0.0390850 seconds
260.298: [GC260.298: [ParNew: 17595K->1062K(18048K), 0.0004450 secs] 44292K->27759K(57984K), 0.0004730 secs] [Times: user=0.00 sys=0.00, real=0.00 secs] 
260.299: Total time for which application threads were stopped: 0.0005970 seconds, Stopping threads took: 0.0000680 seconds
260.338: Application time: 0.0387050 seconds
260.338: [GC260.338: [ParNew: 16665K->1606K(18048K), 0.0007000 secs] 43362K->28359K(57984K), 0.0007290 secs] [Times: user=0.01 sys=0.00, real=0.00 secs] 
260.338: Total time for which application threads were stopped: 0.0008510 seconds, Stopping threads took: 0.0000620 seconds
260.376: Application time: 0.0378910 seconds
260.376: [GC260.376: [ParNew: 17647K->1580K(18048K), 0.0008410 secs] 44400K->28950K(57984K), 0.0008720 secs] [Times: user=0.00 sys=0.00, real=0.01 secs] 
260.377: Total time for which application threads were stopped: 0.0010720 seconds, Stopping threads took: 0.0001380 seconds
260.417: Application time: 0.0396580 seconds
260.417: [GC260.417: [ParNew: 17542K->1552K(18048K), 0.0009640 secs] 44912K->30010K(57984K), 0.0010010 secs] [Times: user=0.01 sys=0.00, real=0.01 secs] 
260.418: Total time for which application threads were stopped: 0.0011430 seconds, Stopping threads took: 0.0000760 seconds
260.458: Application time: 0.0401450 seconds
260.458: [GC260.458: [ParNew: 17597K->1576K(18048K), 0.0010480 secs] 46055K->31058K(57984K), 0.0010800 secs] [Times: user=0.00 sys=0.00, real=0.00 secs] 
260.460: Total time for which application threads were stopped: 0.0012110 seconds, Stopping threads took: 0.0000670 seconds
260.500: Application time: 0.0404230 seconds
260.500: [GC260.500: [ParNew: 17542K->1548K(18048K), 0.0009630 secs] 47024K->32126K(57984K), 0.0009960 secs] [Times: user=0.01 sys=0.00, real=0.00 secs] 
260.501: Total time for which application threads were stopped: 0.0011330 seconds, Stopping threads took: 0.0000720 seconds
260.542: Application time: 0.0409560 seconds
260.542: [GC260.542: [ParNew: 17519K->1546K(18048K), 0.0008710 secs] 48096K->32636K(57984K), 0.0009000 secs] [Times: user=0.01 sys=0.00, real=0.00 secs] 
260.543: Total time for which application threads were stopped: 0.0010480 seconds, Stopping threads took: 0.0000840 seconds
260.582: Application time: 0.0392450 seconds
260.582: [GC260.582: [ParNew: 17517K->1546K(18048K), 0.0006220 secs] 48606K->32636K(57984K), 0.0006500 secs] [Times: user=0.00 sys=0.00, real=0.00 secs] 
260.583: Total time for which application threads were stopped: 0.0007930 seconds, Stopping threads took: 0.0000840 seconds
260.623: Application time: 0.0399440 seconds
260.623: [GC260.623: [ParNew: 17508K->1548K(18048K), 0.0008040 secs] 48598K->33150K(57984K), 0.0008480 secs] [Times: user=0.01 sys=0.00, real=0.00 secs] 
260.624: Total time for which application threads were stopped: 0.0009660 seconds, Stopping threads took: 0.0000550 seconds
260.663: Application time: 0.0392970 seconds
260.663: [GC260.663: [ParNew: 17588K->1580K(18048K), 0.0009460 secs] 49190K->34206K(57984K), 0.0009750 secs] [Times: user=0.01 sys=0.00, real=0.00 secs] 
260.664: Total time for which application threads were stopped: 0.0011090 seconds, Stopping threads took: 0.0000700 seconds
260.704: Application time: 0.0395240 seconds
260.704: [GC260.704: [ParNew: 17551K->1546K(18048K), 0.0008180 secs] 50177K->34732K(57984K), 0.0008500 secs] [Times: user=0.00 sys=0.00, real=0.00 secs] 
260.705: Total time for which application threads were stopped: 0.0010130 seconds, Stopping threads took: 0.0000890 seconds
260.745: Application time: 0.0403030 seconds
260.745: [GC260.745: [ParNew: 17591K->1576K(18048K), 0.0007810 secs] 50777K->35274K(57984K), 0.0008100 secs] [Times: user=0.00 sys=0.00, real=0.00 secs] 
260.746: Total time for which application threads were stopped: 0.0009340 seconds, Stopping threads took: 0.0000630 seconds
260.787: Application time: 0.0403210 seconds
260.787: [GC260.787: [ParNew: 17625K->1576K(18048K), 0.0006030 secs] 51323K->35346K(57984K), 0.0006310 secs] [Times: user=0.01 sys=0.00, real=0.00 secs] 
260.787: Total time for which application threads were stopped: 0.0007460 seconds, Stopping threads took: 0.0000570 seconds
260.828: Application time: 0.0403800 seconds
260.828: [GC260.828: [ParNew: 17547K->1034K(18048K), 0.0005100 secs] 51317K->34876K(57984K), 0.0005360 secs] [Times: user=0.00 sys=0.00, real=0.00 secs] 
260.828: Total time for which application threads were stopped: 0.0006490 seconds, Stopping threads took: 0.0000570 seconds
260.869: Application time: 0.0407700 seconds
260.869: [GC260.869: [ParNew: 17002K->522K(18048K), 0.0003780 secs] 50844K->34364K(57984K), 0.0004040 secs] [Times: user=0.00 sys=0.00, real=0.00 secs] 
260.870: Total time for which application threads were stopped: 0.0005190 seconds, Stopping threads took: 0.0000610 seconds
260.909: Application time: 0.0398260 seconds
260.910: [GC260.910: [ParNew: 16488K->522K(18048K), 0.0003120 secs] 50330K->34364K(57984K), 0.0003380 secs] [Times: user=0.01 sys=0.00, real=0.00 secs] 
260.910: Total time for which application threads were stopped: 0.0004500 seconds, Stopping threads took: 0.0000580 seconds
260.946: Application time: 0.0360260 seconds
260.946: [GC260.946: [ParNew: 16472K->1546K(18048K), 0.0010360 secs] 50314K->36412K(57984K), 0.0010660 secs] [Times: user=0.01 sys=0.00, real=0.00 secs] 
260.947: Total time for which application threads were stopped: 0.0012140 seconds, Stopping threads took: 0.0000820 seconds
260.987: Application time: 0.0396060 seconds
260.987: [GC260.987: [ParNew: 17598K->1582K(18048K), 0.0010430 secs] 52465K->37472K(57984K), 0.0010720 secs] [Times: user=0.01 sys=0.00, real=0.00 secs] 
260.988: Total time for which application threads were stopped: 0.0012000 seconds, Stopping threads took: 0.0000650 seconds
261.028: Application time: 0.0401490 seconds
261.028: [GC261.028: [ParNew: 17185K->1608K(18048K), 0.0007040 secs] 53075K->37562K(57984K), 0.0007320 secs] [Times: user=0.00 sys=0.00, real=0.00 secs] 
261.029: Total time for which application threads were stopped: 0.0008880 seconds, Stopping threads took: 0.0000950 seconds
261.070: Application time: 0.0412430 seconds
261.070: [GC261.070: [ParNew: 17659K->1064K(18048K), 0.0004880 secs] 53613K->37122K(57984K), 0.0005140 secs] [Times: user=0.01 sys=0.00, real=0.00 secs] 
261.071: Total time for which application threads were stopped: 0.0006250 seconds, Stopping threads took: 0.0000540 seconds
261.108: Application time: 0.0371600 seconds
261.108: [GC261.108: [ParNew: 17018K->1548K(18048K), 0.0009370 secs] 53076K->38702K(57984K), 0.0009680 secs] [Times: user=0.01 sys=0.00, real=0.00 secs] 
261.109: Total time for which application threads were stopped: 0.0010990 seconds, Stopping threads took: 0.0000610 seconds
261.149: Application time: 0.0396820 seconds
261.149: [GC261.149: [ParNew: 17589K->1578K(18048K), 0.0011620 secs] 54743K->40268K(57984K), 0.0011980 secs] [Times: user=0.01 sys=0.00, real=0.00 secs] 
261.150: Total time for which application threads were stopped: 0.0013470 seconds, Stopping threads took: 0.0000800 seconds
261.190: Application time: 0.0401310 seconds
261.190: [GC261.190: [ParNew: 17549K->1548K(18048K), 0.0010330 secs] 56239K->41326K(57984K), 0.0010640 secs] [Times: user=0.00 sys=0.00, real=0.00 secs] 
261.192: Total time for which application threads were stopped: 0.0011960 seconds, Stopping threads took: 0.0000690 seconds
261.232: Application time: 0.0409720 seconds
261.233: [GC261.233: [ParNew: 17519K->17519K(18048K), 0.0000100 secs]261.233: [Tenured: 39778K->7965K(39936K), 0.0053060 secs] 57297K->7965K(57984K), [Perm : 5181K->5181K(21248K)], 0.0053620 secs] [Times: user=0.01 sys=0.00, real=0.01 secs] 
261.238: Total time for which application threads were stopped: 0.0055050 seconds, Stopping threads took: 0.0000670 seconds
261.279: Application time: 0.0406350 seconds
261.279: [GC261.279: [ParNew: 15970K->1544K(18048K), 0.0006250 secs] 23936K->9509K(57984K), 0.0006540 secs] [Times: user=0.01 sys=0.00, real=0.00 secs] 
261.279: Total time for which application threads were stopped: 0.0008070 seconds, Stopping threads took: 0.0000930 seconds
261.320: Application time: 0.0404910 seconds
261.320: [GC261.320: [ParNew: 17514K->1032K(18048K), 0.0004450 secs] 25480K->8997K(57984K), 0.0004740 secs] [Times: user=0.00 sys=0.00, real=0.00 secs] 
261.321: Total time for which application threads were stopped: 0.0005940 seconds, Stopping threads took: 0.0000620 seconds
261.361: Application time: 0.0407040 seconds
261.361: [GC261.361: [ParNew: 17081K->554K(18048K), 0.0003440 secs] 25046K->8519K(57984K), 0.0003690 secs] [Times: user=0.00 sys=0.00, real=0.00 secs] 
261.362: Total time for which application threads were stopped: 0.0004840 seconds, Stopping threads took: 0.0000600 seconds
261.402: Application time: 0.0405050 seconds
261.402: [GC261.402: [ParNew: 16525K->42K(18048K), 0.0002020 secs] 24490K->8007K(57984K), 0.0002290 secs] [Times: user=0.00 sys=0.00, real=0.00 secs] 
261.403: Total time for which application threads were stopped: 0.0003410 seconds, Stopping threads took: 0.0000590 seconds
261.440: Application time: 0.0371390 seconds
261.440: [GC261.440: [ParNew: 16066K->1604K(18048K), 0.0010400 secs] 24031K->10593K(57984K), 0.0010730 secs] [Times: user=0.01 sys=0.00, real=0.00 secs] 
261.441: Total time for which application threads were stopped: 0.0012090 seconds, Stopping threads took: 0.0000710 seconds
261.480: Application time: 0.0389660 seconds
261.480: [GC261.480: [ParNew: 17645K->1578K(18048K), 0.0012480 secs] 26634K->12207K(57984K), 0.0012850 secs] [Times: user=0.01 sys=0.00, real=0.00 secs] 
261.481: Total time for which application threads were stopped: 0.0014420 seconds, Stopping threads took: 0.0000910 seconds
261.522: Application time: 0.0403070 seconds
261.522: [GC261.522: [ParNew: 17549K->1548K(18048K), 0.0009750 secs] 28178K->13273K(57984K), 0.0010130 secs] [Times: user=0.00 sys=0.00, real=0.00 secs] 
261.523: Total time for which application threads were stopped: 0.0011350 seconds, Stopping threads took: 0.0000570 seconds
261.563: Application time: 0.0404020 seconds
261.563: [GC261.563: [ParNew: 17519K->1546K(18048K), 0.0008340 secs] 29244K->13783K(57984K), 0.0008640 secs] [Times: user=0.00 sys=0.00, real=0.00 secs] 
261.564: Total time for which application threads were stopped: 0.0009990 seconds, Stopping threads took: 0.0000770 seconds
261.604: Application time: 0.0403340 seconds
261.605: [GC261.605: [ParNew: 17517K->1546K(18048K), 0.0006160 secs] 29754K->13783K(57984K), 0.0006460 secs] [Times: user=0.00 sys=0.00, real=0.01 secs] 
261.605: Total time for which application threads were stopped: 0.0007900 seconds, Stopping threads took: 0.0000850 seconds
261.646: Application time: 0.0406110 seconds
261.646: [GC261.646: [ParNew: 17591K->1580K(18048K), 0.0006240 secs] 29828K->13817K(57984K), 0.0006620 secs] [Times: user=0.00 sys=0.00, real=0.00 secs] 
261.647: Total time for which application threads were stopped: 0.0007930 seconds, Stopping threads took: 0.0000690 seconds
261.685: Application time: 0.0385680 seconds
261.685: [GC261.685: [ParNew: 17187K->1608K(18048K), 0.0006150 secs] 29424K->13901K(57984K), 0.0006440 secs] [Times: user=0.00 sys=0.00, real=0.00 secs] 
261.686: Total time for which application threads were stopped: 0.0007630 seconds, Stopping threads took: 0.0000610 seconds
261.726: Application time: 0.0403220 seconds
261.727: [GC261.727: [ParNew: 17609K->1070K(18048K), 0.0004610 secs] 29902K->13467K(57984K), 0.0004860 secs] [Times: user=0.00 sys=0.00, real=0.00 secs] 
261.727: Total time for which application threads were stopped: 0.0009550 seconds, Stopping threads took: 0.0004160 seconds
261.768: Application time: 0.0405890 seconds
261.768: [GC261.768: [ParNew: 17082K->554K(18048K), 0.0003670 secs] 29480K->12967K(57984K), 0.0003940 secs] [Times: user=0.01 sys=0.00, real=0.00 secs] 
261.769: Total time for which application threads were stopped: 0.0005890 seconds, Stopping threads took: 0.0001320 seconds
261.810: Application time: 0.0414470 seconds
261.810: [GC261.810: [ParNew: 16599K->584K(18048K), 0.0003160 secs] 29012K->12997K(57984K), 0.0003420 secs] [Times: user=0.00 sys=0.00, real=0.00 secs] 
261.811: Total time for which application threads were stopped: 0.0005680 seconds, Stopping threads took: 0.0001720 seconds
261.848: Application time: 0.0370930 seconds
261.848: [GC261.848: [ParNew: 16534K->1606K(18048K), 0.0009700 secs] 28947K->15043K(57984K), 0.0010020 secs] [Times: user=0.00 sys=0.00, real=0.00 secs] 
261.849: Total time for which application threads were stopped: 0.0011400 seconds, Stopping threads took: 0.0000770 seconds
261.890: Application time: 0.0412790 seconds
261.890: [GC261.890: [ParNew: 17579K->1546K(18048K), 0.0006340 secs] 31016K->15071K(57984K), 0.0006620 secs] [Times: user=0.01 sys=0.00, real=0.00 secs] 
261.891: Total time for which application threads were stopped: 0.0007850 seconds, Stopping threads took: 0.0000640 seconds
261.932: Application time: 0.0410430 seconds
261.932: [GC261.932: [ParNew: 17512K->1546K(18048K), 0.0006780 secs] 31038K->15071K(57984K), 0.0007080 secs] [Times: user=0.00 sys=0.00, real=0.00 secs] 
261.933: Total time for which application threads were stopped: 0.0008270 seconds, Stopping threads took: 0.0000590 seconds
261.971: Application time: 0.0387300 seconds
261.972: [GC261.972: [ParNew: 17512K->1546K(18048K), 0.0006200 secs] 31038K->15071K(57984K), 0.0006490 secs] [Times: user=0.01 sys=0.00, real=0.00 secs] 
261.972: Total time for which application threads were stopped: 0.0007680 seconds, Stopping threads took: 0.0000600 seconds
262.011: Application time: 0.0391320 seconds
262.011: [GC262.011: [ParNew: 17516K->1034K(18048K), 0.0004550 secs] 31042K->14559K(57984K), 0.0004810 secs] [Times: user=0.00 sys=0.00, real=0.00 secs] 
262.012: Total time for which application threads were stopped: 0.0006030 seconds, Stopping threads took: 0.0000640 seconds
262.053: Application time: 0.0410590 seconds
262.053: [GC262.053: [ParNew: 17079K->1064K(18048K), 0.0004510 secs] 30604K->14605K(57984K), 0.0004780 secs] [Times: user=0.00 sys=0.00, real=0.00 secs] 
262.054: Total time for which application threads were stopped: 0.0006050 seconds, Stopping threads took: 0.0000680 seconds
262.093: Application time: 0.0397310 seconds
262.095: [GC262.095: [ParNew: 17104K->1578K(18048K), 0.0007460 secs] 30646K->15175K(57984K), 0.0007830 secs] [Times: user=0.01 sys=0.00, real=0.00 secs] 
262.096: Total time for which application threads were stopped: 0.0022000 seconds, Stopping threads took: 0.0013500 seconds
262.134: Application time: 0.0389140 seconds
262.135: [GC262.135: [ParNew: 17544K->1546K(18048K), 0.0006210 secs] 31142K->15207K(57984K), 0.0006470 secs] [Times: user=0.00 sys=0.00, real=0.00 secs] 
262.135: Total time for which application threads were stopped: 0.0007830 seconds, Stopping threads took: 0.0000710 seconds
262.175: Application time: 0.0397630 seconds
262.175: [GC262.175: [ParNew: 17582K->1578K(18048K), 0.0010140 secs] 31244K->16263K(57984K), 0.0010450 secs] [Times: user=0.01 sys=0.00, real=0.00 secs] 
262.176: Total time for which application threads were stopped: 0.0011700 seconds, Stopping threads took: 0.0000640 seconds
262.215: Application time: 0.0386450 seconds
262.215: [GC262.215: [ParNew: 17544K->1548K(18048K), 0.0009790 secs] 32230K->17321K(57984K), 0.0010100 secs] [Times: user=0.00 sys=0.00, real=0.00 secs] 
262.216: Total time for which application threads were stopped: 0.0011360 seconds, Stopping threads took: 0.0000620 seconds
262.257: Application time: 0.0408340 seconds
262.257: [GC262.257: [ParNew: 17519K->1548K(18048K), 0.0008270 secs] 33292K->17833K(57984K), 0.0008570 secs] [Times: user=0.01 sys=0.00, real=0.01 secs] 
262.258: Total time for which application threads were stopped: 0.0010060 seconds, Stopping threads took: 0.0000860 seconds
262.299: Application time: 0.0413050 seconds
262.299: [GC262.299: [ParNew: 17516K->1546K(18048K), 0.0006970 secs] 33802K->17831K(57984K), 0.0007260 secs] [Times: user=0.00 sys=0.00, real=0.00 secs] 
262.300: Total time for which application threads were stopped: 0.0008690 seconds, Stopping threads took: 0.0000740 seconds
262.339: Application time: 0.0394430 seconds
262.340: [GC262.340: [ParNew: 17157K->1094K(18048K), 0.0005380 secs] 33442K->17380K(57984K), 0.0005650 secs] [Times: user=0.00 sys=0.00, real=0.00 secs] 
262.340: Total time for which application threads were stopped: 0.0006760 seconds, Stopping threads took: 0.0000520 seconds
262.378: Application time: 0.0380580 seconds
262.378: [GC262.378: [ParNew: 17135K->1576K(18048K), 0.0006370 secs] 33420K->17966K(57984K), 0.0006670 secs] [Times: user=0.00 sys=0.00, real=0.00 secs] 
262.379: Total time for which application threads were stopped: 0.0008970 seconds, Stopping threads took: 0.0001690 seconds
262.418: Application time: 0.0391700 seconds
262.418: [GC262.418: [ParNew: 17612K->1580K(18048K), 0.0009570 secs] 34002K->19066K(57984K), 0.0009880 secs] [Times: user=0.00 sys=0.00, real=0.00 secs] 
262.419: Total time for which application threads were stopped: 0.0012160 seconds, Stopping threads took: 0.0001650 seconds
262.459: Application time: 0.0394270 seconds
262.459: [GC262.459: [ParNew: 17546K->1548K(18048K), 0.0009390 secs] 35032K->20138K(57984K), 0.0009700 secs] [Times: user=0.00 sys=0.00, real=0.00 secs] 
262.460: Total time for which application threads were stopped: 0.0011130 seconds, Stopping threads took: 0.0000790 seconds
262.500: Application time: 0.0401440 seconds
262.500: [GC262.500: [ParNew: 17593K->1578K(18048K), 0.0010040 secs] 36183K->21192K(57984K), 0.0010360 secs] [Times: user=0.01 sys=0.00, real=0.00 secs] 
262.501: Total time for which application threads were stopped: 0.0011850 seconds, Stopping threads took: 0.0000850 seconds
262.541: Application time: 0.0392280 seconds
262.541: [GC262.541: [ParNew: 17544K->1548K(18048K), 0.0010010 secs] 37158K->22250K(57984K), 0.0010330 secs] [Times: user=0.01 sys=0.00, real=0.00 secs] 
262.542: Total time for which application threads were stopped: 0.0011720 seconds, Stopping threads took: 0.0000750 seconds
262.582: Application time: 0.0405700 seconds
262.582: [GC262.582: [ParNew: 17519K->1548K(18048K), 0.0007710 secs] 38221K->22762K(57984K), 0.0008000 secs] [Times: user=0.01 sys=0.00, real=0.00 secs] 
262.583: Total time for which application threads were stopped: 0.0009220 seconds, Stopping threads took: 0.0000590 seconds
262.624: Application time: 0.0407490 seconds
262.624: [GC262.624: [ParNew: 17519K->1546K(18048K), 0.0005910 secs] 38733K->22760K(57984K), 0.0006200 secs] [Times: user=0.01 sys=0.00, real=0.00 secs] 
262.625: Total time for which application threads were stopped: 0.0007340 seconds, Stopping threads took: 0.0000550 seconds
262.665: Application time: 0.0399440 seconds
262.665: [GC262.665: [ParNew: 17512K->1548K(18048K), 0.0006330 secs] 38726K->22762K(57984K), 0.0006710 secs] [Times: user=0.00 sys=0.00, real=0.01 secs] 
262.665: Total time for which application threads were stopped: 0.0007860 seconds, Stopping threads took: 0.0000550 seconds
262.704: Application time: 0.0382400 seconds
262.704: [GC262.704: [ParNew: 17597K->1068K(18048K), 0.0004470 secs] 38811K->22282K(57984K), 0.0004760 secs] [Times: user=0.00 sys=0.00, real=0.00 secs] 
262.704: Total time for which application threads were stopped: 0.0006140 seconds, Stopping threads took: 0.0000810 seconds
262.745: Application time: 0.0405400 seconds
262.745: [GC262.745: [ParNew: 17034K->1036K(18048K), 0.0005290 secs] 38249K->22306K(57984K), 0.0005550 secs] [Times: user=0.00 sys=0.00, real=0.01 secs] 
262.746: Total time for which application threads were stopped: 0.0006800 seconds, Stopping threads took: 0.0000660 seconds
262.786: Application time: 0.0403100 seconds
262.786: [GC262.786: [ParNew: 17083K->556K(18048K), 0.0004510 secs] 38353K->21826K(57984K), 0.0004760 secs] [Times: user=0.00 sys=0.00, real=0.00 secs] 
262.787: Total time for which application threads were stopped: 0.0006970 seconds, Stopping threads took: 0.0001690 seconds
262.823: Application time: 0.0367130 seconds
262.823: [GC262.823: [ParNew: 16584K->1606K(18048K), 0.0009590 secs] 37854K->23900K(57984K), 0.0009920 secs] [Times: user=0.01 sys=0.00, real=0.00 secs] 
262.824: Total time for which application threads were stopped: 0.0011240 seconds, Stopping threads took: 0.0000590 seconds
262.864: Application time: 0.0391640 seconds
262.864: [GC262.864: [ParNew: 17568K->1552K(18048K), 0.0012370 secs] 39863K->25478K(57984K), 0.0012710 secs] [Times: user=0.01 sys=0.00, real=0.00 secs] 
262.865: Total time for which application threads were stopped: 0.0013990 seconds, Stopping threads took: 0.0000620 seconds
262.905: Application time: 0.0402000 seconds
262.905: [GC262.905: [ParNew: 17523K->1552K(18048K), 0.0010010 secs] 41449K->26502K(57984K), 0.0010310 secs] [Times: user=0.00 sys=0.00, real=0.00 secs] 
262.906: Total time for which application threads were stopped: 0.0011710 seconds, Stopping threads took: 0.0000760 seconds
262.947: Application time: 0.0405170 seconds
262.947: [GC262.947: [ParNew: 17523K->1546K(18048K), 0.0007560 secs] 42473K->27008K(57984K), 0.0007840 secs] [Times: user=0.00 sys=0.00, real=0.00 secs] 
262.948: Total time for which application threads were stopped: 0.0009290 seconds, Stopping threads took: 0.0000820 seconds
262.987: Application time: 0.0396480 seconds
262.988: [GC262.988: [ParNew: 17157K->1608K(18048K), 0.0006410 secs] 42619K->27070K(57984K), 0.0006690 secs] [Times: user=0.01 sys=0.00, real=0.00 secs] 
262.988: Total time for which application threads were stopped: 0.0007950 seconds, Stopping threads took: 0.0000650 seconds
263.028: Application time: 0.0393850 seconds
263.028: [GC263.028: [ParNew: 17574K->1546K(18048K), 0.0006790 secs] 43037K->27104K(57984K), 0.0007070 secs] [Times: user=0.01 sys=0.00, real=0.00 secs] 
263.028: Total time for which application threads were stopped: 0.0008490 seconds, Stopping threads took: 0.0000820 seconds
263.069: Application time: 0.0408490 seconds
263.069: [GC263.069: [ParNew: 17590K->1576K(18048K), 0.0006600 secs] 43149K->27134K(57984K), 0.0006870 secs] [Times: user=0.00 sys=0.00, real=0.00 secs] 
263.070: Total time for which application threads were stopped: 0.0007990 seconds, Stopping threads took: 0.0000540 seconds
263.109: Application time: 0.0392790 seconds
263.109: [GC263.110: [ParNew: 17612K->1580K(18048K), 0.0009510 secs] 43171K->28226K(57984K), 0.0009840 secs] [Times: user=0.01 sys=0.00, real=0.00 secs] 
263.110: Total time for which application threads were stopped: 0.0011150 seconds, Stopping threads took: 0.0000660 seconds
263.151: Application time: 0.0406310 seconds
263.151: [GC263.151: [ParNew: 17629K->1576K(18048K), 0.0008600 secs] 44275K->28798K(57984K), 0.0008880 secs] [Times: user=0.00 sys=0.00, real=0.00 secs] 
263.152: Total time for which application threads were stopped: 0.0010130 seconds, Stopping threads took: 0.0000660 seconds
263.193: Application time: 0.0403980 seconds
263.193: [GC263.193: [ParNew: 17544K->1546K(18048K), 0.0006270 secs] 44767K->28848K(57984K), 0.0006640 secs] [Times: user=0.00 sys=0.00, real=0.00 secs] 
263.193: Total time for which application threads were stopped: 0.0007870 seconds, Stopping threads took: 0.0000610 seconds
263.235: Application time: 0.0417670 seconds
263.235: [GC263.235: [ParNew: 17512K->1546K(18048K), 0.0006640 secs] 44815K->28848K(57984K), 0.0006880 secs] [Times: user=0.00 sys=0.00, real=0.00 secs] 
263.236: Total time for which application threads were stopped: 0.0008770 seconds, Stopping threads took: 0.0001310 seconds
263.277: Application time: 0.0409090 seconds
263.277: [GC263.277: [ParNew: 17508K->1546K(18048K), 0.0008340 secs] 44811K->29360K(57984K), 0.0008660 secs] [Times: user=0.00 sys=0.00, real=0.01 secs] 
263.278: Total time for which application threads were stopped: 0.0009990 seconds, Stopping threads took: 0.0000700 seconds
263.318: Application time: 0.0402790 seconds
263.318: [GC263.318: [ParNew: 17517K->1544K(18048K), 0.0006380 secs] 45331K->29358K(57984K), 0.0006670 secs] [Times: user=0.00 sys=0.00, real=0.00 secs] 
263.319: Total time for which application threads were stopped: 0.0008060 seconds, Stopping threads took: 0.0000780 seconds
263.360: Application time: 0.0407580 seconds
263.360: [GC263.360: [ParNew: 17514K->1034K(18048K), 0.0004440 secs] 45329K->28848K(57984K), 0.0004710 secs] [Times: user=0.00 sys=0.00, real=0.00 secs] 
263.360: Total time for which application threads were stopped: 0.0005930 seconds, Stopping threads took: 0.0000600 seconds
263.401: Application time: 0.0405720 seconds
263.401: [GC263.401: [ParNew: 17083K->552K(18048K), 0.0003460 secs] 44897K->28366K(57984K), 0.0003720 secs] [Times: user=0.01 sys=0.00, real=0.00 secs] 
263.401: Total time for which application threads were stopped: 0.0005060 seconds, Stopping threads took: 0.0000790 seconds
263.437: Application time: 0.0356450 seconds
263.437: [GC263.437: [ParNew: 16498K->1580K(18048K), 0.0011410 secs] 44312K->30930K(57984K), 0.0011740 secs] [Times: user=0.01 sys=0.00, real=0.00 secs] 
263.438: Total time for which application threads were stopped: 0.0013210 seconds, Stopping threads took: 0.0000770 seconds
263.479: Application time: 0.0405170 seconds
263.479: [GC263.479: [ParNew: 17629K->1578K(18048K), 0.0009830 secs] 46980K->32016K(57984K), 0.0010140 secs] [Times: user=0.00 sys=0.00, real=0.00 secs] 
263.480: Total time for which application threads were stopped: 0.0011420 seconds, Stopping threads took: 0.0000640 seconds
263.521: Application time: 0.0409860 seconds
263.521: [GC263.521: [ParNew: 17627K->1580K(18048K), 0.0008300 secs] 48066K->32594K(57984K), 0.0008600 secs] [Times: user=0.01 sys=0.00, real=0.00 secs] 
263.522: Total time for which application threads were stopped: 0.0010140 seconds, Stopping threads took: 0.0000890 seconds
263.563: Application time: 0.0412400 seconds
263.563: [GC263.563: [ParNew: 17549K->1544K(18048K), 0.0006550 secs] 48563K->32622K(57984K), 0.0006850 secs] [Times: user=0.00 sys=0.00, real=0.00 secs] 
263.564: Total time for which application threads were stopped: 0.0008320 seconds, Stopping threads took: 0.0000870 seconds
263.604: Application time: 0.0399730 seconds
263.604: [GC263.604: [ParNew: 17510K->1546K(18048K), 0.0006130 secs] 48589K->32624K(57984K), 0.0006400 secs] [Times: user=0.00 sys=0.00, real=0.00 secs] 
263.605: Total time for which application threads were stopped: 0.0007770 seconds, Stopping threads took: 0.0000770 seconds
263.645: Application time: 0.0397810 seconds
263.645: [GC263.645: [ParNew: 17591K->1578K(18048K), 0.0006230 secs] 48669K->32656K(57984K), 0.0006540 secs] [Times: user=0.00 sys=0.00, real=0.01 secs] 
263.645: Total time for which application threads were stopped: 0.0007900 seconds, Stopping threads took: 0.0000770 seconds
263.684: Application time: 0.0388950 seconds
263.684: [GC263.684: [ParNew: 17615K->1578K(18048K), 0.0009610 secs] 48693K->33729K(57984K), 0.0009950 secs] [Times: user=0.01 sys=0.00, real=0.01 secs] 
263.685: Total time for which application threads were stopped: 0.0011160 seconds, Stopping threads took: 0.0000580 seconds
263.726: Application time: 0.0406020 seconds
263.726: [GC263.726: [ParNew: 17627K->1576K(18048K), 0.0008130 secs] 49778K->34303K(57984K), 0.0008500 secs] [Times: user=0.00 sys=0.00, real=0.00 secs] 
263.727: Total time for which application threads were stopped: 0.0009710 seconds, Stopping threads took: 0.0000600 seconds
263.767: Application time: 0.0401090 seconds
263.767: [GC263.767: [ParNew: 17625K->1580K(18048K), 0.0006130 secs] 50352K->34371K(57984K), 0.0006420 secs] [Times: user=0.01 sys=0.00, real=0.00 secs] 
263.768: Total time for which application threads were stopped: 0.0007640 seconds, Stopping threads took: 0.0000600 seconds
263.808: Application time: 0.0404510 seconds
263.808: [GC263.808: [ParNew: 17551K->1032K(18048K), 0.0004760 secs] 50341K->33887K(57984K), 0.0005020 secs] [Times: user=0.00 sys=0.00, real=0.00 secs] 
263.809: Total time for which application threads were stopped: 0.0006290 seconds, Stopping threads took: 0.0000690 seconds
263.850: Application time: 0.0411820 seconds
263.850: [GC263.850: [ParNew: 17081K->552K(18048K), 0.0003320 secs] 49936K->33407K(57984K), 0.0003570 secs] [Times: user=0.01 sys=0.00, real=0.00 secs] 
263.851: Total time for which application threads were stopped: 0.0004750 seconds, Stopping threads took: 0.0000650 seconds
263.887: Application time: 0.0358910 seconds
263.887: [GC263.887: [ParNew: 16493K->1578K(18048K), 0.0013680 secs] 49348K->36481K(57984K), 0.0014050 secs] [Times: user=0.01 sys=0.00, real=0.00 secs] 
263.888: Total time for which application threads were stopped: 0.0015720 seconds, Stopping threads took: 0.0000860 seconds
263.928: Application time: 0.0400370 seconds
263.928: [GC263.928: [ParNew: 17549K->1548K(18048K), 0.0011490 secs] 52452K->38059K(57984K), 0.0011800 secs] [Times: user=0.01 sys=0.00, real=0.00 secs] 
263.929: Total time for which application threads were stopped: 0.0013220 seconds, Stopping threads took: 0.0000760 seconds
263.970: Application time: 0.0409440 seconds
263.971: [GC263.971: [ParNew: 17519K->1546K(18048K), 0.0009790 secs] 54030K->39081K(57984K), 0.0010090 secs] [Times: user=0.01 sys=0.00, real=0.00 secs] 
263.972: Total time for which application threads were stopped: 0.0011360 seconds, Stopping threads took: 0.0000650 seconds
264.012: Application time: 0.0399970 seconds
264.012: [GC264.012: [ParNew: 17517K->1546K(18048K), 0.0008570 secs] 55052K->39593K(57984K), 0.0008870 secs] [Times: user=0.01 sys=0.00, real=0.00 secs] 
264.013: Total time for which application threads were stopped: 0.0010210 seconds, Stopping threads took: 0.0000710 seconds
264.054: Application time: 0.0411610 seconds
264.054: [GC264.054: [ParNew: 17595K->1576K(18048K), 0.0006150 secs] 55642K->39623K(57984K), 0.0006430 secs] [Times: user=0.01 sys=0.00, real=0.00 secs] 
264.055: Total time for which application threads were stopped: 0.0007690 seconds, Stopping threads took: 0.0000650 seconds
264.096: Application time: 0.0413780 seconds
264.096: [GC264.096: [ParNew: 17547K->1036K(18048K), 0.0005740 secs] 55594K->39147K(57984K), 0.0006000 secs] [Times: user=0.00 sys=0.00, real=0.00 secs] 
264.097: Total time for which application threads were stopped: 0.0007260 seconds, Stopping threads took: 0.0000690 seconds
264.136: Application time: 0.0397560 seconds
264.136: [GC264.137: [ParNew: 17085K->554K(18048K), 0.0003710 secs] 55196K->38665K(57984K), 0.0003950 secs] [Times: user=0.00 sys=0.00, real=0.00 secs] 
264.137: Total time for which application threads were stopped: 0.0005050 seconds, Stopping threads took: 0.0000570 seconds
264.177: Application time: 0.0401090 seconds
264.177: [GC264.177: [ParNew: 16603K->70K(18048K), 0.0003290 secs] 54714K->38181K(57984K), 0.0003540 secs] [Times: user=0.00 sys=0.00, real=0.01 secs] 
264.177: Total time for which application threads were stopped: 0.0004660 seconds, Stopping threads took: 0.0000600 seconds
264.217: Application time: 0.0391460 seconds
264.217: [GC264.217: [ParNew: 16024K->1608K(18048K), 0.0006730 secs] 54135K->39719K(57984K), 0.0007120 secs] [Times: user=0.01 sys=0.00, real=0.01 secs] 
264.217: Total time for which application threads were stopped: 0.0008380 seconds, Stopping threads took: 0.0000650 seconds
264.256: Application time: 0.0390040 seconds
264.257: [GC264.257: [ParNew: 17574K->1546K(18048K), 0.0006340 secs] 55686K->39761K(57984K), 0.0006640 secs] [Times: user=0.00 sys=0.00, real=0.01 secs] 
264.257: Total time for which application threads were stopped: 0.0007990 seconds, Stopping threads took: 0.0000760 seconds
264.298: Application time: 0.0412020 seconds
264.299: [GC264.299: [ParNew: 17591K->1576K(18048K), 0.0006930 secs] 55806K->39791K(57984K), 0.0007210 secs] [Times: user=0.01 sys=0.00, real=0.00 secs] 
264.299: Total time for which application threads were stopped: 0.0008550 seconds, Stopping threads took: 0.0000730 seconds
264.341: Application time: 0.0418270 seconds
264.341: [GC264.341: [ParNew: 17547K->1034K(18048K), 0.0005440 secs] 55762K->39329K(57984K), 0.0005700 secs] [Times: user=0.01 sys=0.00, real=0.00 secs] 
264.342: Total time for which application threads were stopped: 0.0006880 seconds, Stopping threads took: 0.0000620 seconds
264.379: Application time: 0.0372570 seconds
264.379: [GC264.379: [ParNew: 16641K->1096K(18048K), 0.0004680 secs] 54936K->39391K(57984K), 0.0004950 secs] [Times: user=0.00 sys=0.00, real=0.00 secs] 
264.380: Total time for which application threads were stopped: 0.0006720 seconds, Stopping threads took: 0.0001190 seconds
264.421: Application time: 0.0412360 seconds
264.421: [GC264.421: [ParNew: 17058K->1546K(18048K), 0.0006320 secs] 55354K->39945K(57984K), 0.0006640 secs] [Times: user=0.00 sys=0.00, real=0.00 secs] 
264.422: Total time for which application threads were stopped: 0.0008030 seconds, Stopping threads took: 0.0000730 seconds
264.459: Application time: 0.0369410 seconds
264.459: [GC264.459: [ParNew: 17586K->1578K(18048K), 0.0007870 secs] 55986K->40489K(57984K), 0.0008180 secs] [Times: user=0.01 sys=0.00, real=0.00 secs] 
264.460: Total time for which application threads were stopped: 0.0009630 seconds, Stopping threads took: 0.0000840 seconds
264.501: Application time: 0.0411750 seconds
264.501: [GC264.501: [ParNew: 17549K->1548K(18048K), 0.0006700 secs] 56460K->40531K(57984K), 0.0006980 secs] [Times: user=0.01 sys=0.00, real=0.00 secs] 
264.502: Total time for which application threads were stopped: 0.0008310 seconds, Stopping threads took: 0.0000740 seconds
264.543: Application time: 0.0412010 seconds
264.543: [GC264.543: [ParNew: 17592K->1068K(18048K), 0.0004720 secs] 56576K->40051K(57984K), 0.0005000 secs] [Times: user=0.01 sys=0.00, real=0.00 secs] 
264.544: Total time for which application threads were stopped: 0.0006580 seconds, Stopping threads took: 0.0000980 seconds
264.584: Application time: 0.0399870 seconds
264.584: [GC264.584: [ParNew: 17032K->1546K(18048K), 0.0006510 secs] 56016K->40585K(57984K), 0.0006810 secs] [Times: user=0.00 sys=0.00, real=0.00 secs] 
264.584: Total time for which application threads were stopped: 0.0008070 seconds, Stopping threads took: 0.0000640 seconds
264.627: Application time: 0.0427760 seconds
264.627: [GC264.627: [ParNew: 17516K->1034K(18048K), 0.0005030 secs] 56556K->40073K(57984K), 0.0005310 secs] [Times: user=0.00 sys=0.00, real=0.00 secs] 
264.628: Total time for which application threads were stopped: 0.0007530 seconds, Stopping threads took: 0.0001640 seconds
264.672: Application time: 0.0445690 seconds
264.673: [GC264.673: [ParNew: 17000K->1036K(18048K), 0.0005060 secs] 56040K->40075K(57984K), 0.0005340 secs] [Times: user=0.00 sys=0.00, real=0.00 secs] 
264.673: Total time for which application threads were stopped: 0.0006510 seconds, Stopping threads took: 0.0000590 seconds
264.714: Application time: 0.0409580 seconds
264.714: [GC264.714: [ParNew: 16990K->1548K(18048K), 0.0009800 secs]264.715: [Tenured: 40063K->8682K(40452K), 0.0055150 secs] 56029K->8682K(58500K), [Perm : 5181K->5181K(21248K)], 0.0065770 secs] [Times: user=0.01 sys=0.01, real=0.01 secs] 
264.721: Total time for which application threads were stopped: 0.0067210 seconds, Stopping threads took: 0.0000730 seconds
264.765: Application time: 0.0437200 seconds
264.765: [GC264.765: [ParNew: 16045K->1578K(18048K), 0.0010080 secs] 24727K->11285K(57984K), 0.0010510 secs] [Times: user=0.01 sys=0.00, real=0.01 secs] 
264.766: Total time for which application threads were stopped: 0.0012190 seconds, Stopping threads took: 0.0001050 seconds
264.809: Application time: 0.0435990 seconds
264.810: [GC264.810: [ParNew: 17546K->1546K(18048K), 0.0007770 secs] 27253K->11836K(57984K), 0.0008100 secs] [Times: user=0.01 sys=0.00, real=0.00 secs] 
264.810: Total time for which application threads were stopped: 0.0010690 seconds, Stopping threads took: 0.0001920 seconds
264.853: Application time: 0.0427820 seconds
264.853: [GC264.853: [ParNew: 17591K->1580K(18048K), 0.0007640 secs] 27882K->12383K(57984K), 0.0007940 secs] [Times: user=0.01 sys=0.00, real=0.00 secs] 
264.854: Total time for which application threads were stopped: 0.0009470 seconds, Stopping threads took: 0.0000910 seconds
264.898: Application time: 0.0438500 seconds
264.901: [GC264.901: [ParNew: 17629K->1576K(18048K), 0.0006330 secs] 28432K->12451K(57984K), 0.0006610 secs] [Times: user=0.01 sys=0.00, real=0.00 secs] 
264.902: Total time for which application threads were stopped: 0.0039150 seconds, Stopping threads took: 0.0031930 seconds
264.946: Application time: 0.0441510 seconds
264.946: [GC264.946: [ParNew: 17542K->1034K(18048K), 0.0005120 secs] 28417K->11997K(57984K), 0.0005430 secs] [Times: user=0.01 sys=0.00, real=0.00 secs] 
264.947: Total time for which application threads were stopped: 0.0007270 seconds, Stopping threads took: 0.0001170 seconds
264.990: Application time: 0.0431080 seconds
264.990: [GC264.990: [ParNew: 17073K->1578K(18048K), 0.0008370 secs] 28035K->13053K(57984K), 0.0008700 secs] [Times: user=0.01 sys=0.00, real=0.00 secs] 
264.991: Total time for which application threads were stopped: 0.0010150 seconds, Stopping threads took: 0.0000810 seconds
265.033: Application time: 0.0418530 seconds
265.033: [GC265.033: [ParNew: 17549K->1546K(18048K), 0.0006150 secs] 29024K->13093K(57984K), 0.0006460 secs] [Times: user=0.01 sys=0.00, real=0.00 secs] 
265.034: Total time for which application threads were stopped: 0.0007690 seconds, Stopping threads took: 0.0000610 seconds
265.079: Application time: 0.0449270 seconds
265.079: [GC265.079: [ParNew: 17595K->1068K(18048K), 0.0004290 secs] 29142K->12615K(57984K), 0.0004590 secs] [Times: user=0.00 sys=0.00, real=0.00 secs] 
265.079: Total time for which application threads were stopped: 0.0005860 seconds, Stopping threads took: 0.0000680 seconds
265.124: Application time: 0.0445730 seconds
265.124: [GC265.124: [ParNew: 17117K->556K(18048K), 0.0003330 secs] 28664K->12167K(57984K), 0.0003610 secs] [Times: user=0.01 sys=0.00, real=0.00 secs] 
265.124: Total time for which application threads were stopped: 0.0004850 seconds, Stopping threads took: 0.0000650 seconds
265.164: Application time: 0.0393540 seconds
265.164: [GC265.164: [ParNew: 16592K->1606K(18048K), 0.0006770 secs] 28203K->13217K(57984K), 0.0007070 secs] [Times: user=0.00 sys=0.00, real=0.00 secs] 
265.164: Total time for which application threads were stopped: 0.0008460 seconds, Stopping threads took: 0.0000760 seconds
265.206: Application time: 0.0418270 seconds
265.206: [GC265.206: [ParNew: 17560K->1546K(18048K), 0.0012300 secs] 29171K->14773K(57984K), 0.0012660 secs] [Times: user=0.00 sys=0.00, real=0.00 secs] 
265.208: Total time for which application threads were stopped: 0.0014110 seconds, Stopping threads took: 0.0000760 seconds
265.252: Application time: 0.0444660 seconds
265.252: [GC265.252: [ParNew: 17595K->1578K(18048K), 0.0010120 secs] 30822K->15829K(57984K), 0.0010430 secs] [Times: user=0.01 sys=0.00, real=0.00 secs] 
265.253: Total time for which application threads were stopped: 0.0011800 seconds, Stopping threads took: 0.0000730 seconds
265.298: Application time: 0.0447740 seconds
265.298: [GC265.298: [ParNew: 17551K->1548K(18048K), 0.0005980 secs] 31802K->15879K(57984K), 0.0006270 secs] [Times: user=0.00 sys=0.00, real=0.00 secs] 
265.299: Total time for which application threads were stopped: 0.0008280 seconds, Stopping threads took: 0.0001280 seconds
265.341: Application time: 0.0424050 seconds
265.341: [GC265.341: [ParNew: 17510K->1546K(18048K), 0.0007620 secs] 31841K->16389K(57984K), 0.0007930 secs] [Times: user=0.01 sys=0.00, real=0.00 secs] 
265.342: Total time for which application threads were stopped: 0.0009230 seconds, Stopping threads took: 0.0000630 seconds
265.386: Application time: 0.0438460 seconds
265.386: [GC265.386: [ParNew: 17517K->1546K(18048K), 0.0006950 secs] 32360K->16389K(57984K), 0.0007240 secs] [Times: user=0.00 sys=0.00, real=0.00 secs] 
265.387: Total time for which application threads were stopped: 0.0008570 seconds, Stopping threads took: 0.0000730 seconds
265.429: Application time: 0.0420820 seconds
265.429: [GC265.429: [ParNew: 17504K->1546K(18048K), 0.0010270 secs] 32347K->17413K(57984K), 0.0010590 secs] [Times: user=0.00 sys=0.00, real=0.00 secs] 
265.430: Total time for which application threads were stopped: 0.0011910 seconds, Stopping threads took: 0.0000690 seconds
265.472: Application time: 0.0413500 seconds
265.472: [GC265.472: [ParNew: 17591K->1580K(18048K), 0.0009680 secs] 33458K->18471K(57984K), 0.0009990 secs] [Times: user=0.01 sys=0.00, real=0.00 secs] 
265.473: Total time for which application threads were stopped: 0.0011530 seconds, Stopping threads took: 0.0000800 seconds
265.516: Application time: 0.0436590 seconds
265.516: [GC265.516: [ParNew: 17546K->1550K(18048K), 0.0009660 secs] 34438K->19537K(57984K), 0.0010010 secs] [Times: user=0.01 sys=0.00, real=0.01 secs] 
265.517: Total time for which application threads were stopped: 0.0011450 seconds, Stopping threads took: 0.0000760 seconds
265.562: Application time: 0.0443100 seconds
265.562: [GC265.562: [ParNew: 17521K->1548K(18048K), 0.0007700 secs] 35508K->20047K(57984K), 0.0008030 secs] [Times: user=0.01 sys=0.00, real=0.00 secs] 
265.563: Total time for which application threads were stopped: 0.0009430 seconds, Stopping threads took: 0.0000770 seconds
265.604: Application time: 0.0407850 seconds
265.604: [GC265.604: [ParNew: 17592K->1576K(18048K), 0.0008430 secs] 36092K->20587K(57984K), 0.0008730 secs] [Times: user=0.01 sys=0.00, real=0.00 secs] 
265.605: Total time for which application threads were stopped: 0.0010220 seconds, Stopping threads took: 0.0000850 seconds
265.648: Application time: 0.0435170 seconds
265.648: [GC265.648: [ParNew: 17617K->1578K(18048K), 0.0009900 secs] 36628K->21685K(57984K), 0.0010250 secs] [Times: user=0.00 sys=0.01, real=0.00 secs] 
265.649: Total time for which application threads were stopped: 0.0011640 seconds, Stopping threads took: 0.0000740 seconds
265.692: Application time: 0.0425000 seconds
265.692: [GC265.692: [ParNew: 17623K->1580K(18048K), 0.0009470 secs] 37730K->22767K(57984K), 0.0009810 secs] [Times: user=0.01 sys=0.00, real=0.00 secs] 
265.693: Total time for which application threads were stopped: 0.0011090 seconds, Stopping threads took: 0.0000630 seconds
265.736: Application time: 0.0428380 seconds
265.736: [GC265.736: [ParNew: 17551K->1548K(18048K), 0.0008320 secs] 38738K->23311K(57984K), 0.0008640 secs] [Times: user=0.01 sys=0.00, real=0.00 secs] 
265.737: Total time for which application threads were stopped: 0.0010050 seconds, Stopping threads took: 0.0000770 seconds
265.781: Application time: 0.0440020 seconds
265.781: [GC265.781: [ParNew: 17519K->1546K(18048K), 0.0006660 secs] 39282K->23309K(57984K), 0.0006970 secs] [Times: user=0.01 sys=0.00, real=0.00 secs] 
265.782: Total time for which application threads were stopped: 0.0009660 seconds, Stopping threads took: 0.0002070 seconds
265.823: Application time: 0.0416400 seconds
265.823: [GC265.823: [ParNew: 17582K->1580K(18048K), 0.0009510 secs] 39346K->24367K(57984K), 0.0009820 secs] [Times: user=0.01 sys=0.00, real=0.00 secs] 
265.824: Total time for which application threads were stopped: 0.0011230 seconds, Stopping threads took: 0.0000750 seconds
265.869: Application time: 0.0444630 seconds
265.869: [GC265.869: [ParNew: 17627K->1578K(18048K), 0.0008840 secs] 40414K->24941K(57984K), 0.0009220 secs] [Times: user=0.01 sys=0.00, real=0.00 secs] 
265.870: Total time for which application threads were stopped: 0.0011000 seconds, Stopping threads took: 0.0001140 seconds
265.913: Application time: 0.0431930 seconds
265.913: [GC265.913: [ParNew: 17627K->1578K(18048K), 0.0006190 secs] 40991K->24989K(57984K), 0.0006490 secs] [Times: user=0.01 sys=0.00, real=0.00 secs] 
265.914: Total time for which application threads were stopped: 0.0007790 seconds, Stopping threads took: 0.0000670 seconds
265.955: Application time: 0.0414940 seconds
265.956: [GC265.956: [ParNew: 17544K->1034K(18048K), 0.0004610 secs] 40956K->24517K(57984K), 0.0004880 secs] [Times: user=0.00 sys=0.00, real=0.00 secs] 
265.956: Total time for which application threads were stopped: 0.0007320 seconds, Stopping threads took: 0.0001850 seconds
266.000: Application time: 0.0440570 seconds
266.000: [GC266.000: [ParNew: 17081K->1062K(18048K), 0.0005710 secs] 40564K->24545K(57984K), 0.0005990 secs] [Times: user=0.01 sys=0.00, real=0.00 secs] 
266.001: Total time for which application threads were stopped: 0.0007360 seconds, Stopping threads took: 0.0000710 seconds
266.044: Application time: 0.0432600 seconds
266.044: [GC266.044: [ParNew: 17033K->522K(18048K), 0.0003970 secs] 40516K->24061K(57984K), 0.0004220 secs] [Times: user=0.01 sys=0.00, real=0.00 secs] 
266.045: Total time for which application threads were stopped: 0.0005310 seconds, Stopping threads took: 0.0000530 seconds
266.087: Application time: 0.0418030 seconds
266.087: [GC266.087: [ParNew: 16484K->1032K(18048K), 0.0005510 secs] 40024K->24571K(57984K), 0.0005780 secs] [Times: user=0.00 sys=0.00, real=0.00 secs] 
266.087: Total time for which application threads were stopped: 0.0007480 seconds, Stopping threads took: 0.0001120 seconds
266.128: Application time: 0.0404260 seconds
266.128: [GC266.128: [ParNew: 16986K->1548K(18048K), 0.0009610 secs] 40526K->26111K(57984K), 0.0009930 secs] [Times: user=0.01 sys=0.00, real=0.00 secs] 
266.129: Total time for which application threads were stopped: 0.0012880 seconds, Stopping threads took: 0.0002310 seconds
266.173: Application time: 0.0438590 seconds
266.173: [GC266.173: [ParNew: 17514K->1548K(18048K), 0.0010080 secs] 42078K->27135K(57984K), 0.0010400 secs] [Times: user=0.01 sys=0.01, real=0.00 secs] 
266.174: Total time for which application threads were stopped: 0.0011710 seconds, Stopping threads took: 0.0000680 seconds
266.218: Application time: 0.0437560 seconds
266.218: [GC266.218: [ParNew: 17597K->1578K(18048K), 0.0008250 secs] 43185K->27677K(57984K), 0.0008560 secs] [Times: user=0.01 sys=0.00, real=0.00 secs] 
266.219: Total time for which application threads were stopped: 0.0010020 seconds, Stopping threads took: 0.0000820 seconds
266.264: Application time: 0.0449250 seconds
266.264: [GC266.264: [ParNew: 17546K->1546K(18048K), 0.0006190 secs] 43646K->27725K(57984K), 0.0006430 secs] [Times: user=0.00 sys=0.00, real=0.00 secs] 
266.265: Total time for which application threads were stopped: 0.0007590 seconds, Stopping threads took: 0.0000590 seconds
266.308: Application time: 0.0431830 seconds
266.308: [GC266.308: [ParNew: 17591K->1578K(18048K), 0.0006560 secs] 43771K->27758K(57984K), 0.0006840 secs] [Times: user=0.00 sys=0.00, real=0.00 secs] 
266.309: Total time for which application threads were stopped: 0.0008200 seconds, Stopping threads took: 0.0000760 seconds
266.351: Application time: 0.0427410 seconds
266.351: [GC266.351: [ParNew: 17544K->1546K(18048K), 0.0006820 secs] 43724K->27781K(57984K), 0.0007110 secs] [Times: user=0.01 sys=0.00, real=0.00 secs] 
266.352: Total time for which application threads were stopped: 0.0008650 seconds, Stopping threads took: 0.0000930 seconds
266.393: Application time: 0.0406850 seconds
266.393: [GC266.393: [ParNew: 17153K->1604K(18048K), 0.0007310 secs] 43389K->27840K(57984K), 0.0007610 secs] [Times: user=0.01 sys=0.00, real=0.00 secs] 
266.394: Total time for which application threads were stopped: 0.0009600 seconds, Stopping threads took: 0.0001380 seconds
266.437: Application time: 0.0436450 seconds
266.438: [GC266.438: [ParNew: 17575K->1030K(18048K), 0.0005100 secs] 43810K->27369K(57984K), 0.0005450 secs] [Times: user=0.00 sys=0.00, real=0.00 secs] 
266.438: Total time for which application threads were stopped: 0.0006740 seconds, Stopping threads took: 0.0000700 seconds
266.481: Application time: 0.0429640 seconds
266.481: [GC266.481: [ParNew: 16992K->1034K(18048K), 0.0004790 secs] 43332K->27374K(57984K), 0.0005060 secs] [Times: user=0.01 sys=0.00, real=0.00 secs] 
266.482: Total time for which application threads were stopped: 0.0007590 seconds, Stopping threads took: 0.0001960 seconds
266.525: Application time: 0.0432050 seconds
266.525: [GC266.525: [ParNew: 16998K->1546K(18048K), 0.0006070 secs] 43338K->27886K(57984K), 0.0016460 secs] [Times: user=0.00 sys=0.00, real=0.00 secs] 
266.527: Total time for which application threads were stopped: 0.0018150 seconds, Stopping threads took: 0.0000960 seconds
266.565: Application time: 0.0385530 seconds
