Java HotSpot(TM) 64-Bit Server VM (24.80-b11) for linux-amd64 JRE (1.7.0_80-b15), built on Apr 10 2015 19:53:14 by "java_re" with gcc 4.3.0 20080428 (Red Hat 4.3.0-8)
Memory: 4k page, physical 8000092k(6043876k free), swap 8218620k(8218620k free)
CommandLine flags: -XX:InitialHeapSize=357566464 -XX:MaxHeapSize=357566464 -XX:+PrintGC -XX:+PrintGCApplicationConcurrentTime -XX:+PrintGCApplicationStoppedTime -XX:+PrintGCDetails -XX:+PrintGCTimeStamps -XX:-UseAdaptiveSizePolicy -XX:+UseCompressedOops -XX:+UseParallelGC -XX:+UseParallelOldGC 
1.011: Application time: 0.9853280 seconds
1.011: Total time for which application threads were stopped: 0.0000400 seconds, Stopping threads took: 0.0000110 seconds
4.030: Application time: 3.0190200 seconds
4.030: Total time for which application threads were stopped: 0.0000650 seconds, Stopping threads took: 0.0000100 seconds
14.693: Application time: 10.6631610 seconds
14.693: Total time for which application threads were stopped: 0.0000230 seconds, Stopping threads took: 0.0000070 seconds
14.693: Application time: 0.0000630 seconds
14.693: Total time for which application threads were stopped: 0.0000340 seconds, Stopping threads took: 0.0000180 seconds
14.695: Application time: 0.0013990 seconds
14.695: Total time for which application threads were stopped: 0.0000080 seconds, Stopping threads took: 0.0000030 seconds
14.713: Application time: 0.0181600 seconds
14.713: Total time for which application threads were stopped: 0.0000370 seconds, Stopping threads took: 0.0000100 seconds
14.725: Application time: 0.0122760 seconds
14.725: [GC [PSYoungGen: 14090K->3402K(102400K)] 14090K->3410K(335360K), 0.0021880 secs] [Times: user=0.01 sys=0.01, real=0.00 secs] 
14.727: [Full GC [PSYoungGen: 3402K->0K(102400K)] [ParOldGen: 8K->3145K(232960K)] 3410K->3145K(335360K) [PSPermGen: 5075K->5074K(21504K)], 0.0122070 secs] [Times: user=0.05 sys=0.00, real=0.01 secs] 
14.740: Total time for which application threads were stopped: 0.0145100 seconds, Stopping threads took: 0.0000050 seconds
14.740: Application time: 0.0000410 seconds
14.740: [GC [PSYoungGen: 0K->0K(102400K)] 3145K->3145K(335360K), 0.0002760 secs] [Times: user=0.00 sys=0.00, real=0.00 secs] 
14.740: [Full GC [PSYoungGen: 0K->0K(102400K)] [ParOldGen: 3145K->3145K(232960K)] 3145K->3145K(335360K) [PSPermGen: 5074K->5074K(21504K)], 0.0039170 secs] [Times: user=0.01 sys=0.00, real=0.01 secs] 
14.744: Total time for which application threads were stopped: 0.0042930 seconds, Stopping threads took: 0.0000160 seconds
14.744: Application time: 0.0001140 seconds
14.744: Total time for which application threads were stopped: 0.0000260 seconds, Stopping threads took: 0.0000180 seconds
14.744: Application time: 0.0000120 seconds
14.744: Total time for which application threads were stopped: 0.0000140 seconds, Stopping threads took: 0.0000110 seconds
14.744: Application time: 0.0000110 seconds
14.744: Total time for which application threads were stopped: 0.0000180 seconds, Stopping threads took: 0.0000150 seconds
14.744: Application time: 0.0000100 seconds
14.744: Total time for which application threads were stopped: 0.0000140 seconds, Stopping threads took: 0.0000100 seconds
14.744: Application time: 0.0000380 seconds
14.744: Total time for which application threads were stopped: 0.0000160 seconds, Stopping threads took: 0.0000130 seconds
14.744: Application time: 0.0000150 seconds
14.744: Total time for which application threads were stopped: 0.0000180 seconds, Stopping threads took: 0.0000140 seconds
14.744: Application time: 0.0000140 seconds
14.744: Total time for which application threads were stopped: 0.0000160 seconds, Stopping threads took: 0.0000120 seconds
14.744: Application time: 0.0000100 seconds
14.744: Total time for which application threads were stopped: 0.0000290 seconds, Stopping threads took: 0.0000250 seconds
14.744: Application time: 0.0000110 seconds
14.744: Total time for which application threads were stopped: 0.0000160 seconds, Stopping threads took: 0.0000120 seconds
14.744: Application time: 0.0000090 seconds
14.744: Total time for which application threads were stopped: 0.0000120 seconds, Stopping threads took: 0.0000090 seconds
14.744: Application time: 0.0000150 seconds
14.744: Total time for which application threads were stopped: 0.0000180 seconds, Stopping threads took: 0.0000140 seconds
14.744: Application time: 0.0000140 seconds
14.744: Total time for which application threads were stopped: 0.0000140 seconds, Stopping threads took: 0.0000110 seconds
14.744: Application time: 0.0000140 seconds
14.744: Total time for which application threads were stopped: 0.0000190 seconds, Stopping threads took: 0.0000150 seconds
14.744: Application time: 0.0000140 seconds
14.744: Total time for which application threads were stopped: 0.0000150 seconds, Stopping threads took: 0.0000110 seconds
14.744: Application time: 0.0000110 seconds
14.745: Total time for which application threads were stopped: 0.0000140 seconds, Stopping threads took: 0.0000110 seconds
14.745: Application time: 0.0000110 seconds
14.745: Total time for which application threads were stopped: 0.0000130 seconds, Stopping threads took: 0.0000100 seconds
14.745: Application time: 0.0000100 seconds
14.745: Total time for which application threads were stopped: 0.0000150 seconds, Stopping threads took: 0.0000110 seconds
14.745: Application time: 0.0000110 seconds
14.745: Total time for which application threads were stopped: 0.0000180 seconds, Stopping threads took: 0.0000140 seconds
14.745: Application time: 0.0000100 seconds
14.745: Total time for which application threads were stopped: 0.0000150 seconds, Stopping threads took: 0.0000110 seconds
14.745: Application time: 0.0000140 seconds
14.745: Total time for which application threads were stopped: 0.0000210 seconds, Stopping threads took: 0.0000110 seconds
14.745: Application time: 0.0000150 seconds
14.745: Total time for which application threads were stopped: 0.0000150 seconds, Stopping threads took: 0.0000110 seconds
14.745: Application time: 0.0000140 seconds
14.745: Total time for which application threads were stopped: 0.0000120 seconds, Stopping threads took: 0.0000080 seconds
14.745: Application time: 0.0000120 seconds
14.745: Total time for which application threads were stopped: 0.0000130 seconds, Stopping threads took: 0.0000090 seconds
14.745: Application time: 0.0000100 seconds
14.745: Total time for which application threads were stopped: 0.0000120 seconds, Stopping threads took: 0.0000090 seconds
14.745: Application time: 0.0000120 seconds
14.745: Total time for which application threads were stopped: 0.0000120 seconds, Stopping threads took: 0.0000080 seconds
14.745: Application time: 0.0000110 seconds
14.745: Total time for which application threads were stopped: 0.0000120 seconds, Stopping threads took: 0.0000090 seconds
14.745: Application time: 0.0000110 seconds
14.745: Total time for which application threads were stopped: 0.0000140 seconds, Stopping threads took: 0.0000100 seconds
14.745: Application time: 0.0000150 seconds
14.745: Total time for which application threads were stopped: 0.0000210 seconds, Stopping threads took: 0.0000140 seconds
14.745: Application time: 0.0000130 seconds
14.745: Total time for which application threads were stopped: 0.0000170 seconds, Stopping threads took: 0.0000120 seconds
14.745: Application time: 0.0000170 seconds
14.745: Total time for which application threads were stopped: 0.0000130 seconds, Stopping threads took: 0.0000090 seconds
14.745: Application time: 0.0000100 seconds
14.745: Total time for which application threads were stopped: 0.0000150 seconds, Stopping threads took: 0.0000110 seconds
14.745: Application time: 0.0000110 seconds
14.745: Total time for which application threads were stopped: 0.0000150 seconds, Stopping threads took: 0.0000110 seconds
14.745: Application time: 0.0000110 seconds
14.745: Total time for which application threads were stopped: 0.0000120 seconds, Stopping threads took: 0.0000080 seconds
14.745: Application time: 0.0000110 seconds
14.745: Total time for which application threads were stopped: 0.0000130 seconds, Stopping threads took: 0.0000090 seconds
14.745: Application time: 0.0000110 seconds
14.745: Total time for which application threads were stopped: 0.0000070 seconds, Stopping threads took: 0.0000040 seconds
14.745: Application time: 0.0000140 seconds
14.745: Total time for which application threads were stopped: 0.0000060 seconds, Stopping threads took: 0.0000030 seconds
14.745: Application time: 0.0000140 seconds
14.745: Total time for which application threads were stopped: 0.0000130 seconds, Stopping threads took: 0.0000100 seconds
14.745: Application time: 0.0000150 seconds
14.745: Total time for which application threads were stopped: 0.0000130 seconds, Stopping threads took: 0.0000100 seconds
14.745: Application time: 0.0000120 seconds
14.745: Total time for which application threads were stopped: 0.0000160 seconds, Stopping threads took: 0.0000110 seconds
14.745: Application time: 0.0003020 seconds
14.745: Total time for which application threads were stopped: 0.0000160 seconds, Stopping threads took: 0.0000120 seconds
14.773: Application time: 0.0274580 seconds
14.773: Total time for which application threads were stopped: 0.0000650 seconds, Stopping threads took: 0.0000140 seconds
14.793: Application time: 0.0204720 seconds
14.794: Total time for which application threads were stopped: 0.0000350 seconds, Stopping threads took: 0.0000100 seconds
14.811: Application time: 0.0171460 seconds
14.811: Total time for which application threads were stopped: 0.0000130 seconds, Stopping threads took: 0.0000050 seconds
14.811: Application time: 0.0006890 seconds
14.811: Total time for which application threads were stopped: 0.0000810 seconds, Stopping threads took: 0.0000720 seconds
14.812: Application time: 0.0001280 seconds
14.812: Total time for which application threads were stopped: 0.0000630 seconds, Stopping threads took: 0.0000520 seconds
14.812: Application time: 0.0005160 seconds
14.812: Total time for which application threads were stopped: 0.0001580 seconds, Stopping threads took: 0.0001490 seconds
14.812: Application time: 0.0000230 seconds
14.812: Total time for which application threads were stopped: 0.0000260 seconds, Stopping threads took: 0.0000190 seconds
14.812: Application time: 0.0000290 seconds
14.812: Total time for which application threads were stopped: 0.0000320 seconds, Stopping threads took: 0.0000240 seconds
14.812: Application time: 0.0000460 seconds
14.813: Total time for which application threads were stopped: 0.0000260 seconds, Stopping threads took: 0.0000180 seconds
14.813: Application time: 0.0006210 seconds
14.813: Total time for which application threads were stopped: 0.0000190 seconds, Stopping threads took: 0.0000090 seconds
14.813: Application time: 0.0000460 seconds
14.813: Total time for which application threads were stopped: 0.0000290 seconds, Stopping threads took: 0.0000170 seconds
14.813: Application time: 0.0000880 seconds
14.813: Total time for which application threads were stopped: 0.0000140 seconds, Stopping threads took: 0.0000080 seconds
14.813: Application time: 0.0000110 seconds
14.813: Total time for which application threads were stopped: 0.0000070 seconds, Stopping threads took: 0.0000030 seconds
14.813: Application time: 0.0000120 seconds
14.813: Total time for which application threads were stopped: 0.0000070 seconds, Stopping threads took: 0.0000030 seconds
14.813: Application time: 0.0000140 seconds
14.813: Total time for which application threads were stopped: 0.0000060 seconds, Stopping threads took: 0.0000020 seconds
14.814: Application time: 0.0001010 seconds
14.814: Total time for which application threads were stopped: 0.0000070 seconds, Stopping threads took: 0.0000030 seconds
14.814: Application time: 0.0002820 seconds
14.814: Total time for which application threads were stopped: 0.0000260 seconds, Stopping threads took: 0.0000150 seconds
14.816: Application time: 0.0025560 seconds
14.816: Total time for which application threads were stopped: 0.0000580 seconds, Stopping threads took: 0.0000150 seconds
14.817: Application time: 0.0002400 seconds
14.817: Total time for which application threads were stopped: 0.0000600 seconds, Stopping threads took: 0.0000500 seconds
14.817: Application time: 0.0003290 seconds
14.817: Total time for which application threads were stopped: 0.0000220 seconds, Stopping threads took: 0.0000130 seconds
14.817: Application time: 0.0000360 seconds
14.817: Total time for which application threads were stopped: 0.0000280 seconds, Stopping threads took: 0.0000190 seconds
14.840: Application time: 0.0227890 seconds
14.840: Total time for which application threads were stopped: 0.0000250 seconds, Stopping threads took: 0.0000090 seconds
14.840: Application time: 0.0001280 seconds
14.840: Total time for which application threads were stopped: 0.0000490 seconds, Stopping threads took: 0.0000410 seconds
14.840: Application time: 0.0000510 seconds
14.840: Total time for which application threads were stopped: 0.0000240 seconds, Stopping threads took: 0.0000130 seconds
14.840: Application time: 0.0001500 seconds
14.840: Total time for which application threads were stopped: 0.0000350 seconds, Stopping threads took: 0.0000210 seconds
14.841: Application time: 0.0000800 seconds
14.841: Total time for which application threads were stopped: 0.0000280 seconds, Stopping threads took: 0.0000170 seconds
14.841: Application time: 0.0000350 seconds
14.841: Total time for which application threads were stopped: 0.0000320 seconds, Stopping threads took: 0.0000210 seconds
14.841: Application time: 0.0003040 seconds
14.841: Total time for which application threads were stopped: 0.0000630 seconds, Stopping threads took: 0.0000130 seconds
14.861: Application time: 0.0197650 seconds
14.861: Total time for which application threads were stopped: 0.0000780 seconds, Stopping threads took: 0.0000290 seconds
14.862: Application time: 0.0008260 seconds
14.862: Total time for which application threads were stopped: 0.0000390 seconds, Stopping threads took: 0.0000250 seconds
14.937: Application time: 0.0754420 seconds
14.937: [GC [PSYoungGen: 87590K->14321K(102400K)] 90735K->27723K(335360K), 0.0070770 secs] [Times: user=0.04 sys=0.00, real=0.01 secs] 
14.944: Total time for which application threads were stopped: 0.0073370 seconds, Stopping threads took: 0.0001380 seconds
14.947: Application time: 0.0024230 seconds
14.949: Total time for which application threads were stopped: 0.0025130 seconds, Stopping threads took: 0.0024480 seconds
14.950: Application time: 0.0001820 seconds
14.951: Total time for which application threads were stopped: 0.0016340 seconds, Stopping threads took: 0.0016200 seconds
14.951: Application time: 0.0000640 seconds
14.953: Total time for which application threads were stopped: 0.0017880 seconds, Stopping threads took: 0.0017740 seconds
14.967: Application time: 0.0141740 seconds
14.968: Total time for which application threads were stopped: 0.0004790 seconds, Stopping threads took: 0.0004510 seconds
14.968: Application time: 0.0004120 seconds
14.969: Total time for which application threads were stopped: 0.0010250 seconds, Stopping threads took: 0.0010080 seconds
14.982: Application time: 0.0129740 seconds
14.983: [GC [PSYoungGen: 102301K->14273K(102400K)] 115703K->32663K(335360K), 0.0047900 secs] [Times: user=0.03 sys=0.01, real=0.01 secs] 
14.987: Total time for which application threads were stopped: 0.0051730 seconds, Stopping threads took: 0.0002830 seconds
15.018: Application time: 0.0303630 seconds
15.018: [GC [PSYoungGen: 102116K->14193K(102400K)] 120505K->38283K(335360K), 0.0055420 secs] [Times: user=0.03 sys=0.00, real=0.01 secs] 
15.024: Total time for which application threads were stopped: 0.0058650 seconds, Stopping threads took: 0.0002380 seconds
15.054: Application time: 0.0302070 seconds
15.054: [GC [PSYoungGen: 102190K->14305K(102400K)] 126280K->41245K(335360K), 0.0052980 secs] [Times: user=0.04 sys=0.00, real=0.01 secs] 
15.059: Total time for which application threads were stopped: 0.0055400 seconds, Stopping threads took: 0.0001570 seconds
15.092: Application time: 0.0325950 seconds
15.092: [GC [PSYoungGen: 101935K->12152K(102400K)] 128875K->39099K(335360K), 0.0037470 secs] [Times: user=0.02 sys=0.00, real=0.01 secs] 
15.096: Total time for which application threads were stopped: 0.0039850 seconds, Stopping threads took: 0.0001490 seconds
15.127: Application time: 0.0312650 seconds
15.128: [GC [PSYoungGen: 99544K->14258K(102400K)] 126491K->46202K(335360K), 0.0056680 secs] [Times: user=0.03 sys=0.00, real=0.00 secs] 
15.134: Total time for which application threads were stopped: 0.0063220 seconds, Stopping threads took: 0.0005720 seconds
15.164: Application time: 0.0305200 seconds
15.164: [GC [PSYoungGen: 102211K->14243K(102400K)] 134154K->51175K(335360K), 0.0055810 secs] [Times: user=0.03 sys=0.00, real=0.00 secs] 
15.170: Total time for which application threads were stopped: 0.0058440 seconds, Stopping threads took: 0.0001790 seconds
15.200: Application time: 0.0301970 seconds
15.200: [GC [PSYoungGen: 102099K->14180K(102400K)] 139031K->53250K(335360K), 0.0049540 secs] [Times: user=0.03 sys=0.00, real=0.01 secs] 
15.205: Total time for which application threads were stopped: 0.0051340 seconds, Stopping threads took: 0.0000910 seconds
15.237: Application time: 0.0317120 seconds
15.237: [GC [PSYoungGen: 101969K->14260K(102400K)] 141038K->60456K(335360K), 0.0058240 secs] [Times: user=0.04 sys=0.01, real=0.00 secs] 
15.243: Total time for which application threads were stopped: 0.0061620 seconds, Stopping threads took: 0.0002500 seconds
15.274: Application time: 0.0304960 seconds
15.274: [GC [PSYoungGen: 101998K->14259K(102400K)] 148194K->63306K(335360K), 0.0051890 secs] [Times: user=0.03 sys=0.00, real=0.01 secs] 
15.279: Total time for which application threads were stopped: 0.0056720 seconds, Stopping threads took: 0.0003970 seconds
15.312: Application time: 0.0323180 seconds
15.312: [GC [PSYoungGen: 101999K->14306K(102400K)] 151046K->63361K(335360K), 0.0045430 secs] [Times: user=0.03 sys=0.00, real=0.01 secs] 
15.316: Total time for which application threads were stopped: 0.0047280 seconds, Stopping threads took: 0.0001080 seconds
15.522: Application time: 0.2059430 seconds
15.522: [GC [PSYoungGen: 102023K->14305K(102400K)] 151078K->71198K(335360K), 0.0061220 secs] [Times: user=0.04 sys=0.01, real=0.01 secs] 
15.529: Total time for which application threads were stopped: 0.0062640 seconds, Stopping threads took: 0.0000620 seconds
15.885: Application time: 0.3568440 seconds
15.886: [GC [PSYoungGen: 101970K->14257K(102400K)] 158862K->74000K(335360K), 0.0051680 secs] [Times: user=0.03 sys=0.00, real=0.00 secs] 
15.891: Total time for which application threads were stopped: 0.0053420 seconds, Stopping threads took: 0.0000840 seconds
16.256: Application time: 0.3651810 seconds
16.256: [GC [PSYoungGen: 101983K->14241K(102400K)] 161725K->78259K(335360K), 0.0054180 secs] [Times: user=0.04 sys=0.00, real=0.00 secs] 
16.262: Total time for which application threads were stopped: 0.0055730 seconds, Stopping threads took: 0.0000670 seconds
16.637: Application time: 0.3753180 seconds
16.637: [GC [PSYoungGen: 101897K->14305K(102400K)] 165914K->84023K(335360K), 0.0056840 secs] [Times: user=0.04 sys=0.00, real=0.00 secs] 
16.643: Total time for which application threads were stopped: 0.0058780 seconds, Stopping threads took: 0.0000930 seconds
17.050: Application time: 0.4075020 seconds
17.050: [GC [PSYoungGen: 101961K->13793K(102400K)] 171678K->86973K(335360K), 0.0050580 secs] [Times: user=0.04 sys=0.00, real=0.01 secs] 
17.055: Total time for which application threads were stopped: 0.0052100 seconds, Stopping threads took: 0.0000710 seconds
17.346: Application time: 0.2902060 seconds
17.346: [GC [PSYoungGen: 101533K->13794K(102400K)] 174713K->95524K(335360K), 0.0058920 secs] [Times: user=0.04 sys=0.01, real=0.00 secs] 
17.352: Total time for which application threads were stopped: 0.0060510 seconds, Stopping threads took: 0.0000600 seconds
17.615: Application time: 0.2633780 seconds
17.615: [GC [PSYoungGen: 101454K->13794K(102400K)] 183184K->98375K(335360K), 0.0047550 secs] [Times: user=0.03 sys=0.01, real=0.00 secs] 
17.620: Total time for which application threads were stopped: 0.0049420 seconds, Stopping threads took: 0.0000990 seconds
17.912: Application time: 0.2917660 seconds
17.912: [GC [PSYoungGen: 101458K->13795K(102400K)] 186039K->100513K(335360K), 0.0047540 secs] [Times: user=0.03 sys=0.00, real=0.01 secs] 
17.917: Total time for which application threads were stopped: 0.0049630 seconds, Stopping threads took: 0.0001120 seconds
18.202: Application time: 0.2856810 seconds
18.203: [GC [PSYoungGen: 101528K->13763K(102400K)] 188246K->109032K(335360K), 0.0061660 secs] [Times: user=0.04 sys=0.00, real=0.01 secs] 
18.209: Total time for which application threads were stopped: 0.0063200 seconds, Stopping threads took: 0.0000710 seconds
18.512: Application time: 0.3033280 seconds
18.512: [GC [PSYoungGen: 101425K->13794K(102400K)] 196695K->113339K(335360K), 0.0051850 secs] [Times: user=0.04 sys=0.00, real=0.01 secs] 
18.517: Total time for which application threads were stopped: 0.0053490 seconds, Stopping threads took: 0.0000690 seconds
18.828: Application time: 0.3105320 seconds
18.828: [GC [PSYoungGen: 101453K->13794K(102400K)] 200998K->116189K(335360K), 0.0049240 secs] [Times: user=0.04 sys=0.00, real=0.00 secs] 
18.833: Total time for which application threads were stopped: 0.0050680 seconds, Stopping threads took: 0.0000630 seconds
18.912: Application time: 0.0787300 seconds
18.912: Total time for which application threads were stopped: 0.0000930 seconds, Stopping threads took: 0.0000650 seconds
18.969: Application time: 0.0568750 seconds
18.969: [GC [PSYoungGen: 101663K->13889K(102400K)] 204058K->116284K(335360K), 0.0041990 secs] [Times: user=0.03 sys=0.00, real=0.00 secs] 
18.973: Total time for which application threads were stopped: 0.0043790 seconds, Stopping threads took: 0.0000940 seconds
19.011: Application time: 0.0376500 seconds
19.011: [GC [PSYoungGen: 101510K->13209K(102400K)] 203905K->115604K(335360K), 0.0042830 secs] [Times: user=0.03 sys=0.00, real=0.01 secs] 
19.016: Total time for which application threads were stopped: 0.0048170 seconds, Stopping threads took: 0.0004380 seconds
19.047: Application time: 0.0310400 seconds
19.047: [GC [PSYoungGen: 100986K->14034K(102400K)] 203381K->122841K(335360K), 0.0055960 secs] [Times: user=0.04 sys=0.01, real=0.00 secs] 
19.052: Total time for which application threads were stopped: 0.0058260 seconds, Stopping threads took: 0.0001350 seconds
19.082: Application time: 0.0293710 seconds
19.082: [GC [PSYoungGen: 101775K->14018K(102400K)] 210583K->127109K(335360K), 0.0051910 secs] [Times: user=0.04 sys=0.01, real=0.01 secs] 
19.087: Total time for which application threads were stopped: 0.0053740 seconds, Stopping threads took: 0.0000960 seconds
19.117: Application time: 0.0302990 seconds
19.118: [GC [PSYoungGen: 101706K->14018K(102400K)] 214797K->132105K(335360K), 0.0052580 secs] [Times: user=0.04 sys=0.00, real=0.00 secs] 
19.123: Total time for which application threads were stopped: 0.0056250 seconds, Stopping threads took: 0.0002770 seconds
19.154: Application time: 0.0310710 seconds
19.155: [GC [PSYoungGen: 101709K->13970K(102400K)] 219796K->134195K(335360K), 0.0048090 secs] [Times: user=0.03 sys=0.00, real=0.01 secs] 
19.159: Total time for which application threads were stopped: 0.0051310 seconds, Stopping threads took: 0.0002360 seconds
19.190: Application time: 0.0310700 seconds
19.191: [GC [PSYoungGen: 101645K->13986K(102400K)] 221870K->134923K(335360K), 0.0042500 secs] [Times: user=0.03 sys=0.00, real=0.00 secs] 
19.195: Total time for which application threads were stopped: 0.0044820 seconds, Stopping threads took: 0.0001480 seconds
19.225: Application time: 0.0300190 seconds
19.225: [GC [PSYoungGen: 101683K->14002K(102400K)] 222620K->137077K(335360K), 0.0046920 secs] [Times: user=0.04 sys=0.00, real=0.00 secs] 
19.230: Total time for which application threads were stopped: 0.0049000 seconds, Stopping threads took: 0.0001210 seconds
19.259: Application time: 0.0290130 seconds
19.259: [GC [PSYoungGen: 101685K->13971K(102400K)] 224760K->142034K(335360K), 0.0051230 secs] [Times: user=0.04 sys=0.01, real=0.01 secs] 
19.264: Total time for which application threads were stopped: 0.0056070 seconds, Stopping threads took: 0.0003780 seconds
19.294: Application time: 0.0295520 seconds
19.294: [GC [PSYoungGen: 101666K->13987K(102400K)] 229729K->148464K(335360K), 0.0055510 secs] [Times: user=0.04 sys=0.00, real=0.01 secs] 
19.300: Total time for which application threads were stopped: 0.0057220 seconds, Stopping threads took: 0.0000870 seconds
19.327: Application time: 0.0269870 seconds
19.327: [GC [PSYoungGen: 101677K->13986K(102400K)] 236154K->148463K(335360K), 0.0042530 secs] [Times: user=0.04 sys=0.01, real=0.00 secs] 
19.331: Total time for which application threads were stopped: 0.0044200 seconds, Stopping threads took: 0.0000750 seconds
19.425: Application time: 0.0937000 seconds
19.427: [GC [PSYoungGen: 101687K->13969K(102400K)] 236164K->154859K(335360K), 0.0058900 secs] [Times: user=0.04 sys=0.01, real=0.00 secs] 
19.433: Total time for which application threads were stopped: 0.0083260 seconds, Stopping threads took: 0.0023500 seconds
19.807: Application time: 0.3733170 seconds
19.807: [GC [PSYoungGen: 101625K->13985K(102400K)] 242514K->158437K(335360K), 0.0050510 secs] [Times: user=0.03 sys=0.00, real=0.00 secs] 
19.812: Total time for which application threads were stopped: 0.0052020 seconds, Stopping threads took: 0.0000570 seconds
20.195: Application time: 0.3832560 seconds
20.195: [GC [PSYoungGen: 101658K->13985K(102400K)] 246110K->162000K(335360K), 0.0050120 secs] [Times: user=0.04 sys=0.00, real=0.01 secs] 
20.200: Total time for which application threads were stopped: 0.0051660 seconds, Stopping threads took: 0.0000710 seconds
20.585: Application time: 0.3843540 seconds
20.585: [GC [PSYoungGen: 101693K->14017K(102400K)] 249707K->169157K(335360K), 0.0058760 secs] [Times: user=0.04 sys=0.00, real=0.00 secs] 
20.591: Total time for which application threads were stopped: 0.0060400 seconds, Stopping threads took: 0.0000660 seconds
20.988: Application time: 0.3977210 seconds
20.988: [GC [PSYoungGen: 101673K->13857K(102400K)] 256813K->173432K(335360K), 0.0051420 secs] [Times: user=0.04 sys=0.00, real=0.00 secs] 
20.994: Total time for which application threads were stopped: 0.0052950 seconds, Stopping threads took: 0.0000610 seconds
21.288: Application time: 0.2942400 seconds
21.288: [GC [PSYoungGen: 101592K->13794K(102400K)] 261167K->181346K(335360K), 0.0063180 secs] [Times: user=0.04 sys=0.00, real=0.00 secs] 
21.294: Total time for which application threads were stopped: 0.0064900 seconds, Stopping threads took: 0.0000770 seconds
21.572: Application time: 0.2772980 seconds
21.572: [GC [PSYoungGen: 101453K->13794K(102400K)] 269006K->185630K(335360K), 0.0052410 secs] [Times: user=0.04 sys=0.00, real=0.01 secs] 
21.577: Total time for which application threads were stopped: 0.0054000 seconds, Stopping threads took: 0.0000720 seconds
21.860: Application time: 0.2829460 seconds
21.860: [GC [PSYoungGen: 101458K->13795K(102400K)] 273294K->188481K(335360K), 0.0048260 secs] [Times: user=0.03 sys=0.00, real=0.01 secs] 
21.865: Total time for which application threads were stopped: 0.0049850 seconds, Stopping threads took: 0.0000700 seconds
22.136: Application time: 0.2711530 seconds
22.136: [GC [PSYoungGen: 101528K->13795K(102400K)] 276215K->197032K(335360K), 0.0061070 secs] [Times: user=0.04 sys=0.00, real=0.00 secs] 
22.142: Total time for which application threads were stopped: 0.0062650 seconds, Stopping threads took: 0.0000710 seconds
22.468: Application time: 0.3253430 seconds
22.468: [GC [PSYoungGen: 101458K->13794K(102400K)] 284696K->200595K(335360K), 0.0049910 secs] [Times: user=0.04 sys=0.00, real=0.00 secs] 
22.473: Total time for which application threads were stopped: 0.0051590 seconds, Stopping threads took: 0.0000770 seconds
22.784: Application time: 0.3111290 seconds
22.784: [GC [PSYoungGen: 101454K->13794K(102400K)] 288254K->203444K(335360K), 0.0048670 secs] [Times: user=0.04 sys=0.00, real=0.00 secs] 
22.789: Total time for which application threads were stopped: 0.0050240 seconds, Stopping threads took: 0.0000740 seconds
22.962: Application time: 0.1724890 seconds
22.962: [GC [PSYoungGen: 101545K->13857K(102400K)] 291196K->208496K(335360K), 0.0055270 secs] [Times: user=0.05 sys=0.00, real=0.01 secs] 
22.967: Total time for which application threads were stopped: 0.0057360 seconds, Stopping threads took: 0.0001190 seconds
23.005: Application time: 0.0373810 seconds
23.005: [GC [PSYoungGen: 101653K->13953K(102400K)] 296292K->212867K(335360K), 0.0052870 secs] [Times: user=0.03 sys=0.00, real=0.00 secs] 
23.010: Total time for which application threads were stopped: 0.0056080 seconds, Stopping threads took: 0.0002230 seconds
23.039: Application time: 0.0285800 seconds
23.039: [GC [PSYoungGen: 101343K->13970K(102400K)] 300257K->215021K(335360K), 0.0048070 secs] [Times: user=0.03 sys=0.01, real=0.01 secs] 
23.044: Total time for which application threads were stopped: 0.0049630 seconds, Stopping threads took: 0.0000740 seconds
23.075: Application time: 0.0310510 seconds
23.075: [GC [PSYoungGen: 102020K->14034K(102400K)] 303072K->221498K(335360K), 0.0054690 secs] [Times: user=0.04 sys=0.01, real=0.01 secs] 
23.081: Total time for which application threads were stopped: 0.0056820 seconds, Stopping threads took: 0.0001240 seconds
23.111: Application time: 0.0307790 seconds
23.112: [GC [PSYoungGen: 101733K->14018K(102400K)] 309196K->223619K(335360K), 0.0049160 secs] [Times: user=0.02 sys=0.00, real=0.01 secs] 
23.117: Total time for which application threads were stopped: 0.0053210 seconds, Stopping threads took: 0.0003190 seconds
23.147: Application time: 0.0304800 seconds
23.147: [GC [PSYoungGen: 101719K->13986K(102400K)] 311321K->227863K(335360K), 0.0052740 secs] [Times: user=0.04 sys=0.01, real=0.00 secs] 
23.153: Total time for which application threads were stopped: 0.0055150 seconds, Stopping threads took: 0.0001590 seconds
23.182: Application time: 0.0294140 seconds
23.182: [GC [PSYoungGen: 101667K->14002K(102400K)] 315544K->232154K(335360K), 0.0051300 secs] [Times: user=0.04 sys=0.00, real=0.01 secs] 
23.188: Total time for which application threads were stopped: 0.0054540 seconds, Stopping threads took: 0.0002370 seconds
23.217: Application time: 0.0291750 seconds
23.218: [GC [PSYoungGen: 101675K->13987K(102400K)] 319827K->235702K(335360K), 0.0049680 secs] [Times: user=0.03 sys=0.00, real=0.00 secs] 
23.223: Total time for which application threads were stopped: 0.0060510 seconds, Stopping threads took: 0.0009950 seconds
23.252: Application time: 0.0290760 seconds
23.255: [GC [PSYoungGen: 101692K->14019K(102400K)] 323407K->238584K(335360K), 0.0050760 secs] [Times: user=0.04 sys=0.00, real=0.00 secs] 
23.260: Total time for which application threads were stopped: 0.0085730 seconds, Stopping threads took: 0.0034090 seconds
23.287: Application time: 0.0265740 seconds
23.287: [GC [PSYoungGen: 101698K->13986K(102400K)] 326263K->242827K(335360K), 0.0053580 secs] [Times: user=0.02 sys=0.02, real=0.00 secs] 
23.293: [Full GC [PSYoungGen: 13986K->0K(102400K)] [ParOldGen: 228840K->25482K(232960K)] 242827K->25482K(335360K) [PSPermGen: 6066K->6062K(21504K)], 0.0179700 secs] [Times: user=0.09 sys=0.00, real=0.02 secs] 
23.311: Total time for which application threads were stopped: 0.0235840 seconds, Stopping threads took: 0.0001130 seconds
23.342: Application time: 0.0311110 seconds
23.342: [GC [PSYoungGen: 87703K->13730K(102400K)] 113186K->39213K(335360K), 0.0041680 secs] [Times: user=0.03 sys=0.00, real=0.01 secs] 
23.346: Total time for which application threads were stopped: 0.0043570 seconds, Stopping threads took: 0.0001000 seconds
23.380: Application time: 0.0338930 seconds
23.380: [GC [PSYoungGen: 101413K->12304K(102400K)] 126895K->37787K(335360K), 0.0036050 secs] [Times: user=0.03 sys=0.00, real=0.01 secs] 
23.384: Total time for which application threads were stopped: 0.0037670 seconds, Stopping threads took: 0.0000800 seconds
23.735: Application time: 0.3517250 seconds
23.736: [GC [PSYoungGen: 99968K->13729K(102400K)] 125451K->45625K(335360K), 0.0058270 secs] [Times: user=0.05 sys=0.00, real=0.00 secs] 
23.741: Total time for which application threads were stopped: 0.0059970 seconds, Stopping threads took: 0.0000730 seconds
24.111: Application time: 0.3693320 seconds
24.111: [GC [PSYoungGen: 101402K->13793K(102400K)] 133298K->49964K(335360K), 0.0052890 secs] [Times: user=0.04 sys=0.00, real=0.01 secs] 
24.116: Total time for which application threads were stopped: 0.0054360 seconds, Stopping threads took: 0.0000640 seconds
24.491: Application time: 0.3743850 seconds
24.491: [GC [PSYoungGen: 101501K->13793K(102400K)] 137671K->57801K(335360K), 0.0062590 secs] [Times: user=0.05 sys=0.00, real=0.01 secs] 
24.497: Total time for which application threads were stopped: 0.0064280 seconds, Stopping threads took: 0.0000670 seconds
24.932: Application time: 0.4354510 seconds
24.933: [GC [PSYoungGen: 101449K->13793K(102400K)] 145457K->60651K(335360K), 0.0048800 secs] [Times: user=0.04 sys=0.00, real=0.01 secs] 
24.938: Total time for which application threads were stopped: 0.0050290 seconds, Stopping threads took: 0.0000650 seconds
25.277: Application time: 0.3393760 seconds
25.277: [GC [PSYoungGen: 101520K->13794K(102400K)] 148378K->67064K(335360K), 0.0058880 secs] [Times: user=0.05 sys=0.00, real=0.00 secs] 
25.283: Total time for which application threads were stopped: 0.0060580 seconds, Stopping threads took: 0.0000670 seconds
25.563: Application time: 0.2799600 seconds
25.563: [GC [PSYoungGen: 101452K->13794K(102400K)] 154723K->69915K(335360K), 0.0049500 secs] [Times: user=0.04 sys=0.00, real=0.01 secs] 
25.568: Total time for which application threads were stopped: 0.0051270 seconds, Stopping threads took: 0.0000890 seconds
25.846: Application time: 0.2782140 seconds
25.846: [GC [PSYoungGen: 101457K->13795K(102400K)] 157578K->72053K(335360K), 0.0047380 secs] [Times: user=0.04 sys=0.00, real=0.00 secs] 
25.851: Total time for which application threads were stopped: 0.0049220 seconds, Stopping threads took: 0.0000740 seconds
26.139: Application time: 0.2877370 seconds
26.139: [GC [PSYoungGen: 101510K->13795K(102400K)] 159769K->77754K(335360K), 0.0057880 secs] [Times: user=0.05 sys=0.00, real=0.01 secs] 
26.145: Total time for which application threads were stopped: 0.0059360 seconds, Stopping threads took: 0.0000610 seconds
26.446: Application time: 0.3006970 seconds
26.446: [GC [PSYoungGen: 101476K->13762K(102400K)] 165435K->81997K(335360K), 0.0053030 secs] [Times: user=0.03 sys=0.00, real=0.00 secs] 
26.451: Total time for which application threads were stopped: 0.0054980 seconds, Stopping threads took: 0.0000970 seconds
26.758: Application time: 0.3071430 seconds
26.758: [GC [PSYoungGen: 101423K->13794K(102400K)] 169658K->85592K(335360K), 0.0052200 secs] [Times: user=0.04 sys=0.00, real=0.01 secs] 
26.764: Total time for which application threads were stopped: 0.0053920 seconds, Stopping threads took: 0.0000880 seconds
26.906: Application time: 0.1427470 seconds
26.906: [GC [PSYoungGen: 101511K->13826K(102400K)] 173308K->88474K(335360K), 0.0049810 secs] [Times: user=0.04 sys=0.00, real=0.00 secs] 
26.912: Total time for which application threads were stopped: 0.0051510 seconds, Stopping threads took: 0.0000850 seconds
26.962: Application time: 0.0502180 seconds
26.962: [GC [PSYoungGen: 101539K->13826K(102400K)] 176187K->92749K(335360K), 0.0054700 secs] [Times: user=0.04 sys=0.00, real=0.01 secs] 
26.967: Total time for which application threads were stopped: 0.0056560 seconds, Stopping threads took: 0.0000850 seconds
27.030: Application time: 0.0622280 seconds
27.030: [GC [PSYoungGen: 101510K->13826K(102400K)] 180433K->94886K(335360K), 0.0049440 secs] [Times: user=0.03 sys=0.00, real=0.00 secs] 
27.035: Total time for which application threads were stopped: 0.0051120 seconds, Stopping threads took: 0.0000790 seconds
27.105: Application time: 0.0706530 seconds
27.106: [GC [PSYoungGen: 101624K->13953K(102400K)] 182684K->95014K(335360K), 0.0041600 secs] [Times: user=0.03 sys=0.00, real=0.00 secs] 
27.110: Total time for which application threads were stopped: 0.0043270 seconds, Stopping threads took: 0.0000810 seconds
27.145: Application time: 0.0348600 seconds
27.145: [GC [PSYoungGen: 101754K->14065K(102400K)] 182815K->102964K(335360K), 0.0063590 secs] [Times: user=0.05 sys=0.00, real=0.00 secs] 
27.151: Total time for which application threads were stopped: 0.0065990 seconds, Stopping threads took: 0.0001210 seconds
27.179: Application time: 0.0275500 seconds
27.179: [GC [PSYoungGen: 101740K->14001K(102400K)] 190639K->107887K(335360K), 0.0054710 secs] [Times: user=0.04 sys=0.00, real=0.01 secs] 
27.185: Total time for which application threads were stopped: 0.0058020 seconds, Stopping threads took: 0.0002420 seconds
27.211: Application time: 0.0268320 seconds
27.212: [GC [PSYoungGen: 101678K->14002K(102400K)] 195564K->110738K(335360K), 0.0052860 secs] [Times: user=0.03 sys=0.00, real=0.01 secs] 
27.217: Total time for which application threads were stopped: 0.0055770 seconds, Stopping threads took: 0.0001930 seconds
27.245: Application time: 0.0285320 seconds
27.246: [GC [PSYoungGen: 101695K->14034K(102400K)] 198431K->115758K(335360K), 0.0056300 secs] [Times: user=0.04 sys=0.00, real=0.00 secs] 
27.251: Total time for which application threads were stopped: 0.0058790 seconds, Stopping threads took: 0.0001630 seconds
27.279: Application time: 0.0280310 seconds
27.280: [GC [PSYoungGen: 101710K->14002K(102400K)] 203434K->119289K(335360K), 0.0051960 secs] [Times: user=0.04 sys=0.00, real=0.01 secs] 
27.285: Total time for which application threads were stopped: 0.0055180 seconds, Stopping threads took: 0.0002370 seconds
27.314: Application time: 0.0295560 seconds
27.315: [GC [PSYoungGen: 101686K->14019K(102400K)] 206973K->122156K(335360K), 0.0050460 secs] [Times: user=0.03 sys=0.00, real=0.01 secs] 
27.320: Total time for which application threads were stopped: 0.0052910 seconds, Stopping threads took: 0.0001590 seconds
27.346: Application time: 0.0262170 seconds
27.346: [GC [PSYoungGen: 101721K->13987K(102400K)] 209858K->127825K(335360K), 0.0058810 secs] [Times: user=0.04 sys=0.00, real=0.00 secs] 
27.352: Total time for which application threads were stopped: 0.0060800 seconds, Stopping threads took: 0.0001110 seconds
27.381: Application time: 0.0291150 seconds
27.381: [GC [PSYoungGen: 101665K->13986K(102400K)] 215503K->128536K(335360K), 0.0045780 secs] [Times: user=0.04 sys=0.00, real=0.01 secs] 
27.386: Total time for which application threads were stopped: 0.0047520 seconds, Stopping threads took: 0.0000890 seconds
27.654: Application time: 0.2679710 seconds
27.654: [GC [PSYoungGen: 101671K->14033K(102400K)] 216221K->133571K(335360K), 0.0055250 secs] [Times: user=0.05 sys=0.00, real=0.01 secs] 
27.660: Total time for which application threads were stopped: 0.0056910 seconds, Stopping threads took: 0.0000710 seconds
28.050: Application time: 0.3903040 seconds
28.050: [GC [PSYoungGen: 101706K->14017K(102400K)] 221244K->137118K(335360K), 0.0050960 secs] [Times: user=0.04 sys=0.00, real=0.00 secs] 
28.055: Total time for which application threads were stopped: 0.0052500 seconds, Stopping threads took: 0.0000600 seconds
28.434: Application time: 0.3785430 seconds
28.434: [GC [PSYoungGen: 101724K->14033K(102400K)] 224825K->144259K(335360K), 0.0060850 secs] [Times: user=0.04 sys=0.00, real=0.01 secs] 
28.440: Total time for which application threads were stopped: 0.0062740 seconds, Stopping threads took: 0.0000900 seconds
28.837: Application time: 0.3971930 seconds
28.837: [GC [PSYoungGen: 101689K->13985K(102400K)] 231915K->147101K(335360K), 0.0049780 secs] [Times: user=0.04 sys=0.00, real=0.00 secs] 
28.842: Total time for which application threads were stopped: 0.0051310 seconds, Stopping threads took: 0.0000700 seconds
29.168: Application time: 0.3258360 seconds
29.168: [GC [PSYoungGen: 101687K->13985K(102400K)] 234803K->150704K(335360K), 0.0050950 secs] [Times: user=0.04 sys=0.00, real=0.00 secs] 
29.173: Total time for which application threads were stopped: 0.0052760 seconds, Stopping threads took: 0.0000860 seconds
29.458: Application time: 0.2848650 seconds
29.458: [GC [PSYoungGen: 101675K->13954K(102400K)] 238394K->157798K(335360K), 0.0062200 secs] [Times: user=0.05 sys=0.00, real=0.01 secs] 
29.465: Total time for which application threads were stopped: 0.0063830 seconds, Stopping threads took: 0.0000690 seconds
29.738: Application time: 0.2732810 seconds
29.738: [GC [PSYoungGen: 101624K->13795K(102400K)] 245468K->161358K(335360K), 0.0052850 secs] [Times: user=0.04 sys=0.00, real=0.01 secs] 
29.743: Total time for which application threads were stopped: 0.0054380 seconds, Stopping threads took: 0.0000590 seconds
30.017: Application time: 0.2740540 seconds
30.018: [GC [PSYoungGen: 101484K->13795K(102400K)] 249047K->165721K(335360K), 0.0053690 secs] [Times: user=0.04 sys=0.01, real=0.00 secs] 
30.023: Total time for which application threads were stopped: 0.0055180 seconds, Stopping threads took: 0.0000670 seconds
30.317: Application time: 0.2940010 seconds
30.317: [GC [PSYoungGen: 101493K->13794K(102400K)] 253419K->172134K(335360K), 0.0059490 secs] [Times: user=0.05 sys=0.00, real=0.00 secs] 
30.323: Total time for which application threads were stopped: 0.0061100 seconds, Stopping threads took: 0.0000690 seconds
30.622: Application time: 0.2985020 seconds
30.622: [GC [PSYoungGen: 101455K->13794K(102400K)] 259795K->175697K(335360K), 0.0053140 secs] [Times: user=0.04 sys=0.00, real=0.01 secs] 
30.627: Total time for which application threads were stopped: 0.0054690 seconds, Stopping threads took: 0.0000700 seconds
30.751: Application time: 0.1244080 seconds
30.752: [GC [PSYoungGen: 101537K->13810K(102400K)] 263439K->176425K(335360K), 0.0043760 secs] [Times: user=0.04 sys=0.00, real=0.01 secs] 
30.756: Total time for which application threads were stopped: 0.0045310 seconds, Stopping threads took: 0.0000690 seconds
30.798: Application time: 0.0422980 seconds
30.798: [GC [PSYoungGen: 101504K->13794K(102400K)] 264119K->181397K(335360K), 0.0057090 secs] [Times: user=0.05 sys=0.00, real=0.01 secs] 
30.804: Total time for which application threads were stopped: 0.0058770 seconds, Stopping threads took: 0.0000810 seconds
30.853: Application time: 0.0486300 seconds
30.853: [GC [PSYoungGen: 101472K->13858K(102400K)] 269076K->184311K(335360K), 0.0052220 secs] [Times: user=0.04 sys=0.00, real=0.01 secs] 
30.858: Total time for which application threads were stopped: 0.0053990 seconds, Stopping threads took: 0.0000750 seconds
30.989: Application time: 0.1311640 seconds
30.990: [GC [PSYoungGen: 101581K->13889K(102400K)] 272035K->188618K(335360K), 0.0055130 secs] [Times: user=0.04 sys=0.00, real=0.00 secs] 
30.995: Total time for which application threads were stopped: 0.0057210 seconds, Stopping threads took: 0.0001170 seconds
31.035: Application time: 0.0400270 seconds
31.035: [GC [PSYoungGen: 101677K->13889K(102400K)] 276405K->195030K(335360K), 0.0061300 secs] [Times: user=0.05 sys=0.00, real=0.00 secs] 
31.041: Total time for which application threads were stopped: 0.0063140 seconds, Stopping threads took: 0.0000940 seconds
31.070: Application time: 0.0287590 seconds
31.070: [GC [PSYoungGen: 101568K->13922K(102400K)] 282710K->197913K(335360K), 0.0050760 secs] [Times: user=0.03 sys=0.00, real=0.01 secs] 
31.075: Total time for which application threads were stopped: 0.0052470 seconds, Stopping threads took: 0.0000850 seconds
31.104: Application time: 0.0285280 seconds
31.104: [GC [PSYoungGen: 101664K->14034K(102400K)] 285656K->200875K(335360K), 0.0051280 secs] [Times: user=0.04 sys=0.00, real=0.00 secs] 
31.109: Total time for which application threads were stopped: 0.0054070 seconds, Stopping threads took: 0.0001930 seconds
31.137: Application time: 0.0271830 seconds
31.137: [GC [PSYoungGen: 101734K->13954K(102400K)] 288575K->204358K(335360K), 0.0052160 secs] [Times: user=0.04 sys=0.00, real=0.00 secs] 
31.142: Total time for which application threads were stopped: 0.0054610 seconds, Stopping threads took: 0.0001600 seconds
31.169: Application time: 0.0267890 seconds
31.171: [GC [PSYoungGen: 101648K->14002K(102400K)] 292052K->208682K(335360K), 0.0055100 secs] [Times: user=0.04 sys=0.00, real=0.01 secs] 
31.177: Total time for which application threads were stopped: 0.0079650 seconds, Stopping threads took: 0.0023700 seconds
31.205: Application time: 0.0280830 seconds
31.205: [GC [PSYoungGen: 101671K->14018K(102400K)] 296350K->212973K(335360K), 0.0055410 secs] [Times: user=0.04 sys=0.00, real=0.00 secs] 
31.211: Total time for which application threads were stopped: 0.0057180 seconds, Stopping threads took: 0.0000900 seconds
31.240: Application time: 0.0298360 seconds
31.241: [GC [PSYoungGen: 101719K->14002K(102400K)] 300674K->216519K(335360K), 0.0054050 secs] [Times: user=0.04 sys=0.00, real=0.01 secs] 
31.246: Total time for which application threads were stopped: 0.0055730 seconds, Stopping threads took: 0.0000820 seconds
31.287: Application time: 0.0406070 seconds
31.291: [GC [PSYoungGen: 101689K->14050K(102400K)] 304207K->219418K(335360K), 0.0053480 secs] [Times: user=0.04 sys=0.00, real=0.01 secs] 
31.297: Total time for which application threads were stopped: 0.0099950 seconds, Stopping threads took: 0.0045550 seconds
31.463: Application time: 0.1660110 seconds
31.463: [GC [PSYoungGen: 101731K->13873K(102400K)] 307099K->223516K(335360K), 0.0056010 secs] [Times: user=0.04 sys=0.00, real=0.01 secs] 
31.468: Total time for which application threads were stopped: 0.0057600 seconds, Stopping threads took: 0.0000620 seconds
31.827: Application time: 0.3588900 seconds
31.827: [GC [PSYoungGen: 101546K->13953K(102400K)] 311189K->227871K(335360K), 0.0054830 secs] [Times: user=0.04 sys=0.00, real=0.00 secs] 
31.833: Total time for which application threads were stopped: 0.0056370 seconds, Stopping threads took: 0.0000650 seconds
32.179: Application time: 0.3463020 seconds
32.179: [GC [PSYoungGen: 101652K->13921K(102400K)] 315570K->233540K(335360K), 0.0059490 secs] [Times: user=0.05 sys=0.00, real=0.01 secs] 
32.185: Total time for which application threads were stopped: 0.0061200 seconds, Stopping threads took: 0.0000750 seconds
32.599: Application time: 0.4139510 seconds
32.599: [GC [PSYoungGen: 101586K->13857K(102400K)] 321204K->238559K(335360K), 0.0056350 secs] [Times: user=0.04 sys=0.00, real=0.01 secs] 
32.605: Total time for which application threads were stopped: 0.0057820 seconds, Stopping threads took: 0.0000620 seconds
32.930: Application time: 0.3249580 seconds
32.930: [GC [PSYoungGen: 101534K->13985K(102400K)] 326236K->243675K(335360K), 0.0056520 secs] [Times: user=0.04 sys=0.00, real=0.01 secs] 
32.936: [Full GC [PSYoungGen: 13985K->0K(102400K)] [ParOldGen: 229689K->29766K(232960K)] 243675K->29766K(335360K) [PSPermGen: 6077K->6077K(21504K)], 0.0119060 secs] [Times: user=0.07 sys=0.00, real=0.01 secs] 
32.948: Total time for which application threads were stopped: 0.0177710 seconds, Stopping threads took: 0.0000660 seconds
33.245: Application time: 0.2966870 seconds
33.245: [GC [PSYoungGen: 87715K->13762K(102400K)] 117482K->49941K(335360K), 0.0057950 secs] [Times: user=0.04 sys=0.00, real=0.00 secs] 
33.251: Total time for which application threads were stopped: 0.0059800 seconds, Stopping threads took: 0.0000970 seconds
33.540: Application time: 0.2892790 seconds
33.540: [GC [PSYoungGen: 101432K->13762K(102400K)] 137611K->52792K(335360K), 0.0049280 secs] [Times: user=0.04 sys=0.00, real=0.01 secs] 
33.545: Total time for which application threads were stopped: 0.0050920 seconds, Stopping threads took: 0.0000700 seconds
33.830: Application time: 0.2852710 seconds
33.830: [GC [PSYoungGen: 101443K->13795K(102400K)] 140473K->57100K(335360K), 0.0053270 secs] [Times: user=0.04 sys=0.00, real=0.01 secs] 
33.836: Total time for which application threads were stopped: 0.0054850 seconds, Stopping threads took: 0.0000720 seconds
34.135: Application time: 0.2991630 seconds
34.135: [GC [PSYoungGen: 101501K->13795K(102400K)] 144806K->64225K(335360K), 0.0061210 secs] [Times: user=0.05 sys=0.00, real=0.01 secs] 
34.141: Total time for which application threads were stopped: 0.0062790 seconds, Stopping threads took: 0.0000630 seconds
34.439: Application time: 0.2975660 seconds
34.439: [GC [PSYoungGen: 101456K->13794K(102400K)] 151887K->67075K(335360K), 0.0049530 secs] [Times: user=0.03 sys=0.00, real=0.01 secs] 
34.444: Total time for which application threads were stopped: 0.0051100 seconds, Stopping threads took: 0.0000730 seconds
34.559: Application time: 0.1147280 seconds
34.559: [GC [PSYoungGen: 101510K->13794K(102400K)] 154791K->70638K(335360K), 0.0054660 secs] [Times: user=0.04 sys=0.00, real=0.01 secs] 
34.564: Total time for which application threads were stopped: 0.0056370 seconds, Stopping threads took: 0.0000830 seconds
34.618: Application time: 0.0541860 seconds
34.618: [GC [PSYoungGen: 101509K->13858K(102400K)] 158352K->74265K(335360K), 0.0052730 secs] [Times: user=0.04 sys=0.00, real=0.01 secs] 
34.624: Total time for which application threads were stopped: 0.0054300 seconds, Stopping threads took: 0.0000680 seconds
34.688: Application time: 0.0645630 seconds
34.688: [GC [PSYoungGen: 101537K->13858K(102400K)] 161944K->77115K(335360K), 0.0051100 secs] [Times: user=0.04 sys=0.00, real=0.00 secs] 
34.694: Total time for which application threads were stopped: 0.0052900 seconds, Stopping threads took: 0.0000820 seconds
34.838: Application time: 0.1446040 seconds
34.838: [GC [PSYoungGen: 101581K->13857K(102400K)] 164838K->80677K(335360K), 0.0052820 secs] [Times: user=0.04 sys=0.00, real=0.01 secs] 
34.844: Total time for which application threads were stopped: 0.0054600 seconds, Stopping threads took: 0.0000900 seconds
34.917: Application time: 0.0729870 seconds
34.917: [GC [PSYoungGen: 101535K->13794K(102400K)] 168354K->84176K(335360K), 0.0053040 secs] [Times: user=0.04 sys=0.00, real=0.00 secs] 
34.922: Total time for which application threads were stopped: 0.0054700 seconds, Stopping threads took: 0.0000800 seconds
34.969: Application time: 0.0465790 seconds
34.969: [GC [PSYoungGen: 101177K->11880K(102400K)] 171559K->82262K(335360K), 0.0036950 secs] [Times: user=0.03 sys=0.00, real=0.00 secs] 
34.973: Total time for which application threads were stopped: 0.0038830 seconds, Stopping threads took: 0.0001010 seconds
35.001: Application time: 0.0287500 seconds
35.002: [GC [PSYoungGen: 99337K->13921K(102400K)] 169719K->91428K(335360K), 0.0061130 secs] [Times: user=0.04 sys=0.00, real=0.01 secs] 
35.008: Total time for which application threads were stopped: 0.0063670 seconds, Stopping threads took: 0.0001670 seconds
35.039: Application time: 0.0312140 seconds
35.039: [GC [PSYoungGen: 101594K->14017K(102400K)] 179101K->95087K(335360K), 0.0051330 secs] [Times: user=0.04 sys=0.01, real=0.01 secs] 
35.044: Total time for which application threads were stopped: 0.0053560 seconds, Stopping threads took: 0.0001320 seconds
35.077: Application time: 0.0321940 seconds
35.077: [GC [PSYoungGen: 101689K->14018K(102400K)] 182759K->97225K(335360K), 0.0047410 secs] [Times: user=0.04 sys=0.00, real=0.00 secs] 
35.081: Total time for which application threads were stopped: 0.0049090 seconds, Stopping threads took: 0.0000800 seconds
35.110: Application time: 0.0282280 seconds
35.110: [GC [PSYoungGen: 101722K->14019K(102400K)] 184929K->102926K(335360K), 0.0058120 secs] [Times: user=0.04 sys=0.00, real=0.01 secs] 
35.116: Total time for which application threads were stopped: 0.0060130 seconds, Stopping threads took: 0.0001150 seconds
35.144: Application time: 0.0287680 seconds
35.145: [GC [PSYoungGen: 101683K->13987K(102400K)] 190591K->105745K(335360K), 0.0050950 secs] [Times: user=0.04 sys=0.00, real=0.00 secs] 
35.150: Total time for which application threads were stopped: 0.0052680 seconds, Stopping threads took: 0.0000840 seconds
35.176: Application time: 0.0262560 seconds
35.176: [GC [PSYoungGen: 101685K->13954K(102400K)] 193443K->107138K(335360K), 0.0046310 secs] [Times: user=0.03 sys=0.00, real=0.00 secs] 
35.181: Total time for which application threads were stopped: 0.0051380 seconds, Stopping threads took: 0.0004190 seconds
35.274: Application time: 0.0924190 seconds
35.274: [GC [PSYoungGen: 101655K->14049K(102400K)] 194839K->111508K(335360K), 0.0052810 secs] [Times: user=0.04 sys=0.00, real=0.01 secs] 
35.279: Total time for which application threads were stopped: 0.0054660 seconds, Stopping threads took: 0.0000900 seconds
35.649: Application time: 0.3703490 seconds
35.649: [GC [PSYoungGen: 101722K->14017K(102400K)] 199181K->115751K(335360K), 0.0053210 secs] [Times: user=0.04 sys=0.00, real=0.00 secs] 
35.655: Total time for which application threads were stopped: 0.0054640 seconds, Stopping threads took: 0.0000590 seconds
36.033: Application time: 0.3782290 seconds
36.033: [GC [PSYoungGen: 101690K->14017K(102400K)] 203424K->119314K(335360K), 0.0051300 secs] [Times: user=0.04 sys=0.00, real=0.01 secs] 
36.038: Total time for which application threads were stopped: 0.0052890 seconds, Stopping threads took: 0.0000640 seconds
36.431: Application time: 0.3928880 seconds
36.431: [GC [PSYoungGen: 101707K->13985K(102400K)] 207003K->125022K(335360K), 0.0057190 secs] [Times: user=0.05 sys=0.00, real=0.01 secs] 
36.437: Total time for which application threads were stopped: 0.0058700 seconds, Stopping threads took: 0.0000660 seconds
36.788: Application time: 0.3508010 seconds
36.788: [GC [PSYoungGen: 101662K->13985K(102400K)] 212699K->128624K(335360K), 0.0051710 secs] [Times: user=0.04 sys=0.00, real=0.00 secs] 
36.793: Total time for which application threads were stopped: 0.0053320 seconds, Stopping threads took: 0.0000660 seconds
37.093: Application time: 0.2999590 seconds
37.093: [GC [PSYoungGen: 101687K->13954K(102400K)] 216326K->132868K(335360K), 0.0052770 secs] [Times: user=0.04 sys=0.00, real=0.01 secs] 
37.099: Total time for which application threads were stopped: 0.0055340 seconds, Stopping threads took: 0.0001750 seconds
37.378: Application time: 0.2789620 seconds
37.378: [GC [PSYoungGen: 101631K->13954K(102400K)] 220545K->138601K(335360K), 0.0058720 secs] [Times: user=0.04 sys=0.00, real=0.01 secs] 
37.384: Total time for which application threads were stopped: 0.0060550 seconds, Stopping threads took: 0.0000870 seconds
37.676: Application time: 0.2919230 seconds
37.676: [GC [PSYoungGen: 101634K->13955K(102400K)] 226281K->141452K(335360K), 0.0050030 secs] [Times: user=0.04 sys=0.00, real=0.00 secs] 
37.681: Total time for which application threads were stopped: 0.0051650 seconds, Stopping threads took: 0.0000750 seconds
37.975: Application time: 0.2941290 seconds
37.975: [GC [PSYoungGen: 101653K->13795K(102400K)] 229150K->147881K(335360K), 0.0061170 secs] [Times: user=0.04 sys=0.00, real=0.01 secs] 
37.981: Total time for which application threads were stopped: 0.0062990 seconds, Stopping threads took: 0.0000820 seconds
38.280: Application time: 0.2982820 seconds
38.280: [GC [PSYoungGen: 101509K->13762K(102400K)] 235596K->151412K(335360K), 0.0050670 secs] [Times: user=0.02 sys=0.00, real=0.01 secs] 
38.285: Total time for which application threads were stopped: 0.0052160 seconds, Stopping threads took: 0.0000660 seconds
38.361: Application time: 0.0758580 seconds
38.361: [GC [PSYoungGen: 101439K->13794K(102400K)] 239088K->155006K(335360K), 0.0053060 secs] [Times: user=0.04 sys=0.00, real=0.01 secs] 
38.366: Total time for which application threads were stopped: 0.0054840 seconds, Stopping threads took: 0.0000880 seconds
38.410: Application time: 0.0438520 seconds
38.410: [GC [PSYoungGen: 101516K->13826K(102400K)] 242729K->158601K(335360K), 0.0052030 secs] [Times: user=0.04 sys=0.00, real=0.01 secs] 
38.415: Total time for which application threads were stopped: 0.0053840 seconds, Stopping threads took: 0.0000920 seconds
38.483: Application time: 0.0674630 seconds
38.483: [GC [PSYoungGen: 101515K->13826K(102400K)] 246290K->162164K(335360K), 0.0053280 secs] [Times: user=0.03 sys=0.00, real=0.01 secs] 
38.488: Total time for which application threads were stopped: 0.0055150 seconds, Stopping threads took: 0.0000930 seconds
38.665: Application time: 0.1765600 seconds
38.665: [GC [PSYoungGen: 101541K->13858K(102400K)] 249879K->165758K(335360K), 0.0052340 secs] [Times: user=0.04 sys=0.00, real=0.00 secs] 
38.670: Total time for which application threads were stopped: 0.0054110 seconds, Stopping threads took: 0.0000900 seconds
38.749: Application time: 0.0785090 seconds
38.749: [GC [PSYoungGen: 101534K->13794K(102400K)] 253435K->169257K(335360K), 0.0053840 secs] [Times: user=0.04 sys=0.00, real=0.00 secs] 
38.754: Total time for which application threads were stopped: 0.0055810 seconds, Stopping threads took: 0.0001020 seconds
38.860: Application time: 0.1056780 seconds
38.860: [GC [PSYoungGen: 101518K->13889K(102400K)] 256981K->172915K(335360K), 0.0052140 secs] [Times: user=0.04 sys=0.00, real=0.01 secs] 
38.865: Total time for which application threads were stopped: 0.0053800 seconds, Stopping threads took: 0.0000840 seconds
38.914: Application time: 0.0487200 seconds
38.915: [GC [PSYoungGen: 101889K->14001K(102400K)] 260914K->173740K(335360K), 0.0045750 secs] [Times: user=0.03 sys=0.00, real=0.00 secs] 
38.920: Total time for which application threads were stopped: 0.0056870 seconds, Stopping threads took: 0.0010250 seconds
38.943: Application time: 0.0233450 seconds
38.944: [GC [PSYoungGen: 101471K->13905K(102400K)] 261209K->177206K(335360K), 0.0054360 secs] [Times: user=0.04 sys=0.00, real=0.00 secs] 
38.949: Total time for which application threads were stopped: 0.0058370 seconds, Stopping threads took: 0.0003120 seconds
38.974: Application time: 0.0253180 seconds
38.975: [GC [PSYoungGen: 101626K->13986K(102400K)] 264927K->180850K(335360K), 0.0053470 secs] [Times: user=0.04 sys=0.00, real=0.01 secs] 
38.980: Total time for which application threads were stopped: 0.0055980 seconds, Stopping threads took: 0.0001620 seconds
39.006: Application time: 0.0262000 seconds
39.006: [GC [PSYoungGen: 101669K->13986K(102400K)] 268533K->182988K(335360K), 0.0049090 secs] [Times: user=0.04 sys=0.00, real=0.00 secs] 
39.011: Total time for which application threads were stopped: 0.0050980 seconds, Stopping threads took: 0.0000910 seconds
39.037: Application time: 0.0251980 seconds
39.037: [GC [PSYoungGen: 101660K->13954K(102400K)] 270661K->185805K(335360K), 0.0050590 secs] [Times: user=0.04 sys=0.00, real=0.00 secs] 
39.042: Total time for which application threads were stopped: 0.0052830 seconds, Stopping threads took: 0.0001360 seconds
39.070: Application time: 0.0278290 seconds
39.071: [GC [PSYoungGen: 101646K->13970K(102400K)] 273497K->188671K(335360K), 0.0051040 secs] [Times: user=0.04 sys=0.00, real=0.01 secs] 
39.076: Total time for which application threads were stopped: 0.0067200 seconds, Stopping threads took: 0.0015240 seconds
39.097: Application time: 0.0206810 seconds
39.097: [GC [PSYoungGen: 101656K->14018K(102400K)] 276357K->190144K(335360K), 0.0048570 secs] [Times: user=0.03 sys=0.00, real=0.00 secs] 
39.102: Total time for which application threads were stopped: 0.0050320 seconds, Stopping threads took: 0.0000870 seconds
39.419: Application time: 0.3170430 seconds
39.419: [GC [PSYoungGen: 101701K->14017K(102400K)] 277828K->195132K(335360K), 0.0056690 secs] [Times: user=0.04 sys=0.00, real=0.01 secs] 
39.425: Total time for which application threads were stopped: 0.0058210 seconds, Stopping threads took: 0.0000630 seconds
39.802: Application time: 0.3767100 seconds
39.802: [GC [PSYoungGen: 101682K->13985K(102400K)] 282796K->198702K(335360K), 0.0052940 secs] [Times: user=0.04 sys=0.01, real=0.01 secs] 
39.807: Total time for which application threads were stopped: 0.0054470 seconds, Stopping threads took: 0.0000590 seconds
40.193: Application time: 0.3854620 seconds
40.193: [GC [PSYoungGen: 101683K->14017K(102400K)] 286400K->205859K(335360K), 0.0062670 secs] [Times: user=0.05 sys=0.00, real=0.01 secs] 
40.199: Total time for which application threads were stopped: 0.0064110 seconds, Stopping threads took: 0.0000590 seconds
40.561: Application time: 0.3618570 seconds
40.561: [GC [PSYoungGen: 101694K->13889K(102400K)] 293536K->210055K(335360K), 0.0055640 secs] [Times: user=0.03 sys=0.00, real=0.01 secs] 
40.567: Total time for which application threads were stopped: 0.0057190 seconds, Stopping threads took: 0.0000610 seconds
40.897: Application time: 0.3303780 seconds
40.897: [GC [PSYoungGen: 101582K->13954K(102400K)] 297748K->214394K(335360K), 0.0054860 secs] [Times: user=0.04 sys=0.00, real=0.00 secs] 
40.903: Total time for which application threads were stopped: 0.0056680 seconds, Stopping threads took: 0.0000950 seconds
41.185: Application time: 0.2825280 seconds
41.185: [GC [PSYoungGen: 101643K->13890K(102400K)] 302083K->221496K(335360K), 0.0062490 secs] [Times: user=0.05 sys=0.00, real=0.00 secs] 
41.192: Total time for which application threads were stopped: 0.0064130 seconds, Stopping threads took: 0.0000650 seconds
41.472: Application time: 0.2799590 seconds
41.472: [GC [PSYoungGen: 101561K->13842K(102400K)] 309167K->225724K(335360K), 0.0054880 secs] [Times: user=0.04 sys=0.00, real=0.01 secs] 
41.477: Total time for which application threads were stopped: 0.0056310 seconds, Stopping threads took: 0.0000600 seconds
41.739: Application time: 0.2614680 seconds
41.739: [GC [PSYoungGen: 101531K->13811K(102400K)] 313413K->230015K(335360K), 0.0055010 secs] [Times: user=0.05 sys=0.00, real=0.01 secs] 
41.744: Total time for which application threads were stopped: 0.0056660 seconds, Stopping threads took: 0.0000700 seconds
42.030: Application time: 0.2859400 seconds
42.030: [GC [PSYoungGen: 101541K->13858K(102400K)] 317746K->237301K(335360K), 0.0063190 secs] [Times: user=0.05 sys=0.00, real=0.01 secs] 
42.037: Total time for which application threads were stopped: 0.0064740 seconds, Stopping threads took: 0.0000710 seconds
42.072: Application time: 0.0349470 seconds
42.072: [GC [PSYoungGen: 101532K->13794K(102400K)] 324975K->239375K(335360K), 0.0049790 secs] [Times: user=0.04 sys=0.00, real=0.01 secs] 
42.077: [Full GC [PSYoungGen: 13794K->0K(102400K)] [ParOldGen: 225580K->29769K(232960K)] 239375K->29769K(335360K) [PSPermGen: 6083K->6083K(21504K)], 0.0194280 secs] [Times: user=0.11 sys=0.00, real=0.02 secs] 
42.096: Total time for which application threads were stopped: 0.0246120 seconds, Stopping threads took: 0.0000670 seconds
42.163: Application time: 0.0665640 seconds
42.163: [GC [PSYoungGen: 87727K->12985K(102400K)] 117496K->42755K(335360K), 0.0039870 secs] [Times: user=0.03 sys=0.00, real=0.01 secs] 
42.167: Total time for which application threads were stopped: 0.0041610 seconds, Stopping threads took: 0.0000870 seconds
42.198: Application time: 0.0312840 seconds
42.198: [GC [PSYoungGen: 100662K->14315K(102400K)] 130432K->48399K(335360K), 0.0058090 secs] [Times: user=0.04 sys=0.00, real=0.01 secs] 
42.204: Total time for which application threads were stopped: 0.0059990 seconds, Stopping threads took: 0.0000980 seconds
42.496: Application time: 0.2915970 seconds
42.496: [GC [PSYoungGen: 101984K->14314K(102400K)] 136069K->51257K(335360K), 0.0050870 secs] [Times: user=0.04 sys=0.00, real=0.00 secs] 
42.501: Total time for which application threads were stopped: 0.0052430 seconds, Stopping threads took: 0.0000590 seconds
42.565: Application time: 0.0643770 seconds
42.566: [GC [PSYoungGen: 102029K->13746K(102400K)] 138971K->54251K(335360K), 0.0053690 secs] [Times: user=0.04 sys=0.00, real=0.00 secs] 
42.571: Total time for which application threads were stopped: 0.0055320 seconds, Stopping threads took: 0.0000750 seconds
42.707: Application time: 0.1357550 seconds
42.707: [GC [PSYoungGen: 101428K->13697K(102400K)] 141934K->57765K(335360K), 0.0051670 secs] [Times: user=0.04 sys=0.00, real=0.00 secs] 
42.712: Total time for which application threads were stopped: 0.0053110 seconds, Stopping threads took: 0.0000590 seconds
42.808: Application time: 0.0960080 seconds
42.809: [GC [PSYoungGen: 101164K->13113K(102400K)] 145232K->57181K(335360K), 0.0040290 secs] [Times: user=0.03 sys=0.00, real=0.00 secs] 
42.814: Total time for which application threads were stopped: 0.0054540 seconds, Stopping threads took: 0.0013390 seconds
42.840: Application time: 0.0267110 seconds
42.840: [GC [PSYoungGen: 101151K->13890K(102400K)] 145219K->60808K(335360K), 0.0049990 secs] [Times: user=0.04 sys=0.00, real=0.01 secs] 
42.845: Total time for which application threads were stopped: 0.0052150 seconds, Stopping threads took: 0.0001260 seconds
42.870: Application time: 0.0245270 seconds
42.871: [GC [PSYoungGen: 101326K->13938K(102400K)] 148244K->61568K(335360K), 0.0044270 secs] [Times: user=0.03 sys=0.00, real=0.01 secs] 
42.875: Total time for which application threads were stopped: 0.0052610 seconds, Stopping threads took: 0.0007420 seconds
42.899: Application time: 0.0240350 seconds
42.900: [GC [PSYoungGen: 101907K->13954K(102400K)] 149538K->65859K(335360K), 0.0054950 secs] [Times: user=0.04 sys=0.01, real=0.01 secs] 
42.905: Total time for which application threads were stopped: 0.0060130 seconds, Stopping threads took: 0.0004280 seconds
42.929: Application time: 0.0240260 seconds
42.930: [GC [PSYoungGen: 101647K->13954K(102400K)] 153553K->68710K(335360K), 0.0050660 secs] [Times: user=0.04 sys=0.00, real=0.00 secs] 
42.935: Total time for which application threads were stopped: 0.0058030 seconds, Stopping threads took: 0.0006430 seconds
42.957: Application time: 0.0223010 seconds
42.958: [GC [PSYoungGen: 101625K->13906K(102400K)] 156381K->70087K(335360K), 0.0045600 secs] [Times: user=0.03 sys=0.00, real=0.00 secs] 
42.962: Total time for which application threads were stopped: 0.0049070 seconds, Stopping threads took: 0.0002610 seconds
42.990: Application time: 0.0277880 seconds
42.990: [GC [PSYoungGen: 101601K->13922K(102400K)] 157782K->72240K(335360K), 0.0049470 secs] [Times: user=0.03 sys=0.00, real=0.01 secs] 
42.995: Total time for which application threads were stopped: 0.0051520 seconds, Stopping threads took: 0.0001170 seconds
43.160: Application time: 0.1646030 seconds
43.160: [GC [PSYoungGen: 101612K->13889K(102400K)] 159930K->77908K(335360K), 0.0057380 secs] [Times: user=0.04 sys=0.00, real=0.01 secs] 
43.166: Total time for which application threads were stopped: 0.0059060 seconds, Stopping threads took: 0.0000720 seconds
43.535: Application time: 0.3691980 seconds
43.535: [GC [PSYoungGen: 101554K->13953K(102400K)] 165572K->82247K(335360K), 0.0053810 secs] [Times: user=0.04 sys=0.00, real=0.00 secs] 
43.541: Total time for which application threads were stopped: 0.0055410 seconds, Stopping threads took: 0.0000720 seconds
43.938: Application time: 0.3969530 seconds
43.938: [GC [PSYoungGen: 101660K->13953K(102400K)] 169954K->87235K(335360K), 0.0053820 secs] [Times: user=0.04 sys=0.00, real=0.00 secs] 
43.943: Total time for which application threads were stopped: 0.0055300 seconds, Stopping threads took: 0.0000520 seconds
44.313: Application time: 0.3695080 seconds
44.313: [GC [PSYoungGen: 101620K->13890K(102400K)] 174901K->92879K(335360K), 0.0057920 secs] [Times: user=0.05 sys=0.00, real=0.01 secs] 
44.319: Total time for which application threads were stopped: 0.0059570 seconds, Stopping threads took: 0.0000810 seconds
44.648: Application time: 0.3296780 seconds
44.648: [GC [PSYoungGen: 101557K->13986K(102400K)] 180547K->97250K(335360K), 0.0053700 secs] [Times: user=0.04 sys=0.00, real=0.00 secs] 
44.654: Total time for which application threads were stopped: 0.0055290 seconds, Stopping threads took: 0.0000630 seconds
44.944: Application time: 0.2901000 seconds
44.944: [GC [PSYoungGen: 101712K->13938K(102400K)] 184976K->103616K(335360K), 0.0059970 secs] [Times: user=0.04 sys=0.00, real=0.00 secs] 
44.950: Total time for which application threads were stopped: 0.0061490 seconds, Stopping threads took: 0.0000610 seconds
45.240: Application time: 0.2903200 seconds
45.240: [GC [PSYoungGen: 101599K->13922K(102400K)] 191277K->107203K(335360K), 0.0050790 secs] [Times: user=0.04 sys=0.00, real=0.01 secs] 
45.246: Total time for which application threads were stopped: 0.0052370 seconds, Stopping threads took: 0.0000640 seconds
45.522: Application time: 0.2765570 seconds
45.522: [GC [PSYoungGen: 101594K->13794K(102400K)] 194874K->111350K(335360K), 0.0055040 secs] [Times: user=0.04 sys=0.00, real=0.01 secs] 
45.528: Total time for which application threads were stopped: 0.0056810 seconds, Stopping threads took: 0.0000930 seconds
45.784: Application time: 0.2562900 seconds
45.784: [GC [PSYoungGen: 101543K->13826K(102400K)] 199099K->118632K(335360K), 0.0062520 secs] [Times: user=0.05 sys=0.00, real=0.00 secs] 
45.791: Total time for which application threads were stopped: 0.0064070 seconds, Stopping threads took: 0.0000640 seconds
45.828: Application time: 0.0377940 seconds
45.828: [GC [PSYoungGen: 101504K->13795K(102400K)] 206310K->119361K(335360K), 0.0045540 secs] [Times: user=0.04 sys=0.00, real=0.00 secs] 
45.833: Total time for which application threads were stopped: 0.0047160 seconds, Stopping threads took: 0.0000780 seconds
45.867: Application time: 0.0339440 seconds
45.867: [GC [PSYoungGen: 101513K->13826K(102400K)] 207080K->123012K(335360K), 0.0053390 secs] [Times: user=0.03 sys=0.00, real=0.00 secs] 
45.873: Total time for which application threads were stopped: 0.0055230 seconds, Stopping threads took: 0.0000980 seconds
45.915: Application time: 0.0427550 seconds
45.915: [GC [PSYoungGen: 101510K->13858K(102400K)] 210695K->123043K(335360K), 0.0041920 secs] [Times: user=0.03 sys=0.00, real=0.00 secs] 
45.920: Total time for which application threads were stopped: 0.0043420 seconds, Stopping threads took: 0.0000670 seconds
46.226: Application time: 0.3060110 seconds
46.226: [GC [PSYoungGen: 101518K->13826K(102400K)] 210703K->127286K(335360K), 0.0053990 secs] [Times: user=0.04 sys=0.00, real=0.00 secs] 
46.231: Total time for which application threads were stopped: 0.0055610 seconds, Stopping threads took: 0.0000700 seconds
46.338: Application time: 0.1068230 seconds
46.338: [GC [PSYoungGen: 101542K->13810K(102400K)] 215002K->130833K(335360K), 0.0053500 secs] [Times: user=0.04 sys=0.00, real=0.01 secs] 
46.344: Total time for which application threads were stopped: 0.0055360 seconds, Stopping threads took: 0.0000840 seconds
46.444: Application time: 0.1003570 seconds
46.444: [GC [PSYoungGen: 101493K->13890K(102400K)] 218516K->133763K(335360K), 0.0050290 secs] [Times: user=0.04 sys=0.00, real=0.00 secs] 
46.449: Total time for which application threads were stopped: 0.0051840 seconds, Stopping threads took: 0.0000640 seconds
46.535: Application time: 0.0857170 seconds
46.535: [GC [PSYoungGen: 101640K->13921K(102400K)] 221513K->135932K(335360K), 0.0048420 secs] [Times: user=0.04 sys=0.00, real=0.01 secs] 
46.540: Total time for which application threads were stopped: 0.0050170 seconds, Stopping threads took: 0.0000870 seconds
46.563: Application time: 0.0232100 seconds
46.563: [GC [PSYoungGen: 101609K->13890K(102400K)] 223620K->138038K(335360K), 0.0049700 secs] [Times: user=0.03 sys=0.00, real=0.00 secs] 
46.568: Total time for which application threads were stopped: 0.0052840 seconds, Stopping threads took: 0.0002260 seconds
46.593: Application time: 0.0246260 seconds
46.593: [GC [PSYoungGen: 101569K->13890K(102400K)] 225717K->140176K(335360K), 0.0050200 secs] [Times: user=0.03 sys=0.00, real=0.01 secs] 
46.598: Total time for which application threads were stopped: 0.0051750 seconds, Stopping threads took: 0.0000690 seconds
46.719: Application time: 0.1210650 seconds
46.719: [GC [PSYoungGen: 101395K->14001K(102400K)] 227682K->143138K(335360K), 0.0051850 secs] [Times: user=0.04 sys=0.00, real=0.01 secs] 
46.725: Total time for which application threads were stopped: 0.0053480 seconds, Stopping threads took: 0.0000760 seconds
46.753: Application time: 0.0284810 seconds
46.753: [GC [PSYoungGen: 101943K->13938K(102400K)] 231079K->145924K(335360K), 0.0051230 secs] [Times: user=0.04 sys=0.00, real=0.01 secs] 
46.758: Total time for which application threads were stopped: 0.0053010 seconds, Stopping threads took: 0.0000900 seconds
46.788: Application time: 0.0295440 seconds
46.788: [GC [PSYoungGen: 101624K->13986K(102400K)] 233610K->146692K(335360K), 0.0045940 secs] [Times: user=0.02 sys=0.01, real=0.00 secs] 
46.793: Total time for which application threads were stopped: 0.0047590 seconds, Stopping threads took: 0.0000730 seconds
46.843: Application time: 0.0502890 seconds
46.843: [GC [PSYoungGen: 101711K->13889K(102400K)] 234417K->150871K(335360K), 0.0056670 secs] [Times: user=0.04 sys=0.01, real=0.01 secs] 
46.849: Total time for which application threads were stopped: 0.0058800 seconds, Stopping threads took: 0.0001110 seconds
46.882: Application time: 0.0332010 seconds
46.882: [GC [PSYoungGen: 101577K->14017K(102400K)] 238559K->152424K(335360K), 0.0045370 secs] [Times: user=0.03 sys=0.00, real=0.01 secs] 
46.887: Total time for which application threads were stopped: 0.0047120 seconds, Stopping threads took: 0.0000800 seconds
47.263: Application time: 0.3760430 seconds
47.263: [GC [PSYoungGen: 101673K->13921K(102400K)] 240080K->155939K(335360K), 0.0051770 secs] [Times: user=0.03 sys=0.00, real=0.00 secs] 
47.268: Total time for which application threads were stopped: 0.0057180 seconds, Stopping threads took: 0.0004560 seconds
47.640: Application time: 0.3717560 seconds
47.640: [GC [PSYoungGen: 101611K->13857K(102400K)] 243629K->160862K(335360K), 0.0056410 secs] [Times: user=0.04 sys=0.00, real=0.01 secs] 
47.646: Total time for which application threads were stopped: 0.0058160 seconds, Stopping threads took: 0.0000820 seconds
48.010: Application time: 0.3640820 seconds
48.010: [GC [PSYoungGen: 101551K->13921K(102400K)] 248556K->168100K(335360K), 0.0062040 secs] [Times: user=0.05 sys=0.00, real=0.01 secs] 
48.017: Total time for which application threads were stopped: 0.0063510 seconds, Stopping threads took: 0.0000600 seconds
48.364: Application time: 0.3471490 seconds
48.364: [GC [PSYoungGen: 101597K->13954K(102400K)] 255776K->171695K(335360K), 0.0051680 secs] [Times: user=0.04 sys=0.00, real=0.00 secs] 
48.369: Total time for which application threads were stopped: 0.0053190 seconds, Stopping threads took: 0.0000560 seconds
48.672: Application time: 0.3025510 seconds
48.672: [GC [PSYoungGen: 101657K->13874K(102400K)] 259398K->177315K(335360K), 0.0058480 secs] [Times: user=0.04 sys=0.00, real=0.01 secs] 
48.678: Total time for which application threads were stopped: 0.0060060 seconds, Stopping threads took: 0.0000720 seconds
48.949: Application time: 0.2712480 seconds
48.949: [GC [PSYoungGen: 101546K->13858K(102400K)] 264987K->183048K(335360K), 0.0058550 secs] [Times: user=0.04 sys=0.00, real=0.00 secs] 
48.955: Total time for which application threads were stopped: 0.0060160 seconds, Stopping threads took: 0.0000690 seconds
49.228: Application time: 0.2736240 seconds
49.229: [GC [PSYoungGen: 101538K->13923K(102400K)] 270728K->187388K(335360K), 0.0054250 secs] [Times: user=0.04 sys=0.00, real=0.00 secs] 
49.234: Total time for which application threads were stopped: 0.0055770 seconds, Stopping threads took: 0.0000680 seconds
49.531: Application time: 0.2969700 seconds
49.531: [GC [PSYoungGen: 101611K->13858K(102400K)] 275076K->190955K(335360K), 0.0052190 secs] [Times: user=0.04 sys=0.00, real=0.01 secs] 
49.536: Total time for which application threads were stopped: 0.0053700 seconds, Stopping threads took: 0.0000570 seconds
49.608: Application time: 0.0718220 seconds
49.608: [GC [PSYoungGen: 101409K->13939K(102400K)] 278506K->193173K(335360K), 0.0049820 secs] [Times: user=0.04 sys=0.00, real=0.00 secs] 
49.613: Total time for which application threads were stopped: 0.0051640 seconds, Stopping threads took: 0.0000960 seconds
49.645: Application time: 0.0321210 seconds
49.646: [GC [PSYoungGen: 101833K->13890K(102400K)] 281068K->196687K(335360K), 0.0052510 secs] [Times: user=0.04 sys=0.00, real=0.00 secs] 
49.651: Total time for which application threads were stopped: 0.0053950 seconds, Stopping threads took: 0.0000650 seconds
49.684: Application time: 0.0335950 seconds
49.685: [GC [PSYoungGen: 101569K->13859K(102400K)] 284366K->197444K(335360K), 0.0046350 secs] [Times: user=0.03 sys=0.00, real=0.00 secs] 
49.689: Total time for which application threads were stopped: 0.0048030 seconds, Stopping threads took: 0.0000800 seconds
49.958: Application time: 0.2686130 seconds
49.958: [GC [PSYoungGen: 101529K->13890K(102400K)] 285114K->200326K(335360K), 0.0050230 secs] [Times: user=0.04 sys=0.00, real=0.00 secs] 
49.963: Total time for which application threads were stopped: 0.0051780 seconds, Stopping threads took: 0.0000680 seconds
50.070: Application time: 0.1072730 seconds
50.070: [GC [PSYoungGen: 101607K->13794K(102400K)] 288043K->203792K(335360K), 0.0053930 secs] [Times: user=0.04 sys=0.00, real=0.01 secs] 
50.076: Total time for which application threads were stopped: 0.0055700 seconds, Stopping threads took: 0.0000810 seconds
50.163: Application time: 0.0871140 seconds
50.163: [GC [PSYoungGen: 101479K->13890K(102400K)] 291478K->206066K(335360K), 0.0048950 secs] [Times: user=0.04 sys=0.01, real=0.01 secs] 
50.168: Total time for which application threads were stopped: 0.0050520 seconds, Stopping threads took: 0.0000690 seconds
50.285: Application time: 0.1170010 seconds
50.285: [GC [PSYoungGen: 101605K->13890K(102400K)] 293781K->209628K(335360K), 0.0054680 secs] [Times: user=0.04 sys=0.00, real=0.00 secs] 
50.291: Total time for which application threads were stopped: 0.0056510 seconds, Stopping threads took: 0.0000950 seconds
50.340: Application time: 0.0497460 seconds
50.341: [GC [PSYoungGen: 101614K->13889K(102400K)] 297353K->211766K(335360K), 0.0050500 secs] [Times: user=0.03 sys=0.00, real=0.01 secs] 
50.346: Total time for which application threads were stopped: 0.0052250 seconds, Stopping threads took: 0.0000850 seconds
50.382: Application time: 0.0364910 seconds
50.382: [GC [PSYoungGen: 101568K->13922K(102400K)] 299444K->214648K(335360K), 0.0052410 secs] [Times: user=0.03 sys=0.00, real=0.01 secs] 
50.388: Total time for which application threads were stopped: 0.0054190 seconds, Stopping threads took: 0.0000910 seconds
50.510: Application time: 0.1222040 seconds
50.510: [GC [PSYoungGen: 101640K->13857K(102400K)] 302367K->218859K(335360K), 0.0056320 secs] [Times: user=0.04 sys=0.00, real=0.01 secs] 
50.516: Total time for which application threads were stopped: 0.0058040 seconds, Stopping threads took: 0.0000810 seconds
50.547: Application time: 0.0309820 seconds
50.547: [GC [PSYoungGen: 101364K->14002K(102400K)] 306366K->219003K(335360K), 0.0044500 secs] [Times: user=0.03 sys=0.00, real=0.00 secs] 
50.551: Total time for which application threads were stopped: 0.0046250 seconds, Stopping threads took: 0.0000900 seconds
50.590: Application time: 0.0385200 seconds
50.590: [GC [PSYoungGen: 101907K->13986K(102400K)] 306909K->221124K(335360K), 0.0049720 secs] [Times: user=0.03 sys=0.01, real=0.01 secs] 
50.595: Total time for which application threads were stopped: 0.0056800 seconds, Stopping threads took: 0.0005850 seconds
50.645: Application time: 0.0499050 seconds
50.645: [GC [PSYoungGen: 101711K->13969K(102400K)] 308850K->226808K(335360K), 0.0060500 secs] [Times: user=0.04 sys=0.00, real=0.00 secs] 
50.652: Total time for which application threads were stopped: 0.0062340 seconds, Stopping threads took: 0.0000990 seconds
50.689: Application time: 0.0371050 seconds
50.689: [GC [PSYoungGen: 101648K->13986K(102400K)] 314487K->227537K(335360K), 0.0046750 secs] [Times: user=0.03 sys=0.00, real=0.00 secs] 
50.694: Total time for which application threads were stopped: 0.0048450 seconds, Stopping threads took: 0.0000780 seconds
50.973: Application time: 0.2795120 seconds
50.973: [GC [PSYoungGen: 101653K->13985K(102400K)] 315204K->231100K(335360K), 0.0053200 secs] [Times: user=0.04 sys=0.00, real=0.01 secs] 
50.979: Total time for which application threads were stopped: 0.0054730 seconds, Stopping threads took: 0.0000690 seconds
51.355: Application time: 0.3767800 seconds
51.355: [GC [PSYoungGen: 101667K->13921K(102400K)] 318781K->235387K(335360K), 0.0055320 secs] [Times: user=0.04 sys=0.00, real=0.00 secs] 
51.361: Total time for which application threads were stopped: 0.0056930 seconds, Stopping threads took: 0.0000650 seconds
51.715: Application time: 0.3542610 seconds
51.715: [GC [PSYoungGen: 101623K->13985K(102400K)] 323089K->241863K(335360K), 0.0060110 secs] [Times: user=0.04 sys=0.00, real=0.00 secs] 
51.721: [Full GC [PSYoungGen: 13985K->0K(102400K)] [ParOldGen: 227878K->29056K(232960K)] 241863K->29056K(335360K) [PSPermGen: 6085K->6085K(21504K)], 0.0114810 secs] [Times: user=0.07 sys=0.00, real=0.01 secs] 
51.733: Total time for which application threads were stopped: 0.0176910 seconds, Stopping threads took: 0.0000590 seconds
52.105: Application time: 0.3725270 seconds
52.106: [GC [PSYoungGen: 87666K->14314K(102400K)] 116722K->44812K(335360K), 0.0046870 secs] [Times: user=0.03 sys=0.00, real=0.00 secs] 
52.110: Total time for which application threads were stopped: 0.0048460 seconds, Stopping threads took: 0.0000600 seconds
52.423: Application time: 0.3128250 seconds
52.423: [GC [PSYoungGen: 102019K->13794K(102400K)] 132517K->49280K(335360K), 0.0052850 secs] [Times: user=0.04 sys=0.00, real=0.00 secs] 
52.429: Total time for which application threads were stopped: 0.0054500 seconds, Stopping threads took: 0.0000820 seconds
52.719: Application time: 0.2906360 seconds
52.719: [GC [PSYoungGen: 101475K->13794K(102400K)] 136960K->54268K(335360K), 0.0054870 secs] [Times: user=0.04 sys=0.00, real=0.01 secs] 
52.725: Total time for which application threads were stopped: 0.0056820 seconds, Stopping threads took: 0.0001000 seconds
53.024: Application time: 0.2989100 seconds
53.024: [GC [PSYoungGen: 101465K->13794K(102400K)] 141938K->57831K(335360K), 0.0050920 secs] [Times: user=0.03 sys=0.00, real=0.00 secs] 
53.029: Total time for which application threads were stopped: 0.0052390 seconds, Stopping threads took: 0.0000610 seconds
53.327: Application time: 0.2979280 seconds
53.327: [GC [PSYoungGen: 101482K->13762K(102400K)] 145519K->62075K(335360K), 0.0053110 secs] [Times: user=0.03 sys=0.01, real=0.00 secs] 
53.333: Total time for which application threads were stopped: 0.0054790 seconds, Stopping threads took: 0.0000750 seconds
53.376: Application time: 0.0430680 seconds
53.376: [GC [PSYoungGen: 101525K->13794K(102400K)] 149837K->65669K(335360K), 0.0053350 secs] [Times: user=0.04 sys=0.00, real=0.00 secs] 
53.381: Total time for which application threads were stopped: 0.0056940 seconds, Stopping threads took: 0.0002680 seconds
53.405: Application time: 0.0241620 seconds
53.406: [GC [PSYoungGen: 101467K->13827K(102400K)] 153342K->68552K(335360K), 0.0050560 secs] [Times: user=0.03 sys=0.00, real=0.00 secs] 
53.411: Total time for which application threads were stopped: 0.0052280 seconds, Stopping threads took: 0.0000820 seconds
53.439: Application time: 0.0283930 seconds
53.439: [GC [PSYoungGen: 101515K->13827K(102400K)] 156240K->71402K(335360K), 0.0051370 secs] [Times: user=0.04 sys=0.00, real=0.01 secs] 
53.444: Total time for which application threads were stopped: 0.0053320 seconds, Stopping threads took: 0.0001000 seconds
53.740: Application time: 0.2958210 seconds
53.740: [GC [PSYoungGen: 101506K->13858K(102400K)] 159081K->76421K(335360K), 0.0054970 secs] [Times: user=0.04 sys=0.00, real=0.01 secs] 
53.746: Total time for which application threads were stopped: 0.0056470 seconds, Stopping threads took: 0.0000630 seconds
53.961: Application time: 0.2154190 seconds
53.961: [GC [PSYoungGen: 101566K->13858K(102400K)] 164130K->78559K(335360K), 0.0048540 secs] [Times: user=0.04 sys=0.00, real=0.01 secs] 
53.966: Total time for which application threads were stopped: 0.0050280 seconds, Stopping threads took: 0.0000810 seconds
53.999: Application time: 0.0322230 seconds
53.999: [GC [PSYoungGen: 101534K->13890K(102400K)] 166235K->81441K(335360K), 0.0051910 secs] [Times: user=0.04 sys=0.00, real=0.01 secs] 
54.004: Total time for which application threads were stopped: 0.0053970 seconds, Stopping threads took: 0.0001150 seconds
54.091: Application time: 0.0872880 seconds
54.091: [GC [PSYoungGen: 101609K->13810K(102400K)] 169160K->86348K(335360K), 0.0057700 secs] [Times: user=0.04 sys=0.00, real=0.01 secs] 
54.097: Total time for which application threads were stopped: 0.0059630 seconds, Stopping threads took: 0.0001060 seconds
54.151: Application time: 0.0536850 seconds
54.151: [GC [PSYoungGen: 101538K->13906K(102400K)] 174077K->88582K(335360K), 0.0049290 secs] [Times: user=0.04 sys=0.00, real=0.01 secs] 
54.156: Total time for which application threads were stopped: 0.0050820 seconds, Stopping threads took: 0.0000690 seconds
54.192: Application time: 0.0363900 seconds
54.192: [GC [PSYoungGen: 101578K->13922K(102400K)] 176254K->90736K(335360K), 0.0050140 secs] [Times: user=0.03 sys=0.00, real=0.01 secs] 
54.198: Total time for which application threads were stopped: 0.0051770 seconds, Stopping threads took: 0.0000790 seconds
54.369: Application time: 0.1715970 seconds
54.369: [GC [PSYoungGen: 101494K->14001K(102400K)] 178308K->92953K(335360K), 0.0049320 secs] [Times: user=0.04 sys=0.00, real=0.00 secs] 
54.374: Total time for which application threads were stopped: 0.0050880 seconds, Stopping threads took: 0.0000700 seconds
54.400: Application time: 0.0262290 seconds
54.401: [GC [PSYoungGen: 101884K->13953K(102400K)] 180836K->96475K(335360K), 0.0053030 secs] [Times: user=0.04 sys=0.00, real=0.01 secs] 
54.406: Total time for which application threads were stopped: 0.0055760 seconds, Stopping threads took: 0.0001840 seconds
54.430: Application time: 0.0242410 seconds
54.430: [GC [PSYoungGen: 101631K->13970K(102400K)] 184154K->98629K(335360K), 0.0049060 secs] [Times: user=0.03 sys=0.00, real=0.01 secs] 
54.435: Total time for which application threads were stopped: 0.0050680 seconds, Stopping threads took: 0.0000700 seconds
54.497: Application time: 0.0616940 seconds
54.497: [GC [PSYoungGen: 101662K->13985K(102400K)] 186322K->100791K(335360K), 0.0047620 secs] [Times: user=0.03 sys=0.00, real=0.00 secs] 
54.502: Total time for which application threads were stopped: 0.0049230 seconds, Stopping threads took: 0.0000610 seconds
54.570: Application time: 0.0684050 seconds
54.571: [GC [PSYoungGen: 101702K->13986K(102400K)] 188507K->105066K(335360K), 0.0055050 secs] [Times: user=0.04 sys=0.00, real=0.01 secs] 
54.576: Total time for which application threads were stopped: 0.0056930 seconds, Stopping threads took: 0.0001020 seconds
54.737: Application time: 0.1611690 seconds
54.737: [GC [PSYoungGen: 101669K->14017K(102400K)] 192749K->108660K(335360K), 0.0052030 secs] [Times: user=0.04 sys=0.00, real=0.00 secs] 
54.743: Total time for which application threads were stopped: 0.0053510 seconds, Stopping threads took: 0.0000610 seconds
55.130: Application time: 0.3873990 seconds
55.130: [GC [PSYoungGen: 101699K->13889K(102400K)] 196341K->112895K(335360K), 0.0054340 secs] [Times: user=0.04 sys=0.00, real=0.01 secs] 
55.136: Total time for which application threads were stopped: 0.0056010 seconds, Stopping threads took: 0.0000680 seconds
55.489: Application time: 0.3531360 seconds
55.489: [GC [PSYoungGen: 101592K->13905K(102400K)] 200598K->119324K(335360K), 0.0059920 secs] [Times: user=0.04 sys=0.00, real=0.00 secs] 
55.495: Total time for which application threads were stopped: 0.0061430 seconds, Stopping threads took: 0.0000660 seconds
55.847: Application time: 0.3522110 seconds
55.847: [GC [PSYoungGen: 101571K->13986K(102400K)] 206990K->123679K(335360K), 0.0053660 secs] [Times: user=0.04 sys=0.00, real=0.00 secs] 
55.853: Total time for which application threads were stopped: 0.0055290 seconds, Stopping threads took: 0.0000650 seconds
56.176: Application time: 0.3236380 seconds
56.176: [GC [PSYoungGen: 101682K->13954K(102400K)] 211376K->128636K(335360K), 0.0056070 secs] [Times: user=0.04 sys=0.00, real=0.00 secs] 
56.182: Total time for which application threads were stopped: 0.0057570 seconds, Stopping threads took: 0.0000650 seconds
56.492: Application time: 0.3103350 seconds
56.492: [GC [PSYoungGen: 101643K->13922K(102400K)] 216325K->135057K(335360K), 0.0060310 secs] [Times: user=0.04 sys=0.00, real=0.01 secs] 
56.499: Total time for which application threads were stopped: 0.0061900 seconds, Stopping threads took: 0.0000590 seconds
56.773: Application time: 0.2742110 seconds
56.773: [GC [PSYoungGen: 101592K->13954K(102400K)] 222727K->137227K(335360K), 0.0047560 secs] [Times: user=0.03 sys=0.00, real=0.01 secs] 
56.778: Total time for which application threads were stopped: 0.0049270 seconds, Stopping threads took: 0.0000860 seconds
57.069: Application time: 0.2911670 seconds
57.069: [GC [PSYoungGen: 101634K->13890K(102400K)] 224906K->141478K(335360K), 0.0053560 secs] [Times: user=0.04 sys=0.00, real=0.00 secs] 
57.074: Total time for which application threads were stopped: 0.0055120 seconds, Stopping threads took: 0.0000590 seconds
57.166: Application time: 0.0917740 seconds
57.166: [GC [PSYoungGen: 101609K->13890K(102400K)] 229197K->145081K(335360K), 0.0053600 secs] [Times: user=0.04 sys=0.00, real=0.00 secs] 
57.172: Total time for which application threads were stopped: 0.0055380 seconds, Stopping threads took: 0.0000820 seconds
57.210: Application time: 0.0380290 seconds
57.211: [GC [PSYoungGen: 101626K->12465K(102400K)] 232817K->143656K(335360K), 0.0056070 secs] [Times: user=0.04 sys=0.00, real=0.01 secs] 
57.216: Total time for which application threads were stopped: 0.0066540 seconds, Stopping threads took: 0.0009610 seconds
57.252: Application time: 0.0353010 seconds
57.252: [GC [PSYoungGen: 100151K->13779K(102400K)] 231342K->149325K(335360K), 0.0057020 secs] [Times: user=0.05 sys=0.00, real=0.01 secs] 
57.258: Total time for which application threads were stopped: 0.0059230 seconds, Stopping threads took: 0.0001270 seconds
57.483: Application time: 0.2255700 seconds
57.483: [GC [PSYoungGen: 101460K->13842K(102400K)] 237006K->155089K(335360K), 0.0057520 secs] [Times: user=0.04 sys=0.00, real=0.00 secs] 
57.489: Total time for which application threads were stopped: 0.0058990 seconds, Stopping threads took: 0.0000600 seconds
57.671: Application time: 0.1819700 seconds
57.671: [GC [PSYoungGen: 101550K->13826K(102400K)] 242797K->158635K(335360K), 0.0054300 secs] [Times: user=0.04 sys=0.00, real=0.01 secs] 
57.677: Total time for which application threads were stopped: 0.0056340 seconds, Stopping threads took: 0.0000950 seconds
57.708: Application time: 0.0312950 seconds
57.708: [GC [PSYoungGen: 101503K->13858K(102400K)] 246312K->160805K(335360K), 0.0049490 secs] [Times: user=0.04 sys=0.00, real=0.00 secs] 
57.713: Total time for which application threads were stopped: 0.0051750 seconds, Stopping threads took: 0.0001380 seconds
57.794: Application time: 0.0807610 seconds
57.794: [GC [PSYoungGen: 101581K->13874K(102400K)] 248528K->165144K(335360K), 0.0056390 secs] [Times: user=0.04 sys=0.00, real=0.01 secs] 
57.800: Total time for which application threads were stopped: 0.0058290 seconds, Stopping threads took: 0.0001040 seconds
57.912: Application time: 0.1118830 seconds
57.913: [GC [PSYoungGen: 101788K->13954K(102400K)] 253058K->166649K(335360K), 0.0045780 secs] [Times: user=0.03 sys=0.00, real=0.01 secs] 
57.917: Total time for which application threads were stopped: 0.0055680 seconds, Stopping threads took: 0.0009000 seconds
57.963: Application time: 0.0453090 seconds
57.963: [GC [PSYoungGen: 101437K->13874K(102400K)] 254132K->170132K(335360K), 0.0054830 secs] [Times: user=0.04 sys=0.00, real=0.01 secs] 
57.968: Total time for which application threads were stopped: 0.0056660 seconds, Stopping threads took: 0.0000990 seconds
58.128: Application time: 0.1600800 seconds
58.128: [GC [PSYoungGen: 101566K->13921K(102400K)] 257824K->173030K(335360K), 0.0049440 secs] [Times: user=0.03 sys=0.00, real=0.00 secs] 
58.133: Total time for which application threads were stopped: 0.0051070 seconds, Stopping threads took: 0.0000740 seconds
58.232: Application time: 0.0985350 seconds
58.232: [GC [PSYoungGen: 101644K->13857K(102400K)] 260752K->177953K(335360K), 0.0058310 secs] [Times: user=0.04 sys=0.00, real=0.01 secs] 
58.238: Total time for which application threads were stopped: 0.0060010 seconds, Stopping threads took: 0.0000720 seconds
58.278: Application time: 0.0400980 seconds
58.278: [GC [PSYoungGen: 101576K->13953K(102400K)] 265672K->180187K(335360K), 0.0049990 secs] [Times: user=0.04 sys=0.00, real=0.00 secs] 
58.283: Total time for which application threads were stopped: 0.0051870 seconds, Stopping threads took: 0.0000880 seconds
58.318: Application time: 0.0348980 seconds
58.318: [GC [PSYoungGen: 101498K->14050K(102400K)] 267731K->180283K(335360K), 0.0044820 secs] [Times: user=0.03 sys=0.00, real=0.00 secs] 
58.323: Total time for which application threads were stopped: 0.0046550 seconds, Stopping threads took: 0.0000860 seconds
58.355: Application time: 0.0321510 seconds
58.355: [GC [PSYoungGen: 101905K->14017K(102400K)] 268138K->183101K(335360K), 0.0051360 secs] [Times: user=0.03 sys=0.00, real=0.01 secs] 
58.360: Total time for which application threads were stopped: 0.0053080 seconds, Stopping threads took: 0.0000890 seconds
58.471: Application time: 0.1110060 seconds
58.471: [GC [PSYoungGen: 101702K->14017K(102400K)] 270786K->186663K(335360K), 0.0052630 secs] [Times: user=0.04 sys=0.00, real=0.01 secs] 
58.477: Total time for which application threads were stopped: 0.0054200 seconds, Stopping threads took: 0.0000720 seconds
58.854: Application time: 0.3771600 seconds
58.854: [GC [PSYoungGen: 101690K->13985K(102400K)] 274336K->190946K(335360K), 0.0053490 secs] [Times: user=0.04 sys=0.00, real=0.01 secs] 
58.859: Total time for which application threads were stopped: 0.0055170 seconds, Stopping threads took: 0.0000750 seconds
59.210: Application time: 0.3505670 seconds
59.210: [GC [PSYoungGen: 101684K->13921K(102400K)] 278645K->196631K(335360K), 0.0061300 secs] [Times: user=0.04 sys=0.00, real=0.01 secs] 
59.216: Total time for which application threads were stopped: 0.0062800 seconds, Stopping threads took: 0.0000630 seconds
59.565: Application time: 0.3492790 seconds
59.566: [GC [PSYoungGen: 101587K->13954K(102400K)] 284296K->201650K(335360K), 0.0056140 secs] [Times: user=0.04 sys=0.00, real=0.00 secs] 
59.571: Total time for which application threads were stopped: 0.0057730 seconds, Stopping threads took: 0.0000640 seconds
59.908: Application time: 0.3363150 seconds
59.908: [GC [PSYoungGen: 101639K->13922K(102400K)] 289336K->206606K(335360K), 0.0056780 secs] [Times: user=0.04 sys=0.00, real=0.00 secs] 
59.913: Total time for which application threads were stopped: 0.0058480 seconds, Stopping threads took: 0.0000840 seconds
60.215: Application time: 0.3016660 seconds
60.215: [GC [PSYoungGen: 101616K->13858K(102400K)] 294301K->212291K(335360K), 0.0058890 secs] [Times: user=0.03 sys=0.00, real=0.00 secs] 
60.221: Total time for which application threads were stopped: 0.0061180 seconds, Stopping threads took: 0.0001350 seconds
60.499: Application time: 0.2782630 seconds
60.500: [GC [PSYoungGen: 101538K->13922K(102400K)] 299971K->217343K(335360K), 0.0056950 secs] [Times: user=0.04 sys=0.00, real=0.01 secs] 
60.505: Total time for which application threads were stopped: 0.0058460 seconds, Stopping threads took: 0.0000660 seconds
60.797: Application time: 0.2911980 seconds
60.797: [GC [PSYoungGen: 101602K->13890K(102400K)] 305023K->221627K(335360K), 0.0054740 secs] [Times: user=0.05 sys=0.00, real=0.00 secs] 
60.802: Total time for which application threads were stopped: 0.0056350 seconds, Stopping threads took: 0.0000570 seconds
60.906: Application time: 0.1040710 seconds
60.906: [GC [PSYoungGen: 101598K->13810K(102400K)] 309334K->225878K(335360K), 0.0056350 secs] [Times: user=0.04 sys=0.00, real=0.00 secs] 
60.912: Total time for which application threads were stopped: 0.0058100 seconds, Stopping threads took: 0.0000860 seconds
60.976: Application time: 0.0641730 seconds
60.976: [GC [PSYoungGen: 101549K->13906K(102400K)] 313617K->227399K(335360K), 0.0048020 secs] [Times: user=0.03 sys=0.00, real=0.00 secs] 
60.981: Total time for which application threads were stopped: 0.0049760 seconds, Stopping threads took: 0.0000890 seconds
61.017: Application time: 0.0362610 seconds
61.018: [GC [PSYoungGen: 101589K->13891K(102400K)] 315082K->230947K(335360K), 0.0054680 secs] [Times: user=0.04 sys=0.00, real=0.00 secs] 
61.023: Total time for which application threads were stopped: 0.0056570 seconds, Stopping threads took: 0.0001000 seconds
61.191: Application time: 0.1678150 seconds
61.191: [GC [PSYoungGen: 101582K->13858K(102400K)] 318638K->235950K(335360K), 0.0056770 secs] [Times: user=0.05 sys=0.00, real=0.01 secs] 
61.197: Total time for which application threads were stopped: 0.0058260 seconds, Stopping threads took: 0.0000670 seconds
61.420: Application time: 0.2234030 seconds
61.420: [GC [PSYoungGen: 101559K->13922K(102400K)] 323651K->239616K(335360K), 0.0054330 secs] [Times: user=0.04 sys=0.00, real=0.01 secs] 
61.426: Total time for which application threads were stopped: 0.0056120 seconds, Stopping threads took: 0.0000790 seconds
61.460: Application time: 0.0339940 seconds
61.460: [GC [PSYoungGen: 101599K->13810K(102400K)] 327293K->240265K(335360K), 0.0047130 secs] [Times: user=0.04 sys=0.00, real=0.01 secs] 
61.465: [Full GC [PSYoungGen: 13810K->0K(102400K)] [ParOldGen: 226455K->29060K(232960K)] 240265K->29060K(335360K) [PSPermGen: 6085K->6085K(21504K)], 0.0118030 secs] [Times: user=0.06 sys=0.00, real=0.01 secs] 
61.477: Total time for which application threads were stopped: 0.0167500 seconds, Stopping threads took: 0.0000880 seconds
61.623: Application time: 0.1464550 seconds
61.624: [GC [PSYoungGen: 87751K->14314K(102400K)] 116811K->47029K(335360K), 0.0054870 secs] [Times: user=0.04 sys=0.00, real=0.00 secs] 
61.629: Total time for which application threads were stopped: 0.0064550 seconds, Stopping threads took: 0.0008790 seconds
61.651: Application time: 0.0212260 seconds
61.651: [GC [PSYoungGen: 101989K->14314K(102400K)] 134704K->49183K(335360K), 0.0050000 secs] [Times: user=0.03 sys=0.00, real=0.01 secs] 
61.656: Total time for which application threads were stopped: 0.0054350 seconds, Stopping threads took: 0.0003470 seconds
61.680: Application time: 0.0242360 seconds
61.681: [GC [PSYoungGen: 102001K->13730K(102400K)] 136869K->49311K(335360K), 0.0044360 secs] [Times: user=0.03 sys=0.00, real=0.01 secs] 
61.685: Total time for which application threads were stopped: 0.0047060 seconds, Stopping threads took: 0.0001820 seconds
61.841: Application time: 0.1560700 seconds
61.841: [GC [PSYoungGen: 101420K->13697K(102400K)] 137001K->53553K(335360K), 0.0053980 secs] [Times: user=0.04 sys=0.00, real=0.01 secs] 
61.847: Total time for which application threads were stopped: 0.0055700 seconds, Stopping threads took: 0.0000860 seconds
62.056: Application time: 0.2093390 seconds
62.056: [GC [PSYoungGen: 101446K->13761K(102400K)] 141302K->57892K(335360K), 0.0058530 secs] [Times: user=0.04 sys=0.00, real=0.00 secs] 
62.062: Total time for which application threads were stopped: 0.0060280 seconds, Stopping threads took: 0.0000470 seconds
62.088: Application time: 0.0261960 seconds
62.088: [GC [PSYoungGen: 101442K->13698K(102400K)] 145573K->59966K(335360K), 0.0055550 secs] [Times: user=0.03 sys=0.00, real=0.00 secs] 
62.094: Total time for which application threads were stopped: 0.0058140 seconds, Stopping threads took: 0.0001430 seconds
62.139: Application time: 0.0448840 seconds
62.144: [GC [PSYoungGen: 101411K->13810K(102400K)] 147680K->63641K(335360K), 0.0052110 secs] [Times: user=0.04 sys=0.00, real=0.00 secs] 
62.149: Total time for which application threads were stopped: 0.0102910 seconds, Stopping threads took: 0.0049690 seconds
62.176: Application time: 0.0268780 seconds
62.176: [GC [PSYoungGen: 101488K->13778K(102400K)] 151319K->64322K(335360K), 0.0047680 secs] [Times: user=0.04 sys=0.00, real=0.00 secs] 
62.181: Total time for which application threads were stopped: 0.0050790 seconds, Stopping threads took: 0.0001970 seconds
62.237: Application time: 0.0562380 seconds
62.238: [GC [PSYoungGen: 101477K->13857K(102400K)] 152021K->65113K(335360K), 0.0042530 secs] [Times: user=0.03 sys=0.00, real=0.00 secs] 
62.242: Total time for which application threads were stopped: 0.0043920 seconds, Stopping threads took: 0.0000560 seconds
62.620: Application time: 0.3786410 seconds
62.621: [GC [PSYoungGen: 101530K->13825K(102400K)] 152786K->70782K(335360K), 0.0056540 secs] [Times: user=0.04 sys=0.00, real=0.01 secs] 
62.626: Total time for which application threads were stopped: 0.0058080 seconds, Stopping threads took: 0.0000570 seconds
62.985: Application time: 0.3582230 seconds
62.985: [GC [PSYoungGen: 101507K->13857K(102400K)] 158463K->76514K(335360K), 0.0056720 secs] [Times: user=0.04 sys=0.00, real=0.00 secs] 
62.990: Total time for which application threads were stopped: 0.0058260 seconds, Stopping threads took: 0.0000650 seconds
63.345: Application time: 0.3542890 seconds
63.345: [GC [PSYoungGen: 101539K->13810K(102400K)] 164195K->82879K(335360K), 0.0059310 secs] [Times: user=0.04 sys=0.00, real=0.00 secs] 
63.351: Total time for which application threads were stopped: 0.0061030 seconds, Stopping threads took: 0.0000700 seconds
63.671: Application time: 0.3205710 seconds
63.671: [GC [PSYoungGen: 101493K->13890K(102400K)] 170562K->88659K(335360K), 0.0057280 secs] [Times: user=0.04 sys=0.00, real=0.01 secs] 
63.677: Total time for which application threads were stopped: 0.0058790 seconds, Stopping threads took: 0.0000660 seconds
64.004: Application time: 0.3271800 seconds
64.005: [GC [PSYoungGen: 101576K->13858K(102400K)] 176346K->92190K(335360K), 0.0051340 secs] [Times: user=0.04 sys=0.00, real=0.00 secs] 
64.010: Total time for which application threads were stopped: 0.0053020 seconds, Stopping threads took: 0.0000700 seconds
64.276: Application time: 0.2665820 seconds
64.276: [GC [PSYoungGen: 101546K->13890K(102400K)] 179878K->97211K(335360K), 0.0055630 secs] [Times: user=0.05 sys=0.00, real=0.00 secs] 
64.282: Total time for which application threads were stopped: 0.0057150 seconds, Stopping threads took: 0.0000680 seconds
64.575: Application time: 0.2934850 seconds
64.576: [GC [PSYoungGen: 101570K->13890K(102400K)] 184890K->101494K(335360K), 0.0053690 secs] [Times: user=0.04 sys=0.00, real=0.00 secs] 
64.581: Total time for which application threads were stopped: 0.0055460 seconds, Stopping threads took: 0.0000800 seconds
64.722: Application time: 0.1412500 seconds
64.722: [GC [PSYoungGen: 101593K->13858K(102400K)] 189197K->105041K(335360K), 0.0053440 secs] [Times: user=0.04 sys=0.00, real=0.01 secs] 
64.728: Total time for which application threads were stopped: 0.0055180 seconds, Stopping threads took: 0.0000810 seconds
64.781: Application time: 0.0530820 seconds
64.781: [GC [PSYoungGen: 101546K->13922K(102400K)] 192729K->105817K(335360K), 0.0043430 secs] [Times: user=0.03 sys=0.00, real=0.01 secs] 
64.785: Total time for which application threads were stopped: 0.0044950 seconds, Stopping threads took: 0.0000660 seconds
64.877: Application time: 0.0916170 seconds
64.877: [GC [PSYoungGen: 101640K->13890K(102400K)] 193535K->109348K(335360K), 0.0053370 secs] [Times: user=0.04 sys=0.00, real=0.00 secs] 
64.883: Total time for which application threads were stopped: 0.0055210 seconds, Stopping threads took: 0.0000970 seconds
64.989: Application time: 0.1068600 seconds
64.989: [GC [PSYoungGen: 101592K->13890K(102400K)] 197050K->112987K(335360K), 0.0051730 secs] [Times: user=0.04 sys=0.00, real=0.00 secs] 
64.995: Total time for which application threads were stopped: 0.0053460 seconds, Stopping threads took: 0.0000880 seconds
65.294: Application time: 0.2994650 seconds
65.294: [GC [PSYoungGen: 101550K->13890K(102400K)] 200647K->115837K(335360K), 0.0049040 secs] [Times: user=0.04 sys=0.00, real=0.01 secs] 
65.299: Total time for which application threads were stopped: 0.0051160 seconds, Stopping threads took: 0.0001170 seconds
65.347: Application time: 0.0479090 seconds
65.347: [GC [PSYoungGen: 101590K->13858K(102400K)] 203537K->117983K(335360K), 0.0049630 secs] [Times: user=0.03 sys=0.00, real=0.00 secs] 
65.352: Total time for which application threads were stopped: 0.0051330 seconds, Stopping threads took: 0.0000780 seconds
65.395: Application time: 0.0422180 seconds
65.395: [GC [PSYoungGen: 101328K->13938K(102400K)] 205453K->120200K(335360K), 0.0049920 secs] [Times: user=0.04 sys=0.00, real=0.01 secs] 
65.400: Total time for which application threads were stopped: 0.0051860 seconds, Stopping threads took: 0.0001050 seconds
65.426: Application time: 0.0265190 seconds
65.426: [GC [PSYoungGen: 101892K->13922K(102400K)] 208154K->122322K(335360K), 0.0049260 secs] [Times: user=0.04 sys=0.00, real=0.00 secs] 
65.431: Total time for which application threads were stopped: 0.0051660 seconds, Stopping threads took: 0.0001500 seconds
65.456: Application time: 0.0250200 seconds
65.457: [GC [PSYoungGen: 101596K->13890K(102400K)] 209996K->123715K(335360K), 0.0048190 secs] [Times: user=0.04 sys=0.00, real=0.00 secs] 
65.461: Total time for which application threads were stopped: 0.0050140 seconds, Stopping threads took: 0.0001100 seconds
65.633: Application time: 0.1712690 seconds
65.633: [GC [PSYoungGen: 101571K->13954K(102400K)] 211396K->128054K(335360K), 0.0053780 secs] [Times: user=0.04 sys=0.00, real=0.01 secs] 
65.638: Total time for which application threads were stopped: 0.0055600 seconds, Stopping threads took: 0.0000870 seconds
65.881: Application time: 0.2426480 seconds
65.881: [GC [PSYoungGen: 101661K->13905K(102400K)] 215761K->132280K(335360K), 0.0055230 secs] [Times: user=0.04 sys=0.00, real=0.01 secs] 
65.887: Total time for which application threads were stopped: 0.0057000 seconds, Stopping threads took: 0.0000770 seconds
65.918: Application time: 0.0311570 seconds
65.918: [GC [PSYoungGen: 101588K->13954K(102400K)] 219963K->134466K(335360K), 0.0050350 secs] [Times: user=0.04 sys=0.00, real=0.00 secs] 
65.923: Total time for which application threads were stopped: 0.0052300 seconds, Stopping threads took: 0.0001070 seconds
65.984: Application time: 0.0613970 seconds
65.985: [GC [PSYoungGen: 101692K->13985K(102400K)] 222204K->138061K(335360K), 0.0053920 secs] [Times: user=0.04 sys=0.00, real=0.00 secs] 
65.990: Total time for which application threads were stopped: 0.0055530 seconds, Stopping threads took: 0.0000750 seconds
66.014: Application time: 0.0238070 seconds
66.014: [GC [PSYoungGen: 101665K->13986K(102400K)] 225741K->139486K(335360K), 0.0047980 secs] [Times: user=0.04 sys=0.00, real=0.01 secs] 
66.019: Total time for which application threads were stopped: 0.0049870 seconds, Stopping threads took: 0.0001000 seconds
66.041: Application time: 0.0220260 seconds
66.041: [GC [PSYoungGen: 101672K->13986K(102400K)] 227173K->141623K(335360K), 0.0050520 secs] [Times: user=0.03 sys=0.00, real=0.01 secs] 
66.046: Total time for which application threads were stopped: 0.0052580 seconds, Stopping threads took: 0.0001210 seconds
66.334: Application time: 0.2881980 seconds
66.334: [GC [PSYoungGen: 101668K->13985K(102400K)] 229306K->145938K(335360K), 0.0054300 secs] [Times: user=0.04 sys=0.00, real=0.01 secs] 
66.340: Total time for which application threads were stopped: 0.0055910 seconds, Stopping threads took: 0.0000760 seconds
66.727: Application time: 0.3866380 seconds
66.727: [GC [PSYoungGen: 101658K->13985K(102400K)] 233611K->149501K(335360K), 0.0052240 secs] [Times: user=0.04 sys=0.00, real=0.00 secs] 
66.732: Total time for which application threads were stopped: 0.0053930 seconds, Stopping threads took: 0.0000730 seconds
67.102: Application time: 0.3698700 seconds
67.102: [GC [PSYoungGen: 101675K->13986K(102400K)] 237191K->155241K(335360K), 0.0057790 secs] [Times: user=0.04 sys=0.00, real=0.01 secs] 
67.108: Total time for which application threads were stopped: 0.0059320 seconds, Stopping threads took: 0.0000680 seconds
67.456: Application time: 0.3485750 seconds
67.456: [GC [PSYoungGen: 101669K->13954K(102400K)] 242925K->159485K(335360K), 0.0054720 secs] [Times: user=0.04 sys=0.00, real=0.00 secs] 
67.462: Total time for which application threads were stopped: 0.0056350 seconds, Stopping threads took: 0.0000690 seconds
67.781: Application time: 0.3186930 seconds
67.781: [GC [PSYoungGen: 101631K->13954K(102400K)] 247162K->163048K(335360K), 0.0052060 secs] [Times: user=0.04 sys=0.00, real=0.01 secs] 
67.786: Total time for which application threads were stopped: 0.0053520 seconds, Stopping threads took: 0.0000620 seconds
68.071: Application time: 0.2853220 seconds
68.071: [GC [PSYoungGen: 101641K->13906K(102400K)] 250735K->168036K(335360K), 0.0055680 secs] [Times: user=0.04 sys=0.00, real=0.01 secs] 
68.077: Total time for which application threads were stopped: 0.0057270 seconds, Stopping threads took: 0.0000660 seconds
68.356: Application time: 0.2793640 seconds
68.357: [GC [PSYoungGen: 101594K->13858K(102400K)] 255724K->172340K(335360K), 0.0054510 secs] [Times: user=0.04 sys=0.00, real=0.00 secs] 
68.362: Total time for which application threads were stopped: 0.0056250 seconds, Stopping threads took: 0.0000870 seconds
68.553: Application time: 0.1909480 seconds
68.553: [GC [PSYoungGen: 101559K->13810K(102400K)] 260040K->176567K(335360K), 0.0055780 secs] [Times: user=0.05 sys=0.00, real=0.01 secs] 
68.559: Total time for which application threads were stopped: 0.0057550 seconds, Stopping threads took: 0.0000800 seconds
68.588: Application time: 0.0293590 seconds
68.588: [GC [PSYoungGen: 101486K->13858K(102400K)] 264242K->178753K(335360K), 0.0050230 secs] [Times: user=0.04 sys=0.00, real=0.00 secs] 
68.593: Total time for which application threads were stopped: 0.0052110 seconds, Stopping threads took: 0.0000890 seconds
68.793: Application time: 0.2000540 seconds
68.794: [GC [PSYoungGen: 101579K->13922K(102400K)] 266473K->183805K(335360K), 0.0057270 secs] [Times: user=0.04 sys=0.00, real=0.01 secs] 
68.799: Total time for which application threads were stopped: 0.0059150 seconds, Stopping threads took: 0.0001000 seconds
68.831: Application time: 0.0318500 seconds
68.831: [GC [PSYoungGen: 101612K->13858K(102400K)] 271495K->186639K(335360K), 0.0052130 secs] [Times: user=0.04 sys=0.00, real=0.01 secs] 
68.837: Total time for which application threads were stopped: 0.0054270 seconds, Stopping threads took: 0.0001270 seconds
69.073: Application time: 0.2368220 seconds
69.074: [GC [PSYoungGen: 101530K->13890K(102400K)] 274310K->190233K(335360K), 0.0053200 secs] [Times: user=0.04 sys=0.00, real=0.01 secs] 
69.079: Total time for which application threads were stopped: 0.0054770 seconds, Stopping threads took: 0.0000720 seconds
69.139: Application time: 0.0604510 seconds
69.139: [GC [PSYoungGen: 101593K->13874K(102400K)] 277936K->193148K(335360K), 0.0052530 secs] [Times: user=0.03 sys=0.00, real=0.01 secs] 
69.145: Total time for which application threads were stopped: 0.0054330 seconds, Stopping threads took: 0.0000830 seconds
69.183: Application time: 0.0385830 seconds
69.183: [GC [PSYoungGen: 101593K->13890K(102400K)] 280866K->195301K(335360K), 0.0050140 secs] [Times: user=0.04 sys=0.00, real=0.00 secs] 
69.189: Total time for which application threads were stopped: 0.0051710 seconds, Stopping threads took: 0.0000730 seconds
69.216: Application time: 0.0273310 seconds
69.216: [GC [PSYoungGen: 101592K->13890K(102400K)] 283003K->196727K(335360K), 0.0047300 secs] [Times: user=0.03 sys=0.00, real=0.00 secs] 
69.221: Total time for which application threads were stopped: 0.0049250 seconds, Stopping threads took: 0.0001120 seconds
69.247: Application time: 0.0258700 seconds
69.247: [GC [PSYoungGen: 101568K->13890K(102400K)] 284404K->197439K(335360K), 0.0046880 secs] [Times: user=0.03 sys=0.00, real=0.00 secs] 
69.252: Total time for which application threads were stopped: 0.0048610 seconds, Stopping threads took: 0.0000850 seconds
69.406: Application time: 0.1544850 seconds
69.406: [GC [PSYoungGen: 101572K->13922K(102400K)] 285122K->201033K(335360K), 0.0051940 secs] [Times: user=0.04 sys=0.00, real=0.00 secs] 
69.411: Total time for which application threads were stopped: 0.0053470 seconds, Stopping threads took: 0.0000670 seconds
69.694: Application time: 0.2828990 seconds
69.694: [GC [PSYoungGen: 101621K->13825K(102400K)] 288733K->205212K(335360K), 0.0056240 secs] [Times: user=0.04 sys=0.00, real=0.01 secs] 
69.700: Total time for which application threads were stopped: 0.0058100 seconds, Stopping threads took: 0.0000880 seconds
69.732: Application time: 0.0319830 seconds
69.732: [GC [PSYoungGen: 101531K->13953K(102400K)] 292918K->206053K(335360K), 0.0045760 secs] [Times: user=0.03 sys=0.00, real=0.01 secs] 
69.737: Total time for which application threads were stopped: 0.0047790 seconds, Stopping threads took: 0.0001140 seconds
69.759: Application time: 0.0219640 seconds
69.759: [GC [PSYoungGen: 101642K->13841K(102400K)] 293741K->210216K(335360K), 0.0056480 secs] [Times: user=0.04 sys=0.00, real=0.01 secs] 
69.765: Total time for which application threads were stopped: 0.0058250 seconds, Stopping threads took: 0.0000910 seconds
69.831: Application time: 0.0663990 seconds
69.831: [GC [PSYoungGen: 101559K->14049K(102400K)] 297934K->211849K(335360K), 0.0046330 secs] [Times: user=0.04 sys=0.00, real=0.01 secs] 
69.836: Total time for which application threads were stopped: 0.0048960 seconds, Stopping threads took: 0.0001740 seconds
69.873: Application time: 0.0372020 seconds
69.873: [GC [PSYoungGen: 101725K->13986K(102400K)] 299524K->214635K(335360K), 0.0052270 secs] [Times: user=0.04 sys=0.00, real=0.01 secs] 
69.879: Total time for which application threads were stopped: 0.0054000 seconds, Stopping threads took: 0.0000870 seconds
70.097: Application time: 0.2182100 seconds
70.097: [GC [PSYoungGen: 101672K->13985K(102400K)] 302321K->217525K(335360K), 0.0050310 secs] [Times: user=0.04 sys=0.00, real=0.00 secs] 
70.102: Total time for which application threads were stopped: 0.0051820 seconds, Stopping threads took: 0.0000670 seconds
70.464: Application time: 0.3622750 seconds
70.464: [GC [PSYoungGen: 101658K->13985K(102400K)] 305197K->222513K(335360K), 0.0056540 secs] [Times: user=0.05 sys=0.00, real=0.00 secs] 
70.470: Total time for which application threads were stopped: 0.0058160 seconds, Stopping threads took: 0.0000690 seconds
70.843: Application time: 0.3734460 seconds
70.844: [GC [PSYoungGen: 101684K->13921K(102400K)] 310211K->227484K(335360K), 0.0056400 secs] [Times: user=0.05 sys=0.00, real=0.00 secs] 
70.849: Total time for which application threads were stopped: 0.0057910 seconds, Stopping threads took: 0.0000640 seconds
71.198: Application time: 0.3487850 seconds
71.198: [GC [PSYoungGen: 101604K->13858K(102400K)] 315167K->232408K(335360K), 0.0057370 secs] [Times: user=0.04 sys=0.00, real=0.01 secs] 
71.204: Total time for which application threads were stopped: 0.0058980 seconds, Stopping threads took: 0.0000670 seconds
71.494: Application time: 0.2900790 seconds
71.494: [GC [PSYoungGen: 101526K->13954K(102400K)] 320077K->236067K(335360K), 0.0053060 secs] [Times: user=0.04 sys=0.00, real=0.01 secs] 
71.499: Total time for which application threads were stopped: 0.0054610 seconds, Stopping threads took: 0.0000690 seconds
71.786: Application time: 0.2865510 seconds
71.786: [GC [PSYoungGen: 101650K->13922K(102400K)] 323763K->241784K(335360K), 0.0059730 secs] [Times: user=0.04 sys=0.00, real=0.00 secs] 
71.792: [Full GC [PSYoungGen: 13922K->0K(102400K)] [ParOldGen: 227861K->26924K(232960K)] 241784K->26924K(335360K) [PSPermGen: 6086K->6086K(21504K)], 0.0110670 secs] [Times: user=0.06 sys=0.00, real=0.02 secs] 
71.803: Total time for which application threads were stopped: 0.0172650 seconds, Stopping threads took: 0.0000740 seconds
72.083: Application time: 0.2799370 seconds
72.083: [GC [PSYoungGen: 87688K->13634K(102400K)] 114612K->44835K(335360K), 0.0053140 secs] [Times: user=0.04 sys=0.00, real=0.00 secs] 
72.089: Total time for which application threads were stopped: 0.0054790 seconds, Stopping threads took: 0.0000850 seconds
72.307: Application time: 0.2178470 seconds
72.307: [GC [PSYoungGen: 101330K->13698K(102400K)] 132530K->48461K(335360K), 0.0051910 secs] [Times: user=0.04 sys=0.00, real=0.00 secs] 
72.312: Total time for which application threads were stopped: 0.0057250 seconds, Stopping threads took: 0.0004350 seconds
72.342: Application time: 0.0301630 seconds
72.343: [GC [PSYoungGen: 101381K->13667K(102400K)] 136144K->50567K(335360K), 0.0049790 secs] [Times: user=0.04 sys=0.00, real=0.01 secs] 
72.348: Total time for which application threads were stopped: 0.0051890 seconds, Stopping threads took: 0.0001240 seconds
72.566: Application time: 0.2185620 seconds
72.566: [GC [PSYoungGen: 101362K->13794K(102400K)] 138263K->55683K(335360K), 0.0055280 secs] [Times: user=0.04 sys=0.00, real=0.00 secs] 
72.572: Total time for which application threads were stopped: 0.0057050 seconds, Stopping threads took: 0.0000910 seconds
72.674: Application time: 0.1021710 seconds
72.674: [GC [PSYoungGen: 101503K->13826K(102400K)] 143391K->60703K(335360K), 0.0056710 secs] [Times: user=0.05 sys=0.00, real=0.01 secs] 
72.680: Total time for which application threads were stopped: 0.0058450 seconds, Stopping threads took: 0.0000870 seconds
72.787: Application time: 0.1070350 seconds
72.787: [GC [PSYoungGen: 101510K->13858K(102400K)] 148387K->63585K(335360K), 0.0048770 secs] [Times: user=0.04 sys=0.00, real=0.00 secs] 
72.792: Total time for which application threads were stopped: 0.0050310 seconds, Stopping threads took: 0.0000710 seconds
72.899: Application time: 0.1072260 seconds
72.899: [GC [PSYoungGen: 101566K->13858K(102400K)] 151292K->66435K(335360K), 0.0051380 secs] [Times: user=0.04 sys=0.00, real=0.01 secs] 
72.905: Total time for which application threads were stopped: 0.0053150 seconds, Stopping threads took: 0.0000830 seconds
72.936: Application time: 0.0317590 seconds
72.936: [GC [PSYoungGen: 101574K->13922K(102400K)] 154151K->69349K(335360K), 0.0051600 secs] [Times: user=0.03 sys=0.00, real=0.00 secs] 
72.942: Total time for which application threads were stopped: 0.0053150 seconds, Stopping threads took: 0.0000660 seconds
72.977: Application time: 0.0354870 seconds
72.977: [GC [PSYoungGen: 101595K->13890K(102400K)] 157022K->70742K(335360K), 0.0047620 secs] [Times: user=0.03 sys=0.00, real=0.00 secs] 
72.982: Total time for which application threads were stopped: 0.0049540 seconds, Stopping threads took: 0.0001030 seconds
73.050: Application time: 0.0678020 seconds
73.050: [GC [PSYoungGen: 101601K->13810K(102400K)] 158453K->74224K(335360K), 0.0054440 secs] [Times: user=0.04 sys=0.00, real=0.01 secs] 
73.056: Total time for which application threads were stopped: 0.0056410 seconds, Stopping threads took: 0.0001060 seconds
73.087: Application time: 0.0318530 seconds
73.088: [GC [PSYoungGen: 101499K->13922K(102400K)] 161914K->75761K(335360K), 0.0045910 secs] [Times: user=0.04 sys=0.00, real=0.00 secs] 
73.092: Total time for which application threads were stopped: 0.0047550 seconds, Stopping threads took: 0.0000770 seconds
73.456: Application time: 0.3641400 seconds
73.456: [GC [PSYoungGen: 101587K->13921K(102400K)] 163426K->79324K(335360K), 0.0052520 secs] [Times: user=0.04 sys=0.00, real=0.00 secs] 
73.462: Total time for which application threads were stopped: 0.0054200 seconds, Stopping threads took: 0.0000720 seconds
73.522: Application time: 0.0605040 seconds
73.522: [GC [PSYoungGen: 101657K->13985K(102400K)] 167059K->81525K(335360K), 0.0049120 secs] [Times: user=0.04 sys=0.00, real=0.01 secs] 
73.527: Total time for which application threads were stopped: 0.0050860 seconds, Stopping threads took: 0.0000850 seconds
73.549: Application time: 0.0220710 seconds
73.550: [GC [PSYoungGen: 101668K->13922K(102400K)] 169208K->85024K(335360K), 0.0053360 secs] [Times: user=0.04 sys=0.00, real=0.00 secs] 
73.555: Total time for which application threads were stopped: 0.0055850 seconds, Stopping threads took: 0.0001640 seconds
73.579: Application time: 0.0239410 seconds
73.579: [GC [PSYoungGen: 101633K->14018K(102400K)] 172735K->85833K(335360K), 0.0045460 secs] [Times: user=0.03 sys=0.00, real=0.01 secs] 
73.584: Total time for which application threads were stopped: 0.0049980 seconds, Stopping threads took: 0.0003670 seconds
73.618: Application time: 0.0338920 seconds
73.618: [GC [PSYoungGen: 101697K->13970K(102400K)] 173512K->86497K(335360K), 0.0046860 secs] [Times: user=0.03 sys=0.00, real=0.00 secs] 
73.623: Total time for which application threads were stopped: 0.0048590 seconds, Stopping threads took: 0.0000890 seconds
73.794: Application time: 0.1709610 seconds
73.794: [GC [PSYoungGen: 101650K->14017K(102400K)] 174178K->90852K(335360K), 0.0052890 secs] [Times: user=0.04 sys=0.00, real=0.01 secs] 
73.799: Total time for which application threads were stopped: 0.0055330 seconds, Stopping threads took: 0.0001590 seconds
74.173: Application time: 0.3734420 seconds
74.173: [GC [PSYoungGen: 101706K->13953K(102400K)] 178541K->96488K(335360K), 0.0056740 secs] [Times: user=0.04 sys=0.00, real=0.01 secs] 
74.178: Total time for which application threads were stopped: 0.0058710 seconds, Stopping threads took: 0.0001040 seconds
74.562: Application time: 0.3834500 seconds
74.562: [GC [PSYoungGen: 101635K->13953K(102400K)] 184169K->102188K(335360K), 0.0057720 secs] [Times: user=0.04 sys=0.00, real=0.01 secs] 
74.568: Total time for which application threads were stopped: 0.0059130 seconds, Stopping threads took: 0.0000620 seconds
74.896: Application time: 0.3279590 seconds
74.896: [GC [PSYoungGen: 101645K->13954K(102400K)] 189880K->106504K(335360K), 0.0053560 secs] [Times: user=0.04 sys=0.01, real=0.00 secs] 
74.901: Total time for which application threads were stopped: 0.0055450 seconds, Stopping threads took: 0.0000960 seconds
75.231: Application time: 0.3292190 seconds
75.231: [GC [PSYoungGen: 101621K->13954K(102400K)] 194171K->110067K(335360K), 0.0051020 secs] [Times: user=0.04 sys=0.00, real=0.01 secs] 
75.236: Total time for which application threads were stopped: 0.0052470 seconds, Stopping threads took: 0.0000580 seconds
75.546: Application time: 0.3100850 seconds
75.546: [GC [PSYoungGen: 101649K->13954K(102400K)] 197761K->114382K(335360K), 0.0053370 secs] [Times: user=0.04 sys=0.00, real=0.00 secs] 
75.551: Total time for which application threads were stopped: 0.0055030 seconds, Stopping threads took: 0.0000630 seconds
75.831: Application time: 0.2792450 seconds
75.831: [GC [PSYoungGen: 101642K->13890K(102400K)] 202070K->119347K(335360K), 0.0056510 secs] [Times: user=0.04 sys=0.00, real=0.01 secs] 
75.836: Total time for which application threads were stopped: 0.0058080 seconds, Stopping threads took: 0.0000740 seconds
75.997: Application time: 0.1602430 seconds
75.997: [GC [PSYoungGen: 101591K->13890K(102400K)] 207047K->124335K(335360K), 0.0057170 secs] [Times: user=0.04 sys=0.00, real=0.00 secs] 
76.003: Total time for which application threads were stopped: 0.0058890 seconds, Stopping threads took: 0.0000800 seconds
76.040: Application time: 0.0372650 seconds
76.040: [GC [PSYoungGen: 101572K->13146K(102400K)] 212016K->123630K(335360K), 0.0040180 secs] [Times: user=0.02 sys=0.00, real=0.01 secs] 
76.044: Total time for which application threads were stopped: 0.0041890 seconds, Stopping threads took: 0.0000880 seconds
76.333: Application time: 0.2884340 seconds
76.333: [GC [PSYoungGen: 100825K->13890K(102400K)] 211310K->127937K(335360K), 0.0052800 secs] [Times: user=0.04 sys=0.00, real=0.01 secs] 
76.338: Total time for which application threads were stopped: 0.0054440 seconds, Stopping threads took: 0.0000740 seconds
76.532: Application time: 0.1943860 seconds
76.532: [GC [PSYoungGen: 101598K->13874K(102400K)] 215645K->132909K(335360K), 0.0057540 secs] [Times: user=0.04 sys=0.00, real=0.01 secs] 
76.538: Total time for which application threads were stopped: 0.0059290 seconds, Stopping threads took: 0.0000850 seconds
76.568: Application time: 0.0297920 seconds
76.568: [GC [PSYoungGen: 101555K->13858K(102400K)] 220590K->136520K(335360K), 0.0053570 secs] [Times: user=0.04 sys=0.00, real=0.00 secs] 
76.574: Total time for which application threads were stopped: 0.0055310 seconds, Stopping threads took: 0.0000900 seconds
76.737: Application time: 0.1630250 seconds
76.737: [GC [PSYoungGen: 101581K->13938K(102400K)] 224243K->139450K(335360K), 0.0051690 secs] [Times: user=0.04 sys=0.00, real=0.00 secs] 
76.742: Total time for which application threads were stopped: 0.0053460 seconds, Stopping threads took: 0.0000900 seconds
76.765: Application time: 0.0233810 seconds
76.766: [GC [PSYoungGen: 101619K->13874K(102400K)] 227131K->141571K(335360K), 0.0049760 secs] [Times: user=0.04 sys=0.00, real=0.00 secs] 
76.771: Total time for which application threads were stopped: 0.0058690 seconds, Stopping threads took: 0.0008050 seconds
76.797: Application time: 0.0260510 seconds
76.797: [GC [PSYoungGen: 101557K->13890K(102400K)] 229254K->142300K(335360K), 0.0046560 secs] [Times: user=0.03 sys=0.00, real=0.00 secs] 
76.802: Total time for which application threads were stopped: 0.0048450 seconds, Stopping threads took: 0.0001000 seconds
76.872: Application time: 0.0701550 seconds
76.872: [GC [PSYoungGen: 101603K->13922K(102400K)] 230013K->145894K(335360K), 0.0053110 secs] [Times: user=0.04 sys=0.00, real=0.01 secs] 
76.878: Total time for which application threads were stopped: 0.0054950 seconds, Stopping threads took: 0.0000840 seconds
76.908: Application time: 0.0307140 seconds
76.909: [GC [PSYoungGen: 101602K->13890K(102400K)] 233575K->148000K(335360K), 0.0050760 secs] [Times: user=0.04 sys=0.00, real=0.00 secs] 
76.914: Total time for which application threads were stopped: 0.0052810 seconds, Stopping threads took: 0.0001090 seconds
77.199: Application time: 0.2854060 seconds
77.199: [GC [PSYoungGen: 101564K->13953K(102400K)] 235674K->151626K(335360K), 0.0051600 secs] [Times: user=0.04 sys=0.00, real=0.01 secs] 
77.205: Total time for which application threads were stopped: 0.0053120 seconds, Stopping threads took: 0.0000690 seconds
77.298: Application time: 0.0939970 seconds
77.299: [GC [PSYoungGen: 101661K->13937K(102400K)] 239333K->155173K(335360K), 0.0053760 secs] [Times: user=0.03 sys=0.00, real=0.01 secs] 
77.304: Total time for which application threads were stopped: 0.0055610 seconds, Stopping threads took: 0.0000950 seconds
77.346: Application time: 0.0423930 seconds
77.347: [GC [PSYoungGen: 101646K->13985K(102400K)] 242882K->158071K(335360K), 0.0051820 secs] [Times: user=0.03 sys=0.00, real=0.00 secs] 
77.352: Total time for which application threads were stopped: 0.0053670 seconds, Stopping threads took: 0.0000980 seconds
77.382: Application time: 0.0297070 seconds
77.382: [GC [PSYoungGen: 101699K->13986K(102400K)] 245784K->160209K(335360K), 0.0049310 secs] [Times: user=0.04 sys=0.00, real=0.01 secs] 
77.387: Total time for which application threads were stopped: 0.0055850 seconds, Stopping threads took: 0.0005540 seconds
77.411: Application time: 0.0242170 seconds
77.411: [GC [PSYoungGen: 101667K->13969K(102400K)] 247890K->162330K(335360K), 0.0049280 secs] [Times: user=0.04 sys=0.00, real=0.01 secs] 
77.416: Total time for which application threads were stopped: 0.0051110 seconds, Stopping threads took: 0.0000950 seconds
77.549: Application time: 0.1324590 seconds
77.549: [GC [PSYoungGen: 101661K->13953K(102400K)] 250021K->166629K(335360K), 0.0054160 secs] [Times: user=0.04 sys=0.00, real=0.00 secs] 
77.555: Total time for which application threads were stopped: 0.0055770 seconds, Stopping threads took: 0.0000760 seconds
77.927: Application time: 0.3729650 seconds
77.928: [GC [PSYoungGen: 101634K->13985K(102400K)] 254310K->171657K(335360K), 0.0056460 secs] [Times: user=0.05 sys=0.00, real=0.00 secs] 
77.933: Total time for which application threads were stopped: 0.0058030 seconds, Stopping threads took: 0.0000600 seconds
78.302: Application time: 0.3682810 seconds
78.302: [GC [PSYoungGen: 101673K->13921K(102400K)] 259344K->175868K(335360K), 0.0054720 secs] [Times: user=0.04 sys=0.00, real=0.01 secs] 
78.307: Total time for which application threads were stopped: 0.0056360 seconds, Stopping threads took: 0.0000700 seconds
78.661: Application time: 0.3540760 seconds
78.661: [GC [PSYoungGen: 101604K->13938K(102400K)] 263550K->180912K(335360K), 0.0055110 secs] [Times: user=0.04 sys=0.00, real=0.01 secs] 
78.667: Total time for which application threads were stopped: 0.0057000 seconds, Stopping threads took: 0.0000920 seconds
78.981: Application time: 0.3138890 seconds
78.981: [GC [PSYoungGen: 101613K->13954K(102400K)] 268587K->185916K(335360K), 0.0055640 secs] [Times: user=0.05 sys=0.00, real=0.01 secs] 
78.987: Total time for which application threads were stopped: 0.0057450 seconds, Stopping threads took: 0.0000950 seconds
79.278: Application time: 0.2909440 seconds
79.278: [GC [PSYoungGen: 101639K->13874K(102400K)] 273601K->190904K(335360K), 0.0056780 secs] [Times: user=0.05 sys=0.00, real=0.01 secs] 
79.283: Total time for which application threads were stopped: 0.0058460 seconds, Stopping threads took: 0.0000750 seconds
79.572: Application time: 0.2881780 seconds
79.572: [GC [PSYoungGen: 101562K->13890K(102400K)] 278592K->194483K(335360K), 0.0052650 secs] [Times: user=0.04 sys=0.00, real=0.01 secs] 
79.577: Total time for which application threads were stopped: 0.0054220 seconds, Stopping threads took: 0.0000700 seconds
79.775: Application time: 0.1982920 seconds
79.775: [GC [PSYoungGen: 101600K->13906K(102400K)] 282193K->200912K(335360K), 0.0061560 secs] [Times: user=0.05 sys=0.00, real=0.00 secs] 
79.782: Total time for which application threads were stopped: 0.0063150 seconds, Stopping threads took: 0.0000710 seconds
79.811: Application time: 0.0298590 seconds
79.812: [GC [PSYoungGen: 101581K->13859K(102400K)] 288587K->202330K(335360K), 0.0048900 secs] [Times: user=0.03 sys=0.00, real=0.01 secs] 
79.817: Total time for which application threads were stopped: 0.0050690 seconds, Stopping threads took: 0.0000830 seconds
80.066: Application time: 0.2492380 seconds
80.066: [GC [PSYoungGen: 101537K->13922K(102400K)] 290009K->205244K(335360K), 0.0050460 secs] [Times: user=0.04 sys=0.00, real=0.00 secs] 
80.071: Total time for which application threads were stopped: 0.0051980 seconds, Stopping threads took: 0.0000630 seconds
80.291: Application time: 0.2204150 seconds
80.292: [GC [PSYoungGen: 101635K->13922K(102400K)] 292957K->210231K(335360K), 0.0057740 secs] [Times: user=0.05 sys=0.00, real=0.01 secs] 
80.297: Total time for which application threads were stopped: 0.0059420 seconds, Stopping threads took: 0.0000790 seconds
80.328: Application time: 0.0303120 seconds
80.328: [GC [PSYoungGen: 101604K->13810K(102400K)] 297913K->213722K(335360K), 0.0054690 secs] [Times: user=0.04 sys=0.00, real=0.00 secs] 
80.333: Total time for which application threads were stopped: 0.0056590 seconds, Stopping threads took: 0.0000930 seconds
80.484: Application time: 0.1505650 seconds
80.484: [GC [PSYoungGen: 101514K->13794K(102400K)] 301426K->218021K(335360K), 0.0056360 secs] [Times: user=0.04 sys=0.00, real=0.00 secs] 
80.490: Total time for which application threads were stopped: 0.0058290 seconds, Stopping threads took: 0.0001050 seconds
80.522: Application time: 0.0318920 seconds
80.522: [GC [PSYoungGen: 101474K->13858K(102400K)] 305701K->219559K(335360K), 0.0047820 secs] [Times: user=0.04 sys=0.00, real=0.01 secs] 
80.527: Total time for which application threads were stopped: 0.0049470 seconds, Stopping threads took: 0.0000800 seconds
80.573: Application time: 0.0461140 seconds
80.573: [GC [PSYoungGen: 101570K->13858K(102400K)] 307271K->221696K(335360K), 0.0049490 secs] [Times: user=0.03 sys=0.00, real=0.01 secs] 
80.578: Total time for which application threads were stopped: 0.0051130 seconds, Stopping threads took: 0.0000800 seconds
80.605: Application time: 0.0276550 seconds
80.606: [GC [PSYoungGen: 101563K->13890K(102400K)] 309401K->222440K(335360K), 0.0045500 secs] [Times: user=0.03 sys=0.00, real=0.00 secs] 
80.610: Total time for which application threads were stopped: 0.0047180 seconds, Stopping threads took: 0.0000840 seconds
80.641: Application time: 0.0309660 seconds
80.641: [GC [PSYoungGen: 101572K->13842K(102400K)] 310123K->225955K(335360K), 0.0054610 secs] [Times: user=0.04 sys=0.00, real=0.01 secs] 
80.647: Total time for which application threads were stopped: 0.0056230 seconds, Stopping threads took: 0.0000730 seconds
80.874: Application time: 0.2270700 seconds
80.874: [GC [PSYoungGen: 101520K->13953K(102400K)] 313633K->229629K(335360K), 0.0053080 secs] [Times: user=0.04 sys=0.00, real=0.01 secs] 
80.879: Total time for which application threads were stopped: 0.0055000 seconds, Stopping threads took: 0.0000970 seconds
81.058: Application time: 0.1788490 seconds
81.059: [GC [PSYoungGen: 101685K->14017K(102400K)] 317361K->231118K(335360K), 0.0048190 secs] [Times: user=0.04 sys=0.00, real=0.01 secs] 
81.064: Total time for which application threads were stopped: 0.0060340 seconds, Stopping threads took: 0.0011200 seconds
81.087: Application time: 0.0230230 seconds
81.088: [GC [PSYoungGen: 101720K->14018K(102400K)] 318821K->233968K(335360K), 0.0051450 secs] [Times: user=0.04 sys=0.00, real=0.00 secs] 
81.093: Total time for which application threads were stopped: 0.0061820 seconds, Stopping threads took: 0.0009420 seconds
81.116: Application time: 0.0225350 seconds
81.116: [GC [PSYoungGen: 101694K->14002K(102400K)] 321645K->233953K(335360K), 0.0044320 secs] [Times: user=0.03 sys=0.00, real=0.00 secs] 
81.121: Total time for which application threads were stopped: 0.0048010 seconds, Stopping threads took: 0.0002820 seconds
81.143: Application time: 0.0217940 seconds
81.143: [GC [PSYoungGen: 101684K->13986K(102400K)] 321635K->235362K(335360K), 0.0048700 secs] [Times: user=0.04 sys=0.00, real=0.01 secs] 
81.148: Total time for which application threads were stopped: 0.0051980 seconds, Stopping threads took: 0.0002330 seconds
81.227: Application time: 0.0788950 seconds
81.227: [GC [PSYoungGen: 101683K->13985K(102400K)] 323059K->238964K(335360K), 0.0052850 secs] [Times: user=0.04 sys=0.00, real=0.00 secs] 
81.232: Total time for which application threads were stopped: 0.0054390 seconds, Stopping threads took: 0.0000700 seconds
81.628: Application time: 0.3962370 seconds
81.628: [GC [PSYoungGen: 101666K->13985K(102400K)] 326645K->243951K(335360K), 0.0056450 secs] [Times: user=0.04 sys=0.00, real=0.00 secs] 
81.634: [Full GC [PSYoungGen: 13985K->0K(102400K)] [ParOldGen: 229966K->28349K(232960K)] 243951K->28349K(335360K) [PSPermGen: 6088K->6088K(21504K)], 0.0114880 secs] [Times: user=0.07 sys=0.00, real=0.02 secs] 
81.646: Total time for which application threads were stopped: 0.0173770 seconds, Stopping threads took: 0.0000910 seconds
82.019: Application time: 0.3736060 seconds
82.019: [GC [PSYoungGen: 87672K->13665K(102400K)] 116022K->44865K(335360K), 0.0049080 secs] [Times: user=0.03 sys=0.00, real=0.01 secs] 
82.024: Total time for which application threads were stopped: 0.0050570 seconds, Stopping threads took: 0.0000630 seconds
82.388: Application time: 0.3639000 seconds
82.388: [GC [PSYoungGen: 101355K->13794K(102400K)] 132555K->50694K(335360K), 0.0055190 secs] [Times: user=0.04 sys=0.00, real=0.00 secs] 
82.394: Total time for which application threads were stopped: 0.0056690 seconds, Stopping threads took: 0.0000570 seconds
82.703: Application time: 0.3091840 seconds
82.703: [GC [PSYoungGen: 101478K->13794K(102400K)] 138378K->54969K(335360K), 0.0052770 secs] [Times: user=0.04 sys=0.00, real=0.00 secs] 
82.709: Total time for which application threads were stopped: 0.0054390 seconds, Stopping threads took: 0.0000740 seconds
83.033: Application time: 0.3247970 seconds
83.034: [GC [PSYoungGen: 101455K->13794K(102400K)] 142630K->57820K(335360K), 0.0048630 secs] [Times: user=0.03 sys=0.00, real=0.01 secs] 
83.038: Total time for which application threads were stopped: 0.0050270 seconds, Stopping threads took: 0.0000700 seconds
83.319: Application time: 0.2804440 seconds
83.319: [GC [PSYoungGen: 101516K->13794K(102400K)] 145542K->62808K(335360K), 0.0055650 secs] [Times: user=0.04 sys=0.00, real=0.01 secs] 
83.325: Total time for which application threads were stopped: 0.0057260 seconds, Stopping threads took: 0.0000760 seconds
83.616: Application time: 0.2910730 seconds
83.616: [GC [PSYoungGen: 101457K->13794K(102400K)] 150470K->68508K(335360K), 0.0057470 secs] [Times: user=0.04 sys=0.00, real=0.00 secs] 
83.622: Total time for which application threads were stopped: 0.0059100 seconds, Stopping threads took: 0.0000660 seconds
83.733: Application time: 0.1113560 seconds
83.733: [GC [PSYoungGen: 101503K->13826K(102400K)] 156217K->70678K(335360K), 0.0047710 secs] [Times: user=0.04 sys=0.00, real=0.01 secs] 
83.738: Total time for which application threads were stopped: 0.0049390 seconds, Stopping threads took: 0.0000830 seconds
83.825: Application time: 0.0868520 seconds
83.825: [GC [PSYoungGen: 101512K->13826K(102400K)] 158363K->73528K(335360K), 0.0049510 secs] [Times: user=0.04 sys=0.00, real=0.00 secs] 
83.830: Total time for which application threads were stopped: 0.0051100 seconds, Stopping threads took: 0.0000720 seconds
84.108: Application time: 0.2777010 seconds
84.108: [GC [PSYoungGen: 101548K->13826K(102400K)] 161250K->79229K(335360K), 0.0058360 secs] [Times: user=0.05 sys=0.00, real=0.00 secs] 
84.114: Total time for which application threads were stopped: 0.0059870 seconds, Stopping threads took: 0.0000640 seconds
84.150: Application time: 0.0360120 seconds
84.150: [GC [PSYoungGen: 101501K->13858K(102400K)] 166904K->80686K(335360K), 0.0047230 secs] [Times: user=0.04 sys=0.00, real=0.00 secs] 
84.154: Total time for which application threads were stopped: 0.0049080 seconds, Stopping threads took: 0.0000870 seconds
84.343: Application time: 0.1888070 seconds
84.343: [GC [PSYoungGen: 101563K->13858K(102400K)] 168390K->83536K(335360K), 0.0049610 secs] [Times: user=0.03 sys=0.00, real=0.00 secs] 
84.348: Total time for which application threads were stopped: 0.0051300 seconds, Stopping threads took: 0.0000840 seconds
84.383: Application time: 0.0342350 seconds
84.383: [GC [PSYoungGen: 101412K->13177K(102400K)] 171090K->82855K(335360K), 0.0041600 secs] [Times: user=0.03 sys=0.00, real=0.01 secs] 
84.387: Total time for which application threads were stopped: 0.0045950 seconds, Stopping threads took: 0.0003450 seconds
84.410: Application time: 0.0226280 seconds
84.411: [GC [PSYoungGen: 101022K->13922K(102400K)] 170700K->86450K(335360K), 0.0051800 secs] [Times: user=0.04 sys=0.00, real=0.01 secs] 
84.417: Total time for which application threads were stopped: 0.0066490 seconds, Stopping threads took: 0.0013800 seconds
84.440: Application time: 0.0233010 seconds
84.440: [GC [PSYoungGen: 101612K->13922K(102400K)] 174140K->87162K(335360K), 0.0045640 secs] [Times: user=0.03 sys=0.00, real=0.01 secs] 
84.445: Total time for which application threads were stopped: 0.0050160 seconds, Stopping threads took: 0.0003650 seconds
84.468: Application time: 0.0235290 seconds
84.469: [GC [PSYoungGen: 101601K->13922K(102400K)] 174842K->87163K(335360K), 0.0042840 secs] [Times: user=0.03 sys=0.00, real=0.00 secs] 
84.473: Total time for which application threads were stopped: 0.0048110 seconds, Stopping threads took: 0.0004220 seconds
84.686: Application time: 0.2129840 seconds
84.686: [GC [PSYoungGen: 101603K->13921K(102400K)] 174844K->90725K(335360K), 0.0051640 secs] [Times: user=0.03 sys=0.00, real=0.00 secs] 
84.692: Total time for which application threads were stopped: 0.0053510 seconds, Stopping threads took: 0.0000840 seconds
84.892: Application time: 0.2004770 seconds
84.893: [GC [PSYoungGen: 101655K->13985K(102400K)] 178458K->95064K(335360K), 0.0054650 secs] [Times: user=0.04 sys=0.00, real=0.01 secs] 
84.898: Total time for which application threads were stopped: 0.0062670 seconds, Stopping threads took: 0.0007140 seconds
84.921: Application time: 0.0230260 seconds
84.922: [GC [PSYoungGen: 101687K->13985K(102400K)] 182765K->96489K(335360K), 0.0047430 secs] [Times: user=0.03 sys=0.00, real=0.01 secs] 
84.926: Total time for which application threads were stopped: 0.0050760 seconds, Stopping threads took: 0.0002410 seconds
84.949: Application time: 0.0221950 seconds
84.949: [GC [PSYoungGen: 101661K->13970K(102400K)] 184164K->97186K(335360K), 0.0044790 secs] [Times: user=0.03 sys=0.00, real=0.00 secs] 
84.953: Total time for which application threads were stopped: 0.0048100 seconds, Stopping threads took: 0.0002420 seconds
84.974: Application time: 0.0209480 seconds
84.974: [GC [PSYoungGen: 101653K->13970K(102400K)] 184869K->98611K(335360K), 0.0047340 secs] [Times: user=0.04 sys=0.00, real=0.01 secs] 
84.979: Total time for which application threads were stopped: 0.0049310 seconds, Stopping threads took: 0.0001120 seconds
85.036: Application time: 0.0570530 seconds
85.036: [GC [PSYoungGen: 101662K->14017K(102400K)] 186303K->100796K(335360K), 0.0047460 secs] [Times: user=0.04 sys=0.00, real=0.00 secs] 
85.041: Total time for which application threads were stopped: 0.0049130 seconds, Stopping threads took: 0.0000820 seconds
85.413: Application time: 0.3714200 seconds
85.413: [GC [PSYoungGen: 101702K->14017K(102400K)] 188481K->105823K(335360K), 0.0055600 secs] [Times: user=0.04 sys=0.00, real=0.01 secs] 
85.418: Total time for which application threads were stopped: 0.0057160 seconds, Stopping threads took: 0.0000610 seconds
85.813: Application time: 0.3950260 seconds
85.814: [GC [PSYoungGen: 101681K->13985K(102400K)] 193487K->110067K(335360K), 0.0053850 secs] [Times: user=0.04 sys=0.00, real=0.01 secs] 
85.819: Total time for which application threads were stopped: 0.0055360 seconds, Stopping threads took: 0.0000650 seconds
86.161: Application time: 0.3422960 seconds
86.161: [GC [PSYoungGen: 101675K->13985K(102400K)] 197756K->115094K(335360K), 0.0056360 secs] [Times: user=0.04 sys=0.00, real=0.01 secs] 
86.167: Total time for which application threads were stopped: 0.0058190 seconds, Stopping threads took: 0.0000770 seconds
86.495: Application time: 0.3277050 seconds
86.495: [GC [PSYoungGen: 101678K->13986K(102400K)] 202786K->119370K(335360K), 0.0053680 secs] [Times: user=0.04 sys=0.00, real=0.01 secs] 
86.500: Total time for which application threads were stopped: 0.0055280 seconds, Stopping threads took: 0.0000730 seconds
86.842: Application time: 0.3418680 seconds
86.842: [GC [PSYoungGen: 101671K->13954K(102400K)] 207055K->122941K(335360K), 0.0052080 secs] [Times: user=0.04 sys=0.00, real=0.01 secs] 
86.848: Total time for which application threads were stopped: 0.0053640 seconds, Stopping threads took: 0.0000640 seconds
87.120: Application time: 0.2721060 seconds
87.120: [GC [PSYoungGen: 101624K->13826K(102400K)] 210611K->127873K(335360K), 0.0055980 secs] [Times: user=0.03 sys=0.00, real=0.01 secs] 
87.125: Total time for which application threads were stopped: 0.0057570 seconds, Stopping threads took: 0.0000720 seconds
87.410: Application time: 0.2850090 seconds
87.411: [GC [PSYoungGen: 101515K->13858K(102400K)] 215562K->132893K(335360K), 0.0055940 secs] [Times: user=0.04 sys=0.00, real=0.01 secs] 
87.416: Total time for which application threads were stopped: 0.0057810 seconds, Stopping threads took: 0.0001000 seconds
87.540: Application time: 0.1238150 seconds
87.540: [GC [PSYoungGen: 101560K->13890K(102400K)] 220595K->134351K(335360K), 0.0046030 secs] [Times: user=0.03 sys=0.00, real=0.01 secs] 
87.545: Total time for which application threads were stopped: 0.0047780 seconds, Stopping threads took: 0.0000860 seconds
87.615: Application time: 0.0703940 seconds
87.615: [GC [PSYoungGen: 101581K->13890K(102400K)] 222042K->136488K(335360K), 0.0048240 secs] [Times: user=0.04 sys=0.00, real=0.00 secs] 
87.620: Total time for which application threads were stopped: 0.0049810 seconds, Stopping threads took: 0.0000740 seconds
87.852: Application time: 0.2314420 seconds
87.852: [GC [PSYoungGen: 101612K->13922K(102400K)] 224210K->142221K(335360K), 0.0059410 secs] [Times: user=0.05 sys=0.00, real=0.01 secs] 
87.858: Total time for which application threads were stopped: 0.0061210 seconds, Stopping threads took: 0.0000940 seconds
87.891: Application time: 0.0336940 seconds
87.892: [GC [PSYoungGen: 101600K->13826K(102400K)] 229898K->142917K(335360K), 0.0046240 secs] [Times: user=0.03 sys=0.00, real=0.01 secs] 
87.896: Total time for which application threads were stopped: 0.0047860 seconds, Stopping threads took: 0.0000770 seconds
88.128: Application time: 0.2319350 seconds
88.128: [GC [PSYoungGen: 101497K->13858K(102400K)] 230588K->145839K(335360K), 0.0049930 secs] [Times: user=0.04 sys=0.00, real=0.00 secs] 
88.133: Total time for which application threads were stopped: 0.0051470 seconds, Stopping threads took: 0.0000580 seconds
88.181: Application time: 0.0478000 seconds
88.181: [GC [PSYoungGen: 101563K->13890K(102400K)] 233544K->148009K(335360K), 0.0049410 secs] [Times: user=0.04 sys=0.00, real=0.01 secs] 
88.186: Total time for which application threads were stopped: 0.0051250 seconds, Stopping threads took: 0.0000960 seconds
88.240: Application time: 0.0534650 seconds
88.240: [GC [PSYoungGen: 101606K->13858K(102400K)] 235725K->150114K(335360K), 0.0049800 secs] [Times: user=0.03 sys=0.00, real=0.01 secs] 
88.245: Total time for which application threads were stopped: 0.0051510 seconds, Stopping threads took: 0.0000840 seconds
88.275: Application time: 0.0299250 seconds
88.275: [GC [PSYoungGen: 101532K->13858K(102400K)] 237789K->152964K(335360K), 0.0052250 secs] [Times: user=0.04 sys=0.00, real=0.01 secs] 
88.280: Total time for which application threads were stopped: 0.0054020 seconds, Stopping threads took: 0.0000880 seconds
88.336: Application time: 0.0560150 seconds
88.336: [GC [PSYoungGen: 101570K->13954K(102400K)] 240677K->155910K(335360K), 0.0052290 secs] [Times: user=0.03 sys=0.01, real=0.00 secs] 
88.342: Total time for which application threads were stopped: 0.0054250 seconds, Stopping threads took: 0.0001050 seconds
88.445: Application time: 0.1033960 seconds
88.445: [GC [PSYoungGen: 101637K->13954K(102400K)] 243594K->159473K(335360K), 0.0052160 secs] [Times: user=0.04 sys=0.00, real=0.00 secs] 
88.450: Total time for which application threads were stopped: 0.0053720 seconds, Stopping threads took: 0.0000690 seconds
88.698: Application time: 0.2476030 seconds
88.698: [GC [PSYoungGen: 101659K->13873K(102400K)] 247178K->163668K(335360K), 0.0055670 secs] [Times: user=0.04 sys=0.00, real=0.01 secs] 
88.704: Total time for which application threads were stopped: 0.0057630 seconds, Stopping threads took: 0.0001020 seconds
88.733: Application time: 0.0293100 seconds
88.733: [GC [PSYoungGen: 101460K->14002K(102400K)] 251254K->165933K(335360K), 0.0049650 secs] [Times: user=0.03 sys=0.00, real=0.01 secs] 
88.738: Total time for which application threads were stopped: 0.0051450 seconds, Stopping threads took: 0.0000940 seconds
88.772: Application time: 0.0337960 seconds
88.772: [GC [PSYoungGen: 101806K->13953K(102400K)] 253738K->166598K(335360K), 0.0045940 secs] [Times: user=0.04 sys=0.00, real=0.01 secs] 
88.777: Total time for which application threads were stopped: 0.0047660 seconds, Stopping threads took: 0.0000850 seconds
88.847: Application time: 0.0698260 seconds
88.847: [GC [PSYoungGen: 101671K->14017K(102400K)] 254315K->170224K(335360K), 0.0054720 secs] [Times: user=0.04 sys=0.00, real=0.00 secs] 
88.852: Total time for which application threads were stopped: 0.0056530 seconds, Stopping threads took: 0.0000910 seconds
88.886: Application time: 0.0335030 seconds
88.886: [GC [PSYoungGen: 101694K->13970K(102400K)] 257901K->173027K(335360K), 0.0052170 secs] [Times: user=0.04 sys=0.00, real=0.00 secs] 
88.891: Total time for which application threads were stopped: 0.0053980 seconds, Stopping threads took: 0.0000870 seconds
89.159: Application time: 0.2676550 seconds
89.159: [GC [PSYoungGen: 101644K->13985K(102400K)] 260701K->176645K(335360K), 0.0052240 secs] [Times: user=0.04 sys=0.00, real=0.01 secs] 
89.164: Total time for which application threads were stopped: 0.0053800 seconds, Stopping threads took: 0.0000730 seconds
89.527: Application time: 0.3627610 seconds
89.527: [GC [PSYoungGen: 101666K->13953K(102400K)] 264326K->181601K(335360K), 0.0056600 secs] [Times: user=0.03 sys=0.00, real=0.00 secs] 
89.533: Total time for which application threads were stopped: 0.0058220 seconds, Stopping threads took: 0.0000690 seconds
89.905: Application time: 0.3725690 seconds
89.905: [GC [PSYoungGen: 101643K->13954K(102400K)] 269291K->187341K(335360K), 0.0057330 secs] [Times: user=0.04 sys=0.00, real=0.00 secs] 
89.911: Total time for which application threads were stopped: 0.0058910 seconds, Stopping threads took: 0.0000700 seconds
90.239: Application time: 0.3276580 seconds
90.239: [GC [PSYoungGen: 101637K->13954K(102400K)] 275025K->190904K(335360K), 0.0051960 secs] [Times: user=0.04 sys=0.00, real=0.01 secs] 
90.244: Total time for which application threads were stopped: 0.0053670 seconds, Stopping threads took: 0.0000770 seconds
90.574: Application time: 0.3299080 seconds
90.574: [GC [PSYoungGen: 101631K->13986K(102400K)] 278581K->195924K(335360K), 0.0055700 secs] [Times: user=0.04 sys=0.00, real=0.01 secs] 
90.580: Total time for which application threads were stopped: 0.0057180 seconds, Stopping threads took: 0.0000650 seconds
90.862: Application time: 0.2824170 seconds
90.862: [GC [PSYoungGen: 101673K->13922K(102400K)] 283611K->200888K(335360K), 0.0056840 secs] [Times: user=0.05 sys=0.00, real=0.01 secs] 
90.868: Total time for which application threads were stopped: 0.0058520 seconds, Stopping threads took: 0.0000720 seconds
91.130: Application time: 0.2615110 seconds
91.130: [GC [PSYoungGen: 101610K->13842K(102400K)] 288577K->205853K(335360K), 0.0056780 secs] [Times: user=0.04 sys=0.00, real=0.01 secs] 
91.136: Total time for which application threads were stopped: 0.0058310 seconds, Stopping threads took: 0.0000690 seconds
91.282: Application time: 0.1465630 seconds
91.282: [GC [PSYoungGen: 101542K->13858K(102400K)] 293553K->211569K(335360K), 0.0060090 secs] [Times: user=0.05 sys=0.00, real=0.01 secs] 
91.288: Total time for which application threads were stopped: 0.0061850 seconds, Stopping threads took: 0.0000770 seconds
91.326: Application time: 0.0377030 seconds
91.326: [GC [PSYoungGen: 101544K->13890K(102400K)] 299255K->211641K(335360K), 0.0042900 secs] [Times: user=0.03 sys=0.00, real=0.00 secs] 
91.330: Total time for which application threads were stopped: 0.0044420 seconds, Stopping threads took: 0.0000610 seconds
91.556: Application time: 0.2260370 seconds
91.557: [GC [PSYoungGen: 101603K->13922K(102400K)] 299354K->216661K(335360K), 0.0057930 secs] [Times: user=0.05 sys=0.00, real=0.00 secs] 
91.562: Total time for which application threads were stopped: 0.0059650 seconds, Stopping threads took: 0.0000750 seconds
91.596: Application time: 0.0330850 seconds
91.596: [GC [PSYoungGen: 101601K->13922K(102400K)] 304339K->216693K(335360K), 0.0044820 secs] [Times: user=0.03 sys=0.00, real=0.00 secs] 
91.600: Total time for which application threads were stopped: 0.0046470 seconds, Stopping threads took: 0.0000750 seconds
91.859: Application time: 0.2585780 seconds
91.859: [GC [PSYoungGen: 101600K->13890K(102400K)] 304370K->220263K(335360K), 0.0051820 secs] [Times: user=0.04 sys=0.00, real=0.01 secs] 
91.864: Total time for which application threads were stopped: 0.0053530 seconds, Stopping threads took: 0.0000860 seconds
91.908: Application time: 0.0441200 seconds
91.908: [GC [PSYoungGen: 101596K->13890K(102400K)] 307970K->221689K(335360K), 0.0048500 secs] [Times: user=0.03 sys=0.00, real=0.00 secs] 
91.913: Total time for which application threads were stopped: 0.0050160 seconds, Stopping threads took: 0.0000760 seconds
92.061: Application time: 0.1472990 seconds
92.061: [GC [PSYoungGen: 101572K->13858K(102400K)] 309371K->224546K(335360K), 0.0050810 secs] [Times: user=0.03 sys=0.00, real=0.01 secs] 
92.066: Total time for which application threads were stopped: 0.0052720 seconds, Stopping threads took: 0.0000900 seconds
92.126: Application time: 0.0597320 seconds
92.126: [GC [PSYoungGen: 101562K->13794K(102400K)] 312251K->227333K(335360K), 0.0053260 secs] [Times: user=0.04 sys=0.00, real=0.00 secs] 
92.131: Total time for which application threads were stopped: 0.0055230 seconds, Stopping threads took: 0.0001040 seconds
92.172: Application time: 0.0410150 seconds
92.172: [GC [PSYoungGen: 101512K->13954K(102400K)] 315051K->230343K(335360K), 0.0052310 secs] [Times: user=0.04 sys=0.00, real=0.01 secs] 
92.178: Total time for which application threads were stopped: 0.0053900 seconds, Stopping threads took: 0.0000710 seconds
92.208: Application time: 0.0305320 seconds
92.208: [GC [PSYoungGen: 101632K->13890K(102400K)] 318021K->231704K(335360K), 0.0066550 secs] [Times: user=0.05 sys=0.00, real=0.00 secs] 
92.215: Total time for which application threads were stopped: 0.0068210 seconds, Stopping threads took: 0.0000810 seconds
92.467: Application time: 0.2525350 seconds
92.468: [GC [PSYoungGen: 101596K->13857K(102400K)] 319411K->236659K(335360K), 0.0058330 secs] [Times: user=0.04 sys=0.00, real=0.00 secs] 
92.473: Total time for which application threads were stopped: 0.0060090 seconds, Stopping threads took: 0.0000880 seconds
92.502: Application time: 0.0286990 seconds
92.503: [GC [PSYoungGen: 101557K->13922K(102400K)] 324359K->237436K(335360K), 0.0046830 secs] [Times: user=0.03 sys=0.01, real=0.01 secs] 
92.508: Total time for which application threads were stopped: 0.0053860 seconds, Stopping threads took: 0.0006200 seconds
92.528: Application time: 0.0208950 seconds
92.529: [GC [PSYoungGen: 101602K->13954K(102400K)] 325116K->237468K(335360K), 0.0044210 secs] [Times: user=0.03 sys=0.00, real=0.00 secs] 
92.533: Total time for which application threads were stopped: 0.0046290 seconds, Stopping threads took: 0.0001200 seconds
92.614: Application time: 0.0806220 seconds
92.614: [GC [PSYoungGen: 101646K->14017K(102400K)] 325160K->238965K(335360K), 0.0047370 secs] [Times: user=0.03 sys=0.00, real=0.01 secs] 
92.619: Total time for which application threads were stopped: 0.0049220 seconds, Stopping threads took: 0.0000770 seconds
92.668: Application time: 0.0493060 seconds
92.668: [GC [PSYoungGen: 101721K->14017K(102400K)] 326668K->243952K(335360K), 0.0058920 secs] [Times: user=0.05 sys=0.00, real=0.00 secs] 
92.674: [Full GC [PSYoungGen: 14017K->0K(102400K)] [ParOldGen: 229934K->26213K(232960K)] 243952K->26213K(335360K) [PSPermGen: 6088K->6088K(21504K)], 0.0111920 secs] [Times: user=0.05 sys=0.00, real=0.02 secs] 
92.685: Total time for which application threads were stopped: 0.0173070 seconds, Stopping threads took: 0.0000830 seconds
92.864: Application time: 0.1784620 seconds
92.864: [GC [PSYoungGen: 87689K->14314K(102400K)] 113903K->43386K(335360K), 0.0050240 secs] [Times: user=0.04 sys=0.00, real=0.00 secs] 
92.869: Total time for which application threads were stopped: 0.0051680 seconds, Stopping threads took: 0.0000610 seconds
93.254: Application time: 0.3849870 seconds
93.254: [GC [PSYoungGen: 101995K->13729K(102400K)] 131067K->47076K(335360K), 0.0052140 secs] [Times: user=0.03 sys=0.01, real=0.01 secs] 
93.259: Total time for which application threads were stopped: 0.0053720 seconds, Stopping threads took: 0.0000590 seconds
93.624: Application time: 0.3646920 seconds
93.624: [GC [PSYoungGen: 101419K->13793K(102400K)] 134766K->54266K(335360K), 0.0059820 secs] [Times: user=0.05 sys=0.00, real=0.00 secs] 
93.630: Total time for which application threads were stopped: 0.0061450 seconds, Stopping threads took: 0.0000770 seconds
93.997: Application time: 0.3669120 seconds
93.997: [GC [PSYoungGen: 101460K->13794K(102400K)] 141932K->57116K(335360K), 0.0048760 secs] [Times: user=0.04 sys=0.00, real=0.00 secs] 
94.002: Total time for which application threads were stopped: 0.0050480 seconds, Stopping threads took: 0.0000730 seconds
94.324: Application time: 0.3224800 seconds
94.325: [GC [PSYoungGen: 101479K->13762K(102400K)] 144801K->59934K(335360K), 0.0048870 secs] [Times: user=0.04 sys=0.00, real=0.00 secs] 
94.330: Total time for which application threads were stopped: 0.0050300 seconds, Stopping threads took: 0.0000600 seconds
94.608: Application time: 0.2784550 seconds
94.608: [GC [PSYoungGen: 101457K->13794K(102400K)] 147629K->65667K(335360K), 0.0056700 secs] [Times: user=0.04 sys=0.00, real=0.00 secs] 
94.614: Total time for which application threads were stopped: 0.0058390 seconds, Stopping threads took: 0.0000750 seconds
94.911: Application time: 0.2970710 seconds
94.911: [GC [PSYoungGen: 101465K->13794K(102400K)] 153338K->69230K(335360K), 0.0050190 secs] [Times: user=0.03 sys=0.00, real=0.01 secs] 
94.916: Total time for which application threads were stopped: 0.0051720 seconds, Stopping threads took: 0.0000680 seconds
95.113: Application time: 0.1970240 seconds
95.113: [GC [PSYoungGen: 101512K->13794K(102400K)] 156948K->74931K(335360K), 0.0059060 secs] [Times: user=0.04 sys=0.00, real=0.01 secs] 
95.119: Total time for which application threads were stopped: 0.0061090 seconds, Stopping threads took: 0.0000900 seconds
95.149: Application time: 0.0296340 seconds
95.149: [GC [PSYoungGen: 101478K->13795K(102400K)] 162614K->78494K(335360K), 0.0053620 secs] [Times: user=0.04 sys=0.00, real=0.00 secs] 
95.154: Total time for which application threads were stopped: 0.0055560 seconds, Stopping threads took: 0.0001020 seconds
95.332: Application time: 0.1775980 seconds
95.332: [GC [PSYoungGen: 101508K->13826K(102400K)] 166208K->82088K(335360K), 0.0052980 secs] [Times: user=0.04 sys=0.00, real=0.01 secs] 
95.337: Total time for which application threads were stopped: 0.0054970 seconds, Stopping threads took: 0.0001110 seconds
95.368: Application time: 0.0308250 seconds
95.368: [GC [PSYoungGen: 101518K->13795K(102400K)] 169780K->83482K(335360K), 0.0047290 secs] [Times: user=0.03 sys=0.00, real=0.00 secs] 
95.373: Total time for which application threads were stopped: 0.0049040 seconds, Stopping threads took: 0.0000870 seconds
95.605: Application time: 0.2317090 seconds
95.605: [GC [PSYoungGen: 101474K->13858K(102400K)] 171161K->87821K(335360K), 0.0053530 secs] [Times: user=0.04 sys=0.00, real=0.00 secs] 
95.610: Total time for which application threads were stopped: 0.0055340 seconds, Stopping threads took: 0.0000870 seconds
95.657: Application time: 0.0461400 seconds
95.657: [GC [PSYoungGen: 101558K->13858K(102400K)] 175520K->89246K(335360K), 0.0047950 secs] [Times: user=0.03 sys=0.00, real=0.00 secs] 
95.662: Total time for which application threads were stopped: 0.0049800 seconds, Stopping threads took: 0.0000820 seconds
95.825: Application time: 0.1630550 seconds
95.825: [GC [PSYoungGen: 101540K->13890K(102400K)] 176928K->92840K(335360K), 0.0051830 secs] [Times: user=0.04 sys=0.00, real=0.00 secs] 
95.830: Total time for which application threads were stopped: 0.0053750 seconds, Stopping threads took: 0.0001070 seconds
95.956: Application time: 0.1260180 seconds
95.956: [GC [PSYoungGen: 101577K->13938K(102400K)] 180527K->93601K(335360K), 0.0044140 secs] [Times: user=0.03 sys=0.00, real=0.00 secs] 
95.961: Total time for which application threads were stopped: 0.0045760 seconds, Stopping threads took: 0.0000750 seconds
95.984: Application time: 0.0233410 seconds
95.984: [GC [PSYoungGen: 101663K->13938K(102400K)] 181326K->96459K(335360K), 0.0051120 secs] [Times: user=0.03 sys=0.00, real=0.00 secs] 
95.989: Total time for which application threads were stopped: 0.0053050 seconds, Stopping threads took: 0.0001030 seconds
96.018: Application time: 0.0290830 seconds
96.018: [GC [PSYoungGen: 101618K->13922K(102400K)] 184140K->100006K(335360K), 0.0053940 secs] [Times: user=0.04 sys=0.00, real=0.01 secs] 
96.024: Total time for which application threads were stopped: 0.0055700 seconds, Stopping threads took: 0.0000910 seconds
96.275: Application time: 0.2506060 seconds
96.275: [GC [PSYoungGen: 101605K->13953K(102400K)] 187689K->103600K(335360K), 0.0051700 secs] [Times: user=0.04 sys=0.00, real=0.01 secs] 
96.280: Total time for which application threads were stopped: 0.0053310 seconds, Stopping threads took: 0.0000690 seconds
96.355: Application time: 0.0749740 seconds
96.355: [GC [PSYoungGen: 101523K->14001K(102400K)] 191169K->105073K(335360K), 0.0047840 secs] [Times: user=0.04 sys=0.00, real=0.01 secs] 
96.360: Total time for which application threads were stopped: 0.0049630 seconds, Stopping threads took: 0.0000900 seconds
96.384: Application time: 0.0246060 seconds
96.385: [GC [PSYoungGen: 101853K->13873K(102400K)] 192924K->108508K(335360K), 0.0053730 secs] [Times: user=0.04 sys=0.00, real=0.00 secs] 
96.390: Total time for which application threads were stopped: 0.0055600 seconds, Stopping threads took: 0.0001030 seconds
96.420: Application time: 0.0303920 seconds
96.420: [GC [PSYoungGen: 101548K->13954K(102400K)] 196182K->110733K(335360K), 0.0050570 secs] [Times: user=0.04 sys=0.00, real=0.01 secs] 
96.426: Total time for which application threads were stopped: 0.0052290 seconds, Stopping threads took: 0.0000850 seconds
96.494: Application time: 0.0686100 seconds
96.494: [GC [PSYoungGen: 101670K->14017K(102400K)] 198450K->112935K(335360K), 0.0049950 secs] [Times: user=0.04 sys=0.00, real=0.01 secs] 
96.499: Total time for which application threads were stopped: 0.0051830 seconds, Stopping threads took: 0.0001020 seconds
96.613: Application time: 0.1138450 seconds
96.613: [GC [PSYoungGen: 101707K->13953K(102400K)] 200624K->116473K(335360K), 0.0051920 secs] [Times: user=0.04 sys=0.00, real=0.01 secs] 
96.619: Total time for which application threads were stopped: 0.0053490 seconds, Stopping threads took: 0.0000720 seconds
97.025: Application time: 0.4064380 seconds
97.025: [GC [PSYoungGen: 101626K->13953K(102400K)] 204146K->120748K(335360K), 0.0054120 secs] [Times: user=0.04 sys=0.00, real=0.00 secs] 
97.031: Total time for which application threads were stopped: 0.0055610 seconds, Stopping threads took: 0.0000560 seconds
97.387: Application time: 0.3567440 seconds
97.387: [GC [PSYoungGen: 101641K->13953K(102400K)] 208436K->125064K(335360K), 0.0053830 secs] [Times: user=0.03 sys=0.00, real=0.00 secs] 
97.393: Total time for which application threads were stopped: 0.0055400 seconds, Stopping threads took: 0.0000690 seconds
97.740: Application time: 0.3467970 seconds
97.740: [GC [PSYoungGen: 101628K->13938K(102400K)] 212738K->130035K(335360K), 0.0055380 secs] [Times: user=0.04 sys=0.00, real=0.01 secs] 
97.745: Total time for which application threads were stopped: 0.0057080 seconds, Stopping threads took: 0.0000680 seconds
98.067: Application time: 0.3217890 seconds
98.067: [GC [PSYoungGen: 101623K->13954K(102400K)] 217720K->135752K(335360K), 0.0057980 secs] [Times: user=0.05 sys=0.00, real=0.00 secs] 
98.073: Total time for which application threads were stopped: 0.0059510 seconds, Stopping threads took: 0.0000710 seconds
98.362: Application time: 0.2891830 seconds
98.362: [GC [PSYoungGen: 101640K->13954K(102400K)] 223438K->140068K(335360K), 0.0054240 secs] [Times: user=0.04 sys=0.00, real=0.01 secs] 
98.368: Total time for which application threads were stopped: 0.0056090 seconds, Stopping threads took: 0.0000920 seconds
98.660: Application time: 0.2921860 seconds
98.660: [GC [PSYoungGen: 101633K->13890K(102400K)] 227747K->144279K(335360K), 0.0054270 secs] [Times: user=0.04 sys=0.00, real=0.01 secs] 
98.666: Total time for which application threads were stopped: 0.0056040 seconds, Stopping threads took: 0.0000930 seconds
98.937: Application time: 0.2717270 seconds
98.938: [GC [PSYoungGen: 101602K->13890K(102400K)] 231991K->148631K(335360K), 0.0054600 secs] [Times: user=0.04 sys=0.00, real=0.00 secs] 
98.943: Total time for which application threads were stopped: 0.0056310 seconds, Stopping threads took: 0.0000740 seconds
98.978: Application time: 0.0347010 seconds
98.978: [GC [PSYoungGen: 101560K->13891K(102400K)] 236301K->151481K(335360K), 0.0051340 secs] [Times: user=0.03 sys=0.00, real=0.00 secs] 
98.983: Total time for which application threads were stopped: 0.0053100 seconds, Stopping threads took: 0.0000900 seconds
99.100: Application time: 0.1171590 seconds
99.100: [GC [PSYoungGen: 101618K->13922K(102400K)] 239209K->155076K(335360K), 0.0052870 secs] [Times: user=0.04 sys=0.00, real=0.01 secs] 
99.106: Total time for which application threads were stopped: 0.0054560 seconds, Stopping threads took: 0.0000840 seconds
99.140: Application time: 0.0340200 seconds
99.140: [GC [PSYoungGen: 101601K->13891K(102400K)] 242755K->157182K(335360K), 0.0050110 secs] [Times: user=0.03 sys=0.00, real=0.01 secs] 
99.145: Total time for which application threads were stopped: 0.0051740 seconds, Stopping threads took: 0.0000800 seconds
99.356: Application time: 0.2115050 seconds
99.357: [GC [PSYoungGen: 101581K->13858K(102400K)] 244872K->162213K(335360K), 0.0055820 secs] [Times: user=0.05 sys=0.00, real=0.00 secs] 
99.362: Total time for which application threads were stopped: 0.0057300 seconds, Stopping threads took: 0.0000620 seconds
99.473: Application time: 0.1109340 seconds
99.473: [GC [PSYoungGen: 101566K->13922K(102400K)] 249922K->165840K(335360K), 0.0053770 secs] [Times: user=0.04 sys=0.00, real=0.01 secs] 
99.479: Total time for which application threads were stopped: 0.0055710 seconds, Stopping threads took: 0.0000910 seconds
99.587: Application time: 0.1079400 seconds
99.587: [GC [PSYoungGen: 101606K->13922K(102400K)] 253524K->169402K(335360K), 0.0052700 secs] [Times: user=0.04 sys=0.00, real=0.00 secs] 
99.592: Total time for which application threads were stopped: 0.0054230 seconds, Stopping threads took: 0.0000690 seconds
99.734: Application time: 0.1423220 seconds
99.734: [GC [PSYoungGen: 101356K->13225K(102400K)] 256837K->168746K(335360K), 0.0039750 secs] [Times: user=0.03 sys=0.00, real=0.01 secs] 
99.739: Total time for which application threads were stopped: 0.0041450 seconds, Stopping threads took: 0.0000840 seconds
99.764: Application time: 0.0255790 seconds
99.764: [GC [PSYoungGen: 101203K->13922K(102400K)] 256723K->172293K(335360K), 0.0051640 secs] [Times: user=0.04 sys=0.00, real=0.00 secs] 
99.769: Total time for which application threads were stopped: 0.0053430 seconds, Stopping threads took: 0.0000910 seconds
99.800: Application time: 0.0305520 seconds
99.800: [GC [PSYoungGen: 101606K->13890K(102400K)] 259977K->173686K(335360K), 0.0048830 secs] [Times: user=0.04 sys=0.00, real=0.01 secs] 
99.805: Total time for which application threads were stopped: 0.0050630 seconds, Stopping threads took: 0.0000930 seconds
100.039: Application time: 0.2334630 seconds
100.039: [GC [PSYoungGen: 101573K->13841K(102400K)] 261369K->178625K(335360K), 0.0056760 secs] [Times: user=0.04 sys=0.00, real=0.01 secs] 
100.044: Total time for which application threads were stopped: 0.0058280 seconds, Stopping threads took: 0.0000570 seconds
100.204: Application time: 0.1599550 seconds
100.204: [GC [PSYoungGen: 101540K->13857K(102400K)] 266324K->182916K(335360K), 0.0055890 secs] [Times: user=0.04 sys=0.00, real=0.00 secs] 
100.210: Total time for which application threads were stopped: 0.0057540 seconds, Stopping threads took: 0.0000800 seconds
100.237: Application time: 0.0273920 seconds
100.238: [GC [PSYoungGen: 101568K->13954K(102400K)] 270627K->184437K(335360K), 0.0048250 secs] [Times: user=0.03 sys=0.00, real=0.00 secs] 
100.243: Total time for which application threads were stopped: 0.0053990 seconds, Stopping threads took: 0.0004830 seconds
100.273: Application time: 0.0298050 seconds
100.273: [GC [PSYoungGen: 101633K->13954K(102400K)] 272117K->186575K(335360K), 0.0050390 secs] [Times: user=0.04 sys=0.00, real=0.01 secs] 
100.278: Total time for which application threads were stopped: 0.0052120 seconds, Stopping threads took: 0.0000860 seconds
100.351: Application time: 0.0731240 seconds
100.351: [GC [PSYoungGen: 101673K->13905K(102400K)] 274295K->190802K(335360K), 0.0057010 secs] [Times: user=0.04 sys=0.00, real=0.01 secs] 
100.357: Total time for which application threads were stopped: 0.0058800 seconds, Stopping threads took: 0.0000900 seconds
100.387: Application time: 0.0298830 seconds
100.387: [GC [PSYoungGen: 101578K->13954K(102400K)] 278475K->192323K(335360K), 0.0049250 secs] [Times: user=0.03 sys=0.00, real=0.00 secs] 
100.392: Total time for which application threads were stopped: 0.0050980 seconds, Stopping threads took: 0.0000880 seconds
100.734: Application time: 0.3419410 seconds
100.734: [GC [PSYoungGen: 101643K->13953K(102400K)] 280012K->198023K(335360K), 0.0058610 secs] [Times: user=0.04 sys=0.00, real=0.01 secs] 
100.740: Total time for which application threads were stopped: 0.0060260 seconds, Stopping threads took: 0.0000690 seconds
101.101: Application time: 0.3607730 seconds
101.101: [GC [PSYoungGen: 101634K->13985K(102400K)] 285704K->202370K(335360K), 0.0054400 secs] [Times: user=0.04 sys=0.00, real=0.01 secs] 
101.106: Total time for which application threads were stopped: 0.0055870 seconds, Stopping threads took: 0.0000580 seconds
101.459: Application time: 0.3532940 seconds
101.460: [GC [PSYoungGen: 101667K->13954K(102400K)] 290052K->208039K(335360K), 0.0058730 secs] [Times: user=0.04 sys=0.01, real=0.01 secs] 
101.466: Total time for which application threads were stopped: 0.0060360 seconds, Stopping threads took: 0.0000670 seconds
101.797: Application time: 0.3310850 seconds
101.797: [GC [PSYoungGen: 101639K->13954K(102400K)] 295724K->211602K(335360K), 0.0052930 secs] [Times: user=0.04 sys=0.00, real=0.00 secs] 
101.802: Total time for which application threads were stopped: 0.0054390 seconds, Stopping threads took: 0.0000610 seconds
102.122: Application time: 0.3197680 seconds
102.122: [GC [PSYoungGen: 101640K->13922K(102400K)] 299288K->215173K(335360K), 0.0051820 secs] [Times: user=0.04 sys=0.00, real=0.01 secs] 
102.127: Total time for which application threads were stopped: 0.0053630 seconds, Stopping threads took: 0.0000740 seconds
102.413: Application time: 0.2859990 seconds
102.413: [GC [PSYoungGen: 101601K->13922K(102400K)] 302851K->220161K(335360K), 0.0056530 secs] [Times: user=0.04 sys=0.00, real=0.01 secs] 
102.419: Total time for which application threads were stopped: 0.0058120 seconds, Stopping threads took: 0.0000710 seconds
102.713: Application time: 0.2940930 seconds
102.713: [GC [PSYoungGen: 101601K->13890K(102400K)] 307840K->224472K(335360K), 0.0055360 secs] [Times: user=0.05 sys=0.00, real=0.01 secs] 
102.719: Total time for which application threads were stopped: 0.0057070 seconds, Stopping threads took: 0.0000660 seconds
102.835: Application time: 0.1161250 seconds
102.835: [GC [PSYoungGen: 101599K->13890K(102400K)] 312181K->228035K(335360K), 0.0052750 secs] [Times: user=0.04 sys=0.00, real=0.01 secs] 
102.840: Total time for which application threads were stopped: 0.0054570 seconds, Stopping threads took: 0.0000940 seconds
102.874: Application time: 0.0339150 seconds
102.875: [GC [PSYoungGen: 101607K->13922K(102400K)] 315752K->228780K(335360K), 0.0045740 secs] [Times: user=0.03 sys=0.00, real=0.01 secs] 
102.879: Total time for which application threads were stopped: 0.0048770 seconds, Stopping threads took: 0.0002070 seconds
102.916: Application time: 0.0365630 seconds
102.916: [GC [PSYoungGen: 101598K->13922K(102400K)] 316456K->231630K(335360K), 0.0052780 secs] [Times: user=0.03 sys=0.00, real=0.00 secs] 
102.921: Total time for which application threads were stopped: 0.0054400 seconds, Stopping threads took: 0.0000790 seconds
103.111: Application time: 0.1893910 seconds
103.111: [GC [PSYoungGen: 101621K->13922K(102400K)] 319329K->237362K(335360K), 0.0058450 secs] [Times: user=0.05 sys=0.00, real=0.01 secs] 
103.117: Total time for which application threads were stopped: 0.0059960 seconds, Stopping threads took: 0.0000640 seconds
103.291: Application time: 0.1748210 seconds
103.292: [GC [PSYoungGen: 101621K->13794K(102400K)] 325061K->241558K(335360K), 0.0056490 secs] [Times: user=0.04 sys=0.00, real=0.01 secs] 
103.297: [Full GC [PSYoungGen: 13794K->0K(102400K)] [ParOldGen: 227763K->29066K(232960K)] 241558K->29066K(335360K) [PSPermGen: 6090K->6090K(21504K)], 0.0117200 secs] [Times: user=0.06 sys=0.00, real=0.01 secs] 
103.309: Total time for which application threads were stopped: 0.0176160 seconds, Stopping threads took: 0.0000900 seconds
103.340: Application time: 0.0311730 seconds
103.340: [GC [PSYoungGen: 87674K->6476K(102400K)] 116741K->35543K(335360K), 0.0023070 secs] [Times: user=0.02 sys=0.00, real=0.00 secs] 
103.343: Total time for which application threads were stopped: 0.0024650 seconds, Stopping threads took: 0.0000760 seconds
103.506: Application time: 0.1629100 seconds
103.506: [GC [PSYoungGen: 94216K->13730K(102400K)] 123282K->44934K(335360K), 0.0048710 secs] [Times: user=0.04 sys=0.00, real=0.00 secs] 
103.511: Total time for which application threads were stopped: 0.0050420 seconds, Stopping threads took: 0.0000830 seconds
103.533: Application time: 0.0225980 seconds
103.533: [GC [PSYoungGen: 101407K->13746K(102400K)] 132611K->45662K(335360K), 0.0044320 secs] [Times: user=0.03 sys=0.00, real=0.01 secs] 
103.538: Total time for which application threads were stopped: 0.0047400 seconds, Stopping threads took: 0.0002230 seconds
103.561: Application time: 0.0232430 seconds
103.561: [GC [PSYoungGen: 101425K->13730K(102400K)] 133341K->48497K(335360K), 0.0051380 secs] [Times: user=0.03 sys=0.00, real=0.01 secs] 
103.567: Total time for which application threads were stopped: 0.0052890 seconds, Stopping threads took: 0.0000660 seconds
103.747: Application time: 0.1805160 seconds
103.747: [GC [PSYoungGen: 101416K->13761K(102400K)] 136183K->52091K(335360K), 0.0051570 secs] [Times: user=0.03 sys=0.01, real=0.00 secs] 
103.752: Total time for which application threads were stopped: 0.0053100 seconds, Stopping threads took: 0.0000700 seconds
103.931: Application time: 0.1783310 seconds
103.931: [GC [PSYoungGen: 101468K->13825K(102400K)] 139798K->57143K(335360K), 0.0056970 secs] [Times: user=0.04 sys=0.00, real=0.01 secs] 
103.937: Total time for which application threads were stopped: 0.0058880 seconds, Stopping threads took: 0.0000940 seconds
103.969: Application time: 0.0327670 seconds
103.969: [GC [PSYoungGen: 101889K->13889K(102400K)] 145207K->57207K(335360K), 0.0041020 secs] [Times: user=0.03 sys=0.00, real=0.00 secs] 
103.974: Total time for which application threads were stopped: 0.0042610 seconds, Stopping threads took: 0.0000760 seconds
104.015: Application time: 0.0418180 seconds
104.016: [GC [PSYoungGen: 101246K->13857K(102400K)] 144563K->59312K(335360K), 0.0048820 secs] [Times: user=0.03 sys=0.00, real=0.00 secs] 
104.021: Total time for which application threads were stopped: 0.0057370 seconds, Stopping threads took: 0.0007680 seconds
104.042: Application time: 0.0212410 seconds
104.043: [GC [PSYoungGen: 101527K->13890K(102400K)] 146982K->62907K(335360K), 0.0053210 secs] [Times: user=0.03 sys=0.00, real=0.01 secs] 
104.048: Total time for which application threads were stopped: 0.0054900 seconds, Stopping threads took: 0.0000850 seconds
104.087: Application time: 0.0392470 seconds
104.087: [GC [PSYoungGen: 101583K->13953K(102400K)] 150601K->62971K(335360K), 0.0040780 secs] [Times: user=0.03 sys=0.00, real=0.00 secs] 
104.091: Total time for which application threads were stopped: 0.0042430 seconds, Stopping threads took: 0.0000790 seconds
104.471: Application time: 0.3799260 seconds
104.471: [GC [PSYoungGen: 101634K->13953K(102400K)] 150651K->67246K(335360K), 0.0052870 secs] [Times: user=0.04 sys=0.00, real=0.01 secs] 
104.477: Total time for which application threads were stopped: 0.0054490 seconds, Stopping threads took: 0.0000680 seconds
104.880: Application time: 0.4035640 seconds
104.880: [GC [PSYoungGen: 101626K->13921K(102400K)] 154918K->71489K(335360K), 0.0052560 secs] [Times: user=0.04 sys=0.00, real=0.01 secs] 
104.886: Total time for which application threads were stopped: 0.0054000 seconds, Stopping threads took: 0.0000610 seconds
105.245: Application time: 0.3594330 seconds
105.245: [GC [PSYoungGen: 101603K->13953K(102400K)] 159171K->77221K(335360K), 0.0056400 secs] [Times: user=0.05 sys=0.00, real=0.00 secs] 
105.251: Total time for which application threads were stopped: 0.0057920 seconds, Stopping threads took: 0.0000620 seconds
105.579: Application time: 0.3280660 seconds
105.579: [GC [PSYoungGen: 101638K->13890K(102400K)] 164905K->81433K(335360K), 0.0053660 secs] [Times: user=0.04 sys=0.00, real=0.01 secs] 
105.585: Total time for which application threads were stopped: 0.0055240 seconds, Stopping threads took: 0.0000720 seconds
105.887: Application time: 0.3024320 seconds
105.887: [GC [PSYoungGen: 101576K->13922K(102400K)] 169119K->85740K(335360K), 0.0053540 secs] [Times: user=0.04 sys=0.01, real=0.00 secs] 
105.892: Total time for which application threads were stopped: 0.0055200 seconds, Stopping threads took: 0.0000640 seconds
106.166: Application time: 0.2734170 seconds
106.166: [GC [PSYoungGen: 101609K->13890K(102400K)] 173427K->88559K(335360K), 0.0049680 secs] [Times: user=0.03 sys=0.00, real=0.00 secs] 
106.171: Total time for which application threads were stopped: 0.0052410 seconds, Stopping threads took: 0.0001870 seconds
106.465: Application time: 0.2933790 seconds
106.465: [GC [PSYoungGen: 101570K->13890K(102400K)] 176238K->92198K(335360K), 0.0052210 secs] [Times: user=0.04 sys=0.00, real=0.00 secs] 
106.470: Total time for which application threads were stopped: 0.0054000 seconds, Stopping threads took: 0.0000810 seconds
106.638: Application time: 0.1677260 seconds
106.638: [GC [PSYoungGen: 101590K->13810K(102400K)] 179898K->95681K(335360K), 0.0053020 secs] [Times: user=0.04 sys=0.00, real=0.00 secs] 
106.643: Total time for which application threads were stopped: 0.0054770 seconds, Stopping threads took: 0.0000900 seconds
106.673: Application time: 0.0301790 seconds
106.673: [GC [PSYoungGen: 101483K->13842K(102400K)] 183354K->96425K(335360K), 0.0045240 secs] [Times: user=0.04 sys=0.00, real=0.01 secs] 
106.678: Total time for which application threads were stopped: 0.0047110 seconds, Stopping threads took: 0.0001000 seconds
106.735: Application time: 0.0567570 seconds
106.736: [GC [PSYoungGen: 101566K->13890K(102400K)] 184149K->98611K(335360K), 0.0049830 secs] [Times: user=0.04 sys=0.00, real=0.00 secs] 
106.741: Total time for which application threads were stopped: 0.0057970 seconds, Stopping threads took: 0.0007230 seconds
106.876: Application time: 0.1351190 seconds
106.876: [GC [PSYoungGen: 101592K->13922K(102400K)] 186313K->102246K(335360K), 0.0051410 secs] [Times: user=0.04 sys=0.00, real=0.00 secs] 
106.881: Total time for which application threads were stopped: 0.0053600 seconds, Stopping threads took: 0.0001250 seconds
107.107: Application time: 0.2256080 seconds
107.107: [GC [PSYoungGen: 101616K->13810K(102400K)] 189940K->107177K(335360K), 0.0057420 secs] [Times: user=0.04 sys=0.00, real=0.00 secs] 
107.113: Total time for which application threads were stopped: 0.0059190 seconds, Stopping threads took: 0.0000750 seconds
107.145: Application time: 0.0318980 seconds
107.145: [GC [PSYoungGen: 101492K->13858K(102400K)] 194860K->108707K(335360K), 0.0047700 secs] [Times: user=0.03 sys=0.00, real=0.00 secs] 
107.149: Total time for which application threads were stopped: 0.0049360 seconds, Stopping threads took: 0.0000790 seconds
107.293: Application time: 0.1432960 seconds
107.293: [GC [PSYoungGen: 101396K->13938K(102400K)] 196245K->110924K(335360K), 0.0048980 secs] [Times: user=0.04 sys=0.00, real=0.01 secs] 
107.298: Total time for which application threads were stopped: 0.0050910 seconds, Stopping threads took: 0.0001050 seconds
107.323: Application time: 0.0250180 seconds
107.324: [GC [PSYoungGen: 101807K->13922K(102400K)] 198793K->112333K(335360K), 0.0046890 secs] [Times: user=0.04 sys=0.00, real=0.00 secs] 
107.328: Total time for which application threads were stopped: 0.0054240 seconds, Stopping threads took: 0.0006500 seconds
107.351: Application time: 0.0227780 seconds
107.351: [GC [PSYoungGen: 101603K->13890K(102400K)] 200015K->113014K(335360K), 0.0045620 secs] [Times: user=0.04 sys=0.00, real=0.01 secs] 
107.356: Total time for which application threads were stopped: 0.0047460 seconds, Stopping threads took: 0.0000910 seconds
107.519: Application time: 0.1630330 seconds
107.519: [GC [PSYoungGen: 101572K->13953K(102400K)] 200696K->115927K(335360K), 0.0049780 secs] [Times: user=0.04 sys=0.00, real=0.01 secs] 
107.524: Total time for which application threads were stopped: 0.0051470 seconds, Stopping threads took: 0.0000800 seconds
107.771: Application time: 0.2466920 seconds
107.771: [GC [PSYoungGen: 101667K->13953K(102400K)] 203641K->120202K(335360K), 0.0055310 secs] [Times: user=0.04 sys=0.00, real=0.01 secs] 
107.776: Total time for which application threads were stopped: 0.0057260 seconds, Stopping threads took: 0.0001010 seconds
107.813: Application time: 0.0361710 seconds
107.813: [GC [PSYoungGen: 101478K->14002K(102400K)] 207727K->120963K(335360K), 0.0045870 secs] [Times: user=0.03 sys=0.00, real=0.01 secs] 
107.817: Total time for which application threads were stopped: 0.0048000 seconds, Stopping threads took: 0.0001280 seconds
107.852: Application time: 0.0346830 seconds
107.852: [GC [PSYoungGen: 101863K->13985K(102400K)] 208825K->123797K(335360K), 0.0051830 secs] [Times: user=0.04 sys=0.00, real=0.01 secs] 
107.857: Total time for which application threads were stopped: 0.0053390 seconds, Stopping threads took: 0.0000680 seconds
107.916: Application time: 0.0587030 seconds
107.916: [GC [PSYoungGen: 101701K->14017K(102400K)] 211512K->127391K(335360K), 0.0053720 secs] [Times: user=0.04 sys=0.00, real=0.00 secs] 
107.922: Total time for which application threads were stopped: 0.0055530 seconds, Stopping threads took: 0.0000940 seconds
107.956: Application time: 0.0344620 seconds
107.956: [GC [PSYoungGen: 101696K->14002K(102400K)] 215070K->129513K(335360K), 0.0050910 secs] [Times: user=0.04 sys=0.00, real=0.00 secs] 
107.961: Total time for which application threads were stopped: 0.0052620 seconds, Stopping threads took: 0.0000850 seconds
108.231: Application time: 0.2691570 seconds
108.231: [GC [PSYoungGen: 101679K->13953K(102400K)] 217190K->133068K(335360K), 0.0050660 secs] [Times: user=0.02 sys=0.01, real=0.01 secs] 
108.236: Total time for which application threads were stopped: 0.0052130 seconds, Stopping threads took: 0.0000640 seconds
108.588: Application time: 0.3523430 seconds
108.588: [GC [PSYoungGen: 101634K->13985K(102400K)] 220749K->138087K(335360K), 0.0055670 secs] [Times: user=0.04 sys=0.00, real=0.00 secs] 
108.594: Total time for which application threads were stopped: 0.0057480 seconds, Stopping threads took: 0.0000830 seconds
108.946: Application time: 0.3520000 seconds
108.946: [GC [PSYoungGen: 101676K->13954K(102400K)] 225778K->143091K(335360K), 0.0056550 secs] [Times: user=0.04 sys=0.00, real=0.00 secs] 
108.952: Total time for which application threads were stopped: 0.0058060 seconds, Stopping threads took: 0.0000670 seconds
109.305: Application time: 0.3533600 seconds
109.305: [GC [PSYoungGen: 101638K->13922K(102400K)] 230775K->147335K(335360K), 0.0053720 secs] [Times: user=0.04 sys=0.00, real=0.00 secs] 
109.311: Total time for which application threads were stopped: 0.0055310 seconds, Stopping threads took: 0.0000620 seconds
109.608: Application time: 0.2975960 seconds
109.608: [GC [PSYoungGen: 101599K->13922K(102400K)] 235012K->152363K(335360K), 0.0056600 secs] [Times: user=0.05 sys=0.00, real=0.00 secs] 
109.614: Total time for which application threads were stopped: 0.0058020 seconds, Stopping threads took: 0.0000560 seconds
109.904: Application time: 0.2897770 seconds
109.904: [GC [PSYoungGen: 101618K->13954K(102400K)] 240059K->156670K(335360K), 0.0053460 secs] [Times: user=0.04 sys=0.00, real=0.00 secs] 
109.909: Total time for which application threads were stopped: 0.0055110 seconds, Stopping threads took: 0.0000700 seconds
110.197: Application time: 0.2881800 seconds
110.198: [GC [PSYoungGen: 101633K->13826K(102400K)] 244349K->160181K(335360K), 0.0052760 secs] [Times: user=0.04 sys=0.00, real=0.00 secs] 
110.203: Total time for which application threads were stopped: 0.0054430 seconds, Stopping threads took: 0.0000810 seconds
110.334: Application time: 0.1313920 seconds
110.334: [GC [PSYoungGen: 101528K->13826K(102400K)] 247883K->165169K(335360K), 0.0057930 secs] [Times: user=0.04 sys=0.00, real=0.01 secs] 
110.340: Total time for which application threads were stopped: 0.0059760 seconds, Stopping threads took: 0.0000930 seconds
110.379: Application time: 0.0388610 seconds
110.379: [GC [PSYoungGen: 101517K->13890K(102400K)] 252860K->166658K(335360K), 0.0046020 secs] [Times: user=0.04 sys=0.00, real=0.01 secs] 
110.384: Total time for which application threads were stopped: 0.0047580 seconds, Stopping threads took: 0.0000730 seconds
110.564: Application time: 0.1797670 seconds
110.564: [GC [PSYoungGen: 101608K->13922K(102400K)] 254376K->172391K(335360K), 0.0059880 secs] [Times: user=0.05 sys=0.00, real=0.00 secs] 
110.570: Total time for which application threads were stopped: 0.0061850 seconds, Stopping threads took: 0.0001000 seconds
110.607: Application time: 0.0374120 seconds
110.607: [GC [PSYoungGen: 101606K->13890K(102400K)] 260074K->172391K(335360K), 0.0042010 secs] [Times: user=0.03 sys=0.00, real=0.00 secs] 
110.612: Total time for which application threads were stopped: 0.0043990 seconds, Stopping threads took: 0.0001120 seconds
110.891: Application time: 0.2793260 seconds
110.891: [GC [PSYoungGen: 101592K->13890K(102400K)] 260092K->176706K(335360K), 0.0055360 secs] [Times: user=0.05 sys=0.00, real=0.01 secs] 
110.897: Total time for which application threads were stopped: 0.0057220 seconds, Stopping threads took: 0.0001020 seconds
110.933: Application time: 0.0365990 seconds
110.933: [GC [PSYoungGen: 101565K->13826K(102400K)] 264381K->177355K(335360K), 0.0046050 secs] [Times: user=0.03 sys=0.00, real=0.01 secs] 
110.938: Total time for which application threads were stopped: 0.0047710 seconds, Stopping threads took: 0.0000820 seconds
111.107: Application time: 0.1685790 seconds
111.107: [GC [PSYoungGen: 101535K->13810K(102400K)] 265063K->181662K(335360K), 0.0055970 secs] [Times: user=0.04 sys=0.00, real=0.00 secs] 
111.112: Total time for which application threads were stopped: 0.0057990 seconds, Stopping threads took: 0.0001110 seconds
111.150: Application time: 0.0371750 seconds
111.150: [GC [PSYoungGen: 101420K->13241K(102400K)] 269272K->181093K(335360K), 0.0313750 secs] [Times: user=0.21 sys=0.00, real=0.03 secs] 
111.181: Total time for which application threads were stopped: 0.0315250 seconds, Stopping threads took: 0.0000700 seconds
111.225: Application time: 0.0440390 seconds
111.225: [GC [PSYoungGen: 101016K->13858K(102400K)] 268868K->185272K(335360K), 0.0054900 secs] [Times: user=0.04 sys=0.00, real=0.00 secs] 
111.231: Total time for which application threads were stopped: 0.0056570 seconds, Stopping threads took: 0.0000800 seconds
111.261: Application time: 0.0303310 seconds
111.261: [GC [PSYoungGen: 101535K->13890K(102400K)] 272949K->185304K(335360K), 0.0044190 secs] [Times: user=0.03 sys=0.00, real=0.01 secs] 
111.266: Total time for which application threads were stopped: 0.0045900 seconds, Stopping threads took: 0.0000860 seconds
111.566: Application time: 0.3006200 seconds
111.567: [GC [PSYoungGen: 101604K->13953K(102400K)] 273018K->189643K(335360K), 0.0056030 secs] [Times: user=0.04 sys=0.00, real=0.00 secs] 
111.572: Total time for which application threads were stopped: 0.0057750 seconds, Stopping threads took: 0.0000830 seconds
111.606: Application time: 0.0341300 seconds
111.606: [GC [PSYoungGen: 101632K->13954K(102400K)] 277321K->191781K(335360K), 0.0050240 secs] [Times: user=0.04 sys=0.00, real=0.00 secs] 
111.612: Total time for which application threads were stopped: 0.0052200 seconds, Stopping threads took: 0.0001070 seconds
111.649: Application time: 0.0374090 seconds
111.649: [GC [PSYoungGen: 101659K->13953K(102400K)] 279487K->193918K(335360K), 0.0050280 secs] [Times: user=0.04 sys=0.00, real=0.00 secs] 
111.654: Total time for which application threads were stopped: 0.0052120 seconds, Stopping threads took: 0.0000880 seconds
111.721: Application time: 0.0665880 seconds
111.721: [GC [PSYoungGen: 101677K->14017K(102400K)] 281642K->196120K(335360K), 0.0047470 secs] [Times: user=0.03 sys=0.00, real=0.01 secs] 
111.726: Total time for which application threads were stopped: 0.0049150 seconds, Stopping threads took: 0.0000820 seconds
111.762: Application time: 0.0367780 seconds
111.763: [GC [PSYoungGen: 101686K->14017K(102400K)] 283788K->198970K(335360K), 0.0052570 secs] [Times: user=0.04 sys=0.00, real=0.01 secs] 
111.768: Total time for which application threads were stopped: 0.0054520 seconds, Stopping threads took: 0.0001080 seconds
111.985: Application time: 0.2170600 seconds
111.985: [GC [PSYoungGen: 101706K->13905K(102400K)] 286658K->203901K(335360K), 0.0056500 secs] [Times: user=0.04 sys=0.00, real=0.00 secs] 
111.991: Total time for which application threads were stopped: 0.0058050 seconds, Stopping threads took: 0.0000690 seconds
112.349: Application time: 0.3585480 seconds
112.349: [GC [PSYoungGen: 101586K->13889K(102400K)] 291582K->208160K(335360K), 0.0054370 secs] [Times: user=0.03 sys=0.00, real=0.00 secs] 
112.355: Total time for which application threads were stopped: 0.0055870 seconds, Stopping threads took: 0.0000590 seconds
112.703: Application time: 0.3476580 seconds
112.703: [GC [PSYoungGen: 101579K->13954K(102400K)] 295850K->214677K(335360K), 0.0061280 secs] [Times: user=0.04 sys=0.00, real=0.01 secs] 
112.709: Total time for which application threads were stopped: 0.0062800 seconds, Stopping threads took: 0.0000640 seconds
113.059: Application time: 0.3497430 seconds
113.059: [GC [PSYoungGen: 101628K->13954K(102400K)] 302352K->218240K(335360K), 0.0052080 secs] [Times: user=0.04 sys=0.00, real=0.01 secs] 
113.064: Total time for which application threads were stopped: 0.0053750 seconds, Stopping threads took: 0.0000710 seconds
113.384: Application time: 0.3199000 seconds
113.384: [GC [PSYoungGen: 101631K->13890K(102400K)] 305917K->222500K(335360K), 0.0054770 secs] [Times: user=0.04 sys=0.00, real=0.00 secs] 
113.390: Total time for which application threads were stopped: 0.0056210 seconds, Stopping threads took: 0.0000560 seconds
113.662: Application time: 0.2728620 seconds
113.663: [GC [PSYoungGen: 101585K->13890K(102400K)] 310195K->228913K(335360K), 0.0061170 secs] [Times: user=0.05 sys=0.00, real=0.01 secs] 
113.669: Total time for which application threads were stopped: 0.0063030 seconds, Stopping threads took: 0.0000940 seconds
113.967: Application time: 0.2979990 seconds
113.967: [GC [PSYoungGen: 101578K->13890K(102400K)] 316601K->233229K(335360K), 0.0054400 secs] [Times: user=0.04 sys=0.00, real=0.00 secs] 
113.972: Total time for which application threads were stopped: 0.0055950 seconds, Stopping threads took: 0.0000720 seconds
114.082: Application time: 0.1100480 seconds
114.082: [GC [PSYoungGen: 101600K->13890K(102400K)] 320938K->236119K(335360K), 0.0051030 secs] [Times: user=0.04 sys=0.00, real=0.01 secs] 
114.088: Total time for which application threads were stopped: 0.0052790 seconds, Stopping threads took: 0.0000860 seconds
114.163: Application time: 0.0753700 seconds
114.163: [GC [PSYoungGen: 101575K->13890K(102400K)] 323803K->238257K(335360K), 0.0049740 secs] [Times: user=0.04 sys=0.00, real=0.01 secs] 
114.168: Total time for which application threads were stopped: 0.0051460 seconds, Stopping threads took: 0.0000850 seconds
114.413: Application time: 0.2444050 seconds
114.413: [GC [PSYoungGen: 101594K->13906K(102400K)] 325961K->242548K(335360K), 0.0056230 secs] [Times: user=0.04 sys=0.00, real=0.01 secs] 
114.418: [Full GC [PSYoungGen: 13906K->0K(102400K)] [ParOldGen: 228641K->27643K(232960K)] 242548K->27643K(335360K) [PSPermGen: 6090K->6090K(21504K)], 0.0113420 secs] [Times: user=0.07 sys=0.00, real=0.01 secs] 
114.430: Total time for which application threads were stopped: 0.0172120 seconds, Stopping threads took: 0.0000920 seconds
114.463: Application time: 0.0329510 seconds
114.463: [GC [PSYoungGen: 87677K->7285K(102400K)] 115320K->34929K(335360K), 0.0024770 secs] [Times: user=0.01 sys=0.00, real=0.01 secs] 
114.465: Total time for which application threads were stopped: 0.0026560 seconds, Stopping threads took: 0.0000930 seconds
114.679: Application time: 0.2141220 seconds
114.680: [GC [PSYoungGen: 95008K->13730K(102400K)] 122651K->46361K(335360K), 0.0054390 secs] [Times: user=0.04 sys=0.00, real=0.01 secs] 
114.685: Total time for which application threads were stopped: 0.0055880 seconds, Stopping threads took: 0.0000650 seconds
114.722: Application time: 0.0370740 seconds
114.722: [GC [PSYoungGen: 101398K->13762K(102400K)] 134029K->47106K(335360K), 0.0045180 secs] [Times: user=0.04 sys=0.00, real=0.01 secs] 
114.727: Total time for which application threads were stopped: 0.0047010 seconds, Stopping threads took: 0.0000960 seconds
114.859: Application time: 0.1324340 seconds
114.859: [GC [PSYoungGen: 101477K->13794K(102400K)] 134821K->50700K(335360K), 0.0052610 secs] [Times: user=0.03 sys=0.00, real=0.01 secs] 
114.865: Total time for which application threads were stopped: 0.0054400 seconds, Stopping threads took: 0.0000910 seconds
114.900: Application time: 0.0348320 seconds
114.900: [GC [PSYoungGen: 101474K->13794K(102400K)] 138380K->52838K(335360K), 0.0049540 secs] [Times: user=0.03 sys=0.00, real=0.01 secs] 
114.905: Total time for which application threads were stopped: 0.0051210 seconds, Stopping threads took: 0.0000840 seconds
115.039: Application time: 0.1341800 seconds
115.040: [GC [PSYoungGen: 101506K->13858K(102400K)] 140550K->55039K(335360K), 0.0048080 secs] [Times: user=0.03 sys=0.00, real=0.01 secs] 
115.045: Total time for which application threads were stopped: 0.0057080 seconds, Stopping threads took: 0.0008030 seconds
115.076: Application time: 0.0315850 seconds
115.076: [GC [PSYoungGen: 101539K->13858K(102400K)] 142721K->58602K(335360K), 0.0053360 secs] [Times: user=0.05 sys=0.00, real=0.00 secs] 
115.082: Total time for which application threads were stopped: 0.0055370 seconds, Stopping threads took: 0.0001100 seconds
115.299: Application time: 0.2175420 seconds
115.300: [GC [PSYoungGen: 101561K->13777K(102400K)] 146305K->62084K(335360K), 0.0052370 secs] [Times: user=0.04 sys=0.00, real=0.01 secs] 
115.305: Total time for which application threads were stopped: 0.0056140 seconds, Stopping threads took: 0.0002940 seconds
115.339: Application time: 0.0338370 seconds
115.339: [GC [PSYoungGen: 101454K->13890K(102400K)] 149761K->64334K(335360K), 0.0049260 secs] [Times: user=0.04 sys=0.00, real=0.01 secs] 
115.344: Total time for which application threads were stopped: 0.0051100 seconds, Stopping threads took: 0.0000980 seconds
115.497: Application time: 0.1529300 seconds
115.497: [GC [PSYoungGen: 101602K->13953K(102400K)] 152046K->67960K(335360K), 0.0052070 secs] [Times: user=0.04 sys=0.00, real=0.00 secs] 
115.502: Total time for which application threads were stopped: 0.0053800 seconds, Stopping threads took: 0.0000840 seconds
115.537: Application time: 0.0344970 seconds
115.537: [GC [PSYoungGen: 101656K->13922K(102400K)] 155663K->71491K(335360K), 0.0053820 secs] [Times: user=0.03 sys=0.00, real=0.00 secs] 
115.542: Total time for which application threads were stopped: 0.0056400 seconds, Stopping threads took: 0.0001460 seconds
115.564: Application time: 0.0215700 seconds
115.564: [GC [PSYoungGen: 101609K->13905K(102400K)] 159179K->72188K(335360K), 0.0044330 secs] [Times: user=0.03 sys=0.00, real=0.00 secs] 
115.569: Total time for which application threads were stopped: 0.0051080 seconds, Stopping threads took: 0.0005810 seconds
115.695: Application time: 0.1260330 seconds
115.695: [GC [PSYoungGen: 101595K->13953K(102400K)] 159877K->75798K(335360K), 0.0051090 secs] [Times: user=0.03 sys=0.00, real=0.01 secs] 
115.700: Total time for which application threads were stopped: 0.0052690 seconds, Stopping threads took: 0.0000740 seconds
116.070: Application time: 0.3695910 seconds
116.070: [GC [PSYoungGen: 101634K->13953K(102400K)] 163479K->80786K(335360K), 0.0055970 secs] [Times: user=0.04 sys=0.00, real=0.01 secs] 
116.076: Total time for which application threads were stopped: 0.0057780 seconds, Stopping threads took: 0.0000830 seconds
116.452: Application time: 0.3763080 seconds
116.452: [GC [PSYoungGen: 101640K->13921K(102400K)] 168472K->83604K(335360K), 0.0049020 secs] [Times: user=0.04 sys=0.00, real=0.01 secs] 
116.457: Total time for which application threads were stopped: 0.0050550 seconds, Stopping threads took: 0.0000710 seconds
116.777: Application time: 0.3204170 seconds
116.778: [GC [PSYoungGen: 101596K->13890K(102400K)] 171279K->89985K(335360K), 0.0059910 secs] [Times: user=0.04 sys=0.00, real=0.01 secs] 
116.784: Total time for which application threads were stopped: 0.0061630 seconds, Stopping threads took: 0.0000780 seconds
117.122: Application time: 0.3385080 seconds
117.122: [GC [PSYoungGen: 101566K->13954K(102400K)] 177661K->95077K(335360K), 0.0055350 secs] [Times: user=0.04 sys=0.00, real=0.01 secs] 
117.128: Total time for which application threads were stopped: 0.0057040 seconds, Stopping threads took: 0.0000850 seconds
117.427: Application time: 0.2987430 seconds
117.427: [GC [PSYoungGen: 101632K->13954K(102400K)] 182755K->97215K(335360K), 0.0047840 secs] [Times: user=0.03 sys=0.00, real=0.00 secs] 
117.432: Total time for which application threads were stopped: 0.0055800 seconds, Stopping threads took: 0.0006990 seconds
117.720: Application time: 0.2877570 seconds
117.720: [GC [PSYoungGen: 101649K->13890K(102400K)] 184910K->102892K(335360K), 0.0057810 secs] [Times: user=0.04 sys=0.00, real=0.01 secs] 
117.726: Total time for which application threads were stopped: 0.0059380 seconds, Stopping threads took: 0.0000690 seconds
117.804: Application time: 0.0783190 seconds
117.804: [GC [PSYoungGen: 101599K->13922K(102400K)] 190600K->106487K(335360K), 0.0052930 secs] [Times: user=0.04 sys=0.00, real=0.00 secs] 
117.810: Total time for which application threads were stopped: 0.0054710 seconds, Stopping threads took: 0.0000880 seconds
117.898: Application time: 0.0883680 seconds
117.898: [GC [PSYoungGen: 101616K->13826K(102400K)] 194180K->110001K(335360K), 0.0051990 secs] [Times: user=0.04 sys=0.00, real=0.01 secs] 
117.903: Total time for which application threads were stopped: 0.0053570 seconds, Stopping threads took: 0.0000740 seconds
118.191: Application time: 0.2877270 seconds
118.191: [GC [PSYoungGen: 101384K->13858K(102400K)] 197559K->112884K(335360K), 0.0049860 secs] [Times: user=0.03 sys=0.00, real=0.01 secs] 
118.196: Total time for which application threads were stopped: 0.0051690 seconds, Stopping threads took: 0.0000840 seconds
118.236: Application time: 0.0395330 seconds
118.236: [GC [PSYoungGen: 101673K->13858K(102400K)] 200699K->115061K(335360K), 0.0049700 secs] [Times: user=0.03 sys=0.00, real=0.00 secs] 
118.241: Total time for which application threads were stopped: 0.0051350 seconds, Stopping threads took: 0.0000790 seconds
118.386: Application time: 0.1449790 seconds
118.386: [GC [PSYoungGen: 101558K->13890K(102400K)] 202761K->119369K(335360K), 0.0053690 secs] [Times: user=0.04 sys=0.00, real=0.00 secs] 
118.391: Total time for which application threads were stopped: 0.0055280 seconds, Stopping threads took: 0.0000720 seconds
118.491: Application time: 0.0994810 seconds
118.491: [GC [PSYoungGen: 101598K->13810K(102400K)] 207077K->122891K(335360K), 0.0054290 secs] [Times: user=0.04 sys=0.00, real=0.01 secs] 
118.497: Total time for which application threads were stopped: 0.0056220 seconds, Stopping threads took: 0.0001040 seconds
118.567: Application time: 0.0707760 seconds
118.567: [GC [PSYoungGen: 101528K->13890K(102400K)] 210609K->125869K(335360K), 0.0051940 secs] [Times: user=0.04 sys=0.00, real=0.00 secs] 
118.573: Total time for which application threads were stopped: 0.0053570 seconds, Stopping threads took: 0.0000770 seconds
118.607: Application time: 0.0348360 seconds
118.608: [GC [PSYoungGen: 101568K->13922K(102400K)] 213547K->128752K(335360K), 0.0051660 secs] [Times: user=0.04 sys=0.00, real=0.00 secs] 
118.613: Total time for which application threads were stopped: 0.0053300 seconds, Stopping threads took: 0.0000770 seconds
118.812: Application time: 0.1988670 seconds
118.812: [GC [PSYoungGen: 101602K->13794K(102400K)] 216431K->132898K(335360K), 0.0054540 secs] [Times: user=0.04 sys=0.00, real=0.01 secs] 
118.817: Total time for which application threads were stopped: 0.0056310 seconds, Stopping threads took: 0.0000820 seconds
118.920: Application time: 0.1027030 seconds
118.920: [GC [PSYoungGen: 101501K->13922K(102400K)] 220606K->136589K(335360K), 0.0054280 secs] [Times: user=0.04 sys=0.00, real=0.01 secs] 
118.926: Total time for which application threads were stopped: 0.0055930 seconds, Stopping threads took: 0.0000780 seconds
119.052: Application time: 0.1259990 seconds
119.052: [GC [PSYoungGen: 101605K->13953K(102400K)] 224272K->139471K(335360K), 0.0050770 secs] [Times: user=0.03 sys=0.01, real=0.01 secs] 
119.057: Total time for which application threads were stopped: 0.0052350 seconds, Stopping threads took: 0.0000720 seconds
119.103: Application time: 0.0464840 seconds
119.103: [GC [PSYoungGen: 101656K->13954K(102400K)] 227174K->141609K(335360K), 0.0051070 secs] [Times: user=0.04 sys=0.00, real=0.00 secs] 
119.109: Total time for which application threads were stopped: 0.0052790 seconds, Stopping threads took: 0.0000860 seconds
119.305: Application time: 0.1967950 seconds
119.306: [GC [PSYoungGen: 101643K->13985K(102400K)] 229298K->145203K(335360K), 0.0051050 secs] [Times: user=0.04 sys=0.00, real=0.00 secs] 
119.311: Total time for which application threads were stopped: 0.0052520 seconds, Stopping threads took: 0.0000620 seconds
119.352: Application time: 0.0417600 seconds
119.353: [GC [PSYoungGen: 101716K->13921K(102400K)] 232934K->149414K(335360K), 0.0055950 secs] [Times: user=0.05 sys=0.00, real=0.01 secs] 
119.358: Total time for which application threads were stopped: 0.0058080 seconds, Stopping threads took: 0.0001100 seconds
119.380: Application time: 0.0221880 seconds
119.381: [GC [PSYoungGen: 101605K->13954K(102400K)] 237098K->150159K(335360K), 0.0046310 secs] [Times: user=0.04 sys=0.00, real=0.01 secs] 
119.385: Total time for which application threads were stopped: 0.0048120 seconds, Stopping threads took: 0.0000940 seconds
119.406: Application time: 0.0205450 seconds
119.406: [GC [PSYoungGen: 101642K->13986K(102400K)] 237847K->153081K(335360K), 0.0052830 secs] [Times: user=0.04 sys=0.00, real=0.00 secs] 
119.411: Total time for which application threads were stopped: 0.0054570 seconds, Stopping threads took: 0.0000880 seconds
119.757: Application time: 0.3452700 seconds
119.757: [GC [PSYoungGen: 101667K->13969K(102400K)] 240762K->158765K(335360K), 0.0057620 secs] [Times: user=0.05 sys=0.00, real=0.00 secs] 
119.762: Total time for which application threads were stopped: 0.0059350 seconds, Stopping threads took: 0.0000870 seconds
120.146: Application time: 0.3835800 seconds
120.146: [GC [PSYoungGen: 101651K->13953K(102400K)] 246446K->163064K(335360K), 0.0053320 secs] [Times: user=0.04 sys=0.00, real=0.00 secs] 
120.152: Total time for which application threads were stopped: 0.0055140 seconds, Stopping threads took: 0.0000850 seconds
120.490: Application time: 0.3381120 seconds
120.490: [GC [PSYoungGen: 101644K->13986K(102400K)] 250755K->168084K(335360K), 0.0056150 secs] [Times: user=0.05 sys=0.00, real=0.01 secs] 
120.495: Total time for which application threads were stopped: 0.0057830 seconds, Stopping threads took: 0.0000840 seconds
120.821: Application time: 0.3253070 seconds
120.821: [GC [PSYoungGen: 101654K->13922K(102400K)] 255752K->171583K(335360K), 0.0052540 secs] [Times: user=0.04 sys=0.00, real=0.01 secs] 
120.826: Total time for which application threads were stopped: 0.0054180 seconds, Stopping threads took: 0.0000650 seconds
121.125: Application time: 0.2989640 seconds
121.125: [GC [PSYoungGen: 101608K->13954K(102400K)] 259269K->176643K(335360K), 0.0056550 secs] [Times: user=0.04 sys=0.00, real=0.00 secs] 
121.131: Total time for which application threads were stopped: 0.0058150 seconds, Stopping threads took: 0.0000740 seconds
121.419: Application time: 0.2881590 seconds
121.419: [GC [PSYoungGen: 101650K->13890K(102400K)] 264339K->181607K(335360K), 0.0056320 secs] [Times: user=0.03 sys=0.00, real=0.01 secs] 
121.425: Total time for which application threads were stopped: 0.0057970 seconds, Stopping threads took: 0.0000730 seconds
121.592: Application time: 0.1668370 seconds
121.592: [GC [PSYoungGen: 101592K->13826K(102400K)] 269308K->186531K(335360K), 0.0057850 secs] [Times: user=0.04 sys=0.00, real=0.01 secs] 
121.598: Total time for which application threads were stopped: 0.0059610 seconds, Stopping threads took: 0.0000890 seconds
121.628: Application time: 0.0299500 seconds
121.628: [GC [PSYoungGen: 101504K->13907K(102400K)] 274209K->188749K(335360K), 0.0050440 secs] [Times: user=0.04 sys=0.00, real=0.00 secs] 
121.633: Total time for which application threads were stopped: 0.0052130 seconds, Stopping threads took: 0.0000830 seconds
121.902: Application time: 0.2690820 seconds
121.902: [GC [PSYoungGen: 101593K->13922K(102400K)] 276436K->193793K(335360K), 0.0056040 secs] [Times: user=0.04 sys=0.00, real=0.01 secs] 
121.908: Total time for which application threads were stopped: 0.0057590 seconds, Stopping threads took: 0.0000690 seconds
121.980: Application time: 0.0721260 seconds
121.980: [GC [PSYoungGen: 101631K->13922K(102400K)] 281501K->196643K(335360K), 0.0052150 secs] [Times: user=0.04 sys=0.00, real=0.01 secs] 
121.985: Total time for which application threads were stopped: 0.0053890 seconds, Stopping threads took: 0.0000750 seconds
122.120: Application time: 0.1350360 seconds
122.120: [GC [PSYoungGen: 101624K->13922K(102400K)] 284345K->200246K(335360K), 0.0053230 secs] [Times: user=0.04 sys=0.00, real=0.01 secs] 
122.126: Total time for which application threads were stopped: 0.0054780 seconds, Stopping threads took: 0.0000690 seconds
122.242: Application time: 0.1163930 seconds
122.242: [GC [PSYoungGen: 101630K->13954K(102400K)] 287954K->204553K(335360K), 0.0055330 secs] [Times: user=0.04 sys=0.00, real=0.01 secs] 
122.248: Total time for which application threads were stopped: 0.0057060 seconds, Stopping threads took: 0.0000880 seconds
122.276: Application time: 0.0282230 seconds
122.276: [GC [PSYoungGen: 101660K->13145K(102400K)] 292258K->203820K(335360K), 0.0042660 secs] [Times: user=0.03 sys=0.00, real=0.00 secs] 
122.281: Total time for which application threads were stopped: 0.0046220 seconds, Stopping threads took: 0.0002670 seconds
122.312: Application time: 0.0313090 seconds
122.312: [GC [PSYoungGen: 100828K->13794K(102400K)] 291503K->208032K(335360K), 0.0054300 secs] [Times: user=0.04 sys=0.00, real=0.01 secs] 
122.318: Total time for which application threads were stopped: 0.0056210 seconds, Stopping threads took: 0.0000980 seconds
122.528: Application time: 0.2106300 seconds
122.528: [GC [PSYoungGen: 101472K->13922K(102400K)] 295709K->211009K(335360K), 0.0051240 secs] [Times: user=0.03 sys=0.00, real=0.00 secs] 
122.534: Total time for which application threads were stopped: 0.0053080 seconds, Stopping threads took: 0.0000850 seconds
122.724: Application time: 0.1906820 seconds
122.724: [GC [PSYoungGen: 101619K->13922K(102400K)] 298707K->215997K(335360K), 0.0057870 secs] [Times: user=0.04 sys=0.00, real=0.00 secs] 
122.730: Total time for which application threads were stopped: 0.0059760 seconds, Stopping threads took: 0.0001000 seconds
122.781: Application time: 0.0505040 seconds
122.781: [GC [PSYoungGen: 101607K->13874K(102400K)] 303682K->215949K(335360K), 0.0043490 secs] [Times: user=0.02 sys=0.00, real=0.01 secs] 
122.785: Total time for which application threads were stopped: 0.0045010 seconds, Stopping threads took: 0.0000650 seconds
122.862: Application time: 0.0770750 seconds
122.863: [GC [PSYoungGen: 101580K->13954K(102400K)] 303655K->219592K(335360K), 0.0054180 secs] [Times: user=0.04 sys=0.00, real=0.01 secs] 
122.868: Total time for which application threads were stopped: 0.0056180 seconds, Stopping threads took: 0.0001120 seconds
123.011: Application time: 0.1429310 seconds
123.011: [GC [PSYoungGen: 101644K->13953K(102400K)] 307282K->223154K(335360K), 0.0052600 secs] [Times: user=0.04 sys=0.00, real=0.01 secs] 
123.016: Total time for which application threads were stopped: 0.0054120 seconds, Stopping threads took: 0.0000660 seconds
123.100: Application time: 0.0834580 seconds
123.100: [GC [PSYoungGen: 101661K->13969K(102400K)] 310861K->226733K(335360K), 0.0054400 secs] [Times: user=0.04 sys=0.00, real=0.01 secs] 
123.105: Total time for which application threads were stopped: 0.0056430 seconds, Stopping threads took: 0.0001020 seconds
123.162: Application time: 0.0566980 seconds
123.162: [GC [PSYoungGen: 101684K->14017K(102400K)] 314448K->228918K(335360K), 0.0050950 secs] [Times: user=0.04 sys=0.00, real=0.01 secs] 
123.167: Total time for which application threads were stopped: 0.0052830 seconds, Stopping threads took: 0.0001010 seconds
123.201: Application time: 0.0331480 seconds
123.201: [GC [PSYoungGen: 101709K->13970K(102400K)] 316610K->231761K(335360K), 0.0053030 secs] [Times: user=0.04 sys=0.00, real=0.01 secs] 
123.206: Total time for which application threads were stopped: 0.0054780 seconds, Stopping threads took: 0.0000860 seconds
123.499: Application time: 0.2928130 seconds
123.499: [GC [PSYoungGen: 101637K->13985K(102400K)] 319428K->236764K(335360K), 0.0056330 secs] [Times: user=0.04 sys=0.00, real=0.01 secs] 
123.505: Total time for which application threads were stopped: 0.0057910 seconds, Stopping threads took: 0.0000760 seconds
123.865: Application time: 0.3602170 seconds
123.865: [GC [PSYoungGen: 101675K->13985K(102400K)] 324453K->241039K(335360K), 0.0054900 secs] [Times: user=0.04 sys=0.00, real=0.00 secs] 
123.871: [Full GC [PSYoungGen: 13985K->0K(102400K)] [ParOldGen: 227053K->26931K(232960K)] 241039K->26931K(335360K) [PSPermGen: 6096K->6096K(21504K)], 0.0111360 secs] [Times: user=0.06 sys=0.00, real=0.01 secs] 
123.882: Total time for which application threads were stopped: 0.0168370 seconds, Stopping threads took: 0.0000600 seconds
124.233: Application time: 0.3511140 seconds
124.233: [GC [PSYoungGen: 87690K->13698K(102400K)] 114621K->44191K(335360K), 0.0050920 secs] [Times: user=0.04 sys=0.00, real=0.01 secs] 
124.238: Total time for which application threads were stopped: 0.0052330 seconds, Stopping threads took: 0.0000570 seconds
124.566: Application time: 0.3274990 seconds
124.566: [GC [PSYoungGen: 101365K->13794K(102400K)] 131859K->48563K(335360K), 0.0052950 secs] [Times: user=0.04 sys=0.00, real=0.00 secs] 
124.571: Total time for which application threads were stopped: 0.0054750 seconds, Stopping threads took: 0.0000840 seconds
124.890: Application time: 0.3189680 seconds
124.890: [GC [PSYoungGen: 101480K->13794K(102400K)] 136249K->53551K(335360K), 0.0054940 secs] [Times: user=0.04 sys=0.00, real=0.01 secs] 
124.896: Total time for which application threads were stopped: 0.0056640 seconds, Stopping threads took: 0.0000880 seconds
125.194: Application time: 0.2983820 seconds
125.194: [GC [PSYoungGen: 101490K->13794K(102400K)] 141247K->58539K(335360K), 0.0053600 secs] [Times: user=0.04 sys=0.00, real=0.01 secs] 
125.200: Total time for which application threads were stopped: 0.0055220 seconds, Stopping threads took: 0.0000730 seconds
125.486: Application time: 0.2860700 seconds
125.486: [GC [PSYoungGen: 101491K->13826K(102400K)] 146236K->59996K(335360K), 0.0045200 secs] [Times: user=0.03 sys=0.00, real=0.00 secs] 
125.490: Total time for which application threads were stopped: 0.0046740 seconds, Stopping threads took: 0.0000710 seconds
125.526: Application time: 0.0359940 seconds
125.526: [GC [PSYoungGen: 101502K->13827K(102400K)] 147672K->62847K(335360K), 0.0051070 secs] [Times: user=0.04 sys=0.00, real=0.00 secs] 
125.532: Total time for which application threads were stopped: 0.0052920 seconds, Stopping threads took: 0.0001000 seconds
125.677: Application time: 0.1457610 seconds
125.678: [GC [PSYoungGen: 101553K->13794K(102400K)] 150573K->68515K(335360K), 0.0058460 secs] [Times: user=0.04 sys=0.00, real=0.01 secs] 
125.683: Total time for which application threads were stopped: 0.0060230 seconds, Stopping threads took: 0.0000920 seconds
125.717: Application time: 0.0333010 seconds
125.717: [GC [PSYoungGen: 101466K->13858K(102400K)] 156187K->71430K(335360K), 0.0051140 secs] [Times: user=0.04 sys=0.00, real=0.00 secs] 
125.722: Total time for which application threads were stopped: 0.0053090 seconds, Stopping threads took: 0.0000970 seconds
125.890: Application time: 0.1683110 seconds
125.890: [GC [PSYoungGen: 101550K->13794K(102400K)] 159121K->74216K(335360K), 0.0049530 secs] [Times: user=0.03 sys=0.00, real=0.01 secs] 
125.895: Total time for which application threads were stopped: 0.0051070 seconds, Stopping threads took: 0.0000720 seconds
126.109: Application time: 0.2131200 seconds
126.109: [GC [PSYoungGen: 101503K->13858K(102400K)] 161924K->79267K(335360K), 0.0056480 secs] [Times: user=0.04 sys=0.00, real=0.00 secs] 
126.114: Total time for which application threads were stopped: 0.0058130 seconds, Stopping threads took: 0.0000790 seconds
126.145: Application time: 0.0304450 seconds
126.145: [GC [PSYoungGen: 101531K->13842K(102400K)] 166940K->80677K(335360K), 0.0047990 secs] [Times: user=0.03 sys=0.00, real=0.00 secs] 
126.150: Total time for which application threads were stopped: 0.0049630 seconds, Stopping threads took: 0.0000760 seconds
126.196: Application time: 0.0461690 seconds
126.196: [GC [PSYoungGen: 101553K->13842K(102400K)] 168387K->82101K(335360K), 0.0047380 secs] [Times: user=0.04 sys=0.00, real=0.00 secs] 
126.201: Total time for which application threads were stopped: 0.0049080 seconds, Stopping threads took: 0.0000810 seconds
126.316: Application time: 0.1151060 seconds
126.316: [GC [PSYoungGen: 101525K->13890K(102400K)] 169785K->84999K(335360K), 0.0049840 secs] [Times: user=0.03 sys=0.00, real=0.00 secs] 
126.321: Total time for which application threads were stopped: 0.0051700 seconds, Stopping threads took: 0.0000900 seconds
126.518: Application time: 0.1967800 seconds
126.518: [GC [PSYoungGen: 101597K->13922K(102400K)] 172707K->88594K(335360K), 0.0052460 secs] [Times: user=0.03 sys=0.00, real=0.01 secs] 
126.523: Total time for which application threads were stopped: 0.0054400 seconds, Stopping threads took: 0.0001000 seconds
126.553: Application time: 0.0298420 seconds
126.553: [GC [PSYoungGen: 101596K->13890K(102400K)] 176269K->91412K(335360K), 0.0052000 secs] [Times: user=0.04 sys=0.00, real=0.01 secs] 
126.559: Total time for which application threads were stopped: 0.0053810 seconds, Stopping threads took: 0.0000960 seconds
126.654: Application time: 0.0956870 seconds
126.655: [GC [PSYoungGen: 101611K->13922K(102400K)] 179134K->93582K(335360K), 0.0048850 secs] [Times: user=0.03 sys=0.01, real=0.00 secs] 
126.660: Total time for which application threads were stopped: 0.0058910 seconds, Stopping threads took: 0.0009110 seconds
126.764: Application time: 0.1036870 seconds
126.764: [GC [PSYoungGen: 101605K->13953K(102400K)] 181265K->97888K(335360K), 0.0054090 secs] [Times: user=0.04 sys=0.00, real=0.00 secs] 
126.769: Total time for which application threads were stopped: 0.0055650 seconds, Stopping threads took: 0.0000670 seconds
126.917: Application time: 0.1477170 seconds
126.917: [GC [PSYoungGen: 101660K->13985K(102400K)] 185595K->100771K(335360K), 0.0050260 secs] [Times: user=0.04 sys=0.00, real=0.00 secs] 
126.922: Total time for which application threads were stopped: 0.0052130 seconds, Stopping threads took: 0.0000950 seconds
127.011: Application time: 0.0886450 seconds
127.011: [GC [PSYoungGen: 101703K->14017K(102400K)] 188488K->103653K(335360K), 0.0049480 secs] [Times: user=0.04 sys=0.00, real=0.01 secs] 
127.016: Total time for which application threads were stopped: 0.0051060 seconds, Stopping threads took: 0.0000730 seconds
127.054: Application time: 0.0383060 seconds
127.055: [GC [PSYoungGen: 101696K->13953K(102400K)] 191331K->106479K(335360K), 0.0051790 secs] [Times: user=0.04 sys=0.00, real=0.01 secs] 
127.060: Total time for which application threads were stopped: 0.0053520 seconds, Stopping threads took: 0.0000860 seconds
127.265: Application time: 0.2055180 seconds
127.265: [GC [PSYoungGen: 101643K->13969K(102400K)] 194168K->110770K(335360K), 0.0053320 secs] [Times: user=0.04 sys=0.00, real=0.00 secs] 
127.271: Total time for which application threads were stopped: 0.0054930 seconds, Stopping threads took: 0.0000720 seconds
127.648: Application time: 0.3772850 seconds
127.648: [GC [PSYoungGen: 101659K->13985K(102400K)] 198459K->115813K(335360K), 0.0055280 secs] [Times: user=0.04 sys=0.00, real=0.00 secs] 
127.654: Total time for which application threads were stopped: 0.0056910 seconds, Stopping threads took: 0.0000700 seconds
127.979: Application time: 0.3248130 seconds
127.979: [GC [PSYoungGen: 101659K->13874K(102400K)] 203487K->120689K(335360K), 0.0056750 secs] [Times: user=0.04 sys=0.00, real=0.01 secs] 
127.984: Total time for which application threads were stopped: 0.0058410 seconds, Stopping threads took: 0.0000790 seconds
128.334: Application time: 0.3499240 seconds
128.334: [GC [PSYoungGen: 101549K->13954K(102400K)] 208365K->125045K(335360K), 0.0053230 secs] [Times: user=0.04 sys=0.00, real=0.01 secs] 
128.340: Total time for which application threads were stopped: 0.0054790 seconds, Stopping threads took: 0.0000590 seconds
128.639: Application time: 0.2987020 seconds
128.639: [GC [PSYoungGen: 101648K->13954K(102400K)] 212739K->130073K(335360K), 0.0056550 secs] [Times: user=0.04 sys=0.00, real=0.01 secs] 
128.644: Total time for which application threads were stopped: 0.0058100 seconds, Stopping threads took: 0.0000690 seconds
128.939: Application time: 0.2949740 seconds
128.939: [GC [PSYoungGen: 101650K->13922K(102400K)] 217768K->133604K(335360K), 0.0052600 secs] [Times: user=0.04 sys=0.00, real=0.01 secs] 
128.945: Total time for which application threads were stopped: 0.0054230 seconds, Stopping threads took: 0.0000690 seconds
129.248: Application time: 0.3035070 seconds
129.248: [GC [PSYoungGen: 101584K->13874K(102400K)] 221265K->137167K(335360K), 0.0051360 secs] [Times: user=0.04 sys=0.00, real=0.00 secs] 
129.254: Total time for which application threads were stopped: 0.0052900 seconds, Stopping threads took: 0.0000690 seconds
129.321: Application time: 0.0672610 seconds
129.321: [GC [PSYoungGen: 101591K->13922K(102400K)] 224884K->140778K(335360K), 0.0053850 secs] [Times: user=0.04 sys=0.00, real=0.01 secs] 
129.326: Total time for which application threads were stopped: 0.0055600 seconds, Stopping threads took: 0.0000870 seconds
129.426: Application time: 0.0994170 seconds
129.426: [GC [PSYoungGen: 101615K->13874K(102400K)] 228471K->144332K(335360K), 0.0051800 secs] [Times: user=0.03 sys=0.00, real=0.00 secs] 
129.431: Total time for which application threads were stopped: 0.0053330 seconds, Stopping threads took: 0.0000580 seconds
129.524: Application time: 0.0929260 seconds
129.524: [GC [PSYoungGen: 101583K->13922K(102400K)] 232041K->148656K(335360K), 0.0055740 secs] [Times: user=0.04 sys=0.00, real=0.00 secs] 
129.530: Total time for which application threads were stopped: 0.0057890 seconds, Stopping threads took: 0.0001160 seconds
129.636: Application time: 0.1064280 seconds
129.636: [GC [PSYoungGen: 101607K->13890K(102400K)] 236340K->151514K(335360K), 0.0050060 secs] [Times: user=0.03 sys=0.00, real=0.00 secs] 
129.641: Total time for which application threads were stopped: 0.0051590 seconds, Stopping threads took: 0.0000660 seconds
129.910: Application time: 0.2684660 seconds
129.910: [GC [PSYoungGen: 101602K->13858K(102400K)] 239225K->156470K(335360K), 0.0057730 secs] [Times: user=0.03 sys=0.00, real=0.01 secs] 
129.916: Total time for which application threads were stopped: 0.0059440 seconds, Stopping threads took: 0.0000840 seconds
129.949: Application time: 0.0328960 seconds
129.949: [GC [PSYoungGen: 101369K->13194K(102400K)] 243980K->155845K(335360K), 0.0042200 secs] [Times: user=0.03 sys=0.00, real=0.00 secs] 
129.953: Total time for which application threads were stopped: 0.0044070 seconds, Stopping threads took: 0.0001000 seconds
129.982: Application time: 0.0283990 seconds
129.982: [GC [PSYoungGen: 101068K->13858K(102400K)] 243720K->160825K(335360K), 0.0055560 secs] [Times: user=0.04 sys=0.00, real=0.01 secs] 
129.987: Total time for which application threads were stopped: 0.0057280 seconds, Stopping threads took: 0.0000850 seconds
130.052: Application time: 0.0643310 seconds
130.052: [GC [PSYoungGen: 101550K->13890K(102400K)] 248516K->162994K(335360K), 0.0048260 secs] [Times: user=0.04 sys=0.00, real=0.01 secs] 
130.057: Total time for which application threads were stopped: 0.0049890 seconds, Stopping threads took: 0.0000620 seconds
130.287: Application time: 0.2299950 seconds
130.288: [GC [PSYoungGen: 101590K->13922K(102400K)] 250694K->165876K(335360K), 0.0051020 secs] [Times: user=0.04 sys=0.00, real=0.00 secs] 
130.293: Total time for which application threads were stopped: 0.0060490 seconds, Stopping threads took: 0.0008620 seconds
130.324: Application time: 0.0316100 seconds
130.324: [GC [PSYoungGen: 101604K->13954K(102400K)] 253558K->169471K(335360K), 0.0054720 secs] [Times: user=0.04 sys=0.00, real=0.00 secs] 
130.330: Total time for which application threads were stopped: 0.0056510 seconds, Stopping threads took: 0.0000890 seconds
130.417: Application time: 0.0872730 seconds
130.417: [GC [PSYoungGen: 101662K->13889K(102400K)] 257179K->173682K(335360K), 0.0055930 secs] [Times: user=0.04 sys=0.00, real=0.00 secs] 
130.423: Total time for which application threads were stopped: 0.0057840 seconds, Stopping threads took: 0.0001030 seconds
130.485: Application time: 0.0620050 seconds
130.485: [GC [PSYoungGen: 101588K->13921K(102400K)] 261380K->176564K(335360K), 0.0050840 secs] [Times: user=0.04 sys=0.00, real=0.00 secs] 
130.490: Total time for which application threads were stopped: 0.0052340 seconds, Stopping threads took: 0.0000630 seconds
130.667: Application time: 0.1769160 seconds
130.667: [GC [PSYoungGen: 101620K->13905K(102400K)] 264263K->181535K(335360K), 0.0058280 secs] [Times: user=0.04 sys=0.00, real=0.00 secs] 
130.673: Total time for which application threads were stopped: 0.0060340 seconds, Stopping threads took: 0.0001070 seconds
130.719: Application time: 0.0453950 seconds
130.719: [GC [PSYoungGen: 101597K->13953K(102400K)] 269227K->184441K(335360K), 0.0050990 secs] [Times: user=0.04 sys=0.00, real=0.01 secs] 
130.724: Total time for which application threads were stopped: 0.0052490 seconds, Stopping threads took: 0.0000630 seconds
130.833: Application time: 0.1091360 seconds
130.833: [GC [PSYoungGen: 101661K->13874K(102400K)] 272149K->188637K(335360K), 0.0056180 secs] [Times: user=0.04 sys=0.00, real=0.01 secs] 
130.839: Total time for which application threads were stopped: 0.0057850 seconds, Stopping threads took: 0.0000770 seconds
130.980: Application time: 0.1409070 seconds
130.980: [GC [PSYoungGen: 101570K->13985K(102400K)] 276334K->192351K(335360K), 0.0052590 secs] [Times: user=0.04 sys=0.00, real=0.01 secs] 
130.985: Total time for which application threads were stopped: 0.0054180 seconds, Stopping threads took: 0.0000720 seconds
131.376: Application time: 0.3907560 seconds
131.376: [GC [PSYoungGen: 101664K->13953K(102400K)] 280030K->196594K(335360K), 0.0053490 secs] [Times: user=0.04 sys=0.00, real=0.00 secs] 
131.381: Total time for which application threads were stopped: 0.0055150 seconds, Stopping threads took: 0.0000700 seconds
131.715: Application time: 0.3332020 seconds
131.715: [GC [PSYoungGen: 101633K->13954K(102400K)] 284274K->200910K(335360K), 0.0054050 secs] [Times: user=0.04 sys=0.00, real=0.01 secs] 
131.720: Total time for which application threads were stopped: 0.0055610 seconds, Stopping threads took: 0.0000760 seconds
132.069: Application time: 0.3485320 seconds
132.069: [GC [PSYoungGen: 101629K->13922K(102400K)] 288585K->205153K(335360K), 0.0055070 secs] [Times: user=0.03 sys=0.00, real=0.00 secs] 
132.074: Total time for which application threads were stopped: 0.0056760 seconds, Stopping threads took: 0.0000750 seconds
132.383: Application time: 0.3088410 seconds
132.383: [GC [PSYoungGen: 101616K->13874K(102400K)] 292847K->210854K(335360K), 0.0058670 secs] [Times: user=0.04 sys=0.00, real=0.00 secs] 
132.389: Total time for which application threads were stopped: 0.0060110 seconds, Stopping threads took: 0.0000580 seconds
132.698: Application time: 0.3084610 seconds
132.698: [GC [PSYoungGen: 101552K->13922K(102400K)] 298532K->215217K(335360K), 0.0053510 secs] [Times: user=0.04 sys=0.00, real=0.00 secs] 
132.703: Total time for which application threads were stopped: 0.0055250 seconds, Stopping threads took: 0.0000680 seconds
132.983: Application time: 0.2793930 seconds
132.983: [GC [PSYoungGen: 101609K->13890K(102400K)] 302905K->220173K(335360K), 0.0056220 secs] [Times: user=0.04 sys=0.00, real=0.01 secs] 
132.988: Total time for which application threads were stopped: 0.0058230 seconds, Stopping threads took: 0.0001080 seconds
133.124: Application time: 0.1353320 seconds
133.124: [GC [PSYoungGen: 101592K->13922K(102400K)] 307875K->223056K(335360K), 0.0052880 secs] [Times: user=0.04 sys=0.00, real=0.00 secs] 
133.129: Total time for which application threads were stopped: 0.0054670 seconds, Stopping threads took: 0.0000890 seconds
133.188: Application time: 0.0583530 seconds
133.188: [GC [PSYoungGen: 101621K->13858K(102400K)] 310754K->224457K(335360K), 0.0046670 secs] [Times: user=0.03 sys=0.00, real=0.00 secs] 
133.192: Total time for which application threads were stopped: 0.0048220 seconds, Stopping threads took: 0.0000700 seconds
133.370: Application time: 0.1778720 seconds
133.370: [GC [PSYoungGen: 101558K->13842K(102400K)] 312157K->230141K(335360K), 0.0060430 secs] [Times: user=0.05 sys=0.00, real=0.01 secs] 
133.376: Total time for which application threads were stopped: 0.0062310 seconds, Stopping threads took: 0.0000920 seconds
133.406: Application time: 0.0299420 seconds
133.407: [GC [PSYoungGen: 101515K->13890K(102400K)] 317814K->232375K(335360K), 0.0050870 secs] [Times: user=0.03 sys=0.00, real=0.00 secs] 
133.412: Total time for which application threads were stopped: 0.0052940 seconds, Stopping threads took: 0.0001220 seconds
133.646: Application time: 0.2343290 seconds
133.646: [GC [PSYoungGen: 101612K->13922K(102400K)] 320097K->237395K(335360K), 0.0058620 secs] [Times: user=0.04 sys=0.00, real=0.00 secs] 
133.652: Total time for which application threads were stopped: 0.0060330 seconds, Stopping threads took: 0.0000810 seconds
133.685: Application time: 0.0326410 seconds
133.685: [GC [PSYoungGen: 101627K->13890K(102400K)] 325099K->238828K(335360K), 0.0047720 secs] [Times: user=0.04 sys=0.01, real=0.00 secs] 
133.690: Total time for which application threads were stopped: 0.0052930 seconds, Stopping threads took: 0.0004370 seconds
133.712: Application time: 0.0221840 seconds
133.712: [GC [PSYoungGen: 101568K->13906K(102400K)] 326506K->240269K(335360K), 0.0048930 secs] [Times: user=0.04 sys=0.00, real=0.01 secs] 
133.717: [Full GC [PSYoungGen: 13906K->0K(102400K)] [ParOldGen: 226362K->27646K(232960K)] 240269K->27646K(335360K) [PSPermGen: 6100K->6100K(21504K)], 0.0116700 secs] [Times: user=0.06 sys=0.00, real=0.01 secs] 
133.729: Total time for which application threads were stopped: 0.0167950 seconds, Stopping threads took: 0.0000840 seconds
133.796: Application time: 0.0673330 seconds
133.796: [GC [PSYoungGen: 87692K->13698K(102400K)] 115338K->42769K(335360K), 0.0045650 secs] [Times: user=0.04 sys=0.00, real=0.00 secs] 
133.801: Total time for which application threads were stopped: 0.0047350 seconds, Stopping threads took: 0.0000840 seconds
134.022: Application time: 0.2210550 seconds
134.022: [GC [PSYoungGen: 101396K->14314K(102400K)] 130467K->47725K(335360K), 0.0057310 secs] [Times: user=0.05 sys=0.00, real=0.01 secs] 
134.028: Total time for which application threads were stopped: 0.0059090 seconds, Stopping threads took: 0.0000810 seconds
134.059: Application time: 0.0304630 seconds
134.059: [GC [PSYoungGen: 101993K->13634K(102400K)] 135403K->47757K(335360K), 0.0043550 secs] [Times: user=0.03 sys=0.00, real=0.00 secs] 
134.063: Total time for which application threads were stopped: 0.0045470 seconds, Stopping threads took: 0.0001030 seconds
134.249: Application time: 0.1863160 seconds
134.250: [GC [PSYoungGen: 101349K->13697K(102400K)] 135472K->52808K(335360K), 0.0056440 secs] [Times: user=0.04 sys=0.01, real=0.01 secs] 
134.255: Total time for which application threads were stopped: 0.0058230 seconds, Stopping threads took: 0.0000850 seconds
134.285: Application time: 0.0299150 seconds
134.285: [GC [PSYoungGen: 101382K->13762K(102400K)] 140492K->56435K(335360K), 0.0053450 secs] [Times: user=0.03 sys=0.00, real=0.00 secs] 
134.291: Total time for which application threads were stopped: 0.0055320 seconds, Stopping threads took: 0.0001010 seconds
134.499: Application time: 0.2085420 seconds
134.499: [GC [PSYoungGen: 101462K->13793K(102400K)] 144135K->60742K(335360K), 0.0054600 secs] [Times: user=0.04 sys=0.00, real=0.01 secs] 
134.505: Total time for which application threads were stopped: 0.0056390 seconds, Stopping threads took: 0.0000900 seconds
134.534: Application time: 0.0289720 seconds
134.534: [GC [PSYoungGen: 101510K->13842K(102400K)] 148459K->62928K(335360K), 0.0048590 secs] [Times: user=0.04 sys=0.00, real=0.01 secs] 
134.539: Total time for which application threads were stopped: 0.0054200 seconds, Stopping threads took: 0.0004630 seconds
134.567: Application time: 0.0275210 seconds
134.567: [GC [PSYoungGen: 101517K->13825K(102400K)] 150603K->63624K(335360K), 0.0045540 secs] [Times: user=0.03 sys=0.00, real=0.00 secs] 
134.571: Total time for which application threads were stopped: 0.0047280 seconds, Stopping threads took: 0.0000850 seconds
134.693: Application time: 0.1219470 seconds
134.694: [GC [PSYoungGen: 101525K->13793K(102400K)] 151324K->69292K(335360K), 0.0057320 secs] [Times: user=0.04 sys=0.00, real=0.01 secs] 
134.699: Total time for which application threads were stopped: 0.0058990 seconds, Stopping threads took: 0.0000820 seconds
135.081: Application time: 0.3821350 seconds
135.082: [GC [PSYoungGen: 101457K->13889K(102400K)] 156956K->73663K(335360K), 0.0053420 secs] [Times: user=0.04 sys=0.00, real=0.01 secs] 
135.087: Total time for which application threads were stopped: 0.0055270 seconds, Stopping threads took: 0.0000940 seconds
135.440: Application time: 0.3533240 seconds
135.440: [GC [PSYoungGen: 101577K->13889K(102400K)] 161351K->78651K(335360K), 0.0055190 secs] [Times: user=0.04 sys=0.00, real=0.01 secs] 
135.446: Total time for which application threads were stopped: 0.0056750 seconds, Stopping threads took: 0.0000720 seconds
135.781: Application time: 0.3347150 seconds
135.781: [GC [PSYoungGen: 101573K->13890K(102400K)] 166334K->84351K(335360K), 0.0056770 secs] [Times: user=0.04 sys=0.00, real=0.01 secs] 
135.787: Total time for which application threads were stopped: 0.0058370 seconds, Stopping threads took: 0.0000630 seconds
136.099: Application time: 0.3124580 seconds
136.099: [GC [PSYoungGen: 101584K->13794K(102400K)] 172046K->88531K(335360K), 0.0052650 secs] [Times: user=0.03 sys=0.00, real=0.01 secs] 
136.104: Total time for which application threads were stopped: 0.0054290 seconds, Stopping threads took: 0.0000790 seconds
136.401: Application time: 0.2962870 seconds
136.401: [GC [PSYoungGen: 101464K->13890K(102400K)] 176201K->92190K(335360K), 0.0051450 secs] [Times: user=0.04 sys=0.00, real=0.01 secs] 
136.406: Total time for which application threads were stopped: 0.0053240 seconds, Stopping threads took: 0.0000820 seconds
136.687: Application time: 0.2805800 seconds
136.687: [GC [PSYoungGen: 101577K->13826K(102400K)] 179877K->97114K(335360K), 0.0056400 secs] [Times: user=0.04 sys=0.00, real=0.00 secs] 
136.692: Total time for which application threads were stopped: 0.0058450 seconds, Stopping threads took: 0.0001170 seconds
136.923: Application time: 0.2309450 seconds
136.924: [GC [PSYoungGen: 101530K->13858K(102400K)] 184817K->102854K(335360K), 0.0059170 secs] [Times: user=0.04 sys=0.00, real=0.00 secs] 
136.930: Total time for which application threads were stopped: 0.0061080 seconds, Stopping threads took: 0.0000930 seconds
136.960: Application time: 0.0306450 seconds
136.960: [GC [PSYoungGen: 101572K->13194K(102400K)] 190568K->102206K(335360K), 0.0041880 secs] [Times: user=0.03 sys=0.00, real=0.01 secs] 
136.965: Total time for which application threads were stopped: 0.0044140 seconds, Stopping threads took: 0.0001390 seconds
136.988: Application time: 0.0234400 seconds
136.988: [GC [PSYoungGen: 100881K->13890K(102400K)] 189894K->105753K(335360K), 0.0050720 secs] [Times: user=0.03 sys=0.00, real=0.00 secs] 
136.993: Total time for which application threads were stopped: 0.0052240 seconds, Stopping threads took: 0.0000670 seconds
137.081: Application time: 0.0875100 seconds
137.081: [GC [PSYoungGen: 101575K->13922K(102400K)] 193437K->108675K(335360K), 0.0050080 secs] [Times: user=0.04 sys=0.00, real=0.01 secs] 
137.086: Total time for which application threads were stopped: 0.0051680 seconds, Stopping threads took: 0.0000720 seconds
137.401: Application time: 0.3145890 seconds
137.401: [GC [PSYoungGen: 101600K->13890K(102400K)] 196353K->113631K(335360K), 0.0055910 secs] [Times: user=0.04 sys=0.00, real=0.01 secs] 
137.406: Total time for which application threads were stopped: 0.0057460 seconds, Stopping threads took: 0.0000670 seconds
137.475: Application time: 0.0682270 seconds
137.475: [GC [PSYoungGen: 101595K->13874K(102400K)] 201335K->115792K(335360K), 0.0050870 secs] [Times: user=0.04 sys=0.00, real=0.01 secs] 
137.480: Total time for which application threads were stopped: 0.0052750 seconds, Stopping threads took: 0.0000880 seconds
137.519: Application time: 0.0394680 seconds
137.519: [GC [PSYoungGen: 101585K->13842K(102400K)] 203503K->117946K(335360K), 0.0049840 secs] [Times: user=0.02 sys=0.00, real=0.01 secs] 
137.524: Total time for which application threads were stopped: 0.0051630 seconds, Stopping threads took: 0.0000910 seconds
137.555: Application time: 0.0307450 seconds
137.555: [GC [PSYoungGen: 101524K->13922K(102400K)] 205628K->120164K(335360K), 0.0050140 secs] [Times: user=0.04 sys=0.00, real=0.00 secs] 
137.560: Total time for which application threads were stopped: 0.0051870 seconds, Stopping threads took: 0.0000860 seconds
137.829: Application time: 0.2685960 seconds
137.829: [GC [PSYoungGen: 101624K->13922K(102400K)] 207865K->123726K(335360K), 0.0053360 secs] [Times: user=0.04 sys=0.00, real=0.00 secs] 
137.834: Total time for which application threads were stopped: 0.0054910 seconds, Stopping threads took: 0.0000710 seconds
137.868: Application time: 0.0339540 seconds
137.869: [GC [PSYoungGen: 101601K->13890K(102400K)] 211405K->125831K(335360K), 0.0049870 secs] [Times: user=0.03 sys=0.00, real=0.00 secs] 
137.874: Total time for which application threads were stopped: 0.0051520 seconds, Stopping threads took: 0.0000810 seconds
138.048: Application time: 0.1745470 seconds
138.048: [GC [PSYoungGen: 101612K->13953K(102400K)] 213553K->130883K(335360K), 0.0056290 secs] [Times: user=0.04 sys=0.00, real=0.00 secs] 
138.054: Total time for which application threads were stopped: 0.0057870 seconds, Stopping threads took: 0.0000580 seconds
138.091: Application time: 0.0367770 seconds
138.091: [GC [PSYoungGen: 101628K->13938K(102400K)] 218558K->133005K(335360K), 0.0050630 secs] [Times: user=0.03 sys=0.00, real=0.01 secs] 
138.096: Total time for which application threads were stopped: 0.0052400 seconds, Stopping threads took: 0.0000910 seconds
138.292: Application time: 0.1962990 seconds
138.292: [GC [PSYoungGen: 101643K->13985K(102400K)] 220710K->136615K(335360K), 0.0052270 secs] [Times: user=0.04 sys=0.00, real=0.01 secs] 
138.298: Total time for which application threads were stopped: 0.0053750 seconds, Stopping threads took: 0.0000620 seconds
138.334: Application time: 0.0365870 seconds
138.334: [GC [PSYoungGen: 101653K->13954K(102400K)] 224282K->138008K(335360K), 0.0047950 secs] [Times: user=0.04 sys=0.00, real=0.01 secs] 
138.339: Total time for which application threads were stopped: 0.0049850 seconds, Stopping threads took: 0.0000920 seconds
138.403: Application time: 0.0636220 seconds
138.403: Total time for which application threads were stopped: 0.0000980 seconds, Stopping threads took: 0.0000730 seconds
138.548: Application time: 0.1452960 seconds
138.548: [GC [PSYoungGen: 101702K->14017K(102400K)] 225757K->140217K(335360K), 0.0047440 secs] [Times: user=0.03 sys=0.00, real=0.00 secs] 
138.553: Total time for which application threads were stopped: 0.0048900 seconds, Stopping threads took: 0.0000600 seconds
138.943: Application time: 0.3899110 seconds
138.943: [GC [PSYoungGen: 101705K->13985K(102400K)] 227905K->142363K(335360K), 0.0048570 secs] [Times: user=0.04 sys=0.01, real=0.01 secs] 
138.948: Total time for which application threads were stopped: 0.0050170 seconds, Stopping threads took: 0.0000590 seconds
139.271: Application time: 0.3229960 seconds
139.271: [GC [PSYoungGen: 101656K->13922K(102400K)] 230034K->145190K(335360K), 0.0050720 secs] [Times: user=0.03 sys=0.00, real=0.01 secs] 
139.276: Total time for which application threads were stopped: 0.0052170 seconds, Stopping threads took: 0.0000550 seconds
139.579: Application time: 0.3030090 seconds
139.579: [GC [PSYoungGen: 101606K->13954K(102400K)] 232874K->149497K(335360K), 0.0054210 secs] [Times: user=0.04 sys=0.00, real=0.01 secs] 
139.585: Total time for which application threads were stopped: 0.0055780 seconds, Stopping threads took: 0.0000580 seconds
139.922: Application time: 0.3367680 seconds
139.922: [GC [PSYoungGen: 101630K->13922K(102400K)] 237173K->151603K(335360K), 0.0048460 secs] [Times: user=0.03 sys=0.00, real=0.01 secs] 
139.927: Total time for which application threads were stopped: 0.0049970 seconds, Stopping threads took: 0.0000630 seconds
140.007: Application time: 0.0807940 seconds
140.008: Total time for which application threads were stopped: 0.0000930 seconds, Stopping threads took: 0.0000680 seconds
140.241: Application time: 0.2332590 seconds
140.241: [GC [PSYoungGen: 101658K->13210K(102400K)] 239339K->150890K(335360K), 0.0038850 secs] [Times: user=0.03 sys=0.00, real=0.01 secs] 
140.245: Total time for which application threads were stopped: 0.0040350 seconds, Stopping threads took: 0.0000560 seconds
140.254: Application time: 0.0095820 seconds
140.254: Total time for which application threads were stopped: 0.0000640 seconds, Stopping threads took: 0.0000410 seconds
140.494: Application time: 0.2398520 seconds
140.494: Total time for which application threads were stopped: 0.0000760 seconds, Stopping threads took: 0.0000520 seconds
140.560: Application time: 0.0660270 seconds
140.560: [GC [PSYoungGen: 100981K->10232K(102400K)] 238662K->147968K(335360K), 0.0032410 secs] [Times: user=0.03 sys=0.00, real=0.01 secs] 
140.564: Total time for which application threads were stopped: 0.0033740 seconds, Stopping threads took: 0.0000500 seconds
140.769: Application time: 0.2051240 seconds
140.769: Total time for which application threads were stopped: 0.0000700 seconds, Stopping threads took: 0.0000360 seconds
140.973: Application time: 0.2035350 seconds
140.973: [GC [PSYoungGen: 97955K->8774K(102400K)] 235692K->146527K(335360K), 0.0031010 secs] [Times: user=0.02 sys=0.01, real=0.01 secs] 
140.976: Total time for which application threads were stopped: 0.0032280 seconds, Stopping threads took: 0.0000430 seconds
141.233: Application time: 0.2571970 seconds
141.233: Total time for which application threads were stopped: 0.0001290 seconds, Stopping threads took: 0.0001080 seconds
141.258: Application time: 0.0249320 seconds
141.259: [GC [PSYoungGen: 96485K->13985K(102400K)] 234238K->153163K(335360K), 0.0046480 secs] [Times: user=0.03 sys=0.00, real=0.01 secs] 
141.263: Total time for which application threads were stopped: 0.0054110 seconds, Stopping threads took: 0.0006750 seconds
141.292: Application time: 0.0288700 seconds
141.294: [GC [PSYoungGen: 101665K->12496K(102400K)] 240843K->151690K(335360K), 0.0039340 secs] [Times: user=0.02 sys=0.01, real=0.01 secs] 
141.298: Total time for which application threads were stopped: 0.0053110 seconds, Stopping threads took: 0.0012740 seconds
141.326: Application time: 0.0281670 seconds
141.327: [GC [PSYoungGen: 100386K->14001K(102400K)] 239580K->156045K(335360K), 0.0053530 secs] [Times: user=0.03 sys=0.00, real=0.00 secs] 
141.333: Total time for which application threads were stopped: 0.0068520 seconds, Stopping threads took: 0.0014140 seconds
141.361: Application time: 0.0287920 seconds
141.362: [GC [PSYoungGen: 101561K->14017K(102400K)] 243605K->159632K(335360K), 0.0052620 secs] [Times: user=0.04 sys=0.00, real=0.01 secs] 
141.367: Total time for which application threads were stopped: 0.0056680 seconds, Stopping threads took: 0.0003180 seconds
141.397: Application time: 0.0300770 seconds
141.398: [GC [PSYoungGen: 102072K->14017K(102400K)] 247687K->160344K(335360K), 0.0042430 secs] [Times: user=0.03 sys=0.00, real=0.00 secs] 
141.403: Total time for which application threads were stopped: 0.0054640 seconds, Stopping threads took: 0.0011370 seconds
141.431: Application time: 0.0282630 seconds
141.431: [GC [PSYoungGen: 101933K->13986K(102400K)] 248260K->160321K(335360K), 0.0044610 secs] [Times: user=0.03 sys=0.00, real=0.01 secs] 
141.436: Total time for which application threads were stopped: 0.0050270 seconds, Stopping threads took: 0.0004790 seconds
141.463: Application time: 0.0274020 seconds
141.465: [GC [PSYoungGen: 101813K->11753K(102400K)] 248148K->158088K(335360K), 0.0037280 secs] [Times: user=0.03 sys=0.00, real=0.00 secs] 
141.469: Total time for which application threads were stopped: 0.0051020 seconds, Stopping threads took: 0.0012880 seconds
141.496: Application time: 0.0273130 seconds
141.497: [GC [PSYoungGen: 99526K->13258K(102400K)] 245861K->159609K(335360K), 0.0040830 secs] [Times: user=0.03 sys=0.00, real=0.00 secs] 
141.501: Total time for which application threads were stopped: 0.0055970 seconds, Stopping threads took: 0.0014280 seconds
141.528: Application time: 0.0264660 seconds
141.529: [GC [PSYoungGen: 100993K->13923K(102400K)] 247344K->165999K(335360K), 0.0059830 secs] [Times: user=0.04 sys=0.00, real=0.00 secs] 
141.535: Total time for which application threads were stopped: 0.0066320 seconds, Stopping threads took: 0.0005600 seconds
141.563: Application time: 0.0280010 seconds
141.563: [GC [PSYoungGen: 101626K->13242K(102400K)] 253702K->165318K(335360K), 0.0040710 secs] [Times: user=0.03 sys=0.00, real=0.01 secs] 
141.567: Total time for which application threads were stopped: 0.0046830 seconds, Stopping threads took: 0.0005280 seconds
141.593: Application time: 0.0260210 seconds
141.594: [GC [PSYoungGen: 100944K->14002K(102400K)] 253020K->168224K(335360K), 0.0049430 secs] [Times: user=0.03 sys=0.00, real=0.01 secs] 
141.599: Total time for which application threads were stopped: 0.0055160 seconds, Stopping threads took: 0.0004870 seconds
141.732: Application time: 0.1332030 seconds
141.732: [GC [PSYoungGen: 101723K->14017K(102400K)] 255944K->174660K(335360K), 0.0060130 secs] [Times: user=0.04 sys=0.00, real=0.01 secs] 
141.738: Total time for which application threads were stopped: 0.0061970 seconds, Stopping threads took: 0.0000910 seconds
142.114: Application time: 0.3757560 seconds
142.114: [GC [PSYoungGen: 101673K->14017K(102400K)] 262315K->176805K(335360K), 0.0049080 secs] [Times: user=0.03 sys=0.00, real=0.01 secs] 
142.119: Total time for which application threads were stopped: 0.0050650 seconds, Stopping threads took: 0.0000620 seconds
142.468: Application time: 0.3486240 seconds
142.468: [GC [PSYoungGen: 101694K->14017K(102400K)] 264482K->178951K(335360K), 0.0049720 secs] [Times: user=0.04 sys=0.00, real=0.00 secs] 
142.473: Total time for which application threads were stopped: 0.0051430 seconds, Stopping threads took: 0.0000880 seconds
142.872: Application time: 0.3995130 seconds
142.872: [GC [PSYoungGen: 101714K->14017K(102400K)] 266648K->186797K(335360K), 0.0064080 secs] [Times: user=0.05 sys=0.00, real=0.01 secs] 
142.879: Total time for which application threads were stopped: 0.0065720 seconds, Stopping threads took: 0.0000690 seconds
143.283: Application time: 0.4043320 seconds
143.283: [GC [PSYoungGen: 101673K->13793K(102400K)] 274452K->189715K(335360K), 0.0051130 secs] [Times: user=0.04 sys=0.00, real=0.00 secs] 
143.288: Total time for which application threads were stopped: 0.0052590 seconds, Stopping threads took: 0.0000640 seconds
143.619: Application time: 0.3305930 seconds
143.619: [GC [PSYoungGen: 101518K->13794K(102400K)] 277439K->197553K(335360K), 0.0062950 secs] [Times: user=0.04 sys=0.00, real=0.01 secs] 
143.626: Total time for which application threads were stopped: 0.0064630 seconds, Stopping threads took: 0.0000690 seconds
143.900: Application time: 0.2742750 seconds
143.900: [GC [PSYoungGen: 101453K->13794K(102400K)] 285213K->200404K(335360K), 0.0049930 secs] [Times: user=0.04 sys=0.00, real=0.01 secs] 
143.905: Total time for which application threads were stopped: 0.0051620 seconds, Stopping threads took: 0.0000850 seconds
144.186: Application time: 0.2805340 seconds
144.186: [GC [PSYoungGen: 101458K->13795K(102400K)] 288067K->202542K(335360K), 0.0048460 secs] [Times: user=0.04 sys=0.00, real=0.00 secs] 
144.191: Total time for which application threads were stopped: 0.0050430 seconds, Stopping threads took: 0.0000990 seconds
144.476: Application time: 0.2852120 seconds
144.476: [GC [PSYoungGen: 101529K->13795K(102400K)] 290277K->211093K(335360K), 0.0066180 secs] [Times: user=0.05 sys=0.00, real=0.00 secs] 
144.483: Total time for which application threads were stopped: 0.0067740 seconds, Stopping threads took: 0.0000710 seconds
144.784: Application time: 0.3014930 seconds
144.784: [GC [PSYoungGen: 101458K->13794K(102400K)] 298757K->215368K(335360K), 0.0054650 secs] [Times: user=0.04 sys=0.00, real=0.00 secs] 
144.790: Total time for which application threads were stopped: 0.0056640 seconds, Stopping threads took: 0.0001020 seconds
145.119: Application time: 0.3287990 seconds
145.119: [GC [PSYoungGen: 101454K->13794K(102400K)] 303028K->218218K(335360K), 0.0051040 secs] [Times: user=0.04 sys=0.00, real=0.01 secs] 
145.124: Total time for which application threads were stopped: 0.0052590 seconds, Stopping threads took: 0.0000660 seconds
145.227: Application time: 0.1030320 seconds
145.227: [GC [PSYoungGen: 101501K->13826K(102400K)] 305925K->221100K(335360K), 0.0051980 secs] [Times: user=0.04 sys=0.00, real=0.00 secs] 
145.232: Total time for which application threads were stopped: 0.0053780 seconds, Stopping threads took: 0.0000890 seconds
145.312: Application time: 0.0796210 seconds
145.312: [GC [PSYoungGen: 101543K->13857K(102400K)] 308818K->223982K(335360K), 0.0051620 secs] [Times: user=0.04 sys=0.00, real=0.01 secs] 
145.317: Total time for which application threads were stopped: 0.0053280 seconds, Stopping threads took: 0.0000680 seconds
145.348: Application time: 0.0312850 seconds
145.349: [GC [PSYoungGen: 101558K->13810K(102400K)] 311683K->224646K(335360K), 0.0046410 secs] [Times: user=0.04 sys=0.00, real=0.00 secs] 
145.353: Total time for which application threads were stopped: 0.0048550 seconds, Stopping threads took: 0.0001190 seconds
145.376: Application time: 0.0224120 seconds
145.376: [GC [PSYoungGen: 101511K->13858K(102400K)] 312348K->228257K(335360K), 0.0053350 secs] [Times: user=0.04 sys=0.00, real=0.00 secs] 
145.382: Total time for which application threads were stopped: 0.0057890 seconds, Stopping threads took: 0.0003660 seconds
145.406: Application time: 0.0247670 seconds
145.407: [GC [PSYoungGen: 101562K->13209K(102400K)] 315962K->227609K(335360K), 0.0043200 secs] [Times: user=0.03 sys=0.00, real=0.00 secs] 
145.412: Total time for which application threads were stopped: 0.0053580 seconds, Stopping threads took: 0.0009520 seconds
145.435: Application time: 0.0236440 seconds
145.436: [GC [PSYoungGen: 100922K->13954K(102400K)] 315321K->229066K(335360K), 0.0045770 secs] [Times: user=0.03 sys=0.00, real=0.00 secs] 
145.440: Total time for which application threads were stopped: 0.0049820 seconds, Stopping threads took: 0.0003180 seconds
145.464: Application time: 0.0238090 seconds
145.465: [GC [PSYoungGen: 101661K->13970K(102400K)] 316773K->230507K(335360K), 0.0046760 secs] [Times: user=0.04 sys=0.00, real=0.00 secs] 
145.470: Total time for which application threads were stopped: 0.0055090 seconds, Stopping threads took: 0.0007530 seconds
145.493: Application time: 0.0229420 seconds
145.493: [GC [PSYoungGen: 101652K->13922K(102400K)] 318189K->230459K(335360K), 0.0044060 secs] [Times: user=0.03 sys=0.00, real=0.01 secs] 
145.497: Total time for which application threads were stopped: 0.0046410 seconds, Stopping threads took: 0.0001470 seconds
145.519: Application time: 0.0222670 seconds
145.520: [GC [PSYoungGen: 101451K->13954K(102400K)] 317988K->231203K(335360K), 0.0046400 secs] [Times: user=0.03 sys=0.00, real=0.01 secs] 
145.525: Total time for which application threads were stopped: 0.0054040 seconds, Stopping threads took: 0.0006780 seconds
145.547: Application time: 0.0222630 seconds
145.548: [GC [PSYoungGen: 101824K->13986K(102400K)] 319073K->233373K(335360K), 0.0050140 secs] [Times: user=0.04 sys=0.00, real=0.00 secs] 
145.553: Total time for which application threads were stopped: 0.0057540 seconds, Stopping threads took: 0.0006540 seconds
145.573: Application time: 0.0203680 seconds
145.573: [GC [PSYoungGen: 101664K->13937K(102400K)] 321051K->234750K(335360K), 0.0049510 secs] [Times: user=0.04 sys=0.00, real=0.01 secs] 
145.578: Total time for which application threads were stopped: 0.0051770 seconds, Stopping threads took: 0.0001410 seconds
145.608: Application time: 0.0297000 seconds
145.608: [GC [PSYoungGen: 101620K->14018K(102400K)] 322433K->236967K(335360K), 0.0051450 secs] [Times: user=0.04 sys=0.00, real=0.00 secs] 
145.613: Total time for which application threads were stopped: 0.0053180 seconds, Stopping threads took: 0.0000830 seconds
145.928: Application time: 0.3145670 seconds
145.928: [GC [PSYoungGen: 101682K->13985K(102400K)] 324632K->240498K(335360K), 0.0053200 secs] [Times: user=0.03 sys=0.00, real=0.00 secs] 
145.934: Total time for which application threads were stopped: 0.0054830 seconds, Stopping threads took: 0.0000700 seconds
146.309: Application time: 0.3759370 seconds
146.310: [GC [PSYoungGen: 101656K->14017K(102400K)] 328168K->244805K(335360K), 0.0134100 secs] [Times: user=0.09 sys=0.00, real=0.01 secs] 
146.323: [Full GC [PSYoungGen: 14017K->0K(102400K)] [ParOldGen: 230787K->26630K(232960K)] 244805K->26630K(335360K) [PSPermGen: 6129K->6129K(21504K)], 0.0109970 secs] [Times: user=0.06 sys=0.00, real=0.01 secs] 
146.334: Total time for which application threads were stopped: 0.0246090 seconds, Stopping threads took: 0.0000710 seconds
146.713: Application time: 0.3789470 seconds
146.713: [GC [PSYoungGen: 87705K->13793K(102400K)] 114335K->47549K(335360K), 0.0059900 secs] [Times: user=0.05 sys=0.00, real=0.01 secs] 
146.719: Total time for which application threads were stopped: 0.0061650 seconds, Stopping threads took: 0.0000690 seconds
147.148: Application time: 0.4286200 seconds
147.148: [GC [PSYoungGen: 101449K->13793K(102400K)] 135204K->50399K(335360K), 0.0049010 secs] [Times: user=0.04 sys=0.00, real=0.00 secs] 
147.153: Total time for which application threads were stopped: 0.0050720 seconds, Stopping threads took: 0.0000860 seconds
147.495: Application time: 0.3421500 seconds
147.495: [GC [PSYoungGen: 101509K->13794K(102400K)] 138115K->54674K(335360K), 0.0051970 secs] [Times: user=0.04 sys=0.01, real=0.01 secs] 
147.500: Total time for which application threads were stopped: 0.0053520 seconds, Stopping threads took: 0.0000580 seconds
147.784: Application time: 0.2833850 seconds
147.784: [GC [PSYoungGen: 101461K->13794K(102400K)] 142342K->59662K(335360K), 0.0055010 secs] [Times: user=0.05 sys=0.00, real=0.00 secs] 
147.789: Total time for which application threads were stopped: 0.0056510 seconds, Stopping threads took: 0.0000690 seconds
148.066: Application time: 0.2767940 seconds
148.066: [GC [PSYoungGen: 101472K->13795K(102400K)] 147340K->62513K(335360K), 0.0049760 secs] [Times: user=0.04 sys=0.00, real=0.00 secs] 
148.071: Total time for which application threads were stopped: 0.0051320 seconds, Stopping threads took: 0.0000590 seconds
148.363: Application time: 0.2915320 seconds
148.363: [GC [PSYoungGen: 101477K->13795K(102400K)] 150195K->67501K(335360K), 0.0054930 secs] [Times: user=0.03 sys=0.00, real=0.01 secs] 
148.369: Total time for which application threads were stopped: 0.0056420 seconds, Stopping threads took: 0.0000660 seconds
148.667: Application time: 0.2988170 seconds
148.667: [GC [PSYoungGen: 101493K->13794K(102400K)] 155199K->73202K(335360K), 0.0057360 secs] [Times: user=0.04 sys=0.00, real=0.00 secs] 
148.673: Total time for which application threads were stopped: 0.0059240 seconds, Stopping threads took: 0.0000880 seconds
148.987: Application time: 0.3134270 seconds
148.987: [GC [PSYoungGen: 101455K->13794K(102400K)] 160862K->77476K(335360K), 0.0053350 secs] [Times: user=0.04 sys=0.00, real=0.00 secs] 
148.992: Total time for which application threads were stopped: 0.0054940 seconds, Stopping threads took: 0.0000690 seconds
149.055: Application time: 0.0626900 seconds
149.055: [GC [PSYoungGen: 101407K->13842K(102400K)] 165090K->78237K(335360K), 0.0045100 secs] [Times: user=0.03 sys=0.01, real=0.01 secs] 
149.060: Total time for which application threads were stopped: 0.0046790 seconds, Stopping threads took: 0.0000810 seconds
149.083: Application time: 0.0231990 seconds
149.083: [GC [PSYoungGen: 101646K->13794K(102400K)] 166041K->81039K(335360K), 0.0050200 secs] [Times: user=0.04 sys=0.00, real=0.01 secs] 
149.088: Total time for which application threads were stopped: 0.0052240 seconds, Stopping threads took: 0.0001190 seconds
149.118: Application time: 0.0297940 seconds
149.118: [GC [PSYoungGen: 101468K->13826K(102400K)] 168714K->83209K(335360K), 0.0049570 secs] [Times: user=0.03 sys=0.00, real=0.00 secs] 
149.123: Total time for which application threads were stopped: 0.0051410 seconds, Stopping threads took: 0.0000960 seconds
149.230: Application time: 0.1069040 seconds
149.230: [GC [PSYoungGen: 101534K->13793K(102400K)] 170917K->87451K(335360K), 0.0055440 secs] [Times: user=0.04 sys=0.00, real=0.01 secs] 
149.236: Total time for which application threads were stopped: 0.0057280 seconds, Stopping threads took: 0.0000850 seconds
149.274: Application time: 0.0381900 seconds
149.274: [GC [PSYoungGen: 101483K->13857K(102400K)] 175141K->88228K(335360K), 0.0043810 secs] [Times: user=0.03 sys=0.00, real=0.01 secs] 
149.278: Total time for which application threads were stopped: 0.0045510 seconds, Stopping threads took: 0.0000830 seconds
149.383: Application time: 0.1044380 seconds
149.383: [GC [PSYoungGen: 101654K->13889K(102400K)] 176024K->88260K(335360K), 0.0041760 secs] [Times: user=0.02 sys=0.00, real=0.00 secs] 
149.388: Total time for which application threads were stopped: 0.0049280 seconds, Stopping threads took: 0.0006650 seconds
149.413: Application time: 0.0248770 seconds
149.413: [GC [PSYoungGen: 101596K->14017K(102400K)] 175967K->91238K(335360K), 0.0050220 secs] [Times: user=0.04 sys=0.00, real=0.01 secs] 
149.418: Total time for which application threads were stopped: 0.0054440 seconds, Stopping threads took: 0.0003290 seconds
149.444: Application time: 0.0255410 seconds
149.444: [GC [PSYoungGen: 101687K->14002K(102400K)] 178908K->92647K(335360K), 0.0046070 secs] [Times: user=0.03 sys=0.00, real=0.00 secs] 
149.449: Total time for which application threads were stopped: 0.0055500 seconds, Stopping threads took: 0.0008540 seconds
149.474: Application time: 0.0253110 seconds
149.475: [GC [PSYoungGen: 101681K->14002K(102400K)] 180327K->94073K(335360K), 0.0045880 secs] [Times: user=0.03 sys=0.00, real=0.01 secs] 
149.479: Total time for which application threads were stopped: 0.0049660 seconds, Stopping threads took: 0.0002950 seconds
149.504: Application time: 0.0242960 seconds
149.505: [GC [PSYoungGen: 101678K->13938K(102400K)] 181749K->94721K(335360K), 0.0044630 secs] [Times: user=0.03 sys=0.00, real=0.00 secs] 
149.509: Total time for which application threads were stopped: 0.0054180 seconds, Stopping threads took: 0.0008690 seconds
149.533: Application time: 0.0237940 seconds
149.533: [GC [PSYoungGen: 101633K->14002K(102400K)] 182417K->96923K(335360K), 0.0049160 secs] [Times: user=0.04 sys=0.00, real=0.01 secs] 
149.538: Total time for which application threads were stopped: 0.0055000 seconds, Stopping threads took: 0.0005000 seconds
149.560: Application time: 0.0212370 seconds
149.560: [GC [PSYoungGen: 101688K->14018K(102400K)] 184609K->99077K(335360K), 0.0048820 secs] [Times: user=0.03 sys=0.00, real=0.01 secs] 
149.565: Total time for which application threads were stopped: 0.0052180 seconds, Stopping threads took: 0.0002510 seconds
149.774: Application time: 0.2088620 seconds
149.774: [GC [PSYoungGen: 101695K->14001K(102400K)] 186754K->103335K(335360K), 0.0053740 secs] [Times: user=0.04 sys=0.00, real=0.01 secs] 
149.779: Total time for which application threads were stopped: 0.0055590 seconds, Stopping threads took: 0.0000890 seconds
150.152: Application time: 0.3724720 seconds
150.152: [GC [PSYoungGen: 101674K->14001K(102400K)] 191007K->107610K(335360K), 0.0053260 secs] [Times: user=0.04 sys=0.00, real=0.01 secs] 
150.157: Total time for which application threads were stopped: 0.0054900 seconds, Stopping threads took: 0.0000780 seconds
150.521: Application time: 0.3636310 seconds
150.521: [GC [PSYoungGen: 101707K->14017K(102400K)] 195316K->114039K(335360K), 0.0059800 secs] [Times: user=0.05 sys=0.00, real=0.01 secs] 
150.527: Total time for which application threads were stopped: 0.0061500 seconds, Stopping threads took: 0.0000770 seconds
150.958: Application time: 0.4306700 seconds
150.958: [GC [PSYoungGen: 101682K->13905K(102400K)] 201703K->116853K(335360K), 0.0049290 secs] [Times: user=0.04 sys=0.00, real=0.00 secs] 
150.963: Total time for which application threads were stopped: 0.0050720 seconds, Stopping threads took: 0.0000600 seconds
151.311: Application time: 0.3482060 seconds
151.311: [GC [PSYoungGen: 101579K->13954K(102400K)] 204526K->121176K(335360K), 0.0053970 secs] [Times: user=0.04 sys=0.00, real=0.01 secs] 
151.317: Total time for which application threads were stopped: 0.0055590 seconds, Stopping threads took: 0.0000700 seconds
151.591: Application time: 0.2747070 seconds
151.591: [GC [PSYoungGen: 101655K->13954K(102400K)] 208878K->126877K(335360K), 0.0057640 secs] [Times: user=0.05 sys=0.00, real=0.01 secs] 
151.597: Total time for which application threads were stopped: 0.0059100 seconds, Stopping threads took: 0.0000610 seconds
151.871: Application time: 0.2736490 seconds
151.871: [GC [PSYoungGen: 101633K->13923K(102400K)] 214556K->130448K(335360K), 0.0052680 secs] [Times: user=0.04 sys=0.00, real=0.01 secs] 
151.876: Total time for which application threads were stopped: 0.0054170 seconds, Stopping threads took: 0.0000610 seconds
152.155: Application time: 0.2785910 seconds
152.155: [GC [PSYoungGen: 101602K->13795K(102400K)] 218128K->135309K(335360K), 0.0056060 secs] [Times: user=0.04 sys=0.00, real=0.01 secs] 
152.161: Total time for which application threads were stopped: 0.0057580 seconds, Stopping threads took: 0.0000680 seconds
152.440: Application time: 0.2793300 seconds
152.440: [GC [PSYoungGen: 101493K->13794K(102400K)] 223007K->141157K(335360K), 0.0058260 secs] [Times: user=0.04 sys=0.00, real=0.01 secs] 
152.446: Total time for which application threads were stopped: 0.0060040 seconds, Stopping threads took: 0.0000750 seconds
152.761: Application time: 0.3149950 seconds
152.761: [GC [PSYoungGen: 101488K->13826K(102400K)] 228851K->144792K(335360K), 0.0052660 secs] [Times: user=0.04 sys=0.00, real=0.01 secs] 
152.766: Total time for which application threads were stopped: 0.0054260 seconds, Stopping threads took: 0.0000740 seconds
152.802: Application time: 0.0351590 seconds
152.802: [GC [PSYoungGen: 101495K->13826K(102400K)] 232461K->146929K(335360K), 0.0049860 secs] [Times: user=0.04 sys=0.00, real=0.01 secs] 
152.807: Total time for which application threads were stopped: 0.0051790 seconds, Stopping threads took: 0.0001040 seconds
152.852: Application time: 0.0453300 seconds
152.852: [GC [PSYoungGen: 101539K->13826K(102400K)] 234642K->149779K(335360K), 0.0052000 secs] [Times: user=0.04 sys=0.00, real=0.01 secs] 
152.857: Total time for which application threads were stopped: 0.0053710 seconds, Stopping threads took: 0.0000860 seconds
152.887: Application time: 0.0294520 seconds
152.887: [GC [PSYoungGen: 101499K->13826K(102400K)] 237452K->151204K(335360K), 0.0047900 secs] [Times: user=0.03 sys=0.01, real=0.00 secs] 
152.892: Total time for which application threads were stopped: 0.0049700 seconds, Stopping threads took: 0.0000900 seconds
153.076: Application time: 0.1845660 seconds
153.077: [GC [PSYoungGen: 101532K->13857K(102400K)] 238911K->154086K(335360K), 0.0050830 secs] [Times: user=0.04 sys=0.00, real=0.00 secs] 
153.082: Total time for which application threads were stopped: 0.0054570 seconds, Stopping threads took: 0.0002720 seconds
153.112: Application time: 0.0304980 seconds
153.113: [GC [PSYoungGen: 101534K->13794K(102400K)] 241763K->157585K(335360K), 0.0053480 secs] [Times: user=0.05 sys=0.00, real=0.01 secs] 
153.118: Total time for which application threads were stopped: 0.0055270 seconds, Stopping threads took: 0.0000900 seconds
153.196: Application time: 0.0776840 seconds
153.196: [GC [PSYoungGen: 101509K->13921K(102400K)] 245301K->161275K(335360K), 0.0053180 secs] [Times: user=0.04 sys=0.00, real=0.00 secs] 
153.201: Total time for which application threads were stopped: 0.0055000 seconds, Stopping threads took: 0.0000930 seconds
153.253: Application time: 0.0518370 seconds
153.253: [GC [PSYoungGen: 101635K->13857K(102400K)] 248989K->161924K(335360K), 0.0045760 secs] [Times: user=0.03 sys=0.00, real=0.01 secs] 
153.258: Total time for which application threads were stopped: 0.0047600 seconds, Stopping threads took: 0.0000960 seconds
153.293: Application time: 0.0352470 seconds
153.293: [GC [PSYoungGen: 101407K->13970K(102400K)] 249473K->162749K(335360K), 0.0045960 secs] [Times: user=0.04 sys=0.00, real=0.01 secs] 
153.298: Total time for which application threads were stopped: 0.0047820 seconds, Stopping threads took: 0.0000990 seconds
153.325: Application time: 0.0272590 seconds
153.325: [GC [PSYoungGen: 101704K->13969K(102400K)] 250483K->162748K(335360K), 0.0043540 secs] [Times: user=0.03 sys=0.00, real=0.00 secs] 
153.330: Total time for which application threads were stopped: 0.0045280 seconds, Stopping threads took: 0.0000890 seconds
153.356: Application time: 0.0259870 seconds
153.356: [GC [PSYoungGen: 101779K->13970K(102400K)] 250558K->167032K(335360K), 0.0055640 secs] [Times: user=0.04 sys=0.00, real=0.00 secs] 
153.361: Total time for which application threads were stopped: 0.0057920 seconds, Stopping threads took: 0.0001390 seconds
153.387: Application time: 0.0254270 seconds
153.387: [GC [PSYoungGen: 101678K->13954K(102400K)] 254740K->167728K(335360K), 0.0045920 secs] [Times: user=0.04 sys=0.00, real=0.00 secs] 
153.392: Total time for which application threads were stopped: 0.0052750 seconds, Stopping threads took: 0.0005950 seconds
153.413: Application time: 0.0212100 seconds
153.413: [GC [PSYoungGen: 101638K->13921K(102400K)] 255412K->171971K(335360K), 0.0055830 secs] [Times: user=0.04 sys=0.00, real=0.01 secs] 
153.419: Total time for which application threads were stopped: 0.0057790 seconds, Stopping threads took: 0.0001100 seconds
153.488: Application time: 0.0691650 seconds
153.488: [GC [PSYoungGen: 101615K->13969K(102400K)] 259664K->174869K(335360K), 0.0050040 secs] [Times: user=0.03 sys=0.00, real=0.00 secs] 
153.493: Total time for which application threads were stopped: 0.0051610 seconds, Stopping threads took: 0.0000720 seconds
153.872: Application time: 0.3790360 seconds
153.873: [GC [PSYoungGen: 101642K->13969K(102400K)] 262541K->179857K(335360K), 0.0055040 secs] [Times: user=0.04 sys=0.00, real=0.01 secs] 
153.878: Total time for which application threads were stopped: 0.0056910 seconds, Stopping threads took: 0.0000930 seconds
154.245: Application time: 0.3672410 seconds
154.245: [GC [PSYoungGen: 101656K->13953K(102400K)] 267544K->184156K(335360K), 0.0054000 secs] [Times: user=0.04 sys=0.00, real=0.00 secs] 
154.251: Total time for which application threads were stopped: 0.0055470 seconds, Stopping threads took: 0.0000650 seconds
154.628: Application time: 0.3771870 seconds
154.628: [GC [PSYoungGen: 101634K->13953K(102400K)] 271836K->189856K(335360K), 0.0058000 secs] [Times: user=0.04 sys=0.00, real=0.00 secs] 
154.634: Total time for which application threads were stopped: 0.0059600 seconds, Stopping threads took: 0.0000690 seconds
154.999: Application time: 0.3646320 seconds
154.999: [GC [PSYoungGen: 101627K->13970K(102400K)] 277529K->194900K(335360K), 0.0056470 secs] [Times: user=0.05 sys=0.00, real=0.01 secs] 
155.004: Total time for which application threads were stopped: 0.0058000 seconds, Stopping threads took: 0.0000680 seconds
155.290: Application time: 0.2857070 seconds
155.290: [GC [PSYoungGen: 101670K->13906K(102400K)] 282600K->201249K(335360K), 0.0060330 secs] [Times: user=0.04 sys=0.00, real=0.01 secs] 
155.296: Total time for which application threads were stopped: 0.0062170 seconds, Stopping threads took: 0.0000870 seconds
155.574: Application time: 0.2780690 seconds
155.575: [GC [PSYoungGen: 101576K->13922K(102400K)] 288919K->203443K(335360K), 0.0049120 secs] [Times: user=0.03 sys=0.00, real=0.01 secs] 
155.580: Total time for which application threads were stopped: 0.0051090 seconds, Stopping threads took: 0.0001150 seconds
155.865: Application time: 0.2856890 seconds
155.865: [GC [PSYoungGen: 101603K->13923K(102400K)] 291124K->207719K(335360K), 0.0054490 secs] [Times: user=0.04 sys=0.00, real=0.00 secs] 
155.871: Total time for which application threads were stopped: 0.0056100 seconds, Stopping threads took: 0.0000620 seconds
156.156: Application time: 0.2850010 seconds
156.156: [GC [PSYoungGen: 101630K->13891K(102400K)] 295426K->213428K(335360K), 0.0058310 secs] [Times: user=0.05 sys=0.00, real=0.00 secs] 
156.162: Total time for which application threads were stopped: 0.0059850 seconds, Stopping threads took: 0.0000690 seconds
156.455: Application time: 0.2930840 seconds
156.455: [GC [PSYoungGen: 101587K->13794K(102400K)] 301124K->218375K(335360K), 0.0057640 secs] [Times: user=0.04 sys=0.00, real=0.01 secs] 
156.461: Total time for which application threads were stopped: 0.0059350 seconds, Stopping threads took: 0.0000760 seconds
156.494: Application time: 0.0331090 seconds
156.494: [GC [PSYoungGen: 101467K->13794K(102400K)] 306048K->221986K(335360K), 0.0054350 secs] [Times: user=0.04 sys=0.00, real=0.01 secs] 
156.500: Total time for which application threads were stopped: 0.0056260 seconds, Stopping threads took: 0.0001030 seconds
156.568: Application time: 0.0687220 seconds
156.568: [GC [PSYoungGen: 101508K->13858K(102400K)] 309700K->224219K(335360K), 0.0050650 secs] [Times: user=0.04 sys=0.00, real=0.00 secs] 
156.574: Total time for which application threads were stopped: 0.0052450 seconds, Stopping threads took: 0.0000950 seconds
156.605: Application time: 0.0313950 seconds
156.605: [GC [PSYoungGen: 101538K->13858K(102400K)] 311900K->226357K(335360K), 0.0050740 secs] [Times: user=0.04 sys=0.00, real=0.00 secs] 
156.610: Total time for which application threads were stopped: 0.0052560 seconds, Stopping threads took: 0.0000890 seconds
156.742: Application time: 0.1314360 seconds
156.742: [GC [PSYoungGen: 101565K->13810K(102400K)] 314064K->230624K(335360K), 0.0056480 secs] [Times: user=0.04 sys=0.00, real=0.01 secs] 
156.747: Total time for which application threads were stopped: 0.0058260 seconds, Stopping threads took: 0.0000900 seconds
156.778: Application time: 0.0305380 seconds
156.778: [GC [PSYoungGen: 101480K->13810K(102400K)] 318295K->230624K(335360K), 0.0044580 secs] [Times: user=0.03 sys=0.00, real=0.00 secs] 
156.783: Total time for which application threads were stopped: 0.0046400 seconds, Stopping threads took: 0.0000950 seconds
156.939: Application time: 0.1558960 seconds
156.939: [GC [PSYoungGen: 101517K->13889K(102400K)] 318331K->234266K(335360K), 0.0053560 secs] [Times: user=0.04 sys=0.00, real=0.01 secs] 
156.944: Total time for which application threads were stopped: 0.0055420 seconds, Stopping threads took: 0.0001000 seconds
156.975: Application time: 0.0306810 seconds
156.975: [GC [PSYoungGen: 101562K->13890K(102400K)] 321939K->234266K(335360K), 0.0043390 secs] [Times: user=0.04 sys=0.00, real=0.01 secs] 
156.979: Total time for which application threads were stopped: 0.0045480 seconds, Stopping threads took: 0.0001100 seconds
157.023: Application time: 0.0432750 seconds
157.023: [GC [PSYoungGen: 101602K->13826K(102400K)] 321979K->237765K(335360K), 0.0055120 secs] [Times: user=0.05 sys=0.00, real=0.01 secs] 
157.028: Total time for which application threads were stopped: 0.0057140 seconds, Stopping threads took: 0.0001160 seconds
157.060: Application time: 0.0312550 seconds
157.060: [GC [PSYoungGen: 101540K->13905K(102400K)] 325479K->239270K(335360K), 0.0047820 secs] [Times: user=0.02 sys=0.00, real=0.01 secs] 
157.065: Total time for which application threads were stopped: 0.0050270 seconds, Stopping threads took: 0.0001620 seconds
157.095: Application time: 0.0306670 seconds
157.095: [GC [PSYoungGen: 101839K->11896K(102400K)] 327204K->237261K(335360K), 0.0039260 secs] [Times: user=0.03 sys=0.00, real=0.00 secs] 
157.099: Total time for which application threads were stopped: 0.0041110 seconds, Stopping threads took: 0.0000970 seconds
157.129: Application time: 0.0299260 seconds
157.129: [GC [PSYoungGen: 99376K->13969K(102400K)] 324741K->242184K(335360K), 0.0052070 secs] [Times: user=0.04 sys=0.00, real=0.00 secs] 
157.135: [Full GC [PSYoungGen: 13969K->0K(102400K)] [ParOldGen: 228214K->24494K(232960K)] 242184K->24494K(335360K) [PSPermGen: 6129K->6129K(21504K)], 0.0105550 secs] [Times: user=0.06 sys=0.00, real=0.02 secs] 
157.145: Total time for which application threads were stopped: 0.0159960 seconds, Stopping threads took: 0.0000920 seconds
157.171: Application time: 0.0255680 seconds
157.171: [GC [PSYoungGen: 87669K->7317K(102400K)] 112163K->31811K(335360K), 0.0025360 secs] [Times: user=0.02 sys=0.00, real=0.00 secs] 
157.174: Total time for which application threads were stopped: 0.0027260 seconds, Stopping threads took: 0.0001050 seconds
157.193: Application time: 0.0197560 seconds
157.194: [GC [PSYoungGen: 95002K->9390K(102400K)] 119496K->33885K(335360K), 0.0029540 secs] [Times: user=0.02 sys=0.00, real=0.01 secs] 
157.197: Total time for which application threads were stopped: 0.0032730 seconds, Stopping threads took: 0.0002340 seconds
157.545: Application time: 0.3483370 seconds
157.545: [GC [PSYoungGen: 97069K->13761K(102400K)] 121564K->43243K(335360K), 0.0054740 secs] [Times: user=0.04 sys=0.00, real=0.00 secs] 
157.551: Total time for which application threads were stopped: 0.0056420 seconds, Stopping threads took: 0.0000760 seconds
157.928: Application time: 0.3771950 seconds
157.928: [GC [PSYoungGen: 101432K->13761K(102400K)] 130914K->48231K(335360K), 0.0054880 secs] [Times: user=0.04 sys=0.00, real=0.00 secs] 
157.933: Total time for which application threads were stopped: 0.0056340 seconds, Stopping threads took: 0.0000630 seconds
158.311: Application time: 0.3778930 seconds
158.311: [GC [PSYoungGen: 101450K->13793K(102400K)] 135920K->55388K(335360K), 0.0060770 secs] [Times: user=0.04 sys=0.00, real=0.01 secs] 
158.318: Total time for which application threads were stopped: 0.0062420 seconds, Stopping threads took: 0.0000680 seconds
158.697: Application time: 0.3793570 seconds
158.697: [GC [PSYoungGen: 101476K->13793K(102400K)] 143070K->59663K(335360K), 0.0052860 secs] [Times: user=0.04 sys=0.00, real=0.00 secs] 
158.702: Total time for which application threads were stopped: 0.0054380 seconds, Stopping threads took: 0.0000690 seconds
159.018: Application time: 0.3160410 seconds
159.019: [GC [PSYoungGen: 101485K->13794K(102400K)] 147355K->63939K(335360K), 0.0053030 secs] [Times: user=0.04 sys=0.00, real=0.01 secs] 
159.024: Total time for which application threads were stopped: 0.0054730 seconds, Stopping threads took: 0.0000740 seconds
159.316: Application time: 0.2925410 seconds
159.317: [GC [PSYoungGen: 101472K->13730K(102400K)] 151617K->68863K(335360K), 0.0054370 secs] [Times: user=0.04 sys=0.00, real=0.00 secs] 
159.322: Total time for which application threads were stopped: 0.0056110 seconds, Stopping threads took: 0.0000890 seconds
159.601: Application time: 0.2791300 seconds
159.601: [GC [PSYoungGen: 101411K->13795K(102400K)] 156543K->73916K(335360K), 0.0056120 secs] [Times: user=0.04 sys=0.00, real=0.01 secs] 
159.607: Total time for which application threads were stopped: 0.0057710 seconds, Stopping threads took: 0.0000600 seconds
159.891: Application time: 0.2836860 seconds
159.891: [GC [PSYoungGen: 101494K->13795K(102400K)] 161615K->79616K(335360K), 0.0056840 secs] [Times: user=0.04 sys=0.00, real=0.01 secs] 
159.897: Total time for which application threads were stopped: 0.0058300 seconds, Stopping threads took: 0.0000610 seconds
160.182: Application time: 0.2858080 seconds
160.182: [GC [PSYoungGen: 101465K->13794K(102400K)] 167287K->84604K(335360K), 0.0055280 secs] [Times: user=0.04 sys=0.00, real=0.01 secs] 
160.188: Total time for which application threads were stopped: 0.0057200 seconds, Stopping threads took: 0.0000920 seconds
160.237: Application time: 0.0489780 seconds
160.237: [GC [PSYoungGen: 101494K->13810K(102400K)] 172304K->86045K(335360K), 0.0047150 secs] [Times: user=0.03 sys=0.00, real=0.00 secs] 
160.242: Total time for which application threads were stopped: 0.0048850 seconds, Stopping threads took: 0.0000820 seconds
160.362: Application time: 0.1203380 seconds
160.362: [GC [PSYoungGen: 101527K->13826K(102400K)] 173762K->88198K(335360K), 0.0048630 secs] [Times: user=0.03 sys=0.00, real=0.01 secs] 
160.367: Total time for which application threads were stopped: 0.0050300 seconds, Stopping threads took: 0.0000790 seconds
160.402: Application time: 0.0342450 seconds
160.402: [GC [PSYoungGen: 101506K->13810K(102400K)] 175878K->91033K(335360K), 0.0052490 secs] [Times: user=0.04 sys=0.00, real=0.01 secs] 
160.407: Total time for which application threads were stopped: 0.0054250 seconds, Stopping threads took: 0.0000900 seconds
160.541: Application time: 0.1342600 seconds
160.541: [GC [PSYoungGen: 101518K->13890K(102400K)] 178740K->94675K(335360K), 0.0052970 secs] [Times: user=0.04 sys=0.00, real=0.01 secs] 
160.547: Total time for which application threads were stopped: 0.0054600 seconds, Stopping threads took: 0.0000740 seconds
160.579: Application time: 0.0323180 seconds
160.579: [GC [PSYoungGen: 101569K->13826K(102400K)] 182354K->96749K(335360K), 0.0049730 secs] [Times: user=0.03 sys=0.00, real=0.01 secs] 
160.584: Total time for which application threads were stopped: 0.0051720 seconds, Stopping threads took: 0.0001100 seconds
160.766: Application time: 0.1817340 seconds
160.766: [GC [PSYoungGen: 101529K->13889K(102400K)] 184452K->100375K(335360K), 0.0053540 secs] [Times: user=0.04 sys=0.01, real=0.00 secs] 
160.771: Total time for which application threads were stopped: 0.0055510 seconds, Stopping threads took: 0.0000910 seconds
160.804: Application time: 0.0326190 seconds
160.804: [GC [PSYoungGen: 101600K->13890K(102400K)] 188086K->102513K(335360K), 0.0049620 secs] [Times: user=0.03 sys=0.00, real=0.00 secs] 
160.809: Total time for which application threads were stopped: 0.0051380 seconds, Stopping threads took: 0.0000870 seconds
160.836: Application time: 0.0270080 seconds
160.836: [GC [PSYoungGen: 101601K->13889K(102400K)] 190225K->102513K(335360K), 0.0042280 secs] [Times: user=0.03 sys=0.00, real=0.00 secs] 
160.841: Total time for which application threads were stopped: 0.0045350 seconds, Stopping threads took: 0.0002200 seconds
160.864: Application time: 0.0230430 seconds
160.864: [GC [PSYoungGen: 101556K->13954K(102400K)] 190179K->104714K(335360K), 0.0049820 secs] [Times: user=0.04 sys=0.00, real=0.00 secs] 
160.869: Total time for which application threads were stopped: 0.0051620 seconds, Stopping threads took: 0.0000920 seconds
160.895: Application time: 0.0258790 seconds
160.896: [GC [PSYoungGen: 101670K->13922K(102400K)] 192431K->106820K(335360K), 0.0050300 secs] [Times: user=0.03 sys=0.00, real=0.00 secs] 
160.901: Total time for which application threads were stopped: 0.0059710 seconds, Stopping threads took: 0.0008580 seconds
160.925: Application time: 0.0240550 seconds
160.925: [GC [PSYoungGen: 101602K->13953K(102400K)] 194500K->108990K(335360K), 0.0049540 secs] [Times: user=0.03 sys=0.00, real=0.00 secs] 
160.930: Total time for which application threads were stopped: 0.0051670 seconds, Stopping threads took: 0.0001260 seconds
160.969: Application time: 0.0384800 seconds
160.969: [GC [PSYoungGen: 101663K->13969K(102400K)] 196699K->110430K(335360K), 0.0047940 secs] [Times: user=0.04 sys=0.00, real=0.00 secs] 
160.974: Total time for which application threads were stopped: 0.0049780 seconds, Stopping threads took: 0.0000960 seconds
161.006: Application time: 0.0325320 seconds
161.006: [GC [PSYoungGen: 101650K->13954K(102400K)] 198111K->113977K(335360K), 0.0054340 secs] [Times: user=0.04 sys=0.00, real=0.00 secs] 
161.012: Total time for which application threads were stopped: 0.0056090 seconds, Stopping threads took: 0.0000860 seconds
161.281: Application time: 0.2688680 seconds
161.281: [GC [PSYoungGen: 101630K->13985K(102400K)] 201654K->118284K(335360K), 0.0053140 secs] [Times: user=0.03 sys=0.00, real=0.01 secs] 
161.286: Total time for which application threads were stopped: 0.0054810 seconds, Stopping threads took: 0.0000730 seconds
161.647: Application time: 0.3614400 seconds
161.648: [GC [PSYoungGen: 101658K->14033K(102400K)] 205957K->122607K(335360K), 0.0053650 secs] [Times: user=0.05 sys=0.00, real=0.00 secs] 
161.653: Total time for which application threads were stopped: 0.0055190 seconds, Stopping threads took: 0.0000710 seconds
162.034: Application time: 0.3812900 seconds
162.034: [GC [PSYoungGen: 101731K->13985K(102400K)] 210305K->128300K(335360K), 0.0057610 secs] [Times: user=0.04 sys=0.00, real=0.01 secs] 
162.040: Total time for which application threads were stopped: 0.0059270 seconds, Stopping threads took: 0.0000730 seconds
162.399: Application time: 0.3593000 seconds
162.400: [GC [PSYoungGen: 101667K->13969K(102400K)] 215981K->132599K(335360K), 0.0053630 secs] [Times: user=0.04 sys=0.00, real=0.01 secs] 
162.405: Total time for which application threads were stopped: 0.0055200 seconds, Stopping threads took: 0.0000740 seconds
162.753: Application time: 0.3483590 seconds
162.753: [GC [PSYoungGen: 101645K->13954K(102400K)] 220274K->134008K(335360K), 0.0045970 secs] [Times: user=0.04 sys=0.00, real=0.01 secs] 
162.758: Total time for which application threads were stopped: 0.0047540 seconds, Stopping threads took: 0.0000580 seconds
163.032: Application time: 0.2742040 seconds
163.032: [GC [PSYoungGen: 101655K->13906K(102400K)] 221710K->138268K(335360K), 0.0053930 secs] [Times: user=0.04 sys=0.00, real=0.01 secs] 
163.038: Total time for which application threads were stopped: 0.0055430 seconds, Stopping threads took: 0.0000560 seconds
163.320: Application time: 0.2822890 seconds
163.320: [GC [PSYoungGen: 101577K->13891K(102400K)] 225939K->141815K(335360K), 0.0051680 secs] [Times: user=0.04 sys=0.00, real=0.01 secs] 
163.326: Total time for which application threads were stopped: 0.0053320 seconds, Stopping threads took: 0.0000600 seconds
163.604: Application time: 0.2785190 seconds
163.604: [GC [PSYoungGen: 101572K->13859K(102400K)] 229496K->145386K(335360K), 0.0052360 secs] [Times: user=0.03 sys=0.00, real=0.00 secs] 
163.609: Total time for which application threads were stopped: 0.0054180 seconds, Stopping threads took: 0.0000960 seconds
163.900: Application time: 0.2904830 seconds
163.900: [GC [PSYoungGen: 101547K->13858K(102400K)] 233075K->150414K(335360K), 0.0056270 secs] [Times: user=0.05 sys=0.00, real=0.01 secs] 
163.906: Total time for which application threads were stopped: 0.0057960 seconds, Stopping threads took: 0.0000740 seconds
163.974: Application time: 0.0679490 seconds
163.974: [GC [PSYoungGen: 101565K->13794K(102400K)] 238120K->153953K(335360K), 0.0054300 secs] [Times: user=0.04 sys=0.00, real=0.01 secs] 
163.979: Total time for which application threads were stopped: 0.0056370 seconds, Stopping threads took: 0.0001170 seconds
164.052: Application time: 0.0726610 seconds
164.052: [GC [PSYoungGen: 101510K->13858K(102400K)] 241668K->156154K(335360K), 0.0050250 secs] [Times: user=0.03 sys=0.00, real=0.01 secs] 
164.057: Total time for which application threads were stopped: 0.0052130 seconds, Stopping threads took: 0.0000950 seconds
164.090: Application time: 0.0326800 seconds
164.090: [GC [PSYoungGen: 101537K->13858K(102400K)] 243833K->158332K(335360K), 0.0050470 secs] [Times: user=0.04 sys=0.00, real=0.00 secs] 
164.095: Total time for which application threads were stopped: 0.0052270 seconds, Stopping threads took: 0.0000920 seconds
164.269: Application time: 0.1742820 seconds
164.270: [GC [PSYoungGen: 101563K->13890K(102400K)] 246037K->161926K(335360K), 0.0053250 secs] [Times: user=0.04 sys=0.00, real=0.00 secs] 
164.275: Total time for which application threads were stopped: 0.0054940 seconds, Stopping threads took: 0.0000820 seconds
164.308: Application time: 0.0329410 seconds
164.308: [GC [PSYoungGen: 101570K->13826K(102400K)] 249607K->162615K(335360K), 0.0045060 secs] [Times: user=0.03 sys=0.00, real=0.00 secs] 
164.313: Total time for which application threads were stopped: 0.0047950 seconds, Stopping threads took: 0.0002020 seconds
164.543: Application time: 0.2299440 seconds
164.543: [GC [PSYoungGen: 101496K->13857K(102400K)] 250285K->165496K(335360K), 0.0049500 secs] [Times: user=0.04 sys=0.00, real=0.01 secs] 
164.548: Total time for which application threads were stopped: 0.0051190 seconds, Stopping threads took: 0.0000760 seconds
164.583: Application time: 0.0351070 seconds
164.583: [GC [PSYoungGen: 101556K->13969K(102400K)] 253195K->167033K(335360K), 0.0047540 secs] [Times: user=0.03 sys=0.01, real=0.01 secs] 
164.588: Total time for which application threads were stopped: 0.0049290 seconds, Stopping threads took: 0.0000860 seconds
164.612: Application time: 0.0238050 seconds
164.612: [GC [PSYoungGen: 101707K->13954K(102400K)] 254771K->168443K(335360K), 0.0048170 secs] [Times: user=0.03 sys=0.00, real=0.01 secs] 
164.617: Total time for which application threads were stopped: 0.0056390 seconds, Stopping threads took: 0.0007390 seconds
164.639: Application time: 0.0219010 seconds
164.639: [GC [PSYoungGen: 101633K->13954K(102400K)] 256122K->169868K(335360K), 0.0047380 secs] [Times: user=0.03 sys=0.00, real=0.01 secs] 
164.644: Total time for which application threads were stopped: 0.0049890 seconds, Stopping threads took: 0.0001670 seconds
164.665: Application time: 0.0212630 seconds
164.665: [GC [PSYoungGen: 101638K->13938K(102400K)] 257552K->172702K(335360K), 0.0051760 secs] [Times: user=0.04 sys=0.00, real=0.00 secs] 
164.671: Total time for which application threads were stopped: 0.0053400 seconds, Stopping threads took: 0.0000770 seconds
164.711: Application time: 0.0399030 seconds
164.711: [GC [PSYoungGen: 101653K->13969K(102400K)] 260417K->175584K(335360K), 0.0052740 secs] [Times: user=0.04 sys=0.00, real=0.01 secs] 
164.716: Total time for which application threads were stopped: 0.0054790 seconds, Stopping threads took: 0.0001080 seconds
164.753: Application time: 0.0373520 seconds
164.754: [GC [PSYoungGen: 101655K->13273K(102400K)] 263269K->174895K(335360K), 0.0039580 secs] [Times: user=0.03 sys=0.00, real=0.01 secs] 
164.758: Total time for which application threads were stopped: 0.0042960 seconds, Stopping threads took: 0.0002560 seconds
164.803: Application time: 0.0452280 seconds
164.803: [GC [PSYoungGen: 100977K->13954K(102400K)] 262600K->179139K(335360K), 0.0054330 secs] [Times: user=0.04 sys=0.00, real=0.01 secs] 
164.809: Total time for which application threads were stopped: 0.0056260 seconds, Stopping threads took: 0.0001050 seconds
164.980: Application time: 0.1711570 seconds
164.980: [GC [PSYoungGen: 101641K->14017K(102400K)] 266826K->182765K(335360K), 0.0052220 secs] [Times: user=0.04 sys=0.00, real=0.01 secs] 
164.985: Total time for which application threads were stopped: 0.0053740 seconds, Stopping threads took: 0.0000720 seconds
165.356: Application time: 0.3712540 seconds
165.357: [GC [PSYoungGen: 101690K->13985K(102400K)] 270437K->185583K(335360K), 0.0050750 secs] [Times: user=0.03 sys=0.00, real=0.00 secs] 
165.362: Total time for which application threads were stopped: 0.0052540 seconds, Stopping threads took: 0.0000840 seconds
165.744: Application time: 0.3818900 seconds
165.744: [GC [PSYoungGen: 101681K->13985K(102400K)] 273279K->192036K(335360K), 0.0060410 secs] [Times: user=0.04 sys=0.00, real=0.00 secs] 
165.750: Total time for which application threads were stopped: 0.0061930 seconds, Stopping threads took: 0.0000670 seconds
166.120: Application time: 0.3699140 seconds
166.120: [GC [PSYoungGen: 101658K->13953K(102400K)] 279709K->194894K(335360K), 0.0050390 secs] [Times: user=0.04 sys=0.00, real=0.01 secs] 
166.125: Total time for which application threads were stopped: 0.0051990 seconds, Stopping threads took: 0.0000640 seconds
166.450: Application time: 0.3247740 seconds
166.450: [GC [PSYoungGen: 101619K->13954K(102400K)] 282560K->197744K(335360K), 0.0050760 secs] [Times: user=0.03 sys=0.00, real=0.00 secs] 
166.455: Total time for which application threads were stopped: 0.0052600 seconds, Stopping threads took: 0.0000980 seconds
166.744: Application time: 0.2895340 seconds
166.745: [GC [PSYoungGen: 101665K->13906K(102400K)] 285456K->202012K(335360K), 0.0054360 secs] [Times: user=0.04 sys=0.00, real=0.00 secs] 
166.750: Total time for which application threads were stopped: 0.0056410 seconds, Stopping threads took: 0.0001100 seconds
167.029: Application time: 0.2792530 seconds
167.029: [GC [PSYoungGen: 101585K->13906K(102400K)] 289691K->208426K(335360K), 0.0060330 secs] [Times: user=0.04 sys=0.00, real=0.01 secs] 
167.036: Total time for which application threads were stopped: 0.0061930 seconds, Stopping threads took: 0.0000740 seconds
167.327: Application time: 0.2913820 seconds
167.327: [GC [PSYoungGen: 101578K->13955K(102400K)] 296097K->211324K(335360K), 0.0050750 secs] [Times: user=0.04 sys=0.00, real=0.00 secs] 
167.332: Total time for which application threads were stopped: 0.0052300 seconds, Stopping threads took: 0.0000590 seconds
167.625: Application time: 0.2927110 seconds
167.625: [GC [PSYoungGen: 101652K->13794K(102400K)] 299022K->216977K(335360K), 0.0058610 secs] [Times: user=0.04 sys=0.00, real=0.00 secs] 
167.631: Total time for which application threads were stopped: 0.0060120 seconds, Stopping threads took: 0.0000620 seconds
167.737: Application time: 0.1057840 seconds
167.737: [GC [PSYoungGen: 101528K->13890K(102400K)] 304710K->220635K(335360K), 0.0053600 secs] [Times: user=0.04 sys=0.00, real=0.00 secs] 
167.743: Total time for which application threads were stopped: 0.0058900 seconds, Stopping threads took: 0.0004430 seconds
167.766: Application time: 0.0238230 seconds
167.766: [GC [PSYoungGen: 101566K->13858K(102400K)] 308311K->220603K(335360K), 0.0044100 secs] [Times: user=0.03 sys=0.00, real=0.00 secs] 
167.771: Total time for which application threads were stopped: 0.0046000 seconds, Stopping threads took: 0.0001030 seconds
167.793: Application time: 0.0223340 seconds
167.793: [GC [PSYoungGen: 101542K->13874K(102400K)] 308287K->222757K(335360K), 0.0050390 secs] [Times: user=0.04 sys=0.00, real=0.01 secs] 
167.799: Total time for which application threads were stopped: 0.0052220 seconds, Stopping threads took: 0.0000910 seconds
167.901: Application time: 0.1024390 seconds
167.901: [GC [PSYoungGen: 101584K->13810K(102400K)] 310467K->227024K(335360K), 0.0056590 secs] [Times: user=0.04 sys=0.00, real=0.01 secs] 
167.907: Total time for which application threads were stopped: 0.0058530 seconds, Stopping threads took: 0.0000910 seconds
167.937: Application time: 0.0305250 seconds
167.937: [GC [PSYoungGen: 101481K->13842K(102400K)] 314695K->228481K(335360K), 0.0048570 secs] [Times: user=0.04 sys=0.00, real=0.00 secs] 
167.942: Total time for which application threads were stopped: 0.0050340 seconds, Stopping threads took: 0.0000890 seconds
168.213: Application time: 0.2708310 seconds
168.214: [GC [PSYoungGen: 101508K->13858K(102400K)] 316148K->232100K(335360K), 0.0052130 secs] [Times: user=0.04 sys=0.00, real=0.01 secs] 
168.219: Total time for which application threads were stopped: 0.0056300 seconds, Stopping threads took: 0.0003190 seconds
168.323: Application time: 0.1040160 seconds
168.323: [GC [PSYoungGen: 101565K->13890K(102400K)] 319807K->234982K(335360K), 0.0052600 secs] [Times: user=0.04 sys=0.00, real=0.01 secs] 
168.328: Total time for which application threads were stopped: 0.0054310 seconds, Stopping threads took: 0.0000820 seconds
168.412: Application time: 0.0839440 seconds
168.412: [GC [PSYoungGen: 101607K->13809K(102400K)] 322699K->238464K(335360K), 0.0054650 secs] [Times: user=0.04 sys=0.00, real=0.01 secs] 
168.418: Total time for which application threads were stopped: 0.0056490 seconds, Stopping threads took: 0.0000840 seconds
168.452: Application time: 0.0338420 seconds
168.452: [GC [PSYoungGen: 101490K->13890K(102400K)] 326144K->241395K(335360K), 0.0052540 secs] [Times: user=0.04 sys=0.00, real=0.01 secs] 
168.457: [Full GC [PSYoungGen: 13890K->0K(102400K)] [ParOldGen: 227504K->28369K(232960K)] 241395K->28369K(335360K) [PSPermGen: 6129K->6129K(21504K)], 0.0114380 secs] [Times: user=0.06 sys=0.00, real=0.01 secs] 
168.469: Total time for which application threads were stopped: 0.0169160 seconds, Stopping threads took: 0.0000770 seconds
168.502: Application time: 0.0334880 seconds
168.502: [GC [PSYoungGen: 87736K->8061K(102400K)] 116105K->36430K(335360K), 0.0026580 secs] [Times: user=0.02 sys=0.00, real=0.01 secs] 
168.505: Total time for which application threads were stopped: 0.0029990 seconds, Stopping threads took: 0.0002560 seconds
168.529: Application time: 0.0242550 seconds
168.530: [GC [PSYoungGen: 95737K->13730K(102400K)] 124106K->42811K(335360K), 0.0044970 secs] [Times: user=0.03 sys=0.00, real=0.00 secs] 
168.534: Total time for which application threads were stopped: 0.0047200 seconds, Stopping threads took: 0.0001330 seconds
168.557: Application time: 0.0231190 seconds
168.557: [GC [PSYoungGen: 101408K->13762K(102400K)] 130490K->47831K(335360K), 0.0056700 secs] [Times: user=0.04 sys=0.00, real=0.00 secs] 
168.563: Total time for which application threads were stopped: 0.0058810 seconds, Stopping threads took: 0.0001270 seconds
168.604: Application time: 0.0407790 seconds
168.604: [GC [PSYoungGen: 101477K->13793K(102400K)] 135546K->47863K(335360K), 0.0041430 secs] [Times: user=0.03 sys=0.00, real=0.00 secs] 
168.608: Total time for which application threads were stopped: 0.0043060 seconds, Stopping threads took: 0.0000760 seconds
168.685: Application time: 0.0765470 seconds
168.685: [GC [PSYoungGen: 101485K->13825K(102400K)] 135554K->52170K(335360K), 0.0052710 secs] [Times: user=0.03 sys=0.00, real=0.00 secs] 
168.690: Total time for which application threads were stopped: 0.0054280 seconds, Stopping threads took: 0.0000720 seconds
169.057: Application time: 0.3670810 seconds
169.057: [GC [PSYoungGen: 101498K->13825K(102400K)] 139842K->57870K(335360K), 0.0058280 secs] [Times: user=0.04 sys=0.00, real=0.01 secs] 
169.063: Total time for which application threads were stopped: 0.0060080 seconds, Stopping threads took: 0.0000750 seconds
169.445: Application time: 0.3813890 seconds
169.445: [GC [PSYoungGen: 101498K->13857K(102400K)] 145543K->62890K(335360K), 0.0055220 secs] [Times: user=0.04 sys=0.00, real=0.00 secs] 
169.450: Total time for which application threads were stopped: 0.0056830 seconds, Stopping threads took: 0.0000750 seconds
169.814: Application time: 0.3633270 seconds
169.814: [GC [PSYoungGen: 101564K->13857K(102400K)] 150596K->68590K(335360K), 0.0057520 secs] [Times: user=0.04 sys=0.00, real=0.01 secs] 
169.820: Total time for which application threads were stopped: 0.0059200 seconds, Stopping threads took: 0.0000670 seconds
170.154: Application time: 0.3341210 seconds
170.154: [GC [PSYoungGen: 101515K->13874K(102400K)] 156248K->72169K(335360K), 0.0051070 secs] [Times: user=0.04 sys=0.00, real=0.01 secs] 
170.159: Total time for which application threads were stopped: 0.0052700 seconds, Stopping threads took: 0.0000750 seconds
170.477: Application time: 0.3182010 seconds
170.479: [GC [PSYoungGen: 101576K->13826K(102400K)] 159871K->76397K(335360K), 0.0054120 secs] [Times: user=0.03 sys=0.00, real=0.01 secs] 
170.485: Total time for which application threads were stopped: 0.0075450 seconds, Stopping threads took: 0.0020370 seconds
170.758: Application time: 0.2732160 seconds
170.758: [GC [PSYoungGen: 101513K->13858K(102400K)] 164084K->82842K(335360K), 0.0059300 secs] [Times: user=0.04 sys=0.00, real=0.01 secs] 
170.764: Total time for which application threads were stopped: 0.0060980 seconds, Stopping threads took: 0.0000770 seconds
171.056: Application time: 0.2918890 seconds
171.056: [GC [PSYoungGen: 101521K->13858K(102400K)] 170504K->85692K(335360K), 0.0049370 secs] [Times: user=0.04 sys=0.00, real=0.00 secs] 
171.061: Total time for which application threads were stopped: 0.0051150 seconds, Stopping threads took: 0.0000800 seconds
171.336: Application time: 0.2749980 seconds
171.336: [GC [PSYoungGen: 101556K->13826K(102400K)] 173390K->90648K(335360K), 0.0055980 secs] [Times: user=0.05 sys=0.00, real=0.00 secs] 
171.342: Total time for which application threads were stopped: 0.0057730 seconds, Stopping threads took: 0.0000890 seconds
171.453: Application time: 0.1113220 seconds
171.453: [GC [PSYoungGen: 101544K->13810K(102400K)] 178365K->96333K(335360K), 0.0058610 secs] [Times: user=0.04 sys=0.00, real=0.01 secs] 
171.459: Total time for which application threads were stopped: 0.0060310 seconds, Stopping threads took: 0.0000760 seconds
171.511: Application time: 0.0513200 seconds
171.511: [GC [PSYoungGen: 101524K->13922K(102400K)] 184047K->97870K(335360K), 0.0047360 secs] [Times: user=0.03 sys=0.00, real=0.01 secs] 
171.515: Total time for which application threads were stopped: 0.0049170 seconds, Stopping threads took: 0.0000910 seconds
171.552: Application time: 0.0362200 seconds
171.552: [GC [PSYoungGen: 101598K->13858K(102400K)] 185545K->100024K(335360K), 0.0050210 secs] [Times: user=0.04 sys=0.00, real=0.01 secs] 
171.557: Total time for which application threads were stopped: 0.0051960 seconds, Stopping threads took: 0.0000880 seconds
171.625: Application time: 0.0682080 seconds
171.625: [GC [PSYoungGen: 101571K->13874K(102400K)] 187736K->103602K(335360K), 0.0053600 secs] [Times: user=0.04 sys=0.00, real=0.00 secs] 
171.631: Total time for which application threads were stopped: 0.0055420 seconds, Stopping threads took: 0.0000850 seconds
171.661: Application time: 0.0300250 seconds
171.661: [GC [PSYoungGen: 101549K->13890K(102400K)] 191277K->105043K(335360K), 0.0047870 secs] [Times: user=0.03 sys=0.00, real=0.01 secs] 
171.666: Total time for which application threads were stopped: 0.0049660 seconds, Stopping threads took: 0.0000910 seconds
171.977: Application time: 0.3113310 seconds
171.977: [GC [PSYoungGen: 101557K->13858K(102400K)] 192710K->107901K(335360K), 0.0049540 secs] [Times: user=0.04 sys=0.00, real=0.00 secs] 
171.982: Total time for which application threads were stopped: 0.0050960 seconds, Stopping threads took: 0.0000590 seconds
172.027: Application time: 0.0444950 seconds
172.027: [GC [PSYoungGen: 101564K->13794K(102400K)] 195607K->111400K(335360K), 0.0056130 secs] [Times: user=0.04 sys=0.00, real=0.00 secs] 
172.032: Total time for which application threads were stopped: 0.0057890 seconds, Stopping threads took: 0.0000900 seconds
172.181: Application time: 0.1486070 seconds
172.181: [GC [PSYoungGen: 101476K->13857K(102400K)] 199082K->114313K(335360K), 0.0049660 secs] [Times: user=0.03 sys=0.00, real=0.01 secs] 
172.186: Total time for which application threads were stopped: 0.0051260 seconds, Stopping threads took: 0.0000650 seconds
172.236: Application time: 0.0500030 seconds
172.236: [GC [PSYoungGen: 101559K->13906K(102400K)] 202015K->116499K(335360K), 0.0049610 secs] [Times: user=0.03 sys=0.00, real=0.00 secs] 
172.241: Total time for which application threads were stopped: 0.0051340 seconds, Stopping threads took: 0.0000870 seconds
172.285: Application time: 0.0436740 seconds
172.285: [GC [PSYoungGen: 101627K->13921K(102400K)] 204220K->119365K(335360K), 0.0051680 secs] [Times: user=0.04 sys=0.00, real=0.00 secs] 
172.290: Total time for which application threads were stopped: 0.0053570 seconds, Stopping threads took: 0.0001030 seconds
172.321: Application time: 0.0309360 seconds
172.321: [GC [PSYoungGen: 101590K->13954K(102400K)] 207034K->120110K(335360K), 0.0045950 secs] [Times: user=0.03 sys=0.00, real=0.01 secs] 
172.326: Total time for which application threads were stopped: 0.0047690 seconds, Stopping threads took: 0.0000880 seconds
172.394: Application time: 0.0677750 seconds
172.394: [GC [PSYoungGen: 101696K->14033K(102400K)] 207852K->124465K(335360K), 0.0055210 secs] [Times: user=0.05 sys=0.00, real=0.01 secs] 
172.400: Total time for which application threads were stopped: 0.0059980 seconds, Stopping threads took: 0.0003900 seconds
172.424: Application time: 0.0242520 seconds
172.424: [GC [PSYoungGen: 101718K->13986K(102400K)] 212150K->125842K(335360K), 0.0047030 secs] [Times: user=0.04 sys=0.00, real=0.00 secs] 
172.429: Total time for which application threads were stopped: 0.0052570 seconds, Stopping threads took: 0.0004690 seconds
172.452: Application time: 0.0224460 seconds
172.452: [GC [PSYoungGen: 101678K->13985K(102400K)] 213534K->127979K(335360K), 0.0050720 secs] [Times: user=0.03 sys=0.00, real=0.01 secs] 
172.457: Total time for which application threads were stopped: 0.0052340 seconds, Stopping threads took: 0.0000760 seconds
172.760: Application time: 0.3030400 seconds
172.760: [GC [PSYoungGen: 101661K->13985K(102400K)] 215655K->132967K(335360K), 0.0055150 secs] [Times: user=0.03 sys=0.00, real=0.01 secs] 
172.766: Total time for which application threads were stopped: 0.0056730 seconds, Stopping threads took: 0.0000600 seconds
173.119: Application time: 0.3536650 seconds
173.119: [GC [PSYoungGen: 101658K->13985K(102400K)] 220639K->135857K(335360K), 0.0050060 secs] [Times: user=0.04 sys=0.00, real=0.01 secs] 
173.124: Total time for which application threads were stopped: 0.0051560 seconds, Stopping threads took: 0.0000680 seconds
173.503: Application time: 0.3786230 seconds
173.503: [GC [PSYoungGen: 101683K->13825K(102400K)] 223555K->142862K(335360K), 0.0063800 secs] [Times: user=0.02 sys=0.00, real=0.00 secs] 
173.510: Total time for which application threads were stopped: 0.0066060 seconds, Stopping threads took: 0.0001240 seconds
173.848: Application time: 0.3384350 seconds
173.848: [GC [PSYoungGen: 101500K->13954K(102400K)] 230537K->148691K(335360K), 0.0057490 secs] [Times: user=0.04 sys=0.00, real=0.00 secs] 
173.854: Total time for which application threads were stopped: 0.0059010 seconds, Stopping threads took: 0.0000640 seconds
174.162: Application time: 0.3077740 seconds
174.162: [GC [PSYoungGen: 101630K->13922K(102400K)] 236367K->152974K(335360K), 0.0054930 secs] [Times: user=0.04 sys=0.01, real=0.01 secs] 
174.167: Total time for which application threads were stopped: 0.0056580 seconds, Stopping threads took: 0.0000660 seconds
174.447: Application time: 0.2798830 seconds
174.447: [GC [PSYoungGen: 101626K->13890K(102400K)] 240679K->160068K(335360K), 0.0062270 secs] [Times: user=0.05 sys=0.00, real=0.00 secs] 
174.454: Total time for which application threads were stopped: 0.0063800 seconds, Stopping threads took: 0.0000650 seconds
174.762: Application time: 0.3079620 seconds
174.762: [GC [PSYoungGen: 101561K->13922K(102400K)] 247739K->163663K(335360K), 0.0052260 secs] [Times: user=0.04 sys=0.00, real=0.01 secs] 
174.767: Total time for which application threads were stopped: 0.0054250 seconds, Stopping threads took: 0.0001010 seconds
175.051: Application time: 0.2835160 seconds
175.051: [GC [PSYoungGen: 101611K->13890K(102400K)] 251352K->166522K(335360K), 0.0051030 secs] [Times: user=0.04 sys=0.00, real=0.01 secs] 
175.056: Total time for which application threads were stopped: 0.0052800 seconds, Stopping threads took: 0.0000910 seconds
175.195: Application time: 0.1391680 seconds
175.195: [GC [PSYoungGen: 101591K->13922K(102400K)] 254223K->169404K(335360K), 0.0051510 secs] [Times: user=0.04 sys=0.00, real=0.00 secs] 
175.200: Total time for which application threads were stopped: 0.0053420 seconds, Stopping threads took: 0.0001010 seconds
175.231: Application time: 0.0309080 seconds
175.231: [GC [PSYoungGen: 101620K->13890K(102400K)] 257101K->172975K(335360K), 0.0052250 secs] [Times: user=0.04 sys=0.00, real=0.01 secs] 
175.237: Total time for which application threads were stopped: 0.0053850 seconds, Stopping threads took: 0.0000740 seconds
175.360: Application time: 0.1233140 seconds
175.360: [GC [PSYoungGen: 101599K->13890K(102400K)] 260683K->177290K(335360K), 0.0056030 secs] [Times: user=0.04 sys=0.00, real=0.01 secs] 
175.366: Total time for which application threads were stopped: 0.0057770 seconds, Stopping threads took: 0.0000770 seconds
175.415: Application time: 0.0487830 seconds
175.415: [GC [PSYoungGen: 101607K->13922K(102400K)] 265007K->180172K(335360K), 0.0052090 secs] [Times: user=0.03 sys=0.00, real=0.01 secs] 
175.420: Total time for which application threads were stopped: 0.0053920 seconds, Stopping threads took: 0.0001000 seconds
175.456: Application time: 0.0361860 seconds
175.456: [GC [PSYoungGen: 101595K->13810K(102400K)] 267845K->181562K(335360K), 0.0048380 secs] [Times: user=0.04 sys=0.00, real=0.00 secs] 
175.461: Total time for which application threads were stopped: 0.0050240 seconds, Stopping threads took: 0.0000990 seconds
175.600: Application time: 0.1391760 seconds
175.601: [GC [PSYoungGen: 101516K->13874K(102400K)] 269268K->184475K(335360K), 0.0050380 secs] [Times: user=0.04 sys=0.00, real=0.01 secs] 
175.606: Total time for which application threads were stopped: 0.0056990 seconds, Stopping threads took: 0.0005760 seconds
175.639: Application time: 0.0329180 seconds
175.639: [GC [PSYoungGen: 101551K->13890K(102400K)] 272153K->186629K(335360K), 0.0050570 secs] [Times: user=0.04 sys=0.00, real=0.01 secs] 
175.644: Total time for which application threads were stopped: 0.0052330 seconds, Stopping threads took: 0.0000890 seconds
175.887: Application time: 0.2423520 seconds
175.887: [GC [PSYoungGen: 101559K->13890K(102400K)] 274298K->189479K(335360K), 0.0050540 secs] [Times: user=0.03 sys=0.00, real=0.00 secs] 
175.892: Total time for which application threads were stopped: 0.0052150 seconds, Stopping threads took: 0.0000670 seconds
176.042: Application time: 0.1500430 seconds
176.042: [GC [PSYoungGen: 101588K->13937K(102400K)] 277178K->190952K(335360K), 0.0047600 secs] [Times: user=0.04 sys=0.00, real=0.01 secs] 
176.047: Total time for which application threads were stopped: 0.0049470 seconds, Stopping threads took: 0.0000970 seconds
176.075: Application time: 0.0280850 seconds
176.075: [GC [PSYoungGen: 101653K->13953K(102400K)] 278668K->193818K(335360K), 0.0052020 secs] [Times: user=0.03 sys=0.00, real=0.01 secs] 
176.080: Total time for which application threads were stopped: 0.0053760 seconds, Stopping threads took: 0.0000870 seconds
176.111: Application time: 0.0304380 seconds
176.111: [GC [PSYoungGen: 101665K->13953K(102400K)] 281529K->195243K(335360K), 0.0048890 secs] [Times: user=0.03 sys=0.00, real=0.01 secs] 
176.116: Total time for which application threads were stopped: 0.0050800 seconds, Stopping threads took: 0.0000950 seconds
176.137: Application time: 0.0216260 seconds
176.138: [GC [PSYoungGen: 101624K->11864K(102400K)] 282914K->193154K(335360K), 0.0037000 secs] [Times: user=0.03 sys=0.00, real=0.00 secs] 
176.141: Total time for which application threads were stopped: 0.0038820 seconds, Stopping threads took: 0.0000950 seconds
176.209: Application time: 0.0680860 seconds
176.210: [GC [PSYoungGen: 99564K->13921K(102400K)] 280853K->200207K(335360K), 0.0077000 secs] [Times: user=0.05 sys=0.00, real=0.01 secs] 
176.217: Total time for which application threads were stopped: 0.0078510 seconds, Stopping threads took: 0.0000680 seconds
176.282: Application time: 0.0650240 seconds
176.282: [GC [PSYoungGen: 101634K->13985K(102400K)] 287919K->203121K(335360K), 0.0052090 secs] [Times: user=0.04 sys=0.00, real=0.01 secs] 
176.288: Total time for which application threads were stopped: 0.0053810 seconds, Stopping threads took: 0.0000840 seconds
176.467: Application time: 0.1791700 seconds
176.467: [GC [PSYoungGen: 101675K->14017K(102400K)] 290811K->207428K(335360K), 0.0054640 secs] [Times: user=0.05 sys=0.00, real=0.00 secs] 
176.472: Total time for which application threads were stopped: 0.0056300 seconds, Stopping threads took: 0.0000670 seconds
176.848: Application time: 0.3750940 seconds
176.848: [GC [PSYoungGen: 101681K->13985K(102400K)] 295092K->210286K(335360K), 0.0050860 secs] [Times: user=0.04 sys=0.00, real=0.00 secs] 
176.853: Total time for which application threads were stopped: 0.0052610 seconds, Stopping threads took: 0.0000840 seconds
177.227: Application time: 0.3740960 seconds
177.227: [GC [PSYoungGen: 101681K->13985K(102400K)] 297981K->215274K(335360K), 0.0055680 secs] [Times: user=0.05 sys=0.00, real=0.00 secs] 
177.233: Total time for which application threads were stopped: 0.0057210 seconds, Stopping threads took: 0.0000540 seconds
177.580: Application time: 0.3476550 seconds
177.580: [GC [PSYoungGen: 101668K->13954K(102400K)] 302957K->220270K(335360K), 0.0056530 secs] [Times: user=0.04 sys=0.00, real=0.01 secs] 
177.586: Total time for which application threads were stopped: 0.0058080 seconds, Stopping threads took: 0.0000670 seconds
177.890: Application time: 0.3034110 seconds
177.890: [GC [PSYoungGen: 101621K->13938K(102400K)] 307937K->223144K(335360K), 0.0050330 secs] [Times: user=0.04 sys=0.00, real=0.00 secs] 
177.895: Total time for which application threads were stopped: 0.0051830 seconds, Stopping threads took: 0.0000550 seconds
178.190: Application time: 0.2953030 seconds
178.190: [GC [PSYoungGen: 101651K->13938K(102400K)] 310857K->228845K(335360K), 0.0058170 secs] [Times: user=0.04 sys=0.00, real=0.01 secs] 
178.196: Total time for which application threads were stopped: 0.0059740 seconds, Stopping threads took: 0.0000740 seconds
178.473: Application time: 0.2771520 seconds
178.473: [GC [PSYoungGen: 101609K->13890K(102400K)] 316515K->233112K(335360K), 0.0054420 secs] [Times: user=0.04 sys=0.00, real=0.01 secs] 
178.479: Total time for which application threads were stopped: 0.0056070 seconds, Stopping threads took: 0.0000660 seconds
178.775: Application time: 0.2966030 seconds
178.775: [GC [PSYoungGen: 101561K->13890K(102400K)] 320783K->236675K(335360K), 0.0053290 secs] [Times: user=0.03 sys=0.00, real=0.00 secs] 
178.781: Total time for which application threads were stopped: 0.0054830 seconds, Stopping threads took: 0.0000700 seconds
178.960: Application time: 0.1788970 seconds
178.960: [GC [PSYoungGen: 101608K->13810K(102400K)] 324393K->240871K(335360K), 0.0056490 secs] [Times: user=0.04 sys=0.00, real=0.01 secs] 
178.966: [Full GC [PSYoungGen: 13810K->0K(102400K)] [ParOldGen: 227060K->28371K(232960K)] 240871K->28371K(335360K) [PSPermGen: 6129K->6129K(21504K)], 0.0115700 secs] [Times: user=0.07 sys=0.00, real=0.01 secs] 
178.977: Total time for which application threads were stopped: 0.0174450 seconds, Stopping threads took: 0.0000830 seconds
179.007: Application time: 0.0302820 seconds
179.008: [GC [PSYoungGen: 87677K->9359K(102400K)] 116048K->37730K(335360K), 0.0029150 secs] [Times: user=0.02 sys=0.00, real=0.00 secs] 
179.011: Total time for which application threads were stopped: 0.0031420 seconds, Stopping threads took: 0.0001290 seconds
179.096: Application time: 0.0856120 seconds
179.096: [GC [PSYoungGen: 97084K->13666K(102400K)] 125455K->45600K(335360K), 0.0052630 secs] [Times: user=0.04 sys=0.00, real=0.00 secs] 
179.102: Total time for which application threads were stopped: 0.0054160 seconds, Stopping threads took: 0.0000650 seconds
179.177: Application time: 0.0749480 seconds
179.177: [GC [PSYoungGen: 101383K->13698K(102400K)] 133317K->47770K(335360K), 0.0048250 secs] [Times: user=0.03 sys=0.00, real=0.00 secs] 
179.182: Total time for which application threads were stopped: 0.0050200 seconds, Stopping threads took: 0.0001100 seconds
179.217: Application time: 0.0354260 seconds
179.217: [GC [PSYoungGen: 101367K->13730K(102400K)] 135439K->50652K(335360K), 0.0050480 secs] [Times: user=0.04 sys=0.00, real=0.00 secs] 
179.222: Total time for which application threads were stopped: 0.0052130 seconds, Stopping threads took: 0.0000770 seconds
179.314: Application time: 0.0915140 seconds
179.314: [GC [PSYoungGen: 101446K->13778K(102400K)] 138368K->54975K(335360K), 0.0055040 secs] [Times: user=0.04 sys=0.00, real=0.01 secs] 
179.319: Total time for which application threads were stopped: 0.0056840 seconds, Stopping threads took: 0.0000930 seconds
179.352: Application time: 0.0325100 seconds
179.352: [GC [PSYoungGen: 101458K->13810K(102400K)] 142655K->56432K(335360K), 0.0047330 secs] [Times: user=0.03 sys=0.00, real=0.01 secs] 
179.357: Total time for which application threads were stopped: 0.0049040 seconds, Stopping threads took: 0.0000860 seconds
179.607: Application time: 0.2497130 seconds
179.607: [GC [PSYoungGen: 101479K->13858K(102400K)] 144102K->59330K(335360K), 0.0049500 secs] [Times: user=0.03 sys=0.00, real=0.00 secs] 
179.612: Total time for which application threads were stopped: 0.0051130 seconds, Stopping threads took: 0.0000650 seconds
179.724: Application time: 0.1124780 seconds
179.724: [GC [PSYoungGen: 101564K->13858K(102400K)] 147037K->62180K(335360K), 0.0050500 secs] [Times: user=0.04 sys=0.00, real=0.00 secs] 
179.729: Total time for which application threads were stopped: 0.0052370 seconds, Stopping threads took: 0.0001010 seconds
179.810: Application time: 0.0810100 seconds
179.811: [GC [PSYoungGen: 101543K->13857K(102400K)] 149865K->65030K(335360K), 0.0049260 secs] [Times: user=0.03 sys=0.00, real=0.01 secs] 
179.816: Total time for which application threads were stopped: 0.0050830 seconds, Stopping threads took: 0.0000690 seconds
179.903: Application time: 0.0870240 seconds
179.903: [GC [PSYoungGen: 101604K->13953K(102400K)] 152776K->67976K(335360K), 0.0051020 secs] [Times: user=0.04 sys=0.00, real=0.01 secs] 
179.908: Total time for which application threads were stopped: 0.0054530 seconds, Stopping threads took: 0.0002580 seconds
179.932: Application time: 0.0235030 seconds
179.932: [GC [PSYoungGen: 101623K->13953K(102400K)] 155646K->70826K(335360K), 0.0051400 secs] [Times: user=0.04 sys=0.00, real=0.01 secs] 
179.937: Total time for which application threads were stopped: 0.0053190 seconds, Stopping threads took: 0.0000940 seconds
179.966: Application time: 0.0289680 seconds
179.966: [GC [PSYoungGen: 101640K->13921K(102400K)] 158513K->72932K(335360K), 0.0048990 secs] [Times: user=0.03 sys=0.00, real=0.00 secs] 
179.971: Total time for which application threads were stopped: 0.0051530 seconds, Stopping threads took: 0.0001570 seconds
180.141: Application time: 0.1703460 seconds
180.141: [GC [PSYoungGen: 101643K->13969K(102400K)] 160654K->79393K(335360K), 0.0061600 secs] [Times: user=0.04 sys=0.00, real=0.01 secs] 
180.148: Total time for which application threads were stopped: 0.0063640 seconds, Stopping threads took: 0.0001050 seconds
180.179: Application time: 0.0316250 seconds
180.180: [GC [PSYoungGen: 101640K->13938K(102400K)] 167063K->80786K(335360K), 0.0047360 secs] [Times: user=0.03 sys=0.00, real=0.01 secs] 
180.184: Total time for which application threads were stopped: 0.0050080 seconds, Stopping threads took: 0.0001750 seconds
180.522: Application time: 0.3373590 seconds
180.522: [GC [PSYoungGen: 101610K->14001K(102400K)] 168459K->85837K(335360K), 0.0055930 secs] [Times: user=0.04 sys=0.00, real=0.01 secs] 
180.527: Total time for which application threads were stopped: 0.0057440 seconds, Stopping threads took: 0.0000660 seconds
180.912: Application time: 0.3849740 seconds
180.913: [GC [PSYoungGen: 101690K->13953K(102400K)] 173526K->90064K(335360K), 0.0053970 secs] [Times: user=0.04 sys=0.00, real=0.01 secs] 
180.918: Total time for which application threads were stopped: 0.0055640 seconds, Stopping threads took: 0.0000720 seconds
181.246: Application time: 0.3276850 seconds
181.246: [GC [PSYoungGen: 101645K->13970K(102400K)] 177756K->95821K(335360K), 0.0057560 secs] [Times: user=0.05 sys=0.00, real=0.00 secs] 
181.252: Total time for which application threads were stopped: 0.0059270 seconds, Stopping threads took: 0.0000860 seconds
181.605: Application time: 0.3531950 seconds
181.605: [GC [PSYoungGen: 101637K->13922K(102400K)] 183488K->97951K(335360K), 0.0046740 secs] [Times: user=0.04 sys=0.00, real=0.00 secs] 
181.610: Total time for which application threads were stopped: 0.0048590 seconds, Stopping threads took: 0.0000880 seconds
181.888: Application time: 0.2780840 seconds
181.888: [GC [PSYoungGen: 101617K->13922K(102400K)] 185646K->102226K(335360K), 0.0053960 secs] [Times: user=0.04 sys=0.00, real=0.00 secs] 
181.893: Total time for which application threads were stopped: 0.0055470 seconds, Stopping threads took: 0.0000630 seconds
182.180: Application time: 0.2862720 seconds
182.180: [GC [PSYoungGen: 101610K->13858K(102400K)] 189914K->107191K(335360K), 0.0055400 secs] [Times: user=0.04 sys=0.00, real=0.01 secs] 
182.185: Total time for which application threads were stopped: 0.0057220 seconds, Stopping threads took: 0.0000820 seconds
182.478: Application time: 0.2929690 seconds
182.478: [GC [PSYoungGen: 101529K->13922K(102400K)] 194861K->110105K(335360K), 0.0049070 secs] [Times: user=0.03 sys=0.00, real=0.01 secs] 
182.483: Total time for which application threads were stopped: 0.0050610 seconds, Stopping threads took: 0.0000660 seconds
182.597: Application time: 0.1133360 seconds
182.597: [GC [PSYoungGen: 101631K->13922K(102400K)] 197814K->113668K(335360K), 0.0052410 secs] [Times: user=0.04 sys=0.00, real=0.00 secs] 
182.602: Total time for which application threads were stopped: 0.0054080 seconds, Stopping threads took: 0.0000810 seconds
182.683: Application time: 0.0809790 seconds
182.683: [GC [PSYoungGen: 101622K->13890K(102400K)] 201367K->115813K(335360K), 0.0048410 secs] [Times: user=0.04 sys=0.00, real=0.01 secs] 
182.688: Total time for which application threads were stopped: 0.0050010 seconds, Stopping threads took: 0.0000600 seconds
182.917: Application time: 0.2286630 seconds
182.917: [GC [PSYoungGen: 101595K->13922K(102400K)] 203518K->120120K(335360K), 0.0054960 secs] [Times: user=0.04 sys=0.00, real=0.00 secs] 
182.922: Total time for which application threads were stopped: 0.0056670 seconds, Stopping threads took: 0.0000850 seconds
182.953: Application time: 0.0301500 seconds
182.953: [GC [PSYoungGen: 101627K->13858K(102400K)] 207825K->121570K(335360K), 0.0047210 secs] [Times: user=0.04 sys=0.00, real=0.01 secs] 
182.957: Total time for which application threads were stopped: 0.0049370 seconds, Stopping threads took: 0.0001290 seconds
182.982: Application time: 0.0240450 seconds
182.982: [GC [PSYoungGen: 101544K->13858K(102400K)] 209256K->122995K(335360K), 0.0047230 secs] [Times: user=0.04 sys=0.00, real=0.01 secs] 
182.986: Total time for which application threads were stopped: 0.0048890 seconds, Stopping threads took: 0.0000800 seconds
183.046: Application time: 0.0597440 seconds
183.046: [GC [PSYoungGen: 101573K->13938K(102400K)] 210709K->123787K(335360K), 0.0044790 secs] [Times: user=0.03 sys=0.00, real=0.00 secs] 
183.051: Total time for which application threads were stopped: 0.0046410 seconds, Stopping threads took: 0.0000650 seconds
183.086: Application time: 0.0350200 seconds
183.086: [GC [PSYoungGen: 101618K->13842K(102400K)] 211467K->128023K(335360K), 0.0055800 secs] [Times: user=0.04 sys=0.00, real=0.00 secs] 
183.092: Total time for which application threads were stopped: 0.0057680 seconds, Stopping threads took: 0.0000990 seconds
183.296: Application time: 0.2041870 seconds
183.296: [GC [PSYoungGen: 101514K->13890K(102400K)] 215695K->130920K(335360K), 0.0049710 secs] [Times: user=0.03 sys=0.00, real=0.00 secs] 
183.301: Total time for which application threads were stopped: 0.0051280 seconds, Stopping threads took: 0.0000600 seconds
183.442: Application time: 0.1414080 seconds
183.442: [GC [PSYoungGen: 101589K->13922K(102400K)] 218620K->133802K(335360K), 0.0051730 secs] [Times: user=0.04 sys=0.00, real=0.01 secs] 
183.448: Total time for which application threads were stopped: 0.0053560 seconds, Stopping threads took: 0.0000940 seconds
183.514: Application time: 0.0666270 seconds
183.514: [GC [PSYoungGen: 101619K->13922K(102400K)] 221500K->135227K(335360K), 0.0046150 secs] [Times: user=0.04 sys=0.00, real=0.01 secs] 
183.519: Total time for which application threads were stopped: 0.0047690 seconds, Stopping threads took: 0.0000700 seconds
183.643: Application time: 0.1235890 seconds
183.643: [GC [PSYoungGen: 101629K->13985K(102400K)] 222934K->138854K(335360K), 0.0053540 secs] [Times: user=0.04 sys=0.00, real=0.01 secs] 
183.648: Total time for which application threads were stopped: 0.0055270 seconds, Stopping threads took: 0.0000830 seconds
183.691: Application time: 0.0424420 seconds
183.691: [GC [PSYoungGen: 101699K->13985K(102400K)] 226568K->140991K(335360K), 0.0050280 secs] [Times: user=0.03 sys=0.00, real=0.01 secs] 
183.696: Total time for which application threads were stopped: 0.0051960 seconds, Stopping threads took: 0.0000830 seconds
183.732: Application time: 0.0358150 seconds
183.732: [GC [PSYoungGen: 101663K->13985K(102400K)] 228669K->143129K(335360K), 0.0050230 secs] [Times: user=0.04 sys=0.00, real=0.01 secs] 
183.737: Total time for which application threads were stopped: 0.0051850 seconds, Stopping threads took: 0.0000770 seconds
183.909: Application time: 0.1718000 seconds
183.909: [GC [PSYoungGen: 101702K->13969K(102400K)] 230846K->146676K(335360K), 0.0054570 secs] [Times: user=0.03 sys=0.00, real=0.00 secs] 
183.914: Total time for which application threads were stopped: 0.0056400 seconds, Stopping threads took: 0.0000880 seconds
183.948: Application time: 0.0333510 seconds
183.948: [GC [PSYoungGen: 101648K->13986K(102400K)] 234355K->148117K(335360K), 0.0048530 secs] [Times: user=0.03 sys=0.00, real=0.00 secs] 
183.953: Total time for which application threads were stopped: 0.0050370 seconds, Stopping threads took: 0.0000970 seconds
184.222: Application time: 0.2690650 seconds
184.222: [GC [PSYoungGen: 101662K->13969K(102400K)] 235793K->153128K(335360K), 0.0055680 secs] [Times: user=0.03 sys=0.01, real=0.01 secs] 
184.227: Total time for which application threads were stopped: 0.0057110 seconds, Stopping threads took: 0.0000560 seconds
184.608: Application time: 0.3807920 seconds
184.608: [GC [PSYoungGen: 101657K->13889K(102400K)] 240816K->158036K(335360K), 0.0056330 secs] [Times: user=0.04 sys=0.00, real=0.00 secs] 
184.614: Total time for which application threads were stopped: 0.0058020 seconds, Stopping threads took: 0.0000740 seconds
184.943: Application time: 0.3293540 seconds
184.943: [GC [PSYoungGen: 101580K->13953K(102400K)] 245726K->163840K(335360K), 0.0057820 secs] [Times: user=0.04 sys=0.00, real=0.00 secs] 
184.949: Total time for which application threads were stopped: 0.0059340 seconds, Stopping threads took: 0.0000660 seconds
185.280: Application time: 0.3304600 seconds
185.280: [GC [PSYoungGen: 101612K->13922K(102400K)] 251499K->166699K(335360K), 0.0050180 secs] [Times: user=0.03 sys=0.00, real=0.01 secs] 
185.285: Total time for which application threads were stopped: 0.0052050 seconds, Stopping threads took: 0.0000890 seconds
185.577: Application time: 0.2922160 seconds
185.577: [GC [PSYoungGen: 101616K->13874K(102400K)] 254393K->172352K(335360K), 0.0138760 secs] [Times: user=0.10 sys=0.00, real=0.01 secs] 
185.591: Total time for which application threads were stopped: 0.0140330 seconds, Stopping threads took: 0.0000790 seconds
185.873: Application time: 0.2814890 seconds
185.873: [GC [PSYoungGen: 101570K->13890K(102400K)] 260047K->178108K(335360K), 0.0058600 secs] [Times: user=0.05 sys=0.00, real=0.01 secs] 
185.879: Total time for which application threads were stopped: 0.0060470 seconds, Stopping threads took: 0.0000930 seconds
186.165: Application time: 0.2857880 seconds
186.165: [GC [PSYoungGen: 101561K->13890K(102400K)] 265779K->181671K(335360K), 0.0052870 secs] [Times: user=0.04 sys=0.00, real=0.00 secs] 
186.170: Total time for which application threads were stopped: 0.0054570 seconds, Stopping threads took: 0.0000780 seconds
186.286: Application time: 0.1158540 seconds
186.286: [GC [PSYoungGen: 101600K->13826K(102400K)] 269381K->185883K(335360K), 0.0055420 secs] [Times: user=0.04 sys=0.00, real=0.00 secs] 
186.292: Total time for which application threads were stopped: 0.0057240 seconds, Stopping threads took: 0.0000930 seconds
186.377: Application time: 0.0857910 seconds
186.378: [GC [PSYoungGen: 101519K->13906K(102400K)] 273576K->188141K(335360K), 0.0048130 secs] [Times: user=0.03 sys=0.00, real=0.00 secs] 
186.382: Total time for which application threads were stopped: 0.0049710 seconds, Stopping threads took: 0.0000620 seconds
186.683: Application time: 0.3006890 seconds
186.683: [GC [PSYoungGen: 101584K->13890K(102400K)] 275819K->193112K(335360K), 0.0056070 secs] [Times: user=0.04 sys=0.00, real=0.00 secs] 
186.689: Total time for which application threads were stopped: 0.0057700 seconds, Stopping threads took: 0.0000750 seconds
186.735: Application time: 0.0458880 seconds
186.735: [GC [PSYoungGen: 101351K->13890K(102400K)] 280573K->194586K(335360K), 0.0048200 secs] [Times: user=0.04 sys=0.00, real=0.01 secs] 
186.740: Total time for which application threads were stopped: 0.0049950 seconds, Stopping threads took: 0.0000880 seconds
186.768: Application time: 0.0281320 seconds
186.768: [GC [PSYoungGen: 101845K->13890K(102400K)] 282541K->196050K(335360K), 0.0047860 secs] [Times: user=0.04 sys=0.00, real=0.00 secs] 
186.773: Total time for which application threads were stopped: 0.0049820 seconds, Stopping threads took: 0.0001100 seconds
186.801: Application time: 0.0278830 seconds
186.801: [GC [PSYoungGen: 101602K->13922K(102400K)] 283762K->199646K(335360K), 0.0054080 secs] [Times: user=0.04 sys=0.00, real=0.01 secs] 
186.806: Total time for which application threads were stopped: 0.0055730 seconds, Stopping threads took: 0.0000770 seconds
186.836: Application time: 0.0297650 seconds
186.836: [GC [PSYoungGen: 101597K->13826K(102400K)] 287320K->199597K(335360K), 0.0044810 secs] [Times: user=0.03 sys=0.00, real=0.00 secs] 
186.841: Total time for which application threads were stopped: 0.0046390 seconds, Stopping threads took: 0.0000660 seconds
186.976: Application time: 0.1352230 seconds
186.976: [GC [PSYoungGen: 101509K->13858K(102400K)] 287280K->203192K(335360K), 0.0051670 secs] [Times: user=0.03 sys=0.00, real=0.00 secs] 
186.981: Total time for which application threads were stopped: 0.0053470 seconds, Stopping threads took: 0.0000880 seconds
187.209: Application time: 0.2276630 seconds
187.209: [GC [PSYoungGen: 101562K->13841K(102400K)] 290896K->207451K(335360K), 0.0057720 secs] [Times: user=0.03 sys=0.00, real=0.00 secs] 
187.215: Total time for which application threads were stopped: 0.0059460 seconds, Stopping threads took: 0.0000830 seconds
187.246: Application time: 0.0309590 seconds
187.246: [GC [PSYoungGen: 101512K->13922K(102400K)] 295121K->207531K(335360K), 0.0044820 secs] [Times: user=0.03 sys=0.00, real=0.00 secs] 
187.251: Total time for which application threads were stopped: 0.0046680 seconds, Stopping threads took: 0.0000950 seconds
187.383: Application time: 0.1323440 seconds
187.383: [GC [PSYoungGen: 101664K->13937K(102400K)] 295273K->212534K(335360K), 0.0058120 secs] [Times: user=0.04 sys=0.00, real=0.01 secs] 
187.389: Total time for which application threads were stopped: 0.0060020 seconds, Stopping threads took: 0.0001030 seconds
187.411: Application time: 0.0224720 seconds
187.411: [GC [PSYoungGen: 101609K->13953K(102400K)] 300206K->212550K(335360K), 0.0043800 secs] [Times: user=0.02 sys=0.00, real=0.01 secs] 
187.416: Total time for which application threads were stopped: 0.0045310 seconds, Stopping threads took: 0.0000680 seconds
187.437: Application time: 0.0206750 seconds
187.437: [GC [PSYoungGen: 101631K->13986K(102400K)] 300228K->215433K(335360K), 0.0051950 secs] [Times: user=0.04 sys=0.00, real=0.00 secs] 
187.442: Total time for which application threads were stopped: 0.0054720 seconds, Stopping threads took: 0.0001910 seconds
187.623: Application time: 0.1812070 seconds
187.623: [GC [PSYoungGen: 101706K->13937K(102400K)] 303153K->220372K(335360K), 0.0058240 secs] [Times: user=0.04 sys=0.00, real=0.00 secs] 
187.629: Total time for which application threads were stopped: 0.0060110 seconds, Stopping threads took: 0.0000920 seconds
187.666: Application time: 0.0362770 seconds
187.666: [GC [PSYoungGen: 101615K->13970K(102400K)] 308049K->221829K(335360K), 0.0048750 secs] [Times: user=0.04 sys=0.00, real=0.00 secs] 
187.671: Total time for which application threads were stopped: 0.0050480 seconds, Stopping threads took: 0.0000840 seconds
187.897: Application time: 0.2263170 seconds
187.897: [GC [PSYoungGen: 101657K->13953K(102400K)] 309516K->226841K(335360K), 0.0056300 secs] [Times: user=0.04 sys=0.00, real=0.00 secs] 
187.903: Total time for which application threads were stopped: 0.0057760 seconds, Stopping threads took: 0.0000620 seconds
188.269: Application time: 0.3666700 seconds
188.269: [GC [PSYoungGen: 101626K->13921K(102400K)] 314513K->231084K(335360K), 0.0054860 secs] [Times: user=0.03 sys=0.00, real=0.00 secs] 
188.275: Total time for which application threads were stopped: 0.0056460 seconds, Stopping threads took: 0.0000670 seconds
188.641: Application time: 0.3662380 seconds
188.641: [GC [PSYoungGen: 101611K->14001K(102400K)] 318774K->236864K(335360K), 0.0058530 secs] [Times: user=0.05 sys=0.00, real=0.01 secs] 
188.647: Total time for which application threads were stopped: 0.0060060 seconds, Stopping threads took: 0.0000670 seconds
188.953: Application time: 0.3062170 seconds
188.954: [GC [PSYoungGen: 101677K->13954K(102400K)] 324539K->241159K(335360K), 0.0055420 secs] [Times: user=0.05 sys=0.00, real=0.01 secs] 
188.959: [Full GC [PSYoungGen: 13954K->0K(102400K)] [ParOldGen: 227205K->28371K(232960K)] 241159K->28371K(335360K) [PSPermGen: 6129K->6129K(21504K)], 0.0116180 secs] [Times: user=0.06 sys=0.00, real=0.01 secs] 
188.971: Total time for which application threads were stopped: 0.0173920 seconds, Stopping threads took: 0.0000770 seconds
189.301: Application time: 0.3304920 seconds
189.301: [GC [PSYoungGen: 87677K->14315K(102400K)] 116049K->44840K(335360K), 0.0049200 secs] [Times: user=0.03 sys=0.01, real=0.01 secs] 
189.306: Total time for which application threads were stopped: 0.0050980 seconds, Stopping threads took: 0.0000910 seconds
189.589: Application time: 0.2821030 seconds
189.589: [GC [PSYoungGen: 102027K->13794K(102400K)] 132553K->50733K(335360K), 0.0058530 secs] [Times: user=0.04 sys=0.00, real=0.00 secs] 
189.595: Total time for which application threads were stopped: 0.0060150 seconds, Stopping threads took: 0.0000690 seconds
189.903: Application time: 0.3084440 seconds
189.903: [GC [PSYoungGen: 101456K->13794K(102400K)] 138395K->54296K(335360K), 0.0050210 secs] [Times: user=0.04 sys=0.00, real=0.01 secs] 
189.908: Total time for which application threads were stopped: 0.0051810 seconds, Stopping threads took: 0.0000750 seconds
190.031: Application time: 0.1225770 seconds
190.031: [GC [PSYoungGen: 101504K->13826K(102400K)] 142005K->55753K(335360K), 0.0047220 secs] [Times: user=0.03 sys=0.00, real=0.01 secs] 
190.036: Total time for which application threads were stopped: 0.0049110 seconds, Stopping threads took: 0.0000890 seconds
190.095: Application time: 0.0589860 seconds
190.095: [GC [PSYoungGen: 101517K->13826K(102400K)] 143444K->58603K(335360K), 0.0049520 secs] [Times: user=0.04 sys=0.00, real=0.01 secs] 
190.100: Total time for which application threads were stopped: 0.0051250 seconds, Stopping threads took: 0.0000730 seconds
190.364: Application time: 0.2646790 seconds
190.365: [GC [PSYoungGen: 101539K->13826K(102400K)] 146316K->62166K(335360K), 0.0051510 secs] [Times: user=0.04 sys=0.00, real=0.00 secs] 
190.370: Total time for which application threads were stopped: 0.0054510 seconds, Stopping threads took: 0.0002160 seconds
190.405: Application time: 0.0352350 seconds
190.405: [GC [PSYoungGen: 101504K->13826K(102400K)] 149844K->65016K(335360K), 0.0051070 secs] [Times: user=0.04 sys=0.00, real=0.00 secs] 
190.410: Total time for which application threads were stopped: 0.0052880 seconds, Stopping threads took: 0.0000930 seconds
190.544: Application time: 0.1336100 seconds
190.544: [GC [PSYoungGen: 101542K->13890K(102400K)] 152732K->69355K(335360K), 0.0055100 secs] [Times: user=0.04 sys=0.00, real=0.00 secs] 
190.550: Total time for which application threads were stopped: 0.0056930 seconds, Stopping threads took: 0.0000950 seconds
190.577: Application time: 0.0269210 seconds
190.577: [GC [PSYoungGen: 101591K->13842K(102400K)] 157057K->71445K(335360K), 0.0049150 secs] [Times: user=0.03 sys=0.00, real=0.00 secs] 
190.582: Total time for which application threads were stopped: 0.0051250 seconds, Stopping threads took: 0.0001230 seconds
190.605: Application time: 0.0226710 seconds
190.605: [GC [PSYoungGen: 101531K->13874K(102400K)] 159134K->72189K(335360K), 0.0044660 secs] [Times: user=0.03 sys=0.00, real=0.00 secs] 
190.609: Total time for which application threads were stopped: 0.0046440 seconds, Stopping threads took: 0.0000810 seconds
190.703: Application time: 0.0933550 seconds
190.703: [GC [PSYoungGen: 101558K->13890K(102400K)] 159874K->76481K(335360K), 0.0053200 secs] [Times: user=0.04 sys=0.00, real=0.01 secs] 
190.708: Total time for which application threads were stopped: 0.0054850 seconds, Stopping threads took: 0.0000810 seconds
191.001: Application time: 0.2927290 seconds
191.001: [GC [PSYoungGen: 101592K->13906K(102400K)] 164183K->80059K(335360K), 0.0052830 secs] [Times: user=0.04 sys=0.00, real=0.01 secs] 
191.006: Total time for which application threads were stopped: 0.0054580 seconds, Stopping threads took: 0.0000870 seconds
191.041: Application time: 0.0343900 seconds
191.041: [GC [PSYoungGen: 101587K->13890K(102400K)] 167740K->81468K(335360K), 0.0046500 secs] [Times: user=0.04 sys=0.00, real=0.01 secs] 
191.045: Total time for which application threads were stopped: 0.0048180 seconds, Stopping threads took: 0.0000820 seconds
191.206: Application time: 0.1604780 seconds
191.206: [GC [PSYoungGen: 101518K->14001K(102400K)] 169097K->83717K(335360K), 0.0049050 secs] [Times: user=0.04 sys=0.00, real=0.00 secs] 
191.211: Total time for which application threads were stopped: 0.0050840 seconds, Stopping threads took: 0.0000860 seconds
191.236: Application time: 0.0251510 seconds
191.236: [GC [PSYoungGen: 101780K->13953K(102400K)] 171496K->86520K(335360K), 0.0051670 secs] [Times: user=0.04 sys=0.00, real=0.00 secs] 
191.241: Total time for which application threads were stopped: 0.0053750 seconds, Stopping threads took: 0.0001210 seconds
191.263: Application time: 0.0213470 seconds
191.264: [GC [PSYoungGen: 101634K->13938K(102400K)] 174200K->87225K(335360K), 0.0045480 secs] [Times: user=0.03 sys=0.00, real=0.00 secs] 
191.268: Total time for which application threads were stopped: 0.0054000 seconds, Stopping threads took: 0.0007630 seconds
191.355: Application time: 0.0866960 seconds
191.355: [GC [PSYoungGen: 101628K->13985K(102400K)] 174915K->92268K(335360K), 0.0055500 secs] [Times: user=0.04 sys=0.00, real=0.01 secs] 
191.361: Total time for which application threads were stopped: 0.0057350 seconds, Stopping threads took: 0.0001000 seconds
191.517: Application time: 0.1565260 seconds
191.517: [GC [PSYoungGen: 101705K->13937K(102400K)] 179987K->95782K(335360K), 0.0053190 secs] [Times: user=0.04 sys=0.00, real=0.00 secs] 
191.523: Total time for which application threads were stopped: 0.0054880 seconds, Stopping threads took: 0.0000840 seconds
191.618: Application time: 0.0949750 seconds
191.618: [GC [PSYoungGen: 101620K->13937K(102400K)] 183465K->100810K(335360K), 0.0137840 secs] [Times: user=0.10 sys=0.00, real=0.01 secs] 
191.632: Total time for which application threads were stopped: 0.0139260 seconds, Stopping threads took: 0.0000620 seconds
191.998: Application time: 0.3659060 seconds
191.998: [GC [PSYoungGen: 101608K->13953K(102400K)] 188481K->105101K(335360K), 0.0053710 secs] [Times: user=0.04 sys=0.00, real=0.00 secs] 
192.003: Total time for which application threads were stopped: 0.0055310 seconds, Stopping threads took: 0.0000640 seconds
192.362: Application time: 0.3590530 seconds
192.362: [GC [PSYoungGen: 101635K->13953K(102400K)] 192782K->110849K(335360K), 0.0057460 secs] [Times: user=0.04 sys=0.00, real=0.01 secs] 
192.368: Total time for which application threads were stopped: 0.0059000 seconds, Stopping threads took: 0.0000700 seconds
192.693: Application time: 0.3247860 seconds
192.693: [GC [PSYoungGen: 101637K->13906K(102400K)] 198533K->115789K(335360K), 0.0055690 secs] [Times: user=0.04 sys=0.00, real=0.01 secs] 
192.699: Total time for which application threads were stopped: 0.0057400 seconds, Stopping threads took: 0.0000770 seconds
193.017: Application time: 0.3182390 seconds
193.017: [GC [PSYoungGen: 101582K->13906K(102400K)] 203466K->120105K(335360K), 0.0053790 secs] [Times: user=0.04 sys=0.00, real=0.00 secs] 
193.022: Total time for which application threads were stopped: 0.0055370 seconds, Stopping threads took: 0.0000710 seconds
193.315: Application time: 0.2931630 seconds
193.316: [GC [PSYoungGen: 101602K->13890K(102400K)] 207801K->125117K(335360K), 0.0055650 secs] [Times: user=0.05 sys=0.00, real=0.00 secs] 
193.321: Total time for which application threads were stopped: 0.0057300 seconds, Stopping threads took: 0.0000680 seconds
193.604: Application time: 0.2824680 seconds
193.604: [GC [PSYoungGen: 101569K->13810K(102400K)] 212796K->130025K(335360K), 0.0056130 secs] [Times: user=0.04 sys=0.00, real=0.00 secs] 
193.609: Total time for which application threads were stopped: 0.0057720 seconds, Stopping threads took: 0.0000720 seconds
193.772: Application time: 0.1629140 seconds
193.772: [GC [PSYoungGen: 101519K->13874K(102400K)] 217734K->135789K(335360K), 0.0059570 secs] [Times: user=0.05 sys=0.00, real=0.01 secs] 
193.778: Total time for which application threads were stopped: 0.0061340 seconds, Stopping threads took: 0.0000890 seconds
193.809: Application time: 0.0302590 seconds
193.809: [GC [PSYoungGen: 101545K->13858K(102400K)] 223460K->135806K(335360K), 0.0044830 secs] [Times: user=0.03 sys=0.00, real=0.00 secs] 
193.813: Total time for which application threads were stopped: 0.0046510 seconds, Stopping threads took: 0.0000810 seconds
194.083: Application time: 0.2692020 seconds
194.083: [GC [PSYoungGen: 101546K->13890K(102400K)] 223493K->140825K(335360K), 0.0055850 secs] [Times: user=0.04 sys=0.00, real=0.01 secs] 
194.088: Total time for which application threads were stopped: 0.0057630 seconds, Stopping threads took: 0.0000820 seconds
194.158: Application time: 0.0691310 seconds
194.158: [GC [PSYoungGen: 101607K->13858K(102400K)] 228542K->143720K(335360K), 0.0051860 secs] [Times: user=0.04 sys=0.00, real=0.00 secs] 
194.163: Total time for which application threads were stopped: 0.0053830 seconds, Stopping threads took: 0.0001090 seconds
194.236: Application time: 0.0735030 seconds
194.237: [GC [PSYoungGen: 101574K->13874K(102400K)] 231435K->146586K(335360K), 0.0052290 secs] [Times: user=0.03 sys=0.00, real=0.00 secs] 
194.242: Total time for which application threads were stopped: 0.0053900 seconds, Stopping threads took: 0.0000740 seconds
194.277: Application time: 0.0354560 seconds
194.277: [GC [PSYoungGen: 101551K->13858K(102400K)] 234262K->148708K(335360K), 0.0050090 secs] [Times: user=0.03 sys=0.00, real=0.00 secs] 
194.282: Total time for which application threads were stopped: 0.0051990 seconds, Stopping threads took: 0.0001020 seconds
194.353: Application time: 0.0706120 seconds
194.353: [GC [PSYoungGen: 101569K->13922K(102400K)] 236418K->151622K(335360K), 0.0051440 secs] [Times: user=0.04 sys=0.00, real=0.01 secs] 
194.358: Total time for which application threads were stopped: 0.0053150 seconds, Stopping threads took: 0.0000810 seconds
194.398: Application time: 0.0391320 seconds
194.398: [GC [PSYoungGen: 101607K->13890K(102400K)] 239307K->152342K(335360K), 0.0044350 secs] [Times: user=0.03 sys=0.00, real=0.00 secs] 
194.402: Total time for which application threads were stopped: 0.0045960 seconds, Stopping threads took: 0.0000720 seconds
194.651: Application time: 0.2484230 seconds
194.651: [GC [PSYoungGen: 101582K->13922K(102400K)] 240035K->156649K(335360K), 0.0055200 secs] [Times: user=0.03 sys=0.01, real=0.01 secs] 
194.657: Total time for which application threads were stopped: 0.0063160 seconds, Stopping threads took: 0.0006970 seconds
194.691: Application time: 0.0342310 seconds
194.691: [GC [PSYoungGen: 101599K->13922K(102400K)] 244326K->157362K(335360K), 0.0045790 secs] [Times: user=0.04 sys=0.00, real=0.01 secs] 
194.696: Total time for which application threads were stopped: 0.0047680 seconds, Stopping threads took: 0.0000990 seconds
194.936: Application time: 0.2405970 seconds
194.937: [GC [PSYoungGen: 101625K->13985K(102400K)] 245065K->160275K(335360K), 0.0050490 secs] [Times: user=0.03 sys=0.00, real=0.00 secs] 
194.942: Total time for which application threads were stopped: 0.0051920 seconds, Stopping threads took: 0.0000570 seconds
194.981: Application time: 0.0390390 seconds
194.981: [GC [PSYoungGen: 101659K->13954K(102400K)] 247949K->162381K(335360K), 0.0050530 secs] [Times: user=0.03 sys=0.00, real=0.01 secs] 
194.986: Total time for which application threads were stopped: 0.0052240 seconds, Stopping threads took: 0.0000830 seconds
195.016: Application time: 0.0304090 seconds
195.016: [GC [PSYoungGen: 101668K->13985K(102400K)] 250095K->165263K(335360K), 0.0052320 secs] [Times: user=0.03 sys=0.00, real=0.00 secs] 
195.022: Total time for which application threads were stopped: 0.0054090 seconds, Stopping threads took: 0.0000850 seconds
195.052: Application time: 0.0303520 seconds
195.052: [GC [PSYoungGen: 101660K->13970K(102400K)] 252938K->167385K(335360K), 0.0049950 secs] [Times: user=0.03 sys=0.00, real=0.01 secs] 
195.057: Total time for which application threads were stopped: 0.0052420 seconds, Stopping threads took: 0.0001610 seconds
195.200: Application time: 0.1429850 seconds
195.201: [GC [PSYoungGen: 101692K->14033K(102400K)] 255107K->169586K(335360K), 0.0049150 secs] [Times: user=0.03 sys=0.00, real=0.01 secs] 
195.205: Total time for which application threads were stopped: 0.0051440 seconds, Stopping threads took: 0.0001260 seconds
195.285: Application time: 0.0799740 seconds
195.286: [GC [PSYoungGen: 101725K->13985K(102400K)] 257277K->173141K(335360K), 0.0052210 secs] [Times: user=0.04 sys=0.00, real=0.00 secs] 
195.291: Total time for which application threads were stopped: 0.0053730 seconds, Stopping threads took: 0.0000680 seconds
195.669: Application time: 0.3779280 seconds
195.669: [GC [PSYoungGen: 101658K->14001K(102400K)] 260813K->176719K(335360K), 0.0051760 secs] [Times: user=0.04 sys=0.00, real=0.00 secs] 
195.674: Total time for which application threads were stopped: 0.0053270 seconds, Stopping threads took: 0.0000650 seconds
196.046: Application time: 0.3715140 seconds
196.046: [GC [PSYoungGen: 101683K->13985K(102400K)] 264401K->180978K(335360K), 0.0054330 secs] [Times: user=0.04 sys=0.00, real=0.00 secs] 
196.051: Total time for which application threads were stopped: 0.0056010 seconds, Stopping threads took: 0.0000620 seconds
196.383: Application time: 0.3320630 seconds
196.383: [GC [PSYoungGen: 101676K->13906K(102400K)] 268669K->185926K(335360K), 0.0056770 secs] [Times: user=0.03 sys=0.00, real=0.00 secs] 
196.389: Total time for which application threads were stopped: 0.0059250 seconds, Stopping threads took: 0.0001540 seconds
196.719: Application time: 0.3298310 seconds
196.719: [GC [PSYoungGen: 101582K->13938K(102400K)] 273603K->190274K(335360K), 0.0054530 secs] [Times: user=0.04 sys=0.00, real=0.01 secs] 
196.725: Total time for which application threads were stopped: 0.0056270 seconds, Stopping threads took: 0.0000830 seconds
197.024: Application time: 0.2993020 seconds
197.024: [GC [PSYoungGen: 101643K->13922K(102400K)] 277979K->193821K(335360K), 0.0051180 secs] [Times: user=0.04 sys=0.00, real=0.00 secs] 
197.029: Total time for which application threads were stopped: 0.0052890 seconds, Stopping threads took: 0.0000830 seconds
197.325: Application time: 0.2955580 seconds
197.325: [GC [PSYoungGen: 101592K->13890K(102400K)] 281491K->198104K(335360K), 0.0054420 secs] [Times: user=0.03 sys=0.00, real=0.00 secs] 
197.330: Total time for which application threads were stopped: 0.0056090 seconds, Stopping threads took: 0.0000650 seconds
197.563: Application time: 0.2327620 seconds
197.563: [GC [PSYoungGen: 101594K->13922K(102400K)] 285809K->202412K(335360K), 0.0055690 secs] [Times: user=0.04 sys=0.00, real=0.00 secs] 
197.569: Total time for which application threads were stopped: 0.0057470 seconds, Stopping threads took: 0.0000940 seconds
197.601: Application time: 0.0323060 seconds
197.601: [GC [PSYoungGen: 101604K->13875K(102400K)] 290093K->203837K(335360K), 0.0048410 secs] [Times: user=0.03 sys=0.00, real=0.01 secs] 
197.606: Total time for which application threads were stopped: 0.0050260 seconds, Stopping threads took: 0.0000980 seconds
197.817: Application time: 0.2103540 seconds
197.817: [GC [PSYoungGen: 101556K->13890K(102400K)] 291519K->207416K(335360K), 0.0051720 secs] [Times: user=0.03 sys=0.00, real=0.00 secs] 
197.822: Total time for which application threads were stopped: 0.0053220 seconds, Stopping threads took: 0.0000610 seconds
197.920: Application time: 0.0980510 seconds
197.920: [GC [PSYoungGen: 101616K->13890K(102400K)] 295142K->211739K(335360K), 0.0055390 secs] [Times: user=0.04 sys=0.00, real=0.01 secs] 
197.926: Total time for which application threads were stopped: 0.0057230 seconds, Stopping threads took: 0.0000870 seconds
198.000: Application time: 0.0742250 seconds
198.000: [GC [PSYoungGen: 101609K->13922K(102400K)] 299458K->215334K(335360K), 0.0052470 secs] [Times: user=0.04 sys=0.00, real=0.01 secs] 
198.005: Total time for which application threads were stopped: 0.0054350 seconds, Stopping threads took: 0.0001030 seconds
198.042: Application time: 0.0369130 seconds
198.042: [GC [PSYoungGen: 101589K->13874K(102400K)] 303001K->217472K(335360K), 0.0050830 secs] [Times: user=0.03 sys=0.01, real=0.01 secs] 
198.048: Total time for which application threads were stopped: 0.0052750 seconds, Stopping threads took: 0.0001040 seconds
198.152: Application time: 0.1046410 seconds
198.152: [GC [PSYoungGen: 101590K->13922K(102400K)] 305187K->220370K(335360K), 0.0051640 secs] [Times: user=0.04 sys=0.00, real=0.01 secs] 
198.158: Total time for which application threads were stopped: 0.0053530 seconds, Stopping threads took: 0.0001030 seconds
198.189: Application time: 0.0312660 seconds
198.189: [GC [PSYoungGen: 101606K->13858K(102400K)] 308053K->221771K(335360K), 0.0047800 secs] [Times: user=0.03 sys=0.00, real=0.00 secs] 
198.194: Total time for which application threads were stopped: 0.0049570 seconds, Stopping threads took: 0.0000910 seconds
198.427: Application time: 0.2331020 seconds
198.427: [GC [PSYoungGen: 101560K->13922K(102400K)] 309473K->225397K(335360K), 0.0053060 secs] [Times: user=0.04 sys=0.00, real=0.00 secs] 
198.432: Total time for which application threads were stopped: 0.0054790 seconds, Stopping threads took: 0.0000760 seconds
198.468: Application time: 0.0356830 seconds
198.468: [GC [PSYoungGen: 101593K->13922K(102400K)] 313069K->226110K(335360K), 0.0046250 secs] [Times: user=0.03 sys=0.00, real=0.00 secs] 
198.473: Total time for which application threads were stopped: 0.0048510 seconds, Stopping threads took: 0.0001310 seconds
198.669: Application time: 0.1959920 seconds
198.669: [GC [PSYoungGen: 101610K->13921K(102400K)] 313798K->229672K(335360K), 0.0052700 secs] [Times: user=0.04 sys=0.00, real=0.00 secs] 
198.674: Total time for which application threads were stopped: 0.0054340 seconds, Stopping threads took: 0.0000810 seconds
198.734: Application time: 0.0595090 seconds
198.734: [GC [PSYoungGen: 101628K->13922K(102400K)] 317378K->232522K(335360K), 0.0052920 secs] [Times: user=0.04 sys=0.00, real=0.01 secs] 
198.739: Total time for which application threads were stopped: 0.0054630 seconds, Stopping threads took: 0.0000830 seconds
198.902: Application time: 0.1622690 seconds
198.902: [GC [PSYoungGen: 101616K->13953K(102400K)] 320217K->235404K(335360K), 0.0051390 secs] [Times: user=0.04 sys=0.00, real=0.01 secs] 
198.907: Total time for which application threads were stopped: 0.0052890 seconds, Stopping threads took: 0.0000630 seconds
198.947: Application time: 0.0402100 seconds
198.947: [GC [PSYoungGen: 101689K->13985K(102400K)] 323139K->238999K(335360K), 0.0054230 secs] [Times: user=0.04 sys=0.00, real=0.00 secs] 
198.953: Total time for which application threads were stopped: 0.0056280 seconds, Stopping threads took: 0.0001080 seconds
198.975: Application time: 0.0223260 seconds
198.975: [GC [PSYoungGen: 101665K->14002K(102400K)] 326678K->241153K(335360K), 0.0050110 secs] [Times: user=0.04 sys=0.00, real=0.00 secs] 
198.980: Total time for which application threads were stopped: 0.0052890 seconds, Stopping threads took: 0.0001880 seconds
199.004: Application time: 0.0239440 seconds
199.004: [GC [PSYoungGen: 101682K->13969K(102400K)] 328833K->244011K(335360K), 0.0053070 secs] [Times: user=0.04 sys=0.00, real=0.00 secs] 
199.010: [Full GC [PSYoungGen: 13969K->0K(102400K)] [ParOldGen: 230041K->28046K(232960K)] 244011K->28046K(335360K) [PSPermGen: 6129K->6129K(21504K)], 0.0112460 secs] [Times: user=0.06 sys=0.00, real=0.01 secs] 
199.021: Total time for which application threads were stopped: 0.0167920 seconds, Stopping threads took: 0.0000980 seconds
199.400: Application time: 0.3791110 seconds
199.400: [GC [PSYoungGen: 87678K->13761K(102400K)] 115725K->45370K(335360K), 0.0050920 secs] [Times: user=0.04 sys=0.00, real=0.01 secs] 
199.405: Total time for which application threads were stopped: 0.0052370 seconds, Stopping threads took: 0.0000590 seconds
199.779: Application time: 0.3738660 seconds
199.779: [GC [PSYoungGen: 101434K->13729K(102400K)] 133043K->49613K(335360K), 0.0052880 secs] [Times: user=0.04 sys=0.00, real=0.01 secs] 
199.785: Total time for which application threads were stopped: 0.0054700 seconds, Stopping threads took: 0.0000860 seconds
200.107: Application time: 0.3222130 seconds
200.107: [GC [PSYoungGen: 101429K->13794K(102400K)] 137313K->56090K(335360K), 0.0058310 secs] [Times: user=0.04 sys=0.00, real=0.00 secs] 
200.113: Total time for which application threads were stopped: 0.0060040 seconds, Stopping threads took: 0.0000920 seconds
200.430: Application time: 0.3171340 seconds
200.430: [GC [PSYoungGen: 101470K->13794K(102400K)] 143767K->58941K(335360K), 0.0049140 secs] [Times: user=0.04 sys=0.00, real=0.01 secs] 
200.435: Total time for which application threads were stopped: 0.0050810 seconds, Stopping threads took: 0.0000730 seconds
200.754: Application time: 0.3192440 seconds
200.755: [GC [PSYoungGen: 101481K->13794K(102400K)] 146628K->63216K(335360K), 0.0052890 secs] [Times: user=0.04 sys=0.00, real=0.01 secs] 
200.760: Total time for which application threads were stopped: 0.0054450 seconds, Stopping threads took: 0.0000720 seconds
201.056: Application time: 0.2960730 seconds
201.059: [GC [PSYoungGen: 101481K->13794K(102400K)] 150903K->65354K(335360K), 0.0047440 secs] [Times: user=0.04 sys=0.00, real=0.01 secs] 
201.064: Total time for which application threads were stopped: 0.0080650 seconds, Stopping threads took: 0.0032260 seconds
201.361: Application time: 0.2968890 seconds
201.361: [GC [PSYoungGen: 101464K->13794K(102400K)] 153024K->69629K(335360K), 0.0052910 secs] [Times: user=0.04 sys=0.00, real=0.01 secs] 
201.366: Total time for which application threads were stopped: 0.0054710 seconds, Stopping threads took: 0.0000910 seconds
201.436: Application time: 0.0696450 seconds
201.436: [GC [PSYoungGen: 101503K->13810K(102400K)] 157338K->72496K(335360K), 0.0051690 secs] [Times: user=0.03 sys=0.00, real=0.00 secs] 
201.441: Total time for which application threads were stopped: 0.0053460 seconds, Stopping threads took: 0.0000860 seconds
201.572: Application time: 0.1309480 seconds
201.572: [GC [PSYoungGen: 101503K->13826K(102400K)] 160189K->76075K(335360K), 0.0050850 secs] [Times: user=0.03 sys=0.01, real=0.01 secs] 
201.578: Total time for which application threads were stopped: 0.0052510 seconds, Stopping threads took: 0.0000720 seconds
201.700: Application time: 0.1220130 seconds
201.700: [GC [PSYoungGen: 101537K->13794K(102400K)] 163786K->79605K(335360K), 0.0052910 secs] [Times: user=0.04 sys=0.00, real=0.01 secs] 
201.705: Total time for which application threads were stopped: 0.0054800 seconds, Stopping threads took: 0.0001010 seconds
201.754: Application time: 0.0489560 seconds
201.754: [GC [PSYoungGen: 101411K->13162K(102400K)] 167222K->78973K(335360K), 0.0038550 secs] [Times: user=0.03 sys=0.00, real=0.01 secs] 
201.758: Total time for which application threads were stopped: 0.0040060 seconds, Stopping threads took: 0.0000710 seconds
201.798: Application time: 0.0401370 seconds
201.798: [GC [PSYoungGen: 100940K->13826K(102400K)] 166751K->83200K(335360K), 0.0053910 secs] [Times: user=0.02 sys=0.01, real=0.01 secs] 
201.804: Total time for which application threads were stopped: 0.0055900 seconds, Stopping threads took: 0.0001090 seconds
201.927: Application time: 0.1232290 seconds
201.927: [GC [PSYoungGen: 101543K->13890K(102400K)] 170917K->88252K(335360K), 0.0057690 secs] [Times: user=0.04 sys=0.01, real=0.00 secs] 
201.933: Total time for which application threads were stopped: 0.0059390 seconds, Stopping threads took: 0.0000770 seconds
201.967: Application time: 0.0336080 seconds
201.967: [GC [PSYoungGen: 101570K->13890K(102400K)] 175932K->88965K(335360K), 0.0045760 secs] [Times: user=0.03 sys=0.00, real=0.00 secs] 
201.971: Total time for which application threads were stopped: 0.0047870 seconds, Stopping threads took: 0.0001210 seconds
202.193: Application time: 0.2213760 seconds
202.193: [GC [PSYoungGen: 101611K->13954K(102400K)] 176686K->90453K(335360K), 0.0122470 secs] [Times: user=0.08 sys=0.00, real=0.02 secs] 
202.205: Total time for which application threads were stopped: 0.0124040 seconds, Stopping threads took: 0.0000710 seconds
202.249: Application time: 0.0442200 seconds
202.250: [GC [PSYoungGen: 101606K->13938K(102400K)] 178106K->94000K(335360K), 0.0053060 secs] [Times: user=0.04 sys=0.00, real=0.00 secs] 
202.255: Total time for which application threads were stopped: 0.0054770 seconds, Stopping threads took: 0.0000810 seconds
202.421: Application time: 0.1666240 seconds
202.422: [GC [PSYoungGen: 101626K->13953K(102400K)] 181688K->97578K(335360K), 0.0052110 secs] [Times: user=0.04 sys=0.00, real=0.01 secs] 
202.427: Total time for which application threads were stopped: 0.0053720 seconds, Stopping threads took: 0.0000690 seconds
202.529: Application time: 0.1025500 seconds
202.530: [GC [PSYoungGen: 101660K->13890K(102400K)] 185285K->101789K(335360K), 0.0055820 secs] [Times: user=0.04 sys=0.00, real=0.00 secs] 
202.535: Total time for which application threads were stopped: 0.0057670 seconds, Stopping threads took: 0.0000900 seconds
202.651: Application time: 0.1161350 seconds
202.651: [GC [PSYoungGen: 101579K->13953K(102400K)] 189479K->104703K(335360K), 0.0049880 secs] [Times: user=0.04 sys=0.00, real=0.01 secs] 
202.656: Total time for which application threads were stopped: 0.0051490 seconds, Stopping threads took: 0.0000730 seconds
202.763: Application time: 0.1067640 seconds
202.763: [GC [PSYoungGen: 101699K->13953K(102400K)] 192448K->109691K(335360K), 0.0057410 secs] [Times: user=0.04 sys=0.00, real=0.00 secs] 
202.769: Total time for which application threads were stopped: 0.0059530 seconds, Stopping threads took: 0.0001080 seconds
202.793: Application time: 0.0240200 seconds
202.793: [GC [PSYoungGen: 101624K->13954K(102400K)] 197362K->111829K(335360K), 0.0049360 secs] [Times: user=0.04 sys=0.00, real=0.01 secs] 
202.798: Total time for which application threads were stopped: 0.0052240 seconds, Stopping threads took: 0.0001990 seconds
202.820: Application time: 0.0217430 seconds
202.820: [GC [PSYoungGen: 101630K->13970K(102400K)] 199505K->112557K(335360K), 0.0045170 secs] [Times: user=0.03 sys=0.00, real=0.01 secs] 
202.825: Total time for which application threads were stopped: 0.0047190 seconds, Stopping threads took: 0.0001190 seconds
203.139: Application time: 0.3139950 seconds
203.139: [GC [PSYoungGen: 101651K->13889K(102400K)] 200239K->117512K(335360K), 0.0055810 secs] [Times: user=0.04 sys=0.00, real=0.01 secs] 
203.145: Total time for which application threads were stopped: 0.0057260 seconds, Stopping threads took: 0.0000590 seconds
203.508: Application time: 0.3636920 seconds
203.508: [GC [PSYoungGen: 101570K->13985K(102400K)] 205193K->123309K(335360K), 0.0057380 secs] [Times: user=0.04 sys=0.00, real=0.00 secs] 
203.514: Total time for which application threads were stopped: 0.0059010 seconds, Stopping threads took: 0.0000690 seconds
203.849: Application time: 0.3347650 seconds
203.849: [GC [PSYoungGen: 101684K->13954K(102400K)] 211008K->128305K(335360K), 0.0056220 secs] [Times: user=0.04 sys=0.00, real=0.00 secs] 
203.855: Total time for which application threads were stopped: 0.0057740 seconds, Stopping threads took: 0.0000650 seconds
204.174: Application time: 0.3193520 seconds
204.174: [GC [PSYoungGen: 101621K->13890K(102400K)] 215972K->133285K(335360K), 0.0056270 secs] [Times: user=0.04 sys=0.00, real=0.01 secs] 
204.180: Total time for which application threads were stopped: 0.0058250 seconds, Stopping threads took: 0.0001030 seconds
204.475: Application time: 0.2951190 seconds
204.475: [GC [PSYoungGen: 101585K->13906K(102400K)] 220980K->136864K(335360K), 0.0051910 secs] [Times: user=0.04 sys=0.00, real=0.00 secs] 
204.480: Total time for which application threads were stopped: 0.0053480 seconds, Stopping threads took: 0.0000660 seconds
204.774: Application time: 0.2935250 seconds
204.774: [GC [PSYoungGen: 101593K->13858K(102400K)] 224551K->143269K(335360K), 0.0059810 secs] [Times: user=0.04 sys=0.01, real=0.01 secs] 
204.780: Total time for which application threads were stopped: 0.0061490 seconds, Stopping threads took: 0.0000700 seconds
205.073: Application time: 0.2932790 seconds
205.074: [GC [PSYoungGen: 101529K->13890K(102400K)] 230939K->146864K(335360K), 0.0051760 secs] [Times: user=0.04 sys=0.00, real=0.01 secs] 
205.079: Total time for which application threads were stopped: 0.0053440 seconds, Stopping threads took: 0.0000800 seconds
205.221: Application time: 0.1417810 seconds
205.223: [GC [PSYoungGen: 101591K->13810K(102400K)] 234565K->151067K(335360K), 0.0055610 secs] [Times: user=0.04 sys=0.00, real=0.00 secs] 
205.229: Total time for which application threads were stopped: 0.0083690 seconds, Stopping threads took: 0.0027110 seconds
205.266: Application time: 0.0376040 seconds
205.267: [GC [PSYoungGen: 101493K->12449K(102400K)] 238751K->149754K(335360K), 0.0037650 secs] [Times: user=0.03 sys=0.00, real=0.00 secs] 
205.270: Total time for which application threads were stopped: 0.0039340 seconds, Stopping threads took: 0.0000840 seconds
205.454: Application time: 0.1833040 seconds
205.454: [GC [PSYoungGen: 99952K->13970K(102400K)] 237257K->153413K(335360K), 0.0049270 secs] [Times: user=0.04 sys=0.00, real=0.01 secs] 
205.459: Total time for which application threads were stopped: 0.0052290 seconds, Stopping threads took: 0.0001980 seconds
205.484: Application time: 0.0247410 seconds
205.484: [GC [PSYoungGen: 101892K->13922K(102400K)] 241334K->156263K(335360K), 0.0051530 secs] [Times: user=0.04 sys=0.00, real=0.00 secs] 
205.489: Total time for which application threads were stopped: 0.0053420 seconds, Stopping threads took: 0.0001000 seconds
205.512: Application time: 0.0231920 seconds
205.512: [GC [PSYoungGen: 101600K->13922K(102400K)] 243941K->156976K(335360K), 0.0046320 secs] [Times: user=0.03 sys=0.00, real=0.01 secs] 
205.517: Total time for which application threads were stopped: 0.0048120 seconds, Stopping threads took: 0.0000920 seconds
205.664: Application time: 0.1471000 seconds
205.664: [GC [PSYoungGen: 101638K->13858K(102400K)] 244692K->162696K(335360K), 0.0056810 secs] [Times: user=0.04 sys=0.00, real=0.00 secs] 
205.670: Total time for which application threads were stopped: 0.0058300 seconds, Stopping threads took: 0.0000650 seconds
205.706: Application time: 0.0358900 seconds
205.706: [GC [PSYoungGen: 101527K->13858K(102400K)] 250366K->164121K(335360K), 0.0047420 secs] [Times: user=0.03 sys=0.00, real=0.00 secs] 
205.711: Total time for which application threads were stopped: 0.0049330 seconds, Stopping threads took: 0.0001060 seconds
205.877: Application time: 0.1663000 seconds
205.877: [GC [PSYoungGen: 101540K->13922K(102400K)] 251803K->167748K(335360K), 0.0052450 secs] [Times: user=0.04 sys=0.00, real=0.00 secs] 
205.883: Total time for which application threads were stopped: 0.0054000 seconds, Stopping threads took: 0.0000690 seconds
206.015: Application time: 0.1327330 seconds
206.015: [GC [PSYoungGen: 101629K->13922K(102400K)] 255455K->170598K(335360K), 0.0052000 secs] [Times: user=0.04 sys=0.00, real=0.00 secs] 
206.021: Total time for which application threads were stopped: 0.0053960 seconds, Stopping threads took: 0.0000930 seconds
206.112: Application time: 0.0909230 seconds
206.112: [GC [PSYoungGen: 101605K->13922K(102400K)] 258281K->172735K(335360K), 0.0047950 secs] [Times: user=0.03 sys=0.00, real=0.01 secs] 
206.117: Total time for which application threads were stopped: 0.0049660 seconds, Stopping threads took: 0.0000870 seconds
206.321: Application time: 0.2046360 seconds
206.321: [GC [PSYoungGen: 101628K->13953K(102400K)] 260442K->176330K(335360K), 0.0054560 secs] [Times: user=0.04 sys=0.00, real=0.01 secs] 
206.327: Total time for which application threads were stopped: 0.0056190 seconds, Stopping threads took: 0.0000760 seconds
206.358: Application time: 0.0308830 seconds
206.358: [GC [PSYoungGen: 101626K->13922K(102400K)] 264002K->177723K(335360K), 0.0048630 secs] [Times: user=0.03 sys=0.00, real=0.00 secs] 
206.363: Total time for which application threads were stopped: 0.0050360 seconds, Stopping threads took: 0.0000830 seconds
206.482: Application time: 0.1195320 seconds
206.482: [GC [PSYoungGen: 101639K->14017K(102400K)] 265441K->182094K(335360K), 0.0056620 secs] [Times: user=0.04 sys=0.00, real=0.01 secs] 
206.488: Total time for which application threads were stopped: 0.0058510 seconds, Stopping threads took: 0.0000960 seconds
206.513: Application time: 0.0253040 seconds
206.514: [GC [PSYoungGen: 101733K->13986K(102400K)] 269810K->184912K(335360K), 0.0051800 secs] [Times: user=0.04 sys=0.00, real=0.01 secs] 
206.519: Total time for which application threads were stopped: 0.0053610 seconds, Stopping threads took: 0.0000950 seconds
206.545: Application time: 0.0263900 seconds
206.545: [GC [PSYoungGen: 101670K->13986K(102400K)] 272596K->185625K(335360K), 0.0047800 secs] [Times: user=0.04 sys=0.00, real=0.00 secs] 
206.550: Total time for which application threads were stopped: 0.0049650 seconds, Stopping threads took: 0.0000880 seconds
206.807: Application time: 0.2569520 seconds
206.807: [GC [PSYoungGen: 101662K->13937K(102400K)] 273301K->189900K(335360K), 0.0054220 secs] [Times: user=0.04 sys=0.00, real=0.00 secs] 
206.813: Total time for which application threads were stopped: 0.0055770 seconds, Stopping threads took: 0.0000690 seconds
207.189: Application time: 0.3762080 seconds
207.189: [GC [PSYoungGen: 101610K->14017K(102400K)] 277572K->194967K(335360K), 0.0056410 secs] [Times: user=0.05 sys=0.00, real=0.00 secs] 
207.195: Total time for which application threads were stopped: 0.0058300 seconds, Stopping threads took: 0.0000890 seconds
207.547: Application time: 0.3522640 seconds
207.547: [GC [PSYoungGen: 101715K->13874K(102400K)] 282665K->200596K(335360K), 0.0058480 secs] [Times: user=0.04 sys=0.00, real=0.00 secs] 
207.553: Total time for which application threads were stopped: 0.0060260 seconds, Stopping threads took: 0.0000910 seconds
207.872: Application time: 0.3187540 seconds
207.872: [GC [PSYoungGen: 101541K->13954K(102400K)] 288263K->204951K(335360K), 0.0054520 secs] [Times: user=0.04 sys=0.00, real=0.01 secs] 
207.877: Total time for which application threads were stopped: 0.0056170 seconds, Stopping threads took: 0.0000690 seconds
208.194: Application time: 0.3166300 seconds
208.194: [GC [PSYoungGen: 101640K->13938K(102400K)] 292637K->208498K(335360K), 0.0051830 secs] [Times: user=0.04 sys=0.00, real=0.01 secs] 
208.199: Total time for which application threads were stopped: 0.0053430 seconds, Stopping threads took: 0.0000750 seconds
208.494: Application time: 0.2942360 seconds
208.494: [GC [PSYoungGen: 101643K->13858K(102400K)] 296203K->214871K(335360K), 0.0060920 secs] [Times: user=0.05 sys=0.00, real=0.01 secs] 
208.500: Total time for which application threads were stopped: 0.0062850 seconds, Stopping threads took: 0.0000900 seconds
208.772: Application time: 0.2725700 seconds
208.773: [GC [PSYoungGen: 101529K->13890K(102400K)] 302542K->217041K(335360K), 0.0048210 secs] [Times: user=0.04 sys=0.00, real=0.01 secs] 
208.778: Total time for which application threads were stopped: 0.0051390 seconds, Stopping threads took: 0.0002340 seconds
208.926: Application time: 0.1487220 seconds
208.926: [GC [PSYoungGen: 101590K->13810K(102400K)] 304741K->221949K(335360K), 0.0058420 secs] [Times: user=0.04 sys=0.00, real=0.00 secs] 
208.932: Total time for which application threads were stopped: 0.0060310 seconds, Stopping threads took: 0.0001000 seconds
208.985: Application time: 0.0529120 seconds
208.985: [GC [PSYoungGen: 101494K->13890K(102400K)] 309632K->222773K(335360K), 0.0043700 secs] [Times: user=0.03 sys=0.00, real=0.00 secs] 
208.990: Total time for which application threads were stopped: 0.0045490 seconds, Stopping threads took: 0.0000910 seconds
209.214: Application time: 0.2242980 seconds
209.214: [GC [PSYoungGen: 101611K->13922K(102400K)] 310494K->227081K(335360K), 0.0053980 secs] [Times: user=0.04 sys=0.00, real=0.01 secs] 
209.220: Total time for which application threads were stopped: 0.0055670 seconds, Stopping threads took: 0.0000700 seconds
209.251: Application time: 0.0317240 seconds
209.252: [GC [PSYoungGen: 101605K->13890K(102400K)] 314764K->228514K(335360K), 0.0047760 secs] [Times: user=0.03 sys=0.00, real=0.01 secs] 
209.257: Total time for which application threads were stopped: 0.0051430 seconds, Stopping threads took: 0.0002810 seconds
209.292: Application time: 0.0354730 seconds
209.293: [GC [PSYoungGen: 101602K->13826K(102400K)] 316226K->229875K(335360K), 0.0048290 secs] [Times: user=0.02 sys=0.00, real=0.01 secs] 
209.297: Total time for which application threads were stopped: 0.0053280 seconds, Stopping threads took: 0.0004160 seconds
209.371: Application time: 0.0738860 seconds
209.371: [GC [PSYoungGen: 101512K->13858K(102400K)] 317561K->232825K(335360K), 0.0051100 secs] [Times: user=0.04 sys=0.00, real=0.01 secs] 
209.377: Total time for which application threads were stopped: 0.0052550 seconds, Stopping threads took: 0.0000570 seconds
209.469: Application time: 0.0928940 seconds
209.470: [GC [PSYoungGen: 101566K->13890K(102400K)] 320533K->234995K(335360K), 0.0050170 secs] [Times: user=0.04 sys=0.00, real=0.00 secs] 
209.475: Total time for which application threads were stopped: 0.0051880 seconds, Stopping threads took: 0.0000810 seconds
209.585: Application time: 0.1103480 seconds
209.585: [GC [PSYoungGen: 101574K->13858K(102400K)] 322679K->237813K(335360K), 0.0051450 secs] [Times: user=0.03 sys=0.00, real=0.00 secs] 
209.590: Total time for which application threads were stopped: 0.0053140 seconds, Stopping threads took: 0.0000810 seconds
209.752: Application time: 0.1613530 seconds
209.755: [GC [PSYoungGen: 101559K->13906K(102400K)] 325514K->241424K(335360K), 0.0054770 secs] [Times: user=0.03 sys=0.00, real=0.00 secs] 
209.761: [Full GC [PSYoungGen: 13906K->0K(102400K)] [ParOldGen: 227517K->28048K(232960K)] 241424K->28048K(335360K) [PSPermGen: 6131K->6131K(21504K)], 0.0117670 secs] [Times: user=0.06 sys=0.00, real=0.01 secs] 
209.773: Total time for which application threads were stopped: 0.0209990 seconds, Stopping threads took: 0.0036000 seconds
209.803: Application time: 0.0302100 seconds
209.803: [GC [PSYoungGen: 87679K->12921K(102400K)] 115727K->40969K(335360K), 0.0041310 secs] [Times: user=0.03 sys=0.00, real=0.01 secs] 
209.807: Total time for which application threads were stopped: 0.0043340 seconds, Stopping threads took: 0.0001010 seconds
210.123: Application time: 0.3159180 seconds
210.123: [GC [PSYoungGen: 100629K->13697K(102400K)] 128677K->46021K(335360K), 0.0053670 secs] [Times: user=0.03 sys=0.00, real=0.00 secs] 
210.129: Total time for which application threads were stopped: 0.0055410 seconds, Stopping threads took: 0.0000900 seconds
210.165: Application time: 0.0364360 seconds
210.165: [GC [PSYoungGen: 101339K->13778K(102400K)] 133663K->46101K(335360K), 0.0042990 secs] [Times: user=0.03 sys=0.00, real=0.00 secs] 
210.170: Total time for which application threads were stopped: 0.0044680 seconds, Stopping threads took: 0.0000810 seconds
210.195: Application time: 0.0251070 seconds
210.195: [GC [PSYoungGen: 101412K->13857K(102400K)] 133735K->47606K(335360K), 0.0048140 secs] [Times: user=0.03 sys=0.00, real=0.01 secs] 
210.200: Total time for which application threads were stopped: 0.0049910 seconds, Stopping threads took: 0.0000900 seconds
210.227: Application time: 0.0275730 seconds
210.227: [GC [PSYoungGen: 101687K->13826K(102400K)] 135436K->50424K(335360K), 0.0049340 secs] [Times: user=0.04 sys=0.00, real=0.00 secs] 
210.232: Total time for which application threads were stopped: 0.0052110 seconds, Stopping threads took: 0.0001910 seconds
210.260: Application time: 0.0274090 seconds
210.260: [GC [PSYoungGen: 101505K->13778K(102400K)] 138103K->51089K(335360K), 0.0045200 secs] [Times: user=0.03 sys=0.00, real=0.01 secs] 
210.265: Total time for which application threads were stopped: 0.0046980 seconds, Stopping threads took: 0.0000790 seconds
210.505: Application time: 0.2405150 seconds
210.505: [GC [PSYoungGen: 101455K->13857K(102400K)] 138766K->56869K(335360K), 0.0056620 secs] [Times: user=0.04 sys=0.00, real=0.00 secs] 
210.511: Total time for which application threads were stopped: 0.0058170 seconds, Stopping threads took: 0.0000730 seconds
210.881: Application time: 0.3696500 seconds
210.881: [GC [PSYoungGen: 101530K->13889K(102400K)] 144541K->61176K(335360K), 0.0052720 secs] [Times: user=0.03 sys=0.00, real=0.01 secs] 
210.886: Total time for which application threads were stopped: 0.0054360 seconds, Stopping threads took: 0.0000660 seconds
211.250: Application time: 0.3640470 seconds
211.250: [GC [PSYoungGen: 101587K->13857K(102400K)] 148874K->67556K(335360K), 0.0058310 secs] [Times: user=0.05 sys=0.00, real=0.01 secs] 
211.256: Total time for which application threads were stopped: 0.0059790 seconds, Stopping threads took: 0.0000610 seconds
211.563: Application time: 0.3069670 seconds
211.563: [GC [PSYoungGen: 101524K->13890K(102400K)] 155223K->71864K(335360K), 0.0053440 secs] [Times: user=0.04 sys=0.00, real=0.01 secs] 
211.568: Total time for which application threads were stopped: 0.0054990 seconds, Stopping threads took: 0.0000620 seconds
211.893: Application time: 0.3246010 seconds
211.893: [GC [PSYoungGen: 101567K->13858K(102400K)] 159541K->75395K(335360K), 0.0051290 secs] [Times: user=0.04 sys=0.00, real=0.01 secs] 
211.898: Total time for which application threads were stopped: 0.0053160 seconds, Stopping threads took: 0.0001010 seconds
212.181: Application time: 0.2825290 seconds
212.181: [GC [PSYoungGen: 101571K->13858K(102400K)] 163108K->81096K(335360K), 0.0056970 secs] [Times: user=0.04 sys=0.00, real=0.01 secs] 
212.187: Total time for which application threads were stopped: 0.0058660 seconds, Stopping threads took: 0.0000720 seconds
212.488: Application time: 0.3012610 seconds
212.488: [GC [PSYoungGen: 101528K->13858K(102400K)] 168766K->84659K(335360K), 0.0051740 secs] [Times: user=0.04 sys=0.00, real=0.00 secs] 
212.493: Total time for which application threads were stopped: 0.0053320 seconds, Stopping threads took: 0.0000720 seconds
212.654: Application time: 0.1601820 seconds
212.654: [GC [PSYoungGen: 101559K->13826K(102400K)] 172359K->88902K(335360K), 0.0055210 secs] [Times: user=0.04 sys=0.00, real=0.01 secs] 
212.659: Total time for which application threads were stopped: 0.0057030 seconds, Stopping threads took: 0.0000940 seconds
212.689: Application time: 0.0300200 seconds
212.689: [GC [PSYoungGen: 101499K->13842K(102400K)] 176575K->90343K(335360K), 0.0047820 secs] [Times: user=0.04 sys=0.00, real=0.00 secs] 
212.694: Total time for which application threads were stopped: 0.0049770 seconds, Stopping threads took: 0.0000960 seconds
212.947: Application time: 0.2524660 seconds
212.947: [GC [PSYoungGen: 101562K->13858K(102400K)] 178063K->96060K(335360K), 0.0058120 secs] [Times: user=0.04 sys=0.00, real=0.00 secs] 
212.953: Total time for which application threads were stopped: 0.0059630 seconds, Stopping threads took: 0.0000670 seconds
212.989: Application time: 0.0366960 seconds
212.990: [GC [PSYoungGen: 101537K->13842K(102400K)] 183738K->96804K(335360K), 0.0045140 secs] [Times: user=0.03 sys=0.00, real=0.00 secs] 
212.994: Total time for which application threads were stopped: 0.0046740 seconds, Stopping threads took: 0.0000770 seconds
213.044: Application time: 0.0498890 seconds
213.044: [GC [PSYoungGen: 101557K->13842K(102400K)] 184519K->100423K(335360K), 0.0053830 secs] [Times: user=0.04 sys=0.00, real=0.00 secs] 
213.050: Total time for which application threads were stopped: 0.0055570 seconds, Stopping threads took: 0.0000870 seconds
213.079: Application time: 0.0297680 seconds
213.079: [GC [PSYoungGen: 101515K->13858K(102400K)] 188096K->101904K(335360K), 0.0047980 secs] [Times: user=0.03 sys=0.00, real=0.01 secs] 
213.084: Total time for which application threads were stopped: 0.0049520 seconds, Stopping threads took: 0.0000670 seconds
213.199: Application time: 0.1150370 seconds
213.199: [GC [PSYoungGen: 101569K->13858K(102400K)] 189615K->107604K(335360K), 0.0059550 secs] [Times: user=0.05 sys=0.00, real=0.01 secs] 
213.205: Total time for which application threads were stopped: 0.0061310 seconds, Stopping threads took: 0.0000770 seconds
213.271: Application time: 0.0654200 seconds
213.271: [GC [PSYoungGen: 101550K->13890K(102400K)] 195296K->109774K(335360K), 0.0048630 secs] [Times: user=0.04 sys=0.00, real=0.01 secs] 
213.276: Total time for which application threads were stopped: 0.0050070 seconds, Stopping threads took: 0.0000610 seconds
213.503: Application time: 0.2275510 seconds
213.504: [GC [PSYoungGen: 101588K->13826K(102400K)] 197472K->113985K(335360K), 0.0055260 secs] [Times: user=0.04 sys=0.00, real=0.00 secs] 
213.509: Total time for which application threads were stopped: 0.0057080 seconds, Stopping threads took: 0.0000960 seconds
213.538: Application time: 0.0289040 seconds
213.538: [GC [PSYoungGen: 101504K->13922K(102400K)] 201663K->117644K(335360K), 0.0053560 secs] [Times: user=0.03 sys=0.01, real=0.01 secs] 
213.544: Total time for which application threads were stopped: 0.0055320 seconds, Stopping threads took: 0.0000920 seconds
213.825: Application time: 0.2818500 seconds
213.826: [GC [PSYoungGen: 101622K->13969K(102400K)] 205344K->119116K(335360K), 0.0045440 secs] [Times: user=0.03 sys=0.00, real=0.00 secs] 
213.830: Total time for which application threads were stopped: 0.0047100 seconds, Stopping threads took: 0.0000700 seconds
213.865: Application time: 0.0348120 seconds
213.865: [GC [PSYoungGen: 101678K->13953K(102400K)] 206825K->121238K(335360K), 0.0050370 secs] [Times: user=0.04 sys=0.00, real=0.00 secs] 
213.871: Total time for which application threads were stopped: 0.0055870 seconds, Stopping threads took: 0.0004600 seconds
213.894: Application time: 0.0232920 seconds
213.894: [GC [PSYoungGen: 101633K->13922K(102400K)] 208917K->123344K(335360K), 0.0049330 secs] [Times: user=0.04 sys=0.00, real=0.01 secs] 
213.899: Total time for which application threads were stopped: 0.0051640 seconds, Stopping threads took: 0.0001460 seconds
213.929: Application time: 0.0302140 seconds
213.929: [GC [PSYoungGen: 101607K->13954K(102400K)] 211029K->125521K(335360K), 0.0049810 secs] [Times: user=0.04 sys=0.00, real=0.00 secs] 
213.934: Total time for which application threads were stopped: 0.0051600 seconds, Stopping threads took: 0.0000910 seconds
214.014: Application time: 0.0795880 seconds
214.014: [GC [PSYoungGen: 101676K->14017K(102400K)] 213243K->129860K(335360K), 0.0055580 secs] [Times: user=0.04 sys=0.00, real=0.01 secs] 
214.020: Total time for which application threads were stopped: 0.0057540 seconds, Stopping threads took: 0.0001050 seconds
214.163: Application time: 0.1434540 seconds
214.163: [GC [PSYoungGen: 101706K->13985K(102400K)] 217549K->134143K(335360K), 0.0054600 secs] [Times: user=0.04 sys=0.00, real=0.00 secs] 
214.169: Total time for which application threads were stopped: 0.0056330 seconds, Stopping threads took: 0.0000840 seconds
214.571: Application time: 0.4021320 seconds
214.571: [GC [PSYoungGen: 101658K->14001K(102400K)] 221816K->137722K(335360K), 0.0052110 secs] [Times: user=0.04 sys=0.00, real=0.01 secs] 
214.576: Total time for which application threads were stopped: 0.0053740 seconds, Stopping threads took: 0.0000670 seconds
214.936: Application time: 0.3600690 seconds
214.936: [GC [PSYoungGen: 101680K->13953K(102400K)] 225401K->140556K(335360K), 0.0050190 secs] [Times: user=0.04 sys=0.00, real=0.00 secs] 
214.942: Total time for which application threads were stopped: 0.0051770 seconds, Stopping threads took: 0.0000720 seconds
215.273: Application time: 0.3313710 seconds
215.273: [GC [PSYoungGen: 101637K->13954K(102400K)] 228239K->146256K(335360K), 0.0057550 secs] [Times: user=0.04 sys=0.00, real=0.01 secs] 
215.279: Total time for which application threads were stopped: 0.0059350 seconds, Stopping threads took: 0.0000800 seconds
215.605: Application time: 0.3263090 seconds
215.605: [GC [PSYoungGen: 101630K->13922K(102400K)] 233933K->150532K(335360K), 0.0053630 secs] [Times: user=0.04 sys=0.00, real=0.00 secs] 
215.611: Total time for which application threads were stopped: 0.0055180 seconds, Stopping threads took: 0.0000680 seconds
215.893: Application time: 0.2821690 seconds
215.893: [GC [PSYoungGen: 101617K->13842K(102400K)] 238227K->156153K(335360K), 0.0058360 secs] [Times: user=0.04 sys=0.00, real=0.01 secs] 
215.899: Total time for which application threads were stopped: 0.0060070 seconds, Stopping threads took: 0.0000760 seconds
216.193: Application time: 0.2937500 seconds
216.193: [GC [PSYoungGen: 101521K->13890K(102400K)] 243831K->160508K(335360K), 0.0054020 secs] [Times: user=0.05 sys=0.00, real=0.01 secs] 
216.198: Total time for which application threads were stopped: 0.0055550 seconds, Stopping threads took: 0.0000690 seconds
216.263: Application time: 0.0652550 seconds
216.264: [GC [PSYoungGen: 101608K->13922K(102400K)] 248225K->164103K(335360K), 0.0054020 secs] [Times: user=0.04 sys=0.00, real=0.00 secs] 
216.269: Total time for which application threads were stopped: 0.0055590 seconds, Stopping threads took: 0.0000690 seconds
216.390: Application time: 0.1211030 seconds
216.390: [GC [PSYoungGen: 101607K->13890K(102400K)] 251788K->167674K(335360K), 0.0052810 secs] [Times: user=0.04 sys=0.00, real=0.01 secs] 
216.396: Total time for which application threads were stopped: 0.0054280 seconds, Stopping threads took: 0.0000620 seconds
216.688: Application time: 0.2919860 seconds
216.688: [GC [PSYoungGen: 101569K->13890K(102400K)] 255353K->170524K(335360K), 0.0050260 secs] [Times: user=0.04 sys=0.00, real=0.00 secs] 
216.693: Total time for which application threads were stopped: 0.0051920 seconds, Stopping threads took: 0.0000710 seconds
216.818: Application time: 0.1257410 seconds
216.819: [GC [PSYoungGen: 101598K->13906K(102400K)] 258232K->172005K(335360K), 0.0048530 secs] [Times: user=0.03 sys=0.00, real=0.01 secs] 
216.823: Total time for which application threads were stopped: 0.0050140 seconds, Stopping threads took: 0.0000640 seconds
216.848: Application time: 0.0247620 seconds
216.849: [GC [PSYoungGen: 101619K->13890K(102400K)] 259717K->174175K(335360K), 0.0049880 secs] [Times: user=0.04 sys=0.00, real=0.00 secs] 
216.854: Total time for which application threads were stopped: 0.0059120 seconds, Stopping threads took: 0.0008360 seconds
216.887: Application time: 0.0324320 seconds
216.887: [GC [PSYoungGen: 101577K->13890K(102400K)] 261862K->176313K(335360K), 0.0050230 secs] [Times: user=0.04 sys=0.00, real=0.00 secs] 
216.892: Total time for which application threads were stopped: 0.0052420 seconds, Stopping threads took: 0.0001330 seconds
216.983: Application time: 0.0909010 seconds
216.983: [GC [PSYoungGen: 101602K->13842K(102400K)] 264024K->181965K(335360K), 0.0059740 secs] [Times: user=0.04 sys=0.00, real=0.01 secs] 
216.989: Total time for which application threads were stopped: 0.0061570 seconds, Stopping threads took: 0.0000970 seconds
217.018: Application time: 0.0288720 seconds
217.018: [GC [PSYoungGen: 101519K->13874K(102400K)] 269642K->184887K(335360K), 0.0052210 secs] [Times: user=0.04 sys=0.00, real=0.00 secs] 
217.023: Total time for which application threads were stopped: 0.0054040 seconds, Stopping threads took: 0.0000870 seconds
217.286: Application time: 0.2629900 seconds
217.286: [GC [PSYoungGen: 101584K->13922K(102400K)] 272597K->189210K(335360K), 0.0055910 secs] [Times: user=0.04 sys=0.00, real=0.00 secs] 
217.292: Total time for which application threads were stopped: 0.0057700 seconds, Stopping threads took: 0.0000780 seconds
217.329: Application time: 0.0368450 seconds
217.329: [GC [PSYoungGen: 101597K->13890K(102400K)] 276885K->191316K(335360K), 0.0049990 secs] [Times: user=0.04 sys=0.00, real=0.00 secs] 
217.334: Total time for which application threads were stopped: 0.0051700 seconds, Stopping threads took: 0.0000860 seconds
217.545: Application time: 0.2110870 seconds
217.545: [GC [PSYoungGen: 101561K->13921K(102400K)] 278987K->194197K(335360K), 0.0050510 secs] [Times: user=0.03 sys=0.00, real=0.00 secs] 
217.550: Total time for which application threads were stopped: 0.0052060 seconds, Stopping threads took: 0.0000730 seconds
217.636: Application time: 0.0857480 seconds
217.637: [GC [PSYoungGen: 101629K->13921K(102400K)] 281905K->195622K(335360K), 0.0049100 secs] [Times: user=0.04 sys=0.00, real=0.00 secs] 
217.642: Total time for which application threads were stopped: 0.0058050 seconds, Stopping threads took: 0.0008070 seconds
217.695: Application time: 0.0527880 seconds
217.695: [GC [PSYoungGen: 101635K->13969K(102400K)] 283336K->197808K(335360K), 0.0050640 secs] [Times: user=0.04 sys=0.00, real=0.01 secs] 
217.700: Total time for which application threads were stopped: 0.0052510 seconds, Stopping threads took: 0.0001000 seconds
217.732: Application time: 0.0317660 seconds
217.732: [GC [PSYoungGen: 101657K->13986K(102400K)] 285495K->199962K(335360K), 0.0050700 secs] [Times: user=0.04 sys=0.00, real=0.01 secs] 
217.737: Total time for which application threads were stopped: 0.0052270 seconds, Stopping threads took: 0.0000720 seconds
217.843: Application time: 0.1060280 seconds
217.843: [GC [PSYoungGen: 101701K->13937K(102400K)] 287677K->204901K(335360K), 0.0058160 secs] [Times: user=0.05 sys=0.00, real=0.01 secs] 
217.849: Total time for which application threads were stopped: 0.0060030 seconds, Stopping threads took: 0.0000890 seconds
217.881: Application time: 0.0317130 seconds
217.881: [GC [PSYoungGen: 101625K->13953K(102400K)] 292588K->204965K(335360K), 0.0042510 secs] [Times: user=0.03 sys=0.00, real=0.01 secs] 
217.885: Total time for which application threads were stopped: 0.0044220 seconds, Stopping threads took: 0.0000840 seconds
218.254: Application time: 0.3690970 seconds
218.254: [GC [PSYoungGen: 101632K->13985K(102400K)] 292644K->209272K(335360K), 0.0054500 secs] [Times: user=0.04 sys=0.00, real=0.01 secs] 
218.260: Total time for which application threads were stopped: 0.0056120 seconds, Stopping threads took: 0.0000700 seconds
218.616: Application time: 0.3560460 seconds
218.616: [GC [PSYoungGen: 101656K->13953K(102400K)] 296943K->214228K(335360K), 0.0056810 secs] [Times: user=0.04 sys=0.00, real=0.00 secs] 
218.622: Total time for which application threads were stopped: 0.0058630 seconds, Stopping threads took: 0.0000880 seconds
218.960: Application time: 0.3386630 seconds
218.960: [GC [PSYoungGen: 101645K->13954K(102400K)] 301919K->220681K(335360K), 0.0060860 secs] [Times: user=0.05 sys=0.00, real=0.01 secs] 
218.967: Total time for which application threads were stopped: 0.0062550 seconds, Stopping threads took: 0.0000840 seconds
219.269: Application time: 0.3022870 seconds
219.269: [GC [PSYoungGen: 101630K->13922K(102400K)] 308358K->224964K(335360K), 0.0055090 secs] [Times: user=0.04 sys=0.00, real=0.00 secs] 
219.275: Total time for which application threads were stopped: 0.0056760 seconds, Stopping threads took: 0.0000700 seconds
219.595: Application time: 0.3206560 seconds
219.595: [GC [PSYoungGen: 101609K->13938K(102400K)] 312651K->227831K(335360K), 0.0050620 secs] [Times: user=0.04 sys=0.00, real=0.00 secs] 
219.600: Total time for which application threads were stopped: 0.0052140 seconds, Stopping threads took: 0.0000670 seconds
219.891: Application time: 0.2903200 seconds
219.891: [GC [PSYoungGen: 101625K->13858K(102400K)] 315518K->231354K(335360K), 0.0052400 secs] [Times: user=0.04 sys=0.00, real=0.01 secs] 
219.896: Total time for which application threads were stopped: 0.0054030 seconds, Stopping threads took: 0.0000690 seconds
220.021: Application time: 0.1247670 seconds
220.021: [GC [PSYoungGen: 101559K->13906K(102400K)] 319055K->237102K(335360K), 0.0061020 secs] [Times: user=0.04 sys=0.00, real=0.01 secs] 
220.027: Total time for which application threads were stopped: 0.0062920 seconds, Stopping threads took: 0.0000910 seconds
220.077: Application time: 0.0498290 seconds
220.077: [GC [PSYoungGen: 101605K->13890K(102400K)] 324801K->239264K(335360K), 0.0049440 secs] [Times: user=0.04 sys=0.00, real=0.00 secs] 
220.082: Total time for which application threads were stopped: 0.0051150 seconds, Stopping threads took: 0.0000860 seconds
220.379: Application time: 0.2970050 seconds
220.379: [GC [PSYoungGen: 101561K->13858K(102400K)] 326934K->243507K(335360K), 0.0055060 secs] [Times: user=0.04 sys=0.00, real=0.01 secs] 
220.385: [Full GC [PSYoungGen: 13858K->0K(102400K)] [ParOldGen: 229649K->28763K(232960K)] 243507K->28763K(335360K) [PSPermGen: 6131K->6131K(21504K)], 0.0114310 secs] [Times: user=0.06 sys=0.00, real=0.01 secs] 
220.396: Total time for which application threads were stopped: 0.0171520 seconds, Stopping threads took: 0.0000750 seconds
220.585: Application time: 0.1889140 seconds
220.585: [GC [PSYoungGen: 87745K->13730K(102400K)] 116508K->46056K(335360K), 0.0052510 secs] [Times: user=0.04 sys=0.00, real=0.00 secs] 
220.591: Total time for which application threads were stopped: 0.0054750 seconds, Stopping threads took: 0.0001240 seconds
220.615: Application time: 0.0243810 seconds
220.616: [GC [PSYoungGen: 101401K->13746K(102400K)] 133727K->46785K(335360K), 0.0044780 secs] [Times: user=0.04 sys=0.00, real=0.00 secs] 
220.620: Total time for which application threads were stopped: 0.0049970 seconds, Stopping threads took: 0.0004350 seconds
220.641: Application time: 0.0212330 seconds
220.642: [GC [PSYoungGen: 101432K->13730K(102400K)] 134470K->48906K(335360K), 0.0047840 secs] [Times: user=0.03 sys=0.00, real=0.01 secs] 
220.647: Total time for which application threads were stopped: 0.0056340 seconds, Stopping threads took: 0.0007640 seconds
220.684: Application time: 0.0373220 seconds
220.684: [GC [PSYoungGen: 101444K->13794K(102400K)] 136620K->51108K(335360K), 0.0049190 secs] [Times: user=0.04 sys=0.00, real=0.00 secs] 
220.689: Total time for which application threads were stopped: 0.0051020 seconds, Stopping threads took: 0.0000980 seconds
220.719: Application time: 0.0300030 seconds
220.720: [GC [PSYoungGen: 101469K->13826K(102400K)] 138783K->53278K(335360K), 0.0049590 secs] [Times: user=0.03 sys=0.01, real=0.01 secs] 
220.725: Total time for which application threads were stopped: 0.0051430 seconds, Stopping threads took: 0.0000970 seconds
221.009: Application time: 0.2844610 seconds
221.009: [GC [PSYoungGen: 101305K->13890K(102400K)] 140756K->54054K(335360K), 0.0043140 secs] [Times: user=0.03 sys=0.00, real=0.00 secs] 
221.013: Total time for which application threads were stopped: 0.0044600 seconds, Stopping threads took: 0.0000640 seconds
221.053: Application time: 0.0399760 seconds
221.054: [GC [PSYoungGen: 101788K->13890K(102400K)] 141952K->57616K(335360K), 0.0053230 secs] [Times: user=0.04 sys=0.00, real=0.01 secs] 
221.059: Total time for which application threads were stopped: 0.0055030 seconds, Stopping threads took: 0.0000910 seconds
221.236: Application time: 0.1774170 seconds
221.236: [GC [PSYoungGen: 101478K->13937K(102400K)] 145205K->58377K(335360K), 0.0042680 secs] [Times: user=0.03 sys=0.00, real=0.00 secs] 
221.241: Total time for which application threads were stopped: 0.0044340 seconds, Stopping threads took: 0.0000690 seconds
221.279: Application time: 0.0379230 seconds
221.279: [GC [PSYoungGen: 101734K->13858K(102400K)] 146173K->61859K(335360K), 0.0053550 secs] [Times: user=0.04 sys=0.00, real=0.01 secs] 
221.284: Total time for which application threads were stopped: 0.0055320 seconds, Stopping threads took: 0.0000870 seconds
221.459: Application time: 0.1747300 seconds
221.459: [GC [PSYoungGen: 101513K->13969K(102400K)] 149514K->63396K(335360K), 0.0045380 secs] [Times: user=0.03 sys=0.00, real=0.01 secs] 
221.464: Total time for which application threads were stopped: 0.0046880 seconds, Stopping threads took: 0.0000670 seconds
221.500: Application time: 0.0366180 seconds
221.500: [GC [PSYoungGen: 101700K->13969K(102400K)] 151126K->66246K(335360K), 0.0051050 secs] [Times: user=0.03 sys=0.00, real=0.01 secs] 
221.506: Total time for which application threads were stopped: 0.0052750 seconds, Stopping threads took: 0.0000850 seconds
221.592: Application time: 0.0867940 seconds
221.592: [GC [PSYoungGen: 101698K->13905K(102400K)] 153975K->70457K(335360K), 0.0054920 secs] [Times: user=0.04 sys=0.00, real=0.01 secs] 
221.598: Total time for which application threads were stopped: 0.0056580 seconds, Stopping threads took: 0.0000810 seconds
221.630: Application time: 0.0319470 seconds
221.630: [GC [PSYoungGen: 101593K->13986K(102400K)] 158145K->74100K(335360K), 0.0053570 secs] [Times: user=0.04 sys=0.00, real=0.01 secs] 
221.636: Total time for which application threads were stopped: 0.0055440 seconds, Stopping threads took: 0.0001030 seconds
221.923: Application time: 0.2875170 seconds
221.923: [GC [PSYoungGen: 101668K->13905K(102400K)] 161783K->78295K(335360K), 0.0053750 secs] [Times: user=0.03 sys=0.00, real=0.01 secs] 
221.929: Total time for which application threads were stopped: 0.0055410 seconds, Stopping threads took: 0.0000720 seconds
222.309: Application time: 0.3807830 seconds
222.309: [GC [PSYoungGen: 101570K->13953K(102400K)] 165960K->83331K(335360K), 0.0055080 secs] [Times: user=0.04 sys=0.00, real=0.00 secs] 
222.315: Total time for which application threads were stopped: 0.0056610 seconds, Stopping threads took: 0.0000700 seconds
222.654: Application time: 0.3391660 seconds
222.654: [GC [PSYoungGen: 101652K->13922K(102400K)] 171030K->89780K(335360K), 0.0058670 secs] [Times: user=0.05 sys=0.00, real=0.01 secs] 
222.660: Total time for which application threads were stopped: 0.0060270 seconds, Stopping threads took: 0.0000630 seconds
222.976: Application time: 0.3162010 seconds
222.977: [GC [PSYoungGen: 101597K->13922K(102400K)] 177456K->93343K(335360K), 0.0051790 secs] [Times: user=0.04 sys=0.00, real=0.00 secs] 
222.982: Total time for which application threads were stopped: 0.0053200 seconds, Stopping threads took: 0.0000570 seconds
223.279: Application time: 0.2973760 seconds
223.279: [GC [PSYoungGen: 101591K->13922K(102400K)] 181012K->96906K(335360K), 0.0051710 secs] [Times: user=0.04 sys=0.00, real=0.01 secs] 
223.284: Total time for which application threads were stopped: 0.0053460 seconds, Stopping threads took: 0.0000710 seconds
223.573: Application time: 0.2881020 seconds
223.573: [GC [PSYoungGen: 101626K->13890K(102400K)] 184610K->102615K(335360K), 0.0057310 secs] [Times: user=0.04 sys=0.00, real=0.01 secs] 
223.578: Total time for which application threads were stopped: 0.0058880 seconds, Stopping threads took: 0.0000700 seconds
223.724: Application time: 0.1451440 seconds
223.724: [GC [PSYoungGen: 101593K->13922K(102400K)] 190317K->108347K(335360K), 0.0059490 secs] [Times: user=0.04 sys=0.00, real=0.00 secs] 
223.730: Total time for which application threads were stopped: 0.0061100 seconds, Stopping threads took: 0.0000720 seconds
223.772: Application time: 0.0423560 seconds
223.772: [GC [PSYoungGen: 101608K->13890K(102400K)] 196033K->109068K(335360K), 0.0043560 secs] [Times: user=0.04 sys=0.00, real=0.01 secs] 
223.777: Total time for which application threads were stopped: 0.0045160 seconds, Stopping threads took: 0.0000750 seconds
224.046: Application time: 0.2693420 seconds
224.046: [GC [PSYoungGen: 101569K->13890K(102400K)] 196746K->114056K(335360K), 0.0055960 secs] [Times: user=0.04 sys=0.00, real=0.00 secs] 
224.052: Total time for which application threads were stopped: 0.0057700 seconds, Stopping threads took: 0.0000780 seconds
224.283: Application time: 0.2311790 seconds
224.283: [GC [PSYoungGen: 101602K->13890K(102400K)] 201767K->116946K(335360K), 0.0051440 secs] [Times: user=0.04 sys=0.00, real=0.01 secs] 
224.288: Total time for which application threads were stopped: 0.0053280 seconds, Stopping threads took: 0.0000980 seconds
224.319: Application time: 0.0310000 seconds
224.319: [GC [PSYoungGen: 101570K->13842K(102400K)] 204626K->118323K(335360K), 0.0047840 secs] [Times: user=0.03 sys=0.00, real=0.01 secs] 
224.324: Total time for which application threads were stopped: 0.0049590 seconds, Stopping threads took: 0.0000860 seconds
224.419: Application time: 0.0952780 seconds
224.420: [GC [PSYoungGen: 101583K->13922K(102400K)] 206064K->122726K(335360K), 0.0055530 secs] [Times: user=0.04 sys=0.00, real=0.01 secs] 
224.426: Total time for which application threads were stopped: 0.0060900 seconds, Stopping threads took: 0.0004460 seconds
224.450: Application time: 0.0242820 seconds
224.450: [GC [PSYoungGen: 101590K->13858K(102400K)] 210394K->122662K(335360K), 0.0043860 secs] [Times: user=0.04 sys=0.00, real=0.00 secs] 
224.454: Total time for which application threads were stopped: 0.0046500 seconds, Stopping threads took: 0.0001770 seconds
224.477: Application time: 0.0225040 seconds
224.477: [GC [PSYoungGen: 101546K->13858K(102400K)] 210350K->125568K(335360K), 0.0051440 secs] [Times: user=0.04 sys=0.00, real=0.00 secs] 
224.482: Total time for which application threads were stopped: 0.0053100 seconds, Stopping threads took: 0.0000800 seconds
224.697: Application time: 0.2144110 seconds
224.697: [GC [PSYoungGen: 101547K->13890K(102400K)] 213257K->129163K(335360K), 0.0051740 secs] [Times: user=0.04 sys=0.00, real=0.00 secs] 
224.702: Total time for which application threads were stopped: 0.0053430 seconds, Stopping threads took: 0.0000740 seconds
224.833: Application time: 0.1307430 seconds
224.833: [GC [PSYoungGen: 101589K->13810K(102400K)] 216862K->134070K(335360K), 0.0057770 secs] [Times: user=0.05 sys=0.00, real=0.01 secs] 
224.839: Total time for which application threads were stopped: 0.0059570 seconds, Stopping threads took: 0.0000890 seconds
224.904: Application time: 0.0654780 seconds
224.904: [GC [PSYoungGen: 101361K->13954K(102400K)] 221622K->134214K(335360K), 0.0042260 secs] [Times: user=0.03 sys=0.00, real=0.00 secs] 
224.909: Total time for which application threads were stopped: 0.0043950 seconds, Stopping threads took: 0.0000810 seconds
224.951: Application time: 0.0423700 seconds
224.951: [GC [PSYoungGen: 101798K->13954K(102400K)] 222059K->137777K(335360K), 0.0053760 secs] [Times: user=0.04 sys=0.00, real=0.01 secs] 
224.957: Total time for which application threads were stopped: 0.0055630 seconds, Stopping threads took: 0.0000960 seconds
225.143: Application time: 0.1864720 seconds
225.143: [GC [PSYoungGen: 101634K->13953K(102400K)] 225458K->140627K(335360K), 0.0064510 secs] [Times: user=0.04 sys=0.00, real=0.00 secs] 
225.150: Total time for which application threads were stopped: 0.0066090 seconds, Stopping threads took: 0.0000710 seconds
225.328: Application time: 0.1786160 seconds
225.328: [GC [PSYoungGen: 101755K->14001K(102400K)] 228429K->141387K(335360K), 0.0046020 secs] [Times: user=0.03 sys=0.01, real=0.00 secs] 
225.333: Total time for which application threads were stopped: 0.0047630 seconds, Stopping threads took: 0.0000620 seconds
225.361: Application time: 0.0280830 seconds
225.361: [GC [PSYoungGen: 101623K->14018K(102400K)] 229009K->144254K(335360K), 0.0052240 secs] [Times: user=0.04 sys=0.00, real=0.01 secs] 
225.367: Total time for which application threads were stopped: 0.0053930 seconds, Stopping threads took: 0.0000840 seconds
225.396: Application time: 0.0296070 seconds
225.396: [GC [PSYoungGen: 101702K->13906K(102400K)] 231938K->144190K(335360K), 0.0044530 secs] [Times: user=0.03 sys=0.00, real=0.00 secs] 
225.401: Total time for which application threads were stopped: 0.0046230 seconds, Stopping threads took: 0.0000790 seconds
225.616: Application time: 0.2154450 seconds
225.616: [GC [PSYoungGen: 101593K->14001K(102400K)] 231877K->149273K(335360K), 0.0055220 secs] [Times: user=0.05 sys=0.00, real=0.00 secs] 
225.622: Total time for which application threads were stopped: 0.0056870 seconds, Stopping threads took: 0.0000790 seconds
225.995: Application time: 0.3727390 seconds
225.995: [GC [PSYoungGen: 101674K->14001K(102400K)] 236946K->153548K(335360K), 0.0054050 secs] [Times: user=0.04 sys=0.00, real=0.01 secs] 
226.000: Total time for which application threads were stopped: 0.0055920 seconds, Stopping threads took: 0.0000880 seconds
226.349: Application time: 0.3486680 seconds
226.349: [GC [PSYoungGen: 101692K->13969K(102400K)] 241239K->157832K(335360K), 0.0053950 secs] [Times: user=0.04 sys=0.00, real=0.00 secs] 
226.354: Total time for which application threads were stopped: 0.0055440 seconds, Stopping threads took: 0.0000650 seconds
226.660: Application time: 0.3055290 seconds
226.660: [GC [PSYoungGen: 101645K->13954K(102400K)] 245507K->161379K(335360K), 0.0051990 secs] [Times: user=0.04 sys=0.00, real=0.01 secs] 
226.665: Total time for which application threads were stopped: 0.0054550 seconds, Stopping threads took: 0.0001610 seconds
226.979: Application time: 0.3136890 seconds
226.979: [GC [PSYoungGen: 101640K->13922K(102400K)] 249064K->165698K(335360K), 0.0054440 secs] [Times: user=0.04 sys=0.00, real=0.01 secs] 
226.985: Total time for which application threads were stopped: 0.0055950 seconds, Stopping threads took: 0.0000620 seconds
227.292: Application time: 0.3070950 seconds
227.292: [GC [PSYoungGen: 101617K->13890K(102400K)] 253393K->169942K(335360K), 0.0054340 secs] [Times: user=0.04 sys=0.00, real=0.01 secs] 
227.297: Total time for which application threads were stopped: 0.0055920 seconds, Stopping threads took: 0.0000630 seconds
227.406: Application time: 0.1086710 seconds
227.406: [GC [PSYoungGen: 101599K->13922K(102400K)] 257650K->174249K(335360K), 0.0054140 secs] [Times: user=0.04 sys=0.00, real=0.00 secs] 
227.412: Total time for which application threads were stopped: 0.0055830 seconds, Stopping threads took: 0.0000840 seconds
227.495: Application time: 0.0831240 seconds
227.495: [GC [PSYoungGen: 101607K->13922K(102400K)] 261933K->176387K(335360K), 0.0048480 secs] [Times: user=0.03 sys=0.00, real=0.01 secs] 
227.500: Total time for which application threads were stopped: 0.0050230 seconds, Stopping threads took: 0.0000900 seconds
227.801: Application time: 0.3013950 seconds
227.801: [GC [PSYoungGen: 101601K->13890K(102400K)] 264066K->179958K(335360K), 0.0051970 secs] [Times: user=0.04 sys=0.00, real=0.01 secs] 
227.807: Total time for which application threads were stopped: 0.0053540 seconds, Stopping threads took: 0.0000610 seconds
228.005: Application time: 0.1983240 seconds
228.005: [GC [PSYoungGen: 101585K->13890K(102400K)] 267652K->182848K(335360K), 0.0051780 secs] [Times: user=0.04 sys=0.00, real=0.00 secs] 
228.010: Total time for which application threads were stopped: 0.0053610 seconds, Stopping threads took: 0.0000980 seconds
228.041: Application time: 0.0306510 seconds
228.041: [GC [PSYoungGen: 101569K->13826K(102400K)] 270526K->183496K(335360K), 0.0046300 secs] [Times: user=0.03 sys=0.00, real=0.01 secs] 
228.046: Total time for which application threads were stopped: 0.0048020 seconds, Stopping threads took: 0.0000860 seconds
228.158: Application time: 0.1125750 seconds
228.158: [GC [PSYoungGen: 101551K->13890K(102400K)] 271221K->188548K(335360K), 0.0057910 secs] [Times: user=0.04 sys=0.00, real=0.01 secs] 
228.164: Total time for which application threads were stopped: 0.0059720 seconds, Stopping threads took: 0.0000930 seconds
228.196: Application time: 0.0313850 seconds
228.196: [GC [PSYoungGen: 101565K->13145K(102400K)] 276223K->187880K(335360K), 0.0041890 secs] [Times: user=0.03 sys=0.00, real=0.00 secs] 
228.200: Total time for which application threads were stopped: 0.0043360 seconds, Stopping threads took: 0.0000610 seconds
228.348: Application time: 0.1478160 seconds
228.348: [GC [PSYoungGen: 100860K->13922K(102400K)] 275594K->192219K(335360K), 0.0053750 secs] [Times: user=0.04 sys=0.00, real=0.00 secs] 
228.353: Total time for which application threads were stopped: 0.0056330 seconds, Stopping threads took: 0.0001570 seconds
228.420: Application time: 0.0661250 seconds
228.420: [GC [PSYoungGen: 101611K->13858K(102400K)] 279908K->195005K(335360K), 0.0051890 secs] [Times: user=0.03 sys=0.00, real=0.01 secs] 
228.425: Total time for which application threads were stopped: 0.0053530 seconds, Stopping threads took: 0.0000780 seconds
228.617: Application time: 0.1917910 seconds
228.617: [GC [PSYoungGen: 101557K->13842K(102400K)] 282704K->199976K(335360K), 0.0058460 secs] [Times: user=0.04 sys=0.00, real=0.00 secs] 
228.623: Total time for which application threads were stopped: 0.0060300 seconds, Stopping threads took: 0.0000910 seconds
228.654: Application time: 0.0313120 seconds
228.654: [GC [PSYoungGen: 101514K->13209K(102400K)] 287649K->199344K(335360K), 0.0042700 secs] [Times: user=0.03 sys=0.00, real=0.01 secs] 
228.659: Total time for which application threads were stopped: 0.0044510 seconds, Stopping threads took: 0.0000940 seconds
228.731: Application time: 0.0726120 seconds
228.731: [GC [PSYoungGen: 100925K->13954K(102400K)] 287060K->203651K(335360K), 0.0054700 secs] [Times: user=0.04 sys=0.00, real=0.01 secs] 
228.737: Total time for which application threads were stopped: 0.0056620 seconds, Stopping threads took: 0.0001020 seconds
228.876: Application time: 0.1389910 seconds
228.876: [GC [PSYoungGen: 101636K->13953K(102400K)] 291334K->206501K(335360K), 0.0051050 secs] [Times: user=0.03 sys=0.00, real=0.00 secs] 
228.881: Total time for which application threads were stopped: 0.0052680 seconds, Stopping threads took: 0.0000610 seconds
229.141: Application time: 0.2596020 seconds
229.141: [GC [PSYoungGen: 101659K->13841K(102400K)] 294206K->210664K(335360K), 0.0056800 secs] [Times: user=0.04 sys=0.00, real=0.01 secs] 
229.147: Total time for which application threads were stopped: 0.0058720 seconds, Stopping threads took: 0.0000990 seconds
229.175: Application time: 0.0286000 seconds
229.175: [GC [PSYoungGen: 101546K->14017K(102400K)] 298369K->213690K(335360K), 0.0052290 secs] [Times: user=0.04 sys=0.00, real=0.00 secs] 
229.181: Total time for which application threads were stopped: 0.0054770 seconds, Stopping threads took: 0.0001600 seconds
229.204: Application time: 0.0238560 seconds
229.205: [GC [PSYoungGen: 101707K->13953K(102400K)] 301380K->215804K(335360K), 0.0050970 secs] [Times: user=0.04 sys=0.00, real=0.00 secs] 
229.210: Total time for which application threads were stopped: 0.0052710 seconds, Stopping threads took: 0.0000890 seconds
229.345: Application time: 0.1353050 seconds
229.345: [GC [PSYoungGen: 101651K->13985K(102400K)] 303502K->218686K(335360K), 0.0050340 secs] [Times: user=0.04 sys=0.00, real=0.00 secs] 
229.350: Total time for which application threads were stopped: 0.0052070 seconds, Stopping threads took: 0.0000730 seconds
229.700: Application time: 0.3499450 seconds
229.700: [GC [PSYoungGen: 101656K->13985K(102400K)] 306356K->222961K(335360K), 0.0054890 secs] [Times: user=0.04 sys=0.00, real=0.01 secs] 
229.706: Total time for which application threads were stopped: 0.0056530 seconds, Stopping threads took: 0.0000700 seconds
230.083: Application time: 0.3771020 seconds
230.083: [GC [PSYoungGen: 101665K->13954K(102400K)] 310641K->225819K(335360K), 0.0051270 secs] [Times: user=0.03 sys=0.00, real=0.01 secs] 
230.088: Total time for which application threads were stopped: 0.0052890 seconds, Stopping threads took: 0.0000730 seconds
230.396: Application time: 0.3079510 seconds
230.396: [GC [PSYoungGen: 101638K->13922K(102400K)] 313503K->232200K(335360K), 0.0061280 secs] [Times: user=0.03 sys=0.00, real=0.00 secs] 
230.403: Total time for which application threads were stopped: 0.0062900 seconds, Stopping threads took: 0.0000650 seconds
230.712: Application time: 0.3091840 seconds
230.712: [GC [PSYoungGen: 101598K->13922K(102400K)] 319877K->236516K(335360K), 0.0054720 secs] [Times: user=0.04 sys=0.00, real=0.01 secs] 
230.717: Total time for which application threads were stopped: 0.0056200 seconds, Stopping threads took: 0.0000650 seconds
231.010: Application time: 0.2931650 seconds
231.011: [GC [PSYoungGen: 101618K->13922K(102400K)] 324212K->240079K(335360K), 0.0053600 secs] [Times: user=0.04 sys=0.00, real=0.01 secs] 
231.016: Total time for which application threads were stopped: 0.0055330 seconds, Stopping threads took: 0.0000720 seconds
231.199: Application time: 0.1830110 seconds
231.199: [GC [PSYoungGen: 101631K->13842K(102400K)] 327788K->246452K(335360K), 0.0061280 secs] [Times: user=0.04 sys=0.00, real=0.01 secs] 
231.205: [Full GC [PSYoungGen: 13842K->0K(102400K)] [ParOldGen: 232609K->28052K(232960K)] 246452K->28052K(335360K) [PSPermGen: 6131K->6131K(21504K)], 0.0129120 secs] [Times: user=0.07 sys=0.00, real=0.01 secs] 
231.218: Total time for which application threads were stopped: 0.0192710 seconds, Stopping threads took: 0.0000810 seconds
231.249: Application time: 0.0308680 seconds
231.249: [GC [PSYoungGen: 87673K->6605K(102400K)] 115725K->34657K(335360K), 0.0022760 secs] [Times: user=0.02 sys=0.00, real=0.00 secs] 
231.252: Total time for which application threads were stopped: 0.0024460 seconds, Stopping threads took: 0.0000900 seconds
231.516: Application time: 0.2639920 seconds
231.516: [GC [PSYoungGen: 94292K->13762K(102400K)] 122344K->46802K(335360K), 0.0054770 secs] [Times: user=0.04 sys=0.00, real=0.00 secs] 
231.521: Total time for which application threads were stopped: 0.0056360 seconds, Stopping threads took: 0.0000650 seconds
231.772: Application time: 0.2508530 seconds
231.772: [GC [PSYoungGen: 101458K->13730K(102400K)] 134498K->51046K(335360K), 0.0054750 secs] [Times: user=0.04 sys=0.00, real=0.01 secs] 
231.778: Total time for which application threads were stopped: 0.0056420 seconds, Stopping threads took: 0.0000810 seconds
231.813: Application time: 0.0352480 seconds
231.813: [GC [PSYoungGen: 101410K->13762K(102400K)] 138725K->51790K(335360K), 0.0045310 secs] [Times: user=0.03 sys=0.00, real=0.01 secs] 
231.818: Total time for which application threads were stopped: 0.0047130 seconds, Stopping threads took: 0.0000910 seconds
231.929: Application time: 0.1111700 seconds
231.929: [GC [PSYoungGen: 101486K->13826K(102400K)] 139514K->56129K(335360K), 0.0054790 secs] [Times: user=0.04 sys=0.00, real=0.00 secs] 
231.935: Total time for which application threads were stopped: 0.0056610 seconds, Stopping threads took: 0.0000930 seconds
231.967: Application time: 0.0319730 seconds
231.967: [GC [PSYoungGen: 101508K->13794K(102400K)] 143812K->58948K(335360K), 0.0051220 secs] [Times: user=0.04 sys=0.00, real=0.00 secs] 
231.972: Total time for which application threads were stopped: 0.0053090 seconds, Stopping threads took: 0.0001020 seconds
232.025: Application time: 0.0532010 seconds
232.025: [GC [PSYoungGen: 101507K->13858K(102400K)] 146661K->61862K(335360K), 0.0050220 secs] [Times: user=0.04 sys=0.00, real=0.00 secs] 
232.030: Total time for which application threads were stopped: 0.0051840 seconds, Stopping threads took: 0.0000690 seconds
232.110: Application time: 0.0796400 seconds
232.110: [GC [PSYoungGen: 101548K->13858K(102400K)] 149552K->63999K(335360K), 0.0047130 secs] [Times: user=0.03 sys=0.00, real=0.00 secs] 
232.115: Total time for which application threads were stopped: 0.0048550 seconds, Stopping threads took: 0.0000600 seconds
232.415: Application time: 0.2998160 seconds
232.415: [GC [PSYoungGen: 101550K->13809K(102400K)] 151692K->68226K(335360K), 0.0054870 secs] [Times: user=0.04 sys=0.00, real=0.00 secs] 
232.421: Total time for which application threads were stopped: 0.0062550 seconds, Stopping threads took: 0.0006820 seconds
232.460: Application time: 0.0393010 seconds
232.460: [GC [PSYoungGen: 101512K->13209K(102400K)] 155929K->67626K(335360K), 0.0041460 secs] [Times: user=0.03 sys=0.00, real=0.01 secs] 
232.464: Total time for which application threads were stopped: 0.0043120 seconds, Stopping threads took: 0.0000760 seconds
232.486: Application time: 0.0220570 seconds
232.487: [GC [PSYoungGen: 100890K->13922K(102400K)] 155307K->69763K(335360K), 0.0046370 secs] [Times: user=0.03 sys=0.00, real=0.00 secs] 
232.491: Total time for which application threads were stopped: 0.0048370 seconds, Stopping threads took: 0.0001140 seconds
232.559: Application time: 0.0675400 seconds
232.559: [GC [PSYoungGen: 101613K->13889K(102400K)] 157455K->72581K(335360K), 0.0050170 secs] [Times: user=0.04 sys=0.01, real=0.01 secs] 
232.564: Total time for which application threads were stopped: 0.0051780 seconds, Stopping threads took: 0.0000660 seconds
232.861: Application time: 0.2971930 seconds
232.861: [GC [PSYoungGen: 101443K->13985K(102400K)] 160135K->74815K(335360K), 0.0047830 secs] [Times: user=0.03 sys=0.00, real=0.01 secs] 
232.866: Total time for which application threads were stopped: 0.0049840 seconds, Stopping threads took: 0.0001130 seconds
232.892: Application time: 0.0257350 seconds
232.892: [GC [PSYoungGen: 101842K->13985K(102400K)] 162671K->76240K(335360K), 0.0046580 secs] [Times: user=0.04 sys=0.00, real=0.01 secs] 
232.897: Total time for which application threads were stopped: 0.0049530 seconds, Stopping threads took: 0.0002090 seconds
232.917: Application time: 0.0204750 seconds
232.918: [GC [PSYoungGen: 101661K->13986K(102400K)] 163915K->79090K(335360K), 0.0051470 secs] [Times: user=0.04 sys=0.00, real=0.00 secs] 
232.923: Total time for which application threads were stopped: 0.0053460 seconds, Stopping threads took: 0.0001150 seconds
233.030: Application time: 0.1073670 seconds
233.030: [GC [PSYoungGen: 101683K->13985K(102400K)] 166787K->83365K(335360K), 0.0053380 secs] [Times: user=0.04 sys=0.00, real=0.01 secs] 
233.036: Total time for which application threads were stopped: 0.0055080 seconds, Stopping threads took: 0.0000830 seconds
233.394: Application time: 0.3585500 seconds
233.394: [GC [PSYoungGen: 101658K->13985K(102400K)] 171038K->89065K(335360K), 0.0057630 secs] [Times: user=0.04 sys=0.00, real=0.01 secs] 
233.400: Total time for which application threads were stopped: 0.0059400 seconds, Stopping threads took: 0.0000820 seconds
233.762: Application time: 0.3618400 seconds
233.762: [GC [PSYoungGen: 101659K->13986K(102400K)] 176738K->92660K(335360K), 0.0051620 secs] [Times: user=0.04 sys=0.00, real=0.01 secs] 
233.767: Total time for which application threads were stopped: 0.0053050 seconds, Stopping threads took: 0.0000610 seconds
234.095: Application time: 0.3275200 seconds
234.095: [GC [PSYoungGen: 101686K->13906K(102400K)] 180361K->99705K(335360K), 0.0061540 secs] [Times: user=0.04 sys=0.00, real=0.01 secs] 
234.101: Total time for which application threads were stopped: 0.0063170 seconds, Stopping threads took: 0.0000620 seconds
234.416: Application time: 0.3148580 seconds
234.416: [GC [PSYoungGen: 101582K->13938K(102400K)] 187382K->104053K(335360K), 0.0053740 secs] [Times: user=0.04 sys=0.00, real=0.00 secs] 
234.421: Total time for which application threads were stopped: 0.0055300 seconds, Stopping threads took: 0.0000690 seconds
234.719: Application time: 0.2971500 seconds
234.719: [GC [PSYoungGen: 101624K->13922K(102400K)] 191739K->107600K(335360K), 0.0051050 secs] [Times: user=0.04 sys=0.00, real=0.01 secs] 
234.724: Total time for which application threads were stopped: 0.0052720 seconds, Stopping threads took: 0.0000780 seconds
235.014: Application time: 0.2899460 seconds
235.014: [GC [PSYoungGen: 101628K->13922K(102400K)] 195305K->111915K(335360K), 0.0053190 secs] [Times: user=0.03 sys=0.00, real=0.01 secs] 
235.019: Total time for which application threads were stopped: 0.0054590 seconds, Stopping threads took: 0.0000560 seconds
235.056: Application time: 0.0363550 seconds
235.056: [GC [PSYoungGen: 101598K->13907K(102400K)] 199591K->114037K(335360K), 0.0049930 secs] [Times: user=0.03 sys=0.00, real=0.00 secs] 
235.061: Total time for which application threads were stopped: 0.0051760 seconds, Stopping threads took: 0.0000970 seconds
235.208: Application time: 0.1475200 seconds
235.209: [GC [PSYoungGen: 101607K->13874K(102400K)] 201738K->117608K(335360K), 0.0070840 secs] [Times: user=0.05 sys=0.00, real=0.01 secs] 
235.216: Total time for which application threads were stopped: 0.0072820 seconds, Stopping threads took: 0.0000930 seconds
235.499: Application time: 0.2830490 seconds
235.499: [GC [PSYoungGen: 101570K->13858K(102400K)] 205303K->121195K(335360K), 0.0053900 secs] [Times: user=0.04 sys=0.00, real=0.01 secs] 
235.504: Total time for which application threads were stopped: 0.0055740 seconds, Stopping threads took: 0.0000810 seconds
235.539: Application time: 0.0349250 seconds
235.539: [GC [PSYoungGen: 101531K->13858K(102400K)] 208867K->123332K(335360K), 0.0050040 secs] [Times: user=0.03 sys=0.00, real=0.01 secs] 
235.544: Total time for which application threads were stopped: 0.0051860 seconds, Stopping threads took: 0.0000920 seconds
235.715: Application time: 0.1709040 seconds
235.715: [GC [PSYoungGen: 101591K->13922K(102400K)] 211065K->126959K(335360K), 0.0051570 secs] [Times: user=0.04 sys=0.00, real=0.00 secs] 
235.721: Total time for which application threads were stopped: 0.0052970 seconds, Stopping threads took: 0.0000580 seconds
235.754: Application time: 0.0337840 seconds
235.755: [GC [PSYoungGen: 101622K->13874K(102400K)] 214659K->129129K(335360K), 0.0049510 secs] [Times: user=0.04 sys=0.00, real=0.00 secs] 
235.760: Total time for which application threads were stopped: 0.0057970 seconds, Stopping threads took: 0.0007490 seconds
235.783: Application time: 0.0230990 seconds
235.784: [GC [PSYoungGen: 101546K->13890K(102400K)] 216801K->131282K(335360K), 0.0049470 secs] [Times: user=0.04 sys=0.00, real=0.00 secs] 
235.789: Total time for which application threads were stopped: 0.0052140 seconds, Stopping threads took: 0.0001810 seconds
235.818: Application time: 0.0298830 seconds
235.819: [GC [PSYoungGen: 101574K->13842K(102400K)] 218966K->131947K(335360K), 0.0044880 secs] [Times: user=0.03 sys=0.00, real=0.01 secs] 
235.823: Total time for which application threads were stopped: 0.0050210 seconds, Stopping threads took: 0.0004440 seconds
236.108: Application time: 0.2850560 seconds
236.109: [GC [PSYoungGen: 101551K->13922K(102400K)] 219656K->136302K(335360K), 0.0055830 secs] [Times: user=0.04 sys=0.00, real=0.00 secs] 
236.114: Total time for which application threads were stopped: 0.0057580 seconds, Stopping threads took: 0.0000720 seconds
236.149: Application time: 0.0348630 seconds
236.149: [GC [PSYoungGen: 101600K->13906K(102400K)] 223980K->137711K(335360K), 0.0047650 secs] [Times: user=0.04 sys=0.00, real=0.00 secs] 
236.154: Total time for which application threads were stopped: 0.0049580 seconds, Stopping threads took: 0.0001020 seconds
236.202: Application time: 0.0484240 seconds
236.203: [GC [PSYoungGen: 101615K->13938K(102400K)] 225420K->140593K(335360K), 0.0051970 secs] [Times: user=0.04 sys=0.00, real=0.01 secs] 
236.208: Total time for which application threads were stopped: 0.0053810 seconds, Stopping threads took: 0.0000870 seconds
236.239: Application time: 0.0314490 seconds
236.239: [GC [PSYoungGen: 101625K->13938K(102400K)] 228280K->142730K(335360K), 0.0047780 secs] [Times: user=0.04 sys=0.00, real=0.01 secs] 
236.244: Total time for which application threads were stopped: 0.0049410 seconds, Stopping threads took: 0.0000800 seconds
236.605: Application time: 0.3607550 seconds
236.605: [GC [PSYoungGen: 101635K->13985K(102400K)] 230428K->147053K(335360K), 0.0053880 secs] [Times: user=0.04 sys=0.00, real=0.00 secs] 
236.611: Total time for which application threads were stopped: 0.0055460 seconds, Stopping threads took: 0.0000740 seconds
236.647: Application time: 0.0368350 seconds
236.648: [GC [PSYoungGen: 101655K->13969K(102400K)] 234723K->148470K(335360K), 0.0048410 secs] [Times: user=0.04 sys=0.00, real=0.00 secs] 
236.652: Total time for which application threads were stopped: 0.0050070 seconds, Stopping threads took: 0.0000690 seconds
236.684: Application time: 0.0312530 seconds
236.684: [GC [PSYoungGen: 101682K->13937K(102400K)] 236182K->151336K(335360K), 0.0051290 secs] [Times: user=0.04 sys=0.00, real=0.00 secs] 
236.689: Total time for which application threads were stopped: 0.0052960 seconds, Stopping threads took: 0.0000800 seconds
236.718: Application time: 0.0294210 seconds
236.719: [GC [PSYoungGen: 101627K->13970K(102400K)] 239026K->153506K(335360K), 0.0050560 secs] [Times: user=0.04 sys=0.00, real=0.01 secs] 
236.724: Total time for which application threads were stopped: 0.0052450 seconds, Stopping threads took: 0.0001020 seconds
237.093: Application time: 0.3689000 seconds
237.093: [GC [PSYoungGen: 101649K->13985K(102400K)] 241185K->159222K(335360K), 0.0057770 secs] [Times: user=0.04 sys=0.00, real=0.01 secs] 
237.098: Total time for which application threads were stopped: 0.0059310 seconds, Stopping threads took: 0.0000700 seconds
237.466: Application time: 0.3678540 seconds
237.466: [GC [PSYoungGen: 101659K->13921K(102400K)] 246896K->163465K(335360K), 0.0054190 secs] [Times: user=0.04 sys=0.00, real=0.00 secs] 
237.472: Total time for which application threads were stopped: 0.0056030 seconds, Stopping threads took: 0.0000870 seconds
237.807: Application time: 0.3347580 seconds
237.807: [GC [PSYoungGen: 101622K->13906K(102400K)] 251165K->169862K(335360K), 0.0060050 secs] [Times: user=0.04 sys=0.00, real=0.00 secs] 
237.813: Total time for which application threads were stopped: 0.0061710 seconds, Stopping threads took: 0.0000830 seconds
238.118: Application time: 0.3050530 seconds
238.118: [GC [PSYoungGen: 101582K->13922K(102400K)] 257538K->175619K(335360K), 0.0058320 secs] [Times: user=0.05 sys=0.00, real=0.01 secs] 
238.124: Total time for which application threads were stopped: 0.0059960 seconds, Stopping threads took: 0.0000700 seconds
238.419: Application time: 0.2952170 seconds
238.419: [GC [PSYoungGen: 101591K->13890K(102400K)] 263288K->178477K(335360K), 0.0050350 secs] [Times: user=0.04 sys=0.00, real=0.01 secs] 
238.424: Total time for which application threads were stopped: 0.0052050 seconds, Stopping threads took: 0.0000840 seconds
238.716: Application time: 0.2914440 seconds
238.716: [GC [PSYoungGen: 101586K->13890K(102400K)] 266173K->183465K(335360K), 0.0055790 secs] [Times: user=0.04 sys=0.00, real=0.00 secs] 
238.722: Total time for which application threads were stopped: 0.0057660 seconds, Stopping threads took: 0.0000900 seconds
238.818: Application time: 0.0963250 seconds
238.818: [GC [PSYoungGen: 101599K->13922K(102400K)] 271174K->187060K(335360K), 0.0053480 secs] [Times: user=0.05 sys=0.00, real=0.01 secs] 
238.823: Total time for which application threads were stopped: 0.0055390 seconds, Stopping threads took: 0.0001040 seconds
238.911: Application time: 0.0871840 seconds
238.911: [GC [PSYoungGen: 101623K->13874K(102400K)] 274760K->189910K(335360K), 0.0051670 secs] [Times: user=0.04 sys=0.00, real=0.01 secs] 
238.916: Total time for which application threads were stopped: 0.0053310 seconds, Stopping threads took: 0.0000780 seconds
239.224: Application time: 0.3077420 seconds
239.224: [GC [PSYoungGen: 101536K->13826K(102400K)] 277572K->194850K(335360K), 0.0056030 secs] [Times: user=0.04 sys=0.00, real=0.00 secs] 
239.229: Total time for which application threads were stopped: 0.0057780 seconds, Stopping threads took: 0.0000810 seconds
239.284: Application time: 0.0549530 seconds
239.285: [GC [PSYoungGen: 101529K->13858K(102400K)] 282553K->197781K(335360K), 0.0052070 secs] [Times: user=0.04 sys=0.00, real=0.00 secs] 
239.290: Total time for which application threads were stopped: 0.0053960 seconds, Stopping threads took: 0.0001000 seconds
239.423: Application time: 0.1329380 seconds
239.423: [GC [PSYoungGen: 101550K->13890K(102400K)] 285473K->200663K(335360K), 0.0050400 secs] [Times: user=0.04 sys=0.00, real=0.01 secs] 
239.428: Total time for which application threads were stopped: 0.0051930 seconds, Stopping threads took: 0.0000650 seconds
239.543: Application time: 0.1148420 seconds
239.543: [GC [PSYoungGen: 101763K->13938K(102400K)] 288536K->202176K(335360K), 0.0047760 secs] [Times: user=0.03 sys=0.00, real=0.01 secs] 
239.548: Total time for which application threads were stopped: 0.0049410 seconds, Stopping threads took: 0.0000830 seconds
239.574: Application time: 0.0262620 seconds
239.574: [GC [PSYoungGen: 101486K->13922K(102400K)] 289723K->204297K(335360K), 0.0050270 secs] [Times: user=0.04 sys=0.00, real=0.01 secs] 
239.579: Total time for which application threads were stopped: 0.0052130 seconds, Stopping threads took: 0.0000970 seconds
239.609: Application time: 0.0302720 seconds
239.610: [GC [PSYoungGen: 101610K->13890K(102400K)] 291985K->205739K(335360K), 0.0049490 secs] [Times: user=0.04 sys=0.00, real=0.00 secs] 
239.615: Total time for which application threads were stopped: 0.0051250 seconds, Stopping threads took: 0.0000890 seconds
239.811: Application time: 0.1958870 seconds
239.811: [GC [PSYoungGen: 101604K->13922K(102400K)] 293452K->210758K(335360K), 0.0057870 secs] [Times: user=0.04 sys=0.00, real=0.01 secs] 
239.816: Total time for which application threads were stopped: 0.0059660 seconds, Stopping threads took: 0.0000830 seconds
239.852: Application time: 0.0355250 seconds
239.852: [GC [PSYoungGen: 101599K->13810K(102400K)] 298435K->212784K(335360K), 0.0050210 secs] [Times: user=0.03 sys=0.00, real=0.01 secs] 
239.857: Total time for which application threads were stopped: 0.0051910 seconds, Stopping threads took: 0.0000860 seconds
239.943: Application time: 0.0859920 seconds
239.943: [GC [PSYoungGen: 101520K->13858K(102400K)] 300494K->217819K(335360K), 0.0058530 secs] [Times: user=0.05 sys=0.00, real=0.00 secs] 
239.949: Total time for which application threads were stopped: 0.0060390 seconds, Stopping threads took: 0.0000950 seconds
239.980: Application time: 0.0304290 seconds
239.980: [GC [PSYoungGen: 101536K->13954K(102400K)] 305498K->218628K(335360K), 0.0046700 secs] [Times: user=0.03 sys=0.00, real=0.01 secs] 
239.984: Total time for which application threads were stopped: 0.0048260 seconds, Stopping threads took: 0.0000700 seconds
240.323: Application time: 0.3385580 seconds
240.323: [GC [PSYoungGen: 101537K->13985K(102400K)] 306211K->220084K(335360K), 0.0045990 secs] [Times: user=0.04 sys=0.00, real=0.01 secs] 
240.328: Total time for which application threads were stopped: 0.0047580 seconds, Stopping threads took: 0.0000660 seconds
240.365: Application time: 0.0371630 seconds
240.365: [GC [PSYoungGen: 101783K->13825K(102400K)] 307882K->222775K(335360K), 0.0053090 secs] [Times: user=0.04 sys=0.00, real=0.00 secs] 
240.370: Total time for which application threads were stopped: 0.0054900 seconds, Stopping threads took: 0.0000930 seconds
240.522: Application time: 0.1513210 seconds
240.522: [GC [PSYoungGen: 101554K->13969K(102400K)] 310503K->227193K(335360K), 0.0056430 secs] [Times: user=0.03 sys=0.00, real=0.01 secs] 
240.528: Total time for which application threads were stopped: 0.0058000 seconds, Stopping threads took: 0.0000730 seconds
240.564: Application time: 0.0367400 seconds
240.564: [GC [PSYoungGen: 101642K->13954K(102400K)] 314866K->227218K(335360K), 0.0045360 secs] [Times: user=0.04 sys=0.00, real=0.00 secs] 
240.569: Total time for which application threads were stopped: 0.0047150 seconds, Stopping threads took: 0.0000920 seconds
240.796: Application time: 0.2265160 seconds
240.796: [GC [PSYoungGen: 101643K->13985K(102400K)] 314907K->231525K(335360K), 0.0054870 secs] [Times: user=0.04 sys=0.00, real=0.00 secs] 
240.801: Total time for which application threads were stopped: 0.0056240 seconds, Stopping threads took: 0.0000550 seconds
241.176: Application time: 0.3750510 seconds
241.176: [GC [PSYoungGen: 101658K->13985K(102400K)] 319198K->236512K(335360K), 0.0055950 secs] [Times: user=0.04 sys=0.00, real=0.00 secs] 
241.182: Total time for which application threads were stopped: 0.0057670 seconds, Stopping threads took: 0.0000750 seconds
241.514: Application time: 0.3315970 seconds
241.514: [GC [PSYoungGen: 101668K->13970K(102400K)] 324194K->241524K(335360K), 0.0057070 secs] [Times: user=0.04 sys=0.01, real=0.01 secs] 
241.519: [Full GC [PSYoungGen: 13970K->0K(102400K)] [ParOldGen: 227554K->28379K(232960K)] 241524K->28379K(335360K) [PSPermGen: 6131K->6131K(21504K)], 0.0116250 secs] [Times: user=0.06 sys=0.00, real=0.01 secs] 
241.531: Total time for which application threads were stopped: 0.0175400 seconds, Stopping threads took: 0.0000680 seconds
241.838: Application time: 0.3070820 seconds
241.838: [GC [PSYoungGen: 87693K->13730K(102400K)] 116072K->47097K(335360K), 0.0054480 secs] [Times: user=0.04 sys=0.00, real=0.01 secs] 
241.844: Total time for which application threads were stopped: 0.0056230 seconds, Stopping threads took: 0.0000800 seconds
242.145: Application time: 0.3008880 seconds
242.145: [GC [PSYoungGen: 101399K->13762K(102400K)] 134767K->49980K(335360K), 0.0049150 secs] [Times: user=0.04 sys=0.00, real=0.00 secs] 
242.150: Total time for which application threads were stopped: 0.0050870 seconds, Stopping threads took: 0.0000850 seconds
242.442: Application time: 0.2919190 seconds
242.442: [GC [PSYoungGen: 101458K->13794K(102400K)] 137676K->54287K(335360K), 0.0053100 secs] [Times: user=0.04 sys=0.00, real=0.01 secs] 
242.447: Total time for which application threads were stopped: 0.0054700 seconds, Stopping threads took: 0.0000680 seconds
242.576: Application time: 0.1288590 seconds
242.576: [GC [PSYoungGen: 101497K->13794K(102400K)] 141990K->59275K(335360K), 0.0056880 secs] [Times: user=0.05 sys=0.00, real=0.00 secs] 
242.582: Total time for which application threads were stopped: 0.0058750 seconds, Stopping threads took: 0.0001010 seconds
242.636: Application time: 0.0543030 seconds
242.636: [GC [PSYoungGen: 101502K->13826K(102400K)] 146983K->60020K(335360K), 0.0043580 secs] [Times: user=0.03 sys=0.00, real=0.00 secs] 
242.641: Total time for which application threads were stopped: 0.0045070 seconds, Stopping threads took: 0.0000650 seconds
242.952: Application time: 0.3111190 seconds
242.952: [GC [PSYoungGen: 101488K->13826K(102400K)] 147681K->64295K(335360K), 0.0053380 secs] [Times: user=0.04 sys=0.00, real=0.01 secs] 
242.957: Total time for which application threads were stopped: 0.0054950 seconds, Stopping threads took: 0.0000630 seconds
243.088: Application time: 0.1310550 seconds
243.089: [GC [PSYoungGen: 101543K->13826K(102400K)] 152013K->67146K(335360K), 0.0049210 secs] [Times: user=0.04 sys=0.00, real=0.00 secs] 
243.094: Total time for which application threads were stopped: 0.0051090 seconds, Stopping threads took: 0.0001010 seconds
243.156: Application time: 0.0629220 seconds
243.157: [GC [PSYoungGen: 101512K->13826K(102400K)] 154832K->69996K(335360K), 0.0049010 secs] [Times: user=0.03 sys=0.00, real=0.00 secs] 
243.162: Total time for which application threads were stopped: 0.0050540 seconds, Stopping threads took: 0.0000670 seconds
243.231: Application time: 0.0693060 seconds
243.231: [GC [PSYoungGen: 101532K->13858K(102400K)] 157702K->72165K(335360K), 0.0049710 secs] [Times: user=0.04 sys=0.00, real=0.01 secs] 
243.236: Total time for which application threads were stopped: 0.0052050 seconds, Stopping threads took: 0.0001390 seconds
243.380: Application time: 0.1440890 seconds
243.380: [GC [PSYoungGen: 101550K->13826K(102400K)] 159857K->74983K(335360K), 0.0048910 secs] [Times: user=0.03 sys=0.00, real=0.01 secs] 
243.385: Total time for which application threads were stopped: 0.0050460 seconds, Stopping threads took: 0.0000730 seconds
243.450: Application time: 0.0646810 seconds
243.450: [GC [PSYoungGen: 101534K->13922K(102400K)] 162692K->78642K(335360K), 0.0053460 secs] [Times: user=0.04 sys=0.00, real=0.01 secs] 
243.455: Total time for which application threads were stopped: 0.0055440 seconds, Stopping threads took: 0.0001090 seconds
243.569: Application time: 0.1139540 seconds
243.570: [GC [PSYoungGen: 101613K->13890K(102400K)] 166334K->82172K(335360K), 0.0052060 secs] [Times: user=0.04 sys=0.00, real=0.00 secs] 
243.575: Total time for which application threads were stopped: 0.0053800 seconds, Stopping threads took: 0.0000740 seconds
243.690: Application time: 0.1148500 seconds
243.690: [GC [PSYoungGen: 101597K->13954K(102400K)] 169880K->85086K(335360K), 0.0051000 secs] [Times: user=0.03 sys=0.00, real=0.00 secs] 
243.695: Total time for which application threads were stopped: 0.0052610 seconds, Stopping threads took: 0.0000710 seconds
243.732: Application time: 0.0374240 seconds
243.732: [GC [PSYoungGen: 101665K->13922K(102400K)] 172798K->86479K(335360K), 0.0048540 secs] [Times: user=0.04 sys=0.00, real=0.01 secs] 
243.737: Total time for which application threads were stopped: 0.0050120 seconds, Stopping threads took: 0.0000690 seconds
243.771: Application time: 0.0335160 seconds
243.771: [GC [PSYoungGen: 101599K->13906K(102400K)] 174157K->87176K(335360K), 0.0045890 secs] [Times: user=0.03 sys=0.00, real=0.01 secs] 
243.776: Total time for which application threads were stopped: 0.0047700 seconds, Stopping threads took: 0.0000950 seconds
244.037: Application time: 0.2610130 seconds
244.037: [GC [PSYoungGen: 101580K->13969K(102400K)] 174850K->90090K(335360K), 0.0050200 secs] [Times: user=0.04 sys=0.00, real=0.00 secs] 
244.042: Total time for which application threads were stopped: 0.0051700 seconds, Stopping threads took: 0.0000660 seconds
244.138: Application time: 0.0958800 seconds
244.138: [GC [PSYoungGen: 101682K->13985K(102400K)] 177803K->93668K(335360K), 0.0053740 secs] [Times: user=0.05 sys=0.00, real=0.01 secs] 
244.143: Total time for which application threads were stopped: 0.0055620 seconds, Stopping threads took: 0.0000910 seconds
244.266: Application time: 0.1231920 seconds
244.267: [GC [PSYoungGen: 101669K->13985K(102400K)] 181351K->97951K(335360K), 0.0053300 secs] [Times: user=0.04 sys=0.00, real=0.00 secs] 
244.272: Total time for which application threads were stopped: 0.0054850 seconds, Stopping threads took: 0.0000680 seconds
244.330: Application time: 0.0580410 seconds
244.330: [GC [PSYoungGen: 101698K->14001K(102400K)] 185664K->100858K(335360K), 0.0052180 secs] [Times: user=0.04 sys=0.00, real=0.01 secs] 
244.335: Total time for which application threads were stopped: 0.0053880 seconds, Stopping threads took: 0.0000830 seconds
244.492: Application time: 0.1563150 seconds
244.492: [GC [PSYoungGen: 101692K->13873K(102400K)] 188548K->105005K(335360K), 0.0053750 secs] [Times: user=0.04 sys=0.00, real=0.01 secs] 
244.497: Total time for which application threads were stopped: 0.0055400 seconds, Stopping threads took: 0.0000810 seconds
244.873: Application time: 0.3757760 seconds
244.873: [GC [PSYoungGen: 101546K->13921K(102400K)] 192677K->109328K(335360K), 0.0053940 secs] [Times: user=0.03 sys=0.00, real=0.01 secs] 
244.879: Total time for which application threads were stopped: 0.0055520 seconds, Stopping threads took: 0.0000590 seconds
245.229: Application time: 0.3503120 seconds
245.229: [GC [PSYoungGen: 101610K->13954K(102400K)] 197016K->114380K(335360K), 0.0054310 secs] [Times: user=0.04 sys=0.00, real=0.00 secs] 
245.234: Total time for which application threads were stopped: 0.0056000 seconds, Stopping threads took: 0.0000800 seconds
245.528: Application time: 0.2940020 seconds
245.529: [GC [PSYoungGen: 101639K->13922K(102400K)] 202065K->120048K(335360K), 0.0057100 secs] [Times: user=0.04 sys=0.00, real=0.00 secs] 
245.534: Total time for which application threads were stopped: 0.0058750 seconds, Stopping threads took: 0.0000690 seconds
245.841: Application time: 0.3067780 seconds
245.841: [GC [PSYoungGen: 101600K->13922K(102400K)] 207726K->124364K(335360K), 0.0054090 secs] [Times: user=0.04 sys=0.00, real=0.01 secs] 
245.847: Total time for which application threads were stopped: 0.0055770 seconds, Stopping threads took: 0.0000820 seconds
246.158: Application time: 0.3112260 seconds
246.158: [GC [PSYoungGen: 101600K->13906K(102400K)] 212042K->127198K(335360K), 0.0048660 secs] [Times: user=0.04 sys=0.00, real=0.01 secs] 
246.163: Total time for which application threads were stopped: 0.0053220 seconds, Stopping threads took: 0.0003550 seconds
246.306: Application time: 0.1427540 seconds
246.306: [GC [PSYoungGen: 101623K->13858K(102400K)] 214915K->132186K(335360K), 0.0057820 secs] [Times: user=0.04 sys=0.00, real=0.00 secs] 
246.312: Total time for which application threads were stopped: 0.0059600 seconds, Stopping threads took: 0.0000910 seconds
246.341: Application time: 0.0292580 seconds
246.341: [GC [PSYoungGen: 101536K->13922K(102400K)] 219864K->134388K(335360K), 0.0050140 secs] [Times: user=0.04 sys=0.00, real=0.01 secs] 
246.346: Total time for which application threads were stopped: 0.0051980 seconds, Stopping threads took: 0.0000930 seconds
246.627: Application time: 0.2809840 seconds
246.628: [GC [PSYoungGen: 101609K->13890K(102400K)] 222074K->138671K(335360K), 0.0054560 secs] [Times: user=0.04 sys=0.00, real=0.00 secs] 
246.633: Total time for which application threads were stopped: 0.0056220 seconds, Stopping threads took: 0.0000800 seconds
246.744: Application time: 0.1110340 seconds
246.744: [GC [PSYoungGen: 101599K->13794K(102400K)] 226380K->142178K(335360K), 0.0053960 secs] [Times: user=0.04 sys=0.00, real=0.00 secs] 
246.750: Total time for which application threads were stopped: 0.0055620 seconds, Stopping threads took: 0.0000660 seconds
246.828: Application time: 0.0788390 seconds
246.829: [GC [PSYoungGen: 101306K->13922K(102400K)] 229689K->143018K(335360K), 0.0043790 secs] [Times: user=0.03 sys=0.00, real=0.00 secs] 
246.833: Total time for which application threads were stopped: 0.0045490 seconds, Stopping threads took: 0.0000800 seconds
246.874: Application time: 0.0410260 seconds
246.874: [GC [PSYoungGen: 101805K->13906K(102400K)] 230902K->145853K(335360K), 0.0051780 secs] [Times: user=0.04 sys=0.00, real=0.01 secs] 
246.879: Total time for which application threads were stopped: 0.0053550 seconds, Stopping threads took: 0.0000890 seconds
247.051: Application time: 0.1718680 seconds
247.051: [GC [PSYoungGen: 101598K->13890K(102400K)] 233544K->149439K(335360K), 0.0051580 secs] [Times: user=0.04 sys=0.00, real=0.01 secs] 
247.057: Total time for which application threads were stopped: 0.0053070 seconds, Stopping threads took: 0.0000650 seconds
247.223: Application time: 0.1664650 seconds
247.223: [GC [PSYoungGen: 101595K->13826K(102400K)] 237144K->154363K(335360K), 0.0057860 secs] [Times: user=0.05 sys=0.00, real=0.00 secs] 
247.229: Total time for which application threads were stopped: 0.0059790 seconds, Stopping threads took: 0.0000970 seconds
247.259: Application time: 0.0300140 seconds
247.259: [GC [PSYoungGen: 101501K->13890K(102400K)] 242038K->156605K(335360K), 0.0050070 secs] [Times: user=0.04 sys=0.00, real=0.01 secs] 
247.264: Total time for which application threads were stopped: 0.0052250 seconds, Stopping threads took: 0.0001170 seconds
247.396: Application time: 0.1317110 seconds
247.396: [GC [PSYoungGen: 101607K->13922K(102400K)] 244322K->160199K(335360K), 0.0052490 secs] [Times: user=0.04 sys=0.00, real=0.00 secs] 
247.401: Total time for which application threads were stopped: 0.0054480 seconds, Stopping threads took: 0.0001110 seconds
247.482: Application time: 0.0802970 seconds
247.482: [GC [PSYoungGen: 101386K->13970K(102400K)] 247663K->160247K(335360K), 0.0042230 secs] [Times: user=0.03 sys=0.00, real=0.01 secs] 
247.486: Total time for which application threads were stopped: 0.0043790 seconds, Stopping threads took: 0.0000720 seconds
247.529: Application time: 0.0430300 seconds
247.529: [GC [PSYoungGen: 101892K->13970K(102400K)] 248170K->164522K(335360K), 0.0055110 secs] [Times: user=0.03 sys=0.00, real=0.00 secs] 
247.535: Total time for which application threads were stopped: 0.0056820 seconds, Stopping threads took: 0.0000880 seconds
247.705: Application time: 0.1696780 seconds
247.705: [GC [PSYoungGen: 101657K->13953K(102400K)] 252210K->168069K(335360K), 0.0052230 secs] [Times: user=0.04 sys=0.00, real=0.00 secs] 
247.710: Total time for which application threads were stopped: 0.0053900 seconds, Stopping threads took: 0.0000830 seconds
247.947: Application time: 0.2367840 seconds
247.947: [GC [PSYoungGen: 101659K->13985K(102400K)] 255774K->173801K(335360K), 0.0060380 secs] [Times: user=0.04 sys=0.00, real=0.00 secs] 
247.953: Total time for which application threads were stopped: 0.0062330 seconds, Stopping threads took: 0.0000960 seconds
247.983: Application time: 0.0297820 seconds
247.983: [GC [PSYoungGen: 101660K->13970K(102400K)] 261475K->175923K(335360K), 0.0050280 secs] [Times: user=0.04 sys=0.00, real=0.01 secs] 
247.988: Total time for which application threads were stopped: 0.0052170 seconds, Stopping threads took: 0.0001000 seconds
248.079: Application time: 0.0914850 seconds
248.080: [GC [PSYoungGen: 101685K->13985K(102400K)] 263638K->179541K(335360K), 0.0052450 secs] [Times: user=0.04 sys=0.00, real=0.01 secs] 
248.085: Total time for which application threads were stopped: 0.0054180 seconds, Stopping threads took: 0.0000890 seconds
248.179: Application time: 0.0939080 seconds
248.179: [GC [PSYoungGen: 101677K->13905K(102400K)] 267232K->183024K(335360K), 0.0052330 secs] [Times: user=0.04 sys=0.00, real=0.01 secs] 
248.184: Total time for which application threads were stopped: 0.0053910 seconds, Stopping threads took: 0.0000700 seconds
248.552: Application time: 0.3678760 seconds
248.552: [GC [PSYoungGen: 101587K->13985K(102400K)] 270705K->188804K(335360K), 0.0058230 secs] [Times: user=0.05 sys=0.00, real=0.01 secs] 
248.558: Total time for which application threads were stopped: 0.0060190 seconds, Stopping threads took: 0.0001030 seconds
248.896: Application time: 0.3375880 seconds
248.896: [GC [PSYoungGen: 101667K->13954K(102400K)] 276485K->193800K(335360K), 0.0055820 secs] [Times: user=0.03 sys=0.00, real=0.00 secs] 
248.901: Total time for which application threads were stopped: 0.0057420 seconds, Stopping threads took: 0.0000770 seconds
249.226: Application time: 0.3244430 seconds
249.226: [GC [PSYoungGen: 101638K->13922K(102400K)] 281484K->198083K(335360K), 0.0052930 secs] [Times: user=0.04 sys=0.00, real=0.00 secs] 
249.231: Total time for which application threads were stopped: 0.0054560 seconds, Stopping threads took: 0.0000650 seconds
249.533: Application time: 0.3019840 seconds
249.533: [GC [PSYoungGen: 101608K->13954K(102400K)] 285769K->202391K(335360K), 0.0054230 secs] [Times: user=0.04 sys=0.00, real=0.01 secs] 
249.539: Total time for which application threads were stopped: 0.0055810 seconds, Stopping threads took: 0.0000750 seconds
249.845: Application time: 0.3059950 seconds
249.845: [GC [PSYoungGen: 101632K->13938K(102400K)] 290068K->206650K(335360K), 0.0054200 secs] [Times: user=0.04 sys=0.00, real=0.00 secs] 
249.850: Total time for which application threads were stopped: 0.0055890 seconds, Stopping threads took: 0.0000760 seconds
250.045: Application time: 0.1940700 seconds
250.045: [GC [PSYoungGen: 101655K->13906K(102400K)] 294367K->212367K(335360K), 0.0060000 secs] [Times: user=0.04 sys=0.00, real=0.00 secs] 
250.051: Total time for which application threads were stopped: 0.0061930 seconds, Stopping threads took: 0.0001020 seconds
250.080: Application time: 0.0295650 seconds
250.080: [GC [PSYoungGen: 101584K->13890K(102400K)] 300044K->214489K(335360K), 0.0050760 secs] [Times: user=0.04 sys=0.00, real=0.01 secs] 
250.086: Total time for which application threads were stopped: 0.0052580 seconds, Stopping threads took: 0.0000880 seconds
250.352: Application time: 0.2663050 seconds
250.352: [GC [PSYoungGen: 101577K->13890K(102400K)] 302175K->219516K(335360K), 0.0057140 secs] [Times: user=0.05 sys=0.00, real=0.01 secs] 
250.358: Total time for which application threads were stopped: 0.0058870 seconds, Stopping threads took: 0.0000730 seconds
250.510: Application time: 0.1523850 seconds
250.510: [GC [PSYoungGen: 101589K->13890K(102400K)] 307215K->221694K(335360K), 0.0049580 secs] [Times: user=0.04 sys=0.00, real=0.01 secs] 
250.515: Total time for which application threads were stopped: 0.0053610 seconds, Stopping threads took: 0.0003170 seconds
250.544: Application time: 0.0290130 seconds
250.547: [GC [PSYoungGen: 101598K->13874K(102400K)] 309402K->223103K(335360K), 0.0049600 secs] [Times: user=0.03 sys=0.00, real=0.00 secs] 
250.552: Total time for which application threads were stopped: 0.0078050 seconds, Stopping threads took: 0.0027520 seconds
250.581: Application time: 0.0291720 seconds
250.582: [GC [PSYoungGen: 101553K->13922K(102400K)] 310782K->223151K(335360K), 0.0044390 secs] [Times: user=0.03 sys=0.00, real=0.01 secs] 
250.586: Total time for which application threads were stopped: 0.0046140 seconds, Stopping threads took: 0.0000880 seconds
250.759: Application time: 0.1729510 seconds
250.759: [GC [PSYoungGen: 101612K->13858K(102400K)] 310841K->226698K(335360K), 0.0053120 secs] [Times: user=0.04 sys=0.00, real=0.01 secs] 
250.765: Total time for which application threads were stopped: 0.0054690 seconds, Stopping threads took: 0.0000750 seconds
250.946: Application time: 0.1816270 seconds
250.946: [GC [PSYoungGen: 101566K->13826K(102400K)] 314406K->232366K(335360K), 0.0059970 secs] [Times: user=0.05 sys=0.00, real=0.00 secs] 
250.952: Total time for which application threads were stopped: 0.0061950 seconds, Stopping threads took: 0.0000950 seconds
250.982: Application time: 0.0298710 seconds
250.982: [GC [PSYoungGen: 101507K->13858K(102400K)] 320048K->233871K(335360K), 0.0048810 secs] [Times: user=0.04 sys=0.00, real=0.01 secs] 
250.987: Total time for which application threads were stopped: 0.0050640 seconds, Stopping threads took: 0.0000920 seconds
251.159: Application time: 0.1716210 seconds
251.159: [GC [PSYoungGen: 101564K->13890K(102400K)] 321578K->238891K(335360K), 0.0057960 secs] [Times: user=0.04 sys=0.00, real=0.01 secs] 
251.165: Total time for which application threads were stopped: 0.0059690 seconds, Stopping threads took: 0.0000830 seconds
251.206: Application time: 0.0407000 seconds
251.206: [GC [PSYoungGen: 101573K->13922K(102400K)] 326574K->239635K(335360K), 0.0045300 secs] [Times: user=0.04 sys=0.00, real=0.00 secs] 
251.210: [Full GC [PSYoungGen: 13922K->0K(102400K)] [ParOldGen: 225713K->27334K(232960K)] 239635K->27334K(335360K) [PSPermGen: 6131K->6131K(21504K)], 0.0139420 secs] [Times: user=0.08 sys=0.00, real=0.02 secs] 
251.224: Total time for which application threads were stopped: 0.0186860 seconds, Stopping threads took: 0.0000700 seconds
251.340: Application time: 0.1153200 seconds
251.340: [GC [PSYoungGen: 87707K->14282K(102400K)] 115041K->43754K(335360K), 0.0049670 secs] [Times: user=0.04 sys=0.00, real=0.01 secs] 
251.345: Total time for which application threads were stopped: 0.0051350 seconds, Stopping threads took: 0.0000840 seconds
251.438: Application time: 0.0932070 seconds
251.438: [GC [PSYoungGen: 101967K->14282K(102400K)] 131439K->45891K(335360K), 0.0048400 secs] [Times: user=0.04 sys=0.00, real=0.00 secs] 
251.443: Total time for which application threads were stopped: 0.0050160 seconds, Stopping threads took: 0.0000860 seconds
251.757: Application time: 0.3145620 seconds
251.758: [GC [PSYoungGen: 101990K->13793K(102400K)] 133599K->51103K(335360K), 0.0058260 secs] [Times: user=0.05 sys=0.00, real=0.01 secs] 
251.763: Total time for which application threads were stopped: 0.0059950 seconds, Stopping threads took: 0.0000750 seconds
251.799: Application time: 0.0357630 seconds
251.799: [GC [PSYoungGen: 101465K->13665K(102400K)] 138774K->52400K(335360K), 0.0046260 secs] [Times: user=0.03 sys=0.00, real=0.01 secs] 
251.804: Total time for which application threads were stopped: 0.0047860 seconds, Stopping threads took: 0.0000750 seconds
251.864: Application time: 0.0599270 seconds
251.864: [GC [PSYoungGen: 101380K->13793K(102400K)] 140114K->56090K(335360K), 0.0052850 secs] [Times: user=0.04 sys=0.00, real=0.00 secs] 
251.869: Total time for which application threads were stopped: 0.0054680 seconds, Stopping threads took: 0.0000950 seconds
251.900: Application time: 0.0300720 seconds
251.900: [GC [PSYoungGen: 101476K->13857K(102400K)] 143773K->58292K(335360K), 0.0049200 secs] [Times: user=0.03 sys=0.00, real=0.01 secs] 
251.905: Total time for which application threads were stopped: 0.0051030 seconds, Stopping threads took: 0.0001000 seconds
252.248: Application time: 0.3435160 seconds
252.248: [GC [PSYoungGen: 101545K->13793K(102400K)] 145980K->63928K(335360K), 0.0056920 secs] [Times: user=0.05 sys=0.00, real=0.00 secs] 
252.254: Total time for which application threads were stopped: 0.0058510 seconds, Stopping threads took: 0.0000710 seconds
252.601: Application time: 0.3474230 seconds
252.602: [GC [PSYoungGen: 101467K->13858K(102400K)] 151602K->68980K(335360K), 0.0055070 secs] [Times: user=0.05 sys=0.00, real=0.01 secs] 
252.607: Total time for which application threads were stopped: 0.0056790 seconds, Stopping threads took: 0.0000720 seconds
252.929: Application time: 0.3215850 seconds
252.929: [GC [PSYoungGen: 101550K->13858K(102400K)] 156672K->75393K(335360K), 0.0059220 secs] [Times: user=0.04 sys=0.00, real=0.00 secs] 
252.935: Total time for which application threads were stopped: 0.0060750 seconds, Stopping threads took: 0.0000650 seconds
253.252: Application time: 0.3173190 seconds
253.252: [GC [PSYoungGen: 101543K->13890K(102400K)] 163079K->78988K(335360K), 0.0051090 secs] [Times: user=0.04 sys=0.00, real=0.01 secs] 
253.257: Total time for which application threads were stopped: 0.0052740 seconds, Stopping threads took: 0.0000680 seconds
253.557: Application time: 0.2996670 seconds
253.557: [GC [PSYoungGen: 101559K->13858K(102400K)] 166657K->83232K(335360K), 0.0053640 secs] [Times: user=0.04 sys=0.00, real=0.00 secs] 
253.563: Total time for which application threads were stopped: 0.0055520 seconds, Stopping threads took: 0.0000990 seconds
253.810: Application time: 0.2473560 seconds
253.810: [GC [PSYoungGen: 101579K->13890K(102400K)] 170952K->88251K(335360K), 0.0057100 secs] [Times: user=0.04 sys=0.00, real=0.01 secs] 
253.816: Total time for which application threads were stopped: 0.0059030 seconds, Stopping threads took: 0.0000930 seconds
253.849: Application time: 0.0331490 seconds
253.849: [GC [PSYoungGen: 101567K->13890K(102400K)] 175929K->90389K(335360K), 0.0049470 secs] [Times: user=0.04 sys=0.00, real=0.00 secs] 
253.854: Total time for which application threads were stopped: 0.0051230 seconds, Stopping threads took: 0.0000900 seconds
254.048: Application time: 0.1940060 seconds
254.048: [GC [PSYoungGen: 101580K->13874K(102400K)] 178079K->93936K(335360K), 0.0051630 secs] [Times: user=0.03 sys=0.00, real=0.00 secs] 
254.053: Total time for which application threads were stopped: 0.0053090 seconds, Stopping threads took: 0.0000600 seconds
254.230: Application time: 0.1768100 seconds
254.230: [GC [PSYoungGen: 101600K->13954K(102400K)] 181662K->96866K(335360K), 0.0050840 secs] [Times: user=0.03 sys=0.00, real=0.01 secs] 
254.236: Total time for which application threads were stopped: 0.0052790 seconds, Stopping threads took: 0.0001040 seconds
254.260: Application time: 0.0243510 seconds
254.260: [GC [PSYoungGen: 101623K->13938K(102400K)] 184535K->97603K(335360K), 0.0045520 secs] [Times: user=0.03 sys=0.00, real=0.01 secs] 
254.265: Total time for which application threads were stopped: 0.0047170 seconds, Stopping threads took: 0.0000780 seconds
254.286: Application time: 0.0215920 seconds
254.287: [GC [PSYoungGen: 101627K->13874K(102400K)] 185292K->98964K(335360K), 0.0047640 secs] [Times: user=0.04 sys=0.00, real=0.00 secs] 
254.291: Total time for which application threads were stopped: 0.0051090 seconds, Stopping threads took: 0.0002610 seconds
254.451: Application time: 0.1596570 seconds
254.451: [GC [PSYoungGen: 101557K->13794K(102400K)] 186647K->101774K(335360K), 0.0050670 secs] [Times: user=0.02 sys=0.00, real=0.01 secs] 
254.456: Total time for which application threads were stopped: 0.0052670 seconds, Stopping threads took: 0.0000980 seconds
254.718: Application time: 0.2622160 seconds
254.719: [GC [PSYoungGen: 101505K->13938K(102400K)] 189485K->106193K(335360K), 0.0055420 secs] [Times: user=0.04 sys=0.00, real=0.01 secs] 
254.724: Total time for which application threads were stopped: 0.0057130 seconds, Stopping threads took: 0.0000860 seconds
254.756: Application time: 0.0315400 seconds
254.756: [GC [PSYoungGen: 101626K->13858K(102400K)] 193881K->107587K(335360K), 0.0047780 secs] [Times: user=0.04 sys=0.00, real=0.00 secs] 
254.761: Total time for which application threads were stopped: 0.0049710 seconds, Stopping threads took: 0.0001070 seconds
254.897: Application time: 0.1359630 seconds
254.897: [GC [PSYoungGen: 101568K->13922K(102400K)] 195296K->111213K(335360K), 0.0051860 secs] [Times: user=0.04 sys=0.00, real=0.00 secs] 
254.902: Total time for which application threads were stopped: 0.0054130 seconds, Stopping threads took: 0.0001420 seconds
254.933: Application time: 0.0307080 seconds
254.933: [GC [PSYoungGen: 101598K->13906K(102400K)] 198889K->113335K(335360K), 0.0049290 secs] [Times: user=0.04 sys=0.00, real=0.01 secs] 
254.938: Total time for which application threads were stopped: 0.0051040 seconds, Stopping threads took: 0.0000900 seconds
255.098: Application time: 0.1601250 seconds
255.098: [GC [PSYoungGen: 101613K->13954K(102400K)] 201041K->117657K(335360K), 0.0055880 secs] [Times: user=0.04 sys=0.00, real=0.01 secs] 
255.104: Total time for which application threads were stopped: 0.0057850 seconds, Stopping threads took: 0.0000940 seconds
255.134: Application time: 0.0300610 seconds
255.134: [GC [PSYoungGen: 101635K->13938K(102400K)] 205339K->119067K(335360K), 0.0048720 secs] [Times: user=0.03 sys=0.00, real=0.01 secs] 
255.139: Total time for which application threads were stopped: 0.0050410 seconds, Stopping threads took: 0.0000830 seconds
255.460: Application time: 0.3207280 seconds
255.460: [GC [PSYoungGen: 101611K->13985K(102400K)] 206740K->123389K(335360K), 0.0053700 secs] [Times: user=0.03 sys=0.01, real=0.01 secs] 
255.465: Total time for which application threads were stopped: 0.0055230 seconds, Stopping threads took: 0.0000690 seconds
255.568: Application time: 0.1024430 seconds
255.568: [GC [PSYoungGen: 101720K->14001K(102400K)] 211124K->126255K(335360K), 0.0052760 secs] [Times: user=0.04 sys=0.00, real=0.00 secs] 
255.573: Total time for which application threads were stopped: 0.0054570 seconds, Stopping threads took: 0.0000910 seconds
255.597: Application time: 0.0237970 seconds
255.597: [GC [PSYoungGen: 101673K->13970K(102400K)] 213927K->129122K(335360K), 0.0052020 secs] [Times: user=0.04 sys=0.00, real=0.00 secs] 
255.602: Total time for which application threads were stopped: 0.0054320 seconds, Stopping threads took: 0.0001420 seconds
255.624: Application time: 0.0214730 seconds
255.624: [GC [PSYoungGen: 101654K->13922K(102400K)] 216806K->129074K(335360K), 0.0043490 secs] [Times: user=0.03 sys=0.00, real=0.00 secs] 
255.628: Total time for which application threads were stopped: 0.0045070 seconds, Stopping threads took: 0.0000640 seconds
255.952: Application time: 0.3239150 seconds
255.952: [GC [PSYoungGen: 101612K->13985K(102400K)] 216764K->134838K(335360K), 0.0057560 secs] [Times: user=0.04 sys=0.00, real=0.01 secs] 
255.958: Total time for which application threads were stopped: 0.0059260 seconds, Stopping threads took: 0.0000850 seconds
256.300: Application time: 0.3420040 seconds
256.300: [GC [PSYoungGen: 101667K->13938K(102400K)] 222519K->139141K(335360K), 0.0053720 secs] [Times: user=0.04 sys=0.00, real=0.01 secs] 
256.306: Total time for which application threads were stopped: 0.0055460 seconds, Stopping threads took: 0.0000670 seconds
256.625: Application time: 0.3188370 seconds
256.625: [GC [PSYoungGen: 101621K->13922K(102400K)] 226825K->142688K(335360K), 0.0052030 secs] [Times: user=0.04 sys=0.00, real=0.00 secs] 
256.630: Total time for which application threads were stopped: 0.0053730 seconds, Stopping threads took: 0.0000850 seconds
256.950: Application time: 0.3205560 seconds
256.951: [GC [PSYoungGen: 101608K->13922K(102400K)] 230374K->146251K(335360K), 0.0051890 secs] [Times: user=0.04 sys=0.00, real=0.01 secs] 
256.956: Total time for which application threads were stopped: 0.0053680 seconds, Stopping threads took: 0.0000840 seconds
257.272: Application time: 0.3159710 seconds
257.272: [GC [PSYoungGen: 101600K->13858K(102400K)] 233929K->151887K(335360K), 0.0058300 secs] [Times: user=0.04 sys=0.00, real=0.01 secs] 
257.278: Total time for which application threads were stopped: 0.0059960 seconds, Stopping threads took: 0.0000800 seconds
257.567: Application time: 0.2891460 seconds
257.567: [GC [PSYoungGen: 101545K->13906K(102400K)] 239574K->156963K(335360K), 0.0056820 secs] [Times: user=0.04 sys=0.00, real=0.00 secs] 
257.573: Total time for which application threads were stopped: 0.0058610 seconds, Stopping threads took: 0.0000800 seconds
257.655: Application time: 0.0822780 seconds
257.655: [GC [PSYoungGen: 101623K->13922K(102400K)] 244680K->161255K(335360K), 0.0056180 secs] [Times: user=0.04 sys=0.00, real=0.00 secs] 
257.661: Total time for which application threads were stopped: 0.0057920 seconds, Stopping threads took: 0.0000790 seconds
257.761: Application time: 0.1000490 seconds
257.761: [GC [PSYoungGen: 101607K->13874K(102400K)] 248939K->164113K(335360K), 0.0049640 secs] [Times: user=0.03 sys=0.00, real=0.01 secs] 
257.766: Total time for which application threads were stopped: 0.0051270 seconds, Stopping threads took: 0.0000760 seconds
257.909: Application time: 0.1429160 seconds
257.909: [GC [PSYoungGen: 101585K->13890K(102400K)] 251824K->168404K(335360K), 0.0056100 secs] [Times: user=0.04 sys=0.00, real=0.00 secs] 
257.915: Total time for which application threads were stopped: 0.0057920 seconds, Stopping threads took: 0.0000940 seconds
257.945: Application time: 0.0302110 seconds
257.945: [GC [PSYoungGen: 101572K->13890K(102400K)] 256086K->169157K(335360K), 0.0045250 secs] [Times: user=0.03 sys=0.00, real=0.00 secs] 
257.950: Total time for which application threads were stopped: 0.0046990 seconds, Stopping threads took: 0.0000860 seconds
258.064: Application time: 0.1141870 seconds
258.064: [GC [PSYoungGen: 101607K->13906K(102400K)] 256873K->172735K(335360K), 0.0053240 secs] [Times: user=0.03 sys=0.00, real=0.00 secs] 
258.069: Total time for which application threads were stopped: 0.0055110 seconds, Stopping threads took: 0.0000970 seconds
258.172: Application time: 0.1026760 seconds
258.172: [GC [PSYoungGen: 101591K->13922K(102400K)] 260420K->175601K(335360K), 0.0050410 secs] [Times: user=0.04 sys=0.00, real=0.01 secs] 
258.177: Total time for which application threads were stopped: 0.0052230 seconds, Stopping threads took: 0.0000850 seconds
258.502: Application time: 0.3252130 seconds
258.503: [GC [PSYoungGen: 101599K->13858K(102400K)] 263278K->179176K(335360K), 0.0052470 secs] [Times: user=0.04 sys=0.00, real=0.01 secs] 
258.508: Total time for which application threads were stopped: 0.0054070 seconds, Stopping threads took: 0.0000710 seconds
258.553: Application time: 0.0449760 seconds
258.553: [GC [PSYoungGen: 101564K->13906K(102400K)] 266882K->182074K(335360K), 0.0051650 secs] [Times: user=0.04 sys=0.00, real=0.01 secs] 
258.558: Total time for which application threads were stopped: 0.0053330 seconds, Stopping threads took: 0.0000810 seconds
258.623: Application time: 0.0646650 seconds
258.623: [GC [PSYoungGen: 101625K->13906K(102400K)] 269793K->183499K(335360K), 0.0048440 secs] [Times: user=0.03 sys=0.00, real=0.01 secs] 
258.628: Total time for which application threads were stopped: 0.0050390 seconds, Stopping threads took: 0.0001070 seconds
258.658: Application time: 0.0305720 seconds
258.659: [GC [PSYoungGen: 101588K->13922K(102400K)] 271181K->186366K(335360K), 0.0052620 secs] [Times: user=0.04 sys=0.00, real=0.01 secs] 
258.664: Total time for which application threads were stopped: 0.0054420 seconds, Stopping threads took: 0.0000950 seconds
258.824: Application time: 0.1599880 seconds
258.824: [GC [PSYoungGen: 101629K->13954K(102400K)] 274073K->189247K(335360K), 0.0051440 secs] [Times: user=0.04 sys=0.00, real=0.00 secs] 
258.830: Total time for which application threads were stopped: 0.0055990 seconds, Stopping threads took: 0.0003570 seconds
258.861: Application time: 0.0310720 seconds
258.861: [GC [PSYoungGen: 101632K->13938K(102400K)] 276926K->191369K(335360K), 0.0050690 secs] [Times: user=0.04 sys=0.00, real=0.01 secs] 
258.866: Total time for which application threads were stopped: 0.0052400 seconds, Stopping threads took: 0.0000830 seconds
259.164: Application time: 0.2983210 seconds
259.164: [GC [PSYoungGen: 101612K->13953K(102400K)] 279043K->195660K(335360K), 0.0054640 secs] [Times: user=0.04 sys=0.00, real=0.00 secs] 
259.170: Total time for which application threads were stopped: 0.0056090 seconds, Stopping threads took: 0.0000600 seconds
259.330: Application time: 0.1598590 seconds
259.330: [GC [PSYoungGen: 101654K->13889K(102400K)] 283360K->199158K(335360K), 0.0054430 secs] [Times: user=0.04 sys=0.00, real=0.01 secs] 
259.335: Total time for which application threads were stopped: 0.0056280 seconds, Stopping threads took: 0.0000860 seconds
259.393: Application time: 0.0577500 seconds
259.393: [GC [PSYoungGen: 101613K->14017K(102400K)] 286882K->199999K(335360K), 0.0044400 secs] [Times: user=0.04 sys=0.00, real=0.01 secs] 
259.398: Total time for which application threads were stopped: 0.0049550 seconds, Stopping threads took: 0.0004300 seconds
259.434: Application time: 0.0360030 seconds
259.434: [GC [PSYoungGen: 101686K->13826K(102400K)] 287668K->203418K(335360K), 0.0055240 secs] [Times: user=0.04 sys=0.00, real=0.01 secs] 
259.440: Total time for which application threads were stopped: 0.0057150 seconds, Stopping threads took: 0.0001050 seconds
259.652: Application time: 0.2120150 seconds
259.652: [GC [PSYoungGen: 101531K->13969K(102400K)] 291123K->207124K(335360K), 0.0052130 secs] [Times: user=0.04 sys=0.00, real=0.01 secs] 
259.657: Total time for which application threads were stopped: 0.0054470 seconds, Stopping threads took: 0.0001480 seconds
260.000: Application time: 0.3426370 seconds
260.000: [GC [PSYoungGen: 101652K->13922K(102400K)] 294806K->213537K(335360K), 0.0060400 secs] [Times: user=0.05 sys=0.00, real=0.01 secs] 
260.006: Total time for which application threads were stopped: 0.0061960 seconds, Stopping threads took: 0.0000620 seconds
260.337: Application time: 0.3314890 seconds
260.338: [GC [PSYoungGen: 101594K->13954K(102400K)] 301210K->217132K(335360K), 0.0052370 secs] [Times: user=0.04 sys=0.00, real=0.00 secs] 
260.343: Total time for which application threads were stopped: 0.0053920 seconds, Stopping threads took: 0.0000710 seconds
260.648: Application time: 0.3050180 seconds
260.648: [GC [PSYoungGen: 101648K->13906K(102400K)] 304826K->222112K(335360K), 0.0056860 secs] [Times: user=0.04 sys=0.00, real=0.00 secs] 
260.654: Total time for which application threads were stopped: 0.0058470 seconds, Stopping threads took: 0.0000600 seconds
260.973: Application time: 0.3193890 seconds
260.973: [GC [PSYoungGen: 101584K->13906K(102400K)] 309790K->227812K(335360K), 0.0057830 secs] [Times: user=0.05 sys=0.00, real=0.01 secs] 
260.979: Total time for which application threads were stopped: 0.0059550 seconds, Stopping threads took: 0.0000890 seconds
261.278: Application time: 0.2988590 seconds
261.278: [GC [PSYoungGen: 101584K->13922K(102400K)] 315490K->229966K(335360K), 0.0048540 secs] [Times: user=0.04 sys=0.00, real=0.00 secs] 
261.283: Total time for which application threads were stopped: 0.0050160 seconds, Stopping threads took: 0.0000700 seconds
261.442: Application time: 0.1594040 seconds
261.443: [GC [PSYoungGen: 101640K->13890K(102400K)] 317684K->235682K(335360K), 0.0060610 secs] [Times: user=0.05 sys=0.00, real=0.01 secs] 
261.449: Total time for which application threads were stopped: 0.0062580 seconds, Stopping threads took: 0.0001080 seconds
261.481: Application time: 0.0320280 seconds
261.481: [GC [PSYoungGen: 101571K->13178K(102400K)] 323364K->235010K(335360K), 0.0041020 secs] [Times: user=0.03 sys=0.00, real=0.01 secs] 
261.485: Total time for which application threads were stopped: 0.0042810 seconds, Stopping threads took: 0.0000940 seconds
261.598: Application time: 0.1134600 seconds
261.599: [GC [PSYoungGen: 100886K->13922K(102400K)] 322719K->239317K(335360K), 0.0053150 secs] [Times: user=0.04 sys=0.00, real=0.01 secs] 
261.604: Total time for which application threads were stopped: 0.0055070 seconds, Stopping threads took: 0.0001000 seconds
261.662: Application time: 0.0581040 seconds
261.662: [GC [PSYoungGen: 101614K->13826K(102400K)] 327009K->242112K(335360K), 0.0052050 secs] [Times: user=0.03 sys=0.00, real=0.01 secs] 
261.667: [Full GC [PSYoungGen: 13826K->0K(102400K)] [ParOldGen: 228285K->27336K(232960K)] 242112K->27336K(335360K) [PSPermGen: 6131K->6131K(21504K)], 0.0113920 secs] [Times: user=0.06 sys=0.00, real=0.01 secs] 
261.679: Total time for which application threads were stopped: 0.0168060 seconds, Stopping threads took: 0.0000700 seconds
261.797: Application time: 0.1179780 seconds
261.797: [GC [PSYoungGen: 87706K->14283K(102400K)] 115042K->43044K(335360K), 0.0046690 secs] [Times: user=0.04 sys=0.00, real=0.00 secs] 
261.802: Total time for which application threads were stopped: 0.0048800 seconds, Stopping threads took: 0.0001210 seconds
261.875: Application time: 0.0735200 seconds
261.875: [GC [PSYoungGen: 101968K->14314K(102400K)] 130730K->44501K(335360K), 0.0047160 secs] [Times: user=0.03 sys=0.00, real=0.00 secs] 
261.880: Total time for which application threads were stopped: 0.0048890 seconds, Stopping threads took: 0.0000880 seconds
262.173: Application time: 0.2925540 seconds
262.173: [GC [PSYoungGen: 101989K->14314K(102400K)] 132176K->46678K(335360K), 0.0048830 secs] [Times: user=0.04 sys=0.00, real=0.01 secs] 
262.178: Total time for which application threads were stopped: 0.0050310 seconds, Stopping threads took: 0.0000670 seconds
262.280: Application time: 0.1027760 seconds
262.281: [GC [PSYoungGen: 102023K->13666K(102400K)] 134387K->51018K(335360K), 0.0056790 secs] [Times: user=0.04 sys=0.00, real=0.01 secs] 
262.286: Total time for which application threads were stopped: 0.0058590 seconds, Stopping threads took: 0.0000910 seconds
262.317: Application time: 0.0305230 seconds
262.317: [GC [PSYoungGen: 101375K->13730K(102400K)] 138727K->52507K(335360K), 0.0047080 secs] [Times: user=0.04 sys=0.00, real=0.00 secs] 
262.322: Total time for which application threads were stopped: 0.0048870 seconds, Stopping threads took: 0.0000800 seconds
262.353: Application time: 0.0309950 seconds
262.353: [GC [PSYoungGen: 101414K->13762K(102400K)] 140191K->55389K(335360K), 0.0050340 secs] [Times: user=0.04 sys=0.00, real=0.01 secs] 
262.358: Total time for which application threads were stopped: 0.0052200 seconds, Stopping threads took: 0.0001000 seconds
262.491: Application time: 0.1333140 seconds
262.491: [GC [PSYoungGen: 101481K->13858K(102400K)] 143108K->61185K(335360K), 0.0058800 secs] [Times: user=0.04 sys=0.00, real=0.01 secs] 
262.497: Total time for which application threads were stopped: 0.0060400 seconds, Stopping threads took: 0.0000700 seconds
262.527: Application time: 0.0301420 seconds
262.528: [GC [PSYoungGen: 101533K->13858K(102400K)] 148860K->64035K(335360K), 0.0051080 secs] [Times: user=0.04 sys=0.00, real=0.00 secs] 
262.533: Total time for which application threads were stopped: 0.0052750 seconds, Stopping threads took: 0.0000810 seconds
262.861: Application time: 0.3287490 seconds
262.862: [GC [PSYoungGen: 101540K->13857K(102400K)] 151718K->67598K(335360K), 0.0051520 secs] [Times: user=0.03 sys=0.00, real=0.01 secs] 
262.867: Total time for which application threads were stopped: 0.0053250 seconds, Stopping threads took: 0.0000680 seconds
263.188: Application time: 0.3212130 seconds
263.188: [GC [PSYoungGen: 101521K->13937K(102400K)] 155262K->67678K(335360K), 0.0042350 secs] [Times: user=0.04 sys=0.00, real=0.00 secs] 
263.193: Total time for which application threads were stopped: 0.0046050 seconds, Stopping threads took: 0.0002840 seconds
263.217: Application time: 0.0246370 seconds
263.217: [GC [PSYoungGen: 101681K->13793K(102400K)] 155421K->71096K(335360K), 0.0052830 secs] [Times: user=0.04 sys=0.00, real=0.00 secs] 
263.223: Total time for which application threads were stopped: 0.0055000 seconds, Stopping threads took: 0.0001290 seconds
263.246: Application time: 0.0232880 seconds
263.246: [GC [PSYoungGen: 101470K->13890K(102400K)] 158773K->73330K(335360K), 0.0049790 secs] [Times: user=0.04 sys=0.00, real=0.00 secs] 
263.251: Total time for which application threads were stopped: 0.0053040 seconds, Stopping threads took: 0.0002370 seconds
263.327: Application time: 0.0752500 seconds
263.327: [GC [PSYoungGen: 101583K->13953K(102400K)] 161024K->76956K(335360K), 0.0051780 secs] [Times: user=0.04 sys=0.00, real=0.00 secs] 
263.332: Total time for which application threads were stopped: 0.0053600 seconds, Stopping threads took: 0.0000970 seconds
263.705: Application time: 0.3733930 seconds
263.706: [GC [PSYoungGen: 101635K->13889K(102400K)] 164638K->83305K(335360K), 0.0058860 secs] [Times: user=0.04 sys=0.01, real=0.00 secs] 
263.711: Total time for which application threads were stopped: 0.0060450 seconds, Stopping threads took: 0.0000620 seconds
264.049: Application time: 0.3375600 seconds
264.049: [GC [PSYoungGen: 101556K->13922K(102400K)] 170971K->86900K(335360K), 0.0050940 secs] [Times: user=0.04 sys=0.00, real=0.00 secs] 
264.054: Total time for which application threads were stopped: 0.0052380 seconds, Stopping threads took: 0.0000580 seconds
264.361: Application time: 0.3068520 seconds
264.361: [GC [PSYoungGen: 101632K->13922K(102400K)] 174610K->93321K(335360K), 0.0058750 secs] [Times: user=0.04 sys=0.00, real=0.01 secs] 
264.367: Total time for which application threads were stopped: 0.0060420 seconds, Stopping threads took: 0.0000700 seconds
264.658: Application time: 0.2906290 seconds
264.658: [GC [PSYoungGen: 101600K->13922K(102400K)] 180999K->97605K(335360K), 0.0054030 secs] [Times: user=0.04 sys=0.00, real=0.01 secs] 
264.663: Total time for which application threads were stopped: 0.0055750 seconds, Stopping threads took: 0.0000900 seconds
264.983: Application time: 0.3196380 seconds
264.983: [GC [PSYoungGen: 101584K->13922K(102400K)] 185266K->100463K(335360K), 0.0049880 secs] [Times: user=0.04 sys=0.00, real=0.01 secs] 
264.988: Total time for which application threads were stopped: 0.0051500 seconds, Stopping threads took: 0.0000700 seconds
265.233: Application time: 0.2445620 seconds
265.233: [GC [PSYoungGen: 101661K->13922K(102400K)] 188202K->106916K(335360K), 0.0061010 secs] [Times: user=0.04 sys=0.00, real=0.01 secs] 
265.239: Total time for which application threads were stopped: 0.0062610 seconds, Stopping threads took: 0.0000750 seconds
265.275: Application time: 0.0364540 seconds
265.276: [GC [PSYoungGen: 101598K->13890K(102400K)] 194591K->109062K(335360K), 0.0049460 secs] [Times: user=0.03 sys=0.00, real=0.00 secs] 
265.281: Total time for which application threads were stopped: 0.0051040 seconds, Stopping threads took: 0.0000690 seconds
265.386: Application time: 0.1052970 seconds
265.386: [GC [PSYoungGen: 101603K->13874K(102400K)] 196774K->112608K(335360K), 0.0053690 secs] [Times: user=0.04 sys=0.00, real=0.00 secs] 
265.391: Total time for which application threads were stopped: 0.0055490 seconds, Stopping threads took: 0.0000940 seconds
265.421: Application time: 0.0298950 seconds
265.421: [GC [PSYoungGen: 101550K->13858K(102400K)] 200285K->115483K(335360K), 0.0052490 secs] [Times: user=0.03 sys=0.00, real=0.01 secs] 
265.427: Total time for which application threads were stopped: 0.0054250 seconds, Stopping threads took: 0.0000920 seconds
265.589: Application time: 0.1623450 seconds
265.589: [GC [PSYoungGen: 101563K->13922K(102400K)] 203187K->119109K(335360K), 0.0053990 secs] [Times: user=0.04 sys=0.00, real=0.00 secs] 
265.595: Total time for which application threads were stopped: 0.0055890 seconds, Stopping threads took: 0.0000860 seconds
265.627: Application time: 0.0328000 seconds
265.628: [GC [PSYoungGen: 101600K->13906K(102400K)] 206788K->121231K(335360K), 0.0050140 secs] [Times: user=0.04 sys=0.00, real=0.00 secs] 
265.633: Total time for which application threads were stopped: 0.0051840 seconds, Stopping threads took: 0.0000870 seconds
265.866: Application time: 0.2337800 seconds
265.867: [GC [PSYoungGen: 101581K->13858K(102400K)] 208906K->124814K(335360K), 0.0052390 secs] [Times: user=0.04 sys=0.00, real=0.00 secs] 
265.872: Total time for which application threads were stopped: 0.0054090 seconds, Stopping threads took: 0.0000860 seconds
266.031: Application time: 0.1588360 seconds
266.031: [GC [PSYoungGen: 101601K->13922K(102400K)] 212557K->127728K(335360K), 0.0051380 secs] [Times: user=0.04 sys=0.00, real=0.01 secs] 
266.036: Total time for which application threads were stopped: 0.0056100 seconds, Stopping threads took: 0.0003830 seconds
266.059: Application time: 0.0226420 seconds
266.059: [GC [PSYoungGen: 101596K->13906K(102400K)] 215402K->129137K(335360K), 0.0047770 secs] [Times: user=0.03 sys=0.01, real=0.01 secs] 
266.064: Total time for which application threads were stopped: 0.0053030 seconds, Stopping threads took: 0.0004400 seconds
266.085: Application time: 0.0209490 seconds
266.085: [GC [PSYoungGen: 101585K->13890K(102400K)] 216817K->131972K(335360K), 0.0050390 secs] [Times: user=0.04 sys=0.00, real=0.00 secs] 
266.090: Total time for which application threads were stopped: 0.0052440 seconds, Stopping threads took: 0.0001160 seconds
266.198: Application time: 0.1074820 seconds
266.198: [GC [PSYoungGen: 101609K->13922K(102400K)] 219691K->136991K(335360K), 0.0057840 secs] [Times: user=0.04 sys=0.00, real=0.01 secs] 
266.204: Total time for which application threads were stopped: 0.0059650 seconds, Stopping threads took: 0.0000780 seconds
266.234: Application time: 0.0301250 seconds
266.234: [GC [PSYoungGen: 101605K->13922K(102400K)] 224674K->138416K(335360K), 0.0047380 secs] [Times: user=0.03 sys=0.00, real=0.01 secs] 
266.239: Total time for which application threads were stopped: 0.0048990 seconds, Stopping threads took: 0.0000740 seconds
266.543: Application time: 0.3042400 seconds
266.543: [GC [PSYoungGen: 101602K->13953K(102400K)] 226097K->141298K(335360K), 0.0049650 secs] [Times: user=0.04 sys=0.00, real=0.00 secs] 
266.548: Total time for which application threads were stopped: 0.0051610 seconds, Stopping threads took: 0.0001110 seconds
266.863: Application time: 0.3144230 seconds
266.863: [GC [PSYoungGen: 101644K->13985K(102400K)] 228989K->145605K(335360K), 0.0055880 secs] [Times: user=0.04 sys=0.00, real=0.01 secs] 
266.869: Total time for which application threads were stopped: 0.0057790 seconds, Stopping threads took: 0.0000910 seconds
266.905: Application time: 0.0361720 seconds
266.905: [GC [PSYoungGen: 101660K->13938K(102400K)] 233280K->146270K(335360K), 0.0046720 secs] [Times: user=0.04 sys=0.00, real=0.00 secs] 
266.910: Total time for which application threads were stopped: 0.0048430 seconds, Stopping threads took: 0.0000860 seconds
266.944: Application time: 0.0340870 seconds
266.944: [GC [PSYoungGen: 101653K->13969K(102400K)] 233986K->149904K(335360K), 0.0054340 secs] [Times: user=0.04 sys=0.00, real=0.00 secs] 
266.949: Total time for which application threads were stopped: 0.0056070 seconds, Stopping threads took: 0.0000850 seconds
267.016: Application time: 0.0669950 seconds
267.016: [GC [PSYoungGen: 101667K->13953K(102400K)] 237602K->152026K(335360K), 0.0048240 secs] [Times: user=0.03 sys=0.00, real=0.00 secs] 
267.021: Total time for which application threads were stopped: 0.0049710 seconds, Stopping threads took: 0.0000590 seconds
267.386: Application time: 0.3644810 seconds
267.386: [GC [PSYoungGen: 101634K->13905K(102400K)] 239707K->158439K(335360K), 0.0060170 secs] [Times: user=0.04 sys=0.00, real=0.00 secs] 
267.392: Total time for which application threads were stopped: 0.0061930 seconds, Stopping threads took: 0.0000810 seconds
267.730: Application time: 0.3386170 seconds
267.731: [GC [PSYoungGen: 101572K->13970K(102400K)] 246105K->162778K(335360K), 0.0054330 secs] [Times: user=0.04 sys=0.00, real=0.01 secs] 
267.736: Total time for which application threads were stopped: 0.0056100 seconds, Stopping threads took: 0.0000910 seconds
268.066: Application time: 0.3298560 seconds
268.066: [GC [PSYoungGen: 101670K->13874K(102400K)] 250479K->168423K(335360K), 0.0058140 secs] [Times: user=0.05 sys=0.00, real=0.00 secs] 
268.072: Total time for which application threads were stopped: 0.0059880 seconds, Stopping threads took: 0.0000790 seconds
268.354: Application time: 0.2816870 seconds
268.354: [GC [PSYoungGen: 101552K->13922K(102400K)] 256100K->173459K(335360K), 0.0056460 secs] [Times: user=0.04 sys=0.01, real=0.01 secs] 
268.359: Total time for which application threads were stopped: 0.0058050 seconds, Stopping threads took: 0.0000710 seconds
268.672: Application time: 0.3126900 seconds
268.675: [GC [PSYoungGen: 101592K->13922K(102400K)] 261128K->177021K(335360K), 0.0051560 secs] [Times: user=0.04 sys=0.00, real=0.01 secs] 
268.680: Total time for which application threads were stopped: 0.0078600 seconds, Stopping threads took: 0.0026040 seconds
268.974: Application time: 0.2935620 seconds
268.974: [GC [PSYoungGen: 101626K->13794K(102400K)] 264726K->182686K(335360K), 0.0058160 secs] [Times: user=0.05 sys=0.00, real=0.01 secs] 
268.980: Total time for which application threads were stopped: 0.0059940 seconds, Stopping threads took: 0.0000940 seconds
269.060: Application time: 0.0807610 seconds
269.060: [GC [PSYoungGen: 101502K->13858K(102400K)] 270394K->185600K(335360K), 0.0051850 secs] [Times: user=0.04 sys=0.00, real=0.01 secs] 
269.066: Total time for which application threads were stopped: 0.0053720 seconds, Stopping threads took: 0.0000970 seconds
269.095: Application time: 0.0296570 seconds
269.095: [GC [PSYoungGen: 101572K->13906K(102400K)] 273314K->189211K(335360K), 0.0054400 secs] [Times: user=0.04 sys=0.00, real=0.00 secs] 
269.101: Total time for which application threads were stopped: 0.0056030 seconds, Stopping threads took: 0.0000740 seconds
269.135: Application time: 0.0336170 seconds
269.135: [GC [PSYoungGen: 101584K->13858K(102400K)] 276889K->189924K(335360K), 0.0046500 secs] [Times: user=0.04 sys=0.00, real=0.01 secs] 
269.139: Total time for which application threads were stopped: 0.0048260 seconds, Stopping threads took: 0.0000870 seconds
269.326: Application time: 0.1865270 seconds
269.326: [GC [PSYoungGen: 101561K->13922K(102400K)] 277627K->194263K(335360K), 0.0056300 secs] [Times: user=0.04 sys=0.00, real=0.00 secs] 
269.332: Total time for which application threads were stopped: 0.0058120 seconds, Stopping threads took: 0.0000850 seconds
269.368: Application time: 0.0358870 seconds
269.368: [GC [PSYoungGen: 101600K->13922K(102400K)] 281940K->196401K(335360K), 0.0050180 secs] [Times: user=0.03 sys=0.00, real=0.00 secs] 
269.373: Total time for which application threads were stopped: 0.0051940 seconds, Stopping threads took: 0.0000910 seconds
269.566: Application time: 0.1926770 seconds
269.566: [GC [PSYoungGen: 101595K->13890K(102400K)] 284073K->199971K(335360K), 0.0053060 secs] [Times: user=0.04 sys=0.00, real=0.00 secs] 
269.571: Total time for which application threads were stopped: 0.0054780 seconds, Stopping threads took: 0.0000890 seconds
269.742: Application time: 0.1710910 seconds
269.742: [GC [PSYoungGen: 101609K->13874K(102400K)] 287690K->205656K(335360K), 0.0059510 secs] [Times: user=0.05 sys=0.00, real=0.01 secs] 
269.748: Total time for which application threads were stopped: 0.0061220 seconds, Stopping threads took: 0.0000790 seconds
269.779: Application time: 0.0307900 seconds
269.779: [GC [PSYoungGen: 101551K->13890K(102400K)] 293333K->206424K(335360K), 0.0046280 secs] [Times: user=0.03 sys=0.00, real=0.01 secs] 
269.784: Total time for which application threads were stopped: 0.0048110 seconds, Stopping threads took: 0.0000880 seconds
269.880: Application time: 0.0961570 seconds
269.880: [GC [PSYoungGen: 101606K->13906K(102400K)] 294140K->210003K(335360K), 0.0054060 secs] [Times: user=0.04 sys=0.00, real=0.01 secs] 
269.886: Total time for which application threads were stopped: 0.0055880 seconds, Stopping threads took: 0.0000840 seconds
269.957: Application time: 0.0716700 seconds
269.957: [GC [PSYoungGen: 101624K->13954K(102400K)] 297721K->211476K(335360K), 0.0047510 secs] [Times: user=0.03 sys=0.00, real=0.00 secs] 
269.962: Total time for which application threads were stopped: 0.0049120 seconds, Stopping threads took: 0.0000760 seconds
269.998: Application time: 0.0361280 seconds
269.998: [GC [PSYoungGen: 101630K->13938K(102400K)] 299152K->214310K(335360K), 0.0052980 secs] [Times: user=0.04 sys=0.00, real=0.01 secs] 
270.004: Total time for which application threads were stopped: 0.0054690 seconds, Stopping threads took: 0.0000840 seconds
270.241: Application time: 0.2372250 seconds
270.241: [GC [PSYoungGen: 101624K->13953K(102400K)] 301996K->218601K(335360K), 0.0054070 secs] [Times: user=0.04 sys=0.00, real=0.01 secs] 
270.247: Total time for which application threads were stopped: 0.0055590 seconds, Stopping threads took: 0.0000680 seconds
270.589: Application time: 0.3421240 seconds
270.589: [GC [PSYoungGen: 101645K->13969K(102400K)] 306293K->220754K(335360K), 0.0048280 secs] [Times: user=0.03 sys=0.00, real=0.00 secs] 
270.594: Total time for which application threads were stopped: 0.0049900 seconds, Stopping threads took: 0.0000680 seconds
270.629: Application time: 0.0357930 seconds
270.630: [GC [PSYoungGen: 101646K->13954K(102400K)] 308431K->222876K(335360K), 0.0050740 secs] [Times: user=0.03 sys=0.00, real=0.01 secs] 
270.635: Total time for which application threads were stopped: 0.0060270 seconds, Stopping threads took: 0.0008630 seconds
270.679: Application time: 0.0431620 seconds
270.679: [GC [PSYoungGen: 101673K->14001K(102400K)] 310595K->225061K(335360K), 0.0051660 secs] [Times: user=0.04 sys=0.00, real=0.01 secs] 
270.684: Total time for which application threads were stopped: 0.0053500 seconds, Stopping threads took: 0.0000960 seconds
270.714: Application time: 0.0302190 seconds
270.714: [GC [PSYoungGen: 101676K->13970K(102400K)] 312736K->227199K(335360K), 0.0051140 secs] [Times: user=0.04 sys=0.00, real=0.01 secs] 
270.720: Total time for which application threads were stopped: 0.0052910 seconds, Stopping threads took: 0.0000880 seconds
271.072: Application time: 0.3521020 seconds
271.072: [GC [PSYoungGen: 101667K->13937K(102400K)] 314897K->233628K(335360K), 0.0061180 secs] [Times: user=0.03 sys=0.00, real=0.01 secs] 
271.078: Total time for which application threads were stopped: 0.0062650 seconds, Stopping threads took: 0.0000640 seconds
271.399: Application time: 0.3209140 seconds
271.399: [GC [PSYoungGen: 101603K->13954K(102400K)] 321293K->237919K(335360K), 0.0054460 secs] [Times: user=0.04 sys=0.00, real=0.01 secs] 
271.404: Total time for which application threads were stopped: 0.0056120 seconds, Stopping threads took: 0.0000660 seconds
271.729: Application time: 0.3243650 seconds
271.729: [GC [PSYoungGen: 101646K->13890K(102400K)] 325612K->243596K(335360K), 0.0058320 secs] [Times: user=0.04 sys=0.00, real=0.00 secs] 
271.735: [Full GC [PSYoungGen: 13890K->0K(102400K)] [ParOldGen: 229705K->27337K(232960K)] 243596K->27337K(335360K) [PSPermGen: 6131K->6131K(21504K)], 0.0110910 secs] [Times: user=0.06 sys=0.00, real=0.02 secs] 
271.746: Total time for which application threads were stopped: 0.0171320 seconds, Stopping threads took: 0.0000660 seconds
272.042: Application time: 0.2958730 seconds
272.042: [GC [PSYoungGen: 87695K->13762K(102400K)] 115032K->45375K(335360K), 0.0053660 secs] [Times: user=0.04 sys=0.00, real=0.01 secs] 
272.047: Total time for which application threads were stopped: 0.0055300 seconds, Stopping threads took: 0.0000660 seconds
272.375: Application time: 0.3275620 seconds
272.375: [GC [PSYoungGen: 101423K->13698K(102400K)] 133036K->48161K(335360K), 0.0049120 secs] [Times: user=0.03 sys=0.00, real=0.01 secs] 
272.380: Total time for which application threads were stopped: 0.0050690 seconds, Stopping threads took: 0.0000730 seconds
272.674: Application time: 0.2940130 seconds
272.674: [GC [PSYoungGen: 101394K->13794K(102400K)] 135857K->53957K(335360K), 0.0055630 secs] [Times: user=0.03 sys=0.01, real=0.01 secs] 
272.680: Total time for which application threads were stopped: 0.0057240 seconds, Stopping threads took: 0.0000650 seconds
272.866: Application time: 0.1864080 seconds
272.866: [GC [PSYoungGen: 101503K->13794K(102400K)] 141666K->58945K(335360K), 0.0056880 secs] [Times: user=0.05 sys=0.00, real=0.00 secs] 
272.872: Total time for which application threads were stopped: 0.0058580 seconds, Stopping threads took: 0.0000830 seconds
272.902: Application time: 0.0301730 seconds
272.902: [GC [PSYoungGen: 101580K->13146K(102400K)] 146731K->58297K(335360K), 0.0041160 secs] [Times: user=0.03 sys=0.00, real=0.01 secs] 
272.906: Total time for which application threads were stopped: 0.0043040 seconds, Stopping threads took: 0.0001040 seconds
272.946: Application time: 0.0395530 seconds
272.946: [GC [PSYoungGen: 100742K->13826K(102400K)] 145893K->61827K(335360K), 0.0050560 secs] [Times: user=0.03 sys=0.00, real=0.00 secs] 
272.951: Total time for which application threads were stopped: 0.0052870 seconds, Stopping threads took: 0.0001440 seconds
273.065: Application time: 0.1141240 seconds
273.066: [GC [PSYoungGen: 101226K->13874K(102400K)] 149227K->62588K(335360K), 0.0043060 secs] [Times: user=0.03 sys=0.00, real=0.00 secs] 
273.070: Total time for which application threads were stopped: 0.0044820 seconds, Stopping threads took: 0.0000910 seconds
273.113: Application time: 0.0434860 seconds
273.113: [GC [PSYoungGen: 101863K->13858K(102400K)] 150577K->65422K(335360K), 0.0051410 secs] [Times: user=0.04 sys=0.00, real=0.01 secs] 
273.119: Total time for which application threads were stopped: 0.0053060 seconds, Stopping threads took: 0.0000770 seconds
273.292: Application time: 0.1729840 seconds
273.292: [GC [PSYoungGen: 101541K->13858K(102400K)] 153105K->68272K(335360K), 0.0048860 secs] [Times: user=0.03 sys=0.00, real=0.01 secs] 
273.297: Total time for which application threads were stopped: 0.0050510 seconds, Stopping threads took: 0.0000660 seconds
273.508: Application time: 0.2109490 seconds
273.508: [GC [PSYoungGen: 101574K->13810K(102400K)] 155988K->73212K(335360K), 0.0056680 secs] [Times: user=0.05 sys=0.00, real=0.00 secs] 
273.514: Total time for which application threads were stopped: 0.0058470 seconds, Stopping threads took: 0.0000900 seconds
273.544: Application time: 0.0307190 seconds
273.544: [GC [PSYoungGen: 101485K->13890K(102400K)] 160887K->73292K(335360K), 0.0043890 secs] [Times: user=0.03 sys=0.00, real=0.00 secs] 
273.549: Total time for which application threads were stopped: 0.0045540 seconds, Stopping threads took: 0.0000780 seconds
273.632: Application time: 0.0832520 seconds
273.632: [GC [PSYoungGen: 101598K->13858K(102400K)] 161000K->78247K(335360K), 0.0057610 secs] [Times: user=0.04 sys=0.00, real=0.01 secs] 
273.638: Total time for which application threads were stopped: 0.0059380 seconds, Stopping threads took: 0.0000900 seconds
273.703: Application time: 0.0653040 seconds
273.703: [GC [PSYoungGen: 101551K->13890K(102400K)] 165941K->80417K(335360K), 0.0047390 secs] [Times: user=0.03 sys=0.00, real=0.00 secs] 
273.708: Total time for which application threads were stopped: 0.0049120 seconds, Stopping threads took: 0.0000880 seconds
273.766: Application time: 0.0578850 seconds
273.766: [GC [PSYoungGen: 101596K->13970K(102400K)] 168124K->81922K(335360K), 0.0047460 secs] [Times: user=0.04 sys=0.00, real=0.00 secs] 
273.771: Total time for which application threads were stopped: 0.0049390 seconds, Stopping threads took: 0.0001030 seconds
273.920: Application time: 0.1485030 seconds
273.920: [GC [PSYoungGen: 101666K->13921K(102400K)] 169619K->86149K(335360K), 0.0053720 secs] [Times: user=0.04 sys=0.00, real=0.01 secs] 
273.925: Total time for which application threads were stopped: 0.0055600 seconds, Stopping threads took: 0.0000770 seconds
274.273: Application time: 0.3480350 seconds
274.273: [GC [PSYoungGen: 101586K->13953K(102400K)] 173814K->91169K(335360K), 0.0055840 secs] [Times: user=0.04 sys=0.00, real=0.01 secs] 
274.279: Total time for which application threads were stopped: 0.0057420 seconds, Stopping threads took: 0.0000710 seconds
274.369: Application time: 0.0904380 seconds
274.369: [GC [PSYoungGen: 101695K->14001K(102400K)] 178910K->94067K(335360K), 0.0051870 secs] [Times: user=0.04 sys=0.00, real=0.00 secs] 
274.375: Total time for which application threads were stopped: 0.0053620 seconds, Stopping threads took: 0.0000870 seconds
274.398: Application time: 0.0233860 seconds
274.398: [GC [PSYoungGen: 101669K->13970K(102400K)] 181735K->94747K(335360K), 0.0045600 secs] [Times: user=0.03 sys=0.00, real=0.00 secs] 
274.403: Total time for which application threads were stopped: 0.0047700 seconds, Stopping threads took: 0.0001220 seconds
274.431: Application time: 0.0281960 seconds
274.431: [GC [PSYoungGen: 101666K->13858K(102400K)] 182444K->98246K(335360K), 0.0053540 secs] [Times: user=0.04 sys=0.00, real=0.01 secs] 
274.437: Total time for which application threads were stopped: 0.0055510 seconds, Stopping threads took: 0.0000910 seconds
274.776: Application time: 0.3397980 seconds
274.777: [GC [PSYoungGen: 101539K->13969K(102400K)] 185927K->103385K(335360K), 0.0055360 secs] [Times: user=0.04 sys=0.00, real=0.00 secs] 
274.782: Total time for which application threads were stopped: 0.0056880 seconds, Stopping threads took: 0.0000710 seconds
275.111: Application time: 0.3293230 seconds
275.112: [GC [PSYoungGen: 101652K->13954K(102400K)] 191068K->109070K(335360K), 0.0057910 secs] [Times: user=0.04 sys=0.00, real=0.01 secs] 
275.117: Total time for which application threads were stopped: 0.0059590 seconds, Stopping threads took: 0.0000700 seconds
275.437: Application time: 0.3191320 seconds
275.437: [GC [PSYoungGen: 101637K->13890K(102400K)] 196754K->113321K(335360K), 0.0053970 secs] [Times: user=0.04 sys=0.00, real=0.00 secs] 
275.442: Total time for which application threads were stopped: 0.0055760 seconds, Stopping threads took: 0.0000900 seconds
275.763: Application time: 0.3205750 seconds
275.763: [GC [PSYoungGen: 101593K->13938K(102400K)] 201025K->119783K(335360K), 0.0059930 secs] [Times: user=0.05 sys=0.00, real=0.01 secs] 
275.769: Total time for which application threads were stopped: 0.0061540 seconds, Stopping threads took: 0.0000660 seconds
276.056: Application time: 0.2871140 seconds
276.056: [GC [PSYoungGen: 101599K->13922K(102400K)] 207444K->123329K(335360K), 0.0052620 secs] [Times: user=0.04 sys=0.00, real=0.00 secs] 
276.061: Total time for which application threads were stopped: 0.0054210 seconds, Stopping threads took: 0.0000730 seconds
276.367: Application time: 0.3057550 seconds
276.367: [GC [PSYoungGen: 101618K->13890K(102400K)] 211025K->128325K(335360K), 0.0056130 secs] [Times: user=0.04 sys=0.00, real=0.00 secs] 
276.373: Total time for which application threads were stopped: 0.0057840 seconds, Stopping threads took: 0.0000720 seconds
276.605: Application time: 0.2324860 seconds
276.606: [GC [PSYoungGen: 101593K->13890K(102400K)] 216028K->131176K(335360K), 0.0051250 secs] [Times: user=0.04 sys=0.01, real=0.00 secs] 
276.611: Total time for which application threads were stopped: 0.0056580 seconds, Stopping threads took: 0.0004440 seconds
276.643: Application time: 0.0323020 seconds
276.644: [GC [PSYoungGen: 101572K->13890K(102400K)] 218857K->131928K(335360K), 0.0045270 secs] [Times: user=0.03 sys=0.00, real=0.00 secs] 
276.648: Total time for which application threads were stopped: 0.0047180 seconds, Stopping threads took: 0.0001030 seconds
276.721: Application time: 0.0728450 seconds
276.721: [GC [PSYoungGen: 101602K->13938K(102400K)] 219640K->135539K(335360K), 0.0054550 secs] [Times: user=0.03 sys=0.00, real=0.01 secs] 
276.727: Total time for which application threads were stopped: 0.0056460 seconds, Stopping threads took: 0.0000930 seconds
276.762: Application time: 0.0352660 seconds
276.762: [GC [PSYoungGen: 101624K->13113K(102400K)] 223225K->134754K(335360K), 0.0041840 secs] [Times: user=0.02 sys=0.00, real=0.01 secs] 
276.766: Total time for which application threads were stopped: 0.0043390 seconds, Stopping threads took: 0.0000710 seconds
276.812: Application time: 0.0461780 seconds
276.812: [GC [PSYoungGen: 100816K->13922K(102400K)] 222457K->138413K(335360K), 0.0051790 secs] [Times: user=0.03 sys=0.00, real=0.01 secs] 
276.818: Total time for which application threads were stopped: 0.0053380 seconds, Stopping threads took: 0.0000670 seconds
276.971: Application time: 0.1532680 seconds
276.971: [GC [PSYoungGen: 101605K->13922K(102400K)] 226097K->141976K(335360K), 0.0052160 secs] [Times: user=0.04 sys=0.00, real=0.01 secs] 
276.976: Total time for which application threads were stopped: 0.0053750 seconds, Stopping threads took: 0.0000650 seconds
277.294: Application time: 0.3177560 seconds
277.294: [GC [PSYoungGen: 101599K->13890K(102400K)] 229653K->146287K(335360K), 0.0053960 secs] [Times: user=0.04 sys=0.00, real=0.01 secs] 
277.300: Total time for which application threads were stopped: 0.0055550 seconds, Stopping threads took: 0.0000750 seconds
277.370: Application time: 0.0702580 seconds
277.370: [GC [PSYoungGen: 101568K->13938K(102400K)] 233965K->146335K(335360K), 0.0043580 secs] [Times: user=0.03 sys=0.00, real=0.00 secs] 
277.375: Total time for which application threads were stopped: 0.0046920 seconds, Stopping threads took: 0.0002420 seconds
277.397: Application time: 0.0227010 seconds
277.397: [GC [PSYoungGen: 101680K->13906K(102400K)] 234078K->149866K(335360K), 0.0052680 secs] [Times: user=0.04 sys=0.00, real=0.00 secs] 
277.403: Total time for which application threads were stopped: 0.0054770 seconds, Stopping threads took: 0.0001260 seconds
277.434: Application time: 0.0308400 seconds
277.434: [GC [PSYoungGen: 101576K->13890K(102400K)] 237536K->150562K(335360K), 0.0046190 secs] [Times: user=0.03 sys=0.00, real=0.01 secs] 
277.438: Total time for which application threads were stopped: 0.0047980 seconds, Stopping threads took: 0.0000920 seconds
277.585: Application time: 0.1468670 seconds
277.585: [GC [PSYoungGen: 101602K->13858K(102400K)] 238275K->155518K(335360K), 0.0058250 secs] [Times: user=0.05 sys=0.00, real=0.00 secs] 
277.591: Total time for which application threads were stopped: 0.0060110 seconds, Stopping threads took: 0.0000900 seconds
277.623: Application time: 0.0315430 seconds
277.623: [GC [PSYoungGen: 101531K->13241K(102400K)] 243191K->154901K(335360K), 0.0042200 secs] [Times: user=0.03 sys=0.00, real=0.01 secs] 
277.627: Total time for which application threads were stopped: 0.0043970 seconds, Stopping threads took: 0.0000890 seconds
277.971: Application time: 0.3439500 seconds
277.971: [GC [PSYoungGen: 100956K->13969K(102400K)] 242617K->161330K(335360K), 0.0057620 secs] [Times: user=0.04 sys=0.00, real=0.01 secs] 
277.977: Total time for which application threads were stopped: 0.0059110 seconds, Stopping threads took: 0.0000660 seconds
278.013: Application time: 0.0359850 seconds
278.013: [GC [PSYoungGen: 101638K->13953K(102400K)] 248999K->162027K(335360K), 0.0046390 secs] [Times: user=0.04 sys=0.00, real=0.01 secs] 
278.018: Total time for which application threads were stopped: 0.0048060 seconds, Stopping threads took: 0.0000820 seconds
278.147: Application time: 0.1288200 seconds
278.147: [GC [PSYoungGen: 101668K->13873K(102400K)] 249742K->166221K(335360K), 0.0055960 secs] [Times: user=0.05 sys=0.00, real=0.00 secs] 
278.153: Total time for which application threads were stopped: 0.0057800 seconds, Stopping threads took: 0.0000880 seconds
278.186: Application time: 0.0335570 seconds
278.186: [GC [PSYoungGen: 101556K->13954K(102400K)] 253904K->168479K(335360K), 0.0050740 secs] [Times: user=0.04 sys=0.00, real=0.00 secs] 
278.191: Total time for which application threads were stopped: 0.0052720 seconds, Stopping threads took: 0.0001050 seconds
278.462: Application time: 0.2707340 seconds
278.462: [GC [PSYoungGen: 101639K->13937K(102400K)] 256165K->172738K(335360K), 0.0054000 secs] [Times: user=0.04 sys=0.00, real=0.01 secs] 
278.468: Total time for which application threads were stopped: 0.0055540 seconds, Stopping threads took: 0.0000700 seconds
278.796: Application time: 0.3281920 seconds
278.796: [GC [PSYoungGen: 101628K->13922K(102400K)] 260429K->178454K(335360K), 0.0058450 secs] [Times: user=0.05 sys=0.00, real=0.00 secs] 
278.802: Total time for which application threads were stopped: 0.0060270 seconds, Stopping threads took: 0.0000870 seconds
279.123: Application time: 0.3208080 seconds
279.123: [GC [PSYoungGen: 101594K->13954K(102400K)] 266127K->182049K(335360K), 0.0052480 secs] [Times: user=0.04 sys=0.00, real=0.01 secs] 
279.128: Total time for which application threads were stopped: 0.0054030 seconds, Stopping threads took: 0.0000660 seconds
279.450: Application time: 0.3214260 seconds
279.450: [GC [PSYoungGen: 101658K->13922K(102400K)] 269753K->188479K(335360K), 0.0060700 secs] [Times: user=0.05 sys=0.00, real=0.01 secs] 
279.456: Total time for which application threads were stopped: 0.0062480 seconds, Stopping threads took: 0.0000810 seconds
279.760: Application time: 0.3037630 seconds
279.760: [GC [PSYoungGen: 101591K->13922K(102400K)] 276148K->192754K(335360K), 0.0054770 secs] [Times: user=0.04 sys=0.00, real=0.01 secs] 
279.765: Total time for which application threads were stopped: 0.0056330 seconds, Stopping threads took: 0.0000720 seconds
280.055: Application time: 0.2901860 seconds
280.055: [GC [PSYoungGen: 101600K->13938K(102400K)] 280432K->196333K(335360K), 0.0052350 secs] [Times: user=0.04 sys=0.00, real=0.00 secs] 
280.061: Total time for which application threads were stopped: 0.0053960 seconds, Stopping threads took: 0.0000630 seconds
280.333: Application time: 0.2722160 seconds
280.333: [GC [PSYoungGen: 101659K->13890K(102400K)] 284054K->199924K(335360K), 0.0051810 secs] [Times: user=0.04 sys=0.00, real=0.01 secs] 
280.338: Total time for which application threads were stopped: 0.0053370 seconds, Stopping threads took: 0.0000700 seconds
280.375: Application time: 0.0369990 seconds
280.376: [GC [PSYoungGen: 101300K->12449K(102400K)] 287333K->198483K(335360K), 0.0039990 secs] [Times: user=0.03 sys=0.00, real=0.00 secs] 
280.380: Total time for which application threads were stopped: 0.0048740 seconds, Stopping threads took: 0.0007860 seconds
280.407: Application time: 0.0267190 seconds
280.407: [GC [PSYoungGen: 100459K->13906K(102400K)] 286493K->204928K(335360K), 0.0058350 secs] [Times: user=0.04 sys=0.00, real=0.00 secs] 
280.413: Total time for which application threads were stopped: 0.0060010 seconds, Stopping threads took: 0.0000790 seconds
280.436: Application time: 0.0234440 seconds
280.439: [GC [PSYoungGen: 101570K->13890K(102400K)] 292591K->204960K(335360K), 0.0044680 secs] [Times: user=0.03 sys=0.00, real=0.01 secs] 
280.444: Total time for which application threads were stopped: 0.0074480 seconds, Stopping threads took: 0.0028940 seconds
280.467: Application time: 0.0231590 seconds
280.467: [GC [PSYoungGen: 101574K->13146K(102400K)] 292644K->204215K(335360K), 0.0040960 secs] [Times: user=0.03 sys=0.00, real=0.00 secs] 
280.471: Total time for which application threads were stopped: 0.0044230 seconds, Stopping threads took: 0.0002400 seconds
280.630: Application time: 0.1583040 seconds
280.630: [GC [PSYoungGen: 100828K->13890K(102400K)] 291897K->208562K(335360K), 0.0052510 secs] [Times: user=0.04 sys=0.00, real=0.00 secs] 
280.635: Total time for which application threads were stopped: 0.0054140 seconds, Stopping threads took: 0.0000710 seconds
280.967: Application time: 0.3323890 seconds
280.968: [GC [PSYoungGen: 101567K->13890K(102400K)] 296239K->212837K(335360K), 0.0053960 secs] [Times: user=0.04 sys=0.00, real=0.00 secs] 
280.973: Total time for which application threads were stopped: 0.0055450 seconds, Stopping threads took: 0.0000670 seconds
281.098: Application time: 0.1254460 seconds
281.099: [GC [PSYoungGen: 101623K->13874K(102400K)] 300571K->215720K(335360K), 0.0052110 secs] [Times: user=0.04 sys=0.00, real=0.01 secs] 
281.104: Total time for which application threads were stopped: 0.0053910 seconds, Stopping threads took: 0.0000910 seconds
281.126: Application time: 0.0219140 seconds
281.126: [GC [PSYoungGen: 101548K->13874K(102400K)] 303394K->215720K(335360K), 0.0044710 secs] [Times: user=0.04 sys=0.00, real=0.00 secs] 
281.131: Total time for which application threads were stopped: 0.0051210 seconds, Stopping threads took: 0.0005630 seconds
281.152: Application time: 0.0215380 seconds
281.153: [GC [PSYoungGen: 101548K->13890K(102400K)] 303394K->217874K(335360K), 0.0050640 secs] [Times: user=0.04 sys=0.00, real=0.01 secs] 
281.158: Total time for which application threads were stopped: 0.0052500 seconds, Stopping threads took: 0.0000810 seconds
281.295: Application time: 0.1372560 seconds
281.295: [GC [PSYoungGen: 101607K->13889K(102400K)] 305591K->222861K(335360K), 0.0058050 secs] [Times: user=0.04 sys=0.00, real=0.01 secs] 
281.301: Total time for which application threads were stopped: 0.0059830 seconds, Stopping threads took: 0.0000910 seconds
281.330: Application time: 0.0295040 seconds
281.331: [GC [PSYoungGen: 101572K->13954K(102400K)] 310544K->225063K(335360K), 0.0050690 secs] [Times: user=0.04 sys=0.00, real=0.01 secs] 
281.336: Total time for which application threads were stopped: 0.0052500 seconds, Stopping threads took: 0.0000950 seconds
281.626: Application time: 0.2899870 seconds
281.626: [GC [PSYoungGen: 101636K->13953K(102400K)] 312745K->230050K(335360K), 0.0056840 secs] [Times: user=0.04 sys=0.00, real=0.00 secs] 
281.632: Total time for which application threads were stopped: 0.0058400 seconds, Stopping threads took: 0.0000710 seconds
281.706: Application time: 0.0747620 seconds
281.706: [GC [PSYoungGen: 101661K->13953K(102400K)] 317758K->232900K(335360K), 0.0052520 secs] [Times: user=0.04 sys=0.00, real=0.00 secs] 
281.712: Total time for which application threads were stopped: 0.0054400 seconds, Stopping threads took: 0.0000840 seconds
281.814: Application time: 0.1019070 seconds
281.814: [GC [PSYoungGen: 101670K->13985K(102400K)] 320617K->236495K(335360K), 0.0053660 secs] [Times: user=0.03 sys=0.00, real=0.01 secs] 
281.819: Total time for which application threads were stopped: 0.0055460 seconds, Stopping threads took: 0.0000840 seconds
281.854: Application time: 0.0343790 seconds
281.854: [GC [PSYoungGen: 101663K->13842K(102400K)] 324173K->239249K(335360K), 0.0053940 secs] [Times: user=0.03 sys=0.00, real=0.01 secs] 
281.859: Total time for which application threads were stopped: 0.0055640 seconds, Stopping threads took: 0.0000840 seconds
282.101: Application time: 0.2413520 seconds
282.101: [GC [PSYoungGen: 101526K->13873K(102400K)] 326933K->243596K(335360K), 0.0055200 secs] [Times: user=0.04 sys=0.00, real=0.01 secs] 
282.106: [Full GC [PSYoungGen: 13873K->0K(102400K)] [ParOldGen: 229722K->28763K(232960K)] 243596K->28763K(335360K) [PSPermGen: 6131K->6131K(21504K)], 0.0113980 secs] [Times: user=0.06 sys=0.00, real=0.01 secs] 
282.118: Total time for which application threads were stopped: 0.0171250 seconds, Stopping threads took: 0.0000630 seconds
282.468: Application time: 0.3499670 seconds
282.468: [GC [PSYoungGen: 87689K->13761K(102400K)] 116452K->48225K(335360K), 0.0056670 secs] [Times: user=0.05 sys=0.00, real=0.00 secs] 
282.473: Total time for which application threads were stopped: 0.0058370 seconds, Stopping threads took: 0.0000710 seconds
282.803: Application time: 0.3292070 seconds
282.803: [GC [PSYoungGen: 101436K->13762K(102400K)] 135899K->51787K(335360K), 0.0051050 secs] [Times: user=0.04 sys=0.00, real=0.01 secs] 
282.808: Total time for which application threads were stopped: 0.0052870 seconds, Stopping threads took: 0.0000930 seconds
283.141: Application time: 0.3333390 seconds
283.141: [GC [PSYoungGen: 101455K->13794K(102400K)] 139481K->55383K(335360K), 0.0050540 secs] [Times: user=0.04 sys=0.00, real=0.01 secs] 
283.147: Total time for which application threads were stopped: 0.0052500 seconds, Stopping threads took: 0.0000910 seconds
283.473: Application time: 0.3261950 seconds
283.473: [GC [PSYoungGen: 101472K->13794K(102400K)] 143060K->61083K(335360K), 0.0056780 secs] [Times: user=0.04 sys=0.00, real=0.01 secs] 
283.479: Total time for which application threads were stopped: 0.0058420 seconds, Stopping threads took: 0.0000780 seconds
283.778: Application time: 0.2993360 seconds
283.778: [GC [PSYoungGen: 101472K->13794K(102400K)] 148761K->65359K(335360K), 0.0052430 secs] [Times: user=0.04 sys=0.00, real=0.01 secs] 
283.783: Total time for which application threads were stopped: 0.0053990 seconds, Stopping threads took: 0.0000610 seconds
284.075: Application time: 0.2921610 seconds
284.076: [GC [PSYoungGen: 101481K->13794K(102400K)] 153046K->68922K(335360K), 0.0051120 secs] [Times: user=0.04 sys=0.00, real=0.00 secs] 
284.081: Total time for which application threads were stopped: 0.0052810 seconds, Stopping threads took: 0.0000830 seconds
284.186: Application time: 0.1054470 seconds
284.186: [GC [PSYoungGen: 101527K->13794K(102400K)] 156654K->73909K(335360K), 0.0056850 secs] [Times: user=0.04 sys=0.00, real=0.00 secs] 
284.192: Total time for which application threads were stopped: 0.0058870 seconds, Stopping threads took: 0.0001150 seconds
284.216: Application time: 0.0237230 seconds
284.216: [GC [PSYoungGen: 101274K->11737K(102400K)] 161389K->71852K(335360K), 0.0036680 secs] [Times: user=0.02 sys=0.00, real=0.00 secs] 
284.220: Total time for which application threads were stopped: 0.0040040 seconds, Stopping threads took: 0.0002490 seconds
284.241: Application time: 0.0212060 seconds
284.241: [GC [PSYoungGen: 99639K->13858K(102400K)] 159754K->76824K(335360K), 0.0050680 secs] [Times: user=0.04 sys=0.00, real=0.01 secs] 
284.246: Total time for which application threads were stopped: 0.0052490 seconds, Stopping threads took: 0.0000910 seconds
284.269: Application time: 0.0225760 seconds
284.269: [GC [PSYoungGen: 101550K->13858K(102400K)] 164515K->77536K(335360K), 0.0044900 secs] [Times: user=0.04 sys=0.00, real=0.00 secs] 
284.274: Total time for which application threads were stopped: 0.0048630 seconds, Stopping threads took: 0.0002860 seconds
284.357: Application time: 0.0829590 seconds
284.357: [GC [PSYoungGen: 101542K->13826K(102400K)] 165221K->81067K(335360K), 0.0053450 secs] [Times: user=0.03 sys=0.00, real=0.00 secs] 
284.362: Total time for which application threads were stopped: 0.0055530 seconds, Stopping threads took: 0.0001110 seconds
284.701: Application time: 0.3384400 seconds
284.701: [GC [PSYoungGen: 101503K->13874K(102400K)] 168744K->83965K(335360K), 0.0049600 secs] [Times: user=0.04 sys=0.00, real=0.01 secs] 
284.706: Total time for which application threads were stopped: 0.0051150 seconds, Stopping threads took: 0.0000690 seconds
284.875: Application time: 0.1692910 seconds
284.875: [GC [PSYoungGen: 101572K->13794K(102400K)] 171663K->88160K(335360K), 0.0055240 secs] [Times: user=0.04 sys=0.00, real=0.00 secs] 
284.881: Total time for which application threads were stopped: 0.0057140 seconds, Stopping threads took: 0.0000920 seconds
284.910: Application time: 0.0291730 seconds
284.910: [GC [PSYoungGen: 101505K->13890K(102400K)] 175872K->89682K(335360K), 0.0047140 secs] [Times: user=0.03 sys=0.00, real=0.00 secs] 
284.915: Total time for which application threads were stopped: 0.0049290 seconds, Stopping threads took: 0.0001270 seconds
284.947: Application time: 0.0324850 seconds
284.948: [GC [PSYoungGen: 101567K->13890K(102400K)] 177359K->91819K(335360K), 0.0049880 secs] [Times: user=0.04 sys=0.00, real=0.00 secs] 
284.953: Total time for which application threads were stopped: 0.0051580 seconds, Stopping threads took: 0.0000830 seconds
285.029: Application time: 0.0760470 seconds
285.029: [GC [PSYoungGen: 101605K->13970K(102400K)] 179534K->94749K(335360K), 0.0051340 secs] [Times: user=0.04 sys=0.00, real=0.00 secs] 
285.034: Total time for which application threads were stopped: 0.0053020 seconds, Stopping threads took: 0.0000810 seconds
285.065: Application time: 0.0309850 seconds
285.065: [GC [PSYoungGen: 101648K->13922K(102400K)] 182427K->96126K(335360K), 0.0048270 secs] [Times: user=0.04 sys=0.00, real=0.00 secs] 
285.070: Total time for which application threads were stopped: 0.0049890 seconds, Stopping threads took: 0.0000760 seconds
285.365: Application time: 0.2952740 seconds
285.365: [GC [PSYoungGen: 101612K->13953K(102400K)] 183817K->101858K(335360K), 0.0056840 secs] [Times: user=0.04 sys=0.00, real=0.00 secs] 
285.371: Total time for which application threads were stopped: 0.0058340 seconds, Stopping threads took: 0.0000660 seconds
285.461: Application time: 0.0902160 seconds
285.461: [GC [PSYoungGen: 101661K->13938K(102400K)] 189565K->105405K(335360K), 0.0053840 secs] [Times: user=0.03 sys=0.00, real=0.01 secs] 
285.467: Total time for which application threads were stopped: 0.0055680 seconds, Stopping threads took: 0.0000860 seconds
285.599: Application time: 0.1318470 seconds
285.599: [GC [PSYoungGen: 101620K->13985K(102400K)] 193087K->108310K(335360K), 0.0049710 secs] [Times: user=0.03 sys=0.00, real=0.01 secs] 
285.604: Total time for which application threads were stopped: 0.0051340 seconds, Stopping threads took: 0.0000770 seconds
285.691: Application time: 0.0871110 seconds
285.691: [GC [PSYoungGen: 101693K->14017K(102400K)] 196018K->111193K(335360K), 0.0052010 secs] [Times: user=0.04 sys=0.00, real=0.01 secs] 
285.696: Total time for which application threads were stopped: 0.0053860 seconds, Stopping threads took: 0.0000990 seconds
285.853: Application time: 0.1568560 seconds
285.853: [GC [PSYoungGen: 101715K->13889K(102400K)] 198890K->114707K(335360K), 0.0050860 secs] [Times: user=0.04 sys=0.00, real=0.01 secs] 
285.858: Total time for which application threads were stopped: 0.0052330 seconds, Stopping threads took: 0.0000640 seconds
286.202: Application time: 0.3437470 seconds
286.202: [GC [PSYoungGen: 101579K->13921K(102400K)] 202397K->121192K(335360K), 0.0059520 secs] [Times: user=0.04 sys=0.00, real=0.01 secs] 
286.208: Total time for which application threads were stopped: 0.0061150 seconds, Stopping threads took: 0.0000700 seconds
286.544: Application time: 0.3353570 seconds
286.544: [GC [PSYoungGen: 101587K->13826K(102400K)] 208857K->125371K(335360K), 0.0054250 secs] [Times: user=0.04 sys=0.00, real=0.00 secs] 
286.549: Total time for which application threads were stopped: 0.0055870 seconds, Stopping threads took: 0.0000760 seconds
286.884: Application time: 0.3348720 seconds
286.884: [GC [PSYoungGen: 101510K->13874K(102400K)] 213055K->130407K(335360K), 0.0056220 secs] [Times: user=0.04 sys=0.00, real=0.00 secs] 
286.890: Total time for which application threads were stopped: 0.0057870 seconds, Stopping threads took: 0.0000710 seconds
287.185: Application time: 0.2948200 seconds
287.185: [GC [PSYoungGen: 101570K->13922K(102400K)] 218103K->136156K(335360K), 0.0057460 secs] [Times: user=0.04 sys=0.00, real=0.00 secs] 
287.191: Total time for which application threads were stopped: 0.0058950 seconds, Stopping threads took: 0.0000640 seconds
287.477: Application time: 0.2866470 seconds
287.477: [GC [PSYoungGen: 101592K->13954K(102400K)] 223826K->139751K(335360K), 0.0051840 secs] [Times: user=0.04 sys=0.00, real=0.00 secs] 
287.483: Total time for which application threads were stopped: 0.0053680 seconds, Stopping threads took: 0.0000860 seconds
287.792: Application time: 0.3090080 seconds
287.792: [GC [PSYoungGen: 101642K->13842K(102400K)] 227438K->144675K(335360K), 0.0055360 secs] [Times: user=0.04 sys=0.00, real=0.01 secs] 
287.797: Total time for which application threads were stopped: 0.0056890 seconds, Stopping threads took: 0.0000660 seconds
287.885: Application time: 0.0873960 seconds
287.885: [GC [PSYoungGen: 101559K->13858K(102400K)] 232392K->148302K(335360K), 0.0052400 secs] [Times: user=0.04 sys=0.00, real=0.00 secs] 
287.890: Total time for which application threads were stopped: 0.0054240 seconds, Stopping threads took: 0.0000980 seconds
287.971: Application time: 0.0809780 seconds
287.971: [GC [PSYoungGen: 101293K->13242K(102400K)] 235736K->147685K(335360K), 0.0039570 secs] [Times: user=0.03 sys=0.00, real=0.01 secs] 
287.975: Total time for which application threads were stopped: 0.0041160 seconds, Stopping threads took: 0.0000630 seconds
288.005: Application time: 0.0302980 seconds
288.007: [GC [PSYoungGen: 101231K->13826K(102400K)] 235674K->153313K(335360K), 0.0058080 secs] [Times: user=0.05 sys=0.01, real=0.00 secs] 
288.013: Total time for which application threads were stopped: 0.0076230 seconds, Stopping threads took: 0.0017160 seconds
288.038: Application time: 0.0251630 seconds
288.039: [GC [PSYoungGen: 101503K->13875K(102400K)] 240990K->153362K(335360K), 0.0043830 secs] [Times: user=0.02 sys=0.00, real=0.01 secs] 
288.043: Total time for which application threads were stopped: 0.0051690 seconds, Stopping threads took: 0.0007020 seconds
288.064: Application time: 0.0201230 seconds
288.064: [GC [PSYoungGen: 101554K->13890K(102400K)] 241042K->154803K(335360K), 0.0046520 secs] [Times: user=0.03 sys=0.00, real=0.00 secs] 
288.069: Total time for which application threads were stopped: 0.0049580 seconds, Stopping threads took: 0.0002220 seconds
288.390: Application time: 0.3214130 seconds
288.390: [GC [PSYoungGen: 101567K->13922K(102400K)] 242480K->159150K(335360K), 0.0053950 secs] [Times: user=0.04 sys=0.00, real=0.01 secs] 
288.396: Total time for which application threads were stopped: 0.0055390 seconds, Stopping threads took: 0.0000600 seconds
288.581: Application time: 0.1850270 seconds
288.581: [GC [PSYoungGen: 101630K->13826K(102400K)] 246858K->163329K(335360K), 0.0056080 secs] [Times: user=0.04 sys=0.00, real=0.01 secs] 
288.586: Total time for which application threads were stopped: 0.0057880 seconds, Stopping threads took: 0.0000790 seconds
288.616: Application time: 0.0299430 seconds
288.616: [GC [PSYoungGen: 101239K->12513K(102400K)] 250742K->162056K(335360K), 0.0040670 secs] [Times: user=0.03 sys=0.00, real=0.00 secs] 
288.621: Total time for which application threads were stopped: 0.0042880 seconds, Stopping threads took: 0.0001320 seconds
288.660: Application time: 0.0396770 seconds
288.660: [GC [PSYoungGen: 100487K->13922K(102400K)] 250030K->166315K(335360K), 0.0052400 secs] [Times: user=0.04 sys=0.00, real=0.01 secs] 
288.666: Total time for which application threads were stopped: 0.0054290 seconds, Stopping threads took: 0.0001000 seconds
288.814: Application time: 0.1478970 seconds
288.814: [GC [PSYoungGen: 101611K->13921K(102400K)] 254004K->169877K(335360K), 0.0051920 secs] [Times: user=0.04 sys=0.00, real=0.01 secs] 
288.819: Total time for which application threads were stopped: 0.0053400 seconds, Stopping threads took: 0.0000640 seconds
288.871: Application time: 0.0519830 seconds
288.871: [GC [PSYoungGen: 101628K->13954K(102400K)] 257583K->172047K(335360K), 0.0050350 secs] [Times: user=0.04 sys=0.00, real=0.01 secs] 
288.876: Total time for which application threads were stopped: 0.0052040 seconds, Stopping threads took: 0.0000820 seconds
289.028: Application time: 0.1520960 seconds
289.028: [GC [PSYoungGen: 101652K->13921K(102400K)] 259745K->177715K(335360K), 0.0058250 secs] [Times: user=0.04 sys=0.00, real=0.00 secs] 
289.034: Total time for which application threads were stopped: 0.0059820 seconds, Stopping threads took: 0.0000690 seconds
289.129: Application time: 0.0944400 seconds
289.129: [GC [PSYoungGen: 101629K->13890K(102400K)] 265422K->182671K(335360K), 0.0057990 secs] [Times: user=0.04 sys=0.00, real=0.00 secs] 
289.135: Total time for which application threads were stopped: 0.0059850 seconds, Stopping threads took: 0.0000850 seconds
289.272: Application time: 0.1369860 seconds
289.272: [GC [PSYoungGen: 101572K->14001K(102400K)] 270353K->185632K(335360K), 0.0050500 secs] [Times: user=0.03 sys=0.00, real=0.01 secs] 
289.277: Total time for which application threads were stopped: 0.0051920 seconds, Stopping threads took: 0.0000570 seconds
289.416: Application time: 0.1394140 seconds
289.416: [GC [PSYoungGen: 101708K->14033K(102400K)] 273339K->187802K(335360K), 0.0049050 secs] [Times: user=0.04 sys=0.00, real=0.00 secs] 
289.421: Total time for which application threads were stopped: 0.0050830 seconds, Stopping threads took: 0.0000830 seconds
289.503: Application time: 0.0817500 seconds
289.503: [GC [PSYoungGen: 101718K->14001K(102400K)] 275487K->189948K(335360K), 0.0049130 secs] [Times: user=0.04 sys=0.00, real=0.00 secs] 
289.508: Total time for which application threads were stopped: 0.0050900 seconds, Stopping threads took: 0.0000860 seconds
289.886: Application time: 0.3783300 seconds
289.887: [GC [PSYoungGen: 101690K->13841K(102400K)] 277636K->194871K(335360K), 0.0057180 secs] [Times: user=0.05 sys=0.00, real=0.00 secs] 
289.892: Total time for which application threads were stopped: 0.0058780 seconds, Stopping threads took: 0.0000610 seconds
290.208: Application time: 0.3160580 seconds
290.209: [GC [PSYoungGen: 101524K->13890K(102400K)] 282554K->200620K(335360K), 0.0075370 secs] [Times: user=0.05 sys=0.00, real=0.01 secs] 
290.216: Total time for which application threads were stopped: 0.0076870 seconds, Stopping threads took: 0.0000670 seconds
290.528: Application time: 0.3119880 seconds
290.528: [GC [PSYoungGen: 101574K->13922K(102400K)] 288304K->205640K(335360K), 0.0057380 secs] [Times: user=0.04 sys=0.00, real=0.00 secs] 
290.534: Total time for which application threads were stopped: 0.0059100 seconds, Stopping threads took: 0.0000720 seconds
290.869: Application time: 0.3353740 seconds
290.869: [GC [PSYoungGen: 101617K->13922K(102400K)] 293334K->211340K(335360K), 0.0057820 secs] [Times: user=0.05 sys=0.00, real=0.01 secs] 
290.875: Total time for which application threads were stopped: 0.0059380 seconds, Stopping threads took: 0.0000700 seconds
291.158: Application time: 0.2824710 seconds
291.158: [GC [PSYoungGen: 101592K->13922K(102400K)] 299010K->214191K(335360K), 0.0051150 secs] [Times: user=0.04 sys=0.00, real=0.00 secs] 
291.163: Total time for which application threads were stopped: 0.0052870 seconds, Stopping threads took: 0.0000760 seconds
291.473: Application time: 0.3100850 seconds
291.473: [GC [PSYoungGen: 101609K->13890K(102400K)] 301878K->218474K(335360K), 0.0054420 secs] [Times: user=0.04 sys=0.00, real=0.01 secs] 
291.479: Total time for which application threads were stopped: 0.0055930 seconds, Stopping threads took: 0.0000670 seconds
291.689: Application time: 0.2103930 seconds
291.689: [GC [PSYoungGen: 101594K->13858K(102400K)] 306178K->222758K(335360K), 0.0056300 secs] [Times: user=0.05 sys=0.00, real=0.00 secs] 
291.695: Total time for which application threads were stopped: 0.0058280 seconds, Stopping threads took: 0.0001010 seconds
291.729: Application time: 0.0343020 seconds
291.729: [GC [PSYoungGen: 101534K->13842K(102400K)] 310433K->223454K(335360K), 0.0047020 secs] [Times: user=0.03 sys=0.00, real=0.00 secs] 
291.734: Total time for which application threads were stopped: 0.0048780 seconds, Stopping threads took: 0.0000860 seconds
291.772: Application time: 0.0375120 seconds
291.772: [GC [PSYoungGen: 101590K->13954K(102400K)] 311202K->226416K(335360K), 0.0051920 secs] [Times: user=0.04 sys=0.00, real=0.01 secs] 
291.778: Total time for which application threads were stopped: 0.0060040 seconds, Stopping threads took: 0.0007220 seconds
291.800: Application time: 0.0228210 seconds
291.801: [GC [PSYoungGen: 101629K->13890K(102400K)] 314091K->227818K(335360K), 0.0048140 secs] [Times: user=0.03 sys=0.00, real=0.01 secs] 
291.806: Total time for which application threads were stopped: 0.0050380 seconds, Stopping threads took: 0.0001380 seconds
291.830: Application time: 0.0249250 seconds
291.831: [GC [PSYoungGen: 101576K->13906K(102400K)] 315504K->229971K(335360K), 0.0050700 secs] [Times: user=0.04 sys=0.00, real=0.01 secs] 
291.836: Total time for which application threads were stopped: 0.0052420 seconds, Stopping threads took: 0.0000850 seconds
292.043: Application time: 0.2072730 seconds
292.043: [GC [PSYoungGen: 101578K->13890K(102400K)] 317643K->233558K(335360K), 0.0052550 secs] [Times: user=0.04 sys=0.00, real=0.01 secs] 
292.048: Total time for which application threads were stopped: 0.0054230 seconds, Stopping threads took: 0.0000820 seconds
292.292: Application time: 0.2433880 seconds
292.292: [GC [PSYoungGen: 101591K->13858K(102400K)] 321259K->238513K(335360K), 0.0058380 secs] [Times: user=0.05 sys=0.00, real=0.01 secs] 
292.298: Total time for which application threads were stopped: 0.0060310 seconds, Stopping threads took: 0.0000950 seconds
292.329: Application time: 0.0310210 seconds
292.329: [GC [PSYoungGen: 101540K->13842K(102400K)] 326196K->239258K(335360K), 0.0045820 secs] [Times: user=0.04 sys=0.00, real=0.00 secs] 
292.334: Total time for which application threads were stopped: 0.0048260 seconds, Stopping threads took: 0.0001560 seconds
292.404: Application time: 0.0699980 seconds
292.404: [GC [PSYoungGen: 101548K->13922K(102400K)] 326964K->241475K(335360K), 0.0049110 secs] [Times: user=0.04 sys=0.00, real=0.00 secs] 
292.409: [Full GC [PSYoungGen: 13922K->0K(102400K)] [ParOldGen: 227553K->25914K(232960K)] 241475K->25914K(335360K) [PSPermGen: 6131K->6131K(21504K)], 0.0108510 secs] [Times: user=0.05 sys=0.00, real=0.01 secs] 
292.420: Total time for which application threads were stopped: 0.0162910 seconds, Stopping threads took: 0.0003830 seconds
292.491: Application time: 0.0707560 seconds
292.491: [GC [PSYoungGen: 87692K->14314K(102400K)] 113606K->40949K(335360K), 0.0044430 secs] [Times: user=0.03 sys=0.00, real=0.01 secs] 
292.495: Total time for which application threads were stopped: 0.0046010 seconds, Stopping threads took: 0.0000700 seconds
292.621: Application time: 0.1254790 seconds
292.621: [GC [PSYoungGen: 102020K->14314K(102400K)] 128655K->43094K(335360K), 0.0048860 secs] [Times: user=0.03 sys=0.00, real=0.01 secs] 
292.626: Total time for which application threads were stopped: 0.0053130 seconds, Stopping threads took: 0.0003410 seconds
292.701: Application time: 0.0751920 seconds
292.701: [GC [PSYoungGen: 102018K->13761K(102400K)] 130798K->44679K(335360K), 0.0046780 secs] [Times: user=0.03 sys=0.00, real=0.01 secs] 
292.706: Total time for which application threads were stopped: 0.0048520 seconds, Stopping threads took: 0.0000850 seconds
292.824: Application time: 0.1177090 seconds
292.824: [GC [PSYoungGen: 101468K->13825K(102400K)] 132386K->51156K(335360K), 0.0141130 secs] [Times: user=0.10 sys=0.00, real=0.01 secs] 
292.838: Total time for which application threads were stopped: 0.0142920 seconds, Stopping threads took: 0.0000890 seconds
292.950: Application time: 0.1114470 seconds
292.950: [GC [PSYoungGen: 101509K->13793K(102400K)] 138839K->54687K(335360K), 0.0051900 secs] [Times: user=0.04 sys=0.00, real=0.00 secs] 
292.955: Total time for which application threads were stopped: 0.0053510 seconds, Stopping threads took: 0.0000740 seconds
293.131: Application time: 0.1764450 seconds
293.132: [GC [PSYoungGen: 101494K->13793K(102400K)] 142387K->58249K(335360K), 0.0053610 secs] [Times: user=0.04 sys=0.00, real=0.01 secs] 
293.137: Total time for which application threads were stopped: 0.0055390 seconds, Stopping threads took: 0.0000860 seconds
293.187: Application time: 0.0497690 seconds
293.187: [GC [PSYoungGen: 101491K->13857K(102400K)] 145947K->60451K(335360K), 0.0046820 secs] [Times: user=0.04 sys=0.00, real=0.00 secs] 
293.192: Total time for which application threads were stopped: 0.0048470 seconds, Stopping threads took: 0.0000790 seconds
293.587: Application time: 0.3953940 seconds
293.587: [GC [PSYoungGen: 101528K->13793K(102400K)] 148121K->65374K(335360K), 0.0056000 secs] [Times: user=0.04 sys=0.00, real=0.00 secs] 
293.593: Total time for which application threads were stopped: 0.0058610 seconds, Stopping threads took: 0.0001620 seconds
293.935: Application time: 0.3422340 seconds
293.935: [GC [PSYoungGen: 101484K->13857K(102400K)] 153065K->72564K(335360K), 0.0060210 secs] [Times: user=0.04 sys=0.00, real=0.00 secs] 
293.941: Total time for which application threads were stopped: 0.0061750 seconds, Stopping threads took: 0.0000630 seconds
294.262: Application time: 0.3203040 seconds
294.262: [GC [PSYoungGen: 101541K->13858K(102400K)] 160247K->76839K(335360K), 0.0052650 secs] [Times: user=0.04 sys=0.00, real=0.01 secs] 
294.267: Total time for which application threads were stopped: 0.0054680 seconds, Stopping threads took: 0.0000990 seconds
294.578: Application time: 0.3108160 seconds
294.578: [GC [PSYoungGen: 101553K->13858K(102400K)] 164534K->81827K(335360K), 0.0054540 secs] [Times: user=0.04 sys=0.01, real=0.01 secs] 
294.583: Total time for which application threads were stopped: 0.0055970 seconds, Stopping threads took: 0.0000570 seconds
294.873: Application time: 0.2900350 seconds
294.874: [GC [PSYoungGen: 101528K->13826K(102400K)] 169497K->86783K(335360K), 0.0054690 secs] [Times: user=0.03 sys=0.00, real=0.01 secs] 
294.879: Total time for which application threads were stopped: 0.0056340 seconds, Stopping threads took: 0.0000680 seconds
295.162: Application time: 0.2833600 seconds
295.163: [GC [PSYoungGen: 101514K->13890K(102400K)] 174471K->91123K(335360K), 0.0053350 secs] [Times: user=0.03 sys=0.00, real=0.01 secs] 
295.168: Total time for which application threads were stopped: 0.0054810 seconds, Stopping threads took: 0.0000590 seconds
295.454: Application time: 0.2861210 seconds
295.454: [GC [PSYoungGen: 101560K->13874K(102400K)] 178793K->95382K(335360K), 0.0053680 secs] [Times: user=0.04 sys=0.00, real=0.01 secs] 
295.460: Total time for which application threads were stopped: 0.0055360 seconds, Stopping threads took: 0.0000720 seconds
295.521: Application time: 0.0616810 seconds
295.521: [GC [PSYoungGen: 101587K->13810K(102400K)] 183095K->98881K(335360K), 0.0053500 secs] [Times: user=0.05 sys=0.00, real=0.01 secs] 
295.527: Total time for which application threads were stopped: 0.0055450 seconds, Stopping threads took: 0.0001050 seconds
295.563: Application time: 0.0360710 seconds
295.563: [GC [PSYoungGen: 101525K->13906K(102400K)] 186596K->101114K(335360K), 0.0050050 secs] [Times: user=0.04 sys=0.00, real=0.01 secs] 
295.568: Total time for which application threads were stopped: 0.0051770 seconds, Stopping threads took: 0.0000860 seconds
295.598: Application time: 0.0299500 seconds
295.599: [GC [PSYoungGen: 101613K->13922K(102400K)] 188821K->102596K(335360K), 0.0046960 secs] [Times: user=0.03 sys=0.00, real=0.01 secs] 
295.603: Total time for which application threads were stopped: 0.0052080 seconds, Stopping threads took: 0.0004210 seconds
295.633: Application time: 0.0293400 seconds
295.633: [GC [PSYoungGen: 101599K->13858K(102400K)] 190272K->103957K(335360K), 0.0048010 secs] [Times: user=0.04 sys=0.00, real=0.01 secs] 
295.638: Total time for which application threads were stopped: 0.0049690 seconds, Stopping threads took: 0.0000820 seconds
295.753: Application time: 0.1154080 seconds
295.753: [GC [PSYoungGen: 101542K->13890K(102400K)] 191641K->105462K(335360K), 0.0045970 secs] [Times: user=0.03 sys=0.00, real=0.01 secs] 
295.758: Total time for which application threads were stopped: 0.0047570 seconds, Stopping threads took: 0.0000730 seconds
295.932: Application time: 0.1740290 seconds
295.932: [GC [PSYoungGen: 101597K->13890K(102400K)] 193168K->109024K(335360K), 0.0053880 secs] [Times: user=0.03 sys=0.00, real=0.01 secs] 
295.937: Total time for which application threads were stopped: 0.0055620 seconds, Stopping threads took: 0.0000850 seconds
295.967: Application time: 0.0294470 seconds
295.967: [GC [PSYoungGen: 101567K->13890K(102400K)] 196702K->111915K(335360K), 0.0051550 secs] [Times: user=0.04 sys=0.00, real=0.00 secs] 
295.972: Total time for which application threads were stopped: 0.0053410 seconds, Stopping threads took: 0.0000870 seconds
296.130: Application time: 0.1580110 seconds
296.130: [GC [PSYoungGen: 101597K->13826K(102400K)] 199621K->116126K(335360K), 0.0056080 secs] [Times: user=0.04 sys=0.00, real=0.01 secs] 
296.136: Total time for which application threads were stopped: 0.0057840 seconds, Stopping threads took: 0.0000850 seconds
296.175: Application time: 0.0387880 seconds
296.175: [GC [PSYoungGen: 101509K->13842K(102400K)] 203809K->116142K(335360K), 0.0041720 secs] [Times: user=0.03 sys=0.00, real=0.01 secs] 
296.179: Total time for which application threads were stopped: 0.0043430 seconds, Stopping threads took: 0.0000740 seconds
296.319: Application time: 0.1402450 seconds
296.319: [GC [PSYoungGen: 101541K->13810K(102400K)] 203841K->120385K(335360K), 0.0055450 secs] [Times: user=0.04 sys=0.00, real=0.01 secs] 
296.325: Total time for which application threads were stopped: 0.0057340 seconds, Stopping threads took: 0.0001000 seconds
296.391: Application time: 0.0656000 seconds
296.391: [GC [PSYoungGen: 101502K->13937K(102400K)] 208077K->123363K(335360K), 0.0050150 secs] [Times: user=0.03 sys=0.00, real=0.01 secs] 
296.396: Total time for which application threads were stopped: 0.0056520 seconds, Stopping threads took: 0.0005540 seconds
296.527: Application time: 0.1306100 seconds
296.527: [GC [PSYoungGen: 101661K->13985K(102400K)] 211086K->127686K(335360K), 0.0054250 secs] [Times: user=0.04 sys=0.00, real=0.00 secs] 
296.533: Total time for which application threads were stopped: 0.0056100 seconds, Stopping threads took: 0.0000900 seconds
296.629: Application time: 0.0963220 seconds
296.629: [GC [PSYoungGen: 101677K->13985K(102400K)] 215377K->131961K(335360K), 0.0053610 secs] [Times: user=0.04 sys=0.00, real=0.00 secs] 
296.634: Total time for which application threads were stopped: 0.0055360 seconds, Stopping threads took: 0.0000880 seconds
296.881: Application time: 0.2466270 seconds
296.881: [GC [PSYoungGen: 101688K->13937K(102400K)] 219664K->136188K(335360K), 0.0055970 secs] [Times: user=0.04 sys=0.00, real=0.01 secs] 
296.887: Total time for which application threads were stopped: 0.0057710 seconds, Stopping threads took: 0.0000870 seconds
296.917: Application time: 0.0299210 seconds
296.917: [GC [PSYoungGen: 101614K->14002K(102400K)] 223864K->139815K(335360K), 0.0053360 secs] [Times: user=0.04 sys=0.00, real=0.00 secs] 
296.922: Total time for which application threads were stopped: 0.0055130 seconds, Stopping threads took: 0.0000890 seconds
297.252: Application time: 0.3292880 seconds
297.252: [GC [PSYoungGen: 101681K->13985K(102400K)] 227494K->143393K(335360K), 0.0051740 secs] [Times: user=0.04 sys=0.00, real=0.01 secs] 
297.257: Total time for which application threads were stopped: 0.0053360 seconds, Stopping threads took: 0.0000670 seconds
297.612: Application time: 0.3548650 seconds
297.612: [GC [PSYoungGen: 101675K->13921K(102400K)] 231083K->149069K(335360K), 0.0057690 secs] [Times: user=0.04 sys=0.00, real=0.01 secs] 
297.618: Total time for which application threads were stopped: 0.0059160 seconds, Stopping threads took: 0.0000600 seconds
297.949: Application time: 0.3311820 seconds
297.949: [GC [PSYoungGen: 101596K->13922K(102400K)] 236744K->153385K(335360K), 0.0054090 secs] [Times: user=0.04 sys=0.00, real=0.00 secs] 
297.954: Total time for which application threads were stopped: 0.0055850 seconds, Stopping threads took: 0.0000780 seconds
298.267: Application time: 0.3129980 seconds
298.268: [GC [PSYoungGen: 101608K->13922K(102400K)] 241071K->156948K(335360K), 0.0052030 secs] [Times: user=0.03 sys=0.00, real=0.00 secs] 
298.273: Total time for which application threads were stopped: 0.0053610 seconds, Stopping threads took: 0.0000730 seconds
298.570: Application time: 0.2971420 seconds
298.570: [GC [PSYoungGen: 101609K->13922K(102400K)] 244635K->163361K(335360K), 0.0059460 secs] [Times: user=0.04 sys=0.00, real=0.01 secs] 
298.576: Total time for which application threads were stopped: 0.0061060 seconds, Stopping threads took: 0.0000690 seconds
298.869: Application time: 0.2925670 seconds
298.869: [GC [PSYoungGen: 101608K->13890K(102400K)] 251046K->166219K(335360K), 0.0126230 secs] [Times: user=0.09 sys=0.00, real=0.01 secs] 
298.881: Total time for which application threads were stopped: 0.0127630 seconds, Stopping threads took: 0.0000630 seconds
299.161: Application time: 0.2791740 seconds
299.161: [GC [PSYoungGen: 101561K->13890K(102400K)] 253890K->170495K(335360K), 0.0053730 secs] [Times: user=0.04 sys=0.00, real=0.01 secs] 
299.166: Total time for which application threads were stopped: 0.0055390 seconds, Stopping threads took: 0.0000700 seconds
299.261: Application time: 0.0948150 seconds
299.261: [GC [PSYoungGen: 101607K->13890K(102400K)] 258212K->172673K(335360K), 0.0049670 secs] [Times: user=0.04 sys=0.00, real=0.01 secs] 
299.266: Total time for which application threads were stopped: 0.0051430 seconds, Stopping threads took: 0.0000900 seconds
299.317: Application time: 0.0510440 seconds
299.317: [GC [PSYoungGen: 101603K->13922K(102400K)] 260385K->176267K(335360K), 0.0054110 secs] [Times: user=0.04 sys=0.00, real=0.00 secs] 
299.323: Total time for which application threads were stopped: 0.0055860 seconds, Stopping threads took: 0.0000870 seconds
299.353: Application time: 0.0307340 seconds
299.354: [GC [PSYoungGen: 101623K->13874K(102400K)] 263968K->176267K(335360K), 0.0043640 secs] [Times: user=0.04 sys=0.00, real=0.01 secs] 
299.358: Total time for which application threads were stopped: 0.0045850 seconds, Stopping threads took: 0.0001340 seconds
299.380: Application time: 0.0219570 seconds
299.380: [GC [PSYoungGen: 101564K->13938K(102400K)] 263957K->176331K(335360K), 0.0043510 secs] [Times: user=0.03 sys=0.00, real=0.01 secs] 
299.384: Total time for which application threads were stopped: 0.0045060 seconds, Stopping threads took: 0.0000690 seconds
299.456: Application time: 0.0714720 seconds
299.456: [GC [PSYoungGen: 101624K->13890K(102400K)] 264017K->179878K(335360K), 0.0052500 secs] [Times: user=0.04 sys=0.00, real=0.00 secs] 
299.461: Total time for which application threads were stopped: 0.0054030 seconds, Stopping threads took: 0.0000690 seconds
299.742: Application time: 0.2810790 seconds
299.743: [GC [PSYoungGen: 101592K->13938K(102400K)] 267580K->183488K(335360K), 0.0053930 secs] [Times: user=0.04 sys=0.00, real=0.01 secs] 
299.748: Total time for which application threads were stopped: 0.0055870 seconds, Stopping threads took: 0.0000980 seconds
299.782: Application time: 0.0337560 seconds
299.782: [GC [PSYoungGen: 101618K->13874K(102400K)] 271168K->185602K(335360K), 0.0050540 secs] [Times: user=0.04 sys=0.00, real=0.01 secs] 
299.787: Total time for which application threads were stopped: 0.0052490 seconds, Stopping threads took: 0.0001070 seconds
299.949: Application time: 0.1618850 seconds
299.949: [GC [PSYoungGen: 101579K->13922K(102400K)] 273308K->189213K(335360K), 0.0054100 secs] [Times: user=0.04 sys=0.00, real=0.00 secs] 
299.955: Total time for which application threads were stopped: 0.0055840 seconds, Stopping threads took: 0.0000860 seconds
299.988: Application time: 0.0331690 seconds
299.988: [GC [PSYoungGen: 101604K->13906K(102400K)] 276895K->192047K(335360K), 0.0051900 secs] [Times: user=0.04 sys=0.00, real=0.00 secs] 
299.993: Total time for which application threads were stopped: 0.0053480 seconds, Stopping threads took: 0.0000710 seconds
300.092: Application time: 0.0988700 seconds
300.092: [GC [PSYoungGen: 101617K->13953K(102400K)] 279758K->196370K(335360K), 0.0056000 secs] [Times: user=0.04 sys=0.00, real=0.01 secs] 
300.098: Total time for which application threads were stopped: 0.0057690 seconds, Stopping threads took: 0.0000820 seconds
300.129: Application time: 0.0308570 seconds
300.130: [GC [PSYoungGen: 101624K->13794K(102400K)] 284041K->196923K(335360K), 0.0051210 secs] [Times: user=0.02 sys=0.00, real=0.00 secs] 
300.135: Total time for which application threads were stopped: 0.0063420 seconds, Stopping threads took: 0.0011220 seconds
300.259: Application time: 0.1245470 seconds
300.260: [GC [PSYoungGen: 101515K->14001K(102400K)] 284644K->200693K(335360K), 0.0053280 secs] [Times: user=0.04 sys=0.00, real=0.01 secs] 
300.265: Total time for which application threads were stopped: 0.0055170 seconds, Stopping threads took: 0.0000960 seconds
300.349: Application time: 0.0845500 seconds
300.350: [GC [PSYoungGen: 101701K->13985K(102400K)] 288393K->204952K(335360K), 0.0054480 secs] [Times: user=0.04 sys=0.00, real=0.00 secs] 
300.355: Total time for which application threads were stopped: 0.0056210 seconds, Stopping threads took: 0.0000880 seconds
300.665: Application time: 0.3101160 seconds
300.665: [GC [PSYoungGen: 101682K->13905K(102400K)] 292649K->209860K(335360K), 0.0058590 secs] [Times: user=0.05 sys=0.00, real=0.00 secs] 
300.671: Total time for which application threads were stopped: 0.0060340 seconds, Stopping threads took: 0.0000910 seconds
300.708: Application time: 0.0366510 seconds
300.708: [GC [PSYoungGen: 101580K->13970K(102400K)] 297534K->211349K(335360K), 0.0048720 secs] [Times: user=0.04 sys=0.00, real=0.00 secs] 
300.713: Total time for which application threads were stopped: 0.0050430 seconds, Stopping threads took: 0.0000870 seconds
300.951: Application time: 0.2380020 seconds
300.951: [GC [PSYoungGen: 101647K->14001K(102400K)] 299027K->215696K(335360K), 0.0054950 secs] [Times: user=0.05 sys=0.00, real=0.01 secs] 
300.957: Total time for which application threads were stopped: 0.0056620 seconds, Stopping threads took: 0.0000730 seconds
301.335: Application time: 0.3788300 seconds
301.336: [GC [PSYoungGen: 101699K->13953K(102400K)] 303393K->221388K(335360K), 0.0058590 secs] [Times: user=0.05 sys=0.00, real=0.00 secs] 
301.341: Total time for which application threads were stopped: 0.0060090 seconds, Stopping threads took: 0.0000670 seconds
301.664: Application time: 0.3221810 seconds
301.664: [GC [PSYoungGen: 101628K->13922K(102400K)] 309062K->224951K(335360K), 0.0052460 secs] [Times: user=0.04 sys=0.00, real=0.00 secs] 
301.669: Total time for which application threads were stopped: 0.0054110 seconds, Stopping threads took: 0.0000710 seconds
301.985: Application time: 0.3163750 seconds
301.986: [GC [PSYoungGen: 101598K->13922K(102400K)] 312628K->229227K(335360K), 0.0054580 secs] [Times: user=0.04 sys=0.00, real=0.00 secs] 
301.991: Total time for which application threads were stopped: 0.0056370 seconds, Stopping threads took: 0.0000930 seconds
302.291: Application time: 0.3003790 seconds
302.292: [GC [PSYoungGen: 101617K->13890K(102400K)] 316922K->234895K(335360K), 0.0058360 secs] [Times: user=0.03 sys=0.00, real=0.01 secs] 
302.297: Total time for which application threads were stopped: 0.0060160 seconds, Stopping threads took: 0.0000870 seconds
302.599: Application time: 0.3012900 seconds
302.599: [GC [PSYoungGen: 101569K->13890K(102400K)] 322574K->239219K(335360K), 0.0054370 secs] [Times: user=0.04 sys=0.00, real=0.01 secs] 
302.604: Total time for which application threads were stopped: 0.0055950 seconds, Stopping threads took: 0.0000700 seconds
302.873: Application time: 0.2690950 seconds
302.874: [GC [PSYoungGen: 101570K->13794K(102400K)] 326898K->243398K(335360K), 0.0055850 secs] [Times: user=0.05 sys=0.00, real=0.01 secs] 
302.879: [Full GC [PSYoungGen: 13794K->0K(102400K)] [ParOldGen: 229603K->29480K(232960K)] 243398K->29480K(335360K) [PSPermGen: 6131K->6131K(21504K)], 0.0115340 secs] [Times: user=0.06 sys=0.00, real=0.01 secs] 
302.891: Total time for which application threads were stopped: 0.0173540 seconds, Stopping threads took: 0.0000780 seconds
303.028: Application time: 0.1367810 seconds
303.028: [GC [PSYoungGen: 87715K->14315K(102400K)] 117195K->44507K(335360K), 0.0044550 secs] [Times: user=0.04 sys=0.00, real=0.00 secs] 
303.032: Total time for which application threads were stopped: 0.0046260 seconds, Stopping threads took: 0.0000850 seconds
303.067: Application time: 0.0346670 seconds
303.067: [GC [PSYoungGen: 102021K->13698K(102400K)] 132213K->48166K(335360K), 0.0054520 secs] [Times: user=0.04 sys=0.01, real=0.00 secs] 
303.073: Total time for which application threads were stopped: 0.0056690 seconds, Stopping threads took: 0.0001280 seconds
303.101: Application time: 0.0287510 seconds
303.102: [GC [PSYoungGen: 101410K->13730K(102400K)] 135878K->48911K(335360K), 0.0045040 secs] [Times: user=0.04 sys=0.00, real=0.01 secs] 
303.107: Total time for which application threads were stopped: 0.0053180 seconds, Stopping threads took: 0.0007240 seconds
303.128: Application time: 0.0214060 seconds
303.128: [GC [PSYoungGen: 101400K->13762K(102400K)] 136580K->50368K(335360K), 0.0046360 secs] [Times: user=0.03 sys=0.00, real=0.00 secs] 
303.133: Total time for which application threads were stopped: 0.0050860 seconds, Stopping threads took: 0.0003600 seconds
303.182: Application time: 0.0489010 seconds
303.182: [GC [PSYoungGen: 101461K->13730K(102400K)] 138067K->52473K(335360K), 0.0047270 secs] [Times: user=0.03 sys=0.00, real=0.01 secs] 
303.187: Total time for which application threads were stopped: 0.0048870 seconds, Stopping threads took: 0.0000760 seconds
303.498: Application time: 0.3110560 seconds
303.498: [GC [PSYoungGen: 101398K->13794K(102400K)] 140142K->56812K(335360K), 0.0053060 secs] [Times: user=0.03 sys=0.00, real=0.01 secs] 
303.503: Total time for which application threads were stopped: 0.0054720 seconds, Stopping threads took: 0.0000700 seconds
303.575: Application time: 0.0711510 seconds
303.575: [GC [PSYoungGen: 101498K->13858K(102400K)] 144517K->60439K(335360K), 0.0053370 secs] [Times: user=0.04 sys=0.00, real=0.01 secs] 
303.580: Total time for which application threads were stopped: 0.0055210 seconds, Stopping threads took: 0.0000940 seconds
303.687: Application time: 0.1067280 seconds
303.687: [GC [PSYoungGen: 101575K->13905K(102400K)] 148156K->64050K(335360K), 0.0051320 secs] [Times: user=0.03 sys=0.00, real=0.00 secs] 
303.692: Total time for which application threads were stopped: 0.0052940 seconds, Stopping threads took: 0.0000730 seconds
303.728: Application time: 0.0362390 seconds
303.729: [GC [PSYoungGen: 101573K->13922K(102400K)] 151717K->64778K(335360K), 0.0044120 secs] [Times: user=0.03 sys=0.00, real=0.00 secs] 
303.733: Total time for which application threads were stopped: 0.0045880 seconds, Stopping threads took: 0.0000910 seconds
303.820: Application time: 0.0872660 seconds
303.820: [GC [PSYoungGen: 101642K->13953K(102400K)] 152499K->68373K(335360K), 0.0052990 secs] [Times: user=0.04 sys=0.00, real=0.01 secs] 
303.826: Total time for which application threads were stopped: 0.0054760 seconds, Stopping threads took: 0.0000890 seconds
303.856: Application time: 0.0306860 seconds
303.857: [GC [PSYoungGen: 101626K->13954K(102400K)] 156045K->70511K(335360K), 0.0049650 secs] [Times: user=0.04 sys=0.00, real=0.00 secs] 
303.862: Total time for which application threads were stopped: 0.0051690 seconds, Stopping threads took: 0.0001180 seconds
303.959: Application time: 0.0976900 seconds
303.959: [GC [PSYoungGen: 101668K->13889K(102400K)] 158225K->75434K(335360K), 0.0057420 secs] [Times: user=0.04 sys=0.00, real=0.01 secs] 
303.965: Total time for which application threads were stopped: 0.0059190 seconds, Stopping threads took: 0.0000890 seconds
304.029: Application time: 0.0641600 seconds
304.029: [GC [PSYoungGen: 101583K->13985K(102400K)] 163127K->76955K(335360K), 0.0045790 secs] [Times: user=0.04 sys=0.00, real=0.00 secs] 
304.034: Total time for which application threads were stopped: 0.0047490 seconds, Stopping threads took: 0.0000730 seconds
304.388: Application time: 0.3541640 seconds
304.388: [GC [PSYoungGen: 101658K->13969K(102400K)] 164627K->81926K(335360K), 0.0055140 secs] [Times: user=0.04 sys=0.00, real=0.00 secs] 
304.394: Total time for which application threads were stopped: 0.0056610 seconds, Stopping threads took: 0.0000640 seconds
304.487: Application time: 0.0931390 seconds
304.487: [GC [PSYoungGen: 101683K->14017K(102400K)] 169640K->85537K(335360K), 0.0053680 secs] [Times: user=0.04 sys=0.00, real=0.00 secs] 
304.493: Total time for which application threads were stopped: 0.0055740 seconds, Stopping threads took: 0.0001150 seconds
304.629: Application time: 0.1366570 seconds
304.629: [GC [PSYoungGen: 101706K->13873K(102400K)] 173226K->89708K(335360K), 0.0053650 secs] [Times: user=0.04 sys=0.00, real=0.00 secs] 
304.635: Total time for which application threads were stopped: 0.0055530 seconds, Stopping threads took: 0.0000930 seconds
305.018: Application time: 0.3835490 seconds
305.019: [GC [PSYoungGen: 101571K->13953K(102400K)] 177406K->95528K(335360K), 0.0056580 secs] [Times: user=0.04 sys=0.00, real=0.01 secs] 
305.024: Total time for which application threads were stopped: 0.0058140 seconds, Stopping threads took: 0.0000730 seconds
305.372: Application time: 0.3478640 seconds
305.372: [GC [PSYoungGen: 101617K->13938K(102400K)] 183192K->99828K(335360K), 0.0053630 secs] [Times: user=0.04 sys=0.00, real=0.01 secs] 
305.378: Total time for which application threads were stopped: 0.0055170 seconds, Stopping threads took: 0.0000570 seconds
305.687: Application time: 0.3095810 seconds
305.687: [GC [PSYoungGen: 101623K->13922K(102400K)] 187513K->103375K(335360K), 0.0051380 secs] [Times: user=0.04 sys=0.00, real=0.00 secs] 
305.693: Total time for which application threads were stopped: 0.0052950 seconds, Stopping threads took: 0.0000720 seconds
305.975: Application time: 0.2826760 seconds
305.975: [GC [PSYoungGen: 101618K->13874K(102400K)] 191070K->109740K(335360K), 0.0059330 secs] [Times: user=0.03 sys=0.00, real=0.00 secs] 
305.981: Total time for which application threads were stopped: 0.0060910 seconds, Stopping threads took: 0.0000650 seconds
306.273: Application time: 0.2918650 seconds
306.273: [GC [PSYoungGen: 101536K->13922K(102400K)] 197402K->112639K(335360K), 0.0049810 secs] [Times: user=0.03 sys=0.00, real=0.01 secs] 
306.278: Total time for which application threads were stopped: 0.0051290 seconds, Stopping threads took: 0.0000610 seconds
306.561: Application time: 0.2831100 seconds
306.562: [GC [PSYoungGen: 101619K->13890K(102400K)] 200335K->116922K(335360K), 0.0054000 secs] [Times: user=0.04 sys=0.00, real=0.01 secs] 
306.567: Total time for which application threads were stopped: 0.0055640 seconds, Stopping threads took: 0.0000610 seconds
306.710: Application time: 0.1428410 seconds
306.710: [GC [PSYoungGen: 101600K->13890K(102400K)] 204632K->121942K(335360K), 0.0057810 secs] [Times: user=0.04 sys=0.01, real=0.01 secs] 
306.716: Total time for which application threads were stopped: 0.0059410 seconds, Stopping threads took: 0.0000730 seconds
306.758: Application time: 0.0418740 seconds
306.758: [GC [PSYoungGen: 101578K->13858K(102400K)] 209630K->124048K(335360K), 0.0048270 secs] [Times: user=0.04 sys=0.00, real=0.00 secs] 
306.763: Total time for which application threads were stopped: 0.0049820 seconds, Stopping threads took: 0.0000700 seconds
306.836: Application time: 0.0732370 seconds
306.836: [GC [PSYoungGen: 101563K->13874K(102400K)] 211753K->126962K(335360K), 0.0051290 secs] [Times: user=0.03 sys=0.00, real=0.00 secs] 
306.841: Total time for which application threads were stopped: 0.0052970 seconds, Stopping threads took: 0.0000780 seconds
306.871: Application time: 0.0294120 seconds
306.871: [GC [PSYoungGen: 101585K->13874K(102400K)] 214673K->129812K(335360K), 0.0051970 secs] [Times: user=0.04 sys=0.00, real=0.01 secs] 
306.876: Total time for which application threads were stopped: 0.0053680 seconds, Stopping threads took: 0.0000840 seconds
306.906: Application time: 0.0305690 seconds
306.907: [GC [PSYoungGen: 101556K->13890K(102400K)] 217494K->132718K(335360K), 0.0052530 secs] [Times: user=0.04 sys=0.00, real=0.00 secs] 
306.912: Total time for which application threads were stopped: 0.0054330 seconds, Stopping threads took: 0.0000910 seconds
307.173: Application time: 0.2608920 seconds
307.173: [GC [PSYoungGen: 101558K->13922K(102400K)] 220386K->135600K(335360K), 0.0049450 secs] [Times: user=0.04 sys=0.00, real=0.01 secs] 
307.178: Total time for which application threads were stopped: 0.0051110 seconds, Stopping threads took: 0.0000680 seconds
307.389: Application time: 0.2111290 seconds
307.389: [GC [PSYoungGen: 101630K->13794K(102400K)] 223308K->139747K(335360K), 0.0056910 secs] [Times: user=0.04 sys=0.00, real=0.00 secs] 
307.395: Total time for which application threads were stopped: 0.0058890 seconds, Stopping threads took: 0.0001090 seconds
307.425: Application time: 0.0295980 seconds
307.425: [GC [PSYoungGen: 101468K->13858K(102400K)] 227422K->141277K(335360K), 0.0048350 secs] [Times: user=0.03 sys=0.00, real=0.00 secs] 
307.430: Total time for which application threads were stopped: 0.0050010 seconds, Stopping threads took: 0.0000790 seconds
307.528: Application time: 0.0985310 seconds
307.528: [GC [PSYoungGen: 101565K->13921K(102400K)] 228984K->144190K(335360K), 0.0051810 secs] [Times: user=0.04 sys=0.00, real=0.00 secs] 
307.534: Total time for which application threads were stopped: 0.0054400 seconds, Stopping threads took: 0.0001620 seconds
307.584: Application time: 0.0508530 seconds
307.585: [GC [PSYoungGen: 101615K->13985K(102400K)] 231884K->144967K(335360K), 0.0045070 secs] [Times: user=0.03 sys=0.00, real=0.00 secs] 
307.589: Total time for which application threads were stopped: 0.0046680 seconds, Stopping threads took: 0.0000760 seconds
307.615: Application time: 0.0256990 seconds
307.615: [GC [PSYoungGen: 101716K->14001K(102400K)] 232698K->149258K(335360K), 0.0055980 secs] [Times: user=0.03 sys=0.01, real=0.01 secs] 
307.621: Total time for which application threads were stopped: 0.0057710 seconds, Stopping threads took: 0.0000830 seconds
307.642: Application time: 0.0218220 seconds
307.643: [GC [PSYoungGen: 101680K->13906K(102400K)] 236937K->149875K(335360K), 0.0046390 secs] [Times: user=0.04 sys=0.00, real=0.01 secs] 
307.647: Total time for which application threads were stopped: 0.0048550 seconds, Stopping threads took: 0.0001240 seconds
307.702: Application time: 0.0552620 seconds
307.703: [GC [PSYoungGen: 101601K->13921K(102400K)] 237570K->153453K(335360K), 0.0052490 secs] [Times: user=0.04 sys=0.00, real=0.01 secs] 
307.708: Total time for which application threads were stopped: 0.0054240 seconds, Stopping threads took: 0.0000780 seconds
308.073: Application time: 0.3654140 seconds
308.073: [GC [PSYoungGen: 101594K->13969K(102400K)] 241126K->158489K(335360K), 0.0056210 secs] [Times: user=0.04 sys=0.00, real=0.01 secs] 
308.079: Total time for which application threads were stopped: 0.0057730 seconds, Stopping threads took: 0.0000670 seconds
308.182: Application time: 0.1033600 seconds
308.183: [GC [PSYoungGen: 101676K->14017K(102400K)] 246195K->162099K(335360K), 0.0053190 secs] [Times: user=0.04 sys=0.00, real=0.01 secs] 
308.188: Total time for which application threads were stopped: 0.0054870 seconds, Stopping threads took: 0.0000820 seconds
308.312: Application time: 0.1235940 seconds
308.312: [GC [PSYoungGen: 101701K->14001K(102400K)] 249783K->164973K(335360K), 0.0050280 secs] [Times: user=0.04 sys=0.00, real=0.01 secs] 
308.317: Total time for which application threads were stopped: 0.0051890 seconds, Stopping threads took: 0.0000680 seconds
308.696: Application time: 0.3789690 seconds
308.696: [GC [PSYoungGen: 101707K->13953K(102400K)] 252679K->170626K(335360K), 0.0057180 secs] [Times: user=0.04 sys=0.00, real=0.00 secs] 
308.702: Total time for which application threads were stopped: 0.0058550 seconds, Stopping threads took: 0.0000540 seconds
309.019: Application time: 0.3177500 seconds
309.019: [GC [PSYoungGen: 101619K->13954K(102400K)] 258291K->175654K(335360K), 0.0056300 secs] [Times: user=0.04 sys=0.00, real=0.01 secs] 
309.025: Total time for which application threads were stopped: 0.0057880 seconds, Stopping threads took: 0.0000590 seconds
309.368: Application time: 0.3425590 seconds
309.368: [GC [PSYoungGen: 101630K->13890K(102400K)] 263330K->179193K(335360K), 0.0052150 secs] [Times: user=0.04 sys=0.00, real=0.00 secs] 
309.373: Total time for which application threads were stopped: 0.0053890 seconds, Stopping threads took: 0.0000860 seconds
309.663: Application time: 0.2898070 seconds
309.663: [GC [PSYoungGen: 101602K->13938K(102400K)] 266905K->186366K(335360K), 0.0061790 secs] [Times: user=0.05 sys=0.00, real=0.01 secs] 
309.669: Total time for which application threads were stopped: 0.0063410 seconds, Stopping threads took: 0.0000700 seconds
309.964: Application time: 0.2950510 seconds
309.964: [GC [PSYoungGen: 101599K->13922K(102400K)] 274028K->188488K(335360K), 0.0048820 secs] [Times: user=0.04 sys=0.00, real=0.00 secs] 
309.969: Total time for which application threads were stopped: 0.0050260 seconds, Stopping threads took: 0.0000580 seconds
310.256: Application time: 0.2863380 seconds
310.256: [GC [PSYoungGen: 101610K->13858K(102400K)] 276176K->192740K(335360K), 0.0054820 secs] [Times: user=0.04 sys=0.00, real=0.00 secs] 
310.261: Total time for which application threads were stopped: 0.0056480 seconds, Stopping threads took: 0.0000580 seconds
310.427: Application time: 0.1658130 seconds
310.427: [GC [PSYoungGen: 101576K->13874K(102400K)] 280457K->198456K(335360K), 0.0060180 secs] [Times: user=0.05 sys=0.00, real=0.00 secs] 
310.433: Total time for which application threads were stopped: 0.0062020 seconds, Stopping threads took: 0.0000920 seconds
310.464: Application time: 0.0303620 seconds
310.464: [GC [PSYoungGen: 101549K->13810K(102400K)] 286131K->199865K(335360K), 0.0048210 secs] [Times: user=0.03 sys=0.00, real=0.00 secs] 
310.469: Total time for which application threads were stopped: 0.0050570 seconds, Stopping threads took: 0.0001500 seconds
310.581: Application time: 0.1118480 seconds
310.581: [GC [PSYoungGen: 101527K->13858K(102400K)] 287582K->202840K(335360K), 0.0050530 secs] [Times: user=0.04 sys=0.00, real=0.01 secs] 
310.586: Total time for which application threads were stopped: 0.0052410 seconds, Stopping threads took: 0.0001020 seconds
310.615: Application time: 0.0294790 seconds
310.615: [GC [PSYoungGen: 101572K->13858K(102400K)] 290554K->204977K(335360K), 0.0049590 secs] [Times: user=0.04 sys=0.00, real=0.00 secs] 
310.620: Total time for which application threads were stopped: 0.0051130 seconds, Stopping threads took: 0.0000680 seconds
310.658: Application time: 0.0374760 seconds
310.658: [GC [PSYoungGen: 101534K->13890K(102400K)] 292653K->207147K(335360K), 0.0050270 secs] [Times: user=0.04 sys=0.00, real=0.00 secs] 
310.663: Total time for which application threads were stopped: 0.0052000 seconds, Stopping threads took: 0.0000880 seconds
310.852: Application time: 0.1890000 seconds
310.852: [GC [PSYoungGen: 101563K->13890K(102400K)] 294819K->210709K(335360K), 0.0052950 secs] [Times: user=0.03 sys=0.00, real=0.01 secs] 
310.858: Total time for which application threads were stopped: 0.0054650 seconds, Stopping threads took: 0.0000710 seconds
311.100: Application time: 0.2424260 seconds
311.100: [GC [PSYoungGen: 101591K->13922K(102400K)] 298410K->214304K(335360K), 0.0054150 secs] [Times: user=0.04 sys=0.00, real=0.01 secs] 
311.106: Total time for which application threads were stopped: 0.0056070 seconds, Stopping threads took: 0.0001010 seconds
311.136: Application time: 0.0308760 seconds
311.137: [GC [PSYoungGen: 101602K->13842K(102400K)] 301985K->215697K(335360K), 0.0048470 secs] [Times: user=0.03 sys=0.00, real=0.00 secs] 
311.141: Total time for which application threads were stopped: 0.0050220 seconds, Stopping threads took: 0.0000890 seconds
311.262: Application time: 0.1209590 seconds
311.263: [GC [PSYoungGen: 101548K->13794K(102400K)] 303404K->219924K(335360K), 0.0056420 secs] [Times: user=0.04 sys=0.00, real=0.01 secs] 
311.268: Total time for which application threads were stopped: 0.0058450 seconds, Stopping threads took: 0.0001120 seconds
311.298: Application time: 0.0302110 seconds
311.299: [GC [PSYoungGen: 101473K->13922K(102400K)] 307603K->220765K(335360K), 0.0046100 secs] [Times: user=0.04 sys=0.00, real=0.01 secs] 
311.303: Total time for which application threads were stopped: 0.0048370 seconds, Stopping threads took: 0.0001340 seconds
311.365: Application time: 0.0617450 seconds
311.365: [GC [PSYoungGen: 101666K->13986K(102400K)] 308509K->223679K(335360K), 0.0051580 secs] [Times: user=0.04 sys=0.00, real=0.00 secs] 
311.370: Total time for which application threads were stopped: 0.0053280 seconds, Stopping threads took: 0.0000710 seconds
311.393: Application time: 0.0224790 seconds
311.393: [GC [PSYoungGen: 101666K->13906K(102400K)] 311359K->227874K(335360K), 0.0056090 secs] [Times: user=0.04 sys=0.00, real=0.01 secs] 
311.399: Total time for which application threads were stopped: 0.0059880 seconds, Stopping threads took: 0.0002880 seconds
311.431: Application time: 0.0316570 seconds
311.431: [GC [PSYoungGen: 101586K->13906K(102400K)] 315554K->227874K(335360K), 0.0045620 secs] [Times: user=0.03 sys=0.00, real=0.01 secs] 
311.435: Total time for which application threads were stopped: 0.0047650 seconds, Stopping threads took: 0.0001130 seconds
311.763: Application time: 0.3280590 seconds
311.763: [GC [PSYoungGen: 101587K->13969K(102400K)] 315556K->233638K(335360K), 0.0058310 secs] [Times: user=0.04 sys=0.00, real=0.00 secs] 
311.769: Total time for which application threads were stopped: 0.0059790 seconds, Stopping threads took: 0.0000620 seconds
311.888: Application time: 0.1187940 seconds
311.891: [GC [PSYoungGen: 101678K->14033K(102400K)] 321346K->237264K(335360K), 0.0053160 secs] [Times: user=0.04 sys=0.00, real=0.01 secs] 
311.897: Total time for which application threads were stopped: 0.0084680 seconds, Stopping threads took: 0.0030600 seconds
311.991: Application time: 0.0941620 seconds
311.991: [GC [PSYoungGen: 101718K->13969K(102400K)] 324949K->239378K(335360K), 0.0049700 secs] [Times: user=0.04 sys=0.00, real=0.01 secs] 
311.996: Total time for which application threads were stopped: 0.0051130 seconds, Stopping threads took: 0.0000560 seconds
312.381: Application time: 0.3855470 seconds
312.382: [GC [PSYoungGen: 101667K->13969K(102400K)] 327075K->245791K(335360K), 0.0060340 secs] [Times: user=0.05 sys=0.00, real=0.01 secs] 
312.388: [Full GC [PSYoungGen: 13969K->0K(102400K)] [ParOldGen: 231821K->29480K(232960K)] 245791K->29480K(335360K) [PSPermGen: 6131K->6131K(21504K)], 0.0115000 secs] [Times: user=0.05 sys=0.01, real=0.01 secs] 
312.399: Total time for which application threads were stopped: 0.0177600 seconds, Stopping threads took: 0.0000710 seconds
312.750: Application time: 0.3506750 seconds
312.750: [GC [PSYoungGen: 87673K->13634K(102400K)] 117153K->46676K(335360K), 0.0050060 secs] [Times: user=0.04 sys=0.00, real=0.00 secs] 
312.755: Total time for which application threads were stopped: 0.0051630 seconds, Stopping threads took: 0.0000620 seconds
313.063: Application time: 0.3081050 seconds
313.063: [GC [PSYoungGen: 101309K->13730K(102400K)] 134352K->51048K(335360K), 0.0053160 secs] [Times: user=0.04 sys=0.00, real=0.00 secs] 
313.069: Total time for which application threads were stopped: 0.0054620 seconds, Stopping threads took: 0.0000590 seconds
313.371: Application time: 0.3027240 seconds
313.371: [GC [PSYoungGen: 101441K->13794K(102400K)] 138759K->57525K(335360K), 0.0058570 secs] [Times: user=0.04 sys=0.00, real=0.01 secs] 
313.377: Total time for which application threads were stopped: 0.0060160 seconds, Stopping threads took: 0.0000640 seconds
313.688: Application time: 0.3104470 seconds
313.688: [GC [PSYoungGen: 101455K->13794K(102400K)] 145186K->61801K(335360K), 0.0052660 secs] [Times: user=0.04 sys=0.00, real=0.00 secs] 
313.693: Total time for which application threads were stopped: 0.0054240 seconds, Stopping threads took: 0.0000710 seconds
313.998: Application time: 0.3044000 seconds
313.998: [GC [PSYoungGen: 101474K->13794K(102400K)] 149480K->65364K(335360K), 0.0048920 secs] [Times: user=0.04 sys=0.00, real=0.00 secs] 
314.003: Total time for which application threads were stopped: 0.0050540 seconds, Stopping threads took: 0.0000710 seconds
314.226: Application time: 0.2228010 seconds
314.226: [GC [PSYoungGen: 101516K->13826K(102400K)] 153085K->69671K(335360K), 0.0054650 secs] [Times: user=0.04 sys=0.00, real=0.00 secs] 
314.231: Total time for which application threads were stopped: 0.0056520 seconds, Stopping threads took: 0.0000900 seconds
314.264: Application time: 0.0330920 seconds
314.264: [GC [PSYoungGen: 101504K->13794K(102400K)] 157349K->72489K(335360K), 0.0052260 secs] [Times: user=0.04 sys=0.00, real=0.00 secs] 
314.270: Total time for which application threads were stopped: 0.0054080 seconds, Stopping threads took: 0.0000940 seconds
314.371: Application time: 0.1011540 seconds
314.371: [GC [PSYoungGen: 101505K->13794K(102400K)] 160200K->77477K(335360K), 0.0057140 secs] [Times: user=0.04 sys=0.00, real=0.01 secs] 
314.377: Total time for which application threads were stopped: 0.0058800 seconds, Stopping threads took: 0.0000790 seconds
314.405: Application time: 0.0285650 seconds
314.406: [GC [PSYoungGen: 101501K->13826K(102400K)] 165184K->77509K(335360K), 0.0043550 secs] [Times: user=0.04 sys=0.00, real=0.00 secs] 
314.410: Total time for which application threads were stopped: 0.0049230 seconds, Stopping threads took: 0.0004720 seconds
314.437: Application time: 0.0271810 seconds
314.438: [GC [PSYoungGen: 101506K->13810K(102400K)] 165189K->81056K(335360K), 0.0053110 secs] [Times: user=0.03 sys=0.00, real=0.00 secs] 
314.443: Total time for which application threads were stopped: 0.0054950 seconds, Stopping threads took: 0.0000960 seconds
314.590: Application time: 0.1468330 seconds
314.590: [GC [PSYoungGen: 101503K->13794K(102400K)] 168748K->85315K(335360K), 0.0053490 secs] [Times: user=0.04 sys=0.00, real=0.01 secs] 
314.595: Total time for which application threads were stopped: 0.0055090 seconds, Stopping threads took: 0.0000670 seconds
314.855: Application time: 0.2595430 seconds
314.855: [GC [PSYoungGen: 101487K->13890K(102400K)] 173008K->89686K(335360K), 0.0054810 secs] [Times: user=0.04 sys=0.00, real=0.01 secs] 
314.860: Total time for which application threads were stopped: 0.0056500 seconds, Stopping threads took: 0.0000830 seconds
314.895: Application time: 0.0341070 seconds
314.895: [GC [PSYoungGen: 101568K->13890K(102400K)] 177364K->91824K(335360K), 0.0049940 secs] [Times: user=0.03 sys=0.00, real=0.01 secs] 
314.900: Total time for which application threads were stopped: 0.0051700 seconds, Stopping threads took: 0.0000890 seconds
315.062: Application time: 0.1619900 seconds
315.062: [GC [PSYoungGen: 101595K->13921K(102400K)] 179529K->95418K(335360K), 0.0053010 secs] [Times: user=0.04 sys=0.00, real=0.01 secs] 
315.067: Total time for which application threads were stopped: 0.0054970 seconds, Stopping threads took: 0.0001000 seconds
315.102: Application time: 0.0344140 seconds
315.102: [GC [PSYoungGen: 101597K->13906K(102400K)] 183093K->96827K(335360K), 0.0048400 secs] [Times: user=0.04 sys=0.00, real=0.01 secs] 
315.107: Total time for which application threads were stopped: 0.0050300 seconds, Stopping threads took: 0.0000930 seconds
315.145: Application time: 0.0382610 seconds
315.145: [GC [PSYoungGen: 101621K->13889K(102400K)] 184542K->99661K(335360K), 0.0051110 secs] [Times: user=0.04 sys=0.00, real=0.00 secs] 
315.150: Total time for which application threads were stopped: 0.0052900 seconds, Stopping threads took: 0.0000870 seconds
315.180: Application time: 0.0293390 seconds
315.180: [GC [PSYoungGen: 101595K->13922K(102400K)] 187366K->101118K(335360K), 0.0047530 secs] [Times: user=0.03 sys=0.00, real=0.01 secs] 
315.184: Total time for which application threads were stopped: 0.0049040 seconds, Stopping threads took: 0.0000670 seconds
315.219: Application time: 0.0342870 seconds
315.219: [GC [PSYoungGen: 101610K->13954K(102400K)] 188807K->103288K(335360K), 0.0049790 secs] [Times: user=0.04 sys=0.00, real=0.01 secs] 
315.224: Total time for which application threads were stopped: 0.0051580 seconds, Stopping threads took: 0.0000930 seconds
315.452: Application time: 0.2280170 seconds
315.452: [GC [PSYoungGen: 101640K->13937K(102400K)] 190974K->109684K(335360K), 0.0059340 secs] [Times: user=0.04 sys=0.00, real=0.01 secs] 
315.458: Total time for which application threads were stopped: 0.0060920 seconds, Stopping threads took: 0.0000720 seconds
315.577: Application time: 0.1188380 seconds
315.577: [GC [PSYoungGen: 101644K->14033K(102400K)] 197391K->113343K(335360K), 0.0053860 secs] [Times: user=0.04 sys=0.00, real=0.00 secs] 
315.582: Total time for which application threads were stopped: 0.0055530 seconds, Stopping threads took: 0.0000800 seconds
315.707: Application time: 0.1243820 seconds
315.707: [GC [PSYoungGen: 101717K->14001K(102400K)] 201026K->116914K(335360K), 0.0052660 secs] [Times: user=0.04 sys=0.00, real=0.00 secs] 
315.712: Total time for which application threads were stopped: 0.0054300 seconds, Stopping threads took: 0.0000650 seconds
316.072: Application time: 0.3599000 seconds
316.072: [GC [PSYoungGen: 101686K->13969K(102400K)] 204598K->120444K(335360K), 0.0051530 secs] [Times: user=0.04 sys=0.00, real=0.01 secs] 
316.077: Total time for which application threads were stopped: 0.0053140 seconds, Stopping threads took: 0.0000760 seconds
316.444: Application time: 0.3661110 seconds
316.444: [GC [PSYoungGen: 101658K->13953K(102400K)] 208133K->127593K(335360K), 0.0061650 secs] [Times: user=0.05 sys=0.00, real=0.00 secs] 
316.450: Total time for which application threads were stopped: 0.0063510 seconds, Stopping threads took: 0.0000890 seconds
316.789: Application time: 0.3386200 seconds
316.789: [GC [PSYoungGen: 101620K->13922K(102400K)] 215260K->131885K(335360K), 0.0053440 secs] [Times: user=0.04 sys=0.00, real=0.00 secs] 
316.794: Total time for which application threads were stopped: 0.0055420 seconds, Stopping threads took: 0.0001120 seconds
317.101: Application time: 0.3066000 seconds
317.101: [GC [PSYoungGen: 101616K->13922K(102400K)] 219579K->136161K(335360K), 0.0054840 secs] [Times: user=0.04 sys=0.00, real=0.01 secs] 
317.106: Total time for which application threads were stopped: 0.0056820 seconds, Stopping threads took: 0.0001050 seconds
317.428: Application time: 0.3211880 seconds
317.428: [GC [PSYoungGen: 101600K->13922K(102400K)] 223839K->140436K(335360K), 0.0053500 secs] [Times: user=0.04 sys=0.00, real=0.00 secs] 
317.433: Total time for which application threads were stopped: 0.0055020 seconds, Stopping threads took: 0.0000660 seconds
317.709: Application time: 0.2762550 seconds
317.709: [GC [PSYoungGen: 101601K->13890K(102400K)] 228115K->144720K(335360K), 0.0054100 secs] [Times: user=0.04 sys=0.00, real=0.00 secs] 
317.715: Total time for which application threads were stopped: 0.0055880 seconds, Stopping threads took: 0.0000810 seconds
317.960: Application time: 0.2454390 seconds
317.960: [GC [PSYoungGen: 101613K->13922K(102400K)] 232443K->147602K(335360K), 0.0051950 secs] [Times: user=0.04 sys=0.00, real=0.01 secs] 
317.966: Total time for which application threads were stopped: 0.0053610 seconds, Stopping threads took: 0.0000790 seconds
317.998: Application time: 0.0324570 seconds
317.998: [GC [PSYoungGen: 101607K->13859K(102400K)] 235287K->151854K(335360K), 0.0054880 secs] [Times: user=0.04 sys=0.00, real=0.01 secs] 
318.004: Total time for which application threads were stopped: 0.0056610 seconds, Stopping threads took: 0.0000860 seconds
318.198: Application time: 0.1941000 seconds
318.198: [GC [PSYoungGen: 101566K->13922K(102400K)] 239561K->156193K(335360K), 0.0054810 secs] [Times: user=0.04 sys=0.00, real=0.01 secs] 
318.204: Total time for which application threads were stopped: 0.0056480 seconds, Stopping threads took: 0.0000810 seconds
318.239: Application time: 0.0351680 seconds
318.239: [GC [PSYoungGen: 101600K->13858K(102400K)] 243871K->159011K(335360K), 0.0051600 secs] [Times: user=0.04 sys=0.00, real=0.01 secs] 
318.244: Total time for which application threads were stopped: 0.0053420 seconds, Stopping threads took: 0.0000770 seconds
318.277: Application time: 0.0328490 seconds
318.277: [GC [PSYoungGen: 101571K->13874K(102400K)] 246724K->160500K(335360K), 0.0048210 secs] [Times: user=0.03 sys=0.00, real=0.00 secs] 
318.282: Total time for which application threads were stopped: 0.0049950 seconds, Stopping threads took: 0.0000880 seconds
318.329: Application time: 0.0467020 seconds
318.329: [GC [PSYoungGen: 101557K->13890K(102400K)] 248183K->160516K(335360K), 0.0042480 secs] [Times: user=0.03 sys=0.00, real=0.00 secs] 
318.333: Total time for which application threads were stopped: 0.0044150 seconds, Stopping threads took: 0.0000820 seconds
318.584: Application time: 0.2504610 seconds
318.584: [GC [PSYoungGen: 101584K->13810K(102400K)] 248210K->165423K(335360K), 0.0057800 secs] [Times: user=0.04 sys=0.00, real=0.00 secs] 
318.589: Total time for which application threads were stopped: 0.0059490 seconds, Stopping threads took: 0.0000800 seconds
318.623: Application time: 0.0335490 seconds
318.623: [GC [PSYoungGen: 101490K->13890K(102400K)] 253103K->167681K(335360K), 0.0050380 secs] [Times: user=0.04 sys=0.00, real=0.01 secs] 
318.628: Total time for which application threads were stopped: 0.0052010 seconds, Stopping threads took: 0.0000740 seconds
318.839: Application time: 0.2105710 seconds
318.839: [GC [PSYoungGen: 101560K->13793K(102400K)] 255352K->171147K(335360K), 0.0052370 secs] [Times: user=0.04 sys=0.00, real=0.01 secs] 
318.844: Total time for which application threads were stopped: 0.0054150 seconds, Stopping threads took: 0.0000850 seconds
318.936: Application time: 0.0913330 seconds
318.936: [GC [PSYoungGen: 101535K->13921K(102400K)] 258889K->175550K(335360K), 0.0054700 secs] [Times: user=0.03 sys=0.00, real=0.00 secs] 
318.941: Total time for which application threads were stopped: 0.0056410 seconds, Stopping threads took: 0.0000840 seconds
318.971: Application time: 0.0298510 seconds
318.971: [GC [PSYoungGen: 101626K->11120K(102400K)] 263256K->172749K(335360K), 0.0035640 secs] [Times: user=0.03 sys=0.01, real=0.00 secs] 
318.975: Total time for which application threads were stopped: 0.0038630 seconds, Stopping threads took: 0.0002170 seconds
318.996: Application time: 0.0215110 seconds
318.997: [GC [PSYoungGen: 98798K->13954K(102400K)] 260428K->177720K(335360K), 0.0048920 secs] [Times: user=0.04 sys=0.00, real=0.00 secs] 
319.002: Total time for which application threads were stopped: 0.0057320 seconds, Stopping threads took: 0.0007560 seconds
319.024: Application time: 0.0222380 seconds
319.025: [GC [PSYoungGen: 101644K->13970K(102400K)] 265411K->177736K(335360K), 0.0043490 secs] [Times: user=0.03 sys=0.00, real=0.00 secs] 
319.029: Total time for which application threads were stopped: 0.0045400 seconds, Stopping threads took: 0.0001040 seconds
319.174: Application time: 0.1451680 seconds
319.174: [GC [PSYoungGen: 101666K->13969K(102400K)] 265433K->182011K(335360K), 0.0054310 secs] [Times: user=0.03 sys=0.00, real=0.01 secs] 
319.180: Total time for which application threads were stopped: 0.0055730 seconds, Stopping threads took: 0.0000590 seconds
319.285: Application time: 0.1051780 seconds
319.285: [GC [PSYoungGen: 101677K->13985K(102400K)] 269718K->187015K(335360K), 0.0058110 secs] [Times: user=0.04 sys=0.00, real=0.00 secs] 
319.291: Total time for which application threads were stopped: 0.0059980 seconds, Stopping threads took: 0.0000970 seconds
319.441: Application time: 0.1500450 seconds
319.441: [GC [PSYoungGen: 101668K->13985K(102400K)] 274697K->189905K(335360K), 0.0050100 secs] [Times: user=0.04 sys=0.00, real=0.01 secs] 
319.446: Total time for which application threads were stopped: 0.0051830 seconds, Stopping threads took: 0.0000730 seconds
319.806: Application time: 0.3599580 seconds
319.806: [GC [PSYoungGen: 101649K->14001K(102400K)] 277569K->192771K(335360K), 0.0050270 secs] [Times: user=0.04 sys=0.00, real=0.00 secs] 
319.811: Total time for which application threads were stopped: 0.0051780 seconds, Stopping threads took: 0.0000660 seconds
320.168: Application time: 0.3563770 seconds
320.168: [GC [PSYoungGen: 101708K->13921K(102400K)] 280477K->197014K(335360K), 0.0053710 secs] [Times: user=0.03 sys=0.00, real=0.00 secs] 
320.173: Total time for which application threads were stopped: 0.0055460 seconds, Stopping threads took: 0.0000790 seconds
320.493: Application time: 0.3198420 seconds
320.493: [GC [PSYoungGen: 101596K->13890K(102400K)] 284688K->201970K(335360K), 0.0056570 secs] [Times: user=0.04 sys=0.00, real=0.01 secs] 
320.499: Total time for which application threads were stopped: 0.0058430 seconds, Stopping threads took: 0.0000980 seconds
320.824: Application time: 0.3249110 seconds
320.824: [GC [PSYoungGen: 101575K->13922K(102400K)] 289655K->206325K(335360K), 0.0054570 secs] [Times: user=0.03 sys=0.00, real=0.00 secs] 
320.829: Total time for which application threads were stopped: 0.0056370 seconds, Stopping threads took: 0.0000840 seconds
321.120: Application time: 0.2909820 seconds
321.120: [GC [PSYoungGen: 101609K->13922K(102400K)] 294013K->212739K(335360K), 0.0060330 secs] [Times: user=0.04 sys=0.00, real=0.01 secs] 
321.127: Total time for which application threads were stopped: 0.0061880 seconds, Stopping threads took: 0.0000670 seconds
321.404: Application time: 0.2773150 seconds
321.404: [GC [PSYoungGen: 101601K->13890K(102400K)] 300418K->217735K(335360K), 0.0056550 secs] [Times: user=0.04 sys=0.00, real=0.00 secs] 
321.410: Total time for which application threads were stopped: 0.0058110 seconds, Stopping threads took: 0.0000610 seconds
321.686: Application time: 0.2764000 seconds
321.686: [GC [PSYoungGen: 101611K->13794K(102400K)] 305456K->221202K(335360K), 0.0053490 secs] [Times: user=0.04 sys=0.00, real=0.00 secs] 
321.692: Total time for which application threads were stopped: 0.0055180 seconds, Stopping threads took: 0.0000830 seconds
321.727: Application time: 0.0353090 seconds
321.727: [GC [PSYoungGen: 101464K->13890K(102400K)] 308871K->222723K(335360K), 0.0048490 secs] [Times: user=0.04 sys=0.00, real=0.00 secs] 
321.732: Total time for which application threads were stopped: 0.0050380 seconds, Stopping threads took: 0.0001030 seconds
321.884: Application time: 0.1522240 seconds
321.884: [GC [PSYoungGen: 101574K->13890K(102400K)] 310406K->227074K(335360K), 0.0054890 secs] [Times: user=0.04 sys=0.00, real=0.00 secs] 
321.890: Total time for which application threads were stopped: 0.0056420 seconds, Stopping threads took: 0.0000640 seconds
321.980: Application time: 0.0904220 seconds
321.980: [GC [PSYoungGen: 101633K->13874K(102400K)] 314817K->229244K(335360K), 0.0048440 secs] [Times: user=0.04 sys=0.00, real=0.01 secs] 
321.985: Total time for which application threads were stopped: 0.0050480 seconds, Stopping threads took: 0.0001040 seconds
322.008: Application time: 0.0230300 seconds
322.008: [GC [PSYoungGen: 101551K->13890K(102400K)] 316921K->231398K(335360K), 0.0049630 secs] [Times: user=0.04 sys=0.00, real=0.00 secs] 
322.014: Total time for which application threads were stopped: 0.0051470 seconds, Stopping threads took: 0.0000960 seconds
322.038: Application time: 0.0245380 seconds
322.038: [GC [PSYoungGen: 101574K->13890K(102400K)] 319082K->234248K(335360K), 0.0052430 secs] [Times: user=0.03 sys=0.01, real=0.01 secs] 
322.043: Total time for which application threads were stopped: 0.0054230 seconds, Stopping threads took: 0.0000920 seconds
322.248: Application time: 0.2046220 seconds
322.248: [GC [PSYoungGen: 101592K->13890K(102400K)] 321950K->239236K(335360K), 0.0057520 secs] [Times: user=0.04 sys=0.00, real=0.00 secs] 
322.254: Total time for which application threads were stopped: 0.0059200 seconds, Stopping threads took: 0.0000800 seconds
322.286: Application time: 0.0317810 seconds
322.286: [GC [PSYoungGen: 101569K->13874K(102400K)] 326915K->242831K(335360K), 0.0055160 secs] [Times: user=0.04 sys=0.00, real=0.00 secs] 
322.292: [Full GC [PSYoungGen: 13874K->0K(102400K)] [ParOldGen: 228957K->29482K(232960K)] 242831K->29482K(335360K) [PSPermGen: 6131K->6131K(21504K)], 0.0112620 secs] [Times: user=0.06 sys=0.00, real=0.01 secs] 
322.303: Total time for which application threads were stopped: 0.0170270 seconds, Stopping threads took: 0.0001050 seconds
322.541: Application time: 0.2380950 seconds
322.541: [GC [PSYoungGen: 87669K->14314K(102400K)] 117152K->45934K(335360K), 0.0048740 secs] [Times: user=0.04 sys=0.00, real=0.01 secs] 
322.546: Total time for which application threads were stopped: 0.0050350 seconds, Stopping threads took: 0.0000690 seconds
322.659: Application time: 0.1127540 seconds
322.659: [GC [PSYoungGen: 102092K->13713K(102400K)] 133712K->46759K(335360K), 0.0045540 secs] [Times: user=0.04 sys=0.00, real=0.01 secs] 
322.663: Total time for which application threads were stopped: 0.0047280 seconds, Stopping threads took: 0.0000900 seconds
322.689: Application time: 0.0254860 seconds
322.689: [GC [PSYoungGen: 101380K->13761K(102400K)] 134426K->48945K(335360K), 0.0048350 secs] [Times: user=0.04 sys=0.00, real=0.00 secs] 
322.694: Total time for which application threads were stopped: 0.0052000 seconds, Stopping threads took: 0.0002800 seconds
322.719: Application time: 0.0244290 seconds
322.719: [GC [PSYoungGen: 101445K->13793K(102400K)] 136628K->51827K(335360K), 0.0050400 secs] [Times: user=0.04 sys=0.00, real=0.01 secs] 
322.724: Total time for which application threads were stopped: 0.0056150 seconds, Stopping threads took: 0.0004880 seconds
322.745: Application time: 0.0209120 seconds
322.746: [GC [PSYoungGen: 101467K->13794K(102400K)] 139500K->53965K(335360K), 0.0049070 secs] [Times: user=0.04 sys=0.00, real=0.00 secs] 
322.751: Total time for which application threads were stopped: 0.0054950 seconds, Stopping threads took: 0.0004970 seconds
322.868: Application time: 0.1177150 seconds
322.868: [GC [PSYoungGen: 101485K->13761K(102400K)] 141656K->58208K(335360K), 0.0052400 secs] [Times: user=0.04 sys=0.00, real=0.00 secs] 
322.874: Total time for which application threads were stopped: 0.0054000 seconds, Stopping threads took: 0.0000750 seconds
323.020: Application time: 0.1459820 seconds
323.020: [GC [PSYoungGen: 101475K->13857K(102400K)] 145921K->63291K(335360K), 0.0057090 secs] [Times: user=0.04 sys=0.00, real=0.01 secs] 
323.026: Total time for which application threads were stopped: 0.0058780 seconds, Stopping threads took: 0.0000830 seconds
323.104: Application time: 0.0787660 seconds
323.104: [GC [PSYoungGen: 101551K->13889K(102400K)] 150984K->66173K(335360K), 0.0049580 secs] [Times: user=0.04 sys=0.00, real=0.00 secs] 
323.109: Total time for which application threads were stopped: 0.0051240 seconds, Stopping threads took: 0.0000700 seconds
323.498: Application time: 0.3883050 seconds
323.498: [GC [PSYoungGen: 101553K->13889K(102400K)] 153837K->69023K(335360K), 0.0049330 secs] [Times: user=0.04 sys=0.00, real=0.00 secs] 
323.503: Total time for which application threads were stopped: 0.0050940 seconds, Stopping threads took: 0.0000740 seconds
323.868: Application time: 0.3651830 seconds
323.868: [GC [PSYoungGen: 101579K->13889K(102400K)] 156713K->72586K(335360K), 0.0050080 secs] [Times: user=0.04 sys=0.00, real=0.00 secs] 
323.873: Total time for which application threads were stopped: 0.0054150 seconds, Stopping threads took: 0.0003140 seconds
324.213: Application time: 0.3399750 seconds
324.214: [GC [PSYoungGen: 101581K->13858K(102400K)] 160278K->77542K(335360K), 0.0055330 secs] [Times: user=0.03 sys=0.00, real=0.01 secs] 
324.219: Total time for which application threads were stopped: 0.0059840 seconds, Stopping threads took: 0.0003660 seconds
324.549: Application time: 0.3300550 seconds
324.550: [GC [PSYoungGen: 101526K->13906K(102400K)] 165210K->81153K(335360K), 0.0051620 secs] [Times: user=0.04 sys=0.00, real=0.00 secs] 
324.555: Total time for which application threads were stopped: 0.0053190 seconds, Stopping threads took: 0.0000610 seconds
324.845: Application time: 0.2906000 seconds
324.846: [GC [PSYoungGen: 101601K->13890K(102400K)] 168848K->85412K(335360K), 0.0052770 secs] [Times: user=0.04 sys=0.00, real=0.00 secs] 
324.851: Total time for which application threads were stopped: 0.0054530 seconds, Stopping threads took: 0.0000900 seconds
325.133: Application time: 0.2821140 seconds
325.133: [GC [PSYoungGen: 101578K->13922K(102400K)] 173100K->91145K(335360K), 0.0057560 secs] [Times: user=0.05 sys=0.00, real=0.01 secs] 
325.139: Total time for which application threads were stopped: 0.0059340 seconds, Stopping threads took: 0.0000750 seconds
325.422: Application time: 0.2834080 seconds
325.422: [GC [PSYoungGen: 101593K->13890K(102400K)] 178816K->93251K(335360K), 0.0048590 secs] [Times: user=0.04 sys=0.00, real=0.01 secs] 
325.427: Total time for which application threads were stopped: 0.0050390 seconds, Stopping threads took: 0.0000920 seconds
325.541: Application time: 0.1135630 seconds
325.541: [GC [PSYoungGen: 101616K->13922K(102400K)] 180977K->96846K(335360K), 0.0053630 secs] [Times: user=0.04 sys=0.00, real=0.01 secs] 
325.546: Total time for which application threads were stopped: 0.0055510 seconds, Stopping threads took: 0.0000980 seconds
325.635: Application time: 0.0886070 seconds
325.635: [GC [PSYoungGen: 101607K->13874K(102400K)] 184531K->101133K(335360K), 0.0053150 secs] [Times: user=0.04 sys=0.00, real=0.00 secs] 
325.641: Total time for which application threads were stopped: 0.0055460 seconds, Stopping threads took: 0.0001340 seconds
325.768: Application time: 0.1274730 seconds
325.768: [GC [PSYoungGen: 101592K->13858K(102400K)] 188851K->103319K(335360K), 0.0047490 secs] [Times: user=0.03 sys=0.00, real=0.00 secs] 
325.773: Total time for which application threads were stopped: 0.0049380 seconds, Stopping threads took: 0.0001010 seconds
325.835: Application time: 0.0623740 seconds
325.836: [GC [PSYoungGen: 101333K->13890K(102400K)] 190794K->103351K(335360K), 0.0041930 secs] [Times: user=0.03 sys=0.00, real=0.00 secs] 
325.840: Total time for which application threads were stopped: 0.0043530 seconds, Stopping threads took: 0.0000730 seconds
325.881: Application time: 0.0407480 seconds
325.881: [GC [PSYoungGen: 101806K->13858K(102400K)] 191267K->107594K(335360K), 0.0054880 secs] [Times: user=0.05 sys=0.00, real=0.01 secs] 
325.886: Total time for which application threads were stopped: 0.0056510 seconds, Stopping threads took: 0.0000750 seconds
325.981: Application time: 0.0943230 seconds
325.981: [GC [PSYoungGen: 101575K->13922K(102400K)] 195311K->111221K(335360K), 0.0053670 secs] [Times: user=0.04 sys=0.00, real=0.01 secs] 
325.986: Total time for which application threads were stopped: 0.0055350 seconds, Stopping threads took: 0.0000780 seconds
326.019: Application time: 0.0330230 seconds
326.019: [GC [PSYoungGen: 101599K->13858K(102400K)] 198898K->112630K(335360K), 0.0047350 secs] [Times: user=0.04 sys=0.00, real=0.01 secs] 
326.024: Total time for which application threads were stopped: 0.0049320 seconds, Stopping threads took: 0.0001120 seconds
326.271: Application time: 0.2468090 seconds
326.271: [GC [PSYoungGen: 101527K->13906K(102400K)] 200299K->115527K(335360K), 0.0050280 secs] [Times: user=0.04 sys=0.00, real=0.01 secs] 
326.276: Total time for which application threads were stopped: 0.0051890 seconds, Stopping threads took: 0.0000640 seconds
326.456: Application time: 0.1796310 seconds
326.456: [GC [PSYoungGen: 101603K->13889K(102400K)] 203225K->119074K(335360K), 0.0053610 secs] [Times: user=0.03 sys=0.00, real=0.00 secs] 
326.461: Total time for which application threads were stopped: 0.0055310 seconds, Stopping threads took: 0.0000830 seconds
326.491: Application time: 0.0296280 seconds
326.491: [GC [PSYoungGen: 101573K->13922K(102400K)] 206757K->121956K(335360K), 0.0051870 secs] [Times: user=0.04 sys=0.00, real=0.01 secs] 
326.496: Total time for which application threads were stopped: 0.0053930 seconds, Stopping threads took: 0.0001210 seconds
326.546: Application time: 0.0502890 seconds
326.547: [GC [PSYoungGen: 101661K->13969K(102400K)] 209696K->123429K(335360K), 0.0047730 secs] [Times: user=0.03 sys=0.00, real=0.00 secs] 
326.551: Total time for which application threads were stopped: 0.0049500 seconds, Stopping threads took: 0.0000890 seconds
326.575: Application time: 0.0238340 seconds
326.575: [GC [PSYoungGen: 101643K->13954K(102400K)] 211102K->124838K(335360K), 0.0046900 secs] [Times: user=0.04 sys=0.00, real=0.00 secs] 
326.580: Total time for which application threads were stopped: 0.0048450 seconds, Stopping threads took: 0.0000700 seconds
326.600: Application time: 0.0201790 seconds
326.600: [GC [PSYoungGen: 101638K->14002K(102400K)] 212523K->127024K(335360K), 0.0049440 secs] [Times: user=0.04 sys=0.00, real=0.01 secs] 
326.605: Total time for which application threads were stopped: 0.0051090 seconds, Stopping threads took: 0.0000810 seconds
326.798: Application time: 0.1925150 seconds
326.798: [GC [PSYoungGen: 101722K->13969K(102400K)] 214744K->132692K(335360K), 0.0059530 secs] [Times: user=0.04 sys=0.00, real=0.01 secs] 
326.804: Total time for which application threads were stopped: 0.0061460 seconds, Stopping threads took: 0.0000920 seconds
326.834: Application time: 0.0296410 seconds
326.834: [GC [PSYoungGen: 101644K->14002K(102400K)] 220366K->134149K(335360K), 0.0048480 secs] [Times: user=0.03 sys=0.00, real=0.01 secs] 
326.839: Total time for which application threads were stopped: 0.0050270 seconds, Stopping threads took: 0.0000940 seconds
327.188: Application time: 0.3487570 seconds
327.188: [GC [PSYoungGen: 101674K->13985K(102400K)] 221822K->139160K(335360K), 0.0055520 secs] [Times: user=0.04 sys=0.00, real=0.00 secs] 
327.193: Total time for which application threads were stopped: 0.0057160 seconds, Stopping threads took: 0.0000710 seconds
327.593: Application time: 0.3993840 seconds
327.593: [GC [PSYoungGen: 101674K->13985K(102400K)] 226849K->144860K(335360K), 0.0056980 secs] [Times: user=0.04 sys=0.00, real=0.01 secs] 
327.598: Total time for which application threads were stopped: 0.0058580 seconds, Stopping threads took: 0.0000670 seconds
327.929: Application time: 0.3300660 seconds
327.929: [GC [PSYoungGen: 101676K->13954K(102400K)] 232551K->149856K(335360K), 0.0055490 secs] [Times: user=0.05 sys=0.00, real=0.00 secs] 
327.934: Total time for which application threads were stopped: 0.0057270 seconds, Stopping threads took: 0.0000920 seconds
328.256: Application time: 0.3215590 seconds
328.256: [GC [PSYoungGen: 101612K->13922K(102400K)] 237515K->152002K(335360K), 0.0048470 secs] [Times: user=0.03 sys=0.00, real=0.00 secs] 
328.261: Total time for which application threads were stopped: 0.0050040 seconds, Stopping threads took: 0.0000620 seconds
328.549: Application time: 0.2880890 seconds
328.549: [GC [PSYoungGen: 101626K->13954K(102400K)] 239707K->157022K(335360K), 0.0056460 secs] [Times: user=0.04 sys=0.00, real=0.00 secs] 
328.555: Total time for which application threads were stopped: 0.0058370 seconds, Stopping threads took: 0.0001030 seconds
328.846: Application time: 0.2916130 seconds
328.847: [GC [PSYoungGen: 101641K->13890K(102400K)] 244710K->161987K(335360K), 0.0056180 secs] [Times: user=0.05 sys=0.00, real=0.00 secs] 
328.852: Total time for which application threads were stopped: 0.0057840 seconds, Stopping threads took: 0.0000700 seconds
329.162: Application time: 0.3099570 seconds
329.162: [GC [PSYoungGen: 101562K->13890K(102400K)] 249658K->164124K(335360K), 0.0047780 secs] [Times: user=0.03 sys=0.00, real=0.01 secs] 
329.167: Total time for which application threads were stopped: 0.0049280 seconds, Stopping threads took: 0.0000640 seconds
329.366: Application time: 0.1989670 seconds
329.366: [GC [PSYoungGen: 101603K->13890K(102400K)] 251837K->169825K(335360K), 0.0059850 secs] [Times: user=0.05 sys=0.00, real=0.00 secs] 
329.372: Total time for which application threads were stopped: 0.0061810 seconds, Stopping threads took: 0.0000940 seconds
329.403: Application time: 0.0310990 seconds
329.403: [GC [PSYoungGen: 101573K->13842K(102400K)] 257507K->171242K(335360K), 0.0048780 secs] [Times: user=0.03 sys=0.00, real=0.00 secs] 
329.408: Total time for which application threads were stopped: 0.0050470 seconds, Stopping threads took: 0.0000830 seconds
329.520: Application time: 0.1117530 seconds
329.520: [GC [PSYoungGen: 101552K->13858K(102400K)] 258952K->175533K(335360K), 0.0055980 secs] [Times: user=0.05 sys=0.00, real=0.01 secs] 
329.526: Total time for which application threads were stopped: 0.0057800 seconds, Stopping threads took: 0.0000940 seconds
329.556: Application time: 0.0296200 seconds
329.556: [GC [PSYoungGen: 101641K->13906K(102400K)] 263316K->175658K(335360K), 0.0043400 secs] [Times: user=0.03 sys=0.00, real=0.00 secs] 
329.560: Total time for which application threads were stopped: 0.0044960 seconds, Stopping threads took: 0.0000720 seconds
329.602: Application time: 0.0417660 seconds
329.602: [GC [PSYoungGen: 101517K->13890K(102400K)] 263268K->177779K(335360K), 0.0049850 secs] [Times: user=0.03 sys=0.00, real=0.01 secs] 
329.607: Total time for which application threads were stopped: 0.0051620 seconds, Stopping threads took: 0.0000900 seconds
329.712: Application time: 0.1047960 seconds
329.712: [GC [PSYoungGen: 101608K->13922K(102400K)] 265497K->182799K(335360K), 0.0057330 secs] [Times: user=0.05 sys=0.00, real=0.01 secs] 
329.718: Total time for which application threads were stopped: 0.0059010 seconds, Stopping threads took: 0.0000780 seconds
329.754: Application time: 0.0364150 seconds
329.754: [GC [PSYoungGen: 101597K->13890K(102400K)] 270474K->184945K(335360K), 0.0050540 secs] [Times: user=0.03 sys=0.00, real=0.01 secs] 
329.759: Total time for which application threads were stopped: 0.0052280 seconds, Stopping threads took: 0.0000800 seconds
329.978: Application time: 0.2190580 seconds
329.978: [GC [PSYoungGen: 101561K->13890K(102400K)] 272616K->187794K(335360K), 0.0049660 secs] [Times: user=0.04 sys=0.01, real=0.01 secs] 
329.983: Total time for which application threads were stopped: 0.0051240 seconds, Stopping threads took: 0.0000660 seconds
330.164: Application time: 0.1800560 seconds
330.164: [GC [PSYoungGen: 101587K->13841K(102400K)] 275492K->192021K(335360K), 0.0056160 secs] [Times: user=0.04 sys=0.00, real=0.00 secs] 
330.169: Total time for which application threads were stopped: 0.0057850 seconds, Stopping threads took: 0.0000820 seconds
330.202: Application time: 0.0329730 seconds
330.202: [GC [PSYoungGen: 101520K->13922K(102400K)] 279700K->194952K(335360K), 0.0052200 secs] [Times: user=0.04 sys=0.00, real=0.01 secs] 
330.208: Total time for which application threads were stopped: 0.0054110 seconds, Stopping threads took: 0.0001040 seconds
330.285: Application time: 0.0776520 seconds
330.285: [GC [PSYoungGen: 101642K->13953K(102400K)] 282672K->197833K(335360K), 0.0052230 secs] [Times: user=0.04 sys=0.00, real=0.00 secs] 
330.291: Total time for which application threads were stopped: 0.0053930 seconds, Stopping threads took: 0.0000810 seconds
330.320: Application time: 0.0294290 seconds
330.320: [GC [PSYoungGen: 101661K->13953K(102400K)] 285541K->199258K(335360K), 0.0048920 secs] [Times: user=0.04 sys=0.00, real=0.01 secs] 
330.325: Total time for which application threads were stopped: 0.0050730 seconds, Stopping threads took: 0.0000940 seconds
330.358: Application time: 0.0327960 seconds
330.358: [GC [PSYoungGen: 101633K->13970K(102400K)] 286938K->200700K(335360K), 0.0049170 secs] [Times: user=0.04 sys=0.00, real=0.00 secs] 
330.363: Total time for which application threads were stopped: 0.0051080 seconds, Stopping threads took: 0.0000970 seconds
330.587: Application time: 0.2239270 seconds
330.587: [GC [PSYoungGen: 101688K->14017K(102400K)] 288418K->206447K(335360K), 0.0059800 secs] [Times: user=0.05 sys=0.00, real=0.00 secs] 
330.593: Total time for which application threads were stopped: 0.0061740 seconds, Stopping threads took: 0.0000930 seconds
330.628: Application time: 0.0351770 seconds
330.629: [GC [PSYoungGen: 101696K->14001K(102400K)] 294126K->208569K(335360K), 0.0051150 secs] [Times: user=0.04 sys=0.00, real=0.00 secs] 
330.634: Total time for which application threads were stopped: 0.0052880 seconds, Stopping threads took: 0.0000830 seconds
330.901: Application time: 0.2673270 seconds
330.901: [GC [PSYoungGen: 101679K->13969K(102400K)] 296247K->212140K(335360K), 0.0051800 secs] [Times: user=0.04 sys=0.00, real=0.01 secs] 
330.906: Total time for which application threads were stopped: 0.0053260 seconds, Stopping threads took: 0.0000610 seconds
331.277: Application time: 0.3707580 seconds
331.277: [GC [PSYoungGen: 101655K->14001K(102400K)] 299825K->215022K(335360K), 0.0050720 secs] [Times: user=0.04 sys=0.00, real=0.00 secs] 
331.282: Total time for which application threads were stopped: 0.0052250 seconds, Stopping threads took: 0.0000560 seconds
331.616: Application time: 0.3332560 seconds
331.616: [GC [PSYoungGen: 101692K->13922K(102400K)] 302713K->221395K(335360K), 0.0061040 secs] [Times: user=0.04 sys=0.00, real=0.00 secs] 
331.622: Total time for which application threads were stopped: 0.0062580 seconds, Stopping threads took: 0.0000680 seconds
331.935: Application time: 0.3127060 seconds
331.935: [GC [PSYoungGen: 101580K->13954K(102400K)] 309054K->223605K(335360K), 0.0049130 secs] [Times: user=0.04 sys=0.00, real=0.01 secs] 
331.940: Total time for which application threads were stopped: 0.0051000 seconds, Stopping threads took: 0.0000890 seconds
332.269: Application time: 0.3295370 seconds
332.269: [GC [PSYoungGen: 101657K->13922K(102400K)] 311308K->228561K(335360K), 0.0056330 secs] [Times: user=0.04 sys=0.00, real=0.00 secs] 
332.275: Total time for which application threads were stopped: 0.0057860 seconds, Stopping threads took: 0.0000690 seconds
332.554: Application time: 0.2785150 seconds
332.554: [GC [PSYoungGen: 101609K->13890K(102400K)] 316248K->234982K(335360K), 0.0060820 secs] [Times: user=0.04 sys=0.00, real=0.01 secs] 
332.560: Total time for which application threads were stopped: 0.0062350 seconds, Stopping threads took: 0.0000590 seconds
332.852: Application time: 0.2922980 seconds
332.852: [GC [PSYoungGen: 101552K->13858K(102400K)] 322644K->237088K(335360K), 0.0049080 secs] [Times: user=0.03 sys=0.00, real=0.01 secs] 
332.857: Total time for which application threads were stopped: 0.0050610 seconds, Stopping threads took: 0.0000640 seconds
333.060: Application time: 0.2030400 seconds
333.060: [GC [PSYoungGen: 101576K->13906K(102400K)] 324806K->240699K(335360K), 0.0053380 secs] [Times: user=0.03 sys=0.00, real=0.01 secs] 
333.066: [Full GC [PSYoungGen: 13906K->0K(102400K)] [ParOldGen: 226792K->27659K(232960K)] 240699K->27659K(335360K) [PSPermGen: 6131K->6125K(21504K)], 0.0115250 secs] [Times: user=0.06 sys=0.00, real=0.01 secs] 
333.077: Total time for which application threads were stopped: 0.0172180 seconds, Stopping threads took: 0.0002050 seconds
333.108: Application time: 0.0310100 seconds
333.109: [GC [PSYoungGen: 87685K->10848K(102400K)] 115344K->38508K(335360K), 0.0035380 secs] [Times: user=0.02 sys=0.00, real=0.00 secs] 
333.112: Total time for which application threads were stopped: 0.0037330 seconds, Stopping threads took: 0.0001050 seconds
333.208: Application time: 0.0963100 seconds
333.209: [GC [PSYoungGen: 98558K->13730K(102400K)] 126217K->46378K(335360K), 0.0075470 secs] [Times: user=0.06 sys=0.00, real=0.01 secs] 
333.216: Total time for which application threads were stopped: 0.0077220 seconds, Stopping threads took: 0.0000900 seconds
333.249: Application time: 0.0327780 seconds
333.249: [GC [PSYoungGen: 101416K->13666K(102400K)] 134063K->47026K(335360K), 0.0043870 secs] [Times: user=0.03 sys=0.00, real=0.00 secs] 
333.254: Total time for which application threads were stopped: 0.0045590 seconds, Stopping threads took: 0.0000870 seconds
333.371: Application time: 0.1173910 seconds
333.371: [GC [PSYoungGen: 101383K->13762K(102400K)] 134743K->50685K(335360K), 0.0051930 secs] [Times: user=0.04 sys=0.00, real=0.01 secs] 
333.376: Total time for which application threads were stopped: 0.0053560 seconds, Stopping threads took: 0.0000780 seconds
333.463: Application time: 0.0863770 seconds
333.463: [GC [PSYoungGen: 101448K->13730K(102400K)] 138371K->54215K(335360K), 0.0050790 secs] [Times: user=0.02 sys=0.00, real=0.01 secs] 
333.468: Total time for which application threads were stopped: 0.0052400 seconds, Stopping threads took: 0.0000750 seconds
333.522: Application time: 0.0544210 seconds
333.522: [GC [PSYoungGen: 101434K->13826K(102400K)] 141920K->57874K(335360K), 0.0053500 secs] [Times: user=0.04 sys=0.00, real=0.01 secs] 
333.528: Total time for which application threads were stopped: 0.0055260 seconds, Stopping threads took: 0.0000890 seconds
333.668: Application time: 0.1398760 seconds
333.668: [GC [PSYoungGen: 101509K->13826K(102400K)] 145557K->60724K(335360K), 0.0049250 secs] [Times: user=0.04 sys=0.00, real=0.00 secs] 
333.673: Total time for which application threads were stopped: 0.0051010 seconds, Stopping threads took: 0.0000810 seconds
333.901: Application time: 0.2279060 seconds
333.901: [GC [PSYoungGen: 101524K->13825K(102400K)] 148422K->64287K(335360K), 0.0053020 secs] [Times: user=0.04 sys=0.00, real=0.01 secs] 
333.906: Total time for which application threads were stopped: 0.0054840 seconds, Stopping threads took: 0.0000950 seconds
333.936: Application time: 0.0299660 seconds
333.936: [GC [PSYoungGen: 101504K->13890K(102400K)] 151965K->66488K(335360K), 0.0048860 secs] [Times: user=0.04 sys=0.00, real=0.00 secs] 
333.941: Total time for which application threads were stopped: 0.0050660 seconds, Stopping threads took: 0.0000930 seconds
334.033: Application time: 0.0921030 seconds
334.034: [GC [PSYoungGen: 101604K->13889K(102400K)] 154202K->70763K(335360K), 0.0055030 secs] [Times: user=0.04 sys=0.00, real=0.01 secs] 
334.039: Total time for which application threads were stopped: 0.0056880 seconds, Stopping threads took: 0.0000890 seconds
334.113: Application time: 0.0742350 seconds
334.113: [GC [PSYoungGen: 101581K->13921K(102400K)] 158454K->73645K(335360K), 0.0049300 secs] [Times: user=0.04 sys=0.00, real=0.01 secs] 
334.118: Total time for which application threads were stopped: 0.0050860 seconds, Stopping threads took: 0.0000690 seconds
334.166: Application time: 0.0473540 seconds
334.166: [GC [PSYoungGen: 101632K->13953K(102400K)] 161356K->76527K(335360K), 0.0051140 secs] [Times: user=0.04 sys=0.00, real=0.00 secs] 
334.171: Total time for which application threads were stopped: 0.0052910 seconds, Stopping threads took: 0.0000890 seconds
334.344: Application time: 0.1725590 seconds
334.344: [GC [PSYoungGen: 101674K->13905K(102400K)] 164248K->81467K(335360K), 0.0056010 secs] [Times: user=0.04 sys=0.00, real=0.00 secs] 
334.349: Total time for which application threads were stopped: 0.0057740 seconds, Stopping threads took: 0.0000800 seconds
334.385: Application time: 0.0358470 seconds
334.385: [GC [PSYoungGen: 101578K->13985K(102400K)] 169140K->83685K(335360K), 0.0048530 secs] [Times: user=0.04 sys=0.00, real=0.00 secs] 
334.390: Total time for which application threads were stopped: 0.0050470 seconds, Stopping threads took: 0.0001090 seconds
334.607: Application time: 0.2165900 seconds
334.607: [GC [PSYoungGen: 101674K->14001K(102400K)] 171373K->87263K(335360K), 0.0050880 secs] [Times: user=0.03 sys=0.00, real=0.00 secs] 
334.612: Total time for which application threads were stopped: 0.0052340 seconds, Stopping threads took: 0.0000620 seconds
334.973: Application time: 0.3608730 seconds
334.973: [GC [PSYoungGen: 101672K->13969K(102400K)] 174933K->90081K(335360K), 0.0050120 secs] [Times: user=0.04 sys=0.00, real=0.01 secs] 
334.978: Total time for which application threads were stopped: 0.0051730 seconds, Stopping threads took: 0.0000690 seconds
335.336: Application time: 0.3582680 seconds
335.337: [GC [PSYoungGen: 101668K->13969K(102400K)] 177780K->97246K(335360K), 0.0060960 secs] [Times: user=0.05 sys=0.00, real=0.00 secs] 
335.343: Total time for which application threads were stopped: 0.0062430 seconds, Stopping threads took: 0.0000630 seconds
335.655: Application time: 0.3119990 seconds
335.655: [GC [PSYoungGen: 101636K->13938K(102400K)] 184913K->101490K(335360K), 0.0054110 secs] [Times: user=0.04 sys=0.00, real=0.01 secs] 
335.660: Total time for which application threads were stopped: 0.0055750 seconds, Stopping threads took: 0.0000690 seconds
335.965: Application time: 0.3045950 seconds
335.965: [GC [PSYoungGen: 101624K->13906K(102400K)] 189176K->105774K(335360K), 0.0053590 secs] [Times: user=0.04 sys=0.00, real=0.00 secs] 
335.970: Total time for which application threads were stopped: 0.0055280 seconds, Stopping threads took: 0.0000830 seconds
336.257: Application time: 0.2870240 seconds
336.258: [GC [PSYoungGen: 101611K->13922K(102400K)] 193478K->111490K(335360K), 0.0057910 secs] [Times: user=0.04 sys=0.00, real=0.01 secs] 
336.263: Total time for which application threads were stopped: 0.0059460 seconds, Stopping threads took: 0.0000600 seconds
336.544: Application time: 0.2801830 seconds
336.544: [GC [PSYoungGen: 101584K->13890K(102400K)] 199152K->115061K(335360K), 0.0052450 secs] [Times: user=0.04 sys=0.00, real=0.00 secs] 
336.549: Total time for which application threads were stopped: 0.0053970 seconds, Stopping threads took: 0.0000640 seconds
336.846: Application time: 0.2968960 seconds
336.846: [GC [PSYoungGen: 101570K->13890K(102400K)] 202741K->119337K(335360K), 0.0054120 secs] [Times: user=0.04 sys=0.00, real=0.00 secs] 
336.851: Total time for which application threads were stopped: 0.0055860 seconds, Stopping threads took: 0.0000780 seconds
336.896: Application time: 0.0450420 seconds
336.897: [GC [PSYoungGen: 101602K->13810K(102400K)] 207048K->122876K(335360K), 0.0053260 secs] [Times: user=0.04 sys=0.00, real=0.00 secs] 
336.902: Total time for which application threads were stopped: 0.0056300 seconds, Stopping threads took: 0.0002190 seconds
337.029: Application time: 0.1271710 seconds
337.029: [GC [PSYoungGen: 101451K->13970K(102400K)] 210516K->123748K(335360K), 0.0043090 secs] [Times: user=0.03 sys=0.00, real=0.00 secs] 
337.034: Total time for which application threads were stopped: 0.0044680 seconds, Stopping threads took: 0.0000740 seconds
337.062: Application time: 0.0284370 seconds
337.063: [GC [PSYoungGen: 101748K->13890K(102400K)] 211526K->128704K(335360K), 0.0057410 secs] [Times: user=0.05 sys=0.00, real=0.00 secs] 
337.069: Total time for which application threads were stopped: 0.0068770 seconds, Stopping threads took: 0.0010450 seconds
337.094: Application time: 0.0253710 seconds
337.095: [GC [PSYoungGen: 101574K->13922K(102400K)] 216388K->130874K(335360K), 0.0049940 secs] [Times: user=0.04 sys=0.00, real=0.01 secs] 
337.100: Total time for which application threads were stopped: 0.0051970 seconds, Stopping threads took: 0.0001130 seconds
337.149: Application time: 0.0493750 seconds
337.149: [GC [PSYoungGen: 101612K->13890K(102400K)] 218564K->133019K(335360K), 0.0046640 secs] [Times: user=0.03 sys=0.00, real=0.00 secs] 
337.154: Total time for which application threads were stopped: 0.0048130 seconds, Stopping threads took: 0.0000630 seconds
337.228: Application time: 0.0739260 seconds
337.228: [GC [PSYoungGen: 101598K->13906K(102400K)] 220727K->136638K(335360K), 0.0053430 secs] [Times: user=0.04 sys=0.00, real=0.00 secs] 
337.233: Total time for which application threads were stopped: 0.0055100 seconds, Stopping threads took: 0.0000820 seconds
337.353: Application time: 0.1195910 seconds
337.353: [GC [PSYoungGen: 101590K->13890K(102400K)] 224321K->139472K(335360K), 0.0050090 secs] [Times: user=0.03 sys=0.00, real=0.01 secs] 
337.358: Total time for which application threads were stopped: 0.0051770 seconds, Stopping threads took: 0.0000720 seconds
337.622: Application time: 0.2637170 seconds
337.622: [GC [PSYoungGen: 101582K->13889K(102400K)] 227164K->140897K(335360K), 0.0047600 secs] [Times: user=0.04 sys=0.00, real=0.01 secs] 
337.627: Total time for which application threads were stopped: 0.0049150 seconds, Stopping threads took: 0.0000680 seconds
337.660: Application time: 0.0333920 seconds
337.660: [GC [PSYoungGen: 101567K->13890K(102400K)] 228574K->143747K(335360K), 0.0052120 secs] [Times: user=0.03 sys=0.00, real=0.01 secs] 
337.665: Total time for which application threads were stopped: 0.0053840 seconds, Stopping threads took: 0.0000850 seconds
337.786: Application time: 0.1204060 seconds
337.786: [GC [PSYoungGen: 101600K->13889K(102400K)] 231457K->148022K(335360K), 0.0055530 secs] [Times: user=0.03 sys=0.00, real=0.00 secs] 
337.792: Total time for which application threads were stopped: 0.0057350 seconds, Stopping threads took: 0.0000940 seconds
337.822: Application time: 0.0299630 seconds
337.822: [GC [PSYoungGen: 101572K->13890K(102400K)] 235705K->150872K(335360K), 0.0052000 secs] [Times: user=0.04 sys=0.00, real=0.01 secs] 
337.827: Total time for which application threads were stopped: 0.0053850 seconds, Stopping threads took: 0.0000970 seconds
337.915: Application time: 0.0881270 seconds
337.915: [GC [PSYoungGen: 101605K->13873K(102400K)] 238588K->155843K(335360K), 0.0057670 secs] [Times: user=0.04 sys=0.00, real=0.00 secs] 
337.921: Total time for which application threads were stopped: 0.0059490 seconds, Stopping threads took: 0.0000760 seconds
338.024: Application time: 0.1030420 seconds
338.024: [GC [PSYoungGen: 101569K->13953K(102400K)] 243539K->159494K(335360K), 0.0052130 secs] [Times: user=0.04 sys=0.00, real=0.00 secs] 
338.029: Total time for which application threads were stopped: 0.0053680 seconds, Stopping threads took: 0.0000690 seconds
338.108: Application time: 0.0789470 seconds
338.109: [GC [PSYoungGen: 101661K->14017K(102400K)] 247202K->163833K(335360K), 0.0056620 secs] [Times: user=0.03 sys=0.00, real=0.00 secs] 
338.114: Total time for which application threads were stopped: 0.0058270 seconds, Stopping threads took: 0.0000780 seconds
338.259: Application time: 0.1442840 seconds
338.259: [GC [PSYoungGen: 101708K->13969K(102400K)] 251524K->168060K(335360K), 0.0054420 secs] [Times: user=0.04 sys=0.00, real=0.01 secs] 
338.264: Total time for which application threads were stopped: 0.0056060 seconds, Stopping threads took: 0.0000790 seconds
338.656: Application time: 0.3917630 seconds
338.656: [GC [PSYoungGen: 101642K->13985K(102400K)] 255732K->171679K(335360K), 0.0053130 secs] [Times: user=0.04 sys=0.00, real=0.00 secs] 
338.661: Total time for which application threads were stopped: 0.0054810 seconds, Stopping threads took: 0.0000760 seconds
339.041: Application time: 0.3796960 seconds
339.041: [GC [PSYoungGen: 101682K->13937K(102400K)] 259375K->176695K(335360K), 0.0055750 secs] [Times: user=0.05 sys=0.00, real=0.01 secs] 
339.047: Total time for which application threads were stopped: 0.0057290 seconds, Stopping threads took: 0.0000680 seconds
339.430: Application time: 0.3836630 seconds
339.431: [GC [PSYoungGen: 101604K->13922K(102400K)] 264361K->180241K(335360K), 0.0051830 secs] [Times: user=0.04 sys=0.00, real=0.01 secs] 
339.436: Total time for which application threads were stopped: 0.0053600 seconds, Stopping threads took: 0.0000830 seconds
339.758: Application time: 0.3219250 seconds
339.758: [GC [PSYoungGen: 101607K->13938K(102400K)] 267927K->183108K(335360K), 0.0050540 secs] [Times: user=0.03 sys=0.00, real=0.00 secs] 
339.763: Total time for which application threads were stopped: 0.0052200 seconds, Stopping threads took: 0.0000780 seconds
340.077: Application time: 0.3138350 seconds
340.077: [GC [PSYoungGen: 101634K->13890K(102400K)] 270804K->189473K(335360K), 0.0060680 secs] [Times: user=0.04 sys=0.00, real=0.00 secs] 
340.083: Total time for which application threads were stopped: 0.0062370 seconds, Stopping threads took: 0.0000680 seconds
340.397: Application time: 0.3143990 seconds
340.398: [GC [PSYoungGen: 101561K->13890K(102400K)] 277144K->193781K(335360K), 0.0054830 secs] [Times: user=0.05 sys=0.00, real=0.00 secs] 
340.403: Total time for which application threads were stopped: 0.0056490 seconds, Stopping threads took: 0.0000790 seconds
340.715: Application time: 0.3123950 seconds
340.716: [GC [PSYoungGen: 101570K->13890K(102400K)] 281460K->197344K(335360K), 0.0052680 secs] [Times: user=0.04 sys=0.00, real=0.00 secs] 
340.721: Total time for which application threads were stopped: 0.0054280 seconds, Stopping threads took: 0.0000590 seconds
340.827: Application time: 0.1060020 seconds
340.827: [GC [PSYoungGen: 101607K->13890K(102400K)] 285060K->201675K(335360K), 0.0056350 secs] [Times: user=0.05 sys=0.00, real=0.00 secs] 
340.833: Total time for which application threads were stopped: 0.0058030 seconds, Stopping threads took: 0.0000810 seconds
340.939: Application time: 0.1064970 seconds
340.939: [GC [PSYoungGen: 101575K->13890K(102400K)] 289360K->205238K(335360K), 0.0053110 secs] [Times: user=0.04 sys=0.00, real=0.01 secs] 
340.945: Total time for which application threads were stopped: 0.0054710 seconds, Stopping threads took: 0.0000710 seconds
341.009: Application time: 0.0646540 seconds
341.009: [GC [PSYoungGen: 101628K->13922K(102400K)] 292976K->207447K(335360K), 0.0049820 secs] [Times: user=0.03 sys=0.00, real=0.00 secs] 
341.015: Total time for which application threads were stopped: 0.0051470 seconds, Stopping threads took: 0.0000790 seconds
341.038: Application time: 0.0230780 seconds
341.038: [GC [PSYoungGen: 101611K->13890K(102400K)] 295136K->209553K(335360K), 0.0050450 secs] [Times: user=0.04 sys=0.00, real=0.01 secs] 
341.043: Total time for which application threads were stopped: 0.0058270 seconds, Stopping threads took: 0.0006950 seconds
341.066: Application time: 0.0227400 seconds
341.066: [GC [PSYoungGen: 101567K->13826K(102400K)] 297230K->210962K(335360K), 0.0049290 secs] [Times: user=0.04 sys=0.00, real=0.00 secs] 
341.071: Total time for which application threads were stopped: 0.0051090 seconds, Stopping threads took: 0.0000940 seconds
341.128: Application time: 0.0566710 seconds
341.128: [GC [PSYoungGen: 101536K->13922K(102400K)] 298673K->214621K(335360K), 0.0054980 secs] [Times: user=0.04 sys=0.00, real=0.00 secs] 
341.134: Total time for which application threads were stopped: 0.0056960 seconds, Stopping threads took: 0.0001050 seconds
341.246: Application time: 0.1121750 seconds
341.246: [GC [PSYoungGen: 101606K->13906K(102400K)] 302305K->218215K(335360K), 0.0053200 secs] [Times: user=0.03 sys=0.00, real=0.00 secs] 
341.251: Total time for which application threads were stopped: 0.0054890 seconds, Stopping threads took: 0.0000720 seconds
341.580: Application time: 0.3286880 seconds
341.580: [GC [PSYoungGen: 101600K->13922K(102400K)] 305909K->221794K(335360K), 0.0054550 secs] [Times: user=0.04 sys=0.00, real=0.01 secs] 
341.586: Total time for which application threads were stopped: 0.0056380 seconds, Stopping threads took: 0.0000940 seconds
341.621: Application time: 0.0353390 seconds
341.621: [GC [PSYoungGen: 101603K->13858K(102400K)] 309475K->223868K(335360K), 0.0051590 secs] [Times: user=0.03 sys=0.00, real=0.01 secs] 
341.626: Total time for which application threads were stopped: 0.0053440 seconds, Stopping threads took: 0.0000960 seconds
341.796: Application time: 0.1693080 seconds
341.796: [GC [PSYoungGen: 101563K->13921K(102400K)] 311573K->227494K(335360K), 0.0054610 secs] [Times: user=0.04 sys=0.00, real=0.00 secs] 
341.801: Total time for which application threads were stopped: 0.0056640 seconds, Stopping threads took: 0.0001010 seconds
341.837: Application time: 0.0353320 seconds
341.837: [GC [PSYoungGen: 101605K->13954K(102400K)] 315177K->229664K(335360K), 0.0050990 secs] [Times: user=0.04 sys=0.00, real=0.00 secs] 
341.842: Total time for which application threads were stopped: 0.0052980 seconds, Stopping threads took: 0.0001060 seconds
341.909: Application time: 0.0668520 seconds
341.909: [GC [PSYoungGen: 101662K->13825K(102400K)] 317372K->233098K(335360K), 0.0055240 secs] [Times: user=0.04 sys=0.00, real=0.00 secs] 
341.915: Total time for which application threads were stopped: 0.0057310 seconds, Stopping threads took: 0.0001170 seconds
341.979: Application time: 0.0642780 seconds
341.979: [GC [PSYoungGen: 101519K->13985K(102400K)] 320792K->236821K(335360K), 0.0052910 secs] [Times: user=0.04 sys=0.00, real=0.01 secs] 
341.984: Total time for which application threads were stopped: 0.0054410 seconds, Stopping threads took: 0.0000600 seconds
342.154: Application time: 0.1696210 seconds
342.154: [GC [PSYoungGen: 101707K->13937K(102400K)] 324543K->242473K(335360K), 0.0060900 secs] [Times: user=0.04 sys=0.00, real=0.01 secs] 
342.160: [Full GC [PSYoungGen: 13937K->0K(102400K)] [ParOldGen: 228535K->28045K(232960K)] 242473K->28045K(335360K) [PSPermGen: 6125K->6125K(21504K)], 0.0109770 secs] [Times: user=0.06 sys=0.00, real=0.01 secs] 
342.171: Total time for which application threads were stopped: 0.0173220 seconds, Stopping threads took: 0.0000980 seconds
342.254: Application time: 0.0829710 seconds
342.254: [GC [PSYoungGen: 87691K->14314K(102400K)] 115737K->43793K(335360K), 0.0046290 secs] [Times: user=0.03 sys=0.00, real=0.01 secs] 
342.259: Total time for which application threads were stopped: 0.0047910 seconds, Stopping threads took: 0.0000720 seconds
342.661: Application time: 0.4015860 seconds
342.661: [GC [PSYoungGen: 101976K->13633K(102400K)] 131455K->45962K(335360K), 0.0049450 secs] [Times: user=0.03 sys=0.00, real=0.01 secs] 
342.666: Total time for which application threads were stopped: 0.0051280 seconds, Stopping threads took: 0.0000880 seconds
343.049: Application time: 0.3834180 seconds
343.049: [GC [PSYoungGen: 101314K->13793K(102400K)] 133643K->50398K(335360K), 0.0052500 secs] [Times: user=0.03 sys=0.00, real=0.00 secs] 
343.054: Total time for which application threads were stopped: 0.0053990 seconds, Stopping threads took: 0.0000610 seconds
343.365: Application time: 0.3106630 seconds
343.365: [GC [PSYoungGen: 101485K->13794K(102400K)] 138089K->56098K(335360K), 0.0056410 secs] [Times: user=0.04 sys=0.00, real=0.00 secs] 
343.371: Total time for which application threads were stopped: 0.0058130 seconds, Stopping threads took: 0.0000730 seconds
343.719: Application time: 0.3478480 seconds
343.719: [GC [PSYoungGen: 101462K->13794K(102400K)] 143766K->58236K(335360K), 0.0047760 secs] [Times: user=0.04 sys=0.00, real=0.01 secs] 
343.724: Total time for which application threads were stopped: 0.0049400 seconds, Stopping threads took: 0.0000830 seconds
344.018: Application time: 0.2945490 seconds
344.018: [GC [PSYoungGen: 101507K->13794K(102400K)] 145949K->65362K(335360K), 0.0060730 secs] [Times: user=0.05 sys=0.00, real=0.01 secs] 
344.025: Total time for which application threads were stopped: 0.0062490 seconds, Stopping threads took: 0.0000790 seconds
344.333: Application time: 0.3082410 seconds
344.333: [GC [PSYoungGen: 101464K->13794K(102400K)] 153032K->68925K(335360K), 0.0051710 secs] [Times: user=0.04 sys=0.00, real=0.01 secs] 
344.338: Total time for which application threads were stopped: 0.0053240 seconds, Stopping threads took: 0.0000700 seconds
344.623: Application time: 0.2847380 seconds
344.623: [GC [PSYoungGen: 101465K->13794K(102400K)] 156595K->72488K(335360K), 0.0051430 secs] [Times: user=0.04 sys=0.00, real=0.01 secs] 
344.628: Total time for which application threads were stopped: 0.0053100 seconds, Stopping threads took: 0.0000740 seconds
344.702: Application time: 0.0734450 seconds
344.702: [GC [PSYoungGen: 101508K->13794K(102400K)] 160201K->76763K(335360K), 0.0054980 secs] [Times: user=0.04 sys=0.00, real=0.01 secs] 
344.707: Total time for which application threads were stopped: 0.0056780 seconds, Stopping threads took: 0.0000910 seconds
344.823: Application time: 0.1157940 seconds
344.823: [GC [PSYoungGen: 101487K->13826K(102400K)] 164456K->81070K(335360K), 0.0053450 secs] [Times: user=0.04 sys=0.00, real=0.00 secs] 
344.829: Total time for which application threads were stopped: 0.0055100 seconds, Stopping threads took: 0.0000770 seconds
344.964: Application time: 0.1349230 seconds
344.964: [GC [PSYoungGen: 101559K->13858K(102400K)] 168803K->84665K(335360K), 0.0051870 secs] [Times: user=0.04 sys=0.00, real=0.00 secs] 
344.969: Total time for which application threads were stopped: 0.0053830 seconds, Stopping threads took: 0.0001110 seconds
344.993: Application time: 0.0240970 seconds
344.993: [GC [PSYoungGen: 101577K->13890K(102400K)] 172384K->87548K(335360K), 0.0050070 secs] [Times: user=0.04 sys=0.00, real=0.01 secs] 
344.998: Total time for which application threads were stopped: 0.0052030 seconds, Stopping threads took: 0.0001100 seconds
345.021: Application time: 0.0229790 seconds
345.022: [GC [PSYoungGen: 101562K->13146K(102400K)] 175219K->86803K(335360K), 0.0040690 secs] [Times: user=0.04 sys=0.00, real=0.01 secs] 
345.026: Total time for which application threads were stopped: 0.0050420 seconds, Stopping threads took: 0.0008890 seconds
345.047: Application time: 0.0205350 seconds
345.047: [GC [PSYoungGen: 100824K->13858K(102400K)] 174481K->89653K(335360K), 0.0049070 secs] [Times: user=0.04 sys=0.00, real=0.00 secs] 
345.052: Total time for which application threads were stopped: 0.0054400 seconds, Stopping threads took: 0.0004480 seconds
345.152: Application time: 0.0995340 seconds
345.152: [GC [PSYoungGen: 101551K->13890K(102400K)] 177346K->93960K(335360K), 0.0052800 secs] [Times: user=0.04 sys=0.00, real=0.01 secs] 
345.157: Total time for which application threads were stopped: 0.0054380 seconds, Stopping threads took: 0.0000630 seconds
345.472: Application time: 0.3150390 seconds
345.472: [GC [PSYoungGen: 101548K->13922K(102400K)] 181618K->96130K(335360K), 0.0048620 secs] [Times: user=0.04 sys=0.00, real=0.01 secs] 
345.477: Total time for which application threads were stopped: 0.0050130 seconds, Stopping threads took: 0.0000660 seconds
345.620: Application time: 0.1427490 seconds
345.620: [GC [PSYoungGen: 101627K->13793K(102400K)] 183835K->99564K(335360K), 0.0053290 secs] [Times: user=0.04 sys=0.00, real=0.01 secs] 
345.626: Total time for which application threads were stopped: 0.0054950 seconds, Stopping threads took: 0.0000790 seconds
345.687: Application time: 0.0619600 seconds
345.688: [GC [PSYoungGen: 101515K->13921K(102400K)] 187286K->102542K(335360K), 0.0050010 secs] [Times: user=0.04 sys=0.00, real=0.00 secs] 
345.693: Total time for which application threads were stopped: 0.0051550 seconds, Stopping threads took: 0.0000590 seconds
345.728: Application time: 0.0354460 seconds
345.728: [GC [PSYoungGen: 101490K->14002K(102400K)] 190111K->102622K(335360K), 0.0043930 secs] [Times: user=0.03 sys=0.00, real=0.00 secs] 
345.733: Total time for which application threads were stopped: 0.0045620 seconds, Stopping threads took: 0.0000830 seconds
345.765: Application time: 0.0320370 seconds
345.765: [GC [PSYoungGen: 101813K->13937K(102400K)] 190433K->106833K(335360K), 0.0055870 secs] [Times: user=0.04 sys=0.00, real=0.00 secs] 
345.770: Total time for which application threads were stopped: 0.0057740 seconds, Stopping threads took: 0.0000990 seconds
345.800: Application time: 0.0297030 seconds
345.800: [GC [PSYoungGen: 101614K->13970K(102400K)] 194510K->109003K(335360K), 0.0049740 secs] [Times: user=0.03 sys=0.00, real=0.01 secs] 
345.805: Total time for which application threads were stopped: 0.0051380 seconds, Stopping threads took: 0.0000770 seconds
346.076: Application time: 0.2708200 seconds
346.076: [GC [PSYoungGen: 101694K->14017K(102400K)] 196727K->116176K(335360K), 0.0063720 secs] [Times: user=0.05 sys=0.00, real=0.00 secs] 
346.083: Total time for which application threads were stopped: 0.0065670 seconds, Stopping threads took: 0.0001020 seconds
346.114: Application time: 0.0316390 seconds
346.114: [GC [PSYoungGen: 101701K->14018K(102400K)] 203860K->119739K(335360K), 0.0054470 secs] [Times: user=0.04 sys=0.00, real=0.01 secs] 
346.120: Total time for which application threads were stopped: 0.0056520 seconds, Stopping threads took: 0.0001130 seconds
346.407: Application time: 0.2871650 seconds
346.407: [GC [PSYoungGen: 101685K->13985K(102400K)] 207406K->122597K(335360K), 0.0050300 secs] [Times: user=0.04 sys=0.00, real=0.00 secs] 
346.412: Total time for which application threads were stopped: 0.0051920 seconds, Stopping threads took: 0.0000680 seconds
346.771: Application time: 0.3582290 seconds
346.771: [GC [PSYoungGen: 101675K->13921K(102400K)] 210286K->128233K(335360K), 0.0058100 secs] [Times: user=0.04 sys=0.00, real=0.01 secs] 
346.777: Total time for which application threads were stopped: 0.0059860 seconds, Stopping threads took: 0.0000900 seconds
347.118: Application time: 0.3410370 seconds
347.118: [GC [PSYoungGen: 101613K->13922K(102400K)] 215924K->134001K(335360K), 0.0057310 secs] [Times: user=0.04 sys=0.00, real=0.01 secs] 
347.124: Total time for which application threads were stopped: 0.0059150 seconds, Stopping threads took: 0.0000880 seconds
347.414: Application time: 0.2907370 seconds
347.414: [GC [PSYoungGen: 101590K->13858K(102400K)] 221670K->137541K(335360K), 0.0053000 secs] [Times: user=0.04 sys=0.00, real=0.01 secs] 
347.420: Total time for which application threads were stopped: 0.0054550 seconds, Stopping threads took: 0.0000690 seconds
347.741: Application time: 0.3208090 seconds
347.741: [GC [PSYoungGen: 101571K->13890K(102400K)] 225253K->142561K(335360K), 0.0054900 secs] [Times: user=0.04 sys=0.00, real=0.01 secs] 
347.746: Total time for which application threads were stopped: 0.0056500 seconds, Stopping threads took: 0.0000610 seconds
348.036: Application time: 0.2901630 seconds
348.036: [GC [PSYoungGen: 101560K->13890K(102400K)] 230230K->147549K(335360K), 0.0056450 secs] [Times: user=0.04 sys=0.00, real=0.00 secs] 
348.042: Total time for which application threads were stopped: 0.0057990 seconds, Stopping threads took: 0.0000680 seconds
348.334: Application time: 0.2920020 seconds
348.334: [GC [PSYoungGen: 101552K->13906K(102400K)] 235210K->150415K(335360K), 0.0049450 secs] [Times: user=0.04 sys=0.00, real=0.01 secs] 
348.339: Total time for which application threads were stopped: 0.0051030 seconds, Stopping threads took: 0.0000590 seconds
348.420: Application time: 0.0810610 seconds
348.420: [GC [PSYoungGen: 101632K->13922K(102400K)] 238141K->153281K(335360K), 0.0051910 secs] [Times: user=0.04 sys=0.00, real=0.01 secs] 
348.426: Total time for which application threads were stopped: 0.0053850 seconds, Stopping threads took: 0.0000980 seconds
348.522: Application time: 0.0963890 seconds
348.522: [GC [PSYoungGen: 101607K->13906K(102400K)] 240966K->157580K(335360K), 0.0054430 secs] [Times: user=0.04 sys=0.00, real=0.01 secs] 
348.528: Total time for which application threads were stopped: 0.0056100 seconds, Stopping threads took: 0.0000830 seconds
348.661: Application time: 0.1330910 seconds
348.661: [GC [PSYoungGen: 101616K->13842K(102400K)] 245290K->161832K(335360K), 0.0055720 secs] [Times: user=0.04 sys=0.00, real=0.01 secs] 
348.667: Total time for which application threads were stopped: 0.0057520 seconds, Stopping threads took: 0.0000930 seconds
348.702: Application time: 0.0358380 seconds
348.702: [GC [PSYoungGen: 101560K->13858K(102400K)] 249550K->162616K(335360K), 0.0045360 secs] [Times: user=0.03 sys=0.00, real=0.01 secs] 
348.707: Total time for which application threads were stopped: 0.0046990 seconds, Stopping threads took: 0.0000780 seconds
348.742: Application time: 0.0352880 seconds
348.743: [GC [PSYoungGen: 101372K->12433K(102400K)] 250130K->161191K(335360K), 0.0040280 secs] [Times: user=0.03 sys=0.00, real=0.00 secs] 
348.747: Total time for which application threads were stopped: 0.0049630 seconds, Stopping threads took: 0.0008490 seconds
348.774: Application time: 0.0262460 seconds
348.774: [GC [PSYoungGen: 100308K->13810K(102400K)] 249066K->166131K(335360K), 0.0054360 secs] [Times: user=0.04 sys=0.00, real=0.01 secs] 
348.779: Total time for which application threads were stopped: 0.0056190 seconds, Stopping threads took: 0.0000890 seconds
348.828: Application time: 0.0488250 seconds
348.828: [GC [PSYoungGen: 101504K->13858K(102400K)] 253825K->166219K(335360K), 0.0042070 secs] [Times: user=0.03 sys=0.00, real=0.00 secs] 
348.832: Total time for which application threads were stopped: 0.0043560 seconds, Stopping threads took: 0.0000660 seconds
349.159: Application time: 0.3269280 seconds
349.159: [GC [PSYoungGen: 101517K->13890K(102400K)] 253878K->169813K(335360K), 0.0051690 secs] [Times: user=0.03 sys=0.00, real=0.01 secs] 
349.165: Total time for which application threads were stopped: 0.0053300 seconds, Stopping threads took: 0.0000680 seconds
349.356: Application time: 0.1917760 seconds
349.357: [GC [PSYoungGen: 101594K->13793K(102400K)] 257517K->173280K(335360K), 0.0053630 secs] [Times: user=0.04 sys=0.00, real=0.00 secs] 
349.362: Total time for which application threads were stopped: 0.0055480 seconds, Stopping threads took: 0.0000980 seconds
349.392: Application time: 0.0300680 seconds
349.392: [GC [PSYoungGen: 101468K->13954K(102400K)] 260954K->174865K(335360K), 0.0046490 secs] [Times: user=0.03 sys=0.00, real=0.01 secs] 
349.397: Total time for which application threads were stopped: 0.0050770 seconds, Stopping threads took: 0.0003450 seconds
349.439: Application time: 0.0421220 seconds
349.439: [GC [PSYoungGen: 101666K->13970K(102400K)] 262577K->176306K(335360K), 0.0048190 secs] [Times: user=0.04 sys=0.00, real=0.01 secs] 
349.444: Total time for which application threads were stopped: 0.0050570 seconds, Stopping threads took: 0.0001490 seconds
349.541: Application time: 0.0968420 seconds
349.541: [GC [PSYoungGen: 101687K->13937K(102400K)] 264023K->181261K(335360K), 0.0059130 secs] [Times: user=0.04 sys=0.00, real=0.01 secs] 
349.547: Total time for which application threads were stopped: 0.0061050 seconds, Stopping threads took: 0.0001030 seconds
349.582: Application time: 0.0349320 seconds
349.582: [GC [PSYoungGen: 101624K->13970K(102400K)] 268947K->183431K(335360K), 0.0050160 secs] [Times: user=0.04 sys=0.00, real=0.01 secs] 
349.587: Total time for which application threads were stopped: 0.0051860 seconds, Stopping threads took: 0.0000850 seconds
349.780: Application time: 0.1926050 seconds
349.780: [GC [PSYoungGen: 101693K->14033K(102400K)] 271154K->189195K(335360K), 0.0059910 secs] [Times: user=0.05 sys=0.00, real=0.01 secs] 
349.786: Total time for which application threads were stopped: 0.0061850 seconds, Stopping threads took: 0.0000900 seconds
349.821: Application time: 0.0347230 seconds
349.821: [GC [PSYoungGen: 101713K->14018K(102400K)] 276875K->192742K(335360K), 0.0054960 secs] [Times: user=0.04 sys=0.00, real=0.01 secs] 
349.827: Total time for which application threads were stopped: 0.0056700 seconds, Stopping threads took: 0.0000840 seconds
350.079: Application time: 0.2527310 seconds
350.079: [GC [PSYoungGen: 101687K->14001K(102400K)] 280411K->196329K(335360K), 0.0053140 secs] [Times: user=0.04 sys=0.00, real=0.01 secs] 
350.085: Total time for which application threads were stopped: 0.0054600 seconds, Stopping threads took: 0.0000590 seconds
350.454: Application time: 0.3689750 seconds
350.454: [GC [PSYoungGen: 101682K->14001K(102400K)] 284009K->201316K(335360K), 0.0056070 secs] [Times: user=0.04 sys=0.00, real=0.01 secs] 
350.460: Total time for which application threads were stopped: 0.0057670 seconds, Stopping threads took: 0.0000610 seconds
350.784: Application time: 0.3246970 seconds
350.784: [GC [PSYoungGen: 101700K->13890K(102400K)] 289015K->207665K(335360K), 0.0060630 secs] [Times: user=0.05 sys=0.00, real=0.00 secs] 
350.790: Total time for which application threads were stopped: 0.0062280 seconds, Stopping threads took: 0.0000770 seconds
351.120: Application time: 0.3291350 seconds
351.120: [GC [PSYoungGen: 101557K->13906K(102400K)] 295333K->211284K(335360K), 0.0052870 secs] [Times: user=0.04 sys=0.00, real=0.01 secs] 
351.125: Total time for which application threads were stopped: 0.0054480 seconds, Stopping threads took: 0.0000670 seconds
351.429: Application time: 0.3044580 seconds
351.430: [GC [PSYoungGen: 101601K->13890K(102400K)] 298980K->216296K(335360K), 0.0056550 secs] [Times: user=0.04 sys=0.00, real=0.01 secs] 
351.435: Total time for which application threads were stopped: 0.0058060 seconds, Stopping threads took: 0.0000650 seconds
351.729: Application time: 0.2941410 seconds
351.730: [GC [PSYoungGen: 101577K->13890K(102400K)] 303983K->221284K(335360K), 0.0055840 secs] [Times: user=0.04 sys=0.00, real=0.01 secs] 
351.735: Total time for which application threads were stopped: 0.0058710 seconds, Stopping threads took: 0.0001930 seconds
352.016: Application time: 0.2809250 seconds
352.016: [GC [PSYoungGen: 101551K->13794K(102400K)] 308946K->224751K(335360K), 0.0053490 secs] [Times: user=0.04 sys=0.00, real=0.00 secs] 
352.022: Total time for which application threads were stopped: 0.0055130 seconds, Stopping threads took: 0.0000800 seconds
352.086: Application time: 0.0640850 seconds
352.086: [GC [PSYoungGen: 101501K->13890K(102400K)] 312458K->228410K(335360K), 0.0054860 secs] [Times: user=0.03 sys=0.00, real=0.00 secs] 
352.092: Total time for which application threads were stopped: 0.0056640 seconds, Stopping threads took: 0.0000930 seconds
352.207: Application time: 0.1155550 seconds
352.207: [GC [PSYoungGen: 101592K->13890K(102400K)] 316112K->231300K(335360K), 0.0071720 secs] [Times: user=0.06 sys=0.00, real=0.00 secs] 
352.214: Total time for which application threads were stopped: 0.0073270 seconds, Stopping threads took: 0.0000700 seconds
352.399: Application time: 0.1849090 seconds
352.399: [GC [PSYoungGen: 101631K->13954K(102400K)] 319041K->235640K(335360K), 0.0055450 secs] [Times: user=0.05 sys=0.00, real=0.01 secs] 
352.405: Total time for which application threads were stopped: 0.0057660 seconds, Stopping threads took: 0.0001250 seconds
352.431: Application time: 0.0257770 seconds
352.435: [GC [PSYoungGen: 101631K->13890K(102400K)] 323316K->236336K(335360K), 0.0046710 secs] [Times: user=0.04 sys=0.00, real=0.00 secs] 
352.440: Total time for which application threads were stopped: 0.0091300 seconds, Stopping threads took: 0.0043710 seconds
352.462: Application time: 0.0216310 seconds
352.462: [GC [PSYoungGen: 101569K->13891K(102400K)] 324015K->239940K(335360K), 0.0054150 secs] [Times: user=0.04 sys=0.00, real=0.01 secs] 
352.467: Total time for which application threads were stopped: 0.0056340 seconds, Stopping threads took: 0.0001290 seconds
352.505: Application time: 0.0382340 seconds
352.506: [GC [PSYoungGen: 101616K->13890K(102400K)] 327665K->242077K(335360K), 0.0051610 secs] [Times: user=0.04 sys=0.00, real=0.00 secs] 
352.511: [Full GC [PSYoungGen: 13890K->0K(102400K)] [ParOldGen: 228186K->26623K(232960K)] 242077K->26623K(335360K) [PSPermGen: 6125K->6125K(21504K)], 0.0103050 secs] [Times: user=0.05 sys=0.00, real=0.01 secs] 
352.521: Total time for which application threads were stopped: 0.0156860 seconds, Stopping threads took: 0.0000820 seconds
352.552: Application time: 0.0309360 seconds
352.552: [GC [PSYoungGen: 87672K->5796K(102400K)] 114296K->32420K(335360K), 0.0020370 secs] [Times: user=0.01 sys=0.00, real=0.00 secs] 
352.554: Total time for which application threads were stopped: 0.0023340 seconds, Stopping threads took: 0.0002140 seconds
352.850: Application time: 0.2954190 seconds
352.850: [GC [PSYoungGen: 93464K->14314K(102400K)] 120088K->43083K(335360K), 0.0048290 secs] [Times: user=0.03 sys=0.00, real=0.00 secs] 
352.855: Total time for which application threads were stopped: 0.0050100 seconds, Stopping threads took: 0.0000930 seconds
353.186: Application time: 0.3314540 seconds
353.186: [GC [PSYoungGen: 101980K->13729K(102400K)] 130749K->45349K(335360K), 0.0048540 secs] [Times: user=0.04 sys=0.00, real=0.00 secs] 
353.191: Total time for which application threads were stopped: 0.0050110 seconds, Stopping threads took: 0.0000630 seconds
353.228: Application time: 0.0368200 seconds
353.229: [GC [PSYoungGen: 101497K->13761K(102400K)] 133117K->47518K(335360K), 0.0047950 secs] [Times: user=0.04 sys=0.00, real=0.00 secs] 
353.233: Total time for which application threads were stopped: 0.0051660 seconds, Stopping threads took: 0.0002820 seconds
353.255: Application time: 0.0216630 seconds
353.255: [GC [PSYoungGen: 101430K->13745K(102400K)] 135187K->48927K(335360K), 0.0047490 secs] [Times: user=0.03 sys=0.00, real=0.00 secs] 
353.260: Total time for which application threads were stopped: 0.0049580 seconds, Stopping threads took: 0.0001160 seconds
353.282: Application time: 0.0224840 seconds
353.283: [GC [PSYoungGen: 101422K->13858K(102400K)] 136604K->51177K(335360K), 0.0048780 secs] [Times: user=0.03 sys=0.00, real=0.00 secs] 
353.288: Total time for which application threads were stopped: 0.0057140 seconds, Stopping threads took: 0.0007530 seconds
353.309: Application time: 0.0206470 seconds
353.309: [GC [PSYoungGen: 101537K->13794K(102400K)] 138856K->53251K(335360K), 0.0048830 secs] [Times: user=0.03 sys=0.00, real=0.00 secs] 
353.314: Total time for which application threads were stopped: 0.0050660 seconds, Stopping threads took: 0.0000950 seconds
353.509: Application time: 0.1953320 seconds
353.509: [GC [PSYoungGen: 101539K->13889K(102400K)] 140996K->59759K(335360K), 0.0059840 secs] [Times: user=0.04 sys=0.00, real=0.01 secs] 
353.515: Total time for which application threads were stopped: 0.0061420 seconds, Stopping threads took: 0.0000710 seconds
353.549: Application time: 0.0340410 seconds
353.550: [GC [PSYoungGen: 101562K->13873K(102400K)] 147432K->62593K(335360K), 0.0051340 secs] [Times: user=0.04 sys=0.00, real=0.00 secs] 
353.555: Total time for which application threads were stopped: 0.0053060 seconds, Stopping threads took: 0.0000840 seconds
353.781: Application time: 0.2267170 seconds
353.782: [GC [PSYoungGen: 101553K->13889K(102400K)] 150273K->65459K(335360K), 0.0048820 secs] [Times: user=0.04 sys=0.00, real=0.01 secs] 
353.786: Total time for which application threads were stopped: 0.0050460 seconds, Stopping threads took: 0.0000670 seconds
354.158: Application time: 0.3711820 seconds
354.158: [GC [PSYoungGen: 101562K->13889K(102400K)] 153132K->68310K(335360K), 0.0048930 secs] [Times: user=0.03 sys=0.00, real=0.00 secs] 
354.163: Total time for which application threads were stopped: 0.0050650 seconds, Stopping threads took: 0.0000860 seconds
354.506: Application time: 0.3432570 seconds
354.506: [GC [PSYoungGen: 101597K->13889K(102400K)] 156017K->75435K(335360K), 0.0060490 secs] [Times: user=0.04 sys=0.00, real=0.00 secs] 
354.512: Total time for which application threads were stopped: 0.0062190 seconds, Stopping threads took: 0.0000640 seconds
354.829: Application time: 0.3172120 seconds
354.830: [GC [PSYoungGen: 101557K->13890K(102400K)] 163102K->78998K(335360K), 0.0051830 secs] [Times: user=0.04 sys=0.00, real=0.00 secs] 
354.835: Total time for which application threads were stopped: 0.0053300 seconds, Stopping threads took: 0.0000600 seconds
355.158: Application time: 0.3227900 seconds
355.158: [GC [PSYoungGen: 101576K->13890K(102400K)] 166684K->80423K(335360K), 0.0044710 secs] [Times: user=0.03 sys=0.00, real=0.00 secs] 
355.162: Total time for which application threads were stopped: 0.0046510 seconds, Stopping threads took: 0.0000890 seconds
355.454: Application time: 0.2913140 seconds
355.454: [GC [PSYoungGen: 101585K->13922K(102400K)] 168118K->86156K(335360K), 0.0057000 secs] [Times: user=0.04 sys=0.00, real=0.01 secs] 
355.459: Total time for which application threads were stopped: 0.0058780 seconds, Stopping threads took: 0.0000930 seconds
355.749: Application time: 0.2896130 seconds
355.749: [GC [PSYoungGen: 101585K->13938K(102400K)] 173819K->86885K(335360K), 0.0044070 secs] [Times: user=0.03 sys=0.00, real=0.00 secs] 
355.754: Total time for which application threads were stopped: 0.0045970 seconds, Stopping threads took: 0.0000920 seconds
355.789: Application time: 0.0355860 seconds
355.789: [GC [PSYoungGen: 101641K->13922K(102400K)] 174588K->89719K(335360K), 0.0051750 secs] [Times: user=0.04 sys=0.00, real=0.00 secs] 
355.795: Total time for which application threads were stopped: 0.0053470 seconds, Stopping threads took: 0.0000870 seconds
355.942: Application time: 0.1472700 seconds
355.942: [GC [PSYoungGen: 101606K->13922K(102400K)] 177403K->92569K(335360K), 0.0049890 secs] [Times: user=0.04 sys=0.00, real=0.01 secs] 
355.947: Total time for which application threads were stopped: 0.0051470 seconds, Stopping threads took: 0.0000730 seconds
356.183: Application time: 0.2358940 seconds
356.183: [GC [PSYoungGen: 101643K->13858K(102400K)] 180289K->97609K(335360K), 0.0057190 secs] [Times: user=0.04 sys=0.00, real=0.01 secs] 
356.189: Total time for which application threads were stopped: 0.0058890 seconds, Stopping threads took: 0.0000820 seconds
356.221: Application time: 0.0321910 seconds
356.221: [GC [PSYoungGen: 101538K->13858K(102400K)] 185289K->100459K(335360K), 0.0051940 secs] [Times: user=0.04 sys=0.00, real=0.01 secs] 
356.226: Total time for which application threads were stopped: 0.0053720 seconds, Stopping threads took: 0.0000860 seconds
356.286: Application time: 0.0598460 seconds
356.286: [GC [PSYoungGen: 101571K->13890K(102400K)] 188173K->102629K(335360K), 0.0048130 secs] [Times: user=0.03 sys=0.00, real=0.00 secs] 
356.291: Total time for which application threads were stopped: 0.0050020 seconds, Stopping threads took: 0.0000820 seconds
356.318: Application time: 0.0270310 seconds
356.318: [GC [PSYoungGen: 101594K->13922K(102400K)] 190332K->104799K(335360K), 0.0049500 secs] [Times: user=0.04 sys=0.00, real=0.01 secs] 
356.323: Total time for which application threads were stopped: 0.0051890 seconds, Stopping threads took: 0.0001510 seconds
356.355: Application time: 0.0318570 seconds
356.355: [GC [PSYoungGen: 101617K->13858K(102400K)] 192494K->106921K(335360K), 0.0049530 secs] [Times: user=0.04 sys=0.00, real=0.00 secs] 
356.360: Total time for which application threads were stopped: 0.0051140 seconds, Stopping threads took: 0.0000730 seconds
356.565: Application time: 0.2046900 seconds
356.565: [GC [PSYoungGen: 101530K->13890K(102400K)] 194592K->111227K(335360K), 0.0053640 secs] [Times: user=0.04 sys=0.00, real=0.00 secs] 
356.571: Total time for which application threads were stopped: 0.0055160 seconds, Stopping threads took: 0.0000670 seconds
356.902: Application time: 0.3318380 seconds
356.903: [GC [PSYoungGen: 101556K->13890K(102400K)] 198893K->114077K(335360K), 0.0049550 secs] [Times: user=0.03 sys=0.00, real=0.01 secs] 
356.908: Total time for which application threads were stopped: 0.0051370 seconds, Stopping threads took: 0.0000860 seconds
356.969: Application time: 0.0618470 seconds
356.970: [GC [PSYoungGen: 101627K->13954K(102400K)] 201814K->116991K(335360K), 0.0052590 secs] [Times: user=0.04 sys=0.00, real=0.00 secs] 
356.975: Total time for which application threads were stopped: 0.0057340 seconds, Stopping threads took: 0.0003670 seconds
356.998: Application time: 0.0226070 seconds
356.998: [GC [PSYoungGen: 101629K->13938K(102400K)] 204666K->119113K(335360K), 0.0049520 secs] [Times: user=0.04 sys=0.00, real=0.00 secs] 
357.003: Total time for which application threads were stopped: 0.0051670 seconds, Stopping threads took: 0.0001280 seconds
357.029: Application time: 0.0265320 seconds
357.030: [GC [PSYoungGen: 101618K->13890K(102400K)] 206794K->119065K(335360K), 0.0044340 secs] [Times: user=0.03 sys=0.00, real=0.00 secs] 
357.034: Total time for which application threads were stopped: 0.0046110 seconds, Stopping threads took: 0.0000910 seconds
357.078: Application time: 0.0438250 seconds
357.078: [GC [PSYoungGen: 101604K->14001K(102400K)] 206779K->122027K(335360K), 0.0051340 secs] [Times: user=0.04 sys=0.00, real=0.01 secs] 
357.083: Total time for which application threads were stopped: 0.0053130 seconds, Stopping threads took: 0.0000830 seconds
357.233: Application time: 0.1501870 seconds
357.234: [GC [PSYoungGen: 101705K->13969K(102400K)] 209730K->126278K(335360K), 0.0053670 secs] [Times: user=0.04 sys=0.00, real=0.01 secs] 
357.239: Total time for which application threads were stopped: 0.0055160 seconds, Stopping threads took: 0.0000660 seconds
357.365: Application time: 0.1265440 seconds
357.366: [GC [PSYoungGen: 101677K->14001K(102400K)] 213985K->131337K(335360K), 0.0058830 secs] [Times: user=0.04 sys=0.00, real=0.00 secs] 
357.372: Total time for which application threads were stopped: 0.0060430 seconds, Stopping threads took: 0.0000710 seconds
357.482: Application time: 0.1101570 seconds
357.482: [GC [PSYoungGen: 101684K->13985K(102400K)] 219020K->134171K(335360K), 0.0050240 secs] [Times: user=0.04 sys=0.00, real=0.01 secs] 
357.487: Total time for which application threads were stopped: 0.0052030 seconds, Stopping threads took: 0.0000730 seconds
357.859: Application time: 0.3725480 seconds
357.860: [GC [PSYoungGen: 101649K->13985K(102400K)] 221835K->137022K(335360K), 0.0050240 secs] [Times: user=0.04 sys=0.00, real=0.01 secs] 
357.865: Total time for which application threads were stopped: 0.0051920 seconds, Stopping threads took: 0.0000840 seconds
358.205: Application time: 0.3402900 seconds
358.205: [GC [PSYoungGen: 101692K->13953K(102400K)] 224728K->142017K(335360K), 0.0055500 secs] [Times: user=0.04 sys=0.00, real=0.00 secs] 
358.211: Total time for which application threads were stopped: 0.0057500 seconds, Stopping threads took: 0.0001070 seconds
358.535: Application time: 0.3241490 seconds
358.535: [GC [PSYoungGen: 101620K->13986K(102400K)] 229684K->145612K(335360K), 0.0052570 secs] [Times: user=0.04 sys=0.00, real=0.01 secs] 
358.540: Total time for which application threads were stopped: 0.0054070 seconds, Stopping threads took: 0.0000650 seconds
358.874: Application time: 0.3335030 seconds
358.874: [GC [PSYoungGen: 101664K->13922K(102400K)] 233290K->148431K(335360K), 0.0050330 secs] [Times: user=0.04 sys=0.00, real=0.01 secs] 
358.879: Total time for which application threads were stopped: 0.0051960 seconds, Stopping threads took: 0.0000620 seconds
359.166: Application time: 0.2867840 seconds
359.166: [GC [PSYoungGen: 101626K->13890K(102400K)] 236135K->154852K(335360K), 0.0060310 secs] [Times: user=0.05 sys=0.00, real=0.00 secs] 
359.172: Total time for which application threads were stopped: 0.0061790 seconds, Stopping threads took: 0.0000610 seconds
359.469: Application time: 0.2966320 seconds
359.469: [GC [PSYoungGen: 101586K->13922K(102400K)] 242548K->157734K(335360K), 0.0049320 secs] [Times: user=0.04 sys=0.00, real=0.00 secs] 
359.474: Total time for which application threads were stopped: 0.0050930 seconds, Stopping threads took: 0.0000680 seconds
359.509: Application time: 0.0352300 seconds
359.509: [GC [PSYoungGen: 101603K->13794K(102400K)] 245415K->161169K(335360K), 0.0053720 secs] [Times: user=0.04 sys=0.00, real=0.00 secs] 
359.514: Total time for which application threads were stopped: 0.0055430 seconds, Stopping threads took: 0.0000840 seconds
359.642: Application time: 0.1271530 seconds
359.642: [GC [PSYoungGen: 101479K->13954K(102400K)] 248854K->164179K(335360K), 0.0050110 secs] [Times: user=0.03 sys=0.00, real=0.01 secs] 
359.647: Total time for which application threads were stopped: 0.0051800 seconds, Stopping threads took: 0.0000820 seconds
359.927: Application time: 0.2807270 seconds
359.928: [GC [PSYoungGen: 101674K->13890K(102400K)] 251899K->167754K(335360K), 0.0052360 secs] [Times: user=0.04 sys=0.00, real=0.00 secs] 
359.933: Total time for which application threads were stopped: 0.0054680 seconds, Stopping threads took: 0.0001460 seconds
359.961: Application time: 0.0278350 seconds
359.961: [GC [PSYoungGen: 101593K->13906K(102400K)] 255457K->170620K(335360K), 0.0051860 secs] [Times: user=0.04 sys=0.00, real=0.01 secs] 
359.966: Total time for which application threads were stopped: 0.0053550 seconds, Stopping threads took: 0.0000830 seconds
359.988: Application time: 0.0220330 seconds
359.988: [GC [PSYoungGen: 101579K->13906K(102400K)] 258293K->172758K(335360K), 0.0049300 secs] [Times: user=0.03 sys=0.00, real=0.00 secs] 
359.993: Total time for which application threads were stopped: 0.0052420 seconds, Stopping threads took: 0.0002160 seconds
360.029: Application time: 0.0360750 seconds
360.030: [GC [PSYoungGen: 101624K->13922K(102400K)] 260476K->174239K(335360K), 0.0046370 secs] [Times: user=0.04 sys=0.00, real=0.00 secs] 
360.034: Total time for which application threads were stopped: 0.0047780 seconds, Stopping threads took: 0.0000570 seconds
360.073: Application time: 0.0384120 seconds
360.073: [GC [PSYoungGen: 101596K->13922K(102400K)] 261913K->176377K(335360K), 0.0049260 secs] [Times: user=0.03 sys=0.00, real=0.01 secs] 
360.078: Total time for which application threads were stopped: 0.0050900 seconds, Stopping threads took: 0.0000770 seconds
360.279: Application time: 0.2014390 seconds
360.279: [GC [PSYoungGen: 101613K->13890K(102400K)] 264067K->180660K(335360K), 0.0053470 secs] [Times: user=0.04 sys=0.00, real=0.01 secs] 
360.285: Total time for which application threads were stopped: 0.0055000 seconds, Stopping threads took: 0.0000670 seconds
360.590: Application time: 0.3055820 seconds
360.590: [GC [PSYoungGen: 101556K->13906K(102400K)] 268326K->183526K(335360K), 0.0050320 secs] [Times: user=0.01 sys=0.02, real=0.01 secs] 
360.595: Total time for which application threads were stopped: 0.0051980 seconds, Stopping threads took: 0.0000720 seconds
360.712: Application time: 0.1162590 seconds
360.712: [GC [PSYoungGen: 101613K->13905K(102400K)] 271233K->185663K(335360K), 0.0049230 secs] [Times: user=0.03 sys=0.00, real=0.01 secs] 
360.717: Total time for which application threads were stopped: 0.0050790 seconds, Stopping threads took: 0.0000690 seconds
360.793: Application time: 0.0759820 seconds
360.793: [GC [PSYoungGen: 101623K->13905K(102400K)] 273381K->189226K(335360K), 0.0053880 secs] [Times: user=0.04 sys=0.00, real=0.01 secs] 
360.798: Total time for which application threads were stopped: 0.0055600 seconds, Stopping threads took: 0.0000860 seconds
360.833: Application time: 0.0343330 seconds
360.833: [GC [PSYoungGen: 101607K->13954K(102400K)] 276928K->192124K(335360K), 0.0053760 secs] [Times: user=0.04 sys=0.00, real=0.01 secs] 
360.839: Total time for which application threads were stopped: 0.0059190 seconds, Stopping threads took: 0.0004550 seconds
360.865: Application time: 0.0267450 seconds
360.866: [GC [PSYoungGen: 101633K->13985K(102400K)] 279804K->194293K(335360K), 0.0050530 secs] [Times: user=0.04 sys=0.00, real=0.00 secs] 
360.871: Total time for which application threads were stopped: 0.0052480 seconds, Stopping threads took: 0.0001070 seconds
360.919: Application time: 0.0480140 seconds
360.919: [GC [PSYoungGen: 101687K->13969K(102400K)] 281995K->196415K(335360K), 0.0049150 secs] [Times: user=0.04 sys=0.00, real=0.01 secs] 
360.924: Total time for which application threads were stopped: 0.0050770 seconds, Stopping threads took: 0.0000670 seconds
361.091: Application time: 0.1675590 seconds
361.091: [GC [PSYoungGen: 101677K->13937K(102400K)] 284122K->202844K(335360K), 0.0062480 secs] [Times: user=0.05 sys=0.00, real=0.01 secs] 
361.098: Total time for which application threads were stopped: 0.0064360 seconds, Stopping threads took: 0.0000830 seconds
361.164: Application time: 0.0667230 seconds
361.165: [GC [PSYoungGen: 101629K->13985K(102400K)] 290535K->205742K(335360K), 0.0050990 secs] [Times: user=0.04 sys=0.00, real=0.00 secs] 
361.170: Total time for which application threads were stopped: 0.0052470 seconds, Stopping threads took: 0.0000600 seconds
361.543: Application time: 0.3728110 seconds
361.543: [GC [PSYoungGen: 101649K->13985K(102400K)] 293406K->209304K(335360K), 0.0052310 secs] [Times: user=0.04 sys=0.00, real=0.01 secs] 
361.548: Total time for which application threads were stopped: 0.0053900 seconds, Stopping threads took: 0.0000740 seconds
361.912: Application time: 0.3638390 seconds
361.912: [GC [PSYoungGen: 101675K->13953K(102400K)] 296994K->213588K(335360K), 0.0054380 secs] [Times: user=0.03 sys=0.01, real=0.01 secs] 
361.917: Total time for which application threads were stopped: 0.0056010 seconds, Stopping threads took: 0.0000710 seconds
362.234: Application time: 0.3168070 seconds
362.234: [GC [PSYoungGen: 101646K->13954K(102400K)] 301280K->217895K(335360K), 0.0053890 secs] [Times: user=0.04 sys=0.00, real=0.01 secs] 
362.240: Total time for which application threads were stopped: 0.0055330 seconds, Stopping threads took: 0.0000600 seconds
362.596: Application time: 0.3558440 seconds
362.596: [GC [PSYoungGen: 101622K->13890K(102400K)] 305563K->221394K(335360K), 0.0051790 secs] [Times: user=0.04 sys=0.00, real=0.00 secs] 
362.601: Total time for which application threads were stopped: 0.0053350 seconds, Stopping threads took: 0.0000570 seconds
362.887: Application time: 0.2860040 seconds
362.887: [GC [PSYoungGen: 101593K->13890K(102400K)] 309098K->227135K(335360K), 0.0058820 secs] [Times: user=0.04 sys=0.00, real=0.00 secs] 
362.893: Total time for which application threads were stopped: 0.0060440 seconds, Stopping threads took: 0.0000770 seconds
363.189: Application time: 0.2964550 seconds
363.191: [GC [PSYoungGen: 101560K->13826K(102400K)] 314804K->231346K(335360K), 0.0057660 secs] [Times: user=0.03 sys=0.00, real=0.01 secs] 
363.197: Total time for which application threads were stopped: 0.0077330 seconds, Stopping threads took: 0.0018570 seconds
363.253: Application time: 0.0561630 seconds
363.254: [GC [PSYoungGen: 101533K->13922K(102400K)] 319053K->233580K(335360K), 0.0049730 secs] [Times: user=0.03 sys=0.00, real=0.01 secs] 
363.259: Total time for which application threads were stopped: 0.0052710 seconds, Stopping threads took: 0.0002110 seconds
363.395: Application time: 0.1368310 seconds
363.396: [GC [PSYoungGen: 101607K->13922K(102400K)] 321264K->236430K(335360K), 0.0050110 secs] [Times: user=0.03 sys=0.00, real=0.00 secs] 
363.401: Total time for which application threads were stopped: 0.0052180 seconds, Stopping threads took: 0.0001210 seconds
363.678: Application time: 0.2770310 seconds
363.678: [GC [PSYoungGen: 101609K->13858K(102400K)] 324117K->239977K(335360K), 0.0053800 secs] [Times: user=0.03 sys=0.00, real=0.00 secs] 
363.683: Total time for which application threads were stopped: 0.0055530 seconds, Stopping threads took: 0.0000750 seconds
363.760: Application time: 0.0770350 seconds
363.760: [GC [PSYoungGen: 101591K->13874K(102400K)] 327710K->244316K(335360K), 0.0056580 secs] [Times: user=0.04 sys=0.00, real=0.01 secs] 
363.766: [Full GC [PSYoungGen: 13874K->0K(102400K)] [ParOldGen: 230442K->28050K(232960K)] 244316K->28050K(335360K) [PSPermGen: 6125K->6125K(21504K)], 0.0108060 secs] [Times: user=0.06 sys=0.00, real=0.01 secs] 
363.777: Total time for which application threads were stopped: 0.0167310 seconds, Stopping threads took: 0.0001150 seconds
363.800: Application time: 0.0235270 seconds
363.801: [GC [PSYoungGen: 87673K->5924K(102400K)] 115724K->33974K(335360K), 0.0020430 secs] [Times: user=0.01 sys=0.00, real=0.00 secs] 
363.803: Total time for which application threads were stopped: 0.0021940 seconds, Stopping threads took: 0.0000740 seconds
363.824: Application time: 0.0211340 seconds
363.824: [GC [PSYoungGen: 93602K->7285K(102400K)] 121652K->35336K(335360K), 0.0023650 secs] [Times: user=0.02 sys=0.00, real=0.00 secs] 
363.826: Total time for which application threads were stopped: 0.0025460 seconds, Stopping threads took: 0.0000970 seconds
363.925: Application time: 0.0983570 seconds
363.925: [GC [PSYoungGen: 95012K->13730K(102400K)] 123062K->48193K(335360K), 0.0059960 secs] [Times: user=0.03 sys=0.00, real=0.00 secs] 
363.931: Total time for which application threads were stopped: 0.0061670 seconds, Stopping threads took: 0.0000840 seconds
363.987: Application time: 0.0556350 seconds
363.987: [GC [PSYoungGen: 101417K->13730K(102400K)] 135881K->49618K(335360K), 0.0045250 secs] [Times: user=0.04 sys=0.00, real=0.00 secs] 
363.991: Total time for which application threads were stopped: 0.0047150 seconds, Stopping threads took: 0.0001030 seconds
364.313: Application time: 0.3218670 seconds
364.313: [GC [PSYoungGen: 101397K->13746K(102400K)] 137285K->53909K(335360K), 0.0052600 secs] [Times: user=0.04 sys=0.00, real=0.01 secs] 
364.319: Total time for which application threads were stopped: 0.0054260 seconds, Stopping threads took: 0.0000680 seconds
364.404: Application time: 0.0853680 seconds
364.404: [GC [PSYoungGen: 101453K->13794K(102400K)] 141617K->58232K(335360K), 0.0054780 secs] [Times: user=0.04 sys=0.00, real=0.00 secs] 
364.410: Total time for which application threads were stopped: 0.0056460 seconds, Stopping threads took: 0.0000790 seconds
364.532: Application time: 0.1222020 seconds
364.532: [GC [PSYoungGen: 101509K->13825K(102400K)] 145948K->61827K(335360K), 0.0050630 secs] [Times: user=0.04 sys=0.00, real=0.01 secs] 
364.537: Total time for which application threads were stopped: 0.0052450 seconds, Stopping threads took: 0.0000960 seconds
364.572: Application time: 0.0351270 seconds
364.572: [GC [PSYoungGen: 101496K->13793K(102400K)] 149497K->63932K(335360K), 0.0049220 secs] [Times: user=0.03 sys=0.00, real=0.01 secs] 
364.577: Total time for which application threads were stopped: 0.0050770 seconds, Stopping threads took: 0.0000680 seconds
364.635: Application time: 0.0573640 seconds
364.635: [GC [PSYoungGen: 101507K->13793K(102400K)] 151646K->67495K(335360K), 0.0053640 secs] [Times: user=0.04 sys=0.00, real=0.01 secs] 
364.640: Total time for which application threads were stopped: 0.0055570 seconds, Stopping threads took: 0.0001080 seconds
364.670: Application time: 0.0297700 seconds
364.670: [GC [PSYoungGen: 101472K->13794K(102400K)] 155174K->70345K(335360K), 0.0051390 secs] [Times: user=0.04 sys=0.00, real=0.01 secs] 
364.675: Total time for which application threads were stopped: 0.0053200 seconds, Stopping threads took: 0.0000930 seconds
364.894: Application time: 0.2185540 seconds
364.894: [GC [PSYoungGen: 101516K->13921K(102400K)] 158067K->75461K(335360K), 0.0056700 secs] [Times: user=0.05 sys=0.00, real=0.01 secs] 
364.900: Total time for which application threads were stopped: 0.0058600 seconds, Stopping threads took: 0.0000910 seconds
364.931: Application time: 0.0316920 seconds
364.931: [GC [PSYoungGen: 101600K->13922K(102400K)] 163139K->77598K(335360K), 0.0049610 secs] [Times: user=0.03 sys=0.01, real=0.01 secs] 
364.936: Total time for which application threads were stopped: 0.0051330 seconds, Stopping threads took: 0.0000860 seconds
365.231: Application time: 0.2945020 seconds
365.231: [GC [PSYoungGen: 101595K->13921K(102400K)] 165272K->81873K(335360K), 0.0053300 secs] [Times: user=0.04 sys=0.00, real=0.01 secs] 
365.236: Total time for which application threads were stopped: 0.0054850 seconds, Stopping threads took: 0.0000720 seconds
365.623: Application time: 0.3869700 seconds
365.624: [GC [PSYoungGen: 101601K->13921K(102400K)] 169553K->86148K(335360K), 0.0053560 secs] [Times: user=0.04 sys=0.00, real=0.00 secs] 
365.629: Total time for which application threads were stopped: 0.0055170 seconds, Stopping threads took: 0.0000680 seconds
365.962: Application time: 0.3335350 seconds
365.963: [GC [PSYoungGen: 101613K->13890K(102400K)] 173840K->92529K(335360K), 0.0059580 secs] [Times: user=0.05 sys=0.00, real=0.01 secs] 
365.969: Total time for which application threads were stopped: 0.0061330 seconds, Stopping threads took: 0.0000900 seconds
366.290: Application time: 0.3217000 seconds
366.290: [GC [PSYoungGen: 101566K->13938K(102400K)] 180206K->96853K(335360K), 0.0053870 secs] [Times: user=0.04 sys=0.00, real=0.01 secs] 
366.296: Total time for which application threads were stopped: 0.0055510 seconds, Stopping threads took: 0.0000720 seconds
366.593: Application time: 0.2968930 seconds
366.593: [GC [PSYoungGen: 101624K->13906K(102400K)] 184539K->100384K(335360K), 0.0051080 secs] [Times: user=0.04 sys=0.00, real=0.01 secs] 
366.598: Total time for which application threads were stopped: 0.0052490 seconds, Stopping threads took: 0.0000560 seconds
366.879: Application time: 0.2814540 seconds
366.883: [GC [PSYoungGen: 101593K->13826K(102400K)] 188071K->106765K(335360K), 0.0059850 secs] [Times: user=0.04 sys=0.00, real=0.00 secs] 
366.889: Total time for which application threads were stopped: 0.0098130 seconds, Stopping threads took: 0.0037210 seconds
366.978: Application time: 0.0882310 seconds
366.978: [GC [PSYoungGen: 101535K->13842K(102400K)] 194474K->110344K(335360K), 0.0054470 secs] [Times: user=0.04 sys=0.00, real=0.00 secs] 
366.983: Total time for which application threads were stopped: 0.0056480 seconds, Stopping threads took: 0.0001050 seconds
367.074: Application time: 0.0904300 seconds
367.074: [GC [PSYoungGen: 101536K->13922K(102400K)] 198037K->113274K(335360K), 0.0049420 secs] [Times: user=0.04 sys=0.00, real=0.01 secs] 
367.079: Total time for which application threads were stopped: 0.0050940 seconds, Stopping threads took: 0.0000660 seconds
367.390: Application time: 0.3108970 seconds
367.390: [GC [PSYoungGen: 101593K->13890K(102400K)] 200944K->117557K(335360K), 0.0053270 secs] [Times: user=0.04 sys=0.00, real=0.00 secs] 
367.395: Total time for which application threads were stopped: 0.0054960 seconds, Stopping threads took: 0.0000720 seconds
367.592: Application time: 0.1965780 seconds
367.592: [GC [PSYoungGen: 101663K->13922K(102400K)] 205330K->119767K(335360K), 0.0048770 secs] [Times: user=0.04 sys=0.00, real=0.01 secs] 
367.597: Total time for which application threads were stopped: 0.0050630 seconds, Stopping threads took: 0.0001010 seconds
367.624: Application time: 0.0272010 seconds
367.624: [GC [PSYoungGen: 101562K->13938K(102400K)] 207407K->121208K(335360K), 0.0047390 secs] [Times: user=0.03 sys=0.00, real=0.00 secs] 
367.629: Total time for which application threads were stopped: 0.0052900 seconds, Stopping threads took: 0.0004640 seconds
367.653: Application time: 0.0241520 seconds
367.654: [GC [PSYoungGen: 101409K->13938K(102400K)] 208679K->121248K(335360K), 0.0043320 secs] [Times: user=0.03 sys=0.00, real=0.01 secs] 
367.658: Total time for which application threads were stopped: 0.0044980 seconds, Stopping threads took: 0.0000790 seconds
367.684: Application time: 0.0261460 seconds
367.684: [GC [PSYoungGen: 101871K->13890K(102400K)] 209181K->124763K(335360K), 0.0053510 secs] [Times: user=0.04 sys=0.00, real=0.00 secs] 
367.690: Total time for which application threads were stopped: 0.0055160 seconds, Stopping threads took: 0.0000790 seconds
367.720: Application time: 0.0300670 seconds
367.720: [GC [PSYoungGen: 101563K->13858K(102400K)] 212436K->125491K(335360K), 0.0046690 secs] [Times: user=0.04 sys=0.00, real=0.01 secs] 
367.724: Total time for which application threads were stopped: 0.0048420 seconds, Stopping threads took: 0.0000830 seconds
368.002: Application time: 0.2775640 seconds
368.002: [GC [PSYoungGen: 101533K->13890K(102400K)] 213166K->129086K(335360K), 0.0051700 secs] [Times: user=0.04 sys=0.00, real=0.01 secs] 
368.007: Total time for which application threads were stopped: 0.0053420 seconds, Stopping threads took: 0.0000670 seconds
368.111: Application time: 0.1040160 seconds
368.112: [GC [PSYoungGen: 101597K->13890K(102400K)] 216793K->132648K(335360K), 0.0053180 secs] [Times: user=0.04 sys=0.00, real=0.01 secs] 
368.117: Total time for which application threads were stopped: 0.0054890 seconds, Stopping threads took: 0.0000820 seconds
368.197: Application time: 0.0796480 seconds
368.197: [GC [PSYoungGen: 101608K->13953K(102400K)] 220366K->135562K(335360K), 0.0051410 secs] [Times: user=0.04 sys=0.00, real=0.00 secs] 
368.202: Total time for which application threads were stopped: 0.0053140 seconds, Stopping threads took: 0.0000890 seconds
368.238: Application time: 0.0360790 seconds
368.238: [GC [PSYoungGen: 101630K->13890K(102400K)] 223239K->137636K(335360K), 0.0049890 secs] [Times: user=0.04 sys=0.00, real=0.00 secs] 
368.243: Total time for which application threads were stopped: 0.0051690 seconds, Stopping threads took: 0.0000930 seconds
368.440: Application time: 0.1969520 seconds
368.440: [GC [PSYoungGen: 101593K->13873K(102400K)] 225339K->141895K(335360K), 0.0054490 secs] [Times: user=0.04 sys=0.00, real=0.01 secs] 
368.446: Total time for which application threads were stopped: 0.0056150 seconds, Stopping threads took: 0.0000790 seconds
368.481: Application time: 0.0357730 seconds
368.482: [GC [PSYoungGen: 101543K->13970K(102400K)] 229564K->144129K(335360K), 0.0050290 secs] [Times: user=0.04 sys=0.00, real=0.01 secs] 
368.487: Total time for which application threads were stopped: 0.0052050 seconds, Stopping threads took: 0.0000890 seconds
368.573: Application time: 0.0862660 seconds
368.573: [GC [PSYoungGen: 101703K->13921K(102400K)] 231862K->148355K(335360K), 0.0056030 secs] [Times: user=0.05 sys=0.00, real=0.01 secs] 
368.579: Total time for which application threads were stopped: 0.0057800 seconds, Stopping threads took: 0.0000830 seconds
368.609: Application time: 0.0301890 seconds
368.609: [GC [PSYoungGen: 101596K->13922K(102400K)] 236030K->149829K(335360K), 0.0048310 secs] [Times: user=0.04 sys=0.00, real=0.00 secs] 
368.614: Total time for which application threads were stopped: 0.0050110 seconds, Stopping threads took: 0.0000910 seconds
368.927: Application time: 0.3127190 seconds
368.927: [GC [PSYoungGen: 101603K->13985K(102400K)] 237511K->154880K(335360K), 0.0056830 secs] [Times: user=0.04 sys=0.00, real=0.00 secs] 
368.933: Total time for which application threads were stopped: 0.0058630 seconds, Stopping threads took: 0.0000900 seconds
369.292: Application time: 0.3595040 seconds
369.292: [GC [PSYoungGen: 101658K->13969K(102400K)] 242553K->159139K(335360K), 0.0053730 secs] [Times: user=0.04 sys=0.00, real=0.01 secs] 
369.298: Total time for which application threads were stopped: 0.0055590 seconds, Stopping threads took: 0.0000860 seconds
369.651: Application time: 0.3536880 seconds
369.651: [GC [PSYoungGen: 101669K->13970K(102400K)] 246839K->163467K(335360K), 0.0053650 secs] [Times: user=0.04 sys=0.00, real=0.01 secs] 
369.657: Total time for which application threads were stopped: 0.0055390 seconds, Stopping threads took: 0.0000860 seconds
369.975: Application time: 0.3176960 seconds
369.975: [GC [PSYoungGen: 101645K->13922K(102400K)] 251142K->167726K(335360K), 0.0053320 secs] [Times: user=0.05 sys=0.00, real=0.01 secs] 
369.980: Total time for which application threads were stopped: 0.0054910 seconds, Stopping threads took: 0.0000670 seconds
370.284: Application time: 0.3035920 seconds
370.284: [GC [PSYoungGen: 101600K->13922K(102400K)] 255404K->170617K(335360K), 0.0049390 secs] [Times: user=0.04 sys=0.00, real=0.00 secs] 
370.289: Total time for which application threads were stopped: 0.0050790 seconds, Stopping threads took: 0.0000550 seconds
370.570: Application time: 0.2813980 seconds
370.570: [GC [PSYoungGen: 101618K->13890K(102400K)] 258312K->176285K(335360K), 0.0058280 secs] [Times: user=0.04 sys=0.00, real=0.01 secs] 
370.576: Total time for which application threads were stopped: 0.0059910 seconds, Stopping threads took: 0.0000630 seconds
370.704: Application time: 0.1279650 seconds
370.704: [GC [PSYoungGen: 101591K->13922K(102400K)] 263986K->177030K(335360K), 0.0045750 secs] [Times: user=0.03 sys=0.00, real=0.00 secs] 
370.709: Total time for which application threads were stopped: 0.0047440 seconds, Stopping threads took: 0.0000810 seconds
370.781: Application time: 0.0721780 seconds
370.781: [GC [PSYoungGen: 101613K->13890K(102400K)] 264721K->179848K(335360K), 0.0051060 secs] [Times: user=0.04 sys=0.00, real=0.01 secs] 
370.786: Total time for which application threads were stopped: 0.0052610 seconds, Stopping threads took: 0.0000700 seconds
371.074: Application time: 0.2881030 seconds
371.074: [GC [PSYoungGen: 101569K->13890K(102400K)] 267527K->184164K(335360K), 0.0054520 secs] [Times: user=0.04 sys=0.00, real=0.01 secs] 
371.080: Total time for which application threads were stopped: 0.0056120 seconds, Stopping threads took: 0.0000670 seconds
371.285: Application time: 0.2051550 seconds
371.285: [GC [PSYoungGen: 101600K->13890K(102400K)] 271873K->187766K(335360K), 0.0052990 secs] [Times: user=0.04 sys=0.00, real=0.00 secs] 
371.291: Total time for which application threads were stopped: 0.0054720 seconds, Stopping threads took: 0.0000860 seconds
371.321: Application time: 0.0301510 seconds
371.321: [GC [PSYoungGen: 101567K->13874K(102400K)] 275443K->189888K(335360K), 0.0050380 secs] [Times: user=0.03 sys=0.00, real=0.01 secs] 
371.326: Total time for which application threads were stopped: 0.0052300 seconds, Stopping threads took: 0.0001040 seconds
371.376: Application time: 0.0499890 seconds
371.376: [GC [PSYoungGen: 101589K->13145K(102400K)] 277603K->189199K(335360K), 0.0040860 secs] [Times: user=0.03 sys=0.00, real=0.00 secs] 
371.380: Total time for which application threads were stopped: 0.0042620 seconds, Stopping threads took: 0.0000880 seconds
371.450: Application time: 0.0693760 seconds
371.450: [GC [PSYoungGen: 100870K->13810K(102400K)] 276924K->194139K(335360K), 0.0056020 secs] [Times: user=0.04 sys=0.00, real=0.01 secs] 
371.455: Total time for which application threads were stopped: 0.0057850 seconds, Stopping threads took: 0.0000980 seconds
371.489: Application time: 0.0339920 seconds
371.490: [GC [PSYoungGen: 101483K->13890K(102400K)] 281812K->197822K(335360K), 0.0054090 secs] [Times: user=0.04 sys=0.00, real=0.00 secs] 
371.495: Total time for which application threads were stopped: 0.0055840 seconds, Stopping threads took: 0.0000870 seconds
371.711: Application time: 0.2162850 seconds
371.711: [GC [PSYoungGen: 101579K->13890K(102400K)] 285511K->201384K(335360K), 0.0051880 secs] [Times: user=0.04 sys=0.00, real=0.01 secs] 
371.717: Total time for which application threads were stopped: 0.0053560 seconds, Stopping threads took: 0.0000710 seconds
371.846: Application time: 0.1294650 seconds
371.846: [GC [PSYoungGen: 101589K->13826K(102400K)] 289084K->206308K(335360K), 0.0057970 secs] [Times: user=0.04 sys=0.00, real=0.00 secs] 
371.852: Total time for which application threads were stopped: 0.0059900 seconds, Stopping threads took: 0.0001030 seconds
371.909: Application time: 0.0570340 seconds
371.909: [GC [PSYoungGen: 101517K->13921K(102400K)] 294000K->208542K(335360K), 0.0048820 secs] [Times: user=0.04 sys=0.00, real=0.00 secs] 
371.914: Total time for which application threads were stopped: 0.0050420 seconds, Stopping threads took: 0.0000740 seconds
372.056: Application time: 0.1421690 seconds
372.056: [GC [PSYoungGen: 101629K->13825K(102400K)] 296249K->212008K(335360K), 0.0053310 secs] [Times: user=0.03 sys=0.00, real=0.00 secs] 
372.062: Total time for which application threads were stopped: 0.0055080 seconds, Stopping threads took: 0.0000870 seconds
372.152: Application time: 0.0900430 seconds
372.152: [GC [PSYoungGen: 101509K->13985K(102400K)] 299692K->214306K(335360K), 0.0049080 secs] [Times: user=0.04 sys=0.00, real=0.01 secs] 
372.157: Total time for which application threads were stopped: 0.0050560 seconds, Stopping threads took: 0.0000600 seconds
372.218: Application time: 0.0607290 seconds
372.218: [GC [PSYoungGen: 101690K->13986K(102400K)] 302010K->217156K(335360K), 0.0051000 secs] [Times: user=0.03 sys=0.00, real=0.00 secs] 
372.223: Total time for which application threads were stopped: 0.0052670 seconds, Stopping threads took: 0.0000680 seconds
372.374: Application time: 0.1514650 seconds
372.374: [GC [PSYoungGen: 101690K->13985K(102400K)] 304860K->221439K(335360K), 0.0056020 secs] [Times: user=0.05 sys=0.00, real=0.01 secs] 
372.380: Total time for which application threads were stopped: 0.0057570 seconds, Stopping threads took: 0.0000690 seconds
372.450: Application time: 0.0699910 seconds
372.450: [GC [PSYoungGen: 101688K->13953K(102400K)] 309141K->223584K(335360K), 0.0050360 secs] [Times: user=0.04 sys=0.00, real=0.01 secs] 
372.455: Total time for which application threads were stopped: 0.0052060 seconds, Stopping threads took: 0.0000820 seconds
372.626: Application time: 0.1708620 seconds
372.626: [GC [PSYoungGen: 101643K->13985K(102400K)] 311274K->227891K(335360K), 0.0054470 secs] [Times: user=0.04 sys=0.00, real=0.00 secs] 
372.632: Total time for which application threads were stopped: 0.0056110 seconds, Stopping threads took: 0.0000810 seconds
372.991: Application time: 0.3591470 seconds
372.991: [GC [PSYoungGen: 101656K->14001K(102400K)] 315562K->230758K(335360K), 0.0050650 secs] [Times: user=0.04 sys=0.01, real=0.01 secs] 
372.996: Total time for which application threads were stopped: 0.0052210 seconds, Stopping threads took: 0.0000620 seconds
373.359: Application time: 0.3623580 seconds
373.359: [GC [PSYoungGen: 101693K->13954K(102400K)] 318449K->236450K(335360K), 0.0058450 secs] [Times: user=0.04 sys=0.00, real=0.01 secs] 
373.365: Total time for which application threads were stopped: 0.0060280 seconds, Stopping threads took: 0.0000980 seconds
373.688: Application time: 0.3230740 seconds
373.688: [GC [PSYoungGen: 101630K->13922K(102400K)] 324126K->241406K(335360K), 0.0056890 secs] [Times: user=0.04 sys=0.00, real=0.00 secs] 
373.694: [Full GC [PSYoungGen: 13922K->0K(102400K)] [ParOldGen: 227484K->29089K(232960K)] 241406K->29089K(335360K) [PSPermGen: 6125K->6125K(21504K)], 0.0109480 secs] [Times: user=0.06 sys=0.00, real=0.02 secs] 
373.705: Total time for which application threads were stopped: 0.0168700 seconds, Stopping threads took: 0.0000810 seconds
374.005: Application time: 0.3004330 seconds
374.005: [GC [PSYoungGen: 87677K->13698K(102400K)] 116767K->45638K(335360K), 0.0048740 secs] [Times: user=0.04 sys=0.00, real=0.00 secs] 
374.010: Total time for which application threads were stopped: 0.0050490 seconds, Stopping threads took: 0.0000860 seconds
374.287: Application time: 0.2767300 seconds
374.287: [GC [PSYoungGen: 101402K->13794K(102400K)] 133343K->51435K(335360K), 0.0056810 secs] [Times: user=0.04 sys=0.00, real=0.00 secs] 
374.293: Total time for which application threads were stopped: 0.0058580 seconds, Stopping threads took: 0.0000820 seconds
374.357: Application time: 0.0639900 seconds
374.357: [GC [PSYoungGen: 101499K->13826K(102400K)] 139140K->55742K(335360K), 0.0055000 secs] [Times: user=0.04 sys=0.00, real=0.00 secs] 
374.362: Total time for which application threads were stopped: 0.0056760 seconds, Stopping threads took: 0.0000860 seconds
374.476: Application time: 0.1133430 seconds
374.476: [GC [PSYoungGen: 101511K->13826K(102400K)] 143427K->58592K(335360K), 0.0049510 secs] [Times: user=0.04 sys=0.00, real=0.00 secs] 
374.481: Total time for which application threads were stopped: 0.0051020 seconds, Stopping threads took: 0.0000620 seconds
374.788: Application time: 0.3076430 seconds
374.789: [GC [PSYoungGen: 101497K->13826K(102400K)] 146263K->61443K(335360K), 0.0049280 secs] [Times: user=0.04 sys=0.00, real=0.00 secs] 
374.793: Total time for which application threads were stopped: 0.0051090 seconds, Stopping threads took: 0.0000870 seconds
375.084: Application time: 0.2900290 seconds
375.084: [GC [PSYoungGen: 101546K->13794K(102400K)] 149162K->67111K(335360K), 0.0057450 secs] [Times: user=0.04 sys=0.00, real=0.00 secs] 
375.089: Total time for which application threads were stopped: 0.0059410 seconds, Stopping threads took: 0.0001030 seconds
375.123: Application time: 0.0330970 seconds
375.123: [GC [PSYoungGen: 101498K->13858K(102400K)] 154815K->69313K(335360K), 0.0049080 secs] [Times: user=0.03 sys=0.00, real=0.01 secs] 
375.128: Total time for which application threads were stopped: 0.0050840 seconds, Stopping threads took: 0.0000890 seconds
375.150: Application time: 0.0223870 seconds
375.150: [GC [PSYoungGen: 101528K->13858K(102400K)] 156982K->69313K(335360K), 0.0043270 secs] [Times: user=0.03 sys=0.00, real=0.00 secs] 
375.155: Total time for which application threads were stopped: 0.0044880 seconds, Stopping threads took: 0.0000750 seconds
375.187: Application time: 0.0322540 seconds
375.187: [GC [PSYoungGen: 101552K->13842K(102400K)] 157007K->71434K(335360K), 0.0047870 secs] [Times: user=0.03 sys=0.00, real=0.00 secs] 
375.192: Total time for which application threads were stopped: 0.0049720 seconds, Stopping threads took: 0.0000990 seconds
375.255: Application time: 0.0631570 seconds
375.256: [GC [PSYoungGen: 101547K->13922K(102400K)] 159139K->72939K(335360K), 0.0047560 secs] [Times: user=0.03 sys=0.00, real=0.00 secs] 
375.260: Total time for which application threads were stopped: 0.0054880 seconds, Stopping threads took: 0.0006400 seconds
375.403: Application time: 0.1427450 seconds
375.403: [GC [PSYoungGen: 101613K->13890K(102400K)] 160631K->77182K(335360K), 0.0053720 secs] [Times: user=0.04 sys=0.00, real=0.00 secs] 
375.409: Total time for which application threads were stopped: 0.0055350 seconds, Stopping threads took: 0.0000680 seconds
375.555: Application time: 0.1467780 seconds
375.556: [GC [PSYoungGen: 101589K->13810K(102400K)] 164882K->81377K(335360K), 0.0055530 secs] [Times: user=0.04 sys=0.00, real=0.00 secs] 
375.561: Total time for which application threads were stopped: 0.0057200 seconds, Stopping threads took: 0.0000810 seconds
375.623: Application time: 0.0622490 seconds
375.624: [GC [PSYoungGen: 101501K->13922K(102400K)] 169069K->84339K(335360K), 0.0049820 secs] [Times: user=0.03 sys=0.00, real=0.00 secs] 
375.629: Total time for which application threads were stopped: 0.0051450 seconds, Stopping threads took: 0.0000760 seconds
375.876: Application time: 0.2471900 seconds
375.876: [GC [PSYoungGen: 101614K->13969K(102400K)] 172032K->87950K(335360K), 0.0053040 secs] [Times: user=0.04 sys=0.00, real=0.00 secs] 
375.881: Total time for which application threads were stopped: 0.0054850 seconds, Stopping threads took: 0.0000930 seconds
375.910: Application time: 0.0289030 seconds
375.911: [GC [PSYoungGen: 101682K->13938K(102400K)] 175663K->88631K(335360K), 0.0045860 secs] [Times: user=0.04 sys=0.00, real=0.00 secs] 
375.915: Total time for which application threads were stopped: 0.0050270 seconds, Stopping threads took: 0.0003370 seconds
375.940: Application time: 0.0249270 seconds
375.940: [GC [PSYoungGen: 101620K->13922K(102400K)] 176313K->91465K(335360K), 0.0131720 secs] [Times: user=0.09 sys=0.00, real=0.01 secs] 
375.953: Total time for which application threads were stopped: 0.0133400 seconds, Stopping threads took: 0.0000900 seconds
376.091: Application time: 0.1371050 seconds
376.091: [GC [PSYoungGen: 101611K->13985K(102400K)] 179154K->94386K(335360K), 0.0049260 secs] [Times: user=0.03 sys=0.00, real=0.01 secs] 
376.096: Total time for which application threads were stopped: 0.0050810 seconds, Stopping threads took: 0.0000670 seconds
376.150: Application time: 0.0542000 seconds
376.150: [GC [PSYoungGen: 101696K->13953K(102400K)] 182097K->97957K(335360K), 0.0054910 secs] [Times: user=0.04 sys=0.00, real=0.01 secs] 
376.156: Total time for which application threads were stopped: 0.0056770 seconds, Stopping threads took: 0.0000980 seconds
376.328: Application time: 0.1728200 seconds
376.328: [GC [PSYoungGen: 101652K->13985K(102400K)] 185655K->102977K(335360K), 0.0055350 secs] [Times: user=0.04 sys=0.00, real=0.00 secs] 
376.334: Total time for which application threads were stopped: 0.0056880 seconds, Stopping threads took: 0.0000700 seconds
376.690: Application time: 0.3555390 seconds
376.690: [GC [PSYoungGen: 101650K->13985K(102400K)] 190641K->106539K(335360K), 0.0051610 secs] [Times: user=0.04 sys=0.00, real=0.00 secs] 
376.695: Total time for which application threads were stopped: 0.0053130 seconds, Stopping threads took: 0.0000570 seconds
377.065: Application time: 0.3701980 seconds
377.065: [GC [PSYoungGen: 101667K->13954K(102400K)] 194221K->110823K(335360K), 0.0053650 secs] [Times: user=0.04 sys=0.00, real=0.00 secs] 
377.071: Total time for which application threads were stopped: 0.0055200 seconds, Stopping threads took: 0.0000690 seconds
377.387: Application time: 0.3159090 seconds
377.387: [GC [PSYoungGen: 101646K->13922K(102400K)] 198515K->115827K(335360K), 0.0055490 secs] [Times: user=0.04 sys=0.00, real=0.00 secs] 
377.392: Total time for which application threads were stopped: 0.0057160 seconds, Stopping threads took: 0.0000690 seconds
377.715: Application time: 0.3228650 seconds
377.715: [GC [PSYoungGen: 101590K->13906K(102400K)] 203495K->119374K(335360K), 0.0052100 secs] [Times: user=0.04 sys=0.00, real=0.00 secs] 
377.720: Total time for which application threads were stopped: 0.0053730 seconds, Stopping threads took: 0.0000760 seconds
377.986: Application time: 0.2653080 seconds
377.986: [GC [PSYoungGen: 101610K->13922K(102400K)] 207078K->125090K(335360K), 0.0058200 secs] [Times: user=0.04 sys=0.00, real=0.00 secs] 
377.992: Total time for which application threads were stopped: 0.0059990 seconds, Stopping threads took: 0.0000810 seconds
378.088: Application time: 0.0958700 seconds
378.088: [GC [PSYoungGen: 101639K->13938K(102400K)] 212807K->129422K(335360K), 0.0055850 secs] [Times: user=0.04 sys=0.00, real=0.00 secs] 
378.093: Total time for which application threads were stopped: 0.0057470 seconds, Stopping threads took: 0.0000780 seconds
378.191: Application time: 0.0975610 seconds
378.191: [GC [PSYoungGen: 101623K->13906K(102400K)] 217107K->132953K(335360K), 0.0052680 secs] [Times: user=0.04 sys=0.00, real=0.01 secs] 
378.196: Total time for which application threads were stopped: 0.0054490 seconds, Stopping threads took: 0.0000910 seconds
378.494: Application time: 0.2976350 seconds
378.494: [GC [PSYoungGen: 101578K->13890K(102400K)] 220624K->137252K(335360K), 0.0053930 secs] [Times: user=0.04 sys=0.00, real=0.01 secs] 
378.500: Total time for which application threads were stopped: 0.0055520 seconds, Stopping threads took: 0.0000610 seconds
378.796: Application time: 0.2968160 seconds
378.797: [GC [PSYoungGen: 101578K->13922K(102400K)] 224940K->140847K(335360K), 0.0052020 secs] [Times: user=0.04 sys=0.00, real=0.00 secs] 
378.802: Total time for which application threads were stopped: 0.0053650 seconds, Stopping threads took: 0.0000750 seconds
378.960: Application time: 0.1581730 seconds
378.960: [GC [PSYoungGen: 101623K->13826K(102400K)] 228548K->145082K(335360K), 0.0135210 secs] [Times: user=0.10 sys=0.00, real=0.01 secs] 
378.974: Total time for which application threads were stopped: 0.0136950 seconds, Stopping threads took: 0.0000940 seconds
379.002: Application time: 0.0283780 seconds
379.003: [GC [PSYoungGen: 101541K->13858K(102400K)] 232797K->146595K(335360K), 0.0047530 secs] [Times: user=0.03 sys=0.00, real=0.01 secs] 
379.009: Total time for which application threads were stopped: 0.0067900 seconds, Stopping threads took: 0.0005110 seconds
379.039: Application time: 0.0305920 seconds
379.040: [GC [PSYoungGen: 101537K->13890K(102400K)] 234275K->148765K(335360K), 0.0050310 secs] [Times: user=0.04 sys=0.00, real=0.01 secs] 
379.045: Total time for which application threads were stopped: 0.0052180 seconds, Stopping threads took: 0.0000980 seconds
379.084: Application time: 0.0396090 seconds
379.084: [GC [PSYoungGen: 101602K->13922K(102400K)] 236477K->150934K(335360K), 0.0051300 secs] [Times: user=0.04 sys=0.00, real=0.00 secs] 
379.090: Total time for which application threads were stopped: 0.0053190 seconds, Stopping threads took: 0.0001000 seconds
379.119: Application time: 0.0293040 seconds
379.119: [GC [PSYoungGen: 101599K->13906K(102400K)] 238611K->155242K(335360K), 0.0056060 secs] [Times: user=0.04 sys=0.00, real=0.01 secs] 
379.125: Total time for which application threads were stopped: 0.0058050 seconds, Stopping threads took: 0.0001090 seconds
379.304: Application time: 0.1790700 seconds
379.304: [GC [PSYoungGen: 101613K->13810K(102400K)] 242949K->160133K(335360K), 0.0057940 secs] [Times: user=0.04 sys=0.00, real=0.00 secs] 
379.310: Total time for which application threads were stopped: 0.0059870 seconds, Stopping threads took: 0.0001050 seconds
379.340: Application time: 0.0302870 seconds
379.340: [GC [PSYoungGen: 101487K->13922K(102400K)] 247810K->162383K(335360K), 0.0049620 secs] [Times: user=0.04 sys=0.00, real=0.01 secs] 
379.345: Total time for which application threads were stopped: 0.0051190 seconds, Stopping threads took: 0.0000700 seconds
379.655: Application time: 0.3102240 seconds
379.656: [GC [PSYoungGen: 101452K->14001K(102400K)] 249913K->163888K(335360K), 0.0047080 secs] [Times: user=0.03 sys=0.00, real=0.00 secs] 
379.660: Total time for which application threads were stopped: 0.0048700 seconds, Stopping threads took: 0.0000690 seconds
379.686: Application time: 0.0259760 seconds
379.686: [GC [PSYoungGen: 101876K->13985K(102400K)] 251762K->166009K(335360K), 0.0050120 secs] [Times: user=0.04 sys=0.00, real=0.00 secs] 
379.692: Total time for which application threads were stopped: 0.0052600 seconds, Stopping threads took: 0.0001620 seconds
379.713: Application time: 0.0210680 seconds
379.713: [GC [PSYoungGen: 101658K->13954K(102400K)] 253682K->167403K(335360K), 0.0048160 secs] [Times: user=0.04 sys=0.00, real=0.01 secs] 
379.718: Total time for which application threads were stopped: 0.0050540 seconds, Stopping threads took: 0.0001520 seconds
379.764: Application time: 0.0460040 seconds
379.764: [GC [PSYoungGen: 101679K->13969K(102400K)] 255127K->168131K(335360K), 0.0045910 secs] [Times: user=0.03 sys=0.00, real=0.00 secs] 
379.768: Total time for which application threads were stopped: 0.0047860 seconds, Stopping threads took: 0.0001110 seconds
379.804: Application time: 0.0359230 seconds
379.805: [GC [PSYoungGen: 101641K->13986K(102400K)] 255803K->171037K(335360K), 0.0051440 secs] [Times: user=0.04 sys=0.00, real=0.00 secs] 
379.810: Total time for which application threads were stopped: 0.0055040 seconds, Stopping threads took: 0.0002740 seconds
380.019: Application time: 0.2090880 seconds
380.019: [GC [PSYoungGen: 101696K->13921K(102400K)] 258747K->176673K(335360K), 0.0058030 secs] [Times: user=0.05 sys=0.00, real=0.01 secs] 
380.025: Total time for which application threads were stopped: 0.0059600 seconds, Stopping threads took: 0.0000740 seconds
380.390: Application time: 0.3646290 seconds
380.390: [GC [PSYoungGen: 101586K->13953K(102400K)] 264337K->181693K(335360K), 0.0056460 secs] [Times: user=0.05 sys=0.00, real=0.01 secs] 
380.395: Total time for which application threads were stopped: 0.0058090 seconds, Stopping threads took: 0.0000650 seconds
380.760: Application time: 0.3644540 seconds
380.760: [GC [PSYoungGen: 101635K->14001K(102400K)] 269375K->186728K(335360K), 0.0056710 secs] [Times: user=0.05 sys=0.00, real=0.01 secs] 
380.766: Total time for which application threads were stopped: 0.0058220 seconds, Stopping threads took: 0.0000610 seconds
381.104: Application time: 0.3388480 seconds
381.105: [GC [PSYoungGen: 101693K->13954K(102400K)] 274420K->191708K(335360K), 0.0056010 secs] [Times: user=0.04 sys=0.00, real=0.00 secs] 
381.110: Total time for which application threads were stopped: 0.0057680 seconds, Stopping threads took: 0.0000680 seconds
381.421: Application time: 0.3108420 seconds
381.421: [GC [PSYoungGen: 101621K->13922K(102400K)] 279376K->195279K(335360K), 0.0052760 secs] [Times: user=0.04 sys=0.00, real=0.01 secs] 
381.427: Total time for which application threads were stopped: 0.0054340 seconds, Stopping threads took: 0.0000730 seconds
381.704: Application time: 0.2774240 seconds
381.704: [GC [PSYoungGen: 101617K->13922K(102400K)] 282974K->199555K(335360K), 0.0054860 secs] [Times: user=0.05 sys=0.00, real=0.00 secs] 
381.710: Total time for which application threads were stopped: 0.0056680 seconds, Stopping threads took: 0.0000770 seconds
381.896: Application time: 0.1866770 seconds
381.896: [GC [PSYoungGen: 101639K->13890K(102400K)] 287272K->205272K(335360K), 0.0060190 secs] [Times: user=0.04 sys=0.00, real=0.00 secs] 
381.903: Total time for which application threads were stopped: 0.0062320 seconds, Stopping threads took: 0.0001210 seconds
381.932: Application time: 0.0296680 seconds
381.932: [GC [PSYoungGen: 101570K->13923K(102400K)] 292952K->207442K(335360K), 0.0050740 secs] [Times: user=0.04 sys=0.00, real=0.01 secs] 
381.937: Total time for which application threads were stopped: 0.0052530 seconds, Stopping threads took: 0.0000910 seconds
382.209: Application time: 0.2716830 seconds
382.209: [GC [PSYoungGen: 101602K->13810K(102400K)] 295121K->211645K(335360K), 0.0057110 secs] [Times: user=0.04 sys=0.00, real=0.00 secs] 
382.215: Total time for which application threads were stopped: 0.0058990 seconds, Stopping threads took: 0.0000770 seconds
382.495: Application time: 0.2794570 seconds
382.495: [GC [PSYoungGen: 101489K->13794K(102400K)] 299324K->215904K(335360K), 0.0055110 secs] [Times: user=0.04 sys=0.00, real=0.01 secs] 
382.500: Total time for which application threads were stopped: 0.0056760 seconds, Stopping threads took: 0.0000800 seconds
382.681: Application time: 0.1811910 seconds
382.682: [GC [PSYoungGen: 101502K->13842K(102400K)] 303612K->221024K(335360K), 0.0058330 secs] [Times: user=0.04 sys=0.00, real=0.01 secs] 
382.687: Total time for which application threads were stopped: 0.0060170 seconds, Stopping threads took: 0.0000950 seconds
382.718: Application time: 0.0304110 seconds
382.718: [GC [PSYoungGen: 101515K->13890K(102400K)] 308697K->222497K(335360K), 0.0048560 secs] [Times: user=0.03 sys=0.00, real=0.00 secs] 
382.723: Total time for which application threads were stopped: 0.0050440 seconds, Stopping threads took: 0.0000890 seconds
382.771: Application time: 0.0478760 seconds
382.771: [GC [PSYoungGen: 101628K->13954K(102400K)] 310235K->222561K(335360K), 0.0043850 secs] [Times: user=0.03 sys=0.01, real=0.01 secs] 
382.776: Total time for which application threads were stopped: 0.0048450 seconds, Stopping threads took: 0.0003690 seconds
382.798: Application time: 0.0225040 seconds
382.799: [GC [PSYoungGen: 101646K->13874K(102400K)] 310253K->226092K(335360K), 0.0052920 secs] [Times: user=0.03 sys=0.01, real=0.01 secs] 
382.804: Total time for which application threads were stopped: 0.0062750 seconds, Stopping threads took: 0.0008940 seconds
382.827: Application time: 0.0222490 seconds
382.827: [GC [PSYoungGen: 101549K->13858K(102400K)] 313767K->227501K(335360K), 0.0048730 secs] [Times: user=0.03 sys=0.00, real=0.00 secs] 
382.832: Total time for which application threads were stopped: 0.0050500 seconds, Stopping threads took: 0.0000900 seconds
382.962: Application time: 0.1301730 seconds
382.962: [GC [PSYoungGen: 101567K->13922K(102400K)] 315209K->231127K(335360K), 0.0054260 secs] [Times: user=0.05 sys=0.00, real=0.01 secs] 
382.968: Total time for which application threads were stopped: 0.0056730 seconds, Stopping threads took: 0.0001610 seconds
383.022: Application time: 0.0543130 seconds
383.022: [GC [PSYoungGen: 101611K->13938K(102400K)] 318817K->233281K(335360K), 0.0048590 secs] [Times: user=0.04 sys=0.00, real=0.01 secs] 
383.027: Total time for which application threads were stopped: 0.0050130 seconds, Stopping threads took: 0.0000670 seconds
383.364: Application time: 0.3376280 seconds
383.365: [GC [PSYoungGen: 101627K->13921K(102400K)] 320970K->235402K(335360K), 0.0049130 secs] [Times: user=0.04 sys=0.00, real=0.00 secs] 
383.370: Total time for which application threads were stopped: 0.0052080 seconds, Stopping threads took: 0.0002030 seconds
383.404: Application time: 0.0344320 seconds
383.404: [GC [PSYoungGen: 101594K->13953K(102400K)] 323074K->238284K(335360K), 0.0052590 secs] [Times: user=0.04 sys=0.00, real=0.00 secs] 
383.410: Total time for which application threads were stopped: 0.0054590 seconds, Stopping threads took: 0.0001020 seconds
383.500: Application time: 0.0908030 seconds
383.503: [GC [PSYoungGen: 101669K->13905K(102400K)] 326000K->241799K(335360K), 0.0055610 secs] [Times: user=0.03 sys=0.00, real=0.00 secs] 
383.509: [Full GC [PSYoungGen: 13905K->0K(102400K)] [ParOldGen: 227893K->26621K(232960K)] 241799K->26621K(335360K) [PSPermGen: 6126K->6126K(21504K)], 0.0102650 secs] [Times: user=0.05 sys=0.01, real=0.01 secs] 
383.519: Total time for which application threads were stopped: 0.0188210 seconds, Stopping threads took: 0.0028390 seconds
383.551: Application time: 0.0315100 seconds
383.551: [GC [PSYoungGen: 87738K->10816K(102400K)] 114359K->37437K(335360K), 0.0034410 secs] [Times: user=0.02 sys=0.00, real=0.00 secs] 
383.554: Total time for which application threads were stopped: 0.0036690 seconds, Stopping threads took: 0.0001420 seconds
383.841: Application time: 0.2864660 seconds
383.841: [GC [PSYoungGen: 98515K->13761K(102400K)] 125136K->43232K(335360K), 0.0048240 secs] [Times: user=0.03 sys=0.00, real=0.01 secs] 
383.846: Total time for which application threads were stopped: 0.0049810 seconds, Stopping threads took: 0.0000700 seconds
384.228: Application time: 0.3825710 seconds
384.229: [GC [PSYoungGen: 101432K->13793K(102400K)] 130903K->44690K(335360K), 0.0044050 secs] [Times: user=0.03 sys=0.00, real=0.00 secs] 
384.233: Total time for which application threads were stopped: 0.0045490 seconds, Stopping threads took: 0.0000480 seconds
384.595: Application time: 0.3615600 seconds
384.595: [GC [PSYoungGen: 101466K->13794K(102400K)] 132362K->47540K(335360K), 0.0048750 secs] [Times: user=0.04 sys=0.00, real=0.01 secs] 
384.600: Total time for which application threads were stopped: 0.0050210 seconds, Stopping threads took: 0.0000590 seconds
384.916: Application time: 0.3162050 seconds
384.916: [GC [PSYoungGen: 101503K->13794K(102400K)] 135249K->51815K(335360K), 0.0052520 secs] [Times: user=0.04 sys=0.00, real=0.00 secs] 
384.921: Total time for which application threads were stopped: 0.0054300 seconds, Stopping threads took: 0.0000790 seconds
385.215: Application time: 0.2937410 seconds
385.215: [GC [PSYoungGen: 101452K->13794K(102400K)] 139474K->52528K(335360K), 0.0041760 secs] [Times: user=0.03 sys=0.00, real=0.01 secs] 
385.219: Total time for which application threads were stopped: 0.0043320 seconds, Stopping threads took: 0.0000680 seconds
385.517: Application time: 0.2980630 seconds
385.517: [GC [PSYoungGen: 101481K->13762K(102400K)] 140215K->53922K(335360K), 0.0044990 secs] [Times: user=0.03 sys=0.00, real=0.00 secs] 
385.522: Total time for which application threads were stopped: 0.0046630 seconds, Stopping threads took: 0.0000610 seconds
385.770: Application time: 0.2481580 seconds
385.770: Total time for which application threads were stopped: 0.0000810 seconds, Stopping threads took: 0.0000550 seconds
385.818: Application time: 0.0479450 seconds
385.818: [GC [PSYoungGen: 101543K->12369K(102400K)] 141702K->52528K(335360K), 0.0037830 secs] [Times: user=0.03 sys=0.00, real=0.00 secs] 
385.822: Total time for which application threads were stopped: 0.0039420 seconds, Stopping threads took: 0.0000690 seconds
385.840: Application time: 0.0177130 seconds
385.840: Total time for which application threads were stopped: 0.0000670 seconds, Stopping threads took: 0.0000430 seconds
386.013: Application time: 0.1732250 seconds
386.013: Total time for which application threads were stopped: 0.0000630 seconds, Stopping threads took: 0.0000380 seconds
386.164: Application time: 0.1503730 seconds
386.164: Total time for which application threads were stopped: 0.0000710 seconds, Stopping threads took: 0.0000360 seconds
386.172: Application time: 0.0081420 seconds
386.172: [GC [PSYoungGen: 100189K->5243K(102400K)] 140348K->45403K(335360K), 0.0017470 secs] [Times: user=0.01 sys=0.00, real=0.00 secs] 
386.174: Total time for which application threads were stopped: 0.0018330 seconds, Stopping threads took: 0.0000150 seconds
386.707: Application time: 0.5335980 seconds
386.707: Total time for which application threads were stopped: 0.0000510 seconds, Stopping threads took: 0.0000080 seconds
386.707: Application time: 0.0000200 seconds
386.707: Total time for which application threads were stopped: 0.0000080 seconds, Stopping threads took: 0.0000040 seconds
386.957: Application time: 0.2496530 seconds
386.957: Total time for which application threads were stopped: 0.0000360 seconds, Stopping threads took: 0.0000080 seconds
Heap
 PSYoungGen      total 102400K, used 73802K [0x00000000f8e00000, 0x0000000100000000, 0x0000000100000000)
  eden space 88064K, 77% used [0x00000000f8e00000,0x00000000fd0f3990,0x00000000fe400000)
  from space 14336K, 36% used [0x00000000ff200000,0x00000000ff71ef88,0x0000000100000000)
  to   space 14336K, 0% used [0x00000000fe400000,0x00000000fe400000,0x00000000ff200000)
 ParOldGen       total 232960K, used 40159K [0x00000000eaa00000, 0x00000000f8d80000, 0x00000000f8e00000)
  object space 232960K, 17% used [0x00000000eaa00000,0x00000000ed137cb0,0x00000000f8d80000)
 PSPermGen       total 21504K, used 13500K [0x00000000e5800000, 0x00000000e6d00000, 0x00000000eaa00000)
  object space 21504K, 62% used [0x00000000e5800000,0x00000000e652f160,0x00000000e6d00000)
386.957: Application time: 0.0001820 seconds
